[2024-07-21T21:49:12.112+0800][0.018s][gc,init] Initializing The Z Garbage Collector
[2024-07-21T21:49:12.113+0800][0.018s][gc,init] Version: 17.0.2+8-86 (release)
[2024-07-21T21:49:12.113+0800][0.018s][gc,init] NUMA Support: Disabled
[2024-07-21T21:49:12.113+0800][0.018s][gc,init] CPUs: 8 total, 8 available
[2024-07-21T21:49:12.113+0800][0.018s][gc,init] Memory: 16281M
[2024-07-21T21:49:12.113+0800][0.018s][gc,init] Large Page Support: Disabled
[2024-07-21T21:49:12.113+0800][0.018s][gc,init] GC Workers: 2 (dynamic)
[2024-07-21T21:49:12.113+0800][0.019s][gc,init] Address Space Type: Contiguous/Unrestricted/Complete
[2024-07-21T21:49:12.114+0800][0.019s][gc,init] Address Space Size: 32768M x 3 = 98304M
[2024-07-21T21:49:12.114+0800][0.019s][gc,init] Min Capacity: 8M
[2024-07-21T21:49:12.114+0800][0.020s][gc,init] Initial Capacity: 256M
[2024-07-21T21:49:12.114+0800][0.020s][gc,init] Max Capacity: 2048M
[2024-07-21T21:49:12.114+0800][0.020s][gc,init] Medium Page Size: 32M
[2024-07-21T21:49:12.114+0800][0.020s][gc,init] Pre-touch: Disabled
[2024-07-21T21:49:12.115+0800][0.020s][gc,init] Uncommit: Enabled
[2024-07-21T21:49:12.115+0800][0.020s][gc,init] Uncommit Delay: 300s
[2024-07-21T21:49:12.127+0800][0.032s][gc,init] Runtime Workers: 5
[2024-07-21T21:49:12.128+0800][0.033s][gc     ] Using The Z Garbage Collector
[2024-07-21T21:49:12.128+0800][0.033s][gc,metaspace] CDS archive(s) mapped at: [0x0000000800000000-0x0000000800bc0000-0x0000000800bc0000), size 12320768, SharedBaseAddress: 0x0000000800000000, ArchiveRelocationMode: 0.
[2024-07-21T21:49:12.128+0800][0.034s][gc,metaspace] Compressed class space mapped at: 0x0000000800c00000-0x0000000840c00000, reserved size: 1073741824
[2024-07-21T21:49:12.128+0800][0.034s][gc,metaspace] Narrow klass base: 0x0000000800000000, Narrow klass shift: 0, Narrow klass range: 0x100000000
[2024-07-21T21:49:12.864+0800][0.769s][gc,start    ] GC(0) Garbage Collection (Warmup)
[2024-07-21T21:49:12.864+0800][0.770s][gc,task     ] GC(0) Using 2 workers
[2024-07-21T21:49:12.864+0800][0.770s][gc,phases   ] GC(0) Pause Mark Start 0.007ms
[2024-07-21T21:49:12.880+0800][0.785s][gc,phases   ] GC(0) Concurrent Mark 15.572ms
[2024-07-21T21:49:12.880+0800][0.786s][gc,phases   ] GC(0) Pause Mark End 0.022ms
[2024-07-21T21:49:12.880+0800][0.786s][gc,phases   ] GC(0) Concurrent Mark Free 0.001ms
[2024-07-21T21:49:12.880+0800][0.786s][gc,phases   ] GC(0) Concurrent Process Non-Strong References 0.588ms
[2024-07-21T21:49:12.881+0800][0.786s][gc,phases   ] GC(0) Concurrent Reset Relocation Set 0.001ms
[2024-07-21T21:49:12.892+0800][0.797s][gc,phases   ] GC(0) Concurrent Select Relocation Set 10.944ms
[2024-07-21T21:49:12.892+0800][0.798s][gc,phases   ] GC(0) Pause Relocate Start 0.014ms
[2024-07-21T21:49:12.895+0800][0.800s][gc,phases   ] GC(0) Concurrent Relocate 2.892ms
[2024-07-21T21:49:12.895+0800][0.801s][gc,load     ] GC(0) Load: 0.00/0.00/0.00
[2024-07-21T21:49:12.895+0800][0.801s][gc,mmu      ] GC(0) MMU: 2ms/98.9%, 5ms/99.6%, 10ms/99.8%, 20ms/99.8%, 50ms/99.9%, 100ms/100.0%
[2024-07-21T21:49:12.895+0800][0.801s][gc,marking  ] GC(0) Mark: 2 stripe(s), 2 proactive flush(es), 1 terminate flush(es), 0 completion(s), 0 continuation(s) 
[2024-07-21T21:49:12.895+0800][0.801s][gc,marking  ] GC(0) Mark Stack Usage: 32M
[2024-07-21T21:49:12.895+0800][0.801s][gc,nmethod  ] GC(0) NMethods: 321 registered, 0 unregistered
[2024-07-21T21:49:12.895+0800][0.801s][gc,metaspace] GC(0) Metaspace: 1M used, 1M committed, 1032M reserved
[2024-07-21T21:49:12.895+0800][0.801s][gc,ref      ] GC(0) Soft: 53 encountered, 0 discovered, 0 enqueued
[2024-07-21T21:49:12.895+0800][0.801s][gc,ref      ] GC(0) Weak: 153 encountered, 108 discovered, 36 enqueued
[2024-07-21T21:49:12.895+0800][0.801s][gc,ref      ] GC(0) Final: 0 encountered, 0 discovered, 0 enqueued
[2024-07-21T21:49:12.895+0800][0.801s][gc,ref      ] GC(0) Phantom: 217 encountered, 154 discovered, 33 enqueued
[2024-07-21T21:49:12.895+0800][0.801s][gc,reloc    ] GC(0) Small Pages: 6 / 12M, Empty: 0M, Relocated: 1M, In-Place: 0
[2024-07-21T21:49:12.895+0800][0.801s][gc,reloc    ] GC(0) Medium Pages: 7 / 224M, Empty: 160M, Relocated: 1M, In-Place: 0
[2024-07-21T21:49:12.895+0800][0.801s][gc,reloc    ] GC(0) Large Pages: 0 / 0M, Empty: 0M, Relocated: 0M, In-Place: 0
[2024-07-21T21:49:12.895+0800][0.801s][gc,reloc    ] GC(0) Forwarding Usage: 0M
[2024-07-21T21:49:12.895+0800][0.801s][gc,heap     ] GC(0) Min Capacity: 8M(0%)
[2024-07-21T21:49:12.895+0800][0.801s][gc,heap     ] GC(0) Max Capacity: 2048M(100%)
[2024-07-21T21:49:12.895+0800][0.801s][gc,heap     ] GC(0) Soft Max Capacity: 2048M(100%)
[2024-07-21T21:49:12.895+0800][0.801s][gc,heap     ] GC(0)                Mark Start          Mark End        Relocate Start      Relocate End           High               Low         
[2024-07-21T21:49:12.895+0800][0.801s][gc,heap     ] GC(0)  Capacity:      256M (12%)         288M (14%)         288M (14%)         288M (14%)         288M (14%)         256M (12%)    
[2024-07-21T21:49:12.895+0800][0.801s][gc,heap     ] GC(0)      Free:     1812M (88%)        1778M (87%)        1938M (95%)        1976M (96%)        1976M (96%)        1778M (87%)    
[2024-07-21T21:49:12.895+0800][0.801s][gc,heap     ] GC(0)      Used:      236M (12%)         270M (13%)         110M (5%)           72M (4%)          270M (13%)          72M (4%)     
[2024-07-21T21:49:12.895+0800][0.801s][gc,heap     ] GC(0)      Live:         -                 5M (0%)            5M (0%)            5M (0%)             -                  -          
[2024-07-21T21:49:12.895+0800][0.801s][gc,heap     ] GC(0) Allocated:         -                34M (2%)           34M (2%)           34M (2%)             -                  -          
[2024-07-21T21:49:12.896+0800][0.801s][gc,heap     ] GC(0)   Garbage:         -               230M (11%)          70M (3%)           32M (2%)             -                  -          
[2024-07-21T21:49:12.896+0800][0.801s][gc,heap     ] GC(0) Reclaimed:         -                  -               160M (8%)          198M (10%)            -                  -          
[2024-07-21T21:49:12.896+0800][0.801s][gc          ] GC(0) Garbage Collection (Warmup) 236M(12%)->72M(4%)
[2024-07-21T21:49:13.667+0800][1.572s][gc,start    ] GC(1) Garbage Collection (Warmup)
[2024-07-21T21:49:13.667+0800][1.572s][gc,task     ] GC(1) Using 2 workers
[2024-07-21T21:49:13.667+0800][1.572s][gc,phases   ] GC(1) Pause Mark Start 0.009ms
[2024-07-21T21:49:13.683+0800][1.588s][gc,phases   ] GC(1) Concurrent Mark 15.716ms
[2024-07-21T21:49:13.699+0800][1.604s][gc,phases   ] GC(1) Pause Mark End 0.011ms
[2024-07-21T21:49:13.699+0800][1.604s][gc,phases   ] GC(1) Concurrent Mark Free 0.001ms
[2024-07-21T21:49:13.700+0800][1.605s][gc,phases   ] GC(1) Concurrent Process Non-Strong References 0.709ms
[2024-07-21T21:49:13.700+0800][1.605s][gc,phases   ] GC(1) Concurrent Reset Relocation Set 0.001ms
[2024-07-21T21:49:13.702+0800][1.607s][gc,phases   ] GC(1) Concurrent Select Relocation Set 2.187ms
[2024-07-21T21:49:13.702+0800][1.607s][gc,phases   ] GC(1) Pause Relocate Start 0.007ms
[2024-07-21T21:49:13.708+0800][1.613s][gc,phases   ] GC(1) Concurrent Relocate 5.805ms
[2024-07-21T21:49:13.708+0800][1.613s][gc,load     ] GC(1) Load: 0.00/0.00/0.00
[2024-07-21T21:49:13.708+0800][1.613s][gc,mmu      ] GC(1) MMU: 2ms/98.9%, 5ms/99.6%, 10ms/99.8%, 20ms/99.8%, 50ms/99.9%, 100ms/100.0%
[2024-07-21T21:49:13.708+0800][1.613s][gc,marking  ] GC(1) Mark: 2 stripe(s), 1 proactive flush(es), 1 terminate flush(es), 0 completion(s), 0 continuation(s) 
[2024-07-21T21:49:13.708+0800][1.613s][gc,marking  ] GC(1) Mark Stack Usage: 32M
[2024-07-21T21:49:13.708+0800][1.614s][gc,nmethod  ] GC(1) NMethods: 372 registered, 0 unregistered
[2024-07-21T21:49:13.708+0800][1.614s][gc,metaspace] GC(1) Metaspace: 1M used, 1M committed, 1032M reserved
[2024-07-21T21:49:13.708+0800][1.614s][gc,ref      ] GC(1) Soft: 93 encountered, 0 discovered, 0 enqueued
[2024-07-21T21:49:13.708+0800][1.614s][gc,ref      ] GC(1) Weak: 136 encountered, 77 discovered, 5 enqueued
[2024-07-21T21:49:13.708+0800][1.614s][gc,ref      ] GC(1) Final: 0 encountered, 0 discovered, 0 enqueued
[2024-07-21T21:49:13.709+0800][1.614s][gc,ref      ] GC(1) Phantom: 189 encountered, 183 discovered, 5 enqueued
[2024-07-21T21:49:13.709+0800][1.614s][gc,reloc    ] GC(1) Small Pages: 6 / 12M, Empty: 0M, Relocated: 1M, In-Place: 0
[2024-07-21T21:49:13.709+0800][1.614s][gc,reloc    ] GC(1) Medium Pages: 13 / 416M, Empty: 352M, Relocated: 10M, In-Place: 0
[2024-07-21T21:49:13.709+0800][1.614s][gc,reloc    ] GC(1) Large Pages: 0 / 0M, Empty: 0M, Relocated: 0M, In-Place: 0
[2024-07-21T21:49:13.709+0800][1.614s][gc,reloc    ] GC(1) Forwarding Usage: 0M
[2024-07-21T21:49:13.709+0800][1.614s][gc,heap     ] GC(1) Min Capacity: 8M(0%)
[2024-07-21T21:49:13.709+0800][1.614s][gc,heap     ] GC(1) Max Capacity: 2048M(100%)
[2024-07-21T21:49:13.709+0800][1.614s][gc,heap     ] GC(1) Soft Max Capacity: 2048M(100%)
[2024-07-21T21:49:13.709+0800][1.614s][gc,heap     ] GC(1)                Mark Start          Mark End        Relocate Start      Relocate End           High               Low         
[2024-07-21T21:49:13.709+0800][1.614s][gc,heap     ] GC(1)  Capacity:      448M (22%)         480M (23%)         480M (23%)         480M (23%)         480M (23%)         448M (22%)    
[2024-07-21T21:49:13.709+0800][1.614s][gc,heap     ] GC(1)      Free:     1620M (79%)        1588M (78%)        1940M (95%)        1976M (96%)        1976M (96%)        1588M (78%)    
[2024-07-21T21:49:13.709+0800][1.614s][gc,heap     ] GC(1)      Used:      428M (21%)         460M (22%)         108M (5%)           72M (4%)          460M (22%)          72M (4%)     
[2024-07-21T21:49:13.709+0800][1.614s][gc,heap     ] GC(1)      Live:         -                14M (1%)           14M (1%)           14M (1%)             -                  -          
[2024-07-21T21:49:13.709+0800][1.614s][gc,heap     ] GC(1) Allocated:         -                32M (2%)           32M (2%)           33M (2%)             -                  -          
[2024-07-21T21:49:13.709+0800][1.614s][gc,heap     ] GC(1)   Garbage:         -               413M (20%)          61M (3%)           23M (1%)             -                  -          
[2024-07-21T21:49:13.709+0800][1.614s][gc,heap     ] GC(1) Reclaimed:         -                  -               352M (17%)         389M (19%)            -                  -          
[2024-07-21T21:49:13.709+0800][1.614s][gc          ] GC(1) Garbage Collection (Warmup) 428M(21%)->72M(4%)
[2024-07-21T21:49:14.663+0800][2.568s][gc,start    ] GC(2) Garbage Collection (Warmup)
[2024-07-21T21:49:14.663+0800][2.568s][gc,task     ] GC(2) Using 2 workers
[2024-07-21T21:49:14.663+0800][2.568s][gc,phases   ] GC(2) Pause Mark Start 0.006ms
[2024-07-21T21:49:14.679+0800][2.584s][gc,phases   ] GC(2) Concurrent Mark 15.922ms
[2024-07-21T21:49:14.695+0800][2.600s][gc,phases   ] GC(2) Pause Mark End 0.015ms
[2024-07-21T21:49:14.695+0800][2.600s][gc,phases   ] GC(2) Concurrent Mark Free 0.001ms
[2024-07-21T21:49:14.696+0800][2.601s][gc,phases   ] GC(2) Concurrent Process Non-Strong References 0.896ms
[2024-07-21T21:49:14.696+0800][2.601s][gc,phases   ] GC(2) Concurrent Reset Relocation Set 0.001ms
[2024-07-21T21:49:14.698+0800][2.603s][gc,phases   ] GC(2) Concurrent Select Relocation Set 2.071ms
[2024-07-21T21:49:14.698+0800][2.603s][gc,phases   ] GC(2) Pause Relocate Start 0.011ms
[2024-07-21T21:49:14.700+0800][2.605s][gc,phases   ] GC(2) Concurrent Relocate 1.576ms
[2024-07-21T21:49:14.700+0800][2.605s][gc,load     ] GC(2) Load: 0.00/0.00/0.00
[2024-07-21T21:49:14.700+0800][2.605s][gc,mmu      ] GC(2) MMU: 2ms/98.9%, 5ms/99.5%, 10ms/99.7%, 20ms/99.8%, 50ms/99.9%, 100ms/100.0%
[2024-07-21T21:49:14.700+0800][2.605s][gc,marking  ] GC(2) Mark: 2 stripe(s), 1 proactive flush(es), 1 terminate flush(es), 0 completion(s), 0 continuation(s) 
[2024-07-21T21:49:14.700+0800][2.605s][gc,marking  ] GC(2) Mark Stack Usage: 32M
[2024-07-21T21:49:14.700+0800][2.605s][gc,nmethod  ] GC(2) NMethods: 379 registered, 0 unregistered
[2024-07-21T21:49:14.700+0800][2.605s][gc,metaspace] GC(2) Metaspace: 1M used, 1M committed, 1032M reserved
[2024-07-21T21:49:14.700+0800][2.605s][gc,ref      ] GC(2) Soft: 93 encountered, 0 discovered, 0 enqueued
[2024-07-21T21:49:14.700+0800][2.605s][gc,ref      ] GC(2) Weak: 131 encountered, 13 discovered, 0 enqueued
[2024-07-21T21:49:14.700+0800][2.605s][gc,ref      ] GC(2) Final: 0 encountered, 0 discovered, 0 enqueued
[2024-07-21T21:49:14.700+0800][2.605s][gc,ref      ] GC(2) Phantom: 184 encountered, 180 discovered, 0 enqueued
[2024-07-21T21:49:14.700+0800][2.605s][gc,reloc    ] GC(2) Small Pages: 4 / 8M, Empty: 0M, Relocated: 1M, In-Place: 0
[2024-07-21T21:49:14.700+0800][2.605s][gc,reloc    ] GC(2) Medium Pages: 19 / 608M, Empty: 576M, Relocated: 0M, In-Place: 0
[2024-07-21T21:49:14.700+0800][2.605s][gc,reloc    ] GC(2) Large Pages: 0 / 0M, Empty: 0M, Relocated: 0M, In-Place: 0
[2024-07-21T21:49:14.700+0800][2.605s][gc,reloc    ] GC(2) Forwarding Usage: 0M
[2024-07-21T21:49:14.700+0800][2.605s][gc,heap     ] GC(2) Min Capacity: 8M(0%)
[2024-07-21T21:49:14.700+0800][2.605s][gc,heap     ] GC(2) Max Capacity: 2048M(100%)
[2024-07-21T21:49:14.700+0800][2.605s][gc,heap     ] GC(2) Soft Max Capacity: 2048M(100%)
[2024-07-21T21:49:14.700+0800][2.605s][gc,heap     ] GC(2)                Mark Start          Mark End        Relocate Start      Relocate End           High               Low         
[2024-07-21T21:49:14.700+0800][2.605s][gc,heap     ] GC(2)  Capacity:      640M (31%)         672M (33%)         672M (33%)         672M (33%)         672M (33%)         640M (31%)    
[2024-07-21T21:49:14.700+0800][2.605s][gc,heap     ] GC(2)      Free:     1432M (70%)        1400M (68%)        1976M (96%)        1974M (96%)        1976M (96%)        1400M (68%)    
[2024-07-21T21:49:14.700+0800][2.605s][gc,heap     ] GC(2)      Used:      616M (30%)         648M (32%)          72M (4%)           74M (4%)          648M (32%)          72M (4%)     
[2024-07-21T21:49:14.700+0800][2.605s][gc,heap     ] GC(2)      Live:         -                 4M (0%)            4M (0%)            4M (0%)             -                  -          
[2024-07-21T21:49:14.700+0800][2.605s][gc,heap     ] GC(2) Allocated:         -                32M (2%)           32M (2%)           33M (2%)             -                  -          
[2024-07-21T21:49:14.700+0800][2.606s][gc,heap     ] GC(2)   Garbage:         -               611M (30%)          35M (2%)           35M (2%)             -                  -          
[2024-07-21T21:49:14.700+0800][2.606s][gc,heap     ] GC(2) Reclaimed:         -                  -               576M (28%)         575M (28%)            -                  -          
[2024-07-21T21:49:14.700+0800][2.606s][gc          ] GC(2) Garbage Collection (Warmup) 616M(30%)->74M(4%)
[2024-07-21T21:49:17.159+0800][5.064s][gc,start    ] GC(3) Garbage Collection (Proactive)
[2024-07-21T21:49:17.159+0800][5.065s][gc,task     ] GC(3) Using 2 workers
[2024-07-21T21:49:17.159+0800][5.065s][gc,phases   ] GC(3) Pause Mark Start 0.013ms
[2024-07-21T21:49:17.175+0800][5.080s][gc,phases   ] GC(3) Concurrent Mark 15.318ms
[2024-07-21T21:49:17.175+0800][5.080s][gc,phases   ] GC(3) Pause Mark End 0.012ms
[2024-07-21T21:49:17.175+0800][5.081s][gc,phases   ] GC(3) Concurrent Mark Free 0.001ms
[2024-07-21T21:49:17.176+0800][5.082s][gc,phases   ] GC(3) Concurrent Process Non-Strong References 0.954ms
[2024-07-21T21:49:17.176+0800][5.082s][gc,phases   ] GC(3) Concurrent Reset Relocation Set 0.001ms
[2024-07-21T21:49:17.178+0800][5.084s][gc,phases   ] GC(3) Concurrent Select Relocation Set 2.009ms
[2024-07-21T21:49:17.178+0800][5.084s][gc,phases   ] GC(3) Pause Relocate Start 0.007ms
[2024-07-21T21:49:17.181+0800][5.086s][gc,phases   ] GC(3) Concurrent Relocate 2.411ms
[2024-07-21T21:49:17.181+0800][5.086s][gc,load     ] GC(3) Load: 0.00/0.00/0.00
[2024-07-21T21:49:17.181+0800][5.086s][gc,mmu      ] GC(3) MMU: 2ms/98.9%, 5ms/99.5%, 10ms/99.7%, 20ms/99.8%, 50ms/99.9%, 100ms/100.0%
[2024-07-21T21:49:17.181+0800][5.086s][gc,marking  ] GC(3) Mark: 2 stripe(s), 1 proactive flush(es), 1 terminate flush(es), 0 completion(s), 0 continuation(s) 
[2024-07-21T21:49:17.181+0800][5.087s][gc,marking  ] GC(3) Mark Stack Usage: 32M
[2024-07-21T21:49:17.181+0800][5.087s][gc,nmethod  ] GC(3) NMethods: 414 registered, 0 unregistered
[2024-07-21T21:49:17.181+0800][5.087s][gc,metaspace] GC(3) Metaspace: 1M used, 1M committed, 1032M reserved
[2024-07-21T21:49:17.181+0800][5.087s][gc,ref      ] GC(3) Soft: 93 encountered, 0 discovered, 0 enqueued
[2024-07-21T21:49:17.181+0800][5.087s][gc,ref      ] GC(3) Weak: 131 encountered, 1 discovered, 0 enqueued
[2024-07-21T21:49:17.181+0800][5.087s][gc,ref      ] GC(3) Final: 0 encountered, 0 discovered, 0 enqueued
[2024-07-21T21:49:17.181+0800][5.087s][gc,ref      ] GC(3) Phantom: 184 encountered, 180 discovered, 0 enqueued
[2024-07-21T21:49:17.181+0800][5.087s][gc,reloc    ] GC(3) Small Pages: 6 / 12M, Empty: 0M, Relocated: 1M, In-Place: 0
[2024-07-21T21:49:17.181+0800][5.087s][gc,reloc    ] GC(3) Medium Pages: 40 / 1280M, Empty: 1216M, Relocated: 10M, In-Place: 0
[2024-07-21T21:49:17.181+0800][5.087s][gc,reloc    ] GC(3) Large Pages: 0 / 0M, Empty: 0M, Relocated: 0M, In-Place: 0
[2024-07-21T21:49:17.181+0800][5.087s][gc,reloc    ] GC(3) Forwarding Usage: 0M
[2024-07-21T21:49:17.181+0800][5.087s][gc,heap     ] GC(3) Min Capacity: 8M(0%)
[2024-07-21T21:49:17.181+0800][5.087s][gc,heap     ] GC(3) Max Capacity: 2048M(100%)
[2024-07-21T21:49:17.181+0800][5.087s][gc,heap     ] GC(3) Soft Max Capacity: 2048M(100%)
[2024-07-21T21:49:17.181+0800][5.087s][gc,heap     ] GC(3)                Mark Start          Mark End        Relocate Start      Relocate End           High               Low         
[2024-07-21T21:49:17.181+0800][5.087s][gc,heap     ] GC(3)  Capacity:     1312M (64%)        1344M (66%)        1344M (66%)        1344M (66%)        1344M (66%)        1312M (64%)    
[2024-07-21T21:49:17.181+0800][5.087s][gc,heap     ] GC(3)      Free:      756M (37%)         722M (35%)        1938M (95%)        1976M (96%)        1976M (96%)         722M (35%)    
[2024-07-21T21:49:17.181+0800][5.087s][gc,heap     ] GC(3)      Used:     1292M (63%)        1326M (65%)         110M (5%)           72M (4%)         1326M (65%)          72M (4%)     
[2024-07-21T21:49:17.181+0800][5.087s][gc,heap     ] GC(3)      Live:         -                14M (1%)           14M (1%)           14M (1%)             -                  -          
[2024-07-21T21:49:17.181+0800][5.087s][gc,heap     ] GC(3) Allocated:         -                34M (2%)           34M (2%)           34M (2%)             -                  -          
[2024-07-21T21:49:17.181+0800][5.087s][gc,heap     ] GC(3)   Garbage:         -              1277M (62%)          61M (3%)           23M (1%)             -                  -          
[2024-07-21T21:49:17.181+0800][5.087s][gc,heap     ] GC(3) Reclaimed:         -                  -              1216M (59%)        1254M (61%)            -                  -          
[2024-07-21T21:49:17.181+0800][5.087s][gc          ] GC(3) Garbage Collection (Proactive) 1292M(63%)->72M(4%)
[2024-07-21T21:49:19.871+0800][7.776s][gc,start    ] GC(4) Garbage Collection (Proactive)
[2024-07-21T21:49:19.871+0800][7.776s][gc,task     ] GC(4) Using 2 workers
[2024-07-21T21:49:19.871+0800][7.776s][gc,phases   ] GC(4) Pause Mark Start 0.011ms
[2024-07-21T21:49:19.887+0800][7.792s][gc,phases   ] GC(4) Concurrent Mark 15.647ms
[2024-07-21T21:49:19.903+0800][7.808s][gc,phases   ] GC(4) Pause Mark End 0.022ms
[2024-07-21T21:49:19.903+0800][7.808s][gc,phases   ] GC(4) Concurrent Mark Free 0.001ms
[2024-07-21T21:49:19.903+0800][7.809s][gc,phases   ] GC(4) Concurrent Process Non-Strong References 0.633ms
[2024-07-21T21:49:19.904+0800][7.809s][gc,phases   ] GC(4) Concurrent Reset Relocation Set 0.001ms
[2024-07-21T21:49:19.907+0800][7.813s][gc,phases   ] GC(4) Concurrent Select Relocation Set 3.828ms
[2024-07-21T21:49:19.908+0800][7.813s][gc,phases   ] GC(4) Pause Relocate Start 0.015ms
[2024-07-21T21:49:19.910+0800][7.816s][gc,phases   ] GC(4) Concurrent Relocate 2.633ms
[2024-07-21T21:49:19.910+0800][7.816s][gc,load     ] GC(4) Load: 0.00/0.00/0.00
[2024-07-21T21:49:19.911+0800][7.816s][gc,mmu      ] GC(4) MMU: 2ms/98.9%, 5ms/99.4%, 10ms/99.6%, 20ms/99.8%, 50ms/99.9%, 100ms/100.0%
[2024-07-21T21:49:19.911+0800][7.816s][gc,marking  ] GC(4) Mark: 2 stripe(s), 1 proactive flush(es), 1 terminate flush(es), 0 completion(s), 0 continuation(s) 
[2024-07-21T21:49:19.911+0800][7.816s][gc,marking  ] GC(4) Mark Stack Usage: 32M
[2024-07-21T21:49:19.911+0800][7.816s][gc,nmethod  ] GC(4) NMethods: 434 registered, 0 unregistered
[2024-07-21T21:49:19.911+0800][7.816s][gc,metaspace] GC(4) Metaspace: 1M used, 1M committed, 1032M reserved
[2024-07-21T21:49:19.911+0800][7.816s][gc,ref      ] GC(4) Soft: 93 encountered, 0 discovered, 0 enqueued
[2024-07-21T21:49:19.911+0800][7.816s][gc,ref      ] GC(4) Weak: 131 encountered, 1 discovered, 0 enqueued
[2024-07-21T21:49:19.911+0800][7.816s][gc,ref      ] GC(4) Final: 0 encountered, 0 discovered, 0 enqueued
[2024-07-21T21:49:19.911+0800][7.816s][gc,ref      ] GC(4) Phantom: 184 encountered, 165 discovered, 0 enqueued
[2024-07-21T21:49:19.911+0800][7.816s][gc,reloc    ] GC(4) Small Pages: 4 / 8M, Empty: 0M, Relocated: 1M, In-Place: 0
[2024-07-21T21:49:19.911+0800][7.816s][gc,reloc    ] GC(4) Medium Pages: 51 / 1632M, Empty: 1536M, Relocated: 10M, In-Place: 0
[2024-07-21T21:49:19.911+0800][7.816s][gc,reloc    ] GC(4) Large Pages: 0 / 0M, Empty: 0M, Relocated: 0M, In-Place: 0
[2024-07-21T21:49:19.911+0800][7.816s][gc,reloc    ] GC(4) Forwarding Usage: 0M
[2024-07-21T21:49:19.911+0800][7.816s][gc,heap     ] GC(4) Min Capacity: 8M(0%)
[2024-07-21T21:49:19.911+0800][7.816s][gc,heap     ] GC(4) Max Capacity: 2048M(100%)
[2024-07-21T21:49:19.911+0800][7.816s][gc,heap     ] GC(4) Soft Max Capacity: 2048M(100%)
[2024-07-21T21:49:19.911+0800][7.816s][gc,heap     ] GC(4)                Mark Start          Mark End        Relocate Start      Relocate End           High               Low         
[2024-07-21T21:49:19.911+0800][7.816s][gc,heap     ] GC(4)  Capacity:     1664M (81%)        1696M (83%)        1696M (83%)        1696M (83%)        1696M (83%)        1664M (81%)    
[2024-07-21T21:49:19.911+0800][7.816s][gc,heap     ] GC(4)      Free:      408M (20%)         376M (18%)        1912M (93%)        1976M (96%)        1976M (96%)         376M (18%)    
[2024-07-21T21:49:19.911+0800][7.816s][gc,heap     ] GC(4)      Used:     1640M (80%)        1672M (82%)         136M (7%)           72M (4%)         1672M (82%)          72M (4%)     
[2024-07-21T21:49:19.911+0800][7.816s][gc,heap     ] GC(4)      Live:         -                14M (1%)           14M (1%)           14M (1%)             -                  -          
[2024-07-21T21:49:19.911+0800][7.816s][gc,heap     ] GC(4) Allocated:         -                32M (2%)           32M (2%)           33M (2%)             -                  -          
[2024-07-21T21:49:19.911+0800][7.816s][gc,heap     ] GC(4)   Garbage:         -              1625M (79%)          89M (4%)           23M (1%)             -                  -          
[2024-07-21T21:49:19.911+0800][7.816s][gc,heap     ] GC(4) Reclaimed:         -                  -              1536M (75%)        1601M (78%)            -                  -          
[2024-07-21T21:49:19.911+0800][7.816s][gc          ] GC(4) Garbage Collection (Proactive) 1640M(80%)->72M(4%)
[2024-07-21T21:49:22.167+0800][10.072s][gc,stats    ] === Garbage Collection Statistics =======================================================================================================================
[2024-07-21T21:49:22.167+0800][10.072s][gc,stats    ]                                                              Last 10s              Last 10m              Last 10h                Total
[2024-07-21T21:49:22.167+0800][10.072s][gc,stats    ]                                                              Avg / Max             Avg / Max             Avg / Max             Avg / Max
[2024-07-21T21:49:22.167+0800][10.072s][gc,stats    ]   Collector: Garbage Collection Cycle                     34.425 / 41.724       34.425 / 41.724       34.425 / 41.724       34.425 / 41.724      ms
[2024-07-21T21:49:22.167+0800][10.072s][gc,stats    ]  Contention: Mark Segment Reset Contention                     0 / 1                 0 / 1                 0 / 1                 0 / 1           ops/s
[2024-07-21T21:49:22.167+0800][10.072s][gc,stats    ]  Contention: Mark SeqNum Reset Contention                      0 / 0                 0 / 0                 0 / 0                 0 / 0           ops/s
[2024-07-21T21:49:22.167+0800][10.072s][gc,stats    ]    Critical: Allocation Stall                                  0 / 0                 0 / 0                 0 / 0                 0 / 0           ops/s
[2024-07-21T21:49:22.167+0800][10.072s][gc,stats    ]    Critical: Allocation Stall                              0.000 / 0.000         0.000 / 0.000         0.000 / 0.000         0.000 / 0.000       ms
[2024-07-21T21:49:22.167+0800][10.072s][gc,stats    ]    Critical: GC Locker Stall                                   0 / 0                 0 / 0                 0 / 0                 0 / 0           ops/s
[2024-07-21T21:49:22.167+0800][10.072s][gc,stats    ]    Critical: GC Locker Stall                               0.000 / 0.000         0.000 / 0.000         0.000 / 0.000         0.000 / 0.000       ms
[2024-07-21T21:49:22.167+0800][10.072s][gc,stats    ]    Critical: Relocation Stall                                  0 / 0                 0 / 0                 0 / 0                 0 / 0           ops/s
[2024-07-21T21:49:22.167+0800][10.073s][gc,stats    ]    Critical: Relocation Stall                              0.000 / 0.000         0.000 / 0.000         0.000 / 0.000         0.000 / 0.000       ms
[2024-07-21T21:49:22.167+0800][10.073s][gc,stats    ]      Memory: Allocation Rate                                 552 / 672             552 / 672             552 / 672             552 / 672         MB/s
[2024-07-21T21:49:22.167+0800][10.073s][gc,stats    ]      Memory: Out Of Memory                                     0 / 0                 0 / 0                 0 / 0                 0 / 0           ops/s
[2024-07-21T21:49:22.167+0800][10.073s][gc,stats    ]      Memory: Page Cache Flush                                  0 / 0                 0 / 0                 0 / 0                 0 / 0           MB/s
[2024-07-21T21:49:22.167+0800][10.073s][gc,stats    ]      Memory: Page Cache Hit L1                                13 / 22               13 / 22               13 / 22               13 / 22          ops/s
[2024-07-21T21:49:22.167+0800][10.073s][gc,stats    ]      Memory: Page Cache Hit L2                                 0 / 0                 0 / 0                 0 / 0                 0 / 0           ops/s
[2024-07-21T21:49:22.167+0800][10.073s][gc,stats    ]      Memory: Page Cache Hit L3                                 1 / 15                1 / 15                1 / 15                1 / 15          ops/s
[2024-07-21T21:49:22.167+0800][10.073s][gc,stats    ]      Memory: Page Cache Miss                                   4 / 13                4 / 13                4 / 13                4 / 13          ops/s
[2024-07-21T21:49:22.168+0800][10.073s][gc,stats    ]      Memory: Uncommit                                          0 / 0                 0 / 0                 0 / 0                 0 / 0           MB/s
[2024-07-21T21:49:22.168+0800][10.073s][gc,stats    ]      Memory: Undo Object Allocation Failed                     0 / 0                 0 / 0                 0 / 0                 0 / 0           ops/s
[2024-07-21T21:49:22.168+0800][10.073s][gc,stats    ]      Memory: Undo Object Allocation Succeeded                  0 / 0                 0 / 0                 0 / 0                 0 / 0           ops/s
[2024-07-21T21:49:22.168+0800][10.073s][gc,stats    ]      Memory: Undo Page Allocation                              0 / 0                 0 / 0                 0 / 0                 0 / 0           ops/s
[2024-07-21T21:49:22.168+0800][10.073s][gc,stats    ]       Phase: Concurrent Mark                              15.635 / 15.922       15.635 / 15.922       15.635 / 15.922       15.635 / 15.922      ms
[2024-07-21T21:49:22.168+0800][10.073s][gc,stats    ]       Phase: Concurrent Mark Continue                      0.000 / 0.000         0.000 / 0.000         0.000 / 0.000         0.000 / 0.000       ms
[2024-07-21T21:49:22.168+0800][10.073s][gc,stats    ]       Phase: Concurrent Mark Free                          0.001 / 0.001         0.001 / 0.001         0.001 / 0.001         0.001 / 0.001       ms
[2024-07-21T21:49:22.168+0800][10.073s][gc,stats    ]       Phase: Concurrent Process Non-Strong References      0.756 / 0.954         0.756 / 0.954         0.756 / 0.954         0.756 / 0.954       ms
[2024-07-21T21:49:22.168+0800][10.073s][gc,stats    ]       Phase: Concurrent Relocate                           3.063 / 5.805         3.063 / 5.805         3.063 / 5.805         3.063 / 5.805       ms
[2024-07-21T21:49:22.168+0800][10.073s][gc,stats    ]       Phase: Concurrent Reset Relocation Set               0.001 / 0.001         0.001 / 0.001         0.001 / 0.001         0.001 / 0.001       ms
[2024-07-21T21:49:22.168+0800][10.073s][gc,stats    ]       Phase: Concurrent Select Relocation Set              4.208 / 10.944        4.208 / 10.944        4.208 / 10.944        4.208 / 10.944      ms
[2024-07-21T21:49:22.168+0800][10.073s][gc,stats    ]       Phase: Pause Mark End                                0.016 / 0.022         0.016 / 0.022         0.016 / 0.022         0.016 / 0.022       ms
[2024-07-21T21:49:22.168+0800][10.073s][gc,stats    ]       Phase: Pause Mark Start                              0.009 / 0.013         0.009 / 0.013         0.009 / 0.013         0.009 / 0.013       ms
[2024-07-21T21:49:22.168+0800][10.073s][gc,stats    ]       Phase: Pause Relocate Start                          0.011 / 0.015         0.011 / 0.015         0.011 / 0.015         0.011 / 0.015       ms
[2024-07-21T21:49:22.168+0800][10.073s][gc,stats    ]    Subphase: Concurrent Classes Purge                      0.092 / 0.146         0.092 / 0.146         0.092 / 0.146         0.092 / 0.146       ms
[2024-07-21T21:49:22.168+0800][10.073s][gc,stats    ]    Subphase: Concurrent Classes Unlink                     0.280 / 0.361         0.280 / 0.361         0.280 / 0.361         0.280 / 0.361       ms
[2024-07-21T21:49:22.168+0800][10.073s][gc,stats    ]    Subphase: Concurrent Mark                               8.998 / 15.381        8.998 / 15.381        8.998 / 15.381        8.998 / 15.381      ms
[2024-07-21T21:49:22.168+0800][10.073s][gc,stats    ]    Subphase: Concurrent Mark Try Flush                     0.112 / 0.415         0.112 / 0.415         0.112 / 0.415         0.112 / 0.415       ms
[2024-07-21T21:49:22.168+0800][10.073s][gc,stats    ]    Subphase: Concurrent Mark Try Terminate                 4.179 / 13.181        4.179 / 13.181        4.179 / 13.181        4.179 / 13.181      ms
[2024-07-21T21:49:22.168+0800][10.073s][gc,stats    ]    Subphase: Concurrent References Enqueue                 0.002 / 0.007         0.002 / 0.007         0.002 / 0.007         0.002 / 0.007       ms
[2024-07-21T21:49:22.168+0800][10.073s][gc,stats    ]    Subphase: Concurrent References Process                 0.088 / 0.162         0.088 / 0.162         0.088 / 0.162         0.088 / 0.162       ms
[2024-07-21T21:49:22.168+0800][10.073s][gc,stats    ]    Subphase: Concurrent Roots ClassLoaderDataGraph         0.059 / 0.166         0.059 / 0.166         0.059 / 0.166         0.059 / 0.166       ms
[2024-07-21T21:49:22.168+0800][10.073s][gc,stats    ]    Subphase: Concurrent Roots CodeCache                    0.000 / 0.000         0.000 / 0.000         0.000 / 0.000         0.000 / 0.000       ms
[2024-07-21T21:49:22.168+0800][10.073s][gc,stats    ]    Subphase: Concurrent Roots JavaThreads                  0.230 / 0.355         0.230 / 0.355         0.230 / 0.355         0.230 / 0.355       ms
[2024-07-21T21:49:22.168+0800][10.073s][gc,stats    ]    Subphase: Concurrent Roots OopStorageSet                0.025 / 0.043         0.025 / 0.043         0.025 / 0.043         0.025 / 0.043       ms
[2024-07-21T21:49:22.168+0800][10.073s][gc,stats    ]    Subphase: Concurrent Weak Roots OopStorageSet           0.139 / 0.264         0.139 / 0.264         0.139 / 0.264         0.139 / 0.264       ms
[2024-07-21T21:49:22.168+0800][10.074s][gc,stats    ]    Subphase: Pause Mark Try Complete                       0.000 / 0.000         0.000 / 0.000         0.000 / 0.000         0.000 / 0.000       ms
[2024-07-21T21:49:22.168+0800][10.074s][gc,stats    ]      System: Java Threads                                     13 / 13               13 / 13               13 / 13               13 / 13          threads
[2024-07-21T21:49:22.168+0800][10.074s][gc,stats    ] =========================================================================================================================================================
[2024-07-21T21:49:22.968+0800][10.874s][gc,start    ] GC(5) Garbage Collection (Allocation Rate)
[2024-07-21T21:49:22.968+0800][10.874s][gc,task     ] GC(5) Using 1 workers
[2024-07-21T21:49:22.969+0800][10.874s][gc,phases   ] GC(5) Pause Mark Start 0.009ms
[2024-07-21T21:49:22.973+0800][10.879s][gc,phases   ] GC(5) Concurrent Mark 5.174ms
[2024-07-21T21:49:22.974+0800][10.879s][gc,phases   ] GC(5) Pause Mark End 0.018ms
[2024-07-21T21:49:22.974+0800][10.880s][gc,phases   ] GC(5) Concurrent Mark Free 0.001ms
[2024-07-21T21:49:22.975+0800][10.881s][gc,phases   ] GC(5) Concurrent Process Non-Strong References 1.286ms
[2024-07-21T21:49:22.975+0800][10.881s][gc,phases   ] GC(5) Concurrent Reset Relocation Set 0.002ms
[2024-07-21T21:49:22.978+0800][10.884s][gc,phases   ] GC(5) Concurrent Select Relocation Set 2.926ms
[2024-07-21T21:49:22.978+0800][10.884s][gc,phases   ] GC(5) Pause Relocate Start 0.014ms
[2024-07-21T21:49:22.979+0800][10.885s][gc,phases   ] GC(5) Concurrent Relocate 0.487ms
[2024-07-21T21:49:22.979+0800][10.885s][gc,load     ] GC(5) Load: 0.00/0.00/0.00
[2024-07-21T21:49:22.979+0800][10.885s][gc,mmu      ] GC(5) MMU: 2ms/98.9%, 5ms/99.4%, 10ms/99.6%, 20ms/99.8%, 50ms/99.9%, 100ms/100.0%
[2024-07-21T21:49:22.979+0800][10.885s][gc,marking  ] GC(5) Mark: 1 stripe(s), 1 proactive flush(es), 1 terminate flush(es), 0 completion(s), 0 continuation(s) 
[2024-07-21T21:49:22.979+0800][10.885s][gc,marking  ] GC(5) Mark Stack Usage: 32M
[2024-07-21T21:49:22.979+0800][10.885s][gc,nmethod  ] GC(5) NMethods: 454 registered, 0 unregistered
[2024-07-21T21:49:22.979+0800][10.885s][gc,metaspace] GC(5) Metaspace: 1M used, 1M committed, 1032M reserved
[2024-07-21T21:49:22.979+0800][10.885s][gc,ref      ] GC(5) Soft: 93 encountered, 0 discovered, 0 enqueued
[2024-07-21T21:49:22.979+0800][10.885s][gc,ref      ] GC(5) Weak: 131 encountered, 107 discovered, 0 enqueued
[2024-07-21T21:49:22.979+0800][10.885s][gc,ref      ] GC(5) Final: 0 encountered, 0 discovered, 0 enqueued
[2024-07-21T21:49:22.979+0800][10.885s][gc,ref      ] GC(5) Phantom: 184 encountered, 98 discovered, 0 enqueued
[2024-07-21T21:49:22.979+0800][10.885s][gc,reloc    ] GC(5) Small Pages: 4 / 8M, Empty: 0M, Relocated: 1M, In-Place: 0
[2024-07-21T21:49:22.979+0800][10.885s][gc,reloc    ] GC(5) Medium Pages: 59 / 1888M, Empty: 1856M, Relocated: 0M, In-Place: 0
[2024-07-21T21:49:22.979+0800][10.885s][gc,reloc    ] GC(5) Large Pages: 0 / 0M, Empty: 0M, Relocated: 0M, In-Place: 0
[2024-07-21T21:49:22.979+0800][10.885s][gc,reloc    ] GC(5) Forwarding Usage: 0M
[2024-07-21T21:49:22.979+0800][10.885s][gc,heap     ] GC(5) Min Capacity: 8M(0%)
[2024-07-21T21:49:22.979+0800][10.885s][gc,heap     ] GC(5) Max Capacity: 2048M(100%)
[2024-07-21T21:49:22.979+0800][10.885s][gc,heap     ] GC(5) Soft Max Capacity: 2048M(100%)
[2024-07-21T21:49:22.979+0800][10.885s][gc,heap     ] GC(5)                Mark Start          Mark End        Relocate Start      Relocate End           High               Low         
[2024-07-21T21:49:22.979+0800][10.885s][gc,heap     ] GC(5)  Capacity:     1920M (94%)        1920M (94%)        1920M (94%)        1920M (94%)        1920M (94%)        1920M (94%)    
[2024-07-21T21:49:22.979+0800][10.885s][gc,heap     ] GC(5)      Free:      152M (7%)          152M (7%)         2008M (98%)        2010M (98%)        2010M (98%)         152M (7%)     
[2024-07-21T21:49:22.979+0800][10.885s][gc,heap     ] GC(5)      Used:     1896M (93%)        1896M (93%)          40M (2%)           38M (2%)         1896M (93%)          38M (2%)     
[2024-07-21T21:49:22.979+0800][10.885s][gc,heap     ] GC(5)      Live:         -                 4M (0%)            4M (0%)            4M (0%)             -                  -          
[2024-07-21T21:49:22.979+0800][10.885s][gc,heap     ] GC(5) Allocated:         -                 0M (0%)            0M (0%)            0M (0%)             -                  -          
[2024-07-21T21:49:22.979+0800][10.885s][gc,heap     ] GC(5)   Garbage:         -              1891M (92%)          35M (2%)           33M (2%)             -                  -          
[2024-07-21T21:49:22.979+0800][10.885s][gc,heap     ] GC(5) Reclaimed:         -                  -              1856M (91%)        1858M (91%)            -                  -          
[2024-07-21T21:49:22.979+0800][10.885s][gc          ] GC(5) Garbage Collection (Allocation Rate) 1896M(93%)->38M(2%)
[2024-07-21T21:49:25.865+0800][13.770s][gc,start    ] GC(6) Garbage Collection (Allocation Rate)
[2024-07-21T21:49:25.865+0800][13.770s][gc,task     ] GC(6) Using 1 workers
[2024-07-21T21:49:25.865+0800][13.771s][gc,phases   ] GC(6) Pause Mark Start 0.006ms
[2024-07-21T21:49:25.871+0800][13.776s][gc,phases   ] GC(6) Concurrent Mark 5.149ms
[2024-07-21T21:49:25.871+0800][13.776s][gc,phases   ] GC(6) Pause Mark End 0.022ms
[2024-07-21T21:49:25.871+0800][13.776s][gc,phases   ] GC(6) Concurrent Mark Free 0.002ms
[2024-07-21T21:49:25.872+0800][13.778s][gc,phases   ] GC(6) Concurrent Process Non-Strong References 1.284ms
[2024-07-21T21:49:25.872+0800][13.778s][gc,phases   ] GC(6) Concurrent Reset Relocation Set 0.001ms
[2024-07-21T21:49:25.875+0800][13.780s][gc,phases   ] GC(6) Concurrent Select Relocation Set 2.699ms
[2024-07-21T21:49:25.875+0800][13.781s][gc,phases   ] GC(6) Pause Relocate Start 0.012ms
[2024-07-21T21:49:25.879+0800][13.784s][gc,phases   ] GC(6) Concurrent Relocate 3.185ms
[2024-07-21T21:49:25.879+0800][13.784s][gc,load     ] GC(6) Load: 0.00/0.00/0.00
[2024-07-21T21:49:25.879+0800][13.784s][gc,mmu      ] GC(6) MMU: 2ms/98.9%, 5ms/99.3%, 10ms/99.6%, 20ms/99.8%, 50ms/99.9%, 100ms/100.0%
[2024-07-21T21:49:25.879+0800][13.784s][gc,marking  ] GC(6) Mark: 1 stripe(s), 2 proactive flush(es), 1 terminate flush(es), 0 completion(s), 0 continuation(s) 
[2024-07-21T21:49:25.879+0800][13.784s][gc,marking  ] GC(6) Mark Stack Usage: 32M
[2024-07-21T21:49:25.879+0800][13.784s][gc,nmethod  ] GC(6) NMethods: 461 registered, 0 unregistered
[2024-07-21T21:49:25.879+0800][13.784s][gc,metaspace] GC(6) Metaspace: 1M used, 1M committed, 1032M reserved
[2024-07-21T21:49:25.879+0800][13.784s][gc,ref      ] GC(6) Soft: 93 encountered, 0 discovered, 0 enqueued
[2024-07-21T21:49:25.879+0800][13.784s][gc,ref      ] GC(6) Weak: 131 encountered, 107 discovered, 0 enqueued
[2024-07-21T21:49:25.879+0800][13.784s][gc,ref      ] GC(6) Final: 0 encountered, 0 discovered, 0 enqueued
[2024-07-21T21:49:25.879+0800][13.784s][gc,ref      ] GC(6) Phantom: 184 encountered, 98 discovered, 0 enqueued
[2024-07-21T21:49:25.879+0800][13.784s][gc,reloc    ] GC(6) Small Pages: 4 / 8M, Empty: 0M, Relocated: 1M, In-Place: 0
[2024-07-21T21:49:25.879+0800][13.784s][gc,reloc    ] GC(6) Medium Pages: 60 / 1920M, Empty: 1856M, Relocated: 10M, In-Place: 0
[2024-07-21T21:49:25.879+0800][13.784s][gc,reloc    ] GC(6) Large Pages: 0 / 0M, Empty: 0M, Relocated: 0M, In-Place: 0
[2024-07-21T21:49:25.879+0800][13.784s][gc,reloc    ] GC(6) Forwarding Usage: 0M
[2024-07-21T21:49:25.879+0800][13.784s][gc,heap     ] GC(6) Min Capacity: 8M(0%)
[2024-07-21T21:49:25.879+0800][13.784s][gc,heap     ] GC(6) Max Capacity: 2048M(100%)
[2024-07-21T21:49:25.879+0800][13.784s][gc,heap     ] GC(6) Soft Max Capacity: 2048M(100%)
[2024-07-21T21:49:25.879+0800][13.784s][gc,heap     ] GC(6)                Mark Start          Mark End        Relocate Start      Relocate End           High               Low         
[2024-07-21T21:49:25.879+0800][13.784s][gc,heap     ] GC(6)  Capacity:     1952M (95%)        1984M (97%)        1984M (97%)        1984M (97%)        1984M (97%)        1952M (95%)    
[2024-07-21T21:49:25.879+0800][13.784s][gc,heap     ] GC(6)      Free:      120M (6%)           88M (4%)         1944M (95%)        1976M (96%)        1976M (96%)          88M (4%)     
[2024-07-21T21:49:25.879+0800][13.784s][gc,heap     ] GC(6)      Used:     1928M (94%)        1960M (96%)         104M (5%)           72M (4%)         1960M (96%)          72M (4%)     
[2024-07-21T21:49:25.879+0800][13.784s][gc,heap     ] GC(6)      Live:         -                14M (1%)           14M (1%)           14M (1%)             -                  -          
[2024-07-21T21:49:25.879+0800][13.784s][gc,heap     ] GC(6) Allocated:         -                32M (2%)           32M (2%)           33M (2%)             -                  -          
[2024-07-21T21:49:25.879+0800][13.784s][gc,heap     ] GC(6)   Garbage:         -              1913M (93%)          57M (3%)           23M (1%)             -                  -          
[2024-07-21T21:49:25.879+0800][13.784s][gc,heap     ] GC(6) Reclaimed:         -                  -              1856M (91%)        1889M (92%)            -                  -          
[2024-07-21T21:49:25.879+0800][13.784s][gc          ] GC(6) Garbage Collection (Allocation Rate) 1928M(94%)->72M(4%)
[2024-07-21T21:49:27.866+0800][15.771s][gc,start    ] GC(7) Garbage Collection (Proactive)
[2024-07-21T21:49:27.866+0800][15.771s][gc,task     ] GC(7) Using 2 workers
[2024-07-21T21:49:27.866+0800][15.771s][gc,phases   ] GC(7) Pause Mark Start 0.007ms
[2024-07-21T21:49:27.881+0800][15.786s][gc,phases   ] GC(7) Concurrent Mark 14.812ms
[2024-07-21T21:49:27.881+0800][15.786s][gc,phases   ] GC(7) Pause Mark End 0.010ms
[2024-07-21T21:49:27.881+0800][15.786s][gc,phases   ] GC(7) Concurrent Mark Free 0.003ms
[2024-07-21T21:49:27.882+0800][15.787s][gc,phases   ] GC(7) Concurrent Process Non-Strong References 0.833ms
[2024-07-21T21:49:27.882+0800][15.787s][gc,phases   ] GC(7) Concurrent Reset Relocation Set 0.001ms
[2024-07-21T21:49:27.884+0800][15.789s][gc,phases   ] GC(7) Concurrent Select Relocation Set 1.834ms
[2024-07-21T21:49:27.884+0800][15.790s][gc,phases   ] GC(7) Pause Relocate Start 0.021ms
[2024-07-21T21:49:27.886+0800][15.791s][gc,phases   ] GC(7) Concurrent Relocate 1.550ms
[2024-07-21T21:49:27.886+0800][15.791s][gc,load     ] GC(7) Load: 0.00/0.00/0.00
[2024-07-21T21:49:27.886+0800][15.791s][gc,mmu      ] GC(7) MMU: 2ms/98.9%, 5ms/99.3%, 10ms/99.6%, 20ms/99.8%, 50ms/99.9%, 100ms/100.0%
[2024-07-21T21:49:27.886+0800][15.791s][gc,marking  ] GC(7) Mark: 2 stripe(s), 2 proactive flush(es), 1 terminate flush(es), 0 completion(s), 0 continuation(s) 
[2024-07-21T21:49:27.886+0800][15.791s][gc,marking  ] GC(7) Mark Stack Usage: 32M
[2024-07-21T21:49:27.886+0800][15.791s][gc,nmethod  ] GC(7) NMethods: 468 registered, 0 unregistered
[2024-07-21T21:49:27.886+0800][15.791s][gc,metaspace] GC(7) Metaspace: 1M used, 1M committed, 1032M reserved
[2024-07-21T21:49:27.886+0800][15.791s][gc,ref      ] GC(7) Soft: 93 encountered, 0 discovered, 0 enqueued
[2024-07-21T21:49:27.886+0800][15.791s][gc,ref      ] GC(7) Weak: 131 encountered, 13 discovered, 0 enqueued
[2024-07-21T21:49:27.886+0800][15.791s][gc,ref      ] GC(7) Final: 0 encountered, 0 discovered, 0 enqueued
[2024-07-21T21:49:27.886+0800][15.791s][gc,ref      ] GC(7) Phantom: 184 encountered, 180 discovered, 0 enqueued
[2024-07-21T21:49:27.886+0800][15.791s][gc,reloc    ] GC(7) Small Pages: 5 / 10M, Empty: 0M, Relocated: 1M, In-Place: 0
[2024-07-21T21:49:27.886+0800][15.791s][gc,reloc    ] GC(7) Medium Pages: 41 / 1312M, Empty: 1248M, Relocated: 4M, In-Place: 0
[2024-07-21T21:49:27.886+0800][15.791s][gc,reloc    ] GC(7) Large Pages: 0 / 0M, Empty: 0M, Relocated: 0M, In-Place: 0
[2024-07-21T21:49:27.886+0800][15.791s][gc,reloc    ] GC(7) Forwarding Usage: 0M
[2024-07-21T21:49:27.886+0800][15.791s][gc,heap     ] GC(7) Min Capacity: 8M(0%)
[2024-07-21T21:49:27.886+0800][15.791s][gc,heap     ] GC(7) Max Capacity: 2048M(100%)
[2024-07-21T21:49:27.886+0800][15.791s][gc,heap     ] GC(7) Soft Max Capacity: 2048M(100%)
[2024-07-21T21:49:27.886+0800][15.791s][gc,heap     ] GC(7)                Mark Start          Mark End        Relocate Start      Relocate End           High               Low         
[2024-07-21T21:49:27.886+0800][15.791s][gc,heap     ] GC(7)  Capacity:     1984M (97%)        1984M (97%)        1984M (97%)        1984M (97%)        1984M (97%)        1984M (97%)    
[2024-07-21T21:49:27.886+0800][15.791s][gc,heap     ] GC(7)      Free:      726M (35%)         692M (34%)        1940M (95%)        1976M (96%)        1976M (96%)         692M (34%)    
[2024-07-21T21:49:27.886+0800][15.792s][gc,heap     ] GC(7)      Used:     1322M (65%)        1356M (66%)         108M (5%)           72M (4%)         1356M (66%)          72M (4%)     
[2024-07-21T21:49:27.886+0800][15.792s][gc,heap     ] GC(7)      Live:         -                 8M (0%)            8M (0%)            8M (0%)             -                  -          
[2024-07-21T21:49:27.886+0800][15.792s][gc,heap     ] GC(7) Allocated:         -                34M (2%)           34M (2%)           33M (2%)             -                  -          
[2024-07-21T21:49:27.886+0800][15.792s][gc,heap     ] GC(7)   Garbage:         -              1313M (64%)          65M (3%)           29M (1%)             -                  -          
[2024-07-21T21:49:27.886+0800][15.792s][gc,heap     ] GC(7) Reclaimed:         -                  -              1248M (61%)        1283M (63%)            -                  -          
[2024-07-21T21:49:27.886+0800][15.792s][gc          ] GC(7) Garbage Collection (Proactive) 1322M(65%)->72M(4%)
[2024-07-21T21:49:30.042+0800][17.947s][gc,heap,exit] Heap
[2024-07-21T21:49:30.042+0800][17.947s][gc,heap,exit]  ZHeap           used 1480M, capacity 1984M, max capacity 2048M
[2024-07-21T21:49:30.042+0800][17.947s][gc,heap,exit]  Metaspace       used 1340K, committed 1472K, reserved 1056768K
[2024-07-21T21:49:30.042+0800][17.948s][gc,heap,exit]   class space    used 111K, committed 192K, reserved 1048576K
