[2024-07-21T21:53:22.878+0800][0.016s][gc,init] Initializing The Z Garbage Collector
[2024-07-21T21:53:22.878+0800][0.016s][gc,init] Version: 17.0.2+8-86 (release)
[2024-07-21T21:53:22.878+0800][0.017s][gc,init] NUMA Support: Disabled
[2024-07-21T21:53:22.878+0800][0.017s][gc,init] CPUs: 8 total, 8 available
[2024-07-21T21:53:22.878+0800][0.017s][gc,init] Memory: 16281M
[2024-07-21T21:53:22.878+0800][0.017s][gc,init] Large Page Support: Disabled
[2024-07-21T21:53:22.878+0800][0.017s][gc,init] GC Workers: 2 (dynamic)
[2024-07-21T21:53:22.879+0800][0.017s][gc,init] Address Space Type: Contiguous/Unrestricted/Complete
[2024-07-21T21:53:22.879+0800][0.017s][gc,init] Address Space Size: 32768M x 3 = 98304M
[2024-07-21T21:53:22.879+0800][0.018s][gc,init] Min Capacity: 8M
[2024-07-21T21:53:22.880+0800][0.018s][gc,init] Initial Capacity: 256M
[2024-07-21T21:53:22.880+0800][0.018s][gc,init] Max Capacity: 2048M
[2024-07-21T21:53:22.880+0800][0.018s][gc,init] Medium Page Size: 32M
[2024-07-21T21:53:22.880+0800][0.018s][gc,init] Pre-touch: Disabled
[2024-07-21T21:53:22.880+0800][0.018s][gc,init] Uncommit: Enabled
[2024-07-21T21:53:22.880+0800][0.018s][gc,init] Uncommit Delay: 300s
[2024-07-21T21:53:22.897+0800][0.035s][gc,init] Runtime Workers: 5
[2024-07-21T21:53:22.897+0800][0.036s][gc     ] Using The Z Garbage Collector
[2024-07-21T21:53:22.898+0800][0.037s][gc,metaspace] CDS archive(s) mapped at: [0x0000000800000000-0x0000000800bc0000-0x0000000800bc0000), size 12320768, SharedBaseAddress: 0x0000000800000000, ArchiveRelocationMode: 0.
[2024-07-21T21:53:22.898+0800][0.037s][gc,metaspace] Compressed class space mapped at: 0x0000000800c00000-0x0000000840c00000, reserved size: 1073741824
[2024-07-21T21:53:22.898+0800][0.037s][gc,metaspace] Narrow klass base: 0x0000000800000000, Narrow klass shift: 0, Narrow klass range: 0x100000000
[2024-07-21T21:53:23.754+0800][0.892s][gc,start    ] GC(0) Garbage Collection (Warmup)
[2024-07-21T21:53:23.754+0800][0.892s][gc,task     ] GC(0) Using 2 workers
[2024-07-21T21:53:23.754+0800][0.892s][gc,phases   ] GC(0) Pause Mark Start 0.007ms
[2024-07-21T21:53:23.769+0800][0.907s][gc,phases   ] GC(0) Concurrent Mark 14.569ms
[2024-07-21T21:53:23.769+0800][0.907s][gc,phases   ] GC(0) Pause Mark End 0.022ms
[2024-07-21T21:53:23.769+0800][0.907s][gc,phases   ] GC(0) Concurrent Mark Free 0.001ms
[2024-07-21T21:53:23.769+0800][0.908s][gc,phases   ] GC(0) Concurrent Process Non-Strong References 0.517ms
[2024-07-21T21:53:23.770+0800][0.908s][gc,phases   ] GC(0) Concurrent Reset Relocation Set 0.001ms
[2024-07-21T21:53:23.782+0800][0.920s][gc,phases   ] GC(0) Concurrent Select Relocation Set 12.477ms
[2024-07-21T21:53:23.782+0800][0.920s][gc,phases   ] GC(0) Pause Relocate Start 0.007ms
[2024-07-21T21:53:23.786+0800][0.925s][gc,phases   ] GC(0) Concurrent Relocate 4.052ms
[2024-07-21T21:53:23.786+0800][0.925s][gc,load     ] GC(0) Load: 0.00/0.00/0.00
[2024-07-21T21:53:23.786+0800][0.925s][gc,mmu      ] GC(0) MMU: 2ms/98.9%, 5ms/99.6%, 10ms/99.8%, 20ms/99.9%, 50ms/99.9%, 100ms/100.0%
[2024-07-21T21:53:23.787+0800][0.925s][gc,marking  ] GC(0) Mark: 2 stripe(s), 2 proactive flush(es), 1 terminate flush(es), 0 completion(s), 0 continuation(s) 
[2024-07-21T21:53:23.787+0800][0.925s][gc,marking  ] GC(0) Mark Stack Usage: 32M
[2024-07-21T21:53:23.787+0800][0.925s][gc,nmethod  ] GC(0) NMethods: 328 registered, 0 unregistered
[2024-07-21T21:53:23.787+0800][0.925s][gc,metaspace] GC(0) Metaspace: 1M used, 1M committed, 1032M reserved
[2024-07-21T21:53:23.787+0800][0.925s][gc,ref      ] GC(0) Soft: 53 encountered, 0 discovered, 0 enqueued
[2024-07-21T21:53:23.787+0800][0.925s][gc,ref      ] GC(0) Weak: 153 encountered, 38 discovered, 36 enqueued
[2024-07-21T21:53:23.787+0800][0.925s][gc,ref      ] GC(0) Final: 0 encountered, 0 discovered, 0 enqueued
[2024-07-21T21:53:23.787+0800][0.925s][gc,ref      ] GC(0) Phantom: 217 encountered, 117 discovered, 33 enqueued
[2024-07-21T21:53:23.787+0800][0.925s][gc,reloc    ] GC(0) Small Pages: 6 / 12M, Empty: 0M, Relocated: 1M, In-Place: 0
[2024-07-21T21:53:23.787+0800][0.925s][gc,reloc    ] GC(0) Medium Pages: 7 / 224M, Empty: 160M, Relocated: 11M, In-Place: 0
[2024-07-21T21:53:23.787+0800][0.925s][gc,reloc    ] GC(0) Large Pages: 0 / 0M, Empty: 0M, Relocated: 0M, In-Place: 0
[2024-07-21T21:53:23.787+0800][0.925s][gc,reloc    ] GC(0) Forwarding Usage: 0M
[2024-07-21T21:53:23.787+0800][0.925s][gc,heap     ] GC(0) Min Capacity: 8M(0%)
[2024-07-21T21:53:23.787+0800][0.925s][gc,heap     ] GC(0) Max Capacity: 2048M(100%)
[2024-07-21T21:53:23.787+0800][0.925s][gc,heap     ] GC(0) Soft Max Capacity: 2048M(100%)
[2024-07-21T21:53:23.787+0800][0.925s][gc,heap     ] GC(0)                Mark Start          Mark End        Relocate Start      Relocate End           High               Low         
[2024-07-21T21:53:23.787+0800][0.925s][gc,heap     ] GC(0)  Capacity:      256M (12%)         288M (14%)         288M (14%)         288M (14%)         288M (14%)         256M (12%)    
[2024-07-21T21:53:23.787+0800][0.925s][gc,heap     ] GC(0)      Free:     1812M (88%)        1778M (87%)        1938M (95%)        1976M (96%)        1976M (96%)        1778M (87%)    
[2024-07-21T21:53:23.787+0800][0.925s][gc,heap     ] GC(0)      Used:      236M (12%)         270M (13%)         110M (5%)           72M (4%)          270M (13%)          72M (4%)     
[2024-07-21T21:53:23.787+0800][0.925s][gc,heap     ] GC(0)      Live:         -                15M (1%)           15M (1%)           15M (1%)             -                  -          
[2024-07-21T21:53:23.787+0800][0.925s][gc,heap     ] GC(0) Allocated:         -                34M (2%)           34M (2%)           34M (2%)             -                  -          
[2024-07-21T21:53:23.787+0800][0.925s][gc,heap     ] GC(0)   Garbage:         -               220M (11%)          60M (3%)           22M (1%)             -                  -          
[2024-07-21T21:53:23.787+0800][0.926s][gc,heap     ] GC(0) Reclaimed:         -                  -               160M (8%)          198M (10%)            -                  -          
[2024-07-21T21:53:23.787+0800][0.926s][gc          ] GC(0) Garbage Collection (Warmup) 236M(12%)->72M(4%)
[2024-07-21T21:53:24.545+0800][1.684s][gc,start    ] GC(1) Garbage Collection (Warmup)
[2024-07-21T21:53:24.545+0800][1.684s][gc,task     ] GC(1) Using 2 workers
[2024-07-21T21:53:24.545+0800][1.684s][gc,phases   ] GC(1) Pause Mark Start 0.010ms
[2024-07-21T21:53:24.561+0800][1.699s][gc,phases   ] GC(1) Concurrent Mark 15.461ms
[2024-07-21T21:53:24.576+0800][1.714s][gc,phases   ] GC(1) Pause Mark End 0.025ms
[2024-07-21T21:53:24.576+0800][1.714s][gc,phases   ] GC(1) Concurrent Mark Free 0.001ms
[2024-07-21T21:53:24.576+0800][1.715s][gc,phases   ] GC(1) Concurrent Process Non-Strong References 0.679ms
[2024-07-21T21:53:24.577+0800][1.715s][gc,phases   ] GC(1) Concurrent Reset Relocation Set 0.001ms
[2024-07-21T21:53:24.580+0800][1.718s][gc,phases   ] GC(1) Concurrent Select Relocation Set 3.009ms
[2024-07-21T21:53:24.580+0800][1.718s][gc,phases   ] GC(1) Pause Relocate Start 0.008ms
[2024-07-21T21:53:24.587+0800][1.726s][gc,phases   ] GC(1) Concurrent Relocate 7.188ms
[2024-07-21T21:53:24.587+0800][1.726s][gc,load     ] GC(1) Load: 0.00/0.00/0.00
[2024-07-21T21:53:24.587+0800][1.726s][gc,mmu      ] GC(1) MMU: 2ms/98.8%, 5ms/99.3%, 10ms/99.7%, 20ms/99.8%, 50ms/99.9%, 100ms/100.0%
[2024-07-21T21:53:24.587+0800][1.726s][gc,marking  ] GC(1) Mark: 2 stripe(s), 1 proactive flush(es), 1 terminate flush(es), 0 completion(s), 0 continuation(s) 
[2024-07-21T21:53:24.587+0800][1.726s][gc,marking  ] GC(1) Mark Stack Usage: 32M
[2024-07-21T21:53:24.587+0800][1.726s][gc,nmethod  ] GC(1) NMethods: 380 registered, 0 unregistered
[2024-07-21T21:53:24.587+0800][1.726s][gc,metaspace] GC(1) Metaspace: 1M used, 1M committed, 1032M reserved
[2024-07-21T21:53:24.587+0800][1.726s][gc,ref      ] GC(1) Soft: 93 encountered, 0 discovered, 0 enqueued
[2024-07-21T21:53:24.587+0800][1.726s][gc,ref      ] GC(1) Weak: 136 encountered, 99 discovered, 5 enqueued
[2024-07-21T21:53:24.587+0800][1.726s][gc,ref      ] GC(1) Final: 0 encountered, 0 discovered, 0 enqueued
[2024-07-21T21:53:24.587+0800][1.726s][gc,ref      ] GC(1) Phantom: 189 encountered, 130 discovered, 5 enqueued
[2024-07-21T21:53:24.587+0800][1.726s][gc,reloc    ] GC(1) Small Pages: 6 / 12M, Empty: 0M, Relocated: 1M, In-Place: 0
[2024-07-21T21:53:24.587+0800][1.726s][gc,reloc    ] GC(1) Medium Pages: 13 / 416M, Empty: 352M, Relocated: 10M, In-Place: 0
[2024-07-21T21:53:24.587+0800][1.726s][gc,reloc    ] GC(1) Large Pages: 0 / 0M, Empty: 0M, Relocated: 0M, In-Place: 0
[2024-07-21T21:53:24.587+0800][1.726s][gc,reloc    ] GC(1) Forwarding Usage: 0M
[2024-07-21T21:53:24.587+0800][1.726s][gc,heap     ] GC(1) Min Capacity: 8M(0%)
[2024-07-21T21:53:24.587+0800][1.726s][gc,heap     ] GC(1) Max Capacity: 2048M(100%)
[2024-07-21T21:53:24.587+0800][1.726s][gc,heap     ] GC(1) Soft Max Capacity: 2048M(100%)
[2024-07-21T21:53:24.587+0800][1.726s][gc,heap     ] GC(1)                Mark Start          Mark End        Relocate Start      Relocate End           High               Low         
[2024-07-21T21:53:24.587+0800][1.726s][gc,heap     ] GC(1)  Capacity:      448M (22%)         480M (23%)         480M (23%)         480M (23%)         480M (23%)         448M (22%)    
[2024-07-21T21:53:24.588+0800][1.726s][gc,heap     ] GC(1)      Free:     1620M (79%)        1588M (78%)        1940M (95%)        1976M (96%)        1976M (96%)        1588M (78%)    
[2024-07-21T21:53:24.588+0800][1.726s][gc,heap     ] GC(1)      Used:      428M (21%)         460M (22%)         108M (5%)           72M (4%)          460M (22%)          72M (4%)     
[2024-07-21T21:53:24.588+0800][1.726s][gc,heap     ] GC(1)      Live:         -                14M (1%)           14M (1%)           14M (1%)             -                  -          
[2024-07-21T21:53:24.588+0800][1.726s][gc,heap     ] GC(1) Allocated:         -                32M (2%)           32M (2%)           33M (2%)             -                  -          
[2024-07-21T21:53:24.588+0800][1.726s][gc,heap     ] GC(1)   Garbage:         -               413M (20%)          61M (3%)           23M (1%)             -                  -          
[2024-07-21T21:53:24.588+0800][1.726s][gc,heap     ] GC(1) Reclaimed:         -                  -               352M (17%)         389M (19%)            -                  -          
[2024-07-21T21:53:24.588+0800][1.726s][gc          ] GC(1) Garbage Collection (Warmup) 428M(21%)->72M(4%)
[2024-07-21T21:53:25.647+0800][2.785s][gc,start    ] GC(2) Garbage Collection (Warmup)
[2024-07-21T21:53:25.647+0800][2.785s][gc,task     ] GC(2) Using 2 workers
[2024-07-21T21:53:25.647+0800][2.786s][gc,phases   ] GC(2) Pause Mark Start 0.006ms
[2024-07-21T21:53:25.663+0800][2.801s][gc,phases   ] GC(2) Concurrent Mark 15.318ms
[2024-07-21T21:53:25.663+0800][2.801s][gc,phases   ] GC(2) Pause Mark End 0.022ms
[2024-07-21T21:53:25.663+0800][2.801s][gc,phases   ] GC(2) Concurrent Mark Free 0.001ms
[2024-07-21T21:53:25.663+0800][2.802s][gc,phases   ] GC(2) Concurrent Process Non-Strong References 0.912ms
[2024-07-21T21:53:25.663+0800][2.802s][gc,phases   ] GC(2) Concurrent Reset Relocation Set 0.001ms
[2024-07-21T21:53:25.666+0800][2.805s][gc,phases   ] GC(2) Concurrent Select Relocation Set 2.394ms
[2024-07-21T21:53:25.666+0800][2.805s][gc,phases   ] GC(2) Pause Relocate Start 0.016ms
[2024-07-21T21:53:25.667+0800][2.806s][gc,phases   ] GC(2) Concurrent Relocate 0.809ms
[2024-07-21T21:53:25.667+0800][2.806s][gc,load     ] GC(2) Load: 0.00/0.00/0.00
[2024-07-21T21:53:25.667+0800][2.806s][gc,mmu      ] GC(2) MMU: 2ms/98.8%, 5ms/99.2%, 10ms/99.6%, 20ms/99.8%, 50ms/99.9%, 100ms/100.0%
[2024-07-21T21:53:25.667+0800][2.806s][gc,marking  ] GC(2) Mark: 2 stripe(s), 2 proactive flush(es), 1 terminate flush(es), 0 completion(s), 0 continuation(s) 
[2024-07-21T21:53:25.667+0800][2.806s][gc,marking  ] GC(2) Mark Stack Usage: 32M
[2024-07-21T21:53:25.667+0800][2.806s][gc,nmethod  ] GC(2) NMethods: 387 registered, 0 unregistered
[2024-07-21T21:53:25.667+0800][2.806s][gc,metaspace] GC(2) Metaspace: 1M used, 1M committed, 1032M reserved
[2024-07-21T21:53:25.667+0800][2.806s][gc,ref      ] GC(2) Soft: 93 encountered, 0 discovered, 0 enqueued
[2024-07-21T21:53:25.667+0800][2.806s][gc,ref      ] GC(2) Weak: 131 encountered, 0 discovered, 0 enqueued
[2024-07-21T21:53:25.667+0800][2.806s][gc,ref      ] GC(2) Final: 0 encountered, 0 discovered, 0 enqueued
[2024-07-21T21:53:25.667+0800][2.806s][gc,ref      ] GC(2) Phantom: 184 encountered, 125 discovered, 0 enqueued
[2024-07-21T21:53:25.667+0800][2.806s][gc,reloc    ] GC(2) Small Pages: 4 / 8M, Empty: 0M, Relocated: 1M, In-Place: 0
[2024-07-21T21:53:25.667+0800][2.806s][gc,reloc    ] GC(2) Medium Pages: 19 / 608M, Empty: 544M, Relocated: 1M, In-Place: 0
[2024-07-21T21:53:25.667+0800][2.806s][gc,reloc    ] GC(2) Large Pages: 0 / 0M, Empty: 0M, Relocated: 0M, In-Place: 0
[2024-07-21T21:53:25.667+0800][2.806s][gc,reloc    ] GC(2) Forwarding Usage: 0M
[2024-07-21T21:53:25.667+0800][2.806s][gc,heap     ] GC(2) Min Capacity: 8M(0%)
[2024-07-21T21:53:25.667+0800][2.806s][gc,heap     ] GC(2) Max Capacity: 2048M(100%)
[2024-07-21T21:53:25.667+0800][2.806s][gc,heap     ] GC(2) Soft Max Capacity: 2048M(100%)
[2024-07-21T21:53:25.667+0800][2.806s][gc,heap     ] GC(2)                Mark Start          Mark End        Relocate Start      Relocate End           High               Low         
[2024-07-21T21:53:25.667+0800][2.806s][gc,heap     ] GC(2)  Capacity:      640M (31%)         672M (33%)         672M (33%)         672M (33%)         672M (33%)         640M (31%)    
[2024-07-21T21:53:25.667+0800][2.806s][gc,heap     ] GC(2)      Free:     1432M (70%)        1398M (68%)        1942M (95%)        1976M (96%)        1976M (96%)        1398M (68%)    
[2024-07-21T21:53:25.667+0800][2.806s][gc,heap     ] GC(2)      Used:      616M (30%)         650M (32%)         106M (5%)           72M (4%)          650M (32%)          72M (4%)     
[2024-07-21T21:53:25.667+0800][2.806s][gc,heap     ] GC(2)      Live:         -                 5M (0%)            5M (0%)            5M (0%)             -                  -          
[2024-07-21T21:53:25.667+0800][2.806s][gc,heap     ] GC(2) Allocated:         -                34M (2%)           34M (2%)           34M (2%)             -                  -          
[2024-07-21T21:53:25.667+0800][2.806s][gc,heap     ] GC(2)   Garbage:         -               610M (30%)          66M (3%)           32M (2%)             -                  -          
[2024-07-21T21:53:25.667+0800][2.806s][gc,heap     ] GC(2) Reclaimed:         -                  -               544M (27%)         578M (28%)            -                  -          
[2024-07-21T21:53:25.667+0800][2.806s][gc          ] GC(2) Garbage Collection (Warmup) 616M(30%)->72M(4%)
[2024-07-21T21:53:28.448+0800][5.587s][gc,start    ] GC(3) Garbage Collection (Proactive)
[2024-07-21T21:53:28.448+0800][5.587s][gc,task     ] GC(3) Using 2 workers
[2024-07-21T21:53:28.448+0800][5.587s][gc,phases   ] GC(3) Pause Mark Start 0.007ms
[2024-07-21T21:53:28.464+0800][5.602s][gc,phases   ] GC(3) Concurrent Mark 15.449ms
[2024-07-21T21:53:28.464+0800][5.603s][gc,phases   ] GC(3) Pause Mark End 0.019ms
[2024-07-21T21:53:28.464+0800][5.603s][gc,phases   ] GC(3) Concurrent Mark Free 0.001ms
[2024-07-21T21:53:28.465+0800][5.604s][gc,phases   ] GC(3) Concurrent Process Non-Strong References 0.952ms
[2024-07-21T21:53:28.465+0800][5.604s][gc,phases   ] GC(3) Concurrent Reset Relocation Set 0.001ms
[2024-07-21T21:53:28.468+0800][5.607s][gc,phases   ] GC(3) Concurrent Select Relocation Set 2.665ms
[2024-07-21T21:53:28.468+0800][5.607s][gc,phases   ] GC(3) Pause Relocate Start 0.012ms
[2024-07-21T21:53:28.469+0800][5.608s][gc,phases   ] GC(3) Concurrent Relocate 0.938ms
[2024-07-21T21:53:28.469+0800][5.608s][gc,load     ] GC(3) Load: 0.00/0.00/0.00
[2024-07-21T21:53:28.469+0800][5.608s][gc,mmu      ] GC(3) MMU: 2ms/98.8%, 5ms/99.2%, 10ms/99.6%, 20ms/99.8%, 50ms/99.9%, 100ms/100.0%
[2024-07-21T21:53:28.469+0800][5.608s][gc,marking  ] GC(3) Mark: 2 stripe(s), 2 proactive flush(es), 1 terminate flush(es), 0 completion(s), 0 continuation(s) 
[2024-07-21T21:53:28.469+0800][5.608s][gc,marking  ] GC(3) Mark Stack Usage: 32M
[2024-07-21T21:53:28.469+0800][5.608s][gc,nmethod  ] GC(3) NMethods: 425 registered, 0 unregistered
[2024-07-21T21:53:28.469+0800][5.608s][gc,metaspace] GC(3) Metaspace: 1M used, 1M committed, 1032M reserved
[2024-07-21T21:53:28.469+0800][5.608s][gc,ref      ] GC(3) Soft: 93 encountered, 0 discovered, 0 enqueued
[2024-07-21T21:53:28.469+0800][5.608s][gc,ref      ] GC(3) Weak: 131 encountered, 98 discovered, 0 enqueued
[2024-07-21T21:53:28.469+0800][5.608s][gc,ref      ] GC(3) Final: 0 encountered, 0 discovered, 0 enqueued
[2024-07-21T21:53:28.469+0800][5.608s][gc,ref      ] GC(3) Phantom: 184 encountered, 145 discovered, 0 enqueued
[2024-07-21T21:53:28.469+0800][5.608s][gc,reloc    ] GC(3) Small Pages: 5 / 10M, Empty: 2M, Relocated: 1M, In-Place: 0
[2024-07-21T21:53:28.469+0800][5.608s][gc,reloc    ] GC(3) Medium Pages: 43 / 1376M, Empty: 1312M, Relocated: 1M, In-Place: 0
[2024-07-21T21:53:28.469+0800][5.608s][gc,reloc    ] GC(3) Large Pages: 0 / 0M, Empty: 0M, Relocated: 0M, In-Place: 0
[2024-07-21T21:53:28.469+0800][5.608s][gc,reloc    ] GC(3) Forwarding Usage: 0M
[2024-07-21T21:53:28.469+0800][5.608s][gc,heap     ] GC(3) Min Capacity: 8M(0%)
[2024-07-21T21:53:28.469+0800][5.608s][gc,heap     ] GC(3) Max Capacity: 2048M(100%)
[2024-07-21T21:53:28.469+0800][5.608s][gc,heap     ] GC(3) Soft Max Capacity: 2048M(100%)
[2024-07-21T21:53:28.469+0800][5.608s][gc,heap     ] GC(3)                Mark Start          Mark End        Relocate Start      Relocate End           High               Low         
[2024-07-21T21:53:28.470+0800][5.608s][gc,heap     ] GC(3)  Capacity:     1408M (69%)        1440M (70%)        1440M (70%)        1440M (70%)        1440M (70%)        1408M (69%)    
[2024-07-21T21:53:28.470+0800][5.608s][gc,heap     ] GC(3)      Free:      662M (32%)         628M (31%)        1942M (95%)        1976M (96%)        1976M (96%)         628M (31%)    
[2024-07-21T21:53:28.470+0800][5.608s][gc,heap     ] GC(3)      Used:     1386M (68%)        1420M (69%)         106M (5%)           72M (4%)         1420M (69%)          72M (4%)     
[2024-07-21T21:53:28.470+0800][5.608s][gc,heap     ] GC(3)      Live:         -                 5M (0%)            5M (0%)            5M (0%)             -                  -          
[2024-07-21T21:53:28.470+0800][5.608s][gc,heap     ] GC(3) Allocated:         -                34M (2%)           34M (2%)           34M (2%)             -                  -          
[2024-07-21T21:53:28.470+0800][5.608s][gc,heap     ] GC(3)   Garbage:         -              1380M (67%)          66M (3%)           32M (2%)             -                  -          
[2024-07-21T21:53:28.470+0800][5.608s][gc,heap     ] GC(3) Reclaimed:         -                  -              1314M (64%)        1348M (66%)            -                  -          
[2024-07-21T21:53:28.470+0800][5.608s][gc          ] GC(3) Garbage Collection (Proactive) 1386M(68%)->72M(4%)
[2024-07-21T21:53:30.545+0800][7.684s][gc,start    ] GC(4) Garbage Collection (Proactive)
[2024-07-21T21:53:30.545+0800][7.684s][gc,task     ] GC(4) Using 2 workers
[2024-07-21T21:53:30.545+0800][7.684s][gc,phases   ] GC(4) Pause Mark Start 0.009ms
[2024-07-21T21:53:30.561+0800][7.700s][gc,phases   ] GC(4) Concurrent Mark 15.329ms
[2024-07-21T21:53:30.561+0800][7.700s][gc,phases   ] GC(4) Pause Mark End 0.015ms
[2024-07-21T21:53:30.562+0800][7.700s][gc,phases   ] GC(4) Concurrent Mark Free 0.001ms
[2024-07-21T21:53:30.562+0800][7.701s][gc,phases   ] GC(4) Concurrent Process Non-Strong References 0.813ms
[2024-07-21T21:53:30.562+0800][7.701s][gc,phases   ] GC(4) Concurrent Reset Relocation Set 0.001ms
[2024-07-21T21:53:30.565+0800][7.704s][gc,phases   ] GC(4) Concurrent Select Relocation Set 2.779ms
[2024-07-21T21:53:30.566+0800][7.704s][gc,phases   ] GC(4) Pause Relocate Start 0.042ms
[2024-07-21T21:53:30.567+0800][7.706s][gc,phases   ] GC(4) Concurrent Relocate 0.897ms
[2024-07-21T21:53:30.567+0800][7.706s][gc,load     ] GC(4) Load: 0.00/0.00/0.00
[2024-07-21T21:53:30.567+0800][7.706s][gc,mmu      ] GC(4) MMU: 2ms/97.9%, 5ms/98.9%, 10ms/99.4%, 20ms/99.7%, 50ms/99.9%, 100ms/99.9%
[2024-07-21T21:53:30.567+0800][7.706s][gc,marking  ] GC(4) Mark: 2 stripe(s), 2 proactive flush(es), 1 terminate flush(es), 0 completion(s), 0 continuation(s) 
[2024-07-21T21:53:30.567+0800][7.706s][gc,marking  ] GC(4) Mark Stack Usage: 32M
[2024-07-21T21:53:30.567+0800][7.706s][gc,nmethod  ] GC(4) NMethods: 442 registered, 0 unregistered
[2024-07-21T21:53:30.567+0800][7.706s][gc,metaspace] GC(4) Metaspace: 1M used, 1M committed, 1032M reserved
[2024-07-21T21:53:30.567+0800][7.706s][gc,ref      ] GC(4) Soft: 93 encountered, 0 discovered, 0 enqueued
[2024-07-21T21:53:30.567+0800][7.706s][gc,ref      ] GC(4) Weak: 131 encountered, 107 discovered, 0 enqueued
[2024-07-21T21:53:30.567+0800][7.706s][gc,ref      ] GC(4) Final: 0 encountered, 0 discovered, 0 enqueued
[2024-07-21T21:53:30.567+0800][7.706s][gc,ref      ] GC(4) Phantom: 184 encountered, 125 discovered, 0 enqueued
[2024-07-21T21:53:30.567+0800][7.706s][gc,reloc    ] GC(4) Small Pages: 4 / 8M, Empty: 2M, Relocated: 0M, In-Place: 0
[2024-07-21T21:53:30.567+0800][7.706s][gc,reloc    ] GC(4) Medium Pages: 43 / 1376M, Empty: 1312M, Relocated: 2M, In-Place: 0
[2024-07-21T21:53:30.567+0800][7.706s][gc,reloc    ] GC(4) Large Pages: 0 / 0M, Empty: 0M, Relocated: 0M, In-Place: 0
[2024-07-21T21:53:30.567+0800][7.706s][gc,reloc    ] GC(4) Forwarding Usage: 0M
[2024-07-21T21:53:30.567+0800][7.706s][gc,heap     ] GC(4) Min Capacity: 8M(0%)
[2024-07-21T21:53:30.567+0800][7.706s][gc,heap     ] GC(4) Max Capacity: 2048M(100%)
[2024-07-21T21:53:30.567+0800][7.706s][gc,heap     ] GC(4) Soft Max Capacity: 2048M(100%)
[2024-07-21T21:53:30.567+0800][7.706s][gc,heap     ] GC(4)                Mark Start          Mark End        Relocate Start      Relocate End           High               Low         
[2024-07-21T21:53:30.567+0800][7.706s][gc,heap     ] GC(4)  Capacity:     1440M (70%)        1440M (70%)        1440M (70%)        1440M (70%)        1440M (70%)        1440M (70%)    
[2024-07-21T21:53:30.567+0800][7.706s][gc,heap     ] GC(4)      Free:      664M (32%)         630M (31%)        1944M (95%)        1976M (96%)        1976M (96%)         630M (31%)    
[2024-07-21T21:53:30.567+0800][7.706s][gc,heap     ] GC(4)      Used:     1384M (68%)        1418M (69%)         104M (5%)           72M (4%)         1418M (69%)          72M (4%)     
[2024-07-21T21:53:30.567+0800][7.706s][gc,heap     ] GC(4)      Live:         -                 6M (0%)            6M (0%)            6M (0%)             -                  -          
[2024-07-21T21:53:30.567+0800][7.706s][gc,heap     ] GC(4) Allocated:         -                34M (2%)           34M (2%)           34M (2%)             -                  -          
[2024-07-21T21:53:30.567+0800][7.706s][gc,heap     ] GC(4)   Garbage:         -              1377M (67%)          63M (3%)           31M (2%)             -                  -          
[2024-07-21T21:53:30.567+0800][7.706s][gc,heap     ] GC(4) Reclaimed:         -                  -              1314M (64%)        1346M (66%)            -                  -          
[2024-07-21T21:53:30.567+0800][7.706s][gc          ] GC(4) Garbage Collection (Proactive) 1384M(68%)->72M(4%)
[2024-07-21T21:53:32.144+0800][9.282s][gc,start    ] GC(5) Garbage Collection (Proactive)
[2024-07-21T21:53:32.144+0800][9.282s][gc,task     ] GC(5) Using 2 workers
[2024-07-21T21:53:32.144+0800][9.283s][gc,phases   ] GC(5) Pause Mark Start 0.009ms
[2024-07-21T21:53:32.160+0800][9.298s][gc,phases   ] GC(5) Concurrent Mark 15.443ms
[2024-07-21T21:53:32.160+0800][9.299s][gc,phases   ] GC(5) Pause Mark End 0.010ms
[2024-07-21T21:53:32.160+0800][9.299s][gc,phases   ] GC(5) Concurrent Mark Free 0.001ms
[2024-07-21T21:53:32.160+0800][9.300s][gc,phases   ] GC(5) Concurrent Process Non-Strong References 0.878ms
[2024-07-21T21:53:32.160+0800][9.300s][gc,phases   ] GC(5) Concurrent Reset Relocation Set 0.001ms
[2024-07-21T21:53:32.164+0800][9.302s][gc,phases   ] GC(5) Concurrent Select Relocation Set 2.249ms
[2024-07-21T21:53:32.164+0800][9.302s][gc,phases   ] GC(5) Pause Relocate Start 0.007ms
[2024-07-21T21:53:32.165+0800][9.303s][gc,phases   ] GC(5) Concurrent Relocate 0.641ms
[2024-07-21T21:53:32.165+0800][9.303s][gc,load     ] GC(5) Load: 0.00/0.00/0.00
[2024-07-21T21:53:32.165+0800][9.303s][gc,mmu      ] GC(5) MMU: 2ms/97.9%, 5ms/98.9%, 10ms/99.4%, 20ms/99.7%, 50ms/99.9%, 100ms/99.9%
[2024-07-21T21:53:32.165+0800][9.303s][gc,marking  ] GC(5) Mark: 2 stripe(s), 2 proactive flush(es), 1 terminate flush(es), 0 completion(s), 0 continuation(s) 
[2024-07-21T21:53:32.165+0800][9.303s][gc,marking  ] GC(5) Mark Stack Usage: 32M
[2024-07-21T21:53:32.165+0800][9.303s][gc,nmethod  ] GC(5) NMethods: 451 registered, 0 unregistered
[2024-07-21T21:53:32.165+0800][9.303s][gc,metaspace] GC(5) Metaspace: 1M used, 1M committed, 1032M reserved
[2024-07-21T21:53:32.165+0800][9.303s][gc,ref      ] GC(5) Soft: 93 encountered, 0 discovered, 0 enqueued
[2024-07-21T21:53:32.165+0800][9.303s][gc,ref      ] GC(5) Weak: 131 encountered, 69 discovered, 0 enqueued
[2024-07-21T21:53:32.165+0800][9.303s][gc,ref      ] GC(5) Final: 0 encountered, 0 discovered, 0 enqueued
[2024-07-21T21:53:32.165+0800][9.303s][gc,ref      ] GC(5) Phantom: 184 encountered, 125 discovered, 0 enqueued
[2024-07-21T21:53:32.165+0800][9.303s][gc,reloc    ] GC(5) Small Pages: 4 / 8M, Empty: 2M, Relocated: 0M, In-Place: 0
[2024-07-21T21:53:32.165+0800][9.303s][gc,reloc    ] GC(5) Medium Pages: 34 / 1088M, Empty: 1024M, Relocated: 2M, In-Place: 0
[2024-07-21T21:53:32.165+0800][9.303s][gc,reloc    ] GC(5) Large Pages: 0 / 0M, Empty: 0M, Relocated: 0M, In-Place: 0
[2024-07-21T21:53:32.165+0800][9.303s][gc,reloc    ] GC(5) Forwarding Usage: 0M
[2024-07-21T21:53:32.165+0800][9.303s][gc,heap     ] GC(5) Min Capacity: 8M(0%)
[2024-07-21T21:53:32.165+0800][9.303s][gc,heap     ] GC(5) Max Capacity: 2048M(100%)
[2024-07-21T21:53:32.165+0800][9.303s][gc,heap     ] GC(5) Soft Max Capacity: 2048M(100%)
[2024-07-21T21:53:32.165+0800][9.303s][gc,heap     ] GC(5)                Mark Start          Mark End        Relocate Start      Relocate End           High               Low         
[2024-07-21T21:53:32.165+0800][9.303s][gc,heap     ] GC(5)  Capacity:     1440M (70%)        1440M (70%)        1440M (70%)        1440M (70%)        1440M (70%)        1440M (70%)    
[2024-07-21T21:53:32.165+0800][9.303s][gc,heap     ] GC(5)      Free:      952M (46%)         918M (45%)        1944M (95%)        1976M (96%)        1976M (96%)         918M (45%)    
[2024-07-21T21:53:32.165+0800][9.303s][gc,heap     ] GC(5)      Used:     1096M (54%)        1130M (55%)         104M (5%)           72M (4%)         1130M (55%)          72M (4%)     
[2024-07-21T21:53:32.165+0800][9.303s][gc,heap     ] GC(5)      Live:         -                 6M (0%)            6M (0%)            6M (0%)             -                  -          
[2024-07-21T21:53:32.165+0800][9.303s][gc,heap     ] GC(5) Allocated:         -                34M (2%)           34M (2%)           34M (2%)             -                  -          
[2024-07-21T21:53:32.165+0800][9.303s][gc,heap     ] GC(5)   Garbage:         -              1089M (53%)          63M (3%)           31M (2%)             -                  -          
[2024-07-21T21:53:32.165+0800][9.303s][gc,heap     ] GC(5) Reclaimed:         -                  -              1026M (50%)        1058M (52%)            -                  -          
[2024-07-21T21:53:32.165+0800][9.303s][gc          ] GC(5) Garbage Collection (Proactive) 1096M(54%)->72M(4%)
[2024-07-21T21:53:32.948+0800][10.086s][gc,stats    ] === Garbage Collection Statistics =======================================================================================================================
[2024-07-21T21:53:32.948+0800][10.086s][gc,stats    ]                                                              Last 10s              Last 10m              Last 10h                Total
[2024-07-21T21:53:32.948+0800][10.086s][gc,stats    ]                                                              Avg / Max             Avg / Max             Avg / Max             Avg / Max
[2024-07-21T21:53:32.948+0800][10.086s][gc,stats    ]   Collector: Garbage Collection Cycle                     26.717 / 42.355       26.717 / 42.355       26.717 / 42.355       26.717 / 42.355      ms
[2024-07-21T21:53:32.948+0800][10.086s][gc,stats    ]  Contention: Mark Segment Reset Contention                     0 / 2                 0 / 2                 0 / 2                 0 / 2           ops/s
[2024-07-21T21:53:32.948+0800][10.086s][gc,stats    ]  Contention: Mark SeqNum Reset Contention                      0 / 0                 0 / 0                 0 / 0                 0 / 0           ops/s
[2024-07-21T21:53:32.948+0800][10.086s][gc,stats    ]    Critical: Allocation Stall                                  0 / 0                 0 / 0                 0 / 0                 0 / 0           ops/s
[2024-07-21T21:53:32.948+0800][10.086s][gc,stats    ]    Critical: Allocation Stall                              0.000 / 0.000         0.000 / 0.000         0.000 / 0.000         0.000 / 0.000       ms
[2024-07-21T21:53:32.948+0800][10.086s][gc,stats    ]    Critical: GC Locker Stall                                   0 / 0                 0 / 0                 0 / 0                 0 / 0           ops/s
[2024-07-21T21:53:32.948+0800][10.086s][gc,stats    ]    Critical: GC Locker Stall                               0.000 / 0.000         0.000 / 0.000         0.000 / 0.000         0.000 / 0.000       ms
[2024-07-21T21:53:32.948+0800][10.086s][gc,stats    ]    Critical: Relocation Stall                                  0 / 0                 0 / 0                 0 / 0                 0 / 0           ops/s
[2024-07-21T21:53:32.948+0800][10.086s][gc,stats    ]    Critical: Relocation Stall                              0.000 / 0.000         0.000 / 0.000         0.000 / 0.000         0.000 / 0.000       ms
[2024-07-21T21:53:32.948+0800][10.086s][gc,stats    ]      Memory: Allocation Rate                                 550 / 706             550 / 706             550 / 706             550 / 706         MB/s
[2024-07-21T21:53:32.948+0800][10.086s][gc,stats    ]      Memory: Out Of Memory                                     0 / 0                 0 / 0                 0 / 0                 0 / 0           ops/s
[2024-07-21T21:53:32.948+0800][10.086s][gc,stats    ]      Memory: Page Cache Flush                                  0 / 0                 0 / 0                 0 / 0                 0 / 0           MB/s
[2024-07-21T21:53:32.948+0800][10.086s][gc,stats    ]      Memory: Page Cache Hit L1                                14 / 24               14 / 24               14 / 24               14 / 24          ops/s
[2024-07-21T21:53:32.948+0800][10.086s][gc,stats    ]      Memory: Page Cache Hit L2                                 0 / 0                 0 / 0                 0 / 0                 0 / 0           ops/s
[2024-07-21T21:53:32.948+0800][10.086s][gc,stats    ]      Memory: Page Cache Hit L3                                 1 / 15                1 / 15                1 / 15                1 / 15          ops/s
[2024-07-21T21:53:32.948+0800][10.086s][gc,stats    ]      Memory: Page Cache Miss                                   3 / 13                3 / 13                3 / 13                3 / 13          ops/s
[2024-07-21T21:53:32.948+0800][10.087s][gc,stats    ]      Memory: Uncommit                                          0 / 0                 0 / 0                 0 / 0                 0 / 0           MB/s
[2024-07-21T21:53:32.948+0800][10.087s][gc,stats    ]      Memory: Undo Object Allocation Failed                     0 / 0                 0 / 0                 0 / 0                 0 / 0           ops/s
[2024-07-21T21:53:32.948+0800][10.087s][gc,stats    ]      Memory: Undo Object Allocation Succeeded                  0 / 0                 0 / 0                 0 / 0                 0 / 0           ops/s
[2024-07-21T21:53:32.948+0800][10.087s][gc,stats    ]      Memory: Undo Page Allocation                              0 / 0                 0 / 0                 0 / 0                 0 / 0           ops/s
[2024-07-21T21:53:32.948+0800][10.087s][gc,stats    ]       Phase: Concurrent Mark                              15.262 / 15.461       15.262 / 15.461       15.262 / 15.461       15.262 / 15.461      ms
[2024-07-21T21:53:32.948+0800][10.087s][gc,stats    ]       Phase: Concurrent Mark Continue                      0.000 / 0.000         0.000 / 0.000         0.000 / 0.000         0.000 / 0.000       ms
[2024-07-21T21:53:32.948+0800][10.087s][gc,stats    ]       Phase: Concurrent Mark Free                          0.001 / 0.001         0.001 / 0.001         0.001 / 0.001         0.001 / 0.001       ms
[2024-07-21T21:53:32.948+0800][10.087s][gc,stats    ]       Phase: Concurrent Process Non-Strong References      0.792 / 0.952         0.792 / 0.952         0.792 / 0.952         0.792 / 0.952       ms
[2024-07-21T21:53:32.948+0800][10.087s][gc,stats    ]       Phase: Concurrent Relocate                           2.421 / 7.188         2.421 / 7.188         2.421 / 7.188         2.421 / 7.188       ms
[2024-07-21T21:53:32.948+0800][10.087s][gc,stats    ]       Phase: Concurrent Reset Relocation Set               0.001 / 0.001         0.001 / 0.001         0.001 / 0.001         0.001 / 0.001       ms
[2024-07-21T21:53:32.948+0800][10.087s][gc,stats    ]       Phase: Concurrent Select Relocation Set              4.262 / 12.477        4.262 / 12.477        4.262 / 12.477        4.262 / 12.477      ms
[2024-07-21T21:53:32.948+0800][10.087s][gc,stats    ]       Phase: Pause Mark End                                0.019 / 0.025         0.019 / 0.025         0.019 / 0.025         0.019 / 0.025       ms
[2024-07-21T21:53:32.948+0800][10.087s][gc,stats    ]       Phase: Pause Mark Start                              0.008 / 0.010         0.008 / 0.010         0.008 / 0.010         0.008 / 0.010       ms
[2024-07-21T21:53:32.948+0800][10.087s][gc,stats    ]       Phase: Pause Relocate Start                          0.015 / 0.042         0.015 / 0.042         0.015 / 0.042         0.015 / 0.042       ms
[2024-07-21T21:53:32.948+0800][10.087s][gc,stats    ]    Subphase: Concurrent Classes Purge                      0.089 / 0.124         0.089 / 0.124         0.089 / 0.124         0.089 / 0.124       ms
[2024-07-21T21:53:32.948+0800][10.087s][gc,stats    ]    Subphase: Concurrent Classes Unlink                     0.284 / 0.364         0.284 / 0.364         0.284 / 0.364         0.284 / 0.364       ms
[2024-07-21T21:53:32.949+0800][10.087s][gc,stats    ]    Subphase: Concurrent Mark                               8.868 / 15.018        8.868 / 15.018        8.868 / 15.018        8.868 / 15.018      ms
[2024-07-21T21:53:32.949+0800][10.087s][gc,stats    ]    Subphase: Concurrent Mark Try Flush                     0.095 / 0.149         0.095 / 0.149         0.095 / 0.149         0.095 / 0.149       ms
[2024-07-21T21:53:32.949+0800][10.087s][gc,stats    ]    Subphase: Concurrent Mark Try Terminate                 4.039 / 13.542        4.039 / 13.542        4.039 / 13.542        4.039 / 13.542      ms
[2024-07-21T21:53:32.949+0800][10.087s][gc,stats    ]    Subphase: Concurrent References Enqueue                 0.002 / 0.006         0.002 / 0.006         0.002 / 0.006         0.002 / 0.006       ms
[2024-07-21T21:53:32.949+0800][10.087s][gc,stats    ]    Subphase: Concurrent References Process                 0.090 / 0.146         0.090 / 0.146         0.090 / 0.146         0.090 / 0.146       ms
[2024-07-21T21:53:32.949+0800][10.087s][gc,stats    ]    Subphase: Concurrent Roots ClassLoaderDataGraph         0.057 / 0.221         0.057 / 0.221         0.057 / 0.221         0.057 / 0.221       ms
[2024-07-21T21:53:32.949+0800][10.087s][gc,stats    ]    Subphase: Concurrent Roots CodeCache                    0.000 / 0.000         0.000 / 0.000         0.000 / 0.000         0.000 / 0.000       ms
[2024-07-21T21:53:32.949+0800][10.087s][gc,stats    ]    Subphase: Concurrent Roots JavaThreads                  0.210 / 0.410         0.210 / 0.410         0.210 / 0.410         0.210 / 0.410       ms
[2024-07-21T21:53:32.949+0800][10.087s][gc,stats    ]    Subphase: Concurrent Roots OopStorageSet                0.021 / 0.038         0.021 / 0.038         0.021 / 0.038         0.021 / 0.038       ms
[2024-07-21T21:53:32.949+0800][10.087s][gc,stats    ]    Subphase: Concurrent Weak Roots OopStorageSet           0.141 / 0.285         0.141 / 0.285         0.141 / 0.285         0.141 / 0.285       ms
[2024-07-21T21:53:32.949+0800][10.087s][gc,stats    ]    Subphase: Pause Mark Try Complete                       0.000 / 0.000         0.000 / 0.000         0.000 / 0.000         0.000 / 0.000       ms
[2024-07-21T21:53:32.949+0800][10.087s][gc,stats    ]      System: Java Threads                                     13 / 13               13 / 13               13 / 13               13 / 13          threads
[2024-07-21T21:53:32.949+0800][10.087s][gc,stats    ] =========================================================================================================================================================
[2024-07-21T21:53:33.548+0800][10.686s][gc,start    ] GC(6) Garbage Collection (Proactive)
[2024-07-21T21:53:33.548+0800][10.686s][gc,task     ] GC(6) Using 2 workers
[2024-07-21T21:53:33.548+0800][10.686s][gc,phases   ] GC(6) Pause Mark Start 0.006ms
[2024-07-21T21:53:33.563+0800][10.702s][gc,phases   ] GC(6) Concurrent Mark 15.517ms
[2024-07-21T21:53:33.563+0800][10.702s][gc,phases   ] GC(6) Pause Mark End 0.016ms
[2024-07-21T21:53:33.563+0800][10.702s][gc,phases   ] GC(6) Concurrent Mark Free 0.001ms
[2024-07-21T21:53:33.563+0800][10.703s][gc,phases   ] GC(6) Concurrent Process Non-Strong References 0.581ms
[2024-07-21T21:53:33.564+0800][10.703s][gc,phases   ] GC(6) Concurrent Reset Relocation Set 0.001ms
[2024-07-21T21:53:33.566+0800][10.705s][gc,phases   ] GC(6) Concurrent Select Relocation Set 2.152ms
[2024-07-21T21:53:33.566+0800][10.705s][gc,phases   ] GC(6) Pause Relocate Start 0.008ms
[2024-07-21T21:53:33.570+0800][10.708s][gc,phases   ] GC(6) Concurrent Relocate 3.017ms
[2024-07-21T21:53:33.570+0800][10.708s][gc,load     ] GC(6) Load: 0.00/0.00/0.00
[2024-07-21T21:53:33.570+0800][10.708s][gc,mmu      ] GC(6) MMU: 2ms/97.9%, 5ms/98.9%, 10ms/99.4%, 20ms/99.7%, 50ms/99.9%, 100ms/99.9%
[2024-07-21T21:53:33.570+0800][10.708s][gc,marking  ] GC(6) Mark: 2 stripe(s), 2 proactive flush(es), 1 terminate flush(es), 0 completion(s), 0 continuation(s) 
[2024-07-21T21:53:33.570+0800][10.708s][gc,marking  ] GC(6) Mark Stack Usage: 32M
[2024-07-21T21:53:33.570+0800][10.708s][gc,nmethod  ] GC(6) NMethods: 462 registered, 0 unregistered
[2024-07-21T21:53:33.570+0800][10.708s][gc,metaspace] GC(6) Metaspace: 1M used, 1M committed, 1032M reserved
[2024-07-21T21:53:33.570+0800][10.708s][gc,ref      ] GC(6) Soft: 93 encountered, 0 discovered, 0 enqueued
[2024-07-21T21:53:33.570+0800][10.708s][gc,ref      ] GC(6) Weak: 131 encountered, 80 discovered, 0 enqueued
[2024-07-21T21:53:33.570+0800][10.708s][gc,ref      ] GC(6) Final: 0 encountered, 0 discovered, 0 enqueued
[2024-07-21T21:53:33.570+0800][10.708s][gc,ref      ] GC(6) Phantom: 184 encountered, 125 discovered, 0 enqueued
[2024-07-21T21:53:33.570+0800][10.708s][gc,reloc    ] GC(6) Small Pages: 4 / 8M, Empty: 0M, Relocated: 1M, In-Place: 0
[2024-07-21T21:53:33.570+0800][10.708s][gc,reloc    ] GC(6) Medium Pages: 30 / 960M, Empty: 896M, Relocated: 13M, In-Place: 0
[2024-07-21T21:53:33.570+0800][10.708s][gc,reloc    ] GC(6) Large Pages: 0 / 0M, Empty: 0M, Relocated: 0M, In-Place: 0
[2024-07-21T21:53:33.570+0800][10.708s][gc,reloc    ] GC(6) Forwarding Usage: 0M
[2024-07-21T21:53:33.570+0800][10.708s][gc,heap     ] GC(6) Min Capacity: 8M(0%)
[2024-07-21T21:53:33.570+0800][10.708s][gc,heap     ] GC(6) Max Capacity: 2048M(100%)
[2024-07-21T21:53:33.570+0800][10.709s][gc,heap     ] GC(6) Soft Max Capacity: 2048M(100%)
[2024-07-21T21:53:33.570+0800][10.709s][gc,heap     ] GC(6)                Mark Start          Mark End        Relocate Start      Relocate End           High               Low         
[2024-07-21T21:53:33.570+0800][10.709s][gc,heap     ] GC(6)  Capacity:     1440M (70%)        1440M (70%)        1440M (70%)        1440M (70%)        1440M (70%)        1440M (70%)    
[2024-07-21T21:53:33.570+0800][10.709s][gc,heap     ] GC(6)      Free:     1080M (53%)        1046M (51%)        1942M (95%)        1976M (96%)        1976M (96%)        1046M (51%)    
[2024-07-21T21:53:33.570+0800][10.709s][gc,heap     ] GC(6)      Used:      968M (47%)        1002M (49%)         106M (5%)           72M (4%)         1002M (49%)          72M (4%)     
[2024-07-21T21:53:33.570+0800][10.709s][gc,heap     ] GC(6)      Live:         -                17M (1%)           17M (1%)           17M (1%)             -                  -          
[2024-07-21T21:53:33.570+0800][10.709s][gc,heap     ] GC(6) Allocated:         -                34M (2%)           34M (2%)           33M (2%)             -                  -          
[2024-07-21T21:53:33.570+0800][10.709s][gc,heap     ] GC(6)   Garbage:         -               950M (46%)          54M (3%)           20M (1%)             -                  -          
[2024-07-21T21:53:33.570+0800][10.709s][gc,heap     ] GC(6) Reclaimed:         -                  -               896M (44%)         929M (45%)            -                  -          
[2024-07-21T21:53:33.570+0800][10.709s][gc          ] GC(6) Garbage Collection (Proactive) 968M(47%)->72M(4%)
[2024-07-21T21:53:34.946+0800][12.085s][gc,start    ] GC(7) Garbage Collection (Proactive)
[2024-07-21T21:53:34.947+0800][12.085s][gc,task     ] GC(7) Using 2 workers
[2024-07-21T21:53:34.947+0800][12.085s][gc,phases   ] GC(7) Pause Mark Start 0.007ms
[2024-07-21T21:53:34.962+0800][12.101s][gc,phases   ] GC(7) Concurrent Mark 15.561ms
[2024-07-21T21:53:34.962+0800][12.101s][gc,phases   ] GC(7) Pause Mark End 0.021ms
[2024-07-21T21:53:34.962+0800][12.101s][gc,phases   ] GC(7) Concurrent Mark Free 0.002ms
[2024-07-21T21:53:34.963+0800][12.102s][gc,phases   ] GC(7) Concurrent Process Non-Strong References 1.065ms
[2024-07-21T21:53:34.963+0800][12.102s][gc,phases   ] GC(7) Concurrent Reset Relocation Set 0.002ms
[2024-07-21T21:53:34.967+0800][12.106s][gc,phases   ] GC(7) Concurrent Select Relocation Set 3.526ms
[2024-07-21T21:53:34.967+0800][12.106s][gc,phases   ] GC(7) Pause Relocate Start 0.009ms
[2024-07-21T21:53:34.968+0800][12.107s][gc,phases   ] GC(7) Concurrent Relocate 1.135ms
[2024-07-21T21:53:34.968+0800][12.107s][gc,load     ] GC(7) Load: 0.00/0.00/0.00
[2024-07-21T21:53:34.968+0800][12.107s][gc,mmu      ] GC(7) MMU: 2ms/97.9%, 5ms/98.9%, 10ms/99.4%, 20ms/99.7%, 50ms/99.9%, 100ms/99.9%
[2024-07-21T21:53:34.968+0800][12.107s][gc,marking  ] GC(7) Mark: 2 stripe(s), 2 proactive flush(es), 1 terminate flush(es), 0 completion(s), 0 continuation(s) 
[2024-07-21T21:53:34.968+0800][12.107s][gc,marking  ] GC(7) Mark Stack Usage: 32M
[2024-07-21T21:53:34.968+0800][12.107s][gc,nmethod  ] GC(7) NMethods: 466 registered, 0 unregistered
[2024-07-21T21:53:34.968+0800][12.107s][gc,metaspace] GC(7) Metaspace: 1M used, 1M committed, 1032M reserved
[2024-07-21T21:53:34.968+0800][12.107s][gc,ref      ] GC(7) Soft: 93 encountered, 0 discovered, 0 enqueued
[2024-07-21T21:53:34.968+0800][12.107s][gc,ref      ] GC(7) Weak: 131 encountered, 1 discovered, 0 enqueued
[2024-07-21T21:53:34.969+0800][12.107s][gc,ref      ] GC(7) Final: 0 encountered, 0 discovered, 0 enqueued
[2024-07-21T21:53:34.969+0800][12.107s][gc,ref      ] GC(7) Phantom: 184 encountered, 138 discovered, 0 enqueued
[2024-07-21T21:53:34.969+0800][12.107s][gc,reloc    ] GC(7) Small Pages: 4 / 8M, Empty: 0M, Relocated: 1M, In-Place: 0
[2024-07-21T21:53:34.969+0800][12.107s][gc,reloc    ] GC(7) Medium Pages: 30 / 960M, Empty: 896M, Relocated: 2M, In-Place: 0
[2024-07-21T21:53:34.969+0800][12.107s][gc,reloc    ] GC(7) Large Pages: 0 / 0M, Empty: 0M, Relocated: 0M, In-Place: 0
[2024-07-21T21:53:34.969+0800][12.107s][gc,reloc    ] GC(7) Forwarding Usage: 0M
[2024-07-21T21:53:34.969+0800][12.107s][gc,heap     ] GC(7) Min Capacity: 8M(0%)
[2024-07-21T21:53:34.969+0800][12.108s][gc,heap     ] GC(7) Max Capacity: 2048M(100%)
[2024-07-21T21:53:34.969+0800][12.108s][gc,heap     ] GC(7) Soft Max Capacity: 2048M(100%)
[2024-07-21T21:53:34.969+0800][12.108s][gc,heap     ] GC(7)                Mark Start          Mark End        Relocate Start      Relocate End           High               Low         
[2024-07-21T21:53:34.969+0800][12.108s][gc,heap     ] GC(7)  Capacity:     1440M (70%)        1440M (70%)        1440M (70%)        1440M (70%)        1440M (70%)        1440M (70%)    
[2024-07-21T21:53:34.969+0800][12.108s][gc,heap     ] GC(7)      Free:     1080M (53%)        1046M (51%)        1942M (95%)        1976M (96%)        1976M (96%)        1046M (51%)    
[2024-07-21T21:53:34.969+0800][12.108s][gc,heap     ] GC(7)      Used:      968M (47%)        1002M (49%)         106M (5%)           72M (4%)         1002M (49%)          72M (4%)     
[2024-07-21T21:53:34.969+0800][12.108s][gc,heap     ] GC(7)      Live:         -                 6M (0%)            6M (0%)            6M (0%)             -                  -          
[2024-07-21T21:53:34.969+0800][12.108s][gc,heap     ] GC(7) Allocated:         -                34M (2%)           34M (2%)           34M (2%)             -                  -          
[2024-07-21T21:53:34.969+0800][12.108s][gc,heap     ] GC(7)   Garbage:         -               961M (47%)          65M (3%)           31M (2%)             -                  -          
[2024-07-21T21:53:34.969+0800][12.108s][gc,heap     ] GC(7) Reclaimed:         -                  -               896M (44%)         930M (45%)            -                  -          
[2024-07-21T21:53:34.969+0800][12.108s][gc          ] GC(7) Garbage Collection (Proactive) 968M(47%)->72M(4%)
[2024-07-21T21:53:36.347+0800][13.485s][gc,start    ] GC(8) Garbage Collection (Proactive)
[2024-07-21T21:53:36.347+0800][13.485s][gc,task     ] GC(8) Using 2 workers
[2024-07-21T21:53:36.347+0800][13.485s][gc,phases   ] GC(8) Pause Mark Start 0.015ms
[2024-07-21T21:53:36.363+0800][13.501s][gc,phases   ] GC(8) Concurrent Mark 15.564ms
[2024-07-21T21:53:36.363+0800][13.501s][gc,phases   ] GC(8) Pause Mark End 0.010ms
[2024-07-21T21:53:36.363+0800][13.501s][gc,phases   ] GC(8) Concurrent Mark Free 0.001ms
[2024-07-21T21:53:36.364+0800][13.502s][gc,phases   ] GC(8) Concurrent Process Non-Strong References 0.668ms
[2024-07-21T21:53:36.364+0800][13.502s][gc,phases   ] GC(8) Concurrent Reset Relocation Set 0.001ms
[2024-07-21T21:53:36.366+0800][13.504s][gc,phases   ] GC(8) Concurrent Select Relocation Set 2.357ms
[2024-07-21T21:53:36.366+0800][13.505s][gc,phases   ] GC(8) Pause Relocate Start 0.012ms
[2024-07-21T21:53:36.368+0800][13.506s][gc,phases   ] GC(8) Concurrent Relocate 1.209ms
[2024-07-21T21:53:36.368+0800][13.506s][gc,load     ] GC(8) Load: 0.00/0.00/0.00
[2024-07-21T21:53:36.368+0800][13.506s][gc,mmu      ] GC(8) MMU: 2ms/97.9%, 5ms/98.9%, 10ms/99.4%, 20ms/99.7%, 50ms/99.9%, 100ms/99.9%
[2024-07-21T21:53:36.368+0800][13.506s][gc,marking  ] GC(8) Mark: 2 stripe(s), 2 proactive flush(es), 1 terminate flush(es), 0 completion(s), 0 continuation(s) 
[2024-07-21T21:53:36.368+0800][13.506s][gc,marking  ] GC(8) Mark Stack Usage: 32M
[2024-07-21T21:53:36.368+0800][13.506s][gc,nmethod  ] GC(8) NMethods: 468 registered, 0 unregistered
[2024-07-21T21:53:36.368+0800][13.506s][gc,metaspace] GC(8) Metaspace: 1M used, 1M committed, 1032M reserved
[2024-07-21T21:53:36.368+0800][13.506s][gc,ref      ] GC(8) Soft: 93 encountered, 0 discovered, 0 enqueued
[2024-07-21T21:53:36.368+0800][13.506s][gc,ref      ] GC(8) Weak: 131 encountered, 1 discovered, 0 enqueued
[2024-07-21T21:53:36.368+0800][13.506s][gc,ref      ] GC(8) Final: 0 encountered, 0 discovered, 0 enqueued
[2024-07-21T21:53:36.368+0800][13.506s][gc,ref      ] GC(8) Phantom: 184 encountered, 125 discovered, 0 enqueued
[2024-07-21T21:53:36.368+0800][13.506s][gc,reloc    ] GC(8) Small Pages: 4 / 8M, Empty: 0M, Relocated: 1M, In-Place: 0
[2024-07-21T21:53:36.368+0800][13.506s][gc,reloc    ] GC(8) Medium Pages: 30 / 960M, Empty: 928M, Relocated: 0M, In-Place: 0
[2024-07-21T21:53:36.368+0800][13.506s][gc,reloc    ] GC(8) Large Pages: 0 / 0M, Empty: 0M, Relocated: 0M, In-Place: 0
[2024-07-21T21:53:36.368+0800][13.506s][gc,reloc    ] GC(8) Forwarding Usage: 0M
[2024-07-21T21:53:36.368+0800][13.506s][gc,heap     ] GC(8) Min Capacity: 8M(0%)
[2024-07-21T21:53:36.368+0800][13.506s][gc,heap     ] GC(8) Max Capacity: 2048M(100%)
[2024-07-21T21:53:36.368+0800][13.506s][gc,heap     ] GC(8) Soft Max Capacity: 2048M(100%)
[2024-07-21T21:53:36.368+0800][13.506s][gc,heap     ] GC(8)                Mark Start          Mark End        Relocate Start      Relocate End           High               Low         
[2024-07-21T21:53:36.368+0800][13.506s][gc,heap     ] GC(8)  Capacity:     1440M (70%)        1440M (70%)        1440M (70%)        1440M (70%)        1440M (70%)        1440M (70%)    
[2024-07-21T21:53:36.368+0800][13.506s][gc,heap     ] GC(8)      Free:     1080M (53%)        1046M (51%)        1974M (96%)        1974M (96%)        1974M (96%)        1046M (51%)    
[2024-07-21T21:53:36.368+0800][13.506s][gc,heap     ] GC(8)      Used:      968M (47%)        1002M (49%)          74M (4%)           74M (4%)         1002M (49%)          74M (4%)     
[2024-07-21T21:53:36.368+0800][13.506s][gc,heap     ] GC(8)      Live:         -                 4M (0%)            4M (0%)            4M (0%)             -                  -          
[2024-07-21T21:53:36.368+0800][13.506s][gc,heap     ] GC(8) Allocated:         -                34M (2%)           34M (2%)           33M (2%)             -                  -          
[2024-07-21T21:53:36.368+0800][13.506s][gc,heap     ] GC(8)   Garbage:         -               963M (47%)          35M (2%)           35M (2%)             -                  -          
[2024-07-21T21:53:36.368+0800][13.506s][gc,heap     ] GC(8) Reclaimed:         -                  -               928M (45%)         927M (45%)            -                  -          
[2024-07-21T21:53:36.368+0800][13.506s][gc          ] GC(8) Garbage Collection (Proactive) 968M(47%)->74M(4%)
[2024-07-21T21:53:37.654+0800][14.792s][gc,start    ] GC(9) Garbage Collection (Proactive)
[2024-07-21T21:53:37.654+0800][14.792s][gc,task     ] GC(9) Using 2 workers
[2024-07-21T21:53:37.654+0800][14.792s][gc,phases   ] GC(9) Pause Mark Start 0.006ms
[2024-07-21T21:53:37.670+0800][14.808s][gc,phases   ] GC(9) Concurrent Mark 15.416ms
[2024-07-21T21:53:37.670+0800][14.808s][gc,phases   ] GC(9) Pause Mark End 0.009ms
[2024-07-21T21:53:37.670+0800][14.808s][gc,phases   ] GC(9) Concurrent Mark Free 0.001ms
[2024-07-21T21:53:37.670+0800][14.809s][gc,phases   ] GC(9) Concurrent Process Non-Strong References 0.846ms
[2024-07-21T21:53:37.670+0800][14.809s][gc,phases   ] GC(9) Concurrent Reset Relocation Set 0.001ms
[2024-07-21T21:53:37.672+0800][14.811s][gc,phases   ] GC(9) Concurrent Select Relocation Set 2.024ms
[2024-07-21T21:53:37.672+0800][14.811s][gc,phases   ] GC(9) Pause Relocate Start 0.007ms
[2024-07-21T21:53:37.674+0800][14.813s][gc,phases   ] GC(9) Concurrent Relocate 1.344ms
[2024-07-21T21:53:37.674+0800][14.813s][gc,load     ] GC(9) Load: 0.00/0.00/0.00
[2024-07-21T21:53:37.674+0800][14.813s][gc,mmu      ] GC(9) MMU: 2ms/97.9%, 5ms/98.9%, 10ms/99.4%, 20ms/99.7%, 50ms/99.9%, 100ms/99.9%
[2024-07-21T21:53:37.674+0800][14.813s][gc,marking  ] GC(9) Mark: 2 stripe(s), 2 proactive flush(es), 1 terminate flush(es), 0 completion(s), 0 continuation(s) 
[2024-07-21T21:53:37.674+0800][14.813s][gc,marking  ] GC(9) Mark Stack Usage: 32M
[2024-07-21T21:53:37.674+0800][14.813s][gc,nmethod  ] GC(9) NMethods: 474 registered, 0 unregistered
[2024-07-21T21:53:37.674+0800][14.813s][gc,metaspace] GC(9) Metaspace: 1M used, 1M committed, 1032M reserved
[2024-07-21T21:53:37.674+0800][14.813s][gc,ref      ] GC(9) Soft: 93 encountered, 0 discovered, 0 enqueued
[2024-07-21T21:53:37.674+0800][14.813s][gc,ref      ] GC(9) Weak: 131 encountered, 99 discovered, 0 enqueued
[2024-07-21T21:53:37.674+0800][14.813s][gc,ref      ] GC(9) Final: 0 encountered, 0 discovered, 0 enqueued
[2024-07-21T21:53:37.674+0800][14.813s][gc,ref      ] GC(9) Phantom: 184 encountered, 145 discovered, 0 enqueued
[2024-07-21T21:53:37.674+0800][14.813s][gc,reloc    ] GC(9) Small Pages: 6 / 12M, Empty: 2M, Relocated: 1M, In-Place: 0
[2024-07-21T21:53:37.674+0800][14.813s][gc,reloc    ] GC(9) Medium Pages: 28 / 896M, Empty: 832M, Relocated: 3M, In-Place: 0
[2024-07-21T21:53:37.674+0800][14.813s][gc,reloc    ] GC(9) Large Pages: 0 / 0M, Empty: 0M, Relocated: 0M, In-Place: 0
[2024-07-21T21:53:37.674+0800][14.813s][gc,reloc    ] GC(9) Forwarding Usage: 0M
[2024-07-21T21:53:37.674+0800][14.813s][gc,heap     ] GC(9) Min Capacity: 8M(0%)
[2024-07-21T21:53:37.674+0800][14.813s][gc,heap     ] GC(9) Max Capacity: 2048M(100%)
[2024-07-21T21:53:37.674+0800][14.813s][gc,heap     ] GC(9) Soft Max Capacity: 2048M(100%)
[2024-07-21T21:53:37.674+0800][14.813s][gc,heap     ] GC(9)                Mark Start          Mark End        Relocate Start      Relocate End           High               Low         
[2024-07-21T21:53:37.674+0800][14.813s][gc,heap     ] GC(9)  Capacity:     1440M (70%)        1440M (70%)        1440M (70%)        1440M (70%)        1440M (70%)        1440M (70%)    
[2024-07-21T21:53:37.674+0800][14.813s][gc,heap     ] GC(9)      Free:     1140M (56%)        1106M (54%)        1940M (95%)        1976M (96%)        1976M (96%)        1106M (54%)    
[2024-07-21T21:53:37.674+0800][14.813s][gc,heap     ] GC(9)      Used:      908M (44%)         942M (46%)         108M (5%)           72M (4%)          942M (46%)          72M (4%)     
[2024-07-21T21:53:37.674+0800][14.813s][gc,heap     ] GC(9)      Live:         -                 7M (0%)            7M (0%)            7M (0%)             -                  -          
[2024-07-21T21:53:37.674+0800][14.813s][gc,heap     ] GC(9) Allocated:         -                34M (2%)           34M (2%)           33M (2%)             -                  -          
[2024-07-21T21:53:37.674+0800][14.813s][gc,heap     ] GC(9)   Garbage:         -               900M (44%)          66M (3%)           30M (1%)             -                  -          
[2024-07-21T21:53:37.674+0800][14.813s][gc,heap     ] GC(9) Reclaimed:         -                  -               834M (41%)         869M (42%)            -                  -          
[2024-07-21T21:53:37.674+0800][14.813s][gc          ] GC(9) Garbage Collection (Proactive) 908M(44%)->72M(4%)
[2024-07-21T21:53:38.851+0800][15.989s][gc,start    ] GC(10) Garbage Collection (Proactive)
[2024-07-21T21:53:38.851+0800][15.989s][gc,task     ] GC(10) Using 2 workers
[2024-07-21T21:53:38.851+0800][15.990s][gc,phases   ] GC(10) Pause Mark Start 0.011ms
[2024-07-21T21:53:38.867+0800][16.005s][gc,phases   ] GC(10) Concurrent Mark 15.213ms
[2024-07-21T21:53:38.867+0800][16.005s][gc,phases   ] GC(10) Pause Mark End 0.011ms
[2024-07-21T21:53:38.867+0800][16.006s][gc,phases   ] GC(10) Concurrent Mark Free 0.002ms
[2024-07-21T21:53:38.867+0800][16.006s][gc,phases   ] GC(10) Concurrent Process Non-Strong References 0.861ms
[2024-07-21T21:53:38.867+0800][16.006s][gc,phases   ] GC(10) Concurrent Reset Relocation Set 0.001ms
[2024-07-21T21:53:38.869+0800][16.008s][gc,phases   ] GC(10) Concurrent Select Relocation Set 1.901ms
[2024-07-21T21:53:38.870+0800][16.009s][gc,phases   ] GC(10) Pause Relocate Start 0.006ms
[2024-07-21T21:53:38.871+0800][16.010s][gc,phases   ] GC(10) Concurrent Relocate 1.596ms
[2024-07-21T21:53:38.871+0800][16.010s][gc,load     ] GC(10) Load: 0.00/0.00/0.00
[2024-07-21T21:53:38.872+0800][16.010s][gc,mmu      ] GC(10) MMU: 2ms/97.9%, 5ms/98.9%, 10ms/99.4%, 20ms/99.7%, 50ms/99.9%, 100ms/99.9%
[2024-07-21T21:53:38.872+0800][16.011s][gc,marking  ] GC(10) Mark: 2 stripe(s), 2 proactive flush(es), 1 terminate flush(es), 0 completion(s), 0 continuation(s) 
[2024-07-21T21:53:38.872+0800][16.011s][gc,marking  ] GC(10) Mark Stack Usage: 32M
[2024-07-21T21:53:38.872+0800][16.011s][gc,nmethod  ] GC(10) NMethods: 475 registered, 0 unregistered
[2024-07-21T21:53:38.872+0800][16.011s][gc,metaspace] GC(10) Metaspace: 1M used, 1M committed, 1032M reserved
[2024-07-21T21:53:38.872+0800][16.011s][gc,ref      ] GC(10) Soft: 93 encountered, 0 discovered, 0 enqueued
[2024-07-21T21:53:38.872+0800][16.011s][gc,ref      ] GC(10) Weak: 131 encountered, 98 discovered, 0 enqueued
[2024-07-21T21:53:38.872+0800][16.011s][gc,ref      ] GC(10) Final: 0 encountered, 0 discovered, 0 enqueued
[2024-07-21T21:53:38.872+0800][16.011s][gc,ref      ] GC(10) Phantom: 184 encountered, 145 discovered, 0 enqueued
[2024-07-21T21:53:38.872+0800][16.011s][gc,reloc    ] GC(10) Small Pages: 4 / 8M, Empty: 0M, Relocated: 1M, In-Place: 0
[2024-07-21T21:53:38.872+0800][16.011s][gc,reloc    ] GC(10) Medium Pages: 26 / 832M, Empty: 768M, Relocated: 4M, In-Place: 0
[2024-07-21T21:53:38.872+0800][16.011s][gc,reloc    ] GC(10) Large Pages: 0 / 0M, Empty: 0M, Relocated: 0M, In-Place: 0
[2024-07-21T21:53:38.872+0800][16.011s][gc,reloc    ] GC(10) Forwarding Usage: 0M
[2024-07-21T21:53:38.872+0800][16.011s][gc,heap     ] GC(10) Min Capacity: 8M(0%)
[2024-07-21T21:53:38.872+0800][16.011s][gc,heap     ] GC(10) Max Capacity: 2048M(100%)
[2024-07-21T21:53:38.872+0800][16.011s][gc,heap     ] GC(10) Soft Max Capacity: 2048M(100%)
[2024-07-21T21:53:38.872+0800][16.011s][gc,heap     ] GC(10)                Mark Start          Mark End        Relocate Start      Relocate End           High               Low         
[2024-07-21T21:53:38.872+0800][16.011s][gc,heap     ] GC(10)  Capacity:     1440M (70%)        1440M (70%)        1440M (70%)        1440M (70%)        1440M (70%)        1440M (70%)    
[2024-07-21T21:53:38.872+0800][16.011s][gc,heap     ] GC(10)      Free:     1208M (59%)        1174M (57%)        1942M (95%)        1976M (96%)        1976M (96%)        1174M (57%)    
[2024-07-21T21:53:38.872+0800][16.011s][gc,heap     ] GC(10)      Used:      840M (41%)         874M (43%)         106M (5%)           72M (4%)          874M (43%)          72M (4%)     
[2024-07-21T21:53:38.872+0800][16.011s][gc,heap     ] GC(10)      Live:         -                 8M (0%)            8M (0%)            8M (0%)             -                  -          
[2024-07-21T21:53:38.872+0800][16.011s][gc,heap     ] GC(10) Allocated:         -                34M (2%)           34M (2%)           33M (2%)             -                  -          
[2024-07-21T21:53:38.872+0800][16.011s][gc,heap     ] GC(10)   Garbage:         -               831M (41%)          63M (3%)           29M (1%)             -                  -          
[2024-07-21T21:53:38.872+0800][16.011s][gc,heap     ] GC(10) Reclaimed:         -                  -               768M (38%)         801M (39%)            -                  -          
[2024-07-21T21:53:38.872+0800][16.011s][gc          ] GC(10) Garbage Collection (Proactive) 840M(41%)->72M(4%)
[2024-07-21T21:53:40.046+0800][17.185s][gc,start    ] GC(11) Garbage Collection (Proactive)
[2024-07-21T21:53:40.047+0800][17.185s][gc,task     ] GC(11) Using 2 workers
[2024-07-21T21:53:40.047+0800][17.185s][gc,phases   ] GC(11) Pause Mark Start 0.011ms
[2024-07-21T21:53:40.062+0800][17.200s][gc,phases   ] GC(11) Concurrent Mark 14.950ms
[2024-07-21T21:53:40.062+0800][17.201s][gc,phases   ] GC(11) Pause Mark End 0.023ms
[2024-07-21T21:53:40.062+0800][17.201s][gc,phases   ] GC(11) Concurrent Mark Free 0.001ms
[2024-07-21T21:53:40.063+0800][17.202s][gc,phases   ] GC(11) Concurrent Process Non-Strong References 1.033ms
[2024-07-21T21:53:40.063+0800][17.202s][gc,phases   ] GC(11) Concurrent Reset Relocation Set 0.001ms
[2024-07-21T21:53:40.067+0800][17.206s][gc,phases   ] GC(11) Concurrent Select Relocation Set 3.498ms
[2024-07-21T21:53:40.067+0800][17.206s][gc,phases   ] GC(11) Pause Relocate Start 0.007ms
[2024-07-21T21:53:40.068+0800][17.207s][gc,phases   ] GC(11) Concurrent Relocate 1.482ms
[2024-07-21T21:53:40.069+0800][17.207s][gc,load     ] GC(11) Load: 0.00/0.00/0.00
[2024-07-21T21:53:40.069+0800][17.207s][gc,mmu      ] GC(11) MMU: 2ms/97.9%, 5ms/98.9%, 10ms/99.4%, 20ms/99.7%, 50ms/99.9%, 100ms/99.9%
[2024-07-21T21:53:40.069+0800][17.207s][gc,marking  ] GC(11) Mark: 2 stripe(s), 2 proactive flush(es), 1 terminate flush(es), 0 completion(s), 0 continuation(s) 
[2024-07-21T21:53:40.069+0800][17.207s][gc,marking  ] GC(11) Mark Stack Usage: 32M
[2024-07-21T21:53:40.069+0800][17.207s][gc,nmethod  ] GC(11) NMethods: 476 registered, 0 unregistered
[2024-07-21T21:53:40.069+0800][17.207s][gc,metaspace] GC(11) Metaspace: 1M used, 1M committed, 1032M reserved
[2024-07-21T21:53:40.069+0800][17.207s][gc,ref      ] GC(11) Soft: 93 encountered, 0 discovered, 0 enqueued
[2024-07-21T21:53:40.069+0800][17.208s][gc,ref      ] GC(11) Weak: 131 encountered, 0 discovered, 0 enqueued
[2024-07-21T21:53:40.069+0800][17.208s][gc,ref      ] GC(11) Final: 0 encountered, 0 discovered, 0 enqueued
[2024-07-21T21:53:40.069+0800][17.208s][gc,ref      ] GC(11) Phantom: 184 encountered, 138 discovered, 0 enqueued
[2024-07-21T21:53:40.069+0800][17.208s][gc,reloc    ] GC(11) Small Pages: 4 / 8M, Empty: 0M, Relocated: 1M, In-Place: 0
[2024-07-21T21:53:40.069+0800][17.208s][gc,reloc    ] GC(11) Medium Pages: 26 / 832M, Empty: 768M, Relocated: 3M, In-Place: 0
[2024-07-21T21:53:40.069+0800][17.208s][gc,reloc    ] GC(11) Large Pages: 0 / 0M, Empty: 0M, Relocated: 0M, In-Place: 0
[2024-07-21T21:53:40.069+0800][17.208s][gc,reloc    ] GC(11) Forwarding Usage: 0M
[2024-07-21T21:53:40.069+0800][17.208s][gc,heap     ] GC(11) Min Capacity: 8M(0%)
[2024-07-21T21:53:40.069+0800][17.208s][gc,heap     ] GC(11) Max Capacity: 2048M(100%)
[2024-07-21T21:53:40.069+0800][17.208s][gc,heap     ] GC(11) Soft Max Capacity: 2048M(100%)
[2024-07-21T21:53:40.069+0800][17.208s][gc,heap     ] GC(11)                Mark Start          Mark End        Relocate Start      Relocate End           High               Low         
[2024-07-21T21:53:40.069+0800][17.208s][gc,heap     ] GC(11)  Capacity:     1440M (70%)        1440M (70%)        1440M (70%)        1440M (70%)        1440M (70%)        1440M (70%)    
[2024-07-21T21:53:40.069+0800][17.208s][gc,heap     ] GC(11)      Free:     1208M (59%)        1174M (57%)        1942M (95%)        1976M (96%)        1976M (96%)        1174M (57%)    
[2024-07-21T21:53:40.069+0800][17.208s][gc,heap     ] GC(11)      Used:      840M (41%)         874M (43%)         106M (5%)           72M (4%)          874M (43%)          72M (4%)     
[2024-07-21T21:53:40.069+0800][17.208s][gc,heap     ] GC(11)      Live:         -                 7M (0%)            7M (0%)            7M (0%)             -                  -          
[2024-07-21T21:53:40.069+0800][17.208s][gc,heap     ] GC(11) Allocated:         -                34M (2%)           34M (2%)           34M (2%)             -                  -          
[2024-07-21T21:53:40.069+0800][17.208s][gc,heap     ] GC(11)   Garbage:         -               832M (41%)          64M (3%)           30M (1%)             -                  -          
[2024-07-21T21:53:40.069+0800][17.208s][gc,heap     ] GC(11) Reclaimed:         -                  -               768M (38%)         802M (39%)            -                  -          
[2024-07-21T21:53:40.069+0800][17.208s][gc          ] GC(11) Garbage Collection (Proactive) 840M(41%)->72M(4%)
[2024-07-21T21:53:40.488+0800][17.626s][gc,heap,exit] Heap
[2024-07-21T21:53:40.488+0800][17.627s][gc,heap,exit]  ZHeap           used 328M, capacity 1440M, max capacity 2048M
[2024-07-21T21:53:40.488+0800][17.627s][gc,heap,exit]  Metaspace       used 1346K, committed 1472K, reserved 1056768K
[2024-07-21T21:53:40.488+0800][17.627s][gc,heap,exit]   class space    used 111K, committed 192K, reserved 1048576K
