[2024-07-21T21:49:45.486+0800][0.015s][gc,init] Initializing The Z Garbage Collector
[2024-07-21T21:49:45.486+0800][0.015s][gc,init] Version: 17.0.2+8-86 (release)
[2024-07-21T21:49:45.486+0800][0.015s][gc,init] NUMA Support: Disabled
[2024-07-21T21:49:45.486+0800][0.015s][gc,init] CPUs: 8 total, 8 available
[2024-07-21T21:49:45.486+0800][0.015s][gc,init] Memory: 16281M
[2024-07-21T21:49:45.486+0800][0.016s][gc,init] Large Page Support: Disabled
[2024-07-21T21:49:45.488+0800][0.016s][gc,init] GC Workers: 2 (dynamic)
[2024-07-21T21:49:45.488+0800][0.016s][gc,init] Address Space Type: Contiguous/Unrestricted/Complete
[2024-07-21T21:49:45.488+0800][0.016s][gc,init] Address Space Size: 32768M x 3 = 98304M
[2024-07-21T21:49:45.488+0800][0.018s][gc,init] Min Capacity: 8M
[2024-07-21T21:49:45.489+0800][0.018s][gc,init] Initial Capacity: 256M
[2024-07-21T21:49:45.489+0800][0.018s][gc,init] Max Capacity: 2048M
[2024-07-21T21:49:45.489+0800][0.018s][gc,init] Medium Page Size: 32M
[2024-07-21T21:49:45.489+0800][0.018s][gc,init] Pre-touch: Disabled
[2024-07-21T21:49:45.489+0800][0.018s][gc,init] Uncommit: Enabled
[2024-07-21T21:49:45.489+0800][0.018s][gc,init] Uncommit Delay: 300s
[2024-07-21T21:49:45.503+0800][0.032s][gc,init] Runtime Workers: 5
[2024-07-21T21:49:45.504+0800][0.033s][gc     ] Using The Z Garbage Collector
[2024-07-21T21:49:45.504+0800][0.033s][gc,metaspace] CDS archive(s) mapped at: [0x0000000800000000-0x0000000800bc0000-0x0000000800bc0000), size 12320768, SharedBaseAddress: 0x0000000800000000, ArchiveRelocationMode: 0.
[2024-07-21T21:49:45.504+0800][0.033s][gc,metaspace] Compressed class space mapped at: 0x0000000800c00000-0x0000000840c00000, reserved size: 1073741824
[2024-07-21T21:49:45.504+0800][0.033s][gc,metaspace] Narrow klass base: 0x0000000800000000, Narrow klass shift: 0, Narrow klass range: 0x100000000
[2024-07-21T21:49:46.139+0800][0.668s][gc,start    ] GC(0) Garbage Collection (Warmup)
[2024-07-21T21:49:46.139+0800][0.668s][gc,task     ] GC(0) Using 2 workers
[2024-07-21T21:49:46.139+0800][0.668s][gc,phases   ] GC(0) Pause Mark Start 0.007ms
[2024-07-21T21:49:46.155+0800][0.683s][gc,phases   ] GC(0) Concurrent Mark 15.636ms
[2024-07-21T21:49:46.171+0800][0.699s][gc,phases   ] GC(0) Pause Mark End 0.038ms
[2024-07-21T21:49:46.171+0800][0.699s][gc,phases   ] GC(0) Concurrent Mark Free 0.001ms
[2024-07-21T21:49:46.172+0800][0.700s][gc,phases   ] GC(0) Concurrent Process Non-Strong References 0.542ms
[2024-07-21T21:49:46.172+0800][0.700s][gc,phases   ] GC(0) Concurrent Reset Relocation Set 0.001ms
[2024-07-21T21:49:46.185+0800][0.713s][gc,phases   ] GC(0) Concurrent Select Relocation Set 13.395ms
[2024-07-21T21:49:46.185+0800][0.714s][gc,phases   ] GC(0) Pause Relocate Start 0.010ms
[2024-07-21T21:49:46.190+0800][0.718s][gc,phases   ] GC(0) Concurrent Relocate 4.710ms
[2024-07-21T21:49:46.190+0800][0.718s][gc,load     ] GC(0) Load: 0.00/0.00/0.00
[2024-07-21T21:49:46.190+0800][0.718s][gc,mmu      ] GC(0) MMU: 2ms/98.1%, 5ms/99.2%, 10ms/99.6%, 20ms/99.8%, 50ms/99.9%, 100ms/99.9%
[2024-07-21T21:49:46.190+0800][0.718s][gc,marking  ] GC(0) Mark: 2 stripe(s), 1 proactive flush(es), 1 terminate flush(es), 0 completion(s), 0 continuation(s) 
[2024-07-21T21:49:46.190+0800][0.718s][gc,marking  ] GC(0) Mark Stack Usage: 32M
[2024-07-21T21:49:46.190+0800][0.718s][gc,nmethod  ] GC(0) NMethods: 325 registered, 0 unregistered
[2024-07-21T21:49:46.190+0800][0.718s][gc,metaspace] GC(0) Metaspace: 1M used, 1M committed, 1032M reserved
[2024-07-21T21:49:46.190+0800][0.718s][gc,ref      ] GC(0) Soft: 53 encountered, 0 discovered, 0 enqueued
[2024-07-21T21:49:46.190+0800][0.718s][gc,ref      ] GC(0) Weak: 153 encountered, 37 discovered, 36 enqueued
[2024-07-21T21:49:46.190+0800][0.719s][gc,ref      ] GC(0) Final: 0 encountered, 0 discovered, 0 enqueued
[2024-07-21T21:49:46.190+0800][0.719s][gc,ref      ] GC(0) Phantom: 217 encountered, 157 discovered, 33 enqueued
[2024-07-21T21:49:46.190+0800][0.719s][gc,reloc    ] GC(0) Small Pages: 6 / 12M, Empty: 0M, Relocated: 1M, In-Place: 0
[2024-07-21T21:49:46.190+0800][0.719s][gc,reloc    ] GC(0) Medium Pages: 7 / 224M, Empty: 128M, Relocated: 10M, In-Place: 0
[2024-07-21T21:49:46.191+0800][0.719s][gc,reloc    ] GC(0) Large Pages: 0 / 0M, Empty: 0M, Relocated: 0M, In-Place: 0
[2024-07-21T21:49:46.191+0800][0.719s][gc,reloc    ] GC(0) Forwarding Usage: 0M
[2024-07-21T21:49:46.191+0800][0.719s][gc,heap     ] GC(0) Min Capacity: 8M(0%)
[2024-07-21T21:49:46.191+0800][0.719s][gc,heap     ] GC(0) Max Capacity: 2048M(100%)
[2024-07-21T21:49:46.191+0800][0.719s][gc,heap     ] GC(0) Soft Max Capacity: 2048M(100%)
[2024-07-21T21:49:46.191+0800][0.719s][gc,heap     ] GC(0)                Mark Start          Mark End        Relocate Start      Relocate End           High               Low         
[2024-07-21T21:49:46.191+0800][0.719s][gc,heap     ] GC(0)  Capacity:      256M (12%)         288M (14%)         288M (14%)         288M (14%)         288M (14%)         256M (12%)    
[2024-07-21T21:49:46.191+0800][0.719s][gc,heap     ] GC(0)      Free:     1812M (88%)        1780M (87%)        1906M (93%)        1976M (96%)        1976M (96%)        1778M (87%)    
[2024-07-21T21:49:46.191+0800][0.719s][gc,heap     ] GC(0)      Used:      236M (12%)         268M (13%)         142M (7%)           72M (4%)          270M (13%)          72M (4%)     
[2024-07-21T21:49:46.191+0800][0.719s][gc,heap     ] GC(0)      Live:         -                14M (1%)           14M (1%)           14M (1%)             -                  -          
[2024-07-21T21:49:46.191+0800][0.719s][gc,heap     ] GC(0) Allocated:         -                32M (2%)           34M (2%)           34M (2%)             -                  -          
[2024-07-21T21:49:46.191+0800][0.719s][gc,heap     ] GC(0)   Garbage:         -               221M (11%)          93M (5%)           23M (1%)             -                  -          
[2024-07-21T21:49:46.191+0800][0.719s][gc,heap     ] GC(0) Reclaimed:         -                  -               128M (6%)          198M (10%)            -                  -          
[2024-07-21T21:49:46.191+0800][0.719s][gc          ] GC(0) Garbage Collection (Warmup) 236M(12%)->72M(4%)
[2024-07-21T21:49:46.941+0800][1.469s][gc,start    ] GC(1) Garbage Collection (Warmup)
[2024-07-21T21:49:46.941+0800][1.469s][gc,task     ] GC(1) Using 2 workers
[2024-07-21T21:49:46.941+0800][1.469s][gc,phases   ] GC(1) Pause Mark Start 0.006ms
[2024-07-21T21:49:46.956+0800][1.484s][gc,phases   ] GC(1) Concurrent Mark 14.744ms
[2024-07-21T21:49:46.971+0800][1.500s][gc,phases   ] GC(1) Pause Mark End 0.030ms
[2024-07-21T21:49:46.971+0800][1.500s][gc,phases   ] GC(1) Concurrent Mark Free 0.001ms
[2024-07-21T21:49:46.972+0800][1.501s][gc,phases   ] GC(1) Concurrent Process Non-Strong References 0.756ms
[2024-07-21T21:49:46.972+0800][1.501s][gc,phases   ] GC(1) Concurrent Reset Relocation Set 0.001ms
[2024-07-21T21:49:46.974+0800][1.503s][gc,phases   ] GC(1) Concurrent Select Relocation Set 1.937ms
[2024-07-21T21:49:46.974+0800][1.503s][gc,phases   ] GC(1) Pause Relocate Start 0.008ms
[2024-07-21T21:49:46.976+0800][1.505s][gc,phases   ] GC(1) Concurrent Relocate 1.723ms
[2024-07-21T21:49:46.976+0800][1.505s][gc,load     ] GC(1) Load: 0.00/0.00/0.00
[2024-07-21T21:49:46.976+0800][1.505s][gc,mmu      ] GC(1) MMU: 2ms/98.1%, 5ms/99.2%, 10ms/99.6%, 20ms/99.8%, 50ms/99.9%, 100ms/99.9%
[2024-07-21T21:49:46.976+0800][1.505s][gc,marking  ] GC(1) Mark: 2 stripe(s), 1 proactive flush(es), 1 terminate flush(es), 0 completion(s), 0 continuation(s) 
[2024-07-21T21:49:46.976+0800][1.505s][gc,marking  ] GC(1) Mark Stack Usage: 32M
[2024-07-21T21:49:46.976+0800][1.505s][gc,nmethod  ] GC(1) NMethods: 375 registered, 0 unregistered
[2024-07-21T21:49:46.976+0800][1.505s][gc,metaspace] GC(1) Metaspace: 1M used, 1M committed, 1032M reserved
[2024-07-21T21:49:46.976+0800][1.505s][gc,ref      ] GC(1) Soft: 93 encountered, 0 discovered, 0 enqueued
[2024-07-21T21:49:46.976+0800][1.505s][gc,ref      ] GC(1) Weak: 136 encountered, 9 discovered, 5 enqueued
[2024-07-21T21:49:46.976+0800][1.505s][gc,ref      ] GC(1) Final: 0 encountered, 0 discovered, 0 enqueued
[2024-07-21T21:49:46.976+0800][1.505s][gc,ref      ] GC(1) Phantom: 189 encountered, 98 discovered, 5 enqueued
[2024-07-21T21:49:46.976+0800][1.505s][gc,reloc    ] GC(1) Small Pages: 6 / 12M, Empty: 0M, Relocated: 1M, In-Place: 0
[2024-07-21T21:49:46.976+0800][1.505s][gc,reloc    ] GC(1) Medium Pages: 13 / 416M, Empty: 384M, Relocated: 0M, In-Place: 0
[2024-07-21T21:49:46.976+0800][1.505s][gc,reloc    ] GC(1) Large Pages: 0 / 0M, Empty: 0M, Relocated: 0M, In-Place: 0
[2024-07-21T21:49:46.976+0800][1.505s][gc,reloc    ] GC(1) Forwarding Usage: 0M
[2024-07-21T21:49:46.976+0800][1.505s][gc,heap     ] GC(1) Min Capacity: 8M(0%)
[2024-07-21T21:49:46.976+0800][1.505s][gc,heap     ] GC(1) Max Capacity: 2048M(100%)
[2024-07-21T21:49:46.976+0800][1.505s][gc,heap     ] GC(1) Soft Max Capacity: 2048M(100%)
[2024-07-21T21:49:46.976+0800][1.505s][gc,heap     ] GC(1)                Mark Start          Mark End        Relocate Start      Relocate End           High               Low         
[2024-07-21T21:49:46.976+0800][1.505s][gc,heap     ] GC(1)  Capacity:      448M (22%)         480M (23%)         480M (23%)         480M (23%)         480M (23%)         448M (22%)    
[2024-07-21T21:49:46.976+0800][1.505s][gc,heap     ] GC(1)      Free:     1620M (79%)        1588M (78%)        1972M (96%)        1974M (96%)        1974M (96%)        1588M (78%)    
[2024-07-21T21:49:46.976+0800][1.505s][gc,heap     ] GC(1)      Used:      428M (21%)         460M (22%)          76M (4%)           74M (4%)          460M (22%)          74M (4%)     
[2024-07-21T21:49:46.976+0800][1.505s][gc,heap     ] GC(1)      Live:         -                 4M (0%)            4M (0%)            4M (0%)             -                  -          
[2024-07-21T21:49:46.976+0800][1.505s][gc,heap     ] GC(1) Allocated:         -                32M (2%)           32M (2%)           33M (2%)             -                  -          
[2024-07-21T21:49:46.976+0800][1.505s][gc,heap     ] GC(1)   Garbage:         -               423M (21%)          39M (2%)           35M (2%)             -                  -          
[2024-07-21T21:49:46.976+0800][1.505s][gc,heap     ] GC(1) Reclaimed:         -                  -               384M (19%)         387M (19%)            -                  -          
[2024-07-21T21:49:46.976+0800][1.505s][gc          ] GC(1) Garbage Collection (Warmup) 428M(21%)->74M(4%)
[2024-07-21T21:49:47.948+0800][2.476s][gc,start    ] GC(2) Garbage Collection (Warmup)
[2024-07-21T21:49:47.948+0800][2.476s][gc,task     ] GC(2) Using 2 workers
[2024-07-21T21:49:47.948+0800][2.477s][gc,phases   ] GC(2) Pause Mark Start 0.007ms
[2024-07-21T21:49:47.964+0800][2.492s][gc,phases   ] GC(2) Concurrent Mark 15.523ms
[2024-07-21T21:49:47.980+0800][2.508s][gc,phases   ] GC(2) Pause Mark End 0.012ms
[2024-07-21T21:49:47.980+0800][2.508s][gc,phases   ] GC(2) Concurrent Mark Free 0.001ms
[2024-07-21T21:49:47.981+0800][2.509s][gc,phases   ] GC(2) Concurrent Process Non-Strong References 0.796ms
[2024-07-21T21:49:47.981+0800][2.509s][gc,phases   ] GC(2) Concurrent Reset Relocation Set 0.001ms
[2024-07-21T21:49:47.983+0800][2.511s][gc,phases   ] GC(2) Concurrent Select Relocation Set 1.793ms
[2024-07-21T21:49:47.983+0800][2.511s][gc,phases   ] GC(2) Pause Relocate Start 0.007ms
[2024-07-21T21:49:47.986+0800][2.514s][gc,phases   ] GC(2) Concurrent Relocate 2.382ms
[2024-07-21T21:49:47.986+0800][2.514s][gc,load     ] GC(2) Load: 0.00/0.00/0.00
[2024-07-21T21:49:47.986+0800][2.514s][gc,mmu      ] GC(2) MMU: 2ms/98.1%, 5ms/99.2%, 10ms/99.6%, 20ms/99.8%, 50ms/99.9%, 100ms/99.9%
[2024-07-21T21:49:47.986+0800][2.514s][gc,marking  ] GC(2) Mark: 2 stripe(s), 1 proactive flush(es), 1 terminate flush(es), 0 completion(s), 0 continuation(s) 
[2024-07-21T21:49:47.986+0800][2.514s][gc,marking  ] GC(2) Mark Stack Usage: 32M
[2024-07-21T21:49:47.986+0800][2.514s][gc,nmethod  ] GC(2) NMethods: 385 registered, 0 unregistered
[2024-07-21T21:49:47.986+0800][2.514s][gc,metaspace] GC(2) Metaspace: 1M used, 1M committed, 1032M reserved
[2024-07-21T21:49:47.986+0800][2.514s][gc,ref      ] GC(2) Soft: 93 encountered, 0 discovered, 0 enqueued
[2024-07-21T21:49:47.986+0800][2.514s][gc,ref      ] GC(2) Weak: 131 encountered, 91 discovered, 0 enqueued
[2024-07-21T21:49:47.986+0800][2.514s][gc,ref      ] GC(2) Final: 0 encountered, 0 discovered, 0 enqueued
[2024-07-21T21:49:47.986+0800][2.514s][gc,ref      ] GC(2) Phantom: 184 encountered, 118 discovered, 0 enqueued
[2024-07-21T21:49:47.986+0800][2.514s][gc,reloc    ] GC(2) Small Pages: 5 / 10M, Empty: 0M, Relocated: 1M, In-Place: 0
[2024-07-21T21:49:47.986+0800][2.514s][gc,reloc    ] GC(2) Medium Pages: 19 / 608M, Empty: 512M, Relocated: 10M, In-Place: 0
[2024-07-21T21:49:47.986+0800][2.514s][gc,reloc    ] GC(2) Large Pages: 0 / 0M, Empty: 0M, Relocated: 0M, In-Place: 0
[2024-07-21T21:49:47.986+0800][2.514s][gc,reloc    ] GC(2) Forwarding Usage: 0M
[2024-07-21T21:49:47.986+0800][2.514s][gc,heap     ] GC(2) Min Capacity: 8M(0%)
[2024-07-21T21:49:47.986+0800][2.514s][gc,heap     ] GC(2) Max Capacity: 2048M(100%)
[2024-07-21T21:49:47.986+0800][2.514s][gc,heap     ] GC(2) Soft Max Capacity: 2048M(100%)
[2024-07-21T21:49:47.986+0800][2.514s][gc,heap     ] GC(2)                Mark Start          Mark End        Relocate Start      Relocate End           High               Low         
[2024-07-21T21:49:47.986+0800][2.514s][gc,heap     ] GC(2)  Capacity:      640M (31%)         672M (33%)         672M (33%)         672M (33%)         672M (33%)         640M (31%)    
[2024-07-21T21:49:47.986+0800][2.514s][gc,heap     ] GC(2)      Free:     1430M (70%)        1398M (68%)        1910M (93%)        1976M (96%)        1976M (96%)        1398M (68%)    
[2024-07-21T21:49:47.986+0800][2.514s][gc,heap     ] GC(2)      Used:      618M (30%)         650M (32%)         138M (7%)           72M (4%)          650M (32%)          72M (4%)     
[2024-07-21T21:49:47.986+0800][2.514s][gc,heap     ] GC(2)      Live:         -                14M (1%)           14M (1%)           14M (1%)             -                  -          
[2024-07-21T21:49:47.986+0800][2.514s][gc,heap     ] GC(2) Allocated:         -                32M (2%)           32M (2%)           33M (2%)             -                  -          
[2024-07-21T21:49:47.986+0800][2.514s][gc,heap     ] GC(2)   Garbage:         -               603M (29%)          91M (4%)           23M (1%)             -                  -          
[2024-07-21T21:49:47.986+0800][2.514s][gc,heap     ] GC(2) Reclaimed:         -                  -               512M (25%)         579M (28%)            -                  -          
[2024-07-21T21:49:47.986+0800][2.514s][gc          ] GC(2) Garbage Collection (Warmup) 618M(30%)->72M(4%)
[2024-07-21T21:49:50.537+0800][5.065s][gc,start    ] GC(3) Garbage Collection (Proactive)
[2024-07-21T21:49:50.537+0800][5.065s][gc,task     ] GC(3) Using 2 workers
[2024-07-21T21:49:50.537+0800][5.065s][gc,phases   ] GC(3) Pause Mark Start 0.007ms
[2024-07-21T21:49:50.553+0800][5.081s][gc,phases   ] GC(3) Concurrent Mark 15.678ms
[2024-07-21T21:49:50.553+0800][5.081s][gc,phases   ] GC(3) Pause Mark End 0.012ms
[2024-07-21T21:49:50.553+0800][5.081s][gc,phases   ] GC(3) Concurrent Mark Free 0.001ms
[2024-07-21T21:49:50.554+0800][5.082s][gc,phases   ] GC(3) Concurrent Process Non-Strong References 0.922ms
[2024-07-21T21:49:50.554+0800][5.082s][gc,phases   ] GC(3) Concurrent Reset Relocation Set 0.001ms
[2024-07-21T21:49:50.556+0800][5.084s][gc,phases   ] GC(3) Concurrent Select Relocation Set 1.919ms
[2024-07-21T21:49:50.556+0800][5.084s][gc,phases   ] GC(3) Pause Relocate Start 0.019ms
[2024-07-21T21:49:50.560+0800][5.089s][gc,phases   ] GC(3) Concurrent Relocate 4.096ms
[2024-07-21T21:49:50.561+0800][5.089s][gc,load     ] GC(3) Load: 0.00/0.00/0.00
[2024-07-21T21:49:50.561+0800][5.089s][gc,mmu      ] GC(3) MMU: 2ms/98.1%, 5ms/99.2%, 10ms/99.6%, 20ms/99.8%, 50ms/99.9%, 100ms/99.9%
[2024-07-21T21:49:50.561+0800][5.089s][gc,marking  ] GC(3) Mark: 2 stripe(s), 2 proactive flush(es), 1 terminate flush(es), 0 completion(s), 0 continuation(s) 
[2024-07-21T21:49:50.561+0800][5.089s][gc,marking  ] GC(3) Mark Stack Usage: 32M
[2024-07-21T21:49:50.561+0800][5.089s][gc,nmethod  ] GC(3) NMethods: 419 registered, 0 unregistered
[2024-07-21T21:49:50.561+0800][5.089s][gc,metaspace] GC(3) Metaspace: 1M used, 1M committed, 1032M reserved
[2024-07-21T21:49:50.561+0800][5.089s][gc,ref      ] GC(3) Soft: 93 encountered, 0 discovered, 0 enqueued
[2024-07-21T21:49:50.561+0800][5.089s][gc,ref      ] GC(3) Weak: 131 encountered, 14 discovered, 0 enqueued
[2024-07-21T21:49:50.561+0800][5.089s][gc,ref      ] GC(3) Final: 0 encountered, 0 discovered, 0 enqueued
[2024-07-21T21:49:50.561+0800][5.089s][gc,ref      ] GC(3) Phantom: 184 encountered, 90 discovered, 0 enqueued
[2024-07-21T21:49:50.561+0800][5.089s][gc,reloc    ] GC(3) Small Pages: 5 / 10M, Empty: 0M, Relocated: 1M, In-Place: 0
[2024-07-21T21:49:50.561+0800][5.089s][gc,reloc    ] GC(3) Medium Pages: 41 / 1312M, Empty: 1248M, Relocated: 11M, In-Place: 0
[2024-07-21T21:49:50.561+0800][5.089s][gc,reloc    ] GC(3) Large Pages: 0 / 0M, Empty: 0M, Relocated: 0M, In-Place: 0
[2024-07-21T21:49:50.561+0800][5.089s][gc,reloc    ] GC(3) Forwarding Usage: 0M
[2024-07-21T21:49:50.561+0800][5.089s][gc,heap     ] GC(3) Min Capacity: 8M(0%)
[2024-07-21T21:49:50.561+0800][5.089s][gc,heap     ] GC(3) Max Capacity: 2048M(100%)
[2024-07-21T21:49:50.561+0800][5.089s][gc,heap     ] GC(3) Soft Max Capacity: 2048M(100%)
[2024-07-21T21:49:50.561+0800][5.089s][gc,heap     ] GC(3)                Mark Start          Mark End        Relocate Start      Relocate End           High               Low         
[2024-07-21T21:49:50.561+0800][5.089s][gc,heap     ] GC(3)  Capacity:     1344M (66%)        1376M (67%)        1376M (67%)        1376M (67%)        1376M (67%)        1344M (66%)    
[2024-07-21T21:49:50.561+0800][5.089s][gc,heap     ] GC(3)      Free:      726M (35%)         692M (34%)        1940M (95%)        1976M (96%)        1976M (96%)         692M (34%)    
[2024-07-21T21:49:50.561+0800][5.089s][gc,heap     ] GC(3)      Used:     1322M (65%)        1356M (66%)         108M (5%)           72M (4%)         1356M (66%)          72M (4%)     
[2024-07-21T21:49:50.561+0800][5.089s][gc,heap     ] GC(3)      Live:         -                15M (1%)           15M (1%)           15M (1%)             -                  -          
[2024-07-21T21:49:50.561+0800][5.089s][gc,heap     ] GC(3) Allocated:         -                34M (2%)           34M (2%)           34M (2%)             -                  -          
[2024-07-21T21:49:50.561+0800][5.089s][gc,heap     ] GC(3)   Garbage:         -              1306M (64%)          58M (3%)           22M (1%)             -                  -          
[2024-07-21T21:49:50.561+0800][5.089s][gc,heap     ] GC(3) Reclaimed:         -                  -              1248M (61%)        1284M (63%)            -                  -          
[2024-07-21T21:49:50.561+0800][5.089s][gc          ] GC(3) Garbage Collection (Proactive) 1322M(65%)->72M(4%)
[2024-07-21T21:49:53.436+0800][7.964s][gc,start    ] GC(4) Garbage Collection (Proactive)
[2024-07-21T21:49:53.436+0800][7.964s][gc,task     ] GC(4) Using 2 workers
[2024-07-21T21:49:53.436+0800][7.964s][gc,phases   ] GC(4) Pause Mark Start 0.009ms
[2024-07-21T21:49:53.451+0800][7.980s][gc,phases   ] GC(4) Concurrent Mark 15.179ms
[2024-07-21T21:49:53.451+0800][7.980s][gc,phases   ] GC(4) Pause Mark End 0.011ms
[2024-07-21T21:49:53.451+0800][7.980s][gc,phases   ] GC(4) Concurrent Mark Free 0.001ms
[2024-07-21T21:49:53.452+0800][7.981s][gc,phases   ] GC(4) Concurrent Process Non-Strong References 0.874ms
[2024-07-21T21:49:53.452+0800][7.981s][gc,phases   ] GC(4) Concurrent Reset Relocation Set 0.001ms
[2024-07-21T21:49:53.454+0800][7.983s][gc,phases   ] GC(4) Concurrent Select Relocation Set 2.176ms
[2024-07-21T21:49:53.454+0800][7.983s][gc,phases   ] GC(4) Pause Relocate Start 0.006ms
[2024-07-21T21:49:53.455+0800][7.984s][gc,phases   ] GC(4) Concurrent Relocate 0.557ms
[2024-07-21T21:49:53.455+0800][7.984s][gc,load     ] GC(4) Load: 0.00/0.00/0.00
[2024-07-21T21:49:53.455+0800][7.984s][gc,mmu      ] GC(4) MMU: 2ms/98.1%, 5ms/99.2%, 10ms/99.6%, 20ms/99.8%, 50ms/99.9%, 100ms/99.9%
[2024-07-21T21:49:53.455+0800][7.984s][gc,marking  ] GC(4) Mark: 2 stripe(s), 2 proactive flush(es), 1 terminate flush(es), 0 completion(s), 0 continuation(s) 
[2024-07-21T21:49:53.455+0800][7.984s][gc,marking  ] GC(4) Mark Stack Usage: 32M
[2024-07-21T21:49:53.455+0800][7.984s][gc,nmethod  ] GC(4) NMethods: 446 registered, 0 unregistered
[2024-07-21T21:49:53.455+0800][7.984s][gc,metaspace] GC(4) Metaspace: 1M used, 1M committed, 1032M reserved
[2024-07-21T21:49:53.455+0800][7.984s][gc,ref      ] GC(4) Soft: 93 encountered, 0 discovered, 0 enqueued
[2024-07-21T21:49:53.455+0800][7.984s][gc,ref      ] GC(4) Weak: 131 encountered, 0 discovered, 0 enqueued
[2024-07-21T21:49:53.455+0800][7.984s][gc,ref      ] GC(4) Final: 0 encountered, 0 discovered, 0 enqueued
[2024-07-21T21:49:53.455+0800][7.984s][gc,ref      ] GC(4) Phantom: 184 encountered, 119 discovered, 0 enqueued
[2024-07-21T21:49:53.455+0800][7.984s][gc,reloc    ] GC(4) Small Pages: 4 / 8M, Empty: 2M, Relocated: 0M, In-Place: 0
[2024-07-21T21:49:53.455+0800][7.984s][gc,reloc    ] GC(4) Medium Pages: 54 / 1728M, Empty: 1664M, Relocated: 1M, In-Place: 0
[2024-07-21T21:49:53.455+0800][7.984s][gc,reloc    ] GC(4) Large Pages: 0 / 0M, Empty: 0M, Relocated: 0M, In-Place: 0
[2024-07-21T21:49:53.455+0800][7.984s][gc,reloc    ] GC(4) Forwarding Usage: 0M
[2024-07-21T21:49:53.455+0800][7.984s][gc,heap     ] GC(4) Min Capacity: 8M(0%)
[2024-07-21T21:49:53.455+0800][7.984s][gc,heap     ] GC(4) Max Capacity: 2048M(100%)
[2024-07-21T21:49:53.455+0800][7.984s][gc,heap     ] GC(4) Soft Max Capacity: 2048M(100%)
[2024-07-21T21:49:53.455+0800][7.984s][gc,heap     ] GC(4)                Mark Start          Mark End        Relocate Start      Relocate End           High               Low         
[2024-07-21T21:49:53.455+0800][7.984s][gc,heap     ] GC(4)  Capacity:     1760M (86%)        1792M (88%)        1792M (88%)        1792M (88%)        1792M (88%)        1760M (86%)    
[2024-07-21T21:49:53.455+0800][7.984s][gc,heap     ] GC(4)      Free:      312M (15%)         278M (14%)        1944M (95%)        1976M (96%)        1976M (96%)         278M (14%)    
[2024-07-21T21:49:53.455+0800][7.984s][gc,heap     ] GC(4)      Used:     1736M (85%)        1770M (86%)         104M (5%)           72M (4%)         1770M (86%)          72M (4%)     
[2024-07-21T21:49:53.455+0800][7.984s][gc,heap     ] GC(4)      Live:         -                 5M (0%)            5M (0%)            5M (0%)             -                  -          
[2024-07-21T21:49:53.455+0800][7.984s][gc,heap     ] GC(4) Allocated:         -                34M (2%)           34M (2%)           34M (2%)             -                  -          
[2024-07-21T21:49:53.455+0800][7.984s][gc,heap     ] GC(4)   Garbage:         -              1730M (84%)          64M (3%)           32M (2%)             -                  -          
[2024-07-21T21:49:53.455+0800][7.984s][gc,heap     ] GC(4) Reclaimed:         -                  -              1666M (81%)        1698M (83%)            -                  -          
[2024-07-21T21:49:53.455+0800][7.984s][gc          ] GC(4) Garbage Collection (Proactive) 1736M(85%)->72M(4%)
[2024-07-21T21:49:55.536+0800][10.064s][gc,stats    ] === Garbage Collection Statistics =======================================================================================================================
[2024-07-21T21:49:55.536+0800][10.064s][gc,stats    ]                                                              Last 10s              Last 10m              Last 10h                Total
[2024-07-21T21:49:55.536+0800][10.064s][gc,stats    ]                                                              Avg / Max             Avg / Max             Avg / Max             Avg / Max
[2024-07-21T21:49:55.536+0800][10.064s][gc,stats    ]   Collector: Garbage Collection Cycle                     33.728 / 50.909       33.728 / 50.909       33.728 / 50.909       33.728 / 50.909      ms
[2024-07-21T21:49:55.536+0800][10.064s][gc,stats    ]  Contention: Mark Segment Reset Contention                     0 / 1                 0 / 1                 0 / 1                 0 / 1           ops/s
[2024-07-21T21:49:55.536+0800][10.064s][gc,stats    ]  Contention: Mark SeqNum Reset Contention                      0 / 1                 0 / 1                 0 / 1                 0 / 1           ops/s
[2024-07-21T21:49:55.536+0800][10.064s][gc,stats    ]    Critical: Allocation Stall                                  0 / 0                 0 / 0                 0 / 0                 0 / 0           ops/s
[2024-07-21T21:49:55.536+0800][10.064s][gc,stats    ]    Critical: Allocation Stall                              0.000 / 0.000         0.000 / 0.000         0.000 / 0.000         0.000 / 0.000       ms
[2024-07-21T21:49:55.536+0800][10.064s][gc,stats    ]    Critical: GC Locker Stall                                   0 / 0                 0 / 0                 0 / 0                 0 / 0           ops/s
[2024-07-21T21:49:55.536+0800][10.065s][gc,stats    ]    Critical: GC Locker Stall                               0.000 / 0.000         0.000 / 0.000         0.000 / 0.000         0.000 / 0.000       ms
[2024-07-21T21:49:55.536+0800][10.065s][gc,stats    ]    Critical: Relocation Stall                                  0 / 0                 0 / 0                 0 / 0                 0 / 0           ops/s
[2024-07-21T21:49:55.536+0800][10.065s][gc,stats    ]    Critical: Relocation Stall                              0.000 / 0.000         0.000 / 0.000         0.000 / 0.000         0.000 / 0.000       ms
[2024-07-21T21:49:55.536+0800][10.065s][gc,stats    ]      Memory: Allocation Rate                                 546 / 672             546 / 672             546 / 672             546 / 672         MB/s
[2024-07-21T21:49:55.536+0800][10.065s][gc,stats    ]      Memory: Out Of Memory                                     0 / 0                 0 / 0                 0 / 0                 0 / 0           ops/s
[2024-07-21T21:49:55.536+0800][10.065s][gc,stats    ]      Memory: Page Cache Flush                                  0 / 0                 0 / 0                 0 / 0                 0 / 0           MB/s
[2024-07-21T21:49:55.536+0800][10.065s][gc,stats    ]      Memory: Page Cache Hit L1                                13 / 22               13 / 22               13 / 22               13 / 22          ops/s
[2024-07-21T21:49:55.536+0800][10.065s][gc,stats    ]      Memory: Page Cache Hit L2                                 0 / 0                 0 / 0                 0 / 0                 0 / 0           ops/s
[2024-07-21T21:49:55.536+0800][10.065s][gc,stats    ]      Memory: Page Cache Hit L3                                 1 / 15                1 / 15                1 / 15                1 / 15          ops/s
[2024-07-21T21:49:55.536+0800][10.065s][gc,stats    ]      Memory: Page Cache Miss                                   4 / 13                4 / 13                4 / 13                4 / 13          ops/s
[2024-07-21T21:49:55.536+0800][10.065s][gc,stats    ]      Memory: Uncommit                                          0 / 0                 0 / 0                 0 / 0                 0 / 0           MB/s
[2024-07-21T21:49:55.536+0800][10.065s][gc,stats    ]      Memory: Undo Object Allocation Failed                     0 / 0                 0 / 0                 0 / 0                 0 / 0           ops/s
[2024-07-21T21:49:55.536+0800][10.065s][gc,stats    ]      Memory: Undo Object Allocation Succeeded                  0 / 0                 0 / 0                 0 / 0                 0 / 0           ops/s
[2024-07-21T21:49:55.536+0800][10.065s][gc,stats    ]      Memory: Undo Page Allocation                              0 / 0                 0 / 0                 0 / 0                 0 / 0           ops/s
[2024-07-21T21:49:55.536+0800][10.065s][gc,stats    ]       Phase: Concurrent Mark                              15.352 / 15.678       15.352 / 15.678       15.352 / 15.678       15.352 / 15.678      ms
[2024-07-21T21:49:55.536+0800][10.065s][gc,stats    ]       Phase: Concurrent Mark Continue                      0.000 / 0.000         0.000 / 0.000         0.000 / 0.000         0.000 / 0.000       ms
[2024-07-21T21:49:55.536+0800][10.065s][gc,stats    ]       Phase: Concurrent Mark Free                          0.001 / 0.001         0.001 / 0.001         0.001 / 0.001         0.001 / 0.001       ms
[2024-07-21T21:49:55.536+0800][10.065s][gc,stats    ]       Phase: Concurrent Process Non-Strong References      0.778 / 0.922         0.778 / 0.922         0.778 / 0.922         0.778 / 0.922       ms
[2024-07-21T21:49:55.536+0800][10.065s][gc,stats    ]       Phase: Concurrent Relocate                           2.694 / 4.710         2.694 / 4.710         2.694 / 4.710         2.694 / 4.710       ms
[2024-07-21T21:49:55.537+0800][10.065s][gc,stats    ]       Phase: Concurrent Reset Relocation Set               0.001 / 0.001         0.001 / 0.001         0.001 / 0.001         0.001 / 0.001       ms
[2024-07-21T21:49:55.537+0800][10.065s][gc,stats    ]       Phase: Concurrent Select Relocation Set              4.244 / 13.395        4.244 / 13.395        4.244 / 13.395        4.244 / 13.395      ms
[2024-07-21T21:49:55.537+0800][10.065s][gc,stats    ]       Phase: Pause Mark End                                0.021 / 0.038         0.021 / 0.038         0.021 / 0.038         0.021 / 0.038       ms
[2024-07-21T21:49:55.537+0800][10.065s][gc,stats    ]       Phase: Pause Mark Start                              0.007 / 0.009         0.007 / 0.009         0.007 / 0.009         0.007 / 0.009       ms
[2024-07-21T21:49:55.537+0800][10.065s][gc,stats    ]       Phase: Pause Relocate Start                          0.010 / 0.019         0.010 / 0.019         0.010 / 0.019         0.010 / 0.019       ms
[2024-07-21T21:49:55.537+0800][10.065s][gc,stats    ]    Subphase: Concurrent Classes Purge                      0.094 / 0.139         0.094 / 0.139         0.094 / 0.139         0.094 / 0.139       ms
[2024-07-21T21:49:55.537+0800][10.065s][gc,stats    ]    Subphase: Concurrent Classes Unlink                     0.289 / 0.313         0.289 / 0.313         0.289 / 0.313         0.289 / 0.313       ms
[2024-07-21T21:49:55.537+0800][10.065s][gc,stats    ]    Subphase: Concurrent Mark                               8.912 / 15.110        8.912 / 15.110        8.912 / 15.110        8.912 / 15.110      ms
[2024-07-21T21:49:55.537+0800][10.065s][gc,stats    ]    Subphase: Concurrent Mark Try Flush                     0.120 / 0.155         0.120 / 0.155         0.120 / 0.155         0.120 / 0.155       ms
[2024-07-21T21:49:55.537+0800][10.065s][gc,stats    ]    Subphase: Concurrent Mark Try Terminate                 4.139 / 12.806        4.139 / 12.806        4.139 / 12.806        4.139 / 12.806      ms
[2024-07-21T21:49:55.537+0800][10.065s][gc,stats    ]    Subphase: Concurrent References Enqueue                 0.002 / 0.005         0.002 / 0.005         0.002 / 0.005         0.002 / 0.005       ms
[2024-07-21T21:49:55.537+0800][10.065s][gc,stats    ]    Subphase: Concurrent References Process                 0.077 / 0.127         0.077 / 0.127         0.077 / 0.127         0.077 / 0.127       ms
[2024-07-21T21:49:55.537+0800][10.065s][gc,stats    ]    Subphase: Concurrent Roots ClassLoaderDataGraph         0.063 / 0.210         0.063 / 0.210         0.063 / 0.210         0.063 / 0.210       ms
[2024-07-21T21:49:55.537+0800][10.065s][gc,stats    ]    Subphase: Concurrent Roots CodeCache                    0.000 / 0.000         0.000 / 0.000         0.000 / 0.000         0.000 / 0.000       ms
[2024-07-21T21:49:55.537+0800][10.065s][gc,stats    ]    Subphase: Concurrent Roots JavaThreads                  0.215 / 0.463         0.215 / 0.463         0.215 / 0.463         0.215 / 0.463       ms
[2024-07-21T21:49:55.537+0800][10.065s][gc,stats    ]    Subphase: Concurrent Roots OopStorageSet                0.029 / 0.045         0.029 / 0.045         0.029 / 0.045         0.029 / 0.045       ms
[2024-07-21T21:49:55.537+0800][10.065s][gc,stats    ]    Subphase: Concurrent Weak Roots OopStorageSet           0.157 / 0.211         0.157 / 0.211         0.157 / 0.211         0.157 / 0.211       ms
[2024-07-21T21:49:55.537+0800][10.065s][gc,stats    ]    Subphase: Pause Mark Try Complete                       0.000 / 0.000         0.000 / 0.000         0.000 / 0.000         0.000 / 0.000       ms
[2024-07-21T21:49:55.537+0800][10.065s][gc,stats    ]      System: Java Threads                                     13 / 13               13 / 13               13 / 13               13 / 13          threads
[2024-07-21T21:49:55.537+0800][10.065s][gc,stats    ] =========================================================================================================================================================
[2024-07-21T21:49:55.646+0800][10.174s][gc,start    ] GC(5) Garbage Collection (Proactive)
[2024-07-21T21:49:55.646+0800][10.174s][gc,task     ] GC(5) Using 2 workers
[2024-07-21T21:49:55.646+0800][10.175s][gc,phases   ] GC(5) Pause Mark Start 0.006ms
[2024-07-21T21:49:55.662+0800][10.190s][gc,phases   ] GC(5) Concurrent Mark 15.558ms
[2024-07-21T21:49:55.662+0800][10.191s][gc,phases   ] GC(5) Pause Mark End 0.010ms
[2024-07-21T21:49:55.662+0800][10.191s][gc,phases   ] GC(5) Concurrent Mark Free 0.001ms
[2024-07-21T21:49:55.663+0800][10.192s][gc,phases   ] GC(5) Concurrent Process Non-Strong References 0.850ms
[2024-07-21T21:49:55.663+0800][10.192s][gc,phases   ] GC(5) Concurrent Reset Relocation Set 0.001ms
[2024-07-21T21:49:55.666+0800][10.194s][gc,phases   ] GC(5) Concurrent Select Relocation Set 2.539ms
[2024-07-21T21:49:55.666+0800][10.195s][gc,phases   ] GC(5) Pause Relocate Start 0.009ms
[2024-07-21T21:49:55.669+0800][10.198s][gc,phases   ] GC(5) Concurrent Relocate 3.302ms
[2024-07-21T21:49:55.669+0800][10.198s][gc,load     ] GC(5) Load: 0.00/0.00/0.00
[2024-07-21T21:49:55.669+0800][10.198s][gc,mmu      ] GC(5) MMU: 2ms/98.1%, 5ms/99.2%, 10ms/99.6%, 20ms/99.8%, 50ms/99.9%, 100ms/99.9%
[2024-07-21T21:49:55.669+0800][10.198s][gc,marking  ] GC(5) Mark: 2 stripe(s), 2 proactive flush(es), 1 terminate flush(es), 0 completion(s), 0 continuation(s) 
[2024-07-21T21:49:55.669+0800][10.198s][gc,marking  ] GC(5) Mark Stack Usage: 32M
[2024-07-21T21:49:55.669+0800][10.198s][gc,nmethod  ] GC(5) NMethods: 459 registered, 0 unregistered
[2024-07-21T21:49:55.669+0800][10.198s][gc,metaspace] GC(5) Metaspace: 1M used, 1M committed, 1032M reserved
[2024-07-21T21:49:55.669+0800][10.198s][gc,ref      ] GC(5) Soft: 93 encountered, 0 discovered, 0 enqueued
[2024-07-21T21:49:55.669+0800][10.198s][gc,ref      ] GC(5) Weak: 131 encountered, 0 discovered, 0 enqueued
[2024-07-21T21:49:55.669+0800][10.198s][gc,ref      ] GC(5) Final: 0 encountered, 0 discovered, 0 enqueued
[2024-07-21T21:49:55.669+0800][10.198s][gc,ref      ] GC(5) Phantom: 184 encountered, 119 discovered, 0 enqueued
[2024-07-21T21:49:55.669+0800][10.198s][gc,reloc    ] GC(5) Small Pages: 4 / 8M, Empty: 0M, Relocated: 1M, In-Place: 0
[2024-07-21T21:49:55.669+0800][10.198s][gc,reloc    ] GC(5) Medium Pages: 44 / 1408M, Empty: 1312M, Relocated: 13M, In-Place: 0
[2024-07-21T21:49:55.669+0800][10.198s][gc,reloc    ] GC(5) Large Pages: 0 / 0M, Empty: 0M, Relocated: 0M, In-Place: 0
[2024-07-21T21:49:55.669+0800][10.198s][gc,reloc    ] GC(5) Forwarding Usage: 0M
[2024-07-21T21:49:55.669+0800][10.198s][gc,heap     ] GC(5) Min Capacity: 8M(0%)
[2024-07-21T21:49:55.669+0800][10.198s][gc,heap     ] GC(5) Max Capacity: 2048M(100%)
[2024-07-21T21:49:55.669+0800][10.198s][gc,heap     ] GC(5) Soft Max Capacity: 2048M(100%)
[2024-07-21T21:49:55.669+0800][10.198s][gc,heap     ] GC(5)                Mark Start          Mark End        Relocate Start      Relocate End           High               Low         
[2024-07-21T21:49:55.670+0800][10.198s][gc,heap     ] GC(5)  Capacity:     1792M (88%)        1792M (88%)        1792M (88%)        1792M (88%)        1792M (88%)        1792M (88%)    
[2024-07-21T21:49:55.670+0800][10.198s][gc,heap     ] GC(5)      Free:      632M (31%)         598M (29%)        1910M (93%)        1976M (96%)        1976M (96%)         598M (29%)    
[2024-07-21T21:49:55.670+0800][10.198s][gc,heap     ] GC(5)      Used:     1416M (69%)        1450M (71%)         138M (7%)           72M (4%)         1450M (71%)          72M (4%)     
[2024-07-21T21:49:55.670+0800][10.198s][gc,heap     ] GC(5)      Live:         -                17M (1%)           17M (1%)           17M (1%)             -                  -          
[2024-07-21T21:49:55.670+0800][10.198s][gc,heap     ] GC(5) Allocated:         -                34M (2%)           34M (2%)           33M (2%)             -                  -          
[2024-07-21T21:49:55.670+0800][10.198s][gc,heap     ] GC(5)   Garbage:         -              1398M (68%)          86M (4%)           20M (1%)             -                  -          
[2024-07-21T21:49:55.670+0800][10.198s][gc,heap     ] GC(5) Reclaimed:         -                  -              1312M (64%)        1377M (67%)            -                  -          
[2024-07-21T21:49:55.670+0800][10.198s][gc          ] GC(5) Garbage Collection (Proactive) 1416M(69%)->72M(4%)
[2024-07-21T21:49:57.536+0800][12.064s][gc,start    ] GC(6) Garbage Collection (Proactive)
[2024-07-21T21:49:57.536+0800][12.064s][gc,task     ] GC(6) Using 2 workers
[2024-07-21T21:49:57.536+0800][12.064s][gc,phases   ] GC(6) Pause Mark Start 0.008ms
[2024-07-21T21:49:57.552+0800][12.080s][gc,phases   ] GC(6) Concurrent Mark 15.564ms
[2024-07-21T21:49:57.552+0800][12.080s][gc,phases   ] GC(6) Pause Mark End 0.010ms
[2024-07-21T21:49:57.552+0800][12.080s][gc,phases   ] GC(6) Concurrent Mark Free 0.002ms
[2024-07-21T21:49:57.553+0800][12.081s][gc,phases   ] GC(6) Concurrent Process Non-Strong References 0.939ms
[2024-07-21T21:49:57.553+0800][12.081s][gc,phases   ] GC(6) Concurrent Reset Relocation Set 0.001ms
[2024-07-21T21:49:57.556+0800][12.084s][gc,phases   ] GC(6) Concurrent Select Relocation Set 2.820ms
[2024-07-21T21:49:57.556+0800][12.084s][gc,phases   ] GC(6) Pause Relocate Start 0.023ms
[2024-07-21T21:49:57.560+0800][12.088s][gc,phases   ] GC(6) Concurrent Relocate 4.171ms
[2024-07-21T21:49:57.560+0800][12.088s][gc,load     ] GC(6) Load: 0.00/0.00/0.00
[2024-07-21T21:49:57.560+0800][12.089s][gc,mmu      ] GC(6) MMU: 2ms/98.1%, 5ms/99.2%, 10ms/99.6%, 20ms/99.8%, 50ms/99.9%, 100ms/99.9%
[2024-07-21T21:49:57.560+0800][12.089s][gc,marking  ] GC(6) Mark: 2 stripe(s), 2 proactive flush(es), 1 terminate flush(es), 0 completion(s), 0 continuation(s) 
[2024-07-21T21:49:57.560+0800][12.089s][gc,marking  ] GC(6) Mark Stack Usage: 32M
[2024-07-21T21:49:57.560+0800][12.089s][gc,nmethod  ] GC(6) NMethods: 464 registered, 0 unregistered
[2024-07-21T21:49:57.560+0800][12.089s][gc,metaspace] GC(6) Metaspace: 1M used, 1M committed, 1032M reserved
[2024-07-21T21:49:57.560+0800][12.089s][gc,ref      ] GC(6) Soft: 93 encountered, 0 discovered, 0 enqueued
[2024-07-21T21:49:57.561+0800][12.089s][gc,ref      ] GC(6) Weak: 131 encountered, 2 discovered, 0 enqueued
[2024-07-21T21:49:57.561+0800][12.089s][gc,ref      ] GC(6) Final: 0 encountered, 0 discovered, 0 enqueued
[2024-07-21T21:49:57.561+0800][12.089s][gc,ref      ] GC(6) Phantom: 184 encountered, 122 discovered, 0 enqueued
[2024-07-21T21:49:57.561+0800][12.089s][gc,reloc    ] GC(6) Small Pages: 4 / 8M, Empty: 0M, Relocated: 1M, In-Place: 0
[2024-07-21T21:49:57.561+0800][12.089s][gc,reloc    ] GC(6) Medium Pages: 40 / 1280M, Empty: 1216M, Relocated: 11M, In-Place: 0
[2024-07-21T21:49:57.561+0800][12.089s][gc,reloc    ] GC(6) Large Pages: 0 / 0M, Empty: 0M, Relocated: 0M, In-Place: 0
[2024-07-21T21:49:57.561+0800][12.089s][gc,reloc    ] GC(6) Forwarding Usage: 0M
[2024-07-21T21:49:57.561+0800][12.089s][gc,heap     ] GC(6) Min Capacity: 8M(0%)
[2024-07-21T21:49:57.561+0800][12.089s][gc,heap     ] GC(6) Max Capacity: 2048M(100%)
[2024-07-21T21:49:57.561+0800][12.089s][gc,heap     ] GC(6) Soft Max Capacity: 2048M(100%)
[2024-07-21T21:49:57.561+0800][12.089s][gc,heap     ] GC(6)                Mark Start          Mark End        Relocate Start      Relocate End           High               Low         
[2024-07-21T21:49:57.561+0800][12.089s][gc,heap     ] GC(6)  Capacity:     1792M (88%)        1792M (88%)        1792M (88%)        1792M (88%)        1792M (88%)        1792M (88%)    
[2024-07-21T21:49:57.561+0800][12.089s][gc,heap     ] GC(6)      Free:      760M (37%)         726M (35%)        1942M (95%)        1976M (96%)        1976M (96%)         726M (35%)    
[2024-07-21T21:49:57.561+0800][12.089s][gc,heap     ] GC(6)      Used:     1288M (63%)        1322M (65%)         106M (5%)           72M (4%)         1322M (65%)          72M (4%)     
[2024-07-21T21:49:57.561+0800][12.089s][gc,heap     ] GC(6)      Live:         -                15M (1%)           15M (1%)           15M (1%)             -                  -          
[2024-07-21T21:49:57.561+0800][12.089s][gc,heap     ] GC(6) Allocated:         -                34M (2%)           34M (2%)           34M (2%)             -                  -          
[2024-07-21T21:49:57.561+0800][12.089s][gc,heap     ] GC(6)   Garbage:         -              1272M (62%)          56M (3%)           22M (1%)             -                  -          
[2024-07-21T21:49:57.561+0800][12.089s][gc,heap     ] GC(6) Reclaimed:         -                  -              1216M (59%)        1250M (61%)            -                  -          
[2024-07-21T21:49:57.561+0800][12.089s][gc          ] GC(6) Garbage Collection (Proactive) 1288M(63%)->72M(4%)
[2024-07-21T21:49:59.247+0800][13.775s][gc,start    ] GC(7) Garbage Collection (Proactive)
[2024-07-21T21:49:59.247+0800][13.775s][gc,task     ] GC(7) Using 2 workers
[2024-07-21T21:49:59.247+0800][13.775s][gc,phases   ] GC(7) Pause Mark Start 0.006ms
[2024-07-21T21:49:59.263+0800][13.791s][gc,phases   ] GC(7) Concurrent Mark 15.288ms
[2024-07-21T21:49:59.263+0800][13.791s][gc,phases   ] GC(7) Pause Mark End 0.014ms
[2024-07-21T21:49:59.263+0800][13.791s][gc,phases   ] GC(7) Concurrent Mark Free 0.001ms
[2024-07-21T21:49:59.263+0800][13.792s][gc,phases   ] GC(7) Concurrent Process Non-Strong References 0.637ms
[2024-07-21T21:49:59.263+0800][13.792s][gc,phases   ] GC(7) Concurrent Reset Relocation Set 0.004ms
[2024-07-21T21:49:59.264+0800][13.793s][gc,phases   ] GC(7) Concurrent Select Relocation Set 1.669ms
[2024-07-21T21:49:59.264+0800][13.794s][gc,phases   ] GC(7) Pause Relocate Start 0.008ms
[2024-07-21T21:49:59.266+0800][13.795s][gc,phases   ] GC(7) Concurrent Relocate 1.039ms
[2024-07-21T21:49:59.266+0800][13.795s][gc,load     ] GC(7) Load: 0.00/0.00/0.00
[2024-07-21T21:49:59.266+0800][13.795s][gc,mmu      ] GC(7) MMU: 2ms/98.1%, 5ms/99.2%, 10ms/99.6%, 20ms/99.8%, 50ms/99.9%, 100ms/99.9%
[2024-07-21T21:49:59.266+0800][13.795s][gc,marking  ] GC(7) Mark: 2 stripe(s), 2 proactive flush(es), 1 terminate flush(es), 0 completion(s), 0 continuation(s) 
[2024-07-21T21:49:59.266+0800][13.795s][gc,marking  ] GC(7) Mark Stack Usage: 32M
[2024-07-21T21:49:59.266+0800][13.795s][gc,nmethod  ] GC(7) NMethods: 465 registered, 0 unregistered
[2024-07-21T21:49:59.266+0800][13.795s][gc,metaspace] GC(7) Metaspace: 1M used, 1M committed, 1032M reserved
[2024-07-21T21:49:59.266+0800][13.795s][gc,ref      ] GC(7) Soft: 93 encountered, 0 discovered, 0 enqueued
[2024-07-21T21:49:59.266+0800][13.795s][gc,ref      ] GC(7) Weak: 131 encountered, 2 discovered, 0 enqueued
[2024-07-21T21:49:59.266+0800][13.795s][gc,ref      ] GC(7) Final: 0 encountered, 0 discovered, 0 enqueued
[2024-07-21T21:49:59.266+0800][13.795s][gc,ref      ] GC(7) Phantom: 184 encountered, 91 discovered, 0 enqueued
[2024-07-21T21:49:59.266+0800][13.795s][gc,reloc    ] GC(7) Small Pages: 4 / 8M, Empty: 2M, Relocated: 0M, In-Place: 0
[2024-07-21T21:49:59.266+0800][13.795s][gc,reloc    ] GC(7) Medium Pages: 36 / 1152M, Empty: 1088M, Relocated: 3M, In-Place: 0
[2024-07-21T21:49:59.266+0800][13.795s][gc,reloc    ] GC(7) Large Pages: 0 / 0M, Empty: 0M, Relocated: 0M, In-Place: 0
[2024-07-21T21:49:59.266+0800][13.795s][gc,reloc    ] GC(7) Forwarding Usage: 0M
[2024-07-21T21:49:59.266+0800][13.795s][gc,heap     ] GC(7) Min Capacity: 8M(0%)
[2024-07-21T21:49:59.266+0800][13.795s][gc,heap     ] GC(7) Max Capacity: 2048M(100%)
[2024-07-21T21:49:59.266+0800][13.795s][gc,heap     ] GC(7) Soft Max Capacity: 2048M(100%)
[2024-07-21T21:49:59.266+0800][13.795s][gc,heap     ] GC(7)                Mark Start          Mark End        Relocate Start      Relocate End           High               Low         
[2024-07-21T21:49:59.266+0800][13.795s][gc,heap     ] GC(7)  Capacity:     1792M (88%)        1792M (88%)        1792M (88%)        1792M (88%)        1792M (88%)        1792M (88%)    
[2024-07-21T21:49:59.266+0800][13.795s][gc,heap     ] GC(7)      Free:      888M (43%)         854M (42%)        1944M (95%)        1976M (96%)        1976M (96%)         854M (42%)    
[2024-07-21T21:49:59.266+0800][13.795s][gc,heap     ] GC(7)      Used:     1160M (57%)        1194M (58%)         104M (5%)           72M (4%)         1194M (58%)          72M (4%)     
[2024-07-21T21:49:59.266+0800][13.795s][gc,heap     ] GC(7)      Live:         -                 7M (0%)            7M (0%)            7M (0%)             -                  -          
[2024-07-21T21:49:59.266+0800][13.795s][gc,heap     ] GC(7) Allocated:         -                34M (2%)           34M (2%)           34M (2%)             -                  -          
[2024-07-21T21:49:59.266+0800][13.795s][gc,heap     ] GC(7)   Garbage:         -              1152M (56%)          62M (3%)           30M (1%)             -                  -          
[2024-07-21T21:49:59.266+0800][13.795s][gc,heap     ] GC(7) Reclaimed:         -                  -              1090M (53%)        1122M (55%)            -                  -          
[2024-07-21T21:49:59.266+0800][13.795s][gc          ] GC(7) Garbage Collection (Proactive) 1160M(57%)->72M(4%)
[2024-07-21T21:50:00.745+0800][15.273s][gc,start    ] GC(8) Garbage Collection (Proactive)
[2024-07-21T21:50:00.745+0800][15.273s][gc,task     ] GC(8) Using 2 workers
[2024-07-21T21:50:00.745+0800][15.274s][gc,phases   ] GC(8) Pause Mark Start 0.011ms
[2024-07-21T21:50:00.760+0800][15.289s][gc,phases   ] GC(8) Concurrent Mark 14.926ms
[2024-07-21T21:50:00.760+0800][15.289s][gc,phases   ] GC(8) Pause Mark End 0.019ms
[2024-07-21T21:50:00.760+0800][15.289s][gc,phases   ] GC(8) Concurrent Mark Free 0.001ms
[2024-07-21T21:50:00.761+0800][15.290s][gc,phases   ] GC(8) Concurrent Process Non-Strong References 0.560ms
[2024-07-21T21:50:00.761+0800][15.290s][gc,phases   ] GC(8) Concurrent Reset Relocation Set 0.001ms
[2024-07-21T21:50:00.764+0800][15.293s][gc,phases   ] GC(8) Concurrent Select Relocation Set 3.092ms
[2024-07-21T21:50:00.764+0800][15.293s][gc,phases   ] GC(8) Pause Relocate Start 0.008ms
[2024-07-21T21:50:00.769+0800][15.298s][gc,phases   ] GC(8) Concurrent Relocate 4.641ms
[2024-07-21T21:50:00.769+0800][15.298s][gc,load     ] GC(8) Load: 0.00/0.00/0.00
[2024-07-21T21:50:00.769+0800][15.298s][gc,mmu      ] GC(8) MMU: 2ms/98.1%, 5ms/99.2%, 10ms/99.6%, 20ms/99.8%, 50ms/99.9%, 100ms/99.9%
[2024-07-21T21:50:00.769+0800][15.298s][gc,marking  ] GC(8) Mark: 2 stripe(s), 2 proactive flush(es), 1 terminate flush(es), 0 completion(s), 0 continuation(s) 
[2024-07-21T21:50:00.769+0800][15.298s][gc,marking  ] GC(8) Mark Stack Usage: 32M
[2024-07-21T21:50:00.769+0800][15.298s][gc,nmethod  ] GC(8) NMethods: 471 registered, 0 unregistered
[2024-07-21T21:50:00.769+0800][15.298s][gc,metaspace] GC(8) Metaspace: 1M used, 1M committed, 1032M reserved
[2024-07-21T21:50:00.769+0800][15.298s][gc,ref      ] GC(8) Soft: 93 encountered, 0 discovered, 0 enqueued
[2024-07-21T21:50:00.769+0800][15.298s][gc,ref      ] GC(8) Weak: 131 encountered, 10 discovered, 0 enqueued
[2024-07-21T21:50:00.769+0800][15.298s][gc,ref      ] GC(8) Final: 0 encountered, 0 discovered, 0 enqueued
[2024-07-21T21:50:00.769+0800][15.298s][gc,ref      ] GC(8) Phantom: 184 encountered, 94 discovered, 0 enqueued
[2024-07-21T21:50:00.769+0800][15.298s][gc,reloc    ] GC(8) Small Pages: 5 / 10M, Empty: 2M, Relocated: 1M, In-Place: 0
[2024-07-21T21:50:00.769+0800][15.298s][gc,reloc    ] GC(8) Medium Pages: 32 / 1024M, Empty: 960M, Relocated: 14M, In-Place: 0
[2024-07-21T21:50:00.769+0800][15.298s][gc,reloc    ] GC(8) Large Pages: 0 / 0M, Empty: 0M, Relocated: 0M, In-Place: 0
[2024-07-21T21:50:00.769+0800][15.298s][gc,reloc    ] GC(8) Forwarding Usage: 0M
[2024-07-21T21:50:00.769+0800][15.298s][gc,heap     ] GC(8) Min Capacity: 8M(0%)
[2024-07-21T21:50:00.769+0800][15.298s][gc,heap     ] GC(8) Max Capacity: 2048M(100%)
[2024-07-21T21:50:00.769+0800][15.298s][gc,heap     ] GC(8) Soft Max Capacity: 2048M(100%)
[2024-07-21T21:50:00.769+0800][15.298s][gc,heap     ] GC(8)                Mark Start          Mark End        Relocate Start      Relocate End           High               Low         
[2024-07-21T21:50:00.769+0800][15.298s][gc,heap     ] GC(8)  Capacity:     1792M (88%)        1792M (88%)        1792M (88%)        1792M (88%)        1792M (88%)        1792M (88%)    
[2024-07-21T21:50:00.769+0800][15.298s][gc,heap     ] GC(8)      Free:     1014M (50%)         980M (48%)        1942M (95%)        1976M (96%)        1976M (96%)         980M (48%)    
[2024-07-21T21:50:00.769+0800][15.298s][gc,heap     ] GC(8)      Used:     1034M (50%)        1068M (52%)         106M (5%)           72M (4%)         1068M (52%)          72M (4%)     
[2024-07-21T21:50:00.769+0800][15.298s][gc,heap     ] GC(8)      Live:         -                18M (1%)           18M (1%)           18M (1%)             -                  -          
[2024-07-21T21:50:00.769+0800][15.298s][gc,heap     ] GC(8) Allocated:         -                34M (2%)           34M (2%)           33M (2%)             -                  -          
[2024-07-21T21:50:00.769+0800][15.298s][gc,heap     ] GC(8)   Garbage:         -              1015M (50%)          53M (3%)           19M (1%)             -                  -          
[2024-07-21T21:50:00.769+0800][15.298s][gc,heap     ] GC(8) Reclaimed:         -                  -               962M (47%)         995M (49%)            -                  -          
[2024-07-21T21:50:00.769+0800][15.298s][gc          ] GC(8) Garbage Collection (Proactive) 1034M(50%)->72M(4%)
[2024-07-21T21:50:02.335+0800][16.863s][gc,start    ] GC(9) Garbage Collection (Proactive)
[2024-07-21T21:50:02.335+0800][16.863s][gc,task     ] GC(9) Using 2 workers
[2024-07-21T21:50:02.335+0800][16.863s][gc,phases   ] GC(9) Pause Mark Start 0.007ms
[2024-07-21T21:50:02.351+0800][16.879s][gc,phases   ] GC(9) Concurrent Mark 15.574ms
[2024-07-21T21:50:02.351+0800][16.879s][gc,phases   ] GC(9) Pause Mark End 0.010ms
[2024-07-21T21:50:02.351+0800][16.879s][gc,phases   ] GC(9) Concurrent Mark Free 0.001ms
[2024-07-21T21:50:02.352+0800][16.880s][gc,phases   ] GC(9) Concurrent Process Non-Strong References 0.848ms
[2024-07-21T21:50:02.352+0800][16.880s][gc,phases   ] GC(9) Concurrent Reset Relocation Set 0.002ms
[2024-07-21T21:50:02.354+0800][16.882s][gc,phases   ] GC(9) Concurrent Select Relocation Set 1.945ms
[2024-07-21T21:50:02.354+0800][16.883s][gc,phases   ] GC(9) Pause Relocate Start 0.007ms
[2024-07-21T21:50:02.356+0800][16.884s][gc,phases   ] GC(9) Concurrent Relocate 1.640ms
[2024-07-21T21:50:02.356+0800][16.884s][gc,load     ] GC(9) Load: 0.00/0.00/0.00
[2024-07-21T21:50:02.356+0800][16.884s][gc,mmu      ] GC(9) MMU: 2ms/98.1%, 5ms/99.2%, 10ms/99.6%, 20ms/99.8%, 50ms/99.9%, 100ms/99.9%
[2024-07-21T21:50:02.356+0800][16.884s][gc,marking  ] GC(9) Mark: 2 stripe(s), 2 proactive flush(es), 1 terminate flush(es), 0 completion(s), 0 continuation(s) 
[2024-07-21T21:50:02.356+0800][16.884s][gc,marking  ] GC(9) Mark Stack Usage: 32M
[2024-07-21T21:50:02.356+0800][16.884s][gc,nmethod  ] GC(9) NMethods: 473 registered, 0 unregistered
[2024-07-21T21:50:02.356+0800][16.884s][gc,metaspace] GC(9) Metaspace: 1M used, 1M committed, 1032M reserved
[2024-07-21T21:50:02.356+0800][16.884s][gc,ref      ] GC(9) Soft: 93 encountered, 0 discovered, 0 enqueued
[2024-07-21T21:50:02.356+0800][16.885s][gc,ref      ] GC(9) Weak: 131 encountered, 0 discovered, 0 enqueued
[2024-07-21T21:50:02.356+0800][16.885s][gc,ref      ] GC(9) Final: 0 encountered, 0 discovered, 0 enqueued
[2024-07-21T21:50:02.356+0800][16.885s][gc,ref      ] GC(9) Phantom: 184 encountered, 169 discovered, 0 enqueued
[2024-07-21T21:50:02.356+0800][16.885s][gc,reloc    ] GC(9) Small Pages: 4 / 8M, Empty: 0M, Relocated: 1M, In-Place: 0
[2024-07-21T21:50:02.356+0800][16.885s][gc,reloc    ] GC(9) Medium Pages: 34 / 1088M, Empty: 1024M, Relocated: 3M, In-Place: 0
[2024-07-21T21:50:02.356+0800][16.885s][gc,reloc    ] GC(9) Large Pages: 0 / 0M, Empty: 0M, Relocated: 0M, In-Place: 0
[2024-07-21T21:50:02.357+0800][16.885s][gc,reloc    ] GC(9) Forwarding Usage: 0M
[2024-07-21T21:50:02.357+0800][16.885s][gc,heap     ] GC(9) Min Capacity: 8M(0%)
[2024-07-21T21:50:02.357+0800][16.885s][gc,heap     ] GC(9) Max Capacity: 2048M(100%)
[2024-07-21T21:50:02.357+0800][16.885s][gc,heap     ] GC(9) Soft Max Capacity: 2048M(100%)
[2024-07-21T21:50:02.357+0800][16.885s][gc,heap     ] GC(9)                Mark Start          Mark End        Relocate Start      Relocate End           High               Low         
[2024-07-21T21:50:02.357+0800][16.885s][gc,heap     ] GC(9)  Capacity:     1792M (88%)        1792M (88%)        1792M (88%)        1792M (88%)        1792M (88%)        1792M (88%)    
[2024-07-21T21:50:02.357+0800][16.885s][gc,heap     ] GC(9)      Free:      952M (46%)         918M (45%)        1942M (95%)        1976M (96%)        1976M (96%)         918M (45%)    
[2024-07-21T21:50:02.357+0800][16.885s][gc,heap     ] GC(9)      Used:     1096M (54%)        1130M (55%)         106M (5%)           72M (4%)         1130M (55%)          72M (4%)     
[2024-07-21T21:50:02.357+0800][16.885s][gc,heap     ] GC(9)      Live:         -                 7M (0%)            7M (0%)            7M (0%)             -                  -          
[2024-07-21T21:50:02.357+0800][16.885s][gc,heap     ] GC(9) Allocated:         -                34M (2%)           34M (2%)           33M (2%)             -                  -          
[2024-07-21T21:50:02.357+0800][16.885s][gc,heap     ] GC(9)   Garbage:         -              1088M (53%)          64M (3%)           30M (1%)             -                  -          
[2024-07-21T21:50:02.357+0800][16.885s][gc,heap     ] GC(9) Reclaimed:         -                  -              1024M (50%)        1057M (52%)            -                  -          
[2024-07-21T21:50:02.357+0800][16.885s][gc          ] GC(9) Garbage Collection (Proactive) 1096M(54%)->72M(4%)
[2024-07-21T21:50:03.186+0800][17.714s][gc,heap,exit] Heap
[2024-07-21T21:50:03.186+0800][17.714s][gc,heap,exit]  ZHeap           used 616M, capacity 1792M, max capacity 2048M
[2024-07-21T21:50:03.186+0800][17.714s][gc,heap,exit]  Metaspace       used 1343K, committed 1472K, reserved 1056768K
[2024-07-21T21:50:03.186+0800][17.714s][gc,heap,exit]   class space    used 111K, committed 192K, reserved 1048576K
