[2024-07-21T21:50:09.099+0800][0.015s][gc,init] Initializing The Z Garbage Collector
[2024-07-21T21:50:09.100+0800][0.015s][gc,init] Version: 17.0.2+8-86 (release)
[2024-07-21T21:50:09.100+0800][0.015s][gc,init] NUMA Support: Disabled
[2024-07-21T21:50:09.100+0800][0.016s][gc,init] CPUs: 8 total, 8 available
[2024-07-21T21:50:09.100+0800][0.016s][gc,init] Memory: 16281M
[2024-07-21T21:50:09.100+0800][0.016s][gc,init] Large Page Support: Disabled
[2024-07-21T21:50:09.100+0800][0.016s][gc,init] GC Workers: 2 (dynamic)
[2024-07-21T21:50:09.100+0800][0.016s][gc,init] Address Space Type: Contiguous/Unrestricted/Complete
[2024-07-21T21:50:09.101+0800][0.016s][gc,init] Address Space Size: 32768M x 3 = 98304M
[2024-07-21T21:50:09.102+0800][0.018s][gc,init] Min Capacity: 8M
[2024-07-21T21:50:09.102+0800][0.018s][gc,init] Initial Capacity: 256M
[2024-07-21T21:50:09.102+0800][0.018s][gc,init] Max Capacity: 2048M
[2024-07-21T21:50:09.102+0800][0.018s][gc,init] Medium Page Size: 32M
[2024-07-21T21:50:09.102+0800][0.018s][gc,init] Pre-touch: Disabled
[2024-07-21T21:50:09.102+0800][0.018s][gc,init] Uncommit: Enabled
[2024-07-21T21:50:09.102+0800][0.018s][gc,init] Uncommit Delay: 300s
[2024-07-21T21:50:09.118+0800][0.034s][gc,init] Runtime Workers: 5
[2024-07-21T21:50:09.119+0800][0.034s][gc     ] Using The Z Garbage Collector
[2024-07-21T21:50:09.119+0800][0.035s][gc,metaspace] CDS archive(s) mapped at: [0x0000000800000000-0x0000000800bc0000-0x0000000800bc0000), size 12320768, SharedBaseAddress: 0x0000000800000000, ArchiveRelocationMode: 0.
[2024-07-21T21:50:09.119+0800][0.035s][gc,metaspace] Compressed class space mapped at: 0x0000000800c00000-0x0000000840c00000, reserved size: 1073741824
[2024-07-21T21:50:09.119+0800][0.035s][gc,metaspace] Narrow klass base: 0x0000000800000000, Narrow klass shift: 0, Narrow klass range: 0x100000000
[2024-07-21T21:50:09.853+0800][0.769s][gc,start    ] GC(0) Garbage Collection (Warmup)
[2024-07-21T21:50:09.853+0800][0.769s][gc,task     ] GC(0) Using 2 workers
[2024-07-21T21:50:09.853+0800][0.769s][gc,phases   ] GC(0) Pause Mark Start 0.006ms
[2024-07-21T21:50:09.869+0800][0.785s][gc,phases   ] GC(0) Concurrent Mark 15.526ms
[2024-07-21T21:50:09.885+0800][0.801s][gc,phases   ] GC(0) Pause Mark End 0.036ms
[2024-07-21T21:50:09.885+0800][0.801s][gc,phases   ] GC(0) Concurrent Mark Free 0.001ms
[2024-07-21T21:50:09.885+0800][0.802s][gc,phases   ] GC(0) Concurrent Process Non-Strong References 0.536ms
[2024-07-21T21:50:09.885+0800][0.802s][gc,phases   ] GC(0) Concurrent Reset Relocation Set 0.000ms
[2024-07-21T21:50:09.896+0800][0.813s][gc,phases   ] GC(0) Concurrent Select Relocation Set 10.966ms
[2024-07-21T21:50:09.897+0800][0.813s][gc,phases   ] GC(0) Pause Relocate Start 0.008ms
[2024-07-21T21:50:09.900+0800][0.817s][gc,phases   ] GC(0) Concurrent Relocate 3.696ms
[2024-07-21T21:50:09.900+0800][0.817s][gc,load     ] GC(0) Load: 0.00/0.00/0.00
[2024-07-21T21:50:09.900+0800][0.817s][gc,mmu      ] GC(0) MMU: 2ms/98.2%, 5ms/99.3%, 10ms/99.6%, 20ms/99.8%, 50ms/99.9%, 100ms/100.0%
[2024-07-21T21:50:09.900+0800][0.817s][gc,marking  ] GC(0) Mark: 2 stripe(s), 1 proactive flush(es), 1 terminate flush(es), 0 completion(s), 0 continuation(s) 
[2024-07-21T21:50:09.901+0800][0.817s][gc,marking  ] GC(0) Mark Stack Usage: 32M
[2024-07-21T21:50:09.901+0800][0.817s][gc,nmethod  ] GC(0) NMethods: 322 registered, 0 unregistered
[2024-07-21T21:50:09.901+0800][0.817s][gc,metaspace] GC(0) Metaspace: 1M used, 1M committed, 1032M reserved
[2024-07-21T21:50:09.901+0800][0.817s][gc,ref      ] GC(0) Soft: 53 encountered, 0 discovered, 0 enqueued
[2024-07-21T21:50:09.901+0800][0.817s][gc,ref      ] GC(0) Weak: 153 encountered, 36 discovered, 36 enqueued
[2024-07-21T21:50:09.901+0800][0.817s][gc,ref      ] GC(0) Final: 0 encountered, 0 discovered, 0 enqueued
[2024-07-21T21:50:09.901+0800][0.817s][gc,ref      ] GC(0) Phantom: 217 encountered, 157 discovered, 33 enqueued
[2024-07-21T21:50:09.901+0800][0.817s][gc,reloc    ] GC(0) Small Pages: 6 / 12M, Empty: 0M, Relocated: 1M, In-Place: 0
[2024-07-21T21:50:09.901+0800][0.817s][gc,reloc    ] GC(0) Medium Pages: 7 / 224M, Empty: 160M, Relocated: 10M, In-Place: 0
[2024-07-21T21:50:09.901+0800][0.817s][gc,reloc    ] GC(0) Large Pages: 0 / 0M, Empty: 0M, Relocated: 0M, In-Place: 0
[2024-07-21T21:50:09.901+0800][0.817s][gc,reloc    ] GC(0) Forwarding Usage: 0M
[2024-07-21T21:50:09.901+0800][0.817s][gc,heap     ] GC(0) Min Capacity: 8M(0%)
[2024-07-21T21:50:09.901+0800][0.817s][gc,heap     ] GC(0) Max Capacity: 2048M(100%)
[2024-07-21T21:50:09.901+0800][0.817s][gc,heap     ] GC(0) Soft Max Capacity: 2048M(100%)
[2024-07-21T21:50:09.901+0800][0.817s][gc,heap     ] GC(0)                Mark Start          Mark End        Relocate Start      Relocate End           High               Low         
[2024-07-21T21:50:09.901+0800][0.817s][gc,heap     ] GC(0)  Capacity:      256M (12%)         288M (14%)         288M (14%)         288M (14%)         288M (14%)         256M (12%)    
[2024-07-21T21:50:09.901+0800][0.817s][gc,heap     ] GC(0)      Free:     1812M (88%)        1780M (87%)        1938M (95%)        1976M (96%)        1976M (96%)        1778M (87%)    
[2024-07-21T21:50:09.901+0800][0.817s][gc,heap     ] GC(0)      Used:      236M (12%)         268M (13%)         110M (5%)           72M (4%)          270M (13%)          72M (4%)     
[2024-07-21T21:50:09.901+0800][0.817s][gc,heap     ] GC(0)      Live:         -                14M (1%)           14M (1%)           14M (1%)             -                  -          
[2024-07-21T21:50:09.901+0800][0.818s][gc,heap     ] GC(0) Allocated:         -                32M (2%)           34M (2%)           34M (2%)             -                  -          
[2024-07-21T21:50:09.901+0800][0.818s][gc,heap     ] GC(0)   Garbage:         -               221M (11%)          61M (3%)           23M (1%)             -                  -          
[2024-07-21T21:50:09.901+0800][0.818s][gc,heap     ] GC(0) Reclaimed:         -                  -               160M (8%)          198M (10%)            -                  -          
[2024-07-21T21:50:09.901+0800][0.818s][gc          ] GC(0) Garbage Collection (Warmup) 236M(12%)->72M(4%)
[2024-07-21T21:50:10.658+0800][1.573s][gc,start    ] GC(1) Garbage Collection (Warmup)
[2024-07-21T21:50:10.658+0800][1.573s][gc,task     ] GC(1) Using 2 workers
[2024-07-21T21:50:10.658+0800][1.574s][gc,phases   ] GC(1) Pause Mark Start 0.006ms
[2024-07-21T21:50:10.674+0800][1.589s][gc,phases   ] GC(1) Concurrent Mark 15.550ms
[2024-07-21T21:50:10.674+0800][1.590s][gc,phases   ] GC(1) Pause Mark End 0.031ms
[2024-07-21T21:50:10.674+0800][1.590s][gc,phases   ] GC(1) Concurrent Mark Free 0.001ms
[2024-07-21T21:50:10.675+0800][1.591s][gc,phases   ] GC(1) Concurrent Process Non-Strong References 0.864ms
[2024-07-21T21:50:10.675+0800][1.591s][gc,phases   ] GC(1) Concurrent Reset Relocation Set 0.001ms
[2024-07-21T21:50:10.677+0800][1.593s][gc,phases   ] GC(1) Concurrent Select Relocation Set 1.900ms
[2024-07-21T21:50:10.677+0800][1.593s][gc,phases   ] GC(1) Pause Relocate Start 0.008ms
[2024-07-21T21:50:10.679+0800][1.595s][gc,phases   ] GC(1) Concurrent Relocate 2.004ms
[2024-07-21T21:50:10.679+0800][1.595s][gc,load     ] GC(1) Load: 0.00/0.00/0.00
[2024-07-21T21:50:10.679+0800][1.595s][gc,mmu      ] GC(1) MMU: 2ms/98.2%, 5ms/99.2%, 10ms/99.6%, 20ms/99.8%, 50ms/99.9%, 100ms/100.0%
[2024-07-21T21:50:10.679+0800][1.595s][gc,marking  ] GC(1) Mark: 2 stripe(s), 2 proactive flush(es), 1 terminate flush(es), 0 completion(s), 0 continuation(s) 
[2024-07-21T21:50:10.679+0800][1.595s][gc,marking  ] GC(1) Mark Stack Usage: 32M
[2024-07-21T21:50:10.679+0800][1.595s][gc,nmethod  ] GC(1) NMethods: 370 registered, 0 unregistered
[2024-07-21T21:50:10.679+0800][1.595s][gc,metaspace] GC(1) Metaspace: 1M used, 1M committed, 1032M reserved
[2024-07-21T21:50:10.679+0800][1.595s][gc,ref      ] GC(1) Soft: 93 encountered, 0 discovered, 0 enqueued
[2024-07-21T21:50:10.679+0800][1.595s][gc,ref      ] GC(1) Weak: 136 encountered, 8 discovered, 5 enqueued
[2024-07-21T21:50:10.679+0800][1.595s][gc,ref      ] GC(1) Final: 0 encountered, 0 discovered, 0 enqueued
[2024-07-21T21:50:10.679+0800][1.595s][gc,ref      ] GC(1) Phantom: 189 encountered, 82 discovered, 5 enqueued
[2024-07-21T21:50:10.679+0800][1.595s][gc,reloc    ] GC(1) Small Pages: 6 / 12M, Empty: 2M, Relocated: 1M, In-Place: 0
[2024-07-21T21:50:10.679+0800][1.595s][gc,reloc    ] GC(1) Medium Pages: 13 / 416M, Empty: 352M, Relocated: 1M, In-Place: 0
[2024-07-21T21:50:10.679+0800][1.595s][gc,reloc    ] GC(1) Large Pages: 0 / 0M, Empty: 0M, Relocated: 0M, In-Place: 0
[2024-07-21T21:50:10.679+0800][1.595s][gc,reloc    ] GC(1) Forwarding Usage: 0M
[2024-07-21T21:50:10.679+0800][1.595s][gc,heap     ] GC(1) Min Capacity: 8M(0%)
[2024-07-21T21:50:10.679+0800][1.595s][gc,heap     ] GC(1) Max Capacity: 2048M(100%)
[2024-07-21T21:50:10.679+0800][1.595s][gc,heap     ] GC(1) Soft Max Capacity: 2048M(100%)
[2024-07-21T21:50:10.679+0800][1.595s][gc,heap     ] GC(1)                Mark Start          Mark End        Relocate Start      Relocate End           High               Low         
[2024-07-21T21:50:10.679+0800][1.595s][gc,heap     ] GC(1)  Capacity:      448M (22%)         480M (23%)         480M (23%)         480M (23%)         480M (23%)         448M (22%)    
[2024-07-21T21:50:10.680+0800][1.595s][gc,heap     ] GC(1)      Free:     1620M (79%)        1586M (77%)        1940M (95%)        1974M (96%)        1974M (96%)        1586M (77%)    
[2024-07-21T21:50:10.680+0800][1.595s][gc,heap     ] GC(1)      Used:      428M (21%)         462M (23%)         108M (5%)           74M (4%)          462M (23%)          74M (4%)     
[2024-07-21T21:50:10.680+0800][1.595s][gc,heap     ] GC(1)      Live:         -                 5M (0%)            5M (0%)            5M (0%)             -                  -          
[2024-07-21T21:50:10.680+0800][1.595s][gc,heap     ] GC(1) Allocated:         -                34M (2%)           34M (2%)           34M (2%)             -                  -          
[2024-07-21T21:50:10.680+0800][1.595s][gc,heap     ] GC(1)   Garbage:         -               422M (21%)          68M (3%)           34M (2%)             -                  -          
[2024-07-21T21:50:10.680+0800][1.595s][gc,heap     ] GC(1) Reclaimed:         -                  -               354M (17%)         388M (19%)            -                  -          
[2024-07-21T21:50:10.680+0800][1.595s][gc          ] GC(1) Garbage Collection (Warmup) 428M(21%)->74M(4%)
[2024-07-21T21:50:11.663+0800][2.579s][gc,start    ] GC(2) Garbage Collection (Warmup)
[2024-07-21T21:50:11.663+0800][2.579s][gc,task     ] GC(2) Using 2 workers
[2024-07-21T21:50:11.663+0800][2.579s][gc,phases   ] GC(2) Pause Mark Start 0.008ms
[2024-07-21T21:50:11.679+0800][2.595s][gc,phases   ] GC(2) Concurrent Mark 14.917ms
[2024-07-21T21:50:11.679+0800][2.595s][gc,phases   ] GC(2) Pause Mark End 0.010ms
[2024-07-21T21:50:11.679+0800][2.595s][gc,phases   ] GC(2) Concurrent Mark Free 0.001ms
[2024-07-21T21:50:11.679+0800][2.596s][gc,phases   ] GC(2) Concurrent Process Non-Strong References 0.992ms
[2024-07-21T21:50:11.679+0800][2.596s][gc,phases   ] GC(2) Concurrent Reset Relocation Set 0.001ms
[2024-07-21T21:50:11.681+0800][2.598s][gc,phases   ] GC(2) Concurrent Select Relocation Set 1.923ms
[2024-07-21T21:50:11.682+0800][2.598s][gc,phases   ] GC(2) Pause Relocate Start 0.006ms
[2024-07-21T21:50:11.683+0800][2.599s][gc,phases   ] GC(2) Concurrent Relocate 1.119ms
[2024-07-21T21:50:11.683+0800][2.599s][gc,load     ] GC(2) Load: 0.00/0.00/0.00
[2024-07-21T21:50:11.683+0800][2.599s][gc,mmu      ] GC(2) MMU: 2ms/98.2%, 5ms/99.2%, 10ms/99.6%, 20ms/99.8%, 50ms/99.9%, 100ms/100.0%
[2024-07-21T21:50:11.683+0800][2.599s][gc,marking  ] GC(2) Mark: 2 stripe(s), 2 proactive flush(es), 1 terminate flush(es), 0 completion(s), 0 continuation(s) 
[2024-07-21T21:50:11.683+0800][2.599s][gc,marking  ] GC(2) Mark Stack Usage: 32M
[2024-07-21T21:50:11.683+0800][2.599s][gc,nmethod  ] GC(2) NMethods: 379 registered, 0 unregistered
[2024-07-21T21:50:11.683+0800][2.599s][gc,metaspace] GC(2) Metaspace: 1M used, 1M committed, 1032M reserved
[2024-07-21T21:50:11.683+0800][2.599s][gc,ref      ] GC(2) Soft: 93 encountered, 0 discovered, 0 enqueued
[2024-07-21T21:50:11.683+0800][2.599s][gc,ref      ] GC(2) Weak: 131 encountered, 94 discovered, 0 enqueued
[2024-07-21T21:50:11.683+0800][2.599s][gc,ref      ] GC(2) Final: 0 encountered, 0 discovered, 0 enqueued
[2024-07-21T21:50:11.683+0800][2.599s][gc,ref      ] GC(2) Phantom: 184 encountered, 177 discovered, 0 enqueued
[2024-07-21T21:50:11.683+0800][2.599s][gc,reloc    ] GC(2) Small Pages: 5 / 10M, Empty: 2M, Relocated: 1M, In-Place: 0
[2024-07-21T21:50:11.683+0800][2.599s][gc,reloc    ] GC(2) Medium Pages: 19 / 608M, Empty: 544M, Relocated: 1M, In-Place: 0
[2024-07-21T21:50:11.683+0800][2.600s][gc,reloc    ] GC(2) Large Pages: 0 / 0M, Empty: 0M, Relocated: 0M, In-Place: 0
[2024-07-21T21:50:11.683+0800][2.600s][gc,reloc    ] GC(2) Forwarding Usage: 0M
[2024-07-21T21:50:11.683+0800][2.600s][gc,heap     ] GC(2) Min Capacity: 8M(0%)
[2024-07-21T21:50:11.683+0800][2.600s][gc,heap     ] GC(2) Max Capacity: 2048M(100%)
[2024-07-21T21:50:11.683+0800][2.600s][gc,heap     ] GC(2) Soft Max Capacity: 2048M(100%)
[2024-07-21T21:50:11.683+0800][2.600s][gc,heap     ] GC(2)                Mark Start          Mark End        Relocate Start      Relocate End           High               Low         
[2024-07-21T21:50:11.683+0800][2.600s][gc,heap     ] GC(2)  Capacity:      640M (31%)         672M (33%)         672M (33%)         672M (33%)         672M (33%)         640M (31%)    
[2024-07-21T21:50:11.683+0800][2.600s][gc,heap     ] GC(2)      Free:     1430M (70%)        1396M (68%)        1942M (95%)        1974M (96%)        1974M (96%)        1396M (68%)    
[2024-07-21T21:50:11.683+0800][2.600s][gc,heap     ] GC(2)      Used:      618M (30%)         652M (32%)         106M (5%)           74M (4%)          652M (32%)          74M (4%)     
[2024-07-21T21:50:11.683+0800][2.600s][gc,heap     ] GC(2)      Live:         -                 5M (0%)            5M (0%)            5M (0%)             -                  -          
[2024-07-21T21:50:11.683+0800][2.600s][gc,heap     ] GC(2) Allocated:         -                34M (2%)           34M (2%)           34M (2%)             -                  -          
[2024-07-21T21:50:11.683+0800][2.600s][gc,heap     ] GC(2)   Garbage:         -               612M (30%)          66M (3%)           34M (2%)             -                  -          
[2024-07-21T21:50:11.683+0800][2.600s][gc,heap     ] GC(2) Reclaimed:         -                  -               546M (27%)         578M (28%)            -                  -          
[2024-07-21T21:50:11.683+0800][2.600s][gc          ] GC(2) Garbage Collection (Warmup) 618M(30%)->74M(4%)
[2024-07-21T21:50:14.158+0800][5.074s][gc,start    ] GC(3) Garbage Collection (Proactive)
[2024-07-21T21:50:14.158+0800][5.074s][gc,task     ] GC(3) Using 2 workers
[2024-07-21T21:50:14.158+0800][5.074s][gc,phases   ] GC(3) Pause Mark Start 0.011ms
[2024-07-21T21:50:14.173+0800][5.089s][gc,phases   ] GC(3) Concurrent Mark 14.916ms
[2024-07-21T21:50:14.173+0800][5.089s][gc,phases   ] GC(3) Pause Mark End 0.010ms
[2024-07-21T21:50:14.173+0800][5.090s][gc,phases   ] GC(3) Concurrent Mark Free 0.001ms
[2024-07-21T21:50:14.174+0800][5.091s][gc,phases   ] GC(3) Concurrent Process Non-Strong References 1.066ms
[2024-07-21T21:50:14.175+0800][5.091s][gc,phases   ] GC(3) Concurrent Reset Relocation Set 0.001ms
[2024-07-21T21:50:14.176+0800][5.093s][gc,phases   ] GC(3) Concurrent Select Relocation Set 1.808ms
[2024-07-21T21:50:14.177+0800][5.093s][gc,phases   ] GC(3) Pause Relocate Start 0.006ms
[2024-07-21T21:50:14.178+0800][5.094s][gc,phases   ] GC(3) Concurrent Relocate 1.114ms
[2024-07-21T21:50:14.178+0800][5.094s][gc,load     ] GC(3) Load: 0.00/0.00/0.00
[2024-07-21T21:50:14.178+0800][5.094s][gc,mmu      ] GC(3) MMU: 2ms/98.2%, 5ms/99.2%, 10ms/99.6%, 20ms/99.8%, 50ms/99.9%, 100ms/100.0%
[2024-07-21T21:50:14.178+0800][5.094s][gc,marking  ] GC(3) Mark: 2 stripe(s), 2 proactive flush(es), 1 terminate flush(es), 0 completion(s), 0 continuation(s) 
[2024-07-21T21:50:14.178+0800][5.094s][gc,marking  ] GC(3) Mark Stack Usage: 32M
[2024-07-21T21:50:14.178+0800][5.094s][gc,nmethod  ] GC(3) NMethods: 415 registered, 0 unregistered
[2024-07-21T21:50:14.178+0800][5.094s][gc,metaspace] GC(3) Metaspace: 1M used, 1M committed, 1032M reserved
[2024-07-21T21:50:14.178+0800][5.094s][gc,ref      ] GC(3) Soft: 93 encountered, 0 discovered, 0 enqueued
[2024-07-21T21:50:14.178+0800][5.094s][gc,ref      ] GC(3) Weak: 131 encountered, 94 discovered, 0 enqueued
[2024-07-21T21:50:14.178+0800][5.094s][gc,ref      ] GC(3) Final: 0 encountered, 0 discovered, 0 enqueued
[2024-07-21T21:50:14.178+0800][5.094s][gc,ref      ] GC(3) Phantom: 184 encountered, 98 discovered, 0 enqueued
[2024-07-21T21:50:14.178+0800][5.094s][gc,reloc    ] GC(3) Small Pages: 6 / 12M, Empty: 2M, Relocated: 1M, In-Place: 0
[2024-07-21T21:50:14.178+0800][5.094s][gc,reloc    ] GC(3) Medium Pages: 40 / 1280M, Empty: 1216M, Relocated: 1M, In-Place: 0
[2024-07-21T21:50:14.178+0800][5.094s][gc,reloc    ] GC(3) Large Pages: 0 / 0M, Empty: 0M, Relocated: 0M, In-Place: 0
[2024-07-21T21:50:14.178+0800][5.094s][gc,reloc    ] GC(3) Forwarding Usage: 0M
[2024-07-21T21:50:14.178+0800][5.094s][gc,heap     ] GC(3) Min Capacity: 8M(0%)
[2024-07-21T21:50:14.178+0800][5.094s][gc,heap     ] GC(3) Max Capacity: 2048M(100%)
[2024-07-21T21:50:14.178+0800][5.094s][gc,heap     ] GC(3) Soft Max Capacity: 2048M(100%)
[2024-07-21T21:50:14.178+0800][5.094s][gc,heap     ] GC(3)                Mark Start          Mark End        Relocate Start      Relocate End           High               Low         
[2024-07-21T21:50:14.178+0800][5.094s][gc,heap     ] GC(3)  Capacity:     1312M (64%)        1344M (66%)        1344M (66%)        1344M (66%)        1344M (66%)        1312M (64%)    
[2024-07-21T21:50:14.178+0800][5.094s][gc,heap     ] GC(3)      Free:      756M (37%)         722M (35%)        1940M (95%)        1974M (96%)        1974M (96%)         722M (35%)    
[2024-07-21T21:50:14.178+0800][5.094s][gc,heap     ] GC(3)      Used:     1292M (63%)        1326M (65%)         108M (5%)           74M (4%)         1326M (65%)          74M (4%)     
[2024-07-21T21:50:14.178+0800][5.094s][gc,heap     ] GC(3)      Live:         -                 5M (0%)            5M (0%)            5M (0%)             -                  -          
[2024-07-21T21:50:14.178+0800][5.094s][gc,heap     ] GC(3) Allocated:         -                34M (2%)           34M (2%)           34M (2%)             -                  -          
[2024-07-21T21:50:14.178+0800][5.094s][gc,heap     ] GC(3)   Garbage:         -              1286M (63%)          68M (3%)           34M (2%)             -                  -          
[2024-07-21T21:50:14.178+0800][5.094s][gc,heap     ] GC(3) Reclaimed:         -                  -              1218M (59%)        1252M (61%)            -                  -          
[2024-07-21T21:50:14.178+0800][5.094s][gc          ] GC(3) Garbage Collection (Proactive) 1292M(63%)->74M(4%)
[2024-07-21T21:50:15.952+0800][6.867s][gc,start    ] GC(4) Garbage Collection (Proactive)
[2024-07-21T21:50:15.952+0800][6.867s][gc,task     ] GC(4) Using 2 workers
[2024-07-21T21:50:15.952+0800][6.868s][gc,phases   ] GC(4) Pause Mark Start 0.010ms
[2024-07-21T21:50:15.967+0800][6.883s][gc,phases   ] GC(4) Concurrent Mark 15.030ms
[2024-07-21T21:50:15.967+0800][6.883s][gc,phases   ] GC(4) Pause Mark End 0.017ms
[2024-07-21T21:50:15.967+0800][6.883s][gc,phases   ] GC(4) Concurrent Mark Free 0.001ms
[2024-07-21T21:50:15.968+0800][6.884s][gc,phases   ] GC(4) Concurrent Process Non-Strong References 0.883ms
[2024-07-21T21:50:15.968+0800][6.884s][gc,phases   ] GC(4) Concurrent Reset Relocation Set 0.001ms
[2024-07-21T21:50:15.971+0800][6.887s][gc,phases   ] GC(4) Concurrent Select Relocation Set 3.091ms
[2024-07-21T21:50:15.972+0800][6.888s][gc,phases   ] GC(4) Pause Relocate Start 0.009ms
[2024-07-21T21:50:15.977+0800][6.893s][gc,phases   ] GC(4) Concurrent Relocate 5.181ms
[2024-07-21T21:50:15.977+0800][6.893s][gc,load     ] GC(4) Load: 0.00/0.00/0.00
[2024-07-21T21:50:15.977+0800][6.893s][gc,mmu      ] GC(4) MMU: 2ms/98.2%, 5ms/99.2%, 10ms/99.6%, 20ms/99.8%, 50ms/99.9%, 100ms/100.0%
[2024-07-21T21:50:15.977+0800][6.893s][gc,marking  ] GC(4) Mark: 2 stripe(s), 2 proactive flush(es), 1 terminate flush(es), 0 completion(s), 0 continuation(s) 
[2024-07-21T21:50:15.977+0800][6.893s][gc,marking  ] GC(4) Mark Stack Usage: 32M
[2024-07-21T21:50:15.977+0800][6.893s][gc,nmethod  ] GC(4) NMethods: 432 registered, 0 unregistered
[2024-07-21T21:50:15.977+0800][6.893s][gc,metaspace] GC(4) Metaspace: 1M used, 1M committed, 1032M reserved
[2024-07-21T21:50:15.977+0800][6.893s][gc,ref      ] GC(4) Soft: 93 encountered, 0 discovered, 0 enqueued
[2024-07-21T21:50:15.977+0800][6.893s][gc,ref      ] GC(4) Weak: 131 encountered, 76 discovered, 0 enqueued
[2024-07-21T21:50:15.977+0800][6.893s][gc,ref      ] GC(4) Final: 0 encountered, 0 discovered, 0 enqueued
[2024-07-21T21:50:15.977+0800][6.893s][gc,ref      ] GC(4) Phantom: 184 encountered, 67 discovered, 0 enqueued
[2024-07-21T21:50:15.977+0800][6.893s][gc,reloc    ] GC(4) Small Pages: 5 / 10M, Empty: 2M, Relocated: 1M, In-Place: 0
[2024-07-21T21:50:15.977+0800][6.893s][gc,reloc    ] GC(4) Medium Pages: 38 / 1216M, Empty: 1152M, Relocated: 11M, In-Place: 0
[2024-07-21T21:50:15.977+0800][6.893s][gc,reloc    ] GC(4) Large Pages: 0 / 0M, Empty: 0M, Relocated: 0M, In-Place: 0
[2024-07-21T21:50:15.977+0800][6.893s][gc,reloc    ] GC(4) Forwarding Usage: 0M
[2024-07-21T21:50:15.977+0800][6.893s][gc,heap     ] GC(4) Min Capacity: 8M(0%)
[2024-07-21T21:50:15.977+0800][6.893s][gc,heap     ] GC(4) Max Capacity: 2048M(100%)
[2024-07-21T21:50:15.977+0800][6.893s][gc,heap     ] GC(4) Soft Max Capacity: 2048M(100%)
[2024-07-21T21:50:15.977+0800][6.893s][gc,heap     ] GC(4)                Mark Start          Mark End        Relocate Start      Relocate End           High               Low         
[2024-07-21T21:50:15.977+0800][6.893s][gc,heap     ] GC(4)  Capacity:     1344M (66%)        1344M (66%)        1344M (66%)        1344M (66%)        1344M (66%)        1344M (66%)    
[2024-07-21T21:50:15.977+0800][6.893s][gc,heap     ] GC(4)      Free:      822M (40%)         788M (38%)        1942M (95%)        1976M (96%)        1976M (96%)         788M (38%)    
[2024-07-21T21:50:15.977+0800][6.893s][gc,heap     ] GC(4)      Used:     1226M (60%)        1260M (62%)         106M (5%)           72M (4%)         1260M (62%)          72M (4%)     
[2024-07-21T21:50:15.977+0800][6.894s][gc,heap     ] GC(4)      Live:         -                15M (1%)           15M (1%)           15M (1%)             -                  -          
[2024-07-21T21:50:15.977+0800][6.894s][gc,heap     ] GC(4) Allocated:         -                34M (2%)           34M (2%)           33M (2%)             -                  -          
[2024-07-21T21:50:15.978+0800][6.894s][gc,heap     ] GC(4)   Garbage:         -              1210M (59%)          56M (3%)           22M (1%)             -                  -          
[2024-07-21T21:50:15.978+0800][6.894s][gc,heap     ] GC(4) Reclaimed:         -                  -              1154M (56%)        1187M (58%)            -                  -          
[2024-07-21T21:50:15.978+0800][6.894s][gc          ] GC(4) Garbage Collection (Proactive) 1226M(60%)->72M(4%)
[2024-07-21T21:50:17.857+0800][8.772s][gc,start    ] GC(5) Garbage Collection (Proactive)
[2024-07-21T21:50:17.857+0800][8.772s][gc,task     ] GC(5) Using 2 workers
[2024-07-21T21:50:17.857+0800][8.773s][gc,phases   ] GC(5) Pause Mark Start 0.009ms
[2024-07-21T21:50:17.872+0800][8.788s][gc,phases   ] GC(5) Concurrent Mark 15.011ms
[2024-07-21T21:50:17.872+0800][8.788s][gc,phases   ] GC(5) Pause Mark End 0.009ms
[2024-07-21T21:50:17.872+0800][8.788s][gc,phases   ] GC(5) Concurrent Mark Free 0.001ms
[2024-07-21T21:50:17.873+0800][8.789s][gc,phases   ] GC(5) Concurrent Process Non-Strong References 0.661ms
[2024-07-21T21:50:17.873+0800][8.789s][gc,phases   ] GC(5) Concurrent Reset Relocation Set 0.001ms
[2024-07-21T21:50:17.875+0800][8.791s][gc,phases   ] GC(5) Concurrent Select Relocation Set 2.330ms
[2024-07-21T21:50:17.876+0800][8.791s][gc,phases   ] GC(5) Pause Relocate Start 0.007ms
[2024-07-21T21:50:17.877+0800][8.793s][gc,phases   ] GC(5) Concurrent Relocate 1.380ms
[2024-07-21T21:50:17.877+0800][8.793s][gc,load     ] GC(5) Load: 0.00/0.00/0.00
[2024-07-21T21:50:17.877+0800][8.793s][gc,mmu      ] GC(5) MMU: 2ms/98.2%, 5ms/99.2%, 10ms/99.6%, 20ms/99.8%, 50ms/99.9%, 100ms/100.0%
[2024-07-21T21:50:17.877+0800][8.793s][gc,marking  ] GC(5) Mark: 2 stripe(s), 2 proactive flush(es), 1 terminate flush(es), 0 completion(s), 0 continuation(s) 
[2024-07-21T21:50:17.877+0800][8.793s][gc,marking  ] GC(5) Mark Stack Usage: 32M
[2024-07-21T21:50:17.877+0800][8.793s][gc,nmethod  ] GC(5) NMethods: 443 registered, 0 unregistered
[2024-07-21T21:50:17.877+0800][8.793s][gc,metaspace] GC(5) Metaspace: 1M used, 1M committed, 1032M reserved
[2024-07-21T21:50:17.877+0800][8.793s][gc,ref      ] GC(5) Soft: 93 encountered, 0 discovered, 0 enqueued
[2024-07-21T21:50:17.877+0800][8.793s][gc,ref      ] GC(5) Weak: 131 encountered, 58 discovered, 0 enqueued
[2024-07-21T21:50:17.877+0800][8.793s][gc,ref      ] GC(5) Final: 0 encountered, 0 discovered, 0 enqueued
[2024-07-21T21:50:17.877+0800][8.793s][gc,ref      ] GC(5) Phantom: 184 encountered, 98 discovered, 0 enqueued
[2024-07-21T21:50:17.877+0800][8.793s][gc,reloc    ] GC(5) Small Pages: 4 / 8M, Empty: 0M, Relocated: 1M, In-Place: 0
[2024-07-21T21:50:17.877+0800][8.793s][gc,reloc    ] GC(5) Medium Pages: 41 / 1312M, Empty: 1248M, Relocated: 3M, In-Place: 0
[2024-07-21T21:50:17.877+0800][8.793s][gc,reloc    ] GC(5) Large Pages: 0 / 0M, Empty: 0M, Relocated: 0M, In-Place: 0
[2024-07-21T21:50:17.877+0800][8.793s][gc,reloc    ] GC(5) Forwarding Usage: 0M
[2024-07-21T21:50:17.877+0800][8.793s][gc,heap     ] GC(5) Min Capacity: 8M(0%)
[2024-07-21T21:50:17.877+0800][8.793s][gc,heap     ] GC(5) Max Capacity: 2048M(100%)
[2024-07-21T21:50:17.877+0800][8.793s][gc,heap     ] GC(5) Soft Max Capacity: 2048M(100%)
[2024-07-21T21:50:17.877+0800][8.793s][gc,heap     ] GC(5)                Mark Start          Mark End        Relocate Start      Relocate End           High               Low         
[2024-07-21T21:50:17.877+0800][8.793s][gc,heap     ] GC(5)  Capacity:     1344M (66%)        1376M (67%)        1376M (67%)        1376M (67%)        1376M (67%)        1344M (66%)    
[2024-07-21T21:50:17.877+0800][8.793s][gc,heap     ] GC(5)      Free:      728M (36%)         694M (34%)        1942M (95%)        1976M (96%)        1976M (96%)         694M (34%)    
[2024-07-21T21:50:17.877+0800][8.793s][gc,heap     ] GC(5)      Used:     1320M (64%)        1354M (66%)         106M (5%)           72M (4%)         1354M (66%)          72M (4%)     
[2024-07-21T21:50:17.877+0800][8.793s][gc,heap     ] GC(5)      Live:         -                 7M (0%)            7M (0%)            7M (0%)             -                  -          
[2024-07-21T21:50:17.877+0800][8.793s][gc,heap     ] GC(5) Allocated:         -                34M (2%)           34M (2%)           34M (2%)             -                  -          
[2024-07-21T21:50:17.878+0800][8.793s][gc,heap     ] GC(5)   Garbage:         -              1312M (64%)          64M (3%)           30M (1%)             -                  -          
[2024-07-21T21:50:17.878+0800][8.793s][gc,heap     ] GC(5) Reclaimed:         -                  -              1248M (61%)        1282M (63%)            -                  -          
[2024-07-21T21:50:17.878+0800][8.793s][gc          ] GC(5) Garbage Collection (Proactive) 1320M(64%)->72M(4%)
[2024-07-21T21:50:19.164+0800][10.079s][gc,stats    ] === Garbage Collection Statistics =======================================================================================================================
[2024-07-21T21:50:19.164+0800][10.079s][gc,stats    ]                                                              Last 10s              Last 10m              Last 10h                Total
[2024-07-21T21:50:19.164+0800][10.079s][gc,stats    ]                                                              Avg / Max             Avg / Max             Avg / Max             Avg / Max
[2024-07-21T21:50:19.164+0800][10.079s][gc,stats    ]   Collector: Garbage Collection Cycle                     26.089 / 47.801       26.089 / 47.801       26.089 / 47.801       26.089 / 47.801      ms
[2024-07-21T21:50:19.164+0800][10.080s][gc,stats    ]  Contention: Mark Segment Reset Contention                     0 / 1                 0 / 1                 0 / 1                 0 / 1           ops/s
[2024-07-21T21:50:19.164+0800][10.080s][gc,stats    ]  Contention: Mark SeqNum Reset Contention                      0 / 1                 0 / 1                 0 / 1                 0 / 1           ops/s
[2024-07-21T21:50:19.164+0800][10.080s][gc,stats    ]    Critical: Allocation Stall                                  0 / 0                 0 / 0                 0 / 0                 0 / 0           ops/s
[2024-07-21T21:50:19.164+0800][10.080s][gc,stats    ]    Critical: Allocation Stall                              0.000 / 0.000         0.000 / 0.000         0.000 / 0.000         0.000 / 0.000       ms
[2024-07-21T21:50:19.164+0800][10.080s][gc,stats    ]    Critical: GC Locker Stall                                   0 / 0                 0 / 0                 0 / 0                 0 / 0           ops/s
[2024-07-21T21:50:19.164+0800][10.080s][gc,stats    ]    Critical: GC Locker Stall                               0.000 / 0.000         0.000 / 0.000         0.000 / 0.000         0.000 / 0.000       ms
[2024-07-21T21:50:19.164+0800][10.080s][gc,stats    ]    Critical: Relocation Stall                                  0 / 0                 0 / 0                 0 / 0                 0 / 0           ops/s
[2024-07-21T21:50:19.164+0800][10.080s][gc,stats    ]    Critical: Relocation Stall                              0.000 / 0.000         0.000 / 0.000         0.000 / 0.000         0.000 / 0.000       ms
[2024-07-21T21:50:19.164+0800][10.080s][gc,stats    ]      Memory: Allocation Rate                                 578 / 706             578 / 706             578 / 706             578 / 706         MB/s
[2024-07-21T21:50:19.164+0800][10.080s][gc,stats    ]      Memory: Out Of Memory                                     0 / 0                 0 / 0                 0 / 0                 0 / 0           ops/s
[2024-07-21T21:50:19.164+0800][10.080s][gc,stats    ]      Memory: Page Cache Flush                                  0 / 0                 0 / 0                 0 / 0                 0 / 0           MB/s
[2024-07-21T21:50:19.164+0800][10.080s][gc,stats    ]      Memory: Page Cache Hit L1                                16 / 25               16 / 25               16 / 25               16 / 25          ops/s
[2024-07-21T21:50:19.164+0800][10.080s][gc,stats    ]      Memory: Page Cache Hit L2                                 0 / 0                 0 / 0                 0 / 0                 0 / 0           ops/s
[2024-07-21T21:50:19.164+0800][10.080s][gc,stats    ]      Memory: Page Cache Hit L3                                 1 / 15                1 / 15                1 / 15                1 / 15          ops/s
[2024-07-21T21:50:19.164+0800][10.080s][gc,stats    ]      Memory: Page Cache Miss                                   3 / 13                3 / 13                3 / 13                3 / 13          ops/s
[2024-07-21T21:50:19.164+0800][10.080s][gc,stats    ]      Memory: Uncommit                                          0 / 0                 0 / 0                 0 / 0                 0 / 0           MB/s
[2024-07-21T21:50:19.164+0800][10.080s][gc,stats    ]      Memory: Undo Object Allocation Failed                     0 / 0                 0 / 0                 0 / 0                 0 / 0           ops/s
[2024-07-21T21:50:19.164+0800][10.080s][gc,stats    ]      Memory: Undo Object Allocation Succeeded                  0 / 0                 0 / 0                 0 / 0                 0 / 0           ops/s
[2024-07-21T21:50:19.165+0800][10.080s][gc,stats    ]      Memory: Undo Page Allocation                              0 / 0                 0 / 0                 0 / 0                 0 / 0           ops/s
[2024-07-21T21:50:19.165+0800][10.080s][gc,stats    ]       Phase: Concurrent Mark                              15.158 / 15.550       15.158 / 15.550       15.158 / 15.550       15.158 / 15.550      ms
[2024-07-21T21:50:19.165+0800][10.080s][gc,stats    ]       Phase: Concurrent Mark Continue                      0.000 / 0.000         0.000 / 0.000         0.000 / 0.000         0.000 / 0.000       ms
[2024-07-21T21:50:19.165+0800][10.080s][gc,stats    ]       Phase: Concurrent Mark Free                          0.001 / 0.001         0.001 / 0.001         0.001 / 0.001         0.001 / 0.001       ms
[2024-07-21T21:50:19.165+0800][10.080s][gc,stats    ]       Phase: Concurrent Process Non-Strong References      0.834 / 1.066         0.834 / 1.066         0.834 / 1.066         0.834 / 1.066       ms
[2024-07-21T21:50:19.165+0800][10.080s][gc,stats    ]       Phase: Concurrent Relocate                           2.416 / 5.181         2.416 / 5.181         2.416 / 5.181         2.416 / 5.181       ms
[2024-07-21T21:50:19.165+0800][10.080s][gc,stats    ]       Phase: Concurrent Reset Relocation Set               0.001 / 0.001         0.001 / 0.001         0.001 / 0.001         0.001 / 0.001       ms
[2024-07-21T21:50:19.165+0800][10.081s][gc,stats    ]       Phase: Concurrent Select Relocation Set              3.670 / 10.966        3.670 / 10.966        3.670 / 10.966        3.670 / 10.966      ms
[2024-07-21T21:50:19.165+0800][10.081s][gc,stats    ]       Phase: Pause Mark End                                0.019 / 0.036         0.019 / 0.036         0.019 / 0.036         0.019 / 0.036       ms
[2024-07-21T21:50:19.165+0800][10.081s][gc,stats    ]       Phase: Pause Mark Start                              0.008 / 0.011         0.008 / 0.011         0.008 / 0.011         0.008 / 0.011       ms
[2024-07-21T21:50:19.165+0800][10.081s][gc,stats    ]       Phase: Pause Relocate Start                          0.007 / 0.009         0.007 / 0.009         0.007 / 0.009         0.007 / 0.009       ms
[2024-07-21T21:50:19.165+0800][10.081s][gc,stats    ]    Subphase: Concurrent Classes Purge                      0.104 / 0.233         0.104 / 0.233         0.104 / 0.233         0.104 / 0.233       ms
[2024-07-21T21:50:19.165+0800][10.081s][gc,stats    ]    Subphase: Concurrent Classes Unlink                     0.293 / 0.322         0.293 / 0.322         0.293 / 0.322         0.293 / 0.322       ms
[2024-07-21T21:50:19.165+0800][10.081s][gc,stats    ]    Subphase: Concurrent Mark                               8.929 / 15.061        8.929 / 15.061        8.929 / 15.061        8.929 / 15.061      ms
[2024-07-21T21:50:19.165+0800][10.081s][gc,stats    ]    Subphase: Concurrent Mark Try Flush                     0.124 / 0.294         0.124 / 0.294         0.124 / 0.294         0.124 / 0.294       ms
[2024-07-21T21:50:19.165+0800][10.081s][gc,stats    ]    Subphase: Concurrent Mark Try Terminate                 3.936 / 12.265        3.936 / 12.265        3.936 / 12.265        3.936 / 12.265      ms
[2024-07-21T21:50:19.165+0800][10.081s][gc,stats    ]    Subphase: Concurrent References Enqueue                 0.001 / 0.005         0.001 / 0.005         0.001 / 0.005         0.001 / 0.005       ms
[2024-07-21T21:50:19.165+0800][10.081s][gc,stats    ]    Subphase: Concurrent References Process                 0.105 / 0.149         0.105 / 0.149         0.105 / 0.149         0.105 / 0.149       ms
[2024-07-21T21:50:19.165+0800][10.081s][gc,stats    ]    Subphase: Concurrent Roots ClassLoaderDataGraph         0.060 / 0.182         0.060 / 0.182         0.060 / 0.182         0.060 / 0.182       ms
[2024-07-21T21:50:19.165+0800][10.081s][gc,stats    ]    Subphase: Concurrent Roots CodeCache                    0.000 / 0.000         0.000 / 0.000         0.000 / 0.000         0.000 / 0.000       ms
[2024-07-21T21:50:19.165+0800][10.081s][gc,stats    ]    Subphase: Concurrent Roots JavaThreads                  0.196 / 0.397         0.196 / 0.397         0.196 / 0.397         0.196 / 0.397       ms
[2024-07-21T21:50:19.165+0800][10.081s][gc,stats    ]    Subphase: Concurrent Roots OopStorageSet                0.020 / 0.047         0.020 / 0.047         0.020 / 0.047         0.020 / 0.047       ms
[2024-07-21T21:50:19.165+0800][10.081s][gc,stats    ]    Subphase: Concurrent Weak Roots OopStorageSet           0.154 / 0.201         0.154 / 0.201         0.154 / 0.201         0.154 / 0.201       ms
[2024-07-21T21:50:19.165+0800][10.081s][gc,stats    ]    Subphase: Pause Mark Try Complete                       0.000 / 0.000         0.000 / 0.000         0.000 / 0.000         0.000 / 0.000       ms
[2024-07-21T21:50:19.165+0800][10.081s][gc,stats    ]      System: Java Threads                                     13 / 13               13 / 13               13 / 13               13 / 13          threads
[2024-07-21T21:50:19.165+0800][10.081s][gc,stats    ] =========================================================================================================================================================
[2024-07-21T21:50:19.460+0800][10.376s][gc,start    ] GC(6) Garbage Collection (Proactive)
[2024-07-21T21:50:19.460+0800][10.376s][gc,task     ] GC(6) Using 2 workers
[2024-07-21T21:50:19.460+0800][10.376s][gc,phases   ] GC(6) Pause Mark Start 0.006ms
[2024-07-21T21:50:19.476+0800][10.392s][gc,phases   ] GC(6) Concurrent Mark 15.542ms
[2024-07-21T21:50:19.476+0800][10.392s][gc,phases   ] GC(6) Pause Mark End 0.011ms
[2024-07-21T21:50:19.476+0800][10.392s][gc,phases   ] GC(6) Concurrent Mark Free 0.001ms
[2024-07-21T21:50:19.477+0800][10.393s][gc,phases   ] GC(6) Concurrent Process Non-Strong References 1.094ms
[2024-07-21T21:50:19.477+0800][10.394s][gc,phases   ] GC(6) Concurrent Reset Relocation Set 0.003ms
[2024-07-21T21:50:19.481+0800][10.397s][gc,phases   ] GC(6) Concurrent Select Relocation Set 3.748ms
[2024-07-21T21:50:19.481+0800][10.398s][gc,phases   ] GC(6) Pause Relocate Start 0.017ms
[2024-07-21T21:50:19.483+0800][10.399s][gc,phases   ] GC(6) Concurrent Relocate 1.823ms
[2024-07-21T21:50:19.483+0800][10.400s][gc,load     ] GC(6) Load: 0.00/0.00/0.00
[2024-07-21T21:50:19.483+0800][10.400s][gc,mmu      ] GC(6) MMU: 2ms/98.2%, 5ms/99.2%, 10ms/99.6%, 20ms/99.8%, 50ms/99.9%, 100ms/100.0%
[2024-07-21T21:50:19.483+0800][10.400s][gc,marking  ] GC(6) Mark: 2 stripe(s), 2 proactive flush(es), 1 terminate flush(es), 0 completion(s), 0 continuation(s) 
[2024-07-21T21:50:19.483+0800][10.400s][gc,marking  ] GC(6) Mark Stack Usage: 32M
[2024-07-21T21:50:19.483+0800][10.400s][gc,nmethod  ] GC(6) NMethods: 454 registered, 0 unregistered
[2024-07-21T21:50:19.483+0800][10.400s][gc,metaspace] GC(6) Metaspace: 1M used, 1M committed, 1032M reserved
[2024-07-21T21:50:19.483+0800][10.400s][gc,ref      ] GC(6) Soft: 93 encountered, 0 discovered, 0 enqueued
[2024-07-21T21:50:19.483+0800][10.400s][gc,ref      ] GC(6) Weak: 131 encountered, 77 discovered, 0 enqueued
[2024-07-21T21:50:19.483+0800][10.400s][gc,ref      ] GC(6) Final: 0 encountered, 0 discovered, 0 enqueued
[2024-07-21T21:50:19.483+0800][10.400s][gc,ref      ] GC(6) Phantom: 184 encountered, 118 discovered, 0 enqueued
[2024-07-21T21:50:19.483+0800][10.400s][gc,reloc    ] GC(6) Small Pages: 4 / 8M, Empty: 0M, Relocated: 1M, In-Place: 0
[2024-07-21T21:50:19.483+0800][10.400s][gc,reloc    ] GC(6) Medium Pages: 34 / 1088M, Empty: 1024M, Relocated: 2M, In-Place: 0
[2024-07-21T21:50:19.483+0800][10.400s][gc,reloc    ] GC(6) Large Pages: 0 / 0M, Empty: 0M, Relocated: 0M, In-Place: 0
[2024-07-21T21:50:19.483+0800][10.400s][gc,reloc    ] GC(6) Forwarding Usage: 0M
[2024-07-21T21:50:19.483+0800][10.400s][gc,heap     ] GC(6) Min Capacity: 8M(0%)
[2024-07-21T21:50:19.483+0800][10.400s][gc,heap     ] GC(6) Max Capacity: 2048M(100%)
[2024-07-21T21:50:19.483+0800][10.400s][gc,heap     ] GC(6) Soft Max Capacity: 2048M(100%)
[2024-07-21T21:50:19.483+0800][10.400s][gc,heap     ] GC(6)                Mark Start          Mark End        Relocate Start      Relocate End           High               Low         
[2024-07-21T21:50:19.483+0800][10.400s][gc,heap     ] GC(6)  Capacity:     1376M (67%)        1376M (67%)        1376M (67%)        1376M (67%)        1376M (67%)        1376M (67%)    
[2024-07-21T21:50:19.483+0800][10.400s][gc,heap     ] GC(6)      Free:      952M (46%)         918M (45%)        1942M (95%)        1976M (96%)        1976M (96%)         918M (45%)    
[2024-07-21T21:50:19.483+0800][10.400s][gc,heap     ] GC(6)      Used:     1096M (54%)        1130M (55%)         106M (5%)           72M (4%)         1130M (55%)          72M (4%)     
[2024-07-21T21:50:19.483+0800][10.400s][gc,heap     ] GC(6)      Live:         -                 6M (0%)            6M (0%)            6M (0%)             -                  -          
[2024-07-21T21:50:19.483+0800][10.400s][gc,heap     ] GC(6) Allocated:         -                34M (2%)           34M (2%)           33M (2%)             -                  -          
[2024-07-21T21:50:19.484+0800][10.400s][gc,heap     ] GC(6)   Garbage:         -              1089M (53%)          65M (3%)           31M (2%)             -                  -          
[2024-07-21T21:50:19.484+0800][10.400s][gc,heap     ] GC(6) Reclaimed:         -                  -              1024M (50%)        1057M (52%)            -                  -          
[2024-07-21T21:50:19.484+0800][10.400s][gc          ] GC(6) Garbage Collection (Proactive) 1096M(54%)->72M(4%)
[2024-07-21T21:50:20.957+0800][11.872s][gc,start    ] GC(7) Garbage Collection (Proactive)
[2024-07-21T21:50:20.957+0800][11.872s][gc,task     ] GC(7) Using 2 workers
[2024-07-21T21:50:20.957+0800][11.872s][gc,phases   ] GC(7) Pause Mark Start 0.007ms
[2024-07-21T21:50:20.972+0800][11.888s][gc,phases   ] GC(7) Concurrent Mark 15.579ms
[2024-07-21T21:50:20.972+0800][11.888s][gc,phases   ] GC(7) Pause Mark End 0.010ms
[2024-07-21T21:50:20.972+0800][11.889s][gc,phases   ] GC(7) Concurrent Mark Free 0.001ms
[2024-07-21T21:50:20.973+0800][11.890s][gc,phases   ] GC(7) Concurrent Process Non-Strong References 0.975ms
[2024-07-21T21:50:20.974+0800][11.890s][gc,phases   ] GC(7) Concurrent Reset Relocation Set 0.001ms
[2024-07-21T21:50:20.975+0800][11.891s][gc,phases   ] GC(7) Concurrent Select Relocation Set 1.739ms
[2024-07-21T21:50:20.976+0800][11.892s][gc,phases   ] GC(7) Pause Relocate Start 0.011ms
[2024-07-21T21:50:20.978+0800][11.894s][gc,phases   ] GC(7) Concurrent Relocate 1.951ms
[2024-07-21T21:50:20.978+0800][11.894s][gc,load     ] GC(7) Load: 0.00/0.00/0.00
[2024-07-21T21:50:20.978+0800][11.894s][gc,mmu      ] GC(7) MMU: 2ms/98.2%, 5ms/99.2%, 10ms/99.6%, 20ms/99.8%, 50ms/99.9%, 100ms/100.0%
[2024-07-21T21:50:20.978+0800][11.894s][gc,marking  ] GC(7) Mark: 2 stripe(s), 2 proactive flush(es), 1 terminate flush(es), 0 completion(s), 0 continuation(s) 
[2024-07-21T21:50:20.978+0800][11.894s][gc,marking  ] GC(7) Mark Stack Usage: 32M
[2024-07-21T21:50:20.978+0800][11.894s][gc,nmethod  ] GC(7) NMethods: 460 registered, 0 unregistered
[2024-07-21T21:50:20.978+0800][11.894s][gc,metaspace] GC(7) Metaspace: 1M used, 1M committed, 1032M reserved
[2024-07-21T21:50:20.978+0800][11.894s][gc,ref      ] GC(7) Soft: 93 encountered, 0 discovered, 0 enqueued
[2024-07-21T21:50:20.978+0800][11.894s][gc,ref      ] GC(7) Weak: 131 encountered, 0 discovered, 0 enqueued
[2024-07-21T21:50:20.978+0800][11.894s][gc,ref      ] GC(7) Final: 0 encountered, 0 discovered, 0 enqueued
[2024-07-21T21:50:20.978+0800][11.894s][gc,ref      ] GC(7) Phantom: 184 encountered, 133 discovered, 0 enqueued
[2024-07-21T21:50:20.978+0800][11.894s][gc,reloc    ] GC(7) Small Pages: 4 / 8M, Empty: 0M, Relocated: 1M, In-Place: 0
[2024-07-21T21:50:20.978+0800][11.894s][gc,reloc    ] GC(7) Medium Pages: 32 / 1024M, Empty: 960M, Relocated: 4M, In-Place: 0
[2024-07-21T21:50:20.978+0800][11.894s][gc,reloc    ] GC(7) Large Pages: 0 / 0M, Empty: 0M, Relocated: 0M, In-Place: 0
[2024-07-21T21:50:20.978+0800][11.894s][gc,reloc    ] GC(7) Forwarding Usage: 0M
[2024-07-21T21:50:20.978+0800][11.894s][gc,heap     ] GC(7) Min Capacity: 8M(0%)
[2024-07-21T21:50:20.978+0800][11.894s][gc,heap     ] GC(7) Max Capacity: 2048M(100%)
[2024-07-21T21:50:20.978+0800][11.894s][gc,heap     ] GC(7) Soft Max Capacity: 2048M(100%)
[2024-07-21T21:50:20.978+0800][11.894s][gc,heap     ] GC(7)                Mark Start          Mark End        Relocate Start      Relocate End           High               Low         
[2024-07-21T21:50:20.978+0800][11.894s][gc,heap     ] GC(7)  Capacity:     1376M (67%)        1376M (67%)        1376M (67%)        1376M (67%)        1376M (67%)        1376M (67%)    
[2024-07-21T21:50:20.978+0800][11.894s][gc,heap     ] GC(7)      Free:     1016M (50%)         982M (48%)        1942M (95%)        1976M (96%)        1976M (96%)         982M (48%)    
[2024-07-21T21:50:20.978+0800][11.894s][gc,heap     ] GC(7)      Used:     1032M (50%)        1066M (52%)         106M (5%)           72M (4%)         1066M (52%)          72M (4%)     
[2024-07-21T21:50:20.978+0800][11.894s][gc,heap     ] GC(7)      Live:         -                 8M (0%)            8M (0%)            8M (0%)             -                  -          
[2024-07-21T21:50:20.978+0800][11.894s][gc,heap     ] GC(7) Allocated:         -                34M (2%)           34M (2%)           33M (2%)             -                  -          
[2024-07-21T21:50:20.978+0800][11.894s][gc,heap     ] GC(7)   Garbage:         -              1023M (50%)          63M (3%)           29M (1%)             -                  -          
[2024-07-21T21:50:20.978+0800][11.894s][gc,heap     ] GC(7) Reclaimed:         -                  -               960M (47%)         993M (49%)            -                  -          
[2024-07-21T21:50:20.978+0800][11.894s][gc          ] GC(7) Garbage Collection (Proactive) 1032M(50%)->72M(4%)
[2024-07-21T21:50:22.364+0800][13.280s][gc,start    ] GC(8) Garbage Collection (Proactive)
[2024-07-21T21:50:22.364+0800][13.280s][gc,task     ] GC(8) Using 2 workers
[2024-07-21T21:50:22.364+0800][13.280s][gc,phases   ] GC(8) Pause Mark Start 0.009ms
[2024-07-21T21:50:22.380+0800][13.296s][gc,phases   ] GC(8) Concurrent Mark 15.463ms
[2024-07-21T21:50:22.380+0800][13.296s][gc,phases   ] GC(8) Pause Mark End 0.015ms
[2024-07-21T21:50:22.380+0800][13.296s][gc,phases   ] GC(8) Concurrent Mark Free 0.001ms
[2024-07-21T21:50:22.381+0800][13.297s][gc,phases   ] GC(8) Concurrent Process Non-Strong References 0.923ms
[2024-07-21T21:50:22.381+0800][13.297s][gc,phases   ] GC(8) Concurrent Reset Relocation Set 0.001ms
[2024-07-21T21:50:22.383+0800][13.299s][gc,phases   ] GC(8) Concurrent Select Relocation Set 2.300ms
[2024-07-21T21:50:22.383+0800][13.299s][gc,phases   ] GC(8) Pause Relocate Start 0.023ms
[2024-07-21T21:50:22.387+0800][13.303s][gc,phases   ] GC(8) Concurrent Relocate 3.528ms
[2024-07-21T21:50:22.387+0800][13.303s][gc,load     ] GC(8) Load: 0.00/0.00/0.00
[2024-07-21T21:50:22.387+0800][13.303s][gc,mmu      ] GC(8) MMU: 2ms/98.2%, 5ms/99.2%, 10ms/99.6%, 20ms/99.8%, 50ms/99.9%, 100ms/100.0%
[2024-07-21T21:50:22.387+0800][13.303s][gc,marking  ] GC(8) Mark: 2 stripe(s), 2 proactive flush(es), 1 terminate flush(es), 0 completion(s), 0 continuation(s) 
[2024-07-21T21:50:22.387+0800][13.303s][gc,marking  ] GC(8) Mark Stack Usage: 32M
[2024-07-21T21:50:22.387+0800][13.303s][gc,nmethod  ] GC(8) NMethods: 461 registered, 0 unregistered
[2024-07-21T21:50:22.387+0800][13.303s][gc,metaspace] GC(8) Metaspace: 1M used, 1M committed, 1032M reserved
[2024-07-21T21:50:22.387+0800][13.303s][gc,ref      ] GC(8) Soft: 93 encountered, 0 discovered, 0 enqueued
[2024-07-21T21:50:22.387+0800][13.303s][gc,ref      ] GC(8) Weak: 131 encountered, 77 discovered, 0 enqueued
[2024-07-21T21:50:22.387+0800][13.303s][gc,ref      ] GC(8) Final: 0 encountered, 0 discovered, 0 enqueued
[2024-07-21T21:50:22.387+0800][13.303s][gc,ref      ] GC(8) Phantom: 184 encountered, 135 discovered, 0 enqueued
[2024-07-21T21:50:22.387+0800][13.303s][gc,reloc    ] GC(8) Small Pages: 4 / 8M, Empty: 0M, Relocated: 1M, In-Place: 0
[2024-07-21T21:50:22.387+0800][13.303s][gc,reloc    ] GC(8) Medium Pages: 30 / 960M, Empty: 896M, Relocated: 12M, In-Place: 0
[2024-07-21T21:50:22.387+0800][13.303s][gc,reloc    ] GC(8) Large Pages: 0 / 0M, Empty: 0M, Relocated: 0M, In-Place: 0
[2024-07-21T21:50:22.387+0800][13.303s][gc,reloc    ] GC(8) Forwarding Usage: 0M
[2024-07-21T21:50:22.387+0800][13.303s][gc,heap     ] GC(8) Min Capacity: 8M(0%)
[2024-07-21T21:50:22.387+0800][13.303s][gc,heap     ] GC(8) Max Capacity: 2048M(100%)
[2024-07-21T21:50:22.387+0800][13.303s][gc,heap     ] GC(8) Soft Max Capacity: 2048M(100%)
[2024-07-21T21:50:22.387+0800][13.303s][gc,heap     ] GC(8)                Mark Start          Mark End        Relocate Start      Relocate End           High               Low         
[2024-07-21T21:50:22.387+0800][13.303s][gc,heap     ] GC(8)  Capacity:     1376M (67%)        1376M (67%)        1376M (67%)        1376M (67%)        1376M (67%)        1376M (67%)    
[2024-07-21T21:50:22.387+0800][13.303s][gc,heap     ] GC(8)      Free:     1080M (53%)        1046M (51%)        1942M (95%)        1976M (96%)        1976M (96%)        1046M (51%)    
[2024-07-21T21:50:22.387+0800][13.303s][gc,heap     ] GC(8)      Used:      968M (47%)        1002M (49%)         106M (5%)           72M (4%)         1002M (49%)          72M (4%)     
[2024-07-21T21:50:22.387+0800][13.303s][gc,heap     ] GC(8)      Live:         -                16M (1%)           16M (1%)           16M (1%)             -                  -          
[2024-07-21T21:50:22.387+0800][13.303s][gc,heap     ] GC(8) Allocated:         -                34M (2%)           34M (2%)           33M (2%)             -                  -          
[2024-07-21T21:50:22.388+0800][13.303s][gc,heap     ] GC(8)   Garbage:         -               951M (46%)          55M (3%)           21M (1%)             -                  -          
[2024-07-21T21:50:22.388+0800][13.303s][gc,heap     ] GC(8) Reclaimed:         -                  -               896M (44%)         929M (45%)            -                  -          
[2024-07-21T21:50:22.388+0800][13.303s][gc          ] GC(8) Garbage Collection (Proactive) 968M(47%)->72M(4%)
[2024-07-21T21:50:23.764+0800][14.679s][gc,start    ] GC(9) Garbage Collection (Proactive)
[2024-07-21T21:50:23.764+0800][14.680s][gc,task     ] GC(9) Using 2 workers
[2024-07-21T21:50:23.764+0800][14.680s][gc,phases   ] GC(9) Pause Mark Start 0.007ms
[2024-07-21T21:50:23.780+0800][14.695s][gc,phases   ] GC(9) Concurrent Mark 15.458ms
[2024-07-21T21:50:23.780+0800][14.696s][gc,phases   ] GC(9) Pause Mark End 0.020ms
[2024-07-21T21:50:23.780+0800][14.696s][gc,phases   ] GC(9) Concurrent Mark Free 0.001ms
[2024-07-21T21:50:23.781+0800][14.697s][gc,phases   ] GC(9) Concurrent Process Non-Strong References 1.060ms
[2024-07-21T21:50:23.781+0800][14.697s][gc,phases   ] GC(9) Concurrent Reset Relocation Set 0.002ms
[2024-07-21T21:50:23.783+0800][14.699s][gc,phases   ] GC(9) Concurrent Select Relocation Set 2.248ms
[2024-07-21T21:50:23.784+0800][14.699s][gc,phases   ] GC(9) Pause Relocate Start 0.008ms
[2024-07-21T21:50:23.785+0800][14.701s][gc,phases   ] GC(9) Concurrent Relocate 1.273ms
[2024-07-21T21:50:23.785+0800][14.701s][gc,load     ] GC(9) Load: 0.00/0.00/0.00
[2024-07-21T21:50:23.785+0800][14.701s][gc,mmu      ] GC(9) MMU: 2ms/98.2%, 5ms/99.2%, 10ms/99.6%, 20ms/99.8%, 50ms/99.9%, 100ms/100.0%
[2024-07-21T21:50:23.785+0800][14.701s][gc,marking  ] GC(9) Mark: 2 stripe(s), 2 proactive flush(es), 1 terminate flush(es), 0 completion(s), 0 continuation(s) 
[2024-07-21T21:50:23.785+0800][14.701s][gc,marking  ] GC(9) Mark Stack Usage: 32M
[2024-07-21T21:50:23.785+0800][14.701s][gc,nmethod  ] GC(9) NMethods: 467 registered, 0 unregistered
[2024-07-21T21:50:23.785+0800][14.701s][gc,metaspace] GC(9) Metaspace: 1M used, 1M committed, 1032M reserved
[2024-07-21T21:50:23.785+0800][14.701s][gc,ref      ] GC(9) Soft: 93 encountered, 0 discovered, 0 enqueued
[2024-07-21T21:50:23.785+0800][14.701s][gc,ref      ] GC(9) Weak: 131 encountered, 83 discovered, 0 enqueued
[2024-07-21T21:50:23.785+0800][14.701s][gc,ref      ] GC(9) Final: 0 encountered, 0 discovered, 0 enqueued
[2024-07-21T21:50:23.785+0800][14.701s][gc,ref      ] GC(9) Phantom: 184 encountered, 99 discovered, 0 enqueued
[2024-07-21T21:50:23.785+0800][14.701s][gc,reloc    ] GC(9) Small Pages: 5 / 10M, Empty: 0M, Relocated: 1M, In-Place: 0
[2024-07-21T21:50:23.785+0800][14.701s][gc,reloc    ] GC(9) Medium Pages: 30 / 960M, Empty: 896M, Relocated: 2M, In-Place: 0
[2024-07-21T21:50:23.785+0800][14.701s][gc,reloc    ] GC(9) Large Pages: 0 / 0M, Empty: 0M, Relocated: 0M, In-Place: 0
[2024-07-21T21:50:23.785+0800][14.701s][gc,reloc    ] GC(9) Forwarding Usage: 0M
[2024-07-21T21:50:23.785+0800][14.701s][gc,heap     ] GC(9) Min Capacity: 8M(0%)
[2024-07-21T21:50:23.785+0800][14.701s][gc,heap     ] GC(9) Max Capacity: 2048M(100%)
[2024-07-21T21:50:23.785+0800][14.701s][gc,heap     ] GC(9) Soft Max Capacity: 2048M(100%)
[2024-07-21T21:50:23.785+0800][14.701s][gc,heap     ] GC(9)                Mark Start          Mark End        Relocate Start      Relocate End           High               Low         
[2024-07-21T21:50:23.785+0800][14.701s][gc,heap     ] GC(9)  Capacity:     1376M (67%)        1376M (67%)        1376M (67%)        1376M (67%)        1376M (67%)        1376M (67%)    
[2024-07-21T21:50:23.785+0800][14.701s][gc,heap     ] GC(9)      Free:     1078M (53%)        1044M (51%)        1940M (95%)        1976M (96%)        1976M (96%)        1044M (51%)    
[2024-07-21T21:50:23.785+0800][14.701s][gc,heap     ] GC(9)      Used:      970M (47%)        1004M (49%)         108M (5%)           72M (4%)         1004M (49%)          72M (4%)     
[2024-07-21T21:50:23.785+0800][14.701s][gc,heap     ] GC(9)      Live:         -                 6M (0%)            6M (0%)            6M (0%)             -                  -          
[2024-07-21T21:50:23.785+0800][14.701s][gc,heap     ] GC(9) Allocated:         -                34M (2%)           34M (2%)           34M (2%)             -                  -          
[2024-07-21T21:50:23.786+0800][14.701s][gc,heap     ] GC(9)   Garbage:         -               963M (47%)          67M (3%)           31M (2%)             -                  -          
[2024-07-21T21:50:23.786+0800][14.701s][gc,heap     ] GC(9) Reclaimed:         -                  -               896M (44%)         932M (46%)            -                  -          
[2024-07-21T21:50:23.786+0800][14.701s][gc          ] GC(9) Garbage Collection (Proactive) 970M(47%)->72M(4%)
[2024-07-21T21:50:25.053+0800][15.969s][gc,start    ] GC(10) Garbage Collection (Proactive)
[2024-07-21T21:50:25.053+0800][15.969s][gc,task     ] GC(10) Using 2 workers
[2024-07-21T21:50:25.053+0800][15.970s][gc,phases   ] GC(10) Pause Mark Start 0.011ms
[2024-07-21T21:50:25.069+0800][15.985s][gc,phases   ] GC(10) Concurrent Mark 15.280ms
[2024-07-21T21:50:25.069+0800][15.985s][gc,phases   ] GC(10) Pause Mark End 0.022ms
[2024-07-21T21:50:25.069+0800][15.986s][gc,phases   ] GC(10) Concurrent Mark Free 0.001ms
[2024-07-21T21:50:25.070+0800][15.987s][gc,phases   ] GC(10) Concurrent Process Non-Strong References 0.955ms
[2024-07-21T21:50:25.071+0800][15.987s][gc,phases   ] GC(10) Concurrent Reset Relocation Set 0.001ms
[2024-07-21T21:50:25.072+0800][15.988s][gc,phases   ] GC(10) Concurrent Select Relocation Set 1.631ms
[2024-07-21T21:50:25.072+0800][15.989s][gc,phases   ] GC(10) Pause Relocate Start 0.007ms
[2024-07-21T21:50:25.073+0800][15.989s][gc,phases   ] GC(10) Concurrent Relocate 0.707ms
[2024-07-21T21:50:25.073+0800][15.989s][gc,load     ] GC(10) Load: 0.00/0.00/0.00
[2024-07-21T21:50:25.073+0800][15.989s][gc,mmu      ] GC(10) MMU: 2ms/98.2%, 5ms/99.2%, 10ms/99.6%, 20ms/99.8%, 50ms/99.9%, 100ms/100.0%
[2024-07-21T21:50:25.073+0800][15.989s][gc,marking  ] GC(10) Mark: 2 stripe(s), 2 proactive flush(es), 1 terminate flush(es), 0 completion(s), 0 continuation(s) 
[2024-07-21T21:50:25.073+0800][15.990s][gc,marking  ] GC(10) Mark Stack Usage: 32M
[2024-07-21T21:50:25.073+0800][15.990s][gc,nmethod  ] GC(10) NMethods: 468 registered, 0 unregistered
[2024-07-21T21:50:25.073+0800][15.990s][gc,metaspace] GC(10) Metaspace: 1M used, 1M committed, 1032M reserved
[2024-07-21T21:50:25.073+0800][15.990s][gc,ref      ] GC(10) Soft: 93 encountered, 0 discovered, 0 enqueued
[2024-07-21T21:50:25.073+0800][15.990s][gc,ref      ] GC(10) Weak: 131 encountered, 77 discovered, 0 enqueued
[2024-07-21T21:50:25.073+0800][15.990s][gc,ref      ] GC(10) Final: 0 encountered, 0 discovered, 0 enqueued
[2024-07-21T21:50:25.073+0800][15.990s][gc,ref      ] GC(10) Phantom: 184 encountered, 135 discovered, 0 enqueued
[2024-07-21T21:50:25.074+0800][15.990s][gc,reloc    ] GC(10) Small Pages: 4 / 8M, Empty: 2M, Relocated: 0M, In-Place: 0
[2024-07-21T21:50:25.074+0800][15.990s][gc,reloc    ] GC(10) Medium Pages: 28 / 896M, Empty: 832M, Relocated: 2M, In-Place: 0
[2024-07-21T21:50:25.074+0800][15.990s][gc,reloc    ] GC(10) Large Pages: 0 / 0M, Empty: 0M, Relocated: 0M, In-Place: 0
[2024-07-21T21:50:25.074+0800][15.990s][gc,reloc    ] GC(10) Forwarding Usage: 0M
[2024-07-21T21:50:25.074+0800][15.990s][gc,heap     ] GC(10) Min Capacity: 8M(0%)
[2024-07-21T21:50:25.074+0800][15.990s][gc,heap     ] GC(10) Max Capacity: 2048M(100%)
[2024-07-21T21:50:25.074+0800][15.990s][gc,heap     ] GC(10) Soft Max Capacity: 2048M(100%)
[2024-07-21T21:50:25.074+0800][15.990s][gc,heap     ] GC(10)                Mark Start          Mark End        Relocate Start      Relocate End           High               Low         
[2024-07-21T21:50:25.074+0800][15.990s][gc,heap     ] GC(10)  Capacity:     1376M (67%)        1376M (67%)        1376M (67%)        1376M (67%)        1376M (67%)        1376M (67%)    
[2024-07-21T21:50:25.074+0800][15.990s][gc,heap     ] GC(10)      Free:     1144M (56%)        1110M (54%)        1944M (95%)        1976M (96%)        1976M (96%)        1110M (54%)    
[2024-07-21T21:50:25.074+0800][15.990s][gc,heap     ] GC(10)      Used:      904M (44%)         938M (46%)         104M (5%)           72M (4%)          938M (46%)          72M (4%)     
[2024-07-21T21:50:25.074+0800][15.990s][gc,heap     ] GC(10)      Live:         -                 6M (0%)            6M (0%)            6M (0%)             -                  -          
[2024-07-21T21:50:25.074+0800][15.990s][gc,heap     ] GC(10) Allocated:         -                34M (2%)           34M (2%)           34M (2%)             -                  -          
[2024-07-21T21:50:25.074+0800][15.990s][gc,heap     ] GC(10)   Garbage:         -               897M (44%)          63M (3%)           31M (2%)             -                  -          
[2024-07-21T21:50:25.074+0800][15.990s][gc,heap     ] GC(10) Reclaimed:         -                  -               834M (41%)         866M (42%)            -                  -          
[2024-07-21T21:50:25.074+0800][15.990s][gc          ] GC(10) Garbage Collection (Proactive) 904M(44%)->72M(4%)
[2024-07-21T21:50:26.250+0800][17.166s][gc,start    ] GC(11) Garbage Collection (Proactive)
[2024-07-21T21:50:26.250+0800][17.166s][gc,task     ] GC(11) Using 2 workers
[2024-07-21T21:50:26.250+0800][17.166s][gc,phases   ] GC(11) Pause Mark Start 0.008ms
[2024-07-21T21:50:26.266+0800][17.181s][gc,phases   ] GC(11) Concurrent Mark 15.331ms
[2024-07-21T21:50:26.266+0800][17.182s][gc,phases   ] GC(11) Pause Mark End 0.022ms
[2024-07-21T21:50:26.266+0800][17.182s][gc,phases   ] GC(11) Concurrent Mark Free 0.001ms
[2024-07-21T21:50:26.266+0800][17.182s][gc,phases   ] GC(11) Concurrent Process Non-Strong References 0.819ms
[2024-07-21T21:50:26.266+0800][17.182s][gc,phases   ] GC(11) Concurrent Reset Relocation Set 0.001ms
[2024-07-21T21:50:26.268+0800][17.185s][gc,phases   ] GC(11) Concurrent Select Relocation Set 2.104ms
[2024-07-21T21:50:26.269+0800][17.185s][gc,phases   ] GC(11) Pause Relocate Start 0.016ms
[2024-07-21T21:50:26.270+0800][17.186s][gc,phases   ] GC(11) Concurrent Relocate 0.829ms
[2024-07-21T21:50:26.270+0800][17.186s][gc,load     ] GC(11) Load: 0.00/0.00/0.00
[2024-07-21T21:50:26.270+0800][17.186s][gc,mmu      ] GC(11) MMU: 2ms/98.2%, 5ms/99.2%, 10ms/99.6%, 20ms/99.8%, 50ms/99.9%, 100ms/100.0%
[2024-07-21T21:50:26.270+0800][17.186s][gc,marking  ] GC(11) Mark: 2 stripe(s), 2 proactive flush(es), 1 terminate flush(es), 0 completion(s), 0 continuation(s) 
[2024-07-21T21:50:26.270+0800][17.186s][gc,marking  ] GC(11) Mark Stack Usage: 32M
[2024-07-21T21:50:26.270+0800][17.186s][gc,nmethod  ] GC(11) NMethods: 469 registered, 0 unregistered
[2024-07-21T21:50:26.270+0800][17.186s][gc,metaspace] GC(11) Metaspace: 1M used, 1M committed, 1032M reserved
[2024-07-21T21:50:26.270+0800][17.186s][gc,ref      ] GC(11) Soft: 93 encountered, 0 discovered, 0 enqueued
[2024-07-21T21:50:26.270+0800][17.186s][gc,ref      ] GC(11) Weak: 131 encountered, 77 discovered, 0 enqueued
[2024-07-21T21:50:26.270+0800][17.186s][gc,ref      ] GC(11) Final: 0 encountered, 0 discovered, 0 enqueued
[2024-07-21T21:50:26.270+0800][17.186s][gc,ref      ] GC(11) Phantom: 184 encountered, 135 discovered, 0 enqueued
[2024-07-21T21:50:26.270+0800][17.186s][gc,reloc    ] GC(11) Small Pages: 4 / 8M, Empty: 2M, Relocated: 0M, In-Place: 0
[2024-07-21T21:50:26.270+0800][17.186s][gc,reloc    ] GC(11) Medium Pages: 26 / 832M, Empty: 768M, Relocated: 2M, In-Place: 0
[2024-07-21T21:50:26.270+0800][17.186s][gc,reloc    ] GC(11) Large Pages: 0 / 0M, Empty: 0M, Relocated: 0M, In-Place: 0
[2024-07-21T21:50:26.270+0800][17.186s][gc,reloc    ] GC(11) Forwarding Usage: 0M
[2024-07-21T21:50:26.270+0800][17.186s][gc,heap     ] GC(11) Min Capacity: 8M(0%)
[2024-07-21T21:50:26.270+0800][17.186s][gc,heap     ] GC(11) Max Capacity: 2048M(100%)
[2024-07-21T21:50:26.270+0800][17.186s][gc,heap     ] GC(11) Soft Max Capacity: 2048M(100%)
[2024-07-21T21:50:26.270+0800][17.186s][gc,heap     ] GC(11)                Mark Start          Mark End        Relocate Start      Relocate End           High               Low         
[2024-07-21T21:50:26.270+0800][17.186s][gc,heap     ] GC(11)  Capacity:     1376M (67%)        1376M (67%)        1376M (67%)        1376M (67%)        1376M (67%)        1376M (67%)    
[2024-07-21T21:50:26.270+0800][17.186s][gc,heap     ] GC(11)      Free:     1208M (59%)        1174M (57%)        1944M (95%)        1976M (96%)        1976M (96%)        1174M (57%)    
[2024-07-21T21:50:26.270+0800][17.186s][gc,heap     ] GC(11)      Used:      840M (41%)         874M (43%)         104M (5%)           72M (4%)          874M (43%)          72M (4%)     
[2024-07-21T21:50:26.270+0800][17.186s][gc,heap     ] GC(11)      Live:         -                 6M (0%)            6M (0%)            6M (0%)             -                  -          
[2024-07-21T21:50:26.270+0800][17.186s][gc,heap     ] GC(11) Allocated:         -                34M (2%)           34M (2%)           34M (2%)             -                  -          
[2024-07-21T21:50:26.270+0800][17.186s][gc,heap     ] GC(11)   Garbage:         -               833M (41%)          63M (3%)           31M (2%)             -                  -          
[2024-07-21T21:50:26.270+0800][17.186s][gc,heap     ] GC(11) Reclaimed:         -                  -               770M (38%)         802M (39%)            -                  -          
[2024-07-21T21:50:26.270+0800][17.186s][gc          ] GC(11) Garbage Collection (Proactive) 840M(41%)->72M(4%)
[2024-07-21T21:50:26.346+0800][17.262s][gc,heap,exit] Heap
[2024-07-21T21:50:26.346+0800][17.262s][gc,heap,exit]  ZHeap           used 104M, capacity 1376M, max capacity 2048M
[2024-07-21T21:50:26.346+0800][17.262s][gc,heap,exit]  Metaspace       used 1346K, committed 1472K, reserved 1056768K
[2024-07-21T21:50:26.347+0800][17.262s][gc,heap,exit]   class space    used 111K, committed 192K, reserved 1048576K
