[2024-07-21T21:50:30.677+0800][0.015s][gc,init] Initializing The Z Garbage Collector
[2024-07-21T21:50:30.677+0800][0.015s][gc,init] Version: 17.0.2+8-86 (release)
[2024-07-21T21:50:30.677+0800][0.015s][gc,init] NUMA Support: Disabled
[2024-07-21T21:50:30.677+0800][0.015s][gc,init] CPUs: 8 total, 8 available
[2024-07-21T21:50:30.677+0800][0.015s][gc,init] Memory: 16281M
[2024-07-21T21:50:30.677+0800][0.015s][gc,init] Large Page Support: Disabled
[2024-07-21T21:50:30.677+0800][0.015s][gc,init] GC Workers: 2 (dynamic)
[2024-07-21T21:50:30.678+0800][0.015s][gc,init] Address Space Type: Contiguous/Unrestricted/Complete
[2024-07-21T21:50:30.678+0800][0.015s][gc,init] Address Space Size: 32768M x 3 = 98304M
[2024-07-21T21:50:30.679+0800][0.017s][gc,init] Min Capacity: 8M
[2024-07-21T21:50:30.679+0800][0.017s][gc,init] Initial Capacity: 256M
[2024-07-21T21:50:30.679+0800][0.017s][gc,init] Max Capacity: 2048M
[2024-07-21T21:50:30.679+0800][0.017s][gc,init] Medium Page Size: 32M
[2024-07-21T21:50:30.679+0800][0.017s][gc,init] Pre-touch: Disabled
[2024-07-21T21:50:30.679+0800][0.017s][gc,init] Uncommit: Enabled
[2024-07-21T21:50:30.679+0800][0.017s][gc,init] Uncommit Delay: 300s
[2024-07-21T21:50:30.694+0800][0.032s][gc,init] Runtime Workers: 5
[2024-07-21T21:50:30.695+0800][0.032s][gc     ] Using The Z Garbage Collector
[2024-07-21T21:50:30.695+0800][0.033s][gc,metaspace] CDS archive(s) mapped at: [0x0000000800000000-0x0000000800bc0000-0x0000000800bc0000), size 12320768, SharedBaseAddress: 0x0000000800000000, ArchiveRelocationMode: 0.
[2024-07-21T21:50:30.695+0800][0.033s][gc,metaspace] Compressed class space mapped at: 0x0000000800c00000-0x0000000840c00000, reserved size: 1073741824
[2024-07-21T21:50:30.695+0800][0.033s][gc,metaspace] Narrow klass base: 0x0000000800000000, Narrow klass shift: 0, Narrow klass range: 0x100000000
[2024-07-21T21:50:31.536+0800][0.874s][gc,start    ] GC(0) Garbage Collection (Warmup)
[2024-07-21T21:50:31.536+0800][0.874s][gc,task     ] GC(0) Using 2 workers
[2024-07-21T21:50:31.536+0800][0.874s][gc,phases   ] GC(0) Pause Mark Start 0.008ms
[2024-07-21T21:50:31.551+0800][0.889s][gc,phases   ] GC(0) Concurrent Mark 14.598ms
[2024-07-21T21:50:31.567+0800][0.905s][gc,phases   ] GC(0) Pause Mark End 0.032ms
[2024-07-21T21:50:31.567+0800][0.905s][gc,phases   ] GC(0) Concurrent Mark Free 0.001ms
[2024-07-21T21:50:31.567+0800][0.905s][gc,phases   ] GC(0) Concurrent Process Non-Strong References 0.498ms
[2024-07-21T21:50:31.567+0800][0.905s][gc,phases   ] GC(0) Concurrent Reset Relocation Set 0.000ms
[2024-07-21T21:50:31.580+0800][0.918s][gc,phases   ] GC(0) Concurrent Select Relocation Set 12.746ms
[2024-07-21T21:50:31.580+0800][0.918s][gc,phases   ] GC(0) Pause Relocate Start 0.010ms
[2024-07-21T21:50:31.582+0800][0.920s][gc,phases   ] GC(0) Concurrent Relocate 1.589ms
[2024-07-21T21:50:31.582+0800][0.920s][gc,load     ] GC(0) Load: 0.00/0.00/0.00
[2024-07-21T21:50:31.582+0800][0.920s][gc,mmu      ] GC(0) MMU: 2ms/98.4%, 5ms/99.4%, 10ms/99.7%, 20ms/99.8%, 50ms/99.9%, 100ms/100.0%
[2024-07-21T21:50:31.582+0800][0.920s][gc,marking  ] GC(0) Mark: 2 stripe(s), 1 proactive flush(es), 1 terminate flush(es), 0 completion(s), 0 continuation(s) 
[2024-07-21T21:50:31.582+0800][0.920s][gc,marking  ] GC(0) Mark Stack Usage: 32M
[2024-07-21T21:50:31.582+0800][0.920s][gc,nmethod  ] GC(0) NMethods: 328 registered, 0 unregistered
[2024-07-21T21:50:31.582+0800][0.920s][gc,metaspace] GC(0) Metaspace: 1M used, 1M committed, 1032M reserved
[2024-07-21T21:50:31.582+0800][0.920s][gc,ref      ] GC(0) Soft: 53 encountered, 0 discovered, 0 enqueued
[2024-07-21T21:50:31.582+0800][0.920s][gc,ref      ] GC(0) Weak: 153 encountered, 37 discovered, 36 enqueued
[2024-07-21T21:50:31.582+0800][0.920s][gc,ref      ] GC(0) Final: 0 encountered, 0 discovered, 0 enqueued
[2024-07-21T21:50:31.582+0800][0.920s][gc,ref      ] GC(0) Phantom: 217 encountered, 157 discovered, 33 enqueued
[2024-07-21T21:50:31.582+0800][0.920s][gc,reloc    ] GC(0) Small Pages: 6 / 12M, Empty: 0M, Relocated: 1M, In-Place: 0
[2024-07-21T21:50:31.582+0800][0.920s][gc,reloc    ] GC(0) Medium Pages: 7 / 224M, Empty: 192M, Relocated: 0M, In-Place: 0
[2024-07-21T21:50:31.582+0800][0.920s][gc,reloc    ] GC(0) Large Pages: 0 / 0M, Empty: 0M, Relocated: 0M, In-Place: 0
[2024-07-21T21:50:31.582+0800][0.920s][gc,reloc    ] GC(0) Forwarding Usage: 0M
[2024-07-21T21:50:31.582+0800][0.920s][gc,heap     ] GC(0) Min Capacity: 8M(0%)
[2024-07-21T21:50:31.582+0800][0.920s][gc,heap     ] GC(0) Max Capacity: 2048M(100%)
[2024-07-21T21:50:31.582+0800][0.920s][gc,heap     ] GC(0) Soft Max Capacity: 2048M(100%)
[2024-07-21T21:50:31.582+0800][0.920s][gc,heap     ] GC(0)                Mark Start          Mark End        Relocate Start      Relocate End           High               Low         
[2024-07-21T21:50:31.582+0800][0.920s][gc,heap     ] GC(0)  Capacity:      256M (12%)         288M (14%)         288M (14%)         288M (14%)         288M (14%)         256M (12%)    
[2024-07-21T21:50:31.582+0800][0.921s][gc,heap     ] GC(0)      Free:     1812M (88%)        1780M (87%)        1970M (96%)        1974M (96%)        1974M (96%)        1778M (87%)    
[2024-07-21T21:50:31.582+0800][0.921s][gc,heap     ] GC(0)      Used:      236M (12%)         268M (13%)          78M (4%)           74M (4%)          270M (13%)          74M (4%)     
[2024-07-21T21:50:31.582+0800][0.921s][gc,heap     ] GC(0)      Live:         -                 4M (0%)            4M (0%)            4M (0%)             -                  -          
[2024-07-21T21:50:31.582+0800][0.921s][gc,heap     ] GC(0) Allocated:         -                32M (2%)           34M (2%)           34M (2%)             -                  -          
[2024-07-21T21:50:31.583+0800][0.921s][gc,heap     ] GC(0)   Garbage:         -               231M (11%)          39M (2%)           35M (2%)             -                  -          
[2024-07-21T21:50:31.583+0800][0.921s][gc,heap     ] GC(0) Reclaimed:         -                  -               192M (9%)          196M (10%)            -                  -          
[2024-07-21T21:50:31.583+0800][0.921s][gc          ] GC(0) Garbage Collection (Warmup) 236M(12%)->74M(4%)
[2024-07-21T21:50:32.345+0800][1.683s][gc,start    ] GC(1) Garbage Collection (Warmup)
[2024-07-21T21:50:32.345+0800][1.683s][gc,task     ] GC(1) Using 2 workers
[2024-07-21T21:50:32.345+0800][1.683s][gc,phases   ] GC(1) Pause Mark Start 0.006ms
[2024-07-21T21:50:32.361+0800][1.699s][gc,phases   ] GC(1) Concurrent Mark 15.925ms
[2024-07-21T21:50:32.361+0800][1.699s][gc,phases   ] GC(1) Pause Mark End 0.011ms
[2024-07-21T21:50:32.361+0800][1.699s][gc,phases   ] GC(1) Concurrent Mark Free 0.001ms
[2024-07-21T21:50:32.362+0800][1.700s][gc,phases   ] GC(1) Concurrent Process Non-Strong References 0.724ms
[2024-07-21T21:50:32.362+0800][1.700s][gc,phases   ] GC(1) Concurrent Reset Relocation Set 0.001ms
[2024-07-21T21:50:32.364+0800][1.702s][gc,phases   ] GC(1) Concurrent Select Relocation Set 1.959ms
[2024-07-21T21:50:32.364+0800][1.702s][gc,phases   ] GC(1) Pause Relocate Start 0.006ms
[2024-07-21T21:50:32.366+0800][1.703s][gc,phases   ] GC(1) Concurrent Relocate 1.247ms
[2024-07-21T21:50:32.366+0800][1.703s][gc,load     ] GC(1) Load: 0.00/0.00/0.00
[2024-07-21T21:50:32.366+0800][1.703s][gc,mmu      ] GC(1) MMU: 2ms/98.4%, 5ms/99.4%, 10ms/99.7%, 20ms/99.8%, 50ms/99.9%, 100ms/100.0%
[2024-07-21T21:50:32.366+0800][1.704s][gc,marking  ] GC(1) Mark: 2 stripe(s), 1 proactive flush(es), 1 terminate flush(es), 0 completion(s), 0 continuation(s) 
[2024-07-21T21:50:32.366+0800][1.704s][gc,marking  ] GC(1) Mark Stack Usage: 32M
[2024-07-21T21:50:32.366+0800][1.704s][gc,nmethod  ] GC(1) NMethods: 378 registered, 0 unregistered
[2024-07-21T21:50:32.366+0800][1.704s][gc,metaspace] GC(1) Metaspace: 1M used, 1M committed, 1032M reserved
[2024-07-21T21:50:32.366+0800][1.704s][gc,ref      ] GC(1) Soft: 93 encountered, 0 discovered, 0 enqueued
[2024-07-21T21:50:32.366+0800][1.704s][gc,ref      ] GC(1) Weak: 136 encountered, 102 discovered, 5 enqueued
[2024-07-21T21:50:32.366+0800][1.704s][gc,ref      ] GC(1) Final: 0 encountered, 0 discovered, 0 enqueued
[2024-07-21T21:50:32.366+0800][1.704s][gc,ref      ] GC(1) Phantom: 189 encountered, 127 discovered, 5 enqueued
[2024-07-21T21:50:32.366+0800][1.704s][gc,reloc    ] GC(1) Small Pages: 6 / 12M, Empty: 0M, Relocated: 1M, In-Place: 0
[2024-07-21T21:50:32.366+0800][1.704s][gc,reloc    ] GC(1) Medium Pages: 13 / 416M, Empty: 384M, Relocated: 0M, In-Place: 0
[2024-07-21T21:50:32.366+0800][1.704s][gc,reloc    ] GC(1) Large Pages: 0 / 0M, Empty: 0M, Relocated: 0M, In-Place: 0
[2024-07-21T21:50:32.366+0800][1.704s][gc,reloc    ] GC(1) Forwarding Usage: 0M
[2024-07-21T21:50:32.366+0800][1.704s][gc,heap     ] GC(1) Min Capacity: 8M(0%)
[2024-07-21T21:50:32.366+0800][1.704s][gc,heap     ] GC(1) Max Capacity: 2048M(100%)
[2024-07-21T21:50:32.366+0800][1.704s][gc,heap     ] GC(1) Soft Max Capacity: 2048M(100%)
[2024-07-21T21:50:32.366+0800][1.704s][gc,heap     ] GC(1)                Mark Start          Mark End        Relocate Start      Relocate End           High               Low         
[2024-07-21T21:50:32.366+0800][1.704s][gc,heap     ] GC(1)  Capacity:      448M (22%)         480M (23%)         480M (23%)         480M (23%)         480M (23%)         448M (22%)    
[2024-07-21T21:50:32.366+0800][1.704s][gc,heap     ] GC(1)      Free:     1620M (79%)        1586M (77%)        1970M (96%)        1974M (96%)        1974M (96%)        1586M (77%)    
[2024-07-21T21:50:32.366+0800][1.704s][gc,heap     ] GC(1)      Used:      428M (21%)         462M (23%)          78M (4%)           74M (4%)          462M (23%)          74M (4%)     
[2024-07-21T21:50:32.366+0800][1.704s][gc,heap     ] GC(1)      Live:         -                 4M (0%)            4M (0%)            4M (0%)             -                  -          
[2024-07-21T21:50:32.366+0800][1.704s][gc,heap     ] GC(1) Allocated:         -                34M (2%)           34M (2%)           34M (2%)             -                  -          
[2024-07-21T21:50:32.366+0800][1.704s][gc,heap     ] GC(1)   Garbage:         -               423M (21%)          39M (2%)           35M (2%)             -                  -          
[2024-07-21T21:50:32.366+0800][1.704s][gc,heap     ] GC(1) Reclaimed:         -                  -               384M (19%)         388M (19%)            -                  -          
[2024-07-21T21:50:32.366+0800][1.704s][gc          ] GC(1) Garbage Collection (Warmup) 428M(21%)->74M(4%)
[2024-07-21T21:50:33.333+0800][2.671s][gc,start    ] GC(2) Garbage Collection (Warmup)
[2024-07-21T21:50:33.333+0800][2.671s][gc,task     ] GC(2) Using 2 workers
[2024-07-21T21:50:33.333+0800][2.671s][gc,phases   ] GC(2) Pause Mark Start 0.015ms
[2024-07-21T21:50:33.349+0800][2.686s][gc,phases   ] GC(2) Concurrent Mark 14.905ms
[2024-07-21T21:50:33.349+0800][2.686s][gc,phases   ] GC(2) Pause Mark End 0.010ms
[2024-07-21T21:50:33.349+0800][2.687s][gc,phases   ] GC(2) Concurrent Mark Free 0.002ms
[2024-07-21T21:50:33.350+0800][2.688s][gc,phases   ] GC(2) Concurrent Process Non-Strong References 1.036ms
[2024-07-21T21:50:33.350+0800][2.688s][gc,phases   ] GC(2) Concurrent Reset Relocation Set 0.001ms
[2024-07-21T21:50:33.351+0800][2.689s][gc,phases   ] GC(2) Concurrent Select Relocation Set 1.648ms
[2024-07-21T21:50:33.351+0800][2.690s][gc,phases   ] GC(2) Pause Relocate Start 0.010ms
[2024-07-21T21:50:33.355+0800][2.693s][gc,phases   ] GC(2) Concurrent Relocate 3.357ms
[2024-07-21T21:50:33.355+0800][2.693s][gc,load     ] GC(2) Load: 0.00/0.00/0.00
[2024-07-21T21:50:33.355+0800][2.693s][gc,mmu      ] GC(2) MMU: 2ms/98.4%, 5ms/99.4%, 10ms/99.7%, 20ms/99.8%, 50ms/99.9%, 100ms/100.0%
[2024-07-21T21:50:33.355+0800][2.693s][gc,marking  ] GC(2) Mark: 2 stripe(s), 2 proactive flush(es), 1 terminate flush(es), 0 completion(s), 0 continuation(s) 
[2024-07-21T21:50:33.355+0800][2.693s][gc,marking  ] GC(2) Mark Stack Usage: 32M
[2024-07-21T21:50:33.355+0800][2.693s][gc,nmethod  ] GC(2) NMethods: 386 registered, 0 unregistered
[2024-07-21T21:50:33.355+0800][2.693s][gc,metaspace] GC(2) Metaspace: 1M used, 1M committed, 1032M reserved
[2024-07-21T21:50:33.355+0800][2.693s][gc,ref      ] GC(2) Soft: 93 encountered, 0 discovered, 0 enqueued
[2024-07-21T21:50:33.355+0800][2.693s][gc,ref      ] GC(2) Weak: 131 encountered, 0 discovered, 0 enqueued
[2024-07-21T21:50:33.355+0800][2.693s][gc,ref      ] GC(2) Final: 0 encountered, 0 discovered, 0 enqueued
[2024-07-21T21:50:33.355+0800][2.693s][gc,ref      ] GC(2) Phantom: 184 encountered, 119 discovered, 0 enqueued
[2024-07-21T21:50:33.355+0800][2.694s][gc,reloc    ] GC(2) Small Pages: 5 / 10M, Empty: 2M, Relocated: 1M, In-Place: 0
[2024-07-21T21:50:33.355+0800][2.694s][gc,reloc    ] GC(2) Medium Pages: 19 / 608M, Empty: 512M, Relocated: 11M, In-Place: 0
[2024-07-21T21:50:33.355+0800][2.694s][gc,reloc    ] GC(2) Large Pages: 0 / 0M, Empty: 0M, Relocated: 0M, In-Place: 0
[2024-07-21T21:50:33.355+0800][2.694s][gc,reloc    ] GC(2) Forwarding Usage: 0M
[2024-07-21T21:50:33.355+0800][2.694s][gc,heap     ] GC(2) Min Capacity: 8M(0%)
[2024-07-21T21:50:33.355+0800][2.694s][gc,heap     ] GC(2) Max Capacity: 2048M(100%)
[2024-07-21T21:50:33.355+0800][2.694s][gc,heap     ] GC(2) Soft Max Capacity: 2048M(100%)
[2024-07-21T21:50:33.356+0800][2.694s][gc,heap     ] GC(2)                Mark Start          Mark End        Relocate Start      Relocate End           High               Low         
[2024-07-21T21:50:33.356+0800][2.694s][gc,heap     ] GC(2)  Capacity:      640M (31%)         672M (33%)         672M (33%)         672M (33%)         672M (33%)         640M (31%)    
[2024-07-21T21:50:33.356+0800][2.694s][gc,heap     ] GC(2)      Free:     1430M (70%)        1396M (68%)        1910M (93%)        1974M (96%)        1974M (96%)        1396M (68%)    
[2024-07-21T21:50:33.356+0800][2.694s][gc,heap     ] GC(2)      Used:      618M (30%)         652M (32%)         138M (7%)           74M (4%)          652M (32%)          74M (4%)     
[2024-07-21T21:50:33.356+0800][2.694s][gc,heap     ] GC(2)      Live:         -                15M (1%)           15M (1%)           15M (1%)             -                  -          
[2024-07-21T21:50:33.356+0800][2.694s][gc,heap     ] GC(2) Allocated:         -                34M (2%)           34M (2%)           34M (2%)             -                  -          
[2024-07-21T21:50:33.356+0800][2.694s][gc,heap     ] GC(2)   Garbage:         -               602M (29%)          88M (4%)           24M (1%)             -                  -          
[2024-07-21T21:50:33.356+0800][2.694s][gc,heap     ] GC(2) Reclaimed:         -                  -               514M (25%)         578M (28%)            -                  -          
[2024-07-21T21:50:33.356+0800][2.694s][gc          ] GC(2) Garbage Collection (Warmup) 618M(30%)->74M(4%)
[2024-07-21T21:50:35.931+0800][5.268s][gc,start    ] GC(3) Garbage Collection (Proactive)
[2024-07-21T21:50:35.931+0800][5.268s][gc,task     ] GC(3) Using 2 workers
[2024-07-21T21:50:35.931+0800][5.268s][gc,phases   ] GC(3) Pause Mark Start 0.007ms
[2024-07-21T21:50:35.947+0800][5.284s][gc,phases   ] GC(3) Concurrent Mark 15.431ms
[2024-07-21T21:50:35.947+0800][5.284s][gc,phases   ] GC(3) Pause Mark End 0.011ms
[2024-07-21T21:50:35.947+0800][5.284s][gc,phases   ] GC(3) Concurrent Mark Free 0.001ms
[2024-07-21T21:50:35.947+0800][5.285s][gc,phases   ] GC(3) Concurrent Process Non-Strong References 0.892ms
[2024-07-21T21:50:35.947+0800][5.285s][gc,phases   ] GC(3) Concurrent Reset Relocation Set 0.001ms
[2024-07-21T21:50:35.949+0800][5.287s][gc,phases   ] GC(3) Concurrent Select Relocation Set 1.992ms
[2024-07-21T21:50:35.950+0800][5.288s][gc,phases   ] GC(3) Pause Relocate Start 0.006ms
[2024-07-21T21:50:35.952+0800][5.290s][gc,phases   ] GC(3) Concurrent Relocate 2.649ms
[2024-07-21T21:50:35.952+0800][5.290s][gc,load     ] GC(3) Load: 0.00/0.00/0.00
[2024-07-21T21:50:35.952+0800][5.290s][gc,mmu      ] GC(3) MMU: 2ms/98.4%, 5ms/99.4%, 10ms/99.7%, 20ms/99.8%, 50ms/99.9%, 100ms/100.0%
[2024-07-21T21:50:35.952+0800][5.290s][gc,marking  ] GC(3) Mark: 2 stripe(s), 2 proactive flush(es), 1 terminate flush(es), 0 completion(s), 0 continuation(s) 
[2024-07-21T21:50:35.953+0800][5.290s][gc,marking  ] GC(3) Mark Stack Usage: 32M
[2024-07-21T21:50:35.953+0800][5.291s][gc,nmethod  ] GC(3) NMethods: 423 registered, 0 unregistered
[2024-07-21T21:50:35.953+0800][5.291s][gc,metaspace] GC(3) Metaspace: 1M used, 1M committed, 1032M reserved
[2024-07-21T21:50:35.953+0800][5.291s][gc,ref      ] GC(3) Soft: 93 encountered, 0 discovered, 0 enqueued
[2024-07-21T21:50:35.953+0800][5.291s][gc,ref      ] GC(3) Weak: 131 encountered, 91 discovered, 0 enqueued
[2024-07-21T21:50:35.953+0800][5.291s][gc,ref      ] GC(3) Final: 0 encountered, 0 discovered, 0 enqueued
[2024-07-21T21:50:35.953+0800][5.291s][gc,ref      ] GC(3) Phantom: 184 encountered, 141 discovered, 0 enqueued
[2024-07-21T21:50:35.953+0800][5.291s][gc,reloc    ] GC(3) Small Pages: 6 / 12M, Empty: 2M, Relocated: 1M, In-Place: 0
[2024-07-21T21:50:35.953+0800][5.291s][gc,reloc    ] GC(3) Medium Pages: 42 / 1344M, Empty: 1280M, Relocated: 11M, In-Place: 0
[2024-07-21T21:50:35.953+0800][5.291s][gc,reloc    ] GC(3) Large Pages: 0 / 0M, Empty: 0M, Relocated: 0M, In-Place: 0
[2024-07-21T21:50:35.953+0800][5.291s][gc,reloc    ] GC(3) Forwarding Usage: 0M
[2024-07-21T21:50:35.953+0800][5.291s][gc,heap     ] GC(3) Min Capacity: 8M(0%)
[2024-07-21T21:50:35.953+0800][5.291s][gc,heap     ] GC(3) Max Capacity: 2048M(100%)
[2024-07-21T21:50:35.953+0800][5.291s][gc,heap     ] GC(3) Soft Max Capacity: 2048M(100%)
[2024-07-21T21:50:35.953+0800][5.291s][gc,heap     ] GC(3)                Mark Start          Mark End        Relocate Start      Relocate End           High               Low         
[2024-07-21T21:50:35.953+0800][5.291s][gc,heap     ] GC(3)  Capacity:     1376M (67%)        1408M (69%)        1408M (69%)        1408M (69%)        1408M (69%)        1376M (67%)    
[2024-07-21T21:50:35.953+0800][5.291s][gc,heap     ] GC(3)      Free:      692M (34%)         658M (32%)        1940M (95%)        1976M (96%)        1976M (96%)         658M (32%)    
[2024-07-21T21:50:35.953+0800][5.291s][gc,heap     ] GC(3)      Used:     1356M (66%)        1390M (68%)         108M (5%)           72M (4%)         1390M (68%)          72M (4%)     
[2024-07-21T21:50:35.953+0800][5.291s][gc,heap     ] GC(3)      Live:         -                15M (1%)           15M (1%)           15M (1%)             -                  -          
[2024-07-21T21:50:35.953+0800][5.291s][gc,heap     ] GC(3) Allocated:         -                34M (2%)           34M (2%)           34M (2%)             -                  -          
[2024-07-21T21:50:35.953+0800][5.291s][gc,heap     ] GC(3)   Garbage:         -              1340M (65%)          58M (3%)           22M (1%)             -                  -          
[2024-07-21T21:50:35.953+0800][5.291s][gc,heap     ] GC(3) Reclaimed:         -                  -              1282M (63%)        1318M (64%)            -                  -          
[2024-07-21T21:50:35.953+0800][5.291s][gc          ] GC(3) Garbage Collection (Proactive) 1356M(66%)->72M(4%)
[2024-07-21T21:50:37.835+0800][7.172s][gc,start    ] GC(4) Garbage Collection (Proactive)
[2024-07-21T21:50:37.835+0800][7.172s][gc,task     ] GC(4) Using 2 workers
[2024-07-21T21:50:37.835+0800][7.172s][gc,phases   ] GC(4) Pause Mark Start 0.012ms
[2024-07-21T21:50:37.851+0800][7.188s][gc,phases   ] GC(4) Concurrent Mark 15.635ms
[2024-07-21T21:50:37.851+0800][7.188s][gc,phases   ] GC(4) Pause Mark End 0.011ms
[2024-07-21T21:50:37.851+0800][7.188s][gc,phases   ] GC(4) Concurrent Mark Free 0.002ms
[2024-07-21T21:50:37.852+0800][7.189s][gc,phases   ] GC(4) Concurrent Process Non-Strong References 0.931ms
[2024-07-21T21:50:37.852+0800][7.189s][gc,phases   ] GC(4) Concurrent Reset Relocation Set 0.001ms
[2024-07-21T21:50:37.855+0800][7.192s][gc,phases   ] GC(4) Concurrent Select Relocation Set 2.530ms
[2024-07-21T21:50:37.855+0800][7.192s][gc,phases   ] GC(4) Pause Relocate Start 0.009ms
[2024-07-21T21:50:37.856+0800][7.194s][gc,phases   ] GC(4) Concurrent Relocate 1.165ms
[2024-07-21T21:50:37.856+0800][7.194s][gc,load     ] GC(4) Load: 0.00/0.00/0.00
[2024-07-21T21:50:37.856+0800][7.194s][gc,mmu      ] GC(4) MMU: 2ms/98.4%, 5ms/99.4%, 10ms/99.7%, 20ms/99.8%, 50ms/99.9%, 100ms/100.0%
[2024-07-21T21:50:37.856+0800][7.194s][gc,marking  ] GC(4) Mark: 2 stripe(s), 2 proactive flush(es), 1 terminate flush(es), 0 completion(s), 0 continuation(s) 
[2024-07-21T21:50:37.856+0800][7.194s][gc,marking  ] GC(4) Mark Stack Usage: 32M
[2024-07-21T21:50:37.856+0800][7.194s][gc,nmethod  ] GC(4) NMethods: 440 registered, 0 unregistered
[2024-07-21T21:50:37.856+0800][7.194s][gc,metaspace] GC(4) Metaspace: 1M used, 1M committed, 1032M reserved
[2024-07-21T21:50:37.856+0800][7.194s][gc,ref      ] GC(4) Soft: 93 encountered, 0 discovered, 0 enqueued
[2024-07-21T21:50:37.856+0800][7.194s][gc,ref      ] GC(4) Weak: 131 encountered, 0 discovered, 0 enqueued
[2024-07-21T21:50:37.856+0800][7.194s][gc,ref      ] GC(4) Final: 0 encountered, 0 discovered, 0 enqueued
[2024-07-21T21:50:37.856+0800][7.194s][gc,ref      ] GC(4) Phantom: 184 encountered, 169 discovered, 0 enqueued
[2024-07-21T21:50:37.856+0800][7.194s][gc,reloc    ] GC(4) Small Pages: 4 / 8M, Empty: 2M, Relocated: 0M, In-Place: 0
[2024-07-21T21:50:37.856+0800][7.194s][gc,reloc    ] GC(4) Medium Pages: 40 / 1280M, Empty: 1216M, Relocated: 3M, In-Place: 0
[2024-07-21T21:50:37.856+0800][7.194s][gc,reloc    ] GC(4) Large Pages: 0 / 0M, Empty: 0M, Relocated: 0M, In-Place: 0
[2024-07-21T21:50:37.856+0800][7.194s][gc,reloc    ] GC(4) Forwarding Usage: 0M
[2024-07-21T21:50:37.856+0800][7.194s][gc,heap     ] GC(4) Min Capacity: 8M(0%)
[2024-07-21T21:50:37.856+0800][7.194s][gc,heap     ] GC(4) Max Capacity: 2048M(100%)
[2024-07-21T21:50:37.856+0800][7.194s][gc,heap     ] GC(4) Soft Max Capacity: 2048M(100%)
[2024-07-21T21:50:37.856+0800][7.194s][gc,heap     ] GC(4)                Mark Start          Mark End        Relocate Start      Relocate End           High               Low         
[2024-07-21T21:50:37.857+0800][7.194s][gc,heap     ] GC(4)  Capacity:     1408M (69%)        1408M (69%)        1408M (69%)        1408M (69%)        1408M (69%)        1408M (69%)    
[2024-07-21T21:50:37.857+0800][7.194s][gc,heap     ] GC(4)      Free:      760M (37%)         726M (35%)        1944M (95%)        1976M (96%)        1976M (96%)         726M (35%)    
[2024-07-21T21:50:37.857+0800][7.194s][gc,heap     ] GC(4)      Used:     1288M (63%)        1322M (65%)         104M (5%)           72M (4%)         1322M (65%)          72M (4%)     
[2024-07-21T21:50:37.857+0800][7.194s][gc,heap     ] GC(4)      Live:         -                 7M (0%)            7M (0%)            7M (0%)             -                  -          
[2024-07-21T21:50:37.857+0800][7.194s][gc,heap     ] GC(4) Allocated:         -                34M (2%)           34M (2%)           34M (2%)             -                  -          
[2024-07-21T21:50:37.857+0800][7.194s][gc,heap     ] GC(4)   Garbage:         -              1280M (63%)          62M (3%)           30M (1%)             -                  -          
[2024-07-21T21:50:37.857+0800][7.194s][gc,heap     ] GC(4) Reclaimed:         -                  -              1218M (59%)        1250M (61%)            -                  -          
[2024-07-21T21:50:37.857+0800][7.194s][gc          ] GC(4) Garbage Collection (Proactive) 1288M(63%)->72M(4%)
[2024-07-21T21:50:39.444+0800][8.781s][gc,start    ] GC(5) Garbage Collection (Proactive)
[2024-07-21T21:50:39.444+0800][8.781s][gc,task     ] GC(5) Using 2 workers
[2024-07-21T21:50:39.444+0800][8.781s][gc,phases   ] GC(5) Pause Mark Start 0.007ms
[2024-07-21T21:50:39.460+0800][8.797s][gc,phases   ] GC(5) Concurrent Mark 15.705ms
[2024-07-21T21:50:39.460+0800][8.797s][gc,phases   ] GC(5) Pause Mark End 0.013ms
[2024-07-21T21:50:39.460+0800][8.798s][gc,phases   ] GC(5) Concurrent Mark Free 0.001ms
[2024-07-21T21:50:39.461+0800][8.798s][gc,phases   ] GC(5) Concurrent Process Non-Strong References 0.639ms
[2024-07-21T21:50:39.461+0800][8.798s][gc,phases   ] GC(5) Concurrent Reset Relocation Set 0.001ms
[2024-07-21T21:50:39.463+0800][8.800s][gc,phases   ] GC(5) Concurrent Select Relocation Set 2.060ms
[2024-07-21T21:50:39.463+0800][8.801s][gc,phases   ] GC(5) Pause Relocate Start 0.007ms
[2024-07-21T21:50:39.464+0800][8.801s][gc,phases   ] GC(5) Concurrent Relocate 0.749ms
[2024-07-21T21:50:39.464+0800][8.802s][gc,load     ] GC(5) Load: 0.00/0.00/0.00
[2024-07-21T21:50:39.464+0800][8.802s][gc,mmu      ] GC(5) MMU: 2ms/98.4%, 5ms/99.4%, 10ms/99.7%, 20ms/99.8%, 50ms/99.9%, 100ms/100.0%
[2024-07-21T21:50:39.464+0800][8.802s][gc,marking  ] GC(5) Mark: 2 stripe(s), 2 proactive flush(es), 1 terminate flush(es), 0 completion(s), 0 continuation(s) 
[2024-07-21T21:50:39.464+0800][8.802s][gc,marking  ] GC(5) Mark Stack Usage: 32M
[2024-07-21T21:50:39.464+0800][8.802s][gc,nmethod  ] GC(5) NMethods: 451 registered, 0 unregistered
[2024-07-21T21:50:39.464+0800][8.802s][gc,metaspace] GC(5) Metaspace: 1M used, 1M committed, 1032M reserved
[2024-07-21T21:50:39.464+0800][8.802s][gc,ref      ] GC(5) Soft: 93 encountered, 0 discovered, 0 enqueued
[2024-07-21T21:50:39.464+0800][8.802s][gc,ref      ] GC(5) Weak: 131 encountered, 83 discovered, 0 enqueued
[2024-07-21T21:50:39.464+0800][8.802s][gc,ref      ] GC(5) Final: 0 encountered, 0 discovered, 0 enqueued
[2024-07-21T21:50:39.464+0800][8.802s][gc,ref      ] GC(5) Phantom: 184 encountered, 140 discovered, 0 enqueued
[2024-07-21T21:50:39.464+0800][8.802s][gc,reloc    ] GC(5) Small Pages: 4 / 8M, Empty: 2M, Relocated: 0M, In-Place: 0
[2024-07-21T21:50:39.464+0800][8.802s][gc,reloc    ] GC(5) Medium Pages: 34 / 1088M, Empty: 1024M, Relocated: 2M, In-Place: 0
[2024-07-21T21:50:39.464+0800][8.802s][gc,reloc    ] GC(5) Large Pages: 0 / 0M, Empty: 0M, Relocated: 0M, In-Place: 0
[2024-07-21T21:50:39.464+0800][8.802s][gc,reloc    ] GC(5) Forwarding Usage: 0M
[2024-07-21T21:50:39.464+0800][8.802s][gc,heap     ] GC(5) Min Capacity: 8M(0%)
[2024-07-21T21:50:39.464+0800][8.802s][gc,heap     ] GC(5) Max Capacity: 2048M(100%)
[2024-07-21T21:50:39.464+0800][8.802s][gc,heap     ] GC(5) Soft Max Capacity: 2048M(100%)
[2024-07-21T21:50:39.464+0800][8.802s][gc,heap     ] GC(5)                Mark Start          Mark End        Relocate Start      Relocate End           High               Low         
[2024-07-21T21:50:39.464+0800][8.802s][gc,heap     ] GC(5)  Capacity:     1408M (69%)        1408M (69%)        1408M (69%)        1408M (69%)        1408M (69%)        1408M (69%)    
[2024-07-21T21:50:39.464+0800][8.802s][gc,heap     ] GC(5)      Free:      952M (46%)         918M (45%)        1944M (95%)        1976M (96%)        1976M (96%)         918M (45%)    
[2024-07-21T21:50:39.464+0800][8.802s][gc,heap     ] GC(5)      Used:     1096M (54%)        1130M (55%)         104M (5%)           72M (4%)         1130M (55%)          72M (4%)     
[2024-07-21T21:50:39.464+0800][8.802s][gc,heap     ] GC(5)      Live:         -                 6M (0%)            6M (0%)            6M (0%)             -                  -          
[2024-07-21T21:50:39.464+0800][8.802s][gc,heap     ] GC(5) Allocated:         -                34M (2%)           34M (2%)           34M (2%)             -                  -          
[2024-07-21T21:50:39.464+0800][8.802s][gc,heap     ] GC(5)   Garbage:         -              1089M (53%)          63M (3%)           31M (2%)             -                  -          
[2024-07-21T21:50:39.464+0800][8.802s][gc,heap     ] GC(5) Reclaimed:         -                  -              1026M (50%)        1058M (52%)            -                  -          
[2024-07-21T21:50:39.464+0800][8.802s][gc          ] GC(5) Garbage Collection (Proactive) 1096M(54%)->72M(4%)
[2024-07-21T21:50:40.736+0800][10.074s][gc,stats    ] === Garbage Collection Statistics =======================================================================================================================
[2024-07-21T21:50:40.736+0800][10.074s][gc,stats    ]                                                              Last 10s              Last 10m              Last 10h                Total
[2024-07-21T21:50:40.736+0800][10.074s][gc,stats    ]                                                              Avg / Max             Avg / Max             Avg / Max             Avg / Max
[2024-07-21T21:50:40.736+0800][10.074s][gc,stats    ]   Collector: Garbage Collection Cycle                     25.698 / 46.432       25.698 / 46.432       25.698 / 46.432       25.698 / 46.432      ms
[2024-07-21T21:50:40.736+0800][10.074s][gc,stats    ]  Contention: Mark Segment Reset Contention                     0 / 1                 0 / 1                 0 / 1                 0 / 1           ops/s
[2024-07-21T21:50:40.736+0800][10.074s][gc,stats    ]  Contention: Mark SeqNum Reset Contention                      0 / 0                 0 / 0                 0 / 0                 0 / 0           ops/s
[2024-07-21T21:50:40.736+0800][10.074s][gc,stats    ]    Critical: Allocation Stall                                  0 / 0                 0 / 0                 0 / 0                 0 / 0           ops/s
[2024-07-21T21:50:40.736+0800][10.074s][gc,stats    ]    Critical: Allocation Stall                              0.000 / 0.000         0.000 / 0.000         0.000 / 0.000         0.000 / 0.000       ms
[2024-07-21T21:50:40.736+0800][10.074s][gc,stats    ]    Critical: GC Locker Stall                                   0 / 0                 0 / 0                 0 / 0                 0 / 0           ops/s
[2024-07-21T21:50:40.736+0800][10.074s][gc,stats    ]    Critical: GC Locker Stall                               0.000 / 0.000         0.000 / 0.000         0.000 / 0.000         0.000 / 0.000       ms
[2024-07-21T21:50:40.736+0800][10.074s][gc,stats    ]    Critical: Relocation Stall                                  0 / 0                 0 / 0                 0 / 0                 0 / 0           ops/s
[2024-07-21T21:50:40.736+0800][10.074s][gc,stats    ]    Critical: Relocation Stall                              0.000 / 0.000         0.000 / 0.000         0.000 / 0.000         0.000 / 0.000       ms
[2024-07-21T21:50:40.736+0800][10.074s][gc,stats    ]      Memory: Allocation Rate                                 568 / 674             568 / 674             568 / 674             568 / 674         MB/s
[2024-07-21T21:50:40.736+0800][10.074s][gc,stats    ]      Memory: Out Of Memory                                     0 / 0                 0 / 0                 0 / 0                 0 / 0           ops/s
[2024-07-21T21:50:40.736+0800][10.074s][gc,stats    ]      Memory: Page Cache Flush                                  0 / 0                 0 / 0                 0 / 0                 0 / 0           MB/s
[2024-07-21T21:50:40.736+0800][10.074s][gc,stats    ]      Memory: Page Cache Hit L1                                15 / 23               15 / 23               15 / 23               15 / 23          ops/s
[2024-07-21T21:50:40.736+0800][10.074s][gc,stats    ]      Memory: Page Cache Hit L2                                 0 / 0                 0 / 0                 0 / 0                 0 / 0           ops/s
[2024-07-21T21:50:40.736+0800][10.074s][gc,stats    ]      Memory: Page Cache Hit L3                                 1 / 16                1 / 16                1 / 16                1 / 16          ops/s
[2024-07-21T21:50:40.736+0800][10.074s][gc,stats    ]      Memory: Page Cache Miss                                   3 / 13                3 / 13                3 / 13                3 / 13          ops/s
[2024-07-21T21:50:40.736+0800][10.074s][gc,stats    ]      Memory: Uncommit                                          0 / 0                 0 / 0                 0 / 0                 0 / 0           MB/s
[2024-07-21T21:50:40.736+0800][10.074s][gc,stats    ]      Memory: Undo Object Allocation Failed                     0 / 0                 0 / 0                 0 / 0                 0 / 0           ops/s
[2024-07-21T21:50:40.736+0800][10.074s][gc,stats    ]      Memory: Undo Object Allocation Succeeded                  0 / 0                 0 / 0                 0 / 0                 0 / 0           ops/s
[2024-07-21T21:50:40.737+0800][10.075s][gc,stats    ]      Memory: Undo Page Allocation                              0 / 0                 0 / 0                 0 / 0                 0 / 0           ops/s
[2024-07-21T21:50:40.737+0800][10.075s][gc,stats    ]       Phase: Concurrent Mark                              15.366 / 15.925       15.366 / 15.925       15.366 / 15.925       15.366 / 15.925      ms
[2024-07-21T21:50:40.737+0800][10.075s][gc,stats    ]       Phase: Concurrent Mark Continue                      0.000 / 0.000         0.000 / 0.000         0.000 / 0.000         0.000 / 0.000       ms
[2024-07-21T21:50:40.737+0800][10.075s][gc,stats    ]       Phase: Concurrent Mark Free                          0.001 / 0.002         0.001 / 0.002         0.001 / 0.002         0.001 / 0.002       ms
[2024-07-21T21:50:40.737+0800][10.075s][gc,stats    ]       Phase: Concurrent Process Non-Strong References      0.787 / 1.036         0.787 / 1.036         0.787 / 1.036         0.787 / 1.036       ms
[2024-07-21T21:50:40.737+0800][10.075s][gc,stats    ]       Phase: Concurrent Relocate                           1.793 / 3.357         1.793 / 3.357         1.793 / 3.357         1.793 / 3.357       ms
[2024-07-21T21:50:40.737+0800][10.075s][gc,stats    ]       Phase: Concurrent Reset Relocation Set               0.001 / 0.001         0.001 / 0.001         0.001 / 0.001         0.001 / 0.001       ms
[2024-07-21T21:50:40.737+0800][10.075s][gc,stats    ]       Phase: Concurrent Select Relocation Set              3.823 / 12.746        3.823 / 12.746        3.823 / 12.746        3.823 / 12.746      ms
[2024-07-21T21:50:40.737+0800][10.075s][gc,stats    ]       Phase: Pause Mark End                                0.014 / 0.032         0.014 / 0.032         0.014 / 0.032         0.014 / 0.032       ms
[2024-07-21T21:50:40.737+0800][10.075s][gc,stats    ]       Phase: Pause Mark Start                              0.009 / 0.015         0.009 / 0.015         0.009 / 0.015         0.009 / 0.015       ms
[2024-07-21T21:50:40.737+0800][10.075s][gc,stats    ]       Phase: Pause Relocate Start                          0.008 / 0.010         0.008 / 0.010         0.008 / 0.010         0.008 / 0.010       ms
[2024-07-21T21:50:40.737+0800][10.075s][gc,stats    ]    Subphase: Concurrent Classes Purge                      0.073 / 0.115         0.073 / 0.115         0.073 / 0.115         0.073 / 0.115       ms
[2024-07-21T21:50:40.737+0800][10.075s][gc,stats    ]    Subphase: Concurrent Classes Unlink                     0.291 / 0.367         0.291 / 0.367         0.291 / 0.367         0.291 / 0.367       ms
[2024-07-21T21:50:40.737+0800][10.075s][gc,stats    ]    Subphase: Concurrent Mark                               8.842 / 15.418        8.842 / 15.418        8.842 / 15.418        8.842 / 15.418      ms
[2024-07-21T21:50:40.737+0800][10.075s][gc,stats    ]    Subphase: Concurrent Mark Try Flush                     0.104 / 0.157         0.104 / 0.157         0.104 / 0.157         0.104 / 0.157       ms
[2024-07-21T21:50:40.737+0800][10.075s][gc,stats    ]    Subphase: Concurrent Mark Try Terminate                 4.160 / 13.644        4.160 / 13.644        4.160 / 13.644        4.160 / 13.644      ms
[2024-07-21T21:50:40.737+0800][10.075s][gc,stats    ]    Subphase: Concurrent References Enqueue                 0.001 / 0.004         0.001 / 0.004         0.001 / 0.004         0.001 / 0.004       ms
[2024-07-21T21:50:40.737+0800][10.075s][gc,stats    ]    Subphase: Concurrent References Process                 0.096 / 0.147         0.096 / 0.147         0.096 / 0.147         0.096 / 0.147       ms
[2024-07-21T21:50:40.737+0800][10.075s][gc,stats    ]    Subphase: Concurrent Roots ClassLoaderDataGraph         0.061 / 0.217         0.061 / 0.217         0.061 / 0.217         0.061 / 0.217       ms
[2024-07-21T21:50:40.737+0800][10.075s][gc,stats    ]    Subphase: Concurrent Roots CodeCache                    0.000 / 0.000         0.000 / 0.000         0.000 / 0.000         0.000 / 0.000       ms
[2024-07-21T21:50:40.737+0800][10.075s][gc,stats    ]    Subphase: Concurrent Roots JavaThreads                  0.193 / 0.410         0.193 / 0.410         0.193 / 0.410         0.193 / 0.410       ms
[2024-07-21T21:50:40.737+0800][10.075s][gc,stats    ]    Subphase: Concurrent Roots OopStorageSet                0.030 / 0.081         0.030 / 0.081         0.030 / 0.081         0.030 / 0.081       ms
[2024-07-21T21:50:40.737+0800][10.075s][gc,stats    ]    Subphase: Concurrent Weak Roots OopStorageSet           0.159 / 0.307         0.159 / 0.307         0.159 / 0.307         0.159 / 0.307       ms
[2024-07-21T21:50:40.737+0800][10.075s][gc,stats    ]    Subphase: Pause Mark Try Complete                       0.000 / 0.000         0.000 / 0.000         0.000 / 0.000         0.000 / 0.000       ms
[2024-07-21T21:50:40.737+0800][10.075s][gc,stats    ]      System: Java Threads                                     13 / 13               13 / 13               13 / 13               13 / 13          threads
[2024-07-21T21:50:40.737+0800][10.075s][gc,stats    ] =========================================================================================================================================================
[2024-07-21T21:50:40.832+0800][10.169s][gc,start    ] GC(6) Garbage Collection (Proactive)
[2024-07-21T21:50:40.832+0800][10.169s][gc,task     ] GC(6) Using 2 workers
[2024-07-21T21:50:40.832+0800][10.169s][gc,phases   ] GC(6) Pause Mark Start 0.021ms
[2024-07-21T21:50:40.847+0800][10.184s][gc,phases   ] GC(6) Concurrent Mark 14.837ms
[2024-07-21T21:50:40.847+0800][10.185s][gc,phases   ] GC(6) Pause Mark End 0.012ms
[2024-07-21T21:50:40.847+0800][10.185s][gc,phases   ] GC(6) Concurrent Mark Free 0.001ms
[2024-07-21T21:50:40.848+0800][10.186s][gc,phases   ] GC(6) Concurrent Process Non-Strong References 0.722ms
[2024-07-21T21:50:40.848+0800][10.186s][gc,phases   ] GC(6) Concurrent Reset Relocation Set 0.001ms
[2024-07-21T21:50:40.851+0800][10.188s][gc,phases   ] GC(6) Concurrent Select Relocation Set 2.350ms
[2024-07-21T21:50:40.851+0800][10.188s][gc,phases   ] GC(6) Pause Relocate Start 0.007ms
[2024-07-21T21:50:40.853+0800][10.190s][gc,phases   ] GC(6) Concurrent Relocate 1.938ms
[2024-07-21T21:50:40.853+0800][10.190s][gc,load     ] GC(6) Load: 0.00/0.00/0.00
[2024-07-21T21:50:40.853+0800][10.190s][gc,mmu      ] GC(6) MMU: 2ms/98.4%, 5ms/99.4%, 10ms/99.7%, 20ms/99.8%, 50ms/99.9%, 100ms/100.0%
[2024-07-21T21:50:40.853+0800][10.190s][gc,marking  ] GC(6) Mark: 2 stripe(s), 2 proactive flush(es), 1 terminate flush(es), 0 completion(s), 0 continuation(s) 
[2024-07-21T21:50:40.853+0800][10.190s][gc,marking  ] GC(6) Mark Stack Usage: 32M
[2024-07-21T21:50:40.853+0800][10.190s][gc,nmethod  ] GC(6) NMethods: 462 registered, 0 unregistered
[2024-07-21T21:50:40.853+0800][10.190s][gc,metaspace] GC(6) Metaspace: 1M used, 1M committed, 1032M reserved
[2024-07-21T21:50:40.853+0800][10.190s][gc,ref      ] GC(6) Soft: 93 encountered, 0 discovered, 0 enqueued
[2024-07-21T21:50:40.853+0800][10.190s][gc,ref      ] GC(6) Weak: 131 encountered, 0 discovered, 0 enqueued
[2024-07-21T21:50:40.853+0800][10.191s][gc,ref      ] GC(6) Final: 0 encountered, 0 discovered, 0 enqueued
[2024-07-21T21:50:40.853+0800][10.191s][gc,ref      ] GC(6) Phantom: 184 encountered, 119 discovered, 0 enqueued
[2024-07-21T21:50:40.853+0800][10.191s][gc,reloc    ] GC(6) Small Pages: 4 / 8M, Empty: 0M, Relocated: 1M, In-Place: 0
[2024-07-21T21:50:40.853+0800][10.191s][gc,reloc    ] GC(6) Medium Pages: 30 / 960M, Empty: 896M, Relocated: 3M, In-Place: 0
[2024-07-21T21:50:40.853+0800][10.191s][gc,reloc    ] GC(6) Large Pages: 0 / 0M, Empty: 0M, Relocated: 0M, In-Place: 0
[2024-07-21T21:50:40.853+0800][10.191s][gc,reloc    ] GC(6) Forwarding Usage: 0M
[2024-07-21T21:50:40.853+0800][10.191s][gc,heap     ] GC(6) Min Capacity: 8M(0%)
[2024-07-21T21:50:40.853+0800][10.191s][gc,heap     ] GC(6) Max Capacity: 2048M(100%)
[2024-07-21T21:50:40.853+0800][10.191s][gc,heap     ] GC(6) Soft Max Capacity: 2048M(100%)
[2024-07-21T21:50:40.853+0800][10.191s][gc,heap     ] GC(6)                Mark Start          Mark End        Relocate Start      Relocate End           High               Low         
[2024-07-21T21:50:40.853+0800][10.191s][gc,heap     ] GC(6)  Capacity:     1408M (69%)        1408M (69%)        1408M (69%)        1408M (69%)        1408M (69%)        1408M (69%)    
[2024-07-21T21:50:40.853+0800][10.191s][gc,heap     ] GC(6)      Free:     1080M (53%)        1046M (51%)        1942M (95%)        1976M (96%)        1976M (96%)        1046M (51%)    
[2024-07-21T21:50:40.853+0800][10.191s][gc,heap     ] GC(6)      Used:      968M (47%)        1002M (49%)         106M (5%)           72M (4%)         1002M (49%)          72M (4%)     
[2024-07-21T21:50:40.853+0800][10.191s][gc,heap     ] GC(6)      Live:         -                 7M (0%)            7M (0%)            7M (0%)             -                  -          
[2024-07-21T21:50:40.853+0800][10.191s][gc,heap     ] GC(6) Allocated:         -                34M (2%)           34M (2%)           33M (2%)             -                  -          
[2024-07-21T21:50:40.853+0800][10.191s][gc,heap     ] GC(6)   Garbage:         -               960M (47%)          64M (3%)           30M (1%)             -                  -          
[2024-07-21T21:50:40.853+0800][10.191s][gc,heap     ] GC(6) Reclaimed:         -                  -               896M (44%)         929M (45%)            -                  -          
[2024-07-21T21:50:40.853+0800][10.191s][gc          ] GC(6) Garbage Collection (Proactive) 968M(47%)->72M(4%)
[2024-07-21T21:50:42.143+0800][11.480s][gc,start    ] GC(7) Garbage Collection (Proactive)
[2024-07-21T21:50:42.143+0800][11.480s][gc,task     ] GC(7) Using 2 workers
[2024-07-21T21:50:42.143+0800][11.480s][gc,phases   ] GC(7) Pause Mark Start 0.009ms
[2024-07-21T21:50:42.159+0800][11.496s][gc,phases   ] GC(7) Concurrent Mark 15.403ms
[2024-07-21T21:50:42.159+0800][11.496s][gc,phases   ] GC(7) Pause Mark End 0.011ms
[2024-07-21T21:50:42.159+0800][11.496s][gc,phases   ] GC(7) Concurrent Mark Free 0.001ms
[2024-07-21T21:50:42.159+0800][11.498s][gc,phases   ] GC(7) Concurrent Process Non-Strong References 1.020ms
[2024-07-21T21:50:42.160+0800][11.498s][gc,phases   ] GC(7) Concurrent Reset Relocation Set 0.001ms
[2024-07-21T21:50:42.161+0800][11.499s][gc,phases   ] GC(7) Concurrent Select Relocation Set 1.757ms
[2024-07-21T21:50:42.162+0800][11.500s][gc,phases   ] GC(7) Pause Relocate Start 0.011ms
[2024-07-21T21:50:42.165+0800][11.503s][gc,phases   ] GC(7) Concurrent Relocate 3.081ms
[2024-07-21T21:50:42.165+0800][11.503s][gc,load     ] GC(7) Load: 0.00/0.00/0.00
[2024-07-21T21:50:42.165+0800][11.503s][gc,mmu      ] GC(7) MMU: 2ms/98.4%, 5ms/99.4%, 10ms/99.7%, 20ms/99.8%, 50ms/99.9%, 100ms/100.0%
[2024-07-21T21:50:42.165+0800][11.503s][gc,marking  ] GC(7) Mark: 2 stripe(s), 2 proactive flush(es), 1 terminate flush(es), 0 completion(s), 0 continuation(s) 
[2024-07-21T21:50:42.165+0800][11.503s][gc,marking  ] GC(7) Mark Stack Usage: 32M
[2024-07-21T21:50:42.165+0800][11.503s][gc,nmethod  ] GC(7) NMethods: 464 registered, 0 unregistered
[2024-07-21T21:50:42.165+0800][11.503s][gc,metaspace] GC(7) Metaspace: 1M used, 1M committed, 1032M reserved
[2024-07-21T21:50:42.165+0800][11.503s][gc,ref      ] GC(7) Soft: 93 encountered, 0 discovered, 0 enqueued
[2024-07-21T21:50:42.165+0800][11.503s][gc,ref      ] GC(7) Weak: 131 encountered, 12 discovered, 0 enqueued
[2024-07-21T21:50:42.165+0800][11.503s][gc,ref      ] GC(7) Final: 0 encountered, 0 discovered, 0 enqueued
[2024-07-21T21:50:42.165+0800][11.503s][gc,ref      ] GC(7) Phantom: 184 encountered, 119 discovered, 0 enqueued
[2024-07-21T21:50:42.165+0800][11.503s][gc,reloc    ] GC(7) Small Pages: 4 / 8M, Empty: 0M, Relocated: 1M, In-Place: 0
[2024-07-21T21:50:42.165+0800][11.503s][gc,reloc    ] GC(7) Medium Pages: 28 / 896M, Empty: 832M, Relocated: 13M, In-Place: 0
[2024-07-21T21:50:42.165+0800][11.503s][gc,reloc    ] GC(7) Large Pages: 0 / 0M, Empty: 0M, Relocated: 0M, In-Place: 0
[2024-07-21T21:50:42.165+0800][11.503s][gc,reloc    ] GC(7) Forwarding Usage: 0M
[2024-07-21T21:50:42.165+0800][11.503s][gc,heap     ] GC(7) Min Capacity: 8M(0%)
[2024-07-21T21:50:42.165+0800][11.503s][gc,heap     ] GC(7) Max Capacity: 2048M(100%)
[2024-07-21T21:50:42.165+0800][11.503s][gc,heap     ] GC(7) Soft Max Capacity: 2048M(100%)
[2024-07-21T21:50:42.165+0800][11.503s][gc,heap     ] GC(7)                Mark Start          Mark End        Relocate Start      Relocate End           High               Low         
[2024-07-21T21:50:42.165+0800][11.503s][gc,heap     ] GC(7)  Capacity:     1408M (69%)        1408M (69%)        1408M (69%)        1408M (69%)        1408M (69%)        1408M (69%)    
[2024-07-21T21:50:42.165+0800][11.503s][gc,heap     ] GC(7)      Free:     1144M (56%)        1110M (54%)        1942M (95%)        1976M (96%)        1976M (96%)        1110M (54%)    
[2024-07-21T21:50:42.165+0800][11.503s][gc,heap     ] GC(7)      Used:      904M (44%)         938M (46%)         106M (5%)           72M (4%)          938M (46%)          72M (4%)     
[2024-07-21T21:50:42.165+0800][11.503s][gc,heap     ] GC(7)      Live:         -                17M (1%)           17M (1%)           17M (1%)             -                  -          
[2024-07-21T21:50:42.165+0800][11.503s][gc,heap     ] GC(7) Allocated:         -                34M (2%)           34M (2%)           33M (2%)             -                  -          
[2024-07-21T21:50:42.165+0800][11.503s][gc,heap     ] GC(7)   Garbage:         -               886M (43%)          54M (3%)           20M (1%)             -                  -          
[2024-07-21T21:50:42.165+0800][11.503s][gc,heap     ] GC(7) Reclaimed:         -                  -               832M (41%)         865M (42%)            -                  -          
[2024-07-21T21:50:42.165+0800][11.503s][gc          ] GC(7) Garbage Collection (Proactive) 904M(44%)->72M(4%)
[2024-07-21T21:50:43.539+0800][12.877s][gc,start    ] GC(8) Garbage Collection (Proactive)
[2024-07-21T21:50:43.539+0800][12.877s][gc,task     ] GC(8) Using 2 workers
[2024-07-21T21:50:43.539+0800][12.877s][gc,phases   ] GC(8) Pause Mark Start 0.010ms
[2024-07-21T21:50:43.555+0800][12.893s][gc,phases   ] GC(8) Concurrent Mark 15.307ms
[2024-07-21T21:50:43.555+0800][12.893s][gc,phases   ] GC(8) Pause Mark End 0.014ms
[2024-07-21T21:50:43.555+0800][12.893s][gc,phases   ] GC(8) Concurrent Mark Free 0.001ms
[2024-07-21T21:50:43.556+0800][12.894s][gc,phases   ] GC(8) Concurrent Process Non-Strong References 0.831ms
[2024-07-21T21:50:43.556+0800][12.894s][gc,phases   ] GC(8) Concurrent Reset Relocation Set 0.001ms
[2024-07-21T21:50:43.558+0800][12.896s][gc,phases   ] GC(8) Concurrent Select Relocation Set 1.622ms
[2024-07-21T21:50:43.558+0800][12.896s][gc,phases   ] GC(8) Pause Relocate Start 0.006ms
[2024-07-21T21:50:43.560+0800][12.897s][gc,phases   ] GC(8) Concurrent Relocate 1.531ms
[2024-07-21T21:50:43.560+0800][12.897s][gc,load     ] GC(8) Load: 0.00/0.00/0.00
[2024-07-21T21:50:43.560+0800][12.898s][gc,mmu      ] GC(8) MMU: 2ms/98.4%, 5ms/99.4%, 10ms/99.7%, 20ms/99.8%, 50ms/99.9%, 100ms/100.0%
[2024-07-21T21:50:43.560+0800][12.898s][gc,marking  ] GC(8) Mark: 2 stripe(s), 2 proactive flush(es), 1 terminate flush(es), 0 completion(s), 0 continuation(s) 
[2024-07-21T21:50:43.560+0800][12.898s][gc,marking  ] GC(8) Mark Stack Usage: 32M
[2024-07-21T21:50:43.560+0800][12.898s][gc,nmethod  ] GC(8) NMethods: 467 registered, 0 unregistered
[2024-07-21T21:50:43.560+0800][12.898s][gc,metaspace] GC(8) Metaspace: 1M used, 1M committed, 1032M reserved
[2024-07-21T21:50:43.560+0800][12.898s][gc,ref      ] GC(8) Soft: 93 encountered, 0 discovered, 0 enqueued
[2024-07-21T21:50:43.560+0800][12.898s][gc,ref      ] GC(8) Weak: 131 encountered, 0 discovered, 0 enqueued
[2024-07-21T21:50:43.560+0800][12.898s][gc,ref      ] GC(8) Final: 0 encountered, 0 discovered, 0 enqueued
[2024-07-21T21:50:43.560+0800][12.898s][gc,ref      ] GC(8) Phantom: 184 encountered, 119 discovered, 0 enqueued
[2024-07-21T21:50:43.560+0800][12.898s][gc,reloc    ] GC(8) Small Pages: 4 / 8M, Empty: 0M, Relocated: 1M, In-Place: 0
[2024-07-21T21:50:43.560+0800][12.898s][gc,reloc    ] GC(8) Medium Pages: 30 / 960M, Empty: 896M, Relocated: 3M, In-Place: 0
[2024-07-21T21:50:43.560+0800][12.898s][gc,reloc    ] GC(8) Large Pages: 0 / 0M, Empty: 0M, Relocated: 0M, In-Place: 0
[2024-07-21T21:50:43.560+0800][12.898s][gc,reloc    ] GC(8) Forwarding Usage: 0M
[2024-07-21T21:50:43.560+0800][12.898s][gc,heap     ] GC(8) Min Capacity: 8M(0%)
[2024-07-21T21:50:43.560+0800][12.898s][gc,heap     ] GC(8) Max Capacity: 2048M(100%)
[2024-07-21T21:50:43.560+0800][12.898s][gc,heap     ] GC(8) Soft Max Capacity: 2048M(100%)
[2024-07-21T21:50:43.560+0800][12.898s][gc,heap     ] GC(8)                Mark Start          Mark End        Relocate Start      Relocate End           High               Low         
[2024-07-21T21:50:43.560+0800][12.898s][gc,heap     ] GC(8)  Capacity:     1408M (69%)        1408M (69%)        1408M (69%)        1408M (69%)        1408M (69%)        1408M (69%)    
[2024-07-21T21:50:43.560+0800][12.898s][gc,heap     ] GC(8)      Free:     1080M (53%)        1046M (51%)        1942M (95%)        1976M (96%)        1976M (96%)        1046M (51%)    
[2024-07-21T21:50:43.560+0800][12.898s][gc,heap     ] GC(8)      Used:      968M (47%)        1002M (49%)         106M (5%)           72M (4%)         1002M (49%)          72M (4%)     
[2024-07-21T21:50:43.560+0800][12.898s][gc,heap     ] GC(8)      Live:         -                 7M (0%)            7M (0%)            7M (0%)             -                  -          
[2024-07-21T21:50:43.560+0800][12.898s][gc,heap     ] GC(8) Allocated:         -                34M (2%)           34M (2%)           33M (2%)             -                  -          
[2024-07-21T21:50:43.560+0800][12.898s][gc,heap     ] GC(8)   Garbage:         -               960M (47%)          64M (3%)           30M (1%)             -                  -          
[2024-07-21T21:50:43.560+0800][12.898s][gc,heap     ] GC(8) Reclaimed:         -                  -               896M (44%)         929M (45%)            -                  -          
[2024-07-21T21:50:43.560+0800][12.898s][gc          ] GC(8) Garbage Collection (Proactive) 968M(47%)->72M(4%)
[2024-07-21T21:50:44.832+0800][14.169s][gc,start    ] GC(9) Garbage Collection (Proactive)
[2024-07-21T21:50:44.832+0800][14.170s][gc,task     ] GC(9) Using 2 workers
[2024-07-21T21:50:44.832+0800][14.170s][gc,phases   ] GC(9) Pause Mark Start 0.008ms
[2024-07-21T21:50:44.848+0800][14.185s][gc,phases   ] GC(9) Concurrent Mark 15.480ms
[2024-07-21T21:50:44.848+0800][14.186s][gc,phases   ] GC(9) Pause Mark End 0.034ms
[2024-07-21T21:50:44.849+0800][14.186s][gc,phases   ] GC(9) Concurrent Mark Free 0.004ms
[2024-07-21T21:50:44.850+0800][14.188s][gc,phases   ] GC(9) Concurrent Process Non-Strong References 1.458ms
[2024-07-21T21:50:44.850+0800][14.188s][gc,phases   ] GC(9) Concurrent Reset Relocation Set 0.003ms
[2024-07-21T21:50:44.854+0800][14.191s][gc,phases   ] GC(9) Concurrent Select Relocation Set 3.309ms
[2024-07-21T21:50:44.854+0800][14.191s][gc,phases   ] GC(9) Pause Relocate Start 0.009ms
[2024-07-21T21:50:44.856+0800][14.193s][gc,phases   ] GC(9) Concurrent Relocate 1.958ms
[2024-07-21T21:50:44.856+0800][14.193s][gc,load     ] GC(9) Load: 0.00/0.00/0.00
[2024-07-21T21:50:44.856+0800][14.193s][gc,mmu      ] GC(9) MMU: 2ms/98.3%, 5ms/99.3%, 10ms/99.6%, 20ms/99.8%, 50ms/99.9%, 100ms/99.9%
[2024-07-21T21:50:44.856+0800][14.193s][gc,marking  ] GC(9) Mark: 2 stripe(s), 2 proactive flush(es), 1 terminate flush(es), 0 completion(s), 0 continuation(s) 
[2024-07-21T21:50:44.856+0800][14.193s][gc,marking  ] GC(9) Mark Stack Usage: 32M
[2024-07-21T21:50:44.856+0800][14.193s][gc,nmethod  ] GC(9) NMethods: 472 registered, 0 unregistered
[2024-07-21T21:50:44.856+0800][14.193s][gc,metaspace] GC(9) Metaspace: 1M used, 1M committed, 1032M reserved
[2024-07-21T21:50:44.856+0800][14.193s][gc,ref      ] GC(9) Soft: 93 encountered, 0 discovered, 0 enqueued
[2024-07-21T21:50:44.856+0800][14.193s][gc,ref      ] GC(9) Weak: 131 encountered, 4 discovered, 0 enqueued
[2024-07-21T21:50:44.856+0800][14.193s][gc,ref      ] GC(9) Final: 0 encountered, 0 discovered, 0 enqueued
[2024-07-21T21:50:44.856+0800][14.194s][gc,ref      ] GC(9) Phantom: 184 encountered, 92 discovered, 0 enqueued
[2024-07-21T21:50:44.856+0800][14.194s][gc,reloc    ] GC(9) Small Pages: 5 / 10M, Empty: 0M, Relocated: 1M, In-Place: 0
[2024-07-21T21:50:44.856+0800][14.194s][gc,reloc    ] GC(9) Medium Pages: 28 / 896M, Empty: 832M, Relocated: 7M, In-Place: 0
[2024-07-21T21:50:44.856+0800][14.194s][gc,reloc    ] GC(9) Large Pages: 0 / 0M, Empty: 0M, Relocated: 0M, In-Place: 0
[2024-07-21T21:50:44.856+0800][14.194s][gc,reloc    ] GC(9) Forwarding Usage: 0M
[2024-07-21T21:50:44.856+0800][14.194s][gc,heap     ] GC(9) Min Capacity: 8M(0%)
[2024-07-21T21:50:44.856+0800][14.194s][gc,heap     ] GC(9) Max Capacity: 2048M(100%)
[2024-07-21T21:50:44.856+0800][14.194s][gc,heap     ] GC(9) Soft Max Capacity: 2048M(100%)
[2024-07-21T21:50:44.856+0800][14.194s][gc,heap     ] GC(9)                Mark Start          Mark End        Relocate Start      Relocate End           High               Low         
[2024-07-21T21:50:44.856+0800][14.194s][gc,heap     ] GC(9)  Capacity:     1408M (69%)        1408M (69%)        1408M (69%)        1408M (69%)        1408M (69%)        1408M (69%)    
[2024-07-21T21:50:44.856+0800][14.194s][gc,heap     ] GC(9)      Free:     1142M (56%)        1108M (54%)        1940M (95%)        1976M (96%)        1976M (96%)        1108M (54%)    
[2024-07-21T21:50:44.856+0800][14.194s][gc,heap     ] GC(9)      Used:      906M (44%)         940M (46%)         108M (5%)           72M (4%)          940M (46%)          72M (4%)     
[2024-07-21T21:50:44.856+0800][14.194s][gc,heap     ] GC(9)      Live:         -                11M (1%)           11M (1%)           11M (1%)             -                  -          
[2024-07-21T21:50:44.856+0800][14.194s][gc,heap     ] GC(9) Allocated:         -                34M (2%)           34M (2%)           34M (2%)             -                  -          
[2024-07-21T21:50:44.856+0800][14.194s][gc,heap     ] GC(9)   Garbage:         -               894M (44%)          62M (3%)           26M (1%)             -                  -          
[2024-07-21T21:50:44.856+0800][14.194s][gc,heap     ] GC(9) Reclaimed:         -                  -               832M (41%)         868M (42%)            -                  -          
[2024-07-21T21:50:44.856+0800][14.194s][gc          ] GC(9) Garbage Collection (Proactive) 906M(44%)->72M(4%)
[2024-07-21T21:50:46.237+0800][15.574s][gc,start    ] GC(10) Garbage Collection (Proactive)
[2024-07-21T21:50:46.237+0800][15.575s][gc,task     ] GC(10) Using 2 workers
[2024-07-21T21:50:46.237+0800][15.575s][gc,phases   ] GC(10) Pause Mark Start 0.010ms
[2024-07-21T21:50:46.253+0800][15.590s][gc,phases   ] GC(10) Concurrent Mark 15.016ms
[2024-07-21T21:50:46.253+0800][15.590s][gc,phases   ] GC(10) Pause Mark End 0.016ms
[2024-07-21T21:50:46.253+0800][15.591s][gc,phases   ] GC(10) Concurrent Mark Free 0.002ms
[2024-07-21T21:50:46.254+0800][15.592s][gc,phases   ] GC(10) Concurrent Process Non-Strong References 1.020ms
[2024-07-21T21:50:46.254+0800][15.592s][gc,phases   ] GC(10) Concurrent Reset Relocation Set 0.004ms
[2024-07-21T21:50:46.256+0800][15.594s][gc,phases   ] GC(10) Concurrent Select Relocation Set 1.892ms
[2024-07-21T21:50:46.256+0800][15.594s][gc,phases   ] GC(10) Pause Relocate Start 0.006ms
[2024-07-21T21:50:46.257+0800][15.594s][gc,phases   ] GC(10) Concurrent Relocate 0.225ms
[2024-07-21T21:50:46.257+0800][15.594s][gc,load     ] GC(10) Load: 0.00/0.00/0.00
[2024-07-21T21:50:46.257+0800][15.594s][gc,mmu      ] GC(10) MMU: 2ms/98.3%, 5ms/99.3%, 10ms/99.6%, 20ms/99.8%, 50ms/99.9%, 100ms/99.9%
[2024-07-21T21:50:46.257+0800][15.594s][gc,marking  ] GC(10) Mark: 2 stripe(s), 2 proactive flush(es), 1 terminate flush(es), 0 completion(s), 0 continuation(s) 
[2024-07-21T21:50:46.257+0800][15.594s][gc,marking  ] GC(10) Mark Stack Usage: 32M
[2024-07-21T21:50:46.257+0800][15.594s][gc,nmethod  ] GC(10) NMethods: 474 registered, 0 unregistered
[2024-07-21T21:50:46.257+0800][15.594s][gc,metaspace] GC(10) Metaspace: 1M used, 1M committed, 1032M reserved
[2024-07-21T21:50:46.257+0800][15.594s][gc,ref      ] GC(10) Soft: 93 encountered, 0 discovered, 0 enqueued
[2024-07-21T21:50:46.257+0800][15.594s][gc,ref      ] GC(10) Weak: 131 encountered, 0 discovered, 0 enqueued
[2024-07-21T21:50:46.257+0800][15.594s][gc,ref      ] GC(10) Final: 0 encountered, 0 discovered, 0 enqueued
[2024-07-21T21:50:46.257+0800][15.594s][gc,ref      ] GC(10) Phantom: 184 encountered, 119 discovered, 0 enqueued
[2024-07-21T21:50:46.257+0800][15.594s][gc,reloc    ] GC(10) Small Pages: 4 / 8M, Empty: 2M, Relocated: 0M, In-Place: 0
[2024-07-21T21:50:46.257+0800][15.594s][gc,reloc    ] GC(10) Medium Pages: 30 / 960M, Empty: 896M, Relocated: 1M, In-Place: 0
[2024-07-21T21:50:46.257+0800][15.594s][gc,reloc    ] GC(10) Large Pages: 0 / 0M, Empty: 0M, Relocated: 0M, In-Place: 0
[2024-07-21T21:50:46.257+0800][15.594s][gc,reloc    ] GC(10) Forwarding Usage: 0M
[2024-07-21T21:50:46.257+0800][15.594s][gc,heap     ] GC(10) Min Capacity: 8M(0%)
[2024-07-21T21:50:46.257+0800][15.594s][gc,heap     ] GC(10) Max Capacity: 2048M(100%)
[2024-07-21T21:50:46.257+0800][15.594s][gc,heap     ] GC(10) Soft Max Capacity: 2048M(100%)
[2024-07-21T21:50:46.257+0800][15.594s][gc,heap     ] GC(10)                Mark Start          Mark End        Relocate Start      Relocate End           High               Low         
[2024-07-21T21:50:46.257+0800][15.594s][gc,heap     ] GC(10)  Capacity:     1408M (69%)        1408M (69%)        1408M (69%)        1408M (69%)        1408M (69%)        1408M (69%)    
[2024-07-21T21:50:46.257+0800][15.594s][gc,heap     ] GC(10)      Free:     1080M (53%)        1046M (51%)        1944M (95%)        1976M (96%)        1976M (96%)        1046M (51%)    
[2024-07-21T21:50:46.257+0800][15.594s][gc,heap     ] GC(10)      Used:      968M (47%)        1002M (49%)         104M (5%)           72M (4%)         1002M (49%)          72M (4%)     
[2024-07-21T21:50:46.257+0800][15.594s][gc,heap     ] GC(10)      Live:         -                 5M (0%)            5M (0%)            5M (0%)             -                  -          
[2024-07-21T21:50:46.257+0800][15.594s][gc,heap     ] GC(10) Allocated:         -                34M (2%)           34M (2%)           34M (2%)             -                  -          
[2024-07-21T21:50:46.257+0800][15.595s][gc,heap     ] GC(10)   Garbage:         -               962M (47%)          64M (3%)           32M (2%)             -                  -          
[2024-07-21T21:50:46.257+0800][15.595s][gc,heap     ] GC(10) Reclaimed:         -                  -               898M (44%)         930M (45%)            -                  -          
[2024-07-21T21:50:46.257+0800][15.595s][gc          ] GC(10) Garbage Collection (Proactive) 968M(47%)->72M(4%)
[2024-07-21T21:50:47.638+0800][16.976s][gc,start    ] GC(11) Garbage Collection (Proactive)
[2024-07-21T21:50:47.638+0800][16.976s][gc,task     ] GC(11) Using 2 workers
[2024-07-21T21:50:47.638+0800][16.976s][gc,phases   ] GC(11) Pause Mark Start 0.008ms
[2024-07-21T21:50:47.653+0800][16.991s][gc,phases   ] GC(11) Concurrent Mark 14.396ms
[2024-07-21T21:50:47.653+0800][16.991s][gc,phases   ] GC(11) Pause Mark End 0.010ms
[2024-07-21T21:50:47.653+0800][16.991s][gc,phases   ] GC(11) Concurrent Mark Free 0.001ms
[2024-07-21T21:50:47.654+0800][16.992s][gc,phases   ] GC(11) Concurrent Process Non-Strong References 0.985ms
[2024-07-21T21:50:47.655+0800][16.992s][gc,phases   ] GC(11) Concurrent Reset Relocation Set 0.001ms
[2024-07-21T21:50:47.656+0800][16.994s][gc,phases   ] GC(11) Concurrent Select Relocation Set 1.785ms
[2024-07-21T21:50:47.657+0800][16.994s][gc,phases   ] GC(11) Pause Relocate Start 0.007ms
[2024-07-21T21:50:47.657+0800][16.995s][gc,phases   ] GC(11) Concurrent Relocate 0.533ms
[2024-07-21T21:50:47.657+0800][16.995s][gc,load     ] GC(11) Load: 0.00/0.00/0.00
[2024-07-21T21:50:47.657+0800][16.995s][gc,mmu      ] GC(11) MMU: 2ms/98.3%, 5ms/99.3%, 10ms/99.6%, 20ms/99.8%, 50ms/99.9%, 100ms/99.9%
[2024-07-21T21:50:47.657+0800][16.995s][gc,marking  ] GC(11) Mark: 2 stripe(s), 2 proactive flush(es), 1 terminate flush(es), 0 completion(s), 0 continuation(s) 
[2024-07-21T21:50:47.657+0800][16.995s][gc,marking  ] GC(11) Mark Stack Usage: 32M
[2024-07-21T21:50:47.657+0800][16.995s][gc,nmethod  ] GC(11) NMethods: 475 registered, 0 unregistered
[2024-07-21T21:50:47.657+0800][16.995s][gc,metaspace] GC(11) Metaspace: 1M used, 1M committed, 1032M reserved
[2024-07-21T21:50:47.657+0800][16.995s][gc,ref      ] GC(11) Soft: 93 encountered, 0 discovered, 0 enqueued
[2024-07-21T21:50:47.657+0800][16.995s][gc,ref      ] GC(11) Weak: 131 encountered, 105 discovered, 0 enqueued
[2024-07-21T21:50:47.657+0800][16.995s][gc,ref      ] GC(11) Final: 0 encountered, 0 discovered, 0 enqueued
[2024-07-21T21:50:47.657+0800][16.995s][gc,ref      ] GC(11) Phantom: 184 encountered, 141 discovered, 0 enqueued
[2024-07-21T21:50:47.657+0800][16.995s][gc,reloc    ] GC(11) Small Pages: 4 / 8M, Empty: 2M, Relocated: 0M, In-Place: 0
[2024-07-21T21:50:47.657+0800][16.995s][gc,reloc    ] GC(11) Medium Pages: 30 / 960M, Empty: 896M, Relocated: 3M, In-Place: 0
[2024-07-21T21:50:47.657+0800][16.995s][gc,reloc    ] GC(11) Large Pages: 0 / 0M, Empty: 0M, Relocated: 0M, In-Place: 0
[2024-07-21T21:50:47.657+0800][16.995s][gc,reloc    ] GC(11) Forwarding Usage: 0M
[2024-07-21T21:50:47.657+0800][16.995s][gc,heap     ] GC(11) Min Capacity: 8M(0%)
[2024-07-21T21:50:47.657+0800][16.995s][gc,heap     ] GC(11) Max Capacity: 2048M(100%)
[2024-07-21T21:50:47.657+0800][16.995s][gc,heap     ] GC(11) Soft Max Capacity: 2048M(100%)
[2024-07-21T21:50:47.657+0800][16.995s][gc,heap     ] GC(11)                Mark Start          Mark End        Relocate Start      Relocate End           High               Low         
[2024-07-21T21:50:47.658+0800][16.995s][gc,heap     ] GC(11)  Capacity:     1408M (69%)        1408M (69%)        1408M (69%)        1408M (69%)        1408M (69%)        1408M (69%)    
[2024-07-21T21:50:47.658+0800][16.995s][gc,heap     ] GC(11)      Free:     1080M (53%)        1046M (51%)        1944M (95%)        1976M (96%)        1976M (96%)        1046M (51%)    
[2024-07-21T21:50:47.658+0800][16.995s][gc,heap     ] GC(11)      Used:      968M (47%)        1002M (49%)         104M (5%)           72M (4%)         1002M (49%)          72M (4%)     
[2024-07-21T21:50:47.658+0800][16.995s][gc,heap     ] GC(11)      Live:         -                 7M (0%)            7M (0%)            7M (0%)             -                  -          
[2024-07-21T21:50:47.658+0800][16.995s][gc,heap     ] GC(11) Allocated:         -                34M (2%)           34M (2%)           34M (2%)             -                  -          
[2024-07-21T21:50:47.658+0800][16.995s][gc,heap     ] GC(11)   Garbage:         -               960M (47%)          62M (3%)           30M (1%)             -                  -          
[2024-07-21T21:50:47.658+0800][16.995s][gc,heap     ] GC(11) Reclaimed:         -                  -               898M (44%)         930M (45%)            -                  -          
[2024-07-21T21:50:47.658+0800][16.995s][gc          ] GC(11) Garbage Collection (Proactive) 968M(47%)->72M(4%)
[2024-07-21T21:50:48.018+0800][17.356s][gc,heap,exit] Heap
[2024-07-21T21:50:48.018+0800][17.356s][gc,heap,exit]  ZHeap           used 296M, capacity 1408M, max capacity 2048M
[2024-07-21T21:50:48.018+0800][17.356s][gc,heap,exit]  Metaspace       used 1344K, committed 1472K, reserved 1056768K
[2024-07-21T21:50:48.018+0800][17.356s][gc,heap,exit]   class space    used 111K, committed 192K, reserved 1048576K
