[2024-07-21T21:44:45.333+0800][0.016s][gc,init] Initializing The Z Garbage Collector
[2024-07-21T21:44:45.333+0800][0.017s][gc,init] Version: 17.0.2+8-86 (release)
[2024-07-21T21:44:45.333+0800][0.017s][gc,init] NUMA Support: Disabled
[2024-07-21T21:44:45.334+0800][0.017s][gc,init] CPUs: 8 total, 8 available
[2024-07-21T21:44:45.334+0800][0.017s][gc,init] Memory: 16281M
[2024-07-21T21:44:45.334+0800][0.017s][gc,init] Large Page Support: Disabled
[2024-07-21T21:44:45.334+0800][0.017s][gc,init] GC Workers: 2 (dynamic)
[2024-07-21T21:44:45.334+0800][0.017s][gc,init] Address Space Type: Contiguous/Unrestricted/Complete
[2024-07-21T21:44:45.334+0800][0.017s][gc,init] Address Space Size: 32768M x 3 = 98304M
[2024-07-21T21:44:45.335+0800][0.018s][gc,init] Min Capacity: 8M
[2024-07-21T21:44:45.335+0800][0.018s][gc,init] Initial Capacity: 256M
[2024-07-21T21:44:45.335+0800][0.018s][gc,init] Max Capacity: 2048M
[2024-07-21T21:44:45.335+0800][0.018s][gc,init] Medium Page Size: 32M
[2024-07-21T21:44:45.335+0800][0.019s][gc,init] Pre-touch: Disabled
[2024-07-21T21:44:45.336+0800][0.019s][gc,init] Uncommit: Enabled
[2024-07-21T21:44:45.336+0800][0.019s][gc,init] Uncommit Delay: 300s
[2024-07-21T21:44:45.350+0800][0.033s][gc,init] Runtime Workers: 5
[2024-07-21T21:44:45.350+0800][0.033s][gc     ] Using The Z Garbage Collector
[2024-07-21T21:44:45.351+0800][0.034s][gc,metaspace] CDS archive(s) mapped at: [0x0000000800000000-0x0000000800bc0000-0x0000000800bc0000), size 12320768, SharedBaseAddress: 0x0000000800000000, ArchiveRelocationMode: 0.
[2024-07-21T21:44:45.351+0800][0.034s][gc,metaspace] Compressed class space mapped at: 0x0000000800c00000-0x0000000840c00000, reserved size: 1073741824
[2024-07-21T21:44:45.351+0800][0.034s][gc,metaspace] Narrow klass base: 0x0000000800000000, Narrow klass shift: 0, Narrow klass range: 0x100000000
[2024-07-21T21:44:46.097+0800][0.780s][gc,start    ] GC(0) Garbage Collection (Warmup)
[2024-07-21T21:44:46.097+0800][0.780s][gc,task     ] GC(0) Using 2 workers
[2024-07-21T21:44:46.097+0800][0.780s][gc,phases   ] GC(0) Pause Mark Start 0.013ms
[2024-07-21T21:44:46.113+0800][0.796s][gc,phases   ] GC(0) Concurrent Mark 15.034ms
[2024-07-21T21:44:46.113+0800][0.796s][gc,phases   ] GC(0) Pause Mark End 0.019ms
[2024-07-21T21:44:46.113+0800][0.796s][gc,phases   ] GC(0) Concurrent Mark Free 0.001ms
[2024-07-21T21:44:46.114+0800][0.797s][gc,phases   ] GC(0) Concurrent Process Non-Strong References 0.988ms
[2024-07-21T21:44:46.114+0800][0.797s][gc,phases   ] GC(0) Concurrent Reset Relocation Set 0.000ms
[2024-07-21T21:44:46.123+0800][0.806s][gc,phases   ] GC(0) Concurrent Select Relocation Set 9.206ms
[2024-07-21T21:44:46.123+0800][0.806s][gc,phases   ] GC(0) Pause Relocate Start 0.008ms
[2024-07-21T21:44:46.125+0800][0.808s][gc,phases   ] GC(0) Concurrent Relocate 1.558ms
[2024-07-21T21:44:46.125+0800][0.808s][gc,load     ] GC(0) Load: 0.00/0.00/0.00
[2024-07-21T21:44:46.125+0800][0.808s][gc,mmu      ] GC(0) MMU: 2ms/99.0%, 5ms/99.6%, 10ms/99.8%, 20ms/99.8%, 50ms/99.9%, 100ms/100.0%
[2024-07-21T21:44:46.125+0800][0.808s][gc,marking  ] GC(0) Mark: 2 stripe(s), 2 proactive flush(es), 1 terminate flush(es), 0 completion(s), 0 continuation(s) 
[2024-07-21T21:44:46.125+0800][0.808s][gc,marking  ] GC(0) Mark Stack Usage: 32M
[2024-07-21T21:44:46.125+0800][0.808s][gc,nmethod  ] GC(0) NMethods: 317 registered, 0 unregistered
[2024-07-21T21:44:46.125+0800][0.808s][gc,metaspace] GC(0) Metaspace: 1M used, 1M committed, 1032M reserved
[2024-07-21T21:44:46.125+0800][0.808s][gc,ref      ] GC(0) Soft: 53 encountered, 0 discovered, 0 enqueued
[2024-07-21T21:44:46.125+0800][0.808s][gc,ref      ] GC(0) Weak: 153 encountered, 39 discovered, 36 enqueued
[2024-07-21T21:44:46.125+0800][0.808s][gc,ref      ] GC(0) Final: 0 encountered, 0 discovered, 0 enqueued
[2024-07-21T21:44:46.125+0800][0.808s][gc,ref      ] GC(0) Phantom: 217 encountered, 157 discovered, 33 enqueued
[2024-07-21T21:44:46.125+0800][0.808s][gc,reloc    ] GC(0) Small Pages: 6 / 12M, Empty: 0M, Relocated: 1M, In-Place: 0
[2024-07-21T21:44:46.125+0800][0.808s][gc,reloc    ] GC(0) Medium Pages: 7 / 224M, Empty: 160M, Relocated: 1M, In-Place: 0
[2024-07-21T21:44:46.125+0800][0.808s][gc,reloc    ] GC(0) Large Pages: 0 / 0M, Empty: 0M, Relocated: 0M, In-Place: 0
[2024-07-21T21:44:46.125+0800][0.808s][gc,reloc    ] GC(0) Forwarding Usage: 0M
[2024-07-21T21:44:46.125+0800][0.808s][gc,heap     ] GC(0) Min Capacity: 8M(0%)
[2024-07-21T21:44:46.125+0800][0.808s][gc,heap     ] GC(0) Max Capacity: 2048M(100%)
[2024-07-21T21:44:46.125+0800][0.808s][gc,heap     ] GC(0) Soft Max Capacity: 2048M(100%)
[2024-07-21T21:44:46.125+0800][0.808s][gc,heap     ] GC(0)                Mark Start          Mark End        Relocate Start      Relocate End           High               Low         
[2024-07-21T21:44:46.125+0800][0.808s][gc,heap     ] GC(0)  Capacity:      256M (12%)         288M (14%)         288M (14%)         288M (14%)         288M (14%)         256M (12%)    
[2024-07-21T21:44:46.125+0800][0.808s][gc,heap     ] GC(0)      Free:     1812M (88%)        1778M (87%)        1938M (95%)        1976M (96%)        1976M (96%)        1778M (87%)    
[2024-07-21T21:44:46.126+0800][0.808s][gc,heap     ] GC(0)      Used:      236M (12%)         270M (13%)         110M (5%)           72M (4%)          270M (13%)          72M (4%)     
[2024-07-21T21:44:46.126+0800][0.809s][gc,heap     ] GC(0)      Live:         -                 5M (0%)            5M (0%)            5M (0%)             -                  -          
[2024-07-21T21:44:46.126+0800][0.809s][gc,heap     ] GC(0) Allocated:         -                34M (2%)           34M (2%)           34M (2%)             -                  -          
[2024-07-21T21:44:46.126+0800][0.809s][gc,heap     ] GC(0)   Garbage:         -               230M (11%)          70M (3%)           32M (2%)             -                  -          
[2024-07-21T21:44:46.126+0800][0.809s][gc,heap     ] GC(0) Reclaimed:         -                  -               160M (8%)          198M (10%)            -                  -          
[2024-07-21T21:44:46.126+0800][0.809s][gc          ] GC(0) Garbage Collection (Warmup) 236M(12%)->72M(4%)
[2024-07-21T21:44:46.890+0800][1.572s][gc,start    ] GC(1) Garbage Collection (Warmup)
[2024-07-21T21:44:46.890+0800][1.572s][gc,task     ] GC(1) Using 2 workers
[2024-07-21T21:44:46.890+0800][1.573s][gc,phases   ] GC(1) Pause Mark Start 0.012ms
[2024-07-21T21:44:46.906+0800][1.588s][gc,phases   ] GC(1) Concurrent Mark 15.542ms
[2024-07-21T21:44:46.906+0800][1.589s][gc,phases   ] GC(1) Pause Mark End 0.020ms
[2024-07-21T21:44:46.906+0800][1.589s][gc,phases   ] GC(1) Concurrent Mark Free 0.002ms
[2024-07-21T21:44:46.907+0800][1.589s][gc,phases   ] GC(1) Concurrent Process Non-Strong References 0.650ms
[2024-07-21T21:44:46.907+0800][1.589s][gc,phases   ] GC(1) Concurrent Reset Relocation Set 0.002ms
[2024-07-21T21:44:46.909+0800][1.592s][gc,phases   ] GC(1) Concurrent Select Relocation Set 2.457ms
[2024-07-21T21:44:46.909+0800][1.592s][gc,phases   ] GC(1) Pause Relocate Start 0.013ms
[2024-07-21T21:44:46.917+0800][1.600s][gc,phases   ] GC(1) Concurrent Relocate 7.918ms
[2024-07-21T21:44:46.917+0800][1.600s][gc,load     ] GC(1) Load: 0.00/0.00/0.00
[2024-07-21T21:44:46.917+0800][1.600s][gc,mmu      ] GC(1) MMU: 2ms/99.0%, 5ms/99.3%, 10ms/99.7%, 20ms/99.8%, 50ms/99.9%, 100ms/100.0%
[2024-07-21T21:44:46.917+0800][1.600s][gc,marking  ] GC(1) Mark: 2 stripe(s), 2 proactive flush(es), 1 terminate flush(es), 0 completion(s), 0 continuation(s) 
[2024-07-21T21:44:46.917+0800][1.600s][gc,marking  ] GC(1) Mark Stack Usage: 32M
[2024-07-21T21:44:46.917+0800][1.600s][gc,nmethod  ] GC(1) NMethods: 366 registered, 0 unregistered
[2024-07-21T21:44:46.917+0800][1.600s][gc,metaspace] GC(1) Metaspace: 1M used, 1M committed, 1032M reserved
[2024-07-21T21:44:46.918+0800][1.600s][gc,ref      ] GC(1) Soft: 93 encountered, 0 discovered, 0 enqueued
[2024-07-21T21:44:46.918+0800][1.600s][gc,ref      ] GC(1) Weak: 136 encountered, 10 discovered, 5 enqueued
[2024-07-21T21:44:46.918+0800][1.600s][gc,ref      ] GC(1) Final: 0 encountered, 0 discovered, 0 enqueued
[2024-07-21T21:44:46.918+0800][1.600s][gc,ref      ] GC(1) Phantom: 189 encountered, 100 discovered, 5 enqueued
[2024-07-21T21:44:46.918+0800][1.600s][gc,reloc    ] GC(1) Small Pages: 5 / 10M, Empty: 0M, Relocated: 1M, In-Place: 0
[2024-07-21T21:44:46.918+0800][1.600s][gc,reloc    ] GC(1) Medium Pages: 13 / 416M, Empty: 320M, Relocated: 11M, In-Place: 0
[2024-07-21T21:44:46.918+0800][1.600s][gc,reloc    ] GC(1) Large Pages: 0 / 0M, Empty: 0M, Relocated: 0M, In-Place: 0
[2024-07-21T21:44:46.918+0800][1.600s][gc,reloc    ] GC(1) Forwarding Usage: 0M
[2024-07-21T21:44:46.918+0800][1.600s][gc,heap     ] GC(1) Min Capacity: 8M(0%)
[2024-07-21T21:44:46.918+0800][1.600s][gc,heap     ] GC(1) Max Capacity: 2048M(100%)
[2024-07-21T21:44:46.918+0800][1.600s][gc,heap     ] GC(1) Soft Max Capacity: 2048M(100%)
[2024-07-21T21:44:46.918+0800][1.601s][gc,heap     ] GC(1)                Mark Start          Mark End        Relocate Start      Relocate End           High               Low         
[2024-07-21T21:44:46.918+0800][1.601s][gc,heap     ] GC(1)  Capacity:      448M (22%)         480M (23%)         480M (23%)         480M (23%)         480M (23%)         448M (22%)    
[2024-07-21T21:44:46.918+0800][1.601s][gc,heap     ] GC(1)      Free:     1622M (79%)        1588M (78%)        1908M (93%)        1976M (96%)        1976M (96%)        1588M (78%)    
[2024-07-21T21:44:46.918+0800][1.601s][gc,heap     ] GC(1)      Used:      426M (21%)         460M (22%)         140M (7%)           72M (4%)          460M (22%)          72M (4%)     
[2024-07-21T21:44:46.918+0800][1.601s][gc,heap     ] GC(1)      Live:         -                15M (1%)           15M (1%)           15M (1%)             -                  -          
[2024-07-21T21:44:46.918+0800][1.601s][gc,heap     ] GC(1) Allocated:         -                34M (2%)           34M (2%)           34M (2%)             -                  -          
[2024-07-21T21:44:46.918+0800][1.601s][gc,heap     ] GC(1)   Garbage:         -               410M (20%)          90M (4%)           22M (1%)             -                  -          
[2024-07-21T21:44:46.918+0800][1.601s][gc,heap     ] GC(1) Reclaimed:         -                  -               320M (16%)         388M (19%)            -                  -          
[2024-07-21T21:44:46.918+0800][1.601s][gc          ] GC(1) Garbage Collection (Warmup) 426M(21%)->72M(4%)
[2024-07-21T21:44:47.886+0800][2.569s][gc,start    ] GC(2) Garbage Collection (Warmup)
[2024-07-21T21:44:47.886+0800][2.569s][gc,task     ] GC(2) Using 2 workers
[2024-07-21T21:44:47.886+0800][2.569s][gc,phases   ] GC(2) Pause Mark Start 0.008ms
[2024-07-21T21:44:47.902+0800][2.585s][gc,phases   ] GC(2) Concurrent Mark 15.622ms
[2024-07-21T21:44:47.902+0800][2.585s][gc,phases   ] GC(2) Pause Mark End 0.020ms
[2024-07-21T21:44:47.902+0800][2.585s][gc,phases   ] GC(2) Concurrent Mark Free 0.002ms
[2024-07-21T21:44:47.903+0800][2.586s][gc,phases   ] GC(2) Concurrent Process Non-Strong References 0.547ms
[2024-07-21T21:44:47.903+0800][2.586s][gc,phases   ] GC(2) Concurrent Reset Relocation Set 0.001ms
[2024-07-21T21:44:47.904+0800][2.587s][gc,phases   ] GC(2) Concurrent Select Relocation Set 1.558ms
[2024-07-21T21:44:47.904+0800][2.587s][gc,phases   ] GC(2) Pause Relocate Start 0.004ms
[2024-07-21T21:44:47.905+0800][2.588s][gc,phases   ] GC(2) Concurrent Relocate 0.552ms
[2024-07-21T21:44:47.905+0800][2.588s][gc,load     ] GC(2) Load: 0.00/0.00/0.00
[2024-07-21T21:44:47.905+0800][2.588s][gc,mmu      ] GC(2) MMU: 2ms/99.0%, 5ms/99.3%, 10ms/99.7%, 20ms/99.8%, 50ms/99.9%, 100ms/100.0%
[2024-07-21T21:44:47.905+0800][2.588s][gc,marking  ] GC(2) Mark: 2 stripe(s), 2 proactive flush(es), 1 terminate flush(es), 0 completion(s), 0 continuation(s) 
[2024-07-21T21:44:47.905+0800][2.588s][gc,marking  ] GC(2) Mark Stack Usage: 32M
[2024-07-21T21:44:47.905+0800][2.588s][gc,nmethod  ] GC(2) NMethods: 375 registered, 0 unregistered
[2024-07-21T21:44:47.905+0800][2.588s][gc,metaspace] GC(2) Metaspace: 1M used, 1M committed, 1032M reserved
[2024-07-21T21:44:47.905+0800][2.588s][gc,ref      ] GC(2) Soft: 93 encountered, 0 discovered, 0 enqueued
[2024-07-21T21:44:47.905+0800][2.588s][gc,ref      ] GC(2) Weak: 131 encountered, 2 discovered, 0 enqueued
[2024-07-21T21:44:47.905+0800][2.588s][gc,ref      ] GC(2) Final: 0 encountered, 0 discovered, 0 enqueued
[2024-07-21T21:44:47.905+0800][2.588s][gc,ref      ] GC(2) Phantom: 184 encountered, 69 discovered, 0 enqueued
[2024-07-21T21:44:47.905+0800][2.588s][gc,reloc    ] GC(2) Small Pages: 4 / 8M, Empty: 2M, Relocated: 0M, In-Place: 0
[2024-07-21T21:44:47.905+0800][2.588s][gc,reloc    ] GC(2) Medium Pages: 19 / 608M, Empty: 544M, Relocated: 1M, In-Place: 0
[2024-07-21T21:44:47.905+0800][2.588s][gc,reloc    ] GC(2) Large Pages: 0 / 0M, Empty: 0M, Relocated: 0M, In-Place: 0
[2024-07-21T21:44:47.905+0800][2.588s][gc,reloc    ] GC(2) Forwarding Usage: 0M
[2024-07-21T21:44:47.905+0800][2.588s][gc,heap     ] GC(2) Min Capacity: 8M(0%)
[2024-07-21T21:44:47.905+0800][2.588s][gc,heap     ] GC(2) Max Capacity: 2048M(100%)
[2024-07-21T21:44:47.905+0800][2.588s][gc,heap     ] GC(2) Soft Max Capacity: 2048M(100%)
[2024-07-21T21:44:47.905+0800][2.588s][gc,heap     ] GC(2)                Mark Start          Mark End        Relocate Start      Relocate End           High               Low         
[2024-07-21T21:44:47.905+0800][2.588s][gc,heap     ] GC(2)  Capacity:      640M (31%)         672M (33%)         672M (33%)         672M (33%)         672M (33%)         640M (31%)    
[2024-07-21T21:44:47.905+0800][2.588s][gc,heap     ] GC(2)      Free:     1432M (70%)        1398M (68%)        1944M (95%)        1976M (96%)        1976M (96%)        1398M (68%)    
[2024-07-21T21:44:47.905+0800][2.588s][gc,heap     ] GC(2)      Used:      616M (30%)         650M (32%)         104M (5%)           72M (4%)          650M (32%)          72M (4%)     
[2024-07-21T21:44:47.905+0800][2.588s][gc,heap     ] GC(2)      Live:         -                 5M (0%)            5M (0%)            5M (0%)             -                  -          
[2024-07-21T21:44:47.905+0800][2.588s][gc,heap     ] GC(2) Allocated:         -                34M (2%)           34M (2%)           34M (2%)             -                  -          
[2024-07-21T21:44:47.905+0800][2.588s][gc,heap     ] GC(2)   Garbage:         -               610M (30%)          64M (3%)           32M (2%)             -                  -          
[2024-07-21T21:44:47.905+0800][2.588s][gc,heap     ] GC(2) Reclaimed:         -                  -               546M (27%)         578M (28%)            -                  -          
[2024-07-21T21:44:47.905+0800][2.588s][gc          ] GC(2) Garbage Collection (Warmup) 616M(30%)->72M(4%)
[2024-07-21T21:44:49.889+0800][4.572s][gc,start    ] GC(3) Garbage Collection (Proactive)
[2024-07-21T21:44:49.889+0800][4.572s][gc,task     ] GC(3) Using 2 workers
[2024-07-21T21:44:49.889+0800][4.572s][gc,phases   ] GC(3) Pause Mark Start 0.007ms
[2024-07-21T21:44:49.904+0800][4.586s][gc,phases   ] GC(3) Concurrent Mark 14.544ms
[2024-07-21T21:44:49.920+0800][4.603s][gc,phases   ] GC(3) Pause Mark End 0.023ms
[2024-07-21T21:44:49.920+0800][4.603s][gc,phases   ] GC(3) Concurrent Mark Free 0.001ms
[2024-07-21T21:44:49.921+0800][4.603s][gc,phases   ] GC(3) Concurrent Process Non-Strong References 0.727ms
[2024-07-21T21:44:49.921+0800][4.603s][gc,phases   ] GC(3) Concurrent Reset Relocation Set 0.001ms
[2024-07-21T21:44:49.924+0800][4.607s][gc,phases   ] GC(3) Concurrent Select Relocation Set 3.397ms
[2024-07-21T21:44:49.924+0800][4.607s][gc,phases   ] GC(3) Pause Relocate Start 0.007ms
[2024-07-21T21:44:49.925+0800][4.608s][gc,phases   ] GC(3) Concurrent Relocate 0.914ms
[2024-07-21T21:44:49.925+0800][4.608s][gc,load     ] GC(3) Load: 0.00/0.00/0.00
[2024-07-21T21:44:49.925+0800][4.608s][gc,mmu      ] GC(3) MMU: 2ms/98.8%, 5ms/99.3%, 10ms/99.7%, 20ms/99.8%, 50ms/99.9%, 100ms/100.0%
[2024-07-21T21:44:49.926+0800][4.608s][gc,marking  ] GC(3) Mark: 2 stripe(s), 1 proactive flush(es), 1 terminate flush(es), 0 completion(s), 0 continuation(s) 
[2024-07-21T21:44:49.926+0800][4.609s][gc,marking  ] GC(3) Mark Stack Usage: 32M
[2024-07-21T21:44:49.926+0800][4.609s][gc,nmethod  ] GC(3) NMethods: 404 registered, 0 unregistered
[2024-07-21T21:44:49.926+0800][4.609s][gc,metaspace] GC(3) Metaspace: 1M used, 1M committed, 1032M reserved
[2024-07-21T21:44:49.926+0800][4.609s][gc,ref      ] GC(3) Soft: 93 encountered, 0 discovered, 0 enqueued
[2024-07-21T21:44:49.926+0800][4.609s][gc,ref      ] GC(3) Weak: 131 encountered, 1 discovered, 0 enqueued
[2024-07-21T21:44:49.926+0800][4.609s][gc,ref      ] GC(3) Final: 0 encountered, 0 discovered, 0 enqueued
[2024-07-21T21:44:49.926+0800][4.609s][gc,ref      ] GC(3) Phantom: 184 encountered, 66 discovered, 0 enqueued
[2024-07-21T21:44:49.926+0800][4.609s][gc,reloc    ] GC(3) Small Pages: 5 / 10M, Empty: 0M, Relocated: 1M, In-Place: 0
[2024-07-21T21:44:49.926+0800][4.609s][gc,reloc    ] GC(3) Medium Pages: 34 / 1088M, Empty: 1056M, Relocated: 0M, In-Place: 0
[2024-07-21T21:44:49.926+0800][4.609s][gc,reloc    ] GC(3) Large Pages: 0 / 0M, Empty: 0M, Relocated: 0M, In-Place: 0
[2024-07-21T21:44:49.926+0800][4.609s][gc,reloc    ] GC(3) Forwarding Usage: 0M
[2024-07-21T21:44:49.926+0800][4.609s][gc,heap     ] GC(3) Min Capacity: 8M(0%)
[2024-07-21T21:44:49.926+0800][4.609s][gc,heap     ] GC(3) Max Capacity: 2048M(100%)
[2024-07-21T21:44:49.926+0800][4.609s][gc,heap     ] GC(3) Soft Max Capacity: 2048M(100%)
[2024-07-21T21:44:49.926+0800][4.609s][gc,heap     ] GC(3)                Mark Start          Mark End        Relocate Start      Relocate End           High               Low         
[2024-07-21T21:44:49.926+0800][4.609s][gc,heap     ] GC(3)  Capacity:     1120M (55%)        1152M (56%)        1152M (56%)        1152M (56%)        1152M (56%)        1120M (55%)    
[2024-07-21T21:44:49.926+0800][4.609s][gc,heap     ] GC(3)      Free:      950M (46%)         918M (45%)        1974M (96%)        1974M (96%)        1974M (96%)         918M (45%)    
[2024-07-21T21:44:49.926+0800][4.609s][gc,heap     ] GC(3)      Used:     1098M (54%)        1130M (55%)          74M (4%)           74M (4%)         1130M (55%)          74M (4%)     
[2024-07-21T21:44:49.926+0800][4.609s][gc,heap     ] GC(3)      Live:         -                 4M (0%)            4M (0%)            4M (0%)             -                  -          
[2024-07-21T21:44:49.926+0800][4.609s][gc,heap     ] GC(3) Allocated:         -                32M (2%)           32M (2%)           33M (2%)             -                  -          
[2024-07-21T21:44:49.926+0800][4.609s][gc,heap     ] GC(3)   Garbage:         -              1093M (53%)          37M (2%)           35M (2%)             -                  -          
[2024-07-21T21:44:49.926+0800][4.609s][gc,heap     ] GC(3) Reclaimed:         -                  -              1056M (52%)        1057M (52%)            -                  -          
[2024-07-21T21:44:49.926+0800][4.609s][gc          ] GC(3) Garbage Collection (Proactive) 1098M(54%)->74M(4%)
[2024-07-21T21:44:53.199+0800][7.882s][gc,start    ] GC(4) Garbage Collection (Proactive)
[2024-07-21T21:44:53.199+0800][7.882s][gc,task     ] GC(4) Using 2 workers
[2024-07-21T21:44:53.200+0800][7.883s][gc,phases   ] GC(4) Pause Mark Start 0.023ms
[2024-07-21T21:44:53.215+0800][7.898s][gc,phases   ] GC(4) Concurrent Mark 15.155ms
[2024-07-21T21:44:53.232+0800][7.914s][gc,phases   ] GC(4) Pause Mark End 0.027ms
[2024-07-21T21:44:53.232+0800][7.914s][gc,phases   ] GC(4) Concurrent Mark Free 0.001ms
[2024-07-21T21:44:53.232+0800][7.915s][gc,phases   ] GC(4) Concurrent Process Non-Strong References 0.918ms
[2024-07-21T21:44:53.232+0800][7.915s][gc,phases   ] GC(4) Concurrent Reset Relocation Set 0.001ms
[2024-07-21T21:44:53.235+0800][7.918s][gc,phases   ] GC(4) Concurrent Select Relocation Set 2.475ms
[2024-07-21T21:44:53.235+0800][7.918s][gc,phases   ] GC(4) Pause Relocate Start 0.011ms
[2024-07-21T21:44:53.238+0800][7.922s][gc,phases   ] GC(4) Concurrent Relocate 3.261ms
[2024-07-21T21:44:53.238+0800][7.922s][gc,load     ] GC(4) Load: 0.00/0.00/0.00
[2024-07-21T21:44:53.238+0800][7.922s][gc,mmu      ] GC(4) MMU: 2ms/98.7%, 5ms/99.2%, 10ms/99.6%, 20ms/99.8%, 50ms/99.9%, 100ms/99.9%
[2024-07-21T21:44:53.238+0800][7.922s][gc,marking  ] GC(4) Mark: 2 stripe(s), 1 proactive flush(es), 1 terminate flush(es), 0 completion(s), 0 continuation(s) 
[2024-07-21T21:44:53.238+0800][7.922s][gc,marking  ] GC(4) Mark Stack Usage: 32M
[2024-07-21T21:44:53.238+0800][7.922s][gc,nmethod  ] GC(4) NMethods: 429 registered, 0 unregistered
[2024-07-21T21:44:53.238+0800][7.922s][gc,metaspace] GC(4) Metaspace: 1M used, 1M committed, 1032M reserved
[2024-07-21T21:44:53.239+0800][7.922s][gc,ref      ] GC(4) Soft: 93 encountered, 0 discovered, 0 enqueued
[2024-07-21T21:44:53.239+0800][7.922s][gc,ref      ] GC(4) Weak: 131 encountered, 0 discovered, 0 enqueued
[2024-07-21T21:44:53.239+0800][7.922s][gc,ref      ] GC(4) Final: 0 encountered, 0 discovered, 0 enqueued
[2024-07-21T21:44:53.239+0800][7.922s][gc,ref      ] GC(4) Phantom: 184 encountered, 169 discovered, 0 enqueued
[2024-07-21T21:44:53.239+0800][7.922s][gc,reloc    ] GC(4) Small Pages: 5 / 10M, Empty: 0M, Relocated: 1M, In-Place: 0
[2024-07-21T21:44:53.239+0800][7.922s][gc,reloc    ] GC(4) Medium Pages: 55 / 1760M, Empty: 1696M, Relocated: 10M, In-Place: 0
[2024-07-21T21:44:53.239+0800][7.922s][gc,reloc    ] GC(4) Large Pages: 0 / 0M, Empty: 0M, Relocated: 0M, In-Place: 0
[2024-07-21T21:44:53.239+0800][7.922s][gc,reloc    ] GC(4) Forwarding Usage: 0M
[2024-07-21T21:44:53.239+0800][7.922s][gc,heap     ] GC(4) Min Capacity: 8M(0%)
[2024-07-21T21:44:53.239+0800][7.922s][gc,heap     ] GC(4) Max Capacity: 2048M(100%)
[2024-07-21T21:44:53.239+0800][7.922s][gc,heap     ] GC(4) Soft Max Capacity: 2048M(100%)
[2024-07-21T21:44:53.239+0800][7.922s][gc,heap     ] GC(4)                Mark Start          Mark End        Relocate Start      Relocate End           High               Low         
[2024-07-21T21:44:53.239+0800][7.922s][gc,heap     ] GC(4)  Capacity:     1792M (88%)        1824M (89%)        1824M (89%)        1824M (89%)        1824M (89%)        1792M (88%)    
[2024-07-21T21:44:53.239+0800][7.922s][gc,heap     ] GC(4)      Free:      278M (14%)         246M (12%)        1942M (95%)        1976M (96%)        1976M (96%)         246M (12%)    
[2024-07-21T21:44:53.239+0800][7.922s][gc,heap     ] GC(4)      Used:     1770M (86%)        1802M (88%)         106M (5%)           72M (4%)         1802M (88%)          72M (4%)     
[2024-07-21T21:44:53.239+0800][7.922s][gc,heap     ] GC(4)      Live:         -                14M (1%)           14M (1%)           14M (1%)             -                  -          
[2024-07-21T21:44:53.239+0800][7.922s][gc,heap     ] GC(4) Allocated:         -                32M (2%)           32M (2%)           33M (2%)             -                  -          
[2024-07-21T21:44:53.239+0800][7.922s][gc,heap     ] GC(4)   Garbage:         -              1755M (86%)          59M (3%)           23M (1%)             -                  -          
[2024-07-21T21:44:53.239+0800][7.922s][gc,heap     ] GC(4) Reclaimed:         -                  -              1696M (83%)        1731M (85%)            -                  -          
[2024-07-21T21:44:53.239+0800][7.922s][gc          ] GC(4) Garbage Collection (Proactive) 1770M(86%)->72M(4%)
[2024-07-21T21:44:55.397+0800][10.079s][gc,stats    ] === Garbage Collection Statistics =======================================================================================================================
[2024-07-21T21:44:55.397+0800][10.079s][gc,stats    ]                                                              Last 10s              Last 10m              Last 10h                Total
[2024-07-21T21:44:55.397+0800][10.080s][gc,stats    ]                                                              Avg / Max             Avg / Max             Avg / Max             Avg / Max
[2024-07-21T21:44:55.397+0800][10.080s][gc,stats    ]   Collector: Garbage Collection Cycle                     30.310 / 39.537       30.310 / 39.537       30.310 / 39.537       30.310 / 39.537      ms
[2024-07-21T21:44:55.397+0800][10.080s][gc,stats    ]  Contention: Mark Segment Reset Contention                     0 / 1                 0 / 1                 0 / 1                 0 / 1           ops/s
[2024-07-21T21:44:55.397+0800][10.080s][gc,stats    ]  Contention: Mark SeqNum Reset Contention                      0 / 0                 0 / 0                 0 / 0                 0 / 0           ops/s
[2024-07-21T21:44:55.397+0800][10.080s][gc,stats    ]    Critical: Allocation Stall                                  0 / 0                 0 / 0                 0 / 0                 0 / 0           ops/s
[2024-07-21T21:44:55.397+0800][10.080s][gc,stats    ]    Critical: Allocation Stall                              0.000 / 0.000         0.000 / 0.000         0.000 / 0.000         0.000 / 0.000       ms
[2024-07-21T21:44:55.397+0800][10.080s][gc,stats    ]    Critical: GC Locker Stall                                   0 / 0                 0 / 0                 0 / 0                 0 / 0           ops/s
[2024-07-21T21:44:55.397+0800][10.080s][gc,stats    ]    Critical: GC Locker Stall                               0.000 / 0.000         0.000 / 0.000         0.000 / 0.000         0.000 / 0.000       ms
[2024-07-21T21:44:55.397+0800][10.080s][gc,stats    ]    Critical: Relocation Stall                                  0 / 0                 0 / 0                 0 / 0                 0 / 0           ops/s
[2024-07-21T21:44:55.397+0800][10.080s][gc,stats    ]    Critical: Relocation Stall                              0.000 / 0.000         0.000 / 0.000         0.000 / 0.000         0.000 / 0.000       ms
[2024-07-21T21:44:55.397+0800][10.080s][gc,stats    ]      Memory: Allocation Rate                                 536 / 640             536 / 640             536 / 640             536 / 640         MB/s
[2024-07-21T21:44:55.397+0800][10.080s][gc,stats    ]      Memory: Out Of Memory                                     0 / 0                 0 / 0                 0 / 0                 0 / 0           ops/s
[2024-07-21T21:44:55.397+0800][10.080s][gc,stats    ]      Memory: Page Cache Flush                                  0 / 0                 0 / 0                 0 / 0                 0 / 0           MB/s
[2024-07-21T21:44:55.397+0800][10.080s][gc,stats    ]      Memory: Page Cache Hit L1                                12 / 20               12 / 20               12 / 20               12 / 20          ops/s
[2024-07-21T21:44:55.397+0800][10.080s][gc,stats    ]      Memory: Page Cache Hit L2                                 0 / 0                 0 / 0                 0 / 0                 0 / 0           ops/s
[2024-07-21T21:44:55.397+0800][10.080s][gc,stats    ]      Memory: Page Cache Hit L3                                 1 / 15                1 / 15                1 / 15                1 / 15          ops/s
[2024-07-21T21:44:55.397+0800][10.080s][gc,stats    ]      Memory: Page Cache Miss                                   5 / 11                5 / 11                5 / 11                5 / 11          ops/s
[2024-07-21T21:44:55.397+0800][10.080s][gc,stats    ]      Memory: Uncommit                                          0 / 0                 0 / 0                 0 / 0                 0 / 0           MB/s
[2024-07-21T21:44:55.397+0800][10.080s][gc,stats    ]      Memory: Undo Object Allocation Failed                     0 / 0                 0 / 0                 0 / 0                 0 / 0           ops/s
[2024-07-21T21:44:55.397+0800][10.080s][gc,stats    ]      Memory: Undo Object Allocation Succeeded                  0 / 0                 0 / 0                 0 / 0                 0 / 0           ops/s
[2024-07-21T21:44:55.397+0800][10.080s][gc,stats    ]      Memory: Undo Page Allocation                              0 / 0                 0 / 0                 0 / 0                 0 / 0           ops/s
[2024-07-21T21:44:55.397+0800][10.080s][gc,stats    ]       Phase: Concurrent Mark                              15.180 / 15.622       15.180 / 15.622       15.180 / 15.622       15.180 / 15.622      ms
[2024-07-21T21:44:55.398+0800][10.080s][gc,stats    ]       Phase: Concurrent Mark Continue                      0.000 / 0.000         0.000 / 0.000         0.000 / 0.000         0.000 / 0.000       ms
[2024-07-21T21:44:55.398+0800][10.080s][gc,stats    ]       Phase: Concurrent Mark Free                          0.001 / 0.002         0.001 / 0.002         0.001 / 0.002         0.001 / 0.002       ms
[2024-07-21T21:44:55.398+0800][10.080s][gc,stats    ]       Phase: Concurrent Process Non-Strong References      0.766 / 0.988         0.766 / 0.988         0.766 / 0.988         0.766 / 0.988       ms
[2024-07-21T21:44:55.398+0800][10.080s][gc,stats    ]       Phase: Concurrent Relocate                           2.841 / 7.918         2.841 / 7.918         2.841 / 7.918         2.841 / 7.918       ms
[2024-07-21T21:44:55.398+0800][10.080s][gc,stats    ]       Phase: Concurrent Reset Relocation Set               0.001 / 0.002         0.001 / 0.002         0.001 / 0.002         0.001 / 0.002       ms
[2024-07-21T21:44:55.398+0800][10.080s][gc,stats    ]       Phase: Concurrent Select Relocation Set              3.819 / 9.206         3.819 / 9.206         3.819 / 9.206         3.819 / 9.206       ms
[2024-07-21T21:44:55.398+0800][10.080s][gc,stats    ]       Phase: Pause Mark End                                0.022 / 0.027         0.022 / 0.027         0.022 / 0.027         0.022 / 0.027       ms
[2024-07-21T21:44:55.398+0800][10.081s][gc,stats    ]       Phase: Pause Mark Start                              0.013 / 0.023         0.013 / 0.023         0.013 / 0.023         0.013 / 0.023       ms
[2024-07-21T21:44:55.398+0800][10.081s][gc,stats    ]       Phase: Pause Relocate Start                          0.009 / 0.013         0.009 / 0.013         0.009 / 0.013         0.009 / 0.013       ms
[2024-07-21T21:44:55.398+0800][10.081s][gc,stats    ]    Subphase: Concurrent Classes Purge                      0.072 / 0.119         0.072 / 0.119         0.072 / 0.119         0.072 / 0.119       ms
[2024-07-21T21:44:55.398+0800][10.081s][gc,stats    ]    Subphase: Concurrent Classes Unlink                     0.320 / 0.456         0.320 / 0.456         0.320 / 0.456         0.320 / 0.456       ms
[2024-07-21T21:44:55.398+0800][10.081s][gc,stats    ]    Subphase: Concurrent Mark                               8.849 / 15.075        8.849 / 15.075        8.849 / 15.075        8.849 / 15.075      ms
[2024-07-21T21:44:55.398+0800][10.081s][gc,stats    ]    Subphase: Concurrent Mark Try Flush                     0.087 / 0.160         0.087 / 0.160         0.087 / 0.160         0.087 / 0.160       ms
[2024-07-21T21:44:55.398+0800][10.081s][gc,stats    ]    Subphase: Concurrent Mark Try Terminate                 3.996 / 12.790        3.996 / 12.790        3.996 / 12.790        3.996 / 12.790      ms
[2024-07-21T21:44:55.398+0800][10.081s][gc,stats    ]    Subphase: Concurrent References Enqueue                 0.002 / 0.004         0.002 / 0.004         0.002 / 0.004         0.002 / 0.004       ms
[2024-07-21T21:44:55.398+0800][10.081s][gc,stats    ]    Subphase: Concurrent References Process                 0.086 / 0.126         0.086 / 0.126         0.086 / 0.126         0.086 / 0.126       ms
[2024-07-21T21:44:55.398+0800][10.081s][gc,stats    ]    Subphase: Concurrent Roots ClassLoaderDataGraph         0.062 / 0.175         0.062 / 0.175         0.062 / 0.175         0.062 / 0.175       ms
[2024-07-21T21:44:55.398+0800][10.081s][gc,stats    ]    Subphase: Concurrent Roots CodeCache                    0.000 / 0.000         0.000 / 0.000         0.000 / 0.000         0.000 / 0.000       ms
[2024-07-21T21:44:55.398+0800][10.081s][gc,stats    ]    Subphase: Concurrent Roots JavaThreads                  0.255 / 0.423         0.255 / 0.423         0.255 / 0.423         0.255 / 0.423       ms
[2024-07-21T21:44:55.398+0800][10.081s][gc,stats    ]    Subphase: Concurrent Roots OopStorageSet                0.029 / 0.049         0.029 / 0.049         0.029 / 0.049         0.029 / 0.049       ms
[2024-07-21T21:44:55.398+0800][10.081s][gc,stats    ]    Subphase: Concurrent Weak Roots OopStorageSet           0.138 / 0.203         0.138 / 0.203         0.138 / 0.203         0.138 / 0.203       ms
[2024-07-21T21:44:55.398+0800][10.081s][gc,stats    ]    Subphase: Pause Mark Try Complete                       0.000 / 0.000         0.000 / 0.000         0.000 / 0.000         0.000 / 0.000       ms
[2024-07-21T21:44:55.398+0800][10.081s][gc,stats    ]      System: Java Threads                                     13 / 13               13 / 13               13 / 13               13 / 13          threads
[2024-07-21T21:44:55.398+0800][10.081s][gc,stats    ] =========================================================================================================================================================
[2024-07-21T21:44:56.190+0800][10.872s][gc,start    ] GC(5) Garbage Collection (Proactive)
[2024-07-21T21:44:56.190+0800][10.872s][gc,task     ] GC(5) Using 2 workers
[2024-07-21T21:44:56.190+0800][10.873s][gc,phases   ] GC(5) Pause Mark Start 0.007ms
[2024-07-21T21:44:56.206+0800][10.888s][gc,phases   ] GC(5) Concurrent Mark 15.449ms
[2024-07-21T21:44:56.206+0800][10.889s][gc,phases   ] GC(5) Pause Mark End 0.009ms
[2024-07-21T21:44:56.206+0800][10.889s][gc,phases   ] GC(5) Concurrent Mark Free 0.001ms
[2024-07-21T21:44:56.206+0800][10.890s][gc,phases   ] GC(5) Concurrent Process Non-Strong References 0.779ms
[2024-07-21T21:44:56.206+0800][10.890s][gc,phases   ] GC(5) Concurrent Reset Relocation Set 0.001ms
[2024-07-21T21:44:56.209+0800][10.892s][gc,phases   ] GC(5) Concurrent Select Relocation Set 2.429ms
[2024-07-21T21:44:56.209+0800][10.892s][gc,phases   ] GC(5) Pause Relocate Start 0.006ms
[2024-07-21T21:44:56.211+0800][10.895s][gc,phases   ] GC(5) Concurrent Relocate 2.624ms
[2024-07-21T21:44:56.212+0800][10.895s][gc,load     ] GC(5) Load: 0.00/0.00/0.00
[2024-07-21T21:44:56.212+0800][10.895s][gc,mmu      ] GC(5) MMU: 2ms/98.7%, 5ms/99.2%, 10ms/99.6%, 20ms/99.8%, 50ms/99.9%, 100ms/99.9%
[2024-07-21T21:44:56.212+0800][10.895s][gc,marking  ] GC(5) Mark: 2 stripe(s), 2 proactive flush(es), 1 terminate flush(es), 0 completion(s), 0 continuation(s) 
[2024-07-21T21:44:56.212+0800][10.895s][gc,marking  ] GC(5) Mark Stack Usage: 32M
[2024-07-21T21:44:56.212+0800][10.895s][gc,nmethod  ] GC(5) NMethods: 450 registered, 0 unregistered
[2024-07-21T21:44:56.212+0800][10.895s][gc,metaspace] GC(5) Metaspace: 1M used, 1M committed, 1032M reserved
[2024-07-21T21:44:56.212+0800][10.895s][gc,ref      ] GC(5) Soft: 93 encountered, 0 discovered, 0 enqueued
[2024-07-21T21:44:56.212+0800][10.895s][gc,ref      ] GC(5) Weak: 131 encountered, 0 discovered, 0 enqueued
[2024-07-21T21:44:56.212+0800][10.895s][gc,ref      ] GC(5) Final: 0 encountered, 0 discovered, 0 enqueued
[2024-07-21T21:44:56.212+0800][10.895s][gc,ref      ] GC(5) Phantom: 184 encountered, 169 discovered, 0 enqueued
[2024-07-21T21:44:56.212+0800][10.895s][gc,reloc    ] GC(5) Small Pages: 4 / 8M, Empty: 0M, Relocated: 1M, In-Place: 0
[2024-07-21T21:44:56.212+0800][10.895s][gc,reloc    ] GC(5) Medium Pages: 58 / 1856M, Empty: 1792M, Relocated: 11M, In-Place: 0
[2024-07-21T21:44:56.212+0800][10.895s][gc,reloc    ] GC(5) Large Pages: 0 / 0M, Empty: 0M, Relocated: 0M, In-Place: 0
[2024-07-21T21:44:56.212+0800][10.895s][gc,reloc    ] GC(5) Forwarding Usage: 0M
[2024-07-21T21:44:56.212+0800][10.895s][gc,heap     ] GC(5) Min Capacity: 8M(0%)
[2024-07-21T21:44:56.212+0800][10.895s][gc,heap     ] GC(5) Max Capacity: 2048M(100%)
[2024-07-21T21:44:56.212+0800][10.895s][gc,heap     ] GC(5) Soft Max Capacity: 2048M(100%)
[2024-07-21T21:44:56.212+0800][10.895s][gc,heap     ] GC(5)                Mark Start          Mark End        Relocate Start      Relocate End           High               Low         
[2024-07-21T21:44:56.212+0800][10.895s][gc,heap     ] GC(5)  Capacity:     1888M (92%)        1920M (94%)        1920M (94%)        1920M (94%)        1920M (94%)        1888M (92%)    
[2024-07-21T21:44:56.212+0800][10.895s][gc,heap     ] GC(5)      Free:      184M (9%)          150M (7%)         1942M (95%)        1976M (96%)        1976M (96%)         150M (7%)     
[2024-07-21T21:44:56.212+0800][10.895s][gc,heap     ] GC(5)      Used:     1864M (91%)        1898M (93%)         106M (5%)           72M (4%)         1898M (93%)          72M (4%)     
[2024-07-21T21:44:56.212+0800][10.895s][gc,heap     ] GC(5)      Live:         -                15M (1%)           15M (1%)           15M (1%)             -                  -          
[2024-07-21T21:44:56.212+0800][10.895s][gc,heap     ] GC(5) Allocated:         -                34M (2%)           34M (2%)           34M (2%)             -                  -          
[2024-07-21T21:44:56.212+0800][10.895s][gc,heap     ] GC(5)   Garbage:         -              1848M (90%)          56M (3%)           22M (1%)             -                  -          
[2024-07-21T21:44:56.212+0800][10.895s][gc,heap     ] GC(5) Reclaimed:         -                  -              1792M (88%)        1826M (89%)            -                  -          
[2024-07-21T21:44:56.212+0800][10.895s][gc          ] GC(5) Garbage Collection (Proactive) 1864M(91%)->72M(4%)
[2024-07-21T21:44:58.899+0800][13.582s][gc,start    ] GC(6) Garbage Collection (Proactive)
[2024-07-21T21:44:58.899+0800][13.582s][gc,task     ] GC(6) Using 2 workers
[2024-07-21T21:44:58.899+0800][13.582s][gc,phases   ] GC(6) Pause Mark Start 0.007ms
[2024-07-21T21:44:58.915+0800][13.598s][gc,phases   ] GC(6) Concurrent Mark 15.513ms
[2024-07-21T21:44:58.915+0800][13.598s][gc,phases   ] GC(6) Pause Mark End 0.014ms
[2024-07-21T21:44:58.915+0800][13.598s][gc,phases   ] GC(6) Concurrent Mark Free 0.001ms
[2024-07-21T21:44:58.916+0800][13.599s][gc,phases   ] GC(6) Concurrent Process Non-Strong References 0.785ms
[2024-07-21T21:44:58.916+0800][13.599s][gc,phases   ] GC(6) Concurrent Reset Relocation Set 0.001ms
[2024-07-21T21:44:58.918+0800][13.601s][gc,phases   ] GC(6) Concurrent Select Relocation Set 2.630ms
[2024-07-21T21:44:58.919+0800][13.602s][gc,phases   ] GC(6) Pause Relocate Start 0.008ms
[2024-07-21T21:44:58.922+0800][13.605s][gc,phases   ] GC(6) Concurrent Relocate 3.242ms
[2024-07-21T21:44:58.922+0800][13.605s][gc,load     ] GC(6) Load: 0.00/0.00/0.00
[2024-07-21T21:44:58.922+0800][13.605s][gc,mmu      ] GC(6) MMU: 2ms/98.7%, 5ms/99.2%, 10ms/99.6%, 20ms/99.8%, 50ms/99.9%, 100ms/99.9%
[2024-07-21T21:44:58.922+0800][13.605s][gc,marking  ] GC(6) Mark: 2 stripe(s), 2 proactive flush(es), 1 terminate flush(es), 0 completion(s), 0 continuation(s) 
[2024-07-21T21:44:58.922+0800][13.605s][gc,marking  ] GC(6) Mark Stack Usage: 32M
[2024-07-21T21:44:58.922+0800][13.605s][gc,nmethod  ] GC(6) NMethods: 456 registered, 0 unregistered
[2024-07-21T21:44:58.922+0800][13.605s][gc,metaspace] GC(6) Metaspace: 1M used, 1M committed, 1032M reserved
[2024-07-21T21:44:58.922+0800][13.605s][gc,ref      ] GC(6) Soft: 93 encountered, 0 discovered, 0 enqueued
[2024-07-21T21:44:58.922+0800][13.605s][gc,ref      ] GC(6) Weak: 131 encountered, 0 discovered, 0 enqueued
[2024-07-21T21:44:58.922+0800][13.605s][gc,ref      ] GC(6) Final: 0 encountered, 0 discovered, 0 enqueued
[2024-07-21T21:44:58.922+0800][13.605s][gc,ref      ] GC(6) Phantom: 184 encountered, 119 discovered, 0 enqueued
[2024-07-21T21:44:58.922+0800][13.605s][gc,reloc    ] GC(6) Small Pages: 4 / 8M, Empty: 2M, Relocated: 0M, In-Place: 0
[2024-07-21T21:44:58.922+0800][13.605s][gc,reloc    ] GC(6) Medium Pages: 56 / 1792M, Empty: 1728M, Relocated: 13M, In-Place: 0
[2024-07-21T21:44:58.922+0800][13.605s][gc,reloc    ] GC(6) Large Pages: 0 / 0M, Empty: 0M, Relocated: 0M, In-Place: 0
[2024-07-21T21:44:58.922+0800][13.605s][gc,reloc    ] GC(6) Forwarding Usage: 0M
[2024-07-21T21:44:58.922+0800][13.605s][gc,heap     ] GC(6) Min Capacity: 8M(0%)
[2024-07-21T21:44:58.922+0800][13.605s][gc,heap     ] GC(6) Max Capacity: 2048M(100%)
[2024-07-21T21:44:58.922+0800][13.605s][gc,heap     ] GC(6) Soft Max Capacity: 2048M(100%)
[2024-07-21T21:44:58.922+0800][13.605s][gc,heap     ] GC(6)                Mark Start          Mark End        Relocate Start      Relocate End           High               Low         
[2024-07-21T21:44:58.922+0800][13.605s][gc,heap     ] GC(6)  Capacity:     1920M (94%)        1920M (94%)        1920M (94%)        1920M (94%)        1920M (94%)        1920M (94%)    
[2024-07-21T21:44:58.922+0800][13.605s][gc,heap     ] GC(6)      Free:      248M (12%)         214M (10%)        1944M (95%)        1976M (96%)        1976M (96%)         214M (10%)    
[2024-07-21T21:44:58.922+0800][13.605s][gc,heap     ] GC(6)      Used:     1800M (88%)        1834M (90%)         104M (5%)           72M (4%)         1834M (90%)          72M (4%)     
[2024-07-21T21:44:58.922+0800][13.605s][gc,heap     ] GC(6)      Live:         -                17M (1%)           17M (1%)           17M (1%)             -                  -          
[2024-07-21T21:44:58.922+0800][13.605s][gc,heap     ] GC(6) Allocated:         -                34M (2%)           34M (2%)           34M (2%)             -                  -          
[2024-07-21T21:44:58.922+0800][13.605s][gc,heap     ] GC(6)   Garbage:         -              1782M (87%)          52M (3%)           20M (1%)             -                  -          
[2024-07-21T21:44:58.922+0800][13.605s][gc,heap     ] GC(6) Reclaimed:         -                  -              1730M (84%)        1762M (86%)            -                  -          
[2024-07-21T21:44:58.922+0800][13.605s][gc          ] GC(6) Garbage Collection (Proactive) 1800M(88%)->72M(4%)
[2024-07-21T21:45:00.989+0800][15.672s][gc,start    ] GC(7) Garbage Collection (Proactive)
[2024-07-21T21:45:00.989+0800][15.672s][gc,task     ] GC(7) Using 2 workers
[2024-07-21T21:45:00.989+0800][15.672s][gc,phases   ] GC(7) Pause Mark Start 0.011ms
[2024-07-21T21:45:01.005+0800][15.688s][gc,phases   ] GC(7) Concurrent Mark 15.503ms
[2024-07-21T21:45:01.005+0800][15.688s][gc,phases   ] GC(7) Pause Mark End 0.012ms
[2024-07-21T21:45:01.005+0800][15.688s][gc,phases   ] GC(7) Concurrent Mark Free 0.001ms
[2024-07-21T21:45:01.006+0800][15.689s][gc,phases   ] GC(7) Concurrent Process Non-Strong References 0.909ms
[2024-07-21T21:45:01.006+0800][15.689s][gc,phases   ] GC(7) Concurrent Reset Relocation Set 0.002ms
[2024-07-21T21:45:01.009+0800][15.692s][gc,phases   ] GC(7) Concurrent Select Relocation Set 2.801ms
[2024-07-21T21:45:01.009+0800][15.692s][gc,phases   ] GC(7) Pause Relocate Start 0.015ms
[2024-07-21T21:45:01.011+0800][15.694s][gc,phases   ] GC(7) Concurrent Relocate 1.886ms
[2024-07-21T21:45:01.011+0800][15.694s][gc,load     ] GC(7) Load: 0.00/0.00/0.00
[2024-07-21T21:45:01.012+0800][15.695s][gc,mmu      ] GC(7) MMU: 2ms/98.7%, 5ms/99.2%, 10ms/99.6%, 20ms/99.8%, 50ms/99.9%, 100ms/99.9%
[2024-07-21T21:45:01.012+0800][15.695s][gc,marking  ] GC(7) Mark: 2 stripe(s), 2 proactive flush(es), 1 terminate flush(es), 0 completion(s), 0 continuation(s) 
[2024-07-21T21:45:01.012+0800][15.695s][gc,marking  ] GC(7) Mark Stack Usage: 32M
[2024-07-21T21:45:01.012+0800][15.695s][gc,nmethod  ] GC(7) NMethods: 463 registered, 0 unregistered
[2024-07-21T21:45:01.012+0800][15.695s][gc,metaspace] GC(7) Metaspace: 1M used, 1M committed, 1032M reserved
[2024-07-21T21:45:01.012+0800][15.695s][gc,ref      ] GC(7) Soft: 93 encountered, 0 discovered, 0 enqueued
[2024-07-21T21:45:01.012+0800][15.695s][gc,ref      ] GC(7) Weak: 131 encountered, 11 discovered, 0 enqueued
[2024-07-21T21:45:01.012+0800][15.695s][gc,ref      ] GC(7) Final: 0 encountered, 0 discovered, 0 enqueued
[2024-07-21T21:45:01.012+0800][15.695s][gc,ref      ] GC(7) Phantom: 184 encountered, 119 discovered, 0 enqueued
[2024-07-21T21:45:01.012+0800][15.695s][gc,reloc    ] GC(7) Small Pages: 5 / 10M, Empty: 2M, Relocated: 1M, In-Place: 0
[2024-07-21T21:45:01.012+0800][15.695s][gc,reloc    ] GC(7) Medium Pages: 42 / 1344M, Empty: 1280M, Relocated: 3M, In-Place: 0
[2024-07-21T21:45:01.012+0800][15.695s][gc,reloc    ] GC(7) Large Pages: 0 / 0M, Empty: 0M, Relocated: 0M, In-Place: 0
[2024-07-21T21:45:01.012+0800][15.695s][gc,reloc    ] GC(7) Forwarding Usage: 0M
[2024-07-21T21:45:01.012+0800][15.695s][gc,heap     ] GC(7) Min Capacity: 8M(0%)
[2024-07-21T21:45:01.012+0800][15.695s][gc,heap     ] GC(7) Max Capacity: 2048M(100%)
[2024-07-21T21:45:01.012+0800][15.695s][gc,heap     ] GC(7) Soft Max Capacity: 2048M(100%)
[2024-07-21T21:45:01.012+0800][15.695s][gc,heap     ] GC(7)                Mark Start          Mark End        Relocate Start      Relocate End           High               Low         
[2024-07-21T21:45:01.012+0800][15.695s][gc,heap     ] GC(7)  Capacity:     1920M (94%)        1920M (94%)        1920M (94%)        1920M (94%)        1920M (94%)        1920M (94%)    
[2024-07-21T21:45:01.012+0800][15.695s][gc,heap     ] GC(7)      Free:      694M (34%)         660M (32%)        1942M (95%)        1976M (96%)        1976M (96%)         660M (32%)    
[2024-07-21T21:45:01.012+0800][15.695s][gc,heap     ] GC(7)      Used:     1354M (66%)        1388M (68%)         106M (5%)           72M (4%)         1388M (68%)          72M (4%)     
[2024-07-21T21:45:01.012+0800][15.695s][gc,heap     ] GC(7)      Live:         -                 7M (0%)            7M (0%)            7M (0%)             -                  -          
[2024-07-21T21:45:01.012+0800][15.695s][gc,heap     ] GC(7) Allocated:         -                34M (2%)           34M (2%)           33M (2%)             -                  -          
[2024-07-21T21:45:01.012+0800][15.695s][gc,heap     ] GC(7)   Garbage:         -              1346M (66%)          64M (3%)           30M (1%)             -                  -          
[2024-07-21T21:45:01.012+0800][15.695s][gc,heap     ] GC(7) Reclaimed:         -                  -              1282M (63%)        1315M (64%)            -                  -          
[2024-07-21T21:45:01.012+0800][15.695s][gc          ] GC(7) Garbage Collection (Proactive) 1354M(66%)->72M(4%)
[2024-07-21T21:45:02.697+0800][17.380s][gc,start    ] GC(8) Garbage Collection (Proactive)
[2024-07-21T21:45:02.697+0800][17.380s][gc,task     ] GC(8) Using 2 workers
[2024-07-21T21:45:02.697+0800][17.380s][gc,phases   ] GC(8) Pause Mark Start 0.017ms
[2024-07-21T21:45:02.713+0800][17.396s][gc,phases   ] GC(8) Concurrent Mark 14.944ms
[2024-07-21T21:45:02.713+0800][17.396s][gc,phases   ] GC(8) Pause Mark End 0.010ms
[2024-07-21T21:45:02.713+0800][17.396s][gc,phases   ] GC(8) Concurrent Mark Free 0.002ms
[2024-07-21T21:45:02.714+0800][17.397s][gc,phases   ] GC(8) Concurrent Process Non-Strong References 0.951ms
[2024-07-21T21:45:02.714+0800][17.397s][gc,phases   ] GC(8) Concurrent Reset Relocation Set 0.002ms
[2024-07-21T21:45:02.717+0800][17.400s][gc,phases   ] GC(8) Concurrent Select Relocation Set 2.578ms
[2024-07-21T21:45:02.717+0800][17.400s][gc,phases   ] GC(8) Pause Relocate Start 0.008ms
[2024-07-21T21:45:02.721+0800][17.404s][gc,phases   ] GC(8) Concurrent Relocate 3.876ms
[2024-07-21T21:45:02.721+0800][17.404s][gc,load     ] GC(8) Load: 0.00/0.00/0.00
[2024-07-21T21:45:02.721+0800][17.404s][gc,mmu      ] GC(8) MMU: 2ms/98.7%, 5ms/99.2%, 10ms/99.6%, 20ms/99.8%, 50ms/99.9%, 100ms/99.9%
[2024-07-21T21:45:02.721+0800][17.404s][gc,marking  ] GC(8) Mark: 2 stripe(s), 2 proactive flush(es), 1 terminate flush(es), 0 completion(s), 0 continuation(s) 
[2024-07-21T21:45:02.721+0800][17.404s][gc,marking  ] GC(8) Mark Stack Usage: 32M
[2024-07-21T21:45:02.721+0800][17.404s][gc,nmethod  ] GC(8) NMethods: 465 registered, 0 unregistered
[2024-07-21T21:45:02.721+0800][17.404s][gc,metaspace] GC(8) Metaspace: 1M used, 1M committed, 1032M reserved
[2024-07-21T21:45:02.721+0800][17.404s][gc,ref      ] GC(8) Soft: 93 encountered, 0 discovered, 0 enqueued
[2024-07-21T21:45:02.721+0800][17.404s][gc,ref      ] GC(8) Weak: 131 encountered, 0 discovered, 0 enqueued
[2024-07-21T21:45:02.721+0800][17.404s][gc,ref      ] GC(8) Final: 0 encountered, 0 discovered, 0 enqueued
[2024-07-21T21:45:02.721+0800][17.404s][gc,ref      ] GC(8) Phantom: 184 encountered, 169 discovered, 0 enqueued
[2024-07-21T21:45:02.721+0800][17.404s][gc,reloc    ] GC(8) Small Pages: 4 / 8M, Empty: 0M, Relocated: 1M, In-Place: 0
[2024-07-21T21:45:02.721+0800][17.404s][gc,reloc    ] GC(8) Medium Pages: 36 / 1152M, Empty: 1088M, Relocated: 14M, In-Place: 0
[2024-07-21T21:45:02.721+0800][17.404s][gc,reloc    ] GC(8) Large Pages: 0 / 0M, Empty: 0M, Relocated: 0M, In-Place: 0
[2024-07-21T21:45:02.721+0800][17.404s][gc,reloc    ] GC(8) Forwarding Usage: 0M
[2024-07-21T21:45:02.721+0800][17.404s][gc,heap     ] GC(8) Min Capacity: 8M(0%)
[2024-07-21T21:45:02.721+0800][17.404s][gc,heap     ] GC(8) Max Capacity: 2048M(100%)
[2024-07-21T21:45:02.721+0800][17.404s][gc,heap     ] GC(8) Soft Max Capacity: 2048M(100%)
[2024-07-21T21:45:02.721+0800][17.404s][gc,heap     ] GC(8)                Mark Start          Mark End        Relocate Start      Relocate End           High               Low         
[2024-07-21T21:45:02.721+0800][17.404s][gc,heap     ] GC(8)  Capacity:     1920M (94%)        1920M (94%)        1920M (94%)        1920M (94%)        1920M (94%)        1920M (94%)    
[2024-07-21T21:45:02.721+0800][17.404s][gc,heap     ] GC(8)      Free:      888M (43%)         854M (42%)        1942M (95%)        1976M (96%)        1976M (96%)         854M (42%)    
[2024-07-21T21:45:02.721+0800][17.404s][gc,heap     ] GC(8)      Used:     1160M (57%)        1194M (58%)         106M (5%)           72M (4%)         1194M (58%)          72M (4%)     
[2024-07-21T21:45:02.721+0800][17.404s][gc,heap     ] GC(8)      Live:         -                18M (1%)           18M (1%)           18M (1%)             -                  -          
[2024-07-21T21:45:02.721+0800][17.404s][gc,heap     ] GC(8) Allocated:         -                34M (2%)           34M (2%)           33M (2%)             -                  -          
[2024-07-21T21:45:02.721+0800][17.404s][gc,heap     ] GC(8)   Garbage:         -              1141M (56%)          53M (3%)           19M (1%)             -                  -          
[2024-07-21T21:45:02.721+0800][17.404s][gc,heap     ] GC(8) Reclaimed:         -                  -              1088M (53%)        1121M (55%)            -                  -          
[2024-07-21T21:45:02.721+0800][17.404s][gc          ] GC(8) Garbage Collection (Proactive) 1160M(57%)->72M(4%)
[2024-07-21T21:45:03.378+0800][18.060s][gc,heap,exit] Heap
[2024-07-21T21:45:03.378+0800][18.060s][gc,heap,exit]  ZHeap           used 488M, capacity 1920M, max capacity 2048M
[2024-07-21T21:45:03.378+0800][18.060s][gc,heap,exit]  Metaspace       used 1346K, committed 1472K, reserved 1056768K
[2024-07-21T21:45:03.378+0800][18.060s][gc,heap,exit]   class space    used 111K, committed 192K, reserved 1048576K
