[2024-07-21T21:45:17.602+0800][0.016s][gc,init] Initializing The Z Garbage Collector
[2024-07-21T21:45:17.602+0800][0.017s][gc,init] Version: 17.0.2+8-86 (release)
[2024-07-21T21:45:17.602+0800][0.017s][gc,init] NUMA Support: Disabled
[2024-07-21T21:45:17.602+0800][0.017s][gc,init] CPUs: 8 total, 8 available
[2024-07-21T21:45:17.602+0800][0.017s][gc,init] Memory: 16281M
[2024-07-21T21:45:17.602+0800][0.017s][gc,init] Large Page Support: Disabled
[2024-07-21T21:45:17.602+0800][0.017s][gc,init] GC Workers: 2 (dynamic)
[2024-07-21T21:45:17.603+0800][0.018s][gc,init] Address Space Type: Contiguous/Unrestricted/Complete
[2024-07-21T21:45:17.603+0800][0.018s][gc,init] Address Space Size: 32768M x 3 = 98304M
[2024-07-21T21:45:17.604+0800][0.018s][gc,init] Min Capacity: 8M
[2024-07-21T21:45:17.604+0800][0.019s][gc,init] Initial Capacity: 256M
[2024-07-21T21:45:17.604+0800][0.019s][gc,init] Max Capacity: 2048M
[2024-07-21T21:45:17.604+0800][0.019s][gc,init] Medium Page Size: 32M
[2024-07-21T21:45:17.604+0800][0.019s][gc,init] Pre-touch: Disabled
[2024-07-21T21:45:17.604+0800][0.019s][gc,init] Uncommit: Enabled
[2024-07-21T21:45:17.604+0800][0.019s][gc,init] Uncommit Delay: 300s
[2024-07-21T21:45:17.620+0800][0.035s][gc,init] Runtime Workers: 5
[2024-07-21T21:45:17.621+0800][0.036s][gc     ] Using The Z Garbage Collector
[2024-07-21T21:45:17.622+0800][0.036s][gc,metaspace] CDS archive(s) mapped at: [0x0000000800000000-0x0000000800bc0000-0x0000000800bc0000), size 12320768, SharedBaseAddress: 0x0000000800000000, ArchiveRelocationMode: 0.
[2024-07-21T21:45:17.622+0800][0.036s][gc,metaspace] Compressed class space mapped at: 0x0000000800c00000-0x0000000840c00000, reserved size: 1073741824
[2024-07-21T21:45:17.622+0800][0.036s][gc,metaspace] Narrow klass base: 0x0000000800000000, Narrow klass shift: 0, Narrow klass range: 0x100000000
[2024-07-21T21:45:18.357+0800][0.771s][gc,start    ] GC(0) Garbage Collection (Warmup)
[2024-07-21T21:45:18.357+0800][0.772s][gc,task     ] GC(0) Using 2 workers
[2024-07-21T21:45:18.357+0800][0.772s][gc,phases   ] GC(0) Pause Mark Start 0.008ms
[2024-07-21T21:45:18.372+0800][0.786s][gc,phases   ] GC(0) Concurrent Mark 14.324ms
[2024-07-21T21:45:18.372+0800][0.786s][gc,phases   ] GC(0) Pause Mark End 0.023ms
[2024-07-21T21:45:18.372+0800][0.786s][gc,phases   ] GC(0) Concurrent Mark Free 0.001ms
[2024-07-21T21:45:18.372+0800][0.787s][gc,phases   ] GC(0) Concurrent Process Non-Strong References 0.541ms
[2024-07-21T21:45:18.372+0800][0.787s][gc,phases   ] GC(0) Concurrent Reset Relocation Set 0.001ms
[2024-07-21T21:45:18.384+0800][0.799s][gc,phases   ] GC(0) Concurrent Select Relocation Set 12.225ms
[2024-07-21T21:45:18.384+0800][0.799s][gc,phases   ] GC(0) Pause Relocate Start 0.011ms
[2024-07-21T21:45:18.387+0800][0.802s][gc,phases   ] GC(0) Concurrent Relocate 2.484ms
[2024-07-21T21:45:18.387+0800][0.802s][gc,load     ] GC(0) Load: 0.00/0.00/0.00
[2024-07-21T21:45:18.387+0800][0.802s][gc,mmu      ] GC(0) MMU: 2ms/98.9%, 5ms/99.5%, 10ms/99.8%, 20ms/99.8%, 50ms/99.9%, 100ms/100.0%
[2024-07-21T21:45:18.387+0800][0.802s][gc,marking  ] GC(0) Mark: 2 stripe(s), 2 proactive flush(es), 1 terminate flush(es), 0 completion(s), 0 continuation(s) 
[2024-07-21T21:45:18.387+0800][0.802s][gc,marking  ] GC(0) Mark Stack Usage: 32M
[2024-07-21T21:45:18.387+0800][0.802s][gc,nmethod  ] GC(0) NMethods: 317 registered, 0 unregistered
[2024-07-21T21:45:18.387+0800][0.802s][gc,metaspace] GC(0) Metaspace: 1M used, 1M committed, 1032M reserved
[2024-07-21T21:45:18.387+0800][0.802s][gc,ref      ] GC(0) Soft: 53 encountered, 0 discovered, 0 enqueued
[2024-07-21T21:45:18.387+0800][0.802s][gc,ref      ] GC(0) Weak: 153 encountered, 37 discovered, 36 enqueued
[2024-07-21T21:45:18.387+0800][0.802s][gc,ref      ] GC(0) Final: 0 encountered, 0 discovered, 0 enqueued
[2024-07-21T21:45:18.387+0800][0.802s][gc,ref      ] GC(0) Phantom: 217 encountered, 157 discovered, 33 enqueued
[2024-07-21T21:45:18.387+0800][0.802s][gc,reloc    ] GC(0) Small Pages: 6 / 12M, Empty: 0M, Relocated: 1M, In-Place: 0
[2024-07-21T21:45:18.387+0800][0.802s][gc,reloc    ] GC(0) Medium Pages: 7 / 224M, Empty: 160M, Relocated: 1M, In-Place: 0
[2024-07-21T21:45:18.387+0800][0.803s][gc,reloc    ] GC(0) Large Pages: 0 / 0M, Empty: 0M, Relocated: 0M, In-Place: 0
[2024-07-21T21:45:18.387+0800][0.803s][gc,reloc    ] GC(0) Forwarding Usage: 0M
[2024-07-21T21:45:18.388+0800][0.803s][gc,heap     ] GC(0) Min Capacity: 8M(0%)
[2024-07-21T21:45:18.388+0800][0.803s][gc,heap     ] GC(0) Max Capacity: 2048M(100%)
[2024-07-21T21:45:18.388+0800][0.803s][gc,heap     ] GC(0) Soft Max Capacity: 2048M(100%)
[2024-07-21T21:45:18.388+0800][0.803s][gc,heap     ] GC(0)                Mark Start          Mark End        Relocate Start      Relocate End           High               Low         
[2024-07-21T21:45:18.388+0800][0.803s][gc,heap     ] GC(0)  Capacity:      256M (12%)         288M (14%)         288M (14%)         288M (14%)         288M (14%)         256M (12%)    
[2024-07-21T21:45:18.388+0800][0.803s][gc,heap     ] GC(0)      Free:     1812M (88%)        1778M (87%)        1938M (95%)        1976M (96%)        1976M (96%)        1778M (87%)    
[2024-07-21T21:45:18.388+0800][0.803s][gc,heap     ] GC(0)      Used:      236M (12%)         270M (13%)         110M (5%)           72M (4%)          270M (13%)          72M (4%)     
[2024-07-21T21:45:18.388+0800][0.803s][gc,heap     ] GC(0)      Live:         -                 5M (0%)            5M (0%)            5M (0%)             -                  -          
[2024-07-21T21:45:18.388+0800][0.803s][gc,heap     ] GC(0) Allocated:         -                34M (2%)           34M (2%)           34M (2%)             -                  -          
[2024-07-21T21:45:18.388+0800][0.803s][gc,heap     ] GC(0)   Garbage:         -               230M (11%)          70M (3%)           32M (2%)             -                  -          
[2024-07-21T21:45:18.388+0800][0.803s][gc,heap     ] GC(0) Reclaimed:         -                  -               160M (8%)          198M (10%)            -                  -          
[2024-07-21T21:45:18.388+0800][0.803s][gc          ] GC(0) Garbage Collection (Warmup) 236M(12%)->72M(4%)
[2024-07-21T21:45:19.164+0800][1.578s][gc,start    ] GC(1) Garbage Collection (Warmup)
[2024-07-21T21:45:19.164+0800][1.578s][gc,task     ] GC(1) Using 2 workers
[2024-07-21T21:45:19.164+0800][1.578s][gc,phases   ] GC(1) Pause Mark Start 0.009ms
[2024-07-21T21:45:19.180+0800][1.594s][gc,phases   ] GC(1) Concurrent Mark 15.614ms
[2024-07-21T21:45:19.180+0800][1.594s][gc,phases   ] GC(1) Pause Mark End 0.009ms
[2024-07-21T21:45:19.180+0800][1.594s][gc,phases   ] GC(1) Concurrent Mark Free 0.002ms
[2024-07-21T21:45:19.181+0800][1.595s][gc,phases   ] GC(1) Concurrent Process Non-Strong References 0.745ms
[2024-07-21T21:45:19.181+0800][1.595s][gc,phases   ] GC(1) Concurrent Reset Relocation Set 0.001ms
[2024-07-21T21:45:19.183+0800][1.597s][gc,phases   ] GC(1) Concurrent Select Relocation Set 1.778ms
[2024-07-21T21:45:19.183+0800][1.597s][gc,phases   ] GC(1) Pause Relocate Start 0.006ms
[2024-07-21T21:45:19.188+0800][1.602s][gc,phases   ] GC(1) Concurrent Relocate 5.050ms
[2024-07-21T21:45:19.188+0800][1.602s][gc,load     ] GC(1) Load: 0.00/0.00/0.00
[2024-07-21T21:45:19.188+0800][1.602s][gc,mmu      ] GC(1) MMU: 2ms/98.9%, 5ms/99.5%, 10ms/99.8%, 20ms/99.8%, 50ms/99.9%, 100ms/100.0%
[2024-07-21T21:45:19.188+0800][1.602s][gc,marking  ] GC(1) Mark: 2 stripe(s), 2 proactive flush(es), 1 terminate flush(es), 0 completion(s), 0 continuation(s) 
[2024-07-21T21:45:19.188+0800][1.602s][gc,marking  ] GC(1) Mark Stack Usage: 32M
[2024-07-21T21:45:19.188+0800][1.602s][gc,nmethod  ] GC(1) NMethods: 364 registered, 0 unregistered
[2024-07-21T21:45:19.188+0800][1.602s][gc,metaspace] GC(1) Metaspace: 1M used, 1M committed, 1032M reserved
[2024-07-21T21:45:19.188+0800][1.602s][gc,ref      ] GC(1) Soft: 93 encountered, 0 discovered, 0 enqueued
[2024-07-21T21:45:19.188+0800][1.602s][gc,ref      ] GC(1) Weak: 136 encountered, 10 discovered, 5 enqueued
[2024-07-21T21:45:19.188+0800][1.603s][gc,ref      ] GC(1) Final: 0 encountered, 0 discovered, 0 enqueued
[2024-07-21T21:45:19.188+0800][1.603s][gc,ref      ] GC(1) Phantom: 189 encountered, 99 discovered, 5 enqueued
[2024-07-21T21:45:19.188+0800][1.603s][gc,reloc    ] GC(1) Small Pages: 6 / 12M, Empty: 2M, Relocated: 1M, In-Place: 0
[2024-07-21T21:45:19.188+0800][1.603s][gc,reloc    ] GC(1) Medium Pages: 13 / 416M, Empty: 320M, Relocated: 11M, In-Place: 0
[2024-07-21T21:45:19.188+0800][1.603s][gc,reloc    ] GC(1) Large Pages: 0 / 0M, Empty: 0M, Relocated: 0M, In-Place: 0
[2024-07-21T21:45:19.188+0800][1.603s][gc,reloc    ] GC(1) Forwarding Usage: 0M
[2024-07-21T21:45:19.188+0800][1.603s][gc,heap     ] GC(1) Min Capacity: 8M(0%)
[2024-07-21T21:45:19.188+0800][1.603s][gc,heap     ] GC(1) Max Capacity: 2048M(100%)
[2024-07-21T21:45:19.188+0800][1.603s][gc,heap     ] GC(1) Soft Max Capacity: 2048M(100%)
[2024-07-21T21:45:19.188+0800][1.603s][gc,heap     ] GC(1)                Mark Start          Mark End        Relocate Start      Relocate End           High               Low         
[2024-07-21T21:45:19.188+0800][1.603s][gc,heap     ] GC(1)  Capacity:      448M (22%)         480M (23%)         480M (23%)         480M (23%)         480M (23%)         448M (22%)    
[2024-07-21T21:45:19.188+0800][1.603s][gc,heap     ] GC(1)      Free:     1620M (79%)        1586M (77%)        1908M (93%)        1976M (96%)        1976M (96%)        1586M (77%)    
[2024-07-21T21:45:19.188+0800][1.603s][gc,heap     ] GC(1)      Used:      428M (21%)         462M (23%)         140M (7%)           72M (4%)          462M (23%)          72M (4%)     
[2024-07-21T21:45:19.188+0800][1.603s][gc,heap     ] GC(1)      Live:         -                15M (1%)           15M (1%)           15M (1%)             -                  -          
[2024-07-21T21:45:19.188+0800][1.603s][gc,heap     ] GC(1) Allocated:         -                34M (2%)           34M (2%)           34M (2%)             -                  -          
[2024-07-21T21:45:19.188+0800][1.603s][gc,heap     ] GC(1)   Garbage:         -               412M (20%)          90M (4%)           22M (1%)             -                  -          
[2024-07-21T21:45:19.188+0800][1.603s][gc,heap     ] GC(1) Reclaimed:         -                  -               322M (16%)         390M (19%)            -                  -          
[2024-07-21T21:45:19.188+0800][1.603s][gc          ] GC(1) Garbage Collection (Warmup) 428M(21%)->72M(4%)
[2024-07-21T21:45:20.170+0800][2.584s][gc,start    ] GC(2) Garbage Collection (Warmup)
[2024-07-21T21:45:20.170+0800][2.584s][gc,task     ] GC(2) Using 2 workers
[2024-07-21T21:45:20.170+0800][2.584s][gc,phases   ] GC(2) Pause Mark Start 0.007ms
[2024-07-21T21:45:20.186+0800][2.600s][gc,phases   ] GC(2) Concurrent Mark 15.541ms
[2024-07-21T21:45:20.186+0800][2.600s][gc,phases   ] GC(2) Pause Mark End 0.009ms
[2024-07-21T21:45:20.186+0800][2.600s][gc,phases   ] GC(2) Concurrent Mark Free 0.001ms
[2024-07-21T21:45:20.187+0800][2.601s][gc,phases   ] GC(2) Concurrent Process Non-Strong References 0.892ms
[2024-07-21T21:45:20.187+0800][2.601s][gc,phases   ] GC(2) Concurrent Reset Relocation Set 0.001ms
[2024-07-21T21:45:20.189+0800][2.603s][gc,phases   ] GC(2) Concurrent Select Relocation Set 1.885ms
[2024-07-21T21:45:20.189+0800][2.603s][gc,phases   ] GC(2) Pause Relocate Start 0.007ms
[2024-07-21T21:45:20.192+0800][2.606s][gc,phases   ] GC(2) Concurrent Relocate 2.728ms
[2024-07-21T21:45:20.192+0800][2.606s][gc,load     ] GC(2) Load: 0.00/0.00/0.00
[2024-07-21T21:45:20.192+0800][2.606s][gc,mmu      ] GC(2) MMU: 2ms/98.9%, 5ms/99.5%, 10ms/99.8%, 20ms/99.8%, 50ms/99.9%, 100ms/100.0%
[2024-07-21T21:45:20.192+0800][2.606s][gc,marking  ] GC(2) Mark: 2 stripe(s), 2 proactive flush(es), 1 terminate flush(es), 0 completion(s), 0 continuation(s) 
[2024-07-21T21:45:20.192+0800][2.606s][gc,marking  ] GC(2) Mark Stack Usage: 32M
[2024-07-21T21:45:20.192+0800][2.606s][gc,nmethod  ] GC(2) NMethods: 373 registered, 0 unregistered
[2024-07-21T21:45:20.192+0800][2.606s][gc,metaspace] GC(2) Metaspace: 1M used, 1M committed, 1032M reserved
[2024-07-21T21:45:20.192+0800][2.606s][gc,ref      ] GC(2) Soft: 93 encountered, 0 discovered, 0 enqueued
[2024-07-21T21:45:20.192+0800][2.606s][gc,ref      ] GC(2) Weak: 131 encountered, 2 discovered, 0 enqueued
[2024-07-21T21:45:20.192+0800][2.606s][gc,ref      ] GC(2) Final: 0 encountered, 0 discovered, 0 enqueued
[2024-07-21T21:45:20.192+0800][2.606s][gc,ref      ] GC(2) Phantom: 184 encountered, 113 discovered, 0 enqueued
[2024-07-21T21:45:20.192+0800][2.606s][gc,reloc    ] GC(2) Small Pages: 4 / 8M, Empty: 2M, Relocated: 0M, In-Place: 0
[2024-07-21T21:45:20.192+0800][2.606s][gc,reloc    ] GC(2) Medium Pages: 19 / 608M, Empty: 544M, Relocated: 11M, In-Place: 0
[2024-07-21T21:45:20.192+0800][2.606s][gc,reloc    ] GC(2) Large Pages: 0 / 0M, Empty: 0M, Relocated: 0M, In-Place: 0
[2024-07-21T21:45:20.192+0800][2.606s][gc,reloc    ] GC(2) Forwarding Usage: 0M
[2024-07-21T21:45:20.192+0800][2.606s][gc,heap     ] GC(2) Min Capacity: 8M(0%)
[2024-07-21T21:45:20.192+0800][2.606s][gc,heap     ] GC(2) Max Capacity: 2048M(100%)
[2024-07-21T21:45:20.192+0800][2.606s][gc,heap     ] GC(2) Soft Max Capacity: 2048M(100%)
[2024-07-21T21:45:20.192+0800][2.607s][gc,heap     ] GC(2)                Mark Start          Mark End        Relocate Start      Relocate End           High               Low         
[2024-07-21T21:45:20.192+0800][2.607s][gc,heap     ] GC(2)  Capacity:      640M (31%)         672M (33%)         672M (33%)         672M (33%)         672M (33%)         640M (31%)    
[2024-07-21T21:45:20.192+0800][2.607s][gc,heap     ] GC(2)      Free:     1432M (70%)        1398M (68%)        1944M (95%)        1976M (96%)        1976M (96%)        1398M (68%)    
[2024-07-21T21:45:20.192+0800][2.607s][gc,heap     ] GC(2)      Used:      616M (30%)         650M (32%)         104M (5%)           72M (4%)          650M (32%)          72M (4%)     
[2024-07-21T21:45:20.192+0800][2.607s][gc,heap     ] GC(2)      Live:         -                15M (1%)           15M (1%)           15M (1%)             -                  -          
[2024-07-21T21:45:20.192+0800][2.607s][gc,heap     ] GC(2) Allocated:         -                34M (2%)           34M (2%)           34M (2%)             -                  -          
[2024-07-21T21:45:20.192+0800][2.607s][gc,heap     ] GC(2)   Garbage:         -               600M (29%)          54M (3%)           22M (1%)             -                  -          
[2024-07-21T21:45:20.192+0800][2.607s][gc,heap     ] GC(2) Reclaimed:         -                  -               546M (27%)         578M (28%)            -                  -          
[2024-07-21T21:45:20.192+0800][2.607s][gc          ] GC(2) Garbage Collection (Warmup) 616M(30%)->72M(4%)
[2024-07-21T21:45:22.067+0800][4.481s][gc,start    ] GC(3) Garbage Collection (Proactive)
[2024-07-21T21:45:22.067+0800][4.481s][gc,task     ] GC(3) Using 2 workers
[2024-07-21T21:45:22.067+0800][4.482s][gc,phases   ] GC(3) Pause Mark Start 0.009ms
[2024-07-21T21:45:22.083+0800][4.497s][gc,phases   ] GC(3) Concurrent Mark 15.545ms
[2024-07-21T21:45:22.083+0800][4.498s][gc,phases   ] GC(3) Pause Mark End 0.011ms
[2024-07-21T21:45:22.083+0800][4.498s][gc,phases   ] GC(3) Concurrent Mark Free 0.001ms
[2024-07-21T21:45:22.084+0800][4.499s][gc,phases   ] GC(3) Concurrent Process Non-Strong References 0.834ms
[2024-07-21T21:45:22.084+0800][4.499s][gc,phases   ] GC(3) Concurrent Reset Relocation Set 0.001ms
[2024-07-21T21:45:22.086+0800][4.500s][gc,phases   ] GC(3) Concurrent Select Relocation Set 1.629ms
[2024-07-21T21:45:22.086+0800][4.500s][gc,phases   ] GC(3) Pause Relocate Start 0.006ms
[2024-07-21T21:45:22.087+0800][4.502s][gc,phases   ] GC(3) Concurrent Relocate 1.292ms
[2024-07-21T21:45:22.088+0800][4.502s][gc,load     ] GC(3) Load: 0.00/0.00/0.00
[2024-07-21T21:45:22.088+0800][4.502s][gc,mmu      ] GC(3) MMU: 2ms/98.9%, 5ms/99.5%, 10ms/99.8%, 20ms/99.8%, 50ms/99.9%, 100ms/100.0%
[2024-07-21T21:45:22.088+0800][4.502s][gc,marking  ] GC(3) Mark: 2 stripe(s), 1 proactive flush(es), 1 terminate flush(es), 0 completion(s), 0 continuation(s) 
[2024-07-21T21:45:22.088+0800][4.502s][gc,marking  ] GC(3) Mark Stack Usage: 32M
[2024-07-21T21:45:22.088+0800][4.502s][gc,nmethod  ] GC(3) NMethods: 402 registered, 0 unregistered
[2024-07-21T21:45:22.088+0800][4.502s][gc,metaspace] GC(3) Metaspace: 1M used, 1M committed, 1032M reserved
[2024-07-21T21:45:22.088+0800][4.502s][gc,ref      ] GC(3) Soft: 93 encountered, 0 discovered, 0 enqueued
[2024-07-21T21:45:22.088+0800][4.502s][gc,ref      ] GC(3) Weak: 131 encountered, 1 discovered, 0 enqueued
[2024-07-21T21:45:22.088+0800][4.502s][gc,ref      ] GC(3) Final: 0 encountered, 0 discovered, 0 enqueued
[2024-07-21T21:45:22.088+0800][4.502s][gc,ref      ] GC(3) Phantom: 184 encountered, 66 discovered, 0 enqueued
[2024-07-21T21:45:22.088+0800][4.502s][gc,reloc    ] GC(3) Small Pages: 5 / 10M, Empty: 0M, Relocated: 1M, In-Place: 0
[2024-07-21T21:45:22.088+0800][4.502s][gc,reloc    ] GC(3) Medium Pages: 32 / 1024M, Empty: 992M, Relocated: 0M, In-Place: 0
[2024-07-21T21:45:22.088+0800][4.502s][gc,reloc    ] GC(3) Large Pages: 0 / 0M, Empty: 0M, Relocated: 0M, In-Place: 0
[2024-07-21T21:45:22.088+0800][4.502s][gc,reloc    ] GC(3) Forwarding Usage: 0M
[2024-07-21T21:45:22.088+0800][4.502s][gc,heap     ] GC(3) Min Capacity: 8M(0%)
[2024-07-21T21:45:22.088+0800][4.502s][gc,heap     ] GC(3) Max Capacity: 2048M(100%)
[2024-07-21T21:45:22.088+0800][4.502s][gc,heap     ] GC(3) Soft Max Capacity: 2048M(100%)
[2024-07-21T21:45:22.088+0800][4.502s][gc,heap     ] GC(3)                Mark Start          Mark End        Relocate Start      Relocate End           High               Low         
[2024-07-21T21:45:22.088+0800][4.502s][gc,heap     ] GC(3)  Capacity:     1056M (52%)        1088M (53%)        1088M (53%)        1088M (53%)        1088M (53%)        1056M (52%)    
[2024-07-21T21:45:22.088+0800][4.502s][gc,heap     ] GC(3)      Free:     1014M (50%)         980M (48%)        1972M (96%)        1976M (96%)        1976M (96%)         980M (48%)    
[2024-07-21T21:45:22.088+0800][4.502s][gc,heap     ] GC(3)      Used:     1034M (50%)        1068M (52%)          76M (4%)           72M (4%)         1068M (52%)          72M (4%)     
[2024-07-21T21:45:22.088+0800][4.502s][gc,heap     ] GC(3)      Live:         -                 4M (0%)            4M (0%)            4M (0%)             -                  -          
[2024-07-21T21:45:22.088+0800][4.502s][gc,heap     ] GC(3) Allocated:         -                34M (2%)           34M (2%)           34M (2%)             -                  -          
[2024-07-21T21:45:22.088+0800][4.502s][gc,heap     ] GC(3)   Garbage:         -              1029M (50%)          37M (2%)           33M (2%)             -                  -          
[2024-07-21T21:45:22.088+0800][4.502s][gc,heap     ] GC(3) Reclaimed:         -                  -               992M (48%)         996M (49%)            -                  -          
[2024-07-21T21:45:22.088+0800][4.502s][gc          ] GC(3) Garbage Collection (Proactive) 1034M(50%)->72M(4%)
[2024-07-21T21:45:23.569+0800][5.983s][gc,start    ] GC(4) Garbage Collection (Proactive)
[2024-07-21T21:45:23.569+0800][5.983s][gc,task     ] GC(4) Using 2 workers
[2024-07-21T21:45:23.569+0800][5.984s][gc,phases   ] GC(4) Pause Mark Start 0.013ms
[2024-07-21T21:45:23.585+0800][5.999s][gc,phases   ] GC(4) Concurrent Mark 15.623ms
[2024-07-21T21:45:23.585+0800][6.000s][gc,phases   ] GC(4) Pause Mark End 0.010ms
[2024-07-21T21:45:23.585+0800][6.000s][gc,phases   ] GC(4) Concurrent Mark Free 0.001ms
[2024-07-21T21:45:23.586+0800][6.000s][gc,phases   ] GC(4) Concurrent Process Non-Strong References 0.727ms
[2024-07-21T21:45:23.586+0800][6.000s][gc,phases   ] GC(4) Concurrent Reset Relocation Set 0.001ms
[2024-07-21T21:45:23.588+0800][6.003s][gc,phases   ] GC(4) Concurrent Select Relocation Set 2.331ms
[2024-07-21T21:45:23.589+0800][6.003s][gc,phases   ] GC(4) Pause Relocate Start 0.007ms
[2024-07-21T21:45:23.591+0800][6.006s][gc,phases   ] GC(4) Concurrent Relocate 2.372ms
[2024-07-21T21:45:23.591+0800][6.006s][gc,load     ] GC(4) Load: 0.00/0.00/0.00
[2024-07-21T21:45:23.591+0800][6.006s][gc,mmu      ] GC(4) MMU: 2ms/98.9%, 5ms/99.5%, 10ms/99.8%, 20ms/99.8%, 50ms/99.9%, 100ms/100.0%
[2024-07-21T21:45:23.591+0800][6.006s][gc,marking  ] GC(4) Mark: 2 stripe(s), 2 proactive flush(es), 1 terminate flush(es), 0 completion(s), 0 continuation(s) 
[2024-07-21T21:45:23.591+0800][6.006s][gc,marking  ] GC(4) Mark Stack Usage: 32M
[2024-07-21T21:45:23.591+0800][6.006s][gc,nmethod  ] GC(4) NMethods: 427 registered, 0 unregistered
[2024-07-21T21:45:23.591+0800][6.006s][gc,metaspace] GC(4) Metaspace: 1M used, 1M committed, 1032M reserved
[2024-07-21T21:45:23.591+0800][6.006s][gc,ref      ] GC(4) Soft: 93 encountered, 0 discovered, 0 enqueued
[2024-07-21T21:45:23.591+0800][6.006s][gc,ref      ] GC(4) Weak: 131 encountered, 4 discovered, 0 enqueued
[2024-07-21T21:45:23.591+0800][6.006s][gc,ref      ] GC(4) Final: 0 encountered, 0 discovered, 0 enqueued
[2024-07-21T21:45:23.591+0800][6.006s][gc,ref      ] GC(4) Phantom: 184 encountered, 179 discovered, 0 enqueued
[2024-07-21T21:45:23.591+0800][6.006s][gc,reloc    ] GC(4) Small Pages: 4 / 8M, Empty: 2M, Relocated: 0M, In-Place: 0
[2024-07-21T21:45:23.591+0800][6.006s][gc,reloc    ] GC(4) Medium Pages: 32 / 1024M, Empty: 928M, Relocated: 13M, In-Place: 0
[2024-07-21T21:45:23.591+0800][6.006s][gc,reloc    ] GC(4) Large Pages: 0 / 0M, Empty: 0M, Relocated: 0M, In-Place: 0
[2024-07-21T21:45:23.591+0800][6.006s][gc,reloc    ] GC(4) Forwarding Usage: 0M
[2024-07-21T21:45:23.591+0800][6.006s][gc,heap     ] GC(4) Min Capacity: 8M(0%)
[2024-07-21T21:45:23.591+0800][6.006s][gc,heap     ] GC(4) Max Capacity: 2048M(100%)
[2024-07-21T21:45:23.591+0800][6.006s][gc,heap     ] GC(4) Soft Max Capacity: 2048M(100%)
[2024-07-21T21:45:23.591+0800][6.006s][gc,heap     ] GC(4)                Mark Start          Mark End        Relocate Start      Relocate End           High               Low         
[2024-07-21T21:45:23.591+0800][6.006s][gc,heap     ] GC(4)  Capacity:     1088M (53%)        1088M (53%)        1088M (53%)        1088M (53%)        1088M (53%)        1088M (53%)    
[2024-07-21T21:45:23.591+0800][6.006s][gc,heap     ] GC(4)      Free:     1016M (50%)         982M (48%)        1912M (93%)        1976M (96%)        1976M (96%)         982M (48%)    
[2024-07-21T21:45:23.591+0800][6.006s][gc,heap     ] GC(4)      Used:     1032M (50%)        1066M (52%)         136M (7%)           72M (4%)         1066M (52%)          72M (4%)     
[2024-07-21T21:45:23.591+0800][6.006s][gc,heap     ] GC(4)      Live:         -                17M (1%)           17M (1%)           17M (1%)             -                  -          
[2024-07-21T21:45:23.592+0800][6.006s][gc,heap     ] GC(4) Allocated:         -                34M (2%)           34M (2%)           34M (2%)             -                  -          
[2024-07-21T21:45:23.592+0800][6.006s][gc,heap     ] GC(4)   Garbage:         -              1014M (50%)          84M (4%)           20M (1%)             -                  -          
[2024-07-21T21:45:23.592+0800][6.006s][gc,heap     ] GC(4) Reclaimed:         -                  -               930M (45%)         994M (49%)            -                  -          
[2024-07-21T21:45:23.592+0800][6.006s][gc          ] GC(4) Garbage Collection (Proactive) 1032M(50%)->72M(4%)
[2024-07-21T21:45:24.960+0800][7.374s][gc,start    ] GC(5) Garbage Collection (Proactive)
[2024-07-21T21:45:24.960+0800][7.375s][gc,task     ] GC(5) Using 2 workers
[2024-07-21T21:45:24.960+0800][7.375s][gc,phases   ] GC(5) Pause Mark Start 0.008ms
[2024-07-21T21:45:24.976+0800][7.390s][gc,phases   ] GC(5) Concurrent Mark 15.360ms
[2024-07-21T21:45:24.976+0800][7.391s][gc,phases   ] GC(5) Pause Mark End 0.024ms
[2024-07-21T21:45:24.976+0800][7.391s][gc,phases   ] GC(5) Concurrent Mark Free 0.001ms
[2024-07-21T21:45:24.977+0800][7.392s][gc,phases   ] GC(5) Concurrent Process Non-Strong References 0.747ms
[2024-07-21T21:45:24.977+0800][7.392s][gc,phases   ] GC(5) Concurrent Reset Relocation Set 0.001ms
[2024-07-21T21:45:24.980+0800][7.395s][gc,phases   ] GC(5) Concurrent Select Relocation Set 3.020ms
[2024-07-21T21:45:24.980+0800][7.395s][gc,phases   ] GC(5) Pause Relocate Start 0.020ms
[2024-07-21T21:45:24.983+0800][7.397s][gc,phases   ] GC(5) Concurrent Relocate 2.092ms
[2024-07-21T21:45:24.983+0800][7.397s][gc,load     ] GC(5) Load: 0.00/0.00/0.00
[2024-07-21T21:45:24.983+0800][7.397s][gc,mmu      ] GC(5) MMU: 2ms/98.8%, 5ms/99.1%, 10ms/99.6%, 20ms/99.7%, 50ms/99.9%, 100ms/99.9%
[2024-07-21T21:45:24.983+0800][7.397s][gc,marking  ] GC(5) Mark: 2 stripe(s), 2 proactive flush(es), 1 terminate flush(es), 0 completion(s), 0 continuation(s) 
[2024-07-21T21:45:24.983+0800][7.397s][gc,marking  ] GC(5) Mark Stack Usage: 32M
[2024-07-21T21:45:24.983+0800][7.397s][gc,nmethod  ] GC(5) NMethods: 435 registered, 0 unregistered
[2024-07-21T21:45:24.983+0800][7.397s][gc,metaspace] GC(5) Metaspace: 1M used, 1M committed, 1032M reserved
[2024-07-21T21:45:24.983+0800][7.397s][gc,ref      ] GC(5) Soft: 93 encountered, 0 discovered, 0 enqueued
[2024-07-21T21:45:24.983+0800][7.397s][gc,ref      ] GC(5) Weak: 131 encountered, 2 discovered, 0 enqueued
[2024-07-21T21:45:24.983+0800][7.397s][gc,ref      ] GC(5) Final: 0 encountered, 0 discovered, 0 enqueued
[2024-07-21T21:45:24.983+0800][7.397s][gc,ref      ] GC(5) Phantom: 184 encountered, 130 discovered, 0 enqueued
[2024-07-21T21:45:24.983+0800][7.397s][gc,reloc    ] GC(5) Small Pages: 4 / 8M, Empty: 2M, Relocated: 0M, In-Place: 0
[2024-07-21T21:45:24.983+0800][7.397s][gc,reloc    ] GC(5) Medium Pages: 30 / 960M, Empty: 864M, Relocated: 14M, In-Place: 0
[2024-07-21T21:45:24.983+0800][7.397s][gc,reloc    ] GC(5) Large Pages: 0 / 0M, Empty: 0M, Relocated: 0M, In-Place: 0
[2024-07-21T21:45:24.983+0800][7.397s][gc,reloc    ] GC(5) Forwarding Usage: 0M
[2024-07-21T21:45:24.983+0800][7.397s][gc,heap     ] GC(5) Min Capacity: 8M(0%)
[2024-07-21T21:45:24.983+0800][7.397s][gc,heap     ] GC(5) Max Capacity: 2048M(100%)
[2024-07-21T21:45:24.983+0800][7.397s][gc,heap     ] GC(5) Soft Max Capacity: 2048M(100%)
[2024-07-21T21:45:24.983+0800][7.397s][gc,heap     ] GC(5)                Mark Start          Mark End        Relocate Start      Relocate End           High               Low         
[2024-07-21T21:45:24.983+0800][7.397s][gc,heap     ] GC(5)  Capacity:     1088M (53%)        1088M (53%)        1088M (53%)        1088M (53%)        1088M (53%)        1088M (53%)    
[2024-07-21T21:45:24.983+0800][7.397s][gc,heap     ] GC(5)      Free:     1080M (53%)        1046M (51%)        1912M (93%)        1976M (96%)        1976M (96%)        1046M (51%)    
[2024-07-21T21:45:24.983+0800][7.397s][gc,heap     ] GC(5)      Used:      968M (47%)        1002M (49%)         136M (7%)           72M (4%)         1002M (49%)          72M (4%)     
[2024-07-21T21:45:24.983+0800][7.397s][gc,heap     ] GC(5)      Live:         -                18M (1%)           18M (1%)           18M (1%)             -                  -          
[2024-07-21T21:45:24.983+0800][7.397s][gc,heap     ] GC(5) Allocated:         -                34M (2%)           34M (2%)           34M (2%)             -                  -          
[2024-07-21T21:45:24.983+0800][7.397s][gc,heap     ] GC(5)   Garbage:         -               949M (46%)          83M (4%)           19M (1%)             -                  -          
[2024-07-21T21:45:24.983+0800][7.398s][gc,heap     ] GC(5) Reclaimed:         -                  -               866M (42%)         930M (45%)            -                  -          
[2024-07-21T21:45:24.983+0800][7.398s][gc          ] GC(5) Garbage Collection (Proactive) 968M(47%)->72M(4%)
[2024-07-21T21:45:26.271+0800][8.686s][gc,start    ] GC(6) Garbage Collection (Proactive)
[2024-07-21T21:45:26.271+0800][8.686s][gc,task     ] GC(6) Using 2 workers
[2024-07-21T21:45:26.271+0800][8.686s][gc,phases   ] GC(6) Pause Mark Start 0.005ms
[2024-07-21T21:45:26.287+0800][8.702s][gc,phases   ] GC(6) Concurrent Mark 15.601ms
[2024-07-21T21:45:26.287+0800][8.702s][gc,phases   ] GC(6) Pause Mark End 0.015ms
[2024-07-21T21:45:26.287+0800][8.702s][gc,phases   ] GC(6) Concurrent Mark Free 0.001ms
[2024-07-21T21:45:26.288+0800][8.702s][gc,phases   ] GC(6) Concurrent Process Non-Strong References 0.548ms
[2024-07-21T21:45:26.288+0800][8.702s][gc,phases   ] GC(6) Concurrent Reset Relocation Set 0.001ms
[2024-07-21T21:45:26.290+0800][8.705s][gc,phases   ] GC(6) Concurrent Select Relocation Set 2.322ms
[2024-07-21T21:45:26.290+0800][8.705s][gc,phases   ] GC(6) Pause Relocate Start 0.009ms
[2024-07-21T21:45:26.293+0800][8.708s][gc,phases   ] GC(6) Concurrent Relocate 2.495ms
[2024-07-21T21:45:26.293+0800][8.708s][gc,load     ] GC(6) Load: 0.00/0.00/0.00
[2024-07-21T21:45:26.293+0800][8.708s][gc,mmu      ] GC(6) MMU: 2ms/98.8%, 5ms/99.1%, 10ms/99.6%, 20ms/99.7%, 50ms/99.9%, 100ms/99.9%
[2024-07-21T21:45:26.293+0800][8.708s][gc,marking  ] GC(6) Mark: 2 stripe(s), 2 proactive flush(es), 1 terminate flush(es), 0 completion(s), 0 continuation(s) 
[2024-07-21T21:45:26.293+0800][8.708s][gc,marking  ] GC(6) Mark Stack Usage: 32M
[2024-07-21T21:45:26.293+0800][8.708s][gc,nmethod  ] GC(6) NMethods: 436 registered, 0 unregistered
[2024-07-21T21:45:26.293+0800][8.708s][gc,metaspace] GC(6) Metaspace: 1M used, 1M committed, 1032M reserved
[2024-07-21T21:45:26.293+0800][8.708s][gc,ref      ] GC(6) Soft: 93 encountered, 0 discovered, 0 enqueued
[2024-07-21T21:45:26.293+0800][8.708s][gc,ref      ] GC(6) Weak: 131 encountered, 2 discovered, 0 enqueued
[2024-07-21T21:45:26.293+0800][8.708s][gc,ref      ] GC(6) Final: 0 encountered, 0 discovered, 0 enqueued
[2024-07-21T21:45:26.293+0800][8.708s][gc,ref      ] GC(6) Phantom: 184 encountered, 92 discovered, 0 enqueued
[2024-07-21T21:45:26.293+0800][8.708s][gc,reloc    ] GC(6) Small Pages: 4 / 8M, Empty: 2M, Relocated: 0M, In-Place: 0
[2024-07-21T21:45:26.293+0800][8.708s][gc,reloc    ] GC(6) Medium Pages: 28 / 896M, Empty: 832M, Relocated: 13M, In-Place: 0
[2024-07-21T21:45:26.293+0800][8.708s][gc,reloc    ] GC(6) Large Pages: 0 / 0M, Empty: 0M, Relocated: 0M, In-Place: 0
[2024-07-21T21:45:26.293+0800][8.708s][gc,reloc    ] GC(6) Forwarding Usage: 0M
[2024-07-21T21:45:26.293+0800][8.708s][gc,heap     ] GC(6) Min Capacity: 8M(0%)
[2024-07-21T21:45:26.293+0800][8.708s][gc,heap     ] GC(6) Max Capacity: 2048M(100%)
[2024-07-21T21:45:26.293+0800][8.708s][gc,heap     ] GC(6) Soft Max Capacity: 2048M(100%)
[2024-07-21T21:45:26.293+0800][8.708s][gc,heap     ] GC(6)                Mark Start          Mark End        Relocate Start      Relocate End           High               Low         
[2024-07-21T21:45:26.293+0800][8.708s][gc,heap     ] GC(6)  Capacity:     1088M (53%)        1088M (53%)        1088M (53%)        1088M (53%)        1088M (53%)        1088M (53%)    
[2024-07-21T21:45:26.293+0800][8.708s][gc,heap     ] GC(6)      Free:     1144M (56%)        1110M (54%)        1944M (95%)        1976M (96%)        1976M (96%)        1110M (54%)    
[2024-07-21T21:45:26.293+0800][8.708s][gc,heap     ] GC(6)      Used:      904M (44%)         938M (46%)         104M (5%)           72M (4%)          938M (46%)          72M (4%)     
[2024-07-21T21:45:26.293+0800][8.708s][gc,heap     ] GC(6)      Live:         -                17M (1%)           17M (1%)           17M (1%)             -                  -          
[2024-07-21T21:45:26.293+0800][8.708s][gc,heap     ] GC(6) Allocated:         -                34M (2%)           34M (2%)           34M (2%)             -                  -          
[2024-07-21T21:45:26.293+0800][8.708s][gc,heap     ] GC(6)   Garbage:         -               886M (43%)          52M (3%)           20M (1%)             -                  -          
[2024-07-21T21:45:26.293+0800][8.708s][gc,heap     ] GC(6) Reclaimed:         -                  -               834M (41%)         866M (42%)            -                  -          
[2024-07-21T21:45:26.293+0800][8.708s][gc          ] GC(6) Garbage Collection (Proactive) 904M(44%)->72M(4%)
[2024-07-21T21:45:27.570+0800][9.985s][gc,start    ] GC(7) Garbage Collection (Proactive)
[2024-07-21T21:45:27.570+0800][9.985s][gc,task     ] GC(7) Using 2 workers
[2024-07-21T21:45:27.570+0800][9.985s][gc,phases   ] GC(7) Pause Mark Start 0.010ms
[2024-07-21T21:45:27.586+0800][10.001s][gc,phases   ] GC(7) Concurrent Mark 15.417ms
[2024-07-21T21:45:27.586+0800][10.001s][gc,phases   ] GC(7) Pause Mark End 0.026ms
[2024-07-21T21:45:27.586+0800][10.001s][gc,phases   ] GC(7) Concurrent Mark Free 0.001ms
[2024-07-21T21:45:27.587+0800][10.002s][gc,phases   ] GC(7) Concurrent Process Non-Strong References 0.876ms
[2024-07-21T21:45:27.587+0800][10.002s][gc,phases   ] GC(7) Concurrent Reset Relocation Set 0.001ms
[2024-07-21T21:45:27.590+0800][10.005s][gc,phases   ] GC(7) Concurrent Select Relocation Set 2.893ms
[2024-07-21T21:45:27.590+0800][10.005s][gc,phases   ] GC(7) Pause Relocate Start 0.008ms
[2024-07-21T21:45:27.592+0800][10.007s][gc,phases   ] GC(7) Concurrent Relocate 1.578ms
[2024-07-21T21:45:27.592+0800][10.007s][gc,load     ] GC(7) Load: 0.00/0.00/0.00
[2024-07-21T21:45:27.592+0800][10.007s][gc,mmu      ] GC(7) MMU: 2ms/98.7%, 5ms/99.1%, 10ms/99.6%, 20ms/99.7%, 50ms/99.9%, 100ms/99.9%
[2024-07-21T21:45:27.592+0800][10.007s][gc,marking  ] GC(7) Mark: 2 stripe(s), 2 proactive flush(es), 1 terminate flush(es), 0 completion(s), 0 continuation(s) 
[2024-07-21T21:45:27.592+0800][10.007s][gc,marking  ] GC(7) Mark Stack Usage: 32M
[2024-07-21T21:45:27.592+0800][10.007s][gc,nmethod  ] GC(7) NMethods: 447 registered, 0 unregistered
[2024-07-21T21:45:27.592+0800][10.007s][gc,metaspace] GC(7) Metaspace: 1M used, 1M committed, 1032M reserved
[2024-07-21T21:45:27.592+0800][10.007s][gc,ref      ] GC(7) Soft: 93 encountered, 0 discovered, 0 enqueued
[2024-07-21T21:45:27.592+0800][10.007s][gc,ref      ] GC(7) Weak: 131 encountered, 2 discovered, 0 enqueued
[2024-07-21T21:45:27.592+0800][10.007s][gc,ref      ] GC(7) Final: 0 encountered, 0 discovered, 0 enqueued
[2024-07-21T21:45:27.592+0800][10.007s][gc,ref      ] GC(7) Phantom: 184 encountered, 87 discovered, 0 enqueued
[2024-07-21T21:45:27.592+0800][10.007s][gc,reloc    ] GC(7) Small Pages: 4 / 8M, Empty: 0M, Relocated: 1M, In-Place: 0
[2024-07-21T21:45:27.592+0800][10.007s][gc,reloc    ] GC(7) Medium Pages: 28 / 896M, Empty: 832M, Relocated: 1M, In-Place: 0
[2024-07-21T21:45:27.592+0800][10.007s][gc,reloc    ] GC(7) Large Pages: 0 / 0M, Empty: 0M, Relocated: 0M, In-Place: 0
[2024-07-21T21:45:27.592+0800][10.007s][gc,reloc    ] GC(7) Forwarding Usage: 0M
[2024-07-21T21:45:27.592+0800][10.007s][gc,heap     ] GC(7) Min Capacity: 8M(0%)
[2024-07-21T21:45:27.592+0800][10.007s][gc,heap     ] GC(7) Max Capacity: 2048M(100%)
[2024-07-21T21:45:27.592+0800][10.007s][gc,heap     ] GC(7) Soft Max Capacity: 2048M(100%)
[2024-07-21T21:45:27.592+0800][10.008s][gc,heap     ] GC(7)                Mark Start          Mark End        Relocate Start      Relocate End           High               Low         
[2024-07-21T21:45:27.592+0800][10.008s][gc,heap     ] GC(7)  Capacity:     1088M (53%)        1088M (53%)        1088M (53%)        1088M (53%)        1088M (53%)        1088M (53%)    
[2024-07-21T21:45:27.592+0800][10.008s][gc,heap     ] GC(7)      Free:     1144M (56%)        1110M (54%)        1942M (95%)        1976M (96%)        1976M (96%)        1110M (54%)    
[2024-07-21T21:45:27.592+0800][10.008s][gc,heap     ] GC(7)      Used:      904M (44%)         938M (46%)         106M (5%)           72M (4%)          938M (46%)          72M (4%)     
[2024-07-21T21:45:27.592+0800][10.008s][gc,heap     ] GC(7)      Live:         -                 5M (0%)            5M (0%)            5M (0%)             -                  -          
[2024-07-21T21:45:27.592+0800][10.008s][gc,heap     ] GC(7) Allocated:         -                34M (2%)           34M (2%)           33M (2%)             -                  -          
[2024-07-21T21:45:27.593+0800][10.008s][gc,heap     ] GC(7)   Garbage:         -               898M (44%)          66M (3%)           32M (2%)             -                  -          
[2024-07-21T21:45:27.593+0800][10.008s][gc,heap     ] GC(7) Reclaimed:         -                  -               832M (41%)         865M (42%)            -                  -          
[2024-07-21T21:45:27.593+0800][10.008s][gc          ] GC(7) Garbage Collection (Proactive) 904M(44%)->72M(4%)
[2024-07-21T21:45:27.666+0800][10.081s][gc,stats    ] === Garbage Collection Statistics =======================================================================================================================
[2024-07-21T21:45:27.666+0800][10.081s][gc,stats    ]                                                              Last 10s              Last 10m              Last 10h                Total
[2024-07-21T21:45:27.666+0800][10.081s][gc,stats    ]                                                              Avg / Max             Avg / Max             Avg / Max             Avg / Max
[2024-07-21T21:45:27.666+0800][10.081s][gc,stats    ]   Collector: Garbage Collection Cycle                     23.428 / 30.716       23.428 / 30.716       23.428 / 30.716       23.428 / 30.716      ms
[2024-07-21T21:45:27.666+0800][10.081s][gc,stats    ]  Contention: Mark Segment Reset Contention                     0 / 2                 0 / 2                 0 / 2                 0 / 2           ops/s
[2024-07-21T21:45:27.666+0800][10.081s][gc,stats    ]  Contention: Mark SeqNum Reset Contention                      0 / 1                 0 / 1                 0 / 1                 0 / 1           ops/s
[2024-07-21T21:45:27.666+0800][10.081s][gc,stats    ]    Critical: Allocation Stall                                  0 / 0                 0 / 0                 0 / 0                 0 / 0           ops/s
[2024-07-21T21:45:27.666+0800][10.081s][gc,stats    ]    Critical: Allocation Stall                              0.000 / 0.000         0.000 / 0.000         0.000 / 0.000         0.000 / 0.000       ms
[2024-07-21T21:45:27.666+0800][10.081s][gc,stats    ]    Critical: GC Locker Stall                                   0 / 0                 0 / 0                 0 / 0                 0 / 0           ops/s
[2024-07-21T21:45:27.666+0800][10.081s][gc,stats    ]    Critical: GC Locker Stall                               0.000 / 0.000         0.000 / 0.000         0.000 / 0.000         0.000 / 0.000       ms
[2024-07-21T21:45:27.666+0800][10.081s][gc,stats    ]    Critical: Relocation Stall                                  0 / 0                 0 / 0                 0 / 0                 0 / 0           ops/s
[2024-07-21T21:45:27.666+0800][10.081s][gc,stats    ]    Critical: Relocation Stall                              0.000 / 0.000         0.000 / 0.000         0.000 / 0.000         0.000 / 0.000       ms
[2024-07-21T21:45:27.666+0800][10.081s][gc,stats    ]      Memory: Allocation Rate                                 591 / 674             591 / 674             591 / 674             591 / 674         MB/s
[2024-07-21T21:45:27.666+0800][10.081s][gc,stats    ]      Memory: Out Of Memory                                     0 / 0                 0 / 0                 0 / 0                 0 / 0           ops/s
[2024-07-21T21:45:27.666+0800][10.081s][gc,stats    ]      Memory: Page Cache Flush                                  0 / 0                 0 / 0                 0 / 0                 0 / 0           MB/s
[2024-07-21T21:45:27.666+0800][10.081s][gc,stats    ]      Memory: Page Cache Hit L1                                17 / 24               17 / 24               17 / 24               17 / 24          ops/s
[2024-07-21T21:45:27.666+0800][10.081s][gc,stats    ]      Memory: Page Cache Hit L2                                 0 / 0                 0 / 0                 0 / 0                 0 / 0           ops/s
[2024-07-21T21:45:27.666+0800][10.081s][gc,stats    ]      Memory: Page Cache Hit L3                                 1 / 15                1 / 15                1 / 15                1 / 15          ops/s
[2024-07-21T21:45:27.666+0800][10.081s][gc,stats    ]      Memory: Page Cache Miss                                   2 / 7                 2 / 7                 2 / 7                 2 / 7           ops/s
[2024-07-21T21:45:27.666+0800][10.081s][gc,stats    ]      Memory: Uncommit                                          0 / 0                 0 / 0                 0 / 0                 0 / 0           MB/s
[2024-07-21T21:45:27.666+0800][10.081s][gc,stats    ]      Memory: Undo Object Allocation Failed                     0 / 0                 0 / 0                 0 / 0                 0 / 0           ops/s
[2024-07-21T21:45:27.666+0800][10.081s][gc,stats    ]      Memory: Undo Object Allocation Succeeded                  0 / 0                 0 / 0                 0 / 0                 0 / 0           ops/s
[2024-07-21T21:45:27.666+0800][10.081s][gc,stats    ]      Memory: Undo Page Allocation                              0 / 0                 0 / 0                 0 / 0                 0 / 0           ops/s
[2024-07-21T21:45:27.666+0800][10.082s][gc,stats    ]       Phase: Concurrent Mark                              15.378 / 15.623       15.378 / 15.623       15.378 / 15.623       15.378 / 15.623      ms
[2024-07-21T21:45:27.666+0800][10.082s][gc,stats    ]       Phase: Concurrent Mark Continue                      0.000 / 0.000         0.000 / 0.000         0.000 / 0.000         0.000 / 0.000       ms
[2024-07-21T21:45:27.666+0800][10.082s][gc,stats    ]       Phase: Concurrent Mark Free                          0.001 / 0.002         0.001 / 0.002         0.001 / 0.002         0.001 / 0.002       ms
[2024-07-21T21:45:27.666+0800][10.082s][gc,stats    ]       Phase: Concurrent Process Non-Strong References      0.739 / 0.892         0.739 / 0.892         0.739 / 0.892         0.739 / 0.892       ms
[2024-07-21T21:45:27.666+0800][10.082s][gc,stats    ]       Phase: Concurrent Relocate                           2.511 / 5.050         2.511 / 5.050         2.511 / 5.050         2.511 / 5.050       ms
[2024-07-21T21:45:27.666+0800][10.082s][gc,stats    ]       Phase: Concurrent Reset Relocation Set               0.001 / 0.001         0.001 / 0.001         0.001 / 0.001         0.001 / 0.001       ms
[2024-07-21T21:45:27.666+0800][10.082s][gc,stats    ]       Phase: Concurrent Select Relocation Set              3.510 / 12.225        3.510 / 12.225        3.510 / 12.225        3.510 / 12.225      ms
[2024-07-21T21:45:27.667+0800][10.082s][gc,stats    ]       Phase: Pause Mark End                                0.016 / 0.026         0.016 / 0.026         0.016 / 0.026         0.016 / 0.026       ms
[2024-07-21T21:45:27.667+0800][10.082s][gc,stats    ]       Phase: Pause Mark Start                              0.009 / 0.013         0.009 / 0.013         0.009 / 0.013         0.009 / 0.013       ms
[2024-07-21T21:45:27.667+0800][10.082s][gc,stats    ]       Phase: Pause Relocate Start                          0.009 / 0.020         0.009 / 0.020         0.009 / 0.020         0.009 / 0.020       ms
[2024-07-21T21:45:27.667+0800][10.082s][gc,stats    ]    Subphase: Concurrent Classes Purge                      0.071 / 0.120         0.071 / 0.120         0.071 / 0.120         0.071 / 0.120       ms
[2024-07-21T21:45:27.667+0800][10.082s][gc,stats    ]    Subphase: Concurrent Classes Unlink                     0.289 / 0.385         0.289 / 0.385         0.289 / 0.385         0.289 / 0.385       ms
[2024-07-21T21:45:27.667+0800][10.082s][gc,stats    ]    Subphase: Concurrent Mark                               8.861 / 15.197        8.861 / 15.197        8.861 / 15.197        8.861 / 15.197      ms
[2024-07-21T21:45:27.667+0800][10.082s][gc,stats    ]    Subphase: Concurrent Mark Try Flush                     0.134 / 0.848         0.134 / 0.848         0.134 / 0.848         0.134 / 0.848       ms
[2024-07-21T21:45:27.667+0800][10.082s][gc,stats    ]    Subphase: Concurrent Mark Try Terminate                 4.135 / 13.792        4.135 / 13.792        4.135 / 13.792        4.135 / 13.792      ms
[2024-07-21T21:45:27.667+0800][10.082s][gc,stats    ]    Subphase: Concurrent References Enqueue                 0.001 / 0.005         0.001 / 0.005         0.001 / 0.005         0.001 / 0.005       ms
[2024-07-21T21:45:27.667+0800][10.082s][gc,stats    ]    Subphase: Concurrent References Process                 0.085 / 0.126         0.085 / 0.126         0.085 / 0.126         0.085 / 0.126       ms
[2024-07-21T21:45:27.667+0800][10.082s][gc,stats    ]    Subphase: Concurrent Roots ClassLoaderDataGraph         0.057 / 0.195         0.057 / 0.195         0.057 / 0.195         0.057 / 0.195       ms
[2024-07-21T21:45:27.667+0800][10.082s][gc,stats    ]    Subphase: Concurrent Roots CodeCache                    0.000 / 0.000         0.000 / 0.000         0.000 / 0.000         0.000 / 0.000       ms
[2024-07-21T21:45:27.667+0800][10.082s][gc,stats    ]    Subphase: Concurrent Roots JavaThreads                  0.223 / 0.453         0.223 / 0.453         0.223 / 0.453         0.223 / 0.453       ms
[2024-07-21T21:45:27.667+0800][10.082s][gc,stats    ]    Subphase: Concurrent Roots OopStorageSet                0.022 / 0.034         0.022 / 0.034         0.022 / 0.034         0.022 / 0.034       ms
[2024-07-21T21:45:27.667+0800][10.082s][gc,stats    ]    Subphase: Concurrent Weak Roots OopStorageSet           0.124 / 0.213         0.124 / 0.213         0.124 / 0.213         0.124 / 0.213       ms
[2024-07-21T21:45:27.667+0800][10.082s][gc,stats    ]    Subphase: Pause Mark Try Complete                       0.000 / 0.000         0.000 / 0.000         0.000 / 0.000         0.000 / 0.000       ms
[2024-07-21T21:45:27.667+0800][10.082s][gc,stats    ]      System: Java Threads                                     13 / 13               13 / 13               13 / 13               13 / 13          threads
[2024-07-21T21:45:27.667+0800][10.082s][gc,stats    ] =========================================================================================================================================================
[2024-07-21T21:45:28.860+0800][11.274s][gc,start    ] GC(8) Garbage Collection (Proactive)
[2024-07-21T21:45:28.860+0800][11.274s][gc,task     ] GC(8) Using 2 workers
[2024-07-21T21:45:28.860+0800][11.274s][gc,phases   ] GC(8) Pause Mark Start 0.012ms
[2024-07-21T21:45:28.876+0800][11.290s][gc,phases   ] GC(8) Concurrent Mark 15.642ms
[2024-07-21T21:45:28.876+0800][11.291s][gc,phases   ] GC(8) Pause Mark End 0.018ms
[2024-07-21T21:45:28.876+0800][11.291s][gc,phases   ] GC(8) Concurrent Mark Free 0.001ms
[2024-07-21T21:45:28.877+0800][11.292s][gc,phases   ] GC(8) Concurrent Process Non-Strong References 1.367ms
[2024-07-21T21:45:28.878+0800][11.292s][gc,phases   ] GC(8) Concurrent Reset Relocation Set 0.001ms
[2024-07-21T21:45:28.881+0800][11.295s][gc,phases   ] GC(8) Concurrent Select Relocation Set 2.927ms
[2024-07-21T21:45:28.881+0800][11.295s][gc,phases   ] GC(8) Pause Relocate Start 0.007ms
[2024-07-21T21:45:28.882+0800][11.297s][gc,phases   ] GC(8) Concurrent Relocate 1.091ms
[2024-07-21T21:45:28.882+0800][11.297s][gc,load     ] GC(8) Load: 0.00/0.00/0.00
[2024-07-21T21:45:28.882+0800][11.297s][gc,mmu      ] GC(8) MMU: 2ms/98.7%, 5ms/99.1%, 10ms/99.6%, 20ms/99.7%, 50ms/99.9%, 100ms/99.9%
[2024-07-21T21:45:28.882+0800][11.297s][gc,marking  ] GC(8) Mark: 2 stripe(s), 3 proactive flush(es), 1 terminate flush(es), 0 completion(s), 0 continuation(s) 
[2024-07-21T21:45:28.882+0800][11.297s][gc,marking  ] GC(8) Mark Stack Usage: 32M
[2024-07-21T21:45:28.882+0800][11.297s][gc,nmethod  ] GC(8) NMethods: 449 registered, 0 unregistered
[2024-07-21T21:45:28.882+0800][11.297s][gc,metaspace] GC(8) Metaspace: 1M used, 1M committed, 1032M reserved
[2024-07-21T21:45:28.882+0800][11.297s][gc,ref      ] GC(8) Soft: 93 encountered, 0 discovered, 0 enqueued
[2024-07-21T21:45:28.882+0800][11.297s][gc,ref      ] GC(8) Weak: 131 encountered, 3 discovered, 0 enqueued
[2024-07-21T21:45:28.882+0800][11.297s][gc,ref      ] GC(8) Final: 0 encountered, 0 discovered, 0 enqueued
[2024-07-21T21:45:28.882+0800][11.297s][gc,ref      ] GC(8) Phantom: 184 encountered, 119 discovered, 0 enqueued
[2024-07-21T21:45:28.882+0800][11.297s][gc,reloc    ] GC(8) Small Pages: 4 / 8M, Empty: 0M, Relocated: 1M, In-Place: 0
[2024-07-21T21:45:28.882+0800][11.297s][gc,reloc    ] GC(8) Medium Pages: 27 / 864M, Empty: 800M, Relocated: 1M, In-Place: 0
[2024-07-21T21:45:28.882+0800][11.297s][gc,reloc    ] GC(8) Large Pages: 0 / 0M, Empty: 0M, Relocated: 0M, In-Place: 0
[2024-07-21T21:45:28.882+0800][11.297s][gc,reloc    ] GC(8) Forwarding Usage: 0M
[2024-07-21T21:45:28.882+0800][11.297s][gc,heap     ] GC(8) Min Capacity: 8M(0%)
[2024-07-21T21:45:28.882+0800][11.297s][gc,heap     ] GC(8) Max Capacity: 2048M(100%)
[2024-07-21T21:45:28.882+0800][11.297s][gc,heap     ] GC(8) Soft Max Capacity: 2048M(100%)
[2024-07-21T21:45:28.882+0800][11.297s][gc,heap     ] GC(8)                Mark Start          Mark End        Relocate Start      Relocate End           High               Low         
[2024-07-21T21:45:28.882+0800][11.297s][gc,heap     ] GC(8)  Capacity:     1088M (53%)        1088M (53%)        1088M (53%)        1088M (53%)        1088M (53%)        1088M (53%)    
[2024-07-21T21:45:28.882+0800][11.297s][gc,heap     ] GC(8)      Free:     1176M (57%)        1142M (56%)        1942M (95%)        1976M (96%)        1976M (96%)        1142M (56%)    
[2024-07-21T21:45:28.882+0800][11.297s][gc,heap     ] GC(8)      Used:      872M (43%)         906M (44%)         106M (5%)           72M (4%)          906M (44%)          72M (4%)     
[2024-07-21T21:45:28.882+0800][11.297s][gc,heap     ] GC(8)      Live:         -                 5M (0%)            5M (0%)            5M (0%)             -                  -          
[2024-07-21T21:45:28.882+0800][11.297s][gc,heap     ] GC(8) Allocated:         -                34M (2%)           34M (2%)           34M (2%)             -                  -          
[2024-07-21T21:45:28.882+0800][11.297s][gc,heap     ] GC(8)   Garbage:         -               866M (42%)          66M (3%)           32M (2%)             -                  -          
[2024-07-21T21:45:28.882+0800][11.297s][gc,heap     ] GC(8) Reclaimed:         -                  -               800M (39%)         834M (41%)            -                  -          
[2024-07-21T21:45:28.882+0800][11.297s][gc          ] GC(8) Garbage Collection (Proactive) 872M(43%)->72M(4%)
[2024-07-21T21:45:30.069+0800][12.483s][gc,start    ] GC(9) Garbage Collection (Proactive)
[2024-07-21T21:45:30.069+0800][12.484s][gc,task     ] GC(9) Using 2 workers
[2024-07-21T21:45:30.069+0800][12.484s][gc,phases   ] GC(9) Pause Mark Start 0.018ms
[2024-07-21T21:45:30.085+0800][12.499s][gc,phases   ] GC(9) Concurrent Mark 15.523ms
[2024-07-21T21:45:30.085+0800][12.500s][gc,phases   ] GC(9) Pause Mark End 0.013ms
[2024-07-21T21:45:30.085+0800][12.500s][gc,phases   ] GC(9) Concurrent Mark Free 0.001ms
[2024-07-21T21:45:30.086+0800][12.500s][gc,phases   ] GC(9) Concurrent Process Non-Strong References 0.754ms
[2024-07-21T21:45:30.086+0800][12.500s][gc,phases   ] GC(9) Concurrent Reset Relocation Set 0.001ms
[2024-07-21T21:45:30.088+0800][12.503s][gc,phases   ] GC(9) Concurrent Select Relocation Set 2.690ms
[2024-07-21T21:45:30.089+0800][12.504s][gc,phases   ] GC(9) Pause Relocate Start 0.009ms
[2024-07-21T21:45:30.094+0800][12.509s][gc,phases   ] GC(9) Concurrent Relocate 4.963ms
[2024-07-21T21:45:30.094+0800][12.509s][gc,load     ] GC(9) Load: 0.00/0.00/0.00
[2024-07-21T21:45:30.094+0800][12.509s][gc,mmu      ] GC(9) MMU: 2ms/98.7%, 5ms/99.1%, 10ms/99.6%, 20ms/99.7%, 50ms/99.9%, 100ms/99.9%
[2024-07-21T21:45:30.094+0800][12.509s][gc,marking  ] GC(9) Mark: 2 stripe(s), 2 proactive flush(es), 1 terminate flush(es), 0 completion(s), 0 continuation(s) 
[2024-07-21T21:45:30.094+0800][12.509s][gc,marking  ] GC(9) Mark Stack Usage: 32M
[2024-07-21T21:45:30.094+0800][12.509s][gc,nmethod  ] GC(9) NMethods: 453 registered, 0 unregistered
[2024-07-21T21:45:30.094+0800][12.509s][gc,metaspace] GC(9) Metaspace: 1M used, 1M committed, 1032M reserved
[2024-07-21T21:45:30.094+0800][12.509s][gc,ref      ] GC(9) Soft: 93 encountered, 0 discovered, 0 enqueued
[2024-07-21T21:45:30.094+0800][12.509s][gc,ref      ] GC(9) Weak: 131 encountered, 5 discovered, 0 enqueued
[2024-07-21T21:45:30.094+0800][12.509s][gc,ref      ] GC(9) Final: 0 encountered, 0 discovered, 0 enqueued
[2024-07-21T21:45:30.094+0800][12.509s][gc,ref      ] GC(9) Phantom: 184 encountered, 95 discovered, 0 enqueued
[2024-07-21T21:45:30.094+0800][12.509s][gc,reloc    ] GC(9) Small Pages: 4 / 8M, Empty: 2M, Relocated: 0M, In-Place: 0
[2024-07-21T21:45:30.094+0800][12.509s][gc,reloc    ] GC(9) Medium Pages: 26 / 832M, Empty: 736M, Relocated: 15M, In-Place: 0
[2024-07-21T21:45:30.094+0800][12.509s][gc,reloc    ] GC(9) Large Pages: 0 / 0M, Empty: 0M, Relocated: 0M, In-Place: 0
[2024-07-21T21:45:30.094+0800][12.509s][gc,reloc    ] GC(9) Forwarding Usage: 0M
[2024-07-21T21:45:30.094+0800][12.509s][gc,heap     ] GC(9) Min Capacity: 8M(0%)
[2024-07-21T21:45:30.094+0800][12.509s][gc,heap     ] GC(9) Max Capacity: 2048M(100%)
[2024-07-21T21:45:30.094+0800][12.509s][gc,heap     ] GC(9) Soft Max Capacity: 2048M(100%)
[2024-07-21T21:45:30.094+0800][12.509s][gc,heap     ] GC(9)                Mark Start          Mark End        Relocate Start      Relocate End           High               Low         
[2024-07-21T21:45:30.094+0800][12.509s][gc,heap     ] GC(9)  Capacity:     1088M (53%)        1088M (53%)        1088M (53%)        1088M (53%)        1088M (53%)        1088M (53%)    
[2024-07-21T21:45:30.094+0800][12.509s][gc,heap     ] GC(9)      Free:     1208M (59%)        1174M (57%)        1912M (93%)        1976M (96%)        1976M (96%)        1174M (57%)    
[2024-07-21T21:45:30.095+0800][12.509s][gc,heap     ] GC(9)      Used:      840M (41%)         874M (43%)         136M (7%)           72M (4%)          874M (43%)          72M (4%)     
[2024-07-21T21:45:30.095+0800][12.509s][gc,heap     ] GC(9)      Live:         -                19M (1%)           19M (1%)           19M (1%)             -                  -          
[2024-07-21T21:45:30.095+0800][12.509s][gc,heap     ] GC(9) Allocated:         -                34M (2%)           34M (2%)           34M (2%)             -                  -          
[2024-07-21T21:45:30.095+0800][12.509s][gc,heap     ] GC(9)   Garbage:         -               820M (40%)          82M (4%)           18M (1%)             -                  -          
[2024-07-21T21:45:30.095+0800][12.509s][gc,heap     ] GC(9) Reclaimed:         -                  -               738M (36%)         802M (39%)            -                  -          
[2024-07-21T21:45:30.095+0800][12.509s][gc          ] GC(9) Garbage Collection (Proactive) 840M(41%)->72M(4%)
[2024-07-21T21:45:31.670+0800][14.084s][gc,start    ] GC(10) Garbage Collection (Proactive)
[2024-07-21T21:45:31.670+0800][14.084s][gc,task     ] GC(10) Using 2 workers
[2024-07-21T21:45:31.670+0800][14.085s][gc,phases   ] GC(10) Pause Mark Start 0.005ms
[2024-07-21T21:45:31.685+0800][14.099s][gc,phases   ] GC(10) Concurrent Mark 14.524ms
[2024-07-21T21:45:31.701+0800][14.115s][gc,phases   ] GC(10) Pause Mark End 0.025ms
[2024-07-21T21:45:31.701+0800][14.115s][gc,phases   ] GC(10) Concurrent Mark Free 0.001ms
[2024-07-21T21:45:31.702+0800][14.116s][gc,phases   ] GC(10) Concurrent Process Non-Strong References 0.830ms
[2024-07-21T21:45:31.702+0800][14.116s][gc,phases   ] GC(10) Concurrent Reset Relocation Set 0.001ms
[2024-07-21T21:45:31.704+0800][14.119s][gc,phases   ] GC(10) Concurrent Select Relocation Set 2.600ms
[2024-07-21T21:45:31.705+0800][14.119s][gc,phases   ] GC(10) Pause Relocate Start 0.009ms
[2024-07-21T21:45:31.706+0800][14.121s][gc,phases   ] GC(10) Concurrent Relocate 1.472ms
[2024-07-21T21:45:31.706+0800][14.121s][gc,load     ] GC(10) Load: 0.00/0.00/0.00
[2024-07-21T21:45:31.706+0800][14.121s][gc,mmu      ] GC(10) MMU: 2ms/98.7%, 5ms/99.1%, 10ms/99.6%, 20ms/99.7%, 50ms/99.9%, 100ms/99.9%
[2024-07-21T21:45:31.706+0800][14.121s][gc,marking  ] GC(10) Mark: 2 stripe(s), 1 proactive flush(es), 1 terminate flush(es), 0 completion(s), 0 continuation(s) 
[2024-07-21T21:45:31.706+0800][14.121s][gc,marking  ] GC(10) Mark Stack Usage: 32M
[2024-07-21T21:45:31.706+0800][14.121s][gc,nmethod  ] GC(10) NMethods: 460 registered, 0 unregistered
[2024-07-21T21:45:31.706+0800][14.121s][gc,metaspace] GC(10) Metaspace: 1M used, 1M committed, 1032M reserved
[2024-07-21T21:45:31.706+0800][14.121s][gc,ref      ] GC(10) Soft: 93 encountered, 0 discovered, 0 enqueued
[2024-07-21T21:45:31.707+0800][14.121s][gc,ref      ] GC(10) Weak: 131 encountered, 77 discovered, 0 enqueued
[2024-07-21T21:45:31.707+0800][14.121s][gc,ref      ] GC(10) Final: 0 encountered, 0 discovered, 0 enqueued
[2024-07-21T21:45:31.707+0800][14.121s][gc,ref      ] GC(10) Phantom: 184 encountered, 126 discovered, 0 enqueued
[2024-07-21T21:45:31.707+0800][14.121s][gc,reloc    ] GC(10) Small Pages: 5 / 10M, Empty: 0M, Relocated: 1M, In-Place: 0
[2024-07-21T21:45:31.707+0800][14.121s][gc,reloc    ] GC(10) Medium Pages: 34 / 1088M, Empty: 1056M, Relocated: 0M, In-Place: 0
[2024-07-21T21:45:31.707+0800][14.121s][gc,reloc    ] GC(10) Large Pages: 0 / 0M, Empty: 0M, Relocated: 0M, In-Place: 0
[2024-07-21T21:45:31.707+0800][14.121s][gc,reloc    ] GC(10) Forwarding Usage: 0M
[2024-07-21T21:45:31.707+0800][14.121s][gc,heap     ] GC(10) Min Capacity: 8M(0%)
[2024-07-21T21:45:31.707+0800][14.121s][gc,heap     ] GC(10) Max Capacity: 2048M(100%)
[2024-07-21T21:45:31.707+0800][14.121s][gc,heap     ] GC(10) Soft Max Capacity: 2048M(100%)
[2024-07-21T21:45:31.707+0800][14.121s][gc,heap     ] GC(10)                Mark Start          Mark End        Relocate Start      Relocate End           High               Low         
[2024-07-21T21:45:31.707+0800][14.121s][gc,heap     ] GC(10)  Capacity:     1120M (55%)        1152M (56%)        1152M (56%)        1152M (56%)        1152M (56%)        1120M (55%)    
[2024-07-21T21:45:31.707+0800][14.121s][gc,heap     ] GC(10)      Free:      950M (46%)         918M (45%)        1974M (96%)        1978M (97%)        1978M (97%)         918M (45%)    
[2024-07-21T21:45:31.707+0800][14.121s][gc,heap     ] GC(10)      Used:     1098M (54%)        1130M (55%)          74M (4%)           70M (3%)         1130M (55%)          70M (3%)     
[2024-07-21T21:45:31.707+0800][14.122s][gc,heap     ] GC(10)      Live:         -                 4M (0%)            4M (0%)            4M (0%)             -                  -          
[2024-07-21T21:45:31.707+0800][14.122s][gc,heap     ] GC(10) Allocated:         -                32M (2%)           32M (2%)           32M (2%)             -                  -          
[2024-07-21T21:45:31.707+0800][14.122s][gc,heap     ] GC(10)   Garbage:         -              1093M (53%)          37M (2%)           33M (2%)             -                  -          
[2024-07-21T21:45:31.707+0800][14.122s][gc,heap     ] GC(10) Reclaimed:         -                  -              1056M (52%)        1060M (52%)            -                  -          
[2024-07-21T21:45:31.707+0800][14.122s][gc          ] GC(10) Garbage Collection (Proactive) 1098M(54%)->70M(3%)
[2024-07-21T21:45:34.768+0800][17.182s][gc,start    ] GC(11) Garbage Collection (Proactive)
[2024-07-21T21:45:34.768+0800][17.182s][gc,task     ] GC(11) Using 2 workers
[2024-07-21T21:45:34.768+0800][17.182s][gc,phases   ] GC(11) Pause Mark Start 0.010ms
[2024-07-21T21:45:34.783+0800][17.198s][gc,phases   ] GC(11) Concurrent Mark 15.007ms
[2024-07-21T21:45:34.799+0800][17.214s][gc,phases   ] GC(11) Pause Mark End 0.021ms
[2024-07-21T21:45:34.799+0800][17.214s][gc,phases   ] GC(11) Concurrent Mark Free 0.001ms
[2024-07-21T21:45:34.800+0800][17.215s][gc,phases   ] GC(11) Concurrent Process Non-Strong References 1.036ms
[2024-07-21T21:45:34.800+0800][17.215s][gc,phases   ] GC(11) Concurrent Reset Relocation Set 0.001ms
[2024-07-21T21:45:34.802+0800][17.217s][gc,phases   ] GC(11) Concurrent Select Relocation Set 1.618ms
[2024-07-21T21:45:34.802+0800][17.217s][gc,phases   ] GC(11) Pause Relocate Start 0.006ms
[2024-07-21T21:45:34.803+0800][17.218s][gc,phases   ] GC(11) Concurrent Relocate 0.851ms
[2024-07-21T21:45:34.803+0800][17.218s][gc,load     ] GC(11) Load: 0.00/0.00/0.00
[2024-07-21T21:45:34.803+0800][17.218s][gc,mmu      ] GC(11) MMU: 2ms/98.7%, 5ms/99.1%, 10ms/99.6%, 20ms/99.7%, 50ms/99.9%, 100ms/99.9%
[2024-07-21T21:45:34.803+0800][17.218s][gc,marking  ] GC(11) Mark: 2 stripe(s), 1 proactive flush(es), 1 terminate flush(es), 0 completion(s), 0 continuation(s) 
[2024-07-21T21:45:34.803+0800][17.218s][gc,marking  ] GC(11) Mark Stack Usage: 32M
[2024-07-21T21:45:34.803+0800][17.218s][gc,nmethod  ] GC(11) NMethods: 463 registered, 0 unregistered
[2024-07-21T21:45:34.803+0800][17.218s][gc,metaspace] GC(11) Metaspace: 1M used, 1M committed, 1032M reserved
[2024-07-21T21:45:34.803+0800][17.218s][gc,ref      ] GC(11) Soft: 93 encountered, 0 discovered, 0 enqueued
[2024-07-21T21:45:34.803+0800][17.218s][gc,ref      ] GC(11) Weak: 131 encountered, 14 discovered, 0 enqueued
[2024-07-21T21:45:34.803+0800][17.218s][gc,ref      ] GC(11) Final: 0 encountered, 0 discovered, 0 enqueued
[2024-07-21T21:45:34.803+0800][17.218s][gc,ref      ] GC(11) Phantom: 184 encountered, 119 discovered, 0 enqueued
[2024-07-21T21:45:34.803+0800][17.218s][gc,reloc    ] GC(11) Small Pages: 4 / 8M, Empty: 0M, Relocated: 1M, In-Place: 0
[2024-07-21T21:45:34.803+0800][17.218s][gc,reloc    ] GC(11) Medium Pages: 54 / 1728M, Empty: 1696M, Relocated: 0M, In-Place: 0
[2024-07-21T21:45:34.803+0800][17.218s][gc,reloc    ] GC(11) Large Pages: 0 / 0M, Empty: 0M, Relocated: 0M, In-Place: 0
[2024-07-21T21:45:34.803+0800][17.218s][gc,reloc    ] GC(11) Forwarding Usage: 0M
[2024-07-21T21:45:34.803+0800][17.218s][gc,heap     ] GC(11) Min Capacity: 8M(0%)
[2024-07-21T21:45:34.803+0800][17.218s][gc,heap     ] GC(11) Max Capacity: 2048M(100%)
[2024-07-21T21:45:34.804+0800][17.218s][gc,heap     ] GC(11) Soft Max Capacity: 2048M(100%)
[2024-07-21T21:45:34.804+0800][17.218s][gc,heap     ] GC(11)                Mark Start          Mark End        Relocate Start      Relocate End           High               Low         
[2024-07-21T21:45:34.804+0800][17.218s][gc,heap     ] GC(11)  Capacity:     1760M (86%)        1792M (88%)        1792M (88%)        1792M (88%)        1792M (88%)        1760M (86%)    
[2024-07-21T21:45:34.804+0800][17.218s][gc,heap     ] GC(11)      Free:      312M (15%)         280M (14%)        1976M (96%)        1976M (96%)        1976M (96%)         280M (14%)    
[2024-07-21T21:45:34.804+0800][17.218s][gc,heap     ] GC(11)      Used:     1736M (85%)        1768M (86%)          72M (4%)           72M (4%)         1768M (86%)          72M (4%)     
[2024-07-21T21:45:34.804+0800][17.218s][gc,heap     ] GC(11)      Live:         -                 4M (0%)            4M (0%)            4M (0%)             -                  -          
[2024-07-21T21:45:34.804+0800][17.218s][gc,heap     ] GC(11) Allocated:         -                32M (2%)           32M (2%)           33M (2%)             -                  -          
[2024-07-21T21:45:34.804+0800][17.218s][gc,heap     ] GC(11)   Garbage:         -              1731M (85%)          35M (2%)           33M (2%)             -                  -          
[2024-07-21T21:45:34.804+0800][17.218s][gc,heap     ] GC(11) Reclaimed:         -                  -              1696M (83%)        1697M (83%)            -                  -          
[2024-07-21T21:45:34.804+0800][17.218s][gc          ] GC(11) Garbage Collection (Proactive) 1736M(85%)->72M(4%)
[2024-07-21T21:45:35.338+0800][17.752s][gc,heap,exit] Heap
[2024-07-21T21:45:35.338+0800][17.752s][gc,heap,exit]  ZHeap           used 392M, capacity 1792M, max capacity 2048M
[2024-07-21T21:45:35.338+0800][17.753s][gc,heap,exit]  Metaspace       used 1342K, committed 1472K, reserved 1056768K
[2024-07-21T21:45:35.338+0800][17.753s][gc,heap,exit]   class space    used 111K, committed 192K, reserved 1048576K
