[2024-07-21T21:46:22.800+0800][0.016s][gc,init] Initializing The Z Garbage Collector
[2024-07-21T21:46:22.800+0800][0.016s][gc,init] Version: 17.0.2+8-86 (release)
[2024-07-21T21:46:22.800+0800][0.017s][gc,init] NUMA Support: Disabled
[2024-07-21T21:46:22.800+0800][0.017s][gc,init] CPUs: 8 total, 8 available
[2024-07-21T21:46:22.800+0800][0.017s][gc,init] Memory: 16281M
[2024-07-21T21:46:22.800+0800][0.017s][gc,init] Large Page Support: Disabled
[2024-07-21T21:46:22.800+0800][0.017s][gc,init] GC Workers: 2 (dynamic)
[2024-07-21T21:46:22.801+0800][0.017s][gc,init] Address Space Type: Contiguous/Unrestricted/Complete
[2024-07-21T21:46:22.801+0800][0.018s][gc,init] Address Space Size: 32768M x 3 = 98304M
[2024-07-21T21:46:22.802+0800][0.018s][gc,init] Min Capacity: 8M
[2024-07-21T21:46:22.802+0800][0.018s][gc,init] Initial Capacity: 256M
[2024-07-21T21:46:22.802+0800][0.018s][gc,init] Max Capacity: 2048M
[2024-07-21T21:46:22.802+0800][0.018s][gc,init] Medium Page Size: 32M
[2024-07-21T21:46:22.802+0800][0.018s][gc,init] Pre-touch: Disabled
[2024-07-21T21:46:22.802+0800][0.018s][gc,init] Uncommit: Enabled
[2024-07-21T21:46:22.802+0800][0.019s][gc,init] Uncommit Delay: 300s
[2024-07-21T21:46:22.815+0800][0.031s][gc,init] Runtime Workers: 5
[2024-07-21T21:46:22.815+0800][0.032s][gc     ] Using The Z Garbage Collector
[2024-07-21T21:46:22.816+0800][0.033s][gc,metaspace] CDS archive(s) mapped at: [0x0000000800000000-0x0000000800bc0000-0x0000000800bc0000), size 12320768, SharedBaseAddress: 0x0000000800000000, ArchiveRelocationMode: 0.
[2024-07-21T21:46:22.816+0800][0.033s][gc,metaspace] Compressed class space mapped at: 0x0000000800c00000-0x0000000840c00000, reserved size: 1073741824
[2024-07-21T21:46:22.816+0800][0.033s][gc,metaspace] Narrow klass base: 0x0000000800000000, Narrow klass shift: 0, Narrow klass range: 0x100000000
[2024-07-21T21:46:23.557+0800][0.773s][gc,start    ] GC(0) Garbage Collection (Warmup)
[2024-07-21T21:46:23.557+0800][0.773s][gc,task     ] GC(0) Using 2 workers
[2024-07-21T21:46:23.557+0800][0.774s][gc,phases   ] GC(0) Pause Mark Start 0.008ms
[2024-07-21T21:46:23.573+0800][0.789s][gc,phases   ] GC(0) Concurrent Mark 15.535ms
[2024-07-21T21:46:23.573+0800][0.789s][gc,phases   ] GC(0) Pause Mark End 0.023ms
[2024-07-21T21:46:23.573+0800][0.790s][gc,phases   ] GC(0) Concurrent Mark Free 0.001ms
[2024-07-21T21:46:23.573+0800][0.790s][gc,phases   ] GC(0) Concurrent Process Non-Strong References 0.453ms
[2024-07-21T21:46:23.573+0800][0.790s][gc,phases   ] GC(0) Concurrent Reset Relocation Set 0.000ms
[2024-07-21T21:46:23.584+0800][0.800s][gc,phases   ] GC(0) Concurrent Select Relocation Set 10.130ms
[2024-07-21T21:46:23.584+0800][0.800s][gc,phases   ] GC(0) Pause Relocate Start 0.007ms
[2024-07-21T21:46:23.588+0800][0.805s][gc,phases   ] GC(0) Concurrent Relocate 4.369ms
[2024-07-21T21:46:23.588+0800][0.805s][gc,load     ] GC(0) Load: 0.00/0.00/0.00
[2024-07-21T21:46:23.588+0800][0.805s][gc,mmu      ] GC(0) MMU: 2ms/98.9%, 5ms/99.5%, 10ms/99.8%, 20ms/99.8%, 50ms/99.9%, 100ms/100.0%
[2024-07-21T21:46:23.588+0800][0.805s][gc,marking  ] GC(0) Mark: 2 stripe(s), 2 proactive flush(es), 1 terminate flush(es), 0 completion(s), 0 continuation(s) 
[2024-07-21T21:46:23.588+0800][0.805s][gc,marking  ] GC(0) Mark Stack Usage: 32M
[2024-07-21T21:46:23.588+0800][0.805s][gc,nmethod  ] GC(0) NMethods: 329 registered, 0 unregistered
[2024-07-21T21:46:23.588+0800][0.805s][gc,metaspace] GC(0) Metaspace: 1M used, 1M committed, 1032M reserved
[2024-07-21T21:46:23.588+0800][0.805s][gc,ref      ] GC(0) Soft: 53 encountered, 0 discovered, 0 enqueued
[2024-07-21T21:46:23.588+0800][0.805s][gc,ref      ] GC(0) Weak: 153 encountered, 37 discovered, 36 enqueued
[2024-07-21T21:46:23.588+0800][0.805s][gc,ref      ] GC(0) Final: 0 encountered, 0 discovered, 0 enqueued
[2024-07-21T21:46:23.588+0800][0.805s][gc,ref      ] GC(0) Phantom: 217 encountered, 157 discovered, 33 enqueued
[2024-07-21T21:46:23.588+0800][0.805s][gc,reloc    ] GC(0) Small Pages: 6 / 12M, Empty: 0M, Relocated: 1M, In-Place: 0
[2024-07-21T21:46:23.588+0800][0.805s][gc,reloc    ] GC(0) Medium Pages: 7 / 224M, Empty: 160M, Relocated: 11M, In-Place: 0
[2024-07-21T21:46:23.589+0800][0.805s][gc,reloc    ] GC(0) Large Pages: 0 / 0M, Empty: 0M, Relocated: 0M, In-Place: 0
[2024-07-21T21:46:23.589+0800][0.805s][gc,reloc    ] GC(0) Forwarding Usage: 0M
[2024-07-21T21:46:23.589+0800][0.805s][gc,heap     ] GC(0) Min Capacity: 8M(0%)
[2024-07-21T21:46:23.589+0800][0.805s][gc,heap     ] GC(0) Max Capacity: 2048M(100%)
[2024-07-21T21:46:23.589+0800][0.805s][gc,heap     ] GC(0) Soft Max Capacity: 2048M(100%)
[2024-07-21T21:46:23.589+0800][0.805s][gc,heap     ] GC(0)                Mark Start          Mark End        Relocate Start      Relocate End           High               Low         
[2024-07-21T21:46:23.589+0800][0.805s][gc,heap     ] GC(0)  Capacity:      256M (12%)         288M (14%)         288M (14%)         288M (14%)         288M (14%)         256M (12%)    
[2024-07-21T21:46:23.589+0800][0.805s][gc,heap     ] GC(0)      Free:     1812M (88%)        1778M (87%)        1938M (95%)        1976M (96%)        1976M (96%)        1778M (87%)    
[2024-07-21T21:46:23.589+0800][0.806s][gc,heap     ] GC(0)      Used:      236M (12%)         270M (13%)         110M (5%)           72M (4%)          270M (13%)          72M (4%)     
[2024-07-21T21:46:23.589+0800][0.806s][gc,heap     ] GC(0)      Live:         -                15M (1%)           15M (1%)           15M (1%)             -                  -          
[2024-07-21T21:46:23.589+0800][0.806s][gc,heap     ] GC(0) Allocated:         -                34M (2%)           34M (2%)           34M (2%)             -                  -          
[2024-07-21T21:46:23.589+0800][0.806s][gc,heap     ] GC(0)   Garbage:         -               220M (11%)          60M (3%)           22M (1%)             -                  -          
[2024-07-21T21:46:23.589+0800][0.806s][gc,heap     ] GC(0) Reclaimed:         -                  -               160M (8%)          198M (10%)            -                  -          
[2024-07-21T21:46:23.589+0800][0.806s][gc          ] GC(0) Garbage Collection (Warmup) 236M(12%)->72M(4%)
[2024-07-21T21:46:24.350+0800][1.567s][gc,start    ] GC(1) Garbage Collection (Warmup)
[2024-07-21T21:46:24.350+0800][1.567s][gc,task     ] GC(1) Using 2 workers
[2024-07-21T21:46:24.350+0800][1.567s][gc,phases   ] GC(1) Pause Mark Start 0.005ms
[2024-07-21T21:46:24.366+0800][1.583s][gc,phases   ] GC(1) Concurrent Mark 15.671ms
[2024-07-21T21:46:24.366+0800][1.583s][gc,phases   ] GC(1) Pause Mark End 0.010ms
[2024-07-21T21:46:24.366+0800][1.583s][gc,phases   ] GC(1) Concurrent Mark Free 0.001ms
[2024-07-21T21:46:24.367+0800][1.584s][gc,phases   ] GC(1) Concurrent Process Non-Strong References 0.939ms
[2024-07-21T21:46:24.367+0800][1.584s][gc,phases   ] GC(1) Concurrent Reset Relocation Set 0.001ms
[2024-07-21T21:46:24.370+0800][1.587s][gc,phases   ] GC(1) Concurrent Select Relocation Set 2.700ms
[2024-07-21T21:46:24.370+0800][1.587s][gc,phases   ] GC(1) Pause Relocate Start 0.007ms
[2024-07-21T21:46:24.372+0800][1.589s][gc,phases   ] GC(1) Concurrent Relocate 1.753ms
[2024-07-21T21:46:24.372+0800][1.589s][gc,load     ] GC(1) Load: 0.00/0.00/0.00
[2024-07-21T21:46:24.372+0800][1.589s][gc,mmu      ] GC(1) MMU: 2ms/98.9%, 5ms/99.5%, 10ms/99.8%, 20ms/99.8%, 50ms/99.9%, 100ms/100.0%
[2024-07-21T21:46:24.372+0800][1.589s][gc,marking  ] GC(1) Mark: 2 stripe(s), 2 proactive flush(es), 1 terminate flush(es), 0 completion(s), 0 continuation(s) 
[2024-07-21T21:46:24.372+0800][1.589s][gc,marking  ] GC(1) Mark Stack Usage: 32M
[2024-07-21T21:46:24.372+0800][1.589s][gc,nmethod  ] GC(1) NMethods: 376 registered, 0 unregistered
[2024-07-21T21:46:24.372+0800][1.589s][gc,metaspace] GC(1) Metaspace: 1M used, 1M committed, 1032M reserved
[2024-07-21T21:46:24.372+0800][1.589s][gc,ref      ] GC(1) Soft: 93 encountered, 0 discovered, 0 enqueued
[2024-07-21T21:46:24.372+0800][1.589s][gc,ref      ] GC(1) Weak: 136 encountered, 7 discovered, 5 enqueued
[2024-07-21T21:46:24.372+0800][1.589s][gc,ref      ] GC(1) Final: 0 encountered, 0 discovered, 0 enqueued
[2024-07-21T21:46:24.372+0800][1.589s][gc,ref      ] GC(1) Phantom: 189 encountered, 83 discovered, 5 enqueued
[2024-07-21T21:46:24.372+0800][1.589s][gc,reloc    ] GC(1) Small Pages: 6 / 12M, Empty: 2M, Relocated: 1M, In-Place: 0
[2024-07-21T21:46:24.372+0800][1.589s][gc,reloc    ] GC(1) Medium Pages: 13 / 416M, Empty: 352M, Relocated: 1M, In-Place: 0
[2024-07-21T21:46:24.372+0800][1.589s][gc,reloc    ] GC(1) Large Pages: 0 / 0M, Empty: 0M, Relocated: 0M, In-Place: 0
[2024-07-21T21:46:24.373+0800][1.589s][gc,reloc    ] GC(1) Forwarding Usage: 0M
[2024-07-21T21:46:24.373+0800][1.589s][gc,heap     ] GC(1) Min Capacity: 8M(0%)
[2024-07-21T21:46:24.373+0800][1.589s][gc,heap     ] GC(1) Max Capacity: 2048M(100%)
[2024-07-21T21:46:24.373+0800][1.589s][gc,heap     ] GC(1) Soft Max Capacity: 2048M(100%)
[2024-07-21T21:46:24.373+0800][1.589s][gc,heap     ] GC(1)                Mark Start          Mark End        Relocate Start      Relocate End           High               Low         
[2024-07-21T21:46:24.373+0800][1.589s][gc,heap     ] GC(1)  Capacity:      448M (22%)         480M (23%)         480M (23%)         480M (23%)         480M (23%)         448M (22%)    
[2024-07-21T21:46:24.373+0800][1.589s][gc,heap     ] GC(1)      Free:     1620M (79%)        1586M (77%)        1940M (95%)        1974M (96%)        1974M (96%)        1586M (77%)    
[2024-07-21T21:46:24.373+0800][1.589s][gc,heap     ] GC(1)      Used:      428M (21%)         462M (23%)         108M (5%)           74M (4%)          462M (23%)          74M (4%)     
[2024-07-21T21:46:24.373+0800][1.589s][gc,heap     ] GC(1)      Live:         -                 5M (0%)            5M (0%)            5M (0%)             -                  -          
[2024-07-21T21:46:24.373+0800][1.589s][gc,heap     ] GC(1) Allocated:         -                34M (2%)           34M (2%)           34M (2%)             -                  -          
[2024-07-21T21:46:24.373+0800][1.589s][gc,heap     ] GC(1)   Garbage:         -               422M (21%)          68M (3%)           34M (2%)             -                  -          
[2024-07-21T21:46:24.373+0800][1.589s][gc,heap     ] GC(1) Reclaimed:         -                  -               354M (17%)         388M (19%)            -                  -          
[2024-07-21T21:46:24.373+0800][1.589s][gc          ] GC(1) Garbage Collection (Warmup) 428M(21%)->74M(4%)
[2024-07-21T21:46:25.346+0800][2.563s][gc,start    ] GC(2) Garbage Collection (Warmup)
[2024-07-21T21:46:25.346+0800][2.563s][gc,task     ] GC(2) Using 2 workers
[2024-07-21T21:46:25.346+0800][2.563s][gc,phases   ] GC(2) Pause Mark Start 0.012ms
[2024-07-21T21:46:25.362+0800][2.578s][gc,phases   ] GC(2) Concurrent Mark 15.222ms
[2024-07-21T21:46:25.362+0800][2.578s][gc,phases   ] GC(2) Pause Mark End 0.010ms
[2024-07-21T21:46:25.362+0800][2.578s][gc,phases   ] GC(2) Concurrent Mark Free 0.001ms
[2024-07-21T21:46:25.363+0800][2.579s][gc,phases   ] GC(2) Concurrent Process Non-Strong References 0.590ms
[2024-07-21T21:46:25.363+0800][2.579s][gc,phases   ] GC(2) Concurrent Reset Relocation Set 0.001ms
[2024-07-21T21:46:25.365+0800][2.581s][gc,phases   ] GC(2) Concurrent Select Relocation Set 2.096ms
[2024-07-21T21:46:25.365+0800][2.581s][gc,phases   ] GC(2) Pause Relocate Start 0.008ms
[2024-07-21T21:46:25.368+0800][2.585s][gc,phases   ] GC(2) Concurrent Relocate 3.393ms
[2024-07-21T21:46:25.368+0800][2.585s][gc,load     ] GC(2) Load: 0.00/0.00/0.00
[2024-07-21T21:46:25.368+0800][2.585s][gc,mmu      ] GC(2) MMU: 2ms/98.9%, 5ms/99.5%, 10ms/99.8%, 20ms/99.8%, 50ms/99.9%, 100ms/100.0%
[2024-07-21T21:46:25.368+0800][2.585s][gc,marking  ] GC(2) Mark: 2 stripe(s), 2 proactive flush(es), 1 terminate flush(es), 0 completion(s), 0 continuation(s) 
[2024-07-21T21:46:25.368+0800][2.585s][gc,marking  ] GC(2) Mark Stack Usage: 32M
[2024-07-21T21:46:25.368+0800][2.585s][gc,nmethod  ] GC(2) NMethods: 383 registered, 0 unregistered
[2024-07-21T21:46:25.369+0800][2.585s][gc,metaspace] GC(2) Metaspace: 1M used, 1M committed, 1032M reserved
[2024-07-21T21:46:25.369+0800][2.585s][gc,ref      ] GC(2) Soft: 93 encountered, 0 discovered, 0 enqueued
[2024-07-21T21:46:25.369+0800][2.585s][gc,ref      ] GC(2) Weak: 131 encountered, 94 discovered, 0 enqueued
[2024-07-21T21:46:25.369+0800][2.585s][gc,ref      ] GC(2) Final: 0 encountered, 0 discovered, 0 enqueued
[2024-07-21T21:46:25.369+0800][2.585s][gc,ref      ] GC(2) Phantom: 184 encountered, 98 discovered, 0 enqueued
[2024-07-21T21:46:25.369+0800][2.585s][gc,reloc    ] GC(2) Small Pages: 5 / 10M, Empty: 2M, Relocated: 1M, In-Place: 0
[2024-07-21T21:46:25.369+0800][2.585s][gc,reloc    ] GC(2) Medium Pages: 19 / 608M, Empty: 512M, Relocated: 11M, In-Place: 0
[2024-07-21T21:46:25.369+0800][2.585s][gc,reloc    ] GC(2) Large Pages: 0 / 0M, Empty: 0M, Relocated: 0M, In-Place: 0
[2024-07-21T21:46:25.369+0800][2.585s][gc,reloc    ] GC(2) Forwarding Usage: 0M
[2024-07-21T21:46:25.369+0800][2.585s][gc,heap     ] GC(2) Min Capacity: 8M(0%)
[2024-07-21T21:46:25.369+0800][2.585s][gc,heap     ] GC(2) Max Capacity: 2048M(100%)
[2024-07-21T21:46:25.369+0800][2.585s][gc,heap     ] GC(2) Soft Max Capacity: 2048M(100%)
[2024-07-21T21:46:25.369+0800][2.585s][gc,heap     ] GC(2)                Mark Start          Mark End        Relocate Start      Relocate End           High               Low         
[2024-07-21T21:46:25.369+0800][2.585s][gc,heap     ] GC(2)  Capacity:      640M (31%)         672M (33%)         672M (33%)         672M (33%)         672M (33%)         640M (31%)    
[2024-07-21T21:46:25.369+0800][2.586s][gc,heap     ] GC(2)      Free:     1430M (70%)        1396M (68%)        1910M (93%)        1974M (96%)        1974M (96%)        1396M (68%)    
[2024-07-21T21:46:25.369+0800][2.586s][gc,heap     ] GC(2)      Used:      618M (30%)         652M (32%)         138M (7%)           74M (4%)          652M (32%)          74M (4%)     
[2024-07-21T21:46:25.369+0800][2.586s][gc,heap     ] GC(2)      Live:         -                15M (1%)           15M (1%)           15M (1%)             -                  -          
[2024-07-21T21:46:25.369+0800][2.586s][gc,heap     ] GC(2) Allocated:         -                34M (2%)           34M (2%)           34M (2%)             -                  -          
[2024-07-21T21:46:25.369+0800][2.586s][gc,heap     ] GC(2)   Garbage:         -               602M (29%)          88M (4%)           24M (1%)             -                  -          
[2024-07-21T21:46:25.369+0800][2.586s][gc,heap     ] GC(2) Reclaimed:         -                  -               514M (25%)         578M (28%)            -                  -          
[2024-07-21T21:46:25.369+0800][2.586s][gc          ] GC(2) Garbage Collection (Warmup) 618M(30%)->74M(4%)
[2024-07-21T21:46:26.947+0800][4.163s][gc,start    ] GC(3) Garbage Collection (Proactive)
[2024-07-21T21:46:26.947+0800][4.163s][gc,task     ] GC(3) Using 2 workers
[2024-07-21T21:46:26.947+0800][4.163s][gc,phases   ] GC(3) Pause Mark Start 0.007ms
[2024-07-21T21:46:26.962+0800][4.179s][gc,phases   ] GC(3) Concurrent Mark 15.573ms
[2024-07-21T21:46:26.963+0800][4.179s][gc,phases   ] GC(3) Pause Mark End 0.017ms
[2024-07-21T21:46:26.963+0800][4.179s][gc,phases   ] GC(3) Concurrent Mark Free 0.001ms
[2024-07-21T21:46:26.963+0800][4.180s][gc,phases   ] GC(3) Concurrent Process Non-Strong References 0.934ms
[2024-07-21T21:46:26.963+0800][4.180s][gc,phases   ] GC(3) Concurrent Reset Relocation Set 0.001ms
[2024-07-21T21:46:26.965+0800][4.182s][gc,phases   ] GC(3) Concurrent Select Relocation Set 1.863ms
[2024-07-21T21:46:26.966+0800][4.182s][gc,phases   ] GC(3) Pause Relocate Start 0.006ms
[2024-07-21T21:46:26.967+0800][4.183s][gc,phases   ] GC(3) Concurrent Relocate 0.891ms
[2024-07-21T21:46:26.967+0800][4.183s][gc,load     ] GC(3) Load: 0.00/0.00/0.00
[2024-07-21T21:46:26.967+0800][4.183s][gc,mmu      ] GC(3) MMU: 2ms/98.9%, 5ms/99.5%, 10ms/99.8%, 20ms/99.8%, 50ms/99.9%, 100ms/100.0%
[2024-07-21T21:46:26.967+0800][4.183s][gc,marking  ] GC(3) Mark: 2 stripe(s), 1 proactive flush(es), 1 terminate flush(es), 0 completion(s), 0 continuation(s) 
[2024-07-21T21:46:26.967+0800][4.183s][gc,marking  ] GC(3) Mark Stack Usage: 32M
[2024-07-21T21:46:26.967+0800][4.183s][gc,nmethod  ] GC(3) NMethods: 405 registered, 0 unregistered
[2024-07-21T21:46:26.967+0800][4.183s][gc,metaspace] GC(3) Metaspace: 1M used, 1M committed, 1032M reserved
[2024-07-21T21:46:26.967+0800][4.183s][gc,ref      ] GC(3) Soft: 93 encountered, 0 discovered, 0 enqueued
[2024-07-21T21:46:26.967+0800][4.183s][gc,ref      ] GC(3) Weak: 131 encountered, 5 discovered, 0 enqueued
[2024-07-21T21:46:26.967+0800][4.183s][gc,ref      ] GC(3) Final: 0 encountered, 0 discovered, 0 enqueued
[2024-07-21T21:46:26.967+0800][4.183s][gc,ref      ] GC(3) Phantom: 184 encountered, 66 discovered, 0 enqueued
[2024-07-21T21:46:26.967+0800][4.183s][gc,reloc    ] GC(3) Small Pages: 6 / 12M, Empty: 0M, Relocated: 1M, In-Place: 0
[2024-07-21T21:46:26.967+0800][4.183s][gc,reloc    ] GC(3) Medium Pages: 29 / 928M, Empty: 896M, Relocated: 0M, In-Place: 0
[2024-07-21T21:46:26.967+0800][4.183s][gc,reloc    ] GC(3) Large Pages: 0 / 0M, Empty: 0M, Relocated: 0M, In-Place: 0
[2024-07-21T21:46:26.967+0800][4.183s][gc,reloc    ] GC(3) Forwarding Usage: 0M
[2024-07-21T21:46:26.967+0800][4.183s][gc,heap     ] GC(3) Min Capacity: 8M(0%)
[2024-07-21T21:46:26.967+0800][4.183s][gc,heap     ] GC(3) Max Capacity: 2048M(100%)
[2024-07-21T21:46:26.967+0800][4.184s][gc,heap     ] GC(3) Soft Max Capacity: 2048M(100%)
[2024-07-21T21:46:26.967+0800][4.184s][gc,heap     ] GC(3)                Mark Start          Mark End        Relocate Start      Relocate End           High               Low         
[2024-07-21T21:46:26.967+0800][4.184s][gc,heap     ] GC(3)  Capacity:      960M (47%)         992M (48%)         992M (48%)         992M (48%)         992M (48%)         960M (47%)    
[2024-07-21T21:46:26.967+0800][4.184s][gc,heap     ] GC(3)      Free:     1108M (54%)        1074M (52%)        1970M (96%)        1974M (96%)        1974M (96%)        1074M (52%)    
[2024-07-21T21:46:26.967+0800][4.184s][gc,heap     ] GC(3)      Used:      940M (46%)         974M (48%)          78M (4%)           74M (4%)          974M (48%)          74M (4%)     
[2024-07-21T21:46:26.967+0800][4.184s][gc,heap     ] GC(3)      Live:         -                 4M (0%)            4M (0%)            4M (0%)             -                  -          
[2024-07-21T21:46:26.967+0800][4.184s][gc,heap     ] GC(3) Allocated:         -                34M (2%)           34M (2%)           34M (2%)             -                  -          
[2024-07-21T21:46:26.967+0800][4.184s][gc,heap     ] GC(3)   Garbage:         -               935M (46%)          39M (2%)           35M (2%)             -                  -          
[2024-07-21T21:46:26.967+0800][4.184s][gc,heap     ] GC(3) Reclaimed:         -                  -               896M (44%)         900M (44%)            -                  -          
[2024-07-21T21:46:26.967+0800][4.184s][gc          ] GC(3) Garbage Collection (Proactive) 940M(46%)->74M(4%)
[2024-07-21T21:46:28.360+0800][5.576s][gc,start    ] GC(4) Garbage Collection (Proactive)
[2024-07-21T21:46:28.360+0800][5.576s][gc,task     ] GC(4) Using 2 workers
[2024-07-21T21:46:28.360+0800][5.576s][gc,phases   ] GC(4) Pause Mark Start 0.008ms
[2024-07-21T21:46:28.375+0800][5.591s][gc,phases   ] GC(4) Concurrent Mark 14.809ms
[2024-07-21T21:46:28.375+0800][5.591s][gc,phases   ] GC(4) Pause Mark End 0.011ms
[2024-07-21T21:46:28.375+0800][5.591s][gc,phases   ] GC(4) Concurrent Mark Free 0.001ms
[2024-07-21T21:46:28.376+0800][5.592s][gc,phases   ] GC(4) Concurrent Process Non-Strong References 0.930ms
[2024-07-21T21:46:28.376+0800][5.592s][gc,phases   ] GC(4) Concurrent Reset Relocation Set 0.001ms
[2024-07-21T21:46:28.378+0800][5.594s][gc,phases   ] GC(4) Concurrent Select Relocation Set 1.882ms
[2024-07-21T21:46:28.378+0800][5.595s][gc,phases   ] GC(4) Pause Relocate Start 0.007ms
[2024-07-21T21:46:28.380+0800][5.596s][gc,phases   ] GC(4) Concurrent Relocate 1.701ms
[2024-07-21T21:46:28.380+0800][5.596s][gc,load     ] GC(4) Load: 0.00/0.00/0.00
[2024-07-21T21:46:28.380+0800][5.596s][gc,mmu      ] GC(4) MMU: 2ms/98.9%, 5ms/99.5%, 10ms/99.8%, 20ms/99.8%, 50ms/99.9%, 100ms/100.0%
[2024-07-21T21:46:28.380+0800][5.596s][gc,marking  ] GC(4) Mark: 2 stripe(s), 2 proactive flush(es), 1 terminate flush(es), 0 completion(s), 0 continuation(s) 
[2024-07-21T21:46:28.380+0800][5.597s][gc,marking  ] GC(4) Mark Stack Usage: 32M
[2024-07-21T21:46:28.380+0800][5.597s][gc,nmethod  ] GC(4) NMethods: 435 registered, 0 unregistered
[2024-07-21T21:46:28.380+0800][5.597s][gc,metaspace] GC(4) Metaspace: 1M used, 1M committed, 1032M reserved
[2024-07-21T21:46:28.380+0800][5.597s][gc,ref      ] GC(4) Soft: 93 encountered, 0 discovered, 0 enqueued
[2024-07-21T21:46:28.380+0800][5.597s][gc,ref      ] GC(4) Weak: 131 encountered, 91 discovered, 0 enqueued
[2024-07-21T21:46:28.380+0800][5.597s][gc,ref      ] GC(4) Final: 0 encountered, 0 discovered, 0 enqueued
[2024-07-21T21:46:28.380+0800][5.597s][gc,ref      ] GC(4) Phantom: 184 encountered, 72 discovered, 0 enqueued
[2024-07-21T21:46:28.380+0800][5.597s][gc,reloc    ] GC(4) Small Pages: 5 / 10M, Empty: 2M, Relocated: 1M, In-Place: 0
[2024-07-21T21:46:28.380+0800][5.597s][gc,reloc    ] GC(4) Medium Pages: 30 / 960M, Empty: 896M, Relocated: 4M, In-Place: 0
[2024-07-21T21:46:28.380+0800][5.597s][gc,reloc    ] GC(4) Large Pages: 0 / 0M, Empty: 0M, Relocated: 0M, In-Place: 0
[2024-07-21T21:46:28.380+0800][5.597s][gc,reloc    ] GC(4) Forwarding Usage: 0M
[2024-07-21T21:46:28.380+0800][5.597s][gc,heap     ] GC(4) Min Capacity: 8M(0%)
[2024-07-21T21:46:28.380+0800][5.597s][gc,heap     ] GC(4) Max Capacity: 2048M(100%)
[2024-07-21T21:46:28.381+0800][5.597s][gc,heap     ] GC(4) Soft Max Capacity: 2048M(100%)
[2024-07-21T21:46:28.381+0800][5.597s][gc,heap     ] GC(4)                Mark Start          Mark End        Relocate Start      Relocate End           High               Low         
[2024-07-21T21:46:28.381+0800][5.597s][gc,heap     ] GC(4)  Capacity:      992M (48%)        1024M (50%)        1024M (50%)        1024M (50%)        1024M (50%)         992M (48%)    
[2024-07-21T21:46:28.381+0800][5.597s][gc,heap     ] GC(4)      Free:     1078M (53%)        1044M (51%)        1942M (95%)        1976M (96%)        1976M (96%)        1044M (51%)    
[2024-07-21T21:46:28.381+0800][5.597s][gc,heap     ] GC(4)      Used:      970M (47%)        1004M (49%)         106M (5%)           72M (4%)         1004M (49%)          72M (4%)     
[2024-07-21T21:46:28.381+0800][5.597s][gc,heap     ] GC(4)      Live:         -                 8M (0%)            8M (0%)            8M (0%)             -                  -          
[2024-07-21T21:46:28.381+0800][5.597s][gc,heap     ] GC(4) Allocated:         -                34M (2%)           34M (2%)           33M (2%)             -                  -          
[2024-07-21T21:46:28.381+0800][5.597s][gc,heap     ] GC(4)   Garbage:         -               961M (47%)          63M (3%)           29M (1%)             -                  -          
[2024-07-21T21:46:28.381+0800][5.597s][gc,heap     ] GC(4) Reclaimed:         -                  -               898M (44%)         931M (46%)            -                  -          
[2024-07-21T21:46:28.381+0800][5.597s][gc          ] GC(4) Garbage Collection (Proactive) 970M(47%)->72M(4%)
[2024-07-21T21:46:29.647+0800][6.863s][gc,start    ] GC(5) Garbage Collection (Proactive)
[2024-07-21T21:46:29.647+0800][6.864s][gc,task     ] GC(5) Using 2 workers
[2024-07-21T21:46:29.647+0800][6.864s][gc,phases   ] GC(5) Pause Mark Start 0.011ms
[2024-07-21T21:46:29.663+0800][6.880s][gc,phases   ] GC(5) Concurrent Mark 15.403ms
[2024-07-21T21:46:29.663+0800][6.880s][gc,phases   ] GC(5) Pause Mark End 0.011ms
[2024-07-21T21:46:29.663+0800][6.880s][gc,phases   ] GC(5) Concurrent Mark Free 0.002ms
[2024-07-21T21:46:29.665+0800][6.881s][gc,phases   ] GC(5) Concurrent Process Non-Strong References 1.068ms
[2024-07-21T21:46:29.665+0800][6.881s][gc,phases   ] GC(5) Concurrent Reset Relocation Set 0.001ms
[2024-07-21T21:46:29.666+0800][6.883s][gc,phases   ] GC(5) Concurrent Select Relocation Set 1.747ms
[2024-07-21T21:46:29.667+0800][6.883s][gc,phases   ] GC(5) Pause Relocate Start 0.019ms
[2024-07-21T21:46:29.669+0800][6.886s][gc,phases   ] GC(5) Concurrent Relocate 2.472ms
[2024-07-21T21:46:29.669+0800][6.886s][gc,load     ] GC(5) Load: 0.00/0.00/0.00
[2024-07-21T21:46:29.669+0800][6.886s][gc,mmu      ] GC(5) MMU: 2ms/98.9%, 5ms/99.4%, 10ms/99.7%, 20ms/99.8%, 50ms/99.9%, 100ms/100.0%
[2024-07-21T21:46:29.669+0800][6.886s][gc,marking  ] GC(5) Mark: 2 stripe(s), 2 proactive flush(es), 1 terminate flush(es), 0 completion(s), 0 continuation(s) 
[2024-07-21T21:46:29.669+0800][6.886s][gc,marking  ] GC(5) Mark Stack Usage: 32M
[2024-07-21T21:46:29.669+0800][6.886s][gc,nmethod  ] GC(5) NMethods: 437 registered, 0 unregistered
[2024-07-21T21:46:29.669+0800][6.886s][gc,metaspace] GC(5) Metaspace: 1M used, 1M committed, 1032M reserved
[2024-07-21T21:46:29.669+0800][6.886s][gc,ref      ] GC(5) Soft: 93 encountered, 0 discovered, 0 enqueued
[2024-07-21T21:46:29.669+0800][6.886s][gc,ref      ] GC(5) Weak: 131 encountered, 107 discovered, 0 enqueued
[2024-07-21T21:46:29.669+0800][6.886s][gc,ref      ] GC(5) Final: 0 encountered, 0 discovered, 0 enqueued
[2024-07-21T21:46:29.669+0800][6.886s][gc,ref      ] GC(5) Phantom: 184 encountered, 156 discovered, 0 enqueued
[2024-07-21T21:46:29.669+0800][6.886s][gc,reloc    ] GC(5) Small Pages: 4 / 8M, Empty: 0M, Relocated: 1M, In-Place: 0
[2024-07-21T21:46:29.669+0800][6.886s][gc,reloc    ] GC(5) Medium Pages: 28 / 896M, Empty: 800M, Relocated: 12M, In-Place: 0
[2024-07-21T21:46:29.669+0800][6.886s][gc,reloc    ] GC(5) Large Pages: 0 / 0M, Empty: 0M, Relocated: 0M, In-Place: 0
[2024-07-21T21:46:29.669+0800][6.886s][gc,reloc    ] GC(5) Forwarding Usage: 0M
[2024-07-21T21:46:29.669+0800][6.886s][gc,heap     ] GC(5) Min Capacity: 8M(0%)
[2024-07-21T21:46:29.669+0800][6.886s][gc,heap     ] GC(5) Max Capacity: 2048M(100%)
[2024-07-21T21:46:29.670+0800][6.886s][gc,heap     ] GC(5) Soft Max Capacity: 2048M(100%)
[2024-07-21T21:46:29.670+0800][6.886s][gc,heap     ] GC(5)                Mark Start          Mark End        Relocate Start      Relocate End           High               Low         
[2024-07-21T21:46:29.670+0800][6.886s][gc,heap     ] GC(5)  Capacity:     1024M (50%)        1024M (50%)        1024M (50%)        1024M (50%)        1024M (50%)        1024M (50%)    
[2024-07-21T21:46:29.670+0800][6.886s][gc,heap     ] GC(5)      Free:     1144M (56%)        1110M (54%)        1910M (93%)        1976M (96%)        1976M (96%)        1110M (54%)    
[2024-07-21T21:46:29.670+0800][6.886s][gc,heap     ] GC(5)      Used:      904M (44%)         938M (46%)         138M (7%)           72M (4%)          938M (46%)          72M (4%)     
[2024-07-21T21:46:29.670+0800][6.886s][gc,heap     ] GC(5)      Live:         -                16M (1%)           16M (1%)           16M (1%)             -                  -          
[2024-07-21T21:46:29.670+0800][6.886s][gc,heap     ] GC(5) Allocated:         -                34M (2%)           34M (2%)           33M (2%)             -                  -          
[2024-07-21T21:46:29.670+0800][6.886s][gc,heap     ] GC(5)   Garbage:         -               887M (43%)          87M (4%)           21M (1%)             -                  -          
[2024-07-21T21:46:29.670+0800][6.886s][gc,heap     ] GC(5) Reclaimed:         -                  -               800M (39%)         865M (42%)            -                  -          
[2024-07-21T21:46:29.670+0800][6.886s][gc          ] GC(5) Garbage Collection (Proactive) 904M(44%)->72M(4%)
[2024-07-21T21:46:30.956+0800][8.172s][gc,start    ] GC(6) Garbage Collection (Proactive)
[2024-07-21T21:46:30.956+0800][8.172s][gc,task     ] GC(6) Using 2 workers
[2024-07-21T21:46:30.956+0800][8.172s][gc,phases   ] GC(6) Pause Mark Start 0.008ms
[2024-07-21T21:46:30.972+0800][8.188s][gc,phases   ] GC(6) Concurrent Mark 15.335ms
[2024-07-21T21:46:30.972+0800][8.188s][gc,phases   ] GC(6) Pause Mark End 0.010ms
[2024-07-21T21:46:30.972+0800][8.188s][gc,phases   ] GC(6) Concurrent Mark Free 0.001ms
[2024-07-21T21:46:30.973+0800][8.189s][gc,phases   ] GC(6) Concurrent Process Non-Strong References 0.981ms
[2024-07-21T21:46:30.973+0800][8.189s][gc,phases   ] GC(6) Concurrent Reset Relocation Set 0.001ms
[2024-07-21T21:46:30.975+0800][8.192s][gc,phases   ] GC(6) Concurrent Select Relocation Set 2.122ms
[2024-07-21T21:46:30.975+0800][8.192s][gc,phases   ] GC(6) Pause Relocate Start 0.007ms
[2024-07-21T21:46:30.977+0800][8.193s][gc,phases   ] GC(6) Concurrent Relocate 1.274ms
[2024-07-21T21:46:30.977+0800][8.193s][gc,load     ] GC(6) Load: 0.00/0.00/0.00
[2024-07-21T21:46:30.977+0800][8.193s][gc,mmu      ] GC(6) MMU: 2ms/98.9%, 5ms/99.4%, 10ms/99.7%, 20ms/99.8%, 50ms/99.9%, 100ms/100.0%
[2024-07-21T21:46:30.977+0800][8.193s][gc,marking  ] GC(6) Mark: 2 stripe(s), 2 proactive flush(es), 1 terminate flush(es), 0 completion(s), 0 continuation(s) 
[2024-07-21T21:46:30.977+0800][8.193s][gc,marking  ] GC(6) Mark Stack Usage: 32M
[2024-07-21T21:46:30.977+0800][8.193s][gc,nmethod  ] GC(6) NMethods: 444 registered, 0 unregistered
[2024-07-21T21:46:30.977+0800][8.193s][gc,metaspace] GC(6) Metaspace: 1M used, 1M committed, 1032M reserved
[2024-07-21T21:46:30.977+0800][8.193s][gc,ref      ] GC(6) Soft: 93 encountered, 0 discovered, 0 enqueued
[2024-07-21T21:46:30.977+0800][8.193s][gc,ref      ] GC(6) Weak: 131 encountered, 79 discovered, 0 enqueued
[2024-07-21T21:46:30.977+0800][8.193s][gc,ref      ] GC(6) Final: 0 encountered, 0 discovered, 0 enqueued
[2024-07-21T21:46:30.977+0800][8.193s][gc,ref      ] GC(6) Phantom: 184 encountered, 179 discovered, 0 enqueued
[2024-07-21T21:46:30.977+0800][8.193s][gc,reloc    ] GC(6) Small Pages: 4 / 8M, Empty: 0M, Relocated: 1M, In-Place: 0
[2024-07-21T21:46:30.977+0800][8.193s][gc,reloc    ] GC(6) Medium Pages: 28 / 896M, Empty: 832M, Relocated: 2M, In-Place: 0
[2024-07-21T21:46:30.977+0800][8.193s][gc,reloc    ] GC(6) Large Pages: 0 / 0M, Empty: 0M, Relocated: 0M, In-Place: 0
[2024-07-21T21:46:30.977+0800][8.193s][gc,reloc    ] GC(6) Forwarding Usage: 0M
[2024-07-21T21:46:30.977+0800][8.193s][gc,heap     ] GC(6) Min Capacity: 8M(0%)
[2024-07-21T21:46:30.977+0800][8.193s][gc,heap     ] GC(6) Max Capacity: 2048M(100%)
[2024-07-21T21:46:30.977+0800][8.193s][gc,heap     ] GC(6) Soft Max Capacity: 2048M(100%)
[2024-07-21T21:46:30.977+0800][8.193s][gc,heap     ] GC(6)                Mark Start          Mark End        Relocate Start      Relocate End           High               Low         
[2024-07-21T21:46:30.977+0800][8.193s][gc,heap     ] GC(6)  Capacity:     1024M (50%)        1024M (50%)        1024M (50%)        1024M (50%)        1024M (50%)        1024M (50%)    
[2024-07-21T21:46:30.977+0800][8.193s][gc,heap     ] GC(6)      Free:     1144M (56%)        1110M (54%)        1942M (95%)        1976M (96%)        1976M (96%)        1110M (54%)    
[2024-07-21T21:46:30.977+0800][8.193s][gc,heap     ] GC(6)      Used:      904M (44%)         938M (46%)         106M (5%)           72M (4%)          938M (46%)          72M (4%)     
[2024-07-21T21:46:30.977+0800][8.193s][gc,heap     ] GC(6)      Live:         -                 6M (0%)            6M (0%)            6M (0%)             -                  -          
[2024-07-21T21:46:30.977+0800][8.193s][gc,heap     ] GC(6) Allocated:         -                34M (2%)           34M (2%)           34M (2%)             -                  -          
[2024-07-21T21:46:30.977+0800][8.193s][gc,heap     ] GC(6)   Garbage:         -               897M (44%)          65M (3%)           31M (2%)             -                  -          
[2024-07-21T21:46:30.977+0800][8.193s][gc,heap     ] GC(6) Reclaimed:         -                  -               832M (41%)         866M (42%)            -                  -          
[2024-07-21T21:46:30.977+0800][8.193s][gc          ] GC(6) Garbage Collection (Proactive) 904M(44%)->72M(4%)
[2024-07-21T21:46:32.153+0800][9.369s][gc,start    ] GC(7) Garbage Collection (Proactive)
[2024-07-21T21:46:32.153+0800][9.369s][gc,task     ] GC(7) Using 2 workers
[2024-07-21T21:46:32.153+0800][9.369s][gc,phases   ] GC(7) Pause Mark Start 0.014ms
[2024-07-21T21:46:32.169+0800][9.385s][gc,phases   ] GC(7) Concurrent Mark 15.564ms
[2024-07-21T21:46:32.169+0800][9.385s][gc,phases   ] GC(7) Pause Mark End 0.020ms
[2024-07-21T21:46:32.169+0800][9.386s][gc,phases   ] GC(7) Concurrent Mark Free 0.001ms
[2024-07-21T21:46:32.170+0800][9.386s][gc,phases   ] GC(7) Concurrent Process Non-Strong References 0.925ms
[2024-07-21T21:46:32.170+0800][9.387s][gc,phases   ] GC(7) Concurrent Reset Relocation Set 0.001ms
[2024-07-21T21:46:32.173+0800][9.389s][gc,phases   ] GC(7) Concurrent Select Relocation Set 2.876ms
[2024-07-21T21:46:32.174+0800][9.390s][gc,phases   ] GC(7) Pause Relocate Start 0.018ms
[2024-07-21T21:46:32.175+0800][9.392s][gc,phases   ] GC(7) Concurrent Relocate 1.802ms
[2024-07-21T21:46:32.176+0800][9.392s][gc,load     ] GC(7) Load: 0.00/0.00/0.00
[2024-07-21T21:46:32.176+0800][9.392s][gc,mmu      ] GC(7) MMU: 2ms/98.9%, 5ms/99.2%, 10ms/99.6%, 20ms/99.8%, 50ms/99.9%, 100ms/99.9%
[2024-07-21T21:46:32.176+0800][9.392s][gc,marking  ] GC(7) Mark: 2 stripe(s), 2 proactive flush(es), 1 terminate flush(es), 0 completion(s), 0 continuation(s) 
[2024-07-21T21:46:32.176+0800][9.392s][gc,marking  ] GC(7) Mark Stack Usage: 32M
[2024-07-21T21:46:32.176+0800][9.392s][gc,nmethod  ] GC(7) NMethods: 455 registered, 0 unregistered
[2024-07-21T21:46:32.176+0800][9.392s][gc,metaspace] GC(7) Metaspace: 1M used, 1M committed, 1032M reserved
[2024-07-21T21:46:32.176+0800][9.392s][gc,ref      ] GC(7) Soft: 93 encountered, 0 discovered, 0 enqueued
[2024-07-21T21:46:32.176+0800][9.392s][gc,ref      ] GC(7) Weak: 131 encountered, 78 discovered, 0 enqueued
[2024-07-21T21:46:32.176+0800][9.392s][gc,ref      ] GC(7) Final: 0 encountered, 0 discovered, 0 enqueued
[2024-07-21T21:46:32.176+0800][9.392s][gc,ref      ] GC(7) Phantom: 184 encountered, 157 discovered, 0 enqueued
[2024-07-21T21:46:32.176+0800][9.392s][gc,reloc    ] GC(7) Small Pages: 4 / 8M, Empty: 0M, Relocated: 1M, In-Place: 0
[2024-07-21T21:46:32.176+0800][9.392s][gc,reloc    ] GC(7) Medium Pages: 26 / 832M, Empty: 768M, Relocated: 1M, In-Place: 0
[2024-07-21T21:46:32.176+0800][9.392s][gc,reloc    ] GC(7) Large Pages: 0 / 0M, Empty: 0M, Relocated: 0M, In-Place: 0
[2024-07-21T21:46:32.176+0800][9.392s][gc,reloc    ] GC(7) Forwarding Usage: 0M
[2024-07-21T21:46:32.176+0800][9.392s][gc,heap     ] GC(7) Min Capacity: 8M(0%)
[2024-07-21T21:46:32.176+0800][9.392s][gc,heap     ] GC(7) Max Capacity: 2048M(100%)
[2024-07-21T21:46:32.176+0800][9.392s][gc,heap     ] GC(7) Soft Max Capacity: 2048M(100%)
[2024-07-21T21:46:32.176+0800][9.392s][gc,heap     ] GC(7)                Mark Start          Mark End        Relocate Start      Relocate End           High               Low         
[2024-07-21T21:46:32.176+0800][9.392s][gc,heap     ] GC(7)  Capacity:     1024M (50%)        1024M (50%)        1024M (50%)        1024M (50%)        1024M (50%)        1024M (50%)    
[2024-07-21T21:46:32.176+0800][9.392s][gc,heap     ] GC(7)      Free:     1208M (59%)        1174M (57%)        1942M (95%)        1976M (96%)        1976M (96%)        1174M (57%)    
[2024-07-21T21:46:32.176+0800][9.392s][gc,heap     ] GC(7)      Used:      840M (41%)         874M (43%)         106M (5%)           72M (4%)          874M (43%)          72M (4%)     
[2024-07-21T21:46:32.176+0800][9.392s][gc,heap     ] GC(7)      Live:         -                 5M (0%)            5M (0%)            5M (0%)             -                  -          
[2024-07-21T21:46:32.176+0800][9.392s][gc,heap     ] GC(7) Allocated:         -                34M (2%)           34M (2%)           33M (2%)             -                  -          
[2024-07-21T21:46:32.176+0800][9.392s][gc,heap     ] GC(7)   Garbage:         -               834M (41%)          66M (3%)           32M (2%)             -                  -          
[2024-07-21T21:46:32.176+0800][9.392s][gc,heap     ] GC(7) Reclaimed:         -                  -               768M (38%)         801M (39%)            -                  -          
[2024-07-21T21:46:32.176+0800][9.392s][gc          ] GC(7) Garbage Collection (Proactive) 840M(41%)->72M(4%)
[2024-07-21T21:46:32.849+0800][10.065s][gc,stats    ] === Garbage Collection Statistics =======================================================================================================================
[2024-07-21T21:46:32.849+0800][10.066s][gc,stats    ]                                                              Last 10s              Last 10m              Last 10h                Total
[2024-07-21T21:46:32.849+0800][10.066s][gc,stats    ]                                                              Avg / Max             Avg / Max             Avg / Max             Avg / Max
[2024-07-21T21:46:32.849+0800][10.066s][gc,stats    ]   Collector: Garbage Collection Cycle                     22.968 / 31.625       22.968 / 31.625       22.968 / 31.625       22.968 / 31.625      ms
[2024-07-21T21:46:32.849+0800][10.066s][gc,stats    ]  Contention: Mark Segment Reset Contention                     0 / 1                 0 / 1                 0 / 1                 0 / 1           ops/s
[2024-07-21T21:46:32.849+0800][10.066s][gc,stats    ]  Contention: Mark SeqNum Reset Contention                      0 / 1                 0 / 1                 0 / 1                 0 / 1           ops/s
[2024-07-21T21:46:32.849+0800][10.066s][gc,stats    ]    Critical: Allocation Stall                                  0 / 0                 0 / 0                 0 / 0                 0 / 0           ops/s
[2024-07-21T21:46:32.849+0800][10.066s][gc,stats    ]    Critical: Allocation Stall                              0.000 / 0.000         0.000 / 0.000         0.000 / 0.000         0.000 / 0.000       ms
[2024-07-21T21:46:32.849+0800][10.066s][gc,stats    ]    Critical: GC Locker Stall                                   0 / 0                 0 / 0                 0 / 0                 0 / 0           ops/s
[2024-07-21T21:46:32.849+0800][10.066s][gc,stats    ]    Critical: GC Locker Stall                               0.000 / 0.000         0.000 / 0.000         0.000 / 0.000         0.000 / 0.000       ms
[2024-07-21T21:46:32.849+0800][10.066s][gc,stats    ]    Critical: Relocation Stall                                  0 / 0                 0 / 0                 0 / 0                 0 / 0           ops/s
[2024-07-21T21:46:32.849+0800][10.066s][gc,stats    ]    Critical: Relocation Stall                              0.000 / 0.000         0.000 / 0.000         0.000 / 0.000         0.000 / 0.000       ms
[2024-07-21T21:46:32.849+0800][10.066s][gc,stats    ]      Memory: Allocation Rate                                 604 / 706             604 / 706             604 / 706             604 / 706         MB/s
[2024-07-21T21:46:32.849+0800][10.066s][gc,stats    ]      Memory: Out Of Memory                                     0 / 0                 0 / 0                 0 / 0                 0 / 0           ops/s
[2024-07-21T21:46:32.849+0800][10.066s][gc,stats    ]      Memory: Page Cache Flush                                  0 / 0                 0 / 0                 0 / 0                 0 / 0           MB/s
[2024-07-21T21:46:32.849+0800][10.066s][gc,stats    ]      Memory: Page Cache Hit L1                                18 / 25               18 / 25               18 / 25               18 / 25          ops/s
[2024-07-21T21:46:32.849+0800][10.066s][gc,stats    ]      Memory: Page Cache Hit L2                                 0 / 0                 0 / 0                 0 / 0                 0 / 0           ops/s
[2024-07-21T21:46:32.849+0800][10.066s][gc,stats    ]      Memory: Page Cache Hit L3                                 1 / 15                1 / 15                1 / 15                1 / 15          ops/s
[2024-07-21T21:46:32.849+0800][10.066s][gc,stats    ]      Memory: Page Cache Miss                                   2 / 8                 2 / 8                 2 / 8                 2 / 8           ops/s
[2024-07-21T21:46:32.849+0800][10.066s][gc,stats    ]      Memory: Uncommit                                          0 / 0                 0 / 0                 0 / 0                 0 / 0           MB/s
[2024-07-21T21:46:32.849+0800][10.066s][gc,stats    ]      Memory: Undo Object Allocation Failed                     0 / 0                 0 / 0                 0 / 0                 0 / 0           ops/s
[2024-07-21T21:46:32.849+0800][10.066s][gc,stats    ]      Memory: Undo Object Allocation Succeeded                  0 / 0                 0 / 0                 0 / 0                 0 / 0           ops/s
[2024-07-21T21:46:32.849+0800][10.066s][gc,stats    ]      Memory: Undo Page Allocation                              0 / 0                 0 / 0                 0 / 0                 0 / 0           ops/s
[2024-07-21T21:46:32.849+0800][10.066s][gc,stats    ]       Phase: Concurrent Mark                              15.389 / 15.671       15.389 / 15.671       15.389 / 15.671       15.389 / 15.671      ms
[2024-07-21T21:46:32.849+0800][10.066s][gc,stats    ]       Phase: Concurrent Mark Continue                      0.000 / 0.000         0.000 / 0.000         0.000 / 0.000         0.000 / 0.000       ms
[2024-07-21T21:46:32.849+0800][10.066s][gc,stats    ]       Phase: Concurrent Mark Free                          0.001 / 0.002         0.001 / 0.002         0.001 / 0.002         0.001 / 0.002       ms
[2024-07-21T21:46:32.849+0800][10.066s][gc,stats    ]       Phase: Concurrent Process Non-Strong References      0.852 / 1.068         0.852 / 1.068         0.852 / 1.068         0.852 / 1.068       ms
[2024-07-21T21:46:32.849+0800][10.066s][gc,stats    ]       Phase: Concurrent Relocate                           2.207 / 4.369         2.207 / 4.369         2.207 / 4.369         2.207 / 4.369       ms
[2024-07-21T21:46:32.849+0800][10.066s][gc,stats    ]       Phase: Concurrent Reset Relocation Set               0.001 / 0.001         0.001 / 0.001         0.001 / 0.001         0.001 / 0.001       ms
[2024-07-21T21:46:32.849+0800][10.066s][gc,stats    ]       Phase: Concurrent Select Relocation Set              3.177 / 10.130        3.177 / 10.130        3.177 / 10.130        3.177 / 10.130      ms
[2024-07-21T21:46:32.849+0800][10.066s][gc,stats    ]       Phase: Pause Mark End                                0.014 / 0.023         0.014 / 0.023         0.014 / 0.023         0.014 / 0.023       ms
[2024-07-21T21:46:32.850+0800][10.066s][gc,stats    ]       Phase: Pause Mark Start                              0.009 / 0.014         0.009 / 0.014         0.009 / 0.014         0.009 / 0.014       ms
[2024-07-21T21:46:32.850+0800][10.066s][gc,stats    ]       Phase: Pause Relocate Start                          0.010 / 0.019         0.010 / 0.019         0.010 / 0.019         0.010 / 0.019       ms
[2024-07-21T21:46:32.850+0800][10.066s][gc,stats    ]    Subphase: Concurrent Classes Purge                      0.091 / 0.132         0.091 / 0.132         0.091 / 0.132         0.091 / 0.132       ms
[2024-07-21T21:46:32.850+0800][10.066s][gc,stats    ]    Subphase: Concurrent Classes Unlink                     0.291 / 0.399         0.291 / 0.399         0.291 / 0.399         0.291 / 0.399       ms
[2024-07-21T21:46:32.850+0800][10.066s][gc,stats    ]    Subphase: Concurrent Mark                               8.939 / 15.107        8.939 / 15.107        8.939 / 15.107        8.939 / 15.107      ms
[2024-07-21T21:46:32.850+0800][10.066s][gc,stats    ]    Subphase: Concurrent Mark Try Flush                     0.126 / 0.878         0.126 / 0.878         0.126 / 0.878         0.126 / 0.878       ms
[2024-07-21T21:46:32.850+0800][10.066s][gc,stats    ]    Subphase: Concurrent Mark Try Terminate                 4.102 / 13.122        4.102 / 13.122        4.102 / 13.122        4.102 / 13.122      ms
[2024-07-21T21:46:32.850+0800][10.066s][gc,stats    ]    Subphase: Concurrent References Enqueue                 0.001 / 0.003         0.001 / 0.003         0.001 / 0.003         0.001 / 0.003       ms
[2024-07-21T21:46:32.850+0800][10.066s][gc,stats    ]    Subphase: Concurrent References Process                 0.114 / 0.160         0.114 / 0.160         0.114 / 0.160         0.114 / 0.160       ms
[2024-07-21T21:46:32.850+0800][10.066s][gc,stats    ]    Subphase: Concurrent Roots ClassLoaderDataGraph         0.081 / 0.347         0.081 / 0.347         0.081 / 0.347         0.081 / 0.347       ms
[2024-07-21T21:46:32.850+0800][10.066s][gc,stats    ]    Subphase: Concurrent Roots CodeCache                    0.000 / 0.000         0.000 / 0.000         0.000 / 0.000         0.000 / 0.000       ms
[2024-07-21T21:46:32.850+0800][10.067s][gc,stats    ]    Subphase: Concurrent Roots JavaThreads                  0.213 / 0.483         0.213 / 0.483         0.213 / 0.483         0.213 / 0.483       ms
[2024-07-21T21:46:32.850+0800][10.067s][gc,stats    ]    Subphase: Concurrent Roots OopStorageSet                0.023 / 0.038         0.023 / 0.038         0.023 / 0.038         0.023 / 0.038       ms
[2024-07-21T21:46:32.850+0800][10.067s][gc,stats    ]    Subphase: Concurrent Weak Roots OopStorageSet           0.158 / 0.229         0.158 / 0.229         0.158 / 0.229         0.158 / 0.229       ms
[2024-07-21T21:46:32.850+0800][10.067s][gc,stats    ]    Subphase: Pause Mark Try Complete                       0.000 / 0.000         0.000 / 0.000         0.000 / 0.000         0.000 / 0.000       ms
[2024-07-21T21:46:32.850+0800][10.067s][gc,stats    ]      System: Java Threads                                     13 / 13               13 / 13               13 / 13               13 / 13          threads
[2024-07-21T21:46:32.850+0800][10.067s][gc,stats    ] =========================================================================================================================================================
[2024-07-21T21:46:33.448+0800][10.665s][gc,start    ] GC(8) Garbage Collection (Proactive)
[2024-07-21T21:46:33.448+0800][10.665s][gc,task     ] GC(8) Using 2 workers
[2024-07-21T21:46:33.448+0800][10.665s][gc,phases   ] GC(8) Pause Mark Start 0.010ms
[2024-07-21T21:46:33.464+0800][10.680s][gc,phases   ] GC(8) Concurrent Mark 15.216ms
[2024-07-21T21:46:33.464+0800][10.680s][gc,phases   ] GC(8) Pause Mark End 0.022ms
[2024-07-21T21:46:33.464+0800][10.681s][gc,phases   ] GC(8) Concurrent Mark Free 0.001ms
[2024-07-21T21:46:33.465+0800][10.682s][gc,phases   ] GC(8) Concurrent Process Non-Strong References 1.056ms
[2024-07-21T21:46:33.465+0800][10.682s][gc,phases   ] GC(8) Concurrent Reset Relocation Set 0.002ms
[2024-07-21T21:46:33.467+0800][10.684s][gc,phases   ] GC(8) Concurrent Select Relocation Set 2.304ms
[2024-07-21T21:46:33.468+0800][10.684s][gc,phases   ] GC(8) Pause Relocate Start 0.007ms
[2024-07-21T21:46:33.472+0800][10.688s][gc,phases   ] GC(8) Concurrent Relocate 3.989ms
[2024-07-21T21:46:33.472+0800][10.688s][gc,load     ] GC(8) Load: 0.00/0.00/0.00
[2024-07-21T21:46:33.472+0800][10.688s][gc,mmu      ] GC(8) MMU: 2ms/98.9%, 5ms/99.2%, 10ms/99.6%, 20ms/99.8%, 50ms/99.9%, 100ms/99.9%
[2024-07-21T21:46:33.472+0800][10.688s][gc,marking  ] GC(8) Mark: 2 stripe(s), 2 proactive flush(es), 1 terminate flush(es), 0 completion(s), 0 continuation(s) 
[2024-07-21T21:46:33.472+0800][10.688s][gc,marking  ] GC(8) Mark Stack Usage: 32M
[2024-07-21T21:46:33.472+0800][10.688s][gc,nmethod  ] GC(8) NMethods: 456 registered, 0 unregistered
[2024-07-21T21:46:33.472+0800][10.688s][gc,metaspace] GC(8) Metaspace: 1M used, 1M committed, 1032M reserved
[2024-07-21T21:46:33.472+0800][10.688s][gc,ref      ] GC(8) Soft: 93 encountered, 0 discovered, 0 enqueued
[2024-07-21T21:46:33.472+0800][10.688s][gc,ref      ] GC(8) Weak: 131 encountered, 107 discovered, 0 enqueued
[2024-07-21T21:46:33.472+0800][10.688s][gc,ref      ] GC(8) Final: 0 encountered, 0 discovered, 0 enqueued
[2024-07-21T21:46:33.472+0800][10.689s][gc,ref      ] GC(8) Phantom: 184 encountered, 156 discovered, 0 enqueued
[2024-07-21T21:46:33.472+0800][10.689s][gc,reloc    ] GC(8) Small Pages: 4 / 8M, Empty: 0M, Relocated: 1M, In-Place: 0
[2024-07-21T21:46:33.472+0800][10.689s][gc,reloc    ] GC(8) Medium Pages: 28 / 896M, Empty: 800M, Relocated: 14M, In-Place: 0
[2024-07-21T21:46:33.472+0800][10.689s][gc,reloc    ] GC(8) Large Pages: 0 / 0M, Empty: 0M, Relocated: 0M, In-Place: 0
[2024-07-21T21:46:33.472+0800][10.689s][gc,reloc    ] GC(8) Forwarding Usage: 0M
[2024-07-21T21:46:33.472+0800][10.689s][gc,heap     ] GC(8) Min Capacity: 8M(0%)
[2024-07-21T21:46:33.472+0800][10.689s][gc,heap     ] GC(8) Max Capacity: 2048M(100%)
[2024-07-21T21:46:33.472+0800][10.689s][gc,heap     ] GC(8) Soft Max Capacity: 2048M(100%)
[2024-07-21T21:46:33.472+0800][10.689s][gc,heap     ] GC(8)                Mark Start          Mark End        Relocate Start      Relocate End           High               Low         
[2024-07-21T21:46:33.472+0800][10.689s][gc,heap     ] GC(8)  Capacity:     1024M (50%)        1024M (50%)        1024M (50%)        1024M (50%)        1024M (50%)        1024M (50%)    
[2024-07-21T21:46:33.472+0800][10.689s][gc,heap     ] GC(8)      Free:     1144M (56%)        1110M (54%)        1910M (93%)        1976M (96%)        1976M (96%)        1110M (54%)    
[2024-07-21T21:46:33.472+0800][10.689s][gc,heap     ] GC(8)      Used:      904M (44%)         938M (46%)         138M (7%)           72M (4%)          938M (46%)          72M (4%)     
[2024-07-21T21:46:33.472+0800][10.689s][gc,heap     ] GC(8)      Live:         -                18M (1%)           18M (1%)           18M (1%)             -                  -          
[2024-07-21T21:46:33.472+0800][10.689s][gc,heap     ] GC(8) Allocated:         -                34M (2%)           34M (2%)           33M (2%)             -                  -          
[2024-07-21T21:46:33.472+0800][10.689s][gc,heap     ] GC(8)   Garbage:         -               885M (43%)          85M (4%)           19M (1%)             -                  -          
[2024-07-21T21:46:33.472+0800][10.689s][gc,heap     ] GC(8) Reclaimed:         -                  -               800M (39%)         865M (42%)            -                  -          
[2024-07-21T21:46:33.472+0800][10.689s][gc          ] GC(8) Garbage Collection (Proactive) 904M(44%)->72M(4%)
[2024-07-21T21:46:34.854+0800][12.070s][gc,start    ] GC(9) Garbage Collection (Proactive)
[2024-07-21T21:46:34.854+0800][12.070s][gc,task     ] GC(9) Using 2 workers
[2024-07-21T21:46:34.854+0800][12.070s][gc,phases   ] GC(9) Pause Mark Start 0.009ms
[2024-07-21T21:46:34.869+0800][12.085s][gc,phases   ] GC(9) Concurrent Mark 15.267ms
[2024-07-21T21:46:34.869+0800][12.086s][gc,phases   ] GC(9) Pause Mark End 0.017ms
[2024-07-21T21:46:34.869+0800][12.086s][gc,phases   ] GC(9) Concurrent Mark Free 0.001ms
[2024-07-21T21:46:34.870+0800][12.087s][gc,phases   ] GC(9) Concurrent Process Non-Strong References 1.032ms
[2024-07-21T21:46:34.870+0800][12.087s][gc,phases   ] GC(9) Concurrent Reset Relocation Set 0.002ms
[2024-07-21T21:46:34.873+0800][12.090s][gc,phases   ] GC(9) Concurrent Select Relocation Set 3.028ms
[2024-07-21T21:46:34.873+0800][12.090s][gc,phases   ] GC(9) Pause Relocate Start 0.009ms
[2024-07-21T21:46:34.875+0800][12.092s][gc,phases   ] GC(9) Concurrent Relocate 1.798ms
[2024-07-21T21:46:34.875+0800][12.092s][gc,load     ] GC(9) Load: 0.00/0.00/0.00
[2024-07-21T21:46:34.875+0800][12.092s][gc,mmu      ] GC(9) MMU: 2ms/98.9%, 5ms/99.2%, 10ms/99.6%, 20ms/99.8%, 50ms/99.9%, 100ms/99.9%
[2024-07-21T21:46:34.876+0800][12.092s][gc,marking  ] GC(9) Mark: 2 stripe(s), 2 proactive flush(es), 1 terminate flush(es), 0 completion(s), 0 continuation(s) 
[2024-07-21T21:46:34.876+0800][12.092s][gc,marking  ] GC(9) Mark Stack Usage: 32M
[2024-07-21T21:46:34.876+0800][12.092s][gc,nmethod  ] GC(9) NMethods: 461 registered, 0 unregistered
[2024-07-21T21:46:34.876+0800][12.092s][gc,metaspace] GC(9) Metaspace: 1M used, 1M committed, 1032M reserved
[2024-07-21T21:46:34.876+0800][12.092s][gc,ref      ] GC(9) Soft: 93 encountered, 0 discovered, 0 enqueued
[2024-07-21T21:46:34.876+0800][12.092s][gc,ref      ] GC(9) Weak: 131 encountered, 0 discovered, 0 enqueued
[2024-07-21T21:46:34.876+0800][12.092s][gc,ref      ] GC(9) Final: 0 encountered, 0 discovered, 0 enqueued
[2024-07-21T21:46:34.876+0800][12.092s][gc,ref      ] GC(9) Phantom: 184 encountered, 157 discovered, 0 enqueued
[2024-07-21T21:46:34.876+0800][12.092s][gc,reloc    ] GC(9) Small Pages: 4 / 8M, Empty: 0M, Relocated: 1M, In-Place: 0
[2024-07-21T21:46:34.876+0800][12.092s][gc,reloc    ] GC(9) Medium Pages: 30 / 960M, Empty: 896M, Relocated: 4M, In-Place: 0
[2024-07-21T21:46:34.876+0800][12.092s][gc,reloc    ] GC(9) Large Pages: 0 / 0M, Empty: 0M, Relocated: 0M, In-Place: 0
[2024-07-21T21:46:34.876+0800][12.092s][gc,reloc    ] GC(9) Forwarding Usage: 0M
[2024-07-21T21:46:34.876+0800][12.092s][gc,heap     ] GC(9) Min Capacity: 8M(0%)
[2024-07-21T21:46:34.876+0800][12.092s][gc,heap     ] GC(9) Max Capacity: 2048M(100%)
[2024-07-21T21:46:34.876+0800][12.093s][gc,heap     ] GC(9) Soft Max Capacity: 2048M(100%)
[2024-07-21T21:46:34.876+0800][12.093s][gc,heap     ] GC(9)                Mark Start          Mark End        Relocate Start      Relocate End           High               Low         
[2024-07-21T21:46:34.876+0800][12.093s][gc,heap     ] GC(9)  Capacity:     1024M (50%)        1024M (50%)        1024M (50%)        1024M (50%)        1024M (50%)        1024M (50%)    
[2024-07-21T21:46:34.876+0800][12.093s][gc,heap     ] GC(9)      Free:     1080M (53%)        1046M (51%)        1942M (95%)        1976M (96%)        1976M (96%)        1046M (51%)    
[2024-07-21T21:46:34.876+0800][12.093s][gc,heap     ] GC(9)      Used:      968M (47%)        1002M (49%)         106M (5%)           72M (4%)         1002M (49%)          72M (4%)     
[2024-07-21T21:46:34.876+0800][12.093s][gc,heap     ] GC(9)      Live:         -                 8M (0%)            8M (0%)            8M (0%)             -                  -          
[2024-07-21T21:46:34.876+0800][12.093s][gc,heap     ] GC(9) Allocated:         -                34M (2%)           34M (2%)           33M (2%)             -                  -          
[2024-07-21T21:46:34.876+0800][12.093s][gc,heap     ] GC(9)   Garbage:         -               959M (47%)          63M (3%)           29M (1%)             -                  -          
[2024-07-21T21:46:34.876+0800][12.093s][gc,heap     ] GC(9) Reclaimed:         -                  -               896M (44%)         929M (45%)            -                  -          
[2024-07-21T21:46:34.876+0800][12.093s][gc          ] GC(9) Garbage Collection (Proactive) 968M(47%)->72M(4%)
[2024-07-21T21:46:36.257+0800][13.473s][gc,start    ] GC(10) Garbage Collection (Proactive)
[2024-07-21T21:46:36.257+0800][13.473s][gc,task     ] GC(10) Using 2 workers
[2024-07-21T21:46:36.257+0800][13.474s][gc,phases   ] GC(10) Pause Mark Start 0.006ms
[2024-07-21T21:46:36.273+0800][13.489s][gc,phases   ] GC(10) Concurrent Mark 15.557ms
[2024-07-21T21:46:36.273+0800][13.489s][gc,phases   ] GC(10) Pause Mark End 0.009ms
[2024-07-21T21:46:36.273+0800][13.490s][gc,phases   ] GC(10) Concurrent Mark Free 0.001ms
[2024-07-21T21:46:36.274+0800][13.491s][gc,phases   ] GC(10) Concurrent Process Non-Strong References 0.951ms
[2024-07-21T21:46:36.274+0800][13.491s][gc,phases   ] GC(10) Concurrent Reset Relocation Set 0.001ms
[2024-07-21T21:46:36.276+0800][13.493s][gc,phases   ] GC(10) Concurrent Select Relocation Set 2.322ms
[2024-07-21T21:46:36.277+0800][13.493s][gc,phases   ] GC(10) Pause Relocate Start 0.009ms
[2024-07-21T21:46:36.278+0800][13.495s][gc,phases   ] GC(10) Concurrent Relocate 1.347ms
[2024-07-21T21:46:36.278+0800][13.495s][gc,load     ] GC(10) Load: 0.00/0.00/0.00
[2024-07-21T21:46:36.278+0800][13.495s][gc,mmu      ] GC(10) MMU: 2ms/98.9%, 5ms/99.2%, 10ms/99.6%, 20ms/99.8%, 50ms/99.9%, 100ms/99.9%
[2024-07-21T21:46:36.278+0800][13.495s][gc,marking  ] GC(10) Mark: 2 stripe(s), 2 proactive flush(es), 1 terminate flush(es), 0 completion(s), 0 continuation(s) 
[2024-07-21T21:46:36.278+0800][13.495s][gc,marking  ] GC(10) Mark Stack Usage: 32M
[2024-07-21T21:46:36.278+0800][13.495s][gc,nmethod  ] GC(10) NMethods: 468 registered, 0 unregistered
[2024-07-21T21:46:36.278+0800][13.495s][gc,metaspace] GC(10) Metaspace: 1M used, 1M committed, 1032M reserved
[2024-07-21T21:46:36.278+0800][13.495s][gc,ref      ] GC(10) Soft: 93 encountered, 0 discovered, 0 enqueued
[2024-07-21T21:46:36.278+0800][13.495s][gc,ref      ] GC(10) Weak: 131 encountered, 77 discovered, 0 enqueued
[2024-07-21T21:46:36.278+0800][13.495s][gc,ref      ] GC(10) Final: 0 encountered, 0 discovered, 0 enqueued
[2024-07-21T21:46:36.278+0800][13.495s][gc,ref      ] GC(10) Phantom: 184 encountered, 146 discovered, 0 enqueued
[2024-07-21T21:46:36.278+0800][13.495s][gc,reloc    ] GC(10) Small Pages: 5 / 10M, Empty: 0M, Relocated: 1M, In-Place: 0
[2024-07-21T21:46:36.278+0800][13.495s][gc,reloc    ] GC(10) Medium Pages: 30 / 960M, Empty: 896M, Relocated: 1M, In-Place: 0
[2024-07-21T21:46:36.278+0800][13.495s][gc,reloc    ] GC(10) Large Pages: 0 / 0M, Empty: 0M, Relocated: 0M, In-Place: 0
[2024-07-21T21:46:36.278+0800][13.495s][gc,reloc    ] GC(10) Forwarding Usage: 0M
[2024-07-21T21:46:36.278+0800][13.495s][gc,heap     ] GC(10) Min Capacity: 8M(0%)
[2024-07-21T21:46:36.278+0800][13.495s][gc,heap     ] GC(10) Max Capacity: 2048M(100%)
[2024-07-21T21:46:36.278+0800][13.495s][gc,heap     ] GC(10) Soft Max Capacity: 2048M(100%)
[2024-07-21T21:46:36.279+0800][13.495s][gc,heap     ] GC(10)                Mark Start          Mark End        Relocate Start      Relocate End           High               Low         
[2024-07-21T21:46:36.279+0800][13.495s][gc,heap     ] GC(10)  Capacity:     1024M (50%)        1024M (50%)        1024M (50%)        1024M (50%)        1024M (50%)        1024M (50%)    
[2024-07-21T21:46:36.279+0800][13.495s][gc,heap     ] GC(10)      Free:     1078M (53%)        1044M (51%)        1940M (95%)        1976M (96%)        1976M (96%)        1044M (51%)    
[2024-07-21T21:46:36.279+0800][13.495s][gc,heap     ] GC(10)      Used:      970M (47%)        1004M (49%)         108M (5%)           72M (4%)         1004M (49%)          72M (4%)     
[2024-07-21T21:46:36.279+0800][13.495s][gc,heap     ] GC(10)      Live:         -                 5M (0%)            5M (0%)            5M (0%)             -                  -          
[2024-07-21T21:46:36.279+0800][13.495s][gc,heap     ] GC(10) Allocated:         -                34M (2%)           34M (2%)           33M (2%)             -                  -          
[2024-07-21T21:46:36.279+0800][13.495s][gc,heap     ] GC(10)   Garbage:         -               964M (47%)          68M (3%)           32M (2%)             -                  -          
[2024-07-21T21:46:36.279+0800][13.495s][gc,heap     ] GC(10) Reclaimed:         -                  -               896M (44%)         931M (46%)            -                  -          
[2024-07-21T21:46:36.279+0800][13.495s][gc          ] GC(10) Garbage Collection (Proactive) 970M(47%)->72M(4%)
[2024-07-21T21:46:37.549+0800][14.765s][gc,start    ] GC(11) Garbage Collection (Proactive)
[2024-07-21T21:46:37.549+0800][14.765s][gc,task     ] GC(11) Using 2 workers
[2024-07-21T21:46:37.549+0800][14.765s][gc,phases   ] GC(11) Pause Mark Start 0.010ms
[2024-07-21T21:46:37.564+0800][14.781s][gc,phases   ] GC(11) Concurrent Mark 15.748ms
[2024-07-21T21:46:37.564+0800][14.781s][gc,phases   ] GC(11) Pause Mark End 0.013ms
[2024-07-21T21:46:37.564+0800][14.781s][gc,phases   ] GC(11) Concurrent Mark Free 0.002ms
[2024-07-21T21:46:37.565+0800][14.782s][gc,phases   ] GC(11) Concurrent Process Non-Strong References 0.881ms
[2024-07-21T21:46:37.565+0800][14.782s][gc,phases   ] GC(11) Concurrent Reset Relocation Set 0.002ms
[2024-07-21T21:46:37.568+0800][14.785s][gc,phases   ] GC(11) Concurrent Select Relocation Set 2.411ms
[2024-07-21T21:46:37.568+0800][14.785s][gc,phases   ] GC(11) Pause Relocate Start 0.007ms
[2024-07-21T21:46:37.569+0800][14.786s][gc,phases   ] GC(11) Concurrent Relocate 1.399ms
[2024-07-21T21:46:37.569+0800][14.786s][gc,load     ] GC(11) Load: 0.00/0.00/0.00
[2024-07-21T21:46:37.570+0800][14.786s][gc,mmu      ] GC(11) MMU: 2ms/98.9%, 5ms/99.2%, 10ms/99.6%, 20ms/99.8%, 50ms/99.9%, 100ms/99.9%
[2024-07-21T21:46:37.570+0800][14.786s][gc,marking  ] GC(11) Mark: 2 stripe(s), 2 proactive flush(es), 1 terminate flush(es), 0 completion(s), 0 continuation(s) 
[2024-07-21T21:46:37.570+0800][14.786s][gc,marking  ] GC(11) Mark Stack Usage: 32M
[2024-07-21T21:46:37.570+0800][14.787s][gc,nmethod  ] GC(11) NMethods: 469 registered, 0 unregistered
[2024-07-21T21:46:37.570+0800][14.787s][gc,metaspace] GC(11) Metaspace: 1M used, 1M committed, 1032M reserved
[2024-07-21T21:46:37.570+0800][14.787s][gc,ref      ] GC(11) Soft: 93 encountered, 0 discovered, 0 enqueued
[2024-07-21T21:46:37.570+0800][14.787s][gc,ref      ] GC(11) Weak: 131 encountered, 77 discovered, 0 enqueued
[2024-07-21T21:46:37.570+0800][14.787s][gc,ref      ] GC(11) Final: 0 encountered, 0 discovered, 0 enqueued
[2024-07-21T21:46:37.570+0800][14.787s][gc,ref      ] GC(11) Phantom: 184 encountered, 151 discovered, 0 enqueued
[2024-07-21T21:46:37.570+0800][14.787s][gc,reloc    ] GC(11) Small Pages: 4 / 8M, Empty: 0M, Relocated: 1M, In-Place: 0
[2024-07-21T21:46:37.570+0800][14.787s][gc,reloc    ] GC(11) Medium Pages: 28 / 896M, Empty: 832M, Relocated: 2M, In-Place: 0
[2024-07-21T21:46:37.570+0800][14.787s][gc,reloc    ] GC(11) Large Pages: 0 / 0M, Empty: 0M, Relocated: 0M, In-Place: 0
[2024-07-21T21:46:37.570+0800][14.787s][gc,reloc    ] GC(11) Forwarding Usage: 0M
[2024-07-21T21:46:37.570+0800][14.787s][gc,heap     ] GC(11) Min Capacity: 8M(0%)
[2024-07-21T21:46:37.570+0800][14.787s][gc,heap     ] GC(11) Max Capacity: 2048M(100%)
[2024-07-21T21:46:37.570+0800][14.787s][gc,heap     ] GC(11) Soft Max Capacity: 2048M(100%)
[2024-07-21T21:46:37.570+0800][14.787s][gc,heap     ] GC(11)                Mark Start          Mark End        Relocate Start      Relocate End           High               Low         
[2024-07-21T21:46:37.570+0800][14.787s][gc,heap     ] GC(11)  Capacity:     1024M (50%)        1024M (50%)        1024M (50%)        1024M (50%)        1024M (50%)        1024M (50%)    
[2024-07-21T21:46:37.570+0800][14.787s][gc,heap     ] GC(11)      Free:     1144M (56%)        1110M (54%)        1942M (95%)        1976M (96%)        1976M (96%)        1110M (54%)    
[2024-07-21T21:46:37.570+0800][14.787s][gc,heap     ] GC(11)      Used:      904M (44%)         938M (46%)         106M (5%)           72M (4%)          938M (46%)          72M (4%)     
[2024-07-21T21:46:37.570+0800][14.787s][gc,heap     ] GC(11)      Live:         -                 6M (0%)            6M (0%)            6M (0%)             -                  -          
[2024-07-21T21:46:37.570+0800][14.787s][gc,heap     ] GC(11) Allocated:         -                34M (2%)           34M (2%)           33M (2%)             -                  -          
[2024-07-21T21:46:37.570+0800][14.787s][gc,heap     ] GC(11)   Garbage:         -               897M (44%)          65M (3%)           31M (2%)             -                  -          
[2024-07-21T21:46:37.570+0800][14.787s][gc,heap     ] GC(11) Reclaimed:         -                  -               832M (41%)         865M (42%)            -                  -          
[2024-07-21T21:46:37.570+0800][14.787s][gc          ] GC(11) Garbage Collection (Proactive) 904M(44%)->72M(4%)
[2024-07-21T21:46:38.760+0800][15.976s][gc,start    ] GC(12) Garbage Collection (Proactive)
[2024-07-21T21:46:38.760+0800][15.977s][gc,task     ] GC(12) Using 2 workers
[2024-07-21T21:46:38.760+0800][15.977s][gc,phases   ] GC(12) Pause Mark Start 0.033ms
[2024-07-21T21:46:38.776+0800][15.992s][gc,phases   ] GC(12) Concurrent Mark 15.137ms
[2024-07-21T21:46:38.776+0800][15.993s][gc,phases   ] GC(12) Pause Mark End 0.015ms
[2024-07-21T21:46:38.776+0800][15.993s][gc,phases   ] GC(12) Concurrent Mark Free 0.001ms
[2024-07-21T21:46:38.777+0800][15.994s][gc,phases   ] GC(12) Concurrent Process Non-Strong References 0.945ms
[2024-07-21T21:46:38.777+0800][15.994s][gc,phases   ] GC(12) Concurrent Reset Relocation Set 0.002ms
[2024-07-21T21:46:38.781+0800][15.998s][gc,phases   ] GC(12) Concurrent Select Relocation Set 4.193ms
[2024-07-21T21:46:38.781+0800][15.998s][gc,phases   ] GC(12) Pause Relocate Start 0.015ms
[2024-07-21T21:46:38.785+0800][16.002s][gc,phases   ] GC(12) Concurrent Relocate 3.387ms
[2024-07-21T21:46:38.785+0800][16.002s][gc,load     ] GC(12) Load: 0.00/0.00/0.00
[2024-07-21T21:46:38.785+0800][16.002s][gc,mmu      ] GC(12) MMU: 2ms/98.4%, 5ms/99.2%, 10ms/99.6%, 20ms/99.8%, 50ms/99.9%, 100ms/99.9%
[2024-07-21T21:46:38.785+0800][16.002s][gc,marking  ] GC(12) Mark: 2 stripe(s), 2 proactive flush(es), 1 terminate flush(es), 0 completion(s), 0 continuation(s) 
[2024-07-21T21:46:38.785+0800][16.002s][gc,marking  ] GC(12) Mark Stack Usage: 32M
[2024-07-21T21:46:38.785+0800][16.002s][gc,nmethod  ] GC(12) NMethods: 471 registered, 0 unregistered
[2024-07-21T21:46:38.785+0800][16.002s][gc,metaspace] GC(12) Metaspace: 1M used, 1M committed, 1032M reserved
[2024-07-21T21:46:38.785+0800][16.002s][gc,ref      ] GC(12) Soft: 93 encountered, 0 discovered, 0 enqueued
[2024-07-21T21:46:38.785+0800][16.002s][gc,ref      ] GC(12) Weak: 131 encountered, 5 discovered, 0 enqueued
[2024-07-21T21:46:38.785+0800][16.002s][gc,ref      ] GC(12) Final: 0 encountered, 0 discovered, 0 enqueued
[2024-07-21T21:46:38.785+0800][16.002s][gc,ref      ] GC(12) Phantom: 184 encountered, 155 discovered, 0 enqueued
[2024-07-21T21:46:38.785+0800][16.002s][gc,reloc    ] GC(12) Small Pages: 4 / 8M, Empty: 0M, Relocated: 1M, In-Place: 0
[2024-07-21T21:46:38.785+0800][16.002s][gc,reloc    ] GC(12) Medium Pages: 26 / 832M, Empty: 768M, Relocated: 13M, In-Place: 0
[2024-07-21T21:46:38.785+0800][16.002s][gc,reloc    ] GC(12) Large Pages: 0 / 0M, Empty: 0M, Relocated: 0M, In-Place: 0
[2024-07-21T21:46:38.785+0800][16.002s][gc,reloc    ] GC(12) Forwarding Usage: 0M
[2024-07-21T21:46:38.785+0800][16.002s][gc,heap     ] GC(12) Min Capacity: 8M(0%)
[2024-07-21T21:46:38.785+0800][16.002s][gc,heap     ] GC(12) Max Capacity: 2048M(100%)
[2024-07-21T21:46:38.785+0800][16.002s][gc,heap     ] GC(12) Soft Max Capacity: 2048M(100%)
[2024-07-21T21:46:38.785+0800][16.002s][gc,heap     ] GC(12)                Mark Start          Mark End        Relocate Start      Relocate End           High               Low         
[2024-07-21T21:46:38.785+0800][16.002s][gc,heap     ] GC(12)  Capacity:     1024M (50%)        1024M (50%)        1024M (50%)        1024M (50%)        1024M (50%)        1024M (50%)    
[2024-07-21T21:46:38.785+0800][16.002s][gc,heap     ] GC(12)      Free:     1208M (59%)        1174M (57%)        1942M (95%)        1976M (96%)        1976M (96%)        1174M (57%)    
[2024-07-21T21:46:38.785+0800][16.002s][gc,heap     ] GC(12)      Used:      840M (41%)         874M (43%)         106M (5%)           72M (4%)          874M (43%)          72M (4%)     
[2024-07-21T21:46:38.786+0800][16.002s][gc,heap     ] GC(12)      Live:         -                17M (1%)           17M (1%)           17M (1%)             -                  -          
[2024-07-21T21:46:38.786+0800][16.002s][gc,heap     ] GC(12) Allocated:         -                34M (2%)           34M (2%)           33M (2%)             -                  -          
[2024-07-21T21:46:38.786+0800][16.002s][gc,heap     ] GC(12)   Garbage:         -               822M (40%)          54M (3%)           20M (1%)             -                  -          
[2024-07-21T21:46:38.786+0800][16.002s][gc,heap     ] GC(12) Reclaimed:         -                  -               768M (38%)         801M (39%)            -                  -          
[2024-07-21T21:46:38.786+0800][16.002s][gc          ] GC(12) Garbage Collection (Proactive) 840M(41%)->72M(4%)
[2024-07-21T21:46:39.707+0800][16.923s][gc,heap,exit] Heap
[2024-07-21T21:46:39.707+0800][16.923s][gc,heap,exit]  ZHeap           used 648M, capacity 1024M, max capacity 2048M
[2024-07-21T21:46:39.707+0800][16.923s][gc,heap,exit]  Metaspace       used 1341K, committed 1472K, reserved 1056768K
[2024-07-21T21:46:39.707+0800][16.923s][gc,heap,exit]   class space    used 111K, committed 192K, reserved 1048576K
