[2024-07-21T22:32:32.025+0800][0.014s][gc,init] Initializing The Z Garbage Collector
[2024-07-21T22:32:32.025+0800][0.014s][gc,init] Version: 17.0.2+8-86 (release)
[2024-07-21T22:32:32.025+0800][0.014s][gc,init] NUMA Support: Disabled
[2024-07-21T22:32:32.025+0800][0.014s][gc,init] CPUs: 8 total, 8 available
[2024-07-21T22:32:32.025+0800][0.014s][gc,init] Memory: 16281M
[2024-07-21T22:32:32.025+0800][0.014s][gc,init] Large Page Support: Disabled
[2024-07-21T22:32:32.027+0800][0.015s][gc,init] GC Workers: 1 (dynamic)
[2024-07-21T22:32:32.027+0800][0.015s][gc,init] Address Space Type: Contiguous/Unrestricted/Complete
[2024-07-21T22:32:32.027+0800][0.015s][gc,init] Address Space Size: 2048M x 3 = 6144M
[2024-07-21T22:32:32.027+0800][0.016s][gc,init] Min Capacity: 8M
[2024-07-21T22:32:32.027+0800][0.016s][gc,init] Initial Capacity: 128M
[2024-07-21T22:32:32.027+0800][0.016s][gc,init] Max Capacity: 128M
[2024-07-21T22:32:32.027+0800][0.016s][gc,init] Medium Page Size: 4M
[2024-07-21T22:32:32.027+0800][0.016s][gc,init] Pre-touch: Disabled
[2024-07-21T22:32:32.028+0800][0.016s][gc,init] Uncommit: Enabled
[2024-07-21T22:32:32.028+0800][0.017s][gc,init] Uncommit Delay: 300s
[2024-07-21T22:32:32.035+0800][0.024s][gc,init] Runtime Workers: 1
[2024-07-21T22:32:32.035+0800][0.024s][gc     ] Using The Z Garbage Collector
[2024-07-21T22:32:32.035+0800][0.024s][gc,metaspace] CDS archive(s) mapped at: [0x0000000800000000-0x0000000800bc0000-0x0000000800bc0000), size 12320768, SharedBaseAddress: 0x0000000800000000, ArchiveRelocationMode: 0.
[2024-07-21T22:32:32.035+0800][0.024s][gc,metaspace] Compressed class space mapped at: 0x0000000800c00000-0x0000000840c00000, reserved size: 1073741824
[2024-07-21T22:32:32.035+0800][0.024s][gc,metaspace] Narrow klass base: 0x0000000800000000, Narrow klass shift: 0, Narrow klass range: 0x100000000
[2024-07-21T22:32:32.269+0800][0.257s][gc,start    ] GC(0) Garbage Collection (Warmup)
[2024-07-21T22:32:32.269+0800][0.257s][gc,task     ] GC(0) Using 1 workers
[2024-07-21T22:32:32.269+0800][0.258s][gc,phases   ] GC(0) Pause Mark Start 0.006ms
[2024-07-21T22:32:32.274+0800][0.263s][gc,phases   ] GC(0) Concurrent Mark 4.910ms
[2024-07-21T22:32:32.274+0800][0.263s][gc,phases   ] GC(0) Pause Mark End 0.012ms
[2024-07-21T22:32:32.274+0800][0.263s][gc,phases   ] GC(0) Concurrent Mark Free 0.001ms
[2024-07-21T22:32:32.275+0800][0.263s][gc,phases   ] GC(0) Concurrent Process Non-Strong References 0.677ms
[2024-07-21T22:32:32.275+0800][0.264s][gc,phases   ] GC(0) Concurrent Reset Relocation Set 0.001ms
[2024-07-21T22:32:32.284+0800][0.272s][gc,phases   ] GC(0) Concurrent Select Relocation Set 8.898ms
[2024-07-21T22:32:32.284+0800][0.273s][gc,phases   ] GC(0) Pause Relocate Start 0.006ms
[2024-07-21T22:32:32.285+0800][0.273s][gc,phases   ] GC(0) Concurrent Relocate 0.778ms
[2024-07-21T22:32:32.285+0800][0.274s][gc,load     ] GC(0) Load: 0.00/0.00/0.00
[2024-07-21T22:32:32.285+0800][0.274s][gc,mmu      ] GC(0) MMU: 2ms/99.4%, 5ms/99.8%, 10ms/99.8%, 20ms/99.9%, 50ms/100.0%, 100ms/100.0%
[2024-07-21T22:32:32.285+0800][0.274s][gc,marking  ] GC(0) Mark: 1 stripe(s), 2 proactive flush(es), 1 terminate flush(es), 0 completion(s), 0 continuation(s) 
[2024-07-21T22:32:32.285+0800][0.274s][gc,marking  ] GC(0) Mark Stack Usage: 32M
[2024-07-21T22:32:32.285+0800][0.274s][gc,nmethod  ] GC(0) NMethods: 317 registered, 0 unregistered
[2024-07-21T22:32:32.285+0800][0.274s][gc,metaspace] GC(0) Metaspace: 1M used, 1M committed, 1032M reserved
[2024-07-21T22:32:32.286+0800][0.274s][gc,ref      ] GC(0) Soft: 53 encountered, 0 discovered, 0 enqueued
[2024-07-21T22:32:32.286+0800][0.274s][gc,ref      ] GC(0) Weak: 153 encountered, 130 discovered, 36 enqueued
[2024-07-21T22:32:32.286+0800][0.274s][gc,ref      ] GC(0) Final: 0 encountered, 0 discovered, 0 enqueued
[2024-07-21T22:32:32.286+0800][0.274s][gc,ref      ] GC(0) Phantom: 217 encountered, 140 discovered, 33 enqueued
[2024-07-21T22:32:32.286+0800][0.274s][gc,reloc    ] GC(0) Small Pages: 4 / 8M, Empty: 0M, Relocated: 0M, In-Place: 0
[2024-07-21T22:32:32.286+0800][0.274s][gc,reloc    ] GC(0) Medium Pages: 1 / 4M, Empty: 0M, Relocated: 0M, In-Place: 0
[2024-07-21T22:32:32.286+0800][0.274s][gc,reloc    ] GC(0) Large Pages: 20 / 40M, Empty: 40M, Relocated: 0M, In-Place: 0
[2024-07-21T22:32:32.286+0800][0.274s][gc,reloc    ] GC(0) Forwarding Usage: 0M
[2024-07-21T22:32:32.286+0800][0.274s][gc,heap     ] GC(0) Min Capacity: 8M(6%)
[2024-07-21T22:32:32.286+0800][0.274s][gc,heap     ] GC(0) Max Capacity: 128M(100%)
[2024-07-21T22:32:32.286+0800][0.274s][gc,heap     ] GC(0) Soft Max Capacity: 128M(100%)
[2024-07-21T22:32:32.286+0800][0.274s][gc,heap     ] GC(0)                Mark Start          Mark End        Relocate Start      Relocate End           High               Low         
[2024-07-21T22:32:32.286+0800][0.274s][gc,heap     ] GC(0)  Capacity:      128M (100%)        128M (100%)        128M (100%)        128M (100%)        128M (100%)        128M (100%)   
[2024-07-21T22:32:32.286+0800][0.274s][gc,heap     ] GC(0)      Free:       76M (59%)          64M (50%)          94M (73%)          96M (75%)          96M (75%)          54M (42%)    
[2024-07-21T22:32:32.286+0800][0.274s][gc,heap     ] GC(0)      Used:       52M (41%)          64M (50%)          34M (27%)          32M (25%)          74M (58%)          32M (25%)    
[2024-07-21T22:32:32.286+0800][0.274s][gc,heap     ] GC(0)      Live:         -                 4M (3%)            4M (3%)            4M (3%)             -                  -          
[2024-07-21T22:32:32.286+0800][0.274s][gc,heap     ] GC(0) Allocated:         -                12M (9%)           22M (17%)          22M (17%)            -                  -          
[2024-07-21T22:32:32.286+0800][0.274s][gc,heap     ] GC(0)   Garbage:         -                47M (37%)           7M (6%)            5M (5%)             -                  -          
[2024-07-21T22:32:32.286+0800][0.274s][gc,heap     ] GC(0) Reclaimed:         -                  -                40M (31%)          42M (33%)            -                  -          
[2024-07-21T22:32:32.286+0800][0.274s][gc          ] GC(0) Garbage Collection (Warmup) 52M(41%)->32M(25%)
[2024-07-21T22:32:32.367+0800][0.355s][gc,start    ] GC(1) Garbage Collection (Warmup)
[2024-07-21T22:32:32.367+0800][0.355s][gc,task     ] GC(1) Using 1 workers
[2024-07-21T22:32:32.367+0800][0.356s][gc,phases   ] GC(1) Pause Mark Start 0.005ms
[2024-07-21T22:32:32.371+0800][0.360s][gc,phases   ] GC(1) Concurrent Mark 4.500ms
[2024-07-21T22:32:32.371+0800][0.360s][gc,phases   ] GC(1) Pause Mark End 0.007ms
[2024-07-21T22:32:32.371+0800][0.360s][gc,phases   ] GC(1) Concurrent Mark Free 0.001ms
[2024-07-21T22:32:32.372+0800][0.361s][gc,phases   ] GC(1) Concurrent Process Non-Strong References 0.687ms
[2024-07-21T22:32:32.372+0800][0.361s][gc,phases   ] GC(1) Concurrent Reset Relocation Set 0.001ms
[2024-07-21T22:32:32.374+0800][0.363s][gc,phases   ] GC(1) Concurrent Select Relocation Set 1.840ms
[2024-07-21T22:32:32.374+0800][0.363s][gc,phases   ] GC(1) Pause Relocate Start 0.006ms
[2024-07-21T22:32:32.375+0800][0.364s][gc,phases   ] GC(1) Concurrent Relocate 0.824ms
[2024-07-21T22:32:32.375+0800][0.364s][gc,load     ] GC(1) Load: 0.00/0.00/0.00
[2024-07-21T22:32:32.375+0800][0.364s][gc,mmu      ] GC(1) MMU: 2ms/99.4%, 5ms/99.7%, 10ms/99.8%, 20ms/99.9%, 50ms/100.0%, 100ms/100.0%
[2024-07-21T22:32:32.375+0800][0.364s][gc,marking  ] GC(1) Mark: 1 stripe(s), 1 proactive flush(es), 1 terminate flush(es), 0 completion(s), 0 continuation(s) 
[2024-07-21T22:32:32.375+0800][0.364s][gc,marking  ] GC(1) Mark Stack Usage: 32M
[2024-07-21T22:32:32.375+0800][0.364s][gc,nmethod  ] GC(1) NMethods: 320 registered, 0 unregistered
[2024-07-21T22:32:32.375+0800][0.364s][gc,metaspace] GC(1) Metaspace: 1M used, 1M committed, 1032M reserved
[2024-07-21T22:32:32.375+0800][0.364s][gc,ref      ] GC(1) Soft: 53 encountered, 0 discovered, 0 enqueued
[2024-07-21T22:32:32.375+0800][0.364s][gc,ref      ] GC(1) Weak: 117 encountered, 94 discovered, 0 enqueued
[2024-07-21T22:32:32.375+0800][0.364s][gc,ref      ] GC(1) Final: 0 encountered, 0 discovered, 0 enqueued
[2024-07-21T22:32:32.375+0800][0.364s][gc,ref      ] GC(1) Phantom: 184 encountered, 98 discovered, 0 enqueued
[2024-07-21T22:32:32.375+0800][0.364s][gc,reloc    ] GC(1) Small Pages: 4 / 8M, Empty: 0M, Relocated: 0M, In-Place: 0
[2024-07-21T22:32:32.375+0800][0.364s][gc,reloc    ] GC(1) Medium Pages: 1 / 4M, Empty: 0M, Relocated: 0M, In-Place: 0
[2024-07-21T22:32:32.375+0800][0.364s][gc,reloc    ] GC(1) Large Pages: 50 / 100M, Empty: 80M, Relocated: 0M, In-Place: 0
[2024-07-21T22:32:32.375+0800][0.364s][gc,reloc    ] GC(1) Forwarding Usage: 0M
[2024-07-21T22:32:32.375+0800][0.364s][gc,heap     ] GC(1) Min Capacity: 8M(6%)
[2024-07-21T22:32:32.375+0800][0.364s][gc,heap     ] GC(1) Max Capacity: 128M(100%)
[2024-07-21T22:32:32.375+0800][0.364s][gc,heap     ] GC(1) Soft Max Capacity: 128M(100%)
[2024-07-21T22:32:32.375+0800][0.364s][gc,heap     ] GC(1)                Mark Start          Mark End        Relocate Start      Relocate End           High               Low         
[2024-07-21T22:32:32.375+0800][0.364s][gc,heap     ] GC(1)  Capacity:      128M (100%)        128M (100%)        128M (100%)        128M (100%)        128M (100%)        128M (100%)   
[2024-07-21T22:32:32.376+0800][0.364s][gc,heap     ] GC(1)      Free:       16M (12%)          16M (12%)          96M (75%)          98M (77%)          98M (77%)          16M (12%)    
[2024-07-21T22:32:32.376+0800][0.364s][gc,heap     ] GC(1)      Used:      112M (88%)         112M (88%)          32M (25%)          30M (23%)         112M (88%)          30M (23%)    
[2024-07-21T22:32:32.376+0800][0.364s][gc,heap     ] GC(1)      Live:         -                24M (19%)          24M (19%)          24M (19%)            -                  -          
[2024-07-21T22:32:32.376+0800][0.364s][gc,heap     ] GC(1) Allocated:         -                 0M (0%)            0M (0%)            0M (0%)             -                  -          
[2024-07-21T22:32:32.376+0800][0.364s][gc,heap     ] GC(1)   Garbage:         -                87M (69%)           7M (6%)            5M (5%)             -                  -          
[2024-07-21T22:32:32.376+0800][0.364s][gc,heap     ] GC(1) Reclaimed:         -                  -                80M (62%)          82M (64%)            -                  -          
[2024-07-21T22:32:32.376+0800][0.364s][gc          ] GC(1) Garbage Collection (Warmup) 112M(88%)->30M(23%)
[2024-07-21T22:32:32.450+0800][0.439s][gc,start    ] GC(2) Garbage Collection (Allocation Stall)
[2024-07-21T22:32:32.450+0800][0.439s][gc,ref      ] GC(2) Clearing All SoftReferences
[2024-07-21T22:32:32.450+0800][0.439s][gc,task     ] GC(2) Using 1 workers
[2024-07-21T22:32:32.450+0800][0.439s][gc,phases   ] GC(2) Pause Mark Start 0.009ms
[2024-07-21T22:32:32.455+0800][0.443s][gc,phases   ] GC(2) Concurrent Mark 4.470ms
[2024-07-21T22:32:32.455+0800][0.443s][gc,phases   ] GC(2) Pause Mark End 0.011ms
[2024-07-21T22:32:32.455+0800][0.443s][gc,phases   ] GC(2) Concurrent Mark Free 0.001ms
[2024-07-21T22:32:32.456+0800][0.444s][gc,phases   ] GC(2) Concurrent Process Non-Strong References 0.902ms
[2024-07-21T22:32:32.456+0800][0.444s][gc,phases   ] GC(2) Concurrent Reset Relocation Set 0.001ms
[2024-07-21T22:32:32.459+0800][0.448s][gc,phases   ] GC(2) Concurrent Select Relocation Set 3.520ms
[2024-07-21T22:32:32.459+0800][0.448s][gc          ] Allocation Stall (main) 9.528ms
[2024-07-21T22:32:32.459+0800][0.448s][gc,phases   ] GC(2) Pause Relocate Start 0.013ms
[2024-07-21T22:32:32.460+0800][0.448s][gc,phases   ] GC(2) Concurrent Relocate 0.020ms
[2024-07-21T22:32:32.460+0800][0.448s][gc,load     ] GC(2) Load: 0.00/0.00/0.00
[2024-07-21T22:32:32.460+0800][0.448s][gc,mmu      ] GC(2) MMU: 2ms/99.4%, 5ms/99.5%, 10ms/99.7%, 20ms/99.8%, 50ms/99.9%, 100ms/99.9%
[2024-07-21T22:32:32.460+0800][0.448s][gc,marking  ] GC(2) Mark: 1 stripe(s), 1 proactive flush(es), 1 terminate flush(es), 0 completion(s), 0 continuation(s) 
[2024-07-21T22:32:32.460+0800][0.448s][gc,marking  ] GC(2) Mark Stack Usage: 32M
[2024-07-21T22:32:32.460+0800][0.448s][gc,nmethod  ] GC(2) NMethods: 321 registered, 0 unregistered
[2024-07-21T22:32:32.460+0800][0.448s][gc,metaspace] GC(2) Metaspace: 1M used, 1M committed, 1032M reserved
[2024-07-21T22:32:32.460+0800][0.449s][gc,ref      ] GC(2) Soft: 53 encountered, 49 discovered, 32 enqueued
[2024-07-21T22:32:32.460+0800][0.449s][gc,ref      ] GC(2) Weak: 117 encountered, 94 discovered, 0 enqueued
[2024-07-21T22:32:32.460+0800][0.449s][gc,ref      ] GC(2) Final: 0 encountered, 0 discovered, 0 enqueued
[2024-07-21T22:32:32.460+0800][0.449s][gc,ref      ] GC(2) Phantom: 184 encountered, 98 discovered, 0 enqueued
[2024-07-21T22:32:32.460+0800][0.449s][gc,reloc    ] GC(2) Small Pages: 4 / 8M, Empty: 2M, Relocated: 0M, In-Place: 0
[2024-07-21T22:32:32.460+0800][0.449s][gc,reloc    ] GC(2) Medium Pages: 1 / 4M, Empty: 0M, Relocated: 0M, In-Place: 0
[2024-07-21T22:32:32.460+0800][0.449s][gc,reloc    ] GC(2) Large Pages: 58 / 116M, Empty: 80M, Relocated: 0M, In-Place: 0
[2024-07-21T22:32:32.460+0800][0.449s][gc,reloc    ] GC(2) Forwarding Usage: 0M
[2024-07-21T22:32:32.460+0800][0.449s][gc,heap     ] GC(2) Min Capacity: 8M(6%)
[2024-07-21T22:32:32.460+0800][0.449s][gc,heap     ] GC(2) Max Capacity: 128M(100%)
[2024-07-21T22:32:32.460+0800][0.449s][gc,heap     ] GC(2) Soft Max Capacity: 128M(100%)
[2024-07-21T22:32:32.460+0800][0.449s][gc,heap     ] GC(2)                Mark Start          Mark End        Relocate Start      Relocate End           High               Low         
[2024-07-21T22:32:32.460+0800][0.449s][gc,heap     ] GC(2)  Capacity:      128M (100%)        128M (100%)        128M (100%)        128M (100%)        128M (100%)        128M (100%)   
[2024-07-21T22:32:32.460+0800][0.449s][gc,heap     ] GC(2)      Free:        0M (0%)            0M (0%)           80M (62%)          80M (62%)          82M (64%)           0M (0%)     
[2024-07-21T22:32:32.460+0800][0.449s][gc,heap     ] GC(2)      Used:      128M (100%)        128M (100%)         48M (38%)          48M (38%)         128M (100%)         46M (36%)    
[2024-07-21T22:32:32.460+0800][0.449s][gc,heap     ] GC(2)      Live:         -                40M (31%)          40M (31%)          40M (31%)            -                  -          
[2024-07-21T22:32:32.460+0800][0.449s][gc,heap     ] GC(2) Allocated:         -                 0M (0%)            2M (2%)            2M (2%)             -                  -          
[2024-07-21T22:32:32.460+0800][0.449s][gc,heap     ] GC(2)   Garbage:         -                87M (69%)           5M (5%)            5M (5%)             -                  -          
[2024-07-21T22:32:32.460+0800][0.449s][gc,heap     ] GC(2) Reclaimed:         -                  -                82M (64%)          82M (64%)            -                  -          
[2024-07-21T22:32:32.460+0800][0.449s][gc          ] GC(2) Garbage Collection (Allocation Stall) 128M(100%)->48M(38%)
[2024-07-21T22:32:32.476+0800][0.464s][gc,start    ] GC(3) Garbage Collection (Warmup)
[2024-07-21T22:32:32.476+0800][0.464s][gc,task     ] GC(3) Using 1 workers
[2024-07-21T22:32:32.476+0800][0.465s][gc,phases   ] GC(3) Pause Mark Start 0.008ms
[2024-07-21T22:32:32.480+0800][0.468s][gc,phases   ] GC(3) Concurrent Mark 3.473ms
[2024-07-21T22:32:32.480+0800][0.468s][gc,phases   ] GC(3) Pause Mark End 0.008ms
[2024-07-21T22:32:32.480+0800][0.468s][gc,phases   ] GC(3) Concurrent Mark Free 0.001ms
[2024-07-21T22:32:32.480+0800][0.469s][gc,phases   ] GC(3) Concurrent Process Non-Strong References 0.677ms
[2024-07-21T22:32:32.480+0800][0.469s][gc,phases   ] GC(3) Concurrent Reset Relocation Set 0.000ms
[2024-07-21T22:32:32.482+0800][0.471s][gc,phases   ] GC(3) Concurrent Select Relocation Set 1.641ms
[2024-07-21T22:32:32.482+0800][0.471s][gc,phases   ] GC(3) Pause Relocate Start 0.016ms
[2024-07-21T22:32:32.482+0800][0.471s][gc,phases   ] GC(3) Concurrent Relocate 0.022ms
[2024-07-21T22:32:32.482+0800][0.471s][gc,load     ] GC(3) Load: 0.00/0.00/0.00
[2024-07-21T22:32:32.482+0800][0.471s][gc,mmu      ] GC(3) MMU: 2ms/99.2%, 5ms/99.5%, 10ms/99.7%, 20ms/99.8%, 50ms/99.9%, 100ms/99.9%
[2024-07-21T22:32:32.482+0800][0.471s][gc,marking  ] GC(3) Mark: 1 stripe(s), 2 proactive flush(es), 1 terminate flush(es), 0 completion(s), 0 continuation(s) 
[2024-07-21T22:32:32.482+0800][0.471s][gc,marking  ] GC(3) Mark Stack Usage: 32M
[2024-07-21T22:32:32.482+0800][0.471s][gc,nmethod  ] GC(3) NMethods: 321 registered, 0 unregistered
[2024-07-21T22:32:32.482+0800][0.471s][gc,metaspace] GC(3) Metaspace: 1M used, 1M committed, 1032M reserved
[2024-07-21T22:32:32.482+0800][0.471s][gc,ref      ] GC(3) Soft: 21 encountered, 0 discovered, 0 enqueued
[2024-07-21T22:32:32.482+0800][0.471s][gc,ref      ] GC(3) Weak: 117 encountered, 94 discovered, 0 enqueued
[2024-07-21T22:32:32.483+0800][0.471s][gc,ref      ] GC(3) Final: 0 encountered, 0 discovered, 0 enqueued
[2024-07-21T22:32:32.483+0800][0.471s][gc,ref      ] GC(3) Phantom: 184 encountered, 98 discovered, 0 enqueued
[2024-07-21T22:32:32.483+0800][0.471s][gc,reloc    ] GC(3) Small Pages: 4 / 8M, Empty: 2M, Relocated: 0M, In-Place: 0
[2024-07-21T22:32:32.483+0800][0.471s][gc,reloc    ] GC(3) Medium Pages: 1 / 4M, Empty: 0M, Relocated: 0M, In-Place: 0
[2024-07-21T22:32:32.483+0800][0.471s][gc,reloc    ] GC(3) Large Pages: 24 / 48M, Empty: 40M, Relocated: 0M, In-Place: 0
[2024-07-21T22:32:32.483+0800][0.471s][gc,reloc    ] GC(3) Forwarding Usage: 0M
[2024-07-21T22:32:32.483+0800][0.471s][gc,heap     ] GC(3) Min Capacity: 8M(6%)
[2024-07-21T22:32:32.483+0800][0.471s][gc,heap     ] GC(3) Max Capacity: 128M(100%)
[2024-07-21T22:32:32.483+0800][0.471s][gc,heap     ] GC(3) Soft Max Capacity: 128M(100%)
[2024-07-21T22:32:32.483+0800][0.471s][gc,heap     ] GC(3)                Mark Start          Mark End        Relocate Start      Relocate End           High               Low         
[2024-07-21T22:32:32.483+0800][0.471s][gc,heap     ] GC(3)  Capacity:      128M (100%)        128M (100%)        128M (100%)        128M (100%)        128M (100%)        128M (100%)   
[2024-07-21T22:32:32.483+0800][0.471s][gc,heap     ] GC(3)      Free:       68M (53%)          54M (42%)          96M (75%)          96M (75%)          96M (75%)          54M (42%)    
[2024-07-21T22:32:32.483+0800][0.471s][gc,heap     ] GC(3)      Used:       60M (47%)          74M (58%)          32M (25%)          32M (25%)          74M (58%)          32M (25%)    
[2024-07-21T22:32:32.483+0800][0.471s][gc,heap     ] GC(3)      Live:         -                12M (9%)           12M (9%)           12M (9%)             -                  -          
[2024-07-21T22:32:32.483+0800][0.471s][gc,heap     ] GC(3) Allocated:         -                14M (11%)          14M (11%)          14M (11%)            -                  -          
[2024-07-21T22:32:32.483+0800][0.471s][gc,heap     ] GC(3)   Garbage:         -                47M (37%)           5M (5%)            5M (5%)             -                  -          
[2024-07-21T22:32:32.483+0800][0.471s][gc,heap     ] GC(3) Reclaimed:         -                  -                42M (33%)          42M (33%)            -                  -          
[2024-07-21T22:32:32.483+0800][0.472s][gc          ] GC(3) Garbage Collection (Warmup) 60M(47%)->32M(25%)
[2024-07-21T22:32:32.556+0800][0.545s][gc,start    ] GC(4) Garbage Collection (Allocation Stall)
[2024-07-21T22:32:32.556+0800][0.545s][gc,ref      ] GC(4) Clearing All SoftReferences
[2024-07-21T22:32:32.556+0800][0.545s][gc,task     ] GC(4) Using 1 workers
[2024-07-21T22:32:32.556+0800][0.545s][gc,phases   ] GC(4) Pause Mark Start 0.007ms
[2024-07-21T22:32:32.559+0800][0.548s][gc,phases   ] GC(4) Concurrent Mark 2.657ms
[2024-07-21T22:32:32.559+0800][0.548s][gc,phases   ] GC(4) Pause Mark End 0.009ms
[2024-07-21T22:32:32.559+0800][0.548s][gc,phases   ] GC(4) Concurrent Mark Free 0.001ms
[2024-07-21T22:32:32.560+0800][0.549s][gc,phases   ] GC(4) Concurrent Process Non-Strong References 0.767ms
[2024-07-21T22:32:32.560+0800][0.549s][gc,phases   ] GC(4) Concurrent Reset Relocation Set 0.001ms
[2024-07-21T22:32:32.562+0800][0.550s][gc          ] Allocation Stall (main) 5.910ms
[2024-07-21T22:32:32.562+0800][0.550s][gc,phases   ] GC(4) Concurrent Select Relocation Set 1.824ms
[2024-07-21T22:32:32.562+0800][0.551s][gc,phases   ] GC(4) Pause Relocate Start 0.006ms
[2024-07-21T22:32:32.562+0800][0.551s][gc,phases   ] GC(4) Concurrent Relocate 0.045ms
[2024-07-21T22:32:32.562+0800][0.551s][gc,load     ] GC(4) Load: 0.00/0.00/0.00
[2024-07-21T22:32:32.562+0800][0.551s][gc,mmu      ] GC(4) MMU: 2ms/99.2%, 5ms/99.5%, 10ms/99.7%, 20ms/99.8%, 50ms/99.9%, 100ms/99.9%
[2024-07-21T22:32:32.562+0800][0.551s][gc,marking  ] GC(4) Mark: 1 stripe(s), 1 proactive flush(es), 1 terminate flush(es), 0 completion(s), 0 continuation(s) 
[2024-07-21T22:32:32.562+0800][0.551s][gc,marking  ] GC(4) Mark Stack Usage: 32M
[2024-07-21T22:32:32.562+0800][0.551s][gc,nmethod  ] GC(4) NMethods: 321 registered, 0 unregistered
[2024-07-21T22:32:32.563+0800][0.551s][gc,metaspace] GC(4) Metaspace: 1M used, 1M committed, 1032M reserved
[2024-07-21T22:32:32.563+0800][0.551s][gc,ref      ] GC(4) Soft: 21 encountered, 17 discovered, 0 enqueued
[2024-07-21T22:32:32.563+0800][0.551s][gc,ref      ] GC(4) Weak: 117 encountered, 94 discovered, 0 enqueued
[2024-07-21T22:32:32.563+0800][0.551s][gc,ref      ] GC(4) Final: 0 encountered, 0 discovered, 0 enqueued
[2024-07-21T22:32:32.563+0800][0.551s][gc,ref      ] GC(4) Phantom: 184 encountered, 98 discovered, 0 enqueued
[2024-07-21T22:32:32.563+0800][0.551s][gc,reloc    ] GC(4) Small Pages: 4 / 8M, Empty: 2M, Relocated: 0M, In-Place: 0
[2024-07-21T22:32:32.563+0800][0.551s][gc,reloc    ] GC(4) Medium Pages: 1 / 4M, Empty: 0M, Relocated: 0M, In-Place: 0
[2024-07-21T22:32:32.563+0800][0.551s][gc,reloc    ] GC(4) Large Pages: 58 / 116M, Empty: 80M, Relocated: 0M, In-Place: 0
[2024-07-21T22:32:32.563+0800][0.551s][gc,reloc    ] GC(4) Forwarding Usage: 0M
[2024-07-21T22:32:32.563+0800][0.551s][gc,heap     ] GC(4) Min Capacity: 8M(6%)
[2024-07-21T22:32:32.563+0800][0.551s][gc,heap     ] GC(4) Max Capacity: 128M(100%)
[2024-07-21T22:32:32.563+0800][0.551s][gc,heap     ] GC(4) Soft Max Capacity: 128M(100%)
[2024-07-21T22:32:32.563+0800][0.551s][gc,heap     ] GC(4)                Mark Start          Mark End        Relocate Start      Relocate End           High               Low         
[2024-07-21T22:32:32.563+0800][0.551s][gc,heap     ] GC(4)  Capacity:      128M (100%)        128M (100%)        128M (100%)        128M (100%)        128M (100%)        128M (100%)   
[2024-07-21T22:32:32.563+0800][0.551s][gc,heap     ] GC(4)      Free:        0M (0%)            0M (0%)           80M (62%)          80M (62%)          82M (64%)           0M (0%)     
[2024-07-21T22:32:32.563+0800][0.551s][gc,heap     ] GC(4)      Used:      128M (100%)        128M (100%)         48M (38%)          48M (38%)         128M (100%)         46M (36%)    
[2024-07-21T22:32:32.563+0800][0.551s][gc,heap     ] GC(4)      Live:         -                40M (31%)          40M (31%)          40M (31%)            -                  -          
[2024-07-21T22:32:32.563+0800][0.551s][gc,heap     ] GC(4) Allocated:         -                 0M (0%)            2M (2%)            2M (2%)             -                  -          
[2024-07-21T22:32:32.563+0800][0.551s][gc,heap     ] GC(4)   Garbage:         -                87M (69%)           5M (5%)            5M (5%)             -                  -          
[2024-07-21T22:32:32.563+0800][0.551s][gc,heap     ] GC(4) Reclaimed:         -                  -                82M (64%)          82M (64%)            -                  -          
[2024-07-21T22:32:32.563+0800][0.551s][gc          ] GC(4) Garbage Collection (Allocation Stall) 128M(100%)->48M(38%)
[2024-07-21T22:32:32.571+0800][0.559s][gc,start    ] GC(5) Garbage Collection (Allocation Rate)
[2024-07-21T22:32:32.571+0800][0.559s][gc,task     ] GC(5) Using 1 workers
[2024-07-21T22:32:32.571+0800][0.559s][gc,phases   ] GC(5) Pause Mark Start 0.009ms
[2024-07-21T22:32:32.574+0800][0.562s][gc,phases   ] GC(5) Concurrent Mark 2.822ms
[2024-07-21T22:32:32.574+0800][0.562s][gc,phases   ] GC(5) Pause Mark End 0.011ms
[2024-07-21T22:32:32.574+0800][0.562s][gc,phases   ] GC(5) Concurrent Mark Free 0.001ms
[2024-07-21T22:32:32.575+0800][0.563s][gc,phases   ] GC(5) Concurrent Process Non-Strong References 0.741ms
[2024-07-21T22:32:32.575+0800][0.563s][gc,phases   ] GC(5) Concurrent Reset Relocation Set 0.001ms
[2024-07-21T22:32:32.577+0800][0.566s][gc,phases   ] GC(5) Concurrent Select Relocation Set 2.223ms
[2024-07-21T22:32:32.577+0800][0.566s][gc,phases   ] GC(5) Pause Relocate Start 0.007ms
[2024-07-21T22:32:32.578+0800][0.567s][gc,phases   ] GC(5) Concurrent Relocate 1.002ms
[2024-07-21T22:32:32.578+0800][0.567s][gc,load     ] GC(5) Load: 0.00/0.00/0.00
[2024-07-21T22:32:32.578+0800][0.567s][gc,mmu      ] GC(5) MMU: 2ms/99.2%, 5ms/99.5%, 10ms/99.7%, 20ms/99.8%, 50ms/99.9%, 100ms/99.9%
[2024-07-21T22:32:32.578+0800][0.567s][gc,marking  ] GC(5) Mark: 1 stripe(s), 1 proactive flush(es), 1 terminate flush(es), 0 completion(s), 0 continuation(s) 
[2024-07-21T22:32:32.578+0800][0.567s][gc,marking  ] GC(5) Mark Stack Usage: 32M
[2024-07-21T22:32:32.578+0800][0.567s][gc,nmethod  ] GC(5) NMethods: 321 registered, 0 unregistered
[2024-07-21T22:32:32.578+0800][0.567s][gc,metaspace] GC(5) Metaspace: 1M used, 1M committed, 1032M reserved
[2024-07-21T22:32:32.578+0800][0.567s][gc,ref      ] GC(5) Soft: 21 encountered, 0 discovered, 0 enqueued
[2024-07-21T22:32:32.578+0800][0.567s][gc,ref      ] GC(5) Weak: 117 encountered, 94 discovered, 0 enqueued
[2024-07-21T22:32:32.578+0800][0.567s][gc,ref      ] GC(5) Final: 0 encountered, 0 discovered, 0 enqueued
[2024-07-21T22:32:32.578+0800][0.567s][gc,ref      ] GC(5) Phantom: 184 encountered, 98 discovered, 0 enqueued
[2024-07-21T22:32:32.578+0800][0.567s][gc,reloc    ] GC(5) Small Pages: 4 / 8M, Empty: 0M, Relocated: 0M, In-Place: 0
[2024-07-21T22:32:32.578+0800][0.567s][gc,reloc    ] GC(5) Medium Pages: 1 / 4M, Empty: 0M, Relocated: 0M, In-Place: 0
[2024-07-21T22:32:32.578+0800][0.567s][gc,reloc    ] GC(5) Large Pages: 20 / 40M, Empty: 40M, Relocated: 0M, In-Place: 0
[2024-07-21T22:32:32.578+0800][0.567s][gc,reloc    ] GC(5) Forwarding Usage: 0M
[2024-07-21T22:32:32.578+0800][0.567s][gc,heap     ] GC(5) Min Capacity: 8M(6%)
[2024-07-21T22:32:32.579+0800][0.567s][gc,heap     ] GC(5) Max Capacity: 128M(100%)
[2024-07-21T22:32:32.579+0800][0.567s][gc,heap     ] GC(5) Soft Max Capacity: 128M(100%)
[2024-07-21T22:32:32.579+0800][0.567s][gc,heap     ] GC(5)                Mark Start          Mark End        Relocate Start      Relocate End           High               Low         
[2024-07-21T22:32:32.579+0800][0.567s][gc,heap     ] GC(5)  Capacity:      128M (100%)        128M (100%)        128M (100%)        128M (100%)        128M (100%)        128M (100%)   
[2024-07-21T22:32:32.579+0800][0.567s][gc,heap     ] GC(5)      Free:       76M (59%)          76M (59%)         116M (91%)         118M (92%)         118M (92%)          76M (59%)    
[2024-07-21T22:32:32.579+0800][0.567s][gc,heap     ] GC(5)      Used:       52M (41%)          52M (41%)          12M (9%)           10M (8%)           52M (41%)          10M (8%)     
[2024-07-21T22:32:32.579+0800][0.567s][gc,heap     ] GC(5)      Live:         -                 4M (3%)            4M (3%)            4M (3%)             -                  -          
[2024-07-21T22:32:32.579+0800][0.567s][gc,heap     ] GC(5) Allocated:         -                 0M (0%)            0M (0%)            0M (0%)             -                  -          
[2024-07-21T22:32:32.579+0800][0.567s][gc,heap     ] GC(5)   Garbage:         -                47M (37%)           7M (6%)            5M (5%)             -                  -          
[2024-07-21T22:32:32.579+0800][0.567s][gc,heap     ] GC(5) Reclaimed:         -                  -                40M (31%)          42M (33%)            -                  -          
[2024-07-21T22:32:32.579+0800][0.567s][gc          ] GC(5) Garbage Collection (Allocation Rate) 52M(41%)->10M(8%)
[2024-07-21T22:32:32.666+0800][0.654s][gc,start    ] GC(6) Garbage Collection (Allocation Rate)
[2024-07-21T22:32:32.666+0800][0.654s][gc,task     ] GC(6) Using 1 workers
[2024-07-21T22:32:32.666+0800][0.654s][gc,phases   ] GC(6) Pause Mark Start 0.009ms
[2024-07-21T22:32:32.673+0800][0.662s][gc,phases   ] GC(6) Concurrent Mark 7.355ms
[2024-07-21T22:32:32.674+0800][0.662s][gc,phases   ] GC(6) Pause Mark End 0.020ms
[2024-07-21T22:32:32.674+0800][0.662s][gc,phases   ] GC(6) Concurrent Mark Free 0.001ms
[2024-07-21T22:32:32.675+0800][0.664s][gc,phases   ] GC(6) Concurrent Process Non-Strong References 1.682ms
[2024-07-21T22:32:32.675+0800][0.664s][gc,phases   ] GC(6) Concurrent Reset Relocation Set 0.001ms
[2024-07-21T22:32:32.680+0800][0.668s][gc          ] Allocation Stall (main) 9.266ms
[2024-07-21T22:32:32.680+0800][0.668s][gc,phases   ] GC(6) Concurrent Select Relocation Set 4.191ms
[2024-07-21T22:32:32.680+0800][0.668s][gc,phases   ] GC(6) Pause Relocate Start 0.010ms
[2024-07-21T22:32:32.680+0800][0.668s][gc,phases   ] GC(6) Concurrent Relocate 0.036ms
[2024-07-21T22:32:32.680+0800][0.668s][gc,load     ] GC(6) Load: 0.00/0.00/0.00
[2024-07-21T22:32:32.680+0800][0.668s][gc,mmu      ] GC(6) MMU: 2ms/99.0%, 5ms/99.5%, 10ms/99.7%, 20ms/99.8%, 50ms/99.9%, 100ms/99.9%
[2024-07-21T22:32:32.680+0800][0.668s][gc,marking  ] GC(6) Mark: 1 stripe(s), 2 proactive flush(es), 1 terminate flush(es), 0 completion(s), 0 continuation(s) 
[2024-07-21T22:32:32.680+0800][0.669s][gc,marking  ] GC(6) Mark Stack Usage: 32M
[2024-07-21T22:32:32.680+0800][0.669s][gc,nmethod  ] GC(6) NMethods: 321 registered, 0 unregistered
[2024-07-21T22:32:32.680+0800][0.669s][gc,metaspace] GC(6) Metaspace: 1M used, 1M committed, 1032M reserved
[2024-07-21T22:32:32.680+0800][0.669s][gc,ref      ] GC(6) Soft: 21 encountered, 0 discovered, 0 enqueued
[2024-07-21T22:32:32.680+0800][0.669s][gc,ref      ] GC(6) Weak: 117 encountered, 94 discovered, 0 enqueued
[2024-07-21T22:32:32.680+0800][0.669s][gc,ref      ] GC(6) Final: 0 encountered, 0 discovered, 0 enqueued
[2024-07-21T22:32:32.680+0800][0.669s][gc,ref      ] GC(6) Phantom: 184 encountered, 98 discovered, 0 enqueued
[2024-07-21T22:32:32.680+0800][0.669s][gc,reloc    ] GC(6) Small Pages: 4 / 8M, Empty: 2M, Relocated: 0M, In-Place: 0
[2024-07-21T22:32:32.680+0800][0.669s][gc,reloc    ] GC(6) Medium Pages: 1 / 4M, Empty: 0M, Relocated: 0M, In-Place: 0
[2024-07-21T22:32:32.680+0800][0.669s][gc,reloc    ] GC(6) Large Pages: 52 / 104M, Empty: 80M, Relocated: 0M, In-Place: 0
[2024-07-21T22:32:32.680+0800][0.669s][gc,reloc    ] GC(6) Forwarding Usage: 0M
[2024-07-21T22:32:32.680+0800][0.669s][gc,heap     ] GC(6) Min Capacity: 8M(6%)
[2024-07-21T22:32:32.680+0800][0.669s][gc,heap     ] GC(6) Max Capacity: 128M(100%)
[2024-07-21T22:32:32.680+0800][0.669s][gc,heap     ] GC(6) Soft Max Capacity: 128M(100%)
[2024-07-21T22:32:32.680+0800][0.669s][gc,heap     ] GC(6)                Mark Start          Mark End        Relocate Start      Relocate End           High               Low         
[2024-07-21T22:32:32.680+0800][0.669s][gc,heap     ] GC(6)  Capacity:      128M (100%)        128M (100%)        128M (100%)        128M (100%)        128M (100%)        128M (100%)   
[2024-07-21T22:32:32.681+0800][0.669s][gc,heap     ] GC(6)      Free:       12M (9%)            0M (0%)           80M (62%)          80M (62%)          82M (64%)           0M (0%)     
[2024-07-21T22:32:32.681+0800][0.669s][gc,heap     ] GC(6)      Used:      116M (91%)         128M (100%)         48M (38%)          48M (38%)         128M (100%)         46M (36%)    
[2024-07-21T22:32:32.681+0800][0.669s][gc,heap     ] GC(6)      Live:         -                28M (22%)          28M (22%)          28M (22%)            -                  -          
[2024-07-21T22:32:32.681+0800][0.669s][gc,heap     ] GC(6) Allocated:         -                12M (9%)           14M (11%)          14M (11%)            -                  -          
[2024-07-21T22:32:32.681+0800][0.669s][gc,heap     ] GC(6)   Garbage:         -                87M (69%)           5M (5%)            5M (5%)             -                  -          
[2024-07-21T22:32:32.681+0800][0.669s][gc,heap     ] GC(6) Reclaimed:         -                  -                82M (64%)          82M (64%)            -                  -          
[2024-07-21T22:32:32.681+0800][0.669s][gc          ] GC(6) Garbage Collection (Allocation Rate) 116M(91%)->48M(38%)
[2024-07-21T22:32:32.745+0800][0.734s][gc,start    ] GC(7) Garbage Collection (Allocation Stall)
[2024-07-21T22:32:32.746+0800][0.734s][gc,ref      ] GC(7) Clearing All SoftReferences
[2024-07-21T22:32:32.746+0800][0.734s][gc,task     ] GC(7) Using 1 workers
[2024-07-21T22:32:32.746+0800][0.734s][gc,phases   ] GC(7) Pause Mark Start 0.006ms
[2024-07-21T22:32:32.749+0800][0.737s][gc,phases   ] GC(7) Concurrent Mark 3.279ms
[2024-07-21T22:32:32.749+0800][0.738s][gc,phases   ] GC(7) Pause Mark End 0.010ms
[2024-07-21T22:32:32.749+0800][0.738s][gc,phases   ] GC(7) Concurrent Mark Free 0.001ms
[2024-07-21T22:32:32.750+0800][0.739s][gc,phases   ] GC(7) Concurrent Process Non-Strong References 0.798ms
[2024-07-21T22:32:32.750+0800][0.739s][gc,phases   ] GC(7) Concurrent Reset Relocation Set 0.000ms
[2024-07-21T22:32:32.752+0800][0.741s][gc          ] Allocation Stall (main) 6.764ms
[2024-07-21T22:32:32.752+0800][0.741s][gc,phases   ] GC(7) Concurrent Select Relocation Set 2.127ms
[2024-07-21T22:32:32.752+0800][0.741s][gc,phases   ] GC(7) Pause Relocate Start 0.008ms
[2024-07-21T22:32:32.753+0800][0.741s][gc,phases   ] GC(7) Concurrent Relocate 0.041ms
[2024-07-21T22:32:32.753+0800][0.741s][gc,load     ] GC(7) Load: 0.00/0.00/0.00
[2024-07-21T22:32:32.753+0800][0.741s][gc,mmu      ] GC(7) MMU: 2ms/99.0%, 5ms/99.5%, 10ms/99.7%, 20ms/99.8%, 50ms/99.9%, 100ms/99.9%
[2024-07-21T22:32:32.753+0800][0.741s][gc,marking  ] GC(7) Mark: 1 stripe(s), 1 proactive flush(es), 1 terminate flush(es), 0 completion(s), 0 continuation(s) 
[2024-07-21T22:32:32.753+0800][0.741s][gc,marking  ] GC(7) Mark Stack Usage: 32M
[2024-07-21T22:32:32.753+0800][0.741s][gc,nmethod  ] GC(7) NMethods: 322 registered, 0 unregistered
[2024-07-21T22:32:32.753+0800][0.741s][gc,metaspace] GC(7) Metaspace: 1M used, 1M committed, 1032M reserved
[2024-07-21T22:32:32.753+0800][0.741s][gc,ref      ] GC(7) Soft: 21 encountered, 17 discovered, 0 enqueued
[2024-07-21T22:32:32.753+0800][0.741s][gc,ref      ] GC(7) Weak: 117 encountered, 94 discovered, 0 enqueued
[2024-07-21T22:32:32.753+0800][0.741s][gc,ref      ] GC(7) Final: 0 encountered, 0 discovered, 0 enqueued
[2024-07-21T22:32:32.753+0800][0.741s][gc,ref      ] GC(7) Phantom: 184 encountered, 98 discovered, 0 enqueued
[2024-07-21T22:32:32.753+0800][0.741s][gc,reloc    ] GC(7) Small Pages: 4 / 8M, Empty: 2M, Relocated: 0M, In-Place: 0
[2024-07-21T22:32:32.753+0800][0.741s][gc,reloc    ] GC(7) Medium Pages: 1 / 4M, Empty: 0M, Relocated: 0M, In-Place: 0
[2024-07-21T22:32:32.753+0800][0.741s][gc,reloc    ] GC(7) Large Pages: 58 / 116M, Empty: 80M, Relocated: 0M, In-Place: 0
[2024-07-21T22:32:32.753+0800][0.741s][gc,reloc    ] GC(7) Forwarding Usage: 0M
[2024-07-21T22:32:32.753+0800][0.741s][gc,heap     ] GC(7) Min Capacity: 8M(6%)
[2024-07-21T22:32:32.753+0800][0.741s][gc,heap     ] GC(7) Max Capacity: 128M(100%)
[2024-07-21T22:32:32.753+0800][0.741s][gc,heap     ] GC(7) Soft Max Capacity: 128M(100%)
[2024-07-21T22:32:32.753+0800][0.741s][gc,heap     ] GC(7)                Mark Start          Mark End        Relocate Start      Relocate End           High               Low         
[2024-07-21T22:32:32.753+0800][0.741s][gc,heap     ] GC(7)  Capacity:      128M (100%)        128M (100%)        128M (100%)        128M (100%)        128M (100%)        128M (100%)   
[2024-07-21T22:32:32.753+0800][0.742s][gc,heap     ] GC(7)      Free:        0M (0%)            0M (0%)           80M (62%)          80M (62%)          82M (64%)           0M (0%)     
[2024-07-21T22:32:32.753+0800][0.742s][gc,heap     ] GC(7)      Used:      128M (100%)        128M (100%)         48M (38%)          48M (38%)         128M (100%)         46M (36%)    
[2024-07-21T22:32:32.753+0800][0.742s][gc,heap     ] GC(7)      Live:         -                40M (31%)          40M (31%)          40M (31%)            -                  -          
[2024-07-21T22:32:32.753+0800][0.742s][gc,heap     ] GC(7) Allocated:         -                 0M (0%)            2M (2%)            2M (2%)             -                  -          
[2024-07-21T22:32:32.753+0800][0.742s][gc,heap     ] GC(7)   Garbage:         -                87M (69%)           5M (5%)            5M (5%)             -                  -          
[2024-07-21T22:32:32.753+0800][0.742s][gc,heap     ] GC(7) Reclaimed:         -                  -                82M (64%)          82M (64%)            -                  -          
[2024-07-21T22:32:32.753+0800][0.742s][gc          ] GC(7) Garbage Collection (Allocation Stall) 128M(100%)->48M(38%)
[2024-07-21T22:32:32.777+0800][0.765s][gc,start    ] GC(8) Garbage Collection (Allocation Rate)
[2024-07-21T22:32:32.777+0800][0.765s][gc,task     ] GC(8) Using 1 workers
[2024-07-21T22:32:32.777+0800][0.765s][gc,phases   ] GC(8) Pause Mark Start 0.009ms
[2024-07-21T22:32:32.780+0800][0.769s][gc,phases   ] GC(8) Concurrent Mark 3.446ms
[2024-07-21T22:32:32.780+0800][0.769s][gc,phases   ] GC(8) Pause Mark End 0.010ms
[2024-07-21T22:32:32.781+0800][0.769s][gc,phases   ] GC(8) Concurrent Mark Free 0.001ms
[2024-07-21T22:32:32.781+0800][0.770s][gc,phases   ] GC(8) Concurrent Process Non-Strong References 0.693ms
[2024-07-21T22:32:32.781+0800][0.770s][gc,phases   ] GC(8) Concurrent Reset Relocation Set 0.001ms
[2024-07-21T22:32:32.784+0800][0.773s][gc,phases   ] GC(8) Concurrent Select Relocation Set 2.809ms
[2024-07-21T22:32:32.784+0800][0.773s][gc,phases   ] GC(8) Pause Relocate Start 0.008ms
[2024-07-21T22:32:32.784+0800][0.773s][gc,phases   ] GC(8) Concurrent Relocate 0.028ms
[2024-07-21T22:32:32.784+0800][0.773s][gc,load     ] GC(8) Load: 0.00/0.00/0.00
[2024-07-21T22:32:32.784+0800][0.773s][gc,mmu      ] GC(8) MMU: 2ms/99.0%, 5ms/99.5%, 10ms/99.7%, 20ms/99.8%, 50ms/99.9%, 100ms/99.9%
[2024-07-21T22:32:32.784+0800][0.773s][gc,marking  ] GC(8) Mark: 1 stripe(s), 2 proactive flush(es), 1 terminate flush(es), 0 completion(s), 0 continuation(s) 
[2024-07-21T22:32:32.785+0800][0.773s][gc,marking  ] GC(8) Mark Stack Usage: 32M
[2024-07-21T22:32:32.785+0800][0.773s][gc,nmethod  ] GC(8) NMethods: 322 registered, 0 unregistered
[2024-07-21T22:32:32.785+0800][0.773s][gc,metaspace] GC(8) Metaspace: 1M used, 1M committed, 1032M reserved
[2024-07-21T22:32:32.785+0800][0.773s][gc,ref      ] GC(8) Soft: 21 encountered, 0 discovered, 0 enqueued
[2024-07-21T22:32:32.785+0800][0.773s][gc,ref      ] GC(8) Weak: 117 encountered, 94 discovered, 0 enqueued
[2024-07-21T22:32:32.785+0800][0.773s][gc,ref      ] GC(8) Final: 0 encountered, 0 discovered, 0 enqueued
[2024-07-21T22:32:32.785+0800][0.773s][gc,ref      ] GC(8) Phantom: 184 encountered, 98 discovered, 0 enqueued
[2024-07-21T22:32:32.785+0800][0.773s][gc,reloc    ] GC(8) Small Pages: 4 / 8M, Empty: 2M, Relocated: 0M, In-Place: 0
[2024-07-21T22:32:32.785+0800][0.773s][gc,reloc    ] GC(8) Medium Pages: 1 / 4M, Empty: 0M, Relocated: 0M, In-Place: 0
[2024-07-21T22:32:32.785+0800][0.773s][gc,reloc    ] GC(8) Large Pages: 22 / 44M, Empty: 40M, Relocated: 0M, In-Place: 0
[2024-07-21T22:32:32.785+0800][0.773s][gc,reloc    ] GC(8) Forwarding Usage: 0M
[2024-07-21T22:32:32.785+0800][0.773s][gc,heap     ] GC(8) Min Capacity: 8M(6%)
[2024-07-21T22:32:32.785+0800][0.773s][gc,heap     ] GC(8) Max Capacity: 128M(100%)
[2024-07-21T22:32:32.785+0800][0.773s][gc,heap     ] GC(8) Soft Max Capacity: 128M(100%)
[2024-07-21T22:32:32.785+0800][0.773s][gc,heap     ] GC(8)                Mark Start          Mark End        Relocate Start      Relocate End           High               Low         
[2024-07-21T22:32:32.785+0800][0.773s][gc,heap     ] GC(8)  Capacity:      128M (100%)        128M (100%)        128M (100%)        128M (100%)        128M (100%)        128M (100%)   
[2024-07-21T22:32:32.785+0800][0.773s][gc,heap     ] GC(8)      Free:       72M (56%)          60M (47%)          96M (75%)          96M (75%)          96M (75%)          54M (42%)    
[2024-07-21T22:32:32.785+0800][0.773s][gc,heap     ] GC(8)      Used:       56M (44%)          68M (53%)          32M (25%)          32M (25%)          74M (58%)          32M (25%)    
[2024-07-21T22:32:32.785+0800][0.773s][gc,heap     ] GC(8)      Live:         -                 8M (6%)            8M (6%)            8M (6%)             -                  -          
[2024-07-21T22:32:32.785+0800][0.773s][gc,heap     ] GC(8) Allocated:         -                12M (9%)           18M (14%)          18M (14%)            -                  -          
[2024-07-21T22:32:32.785+0800][0.773s][gc,heap     ] GC(8)   Garbage:         -                47M (37%)           5M (5%)            5M (5%)             -                  -          
[2024-07-21T22:32:32.785+0800][0.773s][gc,heap     ] GC(8) Reclaimed:         -                  -                42M (33%)          42M (33%)            -                  -          
[2024-07-21T22:32:32.785+0800][0.773s][gc          ] GC(8) Garbage Collection (Allocation Rate) 56M(44%)->32M(25%)
[2024-07-21T22:32:32.872+0800][0.860s][gc,start    ] GC(9) Garbage Collection (Allocation Rate)
[2024-07-21T22:32:32.872+0800][0.860s][gc,task     ] GC(9) Using 1 workers
[2024-07-21T22:32:32.872+0800][0.860s][gc,phases   ] GC(9) Pause Mark Start 0.006ms
[2024-07-21T22:32:32.875+0800][0.864s][gc,phases   ] GC(9) Concurrent Mark 3.238ms
[2024-07-21T22:32:32.875+0800][0.864s][gc,phases   ] GC(9) Pause Mark End 0.012ms
[2024-07-21T22:32:32.876+0800][0.864s][gc,phases   ] GC(9) Concurrent Mark Free 0.001ms
[2024-07-21T22:32:32.876+0800][0.865s][gc,phases   ] GC(9) Concurrent Process Non-Strong References 0.851ms
[2024-07-21T22:32:32.876+0800][0.865s][gc,phases   ] GC(9) Concurrent Reset Relocation Set 0.000ms
[2024-07-21T22:32:32.878+0800][0.867s][gc          ] Allocation Stall (main) 1.760ms
[2024-07-21T22:32:32.878+0800][0.867s][gc,phases   ] GC(9) Concurrent Select Relocation Set 1.726ms
[2024-07-21T22:32:32.878+0800][0.867s][gc,phases   ] GC(9) Pause Relocate Start 0.005ms
[2024-07-21T22:32:32.878+0800][0.867s][gc,phases   ] GC(9) Concurrent Relocate 0.024ms
[2024-07-21T22:32:32.878+0800][0.867s][gc,load     ] GC(9) Load: 0.00/0.00/0.00
[2024-07-21T22:32:32.878+0800][0.867s][gc,mmu      ] GC(9) MMU: 2ms/99.0%, 5ms/99.5%, 10ms/99.7%, 20ms/99.8%, 50ms/99.9%, 100ms/99.9%
[2024-07-21T22:32:32.879+0800][0.867s][gc,marking  ] GC(9) Mark: 1 stripe(s), 2 proactive flush(es), 1 terminate flush(es), 0 completion(s), 0 continuation(s) 
[2024-07-21T22:32:32.879+0800][0.867s][gc,marking  ] GC(9) Mark Stack Usage: 32M
[2024-07-21T22:32:32.879+0800][0.867s][gc,nmethod  ] GC(9) NMethods: 322 registered, 0 unregistered
[2024-07-21T22:32:32.879+0800][0.867s][gc,metaspace] GC(9) Metaspace: 1M used, 1M committed, 1032M reserved
[2024-07-21T22:32:32.879+0800][0.867s][gc,ref      ] GC(9) Soft: 21 encountered, 0 discovered, 0 enqueued
[2024-07-21T22:32:32.879+0800][0.867s][gc,ref      ] GC(9) Weak: 117 encountered, 94 discovered, 0 enqueued
[2024-07-21T22:32:32.879+0800][0.867s][gc,ref      ] GC(9) Final: 0 encountered, 0 discovered, 0 enqueued
[2024-07-21T22:32:32.879+0800][0.867s][gc,ref      ] GC(9) Phantom: 184 encountered, 98 discovered, 0 enqueued
[2024-07-21T22:32:32.879+0800][0.867s][gc,reloc    ] GC(9) Small Pages: 4 / 8M, Empty: 2M, Relocated: 0M, In-Place: 0
[2024-07-21T22:32:32.879+0800][0.867s][gc,reloc    ] GC(9) Medium Pages: 1 / 4M, Empty: 0M, Relocated: 0M, In-Place: 0
[2024-07-21T22:32:32.879+0800][0.867s][gc,reloc    ] GC(9) Large Pages: 52 / 104M, Empty: 80M, Relocated: 0M, In-Place: 0
[2024-07-21T22:32:32.879+0800][0.867s][gc,reloc    ] GC(9) Forwarding Usage: 0M
[2024-07-21T22:32:32.879+0800][0.867s][gc,heap     ] GC(9) Min Capacity: 8M(6%)
[2024-07-21T22:32:32.879+0800][0.867s][gc,heap     ] GC(9) Max Capacity: 128M(100%)
[2024-07-21T22:32:32.879+0800][0.867s][gc,heap     ] GC(9) Soft Max Capacity: 128M(100%)
[2024-07-21T22:32:32.879+0800][0.867s][gc,heap     ] GC(9)                Mark Start          Mark End        Relocate Start      Relocate End           High               Low         
[2024-07-21T22:32:32.879+0800][0.867s][gc,heap     ] GC(9)  Capacity:      128M (100%)        128M (100%)        128M (100%)        128M (100%)        128M (100%)        128M (100%)   
[2024-07-21T22:32:32.879+0800][0.867s][gc,heap     ] GC(9)      Free:       12M (9%)            2M (2%)           80M (62%)          80M (62%)          82M (64%)           0M (0%)     
[2024-07-21T22:32:32.879+0800][0.867s][gc,heap     ] GC(9)      Used:      116M (91%)         126M (98%)          48M (38%)          48M (38%)         128M (100%)         46M (36%)    
[2024-07-21T22:32:32.879+0800][0.867s][gc,heap     ] GC(9)      Live:         -                28M (22%)          28M (22%)          28M (22%)            -                  -          
[2024-07-21T22:32:32.879+0800][0.867s][gc,heap     ] GC(9) Allocated:         -                10M (8%)           14M (11%)          14M (11%)            -                  -          
[2024-07-21T22:32:32.879+0800][0.867s][gc,heap     ] GC(9)   Garbage:         -                87M (69%)           5M (5%)            5M (5%)             -                  -          
[2024-07-21T22:32:32.879+0800][0.867s][gc,heap     ] GC(9) Reclaimed:         -                  -                82M (64%)          82M (64%)            -                  -          
[2024-07-21T22:32:32.879+0800][0.867s][gc          ] GC(9) Garbage Collection (Allocation Rate) 116M(91%)->48M(38%)
[2024-07-21T22:32:32.953+0800][0.942s][gc,start    ] GC(10) Garbage Collection (Allocation Stall)
[2024-07-21T22:32:32.953+0800][0.942s][gc,ref      ] GC(10) Clearing All SoftReferences
[2024-07-21T22:32:32.953+0800][0.942s][gc,task     ] GC(10) Using 1 workers
[2024-07-21T22:32:32.953+0800][0.942s][gc,phases   ] GC(10) Pause Mark Start 0.025ms
[2024-07-21T22:32:32.959+0800][0.947s][gc,phases   ] GC(10) Concurrent Mark 5.534ms
[2024-07-21T22:32:32.959+0800][0.948s][gc,phases   ] GC(10) Pause Mark End 0.040ms
[2024-07-21T22:32:32.959+0800][0.948s][gc,phases   ] GC(10) Concurrent Mark Free 0.002ms
[2024-07-21T22:32:32.960+0800][0.948s][gc,phases   ] GC(10) Concurrent Process Non-Strong References 0.613ms
[2024-07-21T22:32:32.960+0800][0.948s][gc,phases   ] GC(10) Concurrent Reset Relocation Set 0.001ms
[2024-07-21T22:32:32.964+0800][0.952s][gc,phases   ] GC(10) Concurrent Select Relocation Set 3.539ms
[2024-07-21T22:32:32.964+0800][0.952s][gc          ] Allocation Stall (main) 10.406ms
[2024-07-21T22:32:32.964+0800][0.952s][gc,phases   ] GC(10) Pause Relocate Start 0.014ms
[2024-07-21T22:32:32.964+0800][0.952s][gc,phases   ] GC(10) Concurrent Relocate 0.044ms
[2024-07-21T22:32:32.964+0800][0.953s][gc,load     ] GC(10) Load: 0.00/0.00/0.00
[2024-07-21T22:32:32.964+0800][0.953s][gc,mmu      ] GC(10) MMU: 2ms/98.0%, 5ms/98.9%, 10ms/99.4%, 20ms/99.6%, 50ms/99.8%, 100ms/99.9%
[2024-07-21T22:32:32.964+0800][0.953s][gc,marking  ] GC(10) Mark: 1 stripe(s), 1 proactive flush(es), 1 terminate flush(es), 0 completion(s), 0 continuation(s) 
[2024-07-21T22:32:32.964+0800][0.953s][gc,marking  ] GC(10) Mark Stack Usage: 32M
[2024-07-21T22:32:32.964+0800][0.953s][gc,nmethod  ] GC(10) NMethods: 322 registered, 0 unregistered
[2024-07-21T22:32:32.964+0800][0.953s][gc,metaspace] GC(10) Metaspace: 1M used, 1M committed, 1032M reserved
[2024-07-21T22:32:32.964+0800][0.953s][gc,ref      ] GC(10) Soft: 21 encountered, 17 discovered, 0 enqueued
[2024-07-21T22:32:32.964+0800][0.953s][gc,ref      ] GC(10) Weak: 117 encountered, 94 discovered, 0 enqueued
[2024-07-21T22:32:32.964+0800][0.953s][gc,ref      ] GC(10) Final: 0 encountered, 0 discovered, 0 enqueued
[2024-07-21T22:32:32.964+0800][0.953s][gc,ref      ] GC(10) Phantom: 184 encountered, 98 discovered, 0 enqueued
[2024-07-21T22:32:32.964+0800][0.953s][gc,reloc    ] GC(10) Small Pages: 4 / 8M, Empty: 2M, Relocated: 0M, In-Place: 0
[2024-07-21T22:32:32.964+0800][0.953s][gc,reloc    ] GC(10) Medium Pages: 1 / 4M, Empty: 0M, Relocated: 0M, In-Place: 0
[2024-07-21T22:32:32.964+0800][0.953s][gc,reloc    ] GC(10) Large Pages: 58 / 116M, Empty: 80M, Relocated: 0M, In-Place: 0
[2024-07-21T22:32:32.964+0800][0.953s][gc,reloc    ] GC(10) Forwarding Usage: 0M
[2024-07-21T22:32:32.964+0800][0.953s][gc,heap     ] GC(10) Min Capacity: 8M(6%)
[2024-07-21T22:32:32.964+0800][0.953s][gc,heap     ] GC(10) Max Capacity: 128M(100%)
[2024-07-21T22:32:32.964+0800][0.953s][gc,heap     ] GC(10) Soft Max Capacity: 128M(100%)
[2024-07-21T22:32:32.964+0800][0.953s][gc,heap     ] GC(10)                Mark Start          Mark End        Relocate Start      Relocate End           High               Low         
[2024-07-21T22:32:32.964+0800][0.953s][gc,heap     ] GC(10)  Capacity:      128M (100%)        128M (100%)        128M (100%)        128M (100%)        128M (100%)        128M (100%)   
[2024-07-21T22:32:32.964+0800][0.953s][gc,heap     ] GC(10)      Free:        0M (0%)            0M (0%)           80M (62%)          80M (62%)          82M (64%)           0M (0%)     
[2024-07-21T22:32:32.964+0800][0.953s][gc,heap     ] GC(10)      Used:      128M (100%)        128M (100%)         48M (38%)          48M (38%)         128M (100%)         46M (36%)    
[2024-07-21T22:32:32.964+0800][0.953s][gc,heap     ] GC(10)      Live:         -                40M (31%)          40M (31%)          40M (31%)            -                  -          
[2024-07-21T22:32:32.964+0800][0.953s][gc,heap     ] GC(10) Allocated:         -                 0M (0%)            2M (2%)            2M (2%)             -                  -          
[2024-07-21T22:32:32.964+0800][0.953s][gc,heap     ] GC(10)   Garbage:         -                87M (69%)           5M (5%)            5M (5%)             -                  -          
[2024-07-21T22:32:32.965+0800][0.953s][gc,heap     ] GC(10) Reclaimed:         -                  -                82M (64%)          82M (64%)            -                  -          
[2024-07-21T22:32:32.965+0800][0.953s][gc          ] GC(10) Garbage Collection (Allocation Stall) 128M(100%)->48M(38%)
[2024-07-21T22:32:32.968+0800][0.956s][gc,start    ] GC(11) Garbage Collection (Allocation Rate)
[2024-07-21T22:32:32.968+0800][0.956s][gc,task     ] GC(11) Using 1 workers
[2024-07-21T22:32:32.968+0800][0.956s][gc,phases   ] GC(11) Pause Mark Start 0.006ms
[2024-07-21T22:32:32.971+0800][0.959s][gc,phases   ] GC(11) Concurrent Mark 3.140ms
[2024-07-21T22:32:32.971+0800][0.960s][gc,phases   ] GC(11) Pause Mark End 0.009ms
[2024-07-21T22:32:32.971+0800][0.960s][gc,phases   ] GC(11) Concurrent Mark Free 0.001ms
[2024-07-21T22:32:32.972+0800][0.960s][gc,phases   ] GC(11) Concurrent Process Non-Strong References 0.667ms
[2024-07-21T22:32:32.972+0800][0.960s][gc,phases   ] GC(11) Concurrent Reset Relocation Set 0.001ms
[2024-07-21T22:32:32.977+0800][0.966s][gc,phases   ] GC(11) Concurrent Select Relocation Set 5.305ms
[2024-07-21T22:32:32.977+0800][0.966s][gc,phases   ] GC(11) Pause Relocate Start 0.007ms
[2024-07-21T22:32:32.978+0800][0.967s][gc,phases   ] GC(11) Concurrent Relocate 1.053ms
[2024-07-21T22:32:32.979+0800][0.967s][gc,load     ] GC(11) Load: 0.00/0.00/0.00
[2024-07-21T22:32:32.979+0800][0.967s][gc,mmu      ] GC(11) MMU: 2ms/98.0%, 5ms/98.9%, 10ms/99.4%, 20ms/99.5%, 50ms/99.8%, 100ms/99.9%
[2024-07-21T22:32:32.979+0800][0.967s][gc,marking  ] GC(11) Mark: 1 stripe(s), 1 proactive flush(es), 1 terminate flush(es), 0 completion(s), 0 continuation(s) 
[2024-07-21T22:32:32.979+0800][0.967s][gc,marking  ] GC(11) Mark Stack Usage: 32M
[2024-07-21T22:32:32.979+0800][0.967s][gc,nmethod  ] GC(11) NMethods: 322 registered, 0 unregistered
[2024-07-21T22:32:32.979+0800][0.967s][gc,metaspace] GC(11) Metaspace: 1M used, 1M committed, 1032M reserved
[2024-07-21T22:32:32.979+0800][0.967s][gc,ref      ] GC(11) Soft: 21 encountered, 0 discovered, 0 enqueued
[2024-07-21T22:32:32.979+0800][0.967s][gc,ref      ] GC(11) Weak: 117 encountered, 94 discovered, 0 enqueued
[2024-07-21T22:32:32.979+0800][0.967s][gc,ref      ] GC(11) Final: 0 encountered, 0 discovered, 0 enqueued
[2024-07-21T22:32:32.979+0800][0.967s][gc,ref      ] GC(11) Phantom: 184 encountered, 98 discovered, 0 enqueued
[2024-07-21T22:32:32.979+0800][0.967s][gc,reloc    ] GC(11) Small Pages: 4 / 8M, Empty: 0M, Relocated: 0M, In-Place: 0
[2024-07-21T22:32:32.979+0800][0.967s][gc,reloc    ] GC(11) Medium Pages: 1 / 4M, Empty: 0M, Relocated: 0M, In-Place: 0
[2024-07-21T22:32:32.979+0800][0.967s][gc,reloc    ] GC(11) Large Pages: 20 / 40M, Empty: 40M, Relocated: 0M, In-Place: 0
[2024-07-21T22:32:32.979+0800][0.967s][gc,reloc    ] GC(11) Forwarding Usage: 0M
[2024-07-21T22:32:32.979+0800][0.967s][gc,heap     ] GC(11) Min Capacity: 8M(6%)
[2024-07-21T22:32:32.979+0800][0.967s][gc,heap     ] GC(11) Max Capacity: 128M(100%)
[2024-07-21T22:32:32.979+0800][0.967s][gc,heap     ] GC(11) Soft Max Capacity: 128M(100%)
[2024-07-21T22:32:32.979+0800][0.967s][gc,heap     ] GC(11)                Mark Start          Mark End        Relocate Start      Relocate End           High               Low         
[2024-07-21T22:32:32.979+0800][0.967s][gc,heap     ] GC(11)  Capacity:      128M (100%)        128M (100%)        128M (100%)        128M (100%)        128M (100%)        128M (100%)   
[2024-07-21T22:32:32.979+0800][0.967s][gc,heap     ] GC(11)      Free:       76M (59%)          76M (59%)         116M (91%)         118M (92%)         118M (92%)          76M (59%)    
[2024-07-21T22:32:32.979+0800][0.967s][gc,heap     ] GC(11)      Used:       52M (41%)          52M (41%)          12M (9%)           10M (8%)           52M (41%)          10M (8%)     
[2024-07-21T22:32:32.979+0800][0.967s][gc,heap     ] GC(11)      Live:         -                 4M (3%)            4M (3%)            4M (3%)             -                  -          
[2024-07-21T22:32:32.979+0800][0.967s][gc,heap     ] GC(11) Allocated:         -                 0M (0%)            0M (0%)            0M (0%)             -                  -          
[2024-07-21T22:32:32.979+0800][0.967s][gc,heap     ] GC(11)   Garbage:         -                47M (37%)           7M (6%)            5M (5%)             -                  -          
[2024-07-21T22:32:32.979+0800][0.967s][gc,heap     ] GC(11) Reclaimed:         -                  -                40M (31%)          42M (33%)            -                  -          
[2024-07-21T22:32:32.979+0800][0.967s][gc          ] GC(11) Garbage Collection (Allocation Rate) 52M(41%)->10M(8%)
[2024-07-21T22:32:33.065+0800][1.054s][gc,start    ] GC(12) Garbage Collection (Allocation Stall)
[2024-07-21T22:32:33.065+0800][1.054s][gc,ref      ] GC(12) Clearing All SoftReferences
[2024-07-21T22:32:33.065+0800][1.054s][gc,task     ] GC(12) Using 1 workers
[2024-07-21T22:32:33.065+0800][1.054s][gc,phases   ] GC(12) Pause Mark Start 0.005ms
[2024-07-21T22:32:33.070+0800][1.059s][gc,phases   ] GC(12) Concurrent Mark 4.933ms
[2024-07-21T22:32:33.070+0800][1.059s][gc,phases   ] GC(12) Pause Mark End 0.009ms
[2024-07-21T22:32:33.070+0800][1.059s][gc,phases   ] GC(12) Concurrent Mark Free 0.001ms
[2024-07-21T22:32:33.071+0800][1.060s][gc,phases   ] GC(12) Concurrent Process Non-Strong References 0.690ms
[2024-07-21T22:32:33.071+0800][1.060s][gc,phases   ] GC(12) Concurrent Reset Relocation Set 0.001ms
[2024-07-21T22:32:33.073+0800][1.061s][gc          ] Allocation Stall (main) 7.767ms
[2024-07-21T22:32:33.073+0800][1.061s][gc          ] Allocation Stall (Attach Listener) 7.376ms
[2024-07-21T22:32:33.073+0800][1.062s][gc,phases   ] GC(12) Concurrent Select Relocation Set 2.001ms
[2024-07-21T22:32:33.073+0800][1.062s][gc,phases   ] GC(12) Pause Relocate Start 0.006ms
[2024-07-21T22:32:33.075+0800][1.064s][gc,phases   ] GC(12) Concurrent Relocate 1.806ms
[2024-07-21T22:32:33.075+0800][1.064s][gc,load     ] GC(12) Load: 0.00/0.00/0.00
[2024-07-21T22:32:33.075+0800][1.064s][gc,mmu      ] GC(12) MMU: 2ms/98.0%, 5ms/98.9%, 10ms/99.4%, 20ms/99.5%, 50ms/99.8%, 100ms/99.9%
[2024-07-21T22:32:33.075+0800][1.064s][gc,marking  ] GC(12) Mark: 1 stripe(s), 2 proactive flush(es), 1 terminate flush(es), 0 completion(s), 0 continuation(s) 
[2024-07-21T22:32:33.075+0800][1.064s][gc,marking  ] GC(12) Mark Stack Usage: 32M
[2024-07-21T22:32:33.075+0800][1.064s][gc,nmethod  ] GC(12) NMethods: 366 registered, 0 unregistered
[2024-07-21T22:32:33.075+0800][1.064s][gc,metaspace] GC(12) Metaspace: 1M used, 1M committed, 1032M reserved
[2024-07-21T22:32:33.075+0800][1.064s][gc,ref      ] GC(12) Soft: 56 encountered, 33 discovered, 11 enqueued
[2024-07-21T22:32:33.075+0800][1.064s][gc,ref      ] GC(12) Weak: 137 encountered, 113 discovered, 6 enqueued
[2024-07-21T22:32:33.075+0800][1.064s][gc,ref      ] GC(12) Final: 0 encountered, 0 discovered, 0 enqueued
[2024-07-21T22:32:33.075+0800][1.064s][gc,ref      ] GC(12) Phantom: 189 encountered, 103 discovered, 5 enqueued
[2024-07-21T22:32:33.075+0800][1.064s][gc,reloc    ] GC(12) Small Pages: 4 / 8M, Empty: 0M, Relocated: 1M, In-Place: 0
[2024-07-21T22:32:33.076+0800][1.064s][gc,reloc    ] GC(12) Medium Pages: 1 / 4M, Empty: 0M, Relocated: 0M, In-Place: 0
[2024-07-21T22:32:33.076+0800][1.064s][gc,reloc    ] GC(12) Large Pages: 58 / 116M, Empty: 80M, Relocated: 0M, In-Place: 0
[2024-07-21T22:32:33.076+0800][1.064s][gc,reloc    ] GC(12) Forwarding Usage: 0M
[2024-07-21T22:32:33.076+0800][1.064s][gc,heap     ] GC(12) Min Capacity: 8M(6%)
[2024-07-21T22:32:33.076+0800][1.064s][gc,heap     ] GC(12) Max Capacity: 128M(100%)
[2024-07-21T22:32:33.076+0800][1.064s][gc,heap     ] GC(12) Soft Max Capacity: 128M(100%)
[2024-07-21T22:32:33.076+0800][1.064s][gc,heap     ] GC(12)                Mark Start          Mark End        Relocate Start      Relocate End           High               Low         
[2024-07-21T22:32:33.076+0800][1.064s][gc,heap     ] GC(12)  Capacity:      128M (100%)        128M (100%)        128M (100%)        128M (100%)        128M (100%)        128M (100%)   
[2024-07-21T22:32:33.076+0800][1.064s][gc,heap     ] GC(12)      Free:        0M (0%)            0M (0%)           76M (59%)          76M (59%)          80M (62%)           0M (0%)     
[2024-07-21T22:32:33.076+0800][1.064s][gc,heap     ] GC(12)      Used:      128M (100%)        128M (100%)         52M (41%)          52M (41%)         128M (100%)         48M (38%)    
[2024-07-21T22:32:33.076+0800][1.064s][gc,heap     ] GC(12)      Live:         -                40M (32%)          40M (32%)          40M (32%)            -                  -          
[2024-07-21T22:32:33.076+0800][1.064s][gc,heap     ] GC(12) Allocated:         -                 0M (0%)            4M (3%)            5M (5%)             -                  -          
[2024-07-21T22:32:33.076+0800][1.064s][gc,heap     ] GC(12)   Garbage:         -                87M (68%)           7M (6%)            5M (4%)             -                  -          
[2024-07-21T22:32:33.076+0800][1.064s][gc,heap     ] GC(12) Reclaimed:         -                  -                80M (62%)          81M (64%)            -                  -          
[2024-07-21T22:32:33.076+0800][1.064s][gc          ] GC(12) Garbage Collection (Allocation Stall) 128M(100%)->52M(41%)
[2024-07-21T22:32:33.080+0800][1.068s][gc,start    ] GC(13) Garbage Collection (Allocation Stall)
[2024-07-21T22:32:33.080+0800][1.068s][gc,ref      ] GC(13) Clearing All SoftReferences
[2024-07-21T22:32:33.080+0800][1.068s][gc,task     ] GC(13) Using 1 workers
[2024-07-21T22:32:33.080+0800][1.068s][gc,phases   ] GC(13) Pause Mark Start 0.006ms
[2024-07-21T22:32:33.085+0800][1.073s][gc,phases   ] GC(13) Concurrent Mark 5.172ms
[2024-07-21T22:32:33.085+0800][1.074s][gc,phases   ] GC(13) Pause Mark End 0.009ms
[2024-07-21T22:32:33.085+0800][1.074s][gc,phases   ] GC(13) Concurrent Mark Free 0.001ms
[2024-07-21T22:32:33.086+0800][1.074s][gc,phases   ] GC(13) Concurrent Process Non-Strong References 0.849ms
[2024-07-21T22:32:33.086+0800][1.074s][gc,phases   ] GC(13) Concurrent Reset Relocation Set 0.001ms
[2024-07-21T22:32:33.088+0800][1.077s][gc,phases   ] GC(13) Concurrent Select Relocation Set 2.319ms
[2024-07-21T22:32:33.089+0800][1.077s][gc,phases   ] GC(13) Pause Relocate Start 0.007ms
[2024-07-21T22:32:33.090+0800][1.078s][gc,phases   ] GC(13) Concurrent Relocate 1.463ms
[2024-07-21T22:32:33.090+0800][1.079s][gc,load     ] GC(13) Load: 0.00/0.00/0.00
[2024-07-21T22:32:33.090+0800][1.079s][gc,mmu      ] GC(13) MMU: 2ms/98.0%, 5ms/98.9%, 10ms/99.4%, 20ms/99.5%, 50ms/99.8%, 100ms/99.9%
[2024-07-21T22:32:33.090+0800][1.079s][gc,marking  ] GC(13) Mark: 1 stripe(s), 1 proactive flush(es), 1 terminate flush(es), 0 completion(s), 0 continuation(s) 
[2024-07-21T22:32:33.090+0800][1.079s][gc,marking  ] GC(13) Mark Stack Usage: 32M
[2024-07-21T22:32:33.090+0800][1.079s][gc,nmethod  ] GC(13) NMethods: 371 registered, 0 unregistered
[2024-07-21T22:32:33.090+0800][1.079s][gc,metaspace] GC(13) Metaspace: 1M used, 1M committed, 1032M reserved
[2024-07-21T22:32:33.090+0800][1.079s][gc,ref      ] GC(13) Soft: 54 encountered, 31 discovered, 11 enqueued
[2024-07-21T22:32:33.090+0800][1.079s][gc,ref      ] GC(13) Weak: 131 encountered, 107 discovered, 0 enqueued
[2024-07-21T22:32:33.090+0800][1.079s][gc,ref      ] GC(13) Final: 0 encountered, 0 discovered, 0 enqueued
[2024-07-21T22:32:33.090+0800][1.079s][gc,ref      ] GC(13) Phantom: 184 encountered, 98 discovered, 0 enqueued
[2024-07-21T22:32:33.090+0800][1.079s][gc,reloc    ] GC(13) Small Pages: 4 / 8M, Empty: 0M, Relocated: 1M, In-Place: 0
[2024-07-21T22:32:33.090+0800][1.079s][gc,reloc    ] GC(13) Medium Pages: 1 / 4M, Empty: 0M, Relocated: 0M, In-Place: 0
[2024-07-21T22:32:33.090+0800][1.079s][gc,reloc    ] GC(13) Large Pages: 20 / 40M, Empty: 40M, Relocated: 0M, In-Place: 0
[2024-07-21T22:32:33.090+0800][1.079s][gc,reloc    ] GC(13) Forwarding Usage: 0M
[2024-07-21T22:32:33.090+0800][1.079s][gc,heap     ] GC(13) Min Capacity: 8M(6%)
[2024-07-21T22:32:33.090+0800][1.079s][gc,heap     ] GC(13) Max Capacity: 128M(100%)
[2024-07-21T22:32:33.090+0800][1.079s][gc,heap     ] GC(13) Soft Max Capacity: 128M(100%)
[2024-07-21T22:32:33.090+0800][1.079s][gc,heap     ] GC(13)                Mark Start          Mark End        Relocate Start      Relocate End           High               Low         
[2024-07-21T22:32:33.090+0800][1.079s][gc,heap     ] GC(13)  Capacity:      128M (100%)        128M (100%)        128M (100%)        128M (100%)        128M (100%)        128M (100%)   
[2024-07-21T22:32:33.090+0800][1.079s][gc,heap     ] GC(13)      Free:       76M (59%)          76M (59%)         116M (91%)         118M (92%)         118M (92%)          76M (59%)    
[2024-07-21T22:32:33.090+0800][1.079s][gc,heap     ] GC(13)      Used:       52M (41%)          52M (41%)          12M (9%)           10M (8%)           52M (41%)          10M (8%)     
[2024-07-21T22:32:33.090+0800][1.079s][gc,heap     ] GC(13)      Live:         -                 4M (4%)            4M (4%)            4M (4%)             -                  -          
[2024-07-21T22:32:33.090+0800][1.079s][gc,heap     ] GC(13) Allocated:         -                 0M (0%)            0M (0%)            0M (0%)             -                  -          
[2024-07-21T22:32:33.090+0800][1.079s][gc,heap     ] GC(13)   Garbage:         -                47M (37%)           7M (6%)            5M (4%)             -                  -          
[2024-07-21T22:32:33.090+0800][1.079s][gc,heap     ] GC(13) Reclaimed:         -                  -                40M (31%)          42M (33%)            -                  -          
[2024-07-21T22:32:33.091+0800][1.079s][gc          ] GC(13) Garbage Collection (Allocation Stall) 52M(41%)->10M(8%)
[2024-07-21T22:32:33.176+0800][1.164s][gc,start    ] GC(14) Garbage Collection (Allocation Rate)
[2024-07-21T22:32:33.176+0800][1.164s][gc,task     ] GC(14) Using 1 workers
[2024-07-21T22:32:33.176+0800][1.164s][gc,phases   ] GC(14) Pause Mark Start 0.015ms
[2024-07-21T22:32:33.186+0800][1.174s][gc,phases   ] GC(14) Concurrent Mark 9.709ms
[2024-07-21T22:32:33.186+0800][1.174s][gc,phases   ] GC(14) Pause Mark End 0.013ms
[2024-07-21T22:32:33.186+0800][1.174s][gc,phases   ] GC(14) Concurrent Mark Free 0.001ms
[2024-07-21T22:32:33.188+0800][1.176s][gc,phases   ] GC(14) Concurrent Process Non-Strong References 1.549ms
[2024-07-21T22:32:33.188+0800][1.176s][gc,phases   ] GC(14) Concurrent Reset Relocation Set 0.001ms
[2024-07-21T22:32:33.193+0800][1.182s][gc          ] Allocation Stall (main) 11.747ms
[2024-07-21T22:32:33.193+0800][1.182s][gc,phases   ] GC(14) Concurrent Select Relocation Set 5.665ms
[2024-07-21T22:32:33.194+0800][1.182s][gc,phases   ] GC(14) Pause Relocate Start 0.008ms
[2024-07-21T22:32:33.194+0800][1.182s][gc,phases   ] GC(14) Concurrent Relocate 0.038ms
[2024-07-21T22:32:33.194+0800][1.182s][gc,load     ] GC(14) Load: 0.00/0.00/0.00
[2024-07-21T22:32:33.194+0800][1.182s][gc,mmu      ] GC(14) MMU: 2ms/98.0%, 5ms/98.9%, 10ms/99.4%, 20ms/99.5%, 50ms/99.8%, 100ms/99.9%
[2024-07-21T22:32:33.194+0800][1.182s][gc,marking  ] GC(14) Mark: 1 stripe(s), 2 proactive flush(es), 1 terminate flush(es), 0 completion(s), 0 continuation(s) 
[2024-07-21T22:32:33.194+0800][1.182s][gc,marking  ] GC(14) Mark Stack Usage: 32M
[2024-07-21T22:32:33.194+0800][1.182s][gc,nmethod  ] GC(14) NMethods: 374 registered, 0 unregistered
[2024-07-21T22:32:33.194+0800][1.182s][gc,metaspace] GC(14) Metaspace: 1M used, 1M committed, 1032M reserved
[2024-07-21T22:32:33.194+0800][1.182s][gc,ref      ] GC(14) Soft: 43 encountered, 0 discovered, 0 enqueued
[2024-07-21T22:32:33.194+0800][1.182s][gc,ref      ] GC(14) Weak: 131 encountered, 107 discovered, 0 enqueued
[2024-07-21T22:32:33.194+0800][1.182s][gc,ref      ] GC(14) Final: 0 encountered, 0 discovered, 0 enqueued
[2024-07-21T22:32:33.194+0800][1.182s][gc,ref      ] GC(14) Phantom: 184 encountered, 98 discovered, 0 enqueued
[2024-07-21T22:32:33.194+0800][1.182s][gc,reloc    ] GC(14) Small Pages: 4 / 8M, Empty: 2M, Relocated: 0M, In-Place: 0
[2024-07-21T22:32:33.194+0800][1.182s][gc,reloc    ] GC(14) Medium Pages: 1 / 4M, Empty: 0M, Relocated: 0M, In-Place: 0
[2024-07-21T22:32:33.194+0800][1.182s][gc,reloc    ] GC(14) Large Pages: 52 / 104M, Empty: 80M, Relocated: 0M, In-Place: 0
[2024-07-21T22:32:33.194+0800][1.182s][gc,reloc    ] GC(14) Forwarding Usage: 0M
[2024-07-21T22:32:33.194+0800][1.183s][gc,heap     ] GC(14) Min Capacity: 8M(6%)
[2024-07-21T22:32:33.194+0800][1.183s][gc,heap     ] GC(14) Max Capacity: 128M(100%)
[2024-07-21T22:32:33.194+0800][1.183s][gc,heap     ] GC(14) Soft Max Capacity: 128M(100%)
[2024-07-21T22:32:33.194+0800][1.183s][gc,heap     ] GC(14)                Mark Start          Mark End        Relocate Start      Relocate End           High               Low         
[2024-07-21T22:32:33.194+0800][1.183s][gc,heap     ] GC(14)  Capacity:      128M (100%)        128M (100%)        128M (100%)        128M (100%)        128M (100%)        128M (100%)   
[2024-07-21T22:32:33.194+0800][1.183s][gc,heap     ] GC(14)      Free:       12M (9%)            0M (0%)           80M (62%)          80M (62%)          82M (64%)           0M (0%)     
[2024-07-21T22:32:33.194+0800][1.183s][gc,heap     ] GC(14)      Used:      116M (91%)         128M (100%)         48M (38%)          48M (38%)         128M (100%)         46M (36%)    
[2024-07-21T22:32:33.194+0800][1.183s][gc,heap     ] GC(14)      Live:         -                28M (22%)          28M (22%)          28M (22%)            -                  -          
[2024-07-21T22:32:33.194+0800][1.183s][gc,heap     ] GC(14) Allocated:         -                12M (9%)           14M (11%)          14M (11%)            -                  -          
[2024-07-21T22:32:33.194+0800][1.183s][gc,heap     ] GC(14)   Garbage:         -                87M (68%)           5M (4%)            5M (4%)             -                  -          
[2024-07-21T22:32:33.194+0800][1.183s][gc,heap     ] GC(14) Reclaimed:         -                  -                82M (64%)          82M (64%)            -                  -          
[2024-07-21T22:32:33.194+0800][1.183s][gc          ] GC(14) Garbage Collection (Allocation Rate) 116M(91%)->48M(38%)
[2024-07-21T22:32:33.255+0800][1.244s][gc,start    ] GC(15) Garbage Collection (Allocation Stall)
[2024-07-21T22:32:33.255+0800][1.244s][gc,ref      ] GC(15) Clearing All SoftReferences
[2024-07-21T22:32:33.255+0800][1.244s][gc,task     ] GC(15) Using 1 workers
[2024-07-21T22:32:33.255+0800][1.244s][gc,phases   ] GC(15) Pause Mark Start 0.006ms
[2024-07-21T22:32:33.259+0800][1.248s][gc,phases   ] GC(15) Concurrent Mark 3.928ms
[2024-07-21T22:32:33.260+0800][1.248s][gc,phases   ] GC(15) Pause Mark End 0.011ms
[2024-07-21T22:32:33.260+0800][1.248s][gc,phases   ] GC(15) Concurrent Mark Free 0.001ms
[2024-07-21T22:32:33.260+0800][1.249s][gc,phases   ] GC(15) Concurrent Process Non-Strong References 0.610ms
[2024-07-21T22:32:33.260+0800][1.249s][gc,phases   ] GC(15) Concurrent Reset Relocation Set 0.000ms
[2024-07-21T22:32:33.262+0800][1.250s][gc          ] Allocation Stall (main) 6.679ms
[2024-07-21T22:32:33.262+0800][1.250s][gc,phases   ] GC(15) Concurrent Select Relocation Set 1.575ms
[2024-07-21T22:32:33.262+0800][1.250s][gc,phases   ] GC(15) Pause Relocate Start 0.005ms
[2024-07-21T22:32:33.262+0800][1.250s][gc,phases   ] GC(15) Concurrent Relocate 0.015ms
[2024-07-21T22:32:33.262+0800][1.251s][gc,load     ] GC(15) Load: 0.00/0.00/0.00
[2024-07-21T22:32:33.262+0800][1.251s][gc,mmu      ] GC(15) MMU: 2ms/98.0%, 5ms/98.9%, 10ms/99.4%, 20ms/99.5%, 50ms/99.8%, 100ms/99.9%
[2024-07-21T22:32:33.262+0800][1.251s][gc,marking  ] GC(15) Mark: 1 stripe(s), 1 proactive flush(es), 1 terminate flush(es), 0 completion(s), 0 continuation(s) 
[2024-07-21T22:32:33.262+0800][1.251s][gc,marking  ] GC(15) Mark Stack Usage: 32M
[2024-07-21T22:32:33.262+0800][1.251s][gc,nmethod  ] GC(15) NMethods: 374 registered, 0 unregistered
[2024-07-21T22:32:33.262+0800][1.251s][gc,metaspace] GC(15) Metaspace: 1M used, 1M committed, 1032M reserved
[2024-07-21T22:32:33.262+0800][1.251s][gc,ref      ] GC(15) Soft: 43 encountered, 20 discovered, 0 enqueued
[2024-07-21T22:32:33.262+0800][1.251s][gc,ref      ] GC(15) Weak: 131 encountered, 107 discovered, 0 enqueued
[2024-07-21T22:32:33.262+0800][1.251s][gc,ref      ] GC(15) Final: 0 encountered, 0 discovered, 0 enqueued
[2024-07-21T22:32:33.262+0800][1.251s][gc,ref      ] GC(15) Phantom: 184 encountered, 98 discovered, 0 enqueued
[2024-07-21T22:32:33.262+0800][1.251s][gc,reloc    ] GC(15) Small Pages: 4 / 8M, Empty: 2M, Relocated: 0M, In-Place: 0
[2024-07-21T22:32:33.262+0800][1.251s][gc,reloc    ] GC(15) Medium Pages: 1 / 4M, Empty: 0M, Relocated: 0M, In-Place: 0
[2024-07-21T22:32:33.262+0800][1.251s][gc,reloc    ] GC(15) Large Pages: 58 / 116M, Empty: 80M, Relocated: 0M, In-Place: 0
[2024-07-21T22:32:33.262+0800][1.251s][gc,reloc    ] GC(15) Forwarding Usage: 0M
[2024-07-21T22:32:33.262+0800][1.251s][gc,heap     ] GC(15) Min Capacity: 8M(6%)
[2024-07-21T22:32:33.262+0800][1.251s][gc,heap     ] GC(15) Max Capacity: 128M(100%)
[2024-07-21T22:32:33.262+0800][1.251s][gc,heap     ] GC(15) Soft Max Capacity: 128M(100%)
[2024-07-21T22:32:33.262+0800][1.251s][gc,heap     ] GC(15)                Mark Start          Mark End        Relocate Start      Relocate End           High               Low         
[2024-07-21T22:32:33.262+0800][1.251s][gc,heap     ] GC(15)  Capacity:      128M (100%)        128M (100%)        128M (100%)        128M (100%)        128M (100%)        128M (100%)   
[2024-07-21T22:32:33.262+0800][1.251s][gc,heap     ] GC(15)      Free:        0M (0%)            0M (0%)           80M (62%)          80M (62%)          82M (64%)           0M (0%)     
[2024-07-21T22:32:33.262+0800][1.251s][gc,heap     ] GC(15)      Used:      128M (100%)        128M (100%)         48M (38%)          48M (38%)         128M (100%)         46M (36%)    
[2024-07-21T22:32:33.262+0800][1.251s][gc,heap     ] GC(15)      Live:         -                40M (32%)          40M (32%)          40M (32%)            -                  -          
[2024-07-21T22:32:33.262+0800][1.251s][gc,heap     ] GC(15) Allocated:         -                 0M (0%)            2M (2%)            2M (2%)             -                  -          
[2024-07-21T22:32:33.262+0800][1.251s][gc,heap     ] GC(15)   Garbage:         -                87M (68%)           5M (4%)            5M (4%)             -                  -          
[2024-07-21T22:32:33.262+0800][1.251s][gc,heap     ] GC(15) Reclaimed:         -                  -                82M (64%)          82M (64%)            -                  -          
[2024-07-21T22:32:33.262+0800][1.251s][gc          ] GC(15) Garbage Collection (Allocation Stall) 128M(100%)->48M(38%)
[2024-07-21T22:32:33.271+0800][1.259s][gc,start    ] GC(16) Garbage Collection (Allocation Rate)
[2024-07-21T22:32:33.271+0800][1.259s][gc,task     ] GC(16) Using 1 workers
[2024-07-21T22:32:33.271+0800][1.259s][gc,phases   ] GC(16) Pause Mark Start 0.013ms
[2024-07-21T22:32:33.274+0800][1.263s][gc,phases   ] GC(16) Concurrent Mark 3.304ms
[2024-07-21T22:32:33.274+0800][1.263s][gc,phases   ] GC(16) Pause Mark End 0.011ms
[2024-07-21T22:32:33.274+0800][1.263s][gc,phases   ] GC(16) Concurrent Mark Free 0.004ms
[2024-07-21T22:32:33.275+0800][1.264s][gc,phases   ] GC(16) Concurrent Process Non-Strong References 0.774ms
[2024-07-21T22:32:33.275+0800][1.264s][gc,phases   ] GC(16) Concurrent Reset Relocation Set 0.001ms
[2024-07-21T22:32:33.277+0800][1.266s][gc,phases   ] GC(16) Concurrent Select Relocation Set 1.874ms
[2024-07-21T22:32:33.277+0800][1.266s][gc,phases   ] GC(16) Pause Relocate Start 0.007ms
[2024-07-21T22:32:33.278+0800][1.266s][gc,phases   ] GC(16) Concurrent Relocate 0.542ms
[2024-07-21T22:32:33.278+0800][1.266s][gc,load     ] GC(16) Load: 0.00/0.00/0.00
[2024-07-21T22:32:33.278+0800][1.266s][gc,mmu      ] GC(16) MMU: 2ms/98.0%, 5ms/98.9%, 10ms/99.4%, 20ms/99.5%, 50ms/99.8%, 100ms/99.9%
[2024-07-21T22:32:33.278+0800][1.266s][gc,marking  ] GC(16) Mark: 1 stripe(s), 1 proactive flush(es), 1 terminate flush(es), 0 completion(s), 0 continuation(s) 
[2024-07-21T22:32:33.278+0800][1.266s][gc,marking  ] GC(16) Mark Stack Usage: 32M
[2024-07-21T22:32:33.278+0800][1.266s][gc,nmethod  ] GC(16) NMethods: 374 registered, 0 unregistered
[2024-07-21T22:32:33.278+0800][1.266s][gc,metaspace] GC(16) Metaspace: 1M used, 1M committed, 1032M reserved
[2024-07-21T22:32:33.278+0800][1.266s][gc,ref      ] GC(16) Soft: 43 encountered, 0 discovered, 0 enqueued
[2024-07-21T22:32:33.278+0800][1.266s][gc,ref      ] GC(16) Weak: 131 encountered, 107 discovered, 0 enqueued
[2024-07-21T22:32:33.278+0800][1.266s][gc,ref      ] GC(16) Final: 0 encountered, 0 discovered, 0 enqueued
[2024-07-21T22:32:33.278+0800][1.266s][gc,ref      ] GC(16) Phantom: 184 encountered, 98 discovered, 0 enqueued
[2024-07-21T22:32:33.278+0800][1.266s][gc,reloc    ] GC(16) Small Pages: 4 / 8M, Empty: 0M, Relocated: 1M, In-Place: 0
[2024-07-21T22:32:33.278+0800][1.266s][gc,reloc    ] GC(16) Medium Pages: 1 / 4M, Empty: 0M, Relocated: 0M, In-Place: 0
[2024-07-21T22:32:33.278+0800][1.266s][gc,reloc    ] GC(16) Large Pages: 20 / 40M, Empty: 40M, Relocated: 0M, In-Place: 0
[2024-07-21T22:32:33.278+0800][1.267s][gc,reloc    ] GC(16) Forwarding Usage: 0M
[2024-07-21T22:32:33.278+0800][1.267s][gc,heap     ] GC(16) Min Capacity: 8M(6%)
[2024-07-21T22:32:33.278+0800][1.267s][gc,heap     ] GC(16) Max Capacity: 128M(100%)
[2024-07-21T22:32:33.278+0800][1.267s][gc,heap     ] GC(16) Soft Max Capacity: 128M(100%)
[2024-07-21T22:32:33.278+0800][1.267s][gc,heap     ] GC(16)                Mark Start          Mark End        Relocate Start      Relocate End           High               Low         
[2024-07-21T22:32:33.278+0800][1.267s][gc,heap     ] GC(16)  Capacity:      128M (100%)        128M (100%)        128M (100%)        128M (100%)        128M (100%)        128M (100%)   
[2024-07-21T22:32:33.278+0800][1.267s][gc,heap     ] GC(16)      Free:       76M (59%)          76M (59%)         116M (91%)         118M (92%)         118M (92%)          76M (59%)    
[2024-07-21T22:32:33.278+0800][1.267s][gc,heap     ] GC(16)      Used:       52M (41%)          52M (41%)          12M (9%)           10M (8%)           52M (41%)          10M (8%)     
[2024-07-21T22:32:33.278+0800][1.267s][gc,heap     ] GC(16)      Live:         -                 4M (4%)            4M (4%)            4M (4%)             -                  -          
[2024-07-21T22:32:33.278+0800][1.267s][gc,heap     ] GC(16) Allocated:         -                 0M (0%)            0M (0%)            0M (0%)             -                  -          
[2024-07-21T22:32:33.278+0800][1.267s][gc,heap     ] GC(16)   Garbage:         -                47M (37%)           7M (6%)            5M (4%)             -                  -          
[2024-07-21T22:32:33.278+0800][1.267s][gc,heap     ] GC(16) Reclaimed:         -                  -                40M (31%)          42M (33%)            -                  -          
[2024-07-21T22:32:33.278+0800][1.267s][gc          ] GC(16) Garbage Collection (Allocation Rate) 52M(41%)->10M(8%)
[2024-07-21T22:32:33.367+0800][1.355s][gc,start    ] GC(17) Garbage Collection (Allocation Rate)
[2024-07-21T22:32:33.367+0800][1.355s][gc,task     ] GC(17) Using 1 workers
[2024-07-21T22:32:33.367+0800][1.355s][gc,phases   ] GC(17) Pause Mark Start 0.015ms
[2024-07-21T22:32:33.375+0800][1.363s][gc,phases   ] GC(17) Concurrent Mark 7.594ms
[2024-07-21T22:32:33.375+0800][1.364s][gc,phases   ] GC(17) Pause Mark End 0.070ms
[2024-07-21T22:32:33.376+0800][1.364s][gc,phases   ] GC(17) Concurrent Mark Free 0.001ms
[2024-07-21T22:32:33.377+0800][1.365s][gc,phases   ] GC(17) Concurrent Process Non-Strong References 1.099ms
[2024-07-21T22:32:33.377+0800][1.365s][gc,phases   ] GC(17) Concurrent Reset Relocation Set 0.001ms
[2024-07-21T22:32:33.379+0800][1.367s][gc          ] Allocation Stall (main) 5.303ms
[2024-07-21T22:32:33.379+0800][1.367s][gc,phases   ] GC(17) Concurrent Select Relocation Set 2.586ms
[2024-07-21T22:32:33.380+0800][1.368s][gc,phases   ] GC(17) Pause Relocate Start 0.013ms
[2024-07-21T22:32:33.380+0800][1.368s][gc,phases   ] GC(17) Concurrent Relocate 0.030ms
[2024-07-21T22:32:33.380+0800][1.368s][gc,load     ] GC(17) Load: 0.00/0.00/0.00
[2024-07-21T22:32:33.380+0800][1.368s][gc,mmu      ] GC(17) MMU: 2ms/96.5%, 5ms/98.4%, 10ms/99.2%, 20ms/99.5%, 50ms/99.8%, 100ms/99.9%
[2024-07-21T22:32:33.380+0800][1.368s][gc,marking  ] GC(17) Mark: 1 stripe(s), 2 proactive flush(es), 1 terminate flush(es), 0 completion(s), 0 continuation(s) 
[2024-07-21T22:32:33.380+0800][1.368s][gc,marking  ] GC(17) Mark Stack Usage: 32M
[2024-07-21T22:32:33.380+0800][1.368s][gc,nmethod  ] GC(17) NMethods: 376 registered, 0 unregistered
[2024-07-21T22:32:33.380+0800][1.368s][gc,metaspace] GC(17) Metaspace: 1M used, 1M committed, 1032M reserved
[2024-07-21T22:32:33.380+0800][1.368s][gc,ref      ] GC(17) Soft: 43 encountered, 0 discovered, 0 enqueued
[2024-07-21T22:32:33.380+0800][1.368s][gc,ref      ] GC(17) Weak: 131 encountered, 107 discovered, 0 enqueued
[2024-07-21T22:32:33.380+0800][1.368s][gc,ref      ] GC(17) Final: 0 encountered, 0 discovered, 0 enqueued
[2024-07-21T22:32:33.380+0800][1.368s][gc,ref      ] GC(17) Phantom: 184 encountered, 98 discovered, 0 enqueued
[2024-07-21T22:32:33.380+0800][1.368s][gc,reloc    ] GC(17) Small Pages: 4 / 8M, Empty: 2M, Relocated: 0M, In-Place: 0
[2024-07-21T22:32:33.380+0800][1.368s][gc,reloc    ] GC(17) Medium Pages: 1 / 4M, Empty: 0M, Relocated: 0M, In-Place: 0
[2024-07-21T22:32:33.380+0800][1.368s][gc,reloc    ] GC(17) Large Pages: 51 / 102M, Empty: 80M, Relocated: 0M, In-Place: 0
[2024-07-21T22:32:33.380+0800][1.368s][gc,reloc    ] GC(17) Forwarding Usage: 0M
[2024-07-21T22:32:33.380+0800][1.368s][gc,heap     ] GC(17) Min Capacity: 8M(6%)
[2024-07-21T22:32:33.380+0800][1.368s][gc,heap     ] GC(17) Max Capacity: 128M(100%)
[2024-07-21T22:32:33.380+0800][1.368s][gc,heap     ] GC(17) Soft Max Capacity: 128M(100%)
[2024-07-21T22:32:33.380+0800][1.368s][gc,heap     ] GC(17)                Mark Start          Mark End        Relocate Start      Relocate End           High               Low         
[2024-07-21T22:32:33.380+0800][1.368s][gc,heap     ] GC(17)  Capacity:      128M (100%)        128M (100%)        128M (100%)        128M (100%)        128M (100%)        128M (100%)   
[2024-07-21T22:32:33.380+0800][1.368s][gc,heap     ] GC(17)      Free:       14M (11%)           0M (0%)           80M (62%)          80M (62%)          82M (64%)           0M (0%)     
[2024-07-21T22:32:33.380+0800][1.368s][gc,heap     ] GC(17)      Used:      114M (89%)         128M (100%)         48M (38%)          48M (38%)         128M (100%)         46M (36%)    
[2024-07-21T22:32:33.380+0800][1.368s][gc,heap     ] GC(17)      Live:         -                26M (21%)          26M (21%)          26M (21%)            -                  -          
[2024-07-21T22:32:33.380+0800][1.368s][gc,heap     ] GC(17) Allocated:         -                14M (11%)          16M (12%)          16M (12%)            -                  -          
[2024-07-21T22:32:33.380+0800][1.368s][gc,heap     ] GC(17)   Garbage:         -                87M (68%)           5M (4%)            5M (4%)             -                  -          
[2024-07-21T22:32:33.380+0800][1.368s][gc,heap     ] GC(17) Reclaimed:         -                  -                82M (64%)          82M (64%)            -                  -          
[2024-07-21T22:32:33.380+0800][1.368s][gc          ] GC(17) Garbage Collection (Allocation Rate) 114M(89%)->48M(38%)
[2024-07-21T22:32:33.447+0800][1.435s][gc,start    ] GC(18) Garbage Collection (Allocation Stall)
[2024-07-21T22:32:33.447+0800][1.435s][gc,ref      ] GC(18) Clearing All SoftReferences
[2024-07-21T22:32:33.447+0800][1.436s][gc,task     ] GC(18) Using 1 workers
[2024-07-21T22:32:33.448+0800][1.436s][gc,phases   ] GC(18) Pause Mark Start 0.009ms
[2024-07-21T22:32:33.451+0800][1.439s][gc,phases   ] GC(18) Concurrent Mark 3.406ms
[2024-07-21T22:32:33.451+0800][1.439s][gc,phases   ] GC(18) Pause Mark End 0.009ms
[2024-07-21T22:32:33.451+0800][1.439s][gc,phases   ] GC(18) Concurrent Mark Free 0.001ms
[2024-07-21T22:32:33.452+0800][1.441s][gc,phases   ] GC(18) Concurrent Process Non-Strong References 1.059ms
[2024-07-21T22:32:33.452+0800][1.441s][gc,phases   ] GC(18) Concurrent Reset Relocation Set 0.000ms
[2024-07-21T22:32:33.454+0800][1.442s][gc          ] Allocation Stall (main) 7.122ms
[2024-07-21T22:32:33.454+0800][1.443s][gc,phases   ] GC(18) Concurrent Select Relocation Set 1.893ms
[2024-07-21T22:32:33.455+0800][1.443s][gc,phases   ] GC(18) Pause Relocate Start 0.006ms
[2024-07-21T22:32:33.455+0800][1.443s][gc,phases   ] GC(18) Concurrent Relocate 0.016ms
[2024-07-21T22:32:33.455+0800][1.443s][gc,load     ] GC(18) Load: 0.00/0.00/0.00
[2024-07-21T22:32:33.455+0800][1.443s][gc,mmu      ] GC(18) MMU: 2ms/96.5%, 5ms/98.4%, 10ms/99.2%, 20ms/99.5%, 50ms/99.8%, 100ms/99.9%
[2024-07-21T22:32:33.455+0800][1.443s][gc,marking  ] GC(18) Mark: 1 stripe(s), 1 proactive flush(es), 1 terminate flush(es), 0 completion(s), 0 continuation(s) 
[2024-07-21T22:32:33.455+0800][1.443s][gc,marking  ] GC(18) Mark Stack Usage: 32M
[2024-07-21T22:32:33.455+0800][1.443s][gc,nmethod  ] GC(18) NMethods: 376 registered, 0 unregistered
[2024-07-21T22:32:33.455+0800][1.443s][gc,metaspace] GC(18) Metaspace: 1M used, 1M committed, 1032M reserved
[2024-07-21T22:32:33.455+0800][1.443s][gc,ref      ] GC(18) Soft: 43 encountered, 20 discovered, 0 enqueued
[2024-07-21T22:32:33.455+0800][1.443s][gc,ref      ] GC(18) Weak: 131 encountered, 107 discovered, 0 enqueued
[2024-07-21T22:32:33.455+0800][1.443s][gc,ref      ] GC(18) Final: 0 encountered, 0 discovered, 0 enqueued
[2024-07-21T22:32:33.455+0800][1.443s][gc,ref      ] GC(18) Phantom: 184 encountered, 98 discovered, 0 enqueued
[2024-07-21T22:32:33.455+0800][1.443s][gc,reloc    ] GC(18) Small Pages: 4 / 8M, Empty: 2M, Relocated: 0M, In-Place: 0
[2024-07-21T22:32:33.455+0800][1.443s][gc,reloc    ] GC(18) Medium Pages: 1 / 4M, Empty: 0M, Relocated: 0M, In-Place: 0
[2024-07-21T22:32:33.455+0800][1.443s][gc,reloc    ] GC(18) Large Pages: 58 / 116M, Empty: 80M, Relocated: 0M, In-Place: 0
[2024-07-21T22:32:33.455+0800][1.443s][gc,reloc    ] GC(18) Forwarding Usage: 0M
[2024-07-21T22:32:33.455+0800][1.443s][gc,heap     ] GC(18) Min Capacity: 8M(6%)
[2024-07-21T22:32:33.455+0800][1.443s][gc,heap     ] GC(18) Max Capacity: 128M(100%)
[2024-07-21T22:32:33.455+0800][1.443s][gc,heap     ] GC(18) Soft Max Capacity: 128M(100%)
[2024-07-21T22:32:33.455+0800][1.443s][gc,heap     ] GC(18)                Mark Start          Mark End        Relocate Start      Relocate End           High               Low         
[2024-07-21T22:32:33.455+0800][1.443s][gc,heap     ] GC(18)  Capacity:      128M (100%)        128M (100%)        128M (100%)        128M (100%)        128M (100%)        128M (100%)   
[2024-07-21T22:32:33.455+0800][1.443s][gc,heap     ] GC(18)      Free:        0M (0%)            0M (0%)           80M (62%)          80M (62%)          82M (64%)           0M (0%)     
[2024-07-21T22:32:33.455+0800][1.443s][gc,heap     ] GC(18)      Used:      128M (100%)        128M (100%)         48M (38%)          48M (38%)         128M (100%)         46M (36%)    
[2024-07-21T22:32:33.455+0800][1.443s][gc,heap     ] GC(18)      Live:         -                40M (32%)          40M (32%)          40M (32%)            -                  -          
[2024-07-21T22:32:33.455+0800][1.443s][gc,heap     ] GC(18) Allocated:         -                 0M (0%)            2M (2%)            2M (2%)             -                  -          
[2024-07-21T22:32:33.455+0800][1.443s][gc,heap     ] GC(18)   Garbage:         -                87M (68%)           5M (4%)            5M (4%)             -                  -          
[2024-07-21T22:32:33.455+0800][1.443s][gc,heap     ] GC(18) Reclaimed:         -                  -                82M (64%)          82M (64%)            -                  -          
[2024-07-21T22:32:33.455+0800][1.443s][gc          ] GC(18) Garbage Collection (Allocation Stall) 128M(100%)->48M(38%)
[2024-07-21T22:32:33.479+0800][1.467s][gc,start    ] GC(19) Garbage Collection (Allocation Rate)
[2024-07-21T22:32:33.479+0800][1.467s][gc,task     ] GC(19) Using 1 workers
[2024-07-21T22:32:33.479+0800][1.467s][gc,phases   ] GC(19) Pause Mark Start 0.008ms
[2024-07-21T22:32:33.482+0800][1.470s][gc,phases   ] GC(19) Concurrent Mark 3.365ms
[2024-07-21T22:32:33.482+0800][1.471s][gc,phases   ] GC(19) Pause Mark End 0.011ms
[2024-07-21T22:32:33.483+0800][1.471s][gc,phases   ] GC(19) Concurrent Mark Free 0.001ms
[2024-07-21T22:32:33.483+0800][1.472s][gc,phases   ] GC(19) Concurrent Process Non-Strong References 0.823ms
[2024-07-21T22:32:33.483+0800][1.472s][gc,phases   ] GC(19) Concurrent Reset Relocation Set 0.000ms
[2024-07-21T22:32:33.485+0800][1.473s][gc,phases   ] GC(19) Concurrent Select Relocation Set 1.599ms
[2024-07-21T22:32:33.485+0800][1.473s][gc,phases   ] GC(19) Pause Relocate Start 0.006ms
[2024-07-21T22:32:33.485+0800][1.473s][gc,phases   ] GC(19) Concurrent Relocate 0.029ms
[2024-07-21T22:32:33.485+0800][1.473s][gc,load     ] GC(19) Load: 0.00/0.00/0.00
[2024-07-21T22:32:33.485+0800][1.473s][gc,mmu      ] GC(19) MMU: 2ms/96.5%, 5ms/98.4%, 10ms/99.2%, 20ms/99.5%, 50ms/99.8%, 100ms/99.9%
[2024-07-21T22:32:33.485+0800][1.473s][gc,marking  ] GC(19) Mark: 1 stripe(s), 2 proactive flush(es), 1 terminate flush(es), 0 completion(s), 0 continuation(s) 
[2024-07-21T22:32:33.485+0800][1.473s][gc,marking  ] GC(19) Mark Stack Usage: 32M
[2024-07-21T22:32:33.485+0800][1.473s][gc,nmethod  ] GC(19) NMethods: 376 registered, 0 unregistered
[2024-07-21T22:32:33.485+0800][1.473s][gc,metaspace] GC(19) Metaspace: 1M used, 1M committed, 1032M reserved
[2024-07-21T22:32:33.485+0800][1.474s][gc,ref      ] GC(19) Soft: 43 encountered, 0 discovered, 0 enqueued
[2024-07-21T22:32:33.485+0800][1.474s][gc,ref      ] GC(19) Weak: 131 encountered, 107 discovered, 0 enqueued
[2024-07-21T22:32:33.485+0800][1.474s][gc,ref      ] GC(19) Final: 0 encountered, 0 discovered, 0 enqueued
[2024-07-21T22:32:33.485+0800][1.474s][gc,ref      ] GC(19) Phantom: 184 encountered, 98 discovered, 0 enqueued
[2024-07-21T22:32:33.485+0800][1.474s][gc,reloc    ] GC(19) Small Pages: 4 / 8M, Empty: 2M, Relocated: 0M, In-Place: 0
[2024-07-21T22:32:33.485+0800][1.474s][gc,reloc    ] GC(19) Medium Pages: 1 / 4M, Empty: 0M, Relocated: 0M, In-Place: 0
[2024-07-21T22:32:33.485+0800][1.474s][gc,reloc    ] GC(19) Large Pages: 22 / 44M, Empty: 40M, Relocated: 0M, In-Place: 0
[2024-07-21T22:32:33.485+0800][1.474s][gc,reloc    ] GC(19) Forwarding Usage: 0M
[2024-07-21T22:32:33.485+0800][1.474s][gc,heap     ] GC(19) Min Capacity: 8M(6%)
[2024-07-21T22:32:33.485+0800][1.474s][gc,heap     ] GC(19) Max Capacity: 128M(100%)
[2024-07-21T22:32:33.485+0800][1.474s][gc,heap     ] GC(19) Soft Max Capacity: 128M(100%)
[2024-07-21T22:32:33.486+0800][1.474s][gc,heap     ] GC(19)                Mark Start          Mark End        Relocate Start      Relocate End           High               Low         
[2024-07-21T22:32:33.486+0800][1.474s][gc,heap     ] GC(19)  Capacity:      128M (100%)        128M (100%)        128M (100%)        128M (100%)        128M (100%)        128M (100%)   
[2024-07-21T22:32:33.486+0800][1.474s][gc,heap     ] GC(19)      Free:       72M (56%)          56M (44%)          96M (75%)          96M (75%)          96M (75%)          54M (42%)    
[2024-07-21T22:32:33.486+0800][1.474s][gc,heap     ] GC(19)      Used:       56M (44%)          72M (56%)          32M (25%)          32M (25%)          74M (58%)          32M (25%)    
[2024-07-21T22:32:33.486+0800][1.474s][gc,heap     ] GC(19)      Live:         -                 8M (7%)            8M (7%)            8M (7%)             -                  -          
[2024-07-21T22:32:33.486+0800][1.474s][gc,heap     ] GC(19) Allocated:         -                16M (12%)          18M (14%)          18M (14%)            -                  -          
[2024-07-21T22:32:33.486+0800][1.474s][gc,heap     ] GC(19)   Garbage:         -                47M (37%)           5M (4%)            5M (4%)             -                  -          
[2024-07-21T22:32:33.486+0800][1.474s][gc,heap     ] GC(19) Reclaimed:         -                  -                42M (33%)          42M (33%)            -                  -          
[2024-07-21T22:32:33.486+0800][1.474s][gc          ] GC(19) Garbage Collection (Allocation Rate) 56M(44%)->32M(25%)
[2024-07-21T22:32:33.559+0800][1.548s][gc,start    ] GC(20) Garbage Collection (Allocation Stall)
[2024-07-21T22:32:33.559+0800][1.548s][gc,ref      ] GC(20) Clearing All SoftReferences
[2024-07-21T22:32:33.559+0800][1.548s][gc,task     ] GC(20) Using 1 workers
[2024-07-21T22:32:33.560+0800][1.549s][gc,phases   ] GC(20) Pause Mark Start 0.006ms
[2024-07-21T22:32:33.564+0800][1.553s][gc,phases   ] GC(20) Concurrent Mark 3.877ms
[2024-07-21T22:32:33.564+0800][1.553s][gc,phases   ] GC(20) Pause Mark End 0.010ms
[2024-07-21T22:32:33.564+0800][1.553s][gc,phases   ] GC(20) Concurrent Mark Free 0.001ms
[2024-07-21T22:32:33.565+0800][1.554s][gc,phases   ] GC(20) Concurrent Process Non-Strong References 1.174ms
[2024-07-21T22:32:33.565+0800][1.554s][gc,phases   ] GC(20) Concurrent Reset Relocation Set 0.001ms
[2024-07-21T22:32:33.567+0800][1.556s][gc,phases   ] GC(20) Concurrent Select Relocation Set 2.142ms
[2024-07-21T22:32:33.567+0800][1.556s][gc          ] Allocation Stall (main) 8.082ms
[2024-07-21T22:32:33.568+0800][1.556s][gc,phases   ] GC(20) Pause Relocate Start 0.008ms
[2024-07-21T22:32:33.568+0800][1.557s][gc,phases   ] GC(20) Concurrent Relocate 0.034ms
[2024-07-21T22:32:33.568+0800][1.557s][gc,load     ] GC(20) Load: 0.00/0.00/0.00
[2024-07-21T22:32:33.568+0800][1.557s][gc,mmu      ] GC(20) MMU: 2ms/96.5%, 5ms/98.4%, 10ms/99.2%, 20ms/99.5%, 50ms/99.8%, 100ms/99.9%
[2024-07-21T22:32:33.568+0800][1.557s][gc,marking  ] GC(20) Mark: 1 stripe(s), 1 proactive flush(es), 1 terminate flush(es), 0 completion(s), 0 continuation(s) 
[2024-07-21T22:32:33.568+0800][1.557s][gc,marking  ] GC(20) Mark Stack Usage: 32M
[2024-07-21T22:32:33.568+0800][1.557s][gc,nmethod  ] GC(20) NMethods: 376 registered, 0 unregistered
[2024-07-21T22:32:33.568+0800][1.557s][gc,metaspace] GC(20) Metaspace: 1M used, 1M committed, 1032M reserved
[2024-07-21T22:32:33.568+0800][1.557s][gc,ref      ] GC(20) Soft: 43 encountered, 20 discovered, 0 enqueued
[2024-07-21T22:32:33.568+0800][1.557s][gc,ref      ] GC(20) Weak: 131 encountered, 107 discovered, 0 enqueued
[2024-07-21T22:32:33.568+0800][1.557s][gc,ref      ] GC(20) Final: 0 encountered, 0 discovered, 0 enqueued
[2024-07-21T22:32:33.568+0800][1.557s][gc,ref      ] GC(20) Phantom: 184 encountered, 98 discovered, 0 enqueued
[2024-07-21T22:32:33.568+0800][1.557s][gc,reloc    ] GC(20) Small Pages: 4 / 8M, Empty: 2M, Relocated: 0M, In-Place: 0
[2024-07-21T22:32:33.568+0800][1.557s][gc,reloc    ] GC(20) Medium Pages: 1 / 4M, Empty: 0M, Relocated: 0M, In-Place: 0
[2024-07-21T22:32:33.568+0800][1.557s][gc,reloc    ] GC(20) Large Pages: 58 / 116M, Empty: 80M, Relocated: 0M, In-Place: 0
[2024-07-21T22:32:33.568+0800][1.557s][gc,reloc    ] GC(20) Forwarding Usage: 0M
[2024-07-21T22:32:33.568+0800][1.557s][gc,heap     ] GC(20) Min Capacity: 8M(6%)
[2024-07-21T22:32:33.568+0800][1.557s][gc,heap     ] GC(20) Max Capacity: 128M(100%)
[2024-07-21T22:32:33.568+0800][1.557s][gc,heap     ] GC(20) Soft Max Capacity: 128M(100%)
[2024-07-21T22:32:33.568+0800][1.557s][gc,heap     ] GC(20)                Mark Start          Mark End        Relocate Start      Relocate End           High               Low         
[2024-07-21T22:32:33.568+0800][1.557s][gc,heap     ] GC(20)  Capacity:      128M (100%)        128M (100%)        128M (100%)        128M (100%)        128M (100%)        128M (100%)   
[2024-07-21T22:32:33.568+0800][1.557s][gc,heap     ] GC(20)      Free:        0M (0%)            0M (0%)           80M (62%)          80M (62%)          82M (64%)           0M (0%)     
[2024-07-21T22:32:33.568+0800][1.557s][gc,heap     ] GC(20)      Used:      128M (100%)        128M (100%)         48M (38%)          48M (38%)         128M (100%)         46M (36%)    
[2024-07-21T22:32:33.568+0800][1.557s][gc,heap     ] GC(20)      Live:         -                40M (32%)          40M (32%)          40M (32%)            -                  -          
[2024-07-21T22:32:33.568+0800][1.557s][gc,heap     ] GC(20) Allocated:         -                 0M (0%)            2M (2%)            2M (2%)             -                  -          
[2024-07-21T22:32:33.568+0800][1.557s][gc,heap     ] GC(20)   Garbage:         -                87M (68%)           5M (4%)            5M (4%)             -                  -          
[2024-07-21T22:32:33.568+0800][1.557s][gc,heap     ] GC(20) Reclaimed:         -                  -                82M (64%)          82M (64%)            -                  -          
[2024-07-21T22:32:33.568+0800][1.557s][gc          ] GC(20) Garbage Collection (Allocation Stall) 128M(100%)->48M(38%)
[2024-07-21T22:32:33.574+0800][1.562s][gc,start    ] GC(21) Garbage Collection (Allocation Rate)
[2024-07-21T22:32:33.574+0800][1.563s][gc,task     ] GC(21) Using 1 workers
[2024-07-21T22:32:33.574+0800][1.563s][gc,phases   ] GC(21) Pause Mark Start 0.006ms
[2024-07-21T22:32:33.577+0800][1.566s][gc,phases   ] GC(21) Concurrent Mark 3.456ms
[2024-07-21T22:32:33.578+0800][1.567s][gc,phases   ] GC(21) Pause Mark End 0.032ms
[2024-07-21T22:32:33.578+0800][1.567s][gc,phases   ] GC(21) Concurrent Mark Free 0.004ms
[2024-07-21T22:32:33.580+0800][1.568s][gc,phases   ] GC(21) Concurrent Process Non-Strong References 1.619ms
[2024-07-21T22:32:33.580+0800][1.569s][gc,phases   ] GC(21) Concurrent Reset Relocation Set 0.000ms
[2024-07-21T22:32:33.582+0800][1.571s][gc,phases   ] GC(21) Concurrent Select Relocation Set 2.411ms
[2024-07-21T22:32:33.582+0800][1.571s][gc,phases   ] GC(21) Pause Relocate Start 0.007ms
[2024-07-21T22:32:33.583+0800][1.572s][gc,phases   ] GC(21) Concurrent Relocate 0.918ms
[2024-07-21T22:32:33.583+0800][1.572s][gc,load     ] GC(21) Load: 0.00/0.00/0.00
[2024-07-21T22:32:33.583+0800][1.572s][gc,mmu      ] GC(21) MMU: 2ms/96.5%, 5ms/98.4%, 10ms/99.2%, 20ms/99.5%, 50ms/99.8%, 100ms/99.9%
[2024-07-21T22:32:33.583+0800][1.572s][gc,marking  ] GC(21) Mark: 1 stripe(s), 1 proactive flush(es), 1 terminate flush(es), 0 completion(s), 0 continuation(s) 
[2024-07-21T22:32:33.583+0800][1.572s][gc,marking  ] GC(21) Mark Stack Usage: 32M
[2024-07-21T22:32:33.583+0800][1.572s][gc,nmethod  ] GC(21) NMethods: 376 registered, 0 unregistered
[2024-07-21T22:32:33.583+0800][1.572s][gc,metaspace] GC(21) Metaspace: 1M used, 1M committed, 1032M reserved
[2024-07-21T22:32:33.583+0800][1.572s][gc,ref      ] GC(21) Soft: 43 encountered, 0 discovered, 0 enqueued
[2024-07-21T22:32:33.583+0800][1.572s][gc,ref      ] GC(21) Weak: 131 encountered, 107 discovered, 0 enqueued
[2024-07-21T22:32:33.583+0800][1.572s][gc,ref      ] GC(21) Final: 0 encountered, 0 discovered, 0 enqueued
[2024-07-21T22:32:33.583+0800][1.572s][gc,ref      ] GC(21) Phantom: 184 encountered, 98 discovered, 0 enqueued
[2024-07-21T22:32:33.583+0800][1.572s][gc,reloc    ] GC(21) Small Pages: 4 / 8M, Empty: 0M, Relocated: 1M, In-Place: 0
[2024-07-21T22:32:33.583+0800][1.572s][gc,reloc    ] GC(21) Medium Pages: 1 / 4M, Empty: 0M, Relocated: 0M, In-Place: 0
[2024-07-21T22:32:33.583+0800][1.572s][gc,reloc    ] GC(21) Large Pages: 20 / 40M, Empty: 40M, Relocated: 0M, In-Place: 0
[2024-07-21T22:32:33.583+0800][1.572s][gc,reloc    ] GC(21) Forwarding Usage: 0M
[2024-07-21T22:32:33.584+0800][1.572s][gc,heap     ] GC(21) Min Capacity: 8M(6%)
[2024-07-21T22:32:33.584+0800][1.572s][gc,heap     ] GC(21) Max Capacity: 128M(100%)
[2024-07-21T22:32:33.584+0800][1.572s][gc,heap     ] GC(21) Soft Max Capacity: 128M(100%)
[2024-07-21T22:32:33.584+0800][1.572s][gc,heap     ] GC(21)                Mark Start          Mark End        Relocate Start      Relocate End           High               Low         
[2024-07-21T22:32:33.584+0800][1.572s][gc,heap     ] GC(21)  Capacity:      128M (100%)        128M (100%)        128M (100%)        128M (100%)        128M (100%)        128M (100%)   
[2024-07-21T22:32:33.584+0800][1.573s][gc,heap     ] GC(21)      Free:       76M (59%)          76M (59%)         116M (91%)         118M (92%)         118M (92%)          76M (59%)    
[2024-07-21T22:32:33.584+0800][1.573s][gc,heap     ] GC(21)      Used:       52M (41%)          52M (41%)          12M (9%)           10M (8%)           52M (41%)          10M (8%)     
[2024-07-21T22:32:33.584+0800][1.573s][gc,heap     ] GC(21)      Live:         -                 4M (4%)            4M (4%)            4M (4%)             -                  -          
[2024-07-21T22:32:33.584+0800][1.573s][gc,heap     ] GC(21) Allocated:         -                 0M (0%)            0M (0%)            0M (0%)             -                  -          
[2024-07-21T22:32:33.584+0800][1.573s][gc,heap     ] GC(21)   Garbage:         -                47M (37%)           7M (6%)            5M (4%)             -                  -          
[2024-07-21T22:32:33.584+0800][1.573s][gc,heap     ] GC(21) Reclaimed:         -                  -                40M (31%)          42M (33%)            -                  -          
[2024-07-21T22:32:33.584+0800][1.573s][gc          ] GC(21) Garbage Collection (Allocation Rate) 52M(41%)->10M(8%)
[2024-07-21T22:32:33.670+0800][1.658s][gc,start    ] GC(22) Garbage Collection (Allocation Rate)
[2024-07-21T22:32:33.670+0800][1.658s][gc,task     ] GC(22) Using 1 workers
[2024-07-21T22:32:33.670+0800][1.658s][gc,phases   ] GC(22) Pause Mark Start 0.009ms
[2024-07-21T22:32:33.673+0800][1.662s][gc,phases   ] GC(22) Concurrent Mark 3.771ms
[2024-07-21T22:32:33.673+0800][1.662s][gc,phases   ] GC(22) Pause Mark End 0.010ms
[2024-07-21T22:32:33.674+0800][1.662s][gc,phases   ] GC(22) Concurrent Mark Free 0.001ms
[2024-07-21T22:32:33.675+0800][1.663s][gc,phases   ] GC(22) Concurrent Process Non-Strong References 1.018ms
[2024-07-21T22:32:33.675+0800][1.663s][gc,phases   ] GC(22) Concurrent Reset Relocation Set 0.001ms
[2024-07-21T22:32:33.677+0800][1.665s][gc          ] Allocation Stall (main) 5.711ms
[2024-07-21T22:32:33.677+0800][1.665s][gc,phases   ] GC(22) Concurrent Select Relocation Set 2.001ms
[2024-07-21T22:32:33.677+0800][1.666s][gc,phases   ] GC(22) Pause Relocate Start 0.005ms
[2024-07-21T22:32:33.677+0800][1.666s][gc,phases   ] GC(22) Concurrent Relocate 0.114ms
[2024-07-21T22:32:33.677+0800][1.666s][gc,load     ] GC(22) Load: 0.00/0.00/0.00
[2024-07-21T22:32:33.677+0800][1.666s][gc,mmu      ] GC(22) MMU: 2ms/96.5%, 5ms/98.4%, 10ms/99.2%, 20ms/99.5%, 50ms/99.8%, 100ms/99.9%
[2024-07-21T22:32:33.677+0800][1.666s][gc,marking  ] GC(22) Mark: 1 stripe(s), 2 proactive flush(es), 1 terminate flush(es), 0 completion(s), 0 continuation(s) 
[2024-07-21T22:32:33.677+0800][1.666s][gc,marking  ] GC(22) Mark Stack Usage: 32M
[2024-07-21T22:32:33.677+0800][1.666s][gc,nmethod  ] GC(22) NMethods: 378 registered, 0 unregistered
[2024-07-21T22:32:33.677+0800][1.666s][gc,metaspace] GC(22) Metaspace: 1M used, 1M committed, 1032M reserved
[2024-07-21T22:32:33.677+0800][1.666s][gc,ref      ] GC(22) Soft: 43 encountered, 0 discovered, 0 enqueued
[2024-07-21T22:32:33.677+0800][1.666s][gc,ref      ] GC(22) Weak: 131 encountered, 107 discovered, 0 enqueued
[2024-07-21T22:32:33.677+0800][1.666s][gc,ref      ] GC(22) Final: 0 encountered, 0 discovered, 0 enqueued
[2024-07-21T22:32:33.677+0800][1.666s][gc,ref      ] GC(22) Phantom: 184 encountered, 98 discovered, 0 enqueued
[2024-07-21T22:32:33.677+0800][1.666s][gc,reloc    ] GC(22) Small Pages: 4 / 8M, Empty: 2M, Relocated: 0M, In-Place: 0
[2024-07-21T22:32:33.677+0800][1.666s][gc,reloc    ] GC(22) Medium Pages: 1 / 4M, Empty: 0M, Relocated: 0M, In-Place: 0
[2024-07-21T22:32:33.677+0800][1.666s][gc,reloc    ] GC(22) Large Pages: 52 / 104M, Empty: 80M, Relocated: 0M, In-Place: 0
[2024-07-21T22:32:33.677+0800][1.666s][gc,reloc    ] GC(22) Forwarding Usage: 0M
[2024-07-21T22:32:33.677+0800][1.666s][gc,heap     ] GC(22) Min Capacity: 8M(6%)
[2024-07-21T22:32:33.677+0800][1.666s][gc,heap     ] GC(22) Max Capacity: 128M(100%)
[2024-07-21T22:32:33.677+0800][1.666s][gc,heap     ] GC(22) Soft Max Capacity: 128M(100%)
[2024-07-21T22:32:33.677+0800][1.666s][gc,heap     ] GC(22)                Mark Start          Mark End        Relocate Start      Relocate End           High               Low         
[2024-07-21T22:32:33.677+0800][1.666s][gc,heap     ] GC(22)  Capacity:      128M (100%)        128M (100%)        128M (100%)        128M (100%)        128M (100%)        128M (100%)   
[2024-07-21T22:32:33.677+0800][1.666s][gc,heap     ] GC(22)      Free:       12M (9%)            0M (0%)           80M (62%)          76M (59%)          82M (64%)           0M (0%)     
[2024-07-21T22:32:33.677+0800][1.666s][gc,heap     ] GC(22)      Used:      116M (91%)         128M (100%)         48M (38%)          52M (41%)         128M (100%)         46M (36%)    
[2024-07-21T22:32:33.677+0800][1.666s][gc,heap     ] GC(22)      Live:         -                28M (22%)          28M (22%)          28M (22%)            -                  -          
[2024-07-21T22:32:33.677+0800][1.666s][gc,heap     ] GC(22) Allocated:         -                12M (9%)           14M (11%)          18M (14%)            -                  -          
[2024-07-21T22:32:33.677+0800][1.666s][gc,heap     ] GC(22)   Garbage:         -                87M (68%)           5M (4%)            5M (4%)             -                  -          
[2024-07-21T22:32:33.677+0800][1.666s][gc,heap     ] GC(22) Reclaimed:         -                  -                82M (64%)          82M (64%)            -                  -          
[2024-07-21T22:32:33.677+0800][1.666s][gc          ] GC(22) Garbage Collection (Allocation Rate) 116M(91%)->52M(41%)
[2024-07-21T22:32:33.750+0800][1.738s][gc,start    ] GC(23) Garbage Collection (Allocation Stall)
[2024-07-21T22:32:33.750+0800][1.738s][gc,ref      ] GC(23) Clearing All SoftReferences
[2024-07-21T22:32:33.750+0800][1.738s][gc,task     ] GC(23) Using 1 workers
[2024-07-21T22:32:33.750+0800][1.739s][gc,phases   ] GC(23) Pause Mark Start 0.007ms
[2024-07-21T22:32:33.753+0800][1.742s][gc,phases   ] GC(23) Concurrent Mark 3.660ms
[2024-07-21T22:32:33.754+0800][1.742s][gc,phases   ] GC(23) Pause Mark End 0.009ms
[2024-07-21T22:32:33.754+0800][1.743s][gc,phases   ] GC(23) Concurrent Mark Free 0.001ms
[2024-07-21T22:32:33.755+0800][1.744s][gc,phases   ] GC(23) Concurrent Process Non-Strong References 1.034ms
[2024-07-21T22:32:33.755+0800][1.744s][gc,phases   ] GC(23) Concurrent Reset Relocation Set 0.000ms
[2024-07-21T22:32:33.759+0800][1.748s][gc          ] Allocation Stall (main) 9.564ms
[2024-07-21T22:32:33.759+0800][1.748s][gc,phases   ] GC(23) Concurrent Select Relocation Set 4.260ms
[2024-07-21T22:32:33.759+0800][1.748s][gc,phases   ] GC(23) Pause Relocate Start 0.007ms
[2024-07-21T22:32:33.760+0800][1.748s][gc,phases   ] GC(23) Concurrent Relocate 0.041ms
[2024-07-21T22:32:33.760+0800][1.748s][gc,load     ] GC(23) Load: 0.00/0.00/0.00
[2024-07-21T22:32:33.760+0800][1.748s][gc,mmu      ] GC(23) MMU: 2ms/96.5%, 5ms/98.4%, 10ms/99.2%, 20ms/99.5%, 50ms/99.8%, 100ms/99.9%
[2024-07-21T22:32:33.760+0800][1.748s][gc,marking  ] GC(23) Mark: 1 stripe(s), 1 proactive flush(es), 1 terminate flush(es), 0 completion(s), 0 continuation(s) 
[2024-07-21T22:32:33.760+0800][1.749s][gc,marking  ] GC(23) Mark Stack Usage: 32M
[2024-07-21T22:32:33.760+0800][1.749s][gc,nmethod  ] GC(23) NMethods: 379 registered, 0 unregistered
[2024-07-21T22:32:33.760+0800][1.749s][gc,metaspace] GC(23) Metaspace: 1M used, 1M committed, 1032M reserved
[2024-07-21T22:32:33.760+0800][1.749s][gc,ref      ] GC(23) Soft: 43 encountered, 20 discovered, 0 enqueued
[2024-07-21T22:32:33.760+0800][1.749s][gc,ref      ] GC(23) Weak: 131 encountered, 107 discovered, 0 enqueued
[2024-07-21T22:32:33.760+0800][1.749s][gc,ref      ] GC(23) Final: 0 encountered, 0 discovered, 0 enqueued
[2024-07-21T22:32:33.760+0800][1.749s][gc,ref      ] GC(23) Phantom: 184 encountered, 98 discovered, 0 enqueued
[2024-07-21T22:32:33.760+0800][1.749s][gc,reloc    ] GC(23) Small Pages: 4 / 8M, Empty: 2M, Relocated: 0M, In-Place: 0
[2024-07-21T22:32:33.760+0800][1.749s][gc,reloc    ] GC(23) Medium Pages: 1 / 4M, Empty: 0M, Relocated: 0M, In-Place: 0
[2024-07-21T22:32:33.760+0800][1.749s][gc,reloc    ] GC(23) Large Pages: 58 / 116M, Empty: 80M, Relocated: 0M, In-Place: 0
[2024-07-21T22:32:33.760+0800][1.749s][gc,reloc    ] GC(23) Forwarding Usage: 0M
[2024-07-21T22:32:33.760+0800][1.749s][gc,heap     ] GC(23) Min Capacity: 8M(6%)
[2024-07-21T22:32:33.760+0800][1.749s][gc,heap     ] GC(23) Max Capacity: 128M(100%)
[2024-07-21T22:32:33.760+0800][1.749s][gc,heap     ] GC(23) Soft Max Capacity: 128M(100%)
[2024-07-21T22:32:33.760+0800][1.749s][gc,heap     ] GC(23)                Mark Start          Mark End        Relocate Start      Relocate End           High               Low         
[2024-07-21T22:32:33.760+0800][1.749s][gc,heap     ] GC(23)  Capacity:      128M (100%)        128M (100%)        128M (100%)        128M (100%)        128M (100%)        128M (100%)   
[2024-07-21T22:32:33.760+0800][1.749s][gc,heap     ] GC(23)      Free:        0M (0%)            0M (0%)           78M (61%)          78M (61%)          82M (64%)           0M (0%)     
[2024-07-21T22:32:33.760+0800][1.749s][gc,heap     ] GC(23)      Used:      128M (100%)        128M (100%)         50M (39%)          50M (39%)         128M (100%)         46M (36%)    
[2024-07-21T22:32:33.760+0800][1.749s][gc,heap     ] GC(23)      Live:         -                40M (32%)          40M (32%)          40M (32%)            -                  -          
[2024-07-21T22:32:33.760+0800][1.749s][gc,heap     ] GC(23) Allocated:         -                 0M (0%)            4M (3%)            4M (3%)             -                  -          
[2024-07-21T22:32:33.760+0800][1.749s][gc,heap     ] GC(23)   Garbage:         -                87M (68%)           5M (4%)            5M (4%)             -                  -          
[2024-07-21T22:32:33.760+0800][1.749s][gc,heap     ] GC(23) Reclaimed:         -                  -                82M (64%)          82M (64%)            -                  -          
[2024-07-21T22:32:33.760+0800][1.749s][gc          ] GC(23) Garbage Collection (Allocation Stall) 128M(100%)->50M(39%)
[2024-07-21T22:32:33.781+0800][1.769s][gc,start    ] GC(24) Garbage Collection (Allocation Rate)
[2024-07-21T22:32:33.781+0800][1.770s][gc,task     ] GC(24) Using 1 workers
[2024-07-21T22:32:33.781+0800][1.770s][gc,phases   ] GC(24) Pause Mark Start 0.006ms
[2024-07-21T22:32:33.786+0800][1.775s][gc,phases   ] GC(24) Concurrent Mark 4.767ms
[2024-07-21T22:32:33.786+0800][1.775s][gc,phases   ] GC(24) Pause Mark End 0.011ms
[2024-07-21T22:32:33.786+0800][1.775s][gc,phases   ] GC(24) Concurrent Mark Free 0.001ms
[2024-07-21T22:32:33.787+0800][1.776s][gc,phases   ] GC(24) Concurrent Process Non-Strong References 1.001ms
[2024-07-21T22:32:33.787+0800][1.776s][gc,phases   ] GC(24) Concurrent Reset Relocation Set 0.000ms
[2024-07-21T22:32:33.791+0800][1.780s][gc,phases   ] GC(24) Concurrent Select Relocation Set 3.992ms
[2024-07-21T22:32:33.792+0800][1.780s][gc,phases   ] GC(24) Pause Relocate Start 0.023ms
[2024-07-21T22:32:33.792+0800][1.780s][gc,phases   ] GC(24) Concurrent Relocate 0.052ms
[2024-07-21T22:32:33.792+0800][1.781s][gc,load     ] GC(24) Load: 0.00/0.00/0.00
[2024-07-21T22:32:33.792+0800][1.781s][gc,mmu      ] GC(24) MMU: 2ms/96.5%, 5ms/98.4%, 10ms/99.2%, 20ms/99.5%, 50ms/99.8%, 100ms/99.9%
[2024-07-21T22:32:33.792+0800][1.781s][gc,marking  ] GC(24) Mark: 1 stripe(s), 2 proactive flush(es), 1 terminate flush(es), 0 completion(s), 0 continuation(s) 
[2024-07-21T22:32:33.792+0800][1.781s][gc,marking  ] GC(24) Mark Stack Usage: 32M
[2024-07-21T22:32:33.792+0800][1.781s][gc,nmethod  ] GC(24) NMethods: 379 registered, 0 unregistered
[2024-07-21T22:32:33.792+0800][1.781s][gc,metaspace] GC(24) Metaspace: 1M used, 1M committed, 1032M reserved
[2024-07-21T22:32:33.792+0800][1.781s][gc,ref      ] GC(24) Soft: 43 encountered, 0 discovered, 0 enqueued
[2024-07-21T22:32:33.792+0800][1.781s][gc,ref      ] GC(24) Weak: 131 encountered, 107 discovered, 0 enqueued
[2024-07-21T22:32:33.792+0800][1.781s][gc,ref      ] GC(24) Final: 0 encountered, 0 discovered, 0 enqueued
[2024-07-21T22:32:33.792+0800][1.781s][gc,ref      ] GC(24) Phantom: 184 encountered, 98 discovered, 0 enqueued
[2024-07-21T22:32:33.792+0800][1.781s][gc,reloc    ] GC(24) Small Pages: 4 / 8M, Empty: 2M, Relocated: 0M, In-Place: 0
[2024-07-21T22:32:33.792+0800][1.781s][gc,reloc    ] GC(24) Medium Pages: 1 / 4M, Empty: 0M, Relocated: 0M, In-Place: 0
[2024-07-21T22:32:33.792+0800][1.781s][gc,reloc    ] GC(24) Large Pages: 23 / 46M, Empty: 40M, Relocated: 0M, In-Place: 0
[2024-07-21T22:32:33.792+0800][1.781s][gc,reloc    ] GC(24) Forwarding Usage: 0M
[2024-07-21T22:32:33.792+0800][1.781s][gc,heap     ] GC(24) Min Capacity: 8M(6%)
[2024-07-21T22:32:33.792+0800][1.781s][gc,heap     ] GC(24) Max Capacity: 128M(100%)
[2024-07-21T22:32:33.792+0800][1.781s][gc,heap     ] GC(24) Soft Max Capacity: 128M(100%)
[2024-07-21T22:32:33.792+0800][1.781s][gc,heap     ] GC(24)                Mark Start          Mark End        Relocate Start      Relocate End           High               Low         
[2024-07-21T22:32:33.792+0800][1.781s][gc,heap     ] GC(24)  Capacity:      128M (100%)        128M (100%)        128M (100%)        128M (100%)        128M (100%)        128M (100%)   
[2024-07-21T22:32:33.792+0800][1.781s][gc,heap     ] GC(24)      Free:       70M (55%)          54M (42%)          96M (75%)          96M (75%)          96M (75%)          54M (42%)    
[2024-07-21T22:32:33.792+0800][1.781s][gc,heap     ] GC(24)      Used:       58M (45%)          74M (58%)          32M (25%)          32M (25%)          74M (58%)          32M (25%)    
[2024-07-21T22:32:33.792+0800][1.781s][gc,heap     ] GC(24)      Live:         -                10M (8%)           10M (8%)           10M (8%)             -                  -          
[2024-07-21T22:32:33.792+0800][1.781s][gc,heap     ] GC(24) Allocated:         -                16M (12%)          16M (12%)          16M (12%)            -                  -          
[2024-07-21T22:32:33.792+0800][1.781s][gc,heap     ] GC(24)   Garbage:         -                47M (37%)           5M (4%)            5M (4%)             -                  -          
[2024-07-21T22:32:33.792+0800][1.781s][gc,heap     ] GC(24) Reclaimed:         -                  -                42M (33%)          42M (33%)            -                  -          
[2024-07-21T22:32:33.792+0800][1.781s][gc          ] GC(24) Garbage Collection (Allocation Rate) 58M(45%)->32M(25%)
[2024-07-21T22:32:33.862+0800][1.851s][gc,start    ] GC(25) Garbage Collection (Allocation Stall)
[2024-07-21T22:32:33.862+0800][1.851s][gc,ref      ] GC(25) Clearing All SoftReferences
[2024-07-21T22:32:33.862+0800][1.851s][gc,task     ] GC(25) Using 1 workers
[2024-07-21T22:32:33.863+0800][1.851s][gc,phases   ] GC(25) Pause Mark Start 0.006ms
[2024-07-21T22:32:33.866+0800][1.855s][gc,phases   ] GC(25) Concurrent Mark 3.425ms
[2024-07-21T22:32:33.866+0800][1.855s][gc,phases   ] GC(25) Pause Mark End 0.005ms
[2024-07-21T22:32:33.866+0800][1.855s][gc,phases   ] GC(25) Concurrent Mark Free 0.001ms
[2024-07-21T22:32:33.867+0800][1.856s][gc,phases   ] GC(25) Concurrent Process Non-Strong References 0.989ms
[2024-07-21T22:32:33.867+0800][1.856s][gc,phases   ] GC(25) Concurrent Reset Relocation Set 0.000ms
[2024-07-21T22:32:33.869+0800][1.858s][gc          ] Allocation Stall (main) 6.946ms
[2024-07-21T22:32:33.869+0800][1.858s][gc,phases   ] GC(25) Concurrent Select Relocation Set 1.892ms
[2024-07-21T22:32:33.869+0800][1.858s][gc,phases   ] GC(25) Pause Relocate Start 0.004ms
[2024-07-21T22:32:33.870+0800][1.858s][gc,phases   ] GC(25) Concurrent Relocate 0.070ms
[2024-07-21T22:32:33.870+0800][1.859s][gc,load     ] GC(25) Load: 0.00/0.00/0.00
[2024-07-21T22:32:33.870+0800][1.859s][gc,mmu      ] GC(25) MMU: 2ms/96.5%, 5ms/98.4%, 10ms/99.2%, 20ms/99.5%, 50ms/99.8%, 100ms/99.9%
[2024-07-21T22:32:33.870+0800][1.859s][gc,marking  ] GC(25) Mark: 1 stripe(s), 1 proactive flush(es), 1 terminate flush(es), 0 completion(s), 0 continuation(s) 
[2024-07-21T22:32:33.870+0800][1.859s][gc,marking  ] GC(25) Mark Stack Usage: 32M
[2024-07-21T22:32:33.870+0800][1.859s][gc,nmethod  ] GC(25) NMethods: 380 registered, 0 unregistered
[2024-07-21T22:32:33.870+0800][1.859s][gc,metaspace] GC(25) Metaspace: 1M used, 1M committed, 1032M reserved
[2024-07-21T22:32:33.870+0800][1.859s][gc,ref      ] GC(25) Soft: 43 encountered, 20 discovered, 0 enqueued
[2024-07-21T22:32:33.870+0800][1.859s][gc,ref      ] GC(25) Weak: 131 encountered, 107 discovered, 0 enqueued
[2024-07-21T22:32:33.870+0800][1.859s][gc,ref      ] GC(25) Final: 0 encountered, 0 discovered, 0 enqueued
[2024-07-21T22:32:33.870+0800][1.859s][gc,ref      ] GC(25) Phantom: 184 encountered, 98 discovered, 0 enqueued
[2024-07-21T22:32:33.870+0800][1.859s][gc,reloc    ] GC(25) Small Pages: 4 / 8M, Empty: 2M, Relocated: 0M, In-Place: 0
[2024-07-21T22:32:33.870+0800][1.859s][gc,reloc    ] GC(25) Medium Pages: 1 / 4M, Empty: 0M, Relocated: 0M, In-Place: 0
[2024-07-21T22:32:33.870+0800][1.859s][gc,reloc    ] GC(25) Large Pages: 58 / 116M, Empty: 80M, Relocated: 0M, In-Place: 0
[2024-07-21T22:32:33.870+0800][1.859s][gc,reloc    ] GC(25) Forwarding Usage: 0M
[2024-07-21T22:32:33.870+0800][1.859s][gc,heap     ] GC(25) Min Capacity: 8M(6%)
[2024-07-21T22:32:33.870+0800][1.859s][gc,heap     ] GC(25) Max Capacity: 128M(100%)
[2024-07-21T22:32:33.870+0800][1.859s][gc,heap     ] GC(25) Soft Max Capacity: 128M(100%)
[2024-07-21T22:32:33.870+0800][1.859s][gc,heap     ] GC(25)                Mark Start          Mark End        Relocate Start      Relocate End           High               Low         
[2024-07-21T22:32:33.870+0800][1.859s][gc,heap     ] GC(25)  Capacity:      128M (100%)        128M (100%)        128M (100%)        128M (100%)        128M (100%)        128M (100%)   
[2024-07-21T22:32:33.870+0800][1.859s][gc,heap     ] GC(25)      Free:        0M (0%)            0M (0%)           78M (61%)          78M (61%)          82M (64%)           0M (0%)     
[2024-07-21T22:32:33.870+0800][1.859s][gc,heap     ] GC(25)      Used:      128M (100%)        128M (100%)         50M (39%)          50M (39%)         128M (100%)         46M (36%)    
[2024-07-21T22:32:33.870+0800][1.859s][gc,heap     ] GC(25)      Live:         -                40M (32%)          40M (32%)          40M (32%)            -                  -          
[2024-07-21T22:32:33.870+0800][1.859s][gc,heap     ] GC(25) Allocated:         -                 0M (0%)            4M (3%)            4M (3%)             -                  -          
[2024-07-21T22:32:33.870+0800][1.859s][gc,heap     ] GC(25)   Garbage:         -                87M (68%)           5M (4%)            5M (4%)             -                  -          
[2024-07-21T22:32:33.870+0800][1.859s][gc,heap     ] GC(25) Reclaimed:         -                  -                82M (64%)          82M (64%)            -                  -          
[2024-07-21T22:32:33.870+0800][1.859s][gc          ] GC(25) Garbage Collection (Allocation Stall) 128M(100%)->50M(39%)
[2024-07-21T22:32:33.877+0800][1.865s][gc,start    ] GC(26) Garbage Collection (Allocation Rate)
[2024-07-21T22:32:33.877+0800][1.865s][gc,task     ] GC(26) Using 1 workers
[2024-07-21T22:32:33.877+0800][1.865s][gc,phases   ] GC(26) Pause Mark Start 0.007ms
[2024-07-21T22:32:33.880+0800][1.868s][gc,phases   ] GC(26) Concurrent Mark 3.191ms
[2024-07-21T22:32:33.880+0800][1.869s][gc,phases   ] GC(26) Pause Mark End 0.008ms
[2024-07-21T22:32:33.880+0800][1.869s][gc,phases   ] GC(26) Concurrent Mark Free 0.001ms
[2024-07-21T22:32:33.881+0800][1.870s][gc,phases   ] GC(26) Concurrent Process Non-Strong References 1.039ms
[2024-07-21T22:32:33.881+0800][1.870s][gc,phases   ] GC(26) Concurrent Reset Relocation Set 0.000ms
[2024-07-21T22:32:33.883+0800][1.871s][gc,phases   ] GC(26) Concurrent Select Relocation Set 1.612ms
[2024-07-21T22:32:33.883+0800][1.872s][gc,phases   ] GC(26) Pause Relocate Start 0.004ms
[2024-07-21T22:32:33.883+0800][1.872s][gc,phases   ] GC(26) Concurrent Relocate 0.554ms
[2024-07-21T22:32:33.883+0800][1.872s][gc,load     ] GC(26) Load: 0.00/0.00/0.00
[2024-07-21T22:32:33.883+0800][1.872s][gc,mmu      ] GC(26) MMU: 2ms/96.5%, 5ms/98.4%, 10ms/99.2%, 20ms/99.5%, 50ms/99.8%, 100ms/99.9%
[2024-07-21T22:32:33.883+0800][1.872s][gc,marking  ] GC(26) Mark: 1 stripe(s), 1 proactive flush(es), 1 terminate flush(es), 0 completion(s), 0 continuation(s) 
[2024-07-21T22:32:33.883+0800][1.872s][gc,marking  ] GC(26) Mark Stack Usage: 32M
[2024-07-21T22:32:33.883+0800][1.872s][gc,nmethod  ] GC(26) NMethods: 381 registered, 0 unregistered
[2024-07-21T22:32:33.883+0800][1.872s][gc,metaspace] GC(26) Metaspace: 1M used, 1M committed, 1032M reserved
[2024-07-21T22:32:33.883+0800][1.872s][gc,ref      ] GC(26) Soft: 43 encountered, 0 discovered, 0 enqueued
[2024-07-21T22:32:33.884+0800][1.872s][gc,ref      ] GC(26) Weak: 131 encountered, 107 discovered, 0 enqueued
[2024-07-21T22:32:33.884+0800][1.872s][gc,ref      ] GC(26) Final: 0 encountered, 0 discovered, 0 enqueued
[2024-07-21T22:32:33.884+0800][1.872s][gc,ref      ] GC(26) Phantom: 184 encountered, 98 discovered, 0 enqueued
[2024-07-21T22:32:33.884+0800][1.872s][gc,reloc    ] GC(26) Small Pages: 4 / 8M, Empty: 0M, Relocated: 1M, In-Place: 0
[2024-07-21T22:32:33.884+0800][1.872s][gc,reloc    ] GC(26) Medium Pages: 1 / 4M, Empty: 0M, Relocated: 0M, In-Place: 0
[2024-07-21T22:32:33.884+0800][1.872s][gc,reloc    ] GC(26) Large Pages: 20 / 40M, Empty: 40M, Relocated: 0M, In-Place: 0
[2024-07-21T22:32:33.884+0800][1.872s][gc,reloc    ] GC(26) Forwarding Usage: 0M
[2024-07-21T22:32:33.884+0800][1.872s][gc,heap     ] GC(26) Min Capacity: 8M(6%)
[2024-07-21T22:32:33.884+0800][1.872s][gc,heap     ] GC(26) Max Capacity: 128M(100%)
[2024-07-21T22:32:33.884+0800][1.872s][gc,heap     ] GC(26) Soft Max Capacity: 128M(100%)
[2024-07-21T22:32:33.884+0800][1.873s][gc,heap     ] GC(26)                Mark Start          Mark End        Relocate Start      Relocate End           High               Low         
[2024-07-21T22:32:33.884+0800][1.873s][gc,heap     ] GC(26)  Capacity:      128M (100%)        128M (100%)        128M (100%)        128M (100%)        128M (100%)        128M (100%)   
[2024-07-21T22:32:33.884+0800][1.873s][gc,heap     ] GC(26)      Free:       76M (59%)          76M (59%)         116M (91%)         118M (92%)         118M (92%)          76M (59%)    
[2024-07-21T22:32:33.884+0800][1.873s][gc,heap     ] GC(26)      Used:       52M (41%)          52M (41%)          12M (9%)           10M (8%)           52M (41%)          10M (8%)     
[2024-07-21T22:32:33.884+0800][1.873s][gc,heap     ] GC(26)      Live:         -                 4M (4%)            4M (4%)            4M (4%)             -                  -          
[2024-07-21T22:32:33.884+0800][1.873s][gc,heap     ] GC(26) Allocated:         -                 0M (0%)            0M (0%)            0M (0%)             -                  -          
[2024-07-21T22:32:33.884+0800][1.873s][gc,heap     ] GC(26)   Garbage:         -                47M (37%)           7M (6%)            5M (4%)             -                  -          
[2024-07-21T22:32:33.884+0800][1.873s][gc,heap     ] GC(26) Reclaimed:         -                  -                40M (31%)          42M (33%)            -                  -          
[2024-07-21T22:32:33.884+0800][1.873s][gc          ] GC(26) Garbage Collection (Allocation Rate) 52M(41%)->10M(8%)
[2024-07-21T22:32:33.971+0800][1.960s][gc,start    ] GC(27) Garbage Collection (Allocation Rate)
[2024-07-21T22:32:33.971+0800][1.960s][gc,task     ] GC(27) Using 1 workers
[2024-07-21T22:32:33.971+0800][1.960s][gc,phases   ] GC(27) Pause Mark Start 0.015ms
[2024-07-21T22:32:33.976+0800][1.965s][gc,phases   ] GC(27) Concurrent Mark 4.598ms
[2024-07-21T22:32:33.976+0800][1.965s][gc,phases   ] GC(27) Pause Mark End 0.011ms
[2024-07-21T22:32:33.976+0800][1.965s][gc,phases   ] GC(27) Concurrent Mark Free 0.001ms
[2024-07-21T22:32:33.977+0800][1.966s][gc,phases   ] GC(27) Concurrent Process Non-Strong References 1.143ms
[2024-07-21T22:32:33.977+0800][1.966s][gc,phases   ] GC(27) Concurrent Reset Relocation Set 0.001ms
[2024-07-21T22:32:33.981+0800][1.970s][gc          ] Allocation Stall (main) 7.962ms
[2024-07-21T22:32:33.981+0800][1.970s][gc,phases   ] GC(27) Concurrent Select Relocation Set 3.382ms
[2024-07-21T22:32:33.981+0800][1.970s][gc,phases   ] GC(27) Pause Relocate Start 0.007ms
[2024-07-21T22:32:33.981+0800][1.970s][gc,phases   ] GC(27) Concurrent Relocate 0.107ms
[2024-07-21T22:32:33.981+0800][1.970s][gc,load     ] GC(27) Load: 0.00/0.00/0.00
[2024-07-21T22:32:33.981+0800][1.970s][gc,mmu      ] GC(27) MMU: 2ms/96.5%, 5ms/98.4%, 10ms/99.2%, 20ms/99.5%, 50ms/99.8%, 100ms/99.9%
[2024-07-21T22:32:33.981+0800][1.970s][gc,marking  ] GC(27) Mark: 1 stripe(s), 2 proactive flush(es), 1 terminate flush(es), 0 completion(s), 0 continuation(s) 
[2024-07-21T22:32:33.981+0800][1.970s][gc,marking  ] GC(27) Mark Stack Usage: 32M
[2024-07-21T22:32:33.981+0800][1.970s][gc,nmethod  ] GC(27) NMethods: 382 registered, 0 unregistered
[2024-07-21T22:32:33.981+0800][1.970s][gc,metaspace] GC(27) Metaspace: 1M used, 1M committed, 1032M reserved
[2024-07-21T22:32:33.981+0800][1.970s][gc,ref      ] GC(27) Soft: 43 encountered, 0 discovered, 0 enqueued
[2024-07-21T22:32:33.981+0800][1.970s][gc,ref      ] GC(27) Weak: 131 encountered, 107 discovered, 0 enqueued
[2024-07-21T22:32:33.981+0800][1.970s][gc,ref      ] GC(27) Final: 0 encountered, 0 discovered, 0 enqueued
[2024-07-21T22:32:33.981+0800][1.970s][gc,ref      ] GC(27) Phantom: 184 encountered, 98 discovered, 0 enqueued
[2024-07-21T22:32:33.981+0800][1.970s][gc,reloc    ] GC(27) Small Pages: 4 / 8M, Empty: 2M, Relocated: 0M, In-Place: 0
[2024-07-21T22:32:33.981+0800][1.970s][gc,reloc    ] GC(27) Medium Pages: 1 / 4M, Empty: 0M, Relocated: 0M, In-Place: 0
[2024-07-21T22:32:33.981+0800][1.970s][gc,reloc    ] GC(27) Large Pages: 52 / 104M, Empty: 80M, Relocated: 0M, In-Place: 0
[2024-07-21T22:32:33.981+0800][1.970s][gc,reloc    ] GC(27) Forwarding Usage: 0M
[2024-07-21T22:32:33.981+0800][1.970s][gc,heap     ] GC(27) Min Capacity: 8M(6%)
[2024-07-21T22:32:33.982+0800][1.970s][gc,heap     ] GC(27) Max Capacity: 128M(100%)
[2024-07-21T22:32:33.982+0800][1.970s][gc,heap     ] GC(27) Soft Max Capacity: 128M(100%)
[2024-07-21T22:32:33.982+0800][1.970s][gc,heap     ] GC(27)                Mark Start          Mark End        Relocate Start      Relocate End           High               Low         
[2024-07-21T22:32:33.982+0800][1.970s][gc,heap     ] GC(27)  Capacity:      128M (100%)        128M (100%)        128M (100%)        128M (100%)        128M (100%)        128M (100%)   
[2024-07-21T22:32:33.982+0800][1.971s][gc,heap     ] GC(27)      Free:       12M (9%)            0M (0%)           80M (62%)          78M (61%)          82M (64%)           0M (0%)     
[2024-07-21T22:32:33.982+0800][1.971s][gc,heap     ] GC(27)      Used:      116M (91%)         128M (100%)         48M (38%)          50M (39%)         128M (100%)         46M (36%)    
[2024-07-21T22:32:33.982+0800][1.971s][gc,heap     ] GC(27)      Live:         -                28M (22%)          28M (22%)          28M (22%)            -                  -          
[2024-07-21T22:32:33.982+0800][1.971s][gc,heap     ] GC(27) Allocated:         -                12M (9%)           14M (11%)          16M (12%)            -                  -          
[2024-07-21T22:32:33.982+0800][1.971s][gc,heap     ] GC(27)   Garbage:         -                87M (68%)           5M (4%)            5M (4%)             -                  -          
[2024-07-21T22:32:33.982+0800][1.971s][gc,heap     ] GC(27) Reclaimed:         -                  -                82M (64%)          82M (64%)            -                  -          
[2024-07-21T22:32:33.982+0800][1.971s][gc          ] GC(27) Garbage Collection (Allocation Rate) 116M(91%)->50M(39%)
[2024-07-21T22:32:34.052+0800][2.040s][gc,start    ] GC(28) Garbage Collection (Allocation Stall)
[2024-07-21T22:32:34.052+0800][2.040s][gc,ref      ] GC(28) Clearing All SoftReferences
[2024-07-21T22:32:34.052+0800][2.040s][gc,task     ] GC(28) Using 1 workers
[2024-07-21T22:32:34.052+0800][2.040s][gc,phases   ] GC(28) Pause Mark Start 0.006ms
[2024-07-21T22:32:34.055+0800][2.044s][gc,phases   ] GC(28) Concurrent Mark 3.401ms
[2024-07-21T22:32:34.055+0800][2.044s][gc,phases   ] GC(28) Pause Mark End 0.006ms
[2024-07-21T22:32:34.055+0800][2.044s][gc,phases   ] GC(28) Concurrent Mark Free 0.001ms
[2024-07-21T22:32:34.056+0800][2.045s][gc,phases   ] GC(28) Concurrent Process Non-Strong References 0.951ms
[2024-07-21T22:32:34.056+0800][2.045s][gc,phases   ] GC(28) Concurrent Reset Relocation Set 0.001ms
[2024-07-21T22:32:34.058+0800][2.047s][gc          ] Allocation Stall (main) 7.081ms
[2024-07-21T22:32:34.058+0800][2.047s][gc,phases   ] GC(28) Concurrent Select Relocation Set 2.047ms
[2024-07-21T22:32:34.059+0800][2.048s][gc,phases   ] GC(28) Pause Relocate Start 0.006ms
[2024-07-21T22:32:34.059+0800][2.048s][gc,phases   ] GC(28) Concurrent Relocate 0.064ms
[2024-07-21T22:32:34.059+0800][2.048s][gc,load     ] GC(28) Load: 0.00/0.00/0.00
[2024-07-21T22:32:34.059+0800][2.048s][gc,mmu      ] GC(28) MMU: 2ms/96.5%, 5ms/98.4%, 10ms/99.2%, 20ms/99.5%, 50ms/99.8%, 100ms/99.9%
[2024-07-21T22:32:34.059+0800][2.048s][gc,marking  ] GC(28) Mark: 1 stripe(s), 1 proactive flush(es), 1 terminate flush(es), 0 completion(s), 0 continuation(s) 
[2024-07-21T22:32:34.059+0800][2.048s][gc,marking  ] GC(28) Mark Stack Usage: 32M
[2024-07-21T22:32:34.059+0800][2.048s][gc,nmethod  ] GC(28) NMethods: 383 registered, 0 unregistered
[2024-07-21T22:32:34.059+0800][2.048s][gc,metaspace] GC(28) Metaspace: 1M used, 1M committed, 1032M reserved
[2024-07-21T22:32:34.059+0800][2.048s][gc,ref      ] GC(28) Soft: 43 encountered, 20 discovered, 0 enqueued
[2024-07-21T22:32:34.059+0800][2.048s][gc,ref      ] GC(28) Weak: 131 encountered, 107 discovered, 0 enqueued
[2024-07-21T22:32:34.059+0800][2.048s][gc,ref      ] GC(28) Final: 0 encountered, 0 discovered, 0 enqueued
[2024-07-21T22:32:34.059+0800][2.048s][gc,ref      ] GC(28) Phantom: 184 encountered, 98 discovered, 0 enqueued
[2024-07-21T22:32:34.059+0800][2.048s][gc,reloc    ] GC(28) Small Pages: 4 / 8M, Empty: 2M, Relocated: 0M, In-Place: 0
[2024-07-21T22:32:34.059+0800][2.048s][gc,reloc    ] GC(28) Medium Pages: 1 / 4M, Empty: 0M, Relocated: 0M, In-Place: 0
[2024-07-21T22:32:34.059+0800][2.048s][gc,reloc    ] GC(28) Large Pages: 58 / 116M, Empty: 80M, Relocated: 0M, In-Place: 0
[2024-07-21T22:32:34.059+0800][2.048s][gc,reloc    ] GC(28) Forwarding Usage: 0M
[2024-07-21T22:32:34.059+0800][2.048s][gc,heap     ] GC(28) Min Capacity: 8M(6%)
[2024-07-21T22:32:34.059+0800][2.048s][gc,heap     ] GC(28) Max Capacity: 128M(100%)
[2024-07-21T22:32:34.059+0800][2.048s][gc,heap     ] GC(28) Soft Max Capacity: 128M(100%)
[2024-07-21T22:32:34.059+0800][2.048s][gc,heap     ] GC(28)                Mark Start          Mark End        Relocate Start      Relocate End           High               Low         
[2024-07-21T22:32:34.059+0800][2.048s][gc,heap     ] GC(28)  Capacity:      128M (100%)        128M (100%)        128M (100%)        128M (100%)        128M (100%)        128M (100%)   
[2024-07-21T22:32:34.059+0800][2.048s][gc,heap     ] GC(28)      Free:        0M (0%)            0M (0%)           80M (62%)          80M (62%)          82M (64%)           0M (0%)     
[2024-07-21T22:32:34.059+0800][2.048s][gc,heap     ] GC(28)      Used:      128M (100%)        128M (100%)         48M (38%)          48M (38%)         128M (100%)         46M (36%)    
[2024-07-21T22:32:34.059+0800][2.048s][gc,heap     ] GC(28)      Live:         -                40M (32%)          40M (32%)          40M (32%)            -                  -          
[2024-07-21T22:32:34.059+0800][2.048s][gc,heap     ] GC(28) Allocated:         -                 0M (0%)            2M (2%)            2M (2%)             -                  -          
[2024-07-21T22:32:34.059+0800][2.048s][gc,heap     ] GC(28)   Garbage:         -                87M (68%)           5M (4%)            5M (4%)             -                  -          
[2024-07-21T22:32:34.059+0800][2.048s][gc,heap     ] GC(28) Reclaimed:         -                  -                82M (64%)          82M (64%)            -                  -          
[2024-07-21T22:32:34.059+0800][2.048s][gc          ] GC(28) Garbage Collection (Allocation Stall) 128M(100%)->48M(38%)
[2024-07-21T22:32:34.068+0800][2.056s][gc,start    ] GC(29) Garbage Collection (Allocation Rate)
[2024-07-21T22:32:34.068+0800][2.056s][gc,task     ] GC(29) Using 1 workers
[2024-07-21T22:32:34.068+0800][2.056s][gc,phases   ] GC(29) Pause Mark Start 0.005ms
[2024-07-21T22:32:34.070+0800][2.059s][gc,phases   ] GC(29) Concurrent Mark 3.094ms
[2024-07-21T22:32:34.071+0800][2.059s][gc,phases   ] GC(29) Pause Mark End 0.006ms
[2024-07-21T22:32:34.071+0800][2.059s][gc,phases   ] GC(29) Concurrent Mark Free 0.001ms
[2024-07-21T22:32:34.072+0800][2.060s][gc,phases   ] GC(29) Concurrent Process Non-Strong References 0.973ms
[2024-07-21T22:32:34.072+0800][2.060s][gc,phases   ] GC(29) Concurrent Reset Relocation Set 0.000ms
[2024-07-21T22:32:34.073+0800][2.062s][gc,phases   ] GC(29) Concurrent Select Relocation Set 1.708ms
[2024-07-21T22:32:34.073+0800][2.062s][gc,phases   ] GC(29) Pause Relocate Start 0.005ms
[2024-07-21T22:32:34.074+0800][2.063s][gc,phases   ] GC(29) Concurrent Relocate 0.641ms
[2024-07-21T22:32:34.074+0800][2.063s][gc,load     ] GC(29) Load: 0.00/0.00/0.00
[2024-07-21T22:32:34.074+0800][2.063s][gc,mmu      ] GC(29) MMU: 2ms/96.5%, 5ms/98.4%, 10ms/99.2%, 20ms/99.5%, 50ms/99.8%, 100ms/99.9%
[2024-07-21T22:32:34.074+0800][2.063s][gc,marking  ] GC(29) Mark: 1 stripe(s), 1 proactive flush(es), 1 terminate flush(es), 0 completion(s), 0 continuation(s) 
[2024-07-21T22:32:34.074+0800][2.063s][gc,marking  ] GC(29) Mark Stack Usage: 32M
[2024-07-21T22:32:34.074+0800][2.063s][gc,nmethod  ] GC(29) NMethods: 383 registered, 0 unregistered
[2024-07-21T22:32:34.074+0800][2.063s][gc,metaspace] GC(29) Metaspace: 1M used, 1M committed, 1032M reserved
[2024-07-21T22:32:34.074+0800][2.063s][gc,ref      ] GC(29) Soft: 43 encountered, 0 discovered, 0 enqueued
[2024-07-21T22:32:34.074+0800][2.063s][gc,ref      ] GC(29) Weak: 131 encountered, 107 discovered, 0 enqueued
[2024-07-21T22:32:34.074+0800][2.063s][gc,ref      ] GC(29) Final: 0 encountered, 0 discovered, 0 enqueued
[2024-07-21T22:32:34.074+0800][2.063s][gc,ref      ] GC(29) Phantom: 184 encountered, 98 discovered, 0 enqueued
[2024-07-21T22:32:34.074+0800][2.063s][gc,reloc    ] GC(29) Small Pages: 4 / 8M, Empty: 0M, Relocated: 1M, In-Place: 0
[2024-07-21T22:32:34.074+0800][2.063s][gc,reloc    ] GC(29) Medium Pages: 1 / 4M, Empty: 0M, Relocated: 0M, In-Place: 0
[2024-07-21T22:32:34.074+0800][2.063s][gc,reloc    ] GC(29) Large Pages: 20 / 40M, Empty: 40M, Relocated: 0M, In-Place: 0
[2024-07-21T22:32:34.074+0800][2.063s][gc,reloc    ] GC(29) Forwarding Usage: 0M
[2024-07-21T22:32:34.074+0800][2.063s][gc,heap     ] GC(29) Min Capacity: 8M(6%)
[2024-07-21T22:32:34.074+0800][2.063s][gc,heap     ] GC(29) Max Capacity: 128M(100%)
[2024-07-21T22:32:34.074+0800][2.063s][gc,heap     ] GC(29) Soft Max Capacity: 128M(100%)
[2024-07-21T22:32:34.074+0800][2.063s][gc,heap     ] GC(29)                Mark Start          Mark End        Relocate Start      Relocate End           High               Low         
[2024-07-21T22:32:34.074+0800][2.063s][gc,heap     ] GC(29)  Capacity:      128M (100%)        128M (100%)        128M (100%)        128M (100%)        128M (100%)        128M (100%)   
[2024-07-21T22:32:34.075+0800][2.063s][gc,heap     ] GC(29)      Free:       76M (59%)          76M (59%)         116M (91%)         118M (92%)         118M (92%)          76M (59%)    
[2024-07-21T22:32:34.075+0800][2.063s][gc,heap     ] GC(29)      Used:       52M (41%)          52M (41%)          12M (9%)           10M (8%)           52M (41%)          10M (8%)     
[2024-07-21T22:32:34.075+0800][2.063s][gc,heap     ] GC(29)      Live:         -                 4M (4%)            4M (4%)            4M (4%)             -                  -          
[2024-07-21T22:32:34.075+0800][2.063s][gc,heap     ] GC(29) Allocated:         -                 0M (0%)            0M (0%)            0M (0%)             -                  -          
[2024-07-21T22:32:34.075+0800][2.063s][gc,heap     ] GC(29)   Garbage:         -                47M (37%)           7M (6%)            5M (4%)             -                  -          
[2024-07-21T22:32:34.075+0800][2.063s][gc,heap     ] GC(29) Reclaimed:         -                  -                40M (31%)          42M (33%)            -                  -          
[2024-07-21T22:32:34.075+0800][2.064s][gc          ] GC(29) Garbage Collection (Allocation Rate) 52M(41%)->10M(8%)
[2024-07-21T22:32:34.163+0800][2.151s][gc,start    ] GC(30) Garbage Collection (Allocation Stall)
[2024-07-21T22:32:34.163+0800][2.151s][gc,ref      ] GC(30) Clearing All SoftReferences
[2024-07-21T22:32:34.163+0800][2.151s][gc,task     ] GC(30) Using 1 workers
[2024-07-21T22:32:34.163+0800][2.152s][gc,phases   ] GC(30) Pause Mark Start 0.007ms
[2024-07-21T22:32:34.167+0800][2.156s][gc,phases   ] GC(30) Concurrent Mark 4.041ms
[2024-07-21T22:32:34.167+0800][2.156s][gc,phases   ] GC(30) Pause Mark End 0.014ms
[2024-07-21T22:32:34.167+0800][2.156s][gc,phases   ] GC(30) Concurrent Mark Free 0.001ms
[2024-07-21T22:32:34.169+0800][2.157s][gc,phases   ] GC(30) Concurrent Process Non-Strong References 1.208ms
[2024-07-21T22:32:34.169+0800][2.157s][gc,phases   ] GC(30) Concurrent Reset Relocation Set 0.001ms
[2024-07-21T22:32:34.172+0800][2.161s][gc          ] Allocation Stall (main) 9.615ms
[2024-07-21T22:32:34.172+0800][2.161s][gc,phases   ] GC(30) Concurrent Select Relocation Set 3.463ms
[2024-07-21T22:32:34.172+0800][2.161s][gc,phases   ] GC(30) Pause Relocate Start 0.011ms
[2024-07-21T22:32:34.173+0800][2.161s][gc,phases   ] GC(30) Concurrent Relocate 0.048ms
[2024-07-21T22:32:34.173+0800][2.161s][gc,load     ] GC(30) Load: 0.00/0.00/0.00
[2024-07-21T22:32:34.173+0800][2.161s][gc,mmu      ] GC(30) MMU: 2ms/96.5%, 5ms/98.4%, 10ms/99.2%, 20ms/99.5%, 50ms/99.8%, 100ms/99.9%
[2024-07-21T22:32:34.173+0800][2.162s][gc,marking  ] GC(30) Mark: 1 stripe(s), 1 proactive flush(es), 1 terminate flush(es), 0 completion(s), 0 continuation(s) 
[2024-07-21T22:32:34.173+0800][2.162s][gc,marking  ] GC(30) Mark Stack Usage: 32M
[2024-07-21T22:32:34.173+0800][2.162s][gc,nmethod  ] GC(30) NMethods: 384 registered, 0 unregistered
[2024-07-21T22:32:34.173+0800][2.162s][gc,metaspace] GC(30) Metaspace: 1M used, 1M committed, 1032M reserved
[2024-07-21T22:32:34.173+0800][2.162s][gc,ref      ] GC(30) Soft: 43 encountered, 20 discovered, 0 enqueued
[2024-07-21T22:32:34.173+0800][2.162s][gc,ref      ] GC(30) Weak: 131 encountered, 107 discovered, 0 enqueued
[2024-07-21T22:32:34.173+0800][2.162s][gc,ref      ] GC(30) Final: 0 encountered, 0 discovered, 0 enqueued
[2024-07-21T22:32:34.173+0800][2.162s][gc,ref      ] GC(30) Phantom: 184 encountered, 98 discovered, 0 enqueued
[2024-07-21T22:32:34.173+0800][2.162s][gc,reloc    ] GC(30) Small Pages: 4 / 8M, Empty: 2M, Relocated: 0M, In-Place: 0
[2024-07-21T22:32:34.173+0800][2.162s][gc,reloc    ] GC(30) Medium Pages: 1 / 4M, Empty: 0M, Relocated: 0M, In-Place: 0
[2024-07-21T22:32:34.173+0800][2.162s][gc,reloc    ] GC(30) Large Pages: 58 / 116M, Empty: 80M, Relocated: 0M, In-Place: 0
[2024-07-21T22:32:34.173+0800][2.162s][gc,reloc    ] GC(30) Forwarding Usage: 0M
[2024-07-21T22:32:34.173+0800][2.162s][gc,heap     ] GC(30) Min Capacity: 8M(6%)
[2024-07-21T22:32:34.173+0800][2.162s][gc,heap     ] GC(30) Max Capacity: 128M(100%)
[2024-07-21T22:32:34.173+0800][2.162s][gc,heap     ] GC(30) Soft Max Capacity: 128M(100%)
[2024-07-21T22:32:34.173+0800][2.162s][gc,heap     ] GC(30)                Mark Start          Mark End        Relocate Start      Relocate End           High               Low         
[2024-07-21T22:32:34.173+0800][2.162s][gc,heap     ] GC(30)  Capacity:      128M (100%)        128M (100%)        128M (100%)        128M (100%)        128M (100%)        128M (100%)   
[2024-07-21T22:32:34.173+0800][2.162s][gc,heap     ] GC(30)      Free:        0M (0%)            0M (0%)           80M (62%)          80M (62%)          82M (64%)           0M (0%)     
[2024-07-21T22:32:34.173+0800][2.162s][gc,heap     ] GC(30)      Used:      128M (100%)        128M (100%)         48M (38%)          48M (38%)         128M (100%)         46M (36%)    
[2024-07-21T22:32:34.173+0800][2.162s][gc,heap     ] GC(30)      Live:         -                40M (32%)          40M (32%)          40M (32%)            -                  -          
[2024-07-21T22:32:34.173+0800][2.162s][gc,heap     ] GC(30) Allocated:         -                 0M (0%)            2M (2%)            2M (2%)             -                  -          
[2024-07-21T22:32:34.173+0800][2.162s][gc,heap     ] GC(30)   Garbage:         -                87M (68%)           5M (4%)            5M (4%)             -                  -          
[2024-07-21T22:32:34.173+0800][2.162s][gc,heap     ] GC(30) Reclaimed:         -                  -                82M (64%)          82M (64%)            -                  -          
[2024-07-21T22:32:34.173+0800][2.162s][gc          ] GC(30) Garbage Collection (Allocation Stall) 128M(100%)->48M(38%)
[2024-07-21T22:32:34.177+0800][2.166s][gc,start    ] GC(31) Garbage Collection (Allocation Rate)
[2024-07-21T22:32:34.177+0800][2.166s][gc,task     ] GC(31) Using 1 workers
[2024-07-21T22:32:34.177+0800][2.166s][gc,phases   ] GC(31) Pause Mark Start 0.012ms
[2024-07-21T22:32:34.181+0800][2.170s][gc,phases   ] GC(31) Concurrent Mark 4.317ms
[2024-07-21T22:32:34.182+0800][2.171s][gc,phases   ] GC(31) Pause Mark End 0.015ms
[2024-07-21T22:32:34.182+0800][2.171s][gc,phases   ] GC(31) Concurrent Mark Free 0.001ms
[2024-07-21T22:32:34.183+0800][2.172s][gc,phases   ] GC(31) Concurrent Process Non-Strong References 1.180ms
[2024-07-21T22:32:34.183+0800][2.172s][gc,phases   ] GC(31) Concurrent Reset Relocation Set 0.000ms
[2024-07-21T22:32:34.185+0800][2.174s][gc,phases   ] GC(31) Concurrent Select Relocation Set 2.221ms
[2024-07-21T22:32:34.186+0800][2.174s][gc,phases   ] GC(31) Pause Relocate Start 0.028ms
[2024-07-21T22:32:34.186+0800][2.175s][gc,phases   ] GC(31) Concurrent Relocate 0.716ms
[2024-07-21T22:32:34.186+0800][2.175s][gc,load     ] GC(31) Load: 0.00/0.00/0.00
[2024-07-21T22:32:34.186+0800][2.175s][gc,mmu      ] GC(31) MMU: 2ms/96.5%, 5ms/98.4%, 10ms/99.2%, 20ms/99.5%, 50ms/99.8%, 100ms/99.9%
[2024-07-21T22:32:34.186+0800][2.175s][gc,marking  ] GC(31) Mark: 1 stripe(s), 1 proactive flush(es), 1 terminate flush(es), 0 completion(s), 0 continuation(s) 
[2024-07-21T22:32:34.187+0800][2.175s][gc,marking  ] GC(31) Mark Stack Usage: 32M
[2024-07-21T22:32:34.187+0800][2.175s][gc,nmethod  ] GC(31) NMethods: 384 registered, 0 unregistered
[2024-07-21T22:32:34.187+0800][2.175s][gc,metaspace] GC(31) Metaspace: 1M used, 1M committed, 1032M reserved
[2024-07-21T22:32:34.187+0800][2.175s][gc,ref      ] GC(31) Soft: 43 encountered, 0 discovered, 0 enqueued
[2024-07-21T22:32:34.187+0800][2.175s][gc,ref      ] GC(31) Weak: 131 encountered, 107 discovered, 0 enqueued
[2024-07-21T22:32:34.187+0800][2.175s][gc,ref      ] GC(31) Final: 0 encountered, 0 discovered, 0 enqueued
[2024-07-21T22:32:34.187+0800][2.175s][gc,ref      ] GC(31) Phantom: 184 encountered, 98 discovered, 0 enqueued
[2024-07-21T22:32:34.187+0800][2.175s][gc,reloc    ] GC(31) Small Pages: 4 / 8M, Empty: 0M, Relocated: 1M, In-Place: 0
[2024-07-21T22:32:34.187+0800][2.175s][gc,reloc    ] GC(31) Medium Pages: 1 / 4M, Empty: 0M, Relocated: 0M, In-Place: 0
[2024-07-21T22:32:34.187+0800][2.175s][gc,reloc    ] GC(31) Large Pages: 20 / 40M, Empty: 40M, Relocated: 0M, In-Place: 0
[2024-07-21T22:32:34.187+0800][2.176s][gc,reloc    ] GC(31) Forwarding Usage: 0M
[2024-07-21T22:32:34.187+0800][2.176s][gc,heap     ] GC(31) Min Capacity: 8M(6%)
[2024-07-21T22:32:34.187+0800][2.176s][gc,heap     ] GC(31) Max Capacity: 128M(100%)
[2024-07-21T22:32:34.187+0800][2.176s][gc,heap     ] GC(31) Soft Max Capacity: 128M(100%)
[2024-07-21T22:32:34.187+0800][2.176s][gc,heap     ] GC(31)                Mark Start          Mark End        Relocate Start      Relocate End           High               Low         
[2024-07-21T22:32:34.187+0800][2.176s][gc,heap     ] GC(31)  Capacity:      128M (100%)        128M (100%)        128M (100%)        128M (100%)        128M (100%)        128M (100%)   
[2024-07-21T22:32:34.187+0800][2.176s][gc,heap     ] GC(31)      Free:       76M (59%)          76M (59%)         116M (91%)         118M (92%)         118M (92%)          76M (59%)    
[2024-07-21T22:32:34.187+0800][2.176s][gc,heap     ] GC(31)      Used:       52M (41%)          52M (41%)          12M (9%)           10M (8%)           52M (41%)          10M (8%)     
[2024-07-21T22:32:34.187+0800][2.176s][gc,heap     ] GC(31)      Live:         -                 4M (4%)            4M (4%)            4M (4%)             -                  -          
[2024-07-21T22:32:34.187+0800][2.176s][gc,heap     ] GC(31) Allocated:         -                 0M (0%)            0M (0%)            0M (0%)             -                  -          
[2024-07-21T22:32:34.187+0800][2.176s][gc,heap     ] GC(31)   Garbage:         -                47M (37%)           7M (6%)            5M (4%)             -                  -          
[2024-07-21T22:32:34.187+0800][2.176s][gc,heap     ] GC(31) Reclaimed:         -                  -                40M (31%)          42M (33%)            -                  -          
[2024-07-21T22:32:34.187+0800][2.176s][gc          ] GC(31) Garbage Collection (Allocation Rate) 52M(41%)->10M(8%)
[2024-07-21T22:32:34.273+0800][2.261s][gc,start    ] GC(32) Garbage Collection (Allocation Rate)
[2024-07-21T22:32:34.273+0800][2.261s][gc,task     ] GC(32) Using 1 workers
[2024-07-21T22:32:34.273+0800][2.261s][gc,phases   ] GC(32) Pause Mark Start 0.006ms
[2024-07-21T22:32:34.276+0800][2.265s][gc,phases   ] GC(32) Concurrent Mark 4.131ms
[2024-07-21T22:32:34.277+0800][2.265s][gc,phases   ] GC(32) Pause Mark End 0.009ms
[2024-07-21T22:32:34.277+0800][2.266s][gc,phases   ] GC(32) Concurrent Mark Free 0.001ms
[2024-07-21T22:32:34.278+0800][2.267s][gc,phases   ] GC(32) Concurrent Process Non-Strong References 1.087ms
[2024-07-21T22:32:34.278+0800][2.267s][gc,phases   ] GC(32) Concurrent Reset Relocation Set 0.001ms
[2024-07-21T22:32:34.280+0800][2.268s][gc          ] Allocation Stall (main) 6.058ms
[2024-07-21T22:32:34.280+0800][2.269s][gc,phases   ] GC(32) Concurrent Select Relocation Set 1.786ms
[2024-07-21T22:32:34.280+0800][2.269s][gc,phases   ] GC(32) Pause Relocate Start 0.004ms
[2024-07-21T22:32:34.280+0800][2.269s][gc,phases   ] GC(32) Concurrent Relocate 0.068ms
[2024-07-21T22:32:34.280+0800][2.269s][gc,load     ] GC(32) Load: 0.00/0.00/0.00
[2024-07-21T22:32:34.280+0800][2.269s][gc,mmu      ] GC(32) MMU: 2ms/96.5%, 5ms/98.4%, 10ms/99.2%, 20ms/99.5%, 50ms/99.8%, 100ms/99.9%
[2024-07-21T22:32:34.280+0800][2.269s][gc,marking  ] GC(32) Mark: 1 stripe(s), 2 proactive flush(es), 1 terminate flush(es), 0 completion(s), 0 continuation(s) 
[2024-07-21T22:32:34.280+0800][2.269s][gc,marking  ] GC(32) Mark Stack Usage: 32M
[2024-07-21T22:32:34.280+0800][2.269s][gc,nmethod  ] GC(32) NMethods: 384 registered, 0 unregistered
[2024-07-21T22:32:34.280+0800][2.269s][gc,metaspace] GC(32) Metaspace: 1M used, 1M committed, 1032M reserved
[2024-07-21T22:32:34.280+0800][2.269s][gc,ref      ] GC(32) Soft: 43 encountered, 0 discovered, 0 enqueued
[2024-07-21T22:32:34.280+0800][2.269s][gc,ref      ] GC(32) Weak: 131 encountered, 107 discovered, 0 enqueued
[2024-07-21T22:32:34.280+0800][2.269s][gc,ref      ] GC(32) Final: 0 encountered, 0 discovered, 0 enqueued
[2024-07-21T22:32:34.280+0800][2.269s][gc,ref      ] GC(32) Phantom: 184 encountered, 98 discovered, 0 enqueued
[2024-07-21T22:32:34.280+0800][2.269s][gc,reloc    ] GC(32) Small Pages: 4 / 8M, Empty: 2M, Relocated: 0M, In-Place: 0
[2024-07-21T22:32:34.280+0800][2.269s][gc,reloc    ] GC(32) Medium Pages: 1 / 4M, Empty: 0M, Relocated: 0M, In-Place: 0
[2024-07-21T22:32:34.280+0800][2.269s][gc,reloc    ] GC(32) Large Pages: 52 / 104M, Empty: 80M, Relocated: 0M, In-Place: 0
[2024-07-21T22:32:34.280+0800][2.269s][gc,reloc    ] GC(32) Forwarding Usage: 0M
[2024-07-21T22:32:34.280+0800][2.269s][gc,heap     ] GC(32) Min Capacity: 8M(6%)
[2024-07-21T22:32:34.280+0800][2.269s][gc,heap     ] GC(32) Max Capacity: 128M(100%)
[2024-07-21T22:32:34.280+0800][2.269s][gc,heap     ] GC(32) Soft Max Capacity: 128M(100%)
[2024-07-21T22:32:34.280+0800][2.269s][gc,heap     ] GC(32)                Mark Start          Mark End        Relocate Start      Relocate End           High               Low         
[2024-07-21T22:32:34.280+0800][2.269s][gc,heap     ] GC(32)  Capacity:      128M (100%)        128M (100%)        128M (100%)        128M (100%)        128M (100%)        128M (100%)   
[2024-07-21T22:32:34.280+0800][2.269s][gc,heap     ] GC(32)      Free:       12M (9%)            0M (0%)           76M (59%)          76M (59%)          82M (64%)           0M (0%)     
[2024-07-21T22:32:34.280+0800][2.269s][gc,heap     ] GC(32)      Used:      116M (91%)         128M (100%)         52M (41%)          52M (41%)         128M (100%)         46M (36%)    
[2024-07-21T22:32:34.280+0800][2.269s][gc,heap     ] GC(32)      Live:         -                28M (22%)          28M (22%)          28M (22%)            -                  -          
[2024-07-21T22:32:34.280+0800][2.269s][gc,heap     ] GC(32) Allocated:         -                12M (9%)           18M (14%)          18M (14%)            -                  -          
[2024-07-21T22:32:34.280+0800][2.269s][gc,heap     ] GC(32)   Garbage:         -                87M (68%)           5M (4%)            5M (4%)             -                  -          
[2024-07-21T22:32:34.280+0800][2.269s][gc,heap     ] GC(32) Reclaimed:         -                  -                82M (64%)          82M (64%)            -                  -          
[2024-07-21T22:32:34.280+0800][2.269s][gc          ] GC(32) Garbage Collection (Allocation Rate) 116M(91%)->52M(41%)
[2024-07-21T22:32:34.353+0800][2.341s][gc,start    ] GC(33) Garbage Collection (Allocation Stall)
[2024-07-21T22:32:34.353+0800][2.342s][gc,ref      ] GC(33) Clearing All SoftReferences
[2024-07-21T22:32:34.353+0800][2.342s][gc,task     ] GC(33) Using 1 workers
[2024-07-21T22:32:34.353+0800][2.342s][gc,phases   ] GC(33) Pause Mark Start 0.008ms
[2024-07-21T22:32:34.358+0800][2.347s][gc,phases   ] GC(33) Concurrent Mark 4.573ms
[2024-07-21T22:32:34.358+0800][2.347s][gc,phases   ] GC(33) Pause Mark End 0.010ms
[2024-07-21T22:32:34.358+0800][2.347s][gc,phases   ] GC(33) Concurrent Mark Free 0.001ms
[2024-07-21T22:32:34.359+0800][2.348s][gc,phases   ] GC(33) Concurrent Process Non-Strong References 1.074ms
[2024-07-21T22:32:34.359+0800][2.348s][gc,phases   ] GC(33) Concurrent Reset Relocation Set 0.001ms
[2024-07-21T22:32:34.362+0800][2.351s][gc          ] Allocation Stall (main) 9.351ms
[2024-07-21T22:32:34.362+0800][2.351s][gc,phases   ] GC(33) Concurrent Select Relocation Set 2.456ms
[2024-07-21T22:32:34.362+0800][2.351s][gc,phases   ] GC(33) Pause Relocate Start 0.011ms
[2024-07-21T22:32:34.362+0800][2.351s][gc,phases   ] GC(33) Concurrent Relocate 0.108ms
[2024-07-21T22:32:34.362+0800][2.351s][gc,load     ] GC(33) Load: 0.00/0.00/0.00
[2024-07-21T22:32:34.362+0800][2.351s][gc,mmu      ] GC(33) MMU: 2ms/96.5%, 5ms/98.4%, 10ms/99.2%, 20ms/99.5%, 50ms/99.8%, 100ms/99.9%
[2024-07-21T22:32:34.362+0800][2.351s][gc,marking  ] GC(33) Mark: 1 stripe(s), 1 proactive flush(es), 1 terminate flush(es), 0 completion(s), 0 continuation(s) 
[2024-07-21T22:32:34.362+0800][2.351s][gc,marking  ] GC(33) Mark Stack Usage: 32M
[2024-07-21T22:32:34.362+0800][2.351s][gc,nmethod  ] GC(33) NMethods: 384 registered, 0 unregistered
[2024-07-21T22:32:34.362+0800][2.351s][gc,metaspace] GC(33) Metaspace: 1M used, 1M committed, 1032M reserved
[2024-07-21T22:32:34.362+0800][2.351s][gc,ref      ] GC(33) Soft: 43 encountered, 20 discovered, 0 enqueued
[2024-07-21T22:32:34.362+0800][2.351s][gc,ref      ] GC(33) Weak: 131 encountered, 107 discovered, 0 enqueued
[2024-07-21T22:32:34.362+0800][2.351s][gc,ref      ] GC(33) Final: 0 encountered, 0 discovered, 0 enqueued
[2024-07-21T22:32:34.362+0800][2.351s][gc,ref      ] GC(33) Phantom: 184 encountered, 98 discovered, 0 enqueued
[2024-07-21T22:32:34.362+0800][2.351s][gc,reloc    ] GC(33) Small Pages: 4 / 8M, Empty: 2M, Relocated: 0M, In-Place: 0
[2024-07-21T22:32:34.362+0800][2.351s][gc,reloc    ] GC(33) Medium Pages: 1 / 4M, Empty: 0M, Relocated: 0M, In-Place: 0
[2024-07-21T22:32:34.362+0800][2.351s][gc,reloc    ] GC(33) Large Pages: 58 / 116M, Empty: 80M, Relocated: 0M, In-Place: 0
[2024-07-21T22:32:34.362+0800][2.351s][gc,reloc    ] GC(33) Forwarding Usage: 0M
[2024-07-21T22:32:34.362+0800][2.351s][gc,heap     ] GC(33) Min Capacity: 8M(6%)
[2024-07-21T22:32:34.362+0800][2.351s][gc,heap     ] GC(33) Max Capacity: 128M(100%)
[2024-07-21T22:32:34.362+0800][2.351s][gc,heap     ] GC(33) Soft Max Capacity: 128M(100%)
[2024-07-21T22:32:34.362+0800][2.351s][gc,heap     ] GC(33)                Mark Start          Mark End        Relocate Start      Relocate End           High               Low         
[2024-07-21T22:32:34.362+0800][2.351s][gc,heap     ] GC(33)  Capacity:      128M (100%)        128M (100%)        128M (100%)        128M (100%)        128M (100%)        128M (100%)   
[2024-07-21T22:32:34.362+0800][2.351s][gc,heap     ] GC(33)      Free:        0M (0%)            0M (0%)           80M (62%)          80M (62%)          82M (64%)           0M (0%)     
[2024-07-21T22:32:34.362+0800][2.351s][gc,heap     ] GC(33)      Used:      128M (100%)        128M (100%)         48M (38%)          48M (38%)         128M (100%)         46M (36%)    
[2024-07-21T22:32:34.363+0800][2.351s][gc,heap     ] GC(33)      Live:         -                40M (32%)          40M (32%)          40M (32%)            -                  -          
[2024-07-21T22:32:34.363+0800][2.351s][gc,heap     ] GC(33) Allocated:         -                 0M (0%)            2M (2%)            2M (2%)             -                  -          
[2024-07-21T22:32:34.363+0800][2.351s][gc,heap     ] GC(33)   Garbage:         -                87M (68%)           5M (4%)            5M (4%)             -                  -          
[2024-07-21T22:32:34.363+0800][2.351s][gc,heap     ] GC(33) Reclaimed:         -                  -                82M (64%)          82M (64%)            -                  -          
[2024-07-21T22:32:34.363+0800][2.352s][gc          ] GC(33) Garbage Collection (Allocation Stall) 128M(100%)->48M(38%)
[2024-07-21T22:32:34.368+0800][2.356s][gc,start    ] GC(34) Garbage Collection (Allocation Rate)
[2024-07-21T22:32:34.368+0800][2.357s][gc,task     ] GC(34) Using 1 workers
[2024-07-21T22:32:34.368+0800][2.357s][gc,phases   ] GC(34) Pause Mark Start 0.009ms
[2024-07-21T22:32:34.371+0800][2.360s][gc,phases   ] GC(34) Concurrent Mark 3.378ms
[2024-07-21T22:32:34.371+0800][2.360s][gc,phases   ] GC(34) Pause Mark End 0.009ms
[2024-07-21T22:32:34.372+0800][2.360s][gc,phases   ] GC(34) Concurrent Mark Free 0.001ms
[2024-07-21T22:32:34.373+0800][2.362s][gc,phases   ] GC(34) Concurrent Process Non-Strong References 1.126ms
[2024-07-21T22:32:34.373+0800][2.362s][gc,phases   ] GC(34) Concurrent Reset Relocation Set 0.001ms
[2024-07-21T22:32:34.376+0800][2.365s][gc,phases   ] GC(34) Concurrent Select Relocation Set 2.959ms
[2024-07-21T22:32:34.376+0800][2.365s][gc,phases   ] GC(34) Pause Relocate Start 0.028ms
[2024-07-21T22:32:34.377+0800][2.366s][gc,phases   ] GC(34) Concurrent Relocate 1.091ms
[2024-07-21T22:32:34.377+0800][2.366s][gc,load     ] GC(34) Load: 0.00/0.00/0.00
[2024-07-21T22:32:34.377+0800][2.366s][gc,mmu      ] GC(34) MMU: 2ms/96.5%, 5ms/98.4%, 10ms/99.2%, 20ms/99.5%, 50ms/99.8%, 100ms/99.9%
[2024-07-21T22:32:34.377+0800][2.366s][gc,marking  ] GC(34) Mark: 1 stripe(s), 1 proactive flush(es), 1 terminate flush(es), 0 completion(s), 0 continuation(s) 
[2024-07-21T22:32:34.377+0800][2.366s][gc,marking  ] GC(34) Mark Stack Usage: 32M
[2024-07-21T22:32:34.377+0800][2.366s][gc,nmethod  ] GC(34) NMethods: 384 registered, 0 unregistered
[2024-07-21T22:32:34.377+0800][2.366s][gc,metaspace] GC(34) Metaspace: 1M used, 1M committed, 1032M reserved
[2024-07-21T22:32:34.377+0800][2.366s][gc,ref      ] GC(34) Soft: 43 encountered, 0 discovered, 0 enqueued
[2024-07-21T22:32:34.378+0800][2.366s][gc,ref      ] GC(34) Weak: 131 encountered, 107 discovered, 0 enqueued
[2024-07-21T22:32:34.378+0800][2.366s][gc,ref      ] GC(34) Final: 0 encountered, 0 discovered, 0 enqueued
[2024-07-21T22:32:34.378+0800][2.366s][gc,ref      ] GC(34) Phantom: 184 encountered, 98 discovered, 0 enqueued
[2024-07-21T22:32:34.378+0800][2.366s][gc,reloc    ] GC(34) Small Pages: 4 / 8M, Empty: 0M, Relocated: 1M, In-Place: 0
[2024-07-21T22:32:34.378+0800][2.366s][gc,reloc    ] GC(34) Medium Pages: 1 / 4M, Empty: 0M, Relocated: 0M, In-Place: 0
[2024-07-21T22:32:34.378+0800][2.366s][gc,reloc    ] GC(34) Large Pages: 20 / 40M, Empty: 40M, Relocated: 0M, In-Place: 0
[2024-07-21T22:32:34.378+0800][2.366s][gc,reloc    ] GC(34) Forwarding Usage: 0M
[2024-07-21T22:32:34.378+0800][2.367s][gc,heap     ] GC(34) Min Capacity: 8M(6%)
[2024-07-21T22:32:34.378+0800][2.367s][gc,heap     ] GC(34) Max Capacity: 128M(100%)
[2024-07-21T22:32:34.378+0800][2.367s][gc,heap     ] GC(34) Soft Max Capacity: 128M(100%)
[2024-07-21T22:32:34.378+0800][2.367s][gc,heap     ] GC(34)                Mark Start          Mark End        Relocate Start      Relocate End           High               Low         
[2024-07-21T22:32:34.378+0800][2.367s][gc,heap     ] GC(34)  Capacity:      128M (100%)        128M (100%)        128M (100%)        128M (100%)        128M (100%)        128M (100%)   
[2024-07-21T22:32:34.378+0800][2.367s][gc,heap     ] GC(34)      Free:       76M (59%)          76M (59%)         116M (91%)         118M (92%)         118M (92%)          76M (59%)    
[2024-07-21T22:32:34.378+0800][2.367s][gc,heap     ] GC(34)      Used:       52M (41%)          52M (41%)          12M (9%)           10M (8%)           52M (41%)          10M (8%)     
[2024-07-21T22:32:34.378+0800][2.367s][gc,heap     ] GC(34)      Live:         -                 4M (4%)            4M (4%)            4M (4%)             -                  -          
[2024-07-21T22:32:34.378+0800][2.367s][gc,heap     ] GC(34) Allocated:         -                 0M (0%)            0M (0%)            0M (0%)             -                  -          
[2024-07-21T22:32:34.378+0800][2.367s][gc,heap     ] GC(34)   Garbage:         -                47M (37%)           7M (6%)            5M (4%)             -                  -          
[2024-07-21T22:32:34.378+0800][2.367s][gc,heap     ] GC(34) Reclaimed:         -                  -                40M (31%)          42M (33%)            -                  -          
[2024-07-21T22:32:34.378+0800][2.367s][gc          ] GC(34) Garbage Collection (Allocation Rate) 52M(41%)->10M(8%)
[2024-07-21T22:32:34.464+0800][2.453s][gc,start    ] GC(35) Garbage Collection (Allocation Stall)
[2024-07-21T22:32:34.464+0800][2.453s][gc,ref      ] GC(35) Clearing All SoftReferences
[2024-07-21T22:32:34.464+0800][2.453s][gc,task     ] GC(35) Using 1 workers
[2024-07-21T22:32:34.464+0800][2.453s][gc,phases   ] GC(35) Pause Mark Start 0.006ms
[2024-07-21T22:32:34.468+0800][2.457s][gc,phases   ] GC(35) Concurrent Mark 3.542ms
[2024-07-21T22:32:34.468+0800][2.457s][gc,phases   ] GC(35) Pause Mark End 0.005ms
[2024-07-21T22:32:34.468+0800][2.457s][gc,phases   ] GC(35) Concurrent Mark Free 0.001ms
[2024-07-21T22:32:34.469+0800][2.458s][gc,phases   ] GC(35) Concurrent Process Non-Strong References 1.054ms
[2024-07-21T22:32:34.470+0800][2.458s][gc,phases   ] GC(35) Concurrent Reset Relocation Set 0.001ms
[2024-07-21T22:32:34.471+0800][2.460s][gc          ] Allocation Stall (main) 6.981ms
[2024-07-21T22:32:34.471+0800][2.460s][gc,phases   ] GC(35) Concurrent Select Relocation Set 1.640ms
[2024-07-21T22:32:34.471+0800][2.460s][gc,phases   ] GC(35) Pause Relocate Start 0.004ms
[2024-07-21T22:32:34.472+0800][2.460s][gc,phases   ] GC(35) Concurrent Relocate 0.031ms
[2024-07-21T22:32:34.472+0800][2.460s][gc,load     ] GC(35) Load: 0.00/0.00/0.00
[2024-07-21T22:32:34.472+0800][2.460s][gc,mmu      ] GC(35) MMU: 2ms/96.5%, 5ms/98.4%, 10ms/99.2%, 20ms/99.5%, 50ms/99.8%, 100ms/99.9%
[2024-07-21T22:32:34.472+0800][2.460s][gc,marking  ] GC(35) Mark: 1 stripe(s), 1 proactive flush(es), 1 terminate flush(es), 0 completion(s), 0 continuation(s) 
[2024-07-21T22:32:34.472+0800][2.460s][gc,marking  ] GC(35) Mark Stack Usage: 32M
[2024-07-21T22:32:34.472+0800][2.460s][gc,nmethod  ] GC(35) NMethods: 384 registered, 0 unregistered
[2024-07-21T22:32:34.472+0800][2.461s][gc,metaspace] GC(35) Metaspace: 1M used, 1M committed, 1032M reserved
[2024-07-21T22:32:34.472+0800][2.461s][gc,ref      ] GC(35) Soft: 43 encountered, 20 discovered, 0 enqueued
[2024-07-21T22:32:34.472+0800][2.461s][gc,ref      ] GC(35) Weak: 131 encountered, 107 discovered, 0 enqueued
[2024-07-21T22:32:34.472+0800][2.461s][gc,ref      ] GC(35) Final: 0 encountered, 0 discovered, 0 enqueued
[2024-07-21T22:32:34.472+0800][2.461s][gc,ref      ] GC(35) Phantom: 184 encountered, 98 discovered, 0 enqueued
[2024-07-21T22:32:34.472+0800][2.461s][gc,reloc    ] GC(35) Small Pages: 4 / 8M, Empty: 2M, Relocated: 0M, In-Place: 0
[2024-07-21T22:32:34.472+0800][2.461s][gc,reloc    ] GC(35) Medium Pages: 1 / 4M, Empty: 0M, Relocated: 0M, In-Place: 0
[2024-07-21T22:32:34.472+0800][2.461s][gc,reloc    ] GC(35) Large Pages: 58 / 116M, Empty: 80M, Relocated: 0M, In-Place: 0
[2024-07-21T22:32:34.472+0800][2.461s][gc,reloc    ] GC(35) Forwarding Usage: 0M
[2024-07-21T22:32:34.472+0800][2.461s][gc,heap     ] GC(35) Min Capacity: 8M(6%)
[2024-07-21T22:32:34.472+0800][2.461s][gc,heap     ] GC(35) Max Capacity: 128M(100%)
[2024-07-21T22:32:34.472+0800][2.461s][gc,heap     ] GC(35) Soft Max Capacity: 128M(100%)
[2024-07-21T22:32:34.472+0800][2.461s][gc,heap     ] GC(35)                Mark Start          Mark End        Relocate Start      Relocate End           High               Low         
[2024-07-21T22:32:34.472+0800][2.461s][gc,heap     ] GC(35)  Capacity:      128M (100%)        128M (100%)        128M (100%)        128M (100%)        128M (100%)        128M (100%)   
[2024-07-21T22:32:34.472+0800][2.461s][gc,heap     ] GC(35)      Free:        0M (0%)            0M (0%)           80M (62%)          80M (62%)          82M (64%)           0M (0%)     
[2024-07-21T22:32:34.472+0800][2.461s][gc,heap     ] GC(35)      Used:      128M (100%)        128M (100%)         48M (38%)          48M (38%)         128M (100%)         46M (36%)    
[2024-07-21T22:32:34.472+0800][2.461s][gc,heap     ] GC(35)      Live:         -                40M (32%)          40M (32%)          40M (32%)            -                  -          
[2024-07-21T22:32:34.472+0800][2.461s][gc,heap     ] GC(35) Allocated:         -                 0M (0%)            2M (2%)            2M (2%)             -                  -          
[2024-07-21T22:32:34.472+0800][2.461s][gc,heap     ] GC(35)   Garbage:         -                87M (68%)           5M (4%)            5M (4%)             -                  -          
[2024-07-21T22:32:34.472+0800][2.461s][gc,heap     ] GC(35) Reclaimed:         -                  -                82M (64%)          82M (64%)            -                  -          
[2024-07-21T22:32:34.472+0800][2.461s][gc          ] GC(35) Garbage Collection (Allocation Stall) 128M(100%)->48M(38%)
[2024-07-21T22:32:34.480+0800][2.468s][gc,start    ] GC(36) Garbage Collection (Allocation Rate)
[2024-07-21T22:32:34.480+0800][2.468s][gc,task     ] GC(36) Using 1 workers
[2024-07-21T22:32:34.480+0800][2.468s][gc,phases   ] GC(36) Pause Mark Start 0.007ms
[2024-07-21T22:32:34.483+0800][2.471s][gc,phases   ] GC(36) Concurrent Mark 3.152ms
[2024-07-21T22:32:34.483+0800][2.472s][gc,phases   ] GC(36) Pause Mark End 0.008ms
[2024-07-21T22:32:34.483+0800][2.472s][gc,phases   ] GC(36) Concurrent Mark Free 0.001ms
[2024-07-21T22:32:34.484+0800][2.473s][gc,phases   ] GC(36) Concurrent Process Non-Strong References 0.978ms
[2024-07-21T22:32:34.484+0800][2.473s][gc,phases   ] GC(36) Concurrent Reset Relocation Set 0.000ms
[2024-07-21T22:32:34.486+0800][2.475s][gc,phases   ] GC(36) Concurrent Select Relocation Set 1.839ms
[2024-07-21T22:32:34.486+0800][2.475s][gc,phases   ] GC(36) Pause Relocate Start 0.004ms
[2024-07-21T22:32:34.487+0800][2.475s][gc,phases   ] GC(36) Concurrent Relocate 0.573ms
[2024-07-21T22:32:34.487+0800][2.475s][gc,load     ] GC(36) Load: 0.00/0.00/0.00
[2024-07-21T22:32:34.487+0800][2.475s][gc,mmu      ] GC(36) MMU: 2ms/96.5%, 5ms/98.4%, 10ms/99.2%, 20ms/99.5%, 50ms/99.8%, 100ms/99.9%
[2024-07-21T22:32:34.487+0800][2.475s][gc,marking  ] GC(36) Mark: 1 stripe(s), 1 proactive flush(es), 1 terminate flush(es), 0 completion(s), 0 continuation(s) 
[2024-07-21T22:32:34.487+0800][2.475s][gc,marking  ] GC(36) Mark Stack Usage: 32M
[2024-07-21T22:32:34.487+0800][2.476s][gc,nmethod  ] GC(36) NMethods: 384 registered, 0 unregistered
[2024-07-21T22:32:34.487+0800][2.476s][gc,metaspace] GC(36) Metaspace: 1M used, 1M committed, 1032M reserved
[2024-07-21T22:32:34.487+0800][2.476s][gc,ref      ] GC(36) Soft: 43 encountered, 0 discovered, 0 enqueued
[2024-07-21T22:32:34.487+0800][2.476s][gc,ref      ] GC(36) Weak: 131 encountered, 107 discovered, 0 enqueued
[2024-07-21T22:32:34.487+0800][2.476s][gc,ref      ] GC(36) Final: 0 encountered, 0 discovered, 0 enqueued
[2024-07-21T22:32:34.487+0800][2.476s][gc,ref      ] GC(36) Phantom: 184 encountered, 98 discovered, 0 enqueued
[2024-07-21T22:32:34.487+0800][2.476s][gc,reloc    ] GC(36) Small Pages: 4 / 8M, Empty: 0M, Relocated: 1M, In-Place: 0
[2024-07-21T22:32:34.487+0800][2.476s][gc,reloc    ] GC(36) Medium Pages: 1 / 4M, Empty: 0M, Relocated: 0M, In-Place: 0
[2024-07-21T22:32:34.487+0800][2.476s][gc,reloc    ] GC(36) Large Pages: 20 / 40M, Empty: 40M, Relocated: 0M, In-Place: 0
[2024-07-21T22:32:34.487+0800][2.476s][gc,reloc    ] GC(36) Forwarding Usage: 0M
[2024-07-21T22:32:34.487+0800][2.476s][gc,heap     ] GC(36) Min Capacity: 8M(6%)
[2024-07-21T22:32:34.487+0800][2.476s][gc,heap     ] GC(36) Max Capacity: 128M(100%)
[2024-07-21T22:32:34.487+0800][2.476s][gc,heap     ] GC(36) Soft Max Capacity: 128M(100%)
[2024-07-21T22:32:34.487+0800][2.476s][gc,heap     ] GC(36)                Mark Start          Mark End        Relocate Start      Relocate End           High               Low         
[2024-07-21T22:32:34.487+0800][2.476s][gc,heap     ] GC(36)  Capacity:      128M (100%)        128M (100%)        128M (100%)        128M (100%)        128M (100%)        128M (100%)   
[2024-07-21T22:32:34.487+0800][2.476s][gc,heap     ] GC(36)      Free:       76M (59%)          76M (59%)         116M (91%)         118M (92%)         118M (92%)          76M (59%)    
[2024-07-21T22:32:34.487+0800][2.476s][gc,heap     ] GC(36)      Used:       52M (41%)          52M (41%)          12M (9%)           10M (8%)           52M (41%)          10M (8%)     
[2024-07-21T22:32:34.487+0800][2.476s][gc,heap     ] GC(36)      Live:         -                 4M (4%)            4M (4%)            4M (4%)             -                  -          
[2024-07-21T22:32:34.487+0800][2.476s][gc,heap     ] GC(36) Allocated:         -                 0M (0%)            0M (0%)            0M (0%)             -                  -          
[2024-07-21T22:32:34.487+0800][2.476s][gc,heap     ] GC(36)   Garbage:         -                47M (37%)           7M (6%)            5M (4%)             -                  -          
[2024-07-21T22:32:34.487+0800][2.476s][gc,heap     ] GC(36) Reclaimed:         -                  -                40M (31%)          42M (33%)            -                  -          
[2024-07-21T22:32:34.487+0800][2.476s][gc          ] GC(36) Garbage Collection (Allocation Rate) 52M(41%)->10M(8%)
[2024-07-21T22:32:34.575+0800][2.564s][gc,start    ] GC(37) Garbage Collection (Allocation Rate)
[2024-07-21T22:32:34.575+0800][2.564s][gc,task     ] GC(37) Using 1 workers
[2024-07-21T22:32:34.575+0800][2.564s][gc,phases   ] GC(37) Pause Mark Start 0.019ms
[2024-07-21T22:32:34.579+0800][2.568s][gc,phases   ] GC(37) Concurrent Mark 4.025ms
[2024-07-21T22:32:34.580+0800][2.568s][gc,phases   ] GC(37) Pause Mark End 0.010ms
[2024-07-21T22:32:34.580+0800][2.569s][gc,phases   ] GC(37) Concurrent Mark Free 0.001ms
[2024-07-21T22:32:34.581+0800][2.570s][gc,phases   ] GC(37) Concurrent Process Non-Strong References 0.936ms
[2024-07-21T22:32:34.581+0800][2.570s][gc,phases   ] GC(37) Concurrent Reset Relocation Set 0.002ms
[2024-07-21T22:32:34.584+0800][2.572s][gc          ] Allocation Stall (main) 6.653ms
[2024-07-21T22:32:34.584+0800][2.572s][gc,phases   ] GC(37) Concurrent Select Relocation Set 2.430ms
[2024-07-21T22:32:34.584+0800][2.572s][gc,phases   ] GC(37) Pause Relocate Start 0.008ms
[2024-07-21T22:32:34.584+0800][2.572s][gc,phases   ] GC(37) Concurrent Relocate 0.029ms
[2024-07-21T22:32:34.584+0800][2.572s][gc,load     ] GC(37) Load: 0.00/0.00/0.00
[2024-07-21T22:32:34.584+0800][2.572s][gc,mmu      ] GC(37) MMU: 2ms/96.5%, 5ms/98.4%, 10ms/99.2%, 20ms/99.5%, 50ms/99.8%, 100ms/99.9%
[2024-07-21T22:32:34.584+0800][2.572s][gc,marking  ] GC(37) Mark: 1 stripe(s), 2 proactive flush(es), 1 terminate flush(es), 0 completion(s), 0 continuation(s) 
[2024-07-21T22:32:34.584+0800][2.573s][gc,marking  ] GC(37) Mark Stack Usage: 32M
[2024-07-21T22:32:34.584+0800][2.573s][gc,nmethod  ] GC(37) NMethods: 384 registered, 0 unregistered
[2024-07-21T22:32:34.584+0800][2.573s][gc,metaspace] GC(37) Metaspace: 1M used, 1M committed, 1032M reserved
[2024-07-21T22:32:34.584+0800][2.573s][gc,ref      ] GC(37) Soft: 43 encountered, 0 discovered, 0 enqueued
[2024-07-21T22:32:34.584+0800][2.573s][gc,ref      ] GC(37) Weak: 131 encountered, 107 discovered, 0 enqueued
[2024-07-21T22:32:34.584+0800][2.573s][gc,ref      ] GC(37) Final: 0 encountered, 0 discovered, 0 enqueued
[2024-07-21T22:32:34.584+0800][2.573s][gc,ref      ] GC(37) Phantom: 184 encountered, 98 discovered, 0 enqueued
[2024-07-21T22:32:34.584+0800][2.573s][gc,reloc    ] GC(37) Small Pages: 4 / 8M, Empty: 2M, Relocated: 0M, In-Place: 0
[2024-07-21T22:32:34.584+0800][2.573s][gc,reloc    ] GC(37) Medium Pages: 1 / 4M, Empty: 0M, Relocated: 0M, In-Place: 0
[2024-07-21T22:32:34.584+0800][2.573s][gc,reloc    ] GC(37) Large Pages: 52 / 104M, Empty: 80M, Relocated: 0M, In-Place: 0
[2024-07-21T22:32:34.584+0800][2.573s][gc,reloc    ] GC(37) Forwarding Usage: 0M
[2024-07-21T22:32:34.584+0800][2.573s][gc,heap     ] GC(37) Min Capacity: 8M(6%)
[2024-07-21T22:32:34.584+0800][2.573s][gc,heap     ] GC(37) Max Capacity: 128M(100%)
[2024-07-21T22:32:34.584+0800][2.573s][gc,heap     ] GC(37) Soft Max Capacity: 128M(100%)
[2024-07-21T22:32:34.584+0800][2.573s][gc,heap     ] GC(37)                Mark Start          Mark End        Relocate Start      Relocate End           High               Low         
[2024-07-21T22:32:34.584+0800][2.573s][gc,heap     ] GC(37)  Capacity:      128M (100%)        128M (100%)        128M (100%)        128M (100%)        128M (100%)        128M (100%)   
[2024-07-21T22:32:34.584+0800][2.573s][gc,heap     ] GC(37)      Free:       12M (9%)            0M (0%)           80M (62%)          80M (62%)          82M (64%)           0M (0%)     
[2024-07-21T22:32:34.584+0800][2.573s][gc,heap     ] GC(37)      Used:      116M (91%)         128M (100%)         48M (38%)          48M (38%)         128M (100%)         46M (36%)    
[2024-07-21T22:32:34.584+0800][2.573s][gc,heap     ] GC(37)      Live:         -                28M (22%)          28M (22%)          28M (22%)            -                  -          
[2024-07-21T22:32:34.584+0800][2.573s][gc,heap     ] GC(37) Allocated:         -                12M (9%)           14M (11%)          14M (11%)            -                  -          
[2024-07-21T22:32:34.584+0800][2.573s][gc,heap     ] GC(37)   Garbage:         -                87M (68%)           5M (4%)            5M (4%)             -                  -          
[2024-07-21T22:32:34.584+0800][2.573s][gc,heap     ] GC(37) Reclaimed:         -                  -                82M (64%)          82M (64%)            -                  -          
[2024-07-21T22:32:34.584+0800][2.573s][gc          ] GC(37) Garbage Collection (Allocation Rate) 116M(91%)->48M(38%)
[2024-07-21T22:32:34.657+0800][2.645s][gc,start    ] GC(38) Garbage Collection (Allocation Stall)
[2024-07-21T22:32:34.657+0800][2.646s][gc,ref      ] GC(38) Clearing All SoftReferences
[2024-07-21T22:32:34.657+0800][2.646s][gc,task     ] GC(38) Using 1 workers
[2024-07-21T22:32:34.657+0800][2.646s][gc,phases   ] GC(38) Pause Mark Start 0.014ms
[2024-07-21T22:32:34.662+0800][2.650s][gc,phases   ] GC(38) Concurrent Mark 4.478ms
[2024-07-21T22:32:34.662+0800][2.651s][gc,phases   ] GC(38) Pause Mark End 0.010ms
[2024-07-21T22:32:34.662+0800][2.651s][gc,phases   ] GC(38) Concurrent Mark Free 0.001ms
[2024-07-21T22:32:34.663+0800][2.652s][gc,phases   ] GC(38) Concurrent Process Non-Strong References 1.138ms
[2024-07-21T22:32:34.663+0800][2.652s][gc,phases   ] GC(38) Concurrent Reset Relocation Set 0.001ms
[2024-07-21T22:32:34.667+0800][2.655s][gc          ] Allocation Stall (main) 10.142ms
[2024-07-21T22:32:34.667+0800][2.655s][gc,phases   ] GC(38) Concurrent Select Relocation Set 3.504ms
[2024-07-21T22:32:34.667+0800][2.656s][gc,phases   ] GC(38) Pause Relocate Start 0.011ms
[2024-07-21T22:32:34.667+0800][2.656s][gc,phases   ] GC(38) Concurrent Relocate 0.108ms
[2024-07-21T22:32:34.667+0800][2.656s][gc,load     ] GC(38) Load: 0.00/0.00/0.00
[2024-07-21T22:32:34.667+0800][2.656s][gc,mmu      ] GC(38) MMU: 2ms/96.5%, 5ms/98.4%, 10ms/99.2%, 20ms/99.5%, 50ms/99.8%, 100ms/99.9%
[2024-07-21T22:32:34.667+0800][2.656s][gc,marking  ] GC(38) Mark: 1 stripe(s), 1 proactive flush(es), 1 terminate flush(es), 0 completion(s), 0 continuation(s) 
[2024-07-21T22:32:34.667+0800][2.656s][gc,marking  ] GC(38) Mark Stack Usage: 32M
[2024-07-21T22:32:34.667+0800][2.656s][gc,nmethod  ] GC(38) NMethods: 387 registered, 0 unregistered
[2024-07-21T22:32:34.667+0800][2.656s][gc,metaspace] GC(38) Metaspace: 1M used, 1M committed, 1032M reserved
[2024-07-21T22:32:34.667+0800][2.656s][gc,ref      ] GC(38) Soft: 43 encountered, 20 discovered, 0 enqueued
[2024-07-21T22:32:34.667+0800][2.656s][gc,ref      ] GC(38) Weak: 131 encountered, 107 discovered, 0 enqueued
[2024-07-21T22:32:34.667+0800][2.656s][gc,ref      ] GC(38) Final: 0 encountered, 0 discovered, 0 enqueued
[2024-07-21T22:32:34.667+0800][2.656s][gc,ref      ] GC(38) Phantom: 184 encountered, 98 discovered, 0 enqueued
[2024-07-21T22:32:34.667+0800][2.656s][gc,reloc    ] GC(38) Small Pages: 4 / 8M, Empty: 2M, Relocated: 0M, In-Place: 0
[2024-07-21T22:32:34.667+0800][2.656s][gc,reloc    ] GC(38) Medium Pages: 1 / 4M, Empty: 0M, Relocated: 0M, In-Place: 0
[2024-07-21T22:32:34.667+0800][2.656s][gc,reloc    ] GC(38) Large Pages: 58 / 116M, Empty: 80M, Relocated: 0M, In-Place: 0
[2024-07-21T22:32:34.667+0800][2.656s][gc,reloc    ] GC(38) Forwarding Usage: 0M
[2024-07-21T22:32:34.667+0800][2.656s][gc,heap     ] GC(38) Min Capacity: 8M(6%)
[2024-07-21T22:32:34.667+0800][2.656s][gc,heap     ] GC(38) Max Capacity: 128M(100%)
[2024-07-21T22:32:34.667+0800][2.656s][gc,heap     ] GC(38) Soft Max Capacity: 128M(100%)
[2024-07-21T22:32:34.667+0800][2.656s][gc,heap     ] GC(38)                Mark Start          Mark End        Relocate Start      Relocate End           High               Low         
[2024-07-21T22:32:34.667+0800][2.656s][gc,heap     ] GC(38)  Capacity:      128M (100%)        128M (100%)        128M (100%)        128M (100%)        128M (100%)        128M (100%)   
[2024-07-21T22:32:34.667+0800][2.656s][gc,heap     ] GC(38)      Free:        0M (0%)            0M (0%)           80M (62%)          80M (62%)          82M (64%)           0M (0%)     
[2024-07-21T22:32:34.667+0800][2.656s][gc,heap     ] GC(38)      Used:      128M (100%)        128M (100%)         48M (38%)          48M (38%)         128M (100%)         46M (36%)    
[2024-07-21T22:32:34.667+0800][2.656s][gc,heap     ] GC(38)      Live:         -                40M (32%)          40M (32%)          40M (32%)            -                  -          
[2024-07-21T22:32:34.667+0800][2.656s][gc,heap     ] GC(38) Allocated:         -                 0M (0%)            2M (2%)            2M (2%)             -                  -          
[2024-07-21T22:32:34.667+0800][2.656s][gc,heap     ] GC(38)   Garbage:         -                87M (68%)           5M (4%)            5M (4%)             -                  -          
[2024-07-21T22:32:34.667+0800][2.656s][gc,heap     ] GC(38) Reclaimed:         -                  -                82M (64%)          82M (64%)            -                  -          
[2024-07-21T22:32:34.667+0800][2.656s][gc          ] GC(38) Garbage Collection (Allocation Stall) 128M(100%)->48M(38%)
[2024-07-21T22:32:34.671+0800][2.659s][gc,start    ] GC(39) Garbage Collection (Allocation Rate)
[2024-07-21T22:32:34.671+0800][2.659s][gc,task     ] GC(39) Using 1 workers
[2024-07-21T22:32:34.671+0800][2.659s][gc,phases   ] GC(39) Pause Mark Start 0.007ms
[2024-07-21T22:32:34.674+0800][2.663s][gc,phases   ] GC(39) Concurrent Mark 4.133ms
[2024-07-21T22:32:34.675+0800][2.664s][gc,phases   ] GC(39) Pause Mark End 0.022ms
[2024-07-21T22:32:34.675+0800][2.664s][gc,phases   ] GC(39) Concurrent Mark Free 0.001ms
[2024-07-21T22:32:34.676+0800][2.665s][gc,phases   ] GC(39) Concurrent Process Non-Strong References 1.077ms
[2024-07-21T22:32:34.676+0800][2.665s][gc,phases   ] GC(39) Concurrent Reset Relocation Set 0.000ms
[2024-07-21T22:32:34.679+0800][2.667s][gc,phases   ] GC(39) Concurrent Select Relocation Set 1.878ms
[2024-07-21T22:32:34.679+0800][2.667s][gc,phases   ] GC(39) Pause Relocate Start 0.005ms
[2024-07-21T22:32:34.680+0800][2.668s][gc,phases   ] GC(39) Concurrent Relocate 0.622ms
[2024-07-21T22:32:34.680+0800][2.668s][gc,load     ] GC(39) Load: 0.00/0.00/0.00
[2024-07-21T22:32:34.680+0800][2.668s][gc,mmu      ] GC(39) MMU: 2ms/96.5%, 5ms/98.4%, 10ms/99.2%, 20ms/99.5%, 50ms/99.8%, 100ms/99.9%
[2024-07-21T22:32:34.680+0800][2.668s][gc,marking  ] GC(39) Mark: 1 stripe(s), 1 proactive flush(es), 1 terminate flush(es), 0 completion(s), 0 continuation(s) 
[2024-07-21T22:32:34.680+0800][2.668s][gc,marking  ] GC(39) Mark Stack Usage: 32M
[2024-07-21T22:32:34.680+0800][2.668s][gc,nmethod  ] GC(39) NMethods: 390 registered, 0 unregistered
[2024-07-21T22:32:34.680+0800][2.668s][gc,metaspace] GC(39) Metaspace: 1M used, 1M committed, 1032M reserved
[2024-07-21T22:32:34.680+0800][2.668s][gc,ref      ] GC(39) Soft: 43 encountered, 0 discovered, 0 enqueued
[2024-07-21T22:32:34.680+0800][2.668s][gc,ref      ] GC(39) Weak: 131 encountered, 107 discovered, 0 enqueued
[2024-07-21T22:32:34.680+0800][2.668s][gc,ref      ] GC(39) Final: 0 encountered, 0 discovered, 0 enqueued
[2024-07-21T22:32:34.680+0800][2.668s][gc,ref      ] GC(39) Phantom: 184 encountered, 98 discovered, 0 enqueued
[2024-07-21T22:32:34.680+0800][2.668s][gc,reloc    ] GC(39) Small Pages: 4 / 8M, Empty: 0M, Relocated: 1M, In-Place: 0
[2024-07-21T22:32:34.680+0800][2.668s][gc,reloc    ] GC(39) Medium Pages: 1 / 4M, Empty: 0M, Relocated: 0M, In-Place: 0
[2024-07-21T22:32:34.680+0800][2.668s][gc,reloc    ] GC(39) Large Pages: 20 / 40M, Empty: 40M, Relocated: 0M, In-Place: 0
[2024-07-21T22:32:34.680+0800][2.668s][gc,reloc    ] GC(39) Forwarding Usage: 0M
[2024-07-21T22:32:34.680+0800][2.668s][gc,heap     ] GC(39) Min Capacity: 8M(6%)
[2024-07-21T22:32:34.680+0800][2.668s][gc,heap     ] GC(39) Max Capacity: 128M(100%)
[2024-07-21T22:32:34.680+0800][2.668s][gc,heap     ] GC(39) Soft Max Capacity: 128M(100%)
[2024-07-21T22:32:34.680+0800][2.668s][gc,heap     ] GC(39)                Mark Start          Mark End        Relocate Start      Relocate End           High               Low         
[2024-07-21T22:32:34.680+0800][2.668s][gc,heap     ] GC(39)  Capacity:      128M (100%)        128M (100%)        128M (100%)        128M (100%)        128M (100%)        128M (100%)   
[2024-07-21T22:32:34.680+0800][2.668s][gc,heap     ] GC(39)      Free:       76M (59%)          76M (59%)         116M (91%)         118M (92%)         118M (92%)          76M (59%)    
[2024-07-21T22:32:34.680+0800][2.668s][gc,heap     ] GC(39)      Used:       52M (41%)          52M (41%)          12M (9%)           10M (8%)           52M (41%)          10M (8%)     
[2024-07-21T22:32:34.680+0800][2.668s][gc,heap     ] GC(39)      Live:         -                 4M (4%)            4M (4%)            4M (4%)             -                  -          
[2024-07-21T22:32:34.680+0800][2.668s][gc,heap     ] GC(39) Allocated:         -                 0M (0%)            0M (0%)            0M (0%)             -                  -          
[2024-07-21T22:32:34.680+0800][2.668s][gc,heap     ] GC(39)   Garbage:         -                47M (37%)           7M (6%)            5M (4%)             -                  -          
[2024-07-21T22:32:34.680+0800][2.668s][gc,heap     ] GC(39) Reclaimed:         -                  -                40M (31%)          42M (33%)            -                  -          
[2024-07-21T22:32:34.680+0800][2.668s][gc          ] GC(39) Garbage Collection (Allocation Rate) 52M(41%)->10M(8%)
[2024-07-21T22:32:34.768+0800][2.756s][gc,start    ] GC(40) Garbage Collection (Allocation Stall)
[2024-07-21T22:32:34.768+0800][2.756s][gc,ref      ] GC(40) Clearing All SoftReferences
[2024-07-21T22:32:34.768+0800][2.756s][gc,task     ] GC(40) Using 1 workers
[2024-07-21T22:32:34.768+0800][2.757s][gc,phases   ] GC(40) Pause Mark Start 0.006ms
[2024-07-21T22:32:34.771+0800][2.760s][gc,phases   ] GC(40) Concurrent Mark 3.508ms
[2024-07-21T22:32:34.772+0800][2.760s][gc,phases   ] GC(40) Pause Mark End 0.010ms
[2024-07-21T22:32:34.772+0800][2.761s][gc,phases   ] GC(40) Concurrent Mark Free 0.001ms
[2024-07-21T22:32:34.773+0800][2.762s][gc,phases   ] GC(40) Concurrent Process Non-Strong References 1.002ms
[2024-07-21T22:32:34.773+0800][2.762s][gc,phases   ] GC(40) Concurrent Reset Relocation Set 0.001ms
[2024-07-21T22:32:34.775+0800][2.763s][gc          ] Allocation Stall (main) 7.107ms
[2024-07-21T22:32:34.775+0800][2.763s][gc,phases   ] GC(40) Concurrent Select Relocation Set 1.830ms
[2024-07-21T22:32:34.775+0800][2.764s][gc,phases   ] GC(40) Pause Relocate Start 0.004ms
[2024-07-21T22:32:34.775+0800][2.764s][gc,phases   ] GC(40) Concurrent Relocate 0.113ms
[2024-07-21T22:32:34.775+0800][2.764s][gc,load     ] GC(40) Load: 0.00/0.00/0.00
[2024-07-21T22:32:34.775+0800][2.764s][gc,mmu      ] GC(40) MMU: 2ms/96.5%, 5ms/98.4%, 10ms/99.2%, 20ms/99.5%, 50ms/99.8%, 100ms/99.9%
[2024-07-21T22:32:34.775+0800][2.764s][gc,marking  ] GC(40) Mark: 1 stripe(s), 1 proactive flush(es), 1 terminate flush(es), 0 completion(s), 0 continuation(s) 
[2024-07-21T22:32:34.775+0800][2.764s][gc,marking  ] GC(40) Mark Stack Usage: 32M
[2024-07-21T22:32:34.775+0800][2.764s][gc,nmethod  ] GC(40) NMethods: 390 registered, 0 unregistered
[2024-07-21T22:32:34.775+0800][2.764s][gc,metaspace] GC(40) Metaspace: 1M used, 1M committed, 1032M reserved
[2024-07-21T22:32:34.775+0800][2.764s][gc,ref      ] GC(40) Soft: 43 encountered, 20 discovered, 0 enqueued
[2024-07-21T22:32:34.775+0800][2.764s][gc,ref      ] GC(40) Weak: 131 encountered, 107 discovered, 0 enqueued
[2024-07-21T22:32:34.775+0800][2.764s][gc,ref      ] GC(40) Final: 0 encountered, 0 discovered, 0 enqueued
[2024-07-21T22:32:34.775+0800][2.764s][gc,ref      ] GC(40) Phantom: 184 encountered, 98 discovered, 0 enqueued
[2024-07-21T22:32:34.775+0800][2.764s][gc,reloc    ] GC(40) Small Pages: 4 / 8M, Empty: 2M, Relocated: 0M, In-Place: 0
[2024-07-21T22:32:34.775+0800][2.764s][gc,reloc    ] GC(40) Medium Pages: 1 / 4M, Empty: 0M, Relocated: 0M, In-Place: 0
[2024-07-21T22:32:34.775+0800][2.764s][gc,reloc    ] GC(40) Large Pages: 58 / 116M, Empty: 80M, Relocated: 0M, In-Place: 0
[2024-07-21T22:32:34.775+0800][2.764s][gc,reloc    ] GC(40) Forwarding Usage: 0M
[2024-07-21T22:32:34.775+0800][2.764s][gc,heap     ] GC(40) Min Capacity: 8M(6%)
[2024-07-21T22:32:34.775+0800][2.764s][gc,heap     ] GC(40) Max Capacity: 128M(100%)
[2024-07-21T22:32:34.775+0800][2.764s][gc,heap     ] GC(40) Soft Max Capacity: 128M(100%)
[2024-07-21T22:32:34.775+0800][2.764s][gc,heap     ] GC(40)                Mark Start          Mark End        Relocate Start      Relocate End           High               Low         
[2024-07-21T22:32:34.775+0800][2.764s][gc,heap     ] GC(40)  Capacity:      128M (100%)        128M (100%)        128M (100%)        128M (100%)        128M (100%)        128M (100%)   
[2024-07-21T22:32:34.775+0800][2.764s][gc,heap     ] GC(40)      Free:        0M (0%)            0M (0%)           76M (59%)          76M (59%)          82M (64%)           0M (0%)     
[2024-07-21T22:32:34.775+0800][2.764s][gc,heap     ] GC(40)      Used:      128M (100%)        128M (100%)         52M (41%)          52M (41%)         128M (100%)         46M (36%)    
[2024-07-21T22:32:34.775+0800][2.764s][gc,heap     ] GC(40)      Live:         -                40M (32%)          40M (32%)          40M (32%)            -                  -          
[2024-07-21T22:32:34.775+0800][2.764s][gc,heap     ] GC(40) Allocated:         -                 0M (0%)            6M (5%)            6M (5%)             -                  -          
[2024-07-21T22:32:34.775+0800][2.764s][gc,heap     ] GC(40)   Garbage:         -                87M (68%)           5M (4%)            5M (4%)             -                  -          
[2024-07-21T22:32:34.775+0800][2.764s][gc,heap     ] GC(40) Reclaimed:         -                  -                82M (64%)          82M (64%)            -                  -          
[2024-07-21T22:32:34.775+0800][2.764s][gc          ] GC(40) Garbage Collection (Allocation Stall) 128M(100%)->52M(41%)
[2024-07-21T22:32:34.782+0800][2.770s][gc,start    ] GC(41) Garbage Collection (Allocation Rate)
[2024-07-21T22:32:34.782+0800][2.770s][gc,task     ] GC(41) Using 1 workers
[2024-07-21T22:32:34.782+0800][2.770s][gc,phases   ] GC(41) Pause Mark Start 0.006ms
[2024-07-21T22:32:34.784+0800][2.773s][gc,phases   ] GC(41) Concurrent Mark 3.067ms
[2024-07-21T22:32:34.785+0800][2.774s][gc,phases   ] GC(41) Pause Mark End 0.006ms
[2024-07-21T22:32:34.785+0800][2.774s][gc,phases   ] GC(41) Concurrent Mark Free 0.001ms
[2024-07-21T22:32:34.786+0800][2.775s][gc,phases   ] GC(41) Concurrent Process Non-Strong References 1.104ms
[2024-07-21T22:32:34.786+0800][2.775s][gc,phases   ] GC(41) Concurrent Reset Relocation Set 0.001ms
[2024-07-21T22:32:34.789+0800][2.777s][gc,phases   ] GC(41) Concurrent Select Relocation Set 2.348ms
[2024-07-21T22:32:34.789+0800][2.777s][gc,phases   ] GC(41) Pause Relocate Start 0.008ms
[2024-07-21T22:32:34.789+0800][2.778s][gc,phases   ] GC(41) Concurrent Relocate 0.683ms
[2024-07-21T22:32:34.789+0800][2.778s][gc,load     ] GC(41) Load: 0.00/0.00/0.00
[2024-07-21T22:32:34.789+0800][2.778s][gc,mmu      ] GC(41) MMU: 2ms/96.5%, 5ms/98.4%, 10ms/99.2%, 20ms/99.5%, 50ms/99.8%, 100ms/99.9%
[2024-07-21T22:32:34.789+0800][2.778s][gc,marking  ] GC(41) Mark: 1 stripe(s), 1 proactive flush(es), 1 terminate flush(es), 0 completion(s), 0 continuation(s) 
[2024-07-21T22:32:34.789+0800][2.778s][gc,marking  ] GC(41) Mark Stack Usage: 32M
[2024-07-21T22:32:34.789+0800][2.778s][gc,nmethod  ] GC(41) NMethods: 390 registered, 0 unregistered
[2024-07-21T22:32:34.789+0800][2.778s][gc,metaspace] GC(41) Metaspace: 1M used, 1M committed, 1032M reserved
[2024-07-21T22:32:34.789+0800][2.778s][gc,ref      ] GC(41) Soft: 43 encountered, 0 discovered, 0 enqueued
[2024-07-21T22:32:34.789+0800][2.778s][gc,ref      ] GC(41) Weak: 131 encountered, 107 discovered, 0 enqueued
[2024-07-21T22:32:34.789+0800][2.778s][gc,ref      ] GC(41) Final: 0 encountered, 0 discovered, 0 enqueued
[2024-07-21T22:32:34.789+0800][2.778s][gc,ref      ] GC(41) Phantom: 184 encountered, 98 discovered, 0 enqueued
[2024-07-21T22:32:34.789+0800][2.778s][gc,reloc    ] GC(41) Small Pages: 4 / 8M, Empty: 0M, Relocated: 1M, In-Place: 0
[2024-07-21T22:32:34.789+0800][2.778s][gc,reloc    ] GC(41) Medium Pages: 1 / 4M, Empty: 0M, Relocated: 0M, In-Place: 0
[2024-07-21T22:32:34.790+0800][2.778s][gc,reloc    ] GC(41) Large Pages: 20 / 40M, Empty: 40M, Relocated: 0M, In-Place: 0
[2024-07-21T22:32:34.790+0800][2.778s][gc,reloc    ] GC(41) Forwarding Usage: 0M
[2024-07-21T22:32:34.790+0800][2.778s][gc,heap     ] GC(41) Min Capacity: 8M(6%)
[2024-07-21T22:32:34.790+0800][2.778s][gc,heap     ] GC(41) Max Capacity: 128M(100%)
[2024-07-21T22:32:34.790+0800][2.779s][gc,heap     ] GC(41) Soft Max Capacity: 128M(100%)
[2024-07-21T22:32:34.790+0800][2.779s][gc,heap     ] GC(41)                Mark Start          Mark End        Relocate Start      Relocate End           High               Low         
[2024-07-21T22:32:34.790+0800][2.779s][gc,heap     ] GC(41)  Capacity:      128M (100%)        128M (100%)        128M (100%)        128M (100%)        128M (100%)        128M (100%)   
[2024-07-21T22:32:34.790+0800][2.779s][gc,heap     ] GC(41)      Free:       76M (59%)          76M (59%)         116M (91%)         118M (92%)         118M (92%)          76M (59%)    
[2024-07-21T22:32:34.790+0800][2.779s][gc,heap     ] GC(41)      Used:       52M (41%)          52M (41%)          12M (9%)           10M (8%)           52M (41%)          10M (8%)     
[2024-07-21T22:32:34.790+0800][2.779s][gc,heap     ] GC(41)      Live:         -                 4M (4%)            4M (4%)            4M (4%)             -                  -          
[2024-07-21T22:32:34.790+0800][2.779s][gc,heap     ] GC(41) Allocated:         -                 0M (0%)            0M (0%)            0M (0%)             -                  -          
[2024-07-21T22:32:34.790+0800][2.779s][gc,heap     ] GC(41)   Garbage:         -                47M (37%)           7M (6%)            5M (4%)             -                  -          
[2024-07-21T22:32:34.790+0800][2.779s][gc,heap     ] GC(41) Reclaimed:         -                  -                40M (31%)          42M (33%)            -                  -          
[2024-07-21T22:32:34.790+0800][2.779s][gc          ] GC(41) Garbage Collection (Allocation Rate) 52M(41%)->10M(8%)
[2024-07-21T22:32:34.878+0800][2.866s][gc,start    ] GC(42) Garbage Collection (Allocation Rate)
[2024-07-21T22:32:34.878+0800][2.866s][gc,task     ] GC(42) Using 1 workers
[2024-07-21T22:32:34.878+0800][2.866s][gc,phases   ] GC(42) Pause Mark Start 0.007ms
[2024-07-21T22:32:34.882+0800][2.871s][gc,phases   ] GC(42) Concurrent Mark 5.119ms
[2024-07-21T22:32:34.882+0800][2.871s][gc,phases   ] GC(42) Pause Mark End 0.010ms
[2024-07-21T22:32:34.883+0800][2.871s][gc,phases   ] GC(42) Concurrent Mark Free 0.001ms
[2024-07-21T22:32:34.884+0800][2.873s][gc,phases   ] GC(42) Concurrent Process Non-Strong References 1.168ms
[2024-07-21T22:32:34.884+0800][2.873s][gc,phases   ] GC(42) Concurrent Reset Relocation Set 0.001ms
[2024-07-21T22:32:34.887+0800][2.875s][gc          ] Allocation Stall (main) 7.703ms
[2024-07-21T22:32:34.887+0800][2.875s][gc,phases   ] GC(42) Concurrent Select Relocation Set 2.317ms
[2024-07-21T22:32:34.887+0800][2.875s][gc,phases   ] GC(42) Pause Relocate Start 0.009ms
[2024-07-21T22:32:34.887+0800][2.876s][gc,phases   ] GC(42) Concurrent Relocate 0.074ms
[2024-07-21T22:32:34.887+0800][2.876s][gc,load     ] GC(42) Load: 0.00/0.00/0.00
[2024-07-21T22:32:34.887+0800][2.876s][gc,mmu      ] GC(42) MMU: 2ms/96.5%, 5ms/98.4%, 10ms/99.2%, 20ms/99.5%, 50ms/99.8%, 100ms/99.9%
[2024-07-21T22:32:34.887+0800][2.876s][gc,marking  ] GC(42) Mark: 1 stripe(s), 2 proactive flush(es), 1 terminate flush(es), 0 completion(s), 0 continuation(s) 
[2024-07-21T22:32:34.887+0800][2.876s][gc,marking  ] GC(42) Mark Stack Usage: 32M
[2024-07-21T22:32:34.887+0800][2.876s][gc,nmethod  ] GC(42) NMethods: 392 registered, 0 unregistered
[2024-07-21T22:32:34.887+0800][2.876s][gc,metaspace] GC(42) Metaspace: 1M used, 1M committed, 1032M reserved
[2024-07-21T22:32:34.887+0800][2.876s][gc,ref      ] GC(42) Soft: 43 encountered, 0 discovered, 0 enqueued
[2024-07-21T22:32:34.887+0800][2.876s][gc,ref      ] GC(42) Weak: 131 encountered, 107 discovered, 0 enqueued
[2024-07-21T22:32:34.887+0800][2.876s][gc,ref      ] GC(42) Final: 0 encountered, 0 discovered, 0 enqueued
[2024-07-21T22:32:34.887+0800][2.876s][gc,ref      ] GC(42) Phantom: 184 encountered, 98 discovered, 0 enqueued
[2024-07-21T22:32:34.887+0800][2.876s][gc,reloc    ] GC(42) Small Pages: 4 / 8M, Empty: 2M, Relocated: 0M, In-Place: 0
[2024-07-21T22:32:34.887+0800][2.876s][gc,reloc    ] GC(42) Medium Pages: 1 / 4M, Empty: 0M, Relocated: 0M, In-Place: 0
[2024-07-21T22:32:34.887+0800][2.876s][gc,reloc    ] GC(42) Large Pages: 53 / 106M, Empty: 80M, Relocated: 0M, In-Place: 0
[2024-07-21T22:32:34.887+0800][2.876s][gc,reloc    ] GC(42) Forwarding Usage: 0M
[2024-07-21T22:32:34.887+0800][2.876s][gc,heap     ] GC(42) Min Capacity: 8M(6%)
[2024-07-21T22:32:34.887+0800][2.876s][gc,heap     ] GC(42) Max Capacity: 128M(100%)
[2024-07-21T22:32:34.887+0800][2.876s][gc,heap     ] GC(42) Soft Max Capacity: 128M(100%)
[2024-07-21T22:32:34.887+0800][2.876s][gc,heap     ] GC(42)                Mark Start          Mark End        Relocate Start      Relocate End           High               Low         
[2024-07-21T22:32:34.887+0800][2.876s][gc,heap     ] GC(42)  Capacity:      128M (100%)        128M (100%)        128M (100%)        128M (100%)        128M (100%)        128M (100%)   
[2024-07-21T22:32:34.887+0800][2.876s][gc,heap     ] GC(42)      Free:       10M (8%)            0M (0%)           78M (61%)          76M (59%)          82M (64%)           0M (0%)     
[2024-07-21T22:32:34.887+0800][2.876s][gc,heap     ] GC(42)      Used:      118M (92%)         128M (100%)         50M (39%)          52M (41%)         128M (100%)         46M (36%)    
[2024-07-21T22:32:34.887+0800][2.876s][gc,heap     ] GC(42)      Live:         -                30M (24%)          30M (24%)          30M (24%)            -                  -          
[2024-07-21T22:32:34.887+0800][2.876s][gc,heap     ] GC(42) Allocated:         -                10M (8%)           14M (11%)          16M (12%)            -                  -          
[2024-07-21T22:32:34.887+0800][2.876s][gc,heap     ] GC(42)   Garbage:         -                87M (68%)           5M (4%)            5M (4%)             -                  -          
[2024-07-21T22:32:34.887+0800][2.876s][gc,heap     ] GC(42) Reclaimed:         -                  -                82M (64%)          82M (64%)            -                  -          
[2024-07-21T22:32:34.887+0800][2.876s][gc          ] GC(42) Garbage Collection (Allocation Rate) 118M(92%)->52M(41%)
[2024-07-21T22:32:34.957+0800][2.945s][gc,start    ] GC(43) Garbage Collection (Allocation Stall)
[2024-07-21T22:32:34.957+0800][2.945s][gc,ref      ] GC(43) Clearing All SoftReferences
[2024-07-21T22:32:34.957+0800][2.945s][gc,task     ] GC(43) Using 1 workers
[2024-07-21T22:32:34.957+0800][2.945s][gc,phases   ] GC(43) Pause Mark Start 0.006ms
[2024-07-21T22:32:34.960+0800][2.948s][gc,phases   ] GC(43) Concurrent Mark 3.362ms
[2024-07-21T22:32:34.960+0800][2.949s][gc,phases   ] GC(43) Pause Mark End 0.005ms
[2024-07-21T22:32:34.960+0800][2.949s][gc,phases   ] GC(43) Concurrent Mark Free 0.001ms
[2024-07-21T22:32:34.961+0800][2.950s][gc,phases   ] GC(43) Concurrent Process Non-Strong References 1.044ms
[2024-07-21T22:32:34.961+0800][2.950s][gc,phases   ] GC(43) Concurrent Reset Relocation Set 0.000ms
[2024-07-21T22:32:34.964+0800][2.952s][gc          ] Allocation Stall (main) 7.016ms
[2024-07-21T22:32:34.964+0800][2.952s][gc,phases   ] GC(43) Concurrent Select Relocation Set 1.760ms
[2024-07-21T22:32:34.964+0800][2.952s][gc,phases   ] GC(43) Pause Relocate Start 0.003ms
[2024-07-21T22:32:34.964+0800][2.952s][gc,phases   ] GC(43) Concurrent Relocate 0.111ms
[2024-07-21T22:32:34.964+0800][2.952s][gc,load     ] GC(43) Load: 0.00/0.00/0.00
[2024-07-21T22:32:34.964+0800][2.952s][gc,mmu      ] GC(43) MMU: 2ms/96.5%, 5ms/98.4%, 10ms/99.2%, 20ms/99.5%, 50ms/99.8%, 100ms/99.9%
[2024-07-21T22:32:34.964+0800][2.952s][gc,marking  ] GC(43) Mark: 1 stripe(s), 1 proactive flush(es), 1 terminate flush(es), 0 completion(s), 0 continuation(s) 
[2024-07-21T22:32:34.964+0800][2.952s][gc,marking  ] GC(43) Mark Stack Usage: 32M
[2024-07-21T22:32:34.964+0800][2.952s][gc,nmethod  ] GC(43) NMethods: 392 registered, 0 unregistered
[2024-07-21T22:32:34.964+0800][2.952s][gc,metaspace] GC(43) Metaspace: 1M used, 1M committed, 1032M reserved
[2024-07-21T22:32:34.964+0800][2.952s][gc,ref      ] GC(43) Soft: 43 encountered, 20 discovered, 0 enqueued
[2024-07-21T22:32:34.964+0800][2.952s][gc,ref      ] GC(43) Weak: 131 encountered, 107 discovered, 0 enqueued
[2024-07-21T22:32:34.964+0800][2.952s][gc,ref      ] GC(43) Final: 0 encountered, 0 discovered, 0 enqueued
[2024-07-21T22:32:34.964+0800][2.952s][gc,ref      ] GC(43) Phantom: 184 encountered, 98 discovered, 0 enqueued
[2024-07-21T22:32:34.964+0800][2.952s][gc,reloc    ] GC(43) Small Pages: 4 / 8M, Empty: 2M, Relocated: 0M, In-Place: 0
[2024-07-21T22:32:34.964+0800][2.952s][gc,reloc    ] GC(43) Medium Pages: 1 / 4M, Empty: 0M, Relocated: 0M, In-Place: 0
[2024-07-21T22:32:34.964+0800][2.952s][gc,reloc    ] GC(43) Large Pages: 58 / 116M, Empty: 80M, Relocated: 0M, In-Place: 0
[2024-07-21T22:32:34.964+0800][2.952s][gc,reloc    ] GC(43) Forwarding Usage: 0M
[2024-07-21T22:32:34.964+0800][2.952s][gc,heap     ] GC(43) Min Capacity: 8M(6%)
[2024-07-21T22:32:34.964+0800][2.952s][gc,heap     ] GC(43) Max Capacity: 128M(100%)
[2024-07-21T22:32:34.964+0800][2.952s][gc,heap     ] GC(43) Soft Max Capacity: 128M(100%)
[2024-07-21T22:32:34.964+0800][2.952s][gc,heap     ] GC(43)                Mark Start          Mark End        Relocate Start      Relocate End           High               Low         
[2024-07-21T22:32:34.964+0800][2.952s][gc,heap     ] GC(43)  Capacity:      128M (100%)        128M (100%)        128M (100%)        128M (100%)        128M (100%)        128M (100%)   
[2024-07-21T22:32:34.964+0800][2.952s][gc,heap     ] GC(43)      Free:        0M (0%)            0M (0%)           80M (62%)          80M (62%)          82M (64%)           0M (0%)     
[2024-07-21T22:32:34.964+0800][2.952s][gc,heap     ] GC(43)      Used:      128M (100%)        128M (100%)         48M (38%)          48M (38%)         128M (100%)         46M (36%)    
[2024-07-21T22:32:34.964+0800][2.953s][gc,heap     ] GC(43)      Live:         -                40M (32%)          40M (32%)          40M (32%)            -                  -          
[2024-07-21T22:32:34.964+0800][2.953s][gc,heap     ] GC(43) Allocated:         -                 0M (0%)            2M (2%)            2M (2%)             -                  -          
[2024-07-21T22:32:34.964+0800][2.953s][gc,heap     ] GC(43)   Garbage:         -                87M (68%)           5M (4%)            5M (4%)             -                  -          
[2024-07-21T22:32:34.964+0800][2.953s][gc,heap     ] GC(43) Reclaimed:         -                  -                82M (64%)          82M (64%)            -                  -          
[2024-07-21T22:32:34.964+0800][2.953s][gc          ] GC(43) Garbage Collection (Allocation Stall) 128M(100%)->48M(38%)
[2024-07-21T22:32:34.971+0800][2.959s][gc,start    ] GC(44) Garbage Collection (Allocation Rate)
[2024-07-21T22:32:34.971+0800][2.959s][gc,task     ] GC(44) Using 1 workers
[2024-07-21T22:32:34.971+0800][2.959s][gc,phases   ] GC(44) Pause Mark Start 0.007ms
[2024-07-21T22:32:34.974+0800][2.962s][gc,phases   ] GC(44) Concurrent Mark 2.986ms
[2024-07-21T22:32:34.974+0800][2.962s][gc,phases   ] GC(44) Pause Mark End 0.007ms
[2024-07-21T22:32:34.974+0800][2.963s][gc,phases   ] GC(44) Concurrent Mark Free 0.001ms
[2024-07-21T22:32:34.975+0800][2.964s][gc,phases   ] GC(44) Concurrent Process Non-Strong References 0.988ms
[2024-07-21T22:32:34.975+0800][2.964s][gc,phases   ] GC(44) Concurrent Reset Relocation Set 0.000ms
[2024-07-21T22:32:34.977+0800][2.965s][gc,phases   ] GC(44) Concurrent Select Relocation Set 1.798ms
[2024-07-21T22:32:34.977+0800][2.966s][gc,phases   ] GC(44) Pause Relocate Start 0.008ms
[2024-07-21T22:32:34.977+0800][2.966s][gc,phases   ] GC(44) Concurrent Relocate 0.618ms
[2024-07-21T22:32:34.977+0800][2.966s][gc,load     ] GC(44) Load: 0.00/0.00/0.00
[2024-07-21T22:32:34.977+0800][2.966s][gc,mmu      ] GC(44) MMU: 2ms/96.5%, 5ms/98.4%, 10ms/99.2%, 20ms/99.5%, 50ms/99.8%, 100ms/99.9%
[2024-07-21T22:32:34.977+0800][2.966s][gc,marking  ] GC(44) Mark: 1 stripe(s), 1 proactive flush(es), 1 terminate flush(es), 0 completion(s), 0 continuation(s) 
[2024-07-21T22:32:34.977+0800][2.966s][gc,marking  ] GC(44) Mark Stack Usage: 32M
[2024-07-21T22:32:34.977+0800][2.966s][gc,nmethod  ] GC(44) NMethods: 392 registered, 0 unregistered
[2024-07-21T22:32:34.977+0800][2.966s][gc,metaspace] GC(44) Metaspace: 1M used, 1M committed, 1032M reserved
[2024-07-21T22:32:34.978+0800][2.966s][gc,ref      ] GC(44) Soft: 43 encountered, 0 discovered, 0 enqueued
[2024-07-21T22:32:34.978+0800][2.966s][gc,ref      ] GC(44) Weak: 131 encountered, 107 discovered, 0 enqueued
[2024-07-21T22:32:34.978+0800][2.966s][gc,ref      ] GC(44) Final: 0 encountered, 0 discovered, 0 enqueued
[2024-07-21T22:32:34.978+0800][2.966s][gc,ref      ] GC(44) Phantom: 184 encountered, 98 discovered, 0 enqueued
[2024-07-21T22:32:34.978+0800][2.967s][gc,reloc    ] GC(44) Small Pages: 4 / 8M, Empty: 0M, Relocated: 1M, In-Place: 0
[2024-07-21T22:32:34.978+0800][2.967s][gc,reloc    ] GC(44) Medium Pages: 1 / 4M, Empty: 0M, Relocated: 0M, In-Place: 0
[2024-07-21T22:32:34.978+0800][2.967s][gc,reloc    ] GC(44) Large Pages: 20 / 40M, Empty: 40M, Relocated: 0M, In-Place: 0
[2024-07-21T22:32:34.978+0800][2.967s][gc,reloc    ] GC(44) Forwarding Usage: 0M
[2024-07-21T22:32:34.978+0800][2.967s][gc,heap     ] GC(44) Min Capacity: 8M(6%)
[2024-07-21T22:32:34.978+0800][2.967s][gc,heap     ] GC(44) Max Capacity: 128M(100%)
[2024-07-21T22:32:34.978+0800][2.967s][gc,heap     ] GC(44) Soft Max Capacity: 128M(100%)
[2024-07-21T22:32:34.978+0800][2.967s][gc,heap     ] GC(44)                Mark Start          Mark End        Relocate Start      Relocate End           High               Low         
[2024-07-21T22:32:34.978+0800][2.967s][gc,heap     ] GC(44)  Capacity:      128M (100%)        128M (100%)        128M (100%)        128M (100%)        128M (100%)        128M (100%)   
[2024-07-21T22:32:34.978+0800][2.967s][gc,heap     ] GC(44)      Free:       76M (59%)          76M (59%)         116M (91%)         118M (92%)         118M (92%)          76M (59%)    
[2024-07-21T22:32:34.978+0800][2.967s][gc,heap     ] GC(44)      Used:       52M (41%)          52M (41%)          12M (9%)           10M (8%)           52M (41%)          10M (8%)     
[2024-07-21T22:32:34.978+0800][2.967s][gc,heap     ] GC(44)      Live:         -                 4M (4%)            4M (4%)            4M (4%)             -                  -          
[2024-07-21T22:32:34.978+0800][2.967s][gc,heap     ] GC(44) Allocated:         -                 0M (0%)            0M (0%)            0M (0%)             -                  -          
[2024-07-21T22:32:34.978+0800][2.967s][gc,heap     ] GC(44)   Garbage:         -                47M (37%)           7M (6%)            5M (4%)             -                  -          
[2024-07-21T22:32:34.978+0800][2.967s][gc,heap     ] GC(44) Reclaimed:         -                  -                40M (31%)          42M (33%)            -                  -          
[2024-07-21T22:32:34.978+0800][2.967s][gc          ] GC(44) Garbage Collection (Allocation Rate) 52M(41%)->10M(8%)
[2024-07-21T22:32:35.067+0800][3.056s][gc,start    ] GC(45) Garbage Collection (Allocation Stall)
[2024-07-21T22:32:35.067+0800][3.056s][gc,ref      ] GC(45) Clearing All SoftReferences
[2024-07-21T22:32:35.067+0800][3.056s][gc,task     ] GC(45) Using 1 workers
[2024-07-21T22:32:35.068+0800][3.056s][gc,phases   ] GC(45) Pause Mark Start 0.012ms
[2024-07-21T22:32:35.071+0800][3.060s][gc,phases   ] GC(45) Concurrent Mark 3.753ms
[2024-07-21T22:32:35.072+0800][3.060s][gc,phases   ] GC(45) Pause Mark End 0.015ms
[2024-07-21T22:32:35.072+0800][3.060s][gc,phases   ] GC(45) Concurrent Mark Free 0.001ms
[2024-07-21T22:32:35.074+0800][3.063s][gc,phases   ] GC(45) Concurrent Process Non-Strong References 2.492ms
[2024-07-21T22:32:35.074+0800][3.063s][gc,phases   ] GC(45) Concurrent Reset Relocation Set 0.005ms
[2024-07-21T22:32:35.077+0800][3.066s][gc          ] Allocation Stall (main) 9.635ms
[2024-07-21T22:32:35.077+0800][3.066s][gc,phases   ] GC(45) Concurrent Select Relocation Set 2.448ms
[2024-07-21T22:32:35.077+0800][3.066s][gc,phases   ] GC(45) Pause Relocate Start 0.011ms
[2024-07-21T22:32:35.077+0800][3.066s][gc,phases   ] GC(45) Concurrent Relocate 0.078ms
[2024-07-21T22:32:35.077+0800][3.066s][gc,load     ] GC(45) Load: 0.00/0.00/0.00
[2024-07-21T22:32:35.077+0800][3.066s][gc,mmu      ] GC(45) MMU: 2ms/96.5%, 5ms/98.4%, 10ms/99.2%, 20ms/99.5%, 50ms/99.8%, 100ms/99.9%
[2024-07-21T22:32:35.077+0800][3.066s][gc,marking  ] GC(45) Mark: 1 stripe(s), 1 proactive flush(es), 1 terminate flush(es), 0 completion(s), 0 continuation(s) 
[2024-07-21T22:32:35.077+0800][3.066s][gc,marking  ] GC(45) Mark Stack Usage: 32M
[2024-07-21T22:32:35.077+0800][3.066s][gc,nmethod  ] GC(45) NMethods: 392 registered, 0 unregistered
[2024-07-21T22:32:35.077+0800][3.066s][gc,metaspace] GC(45) Metaspace: 1M used, 1M committed, 1032M reserved
[2024-07-21T22:32:35.077+0800][3.066s][gc,ref      ] GC(45) Soft: 43 encountered, 20 discovered, 0 enqueued
[2024-07-21T22:32:35.077+0800][3.066s][gc,ref      ] GC(45) Weak: 131 encountered, 107 discovered, 0 enqueued
[2024-07-21T22:32:35.077+0800][3.066s][gc,ref      ] GC(45) Final: 0 encountered, 0 discovered, 0 enqueued
[2024-07-21T22:32:35.077+0800][3.066s][gc,ref      ] GC(45) Phantom: 184 encountered, 98 discovered, 0 enqueued
[2024-07-21T22:32:35.077+0800][3.066s][gc,reloc    ] GC(45) Small Pages: 4 / 8M, Empty: 2M, Relocated: 0M, In-Place: 0
[2024-07-21T22:32:35.077+0800][3.066s][gc,reloc    ] GC(45) Medium Pages: 1 / 4M, Empty: 0M, Relocated: 0M, In-Place: 0
[2024-07-21T22:32:35.077+0800][3.066s][gc,reloc    ] GC(45) Large Pages: 58 / 116M, Empty: 80M, Relocated: 0M, In-Place: 0
[2024-07-21T22:32:35.077+0800][3.066s][gc,reloc    ] GC(45) Forwarding Usage: 0M
[2024-07-21T22:32:35.077+0800][3.066s][gc,heap     ] GC(45) Min Capacity: 8M(6%)
[2024-07-21T22:32:35.078+0800][3.066s][gc,heap     ] GC(45) Max Capacity: 128M(100%)
[2024-07-21T22:32:35.078+0800][3.066s][gc,heap     ] GC(45) Soft Max Capacity: 128M(100%)
[2024-07-21T22:32:35.078+0800][3.066s][gc,heap     ] GC(45)                Mark Start          Mark End        Relocate Start      Relocate End           High               Low         
[2024-07-21T22:32:35.078+0800][3.066s][gc,heap     ] GC(45)  Capacity:      128M (100%)        128M (100%)        128M (100%)        128M (100%)        128M (100%)        128M (100%)   
[2024-07-21T22:32:35.078+0800][3.066s][gc,heap     ] GC(45)      Free:        0M (0%)            0M (0%)           80M (62%)          78M (61%)          82M (64%)           0M (0%)     
[2024-07-21T22:32:35.078+0800][3.066s][gc,heap     ] GC(45)      Used:      128M (100%)        128M (100%)         48M (38%)          50M (39%)         128M (100%)         46M (36%)    
[2024-07-21T22:32:35.078+0800][3.066s][gc,heap     ] GC(45)      Live:         -                40M (32%)          40M (32%)          40M (32%)            -                  -          
[2024-07-21T22:32:35.078+0800][3.066s][gc,heap     ] GC(45) Allocated:         -                 0M (0%)            2M (2%)            4M (3%)             -                  -          
[2024-07-21T22:32:35.078+0800][3.066s][gc,heap     ] GC(45)   Garbage:         -                87M (68%)           5M (4%)            5M (4%)             -                  -          
[2024-07-21T22:32:35.078+0800][3.066s][gc,heap     ] GC(45) Reclaimed:         -                  -                82M (64%)          82M (64%)            -                  -          
[2024-07-21T22:32:35.078+0800][3.066s][gc          ] GC(45) Garbage Collection (Allocation Stall) 128M(100%)->50M(39%)
[2024-07-21T22:32:35.081+0800][3.069s][gc,start    ] GC(46) Garbage Collection (Allocation Rate)
[2024-07-21T22:32:35.081+0800][3.069s][gc,task     ] GC(46) Using 1 workers
[2024-07-21T22:32:35.081+0800][3.070s][gc,phases   ] GC(46) Pause Mark Start 0.008ms
[2024-07-21T22:32:35.085+0800][3.074s][gc,phases   ] GC(46) Concurrent Mark 4.087ms
[2024-07-21T22:32:35.085+0800][3.074s][gc,phases   ] GC(46) Pause Mark End 0.011ms
[2024-07-21T22:32:35.085+0800][3.074s][gc,phases   ] GC(46) Concurrent Mark Free 0.001ms
[2024-07-21T22:32:35.087+0800][3.075s][gc,phases   ] GC(46) Concurrent Process Non-Strong References 1.224ms
[2024-07-21T22:32:35.087+0800][3.075s][gc,phases   ] GC(46) Concurrent Reset Relocation Set 0.001ms
[2024-07-21T22:32:35.090+0800][3.078s][gc,phases   ] GC(46) Concurrent Select Relocation Set 2.772ms
[2024-07-21T22:32:35.090+0800][3.079s][gc,phases   ] GC(46) Pause Relocate Start 0.040ms
[2024-07-21T22:32:35.091+0800][3.080s][gc,phases   ] GC(46) Concurrent Relocate 1.132ms
[2024-07-21T22:32:35.091+0800][3.080s][gc,load     ] GC(46) Load: 0.00/0.00/0.00
[2024-07-21T22:32:35.091+0800][3.080s][gc,mmu      ] GC(46) MMU: 2ms/96.5%, 5ms/98.4%, 10ms/99.2%, 20ms/99.5%, 50ms/99.8%, 100ms/99.9%
[2024-07-21T22:32:35.091+0800][3.080s][gc,marking  ] GC(46) Mark: 1 stripe(s), 1 proactive flush(es), 1 terminate flush(es), 0 completion(s), 0 continuation(s) 
[2024-07-21T22:32:35.091+0800][3.080s][gc,marking  ] GC(46) Mark Stack Usage: 32M
[2024-07-21T22:32:35.091+0800][3.080s][gc,nmethod  ] GC(46) NMethods: 393 registered, 0 unregistered
[2024-07-21T22:32:35.091+0800][3.080s][gc,metaspace] GC(46) Metaspace: 1M used, 1M committed, 1032M reserved
[2024-07-21T22:32:35.092+0800][3.080s][gc,ref      ] GC(46) Soft: 43 encountered, 0 discovered, 0 enqueued
[2024-07-21T22:32:35.092+0800][3.080s][gc,ref      ] GC(46) Weak: 131 encountered, 107 discovered, 0 enqueued
[2024-07-21T22:32:35.092+0800][3.080s][gc,ref      ] GC(46) Final: 0 encountered, 0 discovered, 0 enqueued
[2024-07-21T22:32:35.092+0800][3.080s][gc,ref      ] GC(46) Phantom: 184 encountered, 98 discovered, 0 enqueued
[2024-07-21T22:32:35.092+0800][3.080s][gc,reloc    ] GC(46) Small Pages: 4 / 8M, Empty: 0M, Relocated: 1M, In-Place: 0
[2024-07-21T22:32:35.092+0800][3.080s][gc,reloc    ] GC(46) Medium Pages: 1 / 4M, Empty: 0M, Relocated: 0M, In-Place: 0
[2024-07-21T22:32:35.092+0800][3.080s][gc,reloc    ] GC(46) Large Pages: 20 / 40M, Empty: 40M, Relocated: 0M, In-Place: 0
[2024-07-21T22:32:35.092+0800][3.080s][gc,reloc    ] GC(46) Forwarding Usage: 0M
[2024-07-21T22:32:35.092+0800][3.080s][gc,heap     ] GC(46) Min Capacity: 8M(6%)
[2024-07-21T22:32:35.092+0800][3.080s][gc,heap     ] GC(46) Max Capacity: 128M(100%)
[2024-07-21T22:32:35.092+0800][3.080s][gc,heap     ] GC(46) Soft Max Capacity: 128M(100%)
[2024-07-21T22:32:35.092+0800][3.080s][gc,heap     ] GC(46)                Mark Start          Mark End        Relocate Start      Relocate End           High               Low         
[2024-07-21T22:32:35.092+0800][3.080s][gc,heap     ] GC(46)  Capacity:      128M (100%)        128M (100%)        128M (100%)        128M (100%)        128M (100%)        128M (100%)   
[2024-07-21T22:32:35.092+0800][3.080s][gc,heap     ] GC(46)      Free:       76M (59%)          76M (59%)         116M (91%)         118M (92%)         118M (92%)          76M (59%)    
[2024-07-21T22:32:35.092+0800][3.080s][gc,heap     ] GC(46)      Used:       52M (41%)          52M (41%)          12M (9%)           10M (8%)           52M (41%)          10M (8%)     
[2024-07-21T22:32:35.092+0800][3.080s][gc,heap     ] GC(46)      Live:         -                 4M (4%)            4M (4%)            4M (4%)             -                  -          
[2024-07-21T22:32:35.092+0800][3.080s][gc,heap     ] GC(46) Allocated:         -                 0M (0%)            0M (0%)            0M (0%)             -                  -          
[2024-07-21T22:32:35.092+0800][3.080s][gc,heap     ] GC(46)   Garbage:         -                47M (37%)           7M (6%)            5M (4%)             -                  -          
[2024-07-21T22:32:35.092+0800][3.080s][gc,heap     ] GC(46) Reclaimed:         -                  -                40M (31%)          42M (33%)            -                  -          
[2024-07-21T22:32:35.092+0800][3.081s][gc          ] GC(46) Garbage Collection (Allocation Rate) 52M(41%)->10M(8%)
[2024-07-21T22:32:35.176+0800][3.164s][gc,start    ] GC(47) Garbage Collection (Allocation Rate)
[2024-07-21T22:32:35.176+0800][3.164s][gc,task     ] GC(47) Using 1 workers
[2024-07-21T22:32:35.176+0800][3.164s][gc,phases   ] GC(47) Pause Mark Start 0.016ms
[2024-07-21T22:32:35.179+0800][3.168s][gc,phases   ] GC(47) Concurrent Mark 3.602ms
[2024-07-21T22:32:35.180+0800][3.168s][gc,phases   ] GC(47) Pause Mark End 0.008ms
[2024-07-21T22:32:35.180+0800][3.168s][gc,phases   ] GC(47) Concurrent Mark Free 0.001ms
[2024-07-21T22:32:35.181+0800][3.169s][gc,phases   ] GC(47) Concurrent Process Non-Strong References 1.023ms
[2024-07-21T22:32:35.181+0800][3.169s][gc,phases   ] GC(47) Concurrent Reset Relocation Set 0.001ms
[2024-07-21T22:32:35.182+0800][3.171s][gc          ] Allocation Stall (main) 5.962ms
[2024-07-21T22:32:35.183+0800][3.171s][gc,phases   ] GC(47) Concurrent Select Relocation Set 1.834ms
[2024-07-21T22:32:35.183+0800][3.171s][gc,phases   ] GC(47) Pause Relocate Start 0.004ms
[2024-07-21T22:32:35.183+0800][3.172s][gc,phases   ] GC(47) Concurrent Relocate 0.109ms
[2024-07-21T22:32:35.183+0800][3.172s][gc,load     ] GC(47) Load: 0.00/0.00/0.00
[2024-07-21T22:32:35.183+0800][3.172s][gc,mmu      ] GC(47) MMU: 2ms/96.5%, 5ms/98.4%, 10ms/99.2%, 20ms/99.5%, 50ms/99.8%, 100ms/99.9%
[2024-07-21T22:32:35.183+0800][3.172s][gc,marking  ] GC(47) Mark: 1 stripe(s), 2 proactive flush(es), 1 terminate flush(es), 0 completion(s), 0 continuation(s) 
[2024-07-21T22:32:35.183+0800][3.172s][gc,marking  ] GC(47) Mark Stack Usage: 32M
[2024-07-21T22:32:35.183+0800][3.172s][gc,nmethod  ] GC(47) NMethods: 393 registered, 0 unregistered
[2024-07-21T22:32:35.183+0800][3.172s][gc,metaspace] GC(47) Metaspace: 1M used, 1M committed, 1032M reserved
[2024-07-21T22:32:35.183+0800][3.172s][gc,ref      ] GC(47) Soft: 43 encountered, 0 discovered, 0 enqueued
[2024-07-21T22:32:35.183+0800][3.172s][gc,ref      ] GC(47) Weak: 131 encountered, 107 discovered, 0 enqueued
[2024-07-21T22:32:35.183+0800][3.172s][gc,ref      ] GC(47) Final: 0 encountered, 0 discovered, 0 enqueued
[2024-07-21T22:32:35.183+0800][3.172s][gc,ref      ] GC(47) Phantom: 184 encountered, 98 discovered, 0 enqueued
[2024-07-21T22:32:35.183+0800][3.172s][gc,reloc    ] GC(47) Small Pages: 4 / 8M, Empty: 2M, Relocated: 0M, In-Place: 0
[2024-07-21T22:32:35.183+0800][3.172s][gc,reloc    ] GC(47) Medium Pages: 1 / 4M, Empty: 0M, Relocated: 0M, In-Place: 0
[2024-07-21T22:32:35.183+0800][3.172s][gc,reloc    ] GC(47) Large Pages: 52 / 104M, Empty: 80M, Relocated: 0M, In-Place: 0
[2024-07-21T22:32:35.183+0800][3.172s][gc,reloc    ] GC(47) Forwarding Usage: 0M
[2024-07-21T22:32:35.183+0800][3.172s][gc,heap     ] GC(47) Min Capacity: 8M(6%)
[2024-07-21T22:32:35.183+0800][3.172s][gc,heap     ] GC(47) Max Capacity: 128M(100%)
[2024-07-21T22:32:35.183+0800][3.172s][gc,heap     ] GC(47) Soft Max Capacity: 128M(100%)
[2024-07-21T22:32:35.183+0800][3.172s][gc,heap     ] GC(47)                Mark Start          Mark End        Relocate Start      Relocate End           High               Low         
[2024-07-21T22:32:35.183+0800][3.172s][gc,heap     ] GC(47)  Capacity:      128M (100%)        128M (100%)        128M (100%)        128M (100%)        128M (100%)        128M (100%)   
[2024-07-21T22:32:35.183+0800][3.172s][gc,heap     ] GC(47)      Free:       12M (9%)            0M (0%)           80M (62%)          76M (59%)          82M (64%)           0M (0%)     
[2024-07-21T22:32:35.183+0800][3.172s][gc,heap     ] GC(47)      Used:      116M (91%)         128M (100%)         48M (38%)          52M (41%)         128M (100%)         46M (36%)    
[2024-07-21T22:32:35.183+0800][3.172s][gc,heap     ] GC(47)      Live:         -                28M (22%)          28M (22%)          28M (22%)            -                  -          
[2024-07-21T22:32:35.183+0800][3.172s][gc,heap     ] GC(47) Allocated:         -                12M (9%)           14M (11%)          18M (14%)            -                  -          
[2024-07-21T22:32:35.183+0800][3.172s][gc,heap     ] GC(47)   Garbage:         -                87M (68%)           5M (4%)            5M (4%)             -                  -          
[2024-07-21T22:32:35.183+0800][3.172s][gc,heap     ] GC(47) Reclaimed:         -                  -                82M (64%)          82M (64%)            -                  -          
[2024-07-21T22:32:35.183+0800][3.172s][gc          ] GC(47) Garbage Collection (Allocation Rate) 116M(91%)->52M(41%)
[2024-07-21T22:32:35.256+0800][3.245s][gc,start    ] GC(48) Garbage Collection (Allocation Stall)
[2024-07-21T22:32:35.257+0800][3.245s][gc,ref      ] GC(48) Clearing All SoftReferences
[2024-07-21T22:32:35.257+0800][3.245s][gc,task     ] GC(48) Using 1 workers
[2024-07-21T22:32:35.257+0800][3.246s][gc,phases   ] GC(48) Pause Mark Start 0.007ms
[2024-07-21T22:32:35.261+0800][3.250s][gc,phases   ] GC(48) Concurrent Mark 4.243ms
[2024-07-21T22:32:35.261+0800][3.250s][gc,phases   ] GC(48) Pause Mark End 0.009ms
[2024-07-21T22:32:35.261+0800][3.250s][gc,phases   ] GC(48) Concurrent Mark Free 0.001ms
[2024-07-21T22:32:35.263+0800][3.252s][gc,phases   ] GC(48) Concurrent Process Non-Strong References 1.294ms
[2024-07-21T22:32:35.263+0800][3.252s][gc,phases   ] GC(48) Concurrent Reset Relocation Set 0.000ms
[2024-07-21T22:32:35.267+0800][3.255s][gc          ] Allocation Stall (main) 10.231ms
[2024-07-21T22:32:35.267+0800][3.255s][gc,phases   ] GC(48) Concurrent Select Relocation Set 3.763ms
[2024-07-21T22:32:35.267+0800][3.256s][gc,phases   ] GC(48) Pause Relocate Start 0.008ms
[2024-07-21T22:32:35.267+0800][3.256s][gc,phases   ] GC(48) Concurrent Relocate 0.093ms
[2024-07-21T22:32:35.267+0800][3.256s][gc,load     ] GC(48) Load: 0.00/0.00/0.00
[2024-07-21T22:32:35.267+0800][3.256s][gc,mmu      ] GC(48) MMU: 2ms/96.5%, 5ms/98.4%, 10ms/99.2%, 20ms/99.5%, 50ms/99.8%, 100ms/99.9%
[2024-07-21T22:32:35.267+0800][3.256s][gc,marking  ] GC(48) Mark: 1 stripe(s), 1 proactive flush(es), 1 terminate flush(es), 0 completion(s), 0 continuation(s) 
[2024-07-21T22:32:35.267+0800][3.256s][gc,marking  ] GC(48) Mark Stack Usage: 32M
[2024-07-21T22:32:35.267+0800][3.256s][gc,nmethod  ] GC(48) NMethods: 393 registered, 0 unregistered
[2024-07-21T22:32:35.267+0800][3.256s][gc,metaspace] GC(48) Metaspace: 1M used, 1M committed, 1032M reserved
[2024-07-21T22:32:35.267+0800][3.256s][gc,ref      ] GC(48) Soft: 43 encountered, 20 discovered, 0 enqueued
[2024-07-21T22:32:35.267+0800][3.256s][gc,ref      ] GC(48) Weak: 131 encountered, 107 discovered, 0 enqueued
[2024-07-21T22:32:35.267+0800][3.256s][gc,ref      ] GC(48) Final: 0 encountered, 0 discovered, 0 enqueued
[2024-07-21T22:32:35.267+0800][3.256s][gc,ref      ] GC(48) Phantom: 184 encountered, 98 discovered, 0 enqueued
[2024-07-21T22:32:35.267+0800][3.256s][gc,reloc    ] GC(48) Small Pages: 4 / 8M, Empty: 2M, Relocated: 0M, In-Place: 0
[2024-07-21T22:32:35.267+0800][3.256s][gc,reloc    ] GC(48) Medium Pages: 1 / 4M, Empty: 0M, Relocated: 0M, In-Place: 0
[2024-07-21T22:32:35.267+0800][3.256s][gc,reloc    ] GC(48) Large Pages: 58 / 116M, Empty: 80M, Relocated: 0M, In-Place: 0
[2024-07-21T22:32:35.267+0800][3.256s][gc,reloc    ] GC(48) Forwarding Usage: 0M
[2024-07-21T22:32:35.267+0800][3.256s][gc,heap     ] GC(48) Min Capacity: 8M(6%)
[2024-07-21T22:32:35.267+0800][3.256s][gc,heap     ] GC(48) Max Capacity: 128M(100%)
[2024-07-21T22:32:35.267+0800][3.256s][gc,heap     ] GC(48) Soft Max Capacity: 128M(100%)
[2024-07-21T22:32:35.267+0800][3.256s][gc,heap     ] GC(48)                Mark Start          Mark End        Relocate Start      Relocate End           High               Low         
[2024-07-21T22:32:35.267+0800][3.256s][gc,heap     ] GC(48)  Capacity:      128M (100%)        128M (100%)        128M (100%)        128M (100%)        128M (100%)        128M (100%)   
[2024-07-21T22:32:35.267+0800][3.256s][gc,heap     ] GC(48)      Free:        0M (0%)            0M (0%)           80M (62%)          80M (62%)          82M (64%)           0M (0%)     
[2024-07-21T22:32:35.267+0800][3.256s][gc,heap     ] GC(48)      Used:      128M (100%)        128M (100%)         48M (38%)          48M (38%)         128M (100%)         46M (36%)    
[2024-07-21T22:32:35.268+0800][3.256s][gc,heap     ] GC(48)      Live:         -                40M (32%)          40M (32%)          40M (32%)            -                  -          
[2024-07-21T22:32:35.268+0800][3.256s][gc,heap     ] GC(48) Allocated:         -                 0M (0%)            2M (2%)            2M (2%)             -                  -          
[2024-07-21T22:32:35.268+0800][3.256s][gc,heap     ] GC(48)   Garbage:         -                87M (68%)           5M (4%)            5M (4%)             -                  -          
[2024-07-21T22:32:35.268+0800][3.256s][gc,heap     ] GC(48) Reclaimed:         -                  -                82M (64%)          82M (64%)            -                  -          
[2024-07-21T22:32:35.268+0800][3.256s][gc          ] GC(48) Garbage Collection (Allocation Stall) 128M(100%)->48M(38%)
[2024-07-21T22:32:35.271+0800][3.259s][gc,start    ] GC(49) Garbage Collection (Allocation Rate)
[2024-07-21T22:32:35.271+0800][3.260s][gc,task     ] GC(49) Using 1 workers
[2024-07-21T22:32:35.271+0800][3.260s][gc,phases   ] GC(49) Pause Mark Start 0.013ms
[2024-07-21T22:32:35.276+0800][3.265s][gc,phases   ] GC(49) Concurrent Mark 5.020ms
[2024-07-21T22:32:35.276+0800][3.265s][gc,phases   ] GC(49) Pause Mark End 0.009ms
[2024-07-21T22:32:35.276+0800][3.265s][gc,phases   ] GC(49) Concurrent Mark Free 0.001ms
[2024-07-21T22:32:35.278+0800][3.266s][gc,phases   ] GC(49) Concurrent Process Non-Strong References 1.226ms
[2024-07-21T22:32:35.278+0800][3.266s][gc,phases   ] GC(49) Concurrent Reset Relocation Set 0.000ms
[2024-07-21T22:32:35.280+0800][3.269s][gc,phases   ] GC(49) Concurrent Select Relocation Set 2.331ms
[2024-07-21T22:32:35.280+0800][3.269s][gc,phases   ] GC(49) Pause Relocate Start 0.020ms
[2024-07-21T22:32:35.281+0800][3.270s][gc,phases   ] GC(49) Concurrent Relocate 0.785ms
[2024-07-21T22:32:35.281+0800][3.270s][gc,load     ] GC(49) Load: 0.00/0.00/0.00
[2024-07-21T22:32:35.281+0800][3.270s][gc,mmu      ] GC(49) MMU: 2ms/96.5%, 5ms/98.4%, 10ms/99.2%, 20ms/99.5%, 50ms/99.8%, 100ms/99.9%
[2024-07-21T22:32:35.281+0800][3.270s][gc,marking  ] GC(49) Mark: 1 stripe(s), 1 proactive flush(es), 1 terminate flush(es), 0 completion(s), 0 continuation(s) 
[2024-07-21T22:32:35.281+0800][3.270s][gc,marking  ] GC(49) Mark Stack Usage: 32M
[2024-07-21T22:32:35.281+0800][3.270s][gc,nmethod  ] GC(49) NMethods: 393 registered, 0 unregistered
[2024-07-21T22:32:35.281+0800][3.270s][gc,metaspace] GC(49) Metaspace: 1M used, 1M committed, 1032M reserved
[2024-07-21T22:32:35.281+0800][3.270s][gc,ref      ] GC(49) Soft: 43 encountered, 0 discovered, 0 enqueued
[2024-07-21T22:32:35.281+0800][3.270s][gc,ref      ] GC(49) Weak: 131 encountered, 107 discovered, 0 enqueued
[2024-07-21T22:32:35.281+0800][3.270s][gc,ref      ] GC(49) Final: 0 encountered, 0 discovered, 0 enqueued
[2024-07-21T22:32:35.281+0800][3.270s][gc,ref      ] GC(49) Phantom: 184 encountered, 98 discovered, 0 enqueued
[2024-07-21T22:32:35.281+0800][3.270s][gc,reloc    ] GC(49) Small Pages: 4 / 8M, Empty: 0M, Relocated: 1M, In-Place: 0
[2024-07-21T22:32:35.281+0800][3.270s][gc,reloc    ] GC(49) Medium Pages: 1 / 4M, Empty: 0M, Relocated: 0M, In-Place: 0
[2024-07-21T22:32:35.281+0800][3.270s][gc,reloc    ] GC(49) Large Pages: 20 / 40M, Empty: 40M, Relocated: 0M, In-Place: 0
[2024-07-21T22:32:35.281+0800][3.270s][gc,reloc    ] GC(49) Forwarding Usage: 0M
[2024-07-21T22:32:35.281+0800][3.270s][gc,heap     ] GC(49) Min Capacity: 8M(6%)
[2024-07-21T22:32:35.281+0800][3.270s][gc,heap     ] GC(49) Max Capacity: 128M(100%)
[2024-07-21T22:32:35.281+0800][3.270s][gc,heap     ] GC(49) Soft Max Capacity: 128M(100%)
[2024-07-21T22:32:35.281+0800][3.270s][gc,heap     ] GC(49)                Mark Start          Mark End        Relocate Start      Relocate End           High               Low         
[2024-07-21T22:32:35.281+0800][3.270s][gc,heap     ] GC(49)  Capacity:      128M (100%)        128M (100%)        128M (100%)        128M (100%)        128M (100%)        128M (100%)   
[2024-07-21T22:32:35.281+0800][3.270s][gc,heap     ] GC(49)      Free:       76M (59%)          76M (59%)         116M (91%)         118M (92%)         118M (92%)          76M (59%)    
[2024-07-21T22:32:35.281+0800][3.270s][gc,heap     ] GC(49)      Used:       52M (41%)          52M (41%)          12M (9%)           10M (8%)           52M (41%)          10M (8%)     
[2024-07-21T22:32:35.282+0800][3.270s][gc,heap     ] GC(49)      Live:         -                 4M (4%)            4M (4%)            4M (4%)             -                  -          
[2024-07-21T22:32:35.282+0800][3.270s][gc,heap     ] GC(49) Allocated:         -                 0M (0%)            0M (0%)            0M (0%)             -                  -          
[2024-07-21T22:32:35.282+0800][3.270s][gc,heap     ] GC(49)   Garbage:         -                47M (37%)           7M (6%)            5M (4%)             -                  -          
[2024-07-21T22:32:35.282+0800][3.270s][gc,heap     ] GC(49) Reclaimed:         -                  -                40M (31%)          42M (33%)            -                  -          
[2024-07-21T22:32:35.282+0800][3.270s][gc          ] GC(49) Garbage Collection (Allocation Rate) 52M(41%)->10M(8%)
[2024-07-21T22:32:35.366+0800][3.355s][gc,start    ] GC(50) Garbage Collection (Allocation Stall)
[2024-07-21T22:32:35.366+0800][3.355s][gc,ref      ] GC(50) Clearing All SoftReferences
[2024-07-21T22:32:35.366+0800][3.355s][gc,task     ] GC(50) Using 1 workers
[2024-07-21T22:32:35.367+0800][3.355s][gc,phases   ] GC(50) Pause Mark Start 0.008ms
[2024-07-21T22:32:35.370+0800][3.358s][gc,phases   ] GC(50) Concurrent Mark 3.394ms
[2024-07-21T22:32:35.370+0800][3.359s][gc,phases   ] GC(50) Pause Mark End 0.005ms
[2024-07-21T22:32:35.370+0800][3.359s][gc,phases   ] GC(50) Concurrent Mark Free 0.001ms
[2024-07-21T22:32:35.371+0800][3.360s][gc,phases   ] GC(50) Concurrent Process Non-Strong References 1.082ms
[2024-07-21T22:32:35.371+0800][3.360s][gc,phases   ] GC(50) Concurrent Reset Relocation Set 0.001ms
[2024-07-21T22:32:35.373+0800][3.361s][gc          ] Allocation Stall (main) 6.811ms
[2024-07-21T22:32:35.373+0800][3.362s][gc,phases   ] GC(50) Concurrent Select Relocation Set 1.613ms
[2024-07-21T22:32:35.373+0800][3.362s][gc,phases   ] GC(50) Pause Relocate Start 0.007ms
[2024-07-21T22:32:35.374+0800][3.362s][gc,phases   ] GC(50) Concurrent Relocate 0.108ms
[2024-07-21T22:32:35.374+0800][3.362s][gc,load     ] GC(50) Load: 0.00/0.00/0.00
[2024-07-21T22:32:35.374+0800][3.362s][gc,mmu      ] GC(50) MMU: 2ms/96.5%, 5ms/98.4%, 10ms/99.2%, 20ms/99.5%, 50ms/99.8%, 100ms/99.9%
[2024-07-21T22:32:35.374+0800][3.362s][gc,marking  ] GC(50) Mark: 1 stripe(s), 1 proactive flush(es), 1 terminate flush(es), 0 completion(s), 0 continuation(s) 
[2024-07-21T22:32:35.374+0800][3.362s][gc,marking  ] GC(50) Mark Stack Usage: 32M
[2024-07-21T22:32:35.374+0800][3.362s][gc,nmethod  ] GC(50) NMethods: 393 registered, 0 unregistered
[2024-07-21T22:32:35.374+0800][3.362s][gc,metaspace] GC(50) Metaspace: 1M used, 1M committed, 1032M reserved
[2024-07-21T22:32:35.374+0800][3.362s][gc,ref      ] GC(50) Soft: 43 encountered, 20 discovered, 0 enqueued
[2024-07-21T22:32:35.374+0800][3.362s][gc,ref      ] GC(50) Weak: 131 encountered, 107 discovered, 0 enqueued
[2024-07-21T22:32:35.374+0800][3.362s][gc,ref      ] GC(50) Final: 0 encountered, 0 discovered, 0 enqueued
[2024-07-21T22:32:35.374+0800][3.362s][gc,ref      ] GC(50) Phantom: 184 encountered, 98 discovered, 0 enqueued
[2024-07-21T22:32:35.374+0800][3.362s][gc,reloc    ] GC(50) Small Pages: 4 / 8M, Empty: 2M, Relocated: 0M, In-Place: 0
[2024-07-21T22:32:35.374+0800][3.362s][gc,reloc    ] GC(50) Medium Pages: 1 / 4M, Empty: 0M, Relocated: 0M, In-Place: 0
[2024-07-21T22:32:35.374+0800][3.362s][gc,reloc    ] GC(50) Large Pages: 58 / 116M, Empty: 80M, Relocated: 0M, In-Place: 0
[2024-07-21T22:32:35.374+0800][3.362s][gc,reloc    ] GC(50) Forwarding Usage: 0M
[2024-07-21T22:32:35.374+0800][3.362s][gc,heap     ] GC(50) Min Capacity: 8M(6%)
[2024-07-21T22:32:35.374+0800][3.362s][gc,heap     ] GC(50) Max Capacity: 128M(100%)
[2024-07-21T22:32:35.374+0800][3.362s][gc,heap     ] GC(50) Soft Max Capacity: 128M(100%)
[2024-07-21T22:32:35.374+0800][3.362s][gc,heap     ] GC(50)                Mark Start          Mark End        Relocate Start      Relocate End           High               Low         
[2024-07-21T22:32:35.374+0800][3.362s][gc,heap     ] GC(50)  Capacity:      128M (100%)        128M (100%)        128M (100%)        128M (100%)        128M (100%)        128M (100%)   
[2024-07-21T22:32:35.374+0800][3.362s][gc,heap     ] GC(50)      Free:        0M (0%)            0M (0%)           76M (59%)          76M (59%)          82M (64%)           0M (0%)     
[2024-07-21T22:32:35.374+0800][3.362s][gc,heap     ] GC(50)      Used:      128M (100%)        128M (100%)         52M (41%)          52M (41%)         128M (100%)         46M (36%)    
[2024-07-21T22:32:35.374+0800][3.362s][gc,heap     ] GC(50)      Live:         -                40M (32%)          40M (32%)          40M (32%)            -                  -          
[2024-07-21T22:32:35.374+0800][3.362s][gc,heap     ] GC(50) Allocated:         -                 0M (0%)            6M (5%)            6M (5%)             -                  -          
[2024-07-21T22:32:35.374+0800][3.362s][gc,heap     ] GC(50)   Garbage:         -                87M (68%)           5M (4%)            5M (4%)             -                  -          
[2024-07-21T22:32:35.374+0800][3.362s][gc,heap     ] GC(50) Reclaimed:         -                  -                82M (64%)          82M (64%)            -                  -          
[2024-07-21T22:32:35.374+0800][3.362s][gc          ] GC(50) Garbage Collection (Allocation Stall) 128M(100%)->52M(41%)
[2024-07-21T22:32:35.381+0800][3.369s][gc,start    ] GC(51) Garbage Collection (Allocation Rate)
[2024-07-21T22:32:35.381+0800][3.370s][gc,task     ] GC(51) Using 1 workers
[2024-07-21T22:32:35.381+0800][3.370s][gc,phases   ] GC(51) Pause Mark Start 0.007ms
[2024-07-21T22:32:35.385+0800][3.373s][gc,phases   ] GC(51) Concurrent Mark 3.304ms
[2024-07-21T22:32:35.385+0800][3.373s][gc,phases   ] GC(51) Pause Mark End 0.007ms
[2024-07-21T22:32:35.385+0800][3.373s][gc,phases   ] GC(51) Concurrent Mark Free 0.001ms
[2024-07-21T22:32:35.386+0800][3.375s][gc,phases   ] GC(51) Concurrent Process Non-Strong References 1.058ms
[2024-07-21T22:32:35.386+0800][3.375s][gc,phases   ] GC(51) Concurrent Reset Relocation Set 0.000ms
[2024-07-21T22:32:35.388+0800][3.376s][gc,phases   ] GC(51) Concurrent Select Relocation Set 1.777ms
[2024-07-21T22:32:35.388+0800][3.377s][gc,phases   ] GC(51) Pause Relocate Start 0.004ms
[2024-07-21T22:32:35.389+0800][3.377s][gc,phases   ] GC(51) Concurrent Relocate 0.591ms
[2024-07-21T22:32:35.389+0800][3.377s][gc,load     ] GC(51) Load: 0.00/0.00/0.00
[2024-07-21T22:32:35.389+0800][3.377s][gc,mmu      ] GC(51) MMU: 2ms/96.5%, 5ms/98.4%, 10ms/99.2%, 20ms/99.5%, 50ms/99.8%, 100ms/99.9%
[2024-07-21T22:32:35.389+0800][3.377s][gc,marking  ] GC(51) Mark: 1 stripe(s), 1 proactive flush(es), 1 terminate flush(es), 0 completion(s), 0 continuation(s) 
[2024-07-21T22:32:35.389+0800][3.377s][gc,marking  ] GC(51) Mark Stack Usage: 32M
[2024-07-21T22:32:35.389+0800][3.377s][gc,nmethod  ] GC(51) NMethods: 393 registered, 0 unregistered
[2024-07-21T22:32:35.389+0800][3.377s][gc,metaspace] GC(51) Metaspace: 1M used, 1M committed, 1032M reserved
[2024-07-21T22:32:35.389+0800][3.377s][gc,ref      ] GC(51) Soft: 43 encountered, 0 discovered, 0 enqueued
[2024-07-21T22:32:35.389+0800][3.377s][gc,ref      ] GC(51) Weak: 131 encountered, 107 discovered, 0 enqueued
[2024-07-21T22:32:35.389+0800][3.377s][gc,ref      ] GC(51) Final: 0 encountered, 0 discovered, 0 enqueued
[2024-07-21T22:32:35.389+0800][3.377s][gc,ref      ] GC(51) Phantom: 184 encountered, 98 discovered, 0 enqueued
[2024-07-21T22:32:35.389+0800][3.377s][gc,reloc    ] GC(51) Small Pages: 4 / 8M, Empty: 0M, Relocated: 1M, In-Place: 0
[2024-07-21T22:32:35.389+0800][3.377s][gc,reloc    ] GC(51) Medium Pages: 1 / 4M, Empty: 0M, Relocated: 0M, In-Place: 0
[2024-07-21T22:32:35.389+0800][3.377s][gc,reloc    ] GC(51) Large Pages: 20 / 40M, Empty: 40M, Relocated: 0M, In-Place: 0
[2024-07-21T22:32:35.389+0800][3.377s][gc,reloc    ] GC(51) Forwarding Usage: 0M
[2024-07-21T22:32:35.389+0800][3.377s][gc,heap     ] GC(51) Min Capacity: 8M(6%)
[2024-07-21T22:32:35.389+0800][3.378s][gc,heap     ] GC(51) Max Capacity: 128M(100%)
[2024-07-21T22:32:35.389+0800][3.378s][gc,heap     ] GC(51) Soft Max Capacity: 128M(100%)
[2024-07-21T22:32:35.389+0800][3.378s][gc,heap     ] GC(51)                Mark Start          Mark End        Relocate Start      Relocate End           High               Low         
[2024-07-21T22:32:35.389+0800][3.378s][gc,heap     ] GC(51)  Capacity:      128M (100%)        128M (100%)        128M (100%)        128M (100%)        128M (100%)        128M (100%)   
[2024-07-21T22:32:35.389+0800][3.378s][gc,heap     ] GC(51)      Free:       76M (59%)          76M (59%)         116M (91%)         118M (92%)         118M (92%)          76M (59%)    
[2024-07-21T22:32:35.389+0800][3.378s][gc,heap     ] GC(51)      Used:       52M (41%)          52M (41%)          12M (9%)           10M (8%)           52M (41%)          10M (8%)     
[2024-07-21T22:32:35.389+0800][3.378s][gc,heap     ] GC(51)      Live:         -                 4M (4%)            4M (4%)            4M (4%)             -                  -          
[2024-07-21T22:32:35.389+0800][3.378s][gc,heap     ] GC(51) Allocated:         -                 0M (0%)            0M (0%)            0M (0%)             -                  -          
[2024-07-21T22:32:35.389+0800][3.378s][gc,heap     ] GC(51)   Garbage:         -                47M (37%)           7M (6%)            5M (4%)             -                  -          
[2024-07-21T22:32:35.389+0800][3.378s][gc,heap     ] GC(51) Reclaimed:         -                  -                40M (31%)          42M (33%)            -                  -          
[2024-07-21T22:32:35.389+0800][3.378s][gc          ] GC(51) Garbage Collection (Allocation Rate) 52M(41%)->10M(8%)
[2024-07-21T22:32:35.475+0800][3.463s][gc,start    ] GC(52) Garbage Collection (Allocation Rate)
[2024-07-21T22:32:35.475+0800][3.463s][gc,task     ] GC(52) Using 1 workers
[2024-07-21T22:32:35.475+0800][3.463s][gc,phases   ] GC(52) Pause Mark Start 0.006ms
[2024-07-21T22:32:35.480+0800][3.468s][gc,phases   ] GC(52) Concurrent Mark 4.949ms
[2024-07-21T22:32:35.480+0800][3.469s][gc,phases   ] GC(52) Pause Mark End 0.015ms
[2024-07-21T22:32:35.480+0800][3.469s][gc,phases   ] GC(52) Concurrent Mark Free 0.001ms
[2024-07-21T22:32:35.481+0800][3.470s][gc,phases   ] GC(52) Concurrent Process Non-Strong References 1.060ms
[2024-07-21T22:32:35.481+0800][3.470s][gc,phases   ] GC(52) Concurrent Reset Relocation Set 0.001ms
[2024-07-21T22:32:35.484+0800][3.472s][gc          ] Allocation Stall (main) 7.272ms
[2024-07-21T22:32:35.484+0800][3.472s][gc,phases   ] GC(52) Concurrent Select Relocation Set 2.377ms
[2024-07-21T22:32:35.484+0800][3.473s][gc,phases   ] GC(52) Pause Relocate Start 0.013ms
[2024-07-21T22:32:35.484+0800][3.473s][gc,phases   ] GC(52) Concurrent Relocate 0.111ms
[2024-07-21T22:32:35.484+0800][3.473s][gc,load     ] GC(52) Load: 0.00/0.00/0.00
[2024-07-21T22:32:35.484+0800][3.473s][gc,mmu      ] GC(52) MMU: 2ms/96.5%, 5ms/98.4%, 10ms/99.2%, 20ms/99.5%, 50ms/99.8%, 100ms/99.9%
[2024-07-21T22:32:35.484+0800][3.473s][gc,marking  ] GC(52) Mark: 1 stripe(s), 2 proactive flush(es), 1 terminate flush(es), 0 completion(s), 0 continuation(s) 
[2024-07-21T22:32:35.484+0800][3.473s][gc,marking  ] GC(52) Mark Stack Usage: 32M
[2024-07-21T22:32:35.484+0800][3.473s][gc,nmethod  ] GC(52) NMethods: 393 registered, 0 unregistered
[2024-07-21T22:32:35.484+0800][3.473s][gc,metaspace] GC(52) Metaspace: 1M used, 1M committed, 1032M reserved
[2024-07-21T22:32:35.484+0800][3.473s][gc,ref      ] GC(52) Soft: 43 encountered, 0 discovered, 0 enqueued
[2024-07-21T22:32:35.485+0800][3.473s][gc,ref      ] GC(52) Weak: 131 encountered, 107 discovered, 0 enqueued
[2024-07-21T22:32:35.485+0800][3.473s][gc,ref      ] GC(52) Final: 0 encountered, 0 discovered, 0 enqueued
[2024-07-21T22:32:35.485+0800][3.473s][gc,ref      ] GC(52) Phantom: 184 encountered, 98 discovered, 0 enqueued
[2024-07-21T22:32:35.485+0800][3.473s][gc,reloc    ] GC(52) Small Pages: 4 / 8M, Empty: 2M, Relocated: 0M, In-Place: 0
[2024-07-21T22:32:35.485+0800][3.473s][gc,reloc    ] GC(52) Medium Pages: 1 / 4M, Empty: 0M, Relocated: 0M, In-Place: 0
[2024-07-21T22:32:35.485+0800][3.473s][gc,reloc    ] GC(52) Large Pages: 52 / 104M, Empty: 80M, Relocated: 0M, In-Place: 0
[2024-07-21T22:32:35.485+0800][3.473s][gc,reloc    ] GC(52) Forwarding Usage: 0M
[2024-07-21T22:32:35.485+0800][3.473s][gc,heap     ] GC(52) Min Capacity: 8M(6%)
[2024-07-21T22:32:35.485+0800][3.473s][gc,heap     ] GC(52) Max Capacity: 128M(100%)
[2024-07-21T22:32:35.485+0800][3.473s][gc,heap     ] GC(52) Soft Max Capacity: 128M(100%)
[2024-07-21T22:32:35.485+0800][3.473s][gc,heap     ] GC(52)                Mark Start          Mark End        Relocate Start      Relocate End           High               Low         
[2024-07-21T22:32:35.485+0800][3.473s][gc,heap     ] GC(52)  Capacity:      128M (100%)        128M (100%)        128M (100%)        128M (100%)        128M (100%)        128M (100%)   
[2024-07-21T22:32:35.485+0800][3.473s][gc,heap     ] GC(52)      Free:       12M (9%)            0M (0%)           78M (61%)          76M (59%)          82M (64%)           0M (0%)     
[2024-07-21T22:32:35.485+0800][3.473s][gc,heap     ] GC(52)      Used:      116M (91%)         128M (100%)         50M (39%)          52M (41%)         128M (100%)         46M (36%)    
[2024-07-21T22:32:35.485+0800][3.473s][gc,heap     ] GC(52)      Live:         -                28M (22%)          28M (22%)          28M (22%)            -                  -          
[2024-07-21T22:32:35.485+0800][3.473s][gc,heap     ] GC(52) Allocated:         -                12M (9%)           16M (12%)          18M (14%)            -                  -          
[2024-07-21T22:32:35.485+0800][3.473s][gc,heap     ] GC(52)   Garbage:         -                87M (68%)           5M (4%)            5M (4%)             -                  -          
[2024-07-21T22:32:35.485+0800][3.473s][gc,heap     ] GC(52) Reclaimed:         -                  -                82M (64%)          82M (64%)            -                  -          
[2024-07-21T22:32:35.485+0800][3.473s][gc          ] GC(52) Garbage Collection (Allocation Rate) 116M(91%)->52M(41%)
[2024-07-21T22:32:35.553+0800][3.542s][gc,start    ] GC(53) Garbage Collection (Allocation Stall)
[2024-07-21T22:32:35.553+0800][3.542s][gc,ref      ] GC(53) Clearing All SoftReferences
[2024-07-21T22:32:35.553+0800][3.542s][gc,task     ] GC(53) Using 1 workers
[2024-07-21T22:32:35.554+0800][3.542s][gc,phases   ] GC(53) Pause Mark Start 0.006ms
[2024-07-21T22:32:35.557+0800][3.546s][gc,phases   ] GC(53) Concurrent Mark 3.454ms
[2024-07-21T22:32:35.557+0800][3.546s][gc,phases   ] GC(53) Pause Mark End 0.006ms
[2024-07-21T22:32:35.557+0800][3.546s][gc,phases   ] GC(53) Concurrent Mark Free 0.001ms
[2024-07-21T22:32:35.559+0800][3.547s][gc,phases   ] GC(53) Concurrent Process Non-Strong References 1.027ms
[2024-07-21T22:32:35.559+0800][3.547s][gc,phases   ] GC(53) Concurrent Reset Relocation Set 0.000ms
[2024-07-21T22:32:35.560+0800][3.549s][gc          ] Allocation Stall (main) 7.104ms
[2024-07-21T22:32:35.560+0800][3.549s][gc,phases   ] GC(53) Concurrent Select Relocation Set 1.867ms
[2024-07-21T22:32:35.561+0800][3.549s][gc,phases   ] GC(53) Pause Relocate Start 0.013ms
[2024-07-21T22:32:35.561+0800][3.549s][gc,phases   ] GC(53) Concurrent Relocate 0.110ms
[2024-07-21T22:32:35.561+0800][3.549s][gc,load     ] GC(53) Load: 0.00/0.00/0.00
[2024-07-21T22:32:35.561+0800][3.549s][gc,mmu      ] GC(53) MMU: 2ms/96.5%, 5ms/98.4%, 10ms/99.2%, 20ms/99.5%, 50ms/99.8%, 100ms/99.9%
[2024-07-21T22:32:35.561+0800][3.549s][gc,marking  ] GC(53) Mark: 1 stripe(s), 1 proactive flush(es), 1 terminate flush(es), 0 completion(s), 0 continuation(s) 
[2024-07-21T22:32:35.561+0800][3.550s][gc,marking  ] GC(53) Mark Stack Usage: 32M
[2024-07-21T22:32:35.561+0800][3.550s][gc,nmethod  ] GC(53) NMethods: 393 registered, 0 unregistered
[2024-07-21T22:32:35.561+0800][3.550s][gc,metaspace] GC(53) Metaspace: 1M used, 1M committed, 1032M reserved
[2024-07-21T22:32:35.561+0800][3.550s][gc,ref      ] GC(53) Soft: 43 encountered, 20 discovered, 0 enqueued
[2024-07-21T22:32:35.561+0800][3.550s][gc,ref      ] GC(53) Weak: 131 encountered, 107 discovered, 0 enqueued
[2024-07-21T22:32:35.561+0800][3.550s][gc,ref      ] GC(53) Final: 0 encountered, 0 discovered, 0 enqueued
[2024-07-21T22:32:35.561+0800][3.550s][gc,ref      ] GC(53) Phantom: 184 encountered, 98 discovered, 0 enqueued
[2024-07-21T22:32:35.561+0800][3.550s][gc,reloc    ] GC(53) Small Pages: 4 / 8M, Empty: 2M, Relocated: 0M, In-Place: 0
[2024-07-21T22:32:35.561+0800][3.550s][gc,reloc    ] GC(53) Medium Pages: 1 / 4M, Empty: 0M, Relocated: 0M, In-Place: 0
[2024-07-21T22:32:35.561+0800][3.550s][gc,reloc    ] GC(53) Large Pages: 58 / 116M, Empty: 80M, Relocated: 0M, In-Place: 0
[2024-07-21T22:32:35.561+0800][3.550s][gc,reloc    ] GC(53) Forwarding Usage: 0M
[2024-07-21T22:32:35.561+0800][3.550s][gc,heap     ] GC(53) Min Capacity: 8M(6%)
[2024-07-21T22:32:35.561+0800][3.550s][gc,heap     ] GC(53) Max Capacity: 128M(100%)
[2024-07-21T22:32:35.561+0800][3.550s][gc,heap     ] GC(53) Soft Max Capacity: 128M(100%)
[2024-07-21T22:32:35.561+0800][3.550s][gc,heap     ] GC(53)                Mark Start          Mark End        Relocate Start      Relocate End           High               Low         
[2024-07-21T22:32:35.561+0800][3.550s][gc,heap     ] GC(53)  Capacity:      128M (100%)        128M (100%)        128M (100%)        128M (100%)        128M (100%)        128M (100%)   
[2024-07-21T22:32:35.561+0800][3.550s][gc,heap     ] GC(53)      Free:        0M (0%)            0M (0%)           80M (62%)          80M (62%)          82M (64%)           0M (0%)     
[2024-07-21T22:32:35.561+0800][3.550s][gc,heap     ] GC(53)      Used:      128M (100%)        128M (100%)         48M (38%)          48M (38%)         128M (100%)         46M (36%)    
[2024-07-21T22:32:35.561+0800][3.550s][gc,heap     ] GC(53)      Live:         -                40M (32%)          40M (32%)          40M (32%)            -                  -          
[2024-07-21T22:32:35.561+0800][3.550s][gc,heap     ] GC(53) Allocated:         -                 0M (0%)            2M (2%)            2M (2%)             -                  -          
[2024-07-21T22:32:35.561+0800][3.550s][gc,heap     ] GC(53)   Garbage:         -                87M (68%)           5M (4%)            5M (4%)             -                  -          
[2024-07-21T22:32:35.561+0800][3.550s][gc,heap     ] GC(53) Reclaimed:         -                  -                82M (64%)          82M (64%)            -                  -          
[2024-07-21T22:32:35.561+0800][3.550s][gc          ] GC(53) Garbage Collection (Allocation Stall) 128M(100%)->48M(38%)
[2024-07-21T22:32:35.568+0800][3.556s][gc,start    ] GC(54) Garbage Collection (Allocation Rate)
[2024-07-21T22:32:35.568+0800][3.557s][gc,task     ] GC(54) Using 1 workers
[2024-07-21T22:32:35.568+0800][3.557s][gc,phases   ] GC(54) Pause Mark Start 0.007ms
[2024-07-21T22:32:35.572+0800][3.560s][gc,phases   ] GC(54) Concurrent Mark 3.286ms
[2024-07-21T22:32:35.572+0800][3.560s][gc,phases   ] GC(54) Pause Mark End 0.007ms
[2024-07-21T22:32:35.572+0800][3.560s][gc,phases   ] GC(54) Concurrent Mark Free 0.001ms
[2024-07-21T22:32:35.573+0800][3.562s][gc,phases   ] GC(54) Concurrent Process Non-Strong References 1.084ms
[2024-07-21T22:32:35.573+0800][3.562s][gc,phases   ] GC(54) Concurrent Reset Relocation Set 0.000ms
[2024-07-21T22:32:35.575+0800][3.563s][gc,phases   ] GC(54) Concurrent Select Relocation Set 1.788ms
[2024-07-21T22:32:35.575+0800][3.564s][gc,phases   ] GC(54) Pause Relocate Start 0.004ms
[2024-07-21T22:32:35.576+0800][3.564s][gc,phases   ] GC(54) Concurrent Relocate 0.619ms
[2024-07-21T22:32:35.576+0800][3.564s][gc,load     ] GC(54) Load: 0.00/0.00/0.00
[2024-07-21T22:32:35.576+0800][3.564s][gc,mmu      ] GC(54) MMU: 2ms/96.5%, 5ms/98.4%, 10ms/99.2%, 20ms/99.5%, 50ms/99.8%, 100ms/99.9%
[2024-07-21T22:32:35.576+0800][3.564s][gc,marking  ] GC(54) Mark: 1 stripe(s), 1 proactive flush(es), 1 terminate flush(es), 0 completion(s), 0 continuation(s) 
[2024-07-21T22:32:35.576+0800][3.564s][gc,marking  ] GC(54) Mark Stack Usage: 32M
[2024-07-21T22:32:35.576+0800][3.564s][gc,nmethod  ] GC(54) NMethods: 393 registered, 0 unregistered
[2024-07-21T22:32:35.576+0800][3.564s][gc,metaspace] GC(54) Metaspace: 1M used, 1M committed, 1032M reserved
[2024-07-21T22:32:35.576+0800][3.564s][gc,ref      ] GC(54) Soft: 43 encountered, 0 discovered, 0 enqueued
[2024-07-21T22:32:35.576+0800][3.564s][gc,ref      ] GC(54) Weak: 131 encountered, 107 discovered, 0 enqueued
[2024-07-21T22:32:35.576+0800][3.564s][gc,ref      ] GC(54) Final: 0 encountered, 0 discovered, 0 enqueued
[2024-07-21T22:32:35.576+0800][3.564s][gc,ref      ] GC(54) Phantom: 184 encountered, 98 discovered, 0 enqueued
[2024-07-21T22:32:35.576+0800][3.565s][gc,reloc    ] GC(54) Small Pages: 4 / 8M, Empty: 0M, Relocated: 1M, In-Place: 0
[2024-07-21T22:32:35.576+0800][3.565s][gc,reloc    ] GC(54) Medium Pages: 1 / 4M, Empty: 0M, Relocated: 0M, In-Place: 0
[2024-07-21T22:32:35.576+0800][3.565s][gc,reloc    ] GC(54) Large Pages: 20 / 40M, Empty: 40M, Relocated: 0M, In-Place: 0
[2024-07-21T22:32:35.576+0800][3.565s][gc,reloc    ] GC(54) Forwarding Usage: 0M
[2024-07-21T22:32:35.576+0800][3.565s][gc,heap     ] GC(54) Min Capacity: 8M(6%)
[2024-07-21T22:32:35.576+0800][3.565s][gc,heap     ] GC(54) Max Capacity: 128M(100%)
[2024-07-21T22:32:35.576+0800][3.565s][gc,heap     ] GC(54) Soft Max Capacity: 128M(100%)
[2024-07-21T22:32:35.576+0800][3.565s][gc,heap     ] GC(54)                Mark Start          Mark End        Relocate Start      Relocate End           High               Low         
[2024-07-21T22:32:35.576+0800][3.565s][gc,heap     ] GC(54)  Capacity:      128M (100%)        128M (100%)        128M (100%)        128M (100%)        128M (100%)        128M (100%)   
[2024-07-21T22:32:35.576+0800][3.565s][gc,heap     ] GC(54)      Free:       76M (59%)          76M (59%)         116M (91%)         118M (92%)         118M (92%)          76M (59%)    
[2024-07-21T22:32:35.576+0800][3.565s][gc,heap     ] GC(54)      Used:       52M (41%)          52M (41%)          12M (9%)           10M (8%)           52M (41%)          10M (8%)     
[2024-07-21T22:32:35.576+0800][3.565s][gc,heap     ] GC(54)      Live:         -                 4M (4%)            4M (4%)            4M (4%)             -                  -          
[2024-07-21T22:32:35.576+0800][3.565s][gc,heap     ] GC(54) Allocated:         -                 0M (0%)            0M (0%)            0M (0%)             -                  -          
[2024-07-21T22:32:35.576+0800][3.565s][gc,heap     ] GC(54)   Garbage:         -                47M (37%)           7M (6%)            5M (4%)             -                  -          
[2024-07-21T22:32:35.576+0800][3.565s][gc,heap     ] GC(54) Reclaimed:         -                  -                40M (31%)          42M (33%)            -                  -          
[2024-07-21T22:32:35.576+0800][3.565s][gc          ] GC(54) Garbage Collection (Allocation Rate) 52M(41%)->10M(8%)
[2024-07-21T22:32:35.665+0800][3.654s][gc,start    ] GC(55) Garbage Collection (Allocation Stall)
[2024-07-21T22:32:35.665+0800][3.654s][gc,ref      ] GC(55) Clearing All SoftReferences
[2024-07-21T22:32:35.665+0800][3.654s][gc,task     ] GC(55) Using 1 workers
[2024-07-21T22:32:35.665+0800][3.654s][gc,phases   ] GC(55) Pause Mark Start 0.006ms
[2024-07-21T22:32:35.669+0800][3.658s][gc,phases   ] GC(55) Concurrent Mark 3.883ms
[2024-07-21T22:32:35.670+0800][3.658s][gc,phases   ] GC(55) Pause Mark End 0.035ms
[2024-07-21T22:32:35.670+0800][3.658s][gc,phases   ] GC(55) Concurrent Mark Free 0.003ms
[2024-07-21T22:32:35.671+0800][3.660s][gc,phases   ] GC(55) Concurrent Process Non-Strong References 1.404ms
[2024-07-21T22:32:35.671+0800][3.660s][gc,phases   ] GC(55) Concurrent Reset Relocation Set 0.001ms
[2024-07-21T22:32:35.674+0800][3.663s][gc          ] Allocation Stall (main) 9.444ms
[2024-07-21T22:32:35.675+0800][3.663s][gc,phases   ] GC(55) Concurrent Select Relocation Set 3.085ms
[2024-07-21T22:32:35.675+0800][3.663s][gc,phases   ] GC(55) Pause Relocate Start 0.008ms
[2024-07-21T22:32:35.675+0800][3.663s][gc,phases   ] GC(55) Concurrent Relocate 0.073ms
[2024-07-21T22:32:35.675+0800][3.663s][gc,load     ] GC(55) Load: 0.00/0.00/0.00
[2024-07-21T22:32:35.675+0800][3.664s][gc,mmu      ] GC(55) MMU: 2ms/96.5%, 5ms/98.4%, 10ms/99.2%, 20ms/99.5%, 50ms/99.8%, 100ms/99.9%
[2024-07-21T22:32:35.675+0800][3.664s][gc,marking  ] GC(55) Mark: 1 stripe(s), 1 proactive flush(es), 1 terminate flush(es), 0 completion(s), 0 continuation(s) 
[2024-07-21T22:32:35.675+0800][3.664s][gc,marking  ] GC(55) Mark Stack Usage: 32M
[2024-07-21T22:32:35.675+0800][3.664s][gc,nmethod  ] GC(55) NMethods: 393 registered, 0 unregistered
[2024-07-21T22:32:35.675+0800][3.664s][gc,metaspace] GC(55) Metaspace: 1M used, 1M committed, 1032M reserved
[2024-07-21T22:32:35.675+0800][3.664s][gc,ref      ] GC(55) Soft: 43 encountered, 20 discovered, 0 enqueued
[2024-07-21T22:32:35.675+0800][3.664s][gc,ref      ] GC(55) Weak: 131 encountered, 107 discovered, 0 enqueued
[2024-07-21T22:32:35.675+0800][3.664s][gc,ref      ] GC(55) Final: 0 encountered, 0 discovered, 0 enqueued
[2024-07-21T22:32:35.675+0800][3.664s][gc,ref      ] GC(55) Phantom: 184 encountered, 98 discovered, 0 enqueued
[2024-07-21T22:32:35.675+0800][3.664s][gc,reloc    ] GC(55) Small Pages: 4 / 8M, Empty: 2M, Relocated: 0M, In-Place: 0
[2024-07-21T22:32:35.675+0800][3.664s][gc,reloc    ] GC(55) Medium Pages: 1 / 4M, Empty: 0M, Relocated: 0M, In-Place: 0
[2024-07-21T22:32:35.675+0800][3.664s][gc,reloc    ] GC(55) Large Pages: 58 / 116M, Empty: 80M, Relocated: 0M, In-Place: 0
[2024-07-21T22:32:35.675+0800][3.664s][gc,reloc    ] GC(55) Forwarding Usage: 0M
[2024-07-21T22:32:35.675+0800][3.664s][gc,heap     ] GC(55) Min Capacity: 8M(6%)
[2024-07-21T22:32:35.675+0800][3.664s][gc,heap     ] GC(55) Max Capacity: 128M(100%)
[2024-07-21T22:32:35.675+0800][3.664s][gc,heap     ] GC(55) Soft Max Capacity: 128M(100%)
[2024-07-21T22:32:35.675+0800][3.664s][gc,heap     ] GC(55)                Mark Start          Mark End        Relocate Start      Relocate End           High               Low         
[2024-07-21T22:32:35.675+0800][3.664s][gc,heap     ] GC(55)  Capacity:      128M (100%)        128M (100%)        128M (100%)        128M (100%)        128M (100%)        128M (100%)   
[2024-07-21T22:32:35.675+0800][3.664s][gc,heap     ] GC(55)      Free:        0M (0%)            0M (0%)           80M (62%)          78M (61%)          82M (64%)           0M (0%)     
[2024-07-21T22:32:35.675+0800][3.664s][gc,heap     ] GC(55)      Used:      128M (100%)        128M (100%)         48M (38%)          50M (39%)         128M (100%)         46M (36%)    
[2024-07-21T22:32:35.675+0800][3.664s][gc,heap     ] GC(55)      Live:         -                40M (32%)          40M (32%)          40M (32%)            -                  -          
[2024-07-21T22:32:35.675+0800][3.664s][gc,heap     ] GC(55) Allocated:         -                 0M (0%)            2M (2%)            4M (3%)             -                  -          
[2024-07-21T22:32:35.675+0800][3.664s][gc,heap     ] GC(55)   Garbage:         -                87M (68%)           5M (4%)            5M (4%)             -                  -          
[2024-07-21T22:32:35.675+0800][3.664s][gc,heap     ] GC(55) Reclaimed:         -                  -                82M (64%)          82M (64%)            -                  -          
[2024-07-21T22:32:35.675+0800][3.664s][gc          ] GC(55) Garbage Collection (Allocation Stall) 128M(100%)->50M(39%)
[2024-07-21T22:32:35.680+0800][3.668s][gc,start    ] GC(56) Garbage Collection (Allocation Rate)
[2024-07-21T22:32:35.680+0800][3.668s][gc,task     ] GC(56) Using 1 workers
[2024-07-21T22:32:35.680+0800][3.669s][gc,phases   ] GC(56) Pause Mark Start 0.039ms
[2024-07-21T22:32:35.685+0800][3.673s][gc,phases   ] GC(56) Concurrent Mark 4.107ms
[2024-07-21T22:32:35.685+0800][3.673s][gc,phases   ] GC(56) Pause Mark End 0.013ms
[2024-07-21T22:32:35.685+0800][3.673s][gc,phases   ] GC(56) Concurrent Mark Free 0.001ms
[2024-07-21T22:32:35.686+0800][3.675s][gc,phases   ] GC(56) Concurrent Process Non-Strong References 1.092ms
[2024-07-21T22:32:35.686+0800][3.675s][gc,phases   ] GC(56) Concurrent Reset Relocation Set 0.001ms
[2024-07-21T22:32:35.690+0800][3.678s][gc,phases   ] GC(56) Concurrent Select Relocation Set 3.459ms
[2024-07-21T22:32:35.690+0800][3.678s][gc,phases   ] GC(56) Pause Relocate Start 0.008ms
[2024-07-21T22:32:35.691+0800][3.680s][gc,phases   ] GC(56) Concurrent Relocate 1.177ms
[2024-07-21T22:32:35.691+0800][3.680s][gc,load     ] GC(56) Load: 0.00/0.00/0.00
[2024-07-21T22:32:35.691+0800][3.680s][gc,mmu      ] GC(56) MMU: 2ms/96.5%, 5ms/98.4%, 10ms/99.2%, 20ms/99.5%, 50ms/99.8%, 100ms/99.9%
[2024-07-21T22:32:35.691+0800][3.680s][gc,marking  ] GC(56) Mark: 1 stripe(s), 1 proactive flush(es), 1 terminate flush(es), 0 completion(s), 0 continuation(s) 
[2024-07-21T22:32:35.691+0800][3.680s][gc,marking  ] GC(56) Mark Stack Usage: 32M
[2024-07-21T22:32:35.691+0800][3.680s][gc,nmethod  ] GC(56) NMethods: 393 registered, 0 unregistered
[2024-07-21T22:32:35.691+0800][3.680s][gc,metaspace] GC(56) Metaspace: 1M used, 1M committed, 1032M reserved
[2024-07-21T22:32:35.691+0800][3.680s][gc,ref      ] GC(56) Soft: 43 encountered, 0 discovered, 0 enqueued
[2024-07-21T22:32:35.691+0800][3.680s][gc,ref      ] GC(56) Weak: 131 encountered, 107 discovered, 0 enqueued
[2024-07-21T22:32:35.691+0800][3.680s][gc,ref      ] GC(56) Final: 0 encountered, 0 discovered, 0 enqueued
[2024-07-21T22:32:35.691+0800][3.680s][gc,ref      ] GC(56) Phantom: 184 encountered, 98 discovered, 0 enqueued
[2024-07-21T22:32:35.691+0800][3.680s][gc,reloc    ] GC(56) Small Pages: 4 / 8M, Empty: 0M, Relocated: 1M, In-Place: 0
[2024-07-21T22:32:35.691+0800][3.680s][gc,reloc    ] GC(56) Medium Pages: 1 / 4M, Empty: 0M, Relocated: 0M, In-Place: 0
[2024-07-21T22:32:35.691+0800][3.680s][gc,reloc    ] GC(56) Large Pages: 20 / 40M, Empty: 40M, Relocated: 0M, In-Place: 0
[2024-07-21T22:32:35.691+0800][3.680s][gc,reloc    ] GC(56) Forwarding Usage: 0M
[2024-07-21T22:32:35.691+0800][3.680s][gc,heap     ] GC(56) Min Capacity: 8M(6%)
[2024-07-21T22:32:35.691+0800][3.680s][gc,heap     ] GC(56) Max Capacity: 128M(100%)
[2024-07-21T22:32:35.692+0800][3.680s][gc,heap     ] GC(56) Soft Max Capacity: 128M(100%)
[2024-07-21T22:32:35.692+0800][3.680s][gc,heap     ] GC(56)                Mark Start          Mark End        Relocate Start      Relocate End           High               Low         
[2024-07-21T22:32:35.692+0800][3.680s][gc,heap     ] GC(56)  Capacity:      128M (100%)        128M (100%)        128M (100%)        128M (100%)        128M (100%)        128M (100%)   
[2024-07-21T22:32:35.692+0800][3.680s][gc,heap     ] GC(56)      Free:       76M (59%)          76M (59%)         116M (91%)         118M (92%)         118M (92%)          76M (59%)    
[2024-07-21T22:32:35.692+0800][3.680s][gc,heap     ] GC(56)      Used:       52M (41%)          52M (41%)          12M (9%)           10M (8%)           52M (41%)          10M (8%)     
[2024-07-21T22:32:35.692+0800][3.680s][gc,heap     ] GC(56)      Live:         -                 4M (4%)            4M (4%)            4M (4%)             -                  -          
[2024-07-21T22:32:35.692+0800][3.680s][gc,heap     ] GC(56) Allocated:         -                 0M (0%)            0M (0%)            0M (0%)             -                  -          
[2024-07-21T22:32:35.692+0800][3.680s][gc,heap     ] GC(56)   Garbage:         -                47M (37%)           7M (6%)            5M (4%)             -                  -          
[2024-07-21T22:32:35.692+0800][3.680s][gc,heap     ] GC(56) Reclaimed:         -                  -                40M (31%)          42M (33%)            -                  -          
[2024-07-21T22:32:35.692+0800][3.680s][gc          ] GC(56) Garbage Collection (Allocation Rate) 52M(41%)->10M(8%)
[2024-07-21T22:32:35.776+0800][3.765s][gc,start    ] GC(57) Garbage Collection (Allocation Rate)
[2024-07-21T22:32:35.776+0800][3.765s][gc,task     ] GC(57) Using 1 workers
[2024-07-21T22:32:35.776+0800][3.765s][gc,phases   ] GC(57) Pause Mark Start 0.011ms
[2024-07-21T22:32:35.780+0800][3.769s][gc,phases   ] GC(57) Concurrent Mark 3.727ms
[2024-07-21T22:32:35.780+0800][3.769s][gc,phases   ] GC(57) Pause Mark End 0.009ms
[2024-07-21T22:32:35.781+0800][3.769s][gc,phases   ] GC(57) Concurrent Mark Free 0.001ms
[2024-07-21T22:32:35.782+0800][3.770s][gc,phases   ] GC(57) Concurrent Process Non-Strong References 1.004ms
[2024-07-21T22:32:35.782+0800][3.770s][gc,phases   ] GC(57) Concurrent Reset Relocation Set 0.001ms
[2024-07-21T22:32:35.783+0800][3.772s][gc          ] Allocation Stall (main) 6.042ms
[2024-07-21T22:32:35.783+0800][3.772s][gc,phases   ] GC(57) Concurrent Select Relocation Set 1.838ms
[2024-07-21T22:32:35.784+0800][3.772s][gc,phases   ] GC(57) Pause Relocate Start 0.004ms
[2024-07-21T22:32:35.784+0800][3.772s][gc,phases   ] GC(57) Concurrent Relocate 0.109ms
[2024-07-21T22:32:35.784+0800][3.772s][gc,load     ] GC(57) Load: 0.00/0.00/0.00
[2024-07-21T22:32:35.784+0800][3.772s][gc,mmu      ] GC(57) MMU: 2ms/96.5%, 5ms/98.4%, 10ms/99.2%, 20ms/99.5%, 50ms/99.8%, 100ms/99.9%
[2024-07-21T22:32:35.784+0800][3.772s][gc,marking  ] GC(57) Mark: 1 stripe(s), 2 proactive flush(es), 1 terminate flush(es), 0 completion(s), 0 continuation(s) 
[2024-07-21T22:32:35.784+0800][3.772s][gc,marking  ] GC(57) Mark Stack Usage: 32M
[2024-07-21T22:32:35.784+0800][3.773s][gc,nmethod  ] GC(57) NMethods: 394 registered, 0 unregistered
[2024-07-21T22:32:35.784+0800][3.773s][gc,metaspace] GC(57) Metaspace: 1M used, 1M committed, 1032M reserved
[2024-07-21T22:32:35.784+0800][3.773s][gc,ref      ] GC(57) Soft: 43 encountered, 0 discovered, 0 enqueued
[2024-07-21T22:32:35.784+0800][3.773s][gc,ref      ] GC(57) Weak: 131 encountered, 107 discovered, 0 enqueued
[2024-07-21T22:32:35.784+0800][3.773s][gc,ref      ] GC(57) Final: 0 encountered, 0 discovered, 0 enqueued
[2024-07-21T22:32:35.784+0800][3.773s][gc,ref      ] GC(57) Phantom: 184 encountered, 98 discovered, 0 enqueued
[2024-07-21T22:32:35.784+0800][3.773s][gc,reloc    ] GC(57) Small Pages: 4 / 8M, Empty: 2M, Relocated: 0M, In-Place: 0
[2024-07-21T22:32:35.784+0800][3.773s][gc,reloc    ] GC(57) Medium Pages: 1 / 4M, Empty: 0M, Relocated: 0M, In-Place: 0
[2024-07-21T22:32:35.784+0800][3.773s][gc,reloc    ] GC(57) Large Pages: 53 / 106M, Empty: 80M, Relocated: 0M, In-Place: 0
[2024-07-21T22:32:35.784+0800][3.773s][gc,reloc    ] GC(57) Forwarding Usage: 0M
[2024-07-21T22:32:35.784+0800][3.773s][gc,heap     ] GC(57) Min Capacity: 8M(6%)
[2024-07-21T22:32:35.784+0800][3.773s][gc,heap     ] GC(57) Max Capacity: 128M(100%)
[2024-07-21T22:32:35.784+0800][3.773s][gc,heap     ] GC(57) Soft Max Capacity: 128M(100%)
[2024-07-21T22:32:35.784+0800][3.773s][gc,heap     ] GC(57)                Mark Start          Mark End        Relocate Start      Relocate End           High               Low         
[2024-07-21T22:32:35.784+0800][3.773s][gc,heap     ] GC(57)  Capacity:      128M (100%)        128M (100%)        128M (100%)        128M (100%)        128M (100%)        128M (100%)   
[2024-07-21T22:32:35.784+0800][3.773s][gc,heap     ] GC(57)      Free:       10M (8%)            0M (0%)           78M (61%)          76M (59%)          82M (64%)           0M (0%)     
[2024-07-21T22:32:35.784+0800][3.773s][gc,heap     ] GC(57)      Used:      118M (92%)         128M (100%)         50M (39%)          52M (41%)         128M (100%)         46M (36%)    
[2024-07-21T22:32:35.784+0800][3.773s][gc,heap     ] GC(57)      Live:         -                30M (24%)          30M (24%)          30M (24%)            -                  -          
[2024-07-21T22:32:35.784+0800][3.773s][gc,heap     ] GC(57) Allocated:         -                10M (8%)           14M (11%)          16M (12%)            -                  -          
[2024-07-21T22:32:35.784+0800][3.773s][gc,heap     ] GC(57)   Garbage:         -                87M (68%)           5M (4%)            5M (4%)             -                  -          
[2024-07-21T22:32:35.784+0800][3.773s][gc,heap     ] GC(57) Reclaimed:         -                  -                82M (64%)          82M (64%)            -                  -          
[2024-07-21T22:32:35.784+0800][3.773s][gc          ] GC(57) Garbage Collection (Allocation Rate) 118M(92%)->52M(41%)
[2024-07-21T22:32:35.857+0800][3.845s][gc,start    ] GC(58) Garbage Collection (Allocation Stall)
[2024-07-21T22:32:35.857+0800][3.846s][gc,ref      ] GC(58) Clearing All SoftReferences
[2024-07-21T22:32:35.857+0800][3.846s][gc,task     ] GC(58) Using 1 workers
[2024-07-21T22:32:35.857+0800][3.846s][gc,phases   ] GC(58) Pause Mark Start 0.008ms
[2024-07-21T22:32:35.861+0800][3.850s][gc,phases   ] GC(58) Concurrent Mark 3.976ms
[2024-07-21T22:32:35.862+0800][3.850s][gc,phases   ] GC(58) Pause Mark End 0.011ms
[2024-07-21T22:32:35.862+0800][3.850s][gc,phases   ] GC(58) Concurrent Mark Free 0.001ms
[2024-07-21T22:32:35.863+0800][3.851s][gc,phases   ] GC(58) Concurrent Process Non-Strong References 1.061ms
[2024-07-21T22:32:35.863+0800][3.851s][gc,phases   ] GC(58) Concurrent Reset Relocation Set 0.001ms
[2024-07-21T22:32:35.866+0800][3.854s][gc          ] Allocation Stall (main) 8.994ms
[2024-07-21T22:32:35.866+0800][3.854s][gc,phases   ] GC(58) Concurrent Select Relocation Set 2.901ms
[2024-07-21T22:32:35.866+0800][3.855s][gc,phases   ] GC(58) Pause Relocate Start 0.007ms
[2024-07-21T22:32:35.866+0800][3.855s][gc,phases   ] GC(58) Concurrent Relocate 0.097ms
[2024-07-21T22:32:35.866+0800][3.855s][gc,load     ] GC(58) Load: 0.00/0.00/0.00
[2024-07-21T22:32:35.866+0800][3.855s][gc,mmu      ] GC(58) MMU: 2ms/96.5%, 5ms/98.4%, 10ms/99.2%, 20ms/99.5%, 50ms/99.8%, 100ms/99.9%
[2024-07-21T22:32:35.866+0800][3.855s][gc,marking  ] GC(58) Mark: 1 stripe(s), 1 proactive flush(es), 1 terminate flush(es), 0 completion(s), 0 continuation(s) 
[2024-07-21T22:32:35.866+0800][3.855s][gc,marking  ] GC(58) Mark Stack Usage: 32M
[2024-07-21T22:32:35.866+0800][3.855s][gc,nmethod  ] GC(58) NMethods: 398 registered, 0 unregistered
[2024-07-21T22:32:35.866+0800][3.855s][gc,metaspace] GC(58) Metaspace: 1M used, 1M committed, 1032M reserved
[2024-07-21T22:32:35.866+0800][3.855s][gc,ref      ] GC(58) Soft: 43 encountered, 20 discovered, 0 enqueued
[2024-07-21T22:32:35.866+0800][3.855s][gc,ref      ] GC(58) Weak: 131 encountered, 107 discovered, 0 enqueued
[2024-07-21T22:32:35.866+0800][3.855s][gc,ref      ] GC(58) Final: 0 encountered, 0 discovered, 0 enqueued
[2024-07-21T22:32:35.866+0800][3.855s][gc,ref      ] GC(58) Phantom: 184 encountered, 98 discovered, 0 enqueued
[2024-07-21T22:32:35.866+0800][3.855s][gc,reloc    ] GC(58) Small Pages: 4 / 8M, Empty: 2M, Relocated: 0M, In-Place: 0
[2024-07-21T22:32:35.867+0800][3.855s][gc,reloc    ] GC(58) Medium Pages: 1 / 4M, Empty: 0M, Relocated: 0M, In-Place: 0
[2024-07-21T22:32:35.867+0800][3.855s][gc,reloc    ] GC(58) Large Pages: 58 / 116M, Empty: 80M, Relocated: 0M, In-Place: 0
[2024-07-21T22:32:35.867+0800][3.855s][gc,reloc    ] GC(58) Forwarding Usage: 0M
[2024-07-21T22:32:35.867+0800][3.855s][gc,heap     ] GC(58) Min Capacity: 8M(6%)
[2024-07-21T22:32:35.867+0800][3.855s][gc,heap     ] GC(58) Max Capacity: 128M(100%)
[2024-07-21T22:32:35.867+0800][3.855s][gc,heap     ] GC(58) Soft Max Capacity: 128M(100%)
[2024-07-21T22:32:35.867+0800][3.855s][gc,heap     ] GC(58)                Mark Start          Mark End        Relocate Start      Relocate End           High               Low         
[2024-07-21T22:32:35.867+0800][3.855s][gc,heap     ] GC(58)  Capacity:      128M (100%)        128M (100%)        128M (100%)        128M (100%)        128M (100%)        128M (100%)   
[2024-07-21T22:32:35.867+0800][3.855s][gc,heap     ] GC(58)      Free:        0M (0%)            0M (0%)           80M (62%)          80M (62%)          82M (64%)           0M (0%)     
[2024-07-21T22:32:35.867+0800][3.855s][gc,heap     ] GC(58)      Used:      128M (100%)        128M (100%)         48M (38%)          48M (38%)         128M (100%)         46M (36%)    
[2024-07-21T22:32:35.867+0800][3.855s][gc,heap     ] GC(58)      Live:         -                40M (32%)          40M (32%)          40M (32%)            -                  -          
[2024-07-21T22:32:35.867+0800][3.855s][gc,heap     ] GC(58) Allocated:         -                 0M (0%)            2M (2%)            2M (2%)             -                  -          
[2024-07-21T22:32:35.867+0800][3.855s][gc,heap     ] GC(58)   Garbage:         -                87M (68%)           5M (4%)            5M (4%)             -                  -          
[2024-07-21T22:32:35.867+0800][3.855s][gc,heap     ] GC(58) Reclaimed:         -                  -                82M (64%)          82M (64%)            -                  -          
[2024-07-21T22:32:35.867+0800][3.855s][gc          ] GC(58) Garbage Collection (Allocation Stall) 128M(100%)->48M(38%)
[2024-07-21T22:32:35.872+0800][3.860s][gc,start    ] GC(59) Garbage Collection (Allocation Rate)
[2024-07-21T22:32:35.872+0800][3.860s][gc,task     ] GC(59) Using 1 workers
[2024-07-21T22:32:35.872+0800][3.861s][gc,phases   ] GC(59) Pause Mark Start 0.006ms
[2024-07-21T22:32:35.876+0800][3.865s][gc,phases   ] GC(59) Concurrent Mark 3.982ms
[2024-07-21T22:32:35.876+0800][3.865s][gc,phases   ] GC(59) Pause Mark End 0.013ms
[2024-07-21T22:32:35.876+0800][3.865s][gc,phases   ] GC(59) Concurrent Mark Free 0.001ms
[2024-07-21T22:32:35.878+0800][3.866s][gc,phases   ] GC(59) Concurrent Process Non-Strong References 1.192ms
[2024-07-21T22:32:35.878+0800][3.866s][gc,phases   ] GC(59) Concurrent Reset Relocation Set 0.001ms
[2024-07-21T22:32:35.880+0800][3.868s][gc,phases   ] GC(59) Concurrent Select Relocation Set 2.146ms
[2024-07-21T22:32:35.880+0800][3.868s][gc,phases   ] GC(59) Pause Relocate Start 0.007ms
[2024-07-21T22:32:35.881+0800][3.869s][gc,phases   ] GC(59) Concurrent Relocate 0.672ms
[2024-07-21T22:32:35.881+0800][3.869s][gc,load     ] GC(59) Load: 0.00/0.00/0.00
[2024-07-21T22:32:35.881+0800][3.869s][gc,mmu      ] GC(59) MMU: 2ms/96.5%, 5ms/98.4%, 10ms/99.2%, 20ms/99.5%, 50ms/99.8%, 100ms/99.9%
[2024-07-21T22:32:35.881+0800][3.869s][gc,marking  ] GC(59) Mark: 1 stripe(s), 1 proactive flush(es), 1 terminate flush(es), 0 completion(s), 0 continuation(s) 
[2024-07-21T22:32:35.881+0800][3.869s][gc,marking  ] GC(59) Mark Stack Usage: 32M
[2024-07-21T22:32:35.881+0800][3.869s][gc,nmethod  ] GC(59) NMethods: 403 registered, 0 unregistered
[2024-07-21T22:32:35.881+0800][3.869s][gc,metaspace] GC(59) Metaspace: 1M used, 1M committed, 1032M reserved
[2024-07-21T22:32:35.881+0800][3.869s][gc,ref      ] GC(59) Soft: 43 encountered, 0 discovered, 0 enqueued
[2024-07-21T22:32:35.881+0800][3.869s][gc,ref      ] GC(59) Weak: 131 encountered, 107 discovered, 0 enqueued
[2024-07-21T22:32:35.881+0800][3.869s][gc,ref      ] GC(59) Final: 0 encountered, 0 discovered, 0 enqueued
[2024-07-21T22:32:35.881+0800][3.869s][gc,ref      ] GC(59) Phantom: 184 encountered, 98 discovered, 0 enqueued
[2024-07-21T22:32:35.881+0800][3.869s][gc,reloc    ] GC(59) Small Pages: 4 / 8M, Empty: 0M, Relocated: 1M, In-Place: 0
[2024-07-21T22:32:35.881+0800][3.869s][gc,reloc    ] GC(59) Medium Pages: 1 / 4M, Empty: 0M, Relocated: 0M, In-Place: 0
[2024-07-21T22:32:35.881+0800][3.870s][gc,reloc    ] GC(59) Large Pages: 20 / 40M, Empty: 40M, Relocated: 0M, In-Place: 0
[2024-07-21T22:32:35.881+0800][3.870s][gc,reloc    ] GC(59) Forwarding Usage: 0M
[2024-07-21T22:32:35.881+0800][3.870s][gc,heap     ] GC(59) Min Capacity: 8M(6%)
[2024-07-21T22:32:35.881+0800][3.870s][gc,heap     ] GC(59) Max Capacity: 128M(100%)
[2024-07-21T22:32:35.881+0800][3.870s][gc,heap     ] GC(59) Soft Max Capacity: 128M(100%)
[2024-07-21T22:32:35.881+0800][3.870s][gc,heap     ] GC(59)                Mark Start          Mark End        Relocate Start      Relocate End           High               Low         
[2024-07-21T22:32:35.881+0800][3.870s][gc,heap     ] GC(59)  Capacity:      128M (100%)        128M (100%)        128M (100%)        128M (100%)        128M (100%)        128M (100%)   
[2024-07-21T22:32:35.881+0800][3.870s][gc,heap     ] GC(59)      Free:       76M (59%)          76M (59%)         116M (91%)         118M (92%)         118M (92%)          76M (59%)    
[2024-07-21T22:32:35.881+0800][3.870s][gc,heap     ] GC(59)      Used:       52M (41%)          52M (41%)          12M (9%)           10M (8%)           52M (41%)          10M (8%)     
[2024-07-21T22:32:35.881+0800][3.870s][gc,heap     ] GC(59)      Live:         -                 4M (4%)            4M (4%)            4M (4%)             -                  -          
[2024-07-21T22:32:35.881+0800][3.870s][gc,heap     ] GC(59) Allocated:         -                 0M (0%)            0M (0%)            0M (0%)             -                  -          
[2024-07-21T22:32:35.881+0800][3.870s][gc,heap     ] GC(59)   Garbage:         -                47M (37%)           7M (6%)            5M (4%)             -                  -          
[2024-07-21T22:32:35.881+0800][3.870s][gc,heap     ] GC(59) Reclaimed:         -                  -                40M (31%)          42M (33%)            -                  -          
[2024-07-21T22:32:35.881+0800][3.870s][gc          ] GC(59) Garbage Collection (Allocation Rate) 52M(41%)->10M(8%)
[2024-07-21T22:32:35.967+0800][3.955s][gc,start    ] GC(60) Garbage Collection (Allocation Rate)
[2024-07-21T22:32:35.967+0800][3.956s][gc,task     ] GC(60) Using 1 workers
[2024-07-21T22:32:35.967+0800][3.956s][gc,phases   ] GC(60) Pause Mark Start 0.014ms
[2024-07-21T22:32:35.971+0800][3.960s][gc,phases   ] GC(60) Concurrent Mark 3.788ms
[2024-07-21T22:32:35.972+0800][3.960s][gc,phases   ] GC(60) Pause Mark End 0.009ms
[2024-07-21T22:32:35.972+0800][3.960s][gc,phases   ] GC(60) Concurrent Mark Free 0.001ms
[2024-07-21T22:32:35.973+0800][3.961s][gc,phases   ] GC(60) Concurrent Process Non-Strong References 1.060ms
[2024-07-21T22:32:35.973+0800][3.961s][gc,phases   ] GC(60) Concurrent Reset Relocation Set 0.001ms
[2024-07-21T22:32:35.975+0800][3.963s][gc          ] Allocation Stall (main) 6.176ms
[2024-07-21T22:32:35.975+0800][3.963s][gc,phases   ] GC(60) Concurrent Select Relocation Set 1.800ms
[2024-07-21T22:32:35.975+0800][3.963s][gc,phases   ] GC(60) Pause Relocate Start 0.004ms
[2024-07-21T22:32:35.975+0800][3.964s][gc,phases   ] GC(60) Concurrent Relocate 0.115ms
[2024-07-21T22:32:35.975+0800][3.964s][gc,load     ] GC(60) Load: 0.00/0.00/0.00
[2024-07-21T22:32:35.975+0800][3.964s][gc,mmu      ] GC(60) MMU: 2ms/96.5%, 5ms/98.4%, 10ms/99.2%, 20ms/99.5%, 50ms/99.8%, 100ms/99.9%
[2024-07-21T22:32:35.975+0800][3.964s][gc,marking  ] GC(60) Mark: 1 stripe(s), 2 proactive flush(es), 1 terminate flush(es), 0 completion(s), 0 continuation(s) 
[2024-07-21T22:32:35.975+0800][3.964s][gc,marking  ] GC(60) Mark Stack Usage: 32M
[2024-07-21T22:32:35.975+0800][3.964s][gc,nmethod  ] GC(60) NMethods: 404 registered, 0 unregistered
[2024-07-21T22:32:35.975+0800][3.964s][gc,metaspace] GC(60) Metaspace: 1M used, 1M committed, 1032M reserved
[2024-07-21T22:32:35.975+0800][3.964s][gc,ref      ] GC(60) Soft: 43 encountered, 0 discovered, 0 enqueued
[2024-07-21T22:32:35.975+0800][3.964s][gc,ref      ] GC(60) Weak: 131 encountered, 107 discovered, 0 enqueued
[2024-07-21T22:32:35.975+0800][3.964s][gc,ref      ] GC(60) Final: 0 encountered, 0 discovered, 0 enqueued
[2024-07-21T22:32:35.975+0800][3.964s][gc,ref      ] GC(60) Phantom: 184 encountered, 98 discovered, 0 enqueued
[2024-07-21T22:32:35.975+0800][3.964s][gc,reloc    ] GC(60) Small Pages: 4 / 8M, Empty: 2M, Relocated: 0M, In-Place: 0
[2024-07-21T22:32:35.975+0800][3.964s][gc,reloc    ] GC(60) Medium Pages: 1 / 4M, Empty: 0M, Relocated: 0M, In-Place: 0
[2024-07-21T22:32:35.975+0800][3.964s][gc,reloc    ] GC(60) Large Pages: 53 / 106M, Empty: 80M, Relocated: 0M, In-Place: 0
[2024-07-21T22:32:35.975+0800][3.964s][gc,reloc    ] GC(60) Forwarding Usage: 0M
[2024-07-21T22:32:35.975+0800][3.964s][gc,heap     ] GC(60) Min Capacity: 8M(6%)
[2024-07-21T22:32:35.975+0800][3.964s][gc,heap     ] GC(60) Max Capacity: 128M(100%)
[2024-07-21T22:32:35.975+0800][3.964s][gc,heap     ] GC(60) Soft Max Capacity: 128M(100%)
[2024-07-21T22:32:35.975+0800][3.964s][gc,heap     ] GC(60)                Mark Start          Mark End        Relocate Start      Relocate End           High               Low         
[2024-07-21T22:32:35.975+0800][3.964s][gc,heap     ] GC(60)  Capacity:      128M (100%)        128M (100%)        128M (100%)        128M (100%)        128M (100%)        128M (100%)   
[2024-07-21T22:32:35.975+0800][3.964s][gc,heap     ] GC(60)      Free:       10M (8%)            0M (0%)           76M (59%)          76M (59%)          82M (64%)           0M (0%)     
[2024-07-21T22:32:35.975+0800][3.964s][gc,heap     ] GC(60)      Used:      118M (92%)         128M (100%)         52M (41%)          52M (41%)         128M (100%)         46M (36%)    
[2024-07-21T22:32:35.975+0800][3.964s][gc,heap     ] GC(60)      Live:         -                30M (24%)          30M (24%)          30M (24%)            -                  -          
[2024-07-21T22:32:35.975+0800][3.964s][gc,heap     ] GC(60) Allocated:         -                10M (8%)           16M (12%)          16M (12%)            -                  -          
[2024-07-21T22:32:35.975+0800][3.964s][gc,heap     ] GC(60)   Garbage:         -                87M (68%)           5M (4%)            5M (4%)             -                  -          
[2024-07-21T22:32:35.975+0800][3.964s][gc,heap     ] GC(60) Reclaimed:         -                  -                82M (64%)          82M (64%)            -                  -          
[2024-07-21T22:32:35.975+0800][3.964s][gc          ] GC(60) Garbage Collection (Allocation Rate) 118M(92%)->52M(41%)
[2024-07-21T22:32:36.048+0800][4.036s][gc,start    ] GC(61) Garbage Collection (Allocation Stall)
[2024-07-21T22:32:36.048+0800][4.036s][gc,ref      ] GC(61) Clearing All SoftReferences
[2024-07-21T22:32:36.048+0800][4.036s][gc,task     ] GC(61) Using 1 workers
[2024-07-21T22:32:36.048+0800][4.037s][gc,phases   ] GC(61) Pause Mark Start 0.006ms
[2024-07-21T22:32:36.052+0800][4.041s][gc,phases   ] GC(61) Concurrent Mark 3.795ms
[2024-07-21T22:32:36.052+0800][4.041s][gc,phases   ] GC(61) Pause Mark End 0.012ms
[2024-07-21T22:32:36.052+0800][4.041s][gc,phases   ] GC(61) Concurrent Mark Free 0.001ms
[2024-07-21T22:32:36.053+0800][4.042s][gc,phases   ] GC(61) Concurrent Process Non-Strong References 1.060ms
[2024-07-21T22:32:36.053+0800][4.042s][gc,phases   ] GC(61) Concurrent Reset Relocation Set 0.001ms
[2024-07-21T22:32:36.056+0800][4.045s][gc          ] Allocation Stall (main) 8.496ms
[2024-07-21T22:32:36.056+0800][4.045s][gc,phases   ] GC(61) Concurrent Select Relocation Set 2.872ms
[2024-07-21T22:32:36.057+0800][4.045s][gc,phases   ] GC(61) Pause Relocate Start 0.022ms
[2024-07-21T22:32:36.057+0800][4.046s][gc,phases   ] GC(61) Concurrent Relocate 0.115ms
[2024-07-21T22:32:36.057+0800][4.046s][gc,load     ] GC(61) Load: 0.00/0.00/0.00
[2024-07-21T22:32:36.057+0800][4.046s][gc,mmu      ] GC(61) MMU: 2ms/96.5%, 5ms/98.4%, 10ms/99.2%, 20ms/99.5%, 50ms/99.8%, 100ms/99.9%
[2024-07-21T22:32:36.057+0800][4.046s][gc,marking  ] GC(61) Mark: 1 stripe(s), 1 proactive flush(es), 1 terminate flush(es), 0 completion(s), 0 continuation(s) 
[2024-07-21T22:32:36.057+0800][4.046s][gc,marking  ] GC(61) Mark Stack Usage: 32M
[2024-07-21T22:32:36.057+0800][4.046s][gc,nmethod  ] GC(61) NMethods: 407 registered, 0 unregistered
[2024-07-21T22:32:36.057+0800][4.046s][gc,metaspace] GC(61) Metaspace: 1M used, 1M committed, 1032M reserved
[2024-07-21T22:32:36.057+0800][4.046s][gc,ref      ] GC(61) Soft: 43 encountered, 20 discovered, 0 enqueued
[2024-07-21T22:32:36.057+0800][4.046s][gc,ref      ] GC(61) Weak: 131 encountered, 107 discovered, 0 enqueued
[2024-07-21T22:32:36.057+0800][4.046s][gc,ref      ] GC(61) Final: 0 encountered, 0 discovered, 0 enqueued
[2024-07-21T22:32:36.057+0800][4.046s][gc,ref      ] GC(61) Phantom: 184 encountered, 98 discovered, 0 enqueued
[2024-07-21T22:32:36.057+0800][4.046s][gc,reloc    ] GC(61) Small Pages: 4 / 8M, Empty: 2M, Relocated: 0M, In-Place: 0
[2024-07-21T22:32:36.057+0800][4.046s][gc,reloc    ] GC(61) Medium Pages: 1 / 4M, Empty: 0M, Relocated: 0M, In-Place: 0
[2024-07-21T22:32:36.057+0800][4.046s][gc,reloc    ] GC(61) Large Pages: 58 / 116M, Empty: 80M, Relocated: 0M, In-Place: 0
[2024-07-21T22:32:36.057+0800][4.046s][gc,reloc    ] GC(61) Forwarding Usage: 0M
[2024-07-21T22:32:36.057+0800][4.046s][gc,heap     ] GC(61) Min Capacity: 8M(6%)
[2024-07-21T22:32:36.057+0800][4.046s][gc,heap     ] GC(61) Max Capacity: 128M(100%)
[2024-07-21T22:32:36.057+0800][4.046s][gc,heap     ] GC(61) Soft Max Capacity: 128M(100%)
[2024-07-21T22:32:36.057+0800][4.046s][gc,heap     ] GC(61)                Mark Start          Mark End        Relocate Start      Relocate End           High               Low         
[2024-07-21T22:32:36.057+0800][4.046s][gc,heap     ] GC(61)  Capacity:      128M (100%)        128M (100%)        128M (100%)        128M (100%)        128M (100%)        128M (100%)   
[2024-07-21T22:32:36.057+0800][4.046s][gc,heap     ] GC(61)      Free:        0M (0%)            0M (0%)           80M (62%)          80M (62%)          82M (64%)           0M (0%)     
[2024-07-21T22:32:36.057+0800][4.046s][gc,heap     ] GC(61)      Used:      128M (100%)        128M (100%)         48M (38%)          48M (38%)         128M (100%)         46M (36%)    
[2024-07-21T22:32:36.057+0800][4.046s][gc,heap     ] GC(61)      Live:         -                40M (32%)          40M (32%)          40M (32%)            -                  -          
[2024-07-21T22:32:36.057+0800][4.046s][gc,heap     ] GC(61) Allocated:         -                 0M (0%)            2M (2%)            2M (2%)             -                  -          
[2024-07-21T22:32:36.057+0800][4.046s][gc,heap     ] GC(61)   Garbage:         -                87M (68%)           5M (4%)            5M (4%)             -                  -          
[2024-07-21T22:32:36.058+0800][4.046s][gc,heap     ] GC(61) Reclaimed:         -                  -                82M (64%)          82M (64%)            -                  -          
[2024-07-21T22:32:36.058+0800][4.046s][gc          ] GC(61) Garbage Collection (Allocation Stall) 128M(100%)->48M(38%)
[2024-07-21T22:32:36.078+0800][4.066s][gc,start    ] GC(62) Garbage Collection (Allocation Rate)
[2024-07-21T22:32:36.078+0800][4.066s][gc,task     ] GC(62) Using 1 workers
[2024-07-21T22:32:36.078+0800][4.067s][gc,phases   ] GC(62) Pause Mark Start 0.007ms
[2024-07-21T22:32:36.083+0800][4.071s][gc,phases   ] GC(62) Concurrent Mark 4.416ms
[2024-07-21T22:32:36.083+0800][4.071s][gc,phases   ] GC(62) Pause Mark End 0.035ms
[2024-07-21T22:32:36.083+0800][4.071s][gc,phases   ] GC(62) Concurrent Mark Free 0.001ms
[2024-07-21T22:32:36.084+0800][4.073s][gc,phases   ] GC(62) Concurrent Process Non-Strong References 1.033ms
[2024-07-21T22:32:36.084+0800][4.073s][gc,phases   ] GC(62) Concurrent Reset Relocation Set 0.000ms
[2024-07-21T22:32:36.087+0800][4.076s][gc,phases   ] GC(62) Concurrent Select Relocation Set 3.348ms
[2024-07-21T22:32:36.088+0800][4.076s][gc,phases   ] GC(62) Pause Relocate Start 0.007ms
[2024-07-21T22:32:36.088+0800][4.076s][gc,phases   ] GC(62) Concurrent Relocate 0.077ms
[2024-07-21T22:32:36.088+0800][4.076s][gc,load     ] GC(62) Load: 0.00/0.00/0.00
[2024-07-21T22:32:36.088+0800][4.076s][gc,mmu      ] GC(62) MMU: 2ms/96.5%, 5ms/98.4%, 10ms/99.2%, 20ms/99.5%, 50ms/99.8%, 100ms/99.9%
[2024-07-21T22:32:36.088+0800][4.076s][gc,marking  ] GC(62) Mark: 1 stripe(s), 2 proactive flush(es), 1 terminate flush(es), 0 completion(s), 0 continuation(s) 
[2024-07-21T22:32:36.088+0800][4.076s][gc,marking  ] GC(62) Mark Stack Usage: 32M
[2024-07-21T22:32:36.088+0800][4.076s][gc,nmethod  ] GC(62) NMethods: 409 registered, 0 unregistered
[2024-07-21T22:32:36.088+0800][4.076s][gc,metaspace] GC(62) Metaspace: 1M used, 1M committed, 1032M reserved
[2024-07-21T22:32:36.088+0800][4.076s][gc,ref      ] GC(62) Soft: 43 encountered, 0 discovered, 0 enqueued
[2024-07-21T22:32:36.088+0800][4.076s][gc,ref      ] GC(62) Weak: 131 encountered, 107 discovered, 0 enqueued
[2024-07-21T22:32:36.088+0800][4.076s][gc,ref      ] GC(62) Final: 0 encountered, 0 discovered, 0 enqueued
[2024-07-21T22:32:36.088+0800][4.076s][gc,ref      ] GC(62) Phantom: 184 encountered, 98 discovered, 0 enqueued
[2024-07-21T22:32:36.088+0800][4.077s][gc,reloc    ] GC(62) Small Pages: 4 / 8M, Empty: 2M, Relocated: 0M, In-Place: 0
[2024-07-21T22:32:36.088+0800][4.077s][gc,reloc    ] GC(62) Medium Pages: 1 / 4M, Empty: 0M, Relocated: 0M, In-Place: 0
[2024-07-21T22:32:36.088+0800][4.077s][gc,reloc    ] GC(62) Large Pages: 22 / 44M, Empty: 40M, Relocated: 0M, In-Place: 0
[2024-07-21T22:32:36.088+0800][4.077s][gc,reloc    ] GC(62) Forwarding Usage: 0M
[2024-07-21T22:32:36.088+0800][4.077s][gc,heap     ] GC(62) Min Capacity: 8M(6%)
[2024-07-21T22:32:36.088+0800][4.077s][gc,heap     ] GC(62) Max Capacity: 128M(100%)
[2024-07-21T22:32:36.088+0800][4.077s][gc,heap     ] GC(62) Soft Max Capacity: 128M(100%)
[2024-07-21T22:32:36.088+0800][4.077s][gc,heap     ] GC(62)                Mark Start          Mark End        Relocate Start      Relocate End           High               Low         
[2024-07-21T22:32:36.088+0800][4.077s][gc,heap     ] GC(62)  Capacity:      128M (100%)        128M (100%)        128M (100%)        128M (100%)        128M (100%)        128M (100%)   
[2024-07-21T22:32:36.088+0800][4.077s][gc,heap     ] GC(62)      Free:       72M (56%)          54M (42%)          96M (75%)          96M (75%)          96M (75%)          54M (42%)    
[2024-07-21T22:32:36.088+0800][4.077s][gc,heap     ] GC(62)      Used:       56M (44%)          74M (58%)          32M (25%)          32M (25%)          74M (58%)          32M (25%)    
[2024-07-21T22:32:36.088+0800][4.077s][gc,heap     ] GC(62)      Live:         -                 8M (7%)            8M (7%)            8M (7%)             -                  -          
[2024-07-21T22:32:36.088+0800][4.077s][gc,heap     ] GC(62) Allocated:         -                18M (14%)          18M (14%)          18M (14%)            -                  -          
[2024-07-21T22:32:36.088+0800][4.077s][gc,heap     ] GC(62)   Garbage:         -                47M (37%)           5M (4%)            5M (4%)             -                  -          
[2024-07-21T22:32:36.088+0800][4.077s][gc,heap     ] GC(62) Reclaimed:         -                  -                42M (33%)          42M (33%)            -                  -          
[2024-07-21T22:32:36.088+0800][4.077s][gc          ] GC(62) Garbage Collection (Allocation Rate) 56M(44%)->32M(25%)
[2024-07-21T22:32:36.156+0800][4.145s][gc,start    ] GC(63) Garbage Collection (Allocation Stall)
[2024-07-21T22:32:36.156+0800][4.145s][gc,ref      ] GC(63) Clearing All SoftReferences
[2024-07-21T22:32:36.156+0800][4.145s][gc,task     ] GC(63) Using 1 workers
[2024-07-21T22:32:36.157+0800][4.145s][gc,phases   ] GC(63) Pause Mark Start 0.042ms
[2024-07-21T22:32:36.160+0800][4.149s][gc,phases   ] GC(63) Concurrent Mark 3.579ms
[2024-07-21T22:32:36.161+0800][4.149s][gc,phases   ] GC(63) Pause Mark End 0.017ms
[2024-07-21T22:32:36.161+0800][4.149s][gc,phases   ] GC(63) Concurrent Mark Free 0.001ms
[2024-07-21T22:32:36.162+0800][4.150s][gc,phases   ] GC(63) Concurrent Process Non-Strong References 1.104ms
[2024-07-21T22:32:36.162+0800][4.150s][gc,phases   ] GC(63) Concurrent Reset Relocation Set 0.000ms
[2024-07-21T22:32:36.164+0800][4.152s][gc          ] Allocation Stall (main) 7.426ms
[2024-07-21T22:32:36.164+0800][4.152s][gc,phases   ] GC(63) Concurrent Select Relocation Set 1.828ms
[2024-07-21T22:32:36.164+0800][4.152s][gc,phases   ] GC(63) Pause Relocate Start 0.004ms
[2024-07-21T22:32:36.164+0800][4.153s][gc,phases   ] GC(63) Concurrent Relocate 0.114ms
[2024-07-21T22:32:36.164+0800][4.153s][gc,load     ] GC(63) Load: 0.00/0.00/0.00
[2024-07-21T22:32:36.164+0800][4.153s][gc,mmu      ] GC(63) MMU: 2ms/96.5%, 5ms/98.4%, 10ms/99.2%, 20ms/99.5%, 50ms/99.8%, 100ms/99.9%
[2024-07-21T22:32:36.164+0800][4.153s][gc,marking  ] GC(63) Mark: 1 stripe(s), 1 proactive flush(es), 1 terminate flush(es), 0 completion(s), 0 continuation(s) 
[2024-07-21T22:32:36.164+0800][4.153s][gc,marking  ] GC(63) Mark Stack Usage: 32M
[2024-07-21T22:32:36.164+0800][4.153s][gc,nmethod  ] GC(63) NMethods: 410 registered, 0 unregistered
[2024-07-21T22:32:36.164+0800][4.153s][gc,metaspace] GC(63) Metaspace: 1M used, 1M committed, 1032M reserved
[2024-07-21T22:32:36.164+0800][4.153s][gc,ref      ] GC(63) Soft: 43 encountered, 20 discovered, 0 enqueued
[2024-07-21T22:32:36.164+0800][4.153s][gc,ref      ] GC(63) Weak: 131 encountered, 107 discovered, 0 enqueued
[2024-07-21T22:32:36.164+0800][4.153s][gc,ref      ] GC(63) Final: 0 encountered, 0 discovered, 0 enqueued
[2024-07-21T22:32:36.164+0800][4.153s][gc,ref      ] GC(63) Phantom: 184 encountered, 98 discovered, 0 enqueued
[2024-07-21T22:32:36.164+0800][4.153s][gc,reloc    ] GC(63) Small Pages: 4 / 8M, Empty: 2M, Relocated: 0M, In-Place: 0
[2024-07-21T22:32:36.164+0800][4.153s][gc,reloc    ] GC(63) Medium Pages: 1 / 4M, Empty: 0M, Relocated: 0M, In-Place: 0
[2024-07-21T22:32:36.164+0800][4.153s][gc,reloc    ] GC(63) Large Pages: 58 / 116M, Empty: 80M, Relocated: 0M, In-Place: 0
[2024-07-21T22:32:36.164+0800][4.153s][gc,reloc    ] GC(63) Forwarding Usage: 0M
[2024-07-21T22:32:36.164+0800][4.153s][gc,heap     ] GC(63) Min Capacity: 8M(6%)
[2024-07-21T22:32:36.164+0800][4.153s][gc,heap     ] GC(63) Max Capacity: 128M(100%)
[2024-07-21T22:32:36.164+0800][4.153s][gc,heap     ] GC(63) Soft Max Capacity: 128M(100%)
[2024-07-21T22:32:36.164+0800][4.153s][gc,heap     ] GC(63)                Mark Start          Mark End        Relocate Start      Relocate End           High               Low         
[2024-07-21T22:32:36.164+0800][4.153s][gc,heap     ] GC(63)  Capacity:      128M (100%)        128M (100%)        128M (100%)        128M (100%)        128M (100%)        128M (100%)   
[2024-07-21T22:32:36.164+0800][4.153s][gc,heap     ] GC(63)      Free:        0M (0%)            0M (0%)           80M (62%)          76M (59%)          82M (64%)           0M (0%)     
[2024-07-21T22:32:36.164+0800][4.153s][gc,heap     ] GC(63)      Used:      128M (100%)        128M (100%)         48M (38%)          52M (41%)         128M (100%)         46M (36%)    
[2024-07-21T22:32:36.164+0800][4.153s][gc,heap     ] GC(63)      Live:         -                40M (32%)          40M (32%)          40M (32%)            -                  -          
[2024-07-21T22:32:36.164+0800][4.153s][gc,heap     ] GC(63) Allocated:         -                 0M (0%)            2M (2%)            6M (5%)             -                  -          
[2024-07-21T22:32:36.164+0800][4.153s][gc,heap     ] GC(63)   Garbage:         -                87M (68%)           5M (4%)            5M (4%)             -                  -          
[2024-07-21T22:32:36.164+0800][4.153s][gc,heap     ] GC(63) Reclaimed:         -                  -                82M (64%)          82M (64%)            -                  -          
[2024-07-21T22:32:36.165+0800][4.153s][gc          ] GC(63) Garbage Collection (Allocation Stall) 128M(100%)->52M(41%)
[2024-07-21T22:32:36.170+0800][4.158s][gc,start    ] GC(64) Garbage Collection (Allocation Rate)
[2024-07-21T22:32:36.170+0800][4.159s][gc,task     ] GC(64) Using 1 workers
[2024-07-21T22:32:36.170+0800][4.159s][gc,phases   ] GC(64) Pause Mark Start 0.007ms
[2024-07-21T22:32:36.174+0800][4.162s][gc,phases   ] GC(64) Concurrent Mark 3.314ms
[2024-07-21T22:32:36.174+0800][4.162s][gc,phases   ] GC(64) Pause Mark End 0.008ms
[2024-07-21T22:32:36.174+0800][4.163s][gc,phases   ] GC(64) Concurrent Mark Free 0.001ms
[2024-07-21T22:32:36.175+0800][4.164s][gc,phases   ] GC(64) Concurrent Process Non-Strong References 1.013ms
[2024-07-21T22:32:36.175+0800][4.164s][gc,phases   ] GC(64) Concurrent Reset Relocation Set 0.000ms
[2024-07-21T22:32:36.177+0800][4.165s][gc,phases   ] GC(64) Concurrent Select Relocation Set 1.857ms
[2024-07-21T22:32:36.177+0800][4.166s][gc,phases   ] GC(64) Pause Relocate Start 0.004ms
[2024-07-21T22:32:36.178+0800][4.166s][gc,phases   ] GC(64) Concurrent Relocate 0.569ms
[2024-07-21T22:32:36.178+0800][4.166s][gc,load     ] GC(64) Load: 0.00/0.00/0.00
[2024-07-21T22:32:36.178+0800][4.166s][gc,mmu      ] GC(64) MMU: 2ms/96.5%, 5ms/98.4%, 10ms/99.2%, 20ms/99.5%, 50ms/99.8%, 100ms/99.9%
[2024-07-21T22:32:36.178+0800][4.166s][gc,marking  ] GC(64) Mark: 1 stripe(s), 1 proactive flush(es), 1 terminate flush(es), 0 completion(s), 0 continuation(s) 
[2024-07-21T22:32:36.178+0800][4.166s][gc,marking  ] GC(64) Mark Stack Usage: 32M
[2024-07-21T22:32:36.178+0800][4.166s][gc,nmethod  ] GC(64) NMethods: 410 registered, 0 unregistered
[2024-07-21T22:32:36.178+0800][4.166s][gc,metaspace] GC(64) Metaspace: 1M used, 1M committed, 1032M reserved
[2024-07-21T22:32:36.178+0800][4.166s][gc,ref      ] GC(64) Soft: 43 encountered, 0 discovered, 0 enqueued
[2024-07-21T22:32:36.178+0800][4.166s][gc,ref      ] GC(64) Weak: 131 encountered, 107 discovered, 0 enqueued
[2024-07-21T22:32:36.178+0800][4.166s][gc,ref      ] GC(64) Final: 0 encountered, 0 discovered, 0 enqueued
[2024-07-21T22:32:36.178+0800][4.166s][gc,ref      ] GC(64) Phantom: 184 encountered, 98 discovered, 0 enqueued
[2024-07-21T22:32:36.178+0800][4.166s][gc,reloc    ] GC(64) Small Pages: 4 / 8M, Empty: 0M, Relocated: 1M, In-Place: 0
[2024-07-21T22:32:36.178+0800][4.167s][gc,reloc    ] GC(64) Medium Pages: 1 / 4M, Empty: 0M, Relocated: 0M, In-Place: 0
[2024-07-21T22:32:36.178+0800][4.167s][gc,reloc    ] GC(64) Large Pages: 20 / 40M, Empty: 40M, Relocated: 0M, In-Place: 0
[2024-07-21T22:32:36.178+0800][4.167s][gc,reloc    ] GC(64) Forwarding Usage: 0M
[2024-07-21T22:32:36.178+0800][4.167s][gc,heap     ] GC(64) Min Capacity: 8M(6%)
[2024-07-21T22:32:36.178+0800][4.167s][gc,heap     ] GC(64) Max Capacity: 128M(100%)
[2024-07-21T22:32:36.178+0800][4.167s][gc,heap     ] GC(64) Soft Max Capacity: 128M(100%)
[2024-07-21T22:32:36.178+0800][4.167s][gc,heap     ] GC(64)                Mark Start          Mark End        Relocate Start      Relocate End           High               Low         
[2024-07-21T22:32:36.178+0800][4.167s][gc,heap     ] GC(64)  Capacity:      128M (100%)        128M (100%)        128M (100%)        128M (100%)        128M (100%)        128M (100%)   
[2024-07-21T22:32:36.178+0800][4.167s][gc,heap     ] GC(64)      Free:       76M (59%)          76M (59%)         116M (91%)         118M (92%)         118M (92%)          76M (59%)    
[2024-07-21T22:32:36.178+0800][4.167s][gc,heap     ] GC(64)      Used:       52M (41%)          52M (41%)          12M (9%)           10M (8%)           52M (41%)          10M (8%)     
[2024-07-21T22:32:36.178+0800][4.167s][gc,heap     ] GC(64)      Live:         -                 4M (4%)            4M (4%)            4M (4%)             -                  -          
[2024-07-21T22:32:36.178+0800][4.167s][gc,heap     ] GC(64) Allocated:         -                 0M (0%)            0M (0%)            0M (0%)             -                  -          
[2024-07-21T22:32:36.178+0800][4.167s][gc,heap     ] GC(64)   Garbage:         -                47M (37%)           7M (6%)            5M (4%)             -                  -          
[2024-07-21T22:32:36.178+0800][4.167s][gc,heap     ] GC(64) Reclaimed:         -                  -                40M (31%)          42M (33%)            -                  -          
[2024-07-21T22:32:36.178+0800][4.167s][gc          ] GC(64) Garbage Collection (Allocation Rate) 52M(41%)->10M(8%)
[2024-07-21T22:32:36.266+0800][4.254s][gc,start    ] GC(65) Garbage Collection (Allocation Stall)
[2024-07-21T22:32:36.266+0800][4.254s][gc,ref      ] GC(65) Clearing All SoftReferences
[2024-07-21T22:32:36.266+0800][4.254s][gc,task     ] GC(65) Using 1 workers
[2024-07-21T22:32:36.266+0800][4.255s][gc,phases   ] GC(65) Pause Mark Start 0.012ms
[2024-07-21T22:32:36.271+0800][4.259s][gc,phases   ] GC(65) Concurrent Mark 4.688ms
[2024-07-21T22:32:36.271+0800][4.260s][gc,phases   ] GC(65) Pause Mark End 0.022ms
[2024-07-21T22:32:36.271+0800][4.260s][gc,phases   ] GC(65) Concurrent Mark Free 0.001ms
[2024-07-21T22:32:36.273+0800][4.261s][gc,phases   ] GC(65) Concurrent Process Non-Strong References 1.304ms
[2024-07-21T22:32:36.273+0800][4.261s][gc,phases   ] GC(65) Concurrent Reset Relocation Set 0.004ms
[2024-07-21T22:32:36.276+0800][4.264s][gc          ] Allocation Stall (main) 9.612ms
[2024-07-21T22:32:36.276+0800][4.264s][gc,phases   ] GC(65) Concurrent Select Relocation Set 2.887ms
[2024-07-21T22:32:36.276+0800][4.264s][gc,phases   ] GC(65) Pause Relocate Start 0.012ms
[2024-07-21T22:32:36.276+0800][4.264s][gc,phases   ] GC(65) Concurrent Relocate 0.117ms
[2024-07-21T22:32:36.276+0800][4.265s][gc,load     ] GC(65) Load: 0.00/0.00/0.00
[2024-07-21T22:32:36.276+0800][4.265s][gc,mmu      ] GC(65) MMU: 2ms/96.5%, 5ms/98.4%, 10ms/99.2%, 20ms/99.5%, 50ms/99.8%, 100ms/99.9%
[2024-07-21T22:32:36.276+0800][4.265s][gc,marking  ] GC(65) Mark: 1 stripe(s), 1 proactive flush(es), 1 terminate flush(es), 0 completion(s), 0 continuation(s) 
[2024-07-21T22:32:36.276+0800][4.265s][gc,marking  ] GC(65) Mark Stack Usage: 32M
[2024-07-21T22:32:36.276+0800][4.265s][gc,nmethod  ] GC(65) NMethods: 414 registered, 0 unregistered
[2024-07-21T22:32:36.276+0800][4.265s][gc,metaspace] GC(65) Metaspace: 1M used, 1M committed, 1032M reserved
[2024-07-21T22:32:36.276+0800][4.265s][gc,ref      ] GC(65) Soft: 43 encountered, 20 discovered, 0 enqueued
[2024-07-21T22:32:36.276+0800][4.265s][gc,ref      ] GC(65) Weak: 131 encountered, 107 discovered, 0 enqueued
[2024-07-21T22:32:36.276+0800][4.265s][gc,ref      ] GC(65) Final: 0 encountered, 0 discovered, 0 enqueued
[2024-07-21T22:32:36.276+0800][4.265s][gc,ref      ] GC(65) Phantom: 184 encountered, 98 discovered, 0 enqueued
[2024-07-21T22:32:36.276+0800][4.265s][gc,reloc    ] GC(65) Small Pages: 4 / 8M, Empty: 2M, Relocated: 0M, In-Place: 0
[2024-07-21T22:32:36.276+0800][4.265s][gc,reloc    ] GC(65) Medium Pages: 1 / 4M, Empty: 0M, Relocated: 0M, In-Place: 0
[2024-07-21T22:32:36.276+0800][4.265s][gc,reloc    ] GC(65) Large Pages: 58 / 116M, Empty: 80M, Relocated: 0M, In-Place: 0
[2024-07-21T22:32:36.276+0800][4.265s][gc,reloc    ] GC(65) Forwarding Usage: 0M
[2024-07-21T22:32:36.276+0800][4.265s][gc,heap     ] GC(65) Min Capacity: 8M(6%)
[2024-07-21T22:32:36.276+0800][4.265s][gc,heap     ] GC(65) Max Capacity: 128M(100%)
[2024-07-21T22:32:36.276+0800][4.265s][gc,heap     ] GC(65) Soft Max Capacity: 128M(100%)
[2024-07-21T22:32:36.277+0800][4.265s][gc,heap     ] GC(65)                Mark Start          Mark End        Relocate Start      Relocate End           High               Low         
[2024-07-21T22:32:36.277+0800][4.265s][gc,heap     ] GC(65)  Capacity:      128M (100%)        128M (100%)        128M (100%)        128M (100%)        128M (100%)        128M (100%)   
[2024-07-21T22:32:36.277+0800][4.265s][gc,heap     ] GC(65)      Free:        0M (0%)            0M (0%)           80M (62%)          76M (59%)          82M (64%)           0M (0%)     
[2024-07-21T22:32:36.277+0800][4.265s][gc,heap     ] GC(65)      Used:      128M (100%)        128M (100%)         48M (38%)          52M (41%)         128M (100%)         46M (36%)    
[2024-07-21T22:32:36.277+0800][4.265s][gc,heap     ] GC(65)      Live:         -                40M (32%)          40M (32%)          40M (32%)            -                  -          
[2024-07-21T22:32:36.277+0800][4.265s][gc,heap     ] GC(65) Allocated:         -                 0M (0%)            2M (2%)            6M (5%)             -                  -          
[2024-07-21T22:32:36.277+0800][4.265s][gc,heap     ] GC(65)   Garbage:         -                87M (68%)           5M (4%)            5M (4%)             -                  -          
[2024-07-21T22:32:36.277+0800][4.265s][gc,heap     ] GC(65) Reclaimed:         -                  -                82M (64%)          82M (64%)            -                  -          
[2024-07-21T22:32:36.277+0800][4.265s][gc          ] GC(65) Garbage Collection (Allocation Stall) 128M(100%)->52M(41%)
[2024-07-21T22:32:36.281+0800][4.269s][gc,start    ] GC(66) Garbage Collection (Allocation Rate)
[2024-07-21T22:32:36.281+0800][4.269s][gc,task     ] GC(66) Using 1 workers
[2024-07-21T22:32:36.281+0800][4.269s][gc,phases   ] GC(66) Pause Mark Start 0.009ms
[2024-07-21T22:32:36.285+0800][4.273s][gc,phases   ] GC(66) Concurrent Mark 4.109ms
[2024-07-21T22:32:36.285+0800][4.274s][gc,phases   ] GC(66) Pause Mark End 0.011ms
[2024-07-21T22:32:36.285+0800][4.274s][gc,phases   ] GC(66) Concurrent Mark Free 0.001ms
[2024-07-21T22:32:36.288+0800][4.276s][gc,phases   ] GC(66) Concurrent Process Non-Strong References 2.043ms
[2024-07-21T22:32:36.288+0800][4.276s][gc,phases   ] GC(66) Concurrent Reset Relocation Set 0.001ms
[2024-07-21T22:32:36.292+0800][4.280s][gc,phases   ] GC(66) Concurrent Select Relocation Set 4.263ms
[2024-07-21T22:32:36.292+0800][4.280s][gc,phases   ] GC(66) Pause Relocate Start 0.011ms
[2024-07-21T22:32:36.293+0800][4.281s][gc,phases   ] GC(66) Concurrent Relocate 0.944ms
[2024-07-21T22:32:36.293+0800][4.281s][gc,load     ] GC(66) Load: 0.00/0.00/0.00
[2024-07-21T22:32:36.293+0800][4.281s][gc,mmu      ] GC(66) MMU: 2ms/96.5%, 5ms/98.4%, 10ms/99.2%, 20ms/99.5%, 50ms/99.8%, 100ms/99.9%
[2024-07-21T22:32:36.293+0800][4.281s][gc,marking  ] GC(66) Mark: 1 stripe(s), 1 proactive flush(es), 1 terminate flush(es), 0 completion(s), 0 continuation(s) 
[2024-07-21T22:32:36.293+0800][4.281s][gc,marking  ] GC(66) Mark Stack Usage: 32M
[2024-07-21T22:32:36.293+0800][4.282s][gc,nmethod  ] GC(66) NMethods: 414 registered, 0 unregistered
[2024-07-21T22:32:36.293+0800][4.282s][gc,metaspace] GC(66) Metaspace: 1M used, 1M committed, 1032M reserved
[2024-07-21T22:32:36.293+0800][4.282s][gc,ref      ] GC(66) Soft: 43 encountered, 0 discovered, 0 enqueued
[2024-07-21T22:32:36.293+0800][4.282s][gc,ref      ] GC(66) Weak: 131 encountered, 107 discovered, 0 enqueued
[2024-07-21T22:32:36.293+0800][4.282s][gc,ref      ] GC(66) Final: 0 encountered, 0 discovered, 0 enqueued
[2024-07-21T22:32:36.293+0800][4.282s][gc,ref      ] GC(66) Phantom: 184 encountered, 98 discovered, 0 enqueued
[2024-07-21T22:32:36.293+0800][4.282s][gc,reloc    ] GC(66) Small Pages: 4 / 8M, Empty: 0M, Relocated: 1M, In-Place: 0
[2024-07-21T22:32:36.293+0800][4.282s][gc,reloc    ] GC(66) Medium Pages: 1 / 4M, Empty: 0M, Relocated: 0M, In-Place: 0
[2024-07-21T22:32:36.293+0800][4.282s][gc,reloc    ] GC(66) Large Pages: 20 / 40M, Empty: 40M, Relocated: 0M, In-Place: 0
[2024-07-21T22:32:36.293+0800][4.282s][gc,reloc    ] GC(66) Forwarding Usage: 0M
[2024-07-21T22:32:36.293+0800][4.282s][gc,heap     ] GC(66) Min Capacity: 8M(6%)
[2024-07-21T22:32:36.293+0800][4.282s][gc,heap     ] GC(66) Max Capacity: 128M(100%)
[2024-07-21T22:32:36.293+0800][4.282s][gc,heap     ] GC(66) Soft Max Capacity: 128M(100%)
[2024-07-21T22:32:36.294+0800][4.282s][gc,heap     ] GC(66)                Mark Start          Mark End        Relocate Start      Relocate End           High               Low         
[2024-07-21T22:32:36.294+0800][4.282s][gc,heap     ] GC(66)  Capacity:      128M (100%)        128M (100%)        128M (100%)        128M (100%)        128M (100%)        128M (100%)   
[2024-07-21T22:32:36.294+0800][4.282s][gc,heap     ] GC(66)      Free:       76M (59%)          76M (59%)         116M (91%)         118M (92%)         118M (92%)          76M (59%)    
[2024-07-21T22:32:36.294+0800][4.282s][gc,heap     ] GC(66)      Used:       52M (41%)          52M (41%)          12M (9%)           10M (8%)           52M (41%)          10M (8%)     
[2024-07-21T22:32:36.294+0800][4.282s][gc,heap     ] GC(66)      Live:         -                 4M (4%)            4M (4%)            4M (4%)             -                  -          
[2024-07-21T22:32:36.294+0800][4.282s][gc,heap     ] GC(66) Allocated:         -                 0M (0%)            0M (0%)            0M (0%)             -                  -          
[2024-07-21T22:32:36.294+0800][4.282s][gc,heap     ] GC(66)   Garbage:         -                47M (37%)           7M (6%)            5M (4%)             -                  -          
[2024-07-21T22:32:36.294+0800][4.282s][gc,heap     ] GC(66) Reclaimed:         -                  -                40M (31%)          42M (33%)            -                  -          
[2024-07-21T22:32:36.294+0800][4.282s][gc          ] GC(66) Garbage Collection (Allocation Rate) 52M(41%)->10M(8%)
[2024-07-21T22:32:36.376+0800][4.364s][gc,start    ] GC(67) Garbage Collection (Allocation Rate)
[2024-07-21T22:32:36.376+0800][4.364s][gc,task     ] GC(67) Using 1 workers
[2024-07-21T22:32:36.376+0800][4.365s][gc,phases   ] GC(67) Pause Mark Start 0.008ms
[2024-07-21T22:32:36.380+0800][4.369s][gc,phases   ] GC(67) Concurrent Mark 3.962ms
[2024-07-21T22:32:36.381+0800][4.369s][gc,phases   ] GC(67) Pause Mark End 0.009ms
[2024-07-21T22:32:36.381+0800][4.369s][gc,phases   ] GC(67) Concurrent Mark Free 0.001ms
[2024-07-21T22:32:36.382+0800][4.370s][gc,phases   ] GC(67) Concurrent Process Non-Strong References 1.096ms
[2024-07-21T22:32:36.382+0800][4.370s][gc,phases   ] GC(67) Concurrent Reset Relocation Set 0.001ms
[2024-07-21T22:32:36.384+0800][4.372s][gc          ] Allocation Stall (main) 6.258ms
[2024-07-21T22:32:36.384+0800][4.372s][gc,phases   ] GC(67) Concurrent Select Relocation Set 1.898ms
[2024-07-21T22:32:36.384+0800][4.372s][gc,phases   ] GC(67) Pause Relocate Start 0.004ms
[2024-07-21T22:32:36.384+0800][4.372s][gc,phases   ] GC(67) Concurrent Relocate 0.107ms
[2024-07-21T22:32:36.384+0800][4.373s][gc,load     ] GC(67) Load: 0.00/0.00/0.00
[2024-07-21T22:32:36.384+0800][4.373s][gc,mmu      ] GC(67) MMU: 2ms/96.5%, 5ms/98.4%, 10ms/99.2%, 20ms/99.5%, 50ms/99.8%, 100ms/99.9%
[2024-07-21T22:32:36.384+0800][4.373s][gc,marking  ] GC(67) Mark: 1 stripe(s), 2 proactive flush(es), 1 terminate flush(es), 0 completion(s), 0 continuation(s) 
[2024-07-21T22:32:36.384+0800][4.373s][gc,marking  ] GC(67) Mark Stack Usage: 32M
[2024-07-21T22:32:36.384+0800][4.373s][gc,nmethod  ] GC(67) NMethods: 414 registered, 0 unregistered
[2024-07-21T22:32:36.384+0800][4.373s][gc,metaspace] GC(67) Metaspace: 1M used, 1M committed, 1032M reserved
[2024-07-21T22:32:36.384+0800][4.373s][gc,ref      ] GC(67) Soft: 43 encountered, 0 discovered, 0 enqueued
[2024-07-21T22:32:36.384+0800][4.373s][gc,ref      ] GC(67) Weak: 131 encountered, 107 discovered, 0 enqueued
[2024-07-21T22:32:36.384+0800][4.373s][gc,ref      ] GC(67) Final: 0 encountered, 0 discovered, 0 enqueued
[2024-07-21T22:32:36.384+0800][4.373s][gc,ref      ] GC(67) Phantom: 184 encountered, 98 discovered, 0 enqueued
[2024-07-21T22:32:36.384+0800][4.373s][gc,reloc    ] GC(67) Small Pages: 4 / 8M, Empty: 2M, Relocated: 0M, In-Place: 0
[2024-07-21T22:32:36.385+0800][4.373s][gc,reloc    ] GC(67) Medium Pages: 1 / 4M, Empty: 0M, Relocated: 0M, In-Place: 0
[2024-07-21T22:32:36.385+0800][4.373s][gc,reloc    ] GC(67) Large Pages: 53 / 106M, Empty: 80M, Relocated: 0M, In-Place: 0
[2024-07-21T22:32:36.385+0800][4.373s][gc,reloc    ] GC(67) Forwarding Usage: 0M
[2024-07-21T22:32:36.385+0800][4.373s][gc,heap     ] GC(67) Min Capacity: 8M(6%)
[2024-07-21T22:32:36.385+0800][4.373s][gc,heap     ] GC(67) Max Capacity: 128M(100%)
[2024-07-21T22:32:36.385+0800][4.373s][gc,heap     ] GC(67) Soft Max Capacity: 128M(100%)
[2024-07-21T22:32:36.385+0800][4.373s][gc,heap     ] GC(67)                Mark Start          Mark End        Relocate Start      Relocate End           High               Low         
[2024-07-21T22:32:36.385+0800][4.373s][gc,heap     ] GC(67)  Capacity:      128M (100%)        128M (100%)        128M (100%)        128M (100%)        128M (100%)        128M (100%)   
[2024-07-21T22:32:36.385+0800][4.373s][gc,heap     ] GC(67)      Free:       10M (8%)            0M (0%)           80M (62%)          76M (59%)          82M (64%)           0M (0%)     
[2024-07-21T22:32:36.385+0800][4.373s][gc,heap     ] GC(67)      Used:      118M (92%)         128M (100%)         48M (38%)          52M (41%)         128M (100%)         46M (36%)    
[2024-07-21T22:32:36.385+0800][4.373s][gc,heap     ] GC(67)      Live:         -                30M (24%)          30M (24%)          30M (24%)            -                  -          
[2024-07-21T22:32:36.385+0800][4.373s][gc,heap     ] GC(67) Allocated:         -                10M (8%)           12M (9%)           16M (12%)            -                  -          
[2024-07-21T22:32:36.385+0800][4.373s][gc,heap     ] GC(67)   Garbage:         -                87M (68%)           5M (4%)            5M (4%)             -                  -          
[2024-07-21T22:32:36.385+0800][4.373s][gc,heap     ] GC(67) Reclaimed:         -                  -                82M (64%)          82M (64%)            -                  -          
[2024-07-21T22:32:36.385+0800][4.373s][gc          ] GC(67) Garbage Collection (Allocation Rate) 118M(92%)->52M(41%)
[2024-07-21T22:32:36.457+0800][4.446s][gc,start    ] GC(68) Garbage Collection (Allocation Stall)
[2024-07-21T22:32:36.457+0800][4.446s][gc,ref      ] GC(68) Clearing All SoftReferences
[2024-07-21T22:32:36.457+0800][4.446s][gc,task     ] GC(68) Using 1 workers
[2024-07-21T22:32:36.457+0800][4.446s][gc,phases   ] GC(68) Pause Mark Start 0.013ms
[2024-07-21T22:32:36.461+0800][4.450s][gc,phases   ] GC(68) Concurrent Mark 4.004ms
[2024-07-21T22:32:36.462+0800][4.450s][gc,phases   ] GC(68) Pause Mark End 0.011ms
[2024-07-21T22:32:36.462+0800][4.450s][gc,phases   ] GC(68) Concurrent Mark Free 0.001ms
[2024-07-21T22:32:36.463+0800][4.451s][gc,phases   ] GC(68) Concurrent Process Non-Strong References 1.020ms
[2024-07-21T22:32:36.463+0800][4.451s][gc,phases   ] GC(68) Concurrent Reset Relocation Set 0.000ms
[2024-07-21T22:32:36.465+0800][4.454s][gc          ] Allocation Stall (main) 8.197ms
[2024-07-21T22:32:36.465+0800][4.454s][gc,phases   ] GC(68) Concurrent Select Relocation Set 2.452ms
[2024-07-21T22:32:36.465+0800][4.454s][gc,phases   ] GC(68) Pause Relocate Start 0.013ms
[2024-07-21T22:32:36.466+0800][4.454s][gc,phases   ] GC(68) Concurrent Relocate 0.043ms
[2024-07-21T22:32:36.466+0800][4.454s][gc,load     ] GC(68) Load: 0.00/0.00/0.00
[2024-07-21T22:32:36.466+0800][4.454s][gc,mmu      ] GC(68) MMU: 2ms/96.5%, 5ms/98.4%, 10ms/99.2%, 20ms/99.5%, 50ms/99.8%, 100ms/99.9%
[2024-07-21T22:32:36.466+0800][4.454s][gc,marking  ] GC(68) Mark: 1 stripe(s), 1 proactive flush(es), 1 terminate flush(es), 0 completion(s), 0 continuation(s) 
[2024-07-21T22:32:36.466+0800][4.454s][gc,marking  ] GC(68) Mark Stack Usage: 32M
[2024-07-21T22:32:36.466+0800][4.454s][gc,nmethod  ] GC(68) NMethods: 417 registered, 0 unregistered
[2024-07-21T22:32:36.466+0800][4.454s][gc,metaspace] GC(68) Metaspace: 1M used, 1M committed, 1032M reserved
[2024-07-21T22:32:36.466+0800][4.454s][gc,ref      ] GC(68) Soft: 43 encountered, 20 discovered, 0 enqueued
[2024-07-21T22:32:36.466+0800][4.454s][gc,ref      ] GC(68) Weak: 131 encountered, 107 discovered, 0 enqueued
[2024-07-21T22:32:36.466+0800][4.454s][gc,ref      ] GC(68) Final: 0 encountered, 0 discovered, 0 enqueued
[2024-07-21T22:32:36.466+0800][4.455s][gc,ref      ] GC(68) Phantom: 184 encountered, 98 discovered, 0 enqueued
[2024-07-21T22:32:36.466+0800][4.455s][gc,reloc    ] GC(68) Small Pages: 4 / 8M, Empty: 2M, Relocated: 0M, In-Place: 0
[2024-07-21T22:32:36.466+0800][4.455s][gc,reloc    ] GC(68) Medium Pages: 1 / 4M, Empty: 0M, Relocated: 0M, In-Place: 0
[2024-07-21T22:32:36.466+0800][4.455s][gc,reloc    ] GC(68) Large Pages: 58 / 116M, Empty: 80M, Relocated: 0M, In-Place: 0
[2024-07-21T22:32:36.466+0800][4.455s][gc,reloc    ] GC(68) Forwarding Usage: 0M
[2024-07-21T22:32:36.466+0800][4.455s][gc,heap     ] GC(68) Min Capacity: 8M(6%)
[2024-07-21T22:32:36.466+0800][4.455s][gc,heap     ] GC(68) Max Capacity: 128M(100%)
[2024-07-21T22:32:36.466+0800][4.455s][gc,heap     ] GC(68) Soft Max Capacity: 128M(100%)
[2024-07-21T22:32:36.466+0800][4.455s][gc,heap     ] GC(68)                Mark Start          Mark End        Relocate Start      Relocate End           High               Low         
[2024-07-21T22:32:36.466+0800][4.455s][gc,heap     ] GC(68)  Capacity:      128M (100%)        128M (100%)        128M (100%)        128M (100%)        128M (100%)        128M (100%)   
[2024-07-21T22:32:36.466+0800][4.455s][gc,heap     ] GC(68)      Free:        0M (0%)            0M (0%)           78M (61%)          78M (61%)          82M (64%)           0M (0%)     
[2024-07-21T22:32:36.466+0800][4.455s][gc,heap     ] GC(68)      Used:      128M (100%)        128M (100%)         50M (39%)          50M (39%)         128M (100%)         46M (36%)    
[2024-07-21T22:32:36.466+0800][4.455s][gc,heap     ] GC(68)      Live:         -                40M (32%)          40M (32%)          40M (32%)            -                  -          
[2024-07-21T22:32:36.466+0800][4.455s][gc,heap     ] GC(68) Allocated:         -                 0M (0%)            4M (3%)            4M (3%)             -                  -          
[2024-07-21T22:32:36.466+0800][4.455s][gc,heap     ] GC(68)   Garbage:         -                87M (68%)           5M (4%)            5M (4%)             -                  -          
[2024-07-21T22:32:36.466+0800][4.455s][gc,heap     ] GC(68) Reclaimed:         -                  -                82M (64%)          82M (64%)            -                  -          
[2024-07-21T22:32:36.466+0800][4.455s][gc          ] GC(68) Garbage Collection (Allocation Stall) 128M(100%)->50M(39%)
[2024-07-21T22:32:36.472+0800][4.460s][gc,start    ] GC(69) Garbage Collection (Allocation Rate)
[2024-07-21T22:32:36.472+0800][4.461s][gc,task     ] GC(69) Using 1 workers
[2024-07-21T22:32:36.472+0800][4.461s][gc,phases   ] GC(69) Pause Mark Start 0.008ms
[2024-07-21T22:32:36.476+0800][4.465s][gc,phases   ] GC(69) Concurrent Mark 4.005ms
[2024-07-21T22:32:36.477+0800][4.465s][gc,phases   ] GC(69) Pause Mark End 0.020ms
[2024-07-21T22:32:36.477+0800][4.465s][gc,phases   ] GC(69) Concurrent Mark Free 0.001ms
[2024-07-21T22:32:36.478+0800][4.466s][gc,phases   ] GC(69) Concurrent Process Non-Strong References 1.184ms
[2024-07-21T22:32:36.478+0800][4.466s][gc,phases   ] GC(69) Concurrent Reset Relocation Set 0.001ms
[2024-07-21T22:32:36.481+0800][4.469s][gc,phases   ] GC(69) Concurrent Select Relocation Set 2.842ms
[2024-07-21T22:32:36.481+0800][4.470s][gc,phases   ] GC(69) Pause Relocate Start 0.012ms
[2024-07-21T22:32:36.482+0800][4.470s][gc,phases   ] GC(69) Concurrent Relocate 0.672ms
[2024-07-21T22:32:36.482+0800][4.470s][gc,load     ] GC(69) Load: 0.00/0.00/0.00
[2024-07-21T22:32:36.482+0800][4.470s][gc,mmu      ] GC(69) MMU: 2ms/96.5%, 5ms/98.4%, 10ms/99.2%, 20ms/99.5%, 50ms/99.8%, 100ms/99.9%
[2024-07-21T22:32:36.482+0800][4.470s][gc,marking  ] GC(69) Mark: 1 stripe(s), 1 proactive flush(es), 1 terminate flush(es), 0 completion(s), 0 continuation(s) 
[2024-07-21T22:32:36.482+0800][4.470s][gc,marking  ] GC(69) Mark Stack Usage: 32M
[2024-07-21T22:32:36.482+0800][4.470s][gc,nmethod  ] GC(69) NMethods: 417 registered, 0 unregistered
[2024-07-21T22:32:36.482+0800][4.470s][gc,metaspace] GC(69) Metaspace: 1M used, 1M committed, 1032M reserved
[2024-07-21T22:32:36.482+0800][4.470s][gc,ref      ] GC(69) Soft: 43 encountered, 0 discovered, 0 enqueued
[2024-07-21T22:32:36.482+0800][4.470s][gc,ref      ] GC(69) Weak: 131 encountered, 107 discovered, 0 enqueued
[2024-07-21T22:32:36.482+0800][4.471s][gc,ref      ] GC(69) Final: 0 encountered, 0 discovered, 0 enqueued
[2024-07-21T22:32:36.482+0800][4.471s][gc,ref      ] GC(69) Phantom: 184 encountered, 98 discovered, 0 enqueued
[2024-07-21T22:32:36.482+0800][4.471s][gc,reloc    ] GC(69) Small Pages: 4 / 8M, Empty: 0M, Relocated: 1M, In-Place: 0
[2024-07-21T22:32:36.482+0800][4.471s][gc,reloc    ] GC(69) Medium Pages: 1 / 4M, Empty: 0M, Relocated: 0M, In-Place: 0
[2024-07-21T22:32:36.482+0800][4.471s][gc,reloc    ] GC(69) Large Pages: 20 / 40M, Empty: 40M, Relocated: 0M, In-Place: 0
[2024-07-21T22:32:36.482+0800][4.471s][gc,reloc    ] GC(69) Forwarding Usage: 0M
[2024-07-21T22:32:36.482+0800][4.471s][gc,heap     ] GC(69) Min Capacity: 8M(6%)
[2024-07-21T22:32:36.482+0800][4.471s][gc,heap     ] GC(69) Max Capacity: 128M(100%)
[2024-07-21T22:32:36.482+0800][4.471s][gc,heap     ] GC(69) Soft Max Capacity: 128M(100%)
[2024-07-21T22:32:36.482+0800][4.471s][gc,heap     ] GC(69)                Mark Start          Mark End        Relocate Start      Relocate End           High               Low         
[2024-07-21T22:32:36.482+0800][4.471s][gc,heap     ] GC(69)  Capacity:      128M (100%)        128M (100%)        128M (100%)        128M (100%)        128M (100%)        128M (100%)   
[2024-07-21T22:32:36.482+0800][4.471s][gc,heap     ] GC(69)      Free:       76M (59%)          76M (59%)         116M (91%)         118M (92%)         118M (92%)          76M (59%)    
[2024-07-21T22:32:36.482+0800][4.471s][gc,heap     ] GC(69)      Used:       52M (41%)          52M (41%)          12M (9%)           10M (8%)           52M (41%)          10M (8%)     
[2024-07-21T22:32:36.482+0800][4.471s][gc,heap     ] GC(69)      Live:         -                 4M (4%)            4M (4%)            4M (4%)             -                  -          
[2024-07-21T22:32:36.482+0800][4.471s][gc,heap     ] GC(69) Allocated:         -                 0M (0%)            0M (0%)            0M (0%)             -                  -          
[2024-07-21T22:32:36.482+0800][4.471s][gc,heap     ] GC(69)   Garbage:         -                47M (37%)           7M (6%)            5M (4%)             -                  -          
[2024-07-21T22:32:36.482+0800][4.471s][gc,heap     ] GC(69) Reclaimed:         -                  -                40M (31%)          42M (33%)            -                  -          
[2024-07-21T22:32:36.482+0800][4.471s][gc          ] GC(69) Garbage Collection (Allocation Rate) 52M(41%)->10M(8%)
[2024-07-21T22:32:36.566+0800][4.554s][gc,start    ] GC(70) Garbage Collection (Allocation Stall)
[2024-07-21T22:32:36.566+0800][4.554s][gc,ref      ] GC(70) Clearing All SoftReferences
[2024-07-21T22:32:36.566+0800][4.554s][gc,task     ] GC(70) Using 1 workers
[2024-07-21T22:32:36.566+0800][4.554s][gc,phases   ] GC(70) Pause Mark Start 0.010ms
[2024-07-21T22:32:36.570+0800][4.558s][gc,phases   ] GC(70) Concurrent Mark 3.384ms
[2024-07-21T22:32:36.570+0800][4.558s][gc,phases   ] GC(70) Pause Mark End 0.005ms
[2024-07-21T22:32:36.570+0800][4.558s][gc,phases   ] GC(70) Concurrent Mark Free 0.001ms
[2024-07-21T22:32:36.571+0800][4.559s][gc,phases   ] GC(70) Concurrent Process Non-Strong References 1.091ms
[2024-07-21T22:32:36.571+0800][4.559s][gc,phases   ] GC(70) Concurrent Reset Relocation Set 0.001ms
[2024-07-21T22:32:36.574+0800][4.562s][gc          ] Allocation Stall (main) 7.701ms
[2024-07-21T22:32:36.574+0800][4.562s][gc,phases   ] GC(70) Concurrent Select Relocation Set 2.536ms
[2024-07-21T22:32:36.574+0800][4.562s][gc,phases   ] GC(70) Pause Relocate Start 0.006ms
[2024-07-21T22:32:36.574+0800][4.562s][gc,phases   ] GC(70) Concurrent Relocate 0.066ms
[2024-07-21T22:32:36.574+0800][4.562s][gc,load     ] GC(70) Load: 0.00/0.00/0.00
[2024-07-21T22:32:36.574+0800][4.562s][gc,mmu      ] GC(70) MMU: 2ms/96.5%, 5ms/98.4%, 10ms/99.2%, 20ms/99.5%, 50ms/99.8%, 100ms/99.9%
[2024-07-21T22:32:36.574+0800][4.562s][gc,marking  ] GC(70) Mark: 1 stripe(s), 1 proactive flush(es), 1 terminate flush(es), 0 completion(s), 0 continuation(s) 
[2024-07-21T22:32:36.574+0800][4.562s][gc,marking  ] GC(70) Mark Stack Usage: 32M
[2024-07-21T22:32:36.574+0800][4.562s][gc,nmethod  ] GC(70) NMethods: 417 registered, 0 unregistered
[2024-07-21T22:32:36.574+0800][4.562s][gc,metaspace] GC(70) Metaspace: 1M used, 1M committed, 1032M reserved
[2024-07-21T22:32:36.574+0800][4.562s][gc,ref      ] GC(70) Soft: 43 encountered, 20 discovered, 0 enqueued
[2024-07-21T22:32:36.574+0800][4.562s][gc,ref      ] GC(70) Weak: 131 encountered, 107 discovered, 0 enqueued
[2024-07-21T22:32:36.574+0800][4.562s][gc,ref      ] GC(70) Final: 0 encountered, 0 discovered, 0 enqueued
[2024-07-21T22:32:36.574+0800][4.563s][gc,ref      ] GC(70) Phantom: 184 encountered, 98 discovered, 0 enqueued
[2024-07-21T22:32:36.574+0800][4.563s][gc,reloc    ] GC(70) Small Pages: 4 / 8M, Empty: 2M, Relocated: 0M, In-Place: 0
[2024-07-21T22:32:36.574+0800][4.563s][gc,reloc    ] GC(70) Medium Pages: 1 / 4M, Empty: 0M, Relocated: 0M, In-Place: 0
[2024-07-21T22:32:36.574+0800][4.563s][gc,reloc    ] GC(70) Large Pages: 58 / 116M, Empty: 80M, Relocated: 0M, In-Place: 0
[2024-07-21T22:32:36.574+0800][4.563s][gc,reloc    ] GC(70) Forwarding Usage: 0M
[2024-07-21T22:32:36.574+0800][4.563s][gc,heap     ] GC(70) Min Capacity: 8M(6%)
[2024-07-21T22:32:36.574+0800][4.563s][gc,heap     ] GC(70) Max Capacity: 128M(100%)
[2024-07-21T22:32:36.574+0800][4.563s][gc,heap     ] GC(70) Soft Max Capacity: 128M(100%)
[2024-07-21T22:32:36.574+0800][4.563s][gc,heap     ] GC(70)                Mark Start          Mark End        Relocate Start      Relocate End           High               Low         
[2024-07-21T22:32:36.574+0800][4.563s][gc,heap     ] GC(70)  Capacity:      128M (100%)        128M (100%)        128M (100%)        128M (100%)        128M (100%)        128M (100%)   
[2024-07-21T22:32:36.574+0800][4.563s][gc,heap     ] GC(70)      Free:        0M (0%)            0M (0%)           76M (59%)          76M (59%)          82M (64%)           0M (0%)     
[2024-07-21T22:32:36.574+0800][4.563s][gc,heap     ] GC(70)      Used:      128M (100%)        128M (100%)         52M (41%)          52M (41%)         128M (100%)         46M (36%)    
[2024-07-21T22:32:36.574+0800][4.563s][gc,heap     ] GC(70)      Live:         -                40M (32%)          40M (32%)          40M (32%)            -                  -          
[2024-07-21T22:32:36.574+0800][4.563s][gc,heap     ] GC(70) Allocated:         -                 0M (0%)            6M (5%)            6M (5%)             -                  -          
[2024-07-21T22:32:36.574+0800][4.563s][gc,heap     ] GC(70)   Garbage:         -                87M (68%)           5M (4%)            5M (4%)             -                  -          
[2024-07-21T22:32:36.574+0800][4.563s][gc,heap     ] GC(70) Reclaimed:         -                  -                82M (64%)          82M (64%)            -                  -          
[2024-07-21T22:32:36.574+0800][4.563s][gc          ] GC(70) Garbage Collection (Allocation Stall) 128M(100%)->52M(41%)
[2024-07-21T22:32:36.581+0800][4.569s][gc,start    ] GC(71) Garbage Collection (Allocation Rate)
[2024-07-21T22:32:36.581+0800][4.569s][gc,task     ] GC(71) Using 1 workers
[2024-07-21T22:32:36.581+0800][4.569s][gc,phases   ] GC(71) Pause Mark Start 0.006ms
[2024-07-21T22:32:36.584+0800][4.573s][gc,phases   ] GC(71) Concurrent Mark 3.289ms
[2024-07-21T22:32:36.585+0800][4.573s][gc,phases   ] GC(71) Pause Mark End 0.007ms
[2024-07-21T22:32:36.585+0800][4.573s][gc,phases   ] GC(71) Concurrent Mark Free 0.001ms
[2024-07-21T22:32:36.586+0800][4.574s][gc,phases   ] GC(71) Concurrent Process Non-Strong References 1.065ms
[2024-07-21T22:32:36.586+0800][4.574s][gc,phases   ] GC(71) Concurrent Reset Relocation Set 0.001ms
[2024-07-21T22:32:36.588+0800][4.576s][gc,phases   ] GC(71) Concurrent Select Relocation Set 1.845ms
[2024-07-21T22:32:36.588+0800][4.576s][gc,phases   ] GC(71) Pause Relocate Start 0.006ms
[2024-07-21T22:32:36.588+0800][4.577s][gc,phases   ] GC(71) Concurrent Relocate 0.551ms
[2024-07-21T22:32:36.589+0800][4.577s][gc,load     ] GC(71) Load: 0.00/0.00/0.00
[2024-07-21T22:32:36.589+0800][4.577s][gc,mmu      ] GC(71) MMU: 2ms/96.5%, 5ms/98.4%, 10ms/99.2%, 20ms/99.5%, 50ms/99.8%, 100ms/99.9%
[2024-07-21T22:32:36.589+0800][4.577s][gc,marking  ] GC(71) Mark: 1 stripe(s), 1 proactive flush(es), 1 terminate flush(es), 0 completion(s), 0 continuation(s) 
[2024-07-21T22:32:36.589+0800][4.577s][gc,marking  ] GC(71) Mark Stack Usage: 32M
[2024-07-21T22:32:36.589+0800][4.577s][gc,nmethod  ] GC(71) NMethods: 417 registered, 0 unregistered
[2024-07-21T22:32:36.589+0800][4.577s][gc,metaspace] GC(71) Metaspace: 1M used, 1M committed, 1032M reserved
[2024-07-21T22:32:36.589+0800][4.577s][gc,ref      ] GC(71) Soft: 43 encountered, 0 discovered, 0 enqueued
[2024-07-21T22:32:36.589+0800][4.577s][gc,ref      ] GC(71) Weak: 131 encountered, 107 discovered, 0 enqueued
[2024-07-21T22:32:36.589+0800][4.577s][gc,ref      ] GC(71) Final: 0 encountered, 0 discovered, 0 enqueued
[2024-07-21T22:32:36.589+0800][4.577s][gc,ref      ] GC(71) Phantom: 184 encountered, 98 discovered, 0 enqueued
[2024-07-21T22:32:36.589+0800][4.577s][gc,reloc    ] GC(71) Small Pages: 4 / 8M, Empty: 0M, Relocated: 1M, In-Place: 0
[2024-07-21T22:32:36.589+0800][4.577s][gc,reloc    ] GC(71) Medium Pages: 1 / 4M, Empty: 0M, Relocated: 0M, In-Place: 0
[2024-07-21T22:32:36.589+0800][4.577s][gc,reloc    ] GC(71) Large Pages: 20 / 40M, Empty: 40M, Relocated: 0M, In-Place: 0
[2024-07-21T22:32:36.589+0800][4.577s][gc,reloc    ] GC(71) Forwarding Usage: 0M
[2024-07-21T22:32:36.589+0800][4.577s][gc,heap     ] GC(71) Min Capacity: 8M(6%)
[2024-07-21T22:32:36.589+0800][4.577s][gc,heap     ] GC(71) Max Capacity: 128M(100%)
[2024-07-21T22:32:36.589+0800][4.577s][gc,heap     ] GC(71) Soft Max Capacity: 128M(100%)
[2024-07-21T22:32:36.589+0800][4.577s][gc,heap     ] GC(71)                Mark Start          Mark End        Relocate Start      Relocate End           High               Low         
[2024-07-21T22:32:36.589+0800][4.577s][gc,heap     ] GC(71)  Capacity:      128M (100%)        128M (100%)        128M (100%)        128M (100%)        128M (100%)        128M (100%)   
[2024-07-21T22:32:36.589+0800][4.577s][gc,heap     ] GC(71)      Free:       76M (59%)          76M (59%)         116M (91%)         118M (92%)         118M (92%)          76M (59%)    
[2024-07-21T22:32:36.589+0800][4.577s][gc,heap     ] GC(71)      Used:       52M (41%)          52M (41%)          12M (9%)           10M (8%)           52M (41%)          10M (8%)     
[2024-07-21T22:32:36.589+0800][4.577s][gc,heap     ] GC(71)      Live:         -                 4M (4%)            4M (4%)            4M (4%)             -                  -          
[2024-07-21T22:32:36.589+0800][4.577s][gc,heap     ] GC(71) Allocated:         -                 0M (0%)            0M (0%)            0M (0%)             -                  -          
[2024-07-21T22:32:36.589+0800][4.577s][gc,heap     ] GC(71)   Garbage:         -                47M (37%)           7M (6%)            5M (4%)             -                  -          
[2024-07-21T22:32:36.589+0800][4.577s][gc,heap     ] GC(71) Reclaimed:         -                  -                40M (31%)          42M (33%)            -                  -          
[2024-07-21T22:32:36.589+0800][4.577s][gc          ] GC(71) Garbage Collection (Allocation Rate) 52M(41%)->10M(8%)
[2024-07-21T22:32:36.674+0800][4.662s][gc,start    ] GC(72) Garbage Collection (Allocation Rate)
[2024-07-21T22:32:36.674+0800][4.662s][gc,task     ] GC(72) Using 1 workers
[2024-07-21T22:32:36.674+0800][4.662s][gc,phases   ] GC(72) Pause Mark Start 0.007ms
[2024-07-21T22:32:36.680+0800][4.668s][gc,phases   ] GC(72) Concurrent Mark 5.444ms
[2024-07-21T22:32:36.680+0800][4.668s][gc,phases   ] GC(72) Pause Mark End 0.013ms
[2024-07-21T22:32:36.680+0800][4.668s][gc,phases   ] GC(72) Concurrent Mark Free 0.001ms
[2024-07-21T22:32:36.681+0800][4.669s][gc,phases   ] GC(72) Concurrent Process Non-Strong References 1.215ms
[2024-07-21T22:32:36.681+0800][4.669s][gc,phases   ] GC(72) Concurrent Reset Relocation Set 0.001ms
[2024-07-21T22:32:36.683+0800][4.672s][gc          ] Allocation Stall (main) 7.665ms
[2024-07-21T22:32:36.683+0800][4.672s][gc,phases   ] GC(72) Concurrent Select Relocation Set 2.200ms
[2024-07-21T22:32:36.684+0800][4.672s][gc,phases   ] GC(72) Pause Relocate Start 0.007ms
[2024-07-21T22:32:36.684+0800][4.672s][gc,phases   ] GC(72) Concurrent Relocate 0.117ms
[2024-07-21T22:32:36.684+0800][4.672s][gc,load     ] GC(72) Load: 0.00/0.00/0.00
[2024-07-21T22:32:36.684+0800][4.672s][gc,mmu      ] GC(72) MMU: 2ms/96.5%, 5ms/98.4%, 10ms/99.2%, 20ms/99.5%, 50ms/99.8%, 100ms/99.9%
[2024-07-21T22:32:36.684+0800][4.672s][gc,marking  ] GC(72) Mark: 1 stripe(s), 2 proactive flush(es), 1 terminate flush(es), 0 completion(s), 0 continuation(s) 
[2024-07-21T22:32:36.684+0800][4.672s][gc,marking  ] GC(72) Mark Stack Usage: 32M
[2024-07-21T22:32:36.684+0800][4.672s][gc,nmethod  ] GC(72) NMethods: 419 registered, 0 unregistered
[2024-07-21T22:32:36.684+0800][4.672s][gc,metaspace] GC(72) Metaspace: 1M used, 1M committed, 1032M reserved
[2024-07-21T22:32:36.684+0800][4.672s][gc,ref      ] GC(72) Soft: 43 encountered, 0 discovered, 0 enqueued
[2024-07-21T22:32:36.684+0800][4.672s][gc,ref      ] GC(72) Weak: 131 encountered, 107 discovered, 0 enqueued
[2024-07-21T22:32:36.684+0800][4.672s][gc,ref      ] GC(72) Final: 0 encountered, 0 discovered, 0 enqueued
[2024-07-21T22:32:36.684+0800][4.672s][gc,ref      ] GC(72) Phantom: 184 encountered, 98 discovered, 0 enqueued
[2024-07-21T22:32:36.684+0800][4.672s][gc,reloc    ] GC(72) Small Pages: 4 / 8M, Empty: 2M, Relocated: 0M, In-Place: 0
[2024-07-21T22:32:36.684+0800][4.672s][gc,reloc    ] GC(72) Medium Pages: 1 / 4M, Empty: 0M, Relocated: 0M, In-Place: 0
[2024-07-21T22:32:36.684+0800][4.672s][gc,reloc    ] GC(72) Large Pages: 51 / 102M, Empty: 80M, Relocated: 0M, In-Place: 0
[2024-07-21T22:32:36.684+0800][4.672s][gc,reloc    ] GC(72) Forwarding Usage: 0M
[2024-07-21T22:32:36.684+0800][4.672s][gc,heap     ] GC(72) Min Capacity: 8M(6%)
[2024-07-21T22:32:36.684+0800][4.673s][gc,heap     ] GC(72) Max Capacity: 128M(100%)
[2024-07-21T22:32:36.684+0800][4.673s][gc,heap     ] GC(72) Soft Max Capacity: 128M(100%)
[2024-07-21T22:32:36.684+0800][4.673s][gc,heap     ] GC(72)                Mark Start          Mark End        Relocate Start      Relocate End           High               Low         
[2024-07-21T22:32:36.684+0800][4.673s][gc,heap     ] GC(72)  Capacity:      128M (100%)        128M (100%)        128M (100%)        128M (100%)        128M (100%)        128M (100%)   
[2024-07-21T22:32:36.684+0800][4.673s][gc,heap     ] GC(72)      Free:       14M (11%)           0M (0%)           76M (59%)          76M (59%)          82M (64%)           0M (0%)     
[2024-07-21T22:32:36.684+0800][4.673s][gc,heap     ] GC(72)      Used:      114M (89%)         128M (100%)         52M (41%)          52M (41%)         128M (100%)         46M (36%)    
[2024-07-21T22:32:36.684+0800][4.673s][gc,heap     ] GC(72)      Live:         -                26M (21%)          26M (21%)          26M (21%)            -                  -          
[2024-07-21T22:32:36.684+0800][4.673s][gc,heap     ] GC(72) Allocated:         -                14M (11%)          20M (16%)          20M (16%)            -                  -          
[2024-07-21T22:32:36.684+0800][4.673s][gc,heap     ] GC(72)   Garbage:         -                87M (68%)           5M (4%)            5M (4%)             -                  -          
[2024-07-21T22:32:36.684+0800][4.673s][gc,heap     ] GC(72) Reclaimed:         -                  -                82M (64%)          82M (64%)            -                  -          
[2024-07-21T22:32:36.684+0800][4.673s][gc          ] GC(72) Garbage Collection (Allocation Rate) 114M(89%)->52M(41%)
[2024-07-21T22:32:36.754+0800][4.742s][gc,start    ] GC(73) Garbage Collection (Allocation Stall)
[2024-07-21T22:32:36.754+0800][4.742s][gc,ref      ] GC(73) Clearing All SoftReferences
[2024-07-21T22:32:36.754+0800][4.742s][gc,task     ] GC(73) Using 1 workers
[2024-07-21T22:32:36.754+0800][4.742s][gc,phases   ] GC(73) Pause Mark Start 0.006ms
[2024-07-21T22:32:36.758+0800][4.747s][gc,phases   ] GC(73) Concurrent Mark 4.107ms
[2024-07-21T22:32:36.759+0800][4.747s][gc,phases   ] GC(73) Pause Mark End 0.009ms
[2024-07-21T22:32:36.759+0800][4.747s][gc,phases   ] GC(73) Concurrent Mark Free 0.001ms
[2024-07-21T22:32:36.760+0800][4.748s][gc,phases   ] GC(73) Concurrent Process Non-Strong References 1.084ms
[2024-07-21T22:32:36.760+0800][4.748s][gc,phases   ] GC(73) Concurrent Reset Relocation Set 0.000ms
[2024-07-21T22:32:36.762+0800][4.750s][gc          ] Allocation Stall (main) 7.823ms
[2024-07-21T22:32:36.762+0800][4.750s][gc,phases   ] GC(73) Concurrent Select Relocation Set 1.838ms
[2024-07-21T22:32:36.762+0800][4.750s][gc,phases   ] GC(73) Pause Relocate Start 0.004ms
[2024-07-21T22:32:36.762+0800][4.750s][gc,phases   ] GC(73) Concurrent Relocate 0.113ms
[2024-07-21T22:32:36.762+0800][4.750s][gc,load     ] GC(73) Load: 0.00/0.00/0.00
[2024-07-21T22:32:36.762+0800][4.750s][gc,mmu      ] GC(73) MMU: 2ms/96.5%, 5ms/98.4%, 10ms/99.2%, 20ms/99.5%, 50ms/99.8%, 100ms/99.9%
[2024-07-21T22:32:36.762+0800][4.750s][gc,marking  ] GC(73) Mark: 1 stripe(s), 1 proactive flush(es), 1 terminate flush(es), 0 completion(s), 0 continuation(s) 
[2024-07-21T22:32:36.762+0800][4.750s][gc,marking  ] GC(73) Mark Stack Usage: 32M
[2024-07-21T22:32:36.762+0800][4.750s][gc,nmethod  ] GC(73) NMethods: 419 registered, 0 unregistered
[2024-07-21T22:32:36.762+0800][4.750s][gc,metaspace] GC(73) Metaspace: 1M used, 1M committed, 1032M reserved
[2024-07-21T22:32:36.762+0800][4.750s][gc,ref      ] GC(73) Soft: 43 encountered, 20 discovered, 0 enqueued
[2024-07-21T22:32:36.762+0800][4.750s][gc,ref      ] GC(73) Weak: 131 encountered, 107 discovered, 0 enqueued
[2024-07-21T22:32:36.762+0800][4.751s][gc,ref      ] GC(73) Final: 0 encountered, 0 discovered, 0 enqueued
[2024-07-21T22:32:36.762+0800][4.751s][gc,ref      ] GC(73) Phantom: 184 encountered, 98 discovered, 0 enqueued
[2024-07-21T22:32:36.762+0800][4.751s][gc,reloc    ] GC(73) Small Pages: 4 / 8M, Empty: 2M, Relocated: 0M, In-Place: 0
[2024-07-21T22:32:36.762+0800][4.751s][gc,reloc    ] GC(73) Medium Pages: 1 / 4M, Empty: 0M, Relocated: 0M, In-Place: 0
[2024-07-21T22:32:36.762+0800][4.751s][gc,reloc    ] GC(73) Large Pages: 58 / 116M, Empty: 80M, Relocated: 0M, In-Place: 0
[2024-07-21T22:32:36.762+0800][4.751s][gc,reloc    ] GC(73) Forwarding Usage: 0M
[2024-07-21T22:32:36.762+0800][4.751s][gc,heap     ] GC(73) Min Capacity: 8M(6%)
[2024-07-21T22:32:36.762+0800][4.751s][gc,heap     ] GC(73) Max Capacity: 128M(100%)
[2024-07-21T22:32:36.762+0800][4.751s][gc,heap     ] GC(73) Soft Max Capacity: 128M(100%)
[2024-07-21T22:32:36.762+0800][4.751s][gc,heap     ] GC(73)                Mark Start          Mark End        Relocate Start      Relocate End           High               Low         
[2024-07-21T22:32:36.762+0800][4.751s][gc,heap     ] GC(73)  Capacity:      128M (100%)        128M (100%)        128M (100%)        128M (100%)        128M (100%)        128M (100%)   
[2024-07-21T22:32:36.762+0800][4.751s][gc,heap     ] GC(73)      Free:        0M (0%)            0M (0%)           80M (62%)          80M (62%)          82M (64%)           0M (0%)     
[2024-07-21T22:32:36.762+0800][4.751s][gc,heap     ] GC(73)      Used:      128M (100%)        128M (100%)         48M (38%)          48M (38%)         128M (100%)         46M (36%)    
[2024-07-21T22:32:36.762+0800][4.751s][gc,heap     ] GC(73)      Live:         -                40M (32%)          40M (32%)          40M (32%)            -                  -          
[2024-07-21T22:32:36.762+0800][4.751s][gc,heap     ] GC(73) Allocated:         -                 0M (0%)            2M (2%)            2M (2%)             -                  -          
[2024-07-21T22:32:36.762+0800][4.751s][gc,heap     ] GC(73)   Garbage:         -                87M (68%)           5M (4%)            5M (4%)             -                  -          
[2024-07-21T22:32:36.762+0800][4.751s][gc,heap     ] GC(73) Reclaimed:         -                  -                82M (64%)          82M (64%)            -                  -          
[2024-07-21T22:32:36.763+0800][4.751s][gc          ] GC(73) Garbage Collection (Allocation Stall) 128M(100%)->48M(38%)
[2024-07-21T22:32:36.769+0800][4.757s][gc,start    ] GC(74) Garbage Collection (Allocation Rate)
[2024-07-21T22:32:36.769+0800][4.757s][gc,task     ] GC(74) Using 1 workers
[2024-07-21T22:32:36.769+0800][4.758s][gc,phases   ] GC(74) Pause Mark Start 0.007ms
[2024-07-21T22:32:36.773+0800][4.761s][gc,phases   ] GC(74) Concurrent Mark 3.225ms
[2024-07-21T22:32:36.773+0800][4.761s][gc,phases   ] GC(74) Pause Mark End 0.007ms
[2024-07-21T22:32:36.773+0800][4.761s][gc,phases   ] GC(74) Concurrent Mark Free 0.001ms
[2024-07-21T22:32:36.774+0800][4.762s][gc,phases   ] GC(74) Concurrent Process Non-Strong References 1.066ms
[2024-07-21T22:32:36.774+0800][4.762s][gc,phases   ] GC(74) Concurrent Reset Relocation Set 0.000ms
[2024-07-21T22:32:36.776+0800][4.764s][gc,phases   ] GC(74) Concurrent Select Relocation Set 1.582ms
[2024-07-21T22:32:36.776+0800][4.764s][gc,phases   ] GC(74) Pause Relocate Start 0.004ms
[2024-07-21T22:32:36.777+0800][4.765s][gc,phases   ] GC(74) Concurrent Relocate 0.630ms
[2024-07-21T22:32:36.777+0800][4.765s][gc,load     ] GC(74) Load: 0.00/0.00/0.00
[2024-07-21T22:32:36.777+0800][4.765s][gc,mmu      ] GC(74) MMU: 2ms/96.5%, 5ms/98.4%, 10ms/99.2%, 20ms/99.5%, 50ms/99.8%, 100ms/99.9%
[2024-07-21T22:32:36.777+0800][4.765s][gc,marking  ] GC(74) Mark: 1 stripe(s), 1 proactive flush(es), 1 terminate flush(es), 0 completion(s), 0 continuation(s) 
[2024-07-21T22:32:36.777+0800][4.765s][gc,marking  ] GC(74) Mark Stack Usage: 32M
[2024-07-21T22:32:36.777+0800][4.765s][gc,nmethod  ] GC(74) NMethods: 419 registered, 0 unregistered
[2024-07-21T22:32:36.777+0800][4.765s][gc,metaspace] GC(74) Metaspace: 1M used, 1M committed, 1032M reserved
[2024-07-21T22:32:36.777+0800][4.765s][gc,ref      ] GC(74) Soft: 43 encountered, 0 discovered, 0 enqueued
[2024-07-21T22:32:36.777+0800][4.765s][gc,ref      ] GC(74) Weak: 131 encountered, 107 discovered, 0 enqueued
[2024-07-21T22:32:36.777+0800][4.765s][gc,ref      ] GC(74) Final: 0 encountered, 0 discovered, 0 enqueued
[2024-07-21T22:32:36.777+0800][4.765s][gc,ref      ] GC(74) Phantom: 184 encountered, 98 discovered, 0 enqueued
[2024-07-21T22:32:36.777+0800][4.765s][gc,reloc    ] GC(74) Small Pages: 4 / 8M, Empty: 0M, Relocated: 1M, In-Place: 0
[2024-07-21T22:32:36.777+0800][4.765s][gc,reloc    ] GC(74) Medium Pages: 1 / 4M, Empty: 0M, Relocated: 0M, In-Place: 0
[2024-07-21T22:32:36.777+0800][4.765s][gc,reloc    ] GC(74) Large Pages: 20 / 40M, Empty: 40M, Relocated: 0M, In-Place: 0
[2024-07-21T22:32:36.777+0800][4.765s][gc,reloc    ] GC(74) Forwarding Usage: 0M
[2024-07-21T22:32:36.777+0800][4.765s][gc,heap     ] GC(74) Min Capacity: 8M(6%)
[2024-07-21T22:32:36.777+0800][4.765s][gc,heap     ] GC(74) Max Capacity: 128M(100%)
[2024-07-21T22:32:36.777+0800][4.765s][gc,heap     ] GC(74) Soft Max Capacity: 128M(100%)
[2024-07-21T22:32:36.777+0800][4.765s][gc,heap     ] GC(74)                Mark Start          Mark End        Relocate Start      Relocate End           High               Low         
[2024-07-21T22:32:36.777+0800][4.765s][gc,heap     ] GC(74)  Capacity:      128M (100%)        128M (100%)        128M (100%)        128M (100%)        128M (100%)        128M (100%)   
[2024-07-21T22:32:36.777+0800][4.765s][gc,heap     ] GC(74)      Free:       76M (59%)          76M (59%)         116M (91%)         118M (92%)         118M (92%)          76M (59%)    
[2024-07-21T22:32:36.777+0800][4.765s][gc,heap     ] GC(74)      Used:       52M (41%)          52M (41%)          12M (9%)           10M (8%)           52M (41%)          10M (8%)     
[2024-07-21T22:32:36.777+0800][4.765s][gc,heap     ] GC(74)      Live:         -                 4M (4%)            4M (4%)            4M (4%)             -                  -          
[2024-07-21T22:32:36.777+0800][4.765s][gc,heap     ] GC(74) Allocated:         -                 0M (0%)            0M (0%)            0M (0%)             -                  -          
[2024-07-21T22:32:36.777+0800][4.765s][gc,heap     ] GC(74)   Garbage:         -                47M (37%)           7M (6%)            5M (4%)             -                  -          
[2024-07-21T22:32:36.777+0800][4.765s][gc,heap     ] GC(74) Reclaimed:         -                  -                40M (31%)          42M (33%)            -                  -          
[2024-07-21T22:32:36.777+0800][4.765s][gc          ] GC(74) Garbage Collection (Allocation Rate) 52M(41%)->10M(8%)
[2024-07-21T22:32:36.866+0800][4.854s][gc,start    ] GC(75) Garbage Collection (Allocation Stall)
[2024-07-21T22:32:36.866+0800][4.854s][gc,ref      ] GC(75) Clearing All SoftReferences
[2024-07-21T22:32:36.866+0800][4.854s][gc,task     ] GC(75) Using 1 workers
[2024-07-21T22:32:36.866+0800][4.854s][gc,phases   ] GC(75) Pause Mark Start 0.006ms
[2024-07-21T22:32:36.870+0800][4.858s][gc,phases   ] GC(75) Concurrent Mark 3.725ms
[2024-07-21T22:32:36.870+0800][4.858s][gc,phases   ] GC(75) Pause Mark End 0.009ms
[2024-07-21T22:32:36.870+0800][4.859s][gc,phases   ] GC(75) Concurrent Mark Free 0.001ms
[2024-07-21T22:32:36.872+0800][4.860s][gc,phases   ] GC(75) Concurrent Process Non-Strong References 1.422ms
[2024-07-21T22:32:36.872+0800][4.860s][gc,phases   ] GC(75) Concurrent Reset Relocation Set 0.003ms
[2024-07-21T22:32:36.875+0800][4.863s][gc          ] Allocation Stall (main) 9.228ms
[2024-07-21T22:32:36.875+0800][4.863s][gc,phases   ] GC(75) Concurrent Select Relocation Set 3.194ms
[2024-07-21T22:32:36.875+0800][4.864s][gc,phases   ] GC(75) Pause Relocate Start 0.012ms
[2024-07-21T22:32:36.876+0800][4.864s][gc,phases   ] GC(75) Concurrent Relocate 0.093ms
[2024-07-21T22:32:36.876+0800][4.864s][gc,load     ] GC(75) Load: 0.00/0.00/0.00
[2024-07-21T22:32:36.876+0800][4.864s][gc,mmu      ] GC(75) MMU: 2ms/96.5%, 5ms/98.4%, 10ms/99.2%, 20ms/99.5%, 50ms/99.8%, 100ms/99.9%
[2024-07-21T22:32:36.876+0800][4.864s][gc,marking  ] GC(75) Mark: 1 stripe(s), 1 proactive flush(es), 1 terminate flush(es), 0 completion(s), 0 continuation(s) 
[2024-07-21T22:32:36.876+0800][4.864s][gc,marking  ] GC(75) Mark Stack Usage: 32M
[2024-07-21T22:32:36.876+0800][4.864s][gc,nmethod  ] GC(75) NMethods: 419 registered, 0 unregistered
[2024-07-21T22:32:36.876+0800][4.864s][gc,metaspace] GC(75) Metaspace: 1M used, 1M committed, 1032M reserved
[2024-07-21T22:32:36.876+0800][4.864s][gc,ref      ] GC(75) Soft: 43 encountered, 20 discovered, 0 enqueued
[2024-07-21T22:32:36.876+0800][4.864s][gc,ref      ] GC(75) Weak: 131 encountered, 107 discovered, 0 enqueued
[2024-07-21T22:32:36.876+0800][4.864s][gc,ref      ] GC(75) Final: 0 encountered, 0 discovered, 0 enqueued
[2024-07-21T22:32:36.876+0800][4.864s][gc,ref      ] GC(75) Phantom: 184 encountered, 98 discovered, 0 enqueued
[2024-07-21T22:32:36.876+0800][4.864s][gc,reloc    ] GC(75) Small Pages: 4 / 8M, Empty: 2M, Relocated: 0M, In-Place: 0
[2024-07-21T22:32:36.876+0800][4.864s][gc,reloc    ] GC(75) Medium Pages: 1 / 4M, Empty: 0M, Relocated: 0M, In-Place: 0
[2024-07-21T22:32:36.876+0800][4.864s][gc,reloc    ] GC(75) Large Pages: 58 / 116M, Empty: 80M, Relocated: 0M, In-Place: 0
[2024-07-21T22:32:36.876+0800][4.864s][gc,reloc    ] GC(75) Forwarding Usage: 0M
[2024-07-21T22:32:36.876+0800][4.864s][gc,heap     ] GC(75) Min Capacity: 8M(6%)
[2024-07-21T22:32:36.876+0800][4.864s][gc,heap     ] GC(75) Max Capacity: 128M(100%)
[2024-07-21T22:32:36.876+0800][4.864s][gc,heap     ] GC(75) Soft Max Capacity: 128M(100%)
[2024-07-21T22:32:36.876+0800][4.864s][gc,heap     ] GC(75)                Mark Start          Mark End        Relocate Start      Relocate End           High               Low         
[2024-07-21T22:32:36.876+0800][4.864s][gc,heap     ] GC(75)  Capacity:      128M (100%)        128M (100%)        128M (100%)        128M (100%)        128M (100%)        128M (100%)   
[2024-07-21T22:32:36.876+0800][4.864s][gc,heap     ] GC(75)      Free:        0M (0%)            0M (0%)           78M (61%)          78M (61%)          82M (64%)           0M (0%)     
[2024-07-21T22:32:36.876+0800][4.865s][gc,heap     ] GC(75)      Used:      128M (100%)        128M (100%)         50M (39%)          50M (39%)         128M (100%)         46M (36%)    
[2024-07-21T22:32:36.876+0800][4.865s][gc,heap     ] GC(75)      Live:         -                40M (32%)          40M (32%)          40M (32%)            -                  -          
[2024-07-21T22:32:36.876+0800][4.865s][gc,heap     ] GC(75) Allocated:         -                 0M (0%)            4M (3%)            4M (3%)             -                  -          
[2024-07-21T22:32:36.876+0800][4.865s][gc,heap     ] GC(75)   Garbage:         -                87M (68%)           5M (4%)            5M (4%)             -                  -          
[2024-07-21T22:32:36.876+0800][4.865s][gc,heap     ] GC(75) Reclaimed:         -                  -                82M (64%)          82M (64%)            -                  -          
[2024-07-21T22:32:36.876+0800][4.865s][gc          ] GC(75) Garbage Collection (Allocation Stall) 128M(100%)->50M(39%)
[2024-07-21T22:32:36.880+0800][4.868s][gc,start    ] GC(76) Garbage Collection (Allocation Rate)
[2024-07-21T22:32:36.880+0800][4.868s][gc,task     ] GC(76) Using 1 workers
[2024-07-21T22:32:36.880+0800][4.868s][gc,phases   ] GC(76) Pause Mark Start 0.009ms
[2024-07-21T22:32:36.883+0800][4.872s][gc,phases   ] GC(76) Concurrent Mark 3.469ms
[2024-07-21T22:32:36.884+0800][4.872s][gc,phases   ] GC(76) Pause Mark End 0.009ms
[2024-07-21T22:32:36.884+0800][4.872s][gc,phases   ] GC(76) Concurrent Mark Free 0.001ms
[2024-07-21T22:32:36.886+0800][4.874s][gc,phases   ] GC(76) Concurrent Process Non-Strong References 2.131ms
[2024-07-21T22:32:36.886+0800][4.874s][gc,phases   ] GC(76) Concurrent Reset Relocation Set 0.001ms
[2024-07-21T22:32:36.889+0800][4.877s][gc,phases   ] GC(76) Concurrent Select Relocation Set 3.076ms
[2024-07-21T22:32:36.889+0800][4.878s][gc,phases   ] GC(76) Pause Relocate Start 0.032ms
[2024-07-21T22:32:36.890+0800][4.879s][gc,phases   ] GC(76) Concurrent Relocate 1.112ms
[2024-07-21T22:32:36.891+0800][4.879s][gc,load     ] GC(76) Load: 0.00/0.00/0.00
[2024-07-21T22:32:36.891+0800][4.879s][gc,mmu      ] GC(76) MMU: 2ms/96.5%, 5ms/98.4%, 10ms/99.2%, 20ms/99.5%, 50ms/99.8%, 100ms/99.9%
[2024-07-21T22:32:36.891+0800][4.879s][gc,marking  ] GC(76) Mark: 1 stripe(s), 1 proactive flush(es), 1 terminate flush(es), 0 completion(s), 0 continuation(s) 
[2024-07-21T22:32:36.891+0800][4.879s][gc,marking  ] GC(76) Mark Stack Usage: 32M
[2024-07-21T22:32:36.891+0800][4.879s][gc,nmethod  ] GC(76) NMethods: 419 registered, 0 unregistered
[2024-07-21T22:32:36.891+0800][4.879s][gc,metaspace] GC(76) Metaspace: 1M used, 1M committed, 1032M reserved
[2024-07-21T22:32:36.891+0800][4.879s][gc,ref      ] GC(76) Soft: 43 encountered, 0 discovered, 0 enqueued
[2024-07-21T22:32:36.891+0800][4.879s][gc,ref      ] GC(76) Weak: 131 encountered, 107 discovered, 0 enqueued
[2024-07-21T22:32:36.891+0800][4.879s][gc,ref      ] GC(76) Final: 0 encountered, 0 discovered, 0 enqueued
[2024-07-21T22:32:36.891+0800][4.879s][gc,ref      ] GC(76) Phantom: 184 encountered, 98 discovered, 0 enqueued
[2024-07-21T22:32:36.891+0800][4.879s][gc,reloc    ] GC(76) Small Pages: 4 / 8M, Empty: 0M, Relocated: 1M, In-Place: 0
[2024-07-21T22:32:36.891+0800][4.879s][gc,reloc    ] GC(76) Medium Pages: 1 / 4M, Empty: 0M, Relocated: 0M, In-Place: 0
[2024-07-21T22:32:36.891+0800][4.879s][gc,reloc    ] GC(76) Large Pages: 20 / 40M, Empty: 40M, Relocated: 0M, In-Place: 0
[2024-07-21T22:32:36.891+0800][4.879s][gc,reloc    ] GC(76) Forwarding Usage: 0M
[2024-07-21T22:32:36.891+0800][4.879s][gc,heap     ] GC(76) Min Capacity: 8M(6%)
[2024-07-21T22:32:36.891+0800][4.879s][gc,heap     ] GC(76) Max Capacity: 128M(100%)
[2024-07-21T22:32:36.891+0800][4.879s][gc,heap     ] GC(76) Soft Max Capacity: 128M(100%)
[2024-07-21T22:32:36.891+0800][4.879s][gc,heap     ] GC(76)                Mark Start          Mark End        Relocate Start      Relocate End           High               Low         
[2024-07-21T22:32:36.891+0800][4.879s][gc,heap     ] GC(76)  Capacity:      128M (100%)        128M (100%)        128M (100%)        128M (100%)        128M (100%)        128M (100%)   
[2024-07-21T22:32:36.891+0800][4.879s][gc,heap     ] GC(76)      Free:       76M (59%)          76M (59%)         116M (91%)         118M (92%)         118M (92%)          76M (59%)    
[2024-07-21T22:32:36.891+0800][4.879s][gc,heap     ] GC(76)      Used:       52M (41%)          52M (41%)          12M (9%)           10M (8%)           52M (41%)          10M (8%)     
[2024-07-21T22:32:36.891+0800][4.879s][gc,heap     ] GC(76)      Live:         -                 4M (4%)            4M (4%)            4M (4%)             -                  -          
[2024-07-21T22:32:36.891+0800][4.879s][gc,heap     ] GC(76) Allocated:         -                 0M (0%)            0M (0%)            0M (0%)             -                  -          
[2024-07-21T22:32:36.891+0800][4.879s][gc,heap     ] GC(76)   Garbage:         -                47M (37%)           7M (6%)            5M (4%)             -                  -          
[2024-07-21T22:32:36.891+0800][4.879s][gc,heap     ] GC(76) Reclaimed:         -                  -                40M (31%)          42M (33%)            -                  -          
[2024-07-21T22:32:36.891+0800][4.879s][gc          ] GC(76) Garbage Collection (Allocation Rate) 52M(41%)->10M(8%)
[2024-07-21T22:32:36.975+0800][4.963s][gc,start    ] GC(77) Garbage Collection (Allocation Rate)
[2024-07-21T22:32:36.975+0800][4.963s][gc,task     ] GC(77) Using 1 workers
[2024-07-21T22:32:36.975+0800][4.964s][gc,phases   ] GC(77) Pause Mark Start 0.008ms
[2024-07-21T22:32:36.979+0800][4.968s][gc,phases   ] GC(77) Concurrent Mark 3.764ms
[2024-07-21T22:32:36.980+0800][4.968s][gc,phases   ] GC(77) Pause Mark End 0.008ms
[2024-07-21T22:32:36.980+0800][4.968s][gc,phases   ] GC(77) Concurrent Mark Free 0.001ms
[2024-07-21T22:32:36.981+0800][4.969s][gc,phases   ] GC(77) Concurrent Process Non-Strong References 1.078ms
[2024-07-21T22:32:36.981+0800][4.969s][gc,phases   ] GC(77) Concurrent Reset Relocation Set 0.001ms
[2024-07-21T22:32:36.983+0800][4.971s][gc          ] Allocation Stall (main) 6.186ms
[2024-07-21T22:32:36.983+0800][4.971s][gc,phases   ] GC(77) Concurrent Select Relocation Set 1.846ms
[2024-07-21T22:32:36.983+0800][4.971s][gc,phases   ] GC(77) Pause Relocate Start 0.004ms
[2024-07-21T22:32:36.983+0800][4.971s][gc,phases   ] GC(77) Concurrent Relocate 0.112ms
[2024-07-21T22:32:36.983+0800][4.971s][gc,load     ] GC(77) Load: 0.00/0.00/0.00
[2024-07-21T22:32:36.983+0800][4.971s][gc,mmu      ] GC(77) MMU: 2ms/96.5%, 5ms/98.4%, 10ms/99.2%, 20ms/99.5%, 50ms/99.8%, 100ms/99.9%
[2024-07-21T22:32:36.983+0800][4.971s][gc,marking  ] GC(77) Mark: 1 stripe(s), 2 proactive flush(es), 1 terminate flush(es), 0 completion(s), 0 continuation(s) 
[2024-07-21T22:32:36.983+0800][4.971s][gc,marking  ] GC(77) Mark Stack Usage: 32M
[2024-07-21T22:32:36.983+0800][4.971s][gc,nmethod  ] GC(77) NMethods: 422 registered, 0 unregistered
[2024-07-21T22:32:36.983+0800][4.971s][gc,metaspace] GC(77) Metaspace: 1M used, 1M committed, 1032M reserved
[2024-07-21T22:32:36.983+0800][4.971s][gc,ref      ] GC(77) Soft: 43 encountered, 0 discovered, 0 enqueued
[2024-07-21T22:32:36.983+0800][4.971s][gc,ref      ] GC(77) Weak: 131 encountered, 107 discovered, 0 enqueued
[2024-07-21T22:32:36.983+0800][4.971s][gc,ref      ] GC(77) Final: 0 encountered, 0 discovered, 0 enqueued
[2024-07-21T22:32:36.983+0800][4.972s][gc,ref      ] GC(77) Phantom: 184 encountered, 98 discovered, 0 enqueued
[2024-07-21T22:32:36.983+0800][4.972s][gc,reloc    ] GC(77) Small Pages: 4 / 8M, Empty: 2M, Relocated: 0M, In-Place: 0
[2024-07-21T22:32:36.983+0800][4.972s][gc,reloc    ] GC(77) Medium Pages: 1 / 4M, Empty: 0M, Relocated: 0M, In-Place: 0
[2024-07-21T22:32:36.983+0800][4.972s][gc,reloc    ] GC(77) Large Pages: 53 / 106M, Empty: 80M, Relocated: 0M, In-Place: 0
[2024-07-21T22:32:36.983+0800][4.972s][gc,reloc    ] GC(77) Forwarding Usage: 0M
[2024-07-21T22:32:36.983+0800][4.972s][gc,heap     ] GC(77) Min Capacity: 8M(6%)
[2024-07-21T22:32:36.983+0800][4.972s][gc,heap     ] GC(77) Max Capacity: 128M(100%)
[2024-07-21T22:32:36.983+0800][4.972s][gc,heap     ] GC(77) Soft Max Capacity: 128M(100%)
[2024-07-21T22:32:36.983+0800][4.972s][gc,heap     ] GC(77)                Mark Start          Mark End        Relocate Start      Relocate End           High               Low         
[2024-07-21T22:32:36.983+0800][4.972s][gc,heap     ] GC(77)  Capacity:      128M (100%)        128M (100%)        128M (100%)        128M (100%)        128M (100%)        128M (100%)   
[2024-07-21T22:32:36.983+0800][4.972s][gc,heap     ] GC(77)      Free:       10M (8%)            0M (0%)           78M (61%)          76M (59%)          82M (64%)           0M (0%)     
[2024-07-21T22:32:36.983+0800][4.972s][gc,heap     ] GC(77)      Used:      118M (92%)         128M (100%)         50M (39%)          52M (41%)         128M (100%)         46M (36%)    
[2024-07-21T22:32:36.983+0800][4.972s][gc,heap     ] GC(77)      Live:         -                30M (24%)          30M (24%)          30M (24%)            -                  -          
[2024-07-21T22:32:36.983+0800][4.972s][gc,heap     ] GC(77) Allocated:         -                10M (8%)           14M (11%)          16M (12%)            -                  -          
[2024-07-21T22:32:36.984+0800][4.972s][gc,heap     ] GC(77)   Garbage:         -                87M (68%)           5M (4%)            5M (4%)             -                  -          
[2024-07-21T22:32:36.984+0800][4.972s][gc,heap     ] GC(77) Reclaimed:         -                  -                82M (64%)          82M (64%)            -                  -          
[2024-07-21T22:32:36.984+0800][4.972s][gc          ] GC(77) Garbage Collection (Allocation Rate) 118M(92%)->52M(41%)
[2024-07-21T22:32:37.052+0800][5.041s][gc,start    ] GC(78) Garbage Collection (Allocation Stall)
[2024-07-21T22:32:37.052+0800][5.041s][gc,ref      ] GC(78) Clearing All SoftReferences
[2024-07-21T22:32:37.053+0800][5.041s][gc,task     ] GC(78) Using 1 workers
[2024-07-21T22:32:37.053+0800][5.041s][gc,phases   ] GC(78) Pause Mark Start 0.008ms
[2024-07-21T22:32:37.057+0800][5.045s][gc,phases   ] GC(78) Concurrent Mark 3.711ms
[2024-07-21T22:32:37.057+0800][5.045s][gc,phases   ] GC(78) Pause Mark End 0.010ms
[2024-07-21T22:32:37.057+0800][5.045s][gc,phases   ] GC(78) Concurrent Mark Free 0.001ms
[2024-07-21T22:32:37.058+0800][5.046s][gc,phases   ] GC(78) Concurrent Process Non-Strong References 1.333ms
[2024-07-21T22:32:37.058+0800][5.046s][gc,phases   ] GC(78) Concurrent Reset Relocation Set 0.001ms
[2024-07-21T22:32:37.061+0800][5.049s][gc          ] Allocation Stall (main) 8.225ms
[2024-07-21T22:32:37.061+0800][5.049s][gc,phases   ] GC(78) Concurrent Select Relocation Set 2.332ms
[2024-07-21T22:32:37.061+0800][5.049s][gc,phases   ] GC(78) Pause Relocate Start 0.009ms
[2024-07-21T22:32:37.061+0800][5.049s][gc,phases   ] GC(78) Concurrent Relocate 0.108ms
[2024-07-21T22:32:37.061+0800][5.049s][gc,load     ] GC(78) Load: 0.00/0.00/0.00
[2024-07-21T22:32:37.061+0800][5.049s][gc,mmu      ] GC(78) MMU: 2ms/96.5%, 5ms/98.4%, 10ms/99.2%, 20ms/99.5%, 50ms/99.8%, 100ms/99.9%
[2024-07-21T22:32:37.061+0800][5.049s][gc,marking  ] GC(78) Mark: 1 stripe(s), 1 proactive flush(es), 1 terminate flush(es), 0 completion(s), 0 continuation(s) 
[2024-07-21T22:32:37.061+0800][5.049s][gc,marking  ] GC(78) Mark Stack Usage: 32M
[2024-07-21T22:32:37.061+0800][5.049s][gc,nmethod  ] GC(78) NMethods: 427 registered, 0 unregistered
[2024-07-21T22:32:37.061+0800][5.050s][gc,metaspace] GC(78) Metaspace: 1M used, 1M committed, 1032M reserved
[2024-07-21T22:32:37.061+0800][5.050s][gc,ref      ] GC(78) Soft: 43 encountered, 20 discovered, 0 enqueued
[2024-07-21T22:32:37.061+0800][5.050s][gc,ref      ] GC(78) Weak: 131 encountered, 107 discovered, 0 enqueued
[2024-07-21T22:32:37.061+0800][5.050s][gc,ref      ] GC(78) Final: 0 encountered, 0 discovered, 0 enqueued
[2024-07-21T22:32:37.061+0800][5.050s][gc,ref      ] GC(78) Phantom: 184 encountered, 98 discovered, 0 enqueued
[2024-07-21T22:32:37.061+0800][5.050s][gc,reloc    ] GC(78) Small Pages: 4 / 8M, Empty: 2M, Relocated: 0M, In-Place: 0
[2024-07-21T22:32:37.061+0800][5.050s][gc,reloc    ] GC(78) Medium Pages: 1 / 4M, Empty: 0M, Relocated: 0M, In-Place: 0
[2024-07-21T22:32:37.061+0800][5.050s][gc,reloc    ] GC(78) Large Pages: 58 / 116M, Empty: 80M, Relocated: 0M, In-Place: 0
[2024-07-21T22:32:37.061+0800][5.050s][gc,reloc    ] GC(78) Forwarding Usage: 0M
[2024-07-21T22:32:37.061+0800][5.050s][gc,heap     ] GC(78) Min Capacity: 8M(6%)
[2024-07-21T22:32:37.061+0800][5.050s][gc,heap     ] GC(78) Max Capacity: 128M(100%)
[2024-07-21T22:32:37.061+0800][5.050s][gc,heap     ] GC(78) Soft Max Capacity: 128M(100%)
[2024-07-21T22:32:37.061+0800][5.050s][gc,heap     ] GC(78)                Mark Start          Mark End        Relocate Start      Relocate End           High               Low         
[2024-07-21T22:32:37.061+0800][5.050s][gc,heap     ] GC(78)  Capacity:      128M (100%)        128M (100%)        128M (100%)        128M (100%)        128M (100%)        128M (100%)   
[2024-07-21T22:32:37.062+0800][5.050s][gc,heap     ] GC(78)      Free:        0M (0%)            0M (0%)           80M (62%)          80M (62%)          82M (64%)           0M (0%)     
[2024-07-21T22:32:37.062+0800][5.050s][gc,heap     ] GC(78)      Used:      128M (100%)        128M (100%)         48M (38%)          48M (38%)         128M (100%)         46M (36%)    
[2024-07-21T22:32:37.062+0800][5.050s][gc,heap     ] GC(78)      Live:         -                40M (32%)          40M (32%)          40M (32%)            -                  -          
[2024-07-21T22:32:37.062+0800][5.050s][gc,heap     ] GC(78) Allocated:         -                 0M (0%)            2M (2%)            2M (2%)             -                  -          
[2024-07-21T22:32:37.062+0800][5.050s][gc,heap     ] GC(78)   Garbage:         -                87M (68%)           5M (4%)            5M (4%)             -                  -          
[2024-07-21T22:32:37.062+0800][5.050s][gc,heap     ] GC(78) Reclaimed:         -                  -                82M (64%)          82M (64%)            -                  -          
[2024-07-21T22:32:37.062+0800][5.050s][gc          ] GC(78) Garbage Collection (Allocation Stall) 128M(100%)->48M(38%)
[2024-07-21T22:32:37.068+0800][5.056s][gc,start    ] GC(79) Garbage Collection (Allocation Rate)
[2024-07-21T22:32:37.068+0800][5.056s][gc,task     ] GC(79) Using 1 workers
[2024-07-21T22:32:37.068+0800][5.056s][gc,phases   ] GC(79) Pause Mark Start 0.006ms
[2024-07-21T22:32:37.072+0800][5.060s][gc,phases   ] GC(79) Concurrent Mark 3.658ms
[2024-07-21T22:32:37.072+0800][5.060s][gc,phases   ] GC(79) Pause Mark End 0.041ms
[2024-07-21T22:32:37.072+0800][5.060s][gc,phases   ] GC(79) Concurrent Mark Free 0.003ms
[2024-07-21T22:32:37.074+0800][5.062s][gc,phases   ] GC(79) Concurrent Process Non-Strong References 1.651ms
[2024-07-21T22:32:37.074+0800][5.062s][gc,phases   ] GC(79) Concurrent Reset Relocation Set 0.001ms
[2024-07-21T22:32:37.076+0800][5.065s][gc,phases   ] GC(79) Concurrent Select Relocation Set 2.443ms
[2024-07-21T22:32:37.077+0800][5.065s][gc,phases   ] GC(79) Pause Relocate Start 0.007ms
[2024-07-21T22:32:37.078+0800][5.066s][gc,phases   ] GC(79) Concurrent Relocate 1.045ms
[2024-07-21T22:32:37.078+0800][5.066s][gc,load     ] GC(79) Load: 0.00/0.00/0.00
[2024-07-21T22:32:37.078+0800][5.066s][gc,mmu      ] GC(79) MMU: 2ms/96.5%, 5ms/98.4%, 10ms/99.2%, 20ms/99.5%, 50ms/99.8%, 100ms/99.9%
[2024-07-21T22:32:37.078+0800][5.066s][gc,marking  ] GC(79) Mark: 1 stripe(s), 1 proactive flush(es), 1 terminate flush(es), 0 completion(s), 0 continuation(s) 
[2024-07-21T22:32:37.078+0800][5.066s][gc,marking  ] GC(79) Mark Stack Usage: 32M
[2024-07-21T22:32:37.078+0800][5.066s][gc,nmethod  ] GC(79) NMethods: 431 registered, 0 unregistered
[2024-07-21T22:32:37.078+0800][5.066s][gc,metaspace] GC(79) Metaspace: 1M used, 1M committed, 1032M reserved
[2024-07-21T22:32:37.078+0800][5.066s][gc,ref      ] GC(79) Soft: 43 encountered, 0 discovered, 0 enqueued
[2024-07-21T22:32:37.078+0800][5.066s][gc,ref      ] GC(79) Weak: 131 encountered, 107 discovered, 0 enqueued
[2024-07-21T22:32:37.078+0800][5.066s][gc,ref      ] GC(79) Final: 0 encountered, 0 discovered, 0 enqueued
[2024-07-21T22:32:37.078+0800][5.066s][gc,ref      ] GC(79) Phantom: 184 encountered, 98 discovered, 0 enqueued
[2024-07-21T22:32:37.078+0800][5.066s][gc,reloc    ] GC(79) Small Pages: 4 / 8M, Empty: 0M, Relocated: 1M, In-Place: 0
[2024-07-21T22:32:37.078+0800][5.066s][gc,reloc    ] GC(79) Medium Pages: 1 / 4M, Empty: 0M, Relocated: 0M, In-Place: 0
[2024-07-21T22:32:37.078+0800][5.066s][gc,reloc    ] GC(79) Large Pages: 20 / 40M, Empty: 40M, Relocated: 0M, In-Place: 0
[2024-07-21T22:32:37.078+0800][5.066s][gc,reloc    ] GC(79) Forwarding Usage: 0M
[2024-07-21T22:32:37.078+0800][5.066s][gc,heap     ] GC(79) Min Capacity: 8M(6%)
[2024-07-21T22:32:37.078+0800][5.066s][gc,heap     ] GC(79) Max Capacity: 128M(100%)
[2024-07-21T22:32:37.078+0800][5.066s][gc,heap     ] GC(79) Soft Max Capacity: 128M(100%)
[2024-07-21T22:32:37.078+0800][5.066s][gc,heap     ] GC(79)                Mark Start          Mark End        Relocate Start      Relocate End           High               Low         
[2024-07-21T22:32:37.078+0800][5.066s][gc,heap     ] GC(79)  Capacity:      128M (100%)        128M (100%)        128M (100%)        128M (100%)        128M (100%)        128M (100%)   
[2024-07-21T22:32:37.078+0800][5.066s][gc,heap     ] GC(79)      Free:       76M (59%)          76M (59%)         116M (91%)         118M (92%)         118M (92%)          76M (59%)    
[2024-07-21T22:32:37.078+0800][5.066s][gc,heap     ] GC(79)      Used:       52M (41%)          52M (41%)          12M (9%)           10M (8%)           52M (41%)          10M (8%)     
[2024-07-21T22:32:37.078+0800][5.066s][gc,heap     ] GC(79)      Live:         -                 4M (4%)            4M (4%)            4M (4%)             -                  -          
[2024-07-21T22:32:37.078+0800][5.066s][gc,heap     ] GC(79) Allocated:         -                 0M (0%)            0M (0%)            0M (0%)             -                  -          
[2024-07-21T22:32:37.078+0800][5.066s][gc,heap     ] GC(79)   Garbage:         -                47M (37%)           7M (6%)            5M (4%)             -                  -          
[2024-07-21T22:32:37.078+0800][5.066s][gc,heap     ] GC(79) Reclaimed:         -                  -                40M (31%)          42M (33%)            -                  -          
[2024-07-21T22:32:37.078+0800][5.066s][gc          ] GC(79) Garbage Collection (Allocation Rate) 52M(41%)->10M(8%)
[2024-07-21T22:32:37.165+0800][5.153s][gc,start    ] GC(80) Garbage Collection (Allocation Stall)
[2024-07-21T22:32:37.165+0800][5.153s][gc,ref      ] GC(80) Clearing All SoftReferences
[2024-07-21T22:32:37.165+0800][5.153s][gc,task     ] GC(80) Using 1 workers
[2024-07-21T22:32:37.165+0800][5.153s][gc,phases   ] GC(80) Pause Mark Start 0.005ms
[2024-07-21T22:32:37.169+0800][5.157s][gc,phases   ] GC(80) Concurrent Mark 3.529ms
[2024-07-21T22:32:37.169+0800][5.157s][gc,phases   ] GC(80) Pause Mark End 0.005ms
[2024-07-21T22:32:37.169+0800][5.157s][gc,phases   ] GC(80) Concurrent Mark Free 0.001ms
[2024-07-21T22:32:37.170+0800][5.158s][gc,phases   ] GC(80) Concurrent Process Non-Strong References 1.108ms
[2024-07-21T22:32:37.170+0800][5.159s][gc,phases   ] GC(80) Concurrent Reset Relocation Set 0.001ms
[2024-07-21T22:32:37.172+0800][5.160s][gc          ] Allocation Stall (main) 7.339ms
[2024-07-21T22:32:37.172+0800][5.160s][gc,phases   ] GC(80) Concurrent Select Relocation Set 1.952ms
[2024-07-21T22:32:37.173+0800][5.161s][gc,phases   ] GC(80) Pause Relocate Start 0.028ms
[2024-07-21T22:32:37.173+0800][5.161s][gc,phases   ] GC(80) Concurrent Relocate 0.211ms
[2024-07-21T22:32:37.173+0800][5.161s][gc,load     ] GC(80) Load: 0.00/0.00/0.00
[2024-07-21T22:32:37.173+0800][5.161s][gc,mmu      ] GC(80) MMU: 2ms/96.5%, 5ms/98.4%, 10ms/99.2%, 20ms/99.5%, 50ms/99.8%, 100ms/99.9%
[2024-07-21T22:32:37.173+0800][5.161s][gc,marking  ] GC(80) Mark: 1 stripe(s), 1 proactive flush(es), 1 terminate flush(es), 0 completion(s), 0 continuation(s) 
[2024-07-21T22:32:37.173+0800][5.161s][gc,marking  ] GC(80) Mark Stack Usage: 32M
[2024-07-21T22:32:37.173+0800][5.161s][gc,nmethod  ] GC(80) NMethods: 431 registered, 0 unregistered
[2024-07-21T22:32:37.173+0800][5.161s][gc,metaspace] GC(80) Metaspace: 1M used, 1M committed, 1032M reserved
[2024-07-21T22:32:37.173+0800][5.161s][gc,ref      ] GC(80) Soft: 43 encountered, 20 discovered, 0 enqueued
[2024-07-21T22:32:37.173+0800][5.161s][gc,ref      ] GC(80) Weak: 131 encountered, 107 discovered, 0 enqueued
[2024-07-21T22:32:37.173+0800][5.162s][gc,ref      ] GC(80) Final: 0 encountered, 0 discovered, 0 enqueued
[2024-07-21T22:32:37.173+0800][5.162s][gc,ref      ] GC(80) Phantom: 184 encountered, 98 discovered, 0 enqueued
[2024-07-21T22:32:37.173+0800][5.162s][gc,reloc    ] GC(80) Small Pages: 4 / 8M, Empty: 2M, Relocated: 0M, In-Place: 0
[2024-07-21T22:32:37.173+0800][5.162s][gc,reloc    ] GC(80) Medium Pages: 1 / 4M, Empty: 0M, Relocated: 0M, In-Place: 0
[2024-07-21T22:32:37.173+0800][5.162s][gc,reloc    ] GC(80) Large Pages: 58 / 116M, Empty: 80M, Relocated: 0M, In-Place: 0
[2024-07-21T22:32:37.173+0800][5.162s][gc,reloc    ] GC(80) Forwarding Usage: 0M
[2024-07-21T22:32:37.173+0800][5.162s][gc,heap     ] GC(80) Min Capacity: 8M(6%)
[2024-07-21T22:32:37.173+0800][5.162s][gc,heap     ] GC(80) Max Capacity: 128M(100%)
[2024-07-21T22:32:37.173+0800][5.162s][gc,heap     ] GC(80) Soft Max Capacity: 128M(100%)
[2024-07-21T22:32:37.173+0800][5.162s][gc,heap     ] GC(80)                Mark Start          Mark End        Relocate Start      Relocate End           High               Low         
[2024-07-21T22:32:37.173+0800][5.162s][gc,heap     ] GC(80)  Capacity:      128M (100%)        128M (100%)        128M (100%)        128M (100%)        128M (100%)        128M (100%)   
[2024-07-21T22:32:37.173+0800][5.162s][gc,heap     ] GC(80)      Free:        0M (0%)            0M (0%)           78M (61%)          76M (59%)          82M (64%)           0M (0%)     
[2024-07-21T22:32:37.173+0800][5.162s][gc,heap     ] GC(80)      Used:      128M (100%)        128M (100%)         50M (39%)          52M (41%)         128M (100%)         46M (36%)    
[2024-07-21T22:32:37.173+0800][5.162s][gc,heap     ] GC(80)      Live:         -                40M (32%)          40M (32%)          40M (32%)            -                  -          
[2024-07-21T22:32:37.173+0800][5.162s][gc,heap     ] GC(80) Allocated:         -                 0M (0%)            4M (3%)            6M (5%)             -                  -          
[2024-07-21T22:32:37.173+0800][5.162s][gc,heap     ] GC(80)   Garbage:         -                87M (68%)           5M (4%)            5M (4%)             -                  -          
[2024-07-21T22:32:37.173+0800][5.162s][gc,heap     ] GC(80) Reclaimed:         -                  -                82M (64%)          82M (64%)            -                  -          
[2024-07-21T22:32:37.174+0800][5.162s][gc          ] GC(80) Garbage Collection (Allocation Stall) 128M(100%)->52M(41%)
[2024-07-21T22:32:37.179+0800][5.167s][gc,start    ] GC(81) Garbage Collection (Allocation Rate)
[2024-07-21T22:32:37.179+0800][5.167s][gc,task     ] GC(81) Using 1 workers
[2024-07-21T22:32:37.179+0800][5.167s][gc,phases   ] GC(81) Pause Mark Start 0.007ms
[2024-07-21T22:32:37.183+0800][5.171s][gc,phases   ] GC(81) Concurrent Mark 3.253ms
[2024-07-21T22:32:37.183+0800][5.171s][gc,phases   ] GC(81) Pause Mark End 0.007ms
[2024-07-21T22:32:37.183+0800][5.171s][gc,phases   ] GC(81) Concurrent Mark Free 0.001ms
[2024-07-21T22:32:37.184+0800][5.172s][gc,phases   ] GC(81) Concurrent Process Non-Strong References 1.050ms
[2024-07-21T22:32:37.184+0800][5.172s][gc,phases   ] GC(81) Concurrent Reset Relocation Set 0.000ms
[2024-07-21T22:32:37.186+0800][5.174s][gc,phases   ] GC(81) Concurrent Select Relocation Set 1.597ms
[2024-07-21T22:32:37.186+0800][5.174s][gc,phases   ] GC(81) Pause Relocate Start 0.004ms
[2024-07-21T22:32:37.186+0800][5.175s][gc,phases   ] GC(81) Concurrent Relocate 0.562ms
[2024-07-21T22:32:37.186+0800][5.175s][gc,load     ] GC(81) Load: 0.00/0.00/0.00
[2024-07-21T22:32:37.187+0800][5.175s][gc,mmu      ] GC(81) MMU: 2ms/96.5%, 5ms/98.4%, 10ms/99.2%, 20ms/99.5%, 50ms/99.8%, 100ms/99.9%
[2024-07-21T22:32:37.187+0800][5.175s][gc,marking  ] GC(81) Mark: 1 stripe(s), 1 proactive flush(es), 1 terminate flush(es), 0 completion(s), 0 continuation(s) 
[2024-07-21T22:32:37.187+0800][5.175s][gc,marking  ] GC(81) Mark Stack Usage: 32M
[2024-07-21T22:32:37.187+0800][5.175s][gc,nmethod  ] GC(81) NMethods: 431 registered, 0 unregistered
[2024-07-21T22:32:37.187+0800][5.175s][gc,metaspace] GC(81) Metaspace: 1M used, 1M committed, 1032M reserved
[2024-07-21T22:32:37.187+0800][5.175s][gc,ref      ] GC(81) Soft: 43 encountered, 0 discovered, 0 enqueued
[2024-07-21T22:32:37.187+0800][5.175s][gc,ref      ] GC(81) Weak: 131 encountered, 107 discovered, 0 enqueued
[2024-07-21T22:32:37.187+0800][5.175s][gc,ref      ] GC(81) Final: 0 encountered, 0 discovered, 0 enqueued
[2024-07-21T22:32:37.187+0800][5.175s][gc,ref      ] GC(81) Phantom: 184 encountered, 98 discovered, 0 enqueued
[2024-07-21T22:32:37.187+0800][5.175s][gc,reloc    ] GC(81) Small Pages: 4 / 8M, Empty: 0M, Relocated: 1M, In-Place: 0
[2024-07-21T22:32:37.187+0800][5.175s][gc,reloc    ] GC(81) Medium Pages: 1 / 4M, Empty: 0M, Relocated: 0M, In-Place: 0
[2024-07-21T22:32:37.187+0800][5.175s][gc,reloc    ] GC(81) Large Pages: 20 / 40M, Empty: 40M, Relocated: 0M, In-Place: 0
[2024-07-21T22:32:37.187+0800][5.175s][gc,reloc    ] GC(81) Forwarding Usage: 0M
[2024-07-21T22:32:37.187+0800][5.175s][gc,heap     ] GC(81) Min Capacity: 8M(6%)
[2024-07-21T22:32:37.187+0800][5.175s][gc,heap     ] GC(81) Max Capacity: 128M(100%)
[2024-07-21T22:32:37.187+0800][5.175s][gc,heap     ] GC(81) Soft Max Capacity: 128M(100%)
[2024-07-21T22:32:37.187+0800][5.175s][gc,heap     ] GC(81)                Mark Start          Mark End        Relocate Start      Relocate End           High               Low         
[2024-07-21T22:32:37.187+0800][5.175s][gc,heap     ] GC(81)  Capacity:      128M (100%)        128M (100%)        128M (100%)        128M (100%)        128M (100%)        128M (100%)   
[2024-07-21T22:32:37.187+0800][5.175s][gc,heap     ] GC(81)      Free:       76M (59%)          76M (59%)         116M (91%)         118M (92%)         118M (92%)          76M (59%)    
[2024-07-21T22:32:37.187+0800][5.175s][gc,heap     ] GC(81)      Used:       52M (41%)          52M (41%)          12M (9%)           10M (8%)           52M (41%)          10M (8%)     
[2024-07-21T22:32:37.187+0800][5.175s][gc,heap     ] GC(81)      Live:         -                 4M (4%)            4M (4%)            4M (4%)             -                  -          
[2024-07-21T22:32:37.187+0800][5.175s][gc,heap     ] GC(81) Allocated:         -                 0M (0%)            0M (0%)            0M (0%)             -                  -          
[2024-07-21T22:32:37.187+0800][5.175s][gc,heap     ] GC(81)   Garbage:         -                47M (37%)           7M (6%)            5M (4%)             -                  -          
[2024-07-21T22:32:37.187+0800][5.175s][gc,heap     ] GC(81) Reclaimed:         -                  -                40M (31%)          42M (33%)            -                  -          
[2024-07-21T22:32:37.187+0800][5.175s][gc          ] GC(81) Garbage Collection (Allocation Rate) 52M(41%)->10M(8%)
[2024-07-21T22:32:37.275+0800][5.263s][gc,start    ] GC(82) Garbage Collection (Allocation Rate)
[2024-07-21T22:32:37.275+0800][5.263s][gc,task     ] GC(82) Using 1 workers
[2024-07-21T22:32:37.275+0800][5.264s][gc,phases   ] GC(82) Pause Mark Start 0.030ms
[2024-07-21T22:32:37.279+0800][5.268s][gc,phases   ] GC(82) Concurrent Mark 4.258ms
[2024-07-21T22:32:37.280+0800][5.268s][gc,phases   ] GC(82) Pause Mark End 0.010ms
[2024-07-21T22:32:37.280+0800][5.268s][gc,phases   ] GC(82) Concurrent Mark Free 0.001ms
[2024-07-21T22:32:37.281+0800][5.270s][gc,phases   ] GC(82) Concurrent Process Non-Strong References 1.308ms
[2024-07-21T22:32:37.281+0800][5.270s][gc,phases   ] GC(82) Concurrent Reset Relocation Set 0.001ms
[2024-07-21T22:32:37.284+0800][5.273s][gc          ] Allocation Stall (main) 7.566ms
[2024-07-21T22:32:37.284+0800][5.273s][gc,phases   ] GC(82) Concurrent Select Relocation Set 3.278ms
[2024-07-21T22:32:37.285+0800][5.273s][gc,phases   ] GC(82) Pause Relocate Start 0.012ms
[2024-07-21T22:32:37.285+0800][5.274s][gc,phases   ] GC(82) Concurrent Relocate 0.110ms
[2024-07-21T22:32:37.285+0800][5.274s][gc,load     ] GC(82) Load: 0.00/0.00/0.00
[2024-07-21T22:32:37.285+0800][5.274s][gc,mmu      ] GC(82) MMU: 2ms/96.5%, 5ms/98.4%, 10ms/99.2%, 20ms/99.5%, 50ms/99.8%, 100ms/99.9%
[2024-07-21T22:32:37.285+0800][5.274s][gc,marking  ] GC(82) Mark: 1 stripe(s), 2 proactive flush(es), 1 terminate flush(es), 0 completion(s), 0 continuation(s) 
[2024-07-21T22:32:37.285+0800][5.274s][gc,marking  ] GC(82) Mark Stack Usage: 32M
[2024-07-21T22:32:37.285+0800][5.274s][gc,nmethod  ] GC(82) NMethods: 432 registered, 0 unregistered
[2024-07-21T22:32:37.285+0800][5.274s][gc,metaspace] GC(82) Metaspace: 1M used, 1M committed, 1032M reserved
[2024-07-21T22:32:37.285+0800][5.274s][gc,ref      ] GC(82) Soft: 43 encountered, 0 discovered, 0 enqueued
[2024-07-21T22:32:37.285+0800][5.274s][gc,ref      ] GC(82) Weak: 131 encountered, 107 discovered, 0 enqueued
[2024-07-21T22:32:37.285+0800][5.274s][gc,ref      ] GC(82) Final: 0 encountered, 0 discovered, 0 enqueued
[2024-07-21T22:32:37.285+0800][5.274s][gc,ref      ] GC(82) Phantom: 184 encountered, 98 discovered, 0 enqueued
[2024-07-21T22:32:37.285+0800][5.274s][gc,reloc    ] GC(82) Small Pages: 4 / 8M, Empty: 2M, Relocated: 0M, In-Place: 0
[2024-07-21T22:32:37.285+0800][5.274s][gc,reloc    ] GC(82) Medium Pages: 1 / 4M, Empty: 0M, Relocated: 0M, In-Place: 0
[2024-07-21T22:32:37.285+0800][5.274s][gc,reloc    ] GC(82) Large Pages: 52 / 104M, Empty: 80M, Relocated: 0M, In-Place: 0
[2024-07-21T22:32:37.285+0800][5.274s][gc,reloc    ] GC(82) Forwarding Usage: 0M
[2024-07-21T22:32:37.285+0800][5.274s][gc,heap     ] GC(82) Min Capacity: 8M(6%)
[2024-07-21T22:32:37.285+0800][5.274s][gc,heap     ] GC(82) Max Capacity: 128M(100%)
[2024-07-21T22:32:37.285+0800][5.274s][gc,heap     ] GC(82) Soft Max Capacity: 128M(100%)
[2024-07-21T22:32:37.285+0800][5.274s][gc,heap     ] GC(82)                Mark Start          Mark End        Relocate Start      Relocate End           High               Low         
[2024-07-21T22:32:37.285+0800][5.274s][gc,heap     ] GC(82)  Capacity:      128M (100%)        128M (100%)        128M (100%)        128M (100%)        128M (100%)        128M (100%)   
[2024-07-21T22:32:37.285+0800][5.274s][gc,heap     ] GC(82)      Free:       12M (9%)            0M (0%)           76M (59%)          76M (59%)          82M (64%)           0M (0%)     
[2024-07-21T22:32:37.285+0800][5.274s][gc,heap     ] GC(82)      Used:      116M (91%)         128M (100%)         52M (41%)          52M (41%)         128M (100%)         46M (36%)    
[2024-07-21T22:32:37.285+0800][5.274s][gc,heap     ] GC(82)      Live:         -                28M (22%)          28M (22%)          28M (22%)            -                  -          
[2024-07-21T22:32:37.285+0800][5.274s][gc,heap     ] GC(82) Allocated:         -                12M (9%)           18M (14%)          18M (14%)            -                  -          
[2024-07-21T22:32:37.285+0800][5.274s][gc,heap     ] GC(82)   Garbage:         -                87M (68%)           5M (4%)            5M (4%)             -                  -          
[2024-07-21T22:32:37.285+0800][5.274s][gc,heap     ] GC(82) Reclaimed:         -                  -                82M (64%)          82M (64%)            -                  -          
[2024-07-21T22:32:37.285+0800][5.274s][gc          ] GC(82) Garbage Collection (Allocation Rate) 116M(91%)->52M(41%)
[2024-07-21T22:32:37.356+0800][5.344s][gc,start    ] GC(83) Garbage Collection (Allocation Stall)
[2024-07-21T22:32:37.356+0800][5.344s][gc,ref      ] GC(83) Clearing All SoftReferences
[2024-07-21T22:32:37.356+0800][5.344s][gc,task     ] GC(83) Using 1 workers
[2024-07-21T22:32:37.357+0800][5.345s][gc,phases   ] GC(83) Pause Mark Start 0.008ms
[2024-07-21T22:32:37.361+0800][5.349s][gc,phases   ] GC(83) Concurrent Mark 4.021ms
[2024-07-21T22:32:37.361+0800][5.349s][gc,phases   ] GC(83) Pause Mark End 0.012ms
[2024-07-21T22:32:37.361+0800][5.349s][gc,phases   ] GC(83) Concurrent Mark Free 0.001ms
[2024-07-21T22:32:37.362+0800][5.351s][gc,phases   ] GC(83) Concurrent Process Non-Strong References 1.276ms
[2024-07-21T22:32:37.363+0800][5.351s][gc,phases   ] GC(83) Concurrent Reset Relocation Set 0.002ms
[2024-07-21T22:32:37.366+0800][5.354s][gc          ] Allocation Stall (main) 10.282ms
[2024-07-21T22:32:37.366+0800][5.354s][gc,phases   ] GC(83) Concurrent Select Relocation Set 3.277ms
[2024-07-21T22:32:37.366+0800][5.354s][gc,phases   ] GC(83) Pause Relocate Start 0.007ms
[2024-07-21T22:32:37.366+0800][5.355s][gc,phases   ] GC(83) Concurrent Relocate 0.074ms
[2024-07-21T22:32:37.366+0800][5.355s][gc,load     ] GC(83) Load: 0.00/0.00/0.00
[2024-07-21T22:32:37.366+0800][5.355s][gc,mmu      ] GC(83) MMU: 2ms/96.5%, 5ms/98.4%, 10ms/99.2%, 20ms/99.5%, 50ms/99.8%, 100ms/99.9%
[2024-07-21T22:32:37.366+0800][5.355s][gc,marking  ] GC(83) Mark: 1 stripe(s), 1 proactive flush(es), 1 terminate flush(es), 0 completion(s), 0 continuation(s) 
[2024-07-21T22:32:37.366+0800][5.355s][gc,marking  ] GC(83) Mark Stack Usage: 32M
[2024-07-21T22:32:37.366+0800][5.355s][gc,nmethod  ] GC(83) NMethods: 432 registered, 0 unregistered
[2024-07-21T22:32:37.366+0800][5.355s][gc,metaspace] GC(83) Metaspace: 1M used, 1M committed, 1032M reserved
[2024-07-21T22:32:37.366+0800][5.355s][gc,ref      ] GC(83) Soft: 43 encountered, 20 discovered, 0 enqueued
[2024-07-21T22:32:37.366+0800][5.355s][gc,ref      ] GC(83) Weak: 131 encountered, 107 discovered, 0 enqueued
[2024-07-21T22:32:37.366+0800][5.355s][gc,ref      ] GC(83) Final: 0 encountered, 0 discovered, 0 enqueued
[2024-07-21T22:32:37.366+0800][5.355s][gc,ref      ] GC(83) Phantom: 184 encountered, 98 discovered, 0 enqueued
[2024-07-21T22:32:37.367+0800][5.355s][gc,reloc    ] GC(83) Small Pages: 4 / 8M, Empty: 2M, Relocated: 0M, In-Place: 0
[2024-07-21T22:32:37.367+0800][5.355s][gc,reloc    ] GC(83) Medium Pages: 1 / 4M, Empty: 0M, Relocated: 0M, In-Place: 0
[2024-07-21T22:32:37.367+0800][5.355s][gc,reloc    ] GC(83) Large Pages: 58 / 116M, Empty: 80M, Relocated: 0M, In-Place: 0
[2024-07-21T22:32:37.367+0800][5.355s][gc,reloc    ] GC(83) Forwarding Usage: 0M
[2024-07-21T22:32:37.367+0800][5.355s][gc,heap     ] GC(83) Min Capacity: 8M(6%)
[2024-07-21T22:32:37.367+0800][5.355s][gc,heap     ] GC(83) Max Capacity: 128M(100%)
[2024-07-21T22:32:37.367+0800][5.355s][gc,heap     ] GC(83) Soft Max Capacity: 128M(100%)
[2024-07-21T22:32:37.367+0800][5.355s][gc,heap     ] GC(83)                Mark Start          Mark End        Relocate Start      Relocate End           High               Low         
[2024-07-21T22:32:37.367+0800][5.355s][gc,heap     ] GC(83)  Capacity:      128M (100%)        128M (100%)        128M (100%)        128M (100%)        128M (100%)        128M (100%)   
[2024-07-21T22:32:37.367+0800][5.355s][gc,heap     ] GC(83)      Free:        0M (0%)            0M (0%)           80M (62%)          80M (62%)          82M (64%)           0M (0%)     
[2024-07-21T22:32:37.367+0800][5.355s][gc,heap     ] GC(83)      Used:      128M (100%)        128M (100%)         48M (38%)          48M (38%)         128M (100%)         46M (36%)    
[2024-07-21T22:32:37.367+0800][5.355s][gc,heap     ] GC(83)      Live:         -                40M (32%)          40M (32%)          40M (32%)            -                  -          
[2024-07-21T22:32:37.367+0800][5.355s][gc,heap     ] GC(83) Allocated:         -                 0M (0%)            2M (2%)            2M (2%)             -                  -          
[2024-07-21T22:32:37.367+0800][5.355s][gc,heap     ] GC(83)   Garbage:         -                87M (68%)           5M (4%)            5M (4%)             -                  -          
[2024-07-21T22:32:37.367+0800][5.355s][gc,heap     ] GC(83) Reclaimed:         -                  -                82M (64%)          82M (64%)            -                  -          
[2024-07-21T22:32:37.367+0800][5.355s][gc          ] GC(83) Garbage Collection (Allocation Stall) 128M(100%)->48M(38%)
[2024-07-21T22:32:37.371+0800][5.359s][gc,start    ] GC(84) Garbage Collection (Allocation Rate)
[2024-07-21T22:32:37.371+0800][5.359s][gc,task     ] GC(84) Using 1 workers
[2024-07-21T22:32:37.371+0800][5.360s][gc,phases   ] GC(84) Pause Mark Start 0.008ms
[2024-07-21T22:32:37.375+0800][5.363s][gc,phases   ] GC(84) Concurrent Mark 3.669ms
[2024-07-21T22:32:37.375+0800][5.364s][gc,phases   ] GC(84) Pause Mark End 0.009ms
[2024-07-21T22:32:37.375+0800][5.364s][gc,phases   ] GC(84) Concurrent Mark Free 0.001ms
[2024-07-21T22:32:37.376+0800][5.365s][gc,phases   ] GC(84) Concurrent Process Non-Strong References 1.059ms
[2024-07-21T22:32:37.376+0800][5.365s][gc,phases   ] GC(84) Concurrent Reset Relocation Set 0.000ms
[2024-07-21T22:32:37.378+0800][5.367s][gc,phases   ] GC(84) Concurrent Select Relocation Set 1.909ms
[2024-07-21T22:32:37.379+0800][5.367s][gc,phases   ] GC(84) Pause Relocate Start 0.004ms
[2024-07-21T22:32:37.379+0800][5.368s][gc,phases   ] GC(84) Concurrent Relocate 0.629ms
[2024-07-21T22:32:37.379+0800][5.368s][gc,load     ] GC(84) Load: 0.00/0.00/0.00
[2024-07-21T22:32:37.379+0800][5.368s][gc,mmu      ] GC(84) MMU: 2ms/96.5%, 5ms/98.4%, 10ms/99.2%, 20ms/99.5%, 50ms/99.8%, 100ms/99.9%
[2024-07-21T22:32:37.379+0800][5.368s][gc,marking  ] GC(84) Mark: 1 stripe(s), 1 proactive flush(es), 1 terminate flush(es), 0 completion(s), 0 continuation(s) 
[2024-07-21T22:32:37.379+0800][5.368s][gc,marking  ] GC(84) Mark Stack Usage: 32M
[2024-07-21T22:32:37.379+0800][5.368s][gc,nmethod  ] GC(84) NMethods: 432 registered, 0 unregistered
[2024-07-21T22:32:37.379+0800][5.368s][gc,metaspace] GC(84) Metaspace: 1M used, 1M committed, 1032M reserved
[2024-07-21T22:32:37.379+0800][5.368s][gc,ref      ] GC(84) Soft: 43 encountered, 0 discovered, 0 enqueued
[2024-07-21T22:32:37.379+0800][5.368s][gc,ref      ] GC(84) Weak: 131 encountered, 107 discovered, 0 enqueued
[2024-07-21T22:32:37.379+0800][5.368s][gc,ref      ] GC(84) Final: 0 encountered, 0 discovered, 0 enqueued
[2024-07-21T22:32:37.379+0800][5.368s][gc,ref      ] GC(84) Phantom: 184 encountered, 98 discovered, 0 enqueued
[2024-07-21T22:32:37.379+0800][5.368s][gc,reloc    ] GC(84) Small Pages: 4 / 8M, Empty: 0M, Relocated: 1M, In-Place: 0
[2024-07-21T22:32:37.379+0800][5.368s][gc,reloc    ] GC(84) Medium Pages: 1 / 4M, Empty: 0M, Relocated: 0M, In-Place: 0
[2024-07-21T22:32:37.379+0800][5.368s][gc,reloc    ] GC(84) Large Pages: 20 / 40M, Empty: 40M, Relocated: 0M, In-Place: 0
[2024-07-21T22:32:37.379+0800][5.368s][gc,reloc    ] GC(84) Forwarding Usage: 0M
[2024-07-21T22:32:37.379+0800][5.368s][gc,heap     ] GC(84) Min Capacity: 8M(6%)
[2024-07-21T22:32:37.379+0800][5.368s][gc,heap     ] GC(84) Max Capacity: 128M(100%)
[2024-07-21T22:32:37.379+0800][5.368s][gc,heap     ] GC(84) Soft Max Capacity: 128M(100%)
[2024-07-21T22:32:37.379+0800][5.368s][gc,heap     ] GC(84)                Mark Start          Mark End        Relocate Start      Relocate End           High               Low         
[2024-07-21T22:32:37.380+0800][5.368s][gc,heap     ] GC(84)  Capacity:      128M (100%)        128M (100%)        128M (100%)        128M (100%)        128M (100%)        128M (100%)   
[2024-07-21T22:32:37.380+0800][5.368s][gc,heap     ] GC(84)      Free:       76M (59%)          76M (59%)         116M (91%)         118M (92%)         118M (92%)          76M (59%)    
[2024-07-21T22:32:37.380+0800][5.368s][gc,heap     ] GC(84)      Used:       52M (41%)          52M (41%)          12M (9%)           10M (8%)           52M (41%)          10M (8%)     
[2024-07-21T22:32:37.380+0800][5.368s][gc,heap     ] GC(84)      Live:         -                 4M (4%)            4M (4%)            4M (4%)             -                  -          
[2024-07-21T22:32:37.380+0800][5.368s][gc,heap     ] GC(84) Allocated:         -                 0M (0%)            0M (0%)            0M (0%)             -                  -          
[2024-07-21T22:32:37.380+0800][5.368s][gc,heap     ] GC(84)   Garbage:         -                47M (37%)           7M (6%)            5M (4%)             -                  -          
[2024-07-21T22:32:37.380+0800][5.368s][gc,heap     ] GC(84) Reclaimed:         -                  -                40M (31%)          42M (33%)            -                  -          
[2024-07-21T22:32:37.380+0800][5.368s][gc          ] GC(84) Garbage Collection (Allocation Rate) 52M(41%)->10M(8%)
[2024-07-21T22:32:37.467+0800][5.455s][gc,start    ] GC(85) Garbage Collection (Allocation Rate)
[2024-07-21T22:32:37.467+0800][5.455s][gc,task     ] GC(85) Using 1 workers
[2024-07-21T22:32:37.467+0800][5.456s][gc,phases   ] GC(85) Pause Mark Start 0.016ms
[2024-07-21T22:32:37.471+0800][5.460s][gc,phases   ] GC(85) Concurrent Mark 3.815ms
[2024-07-21T22:32:37.472+0800][5.460s][gc,phases   ] GC(85) Pause Mark End 0.008ms
[2024-07-21T22:32:37.472+0800][5.460s][gc,phases   ] GC(85) Concurrent Mark Free 0.001ms
[2024-07-21T22:32:37.473+0800][5.461s][gc,phases   ] GC(85) Concurrent Process Non-Strong References 1.152ms
[2024-07-21T22:32:37.473+0800][5.461s][gc,phases   ] GC(85) Concurrent Reset Relocation Set 0.001ms
[2024-07-21T22:32:37.475+0800][5.463s][gc,phases   ] GC(85) Concurrent Select Relocation Set 2.094ms
[2024-07-21T22:32:37.475+0800][5.463s][gc          ] Allocation Stall (main) 5.680ms
[2024-07-21T22:32:37.475+0800][5.464s][gc,phases   ] GC(85) Pause Relocate Start 0.006ms
[2024-07-21T22:32:37.475+0800][5.464s][gc,phases   ] GC(85) Concurrent Relocate 0.024ms
[2024-07-21T22:32:37.476+0800][5.464s][gc,load     ] GC(85) Load: 0.00/0.00/0.00
[2024-07-21T22:32:37.476+0800][5.464s][gc,mmu      ] GC(85) MMU: 2ms/96.5%, 5ms/98.4%, 10ms/99.2%, 20ms/99.5%, 50ms/99.8%, 100ms/99.9%
[2024-07-21T22:32:37.476+0800][5.464s][gc,marking  ] GC(85) Mark: 1 stripe(s), 2 proactive flush(es), 1 terminate flush(es), 0 completion(s), 0 continuation(s) 
[2024-07-21T22:32:37.476+0800][5.464s][gc,marking  ] GC(85) Mark Stack Usage: 32M
[2024-07-21T22:32:37.476+0800][5.464s][gc,nmethod  ] GC(85) NMethods: 432 registered, 0 unregistered
[2024-07-21T22:32:37.476+0800][5.464s][gc,metaspace] GC(85) Metaspace: 1M used, 1M committed, 1032M reserved
[2024-07-21T22:32:37.476+0800][5.464s][gc,ref      ] GC(85) Soft: 43 encountered, 0 discovered, 0 enqueued
[2024-07-21T22:32:37.476+0800][5.464s][gc,ref      ] GC(85) Weak: 131 encountered, 107 discovered, 0 enqueued
[2024-07-21T22:32:37.476+0800][5.464s][gc,ref      ] GC(85) Final: 0 encountered, 0 discovered, 0 enqueued
[2024-07-21T22:32:37.476+0800][5.464s][gc,ref      ] GC(85) Phantom: 184 encountered, 98 discovered, 0 enqueued
[2024-07-21T22:32:37.476+0800][5.464s][gc,reloc    ] GC(85) Small Pages: 4 / 8M, Empty: 2M, Relocated: 0M, In-Place: 0
[2024-07-21T22:32:37.476+0800][5.464s][gc,reloc    ] GC(85) Medium Pages: 1 / 4M, Empty: 0M, Relocated: 0M, In-Place: 0
[2024-07-21T22:32:37.476+0800][5.464s][gc,reloc    ] GC(85) Large Pages: 53 / 106M, Empty: 80M, Relocated: 0M, In-Place: 0
[2024-07-21T22:32:37.476+0800][5.464s][gc,reloc    ] GC(85) Forwarding Usage: 0M
[2024-07-21T22:32:37.476+0800][5.464s][gc,heap     ] GC(85) Min Capacity: 8M(6%)
[2024-07-21T22:32:37.476+0800][5.464s][gc,heap     ] GC(85) Max Capacity: 128M(100%)
[2024-07-21T22:32:37.476+0800][5.464s][gc,heap     ] GC(85) Soft Max Capacity: 128M(100%)
[2024-07-21T22:32:37.476+0800][5.464s][gc,heap     ] GC(85)                Mark Start          Mark End        Relocate Start      Relocate End           High               Low         
[2024-07-21T22:32:37.476+0800][5.464s][gc,heap     ] GC(85)  Capacity:      128M (100%)        128M (100%)        128M (100%)        128M (100%)        128M (100%)        128M (100%)   
[2024-07-21T22:32:37.476+0800][5.464s][gc,heap     ] GC(85)      Free:       10M (8%)            0M (0%)           80M (62%)          80M (62%)          82M (64%)           0M (0%)     
[2024-07-21T22:32:37.476+0800][5.464s][gc,heap     ] GC(85)      Used:      118M (92%)         128M (100%)         48M (38%)          48M (38%)         128M (100%)         46M (36%)    
[2024-07-21T22:32:37.476+0800][5.464s][gc,heap     ] GC(85)      Live:         -                30M (24%)          30M (24%)          30M (24%)            -                  -          
[2024-07-21T22:32:37.476+0800][5.464s][gc,heap     ] GC(85) Allocated:         -                10M (8%)           12M (9%)           12M (9%)             -                  -          
[2024-07-21T22:32:37.476+0800][5.464s][gc,heap     ] GC(85)   Garbage:         -                87M (68%)           5M (4%)            5M (4%)             -                  -          
[2024-07-21T22:32:37.476+0800][5.464s][gc,heap     ] GC(85) Reclaimed:         -                  -                82M (64%)          82M (64%)            -                  -          
[2024-07-21T22:32:37.476+0800][5.464s][gc          ] GC(85) Garbage Collection (Allocation Rate) 118M(92%)->48M(38%)
[2024-07-21T22:32:37.547+0800][5.536s][gc,start    ] GC(86) Garbage Collection (Allocation Stall)
[2024-07-21T22:32:37.547+0800][5.536s][gc,ref      ] GC(86) Clearing All SoftReferences
[2024-07-21T22:32:37.547+0800][5.536s][gc,task     ] GC(86) Using 1 workers
[2024-07-21T22:32:37.547+0800][5.536s][gc,phases   ] GC(86) Pause Mark Start 0.007ms
[2024-07-21T22:32:37.551+0800][5.540s][gc,phases   ] GC(86) Concurrent Mark 3.874ms
[2024-07-21T22:32:37.552+0800][5.540s][gc,phases   ] GC(86) Pause Mark End 0.009ms
[2024-07-21T22:32:37.552+0800][5.541s][gc,phases   ] GC(86) Concurrent Mark Free 0.001ms
[2024-07-21T22:32:37.553+0800][5.542s][gc,phases   ] GC(86) Concurrent Process Non-Strong References 1.329ms
[2024-07-21T22:32:37.553+0800][5.542s][gc,phases   ] GC(86) Concurrent Reset Relocation Set 0.000ms
[2024-07-21T22:32:37.558+0800][5.546s][gc          ] Allocation Stall (main) 10.456ms
[2024-07-21T22:32:37.558+0800][5.546s][gc,phases   ] GC(86) Concurrent Select Relocation Set 4.528ms
[2024-07-21T22:32:37.558+0800][5.547s][gc,phases   ] GC(86) Pause Relocate Start 0.013ms
[2024-07-21T22:32:37.558+0800][5.547s][gc,phases   ] GC(86) Concurrent Relocate 0.107ms
[2024-07-21T22:32:37.558+0800][5.547s][gc,load     ] GC(86) Load: 0.00/0.00/0.00
[2024-07-21T22:32:37.558+0800][5.547s][gc,mmu      ] GC(86) MMU: 2ms/96.5%, 5ms/98.4%, 10ms/99.2%, 20ms/99.5%, 50ms/99.8%, 100ms/99.9%
[2024-07-21T22:32:37.558+0800][5.547s][gc,marking  ] GC(86) Mark: 1 stripe(s), 1 proactive flush(es), 1 terminate flush(es), 0 completion(s), 0 continuation(s) 
[2024-07-21T22:32:37.558+0800][5.547s][gc,marking  ] GC(86) Mark Stack Usage: 32M
[2024-07-21T22:32:37.558+0800][5.547s][gc,nmethod  ] GC(86) NMethods: 432 registered, 0 unregistered
[2024-07-21T22:32:37.558+0800][5.547s][gc,metaspace] GC(86) Metaspace: 1M used, 1M committed, 1032M reserved
[2024-07-21T22:32:37.558+0800][5.547s][gc,ref      ] GC(86) Soft: 43 encountered, 20 discovered, 0 enqueued
[2024-07-21T22:32:37.558+0800][5.547s][gc,ref      ] GC(86) Weak: 131 encountered, 107 discovered, 0 enqueued
[2024-07-21T22:32:37.558+0800][5.547s][gc,ref      ] GC(86) Final: 0 encountered, 0 discovered, 0 enqueued
[2024-07-21T22:32:37.558+0800][5.547s][gc,ref      ] GC(86) Phantom: 184 encountered, 98 discovered, 0 enqueued
[2024-07-21T22:32:37.558+0800][5.547s][gc,reloc    ] GC(86) Small Pages: 4 / 8M, Empty: 2M, Relocated: 0M, In-Place: 0
[2024-07-21T22:32:37.558+0800][5.547s][gc,reloc    ] GC(86) Medium Pages: 1 / 4M, Empty: 0M, Relocated: 0M, In-Place: 0
[2024-07-21T22:32:37.558+0800][5.547s][gc,reloc    ] GC(86) Large Pages: 58 / 116M, Empty: 80M, Relocated: 0M, In-Place: 0
[2024-07-21T22:32:37.558+0800][5.547s][gc,reloc    ] GC(86) Forwarding Usage: 0M
[2024-07-21T22:32:37.558+0800][5.547s][gc,heap     ] GC(86) Min Capacity: 8M(6%)
[2024-07-21T22:32:37.558+0800][5.547s][gc,heap     ] GC(86) Max Capacity: 128M(100%)
[2024-07-21T22:32:37.558+0800][5.547s][gc,heap     ] GC(86) Soft Max Capacity: 128M(100%)
[2024-07-21T22:32:37.558+0800][5.547s][gc,heap     ] GC(86)                Mark Start          Mark End        Relocate Start      Relocate End           High               Low         
[2024-07-21T22:32:37.558+0800][5.547s][gc,heap     ] GC(86)  Capacity:      128M (100%)        128M (100%)        128M (100%)        128M (100%)        128M (100%)        128M (100%)   
[2024-07-21T22:32:37.558+0800][5.547s][gc,heap     ] GC(86)      Free:        0M (0%)            0M (0%)           80M (62%)          80M (62%)          82M (64%)           0M (0%)     
[2024-07-21T22:32:37.559+0800][5.547s][gc,heap     ] GC(86)      Used:      128M (100%)        128M (100%)         48M (38%)          48M (38%)         128M (100%)         46M (36%)    
[2024-07-21T22:32:37.559+0800][5.547s][gc,heap     ] GC(86)      Live:         -                40M (32%)          40M (32%)          40M (32%)            -                  -          
[2024-07-21T22:32:37.559+0800][5.547s][gc,heap     ] GC(86) Allocated:         -                 0M (0%)            2M (2%)            2M (2%)             -                  -          
[2024-07-21T22:32:37.559+0800][5.547s][gc,heap     ] GC(86)   Garbage:         -                87M (68%)           5M (4%)            5M (4%)             -                  -          
[2024-07-21T22:32:37.559+0800][5.547s][gc,heap     ] GC(86) Reclaimed:         -                  -                82M (64%)          82M (64%)            -                  -          
[2024-07-21T22:32:37.559+0800][5.547s][gc          ] GC(86) Garbage Collection (Allocation Stall) 128M(100%)->48M(38%)
[2024-07-21T22:32:37.578+0800][5.567s][gc,start    ] GC(87) Garbage Collection (Allocation Rate)
[2024-07-21T22:32:37.578+0800][5.567s][gc,task     ] GC(87) Using 1 workers
[2024-07-21T22:32:37.578+0800][5.567s][gc,phases   ] GC(87) Pause Mark Start 0.012ms
[2024-07-21T22:32:37.583+0800][5.572s][gc,phases   ] GC(87) Concurrent Mark 5.081ms
[2024-07-21T22:32:37.583+0800][5.572s][gc,phases   ] GC(87) Pause Mark End 0.011ms
[2024-07-21T22:32:37.584+0800][5.572s][gc,phases   ] GC(87) Concurrent Mark Free 0.001ms
[2024-07-21T22:32:37.585+0800][5.574s][gc,phases   ] GC(87) Concurrent Process Non-Strong References 1.329ms
[2024-07-21T22:32:37.585+0800][5.574s][gc,phases   ] GC(87) Concurrent Reset Relocation Set 0.000ms
[2024-07-21T22:32:37.587+0800][5.576s][gc,phases   ] GC(87) Concurrent Select Relocation Set 2.435ms
[2024-07-21T22:32:37.588+0800][5.577s][gc,phases   ] GC(87) Pause Relocate Start 0.015ms
[2024-07-21T22:32:37.588+0800][5.577s][gc,phases   ] GC(87) Concurrent Relocate 0.138ms
[2024-07-21T22:32:37.588+0800][5.577s][gc,load     ] GC(87) Load: 0.00/0.00/0.00
[2024-07-21T22:32:37.588+0800][5.577s][gc,mmu      ] GC(87) MMU: 2ms/96.5%, 5ms/98.4%, 10ms/99.2%, 20ms/99.5%, 50ms/99.8%, 100ms/99.9%
[2024-07-21T22:32:37.588+0800][5.577s][gc,marking  ] GC(87) Mark: 1 stripe(s), 2 proactive flush(es), 1 terminate flush(es), 0 completion(s), 0 continuation(s) 
[2024-07-21T22:32:37.588+0800][5.577s][gc,marking  ] GC(87) Mark Stack Usage: 32M
[2024-07-21T22:32:37.588+0800][5.577s][gc,nmethod  ] GC(87) NMethods: 432 registered, 0 unregistered
[2024-07-21T22:32:37.588+0800][5.577s][gc,metaspace] GC(87) Metaspace: 1M used, 1M committed, 1032M reserved
[2024-07-21T22:32:37.588+0800][5.577s][gc,ref      ] GC(87) Soft: 43 encountered, 0 discovered, 0 enqueued
[2024-07-21T22:32:37.588+0800][5.577s][gc,ref      ] GC(87) Weak: 131 encountered, 107 discovered, 0 enqueued
[2024-07-21T22:32:37.588+0800][5.577s][gc,ref      ] GC(87) Final: 0 encountered, 0 discovered, 0 enqueued
[2024-07-21T22:32:37.588+0800][5.577s][gc,ref      ] GC(87) Phantom: 184 encountered, 98 discovered, 0 enqueued
[2024-07-21T22:32:37.588+0800][5.577s][gc,reloc    ] GC(87) Small Pages: 4 / 8M, Empty: 2M, Relocated: 0M, In-Place: 0
[2024-07-21T22:32:37.588+0800][5.577s][gc,reloc    ] GC(87) Medium Pages: 1 / 4M, Empty: 0M, Relocated: 0M, In-Place: 0
[2024-07-21T22:32:37.588+0800][5.577s][gc,reloc    ] GC(87) Large Pages: 23 / 46M, Empty: 40M, Relocated: 0M, In-Place: 0
[2024-07-21T22:32:37.588+0800][5.577s][gc,reloc    ] GC(87) Forwarding Usage: 0M
[2024-07-21T22:32:37.588+0800][5.577s][gc,heap     ] GC(87) Min Capacity: 8M(6%)
[2024-07-21T22:32:37.588+0800][5.577s][gc,heap     ] GC(87) Max Capacity: 128M(100%)
[2024-07-21T22:32:37.588+0800][5.577s][gc,heap     ] GC(87) Soft Max Capacity: 128M(100%)
[2024-07-21T22:32:37.588+0800][5.577s][gc,heap     ] GC(87)                Mark Start          Mark End        Relocate Start      Relocate End           High               Low         
[2024-07-21T22:32:37.588+0800][5.577s][gc,heap     ] GC(87)  Capacity:      128M (100%)        128M (100%)        128M (100%)        128M (100%)        128M (100%)        128M (100%)   
[2024-07-21T22:32:37.588+0800][5.577s][gc,heap     ] GC(87)      Free:       70M (55%)          54M (42%)          96M (75%)          96M (75%)          96M (75%)          54M (42%)    
[2024-07-21T22:32:37.588+0800][5.577s][gc,heap     ] GC(87)      Used:       58M (45%)          74M (58%)          32M (25%)          32M (25%)          74M (58%)          32M (25%)    
[2024-07-21T22:32:37.588+0800][5.577s][gc,heap     ] GC(87)      Live:         -                10M (8%)           10M (8%)           10M (8%)             -                  -          
[2024-07-21T22:32:37.588+0800][5.577s][gc,heap     ] GC(87) Allocated:         -                16M (12%)          16M (12%)          16M (12%)            -                  -          
[2024-07-21T22:32:37.588+0800][5.577s][gc,heap     ] GC(87)   Garbage:         -                47M (37%)           5M (4%)            5M (4%)             -                  -          
[2024-07-21T22:32:37.588+0800][5.577s][gc,heap     ] GC(87) Reclaimed:         -                  -                42M (33%)          42M (33%)            -                  -          
[2024-07-21T22:32:37.588+0800][5.577s][gc          ] GC(87) Garbage Collection (Allocation Rate) 58M(45%)->32M(25%)
[2024-07-21T22:32:37.658+0800][5.646s][gc,start    ] GC(88) Garbage Collection (Allocation Stall)
[2024-07-21T22:32:37.658+0800][5.646s][gc,ref      ] GC(88) Clearing All SoftReferences
[2024-07-21T22:32:37.658+0800][5.646s][gc,task     ] GC(88) Using 1 workers
[2024-07-21T22:32:37.658+0800][5.646s][gc,phases   ] GC(88) Pause Mark Start 0.005ms
[2024-07-21T22:32:37.661+0800][5.650s][gc,phases   ] GC(88) Concurrent Mark 3.323ms
[2024-07-21T22:32:37.661+0800][5.650s][gc,phases   ] GC(88) Pause Mark End 0.005ms
[2024-07-21T22:32:37.661+0800][5.650s][gc,phases   ] GC(88) Concurrent Mark Free 0.001ms
[2024-07-21T22:32:37.662+0800][5.651s][gc,phases   ] GC(88) Concurrent Process Non-Strong References 1.003ms
[2024-07-21T22:32:37.662+0800][5.651s][gc,phases   ] GC(88) Concurrent Reset Relocation Set 0.000ms
[2024-07-21T22:32:37.665+0800][5.653s][gc          ] Allocation Stall (main) 6.863ms
[2024-07-21T22:32:37.665+0800][5.653s][gc,phases   ] GC(88) Concurrent Select Relocation Set 1.817ms
[2024-07-21T22:32:37.665+0800][5.653s][gc,phases   ] GC(88) Pause Relocate Start 0.004ms
[2024-07-21T22:32:37.665+0800][5.653s][gc,phases   ] GC(88) Concurrent Relocate 0.113ms
[2024-07-21T22:32:37.665+0800][5.653s][gc,load     ] GC(88) Load: 0.00/0.00/0.00
[2024-07-21T22:32:37.665+0800][5.653s][gc,mmu      ] GC(88) MMU: 2ms/96.5%, 5ms/98.4%, 10ms/99.2%, 20ms/99.5%, 50ms/99.8%, 100ms/99.9%
[2024-07-21T22:32:37.665+0800][5.653s][gc,marking  ] GC(88) Mark: 1 stripe(s), 1 proactive flush(es), 1 terminate flush(es), 0 completion(s), 0 continuation(s) 
[2024-07-21T22:32:37.665+0800][5.653s][gc,marking  ] GC(88) Mark Stack Usage: 32M
[2024-07-21T22:32:37.665+0800][5.653s][gc,nmethod  ] GC(88) NMethods: 432 registered, 0 unregistered
[2024-07-21T22:32:37.665+0800][5.654s][gc,metaspace] GC(88) Metaspace: 1M used, 1M committed, 1032M reserved
[2024-07-21T22:32:37.665+0800][5.654s][gc,ref      ] GC(88) Soft: 43 encountered, 20 discovered, 0 enqueued
[2024-07-21T22:32:37.665+0800][5.654s][gc,ref      ] GC(88) Weak: 131 encountered, 107 discovered, 0 enqueued
[2024-07-21T22:32:37.665+0800][5.654s][gc,ref      ] GC(88) Final: 0 encountered, 0 discovered, 0 enqueued
[2024-07-21T22:32:37.665+0800][5.654s][gc,ref      ] GC(88) Phantom: 184 encountered, 98 discovered, 0 enqueued
[2024-07-21T22:32:37.665+0800][5.654s][gc,reloc    ] GC(88) Small Pages: 4 / 8M, Empty: 2M, Relocated: 0M, In-Place: 0
[2024-07-21T22:32:37.665+0800][5.654s][gc,reloc    ] GC(88) Medium Pages: 1 / 4M, Empty: 0M, Relocated: 0M, In-Place: 0
[2024-07-21T22:32:37.665+0800][5.654s][gc,reloc    ] GC(88) Large Pages: 58 / 116M, Empty: 80M, Relocated: 0M, In-Place: 0
[2024-07-21T22:32:37.665+0800][5.654s][gc,reloc    ] GC(88) Forwarding Usage: 0M
[2024-07-21T22:32:37.665+0800][5.654s][gc,heap     ] GC(88) Min Capacity: 8M(6%)
[2024-07-21T22:32:37.665+0800][5.654s][gc,heap     ] GC(88) Max Capacity: 128M(100%)
[2024-07-21T22:32:37.665+0800][5.654s][gc,heap     ] GC(88) Soft Max Capacity: 128M(100%)
[2024-07-21T22:32:37.665+0800][5.654s][gc,heap     ] GC(88)                Mark Start          Mark End        Relocate Start      Relocate End           High               Low         
[2024-07-21T22:32:37.665+0800][5.654s][gc,heap     ] GC(88)  Capacity:      128M (100%)        128M (100%)        128M (100%)        128M (100%)        128M (100%)        128M (100%)   
[2024-07-21T22:32:37.665+0800][5.654s][gc,heap     ] GC(88)      Free:        0M (0%)            0M (0%)           80M (62%)          76M (59%)          82M (64%)           0M (0%)     
[2024-07-21T22:32:37.665+0800][5.654s][gc,heap     ] GC(88)      Used:      128M (100%)        128M (100%)         48M (38%)          52M (41%)         128M (100%)         46M (36%)    
[2024-07-21T22:32:37.665+0800][5.654s][gc,heap     ] GC(88)      Live:         -                40M (32%)          40M (32%)          40M (32%)            -                  -          
[2024-07-21T22:32:37.665+0800][5.654s][gc,heap     ] GC(88) Allocated:         -                 0M (0%)            2M (2%)            6M (5%)             -                  -          
[2024-07-21T22:32:37.665+0800][5.654s][gc,heap     ] GC(88)   Garbage:         -                87M (68%)           5M (4%)            5M (4%)             -                  -          
[2024-07-21T22:32:37.665+0800][5.654s][gc,heap     ] GC(88) Reclaimed:         -                  -                82M (64%)          82M (64%)            -                  -          
[2024-07-21T22:32:37.665+0800][5.654s][gc          ] GC(88) Garbage Collection (Allocation Stall) 128M(100%)->52M(41%)
[2024-07-21T22:32:37.673+0800][5.661s][gc,start    ] GC(89) Garbage Collection (Allocation Rate)
[2024-07-21T22:32:37.673+0800][5.661s][gc,task     ] GC(89) Using 1 workers
[2024-07-21T22:32:37.673+0800][5.661s][gc,phases   ] GC(89) Pause Mark Start 0.009ms
[2024-07-21T22:32:37.676+0800][5.665s][gc,phases   ] GC(89) Concurrent Mark 3.521ms
[2024-07-21T22:32:37.676+0800][5.665s][gc,phases   ] GC(89) Pause Mark End 0.008ms
[2024-07-21T22:32:37.676+0800][5.665s][gc,phases   ] GC(89) Concurrent Mark Free 0.001ms
[2024-07-21T22:32:37.677+0800][5.666s][gc,phases   ] GC(89) Concurrent Process Non-Strong References 1.015ms
[2024-07-21T22:32:37.677+0800][5.666s][gc,phases   ] GC(89) Concurrent Reset Relocation Set 0.000ms
[2024-07-21T22:32:37.680+0800][5.668s][gc,phases   ] GC(89) Concurrent Select Relocation Set 1.658ms
[2024-07-21T22:32:37.680+0800][5.668s][gc,phases   ] GC(89) Pause Relocate Start 0.004ms
[2024-07-21T22:32:37.680+0800][5.669s][gc,phases   ] GC(89) Concurrent Relocate 0.559ms
[2024-07-21T22:32:37.680+0800][5.669s][gc,load     ] GC(89) Load: 0.00/0.00/0.00
[2024-07-21T22:32:37.680+0800][5.669s][gc,mmu      ] GC(89) MMU: 2ms/96.5%, 5ms/98.4%, 10ms/99.2%, 20ms/99.5%, 50ms/99.8%, 100ms/99.9%
[2024-07-21T22:32:37.680+0800][5.669s][gc,marking  ] GC(89) Mark: 1 stripe(s), 1 proactive flush(es), 1 terminate flush(es), 0 completion(s), 0 continuation(s) 
[2024-07-21T22:32:37.680+0800][5.669s][gc,marking  ] GC(89) Mark Stack Usage: 32M
[2024-07-21T22:32:37.680+0800][5.669s][gc,nmethod  ] GC(89) NMethods: 432 registered, 0 unregistered
[2024-07-21T22:32:37.680+0800][5.669s][gc,metaspace] GC(89) Metaspace: 1M used, 1M committed, 1032M reserved
[2024-07-21T22:32:37.680+0800][5.669s][gc,ref      ] GC(89) Soft: 43 encountered, 0 discovered, 0 enqueued
[2024-07-21T22:32:37.680+0800][5.669s][gc,ref      ] GC(89) Weak: 131 encountered, 107 discovered, 0 enqueued
[2024-07-21T22:32:37.680+0800][5.669s][gc,ref      ] GC(89) Final: 0 encountered, 0 discovered, 0 enqueued
[2024-07-21T22:32:37.680+0800][5.669s][gc,ref      ] GC(89) Phantom: 184 encountered, 98 discovered, 0 enqueued
[2024-07-21T22:32:37.680+0800][5.669s][gc,reloc    ] GC(89) Small Pages: 4 / 8M, Empty: 0M, Relocated: 1M, In-Place: 0
[2024-07-21T22:32:37.680+0800][5.669s][gc,reloc    ] GC(89) Medium Pages: 1 / 4M, Empty: 0M, Relocated: 0M, In-Place: 0
[2024-07-21T22:32:37.680+0800][5.669s][gc,reloc    ] GC(89) Large Pages: 20 / 40M, Empty: 40M, Relocated: 0M, In-Place: 0
[2024-07-21T22:32:37.680+0800][5.669s][gc,reloc    ] GC(89) Forwarding Usage: 0M
[2024-07-21T22:32:37.680+0800][5.669s][gc,heap     ] GC(89) Min Capacity: 8M(6%)
[2024-07-21T22:32:37.680+0800][5.669s][gc,heap     ] GC(89) Max Capacity: 128M(100%)
[2024-07-21T22:32:37.680+0800][5.669s][gc,heap     ] GC(89) Soft Max Capacity: 128M(100%)
[2024-07-21T22:32:37.680+0800][5.669s][gc,heap     ] GC(89)                Mark Start          Mark End        Relocate Start      Relocate End           High               Low         
[2024-07-21T22:32:37.680+0800][5.669s][gc,heap     ] GC(89)  Capacity:      128M (100%)        128M (100%)        128M (100%)        128M (100%)        128M (100%)        128M (100%)   
[2024-07-21T22:32:37.680+0800][5.669s][gc,heap     ] GC(89)      Free:       76M (59%)          76M (59%)         116M (91%)         118M (92%)         118M (92%)          76M (59%)    
[2024-07-21T22:32:37.680+0800][5.669s][gc,heap     ] GC(89)      Used:       52M (41%)          52M (41%)          12M (9%)           10M (8%)           52M (41%)          10M (8%)     
[2024-07-21T22:32:37.680+0800][5.669s][gc,heap     ] GC(89)      Live:         -                 4M (4%)            4M (4%)            4M (4%)             -                  -          
[2024-07-21T22:32:37.680+0800][5.669s][gc,heap     ] GC(89) Allocated:         -                 0M (0%)            0M (0%)            0M (0%)             -                  -          
[2024-07-21T22:32:37.680+0800][5.669s][gc,heap     ] GC(89)   Garbage:         -                47M (37%)           7M (6%)            5M (4%)             -                  -          
[2024-07-21T22:32:37.680+0800][5.669s][gc,heap     ] GC(89) Reclaimed:         -                  -                40M (31%)          42M (33%)            -                  -          
[2024-07-21T22:32:37.680+0800][5.669s][gc          ] GC(89) Garbage Collection (Allocation Rate) 52M(41%)->10M(8%)
[2024-07-21T22:32:37.768+0800][5.756s][gc,start    ] GC(90) Garbage Collection (Allocation Rate)
[2024-07-21T22:32:37.768+0800][5.756s][gc,task     ] GC(90) Using 1 workers
[2024-07-21T22:32:37.768+0800][5.756s][gc,phases   ] GC(90) Pause Mark Start 0.010ms
[2024-07-21T22:32:37.774+0800][5.762s][gc,phases   ] GC(90) Concurrent Mark 5.790ms
[2024-07-21T22:32:37.774+0800][5.762s][gc,phases   ] GC(90) Pause Mark End 0.010ms
[2024-07-21T22:32:37.774+0800][5.762s][gc,phases   ] GC(90) Concurrent Mark Free 0.001ms
[2024-07-21T22:32:37.774+0800][5.763s][gc,phases   ] GC(90) Concurrent Process Non-Strong References 1.174ms
[2024-07-21T22:32:37.775+0800][5.763s][gc,phases   ] GC(90) Concurrent Reset Relocation Set 0.004ms
[2024-07-21T22:32:37.778+0800][5.766s][gc          ] Allocation Stall (main) 8.622ms
[2024-07-21T22:32:37.778+0800][5.767s][gc,phases   ] GC(90) Concurrent Select Relocation Set 3.080ms
[2024-07-21T22:32:37.778+0800][5.767s][gc,phases   ] GC(90) Pause Relocate Start 0.007ms
[2024-07-21T22:32:37.778+0800][5.767s][gc,phases   ] GC(90) Concurrent Relocate 0.108ms
[2024-07-21T22:32:37.778+0800][5.767s][gc,load     ] GC(90) Load: 0.00/0.00/0.00
[2024-07-21T22:32:37.778+0800][5.767s][gc,mmu      ] GC(90) MMU: 2ms/96.5%, 5ms/98.4%, 10ms/99.2%, 20ms/99.5%, 50ms/99.8%, 100ms/99.9%
[2024-07-21T22:32:37.778+0800][5.767s][gc,marking  ] GC(90) Mark: 1 stripe(s), 2 proactive flush(es), 1 terminate flush(es), 0 completion(s), 0 continuation(s) 
[2024-07-21T22:32:37.778+0800][5.767s][gc,marking  ] GC(90) Mark Stack Usage: 32M
[2024-07-21T22:32:37.778+0800][5.767s][gc,nmethod  ] GC(90) NMethods: 432 registered, 0 unregistered
[2024-07-21T22:32:37.778+0800][5.767s][gc,metaspace] GC(90) Metaspace: 1M used, 1M committed, 1032M reserved
[2024-07-21T22:32:37.778+0800][5.767s][gc,ref      ] GC(90) Soft: 43 encountered, 0 discovered, 0 enqueued
[2024-07-21T22:32:37.778+0800][5.767s][gc,ref      ] GC(90) Weak: 131 encountered, 107 discovered, 0 enqueued
[2024-07-21T22:32:37.778+0800][5.767s][gc,ref      ] GC(90) Final: 0 encountered, 0 discovered, 0 enqueued
[2024-07-21T22:32:37.778+0800][5.767s][gc,ref      ] GC(90) Phantom: 184 encountered, 98 discovered, 0 enqueued
[2024-07-21T22:32:37.778+0800][5.767s][gc,reloc    ] GC(90) Small Pages: 4 / 8M, Empty: 2M, Relocated: 0M, In-Place: 0
[2024-07-21T22:32:37.778+0800][5.767s][gc,reloc    ] GC(90) Medium Pages: 1 / 4M, Empty: 0M, Relocated: 0M, In-Place: 0
[2024-07-21T22:32:37.778+0800][5.767s][gc,reloc    ] GC(90) Large Pages: 52 / 104M, Empty: 80M, Relocated: 0M, In-Place: 0
[2024-07-21T22:32:37.778+0800][5.767s][gc,reloc    ] GC(90) Forwarding Usage: 0M
[2024-07-21T22:32:37.778+0800][5.767s][gc,heap     ] GC(90) Min Capacity: 8M(6%)
[2024-07-21T22:32:37.778+0800][5.767s][gc,heap     ] GC(90) Max Capacity: 128M(100%)
[2024-07-21T22:32:37.778+0800][5.767s][gc,heap     ] GC(90) Soft Max Capacity: 128M(100%)
[2024-07-21T22:32:37.778+0800][5.767s][gc,heap     ] GC(90)                Mark Start          Mark End        Relocate Start      Relocate End           High               Low         
[2024-07-21T22:32:37.778+0800][5.767s][gc,heap     ] GC(90)  Capacity:      128M (100%)        128M (100%)        128M (100%)        128M (100%)        128M (100%)        128M (100%)   
[2024-07-21T22:32:37.778+0800][5.767s][gc,heap     ] GC(90)      Free:       12M (9%)            0M (0%)           80M (62%)          78M (61%)          82M (64%)           0M (0%)     
[2024-07-21T22:32:37.778+0800][5.767s][gc,heap     ] GC(90)      Used:      116M (91%)         128M (100%)         48M (38%)          50M (39%)         128M (100%)         46M (36%)    
[2024-07-21T22:32:37.778+0800][5.767s][gc,heap     ] GC(90)      Live:         -                28M (22%)          28M (22%)          28M (22%)            -                  -          
[2024-07-21T22:32:37.779+0800][5.767s][gc,heap     ] GC(90) Allocated:         -                12M (9%)           14M (11%)          16M (12%)            -                  -          
[2024-07-21T22:32:37.779+0800][5.767s][gc,heap     ] GC(90)   Garbage:         -                87M (68%)           5M (4%)            5M (4%)             -                  -          
[2024-07-21T22:32:37.779+0800][5.767s][gc,heap     ] GC(90) Reclaimed:         -                  -                82M (64%)          82M (64%)            -                  -          
[2024-07-21T22:32:37.779+0800][5.767s][gc          ] GC(90) Garbage Collection (Allocation Rate) 116M(91%)->50M(39%)
[2024-07-21T22:32:37.847+0800][5.834s][gc,start    ] GC(91) Garbage Collection (Allocation Stall)
[2024-07-21T22:32:37.847+0800][5.835s][gc,ref      ] GC(91) Clearing All SoftReferences
[2024-07-21T22:32:37.847+0800][5.835s][gc,task     ] GC(91) Using 1 workers
[2024-07-21T22:32:37.847+0800][5.835s][gc,phases   ] GC(91) Pause Mark Start 0.006ms
[2024-07-21T22:32:37.849+0800][5.838s][gc,phases   ] GC(91) Concurrent Mark 3.374ms
[2024-07-21T22:32:37.849+0800][5.838s][gc,phases   ] GC(91) Pause Mark End 0.013ms
[2024-07-21T22:32:37.850+0800][5.838s][gc,phases   ] GC(91) Concurrent Mark Free 0.001ms
[2024-07-21T22:32:37.851+0800][5.839s][gc,phases   ] GC(91) Concurrent Process Non-Strong References 1.000ms
[2024-07-21T22:32:37.851+0800][5.839s][gc,phases   ] GC(91) Concurrent Reset Relocation Set 0.000ms
[2024-07-21T22:32:37.853+0800][5.841s][gc          ] Allocation Stall (main) 6.934ms
[2024-07-21T22:32:37.853+0800][5.841s][gc,phases   ] GC(91) Concurrent Select Relocation Set 1.894ms
[2024-07-21T22:32:37.853+0800][5.842s][gc,phases   ] GC(91) Pause Relocate Start 0.006ms
[2024-07-21T22:32:37.853+0800][5.842s][gc,phases   ] GC(91) Concurrent Relocate 0.057ms
[2024-07-21T22:32:37.853+0800][5.842s][gc,load     ] GC(91) Load: 0.00/0.00/0.00
[2024-07-21T22:32:37.853+0800][5.842s][gc,mmu      ] GC(91) MMU: 2ms/96.5%, 5ms/98.4%, 10ms/99.2%, 20ms/99.5%, 50ms/99.8%, 100ms/99.9%
[2024-07-21T22:32:37.853+0800][5.842s][gc,marking  ] GC(91) Mark: 1 stripe(s), 1 proactive flush(es), 1 terminate flush(es), 0 completion(s), 0 continuation(s) 
[2024-07-21T22:32:37.853+0800][5.842s][gc,marking  ] GC(91) Mark Stack Usage: 32M
[2024-07-21T22:32:37.853+0800][5.842s][gc,nmethod  ] GC(91) NMethods: 432 registered, 0 unregistered
[2024-07-21T22:32:37.853+0800][5.842s][gc,metaspace] GC(91) Metaspace: 1M used, 1M committed, 1032M reserved
[2024-07-21T22:32:37.853+0800][5.842s][gc,ref      ] GC(91) Soft: 43 encountered, 20 discovered, 0 enqueued
[2024-07-21T22:32:37.853+0800][5.842s][gc,ref      ] GC(91) Weak: 131 encountered, 107 discovered, 0 enqueued
[2024-07-21T22:32:37.853+0800][5.842s][gc,ref      ] GC(91) Final: 0 encountered, 0 discovered, 0 enqueued
[2024-07-21T22:32:37.853+0800][5.842s][gc,ref      ] GC(91) Phantom: 184 encountered, 98 discovered, 0 enqueued
[2024-07-21T22:32:37.853+0800][5.842s][gc,reloc    ] GC(91) Small Pages: 4 / 8M, Empty: 2M, Relocated: 0M, In-Place: 0
[2024-07-21T22:32:37.853+0800][5.842s][gc,reloc    ] GC(91) Medium Pages: 1 / 4M, Empty: 0M, Relocated: 0M, In-Place: 0
[2024-07-21T22:32:37.853+0800][5.842s][gc,reloc    ] GC(91) Large Pages: 58 / 116M, Empty: 80M, Relocated: 0M, In-Place: 0
[2024-07-21T22:32:37.853+0800][5.842s][gc,reloc    ] GC(91) Forwarding Usage: 0M
[2024-07-21T22:32:37.853+0800][5.842s][gc,heap     ] GC(91) Min Capacity: 8M(6%)
[2024-07-21T22:32:37.853+0800][5.842s][gc,heap     ] GC(91) Max Capacity: 128M(100%)
[2024-07-21T22:32:37.853+0800][5.842s][gc,heap     ] GC(91) Soft Max Capacity: 128M(100%)
[2024-07-21T22:32:37.853+0800][5.842s][gc,heap     ] GC(91)                Mark Start          Mark End        Relocate Start      Relocate End           High               Low         
[2024-07-21T22:32:37.853+0800][5.842s][gc,heap     ] GC(91)  Capacity:      128M (100%)        128M (100%)        128M (100%)        128M (100%)        128M (100%)        128M (100%)   
[2024-07-21T22:32:37.853+0800][5.842s][gc,heap     ] GC(91)      Free:        0M (0%)            0M (0%)           80M (62%)          80M (62%)          82M (64%)           0M (0%)     
[2024-07-21T22:32:37.853+0800][5.842s][gc,heap     ] GC(91)      Used:      128M (100%)        128M (100%)         48M (38%)          48M (38%)         128M (100%)         46M (36%)    
[2024-07-21T22:32:37.853+0800][5.842s][gc,heap     ] GC(91)      Live:         -                40M (32%)          40M (32%)          40M (32%)            -                  -          
[2024-07-21T22:32:37.853+0800][5.842s][gc,heap     ] GC(91) Allocated:         -                 0M (0%)            2M (2%)            2M (2%)             -                  -          
[2024-07-21T22:32:37.853+0800][5.842s][gc,heap     ] GC(91)   Garbage:         -                87M (68%)           5M (4%)            5M (4%)             -                  -          
[2024-07-21T22:32:37.853+0800][5.842s][gc,heap     ] GC(91) Reclaimed:         -                  -                82M (64%)          82M (64%)            -                  -          
[2024-07-21T22:32:37.853+0800][5.842s][gc          ] GC(91) Garbage Collection (Allocation Stall) 128M(100%)->48M(38%)
[2024-07-21T22:32:37.878+0800][5.866s][gc,start    ] GC(92) Garbage Collection (Allocation Rate)
[2024-07-21T22:32:37.878+0800][5.866s][gc,task     ] GC(92) Using 1 workers
[2024-07-21T22:32:37.878+0800][5.866s][gc,phases   ] GC(92) Pause Mark Start 0.006ms
[2024-07-21T22:32:37.881+0800][5.870s][gc,phases   ] GC(92) Concurrent Mark 3.281ms
[2024-07-21T22:32:37.881+0800][5.870s][gc,phases   ] GC(92) Pause Mark End 0.008ms
[2024-07-21T22:32:37.881+0800][5.870s][gc,phases   ] GC(92) Concurrent Mark Free 0.001ms
[2024-07-21T22:32:37.882+0800][5.871s][gc,phases   ] GC(92) Concurrent Process Non-Strong References 1.046ms
[2024-07-21T22:32:37.882+0800][5.871s][gc,phases   ] GC(92) Concurrent Reset Relocation Set 0.000ms
[2024-07-21T22:32:37.885+0800][5.873s][gc,phases   ] GC(92) Concurrent Select Relocation Set 1.842ms
[2024-07-21T22:32:37.885+0800][5.873s][gc,phases   ] GC(92) Pause Relocate Start 0.004ms
[2024-07-21T22:32:37.885+0800][5.873s][gc,phases   ] GC(92) Concurrent Relocate 0.110ms
[2024-07-21T22:32:37.885+0800][5.873s][gc,load     ] GC(92) Load: 0.00/0.00/0.00
[2024-07-21T22:32:37.885+0800][5.873s][gc,mmu      ] GC(92) MMU: 2ms/96.5%, 5ms/98.4%, 10ms/99.2%, 20ms/99.5%, 50ms/99.8%, 100ms/99.9%
[2024-07-21T22:32:37.885+0800][5.873s][gc,marking  ] GC(92) Mark: 1 stripe(s), 2 proactive flush(es), 1 terminate flush(es), 0 completion(s), 0 continuation(s) 
[2024-07-21T22:32:37.885+0800][5.873s][gc,marking  ] GC(92) Mark Stack Usage: 32M
[2024-07-21T22:32:37.885+0800][5.873s][gc,nmethod  ] GC(92) NMethods: 432 registered, 0 unregistered
[2024-07-21T22:32:37.885+0800][5.873s][gc,metaspace] GC(92) Metaspace: 1M used, 1M committed, 1032M reserved
[2024-07-21T22:32:37.885+0800][5.873s][gc,ref      ] GC(92) Soft: 43 encountered, 0 discovered, 0 enqueued
[2024-07-21T22:32:37.885+0800][5.873s][gc,ref      ] GC(92) Weak: 131 encountered, 107 discovered, 0 enqueued
[2024-07-21T22:32:37.885+0800][5.873s][gc,ref      ] GC(92) Final: 0 encountered, 0 discovered, 0 enqueued
[2024-07-21T22:32:37.885+0800][5.873s][gc,ref      ] GC(92) Phantom: 184 encountered, 98 discovered, 0 enqueued
[2024-07-21T22:32:37.885+0800][5.873s][gc,reloc    ] GC(92) Small Pages: 4 / 8M, Empty: 2M, Relocated: 0M, In-Place: 0
[2024-07-21T22:32:37.885+0800][5.873s][gc,reloc    ] GC(92) Medium Pages: 1 / 4M, Empty: 0M, Relocated: 0M, In-Place: 0
[2024-07-21T22:32:37.885+0800][5.873s][gc,reloc    ] GC(92) Large Pages: 24 / 48M, Empty: 40M, Relocated: 0M, In-Place: 0
[2024-07-21T22:32:37.885+0800][5.873s][gc,reloc    ] GC(92) Forwarding Usage: 0M
[2024-07-21T22:32:37.885+0800][5.873s][gc,heap     ] GC(92) Min Capacity: 8M(6%)
[2024-07-21T22:32:37.885+0800][5.874s][gc,heap     ] GC(92) Max Capacity: 128M(100%)
[2024-07-21T22:32:37.885+0800][5.874s][gc,heap     ] GC(92) Soft Max Capacity: 128M(100%)
[2024-07-21T22:32:37.885+0800][5.874s][gc,heap     ] GC(92)                Mark Start          Mark End        Relocate Start      Relocate End           High               Low         
[2024-07-21T22:32:37.885+0800][5.874s][gc,heap     ] GC(92)  Capacity:      128M (100%)        128M (100%)        128M (100%)        128M (100%)        128M (100%)        128M (100%)   
[2024-07-21T22:32:37.885+0800][5.874s][gc,heap     ] GC(92)      Free:       68M (53%)          54M (42%)          96M (75%)          96M (75%)          96M (75%)          54M (42%)    
[2024-07-21T22:32:37.885+0800][5.874s][gc,heap     ] GC(92)      Used:       60M (47%)          74M (58%)          32M (25%)          32M (25%)          74M (58%)          32M (25%)    
[2024-07-21T22:32:37.885+0800][5.874s][gc,heap     ] GC(92)      Live:         -                12M (10%)          12M (10%)          12M (10%)            -                  -          
[2024-07-21T22:32:37.885+0800][5.874s][gc,heap     ] GC(92) Allocated:         -                14M (11%)          14M (11%)          14M (11%)            -                  -          
[2024-07-21T22:32:37.885+0800][5.874s][gc,heap     ] GC(92)   Garbage:         -                47M (37%)           5M (4%)            5M (4%)             -                  -          
[2024-07-21T22:32:37.885+0800][5.874s][gc,heap     ] GC(92) Reclaimed:         -                  -                42M (33%)          42M (33%)            -                  -          
[2024-07-21T22:32:37.885+0800][5.874s][gc          ] GC(92) Garbage Collection (Allocation Rate) 60M(47%)->32M(25%)
[2024-07-21T22:32:37.957+0800][5.946s][gc,start    ] GC(93) Garbage Collection (Allocation Stall)
[2024-07-21T22:32:37.958+0800][5.946s][gc,ref      ] GC(93) Clearing All SoftReferences
[2024-07-21T22:32:37.958+0800][5.946s][gc,task     ] GC(93) Using 1 workers
[2024-07-21T22:32:37.958+0800][5.946s][gc,phases   ] GC(93) Pause Mark Start 0.006ms
[2024-07-21T22:32:37.962+0800][5.951s][gc,phases   ] GC(93) Concurrent Mark 4.079ms
[2024-07-21T22:32:37.962+0800][5.951s][gc,phases   ] GC(93) Pause Mark End 0.010ms
[2024-07-21T22:32:37.962+0800][5.951s][gc,phases   ] GC(93) Concurrent Mark Free 0.001ms
[2024-07-21T22:32:37.963+0800][5.952s][gc,phases   ] GC(93) Concurrent Process Non-Strong References 1.072ms
[2024-07-21T22:32:37.963+0800][5.952s][gc,phases   ] GC(93) Concurrent Reset Relocation Set 0.000ms
[2024-07-21T22:32:37.966+0800][5.954s][gc          ] Allocation Stall (main) 8.262ms
[2024-07-21T22:32:37.966+0800][5.954s][gc,phases   ] GC(93) Concurrent Select Relocation Set 2.279ms
[2024-07-21T22:32:37.966+0800][5.954s][gc,phases   ] GC(93) Pause Relocate Start 0.007ms
[2024-07-21T22:32:37.966+0800][5.955s][gc,phases   ] GC(93) Concurrent Relocate 0.020ms
[2024-07-21T22:32:37.966+0800][5.955s][gc,load     ] GC(93) Load: 0.00/0.00/0.00
[2024-07-21T22:32:37.966+0800][5.955s][gc,mmu      ] GC(93) MMU: 2ms/96.5%, 5ms/98.4%, 10ms/99.2%, 20ms/99.5%, 50ms/99.8%, 100ms/99.9%
[2024-07-21T22:32:37.966+0800][5.955s][gc,marking  ] GC(93) Mark: 1 stripe(s), 1 proactive flush(es), 1 terminate flush(es), 0 completion(s), 0 continuation(s) 
[2024-07-21T22:32:37.966+0800][5.955s][gc,marking  ] GC(93) Mark Stack Usage: 32M
[2024-07-21T22:32:37.966+0800][5.955s][gc,nmethod  ] GC(93) NMethods: 432 registered, 0 unregistered
[2024-07-21T22:32:37.966+0800][5.955s][gc,metaspace] GC(93) Metaspace: 1M used, 1M committed, 1032M reserved
[2024-07-21T22:32:37.966+0800][5.955s][gc,ref      ] GC(93) Soft: 43 encountered, 20 discovered, 0 enqueued
[2024-07-21T22:32:37.966+0800][5.955s][gc,ref      ] GC(93) Weak: 131 encountered, 107 discovered, 0 enqueued
[2024-07-21T22:32:37.966+0800][5.955s][gc,ref      ] GC(93) Final: 0 encountered, 0 discovered, 0 enqueued
[2024-07-21T22:32:37.966+0800][5.955s][gc,ref      ] GC(93) Phantom: 184 encountered, 98 discovered, 0 enqueued
[2024-07-21T22:32:37.966+0800][5.955s][gc,reloc    ] GC(93) Small Pages: 4 / 8M, Empty: 2M, Relocated: 0M, In-Place: 0
[2024-07-21T22:32:37.966+0800][5.955s][gc,reloc    ] GC(93) Medium Pages: 1 / 4M, Empty: 0M, Relocated: 0M, In-Place: 0
[2024-07-21T22:32:37.966+0800][5.955s][gc,reloc    ] GC(93) Large Pages: 58 / 116M, Empty: 80M, Relocated: 0M, In-Place: 0
[2024-07-21T22:32:37.966+0800][5.955s][gc,reloc    ] GC(93) Forwarding Usage: 0M
[2024-07-21T22:32:37.966+0800][5.955s][gc,heap     ] GC(93) Min Capacity: 8M(6%)
[2024-07-21T22:32:37.966+0800][5.955s][gc,heap     ] GC(93) Max Capacity: 128M(100%)
[2024-07-21T22:32:37.966+0800][5.955s][gc,heap     ] GC(93) Soft Max Capacity: 128M(100%)
[2024-07-21T22:32:37.966+0800][5.955s][gc,heap     ] GC(93)                Mark Start          Mark End        Relocate Start      Relocate End           High               Low         
[2024-07-21T22:32:37.966+0800][5.955s][gc,heap     ] GC(93)  Capacity:      128M (100%)        128M (100%)        128M (100%)        128M (100%)        128M (100%)        128M (100%)   
[2024-07-21T22:32:37.966+0800][5.955s][gc,heap     ] GC(93)      Free:        0M (0%)            0M (0%)           80M (62%)          80M (62%)          82M (64%)           0M (0%)     
[2024-07-21T22:32:37.966+0800][5.955s][gc,heap     ] GC(93)      Used:      128M (100%)        128M (100%)         48M (38%)          48M (38%)         128M (100%)         46M (36%)    
[2024-07-21T22:32:37.966+0800][5.955s][gc,heap     ] GC(93)      Live:         -                40M (32%)          40M (32%)          40M (32%)            -                  -          
[2024-07-21T22:32:37.966+0800][5.955s][gc,heap     ] GC(93) Allocated:         -                 0M (0%)            2M (2%)            2M (2%)             -                  -          
[2024-07-21T22:32:37.966+0800][5.955s][gc,heap     ] GC(93)   Garbage:         -                87M (68%)           5M (4%)            5M (4%)             -                  -          
[2024-07-21T22:32:37.966+0800][5.955s][gc,heap     ] GC(93) Reclaimed:         -                  -                82M (64%)          82M (64%)            -                  -          
[2024-07-21T22:32:37.966+0800][5.955s][gc          ] GC(93) Garbage Collection (Allocation Stall) 128M(100%)->48M(38%)
[2024-07-21T22:32:37.971+0800][5.959s][gc,start    ] GC(94) Garbage Collection (Allocation Rate)
[2024-07-21T22:32:37.971+0800][5.959s][gc,task     ] GC(94) Using 1 workers
[2024-07-21T22:32:37.971+0800][5.960s][gc,phases   ] GC(94) Pause Mark Start 0.008ms
[2024-07-21T22:32:37.975+0800][5.964s][gc,phases   ] GC(94) Concurrent Mark 4.178ms
[2024-07-21T22:32:37.975+0800][5.964s][gc,phases   ] GC(94) Pause Mark End 0.010ms
[2024-07-21T22:32:37.975+0800][5.964s][gc,phases   ] GC(94) Concurrent Mark Free 0.001ms
[2024-07-21T22:32:37.977+0800][5.965s][gc,phases   ] GC(94) Concurrent Process Non-Strong References 1.044ms
[2024-07-21T22:32:37.977+0800][5.965s][gc,phases   ] GC(94) Concurrent Reset Relocation Set 0.000ms
[2024-07-21T22:32:37.980+0800][5.969s][gc,phases   ] GC(94) Concurrent Select Relocation Set 3.569ms
[2024-07-21T22:32:37.980+0800][5.969s][gc,phases   ] GC(94) Pause Relocate Start 0.014ms
[2024-07-21T22:32:37.981+0800][5.970s][gc,phases   ] GC(94) Concurrent Relocate 0.680ms
[2024-07-21T22:32:37.981+0800][5.970s][gc,load     ] GC(94) Load: 0.00/0.00/0.00
[2024-07-21T22:32:37.981+0800][5.970s][gc,mmu      ] GC(94) MMU: 2ms/96.5%, 5ms/98.4%, 10ms/99.2%, 20ms/99.5%, 50ms/99.8%, 100ms/99.9%
[2024-07-21T22:32:37.981+0800][5.970s][gc,marking  ] GC(94) Mark: 1 stripe(s), 1 proactive flush(es), 1 terminate flush(es), 0 completion(s), 0 continuation(s) 
[2024-07-21T22:32:37.981+0800][5.970s][gc,marking  ] GC(94) Mark Stack Usage: 32M
[2024-07-21T22:32:37.981+0800][5.970s][gc,nmethod  ] GC(94) NMethods: 432 registered, 0 unregistered
[2024-07-21T22:32:37.981+0800][5.970s][gc,metaspace] GC(94) Metaspace: 1M used, 1M committed, 1032M reserved
[2024-07-21T22:32:37.981+0800][5.970s][gc,ref      ] GC(94) Soft: 43 encountered, 0 discovered, 0 enqueued
[2024-07-21T22:32:37.981+0800][5.970s][gc,ref      ] GC(94) Weak: 131 encountered, 107 discovered, 0 enqueued
[2024-07-21T22:32:37.981+0800][5.970s][gc,ref      ] GC(94) Final: 0 encountered, 0 discovered, 0 enqueued
[2024-07-21T22:32:37.981+0800][5.970s][gc,ref      ] GC(94) Phantom: 184 encountered, 98 discovered, 0 enqueued
[2024-07-21T22:32:37.981+0800][5.970s][gc,reloc    ] GC(94) Small Pages: 4 / 8M, Empty: 0M, Relocated: 1M, In-Place: 0
[2024-07-21T22:32:37.981+0800][5.970s][gc,reloc    ] GC(94) Medium Pages: 1 / 4M, Empty: 0M, Relocated: 0M, In-Place: 0
[2024-07-21T22:32:37.981+0800][5.970s][gc,reloc    ] GC(94) Large Pages: 20 / 40M, Empty: 40M, Relocated: 0M, In-Place: 0
[2024-07-21T22:32:37.981+0800][5.970s][gc,reloc    ] GC(94) Forwarding Usage: 0M
[2024-07-21T22:32:37.981+0800][5.970s][gc,heap     ] GC(94) Min Capacity: 8M(6%)
[2024-07-21T22:32:37.981+0800][5.970s][gc,heap     ] GC(94) Max Capacity: 128M(100%)
[2024-07-21T22:32:37.982+0800][5.970s][gc,heap     ] GC(94) Soft Max Capacity: 128M(100%)
[2024-07-21T22:32:37.982+0800][5.970s][gc,heap     ] GC(94)                Mark Start          Mark End        Relocate Start      Relocate End           High               Low         
[2024-07-21T22:32:37.982+0800][5.970s][gc,heap     ] GC(94)  Capacity:      128M (100%)        128M (100%)        128M (100%)        128M (100%)        128M (100%)        128M (100%)   
[2024-07-21T22:32:37.982+0800][5.970s][gc,heap     ] GC(94)      Free:       76M (59%)          76M (59%)         116M (91%)         118M (92%)         118M (92%)          76M (59%)    
[2024-07-21T22:32:37.982+0800][5.970s][gc,heap     ] GC(94)      Used:       52M (41%)          52M (41%)          12M (9%)           10M (8%)           52M (41%)          10M (8%)     
[2024-07-21T22:32:37.982+0800][5.970s][gc,heap     ] GC(94)      Live:         -                 4M (4%)            4M (4%)            4M (4%)             -                  -          
[2024-07-21T22:32:37.982+0800][5.970s][gc,heap     ] GC(94) Allocated:         -                 0M (0%)            0M (0%)            0M (0%)             -                  -          
[2024-07-21T22:32:37.982+0800][5.970s][gc,heap     ] GC(94)   Garbage:         -                47M (37%)           7M (6%)            5M (4%)             -                  -          
[2024-07-21T22:32:37.982+0800][5.970s][gc,heap     ] GC(94) Reclaimed:         -                  -                40M (31%)          42M (33%)            -                  -          
[2024-07-21T22:32:37.982+0800][5.970s][gc          ] GC(94) Garbage Collection (Allocation Rate) 52M(41%)->10M(8%)
[2024-07-21T22:32:38.066+0800][6.055s][gc,start    ] GC(95) Garbage Collection (Allocation Stall)
[2024-07-21T22:32:38.066+0800][6.055s][gc,ref      ] GC(95) Clearing All SoftReferences
[2024-07-21T22:32:38.066+0800][6.055s][gc,task     ] GC(95) Using 1 workers
[2024-07-21T22:32:38.066+0800][6.055s][gc,phases   ] GC(95) Pause Mark Start 0.006ms
[2024-07-21T22:32:38.070+0800][6.059s][gc,phases   ] GC(95) Concurrent Mark 3.412ms
[2024-07-21T22:32:38.070+0800][6.059s][gc,phases   ] GC(95) Pause Mark End 0.006ms
[2024-07-21T22:32:38.070+0800][6.059s][gc,phases   ] GC(95) Concurrent Mark Free 0.002ms
[2024-07-21T22:32:38.071+0800][6.060s][gc,phases   ] GC(95) Concurrent Process Non-Strong References 1.070ms
[2024-07-21T22:32:38.071+0800][6.060s][gc,phases   ] GC(95) Concurrent Reset Relocation Set 0.001ms
[2024-07-21T22:32:38.073+0800][6.062s][gc          ] Allocation Stall (main) 6.999ms
[2024-07-21T22:32:38.073+0800][6.062s][gc,phases   ] GC(95) Concurrent Select Relocation Set 1.821ms
[2024-07-21T22:32:38.073+0800][6.062s][gc,phases   ] GC(95) Pause Relocate Start 0.015ms
[2024-07-21T22:32:38.074+0800][6.062s][gc,phases   ] GC(95) Concurrent Relocate 0.106ms
[2024-07-21T22:32:38.074+0800][6.062s][gc,load     ] GC(95) Load: 0.00/0.00/0.00
[2024-07-21T22:32:38.074+0800][6.062s][gc,mmu      ] GC(95) MMU: 2ms/96.5%, 5ms/98.4%, 10ms/99.2%, 20ms/99.5%, 50ms/99.8%, 100ms/99.9%
[2024-07-21T22:32:38.074+0800][6.062s][gc,marking  ] GC(95) Mark: 1 stripe(s), 1 proactive flush(es), 1 terminate flush(es), 0 completion(s), 0 continuation(s) 
[2024-07-21T22:32:38.074+0800][6.062s][gc,marking  ] GC(95) Mark Stack Usage: 32M
[2024-07-21T22:32:38.074+0800][6.062s][gc,nmethod  ] GC(95) NMethods: 432 registered, 0 unregistered
[2024-07-21T22:32:38.074+0800][6.062s][gc,metaspace] GC(95) Metaspace: 1M used, 1M committed, 1032M reserved
[2024-07-21T22:32:38.074+0800][6.062s][gc,ref      ] GC(95) Soft: 43 encountered, 20 discovered, 0 enqueued
[2024-07-21T22:32:38.074+0800][6.062s][gc,ref      ] GC(95) Weak: 131 encountered, 107 discovered, 0 enqueued
[2024-07-21T22:32:38.074+0800][6.062s][gc,ref      ] GC(95) Final: 0 encountered, 0 discovered, 0 enqueued
[2024-07-21T22:32:38.074+0800][6.062s][gc,ref      ] GC(95) Phantom: 184 encountered, 98 discovered, 0 enqueued
[2024-07-21T22:32:38.074+0800][6.062s][gc,reloc    ] GC(95) Small Pages: 4 / 8M, Empty: 2M, Relocated: 0M, In-Place: 0
[2024-07-21T22:32:38.074+0800][6.062s][gc,reloc    ] GC(95) Medium Pages: 1 / 4M, Empty: 0M, Relocated: 0M, In-Place: 0
[2024-07-21T22:32:38.074+0800][6.062s][gc,reloc    ] GC(95) Large Pages: 58 / 116M, Empty: 80M, Relocated: 0M, In-Place: 0
[2024-07-21T22:32:38.074+0800][6.062s][gc,reloc    ] GC(95) Forwarding Usage: 0M
[2024-07-21T22:32:38.074+0800][6.062s][gc,heap     ] GC(95) Min Capacity: 8M(6%)
[2024-07-21T22:32:38.074+0800][6.062s][gc,heap     ] GC(95) Max Capacity: 128M(100%)
[2024-07-21T22:32:38.074+0800][6.062s][gc,heap     ] GC(95) Soft Max Capacity: 128M(100%)
[2024-07-21T22:32:38.074+0800][6.063s][gc,heap     ] GC(95)                Mark Start          Mark End        Relocate Start      Relocate End           High               Low         
[2024-07-21T22:32:38.074+0800][6.063s][gc,heap     ] GC(95)  Capacity:      128M (100%)        128M (100%)        128M (100%)        128M (100%)        128M (100%)        128M (100%)   
[2024-07-21T22:32:38.074+0800][6.063s][gc,heap     ] GC(95)      Free:        0M (0%)            0M (0%)           80M (62%)          76M (59%)          82M (64%)           0M (0%)     
[2024-07-21T22:32:38.074+0800][6.063s][gc,heap     ] GC(95)      Used:      128M (100%)        128M (100%)         48M (38%)          52M (41%)         128M (100%)         46M (36%)    
[2024-07-21T22:32:38.074+0800][6.063s][gc,heap     ] GC(95)      Live:         -                40M (32%)          40M (32%)          40M (32%)            -                  -          
[2024-07-21T22:32:38.074+0800][6.063s][gc,heap     ] GC(95) Allocated:         -                 0M (0%)            2M (2%)            6M (5%)             -                  -          
[2024-07-21T22:32:38.074+0800][6.063s][gc,heap     ] GC(95)   Garbage:         -                87M (68%)           5M (4%)            5M (4%)             -                  -          
[2024-07-21T22:32:38.074+0800][6.063s][gc,heap     ] GC(95) Reclaimed:         -                  -                82M (64%)          82M (64%)            -                  -          
[2024-07-21T22:32:38.074+0800][6.063s][gc          ] GC(95) Garbage Collection (Allocation Stall) 128M(100%)->52M(41%)
[2024-07-21T22:32:38.082+0800][6.070s][gc,start    ] GC(96) Garbage Collection (Allocation Rate)
[2024-07-21T22:32:38.082+0800][6.070s][gc,task     ] GC(96) Using 1 workers
[2024-07-21T22:32:38.082+0800][6.070s][gc,phases   ] GC(96) Pause Mark Start 0.008ms
[2024-07-21T22:32:38.085+0800][6.073s][gc,phases   ] GC(96) Concurrent Mark 3.098ms
[2024-07-21T22:32:38.085+0800][6.073s][gc,phases   ] GC(96) Pause Mark End 0.013ms
[2024-07-21T22:32:38.085+0800][6.073s][gc,phases   ] GC(96) Concurrent Mark Free 0.001ms
[2024-07-21T22:32:38.086+0800][6.075s][gc,phases   ] GC(96) Concurrent Process Non-Strong References 1.145ms
[2024-07-21T22:32:38.086+0800][6.075s][gc,phases   ] GC(96) Concurrent Reset Relocation Set 0.000ms
[2024-07-21T22:32:38.088+0800][6.077s][gc,phases   ] GC(96) Concurrent Select Relocation Set 1.845ms
[2024-07-21T22:32:38.088+0800][6.077s][gc,phases   ] GC(96) Pause Relocate Start 0.006ms
[2024-07-21T22:32:38.089+0800][6.077s][gc,phases   ] GC(96) Concurrent Relocate 0.569ms
[2024-07-21T22:32:38.089+0800][6.077s][gc,load     ] GC(96) Load: 0.00/0.00/0.00
[2024-07-21T22:32:38.089+0800][6.077s][gc,mmu      ] GC(96) MMU: 2ms/96.5%, 5ms/98.4%, 10ms/99.2%, 20ms/99.5%, 50ms/99.8%, 100ms/99.9%
[2024-07-21T22:32:38.089+0800][6.077s][gc,marking  ] GC(96) Mark: 1 stripe(s), 1 proactive flush(es), 1 terminate flush(es), 0 completion(s), 0 continuation(s) 
[2024-07-21T22:32:38.089+0800][6.077s][gc,marking  ] GC(96) Mark Stack Usage: 32M
[2024-07-21T22:32:38.089+0800][6.077s][gc,nmethod  ] GC(96) NMethods: 432 registered, 0 unregistered
[2024-07-21T22:32:38.089+0800][6.078s][gc,metaspace] GC(96) Metaspace: 1M used, 1M committed, 1032M reserved
[2024-07-21T22:32:38.089+0800][6.078s][gc,ref      ] GC(96) Soft: 43 encountered, 0 discovered, 0 enqueued
[2024-07-21T22:32:38.089+0800][6.078s][gc,ref      ] GC(96) Weak: 131 encountered, 107 discovered, 0 enqueued
[2024-07-21T22:32:38.089+0800][6.078s][gc,ref      ] GC(96) Final: 0 encountered, 0 discovered, 0 enqueued
[2024-07-21T22:32:38.089+0800][6.078s][gc,ref      ] GC(96) Phantom: 184 encountered, 98 discovered, 0 enqueued
[2024-07-21T22:32:38.089+0800][6.078s][gc,reloc    ] GC(96) Small Pages: 4 / 8M, Empty: 0M, Relocated: 1M, In-Place: 0
[2024-07-21T22:32:38.089+0800][6.078s][gc,reloc    ] GC(96) Medium Pages: 1 / 4M, Empty: 0M, Relocated: 0M, In-Place: 0
[2024-07-21T22:32:38.089+0800][6.078s][gc,reloc    ] GC(96) Large Pages: 20 / 40M, Empty: 40M, Relocated: 0M, In-Place: 0
[2024-07-21T22:32:38.089+0800][6.078s][gc,reloc    ] GC(96) Forwarding Usage: 0M
[2024-07-21T22:32:38.089+0800][6.078s][gc,heap     ] GC(96) Min Capacity: 8M(6%)
[2024-07-21T22:32:38.089+0800][6.078s][gc,heap     ] GC(96) Max Capacity: 128M(100%)
[2024-07-21T22:32:38.089+0800][6.078s][gc,heap     ] GC(96) Soft Max Capacity: 128M(100%)
[2024-07-21T22:32:38.089+0800][6.078s][gc,heap     ] GC(96)                Mark Start          Mark End        Relocate Start      Relocate End           High               Low         
[2024-07-21T22:32:38.089+0800][6.078s][gc,heap     ] GC(96)  Capacity:      128M (100%)        128M (100%)        128M (100%)        128M (100%)        128M (100%)        128M (100%)   
[2024-07-21T22:32:38.089+0800][6.078s][gc,heap     ] GC(96)      Free:       76M (59%)          76M (59%)         116M (91%)         118M (92%)         118M (92%)          76M (59%)    
[2024-07-21T22:32:38.089+0800][6.078s][gc,heap     ] GC(96)      Used:       52M (41%)          52M (41%)          12M (9%)           10M (8%)           52M (41%)          10M (8%)     
[2024-07-21T22:32:38.089+0800][6.078s][gc,heap     ] GC(96)      Live:         -                 4M (4%)            4M (4%)            4M (4%)             -                  -          
[2024-07-21T22:32:38.089+0800][6.078s][gc,heap     ] GC(96) Allocated:         -                 0M (0%)            0M (0%)            0M (0%)             -                  -          
[2024-07-21T22:32:38.089+0800][6.078s][gc,heap     ] GC(96)   Garbage:         -                47M (37%)           7M (6%)            5M (4%)             -                  -          
[2024-07-21T22:32:38.089+0800][6.078s][gc,heap     ] GC(96) Reclaimed:         -                  -                40M (31%)          42M (33%)            -                  -          
[2024-07-21T22:32:38.089+0800][6.078s][gc          ] GC(96) Garbage Collection (Allocation Rate) 52M(41%)->10M(8%)
[2024-07-21T22:32:38.177+0800][6.165s][gc,start    ] GC(97) Garbage Collection (Allocation Rate)
[2024-07-21T22:32:38.177+0800][6.165s][gc,task     ] GC(97) Using 1 workers
[2024-07-21T22:32:38.177+0800][6.166s][gc,phases   ] GC(97) Pause Mark Start 0.008ms
[2024-07-21T22:32:38.182+0800][6.171s][gc,phases   ] GC(97) Concurrent Mark 5.372ms
[2024-07-21T22:32:38.183+0800][6.171s][gc,phases   ] GC(97) Pause Mark End 0.013ms
[2024-07-21T22:32:38.183+0800][6.171s][gc,phases   ] GC(97) Concurrent Mark Free 0.002ms
[2024-07-21T22:32:38.184+0800][6.172s][gc,phases   ] GC(97) Concurrent Process Non-Strong References 1.113ms
[2024-07-21T22:32:38.184+0800][6.172s][gc,phases   ] GC(97) Concurrent Reset Relocation Set 0.002ms
[2024-07-21T22:32:38.186+0800][6.175s][gc          ] Allocation Stall (main) 7.402ms
[2024-07-21T22:32:38.186+0800][6.175s][gc,phases   ] GC(97) Concurrent Select Relocation Set 2.450ms
[2024-07-21T22:32:38.186+0800][6.175s][gc,phases   ] GC(97) Pause Relocate Start 0.006ms
[2024-07-21T22:32:38.187+0800][6.175s][gc,phases   ] GC(97) Concurrent Relocate 0.032ms
[2024-07-21T22:32:38.187+0800][6.175s][gc,load     ] GC(97) Load: 0.00/0.00/0.00
[2024-07-21T22:32:38.187+0800][6.175s][gc,mmu      ] GC(97) MMU: 2ms/96.5%, 5ms/98.4%, 10ms/99.2%, 20ms/99.5%, 50ms/99.8%, 100ms/99.9%
[2024-07-21T22:32:38.187+0800][6.175s][gc,marking  ] GC(97) Mark: 1 stripe(s), 2 proactive flush(es), 1 terminate flush(es), 0 completion(s), 0 continuation(s) 
[2024-07-21T22:32:38.187+0800][6.175s][gc,marking  ] GC(97) Mark Stack Usage: 32M
[2024-07-21T22:32:38.187+0800][6.175s][gc,nmethod  ] GC(97) NMethods: 432 registered, 0 unregistered
[2024-07-21T22:32:38.187+0800][6.175s][gc,metaspace] GC(97) Metaspace: 1M used, 1M committed, 1032M reserved
[2024-07-21T22:32:38.187+0800][6.175s][gc,ref      ] GC(97) Soft: 43 encountered, 0 discovered, 0 enqueued
[2024-07-21T22:32:38.187+0800][6.175s][gc,ref      ] GC(97) Weak: 131 encountered, 107 discovered, 0 enqueued
[2024-07-21T22:32:38.187+0800][6.175s][gc,ref      ] GC(97) Final: 0 encountered, 0 discovered, 0 enqueued
[2024-07-21T22:32:38.187+0800][6.176s][gc,ref      ] GC(97) Phantom: 184 encountered, 98 discovered, 0 enqueued
[2024-07-21T22:32:38.187+0800][6.176s][gc,reloc    ] GC(97) Small Pages: 4 / 8M, Empty: 2M, Relocated: 0M, In-Place: 0
[2024-07-21T22:32:38.187+0800][6.176s][gc,reloc    ] GC(97) Medium Pages: 1 / 4M, Empty: 0M, Relocated: 0M, In-Place: 0
[2024-07-21T22:32:38.187+0800][6.176s][gc,reloc    ] GC(97) Large Pages: 53 / 106M, Empty: 80M, Relocated: 0M, In-Place: 0
[2024-07-21T22:32:38.187+0800][6.176s][gc,reloc    ] GC(97) Forwarding Usage: 0M
[2024-07-21T22:32:38.187+0800][6.176s][gc,heap     ] GC(97) Min Capacity: 8M(6%)
[2024-07-21T22:32:38.187+0800][6.176s][gc,heap     ] GC(97) Max Capacity: 128M(100%)
[2024-07-21T22:32:38.187+0800][6.176s][gc,heap     ] GC(97) Soft Max Capacity: 128M(100%)
[2024-07-21T22:32:38.187+0800][6.176s][gc,heap     ] GC(97)                Mark Start          Mark End        Relocate Start      Relocate End           High               Low         
[2024-07-21T22:32:38.187+0800][6.176s][gc,heap     ] GC(97)  Capacity:      128M (100%)        128M (100%)        128M (100%)        128M (100%)        128M (100%)        128M (100%)   
[2024-07-21T22:32:38.187+0800][6.176s][gc,heap     ] GC(97)      Free:       10M (8%)            0M (0%)           80M (62%)          80M (62%)          82M (64%)           0M (0%)     
[2024-07-21T22:32:38.187+0800][6.176s][gc,heap     ] GC(97)      Used:      118M (92%)         128M (100%)         48M (38%)          48M (38%)         128M (100%)         46M (36%)    
[2024-07-21T22:32:38.187+0800][6.176s][gc,heap     ] GC(97)      Live:         -                30M (24%)          30M (24%)          30M (24%)            -                  -          
[2024-07-21T22:32:38.187+0800][6.176s][gc,heap     ] GC(97) Allocated:         -                10M (8%)           12M (9%)           12M (9%)             -                  -          
[2024-07-21T22:32:38.187+0800][6.176s][gc,heap     ] GC(97)   Garbage:         -                87M (68%)           5M (4%)            5M (4%)             -                  -          
[2024-07-21T22:32:38.187+0800][6.176s][gc,heap     ] GC(97) Reclaimed:         -                  -                82M (64%)          82M (64%)            -                  -          
[2024-07-21T22:32:38.187+0800][6.176s][gc          ] GC(97) Garbage Collection (Allocation Rate) 118M(92%)->48M(38%)
[2024-07-21T22:32:38.256+0800][6.244s][gc,start    ] GC(98) Garbage Collection (Allocation Stall)
[2024-07-21T22:32:38.256+0800][6.244s][gc,ref      ] GC(98) Clearing All SoftReferences
[2024-07-21T22:32:38.256+0800][6.244s][gc,task     ] GC(98) Using 1 workers
[2024-07-21T22:32:38.256+0800][6.244s][gc,phases   ] GC(98) Pause Mark Start 0.006ms
[2024-07-21T22:32:38.259+0800][6.248s][gc,phases   ] GC(98) Concurrent Mark 3.379ms
[2024-07-21T22:32:38.259+0800][6.248s][gc,phases   ] GC(98) Pause Mark End 0.005ms
[2024-07-21T22:32:38.259+0800][6.248s][gc,phases   ] GC(98) Concurrent Mark Free 0.001ms
[2024-07-21T22:32:38.260+0800][6.249s][gc,phases   ] GC(98) Concurrent Process Non-Strong References 1.087ms
[2024-07-21T22:32:38.261+0800][6.249s][gc,phases   ] GC(98) Concurrent Reset Relocation Set 0.000ms
[2024-07-21T22:32:38.262+0800][6.251s][gc          ] Allocation Stall (main) 6.955ms
[2024-07-21T22:32:38.262+0800][6.251s][gc,phases   ] GC(98) Concurrent Select Relocation Set 1.817ms
[2024-07-21T22:32:38.263+0800][6.251s][gc,phases   ] GC(98) Pause Relocate Start 0.004ms
[2024-07-21T22:32:38.263+0800][6.251s][gc,phases   ] GC(98) Concurrent Relocate 0.108ms
[2024-07-21T22:32:38.263+0800][6.252s][gc,load     ] GC(98) Load: 0.00/0.00/0.00
[2024-07-21T22:32:38.263+0800][6.252s][gc,mmu      ] GC(98) MMU: 2ms/96.5%, 5ms/98.4%, 10ms/99.2%, 20ms/99.5%, 50ms/99.8%, 100ms/99.9%
[2024-07-21T22:32:38.263+0800][6.252s][gc,marking  ] GC(98) Mark: 1 stripe(s), 1 proactive flush(es), 1 terminate flush(es), 0 completion(s), 0 continuation(s) 
[2024-07-21T22:32:38.263+0800][6.252s][gc,marking  ] GC(98) Mark Stack Usage: 32M
[2024-07-21T22:32:38.263+0800][6.252s][gc,nmethod  ] GC(98) NMethods: 432 registered, 0 unregistered
[2024-07-21T22:32:38.263+0800][6.252s][gc,metaspace] GC(98) Metaspace: 1M used, 1M committed, 1032M reserved
[2024-07-21T22:32:38.263+0800][6.252s][gc,ref      ] GC(98) Soft: 43 encountered, 20 discovered, 0 enqueued
[2024-07-21T22:32:38.263+0800][6.252s][gc,ref      ] GC(98) Weak: 131 encountered, 107 discovered, 0 enqueued
[2024-07-21T22:32:38.263+0800][6.252s][gc,ref      ] GC(98) Final: 0 encountered, 0 discovered, 0 enqueued
[2024-07-21T22:32:38.263+0800][6.252s][gc,ref      ] GC(98) Phantom: 184 encountered, 98 discovered, 0 enqueued
[2024-07-21T22:32:38.263+0800][6.252s][gc,reloc    ] GC(98) Small Pages: 4 / 8M, Empty: 2M, Relocated: 0M, In-Place: 0
[2024-07-21T22:32:38.263+0800][6.252s][gc,reloc    ] GC(98) Medium Pages: 1 / 4M, Empty: 0M, Relocated: 0M, In-Place: 0
[2024-07-21T22:32:38.263+0800][6.252s][gc,reloc    ] GC(98) Large Pages: 58 / 116M, Empty: 80M, Relocated: 0M, In-Place: 0
[2024-07-21T22:32:38.263+0800][6.252s][gc,reloc    ] GC(98) Forwarding Usage: 0M
[2024-07-21T22:32:38.263+0800][6.252s][gc,heap     ] GC(98) Min Capacity: 8M(6%)
[2024-07-21T22:32:38.263+0800][6.252s][gc,heap     ] GC(98) Max Capacity: 128M(100%)
[2024-07-21T22:32:38.263+0800][6.252s][gc,heap     ] GC(98) Soft Max Capacity: 128M(100%)
[2024-07-21T22:32:38.263+0800][6.252s][gc,heap     ] GC(98)                Mark Start          Mark End        Relocate Start      Relocate End           High               Low         
[2024-07-21T22:32:38.263+0800][6.252s][gc,heap     ] GC(98)  Capacity:      128M (100%)        128M (100%)        128M (100%)        128M (100%)        128M (100%)        128M (100%)   
[2024-07-21T22:32:38.263+0800][6.252s][gc,heap     ] GC(98)      Free:        0M (0%)            0M (0%)           80M (62%)          76M (59%)          82M (64%)           0M (0%)     
[2024-07-21T22:32:38.263+0800][6.252s][gc,heap     ] GC(98)      Used:      128M (100%)        128M (100%)         48M (38%)          52M (41%)         128M (100%)         46M (36%)    
[2024-07-21T22:32:38.263+0800][6.252s][gc,heap     ] GC(98)      Live:         -                40M (32%)          40M (32%)          40M (32%)            -                  -          
[2024-07-21T22:32:38.263+0800][6.252s][gc,heap     ] GC(98) Allocated:         -                 0M (0%)            2M (2%)            6M (5%)             -                  -          
[2024-07-21T22:32:38.263+0800][6.252s][gc,heap     ] GC(98)   Garbage:         -                87M (68%)           5M (4%)            5M (4%)             -                  -          
[2024-07-21T22:32:38.263+0800][6.252s][gc,heap     ] GC(98) Reclaimed:         -                  -                82M (64%)          82M (64%)            -                  -          
[2024-07-21T22:32:38.263+0800][6.252s][gc          ] GC(98) Garbage Collection (Allocation Stall) 128M(100%)->52M(41%)
[2024-07-21T22:32:38.271+0800][6.259s][gc,start    ] GC(99) Garbage Collection (Allocation Rate)
[2024-07-21T22:32:38.271+0800][6.259s][gc,task     ] GC(99) Using 1 workers
[2024-07-21T22:32:38.271+0800][6.259s][gc,phases   ] GC(99) Pause Mark Start 0.008ms
[2024-07-21T22:32:38.274+0800][6.262s][gc,phases   ] GC(99) Concurrent Mark 3.283ms
[2024-07-21T22:32:38.274+0800][6.263s][gc,phases   ] GC(99) Pause Mark End 0.007ms
[2024-07-21T22:32:38.274+0800][6.263s][gc,phases   ] GC(99) Concurrent Mark Free 0.001ms
[2024-07-21T22:32:38.275+0800][6.264s][gc,phases   ] GC(99) Concurrent Process Non-Strong References 1.008ms
[2024-07-21T22:32:38.275+0800][6.264s][gc,phases   ] GC(99) Concurrent Reset Relocation Set 0.000ms
[2024-07-21T22:32:38.277+0800][6.266s][gc,phases   ] GC(99) Concurrent Select Relocation Set 1.821ms
[2024-07-21T22:32:38.277+0800][6.266s][gc,phases   ] GC(99) Pause Relocate Start 0.004ms
[2024-07-21T22:32:38.278+0800][6.266s][gc,phases   ] GC(99) Concurrent Relocate 0.557ms
[2024-07-21T22:32:38.278+0800][6.267s][gc,load     ] GC(99) Load: 0.00/0.00/0.00
[2024-07-21T22:32:38.278+0800][6.267s][gc,mmu      ] GC(99) MMU: 2ms/96.5%, 5ms/98.4%, 10ms/99.2%, 20ms/99.5%, 50ms/99.8%, 100ms/99.9%
[2024-07-21T22:32:38.278+0800][6.267s][gc,marking  ] GC(99) Mark: 1 stripe(s), 1 proactive flush(es), 1 terminate flush(es), 0 completion(s), 0 continuation(s) 
[2024-07-21T22:32:38.278+0800][6.267s][gc,marking  ] GC(99) Mark Stack Usage: 32M
[2024-07-21T22:32:38.278+0800][6.267s][gc,nmethod  ] GC(99) NMethods: 432 registered, 0 unregistered
[2024-07-21T22:32:38.278+0800][6.267s][gc,metaspace] GC(99) Metaspace: 1M used, 1M committed, 1032M reserved
[2024-07-21T22:32:38.278+0800][6.267s][gc,ref      ] GC(99) Soft: 43 encountered, 0 discovered, 0 enqueued
[2024-07-21T22:32:38.278+0800][6.267s][gc,ref      ] GC(99) Weak: 131 encountered, 107 discovered, 0 enqueued
[2024-07-21T22:32:38.278+0800][6.267s][gc,ref      ] GC(99) Final: 0 encountered, 0 discovered, 0 enqueued
[2024-07-21T22:32:38.278+0800][6.267s][gc,ref      ] GC(99) Phantom: 184 encountered, 98 discovered, 0 enqueued
[2024-07-21T22:32:38.278+0800][6.267s][gc,reloc    ] GC(99) Small Pages: 4 / 8M, Empty: 0M, Relocated: 1M, In-Place: 0
[2024-07-21T22:32:38.278+0800][6.267s][gc,reloc    ] GC(99) Medium Pages: 1 / 4M, Empty: 0M, Relocated: 0M, In-Place: 0
[2024-07-21T22:32:38.278+0800][6.267s][gc,reloc    ] GC(99) Large Pages: 20 / 40M, Empty: 40M, Relocated: 0M, In-Place: 0
[2024-07-21T22:32:38.278+0800][6.267s][gc,reloc    ] GC(99) Forwarding Usage: 0M
[2024-07-21T22:32:38.278+0800][6.267s][gc,heap     ] GC(99) Min Capacity: 8M(6%)
[2024-07-21T22:32:38.278+0800][6.267s][gc,heap     ] GC(99) Max Capacity: 128M(100%)
[2024-07-21T22:32:38.278+0800][6.267s][gc,heap     ] GC(99) Soft Max Capacity: 128M(100%)
[2024-07-21T22:32:38.278+0800][6.267s][gc,heap     ] GC(99)                Mark Start          Mark End        Relocate Start      Relocate End           High               Low         
[2024-07-21T22:32:38.278+0800][6.267s][gc,heap     ] GC(99)  Capacity:      128M (100%)        128M (100%)        128M (100%)        128M (100%)        128M (100%)        128M (100%)   
[2024-07-21T22:32:38.278+0800][6.267s][gc,heap     ] GC(99)      Free:       76M (59%)          76M (59%)         116M (91%)         118M (92%)         118M (92%)          76M (59%)    
[2024-07-21T22:32:38.278+0800][6.267s][gc,heap     ] GC(99)      Used:       52M (41%)          52M (41%)          12M (9%)           10M (8%)           52M (41%)          10M (8%)     
[2024-07-21T22:32:38.278+0800][6.267s][gc,heap     ] GC(99)      Live:         -                 4M (4%)            4M (4%)            4M (4%)             -                  -          
[2024-07-21T22:32:38.278+0800][6.267s][gc,heap     ] GC(99) Allocated:         -                 0M (0%)            0M (0%)            0M (0%)             -                  -          
[2024-07-21T22:32:38.278+0800][6.267s][gc,heap     ] GC(99)   Garbage:         -                47M (37%)           7M (6%)            5M (4%)             -                  -          
[2024-07-21T22:32:38.278+0800][6.267s][gc,heap     ] GC(99) Reclaimed:         -                  -                40M (31%)          42M (33%)            -                  -          
[2024-07-21T22:32:38.278+0800][6.267s][gc          ] GC(99) Garbage Collection (Allocation Rate) 52M(41%)->10M(8%)
[2024-07-21T22:32:38.366+0800][6.355s][gc,start    ] GC(100) Garbage Collection (Allocation Stall)
[2024-07-21T22:32:38.366+0800][6.355s][gc,ref      ] GC(100) Clearing All SoftReferences
[2024-07-21T22:32:38.366+0800][6.355s][gc,task     ] GC(100) Using 1 workers
[2024-07-21T22:32:38.366+0800][6.355s][gc,phases   ] GC(100) Pause Mark Start 0.010ms
[2024-07-21T22:32:38.370+0800][6.359s][gc,phases   ] GC(100) Concurrent Mark 3.648ms
[2024-07-21T22:32:38.370+0800][6.359s][gc,phases   ] GC(100) Pause Mark End 0.011ms
[2024-07-21T22:32:38.370+0800][6.359s][gc,phases   ] GC(100) Concurrent Mark Free 0.001ms
[2024-07-21T22:32:38.372+0800][6.360s][gc,phases   ] GC(100) Concurrent Process Non-Strong References 1.439ms
[2024-07-21T22:32:38.372+0800][6.360s][gc,phases   ] GC(100) Concurrent Reset Relocation Set 0.001ms
[2024-07-21T22:32:38.375+0800][6.364s][gc          ] Allocation Stall (main) 9.099ms
[2024-07-21T22:32:38.375+0800][6.364s][gc,phases   ] GC(100) Concurrent Select Relocation Set 3.206ms
[2024-07-21T22:32:38.375+0800][6.364s][gc,phases   ] GC(100) Pause Relocate Start 0.007ms
[2024-07-21T22:32:38.376+0800][6.364s][gc,phases   ] GC(100) Concurrent Relocate 0.105ms
[2024-07-21T22:32:38.376+0800][6.364s][gc,load     ] GC(100) Load: 0.00/0.00/0.00
[2024-07-21T22:32:38.376+0800][6.364s][gc,mmu      ] GC(100) MMU: 2ms/96.5%, 5ms/98.4%, 10ms/99.2%, 20ms/99.5%, 50ms/99.8%, 100ms/99.9%
[2024-07-21T22:32:38.376+0800][6.364s][gc,marking  ] GC(100) Mark: 1 stripe(s), 1 proactive flush(es), 1 terminate flush(es), 0 completion(s), 0 continuation(s) 
[2024-07-21T22:32:38.376+0800][6.364s][gc,marking  ] GC(100) Mark Stack Usage: 32M
[2024-07-21T22:32:38.376+0800][6.364s][gc,nmethod  ] GC(100) NMethods: 432 registered, 0 unregistered
[2024-07-21T22:32:38.376+0800][6.364s][gc,metaspace] GC(100) Metaspace: 1M used, 1M committed, 1032M reserved
[2024-07-21T22:32:38.376+0800][6.364s][gc,ref      ] GC(100) Soft: 43 encountered, 20 discovered, 0 enqueued
[2024-07-21T22:32:38.376+0800][6.364s][gc,ref      ] GC(100) Weak: 131 encountered, 107 discovered, 0 enqueued
[2024-07-21T22:32:38.376+0800][6.364s][gc,ref      ] GC(100) Final: 0 encountered, 0 discovered, 0 enqueued
[2024-07-21T22:32:38.376+0800][6.364s][gc,ref      ] GC(100) Phantom: 184 encountered, 98 discovered, 0 enqueued
[2024-07-21T22:32:38.376+0800][6.364s][gc,reloc    ] GC(100) Small Pages: 4 / 8M, Empty: 2M, Relocated: 0M, In-Place: 0
[2024-07-21T22:32:38.376+0800][6.364s][gc,reloc    ] GC(100) Medium Pages: 1 / 4M, Empty: 0M, Relocated: 0M, In-Place: 0
[2024-07-21T22:32:38.376+0800][6.364s][gc,reloc    ] GC(100) Large Pages: 58 / 116M, Empty: 80M, Relocated: 0M, In-Place: 0
[2024-07-21T22:32:38.376+0800][6.364s][gc,reloc    ] GC(100) Forwarding Usage: 0M
[2024-07-21T22:32:38.376+0800][6.364s][gc,heap     ] GC(100) Min Capacity: 8M(6%)
[2024-07-21T22:32:38.376+0800][6.364s][gc,heap     ] GC(100) Max Capacity: 128M(100%)
[2024-07-21T22:32:38.376+0800][6.364s][gc,heap     ] GC(100) Soft Max Capacity: 128M(100%)
[2024-07-21T22:32:38.376+0800][6.364s][gc,heap     ] GC(100)                Mark Start          Mark End        Relocate Start      Relocate End           High               Low         
[2024-07-21T22:32:38.376+0800][6.364s][gc,heap     ] GC(100)  Capacity:      128M (100%)        128M (100%)        128M (100%)        128M (100%)        128M (100%)        128M (100%)   
[2024-07-21T22:32:38.376+0800][6.364s][gc,heap     ] GC(100)      Free:        0M (0%)            0M (0%)           78M (61%)          76M (59%)          82M (64%)           0M (0%)     
[2024-07-21T22:32:38.376+0800][6.365s][gc,heap     ] GC(100)      Used:      128M (100%)        128M (100%)         50M (39%)          52M (41%)         128M (100%)         46M (36%)    
[2024-07-21T22:32:38.376+0800][6.365s][gc,heap     ] GC(100)      Live:         -                40M (32%)          40M (32%)          40M (32%)            -                  -          
[2024-07-21T22:32:38.376+0800][6.365s][gc,heap     ] GC(100) Allocated:         -                 0M (0%)            4M (3%)            6M (5%)             -                  -          
[2024-07-21T22:32:38.376+0800][6.365s][gc,heap     ] GC(100)   Garbage:         -                87M (68%)           5M (4%)            5M (4%)             -                  -          
[2024-07-21T22:32:38.376+0800][6.365s][gc,heap     ] GC(100) Reclaimed:         -                  -                82M (64%)          82M (64%)            -                  -          
[2024-07-21T22:32:38.376+0800][6.365s][gc          ] GC(100) Garbage Collection (Allocation Stall) 128M(100%)->52M(41%)
[2024-07-21T22:32:38.381+0800][6.369s][gc,start    ] GC(101) Garbage Collection (Allocation Rate)
[2024-07-21T22:32:38.381+0800][6.369s][gc,task     ] GC(101) Using 1 workers
[2024-07-21T22:32:38.381+0800][6.369s][gc,phases   ] GC(101) Pause Mark Start 0.008ms
[2024-07-21T22:32:38.386+0800][6.374s][gc,phases   ] GC(101) Concurrent Mark 4.658ms
[2024-07-21T22:32:38.386+0800][6.374s][gc,phases   ] GC(101) Pause Mark End 0.009ms
[2024-07-21T22:32:38.386+0800][6.374s][gc,phases   ] GC(101) Concurrent Mark Free 0.002ms
[2024-07-21T22:32:38.387+0800][6.376s][gc,phases   ] GC(101) Concurrent Process Non-Strong References 1.422ms
[2024-07-21T22:32:38.388+0800][6.376s][gc,phases   ] GC(101) Concurrent Reset Relocation Set 0.001ms
[2024-07-21T22:32:38.391+0800][6.380s][gc,phases   ] GC(101) Concurrent Select Relocation Set 3.421ms
[2024-07-21T22:32:38.391+0800][6.380s][gc,phases   ] GC(101) Pause Relocate Start 0.009ms
[2024-07-21T22:32:38.392+0800][6.380s][gc,phases   ] GC(101) Concurrent Relocate 0.677ms
[2024-07-21T22:32:38.392+0800][6.381s][gc,load     ] GC(101) Load: 0.00/0.00/0.00
[2024-07-21T22:32:38.392+0800][6.381s][gc,mmu      ] GC(101) MMU: 2ms/96.5%, 5ms/98.4%, 10ms/99.2%, 20ms/99.5%, 50ms/99.8%, 100ms/99.9%
[2024-07-21T22:32:38.392+0800][6.381s][gc,marking  ] GC(101) Mark: 1 stripe(s), 1 proactive flush(es), 1 terminate flush(es), 0 completion(s), 0 continuation(s) 
[2024-07-21T22:32:38.392+0800][6.381s][gc,marking  ] GC(101) Mark Stack Usage: 32M
[2024-07-21T22:32:38.392+0800][6.381s][gc,nmethod  ] GC(101) NMethods: 432 registered, 0 unregistered
[2024-07-21T22:32:38.392+0800][6.381s][gc,metaspace] GC(101) Metaspace: 1M used, 1M committed, 1032M reserved
[2024-07-21T22:32:38.392+0800][6.381s][gc,ref      ] GC(101) Soft: 43 encountered, 0 discovered, 0 enqueued
[2024-07-21T22:32:38.392+0800][6.381s][gc,ref      ] GC(101) Weak: 131 encountered, 107 discovered, 0 enqueued
[2024-07-21T22:32:38.392+0800][6.381s][gc,ref      ] GC(101) Final: 0 encountered, 0 discovered, 0 enqueued
[2024-07-21T22:32:38.392+0800][6.381s][gc,ref      ] GC(101) Phantom: 184 encountered, 98 discovered, 0 enqueued
[2024-07-21T22:32:38.392+0800][6.381s][gc,reloc    ] GC(101) Small Pages: 4 / 8M, Empty: 0M, Relocated: 1M, In-Place: 0
[2024-07-21T22:32:38.392+0800][6.381s][gc,reloc    ] GC(101) Medium Pages: 1 / 4M, Empty: 0M, Relocated: 0M, In-Place: 0
[2024-07-21T22:32:38.392+0800][6.381s][gc,reloc    ] GC(101) Large Pages: 20 / 40M, Empty: 40M, Relocated: 0M, In-Place: 0
[2024-07-21T22:32:38.392+0800][6.381s][gc,reloc    ] GC(101) Forwarding Usage: 0M
[2024-07-21T22:32:38.392+0800][6.381s][gc,heap     ] GC(101) Min Capacity: 8M(6%)
[2024-07-21T22:32:38.392+0800][6.381s][gc,heap     ] GC(101) Max Capacity: 128M(100%)
[2024-07-21T22:32:38.392+0800][6.381s][gc,heap     ] GC(101) Soft Max Capacity: 128M(100%)
[2024-07-21T22:32:38.392+0800][6.381s][gc,heap     ] GC(101)                Mark Start          Mark End        Relocate Start      Relocate End           High               Low         
[2024-07-21T22:32:38.392+0800][6.381s][gc,heap     ] GC(101)  Capacity:      128M (100%)        128M (100%)        128M (100%)        128M (100%)        128M (100%)        128M (100%)   
[2024-07-21T22:32:38.392+0800][6.381s][gc,heap     ] GC(101)      Free:       76M (59%)          76M (59%)         116M (91%)         118M (92%)         118M (92%)          76M (59%)    
[2024-07-21T22:32:38.392+0800][6.381s][gc,heap     ] GC(101)      Used:       52M (41%)          52M (41%)          12M (9%)           10M (8%)           52M (41%)          10M (8%)     
[2024-07-21T22:32:38.392+0800][6.381s][gc,heap     ] GC(101)      Live:         -                 4M (4%)            4M (4%)            4M (4%)             -                  -          
[2024-07-21T22:32:38.392+0800][6.381s][gc,heap     ] GC(101) Allocated:         -                 0M (0%)            0M (0%)            0M (0%)             -                  -          
[2024-07-21T22:32:38.393+0800][6.381s][gc,heap     ] GC(101)   Garbage:         -                47M (37%)           7M (6%)            5M (4%)             -                  -          
[2024-07-21T22:32:38.393+0800][6.381s][gc,heap     ] GC(101) Reclaimed:         -                  -                40M (31%)          42M (33%)            -                  -          
[2024-07-21T22:32:38.393+0800][6.381s][gc          ] GC(101) Garbage Collection (Allocation Rate) 52M(41%)->10M(8%)
[2024-07-21T22:32:38.475+0800][6.463s][gc,start    ] GC(102) Garbage Collection (Allocation Rate)
[2024-07-21T22:32:38.475+0800][6.464s][gc,task     ] GC(102) Using 1 workers
[2024-07-21T22:32:38.475+0800][6.464s][gc,phases   ] GC(102) Pause Mark Start 0.008ms
[2024-07-21T22:32:38.479+0800][6.468s][gc,phases   ] GC(102) Concurrent Mark 3.630ms
[2024-07-21T22:32:38.479+0800][6.468s][gc,phases   ] GC(102) Pause Mark End 0.008ms
[2024-07-21T22:32:38.480+0800][6.468s][gc,phases   ] GC(102) Concurrent Mark Free 0.001ms
[2024-07-21T22:32:38.481+0800][6.469s][gc,phases   ] GC(102) Concurrent Process Non-Strong References 1.082ms
[2024-07-21T22:32:38.481+0800][6.469s][gc,phases   ] GC(102) Concurrent Reset Relocation Set 0.001ms
[2024-07-21T22:32:38.482+0800][6.471s][gc          ] Allocation Stall (main) 6.102ms
[2024-07-21T22:32:38.483+0800][6.471s][gc,phases   ] GC(102) Concurrent Select Relocation Set 1.897ms
[2024-07-21T22:32:38.483+0800][6.471s][gc,phases   ] GC(102) Pause Relocate Start 0.010ms
[2024-07-21T22:32:38.483+0800][6.472s][gc,phases   ] GC(102) Concurrent Relocate 0.116ms
[2024-07-21T22:32:38.483+0800][6.472s][gc,load     ] GC(102) Load: 0.00/0.00/0.00
[2024-07-21T22:32:38.483+0800][6.472s][gc,mmu      ] GC(102) MMU: 2ms/96.5%, 5ms/98.4%, 10ms/99.2%, 20ms/99.5%, 50ms/99.8%, 100ms/99.9%
[2024-07-21T22:32:38.483+0800][6.472s][gc,marking  ] GC(102) Mark: 1 stripe(s), 2 proactive flush(es), 1 terminate flush(es), 0 completion(s), 0 continuation(s) 
[2024-07-21T22:32:38.483+0800][6.472s][gc,marking  ] GC(102) Mark Stack Usage: 32M
[2024-07-21T22:32:38.483+0800][6.472s][gc,nmethod  ] GC(102) NMethods: 433 registered, 0 unregistered
[2024-07-21T22:32:38.483+0800][6.472s][gc,metaspace] GC(102) Metaspace: 1M used, 1M committed, 1032M reserved
[2024-07-21T22:32:38.483+0800][6.472s][gc,ref      ] GC(102) Soft: 43 encountered, 0 discovered, 0 enqueued
[2024-07-21T22:32:38.483+0800][6.472s][gc,ref      ] GC(102) Weak: 131 encountered, 107 discovered, 0 enqueued
[2024-07-21T22:32:38.483+0800][6.472s][gc,ref      ] GC(102) Final: 0 encountered, 0 discovered, 0 enqueued
[2024-07-21T22:32:38.483+0800][6.472s][gc,ref      ] GC(102) Phantom: 184 encountered, 98 discovered, 0 enqueued
[2024-07-21T22:32:38.483+0800][6.472s][gc,reloc    ] GC(102) Small Pages: 4 / 8M, Empty: 2M, Relocated: 0M, In-Place: 0
[2024-07-21T22:32:38.483+0800][6.472s][gc,reloc    ] GC(102) Medium Pages: 1 / 4M, Empty: 0M, Relocated: 0M, In-Place: 0
[2024-07-21T22:32:38.483+0800][6.472s][gc,reloc    ] GC(102) Large Pages: 53 / 106M, Empty: 80M, Relocated: 0M, In-Place: 0
[2024-07-21T22:32:38.483+0800][6.472s][gc,reloc    ] GC(102) Forwarding Usage: 0M
[2024-07-21T22:32:38.483+0800][6.472s][gc,heap     ] GC(102) Min Capacity: 8M(6%)
[2024-07-21T22:32:38.483+0800][6.472s][gc,heap     ] GC(102) Max Capacity: 128M(100%)
[2024-07-21T22:32:38.483+0800][6.472s][gc,heap     ] GC(102) Soft Max Capacity: 128M(100%)
[2024-07-21T22:32:38.483+0800][6.472s][gc,heap     ] GC(102)                Mark Start          Mark End        Relocate Start      Relocate End           High               Low         
[2024-07-21T22:32:38.483+0800][6.472s][gc,heap     ] GC(102)  Capacity:      128M (100%)        128M (100%)        128M (100%)        128M (100%)        128M (100%)        128M (100%)   
[2024-07-21T22:32:38.483+0800][6.472s][gc,heap     ] GC(102)      Free:       10M (8%)            0M (0%)           76M (59%)          76M (59%)          82M (64%)           0M (0%)     
[2024-07-21T22:32:38.483+0800][6.472s][gc,heap     ] GC(102)      Used:      118M (92%)         128M (100%)         52M (41%)          52M (41%)         128M (100%)         46M (36%)    
[2024-07-21T22:32:38.483+0800][6.472s][gc,heap     ] GC(102)      Live:         -                30M (24%)          30M (24%)          30M (24%)            -                  -          
[2024-07-21T22:32:38.483+0800][6.472s][gc,heap     ] GC(102) Allocated:         -                10M (8%)           16M (12%)          16M (12%)            -                  -          
[2024-07-21T22:32:38.483+0800][6.472s][gc,heap     ] GC(102)   Garbage:         -                87M (68%)           5M (4%)            5M (4%)             -                  -          
[2024-07-21T22:32:38.483+0800][6.472s][gc,heap     ] GC(102) Reclaimed:         -                  -                82M (64%)          82M (64%)            -                  -          
[2024-07-21T22:32:38.483+0800][6.472s][gc          ] GC(102) Garbage Collection (Allocation Rate) 118M(92%)->52M(41%)
[2024-07-21T22:32:38.556+0800][6.544s][gc,start    ] GC(103) Garbage Collection (Allocation Stall)
[2024-07-21T22:32:38.556+0800][6.544s][gc,ref      ] GC(103) Clearing All SoftReferences
[2024-07-21T22:32:38.556+0800][6.544s][gc,task     ] GC(103) Using 1 workers
[2024-07-21T22:32:38.556+0800][6.545s][gc,phases   ] GC(103) Pause Mark Start 0.029ms
[2024-07-21T22:32:38.560+0800][6.549s][gc,phases   ] GC(103) Concurrent Mark 3.755ms
[2024-07-21T22:32:38.560+0800][6.549s][gc,phases   ] GC(103) Pause Mark End 0.009ms
[2024-07-21T22:32:38.560+0800][6.549s][gc,phases   ] GC(103) Concurrent Mark Free 0.001ms
[2024-07-21T22:32:38.562+0800][6.550s][gc,phases   ] GC(103) Concurrent Process Non-Strong References 1.645ms
[2024-07-21T22:32:38.562+0800][6.551s][gc,phases   ] GC(103) Concurrent Reset Relocation Set 0.001ms
[2024-07-21T22:32:38.564+0800][6.553s][gc          ] Allocation Stall (main) 8.561ms
[2024-07-21T22:32:38.564+0800][6.553s][gc,phases   ] GC(103) Concurrent Select Relocation Set 2.393ms
[2024-07-21T22:32:38.565+0800][6.553s][gc,phases   ] GC(103) Pause Relocate Start 0.018ms
[2024-07-21T22:32:38.565+0800][6.553s][gc,phases   ] GC(103) Concurrent Relocate 0.031ms
[2024-07-21T22:32:38.565+0800][6.553s][gc,load     ] GC(103) Load: 0.00/0.00/0.00
[2024-07-21T22:32:38.565+0800][6.553s][gc,mmu      ] GC(103) MMU: 2ms/96.5%, 5ms/98.4%, 10ms/99.2%, 20ms/99.5%, 50ms/99.8%, 100ms/99.9%
[2024-07-21T22:32:38.565+0800][6.553s][gc,marking  ] GC(103) Mark: 1 stripe(s), 1 proactive flush(es), 1 terminate flush(es), 0 completion(s), 0 continuation(s) 
[2024-07-21T22:32:38.565+0800][6.553s][gc,marking  ] GC(103) Mark Stack Usage: 32M
[2024-07-21T22:32:38.565+0800][6.554s][gc,nmethod  ] GC(103) NMethods: 433 registered, 0 unregistered
[2024-07-21T22:32:38.565+0800][6.554s][gc,metaspace] GC(103) Metaspace: 1M used, 1M committed, 1032M reserved
[2024-07-21T22:32:38.565+0800][6.554s][gc,ref      ] GC(103) Soft: 43 encountered, 20 discovered, 0 enqueued
[2024-07-21T22:32:38.565+0800][6.554s][gc,ref      ] GC(103) Weak: 131 encountered, 107 discovered, 0 enqueued
[2024-07-21T22:32:38.565+0800][6.554s][gc,ref      ] GC(103) Final: 0 encountered, 0 discovered, 0 enqueued
[2024-07-21T22:32:38.565+0800][6.554s][gc,ref      ] GC(103) Phantom: 184 encountered, 98 discovered, 0 enqueued
[2024-07-21T22:32:38.565+0800][6.554s][gc,reloc    ] GC(103) Small Pages: 4 / 8M, Empty: 2M, Relocated: 0M, In-Place: 0
[2024-07-21T22:32:38.565+0800][6.554s][gc,reloc    ] GC(103) Medium Pages: 1 / 4M, Empty: 0M, Relocated: 0M, In-Place: 0
[2024-07-21T22:32:38.565+0800][6.554s][gc,reloc    ] GC(103) Large Pages: 58 / 116M, Empty: 80M, Relocated: 0M, In-Place: 0
[2024-07-21T22:32:38.565+0800][6.554s][gc,reloc    ] GC(103) Forwarding Usage: 0M
[2024-07-21T22:32:38.565+0800][6.554s][gc,heap     ] GC(103) Min Capacity: 8M(6%)
[2024-07-21T22:32:38.565+0800][6.554s][gc,heap     ] GC(103) Max Capacity: 128M(100%)
[2024-07-21T22:32:38.565+0800][6.554s][gc,heap     ] GC(103) Soft Max Capacity: 128M(100%)
[2024-07-21T22:32:38.565+0800][6.554s][gc,heap     ] GC(103)                Mark Start          Mark End        Relocate Start      Relocate End           High               Low         
[2024-07-21T22:32:38.565+0800][6.554s][gc,heap     ] GC(103)  Capacity:      128M (100%)        128M (100%)        128M (100%)        128M (100%)        128M (100%)        128M (100%)   
[2024-07-21T22:32:38.565+0800][6.554s][gc,heap     ] GC(103)      Free:        0M (0%)            0M (0%)           80M (62%)          80M (62%)          82M (64%)           0M (0%)     
[2024-07-21T22:32:38.565+0800][6.554s][gc,heap     ] GC(103)      Used:      128M (100%)        128M (100%)         48M (38%)          48M (38%)         128M (100%)         46M (36%)    
[2024-07-21T22:32:38.565+0800][6.554s][gc,heap     ] GC(103)      Live:         -                40M (32%)          40M (32%)          40M (32%)            -                  -          
[2024-07-21T22:32:38.565+0800][6.554s][gc,heap     ] GC(103) Allocated:         -                 0M (0%)            2M (2%)            2M (2%)             -                  -          
[2024-07-21T22:32:38.565+0800][6.554s][gc,heap     ] GC(103)   Garbage:         -                87M (68%)           5M (4%)            5M (4%)             -                  -          
[2024-07-21T22:32:38.565+0800][6.554s][gc,heap     ] GC(103) Reclaimed:         -                  -                82M (64%)          82M (64%)            -                  -          
[2024-07-21T22:32:38.565+0800][6.554s][gc          ] GC(103) Garbage Collection (Allocation Stall) 128M(100%)->48M(38%)
[2024-07-21T22:32:38.571+0800][6.559s][gc,start    ] GC(104) Garbage Collection (Allocation Rate)
[2024-07-21T22:32:38.571+0800][6.560s][gc,task     ] GC(104) Using 1 workers
[2024-07-21T22:32:38.571+0800][6.560s][gc,phases   ] GC(104) Pause Mark Start 0.010ms
[2024-07-21T22:32:38.576+0800][6.564s][gc,phases   ] GC(104) Concurrent Mark 4.013ms
[2024-07-21T22:32:38.576+0800][6.564s][gc,phases   ] GC(104) Pause Mark End 0.009ms
[2024-07-21T22:32:38.576+0800][6.564s][gc,phases   ] GC(104) Concurrent Mark Free 0.001ms
[2024-07-21T22:32:38.577+0800][6.566s][gc,phases   ] GC(104) Concurrent Process Non-Strong References 1.310ms
[2024-07-21T22:32:38.577+0800][6.566s][gc,phases   ] GC(104) Concurrent Reset Relocation Set 0.000ms
[2024-07-21T22:32:38.580+0800][6.568s][gc,phases   ] GC(104) Concurrent Select Relocation Set 2.639ms
[2024-07-21T22:32:38.580+0800][6.569s][gc,phases   ] GC(104) Pause Relocate Start 0.033ms
[2024-07-21T22:32:38.582+0800][6.570s][gc,phases   ] GC(104) Concurrent Relocate 1.032ms
[2024-07-21T22:32:38.582+0800][6.570s][gc,load     ] GC(104) Load: 0.00/0.00/0.00
[2024-07-21T22:32:38.582+0800][6.570s][gc,mmu      ] GC(104) MMU: 2ms/96.5%, 5ms/98.4%, 10ms/99.2%, 20ms/99.5%, 50ms/99.8%, 100ms/99.9%
[2024-07-21T22:32:38.582+0800][6.570s][gc,marking  ] GC(104) Mark: 1 stripe(s), 1 proactive flush(es), 1 terminate flush(es), 0 completion(s), 0 continuation(s) 
[2024-07-21T22:32:38.582+0800][6.570s][gc,marking  ] GC(104) Mark Stack Usage: 32M
[2024-07-21T22:32:38.582+0800][6.570s][gc,nmethod  ] GC(104) NMethods: 433 registered, 0 unregistered
[2024-07-21T22:32:38.582+0800][6.570s][gc,metaspace] GC(104) Metaspace: 1M used, 1M committed, 1032M reserved
[2024-07-21T22:32:38.582+0800][6.570s][gc,ref      ] GC(104) Soft: 43 encountered, 0 discovered, 0 enqueued
[2024-07-21T22:32:38.582+0800][6.570s][gc,ref      ] GC(104) Weak: 131 encountered, 107 discovered, 0 enqueued
[2024-07-21T22:32:38.582+0800][6.570s][gc,ref      ] GC(104) Final: 0 encountered, 0 discovered, 0 enqueued
[2024-07-21T22:32:38.582+0800][6.570s][gc,ref      ] GC(104) Phantom: 184 encountered, 98 discovered, 0 enqueued
[2024-07-21T22:32:38.582+0800][6.570s][gc,reloc    ] GC(104) Small Pages: 4 / 8M, Empty: 0M, Relocated: 1M, In-Place: 0
[2024-07-21T22:32:38.582+0800][6.570s][gc,reloc    ] GC(104) Medium Pages: 1 / 4M, Empty: 0M, Relocated: 0M, In-Place: 0
[2024-07-21T22:32:38.582+0800][6.570s][gc,reloc    ] GC(104) Large Pages: 20 / 40M, Empty: 40M, Relocated: 0M, In-Place: 0
[2024-07-21T22:32:38.582+0800][6.570s][gc,reloc    ] GC(104) Forwarding Usage: 0M
[2024-07-21T22:32:38.582+0800][6.570s][gc,heap     ] GC(104) Min Capacity: 8M(6%)
[2024-07-21T22:32:38.582+0800][6.570s][gc,heap     ] GC(104) Max Capacity: 128M(100%)
[2024-07-21T22:32:38.582+0800][6.570s][gc,heap     ] GC(104) Soft Max Capacity: 128M(100%)
[2024-07-21T22:32:38.582+0800][6.570s][gc,heap     ] GC(104)                Mark Start          Mark End        Relocate Start      Relocate End           High               Low         
[2024-07-21T22:32:38.582+0800][6.570s][gc,heap     ] GC(104)  Capacity:      128M (100%)        128M (100%)        128M (100%)        128M (100%)        128M (100%)        128M (100%)   
[2024-07-21T22:32:38.582+0800][6.571s][gc,heap     ] GC(104)      Free:       76M (59%)          76M (59%)         116M (91%)         118M (92%)         118M (92%)          76M (59%)    
[2024-07-21T22:32:38.582+0800][6.571s][gc,heap     ] GC(104)      Used:       52M (41%)          52M (41%)          12M (9%)           10M (8%)           52M (41%)          10M (8%)     
[2024-07-21T22:32:38.582+0800][6.571s][gc,heap     ] GC(104)      Live:         -                 4M (4%)            4M (4%)            4M (4%)             -                  -          
[2024-07-21T22:32:38.582+0800][6.571s][gc,heap     ] GC(104) Allocated:         -                 0M (0%)            0M (0%)            0M (0%)             -                  -          
[2024-07-21T22:32:38.582+0800][6.571s][gc,heap     ] GC(104)   Garbage:         -                47M (37%)           7M (6%)            5M (4%)             -                  -          
[2024-07-21T22:32:38.582+0800][6.571s][gc,heap     ] GC(104) Reclaimed:         -                  -                40M (31%)          42M (33%)            -                  -          
[2024-07-21T22:32:38.582+0800][6.571s][gc          ] GC(104) Garbage Collection (Allocation Rate) 52M(41%)->10M(8%)
[2024-07-21T22:32:38.666+0800][6.654s][gc,start    ] GC(105) Garbage Collection (Allocation Rate)
[2024-07-21T22:32:38.666+0800][6.655s][gc,task     ] GC(105) Using 1 workers
[2024-07-21T22:32:38.666+0800][6.655s][gc,phases   ] GC(105) Pause Mark Start 0.006ms
[2024-07-21T22:32:38.670+0800][6.659s][gc,phases   ] GC(105) Concurrent Mark 3.655ms
[2024-07-21T22:32:38.670+0800][6.659s][gc,phases   ] GC(105) Pause Mark End 0.010ms
[2024-07-21T22:32:38.670+0800][6.659s][gc,phases   ] GC(105) Concurrent Mark Free 0.001ms
[2024-07-21T22:32:38.671+0800][6.660s][gc,phases   ] GC(105) Concurrent Process Non-Strong References 1.112ms
[2024-07-21T22:32:38.672+0800][6.660s][gc,phases   ] GC(105) Concurrent Reset Relocation Set 0.001ms
[2024-07-21T22:32:38.673+0800][6.662s][gc          ] Allocation Stall (main) 6.240ms
[2024-07-21T22:32:38.674+0800][6.662s][gc,phases   ] GC(105) Concurrent Select Relocation Set 2.008ms
[2024-07-21T22:32:38.674+0800][6.662s][gc,phases   ] GC(105) Pause Relocate Start 0.006ms
[2024-07-21T22:32:38.674+0800][6.662s][gc,phases   ] GC(105) Concurrent Relocate 0.113ms
[2024-07-21T22:32:38.674+0800][6.663s][gc,load     ] GC(105) Load: 0.00/0.00/0.00
[2024-07-21T22:32:38.674+0800][6.663s][gc,mmu      ] GC(105) MMU: 2ms/96.5%, 5ms/98.4%, 10ms/99.2%, 20ms/99.5%, 50ms/99.8%, 100ms/99.9%
[2024-07-21T22:32:38.674+0800][6.663s][gc,marking  ] GC(105) Mark: 1 stripe(s), 2 proactive flush(es), 1 terminate flush(es), 0 completion(s), 0 continuation(s) 
[2024-07-21T22:32:38.674+0800][6.663s][gc,marking  ] GC(105) Mark Stack Usage: 32M
[2024-07-21T22:32:38.674+0800][6.663s][gc,nmethod  ] GC(105) NMethods: 435 registered, 0 unregistered
[2024-07-21T22:32:38.674+0800][6.663s][gc,metaspace] GC(105) Metaspace: 1M used, 1M committed, 1032M reserved
[2024-07-21T22:32:38.674+0800][6.663s][gc,ref      ] GC(105) Soft: 43 encountered, 0 discovered, 0 enqueued
[2024-07-21T22:32:38.674+0800][6.663s][gc,ref      ] GC(105) Weak: 131 encountered, 107 discovered, 0 enqueued
[2024-07-21T22:32:38.674+0800][6.663s][gc,ref      ] GC(105) Final: 0 encountered, 0 discovered, 0 enqueued
[2024-07-21T22:32:38.674+0800][6.663s][gc,ref      ] GC(105) Phantom: 184 encountered, 98 discovered, 0 enqueued
[2024-07-21T22:32:38.674+0800][6.663s][gc,reloc    ] GC(105) Small Pages: 4 / 8M, Empty: 2M, Relocated: 0M, In-Place: 0
[2024-07-21T22:32:38.674+0800][6.663s][gc,reloc    ] GC(105) Medium Pages: 1 / 4M, Empty: 0M, Relocated: 0M, In-Place: 0
[2024-07-21T22:32:38.674+0800][6.663s][gc,reloc    ] GC(105) Large Pages: 53 / 106M, Empty: 80M, Relocated: 0M, In-Place: 0
[2024-07-21T22:32:38.674+0800][6.663s][gc,reloc    ] GC(105) Forwarding Usage: 0M
[2024-07-21T22:32:38.674+0800][6.663s][gc,heap     ] GC(105) Min Capacity: 8M(6%)
[2024-07-21T22:32:38.674+0800][6.663s][gc,heap     ] GC(105) Max Capacity: 128M(100%)
[2024-07-21T22:32:38.674+0800][6.663s][gc,heap     ] GC(105) Soft Max Capacity: 128M(100%)
[2024-07-21T22:32:38.674+0800][6.663s][gc,heap     ] GC(105)                Mark Start          Mark End        Relocate Start      Relocate End           High               Low         
[2024-07-21T22:32:38.674+0800][6.663s][gc,heap     ] GC(105)  Capacity:      128M (100%)        128M (100%)        128M (100%)        128M (100%)        128M (100%)        128M (100%)   
[2024-07-21T22:32:38.674+0800][6.663s][gc,heap     ] GC(105)      Free:       10M (8%)            0M (0%)           78M (61%)          76M (59%)          82M (64%)           0M (0%)     
[2024-07-21T22:32:38.674+0800][6.663s][gc,heap     ] GC(105)      Used:      118M (92%)         128M (100%)         50M (39%)          52M (41%)         128M (100%)         46M (36%)    
[2024-07-21T22:32:38.674+0800][6.663s][gc,heap     ] GC(105)      Live:         -                30M (24%)          30M (24%)          30M (24%)            -                  -          
[2024-07-21T22:32:38.674+0800][6.663s][gc,heap     ] GC(105) Allocated:         -                10M (8%)           14M (11%)          16M (12%)            -                  -          
[2024-07-21T22:32:38.674+0800][6.663s][gc,heap     ] GC(105)   Garbage:         -                87M (68%)           5M (4%)            5M (4%)             -                  -          
[2024-07-21T22:32:38.674+0800][6.663s][gc,heap     ] GC(105) Reclaimed:         -                  -                82M (64%)          82M (64%)            -                  -          
[2024-07-21T22:32:38.674+0800][6.663s][gc          ] GC(105) Garbage Collection (Allocation Rate) 118M(92%)->52M(41%)
[2024-07-21T22:32:38.746+0800][6.734s][gc,start    ] GC(106) Garbage Collection (Allocation Stall)
[2024-07-21T22:32:38.746+0800][6.735s][gc,ref      ] GC(106) Clearing All SoftReferences
[2024-07-21T22:32:38.746+0800][6.735s][gc,task     ] GC(106) Using 1 workers
[2024-07-21T22:32:38.746+0800][6.735s][gc,phases   ] GC(106) Pause Mark Start 0.015ms
[2024-07-21T22:32:38.750+0800][6.738s][gc,phases   ] GC(106) Concurrent Mark 3.527ms
[2024-07-21T22:32:38.750+0800][6.739s][gc,phases   ] GC(106) Pause Mark End 0.018ms
[2024-07-21T22:32:38.750+0800][6.739s][gc,phases   ] GC(106) Concurrent Mark Free 0.001ms
[2024-07-21T22:32:38.751+0800][6.740s][gc,phases   ] GC(106) Concurrent Process Non-Strong References 1.045ms
[2024-07-21T22:32:38.751+0800][6.740s][gc,phases   ] GC(106) Concurrent Reset Relocation Set 0.001ms
[2024-07-21T22:32:38.755+0800][6.743s][gc          ] Allocation Stall (main) 8.572ms
[2024-07-21T22:32:38.755+0800][6.743s][gc,phases   ] GC(106) Concurrent Select Relocation Set 3.272ms
[2024-07-21T22:32:38.755+0800][6.743s][gc,phases   ] GC(106) Pause Relocate Start 0.012ms
[2024-07-21T22:32:38.755+0800][6.744s][gc,phases   ] GC(106) Concurrent Relocate 0.032ms
[2024-07-21T22:32:38.755+0800][6.744s][gc,load     ] GC(106) Load: 0.00/0.00/0.00
[2024-07-21T22:32:38.755+0800][6.744s][gc,mmu      ] GC(106) MMU: 2ms/96.5%, 5ms/98.4%, 10ms/99.2%, 20ms/99.5%, 50ms/99.8%, 100ms/99.9%
[2024-07-21T22:32:38.755+0800][6.744s][gc,marking  ] GC(106) Mark: 1 stripe(s), 1 proactive flush(es), 1 terminate flush(es), 0 completion(s), 0 continuation(s) 
[2024-07-21T22:32:38.755+0800][6.744s][gc,marking  ] GC(106) Mark Stack Usage: 32M
[2024-07-21T22:32:38.755+0800][6.744s][gc,nmethod  ] GC(106) NMethods: 435 registered, 0 unregistered
[2024-07-21T22:32:38.755+0800][6.744s][gc,metaspace] GC(106) Metaspace: 1M used, 1M committed, 1032M reserved
[2024-07-21T22:32:38.756+0800][6.744s][gc,ref      ] GC(106) Soft: 43 encountered, 20 discovered, 0 enqueued
[2024-07-21T22:32:38.756+0800][6.744s][gc,ref      ] GC(106) Weak: 131 encountered, 107 discovered, 0 enqueued
[2024-07-21T22:32:38.756+0800][6.744s][gc,ref      ] GC(106) Final: 0 encountered, 0 discovered, 0 enqueued
[2024-07-21T22:32:38.756+0800][6.744s][gc,ref      ] GC(106) Phantom: 184 encountered, 98 discovered, 0 enqueued
[2024-07-21T22:32:38.756+0800][6.744s][gc,reloc    ] GC(106) Small Pages: 4 / 8M, Empty: 2M, Relocated: 0M, In-Place: 0
[2024-07-21T22:32:38.756+0800][6.744s][gc,reloc    ] GC(106) Medium Pages: 1 / 4M, Empty: 0M, Relocated: 0M, In-Place: 0
[2024-07-21T22:32:38.756+0800][6.744s][gc,reloc    ] GC(106) Large Pages: 58 / 116M, Empty: 80M, Relocated: 0M, In-Place: 0
[2024-07-21T22:32:38.756+0800][6.744s][gc,reloc    ] GC(106) Forwarding Usage: 0M
[2024-07-21T22:32:38.756+0800][6.744s][gc,heap     ] GC(106) Min Capacity: 8M(6%)
[2024-07-21T22:32:38.756+0800][6.744s][gc,heap     ] GC(106) Max Capacity: 128M(100%)
[2024-07-21T22:32:38.756+0800][6.744s][gc,heap     ] GC(106) Soft Max Capacity: 128M(100%)
[2024-07-21T22:32:38.756+0800][6.744s][gc,heap     ] GC(106)                Mark Start          Mark End        Relocate Start      Relocate End           High               Low         
[2024-07-21T22:32:38.756+0800][6.744s][gc,heap     ] GC(106)  Capacity:      128M (100%)        128M (100%)        128M (100%)        128M (100%)        128M (100%)        128M (100%)   
[2024-07-21T22:32:38.756+0800][6.744s][gc,heap     ] GC(106)      Free:        0M (0%)            0M (0%)           80M (62%)          80M (62%)          82M (64%)           0M (0%)     
[2024-07-21T22:32:38.756+0800][6.744s][gc,heap     ] GC(106)      Used:      128M (100%)        128M (100%)         48M (38%)          48M (38%)         128M (100%)         46M (36%)    
[2024-07-21T22:32:38.756+0800][6.744s][gc,heap     ] GC(106)      Live:         -                40M (32%)          40M (32%)          40M (32%)            -                  -          
[2024-07-21T22:32:38.756+0800][6.744s][gc,heap     ] GC(106) Allocated:         -                 0M (0%)            2M (2%)            2M (2%)             -                  -          
[2024-07-21T22:32:38.756+0800][6.744s][gc,heap     ] GC(106)   Garbage:         -                87M (68%)           5M (4%)            5M (4%)             -                  -          
[2024-07-21T22:32:38.756+0800][6.744s][gc,heap     ] GC(106) Reclaimed:         -                  -                82M (64%)          82M (64%)            -                  -          
[2024-07-21T22:32:38.756+0800][6.744s][gc          ] GC(106) Garbage Collection (Allocation Stall) 128M(100%)->48M(38%)
[2024-07-21T22:32:38.777+0800][6.765s][gc,start    ] GC(107) Garbage Collection (Allocation Rate)
[2024-07-21T22:32:38.777+0800][6.765s][gc,task     ] GC(107) Using 1 workers
[2024-07-21T22:32:38.777+0800][6.765s][gc,phases   ] GC(107) Pause Mark Start 0.007ms
[2024-07-21T22:32:38.781+0800][6.770s][gc,phases   ] GC(107) Concurrent Mark 4.241ms
[2024-07-21T22:32:38.782+0800][6.770s][gc,phases   ] GC(107) Pause Mark End 0.010ms
[2024-07-21T22:32:38.782+0800][6.770s][gc,phases   ] GC(107) Concurrent Mark Free 0.001ms
[2024-07-21T22:32:38.783+0800][6.771s][gc,phases   ] GC(107) Concurrent Process Non-Strong References 1.108ms
[2024-07-21T22:32:38.783+0800][6.771s][gc,phases   ] GC(107) Concurrent Reset Relocation Set 0.000ms
[2024-07-21T22:32:38.786+0800][6.775s][gc,phases   ] GC(107) Concurrent Select Relocation Set 3.438ms
[2024-07-21T22:32:38.787+0800][6.775s][gc,phases   ] GC(107) Pause Relocate Start 0.018ms
[2024-07-21T22:32:38.787+0800][6.775s][gc,phases   ] GC(107) Concurrent Relocate 0.120ms
[2024-07-21T22:32:38.787+0800][6.775s][gc,load     ] GC(107) Load: 0.00/0.00/0.00
[2024-07-21T22:32:38.787+0800][6.775s][gc,mmu      ] GC(107) MMU: 2ms/96.5%, 5ms/98.4%, 10ms/99.2%, 20ms/99.5%, 50ms/99.8%, 100ms/99.9%
[2024-07-21T22:32:38.787+0800][6.775s][gc,marking  ] GC(107) Mark: 1 stripe(s), 2 proactive flush(es), 1 terminate flush(es), 0 completion(s), 0 continuation(s) 
[2024-07-21T22:32:38.787+0800][6.775s][gc,marking  ] GC(107) Mark Stack Usage: 32M
[2024-07-21T22:32:38.787+0800][6.775s][gc,nmethod  ] GC(107) NMethods: 435 registered, 0 unregistered
[2024-07-21T22:32:38.787+0800][6.775s][gc,metaspace] GC(107) Metaspace: 1M used, 1M committed, 1032M reserved
[2024-07-21T22:32:38.787+0800][6.775s][gc,ref      ] GC(107) Soft: 43 encountered, 0 discovered, 0 enqueued
[2024-07-21T22:32:38.787+0800][6.775s][gc,ref      ] GC(107) Weak: 131 encountered, 107 discovered, 0 enqueued
[2024-07-21T22:32:38.787+0800][6.775s][gc,ref      ] GC(107) Final: 0 encountered, 0 discovered, 0 enqueued
[2024-07-21T22:32:38.787+0800][6.775s][gc,ref      ] GC(107) Phantom: 184 encountered, 98 discovered, 0 enqueued
[2024-07-21T22:32:38.787+0800][6.775s][gc,reloc    ] GC(107) Small Pages: 4 / 8M, Empty: 2M, Relocated: 0M, In-Place: 0
[2024-07-21T22:32:38.787+0800][6.775s][gc,reloc    ] GC(107) Medium Pages: 1 / 4M, Empty: 0M, Relocated: 0M, In-Place: 0
[2024-07-21T22:32:38.787+0800][6.775s][gc,reloc    ] GC(107) Large Pages: 22 / 44M, Empty: 40M, Relocated: 0M, In-Place: 0
[2024-07-21T22:32:38.787+0800][6.775s][gc,reloc    ] GC(107) Forwarding Usage: 0M
[2024-07-21T22:32:38.787+0800][6.775s][gc,heap     ] GC(107) Min Capacity: 8M(6%)
[2024-07-21T22:32:38.787+0800][6.775s][gc,heap     ] GC(107) Max Capacity: 128M(100%)
[2024-07-21T22:32:38.787+0800][6.775s][gc,heap     ] GC(107) Soft Max Capacity: 128M(100%)
[2024-07-21T22:32:38.787+0800][6.775s][gc,heap     ] GC(107)                Mark Start          Mark End        Relocate Start      Relocate End           High               Low         
[2024-07-21T22:32:38.787+0800][6.775s][gc,heap     ] GC(107)  Capacity:      128M (100%)        128M (100%)        128M (100%)        128M (100%)        128M (100%)        128M (100%)   
[2024-07-21T22:32:38.787+0800][6.775s][gc,heap     ] GC(107)      Free:       72M (56%)          54M (42%)          96M (75%)          96M (75%)          96M (75%)          54M (42%)    
[2024-07-21T22:32:38.787+0800][6.776s][gc,heap     ] GC(107)      Used:       56M (44%)          74M (58%)          32M (25%)          32M (25%)          74M (58%)          32M (25%)    
[2024-07-21T22:32:38.787+0800][6.776s][gc,heap     ] GC(107)      Live:         -                 8M (7%)            8M (7%)            8M (7%)             -                  -          
[2024-07-21T22:32:38.787+0800][6.776s][gc,heap     ] GC(107) Allocated:         -                18M (14%)          18M (14%)          18M (14%)            -                  -          
[2024-07-21T22:32:38.787+0800][6.776s][gc,heap     ] GC(107)   Garbage:         -                47M (37%)           5M (4%)            5M (4%)             -                  -          
[2024-07-21T22:32:38.787+0800][6.776s][gc,heap     ] GC(107) Reclaimed:         -                  -                42M (33%)          42M (33%)            -                  -          
[2024-07-21T22:32:38.787+0800][6.776s][gc          ] GC(107) Garbage Collection (Allocation Rate) 56M(44%)->32M(25%)
[2024-07-21T22:32:38.857+0800][6.845s][gc,start    ] GC(108) Garbage Collection (Allocation Stall)
[2024-07-21T22:32:38.857+0800][6.845s][gc,ref      ] GC(108) Clearing All SoftReferences
[2024-07-21T22:32:38.857+0800][6.845s][gc,task     ] GC(108) Using 1 workers
[2024-07-21T22:32:38.857+0800][6.845s][gc,phases   ] GC(108) Pause Mark Start 0.006ms
[2024-07-21T22:32:38.860+0800][6.849s][gc,phases   ] GC(108) Concurrent Mark 3.360ms
[2024-07-21T22:32:38.860+0800][6.849s][gc,phases   ] GC(108) Pause Mark End 0.006ms
[2024-07-21T22:32:38.861+0800][6.849s][gc,phases   ] GC(108) Concurrent Mark Free 0.001ms
[2024-07-21T22:32:38.862+0800][6.850s][gc,phases   ] GC(108) Concurrent Process Non-Strong References 1.068ms
[2024-07-21T22:32:38.862+0800][6.850s][gc,phases   ] GC(108) Concurrent Reset Relocation Set 0.000ms
[2024-07-21T22:32:38.864+0800][6.852s][gc          ] Allocation Stall (main) 6.981ms
[2024-07-21T22:32:38.864+0800][6.852s][gc,phases   ] GC(108) Concurrent Select Relocation Set 1.845ms
[2024-07-21T22:32:38.864+0800][6.852s][gc,phases   ] GC(108) Pause Relocate Start 0.004ms
[2024-07-21T22:32:38.864+0800][6.852s][gc,phases   ] GC(108) Concurrent Relocate 0.063ms
[2024-07-21T22:32:38.864+0800][6.852s][gc,load     ] GC(108) Load: 0.00/0.00/0.00
[2024-07-21T22:32:38.864+0800][6.852s][gc,mmu      ] GC(108) MMU: 2ms/96.5%, 5ms/98.4%, 10ms/99.2%, 20ms/99.5%, 50ms/99.8%, 100ms/99.9%
[2024-07-21T22:32:38.864+0800][6.852s][gc,marking  ] GC(108) Mark: 1 stripe(s), 1 proactive flush(es), 1 terminate flush(es), 0 completion(s), 0 continuation(s) 
[2024-07-21T22:32:38.864+0800][6.852s][gc,marking  ] GC(108) Mark Stack Usage: 32M
[2024-07-21T22:32:38.864+0800][6.852s][gc,nmethod  ] GC(108) NMethods: 435 registered, 0 unregistered
[2024-07-21T22:32:38.864+0800][6.852s][gc,metaspace] GC(108) Metaspace: 1M used, 1M committed, 1032M reserved
[2024-07-21T22:32:38.864+0800][6.852s][gc,ref      ] GC(108) Soft: 43 encountered, 20 discovered, 0 enqueued
[2024-07-21T22:32:38.864+0800][6.852s][gc,ref      ] GC(108) Weak: 131 encountered, 107 discovered, 0 enqueued
[2024-07-21T22:32:38.864+0800][6.853s][gc,ref      ] GC(108) Final: 0 encountered, 0 discovered, 0 enqueued
[2024-07-21T22:32:38.864+0800][6.853s][gc,ref      ] GC(108) Phantom: 184 encountered, 98 discovered, 0 enqueued
[2024-07-21T22:32:38.864+0800][6.853s][gc,reloc    ] GC(108) Small Pages: 4 / 8M, Empty: 2M, Relocated: 0M, In-Place: 0
[2024-07-21T22:32:38.864+0800][6.853s][gc,reloc    ] GC(108) Medium Pages: 1 / 4M, Empty: 0M, Relocated: 0M, In-Place: 0
[2024-07-21T22:32:38.864+0800][6.853s][gc,reloc    ] GC(108) Large Pages: 58 / 116M, Empty: 80M, Relocated: 0M, In-Place: 0
[2024-07-21T22:32:38.864+0800][6.853s][gc,reloc    ] GC(108) Forwarding Usage: 0M
[2024-07-21T22:32:38.864+0800][6.853s][gc,heap     ] GC(108) Min Capacity: 8M(6%)
[2024-07-21T22:32:38.864+0800][6.853s][gc,heap     ] GC(108) Max Capacity: 128M(100%)
[2024-07-21T22:32:38.864+0800][6.853s][gc,heap     ] GC(108) Soft Max Capacity: 128M(100%)
[2024-07-21T22:32:38.864+0800][6.853s][gc,heap     ] GC(108)                Mark Start          Mark End        Relocate Start      Relocate End           High               Low         
[2024-07-21T22:32:38.864+0800][6.853s][gc,heap     ] GC(108)  Capacity:      128M (100%)        128M (100%)        128M (100%)        128M (100%)        128M (100%)        128M (100%)   
[2024-07-21T22:32:38.864+0800][6.853s][gc,heap     ] GC(108)      Free:        0M (0%)            0M (0%)           80M (62%)          78M (61%)          82M (64%)           0M (0%)     
[2024-07-21T22:32:38.864+0800][6.853s][gc,heap     ] GC(108)      Used:      128M (100%)        128M (100%)         48M (38%)          50M (39%)         128M (100%)         46M (36%)    
[2024-07-21T22:32:38.864+0800][6.853s][gc,heap     ] GC(108)      Live:         -                40M (32%)          40M (32%)          40M (32%)            -                  -          
[2024-07-21T22:32:38.864+0800][6.853s][gc,heap     ] GC(108) Allocated:         -                 0M (0%)            2M (2%)            4M (3%)             -                  -          
[2024-07-21T22:32:38.864+0800][6.853s][gc,heap     ] GC(108)   Garbage:         -                87M (68%)           5M (4%)            5M (4%)             -                  -          
[2024-07-21T22:32:38.864+0800][6.853s][gc,heap     ] GC(108) Reclaimed:         -                  -                82M (64%)          82M (64%)            -                  -          
[2024-07-21T22:32:38.864+0800][6.853s][gc          ] GC(108) Garbage Collection (Allocation Stall) 128M(100%)->50M(39%)
[2024-07-21T22:32:38.872+0800][6.860s][gc,start    ] GC(109) Garbage Collection (Allocation Rate)
[2024-07-21T22:32:38.872+0800][6.860s][gc,task     ] GC(109) Using 1 workers
[2024-07-21T22:32:38.872+0800][6.860s][gc,phases   ] GC(109) Pause Mark Start 0.008ms
[2024-07-21T22:32:38.877+0800][6.866s][gc,phases   ] GC(109) Concurrent Mark 5.145ms
[2024-07-21T22:32:38.878+0800][6.866s][gc,phases   ] GC(109) Pause Mark End 0.012ms
[2024-07-21T22:32:38.878+0800][6.866s][gc,phases   ] GC(109) Concurrent Mark Free 0.001ms
[2024-07-21T22:32:38.879+0800][6.867s][gc,phases   ] GC(109) Concurrent Process Non-Strong References 0.982ms
[2024-07-21T22:32:38.879+0800][6.867s][gc,phases   ] GC(109) Concurrent Reset Relocation Set 0.000ms
[2024-07-21T22:32:38.882+0800][6.870s][gc,phases   ] GC(109) Concurrent Select Relocation Set 3.489ms
[2024-07-21T22:32:38.882+0800][6.871s][gc,phases   ] GC(109) Pause Relocate Start 0.012ms
[2024-07-21T22:32:38.883+0800][6.871s][gc,phases   ] GC(109) Concurrent Relocate 0.783ms
[2024-07-21T22:32:38.883+0800][6.872s][gc,load     ] GC(109) Load: 0.00/0.00/0.00
[2024-07-21T22:32:38.883+0800][6.872s][gc,mmu      ] GC(109) MMU: 2ms/96.5%, 5ms/98.4%, 10ms/99.2%, 20ms/99.5%, 50ms/99.8%, 100ms/99.9%
[2024-07-21T22:32:38.883+0800][6.872s][gc,marking  ] GC(109) Mark: 1 stripe(s), 1 proactive flush(es), 1 terminate flush(es), 0 completion(s), 0 continuation(s) 
[2024-07-21T22:32:38.883+0800][6.872s][gc,marking  ] GC(109) Mark Stack Usage: 32M
[2024-07-21T22:32:38.883+0800][6.872s][gc,nmethod  ] GC(109) NMethods: 435 registered, 0 unregistered
[2024-07-21T22:32:38.883+0800][6.872s][gc,metaspace] GC(109) Metaspace: 1M used, 1M committed, 1032M reserved
[2024-07-21T22:32:38.883+0800][6.872s][gc,ref      ] GC(109) Soft: 43 encountered, 0 discovered, 0 enqueued
[2024-07-21T22:32:38.883+0800][6.872s][gc,ref      ] GC(109) Weak: 131 encountered, 107 discovered, 0 enqueued
[2024-07-21T22:32:38.883+0800][6.872s][gc,ref      ] GC(109) Final: 0 encountered, 0 discovered, 0 enqueued
[2024-07-21T22:32:38.883+0800][6.872s][gc,ref      ] GC(109) Phantom: 184 encountered, 98 discovered, 0 enqueued
[2024-07-21T22:32:38.883+0800][6.872s][gc,reloc    ] GC(109) Small Pages: 4 / 8M, Empty: 0M, Relocated: 1M, In-Place: 0
[2024-07-21T22:32:38.884+0800][6.872s][gc,reloc    ] GC(109) Medium Pages: 1 / 4M, Empty: 0M, Relocated: 0M, In-Place: 0
[2024-07-21T22:32:38.884+0800][6.872s][gc,reloc    ] GC(109) Large Pages: 20 / 40M, Empty: 40M, Relocated: 0M, In-Place: 0
[2024-07-21T22:32:38.884+0800][6.872s][gc,reloc    ] GC(109) Forwarding Usage: 0M
[2024-07-21T22:32:38.884+0800][6.872s][gc,heap     ] GC(109) Min Capacity: 8M(6%)
[2024-07-21T22:32:38.884+0800][6.872s][gc,heap     ] GC(109) Max Capacity: 128M(100%)
[2024-07-21T22:32:38.884+0800][6.872s][gc,heap     ] GC(109) Soft Max Capacity: 128M(100%)
[2024-07-21T22:32:38.884+0800][6.872s][gc,heap     ] GC(109)                Mark Start          Mark End        Relocate Start      Relocate End           High               Low         
[2024-07-21T22:32:38.884+0800][6.872s][gc,heap     ] GC(109)  Capacity:      128M (100%)        128M (100%)        128M (100%)        128M (100%)        128M (100%)        128M (100%)   
[2024-07-21T22:32:38.884+0800][6.872s][gc,heap     ] GC(109)      Free:       76M (59%)          76M (59%)         116M (91%)         118M (92%)         118M (92%)          76M (59%)    
[2024-07-21T22:32:38.884+0800][6.872s][gc,heap     ] GC(109)      Used:       52M (41%)          52M (41%)          12M (9%)           10M (8%)           52M (41%)          10M (8%)     
[2024-07-21T22:32:38.884+0800][6.872s][gc,heap     ] GC(109)      Live:         -                 4M (4%)            4M (4%)            4M (4%)             -                  -          
[2024-07-21T22:32:38.884+0800][6.872s][gc,heap     ] GC(109) Allocated:         -                 0M (0%)            0M (0%)            0M (0%)             -                  -          
[2024-07-21T22:32:38.884+0800][6.872s][gc,heap     ] GC(109)   Garbage:         -                47M (37%)           7M (6%)            5M (4%)             -                  -          
[2024-07-21T22:32:38.884+0800][6.872s][gc,heap     ] GC(109) Reclaimed:         -                  -                40M (31%)          42M (33%)            -                  -          
[2024-07-21T22:32:38.884+0800][6.872s][gc          ] GC(109) Garbage Collection (Allocation Rate) 52M(41%)->10M(8%)
[2024-07-21T22:32:38.968+0800][6.956s][gc,start    ] GC(110) Garbage Collection (Allocation Rate)
[2024-07-21T22:32:38.968+0800][6.956s][gc,task     ] GC(110) Using 1 workers
[2024-07-21T22:32:38.968+0800][6.957s][gc,phases   ] GC(110) Pause Mark Start 0.011ms
[2024-07-21T22:32:38.974+0800][6.962s][gc,phases   ] GC(110) Concurrent Mark 5.665ms
[2024-07-21T22:32:38.974+0800][6.963s][gc,phases   ] GC(110) Pause Mark End 0.017ms
[2024-07-21T22:32:38.974+0800][6.963s][gc,phases   ] GC(110) Concurrent Mark Free 0.001ms
[2024-07-21T22:32:38.976+0800][6.964s][gc,phases   ] GC(110) Concurrent Process Non-Strong References 1.174ms
[2024-07-21T22:32:38.976+0800][6.964s][gc,phases   ] GC(110) Concurrent Reset Relocation Set 0.005ms
[2024-07-21T22:32:38.980+0800][6.968s][gc          ] Allocation Stall (main) 9.481ms
[2024-07-21T22:32:38.980+0800][6.968s][gc,phases   ] GC(110) Concurrent Select Relocation Set 4.329ms
[2024-07-21T22:32:38.980+0800][6.969s][gc,phases   ] GC(110) Pause Relocate Start 0.021ms
[2024-07-21T22:32:38.981+0800][6.969s][gc,phases   ] GC(110) Concurrent Relocate 0.073ms
[2024-07-21T22:32:38.981+0800][6.969s][gc,load     ] GC(110) Load: 0.00/0.00/0.00
[2024-07-21T22:32:38.981+0800][6.969s][gc,mmu      ] GC(110) MMU: 2ms/96.5%, 5ms/98.4%, 10ms/99.2%, 20ms/99.5%, 50ms/99.8%, 100ms/99.9%
[2024-07-21T22:32:38.981+0800][6.969s][gc,marking  ] GC(110) Mark: 1 stripe(s), 2 proactive flush(es), 1 terminate flush(es), 0 completion(s), 0 continuation(s) 
[2024-07-21T22:32:38.981+0800][6.969s][gc,marking  ] GC(110) Mark Stack Usage: 32M
[2024-07-21T22:32:38.981+0800][6.969s][gc,nmethod  ] GC(110) NMethods: 435 registered, 0 unregistered
[2024-07-21T22:32:38.981+0800][6.969s][gc,metaspace] GC(110) Metaspace: 1M used, 1M committed, 1032M reserved
[2024-07-21T22:32:38.981+0800][6.969s][gc,ref      ] GC(110) Soft: 43 encountered, 0 discovered, 0 enqueued
[2024-07-21T22:32:38.981+0800][6.969s][gc,ref      ] GC(110) Weak: 131 encountered, 107 discovered, 0 enqueued
[2024-07-21T22:32:38.981+0800][6.969s][gc,ref      ] GC(110) Final: 0 encountered, 0 discovered, 0 enqueued
[2024-07-21T22:32:38.981+0800][6.969s][gc,ref      ] GC(110) Phantom: 184 encountered, 98 discovered, 0 enqueued
[2024-07-21T22:32:38.981+0800][6.969s][gc,reloc    ] GC(110) Small Pages: 4 / 8M, Empty: 2M, Relocated: 0M, In-Place: 0
[2024-07-21T22:32:38.981+0800][6.969s][gc,reloc    ] GC(110) Medium Pages: 1 / 4M, Empty: 0M, Relocated: 0M, In-Place: 0
[2024-07-21T22:32:38.981+0800][6.969s][gc,reloc    ] GC(110) Large Pages: 52 / 104M, Empty: 80M, Relocated: 0M, In-Place: 0
[2024-07-21T22:32:38.981+0800][6.969s][gc,reloc    ] GC(110) Forwarding Usage: 0M
[2024-07-21T22:32:38.981+0800][6.969s][gc,heap     ] GC(110) Min Capacity: 8M(6%)
[2024-07-21T22:32:38.981+0800][6.969s][gc,heap     ] GC(110) Max Capacity: 128M(100%)
[2024-07-21T22:32:38.981+0800][6.969s][gc,heap     ] GC(110) Soft Max Capacity: 128M(100%)
[2024-07-21T22:32:38.981+0800][6.969s][gc,heap     ] GC(110)                Mark Start          Mark End        Relocate Start      Relocate End           High               Low         
[2024-07-21T22:32:38.981+0800][6.969s][gc,heap     ] GC(110)  Capacity:      128M (100%)        128M (100%)        128M (100%)        128M (100%)        128M (100%)        128M (100%)   
[2024-07-21T22:32:38.981+0800][6.969s][gc,heap     ] GC(110)      Free:       12M (9%)            0M (0%)           80M (62%)          80M (62%)          82M (64%)           0M (0%)     
[2024-07-21T22:32:38.981+0800][6.970s][gc,heap     ] GC(110)      Used:      116M (91%)         128M (100%)         48M (38%)          48M (38%)         128M (100%)         46M (36%)    
[2024-07-21T22:32:38.981+0800][6.970s][gc,heap     ] GC(110)      Live:         -                28M (22%)          28M (22%)          28M (22%)            -                  -          
[2024-07-21T22:32:38.981+0800][6.970s][gc,heap     ] GC(110) Allocated:         -                12M (9%)           14M (11%)          14M (11%)            -                  -          
[2024-07-21T22:32:38.981+0800][6.970s][gc,heap     ] GC(110)   Garbage:         -                87M (68%)           5M (4%)            5M (4%)             -                  -          
[2024-07-21T22:32:38.981+0800][6.970s][gc,heap     ] GC(110) Reclaimed:         -                  -                82M (64%)          82M (64%)            -                  -          
[2024-07-21T22:32:38.981+0800][6.970s][gc          ] GC(110) Garbage Collection (Allocation Rate) 116M(91%)->48M(38%)
[2024-07-21T22:32:39.048+0800][7.037s][gc,start    ] GC(111) Garbage Collection (Allocation Stall)
[2024-07-21T22:32:39.048+0800][7.037s][gc,ref      ] GC(111) Clearing All SoftReferences
[2024-07-21T22:32:39.048+0800][7.037s][gc,task     ] GC(111) Using 1 workers
[2024-07-21T22:32:39.049+0800][7.037s][gc,phases   ] GC(111) Pause Mark Start 0.005ms
[2024-07-21T22:32:39.052+0800][7.040s][gc,phases   ] GC(111) Concurrent Mark 2.989ms
[2024-07-21T22:32:39.052+0800][7.040s][gc,phases   ] GC(111) Pause Mark End 0.005ms
[2024-07-21T22:32:39.052+0800][7.040s][gc,phases   ] GC(111) Concurrent Mark Free 0.000ms
[2024-07-21T22:32:39.052+0800][7.041s][gc,phases   ] GC(111) Concurrent Process Non-Strong References 0.683ms
[2024-07-21T22:32:39.052+0800][7.041s][gc,phases   ] GC(111) Concurrent Reset Relocation Set 0.000ms
[2024-07-21T22:32:39.054+0800][7.043s][gc          ] Allocation Stall (main) 5.856ms
[2024-07-21T22:32:39.054+0800][7.043s][gc,phases   ] GC(111) Concurrent Select Relocation Set 1.757ms
[2024-07-21T22:32:39.054+0800][7.043s][gc,phases   ] GC(111) Pause Relocate Start 0.005ms
[2024-07-21T22:32:39.055+0800][7.043s][gc,phases   ] GC(111) Concurrent Relocate 0.031ms
[2024-07-21T22:32:39.055+0800][7.043s][gc,load     ] GC(111) Load: 0.00/0.00/0.00
[2024-07-21T22:32:39.055+0800][7.043s][gc,mmu      ] GC(111) MMU: 2ms/96.5%, 5ms/98.4%, 10ms/99.2%, 20ms/99.5%, 50ms/99.8%, 100ms/99.9%
[2024-07-21T22:32:39.055+0800][7.043s][gc,marking  ] GC(111) Mark: 1 stripe(s), 1 proactive flush(es), 1 terminate flush(es), 0 completion(s), 0 continuation(s) 
[2024-07-21T22:32:39.055+0800][7.043s][gc,marking  ] GC(111) Mark Stack Usage: 32M
[2024-07-21T22:32:39.055+0800][7.043s][gc,nmethod  ] GC(111) NMethods: 435 registered, 0 unregistered
[2024-07-21T22:32:39.055+0800][7.043s][gc,metaspace] GC(111) Metaspace: 1M used, 1M committed, 1032M reserved
[2024-07-21T22:32:39.055+0800][7.043s][gc,ref      ] GC(111) Soft: 43 encountered, 20 discovered, 0 enqueued
[2024-07-21T22:32:39.055+0800][7.043s][gc,ref      ] GC(111) Weak: 131 encountered, 107 discovered, 0 enqueued
[2024-07-21T22:32:39.055+0800][7.043s][gc,ref      ] GC(111) Final: 0 encountered, 0 discovered, 0 enqueued
[2024-07-21T22:32:39.055+0800][7.043s][gc,ref      ] GC(111) Phantom: 184 encountered, 98 discovered, 0 enqueued
[2024-07-21T22:32:39.055+0800][7.043s][gc,reloc    ] GC(111) Small Pages: 4 / 8M, Empty: 2M, Relocated: 0M, In-Place: 0
[2024-07-21T22:32:39.055+0800][7.043s][gc,reloc    ] GC(111) Medium Pages: 1 / 4M, Empty: 0M, Relocated: 0M, In-Place: 0
[2024-07-21T22:32:39.055+0800][7.043s][gc,reloc    ] GC(111) Large Pages: 58 / 116M, Empty: 80M, Relocated: 0M, In-Place: 0
[2024-07-21T22:32:39.055+0800][7.043s][gc,reloc    ] GC(111) Forwarding Usage: 0M
[2024-07-21T22:32:39.055+0800][7.043s][gc,heap     ] GC(111) Min Capacity: 8M(6%)
[2024-07-21T22:32:39.055+0800][7.043s][gc,heap     ] GC(111) Max Capacity: 128M(100%)
[2024-07-21T22:32:39.055+0800][7.043s][gc,heap     ] GC(111) Soft Max Capacity: 128M(100%)
[2024-07-21T22:32:39.055+0800][7.043s][gc,heap     ] GC(111)                Mark Start          Mark End        Relocate Start      Relocate End           High               Low         
[2024-07-21T22:32:39.055+0800][7.043s][gc,heap     ] GC(111)  Capacity:      128M (100%)        128M (100%)        128M (100%)        128M (100%)        128M (100%)        128M (100%)   
[2024-07-21T22:32:39.055+0800][7.043s][gc,heap     ] GC(111)      Free:        0M (0%)            0M (0%)           80M (62%)          80M (62%)          82M (64%)           0M (0%)     
[2024-07-21T22:32:39.055+0800][7.043s][gc,heap     ] GC(111)      Used:      128M (100%)        128M (100%)         48M (38%)          48M (38%)         128M (100%)         46M (36%)    
[2024-07-21T22:32:39.055+0800][7.043s][gc,heap     ] GC(111)      Live:         -                40M (32%)          40M (32%)          40M (32%)            -                  -          
[2024-07-21T22:32:39.055+0800][7.043s][gc,heap     ] GC(111) Allocated:         -                 0M (0%)            2M (2%)            2M (2%)             -                  -          
[2024-07-21T22:32:39.055+0800][7.043s][gc,heap     ] GC(111)   Garbage:         -                87M (68%)           5M (4%)            5M (4%)             -                  -          
[2024-07-21T22:32:39.055+0800][7.043s][gc,heap     ] GC(111) Reclaimed:         -                  -                82M (64%)          82M (64%)            -                  -          
[2024-07-21T22:32:39.055+0800][7.043s][gc          ] GC(111) Garbage Collection (Allocation Stall) 128M(100%)->48M(38%)
[2024-07-21T22:32:39.080+0800][7.068s][gc,start    ] GC(112) Garbage Collection (Allocation Rate)
[2024-07-21T22:32:39.080+0800][7.068s][gc,task     ] GC(112) Using 1 workers
[2024-07-21T22:32:39.080+0800][7.068s][gc,phases   ] GC(112) Pause Mark Start 0.005ms
[2024-07-21T22:32:39.084+0800][7.072s][gc,phases   ] GC(112) Concurrent Mark 3.286ms
[2024-07-21T22:32:39.084+0800][7.072s][gc,phases   ] GC(112) Pause Mark End 0.008ms
[2024-07-21T22:32:39.084+0800][7.072s][gc,phases   ] GC(112) Concurrent Mark Free 0.001ms
[2024-07-21T22:32:39.085+0800][7.073s][gc,phases   ] GC(112) Concurrent Process Non-Strong References 1.087ms
[2024-07-21T22:32:39.085+0800][7.073s][gc,phases   ] GC(112) Concurrent Reset Relocation Set 0.000ms
[2024-07-21T22:32:39.087+0800][7.075s][gc,phases   ] GC(112) Concurrent Select Relocation Set 1.738ms
[2024-07-21T22:32:39.087+0800][7.075s][gc,phases   ] GC(112) Pause Relocate Start 0.004ms
[2024-07-21T22:32:39.087+0800][7.075s][gc,phases   ] GC(112) Concurrent Relocate 0.101ms
[2024-07-21T22:32:39.087+0800][7.075s][gc,load     ] GC(112) Load: 0.00/0.00/0.00
[2024-07-21T22:32:39.087+0800][7.075s][gc,mmu      ] GC(112) MMU: 2ms/96.5%, 5ms/98.4%, 10ms/99.2%, 20ms/99.5%, 50ms/99.8%, 100ms/99.9%
[2024-07-21T22:32:39.087+0800][7.075s][gc,marking  ] GC(112) Mark: 1 stripe(s), 2 proactive flush(es), 1 terminate flush(es), 0 completion(s), 0 continuation(s) 
[2024-07-21T22:32:39.087+0800][7.075s][gc,marking  ] GC(112) Mark Stack Usage: 32M
[2024-07-21T22:32:39.087+0800][7.076s][gc,nmethod  ] GC(112) NMethods: 435 registered, 0 unregistered
[2024-07-21T22:32:39.087+0800][7.076s][gc,metaspace] GC(112) Metaspace: 1M used, 1M committed, 1032M reserved
[2024-07-21T22:32:39.087+0800][7.076s][gc,ref      ] GC(112) Soft: 43 encountered, 0 discovered, 0 enqueued
[2024-07-21T22:32:39.087+0800][7.076s][gc,ref      ] GC(112) Weak: 131 encountered, 107 discovered, 0 enqueued
[2024-07-21T22:32:39.087+0800][7.076s][gc,ref      ] GC(112) Final: 0 encountered, 0 discovered, 0 enqueued
[2024-07-21T22:32:39.087+0800][7.076s][gc,ref      ] GC(112) Phantom: 184 encountered, 98 discovered, 0 enqueued
[2024-07-21T22:32:39.087+0800][7.076s][gc,reloc    ] GC(112) Small Pages: 4 / 8M, Empty: 2M, Relocated: 0M, In-Place: 0
[2024-07-21T22:32:39.087+0800][7.076s][gc,reloc    ] GC(112) Medium Pages: 1 / 4M, Empty: 0M, Relocated: 0M, In-Place: 0
[2024-07-21T22:32:39.087+0800][7.076s][gc,reloc    ] GC(112) Large Pages: 22 / 44M, Empty: 40M, Relocated: 0M, In-Place: 0
[2024-07-21T22:32:39.087+0800][7.076s][gc,reloc    ] GC(112) Forwarding Usage: 0M
[2024-07-21T22:32:39.087+0800][7.076s][gc,heap     ] GC(112) Min Capacity: 8M(6%)
[2024-07-21T22:32:39.087+0800][7.076s][gc,heap     ] GC(112) Max Capacity: 128M(100%)
[2024-07-21T22:32:39.087+0800][7.076s][gc,heap     ] GC(112) Soft Max Capacity: 128M(100%)
[2024-07-21T22:32:39.087+0800][7.076s][gc,heap     ] GC(112)                Mark Start          Mark End        Relocate Start      Relocate End           High               Low         
[2024-07-21T22:32:39.087+0800][7.076s][gc,heap     ] GC(112)  Capacity:      128M (100%)        128M (100%)        128M (100%)        128M (100%)        128M (100%)        128M (100%)   
[2024-07-21T22:32:39.087+0800][7.076s][gc,heap     ] GC(112)      Free:       72M (56%)          54M (42%)          96M (75%)          96M (75%)          96M (75%)          54M (42%)    
[2024-07-21T22:32:39.087+0800][7.076s][gc,heap     ] GC(112)      Used:       56M (44%)          74M (58%)          32M (25%)          32M (25%)          74M (58%)          32M (25%)    
[2024-07-21T22:32:39.087+0800][7.076s][gc,heap     ] GC(112)      Live:         -                 8M (7%)            8M (7%)            8M (7%)             -                  -          
[2024-07-21T22:32:39.087+0800][7.076s][gc,heap     ] GC(112) Allocated:         -                18M (14%)          18M (14%)          18M (14%)            -                  -          
[2024-07-21T22:32:39.087+0800][7.076s][gc,heap     ] GC(112)   Garbage:         -                47M (37%)           5M (4%)            5M (4%)             -                  -          
[2024-07-21T22:32:39.087+0800][7.076s][gc,heap     ] GC(112) Reclaimed:         -                  -                42M (33%)          42M (33%)            -                  -          
[2024-07-21T22:32:39.088+0800][7.076s][gc          ] GC(112) Garbage Collection (Allocation Rate) 56M(44%)->32M(25%)
[2024-07-21T22:32:39.160+0800][7.148s][gc,start    ] GC(113) Garbage Collection (Allocation Stall)
[2024-07-21T22:32:39.160+0800][7.148s][gc,ref      ] GC(113) Clearing All SoftReferences
[2024-07-21T22:32:39.160+0800][7.148s][gc,task     ] GC(113) Using 1 workers
[2024-07-21T22:32:39.160+0800][7.148s][gc,phases   ] GC(113) Pause Mark Start 0.013ms
[2024-07-21T22:32:39.164+0800][7.152s][gc,phases   ] GC(113) Concurrent Mark 3.688ms
[2024-07-21T22:32:39.164+0800][7.153s][gc,phases   ] GC(113) Pause Mark End 0.011ms
[2024-07-21T22:32:39.165+0800][7.153s][gc,phases   ] GC(113) Concurrent Mark Free 0.001ms
[2024-07-21T22:32:39.166+0800][7.154s][gc,phases   ] GC(113) Concurrent Process Non-Strong References 1.143ms
[2024-07-21T22:32:39.166+0800][7.154s][gc,phases   ] GC(113) Concurrent Reset Relocation Set 0.001ms
[2024-07-21T22:32:39.169+0800][7.157s][gc          ] Allocation Stall (main) 9.239ms
[2024-07-21T22:32:39.169+0800][7.157s][gc,phases   ] GC(113) Concurrent Select Relocation Set 3.429ms
[2024-07-21T22:32:39.170+0800][7.158s][gc,phases   ] GC(113) Pause Relocate Start 0.013ms
[2024-07-21T22:32:39.170+0800][7.158s][gc,phases   ] GC(113) Concurrent Relocate 0.110ms
[2024-07-21T22:32:39.170+0800][7.158s][gc,load     ] GC(113) Load: 0.00/0.00/0.00
[2024-07-21T22:32:39.170+0800][7.158s][gc,mmu      ] GC(113) MMU: 2ms/96.5%, 5ms/98.4%, 10ms/99.2%, 20ms/99.5%, 50ms/99.8%, 100ms/99.9%
[2024-07-21T22:32:39.170+0800][7.158s][gc,marking  ] GC(113) Mark: 1 stripe(s), 1 proactive flush(es), 1 terminate flush(es), 0 completion(s), 0 continuation(s) 
[2024-07-21T22:32:39.170+0800][7.158s][gc,marking  ] GC(113) Mark Stack Usage: 32M
[2024-07-21T22:32:39.170+0800][7.158s][gc,nmethod  ] GC(113) NMethods: 435 registered, 0 unregistered
[2024-07-21T22:32:39.170+0800][7.158s][gc,metaspace] GC(113) Metaspace: 1M used, 1M committed, 1032M reserved
[2024-07-21T22:32:39.170+0800][7.158s][gc,ref      ] GC(113) Soft: 43 encountered, 20 discovered, 0 enqueued
[2024-07-21T22:32:39.170+0800][7.158s][gc,ref      ] GC(113) Weak: 131 encountered, 107 discovered, 0 enqueued
[2024-07-21T22:32:39.170+0800][7.158s][gc,ref      ] GC(113) Final: 0 encountered, 0 discovered, 0 enqueued
[2024-07-21T22:32:39.170+0800][7.158s][gc,ref      ] GC(113) Phantom: 184 encountered, 98 discovered, 0 enqueued
[2024-07-21T22:32:39.170+0800][7.158s][gc,reloc    ] GC(113) Small Pages: 4 / 8M, Empty: 2M, Relocated: 0M, In-Place: 0
[2024-07-21T22:32:39.170+0800][7.158s][gc,reloc    ] GC(113) Medium Pages: 1 / 4M, Empty: 0M, Relocated: 0M, In-Place: 0
[2024-07-21T22:32:39.170+0800][7.158s][gc,reloc    ] GC(113) Large Pages: 58 / 116M, Empty: 80M, Relocated: 0M, In-Place: 0
[2024-07-21T22:32:39.170+0800][7.158s][gc,reloc    ] GC(113) Forwarding Usage: 0M
[2024-07-21T22:32:39.170+0800][7.158s][gc,heap     ] GC(113) Min Capacity: 8M(6%)
[2024-07-21T22:32:39.170+0800][7.158s][gc,heap     ] GC(113) Max Capacity: 128M(100%)
[2024-07-21T22:32:39.170+0800][7.158s][gc,heap     ] GC(113) Soft Max Capacity: 128M(100%)
[2024-07-21T22:32:39.170+0800][7.158s][gc,heap     ] GC(113)                Mark Start          Mark End        Relocate Start      Relocate End           High               Low         
[2024-07-21T22:32:39.170+0800][7.158s][gc,heap     ] GC(113)  Capacity:      128M (100%)        128M (100%)        128M (100%)        128M (100%)        128M (100%)        128M (100%)   
[2024-07-21T22:32:39.170+0800][7.158s][gc,heap     ] GC(113)      Free:        0M (0%)            0M (0%)           80M (62%)          78M (61%)          82M (64%)           0M (0%)     
[2024-07-21T22:32:39.170+0800][7.158s][gc,heap     ] GC(113)      Used:      128M (100%)        128M (100%)         48M (38%)          50M (39%)         128M (100%)         46M (36%)    
[2024-07-21T22:32:39.170+0800][7.158s][gc,heap     ] GC(113)      Live:         -                40M (32%)          40M (32%)          40M (32%)            -                  -          
[2024-07-21T22:32:39.170+0800][7.158s][gc,heap     ] GC(113) Allocated:         -                 0M (0%)            2M (2%)            4M (3%)             -                  -          
[2024-07-21T22:32:39.170+0800][7.158s][gc,heap     ] GC(113)   Garbage:         -                87M (68%)           5M (4%)            5M (4%)             -                  -          
[2024-07-21T22:32:39.170+0800][7.158s][gc,heap     ] GC(113) Reclaimed:         -                  -                82M (64%)          82M (64%)            -                  -          
[2024-07-21T22:32:39.170+0800][7.158s][gc          ] GC(113) Garbage Collection (Allocation Stall) 128M(100%)->50M(39%)
[2024-07-21T22:32:39.175+0800][7.163s][gc,start    ] GC(114) Garbage Collection (Allocation Rate)
[2024-07-21T22:32:39.175+0800][7.163s][gc,task     ] GC(114) Using 1 workers
[2024-07-21T22:32:39.175+0800][7.163s][gc,phases   ] GC(114) Pause Mark Start 0.006ms
[2024-07-21T22:32:39.179+0800][7.168s][gc,phases   ] GC(114) Concurrent Mark 4.368ms
[2024-07-21T22:32:39.180+0800][7.168s][gc,phases   ] GC(114) Pause Mark End 0.009ms
[2024-07-21T22:32:39.180+0800][7.168s][gc,phases   ] GC(114) Concurrent Mark Free 0.001ms
[2024-07-21T22:32:39.181+0800][7.169s][gc,phases   ] GC(114) Concurrent Process Non-Strong References 1.290ms
[2024-07-21T22:32:39.181+0800][7.169s][gc,phases   ] GC(114) Concurrent Reset Relocation Set 0.000ms
[2024-07-21T22:32:39.184+0800][7.172s][gc,phases   ] GC(114) Concurrent Select Relocation Set 2.372ms
[2024-07-21T22:32:39.184+0800][7.172s][gc,phases   ] GC(114) Pause Relocate Start 0.007ms
[2024-07-21T22:32:39.185+0800][7.173s][gc,phases   ] GC(114) Concurrent Relocate 0.846ms
[2024-07-21T22:32:39.185+0800][7.173s][gc,load     ] GC(114) Load: 0.00/0.00/0.00
[2024-07-21T22:32:39.185+0800][7.173s][gc,mmu      ] GC(114) MMU: 2ms/96.5%, 5ms/98.4%, 10ms/99.2%, 20ms/99.5%, 50ms/99.8%, 100ms/99.9%
[2024-07-21T22:32:39.185+0800][7.173s][gc,marking  ] GC(114) Mark: 1 stripe(s), 1 proactive flush(es), 1 terminate flush(es), 0 completion(s), 0 continuation(s) 
[2024-07-21T22:32:39.185+0800][7.173s][gc,marking  ] GC(114) Mark Stack Usage: 32M
[2024-07-21T22:32:39.185+0800][7.173s][gc,nmethod  ] GC(114) NMethods: 435 registered, 0 unregistered
[2024-07-21T22:32:39.185+0800][7.173s][gc,metaspace] GC(114) Metaspace: 1M used, 1M committed, 1032M reserved
[2024-07-21T22:32:39.185+0800][7.173s][gc,ref      ] GC(114) Soft: 43 encountered, 0 discovered, 0 enqueued
[2024-07-21T22:32:39.185+0800][7.173s][gc,ref      ] GC(114) Weak: 131 encountered, 107 discovered, 0 enqueued
[2024-07-21T22:32:39.185+0800][7.173s][gc,ref      ] GC(114) Final: 0 encountered, 0 discovered, 0 enqueued
[2024-07-21T22:32:39.185+0800][7.173s][gc,ref      ] GC(114) Phantom: 184 encountered, 98 discovered, 0 enqueued
[2024-07-21T22:32:39.185+0800][7.173s][gc,reloc    ] GC(114) Small Pages: 4 / 8M, Empty: 0M, Relocated: 1M, In-Place: 0
[2024-07-21T22:32:39.185+0800][7.173s][gc,reloc    ] GC(114) Medium Pages: 1 / 4M, Empty: 0M, Relocated: 0M, In-Place: 0
[2024-07-21T22:32:39.185+0800][7.173s][gc,reloc    ] GC(114) Large Pages: 20 / 40M, Empty: 40M, Relocated: 0M, In-Place: 0
[2024-07-21T22:32:39.185+0800][7.173s][gc,reloc    ] GC(114) Forwarding Usage: 0M
[2024-07-21T22:32:39.185+0800][7.173s][gc,heap     ] GC(114) Min Capacity: 8M(6%)
[2024-07-21T22:32:39.185+0800][7.173s][gc,heap     ] GC(114) Max Capacity: 128M(100%)
[2024-07-21T22:32:39.185+0800][7.173s][gc,heap     ] GC(114) Soft Max Capacity: 128M(100%)
[2024-07-21T22:32:39.185+0800][7.173s][gc,heap     ] GC(114)                Mark Start          Mark End        Relocate Start      Relocate End           High               Low         
[2024-07-21T22:32:39.185+0800][7.173s][gc,heap     ] GC(114)  Capacity:      128M (100%)        128M (100%)        128M (100%)        128M (100%)        128M (100%)        128M (100%)   
[2024-07-21T22:32:39.185+0800][7.173s][gc,heap     ] GC(114)      Free:       76M (59%)          76M (59%)         116M (91%)         118M (92%)         118M (92%)          76M (59%)    
[2024-07-21T22:32:39.185+0800][7.173s][gc,heap     ] GC(114)      Used:       52M (41%)          52M (41%)          12M (9%)           10M (8%)           52M (41%)          10M (8%)     
[2024-07-21T22:32:39.185+0800][7.173s][gc,heap     ] GC(114)      Live:         -                 4M (4%)            4M (4%)            4M (4%)             -                  -          
[2024-07-21T22:32:39.185+0800][7.173s][gc,heap     ] GC(114) Allocated:         -                 0M (0%)            0M (0%)            0M (0%)             -                  -          
[2024-07-21T22:32:39.185+0800][7.173s][gc,heap     ] GC(114)   Garbage:         -                47M (37%)           7M (6%)            5M (4%)             -                  -          
[2024-07-21T22:32:39.185+0800][7.173s][gc,heap     ] GC(114) Reclaimed:         -                  -                40M (31%)          42M (33%)            -                  -          
[2024-07-21T22:32:39.185+0800][7.173s][gc          ] GC(114) Garbage Collection (Allocation Rate) 52M(41%)->10M(8%)
[2024-07-21T22:32:39.270+0800][7.258s][gc,start    ] GC(115) Garbage Collection (Allocation Rate)
[2024-07-21T22:32:39.270+0800][7.258s][gc,task     ] GC(115) Using 1 workers
[2024-07-21T22:32:39.270+0800][7.258s][gc,phases   ] GC(115) Pause Mark Start 0.010ms
[2024-07-21T22:32:39.275+0800][7.263s][gc,phases   ] GC(115) Concurrent Mark 4.253ms
[2024-07-21T22:32:39.275+0800][7.263s][gc,phases   ] GC(115) Pause Mark End 0.021ms
[2024-07-21T22:32:39.275+0800][7.263s][gc,phases   ] GC(115) Concurrent Mark Free 0.001ms
[2024-07-21T22:32:39.276+0800][7.264s][gc,phases   ] GC(115) Concurrent Process Non-Strong References 1.148ms
[2024-07-21T22:32:39.276+0800][7.264s][gc,phases   ] GC(115) Concurrent Reset Relocation Set 0.001ms
[2024-07-21T22:32:39.278+0800][7.266s][gc          ] Allocation Stall (main) 6.557ms
[2024-07-21T22:32:39.278+0800][7.266s][gc,phases   ] GC(115) Concurrent Select Relocation Set 1.882ms
[2024-07-21T22:32:39.278+0800][7.266s][gc,phases   ] GC(115) Pause Relocate Start 0.005ms
[2024-07-21T22:32:39.278+0800][7.266s][gc,phases   ] GC(115) Concurrent Relocate 0.063ms
[2024-07-21T22:32:39.278+0800][7.267s][gc,load     ] GC(115) Load: 0.00/0.00/0.00
[2024-07-21T22:32:39.278+0800][7.267s][gc,mmu      ] GC(115) MMU: 2ms/96.5%, 5ms/98.4%, 10ms/99.2%, 20ms/99.5%, 50ms/99.8%, 100ms/99.9%
[2024-07-21T22:32:39.278+0800][7.267s][gc,marking  ] GC(115) Mark: 1 stripe(s), 2 proactive flush(es), 1 terminate flush(es), 0 completion(s), 0 continuation(s) 
[2024-07-21T22:32:39.279+0800][7.267s][gc,marking  ] GC(115) Mark Stack Usage: 32M
[2024-07-21T22:32:39.279+0800][7.267s][gc,nmethod  ] GC(115) NMethods: 435 registered, 0 unregistered
[2024-07-21T22:32:39.279+0800][7.267s][gc,metaspace] GC(115) Metaspace: 1M used, 1M committed, 1032M reserved
[2024-07-21T22:32:39.279+0800][7.267s][gc,ref      ] GC(115) Soft: 43 encountered, 0 discovered, 0 enqueued
[2024-07-21T22:32:39.279+0800][7.267s][gc,ref      ] GC(115) Weak: 131 encountered, 107 discovered, 0 enqueued
[2024-07-21T22:32:39.279+0800][7.267s][gc,ref      ] GC(115) Final: 0 encountered, 0 discovered, 0 enqueued
[2024-07-21T22:32:39.279+0800][7.267s][gc,ref      ] GC(115) Phantom: 184 encountered, 98 discovered, 0 enqueued
[2024-07-21T22:32:39.279+0800][7.267s][gc,reloc    ] GC(115) Small Pages: 4 / 8M, Empty: 2M, Relocated: 0M, In-Place: 0
[2024-07-21T22:32:39.279+0800][7.267s][gc,reloc    ] GC(115) Medium Pages: 1 / 4M, Empty: 0M, Relocated: 0M, In-Place: 0
[2024-07-21T22:32:39.279+0800][7.267s][gc,reloc    ] GC(115) Large Pages: 52 / 104M, Empty: 80M, Relocated: 0M, In-Place: 0
[2024-07-21T22:32:39.279+0800][7.267s][gc,reloc    ] GC(115) Forwarding Usage: 0M
[2024-07-21T22:32:39.279+0800][7.267s][gc,heap     ] GC(115) Min Capacity: 8M(6%)
[2024-07-21T22:32:39.279+0800][7.267s][gc,heap     ] GC(115) Max Capacity: 128M(100%)
[2024-07-21T22:32:39.279+0800][7.267s][gc,heap     ] GC(115) Soft Max Capacity: 128M(100%)
[2024-07-21T22:32:39.279+0800][7.267s][gc,heap     ] GC(115)                Mark Start          Mark End        Relocate Start      Relocate End           High               Low         
[2024-07-21T22:32:39.279+0800][7.267s][gc,heap     ] GC(115)  Capacity:      128M (100%)        128M (100%)        128M (100%)        128M (100%)        128M (100%)        128M (100%)   
[2024-07-21T22:32:39.279+0800][7.267s][gc,heap     ] GC(115)      Free:       12M (9%)            0M (0%)           80M (62%)          78M (61%)          82M (64%)           0M (0%)     
[2024-07-21T22:32:39.279+0800][7.267s][gc,heap     ] GC(115)      Used:      116M (91%)         128M (100%)         48M (38%)          50M (39%)         128M (100%)         46M (36%)    
[2024-07-21T22:32:39.279+0800][7.267s][gc,heap     ] GC(115)      Live:         -                28M (22%)          28M (22%)          28M (22%)            -                  -          
[2024-07-21T22:32:39.279+0800][7.267s][gc,heap     ] GC(115) Allocated:         -                12M (9%)           14M (11%)          16M (12%)            -                  -          
[2024-07-21T22:32:39.279+0800][7.267s][gc,heap     ] GC(115)   Garbage:         -                87M (68%)           5M (4%)            5M (4%)             -                  -          
[2024-07-21T22:32:39.279+0800][7.267s][gc,heap     ] GC(115) Reclaimed:         -                  -                82M (64%)          82M (64%)            -                  -          
[2024-07-21T22:32:39.279+0800][7.267s][gc          ] GC(115) Garbage Collection (Allocation Rate) 116M(91%)->50M(39%)
[2024-07-21T22:32:39.350+0800][7.338s][gc,start    ] GC(116) Garbage Collection (Allocation Stall)
[2024-07-21T22:32:39.350+0800][7.338s][gc,ref      ] GC(116) Clearing All SoftReferences
[2024-07-21T22:32:39.350+0800][7.338s][gc,task     ] GC(116) Using 1 workers
[2024-07-21T22:32:39.350+0800][7.338s][gc,phases   ] GC(116) Pause Mark Start 0.009ms
[2024-07-21T22:32:39.354+0800][7.342s][gc,phases   ] GC(116) Concurrent Mark 3.586ms
[2024-07-21T22:32:39.354+0800][7.342s][gc,phases   ] GC(116) Pause Mark End 0.011ms
[2024-07-21T22:32:39.354+0800][7.342s][gc,phases   ] GC(116) Concurrent Mark Free 0.001ms
[2024-07-21T22:32:39.356+0800][7.344s][gc,phases   ] GC(116) Concurrent Process Non-Strong References 1.389ms
[2024-07-21T22:32:39.356+0800][7.344s][gc,phases   ] GC(116) Concurrent Reset Relocation Set 0.001ms
[2024-07-21T22:32:39.358+0800][7.346s][gc          ] Allocation Stall (main) 8.177ms
[2024-07-21T22:32:39.358+0800][7.346s][gc,phases   ] GC(116) Concurrent Select Relocation Set 2.378ms
[2024-07-21T22:32:39.358+0800][7.346s][gc,phases   ] GC(116) Pause Relocate Start 0.007ms
[2024-07-21T22:32:39.359+0800][7.347s][gc,phases   ] GC(116) Concurrent Relocate 0.111ms
[2024-07-21T22:32:39.359+0800][7.347s][gc,load     ] GC(116) Load: 0.00/0.00/0.00
[2024-07-21T22:32:39.359+0800][7.347s][gc,mmu      ] GC(116) MMU: 2ms/96.5%, 5ms/98.4%, 10ms/99.2%, 20ms/99.5%, 50ms/99.8%, 100ms/99.9%
[2024-07-21T22:32:39.359+0800][7.347s][gc,marking  ] GC(116) Mark: 1 stripe(s), 1 proactive flush(es), 1 terminate flush(es), 0 completion(s), 0 continuation(s) 
[2024-07-21T22:32:39.359+0800][7.347s][gc,marking  ] GC(116) Mark Stack Usage: 32M
[2024-07-21T22:32:39.359+0800][7.347s][gc,nmethod  ] GC(116) NMethods: 435 registered, 0 unregistered
[2024-07-21T22:32:39.359+0800][7.347s][gc,metaspace] GC(116) Metaspace: 1M used, 1M committed, 1032M reserved
[2024-07-21T22:32:39.359+0800][7.347s][gc,ref      ] GC(116) Soft: 43 encountered, 20 discovered, 0 enqueued
[2024-07-21T22:32:39.359+0800][7.347s][gc,ref      ] GC(116) Weak: 131 encountered, 107 discovered, 0 enqueued
[2024-07-21T22:32:39.359+0800][7.347s][gc,ref      ] GC(116) Final: 0 encountered, 0 discovered, 0 enqueued
[2024-07-21T22:32:39.359+0800][7.347s][gc,ref      ] GC(116) Phantom: 184 encountered, 98 discovered, 0 enqueued
[2024-07-21T22:32:39.359+0800][7.347s][gc,reloc    ] GC(116) Small Pages: 4 / 8M, Empty: 2M, Relocated: 0M, In-Place: 0
[2024-07-21T22:32:39.359+0800][7.347s][gc,reloc    ] GC(116) Medium Pages: 1 / 4M, Empty: 0M, Relocated: 0M, In-Place: 0
[2024-07-21T22:32:39.359+0800][7.347s][gc,reloc    ] GC(116) Large Pages: 58 / 116M, Empty: 80M, Relocated: 0M, In-Place: 0
[2024-07-21T22:32:39.359+0800][7.347s][gc,reloc    ] GC(116) Forwarding Usage: 0M
[2024-07-21T22:32:39.359+0800][7.347s][gc,heap     ] GC(116) Min Capacity: 8M(6%)
[2024-07-21T22:32:39.359+0800][7.347s][gc,heap     ] GC(116) Max Capacity: 128M(100%)
[2024-07-21T22:32:39.359+0800][7.347s][gc,heap     ] GC(116) Soft Max Capacity: 128M(100%)
[2024-07-21T22:32:39.359+0800][7.347s][gc,heap     ] GC(116)                Mark Start          Mark End        Relocate Start      Relocate End           High               Low         
[2024-07-21T22:32:39.359+0800][7.347s][gc,heap     ] GC(116)  Capacity:      128M (100%)        128M (100%)        128M (100%)        128M (100%)        128M (100%)        128M (100%)   
[2024-07-21T22:32:39.359+0800][7.347s][gc,heap     ] GC(116)      Free:        0M (0%)            0M (0%)           80M (62%)          80M (62%)          82M (64%)           0M (0%)     
[2024-07-21T22:32:39.359+0800][7.347s][gc,heap     ] GC(116)      Used:      128M (100%)        128M (100%)         48M (38%)          48M (38%)         128M (100%)         46M (36%)    
[2024-07-21T22:32:39.359+0800][7.347s][gc,heap     ] GC(116)      Live:         -                40M (32%)          40M (32%)          40M (32%)            -                  -          
[2024-07-21T22:32:39.359+0800][7.347s][gc,heap     ] GC(116) Allocated:         -                 0M (0%)            2M (2%)            2M (2%)             -                  -          
[2024-07-21T22:32:39.359+0800][7.347s][gc,heap     ] GC(116)   Garbage:         -                87M (68%)           5M (4%)            5M (4%)             -                  -          
[2024-07-21T22:32:39.359+0800][7.347s][gc,heap     ] GC(116) Reclaimed:         -                  -                82M (64%)          82M (64%)            -                  -          
[2024-07-21T22:32:39.359+0800][7.347s][gc          ] GC(116) Garbage Collection (Allocation Stall) 128M(100%)->48M(38%)
[2024-07-21T22:32:39.381+0800][7.369s][gc,start    ] GC(117) Garbage Collection (Allocation Rate)
[2024-07-21T22:32:39.381+0800][7.369s][gc,task     ] GC(117) Using 1 workers
[2024-07-21T22:32:39.381+0800][7.369s][gc,phases   ] GC(117) Pause Mark Start 0.016ms
[2024-07-21T22:32:39.385+0800][7.373s][gc,phases   ] GC(117) Concurrent Mark 4.024ms
[2024-07-21T22:32:39.386+0800][7.374s][gc,phases   ] GC(117) Pause Mark End 0.030ms
[2024-07-21T22:32:39.386+0800][7.374s][gc,phases   ] GC(117) Concurrent Mark Free 0.001ms
[2024-07-21T22:32:39.387+0800][7.375s][gc,phases   ] GC(117) Concurrent Process Non-Strong References 1.210ms
[2024-07-21T22:32:39.387+0800][7.375s][gc,phases   ] GC(117) Concurrent Reset Relocation Set 0.001ms
[2024-07-21T22:32:39.390+0800][7.378s][gc,phases   ] GC(117) Concurrent Select Relocation Set 2.831ms
[2024-07-21T22:32:39.390+0800][7.378s][gc,phases   ] GC(117) Pause Relocate Start 0.015ms
[2024-07-21T22:32:39.390+0800][7.378s][gc,phases   ] GC(117) Concurrent Relocate 0.106ms
[2024-07-21T22:32:39.390+0800][7.378s][gc,load     ] GC(117) Load: 0.00/0.00/0.00
[2024-07-21T22:32:39.390+0800][7.378s][gc,mmu      ] GC(117) MMU: 2ms/96.5%, 5ms/98.4%, 10ms/99.2%, 20ms/99.5%, 50ms/99.8%, 100ms/99.9%
[2024-07-21T22:32:39.390+0800][7.378s][gc,marking  ] GC(117) Mark: 1 stripe(s), 2 proactive flush(es), 1 terminate flush(es), 0 completion(s), 0 continuation(s) 
[2024-07-21T22:32:39.390+0800][7.378s][gc,marking  ] GC(117) Mark Stack Usage: 32M
[2024-07-21T22:32:39.390+0800][7.378s][gc,nmethod  ] GC(117) NMethods: 435 registered, 0 unregistered
[2024-07-21T22:32:39.390+0800][7.378s][gc,metaspace] GC(117) Metaspace: 1M used, 1M committed, 1032M reserved
[2024-07-21T22:32:39.391+0800][7.378s][gc,ref      ] GC(117) Soft: 43 encountered, 0 discovered, 0 enqueued
[2024-07-21T22:32:39.391+0800][7.379s][gc,ref      ] GC(117) Weak: 131 encountered, 107 discovered, 0 enqueued
[2024-07-21T22:32:39.391+0800][7.379s][gc,ref      ] GC(117) Final: 0 encountered, 0 discovered, 0 enqueued
[2024-07-21T22:32:39.391+0800][7.379s][gc,ref      ] GC(117) Phantom: 184 encountered, 98 discovered, 0 enqueued
[2024-07-21T22:32:39.391+0800][7.379s][gc,reloc    ] GC(117) Small Pages: 4 / 8M, Empty: 2M, Relocated: 0M, In-Place: 0
[2024-07-21T22:32:39.391+0800][7.379s][gc,reloc    ] GC(117) Medium Pages: 1 / 4M, Empty: 0M, Relocated: 0M, In-Place: 0
[2024-07-21T22:32:39.391+0800][7.379s][gc,reloc    ] GC(117) Large Pages: 22 / 44M, Empty: 40M, Relocated: 0M, In-Place: 0
[2024-07-21T22:32:39.391+0800][7.379s][gc,reloc    ] GC(117) Forwarding Usage: 0M
[2024-07-21T22:32:39.391+0800][7.379s][gc,heap     ] GC(117) Min Capacity: 8M(6%)
[2024-07-21T22:32:39.391+0800][7.379s][gc,heap     ] GC(117) Max Capacity: 128M(100%)
[2024-07-21T22:32:39.391+0800][7.379s][gc,heap     ] GC(117) Soft Max Capacity: 128M(100%)
[2024-07-21T22:32:39.391+0800][7.379s][gc,heap     ] GC(117)                Mark Start          Mark End        Relocate Start      Relocate End           High               Low         
[2024-07-21T22:32:39.391+0800][7.379s][gc,heap     ] GC(117)  Capacity:      128M (100%)        128M (100%)        128M (100%)        128M (100%)        128M (100%)        128M (100%)   
[2024-07-21T22:32:39.391+0800][7.379s][gc,heap     ] GC(117)      Free:       72M (56%)          54M (42%)          96M (75%)          96M (75%)          96M (75%)          54M (42%)    
[2024-07-21T22:32:39.391+0800][7.379s][gc,heap     ] GC(117)      Used:       56M (44%)          74M (58%)          32M (25%)          32M (25%)          74M (58%)          32M (25%)    
[2024-07-21T22:32:39.391+0800][7.379s][gc,heap     ] GC(117)      Live:         -                 8M (7%)            8M (7%)            8M (7%)             -                  -          
[2024-07-21T22:32:39.391+0800][7.379s][gc,heap     ] GC(117) Allocated:         -                18M (14%)          18M (14%)          18M (14%)            -                  -          
[2024-07-21T22:32:39.391+0800][7.379s][gc,heap     ] GC(117)   Garbage:         -                47M (37%)           5M (4%)            5M (4%)             -                  -          
[2024-07-21T22:32:39.391+0800][7.379s][gc,heap     ] GC(117) Reclaimed:         -                  -                42M (33%)          42M (33%)            -                  -          
[2024-07-21T22:32:39.391+0800][7.379s][gc          ] GC(117) Garbage Collection (Allocation Rate) 56M(44%)->32M(25%)
[2024-07-21T22:32:39.462+0800][7.450s][gc,start    ] GC(118) Garbage Collection (Allocation Stall)
[2024-07-21T22:32:39.462+0800][7.450s][gc,ref      ] GC(118) Clearing All SoftReferences
[2024-07-21T22:32:39.462+0800][7.450s][gc,task     ] GC(118) Using 1 workers
[2024-07-21T22:32:39.462+0800][7.450s][gc,phases   ] GC(118) Pause Mark Start 0.008ms
[2024-07-21T22:32:39.466+0800][7.454s][gc,phases   ] GC(118) Concurrent Mark 3.375ms
[2024-07-21T22:32:39.466+0800][7.454s][gc,phases   ] GC(118) Pause Mark End 0.006ms
[2024-07-21T22:32:39.466+0800][7.454s][gc,phases   ] GC(118) Concurrent Mark Free 0.001ms
[2024-07-21T22:32:39.467+0800][7.455s][gc,phases   ] GC(118) Concurrent Process Non-Strong References 1.120ms
[2024-07-21T22:32:39.467+0800][7.455s][gc,phases   ] GC(118) Concurrent Reset Relocation Set 0.000ms
[2024-07-21T22:32:39.469+0800][7.457s][gc          ] Allocation Stall (main) 6.886ms
[2024-07-21T22:32:39.469+0800][7.457s][gc,phases   ] GC(118) Concurrent Select Relocation Set 1.718ms
[2024-07-21T22:32:39.469+0800][7.457s][gc,phases   ] GC(118) Pause Relocate Start 0.004ms
[2024-07-21T22:32:39.469+0800][7.457s][gc,phases   ] GC(118) Concurrent Relocate 0.070ms
[2024-07-21T22:32:39.469+0800][7.457s][gc,load     ] GC(118) Load: 0.00/0.00/0.00
[2024-07-21T22:32:39.469+0800][7.457s][gc,mmu      ] GC(118) MMU: 2ms/96.5%, 5ms/98.4%, 10ms/99.2%, 20ms/99.5%, 50ms/99.8%, 100ms/99.9%
[2024-07-21T22:32:39.469+0800][7.457s][gc,marking  ] GC(118) Mark: 1 stripe(s), 1 proactive flush(es), 1 terminate flush(es), 0 completion(s), 0 continuation(s) 
[2024-07-21T22:32:39.469+0800][7.457s][gc,marking  ] GC(118) Mark Stack Usage: 32M
[2024-07-21T22:32:39.469+0800][7.457s][gc,nmethod  ] GC(118) NMethods: 438 registered, 0 unregistered
[2024-07-21T22:32:39.469+0800][7.457s][gc,metaspace] GC(118) Metaspace: 1M used, 1M committed, 1032M reserved
[2024-07-21T22:32:39.469+0800][7.457s][gc,ref      ] GC(118) Soft: 43 encountered, 20 discovered, 0 enqueued
[2024-07-21T22:32:39.469+0800][7.457s][gc,ref      ] GC(118) Weak: 131 encountered, 107 discovered, 0 enqueued
[2024-07-21T22:32:39.469+0800][7.457s][gc,ref      ] GC(118) Final: 0 encountered, 0 discovered, 0 enqueued
[2024-07-21T22:32:39.469+0800][7.457s][gc,ref      ] GC(118) Phantom: 184 encountered, 98 discovered, 0 enqueued
[2024-07-21T22:32:39.470+0800][7.457s][gc,reloc    ] GC(118) Small Pages: 4 / 8M, Empty: 2M, Relocated: 0M, In-Place: 0
[2024-07-21T22:32:39.470+0800][7.458s][gc,reloc    ] GC(118) Medium Pages: 1 / 4M, Empty: 0M, Relocated: 0M, In-Place: 0
[2024-07-21T22:32:39.470+0800][7.458s][gc,reloc    ] GC(118) Large Pages: 58 / 116M, Empty: 80M, Relocated: 0M, In-Place: 0
[2024-07-21T22:32:39.470+0800][7.458s][gc,reloc    ] GC(118) Forwarding Usage: 0M
[2024-07-21T22:32:39.470+0800][7.458s][gc,heap     ] GC(118) Min Capacity: 8M(6%)
[2024-07-21T22:32:39.470+0800][7.458s][gc,heap     ] GC(118) Max Capacity: 128M(100%)
[2024-07-21T22:32:39.470+0800][7.458s][gc,heap     ] GC(118) Soft Max Capacity: 128M(100%)
[2024-07-21T22:32:39.470+0800][7.458s][gc,heap     ] GC(118)                Mark Start          Mark End        Relocate Start      Relocate End           High               Low         
[2024-07-21T22:32:39.470+0800][7.458s][gc,heap     ] GC(118)  Capacity:      128M (100%)        128M (100%)        128M (100%)        128M (100%)        128M (100%)        128M (100%)   
[2024-07-21T22:32:39.470+0800][7.458s][gc,heap     ] GC(118)      Free:        0M (0%)            0M (0%)           80M (62%)          76M (59%)          82M (64%)           0M (0%)     
[2024-07-21T22:32:39.470+0800][7.458s][gc,heap     ] GC(118)      Used:      128M (100%)        128M (100%)         48M (38%)          52M (41%)         128M (100%)         46M (36%)    
[2024-07-21T22:32:39.470+0800][7.458s][gc,heap     ] GC(118)      Live:         -                40M (32%)          40M (32%)          40M (32%)            -                  -          
[2024-07-21T22:32:39.470+0800][7.458s][gc,heap     ] GC(118) Allocated:         -                 0M (0%)            2M (2%)            6M (5%)             -                  -          
[2024-07-21T22:32:39.470+0800][7.458s][gc,heap     ] GC(118)   Garbage:         -                87M (68%)           5M (4%)            5M (4%)             -                  -          
[2024-07-21T22:32:39.470+0800][7.458s][gc,heap     ] GC(118) Reclaimed:         -                  -                82M (64%)          82M (64%)            -                  -          
[2024-07-21T22:32:39.470+0800][7.458s][gc          ] GC(118) Garbage Collection (Allocation Stall) 128M(100%)->52M(41%)
[2024-07-21T22:32:39.476+0800][7.464s][gc,start    ] GC(119) Garbage Collection (Allocation Rate)
[2024-07-21T22:32:39.476+0800][7.464s][gc,task     ] GC(119) Using 1 workers
[2024-07-21T22:32:39.476+0800][7.464s][gc,phases   ] GC(119) Pause Mark Start 0.005ms
[2024-07-21T22:32:39.479+0800][7.467s][gc,phases   ] GC(119) Concurrent Mark 3.233ms
[2024-07-21T22:32:39.480+0800][7.468s][gc,phases   ] GC(119) Pause Mark End 0.006ms
[2024-07-21T22:32:39.480+0800][7.468s][gc,phases   ] GC(119) Concurrent Mark Free 0.001ms
[2024-07-21T22:32:39.481+0800][7.469s][gc,phases   ] GC(119) Concurrent Process Non-Strong References 1.101ms
[2024-07-21T22:32:39.481+0800][7.469s][gc,phases   ] GC(119) Concurrent Reset Relocation Set 0.000ms
[2024-07-21T22:32:39.483+0800][7.471s][gc,phases   ] GC(119) Concurrent Select Relocation Set 1.769ms
[2024-07-21T22:32:39.483+0800][7.471s][gc,phases   ] GC(119) Pause Relocate Start 0.004ms
[2024-07-21T22:32:39.483+0800][7.471s][gc,phases   ] GC(119) Concurrent Relocate 0.566ms
[2024-07-21T22:32:39.483+0800][7.471s][gc,load     ] GC(119) Load: 0.00/0.00/0.00
[2024-07-21T22:32:39.483+0800][7.471s][gc,mmu      ] GC(119) MMU: 2ms/96.5%, 5ms/98.4%, 10ms/99.2%, 20ms/99.5%, 50ms/99.8%, 100ms/99.9%
[2024-07-21T22:32:39.483+0800][7.471s][gc,marking  ] GC(119) Mark: 1 stripe(s), 1 proactive flush(es), 1 terminate flush(es), 0 completion(s), 0 continuation(s) 
[2024-07-21T22:32:39.483+0800][7.471s][gc,marking  ] GC(119) Mark Stack Usage: 32M
[2024-07-21T22:32:39.483+0800][7.471s][gc,nmethod  ] GC(119) NMethods: 444 registered, 0 unregistered
[2024-07-21T22:32:39.483+0800][7.471s][gc,metaspace] GC(119) Metaspace: 1M used, 1M committed, 1032M reserved
[2024-07-21T22:32:39.484+0800][7.471s][gc,ref      ] GC(119) Soft: 43 encountered, 0 discovered, 0 enqueued
[2024-07-21T22:32:39.484+0800][7.471s][gc,ref      ] GC(119) Weak: 131 encountered, 107 discovered, 0 enqueued
[2024-07-21T22:32:39.484+0800][7.472s][gc,ref      ] GC(119) Final: 0 encountered, 0 discovered, 0 enqueued
[2024-07-21T22:32:39.484+0800][7.472s][gc,ref      ] GC(119) Phantom: 184 encountered, 98 discovered, 0 enqueued
[2024-07-21T22:32:39.484+0800][7.472s][gc,reloc    ] GC(119) Small Pages: 4 / 8M, Empty: 0M, Relocated: 1M, In-Place: 0
[2024-07-21T22:32:39.484+0800][7.472s][gc,reloc    ] GC(119) Medium Pages: 1 / 4M, Empty: 0M, Relocated: 0M, In-Place: 0
[2024-07-21T22:32:39.484+0800][7.472s][gc,reloc    ] GC(119) Large Pages: 20 / 40M, Empty: 40M, Relocated: 0M, In-Place: 0
[2024-07-21T22:32:39.484+0800][7.472s][gc,reloc    ] GC(119) Forwarding Usage: 0M
[2024-07-21T22:32:39.484+0800][7.472s][gc,heap     ] GC(119) Min Capacity: 8M(6%)
[2024-07-21T22:32:39.484+0800][7.472s][gc,heap     ] GC(119) Max Capacity: 128M(100%)
[2024-07-21T22:32:39.484+0800][7.472s][gc,heap     ] GC(119) Soft Max Capacity: 128M(100%)
[2024-07-21T22:32:39.484+0800][7.472s][gc,heap     ] GC(119)                Mark Start          Mark End        Relocate Start      Relocate End           High               Low         
[2024-07-21T22:32:39.484+0800][7.472s][gc,heap     ] GC(119)  Capacity:      128M (100%)        128M (100%)        128M (100%)        128M (100%)        128M (100%)        128M (100%)   
[2024-07-21T22:32:39.484+0800][7.472s][gc,heap     ] GC(119)      Free:       76M (59%)          76M (59%)         116M (91%)         118M (92%)         118M (92%)          76M (59%)    
[2024-07-21T22:32:39.484+0800][7.472s][gc,heap     ] GC(119)      Used:       52M (41%)          52M (41%)          12M (9%)           10M (8%)           52M (41%)          10M (8%)     
[2024-07-21T22:32:39.484+0800][7.472s][gc,heap     ] GC(119)      Live:         -                 4M (4%)            4M (4%)            4M (4%)             -                  -          
[2024-07-21T22:32:39.484+0800][7.472s][gc,heap     ] GC(119) Allocated:         -                 0M (0%)            0M (0%)            0M (0%)             -                  -          
[2024-07-21T22:32:39.484+0800][7.472s][gc,heap     ] GC(119)   Garbage:         -                47M (37%)           7M (6%)            5M (4%)             -                  -          
[2024-07-21T22:32:39.484+0800][7.472s][gc,heap     ] GC(119) Reclaimed:         -                  -                40M (31%)          42M (33%)            -                  -          
[2024-07-21T22:32:39.484+0800][7.472s][gc          ] GC(119) Garbage Collection (Allocation Rate) 52M(41%)->10M(8%)
[2024-07-21T22:32:39.570+0800][7.558s][gc,start    ] GC(120) Garbage Collection (Allocation Rate)
[2024-07-21T22:32:39.570+0800][7.559s][gc,task     ] GC(120) Using 1 workers
[2024-07-21T22:32:39.570+0800][7.559s][gc,phases   ] GC(120) Pause Mark Start 0.036ms
[2024-07-21T22:32:39.576+0800][7.565s][gc,phases   ] GC(120) Concurrent Mark 5.331ms
[2024-07-21T22:32:39.576+0800][7.565s][gc,phases   ] GC(120) Pause Mark End 0.009ms
[2024-07-21T22:32:39.576+0800][7.565s][gc,phases   ] GC(120) Concurrent Mark Free 0.001ms
[2024-07-21T22:32:39.578+0800][7.566s][gc,phases   ] GC(120) Concurrent Process Non-Strong References 1.323ms
[2024-07-21T22:32:39.578+0800][7.566s][gc,phases   ] GC(120) Concurrent Reset Relocation Set 0.001ms
[2024-07-21T22:32:39.580+0800][7.568s][gc          ] Allocation Stall (main) 7.694ms
[2024-07-21T22:32:39.580+0800][7.568s][gc,phases   ] GC(120) Concurrent Select Relocation Set 2.061ms
[2024-07-21T22:32:39.580+0800][7.569s][gc,phases   ] GC(120) Pause Relocate Start 0.006ms
[2024-07-21T22:32:39.580+0800][7.569s][gc,phases   ] GC(120) Concurrent Relocate 0.078ms
[2024-07-21T22:32:39.580+0800][7.569s][gc,load     ] GC(120) Load: 0.00/0.00/0.00
[2024-07-21T22:32:39.580+0800][7.569s][gc,mmu      ] GC(120) MMU: 2ms/96.5%, 5ms/98.4%, 10ms/99.2%, 20ms/99.5%, 50ms/99.8%, 100ms/99.9%
[2024-07-21T22:32:39.581+0800][7.569s][gc,marking  ] GC(120) Mark: 1 stripe(s), 2 proactive flush(es), 1 terminate flush(es), 0 completion(s), 0 continuation(s) 
[2024-07-21T22:32:39.581+0800][7.569s][gc,marking  ] GC(120) Mark Stack Usage: 32M
[2024-07-21T22:32:39.581+0800][7.569s][gc,nmethod  ] GC(120) NMethods: 444 registered, 0 unregistered
[2024-07-21T22:32:39.581+0800][7.569s][gc,metaspace] GC(120) Metaspace: 1M used, 1M committed, 1032M reserved
[2024-07-21T22:32:39.581+0800][7.569s][gc,ref      ] GC(120) Soft: 43 encountered, 0 discovered, 0 enqueued
[2024-07-21T22:32:39.581+0800][7.569s][gc,ref      ] GC(120) Weak: 131 encountered, 107 discovered, 0 enqueued
[2024-07-21T22:32:39.581+0800][7.569s][gc,ref      ] GC(120) Final: 0 encountered, 0 discovered, 0 enqueued
[2024-07-21T22:32:39.581+0800][7.569s][gc,ref      ] GC(120) Phantom: 184 encountered, 98 discovered, 0 enqueued
[2024-07-21T22:32:39.581+0800][7.569s][gc,reloc    ] GC(120) Small Pages: 4 / 8M, Empty: 2M, Relocated: 0M, In-Place: 0
[2024-07-21T22:32:39.581+0800][7.569s][gc,reloc    ] GC(120) Medium Pages: 1 / 4M, Empty: 0M, Relocated: 0M, In-Place: 0
[2024-07-21T22:32:39.581+0800][7.569s][gc,reloc    ] GC(120) Large Pages: 51 / 102M, Empty: 80M, Relocated: 0M, In-Place: 0
[2024-07-21T22:32:39.581+0800][7.570s][gc,reloc    ] GC(120) Forwarding Usage: 0M
[2024-07-21T22:32:39.581+0800][7.570s][gc,heap     ] GC(120) Min Capacity: 8M(6%)
[2024-07-21T22:32:39.581+0800][7.570s][gc,heap     ] GC(120) Max Capacity: 128M(100%)
[2024-07-21T22:32:39.581+0800][7.570s][gc,heap     ] GC(120) Soft Max Capacity: 128M(100%)
[2024-07-21T22:32:39.581+0800][7.570s][gc,heap     ] GC(120)                Mark Start          Mark End        Relocate Start      Relocate End           High               Low         
[2024-07-21T22:32:39.581+0800][7.570s][gc,heap     ] GC(120)  Capacity:      128M (100%)        128M (100%)        128M (100%)        128M (100%)        128M (100%)        128M (100%)   
[2024-07-21T22:32:39.581+0800][7.570s][gc,heap     ] GC(120)      Free:       14M (11%)           0M (0%)           80M (62%)          78M (61%)          82M (64%)           0M (0%)     
[2024-07-21T22:32:39.581+0800][7.570s][gc,heap     ] GC(120)      Used:      114M (89%)         128M (100%)         48M (38%)          50M (39%)         128M (100%)         46M (36%)    
[2024-07-21T22:32:39.581+0800][7.570s][gc,heap     ] GC(120)      Live:         -                26M (21%)          26M (21%)          26M (21%)            -                  -          
[2024-07-21T22:32:39.581+0800][7.570s][gc,heap     ] GC(120) Allocated:         -                14M (11%)          16M (12%)          18M (14%)            -                  -          
[2024-07-21T22:32:39.581+0800][7.570s][gc,heap     ] GC(120)   Garbage:         -                87M (68%)           5M (4%)            5M (4%)             -                  -          
[2024-07-21T22:32:39.581+0800][7.570s][gc,heap     ] GC(120) Reclaimed:         -                  -                82M (64%)          82M (64%)            -                  -          
[2024-07-21T22:32:39.581+0800][7.570s][gc          ] GC(120) Garbage Collection (Allocation Rate) 114M(89%)->50M(39%)
[2024-07-21T22:32:39.651+0800][7.639s][gc,start    ] GC(121) Garbage Collection (Allocation Stall)
[2024-07-21T22:32:39.651+0800][7.639s][gc,ref      ] GC(121) Clearing All SoftReferences
[2024-07-21T22:32:39.651+0800][7.639s][gc,task     ] GC(121) Using 1 workers
[2024-07-21T22:32:39.651+0800][7.639s][gc,phases   ] GC(121) Pause Mark Start 0.009ms
[2024-07-21T22:32:39.656+0800][7.645s][gc,phases   ] GC(121) Concurrent Mark 5.512ms
[2024-07-21T22:32:39.657+0800][7.645s][gc,phases   ] GC(121) Pause Mark End 0.010ms
[2024-07-21T22:32:39.657+0800][7.645s][gc,phases   ] GC(121) Concurrent Mark Free 0.001ms
[2024-07-21T22:32:39.658+0800][7.647s][gc,phases   ] GC(121) Concurrent Process Non-Strong References 1.357ms
[2024-07-21T22:32:39.658+0800][7.647s][gc,phases   ] GC(121) Concurrent Reset Relocation Set 0.000ms
[2024-07-21T22:32:39.660+0800][7.649s][gc          ] Allocation Stall (main) 10.022ms
[2024-07-21T22:32:39.661+0800][7.649s][gc,phases   ] GC(121) Concurrent Select Relocation Set 2.307ms
[2024-07-21T22:32:39.661+0800][7.649s][gc,phases   ] GC(121) Pause Relocate Start 0.009ms
[2024-07-21T22:32:39.661+0800][7.650s][gc,phases   ] GC(121) Concurrent Relocate 0.089ms
[2024-07-21T22:32:39.661+0800][7.650s][gc,load     ] GC(121) Load: 0.00/0.00/0.00
[2024-07-21T22:32:39.661+0800][7.650s][gc,mmu      ] GC(121) MMU: 2ms/96.5%, 5ms/98.4%, 10ms/99.2%, 20ms/99.5%, 50ms/99.8%, 100ms/99.9%
[2024-07-21T22:32:39.661+0800][7.650s][gc,marking  ] GC(121) Mark: 1 stripe(s), 1 proactive flush(es), 1 terminate flush(es), 0 completion(s), 0 continuation(s) 
[2024-07-21T22:32:39.661+0800][7.650s][gc,marking  ] GC(121) Mark Stack Usage: 32M
[2024-07-21T22:32:39.661+0800][7.650s][gc,nmethod  ] GC(121) NMethods: 444 registered, 0 unregistered
[2024-07-21T22:32:39.661+0800][7.650s][gc,metaspace] GC(121) Metaspace: 1M used, 1M committed, 1032M reserved
[2024-07-21T22:32:39.661+0800][7.650s][gc,ref      ] GC(121) Soft: 43 encountered, 20 discovered, 0 enqueued
[2024-07-21T22:32:39.661+0800][7.650s][gc,ref      ] GC(121) Weak: 131 encountered, 107 discovered, 0 enqueued
[2024-07-21T22:32:39.661+0800][7.650s][gc,ref      ] GC(121) Final: 0 encountered, 0 discovered, 0 enqueued
[2024-07-21T22:32:39.661+0800][7.650s][gc,ref      ] GC(121) Phantom: 184 encountered, 98 discovered, 0 enqueued
[2024-07-21T22:32:39.661+0800][7.650s][gc,reloc    ] GC(121) Small Pages: 4 / 8M, Empty: 2M, Relocated: 0M, In-Place: 0
[2024-07-21T22:32:39.661+0800][7.650s][gc,reloc    ] GC(121) Medium Pages: 1 / 4M, Empty: 0M, Relocated: 0M, In-Place: 0
[2024-07-21T22:32:39.661+0800][7.650s][gc,reloc    ] GC(121) Large Pages: 58 / 116M, Empty: 80M, Relocated: 0M, In-Place: 0
[2024-07-21T22:32:39.661+0800][7.650s][gc,reloc    ] GC(121) Forwarding Usage: 0M
[2024-07-21T22:32:39.661+0800][7.650s][gc,heap     ] GC(121) Min Capacity: 8M(6%)
[2024-07-21T22:32:39.661+0800][7.650s][gc,heap     ] GC(121) Max Capacity: 128M(100%)
[2024-07-21T22:32:39.661+0800][7.650s][gc,heap     ] GC(121) Soft Max Capacity: 128M(100%)
[2024-07-21T22:32:39.661+0800][7.650s][gc,heap     ] GC(121)                Mark Start          Mark End        Relocate Start      Relocate End           High               Low         
[2024-07-21T22:32:39.661+0800][7.650s][gc,heap     ] GC(121)  Capacity:      128M (100%)        128M (100%)        128M (100%)        128M (100%)        128M (100%)        128M (100%)   
[2024-07-21T22:32:39.661+0800][7.650s][gc,heap     ] GC(121)      Free:        0M (0%)            0M (0%)           80M (62%)          80M (62%)          82M (64%)           0M (0%)     
[2024-07-21T22:32:39.661+0800][7.650s][gc,heap     ] GC(121)      Used:      128M (100%)        128M (100%)         48M (38%)          48M (38%)         128M (100%)         46M (36%)    
[2024-07-21T22:32:39.661+0800][7.650s][gc,heap     ] GC(121)      Live:         -                40M (32%)          40M (32%)          40M (32%)            -                  -          
[2024-07-21T22:32:39.661+0800][7.650s][gc,heap     ] GC(121) Allocated:         -                 0M (0%)            2M (2%)            2M (2%)             -                  -          
[2024-07-21T22:32:39.661+0800][7.650s][gc,heap     ] GC(121)   Garbage:         -                87M (68%)           5M (4%)            5M (4%)             -                  -          
[2024-07-21T22:32:39.661+0800][7.650s][gc,heap     ] GC(121) Reclaimed:         -                  -                82M (64%)          82M (64%)            -                  -          
[2024-07-21T22:32:39.661+0800][7.650s][gc          ] GC(121) Garbage Collection (Allocation Stall) 128M(100%)->48M(38%)
[2024-07-21T22:32:39.680+0800][7.669s][gc,start    ] GC(122) Garbage Collection (Allocation Rate)
[2024-07-21T22:32:39.680+0800][7.669s][gc,task     ] GC(122) Using 1 workers
[2024-07-21T22:32:39.680+0800][7.669s][gc,phases   ] GC(122) Pause Mark Start 0.019ms
[2024-07-21T22:32:39.684+0800][7.673s][gc,phases   ] GC(122) Concurrent Mark 3.614ms
[2024-07-21T22:32:39.684+0800][7.673s][gc,phases   ] GC(122) Pause Mark End 0.008ms
[2024-07-21T22:32:39.685+0800][7.673s][gc,phases   ] GC(122) Concurrent Mark Free 0.001ms
[2024-07-21T22:32:39.686+0800][7.674s][gc,phases   ] GC(122) Concurrent Process Non-Strong References 1.108ms
[2024-07-21T22:32:39.686+0800][7.674s][gc,phases   ] GC(122) Concurrent Reset Relocation Set 0.000ms
[2024-07-21T22:32:39.688+0800][7.676s][gc,phases   ] GC(122) Concurrent Select Relocation Set 1.806ms
[2024-07-21T22:32:39.688+0800][7.676s][gc,phases   ] GC(122) Pause Relocate Start 0.005ms
[2024-07-21T22:32:39.688+0800][7.676s][gc,phases   ] GC(122) Concurrent Relocate 0.104ms
[2024-07-21T22:32:39.688+0800][7.677s][gc,load     ] GC(122) Load: 0.00/0.00/0.00
[2024-07-21T22:32:39.688+0800][7.677s][gc,mmu      ] GC(122) MMU: 2ms/96.5%, 5ms/98.4%, 10ms/99.2%, 20ms/99.5%, 50ms/99.8%, 100ms/99.9%
[2024-07-21T22:32:39.688+0800][7.677s][gc,marking  ] GC(122) Mark: 1 stripe(s), 2 proactive flush(es), 1 terminate flush(es), 0 completion(s), 0 continuation(s) 
[2024-07-21T22:32:39.688+0800][7.677s][gc,marking  ] GC(122) Mark Stack Usage: 32M
[2024-07-21T22:32:39.688+0800][7.677s][gc,nmethod  ] GC(122) NMethods: 444 registered, 0 unregistered
[2024-07-21T22:32:39.688+0800][7.677s][gc,metaspace] GC(122) Metaspace: 1M used, 1M committed, 1032M reserved
[2024-07-21T22:32:39.688+0800][7.677s][gc,ref      ] GC(122) Soft: 43 encountered, 0 discovered, 0 enqueued
[2024-07-21T22:32:39.688+0800][7.677s][gc,ref      ] GC(122) Weak: 131 encountered, 107 discovered, 0 enqueued
[2024-07-21T22:32:39.688+0800][7.677s][gc,ref      ] GC(122) Final: 0 encountered, 0 discovered, 0 enqueued
[2024-07-21T22:32:39.688+0800][7.677s][gc,ref      ] GC(122) Phantom: 184 encountered, 98 discovered, 0 enqueued
[2024-07-21T22:32:39.688+0800][7.677s][gc,reloc    ] GC(122) Small Pages: 4 / 8M, Empty: 2M, Relocated: 0M, In-Place: 0
[2024-07-21T22:32:39.688+0800][7.677s][gc,reloc    ] GC(122) Medium Pages: 1 / 4M, Empty: 0M, Relocated: 0M, In-Place: 0
[2024-07-21T22:32:39.688+0800][7.677s][gc,reloc    ] GC(122) Large Pages: 23 / 46M, Empty: 40M, Relocated: 0M, In-Place: 0
[2024-07-21T22:32:39.688+0800][7.677s][gc,reloc    ] GC(122) Forwarding Usage: 0M
[2024-07-21T22:32:39.688+0800][7.677s][gc,heap     ] GC(122) Min Capacity: 8M(6%)
[2024-07-21T22:32:39.688+0800][7.677s][gc,heap     ] GC(122) Max Capacity: 128M(100%)
[2024-07-21T22:32:39.688+0800][7.677s][gc,heap     ] GC(122) Soft Max Capacity: 128M(100%)
[2024-07-21T22:32:39.688+0800][7.677s][gc,heap     ] GC(122)                Mark Start          Mark End        Relocate Start      Relocate End           High               Low         
[2024-07-21T22:32:39.688+0800][7.677s][gc,heap     ] GC(122)  Capacity:      128M (100%)        128M (100%)        128M (100%)        128M (100%)        128M (100%)        128M (100%)   
[2024-07-21T22:32:39.688+0800][7.677s][gc,heap     ] GC(122)      Free:       70M (55%)          54M (42%)          96M (75%)          96M (75%)          96M (75%)          54M (42%)    
[2024-07-21T22:32:39.688+0800][7.677s][gc,heap     ] GC(122)      Used:       58M (45%)          74M (58%)          32M (25%)          32M (25%)          74M (58%)          32M (25%)    
[2024-07-21T22:32:39.688+0800][7.677s][gc,heap     ] GC(122)      Live:         -                10M (8%)           10M (8%)           10M (8%)             -                  -          
[2024-07-21T22:32:39.688+0800][7.677s][gc,heap     ] GC(122) Allocated:         -                16M (12%)          16M (12%)          16M (12%)            -                  -          
[2024-07-21T22:32:39.688+0800][7.677s][gc,heap     ] GC(122)   Garbage:         -                47M (37%)           5M (4%)            5M (4%)             -                  -          
[2024-07-21T22:32:39.688+0800][7.677s][gc,heap     ] GC(122) Reclaimed:         -                  -                42M (33%)          42M (33%)            -                  -          
[2024-07-21T22:32:39.688+0800][7.677s][gc          ] GC(122) Garbage Collection (Allocation Rate) 58M(45%)->32M(25%)
[2024-07-21T22:32:39.760+0800][7.749s][gc,start    ] GC(123) Garbage Collection (Allocation Stall)
[2024-07-21T22:32:39.760+0800][7.749s][gc,ref      ] GC(123) Clearing All SoftReferences
[2024-07-21T22:32:39.760+0800][7.749s][gc,task     ] GC(123) Using 1 workers
[2024-07-21T22:32:39.760+0800][7.749s][gc,phases   ] GC(123) Pause Mark Start 0.005ms
[2024-07-21T22:32:39.764+0800][7.752s][gc,phases   ] GC(123) Concurrent Mark 2.982ms
[2024-07-21T22:32:39.764+0800][7.753s][gc,phases   ] GC(123) Pause Mark End 0.006ms
[2024-07-21T22:32:39.764+0800][7.753s][gc,phases   ] GC(123) Concurrent Mark Free 0.001ms
[2024-07-21T22:32:39.766+0800][7.754s][gc,phases   ] GC(123) Concurrent Process Non-Strong References 1.077ms
[2024-07-21T22:32:39.766+0800][7.754s][gc,phases   ] GC(123) Concurrent Reset Relocation Set 0.000ms
[2024-07-21T22:32:39.767+0800][7.755s][gc          ] Allocation Stall (main) 6.534ms
[2024-07-21T22:32:39.768+0800][7.756s][gc,phases   ] GC(123) Concurrent Select Relocation Set 1.797ms
[2024-07-21T22:32:39.768+0800][7.756s][gc,phases   ] GC(123) Pause Relocate Start 0.004ms
[2024-07-21T22:32:39.768+0800][7.756s][gc,phases   ] GC(123) Concurrent Relocate 0.120ms
[2024-07-21T22:32:39.768+0800][7.756s][gc,load     ] GC(123) Load: 0.00/0.00/0.00
[2024-07-21T22:32:39.768+0800][7.756s][gc,mmu      ] GC(123) MMU: 2ms/96.5%, 5ms/98.4%, 10ms/99.2%, 20ms/99.5%, 50ms/99.8%, 100ms/99.9%
[2024-07-21T22:32:39.768+0800][7.756s][gc,marking  ] GC(123) Mark: 1 stripe(s), 1 proactive flush(es), 1 terminate flush(es), 0 completion(s), 0 continuation(s) 
[2024-07-21T22:32:39.768+0800][7.756s][gc,marking  ] GC(123) Mark Stack Usage: 32M
[2024-07-21T22:32:39.768+0800][7.756s][gc,nmethod  ] GC(123) NMethods: 444 registered, 0 unregistered
[2024-07-21T22:32:39.768+0800][7.756s][gc,metaspace] GC(123) Metaspace: 1M used, 1M committed, 1032M reserved
[2024-07-21T22:32:39.768+0800][7.756s][gc,ref      ] GC(123) Soft: 43 encountered, 20 discovered, 0 enqueued
[2024-07-21T22:32:39.768+0800][7.756s][gc,ref      ] GC(123) Weak: 131 encountered, 107 discovered, 0 enqueued
[2024-07-21T22:32:39.768+0800][7.756s][gc,ref      ] GC(123) Final: 0 encountered, 0 discovered, 0 enqueued
[2024-07-21T22:32:39.768+0800][7.756s][gc,ref      ] GC(123) Phantom: 184 encountered, 98 discovered, 0 enqueued
[2024-07-21T22:32:39.768+0800][7.756s][gc,reloc    ] GC(123) Small Pages: 4 / 8M, Empty: 2M, Relocated: 0M, In-Place: 0
[2024-07-21T22:32:39.768+0800][7.756s][gc,reloc    ] GC(123) Medium Pages: 1 / 4M, Empty: 0M, Relocated: 0M, In-Place: 0
[2024-07-21T22:32:39.768+0800][7.756s][gc,reloc    ] GC(123) Large Pages: 58 / 116M, Empty: 80M, Relocated: 0M, In-Place: 0
[2024-07-21T22:32:39.768+0800][7.756s][gc,reloc    ] GC(123) Forwarding Usage: 0M
[2024-07-21T22:32:39.768+0800][7.756s][gc,heap     ] GC(123) Min Capacity: 8M(6%)
[2024-07-21T22:32:39.768+0800][7.756s][gc,heap     ] GC(123) Max Capacity: 128M(100%)
[2024-07-21T22:32:39.768+0800][7.756s][gc,heap     ] GC(123) Soft Max Capacity: 128M(100%)
[2024-07-21T22:32:39.768+0800][7.756s][gc,heap     ] GC(123)                Mark Start          Mark End        Relocate Start      Relocate End           High               Low         
[2024-07-21T22:32:39.768+0800][7.756s][gc,heap     ] GC(123)  Capacity:      128M (100%)        128M (100%)        128M (100%)        128M (100%)        128M (100%)        128M (100%)   
[2024-07-21T22:32:39.768+0800][7.756s][gc,heap     ] GC(123)      Free:        0M (0%)            0M (0%)           80M (62%)          76M (59%)          82M (64%)           0M (0%)     
[2024-07-21T22:32:39.768+0800][7.756s][gc,heap     ] GC(123)      Used:      128M (100%)        128M (100%)         48M (38%)          52M (41%)         128M (100%)         46M (36%)    
[2024-07-21T22:32:39.768+0800][7.756s][gc,heap     ] GC(123)      Live:         -                40M (32%)          40M (32%)          40M (32%)            -                  -          
[2024-07-21T22:32:39.768+0800][7.756s][gc,heap     ] GC(123) Allocated:         -                 0M (0%)            2M (2%)            6M (5%)             -                  -          
[2024-07-21T22:32:39.768+0800][7.756s][gc,heap     ] GC(123)   Garbage:         -                87M (68%)           5M (4%)            5M (4%)             -                  -          
[2024-07-21T22:32:39.768+0800][7.756s][gc,heap     ] GC(123) Reclaimed:         -                  -                82M (64%)          82M (64%)            -                  -          
[2024-07-21T22:32:39.768+0800][7.756s][gc          ] GC(123) Garbage Collection (Allocation Stall) 128M(100%)->52M(41%)
[2024-07-21T22:32:39.775+0800][7.763s][gc,start    ] GC(124) Garbage Collection (Allocation Rate)
[2024-07-21T22:32:39.775+0800][7.763s][gc,task     ] GC(124) Using 1 workers
[2024-07-21T22:32:39.775+0800][7.763s][gc,phases   ] GC(124) Pause Mark Start 0.007ms
[2024-07-21T22:32:39.777+0800][7.766s][gc,phases   ] GC(124) Concurrent Mark 3.107ms
[2024-07-21T22:32:39.778+0800][7.767s][gc,phases   ] GC(124) Pause Mark End 0.007ms
[2024-07-21T22:32:39.778+0800][7.767s][gc,phases   ] GC(124) Concurrent Mark Free 0.001ms
[2024-07-21T22:32:39.780+0800][7.768s][gc,phases   ] GC(124) Concurrent Process Non-Strong References 1.006ms
[2024-07-21T22:32:39.780+0800][7.768s][gc,phases   ] GC(124) Concurrent Reset Relocation Set 0.000ms
[2024-07-21T22:32:39.781+0800][7.769s][gc,phases   ] GC(124) Concurrent Select Relocation Set 1.541ms
[2024-07-21T22:32:39.781+0800][7.769s][gc,phases   ] GC(124) Pause Relocate Start 0.004ms
[2024-07-21T22:32:39.781+0800][7.770s][gc,phases   ] GC(124) Concurrent Relocate 0.506ms
[2024-07-21T22:32:39.781+0800][7.770s][gc,load     ] GC(124) Load: 0.00/0.00/0.00
[2024-07-21T22:32:39.781+0800][7.770s][gc,mmu      ] GC(124) MMU: 2ms/96.5%, 5ms/98.4%, 10ms/99.2%, 20ms/99.5%, 50ms/99.8%, 100ms/99.9%
[2024-07-21T22:32:39.781+0800][7.770s][gc,marking  ] GC(124) Mark: 1 stripe(s), 1 proactive flush(es), 1 terminate flush(es), 0 completion(s), 0 continuation(s) 
[2024-07-21T22:32:39.781+0800][7.770s][gc,marking  ] GC(124) Mark Stack Usage: 32M
[2024-07-21T22:32:39.781+0800][7.770s][gc,nmethod  ] GC(124) NMethods: 444 registered, 0 unregistered
[2024-07-21T22:32:39.781+0800][7.770s][gc,metaspace] GC(124) Metaspace: 1M used, 1M committed, 1032M reserved
[2024-07-21T22:32:39.781+0800][7.770s][gc,ref      ] GC(124) Soft: 43 encountered, 0 discovered, 0 enqueued
[2024-07-21T22:32:39.781+0800][7.770s][gc,ref      ] GC(124) Weak: 131 encountered, 107 discovered, 0 enqueued
[2024-07-21T22:32:39.781+0800][7.770s][gc,ref      ] GC(124) Final: 0 encountered, 0 discovered, 0 enqueued
[2024-07-21T22:32:39.781+0800][7.770s][gc,ref      ] GC(124) Phantom: 184 encountered, 98 discovered, 0 enqueued
[2024-07-21T22:32:39.781+0800][7.770s][gc,reloc    ] GC(124) Small Pages: 4 / 8M, Empty: 0M, Relocated: 1M, In-Place: 0
[2024-07-21T22:32:39.781+0800][7.770s][gc,reloc    ] GC(124) Medium Pages: 1 / 4M, Empty: 0M, Relocated: 0M, In-Place: 0
[2024-07-21T22:32:39.781+0800][7.770s][gc,reloc    ] GC(124) Large Pages: 20 / 40M, Empty: 40M, Relocated: 0M, In-Place: 0
[2024-07-21T22:32:39.781+0800][7.770s][gc,reloc    ] GC(124) Forwarding Usage: 0M
[2024-07-21T22:32:39.781+0800][7.770s][gc,heap     ] GC(124) Min Capacity: 8M(6%)
[2024-07-21T22:32:39.781+0800][7.770s][gc,heap     ] GC(124) Max Capacity: 128M(100%)
[2024-07-21T22:32:39.781+0800][7.770s][gc,heap     ] GC(124) Soft Max Capacity: 128M(100%)
[2024-07-21T22:32:39.781+0800][7.770s][gc,heap     ] GC(124)                Mark Start          Mark End        Relocate Start      Relocate End           High               Low         
[2024-07-21T22:32:39.781+0800][7.770s][gc,heap     ] GC(124)  Capacity:      128M (100%)        128M (100%)        128M (100%)        128M (100%)        128M (100%)        128M (100%)   
[2024-07-21T22:32:39.781+0800][7.770s][gc,heap     ] GC(124)      Free:       76M (59%)          76M (59%)         116M (91%)         118M (92%)         118M (92%)          76M (59%)    
[2024-07-21T22:32:39.781+0800][7.770s][gc,heap     ] GC(124)      Used:       52M (41%)          52M (41%)          12M (9%)           10M (8%)           52M (41%)          10M (8%)     
[2024-07-21T22:32:39.781+0800][7.770s][gc,heap     ] GC(124)      Live:         -                 4M (4%)            4M (4%)            4M (4%)             -                  -          
[2024-07-21T22:32:39.781+0800][7.770s][gc,heap     ] GC(124) Allocated:         -                 0M (0%)            0M (0%)            0M (0%)             -                  -          
[2024-07-21T22:32:39.781+0800][7.770s][gc,heap     ] GC(124)   Garbage:         -                47M (37%)           7M (6%)            5M (4%)             -                  -          
[2024-07-21T22:32:39.781+0800][7.770s][gc,heap     ] GC(124) Reclaimed:         -                  -                40M (31%)          42M (33%)            -                  -          
[2024-07-21T22:32:39.781+0800][7.770s][gc          ] GC(124) Garbage Collection (Allocation Rate) 52M(41%)->10M(8%)
[2024-07-21T22:32:39.870+0800][7.858s][gc,start    ] GC(125) Garbage Collection (Allocation Rate)
[2024-07-21T22:32:39.870+0800][7.858s][gc,task     ] GC(125) Using 1 workers
[2024-07-21T22:32:39.870+0800][7.858s][gc,phases   ] GC(125) Pause Mark Start 0.014ms
[2024-07-21T22:32:39.875+0800][7.864s][gc,phases   ] GC(125) Concurrent Mark 5.847ms
[2024-07-21T22:32:39.875+0800][7.864s][gc,phases   ] GC(125) Pause Mark End 0.009ms
[2024-07-21T22:32:39.875+0800][7.864s][gc,phases   ] GC(125) Concurrent Mark Free 0.001ms
[2024-07-21T22:32:39.878+0800][7.866s][gc,phases   ] GC(125) Concurrent Process Non-Strong References 1.292ms
[2024-07-21T22:32:39.878+0800][7.866s][gc,phases   ] GC(125) Concurrent Reset Relocation Set 0.001ms
[2024-07-21T22:32:39.880+0800][7.868s][gc          ] Allocation Stall (main) 8.114ms
[2024-07-21T22:32:39.880+0800][7.868s][gc,phases   ] GC(125) Concurrent Select Relocation Set 2.414ms
[2024-07-21T22:32:39.880+0800][7.868s][gc,phases   ] GC(125) Pause Relocate Start 0.007ms
[2024-07-21T22:32:39.880+0800][7.868s][gc,phases   ] GC(125) Concurrent Relocate 0.105ms
[2024-07-21T22:32:39.880+0800][7.869s][gc,load     ] GC(125) Load: 0.00/0.00/0.00
[2024-07-21T22:32:39.880+0800][7.869s][gc,mmu      ] GC(125) MMU: 2ms/96.5%, 5ms/98.4%, 10ms/99.2%, 20ms/99.5%, 50ms/99.8%, 100ms/99.9%
[2024-07-21T22:32:39.880+0800][7.869s][gc,marking  ] GC(125) Mark: 1 stripe(s), 2 proactive flush(es), 1 terminate flush(es), 0 completion(s), 0 continuation(s) 
[2024-07-21T22:32:39.880+0800][7.869s][gc,marking  ] GC(125) Mark Stack Usage: 32M
[2024-07-21T22:32:39.880+0800][7.869s][gc,nmethod  ] GC(125) NMethods: 444 registered, 0 unregistered
[2024-07-21T22:32:39.880+0800][7.869s][gc,metaspace] GC(125) Metaspace: 1M used, 1M committed, 1032M reserved
[2024-07-21T22:32:39.880+0800][7.869s][gc,ref      ] GC(125) Soft: 43 encountered, 0 discovered, 0 enqueued
[2024-07-21T22:32:39.880+0800][7.869s][gc,ref      ] GC(125) Weak: 131 encountered, 107 discovered, 0 enqueued
[2024-07-21T22:32:39.880+0800][7.869s][gc,ref      ] GC(125) Final: 0 encountered, 0 discovered, 0 enqueued
[2024-07-21T22:32:39.880+0800][7.869s][gc,ref      ] GC(125) Phantom: 184 encountered, 98 discovered, 0 enqueued
[2024-07-21T22:32:39.880+0800][7.869s][gc,reloc    ] GC(125) Small Pages: 4 / 8M, Empty: 2M, Relocated: 0M, In-Place: 0
[2024-07-21T22:32:39.880+0800][7.869s][gc,reloc    ] GC(125) Medium Pages: 1 / 4M, Empty: 0M, Relocated: 0M, In-Place: 0
[2024-07-21T22:32:39.880+0800][7.869s][gc,reloc    ] GC(125) Large Pages: 52 / 104M, Empty: 80M, Relocated: 0M, In-Place: 0
[2024-07-21T22:32:39.880+0800][7.869s][gc,reloc    ] GC(125) Forwarding Usage: 0M
[2024-07-21T22:32:39.880+0800][7.869s][gc,heap     ] GC(125) Min Capacity: 8M(6%)
[2024-07-21T22:32:39.880+0800][7.869s][gc,heap     ] GC(125) Max Capacity: 128M(100%)
[2024-07-21T22:32:39.880+0800][7.869s][gc,heap     ] GC(125) Soft Max Capacity: 128M(100%)
[2024-07-21T22:32:39.880+0800][7.869s][gc,heap     ] GC(125)                Mark Start          Mark End        Relocate Start      Relocate End           High               Low         
[2024-07-21T22:32:39.880+0800][7.869s][gc,heap     ] GC(125)  Capacity:      128M (100%)        128M (100%)        128M (100%)        128M (100%)        128M (100%)        128M (100%)   
[2024-07-21T22:32:39.880+0800][7.869s][gc,heap     ] GC(125)      Free:       12M (9%)            0M (0%)           80M (62%)          78M (61%)          82M (64%)           0M (0%)     
[2024-07-21T22:32:39.880+0800][7.869s][gc,heap     ] GC(125)      Used:      116M (91%)         128M (100%)         48M (38%)          50M (39%)         128M (100%)         46M (36%)    
[2024-07-21T22:32:39.880+0800][7.869s][gc,heap     ] GC(125)      Live:         -                28M (22%)          28M (22%)          28M (22%)            -                  -          
[2024-07-21T22:32:39.880+0800][7.869s][gc,heap     ] GC(125) Allocated:         -                12M (9%)           14M (11%)          16M (12%)            -                  -          
[2024-07-21T22:32:39.880+0800][7.869s][gc,heap     ] GC(125)   Garbage:         -                87M (68%)           5M (4%)            5M (4%)             -                  -          
[2024-07-21T22:32:39.880+0800][7.869s][gc,heap     ] GC(125) Reclaimed:         -                  -                82M (64%)          82M (64%)            -                  -          
[2024-07-21T22:32:39.880+0800][7.869s][gc          ] GC(125) Garbage Collection (Allocation Rate) 116M(91%)->50M(39%)
[2024-07-21T22:32:39.949+0800][7.937s][gc,start    ] GC(126) Garbage Collection (Allocation Stall)
[2024-07-21T22:32:39.949+0800][7.937s][gc,ref      ] GC(126) Clearing All SoftReferences
[2024-07-21T22:32:39.949+0800][7.937s][gc,task     ] GC(126) Using 1 workers
[2024-07-21T22:32:39.949+0800][7.937s][gc,phases   ] GC(126) Pause Mark Start 0.006ms
[2024-07-21T22:32:39.952+0800][7.940s][gc,phases   ] GC(126) Concurrent Mark 3.249ms
[2024-07-21T22:32:39.952+0800][7.941s][gc,phases   ] GC(126) Pause Mark End 0.005ms
[2024-07-21T22:32:39.952+0800][7.941s][gc,phases   ] GC(126) Concurrent Mark Free 0.001ms
[2024-07-21T22:32:39.954+0800][7.942s][gc,phases   ] GC(126) Concurrent Process Non-Strong References 1.132ms
[2024-07-21T22:32:39.954+0800][7.942s][gc,phases   ] GC(126) Concurrent Reset Relocation Set 0.000ms
[2024-07-21T22:32:39.956+0800][7.944s][gc          ] Allocation Stall (main) 6.896ms
[2024-07-21T22:32:39.956+0800][7.944s][gc,phases   ] GC(126) Concurrent Select Relocation Set 1.770ms
[2024-07-21T22:32:39.956+0800][7.944s][gc,phases   ] GC(126) Pause Relocate Start 0.004ms
[2024-07-21T22:32:39.956+0800][7.944s][gc,phases   ] GC(126) Concurrent Relocate 0.111ms
[2024-07-21T22:32:39.956+0800][7.944s][gc,load     ] GC(126) Load: 0.00/0.00/0.00
[2024-07-21T22:32:39.956+0800][7.944s][gc,mmu      ] GC(126) MMU: 2ms/96.5%, 5ms/98.4%, 10ms/99.2%, 20ms/99.5%, 50ms/99.8%, 100ms/99.9%
[2024-07-21T22:32:39.956+0800][7.944s][gc,marking  ] GC(126) Mark: 1 stripe(s), 1 proactive flush(es), 1 terminate flush(es), 0 completion(s), 0 continuation(s) 
[2024-07-21T22:32:39.956+0800][7.944s][gc,marking  ] GC(126) Mark Stack Usage: 32M
[2024-07-21T22:32:39.956+0800][7.944s][gc,nmethod  ] GC(126) NMethods: 444 registered, 0 unregistered
[2024-07-21T22:32:39.956+0800][7.944s][gc,metaspace] GC(126) Metaspace: 1M used, 1M committed, 1032M reserved
[2024-07-21T22:32:39.956+0800][7.944s][gc,ref      ] GC(126) Soft: 43 encountered, 20 discovered, 0 enqueued
[2024-07-21T22:32:39.956+0800][7.944s][gc,ref      ] GC(126) Weak: 131 encountered, 107 discovered, 0 enqueued
[2024-07-21T22:32:39.956+0800][7.944s][gc,ref      ] GC(126) Final: 0 encountered, 0 discovered, 0 enqueued
[2024-07-21T22:32:39.956+0800][7.944s][gc,ref      ] GC(126) Phantom: 184 encountered, 98 discovered, 0 enqueued
[2024-07-21T22:32:39.956+0800][7.944s][gc,reloc    ] GC(126) Small Pages: 4 / 8M, Empty: 2M, Relocated: 0M, In-Place: 0
[2024-07-21T22:32:39.956+0800][7.944s][gc,reloc    ] GC(126) Medium Pages: 1 / 4M, Empty: 0M, Relocated: 0M, In-Place: 0
[2024-07-21T22:32:39.956+0800][7.944s][gc,reloc    ] GC(126) Large Pages: 58 / 116M, Empty: 80M, Relocated: 0M, In-Place: 0
[2024-07-21T22:32:39.956+0800][7.944s][gc,reloc    ] GC(126) Forwarding Usage: 0M
[2024-07-21T22:32:39.956+0800][7.944s][gc,heap     ] GC(126) Min Capacity: 8M(6%)
[2024-07-21T22:32:39.956+0800][7.944s][gc,heap     ] GC(126) Max Capacity: 128M(100%)
[2024-07-21T22:32:39.956+0800][7.944s][gc,heap     ] GC(126) Soft Max Capacity: 128M(100%)
[2024-07-21T22:32:39.956+0800][7.944s][gc,heap     ] GC(126)                Mark Start          Mark End        Relocate Start      Relocate End           High               Low         
[2024-07-21T22:32:39.956+0800][7.944s][gc,heap     ] GC(126)  Capacity:      128M (100%)        128M (100%)        128M (100%)        128M (100%)        128M (100%)        128M (100%)   
[2024-07-21T22:32:39.956+0800][7.944s][gc,heap     ] GC(126)      Free:        0M (0%)            0M (0%)           80M (62%)          80M (62%)          82M (64%)           0M (0%)     
[2024-07-21T22:32:39.956+0800][7.944s][gc,heap     ] GC(126)      Used:      128M (100%)        128M (100%)         48M (38%)          48M (38%)         128M (100%)         46M (36%)    
[2024-07-21T22:32:39.956+0800][7.944s][gc,heap     ] GC(126)      Live:         -                40M (32%)          40M (32%)          40M (32%)            -                  -          
[2024-07-21T22:32:39.956+0800][7.944s][gc,heap     ] GC(126) Allocated:         -                 0M (0%)            2M (2%)            2M (2%)             -                  -          
[2024-07-21T22:32:39.956+0800][7.944s][gc,heap     ] GC(126)   Garbage:         -                87M (68%)           5M (4%)            5M (4%)             -                  -          
[2024-07-21T22:32:39.956+0800][7.944s][gc,heap     ] GC(126) Reclaimed:         -                  -                82M (64%)          82M (64%)            -                  -          
[2024-07-21T22:32:39.956+0800][7.944s][gc          ] GC(126) Garbage Collection (Allocation Stall) 128M(100%)->48M(38%)
[2024-07-21T22:32:39.980+0800][7.968s][gc,start    ] GC(127) Garbage Collection (Allocation Rate)
[2024-07-21T22:32:39.980+0800][7.968s][gc,task     ] GC(127) Using 1 workers
[2024-07-21T22:32:39.980+0800][7.968s][gc,phases   ] GC(127) Pause Mark Start 0.006ms
[2024-07-21T22:32:39.984+0800][7.972s][gc,phases   ] GC(127) Concurrent Mark 3.456ms
[2024-07-21T22:32:39.984+0800][7.972s][gc,phases   ] GC(127) Pause Mark End 0.008ms
[2024-07-21T22:32:39.984+0800][7.972s][gc,phases   ] GC(127) Concurrent Mark Free 0.001ms
[2024-07-21T22:32:39.985+0800][7.973s][gc,phases   ] GC(127) Concurrent Process Non-Strong References 1.009ms
[2024-07-21T22:32:39.985+0800][7.973s][gc,phases   ] GC(127) Concurrent Reset Relocation Set 0.000ms
[2024-07-21T22:32:39.987+0800][7.975s][gc,phases   ] GC(127) Concurrent Select Relocation Set 1.805ms
[2024-07-21T22:32:39.987+0800][7.975s][gc,phases   ] GC(127) Pause Relocate Start 0.005ms
[2024-07-21T22:32:39.987+0800][7.975s][gc,phases   ] GC(127) Concurrent Relocate 0.117ms
[2024-07-21T22:32:39.987+0800][7.975s][gc,load     ] GC(127) Load: 0.00/0.00/0.00
[2024-07-21T22:32:39.987+0800][7.975s][gc,mmu      ] GC(127) MMU: 2ms/96.5%, 5ms/98.4%, 10ms/99.2%, 20ms/99.5%, 50ms/99.8%, 100ms/99.9%
[2024-07-21T22:32:39.987+0800][7.975s][gc,marking  ] GC(127) Mark: 1 stripe(s), 2 proactive flush(es), 1 terminate flush(es), 0 completion(s), 0 continuation(s) 
[2024-07-21T22:32:39.987+0800][7.975s][gc,marking  ] GC(127) Mark Stack Usage: 32M
[2024-07-21T22:32:39.987+0800][7.975s][gc,nmethod  ] GC(127) NMethods: 444 registered, 0 unregistered
[2024-07-21T22:32:39.987+0800][7.975s][gc,metaspace] GC(127) Metaspace: 1M used, 1M committed, 1032M reserved
[2024-07-21T22:32:39.987+0800][7.975s][gc,ref      ] GC(127) Soft: 43 encountered, 0 discovered, 0 enqueued
[2024-07-21T22:32:39.987+0800][7.975s][gc,ref      ] GC(127) Weak: 131 encountered, 107 discovered, 0 enqueued
[2024-07-21T22:32:39.987+0800][7.976s][gc,ref      ] GC(127) Final: 0 encountered, 0 discovered, 0 enqueued
[2024-07-21T22:32:39.988+0800][7.976s][gc,ref      ] GC(127) Phantom: 184 encountered, 98 discovered, 0 enqueued
[2024-07-21T22:32:39.988+0800][7.976s][gc,reloc    ] GC(127) Small Pages: 4 / 8M, Empty: 2M, Relocated: 0M, In-Place: 0
[2024-07-21T22:32:39.988+0800][7.976s][gc,reloc    ] GC(127) Medium Pages: 1 / 4M, Empty: 0M, Relocated: 0M, In-Place: 0
[2024-07-21T22:32:39.988+0800][7.976s][gc,reloc    ] GC(127) Large Pages: 23 / 46M, Empty: 40M, Relocated: 0M, In-Place: 0
[2024-07-21T22:32:39.988+0800][7.976s][gc,reloc    ] GC(127) Forwarding Usage: 0M
[2024-07-21T22:32:39.988+0800][7.976s][gc,heap     ] GC(127) Min Capacity: 8M(6%)
[2024-07-21T22:32:39.988+0800][7.976s][gc,heap     ] GC(127) Max Capacity: 128M(100%)
[2024-07-21T22:32:39.988+0800][7.976s][gc,heap     ] GC(127) Soft Max Capacity: 128M(100%)
[2024-07-21T22:32:39.988+0800][7.976s][gc,heap     ] GC(127)                Mark Start          Mark End        Relocate Start      Relocate End           High               Low         
[2024-07-21T22:32:39.988+0800][7.976s][gc,heap     ] GC(127)  Capacity:      128M (100%)        128M (100%)        128M (100%)        128M (100%)        128M (100%)        128M (100%)   
[2024-07-21T22:32:39.988+0800][7.976s][gc,heap     ] GC(127)      Free:       70M (55%)          54M (42%)          96M (75%)          96M (75%)          96M (75%)          54M (42%)    
[2024-07-21T22:32:39.988+0800][7.976s][gc,heap     ] GC(127)      Used:       58M (45%)          74M (58%)          32M (25%)          32M (25%)          74M (58%)          32M (25%)    
[2024-07-21T22:32:39.988+0800][7.976s][gc,heap     ] GC(127)      Live:         -                10M (8%)           10M (8%)           10M (8%)             -                  -          
[2024-07-21T22:32:39.988+0800][7.976s][gc,heap     ] GC(127) Allocated:         -                16M (12%)          16M (12%)          16M (12%)            -                  -          
[2024-07-21T22:32:39.988+0800][7.976s][gc,heap     ] GC(127)   Garbage:         -                47M (37%)           5M (4%)            5M (4%)             -                  -          
[2024-07-21T22:32:39.988+0800][7.976s][gc,heap     ] GC(127) Reclaimed:         -                  -                42M (33%)          42M (33%)            -                  -          
[2024-07-21T22:32:39.988+0800][7.976s][gc          ] GC(127) Garbage Collection (Allocation Rate) 58M(45%)->32M(25%)
[2024-07-21T22:32:40.061+0800][8.049s][gc,start    ] GC(128) Garbage Collection (Allocation Stall)
[2024-07-21T22:32:40.061+0800][8.049s][gc,ref      ] GC(128) Clearing All SoftReferences
[2024-07-21T22:32:40.061+0800][8.049s][gc,task     ] GC(128) Using 1 workers
[2024-07-21T22:32:40.061+0800][8.049s][gc,phases   ] GC(128) Pause Mark Start 0.005ms
[2024-07-21T22:32:40.066+0800][8.054s][gc,phases   ] GC(128) Concurrent Mark 4.423ms
[2024-07-21T22:32:40.066+0800][8.054s][gc,phases   ] GC(128) Pause Mark End 0.011ms
[2024-07-21T22:32:40.066+0800][8.054s][gc,phases   ] GC(128) Concurrent Mark Free 0.001ms
[2024-07-21T22:32:40.067+0800][8.055s][gc,phases   ] GC(128) Concurrent Process Non-Strong References 1.315ms
[2024-07-21T22:32:40.068+0800][8.056s][gc,phases   ] GC(128) Concurrent Reset Relocation Set 0.000ms
[2024-07-21T22:32:40.070+0800][8.058s][gc          ] Allocation Stall (main) 8.630ms
[2024-07-21T22:32:40.070+0800][8.058s][gc,phases   ] GC(128) Concurrent Select Relocation Set 2.103ms
[2024-07-21T22:32:40.070+0800][8.058s][gc,phases   ] GC(128) Pause Relocate Start 0.014ms
[2024-07-21T22:32:40.070+0800][8.058s][gc,phases   ] GC(128) Concurrent Relocate 0.029ms
[2024-07-21T22:32:40.070+0800][8.058s][gc,load     ] GC(128) Load: 0.00/0.00/0.00
[2024-07-21T22:32:40.070+0800][8.058s][gc,mmu      ] GC(128) MMU: 2ms/96.5%, 5ms/98.4%, 10ms/99.2%, 20ms/99.5%, 50ms/99.8%, 100ms/99.9%
[2024-07-21T22:32:40.070+0800][8.058s][gc,marking  ] GC(128) Mark: 1 stripe(s), 1 proactive flush(es), 1 terminate flush(es), 0 completion(s), 0 continuation(s) 
[2024-07-21T22:32:40.070+0800][8.058s][gc,marking  ] GC(128) Mark Stack Usage: 32M
[2024-07-21T22:32:40.070+0800][8.058s][gc,nmethod  ] GC(128) NMethods: 444 registered, 0 unregistered
[2024-07-21T22:32:40.070+0800][8.058s][gc,metaspace] GC(128) Metaspace: 1M used, 1M committed, 1032M reserved
[2024-07-21T22:32:40.070+0800][8.058s][gc,ref      ] GC(128) Soft: 43 encountered, 20 discovered, 0 enqueued
[2024-07-21T22:32:40.070+0800][8.058s][gc,ref      ] GC(128) Weak: 131 encountered, 107 discovered, 0 enqueued
[2024-07-21T22:32:40.070+0800][8.058s][gc,ref      ] GC(128) Final: 0 encountered, 0 discovered, 0 enqueued
[2024-07-21T22:32:40.070+0800][8.058s][gc,ref      ] GC(128) Phantom: 184 encountered, 98 discovered, 0 enqueued
[2024-07-21T22:32:40.070+0800][8.058s][gc,reloc    ] GC(128) Small Pages: 4 / 8M, Empty: 2M, Relocated: 0M, In-Place: 0
[2024-07-21T22:32:40.070+0800][8.058s][gc,reloc    ] GC(128) Medium Pages: 1 / 4M, Empty: 0M, Relocated: 0M, In-Place: 0
[2024-07-21T22:32:40.070+0800][8.058s][gc,reloc    ] GC(128) Large Pages: 58 / 116M, Empty: 80M, Relocated: 0M, In-Place: 0
[2024-07-21T22:32:40.070+0800][8.058s][gc,reloc    ] GC(128) Forwarding Usage: 0M
[2024-07-21T22:32:40.070+0800][8.058s][gc,heap     ] GC(128) Min Capacity: 8M(6%)
[2024-07-21T22:32:40.070+0800][8.058s][gc,heap     ] GC(128) Max Capacity: 128M(100%)
[2024-07-21T22:32:40.070+0800][8.058s][gc,heap     ] GC(128) Soft Max Capacity: 128M(100%)
[2024-07-21T22:32:40.070+0800][8.058s][gc,heap     ] GC(128)                Mark Start          Mark End        Relocate Start      Relocate End           High               Low         
[2024-07-21T22:32:40.070+0800][8.058s][gc,heap     ] GC(128)  Capacity:      128M (100%)        128M (100%)        128M (100%)        128M (100%)        128M (100%)        128M (100%)   
[2024-07-21T22:32:40.070+0800][8.058s][gc,heap     ] GC(128)      Free:        0M (0%)            0M (0%)           80M (62%)          80M (62%)          82M (64%)           0M (0%)     
[2024-07-21T22:32:40.070+0800][8.058s][gc,heap     ] GC(128)      Used:      128M (100%)        128M (100%)         48M (38%)          48M (38%)         128M (100%)         46M (36%)    
[2024-07-21T22:32:40.070+0800][8.058s][gc,heap     ] GC(128)      Live:         -                40M (32%)          40M (32%)          40M (32%)            -                  -          
[2024-07-21T22:32:40.070+0800][8.058s][gc,heap     ] GC(128) Allocated:         -                 0M (0%)            2M (2%)            2M (2%)             -                  -          
[2024-07-21T22:32:40.070+0800][8.058s][gc,heap     ] GC(128)   Garbage:         -                87M (68%)           5M (4%)            5M (4%)             -                  -          
[2024-07-21T22:32:40.070+0800][8.058s][gc,heap     ] GC(128) Reclaimed:         -                  -                82M (64%)          82M (64%)            -                  -          
[2024-07-21T22:32:40.070+0800][8.059s][gc          ] GC(128) Garbage Collection (Allocation Stall) 128M(100%)->48M(38%)
[2024-07-21T22:32:40.076+0800][8.064s][gc,start    ] GC(129) Garbage Collection (Allocation Rate)
[2024-07-21T22:32:40.076+0800][8.064s][gc,task     ] GC(129) Using 1 workers
[2024-07-21T22:32:40.076+0800][8.064s][gc,phases   ] GC(129) Pause Mark Start 0.006ms
[2024-07-21T22:32:40.080+0800][8.068s][gc,phases   ] GC(129) Concurrent Mark 3.724ms
[2024-07-21T22:32:40.080+0800][8.068s][gc,phases   ] GC(129) Pause Mark End 0.053ms
[2024-07-21T22:32:40.081+0800][8.069s][gc,phases   ] GC(129) Concurrent Mark Free 0.005ms
[2024-07-21T22:32:40.082+0800][8.070s][gc,phases   ] GC(129) Concurrent Process Non-Strong References 1.339ms
[2024-07-21T22:32:40.082+0800][8.070s][gc,phases   ] GC(129) Concurrent Reset Relocation Set 0.000ms
[2024-07-21T22:32:40.084+0800][8.073s][gc,phases   ] GC(129) Concurrent Select Relocation Set 2.470ms
[2024-07-21T22:32:40.085+0800][8.073s][gc,phases   ] GC(129) Pause Relocate Start 0.010ms
[2024-07-21T22:32:40.086+0800][8.074s][gc,phases   ] GC(129) Concurrent Relocate 0.730ms
[2024-07-21T22:32:40.086+0800][8.074s][gc,load     ] GC(129) Load: 0.00/0.00/0.00
[2024-07-21T22:32:40.086+0800][8.074s][gc,mmu      ] GC(129) MMU: 2ms/96.5%, 5ms/98.4%, 10ms/99.2%, 20ms/99.5%, 50ms/99.8%, 100ms/99.9%
[2024-07-21T22:32:40.086+0800][8.074s][gc,marking  ] GC(129) Mark: 1 stripe(s), 1 proactive flush(es), 1 terminate flush(es), 0 completion(s), 0 continuation(s) 
[2024-07-21T22:32:40.086+0800][8.074s][gc,marking  ] GC(129) Mark Stack Usage: 32M
[2024-07-21T22:32:40.086+0800][8.074s][gc,nmethod  ] GC(129) NMethods: 444 registered, 0 unregistered
[2024-07-21T22:32:40.086+0800][8.074s][gc,metaspace] GC(129) Metaspace: 1M used, 1M committed, 1032M reserved
[2024-07-21T22:32:40.086+0800][8.074s][gc,ref      ] GC(129) Soft: 43 encountered, 0 discovered, 0 enqueued
[2024-07-21T22:32:40.086+0800][8.074s][gc,ref      ] GC(129) Weak: 131 encountered, 107 discovered, 0 enqueued
[2024-07-21T22:32:40.086+0800][8.074s][gc,ref      ] GC(129) Final: 0 encountered, 0 discovered, 0 enqueued
[2024-07-21T22:32:40.086+0800][8.074s][gc,ref      ] GC(129) Phantom: 184 encountered, 98 discovered, 0 enqueued
[2024-07-21T22:32:40.086+0800][8.074s][gc,reloc    ] GC(129) Small Pages: 4 / 8M, Empty: 0M, Relocated: 1M, In-Place: 0
[2024-07-21T22:32:40.086+0800][8.074s][gc,reloc    ] GC(129) Medium Pages: 1 / 4M, Empty: 0M, Relocated: 0M, In-Place: 0
[2024-07-21T22:32:40.086+0800][8.074s][gc,reloc    ] GC(129) Large Pages: 20 / 40M, Empty: 40M, Relocated: 0M, In-Place: 0
[2024-07-21T22:32:40.086+0800][8.074s][gc,reloc    ] GC(129) Forwarding Usage: 0M
[2024-07-21T22:32:40.086+0800][8.074s][gc,heap     ] GC(129) Min Capacity: 8M(6%)
[2024-07-21T22:32:40.086+0800][8.074s][gc,heap     ] GC(129) Max Capacity: 128M(100%)
[2024-07-21T22:32:40.086+0800][8.074s][gc,heap     ] GC(129) Soft Max Capacity: 128M(100%)
[2024-07-21T22:32:40.086+0800][8.074s][gc,heap     ] GC(129)                Mark Start          Mark End        Relocate Start      Relocate End           High               Low         
[2024-07-21T22:32:40.086+0800][8.074s][gc,heap     ] GC(129)  Capacity:      128M (100%)        128M (100%)        128M (100%)        128M (100%)        128M (100%)        128M (100%)   
[2024-07-21T22:32:40.086+0800][8.074s][gc,heap     ] GC(129)      Free:       76M (59%)          76M (59%)         116M (91%)         118M (92%)         118M (92%)          76M (59%)    
[2024-07-21T22:32:40.086+0800][8.074s][gc,heap     ] GC(129)      Used:       52M (41%)          52M (41%)          12M (9%)           10M (8%)           52M (41%)          10M (8%)     
[2024-07-21T22:32:40.086+0800][8.074s][gc,heap     ] GC(129)      Live:         -                 4M (4%)            4M (4%)            4M (4%)             -                  -          
[2024-07-21T22:32:40.086+0800][8.074s][gc,heap     ] GC(129) Allocated:         -                 0M (0%)            0M (0%)            0M (0%)             -                  -          
[2024-07-21T22:32:40.086+0800][8.074s][gc,heap     ] GC(129)   Garbage:         -                47M (37%)           7M (6%)            5M (4%)             -                  -          
[2024-07-21T22:32:40.086+0800][8.074s][gc,heap     ] GC(129) Reclaimed:         -                  -                40M (31%)          42M (33%)            -                  -          
[2024-07-21T22:32:40.086+0800][8.074s][gc          ] GC(129) Garbage Collection (Allocation Rate) 52M(41%)->10M(8%)
[2024-07-21T22:32:40.171+0800][8.159s][gc,start    ] GC(130) Garbage Collection (Allocation Rate)
[2024-07-21T22:32:40.171+0800][8.159s][gc,task     ] GC(130) Using 1 workers
[2024-07-21T22:32:40.171+0800][8.159s][gc,phases   ] GC(130) Pause Mark Start 0.006ms
[2024-07-21T22:32:40.175+0800][8.163s][gc,phases   ] GC(130) Concurrent Mark 3.724ms
[2024-07-21T22:32:40.175+0800][8.163s][gc,phases   ] GC(130) Pause Mark End 0.008ms
[2024-07-21T22:32:40.175+0800][8.163s][gc,phases   ] GC(130) Concurrent Mark Free 0.001ms
[2024-07-21T22:32:40.176+0800][8.164s][gc,phases   ] GC(130) Concurrent Process Non-Strong References 1.066ms
[2024-07-21T22:32:40.176+0800][8.164s][gc,phases   ] GC(130) Concurrent Reset Relocation Set 0.001ms
[2024-07-21T22:32:40.178+0800][8.166s][gc          ] Allocation Stall (main) 6.014ms
[2024-07-21T22:32:40.178+0800][8.166s][gc,phases   ] GC(130) Concurrent Select Relocation Set 1.795ms
[2024-07-21T22:32:40.178+0800][8.166s][gc,phases   ] GC(130) Pause Relocate Start 0.004ms
[2024-07-21T22:32:40.179+0800][8.167s][gc,phases   ] GC(130) Concurrent Relocate 0.121ms
[2024-07-21T22:32:40.179+0800][8.167s][gc,load     ] GC(130) Load: 0.00/0.00/0.00
[2024-07-21T22:32:40.179+0800][8.167s][gc,mmu      ] GC(130) MMU: 2ms/96.5%, 5ms/98.4%, 10ms/99.2%, 20ms/99.5%, 50ms/99.8%, 100ms/99.9%
[2024-07-21T22:32:40.179+0800][8.167s][gc,marking  ] GC(130) Mark: 1 stripe(s), 2 proactive flush(es), 1 terminate flush(es), 0 completion(s), 0 continuation(s) 
[2024-07-21T22:32:40.179+0800][8.167s][gc,marking  ] GC(130) Mark Stack Usage: 32M
[2024-07-21T22:32:40.179+0800][8.167s][gc,nmethod  ] GC(130) NMethods: 444 registered, 0 unregistered
[2024-07-21T22:32:40.179+0800][8.167s][gc,metaspace] GC(130) Metaspace: 1M used, 1M committed, 1032M reserved
[2024-07-21T22:32:40.179+0800][8.167s][gc,ref      ] GC(130) Soft: 43 encountered, 0 discovered, 0 enqueued
[2024-07-21T22:32:40.179+0800][8.167s][gc,ref      ] GC(130) Weak: 131 encountered, 107 discovered, 0 enqueued
[2024-07-21T22:32:40.179+0800][8.167s][gc,ref      ] GC(130) Final: 0 encountered, 0 discovered, 0 enqueued
[2024-07-21T22:32:40.179+0800][8.167s][gc,ref      ] GC(130) Phantom: 184 encountered, 98 discovered, 0 enqueued
[2024-07-21T22:32:40.179+0800][8.167s][gc,reloc    ] GC(130) Small Pages: 4 / 8M, Empty: 2M, Relocated: 0M, In-Place: 0
[2024-07-21T22:32:40.179+0800][8.167s][gc,reloc    ] GC(130) Medium Pages: 1 / 4M, Empty: 0M, Relocated: 0M, In-Place: 0
[2024-07-21T22:32:40.179+0800][8.167s][gc,reloc    ] GC(130) Large Pages: 53 / 106M, Empty: 80M, Relocated: 0M, In-Place: 0
[2024-07-21T22:32:40.179+0800][8.167s][gc,reloc    ] GC(130) Forwarding Usage: 0M
[2024-07-21T22:32:40.179+0800][8.167s][gc,heap     ] GC(130) Min Capacity: 8M(6%)
[2024-07-21T22:32:40.179+0800][8.167s][gc,heap     ] GC(130) Max Capacity: 128M(100%)
[2024-07-21T22:32:40.179+0800][8.167s][gc,heap     ] GC(130) Soft Max Capacity: 128M(100%)
[2024-07-21T22:32:40.179+0800][8.167s][gc,heap     ] GC(130)                Mark Start          Mark End        Relocate Start      Relocate End           High               Low         
[2024-07-21T22:32:40.179+0800][8.167s][gc,heap     ] GC(130)  Capacity:      128M (100%)        128M (100%)        128M (100%)        128M (100%)        128M (100%)        128M (100%)   
[2024-07-21T22:32:40.179+0800][8.167s][gc,heap     ] GC(130)      Free:       10M (8%)            0M (0%)           80M (62%)          76M (59%)          82M (64%)           0M (0%)     
[2024-07-21T22:32:40.179+0800][8.167s][gc,heap     ] GC(130)      Used:      118M (92%)         128M (100%)         48M (38%)          52M (41%)         128M (100%)         46M (36%)    
[2024-07-21T22:32:40.179+0800][8.167s][gc,heap     ] GC(130)      Live:         -                30M (24%)          30M (24%)          30M (24%)            -                  -          
[2024-07-21T22:32:40.179+0800][8.167s][gc,heap     ] GC(130) Allocated:         -                10M (8%)           12M (9%)           16M (12%)            -                  -          
[2024-07-21T22:32:40.179+0800][8.167s][gc,heap     ] GC(130)   Garbage:         -                87M (68%)           5M (4%)            5M (4%)             -                  -          
[2024-07-21T22:32:40.179+0800][8.167s][gc,heap     ] GC(130) Reclaimed:         -                  -                82M (64%)          82M (64%)            -                  -          
[2024-07-21T22:32:40.179+0800][8.167s][gc          ] GC(130) Garbage Collection (Allocation Rate) 118M(92%)->52M(41%)
[2024-07-21T22:32:40.248+0800][8.237s][gc,start    ] GC(131) Garbage Collection (Allocation Stall)
[2024-07-21T22:32:40.249+0800][8.237s][gc,ref      ] GC(131) Clearing All SoftReferences
[2024-07-21T22:32:40.249+0800][8.237s][gc,task     ] GC(131) Using 1 workers
[2024-07-21T22:32:40.249+0800][8.237s][gc,phases   ] GC(131) Pause Mark Start 0.020ms
[2024-07-21T22:32:40.253+0800][8.241s][gc,phases   ] GC(131) Concurrent Mark 4.214ms
[2024-07-21T22:32:40.253+0800][8.241s][gc,phases   ] GC(131) Pause Mark End 0.012ms
[2024-07-21T22:32:40.254+0800][8.242s][gc,phases   ] GC(131) Concurrent Mark Free 0.001ms
[2024-07-21T22:32:40.255+0800][8.243s][gc,phases   ] GC(131) Concurrent Process Non-Strong References 1.478ms
[2024-07-21T22:32:40.255+0800][8.243s][gc,phases   ] GC(131) Concurrent Reset Relocation Set 0.002ms
[2024-07-21T22:32:40.258+0800][8.246s][gc          ] Allocation Stall (main) 9.258ms
[2024-07-21T22:32:40.258+0800][8.246s][gc,phases   ] GC(131) Concurrent Select Relocation Set 2.413ms
[2024-07-21T22:32:40.258+0800][8.246s][gc,phases   ] GC(131) Pause Relocate Start 0.007ms
[2024-07-21T22:32:40.258+0800][8.246s][gc,phases   ] GC(131) Concurrent Relocate 0.107ms
[2024-07-21T22:32:40.258+0800][8.246s][gc,load     ] GC(131) Load: 0.00/0.00/0.00
[2024-07-21T22:32:40.258+0800][8.246s][gc,mmu      ] GC(131) MMU: 2ms/96.5%, 5ms/98.4%, 10ms/99.2%, 20ms/99.5%, 50ms/99.8%, 100ms/99.9%
[2024-07-21T22:32:40.258+0800][8.246s][gc,marking  ] GC(131) Mark: 1 stripe(s), 1 proactive flush(es), 1 terminate flush(es), 0 completion(s), 0 continuation(s) 
[2024-07-21T22:32:40.258+0800][8.246s][gc,marking  ] GC(131) Mark Stack Usage: 32M
[2024-07-21T22:32:40.258+0800][8.246s][gc,nmethod  ] GC(131) NMethods: 444 registered, 0 unregistered
[2024-07-21T22:32:40.258+0800][8.246s][gc,metaspace] GC(131) Metaspace: 1M used, 1M committed, 1032M reserved
[2024-07-21T22:32:40.258+0800][8.246s][gc,ref      ] GC(131) Soft: 43 encountered, 20 discovered, 0 enqueued
[2024-07-21T22:32:40.258+0800][8.246s][gc,ref      ] GC(131) Weak: 131 encountered, 107 discovered, 0 enqueued
[2024-07-21T22:32:40.258+0800][8.246s][gc,ref      ] GC(131) Final: 0 encountered, 0 discovered, 0 enqueued
[2024-07-21T22:32:40.258+0800][8.246s][gc,ref      ] GC(131) Phantom: 184 encountered, 98 discovered, 0 enqueued
[2024-07-21T22:32:40.258+0800][8.246s][gc,reloc    ] GC(131) Small Pages: 4 / 8M, Empty: 2M, Relocated: 0M, In-Place: 0
[2024-07-21T22:32:40.258+0800][8.246s][gc,reloc    ] GC(131) Medium Pages: 1 / 4M, Empty: 0M, Relocated: 0M, In-Place: 0
[2024-07-21T22:32:40.258+0800][8.246s][gc,reloc    ] GC(131) Large Pages: 58 / 116M, Empty: 80M, Relocated: 0M, In-Place: 0
[2024-07-21T22:32:40.258+0800][8.246s][gc,reloc    ] GC(131) Forwarding Usage: 0M
[2024-07-21T22:32:40.258+0800][8.246s][gc,heap     ] GC(131) Min Capacity: 8M(6%)
[2024-07-21T22:32:40.258+0800][8.246s][gc,heap     ] GC(131) Max Capacity: 128M(100%)
[2024-07-21T22:32:40.258+0800][8.246s][gc,heap     ] GC(131) Soft Max Capacity: 128M(100%)
[2024-07-21T22:32:40.258+0800][8.246s][gc,heap     ] GC(131)                Mark Start          Mark End        Relocate Start      Relocate End           High               Low         
[2024-07-21T22:32:40.258+0800][8.247s][gc,heap     ] GC(131)  Capacity:      128M (100%)        128M (100%)        128M (100%)        128M (100%)        128M (100%)        128M (100%)   
[2024-07-21T22:32:40.258+0800][8.247s][gc,heap     ] GC(131)      Free:        0M (0%)            0M (0%)           80M (62%)          80M (62%)          82M (64%)           0M (0%)     
[2024-07-21T22:32:40.258+0800][8.247s][gc,heap     ] GC(131)      Used:      128M (100%)        128M (100%)         48M (38%)          48M (38%)         128M (100%)         46M (36%)    
[2024-07-21T22:32:40.259+0800][8.247s][gc,heap     ] GC(131)      Live:         -                40M (32%)          40M (32%)          40M (32%)            -                  -          
[2024-07-21T22:32:40.259+0800][8.247s][gc,heap     ] GC(131) Allocated:         -                 0M (0%)            2M (2%)            2M (2%)             -                  -          
[2024-07-21T22:32:40.259+0800][8.247s][gc,heap     ] GC(131)   Garbage:         -                87M (68%)           5M (4%)            5M (4%)             -                  -          
[2024-07-21T22:32:40.259+0800][8.247s][gc,heap     ] GC(131) Reclaimed:         -                  -                82M (64%)          82M (64%)            -                  -          
[2024-07-21T22:32:40.259+0800][8.247s][gc          ] GC(131) Garbage Collection (Allocation Stall) 128M(100%)->48M(38%)
[2024-07-21T22:32:40.280+0800][8.268s][gc,start    ] GC(132) Garbage Collection (Allocation Rate)
[2024-07-21T22:32:40.280+0800][8.268s][gc,task     ] GC(132) Using 1 workers
[2024-07-21T22:32:40.280+0800][8.268s][gc,phases   ] GC(132) Pause Mark Start 0.006ms
[2024-07-21T22:32:40.284+0800][8.272s][gc,phases   ] GC(132) Concurrent Mark 3.716ms
[2024-07-21T22:32:40.284+0800][8.272s][gc,phases   ] GC(132) Pause Mark End 0.018ms
[2024-07-21T22:32:40.284+0800][8.272s][gc,phases   ] GC(132) Concurrent Mark Free 0.001ms
[2024-07-21T22:32:40.285+0800][8.274s][gc,phases   ] GC(132) Concurrent Process Non-Strong References 1.236ms
[2024-07-21T22:32:40.286+0800][8.274s][gc,phases   ] GC(132) Concurrent Reset Relocation Set 0.002ms
[2024-07-21T22:32:40.291+0800][8.279s][gc,phases   ] GC(132) Concurrent Select Relocation Set 4.961ms
[2024-07-21T22:32:40.291+0800][8.279s][gc,phases   ] GC(132) Pause Relocate Start 0.007ms
[2024-07-21T22:32:40.291+0800][8.279s][gc,phases   ] GC(132) Concurrent Relocate 0.103ms
[2024-07-21T22:32:40.291+0800][8.279s][gc,load     ] GC(132) Load: 0.00/0.00/0.00
[2024-07-21T22:32:40.291+0800][8.279s][gc,mmu      ] GC(132) MMU: 2ms/96.5%, 5ms/98.4%, 10ms/99.2%, 20ms/99.5%, 50ms/99.8%, 100ms/99.9%
[2024-07-21T22:32:40.291+0800][8.279s][gc,marking  ] GC(132) Mark: 1 stripe(s), 2 proactive flush(es), 1 terminate flush(es), 0 completion(s), 0 continuation(s) 
[2024-07-21T22:32:40.291+0800][8.279s][gc,marking  ] GC(132) Mark Stack Usage: 32M
[2024-07-21T22:32:40.291+0800][8.279s][gc,nmethod  ] GC(132) NMethods: 444 registered, 0 unregistered
[2024-07-21T22:32:40.291+0800][8.279s][gc,metaspace] GC(132) Metaspace: 1M used, 1M committed, 1032M reserved
[2024-07-21T22:32:40.291+0800][8.279s][gc,ref      ] GC(132) Soft: 43 encountered, 0 discovered, 0 enqueued
[2024-07-21T22:32:40.291+0800][8.279s][gc,ref      ] GC(132) Weak: 131 encountered, 107 discovered, 0 enqueued
[2024-07-21T22:32:40.291+0800][8.279s][gc,ref      ] GC(132) Final: 0 encountered, 0 discovered, 0 enqueued
[2024-07-21T22:32:40.291+0800][8.279s][gc,ref      ] GC(132) Phantom: 184 encountered, 98 discovered, 0 enqueued
[2024-07-21T22:32:40.291+0800][8.279s][gc,reloc    ] GC(132) Small Pages: 4 / 8M, Empty: 2M, Relocated: 0M, In-Place: 0
[2024-07-21T22:32:40.291+0800][8.279s][gc,reloc    ] GC(132) Medium Pages: 1 / 4M, Empty: 0M, Relocated: 0M, In-Place: 0
[2024-07-21T22:32:40.291+0800][8.279s][gc,reloc    ] GC(132) Large Pages: 24 / 48M, Empty: 40M, Relocated: 0M, In-Place: 0
[2024-07-21T22:32:40.291+0800][8.279s][gc,reloc    ] GC(132) Forwarding Usage: 0M
[2024-07-21T22:32:40.291+0800][8.279s][gc,heap     ] GC(132) Min Capacity: 8M(6%)
[2024-07-21T22:32:40.291+0800][8.279s][gc,heap     ] GC(132) Max Capacity: 128M(100%)
[2024-07-21T22:32:40.291+0800][8.279s][gc,heap     ] GC(132) Soft Max Capacity: 128M(100%)
[2024-07-21T22:32:40.291+0800][8.279s][gc,heap     ] GC(132)                Mark Start          Mark End        Relocate Start      Relocate End           High               Low         
[2024-07-21T22:32:40.291+0800][8.279s][gc,heap     ] GC(132)  Capacity:      128M (100%)        128M (100%)        128M (100%)        128M (100%)        128M (100%)        128M (100%)   
[2024-07-21T22:32:40.291+0800][8.279s][gc,heap     ] GC(132)      Free:       68M (53%)          54M (42%)          96M (75%)          96M (75%)          96M (75%)          54M (42%)    
[2024-07-21T22:32:40.291+0800][8.279s][gc,heap     ] GC(132)      Used:       60M (47%)          74M (58%)          32M (25%)          32M (25%)          74M (58%)          32M (25%)    
[2024-07-21T22:32:40.291+0800][8.279s][gc,heap     ] GC(132)      Live:         -                12M (10%)          12M (10%)          12M (10%)            -                  -          
[2024-07-21T22:32:40.291+0800][8.279s][gc,heap     ] GC(132) Allocated:         -                14M (11%)          14M (11%)          14M (11%)            -                  -          
[2024-07-21T22:32:40.291+0800][8.280s][gc,heap     ] GC(132)   Garbage:         -                47M (37%)           5M (4%)            5M (4%)             -                  -          
[2024-07-21T22:32:40.292+0800][8.280s][gc,heap     ] GC(132) Reclaimed:         -                  -                42M (33%)          42M (33%)            -                  -          
[2024-07-21T22:32:40.292+0800][8.280s][gc          ] GC(132) Garbage Collection (Allocation Rate) 60M(47%)->32M(25%)
[2024-07-21T22:32:40.359+0800][8.348s][gc,start    ] GC(133) Garbage Collection (Allocation Stall)
[2024-07-21T22:32:40.359+0800][8.348s][gc,ref      ] GC(133) Clearing All SoftReferences
[2024-07-21T22:32:40.359+0800][8.348s][gc,task     ] GC(133) Using 1 workers
[2024-07-21T22:32:40.360+0800][8.348s][gc,phases   ] GC(133) Pause Mark Start 0.006ms
[2024-07-21T22:32:40.363+0800][8.351s][gc,phases   ] GC(133) Concurrent Mark 3.344ms
[2024-07-21T22:32:40.363+0800][8.352s][gc,phases   ] GC(133) Pause Mark End 0.005ms
[2024-07-21T22:32:40.363+0800][8.352s][gc,phases   ] GC(133) Concurrent Mark Free 0.001ms
[2024-07-21T22:32:40.364+0800][8.353s][gc,phases   ] GC(133) Concurrent Process Non-Strong References 1.107ms
[2024-07-21T22:32:40.364+0800][8.353s][gc,phases   ] GC(133) Concurrent Reset Relocation Set 0.000ms
[2024-07-21T22:32:40.366+0800][8.355s][gc          ] Allocation Stall (main) 6.962ms
[2024-07-21T22:32:40.366+0800][8.355s][gc,phases   ] GC(133) Concurrent Select Relocation Set 1.775ms
[2024-07-21T22:32:40.366+0800][8.355s][gc,phases   ] GC(133) Pause Relocate Start 0.004ms
[2024-07-21T22:32:40.367+0800][8.355s][gc,phases   ] GC(133) Concurrent Relocate 0.073ms
[2024-07-21T22:32:40.367+0800][8.355s][gc,load     ] GC(133) Load: 0.00/0.00/0.00
[2024-07-21T22:32:40.367+0800][8.355s][gc,mmu      ] GC(133) MMU: 2ms/96.5%, 5ms/98.4%, 10ms/99.2%, 20ms/99.5%, 50ms/99.8%, 100ms/99.9%
[2024-07-21T22:32:40.367+0800][8.355s][gc,marking  ] GC(133) Mark: 1 stripe(s), 1 proactive flush(es), 1 terminate flush(es), 0 completion(s), 0 continuation(s) 
[2024-07-21T22:32:40.367+0800][8.355s][gc,marking  ] GC(133) Mark Stack Usage: 32M
[2024-07-21T22:32:40.367+0800][8.355s][gc,nmethod  ] GC(133) NMethods: 445 registered, 0 unregistered
[2024-07-21T22:32:40.367+0800][8.355s][gc,metaspace] GC(133) Metaspace: 1M used, 1M committed, 1032M reserved
[2024-07-21T22:32:40.367+0800][8.355s][gc,ref      ] GC(133) Soft: 43 encountered, 20 discovered, 0 enqueued
[2024-07-21T22:32:40.367+0800][8.355s][gc,ref      ] GC(133) Weak: 131 encountered, 107 discovered, 0 enqueued
[2024-07-21T22:32:40.367+0800][8.355s][gc,ref      ] GC(133) Final: 0 encountered, 0 discovered, 0 enqueued
[2024-07-21T22:32:40.367+0800][8.355s][gc,ref      ] GC(133) Phantom: 184 encountered, 98 discovered, 0 enqueued
[2024-07-21T22:32:40.367+0800][8.355s][gc,reloc    ] GC(133) Small Pages: 4 / 8M, Empty: 2M, Relocated: 0M, In-Place: 0
[2024-07-21T22:32:40.367+0800][8.355s][gc,reloc    ] GC(133) Medium Pages: 1 / 4M, Empty: 0M, Relocated: 0M, In-Place: 0
[2024-07-21T22:32:40.367+0800][8.355s][gc,reloc    ] GC(133) Large Pages: 58 / 116M, Empty: 80M, Relocated: 0M, In-Place: 0
[2024-07-21T22:32:40.367+0800][8.355s][gc,reloc    ] GC(133) Forwarding Usage: 0M
[2024-07-21T22:32:40.367+0800][8.355s][gc,heap     ] GC(133) Min Capacity: 8M(6%)
[2024-07-21T22:32:40.367+0800][8.355s][gc,heap     ] GC(133) Max Capacity: 128M(100%)
[2024-07-21T22:32:40.367+0800][8.355s][gc,heap     ] GC(133) Soft Max Capacity: 128M(100%)
[2024-07-21T22:32:40.367+0800][8.355s][gc,heap     ] GC(133)                Mark Start          Mark End        Relocate Start      Relocate End           High               Low         
[2024-07-21T22:32:40.367+0800][8.355s][gc,heap     ] GC(133)  Capacity:      128M (100%)        128M (100%)        128M (100%)        128M (100%)        128M (100%)        128M (100%)   
[2024-07-21T22:32:40.367+0800][8.355s][gc,heap     ] GC(133)      Free:        0M (0%)            0M (0%)           80M (62%)          76M (59%)          82M (64%)           0M (0%)     
[2024-07-21T22:32:40.367+0800][8.355s][gc,heap     ] GC(133)      Used:      128M (100%)        128M (100%)         48M (38%)          52M (41%)         128M (100%)         46M (36%)    
[2024-07-21T22:32:40.367+0800][8.355s][gc,heap     ] GC(133)      Live:         -                40M (32%)          40M (32%)          40M (32%)            -                  -          
[2024-07-21T22:32:40.367+0800][8.355s][gc,heap     ] GC(133) Allocated:         -                 0M (0%)            2M (2%)            6M (5%)             -                  -          
[2024-07-21T22:32:40.367+0800][8.355s][gc,heap     ] GC(133)   Garbage:         -                87M (68%)           5M (4%)            5M (4%)             -                  -          
[2024-07-21T22:32:40.367+0800][8.355s][gc,heap     ] GC(133) Reclaimed:         -                  -                82M (64%)          82M (64%)            -                  -          
[2024-07-21T22:32:40.367+0800][8.355s][gc          ] GC(133) Garbage Collection (Allocation Stall) 128M(100%)->52M(41%)
[2024-07-21T22:32:40.374+0800][8.362s][gc,start    ] GC(134) Garbage Collection (Allocation Rate)
[2024-07-21T22:32:40.374+0800][8.362s][gc,task     ] GC(134) Using 1 workers
[2024-07-21T22:32:40.374+0800][8.363s][gc,phases   ] GC(134) Pause Mark Start 0.012ms
[2024-07-21T22:32:40.377+0800][8.366s][gc,phases   ] GC(134) Concurrent Mark 3.142ms
[2024-07-21T22:32:40.378+0800][8.366s][gc,phases   ] GC(134) Pause Mark End 0.007ms
[2024-07-21T22:32:40.378+0800][8.366s][gc,phases   ] GC(134) Concurrent Mark Free 0.001ms
[2024-07-21T22:32:40.379+0800][8.367s][gc,phases   ] GC(134) Concurrent Process Non-Strong References 1.046ms
[2024-07-21T22:32:40.379+0800][8.367s][gc,phases   ] GC(134) Concurrent Reset Relocation Set 0.001ms
[2024-07-21T22:32:40.380+0800][8.369s][gc,phases   ] GC(134) Concurrent Select Relocation Set 1.554ms
[2024-07-21T22:32:40.381+0800][8.369s][gc,phases   ] GC(134) Pause Relocate Start 0.004ms
[2024-07-21T22:32:40.381+0800][8.370s][gc,phases   ] GC(134) Concurrent Relocate 0.540ms
[2024-07-21T22:32:40.381+0800][8.370s][gc,load     ] GC(134) Load: 0.00/0.00/0.00
[2024-07-21T22:32:40.381+0800][8.370s][gc,mmu      ] GC(134) MMU: 2ms/96.5%, 5ms/98.4%, 10ms/99.2%, 20ms/99.5%, 50ms/99.8%, 100ms/99.9%
[2024-07-21T22:32:40.381+0800][8.370s][gc,marking  ] GC(134) Mark: 1 stripe(s), 1 proactive flush(es), 1 terminate flush(es), 0 completion(s), 0 continuation(s) 
[2024-07-21T22:32:40.381+0800][8.370s][gc,marking  ] GC(134) Mark Stack Usage: 32M
[2024-07-21T22:32:40.381+0800][8.370s][gc,nmethod  ] GC(134) NMethods: 445 registered, 0 unregistered
[2024-07-21T22:32:40.381+0800][8.370s][gc,metaspace] GC(134) Metaspace: 1M used, 1M committed, 1032M reserved
[2024-07-21T22:32:40.381+0800][8.370s][gc,ref      ] GC(134) Soft: 43 encountered, 0 discovered, 0 enqueued
[2024-07-21T22:32:40.381+0800][8.370s][gc,ref      ] GC(134) Weak: 131 encountered, 107 discovered, 0 enqueued
[2024-07-21T22:32:40.381+0800][8.370s][gc,ref      ] GC(134) Final: 0 encountered, 0 discovered, 0 enqueued
[2024-07-21T22:32:40.381+0800][8.370s][gc,ref      ] GC(134) Phantom: 184 encountered, 98 discovered, 0 enqueued
[2024-07-21T22:32:40.381+0800][8.370s][gc,reloc    ] GC(134) Small Pages: 4 / 8M, Empty: 0M, Relocated: 1M, In-Place: 0
[2024-07-21T22:32:40.381+0800][8.370s][gc,reloc    ] GC(134) Medium Pages: 1 / 4M, Empty: 0M, Relocated: 0M, In-Place: 0
[2024-07-21T22:32:40.381+0800][8.370s][gc,reloc    ] GC(134) Large Pages: 20 / 40M, Empty: 40M, Relocated: 0M, In-Place: 0
[2024-07-21T22:32:40.381+0800][8.370s][gc,reloc    ] GC(134) Forwarding Usage: 0M
[2024-07-21T22:32:40.381+0800][8.370s][gc,heap     ] GC(134) Min Capacity: 8M(6%)
[2024-07-21T22:32:40.381+0800][8.370s][gc,heap     ] GC(134) Max Capacity: 128M(100%)
[2024-07-21T22:32:40.381+0800][8.370s][gc,heap     ] GC(134) Soft Max Capacity: 128M(100%)
[2024-07-21T22:32:40.381+0800][8.370s][gc,heap     ] GC(134)                Mark Start          Mark End        Relocate Start      Relocate End           High               Low         
[2024-07-21T22:32:40.381+0800][8.370s][gc,heap     ] GC(134)  Capacity:      128M (100%)        128M (100%)        128M (100%)        128M (100%)        128M (100%)        128M (100%)   
[2024-07-21T22:32:40.381+0800][8.370s][gc,heap     ] GC(134)      Free:       76M (59%)          76M (59%)         116M (91%)         118M (92%)         118M (92%)          76M (59%)    
[2024-07-21T22:32:40.381+0800][8.370s][gc,heap     ] GC(134)      Used:       52M (41%)          52M (41%)          12M (9%)           10M (8%)           52M (41%)          10M (8%)     
[2024-07-21T22:32:40.381+0800][8.370s][gc,heap     ] GC(134)      Live:         -                 4M (4%)            4M (4%)            4M (4%)             -                  -          
[2024-07-21T22:32:40.381+0800][8.370s][gc,heap     ] GC(134) Allocated:         -                 0M (0%)            0M (0%)            0M (0%)             -                  -          
[2024-07-21T22:32:40.381+0800][8.370s][gc,heap     ] GC(134)   Garbage:         -                47M (37%)           7M (6%)            5M (4%)             -                  -          
[2024-07-21T22:32:40.382+0800][8.370s][gc,heap     ] GC(134) Reclaimed:         -                  -                40M (31%)          42M (33%)            -                  -          
[2024-07-21T22:32:40.382+0800][8.370s][gc          ] GC(134) Garbage Collection (Allocation Rate) 52M(41%)->10M(8%)
[2024-07-21T22:32:40.469+0800][8.457s][gc,start    ] GC(135) Garbage Collection (Allocation Rate)
[2024-07-21T22:32:40.469+0800][8.457s][gc,task     ] GC(135) Using 1 workers
[2024-07-21T22:32:40.469+0800][8.457s][gc,phases   ] GC(135) Pause Mark Start 0.014ms
[2024-07-21T22:32:40.475+0800][8.464s][gc,phases   ] GC(135) Concurrent Mark 6.090ms
[2024-07-21T22:32:40.475+0800][8.464s][gc,phases   ] GC(135) Pause Mark End 0.015ms
[2024-07-21T22:32:40.476+0800][8.464s][gc,phases   ] GC(135) Concurrent Mark Free 0.001ms
[2024-07-21T22:32:40.477+0800][8.465s][gc,phases   ] GC(135) Concurrent Process Non-Strong References 1.093ms
[2024-07-21T22:32:40.477+0800][8.465s][gc,phases   ] GC(135) Concurrent Reset Relocation Set 0.001ms
[2024-07-21T22:32:40.479+0800][8.467s][gc          ] Allocation Stall (main) 6.687ms
[2024-07-21T22:32:40.479+0800][8.467s][gc,phases   ] GC(135) Concurrent Select Relocation Set 2.088ms
[2024-07-21T22:32:40.479+0800][8.467s][gc,phases   ] GC(135) Pause Relocate Start 0.007ms
[2024-07-21T22:32:40.479+0800][8.468s][gc,phases   ] GC(135) Concurrent Relocate 0.107ms
[2024-07-21T22:32:40.479+0800][8.468s][gc,load     ] GC(135) Load: 0.00/0.00/0.00
[2024-07-21T22:32:40.479+0800][8.468s][gc,mmu      ] GC(135) MMU: 2ms/96.5%, 5ms/98.4%, 10ms/99.2%, 20ms/99.5%, 50ms/99.8%, 100ms/99.9%
[2024-07-21T22:32:40.479+0800][8.468s][gc,marking  ] GC(135) Mark: 1 stripe(s), 2 proactive flush(es), 1 terminate flush(es), 0 completion(s), 0 continuation(s) 
[2024-07-21T22:32:40.479+0800][8.468s][gc,marking  ] GC(135) Mark Stack Usage: 32M
[2024-07-21T22:32:40.479+0800][8.468s][gc,nmethod  ] GC(135) NMethods: 445 registered, 0 unregistered
[2024-07-21T22:32:40.479+0800][8.468s][gc,metaspace] GC(135) Metaspace: 1M used, 1M committed, 1032M reserved
[2024-07-21T22:32:40.479+0800][8.468s][gc,ref      ] GC(135) Soft: 43 encountered, 0 discovered, 0 enqueued
[2024-07-21T22:32:40.479+0800][8.468s][gc,ref      ] GC(135) Weak: 131 encountered, 107 discovered, 0 enqueued
[2024-07-21T22:32:40.479+0800][8.468s][gc,ref      ] GC(135) Final: 0 encountered, 0 discovered, 0 enqueued
[2024-07-21T22:32:40.479+0800][8.468s][gc,ref      ] GC(135) Phantom: 184 encountered, 98 discovered, 0 enqueued
[2024-07-21T22:32:40.479+0800][8.468s][gc,reloc    ] GC(135) Small Pages: 4 / 8M, Empty: 2M, Relocated: 0M, In-Place: 0
[2024-07-21T22:32:40.480+0800][8.468s][gc,reloc    ] GC(135) Medium Pages: 1 / 4M, Empty: 0M, Relocated: 0M, In-Place: 0
[2024-07-21T22:32:40.480+0800][8.468s][gc,reloc    ] GC(135) Large Pages: 51 / 102M, Empty: 80M, Relocated: 0M, In-Place: 0
[2024-07-21T22:32:40.480+0800][8.468s][gc,reloc    ] GC(135) Forwarding Usage: 0M
[2024-07-21T22:32:40.480+0800][8.468s][gc,heap     ] GC(135) Min Capacity: 8M(6%)
[2024-07-21T22:32:40.480+0800][8.468s][gc,heap     ] GC(135) Max Capacity: 128M(100%)
[2024-07-21T22:32:40.480+0800][8.468s][gc,heap     ] GC(135) Soft Max Capacity: 128M(100%)
[2024-07-21T22:32:40.480+0800][8.468s][gc,heap     ] GC(135)                Mark Start          Mark End        Relocate Start      Relocate End           High               Low         
[2024-07-21T22:32:40.480+0800][8.468s][gc,heap     ] GC(135)  Capacity:      128M (100%)        128M (100%)        128M (100%)        128M (100%)        128M (100%)        128M (100%)   
[2024-07-21T22:32:40.480+0800][8.468s][gc,heap     ] GC(135)      Free:       14M (11%)           0M (0%)           80M (62%)          78M (61%)          82M (64%)           0M (0%)     
[2024-07-21T22:32:40.480+0800][8.468s][gc,heap     ] GC(135)      Used:      114M (89%)         128M (100%)         48M (38%)          50M (39%)         128M (100%)         46M (36%)    
[2024-07-21T22:32:40.480+0800][8.468s][gc,heap     ] GC(135)      Live:         -                26M (21%)          26M (21%)          26M (21%)            -                  -          
[2024-07-21T22:32:40.480+0800][8.468s][gc,heap     ] GC(135) Allocated:         -                14M (11%)          16M (12%)          18M (14%)            -                  -          
[2024-07-21T22:32:40.480+0800][8.468s][gc,heap     ] GC(135)   Garbage:         -                87M (68%)           5M (4%)            5M (4%)             -                  -          
[2024-07-21T22:32:40.480+0800][8.468s][gc,heap     ] GC(135) Reclaimed:         -                  -                82M (64%)          82M (64%)            -                  -          
[2024-07-21T22:32:40.480+0800][8.468s][gc          ] GC(135) Garbage Collection (Allocation Rate) 114M(89%)->50M(39%)
[2024-07-21T22:32:40.548+0800][8.536s][gc,start    ] GC(136) Garbage Collection (Allocation Stall)
[2024-07-21T22:32:40.549+0800][8.537s][gc,ref      ] GC(136) Clearing All SoftReferences
[2024-07-21T22:32:40.549+0800][8.537s][gc,task     ] GC(136) Using 1 workers
[2024-07-21T22:32:40.549+0800][8.537s][gc,phases   ] GC(136) Pause Mark Start 0.007ms
[2024-07-21T22:32:40.552+0800][8.540s][gc,phases   ] GC(136) Concurrent Mark 3.339ms
[2024-07-21T22:32:40.552+0800][8.540s][gc,phases   ] GC(136) Pause Mark End 0.006ms
[2024-07-21T22:32:40.552+0800][8.540s][gc,phases   ] GC(136) Concurrent Mark Free 0.001ms
[2024-07-21T22:32:40.553+0800][8.541s][gc,phases   ] GC(136) Concurrent Process Non-Strong References 1.070ms
[2024-07-21T22:32:40.554+0800][8.541s][gc,phases   ] GC(136) Concurrent Reset Relocation Set 0.001ms
[2024-07-21T22:32:40.555+0800][8.543s][gc          ] Allocation Stall (main) 6.920ms
[2024-07-21T22:32:40.555+0800][8.543s][gc,phases   ] GC(136) Concurrent Select Relocation Set 1.803ms
[2024-07-21T22:32:40.556+0800][8.543s][gc,phases   ] GC(136) Pause Relocate Start 0.008ms
[2024-07-21T22:32:40.556+0800][8.544s][gc,phases   ] GC(136) Concurrent Relocate 0.029ms
[2024-07-21T22:32:40.556+0800][8.544s][gc,load     ] GC(136) Load: 0.00/0.00/0.00
[2024-07-21T22:32:40.556+0800][8.544s][gc,mmu      ] GC(136) MMU: 2ms/96.5%, 5ms/98.4%, 10ms/99.2%, 20ms/99.5%, 50ms/99.8%, 100ms/99.9%
[2024-07-21T22:32:40.556+0800][8.544s][gc,marking  ] GC(136) Mark: 1 stripe(s), 1 proactive flush(es), 1 terminate flush(es), 0 completion(s), 0 continuation(s) 
[2024-07-21T22:32:40.556+0800][8.544s][gc,marking  ] GC(136) Mark Stack Usage: 32M
[2024-07-21T22:32:40.556+0800][8.544s][gc,nmethod  ] GC(136) NMethods: 445 registered, 0 unregistered
[2024-07-21T22:32:40.556+0800][8.544s][gc,metaspace] GC(136) Metaspace: 1M used, 1M committed, 1032M reserved
[2024-07-21T22:32:40.556+0800][8.544s][gc,ref      ] GC(136) Soft: 43 encountered, 20 discovered, 0 enqueued
[2024-07-21T22:32:40.556+0800][8.544s][gc,ref      ] GC(136) Weak: 131 encountered, 107 discovered, 0 enqueued
[2024-07-21T22:32:40.556+0800][8.544s][gc,ref      ] GC(136) Final: 0 encountered, 0 discovered, 0 enqueued
[2024-07-21T22:32:40.556+0800][8.544s][gc,ref      ] GC(136) Phantom: 184 encountered, 98 discovered, 0 enqueued
[2024-07-21T22:32:40.556+0800][8.544s][gc,reloc    ] GC(136) Small Pages: 4 / 8M, Empty: 2M, Relocated: 0M, In-Place: 0
[2024-07-21T22:32:40.556+0800][8.544s][gc,reloc    ] GC(136) Medium Pages: 1 / 4M, Empty: 0M, Relocated: 0M, In-Place: 0
[2024-07-21T22:32:40.556+0800][8.544s][gc,reloc    ] GC(136) Large Pages: 58 / 116M, Empty: 80M, Relocated: 0M, In-Place: 0
[2024-07-21T22:32:40.556+0800][8.544s][gc,reloc    ] GC(136) Forwarding Usage: 0M
[2024-07-21T22:32:40.556+0800][8.544s][gc,heap     ] GC(136) Min Capacity: 8M(6%)
[2024-07-21T22:32:40.556+0800][8.544s][gc,heap     ] GC(136) Max Capacity: 128M(100%)
[2024-07-21T22:32:40.556+0800][8.544s][gc,heap     ] GC(136) Soft Max Capacity: 128M(100%)
[2024-07-21T22:32:40.556+0800][8.544s][gc,heap     ] GC(136)                Mark Start          Mark End        Relocate Start      Relocate End           High               Low         
[2024-07-21T22:32:40.556+0800][8.544s][gc,heap     ] GC(136)  Capacity:      128M (100%)        128M (100%)        128M (100%)        128M (100%)        128M (100%)        128M (100%)   
[2024-07-21T22:32:40.556+0800][8.544s][gc,heap     ] GC(136)      Free:        0M (0%)            0M (0%)           80M (62%)          80M (62%)          82M (64%)           0M (0%)     
[2024-07-21T22:32:40.556+0800][8.544s][gc,heap     ] GC(136)      Used:      128M (100%)        128M (100%)         48M (38%)          48M (38%)         128M (100%)         46M (36%)    
[2024-07-21T22:32:40.556+0800][8.544s][gc,heap     ] GC(136)      Live:         -                40M (32%)          40M (32%)          40M (32%)            -                  -          
[2024-07-21T22:32:40.556+0800][8.544s][gc,heap     ] GC(136) Allocated:         -                 0M (0%)            2M (2%)            2M (2%)             -                  -          
[2024-07-21T22:32:40.556+0800][8.544s][gc,heap     ] GC(136)   Garbage:         -                87M (68%)           5M (4%)            5M (4%)             -                  -          
[2024-07-21T22:32:40.556+0800][8.544s][gc,heap     ] GC(136) Reclaimed:         -                  -                82M (64%)          82M (64%)            -                  -          
[2024-07-21T22:32:40.556+0800][8.544s][gc          ] GC(136) Garbage Collection (Allocation Stall) 128M(100%)->48M(38%)
[2024-07-21T22:32:40.579+0800][8.567s][gc,start    ] GC(137) Garbage Collection (Allocation Rate)
[2024-07-21T22:32:40.579+0800][8.567s][gc,task     ] GC(137) Using 1 workers
[2024-07-21T22:32:40.579+0800][8.567s][gc,phases   ] GC(137) Pause Mark Start 0.008ms
[2024-07-21T22:32:40.583+0800][8.571s][gc,phases   ] GC(137) Concurrent Mark 3.275ms
[2024-07-21T22:32:40.583+0800][8.571s][gc,phases   ] GC(137) Pause Mark End 0.023ms
[2024-07-21T22:32:40.583+0800][8.571s][gc,phases   ] GC(137) Concurrent Mark Free 0.001ms
[2024-07-21T22:32:40.584+0800][8.572s][gc,phases   ] GC(137) Concurrent Process Non-Strong References 1.031ms
[2024-07-21T22:32:40.584+0800][8.572s][gc,phases   ] GC(137) Concurrent Reset Relocation Set 0.000ms
[2024-07-21T22:32:40.586+0800][8.574s][gc,phases   ] GC(137) Concurrent Select Relocation Set 1.800ms
[2024-07-21T22:32:40.586+0800][8.574s][gc,phases   ] GC(137) Pause Relocate Start 0.004ms
[2024-07-21T22:32:40.586+0800][8.574s][gc,phases   ] GC(137) Concurrent Relocate 0.070ms
[2024-07-21T22:32:40.586+0800][8.574s][gc,load     ] GC(137) Load: 0.00/0.00/0.00
[2024-07-21T22:32:40.586+0800][8.574s][gc,mmu      ] GC(137) MMU: 2ms/96.5%, 5ms/98.4%, 10ms/99.2%, 20ms/99.5%, 50ms/99.8%, 100ms/99.9%
[2024-07-21T22:32:40.586+0800][8.574s][gc,marking  ] GC(137) Mark: 1 stripe(s), 2 proactive flush(es), 1 terminate flush(es), 0 completion(s), 0 continuation(s) 
[2024-07-21T22:32:40.586+0800][8.574s][gc,marking  ] GC(137) Mark Stack Usage: 32M
[2024-07-21T22:32:40.587+0800][8.574s][gc,nmethod  ] GC(137) NMethods: 445 registered, 0 unregistered
[2024-07-21T22:32:40.587+0800][8.574s][gc,metaspace] GC(137) Metaspace: 1M used, 1M committed, 1032M reserved
[2024-07-21T22:32:40.587+0800][8.575s][gc,ref      ] GC(137) Soft: 43 encountered, 0 discovered, 0 enqueued
[2024-07-21T22:32:40.587+0800][8.575s][gc,ref      ] GC(137) Weak: 131 encountered, 107 discovered, 0 enqueued
[2024-07-21T22:32:40.587+0800][8.575s][gc,ref      ] GC(137) Final: 0 encountered, 0 discovered, 0 enqueued
[2024-07-21T22:32:40.587+0800][8.575s][gc,ref      ] GC(137) Phantom: 184 encountered, 98 discovered, 0 enqueued
[2024-07-21T22:32:40.587+0800][8.575s][gc,reloc    ] GC(137) Small Pages: 4 / 8M, Empty: 2M, Relocated: 0M, In-Place: 0
[2024-07-21T22:32:40.587+0800][8.575s][gc,reloc    ] GC(137) Medium Pages: 1 / 4M, Empty: 0M, Relocated: 0M, In-Place: 0
[2024-07-21T22:32:40.587+0800][8.575s][gc,reloc    ] GC(137) Large Pages: 23 / 46M, Empty: 40M, Relocated: 0M, In-Place: 0
[2024-07-21T22:32:40.587+0800][8.575s][gc,reloc    ] GC(137) Forwarding Usage: 0M
[2024-07-21T22:32:40.587+0800][8.575s][gc,heap     ] GC(137) Min Capacity: 8M(6%)
[2024-07-21T22:32:40.587+0800][8.575s][gc,heap     ] GC(137) Max Capacity: 128M(100%)
[2024-07-21T22:32:40.587+0800][8.575s][gc,heap     ] GC(137) Soft Max Capacity: 128M(100%)
[2024-07-21T22:32:40.587+0800][8.575s][gc,heap     ] GC(137)                Mark Start          Mark End        Relocate Start      Relocate End           High               Low         
[2024-07-21T22:32:40.587+0800][8.575s][gc,heap     ] GC(137)  Capacity:      128M (100%)        128M (100%)        128M (100%)        128M (100%)        128M (100%)        128M (100%)   
[2024-07-21T22:32:40.587+0800][8.575s][gc,heap     ] GC(137)      Free:       70M (55%)          54M (42%)          96M (75%)          96M (75%)          96M (75%)          54M (42%)    
[2024-07-21T22:32:40.587+0800][8.575s][gc,heap     ] GC(137)      Used:       58M (45%)          74M (58%)          32M (25%)          32M (25%)          74M (58%)          32M (25%)    
[2024-07-21T22:32:40.587+0800][8.575s][gc,heap     ] GC(137)      Live:         -                10M (8%)           10M (8%)           10M (8%)             -                  -          
[2024-07-21T22:32:40.587+0800][8.575s][gc,heap     ] GC(137) Allocated:         -                16M (12%)          16M (12%)          16M (12%)            -                  -          
[2024-07-21T22:32:40.587+0800][8.575s][gc,heap     ] GC(137)   Garbage:         -                47M (37%)           5M (4%)            5M (4%)             -                  -          
[2024-07-21T22:32:40.587+0800][8.575s][gc,heap     ] GC(137) Reclaimed:         -                  -                42M (33%)          42M (33%)            -                  -          
[2024-07-21T22:32:40.587+0800][8.575s][gc          ] GC(137) Garbage Collection (Allocation Rate) 58M(45%)->32M(25%)
[2024-07-21T22:32:40.660+0800][8.648s][gc,start    ] GC(138) Garbage Collection (Allocation Stall)
[2024-07-21T22:32:40.660+0800][8.648s][gc,ref      ] GC(138) Clearing All SoftReferences
[2024-07-21T22:32:40.660+0800][8.648s][gc,task     ] GC(138) Using 1 workers
[2024-07-21T22:32:40.660+0800][8.648s][gc,phases   ] GC(138) Pause Mark Start 0.012ms
[2024-07-21T22:32:40.664+0800][8.652s][gc,phases   ] GC(138) Concurrent Mark 3.889ms
[2024-07-21T22:32:40.665+0800][8.653s][gc,phases   ] GC(138) Pause Mark End 0.057ms
[2024-07-21T22:32:40.665+0800][8.653s][gc,phases   ] GC(138) Concurrent Mark Free 0.001ms
[2024-07-21T22:32:40.666+0800][8.654s][gc,phases   ] GC(138) Concurrent Process Non-Strong References 1.228ms
[2024-07-21T22:32:40.666+0800][8.654s][gc,phases   ] GC(138) Concurrent Reset Relocation Set 0.000ms
[2024-07-21T22:32:40.669+0800][8.657s][gc          ] Allocation Stall (main) 8.910ms
[2024-07-21T22:32:40.669+0800][8.657s][gc,phases   ] GC(138) Concurrent Select Relocation Set 2.437ms
[2024-07-21T22:32:40.669+0800][8.657s][gc,phases   ] GC(138) Pause Relocate Start 0.009ms
[2024-07-21T22:32:40.669+0800][8.657s][gc,phases   ] GC(138) Concurrent Relocate 0.110ms
[2024-07-21T22:32:40.669+0800][8.657s][gc,load     ] GC(138) Load: 0.00/0.00/0.00
[2024-07-21T22:32:40.669+0800][8.657s][gc,mmu      ] GC(138) MMU: 2ms/96.5%, 5ms/98.4%, 10ms/99.2%, 20ms/99.5%, 50ms/99.8%, 100ms/99.9%
[2024-07-21T22:32:40.669+0800][8.657s][gc,marking  ] GC(138) Mark: 1 stripe(s), 1 proactive flush(es), 1 terminate flush(es), 0 completion(s), 0 continuation(s) 
[2024-07-21T22:32:40.669+0800][8.657s][gc,marking  ] GC(138) Mark Stack Usage: 32M
[2024-07-21T22:32:40.669+0800][8.657s][gc,nmethod  ] GC(138) NMethods: 445 registered, 0 unregistered
[2024-07-21T22:32:40.669+0800][8.657s][gc,metaspace] GC(138) Metaspace: 1M used, 1M committed, 1032M reserved
[2024-07-21T22:32:40.669+0800][8.657s][gc,ref      ] GC(138) Soft: 43 encountered, 20 discovered, 0 enqueued
[2024-07-21T22:32:40.669+0800][8.657s][gc,ref      ] GC(138) Weak: 131 encountered, 107 discovered, 0 enqueued
[2024-07-21T22:32:40.669+0800][8.657s][gc,ref      ] GC(138) Final: 0 encountered, 0 discovered, 0 enqueued
[2024-07-21T22:32:40.670+0800][8.657s][gc,ref      ] GC(138) Phantom: 184 encountered, 98 discovered, 0 enqueued
[2024-07-21T22:32:40.670+0800][8.658s][gc,reloc    ] GC(138) Small Pages: 4 / 8M, Empty: 2M, Relocated: 0M, In-Place: 0
[2024-07-21T22:32:40.670+0800][8.658s][gc,reloc    ] GC(138) Medium Pages: 1 / 4M, Empty: 0M, Relocated: 0M, In-Place: 0
[2024-07-21T22:32:40.670+0800][8.658s][gc,reloc    ] GC(138) Large Pages: 58 / 116M, Empty: 80M, Relocated: 0M, In-Place: 0
[2024-07-21T22:32:40.670+0800][8.658s][gc,reloc    ] GC(138) Forwarding Usage: 0M
[2024-07-21T22:32:40.670+0800][8.658s][gc,heap     ] GC(138) Min Capacity: 8M(6%)
[2024-07-21T22:32:40.670+0800][8.658s][gc,heap     ] GC(138) Max Capacity: 128M(100%)
[2024-07-21T22:32:40.670+0800][8.658s][gc,heap     ] GC(138) Soft Max Capacity: 128M(100%)
[2024-07-21T22:32:40.670+0800][8.658s][gc,heap     ] GC(138)                Mark Start          Mark End        Relocate Start      Relocate End           High               Low         
[2024-07-21T22:32:40.670+0800][8.658s][gc,heap     ] GC(138)  Capacity:      128M (100%)        128M (100%)        128M (100%)        128M (100%)        128M (100%)        128M (100%)   
[2024-07-21T22:32:40.670+0800][8.658s][gc,heap     ] GC(138)      Free:        0M (0%)            0M (0%)           80M (62%)          78M (61%)          82M (64%)           0M (0%)     
[2024-07-21T22:32:40.670+0800][8.658s][gc,heap     ] GC(138)      Used:      128M (100%)        128M (100%)         48M (38%)          50M (39%)         128M (100%)         46M (36%)    
[2024-07-21T22:32:40.670+0800][8.658s][gc,heap     ] GC(138)      Live:         -                40M (32%)          40M (32%)          40M (32%)            -                  -          
[2024-07-21T22:32:40.670+0800][8.658s][gc,heap     ] GC(138) Allocated:         -                 0M (0%)            2M (2%)            4M (3%)             -                  -          
[2024-07-21T22:32:40.670+0800][8.658s][gc,heap     ] GC(138)   Garbage:         -                87M (68%)           5M (4%)            5M (4%)             -                  -          
[2024-07-21T22:32:40.670+0800][8.658s][gc,heap     ] GC(138) Reclaimed:         -                  -                82M (64%)          82M (64%)            -                  -          
[2024-07-21T22:32:40.670+0800][8.658s][gc          ] GC(138) Garbage Collection (Allocation Stall) 128M(100%)->50M(39%)
[2024-07-21T22:32:40.675+0800][8.663s][gc,start    ] GC(139) Garbage Collection (Allocation Rate)
[2024-07-21T22:32:40.675+0800][8.663s][gc,task     ] GC(139) Using 1 workers
[2024-07-21T22:32:40.675+0800][8.663s][gc,phases   ] GC(139) Pause Mark Start 0.020ms
[2024-07-21T22:32:40.679+0800][8.667s][gc,phases   ] GC(139) Concurrent Mark 3.734ms
[2024-07-21T22:32:40.679+0800][8.667s][gc,phases   ] GC(139) Pause Mark End 0.011ms
[2024-07-21T22:32:40.679+0800][8.667s][gc,phases   ] GC(139) Concurrent Mark Free 0.001ms
[2024-07-21T22:32:40.681+0800][8.669s][gc,phases   ] GC(139) Concurrent Process Non-Strong References 1.169ms
[2024-07-21T22:32:40.681+0800][8.669s][gc,phases   ] GC(139) Concurrent Reset Relocation Set 0.000ms
[2024-07-21T22:32:40.684+0800][8.672s][gc,phases   ] GC(139) Concurrent Select Relocation Set 3.406ms
[2024-07-21T22:32:40.684+0800][8.672s][gc,phases   ] GC(139) Pause Relocate Start 0.008ms
[2024-07-21T22:32:40.685+0800][8.673s][gc,phases   ] GC(139) Concurrent Relocate 0.675ms
[2024-07-21T22:32:40.685+0800][8.673s][gc,load     ] GC(139) Load: 0.00/0.00/0.00
[2024-07-21T22:32:40.685+0800][8.673s][gc,mmu      ] GC(139) MMU: 2ms/96.5%, 5ms/98.4%, 10ms/99.2%, 20ms/99.5%, 50ms/99.8%, 100ms/99.9%
[2024-07-21T22:32:40.685+0800][8.673s][gc,marking  ] GC(139) Mark: 1 stripe(s), 1 proactive flush(es), 1 terminate flush(es), 0 completion(s), 0 continuation(s) 
[2024-07-21T22:32:40.685+0800][8.673s][gc,marking  ] GC(139) Mark Stack Usage: 32M
[2024-07-21T22:32:40.685+0800][8.673s][gc,nmethod  ] GC(139) NMethods: 445 registered, 0 unregistered
[2024-07-21T22:32:40.685+0800][8.673s][gc,metaspace] GC(139) Metaspace: 1M used, 1M committed, 1032M reserved
[2024-07-21T22:32:40.685+0800][8.673s][gc,ref      ] GC(139) Soft: 43 encountered, 0 discovered, 0 enqueued
[2024-07-21T22:32:40.685+0800][8.673s][gc,ref      ] GC(139) Weak: 131 encountered, 107 discovered, 0 enqueued
[2024-07-21T22:32:40.685+0800][8.673s][gc,ref      ] GC(139) Final: 0 encountered, 0 discovered, 0 enqueued
[2024-07-21T22:32:40.685+0800][8.673s][gc,ref      ] GC(139) Phantom: 184 encountered, 98 discovered, 0 enqueued
[2024-07-21T22:32:40.685+0800][8.673s][gc,reloc    ] GC(139) Small Pages: 4 / 8M, Empty: 0M, Relocated: 1M, In-Place: 0
[2024-07-21T22:32:40.685+0800][8.673s][gc,reloc    ] GC(139) Medium Pages: 1 / 4M, Empty: 0M, Relocated: 0M, In-Place: 0
[2024-07-21T22:32:40.685+0800][8.673s][gc,reloc    ] GC(139) Large Pages: 20 / 40M, Empty: 40M, Relocated: 0M, In-Place: 0
[2024-07-21T22:32:40.685+0800][8.673s][gc,reloc    ] GC(139) Forwarding Usage: 0M
[2024-07-21T22:32:40.685+0800][8.673s][gc,heap     ] GC(139) Min Capacity: 8M(6%)
[2024-07-21T22:32:40.685+0800][8.673s][gc,heap     ] GC(139) Max Capacity: 128M(100%)
[2024-07-21T22:32:40.685+0800][8.673s][gc,heap     ] GC(139) Soft Max Capacity: 128M(100%)
[2024-07-21T22:32:40.685+0800][8.673s][gc,heap     ] GC(139)                Mark Start          Mark End        Relocate Start      Relocate End           High               Low         
[2024-07-21T22:32:40.685+0800][8.673s][gc,heap     ] GC(139)  Capacity:      128M (100%)        128M (100%)        128M (100%)        128M (100%)        128M (100%)        128M (100%)   
[2024-07-21T22:32:40.685+0800][8.673s][gc,heap     ] GC(139)      Free:       76M (59%)          76M (59%)         116M (91%)         118M (92%)         118M (92%)          76M (59%)    
[2024-07-21T22:32:40.685+0800][8.673s][gc,heap     ] GC(139)      Used:       52M (41%)          52M (41%)          12M (9%)           10M (8%)           52M (41%)          10M (8%)     
[2024-07-21T22:32:40.685+0800][8.673s][gc,heap     ] GC(139)      Live:         -                 4M (4%)            4M (4%)            4M (4%)             -                  -          
[2024-07-21T22:32:40.685+0800][8.673s][gc,heap     ] GC(139) Allocated:         -                 0M (0%)            0M (0%)            0M (0%)             -                  -          
[2024-07-21T22:32:40.685+0800][8.673s][gc,heap     ] GC(139)   Garbage:         -                47M (37%)           7M (6%)            5M (4%)             -                  -          
[2024-07-21T22:32:40.685+0800][8.673s][gc,heap     ] GC(139) Reclaimed:         -                  -                40M (31%)          42M (33%)            -                  -          
[2024-07-21T22:32:40.685+0800][8.673s][gc          ] GC(139) Garbage Collection (Allocation Rate) 52M(41%)->10M(8%)
[2024-07-21T22:32:40.771+0800][8.759s][gc,start    ] GC(140) Garbage Collection (Allocation Rate)
[2024-07-21T22:32:40.771+0800][8.759s][gc,task     ] GC(140) Using 1 workers
[2024-07-21T22:32:40.771+0800][8.759s][gc,phases   ] GC(140) Pause Mark Start 0.008ms
[2024-07-21T22:32:40.775+0800][8.763s][gc,phases   ] GC(140) Concurrent Mark 3.553ms
[2024-07-21T22:32:40.775+0800][8.763s][gc,phases   ] GC(140) Pause Mark End 0.008ms
[2024-07-21T22:32:40.775+0800][8.763s][gc,phases   ] GC(140) Concurrent Mark Free 0.001ms
[2024-07-21T22:32:40.776+0800][8.764s][gc,phases   ] GC(140) Concurrent Process Non-Strong References 1.069ms
[2024-07-21T22:32:40.776+0800][8.764s][gc,phases   ] GC(140) Concurrent Reset Relocation Set 0.001ms
[2024-07-21T22:32:40.778+0800][8.766s][gc          ] Allocation Stall (main) 5.877ms
[2024-07-21T22:32:40.778+0800][8.766s][gc,phases   ] GC(140) Concurrent Select Relocation Set 1.819ms
[2024-07-21T22:32:40.779+0800][8.767s][gc,phases   ] GC(140) Pause Relocate Start 0.004ms
[2024-07-21T22:32:40.779+0800][8.767s][gc,phases   ] GC(140) Concurrent Relocate 0.108ms
[2024-07-21T22:32:40.779+0800][8.767s][gc,load     ] GC(140) Load: 0.00/0.00/0.00
[2024-07-21T22:32:40.779+0800][8.767s][gc,mmu      ] GC(140) MMU: 2ms/96.5%, 5ms/98.4%, 10ms/99.2%, 20ms/99.5%, 50ms/99.8%, 100ms/99.9%
[2024-07-21T22:32:40.779+0800][8.767s][gc,marking  ] GC(140) Mark: 1 stripe(s), 2 proactive flush(es), 1 terminate flush(es), 0 completion(s), 0 continuation(s) 
[2024-07-21T22:32:40.779+0800][8.767s][gc,marking  ] GC(140) Mark Stack Usage: 32M
[2024-07-21T22:32:40.779+0800][8.767s][gc,nmethod  ] GC(140) NMethods: 445 registered, 0 unregistered
[2024-07-21T22:32:40.779+0800][8.767s][gc,metaspace] GC(140) Metaspace: 1M used, 1M committed, 1032M reserved
[2024-07-21T22:32:40.779+0800][8.767s][gc,ref      ] GC(140) Soft: 43 encountered, 0 discovered, 0 enqueued
[2024-07-21T22:32:40.779+0800][8.767s][gc,ref      ] GC(140) Weak: 131 encountered, 107 discovered, 0 enqueued
[2024-07-21T22:32:40.779+0800][8.767s][gc,ref      ] GC(140) Final: 0 encountered, 0 discovered, 0 enqueued
[2024-07-21T22:32:40.779+0800][8.767s][gc,ref      ] GC(140) Phantom: 184 encountered, 98 discovered, 0 enqueued
[2024-07-21T22:32:40.779+0800][8.767s][gc,reloc    ] GC(140) Small Pages: 4 / 8M, Empty: 2M, Relocated: 0M, In-Place: 0
[2024-07-21T22:32:40.779+0800][8.767s][gc,reloc    ] GC(140) Medium Pages: 1 / 4M, Empty: 0M, Relocated: 0M, In-Place: 0
[2024-07-21T22:32:40.779+0800][8.767s][gc,reloc    ] GC(140) Large Pages: 53 / 106M, Empty: 80M, Relocated: 0M, In-Place: 0
[2024-07-21T22:32:40.779+0800][8.767s][gc,reloc    ] GC(140) Forwarding Usage: 0M
[2024-07-21T22:32:40.779+0800][8.767s][gc,heap     ] GC(140) Min Capacity: 8M(6%)
[2024-07-21T22:32:40.779+0800][8.767s][gc,heap     ] GC(140) Max Capacity: 128M(100%)
[2024-07-21T22:32:40.779+0800][8.767s][gc,heap     ] GC(140) Soft Max Capacity: 128M(100%)
[2024-07-21T22:32:40.779+0800][8.767s][gc,heap     ] GC(140)                Mark Start          Mark End        Relocate Start      Relocate End           High               Low         
[2024-07-21T22:32:40.779+0800][8.767s][gc,heap     ] GC(140)  Capacity:      128M (100%)        128M (100%)        128M (100%)        128M (100%)        128M (100%)        128M (100%)   
[2024-07-21T22:32:40.779+0800][8.767s][gc,heap     ] GC(140)      Free:       10M (8%)            0M (0%)           80M (62%)          76M (59%)          82M (64%)           0M (0%)     
[2024-07-21T22:32:40.779+0800][8.767s][gc,heap     ] GC(140)      Used:      118M (92%)         128M (100%)         48M (38%)          52M (41%)         128M (100%)         46M (36%)    
[2024-07-21T22:32:40.779+0800][8.767s][gc,heap     ] GC(140)      Live:         -                30M (24%)          30M (24%)          30M (24%)            -                  -          
[2024-07-21T22:32:40.779+0800][8.767s][gc,heap     ] GC(140) Allocated:         -                10M (8%)           12M (9%)           16M (12%)            -                  -          
[2024-07-21T22:32:40.779+0800][8.767s][gc,heap     ] GC(140)   Garbage:         -                87M (68%)           5M (4%)            5M (4%)             -                  -          
[2024-07-21T22:32:40.779+0800][8.767s][gc,heap     ] GC(140) Reclaimed:         -                  -                82M (64%)          82M (64%)            -                  -          
[2024-07-21T22:32:40.779+0800][8.767s][gc          ] GC(140) Garbage Collection (Allocation Rate) 118M(92%)->52M(41%)
[2024-07-21T22:32:40.851+0800][8.839s][gc,start    ] GC(141) Garbage Collection (Allocation Stall)
[2024-07-21T22:32:40.851+0800][8.839s][gc,ref      ] GC(141) Clearing All SoftReferences
[2024-07-21T22:32:40.851+0800][8.839s][gc,task     ] GC(141) Using 1 workers
[2024-07-21T22:32:40.851+0800][8.839s][gc,phases   ] GC(141) Pause Mark Start 0.006ms
[2024-07-21T22:32:40.856+0800][8.844s][gc,phases   ] GC(141) Concurrent Mark 4.911ms
[2024-07-21T22:32:40.856+0800][8.844s][gc,phases   ] GC(141) Pause Mark End 0.010ms
[2024-07-21T22:32:40.856+0800][8.844s][gc,phases   ] GC(141) Concurrent Mark Free 0.001ms
[2024-07-21T22:32:40.857+0800][8.845s][gc,phases   ] GC(141) Concurrent Process Non-Strong References 1.082ms
[2024-07-21T22:32:40.857+0800][8.845s][gc,phases   ] GC(141) Concurrent Reset Relocation Set 0.000ms
[2024-07-21T22:32:40.860+0800][8.848s][gc          ] Allocation Stall (main) 9.826ms
[2024-07-21T22:32:40.860+0800][8.848s][gc,phases   ] GC(141) Concurrent Select Relocation Set 2.898ms
[2024-07-21T22:32:40.861+0800][8.849s][gc,phases   ] GC(141) Pause Relocate Start 0.009ms
[2024-07-21T22:32:40.861+0800][8.849s][gc,phases   ] GC(141) Concurrent Relocate 0.105ms
[2024-07-21T22:32:40.861+0800][8.849s][gc,load     ] GC(141) Load: 0.00/0.00/0.00
[2024-07-21T22:32:40.861+0800][8.849s][gc,mmu      ] GC(141) MMU: 2ms/96.5%, 5ms/98.4%, 10ms/99.2%, 20ms/99.5%, 50ms/99.8%, 100ms/99.9%
[2024-07-21T22:32:40.861+0800][8.849s][gc,marking  ] GC(141) Mark: 1 stripe(s), 1 proactive flush(es), 1 terminate flush(es), 0 completion(s), 0 continuation(s) 
[2024-07-21T22:32:40.861+0800][8.849s][gc,marking  ] GC(141) Mark Stack Usage: 32M
[2024-07-21T22:32:40.861+0800][8.849s][gc,nmethod  ] GC(141) NMethods: 445 registered, 0 unregistered
[2024-07-21T22:32:40.861+0800][8.849s][gc,metaspace] GC(141) Metaspace: 1M used, 1M committed, 1032M reserved
[2024-07-21T22:32:40.861+0800][8.849s][gc,ref      ] GC(141) Soft: 43 encountered, 20 discovered, 0 enqueued
[2024-07-21T22:32:40.861+0800][8.849s][gc,ref      ] GC(141) Weak: 131 encountered, 107 discovered, 0 enqueued
[2024-07-21T22:32:40.861+0800][8.849s][gc,ref      ] GC(141) Final: 0 encountered, 0 discovered, 0 enqueued
[2024-07-21T22:32:40.861+0800][8.849s][gc,ref      ] GC(141) Phantom: 184 encountered, 98 discovered, 0 enqueued
[2024-07-21T22:32:40.861+0800][8.849s][gc,reloc    ] GC(141) Small Pages: 4 / 8M, Empty: 2M, Relocated: 0M, In-Place: 0
[2024-07-21T22:32:40.861+0800][8.849s][gc,reloc    ] GC(141) Medium Pages: 1 / 4M, Empty: 0M, Relocated: 0M, In-Place: 0
[2024-07-21T22:32:40.861+0800][8.849s][gc,reloc    ] GC(141) Large Pages: 58 / 116M, Empty: 80M, Relocated: 0M, In-Place: 0
[2024-07-21T22:32:40.861+0800][8.849s][gc,reloc    ] GC(141) Forwarding Usage: 0M
[2024-07-21T22:32:40.861+0800][8.849s][gc,heap     ] GC(141) Min Capacity: 8M(6%)
[2024-07-21T22:32:40.861+0800][8.849s][gc,heap     ] GC(141) Max Capacity: 128M(100%)
[2024-07-21T22:32:40.861+0800][8.849s][gc,heap     ] GC(141) Soft Max Capacity: 128M(100%)
[2024-07-21T22:32:40.861+0800][8.849s][gc,heap     ] GC(141)                Mark Start          Mark End        Relocate Start      Relocate End           High               Low         
[2024-07-21T22:32:40.861+0800][8.849s][gc,heap     ] GC(141)  Capacity:      128M (100%)        128M (100%)        128M (100%)        128M (100%)        128M (100%)        128M (100%)   
[2024-07-21T22:32:40.861+0800][8.849s][gc,heap     ] GC(141)      Free:        0M (0%)            0M (0%)           80M (62%)          80M (62%)          82M (64%)           0M (0%)     
[2024-07-21T22:32:40.861+0800][8.849s][gc,heap     ] GC(141)      Used:      128M (100%)        128M (100%)         48M (38%)          48M (38%)         128M (100%)         46M (36%)    
[2024-07-21T22:32:40.861+0800][8.849s][gc,heap     ] GC(141)      Live:         -                40M (32%)          40M (32%)          40M (32%)            -                  -          
[2024-07-21T22:32:40.861+0800][8.849s][gc,heap     ] GC(141) Allocated:         -                 0M (0%)            2M (2%)            2M (2%)             -                  -          
[2024-07-21T22:32:40.861+0800][8.849s][gc,heap     ] GC(141)   Garbage:         -                87M (68%)           5M (4%)            5M (4%)             -                  -          
[2024-07-21T22:32:40.861+0800][8.849s][gc,heap     ] GC(141) Reclaimed:         -                  -                82M (64%)          82M (64%)            -                  -          
[2024-07-21T22:32:40.861+0800][8.849s][gc          ] GC(141) Garbage Collection (Allocation Stall) 128M(100%)->48M(38%)
[2024-07-21T22:32:40.882+0800][8.870s][gc,start    ] GC(142) Garbage Collection (Allocation Rate)
[2024-07-21T22:32:40.882+0800][8.870s][gc,task     ] GC(142) Using 1 workers
[2024-07-21T22:32:40.882+0800][8.870s][gc,phases   ] GC(142) Pause Mark Start 0.007ms
[2024-07-21T22:32:40.887+0800][8.875s][gc,phases   ] GC(142) Concurrent Mark 5.104ms
[2024-07-21T22:32:40.888+0800][8.876s][gc,phases   ] GC(142) Pause Mark End 0.053ms
[2024-07-21T22:32:40.888+0800][8.876s][gc,phases   ] GC(142) Concurrent Mark Free 0.002ms
[2024-07-21T22:32:40.889+0800][8.877s][gc,phases   ] GC(142) Concurrent Process Non-Strong References 1.458ms
[2024-07-21T22:32:40.889+0800][8.877s][gc,phases   ] GC(142) Concurrent Reset Relocation Set 0.000ms
[2024-07-21T22:32:40.892+0800][8.880s][gc,phases   ] GC(142) Concurrent Select Relocation Set 2.492ms
[2024-07-21T22:32:40.892+0800][8.880s][gc,phases   ] GC(142) Pause Relocate Start 0.021ms
[2024-07-21T22:32:40.892+0800][8.880s][gc,phases   ] GC(142) Concurrent Relocate 0.112ms
[2024-07-21T22:32:40.892+0800][8.880s][gc,load     ] GC(142) Load: 0.00/0.00/0.00
[2024-07-21T22:32:40.892+0800][8.880s][gc,mmu      ] GC(142) MMU: 2ms/96.5%, 5ms/98.4%, 10ms/99.2%, 20ms/99.5%, 50ms/99.8%, 100ms/99.9%
[2024-07-21T22:32:40.892+0800][8.880s][gc,marking  ] GC(142) Mark: 1 stripe(s), 2 proactive flush(es), 1 terminate flush(es), 0 completion(s), 0 continuation(s) 
[2024-07-21T22:32:40.892+0800][8.880s][gc,marking  ] GC(142) Mark Stack Usage: 32M
[2024-07-21T22:32:40.892+0800][8.880s][gc,nmethod  ] GC(142) NMethods: 445 registered, 0 unregistered
[2024-07-21T22:32:40.892+0800][8.880s][gc,metaspace] GC(142) Metaspace: 1M used, 1M committed, 1032M reserved
[2024-07-21T22:32:40.892+0800][8.880s][gc,ref      ] GC(142) Soft: 43 encountered, 0 discovered, 0 enqueued
[2024-07-21T22:32:40.892+0800][8.880s][gc,ref      ] GC(142) Weak: 131 encountered, 107 discovered, 0 enqueued
[2024-07-21T22:32:40.892+0800][8.880s][gc,ref      ] GC(142) Final: 0 encountered, 0 discovered, 0 enqueued
[2024-07-21T22:32:40.892+0800][8.880s][gc,ref      ] GC(142) Phantom: 184 encountered, 98 discovered, 0 enqueued
[2024-07-21T22:32:40.893+0800][8.881s][gc,reloc    ] GC(142) Small Pages: 4 / 8M, Empty: 2M, Relocated: 0M, In-Place: 0
[2024-07-21T22:32:40.893+0800][8.881s][gc,reloc    ] GC(142) Medium Pages: 1 / 4M, Empty: 0M, Relocated: 0M, In-Place: 0
[2024-07-21T22:32:40.893+0800][8.881s][gc,reloc    ] GC(142) Large Pages: 23 / 46M, Empty: 40M, Relocated: 0M, In-Place: 0
[2024-07-21T22:32:40.893+0800][8.881s][gc,reloc    ] GC(142) Forwarding Usage: 0M
[2024-07-21T22:32:40.893+0800][8.881s][gc,heap     ] GC(142) Min Capacity: 8M(6%)
[2024-07-21T22:32:40.893+0800][8.881s][gc,heap     ] GC(142) Max Capacity: 128M(100%)
[2024-07-21T22:32:40.893+0800][8.881s][gc,heap     ] GC(142) Soft Max Capacity: 128M(100%)
[2024-07-21T22:32:40.893+0800][8.881s][gc,heap     ] GC(142)                Mark Start          Mark End        Relocate Start      Relocate End           High               Low         
[2024-07-21T22:32:40.893+0800][8.881s][gc,heap     ] GC(142)  Capacity:      128M (100%)        128M (100%)        128M (100%)        128M (100%)        128M (100%)        128M (100%)   
[2024-07-21T22:32:40.893+0800][8.881s][gc,heap     ] GC(142)      Free:       70M (55%)          54M (42%)          96M (75%)          96M (75%)          96M (75%)          54M (42%)    
[2024-07-21T22:32:40.893+0800][8.881s][gc,heap     ] GC(142)      Used:       58M (45%)          74M (58%)          32M (25%)          32M (25%)          74M (58%)          32M (25%)    
[2024-07-21T22:32:40.893+0800][8.881s][gc,heap     ] GC(142)      Live:         -                10M (8%)           10M (8%)           10M (8%)             -                  -          
[2024-07-21T22:32:40.893+0800][8.881s][gc,heap     ] GC(142) Allocated:         -                16M (12%)          16M (12%)          16M (12%)            -                  -          
[2024-07-21T22:32:40.893+0800][8.881s][gc,heap     ] GC(142)   Garbage:         -                47M (37%)           5M (4%)            5M (4%)             -                  -          
[2024-07-21T22:32:40.893+0800][8.881s][gc,heap     ] GC(142) Reclaimed:         -                  -                42M (33%)          42M (33%)            -                  -          
[2024-07-21T22:32:40.893+0800][8.881s][gc          ] GC(142) Garbage Collection (Allocation Rate) 58M(45%)->32M(25%)
[2024-07-21T22:32:40.963+0800][8.951s][gc,start    ] GC(143) Garbage Collection (Allocation Stall)
[2024-07-21T22:32:40.963+0800][8.951s][gc,ref      ] GC(143) Clearing All SoftReferences
[2024-07-21T22:32:40.963+0800][8.951s][gc,task     ] GC(143) Using 1 workers
[2024-07-21T22:32:40.964+0800][8.951s][gc,phases   ] GC(143) Pause Mark Start 0.006ms
[2024-07-21T22:32:40.967+0800][8.955s][gc,phases   ] GC(143) Concurrent Mark 3.382ms
[2024-07-21T22:32:40.967+0800][8.955s][gc,phases   ] GC(143) Pause Mark End 0.007ms
[2024-07-21T22:32:40.967+0800][8.955s][gc,phases   ] GC(143) Concurrent Mark Free 0.001ms
[2024-07-21T22:32:40.968+0800][8.956s][gc,phases   ] GC(143) Concurrent Process Non-Strong References 1.156ms
[2024-07-21T22:32:40.968+0800][8.956s][gc,phases   ] GC(143) Concurrent Reset Relocation Set 0.000ms
[2024-07-21T22:32:40.970+0800][8.958s][gc          ] Allocation Stall (main) 7.129ms
[2024-07-21T22:32:40.970+0800][8.958s][gc,phases   ] GC(143) Concurrent Select Relocation Set 1.881ms
[2024-07-21T22:32:40.971+0800][8.959s][gc,phases   ] GC(143) Pause Relocate Start 0.005ms
[2024-07-21T22:32:40.971+0800][8.959s][gc,phases   ] GC(143) Concurrent Relocate 0.111ms
[2024-07-21T22:32:40.971+0800][8.959s][gc,load     ] GC(143) Load: 0.00/0.00/0.00
[2024-07-21T22:32:40.971+0800][8.959s][gc,mmu      ] GC(143) MMU: 2ms/96.5%, 5ms/98.4%, 10ms/99.2%, 20ms/99.5%, 50ms/99.8%, 100ms/99.9%
[2024-07-21T22:32:40.971+0800][8.959s][gc,marking  ] GC(143) Mark: 1 stripe(s), 1 proactive flush(es), 1 terminate flush(es), 0 completion(s), 0 continuation(s) 
[2024-07-21T22:32:40.971+0800][8.959s][gc,marking  ] GC(143) Mark Stack Usage: 32M
[2024-07-21T22:32:40.971+0800][8.959s][gc,nmethod  ] GC(143) NMethods: 445 registered, 0 unregistered
[2024-07-21T22:32:40.971+0800][8.959s][gc,metaspace] GC(143) Metaspace: 1M used, 1M committed, 1032M reserved
[2024-07-21T22:32:40.971+0800][8.959s][gc,ref      ] GC(143) Soft: 43 encountered, 20 discovered, 0 enqueued
[2024-07-21T22:32:40.971+0800][8.959s][gc,ref      ] GC(143) Weak: 131 encountered, 107 discovered, 0 enqueued
[2024-07-21T22:32:40.971+0800][8.959s][gc,ref      ] GC(143) Final: 0 encountered, 0 discovered, 0 enqueued
[2024-07-21T22:32:40.971+0800][8.959s][gc,ref      ] GC(143) Phantom: 184 encountered, 98 discovered, 0 enqueued
[2024-07-21T22:32:40.971+0800][8.959s][gc,reloc    ] GC(143) Small Pages: 4 / 8M, Empty: 2M, Relocated: 0M, In-Place: 0
[2024-07-21T22:32:40.971+0800][8.959s][gc,reloc    ] GC(143) Medium Pages: 1 / 4M, Empty: 0M, Relocated: 0M, In-Place: 0
[2024-07-21T22:32:40.971+0800][8.959s][gc,reloc    ] GC(143) Large Pages: 58 / 116M, Empty: 80M, Relocated: 0M, In-Place: 0
[2024-07-21T22:32:40.971+0800][8.959s][gc,reloc    ] GC(143) Forwarding Usage: 0M
[2024-07-21T22:32:40.971+0800][8.959s][gc,heap     ] GC(143) Min Capacity: 8M(6%)
[2024-07-21T22:32:40.971+0800][8.959s][gc,heap     ] GC(143) Max Capacity: 128M(100%)
[2024-07-21T22:32:40.971+0800][8.959s][gc,heap     ] GC(143) Soft Max Capacity: 128M(100%)
[2024-07-21T22:32:40.971+0800][8.959s][gc,heap     ] GC(143)                Mark Start          Mark End        Relocate Start      Relocate End           High               Low         
[2024-07-21T22:32:40.971+0800][8.959s][gc,heap     ] GC(143)  Capacity:      128M (100%)        128M (100%)        128M (100%)        128M (100%)        128M (100%)        128M (100%)   
[2024-07-21T22:32:40.971+0800][8.959s][gc,heap     ] GC(143)      Free:        0M (0%)            0M (0%)           80M (62%)          76M (59%)          82M (64%)           0M (0%)     
[2024-07-21T22:32:40.971+0800][8.959s][gc,heap     ] GC(143)      Used:      128M (100%)        128M (100%)         48M (38%)          52M (41%)         128M (100%)         46M (36%)    
[2024-07-21T22:32:40.971+0800][8.959s][gc,heap     ] GC(143)      Live:         -                40M (32%)          40M (32%)          40M (32%)            -                  -          
[2024-07-21T22:32:40.971+0800][8.959s][gc,heap     ] GC(143) Allocated:         -                 0M (0%)            2M (2%)            6M (5%)             -                  -          
[2024-07-21T22:32:40.971+0800][8.959s][gc,heap     ] GC(143)   Garbage:         -                87M (68%)           5M (4%)            5M (4%)             -                  -          
[2024-07-21T22:32:40.971+0800][8.959s][gc,heap     ] GC(143) Reclaimed:         -                  -                82M (64%)          82M (64%)            -                  -          
[2024-07-21T22:32:40.971+0800][8.959s][gc          ] GC(143) Garbage Collection (Allocation Stall) 128M(100%)->52M(41%)
[2024-07-21T22:32:40.977+0800][8.965s][gc,start    ] GC(144) Garbage Collection (Allocation Rate)
[2024-07-21T22:32:40.977+0800][8.965s][gc,task     ] GC(144) Using 1 workers
[2024-07-21T22:32:40.977+0800][8.965s][gc,phases   ] GC(144) Pause Mark Start 0.007ms
[2024-07-21T22:32:40.980+0800][8.968s][gc,phases   ] GC(144) Concurrent Mark 3.138ms
[2024-07-21T22:32:40.981+0800][8.969s][gc,phases   ] GC(144) Pause Mark End 0.006ms
[2024-07-21T22:32:40.981+0800][8.969s][gc,phases   ] GC(144) Concurrent Mark Free 0.001ms
[2024-07-21T22:32:40.982+0800][8.970s][gc,phases   ] GC(144) Concurrent Process Non-Strong References 1.118ms
[2024-07-21T22:32:40.982+0800][8.970s][gc,phases   ] GC(144) Concurrent Reset Relocation Set 0.000ms
[2024-07-21T22:32:40.984+0800][8.972s][gc,phases   ] GC(144) Concurrent Select Relocation Set 1.781ms
[2024-07-21T22:32:40.984+0800][8.972s][gc,phases   ] GC(144) Pause Relocate Start 0.004ms
[2024-07-21T22:32:40.985+0800][8.973s][gc,phases   ] GC(144) Concurrent Relocate 0.563ms
[2024-07-21T22:32:40.985+0800][8.973s][gc,load     ] GC(144) Load: 0.00/0.00/0.00
[2024-07-21T22:32:40.985+0800][8.973s][gc,mmu      ] GC(144) MMU: 2ms/96.5%, 5ms/98.4%, 10ms/99.2%, 20ms/99.5%, 50ms/99.8%, 100ms/99.9%
[2024-07-21T22:32:40.985+0800][8.973s][gc,marking  ] GC(144) Mark: 1 stripe(s), 1 proactive flush(es), 1 terminate flush(es), 0 completion(s), 0 continuation(s) 
[2024-07-21T22:32:40.985+0800][8.973s][gc,marking  ] GC(144) Mark Stack Usage: 32M
[2024-07-21T22:32:40.985+0800][8.973s][gc,nmethod  ] GC(144) NMethods: 445 registered, 0 unregistered
[2024-07-21T22:32:40.985+0800][8.973s][gc,metaspace] GC(144) Metaspace: 1M used, 1M committed, 1032M reserved
[2024-07-21T22:32:40.985+0800][8.973s][gc,ref      ] GC(144) Soft: 43 encountered, 0 discovered, 0 enqueued
[2024-07-21T22:32:40.985+0800][8.973s][gc,ref      ] GC(144) Weak: 131 encountered, 107 discovered, 0 enqueued
[2024-07-21T22:32:40.985+0800][8.973s][gc,ref      ] GC(144) Final: 0 encountered, 0 discovered, 0 enqueued
[2024-07-21T22:32:40.985+0800][8.973s][gc,ref      ] GC(144) Phantom: 184 encountered, 98 discovered, 0 enqueued
[2024-07-21T22:32:40.985+0800][8.973s][gc,reloc    ] GC(144) Small Pages: 4 / 8M, Empty: 0M, Relocated: 1M, In-Place: 0
[2024-07-21T22:32:40.985+0800][8.973s][gc,reloc    ] GC(144) Medium Pages: 1 / 4M, Empty: 0M, Relocated: 0M, In-Place: 0
[2024-07-21T22:32:40.985+0800][8.973s][gc,reloc    ] GC(144) Large Pages: 20 / 40M, Empty: 40M, Relocated: 0M, In-Place: 0
[2024-07-21T22:32:40.985+0800][8.973s][gc,reloc    ] GC(144) Forwarding Usage: 0M
[2024-07-21T22:32:40.985+0800][8.973s][gc,heap     ] GC(144) Min Capacity: 8M(6%)
[2024-07-21T22:32:40.985+0800][8.973s][gc,heap     ] GC(144) Max Capacity: 128M(100%)
[2024-07-21T22:32:40.985+0800][8.973s][gc,heap     ] GC(144) Soft Max Capacity: 128M(100%)
[2024-07-21T22:32:40.985+0800][8.973s][gc,heap     ] GC(144)                Mark Start          Mark End        Relocate Start      Relocate End           High               Low         
[2024-07-21T22:32:40.985+0800][8.973s][gc,heap     ] GC(144)  Capacity:      128M (100%)        128M (100%)        128M (100%)        128M (100%)        128M (100%)        128M (100%)   
[2024-07-21T22:32:40.985+0800][8.973s][gc,heap     ] GC(144)      Free:       76M (59%)          76M (59%)         116M (91%)         118M (92%)         118M (92%)          76M (59%)    
[2024-07-21T22:32:40.985+0800][8.973s][gc,heap     ] GC(144)      Used:       52M (41%)          52M (41%)          12M (9%)           10M (8%)           52M (41%)          10M (8%)     
[2024-07-21T22:32:40.985+0800][8.973s][gc,heap     ] GC(144)      Live:         -                 4M (4%)            4M (4%)            4M (4%)             -                  -          
[2024-07-21T22:32:40.985+0800][8.973s][gc,heap     ] GC(144) Allocated:         -                 0M (0%)            0M (0%)            0M (0%)             -                  -          
[2024-07-21T22:32:40.985+0800][8.973s][gc,heap     ] GC(144)   Garbage:         -                47M (37%)           7M (6%)            5M (4%)             -                  -          
[2024-07-21T22:32:40.985+0800][8.973s][gc,heap     ] GC(144) Reclaimed:         -                  -                40M (31%)          42M (33%)            -                  -          
[2024-07-21T22:32:40.985+0800][8.973s][gc          ] GC(144) Garbage Collection (Allocation Rate) 52M(41%)->10M(8%)
[2024-07-21T22:32:41.072+0800][9.060s][gc,start    ] GC(145) Garbage Collection (Allocation Rate)
[2024-07-21T22:32:41.072+0800][9.060s][gc,task     ] GC(145) Using 1 workers
[2024-07-21T22:32:41.072+0800][9.060s][gc,phases   ] GC(145) Pause Mark Start 0.012ms
[2024-07-21T22:32:41.077+0800][9.065s][gc,phases   ] GC(145) Concurrent Mark 4.657ms
[2024-07-21T22:32:41.077+0800][9.065s][gc,phases   ] GC(145) Pause Mark End 0.009ms
[2024-07-21T22:32:41.077+0800][9.065s][gc,phases   ] GC(145) Concurrent Mark Free 0.001ms
[2024-07-21T22:32:41.079+0800][9.067s][gc,phases   ] GC(145) Concurrent Process Non-Strong References 1.252ms
[2024-07-21T22:32:41.079+0800][9.067s][gc,phases   ] GC(145) Concurrent Reset Relocation Set 0.002ms
[2024-07-21T22:32:41.081+0800][9.069s][gc          ] Allocation Stall (main) 7.502ms
[2024-07-21T22:32:41.081+0800][9.069s][gc,phases   ] GC(145) Concurrent Select Relocation Set 2.345ms
[2024-07-21T22:32:41.081+0800][9.069s][gc,phases   ] GC(145) Pause Relocate Start 0.007ms
[2024-07-21T22:32:41.081+0800][9.070s][gc,phases   ] GC(145) Concurrent Relocate 0.105ms
[2024-07-21T22:32:41.081+0800][9.070s][gc,load     ] GC(145) Load: 0.00/0.00/0.00
[2024-07-21T22:32:41.081+0800][9.070s][gc,mmu      ] GC(145) MMU: 2ms/96.5%, 5ms/98.4%, 10ms/99.2%, 20ms/99.5%, 50ms/99.8%, 100ms/99.9%
[2024-07-21T22:32:41.082+0800][9.070s][gc,marking  ] GC(145) Mark: 1 stripe(s), 2 proactive flush(es), 1 terminate flush(es), 0 completion(s), 0 continuation(s) 
[2024-07-21T22:32:41.082+0800][9.070s][gc,marking  ] GC(145) Mark Stack Usage: 32M
[2024-07-21T22:32:41.082+0800][9.070s][gc,nmethod  ] GC(145) NMethods: 446 registered, 0 unregistered
[2024-07-21T22:32:41.082+0800][9.070s][gc,metaspace] GC(145) Metaspace: 1M used, 1M committed, 1032M reserved
[2024-07-21T22:32:41.082+0800][9.070s][gc,ref      ] GC(145) Soft: 43 encountered, 0 discovered, 0 enqueued
[2024-07-21T22:32:41.082+0800][9.070s][gc,ref      ] GC(145) Weak: 131 encountered, 107 discovered, 0 enqueued
[2024-07-21T22:32:41.082+0800][9.070s][gc,ref      ] GC(145) Final: 0 encountered, 0 discovered, 0 enqueued
[2024-07-21T22:32:41.082+0800][9.070s][gc,ref      ] GC(145) Phantom: 184 encountered, 98 discovered, 0 enqueued
[2024-07-21T22:32:41.082+0800][9.070s][gc,reloc    ] GC(145) Small Pages: 4 / 8M, Empty: 2M, Relocated: 0M, In-Place: 0
[2024-07-21T22:32:41.082+0800][9.070s][gc,reloc    ] GC(145) Medium Pages: 1 / 4M, Empty: 0M, Relocated: 0M, In-Place: 0
[2024-07-21T22:32:41.082+0800][9.070s][gc,reloc    ] GC(145) Large Pages: 52 / 104M, Empty: 80M, Relocated: 0M, In-Place: 0
[2024-07-21T22:32:41.082+0800][9.070s][gc,reloc    ] GC(145) Forwarding Usage: 0M
[2024-07-21T22:32:41.082+0800][9.070s][gc,heap     ] GC(145) Min Capacity: 8M(6%)
[2024-07-21T22:32:41.082+0800][9.070s][gc,heap     ] GC(145) Max Capacity: 128M(100%)
[2024-07-21T22:32:41.082+0800][9.070s][gc,heap     ] GC(145) Soft Max Capacity: 128M(100%)
[2024-07-21T22:32:41.082+0800][9.070s][gc,heap     ] GC(145)                Mark Start          Mark End        Relocate Start      Relocate End           High               Low         
[2024-07-21T22:32:41.082+0800][9.070s][gc,heap     ] GC(145)  Capacity:      128M (100%)        128M (100%)        128M (100%)        128M (100%)        128M (100%)        128M (100%)   
[2024-07-21T22:32:41.082+0800][9.070s][gc,heap     ] GC(145)      Free:       12M (9%)            0M (0%)           80M (62%)          76M (59%)          82M (64%)           0M (0%)     
[2024-07-21T22:32:41.082+0800][9.070s][gc,heap     ] GC(145)      Used:      116M (91%)         128M (100%)         48M (38%)          52M (41%)         128M (100%)         46M (36%)    
[2024-07-21T22:32:41.082+0800][9.070s][gc,heap     ] GC(145)      Live:         -                28M (22%)          28M (22%)          28M (22%)            -                  -          
[2024-07-21T22:32:41.082+0800][9.070s][gc,heap     ] GC(145) Allocated:         -                12M (9%)           14M (11%)          18M (14%)            -                  -          
[2024-07-21T22:32:41.082+0800][9.070s][gc,heap     ] GC(145)   Garbage:         -                87M (68%)           5M (4%)            5M (4%)             -                  -          
[2024-07-21T22:32:41.082+0800][9.070s][gc,heap     ] GC(145) Reclaimed:         -                  -                82M (64%)          82M (64%)            -                  -          
[2024-07-21T22:32:41.082+0800][9.070s][gc          ] GC(145) Garbage Collection (Allocation Rate) 116M(91%)->52M(41%)
[2024-07-21T22:32:41.153+0800][9.141s][gc,start    ] GC(146) Garbage Collection (Allocation Stall)
[2024-07-21T22:32:41.153+0800][9.141s][gc,ref      ] GC(146) Clearing All SoftReferences
[2024-07-21T22:32:41.153+0800][9.141s][gc,task     ] GC(146) Using 1 workers
[2024-07-21T22:32:41.153+0800][9.141s][gc,phases   ] GC(146) Pause Mark Start 0.007ms
[2024-07-21T22:32:41.156+0800][9.144s][gc,phases   ] GC(146) Concurrent Mark 3.208ms
[2024-07-21T22:32:41.156+0800][9.144s][gc,phases   ] GC(146) Pause Mark End 0.006ms
[2024-07-21T22:32:41.156+0800][9.145s][gc,phases   ] GC(146) Concurrent Mark Free 0.001ms
[2024-07-21T22:32:41.157+0800][9.146s][gc,phases   ] GC(146) Concurrent Process Non-Strong References 1.040ms
[2024-07-21T22:32:41.157+0800][9.146s][gc,phases   ] GC(146) Concurrent Reset Relocation Set 0.000ms
[2024-07-21T22:32:41.159+0800][9.147s][gc          ] Allocation Stall (main) 6.852ms
[2024-07-21T22:32:41.159+0800][9.148s][gc,phases   ] GC(146) Concurrent Select Relocation Set 1.879ms
[2024-07-21T22:32:41.160+0800][9.148s][gc,phases   ] GC(146) Pause Relocate Start 0.009ms
[2024-07-21T22:32:41.160+0800][9.148s][gc,phases   ] GC(146) Concurrent Relocate 0.064ms
[2024-07-21T22:32:41.160+0800][9.148s][gc,load     ] GC(146) Load: 0.00/0.00/0.00
[2024-07-21T22:32:41.160+0800][9.148s][gc,mmu      ] GC(146) MMU: 2ms/96.5%, 5ms/98.4%, 10ms/99.2%, 20ms/99.5%, 50ms/99.8%, 100ms/99.9%
[2024-07-21T22:32:41.160+0800][9.148s][gc,marking  ] GC(146) Mark: 1 stripe(s), 1 proactive flush(es), 1 terminate flush(es), 0 completion(s), 0 continuation(s) 
[2024-07-21T22:32:41.160+0800][9.148s][gc,marking  ] GC(146) Mark Stack Usage: 32M
[2024-07-21T22:32:41.160+0800][9.148s][gc,nmethod  ] GC(146) NMethods: 446 registered, 0 unregistered
[2024-07-21T22:32:41.160+0800][9.148s][gc,metaspace] GC(146) Metaspace: 1M used, 1M committed, 1032M reserved
[2024-07-21T22:32:41.160+0800][9.148s][gc,ref      ] GC(146) Soft: 43 encountered, 20 discovered, 0 enqueued
[2024-07-21T22:32:41.160+0800][9.148s][gc,ref      ] GC(146) Weak: 131 encountered, 107 discovered, 0 enqueued
[2024-07-21T22:32:41.160+0800][9.148s][gc,ref      ] GC(146) Final: 0 encountered, 0 discovered, 0 enqueued
[2024-07-21T22:32:41.160+0800][9.148s][gc,ref      ] GC(146) Phantom: 184 encountered, 98 discovered, 0 enqueued
[2024-07-21T22:32:41.160+0800][9.148s][gc,reloc    ] GC(146) Small Pages: 4 / 8M, Empty: 2M, Relocated: 0M, In-Place: 0
[2024-07-21T22:32:41.160+0800][9.148s][gc,reloc    ] GC(146) Medium Pages: 1 / 4M, Empty: 0M, Relocated: 0M, In-Place: 0
[2024-07-21T22:32:41.160+0800][9.148s][gc,reloc    ] GC(146) Large Pages: 58 / 116M, Empty: 80M, Relocated: 0M, In-Place: 0
[2024-07-21T22:32:41.160+0800][9.148s][gc,reloc    ] GC(146) Forwarding Usage: 0M
[2024-07-21T22:32:41.160+0800][9.148s][gc,heap     ] GC(146) Min Capacity: 8M(6%)
[2024-07-21T22:32:41.160+0800][9.148s][gc,heap     ] GC(146) Max Capacity: 128M(100%)
[2024-07-21T22:32:41.160+0800][9.148s][gc,heap     ] GC(146) Soft Max Capacity: 128M(100%)
[2024-07-21T22:32:41.160+0800][9.148s][gc,heap     ] GC(146)                Mark Start          Mark End        Relocate Start      Relocate End           High               Low         
[2024-07-21T22:32:41.160+0800][9.148s][gc,heap     ] GC(146)  Capacity:      128M (100%)        128M (100%)        128M (100%)        128M (100%)        128M (100%)        128M (100%)   
[2024-07-21T22:32:41.160+0800][9.148s][gc,heap     ] GC(146)      Free:        0M (0%)            0M (0%)           80M (62%)          80M (62%)          82M (64%)           0M (0%)     
[2024-07-21T22:32:41.160+0800][9.148s][gc,heap     ] GC(146)      Used:      128M (100%)        128M (100%)         48M (38%)          48M (38%)         128M (100%)         46M (36%)    
[2024-07-21T22:32:41.160+0800][9.148s][gc,heap     ] GC(146)      Live:         -                40M (32%)          40M (32%)          40M (32%)            -                  -          
[2024-07-21T22:32:41.160+0800][9.148s][gc,heap     ] GC(146) Allocated:         -                 0M (0%)            2M (2%)            2M (2%)             -                  -          
[2024-07-21T22:32:41.160+0800][9.148s][gc,heap     ] GC(146)   Garbage:         -                87M (68%)           5M (4%)            5M (4%)             -                  -          
[2024-07-21T22:32:41.160+0800][9.148s][gc,heap     ] GC(146) Reclaimed:         -                  -                82M (64%)          82M (64%)            -                  -          
[2024-07-21T22:32:41.160+0800][9.148s][gc          ] GC(146) Garbage Collection (Allocation Stall) 128M(100%)->48M(38%)
[2024-07-21T22:32:41.168+0800][9.156s][gc,start    ] GC(147) Garbage Collection (Allocation Rate)
[2024-07-21T22:32:41.168+0800][9.156s][gc,task     ] GC(147) Using 1 workers
[2024-07-21T22:32:41.168+0800][9.156s][gc,phases   ] GC(147) Pause Mark Start 0.009ms
[2024-07-21T22:32:41.172+0800][9.160s][gc,phases   ] GC(147) Concurrent Mark 3.264ms
[2024-07-21T22:32:41.172+0800][9.160s][gc,phases   ] GC(147) Pause Mark End 0.006ms
[2024-07-21T22:32:41.172+0800][9.160s][gc,phases   ] GC(147) Concurrent Mark Free 0.001ms
[2024-07-21T22:32:41.173+0800][9.161s][gc,phases   ] GC(147) Concurrent Process Non-Strong References 1.109ms
[2024-07-21T22:32:41.173+0800][9.161s][gc,phases   ] GC(147) Concurrent Reset Relocation Set 0.000ms
[2024-07-21T22:32:41.175+0800][9.163s][gc,phases   ] GC(147) Concurrent Select Relocation Set 1.792ms
[2024-07-21T22:32:41.175+0800][9.163s][gc,phases   ] GC(147) Pause Relocate Start 0.004ms
[2024-07-21T22:32:41.176+0800][9.164s][gc,phases   ] GC(147) Concurrent Relocate 0.651ms
[2024-07-21T22:32:41.176+0800][9.164s][gc,load     ] GC(147) Load: 0.00/0.00/0.00
[2024-07-21T22:32:41.176+0800][9.164s][gc,mmu      ] GC(147) MMU: 2ms/96.5%, 5ms/98.4%, 10ms/99.2%, 20ms/99.5%, 50ms/99.8%, 100ms/99.9%
[2024-07-21T22:32:41.176+0800][9.164s][gc,marking  ] GC(147) Mark: 1 stripe(s), 1 proactive flush(es), 1 terminate flush(es), 0 completion(s), 0 continuation(s) 
[2024-07-21T22:32:41.176+0800][9.164s][gc,marking  ] GC(147) Mark Stack Usage: 32M
[2024-07-21T22:32:41.176+0800][9.164s][gc,nmethod  ] GC(147) NMethods: 446 registered, 0 unregistered
[2024-07-21T22:32:41.176+0800][9.164s][gc,metaspace] GC(147) Metaspace: 1M used, 1M committed, 1032M reserved
[2024-07-21T22:32:41.176+0800][9.164s][gc,ref      ] GC(147) Soft: 43 encountered, 0 discovered, 0 enqueued
[2024-07-21T22:32:41.176+0800][9.164s][gc,ref      ] GC(147) Weak: 131 encountered, 107 discovered, 0 enqueued
[2024-07-21T22:32:41.176+0800][9.164s][gc,ref      ] GC(147) Final: 0 encountered, 0 discovered, 0 enqueued
[2024-07-21T22:32:41.176+0800][9.164s][gc,ref      ] GC(147) Phantom: 184 encountered, 98 discovered, 0 enqueued
[2024-07-21T22:32:41.176+0800][9.164s][gc,reloc    ] GC(147) Small Pages: 4 / 8M, Empty: 0M, Relocated: 1M, In-Place: 0
[2024-07-21T22:32:41.176+0800][9.164s][gc,reloc    ] GC(147) Medium Pages: 1 / 4M, Empty: 0M, Relocated: 0M, In-Place: 0
[2024-07-21T22:32:41.176+0800][9.164s][gc,reloc    ] GC(147) Large Pages: 20 / 40M, Empty: 40M, Relocated: 0M, In-Place: 0
[2024-07-21T22:32:41.176+0800][9.164s][gc,reloc    ] GC(147) Forwarding Usage: 0M
[2024-07-21T22:32:41.176+0800][9.164s][gc,heap     ] GC(147) Min Capacity: 8M(6%)
[2024-07-21T22:32:41.176+0800][9.164s][gc,heap     ] GC(147) Max Capacity: 128M(100%)
[2024-07-21T22:32:41.176+0800][9.164s][gc,heap     ] GC(147) Soft Max Capacity: 128M(100%)
[2024-07-21T22:32:41.176+0800][9.164s][gc,heap     ] GC(147)                Mark Start          Mark End        Relocate Start      Relocate End           High               Low         
[2024-07-21T22:32:41.176+0800][9.164s][gc,heap     ] GC(147)  Capacity:      128M (100%)        128M (100%)        128M (100%)        128M (100%)        128M (100%)        128M (100%)   
[2024-07-21T22:32:41.176+0800][9.164s][gc,heap     ] GC(147)      Free:       76M (59%)          76M (59%)         116M (91%)         118M (92%)         118M (92%)          76M (59%)    
[2024-07-21T22:32:41.176+0800][9.164s][gc,heap     ] GC(147)      Used:       52M (41%)          52M (41%)          12M (9%)           10M (8%)           52M (41%)          10M (8%)     
[2024-07-21T22:32:41.176+0800][9.164s][gc,heap     ] GC(147)      Live:         -                 4M (4%)            4M (4%)            4M (4%)             -                  -          
[2024-07-21T22:32:41.176+0800][9.164s][gc,heap     ] GC(147) Allocated:         -                 0M (0%)            0M (0%)            0M (0%)             -                  -          
[2024-07-21T22:32:41.176+0800][9.164s][gc,heap     ] GC(147)   Garbage:         -                47M (37%)           7M (6%)            5M (4%)             -                  -          
[2024-07-21T22:32:41.176+0800][9.164s][gc,heap     ] GC(147) Reclaimed:         -                  -                40M (31%)          42M (33%)            -                  -          
[2024-07-21T22:32:41.176+0800][9.164s][gc          ] GC(147) Garbage Collection (Allocation Rate) 52M(41%)->10M(8%)
[2024-07-21T22:32:41.266+0800][9.254s][gc,start    ] GC(148) Garbage Collection (Allocation Stall)
[2024-07-21T22:32:41.266+0800][9.254s][gc,ref      ] GC(148) Clearing All SoftReferences
[2024-07-21T22:32:41.266+0800][9.254s][gc,task     ] GC(148) Using 1 workers
[2024-07-21T22:32:41.266+0800][9.254s][gc,phases   ] GC(148) Pause Mark Start 0.008ms
[2024-07-21T22:32:41.272+0800][9.260s][gc,phases   ] GC(148) Concurrent Mark 5.361ms
[2024-07-21T22:32:41.272+0800][9.260s][gc,phases   ] GC(148) Pause Mark End 0.018ms
[2024-07-21T22:32:41.272+0800][9.260s][gc,phases   ] GC(148) Concurrent Mark Free 0.001ms
[2024-07-21T22:32:41.273+0800][9.261s][gc,phases   ] GC(148) Concurrent Process Non-Strong References 1.176ms
[2024-07-21T22:32:41.273+0800][9.261s][gc,phases   ] GC(148) Concurrent Reset Relocation Set 0.002ms
[2024-07-21T22:32:41.276+0800][9.264s][gc          ] Allocation Stall (main) 10.463ms
[2024-07-21T22:32:41.276+0800][9.264s][gc,phases   ] GC(148) Concurrent Select Relocation Set 2.791ms
[2024-07-21T22:32:41.276+0800][9.265s][gc,phases   ] GC(148) Pause Relocate Start 0.025ms
[2024-07-21T22:32:41.277+0800][9.265s][gc,phases   ] GC(148) Concurrent Relocate 0.083ms
[2024-07-21T22:32:41.277+0800][9.265s][gc,load     ] GC(148) Load: 0.00/0.00/0.00
[2024-07-21T22:32:41.277+0800][9.265s][gc,mmu      ] GC(148) MMU: 2ms/96.5%, 5ms/98.4%, 10ms/99.2%, 20ms/99.5%, 50ms/99.8%, 100ms/99.9%
[2024-07-21T22:32:41.277+0800][9.265s][gc,marking  ] GC(148) Mark: 1 stripe(s), 1 proactive flush(es), 1 terminate flush(es), 0 completion(s), 0 continuation(s) 
[2024-07-21T22:32:41.277+0800][9.265s][gc,marking  ] GC(148) Mark Stack Usage: 32M
[2024-07-21T22:32:41.277+0800][9.265s][gc,nmethod  ] GC(148) NMethods: 446 registered, 0 unregistered
[2024-07-21T22:32:41.277+0800][9.265s][gc,metaspace] GC(148) Metaspace: 1M used, 1M committed, 1032M reserved
[2024-07-21T22:32:41.277+0800][9.265s][gc,ref      ] GC(148) Soft: 43 encountered, 20 discovered, 0 enqueued
[2024-07-21T22:32:41.277+0800][9.265s][gc,ref      ] GC(148) Weak: 131 encountered, 107 discovered, 0 enqueued
[2024-07-21T22:32:41.277+0800][9.265s][gc,ref      ] GC(148) Final: 0 encountered, 0 discovered, 0 enqueued
[2024-07-21T22:32:41.277+0800][9.265s][gc,ref      ] GC(148) Phantom: 184 encountered, 98 discovered, 0 enqueued
[2024-07-21T22:32:41.277+0800][9.265s][gc,reloc    ] GC(148) Small Pages: 4 / 8M, Empty: 2M, Relocated: 0M, In-Place: 0
[2024-07-21T22:32:41.277+0800][9.265s][gc,reloc    ] GC(148) Medium Pages: 1 / 4M, Empty: 0M, Relocated: 0M, In-Place: 0
[2024-07-21T22:32:41.277+0800][9.265s][gc,reloc    ] GC(148) Large Pages: 58 / 116M, Empty: 80M, Relocated: 0M, In-Place: 0
[2024-07-21T22:32:41.277+0800][9.265s][gc,reloc    ] GC(148) Forwarding Usage: 0M
[2024-07-21T22:32:41.277+0800][9.265s][gc,heap     ] GC(148) Min Capacity: 8M(6%)
[2024-07-21T22:32:41.277+0800][9.265s][gc,heap     ] GC(148) Max Capacity: 128M(100%)
[2024-07-21T22:32:41.277+0800][9.265s][gc,heap     ] GC(148) Soft Max Capacity: 128M(100%)
[2024-07-21T22:32:41.277+0800][9.265s][gc,heap     ] GC(148)                Mark Start          Mark End        Relocate Start      Relocate End           High               Low         
[2024-07-21T22:32:41.277+0800][9.265s][gc,heap     ] GC(148)  Capacity:      128M (100%)        128M (100%)        128M (100%)        128M (100%)        128M (100%)        128M (100%)   
[2024-07-21T22:32:41.277+0800][9.265s][gc,heap     ] GC(148)      Free:        0M (0%)            0M (0%)           80M (62%)          78M (61%)          82M (64%)           0M (0%)     
[2024-07-21T22:32:41.277+0800][9.265s][gc,heap     ] GC(148)      Used:      128M (100%)        128M (100%)         48M (38%)          50M (39%)         128M (100%)         46M (36%)    
[2024-07-21T22:32:41.277+0800][9.265s][gc,heap     ] GC(148)      Live:         -                40M (32%)          40M (32%)          40M (32%)            -                  -          
[2024-07-21T22:32:41.277+0800][9.265s][gc,heap     ] GC(148) Allocated:         -                 0M (0%)            2M (2%)            4M (3%)             -                  -          
[2024-07-21T22:32:41.277+0800][9.265s][gc,heap     ] GC(148)   Garbage:         -                87M (68%)           5M (4%)            5M (4%)             -                  -          
[2024-07-21T22:32:41.277+0800][9.265s][gc,heap     ] GC(148) Reclaimed:         -                  -                82M (64%)          82M (64%)            -                  -          
[2024-07-21T22:32:41.277+0800][9.265s][gc          ] GC(148) Garbage Collection (Allocation Stall) 128M(100%)->50M(39%)
[2024-07-21T22:32:41.280+0800][9.268s][gc,start    ] GC(149) Garbage Collection (Allocation Rate)
[2024-07-21T22:32:41.280+0800][9.268s][gc,task     ] GC(149) Using 1 workers
[2024-07-21T22:32:41.280+0800][9.268s][gc,phases   ] GC(149) Pause Mark Start 0.010ms
[2024-07-21T22:32:41.285+0800][9.274s][gc,phases   ] GC(149) Concurrent Mark 6.078ms
[2024-07-21T22:32:41.286+0800][9.274s][gc,phases   ] GC(149) Pause Mark End 0.018ms
[2024-07-21T22:32:41.286+0800][9.274s][gc,phases   ] GC(149) Concurrent Mark Free 0.001ms
[2024-07-21T22:32:41.287+0800][9.276s][gc,phases   ] GC(149) Concurrent Process Non-Strong References 1.814ms
[2024-07-21T22:32:41.287+0800][9.276s][gc,phases   ] GC(149) Concurrent Reset Relocation Set 0.004ms
[2024-07-21T22:32:41.291+0800][9.279s][gc,phases   ] GC(149) Concurrent Select Relocation Set 3.007ms
[2024-07-21T22:32:41.291+0800][9.280s][gc,phases   ] GC(149) Pause Relocate Start 0.007ms
[2024-07-21T22:32:41.292+0800][9.281s][gc,phases   ] GC(149) Concurrent Relocate 0.902ms
[2024-07-21T22:32:41.292+0800][9.281s][gc,load     ] GC(149) Load: 0.00/0.00/0.00
[2024-07-21T22:32:41.292+0800][9.281s][gc,mmu      ] GC(149) MMU: 2ms/96.5%, 5ms/98.4%, 10ms/99.2%, 20ms/99.5%, 50ms/99.8%, 100ms/99.9%
[2024-07-21T22:32:41.292+0800][9.281s][gc,marking  ] GC(149) Mark: 1 stripe(s), 1 proactive flush(es), 1 terminate flush(es), 0 completion(s), 0 continuation(s) 
[2024-07-21T22:32:41.292+0800][9.281s][gc,marking  ] GC(149) Mark Stack Usage: 32M
[2024-07-21T22:32:41.292+0800][9.281s][gc,nmethod  ] GC(149) NMethods: 446 registered, 0 unregistered
[2024-07-21T22:32:41.292+0800][9.281s][gc,metaspace] GC(149) Metaspace: 1M used, 1M committed, 1032M reserved
[2024-07-21T22:32:41.292+0800][9.281s][gc,ref      ] GC(149) Soft: 43 encountered, 0 discovered, 0 enqueued
[2024-07-21T22:32:41.292+0800][9.281s][gc,ref      ] GC(149) Weak: 131 encountered, 107 discovered, 0 enqueued
[2024-07-21T22:32:41.292+0800][9.281s][gc,ref      ] GC(149) Final: 0 encountered, 0 discovered, 0 enqueued
[2024-07-21T22:32:41.292+0800][9.281s][gc,ref      ] GC(149) Phantom: 184 encountered, 98 discovered, 0 enqueued
[2024-07-21T22:32:41.292+0800][9.281s][gc,reloc    ] GC(149) Small Pages: 4 / 8M, Empty: 0M, Relocated: 1M, In-Place: 0
[2024-07-21T22:32:41.292+0800][9.281s][gc,reloc    ] GC(149) Medium Pages: 1 / 4M, Empty: 0M, Relocated: 0M, In-Place: 0
[2024-07-21T22:32:41.292+0800][9.281s][gc,reloc    ] GC(149) Large Pages: 20 / 40M, Empty: 40M, Relocated: 0M, In-Place: 0
[2024-07-21T22:32:41.292+0800][9.281s][gc,reloc    ] GC(149) Forwarding Usage: 0M
[2024-07-21T22:32:41.292+0800][9.281s][gc,heap     ] GC(149) Min Capacity: 8M(6%)
[2024-07-21T22:32:41.292+0800][9.281s][gc,heap     ] GC(149) Max Capacity: 128M(100%)
[2024-07-21T22:32:41.292+0800][9.281s][gc,heap     ] GC(149) Soft Max Capacity: 128M(100%)
[2024-07-21T22:32:41.292+0800][9.281s][gc,heap     ] GC(149)                Mark Start          Mark End        Relocate Start      Relocate End           High               Low         
[2024-07-21T22:32:41.292+0800][9.281s][gc,heap     ] GC(149)  Capacity:      128M (100%)        128M (100%)        128M (100%)        128M (100%)        128M (100%)        128M (100%)   
[2024-07-21T22:32:41.292+0800][9.281s][gc,heap     ] GC(149)      Free:       76M (59%)          76M (59%)         116M (91%)         118M (92%)         118M (92%)          76M (59%)    
[2024-07-21T22:32:41.292+0800][9.281s][gc,heap     ] GC(149)      Used:       52M (41%)          52M (41%)          12M (9%)           10M (8%)           52M (41%)          10M (8%)     
[2024-07-21T22:32:41.292+0800][9.281s][gc,heap     ] GC(149)      Live:         -                 4M (4%)            4M (4%)            4M (4%)             -                  -          
[2024-07-21T22:32:41.292+0800][9.281s][gc,heap     ] GC(149) Allocated:         -                 0M (0%)            0M (0%)            0M (0%)             -                  -          
[2024-07-21T22:32:41.292+0800][9.281s][gc,heap     ] GC(149)   Garbage:         -                47M (37%)           7M (6%)            5M (4%)             -                  -          
[2024-07-21T22:32:41.292+0800][9.281s][gc,heap     ] GC(149) Reclaimed:         -                  -                40M (31%)          42M (33%)            -                  -          
[2024-07-21T22:32:41.292+0800][9.281s][gc          ] GC(149) Garbage Collection (Allocation Rate) 52M(41%)->10M(8%)
[2024-07-21T22:32:41.374+0800][9.362s][gc,start    ] GC(150) Garbage Collection (Allocation Rate)
[2024-07-21T22:32:41.374+0800][9.362s][gc,task     ] GC(150) Using 1 workers
[2024-07-21T22:32:41.374+0800][9.362s][gc,phases   ] GC(150) Pause Mark Start 0.010ms
[2024-07-21T22:32:41.377+0800][9.366s][gc,phases   ] GC(150) Concurrent Mark 3.732ms
[2024-07-21T22:32:41.378+0800][9.366s][gc,phases   ] GC(150) Pause Mark End 0.014ms
[2024-07-21T22:32:41.378+0800][9.366s][gc,phases   ] GC(150) Concurrent Mark Free 0.001ms
[2024-07-21T22:32:41.379+0800][9.368s][gc,phases   ] GC(150) Concurrent Process Non-Strong References 1.114ms
[2024-07-21T22:32:41.379+0800][9.368s][gc,phases   ] GC(150) Concurrent Reset Relocation Set 0.001ms
[2024-07-21T22:32:41.381+0800][9.369s][gc          ] Allocation Stall (main) 5.984ms
[2024-07-21T22:32:41.381+0800][9.370s][gc,phases   ] GC(150) Concurrent Select Relocation Set 1.868ms
[2024-07-21T22:32:41.381+0800][9.370s][gc,phases   ] GC(150) Pause Relocate Start 0.004ms
[2024-07-21T22:32:41.381+0800][9.370s][gc,phases   ] GC(150) Concurrent Relocate 0.105ms
[2024-07-21T22:32:41.381+0800][9.370s][gc,load     ] GC(150) Load: 0.00/0.00/0.00
[2024-07-21T22:32:41.381+0800][9.370s][gc,mmu      ] GC(150) MMU: 2ms/96.5%, 5ms/98.4%, 10ms/99.2%, 20ms/99.5%, 50ms/99.8%, 100ms/99.9%
[2024-07-21T22:32:41.381+0800][9.370s][gc,marking  ] GC(150) Mark: 1 stripe(s), 2 proactive flush(es), 1 terminate flush(es), 0 completion(s), 0 continuation(s) 
[2024-07-21T22:32:41.381+0800][9.370s][gc,marking  ] GC(150) Mark Stack Usage: 32M
[2024-07-21T22:32:41.381+0800][9.370s][gc,nmethod  ] GC(150) NMethods: 446 registered, 0 unregistered
[2024-07-21T22:32:41.381+0800][9.370s][gc,metaspace] GC(150) Metaspace: 1M used, 1M committed, 1032M reserved
[2024-07-21T22:32:41.381+0800][9.370s][gc,ref      ] GC(150) Soft: 43 encountered, 0 discovered, 0 enqueued
[2024-07-21T22:32:41.381+0800][9.370s][gc,ref      ] GC(150) Weak: 131 encountered, 107 discovered, 0 enqueued
[2024-07-21T22:32:41.381+0800][9.370s][gc,ref      ] GC(150) Final: 0 encountered, 0 discovered, 0 enqueued
[2024-07-21T22:32:41.381+0800][9.370s][gc,ref      ] GC(150) Phantom: 184 encountered, 98 discovered, 0 enqueued
[2024-07-21T22:32:41.381+0800][9.370s][gc,reloc    ] GC(150) Small Pages: 4 / 8M, Empty: 2M, Relocated: 0M, In-Place: 0
[2024-07-21T22:32:41.381+0800][9.370s][gc,reloc    ] GC(150) Medium Pages: 1 / 4M, Empty: 0M, Relocated: 0M, In-Place: 0
[2024-07-21T22:32:41.381+0800][9.370s][gc,reloc    ] GC(150) Large Pages: 53 / 106M, Empty: 80M, Relocated: 0M, In-Place: 0
[2024-07-21T22:32:41.381+0800][9.370s][gc,reloc    ] GC(150) Forwarding Usage: 0M
[2024-07-21T22:32:41.381+0800][9.370s][gc,heap     ] GC(150) Min Capacity: 8M(6%)
[2024-07-21T22:32:41.381+0800][9.370s][gc,heap     ] GC(150) Max Capacity: 128M(100%)
[2024-07-21T22:32:41.381+0800][9.370s][gc,heap     ] GC(150) Soft Max Capacity: 128M(100%)
[2024-07-21T22:32:41.381+0800][9.370s][gc,heap     ] GC(150)                Mark Start          Mark End        Relocate Start      Relocate End           High               Low         
[2024-07-21T22:32:41.381+0800][9.370s][gc,heap     ] GC(150)  Capacity:      128M (100%)        128M (100%)        128M (100%)        128M (100%)        128M (100%)        128M (100%)   
[2024-07-21T22:32:41.381+0800][9.370s][gc,heap     ] GC(150)      Free:       10M (8%)            0M (0%)           76M (59%)          76M (59%)          82M (64%)           0M (0%)     
[2024-07-21T22:32:41.381+0800][9.370s][gc,heap     ] GC(150)      Used:      118M (92%)         128M (100%)         52M (41%)          52M (41%)         128M (100%)         46M (36%)    
[2024-07-21T22:32:41.381+0800][9.370s][gc,heap     ] GC(150)      Live:         -                30M (24%)          30M (24%)          30M (24%)            -                  -          
[2024-07-21T22:32:41.381+0800][9.370s][gc,heap     ] GC(150) Allocated:         -                10M (8%)           16M (12%)          16M (12%)            -                  -          
[2024-07-21T22:32:41.381+0800][9.370s][gc,heap     ] GC(150)   Garbage:         -                87M (68%)           5M (4%)            5M (4%)             -                  -          
[2024-07-21T22:32:41.381+0800][9.370s][gc,heap     ] GC(150) Reclaimed:         -                  -                82M (64%)          82M (64%)            -                  -          
[2024-07-21T22:32:41.381+0800][9.370s][gc          ] GC(150) Garbage Collection (Allocation Rate) 118M(92%)->52M(41%)
[2024-07-21T22:32:41.454+0800][9.443s][gc,start    ] GC(151) Garbage Collection (Allocation Stall)
[2024-07-21T22:32:41.454+0800][9.443s][gc,ref      ] GC(151) Clearing All SoftReferences
[2024-07-21T22:32:41.454+0800][9.443s][gc,task     ] GC(151) Using 1 workers
[2024-07-21T22:32:41.454+0800][9.443s][gc,phases   ] GC(151) Pause Mark Start 0.006ms
[2024-07-21T22:32:41.458+0800][9.447s][gc,phases   ] GC(151) Concurrent Mark 3.347ms
[2024-07-21T22:32:41.458+0800][9.447s][gc,phases   ] GC(151) Pause Mark End 0.014ms
[2024-07-21T22:32:41.458+0800][9.447s][gc,phases   ] GC(151) Concurrent Mark Free 0.001ms
[2024-07-21T22:32:41.459+0800][9.448s][gc,phases   ] GC(151) Concurrent Process Non-Strong References 1.224ms
[2024-07-21T22:32:41.459+0800][9.448s][gc,phases   ] GC(151) Concurrent Reset Relocation Set 0.000ms
[2024-07-21T22:32:41.462+0800][9.451s][gc          ] Allocation Stall (main) 7.915ms
[2024-07-21T22:32:41.462+0800][9.451s][gc,phases   ] GC(151) Concurrent Select Relocation Set 2.562ms
[2024-07-21T22:32:41.462+0800][9.451s][gc,phases   ] GC(151) Pause Relocate Start 0.028ms
[2024-07-21T22:32:41.463+0800][9.452s][gc,phases   ] GC(151) Concurrent Relocate 0.201ms
[2024-07-21T22:32:41.463+0800][9.452s][gc,load     ] GC(151) Load: 0.00/0.00/0.00
[2024-07-21T22:32:41.463+0800][9.452s][gc,mmu      ] GC(151) MMU: 2ms/96.5%, 5ms/98.4%, 10ms/99.2%, 20ms/99.5%, 50ms/99.8%, 100ms/99.9%
[2024-07-21T22:32:41.463+0800][9.452s][gc,marking  ] GC(151) Mark: 1 stripe(s), 1 proactive flush(es), 1 terminate flush(es), 0 completion(s), 0 continuation(s) 
[2024-07-21T22:32:41.463+0800][9.452s][gc,marking  ] GC(151) Mark Stack Usage: 32M
[2024-07-21T22:32:41.463+0800][9.452s][gc,nmethod  ] GC(151) NMethods: 446 registered, 0 unregistered
[2024-07-21T22:32:41.463+0800][9.452s][gc,metaspace] GC(151) Metaspace: 1M used, 1M committed, 1032M reserved
[2024-07-21T22:32:41.463+0800][9.452s][gc,ref      ] GC(151) Soft: 43 encountered, 20 discovered, 0 enqueued
[2024-07-21T22:32:41.463+0800][9.452s][gc,ref      ] GC(151) Weak: 131 encountered, 107 discovered, 0 enqueued
[2024-07-21T22:32:41.463+0800][9.452s][gc,ref      ] GC(151) Final: 0 encountered, 0 discovered, 0 enqueued
[2024-07-21T22:32:41.463+0800][9.452s][gc,ref      ] GC(151) Phantom: 184 encountered, 98 discovered, 0 enqueued
[2024-07-21T22:32:41.463+0800][9.452s][gc,reloc    ] GC(151) Small Pages: 4 / 8M, Empty: 2M, Relocated: 0M, In-Place: 0
[2024-07-21T22:32:41.463+0800][9.452s][gc,reloc    ] GC(151) Medium Pages: 1 / 4M, Empty: 0M, Relocated: 0M, In-Place: 0
[2024-07-21T22:32:41.463+0800][9.452s][gc,reloc    ] GC(151) Large Pages: 58 / 116M, Empty: 80M, Relocated: 0M, In-Place: 0
[2024-07-21T22:32:41.463+0800][9.452s][gc,reloc    ] GC(151) Forwarding Usage: 0M
[2024-07-21T22:32:41.463+0800][9.452s][gc,heap     ] GC(151) Min Capacity: 8M(6%)
[2024-07-21T22:32:41.463+0800][9.452s][gc,heap     ] GC(151) Max Capacity: 128M(100%)
[2024-07-21T22:32:41.463+0800][9.452s][gc,heap     ] GC(151) Soft Max Capacity: 128M(100%)
[2024-07-21T22:32:41.463+0800][9.452s][gc,heap     ] GC(151)                Mark Start          Mark End        Relocate Start      Relocate End           High               Low         
[2024-07-21T22:32:41.463+0800][9.452s][gc,heap     ] GC(151)  Capacity:      128M (100%)        128M (100%)        128M (100%)        128M (100%)        128M (100%)        128M (100%)   
[2024-07-21T22:32:41.464+0800][9.452s][gc,heap     ] GC(151)      Free:        0M (0%)            0M (0%)           80M (62%)          80M (62%)          82M (64%)           0M (0%)     
[2024-07-21T22:32:41.464+0800][9.452s][gc,heap     ] GC(151)      Used:      128M (100%)        128M (100%)         48M (38%)          48M (38%)         128M (100%)         46M (36%)    
[2024-07-21T22:32:41.464+0800][9.452s][gc,heap     ] GC(151)      Live:         -                40M (32%)          40M (32%)          40M (32%)            -                  -          
[2024-07-21T22:32:41.464+0800][9.452s][gc,heap     ] GC(151) Allocated:         -                 0M (0%)            2M (2%)            2M (2%)             -                  -          
[2024-07-21T22:32:41.464+0800][9.453s][gc,heap     ] GC(151)   Garbage:         -                87M (68%)           5M (4%)            5M (4%)             -                  -          
[2024-07-21T22:32:41.464+0800][9.453s][gc,heap     ] GC(151) Reclaimed:         -                  -                82M (64%)          82M (64%)            -                  -          
[2024-07-21T22:32:41.464+0800][9.453s][gc          ] GC(151) Garbage Collection (Allocation Stall) 128M(100%)->48M(38%)
[2024-07-21T22:32:41.469+0800][9.458s][gc,start    ] GC(152) Garbage Collection (Allocation Rate)
[2024-07-21T22:32:41.469+0800][9.458s][gc,task     ] GC(152) Using 1 workers
[2024-07-21T22:32:41.469+0800][9.458s][gc,phases   ] GC(152) Pause Mark Start 0.016ms
[2024-07-21T22:32:41.474+0800][9.462s][gc,phases   ] GC(152) Concurrent Mark 4.422ms
[2024-07-21T22:32:41.474+0800][9.463s][gc,phases   ] GC(152) Pause Mark End 0.012ms
[2024-07-21T22:32:41.474+0800][9.463s][gc,phases   ] GC(152) Concurrent Mark Free 0.001ms
[2024-07-21T22:32:41.475+0800][9.464s][gc,phases   ] GC(152) Concurrent Process Non-Strong References 1.271ms
[2024-07-21T22:32:41.475+0800][9.464s][gc,phases   ] GC(152) Concurrent Reset Relocation Set 0.000ms
[2024-07-21T22:32:41.478+0800][9.466s][gc,phases   ] GC(152) Concurrent Select Relocation Set 2.239ms
[2024-07-21T22:32:41.478+0800][9.467s][gc,phases   ] GC(152) Pause Relocate Start 0.007ms
[2024-07-21T22:32:41.479+0800][9.467s][gc,phases   ] GC(152) Concurrent Relocate 0.653ms
[2024-07-21T22:32:41.479+0800][9.467s][gc,load     ] GC(152) Load: 0.00/0.00/0.00
[2024-07-21T22:32:41.479+0800][9.467s][gc,mmu      ] GC(152) MMU: 2ms/96.5%, 5ms/98.4%, 10ms/99.2%, 20ms/99.5%, 50ms/99.8%, 100ms/99.9%
[2024-07-21T22:32:41.479+0800][9.467s][gc,marking  ] GC(152) Mark: 1 stripe(s), 1 proactive flush(es), 1 terminate flush(es), 0 completion(s), 0 continuation(s) 
[2024-07-21T22:32:41.479+0800][9.467s][gc,marking  ] GC(152) Mark Stack Usage: 32M
[2024-07-21T22:32:41.479+0800][9.467s][gc,nmethod  ] GC(152) NMethods: 446 registered, 0 unregistered
[2024-07-21T22:32:41.479+0800][9.467s][gc,metaspace] GC(152) Metaspace: 1M used, 1M committed, 1032M reserved
[2024-07-21T22:32:41.479+0800][9.467s][gc,ref      ] GC(152) Soft: 43 encountered, 0 discovered, 0 enqueued
[2024-07-21T22:32:41.479+0800][9.467s][gc,ref      ] GC(152) Weak: 131 encountered, 107 discovered, 0 enqueued
[2024-07-21T22:32:41.479+0800][9.467s][gc,ref      ] GC(152) Final: 0 encountered, 0 discovered, 0 enqueued
[2024-07-21T22:32:41.479+0800][9.468s][gc,ref      ] GC(152) Phantom: 184 encountered, 98 discovered, 0 enqueued
[2024-07-21T22:32:41.479+0800][9.468s][gc,reloc    ] GC(152) Small Pages: 4 / 8M, Empty: 0M, Relocated: 1M, In-Place: 0
[2024-07-21T22:32:41.479+0800][9.468s][gc,reloc    ] GC(152) Medium Pages: 1 / 4M, Empty: 0M, Relocated: 0M, In-Place: 0
[2024-07-21T22:32:41.479+0800][9.468s][gc,reloc    ] GC(152) Large Pages: 20 / 40M, Empty: 40M, Relocated: 0M, In-Place: 0
[2024-07-21T22:32:41.479+0800][9.468s][gc,reloc    ] GC(152) Forwarding Usage: 0M
[2024-07-21T22:32:41.479+0800][9.468s][gc,heap     ] GC(152) Min Capacity: 8M(6%)
[2024-07-21T22:32:41.479+0800][9.468s][gc,heap     ] GC(152) Max Capacity: 128M(100%)
[2024-07-21T22:32:41.479+0800][9.468s][gc,heap     ] GC(152) Soft Max Capacity: 128M(100%)
[2024-07-21T22:32:41.479+0800][9.468s][gc,heap     ] GC(152)                Mark Start          Mark End        Relocate Start      Relocate End           High               Low         
[2024-07-21T22:32:41.479+0800][9.468s][gc,heap     ] GC(152)  Capacity:      128M (100%)        128M (100%)        128M (100%)        128M (100%)        128M (100%)        128M (100%)   
[2024-07-21T22:32:41.479+0800][9.468s][gc,heap     ] GC(152)      Free:       76M (59%)          76M (59%)         116M (91%)         118M (92%)         118M (92%)          76M (59%)    
[2024-07-21T22:32:41.479+0800][9.468s][gc,heap     ] GC(152)      Used:       52M (41%)          52M (41%)          12M (9%)           10M (8%)           52M (41%)          10M (8%)     
[2024-07-21T22:32:41.479+0800][9.468s][gc,heap     ] GC(152)      Live:         -                 4M (4%)            4M (4%)            4M (4%)             -                  -          
[2024-07-21T22:32:41.479+0800][9.468s][gc,heap     ] GC(152) Allocated:         -                 0M (0%)            0M (0%)            0M (0%)             -                  -          
[2024-07-21T22:32:41.479+0800][9.468s][gc,heap     ] GC(152)   Garbage:         -                47M (37%)           7M (6%)            5M (4%)             -                  -          
[2024-07-21T22:32:41.479+0800][9.468s][gc,heap     ] GC(152) Reclaimed:         -                  -                40M (31%)          42M (33%)            -                  -          
[2024-07-21T22:32:41.479+0800][9.468s][gc          ] GC(152) Garbage Collection (Allocation Rate) 52M(41%)->10M(8%)
[2024-07-21T22:32:41.565+0800][9.554s][gc,start    ] GC(153) Garbage Collection (Allocation Stall)
[2024-07-21T22:32:41.565+0800][9.554s][gc,ref      ] GC(153) Clearing All SoftReferences
[2024-07-21T22:32:41.565+0800][9.554s][gc,task     ] GC(153) Using 1 workers
[2024-07-21T22:32:41.566+0800][9.554s][gc,phases   ] GC(153) Pause Mark Start 0.008ms
[2024-07-21T22:32:41.569+0800][9.558s][gc,phases   ] GC(153) Concurrent Mark 3.612ms
[2024-07-21T22:32:41.569+0800][9.558s][gc,phases   ] GC(153) Pause Mark End 0.012ms
[2024-07-21T22:32:41.570+0800][9.558s][gc,phases   ] GC(153) Concurrent Mark Free 0.001ms
[2024-07-21T22:32:41.571+0800][9.559s][gc,phases   ] GC(153) Concurrent Process Non-Strong References 1.041ms
[2024-07-21T22:32:41.571+0800][9.559s][gc,phases   ] GC(153) Concurrent Reset Relocation Set 0.001ms
[2024-07-21T22:32:41.572+0800][9.561s][gc          ] Allocation Stall (main) 7.154ms
[2024-07-21T22:32:41.572+0800][9.561s][gc,phases   ] GC(153) Concurrent Select Relocation Set 1.782ms
[2024-07-21T22:32:41.573+0800][9.561s][gc,phases   ] GC(153) Pause Relocate Start 0.004ms
[2024-07-21T22:32:41.573+0800][9.561s][gc,phases   ] GC(153) Concurrent Relocate 0.112ms
[2024-07-21T22:32:41.573+0800][9.561s][gc,load     ] GC(153) Load: 0.00/0.00/0.00
[2024-07-21T22:32:41.573+0800][9.561s][gc,mmu      ] GC(153) MMU: 2ms/96.5%, 5ms/98.4%, 10ms/99.2%, 20ms/99.5%, 50ms/99.8%, 100ms/99.9%
[2024-07-21T22:32:41.573+0800][9.561s][gc,marking  ] GC(153) Mark: 1 stripe(s), 1 proactive flush(es), 1 terminate flush(es), 0 completion(s), 0 continuation(s) 
[2024-07-21T22:32:41.573+0800][9.561s][gc,marking  ] GC(153) Mark Stack Usage: 32M
[2024-07-21T22:32:41.573+0800][9.562s][gc,nmethod  ] GC(153) NMethods: 446 registered, 0 unregistered
[2024-07-21T22:32:41.573+0800][9.562s][gc,metaspace] GC(153) Metaspace: 1M used, 1M committed, 1032M reserved
[2024-07-21T22:32:41.573+0800][9.562s][gc,ref      ] GC(153) Soft: 43 encountered, 20 discovered, 0 enqueued
[2024-07-21T22:32:41.573+0800][9.562s][gc,ref      ] GC(153) Weak: 131 encountered, 107 discovered, 0 enqueued
[2024-07-21T22:32:41.573+0800][9.562s][gc,ref      ] GC(153) Final: 0 encountered, 0 discovered, 0 enqueued
[2024-07-21T22:32:41.573+0800][9.562s][gc,ref      ] GC(153) Phantom: 184 encountered, 98 discovered, 0 enqueued
[2024-07-21T22:32:41.573+0800][9.562s][gc,reloc    ] GC(153) Small Pages: 4 / 8M, Empty: 2M, Relocated: 0M, In-Place: 0
[2024-07-21T22:32:41.573+0800][9.562s][gc,reloc    ] GC(153) Medium Pages: 1 / 4M, Empty: 0M, Relocated: 0M, In-Place: 0
[2024-07-21T22:32:41.573+0800][9.562s][gc,reloc    ] GC(153) Large Pages: 58 / 116M, Empty: 80M, Relocated: 0M, In-Place: 0
[2024-07-21T22:32:41.573+0800][9.562s][gc,reloc    ] GC(153) Forwarding Usage: 0M
[2024-07-21T22:32:41.573+0800][9.562s][gc,heap     ] GC(153) Min Capacity: 8M(6%)
[2024-07-21T22:32:41.573+0800][9.562s][gc,heap     ] GC(153) Max Capacity: 128M(100%)
[2024-07-21T22:32:41.573+0800][9.562s][gc,heap     ] GC(153) Soft Max Capacity: 128M(100%)
[2024-07-21T22:32:41.573+0800][9.562s][gc,heap     ] GC(153)                Mark Start          Mark End        Relocate Start      Relocate End           High               Low         
[2024-07-21T22:32:41.573+0800][9.562s][gc,heap     ] GC(153)  Capacity:      128M (100%)        128M (100%)        128M (100%)        128M (100%)        128M (100%)        128M (100%)   
[2024-07-21T22:32:41.573+0800][9.562s][gc,heap     ] GC(153)      Free:        0M (0%)            0M (0%)           76M (59%)          76M (59%)          82M (64%)           0M (0%)     
[2024-07-21T22:32:41.573+0800][9.562s][gc,heap     ] GC(153)      Used:      128M (100%)        128M (100%)         52M (41%)          52M (41%)         128M (100%)         46M (36%)    
[2024-07-21T22:32:41.573+0800][9.562s][gc,heap     ] GC(153)      Live:         -                40M (32%)          40M (32%)          40M (32%)            -                  -          
[2024-07-21T22:32:41.573+0800][9.562s][gc,heap     ] GC(153) Allocated:         -                 0M (0%)            6M (5%)            6M (5%)             -                  -          
[2024-07-21T22:32:41.573+0800][9.562s][gc,heap     ] GC(153)   Garbage:         -                87M (68%)           5M (4%)            5M (4%)             -                  -          
[2024-07-21T22:32:41.573+0800][9.562s][gc,heap     ] GC(153) Reclaimed:         -                  -                82M (64%)          82M (64%)            -                  -          
[2024-07-21T22:32:41.573+0800][9.562s][gc          ] GC(153) Garbage Collection (Allocation Stall) 128M(100%)->52M(41%)
[2024-07-21T22:32:41.580+0800][9.569s][gc,start    ] GC(154) Garbage Collection (Allocation Rate)
[2024-07-21T22:32:41.580+0800][9.569s][gc,task     ] GC(154) Using 1 workers
[2024-07-21T22:32:41.580+0800][9.569s][gc,phases   ] GC(154) Pause Mark Start 0.007ms
[2024-07-21T22:32:41.584+0800][9.572s][gc,phases   ] GC(154) Concurrent Mark 3.289ms
[2024-07-21T22:32:41.584+0800][9.572s][gc,phases   ] GC(154) Pause Mark End 0.007ms
[2024-07-21T22:32:41.584+0800][9.572s][gc,phases   ] GC(154) Concurrent Mark Free 0.001ms
[2024-07-21T22:32:41.585+0800][9.574s][gc,phases   ] GC(154) Concurrent Process Non-Strong References 1.077ms
[2024-07-21T22:32:41.585+0800][9.574s][gc,phases   ] GC(154) Concurrent Reset Relocation Set 0.000ms
[2024-07-21T22:32:41.587+0800][9.575s][gc,phases   ] GC(154) Concurrent Select Relocation Set 1.617ms
[2024-07-21T22:32:41.587+0800][9.575s][gc,phases   ] GC(154) Pause Relocate Start 0.004ms
[2024-07-21T22:32:41.587+0800][9.576s][gc,phases   ] GC(154) Concurrent Relocate 0.535ms
[2024-07-21T22:32:41.587+0800][9.576s][gc,load     ] GC(154) Load: 0.00/0.00/0.00
[2024-07-21T22:32:41.587+0800][9.576s][gc,mmu      ] GC(154) MMU: 2ms/96.5%, 5ms/98.4%, 10ms/99.2%, 20ms/99.5%, 50ms/99.8%, 100ms/99.9%
[2024-07-21T22:32:41.587+0800][9.576s][gc,marking  ] GC(154) Mark: 1 stripe(s), 1 proactive flush(es), 1 terminate flush(es), 0 completion(s), 0 continuation(s) 
[2024-07-21T22:32:41.587+0800][9.576s][gc,marking  ] GC(154) Mark Stack Usage: 32M
[2024-07-21T22:32:41.588+0800][9.576s][gc,nmethod  ] GC(154) NMethods: 446 registered, 0 unregistered
[2024-07-21T22:32:41.588+0800][9.576s][gc,metaspace] GC(154) Metaspace: 1M used, 1M committed, 1032M reserved
[2024-07-21T22:32:41.588+0800][9.576s][gc,ref      ] GC(154) Soft: 43 encountered, 0 discovered, 0 enqueued
[2024-07-21T22:32:41.588+0800][9.576s][gc,ref      ] GC(154) Weak: 131 encountered, 107 discovered, 0 enqueued
[2024-07-21T22:32:41.588+0800][9.576s][gc,ref      ] GC(154) Final: 0 encountered, 0 discovered, 0 enqueued
[2024-07-21T22:32:41.588+0800][9.576s][gc,ref      ] GC(154) Phantom: 184 encountered, 98 discovered, 0 enqueued
[2024-07-21T22:32:41.588+0800][9.576s][gc,reloc    ] GC(154) Small Pages: 4 / 8M, Empty: 0M, Relocated: 1M, In-Place: 0
[2024-07-21T22:32:41.588+0800][9.576s][gc,reloc    ] GC(154) Medium Pages: 1 / 4M, Empty: 0M, Relocated: 0M, In-Place: 0
[2024-07-21T22:32:41.588+0800][9.576s][gc,reloc    ] GC(154) Large Pages: 20 / 40M, Empty: 40M, Relocated: 0M, In-Place: 0
[2024-07-21T22:32:41.588+0800][9.576s][gc,reloc    ] GC(154) Forwarding Usage: 0M
[2024-07-21T22:32:41.588+0800][9.576s][gc,heap     ] GC(154) Min Capacity: 8M(6%)
[2024-07-21T22:32:41.588+0800][9.576s][gc,heap     ] GC(154) Max Capacity: 128M(100%)
[2024-07-21T22:32:41.588+0800][9.576s][gc,heap     ] GC(154) Soft Max Capacity: 128M(100%)
[2024-07-21T22:32:41.588+0800][9.576s][gc,heap     ] GC(154)                Mark Start          Mark End        Relocate Start      Relocate End           High               Low         
[2024-07-21T22:32:41.588+0800][9.576s][gc,heap     ] GC(154)  Capacity:      128M (100%)        128M (100%)        128M (100%)        128M (100%)        128M (100%)        128M (100%)   
[2024-07-21T22:32:41.588+0800][9.576s][gc,heap     ] GC(154)      Free:       76M (59%)          76M (59%)         116M (91%)         118M (92%)         118M (92%)          76M (59%)    
[2024-07-21T22:32:41.588+0800][9.576s][gc,heap     ] GC(154)      Used:       52M (41%)          52M (41%)          12M (9%)           10M (8%)           52M (41%)          10M (8%)     
[2024-07-21T22:32:41.588+0800][9.576s][gc,heap     ] GC(154)      Live:         -                 4M (4%)            4M (4%)            4M (4%)             -                  -          
[2024-07-21T22:32:41.588+0800][9.576s][gc,heap     ] GC(154) Allocated:         -                 0M (0%)            0M (0%)            0M (0%)             -                  -          
[2024-07-21T22:32:41.588+0800][9.576s][gc,heap     ] GC(154)   Garbage:         -                47M (37%)           7M (6%)            5M (4%)             -                  -          
[2024-07-21T22:32:41.588+0800][9.576s][gc,heap     ] GC(154) Reclaimed:         -                  -                40M (31%)          42M (33%)            -                  -          
[2024-07-21T22:32:41.588+0800][9.576s][gc          ] GC(154) Garbage Collection (Allocation Rate) 52M(41%)->10M(8%)
[2024-07-21T22:32:41.676+0800][9.664s][gc,start    ] GC(155) Garbage Collection (Allocation Rate)
[2024-07-21T22:32:41.676+0800][9.664s][gc,task     ] GC(155) Using 1 workers
[2024-07-21T22:32:41.676+0800][9.664s][gc,phases   ] GC(155) Pause Mark Start 0.011ms
[2024-07-21T22:32:41.682+0800][9.670s][gc,phases   ] GC(155) Concurrent Mark 5.535ms
[2024-07-21T22:32:41.682+0800][9.670s][gc,phases   ] GC(155) Pause Mark End 0.011ms
[2024-07-21T22:32:41.682+0800][9.670s][gc,phases   ] GC(155) Concurrent Mark Free 0.001ms
[2024-07-21T22:32:41.683+0800][9.672s][gc,phases   ] GC(155) Concurrent Process Non-Strong References 1.244ms
[2024-07-21T22:32:41.683+0800][9.672s][gc,phases   ] GC(155) Concurrent Reset Relocation Set 0.001ms
[2024-07-21T22:32:41.686+0800][9.674s][gc          ] Allocation Stall (main) 8.426ms
[2024-07-21T22:32:41.686+0800][9.675s][gc,phases   ] GC(155) Concurrent Select Relocation Set 2.797ms
[2024-07-21T22:32:41.686+0800][9.675s][gc,phases   ] GC(155) Pause Relocate Start 0.029ms
[2024-07-21T22:32:41.687+0800][9.675s][gc,phases   ] GC(155) Concurrent Relocate 0.058ms
[2024-07-21T22:32:41.687+0800][9.675s][gc,load     ] GC(155) Load: 0.00/0.00/0.00
[2024-07-21T22:32:41.687+0800][9.675s][gc,mmu      ] GC(155) MMU: 2ms/96.5%, 5ms/98.4%, 10ms/99.2%, 20ms/99.5%, 50ms/99.8%, 100ms/99.9%
[2024-07-21T22:32:41.687+0800][9.675s][gc,marking  ] GC(155) Mark: 1 stripe(s), 2 proactive flush(es), 1 terminate flush(es), 0 completion(s), 0 continuation(s) 
[2024-07-21T22:32:41.687+0800][9.676s][gc,marking  ] GC(155) Mark Stack Usage: 32M
[2024-07-21T22:32:41.687+0800][9.676s][gc,nmethod  ] GC(155) NMethods: 446 registered, 0 unregistered
[2024-07-21T22:32:41.687+0800][9.676s][gc,metaspace] GC(155) Metaspace: 1M used, 1M committed, 1032M reserved
[2024-07-21T22:32:41.687+0800][9.676s][gc,ref      ] GC(155) Soft: 43 encountered, 0 discovered, 0 enqueued
[2024-07-21T22:32:41.687+0800][9.676s][gc,ref      ] GC(155) Weak: 131 encountered, 107 discovered, 0 enqueued
[2024-07-21T22:32:41.687+0800][9.676s][gc,ref      ] GC(155) Final: 0 encountered, 0 discovered, 0 enqueued
[2024-07-21T22:32:41.687+0800][9.676s][gc,ref      ] GC(155) Phantom: 184 encountered, 98 discovered, 0 enqueued
[2024-07-21T22:32:41.687+0800][9.676s][gc,reloc    ] GC(155) Small Pages: 4 / 8M, Empty: 2M, Relocated: 0M, In-Place: 0
[2024-07-21T22:32:41.687+0800][9.676s][gc,reloc    ] GC(155) Medium Pages: 1 / 4M, Empty: 0M, Relocated: 0M, In-Place: 0
[2024-07-21T22:32:41.687+0800][9.676s][gc,reloc    ] GC(155) Large Pages: 51 / 102M, Empty: 80M, Relocated: 0M, In-Place: 0
[2024-07-21T22:32:41.687+0800][9.676s][gc,reloc    ] GC(155) Forwarding Usage: 0M
[2024-07-21T22:32:41.687+0800][9.676s][gc,heap     ] GC(155) Min Capacity: 8M(6%)
[2024-07-21T22:32:41.687+0800][9.676s][gc,heap     ] GC(155) Max Capacity: 128M(100%)
[2024-07-21T22:32:41.687+0800][9.676s][gc,heap     ] GC(155) Soft Max Capacity: 128M(100%)
[2024-07-21T22:32:41.688+0800][9.676s][gc,heap     ] GC(155)                Mark Start          Mark End        Relocate Start      Relocate End           High               Low         
[2024-07-21T22:32:41.688+0800][9.676s][gc,heap     ] GC(155)  Capacity:      128M (100%)        128M (100%)        128M (100%)        128M (100%)        128M (100%)        128M (100%)   
[2024-07-21T22:32:41.688+0800][9.676s][gc,heap     ] GC(155)      Free:       14M (11%)           0M (0%)           78M (61%)          78M (61%)          82M (64%)           0M (0%)     
[2024-07-21T22:32:41.688+0800][9.676s][gc,heap     ] GC(155)      Used:      114M (89%)         128M (100%)         50M (39%)          50M (39%)         128M (100%)         46M (36%)    
[2024-07-21T22:32:41.688+0800][9.676s][gc,heap     ] GC(155)      Live:         -                26M (21%)          26M (21%)          26M (21%)            -                  -          
[2024-07-21T22:32:41.688+0800][9.676s][gc,heap     ] GC(155) Allocated:         -                14M (11%)          18M (14%)          18M (14%)            -                  -          
[2024-07-21T22:32:41.688+0800][9.676s][gc,heap     ] GC(155)   Garbage:         -                87M (68%)           5M (4%)            5M (4%)             -                  -          
[2024-07-21T22:32:41.688+0800][9.676s][gc,heap     ] GC(155) Reclaimed:         -                  -                82M (64%)          82M (64%)            -                  -          
[2024-07-21T22:32:41.688+0800][9.676s][gc          ] GC(155) Garbage Collection (Allocation Rate) 114M(89%)->50M(39%)
[2024-07-21T22:32:41.757+0800][9.745s][gc,start    ] GC(156) Garbage Collection (Allocation Stall)
[2024-07-21T22:32:41.757+0800][9.745s][gc,ref      ] GC(156) Clearing All SoftReferences
[2024-07-21T22:32:41.757+0800][9.745s][gc,task     ] GC(156) Using 1 workers
[2024-07-21T22:32:41.757+0800][9.746s][gc,phases   ] GC(156) Pause Mark Start 0.006ms
[2024-07-21T22:32:41.761+0800][9.749s][gc,phases   ] GC(156) Concurrent Mark 3.581ms
[2024-07-21T22:32:41.761+0800][9.750s][gc,phases   ] GC(156) Pause Mark End 0.016ms
[2024-07-21T22:32:41.761+0800][9.750s][gc,phases   ] GC(156) Concurrent Mark Free 0.001ms
[2024-07-21T22:32:41.762+0800][9.751s][gc,phases   ] GC(156) Concurrent Process Non-Strong References 1.142ms
[2024-07-21T22:32:41.762+0800][9.751s][gc,phases   ] GC(156) Concurrent Reset Relocation Set 0.000ms
[2024-07-21T22:32:41.764+0800][9.752s][gc          ] Allocation Stall (main) 7.149ms
[2024-07-21T22:32:41.764+0800][9.753s][gc,phases   ] GC(156) Concurrent Select Relocation Set 1.685ms
[2024-07-21T22:32:41.764+0800][9.753s][gc,phases   ] GC(156) Pause Relocate Start 0.004ms
[2024-07-21T22:32:41.764+0800][9.753s][gc,phases   ] GC(156) Concurrent Relocate 0.119ms
[2024-07-21T22:32:41.765+0800][9.753s][gc,load     ] GC(156) Load: 0.00/0.00/0.00
[2024-07-21T22:32:41.765+0800][9.753s][gc,mmu      ] GC(156) MMU: 2ms/96.5%, 5ms/98.4%, 10ms/99.2%, 20ms/99.5%, 50ms/99.8%, 100ms/99.9%
[2024-07-21T22:32:41.765+0800][9.753s][gc,marking  ] GC(156) Mark: 1 stripe(s), 1 proactive flush(es), 1 terminate flush(es), 0 completion(s), 0 continuation(s) 
[2024-07-21T22:32:41.765+0800][9.753s][gc,marking  ] GC(156) Mark Stack Usage: 32M
[2024-07-21T22:32:41.765+0800][9.753s][gc,nmethod  ] GC(156) NMethods: 446 registered, 0 unregistered
[2024-07-21T22:32:41.765+0800][9.753s][gc,metaspace] GC(156) Metaspace: 1M used, 1M committed, 1032M reserved
[2024-07-21T22:32:41.765+0800][9.753s][gc,ref      ] GC(156) Soft: 43 encountered, 20 discovered, 0 enqueued
[2024-07-21T22:32:41.765+0800][9.753s][gc,ref      ] GC(156) Weak: 131 encountered, 107 discovered, 0 enqueued
[2024-07-21T22:32:41.765+0800][9.753s][gc,ref      ] GC(156) Final: 0 encountered, 0 discovered, 0 enqueued
[2024-07-21T22:32:41.765+0800][9.753s][gc,ref      ] GC(156) Phantom: 184 encountered, 98 discovered, 0 enqueued
[2024-07-21T22:32:41.765+0800][9.753s][gc,reloc    ] GC(156) Small Pages: 4 / 8M, Empty: 2M, Relocated: 0M, In-Place: 0
[2024-07-21T22:32:41.765+0800][9.753s][gc,reloc    ] GC(156) Medium Pages: 1 / 4M, Empty: 0M, Relocated: 0M, In-Place: 0
[2024-07-21T22:32:41.765+0800][9.753s][gc,reloc    ] GC(156) Large Pages: 58 / 116M, Empty: 80M, Relocated: 0M, In-Place: 0
[2024-07-21T22:32:41.765+0800][9.753s][gc,reloc    ] GC(156) Forwarding Usage: 0M
[2024-07-21T22:32:41.765+0800][9.753s][gc,heap     ] GC(156) Min Capacity: 8M(6%)
[2024-07-21T22:32:41.765+0800][9.753s][gc,heap     ] GC(156) Max Capacity: 128M(100%)
[2024-07-21T22:32:41.765+0800][9.753s][gc,heap     ] GC(156) Soft Max Capacity: 128M(100%)
[2024-07-21T22:32:41.765+0800][9.753s][gc,heap     ] GC(156)                Mark Start          Mark End        Relocate Start      Relocate End           High               Low         
[2024-07-21T22:32:41.765+0800][9.753s][gc,heap     ] GC(156)  Capacity:      128M (100%)        128M (100%)        128M (100%)        128M (100%)        128M (100%)        128M (100%)   
[2024-07-21T22:32:41.765+0800][9.753s][gc,heap     ] GC(156)      Free:        0M (0%)            0M (0%)           80M (62%)          80M (62%)          82M (64%)           0M (0%)     
[2024-07-21T22:32:41.765+0800][9.753s][gc,heap     ] GC(156)      Used:      128M (100%)        128M (100%)         48M (38%)          48M (38%)         128M (100%)         46M (36%)    
[2024-07-21T22:32:41.765+0800][9.753s][gc,heap     ] GC(156)      Live:         -                40M (32%)          40M (32%)          40M (32%)            -                  -          
[2024-07-21T22:32:41.765+0800][9.753s][gc,heap     ] GC(156) Allocated:         -                 0M (0%)            2M (2%)            2M (2%)             -                  -          
[2024-07-21T22:32:41.765+0800][9.753s][gc,heap     ] GC(156)   Garbage:         -                87M (68%)           5M (4%)            5M (4%)             -                  -          
[2024-07-21T22:32:41.765+0800][9.753s][gc,heap     ] GC(156) Reclaimed:         -                  -                82M (64%)          82M (64%)            -                  -          
[2024-07-21T22:32:41.765+0800][9.753s][gc          ] GC(156) Garbage Collection (Allocation Stall) 128M(100%)->48M(38%)
[2024-07-21T22:32:41.772+0800][9.760s][gc,start    ] GC(157) Garbage Collection (Allocation Rate)
[2024-07-21T22:32:41.772+0800][9.761s][gc,task     ] GC(157) Using 1 workers
[2024-07-21T22:32:41.772+0800][9.761s][gc,phases   ] GC(157) Pause Mark Start 0.007ms
[2024-07-21T22:32:41.775+0800][9.764s][gc,phases   ] GC(157) Concurrent Mark 3.065ms
[2024-07-21T22:32:41.776+0800][9.764s][gc,phases   ] GC(157) Pause Mark End 0.007ms
[2024-07-21T22:32:41.776+0800][9.764s][gc,phases   ] GC(157) Concurrent Mark Free 0.001ms
[2024-07-21T22:32:41.777+0800][9.765s][gc,phases   ] GC(157) Concurrent Process Non-Strong References 1.117ms
[2024-07-21T22:32:41.777+0800][9.765s][gc,phases   ] GC(157) Concurrent Reset Relocation Set 0.000ms
[2024-07-21T22:32:41.779+0800][9.767s][gc,phases   ] GC(157) Concurrent Select Relocation Set 1.831ms
[2024-07-21T22:32:41.779+0800][9.768s][gc,phases   ] GC(157) Pause Relocate Start 0.004ms
[2024-07-21T22:32:41.780+0800][9.768s][gc,phases   ] GC(157) Concurrent Relocate 0.663ms
[2024-07-21T22:32:41.780+0800][9.768s][gc,load     ] GC(157) Load: 0.00/0.00/0.00
[2024-07-21T22:32:41.780+0800][9.768s][gc,mmu      ] GC(157) MMU: 2ms/96.5%, 5ms/98.4%, 10ms/99.2%, 20ms/99.5%, 50ms/99.8%, 100ms/99.9%
[2024-07-21T22:32:41.780+0800][9.768s][gc,marking  ] GC(157) Mark: 1 stripe(s), 1 proactive flush(es), 1 terminate flush(es), 0 completion(s), 0 continuation(s) 
[2024-07-21T22:32:41.780+0800][9.768s][gc,marking  ] GC(157) Mark Stack Usage: 32M
[2024-07-21T22:32:41.780+0800][9.768s][gc,nmethod  ] GC(157) NMethods: 446 registered, 0 unregistered
[2024-07-21T22:32:41.780+0800][9.768s][gc,metaspace] GC(157) Metaspace: 1M used, 1M committed, 1032M reserved
[2024-07-21T22:32:41.780+0800][9.768s][gc,ref      ] GC(157) Soft: 43 encountered, 0 discovered, 0 enqueued
[2024-07-21T22:32:41.780+0800][9.768s][gc,ref      ] GC(157) Weak: 131 encountered, 107 discovered, 0 enqueued
[2024-07-21T22:32:41.780+0800][9.768s][gc,ref      ] GC(157) Final: 0 encountered, 0 discovered, 0 enqueued
[2024-07-21T22:32:41.780+0800][9.768s][gc,ref      ] GC(157) Phantom: 184 encountered, 98 discovered, 0 enqueued
[2024-07-21T22:32:41.780+0800][9.768s][gc,reloc    ] GC(157) Small Pages: 4 / 8M, Empty: 0M, Relocated: 1M, In-Place: 0
[2024-07-21T22:32:41.780+0800][9.768s][gc,reloc    ] GC(157) Medium Pages: 1 / 4M, Empty: 0M, Relocated: 0M, In-Place: 0
[2024-07-21T22:32:41.780+0800][9.768s][gc,reloc    ] GC(157) Large Pages: 20 / 40M, Empty: 40M, Relocated: 0M, In-Place: 0
[2024-07-21T22:32:41.780+0800][9.768s][gc,reloc    ] GC(157) Forwarding Usage: 0M
[2024-07-21T22:32:41.780+0800][9.769s][gc,heap     ] GC(157) Min Capacity: 8M(6%)
[2024-07-21T22:32:41.780+0800][9.769s][gc,heap     ] GC(157) Max Capacity: 128M(100%)
[2024-07-21T22:32:41.780+0800][9.769s][gc,heap     ] GC(157) Soft Max Capacity: 128M(100%)
[2024-07-21T22:32:41.780+0800][9.769s][gc,heap     ] GC(157)                Mark Start          Mark End        Relocate Start      Relocate End           High               Low         
[2024-07-21T22:32:41.780+0800][9.769s][gc,heap     ] GC(157)  Capacity:      128M (100%)        128M (100%)        128M (100%)        128M (100%)        128M (100%)        128M (100%)   
[2024-07-21T22:32:41.780+0800][9.769s][gc,heap     ] GC(157)      Free:       76M (59%)          76M (59%)         116M (91%)         118M (92%)         118M (92%)          76M (59%)    
[2024-07-21T22:32:41.780+0800][9.769s][gc,heap     ] GC(157)      Used:       52M (41%)          52M (41%)          12M (9%)           10M (8%)           52M (41%)          10M (8%)     
[2024-07-21T22:32:41.780+0800][9.769s][gc,heap     ] GC(157)      Live:         -                 4M (4%)            4M (4%)            4M (4%)             -                  -          
[2024-07-21T22:32:41.780+0800][9.769s][gc,heap     ] GC(157) Allocated:         -                 0M (0%)            0M (0%)            0M (0%)             -                  -          
[2024-07-21T22:32:41.780+0800][9.769s][gc,heap     ] GC(157)   Garbage:         -                47M (37%)           7M (6%)            5M (4%)             -                  -          
[2024-07-21T22:32:41.780+0800][9.769s][gc,heap     ] GC(157) Reclaimed:         -                  -                40M (31%)          42M (33%)            -                  -          
[2024-07-21T22:32:41.780+0800][9.769s][gc          ] GC(157) Garbage Collection (Allocation Rate) 52M(41%)->10M(8%)
[2024-07-21T22:32:41.868+0800][9.856s][gc,start    ] GC(158) Garbage Collection (Allocation Rate)
[2024-07-21T22:32:41.868+0800][9.856s][gc,task     ] GC(158) Using 1 workers
[2024-07-21T22:32:41.868+0800][9.857s][gc,phases   ] GC(158) Pause Mark Start 0.006ms
[2024-07-21T22:32:41.873+0800][9.862s][gc,phases   ] GC(158) Concurrent Mark 5.411ms
[2024-07-21T22:32:41.874+0800][9.862s][gc,phases   ] GC(158) Pause Mark End 0.017ms
[2024-07-21T22:32:41.874+0800][9.862s][gc,phases   ] GC(158) Concurrent Mark Free 0.001ms
[2024-07-21T22:32:41.875+0800][9.864s][gc,phases   ] GC(158) Concurrent Process Non-Strong References 1.227ms
[2024-07-21T22:32:41.875+0800][9.864s][gc,phases   ] GC(158) Concurrent Reset Relocation Set 0.001ms
[2024-07-21T22:32:41.878+0800][9.866s][gc          ] Allocation Stall (main) 7.335ms
[2024-07-21T22:32:41.878+0800][9.866s][gc,phases   ] GC(158) Concurrent Select Relocation Set 2.522ms
[2024-07-21T22:32:41.878+0800][9.867s][gc,phases   ] GC(158) Pause Relocate Start 0.007ms
[2024-07-21T22:32:41.878+0800][9.867s][gc,phases   ] GC(158) Concurrent Relocate 0.117ms
[2024-07-21T22:32:41.878+0800][9.867s][gc,load     ] GC(158) Load: 0.00/0.00/0.00
[2024-07-21T22:32:41.878+0800][9.867s][gc,mmu      ] GC(158) MMU: 2ms/96.5%, 5ms/98.4%, 10ms/99.2%, 20ms/99.5%, 50ms/99.8%, 100ms/99.9%
[2024-07-21T22:32:41.878+0800][9.867s][gc,marking  ] GC(158) Mark: 1 stripe(s), 2 proactive flush(es), 1 terminate flush(es), 0 completion(s), 0 continuation(s) 
[2024-07-21T22:32:41.878+0800][9.867s][gc,marking  ] GC(158) Mark Stack Usage: 32M
[2024-07-21T22:32:41.878+0800][9.867s][gc,nmethod  ] GC(158) NMethods: 446 registered, 0 unregistered
[2024-07-21T22:32:41.878+0800][9.867s][gc,metaspace] GC(158) Metaspace: 1M used, 1M committed, 1032M reserved
[2024-07-21T22:32:41.879+0800][9.867s][gc,ref      ] GC(158) Soft: 43 encountered, 0 discovered, 0 enqueued
[2024-07-21T22:32:41.879+0800][9.867s][gc,ref      ] GC(158) Weak: 131 encountered, 107 discovered, 0 enqueued
[2024-07-21T22:32:41.879+0800][9.867s][gc,ref      ] GC(158) Final: 0 encountered, 0 discovered, 0 enqueued
[2024-07-21T22:32:41.879+0800][9.867s][gc,ref      ] GC(158) Phantom: 184 encountered, 98 discovered, 0 enqueued
[2024-07-21T22:32:41.879+0800][9.867s][gc,reloc    ] GC(158) Small Pages: 4 / 8M, Empty: 2M, Relocated: 0M, In-Place: 0
[2024-07-21T22:32:41.879+0800][9.867s][gc,reloc    ] GC(158) Medium Pages: 1 / 4M, Empty: 0M, Relocated: 0M, In-Place: 0
[2024-07-21T22:32:41.879+0800][9.867s][gc,reloc    ] GC(158) Large Pages: 52 / 104M, Empty: 80M, Relocated: 0M, In-Place: 0
[2024-07-21T22:32:41.879+0800][9.867s][gc,reloc    ] GC(158) Forwarding Usage: 0M
[2024-07-21T22:32:41.879+0800][9.867s][gc,heap     ] GC(158) Min Capacity: 8M(6%)
[2024-07-21T22:32:41.879+0800][9.867s][gc,heap     ] GC(158) Max Capacity: 128M(100%)
[2024-07-21T22:32:41.879+0800][9.867s][gc,heap     ] GC(158) Soft Max Capacity: 128M(100%)
[2024-07-21T22:32:41.879+0800][9.867s][gc,heap     ] GC(158)                Mark Start          Mark End        Relocate Start      Relocate End           High               Low         
[2024-07-21T22:32:41.879+0800][9.867s][gc,heap     ] GC(158)  Capacity:      128M (100%)        128M (100%)        128M (100%)        128M (100%)        128M (100%)        128M (100%)   
[2024-07-21T22:32:41.879+0800][9.867s][gc,heap     ] GC(158)      Free:       12M (9%)            0M (0%)           76M (59%)          76M (59%)          82M (64%)           0M (0%)     
[2024-07-21T22:32:41.879+0800][9.867s][gc,heap     ] GC(158)      Used:      116M (91%)         128M (100%)         52M (41%)          52M (41%)         128M (100%)         46M (36%)    
[2024-07-21T22:32:41.879+0800][9.867s][gc,heap     ] GC(158)      Live:         -                28M (22%)          28M (22%)          28M (22%)            -                  -          
[2024-07-21T22:32:41.879+0800][9.867s][gc,heap     ] GC(158) Allocated:         -                12M (9%)           18M (14%)          18M (14%)            -                  -          
[2024-07-21T22:32:41.879+0800][9.867s][gc,heap     ] GC(158)   Garbage:         -                87M (68%)           5M (4%)            5M (4%)             -                  -          
[2024-07-21T22:32:41.879+0800][9.867s][gc,heap     ] GC(158) Reclaimed:         -                  -                82M (64%)          82M (64%)            -                  -          
[2024-07-21T22:32:41.879+0800][9.867s][gc          ] GC(158) Garbage Collection (Allocation Rate) 116M(91%)->52M(41%)
[2024-07-21T22:32:41.949+0800][9.938s][gc,start    ] GC(159) Garbage Collection (Allocation Stall)
[2024-07-21T22:32:41.949+0800][9.938s][gc,ref      ] GC(159) Clearing All SoftReferences
[2024-07-21T22:32:41.949+0800][9.938s][gc,task     ] GC(159) Using 1 workers
[2024-07-21T22:32:41.950+0800][9.938s][gc,phases   ] GC(159) Pause Mark Start 0.008ms
[2024-07-21T22:32:41.954+0800][9.943s][gc,phases   ] GC(159) Concurrent Mark 4.311ms
[2024-07-21T22:32:41.954+0800][9.943s][gc,phases   ] GC(159) Pause Mark End 0.008ms
[2024-07-21T22:32:41.954+0800][9.943s][gc,phases   ] GC(159) Concurrent Mark Free 0.001ms
[2024-07-21T22:32:41.956+0800][9.944s][gc,phases   ] GC(159) Concurrent Process Non-Strong References 1.123ms
[2024-07-21T22:32:41.956+0800][9.944s][gc,phases   ] GC(159) Concurrent Reset Relocation Set 0.000ms
[2024-07-21T22:32:41.957+0800][9.946s][gc          ] Allocation Stall (main) 8.374ms
[2024-07-21T22:32:41.957+0800][9.946s][gc,phases   ] GC(159) Concurrent Select Relocation Set 1.900ms
[2024-07-21T22:32:41.958+0800][9.946s][gc,phases   ] GC(159) Pause Relocate Start 0.004ms
[2024-07-21T22:32:41.958+0800][9.946s][gc,phases   ] GC(159) Concurrent Relocate 0.110ms
[2024-07-21T22:32:41.958+0800][9.947s][gc,load     ] GC(159) Load: 0.00/0.00/0.00
[2024-07-21T22:32:41.958+0800][9.947s][gc,mmu      ] GC(159) MMU: 2ms/96.5%, 5ms/98.4%, 10ms/99.2%, 20ms/99.5%, 50ms/99.8%, 100ms/99.9%
[2024-07-21T22:32:41.958+0800][9.947s][gc,marking  ] GC(159) Mark: 1 stripe(s), 1 proactive flush(es), 1 terminate flush(es), 0 completion(s), 0 continuation(s) 
[2024-07-21T22:32:41.958+0800][9.947s][gc,marking  ] GC(159) Mark Stack Usage: 32M
[2024-07-21T22:32:41.958+0800][9.947s][gc,nmethod  ] GC(159) NMethods: 455 registered, 0 unregistered
[2024-07-21T22:32:41.958+0800][9.947s][gc,metaspace] GC(159) Metaspace: 1M used, 1M committed, 1032M reserved
[2024-07-21T22:32:41.958+0800][9.947s][gc,ref      ] GC(159) Soft: 43 encountered, 20 discovered, 0 enqueued
[2024-07-21T22:32:41.958+0800][9.947s][gc,ref      ] GC(159) Weak: 131 encountered, 107 discovered, 0 enqueued
[2024-07-21T22:32:41.958+0800][9.947s][gc,ref      ] GC(159) Final: 0 encountered, 0 discovered, 0 enqueued
[2024-07-21T22:32:41.958+0800][9.947s][gc,ref      ] GC(159) Phantom: 184 encountered, 98 discovered, 0 enqueued
[2024-07-21T22:32:41.958+0800][9.947s][gc,reloc    ] GC(159) Small Pages: 4 / 8M, Empty: 2M, Relocated: 0M, In-Place: 0
[2024-07-21T22:32:41.958+0800][9.947s][gc,reloc    ] GC(159) Medium Pages: 1 / 4M, Empty: 0M, Relocated: 0M, In-Place: 0
[2024-07-21T22:32:41.958+0800][9.947s][gc,reloc    ] GC(159) Large Pages: 58 / 116M, Empty: 80M, Relocated: 0M, In-Place: 0
[2024-07-21T22:32:41.958+0800][9.947s][gc,reloc    ] GC(159) Forwarding Usage: 0M
[2024-07-21T22:32:41.958+0800][9.947s][gc,heap     ] GC(159) Min Capacity: 8M(6%)
[2024-07-21T22:32:41.958+0800][9.947s][gc,heap     ] GC(159) Max Capacity: 128M(100%)
[2024-07-21T22:32:41.958+0800][9.947s][gc,heap     ] GC(159) Soft Max Capacity: 128M(100%)
[2024-07-21T22:32:41.958+0800][9.947s][gc,heap     ] GC(159)                Mark Start          Mark End        Relocate Start      Relocate End           High               Low         
[2024-07-21T22:32:41.958+0800][9.947s][gc,heap     ] GC(159)  Capacity:      128M (100%)        128M (100%)        128M (100%)        128M (100%)        128M (100%)        128M (100%)   
[2024-07-21T22:32:41.958+0800][9.947s][gc,heap     ] GC(159)      Free:        0M (0%)            0M (0%)           80M (62%)          80M (62%)          82M (64%)           0M (0%)     
[2024-07-21T22:32:41.958+0800][9.947s][gc,heap     ] GC(159)      Used:      128M (100%)        128M (100%)         48M (38%)          48M (38%)         128M (100%)         46M (36%)    
[2024-07-21T22:32:41.958+0800][9.947s][gc,heap     ] GC(159)      Live:         -                40M (32%)          40M (32%)          40M (32%)            -                  -          
[2024-07-21T22:32:41.958+0800][9.947s][gc,heap     ] GC(159) Allocated:         -                 0M (0%)            2M (2%)            2M (2%)             -                  -          
[2024-07-21T22:32:41.958+0800][9.947s][gc,heap     ] GC(159)   Garbage:         -                87M (68%)           5M (4%)            5M (4%)             -                  -          
[2024-07-21T22:32:41.958+0800][9.947s][gc,heap     ] GC(159) Reclaimed:         -                  -                82M (64%)          82M (64%)            -                  -          
[2024-07-21T22:32:41.958+0800][9.947s][gc          ] GC(159) Garbage Collection (Allocation Stall) 128M(100%)->48M(38%)
[2024-07-21T22:32:41.979+0800][9.968s][gc,start    ] GC(160) Garbage Collection (Allocation Rate)
[2024-07-21T22:32:41.979+0800][9.968s][gc,task     ] GC(160) Using 1 workers
[2024-07-21T22:32:41.979+0800][9.968s][gc,phases   ] GC(160) Pause Mark Start 0.008ms
[2024-07-21T22:32:41.983+0800][9.972s][gc,phases   ] GC(160) Concurrent Mark 3.398ms
[2024-07-21T22:32:41.983+0800][9.972s][gc,phases   ] GC(160) Pause Mark End 0.008ms
[2024-07-21T22:32:41.983+0800][9.972s][gc,phases   ] GC(160) Concurrent Mark Free 0.001ms
[2024-07-21T22:32:41.984+0800][9.973s][gc,phases   ] GC(160) Concurrent Process Non-Strong References 1.093ms
[2024-07-21T22:32:41.984+0800][9.973s][gc,phases   ] GC(160) Concurrent Reset Relocation Set 0.000ms
[2024-07-21T22:32:41.986+0800][9.975s][gc,phases   ] GC(160) Concurrent Select Relocation Set 1.853ms
[2024-07-21T22:32:41.987+0800][9.975s][gc,phases   ] GC(160) Pause Relocate Start 0.023ms
[2024-07-21T22:32:41.987+0800][9.976s][gc,phases   ] GC(160) Concurrent Relocate 0.132ms
[2024-07-21T22:32:41.987+0800][9.976s][gc,load     ] GC(160) Load: 0.00/0.00/0.00
[2024-07-21T22:32:41.987+0800][9.976s][gc,mmu      ] GC(160) MMU: 2ms/96.5%, 5ms/98.4%, 10ms/99.2%, 20ms/99.5%, 50ms/99.8%, 100ms/99.9%
[2024-07-21T22:32:41.987+0800][9.976s][gc,marking  ] GC(160) Mark: 1 stripe(s), 2 proactive flush(es), 1 terminate flush(es), 0 completion(s), 0 continuation(s) 
[2024-07-21T22:32:41.987+0800][9.976s][gc,marking  ] GC(160) Mark Stack Usage: 32M
[2024-07-21T22:32:41.987+0800][9.976s][gc,nmethod  ] GC(160) NMethods: 455 registered, 0 unregistered
[2024-07-21T22:32:41.987+0800][9.976s][gc,metaspace] GC(160) Metaspace: 1M used, 1M committed, 1032M reserved
[2024-07-21T22:32:41.987+0800][9.976s][gc,ref      ] GC(160) Soft: 43 encountered, 0 discovered, 0 enqueued
[2024-07-21T22:32:41.987+0800][9.976s][gc,ref      ] GC(160) Weak: 131 encountered, 107 discovered, 0 enqueued
[2024-07-21T22:32:41.987+0800][9.976s][gc,ref      ] GC(160) Final: 0 encountered, 0 discovered, 0 enqueued
[2024-07-21T22:32:41.987+0800][9.976s][gc,ref      ] GC(160) Phantom: 184 encountered, 98 discovered, 0 enqueued
[2024-07-21T22:32:41.987+0800][9.976s][gc,reloc    ] GC(160) Small Pages: 4 / 8M, Empty: 2M, Relocated: 0M, In-Place: 0
[2024-07-21T22:32:41.987+0800][9.976s][gc,reloc    ] GC(160) Medium Pages: 1 / 4M, Empty: 0M, Relocated: 0M, In-Place: 0
[2024-07-21T22:32:41.987+0800][9.976s][gc,reloc    ] GC(160) Large Pages: 24 / 48M, Empty: 40M, Relocated: 0M, In-Place: 0
[2024-07-21T22:32:41.987+0800][9.976s][gc,reloc    ] GC(160) Forwarding Usage: 0M
[2024-07-21T22:32:41.987+0800][9.976s][gc,heap     ] GC(160) Min Capacity: 8M(6%)
[2024-07-21T22:32:41.987+0800][9.976s][gc,heap     ] GC(160) Max Capacity: 128M(100%)
[2024-07-21T22:32:41.987+0800][9.976s][gc,heap     ] GC(160) Soft Max Capacity: 128M(100%)
[2024-07-21T22:32:41.987+0800][9.976s][gc,heap     ] GC(160)                Mark Start          Mark End        Relocate Start      Relocate End           High               Low         
[2024-07-21T22:32:41.987+0800][9.976s][gc,heap     ] GC(160)  Capacity:      128M (100%)        128M (100%)        128M (100%)        128M (100%)        128M (100%)        128M (100%)   
[2024-07-21T22:32:41.987+0800][9.976s][gc,heap     ] GC(160)      Free:       68M (53%)          54M (42%)          96M (75%)          96M (75%)          96M (75%)          54M (42%)    
[2024-07-21T22:32:41.987+0800][9.976s][gc,heap     ] GC(160)      Used:       60M (47%)          74M (58%)          32M (25%)          32M (25%)          74M (58%)          32M (25%)    
[2024-07-21T22:32:41.987+0800][9.976s][gc,heap     ] GC(160)      Live:         -                12M (10%)          12M (10%)          12M (10%)            -                  -          
[2024-07-21T22:32:41.987+0800][9.976s][gc,heap     ] GC(160) Allocated:         -                14M (11%)          14M (11%)          14M (11%)            -                  -          
[2024-07-21T22:32:41.987+0800][9.976s][gc,heap     ] GC(160)   Garbage:         -                47M (37%)           5M (4%)            5M (4%)             -                  -          
[2024-07-21T22:32:41.987+0800][9.976s][gc,heap     ] GC(160) Reclaimed:         -                  -                42M (33%)          42M (33%)            -                  -          
[2024-07-21T22:32:41.987+0800][9.976s][gc          ] GC(160) Garbage Collection (Allocation Rate) 60M(47%)->32M(25%)
[2024-07-21T22:32:42.061+0800][10.049s][gc,start    ] GC(161) Garbage Collection (Allocation Stall)
[2024-07-21T22:32:42.061+0800][10.049s][gc,ref      ] GC(161) Clearing All SoftReferences
[2024-07-21T22:32:42.061+0800][10.049s][gc,task     ] GC(161) Using 1 workers
[2024-07-21T22:32:42.061+0800][10.050s][gc,phases   ] GC(161) Pause Mark Start 0.005ms
[2024-07-21T22:32:42.064+0800][10.053s][gc,phases   ] GC(161) Concurrent Mark 3.358ms
[2024-07-21T22:32:42.065+0800][10.053s][gc,phases   ] GC(161) Pause Mark End 0.010ms
[2024-07-21T22:32:42.065+0800][10.053s][gc,phases   ] GC(161) Concurrent Mark Free 0.001ms
[2024-07-21T22:32:42.066+0800][10.055s][gc,phases   ] GC(161) Concurrent Process Non-Strong References 1.155ms
[2024-07-21T22:32:42.066+0800][10.055s][gc,phases   ] GC(161) Concurrent Reset Relocation Set 0.001ms
[2024-07-21T22:32:42.068+0800][10.057s][gc          ] Allocation Stall (main) 7.476ms
[2024-07-21T22:32:42.068+0800][10.057s][gc,phases   ] GC(161) Concurrent Select Relocation Set 2.204ms
[2024-07-21T22:32:42.068+0800][10.057s][gc,phases   ] GC(161) Pause Relocate Start 0.016ms
[2024-07-21T22:32:42.070+0800][10.059s][gc,phases   ] GC(161) Concurrent Relocate 1.466ms
[2024-07-21T22:32:42.070+0800][10.059s][gc,load     ] GC(161) Load: 0.00/0.00/0.00
[2024-07-21T22:32:42.070+0800][10.059s][gc,mmu      ] GC(161) MMU: 2ms/96.5%, 5ms/98.4%, 10ms/99.2%, 20ms/99.5%, 50ms/99.8%, 100ms/99.9%
[2024-07-21T22:32:42.070+0800][10.059s][gc,marking  ] GC(161) Mark: 1 stripe(s), 1 proactive flush(es), 1 terminate flush(es), 0 completion(s), 0 continuation(s) 
[2024-07-21T22:32:42.070+0800][10.059s][gc,marking  ] GC(161) Mark Stack Usage: 32M
[2024-07-21T22:32:42.070+0800][10.059s][gc,nmethod  ] GC(161) NMethods: 456 registered, 0 unregistered
[2024-07-21T22:32:42.070+0800][10.059s][gc,metaspace] GC(161) Metaspace: 1M used, 1M committed, 1032M reserved
[2024-07-21T22:32:42.070+0800][10.059s][gc,ref      ] GC(161) Soft: 43 encountered, 20 discovered, 0 enqueued
[2024-07-21T22:32:42.070+0800][10.059s][gc,ref      ] GC(161) Weak: 131 encountered, 107 discovered, 0 enqueued
[2024-07-21T22:32:42.070+0800][10.059s][gc,ref      ] GC(161) Final: 0 encountered, 0 discovered, 0 enqueued
[2024-07-21T22:32:42.070+0800][10.059s][gc,ref      ] GC(161) Phantom: 184 encountered, 98 discovered, 0 enqueued
[2024-07-21T22:32:42.070+0800][10.059s][gc,reloc    ] GC(161) Small Pages: 4 / 8M, Empty: 0M, Relocated: 1M, In-Place: 0
[2024-07-21T22:32:42.070+0800][10.059s][gc,reloc    ] GC(161) Medium Pages: 1 / 4M, Empty: 0M, Relocated: 0M, In-Place: 0
[2024-07-21T22:32:42.070+0800][10.059s][gc,reloc    ] GC(161) Large Pages: 58 / 116M, Empty: 80M, Relocated: 0M, In-Place: 0
[2024-07-21T22:32:42.070+0800][10.059s][gc,reloc    ] GC(161) Forwarding Usage: 0M
[2024-07-21T22:32:42.070+0800][10.059s][gc,heap     ] GC(161) Min Capacity: 8M(6%)
[2024-07-21T22:32:42.070+0800][10.059s][gc,heap     ] GC(161) Max Capacity: 128M(100%)
[2024-07-21T22:32:42.070+0800][10.059s][gc,heap     ] GC(161) Soft Max Capacity: 128M(100%)
[2024-07-21T22:32:42.070+0800][10.059s][gc,heap     ] GC(161)                Mark Start          Mark End        Relocate Start      Relocate End           High               Low         
[2024-07-21T22:32:42.070+0800][10.059s][gc,heap     ] GC(161)  Capacity:      128M (100%)        128M (100%)        128M (100%)        128M (100%)        128M (100%)        128M (100%)   
[2024-07-21T22:32:42.070+0800][10.059s][gc,heap     ] GC(161)      Free:        0M (0%)            0M (0%)           78M (61%)          76M (59%)          80M (62%)           0M (0%)     
[2024-07-21T22:32:42.070+0800][10.059s][gc,heap     ] GC(161)      Used:      128M (100%)        128M (100%)         50M (39%)          52M (41%)         128M (100%)         48M (38%)    
[2024-07-21T22:32:42.071+0800][10.059s][gc,heap     ] GC(161)      Live:         -                40M (32%)          40M (32%)          40M (32%)            -                  -          
[2024-07-21T22:32:42.071+0800][10.059s][gc,heap     ] GC(161) Allocated:         -                 0M (0%)            2M (2%)            6M (5%)             -                  -          
[2024-07-21T22:32:42.071+0800][10.059s][gc,heap     ] GC(161)   Garbage:         -                87M (68%)           7M (6%)            5M (4%)             -                  -          
[2024-07-21T22:32:42.071+0800][10.059s][gc,heap     ] GC(161) Reclaimed:         -                  -                80M (62%)          82M (64%)            -                  -          
[2024-07-21T22:32:42.071+0800][10.059s][gc          ] GC(161) Garbage Collection (Allocation Stall) 128M(100%)->52M(41%)
[2024-07-21T22:32:42.075+0800][10.063s][gc,stats    ] === Garbage Collection Statistics =======================================================================================================================
[2024-07-21T22:32:42.075+0800][10.063s][gc,start    ] GC(162) Garbage Collection (Allocation Rate)
[2024-07-21T22:32:42.075+0800][10.063s][gc,stats    ]                                                              Last 10s              Last 10m              Last 10h                Total
[2024-07-21T22:32:42.075+0800][10.063s][gc,task     ] GC(162) Using 1 workers
[2024-07-21T22:32:42.075+0800][10.064s][gc,stats    ]                                                              Avg / Max             Avg / Max             Avg / Max             Avg / Max
[2024-07-21T22:32:42.075+0800][10.064s][gc,stats    ]   Collector: Garbage Collection Cycle                      9.077 / 18.086        9.077 / 18.086        9.077 / 18.086        9.077 / 18.086      ms
[2024-07-21T22:32:42.075+0800][10.064s][gc,stats    ]  Contention: Mark Segment Reset Contention                     0 / 0                 0 / 0                 0 / 0                 0 / 0           ops/s
[2024-07-21T22:32:42.075+0800][10.064s][gc,stats    ]  Contention: Mark SeqNum Reset Contention                      0 / 0                 0 / 0                 0 / 0                 0 / 0           ops/s
[2024-07-21T22:32:42.075+0800][10.064s][gc,stats    ]    Critical: Allocation Stall                                  9 / 11                9 / 11                9 / 11                9 / 11          ops/s
[2024-07-21T22:32:42.075+0800][10.064s][gc,stats    ]    Critical: Allocation Stall                              7.707 / 11.747        7.707 / 11.747        7.707 / 11.747        7.707 / 11.747      ms
[2024-07-21T22:32:42.075+0800][10.064s][gc,stats    ]    Critical: GC Locker Stall                                   0 / 0                 0 / 0                 0 / 0                 0 / 0           ops/s
[2024-07-21T22:32:42.075+0800][10.064s][gc,stats    ]    Critical: GC Locker Stall                               0.000 / 0.000         0.000 / 0.000         0.000 / 0.000         0.000 / 0.000       ms
[2024-07-21T22:32:42.075+0800][10.064s][gc,stats    ]    Critical: Relocation Stall                                  0 / 0                 0 / 0                 0 / 0                 0 / 0           ops/s
[2024-07-21T22:32:42.075+0800][10.064s][gc,stats    ]    Critical: Relocation Stall                              0.000 / 0.000         0.000 / 0.000         0.000 / 0.000         0.000 / 0.000       ms
[2024-07-21T22:32:42.075+0800][10.064s][gc,phases   ] GC(162) Pause Mark Start 0.006ms
[2024-07-21T22:32:42.075+0800][10.064s][gc,stats    ]      Memory: Allocation Rate                                1077 / 1114           1077 / 1114           1077 / 1114           1077 / 1114        MB/s
[2024-07-21T22:32:42.075+0800][10.064s][gc,stats    ]      Memory: Out Of Memory                                     0 / 0                 0 / 0                 0 / 0                 0 / 0           ops/s
[2024-07-21T22:32:42.075+0800][10.064s][gc,stats    ]      Memory: Page Cache Flush                                 13 / 14               13 / 14               13 / 14               13 / 14          MB/s
[2024-07-21T22:32:42.075+0800][10.064s][gc,stats    ]      Memory: Page Cache Hit L1                               524 / 550             524 / 550             524 / 550             524 / 550         ops/s
[2024-07-21T22:32:42.075+0800][10.064s][gc,stats    ]      Memory: Page Cache Hit L2                                 0 / 0                 0 / 0                 0 / 0                 0 / 0           ops/s
[2024-07-21T22:32:42.075+0800][10.064s][gc,stats    ]      Memory: Page Cache Hit L3                                12 / 69               12 / 69               12 / 69               12 / 69          ops/s
[2024-07-21T22:32:42.075+0800][10.064s][gc,stats    ]      Memory: Page Cache Miss                                   6 / 8                 6 / 8                 6 / 8                 6 / 8           ops/s
[2024-07-21T22:32:42.076+0800][10.064s][gc,stats    ]      Memory: Uncommit                                          0 / 0                 0 / 0                 0 / 0                 0 / 0           MB/s
[2024-07-21T22:32:42.076+0800][10.064s][gc,stats    ]      Memory: Undo Object Allocation Failed                     0 / 0                 0 / 0                 0 / 0                 0 / 0           ops/s
[2024-07-21T22:32:42.076+0800][10.064s][gc,stats    ]      Memory: Undo Object Allocation Succeeded                  0 / 0                 0 / 0                 0 / 0                 0 / 0           ops/s
[2024-07-21T22:32:42.076+0800][10.064s][gc,stats    ]      Memory: Undo Page Allocation                              0 / 0                 0 / 0                 0 / 0                 0 / 0           ops/s
[2024-07-21T22:32:42.076+0800][10.064s][gc,stats    ]       Phase: Concurrent Mark                               3.991 / 9.709         3.991 / 9.709         3.991 / 9.709         3.991 / 9.709       ms
[2024-07-21T22:32:42.076+0800][10.064s][gc,stats    ]       Phase: Concurrent Mark Continue                      0.000 / 0.000         0.000 / 0.000         0.000 / 0.000         0.000 / 0.000       ms
[2024-07-21T22:32:42.076+0800][10.064s][gc,stats    ]       Phase: Concurrent Mark Free                          0.001 / 0.005         0.001 / 0.005         0.001 / 0.005         0.001 / 0.005       ms
[2024-07-21T22:32:42.076+0800][10.064s][gc,stats    ]       Phase: Concurrent Process Non-Strong References      1.131 / 2.492         1.131 / 2.492         1.131 / 2.492         1.131 / 2.492       ms
[2024-07-21T22:32:42.076+0800][10.064s][gc,stats    ]       Phase: Concurrent Relocate                           0.303 / 1.806         0.303 / 1.806         0.303 / 1.806         0.303 / 1.806       ms
[2024-07-21T22:32:42.076+0800][10.064s][gc,stats    ]       Phase: Concurrent Reset Relocation Set               0.001 / 0.005         0.001 / 0.005         0.001 / 0.005         0.001 / 0.005       ms
[2024-07-21T22:32:42.076+0800][10.064s][gc,stats    ]       Phase: Concurrent Select Relocation Set              2.433 / 8.898         2.433 / 8.898         2.433 / 8.898         2.433 / 8.898       ms
[2024-07-21T22:32:42.076+0800][10.064s][gc,stats    ]       Phase: Pause Mark End                                0.012 / 0.070         0.012 / 0.070         0.012 / 0.070         0.012 / 0.070       ms
[2024-07-21T22:32:42.076+0800][10.064s][gc,stats    ]       Phase: Pause Mark Start                              0.009 / 0.042         0.009 / 0.042         0.009 / 0.042         0.009 / 0.042       ms
[2024-07-21T22:32:42.076+0800][10.064s][gc,stats    ]       Phase: Pause Relocate Start                          0.009 / 0.040         0.009 / 0.040         0.009 / 0.040         0.009 / 0.040       ms
[2024-07-21T22:32:42.076+0800][10.064s][gc,stats    ]    Subphase: Concurrent Classes Purge                      0.107 / 0.257         0.107 / 0.257         0.107 / 0.257         0.107 / 0.257       ms
[2024-07-21T22:32:42.076+0800][10.064s][gc,stats    ]    Subphase: Concurrent Classes Unlink                     0.526 / 1.276         0.526 / 1.276         0.526 / 1.276         0.526 / 1.276       ms
[2024-07-21T22:32:42.076+0800][10.064s][gc,stats    ]    Subphase: Concurrent Mark                               3.308 / 8.404         3.308 / 8.404         3.308 / 8.404         3.308 / 8.404       ms
[2024-07-21T22:32:42.076+0800][10.064s][gc,stats    ]    Subphase: Concurrent Mark Try Flush                     0.112 / 0.361         0.112 / 0.361         0.112 / 0.361         0.112 / 0.361       ms
[2024-07-21T22:32:42.076+0800][10.064s][gc,stats    ]    Subphase: Concurrent Mark Try Terminate                 0.049 / 0.177         0.049 / 0.177         0.049 / 0.177         0.049 / 0.177       ms
[2024-07-21T22:32:42.076+0800][10.064s][gc,stats    ]    Subphase: Concurrent References Enqueue                 0.000 / 0.004         0.000 / 0.004         0.000 / 0.004         0.000 / 0.004       ms
[2024-07-21T22:32:42.076+0800][10.065s][gc,stats    ]    Subphase: Concurrent References Process                 0.118 / 0.309         0.118 / 0.309         0.118 / 0.309         0.118 / 0.309       ms
[2024-07-21T22:32:42.076+0800][10.065s][gc,stats    ]    Subphase: Concurrent Roots ClassLoaderDataGraph         0.070 / 0.472         0.070 / 0.472         0.070 / 0.472         0.070 / 0.472       ms
[2024-07-21T22:32:42.076+0800][10.065s][gc,stats    ]    Subphase: Concurrent Roots CodeCache                    0.000 / 0.000         0.000 / 0.000         0.000 / 0.000         0.000 / 0.000       ms
[2024-07-21T22:32:42.076+0800][10.065s][gc,stats    ]    Subphase: Concurrent Roots JavaThreads                  0.400 / 0.855         0.400 / 0.855         0.400 / 0.855         0.400 / 0.855       ms
[2024-07-21T22:32:42.076+0800][10.065s][gc,stats    ]    Subphase: Concurrent Roots OopStorageSet                0.014 / 0.053         0.014 / 0.053         0.014 / 0.053         0.014 / 0.053       ms
[2024-07-21T22:32:42.076+0800][10.065s][gc,stats    ]    Subphase: Concurrent Weak Roots OopStorageSet           0.170 / 0.792         0.170 / 0.792         0.170 / 0.792         0.170 / 0.792       ms
[2024-07-21T22:32:42.076+0800][10.065s][gc,stats    ]    Subphase: Pause Mark Try Complete                       0.000 / 0.000         0.000 / 0.000         0.000 / 0.000         0.000 / 0.000       ms
[2024-07-21T22:32:42.076+0800][10.065s][gc,stats    ]      System: Java Threads                                     13 / 14               13 / 14               13 / 14               13 / 14          threads
[2024-07-21T22:32:42.076+0800][10.065s][gc,stats    ] =========================================================================================================================================================
[2024-07-21T22:32:42.079+0800][10.068s][gc,phases   ] GC(162) Concurrent Mark 3.734ms
[2024-07-21T22:32:42.079+0800][10.068s][gc,phases   ] GC(162) Pause Mark End 0.009ms
[2024-07-21T22:32:42.079+0800][10.068s][gc,phases   ] GC(162) Concurrent Mark Free 0.001ms
[2024-07-21T22:32:42.081+0800][10.070s][gc,phases   ] GC(162) Concurrent Process Non-Strong References 1.661ms
[2024-07-21T22:32:42.081+0800][10.070s][gc,phases   ] GC(162) Concurrent Reset Relocation Set 0.005ms
[2024-07-21T22:32:42.084+0800][10.073s][gc,phases   ] GC(162) Concurrent Select Relocation Set 2.797ms
[2024-07-21T22:32:42.084+0800][10.073s][gc,phases   ] GC(162) Pause Relocate Start 0.007ms
[2024-07-21T22:32:42.085+0800][10.074s][gc,phases   ] GC(162) Concurrent Relocate 0.461ms
[2024-07-21T22:32:42.085+0800][10.074s][gc,load     ] GC(162) Load: 0.00/0.00/0.00
[2024-07-21T22:32:42.085+0800][10.074s][gc,mmu      ] GC(162) MMU: 2ms/96.5%, 5ms/98.4%, 10ms/99.2%, 20ms/99.5%, 50ms/99.8%, 100ms/99.9%
[2024-07-21T22:32:42.085+0800][10.074s][gc,marking  ] GC(162) Mark: 1 stripe(s), 1 proactive flush(es), 1 terminate flush(es), 0 completion(s), 0 continuation(s) 
[2024-07-21T22:32:42.085+0800][10.074s][gc,marking  ] GC(162) Mark Stack Usage: 32M
[2024-07-21T22:32:42.085+0800][10.074s][gc,nmethod  ] GC(162) NMethods: 456 registered, 0 unregistered
[2024-07-21T22:32:42.085+0800][10.074s][gc,metaspace] GC(162) Metaspace: 1M used, 1M committed, 1032M reserved
[2024-07-21T22:32:42.085+0800][10.074s][gc,ref      ] GC(162) Soft: 43 encountered, 0 discovered, 0 enqueued
[2024-07-21T22:32:42.085+0800][10.074s][gc,ref      ] GC(162) Weak: 131 encountered, 107 discovered, 0 enqueued
[2024-07-21T22:32:42.085+0800][10.074s][gc,ref      ] GC(162) Final: 0 encountered, 0 discovered, 0 enqueued
[2024-07-21T22:32:42.085+0800][10.074s][gc,ref      ] GC(162) Phantom: 184 encountered, 98 discovered, 0 enqueued
[2024-07-21T22:32:42.085+0800][10.074s][gc,reloc    ] GC(162) Small Pages: 4 / 8M, Empty: 0M, Relocated: 1M, In-Place: 0
[2024-07-21T22:32:42.085+0800][10.074s][gc,reloc    ] GC(162) Medium Pages: 1 / 4M, Empty: 0M, Relocated: 0M, In-Place: 0
[2024-07-21T22:32:42.085+0800][10.074s][gc,reloc    ] GC(162) Large Pages: 20 / 40M, Empty: 40M, Relocated: 0M, In-Place: 0
[2024-07-21T22:32:42.085+0800][10.074s][gc,reloc    ] GC(162) Forwarding Usage: 0M
[2024-07-21T22:32:42.085+0800][10.074s][gc,heap     ] GC(162) Min Capacity: 8M(6%)
[2024-07-21T22:32:42.085+0800][10.074s][gc,heap     ] GC(162) Max Capacity: 128M(100%)
[2024-07-21T22:32:42.085+0800][10.074s][gc,heap     ] GC(162) Soft Max Capacity: 128M(100%)
[2024-07-21T22:32:42.085+0800][10.074s][gc,heap     ] GC(162)                Mark Start          Mark End        Relocate Start      Relocate End           High               Low         
[2024-07-21T22:32:42.085+0800][10.074s][gc,heap     ] GC(162)  Capacity:      128M (100%)        128M (100%)        128M (100%)        128M (100%)        128M (100%)        128M (100%)   
[2024-07-21T22:32:42.085+0800][10.074s][gc,heap     ] GC(162)      Free:       76M (59%)          76M (59%)         116M (91%)         118M (92%)         118M (92%)          76M (59%)    
[2024-07-21T22:32:42.085+0800][10.074s][gc,heap     ] GC(162)      Used:       52M (41%)          52M (41%)          12M (9%)           10M (8%)           52M (41%)          10M (8%)     
[2024-07-21T22:32:42.085+0800][10.074s][gc,heap     ] GC(162)      Live:         -                 4M (4%)            4M (4%)            4M (4%)             -                  -          
[2024-07-21T22:32:42.085+0800][10.074s][gc,heap     ] GC(162) Allocated:         -                 0M (0%)            0M (0%)            0M (0%)             -                  -          
[2024-07-21T22:32:42.085+0800][10.074s][gc,heap     ] GC(162)   Garbage:         -                47M (37%)           7M (6%)            5M (4%)             -                  -          
[2024-07-21T22:32:42.086+0800][10.074s][gc,heap     ] GC(162) Reclaimed:         -                  -                40M (31%)          42M (33%)            -                  -          
[2024-07-21T22:32:42.086+0800][10.074s][gc          ] GC(162) Garbage Collection (Allocation Rate) 52M(41%)->10M(8%)
[2024-07-21T22:32:42.168+0800][10.157s][gc,start    ] GC(163) Garbage Collection (Allocation Rate)
[2024-07-21T22:32:42.168+0800][10.157s][gc,task     ] GC(163) Using 1 workers
[2024-07-21T22:32:42.168+0800][10.157s][gc,phases   ] GC(163) Pause Mark Start 0.010ms
[2024-07-21T22:32:42.173+0800][10.161s][gc,phases   ] GC(163) Concurrent Mark 4.222ms
[2024-07-21T22:32:42.173+0800][10.162s][gc,phases   ] GC(163) Pause Mark End 0.021ms
[2024-07-21T22:32:42.173+0800][10.162s][gc,phases   ] GC(163) Concurrent Mark Free 0.001ms
[2024-07-21T22:32:42.174+0800][10.163s][gc,phases   ] GC(163) Concurrent Process Non-Strong References 1.169ms
[2024-07-21T22:32:42.174+0800][10.163s][gc,phases   ] GC(163) Concurrent Reset Relocation Set 0.001ms
[2024-07-21T22:32:42.176+0800][10.165s][gc          ] Allocation Stall (main) 6.630ms
[2024-07-21T22:32:42.176+0800][10.165s][gc,phases   ] GC(163) Concurrent Select Relocation Set 1.883ms
[2024-07-21T22:32:42.177+0800][10.165s][gc,phases   ] GC(163) Pause Relocate Start 0.004ms
[2024-07-21T22:32:42.177+0800][10.165s][gc,phases   ] GC(163) Concurrent Relocate 0.100ms
[2024-07-21T22:32:42.177+0800][10.165s][gc,load     ] GC(163) Load: 0.00/0.00/0.00
[2024-07-21T22:32:42.177+0800][10.165s][gc,mmu      ] GC(163) MMU: 2ms/96.5%, 5ms/98.4%, 10ms/99.2%, 20ms/99.5%, 50ms/99.8%, 100ms/99.9%
[2024-07-21T22:32:42.177+0800][10.165s][gc,marking  ] GC(163) Mark: 1 stripe(s), 2 proactive flush(es), 1 terminate flush(es), 0 completion(s), 0 continuation(s) 
[2024-07-21T22:32:42.177+0800][10.165s][gc,marking  ] GC(163) Mark Stack Usage: 32M
[2024-07-21T22:32:42.177+0800][10.165s][gc,nmethod  ] GC(163) NMethods: 457 registered, 0 unregistered
[2024-07-21T22:32:42.177+0800][10.165s][gc,metaspace] GC(163) Metaspace: 1M used, 1M committed, 1032M reserved
[2024-07-21T22:32:42.177+0800][10.165s][gc,ref      ] GC(163) Soft: 43 encountered, 0 discovered, 0 enqueued
[2024-07-21T22:32:42.177+0800][10.165s][gc,ref      ] GC(163) Weak: 131 encountered, 107 discovered, 0 enqueued
[2024-07-21T22:32:42.177+0800][10.166s][gc,ref      ] GC(163) Final: 0 encountered, 0 discovered, 0 enqueued
[2024-07-21T22:32:42.177+0800][10.166s][gc,ref      ] GC(163) Phantom: 184 encountered, 98 discovered, 0 enqueued
[2024-07-21T22:32:42.177+0800][10.166s][gc,reloc    ] GC(163) Small Pages: 4 / 8M, Empty: 2M, Relocated: 0M, In-Place: 0
[2024-07-21T22:32:42.177+0800][10.166s][gc,reloc    ] GC(163) Medium Pages: 1 / 4M, Empty: 0M, Relocated: 0M, In-Place: 0
[2024-07-21T22:32:42.177+0800][10.166s][gc,reloc    ] GC(163) Large Pages: 52 / 104M, Empty: 80M, Relocated: 0M, In-Place: 0
[2024-07-21T22:32:42.177+0800][10.166s][gc,reloc    ] GC(163) Forwarding Usage: 0M
[2024-07-21T22:32:42.177+0800][10.166s][gc,heap     ] GC(163) Min Capacity: 8M(6%)
[2024-07-21T22:32:42.177+0800][10.166s][gc,heap     ] GC(163) Max Capacity: 128M(100%)
[2024-07-21T22:32:42.177+0800][10.166s][gc,heap     ] GC(163) Soft Max Capacity: 128M(100%)
[2024-07-21T22:32:42.177+0800][10.166s][gc,heap     ] GC(163)                Mark Start          Mark End        Relocate Start      Relocate End           High               Low         
[2024-07-21T22:32:42.177+0800][10.166s][gc,heap     ] GC(163)  Capacity:      128M (100%)        128M (100%)        128M (100%)        128M (100%)        128M (100%)        128M (100%)   
[2024-07-21T22:32:42.177+0800][10.166s][gc,heap     ] GC(163)      Free:       12M (9%)            0M (0%)           80M (62%)          76M (59%)          82M (64%)           0M (0%)     
[2024-07-21T22:32:42.177+0800][10.166s][gc,heap     ] GC(163)      Used:      116M (91%)         128M (100%)         48M (38%)          52M (41%)         128M (100%)         46M (36%)    
[2024-07-21T22:32:42.177+0800][10.166s][gc,heap     ] GC(163)      Live:         -                28M (22%)          28M (22%)          28M (22%)            -                  -          
[2024-07-21T22:32:42.177+0800][10.166s][gc,heap     ] GC(163) Allocated:         -                12M (9%)           14M (11%)          18M (14%)            -                  -          
[2024-07-21T22:32:42.177+0800][10.166s][gc,heap     ] GC(163)   Garbage:         -                87M (68%)           5M (4%)            5M (4%)             -                  -          
[2024-07-21T22:32:42.177+0800][10.166s][gc,heap     ] GC(163) Reclaimed:         -                  -                82M (64%)          82M (64%)            -                  -          
[2024-07-21T22:32:42.177+0800][10.166s][gc          ] GC(163) Garbage Collection (Allocation Rate) 116M(91%)->52M(41%)
[2024-07-21T22:32:42.249+0800][10.237s][gc,start    ] GC(164) Garbage Collection (Allocation Stall)
[2024-07-21T22:32:42.249+0800][10.237s][gc,ref      ] GC(164) Clearing All SoftReferences
[2024-07-21T22:32:42.249+0800][10.237s][gc,task     ] GC(164) Using 1 workers
[2024-07-21T22:32:42.249+0800][10.237s][gc,phases   ] GC(164) Pause Mark Start 0.006ms
[2024-07-21T22:32:42.252+0800][10.240s][gc,phases   ] GC(164) Concurrent Mark 3.156ms
[2024-07-21T22:32:42.252+0800][10.241s][gc,phases   ] GC(164) Pause Mark End 0.006ms
[2024-07-21T22:32:42.252+0800][10.241s][gc,phases   ] GC(164) Concurrent Mark Free 0.001ms
[2024-07-21T22:32:42.253+0800][10.242s][gc,phases   ] GC(164) Concurrent Process Non-Strong References 1.093ms
[2024-07-21T22:32:42.253+0800][10.242s][gc,phases   ] GC(164) Concurrent Reset Relocation Set 0.000ms
[2024-07-21T22:32:42.255+0800][10.244s][gc          ] Allocation Stall (main) 6.770ms
[2024-07-21T22:32:42.255+0800][10.244s][gc,phases   ] GC(164) Concurrent Select Relocation Set 1.825ms
[2024-07-21T22:32:42.255+0800][10.244s][gc,phases   ] GC(164) Pause Relocate Start 0.005ms
[2024-07-21T22:32:42.256+0800][10.244s][gc,phases   ] GC(164) Concurrent Relocate 0.104ms
[2024-07-21T22:32:42.256+0800][10.244s][gc,load     ] GC(164) Load: 0.00/0.00/0.00
[2024-07-21T22:32:42.256+0800][10.244s][gc,mmu      ] GC(164) MMU: 2ms/96.5%, 5ms/98.4%, 10ms/99.2%, 20ms/99.5%, 50ms/99.8%, 100ms/99.9%
[2024-07-21T22:32:42.256+0800][10.244s][gc,marking  ] GC(164) Mark: 1 stripe(s), 1 proactive flush(es), 1 terminate flush(es), 0 completion(s), 0 continuation(s) 
[2024-07-21T22:32:42.256+0800][10.244s][gc,marking  ] GC(164) Mark Stack Usage: 32M
[2024-07-21T22:32:42.256+0800][10.244s][gc,nmethod  ] GC(164) NMethods: 457 registered, 0 unregistered
[2024-07-21T22:32:42.256+0800][10.244s][gc,metaspace] GC(164) Metaspace: 1M used, 1M committed, 1032M reserved
[2024-07-21T22:32:42.256+0800][10.244s][gc,ref      ] GC(164) Soft: 43 encountered, 20 discovered, 0 enqueued
[2024-07-21T22:32:42.256+0800][10.244s][gc,ref      ] GC(164) Weak: 131 encountered, 107 discovered, 0 enqueued
[2024-07-21T22:32:42.256+0800][10.244s][gc,ref      ] GC(164) Final: 0 encountered, 0 discovered, 0 enqueued
[2024-07-21T22:32:42.256+0800][10.244s][gc,ref      ] GC(164) Phantom: 184 encountered, 98 discovered, 0 enqueued
[2024-07-21T22:32:42.256+0800][10.244s][gc,reloc    ] GC(164) Small Pages: 4 / 8M, Empty: 2M, Relocated: 0M, In-Place: 0
[2024-07-21T22:32:42.256+0800][10.244s][gc,reloc    ] GC(164) Medium Pages: 1 / 4M, Empty: 0M, Relocated: 0M, In-Place: 0
[2024-07-21T22:32:42.256+0800][10.244s][gc,reloc    ] GC(164) Large Pages: 58 / 116M, Empty: 80M, Relocated: 0M, In-Place: 0
[2024-07-21T22:32:42.256+0800][10.244s][gc,reloc    ] GC(164) Forwarding Usage: 0M
[2024-07-21T22:32:42.256+0800][10.244s][gc,heap     ] GC(164) Min Capacity: 8M(6%)
[2024-07-21T22:32:42.256+0800][10.244s][gc,heap     ] GC(164) Max Capacity: 128M(100%)
[2024-07-21T22:32:42.256+0800][10.244s][gc,heap     ] GC(164) Soft Max Capacity: 128M(100%)
[2024-07-21T22:32:42.256+0800][10.244s][gc,heap     ] GC(164)                Mark Start          Mark End        Relocate Start      Relocate End           High               Low         
[2024-07-21T22:32:42.256+0800][10.244s][gc,heap     ] GC(164)  Capacity:      128M (100%)        128M (100%)        128M (100%)        128M (100%)        128M (100%)        128M (100%)   
[2024-07-21T22:32:42.256+0800][10.244s][gc,heap     ] GC(164)      Free:        0M (0%)            0M (0%)           80M (62%)          78M (61%)          82M (64%)           0M (0%)     
[2024-07-21T22:32:42.256+0800][10.244s][gc,heap     ] GC(164)      Used:      128M (100%)        128M (100%)         48M (38%)          50M (39%)         128M (100%)         46M (36%)    
[2024-07-21T22:32:42.256+0800][10.244s][gc,heap     ] GC(164)      Live:         -                40M (32%)          40M (32%)          40M (32%)            -                  -          
[2024-07-21T22:32:42.256+0800][10.244s][gc,heap     ] GC(164) Allocated:         -                 0M (0%)            2M (2%)            4M (3%)             -                  -          
[2024-07-21T22:32:42.256+0800][10.244s][gc,heap     ] GC(164)   Garbage:         -                87M (68%)           5M (4%)            5M (4%)             -                  -          
[2024-07-21T22:32:42.256+0800][10.244s][gc,heap     ] GC(164) Reclaimed:         -                  -                82M (64%)          82M (64%)            -                  -          
[2024-07-21T22:32:42.256+0800][10.244s][gc          ] GC(164) Garbage Collection (Allocation Stall) 128M(100%)->50M(39%)
[2024-07-21T22:32:42.279+0800][10.267s][gc,start    ] GC(165) Garbage Collection (Allocation Rate)
[2024-07-21T22:32:42.279+0800][10.267s][gc,task     ] GC(165) Using 1 workers
[2024-07-21T22:32:42.279+0800][10.267s][gc,phases   ] GC(165) Pause Mark Start 0.013ms
[2024-07-21T22:32:42.283+0800][10.272s][gc,phases   ] GC(165) Concurrent Mark 4.535ms
[2024-07-21T22:32:42.284+0800][10.272s][gc,phases   ] GC(165) Pause Mark End 0.009ms
[2024-07-21T22:32:42.284+0800][10.272s][gc,phases   ] GC(165) Concurrent Mark Free 0.001ms
[2024-07-21T22:32:42.285+0800][10.273s][gc,phases   ] GC(165) Concurrent Process Non-Strong References 1.257ms
[2024-07-21T22:32:42.285+0800][10.274s][gc,phases   ] GC(165) Concurrent Reset Relocation Set 0.001ms
[2024-07-21T22:32:42.289+0800][10.277s][gc,phases   ] GC(165) Concurrent Select Relocation Set 3.667ms
[2024-07-21T22:32:42.289+0800][10.277s][gc,phases   ] GC(165) Pause Relocate Start 0.007ms
[2024-07-21T22:32:42.289+0800][10.278s][gc,phases   ] GC(165) Concurrent Relocate 0.114ms
[2024-07-21T22:32:42.289+0800][10.278s][gc,load     ] GC(165) Load: 0.00/0.00/0.00
[2024-07-21T22:32:42.289+0800][10.278s][gc,mmu      ] GC(165) MMU: 2ms/96.5%, 5ms/98.4%, 10ms/99.2%, 20ms/99.5%, 50ms/99.8%, 100ms/99.9%
[2024-07-21T22:32:42.289+0800][10.278s][gc,marking  ] GC(165) Mark: 1 stripe(s), 2 proactive flush(es), 1 terminate flush(es), 0 completion(s), 0 continuation(s) 
[2024-07-21T22:32:42.289+0800][10.278s][gc,marking  ] GC(165) Mark Stack Usage: 32M
[2024-07-21T22:32:42.289+0800][10.278s][gc,nmethod  ] GC(165) NMethods: 457 registered, 0 unregistered
[2024-07-21T22:32:42.289+0800][10.278s][gc,metaspace] GC(165) Metaspace: 1M used, 1M committed, 1032M reserved
[2024-07-21T22:32:42.289+0800][10.278s][gc,ref      ] GC(165) Soft: 43 encountered, 0 discovered, 0 enqueued
[2024-07-21T22:32:42.289+0800][10.278s][gc,ref      ] GC(165) Weak: 131 encountered, 107 discovered, 0 enqueued
[2024-07-21T22:32:42.289+0800][10.278s][gc,ref      ] GC(165) Final: 0 encountered, 0 discovered, 0 enqueued
[2024-07-21T22:32:42.289+0800][10.278s][gc,ref      ] GC(165) Phantom: 184 encountered, 98 discovered, 0 enqueued
[2024-07-21T22:32:42.289+0800][10.278s][gc,reloc    ] GC(165) Small Pages: 4 / 8M, Empty: 2M, Relocated: 0M, In-Place: 0
[2024-07-21T22:32:42.289+0800][10.278s][gc,reloc    ] GC(165) Medium Pages: 1 / 4M, Empty: 0M, Relocated: 0M, In-Place: 0
[2024-07-21T22:32:42.289+0800][10.278s][gc,reloc    ] GC(165) Large Pages: 23 / 46M, Empty: 40M, Relocated: 0M, In-Place: 0
[2024-07-21T22:32:42.289+0800][10.278s][gc,reloc    ] GC(165) Forwarding Usage: 0M
[2024-07-21T22:32:42.289+0800][10.278s][gc,heap     ] GC(165) Min Capacity: 8M(6%)
[2024-07-21T22:32:42.290+0800][10.278s][gc,heap     ] GC(165) Max Capacity: 128M(100%)
[2024-07-21T22:32:42.290+0800][10.278s][gc,heap     ] GC(165) Soft Max Capacity: 128M(100%)
[2024-07-21T22:32:42.290+0800][10.278s][gc,heap     ] GC(165)                Mark Start          Mark End        Relocate Start      Relocate End           High               Low         
[2024-07-21T22:32:42.290+0800][10.278s][gc,heap     ] GC(165)  Capacity:      128M (100%)        128M (100%)        128M (100%)        128M (100%)        128M (100%)        128M (100%)   
[2024-07-21T22:32:42.290+0800][10.278s][gc,heap     ] GC(165)      Free:       70M (55%)          54M (42%)          96M (75%)          96M (75%)          96M (75%)          54M (42%)    
[2024-07-21T22:32:42.290+0800][10.278s][gc,heap     ] GC(165)      Used:       58M (45%)          74M (58%)          32M (25%)          32M (25%)          74M (58%)          32M (25%)    
[2024-07-21T22:32:42.290+0800][10.278s][gc,heap     ] GC(165)      Live:         -                10M (8%)           10M (8%)           10M (8%)             -                  -          
[2024-07-21T22:32:42.290+0800][10.278s][gc,heap     ] GC(165) Allocated:         -                16M (12%)          16M (12%)          16M (12%)            -                  -          
[2024-07-21T22:32:42.290+0800][10.278s][gc,heap     ] GC(165)   Garbage:         -                47M (37%)           5M (4%)            5M (4%)             -                  -          
[2024-07-21T22:32:42.290+0800][10.278s][gc,heap     ] GC(165) Reclaimed:         -                  -                42M (33%)          42M (33%)            -                  -          
[2024-07-21T22:32:42.290+0800][10.278s][gc          ] GC(165) Garbage Collection (Allocation Rate) 58M(45%)->32M(25%)
[2024-07-21T22:32:42.359+0800][10.347s][gc,start    ] GC(166) Garbage Collection (Allocation Stall)
[2024-07-21T22:32:42.359+0800][10.347s][gc,ref      ] GC(166) Clearing All SoftReferences
[2024-07-21T22:32:42.359+0800][10.348s][gc,task     ] GC(166) Using 1 workers
[2024-07-21T22:32:42.360+0800][10.348s][gc,phases   ] GC(166) Pause Mark Start 0.011ms
[2024-07-21T22:32:42.363+0800][10.352s][gc,phases   ] GC(166) Concurrent Mark 3.880ms
[2024-07-21T22:32:42.364+0800][10.352s][gc,phases   ] GC(166) Pause Mark End 0.013ms
[2024-07-21T22:32:42.364+0800][10.352s][gc,phases   ] GC(166) Concurrent Mark Free 0.001ms
[2024-07-21T22:32:42.366+0800][10.354s][gc,phases   ] GC(166) Concurrent Process Non-Strong References 2.055ms
[2024-07-21T22:32:42.366+0800][10.354s][gc,phases   ] GC(166) Concurrent Reset Relocation Set 0.001ms
[2024-07-21T22:32:42.369+0800][10.357s][gc,phases   ] GC(166) Concurrent Select Relocation Set 2.555ms
[2024-07-21T22:32:42.369+0800][10.357s][gc          ] Allocation Stall (main) 9.419ms
[2024-07-21T22:32:42.369+0800][10.357s][gc,phases   ] GC(166) Pause Relocate Start 0.009ms
[2024-07-21T22:32:42.369+0800][10.357s][gc,phases   ] GC(166) Concurrent Relocate 0.083ms
[2024-07-21T22:32:42.369+0800][10.357s][gc,load     ] GC(166) Load: 0.00/0.00/0.00
[2024-07-21T22:32:42.369+0800][10.357s][gc,mmu      ] GC(166) MMU: 2ms/96.5%, 5ms/98.4%, 10ms/99.2%, 20ms/99.5%, 50ms/99.8%, 100ms/99.9%
[2024-07-21T22:32:42.369+0800][10.357s][gc,marking  ] GC(166) Mark: 1 stripe(s), 1 proactive flush(es), 1 terminate flush(es), 0 completion(s), 0 continuation(s) 
[2024-07-21T22:32:42.369+0800][10.357s][gc,marking  ] GC(166) Mark Stack Usage: 32M
[2024-07-21T22:32:42.369+0800][10.357s][gc,nmethod  ] GC(166) NMethods: 457 registered, 0 unregistered
[2024-07-21T22:32:42.369+0800][10.357s][gc,metaspace] GC(166) Metaspace: 1M used, 1M committed, 1032M reserved
[2024-07-21T22:32:42.369+0800][10.357s][gc,ref      ] GC(166) Soft: 43 encountered, 20 discovered, 0 enqueued
[2024-07-21T22:32:42.369+0800][10.357s][gc,ref      ] GC(166) Weak: 131 encountered, 107 discovered, 0 enqueued
[2024-07-21T22:32:42.369+0800][10.357s][gc,ref      ] GC(166) Final: 0 encountered, 0 discovered, 0 enqueued
[2024-07-21T22:32:42.369+0800][10.357s][gc,ref      ] GC(166) Phantom: 184 encountered, 98 discovered, 0 enqueued
[2024-07-21T22:32:42.369+0800][10.357s][gc,reloc    ] GC(166) Small Pages: 4 / 8M, Empty: 2M, Relocated: 0M, In-Place: 0
[2024-07-21T22:32:42.369+0800][10.357s][gc,reloc    ] GC(166) Medium Pages: 1 / 4M, Empty: 0M, Relocated: 0M, In-Place: 0
[2024-07-21T22:32:42.369+0800][10.358s][gc,reloc    ] GC(166) Large Pages: 58 / 116M, Empty: 80M, Relocated: 0M, In-Place: 0
[2024-07-21T22:32:42.369+0800][10.358s][gc,reloc    ] GC(166) Forwarding Usage: 0M
[2024-07-21T22:32:42.369+0800][10.358s][gc,heap     ] GC(166) Min Capacity: 8M(6%)
[2024-07-21T22:32:42.369+0800][10.358s][gc,heap     ] GC(166) Max Capacity: 128M(100%)
[2024-07-21T22:32:42.369+0800][10.358s][gc,heap     ] GC(166) Soft Max Capacity: 128M(100%)
[2024-07-21T22:32:42.369+0800][10.358s][gc,heap     ] GC(166)                Mark Start          Mark End        Relocate Start      Relocate End           High               Low         
[2024-07-21T22:32:42.369+0800][10.358s][gc,heap     ] GC(166)  Capacity:      128M (100%)        128M (100%)        128M (100%)        128M (100%)        128M (100%)        128M (100%)   
[2024-07-21T22:32:42.369+0800][10.358s][gc,heap     ] GC(166)      Free:        0M (0%)            0M (0%)           80M (62%)          80M (62%)          82M (64%)           0M (0%)     
[2024-07-21T22:32:42.370+0800][10.358s][gc,heap     ] GC(166)      Used:      128M (100%)        128M (100%)         48M (38%)          48M (38%)         128M (100%)         46M (36%)    
[2024-07-21T22:32:42.370+0800][10.358s][gc,heap     ] GC(166)      Live:         -                40M (32%)          40M (32%)          40M (32%)            -                  -          
[2024-07-21T22:32:42.370+0800][10.358s][gc,heap     ] GC(166) Allocated:         -                 0M (0%)            2M (2%)            2M (2%)             -                  -          
[2024-07-21T22:32:42.370+0800][10.358s][gc,heap     ] GC(166)   Garbage:         -                87M (68%)           5M (4%)            5M (4%)             -                  -          
[2024-07-21T22:32:42.370+0800][10.358s][gc,heap     ] GC(166) Reclaimed:         -                  -                82M (64%)          82M (64%)            -                  -          
[2024-07-21T22:32:42.370+0800][10.358s][gc          ] GC(166) Garbage Collection (Allocation Stall) 128M(100%)->48M(38%)
[2024-07-21T22:32:42.374+0800][10.362s][gc,start    ] GC(167) Garbage Collection (Allocation Rate)
[2024-07-21T22:32:42.374+0800][10.362s][gc,task     ] GC(167) Using 1 workers
[2024-07-21T22:32:42.374+0800][10.362s][gc,phases   ] GC(167) Pause Mark Start 0.005ms
[2024-07-21T22:32:42.377+0800][10.366s][gc,phases   ] GC(167) Concurrent Mark 3.471ms
[2024-07-21T22:32:42.378+0800][10.366s][gc,phases   ] GC(167) Pause Mark End 0.009ms
[2024-07-21T22:32:42.378+0800][10.366s][gc,phases   ] GC(167) Concurrent Mark Free 0.001ms
[2024-07-21T22:32:42.379+0800][10.367s][gc,phases   ] GC(167) Concurrent Process Non-Strong References 1.103ms
[2024-07-21T22:32:42.379+0800][10.367s][gc,phases   ] GC(167) Concurrent Reset Relocation Set 0.000ms
[2024-07-21T22:32:42.381+0800][10.369s][gc,phases   ] GC(167) Concurrent Select Relocation Set 1.923ms
[2024-07-21T22:32:42.381+0800][10.369s][gc,phases   ] GC(167) Pause Relocate Start 0.004ms
[2024-07-21T22:32:42.382+0800][10.370s][gc,phases   ] GC(167) Concurrent Relocate 0.545ms
[2024-07-21T22:32:42.382+0800][10.370s][gc,load     ] GC(167) Load: 0.00/0.00/0.00
[2024-07-21T22:32:42.382+0800][10.370s][gc,mmu      ] GC(167) MMU: 2ms/96.5%, 5ms/98.4%, 10ms/99.2%, 20ms/99.5%, 50ms/99.8%, 100ms/99.9%
[2024-07-21T22:32:42.382+0800][10.370s][gc,marking  ] GC(167) Mark: 1 stripe(s), 1 proactive flush(es), 1 terminate flush(es), 0 completion(s), 0 continuation(s) 
[2024-07-21T22:32:42.382+0800][10.370s][gc,marking  ] GC(167) Mark Stack Usage: 32M
[2024-07-21T22:32:42.382+0800][10.370s][gc,nmethod  ] GC(167) NMethods: 457 registered, 0 unregistered
[2024-07-21T22:32:42.382+0800][10.370s][gc,metaspace] GC(167) Metaspace: 1M used, 1M committed, 1032M reserved
[2024-07-21T22:32:42.382+0800][10.370s][gc,ref      ] GC(167) Soft: 43 encountered, 0 discovered, 0 enqueued
[2024-07-21T22:32:42.382+0800][10.370s][gc,ref      ] GC(167) Weak: 131 encountered, 107 discovered, 0 enqueued
[2024-07-21T22:32:42.382+0800][10.370s][gc,ref      ] GC(167) Final: 0 encountered, 0 discovered, 0 enqueued
[2024-07-21T22:32:42.382+0800][10.370s][gc,ref      ] GC(167) Phantom: 184 encountered, 98 discovered, 0 enqueued
[2024-07-21T22:32:42.382+0800][10.370s][gc,reloc    ] GC(167) Small Pages: 4 / 8M, Empty: 0M, Relocated: 1M, In-Place: 0
[2024-07-21T22:32:42.382+0800][10.370s][gc,reloc    ] GC(167) Medium Pages: 1 / 4M, Empty: 0M, Relocated: 0M, In-Place: 0
[2024-07-21T22:32:42.382+0800][10.370s][gc,reloc    ] GC(167) Large Pages: 20 / 40M, Empty: 40M, Relocated: 0M, In-Place: 0
[2024-07-21T22:32:42.382+0800][10.370s][gc,reloc    ] GC(167) Forwarding Usage: 0M
[2024-07-21T22:32:42.382+0800][10.370s][gc,heap     ] GC(167) Min Capacity: 8M(6%)
[2024-07-21T22:32:42.382+0800][10.370s][gc,heap     ] GC(167) Max Capacity: 128M(100%)
[2024-07-21T22:32:42.382+0800][10.370s][gc,heap     ] GC(167) Soft Max Capacity: 128M(100%)
[2024-07-21T22:32:42.382+0800][10.370s][gc,heap     ] GC(167)                Mark Start          Mark End        Relocate Start      Relocate End           High               Low         
[2024-07-21T22:32:42.382+0800][10.370s][gc,heap     ] GC(167)  Capacity:      128M (100%)        128M (100%)        128M (100%)        128M (100%)        128M (100%)        128M (100%)   
[2024-07-21T22:32:42.382+0800][10.370s][gc,heap     ] GC(167)      Free:       76M (59%)          76M (59%)         116M (91%)         118M (92%)         118M (92%)          76M (59%)    
[2024-07-21T22:32:42.382+0800][10.370s][gc,heap     ] GC(167)      Used:       52M (41%)          52M (41%)          12M (9%)           10M (8%)           52M (41%)          10M (8%)     
[2024-07-21T22:32:42.382+0800][10.370s][gc,heap     ] GC(167)      Live:         -                 4M (4%)            4M (4%)            4M (4%)             -                  -          
[2024-07-21T22:32:42.382+0800][10.370s][gc,heap     ] GC(167) Allocated:         -                 0M (0%)            0M (0%)            0M (0%)             -                  -          
[2024-07-21T22:32:42.382+0800][10.370s][gc,heap     ] GC(167)   Garbage:         -                47M (37%)           7M (6%)            5M (4%)             -                  -          
[2024-07-21T22:32:42.382+0800][10.370s][gc,heap     ] GC(167) Reclaimed:         -                  -                40M (31%)          42M (33%)            -                  -          
[2024-07-21T22:32:42.382+0800][10.370s][gc          ] GC(167) Garbage Collection (Allocation Rate) 52M(41%)->10M(8%)
[2024-07-21T22:32:42.469+0800][10.457s][gc,start    ] GC(168) Garbage Collection (Allocation Rate)
[2024-07-21T22:32:42.469+0800][10.457s][gc,task     ] GC(168) Using 1 workers
[2024-07-21T22:32:42.469+0800][10.457s][gc,phases   ] GC(168) Pause Mark Start 0.012ms
[2024-07-21T22:32:42.475+0800][10.463s][gc,phases   ] GC(168) Concurrent Mark 5.501ms
[2024-07-21T22:32:42.475+0800][10.463s][gc,phases   ] GC(168) Pause Mark End 0.009ms
[2024-07-21T22:32:42.475+0800][10.464s][gc,phases   ] GC(168) Concurrent Mark Free 0.001ms
[2024-07-21T22:32:42.476+0800][10.465s][gc,phases   ] GC(168) Concurrent Process Non-Strong References 1.082ms
[2024-07-21T22:32:42.476+0800][10.465s][gc,phases   ] GC(168) Concurrent Reset Relocation Set 0.001ms
[2024-07-21T22:32:42.478+0800][10.466s][gc          ] Allocation Stall (main) 7.796ms
[2024-07-21T22:32:42.478+0800][10.466s][gc,phases   ] GC(168) Concurrent Select Relocation Set 1.800ms
[2024-07-21T22:32:42.478+0800][10.467s][gc,phases   ] GC(168) Pause Relocate Start 0.004ms
[2024-07-21T22:32:42.479+0800][10.467s][gc,phases   ] GC(168) Concurrent Relocate 0.028ms
[2024-07-21T22:32:42.479+0800][10.467s][gc,load     ] GC(168) Load: 0.00/0.00/0.00
[2024-07-21T22:32:42.479+0800][10.467s][gc,mmu      ] GC(168) MMU: 2ms/96.5%, 5ms/98.4%, 10ms/99.2%, 20ms/99.5%, 50ms/99.8%, 100ms/99.9%
[2024-07-21T22:32:42.479+0800][10.467s][gc,marking  ] GC(168) Mark: 1 stripe(s), 2 proactive flush(es), 1 terminate flush(es), 0 completion(s), 0 continuation(s) 
[2024-07-21T22:32:42.479+0800][10.467s][gc,marking  ] GC(168) Mark Stack Usage: 32M
[2024-07-21T22:32:42.479+0800][10.467s][gc,nmethod  ] GC(168) NMethods: 457 registered, 0 unregistered
[2024-07-21T22:32:42.479+0800][10.467s][gc,metaspace] GC(168) Metaspace: 1M used, 1M committed, 1032M reserved
[2024-07-21T22:32:42.479+0800][10.467s][gc,ref      ] GC(168) Soft: 43 encountered, 0 discovered, 0 enqueued
[2024-07-21T22:32:42.479+0800][10.467s][gc,ref      ] GC(168) Weak: 131 encountered, 107 discovered, 0 enqueued
[2024-07-21T22:32:42.479+0800][10.467s][gc,ref      ] GC(168) Final: 0 encountered, 0 discovered, 0 enqueued
[2024-07-21T22:32:42.479+0800][10.467s][gc,ref      ] GC(168) Phantom: 184 encountered, 98 discovered, 0 enqueued
[2024-07-21T22:32:42.479+0800][10.467s][gc,reloc    ] GC(168) Small Pages: 4 / 8M, Empty: 2M, Relocated: 0M, In-Place: 0
[2024-07-21T22:32:42.479+0800][10.467s][gc,reloc    ] GC(168) Medium Pages: 1 / 4M, Empty: 0M, Relocated: 0M, In-Place: 0
[2024-07-21T22:32:42.479+0800][10.467s][gc,reloc    ] GC(168) Large Pages: 52 / 104M, Empty: 80M, Relocated: 0M, In-Place: 0
[2024-07-21T22:32:42.479+0800][10.467s][gc,reloc    ] GC(168) Forwarding Usage: 0M
[2024-07-21T22:32:42.479+0800][10.467s][gc,heap     ] GC(168) Min Capacity: 8M(6%)
[2024-07-21T22:32:42.479+0800][10.467s][gc,heap     ] GC(168) Max Capacity: 128M(100%)
[2024-07-21T22:32:42.479+0800][10.467s][gc,heap     ] GC(168) Soft Max Capacity: 128M(100%)
[2024-07-21T22:32:42.479+0800][10.467s][gc,heap     ] GC(168)                Mark Start          Mark End        Relocate Start      Relocate End           High               Low         
[2024-07-21T22:32:42.479+0800][10.467s][gc,heap     ] GC(168)  Capacity:      128M (100%)        128M (100%)        128M (100%)        128M (100%)        128M (100%)        128M (100%)   
[2024-07-21T22:32:42.479+0800][10.467s][gc,heap     ] GC(168)      Free:       12M (9%)            0M (0%)           80M (62%)          80M (62%)          82M (64%)           0M (0%)     
[2024-07-21T22:32:42.479+0800][10.467s][gc,heap     ] GC(168)      Used:      116M (91%)         128M (100%)         48M (38%)          48M (38%)         128M (100%)         46M (36%)    
[2024-07-21T22:32:42.479+0800][10.467s][gc,heap     ] GC(168)      Live:         -                28M (22%)          28M (22%)          28M (22%)            -                  -          
[2024-07-21T22:32:42.479+0800][10.467s][gc,heap     ] GC(168) Allocated:         -                12M (9%)           14M (11%)          14M (11%)            -                  -          
[2024-07-21T22:32:42.479+0800][10.467s][gc,heap     ] GC(168)   Garbage:         -                87M (68%)           5M (4%)            5M (4%)             -                  -          
[2024-07-21T22:32:42.479+0800][10.467s][gc,heap     ] GC(168) Reclaimed:         -                  -                82M (64%)          82M (64%)            -                  -          
[2024-07-21T22:32:42.479+0800][10.467s][gc          ] GC(168) Garbage Collection (Allocation Rate) 116M(91%)->48M(38%)
[2024-07-21T22:32:42.549+0800][10.538s][gc,start    ] GC(169) Garbage Collection (Allocation Stall)
[2024-07-21T22:32:42.549+0800][10.538s][gc,ref      ] GC(169) Clearing All SoftReferences
[2024-07-21T22:32:42.549+0800][10.538s][gc,task     ] GC(169) Using 1 workers
[2024-07-21T22:32:42.549+0800][10.538s][gc,phases   ] GC(169) Pause Mark Start 0.006ms
[2024-07-21T22:32:42.555+0800][10.544s][gc,phases   ] GC(169) Concurrent Mark 5.577ms
[2024-07-21T22:32:42.555+0800][10.544s][gc,phases   ] GC(169) Pause Mark End 0.011ms
[2024-07-21T22:32:42.555+0800][10.544s][gc,phases   ] GC(169) Concurrent Mark Free 0.001ms
[2024-07-21T22:32:42.557+0800][10.546s][gc,phases   ] GC(169) Concurrent Process Non-Strong References 1.273ms
[2024-07-21T22:32:42.557+0800][10.546s][gc,phases   ] GC(169) Concurrent Reset Relocation Set 0.001ms
[2024-07-21T22:32:42.561+0800][10.549s][gc          ] Allocation Stall (main) 11.626ms
[2024-07-21T22:32:42.562+0800][10.549s][gc,phases   ] GC(169) Concurrent Select Relocation Set 3.867ms
[2024-07-21T22:32:42.562+0800][10.550s][gc,phases   ] GC(169) Pause Relocate Start 0.008ms
[2024-07-21T22:32:42.562+0800][10.550s][gc,phases   ] GC(169) Concurrent Relocate 0.081ms
[2024-07-21T22:32:42.562+0800][10.550s][gc,load     ] GC(169) Load: 0.00/0.00/0.00
[2024-07-21T22:32:42.562+0800][10.550s][gc,mmu      ] GC(169) MMU: 2ms/96.5%, 5ms/98.4%, 10ms/99.2%, 20ms/99.5%, 50ms/99.8%, 100ms/99.9%
[2024-07-21T22:32:42.562+0800][10.550s][gc,marking  ] GC(169) Mark: 1 stripe(s), 1 proactive flush(es), 1 terminate flush(es), 0 completion(s), 0 continuation(s) 
[2024-07-21T22:32:42.562+0800][10.550s][gc,marking  ] GC(169) Mark Stack Usage: 32M
[2024-07-21T22:32:42.562+0800][10.550s][gc,nmethod  ] GC(169) NMethods: 457 registered, 0 unregistered
[2024-07-21T22:32:42.562+0800][10.550s][gc,metaspace] GC(169) Metaspace: 1M used, 1M committed, 1032M reserved
[2024-07-21T22:32:42.562+0800][10.550s][gc,ref      ] GC(169) Soft: 43 encountered, 20 discovered, 0 enqueued
[2024-07-21T22:32:42.562+0800][10.550s][gc,ref      ] GC(169) Weak: 131 encountered, 107 discovered, 0 enqueued
[2024-07-21T22:32:42.562+0800][10.550s][gc,ref      ] GC(169) Final: 0 encountered, 0 discovered, 0 enqueued
[2024-07-21T22:32:42.562+0800][10.550s][gc,ref      ] GC(169) Phantom: 184 encountered, 98 discovered, 0 enqueued
[2024-07-21T22:32:42.562+0800][10.550s][gc,reloc    ] GC(169) Small Pages: 4 / 8M, Empty: 2M, Relocated: 0M, In-Place: 0
[2024-07-21T22:32:42.562+0800][10.550s][gc,reloc    ] GC(169) Medium Pages: 1 / 4M, Empty: 0M, Relocated: 0M, In-Place: 0
[2024-07-21T22:32:42.562+0800][10.550s][gc,reloc    ] GC(169) Large Pages: 58 / 116M, Empty: 80M, Relocated: 0M, In-Place: 0
[2024-07-21T22:32:42.562+0800][10.550s][gc,reloc    ] GC(169) Forwarding Usage: 0M
[2024-07-21T22:32:42.562+0800][10.550s][gc,heap     ] GC(169) Min Capacity: 8M(6%)
[2024-07-21T22:32:42.562+0800][10.550s][gc,heap     ] GC(169) Max Capacity: 128M(100%)
[2024-07-21T22:32:42.562+0800][10.550s][gc,heap     ] GC(169) Soft Max Capacity: 128M(100%)
[2024-07-21T22:32:42.562+0800][10.550s][gc,heap     ] GC(169)                Mark Start          Mark End        Relocate Start      Relocate End           High               Low         
[2024-07-21T22:32:42.562+0800][10.550s][gc,heap     ] GC(169)  Capacity:      128M (100%)        128M (100%)        128M (100%)        128M (100%)        128M (100%)        128M (100%)   
[2024-07-21T22:32:42.562+0800][10.550s][gc,heap     ] GC(169)      Free:        0M (0%)            0M (0%)           78M (61%)          76M (59%)          82M (64%)           0M (0%)     
[2024-07-21T22:32:42.562+0800][10.550s][gc,heap     ] GC(169)      Used:      128M (100%)        128M (100%)         50M (39%)          52M (41%)         128M (100%)         46M (36%)    
[2024-07-21T22:32:42.562+0800][10.550s][gc,heap     ] GC(169)      Live:         -                40M (32%)          40M (32%)          40M (32%)            -                  -          
[2024-07-21T22:32:42.562+0800][10.550s][gc,heap     ] GC(169) Allocated:         -                 0M (0%)            4M (3%)            6M (5%)             -                  -          
[2024-07-21T22:32:42.562+0800][10.550s][gc,heap     ] GC(169)   Garbage:         -                87M (68%)           5M (4%)            5M (4%)             -                  -          
[2024-07-21T22:32:42.562+0800][10.550s][gc,heap     ] GC(169) Reclaimed:         -                  -                82M (64%)          82M (64%)            -                  -          
[2024-07-21T22:32:42.562+0800][10.550s][gc          ] GC(169) Garbage Collection (Allocation Stall) 128M(100%)->52M(41%)
[2024-07-21T22:32:42.579+0800][10.567s][gc,start    ] GC(170) Garbage Collection (Allocation Rate)
[2024-07-21T22:32:42.579+0800][10.567s][gc,task     ] GC(170) Using 1 workers
[2024-07-21T22:32:42.579+0800][10.568s][gc,phases   ] GC(170) Pause Mark Start 0.011ms
[2024-07-21T22:32:42.584+0800][10.572s][gc,phases   ] GC(170) Concurrent Mark 4.002ms
[2024-07-21T22:32:42.584+0800][10.572s][gc,phases   ] GC(170) Pause Mark End 0.009ms
[2024-07-21T22:32:42.584+0800][10.572s][gc,phases   ] GC(170) Concurrent Mark Free 0.001ms
[2024-07-21T22:32:42.585+0800][10.574s][gc,phases   ] GC(170) Concurrent Process Non-Strong References 1.376ms
[2024-07-21T22:32:42.585+0800][10.574s][gc,phases   ] GC(170) Concurrent Reset Relocation Set 0.001ms
[2024-07-21T22:32:42.588+0800][10.577s][gc,phases   ] GC(170) Concurrent Select Relocation Set 3.075ms
[2024-07-21T22:32:42.589+0800][10.577s][gc,phases   ] GC(170) Pause Relocate Start 0.007ms
[2024-07-21T22:32:42.589+0800][10.577s][gc,phases   ] GC(170) Concurrent Relocate 0.107ms
[2024-07-21T22:32:42.589+0800][10.577s][gc,load     ] GC(170) Load: 0.00/0.00/0.00
[2024-07-21T22:32:42.589+0800][10.577s][gc,mmu      ] GC(170) MMU: 2ms/96.5%, 5ms/98.4%, 10ms/99.2%, 20ms/99.5%, 50ms/99.8%, 100ms/99.9%
[2024-07-21T22:32:42.589+0800][10.577s][gc,marking  ] GC(170) Mark: 1 stripe(s), 2 proactive flush(es), 1 terminate flush(es), 0 completion(s), 0 continuation(s) 
[2024-07-21T22:32:42.589+0800][10.577s][gc,marking  ] GC(170) Mark Stack Usage: 32M
[2024-07-21T22:32:42.589+0800][10.577s][gc,nmethod  ] GC(170) NMethods: 457 registered, 0 unregistered
[2024-07-21T22:32:42.589+0800][10.577s][gc,metaspace] GC(170) Metaspace: 1M used, 1M committed, 1032M reserved
[2024-07-21T22:32:42.589+0800][10.577s][gc,ref      ] GC(170) Soft: 43 encountered, 0 discovered, 0 enqueued
[2024-07-21T22:32:42.589+0800][10.577s][gc,ref      ] GC(170) Weak: 131 encountered, 107 discovered, 0 enqueued
[2024-07-21T22:32:42.589+0800][10.577s][gc,ref      ] GC(170) Final: 0 encountered, 0 discovered, 0 enqueued
[2024-07-21T22:32:42.589+0800][10.577s][gc,ref      ] GC(170) Phantom: 184 encountered, 98 discovered, 0 enqueued
[2024-07-21T22:32:42.589+0800][10.577s][gc,reloc    ] GC(170) Small Pages: 4 / 8M, Empty: 2M, Relocated: 0M, In-Place: 0
[2024-07-21T22:32:42.589+0800][10.577s][gc,reloc    ] GC(170) Medium Pages: 1 / 4M, Empty: 0M, Relocated: 0M, In-Place: 0
[2024-07-21T22:32:42.589+0800][10.578s][gc,reloc    ] GC(170) Large Pages: 21 / 42M, Empty: 40M, Relocated: 0M, In-Place: 0
[2024-07-21T22:32:42.589+0800][10.578s][gc,reloc    ] GC(170) Forwarding Usage: 0M
[2024-07-21T22:32:42.589+0800][10.578s][gc,heap     ] GC(170) Min Capacity: 8M(6%)
[2024-07-21T22:32:42.589+0800][10.578s][gc,heap     ] GC(170) Max Capacity: 128M(100%)
[2024-07-21T22:32:42.589+0800][10.578s][gc,heap     ] GC(170) Soft Max Capacity: 128M(100%)
[2024-07-21T22:32:42.589+0800][10.578s][gc,heap     ] GC(170)                Mark Start          Mark End        Relocate Start      Relocate End           High               Low         
[2024-07-21T22:32:42.589+0800][10.578s][gc,heap     ] GC(170)  Capacity:      128M (100%)        128M (100%)        128M (100%)        128M (100%)        128M (100%)        128M (100%)   
[2024-07-21T22:32:42.589+0800][10.578s][gc,heap     ] GC(170)      Free:       74M (58%)          54M (42%)          96M (75%)          96M (75%)          96M (75%)          54M (42%)    
[2024-07-21T22:32:42.589+0800][10.578s][gc,heap     ] GC(170)      Used:       54M (42%)          74M (58%)          32M (25%)          32M (25%)          74M (58%)          32M (25%)    
[2024-07-21T22:32:42.589+0800][10.578s][gc,heap     ] GC(170)      Live:         -                 6M (5%)            6M (5%)            6M (5%)             -                  -          
[2024-07-21T22:32:42.589+0800][10.578s][gc,heap     ] GC(170) Allocated:         -                20M (16%)          20M (16%)          20M (16%)            -                  -          
[2024-07-21T22:32:42.589+0800][10.578s][gc,heap     ] GC(170)   Garbage:         -                47M (37%)           5M (4%)            5M (4%)             -                  -          
[2024-07-21T22:32:42.589+0800][10.578s][gc,heap     ] GC(170) Reclaimed:         -                  -                42M (33%)          42M (33%)            -                  -          
[2024-07-21T22:32:42.589+0800][10.578s][gc          ] GC(170) Garbage Collection (Allocation Rate) 54M(42%)->32M(25%)
[2024-07-21T22:32:42.657+0800][10.645s][gc,start    ] GC(171) Garbage Collection (Allocation Stall)
[2024-07-21T22:32:42.657+0800][10.645s][gc,ref      ] GC(171) Clearing All SoftReferences
[2024-07-21T22:32:42.657+0800][10.645s][gc,task     ] GC(171) Using 1 workers
[2024-07-21T22:32:42.658+0800][10.646s][gc,phases   ] GC(171) Pause Mark Start 0.005ms
[2024-07-21T22:32:42.661+0800][10.649s][gc,phases   ] GC(171) Concurrent Mark 3.338ms
[2024-07-21T22:32:42.661+0800][10.649s][gc,phases   ] GC(171) Pause Mark End 0.005ms
[2024-07-21T22:32:42.661+0800][10.649s][gc,phases   ] GC(171) Concurrent Mark Free 0.001ms
[2024-07-21T22:32:42.662+0800][10.650s][gc,phases   ] GC(171) Concurrent Process Non-Strong References 1.093ms
[2024-07-21T22:32:42.662+0800][10.650s][gc,phases   ] GC(171) Concurrent Reset Relocation Set 0.000ms
[2024-07-21T22:32:42.664+0800][10.652s][gc          ] Allocation Stall (main) 6.964ms
[2024-07-21T22:32:42.664+0800][10.652s][gc,phases   ] GC(171) Concurrent Select Relocation Set 1.823ms
[2024-07-21T22:32:42.665+0800][10.653s][gc,phases   ] GC(171) Pause Relocate Start 0.004ms
[2024-07-21T22:32:42.665+0800][10.653s][gc,phases   ] GC(171) Concurrent Relocate 0.116ms
[2024-07-21T22:32:42.665+0800][10.653s][gc,load     ] GC(171) Load: 0.00/0.00/0.00
[2024-07-21T22:32:42.665+0800][10.653s][gc,mmu      ] GC(171) MMU: 2ms/96.5%, 5ms/98.4%, 10ms/99.2%, 20ms/99.5%, 50ms/99.8%, 100ms/99.9%
[2024-07-21T22:32:42.665+0800][10.653s][gc,marking  ] GC(171) Mark: 1 stripe(s), 1 proactive flush(es), 1 terminate flush(es), 0 completion(s), 0 continuation(s) 
[2024-07-21T22:32:42.665+0800][10.653s][gc,marking  ] GC(171) Mark Stack Usage: 32M
[2024-07-21T22:32:42.665+0800][10.653s][gc,nmethod  ] GC(171) NMethods: 457 registered, 0 unregistered
[2024-07-21T22:32:42.665+0800][10.653s][gc,metaspace] GC(171) Metaspace: 1M used, 1M committed, 1032M reserved
[2024-07-21T22:32:42.665+0800][10.653s][gc,ref      ] GC(171) Soft: 43 encountered, 20 discovered, 0 enqueued
[2024-07-21T22:32:42.665+0800][10.653s][gc,ref      ] GC(171) Weak: 131 encountered, 107 discovered, 0 enqueued
[2024-07-21T22:32:42.665+0800][10.653s][gc,ref      ] GC(171) Final: 0 encountered, 0 discovered, 0 enqueued
[2024-07-21T22:32:42.665+0800][10.653s][gc,ref      ] GC(171) Phantom: 184 encountered, 98 discovered, 0 enqueued
[2024-07-21T22:32:42.665+0800][10.653s][gc,reloc    ] GC(171) Small Pages: 4 / 8M, Empty: 2M, Relocated: 0M, In-Place: 0
[2024-07-21T22:32:42.665+0800][10.653s][gc,reloc    ] GC(171) Medium Pages: 1 / 4M, Empty: 0M, Relocated: 0M, In-Place: 0
[2024-07-21T22:32:42.665+0800][10.653s][gc,reloc    ] GC(171) Large Pages: 58 / 116M, Empty: 80M, Relocated: 0M, In-Place: 0
[2024-07-21T22:32:42.665+0800][10.653s][gc,reloc    ] GC(171) Forwarding Usage: 0M
[2024-07-21T22:32:42.665+0800][10.653s][gc,heap     ] GC(171) Min Capacity: 8M(6%)
[2024-07-21T22:32:42.665+0800][10.653s][gc,heap     ] GC(171) Max Capacity: 128M(100%)
[2024-07-21T22:32:42.665+0800][10.653s][gc,heap     ] GC(171) Soft Max Capacity: 128M(100%)
[2024-07-21T22:32:42.665+0800][10.653s][gc,heap     ] GC(171)                Mark Start          Mark End        Relocate Start      Relocate End           High               Low         
[2024-07-21T22:32:42.665+0800][10.653s][gc,heap     ] GC(171)  Capacity:      128M (100%)        128M (100%)        128M (100%)        128M (100%)        128M (100%)        128M (100%)   
[2024-07-21T22:32:42.665+0800][10.653s][gc,heap     ] GC(171)      Free:        0M (0%)            0M (0%)           78M (61%)          76M (59%)          82M (64%)           0M (0%)     
[2024-07-21T22:32:42.665+0800][10.653s][gc,heap     ] GC(171)      Used:      128M (100%)        128M (100%)         50M (39%)          52M (41%)         128M (100%)         46M (36%)    
[2024-07-21T22:32:42.665+0800][10.653s][gc,heap     ] GC(171)      Live:         -                40M (32%)          40M (32%)          40M (32%)            -                  -          
[2024-07-21T22:32:42.665+0800][10.653s][gc,heap     ] GC(171) Allocated:         -                 0M (0%)            4M (3%)            6M (5%)             -                  -          
[2024-07-21T22:32:42.665+0800][10.653s][gc,heap     ] GC(171)   Garbage:         -                87M (68%)           5M (4%)            5M (4%)             -                  -          
[2024-07-21T22:32:42.665+0800][10.653s][gc,heap     ] GC(171) Reclaimed:         -                  -                82M (64%)          82M (64%)            -                  -          
[2024-07-21T22:32:42.665+0800][10.653s][gc          ] GC(171) Garbage Collection (Allocation Stall) 128M(100%)->52M(41%)
[2024-07-21T22:32:42.672+0800][10.660s][gc,start    ] GC(172) Garbage Collection (Allocation Rate)
[2024-07-21T22:32:42.672+0800][10.660s][gc,task     ] GC(172) Using 1 workers
[2024-07-21T22:32:42.672+0800][10.660s][gc,phases   ] GC(172) Pause Mark Start 0.008ms
[2024-07-21T22:32:42.675+0800][10.663s][gc,phases   ] GC(172) Concurrent Mark 3.141ms
[2024-07-21T22:32:42.676+0800][10.664s][gc,phases   ] GC(172) Pause Mark End 0.008ms
[2024-07-21T22:32:42.676+0800][10.664s][gc,phases   ] GC(172) Concurrent Mark Free 0.001ms
[2024-07-21T22:32:42.677+0800][10.665s][gc,phases   ] GC(172) Concurrent Process Non-Strong References 1.153ms
[2024-07-21T22:32:42.677+0800][10.665s][gc,phases   ] GC(172) Concurrent Reset Relocation Set 0.000ms
[2024-07-21T22:32:42.679+0800][10.667s][gc,phases   ] GC(172) Concurrent Select Relocation Set 1.656ms
[2024-07-21T22:32:42.679+0800][10.667s][gc,phases   ] GC(172) Pause Relocate Start 0.004ms
[2024-07-21T22:32:42.679+0800][10.667s][gc,phases   ] GC(172) Concurrent Relocate 0.527ms
[2024-07-21T22:32:42.680+0800][10.668s][gc,load     ] GC(172) Load: 0.00/0.00/0.00
[2024-07-21T22:32:42.680+0800][10.668s][gc,mmu      ] GC(172) MMU: 2ms/96.5%, 5ms/98.4%, 10ms/99.2%, 20ms/99.5%, 50ms/99.8%, 100ms/99.9%
[2024-07-21T22:32:42.680+0800][10.668s][gc,marking  ] GC(172) Mark: 1 stripe(s), 1 proactive flush(es), 1 terminate flush(es), 0 completion(s), 0 continuation(s) 
[2024-07-21T22:32:42.680+0800][10.668s][gc,marking  ] GC(172) Mark Stack Usage: 32M
[2024-07-21T22:32:42.680+0800][10.668s][gc,nmethod  ] GC(172) NMethods: 457 registered, 0 unregistered
[2024-07-21T22:32:42.680+0800][10.668s][gc,metaspace] GC(172) Metaspace: 1M used, 1M committed, 1032M reserved
[2024-07-21T22:32:42.680+0800][10.668s][gc,ref      ] GC(172) Soft: 43 encountered, 0 discovered, 0 enqueued
[2024-07-21T22:32:42.680+0800][10.668s][gc,ref      ] GC(172) Weak: 131 encountered, 107 discovered, 0 enqueued
[2024-07-21T22:32:42.680+0800][10.668s][gc,ref      ] GC(172) Final: 0 encountered, 0 discovered, 0 enqueued
[2024-07-21T22:32:42.680+0800][10.668s][gc,ref      ] GC(172) Phantom: 184 encountered, 98 discovered, 0 enqueued
[2024-07-21T22:32:42.680+0800][10.668s][gc,reloc    ] GC(172) Small Pages: 4 / 8M, Empty: 0M, Relocated: 1M, In-Place: 0
[2024-07-21T22:32:42.680+0800][10.668s][gc,reloc    ] GC(172) Medium Pages: 1 / 4M, Empty: 0M, Relocated: 0M, In-Place: 0
[2024-07-21T22:32:42.680+0800][10.668s][gc,reloc    ] GC(172) Large Pages: 20 / 40M, Empty: 40M, Relocated: 0M, In-Place: 0
[2024-07-21T22:32:42.680+0800][10.668s][gc,reloc    ] GC(172) Forwarding Usage: 0M
[2024-07-21T22:32:42.680+0800][10.668s][gc,heap     ] GC(172) Min Capacity: 8M(6%)
[2024-07-21T22:32:42.680+0800][10.668s][gc,heap     ] GC(172) Max Capacity: 128M(100%)
[2024-07-21T22:32:42.680+0800][10.668s][gc,heap     ] GC(172) Soft Max Capacity: 128M(100%)
[2024-07-21T22:32:42.680+0800][10.668s][gc,heap     ] GC(172)                Mark Start          Mark End        Relocate Start      Relocate End           High               Low         
[2024-07-21T22:32:42.680+0800][10.668s][gc,heap     ] GC(172)  Capacity:      128M (100%)        128M (100%)        128M (100%)        128M (100%)        128M (100%)        128M (100%)   
[2024-07-21T22:32:42.680+0800][10.668s][gc,heap     ] GC(172)      Free:       76M (59%)          76M (59%)         116M (91%)         118M (92%)         118M (92%)          76M (59%)    
[2024-07-21T22:32:42.680+0800][10.668s][gc,heap     ] GC(172)      Used:       52M (41%)          52M (41%)          12M (9%)           10M (8%)           52M (41%)          10M (8%)     
[2024-07-21T22:32:42.680+0800][10.668s][gc,heap     ] GC(172)      Live:         -                 4M (4%)            4M (4%)            4M (4%)             -                  -          
[2024-07-21T22:32:42.680+0800][10.668s][gc,heap     ] GC(172) Allocated:         -                 0M (0%)            0M (0%)            0M (0%)             -                  -          
[2024-07-21T22:32:42.680+0800][10.668s][gc,heap     ] GC(172)   Garbage:         -                47M (37%)           7M (6%)            5M (4%)             -                  -          
[2024-07-21T22:32:42.680+0800][10.668s][gc,heap     ] GC(172) Reclaimed:         -                  -                40M (31%)          42M (33%)            -                  -          
[2024-07-21T22:32:42.680+0800][10.668s][gc          ] GC(172) Garbage Collection (Allocation Rate) 52M(41%)->10M(8%)
[2024-07-21T22:32:42.768+0800][10.756s][gc,start    ] GC(173) Garbage Collection (Allocation Rate)
[2024-07-21T22:32:42.768+0800][10.756s][gc,task     ] GC(173) Using 1 workers
[2024-07-21T22:32:42.768+0800][10.756s][gc,phases   ] GC(173) Pause Mark Start 0.008ms
[2024-07-21T22:32:42.774+0800][10.763s][gc,phases   ] GC(173) Concurrent Mark 6.296ms
[2024-07-21T22:32:42.775+0800][10.763s][gc,phases   ] GC(173) Pause Mark End 0.017ms
[2024-07-21T22:32:42.775+0800][10.763s][gc,phases   ] GC(173) Concurrent Mark Free 0.001ms
[2024-07-21T22:32:42.776+0800][10.764s][gc,phases   ] GC(173) Concurrent Process Non-Strong References 1.224ms
[2024-07-21T22:32:42.776+0800][10.764s][gc,phases   ] GC(173) Concurrent Reset Relocation Set 0.001ms
[2024-07-21T22:32:42.779+0800][10.767s][gc          ] Allocation Stall (main) 8.293ms
[2024-07-21T22:32:42.779+0800][10.767s][gc,phases   ] GC(173) Concurrent Select Relocation Set 2.842ms
[2024-07-21T22:32:42.779+0800][10.768s][gc,phases   ] GC(173) Pause Relocate Start 0.007ms
[2024-07-21T22:32:42.779+0800][10.768s][gc,phases   ] GC(173) Concurrent Relocate 0.031ms
[2024-07-21T22:32:42.779+0800][10.768s][gc,load     ] GC(173) Load: 0.00/0.00/0.00
[2024-07-21T22:32:42.779+0800][10.768s][gc,mmu      ] GC(173) MMU: 2ms/96.5%, 5ms/98.4%, 10ms/99.2%, 20ms/99.5%, 50ms/99.8%, 100ms/99.9%
[2024-07-21T22:32:42.779+0800][10.768s][gc,marking  ] GC(173) Mark: 1 stripe(s), 2 proactive flush(es), 1 terminate flush(es), 0 completion(s), 0 continuation(s) 
[2024-07-21T22:32:42.779+0800][10.768s][gc,marking  ] GC(173) Mark Stack Usage: 32M
[2024-07-21T22:32:42.780+0800][10.768s][gc,nmethod  ] GC(173) NMethods: 457 registered, 0 unregistered
[2024-07-21T22:32:42.780+0800][10.768s][gc,metaspace] GC(173) Metaspace: 1M used, 1M committed, 1032M reserved
[2024-07-21T22:32:42.780+0800][10.768s][gc,ref      ] GC(173) Soft: 43 encountered, 0 discovered, 0 enqueued
[2024-07-21T22:32:42.780+0800][10.768s][gc,ref      ] GC(173) Weak: 131 encountered, 107 discovered, 0 enqueued
[2024-07-21T22:32:42.780+0800][10.768s][gc,ref      ] GC(173) Final: 0 encountered, 0 discovered, 0 enqueued
[2024-07-21T22:32:42.780+0800][10.768s][gc,ref      ] GC(173) Phantom: 184 encountered, 98 discovered, 0 enqueued
[2024-07-21T22:32:42.780+0800][10.768s][gc,reloc    ] GC(173) Small Pages: 4 / 8M, Empty: 2M, Relocated: 0M, In-Place: 0
[2024-07-21T22:32:42.780+0800][10.768s][gc,reloc    ] GC(173) Medium Pages: 1 / 4M, Empty: 0M, Relocated: 0M, In-Place: 0
[2024-07-21T22:32:42.780+0800][10.768s][gc,reloc    ] GC(173) Large Pages: 52 / 104M, Empty: 80M, Relocated: 0M, In-Place: 0
[2024-07-21T22:32:42.780+0800][10.768s][gc,reloc    ] GC(173) Forwarding Usage: 0M
[2024-07-21T22:32:42.780+0800][10.768s][gc,heap     ] GC(173) Min Capacity: 8M(6%)
[2024-07-21T22:32:42.780+0800][10.768s][gc,heap     ] GC(173) Max Capacity: 128M(100%)
[2024-07-21T22:32:42.780+0800][10.768s][gc,heap     ] GC(173) Soft Max Capacity: 128M(100%)
[2024-07-21T22:32:42.780+0800][10.768s][gc,heap     ] GC(173)                Mark Start          Mark End        Relocate Start      Relocate End           High               Low         
[2024-07-21T22:32:42.780+0800][10.768s][gc,heap     ] GC(173)  Capacity:      128M (100%)        128M (100%)        128M (100%)        128M (100%)        128M (100%)        128M (100%)   
[2024-07-21T22:32:42.780+0800][10.768s][gc,heap     ] GC(173)      Free:       12M (9%)            0M (0%)           80M (62%)          80M (62%)          82M (64%)           0M (0%)     
[2024-07-21T22:32:42.780+0800][10.768s][gc,heap     ] GC(173)      Used:      116M (91%)         128M (100%)         48M (38%)          48M (38%)         128M (100%)         46M (36%)    
[2024-07-21T22:32:42.780+0800][10.768s][gc,heap     ] GC(173)      Live:         -                28M (22%)          28M (22%)          28M (22%)            -                  -          
[2024-07-21T22:32:42.780+0800][10.768s][gc,heap     ] GC(173) Allocated:         -                12M (9%)           14M (11%)          14M (11%)            -                  -          
[2024-07-21T22:32:42.780+0800][10.768s][gc,heap     ] GC(173)   Garbage:         -                87M (68%)           5M (4%)            5M (4%)             -                  -          
[2024-07-21T22:32:42.780+0800][10.768s][gc,heap     ] GC(173) Reclaimed:         -                  -                82M (64%)          82M (64%)            -                  -          
[2024-07-21T22:32:42.780+0800][10.768s][gc          ] GC(173) Garbage Collection (Allocation Rate) 116M(91%)->48M(38%)
[2024-07-21T22:32:42.848+0800][10.837s][gc,start    ] GC(174) Garbage Collection (Allocation Stall)
[2024-07-21T22:32:42.848+0800][10.837s][gc,ref      ] GC(174) Clearing All SoftReferences
[2024-07-21T22:32:42.849+0800][10.837s][gc,task     ] GC(174) Using 1 workers
[2024-07-21T22:32:42.849+0800][10.837s][gc,phases   ] GC(174) Pause Mark Start 0.005ms
[2024-07-21T22:32:42.852+0800][10.841s][gc,phases   ] GC(174) Concurrent Mark 3.587ms
[2024-07-21T22:32:42.853+0800][10.841s][gc,phases   ] GC(174) Pause Mark End 0.007ms
[2024-07-21T22:32:42.853+0800][10.841s][gc,phases   ] GC(174) Concurrent Mark Free 0.001ms
[2024-07-21T22:32:42.854+0800][10.842s][gc,phases   ] GC(174) Concurrent Process Non-Strong References 1.132ms
[2024-07-21T22:32:42.854+0800][10.842s][gc,phases   ] GC(174) Concurrent Reset Relocation Set 0.000ms
[2024-07-21T22:32:42.856+0800][10.844s][gc          ] Allocation Stall (main) 7.154ms
[2024-07-21T22:32:42.856+0800][10.844s][gc,phases   ] GC(174) Concurrent Select Relocation Set 1.757ms
[2024-07-21T22:32:42.856+0800][10.844s][gc,phases   ] GC(174) Pause Relocate Start 0.004ms
[2024-07-21T22:32:42.856+0800][10.844s][gc,phases   ] GC(174) Concurrent Relocate 0.109ms
[2024-07-21T22:32:42.856+0800][10.845s][gc,load     ] GC(174) Load: 0.00/0.00/0.00
[2024-07-21T22:32:42.856+0800][10.845s][gc,mmu      ] GC(174) MMU: 2ms/96.5%, 5ms/98.4%, 10ms/99.2%, 20ms/99.5%, 50ms/99.8%, 100ms/99.9%
[2024-07-21T22:32:42.856+0800][10.845s][gc,marking  ] GC(174) Mark: 1 stripe(s), 1 proactive flush(es), 1 terminate flush(es), 0 completion(s), 0 continuation(s) 
[2024-07-21T22:32:42.856+0800][10.845s][gc,marking  ] GC(174) Mark Stack Usage: 32M
[2024-07-21T22:32:42.856+0800][10.845s][gc,nmethod  ] GC(174) NMethods: 457 registered, 0 unregistered
[2024-07-21T22:32:42.856+0800][10.845s][gc,metaspace] GC(174) Metaspace: 1M used, 1M committed, 1032M reserved
[2024-07-21T22:32:42.856+0800][10.845s][gc,ref      ] GC(174) Soft: 43 encountered, 20 discovered, 0 enqueued
[2024-07-21T22:32:42.856+0800][10.845s][gc,ref      ] GC(174) Weak: 131 encountered, 107 discovered, 0 enqueued
[2024-07-21T22:32:42.856+0800][10.845s][gc,ref      ] GC(174) Final: 0 encountered, 0 discovered, 0 enqueued
[2024-07-21T22:32:42.856+0800][10.845s][gc,ref      ] GC(174) Phantom: 184 encountered, 98 discovered, 0 enqueued
[2024-07-21T22:32:42.856+0800][10.845s][gc,reloc    ] GC(174) Small Pages: 4 / 8M, Empty: 2M, Relocated: 0M, In-Place: 0
[2024-07-21T22:32:42.856+0800][10.845s][gc,reloc    ] GC(174) Medium Pages: 1 / 4M, Empty: 0M, Relocated: 0M, In-Place: 0
[2024-07-21T22:32:42.856+0800][10.845s][gc,reloc    ] GC(174) Large Pages: 58 / 116M, Empty: 80M, Relocated: 0M, In-Place: 0
[2024-07-21T22:32:42.856+0800][10.845s][gc,reloc    ] GC(174) Forwarding Usage: 0M
[2024-07-21T22:32:42.856+0800][10.845s][gc,heap     ] GC(174) Min Capacity: 8M(6%)
[2024-07-21T22:32:42.856+0800][10.845s][gc,heap     ] GC(174) Max Capacity: 128M(100%)
[2024-07-21T22:32:42.856+0800][10.845s][gc,heap     ] GC(174) Soft Max Capacity: 128M(100%)
[2024-07-21T22:32:42.856+0800][10.845s][gc,heap     ] GC(174)                Mark Start          Mark End        Relocate Start      Relocate End           High               Low         
[2024-07-21T22:32:42.856+0800][10.845s][gc,heap     ] GC(174)  Capacity:      128M (100%)        128M (100%)        128M (100%)        128M (100%)        128M (100%)        128M (100%)   
[2024-07-21T22:32:42.856+0800][10.845s][gc,heap     ] GC(174)      Free:        0M (0%)            0M (0%)           80M (62%)          80M (62%)          82M (64%)           0M (0%)     
[2024-07-21T22:32:42.856+0800][10.845s][gc,heap     ] GC(174)      Used:      128M (100%)        128M (100%)         48M (38%)          48M (38%)         128M (100%)         46M (36%)    
[2024-07-21T22:32:42.856+0800][10.845s][gc,heap     ] GC(174)      Live:         -                40M (32%)          40M (32%)          40M (32%)            -                  -          
[2024-07-21T22:32:42.856+0800][10.845s][gc,heap     ] GC(174) Allocated:         -                 0M (0%)            2M (2%)            2M (2%)             -                  -          
[2024-07-21T22:32:42.856+0800][10.845s][gc,heap     ] GC(174)   Garbage:         -                87M (68%)           5M (4%)            5M (4%)             -                  -          
[2024-07-21T22:32:42.857+0800][10.845s][gc,heap     ] GC(174) Reclaimed:         -                  -                82M (64%)          82M (64%)            -                  -          
[2024-07-21T22:32:42.857+0800][10.845s][gc          ] GC(174) Garbage Collection (Allocation Stall) 128M(100%)->48M(38%)
[2024-07-21T22:32:42.879+0800][10.867s][gc,start    ] GC(175) Garbage Collection (Allocation Rate)
[2024-07-21T22:32:42.879+0800][10.867s][gc,task     ] GC(175) Using 1 workers
[2024-07-21T22:32:42.879+0800][10.867s][gc,phases   ] GC(175) Pause Mark Start 0.007ms
[2024-07-21T22:32:42.882+0800][10.871s][gc,phases   ] GC(175) Concurrent Mark 3.383ms
[2024-07-21T22:32:42.883+0800][10.871s][gc,phases   ] GC(175) Pause Mark End 0.008ms
[2024-07-21T22:32:42.883+0800][10.871s][gc,phases   ] GC(175) Concurrent Mark Free 0.001ms
[2024-07-21T22:32:42.884+0800][10.872s][gc,phases   ] GC(175) Concurrent Process Non-Strong References 1.025ms
[2024-07-21T22:32:42.884+0800][10.872s][gc,phases   ] GC(175) Concurrent Reset Relocation Set 0.000ms
[2024-07-21T22:32:42.885+0800][10.874s][gc,phases   ] GC(175) Concurrent Select Relocation Set 1.829ms
[2024-07-21T22:32:42.886+0800][10.874s][gc,phases   ] GC(175) Pause Relocate Start 0.004ms
[2024-07-21T22:32:42.886+0800][10.874s][gc,phases   ] GC(175) Concurrent Relocate 0.102ms
[2024-07-21T22:32:42.886+0800][10.874s][gc,load     ] GC(175) Load: 0.00/0.00/0.00
[2024-07-21T22:32:42.886+0800][10.874s][gc,mmu      ] GC(175) MMU: 2ms/96.5%, 5ms/98.4%, 10ms/99.2%, 20ms/99.5%, 50ms/99.8%, 100ms/99.9%
[2024-07-21T22:32:42.886+0800][10.874s][gc,marking  ] GC(175) Mark: 1 stripe(s), 2 proactive flush(es), 1 terminate flush(es), 0 completion(s), 0 continuation(s) 
[2024-07-21T22:32:42.886+0800][10.874s][gc,marking  ] GC(175) Mark Stack Usage: 32M
[2024-07-21T22:32:42.886+0800][10.874s][gc,nmethod  ] GC(175) NMethods: 457 registered, 0 unregistered
[2024-07-21T22:32:42.886+0800][10.874s][gc,metaspace] GC(175) Metaspace: 1M used, 1M committed, 1032M reserved
[2024-07-21T22:32:42.886+0800][10.874s][gc,ref      ] GC(175) Soft: 43 encountered, 0 discovered, 0 enqueued
[2024-07-21T22:32:42.886+0800][10.874s][gc,ref      ] GC(175) Weak: 131 encountered, 107 discovered, 0 enqueued
[2024-07-21T22:32:42.886+0800][10.874s][gc,ref      ] GC(175) Final: 0 encountered, 0 discovered, 0 enqueued
[2024-07-21T22:32:42.886+0800][10.874s][gc,ref      ] GC(175) Phantom: 184 encountered, 98 discovered, 0 enqueued
[2024-07-21T22:32:42.886+0800][10.874s][gc,reloc    ] GC(175) Small Pages: 4 / 8M, Empty: 2M, Relocated: 0M, In-Place: 0
[2024-07-21T22:32:42.886+0800][10.874s][gc,reloc    ] GC(175) Medium Pages: 1 / 4M, Empty: 0M, Relocated: 0M, In-Place: 0
[2024-07-21T22:32:42.886+0800][10.874s][gc,reloc    ] GC(175) Large Pages: 23 / 46M, Empty: 40M, Relocated: 0M, In-Place: 0
[2024-07-21T22:32:42.886+0800][10.874s][gc,reloc    ] GC(175) Forwarding Usage: 0M
[2024-07-21T22:32:42.886+0800][10.874s][gc,heap     ] GC(175) Min Capacity: 8M(6%)
[2024-07-21T22:32:42.886+0800][10.874s][gc,heap     ] GC(175) Max Capacity: 128M(100%)
[2024-07-21T22:32:42.886+0800][10.874s][gc,heap     ] GC(175) Soft Max Capacity: 128M(100%)
[2024-07-21T22:32:42.886+0800][10.874s][gc,heap     ] GC(175)                Mark Start          Mark End        Relocate Start      Relocate End           High               Low         
[2024-07-21T22:32:42.886+0800][10.874s][gc,heap     ] GC(175)  Capacity:      128M (100%)        128M (100%)        128M (100%)        128M (100%)        128M (100%)        128M (100%)   
[2024-07-21T22:32:42.886+0800][10.874s][gc,heap     ] GC(175)      Free:       70M (55%)          54M (42%)          96M (75%)          96M (75%)          96M (75%)          54M (42%)    
[2024-07-21T22:32:42.886+0800][10.874s][gc,heap     ] GC(175)      Used:       58M (45%)          74M (58%)          32M (25%)          32M (25%)          74M (58%)          32M (25%)    
[2024-07-21T22:32:42.886+0800][10.874s][gc,heap     ] GC(175)      Live:         -                10M (8%)           10M (8%)           10M (8%)             -                  -          
[2024-07-21T22:32:42.886+0800][10.874s][gc,heap     ] GC(175) Allocated:         -                16M (12%)          16M (12%)          16M (12%)            -                  -          
[2024-07-21T22:32:42.886+0800][10.874s][gc,heap     ] GC(175)   Garbage:         -                47M (37%)           5M (4%)            5M (4%)             -                  -          
[2024-07-21T22:32:42.886+0800][10.874s][gc,heap     ] GC(175) Reclaimed:         -                  -                42M (33%)          42M (33%)            -                  -          
[2024-07-21T22:32:42.886+0800][10.874s][gc          ] GC(175) Garbage Collection (Allocation Rate) 58M(45%)->32M(25%)
[2024-07-21T22:32:42.959+0800][10.947s][gc,start    ] GC(176) Garbage Collection (Allocation Stall)
[2024-07-21T22:32:42.959+0800][10.947s][gc,ref      ] GC(176) Clearing All SoftReferences
[2024-07-21T22:32:42.959+0800][10.947s][gc,task     ] GC(176) Using 1 workers
[2024-07-21T22:32:42.959+0800][10.948s][gc,phases   ] GC(176) Pause Mark Start 0.010ms
[2024-07-21T22:32:42.963+0800][10.952s][gc,phases   ] GC(176) Concurrent Mark 3.820ms
[2024-07-21T22:32:42.964+0800][10.952s][gc,phases   ] GC(176) Pause Mark End 0.045ms
[2024-07-21T22:32:42.964+0800][10.952s][gc,phases   ] GC(176) Concurrent Mark Free 0.003ms
[2024-07-21T22:32:42.966+0800][10.954s][gc,phases   ] GC(176) Concurrent Process Non-Strong References 1.527ms
[2024-07-21T22:32:42.966+0800][10.954s][gc,phases   ] GC(176) Concurrent Reset Relocation Set 0.000ms
[2024-07-21T22:32:42.968+0800][10.956s][gc          ] Allocation Stall (main) 9.045ms
[2024-07-21T22:32:42.968+0800][10.956s][gc,phases   ] GC(176) Concurrent Select Relocation Set 2.359ms
[2024-07-21T22:32:42.968+0800][10.957s][gc,phases   ] GC(176) Pause Relocate Start 0.012ms
[2024-07-21T22:32:42.968+0800][10.957s][gc,phases   ] GC(176) Concurrent Relocate 0.034ms
[2024-07-21T22:32:42.968+0800][10.957s][gc,load     ] GC(176) Load: 0.00/0.00/0.00
[2024-07-21T22:32:42.968+0800][10.957s][gc,mmu      ] GC(176) MMU: 2ms/96.5%, 5ms/98.4%, 10ms/99.2%, 20ms/99.5%, 50ms/99.8%, 100ms/99.9%
[2024-07-21T22:32:42.968+0800][10.957s][gc,marking  ] GC(176) Mark: 1 stripe(s), 1 proactive flush(es), 1 terminate flush(es), 0 completion(s), 0 continuation(s) 
[2024-07-21T22:32:42.968+0800][10.957s][gc,marking  ] GC(176) Mark Stack Usage: 32M
[2024-07-21T22:32:42.968+0800][10.957s][gc,nmethod  ] GC(176) NMethods: 457 registered, 0 unregistered
[2024-07-21T22:32:42.969+0800][10.957s][gc,metaspace] GC(176) Metaspace: 1M used, 1M committed, 1032M reserved
[2024-07-21T22:32:42.969+0800][10.957s][gc,ref      ] GC(176) Soft: 43 encountered, 20 discovered, 0 enqueued
[2024-07-21T22:32:42.969+0800][10.957s][gc,ref      ] GC(176) Weak: 131 encountered, 107 discovered, 0 enqueued
[2024-07-21T22:32:42.969+0800][10.957s][gc,ref      ] GC(176) Final: 0 encountered, 0 discovered, 0 enqueued
[2024-07-21T22:32:42.969+0800][10.957s][gc,ref      ] GC(176) Phantom: 184 encountered, 98 discovered, 0 enqueued
[2024-07-21T22:32:42.969+0800][10.957s][gc,reloc    ] GC(176) Small Pages: 4 / 8M, Empty: 2M, Relocated: 0M, In-Place: 0
[2024-07-21T22:32:42.969+0800][10.957s][gc,reloc    ] GC(176) Medium Pages: 1 / 4M, Empty: 0M, Relocated: 0M, In-Place: 0
[2024-07-21T22:32:42.969+0800][10.957s][gc,reloc    ] GC(176) Large Pages: 58 / 116M, Empty: 80M, Relocated: 0M, In-Place: 0
[2024-07-21T22:32:42.969+0800][10.957s][gc,reloc    ] GC(176) Forwarding Usage: 0M
[2024-07-21T22:32:42.969+0800][10.957s][gc,heap     ] GC(176) Min Capacity: 8M(6%)
[2024-07-21T22:32:42.969+0800][10.957s][gc,heap     ] GC(176) Max Capacity: 128M(100%)
[2024-07-21T22:32:42.969+0800][10.957s][gc,heap     ] GC(176) Soft Max Capacity: 128M(100%)
[2024-07-21T22:32:42.969+0800][10.957s][gc,heap     ] GC(176)                Mark Start          Mark End        Relocate Start      Relocate End           High               Low         
[2024-07-21T22:32:42.969+0800][10.957s][gc,heap     ] GC(176)  Capacity:      128M (100%)        128M (100%)        128M (100%)        128M (100%)        128M (100%)        128M (100%)   
[2024-07-21T22:32:42.969+0800][10.957s][gc,heap     ] GC(176)      Free:        0M (0%)            0M (0%)           80M (62%)          80M (62%)          82M (64%)           0M (0%)     
[2024-07-21T22:32:42.969+0800][10.957s][gc,heap     ] GC(176)      Used:      128M (100%)        128M (100%)         48M (38%)          48M (38%)         128M (100%)         46M (36%)    
[2024-07-21T22:32:42.969+0800][10.957s][gc,heap     ] GC(176)      Live:         -                40M (32%)          40M (32%)          40M (32%)            -                  -          
[2024-07-21T22:32:42.969+0800][10.957s][gc,heap     ] GC(176) Allocated:         -                 0M (0%)            2M (2%)            2M (2%)             -                  -          
[2024-07-21T22:32:42.969+0800][10.957s][gc,heap     ] GC(176)   Garbage:         -                87M (68%)           5M (4%)            5M (4%)             -                  -          
[2024-07-21T22:32:42.969+0800][10.957s][gc,heap     ] GC(176) Reclaimed:         -                  -                82M (64%)          82M (64%)            -                  -          
[2024-07-21T22:32:42.969+0800][10.957s][gc          ] GC(176) Garbage Collection (Allocation Stall) 128M(100%)->48M(38%)
[2024-07-21T22:32:42.974+0800][10.962s][gc,start    ] GC(177) Garbage Collection (Allocation Rate)
[2024-07-21T22:32:42.974+0800][10.962s][gc,task     ] GC(177) Using 1 workers
[2024-07-21T22:32:42.974+0800][10.963s][gc,phases   ] GC(177) Pause Mark Start 0.012ms
[2024-07-21T22:32:42.978+0800][10.966s][gc,phases   ] GC(177) Concurrent Mark 3.517ms
[2024-07-21T22:32:42.978+0800][10.966s][gc,phases   ] GC(177) Pause Mark End 0.018ms
[2024-07-21T22:32:42.978+0800][10.966s][gc,phases   ] GC(177) Concurrent Mark Free 0.001ms
[2024-07-21T22:32:42.979+0800][10.968s][gc,phases   ] GC(177) Concurrent Process Non-Strong References 1.152ms
[2024-07-21T22:32:42.979+0800][10.968s][gc,phases   ] GC(177) Concurrent Reset Relocation Set 0.000ms
[2024-07-21T22:32:42.982+0800][10.971s][gc,phases   ] GC(177) Concurrent Select Relocation Set 2.982ms
[2024-07-21T22:32:42.983+0800][10.971s][gc,phases   ] GC(177) Pause Relocate Start 0.016ms
[2024-07-21T22:32:42.984+0800][10.972s][gc,phases   ] GC(177) Concurrent Relocate 0.951ms
[2024-07-21T22:32:42.984+0800][10.972s][gc,load     ] GC(177) Load: 0.00/0.00/0.00
[2024-07-21T22:32:42.984+0800][10.972s][gc,mmu      ] GC(177) MMU: 2ms/96.5%, 5ms/98.4%, 10ms/99.2%, 20ms/99.5%, 50ms/99.8%, 100ms/99.9%
[2024-07-21T22:32:42.984+0800][10.972s][gc,marking  ] GC(177) Mark: 1 stripe(s), 1 proactive flush(es), 1 terminate flush(es), 0 completion(s), 0 continuation(s) 
[2024-07-21T22:32:42.984+0800][10.972s][gc,marking  ] GC(177) Mark Stack Usage: 32M
[2024-07-21T22:32:42.984+0800][10.972s][gc,nmethod  ] GC(177) NMethods: 457 registered, 0 unregistered
[2024-07-21T22:32:42.984+0800][10.972s][gc,metaspace] GC(177) Metaspace: 1M used, 1M committed, 1032M reserved
[2024-07-21T22:32:42.984+0800][10.972s][gc,ref      ] GC(177) Soft: 43 encountered, 0 discovered, 0 enqueued
[2024-07-21T22:32:42.984+0800][10.972s][gc,ref      ] GC(177) Weak: 131 encountered, 107 discovered, 0 enqueued
[2024-07-21T22:32:42.984+0800][10.972s][gc,ref      ] GC(177) Final: 0 encountered, 0 discovered, 0 enqueued
[2024-07-21T22:32:42.984+0800][10.972s][gc,ref      ] GC(177) Phantom: 184 encountered, 98 discovered, 0 enqueued
[2024-07-21T22:32:42.984+0800][10.972s][gc,reloc    ] GC(177) Small Pages: 4 / 8M, Empty: 0M, Relocated: 1M, In-Place: 0
[2024-07-21T22:32:42.984+0800][10.972s][gc,reloc    ] GC(177) Medium Pages: 1 / 4M, Empty: 0M, Relocated: 0M, In-Place: 0
[2024-07-21T22:32:42.984+0800][10.972s][gc,reloc    ] GC(177) Large Pages: 20 / 40M, Empty: 40M, Relocated: 0M, In-Place: 0
[2024-07-21T22:32:42.984+0800][10.973s][gc,reloc    ] GC(177) Forwarding Usage: 0M
[2024-07-21T22:32:42.984+0800][10.973s][gc,heap     ] GC(177) Min Capacity: 8M(6%)
[2024-07-21T22:32:42.984+0800][10.973s][gc,heap     ] GC(177) Max Capacity: 128M(100%)
[2024-07-21T22:32:42.984+0800][10.973s][gc,heap     ] GC(177) Soft Max Capacity: 128M(100%)
[2024-07-21T22:32:42.984+0800][10.973s][gc,heap     ] GC(177)                Mark Start          Mark End        Relocate Start      Relocate End           High               Low         
[2024-07-21T22:32:42.984+0800][10.973s][gc,heap     ] GC(177)  Capacity:      128M (100%)        128M (100%)        128M (100%)        128M (100%)        128M (100%)        128M (100%)   
[2024-07-21T22:32:42.984+0800][10.973s][gc,heap     ] GC(177)      Free:       76M (59%)          76M (59%)         116M (91%)         118M (92%)         118M (92%)          76M (59%)    
[2024-07-21T22:32:42.984+0800][10.973s][gc,heap     ] GC(177)      Used:       52M (41%)          52M (41%)          12M (9%)           10M (8%)           52M (41%)          10M (8%)     
[2024-07-21T22:32:42.984+0800][10.973s][gc,heap     ] GC(177)      Live:         -                 4M (4%)            4M (4%)            4M (4%)             -                  -          
[2024-07-21T22:32:42.984+0800][10.973s][gc,heap     ] GC(177) Allocated:         -                 0M (0%)            0M (0%)            0M (0%)             -                  -          
[2024-07-21T22:32:42.984+0800][10.973s][gc,heap     ] GC(177)   Garbage:         -                47M (37%)           7M (6%)            5M (4%)             -                  -          
[2024-07-21T22:32:42.984+0800][10.973s][gc,heap     ] GC(177) Reclaimed:         -                  -                40M (31%)          42M (33%)            -                  -          
[2024-07-21T22:32:42.984+0800][10.973s][gc          ] GC(177) Garbage Collection (Allocation Rate) 52M(41%)->10M(8%)
[2024-07-21T22:32:43.070+0800][11.058s][gc,start    ] GC(178) Garbage Collection (Allocation Rate)
[2024-07-21T22:32:43.070+0800][11.058s][gc,task     ] GC(178) Using 1 workers
[2024-07-21T22:32:43.070+0800][11.059s][gc,phases   ] GC(178) Pause Mark Start 0.010ms
[2024-07-21T22:32:43.074+0800][11.062s][gc,phases   ] GC(178) Concurrent Mark 3.437ms
[2024-07-21T22:32:43.074+0800][11.062s][gc,phases   ] GC(178) Pause Mark End 0.008ms
[2024-07-21T22:32:43.074+0800][11.063s][gc,phases   ] GC(178) Concurrent Mark Free 0.001ms
[2024-07-21T22:32:43.075+0800][11.064s][gc,phases   ] GC(178) Concurrent Process Non-Strong References 1.051ms
[2024-07-21T22:32:43.075+0800][11.064s][gc,phases   ] GC(178) Concurrent Reset Relocation Set 0.001ms
[2024-07-21T22:32:43.077+0800][11.065s][gc          ] Allocation Stall (main) 5.678ms
[2024-07-21T22:32:43.077+0800][11.066s][gc,phases   ] GC(178) Concurrent Select Relocation Set 1.829ms
[2024-07-21T22:32:43.077+0800][11.066s][gc,phases   ] GC(178) Pause Relocate Start 0.004ms
[2024-07-21T22:32:43.078+0800][11.066s][gc,phases   ] GC(178) Concurrent Relocate 0.116ms
[2024-07-21T22:32:43.078+0800][11.066s][gc,load     ] GC(178) Load: 0.00/0.00/0.00
[2024-07-21T22:32:43.078+0800][11.066s][gc,mmu      ] GC(178) MMU: 2ms/96.5%, 5ms/98.4%, 10ms/99.2%, 20ms/99.5%, 50ms/99.8%, 100ms/99.9%
[2024-07-21T22:32:43.078+0800][11.066s][gc,marking  ] GC(178) Mark: 1 stripe(s), 2 proactive flush(es), 1 terminate flush(es), 0 completion(s), 0 continuation(s) 
[2024-07-21T22:32:43.078+0800][11.066s][gc,marking  ] GC(178) Mark Stack Usage: 32M
[2024-07-21T22:32:43.078+0800][11.066s][gc,nmethod  ] GC(178) NMethods: 457 registered, 0 unregistered
[2024-07-21T22:32:43.078+0800][11.066s][gc,metaspace] GC(178) Metaspace: 1M used, 1M committed, 1032M reserved
[2024-07-21T22:32:43.078+0800][11.066s][gc,ref      ] GC(178) Soft: 43 encountered, 0 discovered, 0 enqueued
[2024-07-21T22:32:43.078+0800][11.066s][gc,ref      ] GC(178) Weak: 131 encountered, 107 discovered, 0 enqueued
[2024-07-21T22:32:43.078+0800][11.066s][gc,ref      ] GC(178) Final: 0 encountered, 0 discovered, 0 enqueued
[2024-07-21T22:32:43.078+0800][11.066s][gc,ref      ] GC(178) Phantom: 184 encountered, 98 discovered, 0 enqueued
[2024-07-21T22:32:43.078+0800][11.066s][gc,reloc    ] GC(178) Small Pages: 4 / 8M, Empty: 2M, Relocated: 0M, In-Place: 0
[2024-07-21T22:32:43.078+0800][11.066s][gc,reloc    ] GC(178) Medium Pages: 1 / 4M, Empty: 0M, Relocated: 0M, In-Place: 0
[2024-07-21T22:32:43.078+0800][11.066s][gc,reloc    ] GC(178) Large Pages: 53 / 106M, Empty: 80M, Relocated: 0M, In-Place: 0
[2024-07-21T22:32:43.078+0800][11.066s][gc,reloc    ] GC(178) Forwarding Usage: 0M
[2024-07-21T22:32:43.078+0800][11.066s][gc,heap     ] GC(178) Min Capacity: 8M(6%)
[2024-07-21T22:32:43.078+0800][11.066s][gc,heap     ] GC(178) Max Capacity: 128M(100%)
[2024-07-21T22:32:43.078+0800][11.066s][gc,heap     ] GC(178) Soft Max Capacity: 128M(100%)
[2024-07-21T22:32:43.078+0800][11.066s][gc,heap     ] GC(178)                Mark Start          Mark End        Relocate Start      Relocate End           High               Low         
[2024-07-21T22:32:43.078+0800][11.066s][gc,heap     ] GC(178)  Capacity:      128M (100%)        128M (100%)        128M (100%)        128M (100%)        128M (100%)        128M (100%)   
[2024-07-21T22:32:43.078+0800][11.066s][gc,heap     ] GC(178)      Free:       10M (8%)            0M (0%)           76M (59%)          76M (59%)          82M (64%)           0M (0%)     
[2024-07-21T22:32:43.078+0800][11.066s][gc,heap     ] GC(178)      Used:      118M (92%)         128M (100%)         52M (41%)          52M (41%)         128M (100%)         46M (36%)    
[2024-07-21T22:32:43.078+0800][11.066s][gc,heap     ] GC(178)      Live:         -                30M (24%)          30M (24%)          30M (24%)            -                  -          
[2024-07-21T22:32:43.078+0800][11.066s][gc,heap     ] GC(178) Allocated:         -                10M (8%)           16M (12%)          16M (12%)            -                  -          
[2024-07-21T22:32:43.078+0800][11.066s][gc,heap     ] GC(178)   Garbage:         -                87M (68%)           5M (4%)            5M (4%)             -                  -          
[2024-07-21T22:32:43.078+0800][11.066s][gc,heap     ] GC(178) Reclaimed:         -                  -                82M (64%)          82M (64%)            -                  -          
[2024-07-21T22:32:43.078+0800][11.066s][gc          ] GC(178) Garbage Collection (Allocation Rate) 118M(92%)->52M(41%)
[2024-07-21T22:32:43.150+0800][11.139s][gc,start    ] GC(179) Garbage Collection (Allocation Stall)
[2024-07-21T22:32:43.150+0800][11.139s][gc,ref      ] GC(179) Clearing All SoftReferences
[2024-07-21T22:32:43.150+0800][11.139s][gc,task     ] GC(179) Using 1 workers
[2024-07-21T22:32:43.150+0800][11.139s][gc,phases   ] GC(179) Pause Mark Start 0.006ms
[2024-07-21T22:32:43.156+0800][11.145s][gc,phases   ] GC(179) Concurrent Mark 6.017ms
[2024-07-21T22:32:43.157+0800][11.145s][gc,phases   ] GC(179) Pause Mark End 0.010ms
[2024-07-21T22:32:43.157+0800][11.145s][gc,phases   ] GC(179) Concurrent Mark Free 0.001ms
[2024-07-21T22:32:43.158+0800][11.147s][gc,phases   ] GC(179) Concurrent Process Non-Strong References 1.161ms
[2024-07-21T22:32:43.158+0800][11.147s][gc,phases   ] GC(179) Concurrent Reset Relocation Set 0.001ms
[2024-07-21T22:32:43.161+0800][11.149s][gc          ] Allocation Stall (main) 10.753ms
[2024-07-21T22:32:43.161+0800][11.149s][gc,phases   ] GC(179) Concurrent Select Relocation Set 2.598ms
[2024-07-21T22:32:43.161+0800][11.150s][gc,phases   ] GC(179) Pause Relocate Start 0.007ms
[2024-07-21T22:32:43.161+0800][11.150s][gc,phases   ] GC(179) Concurrent Relocate 0.082ms
[2024-07-21T22:32:43.161+0800][11.150s][gc,load     ] GC(179) Load: 0.00/0.00/0.00
[2024-07-21T22:32:43.161+0800][11.150s][gc,mmu      ] GC(179) MMU: 2ms/96.5%, 5ms/98.4%, 10ms/99.2%, 20ms/99.5%, 50ms/99.8%, 100ms/99.9%
[2024-07-21T22:32:43.161+0800][11.150s][gc,marking  ] GC(179) Mark: 1 stripe(s), 1 proactive flush(es), 1 terminate flush(es), 0 completion(s), 0 continuation(s) 
[2024-07-21T22:32:43.161+0800][11.150s][gc,marking  ] GC(179) Mark Stack Usage: 32M
[2024-07-21T22:32:43.161+0800][11.150s][gc,nmethod  ] GC(179) NMethods: 457 registered, 0 unregistered
[2024-07-21T22:32:43.161+0800][11.150s][gc,metaspace] GC(179) Metaspace: 1M used, 1M committed, 1032M reserved
[2024-07-21T22:32:43.161+0800][11.150s][gc,ref      ] GC(179) Soft: 43 encountered, 20 discovered, 0 enqueued
[2024-07-21T22:32:43.161+0800][11.150s][gc,ref      ] GC(179) Weak: 131 encountered, 107 discovered, 0 enqueued
[2024-07-21T22:32:43.161+0800][11.150s][gc,ref      ] GC(179) Final: 0 encountered, 0 discovered, 0 enqueued
[2024-07-21T22:32:43.161+0800][11.150s][gc,ref      ] GC(179) Phantom: 184 encountered, 98 discovered, 0 enqueued
[2024-07-21T22:32:43.161+0800][11.150s][gc,reloc    ] GC(179) Small Pages: 4 / 8M, Empty: 2M, Relocated: 0M, In-Place: 0
[2024-07-21T22:32:43.161+0800][11.150s][gc,reloc    ] GC(179) Medium Pages: 1 / 4M, Empty: 0M, Relocated: 0M, In-Place: 0
[2024-07-21T22:32:43.161+0800][11.150s][gc,reloc    ] GC(179) Large Pages: 58 / 116M, Empty: 80M, Relocated: 0M, In-Place: 0
[2024-07-21T22:32:43.161+0800][11.150s][gc,reloc    ] GC(179) Forwarding Usage: 0M
[2024-07-21T22:32:43.161+0800][11.150s][gc,heap     ] GC(179) Min Capacity: 8M(6%)
[2024-07-21T22:32:43.161+0800][11.150s][gc,heap     ] GC(179) Max Capacity: 128M(100%)
[2024-07-21T22:32:43.161+0800][11.150s][gc,heap     ] GC(179) Soft Max Capacity: 128M(100%)
[2024-07-21T22:32:43.161+0800][11.150s][gc,heap     ] GC(179)                Mark Start          Mark End        Relocate Start      Relocate End           High               Low         
[2024-07-21T22:32:43.161+0800][11.150s][gc,heap     ] GC(179)  Capacity:      128M (100%)        128M (100%)        128M (100%)        128M (100%)        128M (100%)        128M (100%)   
[2024-07-21T22:32:43.161+0800][11.150s][gc,heap     ] GC(179)      Free:        0M (0%)            0M (0%)           80M (62%)          80M (62%)          82M (64%)           0M (0%)     
[2024-07-21T22:32:43.161+0800][11.150s][gc,heap     ] GC(179)      Used:      128M (100%)        128M (100%)         48M (38%)          48M (38%)         128M (100%)         46M (36%)    
[2024-07-21T22:32:43.161+0800][11.150s][gc,heap     ] GC(179)      Live:         -                40M (32%)          40M (32%)          40M (32%)            -                  -          
[2024-07-21T22:32:43.161+0800][11.150s][gc,heap     ] GC(179) Allocated:         -                 0M (0%)            2M (2%)            2M (2%)             -                  -          
[2024-07-21T22:32:43.161+0800][11.150s][gc,heap     ] GC(179)   Garbage:         -                87M (68%)           5M (4%)            5M (4%)             -                  -          
[2024-07-21T22:32:43.161+0800][11.150s][gc,heap     ] GC(179) Reclaimed:         -                  -                82M (64%)          82M (64%)            -                  -          
[2024-07-21T22:32:43.161+0800][11.150s][gc          ] GC(179) Garbage Collection (Allocation Stall) 128M(100%)->48M(38%)
[2024-07-21T22:32:43.181+0800][11.169s][gc,start    ] GC(180) Garbage Collection (Allocation Rate)
[2024-07-21T22:32:43.181+0800][11.170s][gc,task     ] GC(180) Using 1 workers
[2024-07-21T22:32:43.181+0800][11.170s][gc,phases   ] GC(180) Pause Mark Start 0.010ms
[2024-07-21T22:32:43.185+0800][11.174s][gc,phases   ] GC(180) Concurrent Mark 4.255ms
[2024-07-21T22:32:43.186+0800][11.175s][gc,phases   ] GC(180) Pause Mark End 0.036ms
[2024-07-21T22:32:43.186+0800][11.175s][gc,phases   ] GC(180) Concurrent Mark Free 0.002ms
[2024-07-21T22:32:43.188+0800][11.177s][gc,phases   ] GC(180) Concurrent Process Non-Strong References 1.792ms
[2024-07-21T22:32:43.188+0800][11.177s][gc,phases   ] GC(180) Concurrent Reset Relocation Set 0.000ms
[2024-07-21T22:32:43.191+0800][11.179s][gc,phases   ] GC(180) Concurrent Select Relocation Set 2.656ms
[2024-07-21T22:32:43.191+0800][11.180s][gc,phases   ] GC(180) Pause Relocate Start 0.014ms
[2024-07-21T22:32:43.191+0800][11.180s][gc,phases   ] GC(180) Concurrent Relocate 0.114ms
[2024-07-21T22:32:43.191+0800][11.180s][gc,load     ] GC(180) Load: 0.00/0.00/0.00
[2024-07-21T22:32:43.191+0800][11.180s][gc,mmu      ] GC(180) MMU: 2ms/96.5%, 5ms/98.4%, 10ms/99.2%, 20ms/99.5%, 50ms/99.8%, 100ms/99.9%
[2024-07-21T22:32:43.191+0800][11.180s][gc,marking  ] GC(180) Mark: 1 stripe(s), 2 proactive flush(es), 1 terminate flush(es), 0 completion(s), 0 continuation(s) 
[2024-07-21T22:32:43.191+0800][11.180s][gc,marking  ] GC(180) Mark Stack Usage: 32M
[2024-07-21T22:32:43.191+0800][11.180s][gc,nmethod  ] GC(180) NMethods: 457 registered, 0 unregistered
[2024-07-21T22:32:43.191+0800][11.180s][gc,metaspace] GC(180) Metaspace: 1M used, 1M committed, 1032M reserved
[2024-07-21T22:32:43.191+0800][11.180s][gc,ref      ] GC(180) Soft: 43 encountered, 0 discovered, 0 enqueued
[2024-07-21T22:32:43.191+0800][11.180s][gc,ref      ] GC(180) Weak: 131 encountered, 107 discovered, 0 enqueued
[2024-07-21T22:32:43.191+0800][11.180s][gc,ref      ] GC(180) Final: 0 encountered, 0 discovered, 0 enqueued
[2024-07-21T22:32:43.191+0800][11.180s][gc,ref      ] GC(180) Phantom: 184 encountered, 98 discovered, 0 enqueued
[2024-07-21T22:32:43.191+0800][11.180s][gc,reloc    ] GC(180) Small Pages: 4 / 8M, Empty: 2M, Relocated: 0M, In-Place: 0
[2024-07-21T22:32:43.191+0800][11.180s][gc,reloc    ] GC(180) Medium Pages: 1 / 4M, Empty: 0M, Relocated: 0M, In-Place: 0
[2024-07-21T22:32:43.191+0800][11.180s][gc,reloc    ] GC(180) Large Pages: 23 / 46M, Empty: 40M, Relocated: 0M, In-Place: 0
[2024-07-21T22:32:43.191+0800][11.180s][gc,reloc    ] GC(180) Forwarding Usage: 0M
[2024-07-21T22:32:43.191+0800][11.180s][gc,heap     ] GC(180) Min Capacity: 8M(6%)
[2024-07-21T22:32:43.191+0800][11.180s][gc,heap     ] GC(180) Max Capacity: 128M(100%)
[2024-07-21T22:32:43.191+0800][11.180s][gc,heap     ] GC(180) Soft Max Capacity: 128M(100%)
[2024-07-21T22:32:43.191+0800][11.180s][gc,heap     ] GC(180)                Mark Start          Mark End        Relocate Start      Relocate End           High               Low         
[2024-07-21T22:32:43.191+0800][11.180s][gc,heap     ] GC(180)  Capacity:      128M (100%)        128M (100%)        128M (100%)        128M (100%)        128M (100%)        128M (100%)   
[2024-07-21T22:32:43.191+0800][11.180s][gc,heap     ] GC(180)      Free:       70M (55%)          54M (42%)          96M (75%)          96M (75%)          96M (75%)          54M (42%)    
[2024-07-21T22:32:43.191+0800][11.180s][gc,heap     ] GC(180)      Used:       58M (45%)          74M (58%)          32M (25%)          32M (25%)          74M (58%)          32M (25%)    
[2024-07-21T22:32:43.191+0800][11.180s][gc,heap     ] GC(180)      Live:         -                10M (8%)           10M (8%)           10M (8%)             -                  -          
[2024-07-21T22:32:43.191+0800][11.180s][gc,heap     ] GC(180) Allocated:         -                16M (12%)          16M (12%)          16M (12%)            -                  -          
[2024-07-21T22:32:43.192+0800][11.180s][gc,heap     ] GC(180)   Garbage:         -                47M (37%)           5M (4%)            5M (4%)             -                  -          
[2024-07-21T22:32:43.192+0800][11.180s][gc,heap     ] GC(180) Reclaimed:         -                  -                42M (33%)          42M (33%)            -                  -          
[2024-07-21T22:32:43.192+0800][11.180s][gc          ] GC(180) Garbage Collection (Allocation Rate) 58M(45%)->32M(25%)
[2024-07-21T22:32:43.262+0800][11.251s][gc,start    ] GC(181) Garbage Collection (Allocation Stall)
[2024-07-21T22:32:43.262+0800][11.251s][gc,ref      ] GC(181) Clearing All SoftReferences
[2024-07-21T22:32:43.262+0800][11.251s][gc,task     ] GC(181) Using 1 workers
[2024-07-21T22:32:43.262+0800][11.251s][gc,phases   ] GC(181) Pause Mark Start 0.006ms
[2024-07-21T22:32:43.265+0800][11.254s][gc,phases   ] GC(181) Concurrent Mark 3.251ms
[2024-07-21T22:32:43.266+0800][11.254s][gc,phases   ] GC(181) Pause Mark End 0.005ms
[2024-07-21T22:32:43.266+0800][11.254s][gc,phases   ] GC(181) Concurrent Mark Free 0.001ms
[2024-07-21T22:32:43.267+0800][11.256s][gc,phases   ] GC(181) Concurrent Process Non-Strong References 1.118ms
[2024-07-21T22:32:43.267+0800][11.256s][gc,phases   ] GC(181) Concurrent Reset Relocation Set 0.000ms
[2024-07-21T22:32:43.269+0800][11.257s][gc          ] Allocation Stall (main) 6.824ms
[2024-07-21T22:32:43.269+0800][11.257s][gc,phases   ] GC(181) Concurrent Select Relocation Set 1.851ms
[2024-07-21T22:32:43.269+0800][11.258s][gc,phases   ] GC(181) Pause Relocate Start 0.005ms
[2024-07-21T22:32:43.269+0800][11.258s][gc,phases   ] GC(181) Concurrent Relocate 0.111ms
[2024-07-21T22:32:43.269+0800][11.258s][gc,load     ] GC(181) Load: 0.00/0.00/0.00
[2024-07-21T22:32:43.269+0800][11.258s][gc,mmu      ] GC(181) MMU: 2ms/96.5%, 5ms/98.4%, 10ms/99.2%, 20ms/99.5%, 50ms/99.8%, 100ms/99.9%
[2024-07-21T22:32:43.269+0800][11.258s][gc,marking  ] GC(181) Mark: 1 stripe(s), 1 proactive flush(es), 1 terminate flush(es), 0 completion(s), 0 continuation(s) 
[2024-07-21T22:32:43.269+0800][11.258s][gc,marking  ] GC(181) Mark Stack Usage: 32M
[2024-07-21T22:32:43.269+0800][11.258s][gc,nmethod  ] GC(181) NMethods: 457 registered, 0 unregistered
[2024-07-21T22:32:43.269+0800][11.258s][gc,metaspace] GC(181) Metaspace: 1M used, 1M committed, 1032M reserved
[2024-07-21T22:32:43.269+0800][11.258s][gc,ref      ] GC(181) Soft: 43 encountered, 20 discovered, 0 enqueued
[2024-07-21T22:32:43.269+0800][11.258s][gc,ref      ] GC(181) Weak: 131 encountered, 107 discovered, 0 enqueued
[2024-07-21T22:32:43.269+0800][11.258s][gc,ref      ] GC(181) Final: 0 encountered, 0 discovered, 0 enqueued
[2024-07-21T22:32:43.269+0800][11.258s][gc,ref      ] GC(181) Phantom: 184 encountered, 98 discovered, 0 enqueued
[2024-07-21T22:32:43.269+0800][11.258s][gc,reloc    ] GC(181) Small Pages: 4 / 8M, Empty: 2M, Relocated: 0M, In-Place: 0
[2024-07-21T22:32:43.269+0800][11.258s][gc,reloc    ] GC(181) Medium Pages: 1 / 4M, Empty: 0M, Relocated: 0M, In-Place: 0
[2024-07-21T22:32:43.269+0800][11.258s][gc,reloc    ] GC(181) Large Pages: 58 / 116M, Empty: 80M, Relocated: 0M, In-Place: 0
[2024-07-21T22:32:43.269+0800][11.258s][gc,reloc    ] GC(181) Forwarding Usage: 0M
[2024-07-21T22:32:43.269+0800][11.258s][gc,heap     ] GC(181) Min Capacity: 8M(6%)
[2024-07-21T22:32:43.270+0800][11.258s][gc,heap     ] GC(181) Max Capacity: 128M(100%)
[2024-07-21T22:32:43.270+0800][11.258s][gc,heap     ] GC(181) Soft Max Capacity: 128M(100%)
[2024-07-21T22:32:43.270+0800][11.258s][gc,heap     ] GC(181)                Mark Start          Mark End        Relocate Start      Relocate End           High               Low         
[2024-07-21T22:32:43.270+0800][11.258s][gc,heap     ] GC(181)  Capacity:      128M (100%)        128M (100%)        128M (100%)        128M (100%)        128M (100%)        128M (100%)   
[2024-07-21T22:32:43.270+0800][11.258s][gc,heap     ] GC(181)      Free:        0M (0%)            0M (0%)           80M (62%)          76M (59%)          82M (64%)           0M (0%)     
[2024-07-21T22:32:43.270+0800][11.258s][gc,heap     ] GC(181)      Used:      128M (100%)        128M (100%)         48M (38%)          52M (41%)         128M (100%)         46M (36%)    
[2024-07-21T22:32:43.270+0800][11.258s][gc,heap     ] GC(181)      Live:         -                40M (32%)          40M (32%)          40M (32%)            -                  -          
[2024-07-21T22:32:43.270+0800][11.258s][gc,heap     ] GC(181) Allocated:         -                 0M (0%)            2M (2%)            6M (5%)             -                  -          
[2024-07-21T22:32:43.270+0800][11.258s][gc,heap     ] GC(181)   Garbage:         -                87M (68%)           5M (4%)            5M (4%)             -                  -          
[2024-07-21T22:32:43.270+0800][11.258s][gc,heap     ] GC(181) Reclaimed:         -                  -                82M (64%)          82M (64%)            -                  -          
[2024-07-21T22:32:43.270+0800][11.258s][gc          ] GC(181) Garbage Collection (Allocation Stall) 128M(100%)->52M(41%)
[2024-07-21T22:32:43.277+0800][11.265s][gc,start    ] GC(182) Garbage Collection (Allocation Rate)
[2024-07-21T22:32:43.277+0800][11.265s][gc,task     ] GC(182) Using 1 workers
[2024-07-21T22:32:43.277+0800][11.265s][gc,phases   ] GC(182) Pause Mark Start 0.006ms
[2024-07-21T22:32:43.279+0800][11.268s][gc,phases   ] GC(182) Concurrent Mark 3.116ms
[2024-07-21T22:32:43.280+0800][11.268s][gc,phases   ] GC(182) Pause Mark End 0.007ms
[2024-07-21T22:32:43.280+0800][11.268s][gc,phases   ] GC(182) Concurrent Mark Free 0.001ms
[2024-07-21T22:32:43.281+0800][11.270s][gc,phases   ] GC(182) Concurrent Process Non-Strong References 1.079ms
[2024-07-21T22:32:43.281+0800][11.270s][gc,phases   ] GC(182) Concurrent Reset Relocation Set 0.000ms
[2024-07-21T22:32:43.282+0800][11.271s][gc,phases   ] GC(182) Concurrent Select Relocation Set 1.532ms
[2024-07-21T22:32:43.283+0800][11.271s][gc,phases   ] GC(182) Pause Relocate Start 0.004ms
[2024-07-21T22:32:43.283+0800][11.272s][gc,phases   ] GC(182) Concurrent Relocate 0.523ms
[2024-07-21T22:32:43.283+0800][11.272s][gc,load     ] GC(182) Load: 0.00/0.00/0.00
[2024-07-21T22:32:43.283+0800][11.272s][gc,mmu      ] GC(182) MMU: 2ms/96.5%, 5ms/98.4%, 10ms/99.2%, 20ms/99.5%, 50ms/99.8%, 100ms/99.9%
[2024-07-21T22:32:43.283+0800][11.272s][gc,marking  ] GC(182) Mark: 1 stripe(s), 1 proactive flush(es), 1 terminate flush(es), 0 completion(s), 0 continuation(s) 
[2024-07-21T22:32:43.283+0800][11.272s][gc,marking  ] GC(182) Mark Stack Usage: 32M
[2024-07-21T22:32:43.283+0800][11.272s][gc,nmethod  ] GC(182) NMethods: 457 registered, 0 unregistered
[2024-07-21T22:32:43.283+0800][11.272s][gc,metaspace] GC(182) Metaspace: 1M used, 1M committed, 1032M reserved
[2024-07-21T22:32:43.283+0800][11.272s][gc,ref      ] GC(182) Soft: 43 encountered, 0 discovered, 0 enqueued
[2024-07-21T22:32:43.283+0800][11.272s][gc,ref      ] GC(182) Weak: 131 encountered, 107 discovered, 0 enqueued
[2024-07-21T22:32:43.283+0800][11.272s][gc,ref      ] GC(182) Final: 0 encountered, 0 discovered, 0 enqueued
[2024-07-21T22:32:43.283+0800][11.272s][gc,ref      ] GC(182) Phantom: 184 encountered, 98 discovered, 0 enqueued
[2024-07-21T22:32:43.283+0800][11.272s][gc,reloc    ] GC(182) Small Pages: 4 / 8M, Empty: 0M, Relocated: 1M, In-Place: 0
[2024-07-21T22:32:43.283+0800][11.272s][gc,reloc    ] GC(182) Medium Pages: 1 / 4M, Empty: 0M, Relocated: 0M, In-Place: 0
[2024-07-21T22:32:43.283+0800][11.272s][gc,reloc    ] GC(182) Large Pages: 20 / 40M, Empty: 40M, Relocated: 0M, In-Place: 0
[2024-07-21T22:32:43.283+0800][11.272s][gc,reloc    ] GC(182) Forwarding Usage: 0M
[2024-07-21T22:32:43.283+0800][11.272s][gc,heap     ] GC(182) Min Capacity: 8M(6%)
[2024-07-21T22:32:43.283+0800][11.272s][gc,heap     ] GC(182) Max Capacity: 128M(100%)
[2024-07-21T22:32:43.283+0800][11.272s][gc,heap     ] GC(182) Soft Max Capacity: 128M(100%)
[2024-07-21T22:32:43.283+0800][11.272s][gc,heap     ] GC(182)                Mark Start          Mark End        Relocate Start      Relocate End           High               Low         
[2024-07-21T22:32:43.283+0800][11.272s][gc,heap     ] GC(182)  Capacity:      128M (100%)        128M (100%)        128M (100%)        128M (100%)        128M (100%)        128M (100%)   
[2024-07-21T22:32:43.284+0800][11.272s][gc,heap     ] GC(182)      Free:       76M (59%)          76M (59%)         116M (91%)         118M (92%)         118M (92%)          76M (59%)    
[2024-07-21T22:32:43.284+0800][11.272s][gc,heap     ] GC(182)      Used:       52M (41%)          52M (41%)          12M (9%)           10M (8%)           52M (41%)          10M (8%)     
[2024-07-21T22:32:43.284+0800][11.272s][gc,heap     ] GC(182)      Live:         -                 4M (4%)            4M (4%)            4M (4%)             -                  -          
[2024-07-21T22:32:43.284+0800][11.272s][gc,heap     ] GC(182) Allocated:         -                 0M (0%)            0M (0%)            0M (0%)             -                  -          
[2024-07-21T22:32:43.284+0800][11.272s][gc,heap     ] GC(182)   Garbage:         -                47M (37%)           7M (6%)            5M (4%)             -                  -          
[2024-07-21T22:32:43.284+0800][11.272s][gc,heap     ] GC(182) Reclaimed:         -                  -                40M (31%)          42M (33%)            -                  -          
[2024-07-21T22:32:43.284+0800][11.272s][gc          ] GC(182) Garbage Collection (Allocation Rate) 52M(41%)->10M(8%)
[2024-07-21T22:32:43.371+0800][11.359s][gc,start    ] GC(183) Garbage Collection (Allocation Rate)
[2024-07-21T22:32:43.371+0800][11.360s][gc,task     ] GC(183) Using 1 workers
[2024-07-21T22:32:43.371+0800][11.360s][gc,phases   ] GC(183) Pause Mark Start 0.012ms
[2024-07-21T22:32:43.375+0800][11.364s][gc,phases   ] GC(183) Concurrent Mark 4.153ms
[2024-07-21T22:32:43.375+0800][11.364s][gc,phases   ] GC(183) Pause Mark End 0.027ms
[2024-07-21T22:32:43.375+0800][11.364s][gc,phases   ] GC(183) Concurrent Mark Free 0.001ms
[2024-07-21T22:32:43.377+0800][11.366s][gc,phases   ] GC(183) Concurrent Process Non-Strong References 2.077ms
[2024-07-21T22:32:43.378+0800][11.366s][gc,phases   ] GC(183) Concurrent Reset Relocation Set 0.001ms
[2024-07-21T22:32:43.380+0800][11.369s][gc          ] Allocation Stall (main) 7.733ms
[2024-07-21T22:32:43.380+0800][11.369s][gc,phases   ] GC(183) Concurrent Select Relocation Set 2.383ms
[2024-07-21T22:32:43.380+0800][11.369s][gc,phases   ] GC(183) Pause Relocate Start 0.007ms
[2024-07-21T22:32:43.380+0800][11.369s][gc,phases   ] GC(183) Concurrent Relocate 0.030ms
[2024-07-21T22:32:43.380+0800][11.369s][gc,load     ] GC(183) Load: 0.00/0.00/0.00
[2024-07-21T22:32:43.380+0800][11.369s][gc,mmu      ] GC(183) MMU: 2ms/96.5%, 5ms/98.4%, 10ms/99.2%, 20ms/99.5%, 50ms/99.8%, 100ms/99.9%
[2024-07-21T22:32:43.380+0800][11.369s][gc,marking  ] GC(183) Mark: 1 stripe(s), 2 proactive flush(es), 1 terminate flush(es), 0 completion(s), 0 continuation(s) 
[2024-07-21T22:32:43.380+0800][11.369s][gc,marking  ] GC(183) Mark Stack Usage: 32M
[2024-07-21T22:32:43.380+0800][11.369s][gc,nmethod  ] GC(183) NMethods: 457 registered, 0 unregistered
[2024-07-21T22:32:43.380+0800][11.369s][gc,metaspace] GC(183) Metaspace: 1M used, 1M committed, 1032M reserved
[2024-07-21T22:32:43.381+0800][11.369s][gc,ref      ] GC(183) Soft: 43 encountered, 0 discovered, 0 enqueued
[2024-07-21T22:32:43.381+0800][11.369s][gc,ref      ] GC(183) Weak: 131 encountered, 107 discovered, 0 enqueued
[2024-07-21T22:32:43.381+0800][11.369s][gc,ref      ] GC(183) Final: 0 encountered, 0 discovered, 0 enqueued
[2024-07-21T22:32:43.381+0800][11.369s][gc,ref      ] GC(183) Phantom: 184 encountered, 98 discovered, 0 enqueued
[2024-07-21T22:32:43.381+0800][11.369s][gc,reloc    ] GC(183) Small Pages: 4 / 8M, Empty: 2M, Relocated: 0M, In-Place: 0
[2024-07-21T22:32:43.381+0800][11.369s][gc,reloc    ] GC(183) Medium Pages: 1 / 4M, Empty: 0M, Relocated: 0M, In-Place: 0
[2024-07-21T22:32:43.381+0800][11.369s][gc,reloc    ] GC(183) Large Pages: 51 / 102M, Empty: 80M, Relocated: 0M, In-Place: 0
[2024-07-21T22:32:43.381+0800][11.369s][gc,reloc    ] GC(183) Forwarding Usage: 0M
[2024-07-21T22:32:43.381+0800][11.369s][gc,heap     ] GC(183) Min Capacity: 8M(6%)
[2024-07-21T22:32:43.381+0800][11.369s][gc,heap     ] GC(183) Max Capacity: 128M(100%)
[2024-07-21T22:32:43.381+0800][11.369s][gc,heap     ] GC(183) Soft Max Capacity: 128M(100%)
[2024-07-21T22:32:43.381+0800][11.369s][gc,heap     ] GC(183)                Mark Start          Mark End        Relocate Start      Relocate End           High               Low         
[2024-07-21T22:32:43.381+0800][11.370s][gc,heap     ] GC(183)  Capacity:      128M (100%)        128M (100%)        128M (100%)        128M (100%)        128M (100%)        128M (100%)   
[2024-07-21T22:32:43.381+0800][11.370s][gc,heap     ] GC(183)      Free:       14M (11%)           0M (0%)           80M (62%)          80M (62%)          82M (64%)           0M (0%)     
[2024-07-21T22:32:43.381+0800][11.370s][gc,heap     ] GC(183)      Used:      114M (89%)         128M (100%)         48M (38%)          48M (38%)         128M (100%)         46M (36%)    
[2024-07-21T22:32:43.381+0800][11.370s][gc,heap     ] GC(183)      Live:         -                26M (21%)          26M (21%)          26M (21%)            -                  -          
[2024-07-21T22:32:43.381+0800][11.370s][gc,heap     ] GC(183) Allocated:         -                14M (11%)          16M (12%)          16M (12%)            -                  -          
[2024-07-21T22:32:43.381+0800][11.370s][gc,heap     ] GC(183)   Garbage:         -                87M (68%)           5M (4%)            5M (4%)             -                  -          
[2024-07-21T22:32:43.381+0800][11.370s][gc,heap     ] GC(183) Reclaimed:         -                  -                82M (64%)          82M (64%)            -                  -          
[2024-07-21T22:32:43.381+0800][11.370s][gc          ] GC(183) Garbage Collection (Allocation Rate) 114M(89%)->48M(38%)
[2024-07-21T22:32:43.452+0800][11.441s][gc,start    ] GC(184) Garbage Collection (Allocation Stall)
[2024-07-21T22:32:43.452+0800][11.441s][gc,ref      ] GC(184) Clearing All SoftReferences
[2024-07-21T22:32:43.452+0800][11.441s][gc,task     ] GC(184) Using 1 workers
[2024-07-21T22:32:43.452+0800][11.441s][gc,phases   ] GC(184) Pause Mark Start 0.009ms
[2024-07-21T22:32:43.456+0800][11.444s][gc,phases   ] GC(184) Concurrent Mark 3.642ms
[2024-07-21T22:32:43.456+0800][11.445s][gc,phases   ] GC(184) Pause Mark End 0.006ms
[2024-07-21T22:32:43.456+0800][11.445s][gc,phases   ] GC(184) Concurrent Mark Free 0.001ms
[2024-07-21T22:32:43.457+0800][11.446s][gc,phases   ] GC(184) Concurrent Process Non-Strong References 1.111ms
[2024-07-21T22:32:43.457+0800][11.446s][gc,phases   ] GC(184) Concurrent Reset Relocation Set 0.000ms
[2024-07-21T22:32:43.459+0800][11.448s][gc          ] Allocation Stall (main) 7.221ms
[2024-07-21T22:32:43.459+0800][11.448s][gc,phases   ] GC(184) Concurrent Select Relocation Set 1.883ms
[2024-07-21T22:32:43.459+0800][11.448s][gc,phases   ] GC(184) Pause Relocate Start 0.004ms
[2024-07-21T22:32:43.459+0800][11.448s][gc,phases   ] GC(184) Concurrent Relocate 0.064ms
[2024-07-21T22:32:43.459+0800][11.448s][gc,load     ] GC(184) Load: 0.00/0.00/0.00
[2024-07-21T22:32:43.459+0800][11.448s][gc,mmu      ] GC(184) MMU: 2ms/96.5%, 5ms/98.4%, 10ms/99.2%, 20ms/99.5%, 50ms/99.8%, 100ms/99.9%
[2024-07-21T22:32:43.459+0800][11.448s][gc,marking  ] GC(184) Mark: 1 stripe(s), 1 proactive flush(es), 1 terminate flush(es), 0 completion(s), 0 continuation(s) 
[2024-07-21T22:32:43.459+0800][11.448s][gc,marking  ] GC(184) Mark Stack Usage: 32M
[2024-07-21T22:32:43.459+0800][11.448s][gc,nmethod  ] GC(184) NMethods: 457 registered, 0 unregistered
[2024-07-21T22:32:43.459+0800][11.448s][gc,metaspace] GC(184) Metaspace: 1M used, 1M committed, 1032M reserved
[2024-07-21T22:32:43.459+0800][11.448s][gc,ref      ] GC(184) Soft: 43 encountered, 20 discovered, 0 enqueued
[2024-07-21T22:32:43.459+0800][11.448s][gc,ref      ] GC(184) Weak: 131 encountered, 107 discovered, 0 enqueued
[2024-07-21T22:32:43.459+0800][11.448s][gc,ref      ] GC(184) Final: 0 encountered, 0 discovered, 0 enqueued
[2024-07-21T22:32:43.459+0800][11.448s][gc,ref      ] GC(184) Phantom: 184 encountered, 98 discovered, 0 enqueued
[2024-07-21T22:32:43.460+0800][11.448s][gc,reloc    ] GC(184) Small Pages: 4 / 8M, Empty: 2M, Relocated: 0M, In-Place: 0
[2024-07-21T22:32:43.460+0800][11.448s][gc,reloc    ] GC(184) Medium Pages: 1 / 4M, Empty: 0M, Relocated: 0M, In-Place: 0
[2024-07-21T22:32:43.460+0800][11.448s][gc,reloc    ] GC(184) Large Pages: 58 / 116M, Empty: 80M, Relocated: 0M, In-Place: 0
[2024-07-21T22:32:43.460+0800][11.448s][gc,reloc    ] GC(184) Forwarding Usage: 0M
[2024-07-21T22:32:43.460+0800][11.448s][gc,heap     ] GC(184) Min Capacity: 8M(6%)
[2024-07-21T22:32:43.460+0800][11.448s][gc,heap     ] GC(184) Max Capacity: 128M(100%)
[2024-07-21T22:32:43.460+0800][11.448s][gc,heap     ] GC(184) Soft Max Capacity: 128M(100%)
[2024-07-21T22:32:43.460+0800][11.448s][gc,heap     ] GC(184)                Mark Start          Mark End        Relocate Start      Relocate End           High               Low         
[2024-07-21T22:32:43.460+0800][11.448s][gc,heap     ] GC(184)  Capacity:      128M (100%)        128M (100%)        128M (100%)        128M (100%)        128M (100%)        128M (100%)   
[2024-07-21T22:32:43.460+0800][11.448s][gc,heap     ] GC(184)      Free:        0M (0%)            0M (0%)           80M (62%)          80M (62%)          82M (64%)           0M (0%)     
[2024-07-21T22:32:43.460+0800][11.448s][gc,heap     ] GC(184)      Used:      128M (100%)        128M (100%)         48M (38%)          48M (38%)         128M (100%)         46M (36%)    
[2024-07-21T22:32:43.460+0800][11.449s][gc,heap     ] GC(184)      Live:         -                40M (32%)          40M (32%)          40M (32%)            -                  -          
[2024-07-21T22:32:43.460+0800][11.449s][gc,heap     ] GC(184) Allocated:         -                 0M (0%)            2M (2%)            2M (2%)             -                  -          
[2024-07-21T22:32:43.460+0800][11.449s][gc,heap     ] GC(184)   Garbage:         -                87M (68%)           5M (4%)            5M (4%)             -                  -          
[2024-07-21T22:32:43.460+0800][11.449s][gc,heap     ] GC(184) Reclaimed:         -                  -                82M (64%)          82M (64%)            -                  -          
[2024-07-21T22:32:43.460+0800][11.449s][gc          ] GC(184) Garbage Collection (Allocation Stall) 128M(100%)->48M(38%)
[2024-07-21T22:32:43.467+0800][11.455s][gc,start    ] GC(185) Garbage Collection (Allocation Rate)
[2024-07-21T22:32:43.467+0800][11.455s][gc,task     ] GC(185) Using 1 workers
[2024-07-21T22:32:43.467+0800][11.455s][gc,phases   ] GC(185) Pause Mark Start 0.007ms
[2024-07-21T22:32:43.469+0800][11.458s][gc,phases   ] GC(185) Concurrent Mark 3.141ms
[2024-07-21T22:32:43.470+0800][11.459s][gc,phases   ] GC(185) Pause Mark End 0.008ms
[2024-07-21T22:32:43.470+0800][11.459s][gc,phases   ] GC(185) Concurrent Mark Free 0.001ms
[2024-07-21T22:32:43.471+0800][11.460s][gc,phases   ] GC(185) Concurrent Process Non-Strong References 1.183ms
[2024-07-21T22:32:43.471+0800][11.460s][gc,phases   ] GC(185) Concurrent Reset Relocation Set 0.000ms
[2024-07-21T22:32:43.473+0800][11.462s][gc,phases   ] GC(185) Concurrent Select Relocation Set 1.881ms
[2024-07-21T22:32:43.473+0800][11.462s][gc,phases   ] GC(185) Pause Relocate Start 0.005ms
[2024-07-21T22:32:43.474+0800][11.463s][gc,phases   ] GC(185) Concurrent Relocate 0.652ms
[2024-07-21T22:32:43.474+0800][11.463s][gc,load     ] GC(185) Load: 0.00/0.00/0.00
[2024-07-21T22:32:43.474+0800][11.463s][gc,mmu      ] GC(185) MMU: 2ms/96.5%, 5ms/98.4%, 10ms/99.2%, 20ms/99.5%, 50ms/99.8%, 100ms/99.9%
[2024-07-21T22:32:43.474+0800][11.463s][gc,marking  ] GC(185) Mark: 1 stripe(s), 1 proactive flush(es), 1 terminate flush(es), 0 completion(s), 0 continuation(s) 
[2024-07-21T22:32:43.474+0800][11.463s][gc,marking  ] GC(185) Mark Stack Usage: 32M
[2024-07-21T22:32:43.474+0800][11.463s][gc,nmethod  ] GC(185) NMethods: 457 registered, 0 unregistered
[2024-07-21T22:32:43.474+0800][11.463s][gc,metaspace] GC(185) Metaspace: 1M used, 1M committed, 1032M reserved
[2024-07-21T22:32:43.474+0800][11.463s][gc,ref      ] GC(185) Soft: 43 encountered, 0 discovered, 0 enqueued
[2024-07-21T22:32:43.474+0800][11.463s][gc,ref      ] GC(185) Weak: 131 encountered, 107 discovered, 0 enqueued
[2024-07-21T22:32:43.474+0800][11.463s][gc,ref      ] GC(185) Final: 0 encountered, 0 discovered, 0 enqueued
[2024-07-21T22:32:43.474+0800][11.463s][gc,ref      ] GC(185) Phantom: 184 encountered, 98 discovered, 0 enqueued
[2024-07-21T22:32:43.474+0800][11.463s][gc,reloc    ] GC(185) Small Pages: 4 / 8M, Empty: 0M, Relocated: 1M, In-Place: 0
[2024-07-21T22:32:43.474+0800][11.463s][gc,reloc    ] GC(185) Medium Pages: 1 / 4M, Empty: 0M, Relocated: 0M, In-Place: 0
[2024-07-21T22:32:43.474+0800][11.463s][gc,reloc    ] GC(185) Large Pages: 20 / 40M, Empty: 40M, Relocated: 0M, In-Place: 0
[2024-07-21T22:32:43.474+0800][11.463s][gc,reloc    ] GC(185) Forwarding Usage: 0M
[2024-07-21T22:32:43.474+0800][11.463s][gc,heap     ] GC(185) Min Capacity: 8M(6%)
[2024-07-21T22:32:43.474+0800][11.463s][gc,heap     ] GC(185) Max Capacity: 128M(100%)
[2024-07-21T22:32:43.474+0800][11.463s][gc,heap     ] GC(185) Soft Max Capacity: 128M(100%)
[2024-07-21T22:32:43.474+0800][11.463s][gc,heap     ] GC(185)                Mark Start          Mark End        Relocate Start      Relocate End           High               Low         
[2024-07-21T22:32:43.474+0800][11.463s][gc,heap     ] GC(185)  Capacity:      128M (100%)        128M (100%)        128M (100%)        128M (100%)        128M (100%)        128M (100%)   
[2024-07-21T22:32:43.474+0800][11.463s][gc,heap     ] GC(185)      Free:       76M (59%)          76M (59%)         116M (91%)         118M (92%)         118M (92%)          76M (59%)    
[2024-07-21T22:32:43.474+0800][11.463s][gc,heap     ] GC(185)      Used:       52M (41%)          52M (41%)          12M (9%)           10M (8%)           52M (41%)          10M (8%)     
[2024-07-21T22:32:43.474+0800][11.463s][gc,heap     ] GC(185)      Live:         -                 4M (4%)            4M (4%)            4M (4%)             -                  -          
[2024-07-21T22:32:43.474+0800][11.463s][gc,heap     ] GC(185) Allocated:         -                 0M (0%)            0M (0%)            0M (0%)             -                  -          
[2024-07-21T22:32:43.474+0800][11.463s][gc,heap     ] GC(185)   Garbage:         -                47M (37%)           7M (6%)            5M (4%)             -                  -          
[2024-07-21T22:32:43.474+0800][11.463s][gc,heap     ] GC(185) Reclaimed:         -                  -                40M (31%)          42M (33%)            -                  -          
[2024-07-21T22:32:43.474+0800][11.463s][gc          ] GC(185) Garbage Collection (Allocation Rate) 52M(41%)->10M(8%)
[2024-07-21T22:32:43.562+0800][11.551s][gc,start    ] GC(186) Garbage Collection (Allocation Stall)
[2024-07-21T22:32:43.562+0800][11.551s][gc,ref      ] GC(186) Clearing All SoftReferences
[2024-07-21T22:32:43.562+0800][11.551s][gc,task     ] GC(186) Using 1 workers
[2024-07-21T22:32:43.562+0800][11.551s][gc,phases   ] GC(186) Pause Mark Start 0.006ms
[2024-07-21T22:32:43.567+0800][11.556s][gc,phases   ] GC(186) Concurrent Mark 4.875ms
[2024-07-21T22:32:43.568+0800][11.556s][gc,phases   ] GC(186) Pause Mark End 0.014ms
[2024-07-21T22:32:43.568+0800][11.557s][gc,phases   ] GC(186) Concurrent Mark Free 0.001ms
[2024-07-21T22:32:43.569+0800][11.558s][gc,phases   ] GC(186) Concurrent Process Non-Strong References 1.772ms
[2024-07-21T22:32:43.570+0800][11.559s][gc,phases   ] GC(186) Concurrent Reset Relocation Set 0.003ms
[2024-07-21T22:32:43.573+0800][11.561s][gc          ] Allocation Stall (main) 10.440ms
[2024-07-21T22:32:43.573+0800][11.561s][gc,phases   ] GC(186) Concurrent Select Relocation Set 2.869ms
[2024-07-21T22:32:43.573+0800][11.562s][gc,phases   ] GC(186) Pause Relocate Start 0.012ms
[2024-07-21T22:32:43.573+0800][11.562s][gc,phases   ] GC(186) Concurrent Relocate 0.032ms
[2024-07-21T22:32:43.573+0800][11.562s][gc,load     ] GC(186) Load: 0.00/0.00/0.00
[2024-07-21T22:32:43.573+0800][11.562s][gc,mmu      ] GC(186) MMU: 2ms/96.5%, 5ms/98.4%, 10ms/99.2%, 20ms/99.5%, 50ms/99.8%, 100ms/99.9%
[2024-07-21T22:32:43.573+0800][11.562s][gc,marking  ] GC(186) Mark: 1 stripe(s), 1 proactive flush(es), 1 terminate flush(es), 0 completion(s), 0 continuation(s) 
[2024-07-21T22:32:43.573+0800][11.562s][gc,marking  ] GC(186) Mark Stack Usage: 32M
[2024-07-21T22:32:43.573+0800][11.562s][gc,nmethod  ] GC(186) NMethods: 457 registered, 0 unregistered
[2024-07-21T22:32:43.573+0800][11.562s][gc,metaspace] GC(186) Metaspace: 1M used, 1M committed, 1032M reserved
[2024-07-21T22:32:43.573+0800][11.562s][gc,ref      ] GC(186) Soft: 43 encountered, 20 discovered, 0 enqueued
[2024-07-21T22:32:43.573+0800][11.562s][gc,ref      ] GC(186) Weak: 131 encountered, 107 discovered, 0 enqueued
[2024-07-21T22:32:43.573+0800][11.562s][gc,ref      ] GC(186) Final: 0 encountered, 0 discovered, 0 enqueued
[2024-07-21T22:32:43.573+0800][11.562s][gc,ref      ] GC(186) Phantom: 184 encountered, 98 discovered, 0 enqueued
[2024-07-21T22:32:43.573+0800][11.562s][gc,reloc    ] GC(186) Small Pages: 4 / 8M, Empty: 2M, Relocated: 0M, In-Place: 0
[2024-07-21T22:32:43.573+0800][11.562s][gc,reloc    ] GC(186) Medium Pages: 1 / 4M, Empty: 0M, Relocated: 0M, In-Place: 0
[2024-07-21T22:32:43.573+0800][11.562s][gc,reloc    ] GC(186) Large Pages: 58 / 116M, Empty: 80M, Relocated: 0M, In-Place: 0
[2024-07-21T22:32:43.573+0800][11.562s][gc,reloc    ] GC(186) Forwarding Usage: 0M
[2024-07-21T22:32:43.573+0800][11.562s][gc,heap     ] GC(186) Min Capacity: 8M(6%)
[2024-07-21T22:32:43.573+0800][11.562s][gc,heap     ] GC(186) Max Capacity: 128M(100%)
[2024-07-21T22:32:43.573+0800][11.562s][gc,heap     ] GC(186) Soft Max Capacity: 128M(100%)
[2024-07-21T22:32:43.573+0800][11.562s][gc,heap     ] GC(186)                Mark Start          Mark End        Relocate Start      Relocate End           High               Low         
[2024-07-21T22:32:43.573+0800][11.562s][gc,heap     ] GC(186)  Capacity:      128M (100%)        128M (100%)        128M (100%)        128M (100%)        128M (100%)        128M (100%)   
[2024-07-21T22:32:43.573+0800][11.562s][gc,heap     ] GC(186)      Free:        0M (0%)            0M (0%)           78M (61%)          78M (61%)          82M (64%)           0M (0%)     
[2024-07-21T22:32:43.573+0800][11.562s][gc,heap     ] GC(186)      Used:      128M (100%)        128M (100%)         50M (39%)          50M (39%)         128M (100%)         46M (36%)    
[2024-07-21T22:32:43.573+0800][11.562s][gc,heap     ] GC(186)      Live:         -                40M (32%)          40M (32%)          40M (32%)            -                  -          
[2024-07-21T22:32:43.573+0800][11.562s][gc,heap     ] GC(186) Allocated:         -                 0M (0%)            4M (3%)            4M (3%)             -                  -          
[2024-07-21T22:32:43.573+0800][11.562s][gc,heap     ] GC(186)   Garbage:         -                87M (68%)           5M (4%)            5M (4%)             -                  -          
[2024-07-21T22:32:43.573+0800][11.562s][gc,heap     ] GC(186) Reclaimed:         -                  -                82M (64%)          82M (64%)            -                  -          
[2024-07-21T22:32:43.573+0800][11.562s][gc          ] GC(186) Garbage Collection (Allocation Stall) 128M(100%)->50M(39%)
[2024-07-21T22:32:43.577+0800][11.565s][gc,start    ] GC(187) Garbage Collection (Allocation Rate)
[2024-07-21T22:32:43.577+0800][11.566s][gc,task     ] GC(187) Using 1 workers
[2024-07-21T22:32:43.577+0800][11.566s][gc,phases   ] GC(187) Pause Mark Start 0.007ms
[2024-07-21T22:32:43.580+0800][11.569s][gc,phases   ] GC(187) Concurrent Mark 3.465ms
[2024-07-21T22:32:43.581+0800][11.569s][gc,phases   ] GC(187) Pause Mark End 0.009ms
[2024-07-21T22:32:43.581+0800][11.570s][gc,phases   ] GC(187) Concurrent Mark Free 0.002ms
[2024-07-21T22:32:43.583+0800][11.572s][gc,phases   ] GC(187) Concurrent Process Non-Strong References 2.249ms
[2024-07-21T22:32:43.583+0800][11.572s][gc,phases   ] GC(187) Concurrent Reset Relocation Set 0.000ms
[2024-07-21T22:32:43.586+0800][11.575s][gc,phases   ] GC(187) Concurrent Select Relocation Set 3.257ms
[2024-07-21T22:32:43.587+0800][11.575s][gc,phases   ] GC(187) Pause Relocate Start 0.008ms
[2024-07-21T22:32:43.587+0800][11.576s][gc,phases   ] GC(187) Concurrent Relocate 0.647ms
[2024-07-21T22:32:43.587+0800][11.576s][gc,load     ] GC(187) Load: 0.00/0.00/0.00
[2024-07-21T22:32:43.587+0800][11.576s][gc,mmu      ] GC(187) MMU: 2ms/96.5%, 5ms/98.4%, 10ms/99.2%, 20ms/99.5%, 50ms/99.8%, 100ms/99.9%
[2024-07-21T22:32:43.587+0800][11.576s][gc,marking  ] GC(187) Mark: 1 stripe(s), 1 proactive flush(es), 1 terminate flush(es), 0 completion(s), 0 continuation(s) 
[2024-07-21T22:32:43.587+0800][11.576s][gc,marking  ] GC(187) Mark Stack Usage: 32M
[2024-07-21T22:32:43.587+0800][11.576s][gc,nmethod  ] GC(187) NMethods: 457 registered, 0 unregistered
[2024-07-21T22:32:43.587+0800][11.576s][gc,metaspace] GC(187) Metaspace: 1M used, 1M committed, 1032M reserved
[2024-07-21T22:32:43.587+0800][11.576s][gc,ref      ] GC(187) Soft: 43 encountered, 0 discovered, 0 enqueued
[2024-07-21T22:32:43.587+0800][11.576s][gc,ref      ] GC(187) Weak: 131 encountered, 107 discovered, 0 enqueued
[2024-07-21T22:32:43.588+0800][11.576s][gc,ref      ] GC(187) Final: 0 encountered, 0 discovered, 0 enqueued
[2024-07-21T22:32:43.588+0800][11.576s][gc,ref      ] GC(187) Phantom: 184 encountered, 98 discovered, 0 enqueued
[2024-07-21T22:32:43.588+0800][11.576s][gc,reloc    ] GC(187) Small Pages: 4 / 8M, Empty: 0M, Relocated: 1M, In-Place: 0
[2024-07-21T22:32:43.588+0800][11.576s][gc,reloc    ] GC(187) Medium Pages: 1 / 4M, Empty: 0M, Relocated: 0M, In-Place: 0
[2024-07-21T22:32:43.588+0800][11.576s][gc,reloc    ] GC(187) Large Pages: 20 / 40M, Empty: 40M, Relocated: 0M, In-Place: 0
[2024-07-21T22:32:43.588+0800][11.576s][gc,reloc    ] GC(187) Forwarding Usage: 0M
[2024-07-21T22:32:43.588+0800][11.576s][gc,heap     ] GC(187) Min Capacity: 8M(6%)
[2024-07-21T22:32:43.588+0800][11.576s][gc,heap     ] GC(187) Max Capacity: 128M(100%)
[2024-07-21T22:32:43.588+0800][11.576s][gc,heap     ] GC(187) Soft Max Capacity: 128M(100%)
[2024-07-21T22:32:43.588+0800][11.577s][gc,heap     ] GC(187)                Mark Start          Mark End        Relocate Start      Relocate End           High               Low         
[2024-07-21T22:32:43.588+0800][11.577s][gc,heap     ] GC(187)  Capacity:      128M (100%)        128M (100%)        128M (100%)        128M (100%)        128M (100%)        128M (100%)   
[2024-07-21T22:32:43.588+0800][11.577s][gc,heap     ] GC(187)      Free:       76M (59%)          76M (59%)         116M (91%)         118M (92%)         118M (92%)          76M (59%)    
[2024-07-21T22:32:43.588+0800][11.577s][gc,heap     ] GC(187)      Used:       52M (41%)          52M (41%)          12M (9%)           10M (8%)           52M (41%)          10M (8%)     
[2024-07-21T22:32:43.588+0800][11.577s][gc,heap     ] GC(187)      Live:         -                 4M (4%)            4M (4%)            4M (4%)             -                  -          
[2024-07-21T22:32:43.588+0800][11.577s][gc,heap     ] GC(187) Allocated:         -                 0M (0%)            0M (0%)            0M (0%)             -                  -          
[2024-07-21T22:32:43.588+0800][11.577s][gc,heap     ] GC(187)   Garbage:         -                47M (37%)           7M (6%)            5M (4%)             -                  -          
[2024-07-21T22:32:43.588+0800][11.577s][gc,heap     ] GC(187) Reclaimed:         -                  -                40M (31%)          42M (33%)            -                  -          
[2024-07-21T22:32:43.588+0800][11.577s][gc          ] GC(187) Garbage Collection (Allocation Rate) 52M(41%)->10M(8%)
[2024-07-21T22:32:43.672+0800][11.660s][gc,start    ] GC(188) Garbage Collection (Allocation Rate)
[2024-07-21T22:32:43.672+0800][11.660s][gc,task     ] GC(188) Using 1 workers
[2024-07-21T22:32:43.672+0800][11.660s][gc,phases   ] GC(188) Pause Mark Start 0.009ms
[2024-07-21T22:32:43.675+0800][11.664s][gc,phases   ] GC(188) Concurrent Mark 3.722ms
[2024-07-21T22:32:43.676+0800][11.664s][gc,phases   ] GC(188) Pause Mark End 0.009ms
[2024-07-21T22:32:43.676+0800][11.665s][gc,phases   ] GC(188) Concurrent Mark Free 0.001ms
[2024-07-21T22:32:43.677+0800][11.666s][gc,phases   ] GC(188) Concurrent Process Non-Strong References 1.167ms
[2024-07-21T22:32:43.677+0800][11.666s][gc,phases   ] GC(188) Concurrent Reset Relocation Set 0.001ms
[2024-07-21T22:32:43.679+0800][11.667s][gc          ] Allocation Stall (main) 6.254ms
[2024-07-21T22:32:43.679+0800][11.668s][gc,phases   ] GC(188) Concurrent Select Relocation Set 1.762ms
[2024-07-21T22:32:43.679+0800][11.668s][gc,phases   ] GC(188) Pause Relocate Start 0.004ms
[2024-07-21T22:32:43.679+0800][11.668s][gc,phases   ] GC(188) Concurrent Relocate 0.114ms
[2024-07-21T22:32:43.679+0800][11.668s][gc,load     ] GC(188) Load: 0.00/0.00/0.00
[2024-07-21T22:32:43.679+0800][11.668s][gc,mmu      ] GC(188) MMU: 2ms/96.5%, 5ms/98.4%, 10ms/99.2%, 20ms/99.5%, 50ms/99.8%, 100ms/99.9%
[2024-07-21T22:32:43.679+0800][11.668s][gc,marking  ] GC(188) Mark: 1 stripe(s), 2 proactive flush(es), 1 terminate flush(es), 0 completion(s), 0 continuation(s) 
[2024-07-21T22:32:43.679+0800][11.668s][gc,marking  ] GC(188) Mark Stack Usage: 32M
[2024-07-21T22:32:43.679+0800][11.668s][gc,nmethod  ] GC(188) NMethods: 457 registered, 0 unregistered
[2024-07-21T22:32:43.679+0800][11.668s][gc,metaspace] GC(188) Metaspace: 1M used, 1M committed, 1032M reserved
[2024-07-21T22:32:43.679+0800][11.668s][gc,ref      ] GC(188) Soft: 43 encountered, 0 discovered, 0 enqueued
[2024-07-21T22:32:43.679+0800][11.668s][gc,ref      ] GC(188) Weak: 131 encountered, 107 discovered, 0 enqueued
[2024-07-21T22:32:43.679+0800][11.668s][gc,ref      ] GC(188) Final: 0 encountered, 0 discovered, 0 enqueued
[2024-07-21T22:32:43.679+0800][11.668s][gc,ref      ] GC(188) Phantom: 184 encountered, 98 discovered, 0 enqueued
[2024-07-21T22:32:43.679+0800][11.668s][gc,reloc    ] GC(188) Small Pages: 4 / 8M, Empty: 2M, Relocated: 0M, In-Place: 0
[2024-07-21T22:32:43.679+0800][11.668s][gc,reloc    ] GC(188) Medium Pages: 1 / 4M, Empty: 0M, Relocated: 0M, In-Place: 0
[2024-07-21T22:32:43.679+0800][11.668s][gc,reloc    ] GC(188) Large Pages: 54 / 108M, Empty: 80M, Relocated: 0M, In-Place: 0
[2024-07-21T22:32:43.679+0800][11.668s][gc,reloc    ] GC(188) Forwarding Usage: 0M
[2024-07-21T22:32:43.679+0800][11.668s][gc,heap     ] GC(188) Min Capacity: 8M(6%)
[2024-07-21T22:32:43.679+0800][11.668s][gc,heap     ] GC(188) Max Capacity: 128M(100%)
[2024-07-21T22:32:43.679+0800][11.668s][gc,heap     ] GC(188) Soft Max Capacity: 128M(100%)
[2024-07-21T22:32:43.679+0800][11.668s][gc,heap     ] GC(188)                Mark Start          Mark End        Relocate Start      Relocate End           High               Low         
[2024-07-21T22:32:43.679+0800][11.668s][gc,heap     ] GC(188)  Capacity:      128M (100%)        128M (100%)        128M (100%)        128M (100%)        128M (100%)        128M (100%)   
[2024-07-21T22:32:43.679+0800][11.668s][gc,heap     ] GC(188)      Free:        8M (6%)            0M (0%)           76M (59%)          76M (59%)          82M (64%)           0M (0%)     
[2024-07-21T22:32:43.679+0800][11.668s][gc,heap     ] GC(188)      Used:      120M (94%)         128M (100%)         52M (41%)          52M (41%)         128M (100%)         46M (36%)    
[2024-07-21T22:32:43.679+0800][11.668s][gc,heap     ] GC(188)      Live:         -                32M (25%)          32M (25%)          32M (25%)            -                  -          
[2024-07-21T22:32:43.679+0800][11.668s][gc,heap     ] GC(188) Allocated:         -                 8M (6%)           14M (11%)          14M (11%)            -                  -          
[2024-07-21T22:32:43.679+0800][11.668s][gc,heap     ] GC(188)   Garbage:         -                87M (68%)           5M (4%)            5M (4%)             -                  -          
[2024-07-21T22:32:43.679+0800][11.668s][gc,heap     ] GC(188) Reclaimed:         -                  -                82M (64%)          82M (64%)            -                  -          
[2024-07-21T22:32:43.679+0800][11.668s][gc          ] GC(188) Garbage Collection (Allocation Rate) 120M(94%)->52M(41%)
[2024-07-21T22:32:43.751+0800][11.739s][gc,start    ] GC(189) Garbage Collection (Allocation Stall)
[2024-07-21T22:32:43.751+0800][11.739s][gc,ref      ] GC(189) Clearing All SoftReferences
[2024-07-21T22:32:43.751+0800][11.739s][gc,task     ] GC(189) Using 1 workers
[2024-07-21T22:32:43.751+0800][11.739s][gc,phases   ] GC(189) Pause Mark Start 0.010ms
[2024-07-21T22:32:43.755+0800][11.744s][gc,phases   ] GC(189) Concurrent Mark 4.744ms
[2024-07-21T22:32:43.756+0800][11.744s][gc,phases   ] GC(189) Pause Mark End 0.021ms
[2024-07-21T22:32:43.756+0800][11.745s][gc,phases   ] GC(189) Concurrent Mark Free 0.001ms
[2024-07-21T22:32:43.757+0800][11.746s][gc,phases   ] GC(189) Concurrent Process Non-Strong References 1.269ms
[2024-07-21T22:32:43.757+0800][11.746s][gc,phases   ] GC(189) Concurrent Reset Relocation Set 0.000ms
[2024-07-21T22:32:43.759+0800][11.748s][gc          ] Allocation Stall (main) 9.074ms
[2024-07-21T22:32:43.759+0800][11.748s][gc,phases   ] GC(189) Concurrent Select Relocation Set 2.343ms
[2024-07-21T22:32:43.760+0800][11.749s][gc,phases   ] GC(189) Pause Relocate Start 0.007ms
[2024-07-21T22:32:43.760+0800][11.749s][gc,phases   ] GC(189) Concurrent Relocate 0.109ms
[2024-07-21T22:32:43.760+0800][11.749s][gc,load     ] GC(189) Load: 0.00/0.00/0.00
[2024-07-21T22:32:43.760+0800][11.749s][gc,mmu      ] GC(189) MMU: 2ms/96.5%, 5ms/98.4%, 10ms/99.2%, 20ms/99.5%, 50ms/99.8%, 100ms/99.9%
[2024-07-21T22:32:43.760+0800][11.749s][gc,marking  ] GC(189) Mark: 1 stripe(s), 1 proactive flush(es), 1 terminate flush(es), 0 completion(s), 0 continuation(s) 
[2024-07-21T22:32:43.760+0800][11.749s][gc,marking  ] GC(189) Mark Stack Usage: 32M
[2024-07-21T22:32:43.760+0800][11.749s][gc,nmethod  ] GC(189) NMethods: 457 registered, 0 unregistered
[2024-07-21T22:32:43.760+0800][11.749s][gc,metaspace] GC(189) Metaspace: 1M used, 1M committed, 1032M reserved
[2024-07-21T22:32:43.760+0800][11.749s][gc,ref      ] GC(189) Soft: 43 encountered, 20 discovered, 0 enqueued
[2024-07-21T22:32:43.760+0800][11.749s][gc,ref      ] GC(189) Weak: 131 encountered, 107 discovered, 0 enqueued
[2024-07-21T22:32:43.760+0800][11.749s][gc,ref      ] GC(189) Final: 0 encountered, 0 discovered, 0 enqueued
[2024-07-21T22:32:43.760+0800][11.749s][gc,ref      ] GC(189) Phantom: 184 encountered, 98 discovered, 0 enqueued
[2024-07-21T22:32:43.760+0800][11.749s][gc,reloc    ] GC(189) Small Pages: 4 / 8M, Empty: 2M, Relocated: 0M, In-Place: 0
[2024-07-21T22:32:43.760+0800][11.749s][gc,reloc    ] GC(189) Medium Pages: 1 / 4M, Empty: 0M, Relocated: 0M, In-Place: 0
[2024-07-21T22:32:43.760+0800][11.749s][gc,reloc    ] GC(189) Large Pages: 58 / 116M, Empty: 80M, Relocated: 0M, In-Place: 0
[2024-07-21T22:32:43.760+0800][11.749s][gc,reloc    ] GC(189) Forwarding Usage: 0M
[2024-07-21T22:32:43.760+0800][11.749s][gc,heap     ] GC(189) Min Capacity: 8M(6%)
[2024-07-21T22:32:43.760+0800][11.749s][gc,heap     ] GC(189) Max Capacity: 128M(100%)
[2024-07-21T22:32:43.760+0800][11.749s][gc,heap     ] GC(189) Soft Max Capacity: 128M(100%)
[2024-07-21T22:32:43.760+0800][11.749s][gc,heap     ] GC(189)                Mark Start          Mark End        Relocate Start      Relocate End           High               Low         
[2024-07-21T22:32:43.760+0800][11.749s][gc,heap     ] GC(189)  Capacity:      128M (100%)        128M (100%)        128M (100%)        128M (100%)        128M (100%)        128M (100%)   
[2024-07-21T22:32:43.760+0800][11.749s][gc,heap     ] GC(189)      Free:        0M (0%)            0M (0%)           80M (62%)          80M (62%)          82M (64%)           0M (0%)     
[2024-07-21T22:32:43.760+0800][11.749s][gc,heap     ] GC(189)      Used:      128M (100%)        128M (100%)         48M (38%)          48M (38%)         128M (100%)         46M (36%)    
[2024-07-21T22:32:43.760+0800][11.749s][gc,heap     ] GC(189)      Live:         -                40M (32%)          40M (32%)          40M (32%)            -                  -          
[2024-07-21T22:32:43.760+0800][11.749s][gc,heap     ] GC(189) Allocated:         -                 0M (0%)            2M (2%)            2M (2%)             -                  -          
[2024-07-21T22:32:43.760+0800][11.749s][gc,heap     ] GC(189)   Garbage:         -                87M (68%)           5M (4%)            5M (4%)             -                  -          
[2024-07-21T22:32:43.760+0800][11.749s][gc,heap     ] GC(189) Reclaimed:         -                  -                82M (64%)          82M (64%)            -                  -          
[2024-07-21T22:32:43.760+0800][11.749s][gc          ] GC(189) Garbage Collection (Allocation Stall) 128M(100%)->48M(38%)
[2024-07-21T22:32:43.782+0800][11.770s][gc,start    ] GC(190) Garbage Collection (Allocation Rate)
[2024-07-21T22:32:43.782+0800][11.770s][gc,task     ] GC(190) Using 1 workers
[2024-07-21T22:32:43.782+0800][11.770s][gc,phases   ] GC(190) Pause Mark Start 0.012ms
[2024-07-21T22:32:43.786+0800][11.775s][gc,phases   ] GC(190) Concurrent Mark 4.554ms
[2024-07-21T22:32:43.786+0800][11.775s][gc,phases   ] GC(190) Pause Mark End 0.017ms
[2024-07-21T22:32:43.787+0800][11.775s][gc,phases   ] GC(190) Concurrent Mark Free 0.001ms
[2024-07-21T22:32:43.788+0800][11.777s][gc,phases   ] GC(190) Concurrent Process Non-Strong References 1.252ms
[2024-07-21T22:32:43.788+0800][11.777s][gc,phases   ] GC(190) Concurrent Reset Relocation Set 0.000ms
[2024-07-21T22:32:43.791+0800][11.779s][gc,phases   ] GC(190) Concurrent Select Relocation Set 2.765ms
[2024-07-21T22:32:43.791+0800][11.780s][gc,phases   ] GC(190) Pause Relocate Start 0.014ms
[2024-07-21T22:32:43.791+0800][11.780s][gc,phases   ] GC(190) Concurrent Relocate 0.115ms
[2024-07-21T22:32:43.791+0800][11.780s][gc,load     ] GC(190) Load: 0.00/0.00/0.00
[2024-07-21T22:32:43.791+0800][11.780s][gc,mmu      ] GC(190) MMU: 2ms/96.5%, 5ms/98.4%, 10ms/99.2%, 20ms/99.5%, 50ms/99.8%, 100ms/99.9%
[2024-07-21T22:32:43.791+0800][11.780s][gc,marking  ] GC(190) Mark: 1 stripe(s), 2 proactive flush(es), 1 terminate flush(es), 0 completion(s), 0 continuation(s) 
[2024-07-21T22:32:43.791+0800][11.780s][gc,marking  ] GC(190) Mark Stack Usage: 32M
[2024-07-21T22:32:43.791+0800][11.780s][gc,nmethod  ] GC(190) NMethods: 457 registered, 0 unregistered
[2024-07-21T22:32:43.791+0800][11.780s][gc,metaspace] GC(190) Metaspace: 1M used, 1M committed, 1032M reserved
[2024-07-21T22:32:43.791+0800][11.780s][gc,ref      ] GC(190) Soft: 43 encountered, 0 discovered, 0 enqueued
[2024-07-21T22:32:43.791+0800][11.780s][gc,ref      ] GC(190) Weak: 131 encountered, 107 discovered, 0 enqueued
[2024-07-21T22:32:43.791+0800][11.780s][gc,ref      ] GC(190) Final: 0 encountered, 0 discovered, 0 enqueued
[2024-07-21T22:32:43.791+0800][11.780s][gc,ref      ] GC(190) Phantom: 184 encountered, 98 discovered, 0 enqueued
[2024-07-21T22:32:43.791+0800][11.780s][gc,reloc    ] GC(190) Small Pages: 4 / 8M, Empty: 2M, Relocated: 0M, In-Place: 0
[2024-07-21T22:32:43.791+0800][11.780s][gc,reloc    ] GC(190) Medium Pages: 1 / 4M, Empty: 0M, Relocated: 0M, In-Place: 0
[2024-07-21T22:32:43.791+0800][11.780s][gc,reloc    ] GC(190) Large Pages: 23 / 46M, Empty: 40M, Relocated: 0M, In-Place: 0
[2024-07-21T22:32:43.791+0800][11.780s][gc,reloc    ] GC(190) Forwarding Usage: 0M
[2024-07-21T22:32:43.791+0800][11.780s][gc,heap     ] GC(190) Min Capacity: 8M(6%)
[2024-07-21T22:32:43.791+0800][11.780s][gc,heap     ] GC(190) Max Capacity: 128M(100%)
[2024-07-21T22:32:43.791+0800][11.780s][gc,heap     ] GC(190) Soft Max Capacity: 128M(100%)
[2024-07-21T22:32:43.791+0800][11.780s][gc,heap     ] GC(190)                Mark Start          Mark End        Relocate Start      Relocate End           High               Low         
[2024-07-21T22:32:43.791+0800][11.780s][gc,heap     ] GC(190)  Capacity:      128M (100%)        128M (100%)        128M (100%)        128M (100%)        128M (100%)        128M (100%)   
[2024-07-21T22:32:43.791+0800][11.780s][gc,heap     ] GC(190)      Free:       70M (55%)          54M (42%)          96M (75%)          96M (75%)          96M (75%)          54M (42%)    
[2024-07-21T22:32:43.791+0800][11.780s][gc,heap     ] GC(190)      Used:       58M (45%)          74M (58%)          32M (25%)          32M (25%)          74M (58%)          32M (25%)    
[2024-07-21T22:32:43.791+0800][11.780s][gc,heap     ] GC(190)      Live:         -                10M (8%)           10M (8%)           10M (8%)             -                  -          
[2024-07-21T22:32:43.792+0800][11.780s][gc,heap     ] GC(190) Allocated:         -                16M (12%)          16M (12%)          16M (12%)            -                  -          
[2024-07-21T22:32:43.792+0800][11.780s][gc,heap     ] GC(190)   Garbage:         -                47M (37%)           5M (4%)            5M (4%)             -                  -          
[2024-07-21T22:32:43.792+0800][11.780s][gc,heap     ] GC(190) Reclaimed:         -                  -                42M (33%)          42M (33%)            -                  -          
[2024-07-21T22:32:43.792+0800][11.780s][gc          ] GC(190) Garbage Collection (Allocation Rate) 58M(45%)->32M(25%)
[2024-07-21T22:32:43.861+0800][11.850s][gc,start    ] GC(191) Garbage Collection (Allocation Stall)
[2024-07-21T22:32:43.861+0800][11.850s][gc,ref      ] GC(191) Clearing All SoftReferences
[2024-07-21T22:32:43.861+0800][11.850s][gc,task     ] GC(191) Using 1 workers
[2024-07-21T22:32:43.861+0800][11.850s][gc,phases   ] GC(191) Pause Mark Start 0.005ms
[2024-07-21T22:32:43.865+0800][11.854s][gc,phases   ] GC(191) Concurrent Mark 3.373ms
[2024-07-21T22:32:43.865+0800][11.854s][gc,phases   ] GC(191) Pause Mark End 0.014ms
[2024-07-21T22:32:43.865+0800][11.854s][gc,phases   ] GC(191) Concurrent Mark Free 0.001ms
[2024-07-21T22:32:43.866+0800][11.855s][gc,phases   ] GC(191) Concurrent Process Non-Strong References 1.110ms
[2024-07-21T22:32:43.866+0800][11.855s][gc,phases   ] GC(191) Concurrent Reset Relocation Set 0.000ms
[2024-07-21T22:32:43.868+0800][11.857s][gc          ] Allocation Stall (main) 7.143ms
[2024-07-21T22:32:43.868+0800][11.857s][gc,phases   ] GC(191) Concurrent Select Relocation Set 1.927ms
[2024-07-21T22:32:43.869+0800][11.857s][gc,phases   ] GC(191) Pause Relocate Start 0.009ms
[2024-07-21T22:32:43.869+0800][11.858s][gc,phases   ] GC(191) Concurrent Relocate 0.136ms
[2024-07-21T22:32:43.869+0800][11.858s][gc,load     ] GC(191) Load: 0.00/0.00/0.00
[2024-07-21T22:32:43.869+0800][11.858s][gc,mmu      ] GC(191) MMU: 2ms/96.5%, 5ms/98.4%, 10ms/99.2%, 20ms/99.5%, 50ms/99.8%, 100ms/99.9%
[2024-07-21T22:32:43.869+0800][11.858s][gc,marking  ] GC(191) Mark: 1 stripe(s), 1 proactive flush(es), 1 terminate flush(es), 0 completion(s), 0 continuation(s) 
[2024-07-21T22:32:43.869+0800][11.858s][gc,marking  ] GC(191) Mark Stack Usage: 32M
[2024-07-21T22:32:43.869+0800][11.858s][gc,nmethod  ] GC(191) NMethods: 457 registered, 0 unregistered
[2024-07-21T22:32:43.869+0800][11.858s][gc,metaspace] GC(191) Metaspace: 1M used, 1M committed, 1032M reserved
[2024-07-21T22:32:43.869+0800][11.858s][gc,ref      ] GC(191) Soft: 43 encountered, 20 discovered, 0 enqueued
[2024-07-21T22:32:43.869+0800][11.858s][gc,ref      ] GC(191) Weak: 131 encountered, 107 discovered, 0 enqueued
[2024-07-21T22:32:43.869+0800][11.858s][gc,ref      ] GC(191) Final: 0 encountered, 0 discovered, 0 enqueued
[2024-07-21T22:32:43.869+0800][11.858s][gc,ref      ] GC(191) Phantom: 184 encountered, 98 discovered, 0 enqueued
[2024-07-21T22:32:43.869+0800][11.858s][gc,reloc    ] GC(191) Small Pages: 4 / 8M, Empty: 2M, Relocated: 0M, In-Place: 0
[2024-07-21T22:32:43.869+0800][11.858s][gc,reloc    ] GC(191) Medium Pages: 1 / 4M, Empty: 0M, Relocated: 0M, In-Place: 0
[2024-07-21T22:32:43.869+0800][11.858s][gc,reloc    ] GC(191) Large Pages: 58 / 116M, Empty: 80M, Relocated: 0M, In-Place: 0
[2024-07-21T22:32:43.869+0800][11.858s][gc,reloc    ] GC(191) Forwarding Usage: 0M
[2024-07-21T22:32:43.869+0800][11.858s][gc,heap     ] GC(191) Min Capacity: 8M(6%)
[2024-07-21T22:32:43.869+0800][11.858s][gc,heap     ] GC(191) Max Capacity: 128M(100%)
[2024-07-21T22:32:43.869+0800][11.858s][gc,heap     ] GC(191) Soft Max Capacity: 128M(100%)
[2024-07-21T22:32:43.869+0800][11.858s][gc,heap     ] GC(191)                Mark Start          Mark End        Relocate Start      Relocate End           High               Low         
[2024-07-21T22:32:43.869+0800][11.858s][gc,heap     ] GC(191)  Capacity:      128M (100%)        128M (100%)        128M (100%)        128M (100%)        128M (100%)        128M (100%)   
[2024-07-21T22:32:43.869+0800][11.858s][gc,heap     ] GC(191)      Free:        0M (0%)            0M (0%)           80M (62%)          80M (62%)          82M (64%)           0M (0%)     
[2024-07-21T22:32:43.869+0800][11.858s][gc,heap     ] GC(191)      Used:      128M (100%)        128M (100%)         48M (38%)          48M (38%)         128M (100%)         46M (36%)    
[2024-07-21T22:32:43.869+0800][11.858s][gc,heap     ] GC(191)      Live:         -                40M (32%)          40M (32%)          40M (32%)            -                  -          
[2024-07-21T22:32:43.869+0800][11.858s][gc,heap     ] GC(191) Allocated:         -                 0M (0%)            2M (2%)            2M (2%)             -                  -          
[2024-07-21T22:32:43.869+0800][11.858s][gc,heap     ] GC(191)   Garbage:         -                87M (68%)           5M (4%)            5M (4%)             -                  -          
[2024-07-21T22:32:43.869+0800][11.858s][gc,heap     ] GC(191) Reclaimed:         -                  -                82M (64%)          82M (64%)            -                  -          
[2024-07-21T22:32:43.869+0800][11.858s][gc          ] GC(191) Garbage Collection (Allocation Stall) 128M(100%)->48M(38%)
[2024-07-21T22:32:43.877+0800][11.865s][gc,start    ] GC(192) Garbage Collection (Allocation Rate)
[2024-07-21T22:32:43.877+0800][11.865s][gc,task     ] GC(192) Using 1 workers
[2024-07-21T22:32:43.877+0800][11.865s][gc,phases   ] GC(192) Pause Mark Start 0.009ms
[2024-07-21T22:32:43.880+0800][11.869s][gc,phases   ] GC(192) Concurrent Mark 3.396ms
[2024-07-21T22:32:43.880+0800][11.869s][gc,phases   ] GC(192) Pause Mark End 0.007ms
[2024-07-21T22:32:43.880+0800][11.869s][gc,phases   ] GC(192) Concurrent Mark Free 0.001ms
[2024-07-21T22:32:43.881+0800][11.870s][gc,phases   ] GC(192) Concurrent Process Non-Strong References 1.153ms
[2024-07-21T22:32:43.881+0800][11.870s][gc,phases   ] GC(192) Concurrent Reset Relocation Set 0.000ms
[2024-07-21T22:32:43.883+0800][11.872s][gc,phases   ] GC(192) Concurrent Select Relocation Set 1.882ms
[2024-07-21T22:32:43.883+0800][11.872s][gc,phases   ] GC(192) Pause Relocate Start 0.009ms
[2024-07-21T22:32:43.884+0800][11.873s][gc,phases   ] GC(192) Concurrent Relocate 0.582ms
[2024-07-21T22:32:43.884+0800][11.873s][gc,load     ] GC(192) Load: 0.00/0.00/0.00
[2024-07-21T22:32:43.884+0800][11.873s][gc,mmu      ] GC(192) MMU: 2ms/96.5%, 5ms/98.4%, 10ms/99.2%, 20ms/99.5%, 50ms/99.8%, 100ms/99.9%
[2024-07-21T22:32:43.884+0800][11.873s][gc,marking  ] GC(192) Mark: 1 stripe(s), 1 proactive flush(es), 1 terminate flush(es), 0 completion(s), 0 continuation(s) 
[2024-07-21T22:32:43.884+0800][11.873s][gc,marking  ] GC(192) Mark Stack Usage: 32M
[2024-07-21T22:32:43.884+0800][11.873s][gc,nmethod  ] GC(192) NMethods: 457 registered, 0 unregistered
[2024-07-21T22:32:43.884+0800][11.873s][gc,metaspace] GC(192) Metaspace: 1M used, 1M committed, 1032M reserved
[2024-07-21T22:32:43.884+0800][11.873s][gc,ref      ] GC(192) Soft: 43 encountered, 0 discovered, 0 enqueued
[2024-07-21T22:32:43.884+0800][11.873s][gc,ref      ] GC(192) Weak: 131 encountered, 107 discovered, 0 enqueued
[2024-07-21T22:32:43.884+0800][11.873s][gc,ref      ] GC(192) Final: 0 encountered, 0 discovered, 0 enqueued
[2024-07-21T22:32:43.884+0800][11.873s][gc,ref      ] GC(192) Phantom: 184 encountered, 98 discovered, 0 enqueued
[2024-07-21T22:32:43.884+0800][11.873s][gc,reloc    ] GC(192) Small Pages: 4 / 8M, Empty: 0M, Relocated: 1M, In-Place: 0
[2024-07-21T22:32:43.884+0800][11.873s][gc,reloc    ] GC(192) Medium Pages: 1 / 4M, Empty: 0M, Relocated: 0M, In-Place: 0
[2024-07-21T22:32:43.884+0800][11.873s][gc,reloc    ] GC(192) Large Pages: 20 / 40M, Empty: 40M, Relocated: 0M, In-Place: 0
[2024-07-21T22:32:43.884+0800][11.873s][gc,reloc    ] GC(192) Forwarding Usage: 0M
[2024-07-21T22:32:43.884+0800][11.873s][gc,heap     ] GC(192) Min Capacity: 8M(6%)
[2024-07-21T22:32:43.884+0800][11.873s][gc,heap     ] GC(192) Max Capacity: 128M(100%)
[2024-07-21T22:32:43.884+0800][11.873s][gc,heap     ] GC(192) Soft Max Capacity: 128M(100%)
[2024-07-21T22:32:43.884+0800][11.873s][gc,heap     ] GC(192)                Mark Start          Mark End        Relocate Start      Relocate End           High               Low         
[2024-07-21T22:32:43.884+0800][11.873s][gc,heap     ] GC(192)  Capacity:      128M (100%)        128M (100%)        128M (100%)        128M (100%)        128M (100%)        128M (100%)   
[2024-07-21T22:32:43.884+0800][11.873s][gc,heap     ] GC(192)      Free:       76M (59%)          76M (59%)         116M (91%)         118M (92%)         118M (92%)          76M (59%)    
[2024-07-21T22:32:43.884+0800][11.873s][gc,heap     ] GC(192)      Used:       52M (41%)          52M (41%)          12M (9%)           10M (8%)           52M (41%)          10M (8%)     
[2024-07-21T22:32:43.884+0800][11.873s][gc,heap     ] GC(192)      Live:         -                 4M (4%)            4M (4%)            4M (4%)             -                  -          
[2024-07-21T22:32:43.884+0800][11.873s][gc,heap     ] GC(192) Allocated:         -                 0M (0%)            0M (0%)            0M (0%)             -                  -          
[2024-07-21T22:32:43.884+0800][11.873s][gc,heap     ] GC(192)   Garbage:         -                47M (37%)           7M (6%)            5M (4%)             -                  -          
[2024-07-21T22:32:43.884+0800][11.873s][gc,heap     ] GC(192) Reclaimed:         -                  -                40M (31%)          42M (33%)            -                  -          
[2024-07-21T22:32:43.884+0800][11.873s][gc          ] GC(192) Garbage Collection (Allocation Rate) 52M(41%)->10M(8%)
[2024-07-21T22:32:43.970+0800][11.959s][gc,start    ] GC(193) Garbage Collection (Allocation Rate)
[2024-07-21T22:32:43.970+0800][11.959s][gc,task     ] GC(193) Using 1 workers
[2024-07-21T22:32:43.970+0800][11.959s][gc,phases   ] GC(193) Pause Mark Start 0.023ms
[2024-07-21T22:32:43.975+0800][11.963s][gc,phases   ] GC(193) Concurrent Mark 4.225ms
[2024-07-21T22:32:43.975+0800][11.964s][gc,phases   ] GC(193) Pause Mark End 0.017ms
[2024-07-21T22:32:43.975+0800][11.964s][gc,phases   ] GC(193) Concurrent Mark Free 0.001ms
[2024-07-21T22:32:43.976+0800][11.965s][gc,phases   ] GC(193) Concurrent Process Non-Strong References 1.130ms
[2024-07-21T22:32:43.976+0800][11.965s][gc,phases   ] GC(193) Concurrent Reset Relocation Set 0.001ms
[2024-07-21T22:32:43.979+0800][11.968s][gc          ] Allocation Stall (main) 7.427ms
[2024-07-21T22:32:43.979+0800][11.968s][gc,phases   ] GC(193) Concurrent Select Relocation Set 2.817ms
[2024-07-21T22:32:43.979+0800][11.968s][gc,phases   ] GC(193) Pause Relocate Start 0.007ms
[2024-07-21T22:32:43.979+0800][11.968s][gc,phases   ] GC(193) Concurrent Relocate 0.029ms
[2024-07-21T22:32:43.979+0800][11.968s][gc,load     ] GC(193) Load: 0.00/0.00/0.00
[2024-07-21T22:32:43.979+0800][11.968s][gc,mmu      ] GC(193) MMU: 2ms/96.5%, 5ms/98.4%, 10ms/99.2%, 20ms/99.5%, 50ms/99.8%, 100ms/99.9%
[2024-07-21T22:32:43.980+0800][11.968s][gc,marking  ] GC(193) Mark: 1 stripe(s), 2 proactive flush(es), 1 terminate flush(es), 0 completion(s), 0 continuation(s) 
[2024-07-21T22:32:43.980+0800][11.968s][gc,marking  ] GC(193) Mark Stack Usage: 32M
[2024-07-21T22:32:43.980+0800][11.968s][gc,nmethod  ] GC(193) NMethods: 457 registered, 0 unregistered
[2024-07-21T22:32:43.980+0800][11.968s][gc,metaspace] GC(193) Metaspace: 1M used, 1M committed, 1032M reserved
[2024-07-21T22:32:43.980+0800][11.968s][gc,ref      ] GC(193) Soft: 43 encountered, 0 discovered, 0 enqueued
[2024-07-21T22:32:43.980+0800][11.968s][gc,ref      ] GC(193) Weak: 131 encountered, 107 discovered, 0 enqueued
[2024-07-21T22:32:43.980+0800][11.968s][gc,ref      ] GC(193) Final: 0 encountered, 0 discovered, 0 enqueued
[2024-07-21T22:32:43.980+0800][11.968s][gc,ref      ] GC(193) Phantom: 184 encountered, 98 discovered, 0 enqueued
[2024-07-21T22:32:43.980+0800][11.968s][gc,reloc    ] GC(193) Small Pages: 4 / 8M, Empty: 2M, Relocated: 0M, In-Place: 0
[2024-07-21T22:32:43.980+0800][11.968s][gc,reloc    ] GC(193) Medium Pages: 1 / 4M, Empty: 0M, Relocated: 0M, In-Place: 0
[2024-07-21T22:32:43.980+0800][11.968s][gc,reloc    ] GC(193) Large Pages: 51 / 102M, Empty: 80M, Relocated: 0M, In-Place: 0
[2024-07-21T22:32:43.980+0800][11.969s][gc,reloc    ] GC(193) Forwarding Usage: 0M
[2024-07-21T22:32:43.980+0800][11.969s][gc,heap     ] GC(193) Min Capacity: 8M(6%)
[2024-07-21T22:32:43.980+0800][11.969s][gc,heap     ] GC(193) Max Capacity: 128M(100%)
[2024-07-21T22:32:43.980+0800][11.969s][gc,heap     ] GC(193) Soft Max Capacity: 128M(100%)
[2024-07-21T22:32:43.980+0800][11.969s][gc,heap     ] GC(193)                Mark Start          Mark End        Relocate Start      Relocate End           High               Low         
[2024-07-21T22:32:43.980+0800][11.969s][gc,heap     ] GC(193)  Capacity:      128M (100%)        128M (100%)        128M (100%)        128M (100%)        128M (100%)        128M (100%)   
[2024-07-21T22:32:43.980+0800][11.969s][gc,heap     ] GC(193)      Free:       14M (11%)           0M (0%)           80M (62%)          80M (62%)          82M (64%)           0M (0%)     
[2024-07-21T22:32:43.980+0800][11.969s][gc,heap     ] GC(193)      Used:      114M (89%)         128M (100%)         48M (38%)          48M (38%)         128M (100%)         46M (36%)    
[2024-07-21T22:32:43.980+0800][11.969s][gc,heap     ] GC(193)      Live:         -                26M (21%)          26M (21%)          26M (21%)            -                  -          
[2024-07-21T22:32:43.980+0800][11.969s][gc,heap     ] GC(193) Allocated:         -                14M (11%)          16M (12%)          16M (12%)            -                  -          
[2024-07-21T22:32:43.980+0800][11.969s][gc,heap     ] GC(193)   Garbage:         -                87M (68%)           5M (4%)            5M (4%)             -                  -          
[2024-07-21T22:32:43.980+0800][11.969s][gc,heap     ] GC(193) Reclaimed:         -                  -                82M (64%)          82M (64%)            -                  -          
[2024-07-21T22:32:43.980+0800][11.969s][gc          ] GC(193) Garbage Collection (Allocation Rate) 114M(89%)->48M(38%)
[2024-07-21T22:32:44.050+0800][12.039s][gc,start    ] GC(194) Garbage Collection (Allocation Stall)
[2024-07-21T22:32:44.050+0800][12.039s][gc,ref      ] GC(194) Clearing All SoftReferences
[2024-07-21T22:32:44.050+0800][12.039s][gc,task     ] GC(194) Using 1 workers
[2024-07-21T22:32:44.050+0800][12.039s][gc,phases   ] GC(194) Pause Mark Start 0.012ms
[2024-07-21T22:32:44.054+0800][12.043s][gc,phases   ] GC(194) Concurrent Mark 3.848ms
[2024-07-21T22:32:44.054+0800][12.043s][gc,phases   ] GC(194) Pause Mark End 0.008ms
[2024-07-21T22:32:44.054+0800][12.043s][gc,phases   ] GC(194) Concurrent Mark Free 0.001ms
[2024-07-21T22:32:44.055+0800][12.044s][gc,phases   ] GC(194) Concurrent Process Non-Strong References 1.103ms
[2024-07-21T22:32:44.055+0800][12.044s][gc,phases   ] GC(194) Concurrent Reset Relocation Set 0.000ms
[2024-07-21T22:32:44.057+0800][12.046s][gc          ] Allocation Stall (main) 7.635ms
[2024-07-21T22:32:44.057+0800][12.046s][gc,phases   ] GC(194) Concurrent Select Relocation Set 1.881ms
[2024-07-21T22:32:44.058+0800][12.046s][gc,phases   ] GC(194) Pause Relocate Start 0.004ms
[2024-07-21T22:32:44.058+0800][12.047s][gc,phases   ] GC(194) Concurrent Relocate 0.113ms
[2024-07-21T22:32:44.058+0800][12.047s][gc,load     ] GC(194) Load: 0.00/0.00/0.00
[2024-07-21T22:32:44.058+0800][12.047s][gc,mmu      ] GC(194) MMU: 2ms/96.5%, 5ms/98.4%, 10ms/99.2%, 20ms/99.5%, 50ms/99.8%, 100ms/99.9%
[2024-07-21T22:32:44.058+0800][12.047s][gc,marking  ] GC(194) Mark: 1 stripe(s), 1 proactive flush(es), 1 terminate flush(es), 0 completion(s), 0 continuation(s) 
[2024-07-21T22:32:44.058+0800][12.047s][gc,marking  ] GC(194) Mark Stack Usage: 32M
[2024-07-21T22:32:44.058+0800][12.047s][gc,nmethod  ] GC(194) NMethods: 458 registered, 0 unregistered
[2024-07-21T22:32:44.058+0800][12.047s][gc,metaspace] GC(194) Metaspace: 1M used, 1M committed, 1032M reserved
[2024-07-21T22:32:44.058+0800][12.047s][gc,ref      ] GC(194) Soft: 43 encountered, 20 discovered, 0 enqueued
[2024-07-21T22:32:44.058+0800][12.047s][gc,ref      ] GC(194) Weak: 131 encountered, 107 discovered, 0 enqueued
[2024-07-21T22:32:44.058+0800][12.047s][gc,ref      ] GC(194) Final: 0 encountered, 0 discovered, 0 enqueued
[2024-07-21T22:32:44.058+0800][12.047s][gc,ref      ] GC(194) Phantom: 184 encountered, 98 discovered, 0 enqueued
[2024-07-21T22:32:44.058+0800][12.047s][gc,reloc    ] GC(194) Small Pages: 4 / 8M, Empty: 2M, Relocated: 0M, In-Place: 0
[2024-07-21T22:32:44.058+0800][12.047s][gc,reloc    ] GC(194) Medium Pages: 1 / 4M, Empty: 0M, Relocated: 0M, In-Place: 0
[2024-07-21T22:32:44.058+0800][12.047s][gc,reloc    ] GC(194) Large Pages: 58 / 116M, Empty: 80M, Relocated: 0M, In-Place: 0
[2024-07-21T22:32:44.058+0800][12.047s][gc,reloc    ] GC(194) Forwarding Usage: 0M
[2024-07-21T22:32:44.058+0800][12.047s][gc,heap     ] GC(194) Min Capacity: 8M(6%)
[2024-07-21T22:32:44.058+0800][12.047s][gc,heap     ] GC(194) Max Capacity: 128M(100%)
[2024-07-21T22:32:44.058+0800][12.047s][gc,heap     ] GC(194) Soft Max Capacity: 128M(100%)
[2024-07-21T22:32:44.058+0800][12.047s][gc,heap     ] GC(194)                Mark Start          Mark End        Relocate Start      Relocate End           High               Low         
[2024-07-21T22:32:44.058+0800][12.047s][gc,heap     ] GC(194)  Capacity:      128M (100%)        128M (100%)        128M (100%)        128M (100%)        128M (100%)        128M (100%)   
[2024-07-21T22:32:44.058+0800][12.047s][gc,heap     ] GC(194)      Free:        0M (0%)            0M (0%)           80M (62%)          78M (61%)          82M (64%)           0M (0%)     
[2024-07-21T22:32:44.058+0800][12.047s][gc,heap     ] GC(194)      Used:      128M (100%)        128M (100%)         48M (38%)          50M (39%)         128M (100%)         46M (36%)    
[2024-07-21T22:32:44.058+0800][12.047s][gc,heap     ] GC(194)      Live:         -                40M (32%)          40M (32%)          40M (32%)            -                  -          
[2024-07-21T22:32:44.058+0800][12.047s][gc,heap     ] GC(194) Allocated:         -                 0M (0%)            2M (2%)            4M (3%)             -                  -          
[2024-07-21T22:32:44.058+0800][12.047s][gc,heap     ] GC(194)   Garbage:         -                87M (68%)           5M (4%)            5M (4%)             -                  -          
[2024-07-21T22:32:44.058+0800][12.047s][gc,heap     ] GC(194) Reclaimed:         -                  -                82M (64%)          82M (64%)            -                  -          
[2024-07-21T22:32:44.058+0800][12.047s][gc          ] GC(194) Garbage Collection (Allocation Stall) 128M(100%)->50M(39%)
[2024-07-21T22:32:44.082+0800][12.070s][gc,start    ] GC(195) Garbage Collection (Allocation Rate)
[2024-07-21T22:32:44.082+0800][12.070s][gc,task     ] GC(195) Using 1 workers
[2024-07-21T22:32:44.082+0800][12.070s][gc,phases   ] GC(195) Pause Mark Start 0.010ms
[2024-07-21T22:32:44.085+0800][12.074s][gc,phases   ] GC(195) Concurrent Mark 3.573ms
[2024-07-21T22:32:44.085+0800][12.074s][gc,phases   ] GC(195) Pause Mark End 0.008ms
[2024-07-21T22:32:44.085+0800][12.074s][gc,phases   ] GC(195) Concurrent Mark Free 0.001ms
[2024-07-21T22:32:44.087+0800][12.075s][gc,phases   ] GC(195) Concurrent Process Non-Strong References 1.021ms
[2024-07-21T22:32:44.087+0800][12.075s][gc,phases   ] GC(195) Concurrent Reset Relocation Set 0.000ms
[2024-07-21T22:32:44.088+0800][12.077s][gc,phases   ] GC(195) Concurrent Select Relocation Set 1.752ms
[2024-07-21T22:32:44.089+0800][12.077s][gc,phases   ] GC(195) Pause Relocate Start 0.004ms
[2024-07-21T22:32:44.089+0800][12.078s][gc,phases   ] GC(195) Concurrent Relocate 0.122ms
[2024-07-21T22:32:44.089+0800][12.078s][gc,load     ] GC(195) Load: 0.00/0.00/0.00
[2024-07-21T22:32:44.089+0800][12.078s][gc,mmu      ] GC(195) MMU: 2ms/96.5%, 5ms/98.4%, 10ms/99.2%, 20ms/99.5%, 50ms/99.8%, 100ms/99.9%
[2024-07-21T22:32:44.089+0800][12.078s][gc,marking  ] GC(195) Mark: 1 stripe(s), 2 proactive flush(es), 1 terminate flush(es), 0 completion(s), 0 continuation(s) 
[2024-07-21T22:32:44.089+0800][12.078s][gc,marking  ] GC(195) Mark Stack Usage: 32M
[2024-07-21T22:32:44.089+0800][12.078s][gc,nmethod  ] GC(195) NMethods: 458 registered, 0 unregistered
[2024-07-21T22:32:44.089+0800][12.078s][gc,metaspace] GC(195) Metaspace: 1M used, 1M committed, 1032M reserved
[2024-07-21T22:32:44.089+0800][12.078s][gc,ref      ] GC(195) Soft: 43 encountered, 0 discovered, 0 enqueued
[2024-07-21T22:32:44.089+0800][12.078s][gc,ref      ] GC(195) Weak: 131 encountered, 107 discovered, 0 enqueued
[2024-07-21T22:32:44.089+0800][12.078s][gc,ref      ] GC(195) Final: 0 encountered, 0 discovered, 0 enqueued
[2024-07-21T22:32:44.089+0800][12.078s][gc,ref      ] GC(195) Phantom: 184 encountered, 98 discovered, 0 enqueued
[2024-07-21T22:32:44.089+0800][12.078s][gc,reloc    ] GC(195) Small Pages: 4 / 8M, Empty: 2M, Relocated: 0M, In-Place: 0
[2024-07-21T22:32:44.089+0800][12.078s][gc,reloc    ] GC(195) Medium Pages: 1 / 4M, Empty: 0M, Relocated: 0M, In-Place: 0
[2024-07-21T22:32:44.089+0800][12.078s][gc,reloc    ] GC(195) Large Pages: 23 / 46M, Empty: 40M, Relocated: 0M, In-Place: 0
[2024-07-21T22:32:44.089+0800][12.078s][gc,reloc    ] GC(195) Forwarding Usage: 0M
[2024-07-21T22:32:44.089+0800][12.078s][gc,heap     ] GC(195) Min Capacity: 8M(6%)
[2024-07-21T22:32:44.089+0800][12.078s][gc,heap     ] GC(195) Max Capacity: 128M(100%)
[2024-07-21T22:32:44.089+0800][12.078s][gc,heap     ] GC(195) Soft Max Capacity: 128M(100%)
[2024-07-21T22:32:44.089+0800][12.078s][gc,heap     ] GC(195)                Mark Start          Mark End        Relocate Start      Relocate End           High               Low         
[2024-07-21T22:32:44.089+0800][12.078s][gc,heap     ] GC(195)  Capacity:      128M (100%)        128M (100%)        128M (100%)        128M (100%)        128M (100%)        128M (100%)   
[2024-07-21T22:32:44.089+0800][12.078s][gc,heap     ] GC(195)      Free:       70M (55%)          54M (42%)          96M (75%)          96M (75%)          96M (75%)          54M (42%)    
[2024-07-21T22:32:44.089+0800][12.078s][gc,heap     ] GC(195)      Used:       58M (45%)          74M (58%)          32M (25%)          32M (25%)          74M (58%)          32M (25%)    
[2024-07-21T22:32:44.089+0800][12.078s][gc,heap     ] GC(195)      Live:         -                10M (8%)           10M (8%)           10M (8%)             -                  -          
[2024-07-21T22:32:44.089+0800][12.078s][gc,heap     ] GC(195) Allocated:         -                16M (12%)          16M (12%)          16M (12%)            -                  -          
[2024-07-21T22:32:44.089+0800][12.078s][gc,heap     ] GC(195)   Garbage:         -                47M (37%)           5M (4%)            5M (4%)             -                  -          
[2024-07-21T22:32:44.089+0800][12.078s][gc,heap     ] GC(195) Reclaimed:         -                  -                42M (33%)          42M (33%)            -                  -          
[2024-07-21T22:32:44.089+0800][12.078s][gc          ] GC(195) Garbage Collection (Allocation Rate) 58M(45%)->32M(25%)
[2024-07-21T22:32:44.162+0800][12.151s][gc,start    ] GC(196) Garbage Collection (Allocation Stall)
[2024-07-21T22:32:44.162+0800][12.151s][gc,ref      ] GC(196) Clearing All SoftReferences
[2024-07-21T22:32:44.162+0800][12.151s][gc,task     ] GC(196) Using 1 workers
[2024-07-21T22:32:44.162+0800][12.151s][gc,phases   ] GC(196) Pause Mark Start 0.010ms
[2024-07-21T22:32:44.166+0800][12.155s][gc,phases   ] GC(196) Concurrent Mark 4.081ms
[2024-07-21T22:32:44.167+0800][12.155s][gc,phases   ] GC(196) Pause Mark End 0.010ms
[2024-07-21T22:32:44.167+0800][12.156s][gc,phases   ] GC(196) Concurrent Mark Free 0.001ms
[2024-07-21T22:32:44.168+0800][12.157s][gc,phases   ] GC(196) Concurrent Process Non-Strong References 1.397ms
[2024-07-21T22:32:44.168+0800][12.157s][gc,phases   ] GC(196) Concurrent Reset Relocation Set 0.001ms
[2024-07-21T22:32:44.171+0800][12.159s][gc          ] Allocation Stall (main) 8.616ms
[2024-07-21T22:32:44.171+0800][12.159s][gc,phases   ] GC(196) Concurrent Select Relocation Set 2.336ms
[2024-07-21T22:32:44.171+0800][12.160s][gc,phases   ] GC(196) Pause Relocate Start 0.013ms
[2024-07-21T22:32:44.171+0800][12.160s][gc,phases   ] GC(196) Concurrent Relocate 0.106ms
[2024-07-21T22:32:44.171+0800][12.160s][gc,load     ] GC(196) Load: 0.00/0.00/0.00
[2024-07-21T22:32:44.171+0800][12.160s][gc,mmu      ] GC(196) MMU: 2ms/96.5%, 5ms/98.4%, 10ms/99.2%, 20ms/99.5%, 50ms/99.8%, 100ms/99.9%
[2024-07-21T22:32:44.171+0800][12.160s][gc,marking  ] GC(196) Mark: 1 stripe(s), 1 proactive flush(es), 1 terminate flush(es), 0 completion(s), 0 continuation(s) 
[2024-07-21T22:32:44.171+0800][12.160s][gc,marking  ] GC(196) Mark Stack Usage: 32M
[2024-07-21T22:32:44.171+0800][12.160s][gc,nmethod  ] GC(196) NMethods: 458 registered, 0 unregistered
[2024-07-21T22:32:44.171+0800][12.160s][gc,metaspace] GC(196) Metaspace: 1M used, 1M committed, 1032M reserved
[2024-07-21T22:32:44.171+0800][12.160s][gc,ref      ] GC(196) Soft: 43 encountered, 20 discovered, 0 enqueued
[2024-07-21T22:32:44.171+0800][12.160s][gc,ref      ] GC(196) Weak: 131 encountered, 107 discovered, 0 enqueued
[2024-07-21T22:32:44.171+0800][12.160s][gc,ref      ] GC(196) Final: 0 encountered, 0 discovered, 0 enqueued
[2024-07-21T22:32:44.171+0800][12.160s][gc,ref      ] GC(196) Phantom: 184 encountered, 98 discovered, 0 enqueued
[2024-07-21T22:32:44.171+0800][12.160s][gc,reloc    ] GC(196) Small Pages: 4 / 8M, Empty: 2M, Relocated: 0M, In-Place: 0
[2024-07-21T22:32:44.171+0800][12.160s][gc,reloc    ] GC(196) Medium Pages: 1 / 4M, Empty: 0M, Relocated: 0M, In-Place: 0
[2024-07-21T22:32:44.171+0800][12.160s][gc,reloc    ] GC(196) Large Pages: 58 / 116M, Empty: 80M, Relocated: 0M, In-Place: 0
[2024-07-21T22:32:44.171+0800][12.160s][gc,reloc    ] GC(196) Forwarding Usage: 0M
[2024-07-21T22:32:44.171+0800][12.160s][gc,heap     ] GC(196) Min Capacity: 8M(6%)
[2024-07-21T22:32:44.171+0800][12.160s][gc,heap     ] GC(196) Max Capacity: 128M(100%)
[2024-07-21T22:32:44.171+0800][12.160s][gc,heap     ] GC(196) Soft Max Capacity: 128M(100%)
[2024-07-21T22:32:44.171+0800][12.160s][gc,heap     ] GC(196)                Mark Start          Mark End        Relocate Start      Relocate End           High               Low         
[2024-07-21T22:32:44.171+0800][12.160s][gc,heap     ] GC(196)  Capacity:      128M (100%)        128M (100%)        128M (100%)        128M (100%)        128M (100%)        128M (100%)   
[2024-07-21T22:32:44.171+0800][12.160s][gc,heap     ] GC(196)      Free:        0M (0%)            0M (0%)           80M (62%)          78M (61%)          82M (64%)           0M (0%)     
[2024-07-21T22:32:44.171+0800][12.160s][gc,heap     ] GC(196)      Used:      128M (100%)        128M (100%)         48M (38%)          50M (39%)         128M (100%)         46M (36%)    
[2024-07-21T22:32:44.171+0800][12.160s][gc,heap     ] GC(196)      Live:         -                40M (32%)          40M (32%)          40M (32%)            -                  -          
[2024-07-21T22:32:44.171+0800][12.160s][gc,heap     ] GC(196) Allocated:         -                 0M (0%)            2M (2%)            4M (3%)             -                  -          
[2024-07-21T22:32:44.172+0800][12.160s][gc,heap     ] GC(196)   Garbage:         -                87M (68%)           5M (4%)            5M (4%)             -                  -          
[2024-07-21T22:32:44.172+0800][12.160s][gc,heap     ] GC(196) Reclaimed:         -                  -                82M (64%)          82M (64%)            -                  -          
[2024-07-21T22:32:44.172+0800][12.160s][gc          ] GC(196) Garbage Collection (Allocation Stall) 128M(100%)->50M(39%)
[2024-07-21T22:32:44.177+0800][12.166s][gc,start    ] GC(197) Garbage Collection (Allocation Rate)
[2024-07-21T22:32:44.177+0800][12.166s][gc,task     ] GC(197) Using 1 workers
[2024-07-21T22:32:44.177+0800][12.166s][gc,phases   ] GC(197) Pause Mark Start 0.014ms
[2024-07-21T22:32:44.181+0800][12.169s][gc,phases   ] GC(197) Concurrent Mark 3.525ms
[2024-07-21T22:32:44.181+0800][12.170s][gc,phases   ] GC(197) Pause Mark End 0.009ms
[2024-07-21T22:32:44.181+0800][12.170s][gc,phases   ] GC(197) Concurrent Mark Free 0.001ms
[2024-07-21T22:32:44.182+0800][12.171s][gc,phases   ] GC(197) Concurrent Process Non-Strong References 1.245ms
[2024-07-21T22:32:44.182+0800][12.171s][gc,phases   ] GC(197) Concurrent Reset Relocation Set 0.003ms
[2024-07-21T22:32:44.187+0800][12.176s][gc,phases   ] GC(197) Concurrent Select Relocation Set 4.192ms
[2024-07-21T22:32:44.187+0800][12.176s][gc,phases   ] GC(197) Pause Relocate Start 0.007ms
[2024-07-21T22:32:44.188+0800][12.177s][gc,phases   ] GC(197) Concurrent Relocate 0.613ms
[2024-07-21T22:32:44.188+0800][12.177s][gc,load     ] GC(197) Load: 0.00/0.00/0.00
[2024-07-21T22:32:44.188+0800][12.177s][gc,mmu      ] GC(197) MMU: 2ms/96.5%, 5ms/98.4%, 10ms/99.2%, 20ms/99.5%, 50ms/99.8%, 100ms/99.9%
[2024-07-21T22:32:44.188+0800][12.177s][gc,marking  ] GC(197) Mark: 1 stripe(s), 1 proactive flush(es), 1 terminate flush(es), 0 completion(s), 0 continuation(s) 
[2024-07-21T22:32:44.188+0800][12.177s][gc,marking  ] GC(197) Mark Stack Usage: 32M
[2024-07-21T22:32:44.188+0800][12.177s][gc,nmethod  ] GC(197) NMethods: 458 registered, 0 unregistered
[2024-07-21T22:32:44.188+0800][12.177s][gc,metaspace] GC(197) Metaspace: 1M used, 1M committed, 1032M reserved
[2024-07-21T22:32:44.188+0800][12.177s][gc,ref      ] GC(197) Soft: 43 encountered, 0 discovered, 0 enqueued
[2024-07-21T22:32:44.188+0800][12.177s][gc,ref      ] GC(197) Weak: 131 encountered, 107 discovered, 0 enqueued
[2024-07-21T22:32:44.188+0800][12.177s][gc,ref      ] GC(197) Final: 0 encountered, 0 discovered, 0 enqueued
[2024-07-21T22:32:44.188+0800][12.177s][gc,ref      ] GC(197) Phantom: 184 encountered, 98 discovered, 0 enqueued
[2024-07-21T22:32:44.188+0800][12.177s][gc,reloc    ] GC(197) Small Pages: 4 / 8M, Empty: 0M, Relocated: 1M, In-Place: 0
[2024-07-21T22:32:44.188+0800][12.177s][gc,reloc    ] GC(197) Medium Pages: 1 / 4M, Empty: 0M, Relocated: 0M, In-Place: 0
[2024-07-21T22:32:44.188+0800][12.177s][gc,reloc    ] GC(197) Large Pages: 20 / 40M, Empty: 40M, Relocated: 0M, In-Place: 0
[2024-07-21T22:32:44.188+0800][12.177s][gc,reloc    ] GC(197) Forwarding Usage: 0M
[2024-07-21T22:32:44.188+0800][12.177s][gc,heap     ] GC(197) Min Capacity: 8M(6%)
[2024-07-21T22:32:44.188+0800][12.177s][gc,heap     ] GC(197) Max Capacity: 128M(100%)
[2024-07-21T22:32:44.188+0800][12.177s][gc,heap     ] GC(197) Soft Max Capacity: 128M(100%)
[2024-07-21T22:32:44.188+0800][12.177s][gc,heap     ] GC(197)                Mark Start          Mark End        Relocate Start      Relocate End           High               Low         
[2024-07-21T22:32:44.188+0800][12.177s][gc,heap     ] GC(197)  Capacity:      128M (100%)        128M (100%)        128M (100%)        128M (100%)        128M (100%)        128M (100%)   
[2024-07-21T22:32:44.188+0800][12.177s][gc,heap     ] GC(197)      Free:       76M (59%)          76M (59%)         116M (91%)         118M (92%)         118M (92%)          76M (59%)    
[2024-07-21T22:32:44.188+0800][12.177s][gc,heap     ] GC(197)      Used:       52M (41%)          52M (41%)          12M (9%)           10M (8%)           52M (41%)          10M (8%)     
[2024-07-21T22:32:44.188+0800][12.177s][gc,heap     ] GC(197)      Live:         -                 4M (4%)            4M (4%)            4M (4%)             -                  -          
[2024-07-21T22:32:44.188+0800][12.177s][gc,heap     ] GC(197) Allocated:         -                 0M (0%)            0M (0%)            0M (0%)             -                  -          
[2024-07-21T22:32:44.188+0800][12.177s][gc,heap     ] GC(197)   Garbage:         -                47M (37%)           7M (6%)            5M (4%)             -                  -          
[2024-07-21T22:32:44.188+0800][12.177s][gc,heap     ] GC(197) Reclaimed:         -                  -                40M (31%)          42M (33%)            -                  -          
[2024-07-21T22:32:44.188+0800][12.177s][gc          ] GC(197) Garbage Collection (Allocation Rate) 52M(41%)->10M(8%)
[2024-07-21T22:32:44.272+0800][12.260s][gc,start    ] GC(198) Garbage Collection (Allocation Rate)
[2024-07-21T22:32:44.272+0800][12.261s][gc,task     ] GC(198) Using 1 workers
[2024-07-21T22:32:44.272+0800][12.261s][gc,phases   ] GC(198) Pause Mark Start 0.006ms
[2024-07-21T22:32:44.275+0800][12.264s][gc,phases   ] GC(198) Concurrent Mark 3.265ms
[2024-07-21T22:32:44.275+0800][12.264s][gc,phases   ] GC(198) Pause Mark End 0.008ms
[2024-07-21T22:32:44.275+0800][12.264s][gc,phases   ] GC(198) Concurrent Mark Free 0.001ms
[2024-07-21T22:32:44.276+0800][12.265s][gc,phases   ] GC(198) Concurrent Process Non-Strong References 0.680ms
[2024-07-21T22:32:44.276+0800][12.265s][gc,phases   ] GC(198) Concurrent Reset Relocation Set 0.001ms
[2024-07-21T22:32:44.278+0800][12.266s][gc          ] Allocation Stall (main) 4.561ms
[2024-07-21T22:32:44.278+0800][12.266s][gc,phases   ] GC(198) Concurrent Select Relocation Set 1.535ms
[2024-07-21T22:32:44.278+0800][12.267s][gc,phases   ] GC(198) Pause Relocate Start 0.004ms
[2024-07-21T22:32:44.278+0800][12.267s][gc,phases   ] GC(198) Concurrent Relocate 0.021ms
[2024-07-21T22:32:44.278+0800][12.267s][gc,load     ] GC(198) Load: 0.00/0.00/0.00
[2024-07-21T22:32:44.278+0800][12.267s][gc,mmu      ] GC(198) MMU: 2ms/96.5%, 5ms/98.4%, 10ms/99.2%, 20ms/99.5%, 50ms/99.8%, 100ms/99.9%
[2024-07-21T22:32:44.278+0800][12.267s][gc,marking  ] GC(198) Mark: 1 stripe(s), 2 proactive flush(es), 1 terminate flush(es), 0 completion(s), 0 continuation(s) 
[2024-07-21T22:32:44.278+0800][12.267s][gc,marking  ] GC(198) Mark Stack Usage: 32M
[2024-07-21T22:32:44.278+0800][12.267s][gc,nmethod  ] GC(198) NMethods: 459 registered, 0 unregistered
[2024-07-21T22:32:44.278+0800][12.267s][gc,metaspace] GC(198) Metaspace: 1M used, 1M committed, 1032M reserved
[2024-07-21T22:32:44.278+0800][12.267s][gc,ref      ] GC(198) Soft: 43 encountered, 0 discovered, 0 enqueued
[2024-07-21T22:32:44.278+0800][12.267s][gc,ref      ] GC(198) Weak: 131 encountered, 107 discovered, 0 enqueued
[2024-07-21T22:32:44.278+0800][12.267s][gc,ref      ] GC(198) Final: 0 encountered, 0 discovered, 0 enqueued
[2024-07-21T22:32:44.278+0800][12.267s][gc,ref      ] GC(198) Phantom: 184 encountered, 98 discovered, 0 enqueued
[2024-07-21T22:32:44.278+0800][12.267s][gc,reloc    ] GC(198) Small Pages: 4 / 8M, Empty: 2M, Relocated: 0M, In-Place: 0
[2024-07-21T22:32:44.278+0800][12.267s][gc,reloc    ] GC(198) Medium Pages: 1 / 4M, Empty: 0M, Relocated: 0M, In-Place: 0
[2024-07-21T22:32:44.278+0800][12.267s][gc,reloc    ] GC(198) Large Pages: 52 / 104M, Empty: 80M, Relocated: 0M, In-Place: 0
[2024-07-21T22:32:44.278+0800][12.267s][gc,reloc    ] GC(198) Forwarding Usage: 0M
[2024-07-21T22:32:44.278+0800][12.267s][gc,heap     ] GC(198) Min Capacity: 8M(6%)
[2024-07-21T22:32:44.278+0800][12.267s][gc,heap     ] GC(198) Max Capacity: 128M(100%)
[2024-07-21T22:32:44.278+0800][12.267s][gc,heap     ] GC(198) Soft Max Capacity: 128M(100%)
[2024-07-21T22:32:44.278+0800][12.267s][gc,heap     ] GC(198)                Mark Start          Mark End        Relocate Start      Relocate End           High               Low         
[2024-07-21T22:32:44.278+0800][12.267s][gc,heap     ] GC(198)  Capacity:      128M (100%)        128M (100%)        128M (100%)        128M (100%)        128M (100%)        128M (100%)   
[2024-07-21T22:32:44.278+0800][12.267s][gc,heap     ] GC(198)      Free:       12M (9%)            0M (0%)           80M (62%)          80M (62%)          82M (64%)           0M (0%)     
[2024-07-21T22:32:44.278+0800][12.267s][gc,heap     ] GC(198)      Used:      116M (91%)         128M (100%)         48M (38%)          48M (38%)         128M (100%)         46M (36%)    
[2024-07-21T22:32:44.278+0800][12.267s][gc,heap     ] GC(198)      Live:         -                28M (22%)          28M (22%)          28M (22%)            -                  -          
[2024-07-21T22:32:44.278+0800][12.267s][gc,heap     ] GC(198) Allocated:         -                12M (9%)           14M (11%)          14M (11%)            -                  -          
[2024-07-21T22:32:44.278+0800][12.267s][gc,heap     ] GC(198)   Garbage:         -                87M (68%)           5M (4%)            5M (4%)             -                  -          
[2024-07-21T22:32:44.278+0800][12.267s][gc,heap     ] GC(198) Reclaimed:         -                  -                82M (64%)          82M (64%)            -                  -          
[2024-07-21T22:32:44.278+0800][12.267s][gc          ] GC(198) Garbage Collection (Allocation Rate) 116M(91%)->48M(38%)
[2024-07-21T22:32:44.352+0800][12.340s][gc,start    ] GC(199) Garbage Collection (Allocation Stall)
[2024-07-21T22:32:44.352+0800][12.341s][gc,ref      ] GC(199) Clearing All SoftReferences
[2024-07-21T22:32:44.352+0800][12.341s][gc,task     ] GC(199) Using 1 workers
[2024-07-21T22:32:44.352+0800][12.341s][gc,phases   ] GC(199) Pause Mark Start 0.006ms
[2024-07-21T22:32:44.356+0800][12.345s][gc,phases   ] GC(199) Concurrent Mark 4.037ms
[2024-07-21T22:32:44.356+0800][12.345s][gc,phases   ] GC(199) Pause Mark End 0.011ms
[2024-07-21T22:32:44.356+0800][12.345s][gc,phases   ] GC(199) Concurrent Mark Free 0.001ms
[2024-07-21T22:32:44.358+0800][12.346s][gc,phases   ] GC(199) Concurrent Process Non-Strong References 1.095ms
[2024-07-21T22:32:44.358+0800][12.346s][gc,phases   ] GC(199) Concurrent Reset Relocation Set 0.000ms
[2024-07-21T22:32:44.360+0800][12.349s][gc          ] Allocation Stall (main) 8.277ms
[2024-07-21T22:32:44.360+0800][12.349s][gc,phases   ] GC(199) Concurrent Select Relocation Set 2.361ms
[2024-07-21T22:32:44.360+0800][12.349s][gc,phases   ] GC(199) Pause Relocate Start 0.007ms
[2024-07-21T22:32:44.360+0800][12.349s][gc,phases   ] GC(199) Concurrent Relocate 0.106ms
[2024-07-21T22:32:44.361+0800][12.349s][gc,load     ] GC(199) Load: 0.00/0.00/0.00
[2024-07-21T22:32:44.361+0800][12.349s][gc,mmu      ] GC(199) MMU: 2ms/96.5%, 5ms/98.4%, 10ms/99.2%, 20ms/99.5%, 50ms/99.8%, 100ms/99.9%
[2024-07-21T22:32:44.361+0800][12.349s][gc,marking  ] GC(199) Mark: 1 stripe(s), 1 proactive flush(es), 1 terminate flush(es), 0 completion(s), 0 continuation(s) 
[2024-07-21T22:32:44.361+0800][12.349s][gc,marking  ] GC(199) Mark Stack Usage: 32M
[2024-07-21T22:32:44.361+0800][12.349s][gc,nmethod  ] GC(199) NMethods: 462 registered, 0 unregistered
[2024-07-21T22:32:44.361+0800][12.349s][gc,metaspace] GC(199) Metaspace: 1M used, 1M committed, 1032M reserved
[2024-07-21T22:32:44.361+0800][12.349s][gc,ref      ] GC(199) Soft: 43 encountered, 20 discovered, 0 enqueued
[2024-07-21T22:32:44.361+0800][12.349s][gc,ref      ] GC(199) Weak: 131 encountered, 107 discovered, 0 enqueued
[2024-07-21T22:32:44.361+0800][12.349s][gc,ref      ] GC(199) Final: 0 encountered, 0 discovered, 0 enqueued
[2024-07-21T22:32:44.361+0800][12.349s][gc,ref      ] GC(199) Phantom: 184 encountered, 98 discovered, 0 enqueued
[2024-07-21T22:32:44.361+0800][12.349s][gc,reloc    ] GC(199) Small Pages: 4 / 8M, Empty: 2M, Relocated: 0M, In-Place: 0
[2024-07-21T22:32:44.361+0800][12.349s][gc,reloc    ] GC(199) Medium Pages: 1 / 4M, Empty: 0M, Relocated: 0M, In-Place: 0
[2024-07-21T22:32:44.361+0800][12.349s][gc,reloc    ] GC(199) Large Pages: 58 / 116M, Empty: 80M, Relocated: 0M, In-Place: 0
[2024-07-21T22:32:44.361+0800][12.349s][gc,reloc    ] GC(199) Forwarding Usage: 0M
[2024-07-21T22:32:44.361+0800][12.349s][gc,heap     ] GC(199) Min Capacity: 8M(6%)
[2024-07-21T22:32:44.361+0800][12.350s][gc,heap     ] GC(199) Max Capacity: 128M(100%)
[2024-07-21T22:32:44.361+0800][12.350s][gc,heap     ] GC(199) Soft Max Capacity: 128M(100%)
[2024-07-21T22:32:44.361+0800][12.350s][gc,heap     ] GC(199)                Mark Start          Mark End        Relocate Start      Relocate End           High               Low         
[2024-07-21T22:32:44.361+0800][12.350s][gc,heap     ] GC(199)  Capacity:      128M (100%)        128M (100%)        128M (100%)        128M (100%)        128M (100%)        128M (100%)   
[2024-07-21T22:32:44.361+0800][12.350s][gc,heap     ] GC(199)      Free:        0M (0%)            0M (0%)           78M (61%)          78M (61%)          82M (64%)           0M (0%)     
[2024-07-21T22:32:44.361+0800][12.350s][gc,heap     ] GC(199)      Used:      128M (100%)        128M (100%)         50M (39%)          50M (39%)         128M (100%)         46M (36%)    
[2024-07-21T22:32:44.361+0800][12.350s][gc,heap     ] GC(199)      Live:         -                40M (32%)          40M (32%)          40M (32%)            -                  -          
[2024-07-21T22:32:44.361+0800][12.350s][gc,heap     ] GC(199) Allocated:         -                 0M (0%)            4M (3%)            4M (3%)             -                  -          
[2024-07-21T22:32:44.361+0800][12.350s][gc,heap     ] GC(199)   Garbage:         -                87M (68%)           5M (4%)            5M (4%)             -                  -          
[2024-07-21T22:32:44.361+0800][12.350s][gc,heap     ] GC(199) Reclaimed:         -                  -                82M (64%)          82M (64%)            -                  -          
[2024-07-21T22:32:44.361+0800][12.350s][gc          ] GC(199) Garbage Collection (Allocation Stall) 128M(100%)->50M(39%)
[2024-07-21T22:32:44.381+0800][12.369s][gc,start    ] GC(200) Garbage Collection (Allocation Rate)
[2024-07-21T22:32:44.381+0800][12.370s][gc,task     ] GC(200) Using 1 workers
[2024-07-21T22:32:44.381+0800][12.370s][gc,phases   ] GC(200) Pause Mark Start 0.029ms
[2024-07-21T22:32:44.388+0800][12.377s][gc,phases   ] GC(200) Concurrent Mark 7.294ms
[2024-07-21T22:32:44.389+0800][12.377s][gc,phases   ] GC(200) Pause Mark End 0.009ms
[2024-07-21T22:32:44.389+0800][12.378s][gc,phases   ] GC(200) Concurrent Mark Free 0.001ms
[2024-07-21T22:32:44.390+0800][12.379s][gc,phases   ] GC(200) Concurrent Process Non-Strong References 1.151ms
[2024-07-21T22:32:44.390+0800][12.379s][gc,phases   ] GC(200) Concurrent Reset Relocation Set 0.000ms
[2024-07-21T22:32:44.392+0800][12.381s][gc,phases   ] GC(200) Concurrent Select Relocation Set 1.719ms
[2024-07-21T22:32:44.392+0800][12.381s][gc,phases   ] GC(200) Pause Relocate Start 0.007ms
[2024-07-21T22:32:44.392+0800][12.381s][gc,phases   ] GC(200) Concurrent Relocate 0.110ms
[2024-07-21T22:32:44.392+0800][12.381s][gc,load     ] GC(200) Load: 0.00/0.00/0.00
[2024-07-21T22:32:44.392+0800][12.381s][gc,mmu      ] GC(200) MMU: 2ms/96.5%, 5ms/98.4%, 10ms/99.2%, 20ms/99.5%, 50ms/99.8%, 100ms/99.9%
[2024-07-21T22:32:44.392+0800][12.381s][gc,marking  ] GC(200) Mark: 1 stripe(s), 2 proactive flush(es), 1 terminate flush(es), 0 completion(s), 0 continuation(s) 
[2024-07-21T22:32:44.392+0800][12.381s][gc,marking  ] GC(200) Mark Stack Usage: 32M
[2024-07-21T22:32:44.392+0800][12.381s][gc,nmethod  ] GC(200) NMethods: 462 registered, 0 unregistered
[2024-07-21T22:32:44.392+0800][12.381s][gc,metaspace] GC(200) Metaspace: 1M used, 1M committed, 1032M reserved
[2024-07-21T22:32:44.392+0800][12.381s][gc,ref      ] GC(200) Soft: 43 encountered, 0 discovered, 0 enqueued
[2024-07-21T22:32:44.392+0800][12.381s][gc,ref      ] GC(200) Weak: 131 encountered, 107 discovered, 0 enqueued
[2024-07-21T22:32:44.392+0800][12.381s][gc,ref      ] GC(200) Final: 0 encountered, 0 discovered, 0 enqueued
[2024-07-21T22:32:44.392+0800][12.381s][gc,ref      ] GC(200) Phantom: 184 encountered, 98 discovered, 0 enqueued
[2024-07-21T22:32:44.392+0800][12.381s][gc,reloc    ] GC(200) Small Pages: 4 / 8M, Empty: 2M, Relocated: 0M, In-Place: 0
[2024-07-21T22:32:44.392+0800][12.381s][gc,reloc    ] GC(200) Medium Pages: 1 / 4M, Empty: 0M, Relocated: 0M, In-Place: 0
[2024-07-21T22:32:44.392+0800][12.381s][gc,reloc    ] GC(200) Large Pages: 21 / 42M, Empty: 40M, Relocated: 0M, In-Place: 0
[2024-07-21T22:32:44.392+0800][12.381s][gc,reloc    ] GC(200) Forwarding Usage: 0M
[2024-07-21T22:32:44.392+0800][12.381s][gc,heap     ] GC(200) Min Capacity: 8M(6%)
[2024-07-21T22:32:44.392+0800][12.381s][gc,heap     ] GC(200) Max Capacity: 128M(100%)
[2024-07-21T22:32:44.392+0800][12.381s][gc,heap     ] GC(200) Soft Max Capacity: 128M(100%)
[2024-07-21T22:32:44.392+0800][12.381s][gc,heap     ] GC(200)                Mark Start          Mark End        Relocate Start      Relocate End           High               Low         
[2024-07-21T22:32:44.392+0800][12.381s][gc,heap     ] GC(200)  Capacity:      128M (100%)        128M (100%)        128M (100%)        128M (100%)        128M (100%)        128M (100%)   
[2024-07-21T22:32:44.393+0800][12.381s][gc,heap     ] GC(200)      Free:       74M (58%)          54M (42%)          96M (75%)          96M (75%)          96M (75%)          54M (42%)    
[2024-07-21T22:32:44.393+0800][12.381s][gc,heap     ] GC(200)      Used:       54M (42%)          74M (58%)          32M (25%)          32M (25%)          74M (58%)          32M (25%)    
[2024-07-21T22:32:44.393+0800][12.381s][gc,heap     ] GC(200)      Live:         -                 6M (5%)            6M (5%)            6M (5%)             -                  -          
[2024-07-21T22:32:44.393+0800][12.381s][gc,heap     ] GC(200) Allocated:         -                20M (16%)          20M (16%)          20M (16%)            -                  -          
[2024-07-21T22:32:44.393+0800][12.381s][gc,heap     ] GC(200)   Garbage:         -                47M (37%)           5M (4%)            5M (4%)             -                  -          
[2024-07-21T22:32:44.393+0800][12.381s][gc,heap     ] GC(200) Reclaimed:         -                  -                42M (33%)          42M (33%)            -                  -          
[2024-07-21T22:32:44.393+0800][12.381s][gc          ] GC(200) Garbage Collection (Allocation Rate) 54M(42%)->32M(25%)
[2024-07-21T22:32:44.462+0800][12.451s][gc,start    ] GC(201) Garbage Collection (Allocation Stall)
[2024-07-21T22:32:44.462+0800][12.451s][gc,ref      ] GC(201) Clearing All SoftReferences
[2024-07-21T22:32:44.462+0800][12.451s][gc,task     ] GC(201) Using 1 workers
[2024-07-21T22:32:44.462+0800][12.451s][gc,phases   ] GC(201) Pause Mark Start 0.006ms
[2024-07-21T22:32:44.465+0800][12.454s][gc,phases   ] GC(201) Concurrent Mark 3.308ms
[2024-07-21T22:32:44.466+0800][12.454s][gc,phases   ] GC(201) Pause Mark End 0.007ms
[2024-07-21T22:32:44.466+0800][12.454s][gc,phases   ] GC(201) Concurrent Mark Free 0.001ms
[2024-07-21T22:32:44.467+0800][12.456s][gc,phases   ] GC(201) Concurrent Process Non-Strong References 1.155ms
[2024-07-21T22:32:44.467+0800][12.456s][gc,phases   ] GC(201) Concurrent Reset Relocation Set 0.001ms
[2024-07-21T22:32:44.470+0800][12.458s][gc          ] Allocation Stall (main) 7.932ms
[2024-07-21T22:32:44.470+0800][12.458s][gc,phases   ] GC(201) Concurrent Select Relocation Set 2.692ms
[2024-07-21T22:32:44.470+0800][12.459s][gc,phases   ] GC(201) Pause Relocate Start 0.006ms
[2024-07-21T22:32:44.470+0800][12.459s][gc,phases   ] GC(201) Concurrent Relocate 0.106ms
[2024-07-21T22:32:44.470+0800][12.459s][gc,load     ] GC(201) Load: 0.00/0.00/0.00
[2024-07-21T22:32:44.470+0800][12.459s][gc,mmu      ] GC(201) MMU: 2ms/96.5%, 5ms/98.4%, 10ms/99.2%, 20ms/99.5%, 50ms/99.8%, 100ms/99.9%
[2024-07-21T22:32:44.470+0800][12.459s][gc,marking  ] GC(201) Mark: 1 stripe(s), 1 proactive flush(es), 1 terminate flush(es), 0 completion(s), 0 continuation(s) 
[2024-07-21T22:32:44.470+0800][12.459s][gc,marking  ] GC(201) Mark Stack Usage: 32M
[2024-07-21T22:32:44.470+0800][12.459s][gc,nmethod  ] GC(201) NMethods: 462 registered, 0 unregistered
[2024-07-21T22:32:44.470+0800][12.459s][gc,metaspace] GC(201) Metaspace: 1M used, 1M committed, 1032M reserved
[2024-07-21T22:32:44.470+0800][12.459s][gc,ref      ] GC(201) Soft: 43 encountered, 20 discovered, 0 enqueued
[2024-07-21T22:32:44.470+0800][12.459s][gc,ref      ] GC(201) Weak: 131 encountered, 107 discovered, 0 enqueued
[2024-07-21T22:32:44.470+0800][12.459s][gc,ref      ] GC(201) Final: 0 encountered, 0 discovered, 0 enqueued
[2024-07-21T22:32:44.470+0800][12.459s][gc,ref      ] GC(201) Phantom: 184 encountered, 98 discovered, 0 enqueued
[2024-07-21T22:32:44.470+0800][12.459s][gc,reloc    ] GC(201) Small Pages: 4 / 8M, Empty: 2M, Relocated: 0M, In-Place: 0
[2024-07-21T22:32:44.470+0800][12.459s][gc,reloc    ] GC(201) Medium Pages: 1 / 4M, Empty: 0M, Relocated: 0M, In-Place: 0
[2024-07-21T22:32:44.470+0800][12.459s][gc,reloc    ] GC(201) Large Pages: 58 / 116M, Empty: 80M, Relocated: 0M, In-Place: 0
[2024-07-21T22:32:44.470+0800][12.459s][gc,reloc    ] GC(201) Forwarding Usage: 0M
[2024-07-21T22:32:44.470+0800][12.459s][gc,heap     ] GC(201) Min Capacity: 8M(6%)
[2024-07-21T22:32:44.470+0800][12.459s][gc,heap     ] GC(201) Max Capacity: 128M(100%)
[2024-07-21T22:32:44.470+0800][12.459s][gc,heap     ] GC(201) Soft Max Capacity: 128M(100%)
[2024-07-21T22:32:44.471+0800][12.459s][gc,heap     ] GC(201)                Mark Start          Mark End        Relocate Start      Relocate End           High               Low         
[2024-07-21T22:32:44.471+0800][12.459s][gc,heap     ] GC(201)  Capacity:      128M (100%)        128M (100%)        128M (100%)        128M (100%)        128M (100%)        128M (100%)   
[2024-07-21T22:32:44.471+0800][12.459s][gc,heap     ] GC(201)      Free:        0M (0%)            0M (0%)           78M (61%)          76M (59%)          82M (64%)           0M (0%)     
[2024-07-21T22:32:44.471+0800][12.459s][gc,heap     ] GC(201)      Used:      128M (100%)        128M (100%)         50M (39%)          52M (41%)         128M (100%)         46M (36%)    
[2024-07-21T22:32:44.471+0800][12.459s][gc,heap     ] GC(201)      Live:         -                40M (32%)          40M (32%)          40M (32%)            -                  -          
[2024-07-21T22:32:44.471+0800][12.459s][gc,heap     ] GC(201) Allocated:         -                 0M (0%)            4M (3%)            6M (5%)             -                  -          
[2024-07-21T22:32:44.471+0800][12.459s][gc,heap     ] GC(201)   Garbage:         -                87M (68%)           5M (4%)            5M (4%)             -                  -          
[2024-07-21T22:32:44.471+0800][12.459s][gc,heap     ] GC(201) Reclaimed:         -                  -                82M (64%)          82M (64%)            -                  -          
[2024-07-21T22:32:44.471+0800][12.459s][gc          ] GC(201) Garbage Collection (Allocation Stall) 128M(100%)->52M(41%)
[2024-07-21T22:32:44.477+0800][12.465s][gc,start    ] GC(202) Garbage Collection (Allocation Rate)
[2024-07-21T22:32:44.477+0800][12.465s][gc,task     ] GC(202) Using 1 workers
[2024-07-21T22:32:44.477+0800][12.466s][gc,phases   ] GC(202) Pause Mark Start 0.006ms
[2024-07-21T22:32:44.480+0800][12.469s][gc,phases   ] GC(202) Concurrent Mark 3.238ms
[2024-07-21T22:32:44.480+0800][12.469s][gc,phases   ] GC(202) Pause Mark End 0.007ms
[2024-07-21T22:32:44.480+0800][12.469s][gc,phases   ] GC(202) Concurrent Mark Free 0.001ms
[2024-07-21T22:32:44.481+0800][12.470s][gc,phases   ] GC(202) Concurrent Process Non-Strong References 0.977ms
[2024-07-21T22:32:44.481+0800][12.470s][gc,phases   ] GC(202) Concurrent Reset Relocation Set 0.000ms
[2024-07-21T22:32:44.484+0800][12.472s][gc,phases   ] GC(202) Concurrent Select Relocation Set 2.139ms
[2024-07-21T22:32:44.484+0800][12.473s][gc,phases   ] GC(202) Pause Relocate Start 0.009ms
[2024-07-21T22:32:44.485+0800][12.473s][gc,phases   ] GC(202) Concurrent Relocate 0.638ms
[2024-07-21T22:32:44.485+0800][12.473s][gc,load     ] GC(202) Load: 0.00/0.00/0.00
[2024-07-21T22:32:44.485+0800][12.473s][gc,mmu      ] GC(202) MMU: 2ms/96.5%, 5ms/98.4%, 10ms/99.2%, 20ms/99.5%, 50ms/99.8%, 100ms/99.9%
[2024-07-21T22:32:44.485+0800][12.473s][gc,marking  ] GC(202) Mark: 1 stripe(s), 1 proactive flush(es), 1 terminate flush(es), 0 completion(s), 0 continuation(s) 
[2024-07-21T22:32:44.485+0800][12.473s][gc,marking  ] GC(202) Mark Stack Usage: 32M
[2024-07-21T22:32:44.485+0800][12.473s][gc,nmethod  ] GC(202) NMethods: 462 registered, 0 unregistered
[2024-07-21T22:32:44.485+0800][12.473s][gc,metaspace] GC(202) Metaspace: 1M used, 1M committed, 1032M reserved
[2024-07-21T22:32:44.485+0800][12.473s][gc,ref      ] GC(202) Soft: 43 encountered, 0 discovered, 0 enqueued
[2024-07-21T22:32:44.485+0800][12.473s][gc,ref      ] GC(202) Weak: 131 encountered, 107 discovered, 0 enqueued
[2024-07-21T22:32:44.485+0800][12.473s][gc,ref      ] GC(202) Final: 0 encountered, 0 discovered, 0 enqueued
[2024-07-21T22:32:44.485+0800][12.473s][gc,ref      ] GC(202) Phantom: 184 encountered, 98 discovered, 0 enqueued
[2024-07-21T22:32:44.485+0800][12.474s][gc,reloc    ] GC(202) Small Pages: 4 / 8M, Empty: 0M, Relocated: 1M, In-Place: 0
[2024-07-21T22:32:44.485+0800][12.474s][gc,reloc    ] GC(202) Medium Pages: 1 / 4M, Empty: 0M, Relocated: 0M, In-Place: 0
[2024-07-21T22:32:44.485+0800][12.474s][gc,reloc    ] GC(202) Large Pages: 20 / 40M, Empty: 40M, Relocated: 0M, In-Place: 0
[2024-07-21T22:32:44.485+0800][12.474s][gc,reloc    ] GC(202) Forwarding Usage: 0M
[2024-07-21T22:32:44.485+0800][12.474s][gc,heap     ] GC(202) Min Capacity: 8M(6%)
[2024-07-21T22:32:44.485+0800][12.474s][gc,heap     ] GC(202) Max Capacity: 128M(100%)
[2024-07-21T22:32:44.485+0800][12.474s][gc,heap     ] GC(202) Soft Max Capacity: 128M(100%)
[2024-07-21T22:32:44.485+0800][12.474s][gc,heap     ] GC(202)                Mark Start          Mark End        Relocate Start      Relocate End           High               Low         
[2024-07-21T22:32:44.485+0800][12.474s][gc,heap     ] GC(202)  Capacity:      128M (100%)        128M (100%)        128M (100%)        128M (100%)        128M (100%)        128M (100%)   
[2024-07-21T22:32:44.485+0800][12.474s][gc,heap     ] GC(202)      Free:       76M (59%)          76M (59%)         116M (91%)         118M (92%)         118M (92%)          76M (59%)    
[2024-07-21T22:32:44.485+0800][12.474s][gc,heap     ] GC(202)      Used:       52M (41%)          52M (41%)          12M (9%)           10M (8%)           52M (41%)          10M (8%)     
[2024-07-21T22:32:44.485+0800][12.474s][gc,heap     ] GC(202)      Live:         -                 4M (4%)            4M (4%)            4M (4%)             -                  -          
[2024-07-21T22:32:44.485+0800][12.474s][gc,heap     ] GC(202) Allocated:         -                 0M (0%)            0M (0%)            0M (0%)             -                  -          
[2024-07-21T22:32:44.485+0800][12.474s][gc,heap     ] GC(202)   Garbage:         -                47M (37%)           7M (6%)            5M (4%)             -                  -          
[2024-07-21T22:32:44.485+0800][12.474s][gc,heap     ] GC(202) Reclaimed:         -                  -                40M (31%)          42M (33%)            -                  -          
[2024-07-21T22:32:44.485+0800][12.474s][gc          ] GC(202) Garbage Collection (Allocation Rate) 52M(41%)->10M(8%)
[2024-07-21T22:32:44.572+0800][12.560s][gc,start    ] GC(203) Garbage Collection (Allocation Rate)
[2024-07-21T22:32:44.572+0800][12.561s][gc,task     ] GC(203) Using 1 workers
[2024-07-21T22:32:44.572+0800][12.561s][gc,phases   ] GC(203) Pause Mark Start 0.006ms
[2024-07-21T22:32:44.576+0800][12.565s][gc,phases   ] GC(203) Concurrent Mark 4.361ms
[2024-07-21T22:32:44.577+0800][12.565s][gc,phases   ] GC(203) Pause Mark End 0.010ms
[2024-07-21T22:32:44.577+0800][12.565s][gc,phases   ] GC(203) Concurrent Mark Free 0.001ms
[2024-07-21T22:32:44.578+0800][12.567s][gc,phases   ] GC(203) Concurrent Process Non-Strong References 1.152ms
[2024-07-21T22:32:44.578+0800][12.567s][gc,phases   ] GC(203) Concurrent Reset Relocation Set 0.001ms
[2024-07-21T22:32:44.580+0800][12.569s][gc          ] Allocation Stall (main) 6.315ms
[2024-07-21T22:32:44.580+0800][12.569s][gc,phases   ] GC(203) Concurrent Select Relocation Set 2.141ms
[2024-07-21T22:32:44.580+0800][12.569s][gc,phases   ] GC(203) Pause Relocate Start 0.013ms
[2024-07-21T22:32:44.581+0800][12.569s][gc,phases   ] GC(203) Concurrent Relocate 0.079ms
[2024-07-21T22:32:44.581+0800][12.569s][gc,load     ] GC(203) Load: 0.00/0.00/0.00
[2024-07-21T22:32:44.581+0800][12.569s][gc,mmu      ] GC(203) MMU: 2ms/96.5%, 5ms/98.4%, 10ms/99.2%, 20ms/99.5%, 50ms/99.8%, 100ms/99.9%
[2024-07-21T22:32:44.581+0800][12.569s][gc,marking  ] GC(203) Mark: 1 stripe(s), 2 proactive flush(es), 1 terminate flush(es), 0 completion(s), 0 continuation(s) 
[2024-07-21T22:32:44.581+0800][12.569s][gc,marking  ] GC(203) Mark Stack Usage: 32M
[2024-07-21T22:32:44.581+0800][12.569s][gc,nmethod  ] GC(203) NMethods: 462 registered, 0 unregistered
[2024-07-21T22:32:44.581+0800][12.569s][gc,metaspace] GC(203) Metaspace: 1M used, 1M committed, 1032M reserved
[2024-07-21T22:32:44.581+0800][12.569s][gc,ref      ] GC(203) Soft: 43 encountered, 0 discovered, 0 enqueued
[2024-07-21T22:32:44.581+0800][12.570s][gc,ref      ] GC(203) Weak: 131 encountered, 107 discovered, 0 enqueued
[2024-07-21T22:32:44.581+0800][12.570s][gc,ref      ] GC(203) Final: 0 encountered, 0 discovered, 0 enqueued
[2024-07-21T22:32:44.581+0800][12.570s][gc,ref      ] GC(203) Phantom: 184 encountered, 98 discovered, 0 enqueued
[2024-07-21T22:32:44.581+0800][12.570s][gc,reloc    ] GC(203) Small Pages: 4 / 8M, Empty: 2M, Relocated: 0M, In-Place: 0
[2024-07-21T22:32:44.581+0800][12.570s][gc,reloc    ] GC(203) Medium Pages: 1 / 4M, Empty: 0M, Relocated: 0M, In-Place: 0
[2024-07-21T22:32:44.581+0800][12.570s][gc,reloc    ] GC(203) Large Pages: 53 / 106M, Empty: 80M, Relocated: 0M, In-Place: 0
[2024-07-21T22:32:44.581+0800][12.570s][gc,reloc    ] GC(203) Forwarding Usage: 0M
[2024-07-21T22:32:44.581+0800][12.570s][gc,heap     ] GC(203) Min Capacity: 8M(6%)
[2024-07-21T22:32:44.581+0800][12.570s][gc,heap     ] GC(203) Max Capacity: 128M(100%)
[2024-07-21T22:32:44.581+0800][12.570s][gc,heap     ] GC(203) Soft Max Capacity: 128M(100%)
[2024-07-21T22:32:44.581+0800][12.570s][gc,heap     ] GC(203)                Mark Start          Mark End        Relocate Start      Relocate End           High               Low         
[2024-07-21T22:32:44.581+0800][12.570s][gc,heap     ] GC(203)  Capacity:      128M (100%)        128M (100%)        128M (100%)        128M (100%)        128M (100%)        128M (100%)   
[2024-07-21T22:32:44.581+0800][12.570s][gc,heap     ] GC(203)      Free:       10M (8%)            0M (0%)           80M (62%)          78M (61%)          82M (64%)           0M (0%)     
[2024-07-21T22:32:44.581+0800][12.570s][gc,heap     ] GC(203)      Used:      118M (92%)         128M (100%)         48M (38%)          50M (39%)         128M (100%)         46M (36%)    
[2024-07-21T22:32:44.581+0800][12.570s][gc,heap     ] GC(203)      Live:         -                30M (24%)          30M (24%)          30M (24%)            -                  -          
[2024-07-21T22:32:44.581+0800][12.570s][gc,heap     ] GC(203) Allocated:         -                10M (8%)           12M (9%)           14M (11%)            -                  -          
[2024-07-21T22:32:44.581+0800][12.570s][gc,heap     ] GC(203)   Garbage:         -                87M (68%)           5M (4%)            5M (4%)             -                  -          
[2024-07-21T22:32:44.581+0800][12.570s][gc,heap     ] GC(203) Reclaimed:         -                  -                82M (64%)          82M (64%)            -                  -          
[2024-07-21T22:32:44.581+0800][12.570s][gc          ] GC(203) Garbage Collection (Allocation Rate) 118M(92%)->50M(39%)
[2024-07-21T22:32:44.652+0800][12.640s][gc,start    ] GC(204) Garbage Collection (Allocation Stall)
[2024-07-21T22:32:44.652+0800][12.640s][gc,ref      ] GC(204) Clearing All SoftReferences
[2024-07-21T22:32:44.652+0800][12.641s][gc,task     ] GC(204) Using 1 workers
[2024-07-21T22:32:44.652+0800][12.641s][gc,phases   ] GC(204) Pause Mark Start 0.008ms
[2024-07-21T22:32:44.656+0800][12.645s][gc,phases   ] GC(204) Concurrent Mark 4.281ms
[2024-07-21T22:32:44.657+0800][12.645s][gc,phases   ] GC(204) Pause Mark End 0.021ms
[2024-07-21T22:32:44.657+0800][12.646s][gc,phases   ] GC(204) Concurrent Mark Free 0.001ms
[2024-07-21T22:32:44.658+0800][12.647s][gc,phases   ] GC(204) Concurrent Process Non-Strong References 1.278ms
[2024-07-21T22:32:44.658+0800][12.647s][gc,phases   ] GC(204) Concurrent Reset Relocation Set 0.001ms
[2024-07-21T22:32:44.662+0800][12.651s][gc          ] Allocation Stall (main) 10.357ms
[2024-07-21T22:32:44.662+0800][12.651s][gc,phases   ] GC(204) Concurrent Select Relocation Set 3.756ms
[2024-07-21T22:32:44.662+0800][12.651s][gc,phases   ] GC(204) Pause Relocate Start 0.007ms
[2024-07-21T22:32:44.662+0800][12.651s][gc,phases   ] GC(204) Concurrent Relocate 0.027ms
[2024-07-21T22:32:44.662+0800][12.651s][gc,load     ] GC(204) Load: 0.00/0.00/0.00
[2024-07-21T22:32:44.662+0800][12.651s][gc,mmu      ] GC(204) MMU: 2ms/96.5%, 5ms/98.4%, 10ms/99.2%, 20ms/99.5%, 50ms/99.8%, 100ms/99.9%
[2024-07-21T22:32:44.662+0800][12.651s][gc,marking  ] GC(204) Mark: 1 stripe(s), 1 proactive flush(es), 1 terminate flush(es), 0 completion(s), 0 continuation(s) 
[2024-07-21T22:32:44.662+0800][12.651s][gc,marking  ] GC(204) Mark Stack Usage: 32M
[2024-07-21T22:32:44.662+0800][12.651s][gc,nmethod  ] GC(204) NMethods: 462 registered, 0 unregistered
[2024-07-21T22:32:44.662+0800][12.651s][gc,metaspace] GC(204) Metaspace: 1M used, 1M committed, 1032M reserved
[2024-07-21T22:32:44.662+0800][12.651s][gc,ref      ] GC(204) Soft: 43 encountered, 20 discovered, 0 enqueued
[2024-07-21T22:32:44.662+0800][12.651s][gc,ref      ] GC(204) Weak: 131 encountered, 107 discovered, 0 enqueued
[2024-07-21T22:32:44.663+0800][12.651s][gc,ref      ] GC(204) Final: 0 encountered, 0 discovered, 0 enqueued
[2024-07-21T22:32:44.663+0800][12.651s][gc,ref      ] GC(204) Phantom: 184 encountered, 98 discovered, 0 enqueued
[2024-07-21T22:32:44.663+0800][12.651s][gc,reloc    ] GC(204) Small Pages: 4 / 8M, Empty: 2M, Relocated: 0M, In-Place: 0
[2024-07-21T22:32:44.663+0800][12.651s][gc,reloc    ] GC(204) Medium Pages: 1 / 4M, Empty: 0M, Relocated: 0M, In-Place: 0
[2024-07-21T22:32:44.663+0800][12.651s][gc,reloc    ] GC(204) Large Pages: 58 / 116M, Empty: 80M, Relocated: 0M, In-Place: 0
[2024-07-21T22:32:44.663+0800][12.651s][gc,reloc    ] GC(204) Forwarding Usage: 0M
[2024-07-21T22:32:44.663+0800][12.651s][gc,heap     ] GC(204) Min Capacity: 8M(6%)
[2024-07-21T22:32:44.663+0800][12.651s][gc,heap     ] GC(204) Max Capacity: 128M(100%)
[2024-07-21T22:32:44.663+0800][12.652s][gc,heap     ] GC(204) Soft Max Capacity: 128M(100%)
[2024-07-21T22:32:44.663+0800][12.652s][gc,heap     ] GC(204)                Mark Start          Mark End        Relocate Start      Relocate End           High               Low         
[2024-07-21T22:32:44.663+0800][12.652s][gc,heap     ] GC(204)  Capacity:      128M (100%)        128M (100%)        128M (100%)        128M (100%)        128M (100%)        128M (100%)   
[2024-07-21T22:32:44.663+0800][12.652s][gc,heap     ] GC(204)      Free:        0M (0%)            0M (0%)           80M (62%)          80M (62%)          82M (64%)           0M (0%)     
[2024-07-21T22:32:44.663+0800][12.652s][gc,heap     ] GC(204)      Used:      128M (100%)        128M (100%)         48M (38%)          48M (38%)         128M (100%)         46M (36%)    
[2024-07-21T22:32:44.663+0800][12.652s][gc,heap     ] GC(204)      Live:         -                40M (32%)          40M (32%)          40M (32%)            -                  -          
[2024-07-21T22:32:44.663+0800][12.652s][gc,heap     ] GC(204) Allocated:         -                 0M (0%)            2M (2%)            2M (2%)             -                  -          
[2024-07-21T22:32:44.663+0800][12.652s][gc,heap     ] GC(204)   Garbage:         -                87M (68%)           5M (4%)            5M (4%)             -                  -          
[2024-07-21T22:32:44.663+0800][12.652s][gc,heap     ] GC(204) Reclaimed:         -                  -                82M (64%)          82M (64%)            -                  -          
[2024-07-21T22:32:44.663+0800][12.652s][gc          ] GC(204) Garbage Collection (Allocation Stall) 128M(100%)->48M(38%)
[2024-07-21T22:32:44.667+0800][12.656s][gc,start    ] GC(205) Garbage Collection (Allocation Rate)
[2024-07-21T22:32:44.667+0800][12.656s][gc,task     ] GC(205) Using 1 workers
[2024-07-21T22:32:44.667+0800][12.656s][gc,phases   ] GC(205) Pause Mark Start 0.026ms
[2024-07-21T22:32:44.671+0800][12.660s][gc,phases   ] GC(205) Concurrent Mark 3.782ms
[2024-07-21T22:32:44.672+0800][12.661s][gc,phases   ] GC(205) Pause Mark End 0.020ms
[2024-07-21T22:32:44.672+0800][12.661s][gc,phases   ] GC(205) Concurrent Mark Free 0.001ms
[2024-07-21T22:32:44.673+0800][12.662s][gc,phases   ] GC(205) Concurrent Process Non-Strong References 1.241ms
[2024-07-21T22:32:44.673+0800][12.662s][gc,phases   ] GC(205) Concurrent Reset Relocation Set 0.000ms
[2024-07-21T22:32:44.675+0800][12.664s][gc,phases   ] GC(205) Concurrent Select Relocation Set 1.913ms
[2024-07-21T22:32:44.675+0800][12.664s][gc,phases   ] GC(205) Pause Relocate Start 0.005ms
[2024-07-21T22:32:44.676+0800][12.665s][gc,phases   ] GC(205) Concurrent Relocate 0.632ms
[2024-07-21T22:32:44.676+0800][12.665s][gc,load     ] GC(205) Load: 0.00/0.00/0.00
[2024-07-21T22:32:44.676+0800][12.665s][gc,mmu      ] GC(205) MMU: 2ms/96.5%, 5ms/98.4%, 10ms/99.2%, 20ms/99.5%, 50ms/99.8%, 100ms/99.9%
[2024-07-21T22:32:44.676+0800][12.665s][gc,marking  ] GC(205) Mark: 1 stripe(s), 1 proactive flush(es), 1 terminate flush(es), 0 completion(s), 0 continuation(s) 
[2024-07-21T22:32:44.676+0800][12.665s][gc,marking  ] GC(205) Mark Stack Usage: 32M
[2024-07-21T22:32:44.676+0800][12.665s][gc,nmethod  ] GC(205) NMethods: 462 registered, 0 unregistered
[2024-07-21T22:32:44.676+0800][12.665s][gc,metaspace] GC(205) Metaspace: 1M used, 1M committed, 1032M reserved
[2024-07-21T22:32:44.676+0800][12.665s][gc,ref      ] GC(205) Soft: 43 encountered, 0 discovered, 0 enqueued
[2024-07-21T22:32:44.676+0800][12.665s][gc,ref      ] GC(205) Weak: 131 encountered, 107 discovered, 0 enqueued
[2024-07-21T22:32:44.676+0800][12.665s][gc,ref      ] GC(205) Final: 0 encountered, 0 discovered, 0 enqueued
[2024-07-21T22:32:44.676+0800][12.665s][gc,ref      ] GC(205) Phantom: 184 encountered, 98 discovered, 0 enqueued
[2024-07-21T22:32:44.676+0800][12.665s][gc,reloc    ] GC(205) Small Pages: 4 / 8M, Empty: 0M, Relocated: 1M, In-Place: 0
[2024-07-21T22:32:44.676+0800][12.665s][gc,reloc    ] GC(205) Medium Pages: 1 / 4M, Empty: 0M, Relocated: 0M, In-Place: 0
[2024-07-21T22:32:44.676+0800][12.665s][gc,reloc    ] GC(205) Large Pages: 20 / 40M, Empty: 40M, Relocated: 0M, In-Place: 0
[2024-07-21T22:32:44.676+0800][12.665s][gc,reloc    ] GC(205) Forwarding Usage: 0M
[2024-07-21T22:32:44.676+0800][12.665s][gc,heap     ] GC(205) Min Capacity: 8M(6%)
[2024-07-21T22:32:44.676+0800][12.665s][gc,heap     ] GC(205) Max Capacity: 128M(100%)
[2024-07-21T22:32:44.676+0800][12.665s][gc,heap     ] GC(205) Soft Max Capacity: 128M(100%)
[2024-07-21T22:32:44.676+0800][12.665s][gc,heap     ] GC(205)                Mark Start          Mark End        Relocate Start      Relocate End           High               Low         
[2024-07-21T22:32:44.676+0800][12.665s][gc,heap     ] GC(205)  Capacity:      128M (100%)        128M (100%)        128M (100%)        128M (100%)        128M (100%)        128M (100%)   
[2024-07-21T22:32:44.676+0800][12.665s][gc,heap     ] GC(205)      Free:       76M (59%)          76M (59%)         116M (91%)         118M (92%)         118M (92%)          76M (59%)    
[2024-07-21T22:32:44.676+0800][12.665s][gc,heap     ] GC(205)      Used:       52M (41%)          52M (41%)          12M (9%)           10M (8%)           52M (41%)          10M (8%)     
[2024-07-21T22:32:44.676+0800][12.665s][gc,heap     ] GC(205)      Live:         -                 4M (4%)            4M (4%)            4M (4%)             -                  -          
[2024-07-21T22:32:44.676+0800][12.665s][gc,heap     ] GC(205) Allocated:         -                 0M (0%)            0M (0%)            0M (0%)             -                  -          
[2024-07-21T22:32:44.676+0800][12.665s][gc,heap     ] GC(205)   Garbage:         -                47M (37%)           7M (6%)            5M (4%)             -                  -          
[2024-07-21T22:32:44.676+0800][12.665s][gc,heap     ] GC(205) Reclaimed:         -                  -                40M (31%)          42M (33%)            -                  -          
[2024-07-21T22:32:44.676+0800][12.665s][gc          ] GC(205) Garbage Collection (Allocation Rate) 52M(41%)->10M(8%)
[2024-07-21T22:32:44.762+0800][12.751s][gc,start    ] GC(206) Garbage Collection (Allocation Stall)
[2024-07-21T22:32:44.762+0800][12.751s][gc,ref      ] GC(206) Clearing All SoftReferences
[2024-07-21T22:32:44.762+0800][12.751s][gc,task     ] GC(206) Using 1 workers
[2024-07-21T22:32:44.763+0800][12.751s][gc,phases   ] GC(206) Pause Mark Start 0.005ms
[2024-07-21T22:32:44.766+0800][12.755s][gc,phases   ] GC(206) Concurrent Mark 3.443ms
[2024-07-21T22:32:44.766+0800][12.755s][gc,phases   ] GC(206) Pause Mark End 0.006ms
[2024-07-21T22:32:44.766+0800][12.755s][gc,phases   ] GC(206) Concurrent Mark Free 0.001ms
[2024-07-21T22:32:44.768+0800][12.756s][gc,phases   ] GC(206) Concurrent Process Non-Strong References 1.097ms
[2024-07-21T22:32:44.768+0800][12.756s][gc,phases   ] GC(206) Concurrent Reset Relocation Set 0.001ms
[2024-07-21T22:32:44.769+0800][12.758s][gc          ] Allocation Stall (main) 7.098ms
[2024-07-21T22:32:44.769+0800][12.758s][gc,phases   ] GC(206) Concurrent Select Relocation Set 1.803ms
[2024-07-21T22:32:44.770+0800][12.758s][gc,phases   ] GC(206) Pause Relocate Start 0.009ms
[2024-07-21T22:32:44.770+0800][12.759s][gc,phases   ] GC(206) Concurrent Relocate 0.135ms
[2024-07-21T22:32:44.770+0800][12.759s][gc,load     ] GC(206) Load: 0.00/0.00/0.00
[2024-07-21T22:32:44.770+0800][12.759s][gc,mmu      ] GC(206) MMU: 2ms/96.5%, 5ms/98.4%, 10ms/99.2%, 20ms/99.5%, 50ms/99.8%, 100ms/99.9%
[2024-07-21T22:32:44.770+0800][12.759s][gc,marking  ] GC(206) Mark: 1 stripe(s), 1 proactive flush(es), 1 terminate flush(es), 0 completion(s), 0 continuation(s) 
[2024-07-21T22:32:44.770+0800][12.759s][gc,marking  ] GC(206) Mark Stack Usage: 32M
[2024-07-21T22:32:44.770+0800][12.759s][gc,nmethod  ] GC(206) NMethods: 462 registered, 0 unregistered
[2024-07-21T22:32:44.770+0800][12.759s][gc,metaspace] GC(206) Metaspace: 1M used, 1M committed, 1032M reserved
[2024-07-21T22:32:44.770+0800][12.759s][gc,ref      ] GC(206) Soft: 43 encountered, 20 discovered, 0 enqueued
[2024-07-21T22:32:44.770+0800][12.759s][gc,ref      ] GC(206) Weak: 131 encountered, 107 discovered, 0 enqueued
[2024-07-21T22:32:44.770+0800][12.759s][gc,ref      ] GC(206) Final: 0 encountered, 0 discovered, 0 enqueued
[2024-07-21T22:32:44.770+0800][12.759s][gc,ref      ] GC(206) Phantom: 184 encountered, 98 discovered, 0 enqueued
[2024-07-21T22:32:44.770+0800][12.759s][gc,reloc    ] GC(206) Small Pages: 4 / 8M, Empty: 2M, Relocated: 0M, In-Place: 0
[2024-07-21T22:32:44.770+0800][12.759s][gc,reloc    ] GC(206) Medium Pages: 1 / 4M, Empty: 0M, Relocated: 0M, In-Place: 0
[2024-07-21T22:32:44.770+0800][12.759s][gc,reloc    ] GC(206) Large Pages: 58 / 116M, Empty: 80M, Relocated: 0M, In-Place: 0
[2024-07-21T22:32:44.770+0800][12.759s][gc,reloc    ] GC(206) Forwarding Usage: 0M
[2024-07-21T22:32:44.770+0800][12.759s][gc,heap     ] GC(206) Min Capacity: 8M(6%)
[2024-07-21T22:32:44.770+0800][12.759s][gc,heap     ] GC(206) Max Capacity: 128M(100%)
[2024-07-21T22:32:44.770+0800][12.759s][gc,heap     ] GC(206) Soft Max Capacity: 128M(100%)
[2024-07-21T22:32:44.770+0800][12.759s][gc,heap     ] GC(206)                Mark Start          Mark End        Relocate Start      Relocate End           High               Low         
[2024-07-21T22:32:44.770+0800][12.759s][gc,heap     ] GC(206)  Capacity:      128M (100%)        128M (100%)        128M (100%)        128M (100%)        128M (100%)        128M (100%)   
[2024-07-21T22:32:44.770+0800][12.759s][gc,heap     ] GC(206)      Free:        0M (0%)            0M (0%)           78M (61%)          76M (59%)          82M (64%)           0M (0%)     
[2024-07-21T22:32:44.770+0800][12.759s][gc,heap     ] GC(206)      Used:      128M (100%)        128M (100%)         50M (39%)          52M (41%)         128M (100%)         46M (36%)    
[2024-07-21T22:32:44.770+0800][12.759s][gc,heap     ] GC(206)      Live:         -                40M (32%)          40M (32%)          40M (32%)            -                  -          
[2024-07-21T22:32:44.770+0800][12.759s][gc,heap     ] GC(206) Allocated:         -                 0M (0%)            4M (3%)            6M (5%)             -                  -          
[2024-07-21T22:32:44.770+0800][12.759s][gc,heap     ] GC(206)   Garbage:         -                87M (68%)           5M (4%)            5M (4%)             -                  -          
[2024-07-21T22:32:44.770+0800][12.759s][gc,heap     ] GC(206) Reclaimed:         -                  -                82M (64%)          82M (64%)            -                  -          
[2024-07-21T22:32:44.770+0800][12.759s][gc          ] GC(206) Garbage Collection (Allocation Stall) 128M(100%)->52M(41%)
[2024-07-21T22:32:44.778+0800][12.766s][gc,start    ] GC(207) Garbage Collection (Allocation Rate)
[2024-07-21T22:32:44.778+0800][12.766s][gc,task     ] GC(207) Using 1 workers
[2024-07-21T22:32:44.778+0800][12.766s][gc,phases   ] GC(207) Pause Mark Start 0.005ms
[2024-07-21T22:32:44.780+0800][12.769s][gc,phases   ] GC(207) Concurrent Mark 3.155ms
[2024-07-21T22:32:44.780+0800][12.769s][gc,phases   ] GC(207) Pause Mark End 0.008ms
[2024-07-21T22:32:44.781+0800][12.769s][gc,phases   ] GC(207) Concurrent Mark Free 0.001ms
[2024-07-21T22:32:44.781+0800][12.770s][gc,phases   ] GC(207) Concurrent Process Non-Strong References 0.891ms
[2024-07-21T22:32:44.781+0800][12.770s][gc,phases   ] GC(207) Concurrent Reset Relocation Set 0.000ms
[2024-07-21T22:32:44.783+0800][12.772s][gc,phases   ] GC(207) Concurrent Select Relocation Set 1.793ms
[2024-07-21T22:32:44.783+0800][12.772s][gc,phases   ] GC(207) Pause Relocate Start 0.009ms
[2024-07-21T22:32:44.784+0800][12.773s][gc,phases   ] GC(207) Concurrent Relocate 0.606ms
[2024-07-21T22:32:44.784+0800][12.773s][gc,load     ] GC(207) Load: 0.00/0.00/0.00
[2024-07-21T22:32:44.784+0800][12.773s][gc,mmu      ] GC(207) MMU: 2ms/96.5%, 5ms/98.4%, 10ms/99.2%, 20ms/99.5%, 50ms/99.8%, 100ms/99.9%
[2024-07-21T22:32:44.784+0800][12.773s][gc,marking  ] GC(207) Mark: 1 stripe(s), 1 proactive flush(es), 1 terminate flush(es), 0 completion(s), 0 continuation(s) 
[2024-07-21T22:32:44.784+0800][12.773s][gc,marking  ] GC(207) Mark Stack Usage: 32M
[2024-07-21T22:32:44.784+0800][12.773s][gc,nmethod  ] GC(207) NMethods: 462 registered, 0 unregistered
[2024-07-21T22:32:44.784+0800][12.773s][gc,metaspace] GC(207) Metaspace: 1M used, 1M committed, 1032M reserved
[2024-07-21T22:32:44.784+0800][12.773s][gc,ref      ] GC(207) Soft: 43 encountered, 0 discovered, 0 enqueued
[2024-07-21T22:32:44.784+0800][12.773s][gc,ref      ] GC(207) Weak: 131 encountered, 107 discovered, 0 enqueued
[2024-07-21T22:32:44.784+0800][12.773s][gc,ref      ] GC(207) Final: 0 encountered, 0 discovered, 0 enqueued
[2024-07-21T22:32:44.784+0800][12.773s][gc,ref      ] GC(207) Phantom: 184 encountered, 98 discovered, 0 enqueued
[2024-07-21T22:32:44.784+0800][12.773s][gc,reloc    ] GC(207) Small Pages: 4 / 8M, Empty: 0M, Relocated: 1M, In-Place: 0
[2024-07-21T22:32:44.784+0800][12.773s][gc,reloc    ] GC(207) Medium Pages: 1 / 4M, Empty: 0M, Relocated: 0M, In-Place: 0
[2024-07-21T22:32:44.784+0800][12.773s][gc,reloc    ] GC(207) Large Pages: 20 / 40M, Empty: 40M, Relocated: 0M, In-Place: 0
[2024-07-21T22:32:44.784+0800][12.773s][gc,reloc    ] GC(207) Forwarding Usage: 0M
[2024-07-21T22:32:44.784+0800][12.773s][gc,heap     ] GC(207) Min Capacity: 8M(6%)
[2024-07-21T22:32:44.784+0800][12.773s][gc,heap     ] GC(207) Max Capacity: 128M(100%)
[2024-07-21T22:32:44.784+0800][12.773s][gc,heap     ] GC(207) Soft Max Capacity: 128M(100%)
[2024-07-21T22:32:44.784+0800][12.773s][gc,heap     ] GC(207)                Mark Start          Mark End        Relocate Start      Relocate End           High               Low         
[2024-07-21T22:32:44.784+0800][12.773s][gc,heap     ] GC(207)  Capacity:      128M (100%)        128M (100%)        128M (100%)        128M (100%)        128M (100%)        128M (100%)   
[2024-07-21T22:32:44.785+0800][12.773s][gc,heap     ] GC(207)      Free:       76M (59%)          76M (59%)         116M (91%)         118M (92%)         118M (92%)          76M (59%)    
[2024-07-21T22:32:44.785+0800][12.773s][gc,heap     ] GC(207)      Used:       52M (41%)          52M (41%)          12M (9%)           10M (8%)           52M (41%)          10M (8%)     
[2024-07-21T22:32:44.785+0800][12.773s][gc,heap     ] GC(207)      Live:         -                 4M (4%)            4M (4%)            4M (4%)             -                  -          
[2024-07-21T22:32:44.785+0800][12.773s][gc,heap     ] GC(207) Allocated:         -                 0M (0%)            0M (0%)            0M (0%)             -                  -          
[2024-07-21T22:32:44.785+0800][12.773s][gc,heap     ] GC(207)   Garbage:         -                47M (37%)           7M (6%)            5M (4%)             -                  -          
[2024-07-21T22:32:44.785+0800][12.773s][gc,heap     ] GC(207) Reclaimed:         -                  -                40M (31%)          42M (33%)            -                  -          
[2024-07-21T22:32:44.785+0800][12.773s][gc          ] GC(207) Garbage Collection (Allocation Rate) 52M(41%)->10M(8%)
[2024-07-21T22:32:44.873+0800][12.861s][gc,start    ] GC(208) Garbage Collection (Allocation Rate)
[2024-07-21T22:32:44.873+0800][12.862s][gc,task     ] GC(208) Using 1 workers
[2024-07-21T22:32:44.873+0800][12.862s][gc,phases   ] GC(208) Pause Mark Start 0.018ms
[2024-07-21T22:32:44.878+0800][12.867s][gc,phases   ] GC(208) Concurrent Mark 4.455ms
[2024-07-21T22:32:44.878+0800][12.867s][gc,phases   ] GC(208) Pause Mark End 0.011ms
[2024-07-21T22:32:44.878+0800][12.867s][gc,phases   ] GC(208) Concurrent Mark Free 0.001ms
[2024-07-21T22:32:44.879+0800][12.868s][gc,phases   ] GC(208) Concurrent Process Non-Strong References 1.221ms
[2024-07-21T22:32:44.879+0800][12.868s][gc,phases   ] GC(208) Concurrent Reset Relocation Set 0.001ms
[2024-07-21T22:32:44.883+0800][12.872s][gc          ] Allocation Stall (main) 8.257ms
[2024-07-21T22:32:44.883+0800][12.872s][gc,phases   ] GC(208) Concurrent Select Relocation Set 3.453ms
[2024-07-21T22:32:44.883+0800][12.872s][gc,phases   ] GC(208) Pause Relocate Start 0.014ms
[2024-07-21T22:32:44.883+0800][12.872s][gc,phases   ] GC(208) Concurrent Relocate 0.106ms
[2024-07-21T22:32:44.883+0800][12.872s][gc,load     ] GC(208) Load: 0.00/0.00/0.00
[2024-07-21T22:32:44.883+0800][12.872s][gc,mmu      ] GC(208) MMU: 2ms/96.5%, 5ms/98.4%, 10ms/99.2%, 20ms/99.5%, 50ms/99.8%, 100ms/99.9%
[2024-07-21T22:32:44.884+0800][12.872s][gc,marking  ] GC(208) Mark: 1 stripe(s), 2 proactive flush(es), 1 terminate flush(es), 0 completion(s), 0 continuation(s) 
[2024-07-21T22:32:44.884+0800][12.872s][gc,marking  ] GC(208) Mark Stack Usage: 32M
[2024-07-21T22:32:44.884+0800][12.872s][gc,nmethod  ] GC(208) NMethods: 462 registered, 0 unregistered
[2024-07-21T22:32:44.884+0800][12.872s][gc,metaspace] GC(208) Metaspace: 1M used, 1M committed, 1032M reserved
[2024-07-21T22:32:44.884+0800][12.872s][gc,ref      ] GC(208) Soft: 43 encountered, 0 discovered, 0 enqueued
[2024-07-21T22:32:44.884+0800][12.872s][gc,ref      ] GC(208) Weak: 131 encountered, 107 discovered, 0 enqueued
[2024-07-21T22:32:44.884+0800][12.872s][gc,ref      ] GC(208) Final: 0 encountered, 0 discovered, 0 enqueued
[2024-07-21T22:32:44.884+0800][12.872s][gc,ref      ] GC(208) Phantom: 184 encountered, 98 discovered, 0 enqueued
[2024-07-21T22:32:44.884+0800][12.872s][gc,reloc    ] GC(208) Small Pages: 4 / 8M, Empty: 2M, Relocated: 0M, In-Place: 0
[2024-07-21T22:32:44.884+0800][12.873s][gc,reloc    ] GC(208) Medium Pages: 1 / 4M, Empty: 0M, Relocated: 0M, In-Place: 0
[2024-07-21T22:32:44.884+0800][12.873s][gc,reloc    ] GC(208) Large Pages: 54 / 108M, Empty: 80M, Relocated: 0M, In-Place: 0
[2024-07-21T22:32:44.884+0800][12.873s][gc,reloc    ] GC(208) Forwarding Usage: 0M
[2024-07-21T22:32:44.884+0800][12.873s][gc,heap     ] GC(208) Min Capacity: 8M(6%)
[2024-07-21T22:32:44.884+0800][12.873s][gc,heap     ] GC(208) Max Capacity: 128M(100%)
[2024-07-21T22:32:44.884+0800][12.873s][gc,heap     ] GC(208) Soft Max Capacity: 128M(100%)
[2024-07-21T22:32:44.884+0800][12.873s][gc,heap     ] GC(208)                Mark Start          Mark End        Relocate Start      Relocate End           High               Low         
[2024-07-21T22:32:44.884+0800][12.873s][gc,heap     ] GC(208)  Capacity:      128M (100%)        128M (100%)        128M (100%)        128M (100%)        128M (100%)        128M (100%)   
[2024-07-21T22:32:44.884+0800][12.873s][gc,heap     ] GC(208)      Free:        8M (6%)            0M (0%)           78M (61%)          76M (59%)          82M (64%)           0M (0%)     
[2024-07-21T22:32:44.884+0800][12.873s][gc,heap     ] GC(208)      Used:      120M (94%)         128M (100%)         50M (39%)          52M (41%)         128M (100%)         46M (36%)    
[2024-07-21T22:32:44.884+0800][12.873s][gc,heap     ] GC(208)      Live:         -                32M (25%)          32M (25%)          32M (25%)            -                  -          
[2024-07-21T22:32:44.884+0800][12.873s][gc,heap     ] GC(208) Allocated:         -                 8M (6%)           12M (9%)           14M (11%)            -                  -          
[2024-07-21T22:32:44.884+0800][12.873s][gc,heap     ] GC(208)   Garbage:         -                87M (68%)           5M (4%)            5M (4%)             -                  -          
[2024-07-21T22:32:44.884+0800][12.873s][gc,heap     ] GC(208) Reclaimed:         -                  -                82M (64%)          82M (64%)            -                  -          
[2024-07-21T22:32:44.884+0800][12.873s][gc          ] GC(208) Garbage Collection (Allocation Rate) 120M(94%)->52M(41%)
[2024-07-21T22:32:44.953+0800][12.942s][gc,start    ] GC(209) Garbage Collection (Allocation Stall)
[2024-07-21T22:32:44.953+0800][12.942s][gc,ref      ] GC(209) Clearing All SoftReferences
[2024-07-21T22:32:44.953+0800][12.942s][gc,task     ] GC(209) Using 1 workers
[2024-07-21T22:32:44.953+0800][12.942s][gc,phases   ] GC(209) Pause Mark Start 0.005ms
[2024-07-21T22:32:44.956+0800][12.945s][gc,phases   ] GC(209) Concurrent Mark 3.260ms
[2024-07-21T22:32:44.957+0800][12.945s][gc,phases   ] GC(209) Pause Mark End 0.007ms
[2024-07-21T22:32:44.957+0800][12.945s][gc,phases   ] GC(209) Concurrent Mark Free 0.001ms
[2024-07-21T22:32:44.958+0800][12.947s][gc,phases   ] GC(209) Concurrent Process Non-Strong References 1.103ms
[2024-07-21T22:32:44.958+0800][12.947s][gc,phases   ] GC(209) Concurrent Reset Relocation Set 0.000ms
[2024-07-21T22:32:44.960+0800][12.948s][gc          ] Allocation Stall (main) 6.899ms
[2024-07-21T22:32:44.960+0800][12.948s][gc,phases   ] GC(209) Concurrent Select Relocation Set 1.821ms
[2024-07-21T22:32:44.960+0800][12.949s][gc,phases   ] GC(209) Pause Relocate Start 0.004ms
[2024-07-21T22:32:44.960+0800][12.949s][gc,phases   ] GC(209) Concurrent Relocate 0.110ms
[2024-07-21T22:32:44.960+0800][12.949s][gc,load     ] GC(209) Load: 0.00/0.00/0.00
[2024-07-21T22:32:44.960+0800][12.949s][gc,mmu      ] GC(209) MMU: 2ms/96.5%, 5ms/98.4%, 10ms/99.2%, 20ms/99.5%, 50ms/99.8%, 100ms/99.9%
[2024-07-21T22:32:44.960+0800][12.949s][gc,marking  ] GC(209) Mark: 1 stripe(s), 1 proactive flush(es), 1 terminate flush(es), 0 completion(s), 0 continuation(s) 
[2024-07-21T22:32:44.960+0800][12.949s][gc,marking  ] GC(209) Mark Stack Usage: 32M
[2024-07-21T22:32:44.960+0800][12.949s][gc,nmethod  ] GC(209) NMethods: 462 registered, 0 unregistered
[2024-07-21T22:32:44.960+0800][12.949s][gc,metaspace] GC(209) Metaspace: 1M used, 1M committed, 1032M reserved
[2024-07-21T22:32:44.960+0800][12.949s][gc,ref      ] GC(209) Soft: 43 encountered, 20 discovered, 0 enqueued
[2024-07-21T22:32:44.960+0800][12.949s][gc,ref      ] GC(209) Weak: 131 encountered, 107 discovered, 0 enqueued
[2024-07-21T22:32:44.960+0800][12.949s][gc,ref      ] GC(209) Final: 0 encountered, 0 discovered, 0 enqueued
[2024-07-21T22:32:44.960+0800][12.949s][gc,ref      ] GC(209) Phantom: 184 encountered, 98 discovered, 0 enqueued
[2024-07-21T22:32:44.960+0800][12.949s][gc,reloc    ] GC(209) Small Pages: 4 / 8M, Empty: 2M, Relocated: 0M, In-Place: 0
[2024-07-21T22:32:44.960+0800][12.949s][gc,reloc    ] GC(209) Medium Pages: 1 / 4M, Empty: 0M, Relocated: 0M, In-Place: 0
[2024-07-21T22:32:44.960+0800][12.949s][gc,reloc    ] GC(209) Large Pages: 58 / 116M, Empty: 80M, Relocated: 0M, In-Place: 0
[2024-07-21T22:32:44.960+0800][12.949s][gc,reloc    ] GC(209) Forwarding Usage: 0M
[2024-07-21T22:32:44.960+0800][12.949s][gc,heap     ] GC(209) Min Capacity: 8M(6%)
[2024-07-21T22:32:44.960+0800][12.949s][gc,heap     ] GC(209) Max Capacity: 128M(100%)
[2024-07-21T22:32:44.960+0800][12.949s][gc,heap     ] GC(209) Soft Max Capacity: 128M(100%)
[2024-07-21T22:32:44.960+0800][12.949s][gc,heap     ] GC(209)                Mark Start          Mark End        Relocate Start      Relocate End           High               Low         
[2024-07-21T22:32:44.960+0800][12.949s][gc,heap     ] GC(209)  Capacity:      128M (100%)        128M (100%)        128M (100%)        128M (100%)        128M (100%)        128M (100%)   
[2024-07-21T22:32:44.960+0800][12.949s][gc,heap     ] GC(209)      Free:        0M (0%)            0M (0%)           80M (62%)          80M (62%)          82M (64%)           0M (0%)     
[2024-07-21T22:32:44.960+0800][12.949s][gc,heap     ] GC(209)      Used:      128M (100%)        128M (100%)         48M (38%)          48M (38%)         128M (100%)         46M (36%)    
[2024-07-21T22:32:44.960+0800][12.949s][gc,heap     ] GC(209)      Live:         -                40M (32%)          40M (32%)          40M (32%)            -                  -          
[2024-07-21T22:32:44.961+0800][12.949s][gc,heap     ] GC(209) Allocated:         -                 0M (0%)            2M (2%)            2M (2%)             -                  -          
[2024-07-21T22:32:44.961+0800][12.949s][gc,heap     ] GC(209)   Garbage:         -                87M (68%)           5M (4%)            5M (4%)             -                  -          
[2024-07-21T22:32:44.961+0800][12.949s][gc,heap     ] GC(209) Reclaimed:         -                  -                82M (64%)          82M (64%)            -                  -          
[2024-07-21T22:32:44.961+0800][12.949s][gc          ] GC(209) Garbage Collection (Allocation Stall) 128M(100%)->48M(38%)
[2024-07-21T22:32:44.968+0800][12.956s][gc,start    ] GC(210) Garbage Collection (Allocation Rate)
[2024-07-21T22:32:44.968+0800][12.956s][gc,task     ] GC(210) Using 1 workers
[2024-07-21T22:32:44.968+0800][12.957s][gc,phases   ] GC(210) Pause Mark Start 0.006ms
[2024-07-21T22:32:44.971+0800][12.960s][gc,phases   ] GC(210) Concurrent Mark 3.295ms
[2024-07-21T22:32:44.972+0800][12.960s][gc,phases   ] GC(210) Pause Mark End 0.009ms
[2024-07-21T22:32:44.972+0800][12.960s][gc,phases   ] GC(210) Concurrent Mark Free 0.001ms
[2024-07-21T22:32:44.973+0800][12.961s][gc,phases   ] GC(210) Concurrent Process Non-Strong References 1.044ms
[2024-07-21T22:32:44.973+0800][12.961s][gc,phases   ] GC(210) Concurrent Reset Relocation Set 0.000ms
[2024-07-21T22:32:44.975+0800][12.963s][gc,phases   ] GC(210) Concurrent Select Relocation Set 1.801ms
[2024-07-21T22:32:44.975+0800][12.964s][gc,phases   ] GC(210) Pause Relocate Start 0.004ms
[2024-07-21T22:32:44.975+0800][12.964s][gc,phases   ] GC(210) Concurrent Relocate 0.666ms
[2024-07-21T22:32:44.976+0800][12.964s][gc,load     ] GC(210) Load: 0.00/0.00/0.00
[2024-07-21T22:32:44.976+0800][12.964s][gc,mmu      ] GC(210) MMU: 2ms/96.5%, 5ms/98.4%, 10ms/99.2%, 20ms/99.5%, 50ms/99.8%, 100ms/99.9%
[2024-07-21T22:32:44.976+0800][12.964s][gc,marking  ] GC(210) Mark: 1 stripe(s), 1 proactive flush(es), 1 terminate flush(es), 0 completion(s), 0 continuation(s) 
[2024-07-21T22:32:44.976+0800][12.964s][gc,marking  ] GC(210) Mark Stack Usage: 32M
[2024-07-21T22:32:44.976+0800][12.964s][gc,nmethod  ] GC(210) NMethods: 462 registered, 0 unregistered
[2024-07-21T22:32:44.976+0800][12.964s][gc,metaspace] GC(210) Metaspace: 1M used, 1M committed, 1032M reserved
[2024-07-21T22:32:44.976+0800][12.964s][gc,ref      ] GC(210) Soft: 43 encountered, 0 discovered, 0 enqueued
[2024-07-21T22:32:44.976+0800][12.964s][gc,ref      ] GC(210) Weak: 131 encountered, 107 discovered, 0 enqueued
[2024-07-21T22:32:44.976+0800][12.964s][gc,ref      ] GC(210) Final: 0 encountered, 0 discovered, 0 enqueued
[2024-07-21T22:32:44.976+0800][12.964s][gc,ref      ] GC(210) Phantom: 184 encountered, 98 discovered, 0 enqueued
[2024-07-21T22:32:44.976+0800][12.964s][gc,reloc    ] GC(210) Small Pages: 4 / 8M, Empty: 0M, Relocated: 1M, In-Place: 0
[2024-07-21T22:32:44.976+0800][12.964s][gc,reloc    ] GC(210) Medium Pages: 1 / 4M, Empty: 0M, Relocated: 0M, In-Place: 0
[2024-07-21T22:32:44.976+0800][12.964s][gc,reloc    ] GC(210) Large Pages: 20 / 40M, Empty: 40M, Relocated: 0M, In-Place: 0
[2024-07-21T22:32:44.976+0800][12.965s][gc,reloc    ] GC(210) Forwarding Usage: 0M
[2024-07-21T22:32:44.976+0800][12.965s][gc,heap     ] GC(210) Min Capacity: 8M(6%)
[2024-07-21T22:32:44.976+0800][12.965s][gc,heap     ] GC(210) Max Capacity: 128M(100%)
[2024-07-21T22:32:44.976+0800][12.965s][gc,heap     ] GC(210) Soft Max Capacity: 128M(100%)
[2024-07-21T22:32:44.976+0800][12.965s][gc,heap     ] GC(210)                Mark Start          Mark End        Relocate Start      Relocate End           High               Low         
[2024-07-21T22:32:44.976+0800][12.965s][gc,heap     ] GC(210)  Capacity:      128M (100%)        128M (100%)        128M (100%)        128M (100%)        128M (100%)        128M (100%)   
[2024-07-21T22:32:44.976+0800][12.965s][gc,heap     ] GC(210)      Free:       76M (59%)          76M (59%)         116M (91%)         118M (92%)         118M (92%)          76M (59%)    
[2024-07-21T22:32:44.976+0800][12.965s][gc,heap     ] GC(210)      Used:       52M (41%)          52M (41%)          12M (9%)           10M (8%)           52M (41%)          10M (8%)     
[2024-07-21T22:32:44.976+0800][12.965s][gc,heap     ] GC(210)      Live:         -                 4M (4%)            4M (4%)            4M (4%)             -                  -          
[2024-07-21T22:32:44.976+0800][12.965s][gc,heap     ] GC(210) Allocated:         -                 0M (0%)            0M (0%)            0M (0%)             -                  -          
[2024-07-21T22:32:44.976+0800][12.965s][gc,heap     ] GC(210)   Garbage:         -                47M (37%)           7M (6%)            5M (4%)             -                  -          
[2024-07-21T22:32:44.976+0800][12.965s][gc,heap     ] GC(210) Reclaimed:         -                  -                40M (31%)          42M (33%)            -                  -          
[2024-07-21T22:32:44.976+0800][12.965s][gc          ] GC(210) Garbage Collection (Allocation Rate) 52M(41%)->10M(8%)
[2024-07-21T22:32:45.064+0800][13.053s][gc,start    ] GC(211) Garbage Collection (Allocation Stall)
[2024-07-21T22:32:45.064+0800][13.053s][gc,ref      ] GC(211) Clearing All SoftReferences
[2024-07-21T22:32:45.064+0800][13.053s][gc,task     ] GC(211) Using 1 workers
[2024-07-21T22:32:45.064+0800][13.053s][gc,phases   ] GC(211) Pause Mark Start 0.009ms
[2024-07-21T22:32:45.070+0800][13.058s][gc,phases   ] GC(211) Concurrent Mark 5.168ms
[2024-07-21T22:32:45.070+0800][13.059s][gc,phases   ] GC(211) Pause Mark End 0.011ms
[2024-07-21T22:32:45.070+0800][13.059s][gc,phases   ] GC(211) Concurrent Mark Free 0.001ms
[2024-07-21T22:32:45.071+0800][13.060s][gc,phases   ] GC(211) Concurrent Process Non-Strong References 1.313ms
[2024-07-21T22:32:45.071+0800][13.060s][gc,phases   ] GC(211) Concurrent Reset Relocation Set 0.001ms
[2024-07-21T22:32:45.074+0800][13.063s][gc          ] Allocation Stall (main) 10.395ms
[2024-07-21T22:32:45.074+0800][13.063s][gc,phases   ] GC(211) Concurrent Select Relocation Set 3.018ms
[2024-07-21T22:32:45.075+0800][13.063s][gc,phases   ] GC(211) Pause Relocate Start 0.011ms
[2024-07-21T22:32:45.075+0800][13.064s][gc,phases   ] GC(211) Concurrent Relocate 0.112ms
[2024-07-21T22:32:45.075+0800][13.064s][gc,load     ] GC(211) Load: 0.00/0.00/0.00
[2024-07-21T22:32:45.075+0800][13.064s][gc,mmu      ] GC(211) MMU: 2ms/96.5%, 5ms/98.4%, 10ms/99.2%, 20ms/99.5%, 50ms/99.8%, 100ms/99.9%
[2024-07-21T22:32:45.075+0800][13.064s][gc,marking  ] GC(211) Mark: 1 stripe(s), 1 proactive flush(es), 1 terminate flush(es), 0 completion(s), 0 continuation(s) 
[2024-07-21T22:32:45.075+0800][13.064s][gc,marking  ] GC(211) Mark Stack Usage: 32M
[2024-07-21T22:32:45.075+0800][13.064s][gc,nmethod  ] GC(211) NMethods: 462 registered, 0 unregistered
[2024-07-21T22:32:45.075+0800][13.064s][gc,metaspace] GC(211) Metaspace: 1M used, 1M committed, 1032M reserved
[2024-07-21T22:32:45.075+0800][13.064s][gc,ref      ] GC(211) Soft: 43 encountered, 20 discovered, 0 enqueued
[2024-07-21T22:32:45.075+0800][13.064s][gc,ref      ] GC(211) Weak: 131 encountered, 107 discovered, 0 enqueued
[2024-07-21T22:32:45.075+0800][13.064s][gc,ref      ] GC(211) Final: 0 encountered, 0 discovered, 0 enqueued
[2024-07-21T22:32:45.075+0800][13.064s][gc,ref      ] GC(211) Phantom: 184 encountered, 98 discovered, 0 enqueued
[2024-07-21T22:32:45.075+0800][13.064s][gc,reloc    ] GC(211) Small Pages: 4 / 8M, Empty: 2M, Relocated: 0M, In-Place: 0
[2024-07-21T22:32:45.075+0800][13.064s][gc,reloc    ] GC(211) Medium Pages: 1 / 4M, Empty: 0M, Relocated: 0M, In-Place: 0
[2024-07-21T22:32:45.075+0800][13.064s][gc,reloc    ] GC(211) Large Pages: 58 / 116M, Empty: 80M, Relocated: 0M, In-Place: 0
[2024-07-21T22:32:45.075+0800][13.064s][gc,reloc    ] GC(211) Forwarding Usage: 0M
[2024-07-21T22:32:45.075+0800][13.064s][gc,heap     ] GC(211) Min Capacity: 8M(6%)
[2024-07-21T22:32:45.075+0800][13.064s][gc,heap     ] GC(211) Max Capacity: 128M(100%)
[2024-07-21T22:32:45.075+0800][13.064s][gc,heap     ] GC(211) Soft Max Capacity: 128M(100%)
[2024-07-21T22:32:45.075+0800][13.064s][gc,heap     ] GC(211)                Mark Start          Mark End        Relocate Start      Relocate End           High               Low         
[2024-07-21T22:32:45.075+0800][13.064s][gc,heap     ] GC(211)  Capacity:      128M (100%)        128M (100%)        128M (100%)        128M (100%)        128M (100%)        128M (100%)   
[2024-07-21T22:32:45.075+0800][13.064s][gc,heap     ] GC(211)      Free:        0M (0%)            0M (0%)           80M (62%)          78M (61%)          82M (64%)           0M (0%)     
[2024-07-21T22:32:45.075+0800][13.064s][gc,heap     ] GC(211)      Used:      128M (100%)        128M (100%)         48M (38%)          50M (39%)         128M (100%)         46M (36%)    
[2024-07-21T22:32:45.075+0800][13.064s][gc,heap     ] GC(211)      Live:         -                40M (32%)          40M (32%)          40M (32%)            -                  -          
[2024-07-21T22:32:45.075+0800][13.064s][gc,heap     ] GC(211) Allocated:         -                 0M (0%)            2M (2%)            4M (3%)             -                  -          
[2024-07-21T22:32:45.075+0800][13.064s][gc,heap     ] GC(211)   Garbage:         -                87M (68%)           5M (4%)            5M (4%)             -                  -          
[2024-07-21T22:32:45.075+0800][13.064s][gc,heap     ] GC(211) Reclaimed:         -                  -                82M (64%)          82M (64%)            -                  -          
[2024-07-21T22:32:45.075+0800][13.064s][gc          ] GC(211) Garbage Collection (Allocation Stall) 128M(100%)->50M(39%)
[2024-07-21T22:32:45.078+0800][13.066s][gc,start    ] GC(212) Garbage Collection (Allocation Rate)
[2024-07-21T22:32:45.078+0800][13.067s][gc,task     ] GC(212) Using 1 workers
[2024-07-21T22:32:45.078+0800][13.067s][gc,phases   ] GC(212) Pause Mark Start 0.007ms
[2024-07-21T22:32:45.083+0800][13.071s][gc,phases   ] GC(212) Concurrent Mark 4.421ms
[2024-07-21T22:32:45.083+0800][13.072s][gc,phases   ] GC(212) Pause Mark End 0.010ms
[2024-07-21T22:32:45.083+0800][13.072s][gc,phases   ] GC(212) Concurrent Mark Free 0.001ms
[2024-07-21T22:32:45.084+0800][13.073s][gc,phases   ] GC(212) Concurrent Process Non-Strong References 1.219ms
[2024-07-21T22:32:45.084+0800][13.073s][gc,phases   ] GC(212) Concurrent Reset Relocation Set 0.002ms
[2024-07-21T22:32:45.087+0800][13.076s][gc,phases   ] GC(212) Concurrent Select Relocation Set 3.028ms
[2024-07-21T22:32:45.087+0800][13.076s][gc,phases   ] GC(212) Pause Relocate Start 0.007ms
[2024-07-21T22:32:45.088+0800][13.077s][gc,phases   ] GC(212) Concurrent Relocate 0.784ms
[2024-07-21T22:32:45.088+0800][13.077s][gc,load     ] GC(212) Load: 0.00/0.00/0.00
[2024-07-21T22:32:45.088+0800][13.077s][gc,mmu      ] GC(212) MMU: 2ms/96.5%, 5ms/98.4%, 10ms/99.2%, 20ms/99.5%, 50ms/99.8%, 100ms/99.9%
[2024-07-21T22:32:45.088+0800][13.077s][gc,marking  ] GC(212) Mark: 1 stripe(s), 1 proactive flush(es), 1 terminate flush(es), 0 completion(s), 0 continuation(s) 
[2024-07-21T22:32:45.088+0800][13.077s][gc,marking  ] GC(212) Mark Stack Usage: 32M
[2024-07-21T22:32:45.088+0800][13.077s][gc,nmethod  ] GC(212) NMethods: 462 registered, 0 unregistered
[2024-07-21T22:32:45.088+0800][13.077s][gc,metaspace] GC(212) Metaspace: 1M used, 1M committed, 1032M reserved
[2024-07-21T22:32:45.088+0800][13.077s][gc,ref      ] GC(212) Soft: 43 encountered, 0 discovered, 0 enqueued
[2024-07-21T22:32:45.088+0800][13.077s][gc,ref      ] GC(212) Weak: 131 encountered, 107 discovered, 0 enqueued
[2024-07-21T22:32:45.088+0800][13.077s][gc,ref      ] GC(212) Final: 0 encountered, 0 discovered, 0 enqueued
[2024-07-21T22:32:45.088+0800][13.077s][gc,ref      ] GC(212) Phantom: 184 encountered, 98 discovered, 0 enqueued
[2024-07-21T22:32:45.088+0800][13.077s][gc,reloc    ] GC(212) Small Pages: 4 / 8M, Empty: 0M, Relocated: 1M, In-Place: 0
[2024-07-21T22:32:45.088+0800][13.077s][gc,reloc    ] GC(212) Medium Pages: 1 / 4M, Empty: 0M, Relocated: 0M, In-Place: 0
[2024-07-21T22:32:45.088+0800][13.077s][gc,reloc    ] GC(212) Large Pages: 20 / 40M, Empty: 40M, Relocated: 0M, In-Place: 0
[2024-07-21T22:32:45.088+0800][13.077s][gc,reloc    ] GC(212) Forwarding Usage: 0M
[2024-07-21T22:32:45.088+0800][13.077s][gc,heap     ] GC(212) Min Capacity: 8M(6%)
[2024-07-21T22:32:45.089+0800][13.077s][gc,heap     ] GC(212) Max Capacity: 128M(100%)
[2024-07-21T22:32:45.089+0800][13.077s][gc,heap     ] GC(212) Soft Max Capacity: 128M(100%)
[2024-07-21T22:32:45.089+0800][13.077s][gc,heap     ] GC(212)                Mark Start          Mark End        Relocate Start      Relocate End           High               Low         
[2024-07-21T22:32:45.089+0800][13.077s][gc,heap     ] GC(212)  Capacity:      128M (100%)        128M (100%)        128M (100%)        128M (100%)        128M (100%)        128M (100%)   
[2024-07-21T22:32:45.089+0800][13.077s][gc,heap     ] GC(212)      Free:       76M (59%)          76M (59%)         116M (91%)         118M (92%)         118M (92%)          76M (59%)    
[2024-07-21T22:32:45.089+0800][13.077s][gc,heap     ] GC(212)      Used:       52M (41%)          52M (41%)          12M (9%)           10M (8%)           52M (41%)          10M (8%)     
[2024-07-21T22:32:45.089+0800][13.077s][gc,heap     ] GC(212)      Live:         -                 4M (4%)            4M (4%)            4M (4%)             -                  -          
[2024-07-21T22:32:45.089+0800][13.077s][gc,heap     ] GC(212) Allocated:         -                 0M (0%)            0M (0%)            0M (0%)             -                  -          
[2024-07-21T22:32:45.089+0800][13.077s][gc,heap     ] GC(212)   Garbage:         -                47M (37%)           7M (6%)            5M (4%)             -                  -          
[2024-07-21T22:32:45.089+0800][13.077s][gc,heap     ] GC(212) Reclaimed:         -                  -                40M (31%)          42M (33%)            -                  -          
[2024-07-21T22:32:45.089+0800][13.078s][gc          ] GC(212) Garbage Collection (Allocation Rate) 52M(41%)->10M(8%)
[2024-07-21T22:32:45.172+0800][13.160s][gc,start    ] GC(213) Garbage Collection (Allocation Rate)
[2024-07-21T22:32:45.172+0800][13.160s][gc,task     ] GC(213) Using 1 workers
[2024-07-21T22:32:45.172+0800][13.160s][gc,phases   ] GC(213) Pause Mark Start 0.006ms
[2024-07-21T22:32:45.175+0800][13.164s][gc,phases   ] GC(213) Concurrent Mark 3.747ms
[2024-07-21T22:32:45.175+0800][13.164s][gc,phases   ] GC(213) Pause Mark End 0.008ms
[2024-07-21T22:32:45.175+0800][13.164s][gc,phases   ] GC(213) Concurrent Mark Free 0.000ms
[2024-07-21T22:32:45.176+0800][13.165s][gc,phases   ] GC(213) Concurrent Process Non-Strong References 1.062ms
[2024-07-21T22:32:45.177+0800][13.165s][gc,phases   ] GC(213) Concurrent Reset Relocation Set 0.001ms
[2024-07-21T22:32:45.178+0800][13.167s][gc          ] Allocation Stall (main) 6.123ms
[2024-07-21T22:32:45.178+0800][13.167s][gc,phases   ] GC(213) Concurrent Select Relocation Set 1.840ms
[2024-07-21T22:32:45.179+0800][13.167s][gc,phases   ] GC(213) Pause Relocate Start 0.005ms
[2024-07-21T22:32:45.179+0800][13.167s][gc,phases   ] GC(213) Concurrent Relocate 0.074ms
[2024-07-21T22:32:45.179+0800][13.167s][gc,load     ] GC(213) Load: 0.00/0.00/0.00
[2024-07-21T22:32:45.179+0800][13.168s][gc,mmu      ] GC(213) MMU: 2ms/96.5%, 5ms/98.4%, 10ms/99.2%, 20ms/99.5%, 50ms/99.8%, 100ms/99.9%
[2024-07-21T22:32:45.179+0800][13.168s][gc,marking  ] GC(213) Mark: 1 stripe(s), 2 proactive flush(es), 1 terminate flush(es), 0 completion(s), 0 continuation(s) 
[2024-07-21T22:32:45.179+0800][13.168s][gc,marking  ] GC(213) Mark Stack Usage: 32M
[2024-07-21T22:32:45.179+0800][13.168s][gc,nmethod  ] GC(213) NMethods: 462 registered, 0 unregistered
[2024-07-21T22:32:45.179+0800][13.168s][gc,metaspace] GC(213) Metaspace: 1M used, 1M committed, 1032M reserved
[2024-07-21T22:32:45.179+0800][13.168s][gc,ref      ] GC(213) Soft: 43 encountered, 0 discovered, 0 enqueued
[2024-07-21T22:32:45.179+0800][13.168s][gc,ref      ] GC(213) Weak: 131 encountered, 107 discovered, 0 enqueued
[2024-07-21T22:32:45.179+0800][13.168s][gc,ref      ] GC(213) Final: 0 encountered, 0 discovered, 0 enqueued
[2024-07-21T22:32:45.179+0800][13.168s][gc,ref      ] GC(213) Phantom: 184 encountered, 98 discovered, 0 enqueued
[2024-07-21T22:32:45.179+0800][13.168s][gc,reloc    ] GC(213) Small Pages: 4 / 8M, Empty: 2M, Relocated: 0M, In-Place: 0
[2024-07-21T22:32:45.179+0800][13.168s][gc,reloc    ] GC(213) Medium Pages: 1 / 4M, Empty: 0M, Relocated: 0M, In-Place: 0
[2024-07-21T22:32:45.179+0800][13.168s][gc,reloc    ] GC(213) Large Pages: 53 / 106M, Empty: 80M, Relocated: 0M, In-Place: 0
[2024-07-21T22:32:45.179+0800][13.168s][gc,reloc    ] GC(213) Forwarding Usage: 0M
[2024-07-21T22:32:45.179+0800][13.168s][gc,heap     ] GC(213) Min Capacity: 8M(6%)
[2024-07-21T22:32:45.179+0800][13.168s][gc,heap     ] GC(213) Max Capacity: 128M(100%)
[2024-07-21T22:32:45.179+0800][13.168s][gc,heap     ] GC(213) Soft Max Capacity: 128M(100%)
[2024-07-21T22:32:45.179+0800][13.168s][gc,heap     ] GC(213)                Mark Start          Mark End        Relocate Start      Relocate End           High               Low         
[2024-07-21T22:32:45.179+0800][13.168s][gc,heap     ] GC(213)  Capacity:      128M (100%)        128M (100%)        128M (100%)        128M (100%)        128M (100%)        128M (100%)   
[2024-07-21T22:32:45.179+0800][13.168s][gc,heap     ] GC(213)      Free:       10M (8%)            0M (0%)           80M (62%)          80M (62%)          82M (64%)           0M (0%)     
[2024-07-21T22:32:45.179+0800][13.168s][gc,heap     ] GC(213)      Used:      118M (92%)         128M (100%)         48M (38%)          48M (38%)         128M (100%)         46M (36%)    
[2024-07-21T22:32:45.179+0800][13.168s][gc,heap     ] GC(213)      Live:         -                30M (24%)          30M (24%)          30M (24%)            -                  -          
[2024-07-21T22:32:45.179+0800][13.168s][gc,heap     ] GC(213) Allocated:         -                10M (8%)           12M (9%)           12M (9%)             -                  -          
[2024-07-21T22:32:45.179+0800][13.168s][gc,heap     ] GC(213)   Garbage:         -                87M (68%)           5M (4%)            5M (4%)             -                  -          
[2024-07-21T22:32:45.179+0800][13.168s][gc,heap     ] GC(213) Reclaimed:         -                  -                82M (64%)          82M (64%)            -                  -          
[2024-07-21T22:32:45.179+0800][13.168s][gc          ] GC(213) Garbage Collection (Allocation Rate) 118M(92%)->48M(38%)
[2024-07-21T22:32:45.252+0800][13.241s][gc,start    ] GC(214) Garbage Collection (Allocation Stall)
[2024-07-21T22:32:45.253+0800][13.242s][gc,ref      ] GC(214) Clearing All SoftReferences
[2024-07-21T22:32:45.253+0800][13.242s][gc,task     ] GC(214) Using 1 workers
[2024-07-21T22:32:45.253+0800][13.242s][gc,phases   ] GC(214) Pause Mark Start 0.039ms
[2024-07-21T22:32:45.257+0800][13.246s][gc,phases   ] GC(214) Concurrent Mark 4.097ms
[2024-07-21T22:32:45.258+0800][13.246s][gc,phases   ] GC(214) Pause Mark End 0.009ms
[2024-07-21T22:32:45.258+0800][13.247s][gc,phases   ] GC(214) Concurrent Mark Free 0.001ms
[2024-07-21T22:32:45.259+0800][13.248s][gc,phases   ] GC(214) Concurrent Process Non-Strong References 1.343ms
[2024-07-21T22:32:45.259+0800][13.248s][gc,phases   ] GC(214) Concurrent Reset Relocation Set 0.001ms
[2024-07-21T22:32:45.262+0800][13.250s][gc          ] Allocation Stall (main) 9.183ms
[2024-07-21T22:32:45.262+0800][13.250s][gc,phases   ] GC(214) Concurrent Select Relocation Set 2.414ms
[2024-07-21T22:32:45.262+0800][13.251s][gc,phases   ] GC(214) Pause Relocate Start 0.007ms
[2024-07-21T22:32:45.262+0800][13.251s][gc,phases   ] GC(214) Concurrent Relocate 0.076ms
[2024-07-21T22:32:45.262+0800][13.251s][gc,load     ] GC(214) Load: 0.00/0.00/0.00
[2024-07-21T22:32:45.262+0800][13.251s][gc,mmu      ] GC(214) MMU: 2ms/96.5%, 5ms/98.4%, 10ms/99.2%, 20ms/99.5%, 50ms/99.8%, 100ms/99.9%
[2024-07-21T22:32:45.262+0800][13.251s][gc,marking  ] GC(214) Mark: 1 stripe(s), 1 proactive flush(es), 1 terminate flush(es), 0 completion(s), 0 continuation(s) 
[2024-07-21T22:32:45.262+0800][13.251s][gc,marking  ] GC(214) Mark Stack Usage: 32M
[2024-07-21T22:32:45.262+0800][13.251s][gc,nmethod  ] GC(214) NMethods: 462 registered, 0 unregistered
[2024-07-21T22:32:45.262+0800][13.251s][gc,metaspace] GC(214) Metaspace: 1M used, 1M committed, 1032M reserved
[2024-07-21T22:32:45.262+0800][13.251s][gc,ref      ] GC(214) Soft: 43 encountered, 20 discovered, 0 enqueued
[2024-07-21T22:32:45.262+0800][13.251s][gc,ref      ] GC(214) Weak: 131 encountered, 107 discovered, 0 enqueued
[2024-07-21T22:32:45.262+0800][13.251s][gc,ref      ] GC(214) Final: 0 encountered, 0 discovered, 0 enqueued
[2024-07-21T22:32:45.262+0800][13.251s][gc,ref      ] GC(214) Phantom: 184 encountered, 98 discovered, 0 enqueued
[2024-07-21T22:32:45.262+0800][13.251s][gc,reloc    ] GC(214) Small Pages: 4 / 8M, Empty: 2M, Relocated: 0M, In-Place: 0
[2024-07-21T22:32:45.262+0800][13.251s][gc,reloc    ] GC(214) Medium Pages: 1 / 4M, Empty: 0M, Relocated: 0M, In-Place: 0
[2024-07-21T22:32:45.262+0800][13.251s][gc,reloc    ] GC(214) Large Pages: 58 / 116M, Empty: 80M, Relocated: 0M, In-Place: 0
[2024-07-21T22:32:45.262+0800][13.251s][gc,reloc    ] GC(214) Forwarding Usage: 0M
[2024-07-21T22:32:45.262+0800][13.251s][gc,heap     ] GC(214) Min Capacity: 8M(6%)
[2024-07-21T22:32:45.262+0800][13.251s][gc,heap     ] GC(214) Max Capacity: 128M(100%)
[2024-07-21T22:32:45.262+0800][13.251s][gc,heap     ] GC(214) Soft Max Capacity: 128M(100%)
[2024-07-21T22:32:45.262+0800][13.251s][gc,heap     ] GC(214)                Mark Start          Mark End        Relocate Start      Relocate End           High               Low         
[2024-07-21T22:32:45.262+0800][13.251s][gc,heap     ] GC(214)  Capacity:      128M (100%)        128M (100%)        128M (100%)        128M (100%)        128M (100%)        128M (100%)   
[2024-07-21T22:32:45.262+0800][13.251s][gc,heap     ] GC(214)      Free:        0M (0%)            0M (0%)           80M (62%)          80M (62%)          82M (64%)           0M (0%)     
[2024-07-21T22:32:45.262+0800][13.251s][gc,heap     ] GC(214)      Used:      128M (100%)        128M (100%)         48M (38%)          48M (38%)         128M (100%)         46M (36%)    
[2024-07-21T22:32:45.262+0800][13.251s][gc,heap     ] GC(214)      Live:         -                40M (32%)          40M (32%)          40M (32%)            -                  -          
[2024-07-21T22:32:45.262+0800][13.251s][gc,heap     ] GC(214) Allocated:         -                 0M (0%)            2M (2%)            2M (2%)             -                  -          
[2024-07-21T22:32:45.262+0800][13.251s][gc,heap     ] GC(214)   Garbage:         -                87M (68%)           5M (4%)            5M (4%)             -                  -          
[2024-07-21T22:32:45.262+0800][13.251s][gc,heap     ] GC(214) Reclaimed:         -                  -                82M (64%)          82M (64%)            -                  -          
[2024-07-21T22:32:45.262+0800][13.251s][gc          ] GC(214) Garbage Collection (Allocation Stall) 128M(100%)->48M(38%)
[2024-07-21T22:32:45.267+0800][13.255s][gc,start    ] GC(215) Garbage Collection (Allocation Rate)
[2024-07-21T22:32:45.267+0800][13.256s][gc,task     ] GC(215) Using 1 workers
[2024-07-21T22:32:45.267+0800][13.256s][gc,phases   ] GC(215) Pause Mark Start 0.008ms
[2024-07-21T22:32:45.271+0800][13.260s][gc,phases   ] GC(215) Concurrent Mark 4.525ms
[2024-07-21T22:32:45.272+0800][13.261s][gc,phases   ] GC(215) Pause Mark End 0.010ms
[2024-07-21T22:32:45.272+0800][13.261s][gc,phases   ] GC(215) Concurrent Mark Free 0.001ms
[2024-07-21T22:32:45.274+0800][13.262s][gc,phases   ] GC(215) Concurrent Process Non-Strong References 1.776ms
[2024-07-21T22:32:45.274+0800][13.262s][gc,phases   ] GC(215) Concurrent Reset Relocation Set 0.000ms
[2024-07-21T22:32:45.276+0800][13.265s][gc,phases   ] GC(215) Concurrent Select Relocation Set 2.235ms
[2024-07-21T22:32:45.276+0800][13.265s][gc,phases   ] GC(215) Pause Relocate Start 0.015ms
[2024-07-21T22:32:45.277+0800][13.266s][gc,phases   ] GC(215) Concurrent Relocate 0.571ms
[2024-07-21T22:32:45.277+0800][13.266s][gc,load     ] GC(215) Load: 0.00/0.00/0.00
[2024-07-21T22:32:45.277+0800][13.266s][gc,mmu      ] GC(215) MMU: 2ms/96.5%, 5ms/98.4%, 10ms/99.2%, 20ms/99.5%, 50ms/99.8%, 100ms/99.9%
[2024-07-21T22:32:45.277+0800][13.266s][gc,marking  ] GC(215) Mark: 1 stripe(s), 1 proactive flush(es), 1 terminate flush(es), 0 completion(s), 0 continuation(s) 
[2024-07-21T22:32:45.277+0800][13.266s][gc,marking  ] GC(215) Mark Stack Usage: 32M
[2024-07-21T22:32:45.277+0800][13.266s][gc,nmethod  ] GC(215) NMethods: 462 registered, 0 unregistered
[2024-07-21T22:32:45.277+0800][13.266s][gc,metaspace] GC(215) Metaspace: 1M used, 1M committed, 1032M reserved
[2024-07-21T22:32:45.277+0800][13.266s][gc,ref      ] GC(215) Soft: 43 encountered, 0 discovered, 0 enqueued
[2024-07-21T22:32:45.277+0800][13.266s][gc,ref      ] GC(215) Weak: 131 encountered, 107 discovered, 0 enqueued
[2024-07-21T22:32:45.277+0800][13.266s][gc,ref      ] GC(215) Final: 0 encountered, 0 discovered, 0 enqueued
[2024-07-21T22:32:45.277+0800][13.266s][gc,ref      ] GC(215) Phantom: 184 encountered, 98 discovered, 0 enqueued
[2024-07-21T22:32:45.277+0800][13.266s][gc,reloc    ] GC(215) Small Pages: 4 / 8M, Empty: 0M, Relocated: 1M, In-Place: 0
[2024-07-21T22:32:45.277+0800][13.266s][gc,reloc    ] GC(215) Medium Pages: 1 / 4M, Empty: 0M, Relocated: 0M, In-Place: 0
[2024-07-21T22:32:45.277+0800][13.266s][gc,reloc    ] GC(215) Large Pages: 20 / 40M, Empty: 40M, Relocated: 0M, In-Place: 0
[2024-07-21T22:32:45.277+0800][13.266s][gc,reloc    ] GC(215) Forwarding Usage: 0M
[2024-07-21T22:32:45.277+0800][13.266s][gc,heap     ] GC(215) Min Capacity: 8M(6%)
[2024-07-21T22:32:45.277+0800][13.266s][gc,heap     ] GC(215) Max Capacity: 128M(100%)
[2024-07-21T22:32:45.277+0800][13.266s][gc,heap     ] GC(215) Soft Max Capacity: 128M(100%)
[2024-07-21T22:32:45.277+0800][13.266s][gc,heap     ] GC(215)                Mark Start          Mark End        Relocate Start      Relocate End           High               Low         
[2024-07-21T22:32:45.277+0800][13.266s][gc,heap     ] GC(215)  Capacity:      128M (100%)        128M (100%)        128M (100%)        128M (100%)        128M (100%)        128M (100%)   
[2024-07-21T22:32:45.277+0800][13.266s][gc,heap     ] GC(215)      Free:       76M (59%)          76M (59%)         116M (91%)         118M (92%)         118M (92%)          76M (59%)    
[2024-07-21T22:32:45.277+0800][13.266s][gc,heap     ] GC(215)      Used:       52M (41%)          52M (41%)          12M (9%)           10M (8%)           52M (41%)          10M (8%)     
[2024-07-21T22:32:45.277+0800][13.266s][gc,heap     ] GC(215)      Live:         -                 4M (4%)            4M (4%)            4M (4%)             -                  -          
[2024-07-21T22:32:45.277+0800][13.266s][gc,heap     ] GC(215) Allocated:         -                 0M (0%)            0M (0%)            0M (0%)             -                  -          
[2024-07-21T22:32:45.277+0800][13.266s][gc,heap     ] GC(215)   Garbage:         -                47M (37%)           7M (6%)            5M (4%)             -                  -          
[2024-07-21T22:32:45.277+0800][13.266s][gc,heap     ] GC(215) Reclaimed:         -                  -                40M (31%)          42M (33%)            -                  -          
[2024-07-21T22:32:45.277+0800][13.266s][gc          ] GC(215) Garbage Collection (Allocation Rate) 52M(41%)->10M(8%)
[2024-07-21T22:32:45.363+0800][13.352s][gc,start    ] GC(216) Garbage Collection (Allocation Stall)
[2024-07-21T22:32:45.363+0800][13.352s][gc,ref      ] GC(216) Clearing All SoftReferences
[2024-07-21T22:32:45.363+0800][13.352s][gc,task     ] GC(216) Using 1 workers
[2024-07-21T22:32:45.363+0800][13.352s][gc,phases   ] GC(216) Pause Mark Start 0.006ms
[2024-07-21T22:32:45.367+0800][13.356s][gc,phases   ] GC(216) Concurrent Mark 3.505ms
[2024-07-21T22:32:45.367+0800][13.356s][gc,phases   ] GC(216) Pause Mark End 0.006ms
[2024-07-21T22:32:45.367+0800][13.356s][gc,phases   ] GC(216) Concurrent Mark Free 0.001ms
[2024-07-21T22:32:45.368+0800][13.357s][gc,phases   ] GC(216) Concurrent Process Non-Strong References 1.031ms
[2024-07-21T22:32:45.368+0800][13.357s][gc,phases   ] GC(216) Concurrent Reset Relocation Set 0.002ms
[2024-07-21T22:32:45.370+0800][13.359s][gc          ] Allocation Stall (main) 7.103ms
[2024-07-21T22:32:45.370+0800][13.359s][gc,phases   ] GC(216) Concurrent Select Relocation Set 1.811ms
[2024-07-21T22:32:45.371+0800][13.359s][gc,phases   ] GC(216) Pause Relocate Start 0.004ms
[2024-07-21T22:32:45.371+0800][13.359s][gc,phases   ] GC(216) Concurrent Relocate 0.104ms
[2024-07-21T22:32:45.371+0800][13.359s][gc,load     ] GC(216) Load: 0.00/0.00/0.00
[2024-07-21T22:32:45.371+0800][13.360s][gc,mmu      ] GC(216) MMU: 2ms/96.5%, 5ms/98.4%, 10ms/99.2%, 20ms/99.5%, 50ms/99.8%, 100ms/99.9%
[2024-07-21T22:32:45.371+0800][13.360s][gc,marking  ] GC(216) Mark: 1 stripe(s), 1 proactive flush(es), 1 terminate flush(es), 0 completion(s), 0 continuation(s) 
[2024-07-21T22:32:45.371+0800][13.360s][gc,marking  ] GC(216) Mark Stack Usage: 32M
[2024-07-21T22:32:45.371+0800][13.360s][gc,nmethod  ] GC(216) NMethods: 462 registered, 0 unregistered
[2024-07-21T22:32:45.371+0800][13.360s][gc,metaspace] GC(216) Metaspace: 1M used, 1M committed, 1032M reserved
[2024-07-21T22:32:45.371+0800][13.360s][gc,ref      ] GC(216) Soft: 43 encountered, 20 discovered, 0 enqueued
[2024-07-21T22:32:45.371+0800][13.360s][gc,ref      ] GC(216) Weak: 131 encountered, 107 discovered, 0 enqueued
[2024-07-21T22:32:45.371+0800][13.360s][gc,ref      ] GC(216) Final: 0 encountered, 0 discovered, 0 enqueued
[2024-07-21T22:32:45.371+0800][13.360s][gc,ref      ] GC(216) Phantom: 184 encountered, 98 discovered, 0 enqueued
[2024-07-21T22:32:45.371+0800][13.360s][gc,reloc    ] GC(216) Small Pages: 4 / 8M, Empty: 2M, Relocated: 0M, In-Place: 0
[2024-07-21T22:32:45.371+0800][13.360s][gc,reloc    ] GC(216) Medium Pages: 1 / 4M, Empty: 0M, Relocated: 0M, In-Place: 0
[2024-07-21T22:32:45.371+0800][13.360s][gc,reloc    ] GC(216) Large Pages: 58 / 116M, Empty: 80M, Relocated: 0M, In-Place: 0
[2024-07-21T22:32:45.371+0800][13.360s][gc,reloc    ] GC(216) Forwarding Usage: 0M
[2024-07-21T22:32:45.371+0800][13.360s][gc,heap     ] GC(216) Min Capacity: 8M(6%)
[2024-07-21T22:32:45.371+0800][13.360s][gc,heap     ] GC(216) Max Capacity: 128M(100%)
[2024-07-21T22:32:45.371+0800][13.360s][gc,heap     ] GC(216) Soft Max Capacity: 128M(100%)
[2024-07-21T22:32:45.371+0800][13.360s][gc,heap     ] GC(216)                Mark Start          Mark End        Relocate Start      Relocate End           High               Low         
[2024-07-21T22:32:45.371+0800][13.360s][gc,heap     ] GC(216)  Capacity:      128M (100%)        128M (100%)        128M (100%)        128M (100%)        128M (100%)        128M (100%)   
[2024-07-21T22:32:45.371+0800][13.360s][gc,heap     ] GC(216)      Free:        0M (0%)            0M (0%)           76M (59%)          76M (59%)          82M (64%)           0M (0%)     
[2024-07-21T22:32:45.371+0800][13.360s][gc,heap     ] GC(216)      Used:      128M (100%)        128M (100%)         52M (41%)          52M (41%)         128M (100%)         46M (36%)    
[2024-07-21T22:32:45.371+0800][13.360s][gc,heap     ] GC(216)      Live:         -                40M (32%)          40M (32%)          40M (32%)            -                  -          
[2024-07-21T22:32:45.371+0800][13.360s][gc,heap     ] GC(216) Allocated:         -                 0M (0%)            6M (5%)            6M (5%)             -                  -          
[2024-07-21T22:32:45.371+0800][13.360s][gc,heap     ] GC(216)   Garbage:         -                87M (68%)           5M (4%)            5M (4%)             -                  -          
[2024-07-21T22:32:45.371+0800][13.360s][gc,heap     ] GC(216) Reclaimed:         -                  -                82M (64%)          82M (64%)            -                  -          
[2024-07-21T22:32:45.371+0800][13.360s][gc          ] GC(216) Garbage Collection (Allocation Stall) 128M(100%)->52M(41%)
[2024-07-21T22:32:45.379+0800][13.367s][gc,start    ] GC(217) Garbage Collection (Allocation Rate)
[2024-07-21T22:32:45.379+0800][13.367s][gc,task     ] GC(217) Using 1 workers
[2024-07-21T22:32:45.379+0800][13.367s][gc,phases   ] GC(217) Pause Mark Start 0.007ms
[2024-07-21T22:32:45.381+0800][13.370s][gc,phases   ] GC(217) Concurrent Mark 3.027ms
[2024-07-21T22:32:45.382+0800][13.370s][gc,phases   ] GC(217) Pause Mark End 0.007ms
[2024-07-21T22:32:45.382+0800][13.370s][gc,phases   ] GC(217) Concurrent Mark Free 0.001ms
[2024-07-21T22:32:45.383+0800][13.372s][gc,phases   ] GC(217) Concurrent Process Non-Strong References 1.146ms
[2024-07-21T22:32:45.383+0800][13.372s][gc,phases   ] GC(217) Concurrent Reset Relocation Set 0.000ms
[2024-07-21T22:32:45.385+0800][13.374s][gc,phases   ] GC(217) Concurrent Select Relocation Set 1.865ms
[2024-07-21T22:32:45.385+0800][13.374s][gc,phases   ] GC(217) Pause Relocate Start 0.005ms
[2024-07-21T22:32:45.386+0800][13.374s][gc,phases   ] GC(217) Concurrent Relocate 0.573ms
[2024-07-21T22:32:45.386+0800][13.374s][gc,load     ] GC(217) Load: 0.00/0.00/0.00
[2024-07-21T22:32:45.386+0800][13.374s][gc,mmu      ] GC(217) MMU: 2ms/96.5%, 5ms/98.4%, 10ms/99.2%, 20ms/99.5%, 50ms/99.8%, 100ms/99.9%
[2024-07-21T22:32:45.386+0800][13.374s][gc,marking  ] GC(217) Mark: 1 stripe(s), 1 proactive flush(es), 1 terminate flush(es), 0 completion(s), 0 continuation(s) 
[2024-07-21T22:32:45.386+0800][13.374s][gc,marking  ] GC(217) Mark Stack Usage: 32M
[2024-07-21T22:32:45.386+0800][13.374s][gc,nmethod  ] GC(217) NMethods: 462 registered, 0 unregistered
[2024-07-21T22:32:45.386+0800][13.375s][gc,metaspace] GC(217) Metaspace: 1M used, 1M committed, 1032M reserved
[2024-07-21T22:32:45.386+0800][13.375s][gc,ref      ] GC(217) Soft: 43 encountered, 0 discovered, 0 enqueued
[2024-07-21T22:32:45.386+0800][13.375s][gc,ref      ] GC(217) Weak: 131 encountered, 107 discovered, 0 enqueued
[2024-07-21T22:32:45.386+0800][13.375s][gc,ref      ] GC(217) Final: 0 encountered, 0 discovered, 0 enqueued
[2024-07-21T22:32:45.386+0800][13.375s][gc,ref      ] GC(217) Phantom: 184 encountered, 98 discovered, 0 enqueued
[2024-07-21T22:32:45.386+0800][13.375s][gc,reloc    ] GC(217) Small Pages: 4 / 8M, Empty: 0M, Relocated: 1M, In-Place: 0
[2024-07-21T22:32:45.386+0800][13.375s][gc,reloc    ] GC(217) Medium Pages: 1 / 4M, Empty: 0M, Relocated: 0M, In-Place: 0
[2024-07-21T22:32:45.386+0800][13.375s][gc,reloc    ] GC(217) Large Pages: 20 / 40M, Empty: 40M, Relocated: 0M, In-Place: 0
[2024-07-21T22:32:45.386+0800][13.375s][gc,reloc    ] GC(217) Forwarding Usage: 0M
[2024-07-21T22:32:45.386+0800][13.375s][gc,heap     ] GC(217) Min Capacity: 8M(6%)
[2024-07-21T22:32:45.386+0800][13.375s][gc,heap     ] GC(217) Max Capacity: 128M(100%)
[2024-07-21T22:32:45.386+0800][13.375s][gc,heap     ] GC(217) Soft Max Capacity: 128M(100%)
[2024-07-21T22:32:45.386+0800][13.375s][gc,heap     ] GC(217)                Mark Start          Mark End        Relocate Start      Relocate End           High               Low         
[2024-07-21T22:32:45.386+0800][13.375s][gc,heap     ] GC(217)  Capacity:      128M (100%)        128M (100%)        128M (100%)        128M (100%)        128M (100%)        128M (100%)   
[2024-07-21T22:32:45.386+0800][13.375s][gc,heap     ] GC(217)      Free:       76M (59%)          76M (59%)         116M (91%)         118M (92%)         118M (92%)          76M (59%)    
[2024-07-21T22:32:45.386+0800][13.375s][gc,heap     ] GC(217)      Used:       52M (41%)          52M (41%)          12M (9%)           10M (8%)           52M (41%)          10M (8%)     
[2024-07-21T22:32:45.386+0800][13.375s][gc,heap     ] GC(217)      Live:         -                 4M (4%)            4M (4%)            4M (4%)             -                  -          
[2024-07-21T22:32:45.386+0800][13.375s][gc,heap     ] GC(217) Allocated:         -                 0M (0%)            0M (0%)            0M (0%)             -                  -          
[2024-07-21T22:32:45.386+0800][13.375s][gc,heap     ] GC(217)   Garbage:         -                47M (37%)           7M (6%)            5M (4%)             -                  -          
[2024-07-21T22:32:45.386+0800][13.375s][gc,heap     ] GC(217) Reclaimed:         -                  -                40M (31%)          42M (33%)            -                  -          
[2024-07-21T22:32:45.386+0800][13.375s][gc          ] GC(217) Garbage Collection (Allocation Rate) 52M(41%)->10M(8%)
[2024-07-21T22:32:45.474+0800][13.462s][gc,start    ] GC(218) Garbage Collection (Allocation Rate)
[2024-07-21T22:32:45.474+0800][13.462s][gc,task     ] GC(218) Using 1 workers
[2024-07-21T22:32:45.474+0800][13.462s][gc,phases   ] GC(218) Pause Mark Start 0.012ms
[2024-07-21T22:32:45.479+0800][13.467s][gc,phases   ] GC(218) Concurrent Mark 4.482ms
[2024-07-21T22:32:45.479+0800][13.467s][gc,phases   ] GC(218) Pause Mark End 0.025ms
[2024-07-21T22:32:45.479+0800][13.467s][gc,phases   ] GC(218) Concurrent Mark Free 0.001ms
[2024-07-21T22:32:45.480+0800][13.468s][gc,phases   ] GC(218) Concurrent Process Non-Strong References 1.165ms
[2024-07-21T22:32:45.480+0800][13.468s][gc,phases   ] GC(218) Concurrent Reset Relocation Set 0.003ms
[2024-07-21T22:32:45.484+0800][13.472s][gc,phases   ] GC(218) Concurrent Select Relocation Set 3.688ms
[2024-07-21T22:32:45.484+0800][13.472s][gc          ] Allocation Stall (main) 8.654ms
[2024-07-21T22:32:45.484+0800][13.472s][gc,phases   ] GC(218) Pause Relocate Start 0.009ms
[2024-07-21T22:32:45.484+0800][13.472s][gc,phases   ] GC(218) Concurrent Relocate 0.031ms
[2024-07-21T22:32:45.484+0800][13.473s][gc,load     ] GC(218) Load: 0.00/0.00/0.00
[2024-07-21T22:32:45.484+0800][13.473s][gc,mmu      ] GC(218) MMU: 2ms/96.5%, 5ms/98.4%, 10ms/99.2%, 20ms/99.5%, 50ms/99.8%, 100ms/99.9%
[2024-07-21T22:32:45.484+0800][13.473s][gc,marking  ] GC(218) Mark: 1 stripe(s), 2 proactive flush(es), 1 terminate flush(es), 0 completion(s), 0 continuation(s) 
[2024-07-21T22:32:45.485+0800][13.473s][gc,marking  ] GC(218) Mark Stack Usage: 32M
[2024-07-21T22:32:45.485+0800][13.473s][gc,nmethod  ] GC(218) NMethods: 462 registered, 0 unregistered
[2024-07-21T22:32:45.485+0800][13.473s][gc,metaspace] GC(218) Metaspace: 1M used, 1M committed, 1032M reserved
[2024-07-21T22:32:45.485+0800][13.473s][gc,ref      ] GC(218) Soft: 43 encountered, 0 discovered, 0 enqueued
[2024-07-21T22:32:45.485+0800][13.473s][gc,ref      ] GC(218) Weak: 131 encountered, 107 discovered, 0 enqueued
[2024-07-21T22:32:45.485+0800][13.473s][gc,ref      ] GC(218) Final: 0 encountered, 0 discovered, 0 enqueued
[2024-07-21T22:32:45.485+0800][13.473s][gc,ref      ] GC(218) Phantom: 184 encountered, 98 discovered, 0 enqueued
[2024-07-21T22:32:45.485+0800][13.473s][gc,reloc    ] GC(218) Small Pages: 4 / 8M, Empty: 2M, Relocated: 0M, In-Place: 0
[2024-07-21T22:32:45.485+0800][13.473s][gc,reloc    ] GC(218) Medium Pages: 1 / 4M, Empty: 0M, Relocated: 0M, In-Place: 0
[2024-07-21T22:32:45.485+0800][13.473s][gc,reloc    ] GC(218) Large Pages: 52 / 104M, Empty: 80M, Relocated: 0M, In-Place: 0
[2024-07-21T22:32:45.485+0800][13.473s][gc,reloc    ] GC(218) Forwarding Usage: 0M
[2024-07-21T22:32:45.485+0800][13.473s][gc,heap     ] GC(218) Min Capacity: 8M(6%)
[2024-07-21T22:32:45.485+0800][13.473s][gc,heap     ] GC(218) Max Capacity: 128M(100%)
[2024-07-21T22:32:45.485+0800][13.473s][gc,heap     ] GC(218) Soft Max Capacity: 128M(100%)
[2024-07-21T22:32:45.485+0800][13.473s][gc,heap     ] GC(218)                Mark Start          Mark End        Relocate Start      Relocate End           High               Low         
[2024-07-21T22:32:45.485+0800][13.473s][gc,heap     ] GC(218)  Capacity:      128M (100%)        128M (100%)        128M (100%)        128M (100%)        128M (100%)        128M (100%)   
[2024-07-21T22:32:45.485+0800][13.473s][gc,heap     ] GC(218)      Free:       12M (9%)            0M (0%)           80M (62%)          80M (62%)          82M (64%)           0M (0%)     
[2024-07-21T22:32:45.485+0800][13.473s][gc,heap     ] GC(218)      Used:      116M (91%)         128M (100%)         48M (38%)          48M (38%)         128M (100%)         46M (36%)    
[2024-07-21T22:32:45.485+0800][13.473s][gc,heap     ] GC(218)      Live:         -                28M (22%)          28M (22%)          28M (22%)            -                  -          
[2024-07-21T22:32:45.485+0800][13.473s][gc,heap     ] GC(218) Allocated:         -                12M (9%)           14M (11%)          14M (11%)            -                  -          
[2024-07-21T22:32:45.485+0800][13.473s][gc,heap     ] GC(218)   Garbage:         -                87M (68%)           5M (4%)            5M (4%)             -                  -          
[2024-07-21T22:32:45.485+0800][13.473s][gc,heap     ] GC(218) Reclaimed:         -                  -                82M (64%)          82M (64%)            -                  -          
[2024-07-21T22:32:45.485+0800][13.473s][gc          ] GC(218) Garbage Collection (Allocation Rate) 116M(91%)->48M(38%)
[2024-07-21T22:32:45.555+0800][13.543s][gc,start    ] GC(219) Garbage Collection (Allocation Stall)
[2024-07-21T22:32:45.555+0800][13.543s][gc,ref      ] GC(219) Clearing All SoftReferences
[2024-07-21T22:32:45.555+0800][13.543s][gc,task     ] GC(219) Using 1 workers
[2024-07-21T22:32:45.555+0800][13.543s][gc,phases   ] GC(219) Pause Mark Start 0.006ms
[2024-07-21T22:32:45.558+0800][13.547s][gc,phases   ] GC(219) Concurrent Mark 3.488ms
[2024-07-21T22:32:45.559+0800][13.547s][gc,phases   ] GC(219) Pause Mark End 0.009ms
[2024-07-21T22:32:45.559+0800][13.547s][gc,phases   ] GC(219) Concurrent Mark Free 0.001ms
[2024-07-21T22:32:45.560+0800][13.548s][gc,phases   ] GC(219) Concurrent Process Non-Strong References 1.181ms
[2024-07-21T22:32:45.560+0800][13.548s][gc,phases   ] GC(219) Concurrent Reset Relocation Set 0.000ms
[2024-07-21T22:32:45.562+0800][13.550s][gc          ] Allocation Stall (main) 7.267ms
[2024-07-21T22:32:45.562+0800][13.550s][gc,phases   ] GC(219) Concurrent Select Relocation Set 1.895ms
[2024-07-21T22:32:45.562+0800][13.550s][gc,phases   ] GC(219) Pause Relocate Start 0.005ms
[2024-07-21T22:32:45.562+0800][13.550s][gc,phases   ] GC(219) Concurrent Relocate 0.031ms
[2024-07-21T22:32:45.562+0800][13.550s][gc,load     ] GC(219) Load: 0.00/0.00/0.00
[2024-07-21T22:32:45.562+0800][13.550s][gc,mmu      ] GC(219) MMU: 2ms/96.5%, 5ms/98.4%, 10ms/99.2%, 20ms/99.5%, 50ms/99.8%, 100ms/99.9%
[2024-07-21T22:32:45.562+0800][13.550s][gc,marking  ] GC(219) Mark: 1 stripe(s), 1 proactive flush(es), 1 terminate flush(es), 0 completion(s), 0 continuation(s) 
[2024-07-21T22:32:45.562+0800][13.550s][gc,marking  ] GC(219) Mark Stack Usage: 32M
[2024-07-21T22:32:45.562+0800][13.550s][gc,nmethod  ] GC(219) NMethods: 462 registered, 0 unregistered
[2024-07-21T22:32:45.562+0800][13.550s][gc,metaspace] GC(219) Metaspace: 1M used, 1M committed, 1032M reserved
[2024-07-21T22:32:45.562+0800][13.550s][gc,ref      ] GC(219) Soft: 43 encountered, 20 discovered, 0 enqueued
[2024-07-21T22:32:45.562+0800][13.550s][gc,ref      ] GC(219) Weak: 131 encountered, 107 discovered, 0 enqueued
[2024-07-21T22:32:45.562+0800][13.550s][gc,ref      ] GC(219) Final: 0 encountered, 0 discovered, 0 enqueued
[2024-07-21T22:32:45.562+0800][13.550s][gc,ref      ] GC(219) Phantom: 184 encountered, 98 discovered, 0 enqueued
[2024-07-21T22:32:45.562+0800][13.551s][gc,reloc    ] GC(219) Small Pages: 4 / 8M, Empty: 2M, Relocated: 0M, In-Place: 0
[2024-07-21T22:32:45.562+0800][13.551s][gc,reloc    ] GC(219) Medium Pages: 1 / 4M, Empty: 0M, Relocated: 0M, In-Place: 0
[2024-07-21T22:32:45.562+0800][13.551s][gc,reloc    ] GC(219) Large Pages: 58 / 116M, Empty: 80M, Relocated: 0M, In-Place: 0
[2024-07-21T22:32:45.562+0800][13.551s][gc,reloc    ] GC(219) Forwarding Usage: 0M
[2024-07-21T22:32:45.562+0800][13.551s][gc,heap     ] GC(219) Min Capacity: 8M(6%)
[2024-07-21T22:32:45.562+0800][13.551s][gc,heap     ] GC(219) Max Capacity: 128M(100%)
[2024-07-21T22:32:45.563+0800][13.551s][gc,heap     ] GC(219) Soft Max Capacity: 128M(100%)
[2024-07-21T22:32:45.563+0800][13.551s][gc,heap     ] GC(219)                Mark Start          Mark End        Relocate Start      Relocate End           High               Low         
[2024-07-21T22:32:45.563+0800][13.551s][gc,heap     ] GC(219)  Capacity:      128M (100%)        128M (100%)        128M (100%)        128M (100%)        128M (100%)        128M (100%)   
[2024-07-21T22:32:45.563+0800][13.551s][gc,heap     ] GC(219)      Free:        0M (0%)            0M (0%)           80M (62%)          80M (62%)          82M (64%)           0M (0%)     
[2024-07-21T22:32:45.563+0800][13.551s][gc,heap     ] GC(219)      Used:      128M (100%)        128M (100%)         48M (38%)          48M (38%)         128M (100%)         46M (36%)    
[2024-07-21T22:32:45.563+0800][13.551s][gc,heap     ] GC(219)      Live:         -                40M (32%)          40M (32%)          40M (32%)            -                  -          
[2024-07-21T22:32:45.563+0800][13.551s][gc,heap     ] GC(219) Allocated:         -                 0M (0%)            2M (2%)            2M (2%)             -                  -          
[2024-07-21T22:32:45.563+0800][13.551s][gc,heap     ] GC(219)   Garbage:         -                87M (68%)           5M (4%)            5M (4%)             -                  -          
[2024-07-21T22:32:45.563+0800][13.551s][gc,heap     ] GC(219) Reclaimed:         -                  -                82M (64%)          82M (64%)            -                  -          
[2024-07-21T22:32:45.563+0800][13.551s][gc          ] GC(219) Garbage Collection (Allocation Stall) 128M(100%)->48M(38%)
[2024-07-21T22:32:45.569+0800][13.557s][gc,start    ] GC(220) Garbage Collection (Allocation Rate)
[2024-07-21T22:32:45.569+0800][13.557s][gc,task     ] GC(220) Using 1 workers
[2024-07-21T22:32:45.569+0800][13.557s][gc,phases   ] GC(220) Pause Mark Start 0.006ms
[2024-07-21T22:32:45.572+0800][13.560s][gc,phases   ] GC(220) Concurrent Mark 2.995ms
[2024-07-21T22:32:45.573+0800][13.561s][gc,phases   ] GC(220) Pause Mark End 0.007ms
[2024-07-21T22:32:45.573+0800][13.561s][gc,phases   ] GC(220) Concurrent Mark Free 0.001ms
[2024-07-21T22:32:45.574+0800][13.562s][gc,phases   ] GC(220) Concurrent Process Non-Strong References 1.081ms
[2024-07-21T22:32:45.574+0800][13.562s][gc,phases   ] GC(220) Concurrent Reset Relocation Set 0.000ms
[2024-07-21T22:32:45.576+0800][13.564s][gc,phases   ] GC(220) Concurrent Select Relocation Set 1.786ms
[2024-07-21T22:32:45.576+0800][13.564s][gc,phases   ] GC(220) Pause Relocate Start 0.004ms
[2024-07-21T22:32:45.576+0800][13.565s][gc,phases   ] GC(220) Concurrent Relocate 0.585ms
[2024-07-21T22:32:45.576+0800][13.565s][gc,load     ] GC(220) Load: 0.00/0.00/0.00
[2024-07-21T22:32:45.576+0800][13.565s][gc,mmu      ] GC(220) MMU: 2ms/96.5%, 5ms/98.4%, 10ms/99.2%, 20ms/99.5%, 50ms/99.8%, 100ms/99.9%
[2024-07-21T22:32:45.577+0800][13.565s][gc,marking  ] GC(220) Mark: 1 stripe(s), 1 proactive flush(es), 1 terminate flush(es), 0 completion(s), 0 continuation(s) 
[2024-07-21T22:32:45.577+0800][13.565s][gc,marking  ] GC(220) Mark Stack Usage: 32M
[2024-07-21T22:32:45.577+0800][13.565s][gc,nmethod  ] GC(220) NMethods: 462 registered, 0 unregistered
[2024-07-21T22:32:45.577+0800][13.565s][gc,metaspace] GC(220) Metaspace: 1M used, 1M committed, 1032M reserved
[2024-07-21T22:32:45.577+0800][13.565s][gc,ref      ] GC(220) Soft: 43 encountered, 0 discovered, 0 enqueued
[2024-07-21T22:32:45.577+0800][13.565s][gc,ref      ] GC(220) Weak: 131 encountered, 107 discovered, 0 enqueued
[2024-07-21T22:32:45.577+0800][13.565s][gc,ref      ] GC(220) Final: 0 encountered, 0 discovered, 0 enqueued
[2024-07-21T22:32:45.577+0800][13.565s][gc,ref      ] GC(220) Phantom: 184 encountered, 98 discovered, 0 enqueued
[2024-07-21T22:32:45.577+0800][13.565s][gc,reloc    ] GC(220) Small Pages: 4 / 8M, Empty: 0M, Relocated: 1M, In-Place: 0
[2024-07-21T22:32:45.577+0800][13.565s][gc,reloc    ] GC(220) Medium Pages: 1 / 4M, Empty: 0M, Relocated: 0M, In-Place: 0
[2024-07-21T22:32:45.577+0800][13.565s][gc,reloc    ] GC(220) Large Pages: 20 / 40M, Empty: 40M, Relocated: 0M, In-Place: 0
[2024-07-21T22:32:45.577+0800][13.565s][gc,reloc    ] GC(220) Forwarding Usage: 0M
[2024-07-21T22:32:45.577+0800][13.565s][gc,heap     ] GC(220) Min Capacity: 8M(6%)
[2024-07-21T22:32:45.577+0800][13.565s][gc,heap     ] GC(220) Max Capacity: 128M(100%)
[2024-07-21T22:32:45.577+0800][13.565s][gc,heap     ] GC(220) Soft Max Capacity: 128M(100%)
[2024-07-21T22:32:45.577+0800][13.565s][gc,heap     ] GC(220)                Mark Start          Mark End        Relocate Start      Relocate End           High               Low         
[2024-07-21T22:32:45.577+0800][13.565s][gc,heap     ] GC(220)  Capacity:      128M (100%)        128M (100%)        128M (100%)        128M (100%)        128M (100%)        128M (100%)   
[2024-07-21T22:32:45.577+0800][13.565s][gc,heap     ] GC(220)      Free:       76M (59%)          76M (59%)         116M (91%)         118M (92%)         118M (92%)          76M (59%)    
[2024-07-21T22:32:45.577+0800][13.565s][gc,heap     ] GC(220)      Used:       52M (41%)          52M (41%)          12M (9%)           10M (8%)           52M (41%)          10M (8%)     
[2024-07-21T22:32:45.577+0800][13.565s][gc,heap     ] GC(220)      Live:         -                 4M (4%)            4M (4%)            4M (4%)             -                  -          
[2024-07-21T22:32:45.577+0800][13.565s][gc,heap     ] GC(220) Allocated:         -                 0M (0%)            0M (0%)            0M (0%)             -                  -          
[2024-07-21T22:32:45.577+0800][13.565s][gc,heap     ] GC(220)   Garbage:         -                47M (37%)           7M (6%)            5M (4%)             -                  -          
[2024-07-21T22:32:45.577+0800][13.565s][gc,heap     ] GC(220) Reclaimed:         -                  -                40M (31%)          42M (33%)            -                  -          
[2024-07-21T22:32:45.577+0800][13.565s][gc          ] GC(220) Garbage Collection (Allocation Rate) 52M(41%)->10M(8%)
[2024-07-21T22:32:45.665+0800][13.654s][gc,start    ] GC(221) Garbage Collection (Allocation Stall)
[2024-07-21T22:32:45.665+0800][13.654s][gc,ref      ] GC(221) Clearing All SoftReferences
[2024-07-21T22:32:45.665+0800][13.654s][gc,task     ] GC(221) Using 1 workers
[2024-07-21T22:32:45.666+0800][13.654s][gc,phases   ] GC(221) Pause Mark Start 0.006ms
[2024-07-21T22:32:45.670+0800][13.659s][gc,phases   ] GC(221) Concurrent Mark 4.701ms
[2024-07-21T22:32:45.671+0800][13.659s][gc,phases   ] GC(221) Pause Mark End 0.009ms
[2024-07-21T22:32:45.671+0800][13.659s][gc,phases   ] GC(221) Concurrent Mark Free 0.001ms
[2024-07-21T22:32:45.672+0800][13.660s][gc,phases   ] GC(221) Concurrent Process Non-Strong References 1.124ms
[2024-07-21T22:32:45.672+0800][13.660s][gc,phases   ] GC(221) Concurrent Reset Relocation Set 0.001ms
[2024-07-21T22:32:45.674+0800][13.662s][gc          ] Allocation Stall (main) 8.494ms
[2024-07-21T22:32:45.674+0800][13.662s][gc,phases   ] GC(221) Concurrent Select Relocation Set 1.983ms
[2024-07-21T22:32:45.674+0800][13.663s][gc,phases   ] GC(221) Pause Relocate Start 0.016ms
[2024-07-21T22:32:45.674+0800][13.663s][gc,phases   ] GC(221) Concurrent Relocate 0.059ms
[2024-07-21T22:32:45.674+0800][13.663s][gc,load     ] GC(221) Load: 0.00/0.00/0.00
[2024-07-21T22:32:45.674+0800][13.663s][gc,mmu      ] GC(221) MMU: 2ms/96.5%, 5ms/98.4%, 10ms/99.2%, 20ms/99.5%, 50ms/99.8%, 100ms/99.9%
[2024-07-21T22:32:45.674+0800][13.663s][gc,marking  ] GC(221) Mark: 1 stripe(s), 1 proactive flush(es), 1 terminate flush(es), 0 completion(s), 0 continuation(s) 
[2024-07-21T22:32:45.674+0800][13.663s][gc,marking  ] GC(221) Mark Stack Usage: 32M
[2024-07-21T22:32:45.674+0800][13.663s][gc,nmethod  ] GC(221) NMethods: 463 registered, 0 unregistered
[2024-07-21T22:32:45.674+0800][13.663s][gc,metaspace] GC(221) Metaspace: 1M used, 1M committed, 1032M reserved
[2024-07-21T22:32:45.674+0800][13.663s][gc,ref      ] GC(221) Soft: 43 encountered, 20 discovered, 0 enqueued
[2024-07-21T22:32:45.674+0800][13.663s][gc,ref      ] GC(221) Weak: 131 encountered, 107 discovered, 0 enqueued
[2024-07-21T22:32:45.674+0800][13.663s][gc,ref      ] GC(221) Final: 0 encountered, 0 discovered, 0 enqueued
[2024-07-21T22:32:45.674+0800][13.663s][gc,ref      ] GC(221) Phantom: 184 encountered, 98 discovered, 0 enqueued
[2024-07-21T22:32:45.674+0800][13.663s][gc,reloc    ] GC(221) Small Pages: 4 / 8M, Empty: 2M, Relocated: 0M, In-Place: 0
[2024-07-21T22:32:45.674+0800][13.663s][gc,reloc    ] GC(221) Medium Pages: 1 / 4M, Empty: 0M, Relocated: 0M, In-Place: 0
[2024-07-21T22:32:45.674+0800][13.663s][gc,reloc    ] GC(221) Large Pages: 58 / 116M, Empty: 80M, Relocated: 0M, In-Place: 0
[2024-07-21T22:32:45.674+0800][13.663s][gc,reloc    ] GC(221) Forwarding Usage: 0M
[2024-07-21T22:32:45.674+0800][13.663s][gc,heap     ] GC(221) Min Capacity: 8M(6%)
[2024-07-21T22:32:45.674+0800][13.663s][gc,heap     ] GC(221) Max Capacity: 128M(100%)
[2024-07-21T22:32:45.675+0800][13.663s][gc,heap     ] GC(221) Soft Max Capacity: 128M(100%)
[2024-07-21T22:32:45.675+0800][13.663s][gc,heap     ] GC(221)                Mark Start          Mark End        Relocate Start      Relocate End           High               Low         
[2024-07-21T22:32:45.675+0800][13.663s][gc,heap     ] GC(221)  Capacity:      128M (100%)        128M (100%)        128M (100%)        128M (100%)        128M (100%)        128M (100%)   
[2024-07-21T22:32:45.675+0800][13.663s][gc,heap     ] GC(221)      Free:        0M (0%)            0M (0%)           80M (62%)          80M (62%)          82M (64%)           0M (0%)     
[2024-07-21T22:32:45.675+0800][13.663s][gc,heap     ] GC(221)      Used:      128M (100%)        128M (100%)         48M (38%)          48M (38%)         128M (100%)         46M (36%)    
[2024-07-21T22:32:45.675+0800][13.663s][gc,heap     ] GC(221)      Live:         -                40M (32%)          40M (32%)          40M (32%)            -                  -          
[2024-07-21T22:32:45.675+0800][13.663s][gc,heap     ] GC(221) Allocated:         -                 0M (0%)            2M (2%)            2M (2%)             -                  -          
[2024-07-21T22:32:45.675+0800][13.663s][gc,heap     ] GC(221)   Garbage:         -                87M (68%)           5M (4%)            5M (4%)             -                  -          
[2024-07-21T22:32:45.675+0800][13.663s][gc,heap     ] GC(221) Reclaimed:         -                  -                82M (64%)          82M (64%)            -                  -          
[2024-07-21T22:32:45.675+0800][13.663s][gc          ] GC(221) Garbage Collection (Allocation Stall) 128M(100%)->48M(38%)
[2024-07-21T22:32:45.680+0800][13.668s][gc,start    ] GC(222) Garbage Collection (Allocation Rate)
[2024-07-21T22:32:45.680+0800][13.668s][gc,task     ] GC(222) Using 1 workers
[2024-07-21T22:32:45.680+0800][13.668s][gc,phases   ] GC(222) Pause Mark Start 0.016ms
[2024-07-21T22:32:45.684+0800][13.672s][gc,phases   ] GC(222) Concurrent Mark 3.713ms
[2024-07-21T22:32:45.684+0800][13.672s][gc,phases   ] GC(222) Pause Mark End 0.012ms
[2024-07-21T22:32:45.684+0800][13.672s][gc,phases   ] GC(222) Concurrent Mark Free 0.001ms
[2024-07-21T22:32:45.686+0800][13.674s][gc,phases   ] GC(222) Concurrent Process Non-Strong References 1.597ms
[2024-07-21T22:32:45.686+0800][13.674s][gc,phases   ] GC(222) Concurrent Reset Relocation Set 0.001ms
[2024-07-21T22:32:45.688+0800][13.677s][gc,phases   ] GC(222) Concurrent Select Relocation Set 2.576ms
[2024-07-21T22:32:45.688+0800][13.677s][gc,phases   ] GC(222) Pause Relocate Start 0.013ms
[2024-07-21T22:32:45.689+0800][13.678s][gc,phases   ] GC(222) Concurrent Relocate 0.653ms
[2024-07-21T22:32:45.689+0800][13.678s][gc,load     ] GC(222) Load: 0.00/0.00/0.00
[2024-07-21T22:32:45.689+0800][13.678s][gc,mmu      ] GC(222) MMU: 2ms/96.5%, 5ms/98.4%, 10ms/99.2%, 20ms/99.5%, 50ms/99.8%, 100ms/99.9%
[2024-07-21T22:32:45.689+0800][13.678s][gc,marking  ] GC(222) Mark: 1 stripe(s), 1 proactive flush(es), 1 terminate flush(es), 0 completion(s), 0 continuation(s) 
[2024-07-21T22:32:45.689+0800][13.678s][gc,marking  ] GC(222) Mark Stack Usage: 32M
[2024-07-21T22:32:45.689+0800][13.678s][gc,nmethod  ] GC(222) NMethods: 463 registered, 0 unregistered
[2024-07-21T22:32:45.689+0800][13.678s][gc,metaspace] GC(222) Metaspace: 1M used, 1M committed, 1032M reserved
[2024-07-21T22:32:45.689+0800][13.678s][gc,ref      ] GC(222) Soft: 43 encountered, 0 discovered, 0 enqueued
[2024-07-21T22:32:45.689+0800][13.678s][gc,ref      ] GC(222) Weak: 131 encountered, 107 discovered, 0 enqueued
[2024-07-21T22:32:45.689+0800][13.678s][gc,ref      ] GC(222) Final: 0 encountered, 0 discovered, 0 enqueued
[2024-07-21T22:32:45.689+0800][13.678s][gc,ref      ] GC(222) Phantom: 184 encountered, 98 discovered, 0 enqueued
[2024-07-21T22:32:45.689+0800][13.678s][gc,reloc    ] GC(222) Small Pages: 4 / 8M, Empty: 0M, Relocated: 1M, In-Place: 0
[2024-07-21T22:32:45.689+0800][13.678s][gc,reloc    ] GC(222) Medium Pages: 1 / 4M, Empty: 0M, Relocated: 0M, In-Place: 0
[2024-07-21T22:32:45.689+0800][13.678s][gc,reloc    ] GC(222) Large Pages: 20 / 40M, Empty: 40M, Relocated: 0M, In-Place: 0
[2024-07-21T22:32:45.689+0800][13.678s][gc,reloc    ] GC(222) Forwarding Usage: 0M
[2024-07-21T22:32:45.689+0800][13.678s][gc,heap     ] GC(222) Min Capacity: 8M(6%)
[2024-07-21T22:32:45.689+0800][13.678s][gc,heap     ] GC(222) Max Capacity: 128M(100%)
[2024-07-21T22:32:45.690+0800][13.678s][gc,heap     ] GC(222) Soft Max Capacity: 128M(100%)
[2024-07-21T22:32:45.690+0800][13.678s][gc,heap     ] GC(222)                Mark Start          Mark End        Relocate Start      Relocate End           High               Low         
[2024-07-21T22:32:45.690+0800][13.678s][gc,heap     ] GC(222)  Capacity:      128M (100%)        128M (100%)        128M (100%)        128M (100%)        128M (100%)        128M (100%)   
[2024-07-21T22:32:45.690+0800][13.678s][gc,heap     ] GC(222)      Free:       76M (59%)          76M (59%)         116M (91%)         118M (92%)         118M (92%)          76M (59%)    
[2024-07-21T22:32:45.690+0800][13.678s][gc,heap     ] GC(222)      Used:       52M (41%)          52M (41%)          12M (9%)           10M (8%)           52M (41%)          10M (8%)     
[2024-07-21T22:32:45.690+0800][13.678s][gc,heap     ] GC(222)      Live:         -                 4M (4%)            4M (4%)            4M (4%)             -                  -          
[2024-07-21T22:32:45.690+0800][13.678s][gc,heap     ] GC(222) Allocated:         -                 0M (0%)            0M (0%)            0M (0%)             -                  -          
[2024-07-21T22:32:45.690+0800][13.678s][gc,heap     ] GC(222)   Garbage:         -                47M (37%)           7M (6%)            5M (4%)             -                  -          
[2024-07-21T22:32:45.690+0800][13.678s][gc,heap     ] GC(222) Reclaimed:         -                  -                40M (31%)          42M (33%)            -                  -          
[2024-07-21T22:32:45.690+0800][13.678s][gc          ] GC(222) Garbage Collection (Allocation Rate) 52M(41%)->10M(8%)
[2024-07-21T22:32:45.776+0800][13.764s][gc,start    ] GC(223) Garbage Collection (Allocation Rate)
[2024-07-21T22:32:45.776+0800][13.764s][gc,task     ] GC(223) Using 1 workers
[2024-07-21T22:32:45.776+0800][13.764s][gc,phases   ] GC(223) Pause Mark Start 0.009ms
[2024-07-21T22:32:45.779+0800][13.768s][gc,phases   ] GC(223) Concurrent Mark 3.605ms
[2024-07-21T22:32:45.779+0800][13.768s][gc,phases   ] GC(223) Pause Mark End 0.008ms
[2024-07-21T22:32:45.779+0800][13.768s][gc,phases   ] GC(223) Concurrent Mark Free 0.001ms
[2024-07-21T22:32:45.780+0800][13.769s][gc,phases   ] GC(223) Concurrent Process Non-Strong References 1.079ms
[2024-07-21T22:32:45.781+0800][13.769s][gc,phases   ] GC(223) Concurrent Reset Relocation Set 0.001ms
[2024-07-21T22:32:45.782+0800][13.771s][gc          ] Allocation Stall (main) 5.764ms
[2024-07-21T22:32:45.782+0800][13.771s][gc,phases   ] GC(223) Concurrent Select Relocation Set 1.786ms
[2024-07-21T22:32:45.783+0800][13.771s][gc,phases   ] GC(223) Pause Relocate Start 0.004ms
[2024-07-21T22:32:45.783+0800][13.772s][gc,phases   ] GC(223) Concurrent Relocate 0.113ms
[2024-07-21T22:32:45.783+0800][13.772s][gc,load     ] GC(223) Load: 0.00/0.00/0.00
[2024-07-21T22:32:45.783+0800][13.772s][gc,mmu      ] GC(223) MMU: 2ms/96.5%, 5ms/98.4%, 10ms/99.2%, 20ms/99.5%, 50ms/99.8%, 100ms/99.9%
[2024-07-21T22:32:45.783+0800][13.772s][gc,marking  ] GC(223) Mark: 1 stripe(s), 2 proactive flush(es), 1 terminate flush(es), 0 completion(s), 0 continuation(s) 
[2024-07-21T22:32:45.783+0800][13.772s][gc,marking  ] GC(223) Mark Stack Usage: 32M
[2024-07-21T22:32:45.783+0800][13.772s][gc,nmethod  ] GC(223) NMethods: 463 registered, 0 unregistered
[2024-07-21T22:32:45.783+0800][13.772s][gc,metaspace] GC(223) Metaspace: 1M used, 1M committed, 1032M reserved
[2024-07-21T22:32:45.783+0800][13.772s][gc,ref      ] GC(223) Soft: 43 encountered, 0 discovered, 0 enqueued
[2024-07-21T22:32:45.783+0800][13.772s][gc,ref      ] GC(223) Weak: 131 encountered, 107 discovered, 0 enqueued
[2024-07-21T22:32:45.783+0800][13.772s][gc,ref      ] GC(223) Final: 0 encountered, 0 discovered, 0 enqueued
[2024-07-21T22:32:45.783+0800][13.772s][gc,ref      ] GC(223) Phantom: 184 encountered, 98 discovered, 0 enqueued
[2024-07-21T22:32:45.783+0800][13.772s][gc,reloc    ] GC(223) Small Pages: 4 / 8M, Empty: 2M, Relocated: 0M, In-Place: 0
[2024-07-21T22:32:45.783+0800][13.772s][gc,reloc    ] GC(223) Medium Pages: 1 / 4M, Empty: 0M, Relocated: 0M, In-Place: 0
[2024-07-21T22:32:45.783+0800][13.772s][gc,reloc    ] GC(223) Large Pages: 53 / 106M, Empty: 80M, Relocated: 0M, In-Place: 0
[2024-07-21T22:32:45.783+0800][13.772s][gc,reloc    ] GC(223) Forwarding Usage: 0M
[2024-07-21T22:32:45.783+0800][13.772s][gc,heap     ] GC(223) Min Capacity: 8M(6%)
[2024-07-21T22:32:45.783+0800][13.772s][gc,heap     ] GC(223) Max Capacity: 128M(100%)
[2024-07-21T22:32:45.783+0800][13.772s][gc,heap     ] GC(223) Soft Max Capacity: 128M(100%)
[2024-07-21T22:32:45.783+0800][13.772s][gc,heap     ] GC(223)                Mark Start          Mark End        Relocate Start      Relocate End           High               Low         
[2024-07-21T22:32:45.783+0800][13.772s][gc,heap     ] GC(223)  Capacity:      128M (100%)        128M (100%)        128M (100%)        128M (100%)        128M (100%)        128M (100%)   
[2024-07-21T22:32:45.783+0800][13.772s][gc,heap     ] GC(223)      Free:       10M (8%)            0M (0%)           80M (62%)          76M (59%)          82M (64%)           0M (0%)     
[2024-07-21T22:32:45.783+0800][13.772s][gc,heap     ] GC(223)      Used:      118M (92%)         128M (100%)         48M (38%)          52M (41%)         128M (100%)         46M (36%)    
[2024-07-21T22:32:45.783+0800][13.772s][gc,heap     ] GC(223)      Live:         -                30M (24%)          30M (24%)          30M (24%)            -                  -          
[2024-07-21T22:32:45.783+0800][13.772s][gc,heap     ] GC(223) Allocated:         -                10M (8%)           12M (9%)           16M (12%)            -                  -          
[2024-07-21T22:32:45.783+0800][13.772s][gc,heap     ] GC(223)   Garbage:         -                87M (68%)           5M (4%)            5M (4%)             -                  -          
[2024-07-21T22:32:45.783+0800][13.772s][gc,heap     ] GC(223) Reclaimed:         -                  -                82M (64%)          82M (64%)            -                  -          
[2024-07-21T22:32:45.783+0800][13.772s][gc          ] GC(223) Garbage Collection (Allocation Rate) 118M(92%)->52M(41%)
[2024-07-21T22:32:45.856+0800][13.844s][gc,start    ] GC(224) Garbage Collection (Allocation Stall)
[2024-07-21T22:32:45.856+0800][13.845s][gc,ref      ] GC(224) Clearing All SoftReferences
[2024-07-21T22:32:45.856+0800][13.845s][gc,task     ] GC(224) Using 1 workers
[2024-07-21T22:32:45.856+0800][13.845s][gc,phases   ] GC(224) Pause Mark Start 0.011ms
[2024-07-21T22:32:45.861+0800][13.850s][gc,phases   ] GC(224) Concurrent Mark 4.687ms
[2024-07-21T22:32:45.861+0800][13.850s][gc,phases   ] GC(224) Pause Mark End 0.013ms
[2024-07-21T22:32:45.861+0800][13.850s][gc,phases   ] GC(224) Concurrent Mark Free 0.001ms
[2024-07-21T22:32:45.862+0800][13.851s][gc,phases   ] GC(224) Concurrent Process Non-Strong References 1.289ms
[2024-07-21T22:32:45.862+0800][13.851s][gc,phases   ] GC(224) Concurrent Reset Relocation Set 0.001ms
[2024-07-21T22:32:45.865+0800][13.854s][gc          ] Allocation Stall (main) 9.249ms
[2024-07-21T22:32:45.865+0800][13.854s][gc,phases   ] GC(224) Concurrent Select Relocation Set 2.384ms
[2024-07-21T22:32:45.865+0800][13.854s][gc,phases   ] GC(224) Pause Relocate Start 0.009ms
[2024-07-21T22:32:45.865+0800][13.854s][gc,phases   ] GC(224) Concurrent Relocate 0.030ms
[2024-07-21T22:32:45.865+0800][13.854s][gc,load     ] GC(224) Load: 0.00/0.00/0.00
[2024-07-21T22:32:45.865+0800][13.854s][gc,mmu      ] GC(224) MMU: 2ms/96.5%, 5ms/98.4%, 10ms/99.2%, 20ms/99.5%, 50ms/99.8%, 100ms/99.9%
[2024-07-21T22:32:45.865+0800][13.854s][gc,marking  ] GC(224) Mark: 1 stripe(s), 1 proactive flush(es), 1 terminate flush(es), 0 completion(s), 0 continuation(s) 
[2024-07-21T22:32:45.865+0800][13.854s][gc,marking  ] GC(224) Mark Stack Usage: 32M
[2024-07-21T22:32:45.865+0800][13.854s][gc,nmethod  ] GC(224) NMethods: 463 registered, 0 unregistered
[2024-07-21T22:32:45.865+0800][13.854s][gc,metaspace] GC(224) Metaspace: 1M used, 1M committed, 1032M reserved
[2024-07-21T22:32:45.865+0800][13.854s][gc,ref      ] GC(224) Soft: 43 encountered, 20 discovered, 0 enqueued
[2024-07-21T22:32:45.865+0800][13.854s][gc,ref      ] GC(224) Weak: 131 encountered, 107 discovered, 0 enqueued
[2024-07-21T22:32:45.865+0800][13.854s][gc,ref      ] GC(224) Final: 0 encountered, 0 discovered, 0 enqueued
[2024-07-21T22:32:45.865+0800][13.854s][gc,ref      ] GC(224) Phantom: 184 encountered, 98 discovered, 0 enqueued
[2024-07-21T22:32:45.865+0800][13.854s][gc,reloc    ] GC(224) Small Pages: 4 / 8M, Empty: 2M, Relocated: 0M, In-Place: 0
[2024-07-21T22:32:45.865+0800][13.854s][gc,reloc    ] GC(224) Medium Pages: 1 / 4M, Empty: 0M, Relocated: 0M, In-Place: 0
[2024-07-21T22:32:45.865+0800][13.854s][gc,reloc    ] GC(224) Large Pages: 58 / 116M, Empty: 80M, Relocated: 0M, In-Place: 0
[2024-07-21T22:32:45.865+0800][13.854s][gc,reloc    ] GC(224) Forwarding Usage: 0M
[2024-07-21T22:32:45.865+0800][13.854s][gc,heap     ] GC(224) Min Capacity: 8M(6%)
[2024-07-21T22:32:45.865+0800][13.854s][gc,heap     ] GC(224) Max Capacity: 128M(100%)
[2024-07-21T22:32:45.865+0800][13.854s][gc,heap     ] GC(224) Soft Max Capacity: 128M(100%)
[2024-07-21T22:32:45.865+0800][13.854s][gc,heap     ] GC(224)                Mark Start          Mark End        Relocate Start      Relocate End           High               Low         
[2024-07-21T22:32:45.866+0800][13.854s][gc,heap     ] GC(224)  Capacity:      128M (100%)        128M (100%)        128M (100%)        128M (100%)        128M (100%)        128M (100%)   
[2024-07-21T22:32:45.866+0800][13.854s][gc,heap     ] GC(224)      Free:        0M (0%)            0M (0%)           80M (62%)          80M (62%)          82M (64%)           0M (0%)     
[2024-07-21T22:32:45.866+0800][13.854s][gc,heap     ] GC(224)      Used:      128M (100%)        128M (100%)         48M (38%)          48M (38%)         128M (100%)         46M (36%)    
[2024-07-21T22:32:45.866+0800][13.854s][gc,heap     ] GC(224)      Live:         -                40M (32%)          40M (32%)          40M (32%)            -                  -          
[2024-07-21T22:32:45.866+0800][13.854s][gc,heap     ] GC(224) Allocated:         -                 0M (0%)            2M (2%)            2M (2%)             -                  -          
[2024-07-21T22:32:45.866+0800][13.854s][gc,heap     ] GC(224)   Garbage:         -                87M (68%)           5M (4%)            5M (4%)             -                  -          
[2024-07-21T22:32:45.866+0800][13.855s][gc,heap     ] GC(224) Reclaimed:         -                  -                82M (64%)          82M (64%)            -                  -          
[2024-07-21T22:32:45.866+0800][13.855s][gc          ] GC(224) Garbage Collection (Allocation Stall) 128M(100%)->48M(38%)
[2024-07-21T22:32:45.871+0800][13.860s][gc,start    ] GC(225) Garbage Collection (Allocation Rate)
[2024-07-21T22:32:45.871+0800][13.860s][gc,task     ] GC(225) Using 1 workers
[2024-07-21T22:32:45.871+0800][13.860s][gc,phases   ] GC(225) Pause Mark Start 0.005ms
[2024-07-21T22:32:45.874+0800][13.863s][gc,phases   ] GC(225) Concurrent Mark 3.286ms
[2024-07-21T22:32:45.875+0800][13.863s][gc,phases   ] GC(225) Pause Mark End 0.014ms
[2024-07-21T22:32:45.875+0800][13.864s][gc,phases   ] GC(225) Concurrent Mark Free 0.001ms
[2024-07-21T22:32:45.876+0800][13.865s][gc,phases   ] GC(225) Concurrent Process Non-Strong References 1.356ms
[2024-07-21T22:32:45.876+0800][13.865s][gc,phases   ] GC(225) Concurrent Reset Relocation Set 0.000ms
[2024-07-21T22:32:45.879+0800][13.868s][gc,phases   ] GC(225) Concurrent Select Relocation Set 2.578ms
[2024-07-21T22:32:45.879+0800][13.868s][gc,phases   ] GC(225) Pause Relocate Start 0.048ms
[2024-07-21T22:32:45.880+0800][13.869s][gc,phases   ] GC(225) Concurrent Relocate 1.003ms
[2024-07-21T22:32:45.881+0800][13.869s][gc,load     ] GC(225) Load: 0.00/0.00/0.00
[2024-07-21T22:32:45.881+0800][13.869s][gc,mmu      ] GC(225) MMU: 2ms/96.5%, 5ms/98.4%, 10ms/99.2%, 20ms/99.5%, 50ms/99.8%, 100ms/99.9%
[2024-07-21T22:32:45.881+0800][13.869s][gc,marking  ] GC(225) Mark: 1 stripe(s), 1 proactive flush(es), 1 terminate flush(es), 0 completion(s), 0 continuation(s) 
[2024-07-21T22:32:45.881+0800][13.869s][gc,marking  ] GC(225) Mark Stack Usage: 32M
[2024-07-21T22:32:45.881+0800][13.869s][gc,nmethod  ] GC(225) NMethods: 463 registered, 0 unregistered
[2024-07-21T22:32:45.881+0800][13.869s][gc,metaspace] GC(225) Metaspace: 1M used, 1M committed, 1032M reserved
[2024-07-21T22:32:45.881+0800][13.869s][gc,ref      ] GC(225) Soft: 43 encountered, 0 discovered, 0 enqueued
[2024-07-21T22:32:45.881+0800][13.870s][gc,ref      ] GC(225) Weak: 131 encountered, 107 discovered, 0 enqueued
[2024-07-21T22:32:45.881+0800][13.870s][gc,ref      ] GC(225) Final: 0 encountered, 0 discovered, 0 enqueued
[2024-07-21T22:32:45.881+0800][13.870s][gc,ref      ] GC(225) Phantom: 184 encountered, 98 discovered, 0 enqueued
[2024-07-21T22:32:45.881+0800][13.870s][gc,reloc    ] GC(225) Small Pages: 4 / 8M, Empty: 0M, Relocated: 1M, In-Place: 0
[2024-07-21T22:32:45.881+0800][13.870s][gc,reloc    ] GC(225) Medium Pages: 1 / 4M, Empty: 0M, Relocated: 0M, In-Place: 0
[2024-07-21T22:32:45.881+0800][13.870s][gc,reloc    ] GC(225) Large Pages: 20 / 40M, Empty: 40M, Relocated: 0M, In-Place: 0
[2024-07-21T22:32:45.881+0800][13.870s][gc,reloc    ] GC(225) Forwarding Usage: 0M
[2024-07-21T22:32:45.881+0800][13.870s][gc,heap     ] GC(225) Min Capacity: 8M(6%)
[2024-07-21T22:32:45.881+0800][13.870s][gc,heap     ] GC(225) Max Capacity: 128M(100%)
[2024-07-21T22:32:45.881+0800][13.870s][gc,heap     ] GC(225) Soft Max Capacity: 128M(100%)
[2024-07-21T22:32:45.881+0800][13.870s][gc,heap     ] GC(225)                Mark Start          Mark End        Relocate Start      Relocate End           High               Low         
[2024-07-21T22:32:45.881+0800][13.870s][gc,heap     ] GC(225)  Capacity:      128M (100%)        128M (100%)        128M (100%)        128M (100%)        128M (100%)        128M (100%)   
[2024-07-21T22:32:45.881+0800][13.870s][gc,heap     ] GC(225)      Free:       76M (59%)          76M (59%)         116M (91%)         118M (92%)         118M (92%)          76M (59%)    
[2024-07-21T22:32:45.881+0800][13.870s][gc,heap     ] GC(225)      Used:       52M (41%)          52M (41%)          12M (9%)           10M (8%)           52M (41%)          10M (8%)     
[2024-07-21T22:32:45.881+0800][13.870s][gc,heap     ] GC(225)      Live:         -                 4M (4%)            4M (4%)            4M (4%)             -                  -          
[2024-07-21T22:32:45.881+0800][13.870s][gc,heap     ] GC(225) Allocated:         -                 0M (0%)            0M (0%)            0M (0%)             -                  -          
[2024-07-21T22:32:45.881+0800][13.870s][gc,heap     ] GC(225)   Garbage:         -                47M (37%)           7M (6%)            5M (4%)             -                  -          
[2024-07-21T22:32:45.881+0800][13.870s][gc,heap     ] GC(225) Reclaimed:         -                  -                40M (31%)          42M (33%)            -                  -          
[2024-07-21T22:32:45.881+0800][13.870s][gc          ] GC(225) Garbage Collection (Allocation Rate) 52M(41%)->10M(8%)
[2024-07-21T22:32:45.966+0800][13.955s][gc,start    ] GC(226) Garbage Collection (Allocation Rate)
[2024-07-21T22:32:45.966+0800][13.955s][gc,task     ] GC(226) Using 1 workers
[2024-07-21T22:32:45.966+0800][13.955s][gc,phases   ] GC(226) Pause Mark Start 0.008ms
[2024-07-21T22:32:45.970+0800][13.959s][gc,phases   ] GC(226) Concurrent Mark 3.819ms
[2024-07-21T22:32:45.970+0800][13.959s][gc,phases   ] GC(226) Pause Mark End 0.010ms
[2024-07-21T22:32:45.970+0800][13.959s][gc,phases   ] GC(226) Concurrent Mark Free 0.001ms
[2024-07-21T22:32:45.971+0800][13.960s][gc,phases   ] GC(226) Concurrent Process Non-Strong References 1.071ms
[2024-07-21T22:32:45.971+0800][13.960s][gc,phases   ] GC(226) Concurrent Reset Relocation Set 0.001ms
[2024-07-21T22:32:45.973+0800][13.962s][gc          ] Allocation Stall (main) 5.988ms
[2024-07-21T22:32:45.973+0800][13.962s][gc,phases   ] GC(226) Concurrent Select Relocation Set 1.739ms
[2024-07-21T22:32:45.974+0800][13.962s][gc,phases   ] GC(226) Pause Relocate Start 0.006ms
[2024-07-21T22:32:45.974+0800][13.962s][gc,phases   ] GC(226) Concurrent Relocate 0.076ms
[2024-07-21T22:32:45.974+0800][13.963s][gc,load     ] GC(226) Load: 0.00/0.00/0.00
[2024-07-21T22:32:45.974+0800][13.963s][gc,mmu      ] GC(226) MMU: 2ms/96.5%, 5ms/98.4%, 10ms/99.2%, 20ms/99.5%, 50ms/99.8%, 100ms/99.9%
[2024-07-21T22:32:45.974+0800][13.963s][gc,marking  ] GC(226) Mark: 1 stripe(s), 2 proactive flush(es), 1 terminate flush(es), 0 completion(s), 0 continuation(s) 
[2024-07-21T22:32:45.974+0800][13.963s][gc,marking  ] GC(226) Mark Stack Usage: 32M
[2024-07-21T22:32:45.974+0800][13.963s][gc,nmethod  ] GC(226) NMethods: 464 registered, 0 unregistered
[2024-07-21T22:32:45.974+0800][13.963s][gc,metaspace] GC(226) Metaspace: 1M used, 1M committed, 1032M reserved
[2024-07-21T22:32:45.974+0800][13.963s][gc,ref      ] GC(226) Soft: 43 encountered, 0 discovered, 0 enqueued
[2024-07-21T22:32:45.974+0800][13.963s][gc,ref      ] GC(226) Weak: 131 encountered, 107 discovered, 0 enqueued
[2024-07-21T22:32:45.974+0800][13.963s][gc,ref      ] GC(226) Final: 0 encountered, 0 discovered, 0 enqueued
[2024-07-21T22:32:45.974+0800][13.963s][gc,ref      ] GC(226) Phantom: 184 encountered, 98 discovered, 0 enqueued
[2024-07-21T22:32:45.974+0800][13.963s][gc,reloc    ] GC(226) Small Pages: 4 / 8M, Empty: 2M, Relocated: 0M, In-Place: 0
[2024-07-21T22:32:45.974+0800][13.963s][gc,reloc    ] GC(226) Medium Pages: 1 / 4M, Empty: 0M, Relocated: 0M, In-Place: 0
[2024-07-21T22:32:45.974+0800][13.963s][gc,reloc    ] GC(226) Large Pages: 54 / 108M, Empty: 80M, Relocated: 0M, In-Place: 0
[2024-07-21T22:32:45.974+0800][13.963s][gc,reloc    ] GC(226) Forwarding Usage: 0M
[2024-07-21T22:32:45.974+0800][13.963s][gc,heap     ] GC(226) Min Capacity: 8M(6%)
[2024-07-21T22:32:45.974+0800][13.963s][gc,heap     ] GC(226) Max Capacity: 128M(100%)
[2024-07-21T22:32:45.974+0800][13.963s][gc,heap     ] GC(226) Soft Max Capacity: 128M(100%)
[2024-07-21T22:32:45.974+0800][13.963s][gc,heap     ] GC(226)                Mark Start          Mark End        Relocate Start      Relocate End           High               Low         
[2024-07-21T22:32:45.974+0800][13.963s][gc,heap     ] GC(226)  Capacity:      128M (100%)        128M (100%)        128M (100%)        128M (100%)        128M (100%)        128M (100%)   
[2024-07-21T22:32:45.974+0800][13.963s][gc,heap     ] GC(226)      Free:        8M (6%)            0M (0%)           76M (59%)          76M (59%)          82M (64%)           0M (0%)     
[2024-07-21T22:32:45.974+0800][13.963s][gc,heap     ] GC(226)      Used:      120M (94%)         128M (100%)         52M (41%)          52M (41%)         128M (100%)         46M (36%)    
[2024-07-21T22:32:45.974+0800][13.963s][gc,heap     ] GC(226)      Live:         -                32M (25%)          32M (25%)          32M (25%)            -                  -          
[2024-07-21T22:32:45.974+0800][13.963s][gc,heap     ] GC(226) Allocated:         -                 8M (6%)           14M (11%)          14M (11%)            -                  -          
[2024-07-21T22:32:45.974+0800][13.963s][gc,heap     ] GC(226)   Garbage:         -                87M (68%)           5M (4%)            5M (4%)             -                  -          
[2024-07-21T22:32:45.974+0800][13.963s][gc,heap     ] GC(226) Reclaimed:         -                  -                82M (64%)          82M (64%)            -                  -          
[2024-07-21T22:32:45.974+0800][13.963s][gc          ] GC(226) Garbage Collection (Allocation Rate) 120M(94%)->52M(41%)
[2024-07-21T22:32:46.046+0800][14.035s][gc,start    ] GC(227) Garbage Collection (Allocation Stall)
[2024-07-21T22:32:46.046+0800][14.035s][gc,ref      ] GC(227) Clearing All SoftReferences
[2024-07-21T22:32:46.046+0800][14.035s][gc,task     ] GC(227) Using 1 workers
[2024-07-21T22:32:46.046+0800][14.035s][gc,phases   ] GC(227) Pause Mark Start 0.010ms
[2024-07-21T22:32:46.051+0800][14.039s][gc,phases   ] GC(227) Concurrent Mark 4.500ms
[2024-07-21T22:32:46.051+0800][14.040s][gc,phases   ] GC(227) Pause Mark End 0.022ms
[2024-07-21T22:32:46.051+0800][14.040s][gc,phases   ] GC(227) Concurrent Mark Free 0.001ms
[2024-07-21T22:32:46.053+0800][14.042s][gc,phases   ] GC(227) Concurrent Process Non-Strong References 1.736ms
[2024-07-21T22:32:46.053+0800][14.042s][gc,phases   ] GC(227) Concurrent Reset Relocation Set 0.001ms
[2024-07-21T22:32:46.055+0800][14.044s][gc          ] Allocation Stall (main) 9.615ms
[2024-07-21T22:32:46.055+0800][14.044s][gc,phases   ] GC(227) Concurrent Select Relocation Set 2.243ms
[2024-07-21T22:32:46.056+0800][14.044s][gc,phases   ] GC(227) Pause Relocate Start 0.011ms
[2024-07-21T22:32:46.056+0800][14.045s][gc,phases   ] GC(227) Concurrent Relocate 0.108ms
[2024-07-21T22:32:46.056+0800][14.045s][gc,load     ] GC(227) Load: 0.00/0.00/0.00
[2024-07-21T22:32:46.056+0800][14.045s][gc,mmu      ] GC(227) MMU: 2ms/96.5%, 5ms/98.4%, 10ms/99.2%, 20ms/99.5%, 50ms/99.8%, 100ms/99.9%
[2024-07-21T22:32:46.056+0800][14.045s][gc,marking  ] GC(227) Mark: 1 stripe(s), 1 proactive flush(es), 1 terminate flush(es), 0 completion(s), 0 continuation(s) 
[2024-07-21T22:32:46.056+0800][14.045s][gc,marking  ] GC(227) Mark Stack Usage: 32M
[2024-07-21T22:32:46.056+0800][14.045s][gc,nmethod  ] GC(227) NMethods: 464 registered, 0 unregistered
[2024-07-21T22:32:46.056+0800][14.045s][gc,metaspace] GC(227) Metaspace: 1M used, 1M committed, 1032M reserved
[2024-07-21T22:32:46.056+0800][14.045s][gc,ref      ] GC(227) Soft: 43 encountered, 20 discovered, 0 enqueued
[2024-07-21T22:32:46.056+0800][14.045s][gc,ref      ] GC(227) Weak: 131 encountered, 107 discovered, 0 enqueued
[2024-07-21T22:32:46.056+0800][14.045s][gc,ref      ] GC(227) Final: 0 encountered, 0 discovered, 0 enqueued
[2024-07-21T22:32:46.056+0800][14.045s][gc,ref      ] GC(227) Phantom: 184 encountered, 98 discovered, 0 enqueued
[2024-07-21T22:32:46.056+0800][14.045s][gc,reloc    ] GC(227) Small Pages: 4 / 8M, Empty: 2M, Relocated: 0M, In-Place: 0
[2024-07-21T22:32:46.056+0800][14.045s][gc,reloc    ] GC(227) Medium Pages: 1 / 4M, Empty: 0M, Relocated: 0M, In-Place: 0
[2024-07-21T22:32:46.056+0800][14.045s][gc,reloc    ] GC(227) Large Pages: 58 / 116M, Empty: 80M, Relocated: 0M, In-Place: 0
[2024-07-21T22:32:46.056+0800][14.045s][gc,reloc    ] GC(227) Forwarding Usage: 0M
[2024-07-21T22:32:46.056+0800][14.045s][gc,heap     ] GC(227) Min Capacity: 8M(6%)
[2024-07-21T22:32:46.056+0800][14.045s][gc,heap     ] GC(227) Max Capacity: 128M(100%)
[2024-07-21T22:32:46.056+0800][14.045s][gc,heap     ] GC(227) Soft Max Capacity: 128M(100%)
[2024-07-21T22:32:46.056+0800][14.045s][gc,heap     ] GC(227)                Mark Start          Mark End        Relocate Start      Relocate End           High               Low         
[2024-07-21T22:32:46.056+0800][14.045s][gc,heap     ] GC(227)  Capacity:      128M (100%)        128M (100%)        128M (100%)        128M (100%)        128M (100%)        128M (100%)   
[2024-07-21T22:32:46.056+0800][14.045s][gc,heap     ] GC(227)      Free:        0M (0%)            0M (0%)           80M (62%)          80M (62%)          82M (64%)           0M (0%)     
[2024-07-21T22:32:46.056+0800][14.045s][gc,heap     ] GC(227)      Used:      128M (100%)        128M (100%)         48M (38%)          48M (38%)         128M (100%)         46M (36%)    
[2024-07-21T22:32:46.056+0800][14.045s][gc,heap     ] GC(227)      Live:         -                40M (32%)          40M (32%)          40M (32%)            -                  -          
[2024-07-21T22:32:46.056+0800][14.045s][gc,heap     ] GC(227) Allocated:         -                 0M (0%)            2M (2%)            2M (2%)             -                  -          
[2024-07-21T22:32:46.056+0800][14.045s][gc,heap     ] GC(227)   Garbage:         -                87M (68%)           5M (4%)            5M (4%)             -                  -          
[2024-07-21T22:32:46.056+0800][14.045s][gc,heap     ] GC(227) Reclaimed:         -                  -                82M (64%)          82M (64%)            -                  -          
[2024-07-21T22:32:46.056+0800][14.045s][gc          ] GC(227) Garbage Collection (Allocation Stall) 128M(100%)->48M(38%)
[2024-07-21T22:32:46.077+0800][14.065s][gc,start    ] GC(228) Garbage Collection (Allocation Rate)
[2024-07-21T22:32:46.077+0800][14.065s][gc,task     ] GC(228) Using 1 workers
[2024-07-21T22:32:46.077+0800][14.065s][gc,phases   ] GC(228) Pause Mark Start 0.015ms
[2024-07-21T22:32:46.081+0800][14.069s][gc,phases   ] GC(228) Concurrent Mark 4.022ms
[2024-07-21T22:32:46.081+0800][14.070s][gc,phases   ] GC(228) Pause Mark End 0.013ms
[2024-07-21T22:32:46.081+0800][14.070s][gc,phases   ] GC(228) Concurrent Mark Free 0.001ms
[2024-07-21T22:32:46.082+0800][14.071s][gc,phases   ] GC(228) Concurrent Process Non-Strong References 1.202ms
[2024-07-21T22:32:46.082+0800][14.071s][gc,phases   ] GC(228) Concurrent Reset Relocation Set 0.001ms
[2024-07-21T22:32:46.085+0800][14.074s][gc,phases   ] GC(228) Concurrent Select Relocation Set 2.954ms
[2024-07-21T22:32:46.086+0800][14.074s][gc,phases   ] GC(228) Pause Relocate Start 0.064ms
[2024-07-21T22:32:46.086+0800][14.075s][gc,phases   ] GC(228) Concurrent Relocate 0.099ms
[2024-07-21T22:32:46.086+0800][14.075s][gc,load     ] GC(228) Load: 0.00/0.00/0.00
[2024-07-21T22:32:46.086+0800][14.075s][gc,mmu      ] GC(228) MMU: 2ms/96.5%, 5ms/98.4%, 10ms/99.1%, 20ms/99.5%, 50ms/99.7%, 100ms/99.9%
[2024-07-21T22:32:46.086+0800][14.075s][gc,marking  ] GC(228) Mark: 1 stripe(s), 2 proactive flush(es), 1 terminate flush(es), 0 completion(s), 0 continuation(s) 
[2024-07-21T22:32:46.086+0800][14.075s][gc,marking  ] GC(228) Mark Stack Usage: 32M
[2024-07-21T22:32:46.086+0800][14.075s][gc,nmethod  ] GC(228) NMethods: 464 registered, 0 unregistered
[2024-07-21T22:32:46.086+0800][14.075s][gc,metaspace] GC(228) Metaspace: 1M used, 1M committed, 1032M reserved
[2024-07-21T22:32:46.086+0800][14.075s][gc,ref      ] GC(228) Soft: 43 encountered, 0 discovered, 0 enqueued
[2024-07-21T22:32:46.086+0800][14.075s][gc,ref      ] GC(228) Weak: 131 encountered, 107 discovered, 0 enqueued
[2024-07-21T22:32:46.086+0800][14.075s][gc,ref      ] GC(228) Final: 0 encountered, 0 discovered, 0 enqueued
[2024-07-21T22:32:46.086+0800][14.075s][gc,ref      ] GC(228) Phantom: 184 encountered, 98 discovered, 0 enqueued
[2024-07-21T22:32:46.086+0800][14.075s][gc,reloc    ] GC(228) Small Pages: 4 / 8M, Empty: 2M, Relocated: 0M, In-Place: 0
[2024-07-21T22:32:46.086+0800][14.075s][gc,reloc    ] GC(228) Medium Pages: 1 / 4M, Empty: 0M, Relocated: 0M, In-Place: 0
[2024-07-21T22:32:46.086+0800][14.075s][gc,reloc    ] GC(228) Large Pages: 22 / 44M, Empty: 40M, Relocated: 0M, In-Place: 0
[2024-07-21T22:32:46.086+0800][14.075s][gc,reloc    ] GC(228) Forwarding Usage: 0M
[2024-07-21T22:32:46.086+0800][14.075s][gc,heap     ] GC(228) Min Capacity: 8M(6%)
[2024-07-21T22:32:46.086+0800][14.075s][gc,heap     ] GC(228) Max Capacity: 128M(100%)
[2024-07-21T22:32:46.086+0800][14.075s][gc,heap     ] GC(228) Soft Max Capacity: 128M(100%)
[2024-07-21T22:32:46.086+0800][14.075s][gc,heap     ] GC(228)                Mark Start          Mark End        Relocate Start      Relocate End           High               Low         
[2024-07-21T22:32:46.086+0800][14.075s][gc,heap     ] GC(228)  Capacity:      128M (100%)        128M (100%)        128M (100%)        128M (100%)        128M (100%)        128M (100%)   
[2024-07-21T22:32:46.086+0800][14.075s][gc,heap     ] GC(228)      Free:       72M (56%)          54M (42%)          96M (75%)          96M (75%)          96M (75%)          54M (42%)    
[2024-07-21T22:32:46.086+0800][14.075s][gc,heap     ] GC(228)      Used:       56M (44%)          74M (58%)          32M (25%)          32M (25%)          74M (58%)          32M (25%)    
[2024-07-21T22:32:46.086+0800][14.075s][gc,heap     ] GC(228)      Live:         -                 8M (7%)            8M (7%)            8M (7%)             -                  -          
[2024-07-21T22:32:46.086+0800][14.075s][gc,heap     ] GC(228) Allocated:         -                18M (14%)          18M (14%)          18M (14%)            -                  -          
[2024-07-21T22:32:46.086+0800][14.075s][gc,heap     ] GC(228)   Garbage:         -                47M (37%)           5M (4%)            5M (4%)             -                  -          
[2024-07-21T22:32:46.086+0800][14.075s][gc,heap     ] GC(228) Reclaimed:         -                  -                42M (33%)          42M (33%)            -                  -          
[2024-07-21T22:32:46.086+0800][14.075s][gc          ] GC(228) Garbage Collection (Allocation Rate) 56M(44%)->32M(25%)
[2024-07-21T22:32:46.157+0800][14.146s][gc,start    ] GC(229) Garbage Collection (Allocation Stall)
[2024-07-21T22:32:46.157+0800][14.146s][gc,ref      ] GC(229) Clearing All SoftReferences
[2024-07-21T22:32:46.157+0800][14.146s][gc,task     ] GC(229) Using 1 workers
[2024-07-21T22:32:46.157+0800][14.146s][gc,phases   ] GC(229) Pause Mark Start 0.006ms
[2024-07-21T22:32:46.161+0800][14.150s][gc,phases   ] GC(229) Concurrent Mark 3.412ms
[2024-07-21T22:32:46.161+0800][14.150s][gc,phases   ] GC(229) Pause Mark End 0.014ms
[2024-07-21T22:32:46.161+0800][14.150s][gc,phases   ] GC(229) Concurrent Mark Free 0.001ms
[2024-07-21T22:32:46.162+0800][14.151s][gc,phases   ] GC(229) Concurrent Process Non-Strong References 1.130ms
[2024-07-21T22:32:46.162+0800][14.151s][gc,phases   ] GC(229) Concurrent Reset Relocation Set 0.000ms
[2024-07-21T22:32:46.164+0800][14.153s][gc          ] Allocation Stall (main) 7.140ms
[2024-07-21T22:32:46.164+0800][14.153s][gc,phases   ] GC(229) Concurrent Select Relocation Set 1.946ms
[2024-07-21T22:32:46.164+0800][14.153s][gc,phases   ] GC(229) Pause Relocate Start 0.005ms
[2024-07-21T22:32:46.165+0800][14.153s][gc,phases   ] GC(229) Concurrent Relocate 0.113ms
[2024-07-21T22:32:46.165+0800][14.154s][gc,load     ] GC(229) Load: 0.00/0.00/0.00
[2024-07-21T22:32:46.165+0800][14.154s][gc,mmu      ] GC(229) MMU: 2ms/96.5%, 5ms/98.4%, 10ms/99.1%, 20ms/99.5%, 50ms/99.7%, 100ms/99.9%
[2024-07-21T22:32:46.165+0800][14.154s][gc,marking  ] GC(229) Mark: 1 stripe(s), 1 proactive flush(es), 1 terminate flush(es), 0 completion(s), 0 continuation(s) 
[2024-07-21T22:32:46.165+0800][14.154s][gc,marking  ] GC(229) Mark Stack Usage: 32M
[2024-07-21T22:32:46.165+0800][14.154s][gc,nmethod  ] GC(229) NMethods: 464 registered, 0 unregistered
[2024-07-21T22:32:46.165+0800][14.154s][gc,metaspace] GC(229) Metaspace: 1M used, 1M committed, 1032M reserved
[2024-07-21T22:32:46.165+0800][14.154s][gc,ref      ] GC(229) Soft: 43 encountered, 20 discovered, 0 enqueued
[2024-07-21T22:32:46.165+0800][14.154s][gc,ref      ] GC(229) Weak: 131 encountered, 107 discovered, 0 enqueued
[2024-07-21T22:32:46.165+0800][14.154s][gc,ref      ] GC(229) Final: 0 encountered, 0 discovered, 0 enqueued
[2024-07-21T22:32:46.165+0800][14.154s][gc,ref      ] GC(229) Phantom: 184 encountered, 98 discovered, 0 enqueued
[2024-07-21T22:32:46.165+0800][14.154s][gc,reloc    ] GC(229) Small Pages: 4 / 8M, Empty: 2M, Relocated: 0M, In-Place: 0
[2024-07-21T22:32:46.165+0800][14.154s][gc,reloc    ] GC(229) Medium Pages: 1 / 4M, Empty: 0M, Relocated: 0M, In-Place: 0
[2024-07-21T22:32:46.165+0800][14.154s][gc,reloc    ] GC(229) Large Pages: 58 / 116M, Empty: 80M, Relocated: 0M, In-Place: 0
[2024-07-21T22:32:46.165+0800][14.154s][gc,reloc    ] GC(229) Forwarding Usage: 0M
[2024-07-21T22:32:46.165+0800][14.154s][gc,heap     ] GC(229) Min Capacity: 8M(6%)
[2024-07-21T22:32:46.165+0800][14.154s][gc,heap     ] GC(229) Max Capacity: 128M(100%)
[2024-07-21T22:32:46.165+0800][14.154s][gc,heap     ] GC(229) Soft Max Capacity: 128M(100%)
[2024-07-21T22:32:46.165+0800][14.154s][gc,heap     ] GC(229)                Mark Start          Mark End        Relocate Start      Relocate End           High               Low         
[2024-07-21T22:32:46.165+0800][14.154s][gc,heap     ] GC(229)  Capacity:      128M (100%)        128M (100%)        128M (100%)        128M (100%)        128M (100%)        128M (100%)   
[2024-07-21T22:32:46.165+0800][14.154s][gc,heap     ] GC(229)      Free:        0M (0%)            0M (0%)           80M (62%)          76M (59%)          82M (64%)           0M (0%)     
[2024-07-21T22:32:46.165+0800][14.154s][gc,heap     ] GC(229)      Used:      128M (100%)        128M (100%)         48M (38%)          52M (41%)         128M (100%)         46M (36%)    
[2024-07-21T22:32:46.165+0800][14.154s][gc,heap     ] GC(229)      Live:         -                40M (32%)          40M (32%)          40M (32%)            -                  -          
[2024-07-21T22:32:46.165+0800][14.154s][gc,heap     ] GC(229) Allocated:         -                 0M (0%)            2M (2%)            6M (5%)             -                  -          
[2024-07-21T22:32:46.165+0800][14.154s][gc,heap     ] GC(229)   Garbage:         -                87M (68%)           5M (4%)            5M (4%)             -                  -          
[2024-07-21T22:32:46.165+0800][14.154s][gc,heap     ] GC(229) Reclaimed:         -                  -                82M (64%)          82M (64%)            -                  -          
[2024-07-21T22:32:46.165+0800][14.154s][gc          ] GC(229) Garbage Collection (Allocation Stall) 128M(100%)->52M(41%)
[2024-07-21T22:32:46.173+0800][14.161s][gc,start    ] GC(230) Garbage Collection (Allocation Rate)
[2024-07-21T22:32:46.173+0800][14.161s][gc,task     ] GC(230) Using 1 workers
[2024-07-21T22:32:46.173+0800][14.161s][gc,phases   ] GC(230) Pause Mark Start 0.005ms
[2024-07-21T22:32:46.175+0800][14.164s][gc,phases   ] GC(230) Concurrent Mark 3.282ms
[2024-07-21T22:32:46.176+0800][14.164s][gc,phases   ] GC(230) Pause Mark End 0.006ms
[2024-07-21T22:32:46.176+0800][14.165s][gc,phases   ] GC(230) Concurrent Mark Free 0.001ms
[2024-07-21T22:32:46.177+0800][14.166s][gc,phases   ] GC(230) Concurrent Process Non-Strong References 1.079ms
[2024-07-21T22:32:46.177+0800][14.166s][gc,phases   ] GC(230) Concurrent Reset Relocation Set 0.000ms
[2024-07-21T22:32:46.179+0800][14.167s][gc,phases   ] GC(230) Concurrent Select Relocation Set 1.756ms
[2024-07-21T22:32:46.179+0800][14.168s][gc,phases   ] GC(230) Pause Relocate Start 0.004ms
[2024-07-21T22:32:46.179+0800][14.168s][gc,phases   ] GC(230) Concurrent Relocate 0.545ms
[2024-07-21T22:32:46.180+0800][14.168s][gc,load     ] GC(230) Load: 0.00/0.00/0.00
[2024-07-21T22:32:46.180+0800][14.168s][gc,mmu      ] GC(230) MMU: 2ms/96.5%, 5ms/98.4%, 10ms/99.1%, 20ms/99.5%, 50ms/99.7%, 100ms/99.9%
[2024-07-21T22:32:46.180+0800][14.168s][gc,marking  ] GC(230) Mark: 1 stripe(s), 1 proactive flush(es), 1 terminate flush(es), 0 completion(s), 0 continuation(s) 
[2024-07-21T22:32:46.180+0800][14.168s][gc,marking  ] GC(230) Mark Stack Usage: 32M
[2024-07-21T22:32:46.180+0800][14.168s][gc,nmethod  ] GC(230) NMethods: 464 registered, 0 unregistered
[2024-07-21T22:32:46.180+0800][14.168s][gc,metaspace] GC(230) Metaspace: 1M used, 1M committed, 1032M reserved
[2024-07-21T22:32:46.180+0800][14.168s][gc,ref      ] GC(230) Soft: 43 encountered, 0 discovered, 0 enqueued
[2024-07-21T22:32:46.180+0800][14.168s][gc,ref      ] GC(230) Weak: 131 encountered, 107 discovered, 0 enqueued
[2024-07-21T22:32:46.180+0800][14.168s][gc,ref      ] GC(230) Final: 0 encountered, 0 discovered, 0 enqueued
[2024-07-21T22:32:46.180+0800][14.168s][gc,ref      ] GC(230) Phantom: 184 encountered, 98 discovered, 0 enqueued
[2024-07-21T22:32:46.180+0800][14.168s][gc,reloc    ] GC(230) Small Pages: 4 / 8M, Empty: 0M, Relocated: 1M, In-Place: 0
[2024-07-21T22:32:46.180+0800][14.169s][gc,reloc    ] GC(230) Medium Pages: 1 / 4M, Empty: 0M, Relocated: 0M, In-Place: 0
[2024-07-21T22:32:46.180+0800][14.169s][gc,reloc    ] GC(230) Large Pages: 20 / 40M, Empty: 40M, Relocated: 0M, In-Place: 0
[2024-07-21T22:32:46.180+0800][14.169s][gc,reloc    ] GC(230) Forwarding Usage: 0M
[2024-07-21T22:32:46.180+0800][14.169s][gc,heap     ] GC(230) Min Capacity: 8M(6%)
[2024-07-21T22:32:46.180+0800][14.169s][gc,heap     ] GC(230) Max Capacity: 128M(100%)
[2024-07-21T22:32:46.180+0800][14.169s][gc,heap     ] GC(230) Soft Max Capacity: 128M(100%)
[2024-07-21T22:32:46.180+0800][14.169s][gc,heap     ] GC(230)                Mark Start          Mark End        Relocate Start      Relocate End           High               Low         
[2024-07-21T22:32:46.180+0800][14.169s][gc,heap     ] GC(230)  Capacity:      128M (100%)        128M (100%)        128M (100%)        128M (100%)        128M (100%)        128M (100%)   
[2024-07-21T22:32:46.180+0800][14.169s][gc,heap     ] GC(230)      Free:       76M (59%)          76M (59%)         116M (91%)         118M (92%)         118M (92%)          76M (59%)    
[2024-07-21T22:32:46.180+0800][14.169s][gc,heap     ] GC(230)      Used:       52M (41%)          52M (41%)          12M (9%)           10M (8%)           52M (41%)          10M (8%)     
[2024-07-21T22:32:46.180+0800][14.169s][gc,heap     ] GC(230)      Live:         -                 4M (4%)            4M (4%)            4M (4%)             -                  -          
[2024-07-21T22:32:46.180+0800][14.169s][gc,heap     ] GC(230) Allocated:         -                 0M (0%)            0M (0%)            0M (0%)             -                  -          
[2024-07-21T22:32:46.180+0800][14.169s][gc,heap     ] GC(230)   Garbage:         -                47M (37%)           7M (6%)            5M (4%)             -                  -          
[2024-07-21T22:32:46.180+0800][14.169s][gc,heap     ] GC(230) Reclaimed:         -                  -                40M (31%)          42M (33%)            -                  -          
[2024-07-21T22:32:46.180+0800][14.169s][gc          ] GC(230) Garbage Collection (Allocation Rate) 52M(41%)->10M(8%)
[2024-07-21T22:32:46.267+0800][14.256s][gc,start    ] GC(231) Garbage Collection (Allocation Rate)
[2024-07-21T22:32:46.267+0800][14.256s][gc,task     ] GC(231) Using 1 workers
[2024-07-21T22:32:46.267+0800][14.256s][gc,phases   ] GC(231) Pause Mark Start 0.032ms
[2024-07-21T22:32:46.273+0800][14.262s][gc,phases   ] GC(231) Concurrent Mark 5.386ms
[2024-07-21T22:32:46.273+0800][14.262s][gc,phases   ] GC(231) Pause Mark End 0.019ms
[2024-07-21T22:32:46.273+0800][14.262s][gc,phases   ] GC(231) Concurrent Mark Free 0.001ms
[2024-07-21T22:32:46.275+0800][14.263s][gc,phases   ] GC(231) Concurrent Process Non-Strong References 1.224ms
[2024-07-21T22:32:46.275+0800][14.263s][gc,phases   ] GC(231) Concurrent Reset Relocation Set 0.001ms
[2024-07-21T22:32:46.277+0800][14.266s][gc          ] Allocation Stall (main) 7.153ms
[2024-07-21T22:32:46.277+0800][14.266s][gc,phases   ] GC(231) Concurrent Select Relocation Set 2.247ms
[2024-07-21T22:32:46.277+0800][14.266s][gc,phases   ] GC(231) Pause Relocate Start 0.007ms
[2024-07-21T22:32:46.277+0800][14.266s][gc,phases   ] GC(231) Concurrent Relocate 0.108ms
[2024-07-21T22:32:46.277+0800][14.266s][gc,load     ] GC(231) Load: 0.00/0.00/0.00
[2024-07-21T22:32:46.277+0800][14.266s][gc,mmu      ] GC(231) MMU: 2ms/96.5%, 5ms/98.4%, 10ms/99.1%, 20ms/99.5%, 50ms/99.7%, 100ms/99.9%
[2024-07-21T22:32:46.277+0800][14.266s][gc,marking  ] GC(231) Mark: 1 stripe(s), 2 proactive flush(es), 1 terminate flush(es), 0 completion(s), 0 continuation(s) 
[2024-07-21T22:32:46.277+0800][14.266s][gc,marking  ] GC(231) Mark Stack Usage: 32M
[2024-07-21T22:32:46.277+0800][14.266s][gc,nmethod  ] GC(231) NMethods: 464 registered, 0 unregistered
[2024-07-21T22:32:46.277+0800][14.266s][gc,metaspace] GC(231) Metaspace: 1M used, 1M committed, 1032M reserved
[2024-07-21T22:32:46.277+0800][14.266s][gc,ref      ] GC(231) Soft: 43 encountered, 0 discovered, 0 enqueued
[2024-07-21T22:32:46.277+0800][14.266s][gc,ref      ] GC(231) Weak: 131 encountered, 107 discovered, 0 enqueued
[2024-07-21T22:32:46.277+0800][14.266s][gc,ref      ] GC(231) Final: 0 encountered, 0 discovered, 0 enqueued
[2024-07-21T22:32:46.277+0800][14.266s][gc,ref      ] GC(231) Phantom: 184 encountered, 98 discovered, 0 enqueued
[2024-07-21T22:32:46.277+0800][14.266s][gc,reloc    ] GC(231) Small Pages: 4 / 8M, Empty: 2M, Relocated: 0M, In-Place: 0
[2024-07-21T22:32:46.277+0800][14.266s][gc,reloc    ] GC(231) Medium Pages: 1 / 4M, Empty: 0M, Relocated: 0M, In-Place: 0
[2024-07-21T22:32:46.277+0800][14.266s][gc,reloc    ] GC(231) Large Pages: 52 / 104M, Empty: 80M, Relocated: 0M, In-Place: 0
[2024-07-21T22:32:46.278+0800][14.266s][gc,reloc    ] GC(231) Forwarding Usage: 0M
[2024-07-21T22:32:46.278+0800][14.266s][gc,heap     ] GC(231) Min Capacity: 8M(6%)
[2024-07-21T22:32:46.278+0800][14.266s][gc,heap     ] GC(231) Max Capacity: 128M(100%)
[2024-07-21T22:32:46.278+0800][14.266s][gc,heap     ] GC(231) Soft Max Capacity: 128M(100%)
[2024-07-21T22:32:46.278+0800][14.266s][gc,heap     ] GC(231)                Mark Start          Mark End        Relocate Start      Relocate End           High               Low         
[2024-07-21T22:32:46.278+0800][14.266s][gc,heap     ] GC(231)  Capacity:      128M (100%)        128M (100%)        128M (100%)        128M (100%)        128M (100%)        128M (100%)   
[2024-07-21T22:32:46.278+0800][14.267s][gc,heap     ] GC(231)      Free:       12M (9%)            0M (0%)           80M (62%)          76M (59%)          82M (64%)           0M (0%)     
[2024-07-21T22:32:46.278+0800][14.267s][gc,heap     ] GC(231)      Used:      116M (91%)         128M (100%)         48M (38%)          52M (41%)         128M (100%)         46M (36%)    
[2024-07-21T22:32:46.278+0800][14.267s][gc,heap     ] GC(231)      Live:         -                28M (22%)          28M (22%)          28M (22%)            -                  -          
[2024-07-21T22:32:46.278+0800][14.267s][gc,heap     ] GC(231) Allocated:         -                12M (9%)           14M (11%)          18M (14%)            -                  -          
[2024-07-21T22:32:46.278+0800][14.267s][gc,heap     ] GC(231)   Garbage:         -                87M (68%)           5M (4%)            5M (4%)             -                  -          
[2024-07-21T22:32:46.278+0800][14.267s][gc,heap     ] GC(231) Reclaimed:         -                  -                82M (64%)          82M (64%)            -                  -          
[2024-07-21T22:32:46.278+0800][14.267s][gc          ] GC(231) Garbage Collection (Allocation Rate) 116M(91%)->52M(41%)
[2024-07-21T22:32:46.347+0800][14.335s][gc,start    ] GC(232) Garbage Collection (Allocation Stall)
[2024-07-21T22:32:46.347+0800][14.335s][gc,ref      ] GC(232) Clearing All SoftReferences
[2024-07-21T22:32:46.347+0800][14.335s][gc,task     ] GC(232) Using 1 workers
[2024-07-21T22:32:46.347+0800][14.335s][gc,phases   ] GC(232) Pause Mark Start 0.006ms
[2024-07-21T22:32:46.350+0800][14.339s][gc,phases   ] GC(232) Concurrent Mark 3.473ms
[2024-07-21T22:32:46.350+0800][14.339s][gc,phases   ] GC(232) Pause Mark End 0.013ms
[2024-07-21T22:32:46.351+0800][14.339s][gc,phases   ] GC(232) Concurrent Mark Free 0.002ms
[2024-07-21T22:32:46.352+0800][14.341s][gc,phases   ] GC(232) Concurrent Process Non-Strong References 1.599ms
[2024-07-21T22:32:46.352+0800][14.341s][gc,phases   ] GC(232) Concurrent Reset Relocation Set 0.000ms
[2024-07-21T22:32:46.354+0800][14.343s][gc          ] Allocation Stall (main) 7.776ms
[2024-07-21T22:32:46.354+0800][14.343s][gc,phases   ] GC(232) Concurrent Select Relocation Set 1.892ms
[2024-07-21T22:32:46.354+0800][14.343s][gc,phases   ] GC(232) Pause Relocate Start 0.006ms
[2024-07-21T22:32:46.355+0800][14.343s][gc,phases   ] GC(232) Concurrent Relocate 0.067ms
[2024-07-21T22:32:46.355+0800][14.343s][gc,load     ] GC(232) Load: 0.00/0.00/0.00
[2024-07-21T22:32:46.355+0800][14.343s][gc,mmu      ] GC(232) MMU: 2ms/96.5%, 5ms/98.4%, 10ms/99.1%, 20ms/99.5%, 50ms/99.7%, 100ms/99.9%
[2024-07-21T22:32:46.355+0800][14.343s][gc,marking  ] GC(232) Mark: 1 stripe(s), 1 proactive flush(es), 1 terminate flush(es), 0 completion(s), 0 continuation(s) 
[2024-07-21T22:32:46.355+0800][14.343s][gc,marking  ] GC(232) Mark Stack Usage: 32M
[2024-07-21T22:32:46.355+0800][14.343s][gc,nmethod  ] GC(232) NMethods: 464 registered, 0 unregistered
[2024-07-21T22:32:46.355+0800][14.343s][gc,metaspace] GC(232) Metaspace: 1M used, 1M committed, 1032M reserved
[2024-07-21T22:32:46.355+0800][14.343s][gc,ref      ] GC(232) Soft: 43 encountered, 20 discovered, 0 enqueued
[2024-07-21T22:32:46.355+0800][14.343s][gc,ref      ] GC(232) Weak: 131 encountered, 107 discovered, 0 enqueued
[2024-07-21T22:32:46.355+0800][14.343s][gc,ref      ] GC(232) Final: 0 encountered, 0 discovered, 0 enqueued
[2024-07-21T22:32:46.355+0800][14.343s][gc,ref      ] GC(232) Phantom: 184 encountered, 98 discovered, 0 enqueued
[2024-07-21T22:32:46.355+0800][14.343s][gc,reloc    ] GC(232) Small Pages: 4 / 8M, Empty: 2M, Relocated: 0M, In-Place: 0
[2024-07-21T22:32:46.355+0800][14.343s][gc,reloc    ] GC(232) Medium Pages: 1 / 4M, Empty: 0M, Relocated: 0M, In-Place: 0
[2024-07-21T22:32:46.355+0800][14.343s][gc,reloc    ] GC(232) Large Pages: 58 / 116M, Empty: 80M, Relocated: 0M, In-Place: 0
[2024-07-21T22:32:46.355+0800][14.343s][gc,reloc    ] GC(232) Forwarding Usage: 0M
[2024-07-21T22:32:46.355+0800][14.343s][gc,heap     ] GC(232) Min Capacity: 8M(6%)
[2024-07-21T22:32:46.355+0800][14.343s][gc,heap     ] GC(232) Max Capacity: 128M(100%)
[2024-07-21T22:32:46.355+0800][14.344s][gc,heap     ] GC(232) Soft Max Capacity: 128M(100%)
[2024-07-21T22:32:46.355+0800][14.344s][gc,heap     ] GC(232)                Mark Start          Mark End        Relocate Start      Relocate End           High               Low         
[2024-07-21T22:32:46.355+0800][14.344s][gc,heap     ] GC(232)  Capacity:      128M (100%)        128M (100%)        128M (100%)        128M (100%)        128M (100%)        128M (100%)   
[2024-07-21T22:32:46.355+0800][14.344s][gc,heap     ] GC(232)      Free:        0M (0%)            0M (0%)           80M (62%)          80M (62%)          82M (64%)           0M (0%)     
[2024-07-21T22:32:46.355+0800][14.344s][gc,heap     ] GC(232)      Used:      128M (100%)        128M (100%)         48M (38%)          48M (38%)         128M (100%)         46M (36%)    
[2024-07-21T22:32:46.355+0800][14.344s][gc,heap     ] GC(232)      Live:         -                40M (32%)          40M (32%)          40M (32%)            -                  -          
[2024-07-21T22:32:46.355+0800][14.344s][gc,heap     ] GC(232) Allocated:         -                 0M (0%)            2M (2%)            2M (2%)             -                  -          
[2024-07-21T22:32:46.355+0800][14.344s][gc,heap     ] GC(232)   Garbage:         -                87M (68%)           5M (4%)            5M (4%)             -                  -          
[2024-07-21T22:32:46.355+0800][14.344s][gc,heap     ] GC(232) Reclaimed:         -                  -                82M (64%)          82M (64%)            -                  -          
[2024-07-21T22:32:46.355+0800][14.344s][gc          ] GC(232) Garbage Collection (Allocation Stall) 128M(100%)->48M(38%)
[2024-07-21T22:32:46.378+0800][14.367s][gc,start    ] GC(233) Garbage Collection (Allocation Rate)
[2024-07-21T22:32:46.378+0800][14.367s][gc,task     ] GC(233) Using 1 workers
[2024-07-21T22:32:46.378+0800][14.367s][gc,phases   ] GC(233) Pause Mark Start 0.005ms
[2024-07-21T22:32:46.382+0800][14.371s][gc,phases   ] GC(233) Concurrent Mark 3.645ms
[2024-07-21T22:32:46.382+0800][14.371s][gc,phases   ] GC(233) Pause Mark End 0.009ms
[2024-07-21T22:32:46.382+0800][14.371s][gc,phases   ] GC(233) Concurrent Mark Free 0.001ms
[2024-07-21T22:32:46.383+0800][14.372s][gc,phases   ] GC(233) Concurrent Process Non-Strong References 0.939ms
[2024-07-21T22:32:46.383+0800][14.372s][gc,phases   ] GC(233) Concurrent Reset Relocation Set 0.000ms
[2024-07-21T22:32:46.385+0800][14.373s][gc,phases   ] GC(233) Concurrent Select Relocation Set 1.641ms
[2024-07-21T22:32:46.385+0800][14.374s][gc,phases   ] GC(233) Pause Relocate Start 0.005ms
[2024-07-21T22:32:46.385+0800][14.374s][gc,phases   ] GC(233) Concurrent Relocate 0.097ms
[2024-07-21T22:32:46.385+0800][14.374s][gc,load     ] GC(233) Load: 0.00/0.00/0.00
[2024-07-21T22:32:46.385+0800][14.374s][gc,mmu      ] GC(233) MMU: 2ms/96.5%, 5ms/98.4%, 10ms/99.1%, 20ms/99.5%, 50ms/99.7%, 100ms/99.9%
[2024-07-21T22:32:46.385+0800][14.374s][gc,marking  ] GC(233) Mark: 1 stripe(s), 2 proactive flush(es), 1 terminate flush(es), 0 completion(s), 0 continuation(s) 
[2024-07-21T22:32:46.385+0800][14.374s][gc,marking  ] GC(233) Mark Stack Usage: 32M
[2024-07-21T22:32:46.385+0800][14.374s][gc,nmethod  ] GC(233) NMethods: 464 registered, 0 unregistered
[2024-07-21T22:32:46.385+0800][14.374s][gc,metaspace] GC(233) Metaspace: 1M used, 1M committed, 1032M reserved
[2024-07-21T22:32:46.385+0800][14.374s][gc,ref      ] GC(233) Soft: 43 encountered, 0 discovered, 0 enqueued
[2024-07-21T22:32:46.385+0800][14.374s][gc,ref      ] GC(233) Weak: 131 encountered, 107 discovered, 0 enqueued
[2024-07-21T22:32:46.385+0800][14.374s][gc,ref      ] GC(233) Final: 0 encountered, 0 discovered, 0 enqueued
[2024-07-21T22:32:46.385+0800][14.374s][gc,ref      ] GC(233) Phantom: 184 encountered, 98 discovered, 0 enqueued
[2024-07-21T22:32:46.385+0800][14.374s][gc,reloc    ] GC(233) Small Pages: 4 / 8M, Empty: 2M, Relocated: 0M, In-Place: 0
[2024-07-21T22:32:46.385+0800][14.374s][gc,reloc    ] GC(233) Medium Pages: 1 / 4M, Empty: 0M, Relocated: 0M, In-Place: 0
[2024-07-21T22:32:46.385+0800][14.374s][gc,reloc    ] GC(233) Large Pages: 23 / 46M, Empty: 40M, Relocated: 0M, In-Place: 0
[2024-07-21T22:32:46.385+0800][14.374s][gc,reloc    ] GC(233) Forwarding Usage: 0M
[2024-07-21T22:32:46.385+0800][14.374s][gc,heap     ] GC(233) Min Capacity: 8M(6%)
[2024-07-21T22:32:46.385+0800][14.374s][gc,heap     ] GC(233) Max Capacity: 128M(100%)
[2024-07-21T22:32:46.385+0800][14.374s][gc,heap     ] GC(233) Soft Max Capacity: 128M(100%)
[2024-07-21T22:32:46.385+0800][14.374s][gc,heap     ] GC(233)                Mark Start          Mark End        Relocate Start      Relocate End           High               Low         
[2024-07-21T22:32:46.385+0800][14.374s][gc,heap     ] GC(233)  Capacity:      128M (100%)        128M (100%)        128M (100%)        128M (100%)        128M (100%)        128M (100%)   
[2024-07-21T22:32:46.385+0800][14.374s][gc,heap     ] GC(233)      Free:       70M (55%)          54M (42%)          96M (75%)          96M (75%)          96M (75%)          54M (42%)    
[2024-07-21T22:32:46.385+0800][14.374s][gc,heap     ] GC(233)      Used:       58M (45%)          74M (58%)          32M (25%)          32M (25%)          74M (58%)          32M (25%)    
[2024-07-21T22:32:46.385+0800][14.374s][gc,heap     ] GC(233)      Live:         -                10M (8%)           10M (8%)           10M (8%)             -                  -          
[2024-07-21T22:32:46.386+0800][14.374s][gc,heap     ] GC(233) Allocated:         -                16M (12%)          16M (12%)          16M (12%)            -                  -          
[2024-07-21T22:32:46.386+0800][14.374s][gc,heap     ] GC(233)   Garbage:         -                47M (37%)           5M (4%)            5M (4%)             -                  -          
[2024-07-21T22:32:46.386+0800][14.374s][gc,heap     ] GC(233) Reclaimed:         -                  -                42M (33%)          42M (33%)            -                  -          
[2024-07-21T22:32:46.386+0800][14.374s][gc          ] GC(233) Garbage Collection (Allocation Rate) 58M(45%)->32M(25%)
[2024-07-21T22:32:46.458+0800][14.446s][gc,start    ] GC(234) Garbage Collection (Allocation Stall)
[2024-07-21T22:32:46.458+0800][14.447s][gc,ref      ] GC(234) Clearing All SoftReferences
[2024-07-21T22:32:46.458+0800][14.447s][gc,task     ] GC(234) Using 1 workers
[2024-07-21T22:32:46.458+0800][14.447s][gc,phases   ] GC(234) Pause Mark Start 0.010ms
[2024-07-21T22:32:46.462+0800][14.451s][gc,phases   ] GC(234) Concurrent Mark 3.906ms
[2024-07-21T22:32:46.462+0800][14.451s][gc,phases   ] GC(234) Pause Mark End 0.009ms
[2024-07-21T22:32:46.463+0800][14.451s][gc,phases   ] GC(234) Concurrent Mark Free 0.004ms
[2024-07-21T22:32:46.464+0800][14.452s][gc,phases   ] GC(234) Concurrent Process Non-Strong References 1.299ms
[2024-07-21T22:32:46.464+0800][14.452s][gc,phases   ] GC(234) Concurrent Reset Relocation Set 0.000ms
[2024-07-21T22:32:46.467+0800][14.456s][gc          ] Allocation Stall (main) 9.420ms
[2024-07-21T22:32:46.467+0800][14.456s][gc,phases   ] GC(234) Concurrent Select Relocation Set 3.344ms
[2024-07-21T22:32:46.468+0800][14.456s][gc,phases   ] GC(234) Pause Relocate Start 0.037ms
[2024-07-21T22:32:46.468+0800][14.456s][gc,phases   ] GC(234) Concurrent Relocate 0.035ms
[2024-07-21T22:32:46.468+0800][14.456s][gc,load     ] GC(234) Load: 0.00/0.00/0.00
[2024-07-21T22:32:46.468+0800][14.456s][gc,mmu      ] GC(234) MMU: 2ms/96.5%, 5ms/98.4%, 10ms/99.1%, 20ms/99.5%, 50ms/99.7%, 100ms/99.9%
[2024-07-21T22:32:46.468+0800][14.456s][gc,marking  ] GC(234) Mark: 1 stripe(s), 1 proactive flush(es), 1 terminate flush(es), 0 completion(s), 0 continuation(s) 
[2024-07-21T22:32:46.468+0800][14.456s][gc,marking  ] GC(234) Mark Stack Usage: 32M
[2024-07-21T22:32:46.468+0800][14.456s][gc,nmethod  ] GC(234) NMethods: 464 registered, 0 unregistered
[2024-07-21T22:32:46.468+0800][14.456s][gc,metaspace] GC(234) Metaspace: 1M used, 1M committed, 1032M reserved
[2024-07-21T22:32:46.468+0800][14.456s][gc,ref      ] GC(234) Soft: 43 encountered, 20 discovered, 0 enqueued
[2024-07-21T22:32:46.468+0800][14.456s][gc,ref      ] GC(234) Weak: 131 encountered, 107 discovered, 0 enqueued
[2024-07-21T22:32:46.468+0800][14.456s][gc,ref      ] GC(234) Final: 0 encountered, 0 discovered, 0 enqueued
[2024-07-21T22:32:46.468+0800][14.457s][gc,ref      ] GC(234) Phantom: 184 encountered, 98 discovered, 0 enqueued
[2024-07-21T22:32:46.468+0800][14.457s][gc,reloc    ] GC(234) Small Pages: 4 / 8M, Empty: 2M, Relocated: 0M, In-Place: 0
[2024-07-21T22:32:46.468+0800][14.457s][gc,reloc    ] GC(234) Medium Pages: 1 / 4M, Empty: 0M, Relocated: 0M, In-Place: 0
[2024-07-21T22:32:46.468+0800][14.457s][gc,reloc    ] GC(234) Large Pages: 58 / 116M, Empty: 80M, Relocated: 0M, In-Place: 0
[2024-07-21T22:32:46.468+0800][14.457s][gc,reloc    ] GC(234) Forwarding Usage: 0M
[2024-07-21T22:32:46.468+0800][14.457s][gc,heap     ] GC(234) Min Capacity: 8M(6%)
[2024-07-21T22:32:46.468+0800][14.457s][gc,heap     ] GC(234) Max Capacity: 128M(100%)
[2024-07-21T22:32:46.468+0800][14.457s][gc,heap     ] GC(234) Soft Max Capacity: 128M(100%)
[2024-07-21T22:32:46.468+0800][14.457s][gc,heap     ] GC(234)                Mark Start          Mark End        Relocate Start      Relocate End           High               Low         
[2024-07-21T22:32:46.468+0800][14.457s][gc,heap     ] GC(234)  Capacity:      128M (100%)        128M (100%)        128M (100%)        128M (100%)        128M (100%)        128M (100%)   
[2024-07-21T22:32:46.468+0800][14.457s][gc,heap     ] GC(234)      Free:        0M (0%)            0M (0%)           80M (62%)          80M (62%)          82M (64%)           0M (0%)     
[2024-07-21T22:32:46.468+0800][14.457s][gc,heap     ] GC(234)      Used:      128M (100%)        128M (100%)         48M (38%)          48M (38%)         128M (100%)         46M (36%)    
[2024-07-21T22:32:46.468+0800][14.457s][gc,heap     ] GC(234)      Live:         -                40M (32%)          40M (32%)          40M (32%)            -                  -          
[2024-07-21T22:32:46.468+0800][14.457s][gc,heap     ] GC(234) Allocated:         -                 0M (0%)            2M (2%)            2M (2%)             -                  -          
[2024-07-21T22:32:46.468+0800][14.457s][gc,heap     ] GC(234)   Garbage:         -                87M (68%)           5M (4%)            5M (4%)             -                  -          
[2024-07-21T22:32:46.468+0800][14.457s][gc,heap     ] GC(234) Reclaimed:         -                  -                82M (64%)          82M (64%)            -                  -          
[2024-07-21T22:32:46.468+0800][14.457s][gc          ] GC(234) Garbage Collection (Allocation Stall) 128M(100%)->48M(38%)
[2024-07-21T22:32:46.473+0800][14.461s][gc,start    ] GC(235) Garbage Collection (Allocation Rate)
[2024-07-21T22:32:46.473+0800][14.461s][gc,task     ] GC(235) Using 1 workers
[2024-07-21T22:32:46.473+0800][14.462s][gc,phases   ] GC(235) Pause Mark Start 0.006ms
[2024-07-21T22:32:46.477+0800][14.466s][gc,phases   ] GC(235) Concurrent Mark 4.267ms
[2024-07-21T22:32:46.478+0800][14.466s][gc,phases   ] GC(235) Pause Mark End 0.009ms
[2024-07-21T22:32:46.478+0800][14.466s][gc,phases   ] GC(235) Concurrent Mark Free 0.001ms
[2024-07-21T22:32:46.479+0800][14.468s][gc,phases   ] GC(235) Concurrent Process Non-Strong References 1.328ms
[2024-07-21T22:32:46.479+0800][14.468s][gc,phases   ] GC(235) Concurrent Reset Relocation Set 0.000ms
[2024-07-21T22:32:46.482+0800][14.470s][gc,phases   ] GC(235) Concurrent Select Relocation Set 2.370ms
[2024-07-21T22:32:46.482+0800][14.470s][gc,phases   ] GC(235) Pause Relocate Start 0.007ms
[2024-07-21T22:32:46.483+0800][14.471s][gc,phases   ] GC(235) Concurrent Relocate 0.625ms
[2024-07-21T22:32:46.483+0800][14.471s][gc,load     ] GC(235) Load: 0.00/0.00/0.00
[2024-07-21T22:32:46.483+0800][14.471s][gc,mmu      ] GC(235) MMU: 2ms/96.5%, 5ms/98.4%, 10ms/99.1%, 20ms/99.5%, 50ms/99.7%, 100ms/99.9%
[2024-07-21T22:32:46.483+0800][14.471s][gc,marking  ] GC(235) Mark: 1 stripe(s), 1 proactive flush(es), 1 terminate flush(es), 0 completion(s), 0 continuation(s) 
[2024-07-21T22:32:46.483+0800][14.471s][gc,marking  ] GC(235) Mark Stack Usage: 32M
[2024-07-21T22:32:46.483+0800][14.471s][gc,nmethod  ] GC(235) NMethods: 464 registered, 0 unregistered
[2024-07-21T22:32:46.483+0800][14.471s][gc,metaspace] GC(235) Metaspace: 1M used, 1M committed, 1032M reserved
[2024-07-21T22:32:46.483+0800][14.471s][gc,ref      ] GC(235) Soft: 43 encountered, 0 discovered, 0 enqueued
[2024-07-21T22:32:46.483+0800][14.471s][gc,ref      ] GC(235) Weak: 131 encountered, 107 discovered, 0 enqueued
[2024-07-21T22:32:46.483+0800][14.471s][gc,ref      ] GC(235) Final: 0 encountered, 0 discovered, 0 enqueued
[2024-07-21T22:32:46.483+0800][14.471s][gc,ref      ] GC(235) Phantom: 184 encountered, 98 discovered, 0 enqueued
[2024-07-21T22:32:46.483+0800][14.471s][gc,reloc    ] GC(235) Small Pages: 4 / 8M, Empty: 0M, Relocated: 1M, In-Place: 0
[2024-07-21T22:32:46.483+0800][14.471s][gc,reloc    ] GC(235) Medium Pages: 1 / 4M, Empty: 0M, Relocated: 0M, In-Place: 0
[2024-07-21T22:32:46.483+0800][14.471s][gc,reloc    ] GC(235) Large Pages: 20 / 40M, Empty: 40M, Relocated: 0M, In-Place: 0
[2024-07-21T22:32:46.483+0800][14.471s][gc,reloc    ] GC(235) Forwarding Usage: 0M
[2024-07-21T22:32:46.483+0800][14.471s][gc,heap     ] GC(235) Min Capacity: 8M(6%)
[2024-07-21T22:32:46.483+0800][14.471s][gc,heap     ] GC(235) Max Capacity: 128M(100%)
[2024-07-21T22:32:46.483+0800][14.471s][gc,heap     ] GC(235) Soft Max Capacity: 128M(100%)
[2024-07-21T22:32:46.483+0800][14.471s][gc,heap     ] GC(235)                Mark Start          Mark End        Relocate Start      Relocate End           High               Low         
[2024-07-21T22:32:46.483+0800][14.471s][gc,heap     ] GC(235)  Capacity:      128M (100%)        128M (100%)        128M (100%)        128M (100%)        128M (100%)        128M (100%)   
[2024-07-21T22:32:46.483+0800][14.471s][gc,heap     ] GC(235)      Free:       76M (59%)          76M (59%)         116M (91%)         118M (92%)         118M (92%)          76M (59%)    
[2024-07-21T22:32:46.483+0800][14.471s][gc,heap     ] GC(235)      Used:       52M (41%)          52M (41%)          12M (9%)           10M (8%)           52M (41%)          10M (8%)     
[2024-07-21T22:32:46.483+0800][14.471s][gc,heap     ] GC(235)      Live:         -                 4M (4%)            4M (4%)            4M (4%)             -                  -          
[2024-07-21T22:32:46.483+0800][14.472s][gc,heap     ] GC(235) Allocated:         -                 0M (0%)            0M (0%)            0M (0%)             -                  -          
[2024-07-21T22:32:46.483+0800][14.472s][gc,heap     ] GC(235)   Garbage:         -                47M (37%)           7M (6%)            5M (4%)             -                  -          
[2024-07-21T22:32:46.483+0800][14.472s][gc,heap     ] GC(235) Reclaimed:         -                  -                40M (31%)          42M (33%)            -                  -          
[2024-07-21T22:32:46.483+0800][14.472s][gc          ] GC(235) Garbage Collection (Allocation Rate) 52M(41%)->10M(8%)
[2024-07-21T22:32:46.569+0800][14.557s][gc,start    ] GC(236) Garbage Collection (Allocation Rate)
[2024-07-21T22:32:46.569+0800][14.557s][gc,task     ] GC(236) Using 1 workers
[2024-07-21T22:32:46.569+0800][14.558s][gc,phases   ] GC(236) Pause Mark Start 0.007ms
[2024-07-21T22:32:46.573+0800][14.561s][gc,phases   ] GC(236) Concurrent Mark 3.571ms
[2024-07-21T22:32:46.573+0800][14.562s][gc,phases   ] GC(236) Pause Mark End 0.008ms
[2024-07-21T22:32:46.573+0800][14.562s][gc,phases   ] GC(236) Concurrent Mark Free 0.001ms
[2024-07-21T22:32:46.574+0800][14.563s][gc,phases   ] GC(236) Concurrent Process Non-Strong References 1.102ms
[2024-07-21T22:32:46.574+0800][14.563s][gc,phases   ] GC(236) Concurrent Reset Relocation Set 0.001ms
[2024-07-21T22:32:46.576+0800][14.565s][gc          ] Allocation Stall (main) 5.986ms
[2024-07-21T22:32:46.576+0800][14.565s][gc,phases   ] GC(236) Concurrent Select Relocation Set 1.875ms
[2024-07-21T22:32:46.577+0800][14.565s][gc,phases   ] GC(236) Pause Relocate Start 0.004ms
[2024-07-21T22:32:46.577+0800][14.565s][gc,phases   ] GC(236) Concurrent Relocate 0.121ms
[2024-07-21T22:32:46.577+0800][14.565s][gc,load     ] GC(236) Load: 0.00/0.00/0.00
[2024-07-21T22:32:46.577+0800][14.565s][gc,mmu      ] GC(236) MMU: 2ms/96.5%, 5ms/98.4%, 10ms/99.1%, 20ms/99.5%, 50ms/99.7%, 100ms/99.9%
[2024-07-21T22:32:46.577+0800][14.565s][gc,marking  ] GC(236) Mark: 1 stripe(s), 2 proactive flush(es), 1 terminate flush(es), 0 completion(s), 0 continuation(s) 
[2024-07-21T22:32:46.577+0800][14.565s][gc,marking  ] GC(236) Mark Stack Usage: 32M
[2024-07-21T22:32:46.577+0800][14.565s][gc,nmethod  ] GC(236) NMethods: 464 registered, 0 unregistered
[2024-07-21T22:32:46.577+0800][14.565s][gc,metaspace] GC(236) Metaspace: 1M used, 1M committed, 1032M reserved
[2024-07-21T22:32:46.577+0800][14.565s][gc,ref      ] GC(236) Soft: 43 encountered, 0 discovered, 0 enqueued
[2024-07-21T22:32:46.577+0800][14.565s][gc,ref      ] GC(236) Weak: 131 encountered, 107 discovered, 0 enqueued
[2024-07-21T22:32:46.577+0800][14.565s][gc,ref      ] GC(236) Final: 0 encountered, 0 discovered, 0 enqueued
[2024-07-21T22:32:46.577+0800][14.565s][gc,ref      ] GC(236) Phantom: 184 encountered, 98 discovered, 0 enqueued
[2024-07-21T22:32:46.577+0800][14.565s][gc,reloc    ] GC(236) Small Pages: 4 / 8M, Empty: 2M, Relocated: 0M, In-Place: 0
[2024-07-21T22:32:46.577+0800][14.565s][gc,reloc    ] GC(236) Medium Pages: 1 / 4M, Empty: 0M, Relocated: 0M, In-Place: 0
[2024-07-21T22:32:46.577+0800][14.565s][gc,reloc    ] GC(236) Large Pages: 54 / 108M, Empty: 80M, Relocated: 0M, In-Place: 0
[2024-07-21T22:32:46.577+0800][14.565s][gc,reloc    ] GC(236) Forwarding Usage: 0M
[2024-07-21T22:32:46.577+0800][14.565s][gc,heap     ] GC(236) Min Capacity: 8M(6%)
[2024-07-21T22:32:46.577+0800][14.565s][gc,heap     ] GC(236) Max Capacity: 128M(100%)
[2024-07-21T22:32:46.577+0800][14.566s][gc,heap     ] GC(236) Soft Max Capacity: 128M(100%)
[2024-07-21T22:32:46.577+0800][14.566s][gc,heap     ] GC(236)                Mark Start          Mark End        Relocate Start      Relocate End           High               Low         
[2024-07-21T22:32:46.577+0800][14.566s][gc,heap     ] GC(236)  Capacity:      128M (100%)        128M (100%)        128M (100%)        128M (100%)        128M (100%)        128M (100%)   
[2024-07-21T22:32:46.577+0800][14.566s][gc,heap     ] GC(236)      Free:        8M (6%)            0M (0%)           76M (59%)          76M (59%)          82M (64%)           0M (0%)     
[2024-07-21T22:32:46.577+0800][14.566s][gc,heap     ] GC(236)      Used:      120M (94%)         128M (100%)         52M (41%)          52M (41%)         128M (100%)         46M (36%)    
[2024-07-21T22:32:46.577+0800][14.566s][gc,heap     ] GC(236)      Live:         -                32M (25%)          32M (25%)          32M (25%)            -                  -          
[2024-07-21T22:32:46.577+0800][14.566s][gc,heap     ] GC(236) Allocated:         -                 8M (6%)           14M (11%)          14M (11%)            -                  -          
[2024-07-21T22:32:46.577+0800][14.566s][gc,heap     ] GC(236)   Garbage:         -                87M (68%)           5M (4%)            5M (4%)             -                  -          
[2024-07-21T22:32:46.577+0800][14.566s][gc,heap     ] GC(236) Reclaimed:         -                  -                82M (64%)          82M (64%)            -                  -          
[2024-07-21T22:32:46.577+0800][14.566s][gc          ] GC(236) Garbage Collection (Allocation Rate) 120M(94%)->52M(41%)
[2024-07-21T22:32:46.649+0800][14.637s][gc,start    ] GC(237) Garbage Collection (Allocation Stall)
[2024-07-21T22:32:46.649+0800][14.637s][gc,ref      ] GC(237) Clearing All SoftReferences
[2024-07-21T22:32:46.649+0800][14.637s][gc,task     ] GC(237) Using 1 workers
[2024-07-21T22:32:46.649+0800][14.638s][gc,phases   ] GC(237) Pause Mark Start 0.007ms
[2024-07-21T22:32:46.654+0800][14.642s][gc,phases   ] GC(237) Concurrent Mark 4.069ms
[2024-07-21T22:32:46.654+0800][14.642s][gc,phases   ] GC(237) Pause Mark End 0.015ms
[2024-07-21T22:32:46.654+0800][14.642s][gc,phases   ] GC(237) Concurrent Mark Free 0.001ms
[2024-07-21T22:32:46.655+0800][14.643s][gc,phases   ] GC(237) Concurrent Process Non-Strong References 1.188ms
[2024-07-21T22:32:46.655+0800][14.643s][gc,phases   ] GC(237) Concurrent Reset Relocation Set 0.000ms
[2024-07-21T22:32:46.657+0800][14.646s][gc          ] Allocation Stall (main) 8.616ms
[2024-07-21T22:32:46.658+0800][14.646s][gc,phases   ] GC(237) Concurrent Select Relocation Set 2.272ms
[2024-07-21T22:32:46.658+0800][14.646s][gc,phases   ] GC(237) Pause Relocate Start 0.012ms
[2024-07-21T22:32:46.658+0800][14.646s][gc,phases   ] GC(237) Concurrent Relocate 0.029ms
[2024-07-21T22:32:46.658+0800][14.646s][gc,load     ] GC(237) Load: 0.00/0.00/0.00
[2024-07-21T22:32:46.658+0800][14.646s][gc,mmu      ] GC(237) MMU: 2ms/96.5%, 5ms/98.4%, 10ms/99.1%, 20ms/99.5%, 50ms/99.7%, 100ms/99.9%
[2024-07-21T22:32:46.658+0800][14.646s][gc,marking  ] GC(237) Mark: 1 stripe(s), 1 proactive flush(es), 1 terminate flush(es), 0 completion(s), 0 continuation(s) 
[2024-07-21T22:32:46.658+0800][14.646s][gc,marking  ] GC(237) Mark Stack Usage: 32M
[2024-07-21T22:32:46.658+0800][14.646s][gc,nmethod  ] GC(237) NMethods: 464 registered, 0 unregistered
[2024-07-21T22:32:46.658+0800][14.646s][gc,metaspace] GC(237) Metaspace: 1M used, 1M committed, 1032M reserved
[2024-07-21T22:32:46.658+0800][14.646s][gc,ref      ] GC(237) Soft: 43 encountered, 20 discovered, 0 enqueued
[2024-07-21T22:32:46.658+0800][14.646s][gc,ref      ] GC(237) Weak: 131 encountered, 107 discovered, 0 enqueued
[2024-07-21T22:32:46.658+0800][14.646s][gc,ref      ] GC(237) Final: 0 encountered, 0 discovered, 0 enqueued
[2024-07-21T22:32:46.658+0800][14.646s][gc,ref      ] GC(237) Phantom: 184 encountered, 98 discovered, 0 enqueued
[2024-07-21T22:32:46.658+0800][14.646s][gc,reloc    ] GC(237) Small Pages: 4 / 8M, Empty: 2M, Relocated: 0M, In-Place: 0
[2024-07-21T22:32:46.658+0800][14.646s][gc,reloc    ] GC(237) Medium Pages: 1 / 4M, Empty: 0M, Relocated: 0M, In-Place: 0
[2024-07-21T22:32:46.658+0800][14.646s][gc,reloc    ] GC(237) Large Pages: 58 / 116M, Empty: 80M, Relocated: 0M, In-Place: 0
[2024-07-21T22:32:46.658+0800][14.646s][gc,reloc    ] GC(237) Forwarding Usage: 0M
[2024-07-21T22:32:46.658+0800][14.646s][gc,heap     ] GC(237) Min Capacity: 8M(6%)
[2024-07-21T22:32:46.658+0800][14.646s][gc,heap     ] GC(237) Max Capacity: 128M(100%)
[2024-07-21T22:32:46.658+0800][14.647s][gc,heap     ] GC(237) Soft Max Capacity: 128M(100%)
[2024-07-21T22:32:46.658+0800][14.647s][gc,heap     ] GC(237)                Mark Start          Mark End        Relocate Start      Relocate End           High               Low         
[2024-07-21T22:32:46.658+0800][14.647s][gc,heap     ] GC(237)  Capacity:      128M (100%)        128M (100%)        128M (100%)        128M (100%)        128M (100%)        128M (100%)   
[2024-07-21T22:32:46.658+0800][14.647s][gc,heap     ] GC(237)      Free:        0M (0%)            0M (0%)           80M (62%)          80M (62%)          82M (64%)           0M (0%)     
[2024-07-21T22:32:46.659+0800][14.647s][gc,heap     ] GC(237)      Used:      128M (100%)        128M (100%)         48M (38%)          48M (38%)         128M (100%)         46M (36%)    
[2024-07-21T22:32:46.659+0800][14.647s][gc,heap     ] GC(237)      Live:         -                40M (32%)          40M (32%)          40M (32%)            -                  -          
[2024-07-21T22:32:46.659+0800][14.647s][gc,heap     ] GC(237) Allocated:         -                 0M (0%)            2M (2%)            2M (2%)             -                  -          
[2024-07-21T22:32:46.659+0800][14.647s][gc,heap     ] GC(237)   Garbage:         -                87M (68%)           5M (4%)            5M (4%)             -                  -          
[2024-07-21T22:32:46.659+0800][14.647s][gc,heap     ] GC(237) Reclaimed:         -                  -                82M (64%)          82M (64%)            -                  -          
[2024-07-21T22:32:46.659+0800][14.647s][gc          ] GC(237) Garbage Collection (Allocation Stall) 128M(100%)->48M(38%)
[2024-07-21T22:32:46.679+0800][14.667s][gc,start    ] GC(238) Garbage Collection (Allocation Rate)
[2024-07-21T22:32:46.679+0800][14.667s][gc,task     ] GC(238) Using 1 workers
[2024-07-21T22:32:46.679+0800][14.668s][gc,phases   ] GC(238) Pause Mark Start 0.008ms
[2024-07-21T22:32:46.683+0800][14.672s][gc,phases   ] GC(238) Concurrent Mark 3.903ms
[2024-07-21T22:32:46.684+0800][14.672s][gc,phases   ] GC(238) Pause Mark End 0.014ms
[2024-07-21T22:32:46.684+0800][14.672s][gc,phases   ] GC(238) Concurrent Mark Free 0.001ms
[2024-07-21T22:32:46.685+0800][14.673s][gc,phases   ] GC(238) Concurrent Process Non-Strong References 1.584ms
[2024-07-21T22:32:46.685+0800][14.674s][gc,phases   ] GC(238) Concurrent Reset Relocation Set 0.001ms
[2024-07-21T22:32:46.688+0800][14.676s][gc,phases   ] GC(238) Concurrent Select Relocation Set 2.270ms
[2024-07-21T22:32:46.688+0800][14.676s][gc,phases   ] GC(238) Pause Relocate Start 0.007ms
[2024-07-21T22:32:46.688+0800][14.676s][gc,phases   ] GC(238) Concurrent Relocate 0.110ms
[2024-07-21T22:32:46.688+0800][14.676s][gc,load     ] GC(238) Load: 0.00/0.00/0.00
[2024-07-21T22:32:46.688+0800][14.676s][gc,mmu      ] GC(238) MMU: 2ms/96.5%, 5ms/98.4%, 10ms/99.1%, 20ms/99.5%, 50ms/99.7%, 100ms/99.9%
[2024-07-21T22:32:46.688+0800][14.676s][gc,marking  ] GC(238) Mark: 1 stripe(s), 2 proactive flush(es), 1 terminate flush(es), 0 completion(s), 0 continuation(s) 
[2024-07-21T22:32:46.688+0800][14.676s][gc,marking  ] GC(238) Mark Stack Usage: 32M
[2024-07-21T22:32:46.688+0800][14.677s][gc,nmethod  ] GC(238) NMethods: 464 registered, 0 unregistered
[2024-07-21T22:32:46.688+0800][14.677s][gc,metaspace] GC(238) Metaspace: 1M used, 1M committed, 1032M reserved
[2024-07-21T22:32:46.688+0800][14.677s][gc,ref      ] GC(238) Soft: 43 encountered, 0 discovered, 0 enqueued
[2024-07-21T22:32:46.688+0800][14.677s][gc,ref      ] GC(238) Weak: 131 encountered, 107 discovered, 0 enqueued
[2024-07-21T22:32:46.688+0800][14.677s][gc,ref      ] GC(238) Final: 0 encountered, 0 discovered, 0 enqueued
[2024-07-21T22:32:46.688+0800][14.677s][gc,ref      ] GC(238) Phantom: 184 encountered, 98 discovered, 0 enqueued
[2024-07-21T22:32:46.688+0800][14.677s][gc,reloc    ] GC(238) Small Pages: 4 / 8M, Empty: 2M, Relocated: 0M, In-Place: 0
[2024-07-21T22:32:46.688+0800][14.677s][gc,reloc    ] GC(238) Medium Pages: 1 / 4M, Empty: 0M, Relocated: 0M, In-Place: 0
[2024-07-21T22:32:46.688+0800][14.677s][gc,reloc    ] GC(238) Large Pages: 22 / 44M, Empty: 40M, Relocated: 0M, In-Place: 0
[2024-07-21T22:32:46.688+0800][14.677s][gc,reloc    ] GC(238) Forwarding Usage: 0M
[2024-07-21T22:32:46.688+0800][14.677s][gc,heap     ] GC(238) Min Capacity: 8M(6%)
[2024-07-21T22:32:46.688+0800][14.677s][gc,heap     ] GC(238) Max Capacity: 128M(100%)
[2024-07-21T22:32:46.689+0800][14.677s][gc,heap     ] GC(238) Soft Max Capacity: 128M(100%)
[2024-07-21T22:32:46.689+0800][14.677s][gc,heap     ] GC(238)                Mark Start          Mark End        Relocate Start      Relocate End           High               Low         
[2024-07-21T22:32:46.689+0800][14.677s][gc,heap     ] GC(238)  Capacity:      128M (100%)        128M (100%)        128M (100%)        128M (100%)        128M (100%)        128M (100%)   
[2024-07-21T22:32:46.689+0800][14.677s][gc,heap     ] GC(238)      Free:       72M (56%)          54M (42%)          96M (75%)          96M (75%)          96M (75%)          54M (42%)    
[2024-07-21T22:32:46.689+0800][14.677s][gc,heap     ] GC(238)      Used:       56M (44%)          74M (58%)          32M (25%)          32M (25%)          74M (58%)          32M (25%)    
[2024-07-21T22:32:46.689+0800][14.677s][gc,heap     ] GC(238)      Live:         -                 8M (7%)            8M (7%)            8M (7%)             -                  -          
[2024-07-21T22:32:46.689+0800][14.677s][gc,heap     ] GC(238) Allocated:         -                18M (14%)          18M (14%)          18M (14%)            -                  -          
[2024-07-21T22:32:46.689+0800][14.677s][gc,heap     ] GC(238)   Garbage:         -                47M (37%)           5M (4%)            5M (4%)             -                  -          
[2024-07-21T22:32:46.689+0800][14.677s][gc,heap     ] GC(238) Reclaimed:         -                  -                42M (33%)          42M (33%)            -                  -          
[2024-07-21T22:32:46.689+0800][14.677s][gc          ] GC(238) Garbage Collection (Allocation Rate) 56M(44%)->32M(25%)
[2024-07-21T22:32:46.760+0800][14.748s][gc,start    ] GC(239) Garbage Collection (Allocation Stall)
[2024-07-21T22:32:46.760+0800][14.748s][gc,ref      ] GC(239) Clearing All SoftReferences
[2024-07-21T22:32:46.760+0800][14.748s][gc,task     ] GC(239) Using 1 workers
[2024-07-21T22:32:46.760+0800][14.748s][gc,phases   ] GC(239) Pause Mark Start 0.006ms
[2024-07-21T22:32:46.764+0800][14.752s][gc,phases   ] GC(239) Concurrent Mark 3.301ms
[2024-07-21T22:32:46.764+0800][14.752s][gc,phases   ] GC(239) Pause Mark End 0.006ms
[2024-07-21T22:32:46.764+0800][14.752s][gc,phases   ] GC(239) Concurrent Mark Free 0.001ms
[2024-07-21T22:32:46.765+0800][14.753s][gc,phases   ] GC(239) Concurrent Process Non-Strong References 1.133ms
[2024-07-21T22:32:46.765+0800][14.753s][gc,phases   ] GC(239) Concurrent Reset Relocation Set 0.000ms
[2024-07-21T22:32:46.767+0800][14.755s][gc          ] Allocation Stall (main) 6.972ms
[2024-07-21T22:32:46.767+0800][14.755s][gc,phases   ] GC(239) Concurrent Select Relocation Set 1.876ms
[2024-07-21T22:32:46.767+0800][14.755s][gc,phases   ] GC(239) Pause Relocate Start 0.005ms
[2024-07-21T22:32:46.768+0800][14.756s][gc,phases   ] GC(239) Concurrent Relocate 0.899ms
[2024-07-21T22:32:46.768+0800][14.757s][gc,load     ] GC(239) Load: 0.00/0.00/0.00
[2024-07-21T22:32:46.768+0800][14.757s][gc,mmu      ] GC(239) MMU: 2ms/96.5%, 5ms/98.4%, 10ms/99.1%, 20ms/99.5%, 50ms/99.7%, 100ms/99.9%
[2024-07-21T22:32:46.768+0800][14.757s][gc,marking  ] GC(239) Mark: 1 stripe(s), 1 proactive flush(es), 1 terminate flush(es), 0 completion(s), 0 continuation(s) 
[2024-07-21T22:32:46.768+0800][14.757s][gc,marking  ] GC(239) Mark Stack Usage: 32M
[2024-07-21T22:32:46.768+0800][14.757s][gc,nmethod  ] GC(239) NMethods: 469 registered, 0 unregistered
[2024-07-21T22:32:46.768+0800][14.757s][gc,metaspace] GC(239) Metaspace: 1M used, 1M committed, 1032M reserved
[2024-07-21T22:32:46.768+0800][14.757s][gc,ref      ] GC(239) Soft: 43 encountered, 20 discovered, 0 enqueued
[2024-07-21T22:32:46.768+0800][14.757s][gc,ref      ] GC(239) Weak: 131 encountered, 107 discovered, 0 enqueued
[2024-07-21T22:32:46.768+0800][14.757s][gc,ref      ] GC(239) Final: 0 encountered, 0 discovered, 0 enqueued
[2024-07-21T22:32:46.769+0800][14.757s][gc,ref      ] GC(239) Phantom: 184 encountered, 98 discovered, 0 enqueued
[2024-07-21T22:32:46.769+0800][14.757s][gc,reloc    ] GC(239) Small Pages: 4 / 8M, Empty: 0M, Relocated: 1M, In-Place: 0
[2024-07-21T22:32:46.769+0800][14.757s][gc,reloc    ] GC(239) Medium Pages: 1 / 4M, Empty: 0M, Relocated: 0M, In-Place: 0
[2024-07-21T22:32:46.769+0800][14.757s][gc,reloc    ] GC(239) Large Pages: 58 / 116M, Empty: 80M, Relocated: 0M, In-Place: 0
[2024-07-21T22:32:46.769+0800][14.757s][gc,reloc    ] GC(239) Forwarding Usage: 0M
[2024-07-21T22:32:46.769+0800][14.757s][gc,heap     ] GC(239) Min Capacity: 8M(6%)
[2024-07-21T22:32:46.769+0800][14.757s][gc,heap     ] GC(239) Max Capacity: 128M(100%)
[2024-07-21T22:32:46.769+0800][14.757s][gc,heap     ] GC(239) Soft Max Capacity: 128M(100%)
[2024-07-21T22:32:46.769+0800][14.757s][gc,heap     ] GC(239)                Mark Start          Mark End        Relocate Start      Relocate End           High               Low         
[2024-07-21T22:32:46.769+0800][14.757s][gc,heap     ] GC(239)  Capacity:      128M (100%)        128M (100%)        128M (100%)        128M (100%)        128M (100%)        128M (100%)   
[2024-07-21T22:32:46.769+0800][14.757s][gc,heap     ] GC(239)      Free:        0M (0%)            0M (0%)           78M (61%)          76M (59%)          80M (62%)           0M (0%)     
[2024-07-21T22:32:46.769+0800][14.757s][gc,heap     ] GC(239)      Used:      128M (100%)        128M (100%)         50M (39%)          52M (41%)         128M (100%)         48M (38%)    
[2024-07-21T22:32:46.769+0800][14.757s][gc,heap     ] GC(239)      Live:         -                40M (32%)          40M (32%)          40M (32%)            -                  -          
[2024-07-21T22:32:46.769+0800][14.757s][gc,heap     ] GC(239) Allocated:         -                 0M (0%)            2M (2%)            6M (5%)             -                  -          
[2024-07-21T22:32:46.769+0800][14.757s][gc,heap     ] GC(239)   Garbage:         -                87M (68%)           7M (6%)            5M (4%)             -                  -          
[2024-07-21T22:32:46.769+0800][14.757s][gc,heap     ] GC(239) Reclaimed:         -                  -                80M (62%)          82M (64%)            -                  -          
[2024-07-21T22:32:46.769+0800][14.757s][gc          ] GC(239) Garbage Collection (Allocation Stall) 128M(100%)->52M(41%)
[2024-07-21T22:32:46.775+0800][14.763s][gc,start    ] GC(240) Garbage Collection (Allocation Rate)
[2024-07-21T22:32:46.775+0800][14.763s][gc,task     ] GC(240) Using 1 workers
[2024-07-21T22:32:46.775+0800][14.763s][gc,phases   ] GC(240) Pause Mark Start 0.006ms
[2024-07-21T22:32:46.778+0800][14.766s][gc,phases   ] GC(240) Concurrent Mark 3.232ms
[2024-07-21T22:32:46.778+0800][14.766s][gc,phases   ] GC(240) Pause Mark End 0.006ms
[2024-07-21T22:32:46.778+0800][14.767s][gc,phases   ] GC(240) Concurrent Mark Free 0.001ms
[2024-07-21T22:32:46.779+0800][14.768s][gc,phases   ] GC(240) Concurrent Process Non-Strong References 1.089ms
[2024-07-21T22:32:46.779+0800][14.768s][gc,phases   ] GC(240) Concurrent Reset Relocation Set 0.002ms
[2024-07-21T22:32:46.781+0800][14.769s][gc,phases   ] GC(240) Concurrent Select Relocation Set 1.611ms
[2024-07-21T22:32:46.781+0800][14.769s][gc,phases   ] GC(240) Pause Relocate Start 0.004ms
[2024-07-21T22:32:46.782+0800][14.770s][gc,phases   ] GC(240) Concurrent Relocate 0.394ms
[2024-07-21T22:32:46.782+0800][14.770s][gc,load     ] GC(240) Load: 0.00/0.00/0.00
[2024-07-21T22:32:46.782+0800][14.770s][gc,mmu      ] GC(240) MMU: 2ms/96.5%, 5ms/98.4%, 10ms/99.1%, 20ms/99.5%, 50ms/99.7%, 100ms/99.9%
[2024-07-21T22:32:46.782+0800][14.770s][gc,marking  ] GC(240) Mark: 1 stripe(s), 1 proactive flush(es), 1 terminate flush(es), 0 completion(s), 0 continuation(s) 
[2024-07-21T22:32:46.782+0800][14.770s][gc,marking  ] GC(240) Mark Stack Usage: 32M
[2024-07-21T22:32:46.782+0800][14.770s][gc,nmethod  ] GC(240) NMethods: 469 registered, 0 unregistered
[2024-07-21T22:32:46.782+0800][14.770s][gc,metaspace] GC(240) Metaspace: 1M used, 1M committed, 1032M reserved
[2024-07-21T22:32:46.782+0800][14.770s][gc,ref      ] GC(240) Soft: 43 encountered, 0 discovered, 0 enqueued
[2024-07-21T22:32:46.782+0800][14.770s][gc,ref      ] GC(240) Weak: 131 encountered, 107 discovered, 0 enqueued
[2024-07-21T22:32:46.782+0800][14.770s][gc,ref      ] GC(240) Final: 0 encountered, 0 discovered, 0 enqueued
[2024-07-21T22:32:46.782+0800][14.770s][gc,ref      ] GC(240) Phantom: 184 encountered, 98 discovered, 0 enqueued
[2024-07-21T22:32:46.782+0800][14.770s][gc,reloc    ] GC(240) Small Pages: 4 / 8M, Empty: 0M, Relocated: 1M, In-Place: 0
[2024-07-21T22:32:46.782+0800][14.770s][gc,reloc    ] GC(240) Medium Pages: 1 / 4M, Empty: 0M, Relocated: 0M, In-Place: 0
[2024-07-21T22:32:46.782+0800][14.770s][gc,reloc    ] GC(240) Large Pages: 20 / 40M, Empty: 40M, Relocated: 0M, In-Place: 0
[2024-07-21T22:32:46.782+0800][14.770s][gc,reloc    ] GC(240) Forwarding Usage: 0M
[2024-07-21T22:32:46.782+0800][14.770s][gc,heap     ] GC(240) Min Capacity: 8M(6%)
[2024-07-21T22:32:46.782+0800][14.770s][gc,heap     ] GC(240) Max Capacity: 128M(100%)
[2024-07-21T22:32:46.782+0800][14.770s][gc,heap     ] GC(240) Soft Max Capacity: 128M(100%)
[2024-07-21T22:32:46.782+0800][14.770s][gc,heap     ] GC(240)                Mark Start          Mark End        Relocate Start      Relocate End           High               Low         
[2024-07-21T22:32:46.782+0800][14.770s][gc,heap     ] GC(240)  Capacity:      128M (100%)        128M (100%)        128M (100%)        128M (100%)        128M (100%)        128M (100%)   
[2024-07-21T22:32:46.782+0800][14.770s][gc,heap     ] GC(240)      Free:       76M (59%)          76M (59%)         116M (91%)         118M (92%)         118M (92%)          76M (59%)    
[2024-07-21T22:32:46.782+0800][14.770s][gc,heap     ] GC(240)      Used:       52M (41%)          52M (41%)          12M (9%)           10M (8%)           52M (41%)          10M (8%)     
[2024-07-21T22:32:46.782+0800][14.770s][gc,heap     ] GC(240)      Live:         -                 4M (4%)            4M (4%)            4M (4%)             -                  -          
[2024-07-21T22:32:46.782+0800][14.770s][gc,heap     ] GC(240) Allocated:         -                 0M (0%)            0M (0%)            0M (0%)             -                  -          
[2024-07-21T22:32:46.782+0800][14.770s][gc,heap     ] GC(240)   Garbage:         -                47M (37%)           7M (6%)            5M (4%)             -                  -          
[2024-07-21T22:32:46.782+0800][14.770s][gc,heap     ] GC(240) Reclaimed:         -                  -                40M (31%)          42M (33%)            -                  -          
[2024-07-21T22:32:46.782+0800][14.770s][gc          ] GC(240) Garbage Collection (Allocation Rate) 52M(41%)->10M(8%)
[2024-07-21T22:32:46.870+0800][14.858s][gc,start    ] GC(241) Garbage Collection (Allocation Rate)
[2024-07-21T22:32:46.870+0800][14.858s][gc,task     ] GC(241) Using 1 workers
[2024-07-21T22:32:46.870+0800][14.858s][gc,phases   ] GC(241) Pause Mark Start 0.007ms
[2024-07-21T22:32:46.874+0800][14.862s][gc,phases   ] GC(241) Concurrent Mark 3.991ms
[2024-07-21T22:32:46.874+0800][14.863s][gc,phases   ] GC(241) Pause Mark End 0.024ms
[2024-07-21T22:32:46.875+0800][14.863s][gc,phases   ] GC(241) Concurrent Mark Free 0.001ms
[2024-07-21T22:32:46.876+0800][14.864s][gc,phases   ] GC(241) Concurrent Process Non-Strong References 1.255ms
[2024-07-21T22:32:46.876+0800][14.864s][gc,phases   ] GC(241) Concurrent Reset Relocation Set 0.001ms
[2024-07-21T22:32:46.878+0800][14.866s][gc          ] Allocation Stall (main) 7.120ms
[2024-07-21T22:32:46.878+0800][14.867s][gc,phases   ] GC(241) Concurrent Select Relocation Set 2.424ms
[2024-07-21T22:32:46.879+0800][14.867s][gc,phases   ] GC(241) Pause Relocate Start 0.010ms
[2024-07-21T22:32:46.879+0800][14.867s][gc,phases   ] GC(241) Concurrent Relocate 0.078ms
[2024-07-21T22:32:46.879+0800][14.867s][gc,load     ] GC(241) Load: 0.00/0.00/0.00
[2024-07-21T22:32:46.879+0800][14.867s][gc,mmu      ] GC(241) MMU: 2ms/96.5%, 5ms/98.4%, 10ms/99.1%, 20ms/99.5%, 50ms/99.7%, 100ms/99.9%
[2024-07-21T22:32:46.879+0800][14.867s][gc,marking  ] GC(241) Mark: 1 stripe(s), 2 proactive flush(es), 1 terminate flush(es), 0 completion(s), 0 continuation(s) 
[2024-07-21T22:32:46.879+0800][14.867s][gc,marking  ] GC(241) Mark Stack Usage: 32M
[2024-07-21T22:32:46.879+0800][14.867s][gc,nmethod  ] GC(241) NMethods: 469 registered, 0 unregistered
[2024-07-21T22:32:46.879+0800][14.867s][gc,metaspace] GC(241) Metaspace: 1M used, 1M committed, 1032M reserved
[2024-07-21T22:32:46.879+0800][14.867s][gc,ref      ] GC(241) Soft: 43 encountered, 0 discovered, 0 enqueued
[2024-07-21T22:32:46.879+0800][14.867s][gc,ref      ] GC(241) Weak: 131 encountered, 107 discovered, 0 enqueued
[2024-07-21T22:32:46.879+0800][14.867s][gc,ref      ] GC(241) Final: 0 encountered, 0 discovered, 0 enqueued
[2024-07-21T22:32:46.879+0800][14.867s][gc,ref      ] GC(241) Phantom: 184 encountered, 98 discovered, 0 enqueued
[2024-07-21T22:32:46.879+0800][14.867s][gc,reloc    ] GC(241) Small Pages: 4 / 8M, Empty: 2M, Relocated: 0M, In-Place: 0
[2024-07-21T22:32:46.879+0800][14.867s][gc,reloc    ] GC(241) Medium Pages: 1 / 4M, Empty: 0M, Relocated: 0M, In-Place: 0
[2024-07-21T22:32:46.879+0800][14.867s][gc,reloc    ] GC(241) Large Pages: 54 / 108M, Empty: 80M, Relocated: 0M, In-Place: 0
[2024-07-21T22:32:46.879+0800][14.867s][gc,reloc    ] GC(241) Forwarding Usage: 0M
[2024-07-21T22:32:46.879+0800][14.867s][gc,heap     ] GC(241) Min Capacity: 8M(6%)
[2024-07-21T22:32:46.879+0800][14.867s][gc,heap     ] GC(241) Max Capacity: 128M(100%)
[2024-07-21T22:32:46.879+0800][14.867s][gc,heap     ] GC(241) Soft Max Capacity: 128M(100%)
[2024-07-21T22:32:46.879+0800][14.867s][gc,heap     ] GC(241)                Mark Start          Mark End        Relocate Start      Relocate End           High               Low         
[2024-07-21T22:32:46.879+0800][14.867s][gc,heap     ] GC(241)  Capacity:      128M (100%)        128M (100%)        128M (100%)        128M (100%)        128M (100%)        128M (100%)   
[2024-07-21T22:32:46.879+0800][14.867s][gc,heap     ] GC(241)      Free:        8M (6%)            0M (0%)           80M (62%)          78M (61%)          82M (64%)           0M (0%)     
[2024-07-21T22:32:46.879+0800][14.868s][gc,heap     ] GC(241)      Used:      120M (94%)         128M (100%)         48M (38%)          50M (39%)         128M (100%)         46M (36%)    
[2024-07-21T22:32:46.879+0800][14.868s][gc,heap     ] GC(241)      Live:         -                32M (25%)          32M (25%)          32M (25%)            -                  -          
[2024-07-21T22:32:46.879+0800][14.868s][gc,heap     ] GC(241) Allocated:         -                 8M (6%)           10M (8%)           12M (9%)             -                  -          
[2024-07-21T22:32:46.879+0800][14.868s][gc,heap     ] GC(241)   Garbage:         -                87M (68%)           5M (4%)            5M (4%)             -                  -          
[2024-07-21T22:32:46.879+0800][14.868s][gc,heap     ] GC(241) Reclaimed:         -                  -                82M (64%)          82M (64%)            -                  -          
[2024-07-21T22:32:46.880+0800][14.868s][gc          ] GC(241) Garbage Collection (Allocation Rate) 120M(94%)->50M(39%)
[2024-07-21T22:32:46.951+0800][14.939s][gc,start    ] GC(242) Garbage Collection (Allocation Stall)
[2024-07-21T22:32:46.951+0800][14.939s][gc,ref      ] GC(242) Clearing All SoftReferences
[2024-07-21T22:32:46.951+0800][14.939s][gc,task     ] GC(242) Using 1 workers
[2024-07-21T22:32:46.952+0800][14.940s][gc,phases   ] GC(242) Pause Mark Start 0.017ms
[2024-07-21T22:32:46.956+0800][14.944s][gc,phases   ] GC(242) Concurrent Mark 4.665ms
[2024-07-21T22:32:46.957+0800][14.945s][gc,phases   ] GC(242) Pause Mark End 0.031ms
[2024-07-21T22:32:46.957+0800][14.945s][gc,phases   ] GC(242) Concurrent Mark Free 0.001ms
[2024-07-21T22:32:46.958+0800][14.946s][gc,phases   ] GC(242) Concurrent Process Non-Strong References 1.285ms
[2024-07-21T22:32:46.958+0800][14.946s][gc,phases   ] GC(242) Concurrent Reset Relocation Set 0.000ms
[2024-07-21T22:32:46.960+0800][14.948s][gc          ] Allocation Stall (main) 9.372ms
[2024-07-21T22:32:46.960+0800][14.948s][gc,phases   ] GC(242) Concurrent Select Relocation Set 2.124ms
[2024-07-21T22:32:46.961+0800][14.949s][gc,phases   ] GC(242) Pause Relocate Start 0.019ms
[2024-07-21T22:32:46.961+0800][14.949s][gc,phases   ] GC(242) Concurrent Relocate 0.116ms
[2024-07-21T22:32:46.961+0800][14.949s][gc,load     ] GC(242) Load: 0.00/0.00/0.00
[2024-07-21T22:32:46.961+0800][14.949s][gc,mmu      ] GC(242) MMU: 2ms/96.5%, 5ms/98.4%, 10ms/99.1%, 20ms/99.5%, 50ms/99.7%, 100ms/99.9%
[2024-07-21T22:32:46.961+0800][14.949s][gc,marking  ] GC(242) Mark: 1 stripe(s), 1 proactive flush(es), 1 terminate flush(es), 0 completion(s), 0 continuation(s) 
[2024-07-21T22:32:46.961+0800][14.949s][gc,marking  ] GC(242) Mark Stack Usage: 32M
[2024-07-21T22:32:46.961+0800][14.949s][gc,nmethod  ] GC(242) NMethods: 469 registered, 0 unregistered
[2024-07-21T22:32:46.961+0800][14.949s][gc,metaspace] GC(242) Metaspace: 1M used, 1M committed, 1032M reserved
[2024-07-21T22:32:46.961+0800][14.949s][gc,ref      ] GC(242) Soft: 43 encountered, 20 discovered, 0 enqueued
[2024-07-21T22:32:46.961+0800][14.949s][gc,ref      ] GC(242) Weak: 131 encountered, 107 discovered, 0 enqueued
[2024-07-21T22:32:46.961+0800][14.949s][gc,ref      ] GC(242) Final: 0 encountered, 0 discovered, 0 enqueued
[2024-07-21T22:32:46.961+0800][14.949s][gc,ref      ] GC(242) Phantom: 184 encountered, 98 discovered, 0 enqueued
[2024-07-21T22:32:46.961+0800][14.949s][gc,reloc    ] GC(242) Small Pages: 4 / 8M, Empty: 2M, Relocated: 0M, In-Place: 0
[2024-07-21T22:32:46.961+0800][14.949s][gc,reloc    ] GC(242) Medium Pages: 1 / 4M, Empty: 0M, Relocated: 0M, In-Place: 0
[2024-07-21T22:32:46.961+0800][14.949s][gc,reloc    ] GC(242) Large Pages: 58 / 116M, Empty: 80M, Relocated: 0M, In-Place: 0
[2024-07-21T22:32:46.961+0800][14.949s][gc,reloc    ] GC(242) Forwarding Usage: 0M
[2024-07-21T22:32:46.961+0800][14.949s][gc,heap     ] GC(242) Min Capacity: 8M(6%)
[2024-07-21T22:32:46.961+0800][14.949s][gc,heap     ] GC(242) Max Capacity: 128M(100%)
[2024-07-21T22:32:46.961+0800][14.949s][gc,heap     ] GC(242) Soft Max Capacity: 128M(100%)
[2024-07-21T22:32:46.961+0800][14.949s][gc,heap     ] GC(242)                Mark Start          Mark End        Relocate Start      Relocate End           High               Low         
[2024-07-21T22:32:46.961+0800][14.949s][gc,heap     ] GC(242)  Capacity:      128M (100%)        128M (100%)        128M (100%)        128M (100%)        128M (100%)        128M (100%)   
[2024-07-21T22:32:46.961+0800][14.949s][gc,heap     ] GC(242)      Free:        0M (0%)            0M (0%)           78M (61%)          78M (61%)          82M (64%)           0M (0%)     
[2024-07-21T22:32:46.961+0800][14.949s][gc,heap     ] GC(242)      Used:      128M (100%)        128M (100%)         50M (39%)          50M (39%)         128M (100%)         46M (36%)    
[2024-07-21T22:32:46.961+0800][14.949s][gc,heap     ] GC(242)      Live:         -                40M (32%)          40M (32%)          40M (32%)            -                  -          
[2024-07-21T22:32:46.961+0800][14.949s][gc,heap     ] GC(242) Allocated:         -                 0M (0%)            4M (3%)            4M (3%)             -                  -          
[2024-07-21T22:32:46.961+0800][14.949s][gc,heap     ] GC(242)   Garbage:         -                87M (68%)           5M (4%)            5M (4%)             -                  -          
[2024-07-21T22:32:46.961+0800][14.949s][gc,heap     ] GC(242) Reclaimed:         -                  -                82M (64%)          82M (64%)            -                  -          
[2024-07-21T22:32:46.961+0800][14.949s][gc          ] GC(242) Garbage Collection (Allocation Stall) 128M(100%)->50M(39%)
[2024-07-21T22:32:46.982+0800][14.970s][gc,start    ] GC(243) Garbage Collection (Allocation Rate)
[2024-07-21T22:32:46.982+0800][14.970s][gc,task     ] GC(243) Using 1 workers
[2024-07-21T22:32:46.982+0800][14.971s][gc,phases   ] GC(243) Pause Mark Start 0.008ms
[2024-07-21T22:32:46.986+0800][14.974s][gc,phases   ] GC(243) Concurrent Mark 3.740ms
[2024-07-21T22:32:46.986+0800][14.975s][gc,phases   ] GC(243) Pause Mark End 0.008ms
[2024-07-21T22:32:46.987+0800][14.975s][gc,phases   ] GC(243) Concurrent Mark Free 0.001ms
[2024-07-21T22:32:46.988+0800][14.976s][gc,phases   ] GC(243) Concurrent Process Non-Strong References 1.135ms
[2024-07-21T22:32:46.988+0800][14.976s][gc,phases   ] GC(243) Concurrent Reset Relocation Set 0.000ms
[2024-07-21T22:32:46.990+0800][14.978s][gc,phases   ] GC(243) Concurrent Select Relocation Set 1.838ms
[2024-07-21T22:32:46.990+0800][14.978s][gc,phases   ] GC(243) Pause Relocate Start 0.004ms
[2024-07-21T22:32:46.990+0800][14.978s][gc,phases   ] GC(243) Concurrent Relocate 0.113ms
[2024-07-21T22:32:46.990+0800][14.978s][gc,load     ] GC(243) Load: 0.00/0.00/0.00
[2024-07-21T22:32:46.990+0800][14.978s][gc,mmu      ] GC(243) MMU: 2ms/96.5%, 5ms/98.4%, 10ms/99.1%, 20ms/99.5%, 50ms/99.7%, 100ms/99.9%
[2024-07-21T22:32:46.990+0800][14.978s][gc,marking  ] GC(243) Mark: 1 stripe(s), 2 proactive flush(es), 1 terminate flush(es), 0 completion(s), 0 continuation(s) 
[2024-07-21T22:32:46.990+0800][14.978s][gc,marking  ] GC(243) Mark Stack Usage: 32M
[2024-07-21T22:32:46.990+0800][14.978s][gc,nmethod  ] GC(243) NMethods: 469 registered, 0 unregistered
[2024-07-21T22:32:46.990+0800][14.978s][gc,metaspace] GC(243) Metaspace: 1M used, 1M committed, 1032M reserved
[2024-07-21T22:32:46.990+0800][14.978s][gc,ref      ] GC(243) Soft: 43 encountered, 0 discovered, 0 enqueued
[2024-07-21T22:32:46.990+0800][14.978s][gc,ref      ] GC(243) Weak: 131 encountered, 107 discovered, 0 enqueued
[2024-07-21T22:32:46.990+0800][14.978s][gc,ref      ] GC(243) Final: 0 encountered, 0 discovered, 0 enqueued
[2024-07-21T22:32:46.990+0800][14.978s][gc,ref      ] GC(243) Phantom: 184 encountered, 98 discovered, 0 enqueued
[2024-07-21T22:32:46.990+0800][14.978s][gc,reloc    ] GC(243) Small Pages: 4 / 8M, Empty: 2M, Relocated: 0M, In-Place: 0
[2024-07-21T22:32:46.990+0800][14.978s][gc,reloc    ] GC(243) Medium Pages: 1 / 4M, Empty: 0M, Relocated: 0M, In-Place: 0
[2024-07-21T22:32:46.990+0800][14.978s][gc,reloc    ] GC(243) Large Pages: 23 / 46M, Empty: 40M, Relocated: 0M, In-Place: 0
[2024-07-21T22:32:46.990+0800][14.978s][gc,reloc    ] GC(243) Forwarding Usage: 0M
[2024-07-21T22:32:46.990+0800][14.978s][gc,heap     ] GC(243) Min Capacity: 8M(6%)
[2024-07-21T22:32:46.990+0800][14.978s][gc,heap     ] GC(243) Max Capacity: 128M(100%)
[2024-07-21T22:32:46.990+0800][14.978s][gc,heap     ] GC(243) Soft Max Capacity: 128M(100%)
[2024-07-21T22:32:46.990+0800][14.978s][gc,heap     ] GC(243)                Mark Start          Mark End        Relocate Start      Relocate End           High               Low         
[2024-07-21T22:32:46.990+0800][14.978s][gc,heap     ] GC(243)  Capacity:      128M (100%)        128M (100%)        128M (100%)        128M (100%)        128M (100%)        128M (100%)   
[2024-07-21T22:32:46.990+0800][14.979s][gc,heap     ] GC(243)      Free:       70M (55%)          54M (42%)          96M (75%)          96M (75%)          96M (75%)          54M (42%)    
[2024-07-21T22:32:46.990+0800][14.979s][gc,heap     ] GC(243)      Used:       58M (45%)          74M (58%)          32M (25%)          32M (25%)          74M (58%)          32M (25%)    
[2024-07-21T22:32:46.990+0800][14.979s][gc,heap     ] GC(243)      Live:         -                10M (8%)           10M (8%)           10M (8%)             -                  -          
[2024-07-21T22:32:46.990+0800][14.979s][gc,heap     ] GC(243) Allocated:         -                16M (12%)          16M (12%)          16M (12%)            -                  -          
[2024-07-21T22:32:46.990+0800][14.979s][gc,heap     ] GC(243)   Garbage:         -                47M (37%)           5M (4%)            5M (4%)             -                  -          
[2024-07-21T22:32:46.990+0800][14.979s][gc,heap     ] GC(243) Reclaimed:         -                  -                42M (33%)          42M (33%)            -                  -          
[2024-07-21T22:32:46.990+0800][14.979s][gc          ] GC(243) Garbage Collection (Allocation Rate) 58M(45%)->32M(25%)
[2024-07-21T22:32:47.062+0800][15.051s][gc,start    ] GC(244) Garbage Collection (Allocation Stall)
[2024-07-21T22:32:47.062+0800][15.051s][gc,ref      ] GC(244) Clearing All SoftReferences
[2024-07-21T22:32:47.062+0800][15.051s][gc,task     ] GC(244) Using 1 workers
[2024-07-21T22:32:47.062+0800][15.051s][gc,phases   ] GC(244) Pause Mark Start 0.005ms
[2024-07-21T22:32:47.065+0800][15.054s][gc,phases   ] GC(244) Concurrent Mark 2.926ms
[2024-07-21T22:32:47.066+0800][15.054s][gc,phases   ] GC(244) Pause Mark End 0.005ms
[2024-07-21T22:32:47.066+0800][15.054s][gc,phases   ] GC(244) Concurrent Mark Free 0.001ms
[2024-07-21T22:32:47.067+0800][15.055s][gc,phases   ] GC(244) Concurrent Process Non-Strong References 1.111ms
[2024-07-21T22:32:47.067+0800][15.055s][gc,phases   ] GC(244) Concurrent Reset Relocation Set 0.000ms
[2024-07-21T22:32:47.068+0800][15.057s][gc          ] Allocation Stall (main) 6.496ms
[2024-07-21T22:32:47.069+0800][15.057s][gc,phases   ] GC(244) Concurrent Select Relocation Set 1.816ms
[2024-07-21T22:32:47.069+0800][15.057s][gc,phases   ] GC(244) Pause Relocate Start 0.004ms
[2024-07-21T22:32:47.069+0800][15.058s][gc,phases   ] GC(244) Concurrent Relocate 0.108ms
[2024-07-21T22:32:47.069+0800][15.058s][gc,load     ] GC(244) Load: 0.00/0.00/0.00
[2024-07-21T22:32:47.069+0800][15.058s][gc,mmu      ] GC(244) MMU: 2ms/96.5%, 5ms/98.4%, 10ms/99.1%, 20ms/99.5%, 50ms/99.7%, 100ms/99.9%
[2024-07-21T22:32:47.069+0800][15.058s][gc,marking  ] GC(244) Mark: 1 stripe(s), 1 proactive flush(es), 1 terminate flush(es), 0 completion(s), 0 continuation(s) 
[2024-07-21T22:32:47.069+0800][15.058s][gc,marking  ] GC(244) Mark Stack Usage: 32M
[2024-07-21T22:32:47.069+0800][15.058s][gc,nmethod  ] GC(244) NMethods: 469 registered, 0 unregistered
[2024-07-21T22:32:47.069+0800][15.058s][gc,metaspace] GC(244) Metaspace: 1M used, 1M committed, 1032M reserved
[2024-07-21T22:32:47.069+0800][15.058s][gc,ref      ] GC(244) Soft: 43 encountered, 20 discovered, 0 enqueued
[2024-07-21T22:32:47.069+0800][15.058s][gc,ref      ] GC(244) Weak: 131 encountered, 107 discovered, 0 enqueued
[2024-07-21T22:32:47.069+0800][15.058s][gc,ref      ] GC(244) Final: 0 encountered, 0 discovered, 0 enqueued
[2024-07-21T22:32:47.069+0800][15.058s][gc,ref      ] GC(244) Phantom: 184 encountered, 98 discovered, 0 enqueued
[2024-07-21T22:32:47.069+0800][15.058s][gc,reloc    ] GC(244) Small Pages: 4 / 8M, Empty: 2M, Relocated: 0M, In-Place: 0
[2024-07-21T22:32:47.069+0800][15.058s][gc,reloc    ] GC(244) Medium Pages: 1 / 4M, Empty: 0M, Relocated: 0M, In-Place: 0
[2024-07-21T22:32:47.069+0800][15.058s][gc,reloc    ] GC(244) Large Pages: 58 / 116M, Empty: 80M, Relocated: 0M, In-Place: 0
[2024-07-21T22:32:47.069+0800][15.058s][gc,reloc    ] GC(244) Forwarding Usage: 0M
[2024-07-21T22:32:47.069+0800][15.058s][gc,heap     ] GC(244) Min Capacity: 8M(6%)
[2024-07-21T22:32:47.069+0800][15.058s][gc,heap     ] GC(244) Max Capacity: 128M(100%)
[2024-07-21T22:32:47.069+0800][15.058s][gc,heap     ] GC(244) Soft Max Capacity: 128M(100%)
[2024-07-21T22:32:47.069+0800][15.058s][gc,heap     ] GC(244)                Mark Start          Mark End        Relocate Start      Relocate End           High               Low         
[2024-07-21T22:32:47.069+0800][15.058s][gc,heap     ] GC(244)  Capacity:      128M (100%)        128M (100%)        128M (100%)        128M (100%)        128M (100%)        128M (100%)   
[2024-07-21T22:32:47.069+0800][15.058s][gc,heap     ] GC(244)      Free:        0M (0%)            0M (0%)           78M (61%)          76M (59%)          82M (64%)           0M (0%)     
[2024-07-21T22:32:47.069+0800][15.058s][gc,heap     ] GC(244)      Used:      128M (100%)        128M (100%)         50M (39%)          52M (41%)         128M (100%)         46M (36%)    
[2024-07-21T22:32:47.069+0800][15.058s][gc,heap     ] GC(244)      Live:         -                40M (32%)          40M (32%)          40M (32%)            -                  -          
[2024-07-21T22:32:47.069+0800][15.058s][gc,heap     ] GC(244) Allocated:         -                 0M (0%)            4M (3%)            6M (5%)             -                  -          
[2024-07-21T22:32:47.069+0800][15.058s][gc,heap     ] GC(244)   Garbage:         -                87M (68%)           5M (4%)            5M (4%)             -                  -          
[2024-07-21T22:32:47.069+0800][15.058s][gc,heap     ] GC(244) Reclaimed:         -                  -                82M (64%)          82M (64%)            -                  -          
[2024-07-21T22:32:47.069+0800][15.058s][gc          ] GC(244) Garbage Collection (Allocation Stall) 128M(100%)->52M(41%)
[2024-07-21T22:32:47.077+0800][15.065s][gc,start    ] GC(245) Garbage Collection (Allocation Rate)
[2024-07-21T22:32:47.077+0800][15.065s][gc,task     ] GC(245) Using 1 workers
[2024-07-21T22:32:47.077+0800][15.065s][gc,phases   ] GC(245) Pause Mark Start 0.007ms
[2024-07-21T22:32:47.079+0800][15.068s][gc,phases   ] GC(245) Concurrent Mark 2.993ms
[2024-07-21T22:32:47.080+0800][15.068s][gc,phases   ] GC(245) Pause Mark End 0.007ms
[2024-07-21T22:32:47.080+0800][15.068s][gc,phases   ] GC(245) Concurrent Mark Free 0.001ms
[2024-07-21T22:32:47.081+0800][15.070s][gc,phases   ] GC(245) Concurrent Process Non-Strong References 1.172ms
[2024-07-21T22:32:47.081+0800][15.070s][gc,phases   ] GC(245) Concurrent Reset Relocation Set 0.001ms
[2024-07-21T22:32:47.083+0800][15.072s][gc,phases   ] GC(245) Concurrent Select Relocation Set 2.439ms
[2024-07-21T22:32:47.084+0800][15.072s][gc,phases   ] GC(245) Pause Relocate Start 0.007ms
[2024-07-21T22:32:47.084+0800][15.073s][gc,phases   ] GC(245) Concurrent Relocate 0.670ms
[2024-07-21T22:32:47.084+0800][15.073s][gc,load     ] GC(245) Load: 0.00/0.00/0.00
[2024-07-21T22:32:47.084+0800][15.073s][gc,mmu      ] GC(245) MMU: 2ms/96.5%, 5ms/98.4%, 10ms/99.1%, 20ms/99.5%, 50ms/99.7%, 100ms/99.9%
[2024-07-21T22:32:47.084+0800][15.073s][gc,marking  ] GC(245) Mark: 1 stripe(s), 1 proactive flush(es), 1 terminate flush(es), 0 completion(s), 0 continuation(s) 
[2024-07-21T22:32:47.084+0800][15.073s][gc,marking  ] GC(245) Mark Stack Usage: 32M
[2024-07-21T22:32:47.084+0800][15.073s][gc,nmethod  ] GC(245) NMethods: 469 registered, 0 unregistered
[2024-07-21T22:32:47.084+0800][15.073s][gc,metaspace] GC(245) Metaspace: 1M used, 1M committed, 1032M reserved
[2024-07-21T22:32:47.084+0800][15.073s][gc,ref      ] GC(245) Soft: 43 encountered, 0 discovered, 0 enqueued
[2024-07-21T22:32:47.084+0800][15.073s][gc,ref      ] GC(245) Weak: 131 encountered, 107 discovered, 0 enqueued
[2024-07-21T22:32:47.084+0800][15.073s][gc,ref      ] GC(245) Final: 0 encountered, 0 discovered, 0 enqueued
[2024-07-21T22:32:47.084+0800][15.073s][gc,ref      ] GC(245) Phantom: 184 encountered, 98 discovered, 0 enqueued
[2024-07-21T22:32:47.085+0800][15.073s][gc,reloc    ] GC(245) Small Pages: 4 / 8M, Empty: 0M, Relocated: 1M, In-Place: 0
[2024-07-21T22:32:47.085+0800][15.073s][gc,reloc    ] GC(245) Medium Pages: 1 / 4M, Empty: 0M, Relocated: 0M, In-Place: 0
[2024-07-21T22:32:47.085+0800][15.073s][gc,reloc    ] GC(245) Large Pages: 20 / 40M, Empty: 40M, Relocated: 0M, In-Place: 0
[2024-07-21T22:32:47.085+0800][15.073s][gc,reloc    ] GC(245) Forwarding Usage: 0M
[2024-07-21T22:32:47.085+0800][15.073s][gc,heap     ] GC(245) Min Capacity: 8M(6%)
[2024-07-21T22:32:47.085+0800][15.073s][gc,heap     ] GC(245) Max Capacity: 128M(100%)
[2024-07-21T22:32:47.085+0800][15.073s][gc,heap     ] GC(245) Soft Max Capacity: 128M(100%)
[2024-07-21T22:32:47.085+0800][15.073s][gc,heap     ] GC(245)                Mark Start          Mark End        Relocate Start      Relocate End           High               Low         
[2024-07-21T22:32:47.085+0800][15.073s][gc,heap     ] GC(245)  Capacity:      128M (100%)        128M (100%)        128M (100%)        128M (100%)        128M (100%)        128M (100%)   
[2024-07-21T22:32:47.085+0800][15.073s][gc,heap     ] GC(245)      Free:       76M (59%)          76M (59%)         116M (91%)         118M (92%)         118M (92%)          76M (59%)    
[2024-07-21T22:32:47.085+0800][15.073s][gc,heap     ] GC(245)      Used:       52M (41%)          52M (41%)          12M (9%)           10M (8%)           52M (41%)          10M (8%)     
[2024-07-21T22:32:47.085+0800][15.074s][gc,heap     ] GC(245)      Live:         -                 4M (4%)            4M (4%)            4M (4%)             -                  -          
[2024-07-21T22:32:47.085+0800][15.074s][gc,heap     ] GC(245) Allocated:         -                 0M (0%)            0M (0%)            0M (0%)             -                  -          
[2024-07-21T22:32:47.085+0800][15.074s][gc,heap     ] GC(245)   Garbage:         -                47M (37%)           7M (6%)            5M (4%)             -                  -          
[2024-07-21T22:32:47.085+0800][15.074s][gc,heap     ] GC(245) Reclaimed:         -                  -                40M (31%)          42M (33%)            -                  -          
[2024-07-21T22:32:47.085+0800][15.074s][gc          ] GC(245) Garbage Collection (Allocation Rate) 52M(41%)->10M(8%)
[2024-07-21T22:32:47.171+0800][15.159s][gc,start    ] GC(246) Garbage Collection (Allocation Rate)
[2024-07-21T22:32:47.171+0800][15.160s][gc,task     ] GC(246) Using 1 workers
[2024-07-21T22:32:47.171+0800][15.160s][gc,phases   ] GC(246) Pause Mark Start 0.009ms
[2024-07-21T22:32:47.176+0800][15.164s][gc,phases   ] GC(246) Concurrent Mark 4.446ms
[2024-07-21T22:32:47.176+0800][15.165s][gc,phases   ] GC(246) Pause Mark End 0.010ms
[2024-07-21T22:32:47.176+0800][15.165s][gc,phases   ] GC(246) Concurrent Mark Free 0.001ms
[2024-07-21T22:32:47.177+0800][15.166s][gc,phases   ] GC(246) Concurrent Process Non-Strong References 1.364ms
[2024-07-21T22:32:47.177+0800][15.166s][gc,phases   ] GC(246) Concurrent Reset Relocation Set 0.001ms
[2024-07-21T22:32:47.180+0800][15.169s][gc          ] Allocation Stall (main) 7.159ms
[2024-07-21T22:32:47.180+0800][15.169s][gc,phases   ] GC(246) Concurrent Select Relocation Set 2.475ms
[2024-07-21T22:32:47.180+0800][15.169s][gc,phases   ] GC(246) Pause Relocate Start 0.009ms
[2024-07-21T22:32:47.180+0800][15.169s][gc,phases   ] GC(246) Concurrent Relocate 0.140ms
[2024-07-21T22:32:47.180+0800][15.169s][gc,load     ] GC(246) Load: 0.00/0.00/0.00
[2024-07-21T22:32:47.180+0800][15.169s][gc,mmu      ] GC(246) MMU: 2ms/96.5%, 5ms/98.4%, 10ms/99.1%, 20ms/99.5%, 50ms/99.7%, 100ms/99.9%
[2024-07-21T22:32:47.181+0800][15.169s][gc,marking  ] GC(246) Mark: 1 stripe(s), 2 proactive flush(es), 1 terminate flush(es), 0 completion(s), 0 continuation(s) 
[2024-07-21T22:32:47.181+0800][15.169s][gc,marking  ] GC(246) Mark Stack Usage: 32M
[2024-07-21T22:32:47.181+0800][15.169s][gc,nmethod  ] GC(246) NMethods: 469 registered, 0 unregistered
[2024-07-21T22:32:47.181+0800][15.169s][gc,metaspace] GC(246) Metaspace: 1M used, 1M committed, 1032M reserved
[2024-07-21T22:32:47.181+0800][15.170s][gc,ref      ] GC(246) Soft: 43 encountered, 0 discovered, 0 enqueued
[2024-07-21T22:32:47.181+0800][15.170s][gc,ref      ] GC(246) Weak: 131 encountered, 107 discovered, 0 enqueued
[2024-07-21T22:32:47.181+0800][15.170s][gc,ref      ] GC(246) Final: 0 encountered, 0 discovered, 0 enqueued
[2024-07-21T22:32:47.181+0800][15.170s][gc,ref      ] GC(246) Phantom: 184 encountered, 98 discovered, 0 enqueued
[2024-07-21T22:32:47.181+0800][15.170s][gc,reloc    ] GC(246) Small Pages: 4 / 8M, Empty: 2M, Relocated: 0M, In-Place: 0
[2024-07-21T22:32:47.181+0800][15.170s][gc,reloc    ] GC(246) Medium Pages: 1 / 4M, Empty: 0M, Relocated: 0M, In-Place: 0
[2024-07-21T22:32:47.181+0800][15.170s][gc,reloc    ] GC(246) Large Pages: 53 / 106M, Empty: 80M, Relocated: 0M, In-Place: 0
[2024-07-21T22:32:47.181+0800][15.170s][gc,reloc    ] GC(246) Forwarding Usage: 0M
[2024-07-21T22:32:47.181+0800][15.170s][gc,heap     ] GC(246) Min Capacity: 8M(6%)
[2024-07-21T22:32:47.181+0800][15.170s][gc,heap     ] GC(246) Max Capacity: 128M(100%)
[2024-07-21T22:32:47.181+0800][15.170s][gc,heap     ] GC(246) Soft Max Capacity: 128M(100%)
[2024-07-21T22:32:47.181+0800][15.170s][gc,heap     ] GC(246)                Mark Start          Mark End        Relocate Start      Relocate End           High               Low         
[2024-07-21T22:32:47.181+0800][15.170s][gc,heap     ] GC(246)  Capacity:      128M (100%)        128M (100%)        128M (100%)        128M (100%)        128M (100%)        128M (100%)   
[2024-07-21T22:32:47.181+0800][15.170s][gc,heap     ] GC(246)      Free:       10M (8%)            0M (0%)           80M (62%)          78M (61%)          82M (64%)           0M (0%)     
[2024-07-21T22:32:47.181+0800][15.170s][gc,heap     ] GC(246)      Used:      118M (92%)         128M (100%)         48M (38%)          50M (39%)         128M (100%)         46M (36%)    
[2024-07-21T22:32:47.181+0800][15.170s][gc,heap     ] GC(246)      Live:         -                30M (24%)          30M (24%)          30M (24%)            -                  -          
[2024-07-21T22:32:47.181+0800][15.170s][gc,heap     ] GC(246) Allocated:         -                10M (8%)           12M (9%)           14M (11%)            -                  -          
[2024-07-21T22:32:47.181+0800][15.170s][gc,heap     ] GC(246)   Garbage:         -                87M (68%)           5M (4%)            5M (4%)             -                  -          
[2024-07-21T22:32:47.181+0800][15.170s][gc,heap     ] GC(246) Reclaimed:         -                  -                82M (64%)          82M (64%)            -                  -          
[2024-07-21T22:32:47.181+0800][15.170s][gc          ] GC(246) Garbage Collection (Allocation Rate) 118M(92%)->50M(39%)
[2024-07-21T22:32:47.250+0800][15.239s][gc,start    ] GC(247) Garbage Collection (Allocation Stall)
[2024-07-21T22:32:47.250+0800][15.239s][gc,ref      ] GC(247) Clearing All SoftReferences
[2024-07-21T22:32:47.250+0800][15.239s][gc,task     ] GC(247) Using 1 workers
[2024-07-21T22:32:47.250+0800][15.239s][gc,phases   ] GC(247) Pause Mark Start 0.006ms
[2024-07-21T22:32:47.254+0800][15.243s][gc,phases   ] GC(247) Concurrent Mark 3.465ms
[2024-07-21T22:32:47.254+0800][15.243s][gc,phases   ] GC(247) Pause Mark End 0.006ms
[2024-07-21T22:32:47.254+0800][15.243s][gc,phases   ] GC(247) Concurrent Mark Free 0.001ms
[2024-07-21T22:32:47.255+0800][15.244s][gc,phases   ] GC(247) Concurrent Process Non-Strong References 1.149ms
[2024-07-21T22:32:47.255+0800][15.244s][gc,phases   ] GC(247) Concurrent Reset Relocation Set 0.000ms
[2024-07-21T22:32:47.257+0800][15.246s][gc          ] Allocation Stall (main) 7.196ms
[2024-07-21T22:32:47.257+0800][15.246s][gc,phases   ] GC(247) Concurrent Select Relocation Set 1.861ms
[2024-07-21T22:32:47.258+0800][15.246s][gc,phases   ] GC(247) Pause Relocate Start 0.004ms
[2024-07-21T22:32:47.258+0800][15.247s][gc,phases   ] GC(247) Concurrent Relocate 0.112ms
[2024-07-21T22:32:47.258+0800][15.247s][gc,load     ] GC(247) Load: 0.00/0.00/0.00
[2024-07-21T22:32:47.258+0800][15.247s][gc,mmu      ] GC(247) MMU: 2ms/96.5%, 5ms/98.4%, 10ms/99.1%, 20ms/99.5%, 50ms/99.7%, 100ms/99.9%
[2024-07-21T22:32:47.258+0800][15.247s][gc,marking  ] GC(247) Mark: 1 stripe(s), 1 proactive flush(es), 1 terminate flush(es), 0 completion(s), 0 continuation(s) 
[2024-07-21T22:32:47.258+0800][15.247s][gc,marking  ] GC(247) Mark Stack Usage: 32M
[2024-07-21T22:32:47.258+0800][15.247s][gc,nmethod  ] GC(247) NMethods: 469 registered, 0 unregistered
[2024-07-21T22:32:47.258+0800][15.247s][gc,metaspace] GC(247) Metaspace: 1M used, 1M committed, 1032M reserved
[2024-07-21T22:32:47.258+0800][15.247s][gc,ref      ] GC(247) Soft: 43 encountered, 20 discovered, 0 enqueued
[2024-07-21T22:32:47.258+0800][15.247s][gc,ref      ] GC(247) Weak: 131 encountered, 107 discovered, 0 enqueued
[2024-07-21T22:32:47.258+0800][15.247s][gc,ref      ] GC(247) Final: 0 encountered, 0 discovered, 0 enqueued
[2024-07-21T22:32:47.258+0800][15.247s][gc,ref      ] GC(247) Phantom: 184 encountered, 98 discovered, 0 enqueued
[2024-07-21T22:32:47.258+0800][15.247s][gc,reloc    ] GC(247) Small Pages: 4 / 8M, Empty: 2M, Relocated: 0M, In-Place: 0
[2024-07-21T22:32:47.258+0800][15.247s][gc,reloc    ] GC(247) Medium Pages: 1 / 4M, Empty: 0M, Relocated: 0M, In-Place: 0
[2024-07-21T22:32:47.258+0800][15.247s][gc,reloc    ] GC(247) Large Pages: 58 / 116M, Empty: 80M, Relocated: 0M, In-Place: 0
[2024-07-21T22:32:47.258+0800][15.247s][gc,reloc    ] GC(247) Forwarding Usage: 0M
[2024-07-21T22:32:47.258+0800][15.247s][gc,heap     ] GC(247) Min Capacity: 8M(6%)
[2024-07-21T22:32:47.258+0800][15.247s][gc,heap     ] GC(247) Max Capacity: 128M(100%)
[2024-07-21T22:32:47.258+0800][15.247s][gc,heap     ] GC(247) Soft Max Capacity: 128M(100%)
[2024-07-21T22:32:47.258+0800][15.247s][gc,heap     ] GC(247)                Mark Start          Mark End        Relocate Start      Relocate End           High               Low         
[2024-07-21T22:32:47.258+0800][15.247s][gc,heap     ] GC(247)  Capacity:      128M (100%)        128M (100%)        128M (100%)        128M (100%)        128M (100%)        128M (100%)   
[2024-07-21T22:32:47.258+0800][15.247s][gc,heap     ] GC(247)      Free:        0M (0%)            0M (0%)           78M (61%)          78M (61%)          82M (64%)           0M (0%)     
[2024-07-21T22:32:47.258+0800][15.247s][gc,heap     ] GC(247)      Used:      128M (100%)        128M (100%)         50M (39%)          50M (39%)         128M (100%)         46M (36%)    
[2024-07-21T22:32:47.258+0800][15.247s][gc,heap     ] GC(247)      Live:         -                40M (32%)          40M (32%)          40M (32%)            -                  -          
[2024-07-21T22:32:47.258+0800][15.247s][gc,heap     ] GC(247) Allocated:         -                 0M (0%)            4M (3%)            4M (3%)             -                  -          
[2024-07-21T22:32:47.258+0800][15.247s][gc,heap     ] GC(247)   Garbage:         -                87M (68%)           5M (4%)            5M (4%)             -                  -          
[2024-07-21T22:32:47.258+0800][15.247s][gc,heap     ] GC(247) Reclaimed:         -                  -                82M (64%)          82M (64%)            -                  -          
[2024-07-21T22:32:47.258+0800][15.247s][gc          ] GC(247) Garbage Collection (Allocation Stall) 128M(100%)->50M(39%)
[2024-07-21T22:32:47.282+0800][15.270s][gc,start    ] GC(248) Garbage Collection (Allocation Rate)
[2024-07-21T22:32:47.282+0800][15.270s][gc,task     ] GC(248) Using 1 workers
[2024-07-21T22:32:47.282+0800][15.270s][gc,phases   ] GC(248) Pause Mark Start 0.015ms
[2024-07-21T22:32:47.285+0800][15.274s][gc,phases   ] GC(248) Concurrent Mark 3.477ms
[2024-07-21T22:32:47.285+0800][15.274s][gc,phases   ] GC(248) Pause Mark End 0.009ms
[2024-07-21T22:32:47.285+0800][15.274s][gc,phases   ] GC(248) Concurrent Mark Free 0.001ms
[2024-07-21T22:32:47.287+0800][15.275s][gc,phases   ] GC(248) Concurrent Process Non-Strong References 1.058ms
[2024-07-21T22:32:47.287+0800][15.275s][gc,phases   ] GC(248) Concurrent Reset Relocation Set 0.000ms
[2024-07-21T22:32:47.289+0800][15.278s][gc,phases   ] GC(248) Concurrent Select Relocation Set 2.361ms
[2024-07-21T22:32:47.289+0800][15.278s][gc,phases   ] GC(248) Pause Relocate Start 0.017ms
[2024-07-21T22:32:47.289+0800][15.278s][gc,phases   ] GC(248) Concurrent Relocate 0.017ms
[2024-07-21T22:32:47.289+0800][15.278s][gc,load     ] GC(248) Load: 0.00/0.00/0.00
[2024-07-21T22:32:47.289+0800][15.278s][gc,mmu      ] GC(248) MMU: 2ms/96.5%, 5ms/98.4%, 10ms/99.1%, 20ms/99.5%, 50ms/99.7%, 100ms/99.9%
[2024-07-21T22:32:47.289+0800][15.278s][gc,marking  ] GC(248) Mark: 1 stripe(s), 2 proactive flush(es), 1 terminate flush(es), 0 completion(s), 0 continuation(s) 
[2024-07-21T22:32:47.289+0800][15.278s][gc,marking  ] GC(248) Mark Stack Usage: 32M
[2024-07-21T22:32:47.289+0800][15.278s][gc,nmethod  ] GC(248) NMethods: 469 registered, 0 unregistered
[2024-07-21T22:32:47.289+0800][15.278s][gc,metaspace] GC(248) Metaspace: 1M used, 1M committed, 1032M reserved
[2024-07-21T22:32:47.289+0800][15.278s][gc,ref      ] GC(248) Soft: 43 encountered, 0 discovered, 0 enqueued
[2024-07-21T22:32:47.289+0800][15.278s][gc,ref      ] GC(248) Weak: 131 encountered, 107 discovered, 0 enqueued
[2024-07-21T22:32:47.289+0800][15.278s][gc,ref      ] GC(248) Final: 0 encountered, 0 discovered, 0 enqueued
[2024-07-21T22:32:47.289+0800][15.278s][gc,ref      ] GC(248) Phantom: 184 encountered, 98 discovered, 0 enqueued
[2024-07-21T22:32:47.289+0800][15.278s][gc,reloc    ] GC(248) Small Pages: 4 / 8M, Empty: 2M, Relocated: 0M, In-Place: 0
[2024-07-21T22:32:47.289+0800][15.278s][gc,reloc    ] GC(248) Medium Pages: 1 / 4M, Empty: 0M, Relocated: 0M, In-Place: 0
[2024-07-21T22:32:47.289+0800][15.278s][gc,reloc    ] GC(248) Large Pages: 23 / 46M, Empty: 40M, Relocated: 0M, In-Place: 0
[2024-07-21T22:32:47.289+0800][15.278s][gc,reloc    ] GC(248) Forwarding Usage: 0M
[2024-07-21T22:32:47.290+0800][15.278s][gc,heap     ] GC(248) Min Capacity: 8M(6%)
[2024-07-21T22:32:47.290+0800][15.278s][gc,heap     ] GC(248) Max Capacity: 128M(100%)
[2024-07-21T22:32:47.290+0800][15.278s][gc,heap     ] GC(248) Soft Max Capacity: 128M(100%)
[2024-07-21T22:32:47.290+0800][15.278s][gc,heap     ] GC(248)                Mark Start          Mark End        Relocate Start      Relocate End           High               Low         
[2024-07-21T22:32:47.290+0800][15.278s][gc,heap     ] GC(248)  Capacity:      128M (100%)        128M (100%)        128M (100%)        128M (100%)        128M (100%)        128M (100%)   
[2024-07-21T22:32:47.290+0800][15.278s][gc,heap     ] GC(248)      Free:       70M (55%)          54M (42%)          96M (75%)          96M (75%)          96M (75%)          54M (42%)    
[2024-07-21T22:32:47.290+0800][15.278s][gc,heap     ] GC(248)      Used:       58M (45%)          74M (58%)          32M (25%)          32M (25%)          74M (58%)          32M (25%)    
[2024-07-21T22:32:47.290+0800][15.279s][gc,heap     ] GC(248)      Live:         -                10M (8%)           10M (8%)           10M (8%)             -                  -          
[2024-07-21T22:32:47.290+0800][15.279s][gc,heap     ] GC(248) Allocated:         -                16M (12%)          16M (12%)          16M (12%)            -                  -          
[2024-07-21T22:32:47.290+0800][15.279s][gc,heap     ] GC(248)   Garbage:         -                47M (37%)           5M (4%)            5M (4%)             -                  -          
[2024-07-21T22:32:47.290+0800][15.279s][gc,heap     ] GC(248) Reclaimed:         -                  -                42M (33%)          42M (33%)            -                  -          
[2024-07-21T22:32:47.290+0800][15.279s][gc          ] GC(248) Garbage Collection (Allocation Rate) 58M(45%)->32M(25%)
[2024-07-21T22:32:47.363+0800][15.352s][gc,start    ] GC(249) Garbage Collection (Allocation Stall)
[2024-07-21T22:32:47.363+0800][15.352s][gc,ref      ] GC(249) Clearing All SoftReferences
[2024-07-21T22:32:47.363+0800][15.352s][gc,task     ] GC(249) Using 1 workers
[2024-07-21T22:32:47.363+0800][15.352s][gc,phases   ] GC(249) Pause Mark Start 0.010ms
[2024-07-21T22:32:47.368+0800][15.357s][gc,phases   ] GC(249) Concurrent Mark 4.604ms
[2024-07-21T22:32:47.368+0800][15.357s][gc,phases   ] GC(249) Pause Mark End 0.018ms
[2024-07-21T22:32:47.368+0800][15.357s][gc,phases   ] GC(249) Concurrent Mark Free 0.001ms
[2024-07-21T22:32:47.370+0800][15.358s][gc,phases   ] GC(249) Concurrent Process Non-Strong References 1.152ms
[2024-07-21T22:32:47.370+0800][15.358s][gc,phases   ] GC(249) Concurrent Reset Relocation Set 0.001ms
[2024-07-21T22:32:47.372+0800][15.361s][gc          ] Allocation Stall (main) 9.142ms
[2024-07-21T22:32:47.372+0800][15.361s][gc,phases   ] GC(249) Concurrent Select Relocation Set 2.524ms
[2024-07-21T22:32:47.373+0800][15.361s][gc,phases   ] GC(249) Pause Relocate Start 0.023ms
[2024-07-21T22:32:47.373+0800][15.362s][gc,phases   ] GC(249) Concurrent Relocate 0.123ms
[2024-07-21T22:32:47.373+0800][15.362s][gc,load     ] GC(249) Load: 0.00/0.00/0.00
[2024-07-21T22:32:47.373+0800][15.362s][gc,mmu      ] GC(249) MMU: 2ms/96.5%, 5ms/98.4%, 10ms/99.1%, 20ms/99.5%, 50ms/99.7%, 100ms/99.9%
[2024-07-21T22:32:47.373+0800][15.362s][gc,marking  ] GC(249) Mark: 1 stripe(s), 1 proactive flush(es), 1 terminate flush(es), 0 completion(s), 0 continuation(s) 
[2024-07-21T22:32:47.373+0800][15.362s][gc,marking  ] GC(249) Mark Stack Usage: 32M
[2024-07-21T22:32:47.373+0800][15.362s][gc,nmethod  ] GC(249) NMethods: 469 registered, 0 unregistered
[2024-07-21T22:32:47.373+0800][15.362s][gc,metaspace] GC(249) Metaspace: 1M used, 1M committed, 1032M reserved
[2024-07-21T22:32:47.373+0800][15.362s][gc,ref      ] GC(249) Soft: 43 encountered, 20 discovered, 0 enqueued
[2024-07-21T22:32:47.373+0800][15.362s][gc,ref      ] GC(249) Weak: 131 encountered, 107 discovered, 0 enqueued
[2024-07-21T22:32:47.373+0800][15.362s][gc,ref      ] GC(249) Final: 0 encountered, 0 discovered, 0 enqueued
[2024-07-21T22:32:47.373+0800][15.362s][gc,ref      ] GC(249) Phantom: 184 encountered, 98 discovered, 0 enqueued
[2024-07-21T22:32:47.373+0800][15.362s][gc,reloc    ] GC(249) Small Pages: 4 / 8M, Empty: 2M, Relocated: 0M, In-Place: 0
[2024-07-21T22:32:47.373+0800][15.362s][gc,reloc    ] GC(249) Medium Pages: 1 / 4M, Empty: 0M, Relocated: 0M, In-Place: 0
[2024-07-21T22:32:47.373+0800][15.362s][gc,reloc    ] GC(249) Large Pages: 58 / 116M, Empty: 80M, Relocated: 0M, In-Place: 0
[2024-07-21T22:32:47.373+0800][15.362s][gc,reloc    ] GC(249) Forwarding Usage: 0M
[2024-07-21T22:32:47.373+0800][15.362s][gc,heap     ] GC(249) Min Capacity: 8M(6%)
[2024-07-21T22:32:47.373+0800][15.362s][gc,heap     ] GC(249) Max Capacity: 128M(100%)
[2024-07-21T22:32:47.373+0800][15.362s][gc,heap     ] GC(249) Soft Max Capacity: 128M(100%)
[2024-07-21T22:32:47.373+0800][15.362s][gc,heap     ] GC(249)                Mark Start          Mark End        Relocate Start      Relocate End           High               Low         
[2024-07-21T22:32:47.373+0800][15.362s][gc,heap     ] GC(249)  Capacity:      128M (100%)        128M (100%)        128M (100%)        128M (100%)        128M (100%)        128M (100%)   
[2024-07-21T22:32:47.373+0800][15.362s][gc,heap     ] GC(249)      Free:        0M (0%)            0M (0%)           78M (61%)          78M (61%)          82M (64%)           0M (0%)     
[2024-07-21T22:32:47.373+0800][15.362s][gc,heap     ] GC(249)      Used:      128M (100%)        128M (100%)         50M (39%)          50M (39%)         128M (100%)         46M (36%)    
[2024-07-21T22:32:47.373+0800][15.362s][gc,heap     ] GC(249)      Live:         -                40M (32%)          40M (32%)          40M (32%)            -                  -          
[2024-07-21T22:32:47.373+0800][15.362s][gc,heap     ] GC(249) Allocated:         -                 0M (0%)            4M (3%)            4M (3%)             -                  -          
[2024-07-21T22:32:47.373+0800][15.362s][gc,heap     ] GC(249)   Garbage:         -                87M (68%)           5M (4%)            5M (4%)             -                  -          
[2024-07-21T22:32:47.373+0800][15.362s][gc,heap     ] GC(249) Reclaimed:         -                  -                82M (64%)          82M (64%)            -                  -          
[2024-07-21T22:32:47.373+0800][15.362s][gc          ] GC(249) Garbage Collection (Allocation Stall) 128M(100%)->50M(39%)
[2024-07-21T22:32:47.377+0800][15.366s][gc,start    ] GC(250) Garbage Collection (Allocation Rate)
[2024-07-21T22:32:47.377+0800][15.366s][gc,task     ] GC(250) Using 1 workers
[2024-07-21T22:32:47.377+0800][15.366s][gc,phases   ] GC(250) Pause Mark Start 0.007ms
[2024-07-21T22:32:47.382+0800][15.370s][gc,phases   ] GC(250) Concurrent Mark 4.401ms
[2024-07-21T22:32:47.382+0800][15.371s][gc,phases   ] GC(250) Pause Mark End 0.025ms
[2024-07-21T22:32:47.382+0800][15.371s][gc,phases   ] GC(250) Concurrent Mark Free 0.001ms
[2024-07-21T22:32:47.383+0800][15.372s][gc,phases   ] GC(250) Concurrent Process Non-Strong References 1.435ms
[2024-07-21T22:32:47.383+0800][15.372s][gc,phases   ] GC(250) Concurrent Reset Relocation Set 0.001ms
[2024-07-21T22:32:47.386+0800][15.375s][gc,phases   ] GC(250) Concurrent Select Relocation Set 2.903ms
[2024-07-21T22:32:47.386+0800][15.375s][gc,phases   ] GC(250) Pause Relocate Start 0.008ms
[2024-07-21T22:32:47.387+0800][15.376s][gc,phases   ] GC(250) Concurrent Relocate 0.821ms
[2024-07-21T22:32:47.387+0800][15.376s][gc,load     ] GC(250) Load: 0.00/0.00/0.00
[2024-07-21T22:32:47.387+0800][15.376s][gc,mmu      ] GC(250) MMU: 2ms/96.5%, 5ms/98.4%, 10ms/99.1%, 20ms/99.5%, 50ms/99.7%, 100ms/99.9%
[2024-07-21T22:32:47.387+0800][15.376s][gc,marking  ] GC(250) Mark: 1 stripe(s), 1 proactive flush(es), 1 terminate flush(es), 0 completion(s), 0 continuation(s) 
[2024-07-21T22:32:47.388+0800][15.376s][gc,marking  ] GC(250) Mark Stack Usage: 32M
[2024-07-21T22:32:47.388+0800][15.376s][gc,nmethod  ] GC(250) NMethods: 469 registered, 0 unregistered
[2024-07-21T22:32:47.388+0800][15.376s][gc,metaspace] GC(250) Metaspace: 1M used, 1M committed, 1032M reserved
[2024-07-21T22:32:47.388+0800][15.376s][gc,ref      ] GC(250) Soft: 43 encountered, 0 discovered, 0 enqueued
[2024-07-21T22:32:47.388+0800][15.376s][gc,ref      ] GC(250) Weak: 131 encountered, 107 discovered, 0 enqueued
[2024-07-21T22:32:47.388+0800][15.376s][gc,ref      ] GC(250) Final: 0 encountered, 0 discovered, 0 enqueued
[2024-07-21T22:32:47.388+0800][15.376s][gc,ref      ] GC(250) Phantom: 184 encountered, 98 discovered, 0 enqueued
[2024-07-21T22:32:47.388+0800][15.376s][gc,reloc    ] GC(250) Small Pages: 4 / 8M, Empty: 0M, Relocated: 1M, In-Place: 0
[2024-07-21T22:32:47.388+0800][15.376s][gc,reloc    ] GC(250) Medium Pages: 1 / 4M, Empty: 0M, Relocated: 0M, In-Place: 0
[2024-07-21T22:32:47.388+0800][15.376s][gc,reloc    ] GC(250) Large Pages: 20 / 40M, Empty: 40M, Relocated: 0M, In-Place: 0
[2024-07-21T22:32:47.388+0800][15.376s][gc,reloc    ] GC(250) Forwarding Usage: 0M
[2024-07-21T22:32:47.388+0800][15.377s][gc,heap     ] GC(250) Min Capacity: 8M(6%)
[2024-07-21T22:32:47.388+0800][15.377s][gc,heap     ] GC(250) Max Capacity: 128M(100%)
[2024-07-21T22:32:47.388+0800][15.377s][gc,heap     ] GC(250) Soft Max Capacity: 128M(100%)
[2024-07-21T22:32:47.388+0800][15.377s][gc,heap     ] GC(250)                Mark Start          Mark End        Relocate Start      Relocate End           High               Low         
[2024-07-21T22:32:47.388+0800][15.377s][gc,heap     ] GC(250)  Capacity:      128M (100%)        128M (100%)        128M (100%)        128M (100%)        128M (100%)        128M (100%)   
[2024-07-21T22:32:47.388+0800][15.377s][gc,heap     ] GC(250)      Free:       76M (59%)          76M (59%)         116M (91%)         118M (92%)         118M (92%)          76M (59%)    
[2024-07-21T22:32:47.388+0800][15.377s][gc,heap     ] GC(250)      Used:       52M (41%)          52M (41%)          12M (9%)           10M (8%)           52M (41%)          10M (8%)     
[2024-07-21T22:32:47.388+0800][15.377s][gc,heap     ] GC(250)      Live:         -                 4M (4%)            4M (4%)            4M (4%)             -                  -          
[2024-07-21T22:32:47.388+0800][15.377s][gc,heap     ] GC(250) Allocated:         -                 0M (0%)            0M (0%)            0M (0%)             -                  -          
[2024-07-21T22:32:47.388+0800][15.377s][gc,heap     ] GC(250)   Garbage:         -                47M (37%)           7M (6%)            5M (4%)             -                  -          
[2024-07-21T22:32:47.388+0800][15.377s][gc,heap     ] GC(250) Reclaimed:         -                  -                40M (31%)          42M (33%)            -                  -          
[2024-07-21T22:32:47.388+0800][15.377s][gc          ] GC(250) Garbage Collection (Allocation Rate) 52M(41%)->10M(8%)
[2024-07-21T22:32:47.471+0800][15.459s][gc,start    ] GC(251) Garbage Collection (Allocation Rate)
[2024-07-21T22:32:47.471+0800][15.459s][gc,task     ] GC(251) Using 1 workers
[2024-07-21T22:32:47.471+0800][15.459s][gc,phases   ] GC(251) Pause Mark Start 0.008ms
[2024-07-21T22:32:47.474+0800][15.463s][gc,phases   ] GC(251) Concurrent Mark 3.595ms
[2024-07-21T22:32:47.474+0800][15.463s][gc,phases   ] GC(251) Pause Mark End 0.008ms
[2024-07-21T22:32:47.474+0800][15.463s][gc,phases   ] GC(251) Concurrent Mark Free 0.001ms
[2024-07-21T22:32:47.476+0800][15.464s][gc,phases   ] GC(251) Concurrent Process Non-Strong References 1.109ms
[2024-07-21T22:32:47.476+0800][15.464s][gc,phases   ] GC(251) Concurrent Reset Relocation Set 0.001ms
[2024-07-21T22:32:47.477+0800][15.466s][gc          ] Allocation Stall (main) 5.856ms
[2024-07-21T22:32:47.477+0800][15.466s][gc,phases   ] GC(251) Concurrent Select Relocation Set 1.824ms
[2024-07-21T22:32:47.478+0800][15.466s][gc,phases   ] GC(251) Pause Relocate Start 0.004ms
[2024-07-21T22:32:47.478+0800][15.467s][gc,phases   ] GC(251) Concurrent Relocate 0.112ms
[2024-07-21T22:32:47.478+0800][15.467s][gc,load     ] GC(251) Load: 0.00/0.00/0.00
[2024-07-21T22:32:47.478+0800][15.467s][gc,mmu      ] GC(251) MMU: 2ms/96.5%, 5ms/98.4%, 10ms/99.1%, 20ms/99.5%, 50ms/99.7%, 100ms/99.9%
[2024-07-21T22:32:47.478+0800][15.467s][gc,marking  ] GC(251) Mark: 1 stripe(s), 2 proactive flush(es), 1 terminate flush(es), 0 completion(s), 0 continuation(s) 
[2024-07-21T22:32:47.478+0800][15.467s][gc,marking  ] GC(251) Mark Stack Usage: 32M
[2024-07-21T22:32:47.478+0800][15.467s][gc,nmethod  ] GC(251) NMethods: 469 registered, 0 unregistered
[2024-07-21T22:32:47.478+0800][15.467s][gc,metaspace] GC(251) Metaspace: 1M used, 1M committed, 1032M reserved
[2024-07-21T22:32:47.478+0800][15.467s][gc,ref      ] GC(251) Soft: 43 encountered, 0 discovered, 0 enqueued
[2024-07-21T22:32:47.478+0800][15.467s][gc,ref      ] GC(251) Weak: 131 encountered, 107 discovered, 0 enqueued
[2024-07-21T22:32:47.478+0800][15.467s][gc,ref      ] GC(251) Final: 0 encountered, 0 discovered, 0 enqueued
[2024-07-21T22:32:47.478+0800][15.467s][gc,ref      ] GC(251) Phantom: 184 encountered, 98 discovered, 0 enqueued
[2024-07-21T22:32:47.478+0800][15.467s][gc,reloc    ] GC(251) Small Pages: 4 / 8M, Empty: 2M, Relocated: 0M, In-Place: 0
[2024-07-21T22:32:47.478+0800][15.467s][gc,reloc    ] GC(251) Medium Pages: 1 / 4M, Empty: 0M, Relocated: 0M, In-Place: 0
[2024-07-21T22:32:47.478+0800][15.467s][gc,reloc    ] GC(251) Large Pages: 53 / 106M, Empty: 80M, Relocated: 0M, In-Place: 0
[2024-07-21T22:32:47.478+0800][15.467s][gc,reloc    ] GC(251) Forwarding Usage: 0M
[2024-07-21T22:32:47.478+0800][15.467s][gc,heap     ] GC(251) Min Capacity: 8M(6%)
[2024-07-21T22:32:47.478+0800][15.467s][gc,heap     ] GC(251) Max Capacity: 128M(100%)
[2024-07-21T22:32:47.478+0800][15.467s][gc,heap     ] GC(251) Soft Max Capacity: 128M(100%)
[2024-07-21T22:32:47.478+0800][15.467s][gc,heap     ] GC(251)                Mark Start          Mark End        Relocate Start      Relocate End           High               Low         
[2024-07-21T22:32:47.478+0800][15.467s][gc,heap     ] GC(251)  Capacity:      128M (100%)        128M (100%)        128M (100%)        128M (100%)        128M (100%)        128M (100%)   
[2024-07-21T22:32:47.478+0800][15.467s][gc,heap     ] GC(251)      Free:       10M (8%)            0M (0%)           80M (62%)          76M (59%)          82M (64%)           0M (0%)     
[2024-07-21T22:32:47.478+0800][15.467s][gc,heap     ] GC(251)      Used:      118M (92%)         128M (100%)         48M (38%)          52M (41%)         128M (100%)         46M (36%)    
[2024-07-21T22:32:47.478+0800][15.467s][gc,heap     ] GC(251)      Live:         -                30M (24%)          30M (24%)          30M (24%)            -                  -          
[2024-07-21T22:32:47.478+0800][15.467s][gc,heap     ] GC(251) Allocated:         -                10M (8%)           12M (9%)           16M (12%)            -                  -          
[2024-07-21T22:32:47.478+0800][15.467s][gc,heap     ] GC(251)   Garbage:         -                87M (68%)           5M (4%)            5M (4%)             -                  -          
[2024-07-21T22:32:47.478+0800][15.467s][gc,heap     ] GC(251) Reclaimed:         -                  -                82M (64%)          82M (64%)            -                  -          
[2024-07-21T22:32:47.478+0800][15.467s][gc          ] GC(251) Garbage Collection (Allocation Rate) 118M(92%)->52M(41%)
[2024-07-21T22:32:47.551+0800][15.539s][gc,start    ] GC(252) Garbage Collection (Allocation Stall)
[2024-07-21T22:32:47.551+0800][15.539s][gc,ref      ] GC(252) Clearing All SoftReferences
[2024-07-21T22:32:47.551+0800][15.539s][gc,task     ] GC(252) Using 1 workers
[2024-07-21T22:32:47.552+0800][15.540s][gc,phases   ] GC(252) Pause Mark Start 0.013ms
[2024-07-21T22:32:47.556+0800][15.544s][gc,phases   ] GC(252) Concurrent Mark 4.033ms
[2024-07-21T22:32:47.556+0800][15.544s][gc,phases   ] GC(252) Pause Mark End 0.010ms
[2024-07-21T22:32:47.556+0800][15.544s][gc,phases   ] GC(252) Concurrent Mark Free 0.001ms
[2024-07-21T22:32:47.557+0800][15.545s][gc,phases   ] GC(252) Concurrent Process Non-Strong References 1.272ms
[2024-07-21T22:32:47.557+0800][15.545s][gc,phases   ] GC(252) Concurrent Reset Relocation Set 0.000ms
[2024-07-21T22:32:47.561+0800][15.549s][gc          ] Allocation Stall (main) 9.868ms
[2024-07-21T22:32:47.561+0800][15.549s][gc,phases   ] GC(252) Concurrent Select Relocation Set 3.557ms
[2024-07-21T22:32:47.561+0800][15.549s][gc,phases   ] GC(252) Pause Relocate Start 0.008ms
[2024-07-21T22:32:47.561+0800][15.549s][gc,phases   ] GC(252) Concurrent Relocate 0.108ms
[2024-07-21T22:32:47.561+0800][15.550s][gc,load     ] GC(252) Load: 0.00/0.00/0.00
[2024-07-21T22:32:47.561+0800][15.550s][gc,mmu      ] GC(252) MMU: 2ms/96.5%, 5ms/98.4%, 10ms/99.1%, 20ms/99.5%, 50ms/99.7%, 100ms/99.9%
[2024-07-21T22:32:47.561+0800][15.550s][gc,marking  ] GC(252) Mark: 1 stripe(s), 1 proactive flush(es), 1 terminate flush(es), 0 completion(s), 0 continuation(s) 
[2024-07-21T22:32:47.561+0800][15.550s][gc,marking  ] GC(252) Mark Stack Usage: 32M
[2024-07-21T22:32:47.562+0800][15.550s][gc,nmethod  ] GC(252) NMethods: 470 registered, 0 unregistered
[2024-07-21T22:32:47.562+0800][15.550s][gc,metaspace] GC(252) Metaspace: 1M used, 1M committed, 1032M reserved
[2024-07-21T22:32:47.562+0800][15.550s][gc,ref      ] GC(252) Soft: 43 encountered, 20 discovered, 0 enqueued
[2024-07-21T22:32:47.562+0800][15.550s][gc,ref      ] GC(252) Weak: 131 encountered, 107 discovered, 0 enqueued
[2024-07-21T22:32:47.562+0800][15.550s][gc,ref      ] GC(252) Final: 0 encountered, 0 discovered, 0 enqueued
[2024-07-21T22:32:47.562+0800][15.550s][gc,ref      ] GC(252) Phantom: 184 encountered, 98 discovered, 0 enqueued
[2024-07-21T22:32:47.562+0800][15.550s][gc,reloc    ] GC(252) Small Pages: 4 / 8M, Empty: 2M, Relocated: 0M, In-Place: 0
[2024-07-21T22:32:47.562+0800][15.550s][gc,reloc    ] GC(252) Medium Pages: 1 / 4M, Empty: 0M, Relocated: 0M, In-Place: 0
[2024-07-21T22:32:47.562+0800][15.550s][gc,reloc    ] GC(252) Large Pages: 58 / 116M, Empty: 80M, Relocated: 0M, In-Place: 0
[2024-07-21T22:32:47.562+0800][15.550s][gc,reloc    ] GC(252) Forwarding Usage: 0M
[2024-07-21T22:32:47.562+0800][15.550s][gc,heap     ] GC(252) Min Capacity: 8M(6%)
[2024-07-21T22:32:47.562+0800][15.550s][gc,heap     ] GC(252) Max Capacity: 128M(100%)
[2024-07-21T22:32:47.562+0800][15.550s][gc,heap     ] GC(252) Soft Max Capacity: 128M(100%)
[2024-07-21T22:32:47.562+0800][15.550s][gc,heap     ] GC(252)                Mark Start          Mark End        Relocate Start      Relocate End           High               Low         
[2024-07-21T22:32:47.562+0800][15.550s][gc,heap     ] GC(252)  Capacity:      128M (100%)        128M (100%)        128M (100%)        128M (100%)        128M (100%)        128M (100%)   
[2024-07-21T22:32:47.562+0800][15.550s][gc,heap     ] GC(252)      Free:        0M (0%)            0M (0%)           80M (62%)          80M (62%)          82M (64%)           0M (0%)     
[2024-07-21T22:32:47.562+0800][15.550s][gc,heap     ] GC(252)      Used:      128M (100%)        128M (100%)         48M (38%)          48M (38%)         128M (100%)         46M (36%)    
[2024-07-21T22:32:47.562+0800][15.550s][gc,heap     ] GC(252)      Live:         -                40M (32%)          40M (32%)          40M (32%)            -                  -          
[2024-07-21T22:32:47.562+0800][15.550s][gc,heap     ] GC(252) Allocated:         -                 0M (0%)            2M (2%)            2M (2%)             -                  -          
[2024-07-21T22:32:47.562+0800][15.550s][gc,heap     ] GC(252)   Garbage:         -                87M (68%)           5M (4%)            5M (4%)             -                  -          
[2024-07-21T22:32:47.562+0800][15.550s][gc,heap     ] GC(252) Reclaimed:         -                  -                82M (64%)          82M (64%)            -                  -          
[2024-07-21T22:32:47.562+0800][15.550s][gc          ] GC(252) Garbage Collection (Allocation Stall) 128M(100%)->48M(38%)
[2024-07-21T22:32:47.581+0800][15.569s][gc,start    ] GC(253) Garbage Collection (Allocation Rate)
[2024-07-21T22:32:47.581+0800][15.570s][gc,task     ] GC(253) Using 1 workers
[2024-07-21T22:32:47.581+0800][15.570s][gc,phases   ] GC(253) Pause Mark Start 0.010ms
[2024-07-21T22:32:47.587+0800][15.575s][gc,phases   ] GC(253) Concurrent Mark 5.347ms
[2024-07-21T22:32:47.587+0800][15.576s][gc,phases   ] GC(253) Pause Mark End 0.029ms
[2024-07-21T22:32:47.587+0800][15.576s][gc,phases   ] GC(253) Concurrent Mark Free 0.001ms
[2024-07-21T22:32:47.588+0800][15.577s][gc,phases   ] GC(253) Concurrent Process Non-Strong References 1.144ms
[2024-07-21T22:32:47.588+0800][15.577s][gc,phases   ] GC(253) Concurrent Reset Relocation Set 0.001ms
[2024-07-21T22:32:47.591+0800][15.579s][gc,phases   ] GC(253) Concurrent Select Relocation Set 2.317ms
[2024-07-21T22:32:47.591+0800][15.580s][gc,phases   ] GC(253) Pause Relocate Start 0.011ms
[2024-07-21T22:32:47.591+0800][15.580s][gc,phases   ] GC(253) Concurrent Relocate 0.111ms
[2024-07-21T22:32:47.591+0800][15.580s][gc,load     ] GC(253) Load: 0.00/0.00/0.00
[2024-07-21T22:32:47.591+0800][15.580s][gc,mmu      ] GC(253) MMU: 2ms/96.5%, 5ms/98.4%, 10ms/99.1%, 20ms/99.5%, 50ms/99.7%, 100ms/99.9%
[2024-07-21T22:32:47.591+0800][15.580s][gc,marking  ] GC(253) Mark: 1 stripe(s), 2 proactive flush(es), 1 terminate flush(es), 0 completion(s), 0 continuation(s) 
[2024-07-21T22:32:47.591+0800][15.580s][gc,marking  ] GC(253) Mark Stack Usage: 32M
[2024-07-21T22:32:47.591+0800][15.580s][gc,nmethod  ] GC(253) NMethods: 470 registered, 0 unregistered
[2024-07-21T22:32:47.591+0800][15.580s][gc,metaspace] GC(253) Metaspace: 1M used, 1M committed, 1032M reserved
[2024-07-21T22:32:47.591+0800][15.580s][gc,ref      ] GC(253) Soft: 43 encountered, 0 discovered, 0 enqueued
[2024-07-21T22:32:47.591+0800][15.580s][gc,ref      ] GC(253) Weak: 131 encountered, 107 discovered, 0 enqueued
[2024-07-21T22:32:47.591+0800][15.580s][gc,ref      ] GC(253) Final: 0 encountered, 0 discovered, 0 enqueued
[2024-07-21T22:32:47.591+0800][15.580s][gc,ref      ] GC(253) Phantom: 184 encountered, 98 discovered, 0 enqueued
[2024-07-21T22:32:47.591+0800][15.580s][gc,reloc    ] GC(253) Small Pages: 4 / 8M, Empty: 2M, Relocated: 0M, In-Place: 0
[2024-07-21T22:32:47.591+0800][15.580s][gc,reloc    ] GC(253) Medium Pages: 1 / 4M, Empty: 0M, Relocated: 0M, In-Place: 0
[2024-07-21T22:32:47.591+0800][15.580s][gc,reloc    ] GC(253) Large Pages: 22 / 44M, Empty: 40M, Relocated: 0M, In-Place: 0
[2024-07-21T22:32:47.591+0800][15.580s][gc,reloc    ] GC(253) Forwarding Usage: 0M
[2024-07-21T22:32:47.591+0800][15.580s][gc,heap     ] GC(253) Min Capacity: 8M(6%)
[2024-07-21T22:32:47.591+0800][15.580s][gc,heap     ] GC(253) Max Capacity: 128M(100%)
[2024-07-21T22:32:47.591+0800][15.580s][gc,heap     ] GC(253) Soft Max Capacity: 128M(100%)
[2024-07-21T22:32:47.591+0800][15.580s][gc,heap     ] GC(253)                Mark Start          Mark End        Relocate Start      Relocate End           High               Low         
[2024-07-21T22:32:47.591+0800][15.580s][gc,heap     ] GC(253)  Capacity:      128M (100%)        128M (100%)        128M (100%)        128M (100%)        128M (100%)        128M (100%)   
[2024-07-21T22:32:47.591+0800][15.580s][gc,heap     ] GC(253)      Free:       72M (56%)          54M (42%)          96M (75%)          96M (75%)          96M (75%)          54M (42%)    
[2024-07-21T22:32:47.591+0800][15.580s][gc,heap     ] GC(253)      Used:       56M (44%)          74M (58%)          32M (25%)          32M (25%)          74M (58%)          32M (25%)    
[2024-07-21T22:32:47.591+0800][15.580s][gc,heap     ] GC(253)      Live:         -                 8M (7%)            8M (7%)            8M (7%)             -                  -          
[2024-07-21T22:32:47.591+0800][15.580s][gc,heap     ] GC(253) Allocated:         -                18M (14%)          18M (14%)          18M (14%)            -                  -          
[2024-07-21T22:32:47.591+0800][15.580s][gc,heap     ] GC(253)   Garbage:         -                47M (37%)           5M (4%)            5M (4%)             -                  -          
[2024-07-21T22:32:47.591+0800][15.580s][gc,heap     ] GC(253) Reclaimed:         -                  -                42M (33%)          42M (33%)            -                  -          
[2024-07-21T22:32:47.591+0800][15.580s][gc          ] GC(253) Garbage Collection (Allocation Rate) 56M(44%)->32M(25%)
[2024-07-21T22:32:47.660+0800][15.649s][gc,start    ] GC(254) Garbage Collection (Allocation Stall)
[2024-07-21T22:32:47.660+0800][15.649s][gc,ref      ] GC(254) Clearing All SoftReferences
[2024-07-21T22:32:47.660+0800][15.649s][gc,task     ] GC(254) Using 1 workers
[2024-07-21T22:32:47.660+0800][15.649s][gc,phases   ] GC(254) Pause Mark Start 0.005ms
[2024-07-21T22:32:47.664+0800][15.652s][gc,phases   ] GC(254) Concurrent Mark 3.430ms
[2024-07-21T22:32:47.664+0800][15.653s][gc,phases   ] GC(254) Pause Mark End 0.005ms
[2024-07-21T22:32:47.664+0800][15.653s][gc,phases   ] GC(254) Concurrent Mark Free 0.001ms
[2024-07-21T22:32:47.665+0800][15.654s][gc,phases   ] GC(254) Concurrent Process Non-Strong References 1.075ms
[2024-07-21T22:32:47.665+0800][15.654s][gc,phases   ] GC(254) Concurrent Reset Relocation Set 0.000ms
[2024-07-21T22:32:47.667+0800][15.656s][gc          ] Allocation Stall (main) 6.859ms
[2024-07-21T22:32:47.667+0800][15.656s][gc,phases   ] GC(254) Concurrent Select Relocation Set 1.678ms
[2024-07-21T22:32:47.667+0800][15.656s][gc,phases   ] GC(254) Pause Relocate Start 0.004ms
[2024-07-21T22:32:47.667+0800][15.656s][gc,phases   ] GC(254) Concurrent Relocate 0.113ms
[2024-07-21T22:32:47.667+0800][15.656s][gc,load     ] GC(254) Load: 0.00/0.00/0.00
[2024-07-21T22:32:47.667+0800][15.656s][gc,mmu      ] GC(254) MMU: 2ms/96.5%, 5ms/98.4%, 10ms/99.1%, 20ms/99.5%, 50ms/99.7%, 100ms/99.9%
[2024-07-21T22:32:47.667+0800][15.656s][gc,marking  ] GC(254) Mark: 1 stripe(s), 1 proactive flush(es), 1 terminate flush(es), 0 completion(s), 0 continuation(s) 
[2024-07-21T22:32:47.667+0800][15.656s][gc,marking  ] GC(254) Mark Stack Usage: 32M
[2024-07-21T22:32:47.667+0800][15.656s][gc,nmethod  ] GC(254) NMethods: 470 registered, 0 unregistered
[2024-07-21T22:32:47.667+0800][15.656s][gc,metaspace] GC(254) Metaspace: 1M used, 1M committed, 1032M reserved
[2024-07-21T22:32:47.667+0800][15.656s][gc,ref      ] GC(254) Soft: 43 encountered, 20 discovered, 0 enqueued
[2024-07-21T22:32:47.667+0800][15.656s][gc,ref      ] GC(254) Weak: 131 encountered, 107 discovered, 0 enqueued
[2024-07-21T22:32:47.668+0800][15.656s][gc,ref      ] GC(254) Final: 0 encountered, 0 discovered, 0 enqueued
[2024-07-21T22:32:47.668+0800][15.656s][gc,ref      ] GC(254) Phantom: 184 encountered, 98 discovered, 0 enqueued
[2024-07-21T22:32:47.668+0800][15.656s][gc,reloc    ] GC(254) Small Pages: 4 / 8M, Empty: 2M, Relocated: 0M, In-Place: 0
[2024-07-21T22:32:47.668+0800][15.656s][gc,reloc    ] GC(254) Medium Pages: 1 / 4M, Empty: 0M, Relocated: 0M, In-Place: 0
[2024-07-21T22:32:47.668+0800][15.656s][gc,reloc    ] GC(254) Large Pages: 58 / 116M, Empty: 80M, Relocated: 0M, In-Place: 0
[2024-07-21T22:32:47.668+0800][15.656s][gc,reloc    ] GC(254) Forwarding Usage: 0M
[2024-07-21T22:32:47.668+0800][15.656s][gc,heap     ] GC(254) Min Capacity: 8M(6%)
[2024-07-21T22:32:47.668+0800][15.656s][gc,heap     ] GC(254) Max Capacity: 128M(100%)
[2024-07-21T22:32:47.668+0800][15.656s][gc,heap     ] GC(254) Soft Max Capacity: 128M(100%)
[2024-07-21T22:32:47.668+0800][15.656s][gc,heap     ] GC(254)                Mark Start          Mark End        Relocate Start      Relocate End           High               Low         
[2024-07-21T22:32:47.668+0800][15.656s][gc,heap     ] GC(254)  Capacity:      128M (100%)        128M (100%)        128M (100%)        128M (100%)        128M (100%)        128M (100%)   
[2024-07-21T22:32:47.668+0800][15.656s][gc,heap     ] GC(254)      Free:        0M (0%)            0M (0%)           80M (62%)          76M (59%)          82M (64%)           0M (0%)     
[2024-07-21T22:32:47.668+0800][15.656s][gc,heap     ] GC(254)      Used:      128M (100%)        128M (100%)         48M (38%)          52M (41%)         128M (100%)         46M (36%)    
[2024-07-21T22:32:47.668+0800][15.656s][gc,heap     ] GC(254)      Live:         -                40M (32%)          40M (32%)          40M (32%)            -                  -          
[2024-07-21T22:32:47.668+0800][15.656s][gc,heap     ] GC(254) Allocated:         -                 0M (0%)            2M (2%)            6M (5%)             -                  -          
[2024-07-21T22:32:47.668+0800][15.656s][gc,heap     ] GC(254)   Garbage:         -                87M (68%)           5M (4%)            5M (4%)             -                  -          
[2024-07-21T22:32:47.668+0800][15.656s][gc,heap     ] GC(254) Reclaimed:         -                  -                82M (64%)          82M (64%)            -                  -          
[2024-07-21T22:32:47.668+0800][15.657s][gc          ] GC(254) Garbage Collection (Allocation Stall) 128M(100%)->52M(41%)
[2024-07-21T22:32:47.675+0800][15.663s][gc,start    ] GC(255) Garbage Collection (Allocation Rate)
[2024-07-21T22:32:47.675+0800][15.663s][gc,task     ] GC(255) Using 1 workers
[2024-07-21T22:32:47.675+0800][15.664s][gc,phases   ] GC(255) Pause Mark Start 0.009ms
[2024-07-21T22:32:47.678+0800][15.667s][gc,phases   ] GC(255) Concurrent Mark 3.355ms
[2024-07-21T22:32:47.679+0800][15.667s][gc,phases   ] GC(255) Pause Mark End 0.010ms
[2024-07-21T22:32:47.679+0800][15.667s][gc,phases   ] GC(255) Concurrent Mark Free 0.001ms
[2024-07-21T22:32:47.680+0800][15.668s][gc,phases   ] GC(255) Concurrent Process Non-Strong References 1.086ms
[2024-07-21T22:32:47.680+0800][15.668s][gc,phases   ] GC(255) Concurrent Reset Relocation Set 0.000ms
[2024-07-21T22:32:47.682+0800][15.670s][gc,phases   ] GC(255) Concurrent Select Relocation Set 1.796ms
[2024-07-21T22:32:47.682+0800][15.670s][gc,phases   ] GC(255) Pause Relocate Start 0.003ms
[2024-07-21T22:32:47.682+0800][15.671s][gc,phases   ] GC(255) Concurrent Relocate 0.553ms
[2024-07-21T22:32:47.682+0800][15.671s][gc,load     ] GC(255) Load: 0.00/0.00/0.00
[2024-07-21T22:32:47.682+0800][15.671s][gc,mmu      ] GC(255) MMU: 2ms/96.5%, 5ms/98.4%, 10ms/99.1%, 20ms/99.5%, 50ms/99.7%, 100ms/99.9%
[2024-07-21T22:32:47.682+0800][15.671s][gc,marking  ] GC(255) Mark: 1 stripe(s), 1 proactive flush(es), 1 terminate flush(es), 0 completion(s), 0 continuation(s) 
[2024-07-21T22:32:47.682+0800][15.671s][gc,marking  ] GC(255) Mark Stack Usage: 32M
[2024-07-21T22:32:47.682+0800][15.671s][gc,nmethod  ] GC(255) NMethods: 470 registered, 0 unregistered
[2024-07-21T22:32:47.682+0800][15.671s][gc,metaspace] GC(255) Metaspace: 1M used, 1M committed, 1032M reserved
[2024-07-21T22:32:47.682+0800][15.671s][gc,ref      ] GC(255) Soft: 43 encountered, 0 discovered, 0 enqueued
[2024-07-21T22:32:47.683+0800][15.671s][gc,ref      ] GC(255) Weak: 131 encountered, 107 discovered, 0 enqueued
[2024-07-21T22:32:47.683+0800][15.671s][gc,ref      ] GC(255) Final: 0 encountered, 0 discovered, 0 enqueued
[2024-07-21T22:32:47.683+0800][15.671s][gc,ref      ] GC(255) Phantom: 184 encountered, 98 discovered, 0 enqueued
[2024-07-21T22:32:47.683+0800][15.671s][gc,reloc    ] GC(255) Small Pages: 4 / 8M, Empty: 0M, Relocated: 1M, In-Place: 0
[2024-07-21T22:32:47.683+0800][15.671s][gc,reloc    ] GC(255) Medium Pages: 1 / 4M, Empty: 0M, Relocated: 0M, In-Place: 0
[2024-07-21T22:32:47.683+0800][15.671s][gc,reloc    ] GC(255) Large Pages: 20 / 40M, Empty: 40M, Relocated: 0M, In-Place: 0
[2024-07-21T22:32:47.683+0800][15.671s][gc,reloc    ] GC(255) Forwarding Usage: 0M
[2024-07-21T22:32:47.683+0800][15.671s][gc,heap     ] GC(255) Min Capacity: 8M(6%)
[2024-07-21T22:32:47.683+0800][15.671s][gc,heap     ] GC(255) Max Capacity: 128M(100%)
[2024-07-21T22:32:47.683+0800][15.671s][gc,heap     ] GC(255) Soft Max Capacity: 128M(100%)
[2024-07-21T22:32:47.683+0800][15.671s][gc,heap     ] GC(255)                Mark Start          Mark End        Relocate Start      Relocate End           High               Low         
[2024-07-21T22:32:47.683+0800][15.671s][gc,heap     ] GC(255)  Capacity:      128M (100%)        128M (100%)        128M (100%)        128M (100%)        128M (100%)        128M (100%)   
[2024-07-21T22:32:47.683+0800][15.671s][gc,heap     ] GC(255)      Free:       76M (59%)          76M (59%)         116M (91%)         118M (92%)         118M (92%)          76M (59%)    
[2024-07-21T22:32:47.683+0800][15.671s][gc,heap     ] GC(255)      Used:       52M (41%)          52M (41%)          12M (9%)           10M (8%)           52M (41%)          10M (8%)     
[2024-07-21T22:32:47.683+0800][15.671s][gc,heap     ] GC(255)      Live:         -                 4M (4%)            4M (4%)            4M (4%)             -                  -          
[2024-07-21T22:32:47.683+0800][15.671s][gc,heap     ] GC(255) Allocated:         -                 0M (0%)            0M (0%)            0M (0%)             -                  -          
[2024-07-21T22:32:47.683+0800][15.672s][gc,heap     ] GC(255)   Garbage:         -                47M (37%)           7M (6%)            5M (4%)             -                  -          
[2024-07-21T22:32:47.683+0800][15.672s][gc,heap     ] GC(255) Reclaimed:         -                  -                40M (31%)          42M (33%)            -                  -          
[2024-07-21T22:32:47.683+0800][15.672s][gc          ] GC(255) Garbage Collection (Allocation Rate) 52M(41%)->10M(8%)
[2024-07-21T22:32:47.770+0800][15.758s][gc,start    ] GC(256) Garbage Collection (Allocation Rate)
[2024-07-21T22:32:47.770+0800][15.758s][gc,task     ] GC(256) Using 1 workers
[2024-07-21T22:32:47.770+0800][15.759s][gc,phases   ] GC(256) Pause Mark Start 0.009ms
[2024-07-21T22:32:47.774+0800][15.763s][gc,phases   ] GC(256) Concurrent Mark 3.901ms
[2024-07-21T22:32:47.774+0800][15.763s][gc,phases   ] GC(256) Pause Mark End 0.009ms
[2024-07-21T22:32:47.774+0800][15.763s][gc,phases   ] GC(256) Concurrent Mark Free 0.001ms
[2024-07-21T22:32:47.776+0800][15.765s][gc,phases   ] GC(256) Concurrent Process Non-Strong References 1.648ms
[2024-07-21T22:32:47.776+0800][15.765s][gc,phases   ] GC(256) Concurrent Reset Relocation Set 0.005ms
[2024-07-21T22:32:47.779+0800][15.768s][gc          ] Allocation Stall (main) 8.307ms
[2024-07-21T22:32:47.779+0800][15.768s][gc,phases   ] GC(256) Concurrent Select Relocation Set 3.195ms
[2024-07-21T22:32:47.780+0800][15.768s][gc,phases   ] GC(256) Pause Relocate Start 0.007ms
[2024-07-21T22:32:47.780+0800][15.769s][gc,phases   ] GC(256) Concurrent Relocate 0.072ms
[2024-07-21T22:32:47.780+0800][15.769s][gc,load     ] GC(256) Load: 0.00/0.00/0.00
[2024-07-21T22:32:47.780+0800][15.769s][gc,mmu      ] GC(256) MMU: 2ms/96.5%, 5ms/98.4%, 10ms/99.1%, 20ms/99.5%, 50ms/99.7%, 100ms/99.9%
[2024-07-21T22:32:47.780+0800][15.769s][gc,marking  ] GC(256) Mark: 1 stripe(s), 2 proactive flush(es), 1 terminate flush(es), 0 completion(s), 0 continuation(s) 
[2024-07-21T22:32:47.780+0800][15.769s][gc,marking  ] GC(256) Mark Stack Usage: 32M
[2024-07-21T22:32:47.780+0800][15.769s][gc,nmethod  ] GC(256) NMethods: 470 registered, 0 unregistered
[2024-07-21T22:32:47.780+0800][15.769s][gc,metaspace] GC(256) Metaspace: 1M used, 1M committed, 1032M reserved
[2024-07-21T22:32:47.780+0800][15.769s][gc,ref      ] GC(256) Soft: 43 encountered, 0 discovered, 0 enqueued
[2024-07-21T22:32:47.780+0800][15.769s][gc,ref      ] GC(256) Weak: 131 encountered, 107 discovered, 0 enqueued
[2024-07-21T22:32:47.780+0800][15.769s][gc,ref      ] GC(256) Final: 0 encountered, 0 discovered, 0 enqueued
[2024-07-21T22:32:47.780+0800][15.769s][gc,ref      ] GC(256) Phantom: 184 encountered, 98 discovered, 0 enqueued
[2024-07-21T22:32:47.780+0800][15.769s][gc,reloc    ] GC(256) Small Pages: 4 / 8M, Empty: 2M, Relocated: 0M, In-Place: 0
[2024-07-21T22:32:47.780+0800][15.769s][gc,reloc    ] GC(256) Medium Pages: 1 / 4M, Empty: 0M, Relocated: 0M, In-Place: 0
[2024-07-21T22:32:47.780+0800][15.769s][gc,reloc    ] GC(256) Large Pages: 52 / 104M, Empty: 80M, Relocated: 0M, In-Place: 0
[2024-07-21T22:32:47.780+0800][15.769s][gc,reloc    ] GC(256) Forwarding Usage: 0M
[2024-07-21T22:32:47.780+0800][15.769s][gc,heap     ] GC(256) Min Capacity: 8M(6%)
[2024-07-21T22:32:47.780+0800][15.769s][gc,heap     ] GC(256) Max Capacity: 128M(100%)
[2024-07-21T22:32:47.780+0800][15.769s][gc,heap     ] GC(256) Soft Max Capacity: 128M(100%)
[2024-07-21T22:32:47.780+0800][15.769s][gc,heap     ] GC(256)                Mark Start          Mark End        Relocate Start      Relocate End           High               Low         
[2024-07-21T22:32:47.780+0800][15.769s][gc,heap     ] GC(256)  Capacity:      128M (100%)        128M (100%)        128M (100%)        128M (100%)        128M (100%)        128M (100%)   
[2024-07-21T22:32:47.780+0800][15.769s][gc,heap     ] GC(256)      Free:       12M (9%)            0M (0%)           76M (59%)          76M (59%)          82M (64%)           0M (0%)     
[2024-07-21T22:32:47.780+0800][15.769s][gc,heap     ] GC(256)      Used:      116M (91%)         128M (100%)         52M (41%)          52M (41%)         128M (100%)         46M (36%)    
[2024-07-21T22:32:47.780+0800][15.769s][gc,heap     ] GC(256)      Live:         -                28M (22%)          28M (22%)          28M (22%)            -                  -          
[2024-07-21T22:32:47.780+0800][15.769s][gc,heap     ] GC(256) Allocated:         -                12M (9%)           18M (14%)          18M (14%)            -                  -          
[2024-07-21T22:32:47.780+0800][15.769s][gc,heap     ] GC(256)   Garbage:         -                87M (68%)           5M (4%)            5M (4%)             -                  -          
[2024-07-21T22:32:47.780+0800][15.769s][gc,heap     ] GC(256) Reclaimed:         -                  -                82M (64%)          82M (64%)            -                  -          
[2024-07-21T22:32:47.780+0800][15.769s][gc          ] GC(256) Garbage Collection (Allocation Rate) 116M(91%)->52M(41%)
[2024-07-21T22:32:47.850+0800][15.839s][gc,start    ] GC(257) Garbage Collection (Allocation Stall)
[2024-07-21T22:32:47.850+0800][15.839s][gc,ref      ] GC(257) Clearing All SoftReferences
[2024-07-21T22:32:47.850+0800][15.839s][gc,task     ] GC(257) Using 1 workers
[2024-07-21T22:32:47.850+0800][15.839s][gc,phases   ] GC(257) Pause Mark Start 0.006ms
[2024-07-21T22:32:47.854+0800][15.843s][gc,phases   ] GC(257) Concurrent Mark 3.491ms
[2024-07-21T22:32:47.854+0800][15.843s][gc,phases   ] GC(257) Pause Mark End 0.007ms
[2024-07-21T22:32:47.854+0800][15.843s][gc,phases   ] GC(257) Concurrent Mark Free 0.001ms
[2024-07-21T22:32:47.855+0800][15.844s][gc,phases   ] GC(257) Concurrent Process Non-Strong References 1.072ms
[2024-07-21T22:32:47.855+0800][15.844s][gc,phases   ] GC(257) Concurrent Reset Relocation Set 0.000ms
[2024-07-21T22:32:47.857+0800][15.846s][gc          ] Allocation Stall (main) 6.832ms
[2024-07-21T22:32:47.857+0800][15.846s][gc,phases   ] GC(257) Concurrent Select Relocation Set 1.635ms
[2024-07-21T22:32:47.857+0800][15.846s][gc,phases   ] GC(257) Pause Relocate Start 0.004ms
[2024-07-21T22:32:47.857+0800][15.846s][gc,phases   ] GC(257) Concurrent Relocate 0.054ms
[2024-07-21T22:32:47.857+0800][15.846s][gc,load     ] GC(257) Load: 0.00/0.00/0.00
[2024-07-21T22:32:47.857+0800][15.846s][gc,mmu      ] GC(257) MMU: 2ms/96.5%, 5ms/98.4%, 10ms/99.1%, 20ms/99.5%, 50ms/99.7%, 100ms/99.9%
[2024-07-21T22:32:47.857+0800][15.846s][gc,marking  ] GC(257) Mark: 1 stripe(s), 1 proactive flush(es), 1 terminate flush(es), 0 completion(s), 0 continuation(s) 
[2024-07-21T22:32:47.857+0800][15.846s][gc,marking  ] GC(257) Mark Stack Usage: 32M
[2024-07-21T22:32:47.857+0800][15.846s][gc,nmethod  ] GC(257) NMethods: 470 registered, 0 unregistered
[2024-07-21T22:32:47.857+0800][15.846s][gc,metaspace] GC(257) Metaspace: 1M used, 1M committed, 1032M reserved
[2024-07-21T22:32:47.857+0800][15.846s][gc,ref      ] GC(257) Soft: 43 encountered, 20 discovered, 0 enqueued
[2024-07-21T22:32:47.857+0800][15.846s][gc,ref      ] GC(257) Weak: 131 encountered, 107 discovered, 0 enqueued
[2024-07-21T22:32:47.857+0800][15.846s][gc,ref      ] GC(257) Final: 0 encountered, 0 discovered, 0 enqueued
[2024-07-21T22:32:47.857+0800][15.846s][gc,ref      ] GC(257) Phantom: 184 encountered, 98 discovered, 0 enqueued
[2024-07-21T22:32:47.857+0800][15.846s][gc,reloc    ] GC(257) Small Pages: 4 / 8M, Empty: 2M, Relocated: 0M, In-Place: 0
[2024-07-21T22:32:47.857+0800][15.846s][gc,reloc    ] GC(257) Medium Pages: 1 / 4M, Empty: 0M, Relocated: 0M, In-Place: 0
[2024-07-21T22:32:47.857+0800][15.846s][gc,reloc    ] GC(257) Large Pages: 58 / 116M, Empty: 80M, Relocated: 0M, In-Place: 0
[2024-07-21T22:32:47.858+0800][15.846s][gc,reloc    ] GC(257) Forwarding Usage: 0M
[2024-07-21T22:32:47.858+0800][15.846s][gc,heap     ] GC(257) Min Capacity: 8M(6%)
[2024-07-21T22:32:47.858+0800][15.846s][gc,heap     ] GC(257) Max Capacity: 128M(100%)
[2024-07-21T22:32:47.858+0800][15.846s][gc,heap     ] GC(257) Soft Max Capacity: 128M(100%)
[2024-07-21T22:32:47.858+0800][15.846s][gc,heap     ] GC(257)                Mark Start          Mark End        Relocate Start      Relocate End           High               Low         
[2024-07-21T22:32:47.858+0800][15.846s][gc,heap     ] GC(257)  Capacity:      128M (100%)        128M (100%)        128M (100%)        128M (100%)        128M (100%)        128M (100%)   
[2024-07-21T22:32:47.858+0800][15.846s][gc,heap     ] GC(257)      Free:        0M (0%)            0M (0%)           80M (62%)          80M (62%)          82M (64%)           0M (0%)     
[2024-07-21T22:32:47.858+0800][15.846s][gc,heap     ] GC(257)      Used:      128M (100%)        128M (100%)         48M (38%)          48M (38%)         128M (100%)         46M (36%)    
[2024-07-21T22:32:47.858+0800][15.846s][gc,heap     ] GC(257)      Live:         -                40M (32%)          40M (32%)          40M (32%)            -                  -          
[2024-07-21T22:32:47.858+0800][15.846s][gc,heap     ] GC(257) Allocated:         -                 0M (0%)            2M (2%)            2M (2%)             -                  -          
[2024-07-21T22:32:47.858+0800][15.846s][gc,heap     ] GC(257)   Garbage:         -                87M (68%)           5M (4%)            5M (4%)             -                  -          
[2024-07-21T22:32:47.858+0800][15.846s][gc,heap     ] GC(257) Reclaimed:         -                  -                82M (64%)          82M (64%)            -                  -          
[2024-07-21T22:32:47.858+0800][15.846s][gc          ] GC(257) Garbage Collection (Allocation Stall) 128M(100%)->48M(38%)
[2024-07-21T22:32:47.882+0800][15.870s][gc,start    ] GC(258) Garbage Collection (Allocation Rate)
[2024-07-21T22:32:47.882+0800][15.870s][gc,task     ] GC(258) Using 1 workers
[2024-07-21T22:32:47.882+0800][15.870s][gc,phases   ] GC(258) Pause Mark Start 0.014ms
[2024-07-21T22:32:47.885+0800][15.874s][gc,phases   ] GC(258) Concurrent Mark 3.426ms
[2024-07-21T22:32:47.885+0800][15.874s][gc,phases   ] GC(258) Pause Mark End 0.008ms
[2024-07-21T22:32:47.885+0800][15.874s][gc,phases   ] GC(258) Concurrent Mark Free 0.001ms
[2024-07-21T22:32:47.886+0800][15.875s][gc,phases   ] GC(258) Concurrent Process Non-Strong References 1.093ms
[2024-07-21T22:32:47.886+0800][15.875s][gc,phases   ] GC(258) Concurrent Reset Relocation Set 0.000ms
[2024-07-21T22:32:47.888+0800][15.877s][gc,phases   ] GC(258) Concurrent Select Relocation Set 1.590ms
[2024-07-21T22:32:47.888+0800][15.877s][gc,phases   ] GC(258) Pause Relocate Start 0.004ms
[2024-07-21T22:32:47.888+0800][15.877s][gc,phases   ] GC(258) Concurrent Relocate 0.113ms
[2024-07-21T22:32:47.888+0800][15.877s][gc,load     ] GC(258) Load: 0.00/0.00/0.00
[2024-07-21T22:32:47.889+0800][15.877s][gc,mmu      ] GC(258) MMU: 2ms/96.5%, 5ms/98.4%, 10ms/99.1%, 20ms/99.5%, 50ms/99.7%, 100ms/99.9%
[2024-07-21T22:32:47.889+0800][15.877s][gc,marking  ] GC(258) Mark: 1 stripe(s), 2 proactive flush(es), 1 terminate flush(es), 0 completion(s), 0 continuation(s) 
[2024-07-21T22:32:47.889+0800][15.877s][gc,marking  ] GC(258) Mark Stack Usage: 32M
[2024-07-21T22:32:47.889+0800][15.877s][gc,nmethod  ] GC(258) NMethods: 470 registered, 0 unregistered
[2024-07-21T22:32:47.889+0800][15.877s][gc,metaspace] GC(258) Metaspace: 1M used, 1M committed, 1032M reserved
[2024-07-21T22:32:47.889+0800][15.877s][gc,ref      ] GC(258) Soft: 43 encountered, 0 discovered, 0 enqueued
[2024-07-21T22:32:47.889+0800][15.877s][gc,ref      ] GC(258) Weak: 131 encountered, 107 discovered, 0 enqueued
[2024-07-21T22:32:47.889+0800][15.877s][gc,ref      ] GC(258) Final: 0 encountered, 0 discovered, 0 enqueued
[2024-07-21T22:32:47.889+0800][15.877s][gc,ref      ] GC(258) Phantom: 184 encountered, 98 discovered, 0 enqueued
[2024-07-21T22:32:47.889+0800][15.877s][gc,reloc    ] GC(258) Small Pages: 4 / 8M, Empty: 2M, Relocated: 0M, In-Place: 0
[2024-07-21T22:32:47.889+0800][15.877s][gc,reloc    ] GC(258) Medium Pages: 1 / 4M, Empty: 0M, Relocated: 0M, In-Place: 0
[2024-07-21T22:32:47.889+0800][15.877s][gc,reloc    ] GC(258) Large Pages: 23 / 46M, Empty: 40M, Relocated: 0M, In-Place: 0
[2024-07-21T22:32:47.889+0800][15.877s][gc,reloc    ] GC(258) Forwarding Usage: 0M
[2024-07-21T22:32:47.889+0800][15.877s][gc,heap     ] GC(258) Min Capacity: 8M(6%)
[2024-07-21T22:32:47.889+0800][15.877s][gc,heap     ] GC(258) Max Capacity: 128M(100%)
[2024-07-21T22:32:47.889+0800][15.877s][gc,heap     ] GC(258) Soft Max Capacity: 128M(100%)
[2024-07-21T22:32:47.889+0800][15.877s][gc,heap     ] GC(258)                Mark Start          Mark End        Relocate Start      Relocate End           High               Low         
[2024-07-21T22:32:47.889+0800][15.877s][gc,heap     ] GC(258)  Capacity:      128M (100%)        128M (100%)        128M (100%)        128M (100%)        128M (100%)        128M (100%)   
[2024-07-21T22:32:47.889+0800][15.877s][gc,heap     ] GC(258)      Free:       70M (55%)          54M (42%)          96M (75%)          96M (75%)          96M (75%)          54M (42%)    
[2024-07-21T22:32:47.889+0800][15.878s][gc,heap     ] GC(258)      Used:       58M (45%)          74M (58%)          32M (25%)          32M (25%)          74M (58%)          32M (25%)    
[2024-07-21T22:32:47.889+0800][15.878s][gc,heap     ] GC(258)      Live:         -                10M (8%)           10M (8%)           10M (8%)             -                  -          
[2024-07-21T22:32:47.889+0800][15.878s][gc,heap     ] GC(258) Allocated:         -                16M (12%)          16M (12%)          16M (12%)            -                  -          
[2024-07-21T22:32:47.889+0800][15.878s][gc,heap     ] GC(258)   Garbage:         -                47M (37%)           5M (4%)            5M (4%)             -                  -          
[2024-07-21T22:32:47.889+0800][15.878s][gc,heap     ] GC(258) Reclaimed:         -                  -                42M (33%)          42M (33%)            -                  -          
[2024-07-21T22:32:47.889+0800][15.878s][gc          ] GC(258) Garbage Collection (Allocation Rate) 58M(45%)->32M(25%)
[2024-07-21T22:32:47.961+0800][15.950s][gc,start    ] GC(259) Garbage Collection (Allocation Stall)
[2024-07-21T22:32:47.961+0800][15.950s][gc,ref      ] GC(259) Clearing All SoftReferences
[2024-07-21T22:32:47.961+0800][15.950s][gc,task     ] GC(259) Using 1 workers
[2024-07-21T22:32:47.961+0800][15.950s][gc,phases   ] GC(259) Pause Mark Start 0.006ms
[2024-07-21T22:32:47.965+0800][15.954s][gc,phases   ] GC(259) Concurrent Mark 3.724ms
[2024-07-21T22:32:47.965+0800][15.954s][gc,phases   ] GC(259) Pause Mark End 0.010ms
[2024-07-21T22:32:47.966+0800][15.954s][gc,phases   ] GC(259) Concurrent Mark Free 0.001ms
[2024-07-21T22:32:47.968+0800][15.956s][gc,phases   ] GC(259) Concurrent Process Non-Strong References 2.033ms
[2024-07-21T22:32:47.968+0800][15.957s][gc,phases   ] GC(259) Concurrent Reset Relocation Set 0.003ms
[2024-07-21T22:32:47.970+0800][15.959s][gc          ] Allocation Stall (main) 9.304ms
[2024-07-21T22:32:47.970+0800][15.959s][gc,phases   ] GC(259) Concurrent Select Relocation Set 2.563ms
[2024-07-21T22:32:47.971+0800][15.959s][gc,phases   ] GC(259) Pause Relocate Start 0.008ms
[2024-07-21T22:32:47.971+0800][15.960s][gc,phases   ] GC(259) Concurrent Relocate 0.110ms
[2024-07-21T22:32:47.971+0800][15.960s][gc,load     ] GC(259) Load: 0.00/0.00/0.00
[2024-07-21T22:32:47.971+0800][15.960s][gc,mmu      ] GC(259) MMU: 2ms/96.5%, 5ms/98.4%, 10ms/99.1%, 20ms/99.5%, 50ms/99.7%, 100ms/99.9%
[2024-07-21T22:32:47.971+0800][15.960s][gc,marking  ] GC(259) Mark: 1 stripe(s), 1 proactive flush(es), 1 terminate flush(es), 0 completion(s), 0 continuation(s) 
[2024-07-21T22:32:47.971+0800][15.960s][gc,marking  ] GC(259) Mark Stack Usage: 32M
[2024-07-21T22:32:47.971+0800][15.960s][gc,nmethod  ] GC(259) NMethods: 470 registered, 0 unregistered
[2024-07-21T22:32:47.971+0800][15.960s][gc,metaspace] GC(259) Metaspace: 1M used, 1M committed, 1032M reserved
[2024-07-21T22:32:47.971+0800][15.960s][gc,ref      ] GC(259) Soft: 43 encountered, 20 discovered, 0 enqueued
[2024-07-21T22:32:47.971+0800][15.960s][gc,ref      ] GC(259) Weak: 131 encountered, 107 discovered, 0 enqueued
[2024-07-21T22:32:47.971+0800][15.960s][gc,ref      ] GC(259) Final: 0 encountered, 0 discovered, 0 enqueued
[2024-07-21T22:32:47.971+0800][15.960s][gc,ref      ] GC(259) Phantom: 184 encountered, 98 discovered, 0 enqueued
[2024-07-21T22:32:47.971+0800][15.960s][gc,reloc    ] GC(259) Small Pages: 4 / 8M, Empty: 2M, Relocated: 0M, In-Place: 0
[2024-07-21T22:32:47.971+0800][15.960s][gc,reloc    ] GC(259) Medium Pages: 1 / 4M, Empty: 0M, Relocated: 0M, In-Place: 0
[2024-07-21T22:32:47.971+0800][15.960s][gc,reloc    ] GC(259) Large Pages: 58 / 116M, Empty: 80M, Relocated: 0M, In-Place: 0
[2024-07-21T22:32:47.971+0800][15.960s][gc,reloc    ] GC(259) Forwarding Usage: 0M
[2024-07-21T22:32:47.971+0800][15.960s][gc,heap     ] GC(259) Min Capacity: 8M(6%)
[2024-07-21T22:32:47.971+0800][15.960s][gc,heap     ] GC(259) Max Capacity: 128M(100%)
[2024-07-21T22:32:47.971+0800][15.960s][gc,heap     ] GC(259) Soft Max Capacity: 128M(100%)
[2024-07-21T22:32:47.971+0800][15.960s][gc,heap     ] GC(259)                Mark Start          Mark End        Relocate Start      Relocate End           High               Low         
[2024-07-21T22:32:47.971+0800][15.960s][gc,heap     ] GC(259)  Capacity:      128M (100%)        128M (100%)        128M (100%)        128M (100%)        128M (100%)        128M (100%)   
[2024-07-21T22:32:47.971+0800][15.960s][gc,heap     ] GC(259)      Free:        0M (0%)            0M (0%)           80M (62%)          78M (61%)          82M (64%)           0M (0%)     
[2024-07-21T22:32:47.971+0800][15.960s][gc,heap     ] GC(259)      Used:      128M (100%)        128M (100%)         48M (38%)          50M (39%)         128M (100%)         46M (36%)    
[2024-07-21T22:32:47.971+0800][15.960s][gc,heap     ] GC(259)      Live:         -                40M (32%)          40M (32%)          40M (32%)            -                  -          
[2024-07-21T22:32:47.971+0800][15.960s][gc,heap     ] GC(259) Allocated:         -                 0M (0%)            2M (2%)            4M (3%)             -                  -          
[2024-07-21T22:32:47.971+0800][15.960s][gc,heap     ] GC(259)   Garbage:         -                87M (68%)           5M (4%)            5M (4%)             -                  -          
[2024-07-21T22:32:47.971+0800][15.960s][gc,heap     ] GC(259) Reclaimed:         -                  -                82M (64%)          82M (64%)            -                  -          
[2024-07-21T22:32:47.971+0800][15.960s][gc          ] GC(259) Garbage Collection (Allocation Stall) 128M(100%)->50M(39%)
[2024-07-21T22:32:47.975+0800][15.963s][gc,start    ] GC(260) Garbage Collection (Allocation Rate)
[2024-07-21T22:32:47.975+0800][15.964s][gc,task     ] GC(260) Using 1 workers
[2024-07-21T22:32:47.975+0800][15.964s][gc,phases   ] GC(260) Pause Mark Start 0.008ms
[2024-07-21T22:32:47.980+0800][15.968s][gc,phases   ] GC(260) Concurrent Mark 4.440ms
[2024-07-21T22:32:47.980+0800][15.969s][gc,phases   ] GC(260) Pause Mark End 0.012ms
[2024-07-21T22:32:47.980+0800][15.969s][gc,phases   ] GC(260) Concurrent Mark Free 0.001ms
[2024-07-21T22:32:47.981+0800][15.970s][gc,phases   ] GC(260) Concurrent Process Non-Strong References 1.243ms
[2024-07-21T22:32:47.981+0800][15.970s][gc,phases   ] GC(260) Concurrent Reset Relocation Set 0.000ms
[2024-07-21T22:32:47.985+0800][15.974s][gc,phases   ] GC(260) Concurrent Select Relocation Set 3.606ms
[2024-07-21T22:32:47.985+0800][15.974s][gc,phases   ] GC(260) Pause Relocate Start 0.014ms
[2024-07-21T22:32:47.986+0800][15.975s][gc,phases   ] GC(260) Concurrent Relocate 0.639ms
[2024-07-21T22:32:47.986+0800][15.975s][gc,load     ] GC(260) Load: 0.00/0.00/0.00
[2024-07-21T22:32:47.986+0800][15.975s][gc,mmu      ] GC(260) MMU: 2ms/96.5%, 5ms/98.4%, 10ms/99.1%, 20ms/99.5%, 50ms/99.7%, 100ms/99.9%
[2024-07-21T22:32:47.986+0800][15.975s][gc,marking  ] GC(260) Mark: 1 stripe(s), 1 proactive flush(es), 1 terminate flush(es), 0 completion(s), 0 continuation(s) 
[2024-07-21T22:32:47.986+0800][15.975s][gc,marking  ] GC(260) Mark Stack Usage: 32M
[2024-07-21T22:32:47.986+0800][15.975s][gc,nmethod  ] GC(260) NMethods: 470 registered, 0 unregistered
[2024-07-21T22:32:47.986+0800][15.975s][gc,metaspace] GC(260) Metaspace: 1M used, 1M committed, 1032M reserved
[2024-07-21T22:32:47.986+0800][15.975s][gc,ref      ] GC(260) Soft: 43 encountered, 0 discovered, 0 enqueued
[2024-07-21T22:32:47.986+0800][15.975s][gc,ref      ] GC(260) Weak: 131 encountered, 107 discovered, 0 enqueued
[2024-07-21T22:32:47.986+0800][15.975s][gc,ref      ] GC(260) Final: 0 encountered, 0 discovered, 0 enqueued
[2024-07-21T22:32:47.986+0800][15.975s][gc,ref      ] GC(260) Phantom: 184 encountered, 98 discovered, 0 enqueued
[2024-07-21T22:32:47.986+0800][15.975s][gc,reloc    ] GC(260) Small Pages: 4 / 8M, Empty: 0M, Relocated: 1M, In-Place: 0
[2024-07-21T22:32:47.986+0800][15.975s][gc,reloc    ] GC(260) Medium Pages: 1 / 4M, Empty: 0M, Relocated: 0M, In-Place: 0
[2024-07-21T22:32:47.986+0800][15.975s][gc,reloc    ] GC(260) Large Pages: 20 / 40M, Empty: 40M, Relocated: 0M, In-Place: 0
[2024-07-21T22:32:47.986+0800][15.975s][gc,reloc    ] GC(260) Forwarding Usage: 0M
[2024-07-21T22:32:47.986+0800][15.975s][gc,heap     ] GC(260) Min Capacity: 8M(6%)
[2024-07-21T22:32:47.986+0800][15.975s][gc,heap     ] GC(260) Max Capacity: 128M(100%)
[2024-07-21T22:32:47.986+0800][15.975s][gc,heap     ] GC(260) Soft Max Capacity: 128M(100%)
[2024-07-21T22:32:47.986+0800][15.975s][gc,heap     ] GC(260)                Mark Start          Mark End        Relocate Start      Relocate End           High               Low         
[2024-07-21T22:32:47.986+0800][15.975s][gc,heap     ] GC(260)  Capacity:      128M (100%)        128M (100%)        128M (100%)        128M (100%)        128M (100%)        128M (100%)   
[2024-07-21T22:32:47.986+0800][15.975s][gc,heap     ] GC(260)      Free:       76M (59%)          76M (59%)         116M (91%)         118M (92%)         118M (92%)          76M (59%)    
[2024-07-21T22:32:47.986+0800][15.975s][gc,heap     ] GC(260)      Used:       52M (41%)          52M (41%)          12M (9%)           10M (8%)           52M (41%)          10M (8%)     
[2024-07-21T22:32:47.986+0800][15.975s][gc,heap     ] GC(260)      Live:         -                 4M (4%)            4M (4%)            4M (4%)             -                  -          
[2024-07-21T22:32:47.986+0800][15.975s][gc,heap     ] GC(260) Allocated:         -                 0M (0%)            0M (0%)            0M (0%)             -                  -          
[2024-07-21T22:32:47.986+0800][15.975s][gc,heap     ] GC(260)   Garbage:         -                47M (37%)           7M (6%)            5M (4%)             -                  -          
[2024-07-21T22:32:47.986+0800][15.975s][gc,heap     ] GC(260) Reclaimed:         -                  -                40M (31%)          42M (33%)            -                  -          
[2024-07-21T22:32:47.986+0800][15.975s][gc          ] GC(260) Garbage Collection (Allocation Rate) 52M(41%)->10M(8%)
[2024-07-21T22:32:48.070+0800][16.058s][gc,start    ] GC(261) Garbage Collection (Allocation Rate)
[2024-07-21T22:32:48.070+0800][16.059s][gc,task     ] GC(261) Using 1 workers
[2024-07-21T22:32:48.070+0800][16.059s][gc,phases   ] GC(261) Pause Mark Start 0.006ms
[2024-07-21T22:32:48.074+0800][16.063s][gc,phases   ] GC(261) Concurrent Mark 3.713ms
[2024-07-21T22:32:48.074+0800][16.063s][gc,phases   ] GC(261) Pause Mark End 0.008ms
[2024-07-21T22:32:48.074+0800][16.063s][gc,phases   ] GC(261) Concurrent Mark Free 0.001ms
[2024-07-21T22:32:48.075+0800][16.064s][gc,phases   ] GC(261) Concurrent Process Non-Strong References 1.116ms
[2024-07-21T22:32:48.075+0800][16.064s][gc,phases   ] GC(261) Concurrent Reset Relocation Set 0.001ms
[2024-07-21T22:32:48.077+0800][16.066s][gc          ] Allocation Stall (main) 5.802ms
[2024-07-21T22:32:48.077+0800][16.066s][gc,phases   ] GC(261) Concurrent Select Relocation Set 1.644ms
[2024-07-21T22:32:48.077+0800][16.066s][gc,phases   ] GC(261) Pause Relocate Start 0.004ms
[2024-07-21T22:32:48.078+0800][16.066s][gc,phases   ] GC(261) Concurrent Relocate 0.113ms
[2024-07-21T22:32:48.078+0800][16.066s][gc,load     ] GC(261) Load: 0.00/0.00/0.00
[2024-07-21T22:32:48.078+0800][16.066s][gc,mmu      ] GC(261) MMU: 2ms/96.5%, 5ms/98.4%, 10ms/99.1%, 20ms/99.5%, 50ms/99.7%, 100ms/99.9%
[2024-07-21T22:32:48.078+0800][16.066s][gc,marking  ] GC(261) Mark: 1 stripe(s), 2 proactive flush(es), 1 terminate flush(es), 0 completion(s), 0 continuation(s) 
[2024-07-21T22:32:48.078+0800][16.066s][gc,marking  ] GC(261) Mark Stack Usage: 32M
[2024-07-21T22:32:48.078+0800][16.066s][gc,nmethod  ] GC(261) NMethods: 470 registered, 0 unregistered
[2024-07-21T22:32:48.078+0800][16.066s][gc,metaspace] GC(261) Metaspace: 1M used, 1M committed, 1032M reserved
[2024-07-21T22:32:48.078+0800][16.066s][gc,ref      ] GC(261) Soft: 43 encountered, 0 discovered, 0 enqueued
[2024-07-21T22:32:48.078+0800][16.066s][gc,ref      ] GC(261) Weak: 131 encountered, 107 discovered, 0 enqueued
[2024-07-21T22:32:48.078+0800][16.066s][gc,ref      ] GC(261) Final: 0 encountered, 0 discovered, 0 enqueued
[2024-07-21T22:32:48.078+0800][16.066s][gc,ref      ] GC(261) Phantom: 184 encountered, 98 discovered, 0 enqueued
[2024-07-21T22:32:48.078+0800][16.066s][gc,reloc    ] GC(261) Small Pages: 4 / 8M, Empty: 2M, Relocated: 0M, In-Place: 0
[2024-07-21T22:32:48.078+0800][16.066s][gc,reloc    ] GC(261) Medium Pages: 1 / 4M, Empty: 0M, Relocated: 0M, In-Place: 0
[2024-07-21T22:32:48.078+0800][16.066s][gc,reloc    ] GC(261) Large Pages: 52 / 104M, Empty: 80M, Relocated: 0M, In-Place: 0
[2024-07-21T22:32:48.078+0800][16.066s][gc,reloc    ] GC(261) Forwarding Usage: 0M
[2024-07-21T22:32:48.078+0800][16.066s][gc,heap     ] GC(261) Min Capacity: 8M(6%)
[2024-07-21T22:32:48.078+0800][16.066s][gc,heap     ] GC(261) Max Capacity: 128M(100%)
[2024-07-21T22:32:48.078+0800][16.066s][gc,heap     ] GC(261) Soft Max Capacity: 128M(100%)
[2024-07-21T22:32:48.078+0800][16.067s][gc,heap     ] GC(261)                Mark Start          Mark End        Relocate Start      Relocate End           High               Low         
[2024-07-21T22:32:48.078+0800][16.067s][gc,heap     ] GC(261)  Capacity:      128M (100%)        128M (100%)        128M (100%)        128M (100%)        128M (100%)        128M (100%)   
[2024-07-21T22:32:48.078+0800][16.067s][gc,heap     ] GC(261)      Free:       12M (9%)            0M (0%)           80M (62%)          76M (59%)          82M (64%)           0M (0%)     
[2024-07-21T22:32:48.078+0800][16.067s][gc,heap     ] GC(261)      Used:      116M (91%)         128M (100%)         48M (38%)          52M (41%)         128M (100%)         46M (36%)    
[2024-07-21T22:32:48.078+0800][16.067s][gc,heap     ] GC(261)      Live:         -                28M (22%)          28M (22%)          28M (22%)            -                  -          
[2024-07-21T22:32:48.078+0800][16.067s][gc,heap     ] GC(261) Allocated:         -                12M (9%)           14M (11%)          18M (14%)            -                  -          
[2024-07-21T22:32:48.078+0800][16.067s][gc,heap     ] GC(261)   Garbage:         -                87M (68%)           5M (4%)            5M (4%)             -                  -          
[2024-07-21T22:32:48.078+0800][16.067s][gc,heap     ] GC(261) Reclaimed:         -                  -                82M (64%)          82M (64%)            -                  -          
[2024-07-21T22:32:48.078+0800][16.067s][gc          ] GC(261) Garbage Collection (Allocation Rate) 116M(91%)->52M(41%)
[2024-07-21T22:32:48.150+0800][16.138s][gc,start    ] GC(262) Garbage Collection (Allocation Stall)
[2024-07-21T22:32:48.150+0800][16.138s][gc,ref      ] GC(262) Clearing All SoftReferences
[2024-07-21T22:32:48.150+0800][16.138s][gc,task     ] GC(262) Using 1 workers
[2024-07-21T22:32:48.150+0800][16.139s][gc,phases   ] GC(262) Pause Mark Start 0.027ms
[2024-07-21T22:32:48.154+0800][16.143s][gc,phases   ] GC(262) Concurrent Mark 4.230ms
[2024-07-21T22:32:48.155+0800][16.143s][gc,phases   ] GC(262) Pause Mark End 0.010ms
[2024-07-21T22:32:48.155+0800][16.143s][gc,phases   ] GC(262) Concurrent Mark Free 0.001ms
[2024-07-21T22:32:48.156+0800][16.145s][gc,phases   ] GC(262) Concurrent Process Non-Strong References 1.327ms
[2024-07-21T22:32:48.156+0800][16.145s][gc,phases   ] GC(262) Concurrent Reset Relocation Set 0.001ms
[2024-07-21T22:32:48.159+0800][16.148s][gc          ] Allocation Stall (main) 9.734ms
[2024-07-21T22:32:48.159+0800][16.148s][gc,phases   ] GC(262) Concurrent Select Relocation Set 3.167ms
[2024-07-21T22:32:48.160+0800][16.148s][gc,phases   ] GC(262) Pause Relocate Start 0.015ms
[2024-07-21T22:32:48.160+0800][16.148s][gc,phases   ] GC(262) Concurrent Relocate 0.068ms
[2024-07-21T22:32:48.160+0800][16.148s][gc,load     ] GC(262) Load: 0.00/0.00/0.00
[2024-07-21T22:32:48.160+0800][16.148s][gc,mmu      ] GC(262) MMU: 2ms/96.5%, 5ms/98.4%, 10ms/99.1%, 20ms/99.5%, 50ms/99.7%, 100ms/99.9%
[2024-07-21T22:32:48.160+0800][16.148s][gc,marking  ] GC(262) Mark: 1 stripe(s), 1 proactive flush(es), 1 terminate flush(es), 0 completion(s), 0 continuation(s) 
[2024-07-21T22:32:48.160+0800][16.148s][gc,marking  ] GC(262) Mark Stack Usage: 32M
[2024-07-21T22:32:48.160+0800][16.149s][gc,nmethod  ] GC(262) NMethods: 470 registered, 0 unregistered
[2024-07-21T22:32:48.160+0800][16.149s][gc,metaspace] GC(262) Metaspace: 1M used, 1M committed, 1032M reserved
[2024-07-21T22:32:48.160+0800][16.149s][gc,ref      ] GC(262) Soft: 43 encountered, 20 discovered, 0 enqueued
[2024-07-21T22:32:48.160+0800][16.149s][gc,ref      ] GC(262) Weak: 131 encountered, 107 discovered, 0 enqueued
[2024-07-21T22:32:48.160+0800][16.149s][gc,ref      ] GC(262) Final: 0 encountered, 0 discovered, 0 enqueued
[2024-07-21T22:32:48.160+0800][16.149s][gc,ref      ] GC(262) Phantom: 184 encountered, 98 discovered, 0 enqueued
[2024-07-21T22:32:48.160+0800][16.149s][gc,reloc    ] GC(262) Small Pages: 4 / 8M, Empty: 2M, Relocated: 0M, In-Place: 0
[2024-07-21T22:32:48.160+0800][16.149s][gc,reloc    ] GC(262) Medium Pages: 1 / 4M, Empty: 0M, Relocated: 0M, In-Place: 0
[2024-07-21T22:32:48.160+0800][16.149s][gc,reloc    ] GC(262) Large Pages: 58 / 116M, Empty: 80M, Relocated: 0M, In-Place: 0
[2024-07-21T22:32:48.160+0800][16.149s][gc,reloc    ] GC(262) Forwarding Usage: 0M
[2024-07-21T22:32:48.160+0800][16.149s][gc,heap     ] GC(262) Min Capacity: 8M(6%)
[2024-07-21T22:32:48.160+0800][16.149s][gc,heap     ] GC(262) Max Capacity: 128M(100%)
[2024-07-21T22:32:48.160+0800][16.149s][gc,heap     ] GC(262) Soft Max Capacity: 128M(100%)
[2024-07-21T22:32:48.160+0800][16.149s][gc,heap     ] GC(262)                Mark Start          Mark End        Relocate Start      Relocate End           High               Low         
[2024-07-21T22:32:48.160+0800][16.149s][gc,heap     ] GC(262)  Capacity:      128M (100%)        128M (100%)        128M (100%)        128M (100%)        128M (100%)        128M (100%)   
[2024-07-21T22:32:48.160+0800][16.149s][gc,heap     ] GC(262)      Free:        0M (0%)            0M (0%)           80M (62%)          80M (62%)          82M (64%)           0M (0%)     
[2024-07-21T22:32:48.160+0800][16.149s][gc,heap     ] GC(262)      Used:      128M (100%)        128M (100%)         48M (38%)          48M (38%)         128M (100%)         46M (36%)    
[2024-07-21T22:32:48.160+0800][16.149s][gc,heap     ] GC(262)      Live:         -                40M (32%)          40M (32%)          40M (32%)            -                  -          
[2024-07-21T22:32:48.160+0800][16.149s][gc,heap     ] GC(262) Allocated:         -                 0M (0%)            2M (2%)            2M (2%)             -                  -          
[2024-07-21T22:32:48.160+0800][16.149s][gc,heap     ] GC(262)   Garbage:         -                87M (68%)           5M (4%)            5M (4%)             -                  -          
[2024-07-21T22:32:48.160+0800][16.149s][gc,heap     ] GC(262) Reclaimed:         -                  -                82M (64%)          82M (64%)            -                  -          
[2024-07-21T22:32:48.160+0800][16.149s][gc          ] GC(262) Garbage Collection (Allocation Stall) 128M(100%)->48M(38%)
[2024-07-21T22:32:48.181+0800][16.169s][gc,start    ] GC(263) Garbage Collection (Allocation Rate)
[2024-07-21T22:32:48.181+0800][16.170s][gc,task     ] GC(263) Using 1 workers
[2024-07-21T22:32:48.181+0800][16.170s][gc,phases   ] GC(263) Pause Mark Start 0.010ms
[2024-07-21T22:32:48.187+0800][16.176s][gc,phases   ] GC(263) Concurrent Mark 5.684ms
[2024-07-21T22:32:48.187+0800][16.176s][gc,phases   ] GC(263) Pause Mark End 0.015ms
[2024-07-21T22:32:48.187+0800][16.176s][gc,phases   ] GC(263) Concurrent Mark Free 0.001ms
[2024-07-21T22:32:48.188+0800][16.177s][gc,phases   ] GC(263) Concurrent Process Non-Strong References 1.185ms
[2024-07-21T22:32:48.188+0800][16.177s][gc,phases   ] GC(263) Concurrent Reset Relocation Set 0.000ms
[2024-07-21T22:32:48.191+0800][16.180s][gc,phases   ] GC(263) Concurrent Select Relocation Set 2.359ms
[2024-07-21T22:32:48.191+0800][16.180s][gc,phases   ] GC(263) Pause Relocate Start 0.011ms
[2024-07-21T22:32:48.191+0800][16.180s][gc,phases   ] GC(263) Concurrent Relocate 0.114ms
[2024-07-21T22:32:48.191+0800][16.180s][gc,load     ] GC(263) Load: 0.00/0.00/0.00
[2024-07-21T22:32:48.191+0800][16.180s][gc,mmu      ] GC(263) MMU: 2ms/96.5%, 5ms/98.4%, 10ms/99.1%, 20ms/99.5%, 50ms/99.7%, 100ms/99.9%
[2024-07-21T22:32:48.191+0800][16.180s][gc,marking  ] GC(263) Mark: 1 stripe(s), 2 proactive flush(es), 1 terminate flush(es), 0 completion(s), 0 continuation(s) 
[2024-07-21T22:32:48.191+0800][16.180s][gc,marking  ] GC(263) Mark Stack Usage: 32M
[2024-07-21T22:32:48.191+0800][16.180s][gc,nmethod  ] GC(263) NMethods: 470 registered, 0 unregistered
[2024-07-21T22:32:48.191+0800][16.180s][gc,metaspace] GC(263) Metaspace: 1M used, 1M committed, 1032M reserved
[2024-07-21T22:32:48.191+0800][16.180s][gc,ref      ] GC(263) Soft: 43 encountered, 0 discovered, 0 enqueued
[2024-07-21T22:32:48.191+0800][16.180s][gc,ref      ] GC(263) Weak: 131 encountered, 107 discovered, 0 enqueued
[2024-07-21T22:32:48.191+0800][16.180s][gc,ref      ] GC(263) Final: 0 encountered, 0 discovered, 0 enqueued
[2024-07-21T22:32:48.191+0800][16.180s][gc,ref      ] GC(263) Phantom: 184 encountered, 98 discovered, 0 enqueued
[2024-07-21T22:32:48.191+0800][16.180s][gc,reloc    ] GC(263) Small Pages: 4 / 8M, Empty: 2M, Relocated: 0M, In-Place: 0
[2024-07-21T22:32:48.191+0800][16.180s][gc,reloc    ] GC(263) Medium Pages: 1 / 4M, Empty: 0M, Relocated: 0M, In-Place: 0
[2024-07-21T22:32:48.191+0800][16.180s][gc,reloc    ] GC(263) Large Pages: 22 / 44M, Empty: 40M, Relocated: 0M, In-Place: 0
[2024-07-21T22:32:48.192+0800][16.180s][gc,reloc    ] GC(263) Forwarding Usage: 0M
[2024-07-21T22:32:48.192+0800][16.180s][gc,heap     ] GC(263) Min Capacity: 8M(6%)
[2024-07-21T22:32:48.192+0800][16.180s][gc,heap     ] GC(263) Max Capacity: 128M(100%)
[2024-07-21T22:32:48.192+0800][16.180s][gc,heap     ] GC(263) Soft Max Capacity: 128M(100%)
[2024-07-21T22:32:48.192+0800][16.180s][gc,heap     ] GC(263)                Mark Start          Mark End        Relocate Start      Relocate End           High               Low         
[2024-07-21T22:32:48.192+0800][16.180s][gc,heap     ] GC(263)  Capacity:      128M (100%)        128M (100%)        128M (100%)        128M (100%)        128M (100%)        128M (100%)   
[2024-07-21T22:32:48.192+0800][16.180s][gc,heap     ] GC(263)      Free:       72M (56%)          54M (42%)          96M (75%)          96M (75%)          96M (75%)          54M (42%)    
[2024-07-21T22:32:48.192+0800][16.180s][gc,heap     ] GC(263)      Used:       56M (44%)          74M (58%)          32M (25%)          32M (25%)          74M (58%)          32M (25%)    
[2024-07-21T22:32:48.192+0800][16.180s][gc,heap     ] GC(263)      Live:         -                 8M (7%)            8M (7%)            8M (7%)             -                  -          
[2024-07-21T22:32:48.192+0800][16.180s][gc,heap     ] GC(263) Allocated:         -                18M (14%)          18M (14%)          18M (14%)            -                  -          
[2024-07-21T22:32:48.192+0800][16.180s][gc,heap     ] GC(263)   Garbage:         -                47M (37%)           5M (4%)            5M (4%)             -                  -          
[2024-07-21T22:32:48.192+0800][16.180s][gc,heap     ] GC(263) Reclaimed:         -                  -                42M (33%)          42M (33%)            -                  -          
[2024-07-21T22:32:48.192+0800][16.180s][gc          ] GC(263) Garbage Collection (Allocation Rate) 56M(44%)->32M(25%)
[2024-07-21T22:32:48.261+0800][16.249s][gc,start    ] GC(264) Garbage Collection (Allocation Stall)
[2024-07-21T22:32:48.261+0800][16.250s][gc,ref      ] GC(264) Clearing All SoftReferences
[2024-07-21T22:32:48.261+0800][16.250s][gc,task     ] GC(264) Using 1 workers
[2024-07-21T22:32:48.261+0800][16.250s][gc,phases   ] GC(264) Pause Mark Start 0.006ms
[2024-07-21T22:32:48.264+0800][16.253s][gc,phases   ] GC(264) Concurrent Mark 3.439ms
[2024-07-21T22:32:48.265+0800][16.253s][gc,phases   ] GC(264) Pause Mark End 0.007ms
[2024-07-21T22:32:48.265+0800][16.253s][gc,phases   ] GC(264) Concurrent Mark Free 0.001ms
[2024-07-21T22:32:48.266+0800][16.255s][gc,phases   ] GC(264) Concurrent Process Non-Strong References 1.183ms
[2024-07-21T22:32:48.266+0800][16.255s][gc,phases   ] GC(264) Concurrent Reset Relocation Set 0.000ms
[2024-07-21T22:32:48.268+0800][16.256s][gc,phases   ] GC(264) Concurrent Select Relocation Set 1.684ms
[2024-07-21T22:32:48.268+0800][16.256s][gc          ] Allocation Stall (main) 6.954ms
[2024-07-21T22:32:48.268+0800][16.257s][gc,phases   ] GC(264) Pause Relocate Start 0.007ms
[2024-07-21T22:32:48.268+0800][16.257s][gc,phases   ] GC(264) Concurrent Relocate 0.062ms
[2024-07-21T22:32:48.268+0800][16.257s][gc,load     ] GC(264) Load: 0.00/0.00/0.00
[2024-07-21T22:32:48.268+0800][16.257s][gc,mmu      ] GC(264) MMU: 2ms/96.5%, 5ms/98.4%, 10ms/99.1%, 20ms/99.5%, 50ms/99.7%, 100ms/99.9%
[2024-07-21T22:32:48.268+0800][16.257s][gc,marking  ] GC(264) Mark: 1 stripe(s), 1 proactive flush(es), 1 terminate flush(es), 0 completion(s), 0 continuation(s) 
[2024-07-21T22:32:48.268+0800][16.257s][gc,marking  ] GC(264) Mark Stack Usage: 32M
[2024-07-21T22:32:48.268+0800][16.257s][gc,nmethod  ] GC(264) NMethods: 470 registered, 0 unregistered
[2024-07-21T22:32:48.268+0800][16.257s][gc,metaspace] GC(264) Metaspace: 1M used, 1M committed, 1032M reserved
[2024-07-21T22:32:48.268+0800][16.257s][gc,ref      ] GC(264) Soft: 43 encountered, 20 discovered, 0 enqueued
[2024-07-21T22:32:48.268+0800][16.257s][gc,ref      ] GC(264) Weak: 131 encountered, 107 discovered, 0 enqueued
[2024-07-21T22:32:48.268+0800][16.257s][gc,ref      ] GC(264) Final: 0 encountered, 0 discovered, 0 enqueued
[2024-07-21T22:32:48.268+0800][16.257s][gc,ref      ] GC(264) Phantom: 184 encountered, 98 discovered, 0 enqueued
[2024-07-21T22:32:48.268+0800][16.257s][gc,reloc    ] GC(264) Small Pages: 4 / 8M, Empty: 2M, Relocated: 0M, In-Place: 0
[2024-07-21T22:32:48.268+0800][16.257s][gc,reloc    ] GC(264) Medium Pages: 1 / 4M, Empty: 0M, Relocated: 0M, In-Place: 0
[2024-07-21T22:32:48.268+0800][16.257s][gc,reloc    ] GC(264) Large Pages: 58 / 116M, Empty: 80M, Relocated: 0M, In-Place: 0
[2024-07-21T22:32:48.268+0800][16.257s][gc,reloc    ] GC(264) Forwarding Usage: 0M
[2024-07-21T22:32:48.268+0800][16.257s][gc,heap     ] GC(264) Min Capacity: 8M(6%)
[2024-07-21T22:32:48.268+0800][16.257s][gc,heap     ] GC(264) Max Capacity: 128M(100%)
[2024-07-21T22:32:48.268+0800][16.257s][gc,heap     ] GC(264) Soft Max Capacity: 128M(100%)
[2024-07-21T22:32:48.268+0800][16.257s][gc,heap     ] GC(264)                Mark Start          Mark End        Relocate Start      Relocate End           High               Low         
[2024-07-21T22:32:48.268+0800][16.257s][gc,heap     ] GC(264)  Capacity:      128M (100%)        128M (100%)        128M (100%)        128M (100%)        128M (100%)        128M (100%)   
[2024-07-21T22:32:48.268+0800][16.257s][gc,heap     ] GC(264)      Free:        0M (0%)            0M (0%)           80M (62%)          78M (61%)          82M (64%)           0M (0%)     
[2024-07-21T22:32:48.268+0800][16.257s][gc,heap     ] GC(264)      Used:      128M (100%)        128M (100%)         48M (38%)          50M (39%)         128M (100%)         46M (36%)    
[2024-07-21T22:32:48.268+0800][16.257s][gc,heap     ] GC(264)      Live:         -                40M (32%)          40M (32%)          40M (32%)            -                  -          
[2024-07-21T22:32:48.268+0800][16.257s][gc,heap     ] GC(264) Allocated:         -                 0M (0%)            2M (2%)            4M (3%)             -                  -          
[2024-07-21T22:32:48.268+0800][16.257s][gc,heap     ] GC(264)   Garbage:         -                87M (68%)           5M (4%)            5M (4%)             -                  -          
[2024-07-21T22:32:48.268+0800][16.257s][gc,heap     ] GC(264) Reclaimed:         -                  -                82M (64%)          82M (64%)            -                  -          
[2024-07-21T22:32:48.268+0800][16.257s][gc          ] GC(264) Garbage Collection (Allocation Stall) 128M(100%)->50M(39%)
[2024-07-21T22:32:48.276+0800][16.264s][gc,start    ] GC(265) Garbage Collection (Allocation Rate)
[2024-07-21T22:32:48.276+0800][16.264s][gc,task     ] GC(265) Using 1 workers
[2024-07-21T22:32:48.276+0800][16.264s][gc,phases   ] GC(265) Pause Mark Start 0.006ms
[2024-07-21T22:32:48.279+0800][16.267s][gc,phases   ] GC(265) Concurrent Mark 3.245ms
[2024-07-21T22:32:48.279+0800][16.268s][gc,phases   ] GC(265) Pause Mark End 0.006ms
[2024-07-21T22:32:48.279+0800][16.268s][gc,phases   ] GC(265) Concurrent Mark Free 0.001ms
[2024-07-21T22:32:48.280+0800][16.269s][gc,phases   ] GC(265) Concurrent Process Non-Strong References 1.103ms
[2024-07-21T22:32:48.280+0800][16.269s][gc,phases   ] GC(265) Concurrent Reset Relocation Set 0.000ms
[2024-07-21T22:32:48.282+0800][16.271s][gc,phases   ] GC(265) Concurrent Select Relocation Set 1.813ms
[2024-07-21T22:32:48.282+0800][16.271s][gc,phases   ] GC(265) Pause Relocate Start 0.004ms
[2024-07-21T22:32:48.283+0800][16.272s][gc,phases   ] GC(265) Concurrent Relocate 0.547ms
[2024-07-21T22:32:48.283+0800][16.272s][gc,load     ] GC(265) Load: 0.00/0.00/0.00
[2024-07-21T22:32:48.283+0800][16.272s][gc,mmu      ] GC(265) MMU: 2ms/96.5%, 5ms/98.4%, 10ms/99.1%, 20ms/99.5%, 50ms/99.7%, 100ms/99.9%
[2024-07-21T22:32:48.283+0800][16.272s][gc,marking  ] GC(265) Mark: 1 stripe(s), 1 proactive flush(es), 1 terminate flush(es), 0 completion(s), 0 continuation(s) 
[2024-07-21T22:32:48.283+0800][16.272s][gc,marking  ] GC(265) Mark Stack Usage: 32M
[2024-07-21T22:32:48.283+0800][16.272s][gc,nmethod  ] GC(265) NMethods: 470 registered, 0 unregistered
[2024-07-21T22:32:48.283+0800][16.272s][gc,metaspace] GC(265) Metaspace: 1M used, 1M committed, 1032M reserved
[2024-07-21T22:32:48.283+0800][16.272s][gc,ref      ] GC(265) Soft: 43 encountered, 0 discovered, 0 enqueued
[2024-07-21T22:32:48.283+0800][16.272s][gc,ref      ] GC(265) Weak: 131 encountered, 107 discovered, 0 enqueued
[2024-07-21T22:32:48.283+0800][16.272s][gc,ref      ] GC(265) Final: 0 encountered, 0 discovered, 0 enqueued
[2024-07-21T22:32:48.283+0800][16.272s][gc,ref      ] GC(265) Phantom: 184 encountered, 98 discovered, 0 enqueued
[2024-07-21T22:32:48.283+0800][16.272s][gc,reloc    ] GC(265) Small Pages: 4 / 8M, Empty: 0M, Relocated: 1M, In-Place: 0
[2024-07-21T22:32:48.283+0800][16.272s][gc,reloc    ] GC(265) Medium Pages: 1 / 4M, Empty: 0M, Relocated: 0M, In-Place: 0
[2024-07-21T22:32:48.283+0800][16.272s][gc,reloc    ] GC(265) Large Pages: 20 / 40M, Empty: 40M, Relocated: 0M, In-Place: 0
[2024-07-21T22:32:48.283+0800][16.272s][gc,reloc    ] GC(265) Forwarding Usage: 0M
[2024-07-21T22:32:48.283+0800][16.272s][gc,heap     ] GC(265) Min Capacity: 8M(6%)
[2024-07-21T22:32:48.283+0800][16.272s][gc,heap     ] GC(265) Max Capacity: 128M(100%)
[2024-07-21T22:32:48.283+0800][16.272s][gc,heap     ] GC(265) Soft Max Capacity: 128M(100%)
[2024-07-21T22:32:48.283+0800][16.272s][gc,heap     ] GC(265)                Mark Start          Mark End        Relocate Start      Relocate End           High               Low         
[2024-07-21T22:32:48.283+0800][16.272s][gc,heap     ] GC(265)  Capacity:      128M (100%)        128M (100%)        128M (100%)        128M (100%)        128M (100%)        128M (100%)   
[2024-07-21T22:32:48.283+0800][16.272s][gc,heap     ] GC(265)      Free:       76M (59%)          76M (59%)         116M (91%)         118M (92%)         118M (92%)          76M (59%)    
[2024-07-21T22:32:48.283+0800][16.272s][gc,heap     ] GC(265)      Used:       52M (41%)          52M (41%)          12M (9%)           10M (8%)           52M (41%)          10M (8%)     
[2024-07-21T22:32:48.283+0800][16.272s][gc,heap     ] GC(265)      Live:         -                 4M (4%)            4M (4%)            4M (4%)             -                  -          
[2024-07-21T22:32:48.283+0800][16.272s][gc,heap     ] GC(265) Allocated:         -                 0M (0%)            0M (0%)            0M (0%)             -                  -          
[2024-07-21T22:32:48.283+0800][16.272s][gc,heap     ] GC(265)   Garbage:         -                47M (37%)           7M (6%)            5M (4%)             -                  -          
[2024-07-21T22:32:48.283+0800][16.272s][gc,heap     ] GC(265) Reclaimed:         -                  -                40M (31%)          42M (33%)            -                  -          
[2024-07-21T22:32:48.283+0800][16.272s][gc          ] GC(265) Garbage Collection (Allocation Rate) 52M(41%)->10M(8%)
[2024-07-21T22:32:48.369+0800][16.357s][gc,start    ] GC(266) Garbage Collection (Allocation Rate)
[2024-07-21T22:32:48.369+0800][16.358s][gc,task     ] GC(266) Using 1 workers
[2024-07-21T22:32:48.369+0800][16.358s][gc,phases   ] GC(266) Pause Mark Start 0.012ms
[2024-07-21T22:32:48.374+0800][16.362s][gc,phases   ] GC(266) Concurrent Mark 4.316ms
[2024-07-21T22:32:48.374+0800][16.363s][gc,phases   ] GC(266) Pause Mark End 0.013ms
[2024-07-21T22:32:48.374+0800][16.363s][gc,phases   ] GC(266) Concurrent Mark Free 0.002ms
[2024-07-21T22:32:48.376+0800][16.365s][gc,phases   ] GC(266) Concurrent Process Non-Strong References 2.086ms
[2024-07-21T22:32:48.376+0800][16.365s][gc,phases   ] GC(266) Concurrent Reset Relocation Set 0.002ms
[2024-07-21T22:32:48.379+0800][16.367s][gc          ] Allocation Stall (main) 8.173ms
[2024-07-21T22:32:48.379+0800][16.367s][gc,phases   ] GC(266) Concurrent Select Relocation Set 2.497ms
[2024-07-21T22:32:48.379+0800][16.368s][gc,phases   ] GC(266) Pause Relocate Start 0.010ms
[2024-07-21T22:32:48.379+0800][16.368s][gc,phases   ] GC(266) Concurrent Relocate 0.071ms
[2024-07-21T22:32:48.379+0800][16.368s][gc,load     ] GC(266) Load: 0.00/0.00/0.00
[2024-07-21T22:32:48.379+0800][16.368s][gc,mmu      ] GC(266) MMU: 2ms/96.5%, 5ms/98.4%, 10ms/99.1%, 20ms/99.5%, 50ms/99.7%, 100ms/99.9%
[2024-07-21T22:32:48.379+0800][16.368s][gc,marking  ] GC(266) Mark: 1 stripe(s), 2 proactive flush(es), 1 terminate flush(es), 0 completion(s), 0 continuation(s) 
[2024-07-21T22:32:48.379+0800][16.368s][gc,marking  ] GC(266) Mark Stack Usage: 32M
[2024-07-21T22:32:48.379+0800][16.368s][gc,nmethod  ] GC(266) NMethods: 470 registered, 0 unregistered
[2024-07-21T22:32:48.379+0800][16.368s][gc,metaspace] GC(266) Metaspace: 1M used, 1M committed, 1032M reserved
[2024-07-21T22:32:48.379+0800][16.368s][gc,ref      ] GC(266) Soft: 43 encountered, 0 discovered, 0 enqueued
[2024-07-21T22:32:48.379+0800][16.368s][gc,ref      ] GC(266) Weak: 131 encountered, 107 discovered, 0 enqueued
[2024-07-21T22:32:48.379+0800][16.368s][gc,ref      ] GC(266) Final: 0 encountered, 0 discovered, 0 enqueued
[2024-07-21T22:32:48.379+0800][16.368s][gc,ref      ] GC(266) Phantom: 184 encountered, 98 discovered, 0 enqueued
[2024-07-21T22:32:48.379+0800][16.368s][gc,reloc    ] GC(266) Small Pages: 4 / 8M, Empty: 2M, Relocated: 0M, In-Place: 0
[2024-07-21T22:32:48.379+0800][16.368s][gc,reloc    ] GC(266) Medium Pages: 1 / 4M, Empty: 0M, Relocated: 0M, In-Place: 0
[2024-07-21T22:32:48.379+0800][16.368s][gc,reloc    ] GC(266) Large Pages: 53 / 106M, Empty: 80M, Relocated: 0M, In-Place: 0
[2024-07-21T22:32:48.379+0800][16.368s][gc,reloc    ] GC(266) Forwarding Usage: 0M
[2024-07-21T22:32:48.379+0800][16.368s][gc,heap     ] GC(266) Min Capacity: 8M(6%)
[2024-07-21T22:32:48.379+0800][16.368s][gc,heap     ] GC(266) Max Capacity: 128M(100%)
[2024-07-21T22:32:48.379+0800][16.368s][gc,heap     ] GC(266) Soft Max Capacity: 128M(100%)
[2024-07-21T22:32:48.379+0800][16.368s][gc,heap     ] GC(266)                Mark Start          Mark End        Relocate Start      Relocate End           High               Low         
[2024-07-21T22:32:48.379+0800][16.368s][gc,heap     ] GC(266)  Capacity:      128M (100%)        128M (100%)        128M (100%)        128M (100%)        128M (100%)        128M (100%)   
[2024-07-21T22:32:48.379+0800][16.368s][gc,heap     ] GC(266)      Free:       10M (8%)            0M (0%)           76M (59%)          76M (59%)          82M (64%)           0M (0%)     
[2024-07-21T22:32:48.379+0800][16.368s][gc,heap     ] GC(266)      Used:      118M (92%)         128M (100%)         52M (41%)          52M (41%)         128M (100%)         46M (36%)    
[2024-07-21T22:32:48.379+0800][16.368s][gc,heap     ] GC(266)      Live:         -                30M (24%)          30M (24%)          30M (24%)            -                  -          
[2024-07-21T22:32:48.379+0800][16.368s][gc,heap     ] GC(266) Allocated:         -                10M (8%)           16M (12%)          16M (12%)            -                  -          
[2024-07-21T22:32:48.379+0800][16.368s][gc,heap     ] GC(266)   Garbage:         -                87M (68%)           5M (4%)            5M (4%)             -                  -          
[2024-07-21T22:32:48.379+0800][16.368s][gc,heap     ] GC(266) Reclaimed:         -                  -                82M (64%)          82M (64%)            -                  -          
[2024-07-21T22:32:48.379+0800][16.368s][gc          ] GC(266) Garbage Collection (Allocation Rate) 118M(92%)->52M(41%)
[2024-07-21T22:32:48.448+0800][16.436s][gc,start    ] GC(267) Garbage Collection (Allocation Stall)
[2024-07-21T22:32:48.448+0800][16.437s][gc,ref      ] GC(267) Clearing All SoftReferences
[2024-07-21T22:32:48.448+0800][16.437s][gc,task     ] GC(267) Using 1 workers
[2024-07-21T22:32:48.448+0800][16.437s][gc,phases   ] GC(267) Pause Mark Start 0.006ms
[2024-07-21T22:32:48.452+0800][16.440s][gc,phases   ] GC(267) Concurrent Mark 3.594ms
[2024-07-21T22:32:48.452+0800][16.441s][gc,phases   ] GC(267) Pause Mark End 0.011ms
[2024-07-21T22:32:48.452+0800][16.441s][gc,phases   ] GC(267) Concurrent Mark Free 0.001ms
[2024-07-21T22:32:48.453+0800][16.442s][gc,phases   ] GC(267) Concurrent Process Non-Strong References 1.172ms
[2024-07-21T22:32:48.453+0800][16.442s][gc,phases   ] GC(267) Concurrent Reset Relocation Set 0.000ms
[2024-07-21T22:32:48.455+0800][16.444s][gc          ] Allocation Stall (main) 7.370ms
[2024-07-21T22:32:48.455+0800][16.444s][gc,phases   ] GC(267) Concurrent Select Relocation Set 1.882ms
[2024-07-21T22:32:48.455+0800][16.444s][gc,phases   ] GC(267) Pause Relocate Start 0.004ms
[2024-07-21T22:32:48.456+0800][16.444s][gc,phases   ] GC(267) Concurrent Relocate 0.095ms
[2024-07-21T22:32:48.456+0800][16.444s][gc,load     ] GC(267) Load: 0.00/0.00/0.00
[2024-07-21T22:32:48.456+0800][16.444s][gc,mmu      ] GC(267) MMU: 2ms/96.5%, 5ms/98.4%, 10ms/99.1%, 20ms/99.5%, 50ms/99.7%, 100ms/99.9%
[2024-07-21T22:32:48.456+0800][16.444s][gc,marking  ] GC(267) Mark: 1 stripe(s), 1 proactive flush(es), 1 terminate flush(es), 0 completion(s), 0 continuation(s) 
[2024-07-21T22:32:48.456+0800][16.444s][gc,marking  ] GC(267) Mark Stack Usage: 32M
[2024-07-21T22:32:48.456+0800][16.444s][gc,nmethod  ] GC(267) NMethods: 470 registered, 0 unregistered
[2024-07-21T22:32:48.456+0800][16.444s][gc,metaspace] GC(267) Metaspace: 1M used, 1M committed, 1032M reserved
[2024-07-21T22:32:48.456+0800][16.444s][gc,ref      ] GC(267) Soft: 43 encountered, 20 discovered, 0 enqueued
[2024-07-21T22:32:48.456+0800][16.444s][gc,ref      ] GC(267) Weak: 131 encountered, 107 discovered, 0 enqueued
[2024-07-21T22:32:48.456+0800][16.445s][gc,ref      ] GC(267) Final: 0 encountered, 0 discovered, 0 enqueued
[2024-07-21T22:32:48.456+0800][16.445s][gc,ref      ] GC(267) Phantom: 184 encountered, 98 discovered, 0 enqueued
[2024-07-21T22:32:48.456+0800][16.445s][gc,reloc    ] GC(267) Small Pages: 4 / 8M, Empty: 2M, Relocated: 0M, In-Place: 0
[2024-07-21T22:32:48.456+0800][16.445s][gc,reloc    ] GC(267) Medium Pages: 1 / 4M, Empty: 0M, Relocated: 0M, In-Place: 0
[2024-07-21T22:32:48.456+0800][16.445s][gc,reloc    ] GC(267) Large Pages: 58 / 116M, Empty: 80M, Relocated: 0M, In-Place: 0
[2024-07-21T22:32:48.456+0800][16.445s][gc,reloc    ] GC(267) Forwarding Usage: 0M
[2024-07-21T22:32:48.456+0800][16.445s][gc,heap     ] GC(267) Min Capacity: 8M(6%)
[2024-07-21T22:32:48.456+0800][16.445s][gc,heap     ] GC(267) Max Capacity: 128M(100%)
[2024-07-21T22:32:48.456+0800][16.445s][gc,heap     ] GC(267) Soft Max Capacity: 128M(100%)
[2024-07-21T22:32:48.456+0800][16.445s][gc,heap     ] GC(267)                Mark Start          Mark End        Relocate Start      Relocate End           High               Low         
[2024-07-21T22:32:48.456+0800][16.445s][gc,heap     ] GC(267)  Capacity:      128M (100%)        128M (100%)        128M (100%)        128M (100%)        128M (100%)        128M (100%)   
[2024-07-21T22:32:48.456+0800][16.445s][gc,heap     ] GC(267)      Free:        0M (0%)            0M (0%)           80M (62%)          80M (62%)          82M (64%)           0M (0%)     
[2024-07-21T22:32:48.456+0800][16.445s][gc,heap     ] GC(267)      Used:      128M (100%)        128M (100%)         48M (38%)          48M (38%)         128M (100%)         46M (36%)    
[2024-07-21T22:32:48.456+0800][16.445s][gc,heap     ] GC(267)      Live:         -                40M (32%)          40M (32%)          40M (32%)            -                  -          
[2024-07-21T22:32:48.456+0800][16.445s][gc,heap     ] GC(267) Allocated:         -                 0M (0%)            2M (2%)            2M (2%)             -                  -          
[2024-07-21T22:32:48.456+0800][16.445s][gc,heap     ] GC(267)   Garbage:         -                87M (68%)           5M (4%)            5M (4%)             -                  -          
[2024-07-21T22:32:48.456+0800][16.445s][gc,heap     ] GC(267) Reclaimed:         -                  -                82M (64%)          82M (64%)            -                  -          
[2024-07-21T22:32:48.456+0800][16.445s][gc          ] GC(267) Garbage Collection (Allocation Stall) 128M(100%)->48M(38%)
[2024-07-21T22:32:48.480+0800][16.468s][gc,start    ] GC(268) Garbage Collection (Allocation Rate)
[2024-07-21T22:32:48.480+0800][16.468s][gc,task     ] GC(268) Using 1 workers
[2024-07-21T22:32:48.480+0800][16.468s][gc,phases   ] GC(268) Pause Mark Start 0.009ms
[2024-07-21T22:32:48.483+0800][16.472s][gc,phases   ] GC(268) Concurrent Mark 3.579ms
[2024-07-21T22:32:48.483+0800][16.472s][gc,phases   ] GC(268) Pause Mark End 0.008ms
[2024-07-21T22:32:48.483+0800][16.472s][gc,phases   ] GC(268) Concurrent Mark Free 0.001ms
[2024-07-21T22:32:48.484+0800][16.473s][gc,phases   ] GC(268) Concurrent Process Non-Strong References 1.017ms
[2024-07-21T22:32:48.484+0800][16.473s][gc,phases   ] GC(268) Concurrent Reset Relocation Set 0.000ms
[2024-07-21T22:32:48.486+0800][16.475s][gc,phases   ] GC(268) Concurrent Select Relocation Set 1.562ms
[2024-07-21T22:32:48.486+0800][16.475s][gc,phases   ] GC(268) Pause Relocate Start 0.004ms
[2024-07-21T22:32:48.486+0800][16.475s][gc,phases   ] GC(268) Concurrent Relocate 0.050ms
[2024-07-21T22:32:48.486+0800][16.475s][gc,load     ] GC(268) Load: 0.00/0.00/0.00
[2024-07-21T22:32:48.486+0800][16.475s][gc,mmu      ] GC(268) MMU: 2ms/96.5%, 5ms/98.4%, 10ms/99.1%, 20ms/99.5%, 50ms/99.7%, 100ms/99.9%
[2024-07-21T22:32:48.486+0800][16.475s][gc,marking  ] GC(268) Mark: 1 stripe(s), 2 proactive flush(es), 1 terminate flush(es), 0 completion(s), 0 continuation(s) 
[2024-07-21T22:32:48.486+0800][16.475s][gc,marking  ] GC(268) Mark Stack Usage: 32M
[2024-07-21T22:32:48.486+0800][16.475s][gc,nmethod  ] GC(268) NMethods: 470 registered, 0 unregistered
[2024-07-21T22:32:48.486+0800][16.475s][gc,metaspace] GC(268) Metaspace: 1M used, 1M committed, 1032M reserved
[2024-07-21T22:32:48.486+0800][16.475s][gc,ref      ] GC(268) Soft: 43 encountered, 0 discovered, 0 enqueued
[2024-07-21T22:32:48.486+0800][16.475s][gc,ref      ] GC(268) Weak: 131 encountered, 107 discovered, 0 enqueued
[2024-07-21T22:32:48.486+0800][16.475s][gc,ref      ] GC(268) Final: 0 encountered, 0 discovered, 0 enqueued
[2024-07-21T22:32:48.486+0800][16.475s][gc,ref      ] GC(268) Phantom: 184 encountered, 98 discovered, 0 enqueued
[2024-07-21T22:32:48.486+0800][16.475s][gc,reloc    ] GC(268) Small Pages: 4 / 8M, Empty: 2M, Relocated: 0M, In-Place: 0
[2024-07-21T22:32:48.486+0800][16.475s][gc,reloc    ] GC(268) Medium Pages: 1 / 4M, Empty: 0M, Relocated: 0M, In-Place: 0
[2024-07-21T22:32:48.487+0800][16.475s][gc,reloc    ] GC(268) Large Pages: 23 / 46M, Empty: 40M, Relocated: 0M, In-Place: 0
[2024-07-21T22:32:48.487+0800][16.475s][gc,reloc    ] GC(268) Forwarding Usage: 0M
[2024-07-21T22:32:48.487+0800][16.475s][gc,heap     ] GC(268) Min Capacity: 8M(6%)
[2024-07-21T22:32:48.487+0800][16.475s][gc,heap     ] GC(268) Max Capacity: 128M(100%)
[2024-07-21T22:32:48.487+0800][16.475s][gc,heap     ] GC(268) Soft Max Capacity: 128M(100%)
[2024-07-21T22:32:48.487+0800][16.475s][gc,heap     ] GC(268)                Mark Start          Mark End        Relocate Start      Relocate End           High               Low         
[2024-07-21T22:32:48.487+0800][16.475s][gc,heap     ] GC(268)  Capacity:      128M (100%)        128M (100%)        128M (100%)        128M (100%)        128M (100%)        128M (100%)   
[2024-07-21T22:32:48.487+0800][16.475s][gc,heap     ] GC(268)      Free:       70M (55%)          54M (42%)          96M (75%)          96M (75%)          96M (75%)          54M (42%)    
[2024-07-21T22:32:48.487+0800][16.475s][gc,heap     ] GC(268)      Used:       58M (45%)          74M (58%)          32M (25%)          32M (25%)          74M (58%)          32M (25%)    
[2024-07-21T22:32:48.487+0800][16.475s][gc,heap     ] GC(268)      Live:         -                10M (8%)           10M (8%)           10M (8%)             -                  -          
[2024-07-21T22:32:48.487+0800][16.475s][gc,heap     ] GC(268) Allocated:         -                16M (12%)          16M (12%)          16M (12%)            -                  -          
[2024-07-21T22:32:48.487+0800][16.475s][gc,heap     ] GC(268)   Garbage:         -                47M (37%)           5M (4%)            5M (4%)             -                  -          
[2024-07-21T22:32:48.487+0800][16.475s][gc,heap     ] GC(268) Reclaimed:         -                  -                42M (33%)          42M (33%)            -                  -          
[2024-07-21T22:32:48.487+0800][16.475s][gc          ] GC(268) Garbage Collection (Allocation Rate) 58M(45%)->32M(25%)
[2024-07-21T22:32:48.561+0800][16.549s][gc,start    ] GC(269) Garbage Collection (Allocation Stall)
[2024-07-21T22:32:48.561+0800][16.549s][gc,ref      ] GC(269) Clearing All SoftReferences
[2024-07-21T22:32:48.561+0800][16.549s][gc,task     ] GC(269) Using 1 workers
[2024-07-21T22:32:48.561+0800][16.549s][gc,phases   ] GC(269) Pause Mark Start 0.007ms
[2024-07-21T22:32:48.565+0800][16.553s][gc,phases   ] GC(269) Concurrent Mark 3.623ms
[2024-07-21T22:32:48.565+0800][16.553s][gc,phases   ] GC(269) Pause Mark End 0.011ms
[2024-07-21T22:32:48.565+0800][16.553s][gc,phases   ] GC(269) Concurrent Mark Free 0.001ms
[2024-07-21T22:32:48.567+0800][16.555s][gc,phases   ] GC(269) Concurrent Process Non-Strong References 1.396ms
[2024-07-21T22:32:48.567+0800][16.555s][gc,phases   ] GC(269) Concurrent Reset Relocation Set 0.001ms
[2024-07-21T22:32:48.570+0800][16.558s][gc          ] Allocation Stall (main) 9.068ms
[2024-07-21T22:32:48.570+0800][16.558s][gc,phases   ] GC(269) Concurrent Select Relocation Set 3.180ms
[2024-07-21T22:32:48.570+0800][16.558s][gc,phases   ] GC(269) Pause Relocate Start 0.011ms
[2024-07-21T22:32:48.571+0800][16.559s][gc,phases   ] GC(269) Concurrent Relocate 0.032ms
[2024-07-21T22:32:48.571+0800][16.559s][gc,load     ] GC(269) Load: 0.00/0.00/0.00
[2024-07-21T22:32:48.571+0800][16.559s][gc,mmu      ] GC(269) MMU: 2ms/96.5%, 5ms/98.4%, 10ms/99.1%, 20ms/99.5%, 50ms/99.7%, 100ms/99.9%
[2024-07-21T22:32:48.571+0800][16.559s][gc,marking  ] GC(269) Mark: 1 stripe(s), 1 proactive flush(es), 1 terminate flush(es), 0 completion(s), 0 continuation(s) 
[2024-07-21T22:32:48.571+0800][16.559s][gc,marking  ] GC(269) Mark Stack Usage: 32M
[2024-07-21T22:32:48.571+0800][16.559s][gc,nmethod  ] GC(269) NMethods: 470 registered, 0 unregistered
[2024-07-21T22:32:48.571+0800][16.559s][gc,metaspace] GC(269) Metaspace: 1M used, 1M committed, 1032M reserved
[2024-07-21T22:32:48.571+0800][16.559s][gc,ref      ] GC(269) Soft: 43 encountered, 20 discovered, 0 enqueued
[2024-07-21T22:32:48.571+0800][16.559s][gc,ref      ] GC(269) Weak: 131 encountered, 107 discovered, 0 enqueued
[2024-07-21T22:32:48.571+0800][16.559s][gc,ref      ] GC(269) Final: 0 encountered, 0 discovered, 0 enqueued
[2024-07-21T22:32:48.571+0800][16.559s][gc,ref      ] GC(269) Phantom: 184 encountered, 98 discovered, 0 enqueued
[2024-07-21T22:32:48.571+0800][16.559s][gc,reloc    ] GC(269) Small Pages: 4 / 8M, Empty: 2M, Relocated: 0M, In-Place: 0
[2024-07-21T22:32:48.571+0800][16.559s][gc,reloc    ] GC(269) Medium Pages: 1 / 4M, Empty: 0M, Relocated: 0M, In-Place: 0
[2024-07-21T22:32:48.571+0800][16.559s][gc,reloc    ] GC(269) Large Pages: 58 / 116M, Empty: 80M, Relocated: 0M, In-Place: 0
[2024-07-21T22:32:48.571+0800][16.559s][gc,reloc    ] GC(269) Forwarding Usage: 0M
[2024-07-21T22:32:48.571+0800][16.559s][gc,heap     ] GC(269) Min Capacity: 8M(6%)
[2024-07-21T22:32:48.571+0800][16.559s][gc,heap     ] GC(269) Max Capacity: 128M(100%)
[2024-07-21T22:32:48.571+0800][16.559s][gc,heap     ] GC(269) Soft Max Capacity: 128M(100%)
[2024-07-21T22:32:48.571+0800][16.559s][gc,heap     ] GC(269)                Mark Start          Mark End        Relocate Start      Relocate End           High               Low         
[2024-07-21T22:32:48.571+0800][16.559s][gc,heap     ] GC(269)  Capacity:      128M (100%)        128M (100%)        128M (100%)        128M (100%)        128M (100%)        128M (100%)   
[2024-07-21T22:32:48.571+0800][16.559s][gc,heap     ] GC(269)      Free:        0M (0%)            0M (0%)           80M (62%)          80M (62%)          82M (64%)           0M (0%)     
[2024-07-21T22:32:48.571+0800][16.559s][gc,heap     ] GC(269)      Used:      128M (100%)        128M (100%)         48M (38%)          48M (38%)         128M (100%)         46M (36%)    
[2024-07-21T22:32:48.571+0800][16.559s][gc,heap     ] GC(269)      Live:         -                40M (32%)          40M (32%)          40M (32%)            -                  -          
[2024-07-21T22:32:48.571+0800][16.559s][gc,heap     ] GC(269) Allocated:         -                 0M (0%)            2M (2%)            2M (2%)             -                  -          
[2024-07-21T22:32:48.571+0800][16.559s][gc,heap     ] GC(269)   Garbage:         -                87M (68%)           5M (4%)            5M (4%)             -                  -          
[2024-07-21T22:32:48.571+0800][16.559s][gc,heap     ] GC(269) Reclaimed:         -                  -                82M (64%)          82M (64%)            -                  -          
[2024-07-21T22:32:48.571+0800][16.559s][gc          ] GC(269) Garbage Collection (Allocation Stall) 128M(100%)->48M(38%)
[2024-07-21T22:32:48.575+0800][16.563s][gc,start    ] GC(270) Garbage Collection (Allocation Rate)
[2024-07-21T22:32:48.575+0800][16.563s][gc,task     ] GC(270) Using 1 workers
[2024-07-21T22:32:48.575+0800][16.563s][gc,phases   ] GC(270) Pause Mark Start 0.007ms
[2024-07-21T22:32:48.579+0800][16.567s][gc,phases   ] GC(270) Concurrent Mark 4.061ms
[2024-07-21T22:32:48.579+0800][16.567s][gc,phases   ] GC(270) Pause Mark End 0.017ms
[2024-07-21T22:32:48.579+0800][16.567s][gc,phases   ] GC(270) Concurrent Mark Free 0.001ms
[2024-07-21T22:32:48.581+0800][16.569s][gc,phases   ] GC(270) Concurrent Process Non-Strong References 1.226ms
[2024-07-21T22:32:48.581+0800][16.569s][gc,phases   ] GC(270) Concurrent Reset Relocation Set 0.000ms
[2024-07-21T22:32:48.583+0800][16.571s][gc,phases   ] GC(270) Concurrent Select Relocation Set 2.020ms
[2024-07-21T22:32:48.583+0800][16.571s][gc,phases   ] GC(270) Pause Relocate Start 0.014ms
[2024-07-21T22:32:48.585+0800][16.573s][gc,phases   ] GC(270) Concurrent Relocate 1.563ms
[2024-07-21T22:32:48.585+0800][16.573s][gc,load     ] GC(270) Load: 0.00/0.00/0.00
[2024-07-21T22:32:48.585+0800][16.573s][gc,mmu      ] GC(270) MMU: 2ms/96.5%, 5ms/98.4%, 10ms/99.1%, 20ms/99.5%, 50ms/99.7%, 100ms/99.9%
[2024-07-21T22:32:48.585+0800][16.573s][gc,marking  ] GC(270) Mark: 1 stripe(s), 1 proactive flush(es), 1 terminate flush(es), 0 completion(s), 0 continuation(s) 
[2024-07-21T22:32:48.585+0800][16.573s][gc,marking  ] GC(270) Mark Stack Usage: 32M
[2024-07-21T22:32:48.585+0800][16.573s][gc,nmethod  ] GC(270) NMethods: 470 registered, 0 unregistered
[2024-07-21T22:32:48.585+0800][16.573s][gc,metaspace] GC(270) Metaspace: 1M used, 1M committed, 1032M reserved
[2024-07-21T22:32:48.585+0800][16.573s][gc,ref      ] GC(270) Soft: 43 encountered, 0 discovered, 0 enqueued
[2024-07-21T22:32:48.585+0800][16.573s][gc,ref      ] GC(270) Weak: 131 encountered, 107 discovered, 0 enqueued
[2024-07-21T22:32:48.585+0800][16.573s][gc,ref      ] GC(270) Final: 0 encountered, 0 discovered, 0 enqueued
[2024-07-21T22:32:48.585+0800][16.573s][gc,ref      ] GC(270) Phantom: 184 encountered, 98 discovered, 0 enqueued
[2024-07-21T22:32:48.585+0800][16.573s][gc,reloc    ] GC(270) Small Pages: 4 / 8M, Empty: 0M, Relocated: 1M, In-Place: 0
[2024-07-21T22:32:48.585+0800][16.573s][gc,reloc    ] GC(270) Medium Pages: 1 / 4M, Empty: 0M, Relocated: 0M, In-Place: 0
[2024-07-21T22:32:48.585+0800][16.573s][gc,reloc    ] GC(270) Large Pages: 20 / 40M, Empty: 40M, Relocated: 0M, In-Place: 0
[2024-07-21T22:32:48.585+0800][16.573s][gc,reloc    ] GC(270) Forwarding Usage: 0M
[2024-07-21T22:32:48.585+0800][16.573s][gc,heap     ] GC(270) Min Capacity: 8M(6%)
[2024-07-21T22:32:48.585+0800][16.573s][gc,heap     ] GC(270) Max Capacity: 128M(100%)
[2024-07-21T22:32:48.585+0800][16.573s][gc,heap     ] GC(270) Soft Max Capacity: 128M(100%)
[2024-07-21T22:32:48.585+0800][16.573s][gc,heap     ] GC(270)                Mark Start          Mark End        Relocate Start      Relocate End           High               Low         
[2024-07-21T22:32:48.585+0800][16.573s][gc,heap     ] GC(270)  Capacity:      128M (100%)        128M (100%)        128M (100%)        128M (100%)        128M (100%)        128M (100%)   
[2024-07-21T22:32:48.585+0800][16.573s][gc,heap     ] GC(270)      Free:       76M (59%)          76M (59%)         116M (91%)         118M (92%)         118M (92%)          76M (59%)    
[2024-07-21T22:32:48.585+0800][16.573s][gc,heap     ] GC(270)      Used:       52M (41%)          52M (41%)          12M (9%)           10M (8%)           52M (41%)          10M (8%)     
[2024-07-21T22:32:48.585+0800][16.573s][gc,heap     ] GC(270)      Live:         -                 4M (4%)            4M (4%)            4M (4%)             -                  -          
[2024-07-21T22:32:48.585+0800][16.573s][gc,heap     ] GC(270) Allocated:         -                 0M (0%)            0M (0%)            0M (0%)             -                  -          
[2024-07-21T22:32:48.585+0800][16.573s][gc,heap     ] GC(270)   Garbage:         -                47M (37%)           7M (6%)            5M (4%)             -                  -          
[2024-07-21T22:32:48.585+0800][16.573s][gc,heap     ] GC(270) Reclaimed:         -                  -                40M (31%)          42M (33%)            -                  -          
[2024-07-21T22:32:48.585+0800][16.573s][gc          ] GC(270) Garbage Collection (Allocation Rate) 52M(41%)->10M(8%)
[2024-07-21T22:32:48.670+0800][16.658s][gc,start    ] GC(271) Garbage Collection (Allocation Rate)
[2024-07-21T22:32:48.670+0800][16.658s][gc,task     ] GC(271) Using 1 workers
[2024-07-21T22:32:48.670+0800][16.658s][gc,phases   ] GC(271) Pause Mark Start 0.006ms
[2024-07-21T22:32:48.674+0800][16.662s][gc,phases   ] GC(271) Concurrent Mark 3.644ms
[2024-07-21T22:32:48.674+0800][16.662s][gc,phases   ] GC(271) Pause Mark End 0.008ms
[2024-07-21T22:32:48.674+0800][16.662s][gc,phases   ] GC(271) Concurrent Mark Free 0.001ms
[2024-07-21T22:32:48.675+0800][16.664s][gc,phases   ] GC(271) Concurrent Process Non-Strong References 1.147ms
[2024-07-21T22:32:48.676+0800][16.664s][gc,phases   ] GC(271) Concurrent Reset Relocation Set 0.001ms
[2024-07-21T22:32:48.677+0800][16.665s][gc          ] Allocation Stall (main) 6.116ms
[2024-07-21T22:32:48.677+0800][16.665s][gc,phases   ] GC(271) Concurrent Select Relocation Set 1.822ms
[2024-07-21T22:32:48.678+0800][16.665s][gc,phases   ] GC(271) Pause Relocate Start 0.004ms
[2024-07-21T22:32:48.678+0800][16.666s][gc,phases   ] GC(271) Concurrent Relocate 0.023ms
[2024-07-21T22:32:48.678+0800][16.666s][gc,load     ] GC(271) Load: 0.00/0.00/0.00
[2024-07-21T22:32:48.678+0800][16.666s][gc,mmu      ] GC(271) MMU: 2ms/96.5%, 5ms/98.4%, 10ms/99.1%, 20ms/99.5%, 50ms/99.7%, 100ms/99.9%
[2024-07-21T22:32:48.678+0800][16.666s][gc,marking  ] GC(271) Mark: 1 stripe(s), 2 proactive flush(es), 1 terminate flush(es), 0 completion(s), 0 continuation(s) 
[2024-07-21T22:32:48.678+0800][16.666s][gc,marking  ] GC(271) Mark Stack Usage: 32M
[2024-07-21T22:32:48.678+0800][16.666s][gc,nmethod  ] GC(271) NMethods: 470 registered, 0 unregistered
[2024-07-21T22:32:48.678+0800][16.666s][gc,metaspace] GC(271) Metaspace: 1M used, 1M committed, 1032M reserved
[2024-07-21T22:32:48.678+0800][16.666s][gc,ref      ] GC(271) Soft: 43 encountered, 0 discovered, 0 enqueued
[2024-07-21T22:32:48.678+0800][16.666s][gc,ref      ] GC(271) Weak: 131 encountered, 107 discovered, 0 enqueued
[2024-07-21T22:32:48.678+0800][16.666s][gc,ref      ] GC(271) Final: 0 encountered, 0 discovered, 0 enqueued
[2024-07-21T22:32:48.678+0800][16.666s][gc,ref      ] GC(271) Phantom: 184 encountered, 98 discovered, 0 enqueued
[2024-07-21T22:32:48.678+0800][16.666s][gc,reloc    ] GC(271) Small Pages: 4 / 8M, Empty: 2M, Relocated: 0M, In-Place: 0
[2024-07-21T22:32:48.678+0800][16.666s][gc,reloc    ] GC(271) Medium Pages: 1 / 4M, Empty: 0M, Relocated: 0M, In-Place: 0
[2024-07-21T22:32:48.678+0800][16.666s][gc,reloc    ] GC(271) Large Pages: 53 / 106M, Empty: 80M, Relocated: 0M, In-Place: 0
[2024-07-21T22:32:48.678+0800][16.666s][gc,reloc    ] GC(271) Forwarding Usage: 0M
[2024-07-21T22:32:48.678+0800][16.666s][gc,heap     ] GC(271) Min Capacity: 8M(6%)
[2024-07-21T22:32:48.678+0800][16.666s][gc,heap     ] GC(271) Max Capacity: 128M(100%)
[2024-07-21T22:32:48.678+0800][16.666s][gc,heap     ] GC(271) Soft Max Capacity: 128M(100%)
[2024-07-21T22:32:48.678+0800][16.666s][gc,heap     ] GC(271)                Mark Start          Mark End        Relocate Start      Relocate End           High               Low         
[2024-07-21T22:32:48.678+0800][16.666s][gc,heap     ] GC(271)  Capacity:      128M (100%)        128M (100%)        128M (100%)        128M (100%)        128M (100%)        128M (100%)   
[2024-07-21T22:32:48.678+0800][16.666s][gc,heap     ] GC(271)      Free:       10M (8%)            0M (0%)           80M (62%)          80M (62%)          82M (64%)           0M (0%)     
[2024-07-21T22:32:48.678+0800][16.666s][gc,heap     ] GC(271)      Used:      118M (92%)         128M (100%)         48M (38%)          48M (38%)         128M (100%)         46M (36%)    
[2024-07-21T22:32:48.678+0800][16.666s][gc,heap     ] GC(271)      Live:         -                30M (24%)          30M (24%)          30M (24%)            -                  -          
[2024-07-21T22:32:48.678+0800][16.666s][gc,heap     ] GC(271) Allocated:         -                10M (8%)           12M (9%)           12M (9%)             -                  -          
[2024-07-21T22:32:48.678+0800][16.666s][gc,heap     ] GC(271)   Garbage:         -                87M (68%)           5M (4%)            5M (4%)             -                  -          
[2024-07-21T22:32:48.678+0800][16.666s][gc,heap     ] GC(271) Reclaimed:         -                  -                82M (64%)          82M (64%)            -                  -          
[2024-07-21T22:32:48.678+0800][16.666s][gc          ] GC(271) Garbage Collection (Allocation Rate) 118M(92%)->48M(38%)
[2024-07-21T22:32:48.750+0800][16.738s][gc,start    ] GC(272) Garbage Collection (Allocation Stall)
[2024-07-21T22:32:48.750+0800][16.738s][gc,ref      ] GC(272) Clearing All SoftReferences
[2024-07-21T22:32:48.750+0800][16.738s][gc,task     ] GC(272) Using 1 workers
[2024-07-21T22:32:48.750+0800][16.739s][gc,phases   ] GC(272) Pause Mark Start 0.007ms
[2024-07-21T22:32:48.754+0800][16.743s][gc,phases   ] GC(272) Concurrent Mark 4.174ms
[2024-07-21T22:32:48.755+0800][16.743s][gc,phases   ] GC(272) Pause Mark End 0.013ms
[2024-07-21T22:32:48.755+0800][16.743s][gc,phases   ] GC(272) Concurrent Mark Free 0.001ms
[2024-07-21T22:32:48.756+0800][16.744s][gc,phases   ] GC(272) Concurrent Process Non-Strong References 1.216ms
[2024-07-21T22:32:48.756+0800][16.744s][gc,phases   ] GC(272) Concurrent Reset Relocation Set 0.000ms
[2024-07-21T22:32:48.759+0800][16.747s][gc          ] Allocation Stall (main) 8.828ms
[2024-07-21T22:32:48.759+0800][16.747s][gc,phases   ] GC(272) Concurrent Select Relocation Set 2.740ms
[2024-07-21T22:32:48.759+0800][16.748s][gc,phases   ] GC(272) Pause Relocate Start 0.014ms
[2024-07-21T22:32:48.760+0800][16.748s][gc,phases   ] GC(272) Concurrent Relocate 0.077ms
[2024-07-21T22:32:48.760+0800][16.748s][gc,load     ] GC(272) Load: 0.00/0.00/0.00
[2024-07-21T22:32:48.760+0800][16.748s][gc,mmu      ] GC(272) MMU: 2ms/96.5%, 5ms/98.4%, 10ms/99.1%, 20ms/99.5%, 50ms/99.7%, 100ms/99.9%
[2024-07-21T22:32:48.760+0800][16.748s][gc,marking  ] GC(272) Mark: 1 stripe(s), 1 proactive flush(es), 1 terminate flush(es), 0 completion(s), 0 continuation(s) 
[2024-07-21T22:32:48.760+0800][16.748s][gc,marking  ] GC(272) Mark Stack Usage: 32M
[2024-07-21T22:32:48.760+0800][16.748s][gc,nmethod  ] GC(272) NMethods: 471 registered, 0 unregistered
[2024-07-21T22:32:48.760+0800][16.748s][gc,metaspace] GC(272) Metaspace: 1M used, 1M committed, 1032M reserved
[2024-07-21T22:32:48.760+0800][16.748s][gc,ref      ] GC(272) Soft: 43 encountered, 20 discovered, 0 enqueued
[2024-07-21T22:32:48.760+0800][16.748s][gc,ref      ] GC(272) Weak: 131 encountered, 107 discovered, 0 enqueued
[2024-07-21T22:32:48.760+0800][16.748s][gc,ref      ] GC(272) Final: 0 encountered, 0 discovered, 0 enqueued
[2024-07-21T22:32:48.760+0800][16.748s][gc,ref      ] GC(272) Phantom: 184 encountered, 98 discovered, 0 enqueued
[2024-07-21T22:32:48.760+0800][16.748s][gc,reloc    ] GC(272) Small Pages: 4 / 8M, Empty: 2M, Relocated: 0M, In-Place: 0
[2024-07-21T22:32:48.760+0800][16.748s][gc,reloc    ] GC(272) Medium Pages: 1 / 4M, Empty: 0M, Relocated: 0M, In-Place: 0
[2024-07-21T22:32:48.760+0800][16.748s][gc,reloc    ] GC(272) Large Pages: 58 / 116M, Empty: 80M, Relocated: 0M, In-Place: 0
[2024-07-21T22:32:48.760+0800][16.748s][gc,reloc    ] GC(272) Forwarding Usage: 0M
[2024-07-21T22:32:48.760+0800][16.748s][gc,heap     ] GC(272) Min Capacity: 8M(6%)
[2024-07-21T22:32:48.760+0800][16.748s][gc,heap     ] GC(272) Max Capacity: 128M(100%)
[2024-07-21T22:32:48.760+0800][16.748s][gc,heap     ] GC(272) Soft Max Capacity: 128M(100%)
[2024-07-21T22:32:48.760+0800][16.748s][gc,heap     ] GC(272)                Mark Start          Mark End        Relocate Start      Relocate End           High               Low         
[2024-07-21T22:32:48.760+0800][16.748s][gc,heap     ] GC(272)  Capacity:      128M (100%)        128M (100%)        128M (100%)        128M (100%)        128M (100%)        128M (100%)   
[2024-07-21T22:32:48.760+0800][16.748s][gc,heap     ] GC(272)      Free:        0M (0%)            0M (0%)           80M (62%)          80M (62%)          82M (64%)           0M (0%)     
[2024-07-21T22:32:48.760+0800][16.748s][gc,heap     ] GC(272)      Used:      128M (100%)        128M (100%)         48M (38%)          48M (38%)         128M (100%)         46M (36%)    
[2024-07-21T22:32:48.760+0800][16.748s][gc,heap     ] GC(272)      Live:         -                40M (32%)          40M (32%)          40M (32%)            -                  -          
[2024-07-21T22:32:48.760+0800][16.748s][gc,heap     ] GC(272) Allocated:         -                 0M (0%)            2M (2%)            2M (2%)             -                  -          
[2024-07-21T22:32:48.760+0800][16.748s][gc,heap     ] GC(272)   Garbage:         -                87M (68%)           5M (4%)            5M (4%)             -                  -          
[2024-07-21T22:32:48.760+0800][16.748s][gc,heap     ] GC(272) Reclaimed:         -                  -                82M (64%)          82M (64%)            -                  -          
[2024-07-21T22:32:48.760+0800][16.748s][gc          ] GC(272) Garbage Collection (Allocation Stall) 128M(100%)->48M(38%)
[2024-07-21T22:32:48.780+0800][16.768s][gc,start    ] GC(273) Garbage Collection (Allocation Rate)
[2024-07-21T22:32:48.780+0800][16.768s][gc,task     ] GC(273) Using 1 workers
[2024-07-21T22:32:48.780+0800][16.768s][gc,phases   ] GC(273) Pause Mark Start 0.007ms
[2024-07-21T22:32:48.785+0800][16.774s][gc,phases   ] GC(273) Concurrent Mark 5.100ms
[2024-07-21T22:32:48.785+0800][16.774s][gc,phases   ] GC(273) Pause Mark End 0.009ms
[2024-07-21T22:32:48.785+0800][16.774s][gc,phases   ] GC(273) Concurrent Mark Free 0.001ms
[2024-07-21T22:32:48.787+0800][16.775s][gc,phases   ] GC(273) Concurrent Process Non-Strong References 1.362ms
[2024-07-21T22:32:48.787+0800][16.775s][gc,phases   ] GC(273) Concurrent Reset Relocation Set 0.001ms
[2024-07-21T22:32:48.790+0800][16.778s][gc,phases   ] GC(273) Concurrent Select Relocation Set 2.908ms
[2024-07-21T22:32:48.790+0800][16.779s][gc,phases   ] GC(273) Pause Relocate Start 0.008ms
[2024-07-21T22:32:48.790+0800][16.779s][gc,phases   ] GC(273) Concurrent Relocate 0.110ms
[2024-07-21T22:32:48.790+0800][16.779s][gc,load     ] GC(273) Load: 0.00/0.00/0.00
[2024-07-21T22:32:48.790+0800][16.779s][gc,mmu      ] GC(273) MMU: 2ms/96.5%, 5ms/98.4%, 10ms/99.1%, 20ms/99.5%, 50ms/99.7%, 100ms/99.9%
[2024-07-21T22:32:48.790+0800][16.779s][gc,marking  ] GC(273) Mark: 1 stripe(s), 2 proactive flush(es), 1 terminate flush(es), 0 completion(s), 0 continuation(s) 
[2024-07-21T22:32:48.790+0800][16.779s][gc,marking  ] GC(273) Mark Stack Usage: 32M
[2024-07-21T22:32:48.790+0800][16.779s][gc,nmethod  ] GC(273) NMethods: 471 registered, 0 unregistered
[2024-07-21T22:32:48.790+0800][16.779s][gc,metaspace] GC(273) Metaspace: 1M used, 1M committed, 1032M reserved
[2024-07-21T22:32:48.790+0800][16.779s][gc,ref      ] GC(273) Soft: 43 encountered, 0 discovered, 0 enqueued
[2024-07-21T22:32:48.790+0800][16.779s][gc,ref      ] GC(273) Weak: 131 encountered, 107 discovered, 0 enqueued
[2024-07-21T22:32:48.790+0800][16.779s][gc,ref      ] GC(273) Final: 0 encountered, 0 discovered, 0 enqueued
[2024-07-21T22:32:48.790+0800][16.779s][gc,ref      ] GC(273) Phantom: 184 encountered, 98 discovered, 0 enqueued
[2024-07-21T22:32:48.790+0800][16.779s][gc,reloc    ] GC(273) Small Pages: 4 / 8M, Empty: 2M, Relocated: 0M, In-Place: 0
[2024-07-21T22:32:48.790+0800][16.779s][gc,reloc    ] GC(273) Medium Pages: 1 / 4M, Empty: 0M, Relocated: 0M, In-Place: 0
[2024-07-21T22:32:48.790+0800][16.779s][gc,reloc    ] GC(273) Large Pages: 22 / 44M, Empty: 40M, Relocated: 0M, In-Place: 0
[2024-07-21T22:32:48.791+0800][16.779s][gc,reloc    ] GC(273) Forwarding Usage: 0M
[2024-07-21T22:32:48.791+0800][16.779s][gc,heap     ] GC(273) Min Capacity: 8M(6%)
[2024-07-21T22:32:48.791+0800][16.779s][gc,heap     ] GC(273) Max Capacity: 128M(100%)
[2024-07-21T22:32:48.791+0800][16.779s][gc,heap     ] GC(273) Soft Max Capacity: 128M(100%)
[2024-07-21T22:32:48.791+0800][16.779s][gc,heap     ] GC(273)                Mark Start          Mark End        Relocate Start      Relocate End           High               Low         
[2024-07-21T22:32:48.791+0800][16.779s][gc,heap     ] GC(273)  Capacity:      128M (100%)        128M (100%)        128M (100%)        128M (100%)        128M (100%)        128M (100%)   
[2024-07-21T22:32:48.791+0800][16.779s][gc,heap     ] GC(273)      Free:       72M (56%)          54M (42%)          96M (75%)          96M (75%)          96M (75%)          54M (42%)    
[2024-07-21T22:32:48.791+0800][16.779s][gc,heap     ] GC(273)      Used:       56M (44%)          74M (58%)          32M (25%)          32M (25%)          74M (58%)          32M (25%)    
[2024-07-21T22:32:48.791+0800][16.779s][gc,heap     ] GC(273)      Live:         -                 8M (7%)            8M (7%)            8M (7%)             -                  -          
[2024-07-21T22:32:48.791+0800][16.779s][gc,heap     ] GC(273) Allocated:         -                18M (14%)          18M (14%)          18M (14%)            -                  -          
[2024-07-21T22:32:48.791+0800][16.779s][gc,heap     ] GC(273)   Garbage:         -                47M (37%)           5M (4%)            5M (4%)             -                  -          
[2024-07-21T22:32:48.791+0800][16.779s][gc,heap     ] GC(273) Reclaimed:         -                  -                42M (33%)          42M (33%)            -                  -          
[2024-07-21T22:32:48.791+0800][16.779s][gc          ] GC(273) Garbage Collection (Allocation Rate) 56M(44%)->32M(25%)
[2024-07-21T22:32:48.861+0800][16.850s][gc,start    ] GC(274) Garbage Collection (Allocation Stall)
[2024-07-21T22:32:48.861+0800][16.850s][gc,ref      ] GC(274) Clearing All SoftReferences
[2024-07-21T22:32:48.861+0800][16.850s][gc,task     ] GC(274) Using 1 workers
[2024-07-21T22:32:48.861+0800][16.850s][gc,phases   ] GC(274) Pause Mark Start 0.006ms
[2024-07-21T22:32:48.865+0800][16.853s][gc,phases   ] GC(274) Concurrent Mark 3.354ms
[2024-07-21T22:32:48.865+0800][16.853s][gc,phases   ] GC(274) Pause Mark End 0.005ms
[2024-07-21T22:32:48.865+0800][16.854s][gc,phases   ] GC(274) Concurrent Mark Free 0.001ms
[2024-07-21T22:32:48.866+0800][16.855s][gc,phases   ] GC(274) Concurrent Process Non-Strong References 1.009ms
[2024-07-21T22:32:48.866+0800][16.855s][gc,phases   ] GC(274) Concurrent Reset Relocation Set 0.000ms
[2024-07-21T22:32:48.868+0800][16.857s][gc          ] Allocation Stall (main) 7.091ms
[2024-07-21T22:32:48.868+0800][16.857s][gc,phases   ] GC(274) Concurrent Select Relocation Set 2.110ms
[2024-07-21T22:32:48.868+0800][16.857s][gc,phases   ] GC(274) Pause Relocate Start 0.018ms
[2024-07-21T22:32:48.869+0800][16.857s][gc,phases   ] GC(274) Concurrent Relocate 0.067ms
[2024-07-21T22:32:48.869+0800][16.857s][gc,load     ] GC(274) Load: 0.00/0.00/0.00
[2024-07-21T22:32:48.869+0800][16.857s][gc,mmu      ] GC(274) MMU: 2ms/96.5%, 5ms/98.4%, 10ms/99.1%, 20ms/99.5%, 50ms/99.7%, 100ms/99.9%
[2024-07-21T22:32:48.869+0800][16.857s][gc,marking  ] GC(274) Mark: 1 stripe(s), 1 proactive flush(es), 1 terminate flush(es), 0 completion(s), 0 continuation(s) 
[2024-07-21T22:32:48.869+0800][16.857s][gc,marking  ] GC(274) Mark Stack Usage: 32M
[2024-07-21T22:32:48.869+0800][16.857s][gc,nmethod  ] GC(274) NMethods: 471 registered, 0 unregistered
[2024-07-21T22:32:48.869+0800][16.857s][gc,metaspace] GC(274) Metaspace: 1M used, 1M committed, 1032M reserved
[2024-07-21T22:32:48.869+0800][16.857s][gc,ref      ] GC(274) Soft: 43 encountered, 20 discovered, 0 enqueued
[2024-07-21T22:32:48.869+0800][16.857s][gc,ref      ] GC(274) Weak: 131 encountered, 107 discovered, 0 enqueued
[2024-07-21T22:32:48.869+0800][16.857s][gc,ref      ] GC(274) Final: 0 encountered, 0 discovered, 0 enqueued
[2024-07-21T22:32:48.869+0800][16.857s][gc,ref      ] GC(274) Phantom: 184 encountered, 98 discovered, 0 enqueued
[2024-07-21T22:32:48.869+0800][16.857s][gc,reloc    ] GC(274) Small Pages: 4 / 8M, Empty: 2M, Relocated: 0M, In-Place: 0
[2024-07-21T22:32:48.869+0800][16.857s][gc,reloc    ] GC(274) Medium Pages: 1 / 4M, Empty: 0M, Relocated: 0M, In-Place: 0
[2024-07-21T22:32:48.869+0800][16.857s][gc,reloc    ] GC(274) Large Pages: 58 / 116M, Empty: 80M, Relocated: 0M, In-Place: 0
[2024-07-21T22:32:48.869+0800][16.857s][gc,reloc    ] GC(274) Forwarding Usage: 0M
[2024-07-21T22:32:48.869+0800][16.857s][gc,heap     ] GC(274) Min Capacity: 8M(6%)
[2024-07-21T22:32:48.869+0800][16.857s][gc,heap     ] GC(274) Max Capacity: 128M(100%)
[2024-07-21T22:32:48.869+0800][16.857s][gc,heap     ] GC(274) Soft Max Capacity: 128M(100%)
[2024-07-21T22:32:48.869+0800][16.857s][gc,heap     ] GC(274)                Mark Start          Mark End        Relocate Start      Relocate End           High               Low         
[2024-07-21T22:32:48.869+0800][16.857s][gc,heap     ] GC(274)  Capacity:      128M (100%)        128M (100%)        128M (100%)        128M (100%)        128M (100%)        128M (100%)   
[2024-07-21T22:32:48.869+0800][16.857s][gc,heap     ] GC(274)      Free:        0M (0%)            0M (0%)           80M (62%)          78M (61%)          82M (64%)           0M (0%)     
[2024-07-21T22:32:48.869+0800][16.857s][gc,heap     ] GC(274)      Used:      128M (100%)        128M (100%)         48M (38%)          50M (39%)         128M (100%)         46M (36%)    
[2024-07-21T22:32:48.869+0800][16.857s][gc,heap     ] GC(274)      Live:         -                40M (32%)          40M (32%)          40M (32%)            -                  -          
[2024-07-21T22:32:48.869+0800][16.857s][gc,heap     ] GC(274) Allocated:         -                 0M (0%)            2M (2%)            4M (3%)             -                  -          
[2024-07-21T22:32:48.869+0800][16.857s][gc,heap     ] GC(274)   Garbage:         -                87M (68%)           5M (4%)            5M (4%)             -                  -          
[2024-07-21T22:32:48.869+0800][16.857s][gc,heap     ] GC(274) Reclaimed:         -                  -                82M (64%)          82M (64%)            -                  -          
[2024-07-21T22:32:48.869+0800][16.857s][gc          ] GC(274) Garbage Collection (Allocation Stall) 128M(100%)->50M(39%)
[2024-07-21T22:32:48.876+0800][16.864s][gc,start    ] GC(275) Garbage Collection (Allocation Rate)
[2024-07-21T22:32:48.876+0800][16.864s][gc,task     ] GC(275) Using 1 workers
[2024-07-21T22:32:48.876+0800][16.864s][gc,phases   ] GC(275) Pause Mark Start 0.004ms
[2024-07-21T22:32:48.879+0800][16.868s][gc,phases   ] GC(275) Concurrent Mark 3.212ms
[2024-07-21T22:32:48.879+0800][16.868s][gc,phases   ] GC(275) Pause Mark End 0.014ms
[2024-07-21T22:32:48.880+0800][16.868s][gc,phases   ] GC(275) Concurrent Mark Free 0.001ms
[2024-07-21T22:32:48.881+0800][16.869s][gc,phases   ] GC(275) Concurrent Process Non-Strong References 1.150ms
[2024-07-21T22:32:48.881+0800][16.869s][gc,phases   ] GC(275) Concurrent Reset Relocation Set 0.000ms
[2024-07-21T22:32:48.883+0800][16.871s][gc,phases   ] GC(275) Concurrent Select Relocation Set 1.892ms
[2024-07-21T22:32:48.883+0800][16.871s][gc,phases   ] GC(275) Pause Relocate Start 0.011ms
[2024-07-21T22:32:48.884+0800][16.872s][gc,phases   ] GC(275) Concurrent Relocate 0.561ms
[2024-07-21T22:32:48.884+0800][16.872s][gc,load     ] GC(275) Load: 0.00/0.00/0.00
[2024-07-21T22:32:48.884+0800][16.872s][gc,mmu      ] GC(275) MMU: 2ms/96.5%, 5ms/98.4%, 10ms/99.1%, 20ms/99.5%, 50ms/99.7%, 100ms/99.9%
[2024-07-21T22:32:48.884+0800][16.872s][gc,marking  ] GC(275) Mark: 1 stripe(s), 1 proactive flush(es), 1 terminate flush(es), 0 completion(s), 0 continuation(s) 
[2024-07-21T22:32:48.884+0800][16.872s][gc,marking  ] GC(275) Mark Stack Usage: 32M
[2024-07-21T22:32:48.884+0800][16.872s][gc,nmethod  ] GC(275) NMethods: 471 registered, 0 unregistered
[2024-07-21T22:32:48.884+0800][16.872s][gc,metaspace] GC(275) Metaspace: 1M used, 1M committed, 1032M reserved
[2024-07-21T22:32:48.884+0800][16.872s][gc,ref      ] GC(275) Soft: 43 encountered, 0 discovered, 0 enqueued
[2024-07-21T22:32:48.884+0800][16.872s][gc,ref      ] GC(275) Weak: 131 encountered, 107 discovered, 0 enqueued
[2024-07-21T22:32:48.884+0800][16.872s][gc,ref      ] GC(275) Final: 0 encountered, 0 discovered, 0 enqueued
[2024-07-21T22:32:48.884+0800][16.872s][gc,ref      ] GC(275) Phantom: 184 encountered, 98 discovered, 0 enqueued
[2024-07-21T22:32:48.884+0800][16.872s][gc,reloc    ] GC(275) Small Pages: 4 / 8M, Empty: 0M, Relocated: 1M, In-Place: 0
[2024-07-21T22:32:48.884+0800][16.872s][gc,reloc    ] GC(275) Medium Pages: 1 / 4M, Empty: 0M, Relocated: 0M, In-Place: 0
[2024-07-21T22:32:48.884+0800][16.872s][gc,reloc    ] GC(275) Large Pages: 20 / 40M, Empty: 40M, Relocated: 0M, In-Place: 0
[2024-07-21T22:32:48.884+0800][16.872s][gc,reloc    ] GC(275) Forwarding Usage: 0M
[2024-07-21T22:32:48.884+0800][16.872s][gc,heap     ] GC(275) Min Capacity: 8M(6%)
[2024-07-21T22:32:48.884+0800][16.872s][gc,heap     ] GC(275) Max Capacity: 128M(100%)
[2024-07-21T22:32:48.884+0800][16.872s][gc,heap     ] GC(275) Soft Max Capacity: 128M(100%)
[2024-07-21T22:32:48.884+0800][16.872s][gc,heap     ] GC(275)                Mark Start          Mark End        Relocate Start      Relocate End           High               Low         
[2024-07-21T22:32:48.884+0800][16.872s][gc,heap     ] GC(275)  Capacity:      128M (100%)        128M (100%)        128M (100%)        128M (100%)        128M (100%)        128M (100%)   
[2024-07-21T22:32:48.884+0800][16.872s][gc,heap     ] GC(275)      Free:       76M (59%)          76M (59%)         116M (91%)         118M (92%)         118M (92%)          76M (59%)    
[2024-07-21T22:32:48.884+0800][16.872s][gc,heap     ] GC(275)      Used:       52M (41%)          52M (41%)          12M (9%)           10M (8%)           52M (41%)          10M (8%)     
[2024-07-21T22:32:48.884+0800][16.872s][gc,heap     ] GC(275)      Live:         -                 4M (4%)            4M (4%)            4M (4%)             -                  -          
[2024-07-21T22:32:48.884+0800][16.872s][gc,heap     ] GC(275) Allocated:         -                 0M (0%)            0M (0%)            0M (0%)             -                  -          
[2024-07-21T22:32:48.884+0800][16.872s][gc,heap     ] GC(275)   Garbage:         -                47M (37%)           7M (6%)            5M (4%)             -                  -          
[2024-07-21T22:32:48.884+0800][16.872s][gc,heap     ] GC(275) Reclaimed:         -                  -                40M (31%)          42M (33%)            -                  -          
[2024-07-21T22:32:48.884+0800][16.872s][gc          ] GC(275) Garbage Collection (Allocation Rate) 52M(41%)->10M(8%)
[2024-07-21T22:32:48.970+0800][16.958s][gc,start    ] GC(276) Garbage Collection (Allocation Rate)
[2024-07-21T22:32:48.970+0800][16.958s][gc,task     ] GC(276) Using 1 workers
[2024-07-21T22:32:48.970+0800][16.959s][gc,phases   ] GC(276) Pause Mark Start 0.026ms
[2024-07-21T22:32:48.975+0800][16.963s][gc,phases   ] GC(276) Concurrent Mark 4.180ms
[2024-07-21T22:32:48.975+0800][16.963s][gc,phases   ] GC(276) Pause Mark End 0.009ms
[2024-07-21T22:32:48.975+0800][16.963s][gc,phases   ] GC(276) Concurrent Mark Free 0.001ms
[2024-07-21T22:32:48.976+0800][16.965s][gc,phases   ] GC(276) Concurrent Process Non-Strong References 1.327ms
[2024-07-21T22:32:48.976+0800][16.965s][gc,phases   ] GC(276) Concurrent Reset Relocation Set 0.001ms
[2024-07-21T22:32:48.978+0800][16.967s][gc          ] Allocation Stall (main) 6.715ms
[2024-07-21T22:32:48.978+0800][16.967s][gc,phases   ] GC(276) Concurrent Select Relocation Set 2.277ms
[2024-07-21T22:32:48.979+0800][16.967s][gc,phases   ] GC(276) Pause Relocate Start 0.006ms
[2024-07-21T22:32:48.979+0800][16.967s][gc,phases   ] GC(276) Concurrent Relocate 0.091ms
[2024-07-21T22:32:48.979+0800][16.968s][gc,load     ] GC(276) Load: 0.00/0.00/0.00
[2024-07-21T22:32:48.979+0800][16.968s][gc,mmu      ] GC(276) MMU: 2ms/96.5%, 5ms/98.4%, 10ms/99.1%, 20ms/99.5%, 50ms/99.7%, 100ms/99.9%
[2024-07-21T22:32:48.979+0800][16.968s][gc,marking  ] GC(276) Mark: 1 stripe(s), 2 proactive flush(es), 1 terminate flush(es), 0 completion(s), 0 continuation(s) 
[2024-07-21T22:32:48.979+0800][16.968s][gc,marking  ] GC(276) Mark Stack Usage: 32M
[2024-07-21T22:32:48.979+0800][16.968s][gc,nmethod  ] GC(276) NMethods: 471 registered, 0 unregistered
[2024-07-21T22:32:48.979+0800][16.968s][gc,metaspace] GC(276) Metaspace: 1M used, 1M committed, 1032M reserved
[2024-07-21T22:32:48.979+0800][16.968s][gc,ref      ] GC(276) Soft: 43 encountered, 0 discovered, 0 enqueued
[2024-07-21T22:32:48.979+0800][16.968s][gc,ref      ] GC(276) Weak: 131 encountered, 107 discovered, 0 enqueued
[2024-07-21T22:32:48.979+0800][16.968s][gc,ref      ] GC(276) Final: 0 encountered, 0 discovered, 0 enqueued
[2024-07-21T22:32:48.979+0800][16.968s][gc,ref      ] GC(276) Phantom: 184 encountered, 98 discovered, 0 enqueued
[2024-07-21T22:32:48.979+0800][16.968s][gc,reloc    ] GC(276) Small Pages: 4 / 8M, Empty: 2M, Relocated: 0M, In-Place: 0
[2024-07-21T22:32:48.979+0800][16.968s][gc,reloc    ] GC(276) Medium Pages: 1 / 4M, Empty: 0M, Relocated: 0M, In-Place: 0
[2024-07-21T22:32:48.979+0800][16.968s][gc,reloc    ] GC(276) Large Pages: 52 / 104M, Empty: 80M, Relocated: 0M, In-Place: 0
[2024-07-21T22:32:48.979+0800][16.968s][gc,reloc    ] GC(276) Forwarding Usage: 0M
[2024-07-21T22:32:48.979+0800][16.968s][gc,heap     ] GC(276) Min Capacity: 8M(6%)
[2024-07-21T22:32:48.979+0800][16.968s][gc,heap     ] GC(276) Max Capacity: 128M(100%)
[2024-07-21T22:32:48.979+0800][16.968s][gc,heap     ] GC(276) Soft Max Capacity: 128M(100%)
[2024-07-21T22:32:48.979+0800][16.968s][gc,heap     ] GC(276)                Mark Start          Mark End        Relocate Start      Relocate End           High               Low         
[2024-07-21T22:32:48.979+0800][16.968s][gc,heap     ] GC(276)  Capacity:      128M (100%)        128M (100%)        128M (100%)        128M (100%)        128M (100%)        128M (100%)   
[2024-07-21T22:32:48.979+0800][16.968s][gc,heap     ] GC(276)      Free:       12M (9%)            0M (0%)           76M (59%)          76M (59%)          82M (64%)           0M (0%)     
[2024-07-21T22:32:48.980+0800][16.968s][gc,heap     ] GC(276)      Used:      116M (91%)         128M (100%)         52M (41%)          52M (41%)         128M (100%)         46M (36%)    
[2024-07-21T22:32:48.980+0800][16.968s][gc,heap     ] GC(276)      Live:         -                28M (22%)          28M (22%)          28M (22%)            -                  -          
[2024-07-21T22:32:48.980+0800][16.968s][gc,heap     ] GC(276) Allocated:         -                12M (9%)           18M (14%)          18M (14%)            -                  -          
[2024-07-21T22:32:48.980+0800][16.968s][gc,heap     ] GC(276)   Garbage:         -                87M (68%)           5M (4%)            5M (4%)             -                  -          
[2024-07-21T22:32:48.980+0800][16.968s][gc,heap     ] GC(276) Reclaimed:         -                  -                82M (64%)          82M (64%)            -                  -          
[2024-07-21T22:32:48.980+0800][16.968s][gc          ] GC(276) Garbage Collection (Allocation Rate) 116M(91%)->52M(41%)
[2024-07-21T22:32:49.050+0800][17.038s][gc,start    ] GC(277) Garbage Collection (Allocation Stall)
[2024-07-21T22:32:49.050+0800][17.038s][gc,ref      ] GC(277) Clearing All SoftReferences
[2024-07-21T22:32:49.050+0800][17.038s][gc,task     ] GC(277) Using 1 workers
[2024-07-21T22:32:49.050+0800][17.038s][gc,phases   ] GC(277) Pause Mark Start 0.008ms
[2024-07-21T22:32:49.054+0800][17.042s][gc,phases   ] GC(277) Concurrent Mark 3.796ms
[2024-07-21T22:32:49.054+0800][17.043s][gc,phases   ] GC(277) Pause Mark End 0.008ms
[2024-07-21T22:32:49.054+0800][17.043s][gc,phases   ] GC(277) Concurrent Mark Free 0.001ms
[2024-07-21T22:32:49.055+0800][17.044s][gc,phases   ] GC(277) Concurrent Process Non-Strong References 1.171ms
[2024-07-21T22:32:49.055+0800][17.044s][gc,phases   ] GC(277) Concurrent Reset Relocation Set 0.000ms
[2024-07-21T22:32:49.057+0800][17.046s][gc          ] Allocation Stall (main) 7.534ms
[2024-07-21T22:32:49.057+0800][17.046s][gc,phases   ] GC(277) Concurrent Select Relocation Set 1.896ms
[2024-07-21T22:32:49.057+0800][17.046s][gc,phases   ] GC(277) Pause Relocate Start 0.004ms
[2024-07-21T22:32:49.058+0800][17.046s][gc,phases   ] GC(277) Concurrent Relocate 0.070ms
[2024-07-21T22:32:49.058+0800][17.046s][gc,load     ] GC(277) Load: 0.00/0.00/0.00
[2024-07-21T22:32:49.058+0800][17.046s][gc,mmu      ] GC(277) MMU: 2ms/96.5%, 5ms/98.4%, 10ms/99.1%, 20ms/99.5%, 50ms/99.7%, 100ms/99.9%
[2024-07-21T22:32:49.058+0800][17.046s][gc,marking  ] GC(277) Mark: 1 stripe(s), 1 proactive flush(es), 1 terminate flush(es), 0 completion(s), 0 continuation(s) 
[2024-07-21T22:32:49.058+0800][17.046s][gc,marking  ] GC(277) Mark Stack Usage: 32M
[2024-07-21T22:32:49.058+0800][17.046s][gc,nmethod  ] GC(277) NMethods: 471 registered, 0 unregistered
[2024-07-21T22:32:49.058+0800][17.046s][gc,metaspace] GC(277) Metaspace: 1M used, 1M committed, 1032M reserved
[2024-07-21T22:32:49.058+0800][17.046s][gc,ref      ] GC(277) Soft: 43 encountered, 20 discovered, 0 enqueued
[2024-07-21T22:32:49.058+0800][17.046s][gc,ref      ] GC(277) Weak: 131 encountered, 107 discovered, 0 enqueued
[2024-07-21T22:32:49.058+0800][17.046s][gc,ref      ] GC(277) Final: 0 encountered, 0 discovered, 0 enqueued
[2024-07-21T22:32:49.058+0800][17.046s][gc,ref      ] GC(277) Phantom: 184 encountered, 98 discovered, 0 enqueued
[2024-07-21T22:32:49.058+0800][17.046s][gc,reloc    ] GC(277) Small Pages: 4 / 8M, Empty: 2M, Relocated: 0M, In-Place: 0
[2024-07-21T22:32:49.058+0800][17.046s][gc,reloc    ] GC(277) Medium Pages: 1 / 4M, Empty: 0M, Relocated: 0M, In-Place: 0
[2024-07-21T22:32:49.058+0800][17.046s][gc,reloc    ] GC(277) Large Pages: 58 / 116M, Empty: 80M, Relocated: 0M, In-Place: 0
[2024-07-21T22:32:49.058+0800][17.046s][gc,reloc    ] GC(277) Forwarding Usage: 0M
[2024-07-21T22:32:49.058+0800][17.046s][gc,heap     ] GC(277) Min Capacity: 8M(6%)
[2024-07-21T22:32:49.058+0800][17.046s][gc,heap     ] GC(277) Max Capacity: 128M(100%)
[2024-07-21T22:32:49.058+0800][17.046s][gc,heap     ] GC(277) Soft Max Capacity: 128M(100%)
[2024-07-21T22:32:49.058+0800][17.046s][gc,heap     ] GC(277)                Mark Start          Mark End        Relocate Start      Relocate End           High               Low         
[2024-07-21T22:32:49.058+0800][17.046s][gc,heap     ] GC(277)  Capacity:      128M (100%)        128M (100%)        128M (100%)        128M (100%)        128M (100%)        128M (100%)   
[2024-07-21T22:32:49.058+0800][17.046s][gc,heap     ] GC(277)      Free:        0M (0%)            0M (0%)           80M (62%)          80M (62%)          82M (64%)           0M (0%)     
[2024-07-21T22:32:49.058+0800][17.046s][gc,heap     ] GC(277)      Used:      128M (100%)        128M (100%)         48M (38%)          48M (38%)         128M (100%)         46M (36%)    
[2024-07-21T22:32:49.058+0800][17.046s][gc,heap     ] GC(277)      Live:         -                40M (32%)          40M (32%)          40M (32%)            -                  -          
[2024-07-21T22:32:49.058+0800][17.046s][gc,heap     ] GC(277) Allocated:         -                 0M (0%)            2M (2%)            2M (2%)             -                  -          
[2024-07-21T22:32:49.058+0800][17.046s][gc,heap     ] GC(277)   Garbage:         -                87M (68%)           5M (4%)            5M (4%)             -                  -          
[2024-07-21T22:32:49.058+0800][17.046s][gc,heap     ] GC(277) Reclaimed:         -                  -                82M (64%)          82M (64%)            -                  -          
[2024-07-21T22:32:49.058+0800][17.046s][gc          ] GC(277) Garbage Collection (Allocation Stall) 128M(100%)->48M(38%)
[2024-07-21T22:32:49.081+0800][17.069s][gc,start    ] GC(278) Garbage Collection (Allocation Rate)
[2024-07-21T22:32:49.081+0800][17.069s][gc,task     ] GC(278) Using 1 workers
[2024-07-21T22:32:49.081+0800][17.070s][gc,phases   ] GC(278) Pause Mark Start 0.008ms
[2024-07-21T22:32:49.085+0800][17.073s][gc,phases   ] GC(278) Concurrent Mark 3.402ms
[2024-07-21T22:32:49.085+0800][17.073s][gc,phases   ] GC(278) Pause Mark End 0.008ms
[2024-07-21T22:32:49.085+0800][17.073s][gc,phases   ] GC(278) Concurrent Mark Free 0.001ms
[2024-07-21T22:32:49.086+0800][17.075s][gc,phases   ] GC(278) Concurrent Process Non-Strong References 1.130ms
[2024-07-21T22:32:49.086+0800][17.075s][gc,phases   ] GC(278) Concurrent Reset Relocation Set 0.000ms
[2024-07-21T22:32:49.088+0800][17.076s][gc,phases   ] GC(278) Concurrent Select Relocation Set 1.809ms
[2024-07-21T22:32:49.088+0800][17.077s][gc,phases   ] GC(278) Pause Relocate Start 0.004ms
[2024-07-21T22:32:49.088+0800][17.077s][gc,phases   ] GC(278) Concurrent Relocate 0.097ms
[2024-07-21T22:32:49.088+0800][17.077s][gc,load     ] GC(278) Load: 0.00/0.00/0.00
[2024-07-21T22:32:49.088+0800][17.077s][gc,mmu      ] GC(278) MMU: 2ms/96.5%, 5ms/98.4%, 10ms/99.1%, 20ms/99.5%, 50ms/99.7%, 100ms/99.9%
[2024-07-21T22:32:49.088+0800][17.077s][gc,marking  ] GC(278) Mark: 1 stripe(s), 2 proactive flush(es), 1 terminate flush(es), 0 completion(s), 0 continuation(s) 
[2024-07-21T22:32:49.088+0800][17.077s][gc,marking  ] GC(278) Mark Stack Usage: 32M
[2024-07-21T22:32:49.088+0800][17.077s][gc,nmethod  ] GC(278) NMethods: 471 registered, 0 unregistered
[2024-07-21T22:32:49.088+0800][17.077s][gc,metaspace] GC(278) Metaspace: 1M used, 1M committed, 1032M reserved
[2024-07-21T22:32:49.088+0800][17.077s][gc,ref      ] GC(278) Soft: 43 encountered, 0 discovered, 0 enqueued
[2024-07-21T22:32:49.088+0800][17.077s][gc,ref      ] GC(278) Weak: 131 encountered, 107 discovered, 0 enqueued
[2024-07-21T22:32:49.088+0800][17.077s][gc,ref      ] GC(278) Final: 0 encountered, 0 discovered, 0 enqueued
[2024-07-21T22:32:49.088+0800][17.077s][gc,ref      ] GC(278) Phantom: 184 encountered, 98 discovered, 0 enqueued
[2024-07-21T22:32:49.088+0800][17.077s][gc,reloc    ] GC(278) Small Pages: 4 / 8M, Empty: 2M, Relocated: 0M, In-Place: 0
[2024-07-21T22:32:49.088+0800][17.077s][gc,reloc    ] GC(278) Medium Pages: 1 / 4M, Empty: 0M, Relocated: 0M, In-Place: 0
[2024-07-21T22:32:49.088+0800][17.077s][gc,reloc    ] GC(278) Large Pages: 23 / 46M, Empty: 40M, Relocated: 0M, In-Place: 0
[2024-07-21T22:32:49.088+0800][17.077s][gc,reloc    ] GC(278) Forwarding Usage: 0M
[2024-07-21T22:32:49.088+0800][17.077s][gc,heap     ] GC(278) Min Capacity: 8M(6%)
[2024-07-21T22:32:49.088+0800][17.077s][gc,heap     ] GC(278) Max Capacity: 128M(100%)
[2024-07-21T22:32:49.088+0800][17.077s][gc,heap     ] GC(278) Soft Max Capacity: 128M(100%)
[2024-07-21T22:32:49.088+0800][17.077s][gc,heap     ] GC(278)                Mark Start          Mark End        Relocate Start      Relocate End           High               Low         
[2024-07-21T22:32:49.089+0800][17.077s][gc,heap     ] GC(278)  Capacity:      128M (100%)        128M (100%)        128M (100%)        128M (100%)        128M (100%)        128M (100%)   
[2024-07-21T22:32:49.089+0800][17.077s][gc,heap     ] GC(278)      Free:       70M (55%)          54M (42%)          96M (75%)          96M (75%)          96M (75%)          54M (42%)    
[2024-07-21T22:32:49.089+0800][17.077s][gc,heap     ] GC(278)      Used:       58M (45%)          74M (58%)          32M (25%)          32M (25%)          74M (58%)          32M (25%)    
[2024-07-21T22:32:49.089+0800][17.077s][gc,heap     ] GC(278)      Live:         -                10M (8%)           10M (8%)           10M (8%)             -                  -          
[2024-07-21T22:32:49.089+0800][17.077s][gc,heap     ] GC(278) Allocated:         -                16M (12%)          16M (12%)          16M (12%)            -                  -          
[2024-07-21T22:32:49.089+0800][17.077s][gc,heap     ] GC(278)   Garbage:         -                47M (37%)           5M (4%)            5M (4%)             -                  -          
[2024-07-21T22:32:49.089+0800][17.077s][gc,heap     ] GC(278) Reclaimed:         -                  -                42M (33%)          42M (33%)            -                  -          
[2024-07-21T22:32:49.089+0800][17.077s][gc          ] GC(278) Garbage Collection (Allocation Rate) 58M(45%)->32M(25%)
[2024-07-21T22:32:49.161+0800][17.150s][gc,start    ] GC(279) Garbage Collection (Allocation Stall)
[2024-07-21T22:32:49.161+0800][17.150s][gc,ref      ] GC(279) Clearing All SoftReferences
[2024-07-21T22:32:49.161+0800][17.150s][gc,task     ] GC(279) Using 1 workers
[2024-07-21T22:32:49.162+0800][17.150s][gc,phases   ] GC(279) Pause Mark Start 0.037ms
[2024-07-21T22:32:49.166+0800][17.154s][gc,phases   ] GC(279) Concurrent Mark 3.575ms
[2024-07-21T22:32:49.166+0800][17.154s][gc,phases   ] GC(279) Pause Mark End 0.010ms
[2024-07-21T22:32:49.166+0800][17.154s][gc,phases   ] GC(279) Concurrent Mark Free 0.001ms
[2024-07-21T22:32:49.168+0800][17.156s][gc,phases   ] GC(279) Concurrent Process Non-Strong References 1.792ms
[2024-07-21T22:32:49.168+0800][17.156s][gc,phases   ] GC(279) Concurrent Reset Relocation Set 0.001ms
[2024-07-21T22:32:49.170+0800][17.159s][gc          ] Allocation Stall (main) 9.189ms
[2024-07-21T22:32:49.170+0800][17.159s][gc,phases   ] GC(279) Concurrent Select Relocation Set 2.503ms
[2024-07-21T22:32:49.170+0800][17.159s][gc,phases   ] GC(279) Pause Relocate Start 0.008ms
[2024-07-21T22:32:49.171+0800][17.159s][gc,phases   ] GC(279) Concurrent Relocate 0.025ms
[2024-07-21T22:32:49.171+0800][17.159s][gc,load     ] GC(279) Load: 0.00/0.00/0.00
[2024-07-21T22:32:49.171+0800][17.159s][gc,mmu      ] GC(279) MMU: 2ms/96.5%, 5ms/98.4%, 10ms/99.1%, 20ms/99.5%, 50ms/99.7%, 100ms/99.9%
[2024-07-21T22:32:49.171+0800][17.159s][gc,marking  ] GC(279) Mark: 1 stripe(s), 1 proactive flush(es), 1 terminate flush(es), 0 completion(s), 0 continuation(s) 
[2024-07-21T22:32:49.171+0800][17.159s][gc,marking  ] GC(279) Mark Stack Usage: 32M
[2024-07-21T22:32:49.171+0800][17.159s][gc,nmethod  ] GC(279) NMethods: 471 registered, 0 unregistered
[2024-07-21T22:32:49.171+0800][17.159s][gc,metaspace] GC(279) Metaspace: 1M used, 1M committed, 1032M reserved
[2024-07-21T22:32:49.171+0800][17.159s][gc,ref      ] GC(279) Soft: 43 encountered, 20 discovered, 0 enqueued
[2024-07-21T22:32:49.171+0800][17.159s][gc,ref      ] GC(279) Weak: 131 encountered, 107 discovered, 0 enqueued
[2024-07-21T22:32:49.171+0800][17.159s][gc,ref      ] GC(279) Final: 0 encountered, 0 discovered, 0 enqueued
[2024-07-21T22:32:49.171+0800][17.159s][gc,ref      ] GC(279) Phantom: 184 encountered, 98 discovered, 0 enqueued
[2024-07-21T22:32:49.171+0800][17.159s][gc,reloc    ] GC(279) Small Pages: 4 / 8M, Empty: 2M, Relocated: 0M, In-Place: 0
[2024-07-21T22:32:49.171+0800][17.159s][gc,reloc    ] GC(279) Medium Pages: 1 / 4M, Empty: 0M, Relocated: 0M, In-Place: 0
[2024-07-21T22:32:49.171+0800][17.159s][gc,reloc    ] GC(279) Large Pages: 58 / 116M, Empty: 80M, Relocated: 0M, In-Place: 0
[2024-07-21T22:32:49.171+0800][17.159s][gc,reloc    ] GC(279) Forwarding Usage: 0M
[2024-07-21T22:32:49.171+0800][17.159s][gc,heap     ] GC(279) Min Capacity: 8M(6%)
[2024-07-21T22:32:49.171+0800][17.159s][gc,heap     ] GC(279) Max Capacity: 128M(100%)
[2024-07-21T22:32:49.171+0800][17.159s][gc,heap     ] GC(279) Soft Max Capacity: 128M(100%)
[2024-07-21T22:32:49.171+0800][17.159s][gc,heap     ] GC(279)                Mark Start          Mark End        Relocate Start      Relocate End           High               Low         
[2024-07-21T22:32:49.171+0800][17.159s][gc,heap     ] GC(279)  Capacity:      128M (100%)        128M (100%)        128M (100%)        128M (100%)        128M (100%)        128M (100%)   
[2024-07-21T22:32:49.171+0800][17.159s][gc,heap     ] GC(279)      Free:        0M (0%)            0M (0%)           80M (62%)          80M (62%)          82M (64%)           0M (0%)     
[2024-07-21T22:32:49.171+0800][17.159s][gc,heap     ] GC(279)      Used:      128M (100%)        128M (100%)         48M (38%)          48M (38%)         128M (100%)         46M (36%)    
[2024-07-21T22:32:49.171+0800][17.160s][gc,heap     ] GC(279)      Live:         -                40M (32%)          40M (32%)          40M (32%)            -                  -          
[2024-07-21T22:32:49.171+0800][17.160s][gc,heap     ] GC(279) Allocated:         -                 0M (0%)            2M (2%)            2M (2%)             -                  -          
[2024-07-21T22:32:49.171+0800][17.160s][gc,heap     ] GC(279)   Garbage:         -                87M (68%)           5M (4%)            5M (4%)             -                  -          
[2024-07-21T22:32:49.171+0800][17.160s][gc,heap     ] GC(279) Reclaimed:         -                  -                82M (64%)          82M (64%)            -                  -          
[2024-07-21T22:32:49.171+0800][17.160s][gc          ] GC(279) Garbage Collection (Allocation Stall) 128M(100%)->48M(38%)
[2024-07-21T22:32:49.176+0800][17.164s][gc,start    ] GC(280) Garbage Collection (Allocation Rate)
[2024-07-21T22:32:49.176+0800][17.164s][gc,task     ] GC(280) Using 1 workers
[2024-07-21T22:32:49.176+0800][17.164s][gc,phases   ] GC(280) Pause Mark Start 0.007ms
[2024-07-21T22:32:49.180+0800][17.169s][gc,phases   ] GC(280) Concurrent Mark 4.344ms
[2024-07-21T22:32:49.181+0800][17.169s][gc,phases   ] GC(280) Pause Mark End 0.018ms
[2024-07-21T22:32:49.181+0800][17.169s][gc,phases   ] GC(280) Concurrent Mark Free 0.002ms
[2024-07-21T22:32:49.182+0800][17.170s][gc,phases   ] GC(280) Concurrent Process Non-Strong References 1.184ms
[2024-07-21T22:32:49.182+0800][17.170s][gc,phases   ] GC(280) Concurrent Reset Relocation Set 0.001ms
[2024-07-21T22:32:49.185+0800][17.174s][gc,phases   ] GC(280) Concurrent Select Relocation Set 3.035ms
[2024-07-21T22:32:49.185+0800][17.174s][gc,phases   ] GC(280) Pause Relocate Start 0.007ms
[2024-07-21T22:32:49.186+0800][17.174s][gc,phases   ] GC(280) Concurrent Relocate 0.702ms
[2024-07-21T22:32:49.186+0800][17.175s][gc,load     ] GC(280) Load: 0.00/0.00/0.00
[2024-07-21T22:32:49.186+0800][17.175s][gc,mmu      ] GC(280) MMU: 2ms/96.5%, 5ms/98.4%, 10ms/99.1%, 20ms/99.5%, 50ms/99.7%, 100ms/99.9%
[2024-07-21T22:32:49.186+0800][17.175s][gc,marking  ] GC(280) Mark: 1 stripe(s), 1 proactive flush(es), 1 terminate flush(es), 0 completion(s), 0 continuation(s) 
[2024-07-21T22:32:49.186+0800][17.175s][gc,marking  ] GC(280) Mark Stack Usage: 32M
[2024-07-21T22:32:49.186+0800][17.175s][gc,nmethod  ] GC(280) NMethods: 471 registered, 0 unregistered
[2024-07-21T22:32:49.186+0800][17.175s][gc,metaspace] GC(280) Metaspace: 1M used, 1M committed, 1032M reserved
[2024-07-21T22:32:49.186+0800][17.175s][gc,ref      ] GC(280) Soft: 43 encountered, 0 discovered, 0 enqueued
[2024-07-21T22:32:49.186+0800][17.175s][gc,ref      ] GC(280) Weak: 131 encountered, 107 discovered, 0 enqueued
[2024-07-21T22:32:49.186+0800][17.175s][gc,ref      ] GC(280) Final: 0 encountered, 0 discovered, 0 enqueued
[2024-07-21T22:32:49.186+0800][17.175s][gc,ref      ] GC(280) Phantom: 184 encountered, 98 discovered, 0 enqueued
[2024-07-21T22:32:49.186+0800][17.175s][gc,reloc    ] GC(280) Small Pages: 4 / 8M, Empty: 0M, Relocated: 1M, In-Place: 0
[2024-07-21T22:32:49.186+0800][17.175s][gc,reloc    ] GC(280) Medium Pages: 1 / 4M, Empty: 0M, Relocated: 0M, In-Place: 0
[2024-07-21T22:32:49.186+0800][17.175s][gc,reloc    ] GC(280) Large Pages: 20 / 40M, Empty: 40M, Relocated: 0M, In-Place: 0
[2024-07-21T22:32:49.186+0800][17.175s][gc,reloc    ] GC(280) Forwarding Usage: 0M
[2024-07-21T22:32:49.186+0800][17.175s][gc,heap     ] GC(280) Min Capacity: 8M(6%)
[2024-07-21T22:32:49.186+0800][17.175s][gc,heap     ] GC(280) Max Capacity: 128M(100%)
[2024-07-21T22:32:49.186+0800][17.175s][gc,heap     ] GC(280) Soft Max Capacity: 128M(100%)
[2024-07-21T22:32:49.186+0800][17.175s][gc,heap     ] GC(280)                Mark Start          Mark End        Relocate Start      Relocate End           High               Low         
[2024-07-21T22:32:49.186+0800][17.175s][gc,heap     ] GC(280)  Capacity:      128M (100%)        128M (100%)        128M (100%)        128M (100%)        128M (100%)        128M (100%)   
[2024-07-21T22:32:49.186+0800][17.175s][gc,heap     ] GC(280)      Free:       76M (59%)          76M (59%)         116M (91%)         118M (92%)         118M (92%)          76M (59%)    
[2024-07-21T22:32:49.186+0800][17.175s][gc,heap     ] GC(280)      Used:       52M (41%)          52M (41%)          12M (9%)           10M (8%)           52M (41%)          10M (8%)     
[2024-07-21T22:32:49.186+0800][17.175s][gc,heap     ] GC(280)      Live:         -                 4M (4%)            4M (4%)            4M (4%)             -                  -          
[2024-07-21T22:32:49.186+0800][17.175s][gc,heap     ] GC(280) Allocated:         -                 0M (0%)            0M (0%)            0M (0%)             -                  -          
[2024-07-21T22:32:49.186+0800][17.175s][gc,heap     ] GC(280)   Garbage:         -                47M (37%)           7M (6%)            5M (4%)             -                  -          
[2024-07-21T22:32:49.186+0800][17.175s][gc,heap     ] GC(280) Reclaimed:         -                  -                40M (31%)          42M (33%)            -                  -          
[2024-07-21T22:32:49.186+0800][17.175s][gc          ] GC(280) Garbage Collection (Allocation Rate) 52M(41%)->10M(8%)
[2024-07-21T22:32:49.272+0800][17.260s][gc,start    ] GC(281) Garbage Collection (Allocation Rate)
[2024-07-21T22:32:49.272+0800][17.260s][gc,task     ] GC(281) Using 1 workers
[2024-07-21T22:32:49.272+0800][17.261s][gc,phases   ] GC(281) Pause Mark Start 0.006ms
[2024-07-21T22:32:49.276+0800][17.264s][gc,phases   ] GC(281) Concurrent Mark 3.768ms
[2024-07-21T22:32:49.276+0800][17.265s][gc,phases   ] GC(281) Pause Mark End 0.012ms
[2024-07-21T22:32:49.276+0800][17.265s][gc,phases   ] GC(281) Concurrent Mark Free 0.001ms
[2024-07-21T22:32:49.277+0800][17.266s][gc,phases   ] GC(281) Concurrent Process Non-Strong References 1.094ms
[2024-07-21T22:32:49.277+0800][17.266s][gc,phases   ] GC(281) Concurrent Reset Relocation Set 0.001ms
[2024-07-21T22:32:49.279+0800][17.268s][gc          ] Allocation Stall (main) 6.065ms
[2024-07-21T22:32:49.279+0800][17.268s][gc,phases   ] GC(281) Concurrent Select Relocation Set 1.891ms
[2024-07-21T22:32:49.280+0800][17.268s][gc,phases   ] GC(281) Pause Relocate Start 0.004ms
[2024-07-21T22:32:49.280+0800][17.268s][gc,phases   ] GC(281) Concurrent Relocate 0.062ms
[2024-07-21T22:32:49.280+0800][17.268s][gc,load     ] GC(281) Load: 0.00/0.00/0.00
[2024-07-21T22:32:49.280+0800][17.268s][gc,mmu      ] GC(281) MMU: 2ms/96.5%, 5ms/98.4%, 10ms/99.1%, 20ms/99.5%, 50ms/99.7%, 100ms/99.9%
[2024-07-21T22:32:49.280+0800][17.268s][gc,marking  ] GC(281) Mark: 1 stripe(s), 2 proactive flush(es), 1 terminate flush(es), 0 completion(s), 0 continuation(s) 
[2024-07-21T22:32:49.280+0800][17.268s][gc,marking  ] GC(281) Mark Stack Usage: 32M
[2024-07-21T22:32:49.280+0800][17.268s][gc,nmethod  ] GC(281) NMethods: 471 registered, 0 unregistered
[2024-07-21T22:32:49.280+0800][17.268s][gc,metaspace] GC(281) Metaspace: 1M used, 1M committed, 1032M reserved
[2024-07-21T22:32:49.280+0800][17.268s][gc,ref      ] GC(281) Soft: 43 encountered, 0 discovered, 0 enqueued
[2024-07-21T22:32:49.280+0800][17.268s][gc,ref      ] GC(281) Weak: 131 encountered, 107 discovered, 0 enqueued
[2024-07-21T22:32:49.280+0800][17.268s][gc,ref      ] GC(281) Final: 0 encountered, 0 discovered, 0 enqueued
[2024-07-21T22:32:49.280+0800][17.268s][gc,ref      ] GC(281) Phantom: 184 encountered, 98 discovered, 0 enqueued
[2024-07-21T22:32:49.280+0800][17.268s][gc,reloc    ] GC(281) Small Pages: 4 / 8M, Empty: 2M, Relocated: 0M, In-Place: 0
[2024-07-21T22:32:49.280+0800][17.268s][gc,reloc    ] GC(281) Medium Pages: 1 / 4M, Empty: 0M, Relocated: 0M, In-Place: 0
[2024-07-21T22:32:49.280+0800][17.268s][gc,reloc    ] GC(281) Large Pages: 53 / 106M, Empty: 80M, Relocated: 0M, In-Place: 0
[2024-07-21T22:32:49.280+0800][17.268s][gc,reloc    ] GC(281) Forwarding Usage: 0M
[2024-07-21T22:32:49.280+0800][17.268s][gc,heap     ] GC(281) Min Capacity: 8M(6%)
[2024-07-21T22:32:49.280+0800][17.268s][gc,heap     ] GC(281) Max Capacity: 128M(100%)
[2024-07-21T22:32:49.280+0800][17.268s][gc,heap     ] GC(281) Soft Max Capacity: 128M(100%)
[2024-07-21T22:32:49.280+0800][17.268s][gc,heap     ] GC(281)                Mark Start          Mark End        Relocate Start      Relocate End           High               Low         
[2024-07-21T22:32:49.280+0800][17.268s][gc,heap     ] GC(281)  Capacity:      128M (100%)        128M (100%)        128M (100%)        128M (100%)        128M (100%)        128M (100%)   
[2024-07-21T22:32:49.280+0800][17.269s][gc,heap     ] GC(281)      Free:       10M (8%)            0M (0%)           80M (62%)          76M (59%)          82M (64%)           0M (0%)     
[2024-07-21T22:32:49.280+0800][17.269s][gc,heap     ] GC(281)      Used:      118M (92%)         128M (100%)         48M (38%)          52M (41%)         128M (100%)         46M (36%)    
[2024-07-21T22:32:49.280+0800][17.269s][gc,heap     ] GC(281)      Live:         -                30M (24%)          30M (24%)          30M (24%)            -                  -          
[2024-07-21T22:32:49.280+0800][17.269s][gc,heap     ] GC(281) Allocated:         -                10M (8%)           12M (9%)           16M (12%)            -                  -          
[2024-07-21T22:32:49.280+0800][17.269s][gc,heap     ] GC(281)   Garbage:         -                87M (68%)           5M (4%)            5M (4%)             -                  -          
[2024-07-21T22:32:49.280+0800][17.269s][gc,heap     ] GC(281) Reclaimed:         -                  -                82M (64%)          82M (64%)            -                  -          
[2024-07-21T22:32:49.280+0800][17.269s][gc          ] GC(281) Garbage Collection (Allocation Rate) 118M(92%)->52M(41%)
[2024-07-21T22:32:49.350+0800][17.339s][gc,start    ] GC(282) Garbage Collection (Allocation Stall)
[2024-07-21T22:32:49.350+0800][17.339s][gc,ref      ] GC(282) Clearing All SoftReferences
[2024-07-21T22:32:49.351+0800][17.339s][gc,task     ] GC(282) Using 1 workers
[2024-07-21T22:32:49.351+0800][17.339s][gc,phases   ] GC(282) Pause Mark Start 0.028ms
[2024-07-21T22:32:49.355+0800][17.343s][gc,phases   ] GC(282) Concurrent Mark 4.197ms
[2024-07-21T22:32:49.355+0800][17.344s][gc,phases   ] GC(282) Pause Mark End 0.015ms
[2024-07-21T22:32:49.355+0800][17.344s][gc,phases   ] GC(282) Concurrent Mark Free 0.001ms
[2024-07-21T22:32:49.357+0800][17.345s][gc,phases   ] GC(282) Concurrent Process Non-Strong References 1.070ms
[2024-07-21T22:32:49.357+0800][17.345s][gc,phases   ] GC(282) Concurrent Reset Relocation Set 0.001ms
[2024-07-21T22:32:49.358+0800][17.346s][gc          ] Allocation Stall (main) 7.798ms
[2024-07-21T22:32:49.358+0800][17.346s][gc,phases   ] GC(282) Concurrent Select Relocation Set 1.614ms
[2024-07-21T22:32:49.358+0800][17.347s][gc,phases   ] GC(282) Pause Relocate Start 0.006ms
[2024-07-21T22:32:49.359+0800][17.347s][gc,phases   ] GC(282) Concurrent Relocate 0.032ms
[2024-07-21T22:32:49.359+0800][17.347s][gc,load     ] GC(282) Load: 0.00/0.00/0.00
[2024-07-21T22:32:49.359+0800][17.347s][gc,mmu      ] GC(282) MMU: 2ms/96.5%, 5ms/98.4%, 10ms/99.1%, 20ms/99.5%, 50ms/99.7%, 100ms/99.9%
[2024-07-21T22:32:49.359+0800][17.347s][gc,marking  ] GC(282) Mark: 1 stripe(s), 1 proactive flush(es), 1 terminate flush(es), 0 completion(s), 0 continuation(s) 
[2024-07-21T22:32:49.359+0800][17.347s][gc,marking  ] GC(282) Mark Stack Usage: 32M
[2024-07-21T22:32:49.359+0800][17.347s][gc,nmethod  ] GC(282) NMethods: 471 registered, 0 unregistered
[2024-07-21T22:32:49.359+0800][17.347s][gc,metaspace] GC(282) Metaspace: 1M used, 1M committed, 1032M reserved
[2024-07-21T22:32:49.359+0800][17.347s][gc,ref      ] GC(282) Soft: 43 encountered, 20 discovered, 0 enqueued
[2024-07-21T22:32:49.359+0800][17.347s][gc,ref      ] GC(282) Weak: 131 encountered, 107 discovered, 0 enqueued
[2024-07-21T22:32:49.359+0800][17.347s][gc,ref      ] GC(282) Final: 0 encountered, 0 discovered, 0 enqueued
[2024-07-21T22:32:49.359+0800][17.347s][gc,ref      ] GC(282) Phantom: 184 encountered, 98 discovered, 0 enqueued
[2024-07-21T22:32:49.359+0800][17.347s][gc,reloc    ] GC(282) Small Pages: 4 / 8M, Empty: 2M, Relocated: 0M, In-Place: 0
[2024-07-21T22:32:49.359+0800][17.347s][gc,reloc    ] GC(282) Medium Pages: 1 / 4M, Empty: 0M, Relocated: 0M, In-Place: 0
[2024-07-21T22:32:49.359+0800][17.347s][gc,reloc    ] GC(282) Large Pages: 58 / 116M, Empty: 80M, Relocated: 0M, In-Place: 0
[2024-07-21T22:32:49.359+0800][17.347s][gc,reloc    ] GC(282) Forwarding Usage: 0M
[2024-07-21T22:32:49.359+0800][17.347s][gc,heap     ] GC(282) Min Capacity: 8M(6%)
[2024-07-21T22:32:49.359+0800][17.347s][gc,heap     ] GC(282) Max Capacity: 128M(100%)
[2024-07-21T22:32:49.359+0800][17.347s][gc,heap     ] GC(282) Soft Max Capacity: 128M(100%)
[2024-07-21T22:32:49.359+0800][17.347s][gc,heap     ] GC(282)                Mark Start          Mark End        Relocate Start      Relocate End           High               Low         
[2024-07-21T22:32:49.359+0800][17.347s][gc,heap     ] GC(282)  Capacity:      128M (100%)        128M (100%)        128M (100%)        128M (100%)        128M (100%)        128M (100%)   
[2024-07-21T22:32:49.359+0800][17.347s][gc,heap     ] GC(282)      Free:        0M (0%)            0M (0%)           80M (62%)          80M (62%)          82M (64%)           0M (0%)     
[2024-07-21T22:32:49.359+0800][17.347s][gc,heap     ] GC(282)      Used:      128M (100%)        128M (100%)         48M (38%)          48M (38%)         128M (100%)         46M (36%)    
[2024-07-21T22:32:49.359+0800][17.347s][gc,heap     ] GC(282)      Live:         -                40M (32%)          40M (32%)          40M (32%)            -                  -          
[2024-07-21T22:32:49.359+0800][17.347s][gc,heap     ] GC(282) Allocated:         -                 0M (0%)            2M (2%)            2M (2%)             -                  -          
[2024-07-21T22:32:49.359+0800][17.347s][gc,heap     ] GC(282)   Garbage:         -                87M (68%)           5M (4%)            5M (4%)             -                  -          
[2024-07-21T22:32:49.359+0800][17.347s][gc,heap     ] GC(282) Reclaimed:         -                  -                82M (64%)          82M (64%)            -                  -          
[2024-07-21T22:32:49.359+0800][17.347s][gc          ] GC(282) Garbage Collection (Allocation Stall) 128M(100%)->48M(38%)
[2024-07-21T22:32:49.381+0800][17.369s][gc,start    ] GC(283) Garbage Collection (Allocation Rate)
[2024-07-21T22:32:49.381+0800][17.369s][gc,task     ] GC(283) Using 1 workers
[2024-07-21T22:32:49.381+0800][17.369s][gc,phases   ] GC(283) Pause Mark Start 0.009ms
[2024-07-21T22:32:49.386+0800][17.374s][gc,phases   ] GC(283) Concurrent Mark 4.736ms
[2024-07-21T22:32:49.386+0800][17.374s][gc,phases   ] GC(283) Pause Mark End 0.009ms
[2024-07-21T22:32:49.386+0800][17.374s][gc,phases   ] GC(283) Concurrent Mark Free 0.001ms
[2024-07-21T22:32:49.388+0800][17.376s][gc,phases   ] GC(283) Concurrent Process Non-Strong References 1.258ms
[2024-07-21T22:32:49.388+0800][17.376s][gc,phases   ] GC(283) Concurrent Reset Relocation Set 0.000ms
[2024-07-21T22:32:49.390+0800][17.378s][gc,phases   ] GC(283) Concurrent Select Relocation Set 2.299ms
[2024-07-21T22:32:49.390+0800][17.378s][gc,phases   ] GC(283) Pause Relocate Start 0.020ms
[2024-07-21T22:32:49.391+0800][17.379s][gc,phases   ] GC(283) Concurrent Relocate 0.103ms
[2024-07-21T22:32:49.391+0800][17.379s][gc,load     ] GC(283) Load: 0.00/0.00/0.00
[2024-07-21T22:32:49.391+0800][17.379s][gc,mmu      ] GC(283) MMU: 2ms/96.5%, 5ms/98.4%, 10ms/99.1%, 20ms/99.5%, 50ms/99.7%, 100ms/99.9%
[2024-07-21T22:32:49.391+0800][17.379s][gc,marking  ] GC(283) Mark: 1 stripe(s), 2 proactive flush(es), 1 terminate flush(es), 0 completion(s), 0 continuation(s) 
[2024-07-21T22:32:49.391+0800][17.379s][gc,marking  ] GC(283) Mark Stack Usage: 32M
[2024-07-21T22:32:49.391+0800][17.379s][gc,nmethod  ] GC(283) NMethods: 471 registered, 0 unregistered
[2024-07-21T22:32:49.391+0800][17.379s][gc,metaspace] GC(283) Metaspace: 1M used, 1M committed, 1032M reserved
[2024-07-21T22:32:49.391+0800][17.379s][gc,ref      ] GC(283) Soft: 43 encountered, 0 discovered, 0 enqueued
[2024-07-21T22:32:49.391+0800][17.379s][gc,ref      ] GC(283) Weak: 131 encountered, 107 discovered, 0 enqueued
[2024-07-21T22:32:49.391+0800][17.379s][gc,ref      ] GC(283) Final: 0 encountered, 0 discovered, 0 enqueued
[2024-07-21T22:32:49.391+0800][17.379s][gc,ref      ] GC(283) Phantom: 184 encountered, 98 discovered, 0 enqueued
[2024-07-21T22:32:49.391+0800][17.379s][gc,reloc    ] GC(283) Small Pages: 4 / 8M, Empty: 2M, Relocated: 0M, In-Place: 0
[2024-07-21T22:32:49.391+0800][17.379s][gc,reloc    ] GC(283) Medium Pages: 1 / 4M, Empty: 0M, Relocated: 0M, In-Place: 0
[2024-07-21T22:32:49.391+0800][17.379s][gc,reloc    ] GC(283) Large Pages: 21 / 42M, Empty: 40M, Relocated: 0M, In-Place: 0
[2024-07-21T22:32:49.391+0800][17.379s][gc,reloc    ] GC(283) Forwarding Usage: 0M
[2024-07-21T22:32:49.391+0800][17.379s][gc,heap     ] GC(283) Min Capacity: 8M(6%)
[2024-07-21T22:32:49.391+0800][17.379s][gc,heap     ] GC(283) Max Capacity: 128M(100%)
[2024-07-21T22:32:49.391+0800][17.379s][gc,heap     ] GC(283) Soft Max Capacity: 128M(100%)
[2024-07-21T22:32:49.391+0800][17.379s][gc,heap     ] GC(283)                Mark Start          Mark End        Relocate Start      Relocate End           High               Low         
[2024-07-21T22:32:49.391+0800][17.379s][gc,heap     ] GC(283)  Capacity:      128M (100%)        128M (100%)        128M (100%)        128M (100%)        128M (100%)        128M (100%)   
[2024-07-21T22:32:49.391+0800][17.379s][gc,heap     ] GC(283)      Free:       74M (58%)          54M (42%)          96M (75%)          96M (75%)          96M (75%)          54M (42%)    
[2024-07-21T22:32:49.391+0800][17.379s][gc,heap     ] GC(283)      Used:       54M (42%)          74M (58%)          32M (25%)          32M (25%)          74M (58%)          32M (25%)    
[2024-07-21T22:32:49.391+0800][17.379s][gc,heap     ] GC(283)      Live:         -                 6M (5%)            6M (5%)            6M (5%)             -                  -          
[2024-07-21T22:32:49.391+0800][17.379s][gc,heap     ] GC(283) Allocated:         -                20M (16%)          20M (16%)          20M (16%)            -                  -          
[2024-07-21T22:32:49.391+0800][17.379s][gc,heap     ] GC(283)   Garbage:         -                47M (37%)           5M (4%)            5M (4%)             -                  -          
[2024-07-21T22:32:49.391+0800][17.379s][gc,heap     ] GC(283) Reclaimed:         -                  -                42M (33%)          42M (33%)            -                  -          
[2024-07-21T22:32:49.391+0800][17.379s][gc          ] GC(283) Garbage Collection (Allocation Rate) 54M(42%)->32M(25%)
[2024-07-21T22:32:49.461+0800][17.450s][gc,start    ] GC(284) Garbage Collection (Allocation Stall)
[2024-07-21T22:32:49.461+0800][17.450s][gc,ref      ] GC(284) Clearing All SoftReferences
[2024-07-21T22:32:49.461+0800][17.450s][gc,task     ] GC(284) Using 1 workers
[2024-07-21T22:32:49.462+0800][17.450s][gc,phases   ] GC(284) Pause Mark Start 0.006ms
[2024-07-21T22:32:49.465+0800][17.453s][gc,phases   ] GC(284) Concurrent Mark 3.400ms
[2024-07-21T22:32:49.465+0800][17.454s][gc,phases   ] GC(284) Pause Mark End 0.013ms
[2024-07-21T22:32:49.465+0800][17.454s][gc,phases   ] GC(284) Concurrent Mark Free 0.001ms
[2024-07-21T22:32:49.467+0800][17.455s][gc,phases   ] GC(284) Concurrent Process Non-Strong References 1.478ms
[2024-07-21T22:32:49.467+0800][17.455s][gc,phases   ] GC(284) Concurrent Reset Relocation Set 0.000ms
[2024-07-21T22:32:49.469+0800][17.457s][gc          ] Allocation Stall (main) 7.588ms
[2024-07-21T22:32:49.469+0800][17.457s][gc,phases   ] GC(284) Concurrent Select Relocation Set 1.889ms
[2024-07-21T22:32:49.469+0800][17.457s][gc,phases   ] GC(284) Pause Relocate Start 0.006ms
[2024-07-21T22:32:49.469+0800][17.457s][gc,phases   ] GC(284) Concurrent Relocate 0.066ms
[2024-07-21T22:32:49.469+0800][17.457s][gc,load     ] GC(284) Load: 0.00/0.00/0.00
[2024-07-21T22:32:49.469+0800][17.458s][gc,mmu      ] GC(284) MMU: 2ms/96.5%, 5ms/98.4%, 10ms/99.1%, 20ms/99.5%, 50ms/99.7%, 100ms/99.9%
[2024-07-21T22:32:49.469+0800][17.458s][gc,marking  ] GC(284) Mark: 1 stripe(s), 1 proactive flush(es), 1 terminate flush(es), 0 completion(s), 0 continuation(s) 
[2024-07-21T22:32:49.469+0800][17.458s][gc,marking  ] GC(284) Mark Stack Usage: 32M
[2024-07-21T22:32:49.469+0800][17.458s][gc,nmethod  ] GC(284) NMethods: 471 registered, 0 unregistered
[2024-07-21T22:32:49.469+0800][17.458s][gc,metaspace] GC(284) Metaspace: 1M used, 1M committed, 1032M reserved
[2024-07-21T22:32:49.469+0800][17.458s][gc,ref      ] GC(284) Soft: 43 encountered, 20 discovered, 0 enqueued
[2024-07-21T22:32:49.469+0800][17.458s][gc,ref      ] GC(284) Weak: 131 encountered, 107 discovered, 0 enqueued
[2024-07-21T22:32:49.469+0800][17.458s][gc,ref      ] GC(284) Final: 0 encountered, 0 discovered, 0 enqueued
[2024-07-21T22:32:49.469+0800][17.458s][gc,ref      ] GC(284) Phantom: 184 encountered, 98 discovered, 0 enqueued
[2024-07-21T22:32:49.469+0800][17.458s][gc,reloc    ] GC(284) Small Pages: 4 / 8M, Empty: 2M, Relocated: 0M, In-Place: 0
[2024-07-21T22:32:49.469+0800][17.458s][gc,reloc    ] GC(284) Medium Pages: 1 / 4M, Empty: 0M, Relocated: 0M, In-Place: 0
[2024-07-21T22:32:49.469+0800][17.458s][gc,reloc    ] GC(284) Large Pages: 58 / 116M, Empty: 80M, Relocated: 0M, In-Place: 0
[2024-07-21T22:32:49.469+0800][17.458s][gc,reloc    ] GC(284) Forwarding Usage: 0M
[2024-07-21T22:32:49.469+0800][17.458s][gc,heap     ] GC(284) Min Capacity: 8M(6%)
[2024-07-21T22:32:49.469+0800][17.458s][gc,heap     ] GC(284) Max Capacity: 128M(100%)
[2024-07-21T22:32:49.470+0800][17.458s][gc,heap     ] GC(284) Soft Max Capacity: 128M(100%)
[2024-07-21T22:32:49.470+0800][17.458s][gc,heap     ] GC(284)                Mark Start          Mark End        Relocate Start      Relocate End           High               Low         
[2024-07-21T22:32:49.470+0800][17.458s][gc,heap     ] GC(284)  Capacity:      128M (100%)        128M (100%)        128M (100%)        128M (100%)        128M (100%)        128M (100%)   
[2024-07-21T22:32:49.470+0800][17.458s][gc,heap     ] GC(284)      Free:        0M (0%)            0M (0%)           80M (62%)          78M (61%)          82M (64%)           0M (0%)     
[2024-07-21T22:32:49.470+0800][17.458s][gc,heap     ] GC(284)      Used:      128M (100%)        128M (100%)         48M (38%)          50M (39%)         128M (100%)         46M (36%)    
[2024-07-21T22:32:49.470+0800][17.458s][gc,heap     ] GC(284)      Live:         -                40M (32%)          40M (32%)          40M (32%)            -                  -          
[2024-07-21T22:32:49.470+0800][17.458s][gc,heap     ] GC(284) Allocated:         -                 0M (0%)            2M (2%)            4M (3%)             -                  -          
[2024-07-21T22:32:49.470+0800][17.458s][gc,heap     ] GC(284)   Garbage:         -                87M (68%)           5M (4%)            5M (4%)             -                  -          
[2024-07-21T22:32:49.470+0800][17.458s][gc,heap     ] GC(284) Reclaimed:         -                  -                82M (64%)          82M (64%)            -                  -          
[2024-07-21T22:32:49.470+0800][17.458s][gc          ] GC(284) Garbage Collection (Allocation Stall) 128M(100%)->50M(39%)
[2024-07-21T22:32:49.476+0800][17.464s][gc,start    ] GC(285) Garbage Collection (Allocation Rate)
[2024-07-21T22:32:49.476+0800][17.464s][gc,task     ] GC(285) Using 1 workers
[2024-07-21T22:32:49.476+0800][17.464s][gc,phases   ] GC(285) Pause Mark Start 0.010ms
[2024-07-21T22:32:49.480+0800][17.468s][gc,phases   ] GC(285) Concurrent Mark 3.334ms
[2024-07-21T22:32:49.480+0800][17.468s][gc,phases   ] GC(285) Pause Mark End 0.006ms
[2024-07-21T22:32:49.480+0800][17.468s][gc,phases   ] GC(285) Concurrent Mark Free 0.001ms
[2024-07-21T22:32:49.481+0800][17.469s][gc,phases   ] GC(285) Concurrent Process Non-Strong References 1.154ms
[2024-07-21T22:32:49.481+0800][17.469s][gc,phases   ] GC(285) Concurrent Reset Relocation Set 0.000ms
[2024-07-21T22:32:49.483+0800][17.471s][gc,phases   ] GC(285) Concurrent Select Relocation Set 1.976ms
[2024-07-21T22:32:49.483+0800][17.471s][gc,phases   ] GC(285) Pause Relocate Start 0.011ms
[2024-07-21T22:32:49.484+0800][17.473s][gc,phases   ] GC(285) Concurrent Relocate 1.017ms
[2024-07-21T22:32:49.484+0800][17.473s][gc,load     ] GC(285) Load: 0.00/0.00/0.00
[2024-07-21T22:32:49.484+0800][17.473s][gc,mmu      ] GC(285) MMU: 2ms/96.5%, 5ms/98.4%, 10ms/99.1%, 20ms/99.5%, 50ms/99.7%, 100ms/99.9%
[2024-07-21T22:32:49.484+0800][17.473s][gc,marking  ] GC(285) Mark: 1 stripe(s), 1 proactive flush(es), 1 terminate flush(es), 0 completion(s), 0 continuation(s) 
[2024-07-21T22:32:49.484+0800][17.473s][gc,marking  ] GC(285) Mark Stack Usage: 32M
[2024-07-21T22:32:49.484+0800][17.473s][gc,nmethod  ] GC(285) NMethods: 471 registered, 0 unregistered
[2024-07-21T22:32:49.484+0800][17.473s][gc,metaspace] GC(285) Metaspace: 1M used, 1M committed, 1032M reserved
[2024-07-21T22:32:49.484+0800][17.473s][gc,ref      ] GC(285) Soft: 43 encountered, 0 discovered, 0 enqueued
[2024-07-21T22:32:49.484+0800][17.473s][gc,ref      ] GC(285) Weak: 131 encountered, 107 discovered, 0 enqueued
[2024-07-21T22:32:49.484+0800][17.473s][gc,ref      ] GC(285) Final: 0 encountered, 0 discovered, 0 enqueued
[2024-07-21T22:32:49.484+0800][17.473s][gc,ref      ] GC(285) Phantom: 184 encountered, 98 discovered, 0 enqueued
[2024-07-21T22:32:49.484+0800][17.473s][gc,reloc    ] GC(285) Small Pages: 4 / 8M, Empty: 0M, Relocated: 1M, In-Place: 0
[2024-07-21T22:32:49.484+0800][17.473s][gc,reloc    ] GC(285) Medium Pages: 1 / 4M, Empty: 0M, Relocated: 0M, In-Place: 0
[2024-07-21T22:32:49.484+0800][17.473s][gc,reloc    ] GC(285) Large Pages: 20 / 40M, Empty: 40M, Relocated: 0M, In-Place: 0
[2024-07-21T22:32:49.484+0800][17.473s][gc,reloc    ] GC(285) Forwarding Usage: 0M
[2024-07-21T22:32:49.485+0800][17.473s][gc,heap     ] GC(285) Min Capacity: 8M(6%)
[2024-07-21T22:32:49.485+0800][17.473s][gc,heap     ] GC(285) Max Capacity: 128M(100%)
[2024-07-21T22:32:49.485+0800][17.473s][gc,heap     ] GC(285) Soft Max Capacity: 128M(100%)
[2024-07-21T22:32:49.485+0800][17.473s][gc,heap     ] GC(285)                Mark Start          Mark End        Relocate Start      Relocate End           High               Low         
[2024-07-21T22:32:49.485+0800][17.473s][gc,heap     ] GC(285)  Capacity:      128M (100%)        128M (100%)        128M (100%)        128M (100%)        128M (100%)        128M (100%)   
[2024-07-21T22:32:49.485+0800][17.473s][gc,heap     ] GC(285)      Free:       76M (59%)          76M (59%)         116M (91%)         118M (92%)         118M (92%)          76M (59%)    
[2024-07-21T22:32:49.485+0800][17.473s][gc,heap     ] GC(285)      Used:       52M (41%)          52M (41%)          12M (9%)           10M (8%)           52M (41%)          10M (8%)     
[2024-07-21T22:32:49.485+0800][17.473s][gc,heap     ] GC(285)      Live:         -                 4M (4%)            4M (4%)            4M (4%)             -                  -          
[2024-07-21T22:32:49.485+0800][17.473s][gc,heap     ] GC(285) Allocated:         -                 0M (0%)            0M (0%)            0M (0%)             -                  -          
[2024-07-21T22:32:49.485+0800][17.473s][gc,heap     ] GC(285)   Garbage:         -                47M (37%)           7M (6%)            5M (4%)             -                  -          
[2024-07-21T22:32:49.485+0800][17.473s][gc,heap     ] GC(285) Reclaimed:         -                  -                40M (31%)          42M (33%)            -                  -          
[2024-07-21T22:32:49.485+0800][17.473s][gc          ] GC(285) Garbage Collection (Allocation Rate) 52M(41%)->10M(8%)
[2024-07-21T22:32:49.571+0800][17.559s][gc,start    ] GC(286) Garbage Collection (Allocation Rate)
[2024-07-21T22:32:49.571+0800][17.559s][gc,task     ] GC(286) Using 1 workers
[2024-07-21T22:32:49.571+0800][17.560s][gc,phases   ] GC(286) Pause Mark Start 0.021ms
[2024-07-21T22:32:49.575+0800][17.564s][gc,phases   ] GC(286) Concurrent Mark 4.119ms
[2024-07-21T22:32:49.576+0800][17.564s][gc,phases   ] GC(286) Pause Mark End 0.009ms
[2024-07-21T22:32:49.576+0800][17.564s][gc,phases   ] GC(286) Concurrent Mark Free 0.001ms
[2024-07-21T22:32:49.577+0800][17.565s][gc,phases   ] GC(286) Concurrent Process Non-Strong References 1.346ms
[2024-07-21T22:32:49.577+0800][17.566s][gc,phases   ] GC(286) Concurrent Reset Relocation Set 0.001ms
[2024-07-21T22:32:49.579+0800][17.568s][gc          ] Allocation Stall (main) 6.981ms
[2024-07-21T22:32:49.579+0800][17.568s][gc,phases   ] GC(286) Concurrent Select Relocation Set 2.271ms
[2024-07-21T22:32:49.580+0800][17.568s][gc,phases   ] GC(286) Pause Relocate Start 0.024ms
[2024-07-21T22:32:49.580+0800][17.568s][gc,phases   ] GC(286) Concurrent Relocate 0.133ms
[2024-07-21T22:32:49.580+0800][17.569s][gc,load     ] GC(286) Load: 0.00/0.00/0.00
[2024-07-21T22:32:49.580+0800][17.569s][gc,mmu      ] GC(286) MMU: 2ms/96.5%, 5ms/98.4%, 10ms/99.1%, 20ms/99.5%, 50ms/99.7%, 100ms/99.9%
[2024-07-21T22:32:49.580+0800][17.569s][gc,marking  ] GC(286) Mark: 1 stripe(s), 2 proactive flush(es), 1 terminate flush(es), 0 completion(s), 0 continuation(s) 
[2024-07-21T22:32:49.580+0800][17.569s][gc,marking  ] GC(286) Mark Stack Usage: 32M
[2024-07-21T22:32:49.580+0800][17.569s][gc,nmethod  ] GC(286) NMethods: 472 registered, 0 unregistered
[2024-07-21T22:32:49.580+0800][17.569s][gc,metaspace] GC(286) Metaspace: 1M used, 1M committed, 1032M reserved
[2024-07-21T22:32:49.580+0800][17.569s][gc,ref      ] GC(286) Soft: 43 encountered, 0 discovered, 0 enqueued
[2024-07-21T22:32:49.580+0800][17.569s][gc,ref      ] GC(286) Weak: 131 encountered, 107 discovered, 0 enqueued
[2024-07-21T22:32:49.580+0800][17.569s][gc,ref      ] GC(286) Final: 0 encountered, 0 discovered, 0 enqueued
[2024-07-21T22:32:49.580+0800][17.569s][gc,ref      ] GC(286) Phantom: 184 encountered, 98 discovered, 0 enqueued
[2024-07-21T22:32:49.580+0800][17.569s][gc,reloc    ] GC(286) Small Pages: 4 / 8M, Empty: 2M, Relocated: 0M, In-Place: 0
[2024-07-21T22:32:49.580+0800][17.569s][gc,reloc    ] GC(286) Medium Pages: 1 / 4M, Empty: 0M, Relocated: 0M, In-Place: 0
[2024-07-21T22:32:49.580+0800][17.569s][gc,reloc    ] GC(286) Large Pages: 51 / 102M, Empty: 80M, Relocated: 0M, In-Place: 0
[2024-07-21T22:32:49.580+0800][17.569s][gc,reloc    ] GC(286) Forwarding Usage: 0M
[2024-07-21T22:32:49.580+0800][17.569s][gc,heap     ] GC(286) Min Capacity: 8M(6%)
[2024-07-21T22:32:49.580+0800][17.569s][gc,heap     ] GC(286) Max Capacity: 128M(100%)
[2024-07-21T22:32:49.580+0800][17.569s][gc,heap     ] GC(286) Soft Max Capacity: 128M(100%)
[2024-07-21T22:32:49.581+0800][17.569s][gc,heap     ] GC(286)                Mark Start          Mark End        Relocate Start      Relocate End           High               Low         
[2024-07-21T22:32:49.581+0800][17.569s][gc,heap     ] GC(286)  Capacity:      128M (100%)        128M (100%)        128M (100%)        128M (100%)        128M (100%)        128M (100%)   
[2024-07-21T22:32:49.581+0800][17.569s][gc,heap     ] GC(286)      Free:       14M (11%)           0M (0%)           76M (59%)          76M (59%)          82M (64%)           0M (0%)     
[2024-07-21T22:32:49.581+0800][17.569s][gc,heap     ] GC(286)      Used:      114M (89%)         128M (100%)         52M (41%)          52M (41%)         128M (100%)         46M (36%)    
[2024-07-21T22:32:49.581+0800][17.569s][gc,heap     ] GC(286)      Live:         -                26M (21%)          26M (21%)          26M (21%)            -                  -          
[2024-07-21T22:32:49.581+0800][17.569s][gc,heap     ] GC(286) Allocated:         -                14M (11%)          20M (16%)          20M (16%)            -                  -          
[2024-07-21T22:32:49.581+0800][17.569s][gc,heap     ] GC(286)   Garbage:         -                87M (68%)           5M (4%)            5M (4%)             -                  -          
[2024-07-21T22:32:49.581+0800][17.569s][gc,heap     ] GC(286) Reclaimed:         -                  -                82M (64%)          82M (64%)            -                  -          
[2024-07-21T22:32:49.581+0800][17.569s][gc          ] GC(286) Garbage Collection (Allocation Rate) 114M(89%)->52M(41%)
[2024-07-21T22:32:49.652+0800][17.641s][gc,start    ] GC(287) Garbage Collection (Allocation Stall)
[2024-07-21T22:32:49.652+0800][17.641s][gc,ref      ] GC(287) Clearing All SoftReferences
[2024-07-21T22:32:49.652+0800][17.641s][gc,task     ] GC(287) Using 1 workers
[2024-07-21T22:32:49.652+0800][17.641s][gc,phases   ] GC(287) Pause Mark Start 0.008ms
[2024-07-21T22:32:49.656+0800][17.645s][gc,phases   ] GC(287) Concurrent Mark 3.749ms
[2024-07-21T22:32:49.656+0800][17.645s][gc,phases   ] GC(287) Pause Mark End 0.024ms
[2024-07-21T22:32:49.657+0800][17.645s][gc,phases   ] GC(287) Concurrent Mark Free 0.001ms
[2024-07-21T22:32:49.658+0800][17.646s][gc,phases   ] GC(287) Concurrent Process Non-Strong References 1.365ms
[2024-07-21T22:32:49.658+0800][17.647s][gc,phases   ] GC(287) Concurrent Reset Relocation Set 0.001ms
[2024-07-21T22:32:49.662+0800][17.650s][gc          ] Allocation Stall (main) 9.700ms
[2024-07-21T22:32:49.662+0800][17.650s][gc,phases   ] GC(287) Concurrent Select Relocation Set 3.766ms
[2024-07-21T22:32:49.662+0800][17.651s][gc,phases   ] GC(287) Pause Relocate Start 0.009ms
[2024-07-21T22:32:49.662+0800][17.651s][gc,phases   ] GC(287) Concurrent Relocate 0.111ms
[2024-07-21T22:32:49.662+0800][17.651s][gc,load     ] GC(287) Load: 0.00/0.00/0.00
[2024-07-21T22:32:49.662+0800][17.651s][gc,mmu      ] GC(287) MMU: 2ms/96.5%, 5ms/98.4%, 10ms/99.1%, 20ms/99.5%, 50ms/99.7%, 100ms/99.9%
[2024-07-21T22:32:49.662+0800][17.651s][gc,marking  ] GC(287) Mark: 1 stripe(s), 1 proactive flush(es), 1 terminate flush(es), 0 completion(s), 0 continuation(s) 
[2024-07-21T22:32:49.662+0800][17.651s][gc,marking  ] GC(287) Mark Stack Usage: 32M
[2024-07-21T22:32:49.662+0800][17.651s][gc,nmethod  ] GC(287) NMethods: 472 registered, 0 unregistered
[2024-07-21T22:32:49.662+0800][17.651s][gc,metaspace] GC(287) Metaspace: 1M used, 1M committed, 1032M reserved
[2024-07-21T22:32:49.662+0800][17.651s][gc,ref      ] GC(287) Soft: 43 encountered, 20 discovered, 0 enqueued
[2024-07-21T22:32:49.662+0800][17.651s][gc,ref      ] GC(287) Weak: 131 encountered, 107 discovered, 0 enqueued
[2024-07-21T22:32:49.662+0800][17.651s][gc,ref      ] GC(287) Final: 0 encountered, 0 discovered, 0 enqueued
[2024-07-21T22:32:49.662+0800][17.651s][gc,ref      ] GC(287) Phantom: 184 encountered, 98 discovered, 0 enqueued
[2024-07-21T22:32:49.662+0800][17.651s][gc,reloc    ] GC(287) Small Pages: 4 / 8M, Empty: 2M, Relocated: 0M, In-Place: 0
[2024-07-21T22:32:49.662+0800][17.651s][gc,reloc    ] GC(287) Medium Pages: 1 / 4M, Empty: 0M, Relocated: 0M, In-Place: 0
[2024-07-21T22:32:49.662+0800][17.651s][gc,reloc    ] GC(287) Large Pages: 58 / 116M, Empty: 80M, Relocated: 0M, In-Place: 0
[2024-07-21T22:32:49.663+0800][17.651s][gc,reloc    ] GC(287) Forwarding Usage: 0M
[2024-07-21T22:32:49.663+0800][17.651s][gc,heap     ] GC(287) Min Capacity: 8M(6%)
[2024-07-21T22:32:49.663+0800][17.651s][gc,heap     ] GC(287) Max Capacity: 128M(100%)
[2024-07-21T22:32:49.663+0800][17.651s][gc,heap     ] GC(287) Soft Max Capacity: 128M(100%)
[2024-07-21T22:32:49.663+0800][17.651s][gc,heap     ] GC(287)                Mark Start          Mark End        Relocate Start      Relocate End           High               Low         
[2024-07-21T22:32:49.663+0800][17.651s][gc,heap     ] GC(287)  Capacity:      128M (100%)        128M (100%)        128M (100%)        128M (100%)        128M (100%)        128M (100%)   
[2024-07-21T22:32:49.663+0800][17.651s][gc,heap     ] GC(287)      Free:        0M (0%)            0M (0%)           80M (62%)          80M (62%)          82M (64%)           0M (0%)     
[2024-07-21T22:32:49.663+0800][17.651s][gc,heap     ] GC(287)      Used:      128M (100%)        128M (100%)         48M (38%)          48M (38%)         128M (100%)         46M (36%)    
[2024-07-21T22:32:49.663+0800][17.651s][gc,heap     ] GC(287)      Live:         -                40M (32%)          40M (32%)          40M (32%)            -                  -          
[2024-07-21T22:32:49.663+0800][17.651s][gc,heap     ] GC(287) Allocated:         -                 0M (0%)            2M (2%)            2M (2%)             -                  -          
[2024-07-21T22:32:49.663+0800][17.651s][gc,heap     ] GC(287)   Garbage:         -                87M (68%)           5M (4%)            5M (4%)             -                  -          
[2024-07-21T22:32:49.663+0800][17.651s][gc,heap     ] GC(287) Reclaimed:         -                  -                82M (64%)          82M (64%)            -                  -          
[2024-07-21T22:32:49.663+0800][17.651s][gc          ] GC(287) Garbage Collection (Allocation Stall) 128M(100%)->48M(38%)
[2024-07-21T22:32:49.667+0800][17.655s][gc,start    ] GC(288) Garbage Collection (Allocation Rate)
[2024-07-21T22:32:49.667+0800][17.655s][gc,task     ] GC(288) Using 1 workers
[2024-07-21T22:32:49.667+0800][17.655s][gc,phases   ] GC(288) Pause Mark Start 0.015ms
[2024-07-21T22:32:49.671+0800][17.659s][gc,phases   ] GC(288) Concurrent Mark 3.765ms
[2024-07-21T22:32:49.671+0800][17.660s][gc,phases   ] GC(288) Pause Mark End 0.009ms
[2024-07-21T22:32:49.671+0800][17.660s][gc,phases   ] GC(288) Concurrent Mark Free 0.001ms
[2024-07-21T22:32:49.672+0800][17.661s][gc,phases   ] GC(288) Concurrent Process Non-Strong References 1.161ms
[2024-07-21T22:32:49.672+0800][17.661s][gc,phases   ] GC(288) Concurrent Reset Relocation Set 0.000ms
[2024-07-21T22:32:49.675+0800][17.663s][gc,phases   ] GC(288) Concurrent Select Relocation Set 2.077ms
[2024-07-21T22:32:49.675+0800][17.663s][gc,phases   ] GC(288) Pause Relocate Start 0.005ms
[2024-07-21T22:32:49.675+0800][17.664s][gc,phases   ] GC(288) Concurrent Relocate 0.644ms
[2024-07-21T22:32:49.675+0800][17.664s][gc,load     ] GC(288) Load: 0.00/0.00/0.00
[2024-07-21T22:32:49.675+0800][17.664s][gc,mmu      ] GC(288) MMU: 2ms/96.5%, 5ms/98.4%, 10ms/99.1%, 20ms/99.5%, 50ms/99.7%, 100ms/99.9%
[2024-07-21T22:32:49.675+0800][17.664s][gc,marking  ] GC(288) Mark: 1 stripe(s), 1 proactive flush(es), 1 terminate flush(es), 0 completion(s), 0 continuation(s) 
[2024-07-21T22:32:49.675+0800][17.664s][gc,marking  ] GC(288) Mark Stack Usage: 32M
[2024-07-21T22:32:49.675+0800][17.664s][gc,nmethod  ] GC(288) NMethods: 472 registered, 0 unregistered
[2024-07-21T22:32:49.675+0800][17.664s][gc,metaspace] GC(288) Metaspace: 1M used, 1M committed, 1032M reserved
[2024-07-21T22:32:49.675+0800][17.664s][gc,ref      ] GC(288) Soft: 43 encountered, 0 discovered, 0 enqueued
[2024-07-21T22:32:49.676+0800][17.664s][gc,ref      ] GC(288) Weak: 131 encountered, 107 discovered, 0 enqueued
[2024-07-21T22:32:49.676+0800][17.664s][gc,ref      ] GC(288) Final: 0 encountered, 0 discovered, 0 enqueued
[2024-07-21T22:32:49.676+0800][17.664s][gc,ref      ] GC(288) Phantom: 184 encountered, 98 discovered, 0 enqueued
[2024-07-21T22:32:49.676+0800][17.664s][gc,reloc    ] GC(288) Small Pages: 4 / 8M, Empty: 0M, Relocated: 1M, In-Place: 0
[2024-07-21T22:32:49.676+0800][17.664s][gc,reloc    ] GC(288) Medium Pages: 1 / 4M, Empty: 0M, Relocated: 0M, In-Place: 0
[2024-07-21T22:32:49.676+0800][17.664s][gc,reloc    ] GC(288) Large Pages: 20 / 40M, Empty: 40M, Relocated: 0M, In-Place: 0
[2024-07-21T22:32:49.676+0800][17.664s][gc,reloc    ] GC(288) Forwarding Usage: 0M
[2024-07-21T22:32:49.676+0800][17.664s][gc,heap     ] GC(288) Min Capacity: 8M(6%)
[2024-07-21T22:32:49.676+0800][17.664s][gc,heap     ] GC(288) Max Capacity: 128M(100%)
[2024-07-21T22:32:49.676+0800][17.664s][gc,heap     ] GC(288) Soft Max Capacity: 128M(100%)
[2024-07-21T22:32:49.676+0800][17.664s][gc,heap     ] GC(288)                Mark Start          Mark End        Relocate Start      Relocate End           High               Low         
[2024-07-21T22:32:49.676+0800][17.664s][gc,heap     ] GC(288)  Capacity:      128M (100%)        128M (100%)        128M (100%)        128M (100%)        128M (100%)        128M (100%)   
[2024-07-21T22:32:49.676+0800][17.664s][gc,heap     ] GC(288)      Free:       76M (59%)          76M (59%)         116M (91%)         118M (92%)         118M (92%)          76M (59%)    
[2024-07-21T22:32:49.676+0800][17.664s][gc,heap     ] GC(288)      Used:       52M (41%)          52M (41%)          12M (9%)           10M (8%)           52M (41%)          10M (8%)     
[2024-07-21T22:32:49.676+0800][17.664s][gc,heap     ] GC(288)      Live:         -                 4M (4%)            4M (4%)            4M (4%)             -                  -          
[2024-07-21T22:32:49.676+0800][17.664s][gc,heap     ] GC(288) Allocated:         -                 0M (0%)            0M (0%)            0M (0%)             -                  -          
[2024-07-21T22:32:49.676+0800][17.664s][gc,heap     ] GC(288)   Garbage:         -                47M (37%)           7M (6%)            5M (4%)             -                  -          
[2024-07-21T22:32:49.676+0800][17.664s][gc,heap     ] GC(288) Reclaimed:         -                  -                40M (31%)          42M (33%)            -                  -          
[2024-07-21T22:32:49.676+0800][17.664s][gc          ] GC(288) Garbage Collection (Allocation Rate) 52M(41%)->10M(8%)
[2024-07-21T22:32:49.762+0800][17.750s][gc,start    ] GC(289) Garbage Collection (Allocation Stall)
[2024-07-21T22:32:49.762+0800][17.750s][gc,ref      ] GC(289) Clearing All SoftReferences
[2024-07-21T22:32:49.762+0800][17.750s][gc,task     ] GC(289) Using 1 workers
[2024-07-21T22:32:49.762+0800][17.751s][gc,phases   ] GC(289) Pause Mark Start 0.006ms
[2024-07-21T22:32:49.766+0800][17.754s][gc,phases   ] GC(289) Concurrent Mark 3.552ms
[2024-07-21T22:32:49.766+0800][17.754s][gc,phases   ] GC(289) Pause Mark End 0.005ms
[2024-07-21T22:32:49.766+0800][17.754s][gc,phases   ] GC(289) Concurrent Mark Free 0.001ms
[2024-07-21T22:32:49.768+0800][17.756s][gc,phases   ] GC(289) Concurrent Process Non-Strong References 1.102ms
[2024-07-21T22:32:49.768+0800][17.756s][gc,phases   ] GC(289) Concurrent Reset Relocation Set 0.001ms
[2024-07-21T22:32:49.769+0800][17.757s][gc          ] Allocation Stall (main) 7.184ms
[2024-07-21T22:32:49.769+0800][17.757s][gc,phases   ] GC(289) Concurrent Select Relocation Set 1.815ms
[2024-07-21T22:32:49.770+0800][17.758s][gc,phases   ] GC(289) Pause Relocate Start 0.004ms
[2024-07-21T22:32:49.770+0800][17.758s][gc,phases   ] GC(289) Concurrent Relocate 0.110ms
[2024-07-21T22:32:49.770+0800][17.758s][gc,load     ] GC(289) Load: 0.00/0.00/0.00
[2024-07-21T22:32:49.770+0800][17.758s][gc,mmu      ] GC(289) MMU: 2ms/96.5%, 5ms/98.4%, 10ms/99.1%, 20ms/99.5%, 50ms/99.7%, 100ms/99.9%
[2024-07-21T22:32:49.770+0800][17.758s][gc,marking  ] GC(289) Mark: 1 stripe(s), 1 proactive flush(es), 1 terminate flush(es), 0 completion(s), 0 continuation(s) 
[2024-07-21T22:32:49.770+0800][17.758s][gc,marking  ] GC(289) Mark Stack Usage: 32M
[2024-07-21T22:32:49.770+0800][17.758s][gc,nmethod  ] GC(289) NMethods: 472 registered, 0 unregistered
[2024-07-21T22:32:49.770+0800][17.758s][gc,metaspace] GC(289) Metaspace: 1M used, 1M committed, 1032M reserved
[2024-07-21T22:32:49.770+0800][17.758s][gc,ref      ] GC(289) Soft: 43 encountered, 20 discovered, 0 enqueued
[2024-07-21T22:32:49.770+0800][17.758s][gc,ref      ] GC(289) Weak: 131 encountered, 107 discovered, 0 enqueued
[2024-07-21T22:32:49.770+0800][17.758s][gc,ref      ] GC(289) Final: 0 encountered, 0 discovered, 0 enqueued
[2024-07-21T22:32:49.770+0800][17.758s][gc,ref      ] GC(289) Phantom: 184 encountered, 98 discovered, 0 enqueued
[2024-07-21T22:32:49.770+0800][17.758s][gc,reloc    ] GC(289) Small Pages: 4 / 8M, Empty: 2M, Relocated: 0M, In-Place: 0
[2024-07-21T22:32:49.770+0800][17.758s][gc,reloc    ] GC(289) Medium Pages: 1 / 4M, Empty: 0M, Relocated: 0M, In-Place: 0
[2024-07-21T22:32:49.770+0800][17.758s][gc,reloc    ] GC(289) Large Pages: 58 / 116M, Empty: 80M, Relocated: 0M, In-Place: 0
[2024-07-21T22:32:49.770+0800][17.758s][gc,reloc    ] GC(289) Forwarding Usage: 0M
[2024-07-21T22:32:49.770+0800][17.758s][gc,heap     ] GC(289) Min Capacity: 8M(6%)
[2024-07-21T22:32:49.770+0800][17.758s][gc,heap     ] GC(289) Max Capacity: 128M(100%)
[2024-07-21T22:32:49.770+0800][17.758s][gc,heap     ] GC(289) Soft Max Capacity: 128M(100%)
[2024-07-21T22:32:49.770+0800][17.758s][gc,heap     ] GC(289)                Mark Start          Mark End        Relocate Start      Relocate End           High               Low         
[2024-07-21T22:32:49.770+0800][17.758s][gc,heap     ] GC(289)  Capacity:      128M (100%)        128M (100%)        128M (100%)        128M (100%)        128M (100%)        128M (100%)   
[2024-07-21T22:32:49.770+0800][17.758s][gc,heap     ] GC(289)      Free:        0M (0%)            0M (0%)           78M (61%)          76M (59%)          82M (64%)           0M (0%)     
[2024-07-21T22:32:49.770+0800][17.758s][gc,heap     ] GC(289)      Used:      128M (100%)        128M (100%)         50M (39%)          52M (41%)         128M (100%)         46M (36%)    
[2024-07-21T22:32:49.770+0800][17.758s][gc,heap     ] GC(289)      Live:         -                40M (32%)          40M (32%)          40M (32%)            -                  -          
[2024-07-21T22:32:49.770+0800][17.758s][gc,heap     ] GC(289) Allocated:         -                 0M (0%)            4M (3%)            6M (5%)             -                  -          
[2024-07-21T22:32:49.770+0800][17.758s][gc,heap     ] GC(289)   Garbage:         -                87M (68%)           5M (4%)            5M (4%)             -                  -          
[2024-07-21T22:32:49.770+0800][17.758s][gc,heap     ] GC(289) Reclaimed:         -                  -                82M (64%)          82M (64%)            -                  -          
[2024-07-21T22:32:49.770+0800][17.758s][gc          ] GC(289) Garbage Collection (Allocation Stall) 128M(100%)->52M(41%)
[2024-07-21T22:32:49.777+0800][17.765s][gc,start    ] GC(290) Garbage Collection (Allocation Rate)
[2024-07-21T22:32:49.777+0800][17.765s][gc,task     ] GC(290) Using 1 workers
[2024-07-21T22:32:49.777+0800][17.765s][gc,phases   ] GC(290) Pause Mark Start 0.008ms
[2024-07-21T22:32:49.780+0800][17.768s][gc,phases   ] GC(290) Concurrent Mark 3.073ms
[2024-07-21T22:32:49.781+0800][17.769s][gc,phases   ] GC(290) Pause Mark End 0.010ms
[2024-07-21T22:32:49.781+0800][17.769s][gc,phases   ] GC(290) Concurrent Mark Free 0.001ms
[2024-07-21T22:32:49.782+0800][17.770s][gc,phases   ] GC(290) Concurrent Process Non-Strong References 0.962ms
[2024-07-21T22:32:49.782+0800][17.770s][gc,phases   ] GC(290) Concurrent Reset Relocation Set 0.000ms
[2024-07-21T22:32:49.784+0800][17.772s][gc,phases   ] GC(290) Concurrent Select Relocation Set 2.265ms
[2024-07-21T22:32:49.784+0800][17.772s][gc,phases   ] GC(290) Pause Relocate Start 0.008ms
[2024-07-21T22:32:49.785+0800][17.773s][gc,phases   ] GC(290) Concurrent Relocate 0.622ms
[2024-07-21T22:32:49.785+0800][17.773s][gc,load     ] GC(290) Load: 0.00/0.00/0.00
[2024-07-21T22:32:49.785+0800][17.773s][gc,mmu      ] GC(290) MMU: 2ms/96.5%, 5ms/98.4%, 10ms/99.1%, 20ms/99.5%, 50ms/99.7%, 100ms/99.9%
[2024-07-21T22:32:49.785+0800][17.773s][gc,marking  ] GC(290) Mark: 1 stripe(s), 1 proactive flush(es), 1 terminate flush(es), 0 completion(s), 0 continuation(s) 
[2024-07-21T22:32:49.785+0800][17.773s][gc,marking  ] GC(290) Mark Stack Usage: 32M
[2024-07-21T22:32:49.785+0800][17.773s][gc,nmethod  ] GC(290) NMethods: 472 registered, 0 unregistered
[2024-07-21T22:32:49.785+0800][17.773s][gc,metaspace] GC(290) Metaspace: 1M used, 1M committed, 1032M reserved
[2024-07-21T22:32:49.785+0800][17.773s][gc,ref      ] GC(290) Soft: 43 encountered, 0 discovered, 0 enqueued
[2024-07-21T22:32:49.785+0800][17.773s][gc,ref      ] GC(290) Weak: 131 encountered, 107 discovered, 0 enqueued
[2024-07-21T22:32:49.785+0800][17.773s][gc,ref      ] GC(290) Final: 0 encountered, 0 discovered, 0 enqueued
[2024-07-21T22:32:49.785+0800][17.773s][gc,ref      ] GC(290) Phantom: 184 encountered, 98 discovered, 0 enqueued
[2024-07-21T22:32:49.785+0800][17.773s][gc,reloc    ] GC(290) Small Pages: 4 / 8M, Empty: 0M, Relocated: 1M, In-Place: 0
[2024-07-21T22:32:49.785+0800][17.773s][gc,reloc    ] GC(290) Medium Pages: 1 / 4M, Empty: 0M, Relocated: 0M, In-Place: 0
[2024-07-21T22:32:49.785+0800][17.773s][gc,reloc    ] GC(290) Large Pages: 20 / 40M, Empty: 40M, Relocated: 0M, In-Place: 0
[2024-07-21T22:32:49.785+0800][17.773s][gc,reloc    ] GC(290) Forwarding Usage: 0M
[2024-07-21T22:32:49.785+0800][17.773s][gc,heap     ] GC(290) Min Capacity: 8M(6%)
[2024-07-21T22:32:49.785+0800][17.773s][gc,heap     ] GC(290) Max Capacity: 128M(100%)
[2024-07-21T22:32:49.785+0800][17.773s][gc,heap     ] GC(290) Soft Max Capacity: 128M(100%)
[2024-07-21T22:32:49.785+0800][17.773s][gc,heap     ] GC(290)                Mark Start          Mark End        Relocate Start      Relocate End           High               Low         
[2024-07-21T22:32:49.785+0800][17.773s][gc,heap     ] GC(290)  Capacity:      128M (100%)        128M (100%)        128M (100%)        128M (100%)        128M (100%)        128M (100%)   
[2024-07-21T22:32:49.785+0800][17.773s][gc,heap     ] GC(290)      Free:       76M (59%)          76M (59%)         116M (91%)         118M (92%)         118M (92%)          76M (59%)    
[2024-07-21T22:32:49.785+0800][17.773s][gc,heap     ] GC(290)      Used:       52M (41%)          52M (41%)          12M (9%)           10M (8%)           52M (41%)          10M (8%)     
[2024-07-21T22:32:49.785+0800][17.773s][gc,heap     ] GC(290)      Live:         -                 4M (4%)            4M (4%)            4M (4%)             -                  -          
[2024-07-21T22:32:49.785+0800][17.773s][gc,heap     ] GC(290) Allocated:         -                 0M (0%)            0M (0%)            0M (0%)             -                  -          
[2024-07-21T22:32:49.785+0800][17.773s][gc,heap     ] GC(290)   Garbage:         -                47M (37%)           7M (6%)            5M (4%)             -                  -          
[2024-07-21T22:32:49.785+0800][17.773s][gc,heap     ] GC(290) Reclaimed:         -                  -                40M (31%)          42M (33%)            -                  -          
[2024-07-21T22:32:49.785+0800][17.773s][gc          ] GC(290) Garbage Collection (Allocation Rate) 52M(41%)->10M(8%)
[2024-07-21T22:32:49.872+0800][17.860s][gc,start    ] GC(291) Garbage Collection (Allocation Rate)
[2024-07-21T22:32:49.872+0800][17.860s][gc,task     ] GC(291) Using 1 workers
[2024-07-21T22:32:49.872+0800][17.860s][gc,phases   ] GC(291) Pause Mark Start 0.022ms
[2024-07-21T22:32:49.877+0800][17.865s][gc,phases   ] GC(291) Concurrent Mark 4.541ms
[2024-07-21T22:32:49.877+0800][17.865s][gc,phases   ] GC(291) Pause Mark End 0.010ms
[2024-07-21T22:32:49.877+0800][17.865s][gc,phases   ] GC(291) Concurrent Mark Free 0.001ms
[2024-07-21T22:32:49.878+0800][17.866s][gc,phases   ] GC(291) Concurrent Process Non-Strong References 1.049ms
[2024-07-21T22:32:49.878+0800][17.866s][gc,phases   ] GC(291) Concurrent Reset Relocation Set 0.001ms
[2024-07-21T22:32:49.881+0800][17.869s][gc          ] Allocation Stall (main) 6.763ms
[2024-07-21T22:32:49.881+0800][17.869s][gc,phases   ] GC(291) Concurrent Select Relocation Set 2.371ms
[2024-07-21T22:32:49.881+0800][17.869s][gc,phases   ] GC(291) Pause Relocate Start 0.007ms
[2024-07-21T22:32:49.881+0800][17.869s][gc,phases   ] GC(291) Concurrent Relocate 0.080ms
[2024-07-21T22:32:49.881+0800][17.869s][gc,load     ] GC(291) Load: 0.00/0.00/0.00
[2024-07-21T22:32:49.881+0800][17.869s][gc,mmu      ] GC(291) MMU: 2ms/96.5%, 5ms/98.4%, 10ms/99.1%, 20ms/99.5%, 50ms/99.7%, 100ms/99.9%
[2024-07-21T22:32:49.881+0800][17.869s][gc,marking  ] GC(291) Mark: 1 stripe(s), 2 proactive flush(es), 1 terminate flush(es), 0 completion(s), 0 continuation(s) 
[2024-07-21T22:32:49.881+0800][17.869s][gc,marking  ] GC(291) Mark Stack Usage: 32M
[2024-07-21T22:32:49.881+0800][17.869s][gc,nmethod  ] GC(291) NMethods: 472 registered, 0 unregistered
[2024-07-21T22:32:49.881+0800][17.869s][gc,metaspace] GC(291) Metaspace: 1M used, 1M committed, 1032M reserved
[2024-07-21T22:32:49.881+0800][17.869s][gc,ref      ] GC(291) Soft: 43 encountered, 0 discovered, 0 enqueued
[2024-07-21T22:32:49.881+0800][17.869s][gc,ref      ] GC(291) Weak: 131 encountered, 107 discovered, 0 enqueued
[2024-07-21T22:32:49.881+0800][17.869s][gc,ref      ] GC(291) Final: 0 encountered, 0 discovered, 0 enqueued
[2024-07-21T22:32:49.881+0800][17.869s][gc,ref      ] GC(291) Phantom: 184 encountered, 98 discovered, 0 enqueued
[2024-07-21T22:32:49.881+0800][17.869s][gc,reloc    ] GC(291) Small Pages: 4 / 8M, Empty: 2M, Relocated: 0M, In-Place: 0
[2024-07-21T22:32:49.881+0800][17.869s][gc,reloc    ] GC(291) Medium Pages: 1 / 4M, Empty: 0M, Relocated: 0M, In-Place: 0
[2024-07-21T22:32:49.881+0800][17.870s][gc,reloc    ] GC(291) Large Pages: 51 / 102M, Empty: 80M, Relocated: 0M, In-Place: 0
[2024-07-21T22:32:49.881+0800][17.870s][gc,reloc    ] GC(291) Forwarding Usage: 0M
[2024-07-21T22:32:49.881+0800][17.870s][gc,heap     ] GC(291) Min Capacity: 8M(6%)
[2024-07-21T22:32:49.882+0800][17.870s][gc,heap     ] GC(291) Max Capacity: 128M(100%)
[2024-07-21T22:32:49.882+0800][17.870s][gc,heap     ] GC(291) Soft Max Capacity: 128M(100%)
[2024-07-21T22:32:49.882+0800][17.870s][gc,heap     ] GC(291)                Mark Start          Mark End        Relocate Start      Relocate End           High               Low         
[2024-07-21T22:32:49.882+0800][17.870s][gc,heap     ] GC(291)  Capacity:      128M (100%)        128M (100%)        128M (100%)        128M (100%)        128M (100%)        128M (100%)   
[2024-07-21T22:32:49.882+0800][17.870s][gc,heap     ] GC(291)      Free:       14M (11%)           0M (0%)           80M (62%)          78M (61%)          82M (64%)           0M (0%)     
[2024-07-21T22:32:49.882+0800][17.870s][gc,heap     ] GC(291)      Used:      114M (89%)         128M (100%)         48M (38%)          50M (39%)         128M (100%)         46M (36%)    
[2024-07-21T22:32:49.882+0800][17.870s][gc,heap     ] GC(291)      Live:         -                26M (21%)          26M (21%)          26M (21%)            -                  -          
[2024-07-21T22:32:49.882+0800][17.870s][gc,heap     ] GC(291) Allocated:         -                14M (11%)          16M (12%)          18M (14%)            -                  -          
[2024-07-21T22:32:49.882+0800][17.870s][gc,heap     ] GC(291)   Garbage:         -                87M (68%)           5M (4%)            5M (4%)             -                  -          
[2024-07-21T22:32:49.882+0800][17.870s][gc,heap     ] GC(291) Reclaimed:         -                  -                82M (64%)          82M (64%)            -                  -          
[2024-07-21T22:32:49.882+0800][17.870s][gc          ] GC(291) Garbage Collection (Allocation Rate) 114M(89%)->50M(39%)
[2024-07-21T22:32:49.951+0800][17.939s][gc,start    ] GC(292) Garbage Collection (Allocation Stall)
[2024-07-21T22:32:49.951+0800][17.939s][gc,ref      ] GC(292) Clearing All SoftReferences
[2024-07-21T22:32:49.951+0800][17.939s][gc,task     ] GC(292) Using 1 workers
[2024-07-21T22:32:49.951+0800][17.939s][gc,phases   ] GC(292) Pause Mark Start 0.006ms
[2024-07-21T22:32:49.954+0800][17.942s][gc,phases   ] GC(292) Concurrent Mark 3.279ms
[2024-07-21T22:32:49.955+0800][17.943s][gc,phases   ] GC(292) Pause Mark End 0.012ms
[2024-07-21T22:32:49.955+0800][17.943s][gc,phases   ] GC(292) Concurrent Mark Free 0.001ms
[2024-07-21T22:32:49.956+0800][17.944s][gc,phases   ] GC(292) Concurrent Process Non-Strong References 1.087ms
[2024-07-21T22:32:49.956+0800][17.944s][gc,phases   ] GC(292) Concurrent Reset Relocation Set 0.000ms
[2024-07-21T22:32:49.958+0800][17.946s][gc          ] Allocation Stall (main) 6.899ms
[2024-07-21T22:32:49.958+0800][17.946s][gc,phases   ] GC(292) Concurrent Select Relocation Set 1.772ms
[2024-07-21T22:32:49.958+0800][17.946s][gc,phases   ] GC(292) Pause Relocate Start 0.004ms
[2024-07-21T22:32:49.958+0800][17.946s][gc,phases   ] GC(292) Concurrent Relocate 0.109ms
[2024-07-21T22:32:49.958+0800][17.946s][gc,load     ] GC(292) Load: 0.00/0.00/0.00
[2024-07-21T22:32:49.958+0800][17.946s][gc,mmu      ] GC(292) MMU: 2ms/96.5%, 5ms/98.4%, 10ms/99.1%, 20ms/99.5%, 50ms/99.7%, 100ms/99.9%
[2024-07-21T22:32:49.958+0800][17.946s][gc,marking  ] GC(292) Mark: 1 stripe(s), 1 proactive flush(es), 1 terminate flush(es), 0 completion(s), 0 continuation(s) 
[2024-07-21T22:32:49.958+0800][17.946s][gc,marking  ] GC(292) Mark Stack Usage: 32M
[2024-07-21T22:32:49.958+0800][17.946s][gc,nmethod  ] GC(292) NMethods: 472 registered, 0 unregistered
[2024-07-21T22:32:49.958+0800][17.946s][gc,metaspace] GC(292) Metaspace: 1M used, 1M committed, 1032M reserved
[2024-07-21T22:32:49.958+0800][17.946s][gc,ref      ] GC(292) Soft: 43 encountered, 20 discovered, 0 enqueued
[2024-07-21T22:32:49.958+0800][17.946s][gc,ref      ] GC(292) Weak: 131 encountered, 107 discovered, 0 enqueued
[2024-07-21T22:32:49.958+0800][17.946s][gc,ref      ] GC(292) Final: 0 encountered, 0 discovered, 0 enqueued
[2024-07-21T22:32:49.958+0800][17.946s][gc,ref      ] GC(292) Phantom: 184 encountered, 98 discovered, 0 enqueued
[2024-07-21T22:32:49.958+0800][17.946s][gc,reloc    ] GC(292) Small Pages: 4 / 8M, Empty: 2M, Relocated: 0M, In-Place: 0
[2024-07-21T22:32:49.958+0800][17.946s][gc,reloc    ] GC(292) Medium Pages: 1 / 4M, Empty: 0M, Relocated: 0M, In-Place: 0
[2024-07-21T22:32:49.958+0800][17.946s][gc,reloc    ] GC(292) Large Pages: 58 / 116M, Empty: 80M, Relocated: 0M, In-Place: 0
[2024-07-21T22:32:49.958+0800][17.946s][gc,reloc    ] GC(292) Forwarding Usage: 0M
[2024-07-21T22:32:49.958+0800][17.946s][gc,heap     ] GC(292) Min Capacity: 8M(6%)
[2024-07-21T22:32:49.958+0800][17.946s][gc,heap     ] GC(292) Max Capacity: 128M(100%)
[2024-07-21T22:32:49.958+0800][17.946s][gc,heap     ] GC(292) Soft Max Capacity: 128M(100%)
[2024-07-21T22:32:49.958+0800][17.946s][gc,heap     ] GC(292)                Mark Start          Mark End        Relocate Start      Relocate End           High               Low         
[2024-07-21T22:32:49.958+0800][17.946s][gc,heap     ] GC(292)  Capacity:      128M (100%)        128M (100%)        128M (100%)        128M (100%)        128M (100%)        128M (100%)   
[2024-07-21T22:32:49.958+0800][17.947s][gc,heap     ] GC(292)      Free:        0M (0%)            0M (0%)           80M (62%)          80M (62%)          82M (64%)           0M (0%)     
[2024-07-21T22:32:49.958+0800][17.947s][gc,heap     ] GC(292)      Used:      128M (100%)        128M (100%)         48M (38%)          48M (38%)         128M (100%)         46M (36%)    
[2024-07-21T22:32:49.958+0800][17.947s][gc,heap     ] GC(292)      Live:         -                40M (32%)          40M (32%)          40M (32%)            -                  -          
[2024-07-21T22:32:49.959+0800][17.947s][gc,heap     ] GC(292) Allocated:         -                 0M (0%)            2M (2%)            2M (2%)             -                  -          
[2024-07-21T22:32:49.959+0800][17.947s][gc,heap     ] GC(292)   Garbage:         -                87M (68%)           5M (4%)            5M (4%)             -                  -          
[2024-07-21T22:32:49.959+0800][17.947s][gc,heap     ] GC(292) Reclaimed:         -                  -                82M (64%)          82M (64%)            -                  -          
[2024-07-21T22:32:49.959+0800][17.947s][gc          ] GC(292) Garbage Collection (Allocation Stall) 128M(100%)->48M(38%)
[2024-07-21T22:32:49.981+0800][17.969s][gc,start    ] GC(293) Garbage Collection (Allocation Rate)
[2024-07-21T22:32:49.981+0800][17.969s][gc,task     ] GC(293) Using 1 workers
[2024-07-21T22:32:49.981+0800][17.969s][gc,phases   ] GC(293) Pause Mark Start 0.008ms
[2024-07-21T22:32:49.985+0800][17.973s][gc,phases   ] GC(293) Concurrent Mark 3.438ms
[2024-07-21T22:32:49.985+0800][17.973s][gc,phases   ] GC(293) Pause Mark End 0.008ms
[2024-07-21T22:32:49.985+0800][17.973s][gc,phases   ] GC(293) Concurrent Mark Free 0.001ms
[2024-07-21T22:32:49.986+0800][17.974s][gc,phases   ] GC(293) Concurrent Process Non-Strong References 1.065ms
[2024-07-21T22:32:49.986+0800][17.974s][gc,phases   ] GC(293) Concurrent Reset Relocation Set 0.000ms
[2024-07-21T22:32:49.988+0800][17.976s][gc,phases   ] GC(293) Concurrent Select Relocation Set 1.804ms
[2024-07-21T22:32:49.988+0800][17.976s][gc,phases   ] GC(293) Pause Relocate Start 0.004ms
[2024-07-21T22:32:49.989+0800][17.977s][gc,phases   ] GC(293) Concurrent Relocate 0.106ms
[2024-07-21T22:32:49.989+0800][17.977s][gc,load     ] GC(293) Load: 0.00/0.00/0.00
[2024-07-21T22:32:49.989+0800][17.977s][gc,mmu      ] GC(293) MMU: 2ms/96.5%, 5ms/98.4%, 10ms/99.1%, 20ms/99.5%, 50ms/99.7%, 100ms/99.9%
[2024-07-21T22:32:49.989+0800][17.977s][gc,marking  ] GC(293) Mark: 1 stripe(s), 2 proactive flush(es), 1 terminate flush(es), 0 completion(s), 0 continuation(s) 
[2024-07-21T22:32:49.989+0800][17.977s][gc,marking  ] GC(293) Mark Stack Usage: 32M
[2024-07-21T22:32:49.989+0800][17.977s][gc,nmethod  ] GC(293) NMethods: 472 registered, 0 unregistered
[2024-07-21T22:32:49.989+0800][17.977s][gc,metaspace] GC(293) Metaspace: 1M used, 1M committed, 1032M reserved
[2024-07-21T22:32:49.989+0800][17.977s][gc,ref      ] GC(293) Soft: 43 encountered, 0 discovered, 0 enqueued
[2024-07-21T22:32:49.989+0800][17.977s][gc,ref      ] GC(293) Weak: 131 encountered, 107 discovered, 0 enqueued
[2024-07-21T22:32:49.989+0800][17.977s][gc,ref      ] GC(293) Final: 0 encountered, 0 discovered, 0 enqueued
[2024-07-21T22:32:49.989+0800][17.977s][gc,ref      ] GC(293) Phantom: 184 encountered, 98 discovered, 0 enqueued
[2024-07-21T22:32:49.989+0800][17.977s][gc,reloc    ] GC(293) Small Pages: 4 / 8M, Empty: 2M, Relocated: 0M, In-Place: 0
[2024-07-21T22:32:49.989+0800][17.977s][gc,reloc    ] GC(293) Medium Pages: 1 / 4M, Empty: 0M, Relocated: 0M, In-Place: 0
[2024-07-21T22:32:49.989+0800][17.977s][gc,reloc    ] GC(293) Large Pages: 22 / 44M, Empty: 40M, Relocated: 0M, In-Place: 0
[2024-07-21T22:32:49.989+0800][17.977s][gc,reloc    ] GC(293) Forwarding Usage: 0M
[2024-07-21T22:32:49.989+0800][17.977s][gc,heap     ] GC(293) Min Capacity: 8M(6%)
[2024-07-21T22:32:49.989+0800][17.977s][gc,heap     ] GC(293) Max Capacity: 128M(100%)
[2024-07-21T22:32:49.989+0800][17.977s][gc,heap     ] GC(293) Soft Max Capacity: 128M(100%)
[2024-07-21T22:32:49.989+0800][17.977s][gc,heap     ] GC(293)                Mark Start          Mark End        Relocate Start      Relocate End           High               Low         
[2024-07-21T22:32:49.989+0800][17.977s][gc,heap     ] GC(293)  Capacity:      128M (100%)        128M (100%)        128M (100%)        128M (100%)        128M (100%)        128M (100%)   
[2024-07-21T22:32:49.989+0800][17.977s][gc,heap     ] GC(293)      Free:       72M (56%)          54M (42%)          96M (75%)          96M (75%)          96M (75%)          54M (42%)    
[2024-07-21T22:32:49.989+0800][17.977s][gc,heap     ] GC(293)      Used:       56M (44%)          74M (58%)          32M (25%)          32M (25%)          74M (58%)          32M (25%)    
[2024-07-21T22:32:49.989+0800][17.977s][gc,heap     ] GC(293)      Live:         -                 8M (7%)            8M (7%)            8M (7%)             -                  -          
[2024-07-21T22:32:49.989+0800][17.977s][gc,heap     ] GC(293) Allocated:         -                18M (14%)          18M (14%)          18M (14%)            -                  -          
[2024-07-21T22:32:49.989+0800][17.977s][gc,heap     ] GC(293)   Garbage:         -                47M (37%)           5M (4%)            5M (4%)             -                  -          
[2024-07-21T22:32:49.989+0800][17.977s][gc,heap     ] GC(293) Reclaimed:         -                  -                42M (33%)          42M (33%)            -                  -          
[2024-07-21T22:32:49.989+0800][17.977s][gc          ] GC(293) Garbage Collection (Allocation Rate) 56M(44%)->32M(25%)
[2024-07-21T22:32:50.062+0800][18.050s][gc,start    ] GC(294) Garbage Collection (Allocation Stall)
[2024-07-21T22:32:50.062+0800][18.050s][gc,ref      ] GC(294) Clearing All SoftReferences
[2024-07-21T22:32:50.062+0800][18.050s][gc,task     ] GC(294) Using 1 workers
[2024-07-21T22:32:50.062+0800][18.050s][gc,phases   ] GC(294) Pause Mark Start 0.009ms
[2024-07-21T22:32:50.067+0800][18.055s][gc,phases   ] GC(294) Concurrent Mark 4.192ms
[2024-07-21T22:32:50.067+0800][18.055s][gc,phases   ] GC(294) Pause Mark End 0.018ms
[2024-07-21T22:32:50.067+0800][18.055s][gc,phases   ] GC(294) Concurrent Mark Free 0.001ms
[2024-07-21T22:32:50.069+0800][18.057s][gc,phases   ] GC(294) Concurrent Process Non-Strong References 1.554ms
[2024-07-21T22:32:50.069+0800][18.057s][gc,phases   ] GC(294) Concurrent Reset Relocation Set 0.001ms
[2024-07-21T22:32:50.071+0800][18.059s][gc          ] Allocation Stall (main) 8.965ms
[2024-07-21T22:32:50.071+0800][18.059s][gc,phases   ] GC(294) Concurrent Select Relocation Set 2.281ms
[2024-07-21T22:32:50.071+0800][18.059s][gc,phases   ] GC(294) Pause Relocate Start 0.008ms
[2024-07-21T22:32:50.072+0800][18.060s][gc,phases   ] GC(294) Concurrent Relocate 0.078ms
[2024-07-21T22:32:50.072+0800][18.060s][gc,load     ] GC(294) Load: 0.00/0.00/0.00
[2024-07-21T22:32:50.072+0800][18.060s][gc,mmu      ] GC(294) MMU: 2ms/96.5%, 5ms/98.4%, 10ms/99.1%, 20ms/99.5%, 50ms/99.7%, 100ms/99.9%
[2024-07-21T22:32:50.072+0800][18.060s][gc,marking  ] GC(294) Mark: 1 stripe(s), 1 proactive flush(es), 1 terminate flush(es), 0 completion(s), 0 continuation(s) 
[2024-07-21T22:32:50.072+0800][18.060s][gc,marking  ] GC(294) Mark Stack Usage: 32M
[2024-07-21T22:32:50.072+0800][18.060s][gc,nmethod  ] GC(294) NMethods: 472 registered, 0 unregistered
[2024-07-21T22:32:50.072+0800][18.060s][gc,metaspace] GC(294) Metaspace: 1M used, 1M committed, 1032M reserved
[2024-07-21T22:32:50.072+0800][18.060s][gc,ref      ] GC(294) Soft: 43 encountered, 20 discovered, 0 enqueued
[2024-07-21T22:32:50.072+0800][18.060s][gc,ref      ] GC(294) Weak: 131 encountered, 107 discovered, 0 enqueued
[2024-07-21T22:32:50.072+0800][18.060s][gc,ref      ] GC(294) Final: 0 encountered, 0 discovered, 0 enqueued
[2024-07-21T22:32:50.072+0800][18.060s][gc,ref      ] GC(294) Phantom: 184 encountered, 98 discovered, 0 enqueued
[2024-07-21T22:32:50.072+0800][18.060s][gc,reloc    ] GC(294) Small Pages: 4 / 8M, Empty: 2M, Relocated: 0M, In-Place: 0
[2024-07-21T22:32:50.072+0800][18.060s][gc,reloc    ] GC(294) Medium Pages: 1 / 4M, Empty: 0M, Relocated: 0M, In-Place: 0
[2024-07-21T22:32:50.072+0800][18.060s][gc,reloc    ] GC(294) Large Pages: 58 / 116M, Empty: 80M, Relocated: 0M, In-Place: 0
[2024-07-21T22:32:50.072+0800][18.060s][gc,reloc    ] GC(294) Forwarding Usage: 0M
[2024-07-21T22:32:50.072+0800][18.060s][gc,heap     ] GC(294) Min Capacity: 8M(6%)
[2024-07-21T22:32:50.072+0800][18.060s][gc,heap     ] GC(294) Max Capacity: 128M(100%)
[2024-07-21T22:32:50.072+0800][18.060s][gc,heap     ] GC(294) Soft Max Capacity: 128M(100%)
[2024-07-21T22:32:50.072+0800][18.060s][gc,heap     ] GC(294)                Mark Start          Mark End        Relocate Start      Relocate End           High               Low         
[2024-07-21T22:32:50.072+0800][18.060s][gc,heap     ] GC(294)  Capacity:      128M (100%)        128M (100%)        128M (100%)        128M (100%)        128M (100%)        128M (100%)   
[2024-07-21T22:32:50.072+0800][18.060s][gc,heap     ] GC(294)      Free:        0M (0%)            0M (0%)           80M (62%)          78M (61%)          82M (64%)           0M (0%)     
[2024-07-21T22:32:50.072+0800][18.060s][gc,heap     ] GC(294)      Used:      128M (100%)        128M (100%)         48M (38%)          50M (39%)         128M (100%)         46M (36%)    
[2024-07-21T22:32:50.072+0800][18.060s][gc,heap     ] GC(294)      Live:         -                40M (32%)          40M (32%)          40M (32%)            -                  -          
[2024-07-21T22:32:50.072+0800][18.060s][gc,heap     ] GC(294) Allocated:         -                 0M (0%)            2M (2%)            4M (3%)             -                  -          
[2024-07-21T22:32:50.072+0800][18.060s][gc,heap     ] GC(294)   Garbage:         -                87M (68%)           5M (4%)            5M (4%)             -                  -          
[2024-07-21T22:32:50.072+0800][18.060s][gc,heap     ] GC(294) Reclaimed:         -                  -                82M (64%)          82M (64%)            -                  -          
[2024-07-21T22:32:50.072+0800][18.060s][gc          ] GC(294) Garbage Collection (Allocation Stall) 128M(100%)->50M(39%)
[2024-07-21T22:32:50.077+0800][18.065s][gc,start    ] GC(295) Garbage Collection (Allocation Rate)
[2024-07-21T22:32:50.077+0800][18.065s][gc,task     ] GC(295) Using 1 workers
[2024-07-21T22:32:50.078+0800][18.066s][gc,phases   ] GC(295) Pause Mark Start 0.041ms
[2024-07-21T22:32:50.082+0800][18.070s][gc,phases   ] GC(295) Concurrent Mark 3.744ms
[2024-07-21T22:32:50.082+0800][18.070s][gc,phases   ] GC(295) Pause Mark End 0.026ms
[2024-07-21T22:32:50.082+0800][18.070s][gc,phases   ] GC(295) Concurrent Mark Free 0.003ms
[2024-07-21T22:32:50.084+0800][18.072s][gc,phases   ] GC(295) Concurrent Process Non-Strong References 1.933ms
[2024-07-21T22:32:50.084+0800][18.072s][gc,phases   ] GC(295) Concurrent Reset Relocation Set 0.001ms
[2024-07-21T22:32:50.087+0800][18.075s][gc,phases   ] GC(295) Concurrent Select Relocation Set 2.840ms
[2024-07-21T22:32:50.087+0800][18.075s][gc,phases   ] GC(295) Pause Relocate Start 0.015ms
[2024-07-21T22:32:50.088+0800][18.076s][gc,phases   ] GC(295) Concurrent Relocate 0.819ms
[2024-07-21T22:32:50.088+0800][18.076s][gc,load     ] GC(295) Load: 0.00/0.00/0.00
[2024-07-21T22:32:50.088+0800][18.076s][gc,mmu      ] GC(295) MMU: 2ms/96.5%, 5ms/98.4%, 10ms/99.1%, 20ms/99.5%, 50ms/99.7%, 100ms/99.9%
[2024-07-21T22:32:50.088+0800][18.076s][gc,marking  ] GC(295) Mark: 1 stripe(s), 1 proactive flush(es), 1 terminate flush(es), 0 completion(s), 0 continuation(s) 
[2024-07-21T22:32:50.088+0800][18.076s][gc,marking  ] GC(295) Mark Stack Usage: 32M
[2024-07-21T22:32:50.088+0800][18.076s][gc,nmethod  ] GC(295) NMethods: 472 registered, 0 unregistered
[2024-07-21T22:32:50.088+0800][18.076s][gc,metaspace] GC(295) Metaspace: 1M used, 1M committed, 1032M reserved
[2024-07-21T22:32:50.088+0800][18.076s][gc,ref      ] GC(295) Soft: 43 encountered, 0 discovered, 0 enqueued
[2024-07-21T22:32:50.088+0800][18.076s][gc,ref      ] GC(295) Weak: 131 encountered, 107 discovered, 0 enqueued
[2024-07-21T22:32:50.088+0800][18.076s][gc,ref      ] GC(295) Final: 0 encountered, 0 discovered, 0 enqueued
[2024-07-21T22:32:50.088+0800][18.076s][gc,ref      ] GC(295) Phantom: 184 encountered, 98 discovered, 0 enqueued
[2024-07-21T22:32:50.088+0800][18.076s][gc,reloc    ] GC(295) Small Pages: 4 / 8M, Empty: 0M, Relocated: 1M, In-Place: 0
[2024-07-21T22:32:50.088+0800][18.076s][gc,reloc    ] GC(295) Medium Pages: 1 / 4M, Empty: 0M, Relocated: 0M, In-Place: 0
[2024-07-21T22:32:50.088+0800][18.076s][gc,reloc    ] GC(295) Large Pages: 20 / 40M, Empty: 40M, Relocated: 0M, In-Place: 0
[2024-07-21T22:32:50.088+0800][18.076s][gc,reloc    ] GC(295) Forwarding Usage: 0M
[2024-07-21T22:32:50.088+0800][18.076s][gc,heap     ] GC(295) Min Capacity: 8M(6%)
[2024-07-21T22:32:50.088+0800][18.077s][gc,heap     ] GC(295) Max Capacity: 128M(100%)
[2024-07-21T22:32:50.088+0800][18.077s][gc,heap     ] GC(295) Soft Max Capacity: 128M(100%)
[2024-07-21T22:32:50.088+0800][18.077s][gc,heap     ] GC(295)                Mark Start          Mark End        Relocate Start      Relocate End           High               Low         
[2024-07-21T22:32:50.088+0800][18.077s][gc,heap     ] GC(295)  Capacity:      128M (100%)        128M (100%)        128M (100%)        128M (100%)        128M (100%)        128M (100%)   
[2024-07-21T22:32:50.088+0800][18.077s][gc,heap     ] GC(295)      Free:       76M (59%)          76M (59%)         116M (91%)         118M (92%)         118M (92%)          76M (59%)    
[2024-07-21T22:32:50.088+0800][18.077s][gc,heap     ] GC(295)      Used:       52M (41%)          52M (41%)          12M (9%)           10M (8%)           52M (41%)          10M (8%)     
[2024-07-21T22:32:50.089+0800][18.077s][gc,heap     ] GC(295)      Live:         -                 4M (4%)            4M (4%)            4M (4%)             -                  -          
[2024-07-21T22:32:50.089+0800][18.077s][gc,heap     ] GC(295) Allocated:         -                 0M (0%)            0M (0%)            0M (0%)             -                  -          
[2024-07-21T22:32:50.089+0800][18.077s][gc,heap     ] GC(295)   Garbage:         -                47M (37%)           7M (6%)            5M (4%)             -                  -          
[2024-07-21T22:32:50.089+0800][18.077s][gc,heap     ] GC(295) Reclaimed:         -                  -                40M (31%)          42M (33%)            -                  -          
[2024-07-21T22:32:50.089+0800][18.077s][gc          ] GC(295) Garbage Collection (Allocation Rate) 52M(41%)->10M(8%)
[2024-07-21T22:32:50.172+0800][18.160s][gc,start    ] GC(296) Garbage Collection (Allocation Rate)
[2024-07-21T22:32:50.172+0800][18.160s][gc,task     ] GC(296) Using 1 workers
[2024-07-21T22:32:50.173+0800][18.161s][gc,phases   ] GC(296) Pause Mark Start 0.008ms
[2024-07-21T22:32:50.176+0800][18.164s][gc,phases   ] GC(296) Concurrent Mark 3.658ms
[2024-07-21T22:32:50.177+0800][18.165s][gc,phases   ] GC(296) Pause Mark End 0.008ms
[2024-07-21T22:32:50.177+0800][18.165s][gc,phases   ] GC(296) Concurrent Mark Free 0.001ms
[2024-07-21T22:32:50.178+0800][18.166s][gc,phases   ] GC(296) Concurrent Process Non-Strong References 1.104ms
[2024-07-21T22:32:50.178+0800][18.166s][gc,phases   ] GC(296) Concurrent Reset Relocation Set 0.001ms
[2024-07-21T22:32:50.180+0800][18.168s][gc          ] Allocation Stall (main) 6.144ms
[2024-07-21T22:32:50.180+0800][18.168s][gc,phases   ] GC(296) Concurrent Select Relocation Set 1.762ms
[2024-07-21T22:32:50.180+0800][18.168s][gc,phases   ] GC(296) Pause Relocate Start 0.004ms
[2024-07-21T22:32:50.180+0800][18.168s][gc,phases   ] GC(296) Concurrent Relocate 0.114ms
[2024-07-21T22:32:50.180+0800][18.168s][gc,load     ] GC(296) Load: 0.00/0.00/0.00
[2024-07-21T22:32:50.180+0800][18.168s][gc,mmu      ] GC(296) MMU: 2ms/96.5%, 5ms/98.4%, 10ms/99.1%, 20ms/99.5%, 50ms/99.7%, 100ms/99.9%
[2024-07-21T22:32:50.180+0800][18.168s][gc,marking  ] GC(296) Mark: 1 stripe(s), 2 proactive flush(es), 1 terminate flush(es), 0 completion(s), 0 continuation(s) 
[2024-07-21T22:32:50.180+0800][18.168s][gc,marking  ] GC(296) Mark Stack Usage: 32M
[2024-07-21T22:32:50.180+0800][18.168s][gc,nmethod  ] GC(296) NMethods: 472 registered, 0 unregistered
[2024-07-21T22:32:50.180+0800][18.168s][gc,metaspace] GC(296) Metaspace: 1M used, 1M committed, 1032M reserved
[2024-07-21T22:32:50.180+0800][18.168s][gc,ref      ] GC(296) Soft: 43 encountered, 0 discovered, 0 enqueued
[2024-07-21T22:32:50.180+0800][18.168s][gc,ref      ] GC(296) Weak: 131 encountered, 107 discovered, 0 enqueued
[2024-07-21T22:32:50.180+0800][18.168s][gc,ref      ] GC(296) Final: 0 encountered, 0 discovered, 0 enqueued
[2024-07-21T22:32:50.180+0800][18.168s][gc,ref      ] GC(296) Phantom: 184 encountered, 98 discovered, 0 enqueued
[2024-07-21T22:32:50.180+0800][18.168s][gc,reloc    ] GC(296) Small Pages: 4 / 8M, Empty: 2M, Relocated: 0M, In-Place: 0
[2024-07-21T22:32:50.180+0800][18.168s][gc,reloc    ] GC(296) Medium Pages: 1 / 4M, Empty: 0M, Relocated: 0M, In-Place: 0
[2024-07-21T22:32:50.180+0800][18.168s][gc,reloc    ] GC(296) Large Pages: 54 / 108M, Empty: 80M, Relocated: 0M, In-Place: 0
[2024-07-21T22:32:50.180+0800][18.168s][gc,reloc    ] GC(296) Forwarding Usage: 0M
[2024-07-21T22:32:50.180+0800][18.168s][gc,heap     ] GC(296) Min Capacity: 8M(6%)
[2024-07-21T22:32:50.180+0800][18.168s][gc,heap     ] GC(296) Max Capacity: 128M(100%)
[2024-07-21T22:32:50.180+0800][18.168s][gc,heap     ] GC(296) Soft Max Capacity: 128M(100%)
[2024-07-21T22:32:50.180+0800][18.168s][gc,heap     ] GC(296)                Mark Start          Mark End        Relocate Start      Relocate End           High               Low         
[2024-07-21T22:32:50.180+0800][18.169s][gc,heap     ] GC(296)  Capacity:      128M (100%)        128M (100%)        128M (100%)        128M (100%)        128M (100%)        128M (100%)   
[2024-07-21T22:32:50.180+0800][18.169s][gc,heap     ] GC(296)      Free:        8M (6%)            0M (0%)           80M (62%)          76M (59%)          82M (64%)           0M (0%)     
[2024-07-21T22:32:50.180+0800][18.169s][gc,heap     ] GC(296)      Used:      120M (94%)         128M (100%)         48M (38%)          52M (41%)         128M (100%)         46M (36%)    
[2024-07-21T22:32:50.180+0800][18.169s][gc,heap     ] GC(296)      Live:         -                32M (25%)          32M (25%)          32M (25%)            -                  -          
[2024-07-21T22:32:50.180+0800][18.169s][gc,heap     ] GC(296) Allocated:         -                 8M (6%)           10M (8%)           14M (11%)            -                  -          
[2024-07-21T22:32:50.181+0800][18.169s][gc,heap     ] GC(296)   Garbage:         -                87M (68%)           5M (4%)            5M (4%)             -                  -          
[2024-07-21T22:32:50.181+0800][18.169s][gc,heap     ] GC(296) Reclaimed:         -                  -                82M (64%)          82M (64%)            -                  -          
[2024-07-21T22:32:50.181+0800][18.169s][gc          ] GC(296) Garbage Collection (Allocation Rate) 120M(94%)->52M(41%)
[2024-07-21T22:32:50.252+0800][18.240s][gc,start    ] GC(297) Garbage Collection (Allocation Stall)
[2024-07-21T22:32:50.252+0800][18.240s][gc,ref      ] GC(297) Clearing All SoftReferences
[2024-07-21T22:32:50.252+0800][18.240s][gc,task     ] GC(297) Using 1 workers
[2024-07-21T22:32:50.253+0800][18.241s][gc,phases   ] GC(297) Pause Mark Start 0.009ms
[2024-07-21T22:32:50.256+0800][18.244s][gc,phases   ] GC(297) Concurrent Mark 3.796ms
[2024-07-21T22:32:50.257+0800][18.245s][gc,phases   ] GC(297) Pause Mark End 0.009ms
[2024-07-21T22:32:50.257+0800][18.245s][gc,phases   ] GC(297) Concurrent Mark Free 0.001ms
[2024-07-21T22:32:50.258+0800][18.246s][gc,phases   ] GC(297) Concurrent Process Non-Strong References 1.427ms
[2024-07-21T22:32:50.258+0800][18.246s][gc,phases   ] GC(297) Concurrent Reset Relocation Set 0.000ms
[2024-07-21T22:32:50.261+0800][18.249s][gc          ] Allocation Stall (main) 9.007ms
[2024-07-21T22:32:50.261+0800][18.249s][gc,phases   ] GC(297) Concurrent Select Relocation Set 2.900ms
[2024-07-21T22:32:50.261+0800][18.249s][gc,phases   ] GC(297) Pause Relocate Start 0.008ms
[2024-07-21T22:32:50.262+0800][18.250s][gc,phases   ] GC(297) Concurrent Relocate 0.039ms
[2024-07-21T22:32:50.262+0800][18.250s][gc,load     ] GC(297) Load: 0.00/0.00/0.00
[2024-07-21T22:32:50.262+0800][18.250s][gc,mmu      ] GC(297) MMU: 2ms/96.5%, 5ms/98.4%, 10ms/99.1%, 20ms/99.5%, 50ms/99.7%, 100ms/99.9%
[2024-07-21T22:32:50.262+0800][18.250s][gc,marking  ] GC(297) Mark: 1 stripe(s), 1 proactive flush(es), 1 terminate flush(es), 0 completion(s), 0 continuation(s) 
[2024-07-21T22:32:50.262+0800][18.250s][gc,marking  ] GC(297) Mark Stack Usage: 32M
[2024-07-21T22:32:50.262+0800][18.250s][gc,nmethod  ] GC(297) NMethods: 472 registered, 0 unregistered
[2024-07-21T22:32:50.262+0800][18.250s][gc,metaspace] GC(297) Metaspace: 1M used, 1M committed, 1032M reserved
[2024-07-21T22:32:50.262+0800][18.250s][gc,ref      ] GC(297) Soft: 43 encountered, 20 discovered, 0 enqueued
[2024-07-21T22:32:50.262+0800][18.250s][gc,ref      ] GC(297) Weak: 131 encountered, 107 discovered, 0 enqueued
[2024-07-21T22:32:50.262+0800][18.250s][gc,ref      ] GC(297) Final: 0 encountered, 0 discovered, 0 enqueued
[2024-07-21T22:32:50.262+0800][18.250s][gc,ref      ] GC(297) Phantom: 184 encountered, 98 discovered, 0 enqueued
[2024-07-21T22:32:50.262+0800][18.250s][gc,reloc    ] GC(297) Small Pages: 4 / 8M, Empty: 2M, Relocated: 0M, In-Place: 0
[2024-07-21T22:32:50.262+0800][18.250s][gc,reloc    ] GC(297) Medium Pages: 1 / 4M, Empty: 0M, Relocated: 0M, In-Place: 0
[2024-07-21T22:32:50.262+0800][18.250s][gc,reloc    ] GC(297) Large Pages: 58 / 116M, Empty: 80M, Relocated: 0M, In-Place: 0
[2024-07-21T22:32:50.262+0800][18.250s][gc,reloc    ] GC(297) Forwarding Usage: 0M
[2024-07-21T22:32:50.262+0800][18.250s][gc,heap     ] GC(297) Min Capacity: 8M(6%)
[2024-07-21T22:32:50.262+0800][18.250s][gc,heap     ] GC(297) Max Capacity: 128M(100%)
[2024-07-21T22:32:50.262+0800][18.250s][gc,heap     ] GC(297) Soft Max Capacity: 128M(100%)
[2024-07-21T22:32:50.262+0800][18.250s][gc,heap     ] GC(297)                Mark Start          Mark End        Relocate Start      Relocate End           High               Low         
[2024-07-21T22:32:50.262+0800][18.250s][gc,heap     ] GC(297)  Capacity:      128M (100%)        128M (100%)        128M (100%)        128M (100%)        128M (100%)        128M (100%)   
[2024-07-21T22:32:50.262+0800][18.250s][gc,heap     ] GC(297)      Free:        0M (0%)            0M (0%)           80M (62%)          80M (62%)          82M (64%)           0M (0%)     
[2024-07-21T22:32:50.262+0800][18.250s][gc,heap     ] GC(297)      Used:      128M (100%)        128M (100%)         48M (38%)          48M (38%)         128M (100%)         46M (36%)    
[2024-07-21T22:32:50.262+0800][18.250s][gc,heap     ] GC(297)      Live:         -                40M (32%)          40M (32%)          40M (32%)            -                  -          
[2024-07-21T22:32:50.262+0800][18.250s][gc,heap     ] GC(297) Allocated:         -                 0M (0%)            2M (2%)            2M (2%)             -                  -          
[2024-07-21T22:32:50.262+0800][18.250s][gc,heap     ] GC(297)   Garbage:         -                87M (68%)           5M (4%)            5M (4%)             -                  -          
[2024-07-21T22:32:50.262+0800][18.250s][gc,heap     ] GC(297) Reclaimed:         -                  -                82M (64%)          82M (64%)            -                  -          
[2024-07-21T22:32:50.262+0800][18.250s][gc          ] GC(297) Garbage Collection (Allocation Stall) 128M(100%)->48M(38%)
[2024-07-21T22:32:50.282+0800][18.270s][gc,start    ] GC(298) Garbage Collection (Allocation Rate)
[2024-07-21T22:32:50.282+0800][18.270s][gc,task     ] GC(298) Using 1 workers
[2024-07-21T22:32:50.282+0800][18.270s][gc,phases   ] GC(298) Pause Mark Start 0.012ms
[2024-07-21T22:32:50.287+0800][18.276s][gc,phases   ] GC(298) Concurrent Mark 5.854ms
[2024-07-21T22:32:50.288+0800][18.276s][gc,phases   ] GC(298) Pause Mark End 0.033ms
[2024-07-21T22:32:50.288+0800][18.276s][gc,phases   ] GC(298) Concurrent Mark Free 0.001ms
[2024-07-21T22:32:50.289+0800][18.278s][gc,phases   ] GC(298) Concurrent Process Non-Strong References 1.284ms
[2024-07-21T22:32:50.289+0800][18.278s][gc,phases   ] GC(298) Concurrent Reset Relocation Set 0.000ms
[2024-07-21T22:32:50.291+0800][18.280s][gc,phases   ] GC(298) Concurrent Select Relocation Set 2.217ms
[2024-07-21T22:32:50.291+0800][18.280s][gc,phases   ] GC(298) Pause Relocate Start 0.007ms
[2024-07-21T22:32:50.291+0800][18.280s][gc,phases   ] GC(298) Concurrent Relocate 0.030ms
[2024-07-21T22:32:50.292+0800][18.280s][gc,load     ] GC(298) Load: 0.00/0.00/0.00
[2024-07-21T22:32:50.292+0800][18.280s][gc,mmu      ] GC(298) MMU: 2ms/96.5%, 5ms/98.4%, 10ms/99.1%, 20ms/99.5%, 50ms/99.7%, 100ms/99.9%
[2024-07-21T22:32:50.292+0800][18.280s][gc,marking  ] GC(298) Mark: 1 stripe(s), 2 proactive flush(es), 1 terminate flush(es), 0 completion(s), 0 continuation(s) 
[2024-07-21T22:32:50.292+0800][18.280s][gc,marking  ] GC(298) Mark Stack Usage: 32M
[2024-07-21T22:32:50.292+0800][18.280s][gc,nmethod  ] GC(298) NMethods: 472 registered, 0 unregistered
[2024-07-21T22:32:50.292+0800][18.280s][gc,metaspace] GC(298) Metaspace: 1M used, 1M committed, 1032M reserved
[2024-07-21T22:32:50.292+0800][18.280s][gc,ref      ] GC(298) Soft: 43 encountered, 0 discovered, 0 enqueued
[2024-07-21T22:32:50.292+0800][18.280s][gc,ref      ] GC(298) Weak: 131 encountered, 107 discovered, 0 enqueued
[2024-07-21T22:32:50.292+0800][18.280s][gc,ref      ] GC(298) Final: 0 encountered, 0 discovered, 0 enqueued
[2024-07-21T22:32:50.292+0800][18.281s][gc,ref      ] GC(298) Phantom: 184 encountered, 98 discovered, 0 enqueued
[2024-07-21T22:32:50.292+0800][18.281s][gc,reloc    ] GC(298) Small Pages: 4 / 8M, Empty: 2M, Relocated: 0M, In-Place: 0
[2024-07-21T22:32:50.292+0800][18.281s][gc,reloc    ] GC(298) Medium Pages: 1 / 4M, Empty: 0M, Relocated: 0M, In-Place: 0
[2024-07-21T22:32:50.292+0800][18.281s][gc,reloc    ] GC(298) Large Pages: 23 / 46M, Empty: 40M, Relocated: 0M, In-Place: 0
[2024-07-21T22:32:50.292+0800][18.281s][gc,reloc    ] GC(298) Forwarding Usage: 0M
[2024-07-21T22:32:50.292+0800][18.281s][gc,heap     ] GC(298) Min Capacity: 8M(6%)
[2024-07-21T22:32:50.292+0800][18.281s][gc,heap     ] GC(298) Max Capacity: 128M(100%)
[2024-07-21T22:32:50.292+0800][18.281s][gc,heap     ] GC(298) Soft Max Capacity: 128M(100%)
[2024-07-21T22:32:50.292+0800][18.281s][gc,heap     ] GC(298)                Mark Start          Mark End        Relocate Start      Relocate End           High               Low         
[2024-07-21T22:32:50.292+0800][18.281s][gc,heap     ] GC(298)  Capacity:      128M (100%)        128M (100%)        128M (100%)        128M (100%)        128M (100%)        128M (100%)   
[2024-07-21T22:32:50.292+0800][18.281s][gc,heap     ] GC(298)      Free:       70M (55%)          54M (42%)          96M (75%)          96M (75%)          96M (75%)          54M (42%)    
[2024-07-21T22:32:50.292+0800][18.281s][gc,heap     ] GC(298)      Used:       58M (45%)          74M (58%)          32M (25%)          32M (25%)          74M (58%)          32M (25%)    
[2024-07-21T22:32:50.292+0800][18.281s][gc,heap     ] GC(298)      Live:         -                10M (8%)           10M (8%)           10M (8%)             -                  -          
[2024-07-21T22:32:50.292+0800][18.281s][gc,heap     ] GC(298) Allocated:         -                16M (12%)          16M (12%)          16M (12%)            -                  -          
[2024-07-21T22:32:50.292+0800][18.281s][gc,heap     ] GC(298)   Garbage:         -                47M (37%)           5M (4%)            5M (4%)             -                  -          
[2024-07-21T22:32:50.292+0800][18.281s][gc,heap     ] GC(298) Reclaimed:         -                  -                42M (33%)          42M (33%)            -                  -          
[2024-07-21T22:32:50.292+0800][18.281s][gc          ] GC(298) Garbage Collection (Allocation Rate) 58M(45%)->32M(25%)
[2024-07-21T22:32:50.361+0800][18.350s][gc,start    ] GC(299) Garbage Collection (Allocation Stall)
[2024-07-21T22:32:50.361+0800][18.350s][gc,ref      ] GC(299) Clearing All SoftReferences
[2024-07-21T22:32:50.361+0800][18.350s][gc,task     ] GC(299) Using 1 workers
[2024-07-21T22:32:50.361+0800][18.350s][gc,phases   ] GC(299) Pause Mark Start 0.005ms
[2024-07-21T22:32:50.365+0800][18.354s][gc,phases   ] GC(299) Concurrent Mark 3.428ms
[2024-07-21T22:32:50.365+0800][18.354s][gc,phases   ] GC(299) Pause Mark End 0.005ms
[2024-07-21T22:32:50.365+0800][18.354s][gc,phases   ] GC(299) Concurrent Mark Free 0.001ms
[2024-07-21T22:32:50.366+0800][18.355s][gc,phases   ] GC(299) Concurrent Process Non-Strong References 1.097ms
[2024-07-21T22:32:50.366+0800][18.355s][gc,phases   ] GC(299) Concurrent Reset Relocation Set 0.000ms
[2024-07-21T22:32:50.368+0800][18.357s][gc          ] Allocation Stall (main) 7.092ms
[2024-07-21T22:32:50.368+0800][18.357s][gc,phases   ] GC(299) Concurrent Select Relocation Set 1.812ms
[2024-07-21T22:32:50.368+0800][18.357s][gc,phases   ] GC(299) Pause Relocate Start 0.004ms
[2024-07-21T22:32:50.369+0800][18.357s][gc,phases   ] GC(299) Concurrent Relocate 0.113ms
[2024-07-21T22:32:50.369+0800][18.357s][gc,load     ] GC(299) Load: 0.00/0.00/0.00
[2024-07-21T22:32:50.369+0800][18.358s][gc,mmu      ] GC(299) MMU: 2ms/96.5%, 5ms/98.4%, 10ms/99.1%, 20ms/99.5%, 50ms/99.7%, 100ms/99.9%
[2024-07-21T22:32:50.369+0800][18.358s][gc,marking  ] GC(299) Mark: 1 stripe(s), 1 proactive flush(es), 1 terminate flush(es), 0 completion(s), 0 continuation(s) 
[2024-07-21T22:32:50.369+0800][18.358s][gc,marking  ] GC(299) Mark Stack Usage: 32M
[2024-07-21T22:32:50.369+0800][18.358s][gc,nmethod  ] GC(299) NMethods: 472 registered, 0 unregistered
[2024-07-21T22:32:50.369+0800][18.358s][gc,metaspace] GC(299) Metaspace: 1M used, 1M committed, 1032M reserved
[2024-07-21T22:32:50.369+0800][18.358s][gc,ref      ] GC(299) Soft: 43 encountered, 20 discovered, 0 enqueued
[2024-07-21T22:32:50.369+0800][18.358s][gc,ref      ] GC(299) Weak: 131 encountered, 107 discovered, 0 enqueued
[2024-07-21T22:32:50.369+0800][18.358s][gc,ref      ] GC(299) Final: 0 encountered, 0 discovered, 0 enqueued
[2024-07-21T22:32:50.369+0800][18.358s][gc,ref      ] GC(299) Phantom: 184 encountered, 98 discovered, 0 enqueued
[2024-07-21T22:32:50.369+0800][18.358s][gc,reloc    ] GC(299) Small Pages: 4 / 8M, Empty: 2M, Relocated: 0M, In-Place: 0
[2024-07-21T22:32:50.369+0800][18.358s][gc,reloc    ] GC(299) Medium Pages: 1 / 4M, Empty: 0M, Relocated: 0M, In-Place: 0
[2024-07-21T22:32:50.369+0800][18.358s][gc,reloc    ] GC(299) Large Pages: 58 / 116M, Empty: 80M, Relocated: 0M, In-Place: 0
[2024-07-21T22:32:50.369+0800][18.358s][gc,reloc    ] GC(299) Forwarding Usage: 0M
[2024-07-21T22:32:50.369+0800][18.358s][gc,heap     ] GC(299) Min Capacity: 8M(6%)
[2024-07-21T22:32:50.369+0800][18.358s][gc,heap     ] GC(299) Max Capacity: 128M(100%)
[2024-07-21T22:32:50.369+0800][18.358s][gc,heap     ] GC(299) Soft Max Capacity: 128M(100%)
[2024-07-21T22:32:50.369+0800][18.358s][gc,heap     ] GC(299)                Mark Start          Mark End        Relocate Start      Relocate End           High               Low         
[2024-07-21T22:32:50.369+0800][18.358s][gc,heap     ] GC(299)  Capacity:      128M (100%)        128M (100%)        128M (100%)        128M (100%)        128M (100%)        128M (100%)   
[2024-07-21T22:32:50.369+0800][18.358s][gc,heap     ] GC(299)      Free:        0M (0%)            0M (0%)           80M (62%)          76M (59%)          82M (64%)           0M (0%)     
[2024-07-21T22:32:50.369+0800][18.358s][gc,heap     ] GC(299)      Used:      128M (100%)        128M (100%)         48M (38%)          52M (41%)         128M (100%)         46M (36%)    
[2024-07-21T22:32:50.369+0800][18.358s][gc,heap     ] GC(299)      Live:         -                40M (32%)          40M (32%)          40M (32%)            -                  -          
[2024-07-21T22:32:50.369+0800][18.358s][gc,heap     ] GC(299) Allocated:         -                 0M (0%)            2M (2%)            6M (5%)             -                  -          
[2024-07-21T22:32:50.369+0800][18.358s][gc,heap     ] GC(299)   Garbage:         -                87M (68%)           5M (4%)            5M (4%)             -                  -          
[2024-07-21T22:32:50.369+0800][18.358s][gc,heap     ] GC(299) Reclaimed:         -                  -                82M (64%)          82M (64%)            -                  -          
[2024-07-21T22:32:50.369+0800][18.358s][gc          ] GC(299) Garbage Collection (Allocation Stall) 128M(100%)->52M(41%)
[2024-07-21T22:32:50.377+0800][18.365s][gc,start    ] GC(300) Garbage Collection (Allocation Rate)
[2024-07-21T22:32:50.377+0800][18.365s][gc,task     ] GC(300) Using 1 workers
[2024-07-21T22:32:50.377+0800][18.365s][gc,phases   ] GC(300) Pause Mark Start 0.006ms
[2024-07-21T22:32:50.379+0800][18.368s][gc,phases   ] GC(300) Concurrent Mark 3.190ms
[2024-07-21T22:32:50.380+0800][18.369s][gc,phases   ] GC(300) Pause Mark End 0.009ms
[2024-07-21T22:32:50.380+0800][18.369s][gc,phases   ] GC(300) Concurrent Mark Free 0.001ms
[2024-07-21T22:32:50.381+0800][18.370s][gc,phases   ] GC(300) Concurrent Process Non-Strong References 1.107ms
[2024-07-21T22:32:50.381+0800][18.370s][gc,phases   ] GC(300) Concurrent Reset Relocation Set 0.000ms
[2024-07-21T22:32:50.383+0800][18.371s][gc,phases   ] GC(300) Concurrent Select Relocation Set 1.583ms
[2024-07-21T22:32:50.383+0800][18.372s][gc,phases   ] GC(300) Pause Relocate Start 0.005ms
[2024-07-21T22:32:50.383+0800][18.372s][gc,phases   ] GC(300) Concurrent Relocate 0.528ms
[2024-07-21T22:32:50.383+0800][18.372s][gc,load     ] GC(300) Load: 0.00/0.00/0.00
[2024-07-21T22:32:50.383+0800][18.372s][gc,mmu      ] GC(300) MMU: 2ms/96.5%, 5ms/98.4%, 10ms/99.1%, 20ms/99.5%, 50ms/99.7%, 100ms/99.9%
[2024-07-21T22:32:50.383+0800][18.372s][gc,marking  ] GC(300) Mark: 1 stripe(s), 1 proactive flush(es), 1 terminate flush(es), 0 completion(s), 0 continuation(s) 
[2024-07-21T22:32:50.383+0800][18.372s][gc,marking  ] GC(300) Mark Stack Usage: 32M
[2024-07-21T22:32:50.384+0800][18.372s][gc,nmethod  ] GC(300) NMethods: 472 registered, 0 unregistered
[2024-07-21T22:32:50.384+0800][18.372s][gc,metaspace] GC(300) Metaspace: 1M used, 1M committed, 1032M reserved
[2024-07-21T22:32:50.384+0800][18.372s][gc,ref      ] GC(300) Soft: 43 encountered, 0 discovered, 0 enqueued
[2024-07-21T22:32:50.384+0800][18.372s][gc,ref      ] GC(300) Weak: 131 encountered, 107 discovered, 0 enqueued
[2024-07-21T22:32:50.384+0800][18.372s][gc,ref      ] GC(300) Final: 0 encountered, 0 discovered, 0 enqueued
[2024-07-21T22:32:50.384+0800][18.372s][gc,ref      ] GC(300) Phantom: 184 encountered, 98 discovered, 0 enqueued
[2024-07-21T22:32:50.384+0800][18.372s][gc,reloc    ] GC(300) Small Pages: 4 / 8M, Empty: 0M, Relocated: 1M, In-Place: 0
[2024-07-21T22:32:50.384+0800][18.372s][gc,reloc    ] GC(300) Medium Pages: 1 / 4M, Empty: 0M, Relocated: 0M, In-Place: 0
[2024-07-21T22:32:50.384+0800][18.372s][gc,reloc    ] GC(300) Large Pages: 20 / 40M, Empty: 40M, Relocated: 0M, In-Place: 0
[2024-07-21T22:32:50.384+0800][18.372s][gc,reloc    ] GC(300) Forwarding Usage: 0M
[2024-07-21T22:32:50.384+0800][18.372s][gc,heap     ] GC(300) Min Capacity: 8M(6%)
[2024-07-21T22:32:50.384+0800][18.372s][gc,heap     ] GC(300) Max Capacity: 128M(100%)
[2024-07-21T22:32:50.384+0800][18.372s][gc,heap     ] GC(300) Soft Max Capacity: 128M(100%)
[2024-07-21T22:32:50.384+0800][18.372s][gc,heap     ] GC(300)                Mark Start          Mark End        Relocate Start      Relocate End           High               Low         
[2024-07-21T22:32:50.384+0800][18.373s][gc,heap     ] GC(300)  Capacity:      128M (100%)        128M (100%)        128M (100%)        128M (100%)        128M (100%)        128M (100%)   
[2024-07-21T22:32:50.384+0800][18.373s][gc,heap     ] GC(300)      Free:       76M (59%)          76M (59%)         116M (91%)         118M (92%)         118M (92%)          76M (59%)    
[2024-07-21T22:32:50.384+0800][18.373s][gc,heap     ] GC(300)      Used:       52M (41%)          52M (41%)          12M (9%)           10M (8%)           52M (41%)          10M (8%)     
[2024-07-21T22:32:50.384+0800][18.373s][gc,heap     ] GC(300)      Live:         -                 4M (4%)            4M (4%)            4M (4%)             -                  -          
[2024-07-21T22:32:50.384+0800][18.373s][gc,heap     ] GC(300) Allocated:         -                 0M (0%)            0M (0%)            0M (0%)             -                  -          
[2024-07-21T22:32:50.384+0800][18.373s][gc,heap     ] GC(300)   Garbage:         -                47M (37%)           7M (6%)            5M (4%)             -                  -          
[2024-07-21T22:32:50.384+0800][18.373s][gc,heap     ] GC(300) Reclaimed:         -                  -                40M (31%)          42M (33%)            -                  -          
[2024-07-21T22:32:50.384+0800][18.373s][gc          ] GC(300) Garbage Collection (Allocation Rate) 52M(41%)->10M(8%)
[2024-07-21T22:32:50.471+0800][18.459s][gc,start    ] GC(301) Garbage Collection (Allocation Rate)
[2024-07-21T22:32:50.471+0800][18.460s][gc,task     ] GC(301) Using 1 workers
[2024-07-21T22:32:50.471+0800][18.460s][gc,phases   ] GC(301) Pause Mark Start 0.008ms
[2024-07-21T22:32:50.476+0800][18.465s][gc,phases   ] GC(301) Concurrent Mark 4.808ms
[2024-07-21T22:32:50.476+0800][18.465s][gc,phases   ] GC(301) Pause Mark End 0.010ms
[2024-07-21T22:32:50.476+0800][18.465s][gc,phases   ] GC(301) Concurrent Mark Free 0.001ms
[2024-07-21T22:32:50.478+0800][18.466s][gc,phases   ] GC(301) Concurrent Process Non-Strong References 1.115ms
[2024-07-21T22:32:50.478+0800][18.466s][gc,phases   ] GC(301) Concurrent Reset Relocation Set 0.001ms
[2024-07-21T22:32:50.481+0800][18.470s][gc          ] Allocation Stall (main) 8.384ms
[2024-07-21T22:32:50.481+0800][18.470s][gc,phases   ] GC(301) Concurrent Select Relocation Set 3.332ms
[2024-07-21T22:32:50.481+0800][18.470s][gc,phases   ] GC(301) Pause Relocate Start 0.010ms
[2024-07-21T22:32:50.481+0800][18.470s][gc,phases   ] GC(301) Concurrent Relocate 0.031ms
[2024-07-21T22:32:50.481+0800][18.470s][gc,load     ] GC(301) Load: 0.00/0.00/0.00
[2024-07-21T22:32:50.481+0800][18.470s][gc,mmu      ] GC(301) MMU: 2ms/96.5%, 5ms/98.4%, 10ms/99.1%, 20ms/99.5%, 50ms/99.7%, 100ms/99.9%
[2024-07-21T22:32:50.481+0800][18.470s][gc,marking  ] GC(301) Mark: 1 stripe(s), 2 proactive flush(es), 1 terminate flush(es), 0 completion(s), 0 continuation(s) 
[2024-07-21T22:32:50.481+0800][18.470s][gc,marking  ] GC(301) Mark Stack Usage: 32M
[2024-07-21T22:32:50.481+0800][18.470s][gc,nmethod  ] GC(301) NMethods: 472 registered, 0 unregistered
[2024-07-21T22:32:50.481+0800][18.470s][gc,metaspace] GC(301) Metaspace: 1M used, 1M committed, 1032M reserved
[2024-07-21T22:32:50.481+0800][18.470s][gc,ref      ] GC(301) Soft: 43 encountered, 0 discovered, 0 enqueued
[2024-07-21T22:32:50.481+0800][18.470s][gc,ref      ] GC(301) Weak: 131 encountered, 107 discovered, 0 enqueued
[2024-07-21T22:32:50.481+0800][18.470s][gc,ref      ] GC(301) Final: 0 encountered, 0 discovered, 0 enqueued
[2024-07-21T22:32:50.482+0800][18.470s][gc,ref      ] GC(301) Phantom: 184 encountered, 98 discovered, 0 enqueued
[2024-07-21T22:32:50.482+0800][18.470s][gc,reloc    ] GC(301) Small Pages: 4 / 8M, Empty: 2M, Relocated: 0M, In-Place: 0
[2024-07-21T22:32:50.482+0800][18.470s][gc,reloc    ] GC(301) Medium Pages: 1 / 4M, Empty: 0M, Relocated: 0M, In-Place: 0
[2024-07-21T22:32:50.482+0800][18.470s][gc,reloc    ] GC(301) Large Pages: 52 / 104M, Empty: 80M, Relocated: 0M, In-Place: 0
[2024-07-21T22:32:50.482+0800][18.470s][gc,reloc    ] GC(301) Forwarding Usage: 0M
[2024-07-21T22:32:50.482+0800][18.470s][gc,heap     ] GC(301) Min Capacity: 8M(6%)
[2024-07-21T22:32:50.482+0800][18.471s][gc,heap     ] GC(301) Max Capacity: 128M(100%)
[2024-07-21T22:32:50.482+0800][18.471s][gc,heap     ] GC(301) Soft Max Capacity: 128M(100%)
[2024-07-21T22:32:50.482+0800][18.471s][gc,heap     ] GC(301)                Mark Start          Mark End        Relocate Start      Relocate End           High               Low         
[2024-07-21T22:32:50.482+0800][18.471s][gc,heap     ] GC(301)  Capacity:      128M (100%)        128M (100%)        128M (100%)        128M (100%)        128M (100%)        128M (100%)   
[2024-07-21T22:32:50.482+0800][18.471s][gc,heap     ] GC(301)      Free:       12M (9%)            0M (0%)           80M (62%)          80M (62%)          82M (64%)           0M (0%)     
[2024-07-21T22:32:50.482+0800][18.471s][gc,heap     ] GC(301)      Used:      116M (91%)         128M (100%)         48M (38%)          48M (38%)         128M (100%)         46M (36%)    
[2024-07-21T22:32:50.482+0800][18.471s][gc,heap     ] GC(301)      Live:         -                28M (22%)          28M (22%)          28M (22%)            -                  -          
[2024-07-21T22:32:50.482+0800][18.471s][gc,heap     ] GC(301) Allocated:         -                12M (9%)           14M (11%)          14M (11%)            -                  -          
[2024-07-21T22:32:50.482+0800][18.471s][gc,heap     ] GC(301)   Garbage:         -                87M (68%)           5M (4%)            5M (4%)             -                  -          
[2024-07-21T22:32:50.482+0800][18.471s][gc,heap     ] GC(301) Reclaimed:         -                  -                82M (64%)          82M (64%)            -                  -          
[2024-07-21T22:32:50.482+0800][18.471s][gc          ] GC(301) Garbage Collection (Allocation Rate) 116M(91%)->48M(38%)
[2024-07-21T22:32:50.552+0800][18.540s][gc,start    ] GC(302) Garbage Collection (Allocation Stall)
[2024-07-21T22:32:50.552+0800][18.540s][gc,ref      ] GC(302) Clearing All SoftReferences
[2024-07-21T22:32:50.552+0800][18.540s][gc,task     ] GC(302) Using 1 workers
[2024-07-21T22:32:50.552+0800][18.541s][gc,phases   ] GC(302) Pause Mark Start 0.006ms
[2024-07-21T22:32:50.555+0800][18.544s][gc,phases   ] GC(302) Concurrent Mark 3.338ms
[2024-07-21T22:32:50.555+0800][18.544s][gc,phases   ] GC(302) Pause Mark End 0.006ms
[2024-07-21T22:32:50.555+0800][18.544s][gc,phases   ] GC(302) Concurrent Mark Free 0.001ms
[2024-07-21T22:32:50.557+0800][18.545s][gc,phases   ] GC(302) Concurrent Process Non-Strong References 1.096ms
[2024-07-21T22:32:50.557+0800][18.545s][gc,phases   ] GC(302) Concurrent Reset Relocation Set 0.000ms
[2024-07-21T22:32:50.558+0800][18.547s][gc          ] Allocation Stall (main) 6.939ms
[2024-07-21T22:32:50.558+0800][18.547s][gc,phases   ] GC(302) Concurrent Select Relocation Set 1.815ms
[2024-07-21T22:32:50.559+0800][18.547s][gc,phases   ] GC(302) Pause Relocate Start 0.004ms
[2024-07-21T22:32:50.559+0800][18.548s][gc,phases   ] GC(302) Concurrent Relocate 0.106ms
[2024-07-21T22:32:50.559+0800][18.548s][gc,load     ] GC(302) Load: 0.00/0.00/0.00
[2024-07-21T22:32:50.559+0800][18.548s][gc,mmu      ] GC(302) MMU: 2ms/96.5%, 5ms/98.4%, 10ms/99.1%, 20ms/99.5%, 50ms/99.7%, 100ms/99.9%
[2024-07-21T22:32:50.559+0800][18.548s][gc,marking  ] GC(302) Mark: 1 stripe(s), 1 proactive flush(es), 1 terminate flush(es), 0 completion(s), 0 continuation(s) 
[2024-07-21T22:32:50.559+0800][18.548s][gc,marking  ] GC(302) Mark Stack Usage: 32M
[2024-07-21T22:32:50.559+0800][18.548s][gc,nmethod  ] GC(302) NMethods: 472 registered, 0 unregistered
[2024-07-21T22:32:50.559+0800][18.548s][gc,metaspace] GC(302) Metaspace: 1M used, 1M committed, 1032M reserved
[2024-07-21T22:32:50.559+0800][18.548s][gc,ref      ] GC(302) Soft: 43 encountered, 20 discovered, 0 enqueued
[2024-07-21T22:32:50.559+0800][18.548s][gc,ref      ] GC(302) Weak: 131 encountered, 107 discovered, 0 enqueued
[2024-07-21T22:32:50.559+0800][18.548s][gc,ref      ] GC(302) Final: 0 encountered, 0 discovered, 0 enqueued
[2024-07-21T22:32:50.559+0800][18.548s][gc,ref      ] GC(302) Phantom: 184 encountered, 98 discovered, 0 enqueued
[2024-07-21T22:32:50.559+0800][18.548s][gc,reloc    ] GC(302) Small Pages: 4 / 8M, Empty: 2M, Relocated: 0M, In-Place: 0
[2024-07-21T22:32:50.559+0800][18.548s][gc,reloc    ] GC(302) Medium Pages: 1 / 4M, Empty: 0M, Relocated: 0M, In-Place: 0
[2024-07-21T22:32:50.559+0800][18.548s][gc,reloc    ] GC(302) Large Pages: 58 / 116M, Empty: 80M, Relocated: 0M, In-Place: 0
[2024-07-21T22:32:50.559+0800][18.548s][gc,reloc    ] GC(302) Forwarding Usage: 0M
[2024-07-21T22:32:50.559+0800][18.548s][gc,heap     ] GC(302) Min Capacity: 8M(6%)
[2024-07-21T22:32:50.559+0800][18.548s][gc,heap     ] GC(302) Max Capacity: 128M(100%)
[2024-07-21T22:32:50.559+0800][18.548s][gc,heap     ] GC(302) Soft Max Capacity: 128M(100%)
[2024-07-21T22:32:50.559+0800][18.548s][gc,heap     ] GC(302)                Mark Start          Mark End        Relocate Start      Relocate End           High               Low         
[2024-07-21T22:32:50.559+0800][18.548s][gc,heap     ] GC(302)  Capacity:      128M (100%)        128M (100%)        128M (100%)        128M (100%)        128M (100%)        128M (100%)   
[2024-07-21T22:32:50.559+0800][18.548s][gc,heap     ] GC(302)      Free:        0M (0%)            0M (0%)           80M (62%)          78M (61%)          82M (64%)           0M (0%)     
[2024-07-21T22:32:50.559+0800][18.548s][gc,heap     ] GC(302)      Used:      128M (100%)        128M (100%)         48M (38%)          50M (39%)         128M (100%)         46M (36%)    
[2024-07-21T22:32:50.559+0800][18.548s][gc,heap     ] GC(302)      Live:         -                40M (32%)          40M (32%)          40M (32%)            -                  -          
[2024-07-21T22:32:50.559+0800][18.548s][gc,heap     ] GC(302) Allocated:         -                 0M (0%)            2M (2%)            4M (3%)             -                  -          
[2024-07-21T22:32:50.559+0800][18.548s][gc,heap     ] GC(302)   Garbage:         -                87M (68%)           5M (4%)            5M (4%)             -                  -          
[2024-07-21T22:32:50.559+0800][18.548s][gc,heap     ] GC(302) Reclaimed:         -                  -                82M (64%)          82M (64%)            -                  -          
[2024-07-21T22:32:50.559+0800][18.548s][gc          ] GC(302) Garbage Collection (Allocation Stall) 128M(100%)->50M(39%)
[2024-07-21T22:32:50.567+0800][18.555s][gc,start    ] GC(303) Garbage Collection (Allocation Rate)
[2024-07-21T22:32:50.567+0800][18.555s][gc,task     ] GC(303) Using 1 workers
[2024-07-21T22:32:50.567+0800][18.555s][gc,phases   ] GC(303) Pause Mark Start 0.013ms
[2024-07-21T22:32:50.569+0800][18.558s][gc,phases   ] GC(303) Concurrent Mark 2.993ms
[2024-07-21T22:32:50.570+0800][18.558s][gc,phases   ] GC(303) Pause Mark End 0.007ms
[2024-07-21T22:32:50.570+0800][18.558s][gc,phases   ] GC(303) Concurrent Mark Free 0.001ms
[2024-07-21T22:32:50.571+0800][18.560s][gc,phases   ] GC(303) Concurrent Process Non-Strong References 1.105ms
[2024-07-21T22:32:50.571+0800][18.560s][gc,phases   ] GC(303) Concurrent Reset Relocation Set 0.000ms
[2024-07-21T22:32:50.573+0800][18.561s][gc,phases   ] GC(303) Concurrent Select Relocation Set 1.784ms
[2024-07-21T22:32:50.573+0800][18.562s][gc,phases   ] GC(303) Pause Relocate Start 0.004ms
[2024-07-21T22:32:50.573+0800][18.562s][gc,phases   ] GC(303) Concurrent Relocate 0.531ms
[2024-07-21T22:32:50.574+0800][18.562s][gc,load     ] GC(303) Load: 0.00/0.00/0.00
[2024-07-21T22:32:50.574+0800][18.562s][gc,mmu      ] GC(303) MMU: 2ms/96.5%, 5ms/98.4%, 10ms/99.1%, 20ms/99.5%, 50ms/99.7%, 100ms/99.9%
[2024-07-21T22:32:50.574+0800][18.562s][gc,marking  ] GC(303) Mark: 1 stripe(s), 1 proactive flush(es), 1 terminate flush(es), 0 completion(s), 0 continuation(s) 
[2024-07-21T22:32:50.574+0800][18.562s][gc,marking  ] GC(303) Mark Stack Usage: 32M
[2024-07-21T22:32:50.574+0800][18.562s][gc,nmethod  ] GC(303) NMethods: 472 registered, 0 unregistered
[2024-07-21T22:32:50.574+0800][18.562s][gc,metaspace] GC(303) Metaspace: 1M used, 1M committed, 1032M reserved
[2024-07-21T22:32:50.574+0800][18.562s][gc,ref      ] GC(303) Soft: 43 encountered, 0 discovered, 0 enqueued
[2024-07-21T22:32:50.574+0800][18.562s][gc,ref      ] GC(303) Weak: 131 encountered, 107 discovered, 0 enqueued
[2024-07-21T22:32:50.574+0800][18.562s][gc,ref      ] GC(303) Final: 0 encountered, 0 discovered, 0 enqueued
[2024-07-21T22:32:50.574+0800][18.562s][gc,ref      ] GC(303) Phantom: 184 encountered, 98 discovered, 0 enqueued
[2024-07-21T22:32:50.574+0800][18.562s][gc,reloc    ] GC(303) Small Pages: 4 / 8M, Empty: 0M, Relocated: 1M, In-Place: 0
[2024-07-21T22:32:50.574+0800][18.562s][gc,reloc    ] GC(303) Medium Pages: 1 / 4M, Empty: 0M, Relocated: 0M, In-Place: 0
[2024-07-21T22:32:50.574+0800][18.562s][gc,reloc    ] GC(303) Large Pages: 20 / 40M, Empty: 40M, Relocated: 0M, In-Place: 0
[2024-07-21T22:32:50.574+0800][18.563s][gc,reloc    ] GC(303) Forwarding Usage: 0M
[2024-07-21T22:32:50.574+0800][18.563s][gc,heap     ] GC(303) Min Capacity: 8M(6%)
[2024-07-21T22:32:50.574+0800][18.563s][gc,heap     ] GC(303) Max Capacity: 128M(100%)
[2024-07-21T22:32:50.574+0800][18.563s][gc,heap     ] GC(303) Soft Max Capacity: 128M(100%)
[2024-07-21T22:32:50.574+0800][18.563s][gc,heap     ] GC(303)                Mark Start          Mark End        Relocate Start      Relocate End           High               Low         
[2024-07-21T22:32:50.574+0800][18.563s][gc,heap     ] GC(303)  Capacity:      128M (100%)        128M (100%)        128M (100%)        128M (100%)        128M (100%)        128M (100%)   
[2024-07-21T22:32:50.574+0800][18.563s][gc,heap     ] GC(303)      Free:       76M (59%)          76M (59%)         116M (91%)         118M (92%)         118M (92%)          76M (59%)    
[2024-07-21T22:32:50.574+0800][18.563s][gc,heap     ] GC(303)      Used:       52M (41%)          52M (41%)          12M (9%)           10M (8%)           52M (41%)          10M (8%)     
[2024-07-21T22:32:50.574+0800][18.563s][gc,heap     ] GC(303)      Live:         -                 4M (4%)            4M (4%)            4M (4%)             -                  -          
[2024-07-21T22:32:50.574+0800][18.563s][gc,heap     ] GC(303) Allocated:         -                 0M (0%)            0M (0%)            0M (0%)             -                  -          
[2024-07-21T22:32:50.574+0800][18.563s][gc,heap     ] GC(303)   Garbage:         -                47M (37%)           7M (6%)            5M (4%)             -                  -          
[2024-07-21T22:32:50.574+0800][18.563s][gc,heap     ] GC(303) Reclaimed:         -                  -                40M (31%)          42M (33%)            -                  -          
[2024-07-21T22:32:50.574+0800][18.563s][gc          ] GC(303) Garbage Collection (Allocation Rate) 52M(41%)->10M(8%)
[2024-07-21T22:32:50.662+0800][18.651s][gc,start    ] GC(304) Garbage Collection (Allocation Stall)
[2024-07-21T22:32:50.662+0800][18.651s][gc,ref      ] GC(304) Clearing All SoftReferences
[2024-07-21T22:32:50.662+0800][18.651s][gc,task     ] GC(304) Using 1 workers
[2024-07-21T22:32:50.662+0800][18.651s][gc,phases   ] GC(304) Pause Mark Start 0.006ms
[2024-07-21T22:32:50.667+0800][18.656s][gc,phases   ] GC(304) Concurrent Mark 5.302ms
[2024-07-21T22:32:50.668+0800][18.656s][gc,phases   ] GC(304) Pause Mark End 0.015ms
[2024-07-21T22:32:50.668+0800][18.656s][gc,phases   ] GC(304) Concurrent Mark Free 0.001ms
[2024-07-21T22:32:50.669+0800][18.658s][gc,phases   ] GC(304) Concurrent Process Non-Strong References 1.456ms
[2024-07-21T22:32:50.669+0800][18.658s][gc,phases   ] GC(304) Concurrent Reset Relocation Set 0.002ms
[2024-07-21T22:32:50.671+0800][18.660s][gc          ] Allocation Stall (main) 9.652ms
[2024-07-21T22:32:50.671+0800][18.660s][gc,phases   ] GC(304) Concurrent Select Relocation Set 2.126ms
[2024-07-21T22:32:50.672+0800][18.660s][gc,phases   ] GC(304) Pause Relocate Start 0.012ms
[2024-07-21T22:32:50.672+0800][18.661s][gc,phases   ] GC(304) Concurrent Relocate 0.106ms
[2024-07-21T22:32:50.672+0800][18.661s][gc,load     ] GC(304) Load: 0.00/0.00/0.00
[2024-07-21T22:32:50.672+0800][18.661s][gc,mmu      ] GC(304) MMU: 2ms/96.5%, 5ms/98.4%, 10ms/99.1%, 20ms/99.5%, 50ms/99.7%, 100ms/99.9%
[2024-07-21T22:32:50.672+0800][18.661s][gc,marking  ] GC(304) Mark: 1 stripe(s), 1 proactive flush(es), 1 terminate flush(es), 0 completion(s), 0 continuation(s) 
[2024-07-21T22:32:50.672+0800][18.661s][gc,marking  ] GC(304) Mark Stack Usage: 32M
[2024-07-21T22:32:50.672+0800][18.661s][gc,nmethod  ] GC(304) NMethods: 472 registered, 0 unregistered
[2024-07-21T22:32:50.672+0800][18.661s][gc,metaspace] GC(304) Metaspace: 1M used, 1M committed, 1032M reserved
[2024-07-21T22:32:50.672+0800][18.661s][gc,ref      ] GC(304) Soft: 43 encountered, 20 discovered, 0 enqueued
[2024-07-21T22:32:50.672+0800][18.661s][gc,ref      ] GC(304) Weak: 131 encountered, 107 discovered, 0 enqueued
[2024-07-21T22:32:50.672+0800][18.661s][gc,ref      ] GC(304) Final: 0 encountered, 0 discovered, 0 enqueued
[2024-07-21T22:32:50.672+0800][18.661s][gc,ref      ] GC(304) Phantom: 184 encountered, 98 discovered, 0 enqueued
[2024-07-21T22:32:50.672+0800][18.661s][gc,reloc    ] GC(304) Small Pages: 4 / 8M, Empty: 2M, Relocated: 0M, In-Place: 0
[2024-07-21T22:32:50.672+0800][18.661s][gc,reloc    ] GC(304) Medium Pages: 1 / 4M, Empty: 0M, Relocated: 0M, In-Place: 0
[2024-07-21T22:32:50.672+0800][18.661s][gc,reloc    ] GC(304) Large Pages: 58 / 116M, Empty: 80M, Relocated: 0M, In-Place: 0
[2024-07-21T22:32:50.672+0800][18.661s][gc,reloc    ] GC(304) Forwarding Usage: 0M
[2024-07-21T22:32:50.672+0800][18.661s][gc,heap     ] GC(304) Min Capacity: 8M(6%)
[2024-07-21T22:32:50.672+0800][18.661s][gc,heap     ] GC(304) Max Capacity: 128M(100%)
[2024-07-21T22:32:50.672+0800][18.661s][gc,heap     ] GC(304) Soft Max Capacity: 128M(100%)
[2024-07-21T22:32:50.672+0800][18.661s][gc,heap     ] GC(304)                Mark Start          Mark End        Relocate Start      Relocate End           High               Low         
[2024-07-21T22:32:50.672+0800][18.661s][gc,heap     ] GC(304)  Capacity:      128M (100%)        128M (100%)        128M (100%)        128M (100%)        128M (100%)        128M (100%)   
[2024-07-21T22:32:50.672+0800][18.661s][gc,heap     ] GC(304)      Free:        0M (0%)            0M (0%)           80M (62%)          76M (59%)          82M (64%)           0M (0%)     
[2024-07-21T22:32:50.672+0800][18.661s][gc,heap     ] GC(304)      Used:      128M (100%)        128M (100%)         48M (38%)          52M (41%)         128M (100%)         46M (36%)    
[2024-07-21T22:32:50.672+0800][18.661s][gc,heap     ] GC(304)      Live:         -                40M (32%)          40M (32%)          40M (32%)            -                  -          
[2024-07-21T22:32:50.672+0800][18.661s][gc,heap     ] GC(304) Allocated:         -                 0M (0%)            2M (2%)            6M (5%)             -                  -          
[2024-07-21T22:32:50.672+0800][18.661s][gc,heap     ] GC(304)   Garbage:         -                87M (68%)           5M (4%)            5M (4%)             -                  -          
[2024-07-21T22:32:50.672+0800][18.661s][gc,heap     ] GC(304) Reclaimed:         -                  -                82M (64%)          82M (64%)            -                  -          
[2024-07-21T22:32:50.672+0800][18.661s][gc          ] GC(304) Garbage Collection (Allocation Stall) 128M(100%)->52M(41%)
[2024-07-21T22:32:50.677+0800][18.665s][gc,start    ] GC(305) Garbage Collection (Allocation Rate)
[2024-07-21T22:32:50.677+0800][18.666s][gc,task     ] GC(305) Using 1 workers
[2024-07-21T22:32:50.677+0800][18.666s][gc,phases   ] GC(305) Pause Mark Start 0.015ms
[2024-07-21T22:32:50.681+0800][18.670s][gc,phases   ] GC(305) Concurrent Mark 4.343ms
[2024-07-21T22:32:50.682+0800][18.670s][gc,phases   ] GC(305) Pause Mark End 0.012ms
[2024-07-21T22:32:50.682+0800][18.670s][gc,phases   ] GC(305) Concurrent Mark Free 0.001ms
[2024-07-21T22:32:50.683+0800][18.672s][gc,phases   ] GC(305) Concurrent Process Non-Strong References 1.695ms
[2024-07-21T22:32:50.683+0800][18.672s][gc,phases   ] GC(305) Concurrent Reset Relocation Set 0.001ms
[2024-07-21T22:32:50.686+0800][18.675s][gc,phases   ] GC(305) Concurrent Select Relocation Set 2.402ms
[2024-07-21T22:32:50.686+0800][18.675s][gc,phases   ] GC(305) Pause Relocate Start 0.007ms
[2024-07-21T22:32:50.687+0800][18.676s][gc,phases   ] GC(305) Concurrent Relocate 0.623ms
[2024-07-21T22:32:50.687+0800][18.676s][gc,load     ] GC(305) Load: 0.00/0.00/0.00
[2024-07-21T22:32:50.687+0800][18.676s][gc,mmu      ] GC(305) MMU: 2ms/96.5%, 5ms/98.4%, 10ms/99.1%, 20ms/99.5%, 50ms/99.7%, 100ms/99.9%
[2024-07-21T22:32:50.687+0800][18.676s][gc,marking  ] GC(305) Mark: 1 stripe(s), 1 proactive flush(es), 1 terminate flush(es), 0 completion(s), 0 continuation(s) 
[2024-07-21T22:32:50.687+0800][18.676s][gc,marking  ] GC(305) Mark Stack Usage: 32M
[2024-07-21T22:32:50.687+0800][18.676s][gc,nmethod  ] GC(305) NMethods: 472 registered, 0 unregistered
[2024-07-21T22:32:50.687+0800][18.676s][gc,metaspace] GC(305) Metaspace: 1M used, 1M committed, 1032M reserved
[2024-07-21T22:32:50.687+0800][18.676s][gc,ref      ] GC(305) Soft: 43 encountered, 0 discovered, 0 enqueued
[2024-07-21T22:32:50.687+0800][18.676s][gc,ref      ] GC(305) Weak: 131 encountered, 107 discovered, 0 enqueued
[2024-07-21T22:32:50.687+0800][18.676s][gc,ref      ] GC(305) Final: 0 encountered, 0 discovered, 0 enqueued
[2024-07-21T22:32:50.687+0800][18.676s][gc,ref      ] GC(305) Phantom: 184 encountered, 98 discovered, 0 enqueued
[2024-07-21T22:32:50.687+0800][18.676s][gc,reloc    ] GC(305) Small Pages: 4 / 8M, Empty: 0M, Relocated: 1M, In-Place: 0
[2024-07-21T22:32:50.687+0800][18.676s][gc,reloc    ] GC(305) Medium Pages: 1 / 4M, Empty: 0M, Relocated: 0M, In-Place: 0
[2024-07-21T22:32:50.687+0800][18.676s][gc,reloc    ] GC(305) Large Pages: 20 / 40M, Empty: 40M, Relocated: 0M, In-Place: 0
[2024-07-21T22:32:50.687+0800][18.676s][gc,reloc    ] GC(305) Forwarding Usage: 0M
[2024-07-21T22:32:50.687+0800][18.676s][gc,heap     ] GC(305) Min Capacity: 8M(6%)
[2024-07-21T22:32:50.687+0800][18.676s][gc,heap     ] GC(305) Max Capacity: 128M(100%)
[2024-07-21T22:32:50.687+0800][18.676s][gc,heap     ] GC(305) Soft Max Capacity: 128M(100%)
[2024-07-21T22:32:50.687+0800][18.676s][gc,heap     ] GC(305)                Mark Start          Mark End        Relocate Start      Relocate End           High               Low         
[2024-07-21T22:32:50.687+0800][18.676s][gc,heap     ] GC(305)  Capacity:      128M (100%)        128M (100%)        128M (100%)        128M (100%)        128M (100%)        128M (100%)   
[2024-07-21T22:32:50.687+0800][18.676s][gc,heap     ] GC(305)      Free:       76M (59%)          76M (59%)         116M (91%)         118M (92%)         118M (92%)          76M (59%)    
[2024-07-21T22:32:50.687+0800][18.676s][gc,heap     ] GC(305)      Used:       52M (41%)          52M (41%)          12M (9%)           10M (8%)           52M (41%)          10M (8%)     
[2024-07-21T22:32:50.687+0800][18.676s][gc,heap     ] GC(305)      Live:         -                 4M (4%)            4M (4%)            4M (4%)             -                  -          
[2024-07-21T22:32:50.687+0800][18.676s][gc,heap     ] GC(305) Allocated:         -                 0M (0%)            0M (0%)            0M (0%)             -                  -          
[2024-07-21T22:32:50.687+0800][18.676s][gc,heap     ] GC(305)   Garbage:         -                47M (37%)           7M (6%)            5M (4%)             -                  -          
[2024-07-21T22:32:50.687+0800][18.676s][gc,heap     ] GC(305) Reclaimed:         -                  -                40M (31%)          42M (33%)            -                  -          
[2024-07-21T22:32:50.687+0800][18.676s][gc          ] GC(305) Garbage Collection (Allocation Rate) 52M(41%)->10M(8%)
[2024-07-21T22:32:50.773+0800][18.761s][gc,start    ] GC(306) Garbage Collection (Allocation Rate)
[2024-07-21T22:32:50.773+0800][18.761s][gc,task     ] GC(306) Using 1 workers
[2024-07-21T22:32:50.773+0800][18.761s][gc,phases   ] GC(306) Pause Mark Start 0.013ms
[2024-07-21T22:32:50.776+0800][18.765s][gc,phases   ] GC(306) Concurrent Mark 3.546ms
[2024-07-21T22:32:50.776+0800][18.765s][gc,phases   ] GC(306) Pause Mark End 0.008ms
[2024-07-21T22:32:50.776+0800][18.765s][gc,phases   ] GC(306) Concurrent Mark Free 0.001ms
[2024-07-21T22:32:50.778+0800][18.766s][gc,phases   ] GC(306) Concurrent Process Non-Strong References 1.073ms
[2024-07-21T22:32:50.778+0800][18.766s][gc,phases   ] GC(306) Concurrent Reset Relocation Set 0.001ms
[2024-07-21T22:32:50.779+0800][18.768s][gc          ] Allocation Stall (main) 5.792ms
[2024-07-21T22:32:50.779+0800][18.768s][gc,phases   ] GC(306) Concurrent Select Relocation Set 1.820ms
[2024-07-21T22:32:50.780+0800][18.768s][gc,phases   ] GC(306) Pause Relocate Start 0.004ms
[2024-07-21T22:32:50.780+0800][18.769s][gc,phases   ] GC(306) Concurrent Relocate 0.118ms
[2024-07-21T22:32:50.780+0800][18.769s][gc,load     ] GC(306) Load: 0.00/0.00/0.00
[2024-07-21T22:32:50.780+0800][18.769s][gc,mmu      ] GC(306) MMU: 2ms/96.5%, 5ms/98.4%, 10ms/99.1%, 20ms/99.5%, 50ms/99.7%, 100ms/99.9%
[2024-07-21T22:32:50.780+0800][18.769s][gc,marking  ] GC(306) Mark: 1 stripe(s), 2 proactive flush(es), 1 terminate flush(es), 0 completion(s), 0 continuation(s) 
[2024-07-21T22:32:50.780+0800][18.769s][gc,marking  ] GC(306) Mark Stack Usage: 32M
[2024-07-21T22:32:50.780+0800][18.769s][gc,nmethod  ] GC(306) NMethods: 472 registered, 0 unregistered
[2024-07-21T22:32:50.780+0800][18.769s][gc,metaspace] GC(306) Metaspace: 1M used, 1M committed, 1032M reserved
[2024-07-21T22:32:50.780+0800][18.769s][gc,ref      ] GC(306) Soft: 43 encountered, 0 discovered, 0 enqueued
[2024-07-21T22:32:50.780+0800][18.769s][gc,ref      ] GC(306) Weak: 131 encountered, 107 discovered, 0 enqueued
[2024-07-21T22:32:50.780+0800][18.769s][gc,ref      ] GC(306) Final: 0 encountered, 0 discovered, 0 enqueued
[2024-07-21T22:32:50.780+0800][18.769s][gc,ref      ] GC(306) Phantom: 184 encountered, 98 discovered, 0 enqueued
[2024-07-21T22:32:50.780+0800][18.769s][gc,reloc    ] GC(306) Small Pages: 4 / 8M, Empty: 2M, Relocated: 0M, In-Place: 0
[2024-07-21T22:32:50.780+0800][18.769s][gc,reloc    ] GC(306) Medium Pages: 1 / 4M, Empty: 0M, Relocated: 0M, In-Place: 0
[2024-07-21T22:32:50.780+0800][18.769s][gc,reloc    ] GC(306) Large Pages: 53 / 106M, Empty: 80M, Relocated: 0M, In-Place: 0
[2024-07-21T22:32:50.780+0800][18.769s][gc,reloc    ] GC(306) Forwarding Usage: 0M
[2024-07-21T22:32:50.780+0800][18.769s][gc,heap     ] GC(306) Min Capacity: 8M(6%)
[2024-07-21T22:32:50.780+0800][18.769s][gc,heap     ] GC(306) Max Capacity: 128M(100%)
[2024-07-21T22:32:50.780+0800][18.769s][gc,heap     ] GC(306) Soft Max Capacity: 128M(100%)
[2024-07-21T22:32:50.780+0800][18.769s][gc,heap     ] GC(306)                Mark Start          Mark End        Relocate Start      Relocate End           High               Low         
[2024-07-21T22:32:50.780+0800][18.769s][gc,heap     ] GC(306)  Capacity:      128M (100%)        128M (100%)        128M (100%)        128M (100%)        128M (100%)        128M (100%)   
[2024-07-21T22:32:50.780+0800][18.769s][gc,heap     ] GC(306)      Free:       10M (8%)            0M (0%)           76M (59%)          76M (59%)          82M (64%)           0M (0%)     
[2024-07-21T22:32:50.780+0800][18.769s][gc,heap     ] GC(306)      Used:      118M (92%)         128M (100%)         52M (41%)          52M (41%)         128M (100%)         46M (36%)    
[2024-07-21T22:32:50.780+0800][18.769s][gc,heap     ] GC(306)      Live:         -                30M (24%)          30M (24%)          30M (24%)            -                  -          
[2024-07-21T22:32:50.780+0800][18.769s][gc,heap     ] GC(306) Allocated:         -                10M (8%)           16M (12%)          16M (12%)            -                  -          
[2024-07-21T22:32:50.780+0800][18.769s][gc,heap     ] GC(306)   Garbage:         -                87M (68%)           5M (4%)            5M (4%)             -                  -          
[2024-07-21T22:32:50.780+0800][18.769s][gc,heap     ] GC(306) Reclaimed:         -                  -                82M (64%)          82M (64%)            -                  -          
[2024-07-21T22:32:50.780+0800][18.769s][gc          ] GC(306) Garbage Collection (Allocation Rate) 118M(92%)->52M(41%)
[2024-07-21T22:32:50.852+0800][18.841s][gc,start    ] GC(307) Garbage Collection (Allocation Stall)
[2024-07-21T22:32:50.852+0800][18.841s][gc,ref      ] GC(307) Clearing All SoftReferences
[2024-07-21T22:32:50.852+0800][18.841s][gc,task     ] GC(307) Using 1 workers
[2024-07-21T22:32:50.853+0800][18.841s][gc,phases   ] GC(307) Pause Mark Start 0.009ms
[2024-07-21T22:32:50.857+0800][18.845s][gc,phases   ] GC(307) Concurrent Mark 3.849ms
[2024-07-21T22:32:50.857+0800][18.846s][gc,phases   ] GC(307) Pause Mark End 0.009ms
[2024-07-21T22:32:50.857+0800][18.846s][gc,phases   ] GC(307) Concurrent Mark Free 0.001ms
[2024-07-21T22:32:50.858+0800][18.847s][gc,phases   ] GC(307) Concurrent Process Non-Strong References 1.386ms
[2024-07-21T22:32:50.858+0800][18.847s][gc,phases   ] GC(307) Concurrent Reset Relocation Set 0.000ms
[2024-07-21T22:32:50.861+0800][18.849s][gc          ] Allocation Stall (main) 8.375ms
[2024-07-21T22:32:50.861+0800][18.850s][gc,phases   ] GC(307) Concurrent Select Relocation Set 2.441ms
[2024-07-21T22:32:50.861+0800][18.850s][gc,phases   ] GC(307) Pause Relocate Start 0.017ms
[2024-07-21T22:32:50.861+0800][18.850s][gc,phases   ] GC(307) Concurrent Relocate 0.096ms
[2024-07-21T22:32:50.862+0800][18.850s][gc,load     ] GC(307) Load: 0.00/0.00/0.00
[2024-07-21T22:32:50.862+0800][18.850s][gc,mmu      ] GC(307) MMU: 2ms/96.5%, 5ms/98.4%, 10ms/99.1%, 20ms/99.5%, 50ms/99.7%, 100ms/99.9%
[2024-07-21T22:32:50.862+0800][18.850s][gc,marking  ] GC(307) Mark: 1 stripe(s), 1 proactive flush(es), 1 terminate flush(es), 0 completion(s), 0 continuation(s) 
[2024-07-21T22:32:50.862+0800][18.850s][gc,marking  ] GC(307) Mark Stack Usage: 32M
[2024-07-21T22:32:50.862+0800][18.850s][gc,nmethod  ] GC(307) NMethods: 472 registered, 0 unregistered
[2024-07-21T22:32:50.862+0800][18.851s][gc,metaspace] GC(307) Metaspace: 1M used, 1M committed, 1032M reserved
[2024-07-21T22:32:50.862+0800][18.851s][gc,ref      ] GC(307) Soft: 43 encountered, 20 discovered, 0 enqueued
[2024-07-21T22:32:50.862+0800][18.851s][gc,ref      ] GC(307) Weak: 131 encountered, 107 discovered, 0 enqueued
[2024-07-21T22:32:50.862+0800][18.851s][gc,ref      ] GC(307) Final: 0 encountered, 0 discovered, 0 enqueued
[2024-07-21T22:32:50.862+0800][18.851s][gc,ref      ] GC(307) Phantom: 184 encountered, 98 discovered, 0 enqueued
[2024-07-21T22:32:50.862+0800][18.851s][gc,reloc    ] GC(307) Small Pages: 4 / 8M, Empty: 2M, Relocated: 0M, In-Place: 0
[2024-07-21T22:32:50.862+0800][18.851s][gc,reloc    ] GC(307) Medium Pages: 1 / 4M, Empty: 0M, Relocated: 0M, In-Place: 0
[2024-07-21T22:32:50.862+0800][18.851s][gc,reloc    ] GC(307) Large Pages: 58 / 116M, Empty: 80M, Relocated: 0M, In-Place: 0
[2024-07-21T22:32:50.862+0800][18.851s][gc,reloc    ] GC(307) Forwarding Usage: 0M
[2024-07-21T22:32:50.862+0800][18.851s][gc,heap     ] GC(307) Min Capacity: 8M(6%)
[2024-07-21T22:32:50.862+0800][18.851s][gc,heap     ] GC(307) Max Capacity: 128M(100%)
[2024-07-21T22:32:50.862+0800][18.851s][gc,heap     ] GC(307) Soft Max Capacity: 128M(100%)
[2024-07-21T22:32:50.862+0800][18.851s][gc,heap     ] GC(307)                Mark Start          Mark End        Relocate Start      Relocate End           High               Low         
[2024-07-21T22:32:50.862+0800][18.851s][gc,heap     ] GC(307)  Capacity:      128M (100%)        128M (100%)        128M (100%)        128M (100%)        128M (100%)        128M (100%)   
[2024-07-21T22:32:50.862+0800][18.851s][gc,heap     ] GC(307)      Free:        0M (0%)            0M (0%)           80M (62%)          80M (62%)          82M (64%)           0M (0%)     
[2024-07-21T22:32:50.862+0800][18.851s][gc,heap     ] GC(307)      Used:      128M (100%)        128M (100%)         48M (38%)          48M (38%)         128M (100%)         46M (36%)    
[2024-07-21T22:32:50.862+0800][18.851s][gc,heap     ] GC(307)      Live:         -                40M (32%)          40M (32%)          40M (32%)            -                  -          
[2024-07-21T22:32:50.862+0800][18.851s][gc,heap     ] GC(307) Allocated:         -                 0M (0%)            2M (2%)            2M (2%)             -                  -          
[2024-07-21T22:32:50.862+0800][18.851s][gc,heap     ] GC(307)   Garbage:         -                87M (68%)           5M (4%)            5M (4%)             -                  -          
[2024-07-21T22:32:50.862+0800][18.851s][gc,heap     ] GC(307) Reclaimed:         -                  -                82M (64%)          82M (64%)            -                  -          
[2024-07-21T22:32:50.862+0800][18.851s][gc          ] GC(307) Garbage Collection (Allocation Stall) 128M(100%)->48M(38%)
[2024-07-21T22:32:50.868+0800][18.857s][gc,start    ] GC(308) Garbage Collection (Allocation Rate)
[2024-07-21T22:32:50.868+0800][18.857s][gc,task     ] GC(308) Using 1 workers
[2024-07-21T22:32:50.868+0800][18.857s][gc,phases   ] GC(308) Pause Mark Start 0.026ms
[2024-07-21T22:32:50.873+0800][18.861s][gc,phases   ] GC(308) Concurrent Mark 4.544ms
[2024-07-21T22:32:50.873+0800][18.862s][gc,phases   ] GC(308) Pause Mark End 0.010ms
[2024-07-21T22:32:50.873+0800][18.862s][gc,phases   ] GC(308) Concurrent Mark Free 0.001ms
[2024-07-21T22:32:50.874+0800][18.863s][gc,phases   ] GC(308) Concurrent Process Non-Strong References 1.384ms
[2024-07-21T22:32:50.874+0800][18.863s][gc,phases   ] GC(308) Concurrent Reset Relocation Set 0.000ms
[2024-07-21T22:32:50.877+0800][18.866s][gc,phases   ] GC(308) Concurrent Select Relocation Set 2.351ms
[2024-07-21T22:32:50.877+0800][18.866s][gc,phases   ] GC(308) Pause Relocate Start 0.007ms
[2024-07-21T22:32:50.878+0800][18.867s][gc,phases   ] GC(308) Concurrent Relocate 0.957ms
[2024-07-21T22:32:50.878+0800][18.867s][gc,load     ] GC(308) Load: 0.00/0.00/0.00
[2024-07-21T22:32:50.878+0800][18.867s][gc,mmu      ] GC(308) MMU: 2ms/96.5%, 5ms/98.4%, 10ms/99.1%, 20ms/99.5%, 50ms/99.7%, 100ms/99.9%
[2024-07-21T22:32:50.878+0800][18.867s][gc,marking  ] GC(308) Mark: 1 stripe(s), 1 proactive flush(es), 1 terminate flush(es), 0 completion(s), 0 continuation(s) 
[2024-07-21T22:32:50.878+0800][18.867s][gc,marking  ] GC(308) Mark Stack Usage: 32M
[2024-07-21T22:32:50.878+0800][18.867s][gc,nmethod  ] GC(308) NMethods: 472 registered, 0 unregistered
[2024-07-21T22:32:50.878+0800][18.867s][gc,metaspace] GC(308) Metaspace: 1M used, 1M committed, 1032M reserved
[2024-07-21T22:32:50.878+0800][18.867s][gc,ref      ] GC(308) Soft: 43 encountered, 0 discovered, 0 enqueued
[2024-07-21T22:32:50.878+0800][18.867s][gc,ref      ] GC(308) Weak: 131 encountered, 107 discovered, 0 enqueued
[2024-07-21T22:32:50.878+0800][18.867s][gc,ref      ] GC(308) Final: 0 encountered, 0 discovered, 0 enqueued
[2024-07-21T22:32:50.878+0800][18.867s][gc,ref      ] GC(308) Phantom: 184 encountered, 98 discovered, 0 enqueued
[2024-07-21T22:32:50.878+0800][18.867s][gc,reloc    ] GC(308) Small Pages: 4 / 8M, Empty: 0M, Relocated: 1M, In-Place: 0
[2024-07-21T22:32:50.878+0800][18.867s][gc,reloc    ] GC(308) Medium Pages: 1 / 4M, Empty: 0M, Relocated: 0M, In-Place: 0
[2024-07-21T22:32:50.878+0800][18.867s][gc,reloc    ] GC(308) Large Pages: 20 / 40M, Empty: 40M, Relocated: 0M, In-Place: 0
[2024-07-21T22:32:50.878+0800][18.867s][gc,reloc    ] GC(308) Forwarding Usage: 0M
[2024-07-21T22:32:50.878+0800][18.867s][gc,heap     ] GC(308) Min Capacity: 8M(6%)
[2024-07-21T22:32:50.878+0800][18.867s][gc,heap     ] GC(308) Max Capacity: 128M(100%)
[2024-07-21T22:32:50.878+0800][18.867s][gc,heap     ] GC(308) Soft Max Capacity: 128M(100%)
[2024-07-21T22:32:50.878+0800][18.867s][gc,heap     ] GC(308)                Mark Start          Mark End        Relocate Start      Relocate End           High               Low         
[2024-07-21T22:32:50.878+0800][18.867s][gc,heap     ] GC(308)  Capacity:      128M (100%)        128M (100%)        128M (100%)        128M (100%)        128M (100%)        128M (100%)   
[2024-07-21T22:32:50.878+0800][18.867s][gc,heap     ] GC(308)      Free:       76M (59%)          76M (59%)         116M (91%)         118M (92%)         118M (92%)          76M (59%)    
[2024-07-21T22:32:50.878+0800][18.867s][gc,heap     ] GC(308)      Used:       52M (41%)          52M (41%)          12M (9%)           10M (8%)           52M (41%)          10M (8%)     
[2024-07-21T22:32:50.878+0800][18.867s][gc,heap     ] GC(308)      Live:         -                 4M (4%)            4M (4%)            4M (4%)             -                  -          
[2024-07-21T22:32:50.878+0800][18.867s][gc,heap     ] GC(308) Allocated:         -                 0M (0%)            0M (0%)            0M (0%)             -                  -          
[2024-07-21T22:32:50.878+0800][18.867s][gc,heap     ] GC(308)   Garbage:         -                47M (37%)           7M (6%)            5M (4%)             -                  -          
[2024-07-21T22:32:50.879+0800][18.867s][gc,heap     ] GC(308) Reclaimed:         -                  -                40M (31%)          42M (33%)            -                  -          
[2024-07-21T22:32:50.879+0800][18.867s][gc          ] GC(308) Garbage Collection (Allocation Rate) 52M(41%)->10M(8%)
[2024-07-21T22:32:50.965+0800][18.954s][gc,start    ] GC(309) Garbage Collection (Allocation Stall)
[2024-07-21T22:32:50.965+0800][18.954s][gc,ref      ] GC(309) Clearing All SoftReferences
[2024-07-21T22:32:50.965+0800][18.954s][gc,task     ] GC(309) Using 1 workers
[2024-07-21T22:32:50.966+0800][18.954s][gc,phases   ] GC(309) Pause Mark Start 0.005ms
[2024-07-21T22:32:50.969+0800][18.958s][gc,phases   ] GC(309) Concurrent Mark 3.516ms
[2024-07-21T22:32:50.969+0800][18.958s][gc,phases   ] GC(309) Pause Mark End 0.011ms
[2024-07-21T22:32:50.969+0800][18.958s][gc,phases   ] GC(309) Concurrent Mark Free 0.001ms
[2024-07-21T22:32:50.971+0800][18.959s][gc,phases   ] GC(309) Concurrent Process Non-Strong References 0.972ms
[2024-07-21T22:32:50.971+0800][18.959s][gc,phases   ] GC(309) Concurrent Reset Relocation Set 0.001ms
[2024-07-21T22:32:50.972+0800][18.961s][gc          ] Allocation Stall (main) 6.987ms
[2024-07-21T22:32:50.972+0800][18.961s][gc,phases   ] GC(309) Concurrent Select Relocation Set 1.803ms
[2024-07-21T22:32:50.973+0800][18.961s][gc,phases   ] GC(309) Pause Relocate Start 0.006ms
[2024-07-21T22:32:50.973+0800][18.962s][gc,phases   ] GC(309) Concurrent Relocate 0.113ms
[2024-07-21T22:32:50.973+0800][18.962s][gc,load     ] GC(309) Load: 0.00/0.00/0.00
[2024-07-21T22:32:50.973+0800][18.962s][gc,mmu      ] GC(309) MMU: 2ms/96.5%, 5ms/98.4%, 10ms/99.1%, 20ms/99.5%, 50ms/99.7%, 100ms/99.9%
[2024-07-21T22:32:50.973+0800][18.962s][gc,marking  ] GC(309) Mark: 1 stripe(s), 1 proactive flush(es), 1 terminate flush(es), 0 completion(s), 0 continuation(s) 
[2024-07-21T22:32:50.973+0800][18.962s][gc,marking  ] GC(309) Mark Stack Usage: 32M
[2024-07-21T22:32:50.973+0800][18.962s][gc,nmethod  ] GC(309) NMethods: 472 registered, 0 unregistered
[2024-07-21T22:32:50.973+0800][18.962s][gc,metaspace] GC(309) Metaspace: 1M used, 1M committed, 1032M reserved
[2024-07-21T22:32:50.973+0800][18.962s][gc,ref      ] GC(309) Soft: 43 encountered, 20 discovered, 0 enqueued
[2024-07-21T22:32:50.973+0800][18.962s][gc,ref      ] GC(309) Weak: 131 encountered, 107 discovered, 0 enqueued
[2024-07-21T22:32:50.973+0800][18.962s][gc,ref      ] GC(309) Final: 0 encountered, 0 discovered, 0 enqueued
[2024-07-21T22:32:50.973+0800][18.962s][gc,ref      ] GC(309) Phantom: 184 encountered, 98 discovered, 0 enqueued
[2024-07-21T22:32:50.973+0800][18.962s][gc,reloc    ] GC(309) Small Pages: 4 / 8M, Empty: 2M, Relocated: 0M, In-Place: 0
[2024-07-21T22:32:50.973+0800][18.962s][gc,reloc    ] GC(309) Medium Pages: 1 / 4M, Empty: 0M, Relocated: 0M, In-Place: 0
[2024-07-21T22:32:50.973+0800][18.962s][gc,reloc    ] GC(309) Large Pages: 58 / 116M, Empty: 80M, Relocated: 0M, In-Place: 0
[2024-07-21T22:32:50.973+0800][18.962s][gc,reloc    ] GC(309) Forwarding Usage: 0M
[2024-07-21T22:32:50.973+0800][18.962s][gc,heap     ] GC(309) Min Capacity: 8M(6%)
[2024-07-21T22:32:50.973+0800][18.962s][gc,heap     ] GC(309) Max Capacity: 128M(100%)
[2024-07-21T22:32:50.973+0800][18.962s][gc,heap     ] GC(309) Soft Max Capacity: 128M(100%)
[2024-07-21T22:32:50.973+0800][18.962s][gc,heap     ] GC(309)                Mark Start          Mark End        Relocate Start      Relocate End           High               Low         
[2024-07-21T22:32:50.973+0800][18.962s][gc,heap     ] GC(309)  Capacity:      128M (100%)        128M (100%)        128M (100%)        128M (100%)        128M (100%)        128M (100%)   
[2024-07-21T22:32:50.973+0800][18.962s][gc,heap     ] GC(309)      Free:        0M (0%)            0M (0%)           76M (59%)          76M (59%)          82M (64%)           0M (0%)     
[2024-07-21T22:32:50.973+0800][18.962s][gc,heap     ] GC(309)      Used:      128M (100%)        128M (100%)         52M (41%)          52M (41%)         128M (100%)         46M (36%)    
[2024-07-21T22:32:50.973+0800][18.962s][gc,heap     ] GC(309)      Live:         -                40M (32%)          40M (32%)          40M (32%)            -                  -          
[2024-07-21T22:32:50.973+0800][18.962s][gc,heap     ] GC(309) Allocated:         -                 0M (0%)            6M (5%)            6M (5%)             -                  -          
[2024-07-21T22:32:50.973+0800][18.962s][gc,heap     ] GC(309)   Garbage:         -                87M (68%)           5M (4%)            5M (4%)             -                  -          
[2024-07-21T22:32:50.973+0800][18.962s][gc,heap     ] GC(309) Reclaimed:         -                  -                82M (64%)          82M (64%)            -                  -          
[2024-07-21T22:32:50.973+0800][18.962s][gc          ] GC(309) Garbage Collection (Allocation Stall) 128M(100%)->52M(41%)
[2024-07-21T22:32:50.981+0800][18.969s][gc,start    ] GC(310) Garbage Collection (Allocation Rate)
[2024-07-21T22:32:50.981+0800][18.969s][gc,task     ] GC(310) Using 1 workers
[2024-07-21T22:32:50.981+0800][18.969s][gc,phases   ] GC(310) Pause Mark Start 0.007ms
[2024-07-21T22:32:50.984+0800][18.973s][gc,phases   ] GC(310) Concurrent Mark 3.393ms
[2024-07-21T22:32:50.984+0800][18.973s][gc,phases   ] GC(310) Pause Mark End 0.016ms
[2024-07-21T22:32:50.984+0800][18.973s][gc,phases   ] GC(310) Concurrent Mark Free 0.001ms
[2024-07-21T22:32:50.985+0800][18.974s][gc,phases   ] GC(310) Concurrent Process Non-Strong References 1.039ms
[2024-07-21T22:32:50.985+0800][18.974s][gc,phases   ] GC(310) Concurrent Reset Relocation Set 0.000ms
[2024-07-21T22:32:50.987+0800][18.976s][gc,phases   ] GC(310) Concurrent Select Relocation Set 1.787ms
[2024-07-21T22:32:50.987+0800][18.976s][gc,phases   ] GC(310) Pause Relocate Start 0.004ms
[2024-07-21T22:32:50.988+0800][18.977s][gc,phases   ] GC(310) Concurrent Relocate 0.545ms
[2024-07-21T22:32:50.988+0800][18.977s][gc,load     ] GC(310) Load: 0.00/0.00/0.00
[2024-07-21T22:32:50.988+0800][18.977s][gc,mmu      ] GC(310) MMU: 2ms/96.5%, 5ms/98.4%, 10ms/99.1%, 20ms/99.5%, 50ms/99.7%, 100ms/99.9%
[2024-07-21T22:32:50.988+0800][18.977s][gc,marking  ] GC(310) Mark: 1 stripe(s), 1 proactive flush(es), 1 terminate flush(es), 0 completion(s), 0 continuation(s) 
[2024-07-21T22:32:50.988+0800][18.977s][gc,marking  ] GC(310) Mark Stack Usage: 32M
[2024-07-21T22:32:50.988+0800][18.977s][gc,nmethod  ] GC(310) NMethods: 472 registered, 0 unregistered
[2024-07-21T22:32:50.988+0800][18.977s][gc,metaspace] GC(310) Metaspace: 1M used, 1M committed, 1032M reserved
[2024-07-21T22:32:50.988+0800][18.977s][gc,ref      ] GC(310) Soft: 43 encountered, 0 discovered, 0 enqueued
[2024-07-21T22:32:50.988+0800][18.977s][gc,ref      ] GC(310) Weak: 131 encountered, 107 discovered, 0 enqueued
[2024-07-21T22:32:50.988+0800][18.977s][gc,ref      ] GC(310) Final: 0 encountered, 0 discovered, 0 enqueued
[2024-07-21T22:32:50.988+0800][18.977s][gc,ref      ] GC(310) Phantom: 184 encountered, 98 discovered, 0 enqueued
[2024-07-21T22:32:50.988+0800][18.977s][gc,reloc    ] GC(310) Small Pages: 4 / 8M, Empty: 0M, Relocated: 1M, In-Place: 0
[2024-07-21T22:32:50.988+0800][18.977s][gc,reloc    ] GC(310) Medium Pages: 1 / 4M, Empty: 0M, Relocated: 0M, In-Place: 0
[2024-07-21T22:32:50.988+0800][18.977s][gc,reloc    ] GC(310) Large Pages: 20 / 40M, Empty: 40M, Relocated: 0M, In-Place: 0
[2024-07-21T22:32:50.988+0800][18.977s][gc,reloc    ] GC(310) Forwarding Usage: 0M
[2024-07-21T22:32:50.988+0800][18.977s][gc,heap     ] GC(310) Min Capacity: 8M(6%)
[2024-07-21T22:32:50.988+0800][18.977s][gc,heap     ] GC(310) Max Capacity: 128M(100%)
[2024-07-21T22:32:50.988+0800][18.977s][gc,heap     ] GC(310) Soft Max Capacity: 128M(100%)
[2024-07-21T22:32:50.988+0800][18.977s][gc,heap     ] GC(310)                Mark Start          Mark End        Relocate Start      Relocate End           High               Low         
[2024-07-21T22:32:50.988+0800][18.977s][gc,heap     ] GC(310)  Capacity:      128M (100%)        128M (100%)        128M (100%)        128M (100%)        128M (100%)        128M (100%)   
[2024-07-21T22:32:50.988+0800][18.977s][gc,heap     ] GC(310)      Free:       76M (59%)          76M (59%)         116M (91%)         118M (92%)         118M (92%)          76M (59%)    
[2024-07-21T22:32:50.988+0800][18.977s][gc,heap     ] GC(310)      Used:       52M (41%)          52M (41%)          12M (9%)           10M (8%)           52M (41%)          10M (8%)     
[2024-07-21T22:32:50.988+0800][18.977s][gc,heap     ] GC(310)      Live:         -                 4M (4%)            4M (4%)            4M (4%)             -                  -          
[2024-07-21T22:32:50.988+0800][18.977s][gc,heap     ] GC(310) Allocated:         -                 0M (0%)            0M (0%)            0M (0%)             -                  -          
[2024-07-21T22:32:50.988+0800][18.977s][gc,heap     ] GC(310)   Garbage:         -                47M (37%)           7M (6%)            5M (4%)             -                  -          
[2024-07-21T22:32:50.988+0800][18.977s][gc,heap     ] GC(310) Reclaimed:         -                  -                40M (31%)          42M (33%)            -                  -          
[2024-07-21T22:32:50.988+0800][18.977s][gc          ] GC(310) Garbage Collection (Allocation Rate) 52M(41%)->10M(8%)
[2024-07-21T22:32:51.060+0800][19.049s][gc,heap,exit] Heap
[2024-07-21T22:32:51.060+0800][19.049s][gc,heap,exit]  ZHeap           used 92M, capacity 128M, max capacity 128M
[2024-07-21T22:32:51.060+0800][19.049s][gc,heap,exit]  Metaspace       used 1342K, committed 1472K, reserved 1056768K
[2024-07-21T22:32:51.060+0800][19.049s][gc,heap,exit]   class space    used 111K, committed 192K, reserved 1048576K
