[2024-07-24T19:45:31.882+0800][0.015s][gc,init] Initializing The Z Garbage Collector
[2024-07-24T19:45:31.882+0800][0.015s][gc,init] Version: 17.0.11+1-LTS (release)
[2024-07-24T19:45:31.882+0800][0.015s][gc,init] NUMA Support: Disabled
[2024-07-24T19:45:31.882+0800][0.015s][gc,init] CPUs: 8 total, 8 available
[2024-07-24T19:45:31.882+0800][0.015s][gc,init] Memory: 16281M
[2024-07-24T19:45:31.883+0800][0.015s][gc,init] Large Page Support: Disabled
[2024-07-24T19:45:31.883+0800][0.015s][gc,init] GC Workers: 2 (dynamic)
[2024-07-24T19:45:31.883+0800][0.016s][gc,init] Address Space Type: Contiguous/Unrestricted/Complete
[2024-07-24T19:45:31.883+0800][0.016s][gc,init] Address Space Size: 32768M x 3 = 98304M
[2024-07-24T19:45:31.884+0800][0.017s][gc,init] Min Capacity: 2048M
[2024-07-24T19:45:31.884+0800][0.017s][gc,init] Initial Capacity: 2048M
[2024-07-24T19:45:31.884+0800][0.017s][gc,init] Max Capacity: 2048M
[2024-07-24T19:45:31.885+0800][0.017s][gc,init] Medium Page Size: 32M
[2024-07-24T19:45:31.885+0800][0.017s][gc,init] Pre-touch: Disabled
[2024-07-24T19:45:31.885+0800][0.017s][gc,init] Uncommit: Implicitly Disabled (-Xms equals -Xmx)
[2024-07-24T19:45:31.995+0800][0.128s][gc,init] Runtime Workers: 5
[2024-07-24T19:45:31.996+0800][0.128s][gc     ] Using The Z Garbage Collector
[2024-07-24T19:45:32.007+0800][0.139s][gc,metaspace] CDS archive(s) mapped at: [0x000001f519000000-0x000001f519bc0000-0x000001f519bc0000), size 12320768, SharedBaseAddress: 0x000001f519000000, ArchiveRelocationMode: 1.
[2024-07-24T19:45:32.007+0800][0.140s][gc,metaspace] Compressed class space mapped at: 0x000001f51a000000-0x000001f55a000000, reserved size: 1073741824
[2024-07-24T19:45:32.007+0800][0.140s][gc,metaspace] Narrow klass base: 0x000001f519000000, Narrow klass shift: 0, Narrow klass range: 0x100000000
[2024-07-24T19:45:32.638+0800][0.770s][gc,start    ] GC(0) Garbage Collection (Warmup)
[2024-07-24T19:45:32.638+0800][0.770s][gc,task     ] GC(0) Using 2 workers
[2024-07-24T19:45:32.638+0800][0.770s][gc,phases   ] GC(0) Pause Mark Start 0.007ms
[2024-07-24T19:45:32.653+0800][0.785s][gc,phases   ] GC(0) Concurrent Mark 14.802ms
[2024-07-24T19:45:32.653+0800][0.785s][gc,phases   ] GC(0) Pause Mark End 0.023ms
[2024-07-24T19:45:32.653+0800][0.785s][gc,phases   ] GC(0) Concurrent Mark Free 0.001ms
[2024-07-24T19:45:32.654+0800][0.786s][gc,phases   ] GC(0) Concurrent Process Non-Strong References 0.522ms
[2024-07-24T19:45:32.654+0800][0.786s][gc,phases   ] GC(0) Concurrent Reset Relocation Set 0.000ms
[2024-07-24T19:45:32.666+0800][0.799s][gc,phases   ] GC(0) Concurrent Select Relocation Set 12.636ms
[2024-07-24T19:45:32.666+0800][0.799s][gc,phases   ] GC(0) Pause Relocate Start 0.008ms
[2024-07-24T19:45:32.668+0800][0.801s][gc,phases   ] GC(0) Concurrent Relocate 1.794ms
[2024-07-24T19:45:32.668+0800][0.801s][gc,load     ] GC(0) Load: 0.00/0.00/0.00
[2024-07-24T19:45:32.668+0800][0.801s][gc,mmu      ] GC(0) MMU: 2ms/98.8%, 5ms/99.5%, 10ms/99.8%, 20ms/99.8%, 50ms/99.9%, 100ms/100.0%
[2024-07-24T19:45:32.668+0800][0.801s][gc,marking  ] GC(0) Mark: 2 stripe(s), 1 proactive flush(es), 1 terminate flush(es), 0 completion(s), 0 continuation(s) 
[2024-07-24T19:45:32.668+0800][0.801s][gc,marking  ] GC(0) Mark Stack Usage: 32M
[2024-07-24T19:45:32.669+0800][0.801s][gc,nmethod  ] GC(0) NMethods: 323 registered, 0 unregistered
[2024-07-24T19:45:32.669+0800][0.801s][gc,metaspace] GC(0) Metaspace: 1M used, 1M committed, 1088M reserved
[2024-07-24T19:45:32.669+0800][0.801s][gc,ref      ] GC(0) Soft: 54 encountered, 0 discovered, 0 enqueued
[2024-07-24T19:45:32.669+0800][0.801s][gc,ref      ] GC(0) Weak: 153 encountered, 36 discovered, 36 enqueued
[2024-07-24T19:45:32.669+0800][0.801s][gc,ref      ] GC(0) Final: 0 encountered, 0 discovered, 0 enqueued
[2024-07-24T19:45:32.669+0800][0.801s][gc,ref      ] GC(0) Phantom: 217 encountered, 155 discovered, 33 enqueued
[2024-07-24T19:45:32.669+0800][0.801s][gc,reloc    ] GC(0) Small Pages: 6 / 12M, Empty: 0M, Relocated: 1M, In-Place: 0
[2024-07-24T19:45:32.669+0800][0.801s][gc,reloc    ] GC(0) Medium Pages: 7 / 224M, Empty: 192M, Relocated: 0M, In-Place: 0
[2024-07-24T19:45:32.669+0800][0.801s][gc,reloc    ] GC(0) Large Pages: 0 / 0M, Empty: 0M, Relocated: 0M, In-Place: 0
[2024-07-24T19:45:32.669+0800][0.801s][gc,reloc    ] GC(0) Forwarding Usage: 0M
[2024-07-24T19:45:32.669+0800][0.801s][gc,heap     ] GC(0) Min Capacity: 2048M(100%)
[2024-07-24T19:45:32.669+0800][0.801s][gc,heap     ] GC(0) Max Capacity: 2048M(100%)
[2024-07-24T19:45:32.669+0800][0.801s][gc,heap     ] GC(0) Soft Max Capacity: 2048M(100%)
[2024-07-24T19:45:32.669+0800][0.801s][gc,heap     ] GC(0)                Mark Start          Mark End        Relocate Start      Relocate End           High               Low         
[2024-07-24T19:45:32.669+0800][0.801s][gc,heap     ] GC(0)  Capacity:     2048M (100%)       2048M (100%)       2048M (100%)       2048M (100%)       2048M (100%)       2048M (100%)   
[2024-07-24T19:45:32.669+0800][0.801s][gc,heap     ] GC(0)      Free:     1812M (88%)        1780M (87%)        1970M (96%)        1974M (96%)        1974M (96%)        1778M (87%)    
[2024-07-24T19:45:32.669+0800][0.801s][gc,heap     ] GC(0)      Used:      236M (12%)         268M (13%)          78M (4%)           74M (4%)          270M (13%)          74M (4%)     
[2024-07-24T19:45:32.669+0800][0.801s][gc,heap     ] GC(0)      Live:         -                 4M (0%)            4M (0%)            4M (0%)             -                  -          
[2024-07-24T19:45:32.669+0800][0.801s][gc,heap     ] GC(0) Allocated:         -                32M (2%)           34M (2%)           34M (2%)             -                  -          
[2024-07-24T19:45:32.669+0800][0.801s][gc,heap     ] GC(0)   Garbage:         -               231M (11%)          39M (2%)           35M (2%)             -                  -          
[2024-07-24T19:45:32.669+0800][0.801s][gc,heap     ] GC(0) Reclaimed:         -                  -               192M (9%)          196M (10%)            -                  -          
[2024-07-24T19:45:32.669+0800][0.801s][gc          ] GC(0) Garbage Collection (Warmup) 236M(12%)->74M(4%)
[2024-07-24T19:45:33.435+0800][1.567s][gc,start    ] GC(1) Garbage Collection (Warmup)
[2024-07-24T19:45:33.435+0800][1.567s][gc,task     ] GC(1) Using 2 workers
[2024-07-24T19:45:33.435+0800][1.567s][gc,phases   ] GC(1) Pause Mark Start 0.006ms
[2024-07-24T19:45:33.450+0800][1.583s][gc,phases   ] GC(1) Concurrent Mark 15.397ms
[2024-07-24T19:45:33.450+0800][1.583s][gc,phases   ] GC(1) Pause Mark End 0.009ms
[2024-07-24T19:45:33.450+0800][1.583s][gc,phases   ] GC(1) Concurrent Mark Free 0.001ms
[2024-07-24T19:45:33.451+0800][1.584s][gc,phases   ] GC(1) Concurrent Process Non-Strong References 1.052ms
[2024-07-24T19:45:33.451+0800][1.584s][gc,phases   ] GC(1) Concurrent Reset Relocation Set 0.001ms
[2024-07-24T19:45:33.455+0800][1.588s][gc,phases   ] GC(1) Concurrent Select Relocation Set 4.063ms
[2024-07-24T19:45:33.455+0800][1.588s][gc,phases   ] GC(1) Pause Relocate Start 0.010ms
[2024-07-24T19:45:33.459+0800][1.592s][gc,phases   ] GC(1) Concurrent Relocate 3.322ms
[2024-07-24T19:45:33.459+0800][1.592s][gc,load     ] GC(1) Load: 0.00/0.00/0.00
[2024-07-24T19:45:33.459+0800][1.592s][gc,mmu      ] GC(1) MMU: 2ms/98.8%, 5ms/99.5%, 10ms/99.8%, 20ms/99.8%, 50ms/99.9%, 100ms/100.0%
[2024-07-24T19:45:33.459+0800][1.592s][gc,marking  ] GC(1) Mark: 2 stripe(s), 1 proactive flush(es), 1 terminate flush(es), 0 completion(s), 0 continuation(s) 
[2024-07-24T19:45:33.459+0800][1.592s][gc,marking  ] GC(1) Mark Stack Usage: 32M
[2024-07-24T19:45:33.459+0800][1.592s][gc,nmethod  ] GC(1) NMethods: 404 registered, 0 unregistered
[2024-07-24T19:45:33.459+0800][1.592s][gc,metaspace] GC(1) Metaspace: 1M used, 1M committed, 1088M reserved
[2024-07-24T19:45:33.459+0800][1.592s][gc,ref      ] GC(1) Soft: 100 encountered, 0 discovered, 0 enqueued
[2024-07-24T19:45:33.459+0800][1.592s][gc,ref      ] GC(1) Weak: 136 encountered, 16 discovered, 5 enqueued
[2024-07-24T19:45:33.459+0800][1.592s][gc,ref      ] GC(1) Final: 0 encountered, 0 discovered, 0 enqueued
[2024-07-24T19:45:33.459+0800][1.592s][gc,ref      ] GC(1) Phantom: 189 encountered, 125 discovered, 5 enqueued
[2024-07-24T19:45:33.459+0800][1.592s][gc,reloc    ] GC(1) Small Pages: 7 / 14M, Empty: 0M, Relocated: 3M, In-Place: 0
[2024-07-24T19:45:33.459+0800][1.592s][gc,reloc    ] GC(1) Medium Pages: 13 / 416M, Empty: 384M, Relocated: 0M, In-Place: 0
[2024-07-24T19:45:33.459+0800][1.592s][gc,reloc    ] GC(1) Large Pages: 0 / 0M, Empty: 0M, Relocated: 0M, In-Place: 0
[2024-07-24T19:45:33.459+0800][1.592s][gc,reloc    ] GC(1) Forwarding Usage: 0M
[2024-07-24T19:45:33.459+0800][1.592s][gc,heap     ] GC(1) Min Capacity: 2048M(100%)
[2024-07-24T19:45:33.459+0800][1.592s][gc,heap     ] GC(1) Max Capacity: 2048M(100%)
[2024-07-24T19:45:33.459+0800][1.592s][gc,heap     ] GC(1) Soft Max Capacity: 2048M(100%)
[2024-07-24T19:45:33.459+0800][1.592s][gc,heap     ] GC(1)                Mark Start          Mark End        Relocate Start      Relocate End           High               Low         
[2024-07-24T19:45:33.459+0800][1.592s][gc,heap     ] GC(1)  Capacity:     2048M (100%)       2048M (100%)       2048M (100%)       2048M (100%)       2048M (100%)       2048M (100%)   
[2024-07-24T19:45:33.459+0800][1.592s][gc,heap     ] GC(1)      Free:     1618M (79%)        1586M (77%)        1970M (96%)        1974M (96%)        1974M (96%)        1586M (77%)    
[2024-07-24T19:45:33.459+0800][1.592s][gc,heap     ] GC(1)      Used:      430M (21%)         462M (23%)          78M (4%)           74M (4%)          462M (23%)          74M (4%)     
[2024-07-24T19:45:33.459+0800][1.592s][gc,heap     ] GC(1)      Live:         -                 5M (0%)            5M (0%)            5M (0%)             -                  -          
[2024-07-24T19:45:33.459+0800][1.592s][gc,heap     ] GC(1) Allocated:         -                32M (2%)           32M (2%)           33M (2%)             -                  -          
[2024-07-24T19:45:33.459+0800][1.592s][gc,heap     ] GC(1)   Garbage:         -               424M (21%)          40M (2%)           34M (2%)             -                  -          
[2024-07-24T19:45:33.459+0800][1.592s][gc,heap     ] GC(1) Reclaimed:         -                  -               384M (19%)         389M (19%)            -                  -          
[2024-07-24T19:45:33.459+0800][1.592s][gc          ] GC(1) Garbage Collection (Warmup) 430M(21%)->74M(4%)
[2024-07-24T19:45:34.428+0800][2.560s][gc,start    ] GC(2) Garbage Collection (Warmup)
[2024-07-24T19:45:34.428+0800][2.560s][gc,task     ] GC(2) Using 2 workers
[2024-07-24T19:45:34.428+0800][2.561s][gc,phases   ] GC(2) Pause Mark Start 0.014ms
[2024-07-24T19:45:34.443+0800][2.575s][gc,phases   ] GC(2) Concurrent Mark 14.832ms
[2024-07-24T19:45:34.443+0800][2.576s][gc,phases   ] GC(2) Pause Mark End 0.011ms
[2024-07-24T19:45:34.443+0800][2.576s][gc,phases   ] GC(2) Concurrent Mark Free 0.001ms
[2024-07-24T19:45:34.444+0800][2.577s][gc,phases   ] GC(2) Concurrent Process Non-Strong References 0.856ms
[2024-07-24T19:45:34.444+0800][2.577s][gc,phases   ] GC(2) Concurrent Reset Relocation Set 0.001ms
[2024-07-24T19:45:34.446+0800][2.578s][gc,phases   ] GC(2) Concurrent Select Relocation Set 1.789ms
[2024-07-24T19:45:34.446+0800][2.579s][gc,phases   ] GC(2) Pause Relocate Start 0.006ms
[2024-07-24T19:45:34.449+0800][2.582s][gc,phases   ] GC(2) Concurrent Relocate 2.846ms
[2024-07-24T19:45:34.449+0800][2.582s][gc,load     ] GC(2) Load: 0.00/0.00/0.00
[2024-07-24T19:45:34.449+0800][2.582s][gc,mmu      ] GC(2) MMU: 2ms/98.8%, 5ms/99.5%, 10ms/99.8%, 20ms/99.8%, 50ms/99.9%, 100ms/100.0%
[2024-07-24T19:45:34.449+0800][2.582s][gc,marking  ] GC(2) Mark: 2 stripe(s), 1 proactive flush(es), 1 terminate flush(es), 0 completion(s), 0 continuation(s) 
[2024-07-24T19:45:34.449+0800][2.582s][gc,marking  ] GC(2) Mark Stack Usage: 32M
[2024-07-24T19:45:34.449+0800][2.582s][gc,nmethod  ] GC(2) NMethods: 412 registered, 0 unregistered
[2024-07-24T19:45:34.449+0800][2.582s][gc,metaspace] GC(2) Metaspace: 1M used, 1M committed, 1088M reserved
[2024-07-24T19:45:34.449+0800][2.582s][gc,ref      ] GC(2) Soft: 100 encountered, 0 discovered, 0 enqueued
[2024-07-24T19:45:34.449+0800][2.582s][gc,ref      ] GC(2) Weak: 131 encountered, 0 discovered, 0 enqueued
[2024-07-24T19:45:34.449+0800][2.582s][gc,ref      ] GC(2) Final: 0 encountered, 0 discovered, 0 enqueued
[2024-07-24T19:45:34.449+0800][2.582s][gc,ref      ] GC(2) Phantom: 184 encountered, 76 discovered, 0 enqueued
[2024-07-24T19:45:34.449+0800][2.582s][gc,reloc    ] GC(2) Small Pages: 5 / 10M, Empty: 0M, Relocated: 1M, In-Place: 0
[2024-07-24T19:45:34.449+0800][2.582s][gc,reloc    ] GC(2) Medium Pages: 19 / 608M, Empty: 512M, Relocated: 10M, In-Place: 0
[2024-07-24T19:45:34.449+0800][2.582s][gc,reloc    ] GC(2) Large Pages: 0 / 0M, Empty: 0M, Relocated: 0M, In-Place: 0
[2024-07-24T19:45:34.449+0800][2.582s][gc,reloc    ] GC(2) Forwarding Usage: 0M
[2024-07-24T19:45:34.449+0800][2.582s][gc,heap     ] GC(2) Min Capacity: 2048M(100%)
[2024-07-24T19:45:34.449+0800][2.582s][gc,heap     ] GC(2) Max Capacity: 2048M(100%)
[2024-07-24T19:45:34.449+0800][2.582s][gc,heap     ] GC(2) Soft Max Capacity: 2048M(100%)
[2024-07-24T19:45:34.449+0800][2.582s][gc,heap     ] GC(2)                Mark Start          Mark End        Relocate Start      Relocate End           High               Low         
[2024-07-24T19:45:34.449+0800][2.582s][gc,heap     ] GC(2)  Capacity:     2048M (100%)       2048M (100%)       2048M (100%)       2048M (100%)       2048M (100%)       2048M (100%)   
[2024-07-24T19:45:34.449+0800][2.582s][gc,heap     ] GC(2)      Free:     1430M (70%)        1398M (68%)        1910M (93%)        1976M (96%)        1976M (96%)        1398M (68%)    
[2024-07-24T19:45:34.449+0800][2.582s][gc,heap     ] GC(2)      Used:      618M (30%)         650M (32%)         138M (7%)           72M (4%)          650M (32%)          72M (4%)     
[2024-07-24T19:45:34.449+0800][2.582s][gc,heap     ] GC(2)      Live:         -                15M (1%)           15M (1%)           15M (1%)             -                  -          
[2024-07-24T19:45:34.449+0800][2.582s][gc,heap     ] GC(2) Allocated:         -                32M (2%)           32M (2%)           33M (2%)             -                  -          
[2024-07-24T19:45:34.449+0800][2.582s][gc,heap     ] GC(2)   Garbage:         -               602M (29%)          90M (4%)           22M (1%)             -                  -          
[2024-07-24T19:45:34.449+0800][2.582s][gc,heap     ] GC(2) Reclaimed:         -                  -               512M (25%)         579M (28%)            -                  -          
[2024-07-24T19:45:34.449+0800][2.582s][gc          ] GC(2) Garbage Collection (Warmup) 618M(30%)->72M(4%)
[2024-07-24T19:45:38.632+0800][6.764s][gc,start    ] GC(3) Garbage Collection (High Usage)
[2024-07-24T19:45:38.632+0800][6.764s][gc,task     ] GC(3) Using 2 workers
[2024-07-24T19:45:38.632+0800][6.764s][gc,phases   ] GC(3) Pause Mark Start 0.009ms
[2024-07-24T19:45:38.648+0800][6.780s][gc,phases   ] GC(3) Concurrent Mark 15.698ms
[2024-07-24T19:45:38.648+0800][6.780s][gc,phases   ] GC(3) Pause Mark End 0.009ms
[2024-07-24T19:45:38.648+0800][6.780s][gc,phases   ] GC(3) Concurrent Mark Free 0.002ms
[2024-07-24T19:45:38.649+0800][6.781s][gc,phases   ] GC(3) Concurrent Process Non-Strong References 1.114ms
[2024-07-24T19:45:38.649+0800][6.781s][gc,phases   ] GC(3) Concurrent Reset Relocation Set 0.001ms
[2024-07-24T19:45:38.653+0800][6.785s][gc,phases   ] GC(3) Concurrent Select Relocation Set 3.809ms
[2024-07-24T19:45:38.653+0800][6.785s][gc,phases   ] GC(3) Pause Relocate Start 0.009ms
[2024-07-24T19:45:38.657+0800][6.789s][gc,phases   ] GC(3) Concurrent Relocate 3.711ms
[2024-07-24T19:45:38.657+0800][6.789s][gc,load     ] GC(3) Load: 0.00/0.00/0.00
[2024-07-24T19:45:38.657+0800][6.789s][gc,mmu      ] GC(3) MMU: 2ms/98.8%, 5ms/99.5%, 10ms/99.8%, 20ms/99.8%, 50ms/99.9%, 100ms/100.0%
[2024-07-24T19:45:38.657+0800][6.789s][gc,marking  ] GC(3) Mark: 2 stripe(s), 1 proactive flush(es), 1 terminate flush(es), 0 completion(s), 0 continuation(s) 
[2024-07-24T19:45:38.657+0800][6.790s][gc,marking  ] GC(3) Mark Stack Usage: 32M
[2024-07-24T19:45:38.657+0800][6.790s][gc,nmethod  ] GC(3) NMethods: 462 registered, 0 unregistered
[2024-07-24T19:45:38.657+0800][6.790s][gc,metaspace] GC(3) Metaspace: 1M used, 1M committed, 1088M reserved
[2024-07-24T19:45:38.657+0800][6.790s][gc,ref      ] GC(3) Soft: 100 encountered, 0 discovered, 0 enqueued
[2024-07-24T19:45:38.657+0800][6.790s][gc,ref      ] GC(3) Weak: 131 encountered, 4 discovered, 0 enqueued
[2024-07-24T19:45:38.657+0800][6.790s][gc,ref      ] GC(3) Final: 0 encountered, 0 discovered, 0 enqueued
[2024-07-24T19:45:38.657+0800][6.790s][gc,ref      ] GC(3) Phantom: 184 encountered, 174 discovered, 0 enqueued
[2024-07-24T19:45:38.657+0800][6.790s][gc,reloc    ] GC(3) Small Pages: 5 / 10M, Empty: 0M, Relocated: 1M, In-Place: 0
[2024-07-24T19:45:38.657+0800][6.790s][gc,reloc    ] GC(3) Medium Pages: 60 / 1920M, Empty: 1888M, Relocated: 0M, In-Place: 0
[2024-07-24T19:45:38.657+0800][6.790s][gc,reloc    ] GC(3) Large Pages: 0 / 0M, Empty: 0M, Relocated: 0M, In-Place: 0
[2024-07-24T19:45:38.657+0800][6.790s][gc,reloc    ] GC(3) Forwarding Usage: 0M
[2024-07-24T19:45:38.657+0800][6.790s][gc,heap     ] GC(3) Min Capacity: 2048M(100%)
[2024-07-24T19:45:38.657+0800][6.790s][gc,heap     ] GC(3) Max Capacity: 2048M(100%)
[2024-07-24T19:45:38.657+0800][6.790s][gc,heap     ] GC(3) Soft Max Capacity: 2048M(100%)
[2024-07-24T19:45:38.657+0800][6.790s][gc,heap     ] GC(3)                Mark Start          Mark End        Relocate Start      Relocate End           High               Low         
[2024-07-24T19:45:38.657+0800][6.790s][gc,heap     ] GC(3)  Capacity:     2048M (100%)       2048M (100%)       2048M (100%)       2048M (100%)       2048M (100%)       2048M (100%)   
[2024-07-24T19:45:38.657+0800][6.790s][gc,heap     ] GC(3)      Free:      118M (6%)           86M (4%)         1974M (96%)        1974M (96%)        1974M (96%)          86M (4%)     
[2024-07-24T19:45:38.657+0800][6.790s][gc,heap     ] GC(3)      Used:     1930M (94%)        1962M (96%)          74M (4%)           74M (4%)         1962M (96%)          74M (4%)     
[2024-07-24T19:45:38.657+0800][6.790s][gc,heap     ] GC(3)      Live:         -                 5M (0%)            5M (0%)            5M (0%)             -                  -          
[2024-07-24T19:45:38.657+0800][6.790s][gc,heap     ] GC(3) Allocated:         -                32M (2%)           32M (2%)           33M (2%)             -                  -          
[2024-07-24T19:45:38.657+0800][6.790s][gc,heap     ] GC(3)   Garbage:         -              1924M (94%)          36M (2%)           34M (2%)             -                  -          
[2024-07-24T19:45:38.657+0800][6.790s][gc,heap     ] GC(3) Reclaimed:         -                  -              1888M (92%)        1889M (92%)            -                  -          
[2024-07-24T19:45:38.657+0800][6.790s][gc          ] GC(3) Garbage Collection (High Usage) 1930M(94%)->74M(4%)
[2024-07-24T19:45:41.540+0800][9.672s][gc,start    ] GC(4) Garbage Collection (Allocation Rate)
[2024-07-24T19:45:41.540+0800][9.672s][gc,task     ] GC(4) Using 1 workers
[2024-07-24T19:45:41.540+0800][9.672s][gc,phases   ] GC(4) Pause Mark Start 0.008ms
[2024-07-24T19:45:41.548+0800][9.681s][gc,phases   ] GC(4) Concurrent Mark 8.045ms
[2024-07-24T19:45:41.548+0800][9.681s][gc,phases   ] GC(4) Pause Mark End 0.009ms
[2024-07-24T19:45:41.548+0800][9.681s][gc,phases   ] GC(4) Concurrent Mark Free 0.001ms
[2024-07-24T19:45:41.550+0800][9.682s][gc,phases   ] GC(4) Concurrent Process Non-Strong References 1.492ms
[2024-07-24T19:45:41.550+0800][9.682s][gc,phases   ] GC(4) Concurrent Reset Relocation Set 0.001ms
[2024-07-24T19:45:41.553+0800][9.686s][gc,phases   ] GC(4) Concurrent Select Relocation Set 3.346ms
[2024-07-24T19:45:41.554+0800][9.686s][gc,phases   ] GC(4) Pause Relocate Start 0.016ms
[2024-07-24T19:45:41.560+0800][9.692s][gc,phases   ] GC(4) Concurrent Relocate 6.053ms
[2024-07-24T19:45:41.560+0800][9.692s][gc,load     ] GC(4) Load: 0.00/0.00/0.00
[2024-07-24T19:45:41.560+0800][9.692s][gc,mmu      ] GC(4) MMU: 2ms/98.8%, 5ms/99.5%, 10ms/99.8%, 20ms/99.8%, 50ms/99.9%, 100ms/100.0%
[2024-07-24T19:45:41.560+0800][9.692s][gc,marking  ] GC(4) Mark: 1 stripe(s), 2 proactive flush(es), 1 terminate flush(es), 0 completion(s), 0 continuation(s) 
[2024-07-24T19:45:41.560+0800][9.692s][gc,marking  ] GC(4) Mark Stack Usage: 32M
[2024-07-24T19:45:41.560+0800][9.692s][gc,nmethod  ] GC(4) NMethods: 475 registered, 0 unregistered
[2024-07-24T19:45:41.560+0800][9.692s][gc,metaspace] GC(4) Metaspace: 1M used, 1M committed, 1088M reserved
[2024-07-24T19:45:41.560+0800][9.692s][gc,ref      ] GC(4) Soft: 100 encountered, 0 discovered, 0 enqueued
[2024-07-24T19:45:41.560+0800][9.692s][gc,ref      ] GC(4) Weak: 131 encountered, 107 discovered, 0 enqueued
[2024-07-24T19:45:41.560+0800][9.692s][gc,ref      ] GC(4) Final: 0 encountered, 0 discovered, 0 enqueued
[2024-07-24T19:45:41.560+0800][9.692s][gc,ref      ] GC(4) Phantom: 184 encountered, 98 discovered, 0 enqueued
[2024-07-24T19:45:41.560+0800][9.692s][gc,reloc    ] GC(4) Small Pages: 5 / 10M, Empty: 0M, Relocated: 1M, In-Place: 0
[2024-07-24T19:45:41.560+0800][9.693s][gc,reloc    ] GC(4) Medium Pages: 60 / 1920M, Empty: 1856M, Relocated: 3M, In-Place: 0
[2024-07-24T19:45:41.560+0800][9.693s][gc,reloc    ] GC(4) Large Pages: 0 / 0M, Empty: 0M, Relocated: 0M, In-Place: 0
[2024-07-24T19:45:41.560+0800][9.693s][gc,reloc    ] GC(4) Forwarding Usage: 0M
[2024-07-24T19:45:41.560+0800][9.693s][gc,heap     ] GC(4) Min Capacity: 2048M(100%)
[2024-07-24T19:45:41.560+0800][9.693s][gc,heap     ] GC(4) Max Capacity: 2048M(100%)
[2024-07-24T19:45:41.560+0800][9.693s][gc,heap     ] GC(4) Soft Max Capacity: 2048M(100%)
[2024-07-24T19:45:41.560+0800][9.693s][gc,heap     ] GC(4)                Mark Start          Mark End        Relocate Start      Relocate End           High               Low         
[2024-07-24T19:45:41.560+0800][9.693s][gc,heap     ] GC(4)  Capacity:     2048M (100%)       2048M (100%)       2048M (100%)       2048M (100%)       2048M (100%)       2048M (100%)   
[2024-07-24T19:45:41.560+0800][9.693s][gc,heap     ] GC(4)      Free:      118M (6%)           84M (4%)         1940M (95%)        1976M (96%)        1976M (96%)          84M (4%)     
[2024-07-24T19:45:41.560+0800][9.693s][gc,heap     ] GC(4)      Used:     1930M (94%)        1964M (96%)         108M (5%)           72M (4%)         1964M (96%)          72M (4%)     
[2024-07-24T19:45:41.560+0800][9.693s][gc,heap     ] GC(4)      Live:         -                 8M (0%)            8M (0%)            8M (0%)             -                  -          
[2024-07-24T19:45:41.560+0800][9.693s][gc,heap     ] GC(4) Allocated:         -                34M (2%)           34M (2%)           33M (2%)             -                  -          
[2024-07-24T19:45:41.560+0800][9.693s][gc,heap     ] GC(4)   Garbage:         -              1921M (94%)          65M (3%)           29M (1%)             -                  -          
[2024-07-24T19:45:41.560+0800][9.693s][gc,heap     ] GC(4) Reclaimed:         -                  -              1856M (91%)        1891M (92%)            -                  -          
[2024-07-24T19:45:41.560+0800][9.693s][gc          ] GC(4) Garbage Collection (Allocation Rate) 1930M(94%)->72M(4%)
[2024-07-24T19:45:42.030+0800][10.162s][gc,stats    ] === Garbage Collection Statistics =======================================================================================================================
[2024-07-24T19:45:42.030+0800][10.162s][gc,stats    ]                                                              Last 10s              Last 10m              Last 10h                Total
[2024-07-24T19:45:42.030+0800][10.163s][gc,stats    ]                                                              Avg / Max             Avg / Max             Avg / Max             Avg / Max
[2024-07-24T19:45:42.030+0800][10.163s][gc,stats    ]   Collector: Garbage Collection Cycle                     24.473 / 30.809       24.473 / 30.809       24.473 / 30.809       24.473 / 30.809      ms
[2024-07-24T19:45:42.030+0800][10.163s][gc,stats    ]  Contention: Mark Segment Reset Contention                     0 / 0                 0 / 0                 0 / 0                 0 / 0           ops/s
[2024-07-24T19:45:42.030+0800][10.163s][gc,stats    ]  Contention: Mark SeqNum Reset Contention                      0 / 1                 0 / 1                 0 / 1                 0 / 1           ops/s
[2024-07-24T19:45:42.030+0800][10.163s][gc,stats    ]    Critical: Allocation Stall                                  0 / 0                 0 / 0                 0 / 0                 0 / 0           ops/s
[2024-07-24T19:45:42.031+0800][10.163s][gc,stats    ]    Critical: Allocation Stall                              0.000 / 0.000         0.000 / 0.000         0.000 / 0.000         0.000 / 0.000       ms
[2024-07-24T19:45:42.031+0800][10.163s][gc,stats    ]    Critical: GC Locker Stall                                   0 / 0                 0 / 0                 0 / 0                 0 / 0           ops/s
[2024-07-24T19:45:42.031+0800][10.163s][gc,stats    ]    Critical: GC Locker Stall                               0.000 / 0.000         0.000 / 0.000         0.000 / 0.000         0.000 / 0.000       ms
[2024-07-24T19:45:42.031+0800][10.163s][gc,stats    ]    Critical: Relocation Stall                                  0 / 0                 0 / 0                 0 / 0                 0 / 0           ops/s
[2024-07-24T19:45:42.031+0800][10.163s][gc,stats    ]    Critical: Relocation Stall                              0.000 / 0.000         0.000 / 0.000         0.000 / 0.000         0.000 / 0.000       ms
[2024-07-24T19:45:42.031+0800][10.163s][gc,stats    ]      Memory: Allocation Rate                                 530 / 674             530 / 674             530 / 674             530 / 674         MB/s
[2024-07-24T19:45:42.031+0800][10.163s][gc,stats    ]      Memory: Out Of Memory                                     0 / 0                 0 / 0                 0 / 0                 0 / 0           ops/s
[2024-07-24T19:45:42.031+0800][10.163s][gc,stats    ]      Memory: Page Cache Flush                                  0 / 0                 0 / 0                 0 / 0                 0 / 0           MB/s
[2024-07-24T19:45:42.031+0800][10.163s][gc,stats    ]      Memory: Page Cache Hit L1                                11 / 24               11 / 24               11 / 24               11 / 24          ops/s
[2024-07-24T19:45:42.031+0800][10.163s][gc,stats    ]      Memory: Page Cache Hit L2                                 0 / 0                 0 / 0                 0 / 0                 0 / 0           ops/s
[2024-07-24T19:45:42.031+0800][10.163s][gc,stats    ]      Memory: Page Cache Hit L3                                 7 / 17                7 / 17                7 / 17                7 / 17          ops/s
[2024-07-24T19:45:42.031+0800][10.163s][gc,stats    ]      Memory: Page Cache Miss                                   0 / 1                 0 / 1                 0 / 1                 0 / 1           ops/s
[2024-07-24T19:45:42.031+0800][10.163s][gc,stats    ]      Memory: Uncommit                                          0 / 0                 0 / 0                 0 / 0                 0 / 0           MB/s
[2024-07-24T19:45:42.031+0800][10.163s][gc,stats    ]      Memory: Undo Object Allocation Failed                     0 / 0                 0 / 0                 0 / 0                 0 / 0           ops/s
[2024-07-24T19:45:42.031+0800][10.163s][gc,stats    ]      Memory: Undo Object Allocation Succeeded                  0 / 0                 0 / 0                 0 / 0                 0 / 0           ops/s
[2024-07-24T19:45:42.031+0800][10.163s][gc,stats    ]      Memory: Undo Page Allocation                              0 / 0                 0 / 0                 0 / 0                 0 / 0           ops/s
[2024-07-24T19:45:42.031+0800][10.163s][gc,stats    ]       Phase: Concurrent Mark                              13.755 / 15.698       13.755 / 15.698       13.755 / 15.698       13.755 / 15.698      ms
[2024-07-24T19:45:42.031+0800][10.163s][gc,stats    ]       Phase: Concurrent Mark Continue                      0.000 / 0.000         0.000 / 0.000         0.000 / 0.000         0.000 / 0.000       ms
[2024-07-24T19:45:42.031+0800][10.164s][gc,stats    ]       Phase: Concurrent Mark Free                          0.001 / 0.002         0.001 / 0.002         0.001 / 0.002         0.001 / 0.002       ms
[2024-07-24T19:45:42.031+0800][10.164s][gc,stats    ]       Phase: Concurrent Process Non-Strong References      1.007 / 1.492         1.007 / 1.492         1.007 / 1.492         1.007 / 1.492       ms
[2024-07-24T19:45:42.031+0800][10.164s][gc,stats    ]       Phase: Concurrent Relocate                           3.545 / 6.053         3.545 / 6.053         3.545 / 6.053         3.545 / 6.053       ms
[2024-07-24T19:45:42.031+0800][10.164s][gc,stats    ]       Phase: Concurrent Reset Relocation Set               0.001 / 0.001         0.001 / 0.001         0.001 / 0.001         0.001 / 0.001       ms
[2024-07-24T19:45:42.031+0800][10.164s][gc,stats    ]       Phase: Concurrent Select Relocation Set              5.129 / 12.636        5.129 / 12.636        5.129 / 12.636        5.129 / 12.636      ms
[2024-07-24T19:45:42.031+0800][10.164s][gc,stats    ]       Phase: Pause Mark End                                0.012 / 0.023         0.012 / 0.023         0.012 / 0.023         0.012 / 0.023       ms
[2024-07-24T19:45:42.031+0800][10.164s][gc,stats    ]       Phase: Pause Mark Start                              0.009 / 0.014         0.009 / 0.014         0.009 / 0.014         0.009 / 0.014       ms
[2024-07-24T19:45:42.031+0800][10.164s][gc,stats    ]       Phase: Pause Relocate Start                          0.010 / 0.016         0.010 / 0.016         0.010 / 0.016         0.010 / 0.016       ms
[2024-07-24T19:45:42.031+0800][10.164s][gc,stats    ]    Subphase: Concurrent Classes Purge                      0.084 / 0.110         0.084 / 0.110         0.084 / 0.110         0.084 / 0.110       ms
[2024-07-24T19:45:42.031+0800][10.164s][gc,stats    ]    Subphase: Concurrent Classes Unlink                     0.384 / 0.618         0.384 / 0.618         0.384 / 0.618         0.384 / 0.618       ms
[2024-07-24T19:45:42.031+0800][10.164s][gc,stats    ]    Subphase: Concurrent Mark                               8.874 / 15.145        8.874 / 15.145        8.874 / 15.145        8.874 / 15.145      ms
[2024-07-24T19:45:42.031+0800][10.164s][gc,stats    ]    Subphase: Concurrent Mark Try Flush                     0.114 / 0.232         0.114 / 0.232         0.114 / 0.232         0.114 / 0.232       ms
[2024-07-24T19:45:42.031+0800][10.164s][gc,stats    ]    Subphase: Concurrent Mark Try Terminate                 3.257 / 11.873        3.257 / 11.873        3.257 / 11.873        3.257 / 11.873      ms
[2024-07-24T19:45:42.031+0800][10.164s][gc,stats    ]    Subphase: Concurrent References Enqueue                 0.002 / 0.004         0.002 / 0.004         0.002 / 0.004         0.002 / 0.004       ms
[2024-07-24T19:45:42.031+0800][10.164s][gc,stats    ]    Subphase: Concurrent References Process                 0.108 / 0.151         0.108 / 0.151         0.108 / 0.151         0.108 / 0.151       ms
[2024-07-24T19:45:42.031+0800][10.164s][gc,stats    ]    Subphase: Concurrent Roots ClassLoaderDataGraph         0.087 / 0.193         0.087 / 0.193         0.087 / 0.193         0.087 / 0.193       ms
[2024-07-24T19:45:42.031+0800][10.164s][gc,stats    ]    Subphase: Concurrent Roots CodeCache                    0.000 / 0.000         0.000 / 0.000         0.000 / 0.000         0.000 / 0.000       ms
[2024-07-24T19:45:42.031+0800][10.164s][gc,stats    ]    Subphase: Concurrent Roots JavaThreads                  0.253 / 0.439         0.253 / 0.439         0.253 / 0.439         0.253 / 0.439       ms
[2024-07-24T19:45:42.031+0800][10.164s][gc,stats    ]    Subphase: Concurrent Roots OopStorageSet                0.028 / 0.048         0.028 / 0.048         0.028 / 0.048         0.028 / 0.048       ms
[2024-07-24T19:45:42.031+0800][10.164s][gc,stats    ]    Subphase: Concurrent Weak Roots OopStorageSet           0.224 / 0.402         0.224 / 0.402         0.224 / 0.402         0.224 / 0.402       ms
[2024-07-24T19:45:42.031+0800][10.164s][gc,stats    ]    Subphase: Pause Mark Try Complete                       0.000 / 0.000         0.000 / 0.000         0.000 / 0.000         0.000 / 0.000       ms
[2024-07-24T19:45:42.031+0800][10.164s][gc,stats    ]      System: Java Threads                                     13 / 13               13 / 13               13 / 13               13 / 13          threads
[2024-07-24T19:45:42.031+0800][10.164s][gc,stats    ] =========================================================================================================================================================
[2024-07-24T19:45:44.437+0800][12.569s][gc,start    ] GC(5) Garbage Collection (Allocation Rate)
[2024-07-24T19:45:44.437+0800][12.569s][gc,task     ] GC(5) Using 1 workers
[2024-07-24T19:45:44.437+0800][12.569s][gc,phases   ] GC(5) Pause Mark Start 0.012ms
[2024-07-24T19:45:44.445+0800][12.578s][gc,phases   ] GC(5) Concurrent Mark 8.821ms
[2024-07-24T19:45:44.445+0800][12.578s][gc,phases   ] GC(5) Pause Mark End 0.009ms
[2024-07-24T19:45:44.446+0800][12.578s][gc,phases   ] GC(5) Concurrent Mark Free 0.001ms
[2024-07-24T19:45:44.448+0800][12.580s][gc,phases   ] GC(5) Concurrent Process Non-Strong References 1.387ms
[2024-07-24T19:45:44.448+0800][12.580s][gc,phases   ] GC(5) Concurrent Reset Relocation Set 0.002ms
[2024-07-24T19:45:44.450+0800][12.582s][gc,phases   ] GC(5) Concurrent Select Relocation Set 2.401ms
[2024-07-24T19:45:44.450+0800][12.582s][gc,phases   ] GC(5) Pause Relocate Start 0.006ms
[2024-07-24T19:45:44.455+0800][12.587s][gc,phases   ] GC(5) Concurrent Relocate 4.681ms
[2024-07-24T19:45:44.455+0800][12.587s][gc,load     ] GC(5) Load: 0.00/0.00/0.00
[2024-07-24T19:45:44.455+0800][12.587s][gc,mmu      ] GC(5) MMU: 2ms/98.8%, 5ms/99.5%, 10ms/99.8%, 20ms/99.8%, 50ms/99.9%, 100ms/100.0%
[2024-07-24T19:45:44.455+0800][12.587s][gc,marking  ] GC(5) Mark: 1 stripe(s), 2 proactive flush(es), 1 terminate flush(es), 0 completion(s), 0 continuation(s) 
[2024-07-24T19:45:44.455+0800][12.587s][gc,marking  ] GC(5) Mark Stack Usage: 32M
[2024-07-24T19:45:44.455+0800][12.587s][gc,nmethod  ] GC(5) NMethods: 491 registered, 0 unregistered
[2024-07-24T19:45:44.455+0800][12.587s][gc,metaspace] GC(5) Metaspace: 1M used, 1M committed, 1088M reserved
[2024-07-24T19:45:44.455+0800][12.587s][gc,ref      ] GC(5) Soft: 100 encountered, 0 discovered, 0 enqueued
[2024-07-24T19:45:44.455+0800][12.587s][gc,ref      ] GC(5) Weak: 131 encountered, 107 discovered, 0 enqueued
[2024-07-24T19:45:44.455+0800][12.587s][gc,ref      ] GC(5) Final: 0 encountered, 0 discovered, 0 enqueued
[2024-07-24T19:45:44.455+0800][12.587s][gc,ref      ] GC(5) Phantom: 184 encountered, 98 discovered, 0 enqueued
[2024-07-24T19:45:44.455+0800][12.587s][gc,reloc    ] GC(5) Small Pages: 4 / 8M, Empty: 0M, Relocated: 1M, In-Place: 0
[2024-07-24T19:45:44.455+0800][12.587s][gc,reloc    ] GC(5) Medium Pages: 61 / 1952M, Empty: 1888M, Relocated: 3M, In-Place: 0
[2024-07-24T19:45:44.455+0800][12.587s][gc,reloc    ] GC(5) Large Pages: 0 / 0M, Empty: 0M, Relocated: 0M, In-Place: 0
[2024-07-24T19:45:44.455+0800][12.587s][gc,reloc    ] GC(5) Forwarding Usage: 0M
[2024-07-24T19:45:44.455+0800][12.587s][gc,heap     ] GC(5) Min Capacity: 2048M(100%)
[2024-07-24T19:45:44.455+0800][12.587s][gc,heap     ] GC(5) Max Capacity: 2048M(100%)
[2024-07-24T19:45:44.455+0800][12.587s][gc,heap     ] GC(5) Soft Max Capacity: 2048M(100%)
[2024-07-24T19:45:44.455+0800][12.587s][gc,heap     ] GC(5)                Mark Start          Mark End        Relocate Start      Relocate End           High               Low         
[2024-07-24T19:45:44.455+0800][12.587s][gc,heap     ] GC(5)  Capacity:     2048M (100%)       2048M (100%)       2048M (100%)       2048M (100%)       2048M (100%)       2048M (100%)   
[2024-07-24T19:45:44.455+0800][12.588s][gc,heap     ] GC(5)      Free:       88M (4%)           54M (3%)         1942M (95%)        1976M (96%)        1976M (96%)          54M (3%)     
[2024-07-24T19:45:44.455+0800][12.588s][gc,heap     ] GC(5)      Used:     1960M (96%)        1994M (97%)         106M (5%)           72M (4%)         1994M (97%)          72M (4%)     
[2024-07-24T19:45:44.455+0800][12.588s][gc,heap     ] GC(5)      Live:         -                 8M (0%)            8M (0%)            8M (0%)             -                  -          
[2024-07-24T19:45:44.455+0800][12.588s][gc,heap     ] GC(5) Allocated:         -                34M (2%)           34M (2%)           34M (2%)             -                  -          
[2024-07-24T19:45:44.455+0800][12.588s][gc,heap     ] GC(5)   Garbage:         -              1951M (95%)          63M (3%)           29M (1%)             -                  -          
[2024-07-24T19:45:44.455+0800][12.588s][gc,heap     ] GC(5) Reclaimed:         -                  -              1888M (92%)        1922M (94%)            -                  -          
[2024-07-24T19:45:44.455+0800][12.588s][gc          ] GC(5) Garbage Collection (Allocation Rate) 1960M(96%)->72M(4%)
[2024-07-24T19:45:47.329+0800][15.461s][gc,start    ] GC(6) Garbage Collection (Allocation Rate)
[2024-07-24T19:45:47.329+0800][15.461s][gc,task     ] GC(6) Using 1 workers
[2024-07-24T19:45:47.329+0800][15.461s][gc,phases   ] GC(6) Pause Mark Start 0.007ms
[2024-07-24T19:45:47.337+0800][15.469s][gc,phases   ] GC(6) Concurrent Mark 8.020ms
[2024-07-24T19:45:47.337+0800][15.470s][gc,phases   ] GC(6) Pause Mark End 0.015ms
[2024-07-24T19:45:47.337+0800][15.470s][gc,phases   ] GC(6) Concurrent Mark Free 0.001ms
[2024-07-24T19:45:47.338+0800][15.471s][gc,phases   ] GC(6) Concurrent Process Non-Strong References 1.233ms
[2024-07-24T19:45:47.339+0800][15.471s][gc,phases   ] GC(6) Concurrent Reset Relocation Set 0.001ms
[2024-07-24T19:45:47.341+0800][15.473s][gc,phases   ] GC(6) Concurrent Select Relocation Set 2.167ms
[2024-07-24T19:45:47.341+0800][15.473s][gc,phases   ] GC(6) Pause Relocate Start 0.032ms
[2024-07-24T19:45:47.344+0800][15.477s][gc,phases   ] GC(6) Concurrent Relocate 3.126ms
[2024-07-24T19:45:47.344+0800][15.477s][gc,load     ] GC(6) Load: 0.00/0.00/0.00
[2024-07-24T19:45:47.344+0800][15.477s][gc,mmu      ] GC(6) MMU: 2ms/98.4%, 5ms/99.0%, 10ms/99.5%, 20ms/99.7%, 50ms/99.9%, 100ms/99.9%
[2024-07-24T19:45:47.344+0800][15.477s][gc,marking  ] GC(6) Mark: 1 stripe(s), 2 proactive flush(es), 1 terminate flush(es), 0 completion(s), 0 continuation(s) 
[2024-07-24T19:45:47.344+0800][15.477s][gc,marking  ] GC(6) Mark Stack Usage: 32M
[2024-07-24T19:45:47.344+0800][15.477s][gc,nmethod  ] GC(6) NMethods: 500 registered, 0 unregistered
[2024-07-24T19:45:47.344+0800][15.477s][gc,metaspace] GC(6) Metaspace: 1M used, 1M committed, 1088M reserved
[2024-07-24T19:45:47.344+0800][15.477s][gc,ref      ] GC(6) Soft: 100 encountered, 0 discovered, 0 enqueued
[2024-07-24T19:45:47.345+0800][15.477s][gc,ref      ] GC(6) Weak: 131 encountered, 107 discovered, 0 enqueued
[2024-07-24T19:45:47.345+0800][15.477s][gc,ref      ] GC(6) Final: 0 encountered, 0 discovered, 0 enqueued
[2024-07-24T19:45:47.345+0800][15.477s][gc,ref      ] GC(6) Phantom: 184 encountered, 98 discovered, 0 enqueued
[2024-07-24T19:45:47.345+0800][15.477s][gc,reloc    ] GC(6) Small Pages: 5 / 10M, Empty: 2M, Relocated: 1M, In-Place: 0
[2024-07-24T19:45:47.345+0800][15.477s][gc,reloc    ] GC(6) Medium Pages: 60 / 1920M, Empty: 1856M, Relocated: 2M, In-Place: 0
[2024-07-24T19:45:47.345+0800][15.477s][gc,reloc    ] GC(6) Large Pages: 0 / 0M, Empty: 0M, Relocated: 0M, In-Place: 0
[2024-07-24T19:45:47.345+0800][15.477s][gc,reloc    ] GC(6) Forwarding Usage: 0M
[2024-07-24T19:45:47.345+0800][15.477s][gc,heap     ] GC(6) Min Capacity: 2048M(100%)
[2024-07-24T19:45:47.345+0800][15.477s][gc,heap     ] GC(6) Max Capacity: 2048M(100%)
[2024-07-24T19:45:47.345+0800][15.477s][gc,heap     ] GC(6) Soft Max Capacity: 2048M(100%)
[2024-07-24T19:45:47.345+0800][15.477s][gc,heap     ] GC(6)                Mark Start          Mark End        Relocate Start      Relocate End           High               Low         
[2024-07-24T19:45:47.345+0800][15.477s][gc,heap     ] GC(6)  Capacity:     2048M (100%)       2048M (100%)       2048M (100%)       2048M (100%)       2048M (100%)       2048M (100%)   
[2024-07-24T19:45:47.345+0800][15.477s][gc,heap     ] GC(6)      Free:      118M (6%)           84M (4%)         1942M (95%)        1976M (96%)        1976M (96%)          84M (4%)     
[2024-07-24T19:45:47.345+0800][15.477s][gc,heap     ] GC(6)      Used:     1930M (94%)        1964M (96%)         106M (5%)           72M (4%)         1964M (96%)          72M (4%)     
[2024-07-24T19:45:47.345+0800][15.477s][gc,heap     ] GC(6)      Live:         -                 7M (0%)            7M (0%)            7M (0%)             -                  -          
[2024-07-24T19:45:47.345+0800][15.477s][gc,heap     ] GC(6) Allocated:         -                34M (2%)           34M (2%)           34M (2%)             -                  -          
[2024-07-24T19:45:47.345+0800][15.477s][gc,heap     ] GC(6)   Garbage:         -              1922M (94%)          64M (3%)           30M (2%)             -                  -          
[2024-07-24T19:45:47.345+0800][15.477s][gc,heap     ] GC(6) Reclaimed:         -                  -              1858M (91%)        1892M (92%)            -                  -          
[2024-07-24T19:45:47.345+0800][15.477s][gc          ] GC(6) Garbage Collection (Allocation Rate) 1930M(94%)->72M(4%)
[2024-07-24T19:45:49.917+0800][18.050s][gc,heap,exit] Heap
[2024-07-24T19:45:49.917+0800][18.050s][gc,heap,exit]  ZHeap           used 1736M, capacity 2048M, max capacity 2048M
[2024-07-24T19:45:49.917+0800][18.050s][gc,heap,exit]  Metaspace       used 1408K, committed 1536K, reserved 1114112K
[2024-07-24T19:45:49.917+0800][18.050s][gc,heap,exit]   class space    used 118K, committed 192K, reserved 1048576K
