[2024-07-23T22:00:36.426+0800][0.015s][gc,init] Initializing The Z Garbage Collector
[2024-07-23T22:00:36.426+0800][0.015s][gc,init] Version: 17.0.11+1-LTS (release)
[2024-07-23T22:00:36.426+0800][0.015s][gc,init] NUMA Support: Disabled
[2024-07-23T22:00:36.426+0800][0.015s][gc,init] CPUs: 8 total, 8 available
[2024-07-23T22:00:36.426+0800][0.015s][gc,init] Memory: 16281M
[2024-07-23T22:00:36.426+0800][0.015s][gc,init] Large Page Support: Disabled
[2024-07-23T22:00:36.426+0800][0.016s][gc,init] GC Workers: 2 (dynamic)
[2024-07-23T22:00:36.427+0800][0.016s][gc,init] Address Space Type: Contiguous/Unrestricted/Complete
[2024-07-23T22:00:36.427+0800][0.016s][gc,init] Address Space Size: 32768M x 3 = 98304M
[2024-07-23T22:00:36.427+0800][0.017s][gc,init] Min Capacity: 256M
[2024-07-23T22:00:36.427+0800][0.017s][gc,init] Initial Capacity: 256M
[2024-07-23T22:00:36.427+0800][0.017s][gc,init] Max Capacity: 2048M
[2024-07-23T22:00:36.427+0800][0.017s][gc,init] Medium Page Size: 32M
[2024-07-23T22:00:36.428+0800][0.017s][gc,init] Pre-touch: Disabled
[2024-07-23T22:00:36.428+0800][0.017s][gc,init] Uncommit: Enabled
[2024-07-23T22:00:36.428+0800][0.017s][gc,init] Uncommit Delay: 300s
[2024-07-23T22:00:36.446+0800][0.035s][gc,init] Runtime Workers: 5
[2024-07-23T22:00:36.446+0800][0.036s][gc     ] Using The Z Garbage Collector
[2024-07-23T22:00:36.460+0800][0.050s][gc,metaspace] CDS archive(s) mapped at: [0x0000022b33000000-0x0000022b33bc0000-0x0000022b33bc0000), size 12320768, SharedBaseAddress: 0x0000022b33000000, ArchiveRelocationMode: 1.
[2024-07-23T22:00:36.460+0800][0.050s][gc,metaspace] Compressed class space mapped at: 0x0000022b34000000-0x0000022b74000000, reserved size: 1073741824
[2024-07-23T22:00:36.460+0800][0.050s][gc,metaspace] Narrow klass base: 0x0000022b33000000, Narrow klass shift: 0, Narrow klass range: 0x100000000
[2024-07-23T22:00:37.199+0800][0.789s][gc,start    ] GC(0) Garbage Collection (Warmup)
[2024-07-23T22:00:37.199+0800][0.789s][gc,task     ] GC(0) Using 2 workers
[2024-07-23T22:00:37.199+0800][0.789s][gc,phases   ] GC(0) Pause Mark Start 0.023ms
[2024-07-23T22:00:37.215+0800][0.804s][gc,phases   ] GC(0) Concurrent Mark 15.579ms
[2024-07-23T22:00:37.231+0800][0.820s][gc,phases   ] GC(0) Pause Mark End 0.037ms
[2024-07-23T22:00:37.231+0800][0.821s][gc,phases   ] GC(0) Concurrent Mark Free 0.001ms
[2024-07-23T22:00:37.232+0800][0.821s][gc,phases   ] GC(0) Concurrent Process Non-Strong References 0.508ms
[2024-07-23T22:00:37.232+0800][0.821s][gc,phases   ] GC(0) Concurrent Reset Relocation Set 0.000ms
[2024-07-23T22:00:37.243+0800][0.833s][gc,phases   ] GC(0) Concurrent Select Relocation Set 11.409ms
[2024-07-23T22:00:37.243+0800][0.833s][gc,phases   ] GC(0) Pause Relocate Start 0.011ms
[2024-07-23T22:00:37.248+0800][0.837s][gc,phases   ] GC(0) Concurrent Relocate 4.669ms
[2024-07-23T22:00:37.248+0800][0.838s][gc,load     ] GC(0) Load: 0.00/0.00/0.00
[2024-07-23T22:00:37.248+0800][0.838s][gc,mmu      ] GC(0) MMU: 2ms/98.2%, 5ms/99.3%, 10ms/99.6%, 20ms/99.8%, 50ms/99.9%, 100ms/99.9%
[2024-07-23T22:00:37.248+0800][0.838s][gc,marking  ] GC(0) Mark: 2 stripe(s), 1 proactive flush(es), 1 terminate flush(es), 0 completion(s), 0 continuation(s) 
[2024-07-23T22:00:37.248+0800][0.838s][gc,marking  ] GC(0) Mark Stack Usage: 32M
[2024-07-23T22:00:37.248+0800][0.838s][gc,nmethod  ] GC(0) NMethods: 327 registered, 0 unregistered
[2024-07-23T22:00:37.248+0800][0.838s][gc,metaspace] GC(0) Metaspace: 1M used, 1M committed, 1088M reserved
[2024-07-23T22:00:37.248+0800][0.838s][gc,ref      ] GC(0) Soft: 54 encountered, 0 discovered, 0 enqueued
[2024-07-23T22:00:37.248+0800][0.838s][gc,ref      ] GC(0) Weak: 153 encountered, 37 discovered, 36 enqueued
[2024-07-23T22:00:37.248+0800][0.838s][gc,ref      ] GC(0) Final: 0 encountered, 0 discovered, 0 enqueued
[2024-07-23T22:00:37.248+0800][0.838s][gc,ref      ] GC(0) Phantom: 217 encountered, 155 discovered, 33 enqueued
[2024-07-23T22:00:37.248+0800][0.838s][gc,reloc    ] GC(0) Small Pages: 6 / 12M, Empty: 0M, Relocated: 1M, In-Place: 0
[2024-07-23T22:00:37.248+0800][0.838s][gc,reloc    ] GC(0) Medium Pages: 7 / 224M, Empty: 128M, Relocated: 10M, In-Place: 0
[2024-07-23T22:00:37.248+0800][0.838s][gc,reloc    ] GC(0) Large Pages: 0 / 0M, Empty: 0M, Relocated: 0M, In-Place: 0
[2024-07-23T22:00:37.248+0800][0.838s][gc,reloc    ] GC(0) Forwarding Usage: 0M
[2024-07-23T22:00:37.248+0800][0.838s][gc,heap     ] GC(0) Min Capacity: 256M(12%)
[2024-07-23T22:00:37.248+0800][0.838s][gc,heap     ] GC(0) Max Capacity: 2048M(100%)
[2024-07-23T22:00:37.248+0800][0.838s][gc,heap     ] GC(0) Soft Max Capacity: 2048M(100%)
[2024-07-23T22:00:37.248+0800][0.838s][gc,heap     ] GC(0)                Mark Start          Mark End        Relocate Start      Relocate End           High               Low         
[2024-07-23T22:00:37.248+0800][0.838s][gc,heap     ] GC(0)  Capacity:      256M (12%)         288M (14%)         288M (14%)         288M (14%)         288M (14%)         256M (12%)    
[2024-07-23T22:00:37.248+0800][0.838s][gc,heap     ] GC(0)      Free:     1812M (88%)        1780M (87%)        1906M (93%)        1976M (96%)        1976M (96%)        1778M (87%)    
[2024-07-23T22:00:37.248+0800][0.838s][gc,heap     ] GC(0)      Used:      236M (12%)         268M (13%)         142M (7%)           72M (4%)          270M (13%)          72M (4%)     
[2024-07-23T22:00:37.248+0800][0.838s][gc,heap     ] GC(0)      Live:         -                14M (1%)           14M (1%)           14M (1%)             -                  -          
[2024-07-23T22:00:37.248+0800][0.838s][gc,heap     ] GC(0) Allocated:         -                32M (2%)           34M (2%)           34M (2%)             -                  -          
[2024-07-23T22:00:37.248+0800][0.838s][gc,heap     ] GC(0)   Garbage:         -               221M (11%)          93M (5%)           23M (1%)             -                  -          
[2024-07-23T22:00:37.248+0800][0.838s][gc,heap     ] GC(0) Reclaimed:         -                  -               128M (6%)          198M (10%)            -                  -          
[2024-07-23T22:00:37.248+0800][0.838s][gc          ] GC(0) Garbage Collection (Warmup) 236M(12%)->72M(4%)
[2024-07-23T22:00:38.100+0800][1.689s][gc,start    ] GC(1) Garbage Collection (Warmup)
[2024-07-23T22:00:38.100+0800][1.689s][gc,task     ] GC(1) Using 2 workers
[2024-07-23T22:00:38.100+0800][1.689s][gc,phases   ] GC(1) Pause Mark Start 0.009ms
[2024-07-23T22:00:38.116+0800][1.705s][gc,phases   ] GC(1) Concurrent Mark 15.762ms
[2024-07-23T22:00:38.116+0800][1.705s][gc,phases   ] GC(1) Pause Mark End 0.043ms
[2024-07-23T22:00:38.116+0800][1.705s][gc,phases   ] GC(1) Concurrent Mark Free 0.001ms
[2024-07-23T22:00:38.117+0800][1.706s][gc,phases   ] GC(1) Concurrent Process Non-Strong References 0.762ms
[2024-07-23T22:00:38.117+0800][1.706s][gc,phases   ] GC(1) Concurrent Reset Relocation Set 0.001ms
[2024-07-23T22:00:38.120+0800][1.709s][gc,phases   ] GC(1) Concurrent Select Relocation Set 2.646ms
[2024-07-23T22:00:38.120+0800][1.709s][gc,phases   ] GC(1) Pause Relocate Start 0.006ms
[2024-07-23T22:00:38.126+0800][1.715s][gc,phases   ] GC(1) Concurrent Relocate 6.132ms
[2024-07-23T22:00:38.126+0800][1.715s][gc,load     ] GC(1) Load: 0.00/0.00/0.00
[2024-07-23T22:00:38.126+0800][1.715s][gc,mmu      ] GC(1) MMU: 2ms/97.8%, 5ms/99.0%, 10ms/99.5%, 20ms/99.7%, 50ms/99.9%, 100ms/99.9%
[2024-07-23T22:00:38.126+0800][1.715s][gc,marking  ] GC(1) Mark: 2 stripe(s), 2 proactive flush(es), 1 terminate flush(es), 0 completion(s), 0 continuation(s) 
[2024-07-23T22:00:38.126+0800][1.715s][gc,marking  ] GC(1) Mark Stack Usage: 32M
[2024-07-23T22:00:38.126+0800][1.715s][gc,nmethod  ] GC(1) NMethods: 405 registered, 0 unregistered
[2024-07-23T22:00:38.126+0800][1.715s][gc,metaspace] GC(1) Metaspace: 1M used, 1M committed, 1088M reserved
[2024-07-23T22:00:38.126+0800][1.715s][gc,ref      ] GC(1) Soft: 100 encountered, 0 discovered, 0 enqueued
[2024-07-23T22:00:38.126+0800][1.715s][gc,ref      ] GC(1) Weak: 136 encountered, 5 discovered, 5 enqueued
[2024-07-23T22:00:38.126+0800][1.715s][gc,ref      ] GC(1) Final: 0 encountered, 0 discovered, 0 enqueued
[2024-07-23T22:00:38.126+0800][1.715s][gc,ref      ] GC(1) Phantom: 189 encountered, 118 discovered, 5 enqueued
[2024-07-23T22:00:38.126+0800][1.715s][gc,reloc    ] GC(1) Small Pages: 6 / 12M, Empty: 2M, Relocated: 3M, In-Place: 0
[2024-07-23T22:00:38.126+0800][1.715s][gc,reloc    ] GC(1) Medium Pages: 13 / 416M, Empty: 352M, Relocated: 11M, In-Place: 0
[2024-07-23T22:00:38.126+0800][1.715s][gc,reloc    ] GC(1) Large Pages: 0 / 0M, Empty: 0M, Relocated: 0M, In-Place: 0
[2024-07-23T22:00:38.126+0800][1.715s][gc,reloc    ] GC(1) Forwarding Usage: 0M
[2024-07-23T22:00:38.126+0800][1.716s][gc,heap     ] GC(1) Min Capacity: 256M(12%)
[2024-07-23T22:00:38.126+0800][1.716s][gc,heap     ] GC(1) Max Capacity: 2048M(100%)
[2024-07-23T22:00:38.126+0800][1.716s][gc,heap     ] GC(1) Soft Max Capacity: 2048M(100%)
[2024-07-23T22:00:38.126+0800][1.716s][gc,heap     ] GC(1)                Mark Start          Mark End        Relocate Start      Relocate End           High               Low         
[2024-07-23T22:00:38.126+0800][1.716s][gc,heap     ] GC(1)  Capacity:      448M (22%)         480M (23%)         480M (23%)         480M (23%)         480M (23%)         448M (22%)    
[2024-07-23T22:00:38.126+0800][1.716s][gc,heap     ] GC(1)      Free:     1620M (79%)        1586M (77%)        1940M (95%)        1976M (96%)        1976M (96%)        1586M (77%)    
[2024-07-23T22:00:38.126+0800][1.716s][gc,heap     ] GC(1)      Used:      428M (21%)         462M (23%)         108M (5%)           72M (4%)          462M (23%)          72M (4%)     
[2024-07-23T22:00:38.126+0800][1.716s][gc,heap     ] GC(1)      Live:         -                16M (1%)           16M (1%)           16M (1%)             -                  -          
[2024-07-23T22:00:38.126+0800][1.716s][gc,heap     ] GC(1) Allocated:         -                34M (2%)           34M (2%)           34M (2%)             -                  -          
[2024-07-23T22:00:38.126+0800][1.716s][gc,heap     ] GC(1)   Garbage:         -               411M (20%)          57M (3%)           21M (1%)             -                  -          
[2024-07-23T22:00:38.126+0800][1.716s][gc,heap     ] GC(1) Reclaimed:         -                  -               354M (17%)         390M (19%)            -                  -          
[2024-07-23T22:00:38.126+0800][1.716s][gc          ] GC(1) Garbage Collection (Warmup) 428M(21%)->72M(4%)
[2024-07-23T22:00:39.094+0800][2.683s][gc,start    ] GC(2) Garbage Collection (Warmup)
[2024-07-23T22:00:39.094+0800][2.683s][gc,task     ] GC(2) Using 2 workers
[2024-07-23T22:00:39.094+0800][2.683s][gc,phases   ] GC(2) Pause Mark Start 0.014ms
[2024-07-23T22:00:39.110+0800][2.699s][gc,phases   ] GC(2) Concurrent Mark 15.524ms
[2024-07-23T22:00:39.126+0800][2.715s][gc,phases   ] GC(2) Pause Mark End 0.023ms
[2024-07-23T22:00:39.126+0800][2.715s][gc,phases   ] GC(2) Concurrent Mark Free 0.002ms
[2024-07-23T22:00:39.127+0800][2.716s][gc,phases   ] GC(2) Concurrent Process Non-Strong References 0.908ms
[2024-07-23T22:00:39.127+0800][2.716s][gc,phases   ] GC(2) Concurrent Reset Relocation Set 0.001ms
[2024-07-23T22:00:39.129+0800][2.718s][gc,phases   ] GC(2) Concurrent Select Relocation Set 1.925ms
[2024-07-23T22:00:39.129+0800][2.718s][gc,phases   ] GC(2) Pause Relocate Start 0.007ms
[2024-07-23T22:00:39.132+0800][2.722s][gc,phases   ] GC(2) Concurrent Relocate 3.235ms
[2024-07-23T22:00:39.132+0800][2.722s][gc,load     ] GC(2) Load: 0.00/0.00/0.00
[2024-07-23T22:00:39.132+0800][2.722s][gc,mmu      ] GC(2) MMU: 2ms/97.8%, 5ms/99.0%, 10ms/99.5%, 20ms/99.7%, 50ms/99.9%, 100ms/99.9%
[2024-07-23T22:00:39.132+0800][2.722s][gc,marking  ] GC(2) Mark: 2 stripe(s), 1 proactive flush(es), 1 terminate flush(es), 0 completion(s), 0 continuation(s) 
[2024-07-23T22:00:39.132+0800][2.722s][gc,marking  ] GC(2) Mark Stack Usage: 32M
[2024-07-23T22:00:39.132+0800][2.722s][gc,nmethod  ] GC(2) NMethods: 415 registered, 0 unregistered
[2024-07-23T22:00:39.132+0800][2.722s][gc,metaspace] GC(2) Metaspace: 1M used, 1M committed, 1088M reserved
[2024-07-23T22:00:39.132+0800][2.722s][gc,ref      ] GC(2) Soft: 100 encountered, 0 discovered, 0 enqueued
[2024-07-23T22:00:39.133+0800][2.722s][gc,ref      ] GC(2) Weak: 131 encountered, 107 discovered, 0 enqueued
[2024-07-23T22:00:39.133+0800][2.722s][gc,ref      ] GC(2) Final: 0 encountered, 0 discovered, 0 enqueued
[2024-07-23T22:00:39.133+0800][2.722s][gc,ref      ] GC(2) Phantom: 184 encountered, 138 discovered, 0 enqueued
[2024-07-23T22:00:39.133+0800][2.722s][gc,reloc    ] GC(2) Small Pages: 4 / 8M, Empty: 0M, Relocated: 1M, In-Place: 0
[2024-07-23T22:00:39.133+0800][2.722s][gc,reloc    ] GC(2) Medium Pages: 19 / 608M, Empty: 544M, Relocated: 10M, In-Place: 0
[2024-07-23T22:00:39.133+0800][2.722s][gc,reloc    ] GC(2) Large Pages: 0 / 0M, Empty: 0M, Relocated: 0M, In-Place: 0
[2024-07-23T22:00:39.133+0800][2.722s][gc,reloc    ] GC(2) Forwarding Usage: 0M
[2024-07-23T22:00:39.133+0800][2.722s][gc,heap     ] GC(2) Min Capacity: 256M(12%)
[2024-07-23T22:00:39.133+0800][2.722s][gc,heap     ] GC(2) Max Capacity: 2048M(100%)
[2024-07-23T22:00:39.133+0800][2.722s][gc,heap     ] GC(2) Soft Max Capacity: 2048M(100%)
[2024-07-23T22:00:39.133+0800][2.722s][gc,heap     ] GC(2)                Mark Start          Mark End        Relocate Start      Relocate End           High               Low         
[2024-07-23T22:00:39.133+0800][2.722s][gc,heap     ] GC(2)  Capacity:      640M (31%)         672M (33%)         672M (33%)         672M (33%)         672M (33%)         640M (31%)    
[2024-07-23T22:00:39.133+0800][2.722s][gc,heap     ] GC(2)      Free:     1432M (70%)        1400M (68%)        1944M (95%)        1976M (96%)        1976M (96%)        1400M (68%)    
[2024-07-23T22:00:39.133+0800][2.722s][gc,heap     ] GC(2)      Used:      616M (30%)         648M (32%)         104M (5%)           72M (4%)          648M (32%)          72M (4%)     
[2024-07-23T22:00:39.133+0800][2.722s][gc,heap     ] GC(2)      Live:         -                15M (1%)           15M (1%)           15M (1%)             -                  -          
[2024-07-23T22:00:39.133+0800][2.722s][gc,heap     ] GC(2) Allocated:         -                32M (2%)           32M (2%)           33M (2%)             -                  -          
[2024-07-23T22:00:39.133+0800][2.722s][gc,heap     ] GC(2)   Garbage:         -               600M (29%)          56M (3%)           22M (1%)             -                  -          
[2024-07-23T22:00:39.133+0800][2.722s][gc,heap     ] GC(2) Reclaimed:         -                  -               544M (27%)         577M (28%)            -                  -          
[2024-07-23T22:00:39.133+0800][2.722s][gc          ] GC(2) Garbage Collection (Warmup) 616M(30%)->72M(4%)
[2024-07-23T22:00:42.399+0800][5.989s][gc,start    ] GC(3) Garbage Collection (Proactive)
[2024-07-23T22:00:42.399+0800][5.989s][gc,task     ] GC(3) Using 2 workers
[2024-07-23T22:00:42.399+0800][5.989s][gc,phases   ] GC(3) Pause Mark Start 0.009ms
[2024-07-23T22:00:42.430+0800][6.019s][gc,phases   ] GC(3) Concurrent Mark 30.562ms
[2024-07-23T22:00:42.430+0800][6.020s][gc,phases   ] GC(3) Pause Mark End 0.020ms
[2024-07-23T22:00:42.430+0800][6.020s][gc,phases   ] GC(3) Concurrent Mark Free 0.001ms
[2024-07-23T22:00:42.431+0800][6.021s][gc,phases   ] GC(3) Concurrent Process Non-Strong References 1.031ms
[2024-07-23T22:00:42.431+0800][6.021s][gc,phases   ] GC(3) Concurrent Reset Relocation Set 0.001ms
[2024-07-23T22:00:42.433+0800][6.023s][gc,phases   ] GC(3) Concurrent Select Relocation Set 2.079ms
[2024-07-23T22:00:42.434+0800][6.023s][gc,phases   ] GC(3) Pause Relocate Start 0.006ms
[2024-07-23T22:00:42.435+0800][6.025s][gc,phases   ] GC(3) Concurrent Relocate 1.584ms
[2024-07-23T22:00:42.435+0800][6.025s][gc,load     ] GC(3) Load: 0.00/0.00/0.00
[2024-07-23T22:00:42.435+0800][6.025s][gc,mmu      ] GC(3) MMU: 2ms/97.8%, 5ms/99.0%, 10ms/99.5%, 20ms/99.7%, 50ms/99.9%, 100ms/99.9%
[2024-07-23T22:00:42.435+0800][6.025s][gc,marking  ] GC(3) Mark: 2 stripe(s), 2 proactive flush(es), 1 terminate flush(es), 0 completion(s), 0 continuation(s) 
[2024-07-23T22:00:42.435+0800][6.025s][gc,marking  ] GC(3) Mark Stack Usage: 32M
[2024-07-23T22:00:42.435+0800][6.025s][gc,nmethod  ] GC(3) NMethods: 459 registered, 0 unregistered
[2024-07-23T22:00:42.435+0800][6.025s][gc,metaspace] GC(3) Metaspace: 1M used, 1M committed, 1088M reserved
[2024-07-23T22:00:42.436+0800][6.025s][gc,ref      ] GC(3) Soft: 100 encountered, 0 discovered, 0 enqueued
[2024-07-23T22:00:42.436+0800][6.025s][gc,ref      ] GC(3) Weak: 131 encountered, 107 discovered, 0 enqueued
[2024-07-23T22:00:42.436+0800][6.025s][gc,ref      ] GC(3) Final: 0 encountered, 0 discovered, 0 enqueued
[2024-07-23T22:00:42.436+0800][6.025s][gc,ref      ] GC(3) Phantom: 184 encountered, 171 discovered, 0 enqueued
[2024-07-23T22:00:42.436+0800][6.025s][gc,reloc    ] GC(3) Small Pages: 5 / 10M, Empty: 0M, Relocated: 1M, In-Place: 0
[2024-07-23T22:00:42.436+0800][6.025s][gc,reloc    ] GC(3) Medium Pages: 48 / 1536M, Empty: 1472M, Relocated: 1M, In-Place: 0
[2024-07-23T22:00:42.436+0800][6.025s][gc,reloc    ] GC(3) Large Pages: 0 / 0M, Empty: 0M, Relocated: 0M, In-Place: 0
[2024-07-23T22:00:42.436+0800][6.025s][gc,reloc    ] GC(3) Forwarding Usage: 0M
[2024-07-23T22:00:42.436+0800][6.025s][gc,heap     ] GC(3) Min Capacity: 256M(12%)
[2024-07-23T22:00:42.436+0800][6.025s][gc,heap     ] GC(3) Max Capacity: 2048M(100%)
[2024-07-23T22:00:42.436+0800][6.025s][gc,heap     ] GC(3) Soft Max Capacity: 2048M(100%)
[2024-07-23T22:00:42.436+0800][6.025s][gc,heap     ] GC(3)                Mark Start          Mark End        Relocate Start      Relocate End           High               Low         
[2024-07-23T22:00:42.436+0800][6.025s][gc,heap     ] GC(3)  Capacity:     1568M (77%)        1600M (78%)        1600M (78%)        1600M (78%)        1600M (78%)        1568M (77%)    
[2024-07-23T22:00:42.436+0800][6.025s][gc,heap     ] GC(3)      Free:      502M (25%)         468M (23%)        1940M (95%)        1976M (96%)        1976M (96%)         468M (23%)    
[2024-07-23T22:00:42.436+0800][6.025s][gc,heap     ] GC(3)      Used:     1546M (75%)        1580M (77%)         108M (5%)           72M (4%)         1580M (77%)          72M (4%)     
[2024-07-23T22:00:42.436+0800][6.025s][gc,heap     ] GC(3)      Live:         -                 6M (0%)            6M (0%)            6M (0%)             -                  -          
[2024-07-23T22:00:42.436+0800][6.025s][gc,heap     ] GC(3) Allocated:         -                34M (2%)           34M (2%)           33M (2%)             -                  -          
[2024-07-23T22:00:42.436+0800][6.025s][gc,heap     ] GC(3)   Garbage:         -              1539M (75%)          67M (3%)           31M (2%)             -                  -          
[2024-07-23T22:00:42.436+0800][6.025s][gc,heap     ] GC(3) Reclaimed:         -                  -              1472M (72%)        1507M (74%)            -                  -          
[2024-07-23T22:00:42.436+0800][6.025s][gc          ] GC(3) Garbage Collection (Proactive) 1546M(75%)->72M(4%)
[2024-07-23T22:00:45.702+0800][9.291s][gc,start    ] GC(4) Garbage Collection (Allocation Rate)
[2024-07-23T22:00:45.702+0800][9.291s][gc,task     ] GC(4) Using 2 workers
[2024-07-23T22:00:45.702+0800][9.291s][gc,phases   ] GC(4) Pause Mark Start 0.010ms
[2024-07-23T22:00:45.717+0800][9.306s][gc,phases   ] GC(4) Concurrent Mark 14.936ms
[2024-07-23T22:00:45.733+0800][9.322s][gc,phases   ] GC(4) Pause Mark End 0.022ms
[2024-07-23T22:00:45.733+0800][9.322s][gc,phases   ] GC(4) Concurrent Mark Free 0.003ms
[2024-07-23T22:00:45.734+0800][9.323s][gc,phases   ] GC(4) Concurrent Process Non-Strong References 0.985ms
[2024-07-23T22:00:45.734+0800][9.323s][gc,phases   ] GC(4) Concurrent Reset Relocation Set 0.002ms
[2024-07-23T22:00:45.737+0800][9.326s][gc,phases   ] GC(4) Concurrent Select Relocation Set 3.081ms
[2024-07-23T22:00:45.738+0800][9.327s][gc,phases   ] GC(4) Pause Relocate Start 0.007ms
[2024-07-23T22:00:45.739+0800][9.328s][gc,phases   ] GC(4) Concurrent Relocate 0.957ms
[2024-07-23T22:00:45.739+0800][9.328s][gc,load     ] GC(4) Load: 0.00/0.00/0.00
[2024-07-23T22:00:45.739+0800][9.328s][gc,mmu      ] GC(4) MMU: 2ms/97.8%, 5ms/99.0%, 10ms/99.5%, 20ms/99.7%, 50ms/99.9%, 100ms/99.9%
[2024-07-23T22:00:45.739+0800][9.328s][gc,marking  ] GC(4) Mark: 2 stripe(s), 1 proactive flush(es), 1 terminate flush(es), 0 completion(s), 0 continuation(s) 
[2024-07-23T22:00:45.739+0800][9.328s][gc,marking  ] GC(4) Mark Stack Usage: 32M
[2024-07-23T22:00:45.739+0800][9.328s][gc,nmethod  ] GC(4) NMethods: 475 registered, 0 unregistered
[2024-07-23T22:00:45.739+0800][9.328s][gc,metaspace] GC(4) Metaspace: 1M used, 1M committed, 1088M reserved
[2024-07-23T22:00:45.739+0800][9.328s][gc,ref      ] GC(4) Soft: 100 encountered, 0 discovered, 0 enqueued
[2024-07-23T22:00:45.739+0800][9.328s][gc,ref      ] GC(4) Weak: 131 encountered, 1 discovered, 0 enqueued
[2024-07-23T22:00:45.739+0800][9.328s][gc,ref      ] GC(4) Final: 0 encountered, 0 discovered, 0 enqueued
[2024-07-23T22:00:45.739+0800][9.328s][gc,ref      ] GC(4) Phantom: 184 encountered, 123 discovered, 0 enqueued
[2024-07-23T22:00:45.739+0800][9.328s][gc,reloc    ] GC(4) Small Pages: 4 / 8M, Empty: 0M, Relocated: 1M, In-Place: 0
[2024-07-23T22:00:45.739+0800][9.328s][gc,reloc    ] GC(4) Medium Pages: 59 / 1888M, Empty: 1856M, Relocated: 0M, In-Place: 0
[2024-07-23T22:00:45.739+0800][9.328s][gc,reloc    ] GC(4) Large Pages: 0 / 0M, Empty: 0M, Relocated: 0M, In-Place: 0
[2024-07-23T22:00:45.739+0800][9.328s][gc,reloc    ] GC(4) Forwarding Usage: 0M
[2024-07-23T22:00:45.739+0800][9.328s][gc,heap     ] GC(4) Min Capacity: 256M(12%)
[2024-07-23T22:00:45.739+0800][9.328s][gc,heap     ] GC(4) Max Capacity: 2048M(100%)
[2024-07-23T22:00:45.739+0800][9.328s][gc,heap     ] GC(4) Soft Max Capacity: 2048M(100%)
[2024-07-23T22:00:45.739+0800][9.328s][gc,heap     ] GC(4)                Mark Start          Mark End        Relocate Start      Relocate End           High               Low         
[2024-07-23T22:00:45.739+0800][9.328s][gc,heap     ] GC(4)  Capacity:     1920M (94%)        1952M (95%)        1952M (95%)        1952M (95%)        1952M (95%)        1920M (94%)    
[2024-07-23T22:00:45.739+0800][9.328s][gc,heap     ] GC(4)      Free:      152M (7%)          120M (6%)         1976M (96%)        1976M (96%)        1976M (96%)         120M (6%)     
[2024-07-23T22:00:45.739+0800][9.328s][gc,heap     ] GC(4)      Used:     1896M (93%)        1928M (94%)          72M (4%)           72M (4%)         1928M (94%)          72M (4%)     
[2024-07-23T22:00:45.739+0800][9.328s][gc,heap     ] GC(4)      Live:         -                 5M (0%)            5M (0%)            5M (0%)             -                  -          
[2024-07-23T22:00:45.739+0800][9.328s][gc,heap     ] GC(4) Allocated:         -                32M (2%)           32M (2%)           33M (2%)             -                  -          
[2024-07-23T22:00:45.739+0800][9.329s][gc,heap     ] GC(4)   Garbage:         -              1890M (92%)          34M (2%)           32M (2%)             -                  -          
[2024-07-23T22:00:45.739+0800][9.329s][gc,heap     ] GC(4) Reclaimed:         -                  -              1856M (91%)        1857M (91%)            -                  -          
[2024-07-23T22:00:45.740+0800][9.329s][gc          ] GC(4) Garbage Collection (Allocation Rate) 1896M(93%)->72M(4%)
[2024-07-23T22:00:46.506+0800][10.095s][gc,stats    ] === Garbage Collection Statistics =======================================================================================================================
[2024-07-23T22:00:46.506+0800][10.095s][gc,stats    ]                                                              Last 10s              Last 10m              Last 10h                Total
[2024-07-23T22:00:46.506+0800][10.095s][gc,stats    ]                                                              Avg / Max             Avg / Max             Avg / Max             Avg / Max
[2024-07-23T22:00:46.506+0800][10.095s][gc,stats    ]   Collector: Garbage Collection Cycle                     37.529 / 49.042       37.529 / 49.042       37.529 / 49.042       37.529 / 49.042      ms
[2024-07-23T22:00:46.506+0800][10.095s][gc,stats    ]  Contention: Mark Segment Reset Contention                     0 / 1                 0 / 1                 0 / 1                 0 / 1           ops/s
[2024-07-23T22:00:46.506+0800][10.095s][gc,stats    ]  Contention: Mark SeqNum Reset Contention                      0 / 1                 0 / 1                 0 / 1                 0 / 1           ops/s
[2024-07-23T22:00:46.506+0800][10.095s][gc,stats    ]    Critical: Allocation Stall                                  0 / 0                 0 / 0                 0 / 0                 0 / 0           ops/s
[2024-07-23T22:00:46.506+0800][10.095s][gc,stats    ]    Critical: Allocation Stall                              0.000 / 0.000         0.000 / 0.000         0.000 / 0.000         0.000 / 0.000       ms
[2024-07-23T22:00:46.506+0800][10.095s][gc,stats    ]    Critical: GC Locker Stall                                   0 / 0                 0 / 0                 0 / 0                 0 / 0           ops/s
[2024-07-23T22:00:46.506+0800][10.095s][gc,stats    ]    Critical: GC Locker Stall                               0.000 / 0.000         0.000 / 0.000         0.000 / 0.000         0.000 / 0.000       ms
[2024-07-23T22:00:46.506+0800][10.095s][gc,stats    ]    Critical: Relocation Stall                                  0 / 0                 0 / 0                 0 / 0                 0 / 0           ops/s
[2024-07-23T22:00:46.506+0800][10.095s][gc,stats    ]    Critical: Relocation Stall                              0.000 / 0.000         0.000 / 0.000         0.000 / 0.000         0.000 / 0.000       ms
[2024-07-23T22:00:46.506+0800][10.095s][gc,stats    ]      Memory: Allocation Rate                                 508 / 640             508 / 640             508 / 640             508 / 640         MB/s
[2024-07-23T22:00:46.506+0800][10.095s][gc,stats    ]      Memory: Out Of Memory                                     0 / 0                 0 / 0                 0 / 0                 0 / 0           ops/s
[2024-07-23T22:00:46.506+0800][10.095s][gc,stats    ]      Memory: Page Cache Flush                                  0 / 0                 0 / 0                 0 / 0                 0 / 0           MB/s
[2024-07-23T22:00:46.506+0800][10.095s][gc,stats    ]      Memory: Page Cache Hit L1                                11 / 20               11 / 20               11 / 20               11 / 20          ops/s
[2024-07-23T22:00:46.506+0800][10.095s][gc,stats    ]      Memory: Page Cache Hit L2                                 0 / 0                 0 / 0                 0 / 0                 0 / 0           ops/s
[2024-07-23T22:00:46.506+0800][10.095s][gc,stats    ]      Memory: Page Cache Hit L3                                 1 / 15                1 / 15                1 / 15                1 / 15          ops/s
[2024-07-23T22:00:46.506+0800][10.095s][gc,stats    ]      Memory: Page Cache Miss                                   5 / 12                5 / 12                5 / 12                5 / 12          ops/s
[2024-07-23T22:00:46.506+0800][10.095s][gc,stats    ]      Memory: Uncommit                                          0 / 0                 0 / 0                 0 / 0                 0 / 0           MB/s
[2024-07-23T22:00:46.506+0800][10.095s][gc,stats    ]      Memory: Undo Object Allocation Failed                     0 / 0                 0 / 0                 0 / 0                 0 / 0           ops/s
[2024-07-23T22:00:46.506+0800][10.095s][gc,stats    ]      Memory: Undo Object Allocation Succeeded                  0 / 0                 0 / 0                 0 / 0                 0 / 0           ops/s
[2024-07-23T22:00:46.506+0800][10.095s][gc,stats    ]      Memory: Undo Page Allocation                              0 / 0                 0 / 0                 0 / 0                 0 / 0           ops/s
[2024-07-23T22:00:46.506+0800][10.095s][gc,stats    ]       Phase: Concurrent Mark                              18.473 / 30.562       18.473 / 30.562       18.473 / 30.562       18.473 / 30.562      ms
[2024-07-23T22:00:46.506+0800][10.095s][gc,stats    ]       Phase: Concurrent Mark Continue                      0.000 / 0.000         0.000 / 0.000         0.000 / 0.000         0.000 / 0.000       ms
[2024-07-23T22:00:46.506+0800][10.095s][gc,stats    ]       Phase: Concurrent Mark Free                          0.001 / 0.003         0.001 / 0.003         0.001 / 0.003         0.001 / 0.003       ms
[2024-07-23T22:00:46.506+0800][10.095s][gc,stats    ]       Phase: Concurrent Process Non-Strong References      0.839 / 1.031         0.839 / 1.031         0.839 / 1.031         0.839 / 1.031       ms
[2024-07-23T22:00:46.506+0800][10.096s][gc,stats    ]       Phase: Concurrent Relocate                           3.315 / 6.132         3.315 / 6.132         3.315 / 6.132         3.315 / 6.132       ms
[2024-07-23T22:00:46.506+0800][10.096s][gc,stats    ]       Phase: Concurrent Reset Relocation Set               0.001 / 0.002         0.001 / 0.002         0.001 / 0.002         0.001 / 0.002       ms
[2024-07-23T22:00:46.506+0800][10.096s][gc,stats    ]       Phase: Concurrent Select Relocation Set              4.228 / 11.409        4.228 / 11.409        4.228 / 11.409        4.228 / 11.409      ms
[2024-07-23T22:00:46.506+0800][10.096s][gc,stats    ]       Phase: Pause Mark End                                0.029 / 0.043         0.029 / 0.043         0.029 / 0.043         0.029 / 0.043       ms
[2024-07-23T22:00:46.507+0800][10.096s][gc,stats    ]       Phase: Pause Mark Start                              0.013 / 0.023         0.013 / 0.023         0.013 / 0.023         0.013 / 0.023       ms
[2024-07-23T22:00:46.507+0800][10.096s][gc,stats    ]       Phase: Pause Relocate Start                          0.007 / 0.011         0.007 / 0.011         0.007 / 0.011         0.007 / 0.011       ms
[2024-07-23T22:00:46.507+0800][10.096s][gc,stats    ]    Subphase: Concurrent Classes Purge                      0.082 / 0.131         0.082 / 0.131         0.082 / 0.131         0.082 / 0.131       ms
[2024-07-23T22:00:46.507+0800][10.096s][gc,stats    ]    Subphase: Concurrent Classes Unlink                     0.298 / 0.403         0.298 / 0.403         0.298 / 0.403         0.298 / 0.403       ms
[2024-07-23T22:00:46.507+0800][10.096s][gc,stats    ]    Subphase: Concurrent Mark                              12.051 / 30.006       12.051 / 30.006       12.051 / 30.006       12.051 / 30.006      ms
[2024-07-23T22:00:46.507+0800][10.096s][gc,stats    ]    Subphase: Concurrent Mark Try Flush                     1.119 / 12.369        1.119 / 12.369        1.119 / 12.369        1.119 / 12.369      ms
[2024-07-23T22:00:46.507+0800][10.096s][gc,stats    ]    Subphase: Concurrent Mark Try Terminate                 4.521 / 15.319        4.521 / 15.319        4.521 / 15.319        4.521 / 15.319      ms
[2024-07-23T22:00:46.507+0800][10.096s][gc,stats    ]    Subphase: Concurrent References Enqueue                 0.002 / 0.004         0.002 / 0.004         0.002 / 0.004         0.002 / 0.004       ms
[2024-07-23T22:00:46.507+0800][10.096s][gc,stats    ]    Subphase: Concurrent References Process                 0.096 / 0.143         0.096 / 0.143         0.096 / 0.143         0.096 / 0.143       ms
[2024-07-23T22:00:46.507+0800][10.096s][gc,stats    ]    Subphase: Concurrent Roots ClassLoaderDataGraph         0.080 / 0.190         0.080 / 0.190         0.080 / 0.190         0.080 / 0.190       ms
[2024-07-23T22:00:46.507+0800][10.096s][gc,stats    ]    Subphase: Concurrent Roots CodeCache                    0.000 / 0.000         0.000 / 0.000         0.000 / 0.000         0.000 / 0.000       ms
[2024-07-23T22:00:46.507+0800][10.096s][gc,stats    ]    Subphase: Concurrent Roots JavaThreads                  0.218 / 0.427         0.218 / 0.427         0.218 / 0.427         0.218 / 0.427       ms
[2024-07-23T22:00:46.507+0800][10.096s][gc,stats    ]    Subphase: Concurrent Roots OopStorageSet                0.024 / 0.045         0.024 / 0.045         0.024 / 0.045         0.024 / 0.045       ms
[2024-07-23T22:00:46.507+0800][10.096s][gc,stats    ]    Subphase: Concurrent Weak Roots OopStorageSet           0.192 / 0.294         0.192 / 0.294         0.192 / 0.294         0.192 / 0.294       ms
[2024-07-23T22:00:46.507+0800][10.096s][gc,stats    ]    Subphase: Pause Mark Try Complete                       0.000 / 0.000         0.000 / 0.000         0.000 / 0.000         0.000 / 0.000       ms
[2024-07-23T22:00:46.507+0800][10.096s][gc,stats    ]      System: Java Threads                                     13 / 13               13 / 13               13 / 13               13 / 13          threads
[2024-07-23T22:00:46.507+0800][10.096s][gc,stats    ] =========================================================================================================================================================
[2024-07-23T22:00:48.606+0800][12.195s][gc,start    ] GC(5) Garbage Collection (Allocation Rate)
[2024-07-23T22:00:48.606+0800][12.195s][gc,task     ] GC(5) Using 1 workers
[2024-07-23T22:00:48.606+0800][12.195s][gc,phases   ] GC(5) Pause Mark Start 0.012ms
[2024-07-23T22:00:48.615+0800][12.204s][gc,phases   ] GC(5) Concurrent Mark 8.759ms
[2024-07-23T22:00:48.615+0800][12.204s][gc,phases   ] GC(5) Pause Mark End 0.010ms
[2024-07-23T22:00:48.615+0800][12.204s][gc,phases   ] GC(5) Concurrent Mark Free 0.001ms
[2024-07-23T22:00:48.617+0800][12.206s][gc,phases   ] GC(5) Concurrent Process Non-Strong References 1.744ms
[2024-07-23T22:00:48.617+0800][12.206s][gc,phases   ] GC(5) Concurrent Reset Relocation Set 0.001ms
[2024-07-23T22:00:48.619+0800][12.208s][gc,phases   ] GC(5) Concurrent Select Relocation Set 2.286ms
[2024-07-23T22:00:48.619+0800][12.208s][gc,phases   ] GC(5) Pause Relocate Start 0.012ms
[2024-07-23T22:00:48.622+0800][12.211s][gc,phases   ] GC(5) Concurrent Relocate 2.452ms
[2024-07-23T22:00:48.622+0800][12.211s][gc,load     ] GC(5) Load: 0.00/0.00/0.00
[2024-07-23T22:00:48.622+0800][12.211s][gc,mmu      ] GC(5) MMU: 2ms/97.8%, 5ms/99.0%, 10ms/99.5%, 20ms/99.7%, 50ms/99.9%, 100ms/99.9%
[2024-07-23T22:00:48.622+0800][12.211s][gc,marking  ] GC(5) Mark: 1 stripe(s), 2 proactive flush(es), 1 terminate flush(es), 0 completion(s), 0 continuation(s) 
[2024-07-23T22:00:48.622+0800][12.211s][gc,marking  ] GC(5) Mark Stack Usage: 32M
[2024-07-23T22:00:48.622+0800][12.211s][gc,nmethod  ] GC(5) NMethods: 488 registered, 0 unregistered
[2024-07-23T22:00:48.622+0800][12.211s][gc,metaspace] GC(5) Metaspace: 1M used, 1M committed, 1088M reserved
[2024-07-23T22:00:48.622+0800][12.211s][gc,ref      ] GC(5) Soft: 100 encountered, 0 discovered, 0 enqueued
[2024-07-23T22:00:48.622+0800][12.211s][gc,ref      ] GC(5) Weak: 131 encountered, 107 discovered, 0 enqueued
[2024-07-23T22:00:48.622+0800][12.211s][gc,ref      ] GC(5) Final: 0 encountered, 0 discovered, 0 enqueued
[2024-07-23T22:00:48.622+0800][12.211s][gc,ref      ] GC(5) Phantom: 184 encountered, 98 discovered, 0 enqueued
[2024-07-23T22:00:48.622+0800][12.211s][gc,reloc    ] GC(5) Small Pages: 4 / 8M, Empty: 0M, Relocated: 1M, In-Place: 0
[2024-07-23T22:00:48.622+0800][12.211s][gc,reloc    ] GC(5) Medium Pages: 58 / 1856M, Empty: 1792M, Relocated: 3M, In-Place: 0
[2024-07-23T22:00:48.622+0800][12.211s][gc,reloc    ] GC(5) Large Pages: 0 / 0M, Empty: 0M, Relocated: 0M, In-Place: 0
[2024-07-23T22:00:48.622+0800][12.211s][gc,reloc    ] GC(5) Forwarding Usage: 0M
[2024-07-23T22:00:48.622+0800][12.211s][gc,heap     ] GC(5) Min Capacity: 256M(12%)
[2024-07-23T22:00:48.622+0800][12.211s][gc,heap     ] GC(5) Max Capacity: 2048M(100%)
[2024-07-23T22:00:48.622+0800][12.211s][gc,heap     ] GC(5) Soft Max Capacity: 2048M(100%)
[2024-07-23T22:00:48.622+0800][12.211s][gc,heap     ] GC(5)                Mark Start          Mark End        Relocate Start      Relocate End           High               Low         
[2024-07-23T22:00:48.622+0800][12.211s][gc,heap     ] GC(5)  Capacity:     1952M (95%)        1952M (95%)        1952M (95%)        1952M (95%)        1952M (95%)        1952M (95%)    
[2024-07-23T22:00:48.622+0800][12.211s][gc,heap     ] GC(5)      Free:      184M (9%)          150M (7%)         1942M (95%)        1976M (96%)        1976M (96%)         150M (7%)     
[2024-07-23T22:00:48.622+0800][12.211s][gc,heap     ] GC(5)      Used:     1864M (91%)        1898M (93%)         106M (5%)           72M (4%)         1898M (93%)          72M (4%)     
[2024-07-23T22:00:48.622+0800][12.211s][gc,heap     ] GC(5)      Live:         -                 8M (0%)            8M (0%)            8M (0%)             -                  -          
[2024-07-23T22:00:48.622+0800][12.211s][gc,heap     ] GC(5) Allocated:         -                34M (2%)           34M (2%)           34M (2%)             -                  -          
[2024-07-23T22:00:48.622+0800][12.211s][gc,heap     ] GC(5)   Garbage:         -              1855M (91%)          63M (3%)           29M (1%)             -                  -          
[2024-07-23T22:00:48.622+0800][12.211s][gc,heap     ] GC(5) Reclaimed:         -                  -              1792M (88%)        1826M (89%)            -                  -          
[2024-07-23T22:00:48.622+0800][12.211s][gc          ] GC(5) Garbage Collection (Allocation Rate) 1864M(91%)->72M(4%)
[2024-07-23T22:00:51.505+0800][15.094s][gc,start    ] GC(6) Garbage Collection (Allocation Rate)
[2024-07-23T22:00:51.505+0800][15.094s][gc,task     ] GC(6) Using 1 workers
[2024-07-23T22:00:51.505+0800][15.094s][gc,phases   ] GC(6) Pause Mark Start 0.007ms
[2024-07-23T22:00:51.513+0800][15.102s][gc,phases   ] GC(6) Concurrent Mark 8.200ms
[2024-07-23T22:00:51.513+0800][15.103s][gc,phases   ] GC(6) Pause Mark End 0.009ms
[2024-07-23T22:00:51.513+0800][15.103s][gc,phases   ] GC(6) Concurrent Mark Free 0.001ms
[2024-07-23T22:00:51.515+0800][15.104s][gc,phases   ] GC(6) Concurrent Process Non-Strong References 1.327ms
[2024-07-23T22:00:51.515+0800][15.104s][gc,phases   ] GC(6) Concurrent Reset Relocation Set 0.001ms
[2024-07-23T22:00:51.517+0800][15.107s][gc,phases   ] GC(6) Concurrent Select Relocation Set 2.431ms
[2024-07-23T22:00:51.517+0800][15.107s][gc,phases   ] GC(6) Pause Relocate Start 0.007ms
[2024-07-23T22:00:51.520+0800][15.110s][gc,phases   ] GC(6) Concurrent Relocate 2.803ms
[2024-07-23T22:00:51.520+0800][15.110s][gc,load     ] GC(6) Load: 0.00/0.00/0.00
[2024-07-23T22:00:51.520+0800][15.110s][gc,mmu      ] GC(6) MMU: 2ms/97.8%, 5ms/99.0%, 10ms/99.5%, 20ms/99.7%, 50ms/99.9%, 100ms/99.9%
[2024-07-23T22:00:51.520+0800][15.110s][gc,marking  ] GC(6) Mark: 1 stripe(s), 2 proactive flush(es), 1 terminate flush(es), 0 completion(s), 0 continuation(s) 
[2024-07-23T22:00:51.520+0800][15.110s][gc,marking  ] GC(6) Mark Stack Usage: 32M
[2024-07-23T22:00:51.520+0800][15.110s][gc,nmethod  ] GC(6) NMethods: 500 registered, 0 unregistered
[2024-07-23T22:00:51.520+0800][15.110s][gc,metaspace] GC(6) Metaspace: 1M used, 1M committed, 1088M reserved
[2024-07-23T22:00:51.520+0800][15.110s][gc,ref      ] GC(6) Soft: 100 encountered, 0 discovered, 0 enqueued
[2024-07-23T22:00:51.520+0800][15.110s][gc,ref      ] GC(6) Weak: 131 encountered, 107 discovered, 0 enqueued
[2024-07-23T22:00:51.520+0800][15.110s][gc,ref      ] GC(6) Final: 0 encountered, 0 discovered, 0 enqueued
[2024-07-23T22:00:51.520+0800][15.110s][gc,ref      ] GC(6) Phantom: 184 encountered, 98 discovered, 0 enqueued
[2024-07-23T22:00:51.520+0800][15.110s][gc,reloc    ] GC(6) Small Pages: 5 / 10M, Empty: 2M, Relocated: 1M, In-Place: 0
[2024-07-23T22:00:51.520+0800][15.110s][gc,reloc    ] GC(6) Medium Pages: 60 / 1920M, Empty: 1824M, Relocated: 4M, In-Place: 0
[2024-07-23T22:00:51.520+0800][15.110s][gc,reloc    ] GC(6) Large Pages: 0 / 0M, Empty: 0M, Relocated: 0M, In-Place: 0
[2024-07-23T22:00:51.521+0800][15.110s][gc,reloc    ] GC(6) Forwarding Usage: 0M
[2024-07-23T22:00:51.521+0800][15.110s][gc,heap     ] GC(6) Min Capacity: 256M(12%)
[2024-07-23T22:00:51.521+0800][15.110s][gc,heap     ] GC(6) Max Capacity: 2048M(100%)
[2024-07-23T22:00:51.521+0800][15.110s][gc,heap     ] GC(6) Soft Max Capacity: 2048M(100%)
[2024-07-23T22:00:51.521+0800][15.110s][gc,heap     ] GC(6)                Mark Start          Mark End        Relocate Start      Relocate End           High               Low         
[2024-07-23T22:00:51.521+0800][15.110s][gc,heap     ] GC(6)  Capacity:     1952M (95%)        1984M (97%)        1984M (97%)        1984M (97%)        1984M (97%)        1952M (95%)    
[2024-07-23T22:00:51.521+0800][15.110s][gc,heap     ] GC(6)      Free:      118M (6%)           84M (4%)         1910M (93%)        1976M (96%)        1976M (96%)          84M (4%)     
[2024-07-23T22:00:51.521+0800][15.110s][gc,heap     ] GC(6)      Used:     1930M (94%)        1964M (96%)         138M (7%)           72M (4%)         1964M (96%)          72M (4%)     
[2024-07-23T22:00:51.521+0800][15.110s][gc,heap     ] GC(6)      Live:         -                 9M (0%)            9M (0%)            9M (0%)             -                  -          
[2024-07-23T22:00:51.521+0800][15.110s][gc,heap     ] GC(6) Allocated:         -                34M (2%)           34M (2%)           34M (2%)             -                  -          
[2024-07-23T22:00:51.521+0800][15.110s][gc,heap     ] GC(6)   Garbage:         -              1920M (94%)          94M (5%)           28M (1%)             -                  -          
[2024-07-23T22:00:51.521+0800][15.110s][gc,heap     ] GC(6) Reclaimed:         -                  -              1826M (89%)        1892M (92%)            -                  -          
[2024-07-23T22:00:51.521+0800][15.110s][gc          ] GC(6) Garbage Collection (Allocation Rate) 1930M(94%)->72M(4%)
[2024-07-23T22:00:53.605+0800][17.194s][gc,start    ] GC(7) Garbage Collection (Proactive)
[2024-07-23T22:00:53.605+0800][17.194s][gc,task     ] GC(7) Using 2 workers
[2024-07-23T22:00:53.605+0800][17.194s][gc,phases   ] GC(7) Pause Mark Start 0.010ms
[2024-07-23T22:00:53.621+0800][17.210s][gc,phases   ] GC(7) Concurrent Mark 15.656ms
[2024-07-23T22:00:53.621+0800][17.210s][gc,phases   ] GC(7) Pause Mark End 0.015ms
[2024-07-23T22:00:53.621+0800][17.210s][gc,phases   ] GC(7) Concurrent Mark Free 0.001ms
[2024-07-23T22:00:53.622+0800][17.212s][gc,phases   ] GC(7) Concurrent Process Non-Strong References 1.159ms
[2024-07-23T22:00:53.622+0800][17.212s][gc,phases   ] GC(7) Concurrent Reset Relocation Set 0.004ms
[2024-07-23T22:00:53.626+0800][17.215s][gc,phases   ] GC(7) Concurrent Select Relocation Set 2.960ms
[2024-07-23T22:00:53.626+0800][17.215s][gc,phases   ] GC(7) Pause Relocate Start 0.022ms
[2024-07-23T22:00:53.627+0800][17.216s][gc,phases   ] GC(7) Concurrent Relocate 0.967ms
[2024-07-23T22:00:53.627+0800][17.216s][gc,load     ] GC(7) Load: 0.00/0.00/0.00
[2024-07-23T22:00:53.627+0800][17.216s][gc,mmu      ] GC(7) MMU: 2ms/97.8%, 5ms/99.0%, 10ms/99.5%, 20ms/99.7%, 50ms/99.9%, 100ms/99.9%
[2024-07-23T22:00:53.627+0800][17.216s][gc,marking  ] GC(7) Mark: 2 stripe(s), 2 proactive flush(es), 1 terminate flush(es), 0 completion(s), 0 continuation(s) 
[2024-07-23T22:00:53.627+0800][17.216s][gc,marking  ] GC(7) Mark Stack Usage: 32M
[2024-07-23T22:00:53.627+0800][17.216s][gc,nmethod  ] GC(7) NMethods: 503 registered, 0 unregistered
[2024-07-23T22:00:53.627+0800][17.216s][gc,metaspace] GC(7) Metaspace: 1M used, 1M committed, 1088M reserved
[2024-07-23T22:00:53.627+0800][17.216s][gc,ref      ] GC(7) Soft: 100 encountered, 0 discovered, 0 enqueued
[2024-07-23T22:00:53.627+0800][17.216s][gc,ref      ] GC(7) Weak: 131 encountered, 2 discovered, 0 enqueued
[2024-07-23T22:00:53.627+0800][17.216s][gc,ref      ] GC(7) Final: 0 encountered, 0 discovered, 0 enqueued
[2024-07-23T22:00:53.627+0800][17.216s][gc,ref      ] GC(7) Phantom: 184 encountered, 82 discovered, 0 enqueued
[2024-07-23T22:00:53.627+0800][17.216s][gc,reloc    ] GC(7) Small Pages: 4 / 8M, Empty: 2M, Relocated: 0M, In-Place: 0
[2024-07-23T22:00:53.627+0800][17.216s][gc,reloc    ] GC(7) Medium Pages: 43 / 1376M, Empty: 1312M, Relocated: 3M, In-Place: 0
[2024-07-23T22:00:53.627+0800][17.216s][gc,reloc    ] GC(7) Large Pages: 0 / 0M, Empty: 0M, Relocated: 0M, In-Place: 0
[2024-07-23T22:00:53.627+0800][17.216s][gc,reloc    ] GC(7) Forwarding Usage: 0M
[2024-07-23T22:00:53.627+0800][17.216s][gc,heap     ] GC(7) Min Capacity: 256M(12%)
[2024-07-23T22:00:53.627+0800][17.216s][gc,heap     ] GC(7) Max Capacity: 2048M(100%)
[2024-07-23T22:00:53.627+0800][17.216s][gc,heap     ] GC(7) Soft Max Capacity: 2048M(100%)
[2024-07-23T22:00:53.627+0800][17.216s][gc,heap     ] GC(7)                Mark Start          Mark End        Relocate Start      Relocate End           High               Low         
[2024-07-23T22:00:53.627+0800][17.216s][gc,heap     ] GC(7)  Capacity:     1984M (97%)        1984M (97%)        1984M (97%)        1984M (97%)        1984M (97%)        1984M (97%)    
[2024-07-23T22:00:53.627+0800][17.216s][gc,heap     ] GC(7)      Free:      664M (32%)         630M (31%)        1944M (95%)        1976M (96%)        1976M (96%)         630M (31%)    
[2024-07-23T22:00:53.627+0800][17.216s][gc,heap     ] GC(7)      Used:     1384M (68%)        1418M (69%)         104M (5%)           72M (4%)         1418M (69%)          72M (4%)     
[2024-07-23T22:00:53.627+0800][17.216s][gc,heap     ] GC(7)      Live:         -                 8M (0%)            8M (0%)            8M (0%)             -                  -          
[2024-07-23T22:00:53.627+0800][17.216s][gc,heap     ] GC(7) Allocated:         -                34M (2%)           34M (2%)           34M (2%)             -                  -          
[2024-07-23T22:00:53.627+0800][17.216s][gc,heap     ] GC(7)   Garbage:         -              1375M (67%)          61M (3%)           29M (1%)             -                  -          
[2024-07-23T22:00:53.627+0800][17.216s][gc,heap     ] GC(7) Reclaimed:         -                  -              1314M (64%)        1346M (66%)            -                  -          
[2024-07-23T22:00:53.627+0800][17.217s][gc          ] GC(7) Garbage Collection (Proactive) 1384M(68%)->72M(4%)
[2024-07-23T22:00:54.959+0800][18.549s][gc,heap,exit] Heap
[2024-07-23T22:00:54.959+0800][18.549s][gc,heap,exit]  ZHeap           used 936M, capacity 1984M, max capacity 2048M
[2024-07-23T22:00:54.959+0800][18.549s][gc,heap,exit]  Metaspace       used 1413K, committed 1536K, reserved 1114112K
[2024-07-23T22:00:54.959+0800][18.549s][gc,heap,exit]   class space    used 118K, committed 192K, reserved 1048576K
