[2024-07-23T22:01:06.672+0800][0.015s][gc,init] Initializing The Z Garbage Collector
[2024-07-23T22:01:06.672+0800][0.015s][gc,init] Version: 17.0.11+1-LTS (release)
[2024-07-23T22:01:06.672+0800][0.015s][gc,init] NUMA Support: Disabled
[2024-07-23T22:01:06.672+0800][0.015s][gc,init] CPUs: 8 total, 8 available
[2024-07-23T22:01:06.672+0800][0.015s][gc,init] Memory: 16281M
[2024-07-23T22:01:06.672+0800][0.015s][gc,init] Large Page Support: Disabled
[2024-07-23T22:01:06.672+0800][0.015s][gc,init] GC Workers: 2 (dynamic)
[2024-07-23T22:01:06.673+0800][0.015s][gc,init] Address Space Type: Contiguous/Unrestricted/Complete
[2024-07-23T22:01:06.673+0800][0.016s][gc,init] Address Space Size: 32768M x 3 = 98304M
[2024-07-23T22:01:06.673+0800][0.016s][gc,init] Min Capacity: 512M
[2024-07-23T22:01:06.673+0800][0.016s][gc,init] Initial Capacity: 512M
[2024-07-23T22:01:06.673+0800][0.016s][gc,init] Max Capacity: 2048M
[2024-07-23T22:01:06.674+0800][0.016s][gc,init] Medium Page Size: 32M
[2024-07-23T22:01:06.674+0800][0.016s][gc,init] Pre-touch: Disabled
[2024-07-23T22:01:06.674+0800][0.016s][gc,init] Uncommit: Enabled
[2024-07-23T22:01:06.674+0800][0.016s][gc,init] Uncommit Delay: 300s
[2024-07-23T22:01:06.704+0800][0.047s][gc,init] Runtime Workers: 5
[2024-07-23T22:01:06.705+0800][0.048s][gc     ] Using The Z Garbage Collector
[2024-07-23T22:01:06.720+0800][0.063s][gc,metaspace] CDS archive(s) mapped at: [0x0000016c00000000-0x0000016c00bc0000-0x0000016c00bc0000), size 12320768, SharedBaseAddress: 0x0000016c00000000, ArchiveRelocationMode: 1.
[2024-07-23T22:01:06.720+0800][0.063s][gc,metaspace] Compressed class space mapped at: 0x0000016c01000000-0x0000016c41000000, reserved size: 1073741824
[2024-07-23T22:01:06.720+0800][0.063s][gc,metaspace] Narrow klass base: 0x0000016c00000000, Narrow klass shift: 0, Narrow klass range: 0x100000000
[2024-07-23T22:01:07.362+0800][0.704s][gc,start    ] GC(0) Garbage Collection (Warmup)
[2024-07-23T22:01:07.362+0800][0.705s][gc,task     ] GC(0) Using 2 workers
[2024-07-23T22:01:07.362+0800][0.705s][gc,phases   ] GC(0) Pause Mark Start 0.011ms
[2024-07-23T22:01:07.378+0800][0.720s][gc,phases   ] GC(0) Concurrent Mark 15.198ms
[2024-07-23T22:01:07.378+0800][0.720s][gc,phases   ] GC(0) Pause Mark End 0.039ms
[2024-07-23T22:01:07.378+0800][0.720s][gc,phases   ] GC(0) Concurrent Mark Free 0.001ms
[2024-07-23T22:01:07.378+0800][0.721s][gc,phases   ] GC(0) Concurrent Process Non-Strong References 0.509ms
[2024-07-23T22:01:07.378+0800][0.721s][gc,phases   ] GC(0) Concurrent Reset Relocation Set 0.001ms
[2024-07-23T22:01:07.391+0800][0.734s][gc,phases   ] GC(0) Concurrent Select Relocation Set 13.282ms
[2024-07-23T22:01:07.391+0800][0.734s][gc,phases   ] GC(0) Pause Relocate Start 0.006ms
[2024-07-23T22:01:07.394+0800][0.736s][gc,phases   ] GC(0) Concurrent Relocate 1.989ms
[2024-07-23T22:01:07.394+0800][0.737s][gc,load     ] GC(0) Load: 0.00/0.00/0.00
[2024-07-23T22:01:07.394+0800][0.737s][gc,mmu      ] GC(0) MMU: 2ms/98.0%, 5ms/99.2%, 10ms/99.6%, 20ms/99.7%, 50ms/99.9%, 100ms/99.9%
[2024-07-23T22:01:07.394+0800][0.737s][gc,marking  ] GC(0) Mark: 2 stripe(s), 2 proactive flush(es), 1 terminate flush(es), 0 completion(s), 0 continuation(s) 
[2024-07-23T22:01:07.394+0800][0.737s][gc,marking  ] GC(0) Mark Stack Usage: 32M
[2024-07-23T22:01:07.394+0800][0.737s][gc,nmethod  ] GC(0) NMethods: 316 registered, 0 unregistered
[2024-07-23T22:01:07.394+0800][0.737s][gc,metaspace] GC(0) Metaspace: 1M used, 1M committed, 1088M reserved
[2024-07-23T22:01:07.394+0800][0.737s][gc,ref      ] GC(0) Soft: 54 encountered, 0 discovered, 0 enqueued
[2024-07-23T22:01:07.394+0800][0.737s][gc,ref      ] GC(0) Weak: 153 encountered, 38 discovered, 36 enqueued
[2024-07-23T22:01:07.394+0800][0.737s][gc,ref      ] GC(0) Final: 0 encountered, 0 discovered, 0 enqueued
[2024-07-23T22:01:07.394+0800][0.737s][gc,ref      ] GC(0) Phantom: 217 encountered, 121 discovered, 33 enqueued
[2024-07-23T22:01:07.394+0800][0.737s][gc,reloc    ] GC(0) Small Pages: 5 / 10M, Empty: 0M, Relocated: 1M, In-Place: 0
[2024-07-23T22:01:07.394+0800][0.737s][gc,reloc    ] GC(0) Medium Pages: 7 / 224M, Empty: 160M, Relocated: 1M, In-Place: 0
[2024-07-23T22:01:07.394+0800][0.737s][gc,reloc    ] GC(0) Large Pages: 0 / 0M, Empty: 0M, Relocated: 0M, In-Place: 0
[2024-07-23T22:01:07.394+0800][0.737s][gc,reloc    ] GC(0) Forwarding Usage: 0M
[2024-07-23T22:01:07.394+0800][0.737s][gc,heap     ] GC(0) Min Capacity: 512M(25%)
[2024-07-23T22:01:07.394+0800][0.737s][gc,heap     ] GC(0) Max Capacity: 2048M(100%)
[2024-07-23T22:01:07.394+0800][0.737s][gc,heap     ] GC(0) Soft Max Capacity: 2048M(100%)
[2024-07-23T22:01:07.394+0800][0.737s][gc,heap     ] GC(0)                Mark Start          Mark End        Relocate Start      Relocate End           High               Low         
[2024-07-23T22:01:07.394+0800][0.737s][gc,heap     ] GC(0)  Capacity:      512M (25%)         512M (25%)         512M (25%)         512M (25%)         512M (25%)         512M (25%)    
[2024-07-23T22:01:07.394+0800][0.737s][gc,heap     ] GC(0)      Free:     1814M (89%)        1780M (87%)        1940M (95%)        1976M (96%)        1976M (96%)        1780M (87%)    
[2024-07-23T22:01:07.394+0800][0.737s][gc,heap     ] GC(0)      Used:      234M (11%)         268M (13%)         108M (5%)           72M (4%)          268M (13%)          72M (4%)     
[2024-07-23T22:01:07.394+0800][0.737s][gc,heap     ] GC(0)      Live:         -                 5M (0%)            5M (0%)            5M (0%)             -                  -          
[2024-07-23T22:01:07.394+0800][0.737s][gc,heap     ] GC(0) Allocated:         -                34M (2%)           34M (2%)           34M (2%)             -                  -          
[2024-07-23T22:01:07.394+0800][0.737s][gc,heap     ] GC(0)   Garbage:         -               228M (11%)          68M (3%)           32M (2%)             -                  -          
[2024-07-23T22:01:07.394+0800][0.737s][gc,heap     ] GC(0) Reclaimed:         -                  -               160M (8%)          196M (10%)            -                  -          
[2024-07-23T22:01:07.394+0800][0.737s][gc          ] GC(0) Garbage Collection (Warmup) 234M(11%)->72M(4%)
[2024-07-23T22:01:08.152+0800][1.494s][gc,start    ] GC(1) Garbage Collection (Warmup)
[2024-07-23T22:01:08.152+0800][1.494s][gc,task     ] GC(1) Using 2 workers
[2024-07-23T22:01:08.152+0800][1.494s][gc,phases   ] GC(1) Pause Mark Start 0.009ms
[2024-07-23T22:01:08.167+0800][1.509s][gc,phases   ] GC(1) Concurrent Mark 14.758ms
[2024-07-23T22:01:08.167+0800][1.509s][gc,phases   ] GC(1) Pause Mark End 0.009ms
[2024-07-23T22:01:08.167+0800][1.509s][gc,phases   ] GC(1) Concurrent Mark Free 0.001ms
[2024-07-23T22:01:08.168+0800][1.510s][gc,phases   ] GC(1) Concurrent Process Non-Strong References 0.954ms
[2024-07-23T22:01:08.168+0800][1.510s][gc,phases   ] GC(1) Concurrent Reset Relocation Set 0.001ms
[2024-07-23T22:01:08.170+0800][1.512s][gc,phases   ] GC(1) Concurrent Select Relocation Set 1.997ms
[2024-07-23T22:01:08.170+0800][1.512s][gc,phases   ] GC(1) Pause Relocate Start 0.005ms
[2024-07-23T22:01:08.173+0800][1.515s][gc,phases   ] GC(1) Concurrent Relocate 2.663ms
[2024-07-23T22:01:08.173+0800][1.515s][gc,load     ] GC(1) Load: 0.00/0.00/0.00
[2024-07-23T22:01:08.173+0800][1.515s][gc,mmu      ] GC(1) MMU: 2ms/98.0%, 5ms/99.2%, 10ms/99.6%, 20ms/99.7%, 50ms/99.9%, 100ms/99.9%
[2024-07-23T22:01:08.173+0800][1.515s][gc,marking  ] GC(1) Mark: 2 stripe(s), 2 proactive flush(es), 1 terminate flush(es), 0 completion(s), 0 continuation(s) 
[2024-07-23T22:01:08.173+0800][1.515s][gc,marking  ] GC(1) Mark Stack Usage: 32M
[2024-07-23T22:01:08.173+0800][1.515s][gc,nmethod  ] GC(1) NMethods: 395 registered, 0 unregistered
[2024-07-23T22:01:08.173+0800][1.515s][gc,metaspace] GC(1) Metaspace: 1M used, 1M committed, 1088M reserved
[2024-07-23T22:01:08.173+0800][1.515s][gc,ref      ] GC(1) Soft: 100 encountered, 0 discovered, 0 enqueued
[2024-07-23T22:01:08.173+0800][1.515s][gc,ref      ] GC(1) Weak: 136 encountered, 18 discovered, 5 enqueued
[2024-07-23T22:01:08.173+0800][1.515s][gc,ref      ] GC(1) Final: 0 encountered, 0 discovered, 0 enqueued
[2024-07-23T22:01:08.173+0800][1.515s][gc,ref      ] GC(1) Phantom: 189 encountered, 99 discovered, 5 enqueued
[2024-07-23T22:01:08.173+0800][1.515s][gc,reloc    ] GC(1) Small Pages: 6 / 12M, Empty: 2M, Relocated: 3M, In-Place: 0
[2024-07-23T22:01:08.173+0800][1.515s][gc,reloc    ] GC(1) Medium Pages: 13 / 416M, Empty: 352M, Relocated: 1M, In-Place: 0
[2024-07-23T22:01:08.173+0800][1.515s][gc,reloc    ] GC(1) Large Pages: 0 / 0M, Empty: 0M, Relocated: 0M, In-Place: 0
[2024-07-23T22:01:08.173+0800][1.515s][gc,reloc    ] GC(1) Forwarding Usage: 0M
[2024-07-23T22:01:08.173+0800][1.515s][gc,heap     ] GC(1) Min Capacity: 512M(25%)
[2024-07-23T22:01:08.173+0800][1.515s][gc,heap     ] GC(1) Max Capacity: 2048M(100%)
[2024-07-23T22:01:08.173+0800][1.515s][gc,heap     ] GC(1) Soft Max Capacity: 2048M(100%)
[2024-07-23T22:01:08.173+0800][1.515s][gc,heap     ] GC(1)                Mark Start          Mark End        Relocate Start      Relocate End           High               Low         
[2024-07-23T22:01:08.173+0800][1.515s][gc,heap     ] GC(1)  Capacity:      512M (25%)         512M (25%)         512M (25%)         512M (25%)         512M (25%)         512M (25%)    
[2024-07-23T22:01:08.173+0800][1.515s][gc,heap     ] GC(1)      Free:     1620M (79%)        1586M (77%)        1940M (95%)        1974M (96%)        1974M (96%)        1586M (77%)    
[2024-07-23T22:01:08.173+0800][1.515s][gc,heap     ] GC(1)      Used:      428M (21%)         462M (23%)         108M (5%)           74M (4%)          462M (23%)          74M (4%)     
[2024-07-23T22:01:08.173+0800][1.515s][gc,heap     ] GC(1)      Live:         -                 6M (0%)            6M (0%)            6M (0%)             -                  -          
[2024-07-23T22:01:08.173+0800][1.515s][gc,heap     ] GC(1) Allocated:         -                34M (2%)           34M (2%)           34M (2%)             -                  -          
[2024-07-23T22:01:08.173+0800][1.516s][gc,heap     ] GC(1)   Garbage:         -               421M (21%)          67M (3%)           33M (2%)             -                  -          
[2024-07-23T22:01:08.173+0800][1.516s][gc,heap     ] GC(1) Reclaimed:         -                  -               354M (17%)         388M (19%)            -                  -          
[2024-07-23T22:01:08.173+0800][1.516s][gc          ] GC(1) Garbage Collection (Warmup) 428M(21%)->74M(4%)
[2024-07-23T22:01:09.162+0800][2.504s][gc,start    ] GC(2) Garbage Collection (Warmup)
[2024-07-23T22:01:09.162+0800][2.504s][gc,task     ] GC(2) Using 2 workers
[2024-07-23T22:01:09.162+0800][2.504s][gc,phases   ] GC(2) Pause Mark Start 0.017ms
[2024-07-23T22:01:09.177+0800][2.519s][gc,phases   ] GC(2) Concurrent Mark 14.775ms
[2024-07-23T22:01:09.177+0800][2.519s][gc,phases   ] GC(2) Pause Mark End 0.009ms
[2024-07-23T22:01:09.177+0800][2.519s][gc,phases   ] GC(2) Concurrent Mark Free 0.001ms
[2024-07-23T22:01:09.177+0800][2.520s][gc,phases   ] GC(2) Concurrent Process Non-Strong References 1.049ms
[2024-07-23T22:01:09.178+0800][2.520s][gc,phases   ] GC(2) Concurrent Reset Relocation Set 0.005ms
[2024-07-23T22:01:09.179+0800][2.522s][gc,phases   ] GC(2) Concurrent Select Relocation Set 1.711ms
[2024-07-23T22:01:09.179+0800][2.522s][gc,phases   ] GC(2) Pause Relocate Start 0.005ms
[2024-07-23T22:01:09.182+0800][2.525s][gc,phases   ] GC(2) Concurrent Relocate 3.018ms
[2024-07-23T22:01:09.183+0800][2.525s][gc,load     ] GC(2) Load: 0.00/0.00/0.00
[2024-07-23T22:01:09.183+0800][2.526s][gc,mmu      ] GC(2) MMU: 2ms/98.0%, 5ms/99.2%, 10ms/99.6%, 20ms/99.7%, 50ms/99.9%, 100ms/99.9%
[2024-07-23T22:01:09.183+0800][2.526s][gc,marking  ] GC(2) Mark: 2 stripe(s), 2 proactive flush(es), 1 terminate flush(es), 0 completion(s), 0 continuation(s) 
[2024-07-23T22:01:09.183+0800][2.526s][gc,marking  ] GC(2) Mark Stack Usage: 32M
[2024-07-23T22:01:09.183+0800][2.526s][gc,nmethod  ] GC(2) NMethods: 403 registered, 0 unregistered
[2024-07-23T22:01:09.183+0800][2.526s][gc,metaspace] GC(2) Metaspace: 1M used, 1M committed, 1088M reserved
[2024-07-23T22:01:09.183+0800][2.526s][gc,ref      ] GC(2) Soft: 100 encountered, 0 discovered, 0 enqueued
[2024-07-23T22:01:09.183+0800][2.526s][gc,ref      ] GC(2) Weak: 131 encountered, 94 discovered, 0 enqueued
[2024-07-23T22:01:09.183+0800][2.526s][gc,ref      ] GC(2) Final: 0 encountered, 0 discovered, 0 enqueued
[2024-07-23T22:01:09.183+0800][2.526s][gc,ref      ] GC(2) Phantom: 184 encountered, 144 discovered, 0 enqueued
[2024-07-23T22:01:09.183+0800][2.526s][gc,reloc    ] GC(2) Small Pages: 5 / 10M, Empty: 2M, Relocated: 1M, In-Place: 0
[2024-07-23T22:01:09.183+0800][2.526s][gc,reloc    ] GC(2) Medium Pages: 19 / 608M, Empty: 512M, Relocated: 11M, In-Place: 0
[2024-07-23T22:01:09.183+0800][2.526s][gc,reloc    ] GC(2) Large Pages: 0 / 0M, Empty: 0M, Relocated: 0M, In-Place: 0
[2024-07-23T22:01:09.183+0800][2.526s][gc,reloc    ] GC(2) Forwarding Usage: 0M
[2024-07-23T22:01:09.183+0800][2.526s][gc,heap     ] GC(2) Min Capacity: 512M(25%)
[2024-07-23T22:01:09.183+0800][2.526s][gc,heap     ] GC(2) Max Capacity: 2048M(100%)
[2024-07-23T22:01:09.183+0800][2.526s][gc,heap     ] GC(2) Soft Max Capacity: 2048M(100%)
[2024-07-23T22:01:09.183+0800][2.526s][gc,heap     ] GC(2)                Mark Start          Mark End        Relocate Start      Relocate End           High               Low         
[2024-07-23T22:01:09.183+0800][2.526s][gc,heap     ] GC(2)  Capacity:      640M (31%)         672M (33%)         672M (33%)         672M (33%)         672M (33%)         640M (31%)    
[2024-07-23T22:01:09.183+0800][2.526s][gc,heap     ] GC(2)      Free:     1430M (70%)        1396M (68%)        1910M (93%)        1976M (96%)        1976M (96%)        1396M (68%)    
[2024-07-23T22:01:09.183+0800][2.526s][gc,heap     ] GC(2)      Used:      618M (30%)         652M (32%)         138M (7%)           72M (4%)          652M (32%)          72M (4%)     
[2024-07-23T22:01:09.183+0800][2.526s][gc,heap     ] GC(2)      Live:         -                16M (1%)           16M (1%)           16M (1%)             -                  -          
[2024-07-23T22:01:09.183+0800][2.526s][gc,heap     ] GC(2) Allocated:         -                34M (2%)           34M (2%)           34M (2%)             -                  -          
[2024-07-23T22:01:09.183+0800][2.526s][gc,heap     ] GC(2)   Garbage:         -               601M (29%)          87M (4%)           21M (1%)             -                  -          
[2024-07-23T22:01:09.183+0800][2.526s][gc,heap     ] GC(2) Reclaimed:         -                  -               514M (25%)         580M (28%)            -                  -          
[2024-07-23T22:01:09.183+0800][2.526s][gc          ] GC(2) Garbage Collection (Warmup) 618M(30%)->72M(4%)
[2024-07-23T22:01:10.957+0800][4.299s][gc,start    ] GC(3) Garbage Collection (Proactive)
[2024-07-23T22:01:10.957+0800][4.299s][gc,task     ] GC(3) Using 2 workers
[2024-07-23T22:01:10.957+0800][4.299s][gc,phases   ] GC(3) Pause Mark Start 0.010ms
[2024-07-23T22:01:10.973+0800][4.315s][gc,phases   ] GC(3) Concurrent Mark 15.682ms
[2024-07-23T22:01:10.989+0800][4.331s][gc,phases   ] GC(3) Pause Mark End 0.022ms
[2024-07-23T22:01:10.989+0800][4.331s][gc,phases   ] GC(3) Concurrent Mark Free 0.002ms
[2024-07-23T22:01:10.989+0800][4.332s][gc,phases   ] GC(3) Concurrent Process Non-Strong References 0.978ms
[2024-07-23T22:01:10.989+0800][4.332s][gc,phases   ] GC(3) Concurrent Reset Relocation Set 0.001ms
[2024-07-23T22:01:10.991+0800][4.334s][gc,phases   ] GC(3) Concurrent Select Relocation Set 1.618ms
[2024-07-23T22:01:10.991+0800][4.334s][gc,phases   ] GC(3) Pause Relocate Start 0.006ms
[2024-07-23T22:01:10.992+0800][4.335s][gc,phases   ] GC(3) Concurrent Relocate 0.986ms
[2024-07-23T22:01:10.992+0800][4.335s][gc,load     ] GC(3) Load: 0.00/0.00/0.00
[2024-07-23T22:01:10.992+0800][4.335s][gc,mmu      ] GC(3) MMU: 2ms/98.0%, 5ms/99.2%, 10ms/99.6%, 20ms/99.7%, 50ms/99.9%, 100ms/99.9%
[2024-07-23T22:01:10.992+0800][4.335s][gc,marking  ] GC(3) Mark: 2 stripe(s), 1 proactive flush(es), 1 terminate flush(es), 0 completion(s), 0 continuation(s) 
[2024-07-23T22:01:10.992+0800][4.335s][gc,marking  ] GC(3) Mark Stack Usage: 32M
[2024-07-23T22:01:10.992+0800][4.335s][gc,nmethod  ] GC(3) NMethods: 428 registered, 0 unregistered
[2024-07-23T22:01:10.992+0800][4.335s][gc,metaspace] GC(3) Metaspace: 1M used, 1M committed, 1088M reserved
[2024-07-23T22:01:10.992+0800][4.335s][gc,ref      ] GC(3) Soft: 100 encountered, 0 discovered, 0 enqueued
[2024-07-23T22:01:10.992+0800][4.335s][gc,ref      ] GC(3) Weak: 131 encountered, 69 discovered, 0 enqueued
[2024-07-23T22:01:10.992+0800][4.335s][gc,ref      ] GC(3) Final: 0 encountered, 0 discovered, 0 enqueued
[2024-07-23T22:01:10.992+0800][4.335s][gc,ref      ] GC(3) Phantom: 184 encountered, 119 discovered, 0 enqueued
[2024-07-23T22:01:10.992+0800][4.335s][gc,reloc    ] GC(3) Small Pages: 5 / 10M, Empty: 0M, Relocated: 1M, In-Place: 0
[2024-07-23T22:01:10.992+0800][4.335s][gc,reloc    ] GC(3) Medium Pages: 31 / 992M, Empty: 960M, Relocated: 0M, In-Place: 0
[2024-07-23T22:01:10.992+0800][4.335s][gc,reloc    ] GC(3) Large Pages: 0 / 0M, Empty: 0M, Relocated: 0M, In-Place: 0
[2024-07-23T22:01:10.992+0800][4.335s][gc,reloc    ] GC(3) Forwarding Usage: 0M
[2024-07-23T22:01:10.992+0800][4.335s][gc,heap     ] GC(3) Min Capacity: 512M(25%)
[2024-07-23T22:01:10.992+0800][4.336s][gc,heap     ] GC(3) Max Capacity: 2048M(100%)
[2024-07-23T22:01:10.992+0800][4.336s][gc,heap     ] GC(3) Soft Max Capacity: 2048M(100%)
[2024-07-23T22:01:10.992+0800][4.336s][gc,heap     ] GC(3)                Mark Start          Mark End        Relocate Start      Relocate End           High               Low         
[2024-07-23T22:01:10.992+0800][4.336s][gc,heap     ] GC(3)  Capacity:     1024M (50%)        1056M (52%)        1056M (52%)        1056M (52%)        1056M (52%)        1024M (50%)    
[2024-07-23T22:01:10.993+0800][4.336s][gc,heap     ] GC(3)      Free:     1046M (51%)        1014M (50%)        1974M (96%)        1978M (97%)        1978M (97%)        1014M (50%)    
[2024-07-23T22:01:10.993+0800][4.336s][gc,heap     ] GC(3)      Used:     1002M (49%)        1034M (50%)          74M (4%)           70M (3%)         1034M (50%)          70M (3%)     
[2024-07-23T22:01:10.993+0800][4.336s][gc,heap     ] GC(3)      Live:         -                 5M (0%)            5M (0%)            5M (0%)             -                  -          
[2024-07-23T22:01:10.993+0800][4.336s][gc,heap     ] GC(3) Allocated:         -                32M (2%)           32M (2%)           32M (2%)             -                  -          
[2024-07-23T22:01:10.993+0800][4.336s][gc,heap     ] GC(3)   Garbage:         -               996M (49%)          36M (2%)           32M (2%)             -                  -          
[2024-07-23T22:01:10.993+0800][4.336s][gc,heap     ] GC(3) Reclaimed:         -                  -               960M (47%)         964M (47%)            -                  -          
[2024-07-23T22:01:10.993+0800][4.336s][gc          ] GC(3) Garbage Collection (Proactive) 1002M(49%)->70M(3%)
[2024-07-23T22:01:13.852+0800][7.195s][gc,start    ] GC(4) Garbage Collection (Proactive)
[2024-07-23T22:01:13.852+0800][7.195s][gc,task     ] GC(4) Using 2 workers
[2024-07-23T22:01:13.852+0800][7.195s][gc,phases   ] GC(4) Pause Mark Start 0.009ms
[2024-07-23T22:01:13.868+0800][7.211s][gc,phases   ] GC(4) Concurrent Mark 15.658ms
[2024-07-23T22:01:13.868+0800][7.211s][gc,phases   ] GC(4) Pause Mark End 0.013ms
[2024-07-23T22:01:13.868+0800][7.211s][gc,phases   ] GC(4) Concurrent Mark Free 0.001ms
[2024-07-23T22:01:13.869+0800][7.212s][gc,phases   ] GC(4) Concurrent Process Non-Strong References 1.007ms
[2024-07-23T22:01:13.869+0800][7.212s][gc,phases   ] GC(4) Concurrent Reset Relocation Set 0.001ms
[2024-07-23T22:01:13.871+0800][7.214s][gc,phases   ] GC(4) Concurrent Select Relocation Set 1.606ms
[2024-07-23T22:01:13.871+0800][7.214s][gc,phases   ] GC(4) Pause Relocate Start 0.005ms
[2024-07-23T22:01:13.872+0800][7.215s][gc,phases   ] GC(4) Concurrent Relocate 0.586ms
[2024-07-23T22:01:13.872+0800][7.215s][gc,load     ] GC(4) Load: 0.00/0.00/0.00
[2024-07-23T22:01:13.872+0800][7.215s][gc,mmu      ] GC(4) MMU: 2ms/98.0%, 5ms/99.2%, 10ms/99.6%, 20ms/99.7%, 50ms/99.9%, 100ms/99.9%
[2024-07-23T22:01:13.872+0800][7.215s][gc,marking  ] GC(4) Mark: 2 stripe(s), 2 proactive flush(es), 1 terminate flush(es), 0 completion(s), 0 continuation(s) 
[2024-07-23T22:01:13.872+0800][7.215s][gc,marking  ] GC(4) Mark Stack Usage: 32M
[2024-07-23T22:01:13.872+0800][7.215s][gc,nmethod  ] GC(4) NMethods: 457 registered, 0 unregistered
[2024-07-23T22:01:13.872+0800][7.215s][gc,metaspace] GC(4) Metaspace: 1M used, 1M committed, 1088M reserved
[2024-07-23T22:01:13.872+0800][7.215s][gc,ref      ] GC(4) Soft: 100 encountered, 0 discovered, 0 enqueued
[2024-07-23T22:01:13.872+0800][7.215s][gc,ref      ] GC(4) Weak: 131 encountered, 97 discovered, 0 enqueued
[2024-07-23T22:01:13.872+0800][7.215s][gc,ref      ] GC(4) Final: 0 encountered, 0 discovered, 0 enqueued
[2024-07-23T22:01:13.872+0800][7.215s][gc,ref      ] GC(4) Phantom: 184 encountered, 140 discovered, 0 enqueued
[2024-07-23T22:01:13.872+0800][7.215s][gc,reloc    ] GC(4) Small Pages: 4 / 8M, Empty: 2M, Relocated: 0M, In-Place: 0
[2024-07-23T22:01:13.872+0800][7.215s][gc,reloc    ] GC(4) Medium Pages: 49 / 1568M, Empty: 1504M, Relocated: 1M, In-Place: 0
[2024-07-23T22:01:13.872+0800][7.215s][gc,reloc    ] GC(4) Large Pages: 0 / 0M, Empty: 0M, Relocated: 0M, In-Place: 0
[2024-07-23T22:01:13.872+0800][7.215s][gc,reloc    ] GC(4) Forwarding Usage: 0M
[2024-07-23T22:01:13.872+0800][7.215s][gc,heap     ] GC(4) Min Capacity: 512M(25%)
[2024-07-23T22:01:13.872+0800][7.215s][gc,heap     ] GC(4) Max Capacity: 2048M(100%)
[2024-07-23T22:01:13.872+0800][7.215s][gc,heap     ] GC(4) Soft Max Capacity: 2048M(100%)
[2024-07-23T22:01:13.872+0800][7.215s][gc,heap     ] GC(4)                Mark Start          Mark End        Relocate Start      Relocate End           High               Low         
[2024-07-23T22:01:13.872+0800][7.215s][gc,heap     ] GC(4)  Capacity:     1600M (78%)        1632M (80%)        1632M (80%)        1632M (80%)        1632M (80%)        1600M (78%)    
[2024-07-23T22:01:13.872+0800][7.215s][gc,heap     ] GC(4)      Free:      472M (23%)         438M (21%)        1944M (95%)        1976M (96%)        1976M (96%)         438M (21%)    
[2024-07-23T22:01:13.872+0800][7.215s][gc,heap     ] GC(4)      Used:     1576M (77%)        1610M (79%)         104M (5%)           72M (4%)         1610M (79%)          72M (4%)     
[2024-07-23T22:01:13.872+0800][7.215s][gc,heap     ] GC(4)      Live:         -                 6M (0%)            6M (0%)            6M (0%)             -                  -          
[2024-07-23T22:01:13.872+0800][7.215s][gc,heap     ] GC(4) Allocated:         -                34M (2%)           34M (2%)           34M (2%)             -                  -          
[2024-07-23T22:01:13.872+0800][7.215s][gc,heap     ] GC(4)   Garbage:         -              1569M (77%)          63M (3%)           31M (2%)             -                  -          
[2024-07-23T22:01:13.872+0800][7.215s][gc,heap     ] GC(4) Reclaimed:         -                  -              1506M (74%)        1538M (75%)            -                  -          
[2024-07-23T22:01:13.872+0800][7.215s][gc          ] GC(4) Garbage Collection (Proactive) 1576M(77%)->72M(4%)
[2024-07-23T22:01:16.152+0800][9.494s][gc,start    ] GC(5) Garbage Collection (Proactive)
[2024-07-23T22:01:16.152+0800][9.494s][gc,task     ] GC(5) Using 2 workers
[2024-07-23T22:01:16.152+0800][9.495s][gc,phases   ] GC(5) Pause Mark Start 0.017ms
[2024-07-23T22:01:16.168+0800][9.510s][gc,phases   ] GC(5) Concurrent Mark 15.130ms
[2024-07-23T22:01:16.168+0800][9.510s][gc,phases   ] GC(5) Pause Mark End 0.012ms
[2024-07-23T22:01:16.168+0800][9.510s][gc,phases   ] GC(5) Concurrent Mark Free 0.001ms
[2024-07-23T22:01:16.169+0800][9.511s][gc,phases   ] GC(5) Concurrent Process Non-Strong References 0.744ms
[2024-07-23T22:01:16.169+0800][9.511s][gc,phases   ] GC(5) Concurrent Reset Relocation Set 0.001ms
[2024-07-23T22:01:16.172+0800][9.514s][gc,phases   ] GC(5) Concurrent Select Relocation Set 3.468ms
[2024-07-23T22:01:16.172+0800][9.515s][gc,phases   ] GC(5) Pause Relocate Start 0.008ms
[2024-07-23T22:01:16.173+0800][9.516s][gc,phases   ] GC(5) Concurrent Relocate 0.905ms
[2024-07-23T22:01:16.174+0800][9.516s][gc,load     ] GC(5) Load: 0.00/0.00/0.00
[2024-07-23T22:01:16.174+0800][9.516s][gc,mmu      ] GC(5) MMU: 2ms/98.0%, 5ms/99.2%, 10ms/99.6%, 20ms/99.7%, 50ms/99.9%, 100ms/99.9%
[2024-07-23T22:01:16.174+0800][9.516s][gc,marking  ] GC(5) Mark: 2 stripe(s), 2 proactive flush(es), 1 terminate flush(es), 0 completion(s), 0 continuation(s) 
[2024-07-23T22:01:16.174+0800][9.516s][gc,marking  ] GC(5) Mark Stack Usage: 32M
[2024-07-23T22:01:16.174+0800][9.516s][gc,nmethod  ] GC(5) NMethods: 467 registered, 0 unregistered
[2024-07-23T22:01:16.174+0800][9.516s][gc,metaspace] GC(5) Metaspace: 1M used, 1M committed, 1088M reserved
[2024-07-23T22:01:16.174+0800][9.516s][gc,ref      ] GC(5) Soft: 100 encountered, 0 discovered, 0 enqueued
[2024-07-23T22:01:16.174+0800][9.516s][gc,ref      ] GC(5) Weak: 131 encountered, 97 discovered, 0 enqueued
[2024-07-23T22:01:16.174+0800][9.516s][gc,ref      ] GC(5) Final: 0 encountered, 0 discovered, 0 enqueued
[2024-07-23T22:01:16.174+0800][9.516s][gc,ref      ] GC(5) Phantom: 184 encountered, 143 discovered, 0 enqueued
[2024-07-23T22:01:16.174+0800][9.516s][gc,reloc    ] GC(5) Small Pages: 4 / 8M, Empty: 2M, Relocated: 0M, In-Place: 0
[2024-07-23T22:01:16.174+0800][9.516s][gc,reloc    ] GC(5) Medium Pages: 48 / 1536M, Empty: 1472M, Relocated: 3M, In-Place: 0
[2024-07-23T22:01:16.174+0800][9.516s][gc,reloc    ] GC(5) Large Pages: 0 / 0M, Empty: 0M, Relocated: 0M, In-Place: 0
[2024-07-23T22:01:16.174+0800][9.516s][gc,reloc    ] GC(5) Forwarding Usage: 0M
[2024-07-23T22:01:16.174+0800][9.516s][gc,heap     ] GC(5) Min Capacity: 512M(25%)
[2024-07-23T22:01:16.174+0800][9.516s][gc,heap     ] GC(5) Max Capacity: 2048M(100%)
[2024-07-23T22:01:16.174+0800][9.516s][gc,heap     ] GC(5) Soft Max Capacity: 2048M(100%)
[2024-07-23T22:01:16.174+0800][9.516s][gc,heap     ] GC(5)                Mark Start          Mark End        Relocate Start      Relocate End           High               Low         
[2024-07-23T22:01:16.174+0800][9.516s][gc,heap     ] GC(5)  Capacity:     1632M (80%)        1632M (80%)        1632M (80%)        1632M (80%)        1632M (80%)        1632M (80%)    
[2024-07-23T22:01:16.174+0800][9.516s][gc,heap     ] GC(5)      Free:      504M (25%)         470M (23%)        1944M (95%)        1976M (96%)        1976M (96%)         470M (23%)    
[2024-07-23T22:01:16.174+0800][9.516s][gc,heap     ] GC(5)      Used:     1544M (75%)        1578M (77%)         104M (5%)           72M (4%)         1578M (77%)          72M (4%)     
[2024-07-23T22:01:16.174+0800][9.516s][gc,heap     ] GC(5)      Live:         -                 8M (0%)            8M (0%)            8M (0%)             -                  -          
[2024-07-23T22:01:16.174+0800][9.516s][gc,heap     ] GC(5) Allocated:         -                34M (2%)           34M (2%)           34M (2%)             -                  -          
[2024-07-23T22:01:16.174+0800][9.516s][gc,heap     ] GC(5)   Garbage:         -              1535M (75%)          61M (3%)           29M (1%)             -                  -          
[2024-07-23T22:01:16.174+0800][9.516s][gc,heap     ] GC(5) Reclaimed:         -                  -              1474M (72%)        1506M (74%)            -                  -          
[2024-07-23T22:01:16.174+0800][9.516s][gc          ] GC(5) Garbage Collection (Proactive) 1544M(75%)->72M(4%)
[2024-07-23T22:01:16.751+0800][10.093s][gc,stats    ] === Garbage Collection Statistics =======================================================================================================================
[2024-07-23T22:01:16.751+0800][10.093s][gc,stats    ]                                                              Last 10s              Last 10m              Last 10h                Total
[2024-07-23T22:01:16.751+0800][10.093s][gc,stats    ]                                                              Avg / Max             Avg / Max             Avg / Max             Avg / Max
[2024-07-23T22:01:16.751+0800][10.093s][gc,stats    ]   Collector: Garbage Collection Cycle                     25.416 / 36.002       25.416 / 36.002       25.416 / 36.002       25.416 / 36.002      ms
[2024-07-23T22:01:16.751+0800][10.094s][gc,stats    ]  Contention: Mark Segment Reset Contention                     0 / 1                 0 / 1                 0 / 1                 0 / 1           ops/s
[2024-07-23T22:01:16.751+0800][10.094s][gc,stats    ]  Contention: Mark SeqNum Reset Contention                      0 / 1                 0 / 1                 0 / 1                 0 / 1           ops/s
[2024-07-23T22:01:16.751+0800][10.094s][gc,stats    ]    Critical: Allocation Stall                                  0 / 0                 0 / 0                 0 / 0                 0 / 0           ops/s
[2024-07-23T22:01:16.751+0800][10.094s][gc,stats    ]    Critical: Allocation Stall                              0.000 / 0.000         0.000 / 0.000         0.000 / 0.000         0.000 / 0.000       ms
[2024-07-23T22:01:16.751+0800][10.094s][gc,stats    ]    Critical: GC Locker Stall                                   0 / 0                 0 / 0                 0 / 0                 0 / 0           ops/s
[2024-07-23T22:01:16.751+0800][10.094s][gc,stats    ]    Critical: GC Locker Stall                               0.000 / 0.000         0.000 / 0.000         0.000 / 0.000         0.000 / 0.000       ms
[2024-07-23T22:01:16.751+0800][10.094s][gc,stats    ]    Critical: Relocation Stall                                  0 / 0                 0 / 0                 0 / 0                 0 / 0           ops/s
[2024-07-23T22:01:16.751+0800][10.094s][gc,stats    ]    Critical: Relocation Stall                              0.000 / 0.000         0.000 / 0.000         0.000 / 0.000         0.000 / 0.000       ms
[2024-07-23T22:01:16.751+0800][10.094s][gc,stats    ]      Memory: Allocation Rate                                 562 / 674             562 / 674             562 / 674             562 / 674         MB/s
[2024-07-23T22:01:16.751+0800][10.094s][gc,stats    ]      Memory: Out Of Memory                                     0 / 0                 0 / 0                 0 / 0                 0 / 0           ops/s
[2024-07-23T22:01:16.751+0800][10.094s][gc,stats    ]      Memory: Page Cache Flush                                  0 / 0                 0 / 0                 0 / 0                 0 / 0           MB/s
[2024-07-23T22:01:16.751+0800][10.094s][gc,stats    ]      Memory: Page Cache Hit L1                                14 / 23               14 / 23               14 / 23               14 / 23          ops/s
[2024-07-23T22:01:16.751+0800][10.094s][gc,stats    ]      Memory: Page Cache Hit L2                                 0 / 0                 0 / 0                 0 / 0                 0 / 0           ops/s
[2024-07-23T22:01:16.751+0800][10.094s][gc,stats    ]      Memory: Page Cache Hit L3                                 2 / 16                2 / 16                2 / 16                2 / 16          ops/s
[2024-07-23T22:01:16.751+0800][10.094s][gc,stats    ]      Memory: Page Cache Miss                                   3 / 13                3 / 13                3 / 13                3 / 13          ops/s
[2024-07-23T22:01:16.751+0800][10.094s][gc,stats    ]      Memory: Uncommit                                          0 / 0                 0 / 0                 0 / 0                 0 / 0           MB/s
[2024-07-23T22:01:16.751+0800][10.094s][gc,stats    ]      Memory: Undo Object Allocation Failed                     0 / 0                 0 / 0                 0 / 0                 0 / 0           ops/s
[2024-07-23T22:01:16.751+0800][10.094s][gc,stats    ]      Memory: Undo Object Allocation Succeeded                  0 / 0                 0 / 0                 0 / 0                 0 / 0           ops/s
[2024-07-23T22:01:16.751+0800][10.094s][gc,stats    ]      Memory: Undo Page Allocation                              0 / 0                 0 / 0                 0 / 0                 0 / 0           ops/s
[2024-07-23T22:01:16.751+0800][10.094s][gc,stats    ]       Phase: Concurrent Mark                              15.200 / 15.682       15.200 / 15.682       15.200 / 15.682       15.200 / 15.682      ms
[2024-07-23T22:01:16.751+0800][10.094s][gc,stats    ]       Phase: Concurrent Mark Continue                      0.000 / 0.000         0.000 / 0.000         0.000 / 0.000         0.000 / 0.000       ms
[2024-07-23T22:01:16.751+0800][10.094s][gc,stats    ]       Phase: Concurrent Mark Free                          0.001 / 0.002         0.001 / 0.002         0.001 / 0.002         0.001 / 0.002       ms
[2024-07-23T22:01:16.751+0800][10.094s][gc,stats    ]       Phase: Concurrent Process Non-Strong References      0.874 / 1.049         0.874 / 1.049         0.874 / 1.049         0.874 / 1.049       ms
[2024-07-23T22:01:16.751+0800][10.094s][gc,stats    ]       Phase: Concurrent Relocate                           1.691 / 3.018         1.691 / 3.018         1.691 / 3.018         1.691 / 3.018       ms
[2024-07-23T22:01:16.751+0800][10.094s][gc,stats    ]       Phase: Concurrent Reset Relocation Set               0.002 / 0.005         0.002 / 0.005         0.002 / 0.005         0.002 / 0.005       ms
[2024-07-23T22:01:16.751+0800][10.094s][gc,stats    ]       Phase: Concurrent Select Relocation Set              3.947 / 13.282        3.947 / 13.282        3.947 / 13.282        3.947 / 13.282      ms
[2024-07-23T22:01:16.751+0800][10.094s][gc,stats    ]       Phase: Pause Mark End                                0.017 / 0.039         0.017 / 0.039         0.017 / 0.039         0.017 / 0.039       ms
[2024-07-23T22:01:16.751+0800][10.094s][gc,stats    ]       Phase: Pause Mark Start                              0.012 / 0.017         0.012 / 0.017         0.012 / 0.017         0.012 / 0.017       ms
[2024-07-23T22:01:16.751+0800][10.094s][gc,stats    ]       Phase: Pause Relocate Start                          0.006 / 0.008         0.006 / 0.008         0.006 / 0.008         0.006 / 0.008       ms
[2024-07-23T22:01:16.751+0800][10.094s][gc,stats    ]    Subphase: Concurrent Classes Purge                      0.087 / 0.129         0.087 / 0.129         0.087 / 0.129         0.087 / 0.129       ms
[2024-07-23T22:01:16.751+0800][10.094s][gc,stats    ]    Subphase: Concurrent Classes Unlink                     0.305 / 0.380         0.305 / 0.380         0.305 / 0.380         0.305 / 0.380       ms
[2024-07-23T22:01:16.751+0800][10.094s][gc,stats    ]    Subphase: Concurrent Mark                               9.154 / 15.108        9.154 / 15.108        9.154 / 15.108        9.154 / 15.108      ms
[2024-07-23T22:01:16.751+0800][10.094s][gc,stats    ]    Subphase: Concurrent Mark Try Flush                     0.106 / 0.153         0.106 / 0.153         0.106 / 0.153         0.106 / 0.153       ms
[2024-07-23T22:01:16.751+0800][10.094s][gc,stats    ]    Subphase: Concurrent Mark Try Terminate                 3.874 / 12.726        3.874 / 12.726        3.874 / 12.726        3.874 / 12.726      ms
[2024-07-23T22:01:16.751+0800][10.094s][gc,stats    ]    Subphase: Concurrent References Enqueue                 0.001 / 0.004         0.001 / 0.004         0.001 / 0.004         0.001 / 0.004       ms
[2024-07-23T22:01:16.751+0800][10.094s][gc,stats    ]    Subphase: Concurrent References Process                 0.105 / 0.167         0.105 / 0.167         0.105 / 0.167         0.105 / 0.167       ms
[2024-07-23T22:01:16.751+0800][10.094s][gc,stats    ]    Subphase: Concurrent Roots ClassLoaderDataGraph         0.079 / 0.317         0.079 / 0.317         0.079 / 0.317         0.079 / 0.317       ms
[2024-07-23T22:01:16.751+0800][10.094s][gc,stats    ]    Subphase: Concurrent Roots CodeCache                    0.000 / 0.000         0.000 / 0.000         0.000 / 0.000         0.000 / 0.000       ms
[2024-07-23T22:01:16.751+0800][10.094s][gc,stats    ]    Subphase: Concurrent Roots JavaThreads                  0.214 / 0.459         0.214 / 0.459         0.214 / 0.459         0.214 / 0.459       ms
[2024-07-23T22:01:16.751+0800][10.094s][gc,stats    ]    Subphase: Concurrent Roots OopStorageSet                0.022 / 0.049         0.022 / 0.049         0.022 / 0.049         0.022 / 0.049       ms
[2024-07-23T22:01:16.751+0800][10.094s][gc,stats    ]    Subphase: Concurrent Weak Roots OopStorageSet           0.186 / 0.307         0.186 / 0.307         0.186 / 0.307         0.186 / 0.307       ms
[2024-07-23T22:01:16.751+0800][10.094s][gc,stats    ]    Subphase: Pause Mark Try Complete                       0.000 / 0.000         0.000 / 0.000         0.000 / 0.000         0.000 / 0.000       ms
[2024-07-23T22:01:16.751+0800][10.094s][gc,stats    ]      System: Java Threads                                     13 / 13               13 / 13               13 / 13               13 / 13          threads
[2024-07-23T22:01:16.751+0800][10.094s][gc,stats    ] =========================================================================================================================================================
[2024-07-23T22:01:17.953+0800][11.295s][gc,start    ] GC(6) Garbage Collection (Proactive)
[2024-07-23T22:01:17.953+0800][11.295s][gc,task     ] GC(6) Using 2 workers
[2024-07-23T22:01:17.953+0800][11.296s][gc,phases   ] GC(6) Pause Mark Start 0.008ms
[2024-07-23T22:01:17.969+0800][11.311s][gc,phases   ] GC(6) Concurrent Mark 15.715ms
[2024-07-23T22:01:17.969+0800][11.312s][gc,phases   ] GC(6) Pause Mark End 0.009ms
[2024-07-23T22:01:17.969+0800][11.312s][gc,phases   ] GC(6) Concurrent Mark Free 0.001ms
[2024-07-23T22:01:17.970+0800][11.313s][gc,phases   ] GC(6) Concurrent Process Non-Strong References 1.008ms
[2024-07-23T22:01:17.970+0800][11.313s][gc,phases   ] GC(6) Concurrent Reset Relocation Set 0.001ms
[2024-07-23T22:01:17.973+0800][11.315s][gc,phases   ] GC(6) Concurrent Select Relocation Set 2.361ms
[2024-07-23T22:01:17.973+0800][11.315s][gc,phases   ] GC(6) Pause Relocate Start 0.006ms
[2024-07-23T22:01:17.974+0800][11.317s][gc,phases   ] GC(6) Concurrent Relocate 1.576ms
[2024-07-23T22:01:17.974+0800][11.317s][gc,load     ] GC(6) Load: 0.00/0.00/0.00
[2024-07-23T22:01:17.975+0800][11.317s][gc,mmu      ] GC(6) MMU: 2ms/98.0%, 5ms/99.2%, 10ms/99.6%, 20ms/99.7%, 50ms/99.9%, 100ms/99.9%
[2024-07-23T22:01:17.975+0800][11.317s][gc,marking  ] GC(6) Mark: 2 stripe(s), 2 proactive flush(es), 1 terminate flush(es), 0 completion(s), 0 continuation(s) 
[2024-07-23T22:01:17.975+0800][11.317s][gc,marking  ] GC(6) Mark Stack Usage: 32M
[2024-07-23T22:01:17.975+0800][11.317s][gc,nmethod  ] GC(6) NMethods: 479 registered, 0 unregistered
[2024-07-23T22:01:17.975+0800][11.317s][gc,metaspace] GC(6) Metaspace: 1M used, 1M committed, 1088M reserved
[2024-07-23T22:01:17.975+0800][11.317s][gc,ref      ] GC(6) Soft: 100 encountered, 0 discovered, 0 enqueued
[2024-07-23T22:01:17.975+0800][11.317s][gc,ref      ] GC(6) Weak: 131 encountered, 94 discovered, 0 enqueued
[2024-07-23T22:01:17.975+0800][11.317s][gc,ref      ] GC(6) Final: 0 encountered, 0 discovered, 0 enqueued
[2024-07-23T22:01:17.975+0800][11.317s][gc,ref      ] GC(6) Phantom: 184 encountered, 134 discovered, 0 enqueued
[2024-07-23T22:01:17.975+0800][11.317s][gc,reloc    ] GC(6) Small Pages: 4 / 8M, Empty: 0M, Relocated: 1M, In-Place: 0
[2024-07-23T22:01:17.975+0800][11.317s][gc,reloc    ] GC(6) Medium Pages: 38 / 1216M, Empty: 1152M, Relocated: 2M, In-Place: 0
[2024-07-23T22:01:17.975+0800][11.317s][gc,reloc    ] GC(6) Large Pages: 0 / 0M, Empty: 0M, Relocated: 0M, In-Place: 0
[2024-07-23T22:01:17.975+0800][11.317s][gc,reloc    ] GC(6) Forwarding Usage: 0M
[2024-07-23T22:01:17.975+0800][11.317s][gc,heap     ] GC(6) Min Capacity: 512M(25%)
[2024-07-23T22:01:17.975+0800][11.317s][gc,heap     ] GC(6) Max Capacity: 2048M(100%)
[2024-07-23T22:01:17.975+0800][11.317s][gc,heap     ] GC(6) Soft Max Capacity: 2048M(100%)
[2024-07-23T22:01:17.975+0800][11.317s][gc,heap     ] GC(6)                Mark Start          Mark End        Relocate Start      Relocate End           High               Low         
[2024-07-23T22:01:17.975+0800][11.317s][gc,heap     ] GC(6)  Capacity:     1632M (80%)        1632M (80%)        1632M (80%)        1632M (80%)        1632M (80%)        1632M (80%)    
[2024-07-23T22:01:17.975+0800][11.317s][gc,heap     ] GC(6)      Free:      824M (40%)         790M (39%)        1942M (95%)        1976M (96%)        1976M (96%)         790M (39%)    
[2024-07-23T22:01:17.975+0800][11.317s][gc,heap     ] GC(6)      Used:     1224M (60%)        1258M (61%)         106M (5%)           72M (4%)         1258M (61%)          72M (4%)     
[2024-07-23T22:01:17.975+0800][11.317s][gc,heap     ] GC(6)      Live:         -                 7M (0%)            7M (0%)            7M (0%)             -                  -          
[2024-07-23T22:01:17.975+0800][11.317s][gc,heap     ] GC(6) Allocated:         -                34M (2%)           34M (2%)           34M (2%)             -                  -          
[2024-07-23T22:01:17.975+0800][11.317s][gc,heap     ] GC(6)   Garbage:         -              1216M (59%)          64M (3%)           30M (2%)             -                  -          
[2024-07-23T22:01:17.975+0800][11.317s][gc,heap     ] GC(6) Reclaimed:         -                  -              1152M (56%)        1186M (58%)            -                  -          
[2024-07-23T22:01:17.975+0800][11.317s][gc          ] GC(6) Garbage Collection (Proactive) 1224M(60%)->72M(4%)
[2024-07-23T22:01:19.556+0800][12.898s][gc,start    ] GC(7) Garbage Collection (Proactive)
[2024-07-23T22:01:19.556+0800][12.898s][gc,task     ] GC(7) Using 2 workers
[2024-07-23T22:01:19.556+0800][12.899s][gc,phases   ] GC(7) Pause Mark Start 0.014ms
[2024-07-23T22:01:19.572+0800][12.914s][gc,phases   ] GC(7) Concurrent Mark 15.087ms
[2024-07-23T22:01:19.572+0800][12.914s][gc,phases   ] GC(7) Pause Mark End 0.033ms
[2024-07-23T22:01:19.572+0800][12.914s][gc,phases   ] GC(7) Concurrent Mark Free 0.001ms
[2024-07-23T22:01:19.573+0800][12.915s][gc,phases   ] GC(7) Concurrent Process Non-Strong References 0.970ms
[2024-07-23T22:01:19.573+0800][12.915s][gc,phases   ] GC(7) Concurrent Reset Relocation Set 0.001ms
[2024-07-23T22:01:19.579+0800][12.921s][gc,phases   ] GC(7) Concurrent Select Relocation Set 5.555ms
[2024-07-23T22:01:19.579+0800][12.921s][gc,phases   ] GC(7) Pause Relocate Start 0.012ms
[2024-07-23T22:01:19.579+0800][12.921s][gc,phases   ] GC(7) Concurrent Relocate 0.430ms
[2024-07-23T22:01:19.579+0800][12.921s][gc,load     ] GC(7) Load: 0.00/0.00/0.00
[2024-07-23T22:01:19.579+0800][12.922s][gc,mmu      ] GC(7) MMU: 2ms/98.0%, 5ms/99.2%, 10ms/99.5%, 20ms/99.7%, 50ms/99.9%, 100ms/99.9%
[2024-07-23T22:01:19.579+0800][12.922s][gc,marking  ] GC(7) Mark: 2 stripe(s), 2 proactive flush(es), 1 terminate flush(es), 0 completion(s), 0 continuation(s) 
[2024-07-23T22:01:19.579+0800][12.922s][gc,marking  ] GC(7) Mark Stack Usage: 32M
[2024-07-23T22:01:19.579+0800][12.922s][gc,nmethod  ] GC(7) NMethods: 484 registered, 0 unregistered
[2024-07-23T22:01:19.579+0800][12.922s][gc,metaspace] GC(7) Metaspace: 1M used, 1M committed, 1088M reserved
[2024-07-23T22:01:19.579+0800][12.922s][gc,ref      ] GC(7) Soft: 100 encountered, 0 discovered, 0 enqueued
[2024-07-23T22:01:19.579+0800][12.922s][gc,ref      ] GC(7) Weak: 131 encountered, 94 discovered, 0 enqueued
[2024-07-23T22:01:19.579+0800][12.922s][gc,ref      ] GC(7) Final: 0 encountered, 0 discovered, 0 enqueued
[2024-07-23T22:01:19.579+0800][12.922s][gc,ref      ] GC(7) Phantom: 184 encountered, 150 discovered, 0 enqueued
[2024-07-23T22:01:19.579+0800][12.922s][gc,reloc    ] GC(7) Small Pages: 4 / 8M, Empty: 2M, Relocated: 0M, In-Place: 0
[2024-07-23T22:01:19.579+0800][12.922s][gc,reloc    ] GC(7) Medium Pages: 34 / 1088M, Empty: 1024M, Relocated: 2M, In-Place: 0
[2024-07-23T22:01:19.580+0800][12.922s][gc,reloc    ] GC(7) Large Pages: 0 / 0M, Empty: 0M, Relocated: 0M, In-Place: 0
[2024-07-23T22:01:19.580+0800][12.922s][gc,reloc    ] GC(7) Forwarding Usage: 0M
[2024-07-23T22:01:19.580+0800][12.922s][gc,heap     ] GC(7) Min Capacity: 512M(25%)
[2024-07-23T22:01:19.580+0800][12.922s][gc,heap     ] GC(7) Max Capacity: 2048M(100%)
[2024-07-23T22:01:19.580+0800][12.922s][gc,heap     ] GC(7) Soft Max Capacity: 2048M(100%)
[2024-07-23T22:01:19.580+0800][12.922s][gc,heap     ] GC(7)                Mark Start          Mark End        Relocate Start      Relocate End           High               Low         
[2024-07-23T22:01:19.580+0800][12.922s][gc,heap     ] GC(7)  Capacity:     1632M (80%)        1632M (80%)        1632M (80%)        1632M (80%)        1632M (80%)        1632M (80%)    
[2024-07-23T22:01:19.580+0800][12.922s][gc,heap     ] GC(7)      Free:      952M (46%)         918M (45%)        1944M (95%)        1976M (96%)        1976M (96%)         918M (45%)    
[2024-07-23T22:01:19.580+0800][12.922s][gc,heap     ] GC(7)      Used:     1096M (54%)        1130M (55%)         104M (5%)           72M (4%)         1130M (55%)          72M (4%)     
[2024-07-23T22:01:19.580+0800][12.922s][gc,heap     ] GC(7)      Live:         -                 7M (0%)            7M (0%)            7M (0%)             -                  -          
[2024-07-23T22:01:19.580+0800][12.922s][gc,heap     ] GC(7) Allocated:         -                34M (2%)           34M (2%)           34M (2%)             -                  -          
[2024-07-23T22:01:19.580+0800][12.922s][gc,heap     ] GC(7)   Garbage:         -              1088M (53%)          62M (3%)           30M (2%)             -                  -          
[2024-07-23T22:01:19.580+0800][12.922s][gc,heap     ] GC(7) Reclaimed:         -                  -              1026M (50%)        1058M (52%)            -                  -          
[2024-07-23T22:01:19.580+0800][12.922s][gc          ] GC(7) Garbage Collection (Proactive) 1096M(54%)->72M(4%)
[2024-07-23T22:01:21.163+0800][14.506s][gc,start    ] GC(8) Garbage Collection (Proactive)
[2024-07-23T22:01:21.163+0800][14.506s][gc,task     ] GC(8) Using 2 workers
[2024-07-23T22:01:21.163+0800][14.506s][gc,phases   ] GC(8) Pause Mark Start 0.010ms
[2024-07-23T22:01:21.178+0800][14.521s][gc,phases   ] GC(8) Concurrent Mark 14.773ms
[2024-07-23T22:01:21.178+0800][14.521s][gc,phases   ] GC(8) Pause Mark End 0.023ms
[2024-07-23T22:01:21.178+0800][14.521s][gc,phases   ] GC(8) Concurrent Mark Free 0.005ms
[2024-07-23T22:01:21.179+0800][14.522s][gc,phases   ] GC(8) Concurrent Process Non-Strong References 1.041ms
[2024-07-23T22:01:21.179+0800][14.522s][gc,phases   ] GC(8) Concurrent Reset Relocation Set 0.001ms
[2024-07-23T22:01:21.182+0800][14.525s][gc,phases   ] GC(8) Concurrent Select Relocation Set 2.909ms
[2024-07-23T22:01:21.182+0800][14.525s][gc,phases   ] GC(8) Pause Relocate Start 0.027ms
[2024-07-23T22:01:21.185+0800][14.528s][gc,phases   ] GC(8) Concurrent Relocate 2.235ms
[2024-07-23T22:01:21.185+0800][14.528s][gc,load     ] GC(8) Load: 0.00/0.00/0.00
[2024-07-23T22:01:21.185+0800][14.528s][gc,mmu      ] GC(8) MMU: 2ms/98.0%, 5ms/99.0%, 10ms/99.5%, 20ms/99.7%, 50ms/99.9%, 100ms/99.9%
[2024-07-23T22:01:21.185+0800][14.528s][gc,marking  ] GC(8) Mark: 2 stripe(s), 2 proactive flush(es), 1 terminate flush(es), 0 completion(s), 0 continuation(s) 
[2024-07-23T22:01:21.185+0800][14.528s][gc,marking  ] GC(8) Mark Stack Usage: 32M
[2024-07-23T22:01:21.185+0800][14.528s][gc,nmethod  ] GC(8) NMethods: 492 registered, 0 unregistered
[2024-07-23T22:01:21.185+0800][14.528s][gc,metaspace] GC(8) Metaspace: 1M used, 1M committed, 1088M reserved
[2024-07-23T22:01:21.185+0800][14.528s][gc,ref      ] GC(8) Soft: 100 encountered, 0 discovered, 0 enqueued
[2024-07-23T22:01:21.185+0800][14.528s][gc,ref      ] GC(8) Weak: 131 encountered, 94 discovered, 0 enqueued
[2024-07-23T22:01:21.185+0800][14.528s][gc,ref      ] GC(8) Final: 0 encountered, 0 discovered, 0 enqueued
[2024-07-23T22:01:21.185+0800][14.528s][gc,ref      ] GC(8) Phantom: 184 encountered, 178 discovered, 0 enqueued
[2024-07-23T22:01:21.185+0800][14.528s][gc,reloc    ] GC(8) Small Pages: 5 / 10M, Empty: 2M, Relocated: 1M, In-Place: 0
[2024-07-23T22:01:21.185+0800][14.528s][gc,reloc    ] GC(8) Medium Pages: 34 / 1088M, Empty: 1024M, Relocated: 1M, In-Place: 0
[2024-07-23T22:01:21.185+0800][14.528s][gc,reloc    ] GC(8) Large Pages: 0 / 0M, Empty: 0M, Relocated: 0M, In-Place: 0
[2024-07-23T22:01:21.185+0800][14.528s][gc,reloc    ] GC(8) Forwarding Usage: 0M
[2024-07-23T22:01:21.185+0800][14.528s][gc,heap     ] GC(8) Min Capacity: 512M(25%)
[2024-07-23T22:01:21.185+0800][14.528s][gc,heap     ] GC(8) Max Capacity: 2048M(100%)
[2024-07-23T22:01:21.185+0800][14.528s][gc,heap     ] GC(8) Soft Max Capacity: 2048M(100%)
[2024-07-23T22:01:21.185+0800][14.528s][gc,heap     ] GC(8)                Mark Start          Mark End        Relocate Start      Relocate End           High               Low         
[2024-07-23T22:01:21.185+0800][14.528s][gc,heap     ] GC(8)  Capacity:     1632M (80%)        1632M (80%)        1632M (80%)        1632M (80%)        1632M (80%)        1632M (80%)    
[2024-07-23T22:01:21.185+0800][14.528s][gc,heap     ] GC(8)      Free:      950M (46%)         916M (45%)        1942M (95%)        1976M (96%)        1976M (96%)         916M (45%)    
[2024-07-23T22:01:21.185+0800][14.528s][gc,heap     ] GC(8)      Used:     1098M (54%)        1132M (55%)         106M (5%)           72M (4%)         1132M (55%)          72M (4%)     
[2024-07-23T22:01:21.185+0800][14.528s][gc,heap     ] GC(8)      Live:         -                 6M (0%)            6M (0%)            6M (0%)             -                  -          
[2024-07-23T22:01:21.185+0800][14.528s][gc,heap     ] GC(8) Allocated:         -                34M (2%)           34M (2%)           34M (2%)             -                  -          
[2024-07-23T22:01:21.185+0800][14.528s][gc,heap     ] GC(8)   Garbage:         -              1091M (53%)          65M (3%)           31M (2%)             -                  -          
[2024-07-23T22:01:21.185+0800][14.528s][gc,heap     ] GC(8) Reclaimed:         -                  -              1026M (50%)        1060M (52%)            -                  -          
[2024-07-23T22:01:21.185+0800][14.528s][gc          ] GC(8) Garbage Collection (Proactive) 1098M(54%)->72M(4%)
[2024-07-23T22:01:22.662+0800][16.004s][gc,start    ] GC(9) Garbage Collection (Proactive)
[2024-07-23T22:01:22.662+0800][16.004s][gc,task     ] GC(9) Using 2 workers
[2024-07-23T22:01:22.662+0800][16.004s][gc,phases   ] GC(9) Pause Mark Start 0.006ms
[2024-07-23T22:01:22.678+0800][16.020s][gc,phases   ] GC(9) Concurrent Mark 15.672ms
[2024-07-23T22:01:22.678+0800][16.020s][gc,phases   ] GC(9) Pause Mark End 0.011ms
[2024-07-23T22:01:22.678+0800][16.020s][gc,phases   ] GC(9) Concurrent Mark Free 0.001ms
[2024-07-23T22:01:22.679+0800][16.021s][gc,phases   ] GC(9) Concurrent Process Non-Strong References 1.023ms
[2024-07-23T22:01:22.679+0800][16.021s][gc,phases   ] GC(9) Concurrent Reset Relocation Set 0.001ms
[2024-07-23T22:01:22.681+0800][16.023s][gc,phases   ] GC(9) Concurrent Select Relocation Set 1.818ms
[2024-07-23T22:01:22.681+0800][16.023s][gc,phases   ] GC(9) Pause Relocate Start 0.006ms
[2024-07-23T22:01:22.682+0800][16.024s][gc,phases   ] GC(9) Concurrent Relocate 1.000ms
[2024-07-23T22:01:22.682+0800][16.025s][gc,load     ] GC(9) Load: 0.00/0.00/0.00
[2024-07-23T22:01:22.682+0800][16.025s][gc,mmu      ] GC(9) MMU: 2ms/98.0%, 5ms/99.0%, 10ms/99.5%, 20ms/99.7%, 50ms/99.9%, 100ms/99.9%
[2024-07-23T22:01:22.682+0800][16.025s][gc,marking  ] GC(9) Mark: 2 stripe(s), 2 proactive flush(es), 1 terminate flush(es), 0 completion(s), 0 continuation(s) 
[2024-07-23T22:01:22.682+0800][16.025s][gc,marking  ] GC(9) Mark Stack Usage: 32M
[2024-07-23T22:01:22.682+0800][16.025s][gc,nmethod  ] GC(9) NMethods: 493 registered, 0 unregistered
[2024-07-23T22:01:22.682+0800][16.025s][gc,metaspace] GC(9) Metaspace: 1M used, 1M committed, 1088M reserved
[2024-07-23T22:01:22.682+0800][16.025s][gc,ref      ] GC(9) Soft: 100 encountered, 0 discovered, 0 enqueued
[2024-07-23T22:01:22.682+0800][16.025s][gc,ref      ] GC(9) Weak: 131 encountered, 97 discovered, 0 enqueued
[2024-07-23T22:01:22.682+0800][16.025s][gc,ref      ] GC(9) Final: 0 encountered, 0 discovered, 0 enqueued
[2024-07-23T22:01:22.682+0800][16.025s][gc,ref      ] GC(9) Phantom: 184 encountered, 177 discovered, 0 enqueued
[2024-07-23T22:01:22.682+0800][16.025s][gc,reloc    ] GC(9) Small Pages: 4 / 8M, Empty: 2M, Relocated: 0M, In-Place: 0
[2024-07-23T22:01:22.682+0800][16.025s][gc,reloc    ] GC(9) Medium Pages: 32 / 1024M, Empty: 960M, Relocated: 3M, In-Place: 0
[2024-07-23T22:01:22.682+0800][16.025s][gc,reloc    ] GC(9) Large Pages: 0 / 0M, Empty: 0M, Relocated: 0M, In-Place: 0
[2024-07-23T22:01:22.682+0800][16.025s][gc,reloc    ] GC(9) Forwarding Usage: 0M
[2024-07-23T22:01:22.682+0800][16.025s][gc,heap     ] GC(9) Min Capacity: 512M(25%)
[2024-07-23T22:01:22.683+0800][16.025s][gc,heap     ] GC(9) Max Capacity: 2048M(100%)
[2024-07-23T22:01:22.683+0800][16.025s][gc,heap     ] GC(9) Soft Max Capacity: 2048M(100%)
[2024-07-23T22:01:22.683+0800][16.025s][gc,heap     ] GC(9)                Mark Start          Mark End        Relocate Start      Relocate End           High               Low         
[2024-07-23T22:01:22.683+0800][16.025s][gc,heap     ] GC(9)  Capacity:     1632M (80%)        1632M (80%)        1632M (80%)        1632M (80%)        1632M (80%)        1632M (80%)    
[2024-07-23T22:01:22.683+0800][16.025s][gc,heap     ] GC(9)      Free:     1016M (50%)         982M (48%)        1944M (95%)        1976M (96%)        1976M (96%)         982M (48%)    
[2024-07-23T22:01:22.683+0800][16.025s][gc,heap     ] GC(9)      Used:     1032M (50%)        1066M (52%)         104M (5%)           72M (4%)         1066M (52%)          72M (4%)     
[2024-07-23T22:01:22.683+0800][16.025s][gc,heap     ] GC(9)      Live:         -                 8M (0%)            8M (0%)            8M (0%)             -                  -          
[2024-07-23T22:01:22.683+0800][16.025s][gc,heap     ] GC(9) Allocated:         -                34M (2%)           34M (2%)           34M (2%)             -                  -          
[2024-07-23T22:01:22.683+0800][16.025s][gc,heap     ] GC(9)   Garbage:         -              1023M (50%)          61M (3%)           29M (1%)             -                  -          
[2024-07-23T22:01:22.683+0800][16.025s][gc,heap     ] GC(9) Reclaimed:         -                  -               962M (47%)         994M (49%)            -                  -          
[2024-07-23T22:01:22.683+0800][16.025s][gc          ] GC(9) Garbage Collection (Proactive) 1032M(50%)->72M(4%)
[2024-07-23T22:01:23.958+0800][17.301s][gc,start    ] GC(10) Garbage Collection (Proactive)
[2024-07-23T22:01:23.958+0800][17.301s][gc,task     ] GC(10) Using 2 workers
[2024-07-23T22:01:23.958+0800][17.301s][gc,phases   ] GC(10) Pause Mark Start 0.006ms
[2024-07-23T22:01:23.974+0800][17.316s][gc,phases   ] GC(10) Concurrent Mark 15.114ms
[2024-07-23T22:01:23.974+0800][17.316s][gc,phases   ] GC(10) Pause Mark End 0.011ms
[2024-07-23T22:01:23.974+0800][17.316s][gc,phases   ] GC(10) Concurrent Mark Free 0.001ms
[2024-07-23T22:01:23.974+0800][17.317s][gc,phases   ] GC(10) Concurrent Process Non-Strong References 0.901ms
[2024-07-23T22:01:23.974+0800][17.317s][gc,phases   ] GC(10) Concurrent Reset Relocation Set 0.001ms
[2024-07-23T22:01:23.976+0800][17.319s][gc,phases   ] GC(10) Concurrent Select Relocation Set 1.730ms
[2024-07-23T22:01:23.976+0800][17.319s][gc,phases   ] GC(10) Pause Relocate Start 0.006ms
[2024-07-23T22:01:23.977+0800][17.320s][gc,phases   ] GC(10) Concurrent Relocate 0.851ms
[2024-07-23T22:01:23.977+0800][17.320s][gc,load     ] GC(10) Load: 0.00/0.00/0.00
[2024-07-23T22:01:23.977+0800][17.320s][gc,mmu      ] GC(10) MMU: 2ms/98.0%, 5ms/99.0%, 10ms/99.5%, 20ms/99.7%, 50ms/99.9%, 100ms/99.9%
[2024-07-23T22:01:23.977+0800][17.320s][gc,marking  ] GC(10) Mark: 2 stripe(s), 2 proactive flush(es), 1 terminate flush(es), 0 completion(s), 0 continuation(s) 
[2024-07-23T22:01:23.977+0800][17.320s][gc,marking  ] GC(10) Mark Stack Usage: 32M
[2024-07-23T22:01:23.977+0800][17.320s][gc,nmethod  ] GC(10) NMethods: 494 registered, 0 unregistered
[2024-07-23T22:01:23.977+0800][17.320s][gc,metaspace] GC(10) Metaspace: 1M used, 1M committed, 1088M reserved
[2024-07-23T22:01:23.977+0800][17.320s][gc,ref      ] GC(10) Soft: 100 encountered, 0 discovered, 0 enqueued
[2024-07-23T22:01:23.977+0800][17.320s][gc,ref      ] GC(10) Weak: 131 encountered, 94 discovered, 0 enqueued
[2024-07-23T22:01:23.977+0800][17.320s][gc,ref      ] GC(10) Final: 0 encountered, 0 discovered, 0 enqueued
[2024-07-23T22:01:23.977+0800][17.320s][gc,ref      ] GC(10) Phantom: 184 encountered, 131 discovered, 0 enqueued
[2024-07-23T22:01:23.977+0800][17.320s][gc,reloc    ] GC(10) Small Pages: 4 / 8M, Empty: 2M, Relocated: 0M, In-Place: 0
[2024-07-23T22:01:23.977+0800][17.320s][gc,reloc    ] GC(10) Medium Pages: 28 / 896M, Empty: 832M, Relocated: 3M, In-Place: 0
[2024-07-23T22:01:23.977+0800][17.320s][gc,reloc    ] GC(10) Large Pages: 0 / 0M, Empty: 0M, Relocated: 0M, In-Place: 0
[2024-07-23T22:01:23.977+0800][17.320s][gc,reloc    ] GC(10) Forwarding Usage: 0M
[2024-07-23T22:01:23.977+0800][17.321s][gc,heap     ] GC(10) Min Capacity: 512M(25%)
[2024-07-23T22:01:23.977+0800][17.321s][gc,heap     ] GC(10) Max Capacity: 2048M(100%)
[2024-07-23T22:01:23.977+0800][17.321s][gc,heap     ] GC(10) Soft Max Capacity: 2048M(100%)
[2024-07-23T22:01:23.977+0800][17.321s][gc,heap     ] GC(10)                Mark Start          Mark End        Relocate Start      Relocate End           High               Low         
[2024-07-23T22:01:23.977+0800][17.321s][gc,heap     ] GC(10)  Capacity:     1632M (80%)        1632M (80%)        1632M (80%)        1632M (80%)        1632M (80%)        1632M (80%)    
[2024-07-23T22:01:23.978+0800][17.321s][gc,heap     ] GC(10)      Free:     1144M (56%)        1110M (54%)        1944M (95%)        1976M (96%)        1976M (96%)        1110M (54%)    
[2024-07-23T22:01:23.978+0800][17.321s][gc,heap     ] GC(10)      Used:      904M (44%)         938M (46%)         104M (5%)           72M (4%)          938M (46%)          72M (4%)     
[2024-07-23T22:01:23.978+0800][17.321s][gc,heap     ] GC(10)      Live:         -                 8M (0%)            8M (0%)            8M (0%)             -                  -          
[2024-07-23T22:01:23.978+0800][17.321s][gc,heap     ] GC(10) Allocated:         -                34M (2%)           34M (2%)           34M (2%)             -                  -          
[2024-07-23T22:01:23.978+0800][17.321s][gc,heap     ] GC(10)   Garbage:         -               895M (44%)          61M (3%)           29M (1%)             -                  -          
[2024-07-23T22:01:23.978+0800][17.321s][gc,heap     ] GC(10) Reclaimed:         -                  -               834M (41%)         866M (42%)            -                  -          
[2024-07-23T22:01:23.978+0800][17.321s][gc          ] GC(10) Garbage Collection (Proactive) 904M(44%)->72M(4%)
[2024-07-23T22:01:24.177+0800][17.520s][gc,heap,exit] Heap
[2024-07-23T22:01:24.177+0800][17.520s][gc,heap,exit]  ZHeap           used 200M, capacity 1632M, max capacity 2048M
[2024-07-23T22:01:24.177+0800][17.520s][gc,heap,exit]  Metaspace       used 1411K, committed 1536K, reserved 1114112K
[2024-07-23T22:01:24.177+0800][17.520s][gc,heap,exit]   class space    used 118K, committed 192K, reserved 1048576K
