[2024-07-23T22:02:51.296+0800][0.015s][gc,init] Initializing The Z Garbage Collector
[2024-07-23T22:02:51.296+0800][0.015s][gc,init] Version: 17.0.11+1-LTS (release)
[2024-07-23T22:02:51.296+0800][0.015s][gc,init] NUMA Support: Disabled
[2024-07-23T22:02:51.296+0800][0.015s][gc,init] CPUs: 8 total, 8 available
[2024-07-23T22:02:51.296+0800][0.015s][gc,init] Memory: 16281M
[2024-07-23T22:02:51.297+0800][0.016s][gc,init] Large Page Support: Disabled
[2024-07-23T22:02:51.297+0800][0.016s][gc,init] GC Workers: 2 (dynamic)
[2024-07-23T22:02:51.297+0800][0.016s][gc,init] Address Space Type: Contiguous/Unrestricted/Complete
[2024-07-23T22:02:51.297+0800][0.016s][gc,init] Address Space Size: 32768M x 3 = 98304M
[2024-07-23T22:02:51.298+0800][0.017s][gc,init] Min Capacity: 2048M
[2024-07-23T22:02:51.299+0800][0.018s][gc,init] Initial Capacity: 2048M
[2024-07-23T22:02:51.299+0800][0.018s][gc,init] Max Capacity: 2048M
[2024-07-23T22:02:51.299+0800][0.018s][gc,init] Medium Page Size: 32M
[2024-07-23T22:02:51.299+0800][0.018s][gc,init] Pre-touch: Disabled
[2024-07-23T22:02:51.299+0800][0.018s][gc,init] Uncommit: Implicitly Disabled (-Xms equals -Xmx)
[2024-07-23T22:02:51.426+0800][0.145s][gc,init] Runtime Workers: 5
[2024-07-23T22:02:51.427+0800][0.146s][gc     ] Using The Z Garbage Collector
[2024-07-23T22:02:51.440+0800][0.159s][gc,metaspace] CDS archive(s) mapped at: [0x0000012559000000-0x0000012559bc0000-0x0000012559bc0000), size 12320768, SharedBaseAddress: 0x0000012559000000, ArchiveRelocationMode: 1.
[2024-07-23T22:02:51.440+0800][0.159s][gc,metaspace] Compressed class space mapped at: 0x000001255a000000-0x000001259a000000, reserved size: 1073741824
[2024-07-23T22:02:51.440+0800][0.159s][gc,metaspace] Narrow klass base: 0x0000012559000000, Narrow klass shift: 0, Narrow klass range: 0x100000000
[2024-07-23T22:02:52.162+0800][0.881s][gc,start    ] GC(0) Garbage Collection (Warmup)
[2024-07-23T22:02:52.162+0800][0.881s][gc,task     ] GC(0) Using 2 workers
[2024-07-23T22:02:52.162+0800][0.881s][gc,phases   ] GC(0) Pause Mark Start 0.006ms
[2024-07-23T22:02:52.178+0800][0.897s][gc,phases   ] GC(0) Concurrent Mark 15.714ms
[2024-07-23T22:02:52.179+0800][0.897s][gc,phases   ] GC(0) Pause Mark End 0.024ms
[2024-07-23T22:02:52.179+0800][0.897s][gc,phases   ] GC(0) Concurrent Mark Free 0.001ms
[2024-07-23T22:02:52.179+0800][0.898s][gc,phases   ] GC(0) Concurrent Process Non-Strong References 0.494ms
[2024-07-23T22:02:52.179+0800][0.898s][gc,phases   ] GC(0) Concurrent Reset Relocation Set 0.001ms
[2024-07-23T22:02:52.189+0800][0.909s][gc,phases   ] GC(0) Concurrent Select Relocation Set 10.984ms
[2024-07-23T22:02:52.190+0800][0.909s][gc,phases   ] GC(0) Pause Relocate Start 0.012ms
[2024-07-23T22:02:52.193+0800][0.912s][gc,phases   ] GC(0) Concurrent Relocate 3.343ms
[2024-07-23T22:02:52.193+0800][0.912s][gc,load     ] GC(0) Load: 0.00/0.00/0.00
[2024-07-23T22:02:52.193+0800][0.912s][gc,mmu      ] GC(0) MMU: 2ms/98.8%, 5ms/99.5%, 10ms/99.8%, 20ms/99.8%, 50ms/99.9%, 100ms/100.0%
[2024-07-23T22:02:52.193+0800][0.912s][gc,marking  ] GC(0) Mark: 2 stripe(s), 2 proactive flush(es), 1 terminate flush(es), 0 completion(s), 0 continuation(s) 
[2024-07-23T22:02:52.193+0800][0.912s][gc,marking  ] GC(0) Mark Stack Usage: 32M
[2024-07-23T22:02:52.193+0800][0.912s][gc,nmethod  ] GC(0) NMethods: 333 registered, 0 unregistered
[2024-07-23T22:02:52.193+0800][0.912s][gc,metaspace] GC(0) Metaspace: 1M used, 1M committed, 1088M reserved
[2024-07-23T22:02:52.193+0800][0.913s][gc,ref      ] GC(0) Soft: 54 encountered, 0 discovered, 0 enqueued
[2024-07-23T22:02:52.193+0800][0.913s][gc,ref      ] GC(0) Weak: 153 encountered, 37 discovered, 36 enqueued
[2024-07-23T22:02:52.193+0800][0.913s][gc,ref      ] GC(0) Final: 0 encountered, 0 discovered, 0 enqueued
[2024-07-23T22:02:52.193+0800][0.913s][gc,ref      ] GC(0) Phantom: 217 encountered, 195 discovered, 33 enqueued
[2024-07-23T22:02:52.193+0800][0.913s][gc,reloc    ] GC(0) Small Pages: 6 / 12M, Empty: 0M, Relocated: 1M, In-Place: 0
[2024-07-23T22:02:52.193+0800][0.913s][gc,reloc    ] GC(0) Medium Pages: 7 / 224M, Empty: 160M, Relocated: 11M, In-Place: 0
[2024-07-23T22:02:52.194+0800][0.913s][gc,reloc    ] GC(0) Large Pages: 0 / 0M, Empty: 0M, Relocated: 0M, In-Place: 0
[2024-07-23T22:02:52.194+0800][0.913s][gc,reloc    ] GC(0) Forwarding Usage: 0M
[2024-07-23T22:02:52.194+0800][0.913s][gc,heap     ] GC(0) Min Capacity: 2048M(100%)
[2024-07-23T22:02:52.194+0800][0.913s][gc,heap     ] GC(0) Max Capacity: 2048M(100%)
[2024-07-23T22:02:52.194+0800][0.913s][gc,heap     ] GC(0) Soft Max Capacity: 2048M(100%)
[2024-07-23T22:02:52.194+0800][0.913s][gc,heap     ] GC(0)                Mark Start          Mark End        Relocate Start      Relocate End           High               Low         
[2024-07-23T22:02:52.194+0800][0.913s][gc,heap     ] GC(0)  Capacity:     2048M (100%)       2048M (100%)       2048M (100%)       2048M (100%)       2048M (100%)       2048M (100%)   
[2024-07-23T22:02:52.194+0800][0.913s][gc,heap     ] GC(0)      Free:     1812M (88%)        1778M (87%)        1938M (95%)        1976M (96%)        1976M (96%)        1778M (87%)    
[2024-07-23T22:02:52.194+0800][0.913s][gc,heap     ] GC(0)      Used:      236M (12%)         270M (13%)         110M (5%)           72M (4%)          270M (13%)          72M (4%)     
[2024-07-23T22:02:52.194+0800][0.913s][gc,heap     ] GC(0)      Live:         -                15M (1%)           15M (1%)           15M (1%)             -                  -          
[2024-07-23T22:02:52.194+0800][0.913s][gc,heap     ] GC(0) Allocated:         -                34M (2%)           34M (2%)           34M (2%)             -                  -          
[2024-07-23T22:02:52.194+0800][0.913s][gc,heap     ] GC(0)   Garbage:         -               220M (11%)          60M (3%)           22M (1%)             -                  -          
[2024-07-23T22:02:52.194+0800][0.913s][gc,heap     ] GC(0) Reclaimed:         -                  -               160M (8%)          198M (10%)            -                  -          
[2024-07-23T22:02:52.194+0800][0.913s][gc          ] GC(0) Garbage Collection (Warmup) 236M(12%)->72M(4%)
[2024-07-23T22:02:52.869+0800][1.587s][gc,start    ] GC(1) Garbage Collection (Warmup)
[2024-07-23T22:02:52.869+0800][1.587s][gc,task     ] GC(1) Using 2 workers
[2024-07-23T22:02:52.869+0800][1.587s][gc,phases   ] GC(1) Pause Mark Start 0.006ms
[2024-07-23T22:02:52.884+0800][1.602s][gc,phases   ] GC(1) Concurrent Mark 14.708ms
[2024-07-23T22:02:52.884+0800][1.602s][gc,phases   ] GC(1) Pause Mark End 0.010ms
[2024-07-23T22:02:52.884+0800][1.602s][gc,phases   ] GC(1) Concurrent Mark Free 0.001ms
[2024-07-23T22:02:52.884+0800][1.603s][gc,phases   ] GC(1) Concurrent Process Non-Strong References 1.005ms
[2024-07-23T22:02:52.884+0800][1.603s][gc,phases   ] GC(1) Concurrent Reset Relocation Set 0.001ms
[2024-07-23T22:02:52.886+0800][1.605s][gc,phases   ] GC(1) Concurrent Select Relocation Set 1.849ms
[2024-07-23T22:02:52.886+0800][1.605s][gc,phases   ] GC(1) Pause Relocate Start 0.004ms
[2024-07-23T22:02:52.888+0800][1.608s][gc,phases   ] GC(1) Concurrent Relocate 2.108ms
[2024-07-23T22:02:52.889+0800][1.608s][gc,load     ] GC(1) Load: 0.00/0.00/0.00
[2024-07-23T22:02:52.889+0800][1.608s][gc,mmu      ] GC(1) MMU: 2ms/98.8%, 5ms/99.5%, 10ms/99.8%, 20ms/99.8%, 50ms/99.9%, 100ms/100.0%
[2024-07-23T22:02:52.889+0800][1.608s][gc,marking  ] GC(1) Mark: 2 stripe(s), 2 proactive flush(es), 1 terminate flush(es), 0 completion(s), 0 continuation(s) 
[2024-07-23T22:02:52.889+0800][1.608s][gc,marking  ] GC(1) Mark Stack Usage: 32M
[2024-07-23T22:02:52.889+0800][1.608s][gc,nmethod  ] GC(1) NMethods: 415 registered, 0 unregistered
[2024-07-23T22:02:52.889+0800][1.608s][gc,metaspace] GC(1) Metaspace: 1M used, 1M committed, 1088M reserved
[2024-07-23T22:02:52.889+0800][1.608s][gc,ref      ] GC(1) Soft: 100 encountered, 0 discovered, 0 enqueued
[2024-07-23T22:02:52.889+0800][1.608s][gc,ref      ] GC(1) Weak: 136 encountered, 112 discovered, 5 enqueued
[2024-07-23T22:02:52.889+0800][1.608s][gc,ref      ] GC(1) Final: 0 encountered, 0 discovered, 0 enqueued
[2024-07-23T22:02:52.889+0800][1.608s][gc,ref      ] GC(1) Phantom: 189 encountered, 118 discovered, 5 enqueued
[2024-07-23T22:02:52.889+0800][1.608s][gc,reloc    ] GC(1) Small Pages: 6 / 12M, Empty: 0M, Relocated: 3M, In-Place: 0
[2024-07-23T22:02:52.889+0800][1.608s][gc,reloc    ] GC(1) Medium Pages: 13 / 416M, Empty: 384M, Relocated: 0M, In-Place: 0
[2024-07-23T22:02:52.889+0800][1.608s][gc,reloc    ] GC(1) Large Pages: 0 / 0M, Empty: 0M, Relocated: 0M, In-Place: 0
[2024-07-23T22:02:52.889+0800][1.608s][gc,reloc    ] GC(1) Forwarding Usage: 0M
[2024-07-23T22:02:52.889+0800][1.608s][gc,heap     ] GC(1) Min Capacity: 2048M(100%)
[2024-07-23T22:02:52.889+0800][1.608s][gc,heap     ] GC(1) Max Capacity: 2048M(100%)
[2024-07-23T22:02:52.889+0800][1.608s][gc,heap     ] GC(1) Soft Max Capacity: 2048M(100%)
[2024-07-23T22:02:52.889+0800][1.608s][gc,heap     ] GC(1)                Mark Start          Mark End        Relocate Start      Relocate End           High               Low         
[2024-07-23T22:02:52.889+0800][1.608s][gc,heap     ] GC(1)  Capacity:     2048M (100%)       2048M (100%)       2048M (100%)       2048M (100%)       2048M (100%)       2048M (100%)   
[2024-07-23T22:02:52.889+0800][1.608s][gc,heap     ] GC(1)      Free:     1620M (79%)        1586M (77%)        1970M (96%)        1974M (96%)        1974M (96%)        1586M (77%)    
[2024-07-23T22:02:52.889+0800][1.608s][gc,heap     ] GC(1)      Used:      428M (21%)         462M (23%)          78M (4%)           74M (4%)          462M (23%)          74M (4%)     
[2024-07-23T22:02:52.889+0800][1.608s][gc,heap     ] GC(1)      Live:         -                 5M (0%)            5M (0%)            5M (0%)             -                  -          
[2024-07-23T22:02:52.889+0800][1.608s][gc,heap     ] GC(1) Allocated:         -                34M (2%)           34M (2%)           34M (2%)             -                  -          
[2024-07-23T22:02:52.889+0800][1.608s][gc,heap     ] GC(1)   Garbage:         -               422M (21%)          38M (2%)           34M (2%)             -                  -          
[2024-07-23T22:02:52.889+0800][1.608s][gc,heap     ] GC(1) Reclaimed:         -                  -               384M (19%)         388M (19%)            -                  -          
[2024-07-23T22:02:52.889+0800][1.608s][gc          ] GC(1) Garbage Collection (Warmup) 428M(21%)->74M(4%)
[2024-07-23T22:02:53.964+0800][2.682s][gc,start    ] GC(2) Garbage Collection (Warmup)
[2024-07-23T22:02:53.964+0800][2.683s][gc,task     ] GC(2) Using 2 workers
[2024-07-23T22:02:53.964+0800][2.683s][gc,phases   ] GC(2) Pause Mark Start 0.009ms
[2024-07-23T22:02:53.980+0800][2.698s][gc,phases   ] GC(2) Concurrent Mark 15.132ms
[2024-07-23T22:02:53.980+0800][2.698s][gc,phases   ] GC(2) Pause Mark End 0.013ms
[2024-07-23T22:02:53.980+0800][2.698s][gc,phases   ] GC(2) Concurrent Mark Free 0.002ms
[2024-07-23T22:02:53.981+0800][2.700s][gc,phases   ] GC(2) Concurrent Process Non-Strong References 1.635ms
[2024-07-23T22:02:53.982+0800][2.700s][gc,phases   ] GC(2) Concurrent Reset Relocation Set 0.001ms
[2024-07-23T22:02:53.984+0800][2.703s][gc,phases   ] GC(2) Concurrent Select Relocation Set 2.853ms
[2024-07-23T22:02:53.985+0800][2.703s][gc,phases   ] GC(2) Pause Relocate Start 0.009ms
[2024-07-23T22:02:53.987+0800][2.705s][gc,phases   ] GC(2) Concurrent Relocate 2.167ms
[2024-07-23T22:02:53.987+0800][2.705s][gc,load     ] GC(2) Load: 0.00/0.00/0.00
[2024-07-23T22:02:53.987+0800][2.705s][gc,mmu      ] GC(2) MMU: 2ms/98.8%, 5ms/99.5%, 10ms/99.8%, 20ms/99.8%, 50ms/99.9%, 100ms/100.0%
[2024-07-23T22:02:53.987+0800][2.705s][gc,marking  ] GC(2) Mark: 2 stripe(s), 2 proactive flush(es), 1 terminate flush(es), 0 completion(s), 0 continuation(s) 
[2024-07-23T22:02:53.987+0800][2.705s][gc,marking  ] GC(2) Mark Stack Usage: 32M
[2024-07-23T22:02:53.987+0800][2.705s][gc,nmethod  ] GC(2) NMethods: 423 registered, 0 unregistered
[2024-07-23T22:02:53.987+0800][2.705s][gc,metaspace] GC(2) Metaspace: 1M used, 1M committed, 1088M reserved
[2024-07-23T22:02:53.987+0800][2.705s][gc,ref      ] GC(2) Soft: 100 encountered, 0 discovered, 0 enqueued
[2024-07-23T22:02:53.987+0800][2.706s][gc,ref      ] GC(2) Weak: 131 encountered, 0 discovered, 0 enqueued
[2024-07-23T22:02:53.987+0800][2.706s][gc,ref      ] GC(2) Final: 0 encountered, 0 discovered, 0 enqueued
[2024-07-23T22:02:53.987+0800][2.706s][gc,ref      ] GC(2) Phantom: 184 encountered, 144 discovered, 0 enqueued
[2024-07-23T22:02:53.987+0800][2.706s][gc,reloc    ] GC(2) Small Pages: 5 / 10M, Empty: 2M, Relocated: 1M, In-Place: 0
[2024-07-23T22:02:53.987+0800][2.706s][gc,reloc    ] GC(2) Medium Pages: 20 / 640M, Empty: 576M, Relocated: 1M, In-Place: 0
[2024-07-23T22:02:53.987+0800][2.706s][gc,reloc    ] GC(2) Large Pages: 0 / 0M, Empty: 0M, Relocated: 0M, In-Place: 0
[2024-07-23T22:02:53.987+0800][2.706s][gc,reloc    ] GC(2) Forwarding Usage: 0M
[2024-07-23T22:02:53.987+0800][2.706s][gc,heap     ] GC(2) Min Capacity: 2048M(100%)
[2024-07-23T22:02:53.987+0800][2.706s][gc,heap     ] GC(2) Max Capacity: 2048M(100%)
[2024-07-23T22:02:53.987+0800][2.706s][gc,heap     ] GC(2) Soft Max Capacity: 2048M(100%)
[2024-07-23T22:02:53.987+0800][2.706s][gc,heap     ] GC(2)                Mark Start          Mark End        Relocate Start      Relocate End           High               Low         
[2024-07-23T22:02:53.987+0800][2.706s][gc,heap     ] GC(2)  Capacity:     2048M (100%)       2048M (100%)       2048M (100%)       2048M (100%)       2048M (100%)       2048M (100%)   
[2024-07-23T22:02:53.987+0800][2.706s][gc,heap     ] GC(2)      Free:     1398M (68%)        1364M (67%)        1942M (95%)        1974M (96%)        1974M (96%)        1364M (67%)    
[2024-07-23T22:02:53.987+0800][2.706s][gc,heap     ] GC(2)      Used:      650M (32%)         684M (33%)         106M (5%)           74M (4%)          684M (33%)          74M (4%)     
[2024-07-23T22:02:53.987+0800][2.706s][gc,heap     ] GC(2)      Live:         -                 6M (0%)            6M (0%)            6M (0%)             -                  -          
[2024-07-23T22:02:53.987+0800][2.706s][gc,heap     ] GC(2) Allocated:         -                34M (2%)           34M (2%)           34M (2%)             -                  -          
[2024-07-23T22:02:53.987+0800][2.706s][gc,heap     ] GC(2)   Garbage:         -               643M (31%)          65M (3%)           33M (2%)             -                  -          
[2024-07-23T22:02:53.987+0800][2.706s][gc,heap     ] GC(2) Reclaimed:         -                  -               578M (28%)         610M (30%)            -                  -          
[2024-07-23T22:02:53.987+0800][2.706s][gc          ] GC(2) Garbage Collection (Warmup) 650M(32%)->74M(4%)
[2024-07-23T22:02:55.669+0800][4.388s][gc,start    ] GC(3) Garbage Collection (Proactive)
[2024-07-23T22:02:55.669+0800][4.388s][gc,task     ] GC(3) Using 2 workers
[2024-07-23T22:02:55.669+0800][4.388s][gc,phases   ] GC(3) Pause Mark Start 0.009ms
[2024-07-23T22:02:55.685+0800][4.404s][gc,phases   ] GC(3) Concurrent Mark 15.688ms
[2024-07-23T22:02:55.685+0800][4.404s][gc,phases   ] GC(3) Pause Mark End 0.021ms
[2024-07-23T22:02:55.685+0800][4.404s][gc,phases   ] GC(3) Concurrent Mark Free 0.001ms
[2024-07-23T22:02:55.686+0800][4.405s][gc,phases   ] GC(3) Concurrent Process Non-Strong References 1.048ms
[2024-07-23T22:02:55.686+0800][4.405s][gc,phases   ] GC(3) Concurrent Reset Relocation Set 0.002ms
[2024-07-23T22:02:55.689+0800][4.408s][gc,phases   ] GC(3) Concurrent Select Relocation Set 2.509ms
[2024-07-23T22:02:55.689+0800][4.408s][gc,phases   ] GC(3) Pause Relocate Start 0.017ms
[2024-07-23T22:02:55.693+0800][4.412s][gc,phases   ] GC(3) Concurrent Relocate 4.040ms
[2024-07-23T22:02:55.693+0800][4.412s][gc,load     ] GC(3) Load: 0.00/0.00/0.00
[2024-07-23T22:02:55.693+0800][4.412s][gc,mmu      ] GC(3) MMU: 2ms/98.8%, 5ms/99.3%, 10ms/99.6%, 20ms/99.8%, 50ms/99.9%, 100ms/100.0%
[2024-07-23T22:02:55.693+0800][4.412s][gc,marking  ] GC(3) Mark: 2 stripe(s), 2 proactive flush(es), 1 terminate flush(es), 0 completion(s), 0 continuation(s) 
[2024-07-23T22:02:55.693+0800][4.412s][gc,marking  ] GC(3) Mark Stack Usage: 32M
[2024-07-23T22:02:55.693+0800][4.412s][gc,nmethod  ] GC(3) NMethods: 451 registered, 0 unregistered
[2024-07-23T22:02:55.693+0800][4.412s][gc,metaspace] GC(3) Metaspace: 1M used, 1M committed, 1088M reserved
[2024-07-23T22:02:55.693+0800][4.412s][gc,ref      ] GC(3) Soft: 100 encountered, 0 discovered, 0 enqueued
[2024-07-23T22:02:55.693+0800][4.412s][gc,ref      ] GC(3) Weak: 131 encountered, 94 discovered, 0 enqueued
[2024-07-23T22:02:55.693+0800][4.412s][gc,ref      ] GC(3) Final: 0 encountered, 0 discovered, 0 enqueued
[2024-07-23T22:02:55.693+0800][4.412s][gc,ref      ] GC(3) Phantom: 184 encountered, 98 discovered, 0 enqueued
[2024-07-23T22:02:55.693+0800][4.412s][gc,reloc    ] GC(3) Small Pages: 6 / 12M, Empty: 2M, Relocated: 1M, In-Place: 0
[2024-07-23T22:02:55.693+0800][4.412s][gc,reloc    ] GC(3) Medium Pages: 31 / 992M, Empty: 928M, Relocated: 11M, In-Place: 0
[2024-07-23T22:02:55.693+0800][4.412s][gc,reloc    ] GC(3) Large Pages: 0 / 0M, Empty: 0M, Relocated: 0M, In-Place: 0
[2024-07-23T22:02:55.693+0800][4.412s][gc,reloc    ] GC(3) Forwarding Usage: 0M
[2024-07-23T22:02:55.693+0800][4.412s][gc,heap     ] GC(3) Min Capacity: 2048M(100%)
[2024-07-23T22:02:55.693+0800][4.412s][gc,heap     ] GC(3) Max Capacity: 2048M(100%)
[2024-07-23T22:02:55.693+0800][4.412s][gc,heap     ] GC(3) Soft Max Capacity: 2048M(100%)
[2024-07-23T22:02:55.693+0800][4.412s][gc,heap     ] GC(3)                Mark Start          Mark End        Relocate Start      Relocate End           High               Low         
[2024-07-23T22:02:55.693+0800][4.412s][gc,heap     ] GC(3)  Capacity:     2048M (100%)       2048M (100%)       2048M (100%)       2048M (100%)       2048M (100%)       2048M (100%)   
[2024-07-23T22:02:55.693+0800][4.412s][gc,heap     ] GC(3)      Free:     1044M (51%)        1010M (49%)        1940M (95%)        1976M (96%)        1976M (96%)        1010M (49%)    
[2024-07-23T22:02:55.693+0800][4.412s][gc,heap     ] GC(3)      Used:     1004M (49%)        1038M (51%)         108M (5%)           72M (4%)         1038M (51%)          72M (4%)     
[2024-07-23T22:02:55.693+0800][4.412s][gc,heap     ] GC(3)      Live:         -                16M (1%)           16M (1%)           16M (1%)             -                  -          
[2024-07-23T22:02:55.693+0800][4.412s][gc,heap     ] GC(3) Allocated:         -                34M (2%)           34M (2%)           34M (2%)             -                  -          
[2024-07-23T22:02:55.693+0800][4.412s][gc,heap     ] GC(3)   Garbage:         -               987M (48%)          57M (3%)           21M (1%)             -                  -          
[2024-07-23T22:02:55.693+0800][4.412s][gc,heap     ] GC(3) Reclaimed:         -                  -               930M (45%)         966M (47%)            -                  -          
[2024-07-23T22:02:55.693+0800][4.413s][gc          ] GC(3) Garbage Collection (Proactive) 1004M(49%)->72M(4%)
[2024-07-23T22:02:57.268+0800][5.986s][gc,start    ] GC(4) Garbage Collection (Proactive)
[2024-07-23T22:02:57.268+0800][5.986s][gc,task     ] GC(4) Using 2 workers
[2024-07-23T22:02:57.268+0800][5.987s][gc,phases   ] GC(4) Pause Mark Start 0.005ms
[2024-07-23T22:02:57.284+0800][6.002s][gc,phases   ] GC(4) Concurrent Mark 15.382ms
[2024-07-23T22:02:57.284+0800][6.002s][gc,phases   ] GC(4) Pause Mark End 0.025ms
[2024-07-23T22:02:57.284+0800][6.002s][gc,phases   ] GC(4) Concurrent Mark Free 0.001ms
[2024-07-23T22:02:57.285+0800][6.004s][gc,phases   ] GC(4) Concurrent Process Non-Strong References 1.165ms
[2024-07-23T22:02:57.285+0800][6.004s][gc,phases   ] GC(4) Concurrent Reset Relocation Set 0.002ms
[2024-07-23T22:02:57.288+0800][6.007s][gc,phases   ] GC(4) Concurrent Select Relocation Set 3.163ms
[2024-07-23T22:02:57.289+0800][6.007s][gc,phases   ] GC(4) Pause Relocate Start 0.009ms
[2024-07-23T22:02:57.290+0800][6.008s][gc,phases   ] GC(4) Concurrent Relocate 1.286ms
[2024-07-23T22:02:57.290+0800][6.008s][gc,load     ] GC(4) Load: 0.00/0.00/0.00
[2024-07-23T22:02:57.290+0800][6.008s][gc,mmu      ] GC(4) MMU: 2ms/98.8%, 5ms/99.3%, 10ms/99.6%, 20ms/99.8%, 50ms/99.9%, 100ms/100.0%
[2024-07-23T22:02:57.290+0800][6.009s][gc,marking  ] GC(4) Mark: 2 stripe(s), 2 proactive flush(es), 1 terminate flush(es), 0 completion(s), 0 continuation(s) 
[2024-07-23T22:02:57.290+0800][6.009s][gc,marking  ] GC(4) Mark Stack Usage: 32M
[2024-07-23T22:02:57.290+0800][6.009s][gc,nmethod  ] GC(4) NMethods: 472 registered, 0 unregistered
[2024-07-23T22:02:57.290+0800][6.009s][gc,metaspace] GC(4) Metaspace: 1M used, 1M committed, 1088M reserved
[2024-07-23T22:02:57.290+0800][6.009s][gc,ref      ] GC(4) Soft: 100 encountered, 0 discovered, 0 enqueued
[2024-07-23T22:02:57.290+0800][6.009s][gc,ref      ] GC(4) Weak: 131 encountered, 53 discovered, 0 enqueued
[2024-07-23T22:02:57.290+0800][6.009s][gc,ref      ] GC(4) Final: 0 encountered, 0 discovered, 0 enqueued
[2024-07-23T22:02:57.290+0800][6.009s][gc,ref      ] GC(4) Phantom: 184 encountered, 98 discovered, 0 enqueued
[2024-07-23T22:02:57.290+0800][6.009s][gc,reloc    ] GC(4) Small Pages: 4 / 8M, Empty: 2M, Relocated: 0M, In-Place: 0
[2024-07-23T22:02:57.290+0800][6.009s][gc,reloc    ] GC(4) Medium Pages: 33 / 1056M, Empty: 992M, Relocated: 1M, In-Place: 0
[2024-07-23T22:02:57.290+0800][6.009s][gc,reloc    ] GC(4) Large Pages: 0 / 0M, Empty: 0M, Relocated: 0M, In-Place: 0
[2024-07-23T22:02:57.290+0800][6.009s][gc,reloc    ] GC(4) Forwarding Usage: 0M
[2024-07-23T22:02:57.290+0800][6.009s][gc,heap     ] GC(4) Min Capacity: 2048M(100%)
[2024-07-23T22:02:57.290+0800][6.009s][gc,heap     ] GC(4) Max Capacity: 2048M(100%)
[2024-07-23T22:02:57.290+0800][6.009s][gc,heap     ] GC(4) Soft Max Capacity: 2048M(100%)
[2024-07-23T22:02:57.290+0800][6.009s][gc,heap     ] GC(4)                Mark Start          Mark End        Relocate Start      Relocate End           High               Low         
[2024-07-23T22:02:57.290+0800][6.009s][gc,heap     ] GC(4)  Capacity:     2048M (100%)       2048M (100%)       2048M (100%)       2048M (100%)       2048M (100%)       2048M (100%)   
[2024-07-23T22:02:57.290+0800][6.009s][gc,heap     ] GC(4)      Free:      984M (48%)         950M (46%)        1944M (95%)        1976M (96%)        1976M (96%)         950M (46%)    
[2024-07-23T22:02:57.290+0800][6.009s][gc,heap     ] GC(4)      Used:     1064M (52%)        1098M (54%)         104M (5%)           72M (4%)         1098M (54%)          72M (4%)     
[2024-07-23T22:02:57.290+0800][6.009s][gc,heap     ] GC(4)      Live:         -                 6M (0%)            6M (0%)            6M (0%)             -                  -          
[2024-07-23T22:02:57.290+0800][6.009s][gc,heap     ] GC(4) Allocated:         -                34M (2%)           34M (2%)           34M (2%)             -                  -          
[2024-07-23T22:02:57.290+0800][6.009s][gc,heap     ] GC(4)   Garbage:         -              1057M (52%)          63M (3%)           31M (2%)             -                  -          
[2024-07-23T22:02:57.290+0800][6.009s][gc,heap     ] GC(4) Reclaimed:         -                  -               994M (49%)        1026M (50%)            -                  -          
[2024-07-23T22:02:57.290+0800][6.009s][gc          ] GC(4) Garbage Collection (Proactive) 1064M(52%)->72M(4%)
[2024-07-23T22:02:58.763+0800][7.482s][gc,start    ] GC(5) Garbage Collection (Proactive)
[2024-07-23T22:02:58.763+0800][7.482s][gc,task     ] GC(5) Using 2 workers
[2024-07-23T22:02:58.763+0800][7.482s][gc,phases   ] GC(5) Pause Mark Start 0.011ms
[2024-07-23T22:02:58.779+0800][7.498s][gc,phases   ] GC(5) Concurrent Mark 15.683ms
[2024-07-23T22:02:58.779+0800][7.498s][gc,phases   ] GC(5) Pause Mark End 0.023ms
[2024-07-23T22:02:58.779+0800][7.498s][gc,phases   ] GC(5) Concurrent Mark Free 0.001ms
[2024-07-23T22:02:58.780+0800][7.499s][gc,phases   ] GC(5) Concurrent Process Non-Strong References 0.785ms
[2024-07-23T22:02:58.780+0800][7.499s][gc,phases   ] GC(5) Concurrent Reset Relocation Set 0.001ms
[2024-07-23T22:02:58.784+0800][7.503s][gc,phases   ] GC(5) Concurrent Select Relocation Set 4.102ms
[2024-07-23T22:02:58.784+0800][7.503s][gc,phases   ] GC(5) Pause Relocate Start 0.012ms
[2024-07-23T22:02:58.792+0800][7.511s][gc,phases   ] GC(5) Concurrent Relocate 7.807ms
[2024-07-23T22:02:58.792+0800][7.511s][gc,load     ] GC(5) Load: 0.00/0.00/0.00
[2024-07-23T22:02:58.792+0800][7.511s][gc,mmu      ] GC(5) MMU: 2ms/98.8%, 5ms/99.3%, 10ms/99.6%, 20ms/99.8%, 50ms/99.9%, 100ms/100.0%
[2024-07-23T22:02:58.792+0800][7.511s][gc,marking  ] GC(5) Mark: 2 stripe(s), 2 proactive flush(es), 1 terminate flush(es), 0 completion(s), 0 continuation(s) 
[2024-07-23T22:02:58.792+0800][7.511s][gc,marking  ] GC(5) Mark Stack Usage: 32M
[2024-07-23T22:02:58.792+0800][7.511s][gc,nmethod  ] GC(5) NMethods: 483 registered, 0 unregistered
[2024-07-23T22:02:58.792+0800][7.511s][gc,metaspace] GC(5) Metaspace: 1M used, 1M committed, 1088M reserved
[2024-07-23T22:02:58.792+0800][7.511s][gc,ref      ] GC(5) Soft: 100 encountered, 0 discovered, 0 enqueued
[2024-07-23T22:02:58.792+0800][7.511s][gc,ref      ] GC(5) Weak: 131 encountered, 106 discovered, 0 enqueued
[2024-07-23T22:02:58.792+0800][7.511s][gc,ref      ] GC(5) Final: 0 encountered, 0 discovered, 0 enqueued
[2024-07-23T22:02:58.792+0800][7.511s][gc,ref      ] GC(5) Phantom: 184 encountered, 98 discovered, 0 enqueued
[2024-07-23T22:02:58.792+0800][7.511s][gc,reloc    ] GC(5) Small Pages: 4 / 8M, Empty: 2M, Relocated: 0M, In-Place: 0
[2024-07-23T22:02:58.792+0800][7.511s][gc,reloc    ] GC(5) Medium Pages: 32 / 1024M, Empty: 928M, Relocated: 12M, In-Place: 0
[2024-07-23T22:02:58.792+0800][7.511s][gc,reloc    ] GC(5) Large Pages: 0 / 0M, Empty: 0M, Relocated: 0M, In-Place: 0
[2024-07-23T22:02:58.792+0800][7.511s][gc,reloc    ] GC(5) Forwarding Usage: 0M
[2024-07-23T22:02:58.792+0800][7.511s][gc,heap     ] GC(5) Min Capacity: 2048M(100%)
[2024-07-23T22:02:58.792+0800][7.511s][gc,heap     ] GC(5) Max Capacity: 2048M(100%)
[2024-07-23T22:02:58.792+0800][7.511s][gc,heap     ] GC(5) Soft Max Capacity: 2048M(100%)
[2024-07-23T22:02:58.792+0800][7.511s][gc,heap     ] GC(5)                Mark Start          Mark End        Relocate Start      Relocate End           High               Low         
[2024-07-23T22:02:58.793+0800][7.512s][gc,heap     ] GC(5)  Capacity:     2048M (100%)       2048M (100%)       2048M (100%)       2048M (100%)       2048M (100%)       2048M (100%)   
[2024-07-23T22:02:58.793+0800][7.512s][gc,heap     ] GC(5)      Free:     1016M (50%)         982M (48%)        1912M (93%)        1976M (96%)        1976M (96%)         982M (48%)    
[2024-07-23T22:02:58.793+0800][7.512s][gc,heap     ] GC(5)      Used:     1032M (50%)        1066M (52%)         136M (7%)           72M (4%)         1066M (52%)          72M (4%)     
[2024-07-23T22:02:58.793+0800][7.512s][gc,heap     ] GC(5)      Live:         -                17M (1%)           17M (1%)           17M (1%)             -                  -          
[2024-07-23T22:02:58.793+0800][7.512s][gc,heap     ] GC(5) Allocated:         -                34M (2%)           34M (2%)           34M (2%)             -                  -          
[2024-07-23T22:02:58.793+0800][7.512s][gc,heap     ] GC(5)   Garbage:         -              1014M (50%)          84M (4%)           20M (1%)             -                  -          
[2024-07-23T22:02:58.793+0800][7.512s][gc,heap     ] GC(5) Reclaimed:         -                  -               930M (45%)         994M (49%)            -                  -          
[2024-07-23T22:02:58.793+0800][7.512s][gc          ] GC(5) Garbage Collection (Proactive) 1032M(50%)->72M(4%)
[2024-07-23T22:03:00.764+0800][9.482s][gc,start    ] GC(6) Garbage Collection (Proactive)
[2024-07-23T22:03:00.764+0800][9.482s][gc,task     ] GC(6) Using 2 workers
[2024-07-23T22:03:00.764+0800][9.482s][gc,phases   ] GC(6) Pause Mark Start 0.009ms
[2024-07-23T22:03:00.780+0800][9.498s][gc,phases   ] GC(6) Concurrent Mark 15.670ms
[2024-07-23T22:03:00.780+0800][9.498s][gc,phases   ] GC(6) Pause Mark End 0.010ms
[2024-07-23T22:03:00.780+0800][9.498s][gc,phases   ] GC(6) Concurrent Mark Free 0.001ms
[2024-07-23T22:03:00.781+0800][9.499s][gc,phases   ] GC(6) Concurrent Process Non-Strong References 0.929ms
[2024-07-23T22:03:00.781+0800][9.499s][gc,phases   ] GC(6) Concurrent Reset Relocation Set 0.001ms
[2024-07-23T22:03:00.783+0800][9.502s][gc,phases   ] GC(6) Concurrent Select Relocation Set 2.545ms
[2024-07-23T22:03:00.784+0800][9.502s][gc,phases   ] GC(6) Pause Relocate Start 0.009ms
[2024-07-23T22:03:00.787+0800][9.506s][gc,phases   ] GC(6) Concurrent Relocate 3.652ms
[2024-07-23T22:03:00.787+0800][9.506s][gc,load     ] GC(6) Load: 0.00/0.00/0.00
[2024-07-23T22:03:00.787+0800][9.506s][gc,mmu      ] GC(6) MMU: 2ms/98.8%, 5ms/99.3%, 10ms/99.6%, 20ms/99.8%, 50ms/99.9%, 100ms/100.0%
[2024-07-23T22:03:00.787+0800][9.506s][gc,marking  ] GC(6) Mark: 2 stripe(s), 1 proactive flush(es), 1 terminate flush(es), 0 completion(s), 0 continuation(s) 
[2024-07-23T22:03:00.787+0800][9.506s][gc,marking  ] GC(6) Mark Stack Usage: 32M
[2024-07-23T22:03:00.787+0800][9.506s][gc,nmethod  ] GC(6) NMethods: 486 registered, 0 unregistered
[2024-07-23T22:03:00.787+0800][9.506s][gc,metaspace] GC(6) Metaspace: 1M used, 1M committed, 1088M reserved
[2024-07-23T22:03:00.787+0800][9.506s][gc,ref      ] GC(6) Soft: 100 encountered, 0 discovered, 0 enqueued
[2024-07-23T22:03:00.787+0800][9.506s][gc,ref      ] GC(6) Weak: 131 encountered, 107 discovered, 0 enqueued
[2024-07-23T22:03:00.788+0800][9.506s][gc,ref      ] GC(6) Final: 0 encountered, 0 discovered, 0 enqueued
[2024-07-23T22:03:00.788+0800][9.506s][gc,ref      ] GC(6) Phantom: 184 encountered, 98 discovered, 0 enqueued
[2024-07-23T22:03:00.788+0800][9.506s][gc,reloc    ] GC(6) Small Pages: 4 / 8M, Empty: 0M, Relocated: 1M, In-Place: 0
[2024-07-23T22:03:00.788+0800][9.506s][gc,reloc    ] GC(6) Medium Pages: 39 / 1248M, Empty: 1184M, Relocated: 10M, In-Place: 0
[2024-07-23T22:03:00.788+0800][9.506s][gc,reloc    ] GC(6) Large Pages: 0 / 0M, Empty: 0M, Relocated: 0M, In-Place: 0
[2024-07-23T22:03:00.788+0800][9.506s][gc,reloc    ] GC(6) Forwarding Usage: 0M
[2024-07-23T22:03:00.788+0800][9.506s][gc,heap     ] GC(6) Min Capacity: 2048M(100%)
[2024-07-23T22:03:00.788+0800][9.506s][gc,heap     ] GC(6) Max Capacity: 2048M(100%)
[2024-07-23T22:03:00.788+0800][9.506s][gc,heap     ] GC(6) Soft Max Capacity: 2048M(100%)
[2024-07-23T22:03:00.788+0800][9.506s][gc,heap     ] GC(6)                Mark Start          Mark End        Relocate Start      Relocate End           High               Low         
[2024-07-23T22:03:00.788+0800][9.506s][gc,heap     ] GC(6)  Capacity:     2048M (100%)       2048M (100%)       2048M (100%)       2048M (100%)       2048M (100%)       2048M (100%)   
[2024-07-23T22:03:00.788+0800][9.506s][gc,heap     ] GC(6)      Free:      792M (39%)         760M (37%)        1944M (95%)        1978M (97%)        1978M (97%)         760M (37%)    
[2024-07-23T22:03:00.788+0800][9.506s][gc,heap     ] GC(6)      Used:     1256M (61%)        1288M (63%)         104M (5%)           70M (3%)         1288M (63%)          70M (3%)     
[2024-07-23T22:03:00.788+0800][9.506s][gc,heap     ] GC(6)      Live:         -                15M (1%)           15M (1%)           15M (1%)             -                  -          
[2024-07-23T22:03:00.788+0800][9.506s][gc,heap     ] GC(6) Allocated:         -                32M (2%)           32M (2%)           32M (2%)             -                  -          
[2024-07-23T22:03:00.788+0800][9.506s][gc,heap     ] GC(6)   Garbage:         -              1240M (61%)          56M (3%)           22M (1%)             -                  -          
[2024-07-23T22:03:00.788+0800][9.506s][gc,heap     ] GC(6) Reclaimed:         -                  -              1184M (58%)        1218M (59%)            -                  -          
[2024-07-23T22:03:00.788+0800][9.506s][gc          ] GC(6) Garbage Collection (Proactive) 1256M(61%)->70M(3%)
[2024-07-23T22:03:01.472+0800][10.190s][gc,stats    ] === Garbage Collection Statistics =======================================================================================================================
[2024-07-23T22:03:01.472+0800][10.191s][gc,stats    ]                                                              Last 10s              Last 10m              Last 10h                Total
[2024-07-23T22:03:01.472+0800][10.191s][gc,stats    ]                                                              Avg / Max             Avg / Max             Avg / Max             Avg / Max
[2024-07-23T22:03:01.472+0800][10.191s][gc,stats    ]   Collector: Garbage Collection Cycle                     24.978 / 31.553       24.978 / 31.553       24.978 / 31.553       24.978 / 31.553      ms
[2024-07-23T22:03:01.472+0800][10.191s][gc,stats    ]  Contention: Mark Segment Reset Contention                     0 / 1                 0 / 1                 0 / 1                 0 / 1           ops/s
[2024-07-23T22:03:01.472+0800][10.191s][gc,stats    ]  Contention: Mark SeqNum Reset Contention                      0 / 2                 0 / 2                 0 / 2                 0 / 2           ops/s
[2024-07-23T22:03:01.472+0800][10.191s][gc,stats    ]    Critical: Allocation Stall                                  0 / 0                 0 / 0                 0 / 0                 0 / 0           ops/s
[2024-07-23T22:03:01.472+0800][10.191s][gc,stats    ]    Critical: Allocation Stall                              0.000 / 0.000         0.000 / 0.000         0.000 / 0.000         0.000 / 0.000       ms
[2024-07-23T22:03:01.472+0800][10.191s][gc,stats    ]    Critical: GC Locker Stall                                   0 / 0                 0 / 0                 0 / 0                 0 / 0           ops/s
[2024-07-23T22:03:01.472+0800][10.191s][gc,stats    ]    Critical: GC Locker Stall                               0.000 / 0.000         0.000 / 0.000         0.000 / 0.000         0.000 / 0.000       ms
[2024-07-23T22:03:01.472+0800][10.191s][gc,stats    ]    Critical: Relocation Stall                                  0 / 0                 0 / 0                 0 / 0                 0 / 0           ops/s
[2024-07-23T22:03:01.472+0800][10.191s][gc,stats    ]    Critical: Relocation Stall                              0.000 / 0.000         0.000 / 0.000         0.000 / 0.000         0.000 / 0.000       ms
[2024-07-23T22:03:01.472+0800][10.191s][gc,stats    ]      Memory: Allocation Rate                                 585 / 706             585 / 706             585 / 706             585 / 706         MB/s
[2024-07-23T22:03:01.472+0800][10.191s][gc,stats    ]      Memory: Out Of Memory                                     0 / 0                 0 / 0                 0 / 0                 0 / 0           ops/s
[2024-07-23T22:03:01.472+0800][10.191s][gc,stats    ]      Memory: Page Cache Flush                                  0 / 0                 0 / 0                 0 / 0                 0 / 0           MB/s
[2024-07-23T22:03:01.472+0800][10.191s][gc,stats    ]      Memory: Page Cache Hit L1                                16 / 24               16 / 24               16 / 24               16 / 24          ops/s
[2024-07-23T22:03:01.472+0800][10.191s][gc,stats    ]      Memory: Page Cache Hit L2                                 0 / 0                 0 / 0                 0 / 0                 0 / 0           ops/s
[2024-07-23T22:03:01.472+0800][10.191s][gc,stats    ]      Memory: Page Cache Hit L3                                 4 / 16                4 / 16                4 / 16                4 / 16          ops/s
[2024-07-23T22:03:01.473+0800][10.191s][gc,stats    ]      Memory: Page Cache Miss                                   0 / 1                 0 / 1                 0 / 1                 0 / 1           ops/s
[2024-07-23T22:03:01.473+0800][10.191s][gc,stats    ]      Memory: Uncommit                                          0 / 0                 0 / 0                 0 / 0                 0 / 0           MB/s
[2024-07-23T22:03:01.473+0800][10.191s][gc,stats    ]      Memory: Undo Object Allocation Failed                     0 / 0                 0 / 0                 0 / 0                 0 / 0           ops/s
[2024-07-23T22:03:01.473+0800][10.191s][gc,stats    ]      Memory: Undo Object Allocation Succeeded                  0 / 0                 0 / 0                 0 / 0                 0 / 0           ops/s
[2024-07-23T22:03:01.473+0800][10.191s][gc,stats    ]      Memory: Undo Page Allocation                              0 / 0                 0 / 0                 0 / 0                 0 / 0           ops/s
[2024-07-23T22:03:01.473+0800][10.191s][gc,stats    ]       Phase: Concurrent Mark                              15.425 / 15.714       15.425 / 15.714       15.425 / 15.714       15.425 / 15.714      ms
[2024-07-23T22:03:01.473+0800][10.191s][gc,stats    ]       Phase: Concurrent Mark Continue                      0.000 / 0.000         0.000 / 0.000         0.000 / 0.000         0.000 / 0.000       ms
[2024-07-23T22:03:01.473+0800][10.191s][gc,stats    ]       Phase: Concurrent Mark Free                          0.001 / 0.002         0.001 / 0.002         0.001 / 0.002         0.001 / 0.002       ms
[2024-07-23T22:03:01.473+0800][10.191s][gc,stats    ]       Phase: Concurrent Process Non-Strong References      1.009 / 1.635         1.009 / 1.635         1.009 / 1.635         1.009 / 1.635       ms
[2024-07-23T22:03:01.473+0800][10.191s][gc,stats    ]       Phase: Concurrent Relocate                           3.486 / 7.807         3.486 / 7.807         3.486 / 7.807         3.486 / 7.807       ms
[2024-07-23T22:03:01.473+0800][10.192s][gc,stats    ]       Phase: Concurrent Reset Relocation Set               0.001 / 0.002         0.001 / 0.002         0.001 / 0.002         0.001 / 0.002       ms
[2024-07-23T22:03:01.473+0800][10.192s][gc,stats    ]       Phase: Concurrent Select Relocation Set              4.001 / 10.984        4.001 / 10.984        4.001 / 10.984        4.001 / 10.984      ms
[2024-07-23T22:03:01.473+0800][10.192s][gc,stats    ]       Phase: Pause Mark End                                0.018 / 0.025         0.018 / 0.025         0.018 / 0.025         0.018 / 0.025       ms
[2024-07-23T22:03:01.473+0800][10.192s][gc,stats    ]       Phase: Pause Mark Start                              0.008 / 0.011         0.008 / 0.011         0.008 / 0.011         0.008 / 0.011       ms
[2024-07-23T22:03:01.473+0800][10.192s][gc,stats    ]       Phase: Pause Relocate Start                          0.010 / 0.017         0.010 / 0.017         0.010 / 0.017         0.010 / 0.017       ms
[2024-07-23T22:03:01.473+0800][10.192s][gc,stats    ]    Subphase: Concurrent Classes Purge                      0.091 / 0.134         0.091 / 0.134         0.091 / 0.134         0.091 / 0.134       ms
[2024-07-23T22:03:01.473+0800][10.192s][gc,stats    ]    Subphase: Concurrent Classes Unlink                     0.324 / 0.447         0.324 / 0.447         0.324 / 0.447         0.324 / 0.447       ms
[2024-07-23T22:03:01.473+0800][10.192s][gc,stats    ]    Subphase: Concurrent Mark                               9.211 / 15.244        9.211 / 15.244        9.211 / 15.244        9.211 / 15.244      ms
[2024-07-23T22:03:01.473+0800][10.192s][gc,stats    ]    Subphase: Concurrent Mark Try Flush                     0.098 / 0.164         0.098 / 0.164         0.098 / 0.164         0.098 / 0.164       ms
[2024-07-23T22:03:01.473+0800][10.192s][gc,stats    ]    Subphase: Concurrent Mark Try Terminate                 3.869 / 12.460        3.869 / 12.460        3.869 / 12.460        3.869 / 12.460      ms
[2024-07-23T22:03:01.473+0800][10.192s][gc,stats    ]    Subphase: Concurrent References Enqueue                 0.001 / 0.004         0.001 / 0.004         0.001 / 0.004         0.001 / 0.004       ms
[2024-07-23T22:03:01.473+0800][10.192s][gc,stats    ]    Subphase: Concurrent References Process                 0.140 / 0.213         0.140 / 0.213         0.140 / 0.213         0.140 / 0.213       ms
[2024-07-23T22:03:01.473+0800][10.192s][gc,stats    ]    Subphase: Concurrent Roots ClassLoaderDataGraph         0.061 / 0.251         0.061 / 0.251         0.061 / 0.251         0.061 / 0.251       ms
[2024-07-23T22:03:01.473+0800][10.192s][gc,stats    ]    Subphase: Concurrent Roots CodeCache                    0.000 / 0.000         0.000 / 0.000         0.000 / 0.000         0.000 / 0.000       ms
[2024-07-23T22:03:01.473+0800][10.192s][gc,stats    ]    Subphase: Concurrent Roots JavaThreads                  0.258 / 0.612         0.258 / 0.612         0.258 / 0.612         0.258 / 0.612       ms
[2024-07-23T22:03:01.473+0800][10.192s][gc,stats    ]    Subphase: Concurrent Roots OopStorageSet                0.019 / 0.043         0.019 / 0.043         0.019 / 0.043         0.019 / 0.043       ms
[2024-07-23T22:03:01.474+0800][10.192s][gc,stats    ]    Subphase: Concurrent Weak Roots OopStorageSet           0.245 / 0.768         0.245 / 0.768         0.245 / 0.768         0.245 / 0.768       ms
[2024-07-23T22:03:01.474+0800][10.192s][gc,stats    ]    Subphase: Pause Mark Try Complete                       0.000 / 0.000         0.000 / 0.000         0.000 / 0.000         0.000 / 0.000       ms
[2024-07-23T22:03:01.474+0800][10.192s][gc,stats    ]      System: Java Threads                                     13 / 13               13 / 13               13 / 13               13 / 13          threads
[2024-07-23T22:03:01.474+0800][10.192s][gc,stats    ] =========================================================================================================================================================
[2024-07-23T22:03:02.462+0800][11.181s][gc,start    ] GC(7) Garbage Collection (Proactive)
[2024-07-23T22:03:02.462+0800][11.181s][gc,task     ] GC(7) Using 2 workers
[2024-07-23T22:03:02.462+0800][11.181s][gc,phases   ] GC(7) Pause Mark Start 0.009ms
[2024-07-23T22:03:02.477+0800][11.196s][gc,phases   ] GC(7) Concurrent Mark 14.721ms
[2024-07-23T22:03:02.477+0800][11.196s][gc,phases   ] GC(7) Pause Mark End 0.027ms
[2024-07-23T22:03:02.477+0800][11.196s][gc,phases   ] GC(7) Concurrent Mark Free 0.001ms
[2024-07-23T22:03:02.478+0800][11.197s][gc,phases   ] GC(7) Concurrent Process Non-Strong References 0.961ms
[2024-07-23T22:03:02.478+0800][11.197s][gc,phases   ] GC(7) Concurrent Reset Relocation Set 0.001ms
[2024-07-23T22:03:02.480+0800][11.199s][gc,phases   ] GC(7) Concurrent Select Relocation Set 1.978ms
[2024-07-23T22:03:02.480+0800][11.199s][gc,phases   ] GC(7) Pause Relocate Start 0.010ms
[2024-07-23T22:03:02.482+0800][11.201s][gc,phases   ] GC(7) Concurrent Relocate 2.228ms
[2024-07-23T22:03:02.482+0800][11.201s][gc,load     ] GC(7) Load: 0.00/0.00/0.00
[2024-07-23T22:03:02.482+0800][11.201s][gc,mmu      ] GC(7) MMU: 2ms/98.6%, 5ms/99.3%, 10ms/99.6%, 20ms/99.8%, 50ms/99.9%, 100ms/100.0%
[2024-07-23T22:03:02.482+0800][11.201s][gc,marking  ] GC(7) Mark: 2 stripe(s), 2 proactive flush(es), 1 terminate flush(es), 0 completion(s), 0 continuation(s) 
[2024-07-23T22:03:02.482+0800][11.201s][gc,marking  ] GC(7) Mark Stack Usage: 32M
[2024-07-23T22:03:02.482+0800][11.201s][gc,nmethod  ] GC(7) NMethods: 497 registered, 0 unregistered
[2024-07-23T22:03:02.482+0800][11.201s][gc,metaspace] GC(7) Metaspace: 1M used, 1M committed, 1088M reserved
[2024-07-23T22:03:02.482+0800][11.201s][gc,ref      ] GC(7) Soft: 100 encountered, 0 discovered, 0 enqueued
[2024-07-23T22:03:02.482+0800][11.201s][gc,ref      ] GC(7) Weak: 131 encountered, 16 discovered, 0 enqueued
[2024-07-23T22:03:02.483+0800][11.202s][gc,ref      ] GC(7) Final: 0 encountered, 0 discovered, 0 enqueued
[2024-07-23T22:03:02.483+0800][11.202s][gc,ref      ] GC(7) Phantom: 184 encountered, 144 discovered, 0 enqueued
[2024-07-23T22:03:02.483+0800][11.202s][gc,reloc    ] GC(7) Small Pages: 4 / 8M, Empty: 0M, Relocated: 1M, In-Place: 0
[2024-07-23T22:03:02.483+0800][11.202s][gc,reloc    ] GC(7) Medium Pages: 33 / 1056M, Empty: 992M, Relocated: 1M, In-Place: 0
[2024-07-23T22:03:02.483+0800][11.202s][gc,reloc    ] GC(7) Large Pages: 0 / 0M, Empty: 0M, Relocated: 0M, In-Place: 0
[2024-07-23T22:03:02.483+0800][11.202s][gc,reloc    ] GC(7) Forwarding Usage: 0M
[2024-07-23T22:03:02.483+0800][11.202s][gc,heap     ] GC(7) Min Capacity: 2048M(100%)
[2024-07-23T22:03:02.483+0800][11.202s][gc,heap     ] GC(7) Max Capacity: 2048M(100%)
[2024-07-23T22:03:02.483+0800][11.202s][gc,heap     ] GC(7) Soft Max Capacity: 2048M(100%)
[2024-07-23T22:03:02.483+0800][11.202s][gc,heap     ] GC(7)                Mark Start          Mark End        Relocate Start      Relocate End           High               Low         
[2024-07-23T22:03:02.483+0800][11.202s][gc,heap     ] GC(7)  Capacity:     2048M (100%)       2048M (100%)       2048M (100%)       2048M (100%)       2048M (100%)       2048M (100%)   
[2024-07-23T22:03:02.483+0800][11.202s][gc,heap     ] GC(7)      Free:      984M (48%)         950M (46%)        1942M (95%)        1976M (96%)        1976M (96%)         950M (46%)    
[2024-07-23T22:03:02.483+0800][11.202s][gc,heap     ] GC(7)      Used:     1064M (52%)        1098M (54%)         106M (5%)           72M (4%)         1098M (54%)          72M (4%)     
[2024-07-23T22:03:02.483+0800][11.202s][gc,heap     ] GC(7)      Live:         -                 6M (0%)            6M (0%)            6M (0%)             -                  -          
[2024-07-23T22:03:02.483+0800][11.202s][gc,heap     ] GC(7) Allocated:         -                34M (2%)           34M (2%)           34M (2%)             -                  -          
[2024-07-23T22:03:02.483+0800][11.202s][gc,heap     ] GC(7)   Garbage:         -              1057M (52%)          65M (3%)           31M (2%)             -                  -          
[2024-07-23T22:03:02.483+0800][11.202s][gc,heap     ] GC(7) Reclaimed:         -                  -               992M (48%)        1026M (50%)            -                  -          
[2024-07-23T22:03:02.483+0800][11.202s][gc          ] GC(7) Garbage Collection (Proactive) 1064M(52%)->72M(4%)
[2024-07-23T22:03:03.975+0800][12.694s][gc,start    ] GC(8) Garbage Collection (Proactive)
[2024-07-23T22:03:03.975+0800][12.694s][gc,task     ] GC(8) Using 2 workers
[2024-07-23T22:03:03.975+0800][12.694s][gc,phases   ] GC(8) Pause Mark Start 0.015ms
[2024-07-23T22:03:03.991+0800][12.710s][gc,phases   ] GC(8) Concurrent Mark 15.195ms
[2024-07-23T22:03:03.991+0800][12.710s][gc,phases   ] GC(8) Pause Mark End 0.014ms
[2024-07-23T22:03:03.991+0800][12.710s][gc,phases   ] GC(8) Concurrent Mark Free 0.001ms
[2024-07-23T22:03:03.992+0800][12.711s][gc,phases   ] GC(8) Concurrent Process Non-Strong References 1.010ms
[2024-07-23T22:03:03.992+0800][12.711s][gc,phases   ] GC(8) Concurrent Reset Relocation Set 0.001ms
[2024-07-23T22:03:03.996+0800][12.715s][gc,phases   ] GC(8) Concurrent Select Relocation Set 4.376ms
[2024-07-23T22:03:03.997+0800][12.716s][gc,phases   ] GC(8) Pause Relocate Start 0.050ms
[2024-07-23T22:03:03.998+0800][12.717s][gc,phases   ] GC(8) Concurrent Relocate 0.374ms
[2024-07-23T22:03:03.998+0800][12.717s][gc,load     ] GC(8) Load: 0.00/0.00/0.00
[2024-07-23T22:03:03.998+0800][12.717s][gc,mmu      ] GC(8) MMU: 2ms/97.5%, 5ms/99.0%, 10ms/99.4%, 20ms/99.7%, 50ms/99.8%, 100ms/99.9%
[2024-07-23T22:03:03.998+0800][12.717s][gc,marking  ] GC(8) Mark: 2 stripe(s), 2 proactive flush(es), 1 terminate flush(es), 0 completion(s), 0 continuation(s) 
[2024-07-23T22:03:03.998+0800][12.717s][gc,marking  ] GC(8) Mark Stack Usage: 32M
[2024-07-23T22:03:03.998+0800][12.717s][gc,nmethod  ] GC(8) NMethods: 503 registered, 0 unregistered
[2024-07-23T22:03:03.998+0800][12.717s][gc,metaspace] GC(8) Metaspace: 1M used, 1M committed, 1088M reserved
[2024-07-23T22:03:03.998+0800][12.717s][gc,ref      ] GC(8) Soft: 100 encountered, 0 discovered, 0 enqueued
[2024-07-23T22:03:03.998+0800][12.717s][gc,ref      ] GC(8) Weak: 131 encountered, 107 discovered, 0 enqueued
[2024-07-23T22:03:03.998+0800][12.717s][gc,ref      ] GC(8) Final: 0 encountered, 0 discovered, 0 enqueued
[2024-07-23T22:03:03.998+0800][12.717s][gc,ref      ] GC(8) Phantom: 184 encountered, 98 discovered, 0 enqueued
[2024-07-23T22:03:03.998+0800][12.717s][gc,reloc    ] GC(8) Small Pages: 4 / 8M, Empty: 2M, Relocated: 0M, In-Place: 0
[2024-07-23T22:03:03.998+0800][12.717s][gc,reloc    ] GC(8) Medium Pages: 32 / 1024M, Empty: 960M, Relocated: 1M, In-Place: 0
[2024-07-23T22:03:03.998+0800][12.717s][gc,reloc    ] GC(8) Large Pages: 0 / 0M, Empty: 0M, Relocated: 0M, In-Place: 0
[2024-07-23T22:03:03.998+0800][12.717s][gc,reloc    ] GC(8) Forwarding Usage: 0M
[2024-07-23T22:03:03.998+0800][12.717s][gc,heap     ] GC(8) Min Capacity: 2048M(100%)
[2024-07-23T22:03:03.998+0800][12.717s][gc,heap     ] GC(8) Max Capacity: 2048M(100%)
[2024-07-23T22:03:03.998+0800][12.717s][gc,heap     ] GC(8) Soft Max Capacity: 2048M(100%)
[2024-07-23T22:03:03.998+0800][12.717s][gc,heap     ] GC(8)                Mark Start          Mark End        Relocate Start      Relocate End           High               Low         
[2024-07-23T22:03:03.998+0800][12.717s][gc,heap     ] GC(8)  Capacity:     2048M (100%)       2048M (100%)       2048M (100%)       2048M (100%)       2048M (100%)       2048M (100%)   
[2024-07-23T22:03:03.998+0800][12.717s][gc,heap     ] GC(8)      Free:     1016M (50%)         982M (48%)        1944M (95%)        1976M (96%)        1976M (96%)         982M (48%)    
[2024-07-23T22:03:03.998+0800][12.717s][gc,heap     ] GC(8)      Used:     1032M (50%)        1066M (52%)         104M (5%)           72M (4%)         1066M (52%)          72M (4%)     
[2024-07-23T22:03:03.998+0800][12.717s][gc,heap     ] GC(8)      Live:         -                 6M (0%)            6M (0%)            6M (0%)             -                  -          
[2024-07-23T22:03:03.998+0800][12.717s][gc,heap     ] GC(8) Allocated:         -                34M (2%)           34M (2%)           34M (2%)             -                  -          
[2024-07-23T22:03:03.998+0800][12.717s][gc,heap     ] GC(8)   Garbage:         -              1025M (50%)          63M (3%)           31M (2%)             -                  -          
[2024-07-23T22:03:03.998+0800][12.717s][gc,heap     ] GC(8) Reclaimed:         -                  -               962M (47%)         994M (49%)            -                  -          
[2024-07-23T22:03:03.998+0800][12.717s][gc          ] GC(8) Garbage Collection (Proactive) 1032M(50%)->72M(4%)
[2024-07-23T22:03:05.562+0800][14.280s][gc,start    ] GC(9) Garbage Collection (Proactive)
[2024-07-23T22:03:05.562+0800][14.280s][gc,task     ] GC(9) Using 2 workers
[2024-07-23T22:03:05.562+0800][14.280s][gc,phases   ] GC(9) Pause Mark Start 0.008ms
[2024-07-23T22:03:05.578+0800][14.297s][gc,phases   ] GC(9) Concurrent Mark 16.102ms
[2024-07-23T22:03:05.579+0800][14.297s][gc,phases   ] GC(9) Pause Mark End 0.034ms
[2024-07-23T22:03:05.579+0800][14.297s][gc,phases   ] GC(9) Concurrent Mark Free 0.001ms
[2024-07-23T22:03:05.580+0800][14.298s][gc,phases   ] GC(9) Concurrent Process Non-Strong References 0.865ms
[2024-07-23T22:03:05.580+0800][14.298s][gc,phases   ] GC(9) Concurrent Reset Relocation Set 0.002ms
[2024-07-23T22:03:05.583+0800][14.302s][gc,phases   ] GC(9) Concurrent Select Relocation Set 3.428ms
[2024-07-23T22:03:05.583+0800][14.302s][gc,phases   ] GC(9) Pause Relocate Start 0.008ms
[2024-07-23T22:03:05.587+0800][14.306s][gc,phases   ] GC(9) Concurrent Relocate 3.897ms
[2024-07-23T22:03:05.587+0800][14.306s][gc,load     ] GC(9) Load: 0.00/0.00/0.00
[2024-07-23T22:03:05.587+0800][14.306s][gc,mmu      ] GC(9) MMU: 2ms/97.5%, 5ms/99.0%, 10ms/99.4%, 20ms/99.7%, 50ms/99.8%, 100ms/99.9%
[2024-07-23T22:03:05.587+0800][14.306s][gc,marking  ] GC(9) Mark: 2 stripe(s), 2 proactive flush(es), 1 terminate flush(es), 0 completion(s), 0 continuation(s) 
[2024-07-23T22:03:05.587+0800][14.306s][gc,marking  ] GC(9) Mark Stack Usage: 32M
[2024-07-23T22:03:05.587+0800][14.306s][gc,nmethod  ] GC(9) NMethods: 510 registered, 0 unregistered
[2024-07-23T22:03:05.587+0800][14.306s][gc,metaspace] GC(9) Metaspace: 1M used, 1M committed, 1088M reserved
[2024-07-23T22:03:05.588+0800][14.306s][gc,ref      ] GC(9) Soft: 100 encountered, 0 discovered, 0 enqueued
[2024-07-23T22:03:05.588+0800][14.306s][gc,ref      ] GC(9) Weak: 131 encountered, 106 discovered, 0 enqueued
[2024-07-23T22:03:05.588+0800][14.306s][gc,ref      ] GC(9) Final: 0 encountered, 0 discovered, 0 enqueued
[2024-07-23T22:03:05.588+0800][14.306s][gc,ref      ] GC(9) Phantom: 184 encountered, 145 discovered, 0 enqueued
[2024-07-23T22:03:05.588+0800][14.306s][gc,reloc    ] GC(9) Small Pages: 5 / 10M, Empty: 2M, Relocated: 1M, In-Place: 0
[2024-07-23T22:03:05.588+0800][14.306s][gc,reloc    ] GC(9) Medium Pages: 34 / 1088M, Empty: 992M, Relocated: 12M, In-Place: 0
[2024-07-23T22:03:05.588+0800][14.306s][gc,reloc    ] GC(9) Large Pages: 0 / 0M, Empty: 0M, Relocated: 0M, In-Place: 0
[2024-07-23T22:03:05.588+0800][14.306s][gc,reloc    ] GC(9) Forwarding Usage: 0M
[2024-07-23T22:03:05.588+0800][14.306s][gc,heap     ] GC(9) Min Capacity: 2048M(100%)
[2024-07-23T22:03:05.588+0800][14.306s][gc,heap     ] GC(9) Max Capacity: 2048M(100%)
[2024-07-23T22:03:05.588+0800][14.306s][gc,heap     ] GC(9) Soft Max Capacity: 2048M(100%)
[2024-07-23T22:03:05.588+0800][14.306s][gc,heap     ] GC(9)                Mark Start          Mark End        Relocate Start      Relocate End           High               Low         
[2024-07-23T22:03:05.588+0800][14.306s][gc,heap     ] GC(9)  Capacity:     2048M (100%)       2048M (100%)       2048M (100%)       2048M (100%)       2048M (100%)       2048M (100%)   
[2024-07-23T22:03:05.588+0800][14.306s][gc,heap     ] GC(9)      Free:      950M (46%)         916M (45%)        1910M (93%)        1976M (96%)        1976M (96%)         916M (45%)    
[2024-07-23T22:03:05.588+0800][14.306s][gc,heap     ] GC(9)      Used:     1098M (54%)        1132M (55%)         138M (7%)           72M (4%)         1132M (55%)          72M (4%)     
[2024-07-23T22:03:05.588+0800][14.306s][gc,heap     ] GC(9)      Live:         -                17M (1%)           17M (1%)           17M (1%)             -                  -          
[2024-07-23T22:03:05.588+0800][14.306s][gc,heap     ] GC(9) Allocated:         -                34M (2%)           34M (2%)           33M (2%)             -                  -          
[2024-07-23T22:03:05.588+0800][14.306s][gc,heap     ] GC(9)   Garbage:         -              1080M (53%)          86M (4%)           20M (1%)             -                  -          
[2024-07-23T22:03:05.588+0800][14.306s][gc,heap     ] GC(9) Reclaimed:         -                  -               994M (49%)        1059M (52%)            -                  -          
[2024-07-23T22:03:05.588+0800][14.306s][gc          ] GC(9) Garbage Collection (Proactive) 1098M(54%)->72M(4%)
[2024-07-23T22:03:07.262+0800][15.980s][gc,start    ] GC(10) Garbage Collection (Proactive)
[2024-07-23T22:03:07.262+0800][15.980s][gc,task     ] GC(10) Using 2 workers
[2024-07-23T22:03:07.262+0800][15.981s][gc,phases   ] GC(10) Pause Mark Start 0.027ms
[2024-07-23T22:03:07.277+0800][15.996s][gc,phases   ] GC(10) Concurrent Mark 14.656ms
[2024-07-23T22:03:07.277+0800][15.996s][gc,phases   ] GC(10) Pause Mark End 0.021ms
[2024-07-23T22:03:07.277+0800][15.996s][gc,phases   ] GC(10) Concurrent Mark Free 0.002ms
[2024-07-23T22:03:07.278+0800][15.997s][gc,phases   ] GC(10) Concurrent Process Non-Strong References 1.422ms
[2024-07-23T22:03:07.279+0800][15.997s][gc,phases   ] GC(10) Concurrent Reset Relocation Set 0.004ms
[2024-07-23T22:03:07.283+0800][16.001s][gc,phases   ] GC(10) Concurrent Select Relocation Set 3.833ms
[2024-07-23T22:03:07.283+0800][16.002s][gc,phases   ] GC(10) Pause Relocate Start 0.029ms
[2024-07-23T22:03:07.284+0800][16.003s][gc,phases   ] GC(10) Concurrent Relocate 1.769ms
[2024-07-23T22:03:07.284+0800][16.003s][gc,load     ] GC(10) Load: 0.00/0.00/0.00
[2024-07-23T22:03:07.284+0800][16.003s][gc,mmu      ] GC(10) MMU: 2ms/97.5%, 5ms/99.0%, 10ms/99.4%, 20ms/99.7%, 50ms/99.8%, 100ms/99.9%
[2024-07-23T22:03:07.284+0800][16.004s][gc,marking  ] GC(10) Mark: 2 stripe(s), 2 proactive flush(es), 1 terminate flush(es), 0 completion(s), 0 continuation(s) 
[2024-07-23T22:03:07.284+0800][16.004s][gc,marking  ] GC(10) Mark Stack Usage: 32M
[2024-07-23T22:03:07.284+0800][16.004s][gc,nmethod  ] GC(10) NMethods: 512 registered, 0 unregistered
[2024-07-23T22:03:07.284+0800][16.004s][gc,metaspace] GC(10) Metaspace: 1M used, 1M committed, 1088M reserved
[2024-07-23T22:03:07.284+0800][16.004s][gc,ref      ] GC(10) Soft: 100 encountered, 0 discovered, 0 enqueued
[2024-07-23T22:03:07.284+0800][16.004s][gc,ref      ] GC(10) Weak: 131 encountered, 23 discovered, 0 enqueued
[2024-07-23T22:03:07.284+0800][16.004s][gc,ref      ] GC(10) Final: 0 encountered, 0 discovered, 0 enqueued
[2024-07-23T22:03:07.284+0800][16.004s][gc,ref      ] GC(10) Phantom: 184 encountered, 144 discovered, 0 enqueued
[2024-07-23T22:03:07.284+0800][16.004s][gc,reloc    ] GC(10) Small Pages: 4 / 8M, Empty: 0M, Relocated: 1M, In-Place: 0
[2024-07-23T22:03:07.284+0800][16.004s][gc,reloc    ] GC(10) Medium Pages: 36 / 1152M, Empty: 1088M, Relocated: 1M, In-Place: 0
[2024-07-23T22:03:07.284+0800][16.004s][gc,reloc    ] GC(10) Large Pages: 0 / 0M, Empty: 0M, Relocated: 0M, In-Place: 0
[2024-07-23T22:03:07.284+0800][16.004s][gc,reloc    ] GC(10) Forwarding Usage: 0M
[2024-07-23T22:03:07.284+0800][16.004s][gc,heap     ] GC(10) Min Capacity: 2048M(100%)
[2024-07-23T22:03:07.284+0800][16.004s][gc,heap     ] GC(10) Max Capacity: 2048M(100%)
[2024-07-23T22:03:07.284+0800][16.004s][gc,heap     ] GC(10) Soft Max Capacity: 2048M(100%)
[2024-07-23T22:03:07.284+0800][16.004s][gc,heap     ] GC(10)                Mark Start          Mark End        Relocate Start      Relocate End           High               Low         
[2024-07-23T22:03:07.284+0800][16.004s][gc,heap     ] GC(10)  Capacity:     2048M (100%)       2048M (100%)       2048M (100%)       2048M (100%)       2048M (100%)       2048M (100%)   
[2024-07-23T22:03:07.284+0800][16.004s][gc,heap     ] GC(10)      Free:      888M (43%)         854M (42%)        1942M (95%)        1976M (96%)        1976M (96%)         854M (42%)    
[2024-07-23T22:03:07.285+0800][16.004s][gc,heap     ] GC(10)      Used:     1160M (57%)        1194M (58%)         106M (5%)           72M (4%)         1194M (58%)          72M (4%)     
[2024-07-23T22:03:07.285+0800][16.004s][gc,heap     ] GC(10)      Live:         -                 6M (0%)            6M (0%)            6M (0%)             -                  -          
[2024-07-23T22:03:07.285+0800][16.004s][gc,heap     ] GC(10) Allocated:         -                34M (2%)           34M (2%)           34M (2%)             -                  -          
[2024-07-23T22:03:07.285+0800][16.004s][gc,heap     ] GC(10)   Garbage:         -              1153M (56%)          65M (3%)           31M (2%)             -                  -          
[2024-07-23T22:03:07.285+0800][16.004s][gc,heap     ] GC(10) Reclaimed:         -                  -              1088M (53%)        1122M (55%)            -                  -          
[2024-07-23T22:03:07.285+0800][16.004s][gc          ] GC(10) Garbage Collection (Proactive) 1160M(57%)->72M(4%)
[2024-07-23T22:03:08.650+0800][17.368s][gc,heap,exit] Heap
[2024-07-23T22:03:08.650+0800][17.368s][gc,heap,exit]  ZHeap           used 968M, capacity 2048M, max capacity 2048M
[2024-07-23T22:03:08.650+0800][17.368s][gc,heap,exit]  Metaspace       used 1412K, committed 1536K, reserved 1114112K
[2024-07-23T22:03:08.650+0800][17.368s][gc,heap,exit]   class space    used 118K, committed 192K, reserved 1048576K
