[2024-07-24T23:00:39.590+0800][0.011s][gc,init] Initializing The Z Garbage Collector
[2024-07-24T23:00:39.590+0800][0.011s][gc,init] Version: 17.0.12+8-LTS-286 (release)
[2024-07-24T23:00:39.590+0800][0.011s][gc,init] NUMA Support: Disabled
[2024-07-24T23:00:39.590+0800][0.011s][gc,init] CPUs: 8 total, 8 available
[2024-07-24T23:00:39.590+0800][0.011s][gc,init] Memory: 16281M
[2024-07-24T23:00:39.590+0800][0.011s][gc,init] Large Page Support: Disabled
[2024-07-24T23:00:39.590+0800][0.011s][gc,init] GC Workers: 1 (dynamic)
[2024-07-24T23:00:39.590+0800][0.012s][gc,init] Address Space Type: Contiguous/Unrestricted/Complete
[2024-07-24T23:00:39.590+0800][0.012s][gc,init] Address Space Size: 2048M x 3 = 6144M
[2024-07-24T23:00:39.591+0800][0.013s][gc,init] Min Capacity: 8M
[2024-07-24T23:00:39.591+0800][0.013s][gc,init] Initial Capacity: 128M
[2024-07-24T23:00:39.591+0800][0.013s][gc,init] Max Capacity: 128M
[2024-07-24T23:00:39.591+0800][0.013s][gc,init] Medium Page Size: 4M
[2024-07-24T23:00:39.591+0800][0.013s][gc,init] Pre-touch: Disabled
[2024-07-24T23:00:39.592+0800][0.013s][gc,init] Uncommit: Enabled
[2024-07-24T23:00:39.592+0800][0.013s][gc,init] Uncommit Delay: 300s
[2024-07-24T23:00:39.598+0800][0.019s][gc,init] Runtime Workers: 7
[2024-07-24T23:00:39.599+0800][0.021s][gc     ] Using The Z Garbage Collector
[2024-07-24T23:00:39.609+0800][0.030s][gc,metaspace] CDS archive(s) mapped at: [0x000001f380000000-0x000001f380bd0000-0x000001f380bd0000), size 12386304, SharedBaseAddress: 0x000001f380000000, ArchiveRelocationMode: 1.
[2024-07-24T23:00:39.609+0800][0.030s][gc,metaspace] Compressed class space mapped at: 0x000001f381000000-0x000001f3c1000000, reserved size: 1073741824
[2024-07-24T23:00:39.609+0800][0.030s][gc,metaspace] Narrow klass base: 0x000001f380000000, Narrow klass shift: 0, Narrow klass range: 0x100000000
[2024-07-24T23:00:39.746+0800][0.168s][gc,start    ] GC(0) Garbage Collection (Warmup)
[2024-07-24T23:00:39.746+0800][0.168s][gc,task     ] GC(0) Using 1 workers
[2024-07-24T23:00:39.746+0800][0.168s][gc,phases   ] GC(0) Pause Mark Start 0.005ms
[2024-07-24T23:00:39.749+0800][0.172s][gc,phases   ] GC(0) Concurrent Mark 3.323ms
[2024-07-24T23:00:39.750+0800][0.172s][gc,phases   ] GC(0) Pause Mark End 0.021ms
[2024-07-24T23:00:39.750+0800][0.172s][gc,phases   ] GC(0) Concurrent Mark Free 0.001ms
[2024-07-24T23:00:39.750+0800][0.172s][gc,phases   ] GC(0) Concurrent Process Non-Strong References 0.615ms
[2024-07-24T23:00:39.750+0800][0.172s][gc,phases   ] GC(0) Concurrent Reset Relocation Set 0.000ms
[2024-07-24T23:00:39.759+0800][0.181s][gc,phases   ] GC(0) Concurrent Select Relocation Set 8.365ms
[2024-07-24T23:00:39.759+0800][0.181s][gc,phases   ] GC(0) Pause Relocate Start 0.006ms
[2024-07-24T23:00:39.760+0800][0.182s][gc,phases   ] GC(0) Concurrent Relocate 1.045ms
[2024-07-24T23:00:39.760+0800][0.182s][gc,load     ] GC(0) Load: 0.00/0.00/0.00
[2024-07-24T23:00:39.760+0800][0.182s][gc,mmu      ] GC(0) MMU: 2ms/99.0%, 5ms/99.5%, 10ms/99.7%, 20ms/99.8%, 50ms/99.9%, 100ms/100.0%
[2024-07-24T23:00:39.760+0800][0.182s][gc,marking  ] GC(0) Mark: 1 stripe(s), 1 proactive flush(es), 1 terminate flush(es), 0 completion(s), 0 continuation(s) 
[2024-07-24T23:00:39.760+0800][0.182s][gc,marking  ] GC(0) Mark Stack Usage: 32M
[2024-07-24T23:00:39.760+0800][0.182s][gc,nmethod  ] GC(0) NMethods: 200 registered, 0 unregistered
[2024-07-24T23:00:39.760+0800][0.182s][gc,metaspace] GC(0) Metaspace: 0M used, 0M committed, 1088M reserved
[2024-07-24T23:00:39.760+0800][0.182s][gc,ref      ] GC(0) Soft: 93 encountered, 0 discovered, 0 enqueued
[2024-07-24T23:00:39.760+0800][0.182s][gc,ref      ] GC(0) Weak: 233 encountered, 216 discovered, 44 enqueued
[2024-07-24T23:00:39.760+0800][0.182s][gc,ref      ] GC(0) Final: 0 encountered, 0 discovered, 0 enqueued
[2024-07-24T23:00:39.760+0800][0.182s][gc,ref      ] GC(0) Phantom: 15 encountered, 14 discovered, 14 enqueued
[2024-07-24T23:00:39.760+0800][0.182s][gc,reloc    ] GC(0) Small Pages: 2 / 4M, Empty: 0M, Relocated: 1M, In-Place: 0
[2024-07-24T23:00:39.760+0800][0.182s][gc,reloc    ] GC(0) Medium Pages: 0 / 0M, Empty: 0M, Relocated: 0M, In-Place: 0
[2024-07-24T23:00:39.760+0800][0.182s][gc,reloc    ] GC(0) Large Pages: 30 / 60M, Empty: 40M, Relocated: 0M, In-Place: 0
[2024-07-24T23:00:39.760+0800][0.182s][gc,reloc    ] GC(0) Forwarding Usage: 0M
[2024-07-24T23:00:39.760+0800][0.183s][gc,heap     ] GC(0) Min Capacity: 8M(6%)
[2024-07-24T23:00:39.760+0800][0.183s][gc,heap     ] GC(0) Max Capacity: 128M(100%)
[2024-07-24T23:00:39.760+0800][0.183s][gc,heap     ] GC(0) Soft Max Capacity: 128M(100%)
[2024-07-24T23:00:39.760+0800][0.183s][gc,heap     ] GC(0)                Mark Start          Mark End        Relocate Start      Relocate End           High               Low         
[2024-07-24T23:00:39.760+0800][0.183s][gc,heap     ] GC(0)  Capacity:      128M (100%)        128M (100%)        128M (100%)        128M (100%)        128M (100%)        128M (100%)   
[2024-07-24T23:00:39.761+0800][0.183s][gc,heap     ] GC(0)      Free:       64M (50%)          64M (50%)         104M (81%)         106M (83%)         106M (83%)          64M (50%)    
[2024-07-24T23:00:39.761+0800][0.183s][gc,heap     ] GC(0)      Used:       64M (50%)          64M (50%)          24M (19%)          22M (17%)          64M (50%)          22M (17%)    
[2024-07-24T23:00:39.761+0800][0.183s][gc,heap     ] GC(0)      Live:         -                21M (17%)          21M (17%)          21M (17%)            -                  -          
[2024-07-24T23:00:39.761+0800][0.183s][gc,heap     ] GC(0) Allocated:         -                 0M (0%)            0M (0%)            0M (0%)             -                  -          
[2024-07-24T23:00:39.761+0800][0.183s][gc,heap     ] GC(0)   Garbage:         -                42M (33%)           2M (2%)            0M (1%)             -                  -          
[2024-07-24T23:00:39.761+0800][0.183s][gc,heap     ] GC(0) Reclaimed:         -                  -                40M (31%)          42M (33%)            -                  -          
[2024-07-24T23:00:39.761+0800][0.183s][gc          ] GC(0) Garbage Collection (Warmup) 64M(50%)->22M(17%)
[2024-07-24T23:00:39.842+0800][0.263s][gc,start    ] GC(1) Garbage Collection (Warmup)
[2024-07-24T23:00:39.842+0800][0.263s][gc,task     ] GC(1) Using 1 workers
[2024-07-24T23:00:39.842+0800][0.263s][gc,phases   ] GC(1) Pause Mark Start 0.006ms
[2024-07-24T23:00:39.845+0800][0.267s][gc,phases   ] GC(1) Concurrent Mark 3.995ms
[2024-07-24T23:00:39.846+0800][0.268s][gc,phases   ] GC(1) Pause Mark End 0.008ms
[2024-07-24T23:00:39.846+0800][0.268s][gc,phases   ] GC(1) Concurrent Mark Free 0.001ms
[2024-07-24T23:00:39.847+0800][0.269s][gc,phases   ] GC(1) Concurrent Process Non-Strong References 0.998ms
[2024-07-24T23:00:39.847+0800][0.269s][gc,phases   ] GC(1) Concurrent Reset Relocation Set 0.001ms
[2024-07-24T23:00:39.849+0800][0.271s][gc,phases   ] GC(1) Concurrent Select Relocation Set 1.898ms
[2024-07-24T23:00:39.849+0800][0.271s][gc,phases   ] GC(1) Pause Relocate Start 0.010ms
[2024-07-24T23:00:39.850+0800][0.272s][gc,phases   ] GC(1) Concurrent Relocate 1.393ms
[2024-07-24T23:00:39.850+0800][0.272s][gc,load     ] GC(1) Load: 0.00/0.00/0.00
[2024-07-24T23:00:39.850+0800][0.273s][gc,mmu      ] GC(1) MMU: 2ms/99.0%, 5ms/99.5%, 10ms/99.7%, 20ms/99.8%, 50ms/99.9%, 100ms/99.9%
[2024-07-24T23:00:39.850+0800][0.273s][gc,marking  ] GC(1) Mark: 1 stripe(s), 2 proactive flush(es), 1 terminate flush(es), 0 completion(s), 0 continuation(s) 
[2024-07-24T23:00:39.850+0800][0.273s][gc,marking  ] GC(1) Mark Stack Usage: 32M
[2024-07-24T23:00:39.850+0800][0.273s][gc,nmethod  ] GC(1) NMethods: 201 registered, 0 unregistered
[2024-07-24T23:00:39.851+0800][0.273s][gc,metaspace] GC(1) Metaspace: 0M used, 0M committed, 1088M reserved
[2024-07-24T23:00:39.851+0800][0.273s][gc,ref      ] GC(1) Soft: 93 encountered, 0 discovered, 0 enqueued
[2024-07-24T23:00:39.851+0800][0.273s][gc,ref      ] GC(1) Weak: 189 encountered, 172 discovered, 0 enqueued
[2024-07-24T23:00:39.851+0800][0.273s][gc,ref      ] GC(1) Final: 0 encountered, 0 discovered, 0 enqueued
[2024-07-24T23:00:39.851+0800][0.273s][gc,ref      ] GC(1) Phantom: 1 encountered, 0 discovered, 0 enqueued
[2024-07-24T23:00:39.851+0800][0.273s][gc,reloc    ] GC(1) Small Pages: 2 / 4M, Empty: 0M, Relocated: 1M, In-Place: 0
[2024-07-24T23:00:39.851+0800][0.273s][gc,reloc    ] GC(1) Medium Pages: 0 / 0M, Empty: 0M, Relocated: 0M, In-Place: 0
[2024-07-24T23:00:39.851+0800][0.273s][gc,reloc    ] GC(1) Large Pages: 50 / 100M, Empty: 80M, Relocated: 0M, In-Place: 0
[2024-07-24T23:00:39.851+0800][0.273s][gc,reloc    ] GC(1) Forwarding Usage: 0M
[2024-07-24T23:00:39.851+0800][0.273s][gc,heap     ] GC(1) Min Capacity: 8M(6%)
[2024-07-24T23:00:39.851+0800][0.273s][gc,heap     ] GC(1) Max Capacity: 128M(100%)
[2024-07-24T23:00:39.851+0800][0.273s][gc,heap     ] GC(1) Soft Max Capacity: 128M(100%)
[2024-07-24T23:00:39.851+0800][0.273s][gc,heap     ] GC(1)                Mark Start          Mark End        Relocate Start      Relocate End           High               Low         
[2024-07-24T23:00:39.851+0800][0.273s][gc,heap     ] GC(1)  Capacity:      128M (100%)        128M (100%)        128M (100%)        128M (100%)        128M (100%)        128M (100%)   
[2024-07-24T23:00:39.851+0800][0.273s][gc,heap     ] GC(1)      Free:       24M (19%)          12M (9%)           82M (64%)          84M (66%)          84M (66%)           2M (2%)     
[2024-07-24T23:00:39.851+0800][0.273s][gc,heap     ] GC(1)      Used:      104M (81%)         116M (91%)          46M (36%)          44M (34%)         126M (98%)          44M (34%)    
[2024-07-24T23:00:39.851+0800][0.273s][gc,heap     ] GC(1)      Live:         -                21M (17%)          21M (17%)          21M (17%)            -                  -          
[2024-07-24T23:00:39.851+0800][0.273s][gc,heap     ] GC(1) Allocated:         -                12M (9%)           22M (17%)          22M (17%)            -                  -          
[2024-07-24T23:00:39.851+0800][0.273s][gc,heap     ] GC(1)   Garbage:         -                82M (65%)           2M (2%)            0M (1%)             -                  -          
[2024-07-24T23:00:39.851+0800][0.273s][gc,heap     ] GC(1) Reclaimed:         -                  -                80M (62%)          82M (64%)            -                  -          
[2024-07-24T23:00:39.851+0800][0.273s][gc          ] GC(1) Garbage Collection (Warmup) 104M(81%)->44M(34%)
[2024-07-24T23:00:39.934+0800][0.356s][gc,start    ] GC(2) Garbage Collection (Warmup)
[2024-07-24T23:00:39.934+0800][0.356s][gc,task     ] GC(2) Using 1 workers
[2024-07-24T23:00:39.934+0800][0.356s][gc,phases   ] GC(2) Pause Mark Start 0.020ms
[2024-07-24T23:00:39.938+0800][0.360s][gc,phases   ] GC(2) Concurrent Mark 3.972ms
[2024-07-24T23:00:39.938+0800][0.360s][gc,phases   ] GC(2) Pause Mark End 0.008ms
[2024-07-24T23:00:39.938+0800][0.360s][gc,phases   ] GC(2) Concurrent Mark Free 0.001ms
[2024-07-24T23:00:39.939+0800][0.361s][gc,phases   ] GC(2) Concurrent Process Non-Strong References 1.163ms
[2024-07-24T23:00:39.939+0800][0.362s][gc,phases   ] GC(2) Concurrent Reset Relocation Set 0.001ms
[2024-07-24T23:00:39.941+0800][0.363s][gc          ] Allocation Stall (main) 3.830ms
[2024-07-24T23:00:39.941+0800][0.363s][gc,phases   ] GC(2) Concurrent Select Relocation Set 1.475ms
[2024-07-24T23:00:39.941+0800][0.363s][gc,phases   ] GC(2) Pause Relocate Start 0.005ms
[2024-07-24T23:00:39.943+0800][0.365s][gc,phases   ] GC(2) Concurrent Relocate 1.470ms
[2024-07-24T23:00:39.943+0800][0.365s][gc,load     ] GC(2) Load: 0.00/0.00/0.00
[2024-07-24T23:00:39.943+0800][0.365s][gc,mmu      ] GC(2) MMU: 2ms/99.0%, 5ms/99.4%, 10ms/99.7%, 20ms/99.8%, 50ms/99.9%, 100ms/99.9%
[2024-07-24T23:00:39.943+0800][0.365s][gc,marking  ] GC(2) Mark: 1 stripe(s), 2 proactive flush(es), 1 terminate flush(es), 0 completion(s), 0 continuation(s) 
[2024-07-24T23:00:39.943+0800][0.365s][gc,marking  ] GC(2) Mark Stack Usage: 32M
[2024-07-24T23:00:39.943+0800][0.365s][gc,nmethod  ] GC(2) NMethods: 203 registered, 0 unregistered
[2024-07-24T23:00:39.943+0800][0.365s][gc,metaspace] GC(2) Metaspace: 0M used, 0M committed, 1088M reserved
[2024-07-24T23:00:39.943+0800][0.365s][gc,ref      ] GC(2) Soft: 93 encountered, 0 discovered, 0 enqueued
[2024-07-24T23:00:39.943+0800][0.365s][gc,ref      ] GC(2) Weak: 189 encountered, 172 discovered, 0 enqueued
[2024-07-24T23:00:39.943+0800][0.365s][gc,ref      ] GC(2) Final: 0 encountered, 0 discovered, 0 enqueued
[2024-07-24T23:00:39.943+0800][0.365s][gc,ref      ] GC(2) Phantom: 1 encountered, 0 discovered, 0 enqueued
[2024-07-24T23:00:39.943+0800][0.365s][gc,reloc    ] GC(2) Small Pages: 2 / 4M, Empty: 0M, Relocated: 1M, In-Place: 0
[2024-07-24T23:00:39.943+0800][0.365s][gc,reloc    ] GC(2) Medium Pages: 0 / 0M, Empty: 0M, Relocated: 0M, In-Place: 0
[2024-07-24T23:00:39.943+0800][0.365s][gc,reloc    ] GC(2) Large Pages: 60 / 120M, Empty: 120M, Relocated: 0M, In-Place: 0
[2024-07-24T23:00:39.943+0800][0.365s][gc,reloc    ] GC(2) Forwarding Usage: 0M
[2024-07-24T23:00:39.943+0800][0.365s][gc,heap     ] GC(2) Min Capacity: 8M(6%)
[2024-07-24T23:00:39.943+0800][0.365s][gc,heap     ] GC(2) Max Capacity: 128M(100%)
[2024-07-24T23:00:39.943+0800][0.365s][gc,heap     ] GC(2) Soft Max Capacity: 128M(100%)
[2024-07-24T23:00:39.943+0800][0.365s][gc,heap     ] GC(2)                Mark Start          Mark End        Relocate Start      Relocate End           High               Low         
[2024-07-24T23:00:39.943+0800][0.365s][gc,heap     ] GC(2)  Capacity:      128M (100%)        128M (100%)        128M (100%)        128M (100%)        128M (100%)        128M (100%)   
[2024-07-24T23:00:39.943+0800][0.365s][gc,heap     ] GC(2)      Free:        4M (3%)            0M (0%)          118M (92%)         112M (88%)         120M (94%)           0M (0%)     
[2024-07-24T23:00:39.943+0800][0.365s][gc,heap     ] GC(2)      Used:      124M (97%)         128M (100%)         10M (8%)           16M (12%)         128M (100%)          8M (6%)     
[2024-07-24T23:00:39.943+0800][0.365s][gc,heap     ] GC(2)      Live:         -                 1M (1%)            1M (1%)            1M (1%)             -                  -          
[2024-07-24T23:00:39.943+0800][0.365s][gc,heap     ] GC(2) Allocated:         -                 4M (3%)            6M (5%)           13M (11%)            -                  -          
[2024-07-24T23:00:39.943+0800][0.365s][gc,heap     ] GC(2)   Garbage:         -               122M (96%)           2M (2%)            0M (1%)             -                  -          
[2024-07-24T23:00:39.943+0800][0.365s][gc,heap     ] GC(2) Reclaimed:         -                  -               120M (94%)         121M (95%)            -                  -          
[2024-07-24T23:00:39.943+0800][0.365s][gc          ] GC(2) Garbage Collection (Warmup) 124M(97%)->16M(12%)
[2024-07-24T23:00:40.046+0800][0.468s][gc,start    ] GC(3) Garbage Collection (Allocation Stall)
[2024-07-24T23:00:40.046+0800][0.468s][gc,ref      ] GC(3) Clearing All SoftReferences
[2024-07-24T23:00:40.046+0800][0.468s][gc,task     ] GC(3) Using 1 workers
[2024-07-24T23:00:40.046+0800][0.468s][gc,ref      ] GC(3) Clearing All SoftReferences
[2024-07-24T23:00:40.047+0800][0.468s][gc,phases   ] GC(3) Pause Mark Start 0.087ms
[2024-07-24T23:00:40.050+0800][0.471s][gc,phases   ] GC(3) Concurrent Mark 3.229ms
[2024-07-24T23:00:40.050+0800][0.472s][gc,phases   ] GC(3) Pause Mark End 0.008ms
[2024-07-24T23:00:40.050+0800][0.472s][gc,phases   ] GC(3) Concurrent Mark Free 0.001ms
[2024-07-24T23:00:40.052+0800][0.473s][gc,phases   ] GC(3) Concurrent Process Non-Strong References 1.329ms
[2024-07-24T23:00:40.052+0800][0.473s][gc,phases   ] GC(3) Concurrent Reset Relocation Set 0.001ms
[2024-07-24T23:00:40.053+0800][0.475s][gc          ] Allocation Stall (main) 3.712ms
[2024-07-24T23:00:40.053+0800][0.475s][gc,phases   ] GC(3) Concurrent Select Relocation Set 1.768ms
[2024-07-24T23:00:40.054+0800][0.475s][gc,phases   ] GC(3) Pause Relocate Start 0.004ms
[2024-07-24T23:00:40.056+0800][0.478s][gc,phases   ] GC(3) Concurrent Relocate 2.267ms
[2024-07-24T23:00:40.056+0800][0.478s][gc,load     ] GC(3) Load: 0.00/0.00/0.00
[2024-07-24T23:00:40.056+0800][0.478s][gc,mmu      ] GC(3) MMU: 2ms/95.7%, 5ms/98.1%, 10ms/99.0%, 20ms/99.5%, 50ms/99.8%, 100ms/99.9%
[2024-07-24T23:00:40.056+0800][0.478s][gc,marking  ] GC(3) Mark: 1 stripe(s), 2 proactive flush(es), 1 terminate flush(es), 0 completion(s), 0 continuation(s) 
[2024-07-24T23:00:40.056+0800][0.478s][gc,marking  ] GC(3) Mark Stack Usage: 32M
[2024-07-24T23:00:40.056+0800][0.478s][gc,nmethod  ] GC(3) NMethods: 203 registered, 0 unregistered
[2024-07-24T23:00:40.056+0800][0.478s][gc,metaspace] GC(3) Metaspace: 0M used, 0M committed, 1088M reserved
[2024-07-24T23:00:40.056+0800][0.478s][gc,ref      ] GC(3) Soft: 84 encountered, 57 discovered, 22 enqueued
[2024-07-24T23:00:40.056+0800][0.478s][gc,ref      ] GC(3) Weak: 189 encountered, 172 discovered, 2 enqueued
[2024-07-24T23:00:40.056+0800][0.478s][gc,ref      ] GC(3) Final: 0 encountered, 0 discovered, 0 enqueued
[2024-07-24T23:00:40.056+0800][0.478s][gc,ref      ] GC(3) Phantom: 1 encountered, 0 discovered, 0 enqueued
[2024-07-24T23:00:40.056+0800][0.478s][gc,reloc    ] GC(3) Small Pages: 2 / 4M, Empty: 0M, Relocated: 1M, In-Place: 0
[2024-07-24T23:00:40.056+0800][0.478s][gc,reloc    ] GC(3) Medium Pages: 0 / 0M, Empty: 0M, Relocated: 0M, In-Place: 0
[2024-07-24T23:00:40.056+0800][0.478s][gc,reloc    ] GC(3) Large Pages: 61 / 122M, Empty: 120M, Relocated: 0M, In-Place: 0
[2024-07-24T23:00:40.056+0800][0.478s][gc,reloc    ] GC(3) Forwarding Usage: 0M
[2024-07-24T23:00:40.056+0800][0.478s][gc,heap     ] GC(3) Min Capacity: 8M(6%)
[2024-07-24T23:00:40.056+0800][0.478s][gc,heap     ] GC(3) Max Capacity: 128M(100%)
[2024-07-24T23:00:40.056+0800][0.478s][gc,heap     ] GC(3) Soft Max Capacity: 128M(100%)
[2024-07-24T23:00:40.056+0800][0.478s][gc,heap     ] GC(3)                Mark Start          Mark End        Relocate Start      Relocate End           High               Low         
[2024-07-24T23:00:40.056+0800][0.478s][gc,heap     ] GC(3)  Capacity:      128M (100%)        128M (100%)        128M (100%)        128M (100%)        128M (100%)        128M (100%)   
[2024-07-24T23:00:40.056+0800][0.478s][gc,heap     ] GC(3)      Free:        2M (2%)            0M (0%)          118M (92%)         104M (81%)         120M (94%)           0M (0%)     
[2024-07-24T23:00:40.056+0800][0.478s][gc,heap     ] GC(3)      Used:      126M (98%)         128M (100%)         10M (8%)           24M (19%)         128M (100%)          8M (6%)     
[2024-07-24T23:00:40.056+0800][0.478s][gc,heap     ] GC(3)      Live:         -                 3M (3%)            3M (3%)            3M (3%)             -                  -          
[2024-07-24T23:00:40.056+0800][0.478s][gc,heap     ] GC(3) Allocated:         -                 2M (2%)            4M (3%)           19M (16%)            -                  -          
[2024-07-24T23:00:40.056+0800][0.478s][gc,heap     ] GC(3)   Garbage:         -               122M (96%)           2M (2%)            0M (1%)             -                  -          
[2024-07-24T23:00:40.056+0800][0.478s][gc,heap     ] GC(3) Reclaimed:         -                  -               120M (94%)         121M (95%)            -                  -          
[2024-07-24T23:00:40.056+0800][0.478s][gc          ] GC(3) Garbage Collection (Allocation Stall) 126M(98%)->24M(19%)
[2024-07-24T23:00:40.141+0800][0.563s][gc,start    ] GC(4) Garbage Collection (Allocation Stall)
[2024-07-24T23:00:40.141+0800][0.563s][gc,ref      ] GC(4) Clearing All SoftReferences
[2024-07-24T23:00:40.141+0800][0.563s][gc,task     ] GC(4) Using 1 workers
[2024-07-24T23:00:40.141+0800][0.563s][gc,ref      ] GC(4) Clearing All SoftReferences
[2024-07-24T23:00:40.141+0800][0.563s][gc,phases   ] GC(4) Pause Mark Start 0.060ms
[2024-07-24T23:00:40.145+0800][0.567s][gc,phases   ] GC(4) Concurrent Mark 3.789ms
[2024-07-24T23:00:40.145+0800][0.567s][gc,phases   ] GC(4) Pause Mark End 0.009ms
[2024-07-24T23:00:40.145+0800][0.567s][gc,phases   ] GC(4) Concurrent Mark Free 0.001ms
[2024-07-24T23:00:40.146+0800][0.568s][gc,phases   ] GC(4) Concurrent Process Non-Strong References 0.942ms
[2024-07-24T23:00:40.146+0800][0.568s][gc,phases   ] GC(4) Concurrent Reset Relocation Set 0.001ms
[2024-07-24T23:00:40.148+0800][0.570s][gc,phases   ] GC(4) Concurrent Select Relocation Set 1.797ms
[2024-07-24T23:00:40.148+0800][0.570s][gc,phases   ] GC(4) Pause Relocate Start 0.012ms
[2024-07-24T23:00:40.150+0800][0.572s][gc,phases   ] GC(4) Concurrent Relocate 1.064ms
[2024-07-24T23:00:40.150+0800][0.572s][gc,load     ] GC(4) Load: 0.00/0.00/0.00
[2024-07-24T23:00:40.150+0800][0.572s][gc,mmu      ] GC(4) MMU: 2ms/95.7%, 5ms/98.1%, 10ms/99.0%, 20ms/99.5%, 50ms/99.8%, 100ms/99.8%
[2024-07-24T23:00:40.150+0800][0.572s][gc,marking  ] GC(4) Mark: 1 stripe(s), 2 proactive flush(es), 1 terminate flush(es), 0 completion(s), 0 continuation(s) 
[2024-07-24T23:00:40.150+0800][0.572s][gc,marking  ] GC(4) Mark Stack Usage: 32M
[2024-07-24T23:00:40.150+0800][0.572s][gc,nmethod  ] GC(4) NMethods: 204 registered, 0 unregistered
[2024-07-24T23:00:40.150+0800][0.572s][gc,metaspace] GC(4) Metaspace: 0M used, 0M committed, 1088M reserved
[2024-07-24T23:00:40.150+0800][0.572s][gc,ref      ] GC(4) Soft: 62 encountered, 35 discovered, 0 enqueued
[2024-07-24T23:00:40.150+0800][0.572s][gc,ref      ] GC(4) Weak: 187 encountered, 170 discovered, 0 enqueued
[2024-07-24T23:00:40.150+0800][0.572s][gc,ref      ] GC(4) Final: 0 encountered, 0 discovered, 0 enqueued
[2024-07-24T23:00:40.150+0800][0.572s][gc,ref      ] GC(4) Phantom: 1 encountered, 0 discovered, 0 enqueued
[2024-07-24T23:00:40.150+0800][0.572s][gc,reloc    ] GC(4) Small Pages: 2 / 4M, Empty: 0M, Relocated: 1M, In-Place: 0
[2024-07-24T23:00:40.150+0800][0.572s][gc,reloc    ] GC(4) Medium Pages: 0 / 0M, Empty: 0M, Relocated: 0M, In-Place: 0
[2024-07-24T23:00:40.150+0800][0.572s][gc,reloc    ] GC(4) Large Pages: 51 / 102M, Empty: 80M, Relocated: 0M, In-Place: 0
[2024-07-24T23:00:40.150+0800][0.572s][gc,reloc    ] GC(4) Forwarding Usage: 0M
[2024-07-24T23:00:40.150+0800][0.572s][gc,heap     ] GC(4) Min Capacity: 8M(6%)
[2024-07-24T23:00:40.150+0800][0.572s][gc,heap     ] GC(4) Max Capacity: 128M(100%)
[2024-07-24T23:00:40.150+0800][0.572s][gc,heap     ] GC(4) Soft Max Capacity: 128M(100%)
[2024-07-24T23:00:40.150+0800][0.572s][gc,heap     ] GC(4)                Mark Start          Mark End        Relocate Start      Relocate End           High               Low         
[2024-07-24T23:00:40.150+0800][0.572s][gc,heap     ] GC(4)  Capacity:      128M (100%)        128M (100%)        128M (100%)        128M (100%)        128M (100%)        128M (100%)   
[2024-07-24T23:00:40.150+0800][0.572s][gc,heap     ] GC(4)      Free:       22M (17%)           6M (5%)           82M (64%)          84M (66%)          84M (66%)           2M (2%)     
[2024-07-24T23:00:40.150+0800][0.572s][gc,heap     ] GC(4)      Used:      106M (83%)         122M (95%)          46M (36%)          44M (34%)         126M (98%)          44M (34%)    
[2024-07-24T23:00:40.150+0800][0.572s][gc,heap     ] GC(4)      Live:         -                23M (18%)          23M (18%)          23M (18%)            -                  -          
[2024-07-24T23:00:40.150+0800][0.572s][gc,heap     ] GC(4) Allocated:         -                16M (12%)          20M (16%)          20M (16%)            -                  -          
[2024-07-24T23:00:40.150+0800][0.572s][gc,heap     ] GC(4)   Garbage:         -                82M (65%)           2M (2%)            0M (1%)             -                  -          
[2024-07-24T23:00:40.150+0800][0.572s][gc,heap     ] GC(4) Reclaimed:         -                  -                80M (62%)          82M (64%)            -                  -          
[2024-07-24T23:00:40.150+0800][0.572s][gc          ] GC(4) Garbage Collection (Allocation Stall) 106M(83%)->44M(34%)
[2024-07-24T23:00:40.220+0800][0.642s][gc,start    ] GC(5) Garbage Collection (Allocation Stall)
[2024-07-24T23:00:40.220+0800][0.642s][gc,ref      ] GC(5) Clearing All SoftReferences
[2024-07-24T23:00:40.221+0800][0.642s][gc,task     ] GC(5) Using 1 workers
[2024-07-24T23:00:40.221+0800][0.642s][gc,ref      ] GC(5) Clearing All SoftReferences
[2024-07-24T23:00:40.221+0800][0.642s][gc,phases   ] GC(5) Pause Mark Start 0.034ms
[2024-07-24T23:00:40.224+0800][0.646s][gc,phases   ] GC(5) Concurrent Mark 3.658ms
[2024-07-24T23:00:40.225+0800][0.646s][gc,phases   ] GC(5) Pause Mark End 0.010ms
[2024-07-24T23:00:40.225+0800][0.646s][gc,phases   ] GC(5) Concurrent Mark Free 0.001ms
[2024-07-24T23:00:40.226+0800][0.647s][gc,phases   ] GC(5) Concurrent Process Non-Strong References 0.752ms
[2024-07-24T23:00:40.226+0800][0.647s][gc,phases   ] GC(5) Concurrent Reset Relocation Set 0.001ms
[2024-07-24T23:00:40.227+0800][0.648s][gc          ] Allocation Stall (main) 6.596ms
[2024-07-24T23:00:40.227+0800][0.648s][gc,phases   ] GC(5) Concurrent Select Relocation Set 1.423ms
[2024-07-24T23:00:40.227+0800][0.649s][gc,phases   ] GC(5) Pause Relocate Start 0.004ms
[2024-07-24T23:00:40.228+0800][0.649s][gc,phases   ] GC(5) Concurrent Relocate 0.078ms
[2024-07-24T23:00:40.228+0800][0.649s][gc,load     ] GC(5) Load: 0.00/0.00/0.00
[2024-07-24T23:00:40.228+0800][0.649s][gc,mmu      ] GC(5) MMU: 2ms/95.7%, 5ms/98.1%, 10ms/99.0%, 20ms/99.5%, 50ms/99.8%, 100ms/99.8%
[2024-07-24T23:00:40.228+0800][0.649s][gc,marking  ] GC(5) Mark: 1 stripe(s), 1 proactive flush(es), 1 terminate flush(es), 0 completion(s), 0 continuation(s) 
[2024-07-24T23:00:40.228+0800][0.649s][gc,marking  ] GC(5) Mark Stack Usage: 32M
[2024-07-24T23:00:40.228+0800][0.649s][gc,nmethod  ] GC(5) NMethods: 205 registered, 0 unregistered
[2024-07-24T23:00:40.228+0800][0.649s][gc,metaspace] GC(5) Metaspace: 0M used, 0M committed, 1088M reserved
[2024-07-24T23:00:40.228+0800][0.649s][gc,ref      ] GC(5) Soft: 62 encountered, 37 discovered, 0 enqueued
[2024-07-24T23:00:40.228+0800][0.649s][gc,ref      ] GC(5) Weak: 187 encountered, 170 discovered, 0 enqueued
[2024-07-24T23:00:40.228+0800][0.649s][gc,ref      ] GC(5) Final: 0 encountered, 0 discovered, 0 enqueued
[2024-07-24T23:00:40.228+0800][0.649s][gc,ref      ] GC(5) Phantom: 1 encountered, 0 discovered, 0 enqueued
[2024-07-24T23:00:40.228+0800][0.649s][gc,reloc    ] GC(5) Small Pages: 2 / 4M, Empty: 2M, Relocated: 0M, In-Place: 0
[2024-07-24T23:00:40.228+0800][0.649s][gc,reloc    ] GC(5) Medium Pages: 0 / 0M, Empty: 0M, Relocated: 0M, In-Place: 0
[2024-07-24T23:00:40.228+0800][0.649s][gc,reloc    ] GC(5) Large Pages: 62 / 124M, Empty: 120M, Relocated: 0M, In-Place: 0
[2024-07-24T23:00:40.228+0800][0.649s][gc,reloc    ] GC(5) Forwarding Usage: 0M
[2024-07-24T23:00:40.228+0800][0.649s][gc,heap     ] GC(5) Min Capacity: 8M(6%)
[2024-07-24T23:00:40.228+0800][0.649s][gc,heap     ] GC(5) Max Capacity: 128M(100%)
[2024-07-24T23:00:40.228+0800][0.649s][gc,heap     ] GC(5) Soft Max Capacity: 128M(100%)
[2024-07-24T23:00:40.228+0800][0.649s][gc,heap     ] GC(5)                Mark Start          Mark End        Relocate Start      Relocate End           High               Low         
[2024-07-24T23:00:40.228+0800][0.649s][gc,heap     ] GC(5)  Capacity:      128M (100%)        128M (100%)        128M (100%)        128M (100%)        128M (100%)        128M (100%)   
[2024-07-24T23:00:40.228+0800][0.649s][gc,heap     ] GC(5)      Free:        0M (0%)            0M (0%)          116M (91%)         112M (88%)         122M (95%)           0M (0%)     
[2024-07-24T23:00:40.228+0800][0.649s][gc,heap     ] GC(5)      Used:      128M (100%)        128M (100%)         12M (9%)           16M (12%)         128M (100%)          6M (5%)     
[2024-07-24T23:00:40.228+0800][0.649s][gc,heap     ] GC(5)      Live:         -                 5M (4%)            5M (4%)            5M (4%)             -                  -          
[2024-07-24T23:00:40.228+0800][0.649s][gc,heap     ] GC(5) Allocated:         -                 0M (0%)            6M (5%)           10M (8%)             -                  -          
[2024-07-24T23:00:40.228+0800][0.649s][gc,heap     ] GC(5)   Garbage:         -               122M (96%)           0M (1%)            0M (1%)             -                  -          
[2024-07-24T23:00:40.228+0800][0.649s][gc,heap     ] GC(5) Reclaimed:         -                  -               122M (95%)         122M (95%)            -                  -          
[2024-07-24T23:00:40.228+0800][0.649s][gc          ] GC(5) Garbage Collection (Allocation Stall) 128M(100%)->16M(12%)
[2024-07-24T23:00:40.235+0800][0.656s][gc,start    ] GC(6) Garbage Collection (Allocation Rate)
[2024-07-24T23:00:40.235+0800][0.656s][gc,task     ] GC(6) Using 1 workers
[2024-07-24T23:00:40.235+0800][0.657s][gc,phases   ] GC(6) Pause Mark Start 0.008ms
[2024-07-24T23:00:40.238+0800][0.659s][gc,phases   ] GC(6) Concurrent Mark 2.205ms
[2024-07-24T23:00:40.238+0800][0.659s][gc,phases   ] GC(6) Pause Mark End 0.008ms
[2024-07-24T23:00:40.238+0800][0.659s][gc,phases   ] GC(6) Concurrent Mark Free 0.001ms
[2024-07-24T23:00:40.239+0800][0.660s][gc,phases   ] GC(6) Concurrent Process Non-Strong References 0.975ms
[2024-07-24T23:00:40.239+0800][0.660s][gc,phases   ] GC(6) Concurrent Reset Relocation Set 0.000ms
[2024-07-24T23:00:40.242+0800][0.663s][gc,phases   ] GC(6) Concurrent Select Relocation Set 2.853ms
[2024-07-24T23:00:40.242+0800][0.663s][gc,phases   ] GC(6) Pause Relocate Start 0.007ms
[2024-07-24T23:00:40.243+0800][0.664s][gc,phases   ] GC(6) Concurrent Relocate 0.921ms
[2024-07-24T23:00:40.243+0800][0.665s][gc,load     ] GC(6) Load: 0.00/0.00/0.00
[2024-07-24T23:00:40.243+0800][0.665s][gc,mmu      ] GC(6) MMU: 2ms/95.7%, 5ms/98.1%, 10ms/99.0%, 20ms/99.5%, 50ms/99.8%, 100ms/99.8%
[2024-07-24T23:00:40.243+0800][0.665s][gc,marking  ] GC(6) Mark: 1 stripe(s), 1 proactive flush(es), 1 terminate flush(es), 0 completion(s), 0 continuation(s) 
[2024-07-24T23:00:40.243+0800][0.665s][gc,marking  ] GC(6) Mark Stack Usage: 32M
[2024-07-24T23:00:40.243+0800][0.665s][gc,nmethod  ] GC(6) NMethods: 207 registered, 0 unregistered
[2024-07-24T23:00:40.243+0800][0.665s][gc,metaspace] GC(6) Metaspace: 0M used, 0M committed, 1088M reserved
[2024-07-24T23:00:40.243+0800][0.665s][gc,ref      ] GC(6) Soft: 62 encountered, 0 discovered, 0 enqueued
[2024-07-24T23:00:40.243+0800][0.665s][gc,ref      ] GC(6) Weak: 187 encountered, 170 discovered, 0 enqueued
[2024-07-24T23:00:40.243+0800][0.665s][gc,ref      ] GC(6) Final: 0 encountered, 0 discovered, 0 enqueued
[2024-07-24T23:00:40.243+0800][0.665s][gc,ref      ] GC(6) Phantom: 1 encountered, 0 discovered, 0 enqueued
[2024-07-24T23:00:40.243+0800][0.665s][gc,reloc    ] GC(6) Small Pages: 2 / 4M, Empty: 0M, Relocated: 1M, In-Place: 0
[2024-07-24T23:00:40.243+0800][0.665s][gc,reloc    ] GC(6) Medium Pages: 0 / 0M, Empty: 0M, Relocated: 0M, In-Place: 0
[2024-07-24T23:00:40.243+0800][0.665s][gc,reloc    ] GC(6) Large Pages: 10 / 20M, Empty: 0M, Relocated: 0M, In-Place: 0
[2024-07-24T23:00:40.243+0800][0.665s][gc,reloc    ] GC(6) Forwarding Usage: 0M
[2024-07-24T23:00:40.243+0800][0.665s][gc,heap     ] GC(6) Min Capacity: 8M(6%)
[2024-07-24T23:00:40.243+0800][0.665s][gc,heap     ] GC(6) Max Capacity: 128M(100%)
[2024-07-24T23:00:40.243+0800][0.665s][gc,heap     ] GC(6) Soft Max Capacity: 128M(100%)
[2024-07-24T23:00:40.243+0800][0.665s][gc,heap     ] GC(6)                Mark Start          Mark End        Relocate Start      Relocate End           High               Low         
[2024-07-24T23:00:40.243+0800][0.665s][gc,heap     ] GC(6)  Capacity:      128M (100%)        128M (100%)        128M (100%)        128M (100%)        128M (100%)        128M (100%)   
[2024-07-24T23:00:40.243+0800][0.665s][gc,heap     ] GC(6)      Free:      104M (81%)         104M (81%)         104M (81%)         106M (83%)         106M (83%)         102M (80%)    
[2024-07-24T23:00:40.243+0800][0.665s][gc,heap     ] GC(6)      Used:       24M (19%)          24M (19%)          24M (19%)          22M (17%)          26M (20%)          22M (17%)    
[2024-07-24T23:00:40.243+0800][0.665s][gc,heap     ] GC(6)      Live:         -                21M (17%)          21M (17%)          21M (17%)            -                  -          
[2024-07-24T23:00:40.244+0800][0.665s][gc,heap     ] GC(6) Allocated:         -                 0M (0%)            0M (0%)            0M (0%)             -                  -          
[2024-07-24T23:00:40.244+0800][0.665s][gc,heap     ] GC(6)   Garbage:         -                 2M (2%)            2M (2%)            0M (1%)             -                  -          
[2024-07-24T23:00:40.244+0800][0.665s][gc,heap     ] GC(6) Reclaimed:         -                  -                 0M (0%)            2M (2%)             -                  -          
[2024-07-24T23:00:40.244+0800][0.665s][gc          ] GC(6) Garbage Collection (Allocation Rate) 24M(19%)->22M(17%)
[2024-07-24T23:00:40.330+0800][0.752s][gc,start    ] GC(7) Garbage Collection (Allocation Stall)
[2024-07-24T23:00:40.330+0800][0.752s][gc,ref      ] GC(7) Clearing All SoftReferences
[2024-07-24T23:00:40.330+0800][0.752s][gc,task     ] GC(7) Using 1 workers
[2024-07-24T23:00:40.331+0800][0.752s][gc,ref      ] GC(7) Clearing All SoftReferences
[2024-07-24T23:00:40.331+0800][0.752s][gc,phases   ] GC(7) Pause Mark Start 0.040ms
[2024-07-24T23:00:40.334+0800][0.756s][gc,phases   ] GC(7) Concurrent Mark 3.530ms
[2024-07-24T23:00:40.334+0800][0.756s][gc,phases   ] GC(7) Pause Mark End 0.006ms
[2024-07-24T23:00:40.335+0800][0.756s][gc,phases   ] GC(7) Concurrent Mark Free 0.001ms
[2024-07-24T23:00:40.335+0800][0.757s][gc,phases   ] GC(7) Concurrent Process Non-Strong References 0.889ms
[2024-07-24T23:00:40.336+0800][0.757s][gc,phases   ] GC(7) Concurrent Reset Relocation Set 0.001ms
[2024-07-24T23:00:40.337+0800][0.759s][gc          ] Allocation Stall (main) 6.935ms
[2024-07-24T23:00:40.337+0800][0.759s][gc,phases   ] GC(7) Concurrent Select Relocation Set 1.765ms
[2024-07-24T23:00:40.338+0800][0.759s][gc,phases   ] GC(7) Pause Relocate Start 0.005ms
[2024-07-24T23:00:40.338+0800][0.759s][gc,phases   ] GC(7) Concurrent Relocate 0.106ms
[2024-07-24T23:00:40.338+0800][0.759s][gc,load     ] GC(7) Load: 0.00/0.00/0.00
[2024-07-24T23:00:40.338+0800][0.759s][gc,mmu      ] GC(7) MMU: 2ms/95.7%, 5ms/98.1%, 10ms/99.0%, 20ms/99.5%, 50ms/99.8%, 100ms/99.8%
[2024-07-24T23:00:40.338+0800][0.759s][gc,marking  ] GC(7) Mark: 1 stripe(s), 1 proactive flush(es), 1 terminate flush(es), 0 completion(s), 0 continuation(s) 
[2024-07-24T23:00:40.338+0800][0.759s][gc,marking  ] GC(7) Mark Stack Usage: 32M
[2024-07-24T23:00:40.338+0800][0.759s][gc,nmethod  ] GC(7) NMethods: 208 registered, 0 unregistered
[2024-07-24T23:00:40.338+0800][0.759s][gc,metaspace] GC(7) Metaspace: 0M used, 0M committed, 1088M reserved
[2024-07-24T23:00:40.338+0800][0.759s][gc,ref      ] GC(7) Soft: 62 encountered, 37 discovered, 0 enqueued
[2024-07-24T23:00:40.338+0800][0.759s][gc,ref      ] GC(7) Weak: 187 encountered, 170 discovered, 0 enqueued
[2024-07-24T23:00:40.338+0800][0.759s][gc,ref      ] GC(7) Final: 0 encountered, 0 discovered, 0 enqueued
[2024-07-24T23:00:40.338+0800][0.759s][gc,ref      ] GC(7) Phantom: 1 encountered, 0 discovered, 0 enqueued
[2024-07-24T23:00:40.338+0800][0.759s][gc,reloc    ] GC(7) Small Pages: 2 / 4M, Empty: 2M, Relocated: 0M, In-Place: 0
[2024-07-24T23:00:40.338+0800][0.759s][gc,reloc    ] GC(7) Medium Pages: 0 / 0M, Empty: 0M, Relocated: 0M, In-Place: 0
[2024-07-24T23:00:40.338+0800][0.759s][gc,reloc    ] GC(7) Large Pages: 62 / 124M, Empty: 120M, Relocated: 0M, In-Place: 0
[2024-07-24T23:00:40.338+0800][0.759s][gc,reloc    ] GC(7) Forwarding Usage: 0M
[2024-07-24T23:00:40.338+0800][0.759s][gc,heap     ] GC(7) Min Capacity: 8M(6%)
[2024-07-24T23:00:40.338+0800][0.759s][gc,heap     ] GC(7) Max Capacity: 128M(100%)
[2024-07-24T23:00:40.338+0800][0.759s][gc,heap     ] GC(7) Soft Max Capacity: 128M(100%)
[2024-07-24T23:00:40.338+0800][0.759s][gc,heap     ] GC(7)                Mark Start          Mark End        Relocate Start      Relocate End           High               Low         
[2024-07-24T23:00:40.338+0800][0.759s][gc,heap     ] GC(7)  Capacity:      128M (100%)        128M (100%)        128M (100%)        128M (100%)        128M (100%)        128M (100%)   
[2024-07-24T23:00:40.338+0800][0.760s][gc,heap     ] GC(7)      Free:        0M (0%)            0M (0%)          118M (92%)         114M (89%)         122M (95%)           0M (0%)     
[2024-07-24T23:00:40.338+0800][0.760s][gc,heap     ] GC(7)      Used:      128M (100%)        128M (100%)         10M (8%)           14M (11%)         128M (100%)          6M (5%)     
[2024-07-24T23:00:40.338+0800][0.760s][gc,heap     ] GC(7)      Live:         -                 5M (4%)            5M (4%)            5M (4%)             -                  -          
[2024-07-24T23:00:40.338+0800][0.760s][gc,heap     ] GC(7) Allocated:         -                 0M (0%)            4M (3%)            8M (6%)             -                  -          
[2024-07-24T23:00:40.338+0800][0.760s][gc,heap     ] GC(7)   Garbage:         -               122M (96%)           0M (1%)            0M (1%)             -                  -          
[2024-07-24T23:00:40.338+0800][0.760s][gc,heap     ] GC(7) Reclaimed:         -                  -               122M (95%)         122M (95%)            -                  -          
[2024-07-24T23:00:40.338+0800][0.760s][gc          ] GC(7) Garbage Collection (Allocation Stall) 128M(100%)->14M(11%)
[2024-07-24T23:00:40.345+0800][0.767s][gc,start    ] GC(8) Garbage Collection (Allocation Rate)
[2024-07-24T23:00:40.345+0800][0.767s][gc,task     ] GC(8) Using 1 workers
[2024-07-24T23:00:40.345+0800][0.767s][gc,phases   ] GC(8) Pause Mark Start 0.007ms
[2024-07-24T23:00:40.348+0800][0.770s][gc,phases   ] GC(8) Concurrent Mark 2.686ms
[2024-07-24T23:00:40.348+0800][0.770s][gc,phases   ] GC(8) Pause Mark End 0.009ms
[2024-07-24T23:00:40.348+0800][0.770s][gc,phases   ] GC(8) Concurrent Mark Free 0.001ms
[2024-07-24T23:00:40.349+0800][0.771s][gc,phases   ] GC(8) Concurrent Process Non-Strong References 0.745ms
[2024-07-24T23:00:40.349+0800][0.771s][gc,phases   ] GC(8) Concurrent Reset Relocation Set 0.000ms
[2024-07-24T23:00:40.351+0800][0.772s][gc,phases   ] GC(8) Concurrent Select Relocation Set 1.436ms
[2024-07-24T23:00:40.351+0800][0.773s][gc,phases   ] GC(8) Pause Relocate Start 0.004ms
[2024-07-24T23:00:40.352+0800][0.774s][gc,phases   ] GC(8) Concurrent Relocate 0.872ms
[2024-07-24T23:00:40.352+0800][0.774s][gc,load     ] GC(8) Load: 0.00/0.00/0.00
[2024-07-24T23:00:40.352+0800][0.774s][gc,mmu      ] GC(8) MMU: 2ms/95.7%, 5ms/98.1%, 10ms/99.0%, 20ms/99.5%, 50ms/99.8%, 100ms/99.8%
[2024-07-24T23:00:40.352+0800][0.774s][gc,marking  ] GC(8) Mark: 1 stripe(s), 1 proactive flush(es), 1 terminate flush(es), 0 completion(s), 0 continuation(s) 
[2024-07-24T23:00:40.352+0800][0.774s][gc,marking  ] GC(8) Mark Stack Usage: 32M
[2024-07-24T23:00:40.352+0800][0.774s][gc,nmethod  ] GC(8) NMethods: 208 registered, 0 unregistered
[2024-07-24T23:00:40.352+0800][0.774s][gc,metaspace] GC(8) Metaspace: 0M used, 0M committed, 1088M reserved
[2024-07-24T23:00:40.352+0800][0.774s][gc,ref      ] GC(8) Soft: 62 encountered, 0 discovered, 0 enqueued
[2024-07-24T23:00:40.352+0800][0.774s][gc,ref      ] GC(8) Weak: 187 encountered, 170 discovered, 0 enqueued
[2024-07-24T23:00:40.352+0800][0.774s][gc,ref      ] GC(8) Final: 0 encountered, 0 discovered, 0 enqueued
[2024-07-24T23:00:40.352+0800][0.774s][gc,ref      ] GC(8) Phantom: 1 encountered, 0 discovered, 0 enqueued
[2024-07-24T23:00:40.352+0800][0.774s][gc,reloc    ] GC(8) Small Pages: 2 / 4M, Empty: 0M, Relocated: 1M, In-Place: 0
[2024-07-24T23:00:40.352+0800][0.774s][gc,reloc    ] GC(8) Medium Pages: 0 / 0M, Empty: 0M, Relocated: 0M, In-Place: 0
[2024-07-24T23:00:40.352+0800][0.774s][gc,reloc    ] GC(8) Large Pages: 10 / 20M, Empty: 0M, Relocated: 0M, In-Place: 0
[2024-07-24T23:00:40.352+0800][0.774s][gc,reloc    ] GC(8) Forwarding Usage: 0M
[2024-07-24T23:00:40.352+0800][0.774s][gc,heap     ] GC(8) Min Capacity: 8M(6%)
[2024-07-24T23:00:40.352+0800][0.774s][gc,heap     ] GC(8) Max Capacity: 128M(100%)
[2024-07-24T23:00:40.352+0800][0.774s][gc,heap     ] GC(8) Soft Max Capacity: 128M(100%)
[2024-07-24T23:00:40.352+0800][0.774s][gc,heap     ] GC(8)                Mark Start          Mark End        Relocate Start      Relocate End           High               Low         
[2024-07-24T23:00:40.352+0800][0.774s][gc,heap     ] GC(8)  Capacity:      128M (100%)        128M (100%)        128M (100%)        128M (100%)        128M (100%)        128M (100%)   
[2024-07-24T23:00:40.352+0800][0.774s][gc,heap     ] GC(8)      Free:      104M (81%)         104M (81%)         104M (81%)         106M (83%)         106M (83%)         102M (80%)    
[2024-07-24T23:00:40.352+0800][0.774s][gc,heap     ] GC(8)      Used:       24M (19%)          24M (19%)          24M (19%)          22M (17%)          26M (20%)          22M (17%)    
[2024-07-24T23:00:40.352+0800][0.774s][gc,heap     ] GC(8)      Live:         -                21M (17%)          21M (17%)          21M (17%)            -                  -          
[2024-07-24T23:00:40.352+0800][0.774s][gc,heap     ] GC(8) Allocated:         -                 0M (0%)            0M (0%)            0M (0%)             -                  -          
[2024-07-24T23:00:40.352+0800][0.774s][gc,heap     ] GC(8)   Garbage:         -                 2M (2%)            2M (2%)            0M (1%)             -                  -          
[2024-07-24T23:00:40.352+0800][0.774s][gc,heap     ] GC(8) Reclaimed:         -                  -                 0M (0%)            2M (2%)             -                  -          
[2024-07-24T23:00:40.352+0800][0.774s][gc          ] GC(8) Garbage Collection (Allocation Rate) 24M(19%)->22M(17%)
[2024-07-24T23:00:40.441+0800][0.862s][gc,start    ] GC(9) Garbage Collection (Allocation Rate)
[2024-07-24T23:00:40.441+0800][0.862s][gc,task     ] GC(9) Using 1 workers
[2024-07-24T23:00:40.441+0800][0.863s][gc,phases   ] GC(9) Pause Mark Start 0.008ms
[2024-07-24T23:00:40.444+0800][0.866s][gc,phases   ] GC(9) Concurrent Mark 3.019ms
[2024-07-24T23:00:40.444+0800][0.866s][gc,phases   ] GC(9) Pause Mark End 0.006ms
[2024-07-24T23:00:40.444+0800][0.866s][gc,phases   ] GC(9) Concurrent Mark Free 0.001ms
[2024-07-24T23:00:40.445+0800][0.867s][gc,phases   ] GC(9) Concurrent Process Non-Strong References 0.927ms
[2024-07-24T23:00:40.445+0800][0.867s][gc,phases   ] GC(9) Concurrent Reset Relocation Set 0.001ms
[2024-07-24T23:00:40.446+0800][0.868s][gc          ] Allocation Stall (main) 5.292ms
[2024-07-24T23:00:40.446+0800][0.868s][gc,phases   ] GC(9) Concurrent Select Relocation Set 1.400ms
[2024-07-24T23:00:40.447+0800][0.869s][gc,phases   ] GC(9) Pause Relocate Start 0.004ms
[2024-07-24T23:00:40.448+0800][0.870s][gc,phases   ] GC(9) Concurrent Relocate 1.337ms
[2024-07-24T23:00:40.448+0800][0.870s][gc,load     ] GC(9) Load: 0.00/0.00/0.00
[2024-07-24T23:00:40.448+0800][0.870s][gc,mmu      ] GC(9) MMU: 2ms/95.7%, 5ms/98.1%, 10ms/99.0%, 20ms/99.5%, 50ms/99.8%, 100ms/99.8%
[2024-07-24T23:00:40.448+0800][0.870s][gc,marking  ] GC(9) Mark: 1 stripe(s), 2 proactive flush(es), 1 terminate flush(es), 0 completion(s), 0 continuation(s) 
[2024-07-24T23:00:40.448+0800][0.870s][gc,marking  ] GC(9) Mark Stack Usage: 32M
[2024-07-24T23:00:40.448+0800][0.870s][gc,nmethod  ] GC(9) NMethods: 211 registered, 0 unregistered
[2024-07-24T23:00:40.448+0800][0.870s][gc,metaspace] GC(9) Metaspace: 0M used, 0M committed, 1088M reserved
[2024-07-24T23:00:40.448+0800][0.870s][gc,ref      ] GC(9) Soft: 62 encountered, 0 discovered, 0 enqueued
[2024-07-24T23:00:40.448+0800][0.870s][gc,ref      ] GC(9) Weak: 187 encountered, 170 discovered, 0 enqueued
[2024-07-24T23:00:40.448+0800][0.870s][gc,ref      ] GC(9) Final: 0 encountered, 0 discovered, 0 enqueued
[2024-07-24T23:00:40.448+0800][0.870s][gc,ref      ] GC(9) Phantom: 1 encountered, 0 discovered, 0 enqueued
[2024-07-24T23:00:40.448+0800][0.870s][gc,reloc    ] GC(9) Small Pages: 2 / 4M, Empty: 0M, Relocated: 1M, In-Place: 0
[2024-07-24T23:00:40.448+0800][0.870s][gc,reloc    ] GC(9) Medium Pages: 0 / 0M, Empty: 0M, Relocated: 0M, In-Place: 0
[2024-07-24T23:00:40.448+0800][0.870s][gc,reloc    ] GC(9) Large Pages: 62 / 124M, Empty: 120M, Relocated: 0M, In-Place: 0
[2024-07-24T23:00:40.448+0800][0.870s][gc,reloc    ] GC(9) Forwarding Usage: 0M
[2024-07-24T23:00:40.448+0800][0.870s][gc,heap     ] GC(9) Min Capacity: 8M(6%)
[2024-07-24T23:00:40.448+0800][0.871s][gc,heap     ] GC(9) Max Capacity: 128M(100%)
[2024-07-24T23:00:40.448+0800][0.871s][gc,heap     ] GC(9) Soft Max Capacity: 128M(100%)
[2024-07-24T23:00:40.449+0800][0.871s][gc,heap     ] GC(9)                Mark Start          Mark End        Relocate Start      Relocate End           High               Low         
[2024-07-24T23:00:40.449+0800][0.871s][gc,heap     ] GC(9)  Capacity:      128M (100%)        128M (100%)        128M (100%)        128M (100%)        128M (100%)        128M (100%)   
[2024-07-24T23:00:40.449+0800][0.871s][gc,heap     ] GC(9)      Free:        0M (0%)            0M (0%)          116M (91%)         104M (81%)         120M (94%)           0M (0%)     
[2024-07-24T23:00:40.449+0800][0.871s][gc,heap     ] GC(9)      Used:      128M (100%)        128M (100%)         12M (9%)           24M (19%)         128M (100%)          8M (6%)     
[2024-07-24T23:00:40.449+0800][0.871s][gc,heap     ] GC(9)      Live:         -                 5M (4%)            5M (4%)            5M (4%)             -                  -          
[2024-07-24T23:00:40.449+0800][0.871s][gc,heap     ] GC(9) Allocated:         -                 0M (0%)            4M (3%)           17M (14%)            -                  -          
[2024-07-24T23:00:40.449+0800][0.871s][gc,heap     ] GC(9)   Garbage:         -               122M (96%)           2M (2%)            0M (1%)             -                  -          
[2024-07-24T23:00:40.449+0800][0.871s][gc,heap     ] GC(9) Reclaimed:         -                  -               120M (94%)         121M (95%)            -                  -          
[2024-07-24T23:00:40.449+0800][0.871s][gc          ] GC(9) Garbage Collection (Allocation Rate) 128M(100%)->24M(19%)
[2024-07-24T23:00:40.535+0800][0.956s][gc,start    ] GC(10) Garbage Collection (Allocation Stall)
[2024-07-24T23:00:40.535+0800][0.956s][gc,ref      ] GC(10) Clearing All SoftReferences
[2024-07-24T23:00:40.535+0800][0.956s][gc,task     ] GC(10) Using 1 workers
[2024-07-24T23:00:40.535+0800][0.957s][gc,ref      ] GC(10) Clearing All SoftReferences
[2024-07-24T23:00:40.535+0800][0.957s][gc,phases   ] GC(10) Pause Mark Start 0.121ms
[2024-07-24T23:00:40.540+0800][0.962s][gc,phases   ] GC(10) Concurrent Mark 4.747ms
[2024-07-24T23:00:40.540+0800][0.962s][gc,phases   ] GC(10) Pause Mark End 0.008ms
[2024-07-24T23:00:40.540+0800][0.962s][gc,phases   ] GC(10) Concurrent Mark Free 0.001ms
[2024-07-24T23:00:40.541+0800][0.963s][gc,phases   ] GC(10) Concurrent Process Non-Strong References 0.968ms
[2024-07-24T23:00:40.541+0800][0.963s][gc,phases   ] GC(10) Concurrent Reset Relocation Set 0.001ms
[2024-07-24T23:00:40.542+0800][0.964s][gc,phases   ] GC(10) Concurrent Select Relocation Set 1.398ms
[2024-07-24T23:00:40.543+0800][0.965s][gc,phases   ] GC(10) Pause Relocate Start 0.004ms
[2024-07-24T23:00:40.544+0800][0.966s][gc,phases   ] GC(10) Concurrent Relocate 0.833ms
[2024-07-24T23:00:40.544+0800][0.966s][gc,load     ] GC(10) Load: 0.00/0.00/0.00
[2024-07-24T23:00:40.544+0800][0.966s][gc,mmu      ] GC(10) MMU: 2ms/94.0%, 5ms/97.6%, 10ms/98.7%, 20ms/99.3%, 50ms/99.7%, 100ms/99.8%
[2024-07-24T23:00:40.544+0800][0.966s][gc,marking  ] GC(10) Mark: 1 stripe(s), 2 proactive flush(es), 1 terminate flush(es), 0 completion(s), 0 continuation(s) 
[2024-07-24T23:00:40.544+0800][0.966s][gc,marking  ] GC(10) Mark Stack Usage: 32M
[2024-07-24T23:00:40.544+0800][0.966s][gc,nmethod  ] GC(10) NMethods: 211 registered, 0 unregistered
[2024-07-24T23:00:40.544+0800][0.966s][gc,metaspace] GC(10) Metaspace: 0M used, 0M committed, 1088M reserved
[2024-07-24T23:00:40.544+0800][0.966s][gc,ref      ] GC(10) Soft: 62 encountered, 35 discovered, 0 enqueued
[2024-07-24T23:00:40.544+0800][0.966s][gc,ref      ] GC(10) Weak: 187 encountered, 170 discovered, 0 enqueued
[2024-07-24T23:00:40.544+0800][0.966s][gc,ref      ] GC(10) Final: 0 encountered, 0 discovered, 0 enqueued
[2024-07-24T23:00:40.544+0800][0.966s][gc,ref      ] GC(10) Phantom: 1 encountered, 0 discovered, 0 enqueued
[2024-07-24T23:00:40.544+0800][0.966s][gc,reloc    ] GC(10) Small Pages: 2 / 4M, Empty: 0M, Relocated: 1M, In-Place: 0
[2024-07-24T23:00:40.544+0800][0.966s][gc,reloc    ] GC(10) Medium Pages: 0 / 0M, Empty: 0M, Relocated: 0M, In-Place: 0
[2024-07-24T23:00:40.544+0800][0.966s][gc,reloc    ] GC(10) Large Pages: 53 / 106M, Empty: 104M, Relocated: 0M, In-Place: 0
[2024-07-24T23:00:40.544+0800][0.966s][gc,reloc    ] GC(10) Forwarding Usage: 0M
[2024-07-24T23:00:40.544+0800][0.966s][gc,heap     ] GC(10) Min Capacity: 8M(6%)
[2024-07-24T23:00:40.544+0800][0.966s][gc,heap     ] GC(10) Max Capacity: 128M(100%)
[2024-07-24T23:00:40.544+0800][0.966s][gc,heap     ] GC(10) Soft Max Capacity: 128M(100%)
[2024-07-24T23:00:40.544+0800][0.966s][gc,heap     ] GC(10)                Mark Start          Mark End        Relocate Start      Relocate End           High               Low         
[2024-07-24T23:00:40.544+0800][0.966s][gc,heap     ] GC(10)  Capacity:      128M (100%)        128M (100%)        128M (100%)        128M (100%)        128M (100%)        128M (100%)   
[2024-07-24T23:00:40.544+0800][0.966s][gc,heap     ] GC(10)      Free:       18M (14%)           2M (2%)          106M (83%)         108M (84%)         108M (84%)           2M (2%)     
[2024-07-24T23:00:40.544+0800][0.966s][gc,heap     ] GC(10)      Used:      110M (86%)         126M (98%)          22M (17%)          20M (16%)         126M (98%)          20M (16%)    
[2024-07-24T23:00:40.544+0800][0.966s][gc,heap     ] GC(10)      Live:         -                 3M (3%)            3M (3%)            3M (3%)             -                  -          
[2024-07-24T23:00:40.544+0800][0.966s][gc,heap     ] GC(10) Allocated:         -                16M (12%)          16M (12%)          16M (12%)            -                  -          
[2024-07-24T23:00:40.544+0800][0.966s][gc,heap     ] GC(10)   Garbage:         -               106M (83%)           2M (2%)            0M (1%)             -                  -          
[2024-07-24T23:00:40.544+0800][0.966s][gc,heap     ] GC(10) Reclaimed:         -                  -               104M (81%)         106M (83%)            -                  -          
[2024-07-24T23:00:40.544+0800][0.966s][gc          ] GC(10) Garbage Collection (Allocation Stall) 110M(86%)->20M(16%)
[2024-07-24T23:00:40.628+0800][1.050s][gc,start    ] GC(11) Garbage Collection (Allocation Stall)
[2024-07-24T23:00:40.629+0800][1.050s][gc,ref      ] GC(11) Clearing All SoftReferences
[2024-07-24T23:00:40.629+0800][1.051s][gc,task     ] GC(11) Using 1 workers
[2024-07-24T23:00:40.629+0800][1.051s][gc,ref      ] GC(11) Clearing All SoftReferences
[2024-07-24T23:00:40.629+0800][1.051s][gc,phases   ] GC(11) Pause Mark Start 0.034ms
[2024-07-24T23:00:40.632+0800][1.053s][gc,phases   ] GC(11) Concurrent Mark 2.669ms
[2024-07-24T23:00:40.632+0800][1.054s][gc,phases   ] GC(11) Pause Mark End 0.005ms
[2024-07-24T23:00:40.632+0800][1.054s][gc,phases   ] GC(11) Concurrent Mark Free 0.001ms
[2024-07-24T23:00:40.633+0800][1.055s][gc,phases   ] GC(11) Concurrent Process Non-Strong References 0.906ms
[2024-07-24T23:00:40.633+0800][1.055s][gc,phases   ] GC(11) Concurrent Reset Relocation Set 0.001ms
[2024-07-24T23:00:40.635+0800][1.056s][gc          ] Allocation Stall (main) 6.088ms
[2024-07-24T23:00:40.635+0800][1.057s][gc,phases   ] GC(11) Concurrent Select Relocation Set 1.775ms
[2024-07-24T23:00:40.635+0800][1.057s][gc,phases   ] GC(11) Pause Relocate Start 0.004ms
[2024-07-24T23:00:40.635+0800][1.057s][gc,phases   ] GC(11) Concurrent Relocate 0.110ms
[2024-07-24T23:00:40.635+0800][1.057s][gc,load     ] GC(11) Load: 0.00/0.00/0.00
[2024-07-24T23:00:40.635+0800][1.057s][gc,mmu      ] GC(11) MMU: 2ms/94.0%, 5ms/97.6%, 10ms/98.7%, 20ms/99.3%, 50ms/99.7%, 100ms/99.8%
[2024-07-24T23:00:40.635+0800][1.057s][gc,marking  ] GC(11) Mark: 1 stripe(s), 1 proactive flush(es), 1 terminate flush(es), 0 completion(s), 0 continuation(s) 
[2024-07-24T23:00:40.635+0800][1.057s][gc,marking  ] GC(11) Mark Stack Usage: 32M
[2024-07-24T23:00:40.635+0800][1.057s][gc,nmethod  ] GC(11) NMethods: 212 registered, 0 unregistered
[2024-07-24T23:00:40.635+0800][1.057s][gc,metaspace] GC(11) Metaspace: 0M used, 0M committed, 1088M reserved
[2024-07-24T23:00:40.635+0800][1.057s][gc,ref      ] GC(11) Soft: 62 encountered, 37 discovered, 0 enqueued
[2024-07-24T23:00:40.635+0800][1.057s][gc,ref      ] GC(11) Weak: 187 encountered, 170 discovered, 0 enqueued
[2024-07-24T23:00:40.635+0800][1.057s][gc,ref      ] GC(11) Final: 0 encountered, 0 discovered, 0 enqueued
[2024-07-24T23:00:40.635+0800][1.057s][gc,ref      ] GC(11) Phantom: 1 encountered, 0 discovered, 0 enqueued
[2024-07-24T23:00:40.635+0800][1.057s][gc,reloc    ] GC(11) Small Pages: 2 / 4M, Empty: 2M, Relocated: 0M, In-Place: 0
[2024-07-24T23:00:40.635+0800][1.057s][gc,reloc    ] GC(11) Medium Pages: 0 / 0M, Empty: 0M, Relocated: 0M, In-Place: 0
[2024-07-24T23:00:40.635+0800][1.057s][gc,reloc    ] GC(11) Large Pages: 62 / 124M, Empty: 96M, Relocated: 0M, In-Place: 0
[2024-07-24T23:00:40.635+0800][1.057s][gc,reloc    ] GC(11) Forwarding Usage: 0M
[2024-07-24T23:00:40.635+0800][1.057s][gc,heap     ] GC(11) Min Capacity: 8M(6%)
[2024-07-24T23:00:40.635+0800][1.057s][gc,heap     ] GC(11) Max Capacity: 128M(100%)
[2024-07-24T23:00:40.635+0800][1.057s][gc,heap     ] GC(11) Soft Max Capacity: 128M(100%)
[2024-07-24T23:00:40.635+0800][1.057s][gc,heap     ] GC(11)                Mark Start          Mark End        Relocate Start      Relocate End           High               Low         
[2024-07-24T23:00:40.635+0800][1.057s][gc,heap     ] GC(11)  Capacity:      128M (100%)        128M (100%)        128M (100%)        128M (100%)        128M (100%)        128M (100%)   
[2024-07-24T23:00:40.635+0800][1.057s][gc,heap     ] GC(11)      Free:        0M (0%)            0M (0%)           94M (73%)          90M (70%)          98M (77%)           0M (0%)     
[2024-07-24T23:00:40.635+0800][1.057s][gc,heap     ] GC(11)      Used:      128M (100%)        128M (100%)         34M (27%)          38M (30%)         128M (100%)         30M (23%)    
[2024-07-24T23:00:40.635+0800][1.057s][gc,heap     ] GC(11)      Live:         -                29M (23%)          29M (23%)          29M (23%)            -                  -          
[2024-07-24T23:00:40.635+0800][1.057s][gc,heap     ] GC(11) Allocated:         -                 0M (0%)            4M (3%)            8M (6%)             -                  -          
[2024-07-24T23:00:40.635+0800][1.057s][gc,heap     ] GC(11)   Garbage:         -                98M (77%)           0M (1%)            0M (1%)             -                  -          
[2024-07-24T23:00:40.636+0800][1.057s][gc,heap     ] GC(11) Reclaimed:         -                  -                98M (77%)          98M (77%)            -                  -          
[2024-07-24T23:00:40.636+0800][1.057s][gc          ] GC(11) Garbage Collection (Allocation Stall) 128M(100%)->38M(30%)
[2024-07-24T23:00:40.643+0800][1.064s][gc,start    ] GC(12) Garbage Collection (Allocation Rate)
[2024-07-24T23:00:40.643+0800][1.064s][gc,task     ] GC(12) Using 1 workers
[2024-07-24T23:00:40.643+0800][1.065s][gc,phases   ] GC(12) Pause Mark Start 0.016ms
[2024-07-24T23:00:40.645+0800][1.067s][gc,phases   ] GC(12) Concurrent Mark 2.104ms
[2024-07-24T23:00:40.646+0800][1.067s][gc,phases   ] GC(12) Pause Mark End 0.017ms
[2024-07-24T23:00:40.646+0800][1.067s][gc,phases   ] GC(12) Concurrent Mark Free 0.001ms
[2024-07-24T23:00:40.647+0800][1.068s][gc,phases   ] GC(12) Concurrent Process Non-Strong References 0.769ms
[2024-07-24T23:00:40.647+0800][1.068s][gc,phases   ] GC(12) Concurrent Reset Relocation Set 0.000ms
[2024-07-24T23:00:40.648+0800][1.070s][gc,phases   ] GC(12) Concurrent Select Relocation Set 1.742ms
[2024-07-24T23:00:40.649+0800][1.070s][gc,phases   ] GC(12) Pause Relocate Start 0.004ms
[2024-07-24T23:00:40.650+0800][1.071s][gc,phases   ] GC(12) Concurrent Relocate 0.940ms
[2024-07-24T23:00:40.650+0800][1.071s][gc,load     ] GC(12) Load: 0.00/0.00/0.00
[2024-07-24T23:00:40.650+0800][1.071s][gc,mmu      ] GC(12) MMU: 2ms/94.0%, 5ms/97.6%, 10ms/98.7%, 20ms/99.3%, 50ms/99.7%, 100ms/99.8%
[2024-07-24T23:00:40.650+0800][1.071s][gc,marking  ] GC(12) Mark: 1 stripe(s), 1 proactive flush(es), 1 terminate flush(es), 0 completion(s), 0 continuation(s) 
[2024-07-24T23:00:40.650+0800][1.071s][gc,marking  ] GC(12) Mark Stack Usage: 32M
[2024-07-24T23:00:40.650+0800][1.071s][gc,nmethod  ] GC(12) NMethods: 213 registered, 0 unregistered
[2024-07-24T23:00:40.650+0800][1.071s][gc,metaspace] GC(12) Metaspace: 0M used, 0M committed, 1088M reserved
[2024-07-24T23:00:40.650+0800][1.071s][gc,ref      ] GC(12) Soft: 62 encountered, 0 discovered, 0 enqueued
[2024-07-24T23:00:40.650+0800][1.071s][gc,ref      ] GC(12) Weak: 187 encountered, 170 discovered, 0 enqueued
[2024-07-24T23:00:40.650+0800][1.071s][gc,ref      ] GC(12) Final: 0 encountered, 0 discovered, 0 enqueued
[2024-07-24T23:00:40.650+0800][1.071s][gc,ref      ] GC(12) Phantom: 1 encountered, 0 discovered, 0 enqueued
[2024-07-24T23:00:40.650+0800][1.071s][gc,reloc    ] GC(12) Small Pages: 2 / 4M, Empty: 0M, Relocated: 1M, In-Place: 0
[2024-07-24T23:00:40.650+0800][1.071s][gc,reloc    ] GC(12) Medium Pages: 0 / 0M, Empty: 0M, Relocated: 0M, In-Place: 0
[2024-07-24T23:00:40.650+0800][1.071s][gc,reloc    ] GC(12) Large Pages: 20 / 40M, Empty: 40M, Relocated: 0M, In-Place: 0
[2024-07-24T23:00:40.650+0800][1.071s][gc,reloc    ] GC(12) Forwarding Usage: 0M
[2024-07-24T23:00:40.650+0800][1.071s][gc,heap     ] GC(12) Min Capacity: 8M(6%)
[2024-07-24T23:00:40.650+0800][1.071s][gc,heap     ] GC(12) Max Capacity: 128M(100%)
[2024-07-24T23:00:40.650+0800][1.071s][gc,heap     ] GC(12) Soft Max Capacity: 128M(100%)
[2024-07-24T23:00:40.650+0800][1.071s][gc,heap     ] GC(12)                Mark Start          Mark End        Relocate Start      Relocate End           High               Low         
[2024-07-24T23:00:40.650+0800][1.071s][gc,heap     ] GC(12)  Capacity:      128M (100%)        128M (100%)        128M (100%)        128M (100%)        128M (100%)        128M (100%)   
[2024-07-24T23:00:40.650+0800][1.071s][gc,heap     ] GC(12)      Free:       84M (66%)          84M (66%)         124M (97%)         126M (98%)         126M (98%)          84M (66%)    
[2024-07-24T23:00:40.650+0800][1.071s][gc,heap     ] GC(12)      Used:       44M (34%)          44M (34%)           4M (3%)            2M (2%)           44M (34%)           2M (2%)     
[2024-07-24T23:00:40.650+0800][1.071s][gc,heap     ] GC(12)      Live:         -                 1M (1%)            1M (1%)            1M (1%)             -                  -          
[2024-07-24T23:00:40.650+0800][1.071s][gc,heap     ] GC(12) Allocated:         -                 0M (0%)            0M (0%)            0M (0%)             -                  -          
[2024-07-24T23:00:40.650+0800][1.071s][gc,heap     ] GC(12)   Garbage:         -                42M (33%)           2M (2%)            0M (1%)             -                  -          
[2024-07-24T23:00:40.650+0800][1.071s][gc,heap     ] GC(12) Reclaimed:         -                  -                40M (31%)          42M (33%)            -                  -          
[2024-07-24T23:00:40.650+0800][1.071s][gc          ] GC(12) Garbage Collection (Allocation Rate) 44M(34%)->2M(2%)
[2024-07-24T23:00:40.737+0800][1.159s][gc,start    ] GC(13) Garbage Collection (Allocation Rate)
[2024-07-24T23:00:40.737+0800][1.159s][gc,task     ] GC(13) Using 1 workers
[2024-07-24T23:00:40.738+0800][1.159s][gc,phases   ] GC(13) Pause Mark Start 0.008ms
[2024-07-24T23:00:40.742+0800][1.164s][gc,phases   ] GC(13) Concurrent Mark 4.354ms
[2024-07-24T23:00:40.742+0800][1.164s][gc,phases   ] GC(13) Pause Mark End 0.008ms
[2024-07-24T23:00:40.742+0800][1.164s][gc,phases   ] GC(13) Concurrent Mark Free 0.001ms
[2024-07-24T23:00:40.743+0800][1.165s][gc,phases   ] GC(13) Concurrent Process Non-Strong References 0.934ms
[2024-07-24T23:00:40.743+0800][1.165s][gc,phases   ] GC(13) Concurrent Reset Relocation Set 0.001ms
[2024-07-24T23:00:40.746+0800][1.167s][gc,phases   ] GC(13) Concurrent Select Relocation Set 2.075ms
[2024-07-24T23:00:40.746+0800][1.167s][gc,phases   ] GC(13) Pause Relocate Start 0.008ms
[2024-07-24T23:00:40.746+0800][1.168s][gc,phases   ] GC(13) Concurrent Relocate 0.113ms
[2024-07-24T23:00:40.746+0800][1.168s][gc,load     ] GC(13) Load: 0.00/0.00/0.00
[2024-07-24T23:00:40.746+0800][1.168s][gc,mmu      ] GC(13) MMU: 2ms/94.0%, 5ms/97.6%, 10ms/98.7%, 20ms/99.3%, 50ms/99.7%, 100ms/99.8%
[2024-07-24T23:00:40.746+0800][1.168s][gc,marking  ] GC(13) Mark: 1 stripe(s), 2 proactive flush(es), 1 terminate flush(es), 0 completion(s), 0 continuation(s) 
[2024-07-24T23:00:40.746+0800][1.168s][gc,marking  ] GC(13) Mark Stack Usage: 32M
[2024-07-24T23:00:40.746+0800][1.168s][gc,nmethod  ] GC(13) NMethods: 213 registered, 0 unregistered
[2024-07-24T23:00:40.746+0800][1.168s][gc,metaspace] GC(13) Metaspace: 0M used, 0M committed, 1088M reserved
[2024-07-24T23:00:40.746+0800][1.168s][gc,ref      ] GC(13) Soft: 62 encountered, 0 discovered, 0 enqueued
[2024-07-24T23:00:40.746+0800][1.168s][gc,ref      ] GC(13) Weak: 187 encountered, 170 discovered, 0 enqueued
[2024-07-24T23:00:40.746+0800][1.168s][gc,ref      ] GC(13) Final: 0 encountered, 0 discovered, 0 enqueued
[2024-07-24T23:00:40.746+0800][1.168s][gc,ref      ] GC(13) Phantom: 1 encountered, 0 discovered, 0 enqueued
[2024-07-24T23:00:40.746+0800][1.168s][gc,reloc    ] GC(13) Small Pages: 2 / 4M, Empty: 2M, Relocated: 0M, In-Place: 0
[2024-07-24T23:00:40.746+0800][1.168s][gc,reloc    ] GC(13) Medium Pages: 0 / 0M, Empty: 0M, Relocated: 0M, In-Place: 0
[2024-07-24T23:00:40.746+0800][1.168s][gc,reloc    ] GC(13) Large Pages: 54 / 108M, Empty: 106M, Relocated: 0M, In-Place: 0
[2024-07-24T23:00:40.746+0800][1.168s][gc,reloc    ] GC(13) Forwarding Usage: 0M
[2024-07-24T23:00:40.746+0800][1.168s][gc,heap     ] GC(13) Min Capacity: 8M(6%)
[2024-07-24T23:00:40.746+0800][1.168s][gc,heap     ] GC(13) Max Capacity: 128M(100%)
[2024-07-24T23:00:40.746+0800][1.168s][gc,heap     ] GC(13) Soft Max Capacity: 128M(100%)
[2024-07-24T23:00:40.746+0800][1.168s][gc,heap     ] GC(13)                Mark Start          Mark End        Relocate Start      Relocate End           High               Low         
[2024-07-24T23:00:40.746+0800][1.168s][gc,heap     ] GC(13)  Capacity:      128M (100%)        128M (100%)        128M (100%)        128M (100%)        128M (100%)        128M (100%)   
[2024-07-24T23:00:40.746+0800][1.168s][gc,heap     ] GC(13)      Free:       16M (12%)           2M (2%)          110M (86%)         110M (86%)         110M (86%)           2M (2%)     
[2024-07-24T23:00:40.746+0800][1.168s][gc,heap     ] GC(13)      Used:      112M (88%)         126M (98%)          18M (14%)          18M (14%)         126M (98%)          18M (14%)    
[2024-07-24T23:00:40.746+0800][1.168s][gc,heap     ] GC(13)      Live:         -                 3M (3%)            3M (3%)            3M (3%)             -                  -          
[2024-07-24T23:00:40.746+0800][1.168s][gc,heap     ] GC(13) Allocated:         -                14M (11%)          14M (11%)          14M (11%)            -                  -          
[2024-07-24T23:00:40.746+0800][1.168s][gc,heap     ] GC(13)   Garbage:         -               108M (85%)           0M (1%)            0M (1%)             -                  -          
[2024-07-24T23:00:40.746+0800][1.168s][gc,heap     ] GC(13) Reclaimed:         -                  -               108M (84%)         108M (84%)            -                  -          
[2024-07-24T23:00:40.746+0800][1.168s][gc          ] GC(13) Garbage Collection (Allocation Rate) 112M(88%)->18M(14%)
[2024-07-24T23:00:40.831+0800][1.252s][gc,start    ] GC(14) Garbage Collection (Allocation Stall)
[2024-07-24T23:00:40.831+0800][1.252s][gc,ref      ] GC(14) Clearing All SoftReferences
[2024-07-24T23:00:40.831+0800][1.252s][gc,task     ] GC(14) Using 1 workers
[2024-07-24T23:00:40.831+0800][1.253s][gc,ref      ] GC(14) Clearing All SoftReferences
[2024-07-24T23:00:40.831+0800][1.253s][gc,phases   ] GC(14) Pause Mark Start 0.037ms
[2024-07-24T23:00:40.834+0800][1.255s][gc,phases   ] GC(14) Concurrent Mark 2.773ms
[2024-07-24T23:00:40.834+0800][1.256s][gc,phases   ] GC(14) Pause Mark End 0.005ms
[2024-07-24T23:00:40.834+0800][1.256s][gc,phases   ] GC(14) Concurrent Mark Free 0.001ms
[2024-07-24T23:00:40.835+0800][1.257s][gc,phases   ] GC(14) Concurrent Process Non-Strong References 0.796ms
[2024-07-24T23:00:40.835+0800][1.257s][gc,phases   ] GC(14) Concurrent Reset Relocation Set 0.000ms
[2024-07-24T23:00:40.837+0800][1.258s][gc          ] Allocation Stall (main) 5.932ms
[2024-07-24T23:00:40.837+0800][1.258s][gc,phases   ] GC(14) Concurrent Select Relocation Set 1.580ms
[2024-07-24T23:00:40.837+0800][1.258s][gc,phases   ] GC(14) Pause Relocate Start 0.003ms
[2024-07-24T23:00:40.837+0800][1.259s][gc,phases   ] GC(14) Concurrent Relocate 0.033ms
[2024-07-24T23:00:40.837+0800][1.259s][gc,load     ] GC(14) Load: 0.00/0.00/0.00
[2024-07-24T23:00:40.837+0800][1.259s][gc,mmu      ] GC(14) MMU: 2ms/94.0%, 5ms/97.6%, 10ms/98.7%, 20ms/99.3%, 50ms/99.7%, 100ms/99.8%
[2024-07-24T23:00:40.837+0800][1.259s][gc,marking  ] GC(14) Mark: 1 stripe(s), 1 proactive flush(es), 1 terminate flush(es), 0 completion(s), 0 continuation(s) 
[2024-07-24T23:00:40.837+0800][1.259s][gc,marking  ] GC(14) Mark Stack Usage: 32M
[2024-07-24T23:00:40.837+0800][1.259s][gc,nmethod  ] GC(14) NMethods: 214 registered, 0 unregistered
[2024-07-24T23:00:40.837+0800][1.259s][gc,metaspace] GC(14) Metaspace: 0M used, 0M committed, 1088M reserved
[2024-07-24T23:00:40.838+0800][1.259s][gc,ref      ] GC(14) Soft: 62 encountered, 37 discovered, 0 enqueued
[2024-07-24T23:00:40.838+0800][1.259s][gc,ref      ] GC(14) Weak: 187 encountered, 170 discovered, 0 enqueued
[2024-07-24T23:00:40.838+0800][1.259s][gc,ref      ] GC(14) Final: 0 encountered, 0 discovered, 0 enqueued
[2024-07-24T23:00:40.838+0800][1.259s][gc,ref      ] GC(14) Phantom: 1 encountered, 0 discovered, 0 enqueued
[2024-07-24T23:00:40.838+0800][1.259s][gc,reloc    ] GC(14) Small Pages: 2 / 4M, Empty: 2M, Relocated: 0M, In-Place: 0
[2024-07-24T23:00:40.838+0800][1.259s][gc,reloc    ] GC(14) Medium Pages: 0 / 0M, Empty: 0M, Relocated: 0M, In-Place: 0
[2024-07-24T23:00:40.838+0800][1.259s][gc,reloc    ] GC(14) Large Pages: 62 / 124M, Empty: 94M, Relocated: 0M, In-Place: 0
[2024-07-24T23:00:40.838+0800][1.259s][gc,reloc    ] GC(14) Forwarding Usage: 0M
[2024-07-24T23:00:40.838+0800][1.259s][gc,heap     ] GC(14) Min Capacity: 8M(6%)
[2024-07-24T23:00:40.838+0800][1.259s][gc,heap     ] GC(14) Max Capacity: 128M(100%)
[2024-07-24T23:00:40.838+0800][1.259s][gc,heap     ] GC(14) Soft Max Capacity: 128M(100%)
[2024-07-24T23:00:40.838+0800][1.259s][gc,heap     ] GC(14)                Mark Start          Mark End        Relocate Start      Relocate End           High               Low         
[2024-07-24T23:00:40.838+0800][1.259s][gc,heap     ] GC(14)  Capacity:      128M (100%)        128M (100%)        128M (100%)        128M (100%)        128M (100%)        128M (100%)   
[2024-07-24T23:00:40.838+0800][1.259s][gc,heap     ] GC(14)      Free:        0M (0%)            0M (0%)           94M (73%)          94M (73%)          96M (75%)           0M (0%)     
[2024-07-24T23:00:40.838+0800][1.259s][gc,heap     ] GC(14)      Used:      128M (100%)        128M (100%)         34M (27%)          34M (27%)         128M (100%)         32M (25%)    
[2024-07-24T23:00:40.838+0800][1.259s][gc,heap     ] GC(14)      Live:         -                31M (24%)          31M (24%)          31M (24%)            -                  -          
[2024-07-24T23:00:40.838+0800][1.259s][gc,heap     ] GC(14) Allocated:         -                 0M (0%)            2M (2%)            2M (2%)             -                  -          
[2024-07-24T23:00:40.838+0800][1.259s][gc,heap     ] GC(14)   Garbage:         -                96M (76%)           0M (1%)            0M (1%)             -                  -          
[2024-07-24T23:00:40.838+0800][1.259s][gc,heap     ] GC(14) Reclaimed:         -                  -                96M (75%)          96M (75%)            -                  -          
[2024-07-24T23:00:40.838+0800][1.259s][gc          ] GC(14) Garbage Collection (Allocation Stall) 128M(100%)->34M(27%)
[2024-07-24T23:00:40.845+0800][1.266s][gc,start    ] GC(15) Garbage Collection (Allocation Rate)
[2024-07-24T23:00:40.845+0800][1.266s][gc,task     ] GC(15) Using 1 workers
[2024-07-24T23:00:40.845+0800][1.267s][gc,phases   ] GC(15) Pause Mark Start 0.007ms
[2024-07-24T23:00:40.848+0800][1.269s][gc,phases   ] GC(15) Concurrent Mark 2.097ms
[2024-07-24T23:00:40.848+0800][1.269s][gc,phases   ] GC(15) Pause Mark End 0.005ms
[2024-07-24T23:00:40.848+0800][1.269s][gc,phases   ] GC(15) Concurrent Mark Free 0.001ms
[2024-07-24T23:00:40.849+0800][1.270s][gc,phases   ] GC(15) Concurrent Process Non-Strong References 0.864ms
[2024-07-24T23:00:40.849+0800][1.270s][gc,phases   ] GC(15) Concurrent Reset Relocation Set 0.000ms
[2024-07-24T23:00:40.851+0800][1.272s][gc,phases   ] GC(15) Concurrent Select Relocation Set 1.962ms
[2024-07-24T23:00:40.851+0800][1.272s][gc,phases   ] GC(15) Pause Relocate Start 0.008ms
[2024-07-24T23:00:40.852+0800][1.273s][gc,phases   ] GC(15) Concurrent Relocate 0.922ms
[2024-07-24T23:00:40.852+0800][1.273s][gc,load     ] GC(15) Load: 0.00/0.00/0.00
[2024-07-24T23:00:40.852+0800][1.273s][gc,mmu      ] GC(15) MMU: 2ms/94.0%, 5ms/97.6%, 10ms/98.7%, 20ms/99.3%, 50ms/99.7%, 100ms/99.8%
[2024-07-24T23:00:40.852+0800][1.273s][gc,marking  ] GC(15) Mark: 1 stripe(s), 1 proactive flush(es), 1 terminate flush(es), 0 completion(s), 0 continuation(s) 
[2024-07-24T23:00:40.852+0800][1.273s][gc,marking  ] GC(15) Mark Stack Usage: 32M
[2024-07-24T23:00:40.852+0800][1.273s][gc,nmethod  ] GC(15) NMethods: 214 registered, 0 unregistered
[2024-07-24T23:00:40.852+0800][1.273s][gc,metaspace] GC(15) Metaspace: 0M used, 0M committed, 1088M reserved
[2024-07-24T23:00:40.852+0800][1.274s][gc,ref      ] GC(15) Soft: 62 encountered, 0 discovered, 0 enqueued
[2024-07-24T23:00:40.852+0800][1.274s][gc,ref      ] GC(15) Weak: 187 encountered, 170 discovered, 0 enqueued
[2024-07-24T23:00:40.852+0800][1.274s][gc,ref      ] GC(15) Final: 0 encountered, 0 discovered, 0 enqueued
[2024-07-24T23:00:40.852+0800][1.274s][gc,ref      ] GC(15) Phantom: 1 encountered, 0 discovered, 0 enqueued
[2024-07-24T23:00:40.852+0800][1.274s][gc,reloc    ] GC(15) Small Pages: 2 / 4M, Empty: 0M, Relocated: 1M, In-Place: 0
[2024-07-24T23:00:40.852+0800][1.274s][gc,reloc    ] GC(15) Medium Pages: 0 / 0M, Empty: 0M, Relocated: 0M, In-Place: 0
[2024-07-24T23:00:40.852+0800][1.274s][gc,reloc    ] GC(15) Large Pages: 20 / 40M, Empty: 40M, Relocated: 0M, In-Place: 0
[2024-07-24T23:00:40.852+0800][1.274s][gc,reloc    ] GC(15) Forwarding Usage: 0M
[2024-07-24T23:00:40.852+0800][1.274s][gc,heap     ] GC(15) Min Capacity: 8M(6%)
[2024-07-24T23:00:40.852+0800][1.274s][gc,heap     ] GC(15) Max Capacity: 128M(100%)
[2024-07-24T23:00:40.852+0800][1.274s][gc,heap     ] GC(15) Soft Max Capacity: 128M(100%)
[2024-07-24T23:00:40.852+0800][1.274s][gc,heap     ] GC(15)                Mark Start          Mark End        Relocate Start      Relocate End           High               Low         
[2024-07-24T23:00:40.852+0800][1.274s][gc,heap     ] GC(15)  Capacity:      128M (100%)        128M (100%)        128M (100%)        128M (100%)        128M (100%)        128M (100%)   
[2024-07-24T23:00:40.852+0800][1.274s][gc,heap     ] GC(15)      Free:       84M (66%)          84M (66%)         124M (97%)         126M (98%)         126M (98%)          84M (66%)    
[2024-07-24T23:00:40.852+0800][1.274s][gc,heap     ] GC(15)      Used:       44M (34%)          44M (34%)           4M (3%)            2M (2%)           44M (34%)           2M (2%)     
[2024-07-24T23:00:40.852+0800][1.274s][gc,heap     ] GC(15)      Live:         -                 1M (1%)            1M (1%)            1M (1%)             -                  -          
[2024-07-24T23:00:40.852+0800][1.274s][gc,heap     ] GC(15) Allocated:         -                 0M (0%)            0M (0%)            0M (0%)             -                  -          
[2024-07-24T23:00:40.852+0800][1.274s][gc,heap     ] GC(15)   Garbage:         -                42M (33%)           2M (2%)            0M (1%)             -                  -          
[2024-07-24T23:00:40.852+0800][1.274s][gc,heap     ] GC(15) Reclaimed:         -                  -                40M (31%)          42M (33%)            -                  -          
[2024-07-24T23:00:40.852+0800][1.274s][gc          ] GC(15) Garbage Collection (Allocation Rate) 44M(34%)->2M(2%)
[2024-07-24T23:00:40.939+0800][1.360s][gc,start    ] GC(16) Garbage Collection (Allocation Rate)
[2024-07-24T23:00:40.939+0800][1.360s][gc,task     ] GC(16) Using 1 workers
[2024-07-24T23:00:40.939+0800][1.361s][gc,phases   ] GC(16) Pause Mark Start 0.008ms
[2024-07-24T23:00:40.942+0800][1.364s][gc,phases   ] GC(16) Concurrent Mark 3.401ms
[2024-07-24T23:00:40.942+0800][1.364s][gc,phases   ] GC(16) Pause Mark End 0.008ms
[2024-07-24T23:00:40.943+0800][1.364s][gc,phases   ] GC(16) Concurrent Mark Free 0.001ms
[2024-07-24T23:00:40.943+0800][1.365s][gc,phases   ] GC(16) Concurrent Process Non-Strong References 0.545ms
[2024-07-24T23:00:40.943+0800][1.365s][gc,phases   ] GC(16) Concurrent Reset Relocation Set 0.001ms
[2024-07-24T23:00:40.945+0800][1.366s][gc,phases   ] GC(16) Concurrent Select Relocation Set 1.398ms
[2024-07-24T23:00:40.945+0800][1.366s][gc,phases   ] GC(16) Pause Relocate Start 0.004ms
[2024-07-24T23:00:40.945+0800][1.366s][gc,phases   ] GC(16) Concurrent Relocate 0.018ms
[2024-07-24T23:00:40.945+0800][1.366s][gc,load     ] GC(16) Load: 0.00/0.00/0.00
[2024-07-24T23:00:40.945+0800][1.366s][gc,mmu      ] GC(16) MMU: 2ms/94.0%, 5ms/97.6%, 10ms/98.7%, 20ms/99.3%, 50ms/99.7%, 100ms/99.8%
[2024-07-24T23:00:40.945+0800][1.366s][gc,marking  ] GC(16) Mark: 1 stripe(s), 2 proactive flush(es), 1 terminate flush(es), 0 completion(s), 0 continuation(s) 
[2024-07-24T23:00:40.945+0800][1.366s][gc,marking  ] GC(16) Mark Stack Usage: 32M
[2024-07-24T23:00:40.945+0800][1.366s][gc,nmethod  ] GC(16) NMethods: 214 registered, 0 unregistered
[2024-07-24T23:00:40.945+0800][1.367s][gc,metaspace] GC(16) Metaspace: 0M used, 0M committed, 1088M reserved
[2024-07-24T23:00:40.945+0800][1.367s][gc,ref      ] GC(16) Soft: 62 encountered, 0 discovered, 0 enqueued
[2024-07-24T23:00:40.945+0800][1.367s][gc,ref      ] GC(16) Weak: 187 encountered, 170 discovered, 0 enqueued
[2024-07-24T23:00:40.945+0800][1.367s][gc,ref      ] GC(16) Final: 0 encountered, 0 discovered, 0 enqueued
[2024-07-24T23:00:40.945+0800][1.367s][gc,ref      ] GC(16) Phantom: 1 encountered, 0 discovered, 0 enqueued
[2024-07-24T23:00:40.945+0800][1.367s][gc,reloc    ] GC(16) Small Pages: 2 / 4M, Empty: 2M, Relocated: 0M, In-Place: 0
[2024-07-24T23:00:40.945+0800][1.367s][gc,reloc    ] GC(16) Medium Pages: 0 / 0M, Empty: 0M, Relocated: 0M, In-Place: 0
[2024-07-24T23:00:40.945+0800][1.367s][gc,reloc    ] GC(16) Large Pages: 53 / 106M, Empty: 104M, Relocated: 0M, In-Place: 0
[2024-07-24T23:00:40.945+0800][1.367s][gc,reloc    ] GC(16) Forwarding Usage: 0M
[2024-07-24T23:00:40.945+0800][1.367s][gc,heap     ] GC(16) Min Capacity: 8M(6%)
[2024-07-24T23:00:40.945+0800][1.367s][gc,heap     ] GC(16) Max Capacity: 128M(100%)
[2024-07-24T23:00:40.945+0800][1.367s][gc,heap     ] GC(16) Soft Max Capacity: 128M(100%)
[2024-07-24T23:00:40.945+0800][1.367s][gc,heap     ] GC(16)                Mark Start          Mark End        Relocate Start      Relocate End           High               Low         
[2024-07-24T23:00:40.945+0800][1.367s][gc,heap     ] GC(16)  Capacity:      128M (100%)        128M (100%)        128M (100%)        128M (100%)        128M (100%)        128M (100%)   
[2024-07-24T23:00:40.945+0800][1.367s][gc,heap     ] GC(16)      Free:       18M (14%)           2M (2%)          108M (84%)         108M (84%)         108M (84%)           2M (2%)     
[2024-07-24T23:00:40.945+0800][1.367s][gc,heap     ] GC(16)      Used:      110M (86%)         126M (98%)          20M (16%)          20M (16%)         126M (98%)          20M (16%)    
[2024-07-24T23:00:40.945+0800][1.367s][gc,heap     ] GC(16)      Live:         -                 3M (3%)            3M (3%)            3M (3%)             -                  -          
[2024-07-24T23:00:40.945+0800][1.367s][gc,heap     ] GC(16) Allocated:         -                16M (12%)          16M (12%)          16M (12%)            -                  -          
[2024-07-24T23:00:40.945+0800][1.367s][gc,heap     ] GC(16)   Garbage:         -               106M (83%)           0M (1%)            0M (1%)             -                  -          
[2024-07-24T23:00:40.945+0800][1.367s][gc,heap     ] GC(16) Reclaimed:         -                  -               106M (83%)         106M (83%)            -                  -          
[2024-07-24T23:00:40.945+0800][1.367s][gc          ] GC(16) Garbage Collection (Allocation Rate) 110M(86%)->20M(16%)
[2024-07-24T23:00:41.033+0800][1.455s][gc,start    ] GC(17) Garbage Collection (Allocation Stall)
[2024-07-24T23:00:41.033+0800][1.455s][gc,ref      ] GC(17) Clearing All SoftReferences
[2024-07-24T23:00:41.033+0800][1.455s][gc,task     ] GC(17) Using 1 workers
[2024-07-24T23:00:41.033+0800][1.455s][gc,ref      ] GC(17) Clearing All SoftReferences
[2024-07-24T23:00:41.033+0800][1.455s][gc,phases   ] GC(17) Pause Mark Start 0.035ms
[2024-07-24T23:00:41.035+0800][1.457s][gc,phases   ] GC(17) Concurrent Mark 2.168ms
[2024-07-24T23:00:41.036+0800][1.458s][gc,phases   ] GC(17) Pause Mark End 0.006ms
[2024-07-24T23:00:41.036+0800][1.458s][gc,phases   ] GC(17) Concurrent Mark Free 0.001ms
[2024-07-24T23:00:41.036+0800][1.459s][gc,phases   ] GC(17) Concurrent Process Non-Strong References 0.771ms
[2024-07-24T23:00:41.036+0800][1.459s][gc,phases   ] GC(17) Concurrent Reset Relocation Set 0.001ms
[2024-07-24T23:00:41.039+0800][1.461s][gc          ] Allocation Stall (main) 6.532ms
[2024-07-24T23:00:41.039+0800][1.461s][gc,phases   ] GC(17) Concurrent Select Relocation Set 2.853ms
[2024-07-24T23:00:41.040+0800][1.462s][gc,phases   ] GC(17) Pause Relocate Start 0.015ms
[2024-07-24T23:00:41.041+0800][1.463s][gc,phases   ] GC(17) Concurrent Relocate 1.345ms
[2024-07-24T23:00:41.041+0800][1.463s][gc,load     ] GC(17) Load: 0.00/0.00/0.00
[2024-07-24T23:00:41.041+0800][1.463s][gc,mmu      ] GC(17) MMU: 2ms/94.0%, 5ms/97.6%, 10ms/98.7%, 20ms/99.3%, 50ms/99.7%, 100ms/99.8%
[2024-07-24T23:00:41.041+0800][1.463s][gc,marking  ] GC(17) Mark: 1 stripe(s), 1 proactive flush(es), 1 terminate flush(es), 0 completion(s), 0 continuation(s) 
[2024-07-24T23:00:41.041+0800][1.463s][gc,marking  ] GC(17) Mark Stack Usage: 32M
[2024-07-24T23:00:41.041+0800][1.463s][gc,nmethod  ] GC(17) NMethods: 218 registered, 0 unregistered
[2024-07-24T23:00:41.041+0800][1.463s][gc,metaspace] GC(17) Metaspace: 0M used, 0M committed, 1088M reserved
[2024-07-24T23:00:41.041+0800][1.463s][gc,ref      ] GC(17) Soft: 62 encountered, 37 discovered, 0 enqueued
[2024-07-24T23:00:41.041+0800][1.463s][gc,ref      ] GC(17) Weak: 187 encountered, 170 discovered, 0 enqueued
[2024-07-24T23:00:41.041+0800][1.463s][gc,ref      ] GC(17) Final: 0 encountered, 0 discovered, 0 enqueued
[2024-07-24T23:00:41.041+0800][1.463s][gc,ref      ] GC(17) Phantom: 1 encountered, 0 discovered, 0 enqueued
[2024-07-24T23:00:41.041+0800][1.463s][gc,reloc    ] GC(17) Small Pages: 2 / 4M, Empty: 0M, Relocated: 1M, In-Place: 0
[2024-07-24T23:00:41.041+0800][1.463s][gc,reloc    ] GC(17) Medium Pages: 0 / 0M, Empty: 0M, Relocated: 0M, In-Place: 0
[2024-07-24T23:00:41.041+0800][1.463s][gc,reloc    ] GC(17) Large Pages: 62 / 124M, Empty: 96M, Relocated: 0M, In-Place: 0
[2024-07-24T23:00:41.041+0800][1.463s][gc,reloc    ] GC(17) Forwarding Usage: 0M
[2024-07-24T23:00:41.041+0800][1.463s][gc,heap     ] GC(17) Min Capacity: 8M(6%)
[2024-07-24T23:00:41.041+0800][1.463s][gc,heap     ] GC(17) Max Capacity: 128M(100%)
[2024-07-24T23:00:41.041+0800][1.464s][gc,heap     ] GC(17) Soft Max Capacity: 128M(100%)
[2024-07-24T23:00:41.041+0800][1.464s][gc,heap     ] GC(17)                Mark Start          Mark End        Relocate Start      Relocate End           High               Low         
[2024-07-24T23:00:41.041+0800][1.464s][gc,heap     ] GC(17)  Capacity:      128M (100%)        128M (100%)        128M (100%)        128M (100%)        128M (100%)        128M (100%)   
[2024-07-24T23:00:41.041+0800][1.464s][gc,heap     ] GC(17)      Free:        0M (0%)            0M (0%)           94M (73%)          84M (66%)          96M (75%)           0M (0%)     
[2024-07-24T23:00:41.041+0800][1.464s][gc,heap     ] GC(17)      Used:      128M (100%)        128M (100%)         34M (27%)          44M (34%)         128M (100%)         32M (25%)    
[2024-07-24T23:00:41.041+0800][1.464s][gc,heap     ] GC(17)      Live:         -                29M (23%)          29M (23%)          29M (23%)            -                  -          
[2024-07-24T23:00:41.041+0800][1.464s][gc,heap     ] GC(17) Allocated:         -                 0M (0%)            2M (2%)           13M (11%)            -                  -          
[2024-07-24T23:00:41.041+0800][1.464s][gc,heap     ] GC(17)   Garbage:         -                98M (77%)           2M (2%)            0M (1%)             -                  -          
[2024-07-24T23:00:41.041+0800][1.464s][gc,heap     ] GC(17) Reclaimed:         -                  -                96M (75%)          97M (77%)            -                  -          
[2024-07-24T23:00:41.041+0800][1.464s][gc          ] GC(17) Garbage Collection (Allocation Stall) 128M(100%)->44M(34%)
[2024-07-24T23:00:41.048+0800][1.469s][gc,start    ] GC(18) Garbage Collection (Allocation Rate)
[2024-07-24T23:00:41.048+0800][1.469s][gc,task     ] GC(18) Using 1 workers
[2024-07-24T23:00:41.048+0800][1.469s][gc,phases   ] GC(18) Pause Mark Start 0.008ms
[2024-07-24T23:00:41.051+0800][1.473s][gc,phases   ] GC(18) Concurrent Mark 3.579ms
[2024-07-24T23:00:41.051+0800][1.473s][gc,phases   ] GC(18) Pause Mark End 0.008ms
[2024-07-24T23:00:41.051+0800][1.473s][gc,phases   ] GC(18) Concurrent Mark Free 0.001ms
[2024-07-24T23:00:41.052+0800][1.474s][gc,phases   ] GC(18) Concurrent Process Non-Strong References 0.932ms
[2024-07-24T23:00:41.052+0800][1.474s][gc,phases   ] GC(18) Concurrent Reset Relocation Set 0.001ms
[2024-07-24T23:00:41.054+0800][1.476s][gc,phases   ] GC(18) Concurrent Select Relocation Set 1.948ms
[2024-07-24T23:00:41.054+0800][1.477s][gc,phases   ] GC(18) Pause Relocate Start 0.006ms
[2024-07-24T23:00:41.055+0800][1.477s][gc,phases   ] GC(18) Concurrent Relocate 0.856ms
[2024-07-24T23:00:41.055+0800][1.477s][gc,load     ] GC(18) Load: 0.00/0.00/0.00
[2024-07-24T23:00:41.055+0800][1.478s][gc,mmu      ] GC(18) MMU: 2ms/94.0%, 5ms/97.6%, 10ms/98.7%, 20ms/99.3%, 50ms/99.7%, 100ms/99.8%
[2024-07-24T23:00:41.055+0800][1.478s][gc,marking  ] GC(18) Mark: 1 stripe(s), 1 proactive flush(es), 1 terminate flush(es), 0 completion(s), 0 continuation(s) 
[2024-07-24T23:00:41.055+0800][1.478s][gc,marking  ] GC(18) Mark Stack Usage: 32M
[2024-07-24T23:00:41.055+0800][1.478s][gc,nmethod  ] GC(18) NMethods: 218 registered, 0 unregistered
[2024-07-24T23:00:41.055+0800][1.478s][gc,metaspace] GC(18) Metaspace: 0M used, 0M committed, 1088M reserved
[2024-07-24T23:00:41.055+0800][1.478s][gc,ref      ] GC(18) Soft: 62 encountered, 0 discovered, 0 enqueued
[2024-07-24T23:00:41.055+0800][1.478s][gc,ref      ] GC(18) Weak: 187 encountered, 170 discovered, 0 enqueued
[2024-07-24T23:00:41.055+0800][1.478s][gc,ref      ] GC(18) Final: 0 encountered, 0 discovered, 0 enqueued
[2024-07-24T23:00:41.055+0800][1.478s][gc,ref      ] GC(18) Phantom: 1 encountered, 0 discovered, 0 enqueued
[2024-07-24T23:00:41.055+0800][1.478s][gc,reloc    ] GC(18) Small Pages: 2 / 4M, Empty: 0M, Relocated: 1M, In-Place: 0
[2024-07-24T23:00:41.055+0800][1.478s][gc,reloc    ] GC(18) Medium Pages: 0 / 0M, Empty: 0M, Relocated: 0M, In-Place: 0
[2024-07-24T23:00:41.055+0800][1.478s][gc,reloc    ] GC(18) Large Pages: 20 / 40M, Empty: 40M, Relocated: 0M, In-Place: 0
[2024-07-24T23:00:41.055+0800][1.478s][gc,reloc    ] GC(18) Forwarding Usage: 0M
[2024-07-24T23:00:41.056+0800][1.478s][gc,heap     ] GC(18) Min Capacity: 8M(6%)
[2024-07-24T23:00:41.056+0800][1.478s][gc,heap     ] GC(18) Max Capacity: 128M(100%)
[2024-07-24T23:00:41.056+0800][1.478s][gc,heap     ] GC(18) Soft Max Capacity: 128M(100%)
[2024-07-24T23:00:41.056+0800][1.478s][gc,heap     ] GC(18)                Mark Start          Mark End        Relocate Start      Relocate End           High               Low         
[2024-07-24T23:00:41.056+0800][1.478s][gc,heap     ] GC(18)  Capacity:      128M (100%)        128M (100%)        128M (100%)        128M (100%)        128M (100%)        128M (100%)   
[2024-07-24T23:00:41.056+0800][1.478s][gc,heap     ] GC(18)      Free:       84M (66%)          84M (66%)         124M (97%)         126M (98%)         126M (98%)          84M (66%)    
[2024-07-24T23:00:41.056+0800][1.478s][gc,heap     ] GC(18)      Used:       44M (34%)          44M (34%)           4M (3%)            2M (2%)           44M (34%)           2M (2%)     
[2024-07-24T23:00:41.056+0800][1.478s][gc,heap     ] GC(18)      Live:         -                 1M (1%)            1M (1%)            1M (1%)             -                  -          
[2024-07-24T23:00:41.056+0800][1.478s][gc,heap     ] GC(18) Allocated:         -                 0M (0%)            0M (0%)            0M (0%)             -                  -          
[2024-07-24T23:00:41.056+0800][1.478s][gc,heap     ] GC(18)   Garbage:         -                42M (33%)           2M (2%)            0M (1%)             -                  -          
[2024-07-24T23:00:41.056+0800][1.478s][gc,heap     ] GC(18) Reclaimed:         -                  -                40M (31%)          42M (33%)            -                  -          
[2024-07-24T23:00:41.056+0800][1.478s][gc          ] GC(18) Garbage Collection (Allocation Rate) 44M(34%)->2M(2%)
[2024-07-24T23:00:41.142+0800][1.563s][gc,start    ] GC(19) Garbage Collection (Allocation Rate)
[2024-07-24T23:00:41.142+0800][1.563s][gc,task     ] GC(19) Using 1 workers
[2024-07-24T23:00:41.142+0800][1.563s][gc,phases   ] GC(19) Pause Mark Start 0.005ms
[2024-07-24T23:00:41.144+0800][1.567s][gc,phases   ] GC(19) Concurrent Mark 3.448ms
[2024-07-24T23:00:41.145+0800][1.567s][gc,phases   ] GC(19) Pause Mark End 0.008ms
[2024-07-24T23:00:41.145+0800][1.567s][gc,phases   ] GC(19) Concurrent Mark Free 0.001ms
[2024-07-24T23:00:41.146+0800][1.568s][gc,phases   ] GC(19) Concurrent Process Non-Strong References 0.916ms
[2024-07-24T23:00:41.146+0800][1.568s][gc,phases   ] GC(19) Concurrent Reset Relocation Set 0.001ms
[2024-07-24T23:00:41.148+0800][1.570s][gc,phases   ] GC(19) Concurrent Select Relocation Set 1.608ms
[2024-07-24T23:00:41.148+0800][1.570s][gc,phases   ] GC(19) Pause Relocate Start 0.004ms
[2024-07-24T23:00:41.148+0800][1.570s][gc,phases   ] GC(19) Concurrent Relocate 0.085ms
[2024-07-24T23:00:41.148+0800][1.570s][gc,load     ] GC(19) Load: 0.00/0.00/0.00
[2024-07-24T23:00:41.148+0800][1.570s][gc,mmu      ] GC(19) MMU: 2ms/94.0%, 5ms/97.6%, 10ms/98.7%, 20ms/99.3%, 50ms/99.7%, 100ms/99.8%
[2024-07-24T23:00:41.148+0800][1.570s][gc,marking  ] GC(19) Mark: 1 stripe(s), 2 proactive flush(es), 1 terminate flush(es), 0 completion(s), 0 continuation(s) 
[2024-07-24T23:00:41.148+0800][1.570s][gc,marking  ] GC(19) Mark Stack Usage: 32M
[2024-07-24T23:00:41.148+0800][1.570s][gc,nmethod  ] GC(19) NMethods: 218 registered, 0 unregistered
[2024-07-24T23:00:41.148+0800][1.570s][gc,metaspace] GC(19) Metaspace: 0M used, 0M committed, 1088M reserved
[2024-07-24T23:00:41.148+0800][1.570s][gc,ref      ] GC(19) Soft: 62 encountered, 0 discovered, 0 enqueued
[2024-07-24T23:00:41.148+0800][1.570s][gc,ref      ] GC(19) Weak: 187 encountered, 170 discovered, 0 enqueued
[2024-07-24T23:00:41.148+0800][1.570s][gc,ref      ] GC(19) Final: 0 encountered, 0 discovered, 0 enqueued
[2024-07-24T23:00:41.148+0800][1.570s][gc,ref      ] GC(19) Phantom: 1 encountered, 0 discovered, 0 enqueued
[2024-07-24T23:00:41.148+0800][1.570s][gc,reloc    ] GC(19) Small Pages: 2 / 4M, Empty: 2M, Relocated: 0M, In-Place: 0
[2024-07-24T23:00:41.148+0800][1.570s][gc,reloc    ] GC(19) Medium Pages: 0 / 0M, Empty: 0M, Relocated: 0M, In-Place: 0
[2024-07-24T23:00:41.148+0800][1.570s][gc,reloc    ] GC(19) Large Pages: 52 / 104M, Empty: 102M, Relocated: 0M, In-Place: 0
[2024-07-24T23:00:41.148+0800][1.570s][gc,reloc    ] GC(19) Forwarding Usage: 0M
[2024-07-24T23:00:41.148+0800][1.570s][gc,heap     ] GC(19) Min Capacity: 8M(6%)
[2024-07-24T23:00:41.148+0800][1.570s][gc,heap     ] GC(19) Max Capacity: 128M(100%)
[2024-07-24T23:00:41.148+0800][1.570s][gc,heap     ] GC(19) Soft Max Capacity: 128M(100%)
[2024-07-24T23:00:41.148+0800][1.570s][gc,heap     ] GC(19)                Mark Start          Mark End        Relocate Start      Relocate End           High               Low         
[2024-07-24T23:00:41.148+0800][1.570s][gc,heap     ] GC(19)  Capacity:      128M (100%)        128M (100%)        128M (100%)        128M (100%)        128M (100%)        128M (100%)   
[2024-07-24T23:00:41.148+0800][1.570s][gc,heap     ] GC(19)      Free:       20M (16%)           2M (2%)          106M (83%)         106M (83%)         106M (83%)           2M (2%)     
[2024-07-24T23:00:41.148+0800][1.570s][gc,heap     ] GC(19)      Used:      108M (84%)         126M (98%)          22M (17%)          22M (17%)         126M (98%)          22M (17%)    
[2024-07-24T23:00:41.148+0800][1.570s][gc,heap     ] GC(19)      Live:         -                 3M (3%)            3M (3%)            3M (3%)             -                  -          
[2024-07-24T23:00:41.148+0800][1.570s][gc,heap     ] GC(19) Allocated:         -                18M (14%)          18M (14%)          18M (14%)            -                  -          
[2024-07-24T23:00:41.148+0800][1.570s][gc,heap     ] GC(19)   Garbage:         -               104M (82%)           0M (1%)            0M (1%)             -                  -          
[2024-07-24T23:00:41.148+0800][1.570s][gc,heap     ] GC(19) Reclaimed:         -                  -               104M (81%)         104M (81%)            -                  -          
[2024-07-24T23:00:41.148+0800][1.570s][gc          ] GC(19) Garbage Collection (Allocation Rate) 108M(84%)->22M(17%)
[2024-07-24T23:00:41.234+0800][1.656s][gc,start    ] GC(20) Garbage Collection (Allocation Rate)
[2024-07-24T23:00:41.234+0800][1.656s][gc,task     ] GC(20) Using 1 workers
[2024-07-24T23:00:41.235+0800][1.656s][gc,phases   ] GC(20) Pause Mark Start 0.011ms
[2024-07-24T23:00:41.237+0800][1.659s][gc,phases   ] GC(20) Concurrent Mark 2.261ms
[2024-07-24T23:00:41.237+0800][1.659s][gc,phases   ] GC(20) Pause Mark End 0.008ms
[2024-07-24T23:00:41.237+0800][1.659s][gc,phases   ] GC(20) Concurrent Mark Free 0.001ms
[2024-07-24T23:00:41.238+0800][1.660s][gc,phases   ] GC(20) Concurrent Process Non-Strong References 0.997ms
[2024-07-24T23:00:41.238+0800][1.660s][gc,phases   ] GC(20) Concurrent Reset Relocation Set 0.000ms
[2024-07-24T23:00:41.240+0800][1.662s][gc          ] Allocation Stall (main) 4.074ms
[2024-07-24T23:00:41.240+0800][1.662s][gc,phases   ] GC(20) Concurrent Select Relocation Set 1.626ms
[2024-07-24T23:00:41.240+0800][1.662s][gc,phases   ] GC(20) Pause Relocate Start 0.006ms
[2024-07-24T23:00:41.242+0800][1.664s][gc,phases   ] GC(20) Concurrent Relocate 1.274ms
[2024-07-24T23:00:41.242+0800][1.664s][gc,load     ] GC(20) Load: 0.00/0.00/0.00
[2024-07-24T23:00:41.242+0800][1.664s][gc,mmu      ] GC(20) MMU: 2ms/94.0%, 5ms/97.6%, 10ms/98.7%, 20ms/99.3%, 50ms/99.7%, 100ms/99.8%
[2024-07-24T23:00:41.242+0800][1.664s][gc,marking  ] GC(20) Mark: 1 stripe(s), 2 proactive flush(es), 1 terminate flush(es), 0 completion(s), 0 continuation(s) 
[2024-07-24T23:00:41.242+0800][1.664s][gc,marking  ] GC(20) Mark Stack Usage: 32M
[2024-07-24T23:00:41.242+0800][1.664s][gc,nmethod  ] GC(20) NMethods: 220 registered, 0 unregistered
[2024-07-24T23:00:41.242+0800][1.664s][gc,metaspace] GC(20) Metaspace: 0M used, 0M committed, 1088M reserved
[2024-07-24T23:00:41.242+0800][1.664s][gc,ref      ] GC(20) Soft: 62 encountered, 0 discovered, 0 enqueued
[2024-07-24T23:00:41.242+0800][1.664s][gc,ref      ] GC(20) Weak: 187 encountered, 170 discovered, 0 enqueued
[2024-07-24T23:00:41.242+0800][1.664s][gc,ref      ] GC(20) Final: 0 encountered, 0 discovered, 0 enqueued
[2024-07-24T23:00:41.242+0800][1.664s][gc,ref      ] GC(20) Phantom: 1 encountered, 0 discovered, 0 enqueued
[2024-07-24T23:00:41.242+0800][1.664s][gc,reloc    ] GC(20) Small Pages: 2 / 4M, Empty: 0M, Relocated: 1M, In-Place: 0
[2024-07-24T23:00:41.242+0800][1.664s][gc,reloc    ] GC(20) Medium Pages: 0 / 0M, Empty: 0M, Relocated: 0M, In-Place: 0
[2024-07-24T23:00:41.242+0800][1.664s][gc,reloc    ] GC(20) Large Pages: 61 / 122M, Empty: 98M, Relocated: 0M, In-Place: 0
[2024-07-24T23:00:41.242+0800][1.664s][gc,reloc    ] GC(20) Forwarding Usage: 0M
[2024-07-24T23:00:41.242+0800][1.664s][gc,heap     ] GC(20) Min Capacity: 8M(6%)
[2024-07-24T23:00:41.242+0800][1.664s][gc,heap     ] GC(20) Max Capacity: 128M(100%)
[2024-07-24T23:00:41.242+0800][1.664s][gc,heap     ] GC(20) Soft Max Capacity: 128M(100%)
[2024-07-24T23:00:41.242+0800][1.664s][gc,heap     ] GC(20)                Mark Start          Mark End        Relocate Start      Relocate End           High               Low         
[2024-07-24T23:00:41.242+0800][1.664s][gc,heap     ] GC(20)  Capacity:      128M (100%)        128M (100%)        128M (100%)        128M (100%)        128M (100%)        128M (100%)   
[2024-07-24T23:00:41.242+0800][1.664s][gc,heap     ] GC(20)      Free:        2M (2%)            0M (0%)           96M (75%)          84M (66%)          98M (77%)           0M (0%)     
[2024-07-24T23:00:41.242+0800][1.664s][gc,heap     ] GC(20)      Used:      126M (98%)         128M (100%)         32M (25%)          44M (34%)         128M (100%)         30M (23%)    
[2024-07-24T23:00:41.242+0800][1.664s][gc,heap     ] GC(20)      Live:         -                25M (20%)          25M (20%)          25M (20%)            -                  -          
[2024-07-24T23:00:41.242+0800][1.664s][gc,heap     ] GC(20) Allocated:         -                 2M (2%)            4M (3%)           17M (14%)            -                  -          
[2024-07-24T23:00:41.242+0800][1.664s][gc,heap     ] GC(20)   Garbage:         -               100M (79%)           2M (2%)            0M (1%)             -                  -          
[2024-07-24T23:00:41.242+0800][1.664s][gc,heap     ] GC(20) Reclaimed:         -                  -                98M (77%)          99M (78%)            -                  -          
[2024-07-24T23:00:41.242+0800][1.664s][gc          ] GC(20) Garbage Collection (Allocation Rate) 126M(98%)->44M(34%)
[2024-07-24T23:00:41.329+0800][1.751s][gc,start    ] GC(21) Garbage Collection (Allocation Stall)
[2024-07-24T23:00:41.329+0800][1.751s][gc,ref      ] GC(21) Clearing All SoftReferences
[2024-07-24T23:00:41.329+0800][1.751s][gc,task     ] GC(21) Using 1 workers
[2024-07-24T23:00:41.330+0800][1.751s][gc,ref      ] GC(21) Clearing All SoftReferences
[2024-07-24T23:00:41.330+0800][1.751s][gc,phases   ] GC(21) Pause Mark Start 0.035ms
[2024-07-24T23:00:41.333+0800][1.754s][gc,phases   ] GC(21) Concurrent Mark 2.938ms
[2024-07-24T23:00:41.333+0800][1.755s][gc,phases   ] GC(21) Pause Mark End 0.007ms
[2024-07-24T23:00:41.333+0800][1.755s][gc,phases   ] GC(21) Concurrent Mark Free 0.001ms
[2024-07-24T23:00:41.334+0800][1.756s][gc,phases   ] GC(21) Concurrent Process Non-Strong References 0.884ms
[2024-07-24T23:00:41.334+0800][1.756s][gc,phases   ] GC(21) Concurrent Reset Relocation Set 0.001ms
[2024-07-24T23:00:41.336+0800][1.757s][gc          ] Allocation Stall (main) 6.199ms
[2024-07-24T23:00:41.336+0800][1.757s][gc,phases   ] GC(21) Concurrent Select Relocation Set 1.648ms
[2024-07-24T23:00:41.336+0800][1.758s][gc,phases   ] GC(21) Pause Relocate Start 0.003ms
[2024-07-24T23:00:41.337+0800][1.759s][gc,phases   ] GC(21) Concurrent Relocate 1.267ms
[2024-07-24T23:00:41.337+0800][1.759s][gc,load     ] GC(21) Load: 0.00/0.00/0.00
[2024-07-24T23:00:41.337+0800][1.759s][gc,mmu      ] GC(21) MMU: 2ms/94.0%, 5ms/97.6%, 10ms/98.7%, 20ms/99.3%, 50ms/99.7%, 100ms/99.8%
[2024-07-24T23:00:41.337+0800][1.759s][gc,marking  ] GC(21) Mark: 1 stripe(s), 1 proactive flush(es), 1 terminate flush(es), 0 completion(s), 0 continuation(s) 
[2024-07-24T23:00:41.337+0800][1.759s][gc,marking  ] GC(21) Mark Stack Usage: 32M
[2024-07-24T23:00:41.337+0800][1.759s][gc,nmethod  ] GC(21) NMethods: 220 registered, 0 unregistered
[2024-07-24T23:00:41.337+0800][1.759s][gc,metaspace] GC(21) Metaspace: 0M used, 0M committed, 1088M reserved
[2024-07-24T23:00:41.338+0800][1.759s][gc,ref      ] GC(21) Soft: 62 encountered, 37 discovered, 0 enqueued
[2024-07-24T23:00:41.338+0800][1.759s][gc,ref      ] GC(21) Weak: 187 encountered, 170 discovered, 0 enqueued
[2024-07-24T23:00:41.338+0800][1.759s][gc,ref      ] GC(21) Final: 0 encountered, 0 discovered, 0 enqueued
[2024-07-24T23:00:41.338+0800][1.760s][gc,ref      ] GC(21) Phantom: 1 encountered, 0 discovered, 0 enqueued
[2024-07-24T23:00:41.338+0800][1.760s][gc,reloc    ] GC(21) Small Pages: 2 / 4M, Empty: 0M, Relocated: 1M, In-Place: 0
[2024-07-24T23:00:41.338+0800][1.760s][gc,reloc    ] GC(21) Medium Pages: 0 / 0M, Empty: 0M, Relocated: 0M, In-Place: 0
[2024-07-24T23:00:41.338+0800][1.760s][gc,reloc    ] GC(21) Large Pages: 62 / 124M, Empty: 120M, Relocated: 0M, In-Place: 0
[2024-07-24T23:00:41.338+0800][1.760s][gc,reloc    ] GC(21) Forwarding Usage: 0M
[2024-07-24T23:00:41.338+0800][1.760s][gc,heap     ] GC(21) Min Capacity: 8M(6%)
[2024-07-24T23:00:41.338+0800][1.760s][gc,heap     ] GC(21) Max Capacity: 128M(100%)
[2024-07-24T23:00:41.338+0800][1.760s][gc,heap     ] GC(21) Soft Max Capacity: 128M(100%)
[2024-07-24T23:00:41.338+0800][1.760s][gc,heap     ] GC(21)                Mark Start          Mark End        Relocate Start      Relocate End           High               Low         
[2024-07-24T23:00:41.338+0800][1.760s][gc,heap     ] GC(21)  Capacity:      128M (100%)        128M (100%)        128M (100%)        128M (100%)        128M (100%)        128M (100%)   
[2024-07-24T23:00:41.338+0800][1.760s][gc,heap     ] GC(21)      Free:        0M (0%)            0M (0%)          118M (92%)         106M (83%)         120M (94%)           0M (0%)     
[2024-07-24T23:00:41.338+0800][1.760s][gc,heap     ] GC(21)      Used:      128M (100%)        128M (100%)         10M (8%)           22M (17%)         128M (100%)          8M (6%)     
[2024-07-24T23:00:41.338+0800][1.760s][gc,heap     ] GC(21)      Live:         -                 5M (4%)            5M (4%)            5M (4%)             -                  -          
[2024-07-24T23:00:41.338+0800][1.760s][gc,heap     ] GC(21) Allocated:         -                 0M (0%)            2M (2%)           15M (12%)            -                  -          
[2024-07-24T23:00:41.338+0800][1.760s][gc,heap     ] GC(21)   Garbage:         -               122M (96%)           2M (2%)            0M (1%)             -                  -          
[2024-07-24T23:00:41.338+0800][1.760s][gc,heap     ] GC(21) Reclaimed:         -                  -               120M (94%)         121M (95%)            -                  -          
[2024-07-24T23:00:41.338+0800][1.760s][gc          ] GC(21) Garbage Collection (Allocation Stall) 128M(100%)->22M(17%)
[2024-07-24T23:00:41.344+0800][1.766s][gc,start    ] GC(22) Garbage Collection (Allocation Rate)
[2024-07-24T23:00:41.345+0800][1.766s][gc,task     ] GC(22) Using 1 workers
[2024-07-24T23:00:41.345+0800][1.766s][gc,phases   ] GC(22) Pause Mark Start 0.007ms
[2024-07-24T23:00:41.348+0800][1.770s][gc,phases   ] GC(22) Concurrent Mark 3.472ms
[2024-07-24T23:00:41.348+0800][1.770s][gc,phases   ] GC(22) Pause Mark End 0.005ms
[2024-07-24T23:00:41.348+0800][1.770s][gc,phases   ] GC(22) Concurrent Mark Free 0.001ms
[2024-07-24T23:00:41.349+0800][1.771s][gc,phases   ] GC(22) Concurrent Process Non-Strong References 0.793ms
[2024-07-24T23:00:41.349+0800][1.771s][gc,phases   ] GC(22) Concurrent Reset Relocation Set 0.001ms
[2024-07-24T23:00:41.351+0800][1.773s][gc,phases   ] GC(22) Concurrent Select Relocation Set 2.153ms
[2024-07-24T23:00:41.352+0800][1.773s][gc,phases   ] GC(22) Pause Relocate Start 0.006ms
[2024-07-24T23:00:41.353+0800][1.775s][gc,phases   ] GC(22) Concurrent Relocate 0.958ms
[2024-07-24T23:00:41.353+0800][1.775s][gc,load     ] GC(22) Load: 0.00/0.00/0.00
[2024-07-24T23:00:41.353+0800][1.775s][gc,mmu      ] GC(22) MMU: 2ms/94.0%, 5ms/97.6%, 10ms/98.7%, 20ms/99.3%, 50ms/99.7%, 100ms/99.8%
[2024-07-24T23:00:41.353+0800][1.775s][gc,marking  ] GC(22) Mark: 1 stripe(s), 1 proactive flush(es), 1 terminate flush(es), 0 completion(s), 0 continuation(s) 
[2024-07-24T23:00:41.353+0800][1.775s][gc,marking  ] GC(22) Mark Stack Usage: 32M
[2024-07-24T23:00:41.353+0800][1.775s][gc,nmethod  ] GC(22) NMethods: 220 registered, 0 unregistered
[2024-07-24T23:00:41.353+0800][1.775s][gc,metaspace] GC(22) Metaspace: 0M used, 0M committed, 1088M reserved
[2024-07-24T23:00:41.353+0800][1.775s][gc,ref      ] GC(22) Soft: 62 encountered, 0 discovered, 0 enqueued
[2024-07-24T23:00:41.353+0800][1.775s][gc,ref      ] GC(22) Weak: 187 encountered, 170 discovered, 0 enqueued
[2024-07-24T23:00:41.353+0800][1.775s][gc,ref      ] GC(22) Final: 0 encountered, 0 discovered, 0 enqueued
[2024-07-24T23:00:41.353+0800][1.775s][gc,ref      ] GC(22) Phantom: 1 encountered, 0 discovered, 0 enqueued
[2024-07-24T23:00:41.353+0800][1.775s][gc,reloc    ] GC(22) Small Pages: 2 / 4M, Empty: 0M, Relocated: 1M, In-Place: 0
[2024-07-24T23:00:41.353+0800][1.775s][gc,reloc    ] GC(22) Medium Pages: 0 / 0M, Empty: 0M, Relocated: 0M, In-Place: 0
[2024-07-24T23:00:41.353+0800][1.775s][gc,reloc    ] GC(22) Large Pages: 10 / 20M, Empty: 0M, Relocated: 0M, In-Place: 0
[2024-07-24T23:00:41.353+0800][1.775s][gc,reloc    ] GC(22) Forwarding Usage: 0M
[2024-07-24T23:00:41.353+0800][1.775s][gc,heap     ] GC(22) Min Capacity: 8M(6%)
[2024-07-24T23:00:41.353+0800][1.775s][gc,heap     ] GC(22) Max Capacity: 128M(100%)
[2024-07-24T23:00:41.353+0800][1.775s][gc,heap     ] GC(22) Soft Max Capacity: 128M(100%)
[2024-07-24T23:00:41.353+0800][1.775s][gc,heap     ] GC(22)                Mark Start          Mark End        Relocate Start      Relocate End           High               Low         
[2024-07-24T23:00:41.353+0800][1.775s][gc,heap     ] GC(22)  Capacity:      128M (100%)        128M (100%)        128M (100%)        128M (100%)        128M (100%)        128M (100%)   
[2024-07-24T23:00:41.353+0800][1.775s][gc,heap     ] GC(22)      Free:      104M (81%)         104M (81%)         104M (81%)         106M (83%)         106M (83%)         102M (80%)    
[2024-07-24T23:00:41.353+0800][1.775s][gc,heap     ] GC(22)      Used:       24M (19%)          24M (19%)          24M (19%)          22M (17%)          26M (20%)          22M (17%)    
[2024-07-24T23:00:41.353+0800][1.775s][gc,heap     ] GC(22)      Live:         -                21M (17%)          21M (17%)          21M (17%)            -                  -          
[2024-07-24T23:00:41.353+0800][1.775s][gc,heap     ] GC(22) Allocated:         -                 0M (0%)            0M (0%)            0M (0%)             -                  -          
[2024-07-24T23:00:41.353+0800][1.775s][gc,heap     ] GC(22)   Garbage:         -                 2M (2%)            2M (2%)            0M (1%)             -                  -          
[2024-07-24T23:00:41.353+0800][1.775s][gc,heap     ] GC(22) Reclaimed:         -                  -                 0M (0%)            2M (2%)             -                  -          
[2024-07-24T23:00:41.353+0800][1.775s][gc          ] GC(22) Garbage Collection (Allocation Rate) 24M(19%)->22M(17%)
[2024-07-24T23:00:41.440+0800][1.862s][gc,start    ] GC(23) Garbage Collection (Allocation Rate)
[2024-07-24T23:00:41.440+0800][1.862s][gc,task     ] GC(23) Using 1 workers
[2024-07-24T23:00:41.441+0800][1.862s][gc,phases   ] GC(23) Pause Mark Start 0.008ms
[2024-07-24T23:00:41.444+0800][1.865s][gc,phases   ] GC(23) Concurrent Mark 2.790ms
[2024-07-24T23:00:41.444+0800][1.866s][gc,phases   ] GC(23) Pause Mark End 0.006ms
[2024-07-24T23:00:41.444+0800][1.866s][gc,phases   ] GC(23) Concurrent Mark Free 0.001ms
[2024-07-24T23:00:41.445+0800][1.867s][gc,phases   ] GC(23) Concurrent Process Non-Strong References 0.958ms
[2024-07-24T23:00:41.445+0800][1.867s][gc,phases   ] GC(23) Concurrent Reset Relocation Set 0.001ms
[2024-07-24T23:00:41.446+0800][1.868s][gc          ] Allocation Stall (main) 5.145ms
[2024-07-24T23:00:41.446+0800][1.868s][gc,phases   ] GC(23) Concurrent Select Relocation Set 1.548ms
[2024-07-24T23:00:41.447+0800][1.868s][gc,phases   ] GC(23) Pause Relocate Start 0.004ms
[2024-07-24T23:00:41.447+0800][1.869s][gc,phases   ] GC(23) Concurrent Relocate 0.111ms
[2024-07-24T23:00:41.447+0800][1.869s][gc,load     ] GC(23) Load: 0.00/0.00/0.00
[2024-07-24T23:00:41.447+0800][1.869s][gc,mmu      ] GC(23) MMU: 2ms/94.0%, 5ms/97.6%, 10ms/98.7%, 20ms/99.3%, 50ms/99.7%, 100ms/99.8%
[2024-07-24T23:00:41.447+0800][1.869s][gc,marking  ] GC(23) Mark: 1 stripe(s), 2 proactive flush(es), 1 terminate flush(es), 0 completion(s), 0 continuation(s) 
[2024-07-24T23:00:41.447+0800][1.869s][gc,marking  ] GC(23) Mark Stack Usage: 32M
[2024-07-24T23:00:41.447+0800][1.869s][gc,nmethod  ] GC(23) NMethods: 221 registered, 0 unregistered
[2024-07-24T23:00:41.447+0800][1.869s][gc,metaspace] GC(23) Metaspace: 0M used, 0M committed, 1088M reserved
[2024-07-24T23:00:41.447+0800][1.869s][gc,ref      ] GC(23) Soft: 62 encountered, 0 discovered, 0 enqueued
[2024-07-24T23:00:41.447+0800][1.869s][gc,ref      ] GC(23) Weak: 187 encountered, 170 discovered, 0 enqueued
[2024-07-24T23:00:41.447+0800][1.869s][gc,ref      ] GC(23) Final: 0 encountered, 0 discovered, 0 enqueued
[2024-07-24T23:00:41.447+0800][1.869s][gc,ref      ] GC(23) Phantom: 1 encountered, 0 discovered, 0 enqueued
[2024-07-24T23:00:41.447+0800][1.869s][gc,reloc    ] GC(23) Small Pages: 2 / 4M, Empty: 2M, Relocated: 0M, In-Place: 0
[2024-07-24T23:00:41.447+0800][1.869s][gc,reloc    ] GC(23) Medium Pages: 0 / 0M, Empty: 0M, Relocated: 0M, In-Place: 0
[2024-07-24T23:00:41.447+0800][1.869s][gc,reloc    ] GC(23) Large Pages: 62 / 124M, Empty: 120M, Relocated: 0M, In-Place: 0
[2024-07-24T23:00:41.447+0800][1.869s][gc,reloc    ] GC(23) Forwarding Usage: 0M
[2024-07-24T23:00:41.447+0800][1.869s][gc,heap     ] GC(23) Min Capacity: 8M(6%)
[2024-07-24T23:00:41.447+0800][1.869s][gc,heap     ] GC(23) Max Capacity: 128M(100%)
[2024-07-24T23:00:41.447+0800][1.869s][gc,heap     ] GC(23) Soft Max Capacity: 128M(100%)
[2024-07-24T23:00:41.447+0800][1.869s][gc,heap     ] GC(23)                Mark Start          Mark End        Relocate Start      Relocate End           High               Low         
[2024-07-24T23:00:41.447+0800][1.869s][gc,heap     ] GC(23)  Capacity:      128M (100%)        128M (100%)        128M (100%)        128M (100%)        128M (100%)        128M (100%)   
[2024-07-24T23:00:41.447+0800][1.869s][gc,heap     ] GC(23)      Free:        0M (0%)            0M (0%)          120M (94%)         116M (91%)         122M (95%)           0M (0%)     
[2024-07-24T23:00:41.447+0800][1.869s][gc,heap     ] GC(23)      Used:      128M (100%)        128M (100%)          8M (6%)           12M (9%)          128M (100%)          6M (5%)     
[2024-07-24T23:00:41.447+0800][1.869s][gc,heap     ] GC(23)      Live:         -                 5M (4%)            5M (4%)            5M (4%)             -                  -          
[2024-07-24T23:00:41.447+0800][1.869s][gc,heap     ] GC(23) Allocated:         -                 0M (0%)            2M (2%)            6M (5%)             -                  -          
[2024-07-24T23:00:41.447+0800][1.869s][gc,heap     ] GC(23)   Garbage:         -               122M (96%)           0M (1%)            0M (1%)             -                  -          
[2024-07-24T23:00:41.447+0800][1.869s][gc,heap     ] GC(23) Reclaimed:         -                  -               122M (95%)         122M (95%)            -                  -          
[2024-07-24T23:00:41.447+0800][1.869s][gc          ] GC(23) Garbage Collection (Allocation Rate) 128M(100%)->12M(9%)
[2024-07-24T23:00:41.534+0800][1.956s][gc,start    ] GC(24) Garbage Collection (Allocation Stall)
[2024-07-24T23:00:41.534+0800][1.956s][gc,ref      ] GC(24) Clearing All SoftReferences
[2024-07-24T23:00:41.534+0800][1.956s][gc,task     ] GC(24) Using 1 workers
[2024-07-24T23:00:41.534+0800][1.956s][gc,ref      ] GC(24) Clearing All SoftReferences
[2024-07-24T23:00:41.534+0800][1.956s][gc,phases   ] GC(24) Pause Mark Start 0.037ms
[2024-07-24T23:00:41.537+0800][1.959s][gc,phases   ] GC(24) Concurrent Mark 3.038ms
[2024-07-24T23:00:41.538+0800][1.959s][gc,phases   ] GC(24) Pause Mark End 0.013ms
[2024-07-24T23:00:41.538+0800][1.960s][gc,phases   ] GC(24) Concurrent Mark Free 0.002ms
[2024-07-24T23:00:41.539+0800][1.961s][gc,phases   ] GC(24) Concurrent Process Non-Strong References 0.941ms
[2024-07-24T23:00:41.539+0800][1.961s][gc,phases   ] GC(24) Concurrent Reset Relocation Set 0.000ms
[2024-07-24T23:00:41.540+0800][1.962s][gc,phases   ] GC(24) Concurrent Select Relocation Set 1.605ms
[2024-07-24T23:00:41.541+0800][1.962s][gc,phases   ] GC(24) Pause Relocate Start 0.011ms
[2024-07-24T23:00:41.541+0800][1.962s][gc,phases   ] GC(24) Concurrent Relocate 0.032ms
[2024-07-24T23:00:41.541+0800][1.962s][gc,load     ] GC(24) Load: 0.00/0.00/0.00
[2024-07-24T23:00:41.541+0800][1.962s][gc,mmu      ] GC(24) MMU: 2ms/94.0%, 5ms/97.6%, 10ms/98.7%, 20ms/99.3%, 50ms/99.7%, 100ms/99.8%
[2024-07-24T23:00:41.541+0800][1.962s][gc,marking  ] GC(24) Mark: 1 stripe(s), 2 proactive flush(es), 1 terminate flush(es), 0 completion(s), 0 continuation(s) 
[2024-07-24T23:00:41.541+0800][1.962s][gc,marking  ] GC(24) Mark Stack Usage: 32M
[2024-07-24T23:00:41.541+0800][1.963s][gc,nmethod  ] GC(24) NMethods: 222 registered, 0 unregistered
[2024-07-24T23:00:41.541+0800][1.963s][gc,metaspace] GC(24) Metaspace: 0M used, 0M committed, 1088M reserved
[2024-07-24T23:00:41.541+0800][1.963s][gc,ref      ] GC(24) Soft: 62 encountered, 35 discovered, 0 enqueued
[2024-07-24T23:00:41.541+0800][1.963s][gc,ref      ] GC(24) Weak: 187 encountered, 170 discovered, 0 enqueued
[2024-07-24T23:00:41.541+0800][1.963s][gc,ref      ] GC(24) Final: 0 encountered, 0 discovered, 0 enqueued
[2024-07-24T23:00:41.541+0800][1.963s][gc,ref      ] GC(24) Phantom: 1 encountered, 0 discovered, 0 enqueued
[2024-07-24T23:00:41.541+0800][1.963s][gc,reloc    ] GC(24) Small Pages: 2 / 4M, Empty: 2M, Relocated: 0M, In-Place: 0
[2024-07-24T23:00:41.541+0800][1.963s][gc,reloc    ] GC(24) Medium Pages: 0 / 0M, Empty: 0M, Relocated: 0M, In-Place: 0
[2024-07-24T23:00:41.541+0800][1.963s][gc,reloc    ] GC(24) Large Pages: 54 / 108M, Empty: 106M, Relocated: 0M, In-Place: 0
[2024-07-24T23:00:41.541+0800][1.963s][gc,reloc    ] GC(24) Forwarding Usage: 0M
[2024-07-24T23:00:41.541+0800][1.963s][gc,heap     ] GC(24) Min Capacity: 8M(6%)
[2024-07-24T23:00:41.541+0800][1.963s][gc,heap     ] GC(24) Max Capacity: 128M(100%)
[2024-07-24T23:00:41.541+0800][1.963s][gc,heap     ] GC(24) Soft Max Capacity: 128M(100%)
[2024-07-24T23:00:41.541+0800][1.963s][gc,heap     ] GC(24)                Mark Start          Mark End        Relocate Start      Relocate End           High               Low         
[2024-07-24T23:00:41.541+0800][1.963s][gc,heap     ] GC(24)  Capacity:      128M (100%)        128M (100%)        128M (100%)        128M (100%)        128M (100%)        128M (100%)   
[2024-07-24T23:00:41.541+0800][1.963s][gc,heap     ] GC(24)      Free:       16M (12%)           2M (2%)          110M (86%)         110M (86%)         110M (86%)           2M (2%)     
[2024-07-24T23:00:41.541+0800][1.963s][gc,heap     ] GC(24)      Used:      112M (88%)         126M (98%)          18M (14%)          18M (14%)         126M (98%)          18M (14%)    
[2024-07-24T23:00:41.541+0800][1.963s][gc,heap     ] GC(24)      Live:         -                 3M (3%)            3M (3%)            3M (3%)             -                  -          
[2024-07-24T23:00:41.541+0800][1.963s][gc,heap     ] GC(24) Allocated:         -                14M (11%)          14M (11%)          14M (11%)            -                  -          
[2024-07-24T23:00:41.541+0800][1.963s][gc,heap     ] GC(24)   Garbage:         -               108M (85%)           0M (1%)            0M (1%)             -                  -          
[2024-07-24T23:00:41.541+0800][1.963s][gc,heap     ] GC(24) Reclaimed:         -                  -               108M (84%)         108M (84%)            -                  -          
[2024-07-24T23:00:41.541+0800][1.963s][gc          ] GC(24) Garbage Collection (Allocation Stall) 112M(88%)->18M(14%)
[2024-07-24T23:00:41.629+0800][2.051s][gc,start    ] GC(25) Garbage Collection (Allocation Stall)
[2024-07-24T23:00:41.629+0800][2.051s][gc,ref      ] GC(25) Clearing All SoftReferences
[2024-07-24T23:00:41.629+0800][2.051s][gc,task     ] GC(25) Using 1 workers
[2024-07-24T23:00:41.630+0800][2.051s][gc,ref      ] GC(25) Clearing All SoftReferences
[2024-07-24T23:00:41.630+0800][2.051s][gc,phases   ] GC(25) Pause Mark Start 0.042ms
[2024-07-24T23:00:41.632+0800][2.054s][gc,phases   ] GC(25) Concurrent Mark 2.570ms
[2024-07-24T23:00:41.632+0800][2.054s][gc,phases   ] GC(25) Pause Mark End 0.009ms
[2024-07-24T23:00:41.633+0800][2.054s][gc,phases   ] GC(25) Concurrent Mark Free 0.001ms
[2024-07-24T23:00:41.633+0800][2.055s][gc,phases   ] GC(25) Concurrent Process Non-Strong References 0.879ms
[2024-07-24T23:00:41.633+0800][2.055s][gc,phases   ] GC(25) Concurrent Reset Relocation Set 0.000ms
[2024-07-24T23:00:41.635+0800][2.057s][gc          ] Allocation Stall (main) 6.119ms
[2024-07-24T23:00:41.635+0800][2.057s][gc,phases   ] GC(25) Concurrent Select Relocation Set 1.968ms
[2024-07-24T23:00:41.636+0800][2.058s][gc,phases   ] GC(25) Pause Relocate Start 0.008ms
[2024-07-24T23:00:41.636+0800][2.058s][gc,phases   ] GC(25) Concurrent Relocate 0.076ms
[2024-07-24T23:00:41.636+0800][2.058s][gc,load     ] GC(25) Load: 0.00/0.00/0.00
[2024-07-24T23:00:41.636+0800][2.058s][gc,mmu      ] GC(25) MMU: 2ms/94.0%, 5ms/97.6%, 10ms/98.7%, 20ms/99.3%, 50ms/99.7%, 100ms/99.8%
[2024-07-24T23:00:41.636+0800][2.058s][gc,marking  ] GC(25) Mark: 1 stripe(s), 1 proactive flush(es), 1 terminate flush(es), 0 completion(s), 0 continuation(s) 
[2024-07-24T23:00:41.636+0800][2.058s][gc,marking  ] GC(25) Mark Stack Usage: 32M
[2024-07-24T23:00:41.636+0800][2.058s][gc,nmethod  ] GC(25) NMethods: 222 registered, 0 unregistered
[2024-07-24T23:00:41.637+0800][2.058s][gc,metaspace] GC(25) Metaspace: 0M used, 0M committed, 1088M reserved
[2024-07-24T23:00:41.637+0800][2.058s][gc,ref      ] GC(25) Soft: 62 encountered, 37 discovered, 0 enqueued
[2024-07-24T23:00:41.637+0800][2.058s][gc,ref      ] GC(25) Weak: 187 encountered, 170 discovered, 0 enqueued
[2024-07-24T23:00:41.637+0800][2.058s][gc,ref      ] GC(25) Final: 0 encountered, 0 discovered, 0 enqueued
[2024-07-24T23:00:41.637+0800][2.058s][gc,ref      ] GC(25) Phantom: 1 encountered, 0 discovered, 0 enqueued
[2024-07-24T23:00:41.637+0800][2.058s][gc,reloc    ] GC(25) Small Pages: 2 / 4M, Empty: 2M, Relocated: 0M, In-Place: 0
[2024-07-24T23:00:41.637+0800][2.058s][gc,reloc    ] GC(25) Medium Pages: 0 / 0M, Empty: 0M, Relocated: 0M, In-Place: 0
[2024-07-24T23:00:41.637+0800][2.058s][gc,reloc    ] GC(25) Large Pages: 62 / 124M, Empty: 94M, Relocated: 0M, In-Place: 0
[2024-07-24T23:00:41.637+0800][2.058s][gc,reloc    ] GC(25) Forwarding Usage: 0M
[2024-07-24T23:00:41.637+0800][2.059s][gc,heap     ] GC(25) Min Capacity: 8M(6%)
[2024-07-24T23:00:41.637+0800][2.059s][gc,heap     ] GC(25) Max Capacity: 128M(100%)
[2024-07-24T23:00:41.637+0800][2.059s][gc,heap     ] GC(25) Soft Max Capacity: 128M(100%)
[2024-07-24T23:00:41.637+0800][2.059s][gc,heap     ] GC(25)                Mark Start          Mark End        Relocate Start      Relocate End           High               Low         
[2024-07-24T23:00:41.637+0800][2.059s][gc,heap     ] GC(25)  Capacity:      128M (100%)        128M (100%)        128M (100%)        128M (100%)        128M (100%)        128M (100%)   
[2024-07-24T23:00:41.637+0800][2.059s][gc,heap     ] GC(25)      Free:        0M (0%)            0M (0%)           94M (73%)          94M (73%)          96M (75%)           0M (0%)     
[2024-07-24T23:00:41.637+0800][2.059s][gc,heap     ] GC(25)      Used:      128M (100%)        128M (100%)         34M (27%)          34M (27%)         128M (100%)         32M (25%)    
[2024-07-24T23:00:41.637+0800][2.059s][gc,heap     ] GC(25)      Live:         -                31M (24%)          31M (24%)          31M (24%)            -                  -          
[2024-07-24T23:00:41.637+0800][2.059s][gc,heap     ] GC(25) Allocated:         -                 0M (0%)            2M (2%)            2M (2%)             -                  -          
[2024-07-24T23:00:41.637+0800][2.059s][gc,heap     ] GC(25)   Garbage:         -                96M (76%)           0M (1%)            0M (1%)             -                  -          
[2024-07-24T23:00:41.637+0800][2.059s][gc,heap     ] GC(25) Reclaimed:         -                  -                96M (75%)          96M (75%)            -                  -          
[2024-07-24T23:00:41.637+0800][2.059s][gc          ] GC(25) Garbage Collection (Allocation Stall) 128M(100%)->34M(27%)
[2024-07-24T23:00:41.644+0800][2.065s][gc,start    ] GC(26) Garbage Collection (Allocation Rate)
[2024-07-24T23:00:41.644+0800][2.066s][gc,task     ] GC(26) Using 1 workers
[2024-07-24T23:00:41.644+0800][2.066s][gc,phases   ] GC(26) Pause Mark Start 0.011ms
[2024-07-24T23:00:41.647+0800][2.068s][gc,phases   ] GC(26) Concurrent Mark 2.684ms
[2024-07-24T23:00:41.647+0800][2.069s][gc,phases   ] GC(26) Pause Mark End 0.011ms
[2024-07-24T23:00:41.647+0800][2.069s][gc,phases   ] GC(26) Concurrent Mark Free 0.004ms
[2024-07-24T23:00:41.648+0800][2.070s][gc,phases   ] GC(26) Concurrent Process Non-Strong References 0.930ms
[2024-07-24T23:00:41.648+0800][2.070s][gc,phases   ] GC(26) Concurrent Reset Relocation Set 0.000ms
[2024-07-24T23:00:41.651+0800][2.073s][gc,phases   ] GC(26) Concurrent Select Relocation Set 2.842ms
[2024-07-24T23:00:41.651+0800][2.073s][gc,phases   ] GC(26) Pause Relocate Start 0.009ms
[2024-07-24T23:00:41.652+0800][2.074s][gc,phases   ] GC(26) Concurrent Relocate 1.063ms
[2024-07-24T23:00:41.652+0800][2.074s][gc,load     ] GC(26) Load: 0.00/0.00/0.00
[2024-07-24T23:00:41.652+0800][2.074s][gc,mmu      ] GC(26) MMU: 2ms/94.0%, 5ms/97.6%, 10ms/98.7%, 20ms/99.3%, 50ms/99.7%, 100ms/99.8%
[2024-07-24T23:00:41.652+0800][2.074s][gc,marking  ] GC(26) Mark: 1 stripe(s), 1 proactive flush(es), 1 terminate flush(es), 0 completion(s), 0 continuation(s) 
[2024-07-24T23:00:41.652+0800][2.074s][gc,marking  ] GC(26) Mark Stack Usage: 32M
[2024-07-24T23:00:41.652+0800][2.074s][gc,nmethod  ] GC(26) NMethods: 222 registered, 0 unregistered
[2024-07-24T23:00:41.652+0800][2.074s][gc,metaspace] GC(26) Metaspace: 0M used, 0M committed, 1088M reserved
[2024-07-24T23:00:41.652+0800][2.074s][gc,ref      ] GC(26) Soft: 62 encountered, 0 discovered, 0 enqueued
[2024-07-24T23:00:41.652+0800][2.074s][gc,ref      ] GC(26) Weak: 187 encountered, 170 discovered, 0 enqueued
[2024-07-24T23:00:41.652+0800][2.074s][gc,ref      ] GC(26) Final: 0 encountered, 0 discovered, 0 enqueued
[2024-07-24T23:00:41.652+0800][2.074s][gc,ref      ] GC(26) Phantom: 1 encountered, 0 discovered, 0 enqueued
[2024-07-24T23:00:41.652+0800][2.074s][gc,reloc    ] GC(26) Small Pages: 2 / 4M, Empty: 0M, Relocated: 1M, In-Place: 0
[2024-07-24T23:00:41.652+0800][2.074s][gc,reloc    ] GC(26) Medium Pages: 0 / 0M, Empty: 0M, Relocated: 0M, In-Place: 0
[2024-07-24T23:00:41.652+0800][2.074s][gc,reloc    ] GC(26) Large Pages: 20 / 40M, Empty: 40M, Relocated: 0M, In-Place: 0
[2024-07-24T23:00:41.652+0800][2.074s][gc,reloc    ] GC(26) Forwarding Usage: 0M
[2024-07-24T23:00:41.652+0800][2.074s][gc,heap     ] GC(26) Min Capacity: 8M(6%)
[2024-07-24T23:00:41.652+0800][2.074s][gc,heap     ] GC(26) Max Capacity: 128M(100%)
[2024-07-24T23:00:41.652+0800][2.074s][gc,heap     ] GC(26) Soft Max Capacity: 128M(100%)
[2024-07-24T23:00:41.653+0800][2.074s][gc,heap     ] GC(26)                Mark Start          Mark End        Relocate Start      Relocate End           High               Low         
[2024-07-24T23:00:41.653+0800][2.074s][gc,heap     ] GC(26)  Capacity:      128M (100%)        128M (100%)        128M (100%)        128M (100%)        128M (100%)        128M (100%)   
[2024-07-24T23:00:41.653+0800][2.074s][gc,heap     ] GC(26)      Free:       84M (66%)          84M (66%)         124M (97%)         126M (98%)         126M (98%)          84M (66%)    
[2024-07-24T23:00:41.653+0800][2.074s][gc,heap     ] GC(26)      Used:       44M (34%)          44M (34%)           4M (3%)            2M (2%)           44M (34%)           2M (2%)     
[2024-07-24T23:00:41.653+0800][2.074s][gc,heap     ] GC(26)      Live:         -                 1M (1%)            1M (1%)            1M (1%)             -                  -          
[2024-07-24T23:00:41.653+0800][2.074s][gc,heap     ] GC(26) Allocated:         -                 0M (0%)            0M (0%)            0M (0%)             -                  -          
[2024-07-24T23:00:41.653+0800][2.074s][gc,heap     ] GC(26)   Garbage:         -                42M (33%)           2M (2%)            0M (1%)             -                  -          
[2024-07-24T23:00:41.653+0800][2.074s][gc,heap     ] GC(26) Reclaimed:         -                  -                40M (31%)          42M (33%)            -                  -          
[2024-07-24T23:00:41.653+0800][2.075s][gc          ] GC(26) Garbage Collection (Allocation Rate) 44M(34%)->2M(2%)
[2024-07-24T23:00:41.738+0800][2.159s][gc,start    ] GC(27) Garbage Collection (Allocation Rate)
[2024-07-24T23:00:41.738+0800][2.160s][gc,task     ] GC(27) Using 1 workers
[2024-07-24T23:00:41.738+0800][2.160s][gc,phases   ] GC(27) Pause Mark Start 0.009ms
[2024-07-24T23:00:41.742+0800][2.164s][gc,phases   ] GC(27) Concurrent Mark 3.318ms
[2024-07-24T23:00:41.742+0800][2.164s][gc,phases   ] GC(27) Pause Mark End 0.008ms
[2024-07-24T23:00:41.742+0800][2.164s][gc,phases   ] GC(27) Concurrent Mark Free 0.001ms
[2024-07-24T23:00:41.743+0800][2.165s][gc,phases   ] GC(27) Concurrent Process Non-Strong References 0.724ms
[2024-07-24T23:00:41.743+0800][2.165s][gc,phases   ] GC(27) Concurrent Reset Relocation Set 0.001ms
[2024-07-24T23:00:41.744+0800][2.166s][gc,phases   ] GC(27) Concurrent Select Relocation Set 1.582ms
[2024-07-24T23:00:41.745+0800][2.166s][gc,phases   ] GC(27) Pause Relocate Start 0.006ms
[2024-07-24T23:00:41.745+0800][2.167s][gc,phases   ] GC(27) Concurrent Relocate 0.026ms
[2024-07-24T23:00:41.745+0800][2.167s][gc,load     ] GC(27) Load: 0.00/0.00/0.00
[2024-07-24T23:00:41.745+0800][2.167s][gc,mmu      ] GC(27) MMU: 2ms/94.0%, 5ms/97.6%, 10ms/98.7%, 20ms/99.3%, 50ms/99.7%, 100ms/99.8%
[2024-07-24T23:00:41.745+0800][2.167s][gc,marking  ] GC(27) Mark: 1 stripe(s), 2 proactive flush(es), 1 terminate flush(es), 0 completion(s), 0 continuation(s) 
[2024-07-24T23:00:41.745+0800][2.167s][gc,marking  ] GC(27) Mark Stack Usage: 32M
[2024-07-24T23:00:41.745+0800][2.167s][gc,nmethod  ] GC(27) NMethods: 222 registered, 0 unregistered
[2024-07-24T23:00:41.745+0800][2.167s][gc,metaspace] GC(27) Metaspace: 0M used, 0M committed, 1088M reserved
[2024-07-24T23:00:41.745+0800][2.167s][gc,ref      ] GC(27) Soft: 62 encountered, 0 discovered, 0 enqueued
[2024-07-24T23:00:41.745+0800][2.167s][gc,ref      ] GC(27) Weak: 187 encountered, 170 discovered, 0 enqueued
[2024-07-24T23:00:41.745+0800][2.167s][gc,ref      ] GC(27) Final: 0 encountered, 0 discovered, 0 enqueued
[2024-07-24T23:00:41.745+0800][2.167s][gc,ref      ] GC(27) Phantom: 1 encountered, 0 discovered, 0 enqueued
[2024-07-24T23:00:41.745+0800][2.167s][gc,reloc    ] GC(27) Small Pages: 2 / 4M, Empty: 2M, Relocated: 0M, In-Place: 0
[2024-07-24T23:00:41.745+0800][2.167s][gc,reloc    ] GC(27) Medium Pages: 0 / 0M, Empty: 0M, Relocated: 0M, In-Place: 0
[2024-07-24T23:00:41.745+0800][2.167s][gc,reloc    ] GC(27) Large Pages: 55 / 110M, Empty: 108M, Relocated: 0M, In-Place: 0
[2024-07-24T23:00:41.745+0800][2.167s][gc,reloc    ] GC(27) Forwarding Usage: 0M
[2024-07-24T23:00:41.745+0800][2.167s][gc,heap     ] GC(27) Min Capacity: 8M(6%)
[2024-07-24T23:00:41.745+0800][2.167s][gc,heap     ] GC(27) Max Capacity: 128M(100%)
[2024-07-24T23:00:41.745+0800][2.167s][gc,heap     ] GC(27) Soft Max Capacity: 128M(100%)
[2024-07-24T23:00:41.745+0800][2.167s][gc,heap     ] GC(27)                Mark Start          Mark End        Relocate Start      Relocate End           High               Low         
[2024-07-24T23:00:41.745+0800][2.167s][gc,heap     ] GC(27)  Capacity:      128M (100%)        128M (100%)        128M (100%)        128M (100%)        128M (100%)        128M (100%)   
[2024-07-24T23:00:41.745+0800][2.167s][gc,heap     ] GC(27)      Free:       14M (11%)           2M (2%)          112M (88%)         112M (88%)         112M (88%)           2M (2%)     
[2024-07-24T23:00:41.745+0800][2.167s][gc,heap     ] GC(27)      Used:      114M (89%)         126M (98%)          16M (12%)          16M (12%)         126M (98%)          16M (12%)    
[2024-07-24T23:00:41.745+0800][2.167s][gc,heap     ] GC(27)      Live:         -                 3M (3%)            3M (3%)            3M (3%)             -                  -          
[2024-07-24T23:00:41.745+0800][2.167s][gc,heap     ] GC(27) Allocated:         -                12M (9%)           12M (9%)           12M (9%)             -                  -          
[2024-07-24T23:00:41.745+0800][2.167s][gc,heap     ] GC(27)   Garbage:         -               110M (87%)           0M (1%)            0M (1%)             -                  -          
[2024-07-24T23:00:41.745+0800][2.167s][gc,heap     ] GC(27) Reclaimed:         -                  -               110M (86%)         110M (86%)            -                  -          
[2024-07-24T23:00:41.745+0800][2.167s][gc          ] GC(27) Garbage Collection (Allocation Rate) 114M(89%)->16M(12%)
[2024-07-24T23:00:41.831+0800][2.253s][gc,start    ] GC(28) Garbage Collection (Allocation Stall)
[2024-07-24T23:00:41.831+0800][2.254s][gc,ref      ] GC(28) Clearing All SoftReferences
[2024-07-24T23:00:41.831+0800][2.254s][gc,task     ] GC(28) Using 1 workers
[2024-07-24T23:00:41.832+0800][2.254s][gc,ref      ] GC(28) Clearing All SoftReferences
[2024-07-24T23:00:41.832+0800][2.254s][gc,phases   ] GC(28) Pause Mark Start 0.038ms
[2024-07-24T23:00:41.834+0800][2.256s][gc,phases   ] GC(28) Concurrent Mark 2.174ms
[2024-07-24T23:00:41.834+0800][2.256s][gc,phases   ] GC(28) Pause Mark End 0.013ms
[2024-07-24T23:00:41.834+0800][2.256s][gc,phases   ] GC(28) Concurrent Mark Free 0.001ms
[2024-07-24T23:00:41.835+0800][2.257s][gc,phases   ] GC(28) Concurrent Process Non-Strong References 0.626ms
[2024-07-24T23:00:41.835+0800][2.257s][gc,phases   ] GC(28) Concurrent Reset Relocation Set 0.001ms
[2024-07-24T23:00:41.837+0800][2.259s][gc          ] Allocation Stall (main) 5.580ms
[2024-07-24T23:00:41.837+0800][2.259s][gc,phases   ] GC(28) Concurrent Select Relocation Set 2.019ms
[2024-07-24T23:00:41.837+0800][2.259s][gc,phases   ] GC(28) Pause Relocate Start 0.008ms
[2024-07-24T23:00:41.837+0800][2.260s][gc,phases   ] GC(28) Concurrent Relocate 0.101ms
[2024-07-24T23:00:41.837+0800][2.260s][gc,load     ] GC(28) Load: 0.00/0.00/0.00
[2024-07-24T23:00:41.837+0800][2.260s][gc,mmu      ] GC(28) MMU: 2ms/94.0%, 5ms/97.6%, 10ms/98.7%, 20ms/99.3%, 50ms/99.7%, 100ms/99.8%
[2024-07-24T23:00:41.837+0800][2.260s][gc,marking  ] GC(28) Mark: 1 stripe(s), 1 proactive flush(es), 1 terminate flush(es), 0 completion(s), 0 continuation(s) 
[2024-07-24T23:00:41.837+0800][2.260s][gc,marking  ] GC(28) Mark Stack Usage: 32M
[2024-07-24T23:00:41.837+0800][2.260s][gc,nmethod  ] GC(28) NMethods: 222 registered, 0 unregistered
[2024-07-24T23:00:41.837+0800][2.260s][gc,metaspace] GC(28) Metaspace: 0M used, 0M committed, 1088M reserved
[2024-07-24T23:00:41.837+0800][2.260s][gc,ref      ] GC(28) Soft: 62 encountered, 37 discovered, 0 enqueued
[2024-07-24T23:00:41.837+0800][2.260s][gc,ref      ] GC(28) Weak: 187 encountered, 170 discovered, 0 enqueued
[2024-07-24T23:00:41.837+0800][2.260s][gc,ref      ] GC(28) Final: 0 encountered, 0 discovered, 0 enqueued
[2024-07-24T23:00:41.838+0800][2.260s][gc,ref      ] GC(28) Phantom: 1 encountered, 0 discovered, 0 enqueued
[2024-07-24T23:00:41.838+0800][2.260s][gc,reloc    ] GC(28) Small Pages: 2 / 4M, Empty: 2M, Relocated: 0M, In-Place: 0
[2024-07-24T23:00:41.838+0800][2.260s][gc,reloc    ] GC(28) Medium Pages: 0 / 0M, Empty: 0M, Relocated: 0M, In-Place: 0
[2024-07-24T23:00:41.838+0800][2.260s][gc,reloc    ] GC(28) Large Pages: 62 / 124M, Empty: 92M, Relocated: 0M, In-Place: 0
[2024-07-24T23:00:41.838+0800][2.260s][gc,reloc    ] GC(28) Forwarding Usage: 0M
[2024-07-24T23:00:41.838+0800][2.260s][gc,heap     ] GC(28) Min Capacity: 8M(6%)
[2024-07-24T23:00:41.838+0800][2.260s][gc,heap     ] GC(28) Max Capacity: 128M(100%)
[2024-07-24T23:00:41.838+0800][2.260s][gc,heap     ] GC(28) Soft Max Capacity: 128M(100%)
[2024-07-24T23:00:41.838+0800][2.260s][gc,heap     ] GC(28)                Mark Start          Mark End        Relocate Start      Relocate End           High               Low         
[2024-07-24T23:00:41.838+0800][2.260s][gc,heap     ] GC(28)  Capacity:      128M (100%)        128M (100%)        128M (100%)        128M (100%)        128M (100%)        128M (100%)   
[2024-07-24T23:00:41.838+0800][2.260s][gc,heap     ] GC(28)      Free:        0M (0%)            0M (0%)           92M (72%)          88M (69%)          94M (73%)           0M (0%)     
[2024-07-24T23:00:41.838+0800][2.260s][gc,heap     ] GC(28)      Used:      128M (100%)        128M (100%)         36M (28%)          40M (31%)         128M (100%)         34M (27%)    
[2024-07-24T23:00:41.838+0800][2.260s][gc,heap     ] GC(28)      Live:         -                33M (26%)          33M (26%)          33M (26%)            -                  -          
[2024-07-24T23:00:41.838+0800][2.260s][gc,heap     ] GC(28) Allocated:         -                 0M (0%)            2M (2%)            6M (5%)             -                  -          
[2024-07-24T23:00:41.838+0800][2.260s][gc,heap     ] GC(28)   Garbage:         -                94M (74%)           0M (1%)            0M (1%)             -                  -          
[2024-07-24T23:00:41.838+0800][2.260s][gc,heap     ] GC(28) Reclaimed:         -                  -                94M (73%)          94M (73%)            -                  -          
[2024-07-24T23:00:41.838+0800][2.260s][gc          ] GC(28) Garbage Collection (Allocation Stall) 128M(100%)->40M(31%)
[2024-07-24T23:00:41.847+0800][2.268s][gc,start    ] GC(29) Garbage Collection (Allocation Rate)
[2024-07-24T23:00:41.847+0800][2.268s][gc,task     ] GC(29) Using 1 workers
[2024-07-24T23:00:41.847+0800][2.269s][gc,phases   ] GC(29) Pause Mark Start 0.008ms
[2024-07-24T23:00:41.849+0800][2.271s][gc,phases   ] GC(29) Concurrent Mark 2.116ms
[2024-07-24T23:00:41.849+0800][2.271s][gc,phases   ] GC(29) Pause Mark End 0.006ms
[2024-07-24T23:00:41.849+0800][2.271s][gc,phases   ] GC(29) Concurrent Mark Free 0.001ms
[2024-07-24T23:00:41.850+0800][2.272s][gc,phases   ] GC(29) Concurrent Process Non-Strong References 0.813ms
[2024-07-24T23:00:41.850+0800][2.272s][gc,phases   ] GC(29) Concurrent Reset Relocation Set 0.000ms
[2024-07-24T23:00:41.852+0800][2.274s][gc,phases   ] GC(29) Concurrent Select Relocation Set 1.622ms
[2024-07-24T23:00:41.852+0800][2.274s][gc,phases   ] GC(29) Pause Relocate Start 0.008ms
[2024-07-24T23:00:41.853+0800][2.275s][gc,phases   ] GC(29) Concurrent Relocate 0.887ms
[2024-07-24T23:00:41.853+0800][2.275s][gc,load     ] GC(29) Load: 0.00/0.00/0.00
[2024-07-24T23:00:41.853+0800][2.275s][gc,mmu      ] GC(29) MMU: 2ms/94.0%, 5ms/97.6%, 10ms/98.7%, 20ms/99.3%, 50ms/99.7%, 100ms/99.8%
[2024-07-24T23:00:41.853+0800][2.275s][gc,marking  ] GC(29) Mark: 1 stripe(s), 1 proactive flush(es), 1 terminate flush(es), 0 completion(s), 0 continuation(s) 
[2024-07-24T23:00:41.853+0800][2.275s][gc,marking  ] GC(29) Mark Stack Usage: 32M
[2024-07-24T23:00:41.853+0800][2.275s][gc,nmethod  ] GC(29) NMethods: 222 registered, 0 unregistered
[2024-07-24T23:00:41.853+0800][2.275s][gc,metaspace] GC(29) Metaspace: 0M used, 0M committed, 1088M reserved
[2024-07-24T23:00:41.853+0800][2.275s][gc,ref      ] GC(29) Soft: 62 encountered, 0 discovered, 0 enqueued
[2024-07-24T23:00:41.853+0800][2.275s][gc,ref      ] GC(29) Weak: 187 encountered, 170 discovered, 0 enqueued
[2024-07-24T23:00:41.853+0800][2.275s][gc,ref      ] GC(29) Final: 0 encountered, 0 discovered, 0 enqueued
[2024-07-24T23:00:41.853+0800][2.275s][gc,ref      ] GC(29) Phantom: 1 encountered, 0 discovered, 0 enqueued
[2024-07-24T23:00:41.853+0800][2.275s][gc,reloc    ] GC(29) Small Pages: 2 / 4M, Empty: 0M, Relocated: 1M, In-Place: 0
[2024-07-24T23:00:41.853+0800][2.275s][gc,reloc    ] GC(29) Medium Pages: 0 / 0M, Empty: 0M, Relocated: 0M, In-Place: 0
[2024-07-24T23:00:41.853+0800][2.275s][gc,reloc    ] GC(29) Large Pages: 20 / 40M, Empty: 40M, Relocated: 0M, In-Place: 0
[2024-07-24T23:00:41.853+0800][2.275s][gc,reloc    ] GC(29) Forwarding Usage: 0M
[2024-07-24T23:00:41.853+0800][2.275s][gc,heap     ] GC(29) Min Capacity: 8M(6%)
[2024-07-24T23:00:41.853+0800][2.275s][gc,heap     ] GC(29) Max Capacity: 128M(100%)
[2024-07-24T23:00:41.853+0800][2.275s][gc,heap     ] GC(29) Soft Max Capacity: 128M(100%)
[2024-07-24T23:00:41.853+0800][2.275s][gc,heap     ] GC(29)                Mark Start          Mark End        Relocate Start      Relocate End           High               Low         
[2024-07-24T23:00:41.853+0800][2.275s][gc,heap     ] GC(29)  Capacity:      128M (100%)        128M (100%)        128M (100%)        128M (100%)        128M (100%)        128M (100%)   
[2024-07-24T23:00:41.853+0800][2.275s][gc,heap     ] GC(29)      Free:       84M (66%)          84M (66%)         124M (97%)         126M (98%)         126M (98%)          84M (66%)    
[2024-07-24T23:00:41.853+0800][2.275s][gc,heap     ] GC(29)      Used:       44M (34%)          44M (34%)           4M (3%)            2M (2%)           44M (34%)           2M (2%)     
[2024-07-24T23:00:41.853+0800][2.275s][gc,heap     ] GC(29)      Live:         -                 1M (1%)            1M (1%)            1M (1%)             -                  -          
[2024-07-24T23:00:41.853+0800][2.275s][gc,heap     ] GC(29) Allocated:         -                 0M (0%)            0M (0%)            0M (0%)             -                  -          
[2024-07-24T23:00:41.853+0800][2.275s][gc,heap     ] GC(29)   Garbage:         -                42M (33%)           2M (2%)            0M (1%)             -                  -          
[2024-07-24T23:00:41.853+0800][2.275s][gc,heap     ] GC(29) Reclaimed:         -                  -                40M (31%)          42M (33%)            -                  -          
[2024-07-24T23:00:41.853+0800][2.275s][gc          ] GC(29) Garbage Collection (Allocation Rate) 44M(34%)->2M(2%)
[2024-07-24T23:00:41.943+0800][2.364s][gc,start    ] GC(30) Garbage Collection (Allocation Rate)
[2024-07-24T23:00:41.943+0800][2.364s][gc,task     ] GC(30) Using 1 workers
[2024-07-24T23:00:41.943+0800][2.364s][gc,phases   ] GC(30) Pause Mark Start 0.008ms
[2024-07-24T23:00:41.947+0800][2.369s][gc,phases   ] GC(30) Concurrent Mark 4.314ms
[2024-07-24T23:00:41.947+0800][2.369s][gc,phases   ] GC(30) Pause Mark End 0.007ms
[2024-07-24T23:00:41.947+0800][2.369s][gc,phases   ] GC(30) Concurrent Mark Free 0.001ms
[2024-07-24T23:00:41.948+0800][2.370s][gc,phases   ] GC(30) Concurrent Process Non-Strong References 0.932ms
[2024-07-24T23:00:41.948+0800][2.370s][gc,phases   ] GC(30) Concurrent Reset Relocation Set 0.001ms
[2024-07-24T23:00:41.949+0800][2.372s][gc,phases   ] GC(30) Concurrent Select Relocation Set 1.612ms
[2024-07-24T23:00:41.950+0800][2.372s][gc,phases   ] GC(30) Pause Relocate Start 0.003ms
[2024-07-24T23:00:41.950+0800][2.372s][gc,phases   ] GC(30) Concurrent Relocate 0.068ms
[2024-07-24T23:00:41.950+0800][2.372s][gc,load     ] GC(30) Load: 0.00/0.00/0.00
[2024-07-24T23:00:41.950+0800][2.372s][gc,mmu      ] GC(30) MMU: 2ms/94.0%, 5ms/97.6%, 10ms/98.7%, 20ms/99.3%, 50ms/99.7%, 100ms/99.8%
[2024-07-24T23:00:41.950+0800][2.372s][gc,marking  ] GC(30) Mark: 1 stripe(s), 2 proactive flush(es), 1 terminate flush(es), 0 completion(s), 0 continuation(s) 
[2024-07-24T23:00:41.950+0800][2.372s][gc,marking  ] GC(30) Mark Stack Usage: 32M
[2024-07-24T23:00:41.950+0800][2.372s][gc,nmethod  ] GC(30) NMethods: 229 registered, 0 unregistered
[2024-07-24T23:00:41.950+0800][2.372s][gc,metaspace] GC(30) Metaspace: 0M used, 0M committed, 1088M reserved
[2024-07-24T23:00:41.950+0800][2.372s][gc,ref      ] GC(30) Soft: 62 encountered, 0 discovered, 0 enqueued
[2024-07-24T23:00:41.950+0800][2.372s][gc,ref      ] GC(30) Weak: 187 encountered, 170 discovered, 0 enqueued
[2024-07-24T23:00:41.950+0800][2.372s][gc,ref      ] GC(30) Final: 0 encountered, 0 discovered, 0 enqueued
[2024-07-24T23:00:41.950+0800][2.372s][gc,ref      ] GC(30) Phantom: 1 encountered, 0 discovered, 0 enqueued
[2024-07-24T23:00:41.950+0800][2.372s][gc,reloc    ] GC(30) Small Pages: 2 / 4M, Empty: 2M, Relocated: 0M, In-Place: 0
[2024-07-24T23:00:41.950+0800][2.372s][gc,reloc    ] GC(30) Medium Pages: 0 / 0M, Empty: 0M, Relocated: 0M, In-Place: 0
[2024-07-24T23:00:41.950+0800][2.372s][gc,reloc    ] GC(30) Large Pages: 53 / 106M, Empty: 104M, Relocated: 0M, In-Place: 0
[2024-07-24T23:00:41.950+0800][2.372s][gc,reloc    ] GC(30) Forwarding Usage: 0M
[2024-07-24T23:00:41.950+0800][2.372s][gc,heap     ] GC(30) Min Capacity: 8M(6%)
[2024-07-24T23:00:41.950+0800][2.372s][gc,heap     ] GC(30) Max Capacity: 128M(100%)
[2024-07-24T23:00:41.950+0800][2.372s][gc,heap     ] GC(30) Soft Max Capacity: 128M(100%)
[2024-07-24T23:00:41.950+0800][2.372s][gc,heap     ] GC(30)                Mark Start          Mark End        Relocate Start      Relocate End           High               Low         
[2024-07-24T23:00:41.950+0800][2.372s][gc,heap     ] GC(30)  Capacity:      128M (100%)        128M (100%)        128M (100%)        128M (100%)        128M (100%)        128M (100%)   
[2024-07-24T23:00:41.950+0800][2.372s][gc,heap     ] GC(30)      Free:       18M (14%)           2M (2%)          108M (84%)         108M (84%)         108M (84%)           2M (2%)     
[2024-07-24T23:00:41.950+0800][2.372s][gc,heap     ] GC(30)      Used:      110M (86%)         126M (98%)          20M (16%)          20M (16%)         126M (98%)          20M (16%)    
[2024-07-24T23:00:41.950+0800][2.372s][gc,heap     ] GC(30)      Live:         -                 3M (3%)            3M (3%)            3M (3%)             -                  -          
[2024-07-24T23:00:41.950+0800][2.372s][gc,heap     ] GC(30) Allocated:         -                16M (12%)          16M (12%)          16M (12%)            -                  -          
[2024-07-24T23:00:41.950+0800][2.372s][gc,heap     ] GC(30)   Garbage:         -               106M (83%)           0M (1%)            0M (1%)             -                  -          
[2024-07-24T23:00:41.950+0800][2.372s][gc,heap     ] GC(30) Reclaimed:         -                  -               106M (83%)         106M (83%)            -                  -          
[2024-07-24T23:00:41.950+0800][2.373s][gc          ] GC(30) Garbage Collection (Allocation Rate) 110M(86%)->20M(16%)
[2024-07-24T23:00:42.037+0800][2.458s][gc,start    ] GC(31) Garbage Collection (Allocation Rate)
[2024-07-24T23:00:42.037+0800][2.458s][gc,task     ] GC(31) Using 1 workers
[2024-07-24T23:00:42.037+0800][2.459s][gc,phases   ] GC(31) Pause Mark Start 0.006ms
[2024-07-24T23:00:42.039+0800][2.461s][gc,phases   ] GC(31) Concurrent Mark 2.755ms
[2024-07-24T23:00:42.039+0800][2.462s][gc,phases   ] GC(31) Pause Mark End 0.008ms
[2024-07-24T23:00:42.040+0800][2.462s][gc,phases   ] GC(31) Concurrent Mark Free 0.001ms
[2024-07-24T23:00:42.040+0800][2.463s][gc,phases   ] GC(31) Concurrent Process Non-Strong References 0.858ms
[2024-07-24T23:00:42.040+0800][2.463s][gc,phases   ] GC(31) Concurrent Reset Relocation Set 0.000ms
[2024-07-24T23:00:42.043+0800][2.464s][gc          ] Allocation Stall (main) 4.396ms
[2024-07-24T23:00:42.043+0800][2.464s][gc,phases   ] GC(31) Concurrent Select Relocation Set 1.583ms
[2024-07-24T23:00:42.043+0800][2.465s][gc,phases   ] GC(31) Pause Relocate Start 0.003ms
[2024-07-24T23:00:42.043+0800][2.465s][gc,phases   ] GC(31) Concurrent Relocate 0.068ms
[2024-07-24T23:00:42.043+0800][2.465s][gc,load     ] GC(31) Load: 0.00/0.00/0.00
[2024-07-24T23:00:42.043+0800][2.465s][gc,mmu      ] GC(31) MMU: 2ms/94.0%, 5ms/97.6%, 10ms/98.7%, 20ms/99.3%, 50ms/99.7%, 100ms/99.8%
[2024-07-24T23:00:42.043+0800][2.465s][gc,marking  ] GC(31) Mark: 1 stripe(s), 2 proactive flush(es), 1 terminate flush(es), 0 completion(s), 0 continuation(s) 
[2024-07-24T23:00:42.043+0800][2.465s][gc,marking  ] GC(31) Mark Stack Usage: 32M
[2024-07-24T23:00:42.043+0800][2.465s][gc,nmethod  ] GC(31) NMethods: 229 registered, 0 unregistered
[2024-07-24T23:00:42.043+0800][2.465s][gc,metaspace] GC(31) Metaspace: 0M used, 0M committed, 1088M reserved
[2024-07-24T23:00:42.043+0800][2.465s][gc,ref      ] GC(31) Soft: 62 encountered, 0 discovered, 0 enqueued
[2024-07-24T23:00:42.043+0800][2.465s][gc,ref      ] GC(31) Weak: 187 encountered, 170 discovered, 0 enqueued
[2024-07-24T23:00:42.043+0800][2.465s][gc,ref      ] GC(31) Final: 0 encountered, 0 discovered, 0 enqueued
[2024-07-24T23:00:42.043+0800][2.465s][gc,ref      ] GC(31) Phantom: 1 encountered, 0 discovered, 0 enqueued
[2024-07-24T23:00:42.043+0800][2.465s][gc,reloc    ] GC(31) Small Pages: 2 / 4M, Empty: 2M, Relocated: 0M, In-Place: 0
[2024-07-24T23:00:42.043+0800][2.465s][gc,reloc    ] GC(31) Medium Pages: 0 / 0M, Empty: 0M, Relocated: 0M, In-Place: 0
[2024-07-24T23:00:42.043+0800][2.465s][gc,reloc    ] GC(31) Large Pages: 60 / 120M, Empty: 96M, Relocated: 0M, In-Place: 0
[2024-07-24T23:00:42.043+0800][2.465s][gc,reloc    ] GC(31) Forwarding Usage: 0M
[2024-07-24T23:00:42.043+0800][2.465s][gc,heap     ] GC(31) Min Capacity: 8M(6%)
[2024-07-24T23:00:42.043+0800][2.465s][gc,heap     ] GC(31) Max Capacity: 128M(100%)
[2024-07-24T23:00:42.043+0800][2.465s][gc,heap     ] GC(31) Soft Max Capacity: 128M(100%)
[2024-07-24T23:00:42.043+0800][2.465s][gc,heap     ] GC(31)                Mark Start          Mark End        Relocate Start      Relocate End           High               Low         
[2024-07-24T23:00:42.043+0800][2.465s][gc,heap     ] GC(31)  Capacity:      128M (100%)        128M (100%)        128M (100%)        128M (100%)        128M (100%)        128M (100%)   
[2024-07-24T23:00:42.043+0800][2.465s][gc,heap     ] GC(31)      Free:        4M (3%)            0M (0%)           96M (75%)          94M (73%)          98M (77%)           0M (0%)     
[2024-07-24T23:00:42.043+0800][2.465s][gc,heap     ] GC(31)      Used:      124M (97%)         128M (100%)         32M (25%)          34M (27%)         128M (100%)         30M (23%)    
[2024-07-24T23:00:42.043+0800][2.465s][gc,heap     ] GC(31)      Live:         -                25M (20%)          25M (20%)          25M (20%)            -                  -          
[2024-07-24T23:00:42.043+0800][2.465s][gc,heap     ] GC(31) Allocated:         -                 4M (3%)            6M (5%)            8M (6%)             -                  -          
[2024-07-24T23:00:42.043+0800][2.465s][gc,heap     ] GC(31)   Garbage:         -                98M (77%)           0M (1%)            0M (1%)             -                  -          
[2024-07-24T23:00:42.043+0800][2.465s][gc,heap     ] GC(31) Reclaimed:         -                  -                98M (77%)          98M (77%)            -                  -          
[2024-07-24T23:00:42.043+0800][2.465s][gc          ] GC(31) Garbage Collection (Allocation Rate) 124M(97%)->34M(27%)
[2024-07-24T23:00:42.131+0800][2.553s][gc,start    ] GC(32) Garbage Collection (Allocation Stall)
[2024-07-24T23:00:42.131+0800][2.553s][gc,ref      ] GC(32) Clearing All SoftReferences
[2024-07-24T23:00:42.131+0800][2.553s][gc,task     ] GC(32) Using 1 workers
[2024-07-24T23:00:42.131+0800][2.553s][gc,ref      ] GC(32) Clearing All SoftReferences
[2024-07-24T23:00:42.131+0800][2.553s][gc,phases   ] GC(32) Pause Mark Start 0.034ms
[2024-07-24T23:00:42.133+0800][2.555s][gc,phases   ] GC(32) Concurrent Mark 2.030ms
[2024-07-24T23:00:42.133+0800][2.556s][gc,phases   ] GC(32) Pause Mark End 0.005ms
[2024-07-24T23:00:42.134+0800][2.556s][gc,phases   ] GC(32) Concurrent Mark Free 0.001ms
[2024-07-24T23:00:42.134+0800][2.557s][gc,phases   ] GC(32) Concurrent Process Non-Strong References 0.780ms
[2024-07-24T23:00:42.134+0800][2.557s][gc,phases   ] GC(32) Concurrent Reset Relocation Set 0.001ms
[2024-07-24T23:00:42.136+0800][2.558s][gc          ] Allocation Stall (main) 5.339ms
[2024-07-24T23:00:42.136+0800][2.558s][gc,phases   ] GC(32) Concurrent Select Relocation Set 1.722ms
[2024-07-24T23:00:42.136+0800][2.559s][gc,phases   ] GC(32) Pause Relocate Start 0.004ms
[2024-07-24T23:00:42.137+0800][2.559s][gc,phases   ] GC(32) Concurrent Relocate 0.034ms
[2024-07-24T23:00:42.137+0800][2.559s][gc,load     ] GC(32) Load: 0.00/0.00/0.00
[2024-07-24T23:00:42.137+0800][2.559s][gc,mmu      ] GC(32) MMU: 2ms/94.0%, 5ms/97.6%, 10ms/98.7%, 20ms/99.3%, 50ms/99.7%, 100ms/99.8%
[2024-07-24T23:00:42.137+0800][2.559s][gc,marking  ] GC(32) Mark: 1 stripe(s), 1 proactive flush(es), 1 terminate flush(es), 0 completion(s), 0 continuation(s) 
[2024-07-24T23:00:42.137+0800][2.559s][gc,marking  ] GC(32) Mark Stack Usage: 32M
[2024-07-24T23:00:42.137+0800][2.559s][gc,nmethod  ] GC(32) NMethods: 229 registered, 0 unregistered
[2024-07-24T23:00:42.137+0800][2.559s][gc,metaspace] GC(32) Metaspace: 0M used, 0M committed, 1088M reserved
[2024-07-24T23:00:42.137+0800][2.559s][gc,ref      ] GC(32) Soft: 62 encountered, 37 discovered, 0 enqueued
[2024-07-24T23:00:42.137+0800][2.559s][gc,ref      ] GC(32) Weak: 187 encountered, 170 discovered, 0 enqueued
[2024-07-24T23:00:42.137+0800][2.559s][gc,ref      ] GC(32) Final: 0 encountered, 0 discovered, 0 enqueued
[2024-07-24T23:00:42.137+0800][2.559s][gc,ref      ] GC(32) Phantom: 1 encountered, 0 discovered, 0 enqueued
[2024-07-24T23:00:42.137+0800][2.559s][gc,reloc    ] GC(32) Small Pages: 2 / 4M, Empty: 2M, Relocated: 0M, In-Place: 0
[2024-07-24T23:00:42.137+0800][2.559s][gc,reloc    ] GC(32) Medium Pages: 0 / 0M, Empty: 0M, Relocated: 0M, In-Place: 0
[2024-07-24T23:00:42.137+0800][2.559s][gc,reloc    ] GC(32) Large Pages: 62 / 124M, Empty: 120M, Relocated: 0M, In-Place: 0
[2024-07-24T23:00:42.137+0800][2.559s][gc,reloc    ] GC(32) Forwarding Usage: 0M
[2024-07-24T23:00:42.137+0800][2.559s][gc,heap     ] GC(32) Min Capacity: 8M(6%)
[2024-07-24T23:00:42.137+0800][2.559s][gc,heap     ] GC(32) Max Capacity: 128M(100%)
[2024-07-24T23:00:42.137+0800][2.559s][gc,heap     ] GC(32) Soft Max Capacity: 128M(100%)
[2024-07-24T23:00:42.137+0800][2.559s][gc,heap     ] GC(32)                Mark Start          Mark End        Relocate Start      Relocate End           High               Low         
[2024-07-24T23:00:42.137+0800][2.559s][gc,heap     ] GC(32)  Capacity:      128M (100%)        128M (100%)        128M (100%)        128M (100%)        128M (100%)        128M (100%)   
[2024-07-24T23:00:42.137+0800][2.559s][gc,heap     ] GC(32)      Free:        0M (0%)            0M (0%)          120M (94%)         120M (94%)         122M (95%)           0M (0%)     
[2024-07-24T23:00:42.137+0800][2.559s][gc,heap     ] GC(32)      Used:      128M (100%)        128M (100%)          8M (6%)            8M (6%)          128M (100%)          6M (5%)     
[2024-07-24T23:00:42.137+0800][2.559s][gc,heap     ] GC(32)      Live:         -                 5M (4%)            5M (4%)            5M (4%)             -                  -          
[2024-07-24T23:00:42.137+0800][2.559s][gc,heap     ] GC(32) Allocated:         -                 0M (0%)            2M (2%)            2M (2%)             -                  -          
[2024-07-24T23:00:42.137+0800][2.559s][gc,heap     ] GC(32)   Garbage:         -               122M (96%)           0M (1%)            0M (1%)             -                  -          
[2024-07-24T23:00:42.137+0800][2.559s][gc,heap     ] GC(32) Reclaimed:         -                  -               122M (95%)         122M (95%)            -                  -          
[2024-07-24T23:00:42.137+0800][2.559s][gc          ] GC(32) Garbage Collection (Allocation Stall) 128M(100%)->8M(6%)
[2024-07-24T23:00:42.147+0800][2.569s][gc,start    ] GC(33) Garbage Collection (Allocation Rate)
[2024-07-24T23:00:42.147+0800][2.569s][gc,task     ] GC(33) Using 1 workers
[2024-07-24T23:00:42.147+0800][2.569s][gc,phases   ] GC(33) Pause Mark Start 0.008ms
[2024-07-24T23:00:42.150+0800][2.571s][gc,phases   ] GC(33) Concurrent Mark 2.249ms
[2024-07-24T23:00:42.150+0800][2.572s][gc,phases   ] GC(33) Pause Mark End 0.010ms
[2024-07-24T23:00:42.150+0800][2.572s][gc,phases   ] GC(33) Concurrent Mark Free 0.001ms
[2024-07-24T23:00:42.151+0800][2.573s][gc,phases   ] GC(33) Concurrent Process Non-Strong References 0.895ms
[2024-07-24T23:00:42.151+0800][2.573s][gc,phases   ] GC(33) Concurrent Reset Relocation Set 0.000ms
[2024-07-24T23:00:42.153+0800][2.574s][gc,phases   ] GC(33) Concurrent Select Relocation Set 1.645ms
[2024-07-24T23:00:42.153+0800][2.574s][gc,phases   ] GC(33) Pause Relocate Start 0.004ms
[2024-07-24T23:00:42.154+0800][2.576s][gc,phases   ] GC(33) Concurrent Relocate 1.032ms
[2024-07-24T23:00:42.154+0800][2.576s][gc,load     ] GC(33) Load: 0.00/0.00/0.00
[2024-07-24T23:00:42.154+0800][2.576s][gc,mmu      ] GC(33) MMU: 2ms/94.0%, 5ms/97.6%, 10ms/98.7%, 20ms/99.3%, 50ms/99.7%, 100ms/99.8%
[2024-07-24T23:00:42.154+0800][2.576s][gc,marking  ] GC(33) Mark: 1 stripe(s), 1 proactive flush(es), 1 terminate flush(es), 0 completion(s), 0 continuation(s) 
[2024-07-24T23:00:42.154+0800][2.576s][gc,marking  ] GC(33) Mark Stack Usage: 32M
[2024-07-24T23:00:42.154+0800][2.576s][gc,nmethod  ] GC(33) NMethods: 229 registered, 0 unregistered
[2024-07-24T23:00:42.154+0800][2.576s][gc,metaspace] GC(33) Metaspace: 0M used, 0M committed, 1088M reserved
[2024-07-24T23:00:42.154+0800][2.576s][gc,ref      ] GC(33) Soft: 62 encountered, 0 discovered, 0 enqueued
[2024-07-24T23:00:42.154+0800][2.576s][gc,ref      ] GC(33) Weak: 187 encountered, 170 discovered, 0 enqueued
[2024-07-24T23:00:42.154+0800][2.576s][gc,ref      ] GC(33) Final: 0 encountered, 0 discovered, 0 enqueued
[2024-07-24T23:00:42.154+0800][2.576s][gc,ref      ] GC(33) Phantom: 1 encountered, 0 discovered, 0 enqueued
[2024-07-24T23:00:42.154+0800][2.576s][gc,reloc    ] GC(33) Small Pages: 2 / 4M, Empty: 0M, Relocated: 1M, In-Place: 0
[2024-07-24T23:00:42.154+0800][2.576s][gc,reloc    ] GC(33) Medium Pages: 0 / 0M, Empty: 0M, Relocated: 0M, In-Place: 0
[2024-07-24T23:00:42.154+0800][2.576s][gc,reloc    ] GC(33) Large Pages: 10 / 20M, Empty: 0M, Relocated: 0M, In-Place: 0
[2024-07-24T23:00:42.154+0800][2.576s][gc,reloc    ] GC(33) Forwarding Usage: 0M
[2024-07-24T23:00:42.154+0800][2.576s][gc,heap     ] GC(33) Min Capacity: 8M(6%)
[2024-07-24T23:00:42.154+0800][2.576s][gc,heap     ] GC(33) Max Capacity: 128M(100%)
[2024-07-24T23:00:42.154+0800][2.576s][gc,heap     ] GC(33) Soft Max Capacity: 128M(100%)
[2024-07-24T23:00:42.154+0800][2.576s][gc,heap     ] GC(33)                Mark Start          Mark End        Relocate Start      Relocate End           High               Low         
[2024-07-24T23:00:42.154+0800][2.576s][gc,heap     ] GC(33)  Capacity:      128M (100%)        128M (100%)        128M (100%)        128M (100%)        128M (100%)        128M (100%)   
[2024-07-24T23:00:42.154+0800][2.576s][gc,heap     ] GC(33)      Free:      104M (81%)         104M (81%)         104M (81%)         106M (83%)         106M (83%)         102M (80%)    
[2024-07-24T23:00:42.154+0800][2.576s][gc,heap     ] GC(33)      Used:       24M (19%)          24M (19%)          24M (19%)          22M (17%)          26M (20%)          22M (17%)    
[2024-07-24T23:00:42.154+0800][2.576s][gc,heap     ] GC(33)      Live:         -                21M (17%)          21M (17%)          21M (17%)            -                  -          
[2024-07-24T23:00:42.154+0800][2.576s][gc,heap     ] GC(33) Allocated:         -                 0M (0%)            0M (0%)            0M (0%)             -                  -          
[2024-07-24T23:00:42.154+0800][2.576s][gc,heap     ] GC(33)   Garbage:         -                 2M (2%)            2M (2%)            0M (1%)             -                  -          
[2024-07-24T23:00:42.154+0800][2.576s][gc,heap     ] GC(33) Reclaimed:         -                  -                 0M (0%)            2M (2%)             -                  -          
[2024-07-24T23:00:42.154+0800][2.576s][gc          ] GC(33) Garbage Collection (Allocation Rate) 24M(19%)->22M(17%)
[2024-07-24T23:00:42.240+0800][2.661s][gc,start    ] GC(34) Garbage Collection (Allocation Rate)
[2024-07-24T23:00:42.240+0800][2.662s][gc,task     ] GC(34) Using 1 workers
[2024-07-24T23:00:42.241+0800][2.662s][gc,phases   ] GC(34) Pause Mark Start 0.009ms
[2024-07-24T23:00:42.244+0800][2.666s][gc,phases   ] GC(34) Concurrent Mark 3.589ms
[2024-07-24T23:00:42.245+0800][2.666s][gc,phases   ] GC(34) Pause Mark End 0.007ms
[2024-07-24T23:00:42.245+0800][2.666s][gc,phases   ] GC(34) Concurrent Mark Free 0.001ms
[2024-07-24T23:00:42.246+0800][2.667s][gc,phases   ] GC(34) Concurrent Process Non-Strong References 0.945ms
[2024-07-24T23:00:42.246+0800][2.667s][gc,phases   ] GC(34) Concurrent Reset Relocation Set 0.001ms
[2024-07-24T23:00:42.247+0800][2.668s][gc          ] Allocation Stall (main) 5.823ms
[2024-07-24T23:00:42.247+0800][2.668s][gc,phases   ] GC(34) Concurrent Select Relocation Set 1.427ms
[2024-07-24T23:00:42.247+0800][2.669s][gc,phases   ] GC(34) Pause Relocate Start 0.004ms
[2024-07-24T23:00:42.247+0800][2.669s][gc,phases   ] GC(34) Concurrent Relocate 0.113ms
[2024-07-24T23:00:42.248+0800][2.669s][gc,load     ] GC(34) Load: 0.00/0.00/0.00
[2024-07-24T23:00:42.248+0800][2.669s][gc,mmu      ] GC(34) MMU: 2ms/94.0%, 5ms/97.6%, 10ms/98.7%, 20ms/99.3%, 50ms/99.7%, 100ms/99.8%
[2024-07-24T23:00:42.248+0800][2.669s][gc,marking  ] GC(34) Mark: 1 stripe(s), 2 proactive flush(es), 1 terminate flush(es), 0 completion(s), 0 continuation(s) 
[2024-07-24T23:00:42.248+0800][2.669s][gc,marking  ] GC(34) Mark Stack Usage: 32M
[2024-07-24T23:00:42.248+0800][2.669s][gc,nmethod  ] GC(34) NMethods: 229 registered, 0 unregistered
[2024-07-24T23:00:42.248+0800][2.669s][gc,metaspace] GC(34) Metaspace: 0M used, 0M committed, 1088M reserved
[2024-07-24T23:00:42.248+0800][2.669s][gc,ref      ] GC(34) Soft: 62 encountered, 0 discovered, 0 enqueued
[2024-07-24T23:00:42.248+0800][2.669s][gc,ref      ] GC(34) Weak: 187 encountered, 170 discovered, 0 enqueued
[2024-07-24T23:00:42.248+0800][2.669s][gc,ref      ] GC(34) Final: 0 encountered, 0 discovered, 0 enqueued
[2024-07-24T23:00:42.248+0800][2.669s][gc,ref      ] GC(34) Phantom: 1 encountered, 0 discovered, 0 enqueued
[2024-07-24T23:00:42.248+0800][2.669s][gc,reloc    ] GC(34) Small Pages: 2 / 4M, Empty: 2M, Relocated: 0M, In-Place: 0
[2024-07-24T23:00:42.248+0800][2.669s][gc,reloc    ] GC(34) Medium Pages: 0 / 0M, Empty: 0M, Relocated: 0M, In-Place: 0
[2024-07-24T23:00:42.248+0800][2.669s][gc,reloc    ] GC(34) Large Pages: 62 / 124M, Empty: 120M, Relocated: 0M, In-Place: 0
[2024-07-24T23:00:42.248+0800][2.669s][gc,reloc    ] GC(34) Forwarding Usage: 0M
[2024-07-24T23:00:42.248+0800][2.669s][gc,heap     ] GC(34) Min Capacity: 8M(6%)
[2024-07-24T23:00:42.248+0800][2.669s][gc,heap     ] GC(34) Max Capacity: 128M(100%)
[2024-07-24T23:00:42.248+0800][2.669s][gc,heap     ] GC(34) Soft Max Capacity: 128M(100%)
[2024-07-24T23:00:42.248+0800][2.669s][gc,heap     ] GC(34)                Mark Start          Mark End        Relocate Start      Relocate End           High               Low         
[2024-07-24T23:00:42.248+0800][2.669s][gc,heap     ] GC(34)  Capacity:      128M (100%)        128M (100%)        128M (100%)        128M (100%)        128M (100%)        128M (100%)   
[2024-07-24T23:00:42.248+0800][2.669s][gc,heap     ] GC(34)      Free:        0M (0%)            0M (0%)          120M (94%)         116M (91%)         122M (95%)           0M (0%)     
[2024-07-24T23:00:42.248+0800][2.669s][gc,heap     ] GC(34)      Used:      128M (100%)        128M (100%)          8M (6%)           12M (9%)          128M (100%)          6M (5%)     
[2024-07-24T23:00:42.248+0800][2.669s][gc,heap     ] GC(34)      Live:         -                 5M (4%)            5M (4%)            5M (4%)             -                  -          
[2024-07-24T23:00:42.248+0800][2.669s][gc,heap     ] GC(34) Allocated:         -                 0M (0%)            2M (2%)            6M (5%)             -                  -          
[2024-07-24T23:00:42.248+0800][2.669s][gc,heap     ] GC(34)   Garbage:         -               122M (96%)           0M (1%)            0M (1%)             -                  -          
[2024-07-24T23:00:42.248+0800][2.669s][gc,heap     ] GC(34) Reclaimed:         -                  -               122M (95%)         122M (95%)            -                  -          
[2024-07-24T23:00:42.248+0800][2.669s][gc          ] GC(34) Garbage Collection (Allocation Rate) 128M(100%)->12M(9%)
[2024-07-24T23:00:42.334+0800][2.756s][gc,start    ] GC(35) Garbage Collection (Allocation Stall)
[2024-07-24T23:00:42.334+0800][2.756s][gc,ref      ] GC(35) Clearing All SoftReferences
[2024-07-24T23:00:42.334+0800][2.756s][gc,task     ] GC(35) Using 1 workers
[2024-07-24T23:00:42.335+0800][2.756s][gc,ref      ] GC(35) Clearing All SoftReferences
[2024-07-24T23:00:42.335+0800][2.756s][gc,phases   ] GC(35) Pause Mark Start 0.059ms
[2024-07-24T23:00:42.337+0800][2.759s][gc,phases   ] GC(35) Concurrent Mark 2.725ms
[2024-07-24T23:00:42.338+0800][2.760s][gc,phases   ] GC(35) Pause Mark End 0.009ms
[2024-07-24T23:00:42.338+0800][2.760s][gc,phases   ] GC(35) Concurrent Mark Free 0.001ms
[2024-07-24T23:00:42.339+0800][2.761s][gc,phases   ] GC(35) Concurrent Process Non-Strong References 0.932ms
[2024-07-24T23:00:42.339+0800][2.761s][gc,phases   ] GC(35) Concurrent Reset Relocation Set 0.001ms
[2024-07-24T23:00:42.341+0800][2.763s][gc,phases   ] GC(35) Concurrent Select Relocation Set 1.953ms
[2024-07-24T23:00:42.341+0800][2.763s][gc,phases   ] GC(35) Pause Relocate Start 0.009ms
[2024-07-24T23:00:42.341+0800][2.763s][gc,phases   ] GC(35) Concurrent Relocate 0.110ms
[2024-07-24T23:00:42.341+0800][2.763s][gc,load     ] GC(35) Load: 0.00/0.00/0.00
[2024-07-24T23:00:42.341+0800][2.763s][gc,mmu      ] GC(35) MMU: 2ms/94.0%, 5ms/97.6%, 10ms/98.7%, 20ms/99.3%, 50ms/99.7%, 100ms/99.8%
[2024-07-24T23:00:42.341+0800][2.763s][gc,marking  ] GC(35) Mark: 1 stripe(s), 2 proactive flush(es), 1 terminate flush(es), 0 completion(s), 0 continuation(s) 
[2024-07-24T23:00:42.341+0800][2.763s][gc,marking  ] GC(35) Mark Stack Usage: 32M
[2024-07-24T23:00:42.341+0800][2.763s][gc,nmethod  ] GC(35) NMethods: 229 registered, 0 unregistered
[2024-07-24T23:00:42.341+0800][2.763s][gc,metaspace] GC(35) Metaspace: 0M used, 0M committed, 1088M reserved
[2024-07-24T23:00:42.341+0800][2.763s][gc,ref      ] GC(35) Soft: 62 encountered, 35 discovered, 0 enqueued
[2024-07-24T23:00:42.341+0800][2.763s][gc,ref      ] GC(35) Weak: 187 encountered, 170 discovered, 0 enqueued
[2024-07-24T23:00:42.341+0800][2.763s][gc,ref      ] GC(35) Final: 0 encountered, 0 discovered, 0 enqueued
[2024-07-24T23:00:42.341+0800][2.763s][gc,ref      ] GC(35) Phantom: 1 encountered, 0 discovered, 0 enqueued
[2024-07-24T23:00:42.341+0800][2.763s][gc,reloc    ] GC(35) Small Pages: 2 / 4M, Empty: 2M, Relocated: 0M, In-Place: 0
[2024-07-24T23:00:42.341+0800][2.763s][gc,reloc    ] GC(35) Medium Pages: 0 / 0M, Empty: 0M, Relocated: 0M, In-Place: 0
[2024-07-24T23:00:42.341+0800][2.763s][gc,reloc    ] GC(35) Large Pages: 53 / 106M, Empty: 104M, Relocated: 0M, In-Place: 0
[2024-07-24T23:00:42.341+0800][2.763s][gc,reloc    ] GC(35) Forwarding Usage: 0M
[2024-07-24T23:00:42.341+0800][2.763s][gc,heap     ] GC(35) Min Capacity: 8M(6%)
[2024-07-24T23:00:42.341+0800][2.763s][gc,heap     ] GC(35) Max Capacity: 128M(100%)
[2024-07-24T23:00:42.342+0800][2.763s][gc,heap     ] GC(35) Soft Max Capacity: 128M(100%)
[2024-07-24T23:00:42.342+0800][2.763s][gc,heap     ] GC(35)                Mark Start          Mark End        Relocate Start      Relocate End           High               Low         
[2024-07-24T23:00:42.342+0800][2.763s][gc,heap     ] GC(35)  Capacity:      128M (100%)        128M (100%)        128M (100%)        128M (100%)        128M (100%)        128M (100%)   
[2024-07-24T23:00:42.342+0800][2.763s][gc,heap     ] GC(35)      Free:       18M (14%)           2M (2%)          108M (84%)         108M (84%)         108M (84%)           2M (2%)     
[2024-07-24T23:00:42.342+0800][2.763s][gc,heap     ] GC(35)      Used:      110M (86%)         126M (98%)          20M (16%)          20M (16%)         126M (98%)          20M (16%)    
[2024-07-24T23:00:42.342+0800][2.763s][gc,heap     ] GC(35)      Live:         -                 3M (3%)            3M (3%)            3M (3%)             -                  -          
[2024-07-24T23:00:42.342+0800][2.763s][gc,heap     ] GC(35) Allocated:         -                16M (12%)          16M (12%)          16M (12%)            -                  -          
[2024-07-24T23:00:42.342+0800][2.763s][gc,heap     ] GC(35)   Garbage:         -               106M (83%)           0M (1%)            0M (1%)             -                  -          
[2024-07-24T23:00:42.342+0800][2.763s][gc,heap     ] GC(35) Reclaimed:         -                  -               106M (83%)         106M (83%)            -                  -          
[2024-07-24T23:00:42.342+0800][2.764s][gc          ] GC(35) Garbage Collection (Allocation Stall) 110M(86%)->20M(16%)
[2024-07-24T23:00:42.430+0800][2.851s][gc,start    ] GC(36) Garbage Collection (Allocation Stall)
[2024-07-24T23:00:42.430+0800][2.851s][gc,ref      ] GC(36) Clearing All SoftReferences
[2024-07-24T23:00:42.430+0800][2.851s][gc,task     ] GC(36) Using 1 workers
[2024-07-24T23:00:42.430+0800][2.852s][gc,ref      ] GC(36) Clearing All SoftReferences
[2024-07-24T23:00:42.430+0800][2.852s][gc,phases   ] GC(36) Pause Mark Start 0.034ms
[2024-07-24T23:00:42.432+0800][2.854s][gc,phases   ] GC(36) Concurrent Mark 2.058ms
[2024-07-24T23:00:42.433+0800][2.854s][gc,phases   ] GC(36) Pause Mark End 0.005ms
[2024-07-24T23:00:42.433+0800][2.854s][gc,phases   ] GC(36) Concurrent Mark Free 0.001ms
[2024-07-24T23:00:42.434+0800][2.855s][gc,phases   ] GC(36) Concurrent Process Non-Strong References 0.777ms
[2024-07-24T23:00:42.434+0800][2.855s][gc,phases   ] GC(36) Concurrent Reset Relocation Set 0.000ms
[2024-07-24T23:00:42.435+0800][2.856s][gc          ] Allocation Stall (main) 5.026ms
[2024-07-24T23:00:42.435+0800][2.856s][gc,phases   ] GC(36) Concurrent Select Relocation Set 1.383ms
[2024-07-24T23:00:42.435+0800][2.857s][gc,phases   ] GC(36) Pause Relocate Start 0.004ms
[2024-07-24T23:00:42.435+0800][2.857s][gc,phases   ] GC(36) Concurrent Relocate 0.055ms
[2024-07-24T23:00:42.435+0800][2.857s][gc,load     ] GC(36) Load: 0.00/0.00/0.00
[2024-07-24T23:00:42.435+0800][2.857s][gc,mmu      ] GC(36) MMU: 2ms/94.0%, 5ms/97.6%, 10ms/98.7%, 20ms/99.3%, 50ms/99.7%, 100ms/99.8%
[2024-07-24T23:00:42.436+0800][2.857s][gc,marking  ] GC(36) Mark: 1 stripe(s), 1 proactive flush(es), 1 terminate flush(es), 0 completion(s), 0 continuation(s) 
[2024-07-24T23:00:42.436+0800][2.857s][gc,marking  ] GC(36) Mark Stack Usage: 32M
[2024-07-24T23:00:42.436+0800][2.857s][gc,nmethod  ] GC(36) NMethods: 229 registered, 0 unregistered
[2024-07-24T23:00:42.436+0800][2.857s][gc,metaspace] GC(36) Metaspace: 0M used, 0M committed, 1088M reserved
[2024-07-24T23:00:42.436+0800][2.857s][gc,ref      ] GC(36) Soft: 62 encountered, 37 discovered, 0 enqueued
[2024-07-24T23:00:42.436+0800][2.857s][gc,ref      ] GC(36) Weak: 187 encountered, 170 discovered, 0 enqueued
[2024-07-24T23:00:42.436+0800][2.857s][gc,ref      ] GC(36) Final: 0 encountered, 0 discovered, 0 enqueued
[2024-07-24T23:00:42.436+0800][2.857s][gc,ref      ] GC(36) Phantom: 1 encountered, 0 discovered, 0 enqueued
[2024-07-24T23:00:42.436+0800][2.857s][gc,reloc    ] GC(36) Small Pages: 2 / 4M, Empty: 2M, Relocated: 0M, In-Place: 0
[2024-07-24T23:00:42.436+0800][2.857s][gc,reloc    ] GC(36) Medium Pages: 0 / 0M, Empty: 0M, Relocated: 0M, In-Place: 0
[2024-07-24T23:00:42.436+0800][2.857s][gc,reloc    ] GC(36) Large Pages: 62 / 124M, Empty: 96M, Relocated: 0M, In-Place: 0
[2024-07-24T23:00:42.436+0800][2.857s][gc,reloc    ] GC(36) Forwarding Usage: 0M
[2024-07-24T23:00:42.436+0800][2.857s][gc,heap     ] GC(36) Min Capacity: 8M(6%)
[2024-07-24T23:00:42.436+0800][2.857s][gc,heap     ] GC(36) Max Capacity: 128M(100%)
[2024-07-24T23:00:42.436+0800][2.857s][gc,heap     ] GC(36) Soft Max Capacity: 128M(100%)
[2024-07-24T23:00:42.436+0800][2.857s][gc,heap     ] GC(36)                Mark Start          Mark End        Relocate Start      Relocate End           High               Low         
[2024-07-24T23:00:42.436+0800][2.857s][gc,heap     ] GC(36)  Capacity:      128M (100%)        128M (100%)        128M (100%)        128M (100%)        128M (100%)        128M (100%)   
[2024-07-24T23:00:42.436+0800][2.857s][gc,heap     ] GC(36)      Free:        0M (0%)            0M (0%)           94M (73%)          92M (72%)          98M (77%)           0M (0%)     
[2024-07-24T23:00:42.436+0800][2.857s][gc,heap     ] GC(36)      Used:      128M (100%)        128M (100%)         34M (27%)          36M (28%)         128M (100%)         30M (23%)    
[2024-07-24T23:00:42.436+0800][2.857s][gc,heap     ] GC(36)      Live:         -                29M (23%)          29M (23%)          29M (23%)            -                  -          
[2024-07-24T23:00:42.436+0800][2.857s][gc,heap     ] GC(36) Allocated:         -                 0M (0%)            4M (3%)            6M (5%)             -                  -          
[2024-07-24T23:00:42.436+0800][2.857s][gc,heap     ] GC(36)   Garbage:         -                98M (77%)           0M (1%)            0M (1%)             -                  -          
[2024-07-24T23:00:42.436+0800][2.857s][gc,heap     ] GC(36) Reclaimed:         -                  -                98M (77%)          98M (77%)            -                  -          
[2024-07-24T23:00:42.436+0800][2.857s][gc          ] GC(36) Garbage Collection (Allocation Stall) 128M(100%)->36M(28%)
[2024-07-24T23:00:42.445+0800][2.866s][gc,start    ] GC(37) Garbage Collection (Allocation Rate)
[2024-07-24T23:00:42.445+0800][2.866s][gc,task     ] GC(37) Using 1 workers
[2024-07-24T23:00:42.445+0800][2.866s][gc,phases   ] GC(37) Pause Mark Start 0.006ms
[2024-07-24T23:00:42.447+0800][2.869s][gc,phases   ] GC(37) Concurrent Mark 2.319ms
[2024-07-24T23:00:42.448+0800][2.869s][gc,phases   ] GC(37) Pause Mark End 0.007ms
[2024-07-24T23:00:42.448+0800][2.869s][gc,phases   ] GC(37) Concurrent Mark Free 0.001ms
[2024-07-24T23:00:42.449+0800][2.870s][gc,phases   ] GC(37) Concurrent Process Non-Strong References 0.810ms
[2024-07-24T23:00:42.449+0800][2.870s][gc,phases   ] GC(37) Concurrent Reset Relocation Set 0.000ms
[2024-07-24T23:00:42.450+0800][2.871s][gc,phases   ] GC(37) Concurrent Select Relocation Set 1.437ms
[2024-07-24T23:00:42.450+0800][2.872s][gc,phases   ] GC(37) Pause Relocate Start 0.003ms
[2024-07-24T23:00:42.451+0800][2.873s][gc,phases   ] GC(37) Concurrent Relocate 0.925ms
[2024-07-24T23:00:42.451+0800][2.873s][gc,load     ] GC(37) Load: 0.00/0.00/0.00
[2024-07-24T23:00:42.451+0800][2.873s][gc,mmu      ] GC(37) MMU: 2ms/94.0%, 5ms/97.6%, 10ms/98.7%, 20ms/99.3%, 50ms/99.7%, 100ms/99.8%
[2024-07-24T23:00:42.451+0800][2.873s][gc,marking  ] GC(37) Mark: 1 stripe(s), 1 proactive flush(es), 1 terminate flush(es), 0 completion(s), 0 continuation(s) 
[2024-07-24T23:00:42.451+0800][2.873s][gc,marking  ] GC(37) Mark Stack Usage: 32M
[2024-07-24T23:00:42.451+0800][2.873s][gc,nmethod  ] GC(37) NMethods: 229 registered, 0 unregistered
[2024-07-24T23:00:42.451+0800][2.873s][gc,metaspace] GC(37) Metaspace: 0M used, 0M committed, 1088M reserved
[2024-07-24T23:00:42.451+0800][2.873s][gc,ref      ] GC(37) Soft: 62 encountered, 0 discovered, 0 enqueued
[2024-07-24T23:00:42.451+0800][2.873s][gc,ref      ] GC(37) Weak: 187 encountered, 170 discovered, 0 enqueued
[2024-07-24T23:00:42.451+0800][2.873s][gc,ref      ] GC(37) Final: 0 encountered, 0 discovered, 0 enqueued
[2024-07-24T23:00:42.451+0800][2.873s][gc,ref      ] GC(37) Phantom: 1 encountered, 0 discovered, 0 enqueued
[2024-07-24T23:00:42.451+0800][2.873s][gc,reloc    ] GC(37) Small Pages: 2 / 4M, Empty: 0M, Relocated: 1M, In-Place: 0
[2024-07-24T23:00:42.451+0800][2.873s][gc,reloc    ] GC(37) Medium Pages: 0 / 0M, Empty: 0M, Relocated: 0M, In-Place: 0
[2024-07-24T23:00:42.451+0800][2.873s][gc,reloc    ] GC(37) Large Pages: 20 / 40M, Empty: 40M, Relocated: 0M, In-Place: 0
[2024-07-24T23:00:42.451+0800][2.873s][gc,reloc    ] GC(37) Forwarding Usage: 0M
[2024-07-24T23:00:42.451+0800][2.873s][gc,heap     ] GC(37) Min Capacity: 8M(6%)
[2024-07-24T23:00:42.451+0800][2.873s][gc,heap     ] GC(37) Max Capacity: 128M(100%)
[2024-07-24T23:00:42.451+0800][2.873s][gc,heap     ] GC(37) Soft Max Capacity: 128M(100%)
[2024-07-24T23:00:42.451+0800][2.873s][gc,heap     ] GC(37)                Mark Start          Mark End        Relocate Start      Relocate End           High               Low         
[2024-07-24T23:00:42.451+0800][2.873s][gc,heap     ] GC(37)  Capacity:      128M (100%)        128M (100%)        128M (100%)        128M (100%)        128M (100%)        128M (100%)   
[2024-07-24T23:00:42.452+0800][2.873s][gc,heap     ] GC(37)      Free:       84M (66%)          84M (66%)         124M (97%)         126M (98%)         126M (98%)          84M (66%)    
[2024-07-24T23:00:42.452+0800][2.873s][gc,heap     ] GC(37)      Used:       44M (34%)          44M (34%)           4M (3%)            2M (2%)           44M (34%)           2M (2%)     
[2024-07-24T23:00:42.452+0800][2.873s][gc,heap     ] GC(37)      Live:         -                 1M (1%)            1M (1%)            1M (1%)             -                  -          
[2024-07-24T23:00:42.452+0800][2.873s][gc,heap     ] GC(37) Allocated:         -                 0M (0%)            0M (0%)            0M (0%)             -                  -          
[2024-07-24T23:00:42.452+0800][2.873s][gc,heap     ] GC(37)   Garbage:         -                42M (33%)           2M (2%)            0M (1%)             -                  -          
[2024-07-24T23:00:42.452+0800][2.873s][gc,heap     ] GC(37) Reclaimed:         -                  -                40M (31%)          42M (33%)            -                  -          
[2024-07-24T23:00:42.452+0800][2.873s][gc          ] GC(37) Garbage Collection (Allocation Rate) 44M(34%)->2M(2%)
[2024-07-24T23:00:42.540+0800][2.961s][gc,start    ] GC(38) Garbage Collection (Allocation Rate)
[2024-07-24T23:00:42.540+0800][2.961s][gc,task     ] GC(38) Using 1 workers
[2024-07-24T23:00:42.540+0800][2.961s][gc,phases   ] GC(38) Pause Mark Start 0.025ms
[2024-07-24T23:00:42.543+0800][2.965s][gc,phases   ] GC(38) Concurrent Mark 3.358ms
[2024-07-24T23:00:42.544+0800][2.965s][gc,phases   ] GC(38) Pause Mark End 0.008ms
[2024-07-24T23:00:42.544+0800][2.965s][gc,phases   ] GC(38) Concurrent Mark Free 0.001ms
[2024-07-24T23:00:42.545+0800][2.966s][gc,phases   ] GC(38) Concurrent Process Non-Strong References 0.928ms
[2024-07-24T23:00:42.545+0800][2.966s][gc,phases   ] GC(38) Concurrent Reset Relocation Set 0.001ms
[2024-07-24T23:00:42.546+0800][2.968s][gc,phases   ] GC(38) Concurrent Select Relocation Set 1.425ms
[2024-07-24T23:00:42.546+0800][2.968s][gc,phases   ] GC(38) Pause Relocate Start 0.007ms
[2024-07-24T23:00:42.547+0800][2.968s][gc,phases   ] GC(38) Concurrent Relocate 0.100ms
[2024-07-24T23:00:42.547+0800][2.968s][gc,load     ] GC(38) Load: 0.00/0.00/0.00
[2024-07-24T23:00:42.547+0800][2.968s][gc,mmu      ] GC(38) MMU: 2ms/94.0%, 5ms/97.6%, 10ms/98.7%, 20ms/99.3%, 50ms/99.7%, 100ms/99.8%
[2024-07-24T23:00:42.547+0800][2.968s][gc,marking  ] GC(38) Mark: 1 stripe(s), 2 proactive flush(es), 1 terminate flush(es), 0 completion(s), 0 continuation(s) 
[2024-07-24T23:00:42.547+0800][2.968s][gc,marking  ] GC(38) Mark Stack Usage: 32M
[2024-07-24T23:00:42.547+0800][2.968s][gc,nmethod  ] GC(38) NMethods: 229 registered, 0 unregistered
[2024-07-24T23:00:42.547+0800][2.968s][gc,metaspace] GC(38) Metaspace: 0M used, 0M committed, 1088M reserved
[2024-07-24T23:00:42.547+0800][2.968s][gc,ref      ] GC(38) Soft: 62 encountered, 0 discovered, 0 enqueued
[2024-07-24T23:00:42.547+0800][2.968s][gc,ref      ] GC(38) Weak: 187 encountered, 170 discovered, 0 enqueued
[2024-07-24T23:00:42.547+0800][2.968s][gc,ref      ] GC(38) Final: 0 encountered, 0 discovered, 0 enqueued
[2024-07-24T23:00:42.547+0800][2.968s][gc,ref      ] GC(38) Phantom: 1 encountered, 0 discovered, 0 enqueued
[2024-07-24T23:00:42.547+0800][2.968s][gc,reloc    ] GC(38) Small Pages: 2 / 4M, Empty: 2M, Relocated: 0M, In-Place: 0
[2024-07-24T23:00:42.547+0800][2.968s][gc,reloc    ] GC(38) Medium Pages: 0 / 0M, Empty: 0M, Relocated: 0M, In-Place: 0
[2024-07-24T23:00:42.547+0800][2.968s][gc,reloc    ] GC(38) Large Pages: 53 / 106M, Empty: 104M, Relocated: 0M, In-Place: 0
[2024-07-24T23:00:42.547+0800][2.968s][gc,reloc    ] GC(38) Forwarding Usage: 0M
[2024-07-24T23:00:42.547+0800][2.968s][gc,heap     ] GC(38) Min Capacity: 8M(6%)
[2024-07-24T23:00:42.547+0800][2.968s][gc,heap     ] GC(38) Max Capacity: 128M(100%)
[2024-07-24T23:00:42.547+0800][2.968s][gc,heap     ] GC(38) Soft Max Capacity: 128M(100%)
[2024-07-24T23:00:42.547+0800][2.968s][gc,heap     ] GC(38)                Mark Start          Mark End        Relocate Start      Relocate End           High               Low         
[2024-07-24T23:00:42.547+0800][2.968s][gc,heap     ] GC(38)  Capacity:      128M (100%)        128M (100%)        128M (100%)        128M (100%)        128M (100%)        128M (100%)   
[2024-07-24T23:00:42.547+0800][2.968s][gc,heap     ] GC(38)      Free:       18M (14%)           2M (2%)          108M (84%)         108M (84%)         108M (84%)           2M (2%)     
[2024-07-24T23:00:42.547+0800][2.968s][gc,heap     ] GC(38)      Used:      110M (86%)         126M (98%)          20M (16%)          20M (16%)         126M (98%)          20M (16%)    
[2024-07-24T23:00:42.547+0800][2.968s][gc,heap     ] GC(38)      Live:         -                 3M (3%)            3M (3%)            3M (3%)             -                  -          
[2024-07-24T23:00:42.547+0800][2.968s][gc,heap     ] GC(38) Allocated:         -                16M (12%)          16M (12%)          16M (12%)            -                  -          
[2024-07-24T23:00:42.547+0800][2.968s][gc,heap     ] GC(38)   Garbage:         -               106M (83%)           0M (1%)            0M (1%)             -                  -          
[2024-07-24T23:00:42.547+0800][2.968s][gc,heap     ] GC(38) Reclaimed:         -                  -               106M (83%)         106M (83%)            -                  -          
[2024-07-24T23:00:42.547+0800][2.968s][gc          ] GC(38) Garbage Collection (Allocation Rate) 110M(86%)->20M(16%)
[2024-07-24T23:00:42.634+0800][3.055s][gc,start    ] GC(39) Garbage Collection (Allocation Rate)
[2024-07-24T23:00:42.634+0800][3.056s][gc,task     ] GC(39) Using 1 workers
[2024-07-24T23:00:42.634+0800][3.056s][gc,phases   ] GC(39) Pause Mark Start 0.023ms
[2024-07-24T23:00:42.638+0800][3.059s][gc,phases   ] GC(39) Concurrent Mark 3.148ms
[2024-07-24T23:00:42.638+0800][3.060s][gc,phases   ] GC(39) Pause Mark End 0.008ms
[2024-07-24T23:00:42.638+0800][3.060s][gc,phases   ] GC(39) Concurrent Mark Free 0.001ms
[2024-07-24T23:00:42.639+0800][3.061s][gc,phases   ] GC(39) Concurrent Process Non-Strong References 0.904ms
[2024-07-24T23:00:42.639+0800][3.061s][gc,phases   ] GC(39) Concurrent Reset Relocation Set 0.000ms
[2024-07-24T23:00:42.641+0800][3.062s][gc          ] Allocation Stall (main) 5.237ms
[2024-07-24T23:00:42.641+0800][3.062s][gc,phases   ] GC(39) Concurrent Select Relocation Set 1.424ms
[2024-07-24T23:00:42.641+0800][3.062s][gc,phases   ] GC(39) Pause Relocate Start 0.004ms
[2024-07-24T23:00:42.641+0800][3.063s][gc,phases   ] GC(39) Concurrent Relocate 0.109ms
[2024-07-24T23:00:42.641+0800][3.063s][gc,load     ] GC(39) Load: 0.00/0.00/0.00
[2024-07-24T23:00:42.641+0800][3.063s][gc,mmu      ] GC(39) MMU: 2ms/94.0%, 5ms/97.6%, 10ms/98.7%, 20ms/99.3%, 50ms/99.7%, 100ms/99.8%
[2024-07-24T23:00:42.641+0800][3.063s][gc,marking  ] GC(39) Mark: 1 stripe(s), 2 proactive flush(es), 1 terminate flush(es), 0 completion(s), 0 continuation(s) 
[2024-07-24T23:00:42.641+0800][3.063s][gc,marking  ] GC(39) Mark Stack Usage: 32M
[2024-07-24T23:00:42.641+0800][3.063s][gc,nmethod  ] GC(39) NMethods: 230 registered, 0 unregistered
[2024-07-24T23:00:42.641+0800][3.063s][gc,metaspace] GC(39) Metaspace: 0M used, 0M committed, 1088M reserved
[2024-07-24T23:00:42.641+0800][3.063s][gc,ref      ] GC(39) Soft: 62 encountered, 0 discovered, 0 enqueued
[2024-07-24T23:00:42.641+0800][3.063s][gc,ref      ] GC(39) Weak: 187 encountered, 170 discovered, 0 enqueued
[2024-07-24T23:00:42.641+0800][3.063s][gc,ref      ] GC(39) Final: 0 encountered, 0 discovered, 0 enqueued
[2024-07-24T23:00:42.641+0800][3.063s][gc,ref      ] GC(39) Phantom: 1 encountered, 0 discovered, 0 enqueued
[2024-07-24T23:00:42.641+0800][3.063s][gc,reloc    ] GC(39) Small Pages: 2 / 4M, Empty: 2M, Relocated: 0M, In-Place: 0
[2024-07-24T23:00:42.641+0800][3.063s][gc,reloc    ] GC(39) Medium Pages: 0 / 0M, Empty: 0M, Relocated: 0M, In-Place: 0
[2024-07-24T23:00:42.641+0800][3.063s][gc,reloc    ] GC(39) Large Pages: 61 / 122M, Empty: 96M, Relocated: 0M, In-Place: 0
[2024-07-24T23:00:42.641+0800][3.063s][gc,reloc    ] GC(39) Forwarding Usage: 0M
[2024-07-24T23:00:42.641+0800][3.063s][gc,heap     ] GC(39) Min Capacity: 8M(6%)
[2024-07-24T23:00:42.641+0800][3.063s][gc,heap     ] GC(39) Max Capacity: 128M(100%)
[2024-07-24T23:00:42.641+0800][3.063s][gc,heap     ] GC(39) Soft Max Capacity: 128M(100%)
[2024-07-24T23:00:42.641+0800][3.063s][gc,heap     ] GC(39)                Mark Start          Mark End        Relocate Start      Relocate End           High               Low         
[2024-07-24T23:00:42.641+0800][3.063s][gc,heap     ] GC(39)  Capacity:      128M (100%)        128M (100%)        128M (100%)        128M (100%)        128M (100%)        128M (100%)   
[2024-07-24T23:00:42.641+0800][3.063s][gc,heap     ] GC(39)      Free:        2M (2%)            0M (0%)           96M (75%)          92M (72%)          98M (77%)           0M (0%)     
[2024-07-24T23:00:42.641+0800][3.063s][gc,heap     ] GC(39)      Used:      126M (98%)         128M (100%)         32M (25%)          36M (28%)         128M (100%)         30M (23%)    
[2024-07-24T23:00:42.641+0800][3.063s][gc,heap     ] GC(39)      Live:         -                27M (21%)          27M (21%)          27M (21%)            -                  -          
[2024-07-24T23:00:42.641+0800][3.063s][gc,heap     ] GC(39) Allocated:         -                 2M (2%)            4M (3%)            8M (6%)             -                  -          
[2024-07-24T23:00:42.641+0800][3.063s][gc,heap     ] GC(39)   Garbage:         -                98M (77%)           0M (1%)            0M (1%)             -                  -          
[2024-07-24T23:00:42.642+0800][3.063s][gc,heap     ] GC(39) Reclaimed:         -                  -                98M (77%)          98M (77%)            -                  -          
[2024-07-24T23:00:42.642+0800][3.063s][gc          ] GC(39) Garbage Collection (Allocation Rate) 126M(98%)->36M(28%)
[2024-07-24T23:00:42.729+0800][3.151s][gc,start    ] GC(40) Garbage Collection (Allocation Stall)
[2024-07-24T23:00:42.729+0800][3.151s][gc,ref      ] GC(40) Clearing All SoftReferences
[2024-07-24T23:00:42.729+0800][3.151s][gc,task     ] GC(40) Using 1 workers
[2024-07-24T23:00:42.730+0800][3.151s][gc,ref      ] GC(40) Clearing All SoftReferences
[2024-07-24T23:00:42.730+0800][3.151s][gc,phases   ] GC(40) Pause Mark Start 0.045ms
[2024-07-24T23:00:42.732+0800][3.153s][gc,phases   ] GC(40) Concurrent Mark 2.096ms
[2024-07-24T23:00:42.732+0800][3.153s][gc,phases   ] GC(40) Pause Mark End 0.005ms
[2024-07-24T23:00:42.732+0800][3.153s][gc,phases   ] GC(40) Concurrent Mark Free 0.001ms
[2024-07-24T23:00:42.733+0800][3.154s][gc,phases   ] GC(40) Concurrent Process Non-Strong References 0.811ms
[2024-07-24T23:00:42.733+0800][3.154s][gc,phases   ] GC(40) Concurrent Reset Relocation Set 0.000ms
[2024-07-24T23:00:42.735+0800][3.156s][gc          ] Allocation Stall (main) 5.879ms
[2024-07-24T23:00:42.735+0800][3.156s][gc,phases   ] GC(40) Concurrent Select Relocation Set 2.142ms
[2024-07-24T23:00:42.735+0800][3.157s][gc,phases   ] GC(40) Pause Relocate Start 0.005ms
[2024-07-24T23:00:42.736+0800][3.157s][gc,phases   ] GC(40) Concurrent Relocate 0.089ms
[2024-07-24T23:00:42.736+0800][3.157s][gc,load     ] GC(40) Load: 0.00/0.00/0.00
[2024-07-24T23:00:42.736+0800][3.157s][gc,mmu      ] GC(40) MMU: 2ms/94.0%, 5ms/97.6%, 10ms/98.7%, 20ms/99.3%, 50ms/99.7%, 100ms/99.8%
[2024-07-24T23:00:42.736+0800][3.157s][gc,marking  ] GC(40) Mark: 1 stripe(s), 1 proactive flush(es), 1 terminate flush(es), 0 completion(s), 0 continuation(s) 
[2024-07-24T23:00:42.736+0800][3.157s][gc,marking  ] GC(40) Mark Stack Usage: 32M
[2024-07-24T23:00:42.736+0800][3.157s][gc,nmethod  ] GC(40) NMethods: 230 registered, 0 unregistered
[2024-07-24T23:00:42.736+0800][3.157s][gc,metaspace] GC(40) Metaspace: 0M used, 0M committed, 1088M reserved
[2024-07-24T23:00:42.736+0800][3.157s][gc,ref      ] GC(40) Soft: 62 encountered, 37 discovered, 0 enqueued
[2024-07-24T23:00:42.736+0800][3.157s][gc,ref      ] GC(40) Weak: 187 encountered, 170 discovered, 0 enqueued
[2024-07-24T23:00:42.736+0800][3.157s][gc,ref      ] GC(40) Final: 0 encountered, 0 discovered, 0 enqueued
[2024-07-24T23:00:42.736+0800][3.157s][gc,ref      ] GC(40) Phantom: 1 encountered, 0 discovered, 0 enqueued
[2024-07-24T23:00:42.736+0800][3.157s][gc,reloc    ] GC(40) Small Pages: 2 / 4M, Empty: 2M, Relocated: 0M, In-Place: 0
[2024-07-24T23:00:42.736+0800][3.157s][gc,reloc    ] GC(40) Medium Pages: 0 / 0M, Empty: 0M, Relocated: 0M, In-Place: 0
[2024-07-24T23:00:42.736+0800][3.157s][gc,reloc    ] GC(40) Large Pages: 62 / 124M, Empty: 120M, Relocated: 0M, In-Place: 0
[2024-07-24T23:00:42.736+0800][3.157s][gc,reloc    ] GC(40) Forwarding Usage: 0M
[2024-07-24T23:00:42.736+0800][3.157s][gc,heap     ] GC(40) Min Capacity: 8M(6%)
[2024-07-24T23:00:42.736+0800][3.157s][gc,heap     ] GC(40) Max Capacity: 128M(100%)
[2024-07-24T23:00:42.736+0800][3.157s][gc,heap     ] GC(40) Soft Max Capacity: 128M(100%)
[2024-07-24T23:00:42.736+0800][3.157s][gc,heap     ] GC(40)                Mark Start          Mark End        Relocate Start      Relocate End           High               Low         
[2024-07-24T23:00:42.736+0800][3.157s][gc,heap     ] GC(40)  Capacity:      128M (100%)        128M (100%)        128M (100%)        128M (100%)        128M (100%)        128M (100%)   
[2024-07-24T23:00:42.736+0800][3.157s][gc,heap     ] GC(40)      Free:        0M (0%)            0M (0%)          120M (94%)         120M (94%)         122M (95%)           0M (0%)     
[2024-07-24T23:00:42.736+0800][3.157s][gc,heap     ] GC(40)      Used:      128M (100%)        128M (100%)          8M (6%)            8M (6%)          128M (100%)          6M (5%)     
[2024-07-24T23:00:42.736+0800][3.157s][gc,heap     ] GC(40)      Live:         -                 5M (4%)            5M (4%)            5M (4%)             -                  -          
[2024-07-24T23:00:42.736+0800][3.157s][gc,heap     ] GC(40) Allocated:         -                 0M (0%)            2M (2%)            2M (2%)             -                  -          
[2024-07-24T23:00:42.736+0800][3.157s][gc,heap     ] GC(40)   Garbage:         -               122M (96%)           0M (1%)            0M (1%)             -                  -          
[2024-07-24T23:00:42.736+0800][3.157s][gc,heap     ] GC(40) Reclaimed:         -                  -               122M (95%)         122M (95%)            -                  -          
[2024-07-24T23:00:42.736+0800][3.157s][gc          ] GC(40) Garbage Collection (Allocation Stall) 128M(100%)->8M(6%)
[2024-07-24T23:00:42.745+0800][3.166s][gc,start    ] GC(41) Garbage Collection (Allocation Rate)
[2024-07-24T23:00:42.745+0800][3.166s][gc,task     ] GC(41) Using 1 workers
[2024-07-24T23:00:42.745+0800][3.167s][gc,phases   ] GC(41) Pause Mark Start 0.011ms
[2024-07-24T23:00:42.748+0800][3.169s][gc,phases   ] GC(41) Concurrent Mark 2.170ms
[2024-07-24T23:00:42.748+0800][3.169s][gc,phases   ] GC(41) Pause Mark End 0.007ms
[2024-07-24T23:00:42.748+0800][3.169s][gc,phases   ] GC(41) Concurrent Mark Free 0.001ms
[2024-07-24T23:00:42.749+0800][3.170s][gc,phases   ] GC(41) Concurrent Process Non-Strong References 0.879ms
[2024-07-24T23:00:42.749+0800][3.170s][gc,phases   ] GC(41) Concurrent Reset Relocation Set 0.000ms
[2024-07-24T23:00:42.750+0800][3.172s][gc,phases   ] GC(41) Concurrent Select Relocation Set 1.424ms
[2024-07-24T23:00:42.750+0800][3.172s][gc,phases   ] GC(41) Pause Relocate Start 0.004ms
[2024-07-24T23:00:42.751+0800][3.173s][gc,phases   ] GC(41) Concurrent Relocate 0.936ms
[2024-07-24T23:00:42.751+0800][3.173s][gc,load     ] GC(41) Load: 0.00/0.00/0.00
[2024-07-24T23:00:42.751+0800][3.173s][gc,mmu      ] GC(41) MMU: 2ms/94.0%, 5ms/97.6%, 10ms/98.7%, 20ms/99.3%, 50ms/99.7%, 100ms/99.8%
[2024-07-24T23:00:42.751+0800][3.173s][gc,marking  ] GC(41) Mark: 1 stripe(s), 1 proactive flush(es), 1 terminate flush(es), 0 completion(s), 0 continuation(s) 
[2024-07-24T23:00:42.751+0800][3.173s][gc,marking  ] GC(41) Mark Stack Usage: 32M
[2024-07-24T23:00:42.751+0800][3.173s][gc,nmethod  ] GC(41) NMethods: 230 registered, 0 unregistered
[2024-07-24T23:00:42.751+0800][3.173s][gc,metaspace] GC(41) Metaspace: 0M used, 0M committed, 1088M reserved
[2024-07-24T23:00:42.752+0800][3.173s][gc,ref      ] GC(41) Soft: 62 encountered, 0 discovered, 0 enqueued
[2024-07-24T23:00:42.752+0800][3.173s][gc,ref      ] GC(41) Weak: 187 encountered, 170 discovered, 0 enqueued
[2024-07-24T23:00:42.752+0800][3.173s][gc,ref      ] GC(41) Final: 0 encountered, 0 discovered, 0 enqueued
[2024-07-24T23:00:42.752+0800][3.173s][gc,ref      ] GC(41) Phantom: 1 encountered, 0 discovered, 0 enqueued
[2024-07-24T23:00:42.752+0800][3.173s][gc,reloc    ] GC(41) Small Pages: 2 / 4M, Empty: 0M, Relocated: 1M, In-Place: 0
[2024-07-24T23:00:42.752+0800][3.173s][gc,reloc    ] GC(41) Medium Pages: 0 / 0M, Empty: 0M, Relocated: 0M, In-Place: 0
[2024-07-24T23:00:42.752+0800][3.173s][gc,reloc    ] GC(41) Large Pages: 10 / 20M, Empty: 0M, Relocated: 0M, In-Place: 0
[2024-07-24T23:00:42.752+0800][3.173s][gc,reloc    ] GC(41) Forwarding Usage: 0M
[2024-07-24T23:00:42.752+0800][3.173s][gc,heap     ] GC(41) Min Capacity: 8M(6%)
[2024-07-24T23:00:42.752+0800][3.173s][gc,heap     ] GC(41) Max Capacity: 128M(100%)
[2024-07-24T23:00:42.752+0800][3.173s][gc,heap     ] GC(41) Soft Max Capacity: 128M(100%)
[2024-07-24T23:00:42.752+0800][3.173s][gc,heap     ] GC(41)                Mark Start          Mark End        Relocate Start      Relocate End           High               Low         
[2024-07-24T23:00:42.752+0800][3.173s][gc,heap     ] GC(41)  Capacity:      128M (100%)        128M (100%)        128M (100%)        128M (100%)        128M (100%)        128M (100%)   
[2024-07-24T23:00:42.752+0800][3.173s][gc,heap     ] GC(41)      Free:      104M (81%)         104M (81%)         104M (81%)         106M (83%)         106M (83%)         102M (80%)    
[2024-07-24T23:00:42.752+0800][3.173s][gc,heap     ] GC(41)      Used:       24M (19%)          24M (19%)          24M (19%)          22M (17%)          26M (20%)          22M (17%)    
[2024-07-24T23:00:42.752+0800][3.173s][gc,heap     ] GC(41)      Live:         -                21M (17%)          21M (17%)          21M (17%)            -                  -          
[2024-07-24T23:00:42.752+0800][3.173s][gc,heap     ] GC(41) Allocated:         -                 0M (0%)            0M (0%)            0M (0%)             -                  -          
[2024-07-24T23:00:42.752+0800][3.173s][gc,heap     ] GC(41)   Garbage:         -                 2M (2%)            2M (2%)            0M (1%)             -                  -          
[2024-07-24T23:00:42.752+0800][3.173s][gc,heap     ] GC(41) Reclaimed:         -                  -                 0M (0%)            2M (2%)             -                  -          
[2024-07-24T23:00:42.752+0800][3.173s][gc          ] GC(41) Garbage Collection (Allocation Rate) 24M(19%)->22M(17%)
[2024-07-24T23:00:42.841+0800][3.262s][gc,start    ] GC(42) Garbage Collection (Allocation Rate)
[2024-07-24T23:00:42.841+0800][3.262s][gc,task     ] GC(42) Using 1 workers
[2024-07-24T23:00:42.841+0800][3.262s][gc,phases   ] GC(42) Pause Mark Start 0.012ms
[2024-07-24T23:00:42.845+0800][3.267s][gc,phases   ] GC(42) Concurrent Mark 4.493ms
[2024-07-24T23:00:42.846+0800][3.267s][gc,phases   ] GC(42) Pause Mark End 0.008ms
[2024-07-24T23:00:42.846+0800][3.267s][gc,phases   ] GC(42) Concurrent Mark Free 0.001ms
[2024-07-24T23:00:42.847+0800][3.268s][gc,phases   ] GC(42) Concurrent Process Non-Strong References 0.907ms
[2024-07-24T23:00:42.847+0800][3.268s][gc,phases   ] GC(42) Concurrent Reset Relocation Set 0.001ms
[2024-07-24T23:00:42.848+0800][3.270s][gc          ] Allocation Stall (main) 6.266ms
[2024-07-24T23:00:42.848+0800][3.270s][gc,phases   ] GC(42) Concurrent Select Relocation Set 1.680ms
[2024-07-24T23:00:42.849+0800][3.270s][gc,phases   ] GC(42) Pause Relocate Start 0.005ms
[2024-07-24T23:00:42.850+0800][3.272s][gc,phases   ] GC(42) Concurrent Relocate 1.484ms
[2024-07-24T23:00:42.850+0800][3.272s][gc,load     ] GC(42) Load: 0.00/0.00/0.00
[2024-07-24T23:00:42.850+0800][3.272s][gc,mmu      ] GC(42) MMU: 2ms/94.0%, 5ms/97.6%, 10ms/98.7%, 20ms/99.3%, 50ms/99.7%, 100ms/99.8%
[2024-07-24T23:00:42.850+0800][3.272s][gc,marking  ] GC(42) Mark: 1 stripe(s), 2 proactive flush(es), 1 terminate flush(es), 0 completion(s), 0 continuation(s) 
[2024-07-24T23:00:42.850+0800][3.272s][gc,marking  ] GC(42) Mark Stack Usage: 32M
[2024-07-24T23:00:42.850+0800][3.272s][gc,nmethod  ] GC(42) NMethods: 231 registered, 0 unregistered
[2024-07-24T23:00:42.850+0800][3.272s][gc,metaspace] GC(42) Metaspace: 0M used, 0M committed, 1088M reserved
[2024-07-24T23:00:42.850+0800][3.272s][gc,ref      ] GC(42) Soft: 62 encountered, 0 discovered, 0 enqueued
[2024-07-24T23:00:42.850+0800][3.272s][gc,ref      ] GC(42) Weak: 187 encountered, 170 discovered, 0 enqueued
[2024-07-24T23:00:42.850+0800][3.272s][gc,ref      ] GC(42) Final: 0 encountered, 0 discovered, 0 enqueued
[2024-07-24T23:00:42.850+0800][3.272s][gc,ref      ] GC(42) Phantom: 1 encountered, 0 discovered, 0 enqueued
[2024-07-24T23:00:42.850+0800][3.272s][gc,reloc    ] GC(42) Small Pages: 2 / 4M, Empty: 0M, Relocated: 1M, In-Place: 0
[2024-07-24T23:00:42.850+0800][3.272s][gc,reloc    ] GC(42) Medium Pages: 0 / 0M, Empty: 0M, Relocated: 0M, In-Place: 0
[2024-07-24T23:00:42.850+0800][3.272s][gc,reloc    ] GC(42) Large Pages: 60 / 120M, Empty: 120M, Relocated: 0M, In-Place: 0
[2024-07-24T23:00:42.850+0800][3.272s][gc,reloc    ] GC(42) Forwarding Usage: 0M
[2024-07-24T23:00:42.850+0800][3.272s][gc,heap     ] GC(42) Min Capacity: 8M(6%)
[2024-07-24T23:00:42.850+0800][3.272s][gc,heap     ] GC(42) Max Capacity: 128M(100%)
[2024-07-24T23:00:42.850+0800][3.272s][gc,heap     ] GC(42) Soft Max Capacity: 128M(100%)
[2024-07-24T23:00:42.850+0800][3.272s][gc,heap     ] GC(42)                Mark Start          Mark End        Relocate Start      Relocate End           High               Low         
[2024-07-24T23:00:42.850+0800][3.272s][gc,heap     ] GC(42)  Capacity:      128M (100%)        128M (100%)        128M (100%)        128M (100%)        128M (100%)        128M (100%)   
[2024-07-24T23:00:42.851+0800][3.272s][gc,heap     ] GC(42)      Free:        4M (3%)            0M (0%)          118M (92%)         104M (81%)         120M (94%)           0M (0%)     
[2024-07-24T23:00:42.851+0800][3.272s][gc,heap     ] GC(42)      Used:      124M (97%)         128M (100%)         10M (8%)           24M (19%)         128M (100%)          8M (6%)     
[2024-07-24T23:00:42.851+0800][3.272s][gc,heap     ] GC(42)      Live:         -                 1M (1%)            1M (1%)            1M (1%)             -                  -          
[2024-07-24T23:00:42.851+0800][3.272s][gc,heap     ] GC(42) Allocated:         -                 4M (3%)            6M (5%)           21M (17%)            -                  -          
[2024-07-24T23:00:42.851+0800][3.272s][gc,heap     ] GC(42)   Garbage:         -               122M (96%)           2M (2%)            0M (1%)             -                  -          
[2024-07-24T23:00:42.851+0800][3.272s][gc,heap     ] GC(42) Reclaimed:         -                  -               120M (94%)         121M (95%)            -                  -          
[2024-07-24T23:00:42.851+0800][3.272s][gc          ] GC(42) Garbage Collection (Allocation Rate) 124M(97%)->24M(19%)
[2024-07-24T23:00:42.936+0800][3.357s][gc,start    ] GC(43) Garbage Collection (Allocation Stall)
[2024-07-24T23:00:42.936+0800][3.357s][gc,ref      ] GC(43) Clearing All SoftReferences
[2024-07-24T23:00:42.936+0800][3.357s][gc,task     ] GC(43) Using 1 workers
[2024-07-24T23:00:42.936+0800][3.357s][gc,ref      ] GC(43) Clearing All SoftReferences
[2024-07-24T23:00:42.936+0800][3.357s][gc,phases   ] GC(43) Pause Mark Start 0.044ms
[2024-07-24T23:00:42.941+0800][3.362s][gc,phases   ] GC(43) Concurrent Mark 5.116ms
[2024-07-24T23:00:42.941+0800][3.363s][gc,phases   ] GC(43) Pause Mark End 0.008ms
[2024-07-24T23:00:42.941+0800][3.363s][gc,phases   ] GC(43) Concurrent Mark Free 0.001ms
[2024-07-24T23:00:42.942+0800][3.364s][gc,phases   ] GC(43) Concurrent Process Non-Strong References 0.869ms
[2024-07-24T23:00:42.942+0800][3.364s][gc,phases   ] GC(43) Concurrent Reset Relocation Set 0.001ms
[2024-07-24T23:00:42.945+0800][3.366s][gc,phases   ] GC(43) Concurrent Select Relocation Set 2.168ms
[2024-07-24T23:00:42.945+0800][3.366s][gc,phases   ] GC(43) Pause Relocate Start 0.007ms
[2024-07-24T23:00:42.946+0800][3.367s][gc,phases   ] GC(43) Concurrent Relocate 0.945ms
[2024-07-24T23:00:42.946+0800][3.367s][gc,load     ] GC(43) Load: 0.00/0.00/0.00
[2024-07-24T23:00:42.946+0800][3.367s][gc,mmu      ] GC(43) MMU: 2ms/94.0%, 5ms/97.6%, 10ms/98.7%, 20ms/99.3%, 50ms/99.7%, 100ms/99.8%
[2024-07-24T23:00:42.946+0800][3.367s][gc,marking  ] GC(43) Mark: 1 stripe(s), 2 proactive flush(es), 1 terminate flush(es), 0 completion(s), 0 continuation(s) 
[2024-07-24T23:00:42.946+0800][3.367s][gc,marking  ] GC(43) Mark Stack Usage: 32M
[2024-07-24T23:00:42.946+0800][3.367s][gc,nmethod  ] GC(43) NMethods: 233 registered, 0 unregistered
[2024-07-24T23:00:42.946+0800][3.367s][gc,metaspace] GC(43) Metaspace: 0M used, 0M committed, 1088M reserved
[2024-07-24T23:00:42.946+0800][3.367s][gc,ref      ] GC(43) Soft: 62 encountered, 35 discovered, 0 enqueued
[2024-07-24T23:00:42.946+0800][3.367s][gc,ref      ] GC(43) Weak: 187 encountered, 170 discovered, 0 enqueued
[2024-07-24T23:00:42.946+0800][3.367s][gc,ref      ] GC(43) Final: 0 encountered, 0 discovered, 0 enqueued
[2024-07-24T23:00:42.946+0800][3.367s][gc,ref      ] GC(43) Phantom: 1 encountered, 0 discovered, 0 enqueued
[2024-07-24T23:00:42.946+0800][3.367s][gc,reloc    ] GC(43) Small Pages: 2 / 4M, Empty: 0M, Relocated: 1M, In-Place: 0
[2024-07-24T23:00:42.946+0800][3.367s][gc,reloc    ] GC(43) Medium Pages: 0 / 0M, Empty: 0M, Relocated: 0M, In-Place: 0
[2024-07-24T23:00:42.946+0800][3.367s][gc,reloc    ] GC(43) Large Pages: 54 / 108M, Empty: 106M, Relocated: 0M, In-Place: 0
[2024-07-24T23:00:42.946+0800][3.367s][gc,reloc    ] GC(43) Forwarding Usage: 0M
[2024-07-24T23:00:42.946+0800][3.368s][gc,heap     ] GC(43) Min Capacity: 8M(6%)
[2024-07-24T23:00:42.946+0800][3.368s][gc,heap     ] GC(43) Max Capacity: 128M(100%)
[2024-07-24T23:00:42.946+0800][3.368s][gc,heap     ] GC(43) Soft Max Capacity: 128M(100%)
[2024-07-24T23:00:42.946+0800][3.368s][gc,heap     ] GC(43)                Mark Start          Mark End        Relocate Start      Relocate End           High               Low         
[2024-07-24T23:00:42.946+0800][3.368s][gc,heap     ] GC(43)  Capacity:      128M (100%)        128M (100%)        128M (100%)        128M (100%)        128M (100%)        128M (100%)   
[2024-07-24T23:00:42.946+0800][3.368s][gc,heap     ] GC(43)      Free:       16M (12%)           2M (2%)          108M (84%)         110M (86%)         110M (86%)           2M (2%)     
[2024-07-24T23:00:42.946+0800][3.368s][gc,heap     ] GC(43)      Used:      112M (88%)         126M (98%)          20M (16%)          18M (14%)         126M (98%)          18M (14%)    
[2024-07-24T23:00:42.946+0800][3.368s][gc,heap     ] GC(43)      Live:         -                 3M (3%)            3M (3%)            3M (3%)             -                  -          
[2024-07-24T23:00:42.946+0800][3.368s][gc,heap     ] GC(43) Allocated:         -                14M (11%)          14M (11%)          14M (11%)            -                  -          
[2024-07-24T23:00:42.946+0800][3.368s][gc,heap     ] GC(43)   Garbage:         -               108M (85%)           2M (2%)            0M (1%)             -                  -          
[2024-07-24T23:00:42.946+0800][3.368s][gc,heap     ] GC(43) Reclaimed:         -                  -               106M (83%)         108M (84%)            -                  -          
[2024-07-24T23:00:42.946+0800][3.368s][gc          ] GC(43) Garbage Collection (Allocation Stall) 112M(88%)->18M(14%)
[2024-07-24T23:00:43.033+0800][3.455s][gc,start    ] GC(44) Garbage Collection (Allocation Stall)
[2024-07-24T23:00:43.033+0800][3.455s][gc,ref      ] GC(44) Clearing All SoftReferences
[2024-07-24T23:00:43.033+0800][3.455s][gc,task     ] GC(44) Using 1 workers
[2024-07-24T23:00:43.034+0800][3.455s][gc,ref      ] GC(44) Clearing All SoftReferences
[2024-07-24T23:00:43.034+0800][3.455s][gc,phases   ] GC(44) Pause Mark Start 0.043ms
[2024-07-24T23:00:43.036+0800][3.458s][gc,phases   ] GC(44) Concurrent Mark 2.733ms
[2024-07-24T23:00:43.037+0800][3.458s][gc,phases   ] GC(44) Pause Mark End 0.007ms
[2024-07-24T23:00:43.037+0800][3.458s][gc,phases   ] GC(44) Concurrent Mark Free 0.001ms
[2024-07-24T23:00:43.038+0800][3.459s][gc,phases   ] GC(44) Concurrent Process Non-Strong References 1.259ms
[2024-07-24T23:00:43.038+0800][3.459s][gc,phases   ] GC(44) Concurrent Reset Relocation Set 0.003ms
[2024-07-24T23:00:43.040+0800][3.461s][gc          ] Allocation Stall (main) 6.389ms
[2024-07-24T23:00:43.040+0800][3.461s][gc,phases   ] GC(44) Concurrent Select Relocation Set 1.619ms
[2024-07-24T23:00:43.040+0800][3.461s][gc,phases   ] GC(44) Pause Relocate Start 0.006ms
[2024-07-24T23:00:43.041+0800][3.463s][gc,phases   ] GC(44) Concurrent Relocate 1.291ms
[2024-07-24T23:00:43.041+0800][3.463s][gc,load     ] GC(44) Load: 0.00/0.00/0.00
[2024-07-24T23:00:43.041+0800][3.463s][gc,mmu      ] GC(44) MMU: 2ms/94.0%, 5ms/97.6%, 10ms/98.7%, 20ms/99.3%, 50ms/99.7%, 100ms/99.8%
[2024-07-24T23:00:43.041+0800][3.463s][gc,marking  ] GC(44) Mark: 1 stripe(s), 1 proactive flush(es), 1 terminate flush(es), 0 completion(s), 0 continuation(s) 
[2024-07-24T23:00:43.041+0800][3.463s][gc,marking  ] GC(44) Mark Stack Usage: 32M
[2024-07-24T23:00:43.041+0800][3.463s][gc,nmethod  ] GC(44) NMethods: 233 registered, 0 unregistered
[2024-07-24T23:00:43.041+0800][3.463s][gc,metaspace] GC(44) Metaspace: 0M used, 0M committed, 1088M reserved
[2024-07-24T23:00:43.041+0800][3.463s][gc,ref      ] GC(44) Soft: 62 encountered, 37 discovered, 0 enqueued
[2024-07-24T23:00:43.041+0800][3.463s][gc,ref      ] GC(44) Weak: 187 encountered, 170 discovered, 0 enqueued
[2024-07-24T23:00:43.041+0800][3.463s][gc,ref      ] GC(44) Final: 0 encountered, 0 discovered, 0 enqueued
[2024-07-24T23:00:43.042+0800][3.463s][gc,ref      ] GC(44) Phantom: 1 encountered, 0 discovered, 0 enqueued
[2024-07-24T23:00:43.042+0800][3.463s][gc,reloc    ] GC(44) Small Pages: 2 / 4M, Empty: 0M, Relocated: 1M, In-Place: 0
[2024-07-24T23:00:43.042+0800][3.463s][gc,reloc    ] GC(44) Medium Pages: 0 / 0M, Empty: 0M, Relocated: 0M, In-Place: 0
[2024-07-24T23:00:43.042+0800][3.463s][gc,reloc    ] GC(44) Large Pages: 62 / 124M, Empty: 94M, Relocated: 0M, In-Place: 0
[2024-07-24T23:00:43.042+0800][3.463s][gc,reloc    ] GC(44) Forwarding Usage: 0M
[2024-07-24T23:00:43.042+0800][3.463s][gc,heap     ] GC(44) Min Capacity: 8M(6%)
[2024-07-24T23:00:43.042+0800][3.463s][gc,heap     ] GC(44) Max Capacity: 128M(100%)
[2024-07-24T23:00:43.042+0800][3.463s][gc,heap     ] GC(44) Soft Max Capacity: 128M(100%)
[2024-07-24T23:00:43.042+0800][3.463s][gc,heap     ] GC(44)                Mark Start          Mark End        Relocate Start      Relocate End           High               Low         
[2024-07-24T23:00:43.042+0800][3.463s][gc,heap     ] GC(44)  Capacity:      128M (100%)        128M (100%)        128M (100%)        128M (100%)        128M (100%)        128M (100%)   
[2024-07-24T23:00:43.042+0800][3.463s][gc,heap     ] GC(44)      Free:        0M (0%)            0M (0%)           92M (72%)          84M (66%)          94M (73%)           0M (0%)     
[2024-07-24T23:00:43.042+0800][3.463s][gc,heap     ] GC(44)      Used:      128M (100%)        128M (100%)         36M (28%)          44M (34%)         128M (100%)         34M (27%)    
[2024-07-24T23:00:43.042+0800][3.463s][gc,heap     ] GC(44)      Live:         -                31M (24%)          31M (24%)          31M (24%)            -                  -          
[2024-07-24T23:00:43.042+0800][3.463s][gc,heap     ] GC(44) Allocated:         -                 0M (0%)            2M (2%)           11M (9%)             -                  -          
[2024-07-24T23:00:43.042+0800][3.463s][gc,heap     ] GC(44)   Garbage:         -                96M (76%)           2M (2%)            0M (1%)             -                  -          
[2024-07-24T23:00:43.042+0800][3.463s][gc,heap     ] GC(44) Reclaimed:         -                  -                94M (73%)          95M (75%)            -                  -          
[2024-07-24T23:00:43.042+0800][3.463s][gc          ] GC(44) Garbage Collection (Allocation Stall) 128M(100%)->44M(34%)
[2024-07-24T23:00:43.048+0800][3.469s][gc,start    ] GC(45) Garbage Collection (Allocation Rate)
[2024-07-24T23:00:43.048+0800][3.469s][gc,task     ] GC(45) Using 1 workers
[2024-07-24T23:00:43.048+0800][3.469s][gc,phases   ] GC(45) Pause Mark Start 0.007ms
[2024-07-24T23:00:43.052+0800][3.473s][gc,phases   ] GC(45) Concurrent Mark 3.635ms
[2024-07-24T23:00:43.052+0800][3.473s][gc,phases   ] GC(45) Pause Mark End 0.011ms
[2024-07-24T23:00:43.052+0800][3.473s][gc,phases   ] GC(45) Concurrent Mark Free 0.001ms
[2024-07-24T23:00:43.053+0800][3.474s][gc,phases   ] GC(45) Concurrent Process Non-Strong References 0.729ms
[2024-07-24T23:00:43.053+0800][3.474s][gc,phases   ] GC(45) Concurrent Reset Relocation Set 0.001ms
[2024-07-24T23:00:43.055+0800][3.477s][gc,phases   ] GC(45) Concurrent Select Relocation Set 2.584ms
[2024-07-24T23:00:43.055+0800][3.477s][gc,phases   ] GC(45) Pause Relocate Start 0.015ms
[2024-07-24T23:00:43.056+0800][3.478s][gc,phases   ] GC(45) Concurrent Relocate 0.843ms
[2024-07-24T23:00:43.056+0800][3.478s][gc,load     ] GC(45) Load: 0.00/0.00/0.00
[2024-07-24T23:00:43.056+0800][3.478s][gc,mmu      ] GC(45) MMU: 2ms/94.0%, 5ms/97.6%, 10ms/98.7%, 20ms/99.3%, 50ms/99.7%, 100ms/99.8%
[2024-07-24T23:00:43.056+0800][3.478s][gc,marking  ] GC(45) Mark: 1 stripe(s), 1 proactive flush(es), 1 terminate flush(es), 0 completion(s), 0 continuation(s) 
[2024-07-24T23:00:43.056+0800][3.478s][gc,marking  ] GC(45) Mark Stack Usage: 32M
[2024-07-24T23:00:43.056+0800][3.478s][gc,nmethod  ] GC(45) NMethods: 233 registered, 0 unregistered
[2024-07-24T23:00:43.056+0800][3.478s][gc,metaspace] GC(45) Metaspace: 0M used, 0M committed, 1088M reserved
[2024-07-24T23:00:43.056+0800][3.478s][gc,ref      ] GC(45) Soft: 62 encountered, 0 discovered, 0 enqueued
[2024-07-24T23:00:43.056+0800][3.478s][gc,ref      ] GC(45) Weak: 187 encountered, 170 discovered, 0 enqueued
[2024-07-24T23:00:43.056+0800][3.478s][gc,ref      ] GC(45) Final: 0 encountered, 0 discovered, 0 enqueued
[2024-07-24T23:00:43.056+0800][3.478s][gc,ref      ] GC(45) Phantom: 1 encountered, 0 discovered, 0 enqueued
[2024-07-24T23:00:43.057+0800][3.478s][gc,reloc    ] GC(45) Small Pages: 2 / 4M, Empty: 0M, Relocated: 1M, In-Place: 0
[2024-07-24T23:00:43.057+0800][3.478s][gc,reloc    ] GC(45) Medium Pages: 0 / 0M, Empty: 0M, Relocated: 0M, In-Place: 0
[2024-07-24T23:00:43.057+0800][3.478s][gc,reloc    ] GC(45) Large Pages: 20 / 40M, Empty: 40M, Relocated: 0M, In-Place: 0
[2024-07-24T23:00:43.057+0800][3.478s][gc,reloc    ] GC(45) Forwarding Usage: 0M
[2024-07-24T23:00:43.057+0800][3.478s][gc,heap     ] GC(45) Min Capacity: 8M(6%)
[2024-07-24T23:00:43.057+0800][3.478s][gc,heap     ] GC(45) Max Capacity: 128M(100%)
[2024-07-24T23:00:43.057+0800][3.478s][gc,heap     ] GC(45) Soft Max Capacity: 128M(100%)
[2024-07-24T23:00:43.057+0800][3.478s][gc,heap     ] GC(45)                Mark Start          Mark End        Relocate Start      Relocate End           High               Low         
[2024-07-24T23:00:43.057+0800][3.478s][gc,heap     ] GC(45)  Capacity:      128M (100%)        128M (100%)        128M (100%)        128M (100%)        128M (100%)        128M (100%)   
[2024-07-24T23:00:43.057+0800][3.478s][gc,heap     ] GC(45)      Free:       84M (66%)          84M (66%)         124M (97%)         126M (98%)         126M (98%)          84M (66%)    
[2024-07-24T23:00:43.057+0800][3.478s][gc,heap     ] GC(45)      Used:       44M (34%)          44M (34%)           4M (3%)            2M (2%)           44M (34%)           2M (2%)     
[2024-07-24T23:00:43.057+0800][3.478s][gc,heap     ] GC(45)      Live:         -                 1M (1%)            1M (1%)            1M (1%)             -                  -          
[2024-07-24T23:00:43.057+0800][3.478s][gc,heap     ] GC(45) Allocated:         -                 0M (0%)            0M (0%)            0M (0%)             -                  -          
[2024-07-24T23:00:43.057+0800][3.478s][gc,heap     ] GC(45)   Garbage:         -                42M (33%)           2M (2%)            0M (1%)             -                  -          
[2024-07-24T23:00:43.057+0800][3.478s][gc,heap     ] GC(45) Reclaimed:         -                  -                40M (31%)          42M (33%)            -                  -          
[2024-07-24T23:00:43.057+0800][3.478s][gc          ] GC(45) Garbage Collection (Allocation Rate) 44M(34%)->2M(2%)
[2024-07-24T23:00:43.142+0800][3.564s][gc,start    ] GC(46) Garbage Collection (Allocation Rate)
[2024-07-24T23:00:43.142+0800][3.564s][gc,task     ] GC(46) Using 1 workers
[2024-07-24T23:00:43.142+0800][3.564s][gc,phases   ] GC(46) Pause Mark Start 0.008ms
[2024-07-24T23:00:43.145+0800][3.567s][gc,phases   ] GC(46) Concurrent Mark 3.122ms
[2024-07-24T23:00:43.145+0800][3.567s][gc,phases   ] GC(46) Pause Mark End 0.009ms
[2024-07-24T23:00:43.145+0800][3.567s][gc,phases   ] GC(46) Concurrent Mark Free 0.001ms
[2024-07-24T23:00:43.146+0800][3.568s][gc,phases   ] GC(46) Concurrent Process Non-Strong References 0.951ms
[2024-07-24T23:00:43.146+0800][3.568s][gc,phases   ] GC(46) Concurrent Reset Relocation Set 0.001ms
[2024-07-24T23:00:43.148+0800][3.570s][gc,phases   ] GC(46) Concurrent Select Relocation Set 1.447ms
[2024-07-24T23:00:43.148+0800][3.570s][gc,phases   ] GC(46) Pause Relocate Start 0.004ms
[2024-07-24T23:00:43.148+0800][3.570s][gc,phases   ] GC(46) Concurrent Relocate 0.111ms
[2024-07-24T23:00:43.148+0800][3.570s][gc,load     ] GC(46) Load: 0.00/0.00/0.00
[2024-07-24T23:00:43.148+0800][3.570s][gc,mmu      ] GC(46) MMU: 2ms/94.0%, 5ms/97.6%, 10ms/98.7%, 20ms/99.3%, 50ms/99.7%, 100ms/99.8%
[2024-07-24T23:00:43.148+0800][3.570s][gc,marking  ] GC(46) Mark: 1 stripe(s), 2 proactive flush(es), 1 terminate flush(es), 0 completion(s), 0 continuation(s) 
[2024-07-24T23:00:43.148+0800][3.570s][gc,marking  ] GC(46) Mark Stack Usage: 32M
[2024-07-24T23:00:43.148+0800][3.570s][gc,nmethod  ] GC(46) NMethods: 239 registered, 0 unregistered
[2024-07-24T23:00:43.148+0800][3.570s][gc,metaspace] GC(46) Metaspace: 0M used, 0M committed, 1088M reserved
[2024-07-24T23:00:43.148+0800][3.570s][gc,ref      ] GC(46) Soft: 62 encountered, 0 discovered, 0 enqueued
[2024-07-24T23:00:43.148+0800][3.570s][gc,ref      ] GC(46) Weak: 187 encountered, 170 discovered, 0 enqueued
[2024-07-24T23:00:43.148+0800][3.570s][gc,ref      ] GC(46) Final: 0 encountered, 0 discovered, 0 enqueued
[2024-07-24T23:00:43.148+0800][3.570s][gc,ref      ] GC(46) Phantom: 1 encountered, 0 discovered, 0 enqueued
[2024-07-24T23:00:43.148+0800][3.570s][gc,reloc    ] GC(46) Small Pages: 2 / 4M, Empty: 2M, Relocated: 0M, In-Place: 0
[2024-07-24T23:00:43.149+0800][3.571s][gc,reloc    ] GC(46) Medium Pages: 0 / 0M, Empty: 0M, Relocated: 0M, In-Place: 0
[2024-07-24T23:00:43.149+0800][3.571s][gc,reloc    ] GC(46) Large Pages: 53 / 106M, Empty: 104M, Relocated: 0M, In-Place: 0
[2024-07-24T23:00:43.149+0800][3.571s][gc,reloc    ] GC(46) Forwarding Usage: 0M
[2024-07-24T23:00:43.149+0800][3.571s][gc,heap     ] GC(46) Min Capacity: 8M(6%)
[2024-07-24T23:00:43.149+0800][3.571s][gc,heap     ] GC(46) Max Capacity: 128M(100%)
[2024-07-24T23:00:43.149+0800][3.571s][gc,heap     ] GC(46) Soft Max Capacity: 128M(100%)
[2024-07-24T23:00:43.149+0800][3.571s][gc,heap     ] GC(46)                Mark Start          Mark End        Relocate Start      Relocate End           High               Low         
[2024-07-24T23:00:43.149+0800][3.571s][gc,heap     ] GC(46)  Capacity:      128M (100%)        128M (100%)        128M (100%)        128M (100%)        128M (100%)        128M (100%)   
[2024-07-24T23:00:43.149+0800][3.571s][gc,heap     ] GC(46)      Free:       18M (14%)           2M (2%)          108M (84%)         108M (84%)         108M (84%)           2M (2%)     
[2024-07-24T23:00:43.149+0800][3.571s][gc,heap     ] GC(46)      Used:      110M (86%)         126M (98%)          20M (16%)          20M (16%)         126M (98%)          20M (16%)    
[2024-07-24T23:00:43.149+0800][3.571s][gc,heap     ] GC(46)      Live:         -                 3M (3%)            3M (3%)            3M (3%)             -                  -          
[2024-07-24T23:00:43.149+0800][3.571s][gc,heap     ] GC(46) Allocated:         -                16M (12%)          16M (12%)          16M (12%)            -                  -          
[2024-07-24T23:00:43.149+0800][3.571s][gc,heap     ] GC(46)   Garbage:         -               106M (83%)           0M (1%)            0M (1%)             -                  -          
[2024-07-24T23:00:43.149+0800][3.571s][gc,heap     ] GC(46) Reclaimed:         -                  -               106M (83%)         106M (83%)            -                  -          
[2024-07-24T23:00:43.149+0800][3.571s][gc          ] GC(46) Garbage Collection (Allocation Rate) 110M(86%)->20M(16%)
[2024-07-24T23:00:43.237+0800][3.658s][gc,start    ] GC(47) Garbage Collection (Allocation Rate)
[2024-07-24T23:00:43.237+0800][3.659s][gc,task     ] GC(47) Using 1 workers
[2024-07-24T23:00:43.237+0800][3.659s][gc,phases   ] GC(47) Pause Mark Start 0.006ms
[2024-07-24T23:00:43.240+0800][3.662s][gc,phases   ] GC(47) Concurrent Mark 2.449ms
[2024-07-24T23:00:43.240+0800][3.662s][gc,phases   ] GC(47) Pause Mark End 0.007ms
[2024-07-24T23:00:43.240+0800][3.662s][gc,phases   ] GC(47) Concurrent Mark Free 0.001ms
[2024-07-24T23:00:43.241+0800][3.663s][gc,phases   ] GC(47) Concurrent Process Non-Strong References 0.899ms
[2024-07-24T23:00:43.241+0800][3.663s][gc,phases   ] GC(47) Concurrent Reset Relocation Set 0.000ms
[2024-07-24T23:00:43.243+0800][3.665s][gc,phases   ] GC(47) Concurrent Select Relocation Set 2.151ms
[2024-07-24T23:00:43.243+0800][3.665s][gc          ] Allocation Stall (main) 4.850ms
[2024-07-24T23:00:43.244+0800][3.665s][gc,phases   ] GC(47) Pause Relocate Start 0.006ms
[2024-07-24T23:00:43.244+0800][3.665s][gc,phases   ] GC(47) Concurrent Relocate 0.074ms
[2024-07-24T23:00:43.244+0800][3.666s][gc,load     ] GC(47) Load: 0.00/0.00/0.00
[2024-07-24T23:00:43.244+0800][3.666s][gc,mmu      ] GC(47) MMU: 2ms/94.0%, 5ms/97.6%, 10ms/98.7%, 20ms/99.3%, 50ms/99.7%, 100ms/99.8%
[2024-07-24T23:00:43.244+0800][3.666s][gc,marking  ] GC(47) Mark: 1 stripe(s), 2 proactive flush(es), 1 terminate flush(es), 0 completion(s), 0 continuation(s) 
[2024-07-24T23:00:43.244+0800][3.666s][gc,marking  ] GC(47) Mark Stack Usage: 32M
[2024-07-24T23:00:43.244+0800][3.666s][gc,nmethod  ] GC(47) NMethods: 240 registered, 0 unregistered
[2024-07-24T23:00:43.244+0800][3.666s][gc,metaspace] GC(47) Metaspace: 0M used, 0M committed, 1088M reserved
[2024-07-24T23:00:43.244+0800][3.666s][gc,ref      ] GC(47) Soft: 62 encountered, 0 discovered, 0 enqueued
[2024-07-24T23:00:43.244+0800][3.666s][gc,ref      ] GC(47) Weak: 187 encountered, 170 discovered, 0 enqueued
[2024-07-24T23:00:43.244+0800][3.666s][gc,ref      ] GC(47) Final: 0 encountered, 0 discovered, 0 enqueued
[2024-07-24T23:00:43.244+0800][3.666s][gc,ref      ] GC(47) Phantom: 1 encountered, 0 discovered, 0 enqueued
[2024-07-24T23:00:43.244+0800][3.666s][gc,reloc    ] GC(47) Small Pages: 2 / 4M, Empty: 2M, Relocated: 0M, In-Place: 0
[2024-07-24T23:00:43.244+0800][3.666s][gc,reloc    ] GC(47) Medium Pages: 0 / 0M, Empty: 0M, Relocated: 0M, In-Place: 0
[2024-07-24T23:00:43.244+0800][3.666s][gc,reloc    ] GC(47) Large Pages: 61 / 122M, Empty: 96M, Relocated: 0M, In-Place: 0
[2024-07-24T23:00:43.244+0800][3.666s][gc,reloc    ] GC(47) Forwarding Usage: 0M
[2024-07-24T23:00:43.244+0800][3.666s][gc,heap     ] GC(47) Min Capacity: 8M(6%)
[2024-07-24T23:00:43.244+0800][3.666s][gc,heap     ] GC(47) Max Capacity: 128M(100%)
[2024-07-24T23:00:43.244+0800][3.666s][gc,heap     ] GC(47) Soft Max Capacity: 128M(100%)
[2024-07-24T23:00:43.244+0800][3.666s][gc,heap     ] GC(47)                Mark Start          Mark End        Relocate Start      Relocate End           High               Low         
[2024-07-24T23:00:43.244+0800][3.666s][gc,heap     ] GC(47)  Capacity:      128M (100%)        128M (100%)        128M (100%)        128M (100%)        128M (100%)        128M (100%)   
[2024-07-24T23:00:43.244+0800][3.666s][gc,heap     ] GC(47)      Free:        2M (2%)            0M (0%)           96M (75%)          94M (73%)          98M (77%)           0M (0%)     
[2024-07-24T23:00:43.244+0800][3.666s][gc,heap     ] GC(47)      Used:      126M (98%)         128M (100%)         32M (25%)          34M (27%)         128M (100%)         30M (23%)    
[2024-07-24T23:00:43.244+0800][3.666s][gc,heap     ] GC(47)      Live:         -                27M (21%)          27M (21%)          27M (21%)            -                  -          
[2024-07-24T23:00:43.244+0800][3.666s][gc,heap     ] GC(47) Allocated:         -                 2M (2%)            4M (3%)            6M (5%)             -                  -          
[2024-07-24T23:00:43.244+0800][3.666s][gc,heap     ] GC(47)   Garbage:         -                98M (77%)           0M (1%)            0M (1%)             -                  -          
[2024-07-24T23:00:43.244+0800][3.666s][gc,heap     ] GC(47) Reclaimed:         -                  -                98M (77%)          98M (77%)            -                  -          
[2024-07-24T23:00:43.244+0800][3.666s][gc          ] GC(47) Garbage Collection (Allocation Rate) 126M(98%)->34M(27%)
[2024-07-24T23:00:43.333+0800][3.754s][gc,start    ] GC(48) Garbage Collection (Allocation Stall)
[2024-07-24T23:00:43.333+0800][3.754s][gc,ref      ] GC(48) Clearing All SoftReferences
[2024-07-24T23:00:43.333+0800][3.754s][gc,task     ] GC(48) Using 1 workers
[2024-07-24T23:00:43.333+0800][3.754s][gc,ref      ] GC(48) Clearing All SoftReferences
[2024-07-24T23:00:43.333+0800][3.755s][gc,phases   ] GC(48) Pause Mark Start 0.037ms
[2024-07-24T23:00:43.335+0800][3.757s][gc,phases   ] GC(48) Concurrent Mark 2.060ms
[2024-07-24T23:00:43.336+0800][3.757s][gc,phases   ] GC(48) Pause Mark End 0.014ms
[2024-07-24T23:00:43.336+0800][3.757s][gc,phases   ] GC(48) Concurrent Mark Free 0.001ms
[2024-07-24T23:00:43.336+0800][3.758s][gc,phases   ] GC(48) Concurrent Process Non-Strong References 0.897ms
[2024-07-24T23:00:43.337+0800][3.758s][gc,phases   ] GC(48) Concurrent Reset Relocation Set 0.000ms
[2024-07-24T23:00:43.339+0800][3.760s][gc          ] Allocation Stall (main) 6.263ms
[2024-07-24T23:00:43.339+0800][3.760s][gc,phases   ] GC(48) Concurrent Select Relocation Set 2.521ms
[2024-07-24T23:00:43.339+0800][3.761s][gc,phases   ] GC(48) Pause Relocate Start 0.006ms
[2024-07-24T23:00:43.340+0800][3.761s][gc,phases   ] GC(48) Concurrent Relocate 0.066ms
[2024-07-24T23:00:43.340+0800][3.761s][gc,load     ] GC(48) Load: 0.00/0.00/0.00
[2024-07-24T23:00:43.340+0800][3.761s][gc,mmu      ] GC(48) MMU: 2ms/94.0%, 5ms/97.6%, 10ms/98.7%, 20ms/99.3%, 50ms/99.7%, 100ms/99.8%
[2024-07-24T23:00:43.340+0800][3.761s][gc,marking  ] GC(48) Mark: 1 stripe(s), 1 proactive flush(es), 1 terminate flush(es), 0 completion(s), 0 continuation(s) 
[2024-07-24T23:00:43.340+0800][3.761s][gc,marking  ] GC(48) Mark Stack Usage: 32M
[2024-07-24T23:00:43.340+0800][3.761s][gc,nmethod  ] GC(48) NMethods: 241 registered, 0 unregistered
[2024-07-24T23:00:43.340+0800][3.761s][gc,metaspace] GC(48) Metaspace: 0M used, 0M committed, 1088M reserved
[2024-07-24T23:00:43.340+0800][3.761s][gc,ref      ] GC(48) Soft: 62 encountered, 37 discovered, 0 enqueued
[2024-07-24T23:00:43.340+0800][3.761s][gc,ref      ] GC(48) Weak: 187 encountered, 170 discovered, 0 enqueued
[2024-07-24T23:00:43.340+0800][3.761s][gc,ref      ] GC(48) Final: 0 encountered, 0 discovered, 0 enqueued
[2024-07-24T23:00:43.340+0800][3.761s][gc,ref      ] GC(48) Phantom: 1 encountered, 0 discovered, 0 enqueued
[2024-07-24T23:00:43.340+0800][3.761s][gc,reloc    ] GC(48) Small Pages: 2 / 4M, Empty: 2M, Relocated: 0M, In-Place: 0
[2024-07-24T23:00:43.340+0800][3.761s][gc,reloc    ] GC(48) Medium Pages: 0 / 0M, Empty: 0M, Relocated: 0M, In-Place: 0
[2024-07-24T23:00:43.340+0800][3.761s][gc,reloc    ] GC(48) Large Pages: 62 / 124M, Empty: 120M, Relocated: 0M, In-Place: 0
[2024-07-24T23:00:43.340+0800][3.761s][gc,reloc    ] GC(48) Forwarding Usage: 0M
[2024-07-24T23:00:43.340+0800][3.761s][gc,heap     ] GC(48) Min Capacity: 8M(6%)
[2024-07-24T23:00:43.340+0800][3.761s][gc,heap     ] GC(48) Max Capacity: 128M(100%)
[2024-07-24T23:00:43.340+0800][3.761s][gc,heap     ] GC(48) Soft Max Capacity: 128M(100%)
[2024-07-24T23:00:43.340+0800][3.761s][gc,heap     ] GC(48)                Mark Start          Mark End        Relocate Start      Relocate End           High               Low         
[2024-07-24T23:00:43.340+0800][3.761s][gc,heap     ] GC(48)  Capacity:      128M (100%)        128M (100%)        128M (100%)        128M (100%)        128M (100%)        128M (100%)   
[2024-07-24T23:00:43.340+0800][3.761s][gc,heap     ] GC(48)      Free:        0M (0%)            0M (0%)          120M (94%)         118M (92%)         122M (95%)           0M (0%)     
[2024-07-24T23:00:43.340+0800][3.761s][gc,heap     ] GC(48)      Used:      128M (100%)        128M (100%)          8M (6%)           10M (8%)          128M (100%)          6M (5%)     
[2024-07-24T23:00:43.340+0800][3.761s][gc,heap     ] GC(48)      Live:         -                 5M (4%)            5M (4%)            5M (4%)             -                  -          
[2024-07-24T23:00:43.340+0800][3.761s][gc,heap     ] GC(48) Allocated:         -                 0M (0%)            2M (2%)            4M (3%)             -                  -          
[2024-07-24T23:00:43.340+0800][3.761s][gc,heap     ] GC(48)   Garbage:         -               122M (96%)           0M (1%)            0M (1%)             -                  -          
[2024-07-24T23:00:43.340+0800][3.761s][gc,heap     ] GC(48) Reclaimed:         -                  -               122M (95%)         122M (95%)            -                  -          
[2024-07-24T23:00:43.340+0800][3.762s][gc          ] GC(48) Garbage Collection (Allocation Stall) 128M(100%)->10M(8%)
[2024-07-24T23:00:43.348+0800][3.769s][gc,start    ] GC(49) Garbage Collection (Allocation Rate)
[2024-07-24T23:00:43.348+0800][3.769s][gc,task     ] GC(49) Using 1 workers
[2024-07-24T23:00:43.348+0800][3.769s][gc,phases   ] GC(49) Pause Mark Start 0.008ms
[2024-07-24T23:00:43.351+0800][3.772s][gc,phases   ] GC(49) Concurrent Mark 3.167ms
[2024-07-24T23:00:43.351+0800][3.773s][gc,phases   ] GC(49) Pause Mark End 0.009ms
[2024-07-24T23:00:43.351+0800][3.773s][gc,phases   ] GC(49) Concurrent Mark Free 0.001ms
[2024-07-24T23:00:43.352+0800][3.774s][gc,phases   ] GC(49) Concurrent Process Non-Strong References 0.859ms
[2024-07-24T23:00:43.352+0800][3.774s][gc,phases   ] GC(49) Concurrent Reset Relocation Set 0.000ms
[2024-07-24T23:00:43.357+0800][3.779s][gc,phases   ] GC(49) Concurrent Select Relocation Set 5.000ms
[2024-07-24T23:00:43.358+0800][3.779s][gc,phases   ] GC(49) Pause Relocate Start 0.013ms
[2024-07-24T23:00:43.359+0800][3.780s][gc,phases   ] GC(49) Concurrent Relocate 1.132ms
[2024-07-24T23:00:43.359+0800][3.780s][gc,load     ] GC(49) Load: 0.00/0.00/0.00
[2024-07-24T23:00:43.359+0800][3.780s][gc,mmu      ] GC(49) MMU: 2ms/94.0%, 5ms/97.6%, 10ms/98.7%, 20ms/99.3%, 50ms/99.7%, 100ms/99.8%
[2024-07-24T23:00:43.359+0800][3.780s][gc,marking  ] GC(49) Mark: 1 stripe(s), 1 proactive flush(es), 1 terminate flush(es), 0 completion(s), 0 continuation(s) 
[2024-07-24T23:00:43.359+0800][3.780s][gc,marking  ] GC(49) Mark Stack Usage: 32M
[2024-07-24T23:00:43.359+0800][3.780s][gc,nmethod  ] GC(49) NMethods: 241 registered, 0 unregistered
[2024-07-24T23:00:43.359+0800][3.780s][gc,metaspace] GC(49) Metaspace: 0M used, 0M committed, 1088M reserved
[2024-07-24T23:00:43.359+0800][3.780s][gc,ref      ] GC(49) Soft: 62 encountered, 0 discovered, 0 enqueued
[2024-07-24T23:00:43.359+0800][3.780s][gc,ref      ] GC(49) Weak: 187 encountered, 170 discovered, 0 enqueued
[2024-07-24T23:00:43.359+0800][3.780s][gc,ref      ] GC(49) Final: 0 encountered, 0 discovered, 0 enqueued
[2024-07-24T23:00:43.359+0800][3.780s][gc,ref      ] GC(49) Phantom: 1 encountered, 0 discovered, 0 enqueued
[2024-07-24T23:00:43.359+0800][3.780s][gc,reloc    ] GC(49) Small Pages: 2 / 4M, Empty: 0M, Relocated: 1M, In-Place: 0
[2024-07-24T23:00:43.359+0800][3.780s][gc,reloc    ] GC(49) Medium Pages: 0 / 0M, Empty: 0M, Relocated: 0M, In-Place: 0
[2024-07-24T23:00:43.359+0800][3.780s][gc,reloc    ] GC(49) Large Pages: 10 / 20M, Empty: 0M, Relocated: 0M, In-Place: 0
[2024-07-24T23:00:43.359+0800][3.780s][gc,reloc    ] GC(49) Forwarding Usage: 0M
[2024-07-24T23:00:43.359+0800][3.780s][gc,heap     ] GC(49) Min Capacity: 8M(6%)
[2024-07-24T23:00:43.359+0800][3.780s][gc,heap     ] GC(49) Max Capacity: 128M(100%)
[2024-07-24T23:00:43.359+0800][3.780s][gc,heap     ] GC(49) Soft Max Capacity: 128M(100%)
[2024-07-24T23:00:43.359+0800][3.780s][gc,heap     ] GC(49)                Mark Start          Mark End        Relocate Start      Relocate End           High               Low         
[2024-07-24T23:00:43.359+0800][3.780s][gc,heap     ] GC(49)  Capacity:      128M (100%)        128M (100%)        128M (100%)        128M (100%)        128M (100%)        128M (100%)   
[2024-07-24T23:00:43.359+0800][3.781s][gc,heap     ] GC(49)      Free:      104M (81%)         104M (81%)         104M (81%)         106M (83%)         106M (83%)         102M (80%)    
[2024-07-24T23:00:43.359+0800][3.781s][gc,heap     ] GC(49)      Used:       24M (19%)          24M (19%)          24M (19%)          22M (17%)          26M (20%)          22M (17%)    
[2024-07-24T23:00:43.359+0800][3.781s][gc,heap     ] GC(49)      Live:         -                21M (17%)          21M (17%)          21M (17%)            -                  -          
[2024-07-24T23:00:43.359+0800][3.781s][gc,heap     ] GC(49) Allocated:         -                 0M (0%)            0M (0%)            0M (0%)             -                  -          
[2024-07-24T23:00:43.359+0800][3.781s][gc,heap     ] GC(49)   Garbage:         -                 2M (2%)            2M (2%)            0M (1%)             -                  -          
[2024-07-24T23:00:43.359+0800][3.781s][gc,heap     ] GC(49) Reclaimed:         -                  -                 0M (0%)            2M (2%)             -                  -          
[2024-07-24T23:00:43.359+0800][3.781s][gc          ] GC(49) Garbage Collection (Allocation Rate) 24M(19%)->22M(17%)
[2024-07-24T23:00:43.442+0800][3.863s][gc,start    ] GC(50) Garbage Collection (Allocation Rate)
[2024-07-24T23:00:43.442+0800][3.863s][gc,task     ] GC(50) Using 1 workers
[2024-07-24T23:00:43.442+0800][3.864s][gc,phases   ] GC(50) Pause Mark Start 0.008ms
[2024-07-24T23:00:43.445+0800][3.867s][gc,phases   ] GC(50) Concurrent Mark 3.127ms
[2024-07-24T23:00:43.445+0800][3.867s][gc,phases   ] GC(50) Pause Mark End 0.007ms
[2024-07-24T23:00:43.445+0800][3.867s][gc,phases   ] GC(50) Concurrent Mark Free 0.001ms
[2024-07-24T23:00:43.446+0800][3.868s][gc,phases   ] GC(50) Concurrent Process Non-Strong References 0.870ms
[2024-07-24T23:00:43.446+0800][3.868s][gc,phases   ] GC(50) Concurrent Reset Relocation Set 0.001ms
[2024-07-24T23:00:43.448+0800][3.870s][gc          ] Allocation Stall (main) 5.496ms
[2024-07-24T23:00:43.448+0800][3.870s][gc,phases   ] GC(50) Concurrent Select Relocation Set 1.644ms
[2024-07-24T23:00:43.448+0800][3.870s][gc,phases   ] GC(50) Pause Relocate Start 0.004ms
[2024-07-24T23:00:43.448+0800][3.870s][gc,phases   ] GC(50) Concurrent Relocate 0.121ms
[2024-07-24T23:00:43.448+0800][3.870s][gc,load     ] GC(50) Load: 0.00/0.00/0.00
[2024-07-24T23:00:43.448+0800][3.870s][gc,mmu      ] GC(50) MMU: 2ms/94.0%, 5ms/97.6%, 10ms/98.7%, 20ms/99.3%, 50ms/99.7%, 100ms/99.8%
[2024-07-24T23:00:43.448+0800][3.870s][gc,marking  ] GC(50) Mark: 1 stripe(s), 2 proactive flush(es), 1 terminate flush(es), 0 completion(s), 0 continuation(s) 
[2024-07-24T23:00:43.448+0800][3.870s][gc,marking  ] GC(50) Mark Stack Usage: 32M
[2024-07-24T23:00:43.448+0800][3.870s][gc,nmethod  ] GC(50) NMethods: 242 registered, 0 unregistered
[2024-07-24T23:00:43.448+0800][3.870s][gc,metaspace] GC(50) Metaspace: 0M used, 0M committed, 1088M reserved
[2024-07-24T23:00:43.448+0800][3.870s][gc,ref      ] GC(50) Soft: 62 encountered, 0 discovered, 0 enqueued
[2024-07-24T23:00:43.448+0800][3.870s][gc,ref      ] GC(50) Weak: 187 encountered, 170 discovered, 0 enqueued
[2024-07-24T23:00:43.448+0800][3.870s][gc,ref      ] GC(50) Final: 0 encountered, 0 discovered, 0 enqueued
[2024-07-24T23:00:43.448+0800][3.871s][gc,ref      ] GC(50) Phantom: 1 encountered, 0 discovered, 0 enqueued
[2024-07-24T23:00:43.448+0800][3.871s][gc,reloc    ] GC(50) Small Pages: 2 / 4M, Empty: 2M, Relocated: 0M, In-Place: 0
[2024-07-24T23:00:43.448+0800][3.871s][gc,reloc    ] GC(50) Medium Pages: 0 / 0M, Empty: 0M, Relocated: 0M, In-Place: 0
[2024-07-24T23:00:43.448+0800][3.871s][gc,reloc    ] GC(50) Large Pages: 62 / 124M, Empty: 120M, Relocated: 0M, In-Place: 0
[2024-07-24T23:00:43.448+0800][3.871s][gc,reloc    ] GC(50) Forwarding Usage: 0M
[2024-07-24T23:00:43.448+0800][3.871s][gc,heap     ] GC(50) Min Capacity: 8M(6%)
[2024-07-24T23:00:43.448+0800][3.871s][gc,heap     ] GC(50) Max Capacity: 128M(100%)
[2024-07-24T23:00:43.448+0800][3.871s][gc,heap     ] GC(50) Soft Max Capacity: 128M(100%)
[2024-07-24T23:00:43.448+0800][3.871s][gc,heap     ] GC(50)                Mark Start          Mark End        Relocate Start      Relocate End           High               Low         
[2024-07-24T23:00:43.449+0800][3.871s][gc,heap     ] GC(50)  Capacity:      128M (100%)        128M (100%)        128M (100%)        128M (100%)        128M (100%)        128M (100%)   
[2024-07-24T23:00:43.449+0800][3.871s][gc,heap     ] GC(50)      Free:        0M (0%)            0M (0%)          120M (94%)         114M (89%)         122M (95%)           0M (0%)     
[2024-07-24T23:00:43.449+0800][3.871s][gc,heap     ] GC(50)      Used:      128M (100%)        128M (100%)          8M (6%)           14M (11%)         128M (100%)          6M (5%)     
[2024-07-24T23:00:43.449+0800][3.871s][gc,heap     ] GC(50)      Live:         -                 5M (4%)            5M (4%)            5M (4%)             -                  -          
[2024-07-24T23:00:43.449+0800][3.871s][gc,heap     ] GC(50) Allocated:         -                 0M (0%)            2M (2%)            8M (6%)             -                  -          
[2024-07-24T23:00:43.449+0800][3.871s][gc,heap     ] GC(50)   Garbage:         -               122M (96%)           0M (1%)            0M (1%)             -                  -          
[2024-07-24T23:00:43.449+0800][3.871s][gc,heap     ] GC(50) Reclaimed:         -                  -               122M (95%)         122M (95%)            -                  -          
[2024-07-24T23:00:43.449+0800][3.871s][gc          ] GC(50) Garbage Collection (Allocation Rate) 128M(100%)->14M(11%)
[2024-07-24T23:00:43.536+0800][3.957s][gc,start    ] GC(51) Garbage Collection (Allocation Stall)
[2024-07-24T23:00:43.536+0800][3.957s][gc,ref      ] GC(51) Clearing All SoftReferences
[2024-07-24T23:00:43.536+0800][3.957s][gc,task     ] GC(51) Using 1 workers
[2024-07-24T23:00:43.536+0800][3.957s][gc,ref      ] GC(51) Clearing All SoftReferences
[2024-07-24T23:00:43.536+0800][3.957s][gc,phases   ] GC(51) Pause Mark Start 0.043ms
[2024-07-24T23:00:43.540+0800][3.961s][gc,phases   ] GC(51) Concurrent Mark 3.712ms
[2024-07-24T23:00:43.540+0800][3.961s][gc,phases   ] GC(51) Pause Mark End 0.008ms
[2024-07-24T23:00:43.540+0800][3.962s][gc,phases   ] GC(51) Concurrent Mark Free 0.001ms
[2024-07-24T23:00:43.541+0800][3.962s][gc,phases   ] GC(51) Concurrent Process Non-Strong References 0.889ms
[2024-07-24T23:00:43.541+0800][3.962s][gc,phases   ] GC(51) Concurrent Reset Relocation Set 0.000ms
[2024-07-24T23:00:43.543+0800][3.964s][gc,phases   ] GC(51) Concurrent Select Relocation Set 1.428ms
[2024-07-24T23:00:43.543+0800][3.964s][gc,phases   ] GC(51) Pause Relocate Start 0.004ms
[2024-07-24T23:00:43.543+0800][3.964s][gc,phases   ] GC(51) Concurrent Relocate 0.117ms
[2024-07-24T23:00:43.543+0800][3.964s][gc,load     ] GC(51) Load: 0.00/0.00/0.00
[2024-07-24T23:00:43.543+0800][3.964s][gc,mmu      ] GC(51) MMU: 2ms/94.0%, 5ms/97.6%, 10ms/98.7%, 20ms/99.3%, 50ms/99.7%, 100ms/99.8%
[2024-07-24T23:00:43.543+0800][3.964s][gc,marking  ] GC(51) Mark: 1 stripe(s), 2 proactive flush(es), 1 terminate flush(es), 0 completion(s), 0 continuation(s) 
[2024-07-24T23:00:43.543+0800][3.964s][gc,marking  ] GC(51) Mark Stack Usage: 32M
[2024-07-24T23:00:43.543+0800][3.964s][gc,nmethod  ] GC(51) NMethods: 242 registered, 0 unregistered
[2024-07-24T23:00:43.543+0800][3.965s][gc,metaspace] GC(51) Metaspace: 0M used, 0M committed, 1088M reserved
[2024-07-24T23:00:43.543+0800][3.965s][gc,ref      ] GC(51) Soft: 62 encountered, 35 discovered, 0 enqueued
[2024-07-24T23:00:43.543+0800][3.965s][gc,ref      ] GC(51) Weak: 187 encountered, 170 discovered, 0 enqueued
[2024-07-24T23:00:43.543+0800][3.965s][gc,ref      ] GC(51) Final: 0 encountered, 0 discovered, 0 enqueued
[2024-07-24T23:00:43.543+0800][3.965s][gc,ref      ] GC(51) Phantom: 1 encountered, 0 discovered, 0 enqueued
[2024-07-24T23:00:43.543+0800][3.965s][gc,reloc    ] GC(51) Small Pages: 2 / 4M, Empty: 2M, Relocated: 0M, In-Place: 0
[2024-07-24T23:00:43.543+0800][3.965s][gc,reloc    ] GC(51) Medium Pages: 0 / 0M, Empty: 0M, Relocated: 0M, In-Place: 0
[2024-07-24T23:00:43.543+0800][3.965s][gc,reloc    ] GC(51) Large Pages: 53 / 106M, Empty: 104M, Relocated: 0M, In-Place: 0
[2024-07-24T23:00:43.543+0800][3.965s][gc,reloc    ] GC(51) Forwarding Usage: 0M
[2024-07-24T23:00:43.543+0800][3.965s][gc,heap     ] GC(51) Min Capacity: 8M(6%)
[2024-07-24T23:00:43.543+0800][3.965s][gc,heap     ] GC(51) Max Capacity: 128M(100%)
[2024-07-24T23:00:43.543+0800][3.965s][gc,heap     ] GC(51) Soft Max Capacity: 128M(100%)
[2024-07-24T23:00:43.543+0800][3.965s][gc,heap     ] GC(51)                Mark Start          Mark End        Relocate Start      Relocate End           High               Low         
[2024-07-24T23:00:43.543+0800][3.965s][gc,heap     ] GC(51)  Capacity:      128M (100%)        128M (100%)        128M (100%)        128M (100%)        128M (100%)        128M (100%)   
[2024-07-24T23:00:43.543+0800][3.965s][gc,heap     ] GC(51)      Free:       18M (14%)           2M (2%)          108M (84%)         108M (84%)         108M (84%)           2M (2%)     
[2024-07-24T23:00:43.543+0800][3.965s][gc,heap     ] GC(51)      Used:      110M (86%)         126M (98%)          20M (16%)          20M (16%)         126M (98%)          20M (16%)    
[2024-07-24T23:00:43.543+0800][3.965s][gc,heap     ] GC(51)      Live:         -                 3M (3%)            3M (3%)            3M (3%)             -                  -          
[2024-07-24T23:00:43.543+0800][3.965s][gc,heap     ] GC(51) Allocated:         -                16M (12%)          16M (12%)          16M (12%)            -                  -          
[2024-07-24T23:00:43.543+0800][3.965s][gc,heap     ] GC(51)   Garbage:         -               106M (83%)           0M (1%)            0M (1%)             -                  -          
[2024-07-24T23:00:43.544+0800][3.965s][gc,heap     ] GC(51) Reclaimed:         -                  -               106M (83%)         106M (83%)            -                  -          
[2024-07-24T23:00:43.544+0800][3.965s][gc          ] GC(51) Garbage Collection (Allocation Stall) 110M(86%)->20M(16%)
[2024-07-24T23:00:43.631+0800][4.053s][gc,start    ] GC(52) Garbage Collection (Allocation Stall)
[2024-07-24T23:00:43.631+0800][4.053s][gc,ref      ] GC(52) Clearing All SoftReferences
[2024-07-24T23:00:43.631+0800][4.053s][gc,task     ] GC(52) Using 1 workers
[2024-07-24T23:00:43.631+0800][4.054s][gc,ref      ] GC(52) Clearing All SoftReferences
[2024-07-24T23:00:43.631+0800][4.054s][gc,phases   ] GC(52) Pause Mark Start 0.034ms
[2024-07-24T23:00:43.634+0800][4.056s][gc,phases   ] GC(52) Concurrent Mark 2.183ms
[2024-07-24T23:00:43.634+0800][4.056s][gc,phases   ] GC(52) Pause Mark End 0.005ms
[2024-07-24T23:00:43.634+0800][4.056s][gc,phases   ] GC(52) Concurrent Mark Free 0.001ms
[2024-07-24T23:00:43.635+0800][4.057s][gc,phases   ] GC(52) Concurrent Process Non-Strong References 0.906ms
[2024-07-24T23:00:43.635+0800][4.057s][gc,phases   ] GC(52) Concurrent Reset Relocation Set 0.001ms
[2024-07-24T23:00:43.637+0800][4.059s][gc          ] Allocation Stall (main) 5.627ms
[2024-07-24T23:00:43.637+0800][4.059s][gc,phases   ] GC(52) Concurrent Select Relocation Set 1.763ms
[2024-07-24T23:00:43.637+0800][4.059s][gc,phases   ] GC(52) Pause Relocate Start 0.007ms
[2024-07-24T23:00:43.637+0800][4.059s][gc,phases   ] GC(52) Concurrent Relocate 0.113ms
[2024-07-24T23:00:43.637+0800][4.059s][gc,load     ] GC(52) Load: 0.00/0.00/0.00
[2024-07-24T23:00:43.637+0800][4.059s][gc,mmu      ] GC(52) MMU: 2ms/94.0%, 5ms/97.6%, 10ms/98.7%, 20ms/99.3%, 50ms/99.7%, 100ms/99.8%
[2024-07-24T23:00:43.637+0800][4.059s][gc,marking  ] GC(52) Mark: 1 stripe(s), 1 proactive flush(es), 1 terminate flush(es), 0 completion(s), 0 continuation(s) 
[2024-07-24T23:00:43.637+0800][4.059s][gc,marking  ] GC(52) Mark Stack Usage: 32M
[2024-07-24T23:00:43.637+0800][4.060s][gc,nmethod  ] GC(52) NMethods: 242 registered, 0 unregistered
[2024-07-24T23:00:43.637+0800][4.060s][gc,metaspace] GC(52) Metaspace: 0M used, 0M committed, 1088M reserved
[2024-07-24T23:00:43.637+0800][4.060s][gc,ref      ] GC(52) Soft: 62 encountered, 37 discovered, 0 enqueued
[2024-07-24T23:00:43.637+0800][4.060s][gc,ref      ] GC(52) Weak: 187 encountered, 170 discovered, 0 enqueued
[2024-07-24T23:00:43.637+0800][4.060s][gc,ref      ] GC(52) Final: 0 encountered, 0 discovered, 0 enqueued
[2024-07-24T23:00:43.637+0800][4.060s][gc,ref      ] GC(52) Phantom: 1 encountered, 0 discovered, 0 enqueued
[2024-07-24T23:00:43.637+0800][4.060s][gc,reloc    ] GC(52) Small Pages: 2 / 4M, Empty: 2M, Relocated: 0M, In-Place: 0
[2024-07-24T23:00:43.637+0800][4.060s][gc,reloc    ] GC(52) Medium Pages: 0 / 0M, Empty: 0M, Relocated: 0M, In-Place: 0
[2024-07-24T23:00:43.637+0800][4.060s][gc,reloc    ] GC(52) Large Pages: 62 / 124M, Empty: 96M, Relocated: 0M, In-Place: 0
[2024-07-24T23:00:43.637+0800][4.060s][gc,reloc    ] GC(52) Forwarding Usage: 0M
[2024-07-24T23:00:43.637+0800][4.060s][gc,heap     ] GC(52) Min Capacity: 8M(6%)
[2024-07-24T23:00:43.637+0800][4.060s][gc,heap     ] GC(52) Max Capacity: 128M(100%)
[2024-07-24T23:00:43.637+0800][4.060s][gc,heap     ] GC(52) Soft Max Capacity: 128M(100%)
[2024-07-24T23:00:43.637+0800][4.060s][gc,heap     ] GC(52)                Mark Start          Mark End        Relocate Start      Relocate End           High               Low         
[2024-07-24T23:00:43.637+0800][4.060s][gc,heap     ] GC(52)  Capacity:      128M (100%)        128M (100%)        128M (100%)        128M (100%)        128M (100%)        128M (100%)   
[2024-07-24T23:00:43.637+0800][4.060s][gc,heap     ] GC(52)      Free:        0M (0%)            0M (0%)           96M (75%)          90M (70%)          98M (77%)           0M (0%)     
[2024-07-24T23:00:43.638+0800][4.060s][gc,heap     ] GC(52)      Used:      128M (100%)        128M (100%)         32M (25%)          38M (30%)         128M (100%)         30M (23%)    
[2024-07-24T23:00:43.638+0800][4.060s][gc,heap     ] GC(52)      Live:         -                29M (23%)          29M (23%)          29M (23%)            -                  -          
[2024-07-24T23:00:43.638+0800][4.060s][gc,heap     ] GC(52) Allocated:         -                 0M (0%)            2M (2%)            8M (6%)             -                  -          
[2024-07-24T23:00:43.638+0800][4.060s][gc,heap     ] GC(52)   Garbage:         -                98M (77%)           0M (1%)            0M (1%)             -                  -          
[2024-07-24T23:00:43.638+0800][4.060s][gc,heap     ] GC(52) Reclaimed:         -                  -                98M (77%)          98M (77%)            -                  -          
[2024-07-24T23:00:43.638+0800][4.060s][gc          ] GC(52) Garbage Collection (Allocation Stall) 128M(100%)->38M(30%)
[2024-07-24T23:00:43.647+0800][4.068s][gc,start    ] GC(53) Garbage Collection (Allocation Rate)
[2024-07-24T23:00:43.647+0800][4.068s][gc,task     ] GC(53) Using 1 workers
[2024-07-24T23:00:43.647+0800][4.069s][gc,phases   ] GC(53) Pause Mark Start 0.008ms
[2024-07-24T23:00:43.649+0800][4.071s][gc,phases   ] GC(53) Concurrent Mark 2.201ms
[2024-07-24T23:00:43.649+0800][4.071s][gc,phases   ] GC(53) Pause Mark End 0.007ms
[2024-07-24T23:00:43.649+0800][4.071s][gc,phases   ] GC(53) Concurrent Mark Free 0.001ms
[2024-07-24T23:00:43.649+0800][4.072s][gc,phases   ] GC(53) Concurrent Process Non-Strong References 0.536ms
[2024-07-24T23:00:43.649+0800][4.072s][gc,phases   ] GC(53) Concurrent Reset Relocation Set 0.000ms
[2024-07-24T23:00:43.651+0800][4.073s][gc,phases   ] GC(53) Concurrent Select Relocation Set 1.311ms
[2024-07-24T23:00:43.651+0800][4.073s][gc,phases   ] GC(53) Pause Relocate Start 0.006ms
[2024-07-24T23:00:43.652+0800][4.074s][gc,phases   ] GC(53) Concurrent Relocate 0.840ms
[2024-07-24T23:00:43.652+0800][4.074s][gc,load     ] GC(53) Load: 0.00/0.00/0.00
[2024-07-24T23:00:43.652+0800][4.074s][gc,mmu      ] GC(53) MMU: 2ms/94.0%, 5ms/97.6%, 10ms/98.7%, 20ms/99.3%, 50ms/99.7%, 100ms/99.8%
[2024-07-24T23:00:43.652+0800][4.074s][gc,marking  ] GC(53) Mark: 1 stripe(s), 1 proactive flush(es), 1 terminate flush(es), 0 completion(s), 0 continuation(s) 
[2024-07-24T23:00:43.652+0800][4.074s][gc,marking  ] GC(53) Mark Stack Usage: 32M
[2024-07-24T23:00:43.652+0800][4.074s][gc,nmethod  ] GC(53) NMethods: 242 registered, 0 unregistered
[2024-07-24T23:00:43.652+0800][4.074s][gc,metaspace] GC(53) Metaspace: 0M used, 0M committed, 1088M reserved
[2024-07-24T23:00:43.652+0800][4.074s][gc,ref      ] GC(53) Soft: 62 encountered, 0 discovered, 0 enqueued
[2024-07-24T23:00:43.652+0800][4.074s][gc,ref      ] GC(53) Weak: 187 encountered, 170 discovered, 0 enqueued
[2024-07-24T23:00:43.652+0800][4.074s][gc,ref      ] GC(53) Final: 0 encountered, 0 discovered, 0 enqueued
[2024-07-24T23:00:43.652+0800][4.074s][gc,ref      ] GC(53) Phantom: 1 encountered, 0 discovered, 0 enqueued
[2024-07-24T23:00:43.652+0800][4.074s][gc,reloc    ] GC(53) Small Pages: 2 / 4M, Empty: 0M, Relocated: 1M, In-Place: 0
[2024-07-24T23:00:43.652+0800][4.074s][gc,reloc    ] GC(53) Medium Pages: 0 / 0M, Empty: 0M, Relocated: 0M, In-Place: 0
[2024-07-24T23:00:43.652+0800][4.074s][gc,reloc    ] GC(53) Large Pages: 20 / 40M, Empty: 40M, Relocated: 0M, In-Place: 0
[2024-07-24T23:00:43.652+0800][4.074s][gc,reloc    ] GC(53) Forwarding Usage: 0M
[2024-07-24T23:00:43.652+0800][4.074s][gc,heap     ] GC(53) Min Capacity: 8M(6%)
[2024-07-24T23:00:43.652+0800][4.074s][gc,heap     ] GC(53) Max Capacity: 128M(100%)
[2024-07-24T23:00:43.652+0800][4.074s][gc,heap     ] GC(53) Soft Max Capacity: 128M(100%)
[2024-07-24T23:00:43.652+0800][4.074s][gc,heap     ] GC(53)                Mark Start          Mark End        Relocate Start      Relocate End           High               Low         
[2024-07-24T23:00:43.652+0800][4.074s][gc,heap     ] GC(53)  Capacity:      128M (100%)        128M (100%)        128M (100%)        128M (100%)        128M (100%)        128M (100%)   
[2024-07-24T23:00:43.652+0800][4.074s][gc,heap     ] GC(53)      Free:       84M (66%)          84M (66%)         124M (97%)         126M (98%)         126M (98%)          84M (66%)    
[2024-07-24T23:00:43.652+0800][4.074s][gc,heap     ] GC(53)      Used:       44M (34%)          44M (34%)           4M (3%)            2M (2%)           44M (34%)           2M (2%)     
[2024-07-24T23:00:43.652+0800][4.074s][gc,heap     ] GC(53)      Live:         -                 1M (1%)            1M (1%)            1M (1%)             -                  -          
[2024-07-24T23:00:43.652+0800][4.074s][gc,heap     ] GC(53) Allocated:         -                 0M (0%)            0M (0%)            0M (0%)             -                  -          
[2024-07-24T23:00:43.652+0800][4.074s][gc,heap     ] GC(53)   Garbage:         -                42M (33%)           2M (2%)            0M (1%)             -                  -          
[2024-07-24T23:00:43.652+0800][4.074s][gc,heap     ] GC(53) Reclaimed:         -                  -                40M (31%)          42M (33%)            -                  -          
[2024-07-24T23:00:43.652+0800][4.074s][gc          ] GC(53) Garbage Collection (Allocation Rate) 44M(34%)->2M(2%)
[2024-07-24T23:00:43.740+0800][4.162s][gc,start    ] GC(54) Garbage Collection (Allocation Rate)
[2024-07-24T23:00:43.740+0800][4.162s][gc,task     ] GC(54) Using 1 workers
[2024-07-24T23:00:43.740+0800][4.162s][gc,phases   ] GC(54) Pause Mark Start 0.010ms
[2024-07-24T23:00:43.744+0800][4.165s][gc,phases   ] GC(54) Concurrent Mark 3.243ms
[2024-07-24T23:00:43.744+0800][4.166s][gc,phases   ] GC(54) Pause Mark End 0.008ms
[2024-07-24T23:00:43.744+0800][4.166s][gc,phases   ] GC(54) Concurrent Mark Free 0.001ms
[2024-07-24T23:00:43.745+0800][4.167s][gc,phases   ] GC(54) Concurrent Process Non-Strong References 0.921ms
[2024-07-24T23:00:43.745+0800][4.167s][gc,phases   ] GC(54) Concurrent Reset Relocation Set 0.001ms
[2024-07-24T23:00:43.747+0800][4.169s][gc,phases   ] GC(54) Concurrent Select Relocation Set 1.950ms
[2024-07-24T23:00:43.747+0800][4.169s][gc,phases   ] GC(54) Pause Relocate Start 0.006ms
[2024-07-24T23:00:43.748+0800][4.169s][gc,phases   ] GC(54) Concurrent Relocate 0.108ms
[2024-07-24T23:00:43.748+0800][4.169s][gc,load     ] GC(54) Load: 0.00/0.00/0.00
[2024-07-24T23:00:43.748+0800][4.169s][gc,mmu      ] GC(54) MMU: 2ms/94.0%, 5ms/97.6%, 10ms/98.7%, 20ms/99.3%, 50ms/99.7%, 100ms/99.8%
[2024-07-24T23:00:43.748+0800][4.169s][gc,marking  ] GC(54) Mark: 1 stripe(s), 2 proactive flush(es), 1 terminate flush(es), 0 completion(s), 0 continuation(s) 
[2024-07-24T23:00:43.748+0800][4.169s][gc,marking  ] GC(54) Mark Stack Usage: 32M
[2024-07-24T23:00:43.748+0800][4.169s][gc,nmethod  ] GC(54) NMethods: 243 registered, 0 unregistered
[2024-07-24T23:00:43.748+0800][4.169s][gc,metaspace] GC(54) Metaspace: 0M used, 0M committed, 1088M reserved
[2024-07-24T23:00:43.748+0800][4.169s][gc,ref      ] GC(54) Soft: 62 encountered, 0 discovered, 0 enqueued
[2024-07-24T23:00:43.748+0800][4.169s][gc,ref      ] GC(54) Weak: 187 encountered, 170 discovered, 0 enqueued
[2024-07-24T23:00:43.748+0800][4.169s][gc,ref      ] GC(54) Final: 0 encountered, 0 discovered, 0 enqueued
[2024-07-24T23:00:43.748+0800][4.169s][gc,ref      ] GC(54) Phantom: 1 encountered, 0 discovered, 0 enqueued
[2024-07-24T23:00:43.748+0800][4.169s][gc,reloc    ] GC(54) Small Pages: 2 / 4M, Empty: 2M, Relocated: 0M, In-Place: 0
[2024-07-24T23:00:43.748+0800][4.169s][gc,reloc    ] GC(54) Medium Pages: 0 / 0M, Empty: 0M, Relocated: 0M, In-Place: 0
[2024-07-24T23:00:43.748+0800][4.169s][gc,reloc    ] GC(54) Large Pages: 52 / 104M, Empty: 102M, Relocated: 0M, In-Place: 0
[2024-07-24T23:00:43.748+0800][4.169s][gc,reloc    ] GC(54) Forwarding Usage: 0M
[2024-07-24T23:00:43.748+0800][4.169s][gc,heap     ] GC(54) Min Capacity: 8M(6%)
[2024-07-24T23:00:43.748+0800][4.169s][gc,heap     ] GC(54) Max Capacity: 128M(100%)
[2024-07-24T23:00:43.748+0800][4.169s][gc,heap     ] GC(54) Soft Max Capacity: 128M(100%)
[2024-07-24T23:00:43.748+0800][4.169s][gc,heap     ] GC(54)                Mark Start          Mark End        Relocate Start      Relocate End           High               Low         
[2024-07-24T23:00:43.748+0800][4.169s][gc,heap     ] GC(54)  Capacity:      128M (100%)        128M (100%)        128M (100%)        128M (100%)        128M (100%)        128M (100%)   
[2024-07-24T23:00:43.748+0800][4.170s][gc,heap     ] GC(54)      Free:       20M (16%)           2M (2%)          106M (83%)         106M (83%)         106M (83%)           2M (2%)     
[2024-07-24T23:00:43.748+0800][4.170s][gc,heap     ] GC(54)      Used:      108M (84%)         126M (98%)          22M (17%)          22M (17%)         126M (98%)          22M (17%)    
[2024-07-24T23:00:43.748+0800][4.170s][gc,heap     ] GC(54)      Live:         -                 3M (3%)            3M (3%)            3M (3%)             -                  -          
[2024-07-24T23:00:43.748+0800][4.170s][gc,heap     ] GC(54) Allocated:         -                18M (14%)          18M (14%)          18M (14%)            -                  -          
[2024-07-24T23:00:43.748+0800][4.170s][gc,heap     ] GC(54)   Garbage:         -               104M (82%)           0M (1%)            0M (1%)             -                  -          
[2024-07-24T23:00:43.748+0800][4.170s][gc,heap     ] GC(54) Reclaimed:         -                  -               104M (81%)         104M (81%)            -                  -          
[2024-07-24T23:00:43.748+0800][4.170s][gc          ] GC(54) Garbage Collection (Allocation Rate) 108M(84%)->22M(17%)
[2024-07-24T23:00:43.835+0800][4.257s][gc,start    ] GC(55) Garbage Collection (Allocation Rate)
[2024-07-24T23:00:43.835+0800][4.257s][gc,task     ] GC(55) Using 1 workers
[2024-07-24T23:00:43.836+0800][4.257s][gc,phases   ] GC(55) Pause Mark Start 0.012ms
[2024-07-24T23:00:43.838+0800][4.260s][gc,phases   ] GC(55) Concurrent Mark 2.602ms
[2024-07-24T23:00:43.839+0800][4.260s][gc,phases   ] GC(55) Pause Mark End 0.008ms
[2024-07-24T23:00:43.839+0800][4.260s][gc,phases   ] GC(55) Concurrent Mark Free 0.001ms
[2024-07-24T23:00:43.840+0800][4.261s][gc,phases   ] GC(55) Concurrent Process Non-Strong References 0.859ms
[2024-07-24T23:00:43.840+0800][4.261s][gc,phases   ] GC(55) Concurrent Reset Relocation Set 0.000ms
[2024-07-24T23:00:43.841+0800][4.263s][gc          ] Allocation Stall (main) 5.003ms
[2024-07-24T23:00:43.841+0800][4.263s][gc,phases   ] GC(55) Concurrent Select Relocation Set 1.655ms
[2024-07-24T23:00:43.842+0800][4.263s][gc,phases   ] GC(55) Pause Relocate Start 0.006ms
[2024-07-24T23:00:43.842+0800][4.264s][gc,phases   ] GC(55) Concurrent Relocate 0.114ms
[2024-07-24T23:00:43.842+0800][4.264s][gc,load     ] GC(55) Load: 0.00/0.00/0.00
[2024-07-24T23:00:43.842+0800][4.264s][gc,mmu      ] GC(55) MMU: 2ms/94.0%, 5ms/97.6%, 10ms/98.7%, 20ms/99.3%, 50ms/99.7%, 100ms/99.8%
[2024-07-24T23:00:43.842+0800][4.264s][gc,marking  ] GC(55) Mark: 1 stripe(s), 2 proactive flush(es), 1 terminate flush(es), 0 completion(s), 0 continuation(s) 
[2024-07-24T23:00:43.842+0800][4.264s][gc,marking  ] GC(55) Mark Stack Usage: 32M
[2024-07-24T23:00:43.842+0800][4.264s][gc,nmethod  ] GC(55) NMethods: 243 registered, 0 unregistered
[2024-07-24T23:00:43.842+0800][4.264s][gc,metaspace] GC(55) Metaspace: 0M used, 0M committed, 1088M reserved
[2024-07-24T23:00:43.842+0800][4.264s][gc,ref      ] GC(55) Soft: 62 encountered, 0 discovered, 0 enqueued
[2024-07-24T23:00:43.842+0800][4.264s][gc,ref      ] GC(55) Weak: 187 encountered, 170 discovered, 0 enqueued
[2024-07-24T23:00:43.842+0800][4.264s][gc,ref      ] GC(55) Final: 0 encountered, 0 discovered, 0 enqueued
[2024-07-24T23:00:43.842+0800][4.264s][gc,ref      ] GC(55) Phantom: 1 encountered, 0 discovered, 0 enqueued
[2024-07-24T23:00:43.842+0800][4.264s][gc,reloc    ] GC(55) Small Pages: 2 / 4M, Empty: 2M, Relocated: 0M, In-Place: 0
[2024-07-24T23:00:43.842+0800][4.264s][gc,reloc    ] GC(55) Medium Pages: 0 / 0M, Empty: 0M, Relocated: 0M, In-Place: 0
[2024-07-24T23:00:43.842+0800][4.264s][gc,reloc    ] GC(55) Large Pages: 62 / 124M, Empty: 98M, Relocated: 0M, In-Place: 0
[2024-07-24T23:00:43.842+0800][4.264s][gc,reloc    ] GC(55) Forwarding Usage: 0M
[2024-07-24T23:00:43.842+0800][4.264s][gc,heap     ] GC(55) Min Capacity: 8M(6%)
[2024-07-24T23:00:43.842+0800][4.264s][gc,heap     ] GC(55) Max Capacity: 128M(100%)
[2024-07-24T23:00:43.842+0800][4.264s][gc,heap     ] GC(55) Soft Max Capacity: 128M(100%)
[2024-07-24T23:00:43.842+0800][4.264s][gc,heap     ] GC(55)                Mark Start          Mark End        Relocate Start      Relocate End           High               Low         
[2024-07-24T23:00:43.842+0800][4.264s][gc,heap     ] GC(55)  Capacity:      128M (100%)        128M (100%)        128M (100%)        128M (100%)        128M (100%)        128M (100%)   
[2024-07-24T23:00:43.842+0800][4.264s][gc,heap     ] GC(55)      Free:        0M (0%)            0M (0%)           98M (77%)          94M (73%)         100M (78%)           0M (0%)     
[2024-07-24T23:00:43.842+0800][4.264s][gc,heap     ] GC(55)      Used:      128M (100%)        128M (100%)         30M (23%)          34M (27%)         128M (100%)         28M (22%)    
[2024-07-24T23:00:43.842+0800][4.264s][gc,heap     ] GC(55)      Live:         -                27M (21%)          27M (21%)          27M (21%)            -                  -          
[2024-07-24T23:00:43.842+0800][4.264s][gc,heap     ] GC(55) Allocated:         -                 0M (0%)            2M (2%)            6M (5%)             -                  -          
[2024-07-24T23:00:43.842+0800][4.264s][gc,heap     ] GC(55)   Garbage:         -               100M (79%)           0M (1%)            0M (1%)             -                  -          
[2024-07-24T23:00:43.842+0800][4.264s][gc,heap     ] GC(55) Reclaimed:         -                  -               100M (78%)         100M (78%)            -                  -          
[2024-07-24T23:00:43.842+0800][4.264s][gc          ] GC(55) Garbage Collection (Allocation Rate) 128M(100%)->34M(27%)
[2024-07-24T23:00:43.931+0800][4.353s][gc,start    ] GC(56) Garbage Collection (Allocation Stall)
[2024-07-24T23:00:43.931+0800][4.353s][gc,ref      ] GC(56) Clearing All SoftReferences
[2024-07-24T23:00:43.931+0800][4.353s][gc,task     ] GC(56) Using 1 workers
[2024-07-24T23:00:43.932+0800][4.353s][gc,ref      ] GC(56) Clearing All SoftReferences
[2024-07-24T23:00:43.932+0800][4.353s][gc,phases   ] GC(56) Pause Mark Start 0.045ms
[2024-07-24T23:00:43.934+0800][4.355s][gc,phases   ] GC(56) Concurrent Mark 2.090ms
[2024-07-24T23:00:43.934+0800][4.356s][gc,phases   ] GC(56) Pause Mark End 0.006ms
[2024-07-24T23:00:43.934+0800][4.356s][gc,phases   ] GC(56) Concurrent Mark Free 0.001ms
[2024-07-24T23:00:43.935+0800][4.356s][gc,phases   ] GC(56) Concurrent Process Non-Strong References 0.746ms
[2024-07-24T23:00:43.935+0800][4.357s][gc,phases   ] GC(56) Concurrent Reset Relocation Set 0.000ms
[2024-07-24T23:00:43.937+0800][4.359s][gc          ] Allocation Stall (main) 5.901ms
[2024-07-24T23:00:43.937+0800][4.359s][gc,phases   ] GC(56) Concurrent Select Relocation Set 2.298ms
[2024-07-24T23:00:43.938+0800][4.359s][gc,phases   ] GC(56) Pause Relocate Start 0.046ms
[2024-07-24T23:00:43.940+0800][4.361s][gc,phases   ] GC(56) Concurrent Relocate 1.717ms
[2024-07-24T23:00:43.940+0800][4.361s][gc,load     ] GC(56) Load: 0.00/0.00/0.00
[2024-07-24T23:00:43.940+0800][4.361s][gc,mmu      ] GC(56) MMU: 2ms/94.0%, 5ms/97.6%, 10ms/98.7%, 20ms/99.3%, 50ms/99.7%, 100ms/99.8%
[2024-07-24T23:00:43.940+0800][4.361s][gc,marking  ] GC(56) Mark: 1 stripe(s), 1 proactive flush(es), 1 terminate flush(es), 0 completion(s), 0 continuation(s) 
[2024-07-24T23:00:43.940+0800][4.361s][gc,marking  ] GC(56) Mark Stack Usage: 32M
[2024-07-24T23:00:43.940+0800][4.361s][gc,nmethod  ] GC(56) NMethods: 246 registered, 0 unregistered
[2024-07-24T23:00:43.940+0800][4.361s][gc,metaspace] GC(56) Metaspace: 0M used, 0M committed, 1088M reserved
[2024-07-24T23:00:43.940+0800][4.361s][gc,ref      ] GC(56) Soft: 62 encountered, 37 discovered, 0 enqueued
[2024-07-24T23:00:43.940+0800][4.361s][gc,ref      ] GC(56) Weak: 187 encountered, 170 discovered, 0 enqueued
[2024-07-24T23:00:43.940+0800][4.361s][gc,ref      ] GC(56) Final: 0 encountered, 0 discovered, 0 enqueued
[2024-07-24T23:00:43.940+0800][4.362s][gc,ref      ] GC(56) Phantom: 1 encountered, 0 discovered, 0 enqueued
[2024-07-24T23:00:43.940+0800][4.362s][gc,reloc    ] GC(56) Small Pages: 2 / 4M, Empty: 0M, Relocated: 1M, In-Place: 0
[2024-07-24T23:00:43.940+0800][4.362s][gc,reloc    ] GC(56) Medium Pages: 0 / 0M, Empty: 0M, Relocated: 0M, In-Place: 0
[2024-07-24T23:00:43.940+0800][4.362s][gc,reloc    ] GC(56) Large Pages: 62 / 124M, Empty: 120M, Relocated: 0M, In-Place: 0
[2024-07-24T23:00:43.940+0800][4.362s][gc,reloc    ] GC(56) Forwarding Usage: 0M
[2024-07-24T23:00:43.940+0800][4.362s][gc,heap     ] GC(56) Min Capacity: 8M(6%)
[2024-07-24T23:00:43.940+0800][4.362s][gc,heap     ] GC(56) Max Capacity: 128M(100%)
[2024-07-24T23:00:43.940+0800][4.362s][gc,heap     ] GC(56) Soft Max Capacity: 128M(100%)
[2024-07-24T23:00:43.940+0800][4.362s][gc,heap     ] GC(56)                Mark Start          Mark End        Relocate Start      Relocate End           High               Low         
[2024-07-24T23:00:43.940+0800][4.362s][gc,heap     ] GC(56)  Capacity:      128M (100%)        128M (100%)        128M (100%)        128M (100%)        128M (100%)        128M (100%)   
[2024-07-24T23:00:43.940+0800][4.362s][gc,heap     ] GC(56)      Free:        0M (0%)            0M (0%)          118M (92%)         104M (81%)         120M (94%)           0M (0%)     
[2024-07-24T23:00:43.940+0800][4.362s][gc,heap     ] GC(56)      Used:      128M (100%)        128M (100%)         10M (8%)           24M (19%)         128M (100%)          8M (6%)     
[2024-07-24T23:00:43.940+0800][4.362s][gc,heap     ] GC(56)      Live:         -                 5M (4%)            5M (4%)            5M (4%)             -                  -          
[2024-07-24T23:00:43.940+0800][4.362s][gc,heap     ] GC(56) Allocated:         -                 0M (0%)            2M (2%)           17M (14%)            -                  -          
[2024-07-24T23:00:43.940+0800][4.362s][gc,heap     ] GC(56)   Garbage:         -               122M (96%)           2M (2%)            0M (1%)             -                  -          
[2024-07-24T23:00:43.940+0800][4.362s][gc,heap     ] GC(56) Reclaimed:         -                  -               120M (94%)         121M (95%)            -                  -          
[2024-07-24T23:00:43.940+0800][4.362s][gc          ] GC(56) Garbage Collection (Allocation Stall) 128M(100%)->24M(19%)
[2024-07-24T23:00:43.947+0800][4.369s][gc,start    ] GC(57) Garbage Collection (Allocation Rate)
[2024-07-24T23:00:43.947+0800][4.369s][gc,task     ] GC(57) Using 1 workers
[2024-07-24T23:00:43.947+0800][4.369s][gc,phases   ] GC(57) Pause Mark Start 0.007ms
[2024-07-24T23:00:43.950+0800][4.372s][gc,phases   ] GC(57) Concurrent Mark 2.964ms
[2024-07-24T23:00:43.951+0800][4.372s][gc,phases   ] GC(57) Pause Mark End 0.006ms
[2024-07-24T23:00:43.951+0800][4.372s][gc,phases   ] GC(57) Concurrent Mark Free 0.001ms
[2024-07-24T23:00:43.952+0800][4.373s][gc,phases   ] GC(57) Concurrent Process Non-Strong References 0.968ms
[2024-07-24T23:00:43.952+0800][4.373s][gc,phases   ] GC(57) Concurrent Reset Relocation Set 0.002ms
[2024-07-24T23:00:43.954+0800][4.375s][gc,phases   ] GC(57) Concurrent Select Relocation Set 1.736ms
[2024-07-24T23:00:43.954+0800][4.375s][gc,phases   ] GC(57) Pause Relocate Start 0.006ms
[2024-07-24T23:00:43.955+0800][4.376s][gc,phases   ] GC(57) Concurrent Relocate 0.853ms
[2024-07-24T23:00:43.955+0800][4.376s][gc,load     ] GC(57) Load: 0.00/0.00/0.00
[2024-07-24T23:00:43.955+0800][4.376s][gc,mmu      ] GC(57) MMU: 2ms/94.0%, 5ms/97.6%, 10ms/98.7%, 20ms/99.3%, 50ms/99.7%, 100ms/99.8%
[2024-07-24T23:00:43.955+0800][4.377s][gc,marking  ] GC(57) Mark: 1 stripe(s), 1 proactive flush(es), 1 terminate flush(es), 0 completion(s), 0 continuation(s) 
[2024-07-24T23:00:43.955+0800][4.377s][gc,marking  ] GC(57) Mark Stack Usage: 32M
[2024-07-24T23:00:43.955+0800][4.377s][gc,nmethod  ] GC(57) NMethods: 246 registered, 0 unregistered
[2024-07-24T23:00:43.955+0800][4.377s][gc,metaspace] GC(57) Metaspace: 0M used, 0M committed, 1088M reserved
[2024-07-24T23:00:43.955+0800][4.377s][gc,ref      ] GC(57) Soft: 62 encountered, 0 discovered, 0 enqueued
[2024-07-24T23:00:43.955+0800][4.377s][gc,ref      ] GC(57) Weak: 187 encountered, 170 discovered, 0 enqueued
[2024-07-24T23:00:43.955+0800][4.377s][gc,ref      ] GC(57) Final: 0 encountered, 0 discovered, 0 enqueued
[2024-07-24T23:00:43.955+0800][4.377s][gc,ref      ] GC(57) Phantom: 1 encountered, 0 discovered, 0 enqueued
[2024-07-24T23:00:43.955+0800][4.377s][gc,reloc    ] GC(57) Small Pages: 2 / 4M, Empty: 0M, Relocated: 1M, In-Place: 0
[2024-07-24T23:00:43.955+0800][4.377s][gc,reloc    ] GC(57) Medium Pages: 0 / 0M, Empty: 0M, Relocated: 0M, In-Place: 0
[2024-07-24T23:00:43.955+0800][4.377s][gc,reloc    ] GC(57) Large Pages: 10 / 20M, Empty: 0M, Relocated: 0M, In-Place: 0
[2024-07-24T23:00:43.955+0800][4.377s][gc,reloc    ] GC(57) Forwarding Usage: 0M
[2024-07-24T23:00:43.955+0800][4.377s][gc,heap     ] GC(57) Min Capacity: 8M(6%)
[2024-07-24T23:00:43.955+0800][4.377s][gc,heap     ] GC(57) Max Capacity: 128M(100%)
[2024-07-24T23:00:43.955+0800][4.377s][gc,heap     ] GC(57) Soft Max Capacity: 128M(100%)
[2024-07-24T23:00:43.955+0800][4.377s][gc,heap     ] GC(57)                Mark Start          Mark End        Relocate Start      Relocate End           High               Low         
[2024-07-24T23:00:43.955+0800][4.377s][gc,heap     ] GC(57)  Capacity:      128M (100%)        128M (100%)        128M (100%)        128M (100%)        128M (100%)        128M (100%)   
[2024-07-24T23:00:43.955+0800][4.377s][gc,heap     ] GC(57)      Free:      104M (81%)         104M (81%)         104M (81%)         106M (83%)         106M (83%)         102M (80%)    
[2024-07-24T23:00:43.955+0800][4.377s][gc,heap     ] GC(57)      Used:       24M (19%)          24M (19%)          24M (19%)          22M (17%)          26M (20%)          22M (17%)    
[2024-07-24T23:00:43.955+0800][4.377s][gc,heap     ] GC(57)      Live:         -                21M (17%)          21M (17%)          21M (17%)            -                  -          
[2024-07-24T23:00:43.955+0800][4.377s][gc,heap     ] GC(57) Allocated:         -                 0M (0%)            0M (0%)            0M (0%)             -                  -          
[2024-07-24T23:00:43.955+0800][4.377s][gc,heap     ] GC(57)   Garbage:         -                 2M (2%)            2M (2%)            0M (1%)             -                  -          
[2024-07-24T23:00:43.955+0800][4.377s][gc,heap     ] GC(57) Reclaimed:         -                  -                 0M (0%)            2M (2%)             -                  -          
[2024-07-24T23:00:43.955+0800][4.377s][gc          ] GC(57) Garbage Collection (Allocation Rate) 24M(19%)->22M(17%)
[2024-07-24T23:00:44.043+0800][4.464s][gc,start    ] GC(58) Garbage Collection (Allocation Rate)
[2024-07-24T23:00:44.043+0800][4.464s][gc,task     ] GC(58) Using 1 workers
[2024-07-24T23:00:44.043+0800][4.465s][gc,phases   ] GC(58) Pause Mark Start 0.006ms
[2024-07-24T23:00:44.046+0800][4.468s][gc,phases   ] GC(58) Concurrent Mark 3.156ms
[2024-07-24T23:00:44.047+0800][4.468s][gc,phases   ] GC(58) Pause Mark End 0.008ms
[2024-07-24T23:00:44.047+0800][4.468s][gc,phases   ] GC(58) Concurrent Mark Free 0.001ms
[2024-07-24T23:00:44.048+0800][4.469s][gc,phases   ] GC(58) Concurrent Process Non-Strong References 0.938ms
[2024-07-24T23:00:44.048+0800][4.469s][gc,phases   ] GC(58) Concurrent Reset Relocation Set 0.001ms
[2024-07-24T23:00:44.049+0800][4.471s][gc          ] Allocation Stall (main) 4.982ms
[2024-07-24T23:00:44.049+0800][4.471s][gc,phases   ] GC(58) Concurrent Select Relocation Set 1.668ms
[2024-07-24T23:00:44.050+0800][4.471s][gc,phases   ] GC(58) Pause Relocate Start 0.003ms
[2024-07-24T23:00:44.050+0800][4.472s][gc,phases   ] GC(58) Concurrent Relocate 0.121ms
[2024-07-24T23:00:44.050+0800][4.472s][gc,load     ] GC(58) Load: 0.00/0.00/0.00
[2024-07-24T23:00:44.050+0800][4.472s][gc,mmu      ] GC(58) MMU: 2ms/94.0%, 5ms/97.6%, 10ms/98.7%, 20ms/99.3%, 50ms/99.7%, 100ms/99.8%
[2024-07-24T23:00:44.050+0800][4.472s][gc,marking  ] GC(58) Mark: 1 stripe(s), 2 proactive flush(es), 1 terminate flush(es), 0 completion(s), 0 continuation(s) 
[2024-07-24T23:00:44.050+0800][4.472s][gc,marking  ] GC(58) Mark Stack Usage: 32M
[2024-07-24T23:00:44.050+0800][4.472s][gc,nmethod  ] GC(58) NMethods: 246 registered, 0 unregistered
[2024-07-24T23:00:44.050+0800][4.472s][gc,metaspace] GC(58) Metaspace: 0M used, 0M committed, 1088M reserved
[2024-07-24T23:00:44.050+0800][4.472s][gc,ref      ] GC(58) Soft: 62 encountered, 0 discovered, 0 enqueued
[2024-07-24T23:00:44.050+0800][4.472s][gc,ref      ] GC(58) Weak: 187 encountered, 170 discovered, 0 enqueued
[2024-07-24T23:00:44.050+0800][4.472s][gc,ref      ] GC(58) Final: 0 encountered, 0 discovered, 0 enqueued
[2024-07-24T23:00:44.050+0800][4.472s][gc,ref      ] GC(58) Phantom: 1 encountered, 0 discovered, 0 enqueued
[2024-07-24T23:00:44.050+0800][4.472s][gc,reloc    ] GC(58) Small Pages: 2 / 4M, Empty: 2M, Relocated: 0M, In-Place: 0
[2024-07-24T23:00:44.050+0800][4.472s][gc,reloc    ] GC(58) Medium Pages: 0 / 0M, Empty: 0M, Relocated: 0M, In-Place: 0
[2024-07-24T23:00:44.050+0800][4.472s][gc,reloc    ] GC(58) Large Pages: 61 / 122M, Empty: 120M, Relocated: 0M, In-Place: 0
[2024-07-24T23:00:44.050+0800][4.472s][gc,reloc    ] GC(58) Forwarding Usage: 0M
[2024-07-24T23:00:44.050+0800][4.472s][gc,heap     ] GC(58) Min Capacity: 8M(6%)
[2024-07-24T23:00:44.050+0800][4.472s][gc,heap     ] GC(58) Max Capacity: 128M(100%)
[2024-07-24T23:00:44.050+0800][4.472s][gc,heap     ] GC(58) Soft Max Capacity: 128M(100%)
[2024-07-24T23:00:44.050+0800][4.472s][gc,heap     ] GC(58)                Mark Start          Mark End        Relocate Start      Relocate End           High               Low         
[2024-07-24T23:00:44.050+0800][4.472s][gc,heap     ] GC(58)  Capacity:      128M (100%)        128M (100%)        128M (100%)        128M (100%)        128M (100%)        128M (100%)   
[2024-07-24T23:00:44.050+0800][4.472s][gc,heap     ] GC(58)      Free:        2M (2%)            0M (0%)          120M (94%)         114M (89%)         122M (95%)           0M (0%)     
[2024-07-24T23:00:44.050+0800][4.472s][gc,heap     ] GC(58)      Used:      126M (98%)         128M (100%)          8M (6%)           14M (11%)         128M (100%)          6M (5%)     
[2024-07-24T23:00:44.050+0800][4.472s][gc,heap     ] GC(58)      Live:         -                 3M (3%)            3M (3%)            3M (3%)             -                  -          
[2024-07-24T23:00:44.050+0800][4.472s][gc,heap     ] GC(58) Allocated:         -                 2M (2%)            4M (3%)           10M (8%)             -                  -          
[2024-07-24T23:00:44.050+0800][4.472s][gc,heap     ] GC(58)   Garbage:         -               122M (96%)           0M (1%)            0M (1%)             -                  -          
[2024-07-24T23:00:44.050+0800][4.472s][gc,heap     ] GC(58) Reclaimed:         -                  -               122M (95%)         122M (95%)            -                  -          
[2024-07-24T23:00:44.050+0800][4.472s][gc          ] GC(58) Garbage Collection (Allocation Rate) 126M(98%)->14M(11%)
[2024-07-24T23:00:44.137+0800][4.558s][gc,start    ] GC(59) Garbage Collection (Allocation Stall)
[2024-07-24T23:00:44.137+0800][4.558s][gc,ref      ] GC(59) Clearing All SoftReferences
[2024-07-24T23:00:44.137+0800][4.558s][gc,task     ] GC(59) Using 1 workers
[2024-07-24T23:00:44.137+0800][4.559s][gc,ref      ] GC(59) Clearing All SoftReferences
[2024-07-24T23:00:44.137+0800][4.559s][gc,phases   ] GC(59) Pause Mark Start 0.046ms
[2024-07-24T23:00:44.140+0800][4.561s][gc,phases   ] GC(59) Concurrent Mark 2.491ms
[2024-07-24T23:00:44.140+0800][4.561s][gc,phases   ] GC(59) Pause Mark End 0.008ms
[2024-07-24T23:00:44.140+0800][4.562s][gc,phases   ] GC(59) Concurrent Mark Free 0.001ms
[2024-07-24T23:00:44.141+0800][4.562s][gc,phases   ] GC(59) Concurrent Process Non-Strong References 0.820ms
[2024-07-24T23:00:44.141+0800][4.562s][gc,phases   ] GC(59) Concurrent Reset Relocation Set 0.001ms
[2024-07-24T23:00:44.143+0800][4.564s][gc,phases   ] GC(59) Concurrent Select Relocation Set 1.637ms
[2024-07-24T23:00:44.143+0800][4.564s][gc,phases   ] GC(59) Pause Relocate Start 0.004ms
[2024-07-24T23:00:44.143+0800][4.564s][gc,phases   ] GC(59) Concurrent Relocate 0.074ms
[2024-07-24T23:00:44.143+0800][4.565s][gc,load     ] GC(59) Load: 0.00/0.00/0.00
[2024-07-24T23:00:44.143+0800][4.565s][gc,mmu      ] GC(59) MMU: 2ms/94.0%, 5ms/97.6%, 10ms/98.7%, 20ms/99.3%, 50ms/99.7%, 100ms/99.8%
[2024-07-24T23:00:44.143+0800][4.565s][gc,marking  ] GC(59) Mark: 1 stripe(s), 2 proactive flush(es), 1 terminate flush(es), 0 completion(s), 0 continuation(s) 
[2024-07-24T23:00:44.143+0800][4.565s][gc,marking  ] GC(59) Mark Stack Usage: 32M
[2024-07-24T23:00:44.143+0800][4.565s][gc,nmethod  ] GC(59) NMethods: 248 registered, 0 unregistered
[2024-07-24T23:00:44.143+0800][4.565s][gc,metaspace] GC(59) Metaspace: 0M used, 0M committed, 1088M reserved
[2024-07-24T23:00:44.143+0800][4.565s][gc,ref      ] GC(59) Soft: 62 encountered, 35 discovered, 0 enqueued
[2024-07-24T23:00:44.143+0800][4.565s][gc,ref      ] GC(59) Weak: 187 encountered, 170 discovered, 0 enqueued
[2024-07-24T23:00:44.143+0800][4.565s][gc,ref      ] GC(59) Final: 0 encountered, 0 discovered, 0 enqueued
[2024-07-24T23:00:44.143+0800][4.565s][gc,ref      ] GC(59) Phantom: 1 encountered, 0 discovered, 0 enqueued
[2024-07-24T23:00:44.143+0800][4.565s][gc,reloc    ] GC(59) Small Pages: 2 / 4M, Empty: 2M, Relocated: 0M, In-Place: 0
[2024-07-24T23:00:44.143+0800][4.565s][gc,reloc    ] GC(59) Medium Pages: 0 / 0M, Empty: 0M, Relocated: 0M, In-Place: 0
[2024-07-24T23:00:44.143+0800][4.565s][gc,reloc    ] GC(59) Large Pages: 52 / 104M, Empty: 102M, Relocated: 0M, In-Place: 0
[2024-07-24T23:00:44.143+0800][4.565s][gc,reloc    ] GC(59) Forwarding Usage: 0M
[2024-07-24T23:00:44.143+0800][4.565s][gc,heap     ] GC(59) Min Capacity: 8M(6%)
[2024-07-24T23:00:44.143+0800][4.565s][gc,heap     ] GC(59) Max Capacity: 128M(100%)
[2024-07-24T23:00:44.143+0800][4.565s][gc,heap     ] GC(59) Soft Max Capacity: 128M(100%)
[2024-07-24T23:00:44.143+0800][4.565s][gc,heap     ] GC(59)                Mark Start          Mark End        Relocate Start      Relocate End           High               Low         
[2024-07-24T23:00:44.143+0800][4.565s][gc,heap     ] GC(59)  Capacity:      128M (100%)        128M (100%)        128M (100%)        128M (100%)        128M (100%)        128M (100%)   
[2024-07-24T23:00:44.143+0800][4.565s][gc,heap     ] GC(59)      Free:       20M (16%)           2M (2%)          106M (83%)         106M (83%)         106M (83%)           2M (2%)     
[2024-07-24T23:00:44.143+0800][4.565s][gc,heap     ] GC(59)      Used:      108M (84%)         126M (98%)          22M (17%)          22M (17%)         126M (98%)          22M (17%)    
[2024-07-24T23:00:44.143+0800][4.565s][gc,heap     ] GC(59)      Live:         -                 3M (3%)            3M (3%)            3M (3%)             -                  -          
[2024-07-24T23:00:44.143+0800][4.565s][gc,heap     ] GC(59) Allocated:         -                18M (14%)          18M (14%)          18M (14%)            -                  -          
[2024-07-24T23:00:44.143+0800][4.565s][gc,heap     ] GC(59)   Garbage:         -               104M (82%)           0M (1%)            0M (1%)             -                  -          
[2024-07-24T23:00:44.143+0800][4.565s][gc,heap     ] GC(59) Reclaimed:         -                  -               104M (81%)         104M (81%)            -                  -          
[2024-07-24T23:00:44.143+0800][4.565s][gc          ] GC(59) Garbage Collection (Allocation Stall) 108M(84%)->22M(17%)
[2024-07-24T23:00:44.231+0800][4.653s][gc,start    ] GC(60) Garbage Collection (Allocation Stall)
[2024-07-24T23:00:44.231+0800][4.653s][gc,ref      ] GC(60) Clearing All SoftReferences
[2024-07-24T23:00:44.231+0800][4.653s][gc,task     ] GC(60) Using 1 workers
[2024-07-24T23:00:44.232+0800][4.653s][gc,ref      ] GC(60) Clearing All SoftReferences
[2024-07-24T23:00:44.232+0800][4.653s][gc,phases   ] GC(60) Pause Mark Start 0.046ms
[2024-07-24T23:00:44.234+0800][4.656s][gc,phases   ] GC(60) Concurrent Mark 2.366ms
[2024-07-24T23:00:44.234+0800][4.656s][gc,phases   ] GC(60) Pause Mark End 0.006ms
[2024-07-24T23:00:44.234+0800][4.656s][gc,phases   ] GC(60) Concurrent Mark Free 0.001ms
[2024-07-24T23:00:44.235+0800][4.657s][gc,phases   ] GC(60) Concurrent Process Non-Strong References 0.830ms
[2024-07-24T23:00:44.235+0800][4.657s][gc,phases   ] GC(60) Concurrent Reset Relocation Set 0.000ms
[2024-07-24T23:00:44.238+0800][4.659s][gc          ] Allocation Stall (main) 6.365ms
[2024-07-24T23:00:44.238+0800][4.659s][gc,phases   ] GC(60) Concurrent Select Relocation Set 2.338ms
[2024-07-24T23:00:44.238+0800][4.660s][gc,phases   ] GC(60) Pause Relocate Start 0.015ms
[2024-07-24T23:00:44.238+0800][4.660s][gc,phases   ] GC(60) Concurrent Relocate 0.114ms
[2024-07-24T23:00:44.238+0800][4.660s][gc,load     ] GC(60) Load: 0.00/0.00/0.00
[2024-07-24T23:00:44.238+0800][4.660s][gc,mmu      ] GC(60) MMU: 2ms/94.0%, 5ms/97.6%, 10ms/98.7%, 20ms/99.3%, 50ms/99.7%, 100ms/99.8%
[2024-07-24T23:00:44.238+0800][4.660s][gc,marking  ] GC(60) Mark: 1 stripe(s), 1 proactive flush(es), 1 terminate flush(es), 0 completion(s), 0 continuation(s) 
[2024-07-24T23:00:44.238+0800][4.660s][gc,marking  ] GC(60) Mark Stack Usage: 32M
[2024-07-24T23:00:44.238+0800][4.660s][gc,nmethod  ] GC(60) NMethods: 260 registered, 0 unregistered
[2024-07-24T23:00:44.238+0800][4.660s][gc,metaspace] GC(60) Metaspace: 0M used, 0M committed, 1088M reserved
[2024-07-24T23:00:44.238+0800][4.660s][gc,ref      ] GC(60) Soft: 62 encountered, 37 discovered, 0 enqueued
[2024-07-24T23:00:44.238+0800][4.660s][gc,ref      ] GC(60) Weak: 187 encountered, 170 discovered, 0 enqueued
[2024-07-24T23:00:44.238+0800][4.660s][gc,ref      ] GC(60) Final: 0 encountered, 0 discovered, 0 enqueued
[2024-07-24T23:00:44.238+0800][4.660s][gc,ref      ] GC(60) Phantom: 1 encountered, 0 discovered, 0 enqueued
[2024-07-24T23:00:44.238+0800][4.660s][gc,reloc    ] GC(60) Small Pages: 2 / 4M, Empty: 2M, Relocated: 0M, In-Place: 0
[2024-07-24T23:00:44.238+0800][4.660s][gc,reloc    ] GC(60) Medium Pages: 0 / 0M, Empty: 0M, Relocated: 0M, In-Place: 0
[2024-07-24T23:00:44.238+0800][4.660s][gc,reloc    ] GC(60) Large Pages: 62 / 124M, Empty: 98M, Relocated: 0M, In-Place: 0
[2024-07-24T23:00:44.238+0800][4.660s][gc,reloc    ] GC(60) Forwarding Usage: 0M
[2024-07-24T23:00:44.238+0800][4.660s][gc,heap     ] GC(60) Min Capacity: 8M(6%)
[2024-07-24T23:00:44.238+0800][4.660s][gc,heap     ] GC(60) Max Capacity: 128M(100%)
[2024-07-24T23:00:44.238+0800][4.660s][gc,heap     ] GC(60) Soft Max Capacity: 128M(100%)
[2024-07-24T23:00:44.238+0800][4.660s][gc,heap     ] GC(60)                Mark Start          Mark End        Relocate Start      Relocate End           High               Low         
[2024-07-24T23:00:44.238+0800][4.660s][gc,heap     ] GC(60)  Capacity:      128M (100%)        128M (100%)        128M (100%)        128M (100%)        128M (100%)        128M (100%)   
[2024-07-24T23:00:44.239+0800][4.660s][gc,heap     ] GC(60)      Free:        0M (0%)            0M (0%)           98M (77%)          92M (72%)         100M (78%)           0M (0%)     
[2024-07-24T23:00:44.239+0800][4.660s][gc,heap     ] GC(60)      Used:      128M (100%)        128M (100%)         30M (23%)          36M (28%)         128M (100%)         28M (22%)    
[2024-07-24T23:00:44.239+0800][4.660s][gc,heap     ] GC(60)      Live:         -                27M (21%)          27M (21%)          27M (21%)            -                  -          
[2024-07-24T23:00:44.239+0800][4.660s][gc,heap     ] GC(60) Allocated:         -                 0M (0%)            2M (2%)            8M (6%)             -                  -          
[2024-07-24T23:00:44.239+0800][4.660s][gc,heap     ] GC(60)   Garbage:         -               100M (79%)           0M (1%)            0M (1%)             -                  -          
[2024-07-24T23:00:44.239+0800][4.660s][gc,heap     ] GC(60) Reclaimed:         -                  -               100M (78%)         100M (78%)            -                  -          
[2024-07-24T23:00:44.239+0800][4.660s][gc          ] GC(60) Garbage Collection (Allocation Stall) 128M(100%)->36M(28%)
[2024-07-24T23:00:44.246+0800][4.668s][gc,start    ] GC(61) Garbage Collection (Allocation Rate)
[2024-07-24T23:00:44.246+0800][4.668s][gc,task     ] GC(61) Using 1 workers
[2024-07-24T23:00:44.246+0800][4.668s][gc,phases   ] GC(61) Pause Mark Start 0.008ms
[2024-07-24T23:00:44.249+0800][4.670s][gc,phases   ] GC(61) Concurrent Mark 2.116ms
[2024-07-24T23:00:44.249+0800][4.670s][gc,phases   ] GC(61) Pause Mark End 0.006ms
[2024-07-24T23:00:44.249+0800][4.671s][gc,phases   ] GC(61) Concurrent Mark Free 0.001ms
[2024-07-24T23:00:44.250+0800][4.671s][gc,phases   ] GC(61) Concurrent Process Non-Strong References 0.878ms
[2024-07-24T23:00:44.250+0800][4.671s][gc,phases   ] GC(61) Concurrent Reset Relocation Set 0.000ms
[2024-07-24T23:00:44.251+0800][4.673s][gc,phases   ] GC(61) Concurrent Select Relocation Set 1.496ms
[2024-07-24T23:00:44.252+0800][4.673s][gc,phases   ] GC(61) Pause Relocate Start 0.003ms
[2024-07-24T23:00:44.253+0800][4.674s][gc,phases   ] GC(61) Concurrent Relocate 0.959ms
[2024-07-24T23:00:44.253+0800][4.674s][gc,load     ] GC(61) Load: 0.00/0.00/0.00
[2024-07-24T23:00:44.253+0800][4.674s][gc,mmu      ] GC(61) MMU: 2ms/94.0%, 5ms/97.6%, 10ms/98.7%, 20ms/99.3%, 50ms/99.7%, 100ms/99.8%
[2024-07-24T23:00:44.253+0800][4.674s][gc,marking  ] GC(61) Mark: 1 stripe(s), 1 proactive flush(es), 1 terminate flush(es), 0 completion(s), 0 continuation(s) 
[2024-07-24T23:00:44.253+0800][4.674s][gc,marking  ] GC(61) Mark Stack Usage: 32M
[2024-07-24T23:00:44.253+0800][4.674s][gc,nmethod  ] GC(61) NMethods: 260 registered, 0 unregistered
[2024-07-24T23:00:44.253+0800][4.674s][gc,metaspace] GC(61) Metaspace: 0M used, 0M committed, 1088M reserved
[2024-07-24T23:00:44.253+0800][4.675s][gc,ref      ] GC(61) Soft: 62 encountered, 0 discovered, 0 enqueued
[2024-07-24T23:00:44.253+0800][4.675s][gc,ref      ] GC(61) Weak: 187 encountered, 170 discovered, 0 enqueued
[2024-07-24T23:00:44.253+0800][4.675s][gc,ref      ] GC(61) Final: 0 encountered, 0 discovered, 0 enqueued
[2024-07-24T23:00:44.253+0800][4.675s][gc,ref      ] GC(61) Phantom: 1 encountered, 0 discovered, 0 enqueued
[2024-07-24T23:00:44.253+0800][4.675s][gc,reloc    ] GC(61) Small Pages: 2 / 4M, Empty: 0M, Relocated: 1M, In-Place: 0
[2024-07-24T23:00:44.253+0800][4.675s][gc,reloc    ] GC(61) Medium Pages: 0 / 0M, Empty: 0M, Relocated: 0M, In-Place: 0
[2024-07-24T23:00:44.253+0800][4.675s][gc,reloc    ] GC(61) Large Pages: 20 / 40M, Empty: 40M, Relocated: 0M, In-Place: 0
[2024-07-24T23:00:44.253+0800][4.675s][gc,reloc    ] GC(61) Forwarding Usage: 0M
[2024-07-24T23:00:44.253+0800][4.675s][gc,heap     ] GC(61) Min Capacity: 8M(6%)
[2024-07-24T23:00:44.253+0800][4.675s][gc,heap     ] GC(61) Max Capacity: 128M(100%)
[2024-07-24T23:00:44.253+0800][4.675s][gc,heap     ] GC(61) Soft Max Capacity: 128M(100%)
[2024-07-24T23:00:44.253+0800][4.675s][gc,heap     ] GC(61)                Mark Start          Mark End        Relocate Start      Relocate End           High               Low         
[2024-07-24T23:00:44.253+0800][4.675s][gc,heap     ] GC(61)  Capacity:      128M (100%)        128M (100%)        128M (100%)        128M (100%)        128M (100%)        128M (100%)   
[2024-07-24T23:00:44.253+0800][4.675s][gc,heap     ] GC(61)      Free:       84M (66%)          84M (66%)         124M (97%)         126M (98%)         126M (98%)          84M (66%)    
[2024-07-24T23:00:44.253+0800][4.675s][gc,heap     ] GC(61)      Used:       44M (34%)          44M (34%)           4M (3%)            2M (2%)           44M (34%)           2M (2%)     
[2024-07-24T23:00:44.253+0800][4.675s][gc,heap     ] GC(61)      Live:         -                 1M (1%)            1M (1%)            1M (1%)             -                  -          
[2024-07-24T23:00:44.253+0800][4.675s][gc,heap     ] GC(61) Allocated:         -                 0M (0%)            0M (0%)            0M (0%)             -                  -          
[2024-07-24T23:00:44.253+0800][4.675s][gc,heap     ] GC(61)   Garbage:         -                42M (33%)           2M (2%)            0M (1%)             -                  -          
[2024-07-24T23:00:44.253+0800][4.675s][gc,heap     ] GC(61) Reclaimed:         -                  -                40M (31%)          42M (33%)            -                  -          
[2024-07-24T23:00:44.253+0800][4.675s][gc          ] GC(61) Garbage Collection (Allocation Rate) 44M(34%)->2M(2%)
[2024-07-24T23:00:44.341+0800][4.763s][gc,start    ] GC(62) Garbage Collection (Allocation Rate)
[2024-07-24T23:00:44.341+0800][4.763s][gc,task     ] GC(62) Using 1 workers
[2024-07-24T23:00:44.341+0800][4.763s][gc,phases   ] GC(62) Pause Mark Start 0.017ms
[2024-07-24T23:00:44.345+0800][4.767s][gc,phases   ] GC(62) Concurrent Mark 3.535ms
[2024-07-24T23:00:44.345+0800][4.767s][gc,phases   ] GC(62) Pause Mark End 0.008ms
[2024-07-24T23:00:44.345+0800][4.767s][gc,phases   ] GC(62) Concurrent Mark Free 0.001ms
[2024-07-24T23:00:44.346+0800][4.768s][gc,phases   ] GC(62) Concurrent Process Non-Strong References 0.918ms
[2024-07-24T23:00:44.346+0800][4.768s][gc,phases   ] GC(62) Concurrent Reset Relocation Set 0.001ms
[2024-07-24T23:00:44.348+0800][4.769s][gc,phases   ] GC(62) Concurrent Select Relocation Set 1.454ms
[2024-07-24T23:00:44.348+0800][4.770s][gc,phases   ] GC(62) Pause Relocate Start 0.004ms
[2024-07-24T23:00:44.348+0800][4.770s][gc,phases   ] GC(62) Concurrent Relocate 0.104ms
[2024-07-24T23:00:44.348+0800][4.770s][gc,load     ] GC(62) Load: 0.00/0.00/0.00
[2024-07-24T23:00:44.348+0800][4.770s][gc,mmu      ] GC(62) MMU: 2ms/94.0%, 5ms/97.6%, 10ms/98.7%, 20ms/99.3%, 50ms/99.7%, 100ms/99.8%
[2024-07-24T23:00:44.348+0800][4.770s][gc,marking  ] GC(62) Mark: 1 stripe(s), 2 proactive flush(es), 1 terminate flush(es), 0 completion(s), 0 continuation(s) 
[2024-07-24T23:00:44.348+0800][4.770s][gc,marking  ] GC(62) Mark Stack Usage: 32M
[2024-07-24T23:00:44.348+0800][4.770s][gc,nmethod  ] GC(62) NMethods: 260 registered, 0 unregistered
[2024-07-24T23:00:44.348+0800][4.770s][gc,metaspace] GC(62) Metaspace: 0M used, 0M committed, 1088M reserved
[2024-07-24T23:00:44.348+0800][4.770s][gc,ref      ] GC(62) Soft: 62 encountered, 0 discovered, 0 enqueued
[2024-07-24T23:00:44.348+0800][4.770s][gc,ref      ] GC(62) Weak: 187 encountered, 170 discovered, 0 enqueued
[2024-07-24T23:00:44.348+0800][4.770s][gc,ref      ] GC(62) Final: 0 encountered, 0 discovered, 0 enqueued
[2024-07-24T23:00:44.348+0800][4.770s][gc,ref      ] GC(62) Phantom: 1 encountered, 0 discovered, 0 enqueued
[2024-07-24T23:00:44.348+0800][4.770s][gc,reloc    ] GC(62) Small Pages: 2 / 4M, Empty: 2M, Relocated: 0M, In-Place: 0
[2024-07-24T23:00:44.348+0800][4.770s][gc,reloc    ] GC(62) Medium Pages: 0 / 0M, Empty: 0M, Relocated: 0M, In-Place: 0
[2024-07-24T23:00:44.348+0800][4.770s][gc,reloc    ] GC(62) Large Pages: 52 / 104M, Empty: 102M, Relocated: 0M, In-Place: 0
[2024-07-24T23:00:44.349+0800][4.770s][gc,reloc    ] GC(62) Forwarding Usage: 0M
[2024-07-24T23:00:44.349+0800][4.770s][gc,heap     ] GC(62) Min Capacity: 8M(6%)
[2024-07-24T23:00:44.349+0800][4.770s][gc,heap     ] GC(62) Max Capacity: 128M(100%)
[2024-07-24T23:00:44.349+0800][4.770s][gc,heap     ] GC(62) Soft Max Capacity: 128M(100%)
[2024-07-24T23:00:44.349+0800][4.770s][gc,heap     ] GC(62)                Mark Start          Mark End        Relocate Start      Relocate End           High               Low         
[2024-07-24T23:00:44.349+0800][4.770s][gc,heap     ] GC(62)  Capacity:      128M (100%)        128M (100%)        128M (100%)        128M (100%)        128M (100%)        128M (100%)   
[2024-07-24T23:00:44.349+0800][4.770s][gc,heap     ] GC(62)      Free:       20M (16%)           2M (2%)          106M (83%)         106M (83%)         106M (83%)           2M (2%)     
[2024-07-24T23:00:44.349+0800][4.770s][gc,heap     ] GC(62)      Used:      108M (84%)         126M (98%)          22M (17%)          22M (17%)         126M (98%)          22M (17%)    
[2024-07-24T23:00:44.349+0800][4.770s][gc,heap     ] GC(62)      Live:         -                 3M (3%)            3M (3%)            3M (3%)             -                  -          
[2024-07-24T23:00:44.349+0800][4.770s][gc,heap     ] GC(62) Allocated:         -                18M (14%)          18M (14%)          18M (14%)            -                  -          
[2024-07-24T23:00:44.349+0800][4.770s][gc,heap     ] GC(62)   Garbage:         -               104M (82%)           0M (1%)            0M (1%)             -                  -          
[2024-07-24T23:00:44.349+0800][4.770s][gc,heap     ] GC(62) Reclaimed:         -                  -               104M (81%)         104M (81%)            -                  -          
[2024-07-24T23:00:44.349+0800][4.770s][gc          ] GC(62) Garbage Collection (Allocation Rate) 108M(84%)->22M(17%)
[2024-07-24T23:00:44.434+0800][4.855s][gc,start    ] GC(63) Garbage Collection (Allocation Rate)
[2024-07-24T23:00:44.434+0800][4.856s][gc,task     ] GC(63) Using 1 workers
[2024-07-24T23:00:44.435+0800][4.856s][gc,phases   ] GC(63) Pause Mark Start 0.008ms
[2024-07-24T23:00:44.437+0800][4.859s][gc,phases   ] GC(63) Concurrent Mark 2.496ms
[2024-07-24T23:00:44.438+0800][4.859s][gc,phases   ] GC(63) Pause Mark End 0.008ms
[2024-07-24T23:00:44.438+0800][4.859s][gc,phases   ] GC(63) Concurrent Mark Free 0.001ms
[2024-07-24T23:00:44.439+0800][4.860s][gc,phases   ] GC(63) Concurrent Process Non-Strong References 0.893ms
[2024-07-24T23:00:44.439+0800][4.860s][gc,phases   ] GC(63) Concurrent Reset Relocation Set 0.000ms
[2024-07-24T23:00:44.440+0800][4.862s][gc          ] Allocation Stall (main) 4.940ms
[2024-07-24T23:00:44.440+0800][4.862s][gc,phases   ] GC(63) Concurrent Select Relocation Set 1.648ms
[2024-07-24T23:00:44.441+0800][4.862s][gc,phases   ] GC(63) Pause Relocate Start 0.004ms
[2024-07-24T23:00:44.441+0800][4.862s][gc,phases   ] GC(63) Concurrent Relocate 0.118ms
[2024-07-24T23:00:44.441+0800][4.862s][gc,load     ] GC(63) Load: 0.00/0.00/0.00
[2024-07-24T23:00:44.441+0800][4.862s][gc,mmu      ] GC(63) MMU: 2ms/94.0%, 5ms/97.6%, 10ms/98.7%, 20ms/99.3%, 50ms/99.7%, 100ms/99.8%
[2024-07-24T23:00:44.441+0800][4.862s][gc,marking  ] GC(63) Mark: 1 stripe(s), 2 proactive flush(es), 1 terminate flush(es), 0 completion(s), 0 continuation(s) 
[2024-07-24T23:00:44.441+0800][4.862s][gc,marking  ] GC(63) Mark Stack Usage: 32M
[2024-07-24T23:00:44.441+0800][4.862s][gc,nmethod  ] GC(63) NMethods: 260 registered, 0 unregistered
[2024-07-24T23:00:44.441+0800][4.862s][gc,metaspace] GC(63) Metaspace: 0M used, 0M committed, 1088M reserved
[2024-07-24T23:00:44.441+0800][4.862s][gc,ref      ] GC(63) Soft: 62 encountered, 0 discovered, 0 enqueued
[2024-07-24T23:00:44.441+0800][4.862s][gc,ref      ] GC(63) Weak: 187 encountered, 170 discovered, 0 enqueued
[2024-07-24T23:00:44.441+0800][4.862s][gc,ref      ] GC(63) Final: 0 encountered, 0 discovered, 0 enqueued
[2024-07-24T23:00:44.441+0800][4.862s][gc,ref      ] GC(63) Phantom: 1 encountered, 0 discovered, 0 enqueued
[2024-07-24T23:00:44.441+0800][4.862s][gc,reloc    ] GC(63) Small Pages: 2 / 4M, Empty: 2M, Relocated: 0M, In-Place: 0
[2024-07-24T23:00:44.441+0800][4.862s][gc,reloc    ] GC(63) Medium Pages: 0 / 0M, Empty: 0M, Relocated: 0M, In-Place: 0
[2024-07-24T23:00:44.441+0800][4.862s][gc,reloc    ] GC(63) Large Pages: 62 / 124M, Empty: 98M, Relocated: 0M, In-Place: 0
[2024-07-24T23:00:44.441+0800][4.863s][gc,reloc    ] GC(63) Forwarding Usage: 0M
[2024-07-24T23:00:44.441+0800][4.863s][gc,heap     ] GC(63) Min Capacity: 8M(6%)
[2024-07-24T23:00:44.441+0800][4.863s][gc,heap     ] GC(63) Max Capacity: 128M(100%)
[2024-07-24T23:00:44.441+0800][4.863s][gc,heap     ] GC(63) Soft Max Capacity: 128M(100%)
[2024-07-24T23:00:44.441+0800][4.863s][gc,heap     ] GC(63)                Mark Start          Mark End        Relocate Start      Relocate End           High               Low         
[2024-07-24T23:00:44.441+0800][4.863s][gc,heap     ] GC(63)  Capacity:      128M (100%)        128M (100%)        128M (100%)        128M (100%)        128M (100%)        128M (100%)   
[2024-07-24T23:00:44.441+0800][4.863s][gc,heap     ] GC(63)      Free:        0M (0%)            0M (0%)           98M (77%)          94M (73%)         100M (78%)           0M (0%)     
[2024-07-24T23:00:44.441+0800][4.863s][gc,heap     ] GC(63)      Used:      128M (100%)        128M (100%)         30M (23%)          34M (27%)         128M (100%)         28M (22%)    
[2024-07-24T23:00:44.441+0800][4.863s][gc,heap     ] GC(63)      Live:         -                27M (21%)          27M (21%)          27M (21%)            -                  -          
[2024-07-24T23:00:44.441+0800][4.863s][gc,heap     ] GC(63) Allocated:         -                 0M (0%)            2M (2%)            6M (5%)             -                  -          
[2024-07-24T23:00:44.441+0800][4.863s][gc,heap     ] GC(63)   Garbage:         -               100M (79%)           0M (1%)            0M (1%)             -                  -          
[2024-07-24T23:00:44.441+0800][4.863s][gc,heap     ] GC(63) Reclaimed:         -                  -               100M (78%)         100M (78%)            -                  -          
[2024-07-24T23:00:44.441+0800][4.863s][gc          ] GC(63) Garbage Collection (Allocation Rate) 128M(100%)->34M(27%)
[2024-07-24T23:00:44.528+0800][4.950s][gc,start    ] GC(64) Garbage Collection (Allocation Stall)
[2024-07-24T23:00:44.529+0800][4.950s][gc,ref      ] GC(64) Clearing All SoftReferences
[2024-07-24T23:00:44.529+0800][4.950s][gc,task     ] GC(64) Using 1 workers
[2024-07-24T23:00:44.529+0800][4.950s][gc,ref      ] GC(64) Clearing All SoftReferences
[2024-07-24T23:00:44.529+0800][4.951s][gc,phases   ] GC(64) Pause Mark Start 0.042ms
[2024-07-24T23:00:44.531+0800][4.953s][gc,phases   ] GC(64) Concurrent Mark 2.046ms
[2024-07-24T23:00:44.531+0800][4.953s][gc,phases   ] GC(64) Pause Mark End 0.005ms
[2024-07-24T23:00:44.531+0800][4.953s][gc,phases   ] GC(64) Concurrent Mark Free 0.001ms
[2024-07-24T23:00:44.532+0800][4.954s][gc,phases   ] GC(64) Concurrent Process Non-Strong References 0.601ms
[2024-07-24T23:00:44.532+0800][4.954s][gc,phases   ] GC(64) Concurrent Reset Relocation Set 0.000ms
[2024-07-24T23:00:44.533+0800][4.955s][gc          ] Allocation Stall (main) 4.903ms
[2024-07-24T23:00:44.533+0800][4.955s][gc,phases   ] GC(64) Concurrent Select Relocation Set 1.376ms
[2024-07-24T23:00:44.533+0800][4.955s][gc,phases   ] GC(64) Pause Relocate Start 0.003ms
[2024-07-24T23:00:44.534+0800][4.955s][gc,phases   ] GC(64) Concurrent Relocate 0.064ms
[2024-07-24T23:00:44.534+0800][4.955s][gc,load     ] GC(64) Load: 0.00/0.00/0.00
[2024-07-24T23:00:44.534+0800][4.955s][gc,mmu      ] GC(64) MMU: 2ms/94.0%, 5ms/97.6%, 10ms/98.7%, 20ms/99.3%, 50ms/99.7%, 100ms/99.8%
[2024-07-24T23:00:44.534+0800][4.955s][gc,marking  ] GC(64) Mark: 1 stripe(s), 1 proactive flush(es), 1 terminate flush(es), 0 completion(s), 0 continuation(s) 
[2024-07-24T23:00:44.534+0800][4.955s][gc,marking  ] GC(64) Mark Stack Usage: 32M
[2024-07-24T23:00:44.534+0800][4.955s][gc,nmethod  ] GC(64) NMethods: 260 registered, 0 unregistered
[2024-07-24T23:00:44.534+0800][4.955s][gc,metaspace] GC(64) Metaspace: 0M used, 0M committed, 1088M reserved
[2024-07-24T23:00:44.534+0800][4.955s][gc,ref      ] GC(64) Soft: 62 encountered, 37 discovered, 0 enqueued
[2024-07-24T23:00:44.534+0800][4.955s][gc,ref      ] GC(64) Weak: 187 encountered, 170 discovered, 0 enqueued
[2024-07-24T23:00:44.534+0800][4.955s][gc,ref      ] GC(64) Final: 0 encountered, 0 discovered, 0 enqueued
[2024-07-24T23:00:44.534+0800][4.955s][gc,ref      ] GC(64) Phantom: 1 encountered, 0 discovered, 0 enqueued
[2024-07-24T23:00:44.534+0800][4.955s][gc,reloc    ] GC(64) Small Pages: 2 / 4M, Empty: 2M, Relocated: 0M, In-Place: 0
[2024-07-24T23:00:44.534+0800][4.955s][gc,reloc    ] GC(64) Medium Pages: 0 / 0M, Empty: 0M, Relocated: 0M, In-Place: 0
[2024-07-24T23:00:44.534+0800][4.955s][gc,reloc    ] GC(64) Large Pages: 62 / 124M, Empty: 120M, Relocated: 0M, In-Place: 0
[2024-07-24T23:00:44.534+0800][4.955s][gc,reloc    ] GC(64) Forwarding Usage: 0M
[2024-07-24T23:00:44.534+0800][4.955s][gc,heap     ] GC(64) Min Capacity: 8M(6%)
[2024-07-24T23:00:44.534+0800][4.956s][gc,heap     ] GC(64) Max Capacity: 128M(100%)
[2024-07-24T23:00:44.534+0800][4.956s][gc,heap     ] GC(64) Soft Max Capacity: 128M(100%)
[2024-07-24T23:00:44.534+0800][4.956s][gc,heap     ] GC(64)                Mark Start          Mark End        Relocate Start      Relocate End           High               Low         
[2024-07-24T23:00:44.534+0800][4.956s][gc,heap     ] GC(64)  Capacity:      128M (100%)        128M (100%)        128M (100%)        128M (100%)        128M (100%)        128M (100%)   
[2024-07-24T23:00:44.534+0800][4.956s][gc,heap     ] GC(64)      Free:        0M (0%)            0M (0%)          120M (94%)         120M (94%)         122M (95%)           0M (0%)     
[2024-07-24T23:00:44.534+0800][4.956s][gc,heap     ] GC(64)      Used:      128M (100%)        128M (100%)          8M (6%)            8M (6%)          128M (100%)          6M (5%)     
[2024-07-24T23:00:44.534+0800][4.956s][gc,heap     ] GC(64)      Live:         -                 5M (4%)            5M (4%)            5M (4%)             -                  -          
[2024-07-24T23:00:44.534+0800][4.956s][gc,heap     ] GC(64) Allocated:         -                 0M (0%)            2M (2%)            2M (2%)             -                  -          
[2024-07-24T23:00:44.534+0800][4.956s][gc,heap     ] GC(64)   Garbage:         -               122M (96%)           0M (1%)            0M (1%)             -                  -          
[2024-07-24T23:00:44.534+0800][4.956s][gc,heap     ] GC(64) Reclaimed:         -                  -               122M (95%)         122M (95%)            -                  -          
[2024-07-24T23:00:44.534+0800][4.956s][gc          ] GC(64) Garbage Collection (Allocation Stall) 128M(100%)->8M(6%)
[2024-07-24T23:00:44.544+0800][4.966s][gc,start    ] GC(65) Garbage Collection (Allocation Rate)
[2024-07-24T23:00:44.544+0800][4.966s][gc,task     ] GC(65) Using 1 workers
[2024-07-24T23:00:44.544+0800][4.966s][gc,phases   ] GC(65) Pause Mark Start 0.015ms
[2024-07-24T23:00:44.547+0800][4.969s][gc,phases   ] GC(65) Concurrent Mark 2.253ms
[2024-07-24T23:00:44.547+0800][4.969s][gc,phases   ] GC(65) Pause Mark End 0.008ms
[2024-07-24T23:00:44.547+0800][4.969s][gc,phases   ] GC(65) Concurrent Mark Free 0.001ms
[2024-07-24T23:00:44.548+0800][4.970s][gc,phases   ] GC(65) Concurrent Process Non-Strong References 0.871ms
[2024-07-24T23:00:44.548+0800][4.970s][gc,phases   ] GC(65) Concurrent Reset Relocation Set 0.000ms
[2024-07-24T23:00:44.550+0800][4.972s][gc,phases   ] GC(65) Concurrent Select Relocation Set 1.730ms
[2024-07-24T23:00:44.550+0800][4.972s][gc,phases   ] GC(65) Pause Relocate Start 0.004ms
[2024-07-24T23:00:44.551+0800][4.973s][gc,phases   ] GC(65) Concurrent Relocate 0.935ms
[2024-07-24T23:00:44.551+0800][4.973s][gc,load     ] GC(65) Load: 0.00/0.00/0.00
[2024-07-24T23:00:44.551+0800][4.973s][gc,mmu      ] GC(65) MMU: 2ms/94.0%, 5ms/97.6%, 10ms/98.7%, 20ms/99.3%, 50ms/99.7%, 100ms/99.8%
[2024-07-24T23:00:44.551+0800][4.973s][gc,marking  ] GC(65) Mark: 1 stripe(s), 1 proactive flush(es), 1 terminate flush(es), 0 completion(s), 0 continuation(s) 
[2024-07-24T23:00:44.551+0800][4.973s][gc,marking  ] GC(65) Mark Stack Usage: 32M
[2024-07-24T23:00:44.551+0800][4.973s][gc,nmethod  ] GC(65) NMethods: 260 registered, 0 unregistered
[2024-07-24T23:00:44.551+0800][4.973s][gc,metaspace] GC(65) Metaspace: 0M used, 0M committed, 1088M reserved
[2024-07-24T23:00:44.551+0800][4.973s][gc,ref      ] GC(65) Soft: 62 encountered, 0 discovered, 0 enqueued
[2024-07-24T23:00:44.551+0800][4.973s][gc,ref      ] GC(65) Weak: 187 encountered, 170 discovered, 0 enqueued
[2024-07-24T23:00:44.551+0800][4.973s][gc,ref      ] GC(65) Final: 0 encountered, 0 discovered, 0 enqueued
[2024-07-24T23:00:44.551+0800][4.973s][gc,ref      ] GC(65) Phantom: 1 encountered, 0 discovered, 0 enqueued
[2024-07-24T23:00:44.551+0800][4.973s][gc,reloc    ] GC(65) Small Pages: 2 / 4M, Empty: 0M, Relocated: 1M, In-Place: 0
[2024-07-24T23:00:44.551+0800][4.973s][gc,reloc    ] GC(65) Medium Pages: 0 / 0M, Empty: 0M, Relocated: 0M, In-Place: 0
[2024-07-24T23:00:44.551+0800][4.973s][gc,reloc    ] GC(65) Large Pages: 10 / 20M, Empty: 0M, Relocated: 0M, In-Place: 0
[2024-07-24T23:00:44.551+0800][4.973s][gc,reloc    ] GC(65) Forwarding Usage: 0M
[2024-07-24T23:00:44.551+0800][4.973s][gc,heap     ] GC(65) Min Capacity: 8M(6%)
[2024-07-24T23:00:44.551+0800][4.973s][gc,heap     ] GC(65) Max Capacity: 128M(100%)
[2024-07-24T23:00:44.551+0800][4.973s][gc,heap     ] GC(65) Soft Max Capacity: 128M(100%)
[2024-07-24T23:00:44.551+0800][4.973s][gc,heap     ] GC(65)                Mark Start          Mark End        Relocate Start      Relocate End           High               Low         
[2024-07-24T23:00:44.551+0800][4.973s][gc,heap     ] GC(65)  Capacity:      128M (100%)        128M (100%)        128M (100%)        128M (100%)        128M (100%)        128M (100%)   
[2024-07-24T23:00:44.551+0800][4.973s][gc,heap     ] GC(65)      Free:      104M (81%)         104M (81%)         104M (81%)         106M (83%)         106M (83%)         102M (80%)    
[2024-07-24T23:00:44.551+0800][4.973s][gc,heap     ] GC(65)      Used:       24M (19%)          24M (19%)          24M (19%)          22M (17%)          26M (20%)          22M (17%)    
[2024-07-24T23:00:44.551+0800][4.973s][gc,heap     ] GC(65)      Live:         -                21M (17%)          21M (17%)          21M (17%)            -                  -          
[2024-07-24T23:00:44.551+0800][4.973s][gc,heap     ] GC(65) Allocated:         -                 0M (0%)            0M (0%)            0M (0%)             -                  -          
[2024-07-24T23:00:44.551+0800][4.973s][gc,heap     ] GC(65)   Garbage:         -                 2M (2%)            2M (2%)            0M (1%)             -                  -          
[2024-07-24T23:00:44.551+0800][4.973s][gc,heap     ] GC(65) Reclaimed:         -                  -                 0M (0%)            2M (2%)             -                  -          
[2024-07-24T23:00:44.551+0800][4.973s][gc          ] GC(65) Garbage Collection (Allocation Rate) 24M(19%)->22M(17%)
[2024-07-24T23:00:44.640+0800][5.061s][gc,start    ] GC(66) Garbage Collection (Allocation Rate)
[2024-07-24T23:00:44.640+0800][5.062s][gc,task     ] GC(66) Using 1 workers
[2024-07-24T23:00:44.641+0800][5.062s][gc,phases   ] GC(66) Pause Mark Start 0.012ms
[2024-07-24T23:00:44.644+0800][5.065s][gc,phases   ] GC(66) Concurrent Mark 2.858ms
[2024-07-24T23:00:44.644+0800][5.065s][gc,phases   ] GC(66) Pause Mark End 0.006ms
[2024-07-24T23:00:44.644+0800][5.065s][gc,phases   ] GC(66) Concurrent Mark Free 0.001ms
[2024-07-24T23:00:44.645+0800][5.066s][gc,phases   ] GC(66) Concurrent Process Non-Strong References 0.978ms
[2024-07-24T23:00:44.645+0800][5.066s][gc,phases   ] GC(66) Concurrent Reset Relocation Set 0.001ms
[2024-07-24T23:00:44.647+0800][5.068s][gc          ] Allocation Stall (main) 5.281ms
[2024-07-24T23:00:44.647+0800][5.068s][gc,phases   ] GC(66) Concurrent Select Relocation Set 1.707ms
[2024-07-24T23:00:44.647+0800][5.068s][gc,phases   ] GC(66) Pause Relocate Start 0.004ms
[2024-07-24T23:00:44.647+0800][5.069s][gc,phases   ] GC(66) Concurrent Relocate 0.116ms
[2024-07-24T23:00:44.647+0800][5.069s][gc,load     ] GC(66) Load: 0.00/0.00/0.00
[2024-07-24T23:00:44.647+0800][5.069s][gc,mmu      ] GC(66) MMU: 2ms/94.0%, 5ms/97.6%, 10ms/98.7%, 20ms/99.3%, 50ms/99.7%, 100ms/99.8%
[2024-07-24T23:00:44.647+0800][5.069s][gc,marking  ] GC(66) Mark: 1 stripe(s), 2 proactive flush(es), 1 terminate flush(es), 0 completion(s), 0 continuation(s) 
[2024-07-24T23:00:44.647+0800][5.069s][gc,marking  ] GC(66) Mark Stack Usage: 32M
[2024-07-24T23:00:44.647+0800][5.069s][gc,nmethod  ] GC(66) NMethods: 260 registered, 0 unregistered
[2024-07-24T23:00:44.647+0800][5.069s][gc,metaspace] GC(66) Metaspace: 0M used, 0M committed, 1088M reserved
[2024-07-24T23:00:44.647+0800][5.069s][gc,ref      ] GC(66) Soft: 62 encountered, 0 discovered, 0 enqueued
[2024-07-24T23:00:44.647+0800][5.069s][gc,ref      ] GC(66) Weak: 187 encountered, 170 discovered, 0 enqueued
[2024-07-24T23:00:44.647+0800][5.069s][gc,ref      ] GC(66) Final: 0 encountered, 0 discovered, 0 enqueued
[2024-07-24T23:00:44.647+0800][5.069s][gc,ref      ] GC(66) Phantom: 1 encountered, 0 discovered, 0 enqueued
[2024-07-24T23:00:44.647+0800][5.069s][gc,reloc    ] GC(66) Small Pages: 2 / 4M, Empty: 2M, Relocated: 0M, In-Place: 0
[2024-07-24T23:00:44.647+0800][5.069s][gc,reloc    ] GC(66) Medium Pages: 0 / 0M, Empty: 0M, Relocated: 0M, In-Place: 0
[2024-07-24T23:00:44.647+0800][5.069s][gc,reloc    ] GC(66) Large Pages: 62 / 124M, Empty: 120M, Relocated: 0M, In-Place: 0
[2024-07-24T23:00:44.647+0800][5.069s][gc,reloc    ] GC(66) Forwarding Usage: 0M
[2024-07-24T23:00:44.647+0800][5.069s][gc,heap     ] GC(66) Min Capacity: 8M(6%)
[2024-07-24T23:00:44.647+0800][5.069s][gc,heap     ] GC(66) Max Capacity: 128M(100%)
[2024-07-24T23:00:44.647+0800][5.069s][gc,heap     ] GC(66) Soft Max Capacity: 128M(100%)
[2024-07-24T23:00:44.647+0800][5.069s][gc,heap     ] GC(66)                Mark Start          Mark End        Relocate Start      Relocate End           High               Low         
[2024-07-24T23:00:44.647+0800][5.069s][gc,heap     ] GC(66)  Capacity:      128M (100%)        128M (100%)        128M (100%)        128M (100%)        128M (100%)        128M (100%)   
[2024-07-24T23:00:44.648+0800][5.069s][gc,heap     ] GC(66)      Free:        0M (0%)            0M (0%)          120M (94%)         116M (91%)         122M (95%)           0M (0%)     
[2024-07-24T23:00:44.648+0800][5.069s][gc,heap     ] GC(66)      Used:      128M (100%)        128M (100%)          8M (6%)           12M (9%)          128M (100%)          6M (5%)     
[2024-07-24T23:00:44.648+0800][5.069s][gc,heap     ] GC(66)      Live:         -                 5M (4%)            5M (4%)            5M (4%)             -                  -          
[2024-07-24T23:00:44.648+0800][5.069s][gc,heap     ] GC(66) Allocated:         -                 0M (0%)            2M (2%)            6M (5%)             -                  -          
[2024-07-24T23:00:44.648+0800][5.069s][gc,heap     ] GC(66)   Garbage:         -               122M (96%)           0M (1%)            0M (1%)             -                  -          
[2024-07-24T23:00:44.648+0800][5.069s][gc,heap     ] GC(66) Reclaimed:         -                  -               122M (95%)         122M (95%)            -                  -          
[2024-07-24T23:00:44.648+0800][5.069s][gc          ] GC(66) Garbage Collection (Allocation Rate) 128M(100%)->12M(9%)
[2024-07-24T23:00:44.734+0800][5.155s][gc,start    ] GC(67) Garbage Collection (Allocation Stall)
[2024-07-24T23:00:44.734+0800][5.155s][gc,ref      ] GC(67) Clearing All SoftReferences
[2024-07-24T23:00:44.734+0800][5.156s][gc,task     ] GC(67) Using 1 workers
[2024-07-24T23:00:44.735+0800][5.156s][gc,ref      ] GC(67) Clearing All SoftReferences
[2024-07-24T23:00:44.735+0800][5.156s][gc,phases   ] GC(67) Pause Mark Start 0.082ms
[2024-07-24T23:00:44.738+0800][5.159s][gc,phases   ] GC(67) Concurrent Mark 3.234ms
[2024-07-24T23:00:44.738+0800][5.160s][gc,phases   ] GC(67) Pause Mark End 0.019ms
[2024-07-24T23:00:44.738+0800][5.160s][gc,phases   ] GC(67) Concurrent Mark Free 0.001ms
[2024-07-24T23:00:44.739+0800][5.161s][gc,phases   ] GC(67) Concurrent Process Non-Strong References 0.817ms
[2024-07-24T23:00:44.739+0800][5.161s][gc,phases   ] GC(67) Concurrent Reset Relocation Set 0.000ms
[2024-07-24T23:00:44.741+0800][5.162s][gc,phases   ] GC(67) Concurrent Select Relocation Set 1.643ms
[2024-07-24T23:00:44.741+0800][5.162s][gc,phases   ] GC(67) Pause Relocate Start 0.004ms
[2024-07-24T23:00:44.741+0800][5.163s][gc,phases   ] GC(67) Concurrent Relocate 0.075ms
[2024-07-24T23:00:44.741+0800][5.163s][gc,load     ] GC(67) Load: 0.00/0.00/0.00
[2024-07-24T23:00:44.741+0800][5.163s][gc,mmu      ] GC(67) MMU: 2ms/94.0%, 5ms/97.6%, 10ms/98.7%, 20ms/99.3%, 50ms/99.7%, 100ms/99.8%
[2024-07-24T23:00:44.741+0800][5.163s][gc,marking  ] GC(67) Mark: 1 stripe(s), 2 proactive flush(es), 1 terminate flush(es), 0 completion(s), 0 continuation(s) 
[2024-07-24T23:00:44.741+0800][5.163s][gc,marking  ] GC(67) Mark Stack Usage: 32M
[2024-07-24T23:00:44.741+0800][5.163s][gc,nmethod  ] GC(67) NMethods: 260 registered, 0 unregistered
[2024-07-24T23:00:44.741+0800][5.163s][gc,metaspace] GC(67) Metaspace: 0M used, 0M committed, 1088M reserved
[2024-07-24T23:00:44.741+0800][5.163s][gc,ref      ] GC(67) Soft: 62 encountered, 35 discovered, 0 enqueued
[2024-07-24T23:00:44.741+0800][5.163s][gc,ref      ] GC(67) Weak: 187 encountered, 170 discovered, 0 enqueued
[2024-07-24T23:00:44.741+0800][5.163s][gc,ref      ] GC(67) Final: 0 encountered, 0 discovered, 0 enqueued
[2024-07-24T23:00:44.741+0800][5.163s][gc,ref      ] GC(67) Phantom: 1 encountered, 0 discovered, 0 enqueued
[2024-07-24T23:00:44.741+0800][5.163s][gc,reloc    ] GC(67) Small Pages: 2 / 4M, Empty: 2M, Relocated: 0M, In-Place: 0
[2024-07-24T23:00:44.741+0800][5.163s][gc,reloc    ] GC(67) Medium Pages: 0 / 0M, Empty: 0M, Relocated: 0M, In-Place: 0
[2024-07-24T23:00:44.741+0800][5.163s][gc,reloc    ] GC(67) Large Pages: 54 / 108M, Empty: 106M, Relocated: 0M, In-Place: 0
[2024-07-24T23:00:44.741+0800][5.163s][gc,reloc    ] GC(67) Forwarding Usage: 0M
[2024-07-24T23:00:44.741+0800][5.163s][gc,heap     ] GC(67) Min Capacity: 8M(6%)
[2024-07-24T23:00:44.741+0800][5.163s][gc,heap     ] GC(67) Max Capacity: 128M(100%)
[2024-07-24T23:00:44.741+0800][5.163s][gc,heap     ] GC(67) Soft Max Capacity: 128M(100%)
[2024-07-24T23:00:44.741+0800][5.163s][gc,heap     ] GC(67)                Mark Start          Mark End        Relocate Start      Relocate End           High               Low         
[2024-07-24T23:00:44.741+0800][5.163s][gc,heap     ] GC(67)  Capacity:      128M (100%)        128M (100%)        128M (100%)        128M (100%)        128M (100%)        128M (100%)   
[2024-07-24T23:00:44.741+0800][5.163s][gc,heap     ] GC(67)      Free:       16M (12%)           2M (2%)          110M (86%)         110M (86%)         110M (86%)           2M (2%)     
[2024-07-24T23:00:44.742+0800][5.163s][gc,heap     ] GC(67)      Used:      112M (88%)         126M (98%)          18M (14%)          18M (14%)         126M (98%)          18M (14%)    
[2024-07-24T23:00:44.742+0800][5.163s][gc,heap     ] GC(67)      Live:         -                 3M (3%)            3M (3%)            3M (3%)             -                  -          
[2024-07-24T23:00:44.742+0800][5.163s][gc,heap     ] GC(67) Allocated:         -                14M (11%)          14M (11%)          14M (11%)            -                  -          
[2024-07-24T23:00:44.742+0800][5.163s][gc,heap     ] GC(67)   Garbage:         -               108M (85%)           0M (1%)            0M (1%)             -                  -          
[2024-07-24T23:00:44.742+0800][5.163s][gc,heap     ] GC(67) Reclaimed:         -                  -               108M (84%)         108M (84%)            -                  -          
[2024-07-24T23:00:44.742+0800][5.163s][gc          ] GC(67) Garbage Collection (Allocation Stall) 112M(88%)->18M(14%)
[2024-07-24T23:00:44.830+0800][5.252s][gc,start    ] GC(68) Garbage Collection (Allocation Stall)
[2024-07-24T23:00:44.830+0800][5.252s][gc,ref      ] GC(68) Clearing All SoftReferences
[2024-07-24T23:00:44.830+0800][5.252s][gc,task     ] GC(68) Using 1 workers
[2024-07-24T23:00:44.830+0800][5.252s][gc,ref      ] GC(68) Clearing All SoftReferences
[2024-07-24T23:00:44.831+0800][5.252s][gc,phases   ] GC(68) Pause Mark Start 0.041ms
[2024-07-24T23:00:44.833+0800][5.254s][gc,phases   ] GC(68) Concurrent Mark 1.994ms
[2024-07-24T23:00:44.833+0800][5.254s][gc,phases   ] GC(68) Pause Mark End 0.005ms
[2024-07-24T23:00:44.833+0800][5.254s][gc,phases   ] GC(68) Concurrent Mark Free 0.001ms
[2024-07-24T23:00:44.834+0800][5.255s][gc,phases   ] GC(68) Concurrent Process Non-Strong References 0.897ms
[2024-07-24T23:00:44.834+0800][5.255s][gc,phases   ] GC(68) Concurrent Reset Relocation Set 0.000ms
[2024-07-24T23:00:44.836+0800][5.257s][gc          ] Allocation Stall (main) 5.733ms
[2024-07-24T23:00:44.836+0800][5.257s][gc,phases   ] GC(68) Concurrent Select Relocation Set 2.042ms
[2024-07-24T23:00:44.836+0800][5.258s][gc,phases   ] GC(68) Pause Relocate Start 0.007ms
[2024-07-24T23:00:44.836+0800][5.258s][gc,phases   ] GC(68) Concurrent Relocate 0.026ms
[2024-07-24T23:00:44.836+0800][5.258s][gc,load     ] GC(68) Load: 0.00/0.00/0.00
[2024-07-24T23:00:44.836+0800][5.258s][gc,mmu      ] GC(68) MMU: 2ms/94.0%, 5ms/97.6%, 10ms/98.7%, 20ms/99.3%, 50ms/99.7%, 100ms/99.8%
[2024-07-24T23:00:44.836+0800][5.258s][gc,marking  ] GC(68) Mark: 1 stripe(s), 1 proactive flush(es), 1 terminate flush(es), 0 completion(s), 0 continuation(s) 
[2024-07-24T23:00:44.836+0800][5.258s][gc,marking  ] GC(68) Mark Stack Usage: 32M
[2024-07-24T23:00:44.836+0800][5.258s][gc,nmethod  ] GC(68) NMethods: 260 registered, 0 unregistered
[2024-07-24T23:00:44.836+0800][5.258s][gc,metaspace] GC(68) Metaspace: 0M used, 0M committed, 1088M reserved
[2024-07-24T23:00:44.836+0800][5.258s][gc,ref      ] GC(68) Soft: 62 encountered, 37 discovered, 0 enqueued
[2024-07-24T23:00:44.836+0800][5.258s][gc,ref      ] GC(68) Weak: 187 encountered, 170 discovered, 0 enqueued
[2024-07-24T23:00:44.836+0800][5.258s][gc,ref      ] GC(68) Final: 0 encountered, 0 discovered, 0 enqueued
[2024-07-24T23:00:44.837+0800][5.258s][gc,ref      ] GC(68) Phantom: 1 encountered, 0 discovered, 0 enqueued
[2024-07-24T23:00:44.837+0800][5.258s][gc,reloc    ] GC(68) Small Pages: 2 / 4M, Empty: 2M, Relocated: 0M, In-Place: 0
[2024-07-24T23:00:44.837+0800][5.258s][gc,reloc    ] GC(68) Medium Pages: 0 / 0M, Empty: 0M, Relocated: 0M, In-Place: 0
[2024-07-24T23:00:44.837+0800][5.258s][gc,reloc    ] GC(68) Large Pages: 62 / 124M, Empty: 94M, Relocated: 0M, In-Place: 0
[2024-07-24T23:00:44.837+0800][5.258s][gc,reloc    ] GC(68) Forwarding Usage: 0M
[2024-07-24T23:00:44.837+0800][5.258s][gc,heap     ] GC(68) Min Capacity: 8M(6%)
[2024-07-24T23:00:44.837+0800][5.258s][gc,heap     ] GC(68) Max Capacity: 128M(100%)
[2024-07-24T23:00:44.837+0800][5.258s][gc,heap     ] GC(68) Soft Max Capacity: 128M(100%)
[2024-07-24T23:00:44.837+0800][5.258s][gc,heap     ] GC(68)                Mark Start          Mark End        Relocate Start      Relocate End           High               Low         
[2024-07-24T23:00:44.837+0800][5.258s][gc,heap     ] GC(68)  Capacity:      128M (100%)        128M (100%)        128M (100%)        128M (100%)        128M (100%)        128M (100%)   
[2024-07-24T23:00:44.837+0800][5.258s][gc,heap     ] GC(68)      Free:        0M (0%)            0M (0%)           94M (73%)          94M (73%)          96M (75%)           0M (0%)     
[2024-07-24T23:00:44.837+0800][5.258s][gc,heap     ] GC(68)      Used:      128M (100%)        128M (100%)         34M (27%)          34M (27%)         128M (100%)         32M (25%)    
[2024-07-24T23:00:44.837+0800][5.258s][gc,heap     ] GC(68)      Live:         -                31M (24%)          31M (24%)          31M (24%)            -                  -          
[2024-07-24T23:00:44.837+0800][5.258s][gc,heap     ] GC(68) Allocated:         -                 0M (0%)            2M (2%)            2M (2%)             -                  -          
[2024-07-24T23:00:44.837+0800][5.258s][gc,heap     ] GC(68)   Garbage:         -                96M (76%)           0M (1%)            0M (1%)             -                  -          
[2024-07-24T23:00:44.837+0800][5.258s][gc,heap     ] GC(68) Reclaimed:         -                  -                96M (75%)          96M (75%)            -                  -          
[2024-07-24T23:00:44.837+0800][5.258s][gc          ] GC(68) Garbage Collection (Allocation Stall) 128M(100%)->34M(27%)
[2024-07-24T23:00:44.845+0800][5.266s][gc,start    ] GC(69) Garbage Collection (Allocation Rate)
[2024-07-24T23:00:44.845+0800][5.267s][gc,task     ] GC(69) Using 1 workers
[2024-07-24T23:00:44.845+0800][5.267s][gc,phases   ] GC(69) Pause Mark Start 0.007ms
[2024-07-24T23:00:44.847+0800][5.269s][gc,phases   ] GC(69) Concurrent Mark 1.976ms
[2024-07-24T23:00:44.848+0800][5.269s][gc,phases   ] GC(69) Pause Mark End 0.006ms
[2024-07-24T23:00:44.848+0800][5.269s][gc,phases   ] GC(69) Concurrent Mark Free 0.001ms
[2024-07-24T23:00:44.849+0800][5.270s][gc,phases   ] GC(69) Concurrent Process Non-Strong References 0.805ms
[2024-07-24T23:00:44.849+0800][5.270s][gc,phases   ] GC(69) Concurrent Reset Relocation Set 0.000ms
[2024-07-24T23:00:44.850+0800][5.272s][gc,phases   ] GC(69) Concurrent Select Relocation Set 1.576ms
[2024-07-24T23:00:44.850+0800][5.272s][gc,phases   ] GC(69) Pause Relocate Start 0.003ms
[2024-07-24T23:00:44.851+0800][5.273s][gc,phases   ] GC(69) Concurrent Relocate 0.895ms
[2024-07-24T23:00:44.851+0800][5.273s][gc,load     ] GC(69) Load: 0.00/0.00/0.00
[2024-07-24T23:00:44.851+0800][5.273s][gc,mmu      ] GC(69) MMU: 2ms/94.0%, 5ms/97.6%, 10ms/98.7%, 20ms/99.3%, 50ms/99.7%, 100ms/99.8%
[2024-07-24T23:00:44.851+0800][5.273s][gc,marking  ] GC(69) Mark: 1 stripe(s), 1 proactive flush(es), 1 terminate flush(es), 0 completion(s), 0 continuation(s) 
[2024-07-24T23:00:44.851+0800][5.273s][gc,marking  ] GC(69) Mark Stack Usage: 32M
[2024-07-24T23:00:44.851+0800][5.273s][gc,nmethod  ] GC(69) NMethods: 260 registered, 0 unregistered
[2024-07-24T23:00:44.851+0800][5.273s][gc,metaspace] GC(69) Metaspace: 0M used, 0M committed, 1088M reserved
[2024-07-24T23:00:44.851+0800][5.273s][gc,ref      ] GC(69) Soft: 62 encountered, 0 discovered, 0 enqueued
[2024-07-24T23:00:44.851+0800][5.273s][gc,ref      ] GC(69) Weak: 187 encountered, 170 discovered, 0 enqueued
[2024-07-24T23:00:44.851+0800][5.273s][gc,ref      ] GC(69) Final: 0 encountered, 0 discovered, 0 enqueued
[2024-07-24T23:00:44.851+0800][5.273s][gc,ref      ] GC(69) Phantom: 1 encountered, 0 discovered, 0 enqueued
[2024-07-24T23:00:44.851+0800][5.273s][gc,reloc    ] GC(69) Small Pages: 2 / 4M, Empty: 0M, Relocated: 1M, In-Place: 0
[2024-07-24T23:00:44.851+0800][5.273s][gc,reloc    ] GC(69) Medium Pages: 0 / 0M, Empty: 0M, Relocated: 0M, In-Place: 0
[2024-07-24T23:00:44.851+0800][5.273s][gc,reloc    ] GC(69) Large Pages: 20 / 40M, Empty: 40M, Relocated: 0M, In-Place: 0
[2024-07-24T23:00:44.852+0800][5.273s][gc,reloc    ] GC(69) Forwarding Usage: 0M
[2024-07-24T23:00:44.852+0800][5.273s][gc,heap     ] GC(69) Min Capacity: 8M(6%)
[2024-07-24T23:00:44.852+0800][5.273s][gc,heap     ] GC(69) Max Capacity: 128M(100%)
[2024-07-24T23:00:44.852+0800][5.273s][gc,heap     ] GC(69) Soft Max Capacity: 128M(100%)
[2024-07-24T23:00:44.852+0800][5.273s][gc,heap     ] GC(69)                Mark Start          Mark End        Relocate Start      Relocate End           High               Low         
[2024-07-24T23:00:44.852+0800][5.273s][gc,heap     ] GC(69)  Capacity:      128M (100%)        128M (100%)        128M (100%)        128M (100%)        128M (100%)        128M (100%)   
[2024-07-24T23:00:44.852+0800][5.273s][gc,heap     ] GC(69)      Free:       84M (66%)          84M (66%)         124M (97%)         126M (98%)         126M (98%)          84M (66%)    
[2024-07-24T23:00:44.852+0800][5.273s][gc,heap     ] GC(69)      Used:       44M (34%)          44M (34%)           4M (3%)            2M (2%)           44M (34%)           2M (2%)     
[2024-07-24T23:00:44.852+0800][5.273s][gc,heap     ] GC(69)      Live:         -                 1M (1%)            1M (1%)            1M (1%)             -                  -          
[2024-07-24T23:00:44.852+0800][5.273s][gc,heap     ] GC(69) Allocated:         -                 0M (0%)            0M (0%)            0M (0%)             -                  -          
[2024-07-24T23:00:44.852+0800][5.273s][gc,heap     ] GC(69)   Garbage:         -                42M (33%)           2M (2%)            0M (1%)             -                  -          
[2024-07-24T23:00:44.852+0800][5.273s][gc,heap     ] GC(69) Reclaimed:         -                  -                40M (31%)          42M (33%)            -                  -          
[2024-07-24T23:00:44.852+0800][5.273s][gc          ] GC(69) Garbage Collection (Allocation Rate) 44M(34%)->2M(2%)
[2024-07-24T23:00:44.940+0800][5.361s][gc,start    ] GC(70) Garbage Collection (Allocation Rate)
[2024-07-24T23:00:44.940+0800][5.361s][gc,task     ] GC(70) Using 1 workers
[2024-07-24T23:00:44.940+0800][5.362s][gc,phases   ] GC(70) Pause Mark Start 0.022ms
[2024-07-24T23:00:44.944+0800][5.365s][gc,phases   ] GC(70) Concurrent Mark 3.355ms
[2024-07-24T23:00:44.944+0800][5.366s][gc,phases   ] GC(70) Pause Mark End 0.009ms
[2024-07-24T23:00:44.944+0800][5.366s][gc,phases   ] GC(70) Concurrent Mark Free 0.001ms
[2024-07-24T23:00:44.945+0800][5.367s][gc,phases   ] GC(70) Concurrent Process Non-Strong References 0.959ms
[2024-07-24T23:00:44.945+0800][5.367s][gc,phases   ] GC(70) Concurrent Reset Relocation Set 0.001ms
[2024-07-24T23:00:44.947+0800][5.368s][gc,phases   ] GC(70) Concurrent Select Relocation Set 1.732ms
[2024-07-24T23:00:44.947+0800][5.369s][gc,phases   ] GC(70) Pause Relocate Start 0.004ms
[2024-07-24T23:00:44.947+0800][5.369s][gc,phases   ] GC(70) Concurrent Relocate 0.074ms
[2024-07-24T23:00:44.947+0800][5.369s][gc,load     ] GC(70) Load: 0.00/0.00/0.00
[2024-07-24T23:00:44.947+0800][5.369s][gc,mmu      ] GC(70) MMU: 2ms/94.0%, 5ms/97.6%, 10ms/98.7%, 20ms/99.3%, 50ms/99.7%, 100ms/99.8%
[2024-07-24T23:00:44.947+0800][5.369s][gc,marking  ] GC(70) Mark: 1 stripe(s), 2 proactive flush(es), 1 terminate flush(es), 0 completion(s), 0 continuation(s) 
[2024-07-24T23:00:44.947+0800][5.369s][gc,marking  ] GC(70) Mark Stack Usage: 32M
[2024-07-24T23:00:44.947+0800][5.369s][gc,nmethod  ] GC(70) NMethods: 260 registered, 0 unregistered
[2024-07-24T23:00:44.947+0800][5.369s][gc,metaspace] GC(70) Metaspace: 0M used, 0M committed, 1088M reserved
[2024-07-24T23:00:44.947+0800][5.369s][gc,ref      ] GC(70) Soft: 62 encountered, 0 discovered, 0 enqueued
[2024-07-24T23:00:44.947+0800][5.369s][gc,ref      ] GC(70) Weak: 187 encountered, 170 discovered, 0 enqueued
[2024-07-24T23:00:44.947+0800][5.369s][gc,ref      ] GC(70) Final: 0 encountered, 0 discovered, 0 enqueued
[2024-07-24T23:00:44.947+0800][5.369s][gc,ref      ] GC(70) Phantom: 1 encountered, 0 discovered, 0 enqueued
[2024-07-24T23:00:44.947+0800][5.369s][gc,reloc    ] GC(70) Small Pages: 2 / 4M, Empty: 2M, Relocated: 0M, In-Place: 0
[2024-07-24T23:00:44.948+0800][5.369s][gc,reloc    ] GC(70) Medium Pages: 0 / 0M, Empty: 0M, Relocated: 0M, In-Place: 0
[2024-07-24T23:00:44.948+0800][5.369s][gc,reloc    ] GC(70) Large Pages: 52 / 104M, Empty: 102M, Relocated: 0M, In-Place: 0
[2024-07-24T23:00:44.948+0800][5.369s][gc,reloc    ] GC(70) Forwarding Usage: 0M
[2024-07-24T23:00:44.948+0800][5.369s][gc,heap     ] GC(70) Min Capacity: 8M(6%)
[2024-07-24T23:00:44.948+0800][5.369s][gc,heap     ] GC(70) Max Capacity: 128M(100%)
[2024-07-24T23:00:44.948+0800][5.369s][gc,heap     ] GC(70) Soft Max Capacity: 128M(100%)
[2024-07-24T23:00:44.948+0800][5.369s][gc,heap     ] GC(70)                Mark Start          Mark End        Relocate Start      Relocate End           High               Low         
[2024-07-24T23:00:44.948+0800][5.369s][gc,heap     ] GC(70)  Capacity:      128M (100%)        128M (100%)        128M (100%)        128M (100%)        128M (100%)        128M (100%)   
[2024-07-24T23:00:44.948+0800][5.369s][gc,heap     ] GC(70)      Free:       20M (16%)           2M (2%)          106M (83%)         106M (83%)         106M (83%)           2M (2%)     
[2024-07-24T23:00:44.948+0800][5.369s][gc,heap     ] GC(70)      Used:      108M (84%)         126M (98%)          22M (17%)          22M (17%)         126M (98%)          22M (17%)    
[2024-07-24T23:00:44.948+0800][5.369s][gc,heap     ] GC(70)      Live:         -                 3M (3%)            3M (3%)            3M (3%)             -                  -          
[2024-07-24T23:00:44.948+0800][5.369s][gc,heap     ] GC(70) Allocated:         -                18M (14%)          18M (14%)          18M (14%)            -                  -          
[2024-07-24T23:00:44.948+0800][5.369s][gc,heap     ] GC(70)   Garbage:         -               104M (82%)           0M (1%)            0M (1%)             -                  -          
[2024-07-24T23:00:44.948+0800][5.369s][gc,heap     ] GC(70) Reclaimed:         -                  -               104M (81%)         104M (81%)            -                  -          
[2024-07-24T23:00:44.948+0800][5.369s][gc          ] GC(70) Garbage Collection (Allocation Rate) 108M(84%)->22M(17%)
[2024-07-24T23:00:45.034+0800][5.455s][gc,start    ] GC(71) Garbage Collection (Allocation Rate)
[2024-07-24T23:00:45.034+0800][5.456s][gc,task     ] GC(71) Using 1 workers
[2024-07-24T23:00:45.035+0800][5.456s][gc,phases   ] GC(71) Pause Mark Start 0.011ms
[2024-07-24T23:00:45.038+0800][5.459s][gc,phases   ] GC(71) Concurrent Mark 3.028ms
[2024-07-24T23:00:45.038+0800][5.460s][gc,phases   ] GC(71) Pause Mark End 0.008ms
[2024-07-24T23:00:45.038+0800][5.460s][gc,phases   ] GC(71) Concurrent Mark Free 0.001ms
[2024-07-24T23:00:45.039+0800][5.460s][gc,phases   ] GC(71) Concurrent Process Non-Strong References 0.802ms
[2024-07-24T23:00:45.039+0800][5.460s][gc,phases   ] GC(71) Concurrent Reset Relocation Set 0.000ms
[2024-07-24T23:00:45.041+0800][5.462s][gc          ] Allocation Stall (main) 5.709ms
[2024-07-24T23:00:45.041+0800][5.462s][gc,phases   ] GC(71) Concurrent Select Relocation Set 1.978ms
[2024-07-24T23:00:45.041+0800][5.463s][gc,phases   ] GC(71) Pause Relocate Start 0.005ms
[2024-07-24T23:00:45.042+0800][5.463s][gc,phases   ] GC(71) Concurrent Relocate 0.029ms
[2024-07-24T23:00:45.042+0800][5.463s][gc,load     ] GC(71) Load: 0.00/0.00/0.00
[2024-07-24T23:00:45.042+0800][5.463s][gc,mmu      ] GC(71) MMU: 2ms/94.0%, 5ms/97.6%, 10ms/98.7%, 20ms/99.3%, 50ms/99.7%, 100ms/99.8%
[2024-07-24T23:00:45.042+0800][5.463s][gc,marking  ] GC(71) Mark: 1 stripe(s), 2 proactive flush(es), 1 terminate flush(es), 0 completion(s), 0 continuation(s) 
[2024-07-24T23:00:45.042+0800][5.463s][gc,marking  ] GC(71) Mark Stack Usage: 32M
[2024-07-24T23:00:45.042+0800][5.463s][gc,nmethod  ] GC(71) NMethods: 260 registered, 0 unregistered
[2024-07-24T23:00:45.042+0800][5.463s][gc,metaspace] GC(71) Metaspace: 0M used, 0M committed, 1088M reserved
[2024-07-24T23:00:45.042+0800][5.463s][gc,ref      ] GC(71) Soft: 62 encountered, 0 discovered, 0 enqueued
[2024-07-24T23:00:45.042+0800][5.463s][gc,ref      ] GC(71) Weak: 187 encountered, 170 discovered, 0 enqueued
[2024-07-24T23:00:45.042+0800][5.463s][gc,ref      ] GC(71) Final: 0 encountered, 0 discovered, 0 enqueued
[2024-07-24T23:00:45.042+0800][5.463s][gc,ref      ] GC(71) Phantom: 1 encountered, 0 discovered, 0 enqueued
[2024-07-24T23:00:45.042+0800][5.463s][gc,reloc    ] GC(71) Small Pages: 2 / 4M, Empty: 2M, Relocated: 0M, In-Place: 0
[2024-07-24T23:00:45.042+0800][5.463s][gc,reloc    ] GC(71) Medium Pages: 0 / 0M, Empty: 0M, Relocated: 0M, In-Place: 0
[2024-07-24T23:00:45.042+0800][5.463s][gc,reloc    ] GC(71) Large Pages: 62 / 124M, Empty: 98M, Relocated: 0M, In-Place: 0
[2024-07-24T23:00:45.042+0800][5.463s][gc,reloc    ] GC(71) Forwarding Usage: 0M
[2024-07-24T23:00:45.042+0800][5.463s][gc,heap     ] GC(71) Min Capacity: 8M(6%)
[2024-07-24T23:00:45.042+0800][5.463s][gc,heap     ] GC(71) Max Capacity: 128M(100%)
[2024-07-24T23:00:45.042+0800][5.463s][gc,heap     ] GC(71) Soft Max Capacity: 128M(100%)
[2024-07-24T23:00:45.042+0800][5.463s][gc,heap     ] GC(71)                Mark Start          Mark End        Relocate Start      Relocate End           High               Low         
[2024-07-24T23:00:45.042+0800][5.463s][gc,heap     ] GC(71)  Capacity:      128M (100%)        128M (100%)        128M (100%)        128M (100%)        128M (100%)        128M (100%)   
[2024-07-24T23:00:45.042+0800][5.464s][gc,heap     ] GC(71)      Free:        0M (0%)            0M (0%)           98M (77%)          98M (77%)         100M (78%)           0M (0%)     
[2024-07-24T23:00:45.042+0800][5.464s][gc,heap     ] GC(71)      Used:      128M (100%)        128M (100%)         30M (23%)          30M (23%)         128M (100%)         28M (22%)    
[2024-07-24T23:00:45.042+0800][5.464s][gc,heap     ] GC(71)      Live:         -                27M (21%)          27M (21%)          27M (21%)            -                  -          
[2024-07-24T23:00:45.042+0800][5.464s][gc,heap     ] GC(71) Allocated:         -                 0M (0%)            2M (2%)            2M (2%)             -                  -          
[2024-07-24T23:00:45.042+0800][5.464s][gc,heap     ] GC(71)   Garbage:         -               100M (79%)           0M (1%)            0M (1%)             -                  -          
[2024-07-24T23:00:45.042+0800][5.464s][gc,heap     ] GC(71) Reclaimed:         -                  -               100M (78%)         100M (78%)            -                  -          
[2024-07-24T23:00:45.042+0800][5.464s][gc          ] GC(71) Garbage Collection (Allocation Rate) 128M(100%)->30M(23%)
[2024-07-24T23:00:45.129+0800][5.551s][gc,start    ] GC(72) Garbage Collection (Allocation Stall)
[2024-07-24T23:00:45.129+0800][5.551s][gc,ref      ] GC(72) Clearing All SoftReferences
[2024-07-24T23:00:45.129+0800][5.551s][gc,task     ] GC(72) Using 1 workers
[2024-07-24T23:00:45.130+0800][5.551s][gc,ref      ] GC(72) Clearing All SoftReferences
[2024-07-24T23:00:45.130+0800][5.551s][gc,phases   ] GC(72) Pause Mark Start 0.056ms
[2024-07-24T23:00:45.132+0800][5.553s][gc,phases   ] GC(72) Concurrent Mark 2.139ms
[2024-07-24T23:00:45.132+0800][5.554s][gc,phases   ] GC(72) Pause Mark End 0.006ms
[2024-07-24T23:00:45.132+0800][5.554s][gc,phases   ] GC(72) Concurrent Mark Free 0.001ms
[2024-07-24T23:00:45.133+0800][5.554s][gc,phases   ] GC(72) Concurrent Process Non-Strong References 0.774ms
[2024-07-24T23:00:45.133+0800][5.555s][gc,phases   ] GC(72) Concurrent Reset Relocation Set 0.000ms
[2024-07-24T23:00:45.134+0800][5.556s][gc          ] Allocation Stall (main) 5.221ms
[2024-07-24T23:00:45.134+0800][5.556s][gc,phases   ] GC(72) Concurrent Select Relocation Set 1.509ms
[2024-07-24T23:00:45.135+0800][5.556s][gc,phases   ] GC(72) Pause Relocate Start 0.003ms
[2024-07-24T23:00:45.135+0800][5.556s][gc,phases   ] GC(72) Concurrent Relocate 0.105ms
[2024-07-24T23:00:45.135+0800][5.557s][gc,load     ] GC(72) Load: 0.00/0.00/0.00
[2024-07-24T23:00:45.135+0800][5.557s][gc,mmu      ] GC(72) MMU: 2ms/94.0%, 5ms/97.6%, 10ms/98.7%, 20ms/99.3%, 50ms/99.7%, 100ms/99.8%
[2024-07-24T23:00:45.135+0800][5.557s][gc,marking  ] GC(72) Mark: 1 stripe(s), 1 proactive flush(es), 1 terminate flush(es), 0 completion(s), 0 continuation(s) 
[2024-07-24T23:00:45.135+0800][5.557s][gc,marking  ] GC(72) Mark Stack Usage: 32M
[2024-07-24T23:00:45.135+0800][5.557s][gc,nmethod  ] GC(72) NMethods: 260 registered, 0 unregistered
[2024-07-24T23:00:45.135+0800][5.557s][gc,metaspace] GC(72) Metaspace: 0M used, 0M committed, 1088M reserved
[2024-07-24T23:00:45.135+0800][5.557s][gc,ref      ] GC(72) Soft: 62 encountered, 37 discovered, 0 enqueued
[2024-07-24T23:00:45.135+0800][5.557s][gc,ref      ] GC(72) Weak: 187 encountered, 170 discovered, 0 enqueued
[2024-07-24T23:00:45.135+0800][5.557s][gc,ref      ] GC(72) Final: 0 encountered, 0 discovered, 0 enqueued
[2024-07-24T23:00:45.135+0800][5.557s][gc,ref      ] GC(72) Phantom: 1 encountered, 0 discovered, 0 enqueued
[2024-07-24T23:00:45.135+0800][5.557s][gc,reloc    ] GC(72) Small Pages: 2 / 4M, Empty: 2M, Relocated: 0M, In-Place: 0
[2024-07-24T23:00:45.135+0800][5.557s][gc,reloc    ] GC(72) Medium Pages: 0 / 0M, Empty: 0M, Relocated: 0M, In-Place: 0
[2024-07-24T23:00:45.135+0800][5.557s][gc,reloc    ] GC(72) Large Pages: 62 / 124M, Empty: 120M, Relocated: 0M, In-Place: 0
[2024-07-24T23:00:45.135+0800][5.557s][gc,reloc    ] GC(72) Forwarding Usage: 0M
[2024-07-24T23:00:45.135+0800][5.557s][gc,heap     ] GC(72) Min Capacity: 8M(6%)
[2024-07-24T23:00:45.135+0800][5.557s][gc,heap     ] GC(72) Max Capacity: 128M(100%)
[2024-07-24T23:00:45.135+0800][5.557s][gc,heap     ] GC(72) Soft Max Capacity: 128M(100%)
[2024-07-24T23:00:45.135+0800][5.557s][gc,heap     ] GC(72)                Mark Start          Mark End        Relocate Start      Relocate End           High               Low         
[2024-07-24T23:00:45.135+0800][5.557s][gc,heap     ] GC(72)  Capacity:      128M (100%)        128M (100%)        128M (100%)        128M (100%)        128M (100%)        128M (100%)   
[2024-07-24T23:00:45.135+0800][5.557s][gc,heap     ] GC(72)      Free:        0M (0%)            0M (0%)          120M (94%)         120M (94%)         122M (95%)           0M (0%)     
[2024-07-24T23:00:45.135+0800][5.557s][gc,heap     ] GC(72)      Used:      128M (100%)        128M (100%)          8M (6%)            8M (6%)          128M (100%)          6M (5%)     
[2024-07-24T23:00:45.135+0800][5.557s][gc,heap     ] GC(72)      Live:         -                 5M (4%)            5M (4%)            5M (4%)             -                  -          
[2024-07-24T23:00:45.135+0800][5.557s][gc,heap     ] GC(72) Allocated:         -                 0M (0%)            2M (2%)            2M (2%)             -                  -          
[2024-07-24T23:00:45.135+0800][5.557s][gc,heap     ] GC(72)   Garbage:         -               122M (96%)           0M (1%)            0M (1%)             -                  -          
[2024-07-24T23:00:45.135+0800][5.557s][gc,heap     ] GC(72) Reclaimed:         -                  -               122M (95%)         122M (95%)            -                  -          
[2024-07-24T23:00:45.135+0800][5.557s][gc          ] GC(72) Garbage Collection (Allocation Stall) 128M(100%)->8M(6%)
[2024-07-24T23:00:45.145+0800][5.567s][gc,start    ] GC(73) Garbage Collection (Allocation Rate)
[2024-07-24T23:00:45.145+0800][5.567s][gc,task     ] GC(73) Using 1 workers
[2024-07-24T23:00:45.145+0800][5.567s][gc,phases   ] GC(73) Pause Mark Start 0.015ms
[2024-07-24T23:00:45.148+0800][5.569s][gc,phases   ] GC(73) Concurrent Mark 2.087ms
[2024-07-24T23:00:45.148+0800][5.570s][gc,phases   ] GC(73) Pause Mark End 0.008ms
[2024-07-24T23:00:45.148+0800][5.570s][gc,phases   ] GC(73) Concurrent Mark Free 0.001ms
[2024-07-24T23:00:45.149+0800][5.571s][gc,phases   ] GC(73) Concurrent Process Non-Strong References 0.965ms
[2024-07-24T23:00:45.149+0800][5.571s][gc,phases   ] GC(73) Concurrent Reset Relocation Set 0.000ms
[2024-07-24T23:00:45.151+0800][5.572s][gc,phases   ] GC(73) Concurrent Select Relocation Set 1.827ms
[2024-07-24T23:00:45.151+0800][5.573s][gc,phases   ] GC(73) Pause Relocate Start 0.004ms
[2024-07-24T23:00:45.152+0800][5.574s][gc,phases   ] GC(73) Concurrent Relocate 1.009ms
[2024-07-24T23:00:45.152+0800][5.574s][gc,load     ] GC(73) Load: 0.00/0.00/0.00
[2024-07-24T23:00:45.152+0800][5.574s][gc,mmu      ] GC(73) MMU: 2ms/94.0%, 5ms/97.6%, 10ms/98.7%, 20ms/99.3%, 50ms/99.7%, 100ms/99.8%
[2024-07-24T23:00:45.152+0800][5.574s][gc,marking  ] GC(73) Mark: 1 stripe(s), 1 proactive flush(es), 1 terminate flush(es), 0 completion(s), 0 continuation(s) 
[2024-07-24T23:00:45.152+0800][5.574s][gc,marking  ] GC(73) Mark Stack Usage: 32M
[2024-07-24T23:00:45.152+0800][5.574s][gc,nmethod  ] GC(73) NMethods: 260 registered, 0 unregistered
[2024-07-24T23:00:45.152+0800][5.574s][gc,metaspace] GC(73) Metaspace: 0M used, 0M committed, 1088M reserved
[2024-07-24T23:00:45.152+0800][5.574s][gc,ref      ] GC(73) Soft: 62 encountered, 0 discovered, 0 enqueued
[2024-07-24T23:00:45.152+0800][5.574s][gc,ref      ] GC(73) Weak: 187 encountered, 170 discovered, 0 enqueued
[2024-07-24T23:00:45.152+0800][5.574s][gc,ref      ] GC(73) Final: 0 encountered, 0 discovered, 0 enqueued
[2024-07-24T23:00:45.152+0800][5.574s][gc,ref      ] GC(73) Phantom: 1 encountered, 0 discovered, 0 enqueued
[2024-07-24T23:00:45.152+0800][5.574s][gc,reloc    ] GC(73) Small Pages: 2 / 4M, Empty: 0M, Relocated: 1M, In-Place: 0
[2024-07-24T23:00:45.152+0800][5.574s][gc,reloc    ] GC(73) Medium Pages: 0 / 0M, Empty: 0M, Relocated: 0M, In-Place: 0
[2024-07-24T23:00:45.152+0800][5.574s][gc,reloc    ] GC(73) Large Pages: 10 / 20M, Empty: 0M, Relocated: 0M, In-Place: 0
[2024-07-24T23:00:45.152+0800][5.574s][gc,reloc    ] GC(73) Forwarding Usage: 0M
[2024-07-24T23:00:45.152+0800][5.574s][gc,heap     ] GC(73) Min Capacity: 8M(6%)
[2024-07-24T23:00:45.152+0800][5.574s][gc,heap     ] GC(73) Max Capacity: 128M(100%)
[2024-07-24T23:00:45.152+0800][5.574s][gc,heap     ] GC(73) Soft Max Capacity: 128M(100%)
[2024-07-24T23:00:45.152+0800][5.574s][gc,heap     ] GC(73)                Mark Start          Mark End        Relocate Start      Relocate End           High               Low         
[2024-07-24T23:00:45.152+0800][5.574s][gc,heap     ] GC(73)  Capacity:      128M (100%)        128M (100%)        128M (100%)        128M (100%)        128M (100%)        128M (100%)   
[2024-07-24T23:00:45.152+0800][5.574s][gc,heap     ] GC(73)      Free:      104M (81%)         104M (81%)         104M (81%)         106M (83%)         106M (83%)         102M (80%)    
[2024-07-24T23:00:45.152+0800][5.574s][gc,heap     ] GC(73)      Used:       24M (19%)          24M (19%)          24M (19%)          22M (17%)          26M (20%)          22M (17%)    
[2024-07-24T23:00:45.153+0800][5.574s][gc,heap     ] GC(73)      Live:         -                21M (17%)          21M (17%)          21M (17%)            -                  -          
[2024-07-24T23:00:45.153+0800][5.574s][gc,heap     ] GC(73) Allocated:         -                 0M (0%)            0M (0%)            0M (0%)             -                  -          
[2024-07-24T23:00:45.153+0800][5.574s][gc,heap     ] GC(73)   Garbage:         -                 2M (2%)            2M (2%)            0M (1%)             -                  -          
[2024-07-24T23:00:45.153+0800][5.574s][gc,heap     ] GC(73) Reclaimed:         -                  -                 0M (0%)            2M (2%)             -                  -          
[2024-07-24T23:00:45.153+0800][5.574s][gc          ] GC(73) Garbage Collection (Allocation Rate) 24M(19%)->22M(17%)
[2024-07-24T23:00:45.239+0800][5.660s][gc,start    ] GC(74) Garbage Collection (Allocation Rate)
[2024-07-24T23:00:45.239+0800][5.660s][gc,task     ] GC(74) Using 1 workers
[2024-07-24T23:00:45.239+0800][5.661s][gc,phases   ] GC(74) Pause Mark Start 0.009ms
[2024-07-24T23:00:45.243+0800][5.665s][gc,phases   ] GC(74) Concurrent Mark 3.547ms
[2024-07-24T23:00:45.243+0800][5.665s][gc,phases   ] GC(74) Pause Mark End 0.006ms
[2024-07-24T23:00:45.243+0800][5.665s][gc,phases   ] GC(74) Concurrent Mark Free 0.001ms
[2024-07-24T23:00:45.244+0800][5.666s][gc,phases   ] GC(74) Concurrent Process Non-Strong References 0.951ms
[2024-07-24T23:00:45.245+0800][5.666s][gc,phases   ] GC(74) Concurrent Reset Relocation Set 0.001ms
[2024-07-24T23:00:45.246+0800][5.667s][gc          ] Allocation Stall (main) 6.016ms
[2024-07-24T23:00:45.246+0800][5.668s][gc,phases   ] GC(74) Concurrent Select Relocation Set 1.660ms
[2024-07-24T23:00:45.246+0800][5.668s][gc,phases   ] GC(74) Pause Relocate Start 0.003ms
[2024-07-24T23:00:45.247+0800][5.668s][gc,phases   ] GC(74) Concurrent Relocate 0.087ms
[2024-07-24T23:00:45.247+0800][5.668s][gc,load     ] GC(74) Load: 0.00/0.00/0.00
[2024-07-24T23:00:45.247+0800][5.668s][gc,mmu      ] GC(74) MMU: 2ms/94.0%, 5ms/97.6%, 10ms/98.7%, 20ms/99.3%, 50ms/99.7%, 100ms/99.8%
[2024-07-24T23:00:45.247+0800][5.668s][gc,marking  ] GC(74) Mark: 1 stripe(s), 2 proactive flush(es), 1 terminate flush(es), 0 completion(s), 0 continuation(s) 
[2024-07-24T23:00:45.247+0800][5.668s][gc,marking  ] GC(74) Mark Stack Usage: 32M
[2024-07-24T23:00:45.247+0800][5.668s][gc,nmethod  ] GC(74) NMethods: 260 registered, 0 unregistered
[2024-07-24T23:00:45.247+0800][5.668s][gc,metaspace] GC(74) Metaspace: 0M used, 0M committed, 1088M reserved
[2024-07-24T23:00:45.247+0800][5.668s][gc,ref      ] GC(74) Soft: 62 encountered, 0 discovered, 0 enqueued
[2024-07-24T23:00:45.247+0800][5.668s][gc,ref      ] GC(74) Weak: 187 encountered, 170 discovered, 0 enqueued
[2024-07-24T23:00:45.247+0800][5.668s][gc,ref      ] GC(74) Final: 0 encountered, 0 discovered, 0 enqueued
[2024-07-24T23:00:45.247+0800][5.668s][gc,ref      ] GC(74) Phantom: 1 encountered, 0 discovered, 0 enqueued
[2024-07-24T23:00:45.247+0800][5.668s][gc,reloc    ] GC(74) Small Pages: 2 / 4M, Empty: 2M, Relocated: 0M, In-Place: 0
[2024-07-24T23:00:45.247+0800][5.668s][gc,reloc    ] GC(74) Medium Pages: 0 / 0M, Empty: 0M, Relocated: 0M, In-Place: 0
[2024-07-24T23:00:45.247+0800][5.668s][gc,reloc    ] GC(74) Large Pages: 62 / 124M, Empty: 120M, Relocated: 0M, In-Place: 0
[2024-07-24T23:00:45.247+0800][5.668s][gc,reloc    ] GC(74) Forwarding Usage: 0M
[2024-07-24T23:00:45.247+0800][5.668s][gc,heap     ] GC(74) Min Capacity: 8M(6%)
[2024-07-24T23:00:45.247+0800][5.668s][gc,heap     ] GC(74) Max Capacity: 128M(100%)
[2024-07-24T23:00:45.247+0800][5.668s][gc,heap     ] GC(74) Soft Max Capacity: 128M(100%)
[2024-07-24T23:00:45.247+0800][5.668s][gc,heap     ] GC(74)                Mark Start          Mark End        Relocate Start      Relocate End           High               Low         
[2024-07-24T23:00:45.247+0800][5.668s][gc,heap     ] GC(74)  Capacity:      128M (100%)        128M (100%)        128M (100%)        128M (100%)        128M (100%)        128M (100%)   
[2024-07-24T23:00:45.247+0800][5.668s][gc,heap     ] GC(74)      Free:        0M (0%)            0M (0%)          120M (94%)         118M (92%)         122M (95%)           0M (0%)     
[2024-07-24T23:00:45.247+0800][5.668s][gc,heap     ] GC(74)      Used:      128M (100%)        128M (100%)          8M (6%)           10M (8%)          128M (100%)          6M (5%)     
[2024-07-24T23:00:45.247+0800][5.668s][gc,heap     ] GC(74)      Live:         -                 5M (4%)            5M (4%)            5M (4%)             -                  -          
[2024-07-24T23:00:45.247+0800][5.668s][gc,heap     ] GC(74) Allocated:         -                 0M (0%)            2M (2%)            4M (3%)             -                  -          
[2024-07-24T23:00:45.247+0800][5.668s][gc,heap     ] GC(74)   Garbage:         -               122M (96%)           0M (1%)            0M (1%)             -                  -          
[2024-07-24T23:00:45.247+0800][5.668s][gc,heap     ] GC(74) Reclaimed:         -                  -               122M (95%)         122M (95%)            -                  -          
[2024-07-24T23:00:45.247+0800][5.668s][gc          ] GC(74) Garbage Collection (Allocation Rate) 128M(100%)->10M(8%)
[2024-07-24T23:00:45.334+0800][5.755s][gc,start    ] GC(75) Garbage Collection (Allocation Stall)
[2024-07-24T23:00:45.334+0800][5.755s][gc,ref      ] GC(75) Clearing All SoftReferences
[2024-07-24T23:00:45.334+0800][5.755s][gc,task     ] GC(75) Using 1 workers
[2024-07-24T23:00:45.334+0800][5.755s][gc,ref      ] GC(75) Clearing All SoftReferences
[2024-07-24T23:00:45.334+0800][5.755s][gc,phases   ] GC(75) Pause Mark Start 0.036ms
[2024-07-24T23:00:45.338+0800][5.759s][gc,phases   ] GC(75) Concurrent Mark 3.371ms
[2024-07-24T23:00:45.338+0800][5.759s][gc,phases   ] GC(75) Pause Mark End 0.009ms
[2024-07-24T23:00:45.338+0800][5.759s][gc,phases   ] GC(75) Concurrent Mark Free 0.001ms
[2024-07-24T23:00:45.339+0800][5.760s][gc,phases   ] GC(75) Concurrent Process Non-Strong References 0.867ms
[2024-07-24T23:00:45.339+0800][5.760s][gc,phases   ] GC(75) Concurrent Reset Relocation Set 0.000ms
[2024-07-24T23:00:45.340+0800][5.762s][gc,phases   ] GC(75) Concurrent Select Relocation Set 1.621ms
[2024-07-24T23:00:45.341+0800][5.762s][gc,phases   ] GC(75) Pause Relocate Start 0.003ms
[2024-07-24T23:00:45.341+0800][5.762s][gc,phases   ] GC(75) Concurrent Relocate 0.073ms
[2024-07-24T23:00:45.341+0800][5.762s][gc,load     ] GC(75) Load: 0.00/0.00/0.00
[2024-07-24T23:00:45.341+0800][5.762s][gc,mmu      ] GC(75) MMU: 2ms/94.0%, 5ms/97.6%, 10ms/98.7%, 20ms/99.3%, 50ms/99.7%, 100ms/99.8%
[2024-07-24T23:00:45.341+0800][5.762s][gc,marking  ] GC(75) Mark: 1 stripe(s), 2 proactive flush(es), 1 terminate flush(es), 0 completion(s), 0 continuation(s) 
[2024-07-24T23:00:45.341+0800][5.762s][gc,marking  ] GC(75) Mark Stack Usage: 32M
[2024-07-24T23:00:45.341+0800][5.762s][gc,nmethod  ] GC(75) NMethods: 260 registered, 0 unregistered
[2024-07-24T23:00:45.341+0800][5.762s][gc,metaspace] GC(75) Metaspace: 0M used, 0M committed, 1088M reserved
[2024-07-24T23:00:45.341+0800][5.762s][gc,ref      ] GC(75) Soft: 62 encountered, 35 discovered, 0 enqueued
[2024-07-24T23:00:45.341+0800][5.762s][gc,ref      ] GC(75) Weak: 187 encountered, 170 discovered, 0 enqueued
[2024-07-24T23:00:45.341+0800][5.762s][gc,ref      ] GC(75) Final: 0 encountered, 0 discovered, 0 enqueued
[2024-07-24T23:00:45.341+0800][5.762s][gc,ref      ] GC(75) Phantom: 1 encountered, 0 discovered, 0 enqueued
[2024-07-24T23:00:45.341+0800][5.762s][gc,reloc    ] GC(75) Small Pages: 2 / 4M, Empty: 2M, Relocated: 0M, In-Place: 0
[2024-07-24T23:00:45.341+0800][5.762s][gc,reloc    ] GC(75) Medium Pages: 0 / 0M, Empty: 0M, Relocated: 0M, In-Place: 0
[2024-07-24T23:00:45.341+0800][5.762s][gc,reloc    ] GC(75) Large Pages: 53 / 106M, Empty: 104M, Relocated: 0M, In-Place: 0
[2024-07-24T23:00:45.341+0800][5.762s][gc,reloc    ] GC(75) Forwarding Usage: 0M
[2024-07-24T23:00:45.341+0800][5.762s][gc,heap     ] GC(75) Min Capacity: 8M(6%)
[2024-07-24T23:00:45.341+0800][5.762s][gc,heap     ] GC(75) Max Capacity: 128M(100%)
[2024-07-24T23:00:45.341+0800][5.762s][gc,heap     ] GC(75) Soft Max Capacity: 128M(100%)
[2024-07-24T23:00:45.341+0800][5.762s][gc,heap     ] GC(75)                Mark Start          Mark End        Relocate Start      Relocate End           High               Low         
[2024-07-24T23:00:45.341+0800][5.762s][gc,heap     ] GC(75)  Capacity:      128M (100%)        128M (100%)        128M (100%)        128M (100%)        128M (100%)        128M (100%)   
[2024-07-24T23:00:45.341+0800][5.762s][gc,heap     ] GC(75)      Free:       18M (14%)           2M (2%)          108M (84%)         108M (84%)         108M (84%)           2M (2%)     
[2024-07-24T23:00:45.341+0800][5.762s][gc,heap     ] GC(75)      Used:      110M (86%)         126M (98%)          20M (16%)          20M (16%)         126M (98%)          20M (16%)    
[2024-07-24T23:00:45.341+0800][5.763s][gc,heap     ] GC(75)      Live:         -                 3M (3%)            3M (3%)            3M (3%)             -                  -          
[2024-07-24T23:00:45.341+0800][5.763s][gc,heap     ] GC(75) Allocated:         -                16M (12%)          16M (12%)          16M (12%)            -                  -          
[2024-07-24T23:00:45.341+0800][5.763s][gc,heap     ] GC(75)   Garbage:         -               106M (83%)           0M (1%)            0M (1%)             -                  -          
[2024-07-24T23:00:45.341+0800][5.763s][gc,heap     ] GC(75) Reclaimed:         -                  -               106M (83%)         106M (83%)            -                  -          
[2024-07-24T23:00:45.341+0800][5.763s][gc          ] GC(75) Garbage Collection (Allocation Stall) 110M(86%)->20M(16%)
[2024-07-24T23:00:45.429+0800][5.850s][gc,start    ] GC(76) Garbage Collection (Allocation Stall)
[2024-07-24T23:00:45.429+0800][5.850s][gc,ref      ] GC(76) Clearing All SoftReferences
[2024-07-24T23:00:45.429+0800][5.850s][gc,task     ] GC(76) Using 1 workers
[2024-07-24T23:00:45.429+0800][5.851s][gc,ref      ] GC(76) Clearing All SoftReferences
[2024-07-24T23:00:45.429+0800][5.851s][gc,phases   ] GC(76) Pause Mark Start 0.033ms
[2024-07-24T23:00:45.431+0800][5.853s][gc,phases   ] GC(76) Concurrent Mark 2.087ms
[2024-07-24T23:00:45.432+0800][5.853s][gc,phases   ] GC(76) Pause Mark End 0.005ms
[2024-07-24T23:00:45.432+0800][5.853s][gc,phases   ] GC(76) Concurrent Mark Free 0.001ms
[2024-07-24T23:00:45.433+0800][5.854s][gc,phases   ] GC(76) Concurrent Process Non-Strong References 0.857ms
[2024-07-24T23:00:45.433+0800][5.854s][gc,phases   ] GC(76) Concurrent Reset Relocation Set 0.000ms
[2024-07-24T23:00:45.434+0800][5.856s][gc          ] Allocation Stall (main) 5.356ms
[2024-07-24T23:00:45.434+0800][5.856s][gc,phases   ] GC(76) Concurrent Select Relocation Set 1.643ms
[2024-07-24T23:00:45.435+0800][5.856s][gc,phases   ] GC(76) Pause Relocate Start 0.003ms
[2024-07-24T23:00:45.435+0800][5.856s][gc,phases   ] GC(76) Concurrent Relocate 0.117ms
[2024-07-24T23:00:45.435+0800][5.856s][gc,load     ] GC(76) Load: 0.00/0.00/0.00
[2024-07-24T23:00:45.435+0800][5.856s][gc,mmu      ] GC(76) MMU: 2ms/94.0%, 5ms/97.6%, 10ms/98.7%, 20ms/99.3%, 50ms/99.7%, 100ms/99.8%
[2024-07-24T23:00:45.435+0800][5.856s][gc,marking  ] GC(76) Mark: 1 stripe(s), 1 proactive flush(es), 1 terminate flush(es), 0 completion(s), 0 continuation(s) 
[2024-07-24T23:00:45.435+0800][5.856s][gc,marking  ] GC(76) Mark Stack Usage: 32M
[2024-07-24T23:00:45.435+0800][5.856s][gc,nmethod  ] GC(76) NMethods: 260 registered, 0 unregistered
[2024-07-24T23:00:45.435+0800][5.856s][gc,metaspace] GC(76) Metaspace: 0M used, 0M committed, 1088M reserved
[2024-07-24T23:00:45.435+0800][5.856s][gc,ref      ] GC(76) Soft: 62 encountered, 37 discovered, 0 enqueued
[2024-07-24T23:00:45.435+0800][5.856s][gc,ref      ] GC(76) Weak: 187 encountered, 170 discovered, 0 enqueued
[2024-07-24T23:00:45.435+0800][5.856s][gc,ref      ] GC(76) Final: 0 encountered, 0 discovered, 0 enqueued
[2024-07-24T23:00:45.435+0800][5.856s][gc,ref      ] GC(76) Phantom: 1 encountered, 0 discovered, 0 enqueued
[2024-07-24T23:00:45.435+0800][5.856s][gc,reloc    ] GC(76) Small Pages: 2 / 4M, Empty: 2M, Relocated: 0M, In-Place: 0
[2024-07-24T23:00:45.435+0800][5.856s][gc,reloc    ] GC(76) Medium Pages: 0 / 0M, Empty: 0M, Relocated: 0M, In-Place: 0
[2024-07-24T23:00:45.435+0800][5.856s][gc,reloc    ] GC(76) Large Pages: 62 / 124M, Empty: 96M, Relocated: 0M, In-Place: 0
[2024-07-24T23:00:45.435+0800][5.856s][gc,reloc    ] GC(76) Forwarding Usage: 0M
[2024-07-24T23:00:45.435+0800][5.856s][gc,heap     ] GC(76) Min Capacity: 8M(6%)
[2024-07-24T23:00:45.435+0800][5.856s][gc,heap     ] GC(76) Max Capacity: 128M(100%)
[2024-07-24T23:00:45.435+0800][5.856s][gc,heap     ] GC(76) Soft Max Capacity: 128M(100%)
[2024-07-24T23:00:45.435+0800][5.856s][gc,heap     ] GC(76)                Mark Start          Mark End        Relocate Start      Relocate End           High               Low         
[2024-07-24T23:00:45.435+0800][5.856s][gc,heap     ] GC(76)  Capacity:      128M (100%)        128M (100%)        128M (100%)        128M (100%)        128M (100%)        128M (100%)   
[2024-07-24T23:00:45.435+0800][5.857s][gc,heap     ] GC(76)      Free:        0M (0%)            0M (0%)           96M (75%)          90M (70%)          98M (77%)           0M (0%)     
[2024-07-24T23:00:45.435+0800][5.857s][gc,heap     ] GC(76)      Used:      128M (100%)        128M (100%)         32M (25%)          38M (30%)         128M (100%)         30M (23%)    
[2024-07-24T23:00:45.435+0800][5.857s][gc,heap     ] GC(76)      Live:         -                29M (23%)          29M (23%)          29M (23%)            -                  -          
[2024-07-24T23:00:45.435+0800][5.857s][gc,heap     ] GC(76) Allocated:         -                 0M (0%)            2M (2%)            8M (6%)             -                  -          
[2024-07-24T23:00:45.435+0800][5.857s][gc,heap     ] GC(76)   Garbage:         -                98M (77%)           0M (1%)            0M (1%)             -                  -          
[2024-07-24T23:00:45.435+0800][5.857s][gc,heap     ] GC(76) Reclaimed:         -                  -                98M (77%)          98M (77%)            -                  -          
[2024-07-24T23:00:45.435+0800][5.857s][gc          ] GC(76) Garbage Collection (Allocation Stall) 128M(100%)->38M(30%)
[2024-07-24T23:00:45.444+0800][5.865s][gc,start    ] GC(77) Garbage Collection (Allocation Rate)
[2024-07-24T23:00:45.444+0800][5.865s][gc,task     ] GC(77) Using 1 workers
[2024-07-24T23:00:45.444+0800][5.866s][gc,phases   ] GC(77) Pause Mark Start 0.010ms
[2024-07-24T23:00:45.447+0800][5.868s][gc,phases   ] GC(77) Concurrent Mark 2.125ms
[2024-07-24T23:00:45.447+0800][5.868s][gc,phases   ] GC(77) Pause Mark End 0.006ms
[2024-07-24T23:00:45.447+0800][5.868s][gc,phases   ] GC(77) Concurrent Mark Free 0.001ms
[2024-07-24T23:00:45.448+0800][5.869s][gc,phases   ] GC(77) Concurrent Process Non-Strong References 0.857ms
[2024-07-24T23:00:45.448+0800][5.869s][gc,phases   ] GC(77) Concurrent Reset Relocation Set 0.000ms
[2024-07-24T23:00:45.449+0800][5.871s][gc,phases   ] GC(77) Concurrent Select Relocation Set 1.512ms
[2024-07-24T23:00:45.449+0800][5.871s][gc,phases   ] GC(77) Pause Relocate Start 0.004ms
[2024-07-24T23:00:45.450+0800][5.872s][gc,phases   ] GC(77) Concurrent Relocate 0.909ms
[2024-07-24T23:00:45.451+0800][5.872s][gc,load     ] GC(77) Load: 0.00/0.00/0.00
[2024-07-24T23:00:45.451+0800][5.872s][gc,mmu      ] GC(77) MMU: 2ms/94.0%, 5ms/97.6%, 10ms/98.7%, 20ms/99.3%, 50ms/99.7%, 100ms/99.8%
[2024-07-24T23:00:45.451+0800][5.872s][gc,marking  ] GC(77) Mark: 1 stripe(s), 1 proactive flush(es), 1 terminate flush(es), 0 completion(s), 0 continuation(s) 
[2024-07-24T23:00:45.451+0800][5.872s][gc,marking  ] GC(77) Mark Stack Usage: 32M
[2024-07-24T23:00:45.451+0800][5.872s][gc,nmethod  ] GC(77) NMethods: 260 registered, 0 unregistered
[2024-07-24T23:00:45.451+0800][5.872s][gc,metaspace] GC(77) Metaspace: 0M used, 0M committed, 1088M reserved
[2024-07-24T23:00:45.451+0800][5.872s][gc,ref      ] GC(77) Soft: 62 encountered, 0 discovered, 0 enqueued
[2024-07-24T23:00:45.451+0800][5.872s][gc,ref      ] GC(77) Weak: 187 encountered, 170 discovered, 0 enqueued
[2024-07-24T23:00:45.451+0800][5.872s][gc,ref      ] GC(77) Final: 0 encountered, 0 discovered, 0 enqueued
[2024-07-24T23:00:45.451+0800][5.872s][gc,ref      ] GC(77) Phantom: 1 encountered, 0 discovered, 0 enqueued
[2024-07-24T23:00:45.451+0800][5.872s][gc,reloc    ] GC(77) Small Pages: 2 / 4M, Empty: 0M, Relocated: 1M, In-Place: 0
[2024-07-24T23:00:45.451+0800][5.872s][gc,reloc    ] GC(77) Medium Pages: 0 / 0M, Empty: 0M, Relocated: 0M, In-Place: 0
[2024-07-24T23:00:45.451+0800][5.872s][gc,reloc    ] GC(77) Large Pages: 20 / 40M, Empty: 40M, Relocated: 0M, In-Place: 0
[2024-07-24T23:00:45.451+0800][5.872s][gc,reloc    ] GC(77) Forwarding Usage: 0M
[2024-07-24T23:00:45.451+0800][5.872s][gc,heap     ] GC(77) Min Capacity: 8M(6%)
[2024-07-24T23:00:45.451+0800][5.872s][gc,heap     ] GC(77) Max Capacity: 128M(100%)
[2024-07-24T23:00:45.451+0800][5.872s][gc,heap     ] GC(77) Soft Max Capacity: 128M(100%)
[2024-07-24T23:00:45.451+0800][5.872s][gc,heap     ] GC(77)                Mark Start          Mark End        Relocate Start      Relocate End           High               Low         
[2024-07-24T23:00:45.451+0800][5.872s][gc,heap     ] GC(77)  Capacity:      128M (100%)        128M (100%)        128M (100%)        128M (100%)        128M (100%)        128M (100%)   
[2024-07-24T23:00:45.451+0800][5.872s][gc,heap     ] GC(77)      Free:       84M (66%)          84M (66%)         124M (97%)         126M (98%)         126M (98%)          84M (66%)    
[2024-07-24T23:00:45.451+0800][5.872s][gc,heap     ] GC(77)      Used:       44M (34%)          44M (34%)           4M (3%)            2M (2%)           44M (34%)           2M (2%)     
[2024-07-24T23:00:45.451+0800][5.872s][gc,heap     ] GC(77)      Live:         -                 1M (1%)            1M (1%)            1M (1%)             -                  -          
[2024-07-24T23:00:45.451+0800][5.872s][gc,heap     ] GC(77) Allocated:         -                 0M (0%)            0M (0%)            0M (0%)             -                  -          
[2024-07-24T23:00:45.451+0800][5.872s][gc,heap     ] GC(77)   Garbage:         -                42M (33%)           2M (2%)            0M (1%)             -                  -          
[2024-07-24T23:00:45.451+0800][5.872s][gc,heap     ] GC(77) Reclaimed:         -                  -                40M (31%)          42M (33%)            -                  -          
[2024-07-24T23:00:45.451+0800][5.872s][gc          ] GC(77) Garbage Collection (Allocation Rate) 44M(34%)->2M(2%)
[2024-07-24T23:00:45.538+0800][5.959s][gc,start    ] GC(78) Garbage Collection (Allocation Rate)
[2024-07-24T23:00:45.538+0800][5.959s][gc,task     ] GC(78) Using 1 workers
[2024-07-24T23:00:45.538+0800][5.960s][gc,phases   ] GC(78) Pause Mark Start 0.013ms
[2024-07-24T23:00:45.542+0800][5.963s][gc,phases   ] GC(78) Concurrent Mark 3.195ms
[2024-07-24T23:00:45.542+0800][5.963s][gc,phases   ] GC(78) Pause Mark End 0.009ms
[2024-07-24T23:00:45.542+0800][5.963s][gc,phases   ] GC(78) Concurrent Mark Free 0.001ms
[2024-07-24T23:00:45.543+0800][5.964s][gc,phases   ] GC(78) Concurrent Process Non-Strong References 0.930ms
[2024-07-24T23:00:45.543+0800][5.964s][gc,phases   ] GC(78) Concurrent Reset Relocation Set 0.001ms
[2024-07-24T23:00:45.545+0800][5.966s][gc,phases   ] GC(78) Concurrent Select Relocation Set 1.963ms
[2024-07-24T23:00:45.545+0800][5.967s][gc,phases   ] GC(78) Pause Relocate Start 0.005ms
[2024-07-24T23:00:45.545+0800][5.967s][gc,phases   ] GC(78) Concurrent Relocate 0.026ms
[2024-07-24T23:00:45.545+0800][5.967s][gc,load     ] GC(78) Load: 0.00/0.00/0.00
[2024-07-24T23:00:45.545+0800][5.967s][gc,mmu      ] GC(78) MMU: 2ms/94.0%, 5ms/97.6%, 10ms/98.7%, 20ms/99.3%, 50ms/99.7%, 100ms/99.8%
[2024-07-24T23:00:45.546+0800][5.967s][gc,marking  ] GC(78) Mark: 1 stripe(s), 2 proactive flush(es), 1 terminate flush(es), 0 completion(s), 0 continuation(s) 
[2024-07-24T23:00:45.546+0800][5.967s][gc,marking  ] GC(78) Mark Stack Usage: 32M
[2024-07-24T23:00:45.546+0800][5.967s][gc,nmethod  ] GC(78) NMethods: 260 registered, 0 unregistered
[2024-07-24T23:00:45.546+0800][5.967s][gc,metaspace] GC(78) Metaspace: 0M used, 0M committed, 1088M reserved
[2024-07-24T23:00:45.546+0800][5.967s][gc,ref      ] GC(78) Soft: 62 encountered, 0 discovered, 0 enqueued
[2024-07-24T23:00:45.546+0800][5.967s][gc,ref      ] GC(78) Weak: 187 encountered, 170 discovered, 0 enqueued
[2024-07-24T23:00:45.546+0800][5.967s][gc,ref      ] GC(78) Final: 0 encountered, 0 discovered, 0 enqueued
[2024-07-24T23:00:45.546+0800][5.967s][gc,ref      ] GC(78) Phantom: 1 encountered, 0 discovered, 0 enqueued
[2024-07-24T23:00:45.546+0800][5.967s][gc,reloc    ] GC(78) Small Pages: 2 / 4M, Empty: 2M, Relocated: 0M, In-Place: 0
[2024-07-24T23:00:45.546+0800][5.967s][gc,reloc    ] GC(78) Medium Pages: 0 / 0M, Empty: 0M, Relocated: 0M, In-Place: 0
[2024-07-24T23:00:45.546+0800][5.967s][gc,reloc    ] GC(78) Large Pages: 53 / 106M, Empty: 104M, Relocated: 0M, In-Place: 0
[2024-07-24T23:00:45.546+0800][5.967s][gc,reloc    ] GC(78) Forwarding Usage: 0M
[2024-07-24T23:00:45.546+0800][5.967s][gc,heap     ] GC(78) Min Capacity: 8M(6%)
[2024-07-24T23:00:45.546+0800][5.967s][gc,heap     ] GC(78) Max Capacity: 128M(100%)
[2024-07-24T23:00:45.546+0800][5.967s][gc,heap     ] GC(78) Soft Max Capacity: 128M(100%)
[2024-07-24T23:00:45.546+0800][5.967s][gc,heap     ] GC(78)                Mark Start          Mark End        Relocate Start      Relocate End           High               Low         
[2024-07-24T23:00:45.546+0800][5.967s][gc,heap     ] GC(78)  Capacity:      128M (100%)        128M (100%)        128M (100%)        128M (100%)        128M (100%)        128M (100%)   
[2024-07-24T23:00:45.546+0800][5.967s][gc,heap     ] GC(78)      Free:       18M (14%)           2M (2%)          108M (84%)         108M (84%)         108M (84%)           2M (2%)     
[2024-07-24T23:00:45.546+0800][5.967s][gc,heap     ] GC(78)      Used:      110M (86%)         126M (98%)          20M (16%)          20M (16%)         126M (98%)          20M (16%)    
[2024-07-24T23:00:45.546+0800][5.967s][gc,heap     ] GC(78)      Live:         -                 3M (3%)            3M (3%)            3M (3%)             -                  -          
[2024-07-24T23:00:45.546+0800][5.967s][gc,heap     ] GC(78) Allocated:         -                16M (12%)          16M (12%)          16M (12%)            -                  -          
[2024-07-24T23:00:45.546+0800][5.967s][gc,heap     ] GC(78)   Garbage:         -               106M (83%)           0M (1%)            0M (1%)             -                  -          
[2024-07-24T23:00:45.546+0800][5.967s][gc,heap     ] GC(78) Reclaimed:         -                  -               106M (83%)         106M (83%)            -                  -          
[2024-07-24T23:00:45.546+0800][5.967s][gc          ] GC(78) Garbage Collection (Allocation Rate) 110M(86%)->20M(16%)
[2024-07-24T23:00:45.633+0800][6.055s][gc,start    ] GC(79) Garbage Collection (Allocation Stall)
[2024-07-24T23:00:45.633+0800][6.055s][gc,ref      ] GC(79) Clearing All SoftReferences
[2024-07-24T23:00:45.633+0800][6.055s][gc,task     ] GC(79) Using 1 workers
[2024-07-24T23:00:45.633+0800][6.055s][gc,ref      ] GC(79) Clearing All SoftReferences
[2024-07-24T23:00:45.633+0800][6.055s][gc,phases   ] GC(79) Pause Mark Start 0.042ms
[2024-07-24T23:00:45.636+0800][6.057s][gc,phases   ] GC(79) Concurrent Mark 2.008ms
[2024-07-24T23:00:45.636+0800][6.057s][gc,phases   ] GC(79) Pause Mark End 0.011ms
[2024-07-24T23:00:45.636+0800][6.057s][gc,phases   ] GC(79) Concurrent Mark Free 0.001ms
[2024-07-24T23:00:45.637+0800][6.058s][gc,phases   ] GC(79) Concurrent Process Non-Strong References 0.974ms
[2024-07-24T23:00:45.637+0800][6.059s][gc,phases   ] GC(79) Concurrent Reset Relocation Set 0.000ms
[2024-07-24T23:00:45.638+0800][6.060s][gc          ] Allocation Stall (main) 5.239ms
[2024-07-24T23:00:45.638+0800][6.060s][gc,phases   ] GC(79) Concurrent Select Relocation Set 1.407ms
[2024-07-24T23:00:45.639+0800][6.060s][gc,phases   ] GC(79) Pause Relocate Start 0.005ms
[2024-07-24T23:00:45.639+0800][6.060s][gc,phases   ] GC(79) Concurrent Relocate 0.106ms
[2024-07-24T23:00:45.639+0800][6.060s][gc,load     ] GC(79) Load: 0.00/0.00/0.00
[2024-07-24T23:00:45.639+0800][6.060s][gc,mmu      ] GC(79) MMU: 2ms/94.0%, 5ms/97.6%, 10ms/98.7%, 20ms/99.3%, 50ms/99.7%, 100ms/99.8%
[2024-07-24T23:00:45.639+0800][6.061s][gc,marking  ] GC(79) Mark: 1 stripe(s), 1 proactive flush(es), 1 terminate flush(es), 0 completion(s), 0 continuation(s) 
[2024-07-24T23:00:45.639+0800][6.061s][gc,marking  ] GC(79) Mark Stack Usage: 32M
[2024-07-24T23:00:45.639+0800][6.061s][gc,nmethod  ] GC(79) NMethods: 260 registered, 0 unregistered
[2024-07-24T23:00:45.639+0800][6.061s][gc,metaspace] GC(79) Metaspace: 0M used, 0M committed, 1088M reserved
[2024-07-24T23:00:45.639+0800][6.061s][gc,ref      ] GC(79) Soft: 62 encountered, 37 discovered, 0 enqueued
[2024-07-24T23:00:45.639+0800][6.061s][gc,ref      ] GC(79) Weak: 187 encountered, 170 discovered, 0 enqueued
[2024-07-24T23:00:45.639+0800][6.061s][gc,ref      ] GC(79) Final: 0 encountered, 0 discovered, 0 enqueued
[2024-07-24T23:00:45.639+0800][6.061s][gc,ref      ] GC(79) Phantom: 1 encountered, 0 discovered, 0 enqueued
[2024-07-24T23:00:45.639+0800][6.061s][gc,reloc    ] GC(79) Small Pages: 2 / 4M, Empty: 2M, Relocated: 0M, In-Place: 0
[2024-07-24T23:00:45.639+0800][6.061s][gc,reloc    ] GC(79) Medium Pages: 0 / 0M, Empty: 0M, Relocated: 0M, In-Place: 0
[2024-07-24T23:00:45.639+0800][6.061s][gc,reloc    ] GC(79) Large Pages: 62 / 124M, Empty: 96M, Relocated: 0M, In-Place: 0
[2024-07-24T23:00:45.639+0800][6.061s][gc,reloc    ] GC(79) Forwarding Usage: 0M
[2024-07-24T23:00:45.639+0800][6.061s][gc,heap     ] GC(79) Min Capacity: 8M(6%)
[2024-07-24T23:00:45.639+0800][6.061s][gc,heap     ] GC(79) Max Capacity: 128M(100%)
[2024-07-24T23:00:45.639+0800][6.061s][gc,heap     ] GC(79) Soft Max Capacity: 128M(100%)
[2024-07-24T23:00:45.639+0800][6.061s][gc,heap     ] GC(79)                Mark Start          Mark End        Relocate Start      Relocate End           High               Low         
[2024-07-24T23:00:45.639+0800][6.061s][gc,heap     ] GC(79)  Capacity:      128M (100%)        128M (100%)        128M (100%)        128M (100%)        128M (100%)        128M (100%)   
[2024-07-24T23:00:45.639+0800][6.061s][gc,heap     ] GC(79)      Free:        0M (0%)            0M (0%)           96M (75%)          92M (72%)          98M (77%)           0M (0%)     
[2024-07-24T23:00:45.639+0800][6.061s][gc,heap     ] GC(79)      Used:      128M (100%)        128M (100%)         32M (25%)          36M (28%)         128M (100%)         30M (23%)    
[2024-07-24T23:00:45.639+0800][6.061s][gc,heap     ] GC(79)      Live:         -                29M (23%)          29M (23%)          29M (23%)            -                  -          
[2024-07-24T23:00:45.639+0800][6.061s][gc,heap     ] GC(79) Allocated:         -                 0M (0%)            2M (2%)            6M (5%)             -                  -          
[2024-07-24T23:00:45.639+0800][6.061s][gc,heap     ] GC(79)   Garbage:         -                98M (77%)           0M (1%)            0M (1%)             -                  -          
[2024-07-24T23:00:45.639+0800][6.061s][gc,heap     ] GC(79) Reclaimed:         -                  -                98M (77%)          98M (77%)            -                  -          
[2024-07-24T23:00:45.639+0800][6.061s][gc          ] GC(79) Garbage Collection (Allocation Stall) 128M(100%)->36M(28%)
[2024-07-24T23:00:45.648+0800][6.069s][gc,start    ] GC(80) Garbage Collection (Allocation Rate)
[2024-07-24T23:00:45.648+0800][6.070s][gc,task     ] GC(80) Using 1 workers
[2024-07-24T23:00:45.648+0800][6.070s][gc,phases   ] GC(80) Pause Mark Start 0.006ms
[2024-07-24T23:00:45.650+0800][6.072s][gc,phases   ] GC(80) Concurrent Mark 2.251ms
[2024-07-24T23:00:45.651+0800][6.072s][gc,phases   ] GC(80) Pause Mark End 0.007ms
[2024-07-24T23:00:45.651+0800][6.072s][gc,phases   ] GC(80) Concurrent Mark Free 0.001ms
[2024-07-24T23:00:45.652+0800][6.073s][gc,phases   ] GC(80) Concurrent Process Non-Strong References 0.844ms
[2024-07-24T23:00:45.652+0800][6.073s][gc,phases   ] GC(80) Concurrent Reset Relocation Set 0.000ms
[2024-07-24T23:00:45.654+0800][6.076s][gc,phases   ] GC(80) Concurrent Select Relocation Set 2.356ms
[2024-07-24T23:00:45.654+0800][6.076s][gc,phases   ] GC(80) Pause Relocate Start 0.006ms
[2024-07-24T23:00:45.655+0800][6.077s][gc,phases   ] GC(80) Concurrent Relocate 0.977ms
[2024-07-24T23:00:45.655+0800][6.077s][gc,load     ] GC(80) Load: 0.00/0.00/0.00
[2024-07-24T23:00:45.655+0800][6.077s][gc,mmu      ] GC(80) MMU: 2ms/94.0%, 5ms/97.6%, 10ms/98.7%, 20ms/99.3%, 50ms/99.7%, 100ms/99.8%
[2024-07-24T23:00:45.655+0800][6.077s][gc,marking  ] GC(80) Mark: 1 stripe(s), 1 proactive flush(es), 1 terminate flush(es), 0 completion(s), 0 continuation(s) 
[2024-07-24T23:00:45.655+0800][6.077s][gc,marking  ] GC(80) Mark Stack Usage: 32M
[2024-07-24T23:00:45.655+0800][6.077s][gc,nmethod  ] GC(80) NMethods: 260 registered, 0 unregistered
[2024-07-24T23:00:45.655+0800][6.077s][gc,metaspace] GC(80) Metaspace: 0M used, 0M committed, 1088M reserved
[2024-07-24T23:00:45.655+0800][6.077s][gc,ref      ] GC(80) Soft: 62 encountered, 0 discovered, 0 enqueued
[2024-07-24T23:00:45.656+0800][6.077s][gc,ref      ] GC(80) Weak: 187 encountered, 170 discovered, 0 enqueued
[2024-07-24T23:00:45.656+0800][6.077s][gc,ref      ] GC(80) Final: 0 encountered, 0 discovered, 0 enqueued
[2024-07-24T23:00:45.656+0800][6.077s][gc,ref      ] GC(80) Phantom: 1 encountered, 0 discovered, 0 enqueued
[2024-07-24T23:00:45.656+0800][6.077s][gc,reloc    ] GC(80) Small Pages: 2 / 4M, Empty: 0M, Relocated: 1M, In-Place: 0
[2024-07-24T23:00:45.656+0800][6.077s][gc,reloc    ] GC(80) Medium Pages: 0 / 0M, Empty: 0M, Relocated: 0M, In-Place: 0
[2024-07-24T23:00:45.656+0800][6.077s][gc,reloc    ] GC(80) Large Pages: 20 / 40M, Empty: 40M, Relocated: 0M, In-Place: 0
[2024-07-24T23:00:45.656+0800][6.077s][gc,reloc    ] GC(80) Forwarding Usage: 0M
[2024-07-24T23:00:45.656+0800][6.077s][gc,heap     ] GC(80) Min Capacity: 8M(6%)
[2024-07-24T23:00:45.656+0800][6.077s][gc,heap     ] GC(80) Max Capacity: 128M(100%)
[2024-07-24T23:00:45.656+0800][6.077s][gc,heap     ] GC(80) Soft Max Capacity: 128M(100%)
[2024-07-24T23:00:45.656+0800][6.077s][gc,heap     ] GC(80)                Mark Start          Mark End        Relocate Start      Relocate End           High               Low         
[2024-07-24T23:00:45.656+0800][6.077s][gc,heap     ] GC(80)  Capacity:      128M (100%)        128M (100%)        128M (100%)        128M (100%)        128M (100%)        128M (100%)   
[2024-07-24T23:00:45.656+0800][6.077s][gc,heap     ] GC(80)      Free:       84M (66%)          84M (66%)         124M (97%)         126M (98%)         126M (98%)          84M (66%)    
[2024-07-24T23:00:45.656+0800][6.077s][gc,heap     ] GC(80)      Used:       44M (34%)          44M (34%)           4M (3%)            2M (2%)           44M (34%)           2M (2%)     
[2024-07-24T23:00:45.656+0800][6.077s][gc,heap     ] GC(80)      Live:         -                 1M (1%)            1M (1%)            1M (1%)             -                  -          
[2024-07-24T23:00:45.656+0800][6.077s][gc,heap     ] GC(80) Allocated:         -                 0M (0%)            0M (0%)            0M (0%)             -                  -          
[2024-07-24T23:00:45.656+0800][6.077s][gc,heap     ] GC(80)   Garbage:         -                42M (33%)           2M (2%)            0M (1%)             -                  -          
[2024-07-24T23:00:45.656+0800][6.077s][gc,heap     ] GC(80) Reclaimed:         -                  -                40M (31%)          42M (33%)            -                  -          
[2024-07-24T23:00:45.656+0800][6.077s][gc          ] GC(80) Garbage Collection (Allocation Rate) 44M(34%)->2M(2%)
[2024-07-24T23:00:45.744+0800][6.165s][gc,start    ] GC(81) Garbage Collection (Allocation Rate)
[2024-07-24T23:00:45.744+0800][6.166s][gc,task     ] GC(81) Using 1 workers
[2024-07-24T23:00:45.745+0800][6.166s][gc,phases   ] GC(81) Pause Mark Start 0.024ms
[2024-07-24T23:00:45.748+0800][6.170s][gc,phases   ] GC(81) Concurrent Mark 3.796ms
[2024-07-24T23:00:45.749+0800][6.170s][gc,phases   ] GC(81) Pause Mark End 0.008ms
[2024-07-24T23:00:45.749+0800][6.170s][gc,phases   ] GC(81) Concurrent Mark Free 0.001ms
[2024-07-24T23:00:45.750+0800][6.171s][gc,phases   ] GC(81) Concurrent Process Non-Strong References 0.942ms
[2024-07-24T23:00:45.750+0800][6.171s][gc,phases   ] GC(81) Concurrent Reset Relocation Set 0.001ms
[2024-07-24T23:00:45.751+0800][6.173s][gc,phases   ] GC(81) Concurrent Select Relocation Set 1.644ms
[2024-07-24T23:00:45.752+0800][6.173s][gc,phases   ] GC(81) Pause Relocate Start 0.004ms
[2024-07-24T23:00:45.752+0800][6.173s][gc,phases   ] GC(81) Concurrent Relocate 0.111ms
[2024-07-24T23:00:45.752+0800][6.173s][gc,load     ] GC(81) Load: 0.00/0.00/0.00
[2024-07-24T23:00:45.752+0800][6.173s][gc,mmu      ] GC(81) MMU: 2ms/94.0%, 5ms/97.6%, 10ms/98.7%, 20ms/99.3%, 50ms/99.7%, 100ms/99.8%
[2024-07-24T23:00:45.752+0800][6.173s][gc,marking  ] GC(81) Mark: 1 stripe(s), 2 proactive flush(es), 1 terminate flush(es), 0 completion(s), 0 continuation(s) 
[2024-07-24T23:00:45.752+0800][6.173s][gc,marking  ] GC(81) Mark Stack Usage: 32M
[2024-07-24T23:00:45.752+0800][6.173s][gc,nmethod  ] GC(81) NMethods: 260 registered, 0 unregistered
[2024-07-24T23:00:45.752+0800][6.173s][gc,metaspace] GC(81) Metaspace: 0M used, 0M committed, 1088M reserved
[2024-07-24T23:00:45.752+0800][6.173s][gc,ref      ] GC(81) Soft: 62 encountered, 0 discovered, 0 enqueued
[2024-07-24T23:00:45.752+0800][6.173s][gc,ref      ] GC(81) Weak: 187 encountered, 170 discovered, 0 enqueued
[2024-07-24T23:00:45.752+0800][6.173s][gc,ref      ] GC(81) Final: 0 encountered, 0 discovered, 0 enqueued
[2024-07-24T23:00:45.752+0800][6.173s][gc,ref      ] GC(81) Phantom: 1 encountered, 0 discovered, 0 enqueued
[2024-07-24T23:00:45.752+0800][6.173s][gc,reloc    ] GC(81) Small Pages: 2 / 4M, Empty: 2M, Relocated: 0M, In-Place: 0
[2024-07-24T23:00:45.752+0800][6.173s][gc,reloc    ] GC(81) Medium Pages: 0 / 0M, Empty: 0M, Relocated: 0M, In-Place: 0
[2024-07-24T23:00:45.752+0800][6.173s][gc,reloc    ] GC(81) Large Pages: 53 / 106M, Empty: 104M, Relocated: 0M, In-Place: 0
[2024-07-24T23:00:45.752+0800][6.173s][gc,reloc    ] GC(81) Forwarding Usage: 0M
[2024-07-24T23:00:45.752+0800][6.173s][gc,heap     ] GC(81) Min Capacity: 8M(6%)
[2024-07-24T23:00:45.752+0800][6.174s][gc,heap     ] GC(81) Max Capacity: 128M(100%)
[2024-07-24T23:00:45.752+0800][6.174s][gc,heap     ] GC(81) Soft Max Capacity: 128M(100%)
[2024-07-24T23:00:45.752+0800][6.174s][gc,heap     ] GC(81)                Mark Start          Mark End        Relocate Start      Relocate End           High               Low         
[2024-07-24T23:00:45.752+0800][6.174s][gc,heap     ] GC(81)  Capacity:      128M (100%)        128M (100%)        128M (100%)        128M (100%)        128M (100%)        128M (100%)   
[2024-07-24T23:00:45.752+0800][6.174s][gc,heap     ] GC(81)      Free:       18M (14%)           2M (2%)          108M (84%)         108M (84%)         108M (84%)           2M (2%)     
[2024-07-24T23:00:45.752+0800][6.174s][gc,heap     ] GC(81)      Used:      110M (86%)         126M (98%)          20M (16%)          20M (16%)         126M (98%)          20M (16%)    
[2024-07-24T23:00:45.752+0800][6.174s][gc,heap     ] GC(81)      Live:         -                 3M (3%)            3M (3%)            3M (3%)             -                  -          
[2024-07-24T23:00:45.752+0800][6.174s][gc,heap     ] GC(81) Allocated:         -                16M (12%)          16M (12%)          16M (12%)            -                  -          
[2024-07-24T23:00:45.752+0800][6.174s][gc,heap     ] GC(81)   Garbage:         -               106M (83%)           0M (1%)            0M (1%)             -                  -          
[2024-07-24T23:00:45.752+0800][6.174s][gc,heap     ] GC(81) Reclaimed:         -                  -               106M (83%)         106M (83%)            -                  -          
[2024-07-24T23:00:45.752+0800][6.174s][gc          ] GC(81) Garbage Collection (Allocation Rate) 110M(86%)->20M(16%)
[2024-07-24T23:00:45.840+0800][6.261s][gc,start    ] GC(82) Garbage Collection (Allocation Rate)
[2024-07-24T23:00:45.840+0800][6.261s][gc,task     ] GC(82) Using 1 workers
[2024-07-24T23:00:45.840+0800][6.261s][gc,phases   ] GC(82) Pause Mark Start 0.009ms
[2024-07-24T23:00:45.843+0800][6.265s][gc,phases   ] GC(82) Concurrent Mark 3.175ms
[2024-07-24T23:00:45.843+0800][6.265s][gc,phases   ] GC(82) Pause Mark End 0.008ms
[2024-07-24T23:00:45.843+0800][6.265s][gc,phases   ] GC(82) Concurrent Mark Free 0.001ms
[2024-07-24T23:00:45.844+0800][6.266s][gc,phases   ] GC(82) Concurrent Process Non-Strong References 0.700ms
[2024-07-24T23:00:45.844+0800][6.266s][gc,phases   ] GC(82) Concurrent Reset Relocation Set 0.000ms
[2024-07-24T23:00:45.846+0800][6.267s][gc          ] Allocation Stall (main) 4.510ms
[2024-07-24T23:00:45.846+0800][6.267s][gc,phases   ] GC(82) Concurrent Select Relocation Set 1.664ms
[2024-07-24T23:00:45.846+0800][6.267s][gc,phases   ] GC(82) Pause Relocate Start 0.004ms
[2024-07-24T23:00:45.846+0800][6.268s][gc,phases   ] GC(82) Concurrent Relocate 0.108ms
[2024-07-24T23:00:45.846+0800][6.268s][gc,load     ] GC(82) Load: 0.00/0.00/0.00
[2024-07-24T23:00:45.846+0800][6.268s][gc,mmu      ] GC(82) MMU: 2ms/94.0%, 5ms/97.6%, 10ms/98.7%, 20ms/99.3%, 50ms/99.7%, 100ms/99.8%
[2024-07-24T23:00:45.846+0800][6.268s][gc,marking  ] GC(82) Mark: 1 stripe(s), 2 proactive flush(es), 1 terminate flush(es), 0 completion(s), 0 continuation(s) 
[2024-07-24T23:00:45.846+0800][6.268s][gc,marking  ] GC(82) Mark Stack Usage: 32M
[2024-07-24T23:00:45.846+0800][6.268s][gc,nmethod  ] GC(82) NMethods: 260 registered, 0 unregistered
[2024-07-24T23:00:45.846+0800][6.268s][gc,metaspace] GC(82) Metaspace: 0M used, 0M committed, 1088M reserved
[2024-07-24T23:00:45.846+0800][6.268s][gc,ref      ] GC(82) Soft: 62 encountered, 0 discovered, 0 enqueued
[2024-07-24T23:00:45.846+0800][6.268s][gc,ref      ] GC(82) Weak: 187 encountered, 170 discovered, 0 enqueued
[2024-07-24T23:00:45.846+0800][6.268s][gc,ref      ] GC(82) Final: 0 encountered, 0 discovered, 0 enqueued
[2024-07-24T23:00:45.846+0800][6.268s][gc,ref      ] GC(82) Phantom: 1 encountered, 0 discovered, 0 enqueued
[2024-07-24T23:00:45.846+0800][6.268s][gc,reloc    ] GC(82) Small Pages: 2 / 4M, Empty: 2M, Relocated: 0M, In-Place: 0
[2024-07-24T23:00:45.847+0800][6.268s][gc,reloc    ] GC(82) Medium Pages: 0 / 0M, Empty: 0M, Relocated: 0M, In-Place: 0
[2024-07-24T23:00:45.847+0800][6.268s][gc,reloc    ] GC(82) Large Pages: 59 / 118M, Empty: 96M, Relocated: 0M, In-Place: 0
[2024-07-24T23:00:45.847+0800][6.268s][gc,reloc    ] GC(82) Forwarding Usage: 0M
[2024-07-24T23:00:45.847+0800][6.268s][gc,heap     ] GC(82) Min Capacity: 8M(6%)
[2024-07-24T23:00:45.847+0800][6.268s][gc,heap     ] GC(82) Max Capacity: 128M(100%)
[2024-07-24T23:00:45.847+0800][6.268s][gc,heap     ] GC(82) Soft Max Capacity: 128M(100%)
[2024-07-24T23:00:45.847+0800][6.268s][gc,heap     ] GC(82)                Mark Start          Mark End        Relocate Start      Relocate End           High               Low         
[2024-07-24T23:00:45.847+0800][6.268s][gc,heap     ] GC(82)  Capacity:      128M (100%)        128M (100%)        128M (100%)        128M (100%)        128M (100%)        128M (100%)   
[2024-07-24T23:00:45.847+0800][6.268s][gc,heap     ] GC(82)      Free:        6M (5%)            0M (0%)           96M (75%)          92M (72%)          98M (77%)           0M (0%)     
[2024-07-24T23:00:45.847+0800][6.268s][gc,heap     ] GC(82)      Used:      122M (95%)         128M (100%)         32M (25%)          36M (28%)         128M (100%)         30M (23%)    
[2024-07-24T23:00:45.847+0800][6.268s][gc,heap     ] GC(82)      Live:         -                23M (18%)          23M (18%)          23M (18%)            -                  -          
[2024-07-24T23:00:45.847+0800][6.268s][gc,heap     ] GC(82) Allocated:         -                 6M (5%)            8M (6%)           12M (9%)             -                  -          
[2024-07-24T23:00:45.847+0800][6.268s][gc,heap     ] GC(82)   Garbage:         -                98M (77%)           0M (1%)            0M (1%)             -                  -          
[2024-07-24T23:00:45.847+0800][6.268s][gc,heap     ] GC(82) Reclaimed:         -                  -                98M (77%)          98M (77%)            -                  -          
[2024-07-24T23:00:45.847+0800][6.268s][gc          ] GC(82) Garbage Collection (Allocation Rate) 122M(95%)->36M(28%)
[2024-07-24T23:00:45.935+0800][6.356s][gc,start    ] GC(83) Garbage Collection (Allocation Stall)
[2024-07-24T23:00:45.935+0800][6.357s][gc,ref      ] GC(83) Clearing All SoftReferences
[2024-07-24T23:00:45.935+0800][6.357s][gc,task     ] GC(83) Using 1 workers
[2024-07-24T23:00:45.935+0800][6.357s][gc,ref      ] GC(83) Clearing All SoftReferences
[2024-07-24T23:00:45.935+0800][6.357s][gc,phases   ] GC(83) Pause Mark Start 0.037ms
[2024-07-24T23:00:45.938+0800][6.359s][gc,phases   ] GC(83) Concurrent Mark 2.481ms
[2024-07-24T23:00:45.938+0800][6.360s][gc,phases   ] GC(83) Pause Mark End 0.008ms
[2024-07-24T23:00:45.938+0800][6.360s][gc,phases   ] GC(83) Concurrent Mark Free 0.001ms
[2024-07-24T23:00:45.939+0800][6.361s][gc,phases   ] GC(83) Concurrent Process Non-Strong References 0.845ms
[2024-07-24T23:00:45.939+0800][6.361s][gc,phases   ] GC(83) Concurrent Reset Relocation Set 0.000ms
[2024-07-24T23:00:45.941+0800][6.362s][gc          ] Allocation Stall (main) 5.520ms
[2024-07-24T23:00:45.941+0800][6.362s][gc,phases   ] GC(83) Concurrent Select Relocation Set 1.591ms
[2024-07-24T23:00:45.941+0800][6.362s][gc,phases   ] GC(83) Pause Relocate Start 0.004ms
[2024-07-24T23:00:45.941+0800][6.363s][gc,phases   ] GC(83) Concurrent Relocate 0.119ms
[2024-07-24T23:00:45.941+0800][6.363s][gc,load     ] GC(83) Load: 0.00/0.00/0.00
[2024-07-24T23:00:45.941+0800][6.363s][gc,mmu      ] GC(83) MMU: 2ms/94.0%, 5ms/97.6%, 10ms/98.7%, 20ms/99.3%, 50ms/99.7%, 100ms/99.8%
[2024-07-24T23:00:45.941+0800][6.363s][gc,marking  ] GC(83) Mark: 1 stripe(s), 1 proactive flush(es), 1 terminate flush(es), 0 completion(s), 0 continuation(s) 
[2024-07-24T23:00:45.941+0800][6.363s][gc,marking  ] GC(83) Mark Stack Usage: 32M
[2024-07-24T23:00:45.941+0800][6.363s][gc,nmethod  ] GC(83) NMethods: 260 registered, 0 unregistered
[2024-07-24T23:00:45.941+0800][6.363s][gc,metaspace] GC(83) Metaspace: 0M used, 0M committed, 1088M reserved
[2024-07-24T23:00:45.941+0800][6.363s][gc,ref      ] GC(83) Soft: 62 encountered, 37 discovered, 0 enqueued
[2024-07-24T23:00:45.941+0800][6.363s][gc,ref      ] GC(83) Weak: 187 encountered, 170 discovered, 0 enqueued
[2024-07-24T23:00:45.941+0800][6.363s][gc,ref      ] GC(83) Final: 0 encountered, 0 discovered, 0 enqueued
[2024-07-24T23:00:45.942+0800][6.363s][gc,ref      ] GC(83) Phantom: 1 encountered, 0 discovered, 0 enqueued
[2024-07-24T23:00:45.942+0800][6.363s][gc,reloc    ] GC(83) Small Pages: 2 / 4M, Empty: 2M, Relocated: 0M, In-Place: 0
[2024-07-24T23:00:45.942+0800][6.363s][gc,reloc    ] GC(83) Medium Pages: 0 / 0M, Empty: 0M, Relocated: 0M, In-Place: 0
[2024-07-24T23:00:45.942+0800][6.363s][gc,reloc    ] GC(83) Large Pages: 62 / 124M, Empty: 120M, Relocated: 0M, In-Place: 0
[2024-07-24T23:00:45.942+0800][6.363s][gc,reloc    ] GC(83) Forwarding Usage: 0M
[2024-07-24T23:00:45.942+0800][6.363s][gc,heap     ] GC(83) Min Capacity: 8M(6%)
[2024-07-24T23:00:45.942+0800][6.363s][gc,heap     ] GC(83) Max Capacity: 128M(100%)
[2024-07-24T23:00:45.942+0800][6.363s][gc,heap     ] GC(83) Soft Max Capacity: 128M(100%)
[2024-07-24T23:00:45.942+0800][6.363s][gc,heap     ] GC(83)                Mark Start          Mark End        Relocate Start      Relocate End           High               Low         
[2024-07-24T23:00:45.942+0800][6.363s][gc,heap     ] GC(83)  Capacity:      128M (100%)        128M (100%)        128M (100%)        128M (100%)        128M (100%)        128M (100%)   
[2024-07-24T23:00:45.942+0800][6.363s][gc,heap     ] GC(83)      Free:        0M (0%)            0M (0%)          120M (94%)         114M (89%)         122M (95%)           0M (0%)     
[2024-07-24T23:00:45.942+0800][6.363s][gc,heap     ] GC(83)      Used:      128M (100%)        128M (100%)          8M (6%)           14M (11%)         128M (100%)          6M (5%)     
[2024-07-24T23:00:45.942+0800][6.363s][gc,heap     ] GC(83)      Live:         -                 5M (4%)            5M (4%)            5M (4%)             -                  -          
[2024-07-24T23:00:45.942+0800][6.363s][gc,heap     ] GC(83) Allocated:         -                 0M (0%)            2M (2%)            8M (6%)             -                  -          
[2024-07-24T23:00:45.942+0800][6.363s][gc,heap     ] GC(83)   Garbage:         -               122M (96%)           0M (1%)            0M (1%)             -                  -          
[2024-07-24T23:00:45.942+0800][6.363s][gc,heap     ] GC(83) Reclaimed:         -                  -               122M (95%)         122M (95%)            -                  -          
[2024-07-24T23:00:45.942+0800][6.363s][gc          ] GC(83) Garbage Collection (Allocation Stall) 128M(100%)->14M(11%)
[2024-07-24T23:00:46.046+0800][6.467s][gc,start    ] GC(84) Garbage Collection (Allocation Rate)
[2024-07-24T23:00:46.046+0800][6.467s][gc,task     ] GC(84) Using 1 workers
[2024-07-24T23:00:46.046+0800][6.468s][gc,phases   ] GC(84) Pause Mark Start 0.015ms
[2024-07-24T23:00:46.049+0800][6.470s][gc,phases   ] GC(84) Concurrent Mark 2.265ms
[2024-07-24T23:00:46.049+0800][6.470s][gc,phases   ] GC(84) Pause Mark End 0.007ms
[2024-07-24T23:00:46.049+0800][6.470s][gc,phases   ] GC(84) Concurrent Mark Free 0.001ms
[2024-07-24T23:00:46.050+0800][6.471s][gc,phases   ] GC(84) Concurrent Process Non-Strong References 0.863ms
[2024-07-24T23:00:46.050+0800][6.471s][gc,phases   ] GC(84) Concurrent Reset Relocation Set 0.000ms
[2024-07-24T23:00:46.052+0800][6.474s][gc          ] Allocation Stall (main) 5.643ms
[2024-07-24T23:00:46.052+0800][6.474s][gc,phases   ] GC(84) Concurrent Select Relocation Set 2.221ms
[2024-07-24T23:00:46.052+0800][6.474s][gc,phases   ] GC(84) Pause Relocate Start 0.006ms
[2024-07-24T23:00:46.053+0800][6.474s][gc,phases   ] GC(84) Concurrent Relocate 0.099ms
[2024-07-24T23:00:46.053+0800][6.474s][gc,load     ] GC(84) Load: 0.00/0.00/0.00
[2024-07-24T23:00:46.053+0800][6.474s][gc,mmu      ] GC(84) MMU: 2ms/94.0%, 5ms/97.6%, 10ms/98.7%, 20ms/99.3%, 50ms/99.7%, 100ms/99.8%
[2024-07-24T23:00:46.053+0800][6.474s][gc,marking  ] GC(84) Mark: 1 stripe(s), 2 proactive flush(es), 1 terminate flush(es), 0 completion(s), 0 continuation(s) 
[2024-07-24T23:00:46.053+0800][6.474s][gc,marking  ] GC(84) Mark Stack Usage: 32M
[2024-07-24T23:00:46.053+0800][6.474s][gc,nmethod  ] GC(84) NMethods: 261 registered, 0 unregistered
[2024-07-24T23:00:46.053+0800][6.474s][gc,metaspace] GC(84) Metaspace: 0M used, 0M committed, 1088M reserved
[2024-07-24T23:00:46.053+0800][6.474s][gc,ref      ] GC(84) Soft: 62 encountered, 0 discovered, 0 enqueued
[2024-07-24T23:00:46.053+0800][6.474s][gc,ref      ] GC(84) Weak: 187 encountered, 170 discovered, 0 enqueued
[2024-07-24T23:00:46.053+0800][6.474s][gc,ref      ] GC(84) Final: 0 encountered, 0 discovered, 0 enqueued
[2024-07-24T23:00:46.053+0800][6.474s][gc,ref      ] GC(84) Phantom: 1 encountered, 0 discovered, 0 enqueued
[2024-07-24T23:00:46.053+0800][6.474s][gc,reloc    ] GC(84) Small Pages: 2 / 4M, Empty: 2M, Relocated: 0M, In-Place: 0
[2024-07-24T23:00:46.053+0800][6.474s][gc,reloc    ] GC(84) Medium Pages: 0 / 0M, Empty: 0M, Relocated: 0M, In-Place: 0
[2024-07-24T23:00:46.053+0800][6.474s][gc,reloc    ] GC(84) Large Pages: 62 / 124M, Empty: 120M, Relocated: 0M, In-Place: 0
[2024-07-24T23:00:46.053+0800][6.474s][gc,reloc    ] GC(84) Forwarding Usage: 0M
[2024-07-24T23:00:46.053+0800][6.474s][gc,heap     ] GC(84) Min Capacity: 8M(6%)
[2024-07-24T23:00:46.053+0800][6.474s][gc,heap     ] GC(84) Max Capacity: 128M(100%)
[2024-07-24T23:00:46.053+0800][6.474s][gc,heap     ] GC(84) Soft Max Capacity: 128M(100%)
[2024-07-24T23:00:46.053+0800][6.474s][gc,heap     ] GC(84)                Mark Start          Mark End        Relocate Start      Relocate End           High               Low         
[2024-07-24T23:00:46.053+0800][6.474s][gc,heap     ] GC(84)  Capacity:      128M (100%)        128M (100%)        128M (100%)        128M (100%)        128M (100%)        128M (100%)   
[2024-07-24T23:00:46.053+0800][6.474s][gc,heap     ] GC(84)      Free:        0M (0%)            0M (0%)          120M (94%)         120M (94%)         122M (95%)           0M (0%)     
[2024-07-24T23:00:46.053+0800][6.474s][gc,heap     ] GC(84)      Used:      128M (100%)        128M (100%)          8M (6%)            8M (6%)          128M (100%)          6M (5%)     
[2024-07-24T23:00:46.053+0800][6.474s][gc,heap     ] GC(84)      Live:         -                 5M (4%)            5M (4%)            5M (4%)             -                  -          
[2024-07-24T23:00:46.053+0800][6.474s][gc,heap     ] GC(84) Allocated:         -                 0M (0%)            2M (2%)            2M (2%)             -                  -          
[2024-07-24T23:00:46.053+0800][6.474s][gc,heap     ] GC(84)   Garbage:         -               122M (96%)           0M (1%)            0M (1%)             -                  -          
[2024-07-24T23:00:46.053+0800][6.474s][gc,heap     ] GC(84) Reclaimed:         -                  -               122M (95%)         122M (95%)            -                  -          
[2024-07-24T23:00:46.053+0800][6.475s][gc          ] GC(84) Garbage Collection (Allocation Rate) 128M(100%)->8M(6%)
[2024-07-24T23:00:46.141+0800][6.562s][gc,start    ] GC(85) Garbage Collection (Allocation Stall)
[2024-07-24T23:00:46.141+0800][6.563s][gc,ref      ] GC(85) Clearing All SoftReferences
[2024-07-24T23:00:46.141+0800][6.563s][gc,task     ] GC(85) Using 1 workers
[2024-07-24T23:00:46.142+0800][6.563s][gc,ref      ] GC(85) Clearing All SoftReferences
[2024-07-24T23:00:46.142+0800][6.563s][gc,phases   ] GC(85) Pause Mark Start 0.058ms
[2024-07-24T23:00:46.144+0800][6.566s][gc,phases   ] GC(85) Concurrent Mark 2.406ms
[2024-07-24T23:00:46.145+0800][6.566s][gc,phases   ] GC(85) Pause Mark End 0.008ms
[2024-07-24T23:00:46.145+0800][6.566s][gc,phases   ] GC(85) Concurrent Mark Free 0.001ms
[2024-07-24T23:00:46.145+0800][6.567s][gc,phases   ] GC(85) Concurrent Process Non-Strong References 0.825ms
[2024-07-24T23:00:46.146+0800][6.567s][gc,phases   ] GC(85) Concurrent Reset Relocation Set 0.000ms
[2024-07-24T23:00:46.147+0800][6.568s][gc,phases   ] GC(85) Concurrent Select Relocation Set 1.473ms
[2024-07-24T23:00:46.147+0800][6.569s][gc,phases   ] GC(85) Pause Relocate Start 0.004ms
[2024-07-24T23:00:46.147+0800][6.569s][gc,phases   ] GC(85) Concurrent Relocate 0.073ms
[2024-07-24T23:00:46.147+0800][6.569s][gc,load     ] GC(85) Load: 0.00/0.00/0.00
[2024-07-24T23:00:46.147+0800][6.569s][gc,mmu      ] GC(85) MMU: 2ms/94.0%, 5ms/97.6%, 10ms/98.7%, 20ms/99.3%, 50ms/99.7%, 100ms/99.8%
[2024-07-24T23:00:46.147+0800][6.569s][gc,marking  ] GC(85) Mark: 1 stripe(s), 2 proactive flush(es), 1 terminate flush(es), 0 completion(s), 0 continuation(s) 
[2024-07-24T23:00:46.147+0800][6.569s][gc,marking  ] GC(85) Mark Stack Usage: 32M
[2024-07-24T23:00:46.147+0800][6.569s][gc,nmethod  ] GC(85) NMethods: 262 registered, 0 unregistered
[2024-07-24T23:00:46.148+0800][6.569s][gc,metaspace] GC(85) Metaspace: 0M used, 0M committed, 1088M reserved
[2024-07-24T23:00:46.148+0800][6.569s][gc,ref      ] GC(85) Soft: 62 encountered, 35 discovered, 0 enqueued
[2024-07-24T23:00:46.148+0800][6.569s][gc,ref      ] GC(85) Weak: 187 encountered, 170 discovered, 0 enqueued
[2024-07-24T23:00:46.148+0800][6.569s][gc,ref      ] GC(85) Final: 0 encountered, 0 discovered, 0 enqueued
[2024-07-24T23:00:46.148+0800][6.569s][gc,ref      ] GC(85) Phantom: 1 encountered, 0 discovered, 0 enqueued
[2024-07-24T23:00:46.148+0800][6.569s][gc,reloc    ] GC(85) Small Pages: 2 / 4M, Empty: 2M, Relocated: 0M, In-Place: 0
[2024-07-24T23:00:46.148+0800][6.569s][gc,reloc    ] GC(85) Medium Pages: 0 / 0M, Empty: 0M, Relocated: 0M, In-Place: 0
[2024-07-24T23:00:46.148+0800][6.569s][gc,reloc    ] GC(85) Large Pages: 54 / 108M, Empty: 106M, Relocated: 0M, In-Place: 0
[2024-07-24T23:00:46.148+0800][6.569s][gc,reloc    ] GC(85) Forwarding Usage: 0M
[2024-07-24T23:00:46.148+0800][6.569s][gc,heap     ] GC(85) Min Capacity: 8M(6%)
[2024-07-24T23:00:46.148+0800][6.569s][gc,heap     ] GC(85) Max Capacity: 128M(100%)
[2024-07-24T23:00:46.148+0800][6.569s][gc,heap     ] GC(85) Soft Max Capacity: 128M(100%)
[2024-07-24T23:00:46.148+0800][6.569s][gc,heap     ] GC(85)                Mark Start          Mark End        Relocate Start      Relocate End           High               Low         
[2024-07-24T23:00:46.148+0800][6.569s][gc,heap     ] GC(85)  Capacity:      128M (100%)        128M (100%)        128M (100%)        128M (100%)        128M (100%)        128M (100%)   
[2024-07-24T23:00:46.148+0800][6.569s][gc,heap     ] GC(85)      Free:       16M (12%)           2M (2%)          110M (86%)         110M (86%)         110M (86%)           2M (2%)     
[2024-07-24T23:00:46.148+0800][6.569s][gc,heap     ] GC(85)      Used:      112M (88%)         126M (98%)          18M (14%)          18M (14%)         126M (98%)          18M (14%)    
[2024-07-24T23:00:46.148+0800][6.569s][gc,heap     ] GC(85)      Live:         -                 3M (3%)            3M (3%)            3M (3%)             -                  -          
[2024-07-24T23:00:46.148+0800][6.569s][gc,heap     ] GC(85) Allocated:         -                14M (11%)          14M (11%)          14M (11%)            -                  -          
[2024-07-24T23:00:46.148+0800][6.569s][gc,heap     ] GC(85)   Garbage:         -               108M (85%)           0M (1%)            0M (1%)             -                  -          
[2024-07-24T23:00:46.148+0800][6.569s][gc,heap     ] GC(85) Reclaimed:         -                  -               108M (84%)         108M (84%)            -                  -          
[2024-07-24T23:00:46.148+0800][6.569s][gc          ] GC(85) Garbage Collection (Allocation Stall) 112M(88%)->18M(14%)
[2024-07-24T23:00:46.235+0800][6.657s][gc,start    ] GC(86) Garbage Collection (Allocation Rate)
[2024-07-24T23:00:46.235+0800][6.657s][gc,task     ] GC(86) Using 1 workers
[2024-07-24T23:00:46.235+0800][6.658s][gc,phases   ] GC(86) Pause Mark Start 0.019ms
[2024-07-24T23:00:46.238+0800][6.660s][gc,phases   ] GC(86) Concurrent Mark 2.204ms
[2024-07-24T23:00:46.238+0800][6.660s][gc,phases   ] GC(86) Pause Mark End 0.007ms
[2024-07-24T23:00:46.238+0800][6.660s][gc,phases   ] GC(86) Concurrent Mark Free 0.001ms
[2024-07-24T23:00:46.239+0800][6.661s][gc,phases   ] GC(86) Concurrent Process Non-Strong References 0.926ms
[2024-07-24T23:00:46.239+0800][6.661s][gc,phases   ] GC(86) Concurrent Reset Relocation Set 0.000ms
[2024-07-24T23:00:46.241+0800][6.663s][gc          ] Allocation Stall (main) 4.471ms
[2024-07-24T23:00:46.241+0800][6.663s][gc,phases   ] GC(86) Concurrent Select Relocation Set 1.934ms
[2024-07-24T23:00:46.241+0800][6.663s][gc,phases   ] GC(86) Pause Relocate Start 0.012ms
[2024-07-24T23:00:46.241+0800][6.664s][gc,phases   ] GC(86) Concurrent Relocate 0.109ms
[2024-07-24T23:00:46.242+0800][6.664s][gc,load     ] GC(86) Load: 0.00/0.00/0.00
[2024-07-24T23:00:46.242+0800][6.664s][gc,mmu      ] GC(86) MMU: 2ms/94.0%, 5ms/97.6%, 10ms/98.7%, 20ms/99.3%, 50ms/99.7%, 100ms/99.8%
[2024-07-24T23:00:46.242+0800][6.664s][gc,marking  ] GC(86) Mark: 1 stripe(s), 2 proactive flush(es), 1 terminate flush(es), 0 completion(s), 0 continuation(s) 
[2024-07-24T23:00:46.242+0800][6.664s][gc,marking  ] GC(86) Mark Stack Usage: 32M
[2024-07-24T23:00:46.242+0800][6.664s][gc,nmethod  ] GC(86) NMethods: 262 registered, 0 unregistered
[2024-07-24T23:00:46.242+0800][6.664s][gc,metaspace] GC(86) Metaspace: 0M used, 0M committed, 1088M reserved
[2024-07-24T23:00:46.242+0800][6.664s][gc,ref      ] GC(86) Soft: 62 encountered, 0 discovered, 0 enqueued
[2024-07-24T23:00:46.242+0800][6.664s][gc,ref      ] GC(86) Weak: 187 encountered, 170 discovered, 0 enqueued
[2024-07-24T23:00:46.242+0800][6.664s][gc,ref      ] GC(86) Final: 0 encountered, 0 discovered, 0 enqueued
[2024-07-24T23:00:46.242+0800][6.664s][gc,ref      ] GC(86) Phantom: 1 encountered, 0 discovered, 0 enqueued
[2024-07-24T23:00:46.242+0800][6.664s][gc,reloc    ] GC(86) Small Pages: 2 / 4M, Empty: 2M, Relocated: 0M, In-Place: 0
[2024-07-24T23:00:46.242+0800][6.664s][gc,reloc    ] GC(86) Medium Pages: 0 / 0M, Empty: 0M, Relocated: 0M, In-Place: 0
[2024-07-24T23:00:46.242+0800][6.664s][gc,reloc    ] GC(86) Large Pages: 61 / 122M, Empty: 94M, Relocated: 0M, In-Place: 0
[2024-07-24T23:00:46.242+0800][6.664s][gc,reloc    ] GC(86) Forwarding Usage: 0M
[2024-07-24T23:00:46.242+0800][6.664s][gc,heap     ] GC(86) Min Capacity: 8M(6%)
[2024-07-24T23:00:46.242+0800][6.664s][gc,heap     ] GC(86) Max Capacity: 128M(100%)
[2024-07-24T23:00:46.242+0800][6.664s][gc,heap     ] GC(86) Soft Max Capacity: 128M(100%)
[2024-07-24T23:00:46.242+0800][6.664s][gc,heap     ] GC(86)                Mark Start          Mark End        Relocate Start      Relocate End           High               Low         
[2024-07-24T23:00:46.242+0800][6.664s][gc,heap     ] GC(86)  Capacity:      128M (100%)        128M (100%)        128M (100%)        128M (100%)        128M (100%)        128M (100%)   
[2024-07-24T23:00:46.242+0800][6.664s][gc,heap     ] GC(86)      Free:        2M (2%)            0M (0%)           94M (73%)          90M (70%)          96M (75%)           0M (0%)     
[2024-07-24T23:00:46.242+0800][6.664s][gc,heap     ] GC(86)      Used:      126M (98%)         128M (100%)         34M (27%)          38M (30%)         128M (100%)         32M (25%)    
[2024-07-24T23:00:46.242+0800][6.664s][gc,heap     ] GC(86)      Live:         -                29M (23%)          29M (23%)          29M (23%)            -                  -          
[2024-07-24T23:00:46.242+0800][6.664s][gc,heap     ] GC(86) Allocated:         -                 2M (2%)            4M (3%)            8M (6%)             -                  -          
[2024-07-24T23:00:46.242+0800][6.664s][gc,heap     ] GC(86)   Garbage:         -                96M (76%)           0M (1%)            0M (1%)             -                  -          
[2024-07-24T23:00:46.242+0800][6.664s][gc,heap     ] GC(86) Reclaimed:         -                  -                96M (75%)          96M (75%)            -                  -          
[2024-07-24T23:00:46.242+0800][6.664s][gc          ] GC(86) Garbage Collection (Allocation Rate) 126M(98%)->38M(30%)
[2024-07-24T23:00:46.330+0800][6.751s][gc,start    ] GC(87) Garbage Collection (Allocation Stall)
[2024-07-24T23:00:46.330+0800][6.752s][gc,ref      ] GC(87) Clearing All SoftReferences
[2024-07-24T23:00:46.330+0800][6.752s][gc,task     ] GC(87) Using 1 workers
[2024-07-24T23:00:46.330+0800][6.752s][gc,ref      ] GC(87) Clearing All SoftReferences
[2024-07-24T23:00:46.330+0800][6.752s][gc,phases   ] GC(87) Pause Mark Start 0.044ms
[2024-07-24T23:00:46.332+0800][6.754s][gc,phases   ] GC(87) Concurrent Mark 1.983ms
[2024-07-24T23:00:46.332+0800][6.754s][gc,phases   ] GC(87) Pause Mark End 0.013ms
[2024-07-24T23:00:46.332+0800][6.754s][gc,phases   ] GC(87) Concurrent Mark Free 0.001ms
[2024-07-24T23:00:46.333+0800][6.755s][gc,phases   ] GC(87) Concurrent Process Non-Strong References 0.870ms
[2024-07-24T23:00:46.333+0800][6.755s][gc,phases   ] GC(87) Concurrent Reset Relocation Set 0.000ms
[2024-07-24T23:00:46.335+0800][6.757s][gc          ] Allocation Stall (main) 5.270ms
[2024-07-24T23:00:46.335+0800][6.757s][gc,phases   ] GC(87) Concurrent Select Relocation Set 1.557ms
[2024-07-24T23:00:46.335+0800][6.757s][gc,phases   ] GC(87) Pause Relocate Start 0.035ms
[2024-07-24T23:00:46.335+0800][6.757s][gc,phases   ] GC(87) Concurrent Relocate 0.108ms
[2024-07-24T23:00:46.335+0800][6.757s][gc,load     ] GC(87) Load: 0.00/0.00/0.00
[2024-07-24T23:00:46.335+0800][6.757s][gc,mmu      ] GC(87) MMU: 2ms/94.0%, 5ms/97.6%, 10ms/98.7%, 20ms/99.3%, 50ms/99.7%, 100ms/99.8%
[2024-07-24T23:00:46.335+0800][6.757s][gc,marking  ] GC(87) Mark: 1 stripe(s), 1 proactive flush(es), 1 terminate flush(es), 0 completion(s), 0 continuation(s) 
[2024-07-24T23:00:46.335+0800][6.758s][gc,marking  ] GC(87) Mark Stack Usage: 32M
[2024-07-24T23:00:46.335+0800][6.758s][gc,nmethod  ] GC(87) NMethods: 262 registered, 0 unregistered
[2024-07-24T23:00:46.335+0800][6.758s][gc,metaspace] GC(87) Metaspace: 0M used, 0M committed, 1088M reserved
[2024-07-24T23:00:46.335+0800][6.758s][gc,ref      ] GC(87) Soft: 62 encountered, 37 discovered, 0 enqueued
[2024-07-24T23:00:46.335+0800][6.758s][gc,ref      ] GC(87) Weak: 187 encountered, 170 discovered, 0 enqueued
[2024-07-24T23:00:46.335+0800][6.758s][gc,ref      ] GC(87) Final: 0 encountered, 0 discovered, 0 enqueued
[2024-07-24T23:00:46.335+0800][6.758s][gc,ref      ] GC(87) Phantom: 1 encountered, 0 discovered, 0 enqueued
[2024-07-24T23:00:46.335+0800][6.758s][gc,reloc    ] GC(87) Small Pages: 2 / 4M, Empty: 2M, Relocated: 0M, In-Place: 0
[2024-07-24T23:00:46.335+0800][6.758s][gc,reloc    ] GC(87) Medium Pages: 0 / 0M, Empty: 0M, Relocated: 0M, In-Place: 0
[2024-07-24T23:00:46.335+0800][6.758s][gc,reloc    ] GC(87) Large Pages: 62 / 124M, Empty: 120M, Relocated: 0M, In-Place: 0
[2024-07-24T23:00:46.335+0800][6.758s][gc,reloc    ] GC(87) Forwarding Usage: 0M
[2024-07-24T23:00:46.335+0800][6.758s][gc,heap     ] GC(87) Min Capacity: 8M(6%)
[2024-07-24T23:00:46.335+0800][6.758s][gc,heap     ] GC(87) Max Capacity: 128M(100%)
[2024-07-24T23:00:46.335+0800][6.758s][gc,heap     ] GC(87) Soft Max Capacity: 128M(100%)
[2024-07-24T23:00:46.335+0800][6.758s][gc,heap     ] GC(87)                Mark Start          Mark End        Relocate Start      Relocate End           High               Low         
[2024-07-24T23:00:46.336+0800][6.758s][gc,heap     ] GC(87)  Capacity:      128M (100%)        128M (100%)        128M (100%)        128M (100%)        128M (100%)        128M (100%)   
[2024-07-24T23:00:46.336+0800][6.758s][gc,heap     ] GC(87)      Free:        0M (0%)            0M (0%)          120M (94%)         120M (94%)         122M (95%)           0M (0%)     
[2024-07-24T23:00:46.336+0800][6.758s][gc,heap     ] GC(87)      Used:      128M (100%)        128M (100%)          8M (6%)            8M (6%)          128M (100%)          6M (5%)     
[2024-07-24T23:00:46.336+0800][6.758s][gc,heap     ] GC(87)      Live:         -                 5M (4%)            5M (4%)            5M (4%)             -                  -          
[2024-07-24T23:00:46.336+0800][6.758s][gc,heap     ] GC(87) Allocated:         -                 0M (0%)            2M (2%)            2M (2%)             -                  -          
[2024-07-24T23:00:46.336+0800][6.758s][gc,heap     ] GC(87)   Garbage:         -               122M (96%)           0M (1%)            0M (1%)             -                  -          
[2024-07-24T23:00:46.336+0800][6.758s][gc,heap     ] GC(87) Reclaimed:         -                  -               122M (95%)         122M (95%)            -                  -          
[2024-07-24T23:00:46.336+0800][6.758s][gc          ] GC(87) Garbage Collection (Allocation Stall) 128M(100%)->8M(6%)
[2024-07-24T23:00:46.346+0800][6.767s][gc,start    ] GC(88) Garbage Collection (Allocation Rate)
[2024-07-24T23:00:46.346+0800][6.767s][gc,task     ] GC(88) Using 1 workers
[2024-07-24T23:00:46.346+0800][6.768s][gc,phases   ] GC(88) Pause Mark Start 0.022ms
[2024-07-24T23:00:46.348+0800][6.770s][gc,phases   ] GC(88) Concurrent Mark 2.293ms
[2024-07-24T23:00:46.348+0800][6.770s][gc,phases   ] GC(88) Pause Mark End 0.008ms
[2024-07-24T23:00:46.348+0800][6.770s][gc,phases   ] GC(88) Concurrent Mark Free 0.001ms
[2024-07-24T23:00:46.349+0800][6.771s][gc,phases   ] GC(88) Concurrent Process Non-Strong References 0.942ms
[2024-07-24T23:00:46.349+0800][6.771s][gc,phases   ] GC(88) Concurrent Reset Relocation Set 0.000ms
[2024-07-24T23:00:46.351+0800][6.773s][gc,phases   ] GC(88) Concurrent Select Relocation Set 1.533ms
[2024-07-24T23:00:46.351+0800][6.773s][gc,phases   ] GC(88) Pause Relocate Start 0.005ms
[2024-07-24T23:00:46.353+0800][6.775s][gc,phases   ] GC(88) Concurrent Relocate 1.780ms
[2024-07-24T23:00:46.353+0800][6.775s][gc,load     ] GC(88) Load: 0.00/0.00/0.00
[2024-07-24T23:00:46.353+0800][6.775s][gc,mmu      ] GC(88) MMU: 2ms/94.0%, 5ms/97.6%, 10ms/98.7%, 20ms/99.3%, 50ms/99.7%, 100ms/99.8%
[2024-07-24T23:00:46.353+0800][6.775s][gc,marking  ] GC(88) Mark: 1 stripe(s), 1 proactive flush(es), 1 terminate flush(es), 0 completion(s), 0 continuation(s) 
[2024-07-24T23:00:46.353+0800][6.775s][gc,marking  ] GC(88) Mark Stack Usage: 32M
[2024-07-24T23:00:46.353+0800][6.775s][gc,nmethod  ] GC(88) NMethods: 267 registered, 0 unregistered
[2024-07-24T23:00:46.353+0800][6.775s][gc,metaspace] GC(88) Metaspace: 0M used, 0M committed, 1088M reserved
[2024-07-24T23:00:46.353+0800][6.775s][gc,ref      ] GC(88) Soft: 62 encountered, 0 discovered, 0 enqueued
[2024-07-24T23:00:46.353+0800][6.775s][gc,ref      ] GC(88) Weak: 187 encountered, 170 discovered, 0 enqueued
[2024-07-24T23:00:46.353+0800][6.775s][gc,ref      ] GC(88) Final: 0 encountered, 0 discovered, 0 enqueued
[2024-07-24T23:00:46.353+0800][6.775s][gc,ref      ] GC(88) Phantom: 1 encountered, 0 discovered, 0 enqueued
[2024-07-24T23:00:46.353+0800][6.775s][gc,reloc    ] GC(88) Small Pages: 2 / 4M, Empty: 0M, Relocated: 1M, In-Place: 0
[2024-07-24T23:00:46.353+0800][6.775s][gc,reloc    ] GC(88) Medium Pages: 0 / 0M, Empty: 0M, Relocated: 0M, In-Place: 0
[2024-07-24T23:00:46.353+0800][6.775s][gc,reloc    ] GC(88) Large Pages: 10 / 20M, Empty: 0M, Relocated: 0M, In-Place: 0
[2024-07-24T23:00:46.353+0800][6.775s][gc,reloc    ] GC(88) Forwarding Usage: 0M
[2024-07-24T23:00:46.353+0800][6.775s][gc,heap     ] GC(88) Min Capacity: 8M(6%)
[2024-07-24T23:00:46.353+0800][6.775s][gc,heap     ] GC(88) Max Capacity: 128M(100%)
[2024-07-24T23:00:46.353+0800][6.775s][gc,heap     ] GC(88) Soft Max Capacity: 128M(100%)
[2024-07-24T23:00:46.353+0800][6.775s][gc,heap     ] GC(88)                Mark Start          Mark End        Relocate Start      Relocate End           High               Low         
[2024-07-24T23:00:46.353+0800][6.775s][gc,heap     ] GC(88)  Capacity:      128M (100%)        128M (100%)        128M (100%)        128M (100%)        128M (100%)        128M (100%)   
[2024-07-24T23:00:46.353+0800][6.775s][gc,heap     ] GC(88)      Free:      104M (81%)         104M (81%)         104M (81%)         106M (83%)         106M (83%)         102M (80%)    
[2024-07-24T23:00:46.353+0800][6.775s][gc,heap     ] GC(88)      Used:       24M (19%)          24M (19%)          24M (19%)          22M (17%)          26M (20%)          22M (17%)    
[2024-07-24T23:00:46.353+0800][6.776s][gc,heap     ] GC(88)      Live:         -                21M (17%)          21M (17%)          21M (17%)            -                  -          
[2024-07-24T23:00:46.353+0800][6.776s][gc,heap     ] GC(88) Allocated:         -                 0M (0%)            0M (0%)            0M (0%)             -                  -          
[2024-07-24T23:00:46.353+0800][6.776s][gc,heap     ] GC(88)   Garbage:         -                 2M (2%)            2M (2%)            0M (1%)             -                  -          
[2024-07-24T23:00:46.353+0800][6.776s][gc,heap     ] GC(88) Reclaimed:         -                  -                 0M (0%)            2M (2%)             -                  -          
[2024-07-24T23:00:46.353+0800][6.776s][gc          ] GC(88) Garbage Collection (Allocation Rate) 24M(19%)->22M(17%)
[2024-07-24T23:00:46.440+0800][6.861s][gc,start    ] GC(89) Garbage Collection (Allocation Rate)
[2024-07-24T23:00:46.440+0800][6.861s][gc,task     ] GC(89) Using 1 workers
[2024-07-24T23:00:46.440+0800][6.862s][gc,phases   ] GC(89) Pause Mark Start 0.011ms
[2024-07-24T23:00:46.444+0800][6.865s][gc,phases   ] GC(89) Concurrent Mark 3.504ms
[2024-07-24T23:00:46.444+0800][6.866s][gc,phases   ] GC(89) Pause Mark End 0.007ms
[2024-07-24T23:00:46.444+0800][6.866s][gc,phases   ] GC(89) Concurrent Mark Free 0.001ms
[2024-07-24T23:00:46.445+0800][6.867s][gc,phases   ] GC(89) Concurrent Process Non-Strong References 0.958ms
[2024-07-24T23:00:46.445+0800][6.867s][gc,phases   ] GC(89) Concurrent Reset Relocation Set 0.001ms
[2024-07-24T23:00:46.447+0800][6.868s][gc          ] Allocation Stall (main) 5.688ms
[2024-07-24T23:00:46.447+0800][6.868s][gc,phases   ] GC(89) Concurrent Select Relocation Set 1.423ms
[2024-07-24T23:00:46.447+0800][6.868s][gc,phases   ] GC(89) Pause Relocate Start 0.004ms
[2024-07-24T23:00:46.447+0800][6.869s][gc,phases   ] GC(89) Concurrent Relocate 0.114ms
[2024-07-24T23:00:46.447+0800][6.869s][gc,load     ] GC(89) Load: 0.00/0.00/0.00
[2024-07-24T23:00:46.447+0800][6.869s][gc,mmu      ] GC(89) MMU: 2ms/94.0%, 5ms/97.6%, 10ms/98.7%, 20ms/99.3%, 50ms/99.7%, 100ms/99.8%
[2024-07-24T23:00:46.447+0800][6.869s][gc,marking  ] GC(89) Mark: 1 stripe(s), 2 proactive flush(es), 1 terminate flush(es), 0 completion(s), 0 continuation(s) 
[2024-07-24T23:00:46.447+0800][6.869s][gc,marking  ] GC(89) Mark Stack Usage: 32M
[2024-07-24T23:00:46.447+0800][6.869s][gc,nmethod  ] GC(89) NMethods: 267 registered, 0 unregistered
[2024-07-24T23:00:46.447+0800][6.869s][gc,metaspace] GC(89) Metaspace: 0M used, 0M committed, 1088M reserved
[2024-07-24T23:00:46.447+0800][6.869s][gc,ref      ] GC(89) Soft: 62 encountered, 0 discovered, 0 enqueued
[2024-07-24T23:00:46.447+0800][6.869s][gc,ref      ] GC(89) Weak: 187 encountered, 170 discovered, 0 enqueued
[2024-07-24T23:00:46.447+0800][6.869s][gc,ref      ] GC(89) Final: 0 encountered, 0 discovered, 0 enqueued
[2024-07-24T23:00:46.447+0800][6.869s][gc,ref      ] GC(89) Phantom: 1 encountered, 0 discovered, 0 enqueued
[2024-07-24T23:00:46.447+0800][6.869s][gc,reloc    ] GC(89) Small Pages: 2 / 4M, Empty: 2M, Relocated: 0M, In-Place: 0
[2024-07-24T23:00:46.447+0800][6.869s][gc,reloc    ] GC(89) Medium Pages: 0 / 0M, Empty: 0M, Relocated: 0M, In-Place: 0
[2024-07-24T23:00:46.447+0800][6.869s][gc,reloc    ] GC(89) Large Pages: 62 / 124M, Empty: 120M, Relocated: 0M, In-Place: 0
[2024-07-24T23:00:46.447+0800][6.869s][gc,reloc    ] GC(89) Forwarding Usage: 0M
[2024-07-24T23:00:46.447+0800][6.869s][gc,heap     ] GC(89) Min Capacity: 8M(6%)
[2024-07-24T23:00:46.448+0800][6.869s][gc,heap     ] GC(89) Max Capacity: 128M(100%)
[2024-07-24T23:00:46.448+0800][6.869s][gc,heap     ] GC(89) Soft Max Capacity: 128M(100%)
[2024-07-24T23:00:46.448+0800][6.869s][gc,heap     ] GC(89)                Mark Start          Mark End        Relocate Start      Relocate End           High               Low         
[2024-07-24T23:00:46.448+0800][6.869s][gc,heap     ] GC(89)  Capacity:      128M (100%)        128M (100%)        128M (100%)        128M (100%)        128M (100%)        128M (100%)   
[2024-07-24T23:00:46.448+0800][6.869s][gc,heap     ] GC(89)      Free:        0M (0%)            0M (0%)          120M (94%)         114M (89%)         122M (95%)           0M (0%)     
[2024-07-24T23:00:46.448+0800][6.869s][gc,heap     ] GC(89)      Used:      128M (100%)        128M (100%)          8M (6%)           14M (11%)         128M (100%)          6M (5%)     
[2024-07-24T23:00:46.448+0800][6.869s][gc,heap     ] GC(89)      Live:         -                 5M (4%)            5M (4%)            5M (4%)             -                  -          
[2024-07-24T23:00:46.448+0800][6.869s][gc,heap     ] GC(89) Allocated:         -                 0M (0%)            2M (2%)            8M (6%)             -                  -          
[2024-07-24T23:00:46.448+0800][6.869s][gc,heap     ] GC(89)   Garbage:         -               122M (96%)           0M (1%)            0M (1%)             -                  -          
[2024-07-24T23:00:46.448+0800][6.869s][gc,heap     ] GC(89) Reclaimed:         -                  -               122M (95%)         122M (95%)            -                  -          
[2024-07-24T23:00:46.448+0800][6.869s][gc          ] GC(89) Garbage Collection (Allocation Rate) 128M(100%)->14M(11%)
[2024-07-24T23:00:46.548+0800][6.970s][gc,start    ] GC(90) Garbage Collection (Allocation Stall)
[2024-07-24T23:00:46.549+0800][6.970s][gc,ref      ] GC(90) Clearing All SoftReferences
[2024-07-24T23:00:46.549+0800][6.970s][gc,task     ] GC(90) Using 1 workers
[2024-07-24T23:00:46.549+0800][6.970s][gc,ref      ] GC(90) Clearing All SoftReferences
[2024-07-24T23:00:46.549+0800][6.970s][gc,phases   ] GC(90) Pause Mark Start 0.085ms
[2024-07-24T23:00:46.551+0800][6.973s][gc,phases   ] GC(90) Concurrent Mark 2.263ms
[2024-07-24T23:00:46.551+0800][6.973s][gc,phases   ] GC(90) Pause Mark End 0.008ms
[2024-07-24T23:00:46.551+0800][6.973s][gc,phases   ] GC(90) Concurrent Mark Free 0.001ms
[2024-07-24T23:00:46.552+0800][6.974s][gc,phases   ] GC(90) Concurrent Process Non-Strong References 0.917ms
[2024-07-24T23:00:46.552+0800][6.974s][gc,phases   ] GC(90) Concurrent Reset Relocation Set 0.000ms
[2024-07-24T23:00:46.554+0800][6.975s][gc          ] Allocation Stall (main) 5.365ms
[2024-07-24T23:00:46.554+0800][6.975s][gc,phases   ] GC(90) Concurrent Select Relocation Set 1.486ms
[2024-07-24T23:00:46.554+0800][6.976s][gc,phases   ] GC(90) Pause Relocate Start 0.006ms
[2024-07-24T23:00:46.554+0800][6.976s][gc,phases   ] GC(90) Concurrent Relocate 0.100ms
[2024-07-24T23:00:46.554+0800][6.976s][gc,load     ] GC(90) Load: 0.00/0.00/0.00
[2024-07-24T23:00:46.554+0800][6.976s][gc,mmu      ] GC(90) MMU: 2ms/94.0%, 5ms/97.6%, 10ms/98.7%, 20ms/99.3%, 50ms/99.7%, 100ms/99.8%
[2024-07-24T23:00:46.554+0800][6.976s][gc,marking  ] GC(90) Mark: 1 stripe(s), 1 proactive flush(es), 1 terminate flush(es), 0 completion(s), 0 continuation(s) 
[2024-07-24T23:00:46.554+0800][6.976s][gc,marking  ] GC(90) Mark Stack Usage: 32M
[2024-07-24T23:00:46.554+0800][6.976s][gc,nmethod  ] GC(90) NMethods: 273 registered, 0 unregistered
[2024-07-24T23:00:46.554+0800][6.976s][gc,metaspace] GC(90) Metaspace: 0M used, 0M committed, 1088M reserved
[2024-07-24T23:00:46.554+0800][6.976s][gc,ref      ] GC(90) Soft: 62 encountered, 37 discovered, 0 enqueued
[2024-07-24T23:00:46.554+0800][6.976s][gc,ref      ] GC(90) Weak: 187 encountered, 170 discovered, 0 enqueued
[2024-07-24T23:00:46.554+0800][6.976s][gc,ref      ] GC(90) Final: 0 encountered, 0 discovered, 0 enqueued
[2024-07-24T23:00:46.554+0800][6.976s][gc,ref      ] GC(90) Phantom: 1 encountered, 0 discovered, 0 enqueued
[2024-07-24T23:00:46.554+0800][6.976s][gc,reloc    ] GC(90) Small Pages: 2 / 4M, Empty: 2M, Relocated: 0M, In-Place: 0
[2024-07-24T23:00:46.554+0800][6.976s][gc,reloc    ] GC(90) Medium Pages: 0 / 0M, Empty: 0M, Relocated: 0M, In-Place: 0
[2024-07-24T23:00:46.554+0800][6.976s][gc,reloc    ] GC(90) Large Pages: 62 / 124M, Empty: 120M, Relocated: 0M, In-Place: 0
[2024-07-24T23:00:46.554+0800][6.976s][gc,reloc    ] GC(90) Forwarding Usage: 0M
[2024-07-24T23:00:46.554+0800][6.976s][gc,heap     ] GC(90) Min Capacity: 8M(6%)
[2024-07-24T23:00:46.554+0800][6.976s][gc,heap     ] GC(90) Max Capacity: 128M(100%)
[2024-07-24T23:00:46.555+0800][6.976s][gc,heap     ] GC(90) Soft Max Capacity: 128M(100%)
[2024-07-24T23:00:46.555+0800][6.976s][gc,heap     ] GC(90)                Mark Start          Mark End        Relocate Start      Relocate End           High               Low         
[2024-07-24T23:00:46.555+0800][6.976s][gc,heap     ] GC(90)  Capacity:      128M (100%)        128M (100%)        128M (100%)        128M (100%)        128M (100%)        128M (100%)   
[2024-07-24T23:00:46.555+0800][6.976s][gc,heap     ] GC(90)      Free:        0M (0%)            0M (0%)          118M (92%)         112M (88%)         122M (95%)           0M (0%)     
[2024-07-24T23:00:46.555+0800][6.976s][gc,heap     ] GC(90)      Used:      128M (100%)        128M (100%)         10M (8%)           16M (12%)         128M (100%)          6M (5%)     
[2024-07-24T23:00:46.555+0800][6.976s][gc,heap     ] GC(90)      Live:         -                 5M (4%)            5M (4%)            5M (4%)             -                  -          
[2024-07-24T23:00:46.555+0800][6.976s][gc,heap     ] GC(90) Allocated:         -                 0M (0%)            4M (3%)           10M (8%)             -                  -          
[2024-07-24T23:00:46.555+0800][6.976s][gc,heap     ] GC(90)   Garbage:         -               122M (96%)           0M (1%)            0M (1%)             -                  -          
[2024-07-24T23:00:46.555+0800][6.976s][gc,heap     ] GC(90) Reclaimed:         -                  -               122M (95%)         122M (95%)            -                  -          
[2024-07-24T23:00:46.555+0800][6.976s][gc          ] GC(90) Garbage Collection (Allocation Stall) 128M(100%)->16M(12%)
[2024-07-24T23:00:46.643+0800][7.065s][gc,start    ] GC(91) Garbage Collection (Allocation Rate)
[2024-07-24T23:00:46.644+0800][7.065s][gc,task     ] GC(91) Using 1 workers
[2024-07-24T23:00:46.644+0800][7.066s][gc,phases   ] GC(91) Pause Mark Start 0.017ms
[2024-07-24T23:00:46.646+0800][7.068s][gc,phases   ] GC(91) Concurrent Mark 2.458ms
[2024-07-24T23:00:46.647+0800][7.068s][gc,phases   ] GC(91) Pause Mark End 0.010ms
[2024-07-24T23:00:46.647+0800][7.068s][gc,phases   ] GC(91) Concurrent Mark Free 0.001ms
[2024-07-24T23:00:46.648+0800][7.069s][gc,phases   ] GC(91) Concurrent Process Non-Strong References 0.875ms
[2024-07-24T23:00:46.648+0800][7.069s][gc,phases   ] GC(91) Concurrent Reset Relocation Set 0.000ms
[2024-07-24T23:00:46.649+0800][7.071s][gc,phases   ] GC(91) Concurrent Select Relocation Set 1.652ms
[2024-07-24T23:00:46.649+0800][7.071s][gc,phases   ] GC(91) Pause Relocate Start 0.008ms
[2024-07-24T23:00:46.650+0800][7.072s][gc,phases   ] GC(91) Concurrent Relocate 0.113ms
[2024-07-24T23:00:46.650+0800][7.072s][gc,load     ] GC(91) Load: 0.00/0.00/0.00
[2024-07-24T23:00:46.650+0800][7.072s][gc,mmu      ] GC(91) MMU: 2ms/94.0%, 5ms/97.6%, 10ms/98.7%, 20ms/99.3%, 50ms/99.7%, 100ms/99.8%
[2024-07-24T23:00:46.650+0800][7.072s][gc,marking  ] GC(91) Mark: 1 stripe(s), 2 proactive flush(es), 1 terminate flush(es), 0 completion(s), 0 continuation(s) 
[2024-07-24T23:00:46.650+0800][7.072s][gc,marking  ] GC(91) Mark Stack Usage: 32M
[2024-07-24T23:00:46.650+0800][7.072s][gc,nmethod  ] GC(91) NMethods: 273 registered, 0 unregistered
[2024-07-24T23:00:46.650+0800][7.072s][gc,metaspace] GC(91) Metaspace: 0M used, 0M committed, 1088M reserved
[2024-07-24T23:00:46.650+0800][7.072s][gc,ref      ] GC(91) Soft: 62 encountered, 0 discovered, 0 enqueued
[2024-07-24T23:00:46.650+0800][7.072s][gc,ref      ] GC(91) Weak: 187 encountered, 170 discovered, 0 enqueued
[2024-07-24T23:00:46.650+0800][7.072s][gc,ref      ] GC(91) Final: 0 encountered, 0 discovered, 0 enqueued
[2024-07-24T23:00:46.650+0800][7.072s][gc,ref      ] GC(91) Phantom: 1 encountered, 0 discovered, 0 enqueued
[2024-07-24T23:00:46.650+0800][7.072s][gc,reloc    ] GC(91) Small Pages: 2 / 4M, Empty: 2M, Relocated: 0M, In-Place: 0
[2024-07-24T23:00:46.650+0800][7.072s][gc,reloc    ] GC(91) Medium Pages: 0 / 0M, Empty: 0M, Relocated: 0M, In-Place: 0
[2024-07-24T23:00:46.650+0800][7.072s][gc,reloc    ] GC(91) Large Pages: 54 / 108M, Empty: 106M, Relocated: 0M, In-Place: 0
[2024-07-24T23:00:46.650+0800][7.072s][gc,reloc    ] GC(91) Forwarding Usage: 0M
[2024-07-24T23:00:46.650+0800][7.072s][gc,heap     ] GC(91) Min Capacity: 8M(6%)
[2024-07-24T23:00:46.650+0800][7.072s][gc,heap     ] GC(91) Max Capacity: 128M(100%)
[2024-07-24T23:00:46.650+0800][7.072s][gc,heap     ] GC(91) Soft Max Capacity: 128M(100%)
[2024-07-24T23:00:46.650+0800][7.072s][gc,heap     ] GC(91)                Mark Start          Mark End        Relocate Start      Relocate End           High               Low         
[2024-07-24T23:00:46.650+0800][7.072s][gc,heap     ] GC(91)  Capacity:      128M (100%)        128M (100%)        128M (100%)        128M (100%)        128M (100%)        128M (100%)   
[2024-07-24T23:00:46.650+0800][7.072s][gc,heap     ] GC(91)      Free:       16M (12%)           2M (2%)          110M (86%)         110M (86%)         110M (86%)           2M (2%)     
[2024-07-24T23:00:46.650+0800][7.072s][gc,heap     ] GC(91)      Used:      112M (88%)         126M (98%)          18M (14%)          18M (14%)         126M (98%)          18M (14%)    
[2024-07-24T23:00:46.650+0800][7.072s][gc,heap     ] GC(91)      Live:         -                 3M (3%)            3M (3%)            3M (3%)             -                  -          
[2024-07-24T23:00:46.650+0800][7.072s][gc,heap     ] GC(91) Allocated:         -                14M (11%)          14M (11%)          14M (11%)            -                  -          
[2024-07-24T23:00:46.650+0800][7.072s][gc,heap     ] GC(91)   Garbage:         -               108M (85%)           0M (1%)            0M (1%)             -                  -          
[2024-07-24T23:00:46.650+0800][7.072s][gc,heap     ] GC(91) Reclaimed:         -                  -               108M (84%)         108M (84%)            -                  -          
[2024-07-24T23:00:46.650+0800][7.072s][gc          ] GC(91) Garbage Collection (Allocation Rate) 112M(88%)->18M(14%)
[2024-07-24T23:00:46.738+0800][7.160s][gc,start    ] GC(92) Garbage Collection (Allocation Rate)
[2024-07-24T23:00:46.738+0800][7.160s][gc,task     ] GC(92) Using 1 workers
[2024-07-24T23:00:46.738+0800][7.160s][gc,phases   ] GC(92) Pause Mark Start 0.014ms
[2024-07-24T23:00:46.741+0800][7.163s][gc,phases   ] GC(92) Concurrent Mark 2.145ms
[2024-07-24T23:00:46.741+0800][7.163s][gc,phases   ] GC(92) Pause Mark End 0.007ms
[2024-07-24T23:00:46.741+0800][7.163s][gc,phases   ] GC(92) Concurrent Mark Free 0.001ms
[2024-07-24T23:00:46.742+0800][7.164s][gc,phases   ] GC(92) Concurrent Process Non-Strong References 0.897ms
[2024-07-24T23:00:46.742+0800][7.164s][gc,phases   ] GC(92) Concurrent Reset Relocation Set 0.000ms
[2024-07-24T23:00:46.744+0800][7.165s][gc          ] Allocation Stall (main) 3.963ms
[2024-07-24T23:00:46.744+0800][7.165s][gc,phases   ] GC(92) Concurrent Select Relocation Set 1.666ms
[2024-07-24T23:00:46.744+0800][7.166s][gc,phases   ] GC(92) Pause Relocate Start 0.004ms
[2024-07-24T23:00:46.744+0800][7.166s][gc,phases   ] GC(92) Concurrent Relocate 0.115ms
[2024-07-24T23:00:46.744+0800][7.166s][gc,load     ] GC(92) Load: 0.00/0.00/0.00
[2024-07-24T23:00:46.744+0800][7.166s][gc,mmu      ] GC(92) MMU: 2ms/94.0%, 5ms/97.6%, 10ms/98.7%, 20ms/99.3%, 50ms/99.7%, 100ms/99.8%
[2024-07-24T23:00:46.744+0800][7.166s][gc,marking  ] GC(92) Mark: 1 stripe(s), 2 proactive flush(es), 1 terminate flush(es), 0 completion(s), 0 continuation(s) 
[2024-07-24T23:00:46.744+0800][7.166s][gc,marking  ] GC(92) Mark Stack Usage: 32M
[2024-07-24T23:00:46.744+0800][7.166s][gc,nmethod  ] GC(92) NMethods: 273 registered, 0 unregistered
[2024-07-24T23:00:46.744+0800][7.166s][gc,metaspace] GC(92) Metaspace: 0M used, 0M committed, 1088M reserved
[2024-07-24T23:00:46.744+0800][7.166s][gc,ref      ] GC(92) Soft: 62 encountered, 0 discovered, 0 enqueued
[2024-07-24T23:00:46.744+0800][7.166s][gc,ref      ] GC(92) Weak: 187 encountered, 170 discovered, 0 enqueued
[2024-07-24T23:00:46.744+0800][7.166s][gc,ref      ] GC(92) Final: 0 encountered, 0 discovered, 0 enqueued
[2024-07-24T23:00:46.744+0800][7.166s][gc,ref      ] GC(92) Phantom: 1 encountered, 0 discovered, 0 enqueued
[2024-07-24T23:00:46.744+0800][7.166s][gc,reloc    ] GC(92) Small Pages: 2 / 4M, Empty: 2M, Relocated: 0M, In-Place: 0
[2024-07-24T23:00:46.744+0800][7.166s][gc,reloc    ] GC(92) Medium Pages: 0 / 0M, Empty: 0M, Relocated: 0M, In-Place: 0
[2024-07-24T23:00:46.744+0800][7.166s][gc,reloc    ] GC(92) Large Pages: 59 / 118M, Empty: 94M, Relocated: 0M, In-Place: 0
[2024-07-24T23:00:46.744+0800][7.166s][gc,reloc    ] GC(92) Forwarding Usage: 0M
[2024-07-24T23:00:46.744+0800][7.166s][gc,heap     ] GC(92) Min Capacity: 8M(6%)
[2024-07-24T23:00:46.744+0800][7.166s][gc,heap     ] GC(92) Max Capacity: 128M(100%)
[2024-07-24T23:00:46.744+0800][7.166s][gc,heap     ] GC(92) Soft Max Capacity: 128M(100%)
[2024-07-24T23:00:46.744+0800][7.166s][gc,heap     ] GC(92)                Mark Start          Mark End        Relocate Start      Relocate End           High               Low         
[2024-07-24T23:00:46.744+0800][7.166s][gc,heap     ] GC(92)  Capacity:      128M (100%)        128M (100%)        128M (100%)        128M (100%)        128M (100%)        128M (100%)   
[2024-07-24T23:00:46.745+0800][7.166s][gc,heap     ] GC(92)      Free:        6M (5%)            0M (0%)           92M (72%)          86M (67%)          96M (75%)           0M (0%)     
[2024-07-24T23:00:46.745+0800][7.166s][gc,heap     ] GC(92)      Used:      122M (95%)         128M (100%)         36M (28%)          42M (33%)         128M (100%)         32M (25%)    
[2024-07-24T23:00:46.745+0800][7.166s][gc,heap     ] GC(92)      Live:         -                25M (20%)          25M (20%)          25M (20%)            -                  -          
[2024-07-24T23:00:46.745+0800][7.166s][gc,heap     ] GC(92) Allocated:         -                 6M (5%)           10M (8%)           16M (12%)            -                  -          
[2024-07-24T23:00:46.745+0800][7.166s][gc,heap     ] GC(92)   Garbage:         -                96M (76%)           0M (1%)            0M (1%)             -                  -          
[2024-07-24T23:00:46.745+0800][7.166s][gc,heap     ] GC(92) Reclaimed:         -                  -                96M (75%)          96M (75%)            -                  -          
[2024-07-24T23:00:46.745+0800][7.166s][gc          ] GC(92) Garbage Collection (Allocation Rate) 122M(95%)->42M(33%)
[2024-07-24T23:00:46.832+0800][7.254s][gc,start    ] GC(93) Garbage Collection (Allocation Stall)
[2024-07-24T23:00:46.832+0800][7.254s][gc,ref      ] GC(93) Clearing All SoftReferences
[2024-07-24T23:00:46.832+0800][7.254s][gc,task     ] GC(93) Using 1 workers
[2024-07-24T23:00:46.833+0800][7.254s][gc,ref      ] GC(93) Clearing All SoftReferences
[2024-07-24T23:00:46.833+0800][7.254s][gc,phases   ] GC(93) Pause Mark Start 0.049ms
[2024-07-24T23:00:46.835+0800][7.256s][gc,phases   ] GC(93) Concurrent Mark 2.203ms
[2024-07-24T23:00:46.835+0800][7.257s][gc,phases   ] GC(93) Pause Mark End 0.008ms
[2024-07-24T23:00:46.835+0800][7.257s][gc,phases   ] GC(93) Concurrent Mark Free 0.001ms
[2024-07-24T23:00:46.836+0800][7.258s][gc,phases   ] GC(93) Concurrent Process Non-Strong References 1.085ms
[2024-07-24T23:00:46.836+0800][7.258s][gc,phases   ] GC(93) Concurrent Reset Relocation Set 0.000ms
[2024-07-24T23:00:46.838+0800][7.260s][gc          ] Allocation Stall (main) 6.002ms
[2024-07-24T23:00:46.838+0800][7.260s][gc,phases   ] GC(93) Concurrent Select Relocation Set 1.955ms
[2024-07-24T23:00:46.839+0800][7.260s][gc,phases   ] GC(93) Pause Relocate Start 0.010ms
[2024-07-24T23:00:46.839+0800][7.260s][gc,phases   ] GC(93) Concurrent Relocate 0.111ms
[2024-07-24T23:00:46.839+0800][7.260s][gc,load     ] GC(93) Load: 0.00/0.00/0.00
[2024-07-24T23:00:46.839+0800][7.260s][gc,mmu      ] GC(93) MMU: 2ms/94.0%, 5ms/97.6%, 10ms/98.7%, 20ms/99.3%, 50ms/99.7%, 100ms/99.8%
[2024-07-24T23:00:46.839+0800][7.260s][gc,marking  ] GC(93) Mark: 1 stripe(s), 1 proactive flush(es), 1 terminate flush(es), 0 completion(s), 0 continuation(s) 
[2024-07-24T23:00:46.839+0800][7.260s][gc,marking  ] GC(93) Mark Stack Usage: 32M
[2024-07-24T23:00:46.839+0800][7.260s][gc,nmethod  ] GC(93) NMethods: 273 registered, 0 unregistered
[2024-07-24T23:00:46.839+0800][7.260s][gc,metaspace] GC(93) Metaspace: 0M used, 0M committed, 1088M reserved
[2024-07-24T23:00:46.839+0800][7.261s][gc,ref      ] GC(93) Soft: 62 encountered, 37 discovered, 0 enqueued
[2024-07-24T23:00:46.839+0800][7.261s][gc,ref      ] GC(93) Weak: 187 encountered, 170 discovered, 0 enqueued
[2024-07-24T23:00:46.839+0800][7.261s][gc,ref      ] GC(93) Final: 0 encountered, 0 discovered, 0 enqueued
[2024-07-24T23:00:46.839+0800][7.261s][gc,ref      ] GC(93) Phantom: 1 encountered, 0 discovered, 0 enqueued
[2024-07-24T23:00:46.839+0800][7.261s][gc,reloc    ] GC(93) Small Pages: 2 / 4M, Empty: 2M, Relocated: 0M, In-Place: 0
[2024-07-24T23:00:46.839+0800][7.261s][gc,reloc    ] GC(93) Medium Pages: 0 / 0M, Empty: 0M, Relocated: 0M, In-Place: 0
[2024-07-24T23:00:46.839+0800][7.261s][gc,reloc    ] GC(93) Large Pages: 62 / 124M, Empty: 120M, Relocated: 0M, In-Place: 0
[2024-07-24T23:00:46.839+0800][7.261s][gc,reloc    ] GC(93) Forwarding Usage: 0M
[2024-07-24T23:00:46.839+0800][7.261s][gc,heap     ] GC(93) Min Capacity: 8M(6%)
[2024-07-24T23:00:46.839+0800][7.261s][gc,heap     ] GC(93) Max Capacity: 128M(100%)
[2024-07-24T23:00:46.839+0800][7.261s][gc,heap     ] GC(93) Soft Max Capacity: 128M(100%)
[2024-07-24T23:00:46.839+0800][7.261s][gc,heap     ] GC(93)                Mark Start          Mark End        Relocate Start      Relocate End           High               Low         
[2024-07-24T23:00:46.839+0800][7.261s][gc,heap     ] GC(93)  Capacity:      128M (100%)        128M (100%)        128M (100%)        128M (100%)        128M (100%)        128M (100%)   
[2024-07-24T23:00:46.839+0800][7.261s][gc,heap     ] GC(93)      Free:        0M (0%)            0M (0%)          120M (94%)         116M (91%)         122M (95%)           0M (0%)     
[2024-07-24T23:00:46.839+0800][7.261s][gc,heap     ] GC(93)      Used:      128M (100%)        128M (100%)          8M (6%)           12M (9%)          128M (100%)          6M (5%)     
[2024-07-24T23:00:46.839+0800][7.261s][gc,heap     ] GC(93)      Live:         -                 5M (4%)            5M (4%)            5M (4%)             -                  -          
[2024-07-24T23:00:46.840+0800][7.261s][gc,heap     ] GC(93) Allocated:         -                 0M (0%)            2M (2%)            6M (5%)             -                  -          
[2024-07-24T23:00:46.840+0800][7.261s][gc,heap     ] GC(93)   Garbage:         -               122M (96%)           0M (1%)            0M (1%)             -                  -          
[2024-07-24T23:00:46.840+0800][7.261s][gc,heap     ] GC(93) Reclaimed:         -                  -               122M (95%)         122M (95%)            -                  -          
[2024-07-24T23:00:46.840+0800][7.261s][gc          ] GC(93) Garbage Collection (Allocation Stall) 128M(100%)->12M(9%)
[2024-07-24T23:00:46.848+0800][7.269s][gc,start    ] GC(94) Garbage Collection (Allocation Rate)
[2024-07-24T23:00:46.848+0800][7.269s][gc,task     ] GC(94) Using 1 workers
[2024-07-24T23:00:46.848+0800][7.270s][gc,phases   ] GC(94) Pause Mark Start 0.024ms
[2024-07-24T23:00:46.850+0800][7.272s][gc,phases   ] GC(94) Concurrent Mark 2.009ms
[2024-07-24T23:00:46.851+0800][7.272s][gc,phases   ] GC(94) Pause Mark End 0.006ms
[2024-07-24T23:00:46.851+0800][7.272s][gc,phases   ] GC(94) Concurrent Mark Free 0.001ms
[2024-07-24T23:00:46.852+0800][7.273s][gc,phases   ] GC(94) Concurrent Process Non-Strong References 0.928ms
[2024-07-24T23:00:46.852+0800][7.273s][gc,phases   ] GC(94) Concurrent Reset Relocation Set 0.000ms
[2024-07-24T23:00:46.854+0800][7.275s][gc,phases   ] GC(94) Concurrent Select Relocation Set 1.899ms
[2024-07-24T23:00:46.854+0800][7.275s][gc,phases   ] GC(94) Pause Relocate Start 0.006ms
[2024-07-24T23:00:46.855+0800][7.276s][gc,phases   ] GC(94) Concurrent Relocate 0.924ms
[2024-07-24T23:00:46.855+0800][7.276s][gc,load     ] GC(94) Load: 0.00/0.00/0.00
[2024-07-24T23:00:46.855+0800][7.276s][gc,mmu      ] GC(94) MMU: 2ms/94.0%, 5ms/97.6%, 10ms/98.7%, 20ms/99.3%, 50ms/99.7%, 100ms/99.8%
[2024-07-24T23:00:46.855+0800][7.276s][gc,marking  ] GC(94) Mark: 1 stripe(s), 1 proactive flush(es), 1 terminate flush(es), 0 completion(s), 0 continuation(s) 
[2024-07-24T23:00:46.855+0800][7.276s][gc,marking  ] GC(94) Mark Stack Usage: 32M
[2024-07-24T23:00:46.855+0800][7.276s][gc,nmethod  ] GC(94) NMethods: 273 registered, 0 unregistered
[2024-07-24T23:00:46.855+0800][7.276s][gc,metaspace] GC(94) Metaspace: 0M used, 0M committed, 1088M reserved
[2024-07-24T23:00:46.855+0800][7.276s][gc,ref      ] GC(94) Soft: 62 encountered, 0 discovered, 0 enqueued
[2024-07-24T23:00:46.855+0800][7.276s][gc,ref      ] GC(94) Weak: 187 encountered, 170 discovered, 0 enqueued
[2024-07-24T23:00:46.855+0800][7.276s][gc,ref      ] GC(94) Final: 0 encountered, 0 discovered, 0 enqueued
[2024-07-24T23:00:46.855+0800][7.276s][gc,ref      ] GC(94) Phantom: 1 encountered, 0 discovered, 0 enqueued
[2024-07-24T23:00:46.855+0800][7.276s][gc,reloc    ] GC(94) Small Pages: 2 / 4M, Empty: 0M, Relocated: 1M, In-Place: 0
[2024-07-24T23:00:46.855+0800][7.276s][gc,reloc    ] GC(94) Medium Pages: 0 / 0M, Empty: 0M, Relocated: 0M, In-Place: 0
[2024-07-24T23:00:46.855+0800][7.276s][gc,reloc    ] GC(94) Large Pages: 10 / 20M, Empty: 0M, Relocated: 0M, In-Place: 0
[2024-07-24T23:00:46.855+0800][7.276s][gc,reloc    ] GC(94) Forwarding Usage: 0M
[2024-07-24T23:00:46.855+0800][7.277s][gc,heap     ] GC(94) Min Capacity: 8M(6%)
[2024-07-24T23:00:46.855+0800][7.277s][gc,heap     ] GC(94) Max Capacity: 128M(100%)
[2024-07-24T23:00:46.855+0800][7.277s][gc,heap     ] GC(94) Soft Max Capacity: 128M(100%)
[2024-07-24T23:00:46.855+0800][7.277s][gc,heap     ] GC(94)                Mark Start          Mark End        Relocate Start      Relocate End           High               Low         
[2024-07-24T23:00:46.855+0800][7.277s][gc,heap     ] GC(94)  Capacity:      128M (100%)        128M (100%)        128M (100%)        128M (100%)        128M (100%)        128M (100%)   
[2024-07-24T23:00:46.855+0800][7.277s][gc,heap     ] GC(94)      Free:      104M (81%)         104M (81%)         104M (81%)         106M (83%)         106M (83%)         102M (80%)    
[2024-07-24T23:00:46.855+0800][7.277s][gc,heap     ] GC(94)      Used:       24M (19%)          24M (19%)          24M (19%)          22M (17%)          26M (20%)          22M (17%)    
[2024-07-24T23:00:46.855+0800][7.277s][gc,heap     ] GC(94)      Live:         -                21M (17%)          21M (17%)          21M (17%)            -                  -          
[2024-07-24T23:00:46.855+0800][7.277s][gc,heap     ] GC(94) Allocated:         -                 0M (0%)            0M (0%)            0M (0%)             -                  -          
[2024-07-24T23:00:46.855+0800][7.277s][gc,heap     ] GC(94)   Garbage:         -                 2M (2%)            2M (2%)            0M (1%)             -                  -          
[2024-07-24T23:00:46.855+0800][7.277s][gc,heap     ] GC(94) Reclaimed:         -                  -                 0M (0%)            2M (2%)             -                  -          
[2024-07-24T23:00:46.855+0800][7.277s][gc          ] GC(94) Garbage Collection (Allocation Rate) 24M(19%)->22M(17%)
[2024-07-24T23:00:46.943+0800][7.364s][gc,start    ] GC(95) Garbage Collection (Allocation Rate)
[2024-07-24T23:00:46.943+0800][7.365s][gc,task     ] GC(95) Using 1 workers
[2024-07-24T23:00:46.944+0800][7.365s][gc,phases   ] GC(95) Pause Mark Start 0.007ms
[2024-07-24T23:00:46.947+0800][7.369s][gc,phases   ] GC(95) Concurrent Mark 3.455ms
[2024-07-24T23:00:46.948+0800][7.369s][gc,phases   ] GC(95) Pause Mark End 0.006ms
[2024-07-24T23:00:46.948+0800][7.369s][gc,phases   ] GC(95) Concurrent Mark Free 0.001ms
[2024-07-24T23:00:46.949+0800][7.370s][gc,phases   ] GC(95) Concurrent Process Non-Strong References 0.945ms
[2024-07-24T23:00:46.949+0800][7.370s][gc,phases   ] GC(95) Concurrent Reset Relocation Set 0.001ms
[2024-07-24T23:00:46.950+0800][7.372s][gc          ] Allocation Stall (main) 5.881ms
[2024-07-24T23:00:46.950+0800][7.372s][gc,phases   ] GC(95) Concurrent Select Relocation Set 1.665ms
[2024-07-24T23:00:46.951+0800][7.372s][gc,phases   ] GC(95) Pause Relocate Start 0.004ms
[2024-07-24T23:00:46.951+0800][7.372s][gc,phases   ] GC(95) Concurrent Relocate 0.116ms
[2024-07-24T23:00:46.951+0800][7.372s][gc,load     ] GC(95) Load: 0.00/0.00/0.00
[2024-07-24T23:00:46.951+0800][7.372s][gc,mmu      ] GC(95) MMU: 2ms/94.0%, 5ms/97.6%, 10ms/98.7%, 20ms/99.3%, 50ms/99.7%, 100ms/99.8%
[2024-07-24T23:00:46.951+0800][7.372s][gc,marking  ] GC(95) Mark: 1 stripe(s), 2 proactive flush(es), 1 terminate flush(es), 0 completion(s), 0 continuation(s) 
[2024-07-24T23:00:46.951+0800][7.372s][gc,marking  ] GC(95) Mark Stack Usage: 32M
[2024-07-24T23:00:46.951+0800][7.372s][gc,nmethod  ] GC(95) NMethods: 273 registered, 0 unregistered
[2024-07-24T23:00:46.951+0800][7.372s][gc,metaspace] GC(95) Metaspace: 0M used, 0M committed, 1088M reserved
[2024-07-24T23:00:46.951+0800][7.372s][gc,ref      ] GC(95) Soft: 62 encountered, 0 discovered, 0 enqueued
[2024-07-24T23:00:46.951+0800][7.372s][gc,ref      ] GC(95) Weak: 187 encountered, 170 discovered, 0 enqueued
[2024-07-24T23:00:46.951+0800][7.372s][gc,ref      ] GC(95) Final: 0 encountered, 0 discovered, 0 enqueued
[2024-07-24T23:00:46.951+0800][7.372s][gc,ref      ] GC(95) Phantom: 1 encountered, 0 discovered, 0 enqueued
[2024-07-24T23:00:46.951+0800][7.372s][gc,reloc    ] GC(95) Small Pages: 2 / 4M, Empty: 2M, Relocated: 0M, In-Place: 0
[2024-07-24T23:00:46.951+0800][7.372s][gc,reloc    ] GC(95) Medium Pages: 0 / 0M, Empty: 0M, Relocated: 0M, In-Place: 0
[2024-07-24T23:00:46.951+0800][7.372s][gc,reloc    ] GC(95) Large Pages: 62 / 124M, Empty: 120M, Relocated: 0M, In-Place: 0
[2024-07-24T23:00:46.951+0800][7.372s][gc,reloc    ] GC(95) Forwarding Usage: 0M
[2024-07-24T23:00:46.951+0800][7.372s][gc,heap     ] GC(95) Min Capacity: 8M(6%)
[2024-07-24T23:00:46.951+0800][7.372s][gc,heap     ] GC(95) Max Capacity: 128M(100%)
[2024-07-24T23:00:46.951+0800][7.372s][gc,heap     ] GC(95) Soft Max Capacity: 128M(100%)
[2024-07-24T23:00:46.951+0800][7.372s][gc,heap     ] GC(95)                Mark Start          Mark End        Relocate Start      Relocate End           High               Low         
[2024-07-24T23:00:46.951+0800][7.372s][gc,heap     ] GC(95)  Capacity:      128M (100%)        128M (100%)        128M (100%)        128M (100%)        128M (100%)        128M (100%)   
[2024-07-24T23:00:46.951+0800][7.372s][gc,heap     ] GC(95)      Free:        0M (0%)            0M (0%)          120M (94%)         114M (89%)         122M (95%)           0M (0%)     
[2024-07-24T23:00:46.951+0800][7.372s][gc,heap     ] GC(95)      Used:      128M (100%)        128M (100%)          8M (6%)           14M (11%)         128M (100%)          6M (5%)     
[2024-07-24T23:00:46.951+0800][7.372s][gc,heap     ] GC(95)      Live:         -                 5M (4%)            5M (4%)            5M (4%)             -                  -          
[2024-07-24T23:00:46.951+0800][7.372s][gc,heap     ] GC(95) Allocated:         -                 0M (0%)            2M (2%)            8M (6%)             -                  -          
[2024-07-24T23:00:46.951+0800][7.372s][gc,heap     ] GC(95)   Garbage:         -               122M (96%)           0M (1%)            0M (1%)             -                  -          
[2024-07-24T23:00:46.951+0800][7.373s][gc,heap     ] GC(95) Reclaimed:         -                  -               122M (95%)         122M (95%)            -                  -          
[2024-07-24T23:00:46.951+0800][7.373s][gc          ] GC(95) Garbage Collection (Allocation Rate) 128M(100%)->14M(11%)
[2024-07-24T23:00:47.038+0800][7.459s][gc,start    ] GC(96) Garbage Collection (Allocation Stall)
[2024-07-24T23:00:47.038+0800][7.459s][gc,ref      ] GC(96) Clearing All SoftReferences
[2024-07-24T23:00:47.038+0800][7.459s][gc,task     ] GC(96) Using 1 workers
[2024-07-24T23:00:47.038+0800][7.459s][gc,ref      ] GC(96) Clearing All SoftReferences
[2024-07-24T23:00:47.038+0800][7.459s][gc,phases   ] GC(96) Pause Mark Start 0.050ms
[2024-07-24T23:00:47.040+0800][7.462s][gc,phases   ] GC(96) Concurrent Mark 2.234ms
[2024-07-24T23:00:47.040+0800][7.462s][gc,phases   ] GC(96) Pause Mark End 0.008ms
[2024-07-24T23:00:47.040+0800][7.462s][gc,phases   ] GC(96) Concurrent Mark Free 0.001ms
[2024-07-24T23:00:47.041+0800][7.462s][gc,phases   ] GC(96) Concurrent Process Non-Strong References 0.545ms
[2024-07-24T23:00:47.041+0800][7.462s][gc,phases   ] GC(96) Concurrent Reset Relocation Set 0.000ms
[2024-07-24T23:00:47.042+0800][7.464s][gc,phases   ] GC(96) Concurrent Select Relocation Set 1.334ms
[2024-07-24T23:00:47.043+0800][7.464s][gc,phases   ] GC(96) Pause Relocate Start 0.004ms
[2024-07-24T23:00:47.043+0800][7.464s][gc,phases   ] GC(96) Concurrent Relocate 0.023ms
[2024-07-24T23:00:47.043+0800][7.464s][gc,load     ] GC(96) Load: 0.00/0.00/0.00
[2024-07-24T23:00:47.043+0800][7.464s][gc,mmu      ] GC(96) MMU: 2ms/94.0%, 5ms/97.6%, 10ms/98.7%, 20ms/99.3%, 50ms/99.7%, 100ms/99.8%
[2024-07-24T23:00:47.043+0800][7.464s][gc,marking  ] GC(96) Mark: 1 stripe(s), 2 proactive flush(es), 1 terminate flush(es), 0 completion(s), 0 continuation(s) 
[2024-07-24T23:00:47.043+0800][7.464s][gc,marking  ] GC(96) Mark Stack Usage: 32M
[2024-07-24T23:00:47.043+0800][7.464s][gc,nmethod  ] GC(96) NMethods: 273 registered, 0 unregistered
[2024-07-24T23:00:47.043+0800][7.464s][gc,metaspace] GC(96) Metaspace: 0M used, 0M committed, 1088M reserved
[2024-07-24T23:00:47.043+0800][7.464s][gc,ref      ] GC(96) Soft: 62 encountered, 35 discovered, 0 enqueued
[2024-07-24T23:00:47.043+0800][7.464s][gc,ref      ] GC(96) Weak: 187 encountered, 170 discovered, 0 enqueued
[2024-07-24T23:00:47.043+0800][7.464s][gc,ref      ] GC(96) Final: 0 encountered, 0 discovered, 0 enqueued
[2024-07-24T23:00:47.043+0800][7.464s][gc,ref      ] GC(96) Phantom: 1 encountered, 0 discovered, 0 enqueued
[2024-07-24T23:00:47.043+0800][7.464s][gc,reloc    ] GC(96) Small Pages: 2 / 4M, Empty: 2M, Relocated: 0M, In-Place: 0
[2024-07-24T23:00:47.043+0800][7.464s][gc,reloc    ] GC(96) Medium Pages: 0 / 0M, Empty: 0M, Relocated: 0M, In-Place: 0
[2024-07-24T23:00:47.043+0800][7.464s][gc,reloc    ] GC(96) Large Pages: 52 / 104M, Empty: 102M, Relocated: 0M, In-Place: 0
[2024-07-24T23:00:47.043+0800][7.464s][gc,reloc    ] GC(96) Forwarding Usage: 0M
[2024-07-24T23:00:47.043+0800][7.464s][gc,heap     ] GC(96) Min Capacity: 8M(6%)
[2024-07-24T23:00:47.043+0800][7.464s][gc,heap     ] GC(96) Max Capacity: 128M(100%)
[2024-07-24T23:00:47.043+0800][7.464s][gc,heap     ] GC(96) Soft Max Capacity: 128M(100%)
[2024-07-24T23:00:47.043+0800][7.464s][gc,heap     ] GC(96)                Mark Start          Mark End        Relocate Start      Relocate End           High               Low         
[2024-07-24T23:00:47.043+0800][7.464s][gc,heap     ] GC(96)  Capacity:      128M (100%)        128M (100%)        128M (100%)        128M (100%)        128M (100%)        128M (100%)   
[2024-07-24T23:00:47.043+0800][7.464s][gc,heap     ] GC(96)      Free:       20M (16%)           2M (2%)          106M (83%)         106M (83%)         106M (83%)           2M (2%)     
[2024-07-24T23:00:47.043+0800][7.464s][gc,heap     ] GC(96)      Used:      108M (84%)         126M (98%)          22M (17%)          22M (17%)         126M (98%)          22M (17%)    
[2024-07-24T23:00:47.043+0800][7.464s][gc,heap     ] GC(96)      Live:         -                 3M (3%)            3M (3%)            3M (3%)             -                  -          
[2024-07-24T23:00:47.043+0800][7.464s][gc,heap     ] GC(96) Allocated:         -                18M (14%)          18M (14%)          18M (14%)            -                  -          
[2024-07-24T23:00:47.043+0800][7.464s][gc,heap     ] GC(96)   Garbage:         -               104M (82%)           0M (1%)            0M (1%)             -                  -          
[2024-07-24T23:00:47.043+0800][7.464s][gc,heap     ] GC(96) Reclaimed:         -                  -               104M (81%)         104M (81%)            -                  -          
[2024-07-24T23:00:47.043+0800][7.464s][gc          ] GC(96) Garbage Collection (Allocation Stall) 108M(84%)->22M(17%)
[2024-07-24T23:00:47.131+0800][7.553s][gc,start    ] GC(97) Garbage Collection (Allocation Stall)
[2024-07-24T23:00:47.131+0800][7.553s][gc,ref      ] GC(97) Clearing All SoftReferences
[2024-07-24T23:00:47.131+0800][7.553s][gc,task     ] GC(97) Using 1 workers
[2024-07-24T23:00:47.131+0800][7.553s][gc,ref      ] GC(97) Clearing All SoftReferences
[2024-07-24T23:00:47.131+0800][7.553s][gc,phases   ] GC(97) Pause Mark Start 0.035ms
[2024-07-24T23:00:47.134+0800][7.556s][gc,phases   ] GC(97) Concurrent Mark 2.293ms
[2024-07-24T23:00:47.134+0800][7.556s][gc,phases   ] GC(97) Pause Mark End 0.009ms
[2024-07-24T23:00:47.134+0800][7.556s][gc,phases   ] GC(97) Concurrent Mark Free 0.001ms
[2024-07-24T23:00:47.135+0800][7.557s][gc,phases   ] GC(97) Concurrent Process Non-Strong References 1.135ms
[2024-07-24T23:00:47.135+0800][7.557s][gc,phases   ] GC(97) Concurrent Reset Relocation Set 0.000ms
[2024-07-24T23:00:47.137+0800][7.559s][gc          ] Allocation Stall (main) 5.999ms
[2024-07-24T23:00:47.137+0800][7.559s][gc,phases   ] GC(97) Concurrent Select Relocation Set 1.735ms
[2024-07-24T23:00:47.137+0800][7.559s][gc,phases   ] GC(97) Pause Relocate Start 0.006ms
[2024-07-24T23:00:47.137+0800][7.559s][gc,phases   ] GC(97) Concurrent Relocate 0.067ms
[2024-07-24T23:00:47.137+0800][7.560s][gc,load     ] GC(97) Load: 0.00/0.00/0.00
[2024-07-24T23:00:47.137+0800][7.560s][gc,mmu      ] GC(97) MMU: 2ms/94.0%, 5ms/97.6%, 10ms/98.7%, 20ms/99.3%, 50ms/99.7%, 100ms/99.8%
[2024-07-24T23:00:47.138+0800][7.560s][gc,marking  ] GC(97) Mark: 1 stripe(s), 1 proactive flush(es), 1 terminate flush(es), 0 completion(s), 0 continuation(s) 
[2024-07-24T23:00:47.138+0800][7.560s][gc,marking  ] GC(97) Mark Stack Usage: 32M
[2024-07-24T23:00:47.138+0800][7.560s][gc,nmethod  ] GC(97) NMethods: 273 registered, 0 unregistered
[2024-07-24T23:00:47.138+0800][7.560s][gc,metaspace] GC(97) Metaspace: 0M used, 0M committed, 1088M reserved
[2024-07-24T23:00:47.138+0800][7.560s][gc,ref      ] GC(97) Soft: 62 encountered, 37 discovered, 0 enqueued
[2024-07-24T23:00:47.138+0800][7.560s][gc,ref      ] GC(97) Weak: 187 encountered, 170 discovered, 0 enqueued
[2024-07-24T23:00:47.138+0800][7.560s][gc,ref      ] GC(97) Final: 0 encountered, 0 discovered, 0 enqueued
[2024-07-24T23:00:47.138+0800][7.560s][gc,ref      ] GC(97) Phantom: 1 encountered, 0 discovered, 0 enqueued
[2024-07-24T23:00:47.138+0800][7.560s][gc,reloc    ] GC(97) Small Pages: 2 / 4M, Empty: 2M, Relocated: 0M, In-Place: 0
[2024-07-24T23:00:47.138+0800][7.560s][gc,reloc    ] GC(97) Medium Pages: 0 / 0M, Empty: 0M, Relocated: 0M, In-Place: 0
[2024-07-24T23:00:47.138+0800][7.560s][gc,reloc    ] GC(97) Large Pages: 62 / 124M, Empty: 98M, Relocated: 0M, In-Place: 0
[2024-07-24T23:00:47.138+0800][7.560s][gc,reloc    ] GC(97) Forwarding Usage: 0M
[2024-07-24T23:00:47.138+0800][7.560s][gc,heap     ] GC(97) Min Capacity: 8M(6%)
[2024-07-24T23:00:47.138+0800][7.560s][gc,heap     ] GC(97) Max Capacity: 128M(100%)
[2024-07-24T23:00:47.138+0800][7.560s][gc,heap     ] GC(97) Soft Max Capacity: 128M(100%)
[2024-07-24T23:00:47.138+0800][7.560s][gc,heap     ] GC(97)                Mark Start          Mark End        Relocate Start      Relocate End           High               Low         
[2024-07-24T23:00:47.138+0800][7.560s][gc,heap     ] GC(97)  Capacity:      128M (100%)        128M (100%)        128M (100%)        128M (100%)        128M (100%)        128M (100%)   
[2024-07-24T23:00:47.138+0800][7.560s][gc,heap     ] GC(97)      Free:        0M (0%)            0M (0%)           96M (75%)          92M (72%)         100M (78%)           0M (0%)     
[2024-07-24T23:00:47.138+0800][7.560s][gc,heap     ] GC(97)      Used:      128M (100%)        128M (100%)         32M (25%)          36M (28%)         128M (100%)         28M (22%)    
[2024-07-24T23:00:47.138+0800][7.560s][gc,heap     ] GC(97)      Live:         -                27M (21%)          27M (21%)          27M (21%)            -                  -          
[2024-07-24T23:00:47.138+0800][7.560s][gc,heap     ] GC(97) Allocated:         -                 0M (0%)            4M (3%)            8M (6%)             -                  -          
[2024-07-24T23:00:47.138+0800][7.560s][gc,heap     ] GC(97)   Garbage:         -               100M (79%)           0M (1%)            0M (1%)             -                  -          
[2024-07-24T23:00:47.138+0800][7.560s][gc,heap     ] GC(97) Reclaimed:         -                  -               100M (78%)         100M (78%)            -                  -          
[2024-07-24T23:00:47.138+0800][7.560s][gc          ] GC(97) Garbage Collection (Allocation Stall) 128M(100%)->36M(28%)
[2024-07-24T23:00:47.147+0800][7.568s][gc,start    ] GC(98) Garbage Collection (Allocation Rate)
[2024-07-24T23:00:47.147+0800][7.568s][gc,task     ] GC(98) Using 1 workers
[2024-07-24T23:00:47.147+0800][7.568s][gc,phases   ] GC(98) Pause Mark Start 0.008ms
[2024-07-24T23:00:47.148+0800][7.570s][gc,phases   ] GC(98) Concurrent Mark 2.069ms
[2024-07-24T23:00:47.149+0800][7.571s][gc,phases   ] GC(98) Pause Mark End 0.007ms
[2024-07-24T23:00:47.149+0800][7.571s][gc,phases   ] GC(98) Concurrent Mark Free 0.001ms
[2024-07-24T23:00:47.150+0800][7.572s][gc,phases   ] GC(98) Concurrent Process Non-Strong References 0.883ms
[2024-07-24T23:00:47.150+0800][7.572s][gc,phases   ] GC(98) Concurrent Reset Relocation Set 0.000ms
[2024-07-24T23:00:47.152+0800][7.574s][gc,phases   ] GC(98) Concurrent Select Relocation Set 1.907ms
[2024-07-24T23:00:47.152+0800][7.574s][gc,phases   ] GC(98) Pause Relocate Start 0.022ms
[2024-07-24T23:00:47.153+0800][7.575s][gc,phases   ] GC(98) Concurrent Relocate 1.084ms
[2024-07-24T23:00:47.153+0800][7.575s][gc,load     ] GC(98) Load: 0.00/0.00/0.00
[2024-07-24T23:00:47.153+0800][7.575s][gc,mmu      ] GC(98) MMU: 2ms/94.0%, 5ms/97.6%, 10ms/98.7%, 20ms/99.3%, 50ms/99.7%, 100ms/99.8%
[2024-07-24T23:00:47.153+0800][7.575s][gc,marking  ] GC(98) Mark: 1 stripe(s), 1 proactive flush(es), 1 terminate flush(es), 0 completion(s), 0 continuation(s) 
[2024-07-24T23:00:47.153+0800][7.575s][gc,marking  ] GC(98) Mark Stack Usage: 32M
[2024-07-24T23:00:47.153+0800][7.575s][gc,nmethod  ] GC(98) NMethods: 273 registered, 0 unregistered
[2024-07-24T23:00:47.153+0800][7.575s][gc,metaspace] GC(98) Metaspace: 0M used, 0M committed, 1088M reserved
[2024-07-24T23:00:47.153+0800][7.575s][gc,ref      ] GC(98) Soft: 62 encountered, 0 discovered, 0 enqueued
[2024-07-24T23:00:47.153+0800][7.575s][gc,ref      ] GC(98) Weak: 187 encountered, 170 discovered, 0 enqueued
[2024-07-24T23:00:47.153+0800][7.575s][gc,ref      ] GC(98) Final: 0 encountered, 0 discovered, 0 enqueued
[2024-07-24T23:00:47.153+0800][7.575s][gc,ref      ] GC(98) Phantom: 1 encountered, 0 discovered, 0 enqueued
[2024-07-24T23:00:47.153+0800][7.575s][gc,reloc    ] GC(98) Small Pages: 2 / 4M, Empty: 0M, Relocated: 1M, In-Place: 0
[2024-07-24T23:00:47.153+0800][7.575s][gc,reloc    ] GC(98) Medium Pages: 0 / 0M, Empty: 0M, Relocated: 0M, In-Place: 0
[2024-07-24T23:00:47.153+0800][7.575s][gc,reloc    ] GC(98) Large Pages: 20 / 40M, Empty: 40M, Relocated: 0M, In-Place: 0
[2024-07-24T23:00:47.153+0800][7.575s][gc,reloc    ] GC(98) Forwarding Usage: 0M
[2024-07-24T23:00:47.153+0800][7.576s][gc,heap     ] GC(98) Min Capacity: 8M(6%)
[2024-07-24T23:00:47.153+0800][7.576s][gc,heap     ] GC(98) Max Capacity: 128M(100%)
[2024-07-24T23:00:47.153+0800][7.576s][gc,heap     ] GC(98) Soft Max Capacity: 128M(100%)
[2024-07-24T23:00:47.153+0800][7.576s][gc,heap     ] GC(98)                Mark Start          Mark End        Relocate Start      Relocate End           High               Low         
[2024-07-24T23:00:47.153+0800][7.576s][gc,heap     ] GC(98)  Capacity:      128M (100%)        128M (100%)        128M (100%)        128M (100%)        128M (100%)        128M (100%)   
[2024-07-24T23:00:47.154+0800][7.576s][gc,heap     ] GC(98)      Free:       84M (66%)          84M (66%)         124M (97%)         126M (98%)         126M (98%)          84M (66%)    
[2024-07-24T23:00:47.154+0800][7.576s][gc,heap     ] GC(98)      Used:       44M (34%)          44M (34%)           4M (3%)            2M (2%)           44M (34%)           2M (2%)     
[2024-07-24T23:00:47.154+0800][7.576s][gc,heap     ] GC(98)      Live:         -                 1M (1%)            1M (1%)            1M (1%)             -                  -          
[2024-07-24T23:00:47.154+0800][7.576s][gc,heap     ] GC(98) Allocated:         -                 0M (0%)            0M (0%)            0M (0%)             -                  -          
[2024-07-24T23:00:47.154+0800][7.576s][gc,heap     ] GC(98)   Garbage:         -                42M (33%)           2M (2%)            0M (1%)             -                  -          
[2024-07-24T23:00:47.154+0800][7.576s][gc,heap     ] GC(98) Reclaimed:         -                  -                40M (31%)          42M (33%)            -                  -          
[2024-07-24T23:00:47.154+0800][7.576s][gc          ] GC(98) Garbage Collection (Allocation Rate) 44M(34%)->2M(2%)
[2024-07-24T23:00:47.241+0800][7.662s][gc,start    ] GC(99) Garbage Collection (Allocation Rate)
[2024-07-24T23:00:47.241+0800][7.662s][gc,task     ] GC(99) Using 1 workers
[2024-07-24T23:00:47.241+0800][7.663s][gc,phases   ] GC(99) Pause Mark Start 0.008ms
[2024-07-24T23:00:47.244+0800][7.666s][gc,phases   ] GC(99) Concurrent Mark 3.353ms
[2024-07-24T23:00:47.244+0800][7.666s][gc,phases   ] GC(99) Pause Mark End 0.009ms
[2024-07-24T23:00:47.244+0800][7.666s][gc,phases   ] GC(99) Concurrent Mark Free 0.001ms
[2024-07-24T23:00:47.245+0800][7.667s][gc,phases   ] GC(99) Concurrent Process Non-Strong References 0.608ms
[2024-07-24T23:00:47.245+0800][7.667s][gc,phases   ] GC(99) Concurrent Reset Relocation Set 0.001ms
[2024-07-24T23:00:47.247+0800][7.669s][gc,phases   ] GC(99) Concurrent Select Relocation Set 1.473ms
[2024-07-24T23:00:47.247+0800][7.669s][gc,phases   ] GC(99) Pause Relocate Start 0.006ms
[2024-07-24T23:00:47.247+0800][7.669s][gc,phases   ] GC(99) Concurrent Relocate 0.020ms
[2024-07-24T23:00:47.247+0800][7.669s][gc,load     ] GC(99) Load: 0.00/0.00/0.00
[2024-07-24T23:00:47.247+0800][7.669s][gc,mmu      ] GC(99) MMU: 2ms/94.0%, 5ms/97.6%, 10ms/98.7%, 20ms/99.3%, 50ms/99.7%, 100ms/99.8%
[2024-07-24T23:00:47.247+0800][7.669s][gc,marking  ] GC(99) Mark: 1 stripe(s), 2 proactive flush(es), 1 terminate flush(es), 0 completion(s), 0 continuation(s) 
[2024-07-24T23:00:47.247+0800][7.669s][gc,marking  ] GC(99) Mark Stack Usage: 32M
[2024-07-24T23:00:47.247+0800][7.669s][gc,nmethod  ] GC(99) NMethods: 273 registered, 0 unregistered
[2024-07-24T23:00:47.247+0800][7.669s][gc,metaspace] GC(99) Metaspace: 0M used, 0M committed, 1088M reserved
[2024-07-24T23:00:47.247+0800][7.669s][gc,ref      ] GC(99) Soft: 62 encountered, 0 discovered, 0 enqueued
[2024-07-24T23:00:47.247+0800][7.669s][gc,ref      ] GC(99) Weak: 187 encountered, 170 discovered, 0 enqueued
[2024-07-24T23:00:47.247+0800][7.669s][gc,ref      ] GC(99) Final: 0 encountered, 0 discovered, 0 enqueued
[2024-07-24T23:00:47.247+0800][7.669s][gc,ref      ] GC(99) Phantom: 1 encountered, 0 discovered, 0 enqueued
[2024-07-24T23:00:47.247+0800][7.669s][gc,reloc    ] GC(99) Small Pages: 2 / 4M, Empty: 2M, Relocated: 0M, In-Place: 0
[2024-07-24T23:00:47.247+0800][7.669s][gc,reloc    ] GC(99) Medium Pages: 0 / 0M, Empty: 0M, Relocated: 0M, In-Place: 0
[2024-07-24T23:00:47.247+0800][7.669s][gc,reloc    ] GC(99) Large Pages: 52 / 104M, Empty: 102M, Relocated: 0M, In-Place: 0
[2024-07-24T23:00:47.247+0800][7.669s][gc,reloc    ] GC(99) Forwarding Usage: 0M
[2024-07-24T23:00:47.247+0800][7.669s][gc,heap     ] GC(99) Min Capacity: 8M(6%)
[2024-07-24T23:00:47.247+0800][7.669s][gc,heap     ] GC(99) Max Capacity: 128M(100%)
[2024-07-24T23:00:47.247+0800][7.669s][gc,heap     ] GC(99) Soft Max Capacity: 128M(100%)
[2024-07-24T23:00:47.247+0800][7.669s][gc,heap     ] GC(99)                Mark Start          Mark End        Relocate Start      Relocate End           High               Low         
[2024-07-24T23:00:47.247+0800][7.669s][gc,heap     ] GC(99)  Capacity:      128M (100%)        128M (100%)        128M (100%)        128M (100%)        128M (100%)        128M (100%)   
[2024-07-24T23:00:47.247+0800][7.669s][gc,heap     ] GC(99)      Free:       20M (16%)           2M (2%)          106M (83%)         106M (83%)         106M (83%)           2M (2%)     
[2024-07-24T23:00:47.247+0800][7.669s][gc,heap     ] GC(99)      Used:      108M (84%)         126M (98%)          22M (17%)          22M (17%)         126M (98%)          22M (17%)    
[2024-07-24T23:00:47.247+0800][7.669s][gc,heap     ] GC(99)      Live:         -                 3M (3%)            3M (3%)            3M (3%)             -                  -          
[2024-07-24T23:00:47.247+0800][7.669s][gc,heap     ] GC(99) Allocated:         -                18M (14%)          18M (14%)          18M (14%)            -                  -          
[2024-07-24T23:00:47.247+0800][7.669s][gc,heap     ] GC(99)   Garbage:         -               104M (82%)           0M (1%)            0M (1%)             -                  -          
[2024-07-24T23:00:47.247+0800][7.669s][gc,heap     ] GC(99) Reclaimed:         -                  -               104M (81%)         104M (81%)            -                  -          
[2024-07-24T23:00:47.247+0800][7.669s][gc          ] GC(99) Garbage Collection (Allocation Rate) 108M(84%)->22M(17%)
[2024-07-24T23:00:47.334+0800][7.756s][gc,start    ] GC(100) Garbage Collection (Allocation Rate)
[2024-07-24T23:00:47.334+0800][7.756s][gc,task     ] GC(100) Using 1 workers
[2024-07-24T23:00:47.334+0800][7.756s][gc,phases   ] GC(100) Pause Mark Start 0.035ms
[2024-07-24T23:00:47.337+0800][7.759s][gc,phases   ] GC(100) Concurrent Mark 2.519ms
[2024-07-24T23:00:47.337+0800][7.759s][gc,phases   ] GC(100) Pause Mark End 0.008ms
[2024-07-24T23:00:47.337+0800][7.759s][gc,phases   ] GC(100) Concurrent Mark Free 0.001ms
[2024-07-24T23:00:47.338+0800][7.760s][gc,phases   ] GC(100) Concurrent Process Non-Strong References 0.810ms
[2024-07-24T23:00:47.338+0800][7.760s][gc,phases   ] GC(100) Concurrent Reset Relocation Set 0.000ms
[2024-07-24T23:00:47.340+0800][7.762s][gc          ] Allocation Stall (main) 4.722ms
[2024-07-24T23:00:47.340+0800][7.762s][gc,phases   ] GC(100) Concurrent Select Relocation Set 1.698ms
[2024-07-24T23:00:47.340+0800][7.762s][gc,phases   ] GC(100) Pause Relocate Start 0.004ms
[2024-07-24T23:00:47.341+0800][7.762s][gc,phases   ] GC(100) Concurrent Relocate 0.065ms
[2024-07-24T23:00:47.341+0800][7.762s][gc,load     ] GC(100) Load: 0.00/0.00/0.00
[2024-07-24T23:00:47.341+0800][7.762s][gc,mmu      ] GC(100) MMU: 2ms/94.0%, 5ms/97.6%, 10ms/98.7%, 20ms/99.3%, 50ms/99.7%, 100ms/99.8%
[2024-07-24T23:00:47.341+0800][7.762s][gc,marking  ] GC(100) Mark: 1 stripe(s), 2 proactive flush(es), 1 terminate flush(es), 0 completion(s), 0 continuation(s) 
[2024-07-24T23:00:47.341+0800][7.762s][gc,marking  ] GC(100) Mark Stack Usage: 32M
[2024-07-24T23:00:47.341+0800][7.762s][gc,nmethod  ] GC(100) NMethods: 273 registered, 0 unregistered
[2024-07-24T23:00:47.341+0800][7.762s][gc,metaspace] GC(100) Metaspace: 0M used, 0M committed, 1088M reserved
[2024-07-24T23:00:47.341+0800][7.762s][gc,ref      ] GC(100) Soft: 62 encountered, 0 discovered, 0 enqueued
[2024-07-24T23:00:47.341+0800][7.762s][gc,ref      ] GC(100) Weak: 187 encountered, 170 discovered, 0 enqueued
[2024-07-24T23:00:47.341+0800][7.762s][gc,ref      ] GC(100) Final: 0 encountered, 0 discovered, 0 enqueued
[2024-07-24T23:00:47.341+0800][7.762s][gc,ref      ] GC(100) Phantom: 1 encountered, 0 discovered, 0 enqueued
[2024-07-24T23:00:47.341+0800][7.762s][gc,reloc    ] GC(100) Small Pages: 2 / 4M, Empty: 2M, Relocated: 0M, In-Place: 0
[2024-07-24T23:00:47.341+0800][7.762s][gc,reloc    ] GC(100) Medium Pages: 0 / 0M, Empty: 0M, Relocated: 0M, In-Place: 0
[2024-07-24T23:00:47.341+0800][7.762s][gc,reloc    ] GC(100) Large Pages: 61 / 122M, Empty: 98M, Relocated: 0M, In-Place: 0
[2024-07-24T23:00:47.341+0800][7.762s][gc,reloc    ] GC(100) Forwarding Usage: 0M
[2024-07-24T23:00:47.341+0800][7.762s][gc,heap     ] GC(100) Min Capacity: 8M(6%)
[2024-07-24T23:00:47.341+0800][7.762s][gc,heap     ] GC(100) Max Capacity: 128M(100%)
[2024-07-24T23:00:47.341+0800][7.762s][gc,heap     ] GC(100) Soft Max Capacity: 128M(100%)
[2024-07-24T23:00:47.341+0800][7.762s][gc,heap     ] GC(100)                Mark Start          Mark End        Relocate Start      Relocate End           High               Low         
[2024-07-24T23:00:47.341+0800][7.762s][gc,heap     ] GC(100)  Capacity:      128M (100%)        128M (100%)        128M (100%)        128M (100%)        128M (100%)        128M (100%)   
[2024-07-24T23:00:47.341+0800][7.762s][gc,heap     ] GC(100)      Free:        2M (2%)            0M (0%)           98M (77%)          96M (75%)         100M (78%)           0M (0%)     
[2024-07-24T23:00:47.341+0800][7.762s][gc,heap     ] GC(100)      Used:      126M (98%)         128M (100%)         30M (23%)          32M (25%)         128M (100%)         28M (22%)    
[2024-07-24T23:00:47.341+0800][7.762s][gc,heap     ] GC(100)      Live:         -                25M (20%)          25M (20%)          25M (20%)            -                  -          
[2024-07-24T23:00:47.341+0800][7.763s][gc,heap     ] GC(100) Allocated:         -                 2M (2%)            4M (3%)            6M (5%)             -                  -          
[2024-07-24T23:00:47.341+0800][7.763s][gc,heap     ] GC(100)   Garbage:         -               100M (79%)           0M (1%)            0M (1%)             -                  -          
[2024-07-24T23:00:47.341+0800][7.763s][gc,heap     ] GC(100) Reclaimed:         -                  -               100M (78%)         100M (78%)            -                  -          
[2024-07-24T23:00:47.341+0800][7.763s][gc          ] GC(100) Garbage Collection (Allocation Rate) 126M(98%)->32M(25%)
[2024-07-24T23:00:47.430+0800][7.852s][gc,start    ] GC(101) Garbage Collection (Allocation Stall)
[2024-07-24T23:00:47.430+0800][7.852s][gc,ref      ] GC(101) Clearing All SoftReferences
[2024-07-24T23:00:47.430+0800][7.852s][gc,task     ] GC(101) Using 1 workers
[2024-07-24T23:00:47.431+0800][7.852s][gc,ref      ] GC(101) Clearing All SoftReferences
[2024-07-24T23:00:47.431+0800][7.852s][gc,phases   ] GC(101) Pause Mark Start 0.043ms
[2024-07-24T23:00:47.433+0800][7.854s][gc,phases   ] GC(101) Concurrent Mark 1.997ms
[2024-07-24T23:00:47.433+0800][7.854s][gc,phases   ] GC(101) Pause Mark End 0.005ms
[2024-07-24T23:00:47.433+0800][7.854s][gc,phases   ] GC(101) Concurrent Mark Free 0.001ms
[2024-07-24T23:00:47.434+0800][7.855s][gc,phases   ] GC(101) Concurrent Process Non-Strong References 0.927ms
[2024-07-24T23:00:47.434+0800][7.855s][gc,phases   ] GC(101) Concurrent Reset Relocation Set 0.000ms
[2024-07-24T23:00:47.436+0800][7.858s][gc          ] Allocation Stall (main) 6.021ms
[2024-07-24T23:00:47.436+0800][7.858s][gc,phases   ] GC(101) Concurrent Select Relocation Set 2.261ms
[2024-07-24T23:00:47.437+0800][7.858s][gc,phases   ] GC(101) Pause Relocate Start 0.006ms
[2024-07-24T23:00:47.437+0800][7.858s][gc,phases   ] GC(101) Concurrent Relocate 0.113ms
[2024-07-24T23:00:47.437+0800][7.858s][gc,load     ] GC(101) Load: 0.00/0.00/0.00
[2024-07-24T23:00:47.437+0800][7.858s][gc,mmu      ] GC(101) MMU: 2ms/94.0%, 5ms/97.6%, 10ms/98.7%, 20ms/99.3%, 50ms/99.7%, 100ms/99.8%
[2024-07-24T23:00:47.437+0800][7.858s][gc,marking  ] GC(101) Mark: 1 stripe(s), 1 proactive flush(es), 1 terminate flush(es), 0 completion(s), 0 continuation(s) 
[2024-07-24T23:00:47.437+0800][7.858s][gc,marking  ] GC(101) Mark Stack Usage: 32M
[2024-07-24T23:00:47.437+0800][7.858s][gc,nmethod  ] GC(101) NMethods: 273 registered, 0 unregistered
[2024-07-24T23:00:47.437+0800][7.858s][gc,metaspace] GC(101) Metaspace: 0M used, 0M committed, 1088M reserved
[2024-07-24T23:00:47.437+0800][7.858s][gc,ref      ] GC(101) Soft: 62 encountered, 37 discovered, 0 enqueued
[2024-07-24T23:00:47.437+0800][7.858s][gc,ref      ] GC(101) Weak: 187 encountered, 170 discovered, 0 enqueued
[2024-07-24T23:00:47.437+0800][7.858s][gc,ref      ] GC(101) Final: 0 encountered, 0 discovered, 0 enqueued
[2024-07-24T23:00:47.437+0800][7.858s][gc,ref      ] GC(101) Phantom: 1 encountered, 0 discovered, 0 enqueued
[2024-07-24T23:00:47.437+0800][7.858s][gc,reloc    ] GC(101) Small Pages: 2 / 4M, Empty: 2M, Relocated: 0M, In-Place: 0
[2024-07-24T23:00:47.437+0800][7.858s][gc,reloc    ] GC(101) Medium Pages: 0 / 0M, Empty: 0M, Relocated: 0M, In-Place: 0
[2024-07-24T23:00:47.437+0800][7.858s][gc,reloc    ] GC(101) Large Pages: 62 / 124M, Empty: 120M, Relocated: 0M, In-Place: 0
[2024-07-24T23:00:47.437+0800][7.858s][gc,reloc    ] GC(101) Forwarding Usage: 0M
[2024-07-24T23:00:47.437+0800][7.858s][gc,heap     ] GC(101) Min Capacity: 8M(6%)
[2024-07-24T23:00:47.437+0800][7.858s][gc,heap     ] GC(101) Max Capacity: 128M(100%)
[2024-07-24T23:00:47.437+0800][7.858s][gc,heap     ] GC(101) Soft Max Capacity: 128M(100%)
[2024-07-24T23:00:47.437+0800][7.858s][gc,heap     ] GC(101)                Mark Start          Mark End        Relocate Start      Relocate End           High               Low         
[2024-07-24T23:00:47.437+0800][7.859s][gc,heap     ] GC(101)  Capacity:      128M (100%)        128M (100%)        128M (100%)        128M (100%)        128M (100%)        128M (100%)   
[2024-07-24T23:00:47.437+0800][7.859s][gc,heap     ] GC(101)      Free:        0M (0%)            0M (0%)          118M (92%)         112M (88%)         122M (95%)           0M (0%)     
[2024-07-24T23:00:47.437+0800][7.859s][gc,heap     ] GC(101)      Used:      128M (100%)        128M (100%)         10M (8%)           16M (12%)         128M (100%)          6M (5%)     
[2024-07-24T23:00:47.437+0800][7.859s][gc,heap     ] GC(101)      Live:         -                 5M (4%)            5M (4%)            5M (4%)             -                  -          
[2024-07-24T23:00:47.437+0800][7.859s][gc,heap     ] GC(101) Allocated:         -                 0M (0%)            4M (3%)           10M (8%)             -                  -          
[2024-07-24T23:00:47.437+0800][7.859s][gc,heap     ] GC(101)   Garbage:         -               122M (96%)           0M (1%)            0M (1%)             -                  -          
[2024-07-24T23:00:47.437+0800][7.859s][gc,heap     ] GC(101) Reclaimed:         -                  -               122M (95%)         122M (95%)            -                  -          
[2024-07-24T23:00:47.437+0800][7.859s][gc          ] GC(101) Garbage Collection (Allocation Stall) 128M(100%)->16M(12%)
[2024-07-24T23:00:47.446+0800][7.867s][gc,start    ] GC(102) Garbage Collection (Allocation Rate)
[2024-07-24T23:00:47.446+0800][7.867s][gc,task     ] GC(102) Using 1 workers
[2024-07-24T23:00:47.446+0800][7.868s][gc,phases   ] GC(102) Pause Mark Start 0.012ms
[2024-07-24T23:00:47.448+0800][7.870s][gc,phases   ] GC(102) Concurrent Mark 2.203ms
[2024-07-24T23:00:47.448+0800][7.870s][gc,phases   ] GC(102) Pause Mark End 0.008ms
[2024-07-24T23:00:47.448+0800][7.870s][gc,phases   ] GC(102) Concurrent Mark Free 0.001ms
[2024-07-24T23:00:47.449+0800][7.871s][gc,phases   ] GC(102) Concurrent Process Non-Strong References 0.877ms
[2024-07-24T23:00:47.449+0800][7.871s][gc,phases   ] GC(102) Concurrent Reset Relocation Set 0.000ms
[2024-07-24T23:00:47.451+0800][7.873s][gc,phases   ] GC(102) Concurrent Select Relocation Set 1.911ms
[2024-07-24T23:00:47.451+0800][7.874s][gc,phases   ] GC(102) Pause Relocate Start 0.007ms
[2024-07-24T23:00:47.453+0800][7.875s][gc,phases   ] GC(102) Concurrent Relocate 1.548ms
[2024-07-24T23:00:47.453+0800][7.875s][gc,load     ] GC(102) Load: 0.00/0.00/0.00
[2024-07-24T23:00:47.453+0800][7.875s][gc,mmu      ] GC(102) MMU: 2ms/94.0%, 5ms/97.6%, 10ms/98.7%, 20ms/99.3%, 50ms/99.7%, 100ms/99.8%
[2024-07-24T23:00:47.453+0800][7.875s][gc,marking  ] GC(102) Mark: 1 stripe(s), 1 proactive flush(es), 1 terminate flush(es), 0 completion(s), 0 continuation(s) 
[2024-07-24T23:00:47.453+0800][7.875s][gc,marking  ] GC(102) Mark Stack Usage: 32M
[2024-07-24T23:00:47.453+0800][7.875s][gc,nmethod  ] GC(102) NMethods: 273 registered, 0 unregistered
[2024-07-24T23:00:47.453+0800][7.875s][gc,metaspace] GC(102) Metaspace: 0M used, 0M committed, 1088M reserved
[2024-07-24T23:00:47.453+0800][7.875s][gc,ref      ] GC(102) Soft: 62 encountered, 0 discovered, 0 enqueued
[2024-07-24T23:00:47.453+0800][7.875s][gc,ref      ] GC(102) Weak: 187 encountered, 170 discovered, 0 enqueued
[2024-07-24T23:00:47.453+0800][7.875s][gc,ref      ] GC(102) Final: 0 encountered, 0 discovered, 0 enqueued
[2024-07-24T23:00:47.453+0800][7.875s][gc,ref      ] GC(102) Phantom: 1 encountered, 0 discovered, 0 enqueued
[2024-07-24T23:00:47.453+0800][7.875s][gc,reloc    ] GC(102) Small Pages: 2 / 4M, Empty: 0M, Relocated: 1M, In-Place: 0
[2024-07-24T23:00:47.453+0800][7.875s][gc,reloc    ] GC(102) Medium Pages: 0 / 0M, Empty: 0M, Relocated: 0M, In-Place: 0
[2024-07-24T23:00:47.453+0800][7.875s][gc,reloc    ] GC(102) Large Pages: 10 / 20M, Empty: 0M, Relocated: 0M, In-Place: 0
[2024-07-24T23:00:47.453+0800][7.875s][gc,reloc    ] GC(102) Forwarding Usage: 0M
[2024-07-24T23:00:47.453+0800][7.875s][gc,heap     ] GC(102) Min Capacity: 8M(6%)
[2024-07-24T23:00:47.453+0800][7.875s][gc,heap     ] GC(102) Max Capacity: 128M(100%)
[2024-07-24T23:00:47.453+0800][7.875s][gc,heap     ] GC(102) Soft Max Capacity: 128M(100%)
[2024-07-24T23:00:47.453+0800][7.876s][gc,heap     ] GC(102)                Mark Start          Mark End        Relocate Start      Relocate End           High               Low         
[2024-07-24T23:00:47.453+0800][7.876s][gc,heap     ] GC(102)  Capacity:      128M (100%)        128M (100%)        128M (100%)        128M (100%)        128M (100%)        128M (100%)   
[2024-07-24T23:00:47.453+0800][7.876s][gc,heap     ] GC(102)      Free:      104M (81%)         104M (81%)         104M (81%)         106M (83%)         106M (83%)         102M (80%)    
[2024-07-24T23:00:47.453+0800][7.876s][gc,heap     ] GC(102)      Used:       24M (19%)          24M (19%)          24M (19%)          22M (17%)          26M (20%)          22M (17%)    
[2024-07-24T23:00:47.453+0800][7.876s][gc,heap     ] GC(102)      Live:         -                21M (17%)          21M (17%)          21M (17%)            -                  -          
[2024-07-24T23:00:47.453+0800][7.876s][gc,heap     ] GC(102) Allocated:         -                 0M (0%)            0M (0%)            0M (0%)             -                  -          
[2024-07-24T23:00:47.453+0800][7.876s][gc,heap     ] GC(102)   Garbage:         -                 2M (2%)            2M (2%)            0M (1%)             -                  -          
[2024-07-24T23:00:47.453+0800][7.876s][gc,heap     ] GC(102) Reclaimed:         -                  -                 0M (0%)            2M (2%)             -                  -          
[2024-07-24T23:00:47.453+0800][7.876s][gc          ] GC(102) Garbage Collection (Allocation Rate) 24M(19%)->22M(17%)
[2024-07-24T23:00:47.541+0800][7.962s][gc,start    ] GC(103) Garbage Collection (Allocation Rate)
[2024-07-24T23:00:47.541+0800][7.962s][gc,task     ] GC(103) Using 1 workers
[2024-07-24T23:00:47.541+0800][7.963s][gc,phases   ] GC(103) Pause Mark Start 0.008ms
[2024-07-24T23:00:47.544+0800][7.967s][gc,phases   ] GC(103) Concurrent Mark 3.469ms
[2024-07-24T23:00:47.545+0800][7.967s][gc,phases   ] GC(103) Pause Mark End 0.011ms
[2024-07-24T23:00:47.545+0800][7.967s][gc,phases   ] GC(103) Concurrent Mark Free 0.001ms
[2024-07-24T23:00:47.546+0800][7.968s][gc,phases   ] GC(103) Concurrent Process Non-Strong References 0.891ms
[2024-07-24T23:00:47.546+0800][7.968s][gc,phases   ] GC(103) Concurrent Reset Relocation Set 0.001ms
[2024-07-24T23:00:47.547+0800][7.969s][gc          ] Allocation Stall (main) 5.631ms
[2024-07-24T23:00:47.547+0800][7.969s][gc,phases   ] GC(103) Concurrent Select Relocation Set 1.404ms
[2024-07-24T23:00:47.547+0800][7.969s][gc,phases   ] GC(103) Pause Relocate Start 0.004ms
[2024-07-24T23:00:47.547+0800][7.970s][gc,phases   ] GC(103) Concurrent Relocate 0.105ms
[2024-07-24T23:00:47.547+0800][7.970s][gc,load     ] GC(103) Load: 0.00/0.00/0.00
[2024-07-24T23:00:47.548+0800][7.970s][gc,mmu      ] GC(103) MMU: 2ms/94.0%, 5ms/97.6%, 10ms/98.7%, 20ms/99.3%, 50ms/99.7%, 100ms/99.8%
[2024-07-24T23:00:47.548+0800][7.970s][gc,marking  ] GC(103) Mark: 1 stripe(s), 2 proactive flush(es), 1 terminate flush(es), 0 completion(s), 0 continuation(s) 
[2024-07-24T23:00:47.548+0800][7.970s][gc,marking  ] GC(103) Mark Stack Usage: 32M
[2024-07-24T23:00:47.548+0800][7.970s][gc,nmethod  ] GC(103) NMethods: 273 registered, 0 unregistered
[2024-07-24T23:00:47.548+0800][7.970s][gc,metaspace] GC(103) Metaspace: 0M used, 0M committed, 1088M reserved
[2024-07-24T23:00:47.548+0800][7.970s][gc,ref      ] GC(103) Soft: 62 encountered, 0 discovered, 0 enqueued
[2024-07-24T23:00:47.548+0800][7.970s][gc,ref      ] GC(103) Weak: 187 encountered, 170 discovered, 0 enqueued
[2024-07-24T23:00:47.548+0800][7.970s][gc,ref      ] GC(103) Final: 0 encountered, 0 discovered, 0 enqueued
[2024-07-24T23:00:47.548+0800][7.970s][gc,ref      ] GC(103) Phantom: 1 encountered, 0 discovered, 0 enqueued
[2024-07-24T23:00:47.548+0800][7.970s][gc,reloc    ] GC(103) Small Pages: 2 / 4M, Empty: 2M, Relocated: 0M, In-Place: 0
[2024-07-24T23:00:47.548+0800][7.970s][gc,reloc    ] GC(103) Medium Pages: 0 / 0M, Empty: 0M, Relocated: 0M, In-Place: 0
[2024-07-24T23:00:47.548+0800][7.970s][gc,reloc    ] GC(103) Large Pages: 62 / 124M, Empty: 120M, Relocated: 0M, In-Place: 0
[2024-07-24T23:00:47.548+0800][7.970s][gc,reloc    ] GC(103) Forwarding Usage: 0M
[2024-07-24T23:00:47.548+0800][7.970s][gc,heap     ] GC(103) Min Capacity: 8M(6%)
[2024-07-24T23:00:47.548+0800][7.970s][gc,heap     ] GC(103) Max Capacity: 128M(100%)
[2024-07-24T23:00:47.548+0800][7.970s][gc,heap     ] GC(103) Soft Max Capacity: 128M(100%)
[2024-07-24T23:00:47.548+0800][7.970s][gc,heap     ] GC(103)                Mark Start          Mark End        Relocate Start      Relocate End           High               Low         
[2024-07-24T23:00:47.548+0800][7.970s][gc,heap     ] GC(103)  Capacity:      128M (100%)        128M (100%)        128M (100%)        128M (100%)        128M (100%)        128M (100%)   
[2024-07-24T23:00:47.548+0800][7.970s][gc,heap     ] GC(103)      Free:        0M (0%)            0M (0%)          116M (91%)         112M (88%)         122M (95%)           0M (0%)     
[2024-07-24T23:00:47.548+0800][7.970s][gc,heap     ] GC(103)      Used:      128M (100%)        128M (100%)         12M (9%)           16M (12%)         128M (100%)          6M (5%)     
[2024-07-24T23:00:47.548+0800][7.970s][gc,heap     ] GC(103)      Live:         -                 5M (4%)            5M (4%)            5M (4%)             -                  -          
[2024-07-24T23:00:47.548+0800][7.970s][gc,heap     ] GC(103) Allocated:         -                 0M (0%)            6M (5%)           10M (8%)             -                  -          
[2024-07-24T23:00:47.548+0800][7.970s][gc,heap     ] GC(103)   Garbage:         -               122M (96%)           0M (1%)            0M (1%)             -                  -          
[2024-07-24T23:00:47.548+0800][7.970s][gc,heap     ] GC(103) Reclaimed:         -                  -               122M (95%)         122M (95%)            -                  -          
[2024-07-24T23:00:47.548+0800][7.970s][gc          ] GC(103) Garbage Collection (Allocation Rate) 128M(100%)->16M(12%)
[2024-07-24T23:00:47.636+0800][8.057s][gc,start    ] GC(104) Garbage Collection (Allocation Stall)
[2024-07-24T23:00:47.636+0800][8.057s][gc,ref      ] GC(104) Clearing All SoftReferences
[2024-07-24T23:00:47.636+0800][8.057s][gc,task     ] GC(104) Using 1 workers
[2024-07-24T23:00:47.636+0800][8.057s][gc,ref      ] GC(104) Clearing All SoftReferences
[2024-07-24T23:00:47.636+0800][8.057s][gc,phases   ] GC(104) Pause Mark Start 0.047ms
[2024-07-24T23:00:47.638+0800][8.061s][gc,phases   ] GC(104) Concurrent Mark 2.990ms
[2024-07-24T23:00:47.639+0800][8.061s][gc,phases   ] GC(104) Pause Mark End 0.011ms
[2024-07-24T23:00:47.639+0800][8.061s][gc,phases   ] GC(104) Concurrent Mark Free 0.001ms
[2024-07-24T23:00:47.640+0800][8.062s][gc,phases   ] GC(104) Concurrent Process Non-Strong References 0.869ms
[2024-07-24T23:00:47.640+0800][8.062s][gc,phases   ] GC(104) Concurrent Reset Relocation Set 0.000ms
[2024-07-24T23:00:47.641+0800][8.063s][gc,phases   ] GC(104) Concurrent Select Relocation Set 1.525ms
[2024-07-24T23:00:47.642+0800][8.064s][gc,phases   ] GC(104) Pause Relocate Start 0.005ms
[2024-07-24T23:00:47.642+0800][8.064s][gc,phases   ] GC(104) Concurrent Relocate 0.101ms
[2024-07-24T23:00:47.642+0800][8.064s][gc,load     ] GC(104) Load: 0.00/0.00/0.00
[2024-07-24T23:00:47.642+0800][8.064s][gc,mmu      ] GC(104) MMU: 2ms/94.0%, 5ms/97.6%, 10ms/98.7%, 20ms/99.3%, 50ms/99.7%, 100ms/99.8%
[2024-07-24T23:00:47.642+0800][8.064s][gc,marking  ] GC(104) Mark: 1 stripe(s), 2 proactive flush(es), 1 terminate flush(es), 0 completion(s), 0 continuation(s) 
[2024-07-24T23:00:47.642+0800][8.064s][gc,marking  ] GC(104) Mark Stack Usage: 32M
[2024-07-24T23:00:47.642+0800][8.064s][gc,nmethod  ] GC(104) NMethods: 273 registered, 0 unregistered
[2024-07-24T23:00:47.642+0800][8.064s][gc,metaspace] GC(104) Metaspace: 0M used, 0M committed, 1088M reserved
[2024-07-24T23:00:47.642+0800][8.064s][gc,ref      ] GC(104) Soft: 62 encountered, 35 discovered, 0 enqueued
[2024-07-24T23:00:47.642+0800][8.064s][gc,ref      ] GC(104) Weak: 187 encountered, 170 discovered, 0 enqueued
[2024-07-24T23:00:47.642+0800][8.064s][gc,ref      ] GC(104) Final: 0 encountered, 0 discovered, 0 enqueued
[2024-07-24T23:00:47.642+0800][8.064s][gc,ref      ] GC(104) Phantom: 1 encountered, 0 discovered, 0 enqueued
[2024-07-24T23:00:47.642+0800][8.064s][gc,reloc    ] GC(104) Small Pages: 2 / 4M, Empty: 2M, Relocated: 0M, In-Place: 0
[2024-07-24T23:00:47.642+0800][8.064s][gc,reloc    ] GC(104) Medium Pages: 0 / 0M, Empty: 0M, Relocated: 0M, In-Place: 0
[2024-07-24T23:00:47.642+0800][8.064s][gc,reloc    ] GC(104) Large Pages: 53 / 106M, Empty: 104M, Relocated: 0M, In-Place: 0
[2024-07-24T23:00:47.642+0800][8.064s][gc,reloc    ] GC(104) Forwarding Usage: 0M
[2024-07-24T23:00:47.642+0800][8.064s][gc,heap     ] GC(104) Min Capacity: 8M(6%)
[2024-07-24T23:00:47.642+0800][8.064s][gc,heap     ] GC(104) Max Capacity: 128M(100%)
[2024-07-24T23:00:47.642+0800][8.064s][gc,heap     ] GC(104) Soft Max Capacity: 128M(100%)
[2024-07-24T23:00:47.642+0800][8.064s][gc,heap     ] GC(104)                Mark Start          Mark End        Relocate Start      Relocate End           High               Low         
[2024-07-24T23:00:47.642+0800][8.064s][gc,heap     ] GC(104)  Capacity:      128M (100%)        128M (100%)        128M (100%)        128M (100%)        128M (100%)        128M (100%)   
[2024-07-24T23:00:47.642+0800][8.064s][gc,heap     ] GC(104)      Free:       18M (14%)           2M (2%)          108M (84%)         108M (84%)         108M (84%)           2M (2%)     
[2024-07-24T23:00:47.642+0800][8.064s][gc,heap     ] GC(104)      Used:      110M (86%)         126M (98%)          20M (16%)          20M (16%)         126M (98%)          20M (16%)    
[2024-07-24T23:00:47.642+0800][8.064s][gc,heap     ] GC(104)      Live:         -                 3M (3%)            3M (3%)            3M (3%)             -                  -          
[2024-07-24T23:00:47.642+0800][8.064s][gc,heap     ] GC(104) Allocated:         -                16M (12%)          16M (12%)          16M (12%)            -                  -          
[2024-07-24T23:00:47.642+0800][8.064s][gc,heap     ] GC(104)   Garbage:         -               106M (83%)           0M (1%)            0M (1%)             -                  -          
[2024-07-24T23:00:47.642+0800][8.064s][gc,heap     ] GC(104) Reclaimed:         -                  -               106M (83%)         106M (83%)            -                  -          
[2024-07-24T23:00:47.642+0800][8.064s][gc          ] GC(104) Garbage Collection (Allocation Stall) 110M(86%)->20M(16%)
[2024-07-24T23:00:47.731+0800][8.153s][gc,start    ] GC(105) Garbage Collection (Allocation Stall)
[2024-07-24T23:00:47.731+0800][8.153s][gc,ref      ] GC(105) Clearing All SoftReferences
[2024-07-24T23:00:47.731+0800][8.153s][gc,task     ] GC(105) Using 1 workers
[2024-07-24T23:00:47.731+0800][8.153s][gc,ref      ] GC(105) Clearing All SoftReferences
[2024-07-24T23:00:47.731+0800][8.153s][gc,phases   ] GC(105) Pause Mark Start 0.036ms
[2024-07-24T23:00:47.733+0800][8.155s][gc,phases   ] GC(105) Concurrent Mark 1.957ms
[2024-07-24T23:00:47.734+0800][8.155s][gc,phases   ] GC(105) Pause Mark End 0.005ms
[2024-07-24T23:00:47.734+0800][8.155s][gc,phases   ] GC(105) Concurrent Mark Free 0.001ms
[2024-07-24T23:00:47.735+0800][8.156s][gc,phases   ] GC(105) Concurrent Process Non-Strong References 0.830ms
[2024-07-24T23:00:47.735+0800][8.156s][gc,phases   ] GC(105) Concurrent Reset Relocation Set 0.000ms
[2024-07-24T23:00:47.736+0800][8.158s][gc          ] Allocation Stall (main) 5.406ms
[2024-07-24T23:00:47.737+0800][8.158s][gc,phases   ] GC(105) Concurrent Select Relocation Set 1.870ms
[2024-07-24T23:00:47.737+0800][8.158s][gc,phases   ] GC(105) Pause Relocate Start 0.006ms
[2024-07-24T23:00:47.737+0800][8.158s][gc,phases   ] GC(105) Concurrent Relocate 0.098ms
[2024-07-24T23:00:47.737+0800][8.159s][gc,load     ] GC(105) Load: 0.00/0.00/0.00
[2024-07-24T23:00:47.737+0800][8.159s][gc,mmu      ] GC(105) MMU: 2ms/94.0%, 5ms/97.6%, 10ms/98.7%, 20ms/99.3%, 50ms/99.7%, 100ms/99.8%
[2024-07-24T23:00:47.737+0800][8.159s][gc,marking  ] GC(105) Mark: 1 stripe(s), 1 proactive flush(es), 1 terminate flush(es), 0 completion(s), 0 continuation(s) 
[2024-07-24T23:00:47.737+0800][8.159s][gc,marking  ] GC(105) Mark Stack Usage: 32M
[2024-07-24T23:00:47.737+0800][8.159s][gc,nmethod  ] GC(105) NMethods: 273 registered, 0 unregistered
[2024-07-24T23:00:47.737+0800][8.159s][gc,metaspace] GC(105) Metaspace: 0M used, 0M committed, 1088M reserved
[2024-07-24T23:00:47.737+0800][8.159s][gc,ref      ] GC(105) Soft: 62 encountered, 37 discovered, 0 enqueued
[2024-07-24T23:00:47.737+0800][8.159s][gc,ref      ] GC(105) Weak: 187 encountered, 170 discovered, 0 enqueued
[2024-07-24T23:00:47.737+0800][8.159s][gc,ref      ] GC(105) Final: 0 encountered, 0 discovered, 0 enqueued
[2024-07-24T23:00:47.737+0800][8.159s][gc,ref      ] GC(105) Phantom: 1 encountered, 0 discovered, 0 enqueued
[2024-07-24T23:00:47.737+0800][8.159s][gc,reloc    ] GC(105) Small Pages: 2 / 4M, Empty: 2M, Relocated: 0M, In-Place: 0
[2024-07-24T23:00:47.737+0800][8.159s][gc,reloc    ] GC(105) Medium Pages: 0 / 0M, Empty: 0M, Relocated: 0M, In-Place: 0
[2024-07-24T23:00:47.737+0800][8.159s][gc,reloc    ] GC(105) Large Pages: 62 / 124M, Empty: 96M, Relocated: 0M, In-Place: 0
[2024-07-24T23:00:47.737+0800][8.159s][gc,reloc    ] GC(105) Forwarding Usage: 0M
[2024-07-24T23:00:47.737+0800][8.159s][gc,heap     ] GC(105) Min Capacity: 8M(6%)
[2024-07-24T23:00:47.737+0800][8.159s][gc,heap     ] GC(105) Max Capacity: 128M(100%)
[2024-07-24T23:00:47.737+0800][8.159s][gc,heap     ] GC(105) Soft Max Capacity: 128M(100%)
[2024-07-24T23:00:47.737+0800][8.159s][gc,heap     ] GC(105)                Mark Start          Mark End        Relocate Start      Relocate End           High               Low         
[2024-07-24T23:00:47.737+0800][8.159s][gc,heap     ] GC(105)  Capacity:      128M (100%)        128M (100%)        128M (100%)        128M (100%)        128M (100%)        128M (100%)   
[2024-07-24T23:00:47.737+0800][8.159s][gc,heap     ] GC(105)      Free:        0M (0%)            0M (0%)           94M (73%)          90M (70%)          98M (77%)           0M (0%)     
[2024-07-24T23:00:47.737+0800][8.159s][gc,heap     ] GC(105)      Used:      128M (100%)        128M (100%)         34M (27%)          38M (30%)         128M (100%)         30M (23%)    
[2024-07-24T23:00:47.737+0800][8.159s][gc,heap     ] GC(105)      Live:         -                29M (23%)          29M (23%)          29M (23%)            -                  -          
[2024-07-24T23:00:47.737+0800][8.159s][gc,heap     ] GC(105) Allocated:         -                 0M (0%)            4M (3%)            8M (6%)             -                  -          
[2024-07-24T23:00:47.737+0800][8.159s][gc,heap     ] GC(105)   Garbage:         -                98M (77%)           0M (1%)            0M (1%)             -                  -          
[2024-07-24T23:00:47.737+0800][8.159s][gc,heap     ] GC(105) Reclaimed:         -                  -                98M (77%)          98M (77%)            -                  -          
[2024-07-24T23:00:47.737+0800][8.159s][gc          ] GC(105) Garbage Collection (Allocation Stall) 128M(100%)->38M(30%)
[2024-07-24T23:00:47.746+0800][8.167s][gc,start    ] GC(106) Garbage Collection (Allocation Rate)
[2024-07-24T23:00:47.746+0800][8.167s][gc,task     ] GC(106) Using 1 workers
[2024-07-24T23:00:47.746+0800][8.168s][gc,phases   ] GC(106) Pause Mark Start 0.006ms
[2024-07-24T23:00:47.748+0800][8.170s][gc,phases   ] GC(106) Concurrent Mark 2.166ms
[2024-07-24T23:00:47.749+0800][8.170s][gc,phases   ] GC(106) Pause Mark End 0.006ms
[2024-07-24T23:00:47.749+0800][8.170s][gc,phases   ] GC(106) Concurrent Mark Free 0.001ms
[2024-07-24T23:00:47.750+0800][8.171s][gc,phases   ] GC(106) Concurrent Process Non-Strong References 0.854ms
[2024-07-24T23:00:47.750+0800][8.171s][gc,phases   ] GC(106) Concurrent Reset Relocation Set 0.000ms
[2024-07-24T23:00:47.751+0800][8.173s][gc,phases   ] GC(106) Concurrent Select Relocation Set 1.848ms
[2024-07-24T23:00:47.752+0800][8.173s][gc,phases   ] GC(106) Pause Relocate Start 0.007ms
[2024-07-24T23:00:47.753+0800][8.175s][gc,phases   ] GC(106) Concurrent Relocate 1.306ms
[2024-07-24T23:00:47.753+0800][8.175s][gc,load     ] GC(106) Load: 0.00/0.00/0.00
[2024-07-24T23:00:47.753+0800][8.175s][gc,mmu      ] GC(106) MMU: 2ms/94.0%, 5ms/97.6%, 10ms/98.7%, 20ms/99.3%, 50ms/99.7%, 100ms/99.8%
[2024-07-24T23:00:47.753+0800][8.175s][gc,marking  ] GC(106) Mark: 1 stripe(s), 1 proactive flush(es), 1 terminate flush(es), 0 completion(s), 0 continuation(s) 
[2024-07-24T23:00:47.753+0800][8.175s][gc,marking  ] GC(106) Mark Stack Usage: 32M
[2024-07-24T23:00:47.753+0800][8.175s][gc,nmethod  ] GC(106) NMethods: 273 registered, 0 unregistered
[2024-07-24T23:00:47.753+0800][8.175s][gc,metaspace] GC(106) Metaspace: 0M used, 0M committed, 1088M reserved
[2024-07-24T23:00:47.753+0800][8.175s][gc,ref      ] GC(106) Soft: 62 encountered, 0 discovered, 0 enqueued
[2024-07-24T23:00:47.753+0800][8.175s][gc,ref      ] GC(106) Weak: 187 encountered, 170 discovered, 0 enqueued
[2024-07-24T23:00:47.753+0800][8.175s][gc,ref      ] GC(106) Final: 0 encountered, 0 discovered, 0 enqueued
[2024-07-24T23:00:47.753+0800][8.175s][gc,ref      ] GC(106) Phantom: 1 encountered, 0 discovered, 0 enqueued
[2024-07-24T23:00:47.753+0800][8.175s][gc,reloc    ] GC(106) Small Pages: 2 / 4M, Empty: 0M, Relocated: 1M, In-Place: 0
[2024-07-24T23:00:47.753+0800][8.175s][gc,reloc    ] GC(106) Medium Pages: 0 / 0M, Empty: 0M, Relocated: 0M, In-Place: 0
[2024-07-24T23:00:47.753+0800][8.175s][gc,reloc    ] GC(106) Large Pages: 20 / 40M, Empty: 40M, Relocated: 0M, In-Place: 0
[2024-07-24T23:00:47.753+0800][8.175s][gc,reloc    ] GC(106) Forwarding Usage: 0M
[2024-07-24T23:00:47.753+0800][8.175s][gc,heap     ] GC(106) Min Capacity: 8M(6%)
[2024-07-24T23:00:47.753+0800][8.175s][gc,heap     ] GC(106) Max Capacity: 128M(100%)
[2024-07-24T23:00:47.753+0800][8.175s][gc,heap     ] GC(106) Soft Max Capacity: 128M(100%)
[2024-07-24T23:00:47.753+0800][8.175s][gc,heap     ] GC(106)                Mark Start          Mark End        Relocate Start      Relocate End           High               Low         
[2024-07-24T23:00:47.753+0800][8.175s][gc,heap     ] GC(106)  Capacity:      128M (100%)        128M (100%)        128M (100%)        128M (100%)        128M (100%)        128M (100%)   
[2024-07-24T23:00:47.753+0800][8.175s][gc,heap     ] GC(106)      Free:       84M (66%)          84M (66%)         124M (97%)         126M (98%)         126M (98%)          84M (66%)    
[2024-07-24T23:00:47.753+0800][8.175s][gc,heap     ] GC(106)      Used:       44M (34%)          44M (34%)           4M (3%)            2M (2%)           44M (34%)           2M (2%)     
[2024-07-24T23:00:47.753+0800][8.175s][gc,heap     ] GC(106)      Live:         -                 1M (1%)            1M (1%)            1M (1%)             -                  -          
[2024-07-24T23:00:47.753+0800][8.175s][gc,heap     ] GC(106) Allocated:         -                 0M (0%)            0M (0%)            0M (0%)             -                  -          
[2024-07-24T23:00:47.753+0800][8.175s][gc,heap     ] GC(106)   Garbage:         -                42M (33%)           2M (2%)            0M (1%)             -                  -          
[2024-07-24T23:00:47.754+0800][8.175s][gc,heap     ] GC(106) Reclaimed:         -                  -                40M (31%)          42M (33%)            -                  -          
[2024-07-24T23:00:47.754+0800][8.175s][gc          ] GC(106) Garbage Collection (Allocation Rate) 44M(34%)->2M(2%)
[2024-07-24T23:00:47.840+0800][8.261s][gc,start    ] GC(107) Garbage Collection (Allocation Rate)
[2024-07-24T23:00:47.840+0800][8.262s][gc,task     ] GC(107) Using 1 workers
[2024-07-24T23:00:47.840+0800][8.262s][gc,phases   ] GC(107) Pause Mark Start 0.008ms
[2024-07-24T23:00:47.844+0800][8.265s][gc,phases   ] GC(107) Concurrent Mark 3.322ms
[2024-07-24T23:00:47.844+0800][8.266s][gc,phases   ] GC(107) Pause Mark End 0.009ms
[2024-07-24T23:00:47.844+0800][8.266s][gc,phases   ] GC(107) Concurrent Mark Free 0.001ms
[2024-07-24T23:00:47.845+0800][8.267s][gc,phases   ] GC(107) Concurrent Process Non-Strong References 0.919ms
[2024-07-24T23:00:47.845+0800][8.267s][gc,phases   ] GC(107) Concurrent Reset Relocation Set 0.001ms
[2024-07-24T23:00:47.847+0800][8.268s][gc,phases   ] GC(107) Concurrent Select Relocation Set 1.646ms
[2024-07-24T23:00:47.847+0800][8.269s][gc,phases   ] GC(107) Pause Relocate Start 0.003ms
[2024-07-24T23:00:47.847+0800][8.269s][gc,phases   ] GC(107) Concurrent Relocate 0.074ms
[2024-07-24T23:00:47.847+0800][8.269s][gc,load     ] GC(107) Load: 0.00/0.00/0.00
[2024-07-24T23:00:47.847+0800][8.269s][gc,mmu      ] GC(107) MMU: 2ms/94.0%, 5ms/97.6%, 10ms/98.7%, 20ms/99.3%, 50ms/99.7%, 100ms/99.8%
[2024-07-24T23:00:47.847+0800][8.269s][gc,marking  ] GC(107) Mark: 1 stripe(s), 2 proactive flush(es), 1 terminate flush(es), 0 completion(s), 0 continuation(s) 
[2024-07-24T23:00:47.847+0800][8.269s][gc,marking  ] GC(107) Mark Stack Usage: 32M
[2024-07-24T23:00:47.847+0800][8.269s][gc,nmethod  ] GC(107) NMethods: 273 registered, 0 unregistered
[2024-07-24T23:00:47.847+0800][8.269s][gc,metaspace] GC(107) Metaspace: 0M used, 0M committed, 1088M reserved
[2024-07-24T23:00:47.847+0800][8.269s][gc,ref      ] GC(107) Soft: 62 encountered, 0 discovered, 0 enqueued
[2024-07-24T23:00:47.847+0800][8.269s][gc,ref      ] GC(107) Weak: 187 encountered, 170 discovered, 0 enqueued
[2024-07-24T23:00:47.847+0800][8.269s][gc,ref      ] GC(107) Final: 0 encountered, 0 discovered, 0 enqueued
[2024-07-24T23:00:47.847+0800][8.269s][gc,ref      ] GC(107) Phantom: 1 encountered, 0 discovered, 0 enqueued
[2024-07-24T23:00:47.847+0800][8.269s][gc,reloc    ] GC(107) Small Pages: 2 / 4M, Empty: 2M, Relocated: 0M, In-Place: 0
[2024-07-24T23:00:47.847+0800][8.269s][gc,reloc    ] GC(107) Medium Pages: 0 / 0M, Empty: 0M, Relocated: 0M, In-Place: 0
[2024-07-24T23:00:47.847+0800][8.269s][gc,reloc    ] GC(107) Large Pages: 52 / 104M, Empty: 102M, Relocated: 0M, In-Place: 0
[2024-07-24T23:00:47.847+0800][8.269s][gc,reloc    ] GC(107) Forwarding Usage: 0M
[2024-07-24T23:00:47.847+0800][8.269s][gc,heap     ] GC(107) Min Capacity: 8M(6%)
[2024-07-24T23:00:47.847+0800][8.269s][gc,heap     ] GC(107) Max Capacity: 128M(100%)
[2024-07-24T23:00:47.848+0800][8.269s][gc,heap     ] GC(107) Soft Max Capacity: 128M(100%)
[2024-07-24T23:00:47.848+0800][8.269s][gc,heap     ] GC(107)                Mark Start          Mark End        Relocate Start      Relocate End           High               Low         
[2024-07-24T23:00:47.848+0800][8.269s][gc,heap     ] GC(107)  Capacity:      128M (100%)        128M (100%)        128M (100%)        128M (100%)        128M (100%)        128M (100%)   
[2024-07-24T23:00:47.848+0800][8.269s][gc,heap     ] GC(107)      Free:       20M (16%)           2M (2%)          106M (83%)         106M (83%)         106M (83%)           2M (2%)     
[2024-07-24T23:00:47.848+0800][8.269s][gc,heap     ] GC(107)      Used:      108M (84%)         126M (98%)          22M (17%)          22M (17%)         126M (98%)          22M (17%)    
[2024-07-24T23:00:47.848+0800][8.269s][gc,heap     ] GC(107)      Live:         -                 3M (3%)            3M (3%)            3M (3%)             -                  -          
[2024-07-24T23:00:47.848+0800][8.269s][gc,heap     ] GC(107) Allocated:         -                18M (14%)          18M (14%)          18M (14%)            -                  -          
[2024-07-24T23:00:47.848+0800][8.269s][gc,heap     ] GC(107)   Garbage:         -               104M (82%)           0M (1%)            0M (1%)             -                  -          
[2024-07-24T23:00:47.848+0800][8.269s][gc,heap     ] GC(107) Reclaimed:         -                  -               104M (81%)         104M (81%)            -                  -          
[2024-07-24T23:00:47.848+0800][8.269s][gc          ] GC(107) Garbage Collection (Allocation Rate) 108M(84%)->22M(17%)
[2024-07-24T23:00:47.933+0800][8.355s][gc,start    ] GC(108) Garbage Collection (Allocation Rate)
[2024-07-24T23:00:47.933+0800][8.355s][gc,task     ] GC(108) Using 1 workers
[2024-07-24T23:00:47.934+0800][8.355s][gc,phases   ] GC(108) Pause Mark Start 0.010ms
[2024-07-24T23:00:47.937+0800][8.359s][gc,phases   ] GC(108) Concurrent Mark 3.134ms
[2024-07-24T23:00:47.937+0800][8.359s][gc,phases   ] GC(108) Pause Mark End 0.010ms
[2024-07-24T23:00:47.937+0800][8.359s][gc,phases   ] GC(108) Concurrent Mark Free 0.001ms
[2024-07-24T23:00:47.938+0800][8.360s][gc,phases   ] GC(108) Concurrent Process Non-Strong References 0.937ms
[2024-07-24T23:00:47.938+0800][8.360s][gc,phases   ] GC(108) Concurrent Reset Relocation Set 0.000ms
[2024-07-24T23:00:47.940+0800][8.361s][gc          ] Allocation Stall (main) 5.331ms
[2024-07-24T23:00:47.940+0800][8.361s][gc,phases   ] GC(108) Concurrent Select Relocation Set 1.451ms
[2024-07-24T23:00:47.940+0800][8.362s][gc,phases   ] GC(108) Pause Relocate Start 0.004ms
[2024-07-24T23:00:47.940+0800][8.362s][gc,phases   ] GC(108) Concurrent Relocate 0.116ms
[2024-07-24T23:00:47.940+0800][8.362s][gc,load     ] GC(108) Load: 0.00/0.00/0.00
[2024-07-24T23:00:47.940+0800][8.362s][gc,mmu      ] GC(108) MMU: 2ms/94.0%, 5ms/97.6%, 10ms/98.7%, 20ms/99.3%, 50ms/99.7%, 100ms/99.8%
[2024-07-24T23:00:47.940+0800][8.362s][gc,marking  ] GC(108) Mark: 1 stripe(s), 2 proactive flush(es), 1 terminate flush(es), 0 completion(s), 0 continuation(s) 
[2024-07-24T23:00:47.940+0800][8.362s][gc,marking  ] GC(108) Mark Stack Usage: 32M
[2024-07-24T23:00:47.940+0800][8.362s][gc,nmethod  ] GC(108) NMethods: 273 registered, 0 unregistered
[2024-07-24T23:00:47.940+0800][8.362s][gc,metaspace] GC(108) Metaspace: 0M used, 0M committed, 1088M reserved
[2024-07-24T23:00:47.940+0800][8.362s][gc,ref      ] GC(108) Soft: 62 encountered, 0 discovered, 0 enqueued
[2024-07-24T23:00:47.940+0800][8.362s][gc,ref      ] GC(108) Weak: 187 encountered, 170 discovered, 0 enqueued
[2024-07-24T23:00:47.940+0800][8.362s][gc,ref      ] GC(108) Final: 0 encountered, 0 discovered, 0 enqueued
[2024-07-24T23:00:47.940+0800][8.362s][gc,ref      ] GC(108) Phantom: 1 encountered, 0 discovered, 0 enqueued
[2024-07-24T23:00:47.940+0800][8.362s][gc,reloc    ] GC(108) Small Pages: 2 / 4M, Empty: 2M, Relocated: 0M, In-Place: 0
[2024-07-24T23:00:47.940+0800][8.362s][gc,reloc    ] GC(108) Medium Pages: 0 / 0M, Empty: 0M, Relocated: 0M, In-Place: 0
[2024-07-24T23:00:47.940+0800][8.362s][gc,reloc    ] GC(108) Large Pages: 62 / 124M, Empty: 98M, Relocated: 0M, In-Place: 0
[2024-07-24T23:00:47.940+0800][8.362s][gc,reloc    ] GC(108) Forwarding Usage: 0M
[2024-07-24T23:00:47.940+0800][8.362s][gc,heap     ] GC(108) Min Capacity: 8M(6%)
[2024-07-24T23:00:47.940+0800][8.362s][gc,heap     ] GC(108) Max Capacity: 128M(100%)
[2024-07-24T23:00:47.940+0800][8.362s][gc,heap     ] GC(108) Soft Max Capacity: 128M(100%)
[2024-07-24T23:00:47.940+0800][8.362s][gc,heap     ] GC(108)                Mark Start          Mark End        Relocate Start      Relocate End           High               Low         
[2024-07-24T23:00:47.940+0800][8.362s][gc,heap     ] GC(108)  Capacity:      128M (100%)        128M (100%)        128M (100%)        128M (100%)        128M (100%)        128M (100%)   
[2024-07-24T23:00:47.940+0800][8.362s][gc,heap     ] GC(108)      Free:        0M (0%)            0M (0%)           96M (75%)          92M (72%)         100M (78%)           0M (0%)     
[2024-07-24T23:00:47.940+0800][8.362s][gc,heap     ] GC(108)      Used:      128M (100%)        128M (100%)         32M (25%)          36M (28%)         128M (100%)         28M (22%)    
[2024-07-24T23:00:47.941+0800][8.362s][gc,heap     ] GC(108)      Live:         -                27M (21%)          27M (21%)          27M (21%)            -                  -          
[2024-07-24T23:00:47.941+0800][8.362s][gc,heap     ] GC(108) Allocated:         -                 0M (0%)            4M (3%)            8M (6%)             -                  -          
[2024-07-24T23:00:47.941+0800][8.362s][gc,heap     ] GC(108)   Garbage:         -               100M (79%)           0M (1%)            0M (1%)             -                  -          
[2024-07-24T23:00:47.941+0800][8.362s][gc,heap     ] GC(108) Reclaimed:         -                  -               100M (78%)         100M (78%)            -                  -          
[2024-07-24T23:00:47.941+0800][8.362s][gc          ] GC(108) Garbage Collection (Allocation Rate) 128M(100%)->36M(28%)
[2024-07-24T23:00:48.029+0800][8.450s][gc,start    ] GC(109) Garbage Collection (Allocation Stall)
[2024-07-24T23:00:48.029+0800][8.450s][gc,ref      ] GC(109) Clearing All SoftReferences
[2024-07-24T23:00:48.029+0800][8.450s][gc,task     ] GC(109) Using 1 workers
[2024-07-24T23:00:48.029+0800][8.451s][gc,ref      ] GC(109) Clearing All SoftReferences
[2024-07-24T23:00:48.029+0800][8.451s][gc,phases   ] GC(109) Pause Mark Start 0.043ms
[2024-07-24T23:00:48.031+0800][8.453s][gc,phases   ] GC(109) Concurrent Mark 2.082ms
[2024-07-24T23:00:48.031+0800][8.453s][gc,phases   ] GC(109) Pause Mark End 0.005ms
[2024-07-24T23:00:48.031+0800][8.453s][gc,phases   ] GC(109) Concurrent Mark Free 0.001ms
[2024-07-24T23:00:48.032+0800][8.454s][gc,phases   ] GC(109) Concurrent Process Non-Strong References 0.902ms
[2024-07-24T23:00:48.032+0800][8.454s][gc,phases   ] GC(109) Concurrent Reset Relocation Set 0.000ms
[2024-07-24T23:00:48.034+0800][8.456s][gc          ] Allocation Stall (main) 5.293ms
[2024-07-24T23:00:48.034+0800][8.456s][gc,phases   ] GC(109) Concurrent Select Relocation Set 1.454ms
[2024-07-24T23:00:48.034+0800][8.456s][gc,phases   ] GC(109) Pause Relocate Start 0.004ms
[2024-07-24T23:00:48.034+0800][8.456s][gc,phases   ] GC(109) Concurrent Relocate 0.029ms
[2024-07-24T23:00:48.034+0800][8.456s][gc,load     ] GC(109) Load: 0.00/0.00/0.00
[2024-07-24T23:00:48.034+0800][8.456s][gc,mmu      ] GC(109) MMU: 2ms/94.0%, 5ms/97.6%, 10ms/98.7%, 20ms/99.3%, 50ms/99.7%, 100ms/99.8%
[2024-07-24T23:00:48.034+0800][8.456s][gc,marking  ] GC(109) Mark: 1 stripe(s), 1 proactive flush(es), 1 terminate flush(es), 0 completion(s), 0 continuation(s) 
[2024-07-24T23:00:48.034+0800][8.456s][gc,marking  ] GC(109) Mark Stack Usage: 32M
[2024-07-24T23:00:48.034+0800][8.456s][gc,nmethod  ] GC(109) NMethods: 273 registered, 0 unregistered
[2024-07-24T23:00:48.034+0800][8.456s][gc,metaspace] GC(109) Metaspace: 0M used, 0M committed, 1088M reserved
[2024-07-24T23:00:48.034+0800][8.456s][gc,ref      ] GC(109) Soft: 62 encountered, 37 discovered, 0 enqueued
[2024-07-24T23:00:48.034+0800][8.456s][gc,ref      ] GC(109) Weak: 187 encountered, 170 discovered, 0 enqueued
[2024-07-24T23:00:48.034+0800][8.456s][gc,ref      ] GC(109) Final: 0 encountered, 0 discovered, 0 enqueued
[2024-07-24T23:00:48.034+0800][8.456s][gc,ref      ] GC(109) Phantom: 1 encountered, 0 discovered, 0 enqueued
[2024-07-24T23:00:48.034+0800][8.456s][gc,reloc    ] GC(109) Small Pages: 2 / 4M, Empty: 2M, Relocated: 0M, In-Place: 0
[2024-07-24T23:00:48.034+0800][8.456s][gc,reloc    ] GC(109) Medium Pages: 0 / 0M, Empty: 0M, Relocated: 0M, In-Place: 0
[2024-07-24T23:00:48.034+0800][8.456s][gc,reloc    ] GC(109) Large Pages: 62 / 124M, Empty: 120M, Relocated: 0M, In-Place: 0
[2024-07-24T23:00:48.034+0800][8.456s][gc,reloc    ] GC(109) Forwarding Usage: 0M
[2024-07-24T23:00:48.034+0800][8.456s][gc,heap     ] GC(109) Min Capacity: 8M(6%)
[2024-07-24T23:00:48.034+0800][8.456s][gc,heap     ] GC(109) Max Capacity: 128M(100%)
[2024-07-24T23:00:48.034+0800][8.456s][gc,heap     ] GC(109) Soft Max Capacity: 128M(100%)
[2024-07-24T23:00:48.034+0800][8.456s][gc,heap     ] GC(109)                Mark Start          Mark End        Relocate Start      Relocate End           High               Low         
[2024-07-24T23:00:48.034+0800][8.456s][gc,heap     ] GC(109)  Capacity:      128M (100%)        128M (100%)        128M (100%)        128M (100%)        128M (100%)        128M (100%)   
[2024-07-24T23:00:48.034+0800][8.456s][gc,heap     ] GC(109)      Free:        0M (0%)            0M (0%)          120M (94%)         120M (94%)         122M (95%)           0M (0%)     
[2024-07-24T23:00:48.034+0800][8.456s][gc,heap     ] GC(109)      Used:      128M (100%)        128M (100%)          8M (6%)            8M (6%)          128M (100%)          6M (5%)     
[2024-07-24T23:00:48.034+0800][8.456s][gc,heap     ] GC(109)      Live:         -                 5M (4%)            5M (4%)            5M (4%)             -                  -          
[2024-07-24T23:00:48.034+0800][8.456s][gc,heap     ] GC(109) Allocated:         -                 0M (0%)            2M (2%)            2M (2%)             -                  -          
[2024-07-24T23:00:48.034+0800][8.457s][gc,heap     ] GC(109)   Garbage:         -               122M (96%)           0M (1%)            0M (1%)             -                  -          
[2024-07-24T23:00:48.034+0800][8.457s][gc,heap     ] GC(109) Reclaimed:         -                  -               122M (95%)         122M (95%)            -                  -          
[2024-07-24T23:00:48.034+0800][8.457s][gc          ] GC(109) Garbage Collection (Allocation Stall) 128M(100%)->8M(6%)
[2024-07-24T23:00:48.045+0800][8.466s][gc,start    ] GC(110) Garbage Collection (Allocation Rate)
[2024-07-24T23:00:48.045+0800][8.466s][gc,task     ] GC(110) Using 1 workers
[2024-07-24T23:00:48.045+0800][8.466s][gc,phases   ] GC(110) Pause Mark Start 0.011ms
[2024-07-24T23:00:48.047+0800][8.469s][gc,phases   ] GC(110) Concurrent Mark 2.136ms
[2024-07-24T23:00:48.047+0800][8.469s][gc,phases   ] GC(110) Pause Mark End 0.007ms
[2024-07-24T23:00:48.047+0800][8.469s][gc,phases   ] GC(110) Concurrent Mark Free 0.001ms
[2024-07-24T23:00:48.048+0800][8.470s][gc,phases   ] GC(110) Concurrent Process Non-Strong References 0.865ms
[2024-07-24T23:00:48.048+0800][8.470s][gc,phases   ] GC(110) Concurrent Reset Relocation Set 0.000ms
[2024-07-24T23:00:48.049+0800][8.472s][gc,phases   ] GC(110) Concurrent Select Relocation Set 1.629ms
[2024-07-24T23:00:48.050+0800][8.472s][gc,phases   ] GC(110) Pause Relocate Start 0.004ms
[2024-07-24T23:00:48.051+0800][8.473s][gc,phases   ] GC(110) Concurrent Relocate 0.973ms
[2024-07-24T23:00:48.051+0800][8.473s][gc,load     ] GC(110) Load: 0.00/0.00/0.00
[2024-07-24T23:00:48.051+0800][8.473s][gc,mmu      ] GC(110) MMU: 2ms/94.0%, 5ms/97.6%, 10ms/98.7%, 20ms/99.3%, 50ms/99.7%, 100ms/99.8%
[2024-07-24T23:00:48.051+0800][8.473s][gc,marking  ] GC(110) Mark: 1 stripe(s), 1 proactive flush(es), 1 terminate flush(es), 0 completion(s), 0 continuation(s) 
[2024-07-24T23:00:48.051+0800][8.473s][gc,marking  ] GC(110) Mark Stack Usage: 32M
[2024-07-24T23:00:48.051+0800][8.473s][gc,nmethod  ] GC(110) NMethods: 273 registered, 0 unregistered
[2024-07-24T23:00:48.051+0800][8.473s][gc,metaspace] GC(110) Metaspace: 0M used, 0M committed, 1088M reserved
[2024-07-24T23:00:48.051+0800][8.473s][gc,ref      ] GC(110) Soft: 62 encountered, 0 discovered, 0 enqueued
[2024-07-24T23:00:48.051+0800][8.473s][gc,ref      ] GC(110) Weak: 187 encountered, 170 discovered, 0 enqueued
[2024-07-24T23:00:48.051+0800][8.473s][gc,ref      ] GC(110) Final: 0 encountered, 0 discovered, 0 enqueued
[2024-07-24T23:00:48.051+0800][8.473s][gc,ref      ] GC(110) Phantom: 1 encountered, 0 discovered, 0 enqueued
[2024-07-24T23:00:48.051+0800][8.473s][gc,reloc    ] GC(110) Small Pages: 2 / 4M, Empty: 0M, Relocated: 1M, In-Place: 0
[2024-07-24T23:00:48.051+0800][8.473s][gc,reloc    ] GC(110) Medium Pages: 0 / 0M, Empty: 0M, Relocated: 0M, In-Place: 0
[2024-07-24T23:00:48.051+0800][8.473s][gc,reloc    ] GC(110) Large Pages: 10 / 20M, Empty: 0M, Relocated: 0M, In-Place: 0
[2024-07-24T23:00:48.051+0800][8.473s][gc,reloc    ] GC(110) Forwarding Usage: 0M
[2024-07-24T23:00:48.051+0800][8.473s][gc,heap     ] GC(110) Min Capacity: 8M(6%)
[2024-07-24T23:00:48.051+0800][8.473s][gc,heap     ] GC(110) Max Capacity: 128M(100%)
[2024-07-24T23:00:48.051+0800][8.473s][gc,heap     ] GC(110) Soft Max Capacity: 128M(100%)
[2024-07-24T23:00:48.051+0800][8.473s][gc,heap     ] GC(110)                Mark Start          Mark End        Relocate Start      Relocate End           High               Low         
[2024-07-24T23:00:48.051+0800][8.473s][gc,heap     ] GC(110)  Capacity:      128M (100%)        128M (100%)        128M (100%)        128M (100%)        128M (100%)        128M (100%)   
[2024-07-24T23:00:48.051+0800][8.473s][gc,heap     ] GC(110)      Free:      104M (81%)         104M (81%)         104M (81%)         106M (83%)         106M (83%)         102M (80%)    
[2024-07-24T23:00:48.051+0800][8.473s][gc,heap     ] GC(110)      Used:       24M (19%)          24M (19%)          24M (19%)          22M (17%)          26M (20%)          22M (17%)    
[2024-07-24T23:00:48.051+0800][8.473s][gc,heap     ] GC(110)      Live:         -                21M (17%)          21M (17%)          21M (17%)            -                  -          
[2024-07-24T23:00:48.051+0800][8.473s][gc,heap     ] GC(110) Allocated:         -                 0M (0%)            0M (0%)            0M (0%)             -                  -          
[2024-07-24T23:00:48.051+0800][8.473s][gc,heap     ] GC(110)   Garbage:         -                 2M (2%)            2M (2%)            0M (1%)             -                  -          
[2024-07-24T23:00:48.051+0800][8.473s][gc,heap     ] GC(110) Reclaimed:         -                  -                 0M (0%)            2M (2%)             -                  -          
[2024-07-24T23:00:48.051+0800][8.473s][gc          ] GC(110) Garbage Collection (Allocation Rate) 24M(19%)->22M(17%)
[2024-07-24T23:00:48.138+0800][8.559s][gc,start    ] GC(111) Garbage Collection (Allocation Rate)
[2024-07-24T23:00:48.138+0800][8.559s][gc,task     ] GC(111) Using 1 workers
[2024-07-24T23:00:48.138+0800][8.559s][gc,phases   ] GC(111) Pause Mark Start 0.009ms
[2024-07-24T23:00:48.140+0800][8.562s][gc,phases   ] GC(111) Concurrent Mark 2.856ms
[2024-07-24T23:00:48.141+0800][8.563s][gc,phases   ] GC(111) Pause Mark End 0.007ms
[2024-07-24T23:00:48.141+0800][8.563s][gc,phases   ] GC(111) Concurrent Mark Free 0.001ms
[2024-07-24T23:00:48.142+0800][8.564s][gc,phases   ] GC(111) Concurrent Process Non-Strong References 0.854ms
[2024-07-24T23:00:48.142+0800][8.564s][gc,phases   ] GC(111) Concurrent Reset Relocation Set 0.001ms
[2024-07-24T23:00:48.143+0800][8.565s][gc          ] Allocation Stall (main) 5.101ms
[2024-07-24T23:00:48.143+0800][8.565s][gc,phases   ] GC(111) Concurrent Select Relocation Set 1.614ms
[2024-07-24T23:00:48.143+0800][8.565s][gc,phases   ] GC(111) Pause Relocate Start 0.005ms
[2024-07-24T23:00:48.144+0800][8.566s][gc,phases   ] GC(111) Concurrent Relocate 0.102ms
[2024-07-24T23:00:48.144+0800][8.566s][gc,load     ] GC(111) Load: 0.00/0.00/0.00
[2024-07-24T23:00:48.144+0800][8.566s][gc,mmu      ] GC(111) MMU: 2ms/94.0%, 5ms/97.6%, 10ms/98.7%, 20ms/99.3%, 50ms/99.7%, 100ms/99.8%
[2024-07-24T23:00:48.144+0800][8.566s][gc,marking  ] GC(111) Mark: 1 stripe(s), 2 proactive flush(es), 1 terminate flush(es), 0 completion(s), 0 continuation(s) 
[2024-07-24T23:00:48.144+0800][8.566s][gc,marking  ] GC(111) Mark Stack Usage: 32M
[2024-07-24T23:00:48.144+0800][8.566s][gc,nmethod  ] GC(111) NMethods: 273 registered, 0 unregistered
[2024-07-24T23:00:48.144+0800][8.566s][gc,metaspace] GC(111) Metaspace: 0M used, 0M committed, 1088M reserved
[2024-07-24T23:00:48.144+0800][8.566s][gc,ref      ] GC(111) Soft: 62 encountered, 0 discovered, 0 enqueued
[2024-07-24T23:00:48.144+0800][8.566s][gc,ref      ] GC(111) Weak: 187 encountered, 170 discovered, 0 enqueued
[2024-07-24T23:00:48.144+0800][8.566s][gc,ref      ] GC(111) Final: 0 encountered, 0 discovered, 0 enqueued
[2024-07-24T23:00:48.144+0800][8.566s][gc,ref      ] GC(111) Phantom: 1 encountered, 0 discovered, 0 enqueued
[2024-07-24T23:00:48.144+0800][8.566s][gc,reloc    ] GC(111) Small Pages: 2 / 4M, Empty: 2M, Relocated: 0M, In-Place: 0
[2024-07-24T23:00:48.144+0800][8.566s][gc,reloc    ] GC(111) Medium Pages: 0 / 0M, Empty: 0M, Relocated: 0M, In-Place: 0
[2024-07-24T23:00:48.144+0800][8.566s][gc,reloc    ] GC(111) Large Pages: 62 / 124M, Empty: 120M, Relocated: 0M, In-Place: 0
[2024-07-24T23:00:48.144+0800][8.566s][gc,reloc    ] GC(111) Forwarding Usage: 0M
[2024-07-24T23:00:48.144+0800][8.566s][gc,heap     ] GC(111) Min Capacity: 8M(6%)
[2024-07-24T23:00:48.144+0800][8.566s][gc,heap     ] GC(111) Max Capacity: 128M(100%)
[2024-07-24T23:00:48.144+0800][8.566s][gc,heap     ] GC(111) Soft Max Capacity: 128M(100%)
[2024-07-24T23:00:48.144+0800][8.566s][gc,heap     ] GC(111)                Mark Start          Mark End        Relocate Start      Relocate End           High               Low         
[2024-07-24T23:00:48.144+0800][8.566s][gc,heap     ] GC(111)  Capacity:      128M (100%)        128M (100%)        128M (100%)        128M (100%)        128M (100%)        128M (100%)   
[2024-07-24T23:00:48.144+0800][8.566s][gc,heap     ] GC(111)      Free:        0M (0%)            0M (0%)          120M (94%)         116M (91%)         122M (95%)           0M (0%)     
[2024-07-24T23:00:48.144+0800][8.566s][gc,heap     ] GC(111)      Used:      128M (100%)        128M (100%)          8M (6%)           12M (9%)          128M (100%)          6M (5%)     
[2024-07-24T23:00:48.144+0800][8.566s][gc,heap     ] GC(111)      Live:         -                 5M (4%)            5M (4%)            5M (4%)             -                  -          
[2024-07-24T23:00:48.144+0800][8.566s][gc,heap     ] GC(111) Allocated:         -                 0M (0%)            2M (2%)            6M (5%)             -                  -          
[2024-07-24T23:00:48.144+0800][8.566s][gc,heap     ] GC(111)   Garbage:         -               122M (96%)           0M (1%)            0M (1%)             -                  -          
[2024-07-24T23:00:48.144+0800][8.566s][gc,heap     ] GC(111) Reclaimed:         -                  -               122M (95%)         122M (95%)            -                  -          
[2024-07-24T23:00:48.144+0800][8.566s][gc          ] GC(111) Garbage Collection (Allocation Rate) 128M(100%)->12M(9%)
[2024-07-24T23:00:48.248+0800][8.669s][gc,start    ] GC(112) Garbage Collection (Allocation Stall)
[2024-07-24T23:00:48.248+0800][8.669s][gc,ref      ] GC(112) Clearing All SoftReferences
[2024-07-24T23:00:48.248+0800][8.669s][gc,task     ] GC(112) Using 1 workers
[2024-07-24T23:00:48.248+0800][8.669s][gc,ref      ] GC(112) Clearing All SoftReferences
[2024-07-24T23:00:48.248+0800][8.670s][gc,phases   ] GC(112) Pause Mark Start 0.049ms
[2024-07-24T23:00:48.251+0800][8.672s][gc,phases   ] GC(112) Concurrent Mark 2.844ms
[2024-07-24T23:00:48.251+0800][8.673s][gc,phases   ] GC(112) Pause Mark End 0.014ms
[2024-07-24T23:00:48.251+0800][8.673s][gc,phases   ] GC(112) Concurrent Mark Free 0.002ms
[2024-07-24T23:00:48.252+0800][8.674s][gc,phases   ] GC(112) Concurrent Process Non-Strong References 1.125ms
[2024-07-24T23:00:48.252+0800][8.674s][gc,phases   ] GC(112) Concurrent Reset Relocation Set 0.000ms
[2024-07-24T23:00:48.253+0800][8.675s][gc          ] Allocation Stall (main) 6.162ms
[2024-07-24T23:00:48.254+0800][8.675s][gc,phases   ] GC(112) Concurrent Select Relocation Set 1.362ms
[2024-07-24T23:00:48.254+0800][8.676s][gc,phases   ] GC(112) Pause Relocate Start 0.005ms
[2024-07-24T23:00:48.254+0800][8.676s][gc,phases   ] GC(112) Concurrent Relocate 0.108ms
[2024-07-24T23:00:48.254+0800][8.676s][gc,load     ] GC(112) Load: 0.00/0.00/0.00
[2024-07-24T23:00:48.254+0800][8.676s][gc,mmu      ] GC(112) MMU: 2ms/94.0%, 5ms/97.6%, 10ms/98.7%, 20ms/99.3%, 50ms/99.7%, 100ms/99.8%
[2024-07-24T23:00:48.254+0800][8.676s][gc,marking  ] GC(112) Mark: 1 stripe(s), 1 proactive flush(es), 1 terminate flush(es), 0 completion(s), 0 continuation(s) 
[2024-07-24T23:00:48.254+0800][8.676s][gc,marking  ] GC(112) Mark Stack Usage: 32M
[2024-07-24T23:00:48.254+0800][8.676s][gc,nmethod  ] GC(112) NMethods: 273 registered, 0 unregistered
[2024-07-24T23:00:48.254+0800][8.676s][gc,metaspace] GC(112) Metaspace: 0M used, 0M committed, 1088M reserved
[2024-07-24T23:00:48.254+0800][8.676s][gc,ref      ] GC(112) Soft: 62 encountered, 37 discovered, 0 enqueued
[2024-07-24T23:00:48.254+0800][8.676s][gc,ref      ] GC(112) Weak: 187 encountered, 170 discovered, 0 enqueued
[2024-07-24T23:00:48.254+0800][8.676s][gc,ref      ] GC(112) Final: 0 encountered, 0 discovered, 0 enqueued
[2024-07-24T23:00:48.254+0800][8.676s][gc,ref      ] GC(112) Phantom: 1 encountered, 0 discovered, 0 enqueued
[2024-07-24T23:00:48.254+0800][8.676s][gc,reloc    ] GC(112) Small Pages: 2 / 4M, Empty: 2M, Relocated: 0M, In-Place: 0
[2024-07-24T23:00:48.254+0800][8.676s][gc,reloc    ] GC(112) Medium Pages: 0 / 0M, Empty: 0M, Relocated: 0M, In-Place: 0
[2024-07-24T23:00:48.254+0800][8.676s][gc,reloc    ] GC(112) Large Pages: 62 / 124M, Empty: 120M, Relocated: 0M, In-Place: 0
[2024-07-24T23:00:48.254+0800][8.676s][gc,reloc    ] GC(112) Forwarding Usage: 0M
[2024-07-24T23:00:48.254+0800][8.676s][gc,heap     ] GC(112) Min Capacity: 8M(6%)
[2024-07-24T23:00:48.254+0800][8.676s][gc,heap     ] GC(112) Max Capacity: 128M(100%)
[2024-07-24T23:00:48.254+0800][8.676s][gc,heap     ] GC(112) Soft Max Capacity: 128M(100%)
[2024-07-24T23:00:48.254+0800][8.676s][gc,heap     ] GC(112)                Mark Start          Mark End        Relocate Start      Relocate End           High               Low         
[2024-07-24T23:00:48.254+0800][8.676s][gc,heap     ] GC(112)  Capacity:      128M (100%)        128M (100%)        128M (100%)        128M (100%)        128M (100%)        128M (100%)   
[2024-07-24T23:00:48.254+0800][8.676s][gc,heap     ] GC(112)      Free:        0M (0%)            0M (0%)          120M (94%)         114M (89%)         122M (95%)           0M (0%)     
[2024-07-24T23:00:48.254+0800][8.676s][gc,heap     ] GC(112)      Used:      128M (100%)        128M (100%)          8M (6%)           14M (11%)         128M (100%)          6M (5%)     
[2024-07-24T23:00:48.254+0800][8.676s][gc,heap     ] GC(112)      Live:         -                 5M (4%)            5M (4%)            5M (4%)             -                  -          
[2024-07-24T23:00:48.254+0800][8.676s][gc,heap     ] GC(112) Allocated:         -                 0M (0%)            2M (2%)            8M (6%)             -                  -          
[2024-07-24T23:00:48.254+0800][8.676s][gc,heap     ] GC(112)   Garbage:         -               122M (96%)           0M (1%)            0M (1%)             -                  -          
[2024-07-24T23:00:48.254+0800][8.676s][gc,heap     ] GC(112) Reclaimed:         -                  -               122M (95%)         122M (95%)            -                  -          
[2024-07-24T23:00:48.254+0800][8.676s][gc          ] GC(112) Garbage Collection (Allocation Stall) 128M(100%)->14M(11%)
[2024-07-24T23:00:48.342+0800][8.763s][gc,start    ] GC(113) Garbage Collection (Allocation Rate)
[2024-07-24T23:00:48.342+0800][8.763s][gc,task     ] GC(113) Using 1 workers
[2024-07-24T23:00:48.342+0800][8.764s][gc,phases   ] GC(113) Pause Mark Start 0.010ms
[2024-07-24T23:00:48.344+0800][8.766s][gc,phases   ] GC(113) Concurrent Mark 2.324ms
[2024-07-24T23:00:48.344+0800][8.766s][gc,phases   ] GC(113) Pause Mark End 0.008ms
[2024-07-24T23:00:48.344+0800][8.766s][gc,phases   ] GC(113) Concurrent Mark Free 0.001ms
[2024-07-24T23:00:48.345+0800][8.767s][gc,phases   ] GC(113) Concurrent Process Non-Strong References 0.742ms
[2024-07-24T23:00:48.345+0800][8.767s][gc,phases   ] GC(113) Concurrent Reset Relocation Set 0.000ms
[2024-07-24T23:00:48.347+0800][8.769s][gc,phases   ] GC(113) Concurrent Select Relocation Set 1.656ms
[2024-07-24T23:00:48.347+0800][8.769s][gc,phases   ] GC(113) Pause Relocate Start 0.004ms
[2024-07-24T23:00:48.347+0800][8.769s][gc,phases   ] GC(113) Concurrent Relocate 0.075ms
[2024-07-24T23:00:48.347+0800][8.769s][gc,load     ] GC(113) Load: 0.00/0.00/0.00
[2024-07-24T23:00:48.347+0800][8.769s][gc,mmu      ] GC(113) MMU: 2ms/94.0%, 5ms/97.6%, 10ms/98.7%, 20ms/99.3%, 50ms/99.7%, 100ms/99.8%
[2024-07-24T23:00:48.347+0800][8.769s][gc,marking  ] GC(113) Mark: 1 stripe(s), 2 proactive flush(es), 1 terminate flush(es), 0 completion(s), 0 continuation(s) 
[2024-07-24T23:00:48.347+0800][8.769s][gc,marking  ] GC(113) Mark Stack Usage: 32M
[2024-07-24T23:00:48.347+0800][8.769s][gc,nmethod  ] GC(113) NMethods: 273 registered, 0 unregistered
[2024-07-24T23:00:48.347+0800][8.769s][gc,metaspace] GC(113) Metaspace: 0M used, 0M committed, 1088M reserved
[2024-07-24T23:00:48.347+0800][8.769s][gc,ref      ] GC(113) Soft: 62 encountered, 0 discovered, 0 enqueued
[2024-07-24T23:00:48.347+0800][8.769s][gc,ref      ] GC(113) Weak: 187 encountered, 170 discovered, 0 enqueued
[2024-07-24T23:00:48.347+0800][8.769s][gc,ref      ] GC(113) Final: 0 encountered, 0 discovered, 0 enqueued
[2024-07-24T23:00:48.347+0800][8.769s][gc,ref      ] GC(113) Phantom: 1 encountered, 0 discovered, 0 enqueued
[2024-07-24T23:00:48.347+0800][8.769s][gc,reloc    ] GC(113) Small Pages: 2 / 4M, Empty: 2M, Relocated: 0M, In-Place: 0
[2024-07-24T23:00:48.347+0800][8.769s][gc,reloc    ] GC(113) Medium Pages: 0 / 0M, Empty: 0M, Relocated: 0M, In-Place: 0
[2024-07-24T23:00:48.347+0800][8.769s][gc,reloc    ] GC(113) Large Pages: 54 / 108M, Empty: 106M, Relocated: 0M, In-Place: 0
[2024-07-24T23:00:48.347+0800][8.769s][gc,reloc    ] GC(113) Forwarding Usage: 0M
[2024-07-24T23:00:48.347+0800][8.769s][gc,heap     ] GC(113) Min Capacity: 8M(6%)
[2024-07-24T23:00:48.347+0800][8.769s][gc,heap     ] GC(113) Max Capacity: 128M(100%)
[2024-07-24T23:00:48.347+0800][8.769s][gc,heap     ] GC(113) Soft Max Capacity: 128M(100%)
[2024-07-24T23:00:48.347+0800][8.769s][gc,heap     ] GC(113)                Mark Start          Mark End        Relocate Start      Relocate End           High               Low         
[2024-07-24T23:00:48.347+0800][8.770s][gc,heap     ] GC(113)  Capacity:      128M (100%)        128M (100%)        128M (100%)        128M (100%)        128M (100%)        128M (100%)   
[2024-07-24T23:00:48.347+0800][8.770s][gc,heap     ] GC(113)      Free:       16M (12%)           2M (2%)          110M (86%)         110M (86%)         110M (86%)           2M (2%)     
[2024-07-24T23:00:48.348+0800][8.770s][gc,heap     ] GC(113)      Used:      112M (88%)         126M (98%)          18M (14%)          18M (14%)         126M (98%)          18M (14%)    
[2024-07-24T23:00:48.348+0800][8.770s][gc,heap     ] GC(113)      Live:         -                 3M (3%)            3M (3%)            3M (3%)             -                  -          
[2024-07-24T23:00:48.348+0800][8.770s][gc,heap     ] GC(113) Allocated:         -                14M (11%)          14M (11%)          14M (11%)            -                  -          
[2024-07-24T23:00:48.348+0800][8.770s][gc,heap     ] GC(113)   Garbage:         -               108M (85%)           0M (1%)            0M (1%)             -                  -          
[2024-07-24T23:00:48.348+0800][8.770s][gc,heap     ] GC(113) Reclaimed:         -                  -               108M (84%)         108M (84%)            -                  -          
[2024-07-24T23:00:48.348+0800][8.770s][gc          ] GC(113) Garbage Collection (Allocation Rate) 112M(88%)->18M(14%)
[2024-07-24T23:00:48.436+0800][8.858s][gc,start    ] GC(114) Garbage Collection (Allocation Rate)
[2024-07-24T23:00:48.436+0800][8.858s][gc,task     ] GC(114) Using 1 workers
[2024-07-24T23:00:48.436+0800][8.858s][gc,phases   ] GC(114) Pause Mark Start 0.006ms
[2024-07-24T23:00:48.439+0800][8.860s][gc,phases   ] GC(114) Concurrent Mark 2.230ms
[2024-07-24T23:00:48.439+0800][8.861s][gc,phases   ] GC(114) Pause Mark End 0.006ms
[2024-07-24T23:00:48.439+0800][8.861s][gc,phases   ] GC(114) Concurrent Mark Free 0.001ms
[2024-07-24T23:00:48.440+0800][8.862s][gc,phases   ] GC(114) Concurrent Process Non-Strong References 0.888ms
[2024-07-24T23:00:48.440+0800][8.862s][gc,phases   ] GC(114) Concurrent Reset Relocation Set 0.000ms
[2024-07-24T23:00:48.441+0800][8.863s][gc          ] Allocation Stall (main) 4.572ms
[2024-07-24T23:00:48.442+0800][8.863s][gc,phases   ] GC(114) Concurrent Select Relocation Set 1.710ms
[2024-07-24T23:00:48.442+0800][8.864s][gc,phases   ] GC(114) Pause Relocate Start 0.005ms
[2024-07-24T23:00:48.442+0800][8.864s][gc,phases   ] GC(114) Concurrent Relocate 0.165ms
[2024-07-24T23:00:48.442+0800][8.864s][gc,load     ] GC(114) Load: 0.00/0.00/0.00
[2024-07-24T23:00:48.442+0800][8.864s][gc,mmu      ] GC(114) MMU: 2ms/94.0%, 5ms/97.6%, 10ms/98.7%, 20ms/99.3%, 50ms/99.7%, 100ms/99.8%
[2024-07-24T23:00:48.442+0800][8.864s][gc,marking  ] GC(114) Mark: 1 stripe(s), 2 proactive flush(es), 1 terminate flush(es), 0 completion(s), 0 continuation(s) 
[2024-07-24T23:00:48.442+0800][8.864s][gc,marking  ] GC(114) Mark Stack Usage: 32M
[2024-07-24T23:00:48.442+0800][8.864s][gc,nmethod  ] GC(114) NMethods: 273 registered, 0 unregistered
[2024-07-24T23:00:48.442+0800][8.864s][gc,metaspace] GC(114) Metaspace: 0M used, 0M committed, 1088M reserved
[2024-07-24T23:00:48.442+0800][8.864s][gc,ref      ] GC(114) Soft: 62 encountered, 0 discovered, 0 enqueued
[2024-07-24T23:00:48.442+0800][8.864s][gc,ref      ] GC(114) Weak: 187 encountered, 170 discovered, 0 enqueued
[2024-07-24T23:00:48.442+0800][8.864s][gc,ref      ] GC(114) Final: 0 encountered, 0 discovered, 0 enqueued
[2024-07-24T23:00:48.442+0800][8.864s][gc,ref      ] GC(114) Phantom: 1 encountered, 0 discovered, 0 enqueued
[2024-07-24T23:00:48.442+0800][8.864s][gc,reloc    ] GC(114) Small Pages: 2 / 4M, Empty: 2M, Relocated: 0M, In-Place: 0
[2024-07-24T23:00:48.442+0800][8.864s][gc,reloc    ] GC(114) Medium Pages: 0 / 0M, Empty: 0M, Relocated: 0M, In-Place: 0
[2024-07-24T23:00:48.442+0800][8.864s][gc,reloc    ] GC(114) Large Pages: 61 / 122M, Empty: 94M, Relocated: 0M, In-Place: 0
[2024-07-24T23:00:48.442+0800][8.864s][gc,reloc    ] GC(114) Forwarding Usage: 0M
[2024-07-24T23:00:48.442+0800][8.864s][gc,heap     ] GC(114) Min Capacity: 8M(6%)
[2024-07-24T23:00:48.442+0800][8.864s][gc,heap     ] GC(114) Max Capacity: 128M(100%)
[2024-07-24T23:00:48.442+0800][8.864s][gc,heap     ] GC(114) Soft Max Capacity: 128M(100%)
[2024-07-24T23:00:48.442+0800][8.864s][gc,heap     ] GC(114)                Mark Start          Mark End        Relocate Start      Relocate End           High               Low         
[2024-07-24T23:00:48.442+0800][8.864s][gc,heap     ] GC(114)  Capacity:      128M (100%)        128M (100%)        128M (100%)        128M (100%)        128M (100%)        128M (100%)   
[2024-07-24T23:00:48.442+0800][8.864s][gc,heap     ] GC(114)      Free:        2M (2%)            0M (0%)           94M (73%)          88M (69%)          96M (75%)           0M (0%)     
[2024-07-24T23:00:48.442+0800][8.864s][gc,heap     ] GC(114)      Used:      126M (98%)         128M (100%)         34M (27%)          40M (31%)         128M (100%)         32M (25%)    
[2024-07-24T23:00:48.442+0800][8.864s][gc,heap     ] GC(114)      Live:         -                29M (23%)          29M (23%)          29M (23%)            -                  -          
[2024-07-24T23:00:48.443+0800][8.864s][gc,heap     ] GC(114) Allocated:         -                 2M (2%)            4M (3%)           10M (8%)             -                  -          
[2024-07-24T23:00:48.443+0800][8.864s][gc,heap     ] GC(114)   Garbage:         -                96M (76%)           0M (1%)            0M (1%)             -                  -          
[2024-07-24T23:00:48.443+0800][8.864s][gc,heap     ] GC(114) Reclaimed:         -                  -                96M (75%)          96M (75%)            -                  -          
[2024-07-24T23:00:48.443+0800][8.864s][gc          ] GC(114) Garbage Collection (Allocation Rate) 126M(98%)->40M(31%)
[2024-07-24T23:00:48.531+0800][8.953s][gc,start    ] GC(115) Garbage Collection (Allocation Stall)
[2024-07-24T23:00:48.531+0800][8.953s][gc,ref      ] GC(115) Clearing All SoftReferences
[2024-07-24T23:00:48.531+0800][8.953s][gc,task     ] GC(115) Using 1 workers
[2024-07-24T23:00:48.532+0800][8.953s][gc,ref      ] GC(115) Clearing All SoftReferences
[2024-07-24T23:00:48.532+0800][8.953s][gc,phases   ] GC(115) Pause Mark Start 0.040ms
[2024-07-24T23:00:48.533+0800][8.955s][gc,phases   ] GC(115) Concurrent Mark 1.811ms
[2024-07-24T23:00:48.534+0800][8.955s][gc,phases   ] GC(115) Pause Mark End 0.006ms
[2024-07-24T23:00:48.534+0800][8.955s][gc,phases   ] GC(115) Concurrent Mark Free 0.001ms
[2024-07-24T23:00:48.535+0800][8.956s][gc,phases   ] GC(115) Concurrent Process Non-Strong References 1.019ms
[2024-07-24T23:00:48.535+0800][8.956s][gc,phases   ] GC(115) Concurrent Reset Relocation Set 0.001ms
[2024-07-24T23:00:48.537+0800][8.958s][gc          ] Allocation Stall (main) 5.523ms
[2024-07-24T23:00:48.537+0800][8.958s][gc,phases   ] GC(115) Concurrent Select Relocation Set 1.810ms
[2024-07-24T23:00:48.537+0800][8.959s][gc,phases   ] GC(115) Pause Relocate Start 0.006ms
[2024-07-24T23:00:48.537+0800][8.959s][gc,phases   ] GC(115) Concurrent Relocate 0.112ms
[2024-07-24T23:00:48.537+0800][8.959s][gc,load     ] GC(115) Load: 0.00/0.00/0.00
[2024-07-24T23:00:48.537+0800][8.959s][gc,mmu      ] GC(115) MMU: 2ms/94.0%, 5ms/97.6%, 10ms/98.7%, 20ms/99.3%, 50ms/99.7%, 100ms/99.8%
[2024-07-24T23:00:48.537+0800][8.959s][gc,marking  ] GC(115) Mark: 1 stripe(s), 1 proactive flush(es), 1 terminate flush(es), 0 completion(s), 0 continuation(s) 
[2024-07-24T23:00:48.537+0800][8.959s][gc,marking  ] GC(115) Mark Stack Usage: 32M
[2024-07-24T23:00:48.537+0800][8.959s][gc,nmethod  ] GC(115) NMethods: 273 registered, 0 unregistered
[2024-07-24T23:00:48.537+0800][8.959s][gc,metaspace] GC(115) Metaspace: 0M used, 0M committed, 1088M reserved
[2024-07-24T23:00:48.537+0800][8.959s][gc,ref      ] GC(115) Soft: 62 encountered, 37 discovered, 0 enqueued
[2024-07-24T23:00:48.537+0800][8.959s][gc,ref      ] GC(115) Weak: 187 encountered, 170 discovered, 0 enqueued
[2024-07-24T23:00:48.537+0800][8.959s][gc,ref      ] GC(115) Final: 0 encountered, 0 discovered, 0 enqueued
[2024-07-24T23:00:48.537+0800][8.959s][gc,ref      ] GC(115) Phantom: 1 encountered, 0 discovered, 0 enqueued
[2024-07-24T23:00:48.537+0800][8.959s][gc,reloc    ] GC(115) Small Pages: 2 / 4M, Empty: 2M, Relocated: 0M, In-Place: 0
[2024-07-24T23:00:48.537+0800][8.959s][gc,reloc    ] GC(115) Medium Pages: 0 / 0M, Empty: 0M, Relocated: 0M, In-Place: 0
[2024-07-24T23:00:48.538+0800][8.959s][gc,reloc    ] GC(115) Large Pages: 62 / 124M, Empty: 120M, Relocated: 0M, In-Place: 0
[2024-07-24T23:00:48.538+0800][8.959s][gc,reloc    ] GC(115) Forwarding Usage: 0M
[2024-07-24T23:00:48.538+0800][8.959s][gc,heap     ] GC(115) Min Capacity: 8M(6%)
[2024-07-24T23:00:48.538+0800][8.959s][gc,heap     ] GC(115) Max Capacity: 128M(100%)
[2024-07-24T23:00:48.538+0800][8.959s][gc,heap     ] GC(115) Soft Max Capacity: 128M(100%)
[2024-07-24T23:00:48.538+0800][8.959s][gc,heap     ] GC(115)                Mark Start          Mark End        Relocate Start      Relocate End           High               Low         
[2024-07-24T23:00:48.538+0800][8.959s][gc,heap     ] GC(115)  Capacity:      128M (100%)        128M (100%)        128M (100%)        128M (100%)        128M (100%)        128M (100%)   
[2024-07-24T23:00:48.538+0800][8.959s][gc,heap     ] GC(115)      Free:        0M (0%)            0M (0%)          120M (94%)         116M (91%)         122M (95%)           0M (0%)     
[2024-07-24T23:00:48.538+0800][8.959s][gc,heap     ] GC(115)      Used:      128M (100%)        128M (100%)          8M (6%)           12M (9%)          128M (100%)          6M (5%)     
[2024-07-24T23:00:48.538+0800][8.959s][gc,heap     ] GC(115)      Live:         -                 5M (4%)            5M (4%)            5M (4%)             -                  -          
[2024-07-24T23:00:48.538+0800][8.959s][gc,heap     ] GC(115) Allocated:         -                 0M (0%)            2M (2%)            6M (5%)             -                  -          
[2024-07-24T23:00:48.538+0800][8.959s][gc,heap     ] GC(115)   Garbage:         -               122M (96%)           0M (1%)            0M (1%)             -                  -          
[2024-07-24T23:00:48.538+0800][8.959s][gc,heap     ] GC(115) Reclaimed:         -                  -               122M (95%)         122M (95%)            -                  -          
[2024-07-24T23:00:48.538+0800][8.959s][gc          ] GC(115) Garbage Collection (Allocation Stall) 128M(100%)->12M(9%)
[2024-07-24T23:00:48.547+0800][8.969s][gc,start    ] GC(116) Garbage Collection (Allocation Rate)
[2024-07-24T23:00:48.547+0800][8.969s][gc,task     ] GC(116) Using 1 workers
[2024-07-24T23:00:48.547+0800][8.969s][gc,phases   ] GC(116) Pause Mark Start 0.013ms
[2024-07-24T23:00:48.550+0800][8.971s][gc,phases   ] GC(116) Concurrent Mark 2.175ms
[2024-07-24T23:00:48.550+0800][8.971s][gc,phases   ] GC(116) Pause Mark End 0.009ms
[2024-07-24T23:00:48.550+0800][8.972s][gc,phases   ] GC(116) Concurrent Mark Free 0.001ms
[2024-07-24T23:00:48.551+0800][8.972s][gc,phases   ] GC(116) Concurrent Process Non-Strong References 0.748ms
[2024-07-24T23:00:48.551+0800][8.972s][gc,phases   ] GC(116) Concurrent Reset Relocation Set 0.000ms
[2024-07-24T23:00:48.553+0800][8.974s][gc,phases   ] GC(116) Concurrent Select Relocation Set 2.091ms
[2024-07-24T23:00:48.553+0800][8.975s][gc,phases   ] GC(116) Pause Relocate Start 0.006ms
[2024-07-24T23:00:48.554+0800][8.976s][gc,phases   ] GC(116) Concurrent Relocate 0.894ms
[2024-07-24T23:00:48.554+0800][8.976s][gc,load     ] GC(116) Load: 0.00/0.00/0.00
[2024-07-24T23:00:48.554+0800][8.976s][gc,mmu      ] GC(116) MMU: 2ms/94.0%, 5ms/97.6%, 10ms/98.7%, 20ms/99.3%, 50ms/99.7%, 100ms/99.8%
[2024-07-24T23:00:48.554+0800][8.976s][gc,marking  ] GC(116) Mark: 1 stripe(s), 1 proactive flush(es), 1 terminate flush(es), 0 completion(s), 0 continuation(s) 
[2024-07-24T23:00:48.554+0800][8.976s][gc,marking  ] GC(116) Mark Stack Usage: 32M
[2024-07-24T23:00:48.554+0800][8.976s][gc,nmethod  ] GC(116) NMethods: 273 registered, 0 unregistered
[2024-07-24T23:00:48.554+0800][8.976s][gc,metaspace] GC(116) Metaspace: 0M used, 0M committed, 1088M reserved
[2024-07-24T23:00:48.554+0800][8.976s][gc,ref      ] GC(116) Soft: 62 encountered, 0 discovered, 0 enqueued
[2024-07-24T23:00:48.554+0800][8.976s][gc,ref      ] GC(116) Weak: 187 encountered, 170 discovered, 0 enqueued
[2024-07-24T23:00:48.554+0800][8.976s][gc,ref      ] GC(116) Final: 0 encountered, 0 discovered, 0 enqueued
[2024-07-24T23:00:48.554+0800][8.976s][gc,ref      ] GC(116) Phantom: 1 encountered, 0 discovered, 0 enqueued
[2024-07-24T23:00:48.554+0800][8.976s][gc,reloc    ] GC(116) Small Pages: 2 / 4M, Empty: 0M, Relocated: 1M, In-Place: 0
[2024-07-24T23:00:48.554+0800][8.976s][gc,reloc    ] GC(116) Medium Pages: 0 / 0M, Empty: 0M, Relocated: 0M, In-Place: 0
[2024-07-24T23:00:48.554+0800][8.976s][gc,reloc    ] GC(116) Large Pages: 10 / 20M, Empty: 0M, Relocated: 0M, In-Place: 0
[2024-07-24T23:00:48.554+0800][8.976s][gc,reloc    ] GC(116) Forwarding Usage: 0M
[2024-07-24T23:00:48.554+0800][8.976s][gc,heap     ] GC(116) Min Capacity: 8M(6%)
[2024-07-24T23:00:48.554+0800][8.976s][gc,heap     ] GC(116) Max Capacity: 128M(100%)
[2024-07-24T23:00:48.554+0800][8.976s][gc,heap     ] GC(116) Soft Max Capacity: 128M(100%)
[2024-07-24T23:00:48.554+0800][8.976s][gc,heap     ] GC(116)                Mark Start          Mark End        Relocate Start      Relocate End           High               Low         
[2024-07-24T23:00:48.554+0800][8.976s][gc,heap     ] GC(116)  Capacity:      128M (100%)        128M (100%)        128M (100%)        128M (100%)        128M (100%)        128M (100%)   
[2024-07-24T23:00:48.554+0800][8.976s][gc,heap     ] GC(116)      Free:      104M (81%)         104M (81%)         104M (81%)         106M (83%)         106M (83%)         102M (80%)    
[2024-07-24T23:00:48.554+0800][8.976s][gc,heap     ] GC(116)      Used:       24M (19%)          24M (19%)          24M (19%)          22M (17%)          26M (20%)          22M (17%)    
[2024-07-24T23:00:48.554+0800][8.976s][gc,heap     ] GC(116)      Live:         -                21M (17%)          21M (17%)          21M (17%)            -                  -          
[2024-07-24T23:00:48.554+0800][8.976s][gc,heap     ] GC(116) Allocated:         -                 0M (0%)            0M (0%)            0M (0%)             -                  -          
[2024-07-24T23:00:48.554+0800][8.976s][gc,heap     ] GC(116)   Garbage:         -                 2M (2%)            2M (2%)            0M (1%)             -                  -          
[2024-07-24T23:00:48.554+0800][8.976s][gc,heap     ] GC(116) Reclaimed:         -                  -                 0M (0%)            2M (2%)             -                  -          
[2024-07-24T23:00:48.554+0800][8.976s][gc          ] GC(116) Garbage Collection (Allocation Rate) 24M(19%)->22M(17%)
[2024-07-24T23:00:48.643+0800][9.064s][gc,start    ] GC(117) Garbage Collection (Allocation Rate)
[2024-07-24T23:00:48.643+0800][9.064s][gc,task     ] GC(117) Using 1 workers
[2024-07-24T23:00:48.643+0800][9.065s][gc,phases   ] GC(117) Pause Mark Start 0.008ms
[2024-07-24T23:00:48.646+0800][9.068s][gc,phases   ] GC(117) Concurrent Mark 2.852ms
[2024-07-24T23:00:48.646+0800][9.068s][gc,phases   ] GC(117) Pause Mark End 0.006ms
[2024-07-24T23:00:48.646+0800][9.068s][gc,phases   ] GC(117) Concurrent Mark Free 0.001ms
[2024-07-24T23:00:48.647+0800][9.069s][gc,phases   ] GC(117) Concurrent Process Non-Strong References 0.916ms
[2024-07-24T23:00:48.647+0800][9.069s][gc,phases   ] GC(117) Concurrent Reset Relocation Set 0.001ms
[2024-07-24T23:00:48.649+0800][9.071s][gc          ] Allocation Stall (main) 5.285ms
[2024-07-24T23:00:48.649+0800][9.071s][gc,phases   ] GC(117) Concurrent Select Relocation Set 1.677ms
[2024-07-24T23:00:48.649+0800][9.071s][gc,phases   ] GC(117) Pause Relocate Start 0.004ms
[2024-07-24T23:00:48.649+0800][9.071s][gc,phases   ] GC(117) Concurrent Relocate 0.120ms
[2024-07-24T23:00:48.649+0800][9.071s][gc,load     ] GC(117) Load: 0.00/0.00/0.00
[2024-07-24T23:00:48.649+0800][9.071s][gc,mmu      ] GC(117) MMU: 2ms/94.0%, 5ms/97.6%, 10ms/98.7%, 20ms/99.3%, 50ms/99.7%, 100ms/99.8%
[2024-07-24T23:00:48.649+0800][9.071s][gc,marking  ] GC(117) Mark: 1 stripe(s), 2 proactive flush(es), 1 terminate flush(es), 0 completion(s), 0 continuation(s) 
[2024-07-24T23:00:48.649+0800][9.071s][gc,marking  ] GC(117) Mark Stack Usage: 32M
[2024-07-24T23:00:48.649+0800][9.071s][gc,nmethod  ] GC(117) NMethods: 274 registered, 0 unregistered
[2024-07-24T23:00:48.649+0800][9.071s][gc,metaspace] GC(117) Metaspace: 0M used, 0M committed, 1088M reserved
[2024-07-24T23:00:48.649+0800][9.071s][gc,ref      ] GC(117) Soft: 62 encountered, 0 discovered, 0 enqueued
[2024-07-24T23:00:48.649+0800][9.071s][gc,ref      ] GC(117) Weak: 187 encountered, 170 discovered, 0 enqueued
[2024-07-24T23:00:48.649+0800][9.071s][gc,ref      ] GC(117) Final: 0 encountered, 0 discovered, 0 enqueued
[2024-07-24T23:00:48.649+0800][9.071s][gc,ref      ] GC(117) Phantom: 1 encountered, 0 discovered, 0 enqueued
[2024-07-24T23:00:48.649+0800][9.071s][gc,reloc    ] GC(117) Small Pages: 2 / 4M, Empty: 2M, Relocated: 0M, In-Place: 0
[2024-07-24T23:00:48.649+0800][9.071s][gc,reloc    ] GC(117) Medium Pages: 0 / 0M, Empty: 0M, Relocated: 0M, In-Place: 0
[2024-07-24T23:00:48.649+0800][9.072s][gc,reloc    ] GC(117) Large Pages: 62 / 124M, Empty: 120M, Relocated: 0M, In-Place: 0
[2024-07-24T23:00:48.649+0800][9.072s][gc,reloc    ] GC(117) Forwarding Usage: 0M
[2024-07-24T23:00:48.649+0800][9.072s][gc,heap     ] GC(117) Min Capacity: 8M(6%)
[2024-07-24T23:00:48.649+0800][9.072s][gc,heap     ] GC(117) Max Capacity: 128M(100%)
[2024-07-24T23:00:48.649+0800][9.072s][gc,heap     ] GC(117) Soft Max Capacity: 128M(100%)
[2024-07-24T23:00:48.649+0800][9.072s][gc,heap     ] GC(117)                Mark Start          Mark End        Relocate Start      Relocate End           High               Low         
[2024-07-24T23:00:48.649+0800][9.072s][gc,heap     ] GC(117)  Capacity:      128M (100%)        128M (100%)        128M (100%)        128M (100%)        128M (100%)        128M (100%)   
[2024-07-24T23:00:48.649+0800][9.072s][gc,heap     ] GC(117)      Free:        0M (0%)            0M (0%)          120M (94%)         114M (89%)         122M (95%)           0M (0%)     
[2024-07-24T23:00:48.650+0800][9.072s][gc,heap     ] GC(117)      Used:      128M (100%)        128M (100%)          8M (6%)           14M (11%)         128M (100%)          6M (5%)     
[2024-07-24T23:00:48.650+0800][9.072s][gc,heap     ] GC(117)      Live:         -                 5M (4%)            5M (4%)            5M (4%)             -                  -          
[2024-07-24T23:00:48.650+0800][9.072s][gc,heap     ] GC(117) Allocated:         -                 0M (0%)            2M (2%)            8M (6%)             -                  -          
[2024-07-24T23:00:48.650+0800][9.072s][gc,heap     ] GC(117)   Garbage:         -               122M (96%)           0M (1%)            0M (1%)             -                  -          
[2024-07-24T23:00:48.650+0800][9.072s][gc,heap     ] GC(117) Reclaimed:         -                  -               122M (95%)         122M (95%)            -                  -          
[2024-07-24T23:00:48.650+0800][9.072s][gc          ] GC(117) Garbage Collection (Allocation Rate) 128M(100%)->14M(11%)
[2024-07-24T23:00:48.737+0800][9.158s][gc,start    ] GC(118) Garbage Collection (Allocation Stall)
[2024-07-24T23:00:48.737+0800][9.158s][gc,ref      ] GC(118) Clearing All SoftReferences
[2024-07-24T23:00:48.737+0800][9.158s][gc,task     ] GC(118) Using 1 workers
[2024-07-24T23:00:48.737+0800][9.159s][gc,ref      ] GC(118) Clearing All SoftReferences
[2024-07-24T23:00:48.737+0800][9.159s][gc,phases   ] GC(118) Pause Mark Start 0.071ms
[2024-07-24T23:00:48.741+0800][9.163s][gc,phases   ] GC(118) Concurrent Mark 3.856ms
[2024-07-24T23:00:48.741+0800][9.163s][gc,phases   ] GC(118) Pause Mark End 0.008ms
[2024-07-24T23:00:48.741+0800][9.163s][gc,phases   ] GC(118) Concurrent Mark Free 0.001ms
[2024-07-24T23:00:48.742+0800][9.164s][gc,phases   ] GC(118) Concurrent Process Non-Strong References 0.866ms
[2024-07-24T23:00:48.742+0800][9.164s][gc,phases   ] GC(118) Concurrent Reset Relocation Set 0.000ms
[2024-07-24T23:00:48.743+0800][9.166s][gc,phases   ] GC(118) Concurrent Select Relocation Set 1.627ms
[2024-07-24T23:00:48.744+0800][9.166s][gc,phases   ] GC(118) Pause Relocate Start 0.004ms
[2024-07-24T23:00:48.744+0800][9.166s][gc,phases   ] GC(118) Concurrent Relocate 0.074ms
[2024-07-24T23:00:48.744+0800][9.166s][gc,load     ] GC(118) Load: 0.00/0.00/0.00
[2024-07-24T23:00:48.744+0800][9.166s][gc,mmu      ] GC(118) MMU: 2ms/94.0%, 5ms/97.6%, 10ms/98.7%, 20ms/99.3%, 50ms/99.7%, 100ms/99.8%
[2024-07-24T23:00:48.744+0800][9.166s][gc,marking  ] GC(118) Mark: 1 stripe(s), 2 proactive flush(es), 1 terminate flush(es), 0 completion(s), 0 continuation(s) 
[2024-07-24T23:00:48.744+0800][9.166s][gc,marking  ] GC(118) Mark Stack Usage: 32M
[2024-07-24T23:00:48.744+0800][9.166s][gc,nmethod  ] GC(118) NMethods: 284 registered, 0 unregistered
[2024-07-24T23:00:48.744+0800][9.166s][gc,metaspace] GC(118) Metaspace: 0M used, 0M committed, 1088M reserved
[2024-07-24T23:00:48.744+0800][9.166s][gc,ref      ] GC(118) Soft: 62 encountered, 35 discovered, 0 enqueued
[2024-07-24T23:00:48.744+0800][9.166s][gc,ref      ] GC(118) Weak: 187 encountered, 170 discovered, 0 enqueued
[2024-07-24T23:00:48.744+0800][9.166s][gc,ref      ] GC(118) Final: 0 encountered, 0 discovered, 0 enqueued
[2024-07-24T23:00:48.744+0800][9.166s][gc,ref      ] GC(118) Phantom: 1 encountered, 0 discovered, 0 enqueued
[2024-07-24T23:00:48.744+0800][9.166s][gc,reloc    ] GC(118) Small Pages: 2 / 4M, Empty: 2M, Relocated: 0M, In-Place: 0
[2024-07-24T23:00:48.744+0800][9.166s][gc,reloc    ] GC(118) Medium Pages: 0 / 0M, Empty: 0M, Relocated: 0M, In-Place: 0
[2024-07-24T23:00:48.744+0800][9.166s][gc,reloc    ] GC(118) Large Pages: 53 / 106M, Empty: 104M, Relocated: 0M, In-Place: 0
[2024-07-24T23:00:48.744+0800][9.166s][gc,reloc    ] GC(118) Forwarding Usage: 0M
[2024-07-24T23:00:48.744+0800][9.166s][gc,heap     ] GC(118) Min Capacity: 8M(6%)
[2024-07-24T23:00:48.744+0800][9.166s][gc,heap     ] GC(118) Max Capacity: 128M(100%)
[2024-07-24T23:00:48.744+0800][9.166s][gc,heap     ] GC(118) Soft Max Capacity: 128M(100%)
[2024-07-24T23:00:48.744+0800][9.166s][gc,heap     ] GC(118)                Mark Start          Mark End        Relocate Start      Relocate End           High               Low         
[2024-07-24T23:00:48.744+0800][9.166s][gc,heap     ] GC(118)  Capacity:      128M (100%)        128M (100%)        128M (100%)        128M (100%)        128M (100%)        128M (100%)   
[2024-07-24T23:00:48.744+0800][9.166s][gc,heap     ] GC(118)      Free:       18M (14%)           2M (2%)          108M (84%)         108M (84%)         108M (84%)           2M (2%)     
[2024-07-24T23:00:48.744+0800][9.166s][gc,heap     ] GC(118)      Used:      110M (86%)         126M (98%)          20M (16%)          20M (16%)         126M (98%)          20M (16%)    
[2024-07-24T23:00:48.744+0800][9.166s][gc,heap     ] GC(118)      Live:         -                 3M (3%)            3M (3%)            3M (3%)             -                  -          
[2024-07-24T23:00:48.744+0800][9.166s][gc,heap     ] GC(118) Allocated:         -                16M (12%)          16M (12%)          16M (12%)            -                  -          
[2024-07-24T23:00:48.744+0800][9.166s][gc,heap     ] GC(118)   Garbage:         -               106M (83%)           0M (1%)            0M (1%)             -                  -          
[2024-07-24T23:00:48.744+0800][9.166s][gc,heap     ] GC(118) Reclaimed:         -                  -               106M (83%)         106M (83%)            -                  -          
[2024-07-24T23:00:48.744+0800][9.166s][gc          ] GC(118) Garbage Collection (Allocation Stall) 110M(86%)->20M(16%)
[2024-07-24T23:00:48.831+0800][9.253s][gc,start    ] GC(119) Garbage Collection (Allocation Stall)
[2024-07-24T23:00:48.831+0800][9.253s][gc,ref      ] GC(119) Clearing All SoftReferences
[2024-07-24T23:00:48.831+0800][9.253s][gc,task     ] GC(119) Using 1 workers
[2024-07-24T23:00:48.831+0800][9.253s][gc,ref      ] GC(119) Clearing All SoftReferences
[2024-07-24T23:00:48.831+0800][9.253s][gc,phases   ] GC(119) Pause Mark Start 0.033ms
[2024-07-24T23:00:48.834+0800][9.256s][gc,phases   ] GC(119) Concurrent Mark 2.121ms
[2024-07-24T23:00:48.834+0800][9.256s][gc,phases   ] GC(119) Pause Mark End 0.010ms
[2024-07-24T23:00:48.834+0800][9.256s][gc,phases   ] GC(119) Concurrent Mark Free 0.001ms
[2024-07-24T23:00:48.835+0800][9.257s][gc,phases   ] GC(119) Concurrent Process Non-Strong References 1.012ms
[2024-07-24T23:00:48.835+0800][9.257s][gc,phases   ] GC(119) Concurrent Reset Relocation Set 0.000ms
[2024-07-24T23:00:48.836+0800][9.258s][gc          ] Allocation Stall (main) 5.422ms
[2024-07-24T23:00:48.837+0800][9.258s][gc,phases   ] GC(119) Concurrent Select Relocation Set 1.456ms
[2024-07-24T23:00:48.837+0800][9.259s][gc,phases   ] GC(119) Pause Relocate Start 0.005ms
[2024-07-24T23:00:48.837+0800][9.259s][gc,phases   ] GC(119) Concurrent Relocate 0.113ms
[2024-07-24T23:00:48.837+0800][9.259s][gc,load     ] GC(119) Load: 0.00/0.00/0.00
[2024-07-24T23:00:48.837+0800][9.259s][gc,mmu      ] GC(119) MMU: 2ms/94.0%, 5ms/97.6%, 10ms/98.7%, 20ms/99.3%, 50ms/99.7%, 100ms/99.8%
[2024-07-24T23:00:48.837+0800][9.259s][gc,marking  ] GC(119) Mark: 1 stripe(s), 1 proactive flush(es), 1 terminate flush(es), 0 completion(s), 0 continuation(s) 
[2024-07-24T23:00:48.837+0800][9.259s][gc,marking  ] GC(119) Mark Stack Usage: 32M
[2024-07-24T23:00:48.837+0800][9.259s][gc,nmethod  ] GC(119) NMethods: 284 registered, 0 unregistered
[2024-07-24T23:00:48.837+0800][9.259s][gc,metaspace] GC(119) Metaspace: 0M used, 0M committed, 1088M reserved
[2024-07-24T23:00:48.837+0800][9.259s][gc,ref      ] GC(119) Soft: 62 encountered, 37 discovered, 0 enqueued
[2024-07-24T23:00:48.837+0800][9.259s][gc,ref      ] GC(119) Weak: 187 encountered, 170 discovered, 0 enqueued
[2024-07-24T23:00:48.837+0800][9.259s][gc,ref      ] GC(119) Final: 0 encountered, 0 discovered, 0 enqueued
[2024-07-24T23:00:48.837+0800][9.259s][gc,ref      ] GC(119) Phantom: 1 encountered, 0 discovered, 0 enqueued
[2024-07-24T23:00:48.837+0800][9.259s][gc,reloc    ] GC(119) Small Pages: 2 / 4M, Empty: 2M, Relocated: 0M, In-Place: 0
[2024-07-24T23:00:48.837+0800][9.259s][gc,reloc    ] GC(119) Medium Pages: 0 / 0M, Empty: 0M, Relocated: 0M, In-Place: 0
[2024-07-24T23:00:48.837+0800][9.259s][gc,reloc    ] GC(119) Large Pages: 62 / 124M, Empty: 96M, Relocated: 0M, In-Place: 0
[2024-07-24T23:00:48.837+0800][9.259s][gc,reloc    ] GC(119) Forwarding Usage: 0M
[2024-07-24T23:00:48.837+0800][9.259s][gc,heap     ] GC(119) Min Capacity: 8M(6%)
[2024-07-24T23:00:48.837+0800][9.259s][gc,heap     ] GC(119) Max Capacity: 128M(100%)
[2024-07-24T23:00:48.837+0800][9.259s][gc,heap     ] GC(119) Soft Max Capacity: 128M(100%)
[2024-07-24T23:00:48.837+0800][9.259s][gc,heap     ] GC(119)                Mark Start          Mark End        Relocate Start      Relocate End           High               Low         
[2024-07-24T23:00:48.837+0800][9.259s][gc,heap     ] GC(119)  Capacity:      128M (100%)        128M (100%)        128M (100%)        128M (100%)        128M (100%)        128M (100%)   
[2024-07-24T23:00:48.837+0800][9.259s][gc,heap     ] GC(119)      Free:        0M (0%)            0M (0%)           96M (75%)          90M (70%)          98M (77%)           0M (0%)     
[2024-07-24T23:00:48.837+0800][9.259s][gc,heap     ] GC(119)      Used:      128M (100%)        128M (100%)         32M (25%)          38M (30%)         128M (100%)         30M (23%)    
[2024-07-24T23:00:48.837+0800][9.259s][gc,heap     ] GC(119)      Live:         -                29M (23%)          29M (23%)          29M (23%)            -                  -          
[2024-07-24T23:00:48.837+0800][9.259s][gc,heap     ] GC(119) Allocated:         -                 0M (0%)            2M (2%)            8M (6%)             -                  -          
[2024-07-24T23:00:48.837+0800][9.259s][gc,heap     ] GC(119)   Garbage:         -                98M (77%)           0M (1%)            0M (1%)             -                  -          
[2024-07-24T23:00:48.837+0800][9.259s][gc,heap     ] GC(119) Reclaimed:         -                  -                98M (77%)          98M (77%)            -                  -          
[2024-07-24T23:00:48.837+0800][9.259s][gc          ] GC(119) Garbage Collection (Allocation Stall) 128M(100%)->38M(30%)
[2024-07-24T23:00:48.847+0800][9.268s][gc,start    ] GC(120) Garbage Collection (Allocation Rate)
[2024-07-24T23:00:48.847+0800][9.268s][gc,task     ] GC(120) Using 1 workers
[2024-07-24T23:00:48.847+0800][9.268s][gc,phases   ] GC(120) Pause Mark Start 0.007ms
[2024-07-24T23:00:48.849+0800][9.270s][gc,phases   ] GC(120) Concurrent Mark 2.062ms
[2024-07-24T23:00:48.849+0800][9.271s][gc,phases   ] GC(120) Pause Mark End 0.007ms
[2024-07-24T23:00:48.849+0800][9.271s][gc,phases   ] GC(120) Concurrent Mark Free 0.001ms
[2024-07-24T23:00:48.850+0800][9.272s][gc,phases   ] GC(120) Concurrent Process Non-Strong References 0.889ms
[2024-07-24T23:00:48.850+0800][9.272s][gc,phases   ] GC(120) Concurrent Reset Relocation Set 0.000ms
[2024-07-24T23:00:48.852+0800][9.274s][gc,phases   ] GC(120) Concurrent Select Relocation Set 2.432ms
[2024-07-24T23:00:48.852+0800][9.274s][gc,phases   ] GC(120) Pause Relocate Start 0.014ms
[2024-07-24T23:00:48.853+0800][9.275s][gc,phases   ] GC(120) Concurrent Relocate 0.973ms
[2024-07-24T23:00:48.854+0800][9.275s][gc,load     ] GC(120) Load: 0.00/0.00/0.00
[2024-07-24T23:00:48.854+0800][9.276s][gc,mmu      ] GC(120) MMU: 2ms/94.0%, 5ms/97.6%, 10ms/98.7%, 20ms/99.3%, 50ms/99.7%, 100ms/99.8%
[2024-07-24T23:00:48.854+0800][9.276s][gc,marking  ] GC(120) Mark: 1 stripe(s), 1 proactive flush(es), 1 terminate flush(es), 0 completion(s), 0 continuation(s) 
[2024-07-24T23:00:48.854+0800][9.276s][gc,marking  ] GC(120) Mark Stack Usage: 32M
[2024-07-24T23:00:48.854+0800][9.276s][gc,nmethod  ] GC(120) NMethods: 284 registered, 0 unregistered
[2024-07-24T23:00:48.854+0800][9.276s][gc,metaspace] GC(120) Metaspace: 0M used, 0M committed, 1088M reserved
[2024-07-24T23:00:48.854+0800][9.276s][gc,ref      ] GC(120) Soft: 62 encountered, 0 discovered, 0 enqueued
[2024-07-24T23:00:48.854+0800][9.276s][gc,ref      ] GC(120) Weak: 187 encountered, 170 discovered, 0 enqueued
[2024-07-24T23:00:48.854+0800][9.276s][gc,ref      ] GC(120) Final: 0 encountered, 0 discovered, 0 enqueued
[2024-07-24T23:00:48.854+0800][9.276s][gc,ref      ] GC(120) Phantom: 1 encountered, 0 discovered, 0 enqueued
[2024-07-24T23:00:48.854+0800][9.276s][gc,reloc    ] GC(120) Small Pages: 2 / 4M, Empty: 0M, Relocated: 1M, In-Place: 0
[2024-07-24T23:00:48.854+0800][9.276s][gc,reloc    ] GC(120) Medium Pages: 0 / 0M, Empty: 0M, Relocated: 0M, In-Place: 0
[2024-07-24T23:00:48.854+0800][9.276s][gc,reloc    ] GC(120) Large Pages: 20 / 40M, Empty: 40M, Relocated: 0M, In-Place: 0
[2024-07-24T23:00:48.854+0800][9.276s][gc,reloc    ] GC(120) Forwarding Usage: 0M
[2024-07-24T23:00:48.854+0800][9.276s][gc,heap     ] GC(120) Min Capacity: 8M(6%)
[2024-07-24T23:00:48.854+0800][9.276s][gc,heap     ] GC(120) Max Capacity: 128M(100%)
[2024-07-24T23:00:48.854+0800][9.276s][gc,heap     ] GC(120) Soft Max Capacity: 128M(100%)
[2024-07-24T23:00:48.854+0800][9.276s][gc,heap     ] GC(120)                Mark Start          Mark End        Relocate Start      Relocate End           High               Low         
[2024-07-24T23:00:48.854+0800][9.276s][gc,heap     ] GC(120)  Capacity:      128M (100%)        128M (100%)        128M (100%)        128M (100%)        128M (100%)        128M (100%)   
[2024-07-24T23:00:48.854+0800][9.276s][gc,heap     ] GC(120)      Free:       84M (66%)          84M (66%)         124M (97%)         126M (98%)         126M (98%)          84M (66%)    
[2024-07-24T23:00:48.854+0800][9.276s][gc,heap     ] GC(120)      Used:       44M (34%)          44M (34%)           4M (3%)            2M (2%)           44M (34%)           2M (2%)     
[2024-07-24T23:00:48.854+0800][9.276s][gc,heap     ] GC(120)      Live:         -                 1M (1%)            1M (1%)            1M (1%)             -                  -          
[2024-07-24T23:00:48.854+0800][9.276s][gc,heap     ] GC(120) Allocated:         -                 0M (0%)            0M (0%)            0M (0%)             -                  -          
[2024-07-24T23:00:48.854+0800][9.276s][gc,heap     ] GC(120)   Garbage:         -                42M (33%)           2M (2%)            0M (1%)             -                  -          
[2024-07-24T23:00:48.854+0800][9.276s][gc,heap     ] GC(120) Reclaimed:         -                  -                40M (31%)          42M (33%)            -                  -          
[2024-07-24T23:00:48.854+0800][9.276s][gc          ] GC(120) Garbage Collection (Allocation Rate) 44M(34%)->2M(2%)
[2024-07-24T23:00:48.943+0800][9.364s][gc,start    ] GC(121) Garbage Collection (Allocation Rate)
[2024-07-24T23:00:48.943+0800][9.364s][gc,task     ] GC(121) Using 1 workers
[2024-07-24T23:00:48.943+0800][9.364s][gc,phases   ] GC(121) Pause Mark Start 0.008ms
[2024-07-24T23:00:48.946+0800][9.368s][gc,phases   ] GC(121) Concurrent Mark 3.384ms
[2024-07-24T23:00:48.946+0800][9.368s][gc,phases   ] GC(121) Pause Mark End 0.007ms
[2024-07-24T23:00:48.946+0800][9.368s][gc,phases   ] GC(121) Concurrent Mark Free 0.001ms
[2024-07-24T23:00:48.947+0800][9.369s][gc,phases   ] GC(121) Concurrent Process Non-Strong References 0.865ms
[2024-07-24T23:00:48.947+0800][9.369s][gc,phases   ] GC(121) Concurrent Reset Relocation Set 0.001ms
[2024-07-24T23:00:48.949+0800][9.371s][gc,phases   ] GC(121) Concurrent Select Relocation Set 2.109ms
[2024-07-24T23:00:48.950+0800][9.372s][gc,phases   ] GC(121) Pause Relocate Start 0.007ms
[2024-07-24T23:00:48.950+0800][9.372s][gc,phases   ] GC(121) Concurrent Relocate 0.100ms
[2024-07-24T23:00:48.950+0800][9.372s][gc,load     ] GC(121) Load: 0.00/0.00/0.00
[2024-07-24T23:00:48.950+0800][9.372s][gc,mmu      ] GC(121) MMU: 2ms/94.0%, 5ms/97.6%, 10ms/98.7%, 20ms/99.3%, 50ms/99.7%, 100ms/99.8%
[2024-07-24T23:00:48.950+0800][9.372s][gc,marking  ] GC(121) Mark: 1 stripe(s), 2 proactive flush(es), 1 terminate flush(es), 0 completion(s), 0 continuation(s) 
[2024-07-24T23:00:48.950+0800][9.372s][gc,marking  ] GC(121) Mark Stack Usage: 32M
[2024-07-24T23:00:48.950+0800][9.372s][gc,nmethod  ] GC(121) NMethods: 285 registered, 0 unregistered
[2024-07-24T23:00:48.950+0800][9.372s][gc,metaspace] GC(121) Metaspace: 0M used, 0M committed, 1088M reserved
[2024-07-24T23:00:48.950+0800][9.372s][gc,ref      ] GC(121) Soft: 62 encountered, 0 discovered, 0 enqueued
[2024-07-24T23:00:48.950+0800][9.372s][gc,ref      ] GC(121) Weak: 187 encountered, 170 discovered, 0 enqueued
[2024-07-24T23:00:48.950+0800][9.372s][gc,ref      ] GC(121) Final: 0 encountered, 0 discovered, 0 enqueued
[2024-07-24T23:00:48.950+0800][9.372s][gc,ref      ] GC(121) Phantom: 1 encountered, 0 discovered, 0 enqueued
[2024-07-24T23:00:48.950+0800][9.372s][gc,reloc    ] GC(121) Small Pages: 2 / 4M, Empty: 2M, Relocated: 0M, In-Place: 0
[2024-07-24T23:00:48.950+0800][9.372s][gc,reloc    ] GC(121) Medium Pages: 0 / 0M, Empty: 0M, Relocated: 0M, In-Place: 0
[2024-07-24T23:00:48.950+0800][9.372s][gc,reloc    ] GC(121) Large Pages: 52 / 104M, Empty: 104M, Relocated: 0M, In-Place: 0
[2024-07-24T23:00:48.950+0800][9.372s][gc,reloc    ] GC(121) Forwarding Usage: 0M
[2024-07-24T23:00:48.950+0800][9.372s][gc,heap     ] GC(121) Min Capacity: 8M(6%)
[2024-07-24T23:00:48.950+0800][9.372s][gc,heap     ] GC(121) Max Capacity: 128M(100%)
[2024-07-24T23:00:48.950+0800][9.372s][gc,heap     ] GC(121) Soft Max Capacity: 128M(100%)
[2024-07-24T23:00:48.950+0800][9.372s][gc,heap     ] GC(121)                Mark Start          Mark End        Relocate Start      Relocate End           High               Low         
[2024-07-24T23:00:48.950+0800][9.372s][gc,heap     ] GC(121)  Capacity:      128M (100%)        128M (100%)        128M (100%)        128M (100%)        128M (100%)        128M (100%)   
[2024-07-24T23:00:48.950+0800][9.372s][gc,heap     ] GC(121)      Free:       20M (16%)           2M (2%)          108M (84%)         108M (84%)         108M (84%)           2M (2%)     
[2024-07-24T23:00:48.950+0800][9.372s][gc,heap     ] GC(121)      Used:      108M (84%)         126M (98%)          20M (16%)          20M (16%)         126M (98%)          20M (16%)    
[2024-07-24T23:00:48.950+0800][9.372s][gc,heap     ] GC(121)      Live:         -                 1M (1%)            1M (1%)            1M (1%)             -                  -          
[2024-07-24T23:00:48.950+0800][9.372s][gc,heap     ] GC(121) Allocated:         -                18M (14%)          18M (14%)          18M (14%)            -                  -          
[2024-07-24T23:00:48.950+0800][9.372s][gc,heap     ] GC(121)   Garbage:         -               106M (83%)           0M (1%)            0M (1%)             -                  -          
[2024-07-24T23:00:48.950+0800][9.372s][gc,heap     ] GC(121) Reclaimed:         -                  -               106M (83%)         106M (83%)            -                  -          
[2024-07-24T23:00:48.950+0800][9.372s][gc          ] GC(121) Garbage Collection (Allocation Rate) 108M(84%)->20M(16%)
[2024-07-24T23:00:49.037+0800][9.458s][gc,start    ] GC(122) Garbage Collection (Allocation Rate)
[2024-07-24T23:00:49.037+0800][9.459s][gc,task     ] GC(122) Using 1 workers
[2024-07-24T23:00:49.037+0800][9.459s][gc,phases   ] GC(122) Pause Mark Start 0.010ms
[2024-07-24T23:00:49.040+0800][9.461s][gc,phases   ] GC(122) Concurrent Mark 2.249ms
[2024-07-24T23:00:49.040+0800][9.462s][gc,phases   ] GC(122) Pause Mark End 0.007ms
[2024-07-24T23:00:49.040+0800][9.462s][gc,phases   ] GC(122) Concurrent Mark Free 0.001ms
[2024-07-24T23:00:49.041+0800][9.463s][gc,phases   ] GC(122) Concurrent Process Non-Strong References 0.893ms
[2024-07-24T23:00:49.041+0800][9.463s][gc,phases   ] GC(122) Concurrent Reset Relocation Set 0.000ms
[2024-07-24T23:00:49.042+0800][9.464s][gc          ] Allocation Stall (main) 4.197ms
[2024-07-24T23:00:49.043+0800][9.464s][gc,phases   ] GC(122) Concurrent Select Relocation Set 1.562ms
[2024-07-24T23:00:49.043+0800][9.464s][gc,phases   ] GC(122) Pause Relocate Start 0.004ms
[2024-07-24T23:00:49.044+0800][9.466s][gc,phases   ] GC(122) Concurrent Relocate 1.287ms
[2024-07-24T23:00:49.044+0800][9.466s][gc,load     ] GC(122) Load: 0.00/0.00/0.00
[2024-07-24T23:00:49.044+0800][9.466s][gc,mmu      ] GC(122) MMU: 2ms/94.0%, 5ms/97.6%, 10ms/98.7%, 20ms/99.3%, 50ms/99.7%, 100ms/99.8%
[2024-07-24T23:00:49.044+0800][9.466s][gc,marking  ] GC(122) Mark: 1 stripe(s), 2 proactive flush(es), 1 terminate flush(es), 0 completion(s), 0 continuation(s) 
[2024-07-24T23:00:49.044+0800][9.466s][gc,marking  ] GC(122) Mark Stack Usage: 32M
[2024-07-24T23:00:49.045+0800][9.466s][gc,nmethod  ] GC(122) NMethods: 285 registered, 0 unregistered
[2024-07-24T23:00:49.045+0800][9.466s][gc,metaspace] GC(122) Metaspace: 0M used, 0M committed, 1088M reserved
[2024-07-24T23:00:49.045+0800][9.466s][gc,ref      ] GC(122) Soft: 62 encountered, 0 discovered, 0 enqueued
[2024-07-24T23:00:49.045+0800][9.466s][gc,ref      ] GC(122) Weak: 187 encountered, 170 discovered, 0 enqueued
[2024-07-24T23:00:49.045+0800][9.466s][gc,ref      ] GC(122) Final: 0 encountered, 0 discovered, 0 enqueued
[2024-07-24T23:00:49.045+0800][9.466s][gc,ref      ] GC(122) Phantom: 1 encountered, 0 discovered, 0 enqueued
[2024-07-24T23:00:49.045+0800][9.466s][gc,reloc    ] GC(122) Small Pages: 2 / 4M, Empty: 0M, Relocated: 1M, In-Place: 0
[2024-07-24T23:00:49.045+0800][9.466s][gc,reloc    ] GC(122) Medium Pages: 0 / 0M, Empty: 0M, Relocated: 0M, In-Place: 0
[2024-07-24T23:00:49.045+0800][9.466s][gc,reloc    ] GC(122) Large Pages: 61 / 122M, Empty: 96M, Relocated: 0M, In-Place: 0
[2024-07-24T23:00:49.045+0800][9.466s][gc,reloc    ] GC(122) Forwarding Usage: 0M
[2024-07-24T23:00:49.045+0800][9.466s][gc,heap     ] GC(122) Min Capacity: 8M(6%)
[2024-07-24T23:00:49.045+0800][9.466s][gc,heap     ] GC(122) Max Capacity: 128M(100%)
[2024-07-24T23:00:49.045+0800][9.466s][gc,heap     ] GC(122) Soft Max Capacity: 128M(100%)
[2024-07-24T23:00:49.045+0800][9.466s][gc,heap     ] GC(122)                Mark Start          Mark End        Relocate Start      Relocate End           High               Low         
[2024-07-24T23:00:49.045+0800][9.466s][gc,heap     ] GC(122)  Capacity:      128M (100%)        128M (100%)        128M (100%)        128M (100%)        128M (100%)        128M (100%)   
[2024-07-24T23:00:49.045+0800][9.466s][gc,heap     ] GC(122)      Free:        2M (2%)            0M (0%)           94M (73%)          84M (66%)          96M (75%)           0M (0%)     
[2024-07-24T23:00:49.045+0800][9.466s][gc,heap     ] GC(122)      Used:      126M (98%)         128M (100%)         34M (27%)          44M (34%)         128M (100%)         32M (25%)    
[2024-07-24T23:00:49.045+0800][9.466s][gc,heap     ] GC(122)      Live:         -                27M (21%)          27M (21%)          27M (21%)            -                  -          
[2024-07-24T23:00:49.045+0800][9.466s][gc,heap     ] GC(122) Allocated:         -                 2M (2%)            4M (3%)           15M (12%)            -                  -          
[2024-07-24T23:00:49.045+0800][9.466s][gc,heap     ] GC(122)   Garbage:         -                98M (77%)           2M (2%)            0M (1%)             -                  -          
[2024-07-24T23:00:49.045+0800][9.466s][gc,heap     ] GC(122) Reclaimed:         -                  -                96M (75%)          97M (77%)            -                  -          
[2024-07-24T23:00:49.045+0800][9.466s][gc          ] GC(122) Garbage Collection (Allocation Rate) 126M(98%)->44M(34%)
[2024-07-24T23:00:49.134+0800][9.555s][gc,start    ] GC(123) Garbage Collection (Allocation Stall)
[2024-07-24T23:00:49.134+0800][9.555s][gc,ref      ] GC(123) Clearing All SoftReferences
[2024-07-24T23:00:49.134+0800][9.556s][gc,task     ] GC(123) Using 1 workers
[2024-07-24T23:00:49.136+0800][9.557s][gc,ref      ] GC(123) Clearing All SoftReferences
[2024-07-24T23:00:49.136+0800][9.557s][gc,phases   ] GC(123) Pause Mark Start 0.053ms
[2024-07-24T23:00:49.139+0800][9.561s][gc,phases   ] GC(123) Concurrent Mark 3.577ms
[2024-07-24T23:00:49.140+0800][9.561s][gc,phases   ] GC(123) Pause Mark End 0.017ms
[2024-07-24T23:00:49.140+0800][9.561s][gc,phases   ] GC(123) Concurrent Mark Free 0.001ms
[2024-07-24T23:00:49.141+0800][9.562s][gc,phases   ] GC(123) Concurrent Process Non-Strong References 0.998ms
[2024-07-24T23:00:49.141+0800][9.562s][gc,phases   ] GC(123) Concurrent Reset Relocation Set 0.001ms
[2024-07-24T23:00:49.142+0800][9.564s][gc          ] Allocation Stall (main) 8.387ms
[2024-07-24T23:00:49.142+0800][9.564s][gc,phases   ] GC(123) Concurrent Select Relocation Set 1.773ms
[2024-07-24T23:00:49.143+0800][9.564s][gc,phases   ] GC(123) Pause Relocate Start 0.006ms
[2024-07-24T23:00:49.144+0800][9.566s][gc,phases   ] GC(123) Concurrent Relocate 1.355ms
[2024-07-24T23:00:49.144+0800][9.566s][gc,load     ] GC(123) Load: 0.00/0.00/0.00
[2024-07-24T23:00:49.144+0800][9.566s][gc,mmu      ] GC(123) MMU: 2ms/94.0%, 5ms/97.6%, 10ms/98.7%, 20ms/99.3%, 50ms/99.7%, 100ms/99.8%
[2024-07-24T23:00:49.144+0800][9.566s][gc,marking  ] GC(123) Mark: 1 stripe(s), 1 proactive flush(es), 1 terminate flush(es), 0 completion(s), 0 continuation(s) 
[2024-07-24T23:00:49.144+0800][9.566s][gc,marking  ] GC(123) Mark Stack Usage: 32M
[2024-07-24T23:00:49.144+0800][9.566s][gc,nmethod  ] GC(123) NMethods: 285 registered, 0 unregistered
[2024-07-24T23:00:49.144+0800][9.566s][gc,metaspace] GC(123) Metaspace: 0M used, 0M committed, 1088M reserved
[2024-07-24T23:00:49.144+0800][9.566s][gc,ref      ] GC(123) Soft: 62 encountered, 37 discovered, 0 enqueued
[2024-07-24T23:00:49.144+0800][9.566s][gc,ref      ] GC(123) Weak: 187 encountered, 170 discovered, 0 enqueued
[2024-07-24T23:00:49.144+0800][9.566s][gc,ref      ] GC(123) Final: 0 encountered, 0 discovered, 0 enqueued
[2024-07-24T23:00:49.144+0800][9.566s][gc,ref      ] GC(123) Phantom: 1 encountered, 0 discovered, 0 enqueued
[2024-07-24T23:00:49.144+0800][9.566s][gc,reloc    ] GC(123) Small Pages: 2 / 4M, Empty: 0M, Relocated: 1M, In-Place: 0
[2024-07-24T23:00:49.144+0800][9.566s][gc,reloc    ] GC(123) Medium Pages: 0 / 0M, Empty: 0M, Relocated: 0M, In-Place: 0
[2024-07-24T23:00:49.144+0800][9.566s][gc,reloc    ] GC(123) Large Pages: 62 / 124M, Empty: 120M, Relocated: 0M, In-Place: 0
[2024-07-24T23:00:49.144+0800][9.566s][gc,reloc    ] GC(123) Forwarding Usage: 0M
[2024-07-24T23:00:49.144+0800][9.566s][gc,heap     ] GC(123) Min Capacity: 8M(6%)
[2024-07-24T23:00:49.144+0800][9.566s][gc,heap     ] GC(123) Max Capacity: 128M(100%)
[2024-07-24T23:00:49.145+0800][9.566s][gc,heap     ] GC(123) Soft Max Capacity: 128M(100%)
[2024-07-24T23:00:49.145+0800][9.566s][gc,heap     ] GC(123)                Mark Start          Mark End        Relocate Start      Relocate End           High               Low         
[2024-07-24T23:00:49.145+0800][9.566s][gc,heap     ] GC(123)  Capacity:      128M (100%)        128M (100%)        128M (100%)        128M (100%)        128M (100%)        128M (100%)   
[2024-07-24T23:00:49.145+0800][9.566s][gc,heap     ] GC(123)      Free:        0M (0%)            0M (0%)          116M (91%)         104M (81%)         120M (94%)           0M (0%)     
[2024-07-24T23:00:49.145+0800][9.566s][gc,heap     ] GC(123)      Used:      128M (100%)        128M (100%)         12M (9%)           24M (19%)         128M (100%)          8M (6%)     
[2024-07-24T23:00:49.145+0800][9.566s][gc,heap     ] GC(123)      Live:         -                 5M (4%)            5M (4%)            5M (4%)             -                  -          
[2024-07-24T23:00:49.145+0800][9.566s][gc,heap     ] GC(123) Allocated:         -                 0M (0%)            4M (3%)           17M (14%)            -                  -          
[2024-07-24T23:00:49.145+0800][9.566s][gc,heap     ] GC(123)   Garbage:         -               122M (96%)           2M (2%)            0M (1%)             -                  -          
[2024-07-24T23:00:49.145+0800][9.566s][gc,heap     ] GC(123) Reclaimed:         -                  -               120M (94%)         121M (95%)            -                  -          
[2024-07-24T23:00:49.145+0800][9.566s][gc          ] GC(123) Garbage Collection (Allocation Stall) 128M(100%)->24M(19%)
[2024-07-24T23:00:49.149+0800][9.570s][gc,start    ] GC(124) Garbage Collection (Allocation Rate)
[2024-07-24T23:00:49.149+0800][9.570s][gc,task     ] GC(124) Using 1 workers
[2024-07-24T23:00:49.149+0800][9.570s][gc,phases   ] GC(124) Pause Mark Start 0.007ms
[2024-07-24T23:00:49.153+0800][9.575s][gc,phases   ] GC(124) Concurrent Mark 4.285ms
[2024-07-24T23:00:49.153+0800][9.575s][gc,phases   ] GC(124) Pause Mark End 0.009ms
[2024-07-24T23:00:49.154+0800][9.575s][gc,phases   ] GC(124) Concurrent Mark Free 0.001ms
[2024-07-24T23:00:49.154+0800][9.576s][gc,phases   ] GC(124) Concurrent Process Non-Strong References 0.934ms
[2024-07-24T23:00:49.155+0800][9.576s][gc,phases   ] GC(124) Concurrent Reset Relocation Set 0.001ms
[2024-07-24T23:00:49.156+0800][9.577s][gc,phases   ] GC(124) Concurrent Select Relocation Set 1.490ms
[2024-07-24T23:00:49.156+0800][9.578s][gc,phases   ] GC(124) Pause Relocate Start 0.005ms
[2024-07-24T23:00:49.157+0800][9.579s][gc,phases   ] GC(124) Concurrent Relocate 0.841ms
[2024-07-24T23:00:49.157+0800][9.579s][gc,load     ] GC(124) Load: 0.00/0.00/0.00
[2024-07-24T23:00:49.157+0800][9.579s][gc,mmu      ] GC(124) MMU: 2ms/94.0%, 5ms/97.6%, 10ms/98.7%, 20ms/99.3%, 50ms/99.7%, 100ms/99.8%
[2024-07-24T23:00:49.157+0800][9.579s][gc,marking  ] GC(124) Mark: 1 stripe(s), 1 proactive flush(es), 1 terminate flush(es), 0 completion(s), 0 continuation(s) 
[2024-07-24T23:00:49.157+0800][9.579s][gc,marking  ] GC(124) Mark Stack Usage: 32M
[2024-07-24T23:00:49.157+0800][9.579s][gc,nmethod  ] GC(124) NMethods: 285 registered, 0 unregistered
[2024-07-24T23:00:49.157+0800][9.579s][gc,metaspace] GC(124) Metaspace: 0M used, 0M committed, 1088M reserved
[2024-07-24T23:00:49.157+0800][9.579s][gc,ref      ] GC(124) Soft: 62 encountered, 0 discovered, 0 enqueued
[2024-07-24T23:00:49.157+0800][9.579s][gc,ref      ] GC(124) Weak: 187 encountered, 170 discovered, 0 enqueued
[2024-07-24T23:00:49.157+0800][9.579s][gc,ref      ] GC(124) Final: 0 encountered, 0 discovered, 0 enqueued
[2024-07-24T23:00:49.157+0800][9.579s][gc,ref      ] GC(124) Phantom: 1 encountered, 0 discovered, 0 enqueued
[2024-07-24T23:00:49.157+0800][9.579s][gc,reloc    ] GC(124) Small Pages: 2 / 4M, Empty: 0M, Relocated: 1M, In-Place: 0
[2024-07-24T23:00:49.157+0800][9.579s][gc,reloc    ] GC(124) Medium Pages: 0 / 0M, Empty: 0M, Relocated: 0M, In-Place: 0
[2024-07-24T23:00:49.157+0800][9.579s][gc,reloc    ] GC(124) Large Pages: 10 / 20M, Empty: 0M, Relocated: 0M, In-Place: 0
[2024-07-24T23:00:49.157+0800][9.579s][gc,reloc    ] GC(124) Forwarding Usage: 0M
[2024-07-24T23:00:49.157+0800][9.579s][gc,heap     ] GC(124) Min Capacity: 8M(6%)
[2024-07-24T23:00:49.157+0800][9.579s][gc,heap     ] GC(124) Max Capacity: 128M(100%)
[2024-07-24T23:00:49.157+0800][9.579s][gc,heap     ] GC(124) Soft Max Capacity: 128M(100%)
[2024-07-24T23:00:49.158+0800][9.579s][gc,heap     ] GC(124)                Mark Start          Mark End        Relocate Start      Relocate End           High               Low         
[2024-07-24T23:00:49.158+0800][9.579s][gc,heap     ] GC(124)  Capacity:      128M (100%)        128M (100%)        128M (100%)        128M (100%)        128M (100%)        128M (100%)   
[2024-07-24T23:00:49.158+0800][9.579s][gc,heap     ] GC(124)      Free:      104M (81%)         104M (81%)         104M (81%)         106M (83%)         106M (83%)         102M (80%)    
[2024-07-24T23:00:49.158+0800][9.579s][gc,heap     ] GC(124)      Used:       24M (19%)          24M (19%)          24M (19%)          22M (17%)          26M (20%)          22M (17%)    
[2024-07-24T23:00:49.158+0800][9.579s][gc,heap     ] GC(124)      Live:         -                21M (17%)          21M (17%)          21M (17%)            -                  -          
[2024-07-24T23:00:49.158+0800][9.579s][gc,heap     ] GC(124) Allocated:         -                 0M (0%)            0M (0%)            0M (0%)             -                  -          
[2024-07-24T23:00:49.158+0800][9.579s][gc,heap     ] GC(124)   Garbage:         -                 2M (2%)            2M (2%)            0M (1%)             -                  -          
[2024-07-24T23:00:49.158+0800][9.579s][gc,heap     ] GC(124) Reclaimed:         -                  -                 0M (0%)            2M (2%)             -                  -          
[2024-07-24T23:00:49.158+0800][9.579s][gc          ] GC(124) Garbage Collection (Allocation Rate) 24M(19%)->22M(17%)
[2024-07-24T23:00:49.244+0800][9.665s][gc,start    ] GC(125) Garbage Collection (Allocation Rate)
[2024-07-24T23:00:49.244+0800][9.665s][gc,task     ] GC(125) Using 1 workers
[2024-07-24T23:00:49.244+0800][9.665s][gc,phases   ] GC(125) Pause Mark Start 0.006ms
[2024-07-24T23:00:49.248+0800][9.669s][gc,phases   ] GC(125) Concurrent Mark 3.200ms
[2024-07-24T23:00:49.248+0800][9.669s][gc,phases   ] GC(125) Pause Mark End 0.008ms
[2024-07-24T23:00:49.248+0800][9.669s][gc,phases   ] GC(125) Concurrent Mark Free 0.001ms
[2024-07-24T23:00:49.249+0800][9.670s][gc,phases   ] GC(125) Concurrent Process Non-Strong References 1.004ms
[2024-07-24T23:00:49.249+0800][9.670s][gc,phases   ] GC(125) Concurrent Reset Relocation Set 0.001ms
[2024-07-24T23:00:49.250+0800][9.672s][gc          ] Allocation Stall (main) 4.941ms
[2024-07-24T23:00:49.250+0800][9.672s][gc,phases   ] GC(125) Concurrent Select Relocation Set 1.410ms
[2024-07-24T23:00:49.251+0800][9.672s][gc,phases   ] GC(125) Pause Relocate Start 0.006ms
[2024-07-24T23:00:49.251+0800][9.672s][gc,phases   ] GC(125) Concurrent Relocate 0.115ms
[2024-07-24T23:00:49.251+0800][9.672s][gc,load     ] GC(125) Load: 0.00/0.00/0.00
[2024-07-24T23:00:49.251+0800][9.672s][gc,mmu      ] GC(125) MMU: 2ms/94.0%, 5ms/97.6%, 10ms/98.7%, 20ms/99.3%, 50ms/99.7%, 100ms/99.8%
[2024-07-24T23:00:49.251+0800][9.672s][gc,marking  ] GC(125) Mark: 1 stripe(s), 2 proactive flush(es), 1 terminate flush(es), 0 completion(s), 0 continuation(s) 
[2024-07-24T23:00:49.251+0800][9.672s][gc,marking  ] GC(125) Mark Stack Usage: 32M
[2024-07-24T23:00:49.251+0800][9.672s][gc,nmethod  ] GC(125) NMethods: 285 registered, 0 unregistered
[2024-07-24T23:00:49.251+0800][9.672s][gc,metaspace] GC(125) Metaspace: 0M used, 0M committed, 1088M reserved
[2024-07-24T23:00:49.251+0800][9.672s][gc,ref      ] GC(125) Soft: 62 encountered, 0 discovered, 0 enqueued
[2024-07-24T23:00:49.251+0800][9.672s][gc,ref      ] GC(125) Weak: 187 encountered, 170 discovered, 0 enqueued
[2024-07-24T23:00:49.251+0800][9.672s][gc,ref      ] GC(125) Final: 0 encountered, 0 discovered, 0 enqueued
[2024-07-24T23:00:49.251+0800][9.672s][gc,ref      ] GC(125) Phantom: 1 encountered, 0 discovered, 0 enqueued
[2024-07-24T23:00:49.251+0800][9.672s][gc,reloc    ] GC(125) Small Pages: 2 / 4M, Empty: 2M, Relocated: 0M, In-Place: 0
[2024-07-24T23:00:49.251+0800][9.672s][gc,reloc    ] GC(125) Medium Pages: 0 / 0M, Empty: 0M, Relocated: 0M, In-Place: 0
[2024-07-24T23:00:49.251+0800][9.673s][gc,reloc    ] GC(125) Large Pages: 61 / 122M, Empty: 120M, Relocated: 0M, In-Place: 0
[2024-07-24T23:00:49.251+0800][9.673s][gc,reloc    ] GC(125) Forwarding Usage: 0M
[2024-07-24T23:00:49.251+0800][9.673s][gc,heap     ] GC(125) Min Capacity: 8M(6%)
[2024-07-24T23:00:49.251+0800][9.673s][gc,heap     ] GC(125) Max Capacity: 128M(100%)
[2024-07-24T23:00:49.251+0800][9.673s][gc,heap     ] GC(125) Soft Max Capacity: 128M(100%)
[2024-07-24T23:00:49.251+0800][9.673s][gc,heap     ] GC(125)                Mark Start          Mark End        Relocate Start      Relocate End           High               Low         
[2024-07-24T23:00:49.251+0800][9.673s][gc,heap     ] GC(125)  Capacity:      128M (100%)        128M (100%)        128M (100%)        128M (100%)        128M (100%)        128M (100%)   
[2024-07-24T23:00:49.251+0800][9.673s][gc,heap     ] GC(125)      Free:        2M (2%)            0M (0%)          116M (91%)         112M (88%)         122M (95%)           0M (0%)     
[2024-07-24T23:00:49.251+0800][9.673s][gc,heap     ] GC(125)      Used:      126M (98%)         128M (100%)         12M (9%)           16M (12%)         128M (100%)          6M (5%)     
[2024-07-24T23:00:49.251+0800][9.673s][gc,heap     ] GC(125)      Live:         -                 3M (3%)            3M (3%)            3M (3%)             -                  -          
[2024-07-24T23:00:49.252+0800][9.673s][gc,heap     ] GC(125) Allocated:         -                 2M (2%)            8M (6%)           12M (9%)             -                  -          
[2024-07-24T23:00:49.252+0800][9.673s][gc,heap     ] GC(125)   Garbage:         -               122M (96%)           0M (1%)            0M (1%)             -                  -          
[2024-07-24T23:00:49.252+0800][9.673s][gc,heap     ] GC(125) Reclaimed:         -                  -               122M (95%)         122M (95%)            -                  -          
[2024-07-24T23:00:49.252+0800][9.673s][gc          ] GC(125) Garbage Collection (Allocation Rate) 126M(98%)->16M(12%)
[2024-07-24T23:00:49.337+0800][9.758s][gc,start    ] GC(126) Garbage Collection (Allocation Stall)
[2024-07-24T23:00:49.337+0800][9.758s][gc,ref      ] GC(126) Clearing All SoftReferences
[2024-07-24T23:00:49.337+0800][9.758s][gc,task     ] GC(126) Using 1 workers
[2024-07-24T23:00:49.337+0800][9.758s][gc,ref      ] GC(126) Clearing All SoftReferences
[2024-07-24T23:00:49.337+0800][9.758s][gc,phases   ] GC(126) Pause Mark Start 0.050ms
[2024-07-24T23:00:49.340+0800][9.761s][gc,phases   ] GC(126) Concurrent Mark 2.523ms
[2024-07-24T23:00:49.340+0800][9.761s][gc,phases   ] GC(126) Pause Mark End 0.008ms
[2024-07-24T23:00:49.340+0800][9.761s][gc,phases   ] GC(126) Concurrent Mark Free 0.001ms
[2024-07-24T23:00:49.341+0800][9.762s][gc,phases   ] GC(126) Concurrent Process Non-Strong References 0.910ms
[2024-07-24T23:00:49.341+0800][9.762s][gc,phases   ] GC(126) Concurrent Reset Relocation Set 0.000ms
[2024-07-24T23:00:49.342+0800][9.764s][gc,phases   ] GC(126) Concurrent Select Relocation Set 1.438ms
[2024-07-24T23:00:49.343+0800][9.764s][gc,phases   ] GC(126) Pause Relocate Start 0.004ms
[2024-07-24T23:00:49.343+0800][9.764s][gc,phases   ] GC(126) Concurrent Relocate 0.106ms
[2024-07-24T23:00:49.343+0800][9.764s][gc,load     ] GC(126) Load: 0.00/0.00/0.00
[2024-07-24T23:00:49.343+0800][9.764s][gc,mmu      ] GC(126) MMU: 2ms/94.0%, 5ms/97.6%, 10ms/98.7%, 20ms/99.3%, 50ms/99.7%, 100ms/99.8%
[2024-07-24T23:00:49.343+0800][9.764s][gc,marking  ] GC(126) Mark: 1 stripe(s), 2 proactive flush(es), 1 terminate flush(es), 0 completion(s), 0 continuation(s) 
[2024-07-24T23:00:49.343+0800][9.764s][gc,marking  ] GC(126) Mark Stack Usage: 32M
[2024-07-24T23:00:49.343+0800][9.764s][gc,nmethod  ] GC(126) NMethods: 285 registered, 0 unregistered
[2024-07-24T23:00:49.343+0800][9.764s][gc,metaspace] GC(126) Metaspace: 0M used, 0M committed, 1088M reserved
[2024-07-24T23:00:49.343+0800][9.764s][gc,ref      ] GC(126) Soft: 62 encountered, 35 discovered, 0 enqueued
[2024-07-24T23:00:49.343+0800][9.764s][gc,ref      ] GC(126) Weak: 187 encountered, 170 discovered, 0 enqueued
[2024-07-24T23:00:49.343+0800][9.764s][gc,ref      ] GC(126) Final: 0 encountered, 0 discovered, 0 enqueued
[2024-07-24T23:00:49.343+0800][9.764s][gc,ref      ] GC(126) Phantom: 1 encountered, 0 discovered, 0 enqueued
[2024-07-24T23:00:49.343+0800][9.764s][gc,reloc    ] GC(126) Small Pages: 2 / 4M, Empty: 2M, Relocated: 0M, In-Place: 0
[2024-07-24T23:00:49.343+0800][9.764s][gc,reloc    ] GC(126) Medium Pages: 0 / 0M, Empty: 0M, Relocated: 0M, In-Place: 0
[2024-07-24T23:00:49.343+0800][9.764s][gc,reloc    ] GC(126) Large Pages: 53 / 106M, Empty: 104M, Relocated: 0M, In-Place: 0
[2024-07-24T23:00:49.343+0800][9.764s][gc,reloc    ] GC(126) Forwarding Usage: 0M
[2024-07-24T23:00:49.343+0800][9.764s][gc,heap     ] GC(126) Min Capacity: 8M(6%)
[2024-07-24T23:00:49.343+0800][9.764s][gc,heap     ] GC(126) Max Capacity: 128M(100%)
[2024-07-24T23:00:49.343+0800][9.765s][gc,heap     ] GC(126) Soft Max Capacity: 128M(100%)
[2024-07-24T23:00:49.343+0800][9.765s][gc,heap     ] GC(126)                Mark Start          Mark End        Relocate Start      Relocate End           High               Low         
[2024-07-24T23:00:49.343+0800][9.765s][gc,heap     ] GC(126)  Capacity:      128M (100%)        128M (100%)        128M (100%)        128M (100%)        128M (100%)        128M (100%)   
[2024-07-24T23:00:49.343+0800][9.765s][gc,heap     ] GC(126)      Free:       18M (14%)           2M (2%)          108M (84%)         108M (84%)         108M (84%)           2M (2%)     
[2024-07-24T23:00:49.343+0800][9.765s][gc,heap     ] GC(126)      Used:      110M (86%)         126M (98%)          20M (16%)          20M (16%)         126M (98%)          20M (16%)    
[2024-07-24T23:00:49.343+0800][9.765s][gc,heap     ] GC(126)      Live:         -                 3M (3%)            3M (3%)            3M (3%)             -                  -          
[2024-07-24T23:00:49.343+0800][9.765s][gc,heap     ] GC(126) Allocated:         -                16M (12%)          16M (12%)          16M (12%)            -                  -          
[2024-07-24T23:00:49.343+0800][9.765s][gc,heap     ] GC(126)   Garbage:         -               106M (83%)           0M (1%)            0M (1%)             -                  -          
[2024-07-24T23:00:49.343+0800][9.765s][gc,heap     ] GC(126) Reclaimed:         -                  -               106M (83%)         106M (83%)            -                  -          
[2024-07-24T23:00:49.343+0800][9.765s][gc          ] GC(126) Garbage Collection (Allocation Stall) 110M(86%)->20M(16%)
[2024-07-24T23:00:49.433+0800][9.855s][gc,start    ] GC(127) Garbage Collection (Allocation Stall)
[2024-07-24T23:00:49.433+0800][9.855s][gc,ref      ] GC(127) Clearing All SoftReferences
[2024-07-24T23:00:49.433+0800][9.855s][gc,task     ] GC(127) Using 1 workers
[2024-07-24T23:00:49.433+0800][9.855s][gc,ref      ] GC(127) Clearing All SoftReferences
[2024-07-24T23:00:49.433+0800][9.855s][gc,phases   ] GC(127) Pause Mark Start 0.032ms
[2024-07-24T23:00:49.436+0800][9.858s][gc,phases   ] GC(127) Concurrent Mark 2.787ms
[2024-07-24T23:00:49.436+0800][9.858s][gc,phases   ] GC(127) Pause Mark End 0.008ms
[2024-07-24T23:00:49.437+0800][9.858s][gc,phases   ] GC(127) Concurrent Mark Free 0.001ms
[2024-07-24T23:00:49.438+0800][9.859s][gc,phases   ] GC(127) Concurrent Process Non-Strong References 0.902ms
[2024-07-24T23:00:49.438+0800][9.859s][gc,phases   ] GC(127) Concurrent Reset Relocation Set 0.001ms
[2024-07-24T23:00:49.439+0800][9.861s][gc          ] Allocation Stall (main) 6.035ms
[2024-07-24T23:00:49.439+0800][9.861s][gc,phases   ] GC(127) Concurrent Select Relocation Set 1.636ms
[2024-07-24T23:00:49.439+0800][9.861s][gc,phases   ] GC(127) Pause Relocate Start 0.004ms
[2024-07-24T23:00:49.440+0800][9.861s][gc,phases   ] GC(127) Concurrent Relocate 0.124ms
[2024-07-24T23:00:49.440+0800][9.861s][gc,load     ] GC(127) Load: 0.00/0.00/0.00
[2024-07-24T23:00:49.440+0800][9.861s][gc,mmu      ] GC(127) MMU: 2ms/94.0%, 5ms/97.6%, 10ms/98.7%, 20ms/99.3%, 50ms/99.7%, 100ms/99.8%
[2024-07-24T23:00:49.440+0800][9.861s][gc,marking  ] GC(127) Mark: 1 stripe(s), 1 proactive flush(es), 1 terminate flush(es), 0 completion(s), 0 continuation(s) 
[2024-07-24T23:00:49.440+0800][9.861s][gc,marking  ] GC(127) Mark Stack Usage: 32M
[2024-07-24T23:00:49.440+0800][9.861s][gc,nmethod  ] GC(127) NMethods: 285 registered, 0 unregistered
[2024-07-24T23:00:49.440+0800][9.861s][gc,metaspace] GC(127) Metaspace: 0M used, 0M committed, 1088M reserved
[2024-07-24T23:00:49.440+0800][9.861s][gc,ref      ] GC(127) Soft: 62 encountered, 37 discovered, 0 enqueued
[2024-07-24T23:00:49.440+0800][9.861s][gc,ref      ] GC(127) Weak: 187 encountered, 170 discovered, 0 enqueued
[2024-07-24T23:00:49.440+0800][9.861s][gc,ref      ] GC(127) Final: 0 encountered, 0 discovered, 0 enqueued
[2024-07-24T23:00:49.440+0800][9.861s][gc,ref      ] GC(127) Phantom: 1 encountered, 0 discovered, 0 enqueued
[2024-07-24T23:00:49.440+0800][9.861s][gc,reloc    ] GC(127) Small Pages: 2 / 4M, Empty: 2M, Relocated: 0M, In-Place: 0
[2024-07-24T23:00:49.440+0800][9.861s][gc,reloc    ] GC(127) Medium Pages: 0 / 0M, Empty: 0M, Relocated: 0M, In-Place: 0
[2024-07-24T23:00:49.440+0800][9.861s][gc,reloc    ] GC(127) Large Pages: 62 / 124M, Empty: 96M, Relocated: 0M, In-Place: 0
[2024-07-24T23:00:49.440+0800][9.861s][gc,reloc    ] GC(127) Forwarding Usage: 0M
[2024-07-24T23:00:49.440+0800][9.861s][gc,heap     ] GC(127) Min Capacity: 8M(6%)
[2024-07-24T23:00:49.440+0800][9.861s][gc,heap     ] GC(127) Max Capacity: 128M(100%)
[2024-07-24T23:00:49.440+0800][9.861s][gc,heap     ] GC(127) Soft Max Capacity: 128M(100%)
[2024-07-24T23:00:49.440+0800][9.861s][gc,heap     ] GC(127)                Mark Start          Mark End        Relocate Start      Relocate End           High               Low         
[2024-07-24T23:00:49.440+0800][9.861s][gc,heap     ] GC(127)  Capacity:      128M (100%)        128M (100%)        128M (100%)        128M (100%)        128M (100%)        128M (100%)   
[2024-07-24T23:00:49.440+0800][9.861s][gc,heap     ] GC(127)      Free:        0M (0%)            0M (0%)           94M (73%)          88M (69%)          98M (77%)           0M (0%)     
[2024-07-24T23:00:49.440+0800][9.861s][gc,heap     ] GC(127)      Used:      128M (100%)        128M (100%)         34M (27%)          40M (31%)         128M (100%)         30M (23%)    
[2024-07-24T23:00:49.440+0800][9.861s][gc,heap     ] GC(127)      Live:         -                29M (23%)          29M (23%)          29M (23%)            -                  -          
[2024-07-24T23:00:49.440+0800][9.861s][gc,heap     ] GC(127) Allocated:         -                 0M (0%)            4M (3%)           10M (8%)             -                  -          
[2024-07-24T23:00:49.440+0800][9.862s][gc,heap     ] GC(127)   Garbage:         -                98M (77%)           0M (1%)            0M (1%)             -                  -          
[2024-07-24T23:00:49.440+0800][9.862s][gc,heap     ] GC(127) Reclaimed:         -                  -                98M (77%)          98M (77%)            -                  -          
[2024-07-24T23:00:49.440+0800][9.862s][gc          ] GC(127) Garbage Collection (Allocation Stall) 128M(100%)->40M(31%)
[2024-07-24T23:00:49.448+0800][9.869s][gc,start    ] GC(128) Garbage Collection (Allocation Rate)
[2024-07-24T23:00:49.448+0800][9.870s][gc,task     ] GC(128) Using 1 workers
[2024-07-24T23:00:49.448+0800][9.870s][gc,phases   ] GC(128) Pause Mark Start 0.008ms
[2024-07-24T23:00:49.451+0800][9.872s][gc,phases   ] GC(128) Concurrent Mark 2.079ms
[2024-07-24T23:00:49.451+0800][9.872s][gc,phases   ] GC(128) Pause Mark End 0.011ms
[2024-07-24T23:00:49.451+0800][9.872s][gc,phases   ] GC(128) Concurrent Mark Free 0.001ms
[2024-07-24T23:00:49.452+0800][9.873s][gc,phases   ] GC(128) Concurrent Process Non-Strong References 0.930ms
[2024-07-24T23:00:49.452+0800][9.873s][gc,phases   ] GC(128) Concurrent Reset Relocation Set 0.000ms
[2024-07-24T23:00:49.454+0800][9.875s][gc,phases   ] GC(128) Concurrent Select Relocation Set 1.996ms
[2024-07-24T23:00:49.454+0800][9.875s][gc,phases   ] GC(128) Pause Relocate Start 0.006ms
[2024-07-24T23:00:49.455+0800][9.877s][gc,phases   ] GC(128) Concurrent Relocate 1.079ms
[2024-07-24T23:00:49.455+0800][9.877s][gc,load     ] GC(128) Load: 0.00/0.00/0.00
[2024-07-24T23:00:49.455+0800][9.877s][gc,mmu      ] GC(128) MMU: 2ms/94.0%, 5ms/97.6%, 10ms/98.7%, 20ms/99.3%, 50ms/99.7%, 100ms/99.8%
[2024-07-24T23:00:49.455+0800][9.877s][gc,marking  ] GC(128) Mark: 1 stripe(s), 1 proactive flush(es), 1 terminate flush(es), 0 completion(s), 0 continuation(s) 
[2024-07-24T23:00:49.455+0800][9.877s][gc,marking  ] GC(128) Mark Stack Usage: 32M
[2024-07-24T23:00:49.455+0800][9.877s][gc,nmethod  ] GC(128) NMethods: 285 registered, 0 unregistered
[2024-07-24T23:00:49.455+0800][9.877s][gc,metaspace] GC(128) Metaspace: 0M used, 0M committed, 1088M reserved
[2024-07-24T23:00:49.455+0800][9.877s][gc,ref      ] GC(128) Soft: 62 encountered, 0 discovered, 0 enqueued
[2024-07-24T23:00:49.455+0800][9.877s][gc,ref      ] GC(128) Weak: 187 encountered, 170 discovered, 0 enqueued
[2024-07-24T23:00:49.455+0800][9.877s][gc,ref      ] GC(128) Final: 0 encountered, 0 discovered, 0 enqueued
[2024-07-24T23:00:49.455+0800][9.877s][gc,ref      ] GC(128) Phantom: 1 encountered, 0 discovered, 0 enqueued
[2024-07-24T23:00:49.455+0800][9.877s][gc,reloc    ] GC(128) Small Pages: 2 / 4M, Empty: 0M, Relocated: 1M, In-Place: 0
[2024-07-24T23:00:49.455+0800][9.877s][gc,reloc    ] GC(128) Medium Pages: 0 / 0M, Empty: 0M, Relocated: 0M, In-Place: 0
[2024-07-24T23:00:49.455+0800][9.877s][gc,reloc    ] GC(128) Large Pages: 20 / 40M, Empty: 40M, Relocated: 0M, In-Place: 0
[2024-07-24T23:00:49.455+0800][9.877s][gc,reloc    ] GC(128) Forwarding Usage: 0M
[2024-07-24T23:00:49.455+0800][9.877s][gc,heap     ] GC(128) Min Capacity: 8M(6%)
[2024-07-24T23:00:49.455+0800][9.877s][gc,heap     ] GC(128) Max Capacity: 128M(100%)
[2024-07-24T23:00:49.455+0800][9.877s][gc,heap     ] GC(128) Soft Max Capacity: 128M(100%)
[2024-07-24T23:00:49.456+0800][9.877s][gc,heap     ] GC(128)                Mark Start          Mark End        Relocate Start      Relocate End           High               Low         
[2024-07-24T23:00:49.456+0800][9.877s][gc,heap     ] GC(128)  Capacity:      128M (100%)        128M (100%)        128M (100%)        128M (100%)        128M (100%)        128M (100%)   
[2024-07-24T23:00:49.456+0800][9.877s][gc,heap     ] GC(128)      Free:       84M (66%)          84M (66%)         124M (97%)         126M (98%)         126M (98%)          84M (66%)    
[2024-07-24T23:00:49.456+0800][9.877s][gc,heap     ] GC(128)      Used:       44M (34%)          44M (34%)           4M (3%)            2M (2%)           44M (34%)           2M (2%)     
[2024-07-24T23:00:49.456+0800][9.877s][gc,heap     ] GC(128)      Live:         -                 1M (1%)            1M (1%)            1M (1%)             -                  -          
[2024-07-24T23:00:49.456+0800][9.877s][gc,heap     ] GC(128) Allocated:         -                 0M (0%)            0M (0%)            0M (0%)             -                  -          
[2024-07-24T23:00:49.456+0800][9.877s][gc,heap     ] GC(128)   Garbage:         -                42M (33%)           2M (2%)            0M (1%)             -                  -          
[2024-07-24T23:00:49.456+0800][9.877s][gc,heap     ] GC(128) Reclaimed:         -                  -                40M (31%)          42M (33%)            -                  -          
[2024-07-24T23:00:49.456+0800][9.877s][gc          ] GC(128) Garbage Collection (Allocation Rate) 44M(34%)->2M(2%)
[2024-07-24T23:00:49.543+0800][9.964s][gc,start    ] GC(129) Garbage Collection (Allocation Rate)
[2024-07-24T23:00:49.543+0800][9.965s][gc,task     ] GC(129) Using 1 workers
[2024-07-24T23:00:49.543+0800][9.965s][gc,phases   ] GC(129) Pause Mark Start 0.013ms
[2024-07-24T23:00:49.547+0800][9.968s][gc,phases   ] GC(129) Concurrent Mark 3.409ms
[2024-07-24T23:00:49.547+0800][9.969s][gc,phases   ] GC(129) Pause Mark End 0.008ms
[2024-07-24T23:00:49.547+0800][9.969s][gc,phases   ] GC(129) Concurrent Mark Free 0.001ms
[2024-07-24T23:00:49.548+0800][9.970s][gc,phases   ] GC(129) Concurrent Process Non-Strong References 0.874ms
[2024-07-24T23:00:49.548+0800][9.970s][gc,phases   ] GC(129) Concurrent Reset Relocation Set 0.001ms
[2024-07-24T23:00:49.550+0800][9.971s][gc,phases   ] GC(129) Concurrent Select Relocation Set 1.640ms
[2024-07-24T23:00:49.550+0800][9.972s][gc,phases   ] GC(129) Pause Relocate Start 0.004ms
[2024-07-24T23:00:49.550+0800][9.972s][gc,phases   ] GC(129) Concurrent Relocate 0.111ms
[2024-07-24T23:00:49.550+0800][9.972s][gc,load     ] GC(129) Load: 0.00/0.00/0.00
[2024-07-24T23:00:49.550+0800][9.972s][gc,mmu      ] GC(129) MMU: 2ms/94.0%, 5ms/97.6%, 10ms/98.7%, 20ms/99.3%, 50ms/99.7%, 100ms/99.8%
[2024-07-24T23:00:49.550+0800][9.972s][gc,marking  ] GC(129) Mark: 1 stripe(s), 2 proactive flush(es), 1 terminate flush(es), 0 completion(s), 0 continuation(s) 
[2024-07-24T23:00:49.550+0800][9.972s][gc,marking  ] GC(129) Mark Stack Usage: 32M
[2024-07-24T23:00:49.550+0800][9.972s][gc,nmethod  ] GC(129) NMethods: 285 registered, 0 unregistered
[2024-07-24T23:00:49.550+0800][9.972s][gc,metaspace] GC(129) Metaspace: 0M used, 0M committed, 1088M reserved
[2024-07-24T23:00:49.550+0800][9.972s][gc,ref      ] GC(129) Soft: 62 encountered, 0 discovered, 0 enqueued
[2024-07-24T23:00:49.550+0800][9.972s][gc,ref      ] GC(129) Weak: 187 encountered, 170 discovered, 0 enqueued
[2024-07-24T23:00:49.550+0800][9.972s][gc,ref      ] GC(129) Final: 0 encountered, 0 discovered, 0 enqueued
[2024-07-24T23:00:49.551+0800][9.972s][gc,ref      ] GC(129) Phantom: 1 encountered, 0 discovered, 0 enqueued
[2024-07-24T23:00:49.551+0800][9.972s][gc,reloc    ] GC(129) Small Pages: 2 / 4M, Empty: 2M, Relocated: 0M, In-Place: 0
[2024-07-24T23:00:49.551+0800][9.972s][gc,reloc    ] GC(129) Medium Pages: 0 / 0M, Empty: 0M, Relocated: 0M, In-Place: 0
[2024-07-24T23:00:49.551+0800][9.972s][gc,reloc    ] GC(129) Large Pages: 53 / 106M, Empty: 104M, Relocated: 0M, In-Place: 0
[2024-07-24T23:00:49.551+0800][9.972s][gc,reloc    ] GC(129) Forwarding Usage: 0M
[2024-07-24T23:00:49.551+0800][9.972s][gc,heap     ] GC(129) Min Capacity: 8M(6%)
[2024-07-24T23:00:49.551+0800][9.972s][gc,heap     ] GC(129) Max Capacity: 128M(100%)
[2024-07-24T23:00:49.551+0800][9.972s][gc,heap     ] GC(129) Soft Max Capacity: 128M(100%)
[2024-07-24T23:00:49.551+0800][9.972s][gc,heap     ] GC(129)                Mark Start          Mark End        Relocate Start      Relocate End           High               Low         
[2024-07-24T23:00:49.551+0800][9.972s][gc,heap     ] GC(129)  Capacity:      128M (100%)        128M (100%)        128M (100%)        128M (100%)        128M (100%)        128M (100%)   
[2024-07-24T23:00:49.551+0800][9.972s][gc,heap     ] GC(129)      Free:       18M (14%)           2M (2%)          108M (84%)         108M (84%)         108M (84%)           2M (2%)     
[2024-07-24T23:00:49.551+0800][9.972s][gc,heap     ] GC(129)      Used:      110M (86%)         126M (98%)          20M (16%)          20M (16%)         126M (98%)          20M (16%)    
[2024-07-24T23:00:49.551+0800][9.972s][gc,heap     ] GC(129)      Live:         -                 3M (3%)            3M (3%)            3M (3%)             -                  -          
[2024-07-24T23:00:49.551+0800][9.972s][gc,heap     ] GC(129) Allocated:         -                16M (12%)          16M (12%)          16M (12%)            -                  -          
[2024-07-24T23:00:49.551+0800][9.972s][gc,heap     ] GC(129)   Garbage:         -               106M (83%)           0M (1%)            0M (1%)             -                  -          
[2024-07-24T23:00:49.551+0800][9.972s][gc,heap     ] GC(129) Reclaimed:         -                  -               106M (83%)         106M (83%)            -                  -          
[2024-07-24T23:00:49.551+0800][9.972s][gc          ] GC(129) Garbage Collection (Allocation Rate) 110M(86%)->20M(16%)
[2024-07-24T23:00:49.638+0800][10.059s][gc,start    ] GC(130) Garbage Collection (Allocation Rate)
[2024-07-24T23:00:49.638+0800][10.059s][gc,stats    ] === Garbage Collection Statistics =======================================================================================================================
[2024-07-24T23:00:49.638+0800][10.059s][gc,task     ] GC(130) Using 1 workers
[2024-07-24T23:00:49.638+0800][10.059s][gc,stats    ]                                                              Last 10s              Last 10m              Last 10h                Total
[2024-07-24T23:00:49.638+0800][10.060s][gc,stats    ]                                                              Avg / Max             Avg / Max             Avg / Max             Avg / Max
[2024-07-24T23:00:49.638+0800][10.060s][gc,stats    ]   Collector: Garbage Collection Cycle                      7.295 / 14.566        7.295 / 14.566        7.295 / 14.566        7.295 / 14.566      ms
[2024-07-24T23:00:49.638+0800][10.060s][gc,stats    ]  Contention: Mark Segment Reset Contention                     0 / 0                 0 / 0                 0 / 0                 0 / 0           ops/s
[2024-07-24T23:00:49.638+0800][10.060s][gc,stats    ]  Contention: Mark SeqNum Reset Contention                      0 / 0                 0 / 0                 0 / 0                 0 / 0           ops/s
[2024-07-24T23:00:49.638+0800][10.060s][gc,stats    ]    Critical: Allocation Stall                                  6 / 8                 6 / 8                 6 / 8                 6 / 8           ops/s
[2024-07-24T23:00:49.638+0800][10.060s][gc,stats    ]    Critical: Allocation Stall                              5.471 / 8.387         5.471 / 8.387         5.471 / 8.387         5.471 / 8.387       ms
[2024-07-24T23:00:49.638+0800][10.060s][gc,stats    ]    Critical: GC Locker Stall                                   0 / 0                 0 / 0                 0 / 0                 0 / 0           ops/s
[2024-07-24T23:00:49.638+0800][10.060s][gc,stats    ]    Critical: GC Locker Stall                               0.000 / 0.000         0.000 / 0.000         0.000 / 0.000         0.000 / 0.000       ms
[2024-07-24T23:00:49.638+0800][10.060s][gc,stats    ]    Critical: Relocation Stall                                  0 / 0                 0 / 0                 0 / 0                 0 / 0           ops/s
[2024-07-24T23:00:49.638+0800][10.060s][gc,stats    ]    Critical: Relocation Stall                              0.000 / 0.000         0.000 / 0.000         0.000 / 0.000         0.000 / 0.000       ms
[2024-07-24T23:00:49.638+0800][10.060s][gc,stats    ]      Memory: Allocation Rate                                1152 / 1188           1152 / 1188           1152 / 1188           1152 / 1188        MB/s
[2024-07-24T23:00:49.638+0800][10.060s][gc,stats    ]      Memory: Out Of Memory                                     0 / 0                 0 / 0                 0 / 0                 0 / 0           ops/s
[2024-07-24T23:00:49.638+0800][10.060s][gc,stats    ]      Memory: Page Cache Flush                                 12 / 20               12 / 20               12 / 20               12 / 20          MB/s
[2024-07-24T23:00:49.638+0800][10.060s][gc,stats    ]      Memory: Page Cache Hit L1                               562 / 586             562 / 586             562 / 586             562 / 586         ops/s
[2024-07-24T23:00:49.638+0800][10.060s][gc,stats    ]      Memory: Page Cache Hit L2                                 0 / 0                 0 / 0                 0 / 0                 0 / 0           ops/s
[2024-07-24T23:00:49.638+0800][10.060s][gc,stats    ]      Memory: Page Cache Hit L3                                12 / 72               12 / 72               12 / 72               12 / 72          ops/s
[2024-07-24T23:00:49.638+0800][10.060s][gc,stats    ]      Memory: Page Cache Miss                                   6 / 11                6 / 11                6 / 11                6 / 11          ops/s
[2024-07-24T23:00:49.638+0800][10.060s][gc,stats    ]      Memory: Uncommit                                          0 / 0                 0 / 0                 0 / 0                 0 / 0           MB/s
[2024-07-24T23:00:49.638+0800][10.060s][gc,stats    ]      Memory: Undo Object Allocation Failed                     0 / 0                 0 / 0                 0 / 0                 0 / 0           ops/s
[2024-07-24T23:00:49.638+0800][10.060s][gc,stats    ]      Memory: Undo Object Allocation Succeeded                  0 / 1                 0 / 1                 0 / 1                 0 / 1           ops/s
[2024-07-24T23:00:49.638+0800][10.060s][gc,stats    ]      Memory: Undo Page Allocation                              0 / 0                 0 / 0                 0 / 0                 0 / 0           ops/s
[2024-07-24T23:00:49.638+0800][10.060s][gc,phases   ] GC(130) Pause Mark Start 0.010ms
[2024-07-24T23:00:49.638+0800][10.060s][gc,stats    ]       Phase: Concurrent Mark                               2.790 / 5.116         2.790 / 5.116         2.790 / 5.116         2.790 / 5.116       ms
[2024-07-24T23:00:49.638+0800][10.060s][gc,stats    ]       Phase: Concurrent Mark Continue                      0.000 / 0.000         0.000 / 0.000         0.000 / 0.000         0.000 / 0.000       ms
[2024-07-24T23:00:49.638+0800][10.060s][gc,stats    ]       Phase: Concurrent Mark Free                          0.001 / 0.004         0.001 / 0.004         0.001 / 0.004         0.001 / 0.004       ms
[2024-07-24T23:00:49.638+0800][10.061s][gc,stats    ]       Phase: Concurrent Process Non-Strong References      0.881 / 1.329         0.881 / 1.329         0.881 / 1.329         0.881 / 1.329       ms
[2024-07-24T23:00:49.638+0800][10.061s][gc,stats    ]       Phase: Concurrent Relocate                           0.461 / 2.267         0.461 / 2.267         0.461 / 2.267         0.461 / 2.267       ms
[2024-07-24T23:00:49.638+0800][10.061s][gc,stats    ]       Phase: Concurrent Reset Relocation Set               0.001 / 0.003         0.001 / 0.003         0.001 / 0.003         0.001 / 0.003       ms
[2024-07-24T23:00:49.638+0800][10.061s][gc,stats    ]       Phase: Concurrent Select Relocation Set              1.814 / 8.365         1.814 / 8.365         1.814 / 8.365         1.814 / 8.365       ms
[2024-07-24T23:00:49.638+0800][10.061s][gc,stats    ]       Phase: Pause Mark End                                0.008 / 0.021         0.008 / 0.021         0.008 / 0.021         0.008 / 0.021       ms
[2024-07-24T23:00:49.638+0800][10.061s][gc,stats    ]       Phase: Pause Mark Start                              0.024 / 0.121         0.024 / 0.121         0.024 / 0.121         0.024 / 0.121       ms
[2024-07-24T23:00:49.638+0800][10.061s][gc,stats    ]       Phase: Pause Relocate Start                          0.006 / 0.046         0.006 / 0.046         0.006 / 0.046         0.006 / 0.046       ms
[2024-07-24T23:00:49.638+0800][10.061s][gc,stats    ]    Subphase: Concurrent Classes Purge                      0.101 / 0.141         0.101 / 0.141         0.101 / 0.141         0.101 / 0.141       ms
[2024-07-24T23:00:49.638+0800][10.061s][gc,stats    ]    Subphase: Concurrent Classes Unlink                     0.331 / 0.669         0.331 / 0.669         0.331 / 0.669         0.331 / 0.669       ms
[2024-07-24T23:00:49.638+0800][10.061s][gc,stats    ]    Subphase: Concurrent Mark                               2.342 / 4.616         2.342 / 4.616         2.342 / 4.616         2.342 / 4.616       ms
[2024-07-24T23:00:49.638+0800][10.061s][gc,stats    ]    Subphase: Concurrent Mark Try Flush                     0.112 / 0.209         0.112 / 0.209         0.112 / 0.209         0.112 / 0.209       ms
[2024-07-24T23:00:49.638+0800][10.061s][gc,stats    ]    Subphase: Concurrent Mark Try Terminate                 0.052 / 0.161         0.052 / 0.161         0.052 / 0.161         0.052 / 0.161       ms
[2024-07-24T23:00:49.638+0800][10.061s][gc,stats    ]    Subphase: Concurrent References Enqueue                 0.000 / 0.003         0.000 / 0.003         0.000 / 0.003         0.000 / 0.003       ms
[2024-07-24T23:00:49.639+0800][10.061s][gc,stats    ]    Subphase: Concurrent References Process                 0.108 / 0.184         0.108 / 0.184         0.108 / 0.184         0.108 / 0.184       ms
[2024-07-24T23:00:49.639+0800][10.061s][gc,stats    ]    Subphase: Concurrent Roots ClassLoaderDataGraph         0.078 / 0.217         0.078 / 0.217         0.078 / 0.217         0.078 / 0.217       ms
[2024-07-24T23:00:49.639+0800][10.061s][gc,stats    ]    Subphase: Concurrent Roots CodeCache                    0.000 / 0.000         0.000 / 0.000         0.000 / 0.000         0.000 / 0.000       ms
[2024-07-24T23:00:49.639+0800][10.061s][gc,stats    ]    Subphase: Concurrent Roots JavaThreads                  0.150 / 0.297         0.150 / 0.297         0.150 / 0.297         0.150 / 0.297       ms
[2024-07-24T23:00:49.639+0800][10.061s][gc,stats    ]    Subphase: Concurrent Roots OopStorageSet                0.014 / 0.053         0.014 / 0.053         0.014 / 0.053         0.014 / 0.053       ms
[2024-07-24T23:00:49.639+0800][10.061s][gc,stats    ]    Subphase: Concurrent Weak Roots OopStorageSet           0.121 / 0.371         0.121 / 0.371         0.121 / 0.371         0.121 / 0.371       ms
[2024-07-24T23:00:49.639+0800][10.061s][gc,stats    ]    Subphase: Pause Mark Try Complete                       0.000 / 0.000         0.000 / 0.000         0.000 / 0.000         0.000 / 0.000       ms
[2024-07-24T23:00:49.639+0800][10.061s][gc,stats    ]      System: Java Threads                                     12 / 12               12 / 12               12 / 12               12 / 12          threads
[2024-07-24T23:00:49.639+0800][10.061s][gc,stats    ] =========================================================================================================================================================
[2024-07-24T23:00:49.641+0800][10.063s][gc,phases   ] GC(130) Concurrent Mark 2.701ms
[2024-07-24T23:00:49.641+0800][10.063s][gc,phases   ] GC(130) Pause Mark End 0.009ms
[2024-07-24T23:00:49.641+0800][10.064s][gc,phases   ] GC(130) Concurrent Mark Free 0.001ms
[2024-07-24T23:00:49.642+0800][10.064s][gc,phases   ] GC(130) Concurrent Process Non-Strong References 0.849ms
[2024-07-24T23:00:49.642+0800][10.064s][gc,phases   ] GC(130) Concurrent Reset Relocation Set 0.000ms
[2024-07-24T23:00:49.644+0800][10.066s][gc          ] Allocation Stall (main) 5.094ms
[2024-07-24T23:00:49.644+0800][10.066s][gc,phases   ] GC(130) Concurrent Select Relocation Set 1.681ms
[2024-07-24T23:00:49.644+0800][10.066s][gc,phases   ] GC(130) Pause Relocate Start 0.005ms
[2024-07-24T23:00:49.644+0800][10.067s][gc,phases   ] GC(130) Concurrent Relocate 0.111ms
[2024-07-24T23:00:49.644+0800][10.067s][gc,load     ] GC(130) Load: 0.00/0.00/0.00
[2024-07-24T23:00:49.644+0800][10.067s][gc,mmu      ] GC(130) MMU: 2ms/94.0%, 5ms/97.6%, 10ms/98.7%, 20ms/99.3%, 50ms/99.7%, 100ms/99.8%
[2024-07-24T23:00:49.644+0800][10.067s][gc,marking  ] GC(130) Mark: 1 stripe(s), 2 proactive flush(es), 1 terminate flush(es), 0 completion(s), 0 continuation(s) 
[2024-07-24T23:00:49.644+0800][10.067s][gc,marking  ] GC(130) Mark Stack Usage: 32M
[2024-07-24T23:00:49.644+0800][10.067s][gc,nmethod  ] GC(130) NMethods: 285 registered, 0 unregistered
[2024-07-24T23:00:49.645+0800][10.067s][gc,metaspace] GC(130) Metaspace: 0M used, 0M committed, 1088M reserved
[2024-07-24T23:00:49.645+0800][10.067s][gc,ref      ] GC(130) Soft: 62 encountered, 0 discovered, 0 enqueued
[2024-07-24T23:00:49.645+0800][10.067s][gc,ref      ] GC(130) Weak: 187 encountered, 170 discovered, 0 enqueued
[2024-07-24T23:00:49.645+0800][10.067s][gc,ref      ] GC(130) Final: 0 encountered, 0 discovered, 0 enqueued
[2024-07-24T23:00:49.645+0800][10.067s][gc,ref      ] GC(130) Phantom: 1 encountered, 0 discovered, 0 enqueued
[2024-07-24T23:00:49.645+0800][10.067s][gc,reloc    ] GC(130) Small Pages: 2 / 4M, Empty: 2M, Relocated: 0M, In-Place: 0
[2024-07-24T23:00:49.645+0800][10.067s][gc,reloc    ] GC(130) Medium Pages: 0 / 0M, Empty: 0M, Relocated: 0M, In-Place: 0
[2024-07-24T23:00:49.645+0800][10.067s][gc,reloc    ] GC(130) Large Pages: 62 / 124M, Empty: 96M, Relocated: 0M, In-Place: 0
[2024-07-24T23:00:49.645+0800][10.067s][gc,reloc    ] GC(130) Forwarding Usage: 0M
[2024-07-24T23:00:49.645+0800][10.067s][gc,heap     ] GC(130) Min Capacity: 8M(6%)
[2024-07-24T23:00:49.645+0800][10.067s][gc,heap     ] GC(130) Max Capacity: 128M(100%)
[2024-07-24T23:00:49.645+0800][10.067s][gc,heap     ] GC(130) Soft Max Capacity: 128M(100%)
[2024-07-24T23:00:49.645+0800][10.067s][gc,heap     ] GC(130)                Mark Start          Mark End        Relocate Start      Relocate End           High               Low         
[2024-07-24T23:00:49.645+0800][10.067s][gc,heap     ] GC(130)  Capacity:      128M (100%)        128M (100%)        128M (100%)        128M (100%)        128M (100%)        128M (100%)   
[2024-07-24T23:00:49.645+0800][10.067s][gc,heap     ] GC(130)      Free:        0M (0%)            0M (0%)           96M (75%)          90M (70%)          98M (77%)           0M (0%)     
[2024-07-24T23:00:49.645+0800][10.067s][gc,heap     ] GC(130)      Used:      128M (100%)        128M (100%)         32M (25%)          38M (30%)         128M (100%)         30M (23%)    
[2024-07-24T23:00:49.645+0800][10.067s][gc,heap     ] GC(130)      Live:         -                29M (23%)          29M (23%)          29M (23%)            -                  -          
[2024-07-24T23:00:49.645+0800][10.067s][gc,heap     ] GC(130) Allocated:         -                 0M (0%)            2M (2%)            8M (6%)             -                  -          
[2024-07-24T23:00:49.645+0800][10.067s][gc,heap     ] GC(130)   Garbage:         -                98M (77%)           0M (1%)            0M (1%)             -                  -          
[2024-07-24T23:00:49.645+0800][10.067s][gc,heap     ] GC(130) Reclaimed:         -                  -                98M (77%)          98M (77%)            -                  -          
[2024-07-24T23:00:49.645+0800][10.067s][gc          ] GC(130) Garbage Collection (Allocation Rate) 128M(100%)->38M(30%)
[2024-07-24T23:00:49.733+0800][10.154s][gc,start    ] GC(131) Garbage Collection (Allocation Stall)
[2024-07-24T23:00:49.733+0800][10.154s][gc,ref      ] GC(131) Clearing All SoftReferences
[2024-07-24T23:00:49.733+0800][10.154s][gc,task     ] GC(131) Using 1 workers
[2024-07-24T23:00:49.733+0800][10.155s][gc,ref      ] GC(131) Clearing All SoftReferences
[2024-07-24T23:00:49.733+0800][10.155s][gc,phases   ] GC(131) Pause Mark Start 0.100ms
[2024-07-24T23:00:49.735+0800][10.157s][gc,phases   ] GC(131) Concurrent Mark 2.282ms
[2024-07-24T23:00:49.735+0800][10.157s][gc,phases   ] GC(131) Pause Mark End 0.008ms
[2024-07-24T23:00:49.735+0800][10.157s][gc,phases   ] GC(131) Concurrent Mark Free 0.001ms
[2024-07-24T23:00:49.736+0800][10.158s][gc,phases   ] GC(131) Concurrent Process Non-Strong References 0.877ms
[2024-07-24T23:00:49.736+0800][10.158s][gc,phases   ] GC(131) Concurrent Reset Relocation Set 0.000ms
[2024-07-24T23:00:49.738+0800][10.160s][gc          ] Allocation Stall (main) 5.458ms
[2024-07-24T23:00:49.738+0800][10.160s][gc,phases   ] GC(131) Concurrent Select Relocation Set 1.466ms
[2024-07-24T23:00:49.738+0800][10.160s][gc,phases   ] GC(131) Pause Relocate Start 0.005ms
[2024-07-24T23:00:49.738+0800][10.160s][gc,phases   ] GC(131) Concurrent Relocate 0.120ms
[2024-07-24T23:00:49.738+0800][10.160s][gc,load     ] GC(131) Load: 0.00/0.00/0.00
[2024-07-24T23:00:49.738+0800][10.160s][gc,mmu      ] GC(131) MMU: 2ms/94.0%, 5ms/97.6%, 10ms/98.7%, 20ms/99.3%, 50ms/99.7%, 100ms/99.8%
[2024-07-24T23:00:49.738+0800][10.160s][gc,marking  ] GC(131) Mark: 1 stripe(s), 1 proactive flush(es), 1 terminate flush(es), 0 completion(s), 0 continuation(s) 
[2024-07-24T23:00:49.738+0800][10.160s][gc,marking  ] GC(131) Mark Stack Usage: 32M
[2024-07-24T23:00:49.738+0800][10.160s][gc,nmethod  ] GC(131) NMethods: 285 registered, 0 unregistered
[2024-07-24T23:00:49.738+0800][10.160s][gc,metaspace] GC(131) Metaspace: 0M used, 0M committed, 1088M reserved
[2024-07-24T23:00:49.738+0800][10.160s][gc,ref      ] GC(131) Soft: 62 encountered, 37 discovered, 0 enqueued
[2024-07-24T23:00:49.738+0800][10.160s][gc,ref      ] GC(131) Weak: 187 encountered, 170 discovered, 0 enqueued
[2024-07-24T23:00:49.738+0800][10.160s][gc,ref      ] GC(131) Final: 0 encountered, 0 discovered, 0 enqueued
[2024-07-24T23:00:49.738+0800][10.160s][gc,ref      ] GC(131) Phantom: 1 encountered, 0 discovered, 0 enqueued
[2024-07-24T23:00:49.738+0800][10.160s][gc,reloc    ] GC(131) Small Pages: 2 / 4M, Empty: 2M, Relocated: 0M, In-Place: 0
[2024-07-24T23:00:49.738+0800][10.161s][gc,reloc    ] GC(131) Medium Pages: 0 / 0M, Empty: 0M, Relocated: 0M, In-Place: 0
[2024-07-24T23:00:49.738+0800][10.161s][gc,reloc    ] GC(131) Large Pages: 62 / 124M, Empty: 120M, Relocated: 0M, In-Place: 0
[2024-07-24T23:00:49.738+0800][10.161s][gc,reloc    ] GC(131) Forwarding Usage: 0M
[2024-07-24T23:00:49.739+0800][10.161s][gc,heap     ] GC(131) Min Capacity: 8M(6%)
[2024-07-24T23:00:49.739+0800][10.161s][gc,heap     ] GC(131) Max Capacity: 128M(100%)
[2024-07-24T23:00:49.739+0800][10.161s][gc,heap     ] GC(131) Soft Max Capacity: 128M(100%)
[2024-07-24T23:00:49.739+0800][10.161s][gc,heap     ] GC(131)                Mark Start          Mark End        Relocate Start      Relocate End           High               Low         
[2024-07-24T23:00:49.739+0800][10.161s][gc,heap     ] GC(131)  Capacity:      128M (100%)        128M (100%)        128M (100%)        128M (100%)        128M (100%)        128M (100%)   
[2024-07-24T23:00:49.739+0800][10.161s][gc,heap     ] GC(131)      Free:        0M (0%)            0M (0%)          116M (91%)         110M (86%)         122M (95%)           0M (0%)     
[2024-07-24T23:00:49.739+0800][10.161s][gc,heap     ] GC(131)      Used:      128M (100%)        128M (100%)         12M (9%)           18M (14%)         128M (100%)          6M (5%)     
[2024-07-24T23:00:49.739+0800][10.161s][gc,heap     ] GC(131)      Live:         -                 5M (4%)            5M (4%)            5M (4%)             -                  -          
[2024-07-24T23:00:49.739+0800][10.161s][gc,heap     ] GC(131) Allocated:         -                 0M (0%)            6M (5%)           12M (9%)             -                  -          
[2024-07-24T23:00:49.739+0800][10.161s][gc,heap     ] GC(131)   Garbage:         -               122M (96%)           0M (1%)            0M (1%)             -                  -          
[2024-07-24T23:00:49.739+0800][10.161s][gc,heap     ] GC(131) Reclaimed:         -                  -               122M (95%)         122M (95%)            -                  -          
[2024-07-24T23:00:49.739+0800][10.161s][gc          ] GC(131) Garbage Collection (Allocation Stall) 128M(100%)->18M(14%)
[2024-07-24T23:00:49.748+0800][10.169s][gc,start    ] GC(132) Garbage Collection (Allocation Rate)
[2024-07-24T23:00:49.748+0800][10.169s][gc,task     ] GC(132) Using 1 workers
[2024-07-24T23:00:49.748+0800][10.169s][gc,phases   ] GC(132) Pause Mark Start 0.032ms
[2024-07-24T23:00:49.750+0800][10.172s][gc,phases   ] GC(132) Concurrent Mark 2.386ms
[2024-07-24T23:00:49.750+0800][10.172s][gc,phases   ] GC(132) Pause Mark End 0.008ms
[2024-07-24T23:00:49.750+0800][10.172s][gc,phases   ] GC(132) Concurrent Mark Free 0.001ms
[2024-07-24T23:00:49.751+0800][10.173s][gc,phases   ] GC(132) Concurrent Process Non-Strong References 1.058ms
[2024-07-24T23:00:49.751+0800][10.173s][gc,phases   ] GC(132) Concurrent Reset Relocation Set 0.000ms
[2024-07-24T23:00:49.753+0800][10.175s][gc,phases   ] GC(132) Concurrent Select Relocation Set 1.554ms
[2024-07-24T23:00:49.753+0800][10.175s][gc,phases   ] GC(132) Pause Relocate Start 0.005ms
[2024-07-24T23:00:49.754+0800][10.176s][gc,phases   ] GC(132) Concurrent Relocate 0.987ms
[2024-07-24T23:00:49.754+0800][10.176s][gc,load     ] GC(132) Load: 0.00/0.00/0.00
[2024-07-24T23:00:49.754+0800][10.176s][gc,mmu      ] GC(132) MMU: 2ms/94.0%, 5ms/97.6%, 10ms/98.7%, 20ms/99.2%, 50ms/99.7%, 100ms/99.8%
[2024-07-24T23:00:49.754+0800][10.176s][gc,marking  ] GC(132) Mark: 1 stripe(s), 1 proactive flush(es), 1 terminate flush(es), 0 completion(s), 0 continuation(s) 
[2024-07-24T23:00:49.754+0800][10.176s][gc,marking  ] GC(132) Mark Stack Usage: 32M
[2024-07-24T23:00:49.754+0800][10.176s][gc,nmethod  ] GC(132) NMethods: 285 registered, 0 unregistered
[2024-07-24T23:00:49.754+0800][10.176s][gc,metaspace] GC(132) Metaspace: 0M used, 0M committed, 1088M reserved
[2024-07-24T23:00:49.754+0800][10.177s][gc,ref      ] GC(132) Soft: 62 encountered, 0 discovered, 0 enqueued
[2024-07-24T23:00:49.754+0800][10.177s][gc,ref      ] GC(132) Weak: 187 encountered, 170 discovered, 0 enqueued
[2024-07-24T23:00:49.754+0800][10.177s][gc,ref      ] GC(132) Final: 0 encountered, 0 discovered, 0 enqueued
[2024-07-24T23:00:49.755+0800][10.177s][gc,ref      ] GC(132) Phantom: 1 encountered, 0 discovered, 0 enqueued
[2024-07-24T23:00:49.755+0800][10.177s][gc,reloc    ] GC(132) Small Pages: 2 / 4M, Empty: 0M, Relocated: 1M, In-Place: 0
[2024-07-24T23:00:49.755+0800][10.177s][gc,reloc    ] GC(132) Medium Pages: 0 / 0M, Empty: 0M, Relocated: 0M, In-Place: 0
[2024-07-24T23:00:49.755+0800][10.177s][gc,reloc    ] GC(132) Large Pages: 10 / 20M, Empty: 0M, Relocated: 0M, In-Place: 0
[2024-07-24T23:00:49.755+0800][10.177s][gc,reloc    ] GC(132) Forwarding Usage: 0M
[2024-07-24T23:00:49.755+0800][10.177s][gc,heap     ] GC(132) Min Capacity: 8M(6%)
[2024-07-24T23:00:49.755+0800][10.177s][gc,heap     ] GC(132) Max Capacity: 128M(100%)
[2024-07-24T23:00:49.755+0800][10.177s][gc,heap     ] GC(132) Soft Max Capacity: 128M(100%)
[2024-07-24T23:00:49.755+0800][10.177s][gc,heap     ] GC(132)                Mark Start          Mark End        Relocate Start      Relocate End           High               Low         
[2024-07-24T23:00:49.755+0800][10.177s][gc,heap     ] GC(132)  Capacity:      128M (100%)        128M (100%)        128M (100%)        128M (100%)        128M (100%)        128M (100%)   
[2024-07-24T23:00:49.755+0800][10.177s][gc,heap     ] GC(132)      Free:      104M (81%)         104M (81%)         104M (81%)         106M (83%)         106M (83%)         102M (80%)    
[2024-07-24T23:00:49.755+0800][10.177s][gc,heap     ] GC(132)      Used:       24M (19%)          24M (19%)          24M (19%)          22M (17%)          26M (20%)          22M (17%)    
[2024-07-24T23:00:49.755+0800][10.177s][gc,heap     ] GC(132)      Live:         -                21M (17%)          21M (17%)          21M (17%)            -                  -          
[2024-07-24T23:00:49.755+0800][10.177s][gc,heap     ] GC(132) Allocated:         -                 0M (0%)            0M (0%)            0M (0%)             -                  -          
[2024-07-24T23:00:49.755+0800][10.177s][gc,heap     ] GC(132)   Garbage:         -                 2M (2%)            2M (2%)            0M (1%)             -                  -          
[2024-07-24T23:00:49.755+0800][10.177s][gc,heap     ] GC(132) Reclaimed:         -                  -                 0M (0%)            2M (2%)             -                  -          
[2024-07-24T23:00:49.755+0800][10.177s][gc          ] GC(132) Garbage Collection (Allocation Rate) 24M(19%)->22M(17%)
[2024-07-24T23:00:49.843+0800][10.264s][gc,start    ] GC(133) Garbage Collection (Allocation Rate)
[2024-07-24T23:00:49.843+0800][10.264s][gc,task     ] GC(133) Using 1 workers
[2024-07-24T23:00:49.843+0800][10.265s][gc,phases   ] GC(133) Pause Mark Start 0.007ms
[2024-07-24T23:00:49.846+0800][10.268s][gc,phases   ] GC(133) Concurrent Mark 3.546ms
[2024-07-24T23:00:49.847+0800][10.269s][gc,phases   ] GC(133) Pause Mark End 0.005ms
[2024-07-24T23:00:49.847+0800][10.269s][gc,phases   ] GC(133) Concurrent Mark Free 0.001ms
[2024-07-24T23:00:49.848+0800][10.270s][gc,phases   ] GC(133) Concurrent Process Non-Strong References 1.048ms
[2024-07-24T23:00:49.848+0800][10.270s][gc,phases   ] GC(133) Concurrent Reset Relocation Set 0.001ms
[2024-07-24T23:00:49.850+0800][10.272s][gc          ] Allocation Stall (main) 6.254ms
[2024-07-24T23:00:49.850+0800][10.272s][gc,phases   ] GC(133) Concurrent Select Relocation Set 1.840ms
[2024-07-24T23:00:49.850+0800][10.272s][gc,phases   ] GC(133) Pause Relocate Start 0.015ms
[2024-07-24T23:00:49.850+0800][10.272s][gc,phases   ] GC(133) Concurrent Relocate 0.143ms
[2024-07-24T23:00:49.850+0800][10.272s][gc,load     ] GC(133) Load: 0.00/0.00/0.00
[2024-07-24T23:00:49.850+0800][10.272s][gc,mmu      ] GC(133) MMU: 2ms/94.0%, 5ms/97.6%, 10ms/98.7%, 20ms/99.2%, 50ms/99.7%, 100ms/99.8%
[2024-07-24T23:00:49.850+0800][10.272s][gc,marking  ] GC(133) Mark: 1 stripe(s), 2 proactive flush(es), 1 terminate flush(es), 0 completion(s), 0 continuation(s) 
[2024-07-24T23:00:49.850+0800][10.273s][gc,marking  ] GC(133) Mark Stack Usage: 32M
[2024-07-24T23:00:49.850+0800][10.273s][gc,nmethod  ] GC(133) NMethods: 285 registered, 0 unregistered
[2024-07-24T23:00:49.850+0800][10.273s][gc,metaspace] GC(133) Metaspace: 0M used, 0M committed, 1088M reserved
[2024-07-24T23:00:49.850+0800][10.273s][gc,ref      ] GC(133) Soft: 62 encountered, 0 discovered, 0 enqueued
[2024-07-24T23:00:49.850+0800][10.273s][gc,ref      ] GC(133) Weak: 187 encountered, 170 discovered, 0 enqueued
[2024-07-24T23:00:49.850+0800][10.273s][gc,ref      ] GC(133) Final: 0 encountered, 0 discovered, 0 enqueued
[2024-07-24T23:00:49.850+0800][10.273s][gc,ref      ] GC(133) Phantom: 1 encountered, 0 discovered, 0 enqueued
[2024-07-24T23:00:49.850+0800][10.273s][gc,reloc    ] GC(133) Small Pages: 2 / 4M, Empty: 2M, Relocated: 0M, In-Place: 0
[2024-07-24T23:00:49.851+0800][10.273s][gc,reloc    ] GC(133) Medium Pages: 0 / 0M, Empty: 0M, Relocated: 0M, In-Place: 0
[2024-07-24T23:00:49.851+0800][10.273s][gc,reloc    ] GC(133) Large Pages: 62 / 124M, Empty: 120M, Relocated: 0M, In-Place: 0
[2024-07-24T23:00:49.851+0800][10.273s][gc,reloc    ] GC(133) Forwarding Usage: 0M
[2024-07-24T23:00:49.851+0800][10.273s][gc,heap     ] GC(133) Min Capacity: 8M(6%)
[2024-07-24T23:00:49.851+0800][10.273s][gc,heap     ] GC(133) Max Capacity: 128M(100%)
[2024-07-24T23:00:49.851+0800][10.273s][gc,heap     ] GC(133) Soft Max Capacity: 128M(100%)
[2024-07-24T23:00:49.851+0800][10.273s][gc,heap     ] GC(133)                Mark Start          Mark End        Relocate Start      Relocate End           High               Low         
[2024-07-24T23:00:49.851+0800][10.273s][gc,heap     ] GC(133)  Capacity:      128M (100%)        128M (100%)        128M (100%)        128M (100%)        128M (100%)        128M (100%)   
[2024-07-24T23:00:49.851+0800][10.273s][gc,heap     ] GC(133)      Free:        0M (0%)            0M (0%)          114M (89%)         112M (88%)         122M (95%)           0M (0%)     
[2024-07-24T23:00:49.851+0800][10.273s][gc,heap     ] GC(133)      Used:      128M (100%)        128M (100%)         14M (11%)          16M (12%)         128M (100%)          6M (5%)     
[2024-07-24T23:00:49.851+0800][10.273s][gc,heap     ] GC(133)      Live:         -                 5M (4%)            5M (4%)            5M (4%)             -                  -          
[2024-07-24T23:00:49.851+0800][10.273s][gc,heap     ] GC(133) Allocated:         -                 0M (0%)            8M (6%)           10M (8%)             -                  -          
[2024-07-24T23:00:49.851+0800][10.273s][gc,heap     ] GC(133)   Garbage:         -               122M (96%)           0M (1%)            0M (1%)             -                  -          
[2024-07-24T23:00:49.851+0800][10.273s][gc,heap     ] GC(133) Reclaimed:         -                  -               122M (95%)         122M (95%)            -                  -          
[2024-07-24T23:00:49.851+0800][10.273s][gc          ] GC(133) Garbage Collection (Allocation Rate) 128M(100%)->16M(12%)
[2024-07-24T23:00:49.937+0800][10.359s][gc,start    ] GC(134) Garbage Collection (Allocation Stall)
[2024-07-24T23:00:49.937+0800][10.359s][gc,ref      ] GC(134) Clearing All SoftReferences
[2024-07-24T23:00:49.937+0800][10.359s][gc,task     ] GC(134) Using 1 workers
[2024-07-24T23:00:49.937+0800][10.359s][gc,ref      ] GC(134) Clearing All SoftReferences
[2024-07-24T23:00:49.937+0800][10.359s][gc,phases   ] GC(134) Pause Mark Start 0.054ms
[2024-07-24T23:00:49.941+0800][10.363s][gc,phases   ] GC(134) Concurrent Mark 3.793ms
[2024-07-24T23:00:49.941+0800][10.363s][gc,phases   ] GC(134) Pause Mark End 0.016ms
[2024-07-24T23:00:49.941+0800][10.363s][gc,phases   ] GC(134) Concurrent Mark Free 0.001ms
[2024-07-24T23:00:49.942+0800][10.364s][gc,phases   ] GC(134) Concurrent Process Non-Strong References 1.043ms
[2024-07-24T23:00:49.942+0800][10.364s][gc,phases   ] GC(134) Concurrent Reset Relocation Set 0.001ms
[2024-07-24T23:00:49.944+0800][10.367s][gc,phases   ] GC(134) Concurrent Select Relocation Set 2.151ms
[2024-07-24T23:00:49.945+0800][10.367s][gc,phases   ] GC(134) Pause Relocate Start 0.008ms
[2024-07-24T23:00:49.945+0800][10.367s][gc,phases   ] GC(134) Concurrent Relocate 0.072ms
[2024-07-24T23:00:49.945+0800][10.367s][gc,load     ] GC(134) Load: 0.00/0.00/0.00
[2024-07-24T23:00:49.945+0800][10.367s][gc,mmu      ] GC(134) MMU: 2ms/94.0%, 5ms/97.6%, 10ms/98.7%, 20ms/99.2%, 50ms/99.7%, 100ms/99.8%
[2024-07-24T23:00:49.945+0800][10.367s][gc,marking  ] GC(134) Mark: 1 stripe(s), 2 proactive flush(es), 1 terminate flush(es), 0 completion(s), 0 continuation(s) 
[2024-07-24T23:00:49.945+0800][10.367s][gc,marking  ] GC(134) Mark Stack Usage: 32M
[2024-07-24T23:00:49.945+0800][10.367s][gc,nmethod  ] GC(134) NMethods: 285 registered, 0 unregistered
[2024-07-24T23:00:49.945+0800][10.367s][gc,metaspace] GC(134) Metaspace: 0M used, 0M committed, 1088M reserved
[2024-07-24T23:00:49.945+0800][10.367s][gc,ref      ] GC(134) Soft: 62 encountered, 35 discovered, 0 enqueued
[2024-07-24T23:00:49.945+0800][10.367s][gc,ref      ] GC(134) Weak: 187 encountered, 170 discovered, 0 enqueued
[2024-07-24T23:00:49.945+0800][10.367s][gc,ref      ] GC(134) Final: 0 encountered, 0 discovered, 0 enqueued
[2024-07-24T23:00:49.945+0800][10.367s][gc,ref      ] GC(134) Phantom: 1 encountered, 0 discovered, 0 enqueued
[2024-07-24T23:00:49.945+0800][10.367s][gc,reloc    ] GC(134) Small Pages: 2 / 4M, Empty: 2M, Relocated: 0M, In-Place: 0
[2024-07-24T23:00:49.945+0800][10.367s][gc,reloc    ] GC(134) Medium Pages: 0 / 0M, Empty: 0M, Relocated: 0M, In-Place: 0
[2024-07-24T23:00:49.945+0800][10.367s][gc,reloc    ] GC(134) Large Pages: 54 / 108M, Empty: 106M, Relocated: 0M, In-Place: 0
[2024-07-24T23:00:49.945+0800][10.367s][gc,reloc    ] GC(134) Forwarding Usage: 0M
[2024-07-24T23:00:49.945+0800][10.367s][gc,heap     ] GC(134) Min Capacity: 8M(6%)
[2024-07-24T23:00:49.945+0800][10.367s][gc,heap     ] GC(134) Max Capacity: 128M(100%)
[2024-07-24T23:00:49.945+0800][10.367s][gc,heap     ] GC(134) Soft Max Capacity: 128M(100%)
[2024-07-24T23:00:49.945+0800][10.367s][gc,heap     ] GC(134)                Mark Start          Mark End        Relocate Start      Relocate End           High               Low         
[2024-07-24T23:00:49.945+0800][10.367s][gc,heap     ] GC(134)  Capacity:      128M (100%)        128M (100%)        128M (100%)        128M (100%)        128M (100%)        128M (100%)   
[2024-07-24T23:00:49.945+0800][10.367s][gc,heap     ] GC(134)      Free:       16M (12%)           2M (2%)          110M (86%)         110M (86%)         110M (86%)           2M (2%)     
[2024-07-24T23:00:49.945+0800][10.367s][gc,heap     ] GC(134)      Used:      112M (88%)         126M (98%)          18M (14%)          18M (14%)         126M (98%)          18M (14%)    
[2024-07-24T23:00:49.945+0800][10.367s][gc,heap     ] GC(134)      Live:         -                 3M (3%)            3M (3%)            3M (3%)             -                  -          
[2024-07-24T23:00:49.945+0800][10.367s][gc,heap     ] GC(134) Allocated:         -                14M (11%)          14M (11%)          14M (11%)            -                  -          
[2024-07-24T23:00:49.945+0800][10.367s][gc,heap     ] GC(134)   Garbage:         -               108M (85%)           0M (1%)            0M (1%)             -                  -          
[2024-07-24T23:00:49.945+0800][10.367s][gc,heap     ] GC(134) Reclaimed:         -                  -               108M (84%)         108M (84%)            -                  -          
[2024-07-24T23:00:49.945+0800][10.367s][gc          ] GC(134) Garbage Collection (Allocation Stall) 112M(88%)->18M(14%)
[2024-07-24T23:00:50.033+0800][10.455s][gc,start    ] GC(135) Garbage Collection (Allocation Stall)
[2024-07-24T23:00:50.033+0800][10.455s][gc,ref      ] GC(135) Clearing All SoftReferences
[2024-07-24T23:00:50.033+0800][10.455s][gc,task     ] GC(135) Using 1 workers
[2024-07-24T23:00:50.033+0800][10.455s][gc,ref      ] GC(135) Clearing All SoftReferences
[2024-07-24T23:00:50.033+0800][10.456s][gc,phases   ] GC(135) Pause Mark Start 0.073ms
[2024-07-24T23:00:50.036+0800][10.458s][gc,phases   ] GC(135) Concurrent Mark 2.404ms
[2024-07-24T23:00:50.036+0800][10.458s][gc,phases   ] GC(135) Pause Mark End 0.008ms
[2024-07-24T23:00:50.036+0800][10.458s][gc,phases   ] GC(135) Concurrent Mark Free 0.001ms
[2024-07-24T23:00:50.037+0800][10.459s][gc,phases   ] GC(135) Concurrent Process Non-Strong References 0.861ms
[2024-07-24T23:00:50.037+0800][10.459s][gc,phases   ] GC(135) Concurrent Reset Relocation Set 0.000ms
[2024-07-24T23:00:50.039+0800][10.461s][gc          ] Allocation Stall (main) 5.784ms
[2024-07-24T23:00:50.039+0800][10.461s][gc,phases   ] GC(135) Concurrent Select Relocation Set 1.689ms
[2024-07-24T23:00:50.039+0800][10.461s][gc,phases   ] GC(135) Pause Relocate Start 0.006ms
[2024-07-24T23:00:50.039+0800][10.461s][gc,phases   ] GC(135) Concurrent Relocate 0.024ms
[2024-07-24T23:00:50.039+0800][10.461s][gc,load     ] GC(135) Load: 0.00/0.00/0.00
[2024-07-24T23:00:50.039+0800][10.461s][gc,mmu      ] GC(135) MMU: 2ms/94.0%, 5ms/97.6%, 10ms/98.7%, 20ms/99.2%, 50ms/99.7%, 100ms/99.8%
[2024-07-24T23:00:50.039+0800][10.461s][gc,marking  ] GC(135) Mark: 1 stripe(s), 1 proactive flush(es), 1 terminate flush(es), 0 completion(s), 0 continuation(s) 
[2024-07-24T23:00:50.039+0800][10.461s][gc,marking  ] GC(135) Mark Stack Usage: 32M
[2024-07-24T23:00:50.039+0800][10.461s][gc,nmethod  ] GC(135) NMethods: 285 registered, 0 unregistered
[2024-07-24T23:00:50.039+0800][10.461s][gc,metaspace] GC(135) Metaspace: 0M used, 0M committed, 1088M reserved
[2024-07-24T23:00:50.039+0800][10.461s][gc,ref      ] GC(135) Soft: 62 encountered, 37 discovered, 0 enqueued
[2024-07-24T23:00:50.039+0800][10.461s][gc,ref      ] GC(135) Weak: 187 encountered, 170 discovered, 0 enqueued
[2024-07-24T23:00:50.039+0800][10.461s][gc,ref      ] GC(135) Final: 0 encountered, 0 discovered, 0 enqueued
[2024-07-24T23:00:50.039+0800][10.461s][gc,ref      ] GC(135) Phantom: 1 encountered, 0 discovered, 0 enqueued
[2024-07-24T23:00:50.039+0800][10.461s][gc,reloc    ] GC(135) Small Pages: 2 / 4M, Empty: 2M, Relocated: 0M, In-Place: 0
[2024-07-24T23:00:50.039+0800][10.461s][gc,reloc    ] GC(135) Medium Pages: 0 / 0M, Empty: 0M, Relocated: 0M, In-Place: 0
[2024-07-24T23:00:50.039+0800][10.461s][gc,reloc    ] GC(135) Large Pages: 62 / 124M, Empty: 94M, Relocated: 0M, In-Place: 0
[2024-07-24T23:00:50.039+0800][10.461s][gc,reloc    ] GC(135) Forwarding Usage: 0M
[2024-07-24T23:00:50.039+0800][10.461s][gc,heap     ] GC(135) Min Capacity: 8M(6%)
[2024-07-24T23:00:50.039+0800][10.461s][gc,heap     ] GC(135) Max Capacity: 128M(100%)
[2024-07-24T23:00:50.039+0800][10.461s][gc,heap     ] GC(135) Soft Max Capacity: 128M(100%)
[2024-07-24T23:00:50.039+0800][10.461s][gc,heap     ] GC(135)                Mark Start          Mark End        Relocate Start      Relocate End           High               Low         
[2024-07-24T23:00:50.039+0800][10.461s][gc,heap     ] GC(135)  Capacity:      128M (100%)        128M (100%)        128M (100%)        128M (100%)        128M (100%)        128M (100%)   
[2024-07-24T23:00:50.039+0800][10.462s][gc,heap     ] GC(135)      Free:        0M (0%)            0M (0%)           90M (70%)          90M (70%)          96M (75%)           0M (0%)     
[2024-07-24T23:00:50.039+0800][10.462s][gc,heap     ] GC(135)      Used:      128M (100%)        128M (100%)         38M (30%)          38M (30%)         128M (100%)         32M (25%)    
[2024-07-24T23:00:50.039+0800][10.462s][gc,heap     ] GC(135)      Live:         -                31M (24%)          31M (24%)          31M (24%)            -                  -          
[2024-07-24T23:00:50.039+0800][10.462s][gc,heap     ] GC(135) Allocated:         -                 0M (0%)            6M (5%)            6M (5%)             -                  -          
[2024-07-24T23:00:50.039+0800][10.462s][gc,heap     ] GC(135)   Garbage:         -                96M (76%)           0M (1%)            0M (1%)             -                  -          
[2024-07-24T23:00:50.039+0800][10.462s][gc,heap     ] GC(135) Reclaimed:         -                  -                96M (75%)          96M (75%)            -                  -          
[2024-07-24T23:00:50.039+0800][10.462s][gc          ] GC(135) Garbage Collection (Allocation Stall) 128M(100%)->38M(30%)
[2024-07-24T23:00:50.048+0800][10.470s][gc,start    ] GC(136) Garbage Collection (Allocation Rate)
[2024-07-24T23:00:50.048+0800][10.470s][gc,task     ] GC(136) Using 1 workers
[2024-07-24T23:00:50.048+0800][10.470s][gc,phases   ] GC(136) Pause Mark Start 0.008ms
[2024-07-24T23:00:50.050+0800][10.472s][gc,phases   ] GC(136) Concurrent Mark 2.186ms
[2024-07-24T23:00:50.050+0800][10.473s][gc,phases   ] GC(136) Pause Mark End 0.030ms
[2024-07-24T23:00:50.050+0800][10.473s][gc,phases   ] GC(136) Concurrent Mark Free 0.002ms
[2024-07-24T23:00:50.051+0800][10.473s][gc,phases   ] GC(136) Concurrent Process Non-Strong References 0.681ms
[2024-07-24T23:00:50.051+0800][10.473s][gc,phases   ] GC(136) Concurrent Reset Relocation Set 0.000ms
[2024-07-24T23:00:50.053+0800][10.475s][gc,phases   ] GC(136) Concurrent Select Relocation Set 1.509ms
[2024-07-24T23:00:50.053+0800][10.475s][gc,phases   ] GC(136) Pause Relocate Start 0.011ms
[2024-07-24T23:00:50.054+0800][10.476s][gc,phases   ] GC(136) Concurrent Relocate 0.911ms
[2024-07-24T23:00:50.054+0800][10.476s][gc,load     ] GC(136) Load: 0.00/0.00/0.00
[2024-07-24T23:00:50.054+0800][10.476s][gc,mmu      ] GC(136) MMU: 2ms/94.0%, 5ms/97.6%, 10ms/98.7%, 20ms/99.2%, 50ms/99.7%, 100ms/99.8%
[2024-07-24T23:00:50.054+0800][10.476s][gc,marking  ] GC(136) Mark: 1 stripe(s), 1 proactive flush(es), 1 terminate flush(es), 0 completion(s), 0 continuation(s) 
[2024-07-24T23:00:50.054+0800][10.476s][gc,marking  ] GC(136) Mark Stack Usage: 32M
[2024-07-24T23:00:50.054+0800][10.476s][gc,nmethod  ] GC(136) NMethods: 285 registered, 0 unregistered
[2024-07-24T23:00:50.054+0800][10.476s][gc,metaspace] GC(136) Metaspace: 0M used, 0M committed, 1088M reserved
[2024-07-24T23:00:50.054+0800][10.476s][gc,ref      ] GC(136) Soft: 62 encountered, 0 discovered, 0 enqueued
[2024-07-24T23:00:50.054+0800][10.476s][gc,ref      ] GC(136) Weak: 187 encountered, 170 discovered, 0 enqueued
[2024-07-24T23:00:50.054+0800][10.476s][gc,ref      ] GC(136) Final: 0 encountered, 0 discovered, 0 enqueued
[2024-07-24T23:00:50.054+0800][10.476s][gc,ref      ] GC(136) Phantom: 1 encountered, 0 discovered, 0 enqueued
[2024-07-24T23:00:50.054+0800][10.476s][gc,reloc    ] GC(136) Small Pages: 2 / 4M, Empty: 0M, Relocated: 1M, In-Place: 0
[2024-07-24T23:00:50.054+0800][10.476s][gc,reloc    ] GC(136) Medium Pages: 0 / 0M, Empty: 0M, Relocated: 0M, In-Place: 0
[2024-07-24T23:00:50.054+0800][10.476s][gc,reloc    ] GC(136) Large Pages: 20 / 40M, Empty: 40M, Relocated: 0M, In-Place: 0
[2024-07-24T23:00:50.054+0800][10.476s][gc,reloc    ] GC(136) Forwarding Usage: 0M
[2024-07-24T23:00:50.054+0800][10.476s][gc,heap     ] GC(136) Min Capacity: 8M(6%)
[2024-07-24T23:00:50.054+0800][10.476s][gc,heap     ] GC(136) Max Capacity: 128M(100%)
[2024-07-24T23:00:50.054+0800][10.476s][gc,heap     ] GC(136) Soft Max Capacity: 128M(100%)
[2024-07-24T23:00:50.054+0800][10.476s][gc,heap     ] GC(136)                Mark Start          Mark End        Relocate Start      Relocate End           High               Low         
[2024-07-24T23:00:50.054+0800][10.476s][gc,heap     ] GC(136)  Capacity:      128M (100%)        128M (100%)        128M (100%)        128M (100%)        128M (100%)        128M (100%)   
[2024-07-24T23:00:50.054+0800][10.476s][gc,heap     ] GC(136)      Free:       84M (66%)          84M (66%)         124M (97%)         126M (98%)         126M (98%)          84M (66%)    
[2024-07-24T23:00:50.054+0800][10.476s][gc,heap     ] GC(136)      Used:       44M (34%)          44M (34%)           4M (3%)            2M (2%)           44M (34%)           2M (2%)     
[2024-07-24T23:00:50.054+0800][10.476s][gc,heap     ] GC(136)      Live:         -                 1M (1%)            1M (1%)            1M (1%)             -                  -          
[2024-07-24T23:00:50.054+0800][10.476s][gc,heap     ] GC(136) Allocated:         -                 0M (0%)            0M (0%)            0M (0%)             -                  -          
[2024-07-24T23:00:50.054+0800][10.476s][gc,heap     ] GC(136)   Garbage:         -                42M (33%)           2M (2%)            0M (1%)             -                  -          
[2024-07-24T23:00:50.054+0800][10.476s][gc,heap     ] GC(136) Reclaimed:         -                  -                40M (31%)          42M (33%)            -                  -          
[2024-07-24T23:00:50.054+0800][10.476s][gc          ] GC(136) Garbage Collection (Allocation Rate) 44M(34%)->2M(2%)
[2024-07-24T23:00:50.143+0800][10.564s][gc,start    ] GC(137) Garbage Collection (Allocation Rate)
[2024-07-24T23:00:50.143+0800][10.564s][gc,task     ] GC(137) Using 1 workers
[2024-07-24T23:00:50.143+0800][10.565s][gc,phases   ] GC(137) Pause Mark Start 0.021ms
[2024-07-24T23:00:50.146+0800][10.568s][gc,phases   ] GC(137) Concurrent Mark 3.214ms
[2024-07-24T23:00:50.146+0800][10.568s][gc,phases   ] GC(137) Pause Mark End 0.009ms
[2024-07-24T23:00:50.146+0800][10.569s][gc,phases   ] GC(137) Concurrent Mark Free 0.001ms
[2024-07-24T23:00:50.147+0800][10.570s][gc,phases   ] GC(137) Concurrent Process Non-Strong References 0.981ms
[2024-07-24T23:00:50.147+0800][10.570s][gc,phases   ] GC(137) Concurrent Reset Relocation Set 0.001ms
[2024-07-24T23:00:50.149+0800][10.571s][gc,phases   ] GC(137) Concurrent Select Relocation Set 1.442ms
[2024-07-24T23:00:50.149+0800][10.571s][gc,phases   ] GC(137) Pause Relocate Start 0.004ms
[2024-07-24T23:00:50.149+0800][10.571s][gc,phases   ] GC(137) Concurrent Relocate 0.102ms
[2024-07-24T23:00:50.149+0800][10.571s][gc,load     ] GC(137) Load: 0.00/0.00/0.00
[2024-07-24T23:00:50.149+0800][10.572s][gc,mmu      ] GC(137) MMU: 2ms/94.0%, 5ms/97.6%, 10ms/98.7%, 20ms/99.2%, 50ms/99.7%, 100ms/99.8%
[2024-07-24T23:00:50.149+0800][10.572s][gc,marking  ] GC(137) Mark: 1 stripe(s), 2 proactive flush(es), 1 terminate flush(es), 0 completion(s), 0 continuation(s) 
[2024-07-24T23:00:50.149+0800][10.572s][gc,marking  ] GC(137) Mark Stack Usage: 32M
[2024-07-24T23:00:50.149+0800][10.572s][gc,nmethod  ] GC(137) NMethods: 285 registered, 0 unregistered
[2024-07-24T23:00:50.149+0800][10.572s][gc,metaspace] GC(137) Metaspace: 0M used, 0M committed, 1088M reserved
[2024-07-24T23:00:50.149+0800][10.572s][gc,ref      ] GC(137) Soft: 62 encountered, 0 discovered, 0 enqueued
[2024-07-24T23:00:50.149+0800][10.572s][gc,ref      ] GC(137) Weak: 187 encountered, 170 discovered, 0 enqueued
[2024-07-24T23:00:50.149+0800][10.572s][gc,ref      ] GC(137) Final: 0 encountered, 0 discovered, 0 enqueued
[2024-07-24T23:00:50.149+0800][10.572s][gc,ref      ] GC(137) Phantom: 1 encountered, 0 discovered, 0 enqueued
[2024-07-24T23:00:50.149+0800][10.572s][gc,reloc    ] GC(137) Small Pages: 2 / 4M, Empty: 2M, Relocated: 0M, In-Place: 0
[2024-07-24T23:00:50.149+0800][10.572s][gc,reloc    ] GC(137) Medium Pages: 0 / 0M, Empty: 0M, Relocated: 0M, In-Place: 0
[2024-07-24T23:00:50.149+0800][10.572s][gc,reloc    ] GC(137) Large Pages: 53 / 106M, Empty: 104M, Relocated: 0M, In-Place: 0
[2024-07-24T23:00:50.150+0800][10.572s][gc,reloc    ] GC(137) Forwarding Usage: 0M
[2024-07-24T23:00:50.150+0800][10.572s][gc,heap     ] GC(137) Min Capacity: 8M(6%)
[2024-07-24T23:00:50.150+0800][10.572s][gc,heap     ] GC(137) Max Capacity: 128M(100%)
[2024-07-24T23:00:50.150+0800][10.572s][gc,heap     ] GC(137) Soft Max Capacity: 128M(100%)
[2024-07-24T23:00:50.150+0800][10.572s][gc,heap     ] GC(137)                Mark Start          Mark End        Relocate Start      Relocate End           High               Low         
[2024-07-24T23:00:50.150+0800][10.572s][gc,heap     ] GC(137)  Capacity:      128M (100%)        128M (100%)        128M (100%)        128M (100%)        128M (100%)        128M (100%)   
[2024-07-24T23:00:50.150+0800][10.572s][gc,heap     ] GC(137)      Free:       18M (14%)           2M (2%)          108M (84%)         108M (84%)         108M (84%)           2M (2%)     
[2024-07-24T23:00:50.150+0800][10.572s][gc,heap     ] GC(137)      Used:      110M (86%)         126M (98%)          20M (16%)          20M (16%)         126M (98%)          20M (16%)    
[2024-07-24T23:00:50.150+0800][10.572s][gc,heap     ] GC(137)      Live:         -                 3M (3%)            3M (3%)            3M (3%)             -                  -          
[2024-07-24T23:00:50.150+0800][10.572s][gc,heap     ] GC(137) Allocated:         -                16M (12%)          16M (12%)          16M (12%)            -                  -          
[2024-07-24T23:00:50.150+0800][10.572s][gc,heap     ] GC(137)   Garbage:         -               106M (83%)           0M (1%)            0M (1%)             -                  -          
[2024-07-24T23:00:50.150+0800][10.572s][gc,heap     ] GC(137) Reclaimed:         -                  -               106M (83%)         106M (83%)            -                  -          
[2024-07-24T23:00:50.150+0800][10.572s][gc          ] GC(137) Garbage Collection (Allocation Rate) 110M(86%)->20M(16%)
[2024-07-24T23:00:50.238+0800][10.660s][gc,start    ] GC(138) Garbage Collection (Allocation Rate)
[2024-07-24T23:00:50.238+0800][10.660s][gc,task     ] GC(138) Using 1 workers
[2024-07-24T23:00:50.238+0800][10.660s][gc,phases   ] GC(138) Pause Mark Start 0.012ms
[2024-07-24T23:00:50.241+0800][10.663s][gc,phases   ] GC(138) Concurrent Mark 2.471ms
[2024-07-24T23:00:50.241+0800][10.663s][gc,phases   ] GC(138) Pause Mark End 0.008ms
[2024-07-24T23:00:50.241+0800][10.663s][gc,phases   ] GC(138) Concurrent Mark Free 0.001ms
[2024-07-24T23:00:50.242+0800][10.664s][gc,phases   ] GC(138) Concurrent Process Non-Strong References 0.779ms
[2024-07-24T23:00:50.242+0800][10.664s][gc,phases   ] GC(138) Concurrent Reset Relocation Set 0.000ms
[2024-07-24T23:00:50.244+0800][10.666s][gc          ] Allocation Stall (main) 4.489ms
[2024-07-24T23:00:50.244+0800][10.666s][gc,phases   ] GC(138) Concurrent Select Relocation Set 1.672ms
[2024-07-24T23:00:50.244+0800][10.666s][gc,phases   ] GC(138) Pause Relocate Start 0.004ms
[2024-07-24T23:00:50.244+0800][10.666s][gc,phases   ] GC(138) Concurrent Relocate 0.112ms
[2024-07-24T23:00:50.244+0800][10.666s][gc,load     ] GC(138) Load: 0.00/0.00/0.00
[2024-07-24T23:00:50.244+0800][10.666s][gc,mmu      ] GC(138) MMU: 2ms/94.0%, 5ms/97.6%, 10ms/98.7%, 20ms/99.2%, 50ms/99.7%, 100ms/99.8%
[2024-07-24T23:00:50.244+0800][10.666s][gc,marking  ] GC(138) Mark: 1 stripe(s), 2 proactive flush(es), 1 terminate flush(es), 0 completion(s), 0 continuation(s) 
[2024-07-24T23:00:50.244+0800][10.666s][gc,marking  ] GC(138) Mark Stack Usage: 32M
[2024-07-24T23:00:50.244+0800][10.666s][gc,nmethod  ] GC(138) NMethods: 285 registered, 0 unregistered
[2024-07-24T23:00:50.245+0800][10.666s][gc,metaspace] GC(138) Metaspace: 0M used, 0M committed, 1088M reserved
[2024-07-24T23:00:50.245+0800][10.666s][gc,ref      ] GC(138) Soft: 62 encountered, 0 discovered, 0 enqueued
[2024-07-24T23:00:50.245+0800][10.666s][gc,ref      ] GC(138) Weak: 187 encountered, 170 discovered, 0 enqueued
[2024-07-24T23:00:50.245+0800][10.666s][gc,ref      ] GC(138) Final: 0 encountered, 0 discovered, 0 enqueued
[2024-07-24T23:00:50.245+0800][10.666s][gc,ref      ] GC(138) Phantom: 1 encountered, 0 discovered, 0 enqueued
[2024-07-24T23:00:50.245+0800][10.666s][gc,reloc    ] GC(138) Small Pages: 2 / 4M, Empty: 2M, Relocated: 0M, In-Place: 0
[2024-07-24T23:00:50.245+0800][10.666s][gc,reloc    ] GC(138) Medium Pages: 0 / 0M, Empty: 0M, Relocated: 0M, In-Place: 0
[2024-07-24T23:00:50.245+0800][10.666s][gc,reloc    ] GC(138) Large Pages: 60 / 120M, Empty: 96M, Relocated: 0M, In-Place: 0
[2024-07-24T23:00:50.245+0800][10.666s][gc,reloc    ] GC(138) Forwarding Usage: 0M
[2024-07-24T23:00:50.245+0800][10.666s][gc,heap     ] GC(138) Min Capacity: 8M(6%)
[2024-07-24T23:00:50.245+0800][10.666s][gc,heap     ] GC(138) Max Capacity: 128M(100%)
[2024-07-24T23:00:50.245+0800][10.666s][gc,heap     ] GC(138) Soft Max Capacity: 128M(100%)
[2024-07-24T23:00:50.245+0800][10.666s][gc,heap     ] GC(138)                Mark Start          Mark End        Relocate Start      Relocate End           High               Low         
[2024-07-24T23:00:50.245+0800][10.666s][gc,heap     ] GC(138)  Capacity:      128M (100%)        128M (100%)        128M (100%)        128M (100%)        128M (100%)        128M (100%)   
[2024-07-24T23:00:50.245+0800][10.666s][gc,heap     ] GC(138)      Free:        4M (3%)            0M (0%)           96M (75%)          90M (70%)          98M (77%)           0M (0%)     
[2024-07-24T23:00:50.245+0800][10.666s][gc,heap     ] GC(138)      Used:      124M (97%)         128M (100%)         32M (25%)          38M (30%)         128M (100%)         30M (23%)    
[2024-07-24T23:00:50.245+0800][10.666s][gc,heap     ] GC(138)      Live:         -                25M (20%)          25M (20%)          25M (20%)            -                  -          
[2024-07-24T23:00:50.245+0800][10.666s][gc,heap     ] GC(138) Allocated:         -                 4M (3%)            6M (5%)           12M (9%)             -                  -          
[2024-07-24T23:00:50.245+0800][10.667s][gc,heap     ] GC(138)   Garbage:         -                98M (77%)           0M (1%)            0M (1%)             -                  -          
[2024-07-24T23:00:50.245+0800][10.667s][gc,heap     ] GC(138) Reclaimed:         -                  -                98M (77%)          98M (77%)            -                  -          
[2024-07-24T23:00:50.245+0800][10.667s][gc          ] GC(138) Garbage Collection (Allocation Rate) 124M(97%)->38M(30%)
[2024-07-24T23:00:50.333+0800][10.755s][gc,start    ] GC(139) Garbage Collection (Allocation Stall)
[2024-07-24T23:00:50.333+0800][10.755s][gc,ref      ] GC(139) Clearing All SoftReferences
[2024-07-24T23:00:50.333+0800][10.755s][gc,task     ] GC(139) Using 1 workers
[2024-07-24T23:00:50.333+0800][10.755s][gc,ref      ] GC(139) Clearing All SoftReferences
[2024-07-24T23:00:50.333+0800][10.755s][gc,phases   ] GC(139) Pause Mark Start 0.050ms
[2024-07-24T23:00:50.335+0800][10.757s][gc,phases   ] GC(139) Concurrent Mark 2.088ms
[2024-07-24T23:00:50.335+0800][10.757s][gc,phases   ] GC(139) Pause Mark End 0.007ms
[2024-07-24T23:00:50.335+0800][10.758s][gc,phases   ] GC(139) Concurrent Mark Free 0.001ms
[2024-07-24T23:00:50.336+0800][10.758s][gc,phases   ] GC(139) Concurrent Process Non-Strong References 0.873ms
[2024-07-24T23:00:50.336+0800][10.758s][gc,phases   ] GC(139) Concurrent Reset Relocation Set 0.000ms
[2024-07-24T23:00:50.339+0800][10.760s][gc          ] Allocation Stall (main) 5.634ms
[2024-07-24T23:00:50.339+0800][10.760s][gc,phases   ] GC(139) Concurrent Select Relocation Set 1.683ms
[2024-07-24T23:00:50.339+0800][10.760s][gc,phases   ] GC(139) Pause Relocate Start 0.005ms
[2024-07-24T23:00:50.339+0800][10.761s][gc,phases   ] GC(139) Concurrent Relocate 0.110ms
[2024-07-24T23:00:50.339+0800][10.761s][gc,load     ] GC(139) Load: 0.00/0.00/0.00
[2024-07-24T23:00:50.339+0800][10.761s][gc,mmu      ] GC(139) MMU: 2ms/94.0%, 5ms/97.6%, 10ms/98.7%, 20ms/99.2%, 50ms/99.7%, 100ms/99.8%
[2024-07-24T23:00:50.339+0800][10.761s][gc,marking  ] GC(139) Mark: 1 stripe(s), 1 proactive flush(es), 1 terminate flush(es), 0 completion(s), 0 continuation(s) 
[2024-07-24T23:00:50.339+0800][10.761s][gc,marking  ] GC(139) Mark Stack Usage: 32M
[2024-07-24T23:00:50.339+0800][10.761s][gc,nmethod  ] GC(139) NMethods: 285 registered, 0 unregistered
[2024-07-24T23:00:50.339+0800][10.761s][gc,metaspace] GC(139) Metaspace: 0M used, 0M committed, 1088M reserved
[2024-07-24T23:00:50.339+0800][10.761s][gc,ref      ] GC(139) Soft: 62 encountered, 37 discovered, 0 enqueued
[2024-07-24T23:00:50.339+0800][10.761s][gc,ref      ] GC(139) Weak: 187 encountered, 170 discovered, 0 enqueued
[2024-07-24T23:00:50.339+0800][10.761s][gc,ref      ] GC(139) Final: 0 encountered, 0 discovered, 0 enqueued
[2024-07-24T23:00:50.340+0800][10.761s][gc,ref      ] GC(139) Phantom: 1 encountered, 0 discovered, 0 enqueued
[2024-07-24T23:00:50.340+0800][10.761s][gc,reloc    ] GC(139) Small Pages: 2 / 4M, Empty: 2M, Relocated: 0M, In-Place: 0
[2024-07-24T23:00:50.340+0800][10.761s][gc,reloc    ] GC(139) Medium Pages: 0 / 0M, Empty: 0M, Relocated: 0M, In-Place: 0
[2024-07-24T23:00:50.340+0800][10.761s][gc,reloc    ] GC(139) Large Pages: 62 / 124M, Empty: 120M, Relocated: 0M, In-Place: 0
[2024-07-24T23:00:50.340+0800][10.761s][gc,reloc    ] GC(139) Forwarding Usage: 0M
[2024-07-24T23:00:50.340+0800][10.761s][gc,heap     ] GC(139) Min Capacity: 8M(6%)
[2024-07-24T23:00:50.340+0800][10.761s][gc,heap     ] GC(139) Max Capacity: 128M(100%)
[2024-07-24T23:00:50.340+0800][10.761s][gc,heap     ] GC(139) Soft Max Capacity: 128M(100%)
[2024-07-24T23:00:50.340+0800][10.761s][gc,heap     ] GC(139)                Mark Start          Mark End        Relocate Start      Relocate End           High               Low         
[2024-07-24T23:00:50.340+0800][10.761s][gc,heap     ] GC(139)  Capacity:      128M (100%)        128M (100%)        128M (100%)        128M (100%)        128M (100%)        128M (100%)   
[2024-07-24T23:00:50.340+0800][10.761s][gc,heap     ] GC(139)      Free:        0M (0%)            0M (0%)          120M (94%)         120M (94%)         122M (95%)           0M (0%)     
[2024-07-24T23:00:50.340+0800][10.761s][gc,heap     ] GC(139)      Used:      128M (100%)        128M (100%)          8M (6%)            8M (6%)          128M (100%)          6M (5%)     
[2024-07-24T23:00:50.340+0800][10.761s][gc,heap     ] GC(139)      Live:         -                 5M (4%)            5M (4%)            5M (4%)             -                  -          
[2024-07-24T23:00:50.340+0800][10.761s][gc,heap     ] GC(139) Allocated:         -                 0M (0%)            2M (2%)            2M (2%)             -                  -          
[2024-07-24T23:00:50.340+0800][10.761s][gc,heap     ] GC(139)   Garbage:         -               122M (96%)           0M (1%)            0M (1%)             -                  -          
[2024-07-24T23:00:50.340+0800][10.761s][gc,heap     ] GC(139) Reclaimed:         -                  -               122M (95%)         122M (95%)            -                  -          
[2024-07-24T23:00:50.340+0800][10.761s][gc          ] GC(139) Garbage Collection (Allocation Stall) 128M(100%)->8M(6%)
[2024-07-24T23:00:50.348+0800][10.769s][gc,start    ] GC(140) Garbage Collection (Allocation Rate)
[2024-07-24T23:00:50.348+0800][10.770s][gc,task     ] GC(140) Using 1 workers
[2024-07-24T23:00:50.348+0800][10.770s][gc,phases   ] GC(140) Pause Mark Start 0.007ms
[2024-07-24T23:00:50.351+0800][10.772s][gc,phases   ] GC(140) Concurrent Mark 2.223ms
[2024-07-24T23:00:50.351+0800][10.773s][gc,phases   ] GC(140) Pause Mark End 0.032ms
[2024-07-24T23:00:50.351+0800][10.773s][gc,phases   ] GC(140) Concurrent Mark Free 0.002ms
[2024-07-24T23:00:50.352+0800][10.774s][gc,phases   ] GC(140) Concurrent Process Non-Strong References 0.997ms
[2024-07-24T23:00:50.352+0800][10.774s][gc,phases   ] GC(140) Concurrent Reset Relocation Set 0.000ms
[2024-07-24T23:00:50.354+0800][10.775s][gc,phases   ] GC(140) Concurrent Select Relocation Set 1.457ms
[2024-07-24T23:00:50.354+0800][10.775s][gc,phases   ] GC(140) Pause Relocate Start 0.005ms
[2024-07-24T23:00:50.355+0800][10.777s][gc,phases   ] GC(140) Concurrent Relocate 0.964ms
[2024-07-24T23:00:50.355+0800][10.777s][gc,load     ] GC(140) Load: 0.00/0.00/0.00
[2024-07-24T23:00:50.355+0800][10.777s][gc,mmu      ] GC(140) MMU: 2ms/94.0%, 5ms/97.6%, 10ms/98.7%, 20ms/99.2%, 50ms/99.7%, 100ms/99.8%
[2024-07-24T23:00:50.355+0800][10.777s][gc,marking  ] GC(140) Mark: 1 stripe(s), 1 proactive flush(es), 1 terminate flush(es), 0 completion(s), 0 continuation(s) 
[2024-07-24T23:00:50.355+0800][10.777s][gc,marking  ] GC(140) Mark Stack Usage: 32M
[2024-07-24T23:00:50.355+0800][10.777s][gc,nmethod  ] GC(140) NMethods: 285 registered, 0 unregistered
[2024-07-24T23:00:50.355+0800][10.777s][gc,metaspace] GC(140) Metaspace: 0M used, 0M committed, 1088M reserved
[2024-07-24T23:00:50.355+0800][10.777s][gc,ref      ] GC(140) Soft: 62 encountered, 0 discovered, 0 enqueued
[2024-07-24T23:00:50.355+0800][10.777s][gc,ref      ] GC(140) Weak: 187 encountered, 170 discovered, 0 enqueued
[2024-07-24T23:00:50.355+0800][10.777s][gc,ref      ] GC(140) Final: 0 encountered, 0 discovered, 0 enqueued
[2024-07-24T23:00:50.355+0800][10.777s][gc,ref      ] GC(140) Phantom: 1 encountered, 0 discovered, 0 enqueued
[2024-07-24T23:00:50.355+0800][10.777s][gc,reloc    ] GC(140) Small Pages: 2 / 4M, Empty: 0M, Relocated: 1M, In-Place: 0
[2024-07-24T23:00:50.355+0800][10.777s][gc,reloc    ] GC(140) Medium Pages: 0 / 0M, Empty: 0M, Relocated: 0M, In-Place: 0
[2024-07-24T23:00:50.355+0800][10.777s][gc,reloc    ] GC(140) Large Pages: 10 / 20M, Empty: 0M, Relocated: 0M, In-Place: 0
[2024-07-24T23:00:50.355+0800][10.777s][gc,reloc    ] GC(140) Forwarding Usage: 0M
[2024-07-24T23:00:50.355+0800][10.777s][gc,heap     ] GC(140) Min Capacity: 8M(6%)
[2024-07-24T23:00:50.355+0800][10.777s][gc,heap     ] GC(140) Max Capacity: 128M(100%)
[2024-07-24T23:00:50.355+0800][10.777s][gc,heap     ] GC(140) Soft Max Capacity: 128M(100%)
[2024-07-24T23:00:50.355+0800][10.777s][gc,heap     ] GC(140)                Mark Start          Mark End        Relocate Start      Relocate End           High               Low         
[2024-07-24T23:00:50.355+0800][10.777s][gc,heap     ] GC(140)  Capacity:      128M (100%)        128M (100%)        128M (100%)        128M (100%)        128M (100%)        128M (100%)   
[2024-07-24T23:00:50.355+0800][10.777s][gc,heap     ] GC(140)      Free:      104M (81%)         104M (81%)         104M (81%)         106M (83%)         106M (83%)         102M (80%)    
[2024-07-24T23:00:50.355+0800][10.777s][gc,heap     ] GC(140)      Used:       24M (19%)          24M (19%)          24M (19%)          22M (17%)          26M (20%)          22M (17%)    
[2024-07-24T23:00:50.355+0800][10.777s][gc,heap     ] GC(140)      Live:         -                21M (17%)          21M (17%)          21M (17%)            -                  -          
[2024-07-24T23:00:50.355+0800][10.777s][gc,heap     ] GC(140) Allocated:         -                 0M (0%)            0M (0%)            0M (0%)             -                  -          
[2024-07-24T23:00:50.355+0800][10.777s][gc,heap     ] GC(140)   Garbage:         -                 2M (2%)            2M (2%)            0M (1%)             -                  -          
[2024-07-24T23:00:50.355+0800][10.777s][gc,heap     ] GC(140) Reclaimed:         -                  -                 0M (0%)            2M (2%)             -                  -          
[2024-07-24T23:00:50.355+0800][10.777s][gc          ] GC(140) Garbage Collection (Allocation Rate) 24M(19%)->22M(17%)
[2024-07-24T23:00:50.442+0800][10.864s][gc,start    ] GC(141) Garbage Collection (Allocation Rate)
[2024-07-24T23:00:50.442+0800][10.864s][gc,task     ] GC(141) Using 1 workers
[2024-07-24T23:00:50.443+0800][10.864s][gc,phases   ] GC(141) Pause Mark Start 0.017ms
[2024-07-24T23:00:50.446+0800][10.868s][gc,phases   ] GC(141) Concurrent Mark 3.610ms
[2024-07-24T23:00:50.447+0800][10.868s][gc,phases   ] GC(141) Pause Mark End 0.007ms
[2024-07-24T23:00:50.447+0800][10.868s][gc,phases   ] GC(141) Concurrent Mark Free 0.001ms
[2024-07-24T23:00:50.448+0800][10.869s][gc,phases   ] GC(141) Concurrent Process Non-Strong References 0.987ms
[2024-07-24T23:00:50.448+0800][10.869s][gc,phases   ] GC(141) Concurrent Reset Relocation Set 0.001ms
[2024-07-24T23:00:50.449+0800][10.871s][gc          ] Allocation Stall (main) 5.855ms
[2024-07-24T23:00:50.449+0800][10.871s][gc,phases   ] GC(141) Concurrent Select Relocation Set 1.388ms
[2024-07-24T23:00:50.449+0800][10.871s][gc,phases   ] GC(141) Pause Relocate Start 0.004ms
[2024-07-24T23:00:50.450+0800][10.871s][gc,phases   ] GC(141) Concurrent Relocate 0.029ms
[2024-07-24T23:00:50.450+0800][10.871s][gc,load     ] GC(141) Load: 0.00/0.00/0.00
[2024-07-24T23:00:50.450+0800][10.871s][gc,mmu      ] GC(141) MMU: 2ms/94.0%, 5ms/97.6%, 10ms/98.7%, 20ms/99.2%, 50ms/99.7%, 100ms/99.8%
[2024-07-24T23:00:50.450+0800][10.871s][gc,marking  ] GC(141) Mark: 1 stripe(s), 2 proactive flush(es), 1 terminate flush(es), 0 completion(s), 0 continuation(s) 
[2024-07-24T23:00:50.450+0800][10.871s][gc,marking  ] GC(141) Mark Stack Usage: 32M
[2024-07-24T23:00:50.450+0800][10.871s][gc,nmethod  ] GC(141) NMethods: 285 registered, 0 unregistered
[2024-07-24T23:00:50.450+0800][10.871s][gc,metaspace] GC(141) Metaspace: 0M used, 0M committed, 1088M reserved
[2024-07-24T23:00:50.450+0800][10.871s][gc,ref      ] GC(141) Soft: 62 encountered, 0 discovered, 0 enqueued
[2024-07-24T23:00:50.450+0800][10.871s][gc,ref      ] GC(141) Weak: 187 encountered, 170 discovered, 0 enqueued
[2024-07-24T23:00:50.450+0800][10.871s][gc,ref      ] GC(141) Final: 0 encountered, 0 discovered, 0 enqueued
[2024-07-24T23:00:50.450+0800][10.871s][gc,ref      ] GC(141) Phantom: 1 encountered, 0 discovered, 0 enqueued
[2024-07-24T23:00:50.450+0800][10.872s][gc,reloc    ] GC(141) Small Pages: 2 / 4M, Empty: 2M, Relocated: 0M, In-Place: 0
[2024-07-24T23:00:50.450+0800][10.872s][gc,reloc    ] GC(141) Medium Pages: 0 / 0M, Empty: 0M, Relocated: 0M, In-Place: 0
[2024-07-24T23:00:50.450+0800][10.872s][gc,reloc    ] GC(141) Large Pages: 62 / 124M, Empty: 120M, Relocated: 0M, In-Place: 0
[2024-07-24T23:00:50.450+0800][10.872s][gc,reloc    ] GC(141) Forwarding Usage: 0M
[2024-07-24T23:00:50.450+0800][10.872s][gc,heap     ] GC(141) Min Capacity: 8M(6%)
[2024-07-24T23:00:50.450+0800][10.872s][gc,heap     ] GC(141) Max Capacity: 128M(100%)
[2024-07-24T23:00:50.450+0800][10.872s][gc,heap     ] GC(141) Soft Max Capacity: 128M(100%)
[2024-07-24T23:00:50.450+0800][10.872s][gc,heap     ] GC(141)                Mark Start          Mark End        Relocate Start      Relocate End           High               Low         
[2024-07-24T23:00:50.450+0800][10.872s][gc,heap     ] GC(141)  Capacity:      128M (100%)        128M (100%)        128M (100%)        128M (100%)        128M (100%)        128M (100%)   
[2024-07-24T23:00:50.450+0800][10.872s][gc,heap     ] GC(141)      Free:        0M (0%)            0M (0%)          120M (94%)         120M (94%)         122M (95%)           0M (0%)     
[2024-07-24T23:00:50.450+0800][10.872s][gc,heap     ] GC(141)      Used:      128M (100%)        128M (100%)          8M (6%)            8M (6%)          128M (100%)          6M (5%)     
[2024-07-24T23:00:50.450+0800][10.872s][gc,heap     ] GC(141)      Live:         -                 5M (4%)            5M (4%)            5M (4%)             -                  -          
[2024-07-24T23:00:50.451+0800][10.872s][gc,heap     ] GC(141) Allocated:         -                 0M (0%)            2M (2%)            2M (2%)             -                  -          
[2024-07-24T23:00:50.451+0800][10.872s][gc,heap     ] GC(141)   Garbage:         -               122M (96%)           0M (1%)            0M (1%)             -                  -          
[2024-07-24T23:00:50.451+0800][10.872s][gc,heap     ] GC(141) Reclaimed:         -                  -               122M (95%)         122M (95%)            -                  -          
[2024-07-24T23:00:50.451+0800][10.872s][gc          ] GC(141) Garbage Collection (Allocation Rate) 128M(100%)->8M(6%)
[2024-07-24T23:00:50.537+0800][10.958s][gc,start    ] GC(142) Garbage Collection (Allocation Stall)
[2024-07-24T23:00:50.537+0800][10.959s][gc,ref      ] GC(142) Clearing All SoftReferences
[2024-07-24T23:00:50.537+0800][10.959s][gc,task     ] GC(142) Using 1 workers
[2024-07-24T23:00:50.537+0800][10.959s][gc,ref      ] GC(142) Clearing All SoftReferences
[2024-07-24T23:00:50.537+0800][10.959s][gc,phases   ] GC(142) Pause Mark Start 0.065ms
[2024-07-24T23:00:50.540+0800][10.962s][gc,phases   ] GC(142) Concurrent Mark 2.989ms
[2024-07-24T23:00:50.541+0800][10.962s][gc,phases   ] GC(142) Pause Mark End 0.008ms
[2024-07-24T23:00:50.541+0800][10.962s][gc,phases   ] GC(142) Concurrent Mark Free 0.001ms
[2024-07-24T23:00:50.542+0800][10.963s][gc,phases   ] GC(142) Concurrent Process Non-Strong References 0.863ms
[2024-07-24T23:00:50.542+0800][10.963s][gc,phases   ] GC(142) Concurrent Reset Relocation Set 0.000ms
[2024-07-24T23:00:50.543+0800][10.965s][gc,phases   ] GC(142) Concurrent Select Relocation Set 1.639ms
[2024-07-24T23:00:50.544+0800][10.965s][gc,phases   ] GC(142) Pause Relocate Start 0.004ms
[2024-07-24T23:00:50.544+0800][10.965s][gc,phases   ] GC(142) Concurrent Relocate 0.073ms
[2024-07-24T23:00:50.544+0800][10.965s][gc,load     ] GC(142) Load: 0.00/0.00/0.00
[2024-07-24T23:00:50.544+0800][10.965s][gc,mmu      ] GC(142) MMU: 2ms/94.0%, 5ms/97.6%, 10ms/98.7%, 20ms/99.2%, 50ms/99.7%, 100ms/99.8%
[2024-07-24T23:00:50.544+0800][10.965s][gc,marking  ] GC(142) Mark: 1 stripe(s), 2 proactive flush(es), 1 terminate flush(es), 0 completion(s), 0 continuation(s) 
[2024-07-24T23:00:50.544+0800][10.965s][gc,marking  ] GC(142) Mark Stack Usage: 32M
[2024-07-24T23:00:50.544+0800][10.965s][gc,nmethod  ] GC(142) NMethods: 285 registered, 0 unregistered
[2024-07-24T23:00:50.544+0800][10.965s][gc,metaspace] GC(142) Metaspace: 0M used, 0M committed, 1088M reserved
[2024-07-24T23:00:50.544+0800][10.965s][gc,ref      ] GC(142) Soft: 62 encountered, 35 discovered, 0 enqueued
[2024-07-24T23:00:50.544+0800][10.965s][gc,ref      ] GC(142) Weak: 187 encountered, 170 discovered, 0 enqueued
[2024-07-24T23:00:50.544+0800][10.965s][gc,ref      ] GC(142) Final: 0 encountered, 0 discovered, 0 enqueued
[2024-07-24T23:00:50.544+0800][10.965s][gc,ref      ] GC(142) Phantom: 1 encountered, 0 discovered, 0 enqueued
[2024-07-24T23:00:50.544+0800][10.965s][gc,reloc    ] GC(142) Small Pages: 2 / 4M, Empty: 2M, Relocated: 0M, In-Place: 0
[2024-07-24T23:00:50.544+0800][10.965s][gc,reloc    ] GC(142) Medium Pages: 0 / 0M, Empty: 0M, Relocated: 0M, In-Place: 0
[2024-07-24T23:00:50.544+0800][10.965s][gc,reloc    ] GC(142) Large Pages: 52 / 104M, Empty: 102M, Relocated: 0M, In-Place: 0
[2024-07-24T23:00:50.544+0800][10.965s][gc,reloc    ] GC(142) Forwarding Usage: 0M
[2024-07-24T23:00:50.544+0800][10.965s][gc,heap     ] GC(142) Min Capacity: 8M(6%)
[2024-07-24T23:00:50.544+0800][10.965s][gc,heap     ] GC(142) Max Capacity: 128M(100%)
[2024-07-24T23:00:50.544+0800][10.965s][gc,heap     ] GC(142) Soft Max Capacity: 128M(100%)
[2024-07-24T23:00:50.544+0800][10.965s][gc,heap     ] GC(142)                Mark Start          Mark End        Relocate Start      Relocate End           High               Low         
[2024-07-24T23:00:50.544+0800][10.965s][gc,heap     ] GC(142)  Capacity:      128M (100%)        128M (100%)        128M (100%)        128M (100%)        128M (100%)        128M (100%)   
[2024-07-24T23:00:50.544+0800][10.965s][gc,heap     ] GC(142)      Free:       20M (16%)           2M (2%)          106M (83%)         106M (83%)         106M (83%)           2M (2%)     
[2024-07-24T23:00:50.544+0800][10.966s][gc,heap     ] GC(142)      Used:      108M (84%)         126M (98%)          22M (17%)          22M (17%)         126M (98%)          22M (17%)    
[2024-07-24T23:00:50.544+0800][10.966s][gc,heap     ] GC(142)      Live:         -                 3M (3%)            3M (3%)            3M (3%)             -                  -          
[2024-07-24T23:00:50.544+0800][10.966s][gc,heap     ] GC(142) Allocated:         -                18M (14%)          18M (14%)          18M (14%)            -                  -          
[2024-07-24T23:00:50.544+0800][10.966s][gc,heap     ] GC(142)   Garbage:         -               104M (82%)           0M (1%)            0M (1%)             -                  -          
[2024-07-24T23:00:50.544+0800][10.966s][gc,heap     ] GC(142) Reclaimed:         -                  -               104M (81%)         104M (81%)            -                  -          
[2024-07-24T23:00:50.544+0800][10.966s][gc          ] GC(142) Garbage Collection (Allocation Stall) 108M(84%)->22M(17%)
[2024-07-24T23:00:50.632+0800][11.053s][gc,start    ] GC(143) Garbage Collection (Allocation Stall)
[2024-07-24T23:00:50.632+0800][11.053s][gc,ref      ] GC(143) Clearing All SoftReferences
[2024-07-24T23:00:50.632+0800][11.053s][gc,task     ] GC(143) Using 1 workers
[2024-07-24T23:00:50.632+0800][11.054s][gc,ref      ] GC(143) Clearing All SoftReferences
[2024-07-24T23:00:50.632+0800][11.054s][gc,phases   ] GC(143) Pause Mark Start 0.034ms
[2024-07-24T23:00:50.635+0800][11.056s][gc,phases   ] GC(143) Concurrent Mark 2.568ms
[2024-07-24T23:00:50.635+0800][11.056s][gc,phases   ] GC(143) Pause Mark End 0.008ms
[2024-07-24T23:00:50.635+0800][11.057s][gc,phases   ] GC(143) Concurrent Mark Free 0.001ms
[2024-07-24T23:00:50.636+0800][11.058s][gc,phases   ] GC(143) Concurrent Process Non-Strong References 0.940ms
[2024-07-24T23:00:50.636+0800][11.058s][gc,phases   ] GC(143) Concurrent Reset Relocation Set 0.000ms
[2024-07-24T23:00:50.637+0800][11.059s][gc          ] Allocation Stall (main) 5.976ms
[2024-07-24T23:00:50.638+0800][11.059s][gc,phases   ] GC(143) Concurrent Select Relocation Set 1.641ms
[2024-07-24T23:00:50.638+0800][11.059s][gc,phases   ] GC(143) Pause Relocate Start 0.004ms
[2024-07-24T23:00:50.638+0800][11.060s][gc,phases   ] GC(143) Concurrent Relocate 0.109ms
[2024-07-24T23:00:50.638+0800][11.060s][gc,load     ] GC(143) Load: 0.00/0.00/0.00
[2024-07-24T23:00:50.638+0800][11.060s][gc,mmu      ] GC(143) MMU: 2ms/94.0%, 5ms/97.6%, 10ms/98.7%, 20ms/99.2%, 50ms/99.7%, 100ms/99.8%
[2024-07-24T23:00:50.638+0800][11.060s][gc,marking  ] GC(143) Mark: 1 stripe(s), 1 proactive flush(es), 1 terminate flush(es), 0 completion(s), 0 continuation(s) 
[2024-07-24T23:00:50.638+0800][11.060s][gc,marking  ] GC(143) Mark Stack Usage: 32M
[2024-07-24T23:00:50.638+0800][11.060s][gc,nmethod  ] GC(143) NMethods: 285 registered, 0 unregistered
[2024-07-24T23:00:50.638+0800][11.060s][gc,metaspace] GC(143) Metaspace: 0M used, 0M committed, 1088M reserved
[2024-07-24T23:00:50.638+0800][11.060s][gc,ref      ] GC(143) Soft: 62 encountered, 37 discovered, 0 enqueued
[2024-07-24T23:00:50.638+0800][11.060s][gc,ref      ] GC(143) Weak: 187 encountered, 170 discovered, 0 enqueued
[2024-07-24T23:00:50.638+0800][11.060s][gc,ref      ] GC(143) Final: 0 encountered, 0 discovered, 0 enqueued
[2024-07-24T23:00:50.638+0800][11.060s][gc,ref      ] GC(143) Phantom: 1 encountered, 0 discovered, 0 enqueued
[2024-07-24T23:00:50.638+0800][11.060s][gc,reloc    ] GC(143) Small Pages: 2 / 4M, Empty: 2M, Relocated: 0M, In-Place: 0
[2024-07-24T23:00:50.638+0800][11.060s][gc,reloc    ] GC(143) Medium Pages: 0 / 0M, Empty: 0M, Relocated: 0M, In-Place: 0
[2024-07-24T23:00:50.638+0800][11.060s][gc,reloc    ] GC(143) Large Pages: 62 / 124M, Empty: 98M, Relocated: 0M, In-Place: 0
[2024-07-24T23:00:50.638+0800][11.060s][gc,reloc    ] GC(143) Forwarding Usage: 0M
[2024-07-24T23:00:50.638+0800][11.060s][gc,heap     ] GC(143) Min Capacity: 8M(6%)
[2024-07-24T23:00:50.638+0800][11.060s][gc,heap     ] GC(143) Max Capacity: 128M(100%)
[2024-07-24T23:00:50.638+0800][11.060s][gc,heap     ] GC(143) Soft Max Capacity: 128M(100%)
[2024-07-24T23:00:50.638+0800][11.060s][gc,heap     ] GC(143)                Mark Start          Mark End        Relocate Start      Relocate End           High               Low         
[2024-07-24T23:00:50.638+0800][11.060s][gc,heap     ] GC(143)  Capacity:      128M (100%)        128M (100%)        128M (100%)        128M (100%)        128M (100%)        128M (100%)   
[2024-07-24T23:00:50.638+0800][11.060s][gc,heap     ] GC(143)      Free:        0M (0%)            0M (0%)           98M (77%)          92M (72%)         100M (78%)           0M (0%)     
[2024-07-24T23:00:50.638+0800][11.060s][gc,heap     ] GC(143)      Used:      128M (100%)        128M (100%)         30M (23%)          36M (28%)         128M (100%)         28M (22%)    
[2024-07-24T23:00:50.638+0800][11.060s][gc,heap     ] GC(143)      Live:         -                27M (21%)          27M (21%)          27M (21%)            -                  -          
[2024-07-24T23:00:50.638+0800][11.060s][gc,heap     ] GC(143) Allocated:         -                 0M (0%)            2M (2%)            8M (6%)             -                  -          
[2024-07-24T23:00:50.638+0800][11.060s][gc,heap     ] GC(143)   Garbage:         -               100M (79%)           0M (1%)            0M (1%)             -                  -          
[2024-07-24T23:00:50.638+0800][11.060s][gc,heap     ] GC(143) Reclaimed:         -                  -               100M (78%)         100M (78%)            -                  -          
[2024-07-24T23:00:50.638+0800][11.060s][gc          ] GC(143) Garbage Collection (Allocation Stall) 128M(100%)->36M(28%)
[2024-07-24T23:00:50.646+0800][11.068s][gc,start    ] GC(144) Garbage Collection (Allocation Rate)
[2024-07-24T23:00:50.646+0800][11.068s][gc,task     ] GC(144) Using 1 workers
[2024-07-24T23:00:50.646+0800][11.068s][gc,phases   ] GC(144) Pause Mark Start 0.007ms
[2024-07-24T23:00:50.648+0800][11.070s][gc,phases   ] GC(144) Concurrent Mark 1.991ms
[2024-07-24T23:00:50.649+0800][11.070s][gc,phases   ] GC(144) Pause Mark End 0.006ms
[2024-07-24T23:00:50.649+0800][11.070s][gc,phases   ] GC(144) Concurrent Mark Free 0.001ms
[2024-07-24T23:00:50.650+0800][11.071s][gc,phases   ] GC(144) Concurrent Process Non-Strong References 0.901ms
[2024-07-24T23:00:50.650+0800][11.071s][gc,phases   ] GC(144) Concurrent Reset Relocation Set 0.000ms
[2024-07-24T23:00:50.652+0800][11.074s][gc,phases   ] GC(144) Concurrent Select Relocation Set 2.466ms
[2024-07-24T23:00:50.652+0800][11.074s][gc,phases   ] GC(144) Pause Relocate Start 0.007ms
[2024-07-24T23:00:50.654+0800][11.075s][gc,phases   ] GC(144) Concurrent Relocate 1.115ms
[2024-07-24T23:00:50.654+0800][11.075s][gc,load     ] GC(144) Load: 0.00/0.00/0.00
[2024-07-24T23:00:50.654+0800][11.075s][gc,mmu      ] GC(144) MMU: 2ms/94.0%, 5ms/97.6%, 10ms/98.7%, 20ms/99.2%, 50ms/99.7%, 100ms/99.8%
[2024-07-24T23:00:50.654+0800][11.075s][gc,marking  ] GC(144) Mark: 1 stripe(s), 1 proactive flush(es), 1 terminate flush(es), 0 completion(s), 0 continuation(s) 
[2024-07-24T23:00:50.654+0800][11.075s][gc,marking  ] GC(144) Mark Stack Usage: 32M
[2024-07-24T23:00:50.654+0800][11.075s][gc,nmethod  ] GC(144) NMethods: 285 registered, 0 unregistered
[2024-07-24T23:00:50.654+0800][11.075s][gc,metaspace] GC(144) Metaspace: 0M used, 0M committed, 1088M reserved
[2024-07-24T23:00:50.654+0800][11.075s][gc,ref      ] GC(144) Soft: 62 encountered, 0 discovered, 0 enqueued
[2024-07-24T23:00:50.654+0800][11.075s][gc,ref      ] GC(144) Weak: 187 encountered, 170 discovered, 0 enqueued
[2024-07-24T23:00:50.654+0800][11.076s][gc,ref      ] GC(144) Final: 0 encountered, 0 discovered, 0 enqueued
[2024-07-24T23:00:50.654+0800][11.076s][gc,ref      ] GC(144) Phantom: 1 encountered, 0 discovered, 0 enqueued
[2024-07-24T23:00:50.654+0800][11.076s][gc,reloc    ] GC(144) Small Pages: 2 / 4M, Empty: 0M, Relocated: 1M, In-Place: 0
[2024-07-24T23:00:50.654+0800][11.076s][gc,reloc    ] GC(144) Medium Pages: 0 / 0M, Empty: 0M, Relocated: 0M, In-Place: 0
[2024-07-24T23:00:50.654+0800][11.076s][gc,reloc    ] GC(144) Large Pages: 20 / 40M, Empty: 40M, Relocated: 0M, In-Place: 0
[2024-07-24T23:00:50.654+0800][11.076s][gc,reloc    ] GC(144) Forwarding Usage: 0M
[2024-07-24T23:00:50.654+0800][11.076s][gc,heap     ] GC(144) Min Capacity: 8M(6%)
[2024-07-24T23:00:50.654+0800][11.076s][gc,heap     ] GC(144) Max Capacity: 128M(100%)
[2024-07-24T23:00:50.654+0800][11.076s][gc,heap     ] GC(144) Soft Max Capacity: 128M(100%)
[2024-07-24T23:00:50.654+0800][11.076s][gc,heap     ] GC(144)                Mark Start          Mark End        Relocate Start      Relocate End           High               Low         
[2024-07-24T23:00:50.654+0800][11.076s][gc,heap     ] GC(144)  Capacity:      128M (100%)        128M (100%)        128M (100%)        128M (100%)        128M (100%)        128M (100%)   
[2024-07-24T23:00:50.654+0800][11.076s][gc,heap     ] GC(144)      Free:       84M (66%)          84M (66%)         124M (97%)         126M (98%)         126M (98%)          84M (66%)    
[2024-07-24T23:00:50.654+0800][11.076s][gc,heap     ] GC(144)      Used:       44M (34%)          44M (34%)           4M (3%)            2M (2%)           44M (34%)           2M (2%)     
[2024-07-24T23:00:50.654+0800][11.076s][gc,heap     ] GC(144)      Live:         -                 1M (1%)            1M (1%)            1M (1%)             -                  -          
[2024-07-24T23:00:50.654+0800][11.076s][gc,heap     ] GC(144) Allocated:         -                 0M (0%)            0M (0%)            0M (0%)             -                  -          
[2024-07-24T23:00:50.654+0800][11.076s][gc,heap     ] GC(144)   Garbage:         -                42M (33%)           2M (2%)            0M (1%)             -                  -          
[2024-07-24T23:00:50.654+0800][11.076s][gc,heap     ] GC(144) Reclaimed:         -                  -                40M (31%)          42M (33%)            -                  -          
[2024-07-24T23:00:50.654+0800][11.076s][gc          ] GC(144) Garbage Collection (Allocation Rate) 44M(34%)->2M(2%)
[2024-07-24T23:00:50.740+0800][11.162s][gc,start    ] GC(145) Garbage Collection (Allocation Rate)
[2024-07-24T23:00:50.740+0800][11.162s][gc,task     ] GC(145) Using 1 workers
[2024-07-24T23:00:50.740+0800][11.162s][gc,phases   ] GC(145) Pause Mark Start 0.012ms
[2024-07-24T23:00:50.744+0800][11.166s][gc,phases   ] GC(145) Concurrent Mark 3.537ms
[2024-07-24T23:00:50.744+0800][11.166s][gc,phases   ] GC(145) Pause Mark End 0.008ms
[2024-07-24T23:00:50.745+0800][11.166s][gc,phases   ] GC(145) Concurrent Mark Free 0.001ms
[2024-07-24T23:00:50.746+0800][11.167s][gc,phases   ] GC(145) Concurrent Process Non-Strong References 0.947ms
[2024-07-24T23:00:50.746+0800][11.167s][gc,phases   ] GC(145) Concurrent Reset Relocation Set 0.001ms
[2024-07-24T23:00:50.747+0800][11.169s][gc,phases   ] GC(145) Concurrent Select Relocation Set 1.643ms
[2024-07-24T23:00:50.747+0800][11.169s][gc,phases   ] GC(145) Pause Relocate Start 0.004ms
[2024-07-24T23:00:50.748+0800][11.169s][gc,phases   ] GC(145) Concurrent Relocate 0.099ms
[2024-07-24T23:00:50.748+0800][11.169s][gc,load     ] GC(145) Load: 0.00/0.00/0.00
[2024-07-24T23:00:50.748+0800][11.169s][gc,mmu      ] GC(145) MMU: 2ms/94.0%, 5ms/97.6%, 10ms/98.7%, 20ms/99.2%, 50ms/99.7%, 100ms/99.8%
[2024-07-24T23:00:50.748+0800][11.169s][gc,marking  ] GC(145) Mark: 1 stripe(s), 2 proactive flush(es), 1 terminate flush(es), 0 completion(s), 0 continuation(s) 
[2024-07-24T23:00:50.748+0800][11.169s][gc,marking  ] GC(145) Mark Stack Usage: 32M
[2024-07-24T23:00:50.748+0800][11.169s][gc,nmethod  ] GC(145) NMethods: 285 registered, 0 unregistered
[2024-07-24T23:00:50.748+0800][11.169s][gc,metaspace] GC(145) Metaspace: 0M used, 0M committed, 1088M reserved
[2024-07-24T23:00:50.748+0800][11.169s][gc,ref      ] GC(145) Soft: 62 encountered, 0 discovered, 0 enqueued
[2024-07-24T23:00:50.748+0800][11.169s][gc,ref      ] GC(145) Weak: 187 encountered, 170 discovered, 0 enqueued
[2024-07-24T23:00:50.748+0800][11.169s][gc,ref      ] GC(145) Final: 0 encountered, 0 discovered, 0 enqueued
[2024-07-24T23:00:50.748+0800][11.169s][gc,ref      ] GC(145) Phantom: 1 encountered, 0 discovered, 0 enqueued
[2024-07-24T23:00:50.748+0800][11.169s][gc,reloc    ] GC(145) Small Pages: 2 / 4M, Empty: 2M, Relocated: 0M, In-Place: 0
[2024-07-24T23:00:50.748+0800][11.169s][gc,reloc    ] GC(145) Medium Pages: 0 / 0M, Empty: 0M, Relocated: 0M, In-Place: 0
[2024-07-24T23:00:50.748+0800][11.170s][gc,reloc    ] GC(145) Large Pages: 53 / 106M, Empty: 104M, Relocated: 0M, In-Place: 0
[2024-07-24T23:00:50.748+0800][11.170s][gc,reloc    ] GC(145) Forwarding Usage: 0M
[2024-07-24T23:00:50.748+0800][11.170s][gc,heap     ] GC(145) Min Capacity: 8M(6%)
[2024-07-24T23:00:50.748+0800][11.170s][gc,heap     ] GC(145) Max Capacity: 128M(100%)
[2024-07-24T23:00:50.748+0800][11.170s][gc,heap     ] GC(145) Soft Max Capacity: 128M(100%)
[2024-07-24T23:00:50.748+0800][11.170s][gc,heap     ] GC(145)                Mark Start          Mark End        Relocate Start      Relocate End           High               Low         
[2024-07-24T23:00:50.748+0800][11.170s][gc,heap     ] GC(145)  Capacity:      128M (100%)        128M (100%)        128M (100%)        128M (100%)        128M (100%)        128M (100%)   
[2024-07-24T23:00:50.748+0800][11.170s][gc,heap     ] GC(145)      Free:       18M (14%)           2M (2%)          108M (84%)         108M (84%)         108M (84%)           2M (2%)     
[2024-07-24T23:00:50.748+0800][11.170s][gc,heap     ] GC(145)      Used:      110M (86%)         126M (98%)          20M (16%)          20M (16%)         126M (98%)          20M (16%)    
[2024-07-24T23:00:50.748+0800][11.170s][gc,heap     ] GC(145)      Live:         -                 3M (3%)            3M (3%)            3M (3%)             -                  -          
[2024-07-24T23:00:50.748+0800][11.170s][gc,heap     ] GC(145) Allocated:         -                16M (12%)          16M (12%)          16M (12%)            -                  -          
[2024-07-24T23:00:50.748+0800][11.170s][gc,heap     ] GC(145)   Garbage:         -               106M (83%)           0M (1%)            0M (1%)             -                  -          
[2024-07-24T23:00:50.748+0800][11.170s][gc,heap     ] GC(145) Reclaimed:         -                  -               106M (83%)         106M (83%)            -                  -          
[2024-07-24T23:00:50.748+0800][11.170s][gc          ] GC(145) Garbage Collection (Allocation Rate) 110M(86%)->20M(16%)
[2024-07-24T23:00:50.835+0800][11.256s][gc,start    ] GC(146) Garbage Collection (Allocation Rate)
[2024-07-24T23:00:50.835+0800][11.257s][gc,task     ] GC(146) Using 1 workers
[2024-07-24T23:00:50.835+0800][11.257s][gc,phases   ] GC(146) Pause Mark Start 0.005ms
[2024-07-24T23:00:50.838+0800][11.259s][gc,phases   ] GC(146) Concurrent Mark 2.343ms
[2024-07-24T23:00:50.838+0800][11.259s][gc,phases   ] GC(146) Pause Mark End 0.012ms
[2024-07-24T23:00:50.838+0800][11.260s][gc,phases   ] GC(146) Concurrent Mark Free 0.001ms
[2024-07-24T23:00:50.839+0800][11.260s][gc,phases   ] GC(146) Concurrent Process Non-Strong References 0.940ms
[2024-07-24T23:00:50.839+0800][11.261s][gc,phases   ] GC(146) Concurrent Reset Relocation Set 0.000ms
[2024-07-24T23:00:50.840+0800][11.262s][gc          ] Allocation Stall (main) 4.650ms
[2024-07-24T23:00:50.841+0800][11.262s][gc,phases   ] GC(146) Concurrent Select Relocation Set 1.674ms
[2024-07-24T23:00:50.841+0800][11.262s][gc,phases   ] GC(146) Pause Relocate Start 0.003ms
[2024-07-24T23:00:50.841+0800][11.263s][gc,phases   ] GC(146) Concurrent Relocate 0.107ms
[2024-07-24T23:00:50.841+0800][11.263s][gc,load     ] GC(146) Load: 0.00/0.00/0.00
[2024-07-24T23:00:50.841+0800][11.263s][gc,mmu      ] GC(146) MMU: 2ms/94.0%, 5ms/97.6%, 10ms/98.7%, 20ms/99.2%, 50ms/99.7%, 100ms/99.8%
[2024-07-24T23:00:50.841+0800][11.263s][gc,marking  ] GC(146) Mark: 1 stripe(s), 2 proactive flush(es), 1 terminate flush(es), 0 completion(s), 0 continuation(s) 
[2024-07-24T23:00:50.841+0800][11.263s][gc,marking  ] GC(146) Mark Stack Usage: 32M
[2024-07-24T23:00:50.841+0800][11.263s][gc,nmethod  ] GC(146) NMethods: 285 registered, 0 unregistered
[2024-07-24T23:00:50.841+0800][11.263s][gc,metaspace] GC(146) Metaspace: 0M used, 0M committed, 1088M reserved
[2024-07-24T23:00:50.841+0800][11.263s][gc,ref      ] GC(146) Soft: 62 encountered, 0 discovered, 0 enqueued
[2024-07-24T23:00:50.841+0800][11.263s][gc,ref      ] GC(146) Weak: 187 encountered, 170 discovered, 0 enqueued
[2024-07-24T23:00:50.841+0800][11.263s][gc,ref      ] GC(146) Final: 0 encountered, 0 discovered, 0 enqueued
[2024-07-24T23:00:50.841+0800][11.263s][gc,ref      ] GC(146) Phantom: 1 encountered, 0 discovered, 0 enqueued
[2024-07-24T23:00:50.841+0800][11.263s][gc,reloc    ] GC(146) Small Pages: 2 / 4M, Empty: 2M, Relocated: 0M, In-Place: 0
[2024-07-24T23:00:50.841+0800][11.263s][gc,reloc    ] GC(146) Medium Pages: 0 / 0M, Empty: 0M, Relocated: 0M, In-Place: 0
[2024-07-24T23:00:50.841+0800][11.263s][gc,reloc    ] GC(146) Large Pages: 60 / 120M, Empty: 96M, Relocated: 0M, In-Place: 0
[2024-07-24T23:00:50.841+0800][11.263s][gc,reloc    ] GC(146) Forwarding Usage: 0M
[2024-07-24T23:00:50.841+0800][11.263s][gc,heap     ] GC(146) Min Capacity: 8M(6%)
[2024-07-24T23:00:50.841+0800][11.263s][gc,heap     ] GC(146) Max Capacity: 128M(100%)
[2024-07-24T23:00:50.841+0800][11.263s][gc,heap     ] GC(146) Soft Max Capacity: 128M(100%)
[2024-07-24T23:00:50.841+0800][11.263s][gc,heap     ] GC(146)                Mark Start          Mark End        Relocate Start      Relocate End           High               Low         
[2024-07-24T23:00:50.841+0800][11.263s][gc,heap     ] GC(146)  Capacity:      128M (100%)        128M (100%)        128M (100%)        128M (100%)        128M (100%)        128M (100%)   
[2024-07-24T23:00:50.841+0800][11.263s][gc,heap     ] GC(146)      Free:        4M (3%)            0M (0%)           96M (75%)          92M (72%)          98M (77%)           0M (0%)     
[2024-07-24T23:00:50.841+0800][11.263s][gc,heap     ] GC(146)      Used:      124M (97%)         128M (100%)         32M (25%)          36M (28%)         128M (100%)         30M (23%)    
[2024-07-24T23:00:50.841+0800][11.263s][gc,heap     ] GC(146)      Live:         -                25M (20%)          25M (20%)          25M (20%)            -                  -          
[2024-07-24T23:00:50.841+0800][11.263s][gc,heap     ] GC(146) Allocated:         -                 4M (3%)            6M (5%)           10M (8%)             -                  -          
[2024-07-24T23:00:50.841+0800][11.263s][gc,heap     ] GC(146)   Garbage:         -                98M (77%)           0M (1%)            0M (1%)             -                  -          
[2024-07-24T23:00:50.841+0800][11.263s][gc,heap     ] GC(146) Reclaimed:         -                  -                98M (77%)          98M (77%)            -                  -          
[2024-07-24T23:00:50.841+0800][11.263s][gc          ] GC(146) Garbage Collection (Allocation Rate) 124M(97%)->36M(28%)
[2024-07-24T23:00:50.930+0800][11.352s][gc,start    ] GC(147) Garbage Collection (Allocation Stall)
[2024-07-24T23:00:50.930+0800][11.352s][gc,ref      ] GC(147) Clearing All SoftReferences
[2024-07-24T23:00:50.930+0800][11.352s][gc,task     ] GC(147) Using 1 workers
[2024-07-24T23:00:50.931+0800][11.352s][gc,ref      ] GC(147) Clearing All SoftReferences
[2024-07-24T23:00:50.931+0800][11.352s][gc,phases   ] GC(147) Pause Mark Start 0.042ms
[2024-07-24T23:00:50.933+0800][11.354s][gc,phases   ] GC(147) Concurrent Mark 2.032ms
[2024-07-24T23:00:50.933+0800][11.355s][gc,phases   ] GC(147) Pause Mark End 0.007ms
[2024-07-24T23:00:50.933+0800][11.355s][gc,phases   ] GC(147) Concurrent Mark Free 0.001ms
[2024-07-24T23:00:50.934+0800][11.356s][gc,phases   ] GC(147) Concurrent Process Non-Strong References 0.917ms
[2024-07-24T23:00:50.934+0800][11.356s][gc,phases   ] GC(147) Concurrent Reset Relocation Set 0.000ms
[2024-07-24T23:00:50.936+0800][11.357s][gc          ] Allocation Stall (main) 5.559ms
[2024-07-24T23:00:50.936+0800][11.357s][gc,phases   ] GC(147) Concurrent Select Relocation Set 1.669ms
[2024-07-24T23:00:50.936+0800][11.358s][gc,phases   ] GC(147) Pause Relocate Start 0.016ms
[2024-07-24T23:00:50.936+0800][11.358s][gc,phases   ] GC(147) Concurrent Relocate 0.112ms
[2024-07-24T23:00:50.936+0800][11.358s][gc,load     ] GC(147) Load: 0.00/0.00/0.00
[2024-07-24T23:00:50.936+0800][11.358s][gc,mmu      ] GC(147) MMU: 2ms/94.0%, 5ms/97.6%, 10ms/98.7%, 20ms/99.2%, 50ms/99.7%, 100ms/99.8%
[2024-07-24T23:00:50.936+0800][11.358s][gc,marking  ] GC(147) Mark: 1 stripe(s), 1 proactive flush(es), 1 terminate flush(es), 0 completion(s), 0 continuation(s) 
[2024-07-24T23:00:50.936+0800][11.358s][gc,marking  ] GC(147) Mark Stack Usage: 32M
[2024-07-24T23:00:50.936+0800][11.358s][gc,nmethod  ] GC(147) NMethods: 285 registered, 0 unregistered
[2024-07-24T23:00:50.936+0800][11.358s][gc,metaspace] GC(147) Metaspace: 0M used, 0M committed, 1088M reserved
[2024-07-24T23:00:50.936+0800][11.358s][gc,ref      ] GC(147) Soft: 62 encountered, 37 discovered, 0 enqueued
[2024-07-24T23:00:50.936+0800][11.358s][gc,ref      ] GC(147) Weak: 187 encountered, 170 discovered, 0 enqueued
[2024-07-24T23:00:50.936+0800][11.358s][gc,ref      ] GC(147) Final: 0 encountered, 0 discovered, 0 enqueued
[2024-07-24T23:00:50.936+0800][11.358s][gc,ref      ] GC(147) Phantom: 1 encountered, 0 discovered, 0 enqueued
[2024-07-24T23:00:50.936+0800][11.358s][gc,reloc    ] GC(147) Small Pages: 2 / 4M, Empty: 2M, Relocated: 0M, In-Place: 0
[2024-07-24T23:00:50.936+0800][11.358s][gc,reloc    ] GC(147) Medium Pages: 0 / 0M, Empty: 0M, Relocated: 0M, In-Place: 0
[2024-07-24T23:00:50.936+0800][11.358s][gc,reloc    ] GC(147) Large Pages: 62 / 124M, Empty: 120M, Relocated: 0M, In-Place: 0
[2024-07-24T23:00:50.936+0800][11.358s][gc,reloc    ] GC(147) Forwarding Usage: 0M
[2024-07-24T23:00:50.937+0800][11.358s][gc,heap     ] GC(147) Min Capacity: 8M(6%)
[2024-07-24T23:00:50.937+0800][11.358s][gc,heap     ] GC(147) Max Capacity: 128M(100%)
[2024-07-24T23:00:50.937+0800][11.358s][gc,heap     ] GC(147) Soft Max Capacity: 128M(100%)
[2024-07-24T23:00:50.937+0800][11.358s][gc,heap     ] GC(147)                Mark Start          Mark End        Relocate Start      Relocate End           High               Low         
[2024-07-24T23:00:50.937+0800][11.358s][gc,heap     ] GC(147)  Capacity:      128M (100%)        128M (100%)        128M (100%)        128M (100%)        128M (100%)        128M (100%)   
[2024-07-24T23:00:50.937+0800][11.358s][gc,heap     ] GC(147)      Free:        0M (0%)            0M (0%)          120M (94%)         120M (94%)         122M (95%)           0M (0%)     
[2024-07-24T23:00:50.937+0800][11.358s][gc,heap     ] GC(147)      Used:      128M (100%)        128M (100%)          8M (6%)            8M (6%)          128M (100%)          6M (5%)     
[2024-07-24T23:00:50.937+0800][11.358s][gc,heap     ] GC(147)      Live:         -                 5M (4%)            5M (4%)            5M (4%)             -                  -          
[2024-07-24T23:00:50.937+0800][11.358s][gc,heap     ] GC(147) Allocated:         -                 0M (0%)            2M (2%)            2M (2%)             -                  -          
[2024-07-24T23:00:50.937+0800][11.358s][gc,heap     ] GC(147)   Garbage:         -               122M (96%)           0M (1%)            0M (1%)             -                  -          
[2024-07-24T23:00:50.937+0800][11.358s][gc,heap     ] GC(147) Reclaimed:         -                  -               122M (95%)         122M (95%)            -                  -          
[2024-07-24T23:00:50.937+0800][11.358s][gc          ] GC(147) Garbage Collection (Allocation Stall) 128M(100%)->8M(6%)
[2024-07-24T23:00:50.947+0800][11.368s][gc,start    ] GC(148) Garbage Collection (Allocation Rate)
[2024-07-24T23:00:50.947+0800][11.368s][gc,task     ] GC(148) Using 1 workers
[2024-07-24T23:00:50.947+0800][11.369s][gc,phases   ] GC(148) Pause Mark Start 0.006ms
[2024-07-24T23:00:50.949+0800][11.371s][gc,phases   ] GC(148) Concurrent Mark 2.314ms
[2024-07-24T23:00:50.950+0800][11.371s][gc,phases   ] GC(148) Pause Mark End 0.008ms
[2024-07-24T23:00:50.950+0800][11.371s][gc,phases   ] GC(148) Concurrent Mark Free 0.001ms
[2024-07-24T23:00:50.951+0800][11.372s][gc,phases   ] GC(148) Concurrent Process Non-Strong References 0.926ms
[2024-07-24T23:00:50.951+0800][11.372s][gc,phases   ] GC(148) Concurrent Reset Relocation Set 0.001ms
[2024-07-24T23:00:50.952+0800][11.374s][gc,phases   ] GC(148) Concurrent Select Relocation Set 1.766ms
[2024-07-24T23:00:50.953+0800][11.374s][gc,phases   ] GC(148) Pause Relocate Start 0.006ms
[2024-07-24T23:00:50.954+0800][11.375s][gc,phases   ] GC(148) Concurrent Relocate 0.950ms
[2024-07-24T23:00:50.954+0800][11.375s][gc,load     ] GC(148) Load: 0.00/0.00/0.00
[2024-07-24T23:00:50.954+0800][11.375s][gc,mmu      ] GC(148) MMU: 2ms/94.0%, 5ms/97.6%, 10ms/98.7%, 20ms/99.2%, 50ms/99.7%, 100ms/99.8%
[2024-07-24T23:00:50.954+0800][11.375s][gc,marking  ] GC(148) Mark: 1 stripe(s), 1 proactive flush(es), 1 terminate flush(es), 0 completion(s), 0 continuation(s) 
[2024-07-24T23:00:50.954+0800][11.375s][gc,marking  ] GC(148) Mark Stack Usage: 32M
[2024-07-24T23:00:50.954+0800][11.376s][gc,nmethod  ] GC(148) NMethods: 285 registered, 0 unregistered
[2024-07-24T23:00:50.954+0800][11.376s][gc,metaspace] GC(148) Metaspace: 0M used, 0M committed, 1088M reserved
[2024-07-24T23:00:50.954+0800][11.376s][gc,ref      ] GC(148) Soft: 62 encountered, 0 discovered, 0 enqueued
[2024-07-24T23:00:50.954+0800][11.376s][gc,ref      ] GC(148) Weak: 187 encountered, 170 discovered, 0 enqueued
[2024-07-24T23:00:50.954+0800][11.376s][gc,ref      ] GC(148) Final: 0 encountered, 0 discovered, 0 enqueued
[2024-07-24T23:00:50.954+0800][11.376s][gc,ref      ] GC(148) Phantom: 1 encountered, 0 discovered, 0 enqueued
[2024-07-24T23:00:50.954+0800][11.376s][gc,reloc    ] GC(148) Small Pages: 2 / 4M, Empty: 0M, Relocated: 1M, In-Place: 0
[2024-07-24T23:00:50.954+0800][11.376s][gc,reloc    ] GC(148) Medium Pages: 0 / 0M, Empty: 0M, Relocated: 0M, In-Place: 0
[2024-07-24T23:00:50.954+0800][11.376s][gc,reloc    ] GC(148) Large Pages: 10 / 20M, Empty: 0M, Relocated: 0M, In-Place: 0
[2024-07-24T23:00:50.954+0800][11.376s][gc,reloc    ] GC(148) Forwarding Usage: 0M
[2024-07-24T23:00:50.954+0800][11.376s][gc,heap     ] GC(148) Min Capacity: 8M(6%)
[2024-07-24T23:00:50.954+0800][11.376s][gc,heap     ] GC(148) Max Capacity: 128M(100%)
[2024-07-24T23:00:50.954+0800][11.376s][gc,heap     ] GC(148) Soft Max Capacity: 128M(100%)
[2024-07-24T23:00:50.954+0800][11.376s][gc,heap     ] GC(148)                Mark Start          Mark End        Relocate Start      Relocate End           High               Low         
[2024-07-24T23:00:50.954+0800][11.376s][gc,heap     ] GC(148)  Capacity:      128M (100%)        128M (100%)        128M (100%)        128M (100%)        128M (100%)        128M (100%)   
[2024-07-24T23:00:50.954+0800][11.376s][gc,heap     ] GC(148)      Free:      104M (81%)         104M (81%)         104M (81%)         106M (83%)         106M (83%)         102M (80%)    
[2024-07-24T23:00:50.954+0800][11.376s][gc,heap     ] GC(148)      Used:       24M (19%)          24M (19%)          24M (19%)          22M (17%)          26M (20%)          22M (17%)    
[2024-07-24T23:00:50.954+0800][11.376s][gc,heap     ] GC(148)      Live:         -                21M (17%)          21M (17%)          21M (17%)            -                  -          
[2024-07-24T23:00:50.954+0800][11.376s][gc,heap     ] GC(148) Allocated:         -                 0M (0%)            0M (0%)            0M (0%)             -                  -          
[2024-07-24T23:00:50.954+0800][11.376s][gc,heap     ] GC(148)   Garbage:         -                 2M (2%)            2M (2%)            0M (1%)             -                  -          
[2024-07-24T23:00:50.954+0800][11.376s][gc,heap     ] GC(148) Reclaimed:         -                  -                 0M (0%)            2M (2%)             -                  -          
[2024-07-24T23:00:50.954+0800][11.376s][gc          ] GC(148) Garbage Collection (Allocation Rate) 24M(19%)->22M(17%)
[2024-07-24T23:00:51.042+0800][11.463s][gc,start    ] GC(149) Garbage Collection (Allocation Rate)
[2024-07-24T23:00:51.042+0800][11.463s][gc,task     ] GC(149) Using 1 workers
[2024-07-24T23:00:51.042+0800][11.464s][gc,phases   ] GC(149) Pause Mark Start 0.008ms
[2024-07-24T23:00:51.045+0800][11.467s][gc,phases   ] GC(149) Concurrent Mark 3.068ms
[2024-07-24T23:00:51.046+0800][11.467s][gc,phases   ] GC(149) Pause Mark End 0.007ms
[2024-07-24T23:00:51.046+0800][11.467s][gc,phases   ] GC(149) Concurrent Mark Free 0.001ms
[2024-07-24T23:00:51.047+0800][11.468s][gc,phases   ] GC(149) Concurrent Process Non-Strong References 1.007ms
[2024-07-24T23:00:51.047+0800][11.468s][gc,phases   ] GC(149) Concurrent Reset Relocation Set 0.001ms
[2024-07-24T23:00:51.048+0800][11.470s][gc          ] Allocation Stall (main) 5.538ms
[2024-07-24T23:00:51.049+0800][11.470s][gc,phases   ] GC(149) Concurrent Select Relocation Set 1.689ms
[2024-07-24T23:00:51.049+0800][11.470s][gc,phases   ] GC(149) Pause Relocate Start 0.003ms
[2024-07-24T23:00:51.049+0800][11.471s][gc,phases   ] GC(149) Concurrent Relocate 0.110ms
[2024-07-24T23:00:51.049+0800][11.471s][gc,load     ] GC(149) Load: 0.00/0.00/0.00
[2024-07-24T23:00:51.049+0800][11.471s][gc,mmu      ] GC(149) MMU: 2ms/94.0%, 5ms/97.6%, 10ms/98.7%, 20ms/99.2%, 50ms/99.7%, 100ms/99.8%
[2024-07-24T23:00:51.049+0800][11.471s][gc,marking  ] GC(149) Mark: 1 stripe(s), 2 proactive flush(es), 1 terminate flush(es), 0 completion(s), 0 continuation(s) 
[2024-07-24T23:00:51.049+0800][11.471s][gc,marking  ] GC(149) Mark Stack Usage: 32M
[2024-07-24T23:00:51.049+0800][11.471s][gc,nmethod  ] GC(149) NMethods: 299 registered, 0 unregistered
[2024-07-24T23:00:51.049+0800][11.471s][gc,metaspace] GC(149) Metaspace: 0M used, 0M committed, 1088M reserved
[2024-07-24T23:00:51.049+0800][11.471s][gc,ref      ] GC(149) Soft: 62 encountered, 0 discovered, 0 enqueued
[2024-07-24T23:00:51.049+0800][11.471s][gc,ref      ] GC(149) Weak: 187 encountered, 170 discovered, 0 enqueued
[2024-07-24T23:00:51.049+0800][11.471s][gc,ref      ] GC(149) Final: 0 encountered, 0 discovered, 0 enqueued
[2024-07-24T23:00:51.049+0800][11.471s][gc,ref      ] GC(149) Phantom: 1 encountered, 0 discovered, 0 enqueued
[2024-07-24T23:00:51.049+0800][11.471s][gc,reloc    ] GC(149) Small Pages: 2 / 4M, Empty: 2M, Relocated: 0M, In-Place: 0
[2024-07-24T23:00:51.049+0800][11.471s][gc,reloc    ] GC(149) Medium Pages: 0 / 0M, Empty: 0M, Relocated: 0M, In-Place: 0
[2024-07-24T23:00:51.049+0800][11.471s][gc,reloc    ] GC(149) Large Pages: 62 / 124M, Empty: 120M, Relocated: 0M, In-Place: 0
[2024-07-24T23:00:51.049+0800][11.471s][gc,reloc    ] GC(149) Forwarding Usage: 0M
[2024-07-24T23:00:51.049+0800][11.471s][gc,heap     ] GC(149) Min Capacity: 8M(6%)
[2024-07-24T23:00:51.049+0800][11.471s][gc,heap     ] GC(149) Max Capacity: 128M(100%)
[2024-07-24T23:00:51.049+0800][11.471s][gc,heap     ] GC(149) Soft Max Capacity: 128M(100%)
[2024-07-24T23:00:51.049+0800][11.471s][gc,heap     ] GC(149)                Mark Start          Mark End        Relocate Start      Relocate End           High               Low         
[2024-07-24T23:00:51.049+0800][11.471s][gc,heap     ] GC(149)  Capacity:      128M (100%)        128M (100%)        128M (100%)        128M (100%)        128M (100%)        128M (100%)   
[2024-07-24T23:00:51.049+0800][11.471s][gc,heap     ] GC(149)      Free:        0M (0%)            0M (0%)          120M (94%)         116M (91%)         122M (95%)           0M (0%)     
[2024-07-24T23:00:51.049+0800][11.471s][gc,heap     ] GC(149)      Used:      128M (100%)        128M (100%)          8M (6%)           12M (9%)          128M (100%)          6M (5%)     
[2024-07-24T23:00:51.049+0800][11.471s][gc,heap     ] GC(149)      Live:         -                 5M (4%)            5M (4%)            5M (4%)             -                  -          
[2024-07-24T23:00:51.049+0800][11.471s][gc,heap     ] GC(149) Allocated:         -                 0M (0%)            2M (2%)            6M (5%)             -                  -          
[2024-07-24T23:00:51.049+0800][11.471s][gc,heap     ] GC(149)   Garbage:         -               122M (96%)           0M (1%)            0M (1%)             -                  -          
[2024-07-24T23:00:51.049+0800][11.471s][gc,heap     ] GC(149) Reclaimed:         -                  -               122M (95%)         122M (95%)            -                  -          
[2024-07-24T23:00:51.049+0800][11.471s][gc          ] GC(149) Garbage Collection (Allocation Rate) 128M(100%)->12M(9%)
[2024-07-24T23:00:51.137+0800][11.559s][gc,start    ] GC(150) Garbage Collection (Allocation Stall)
[2024-07-24T23:00:51.137+0800][11.559s][gc,ref      ] GC(150) Clearing All SoftReferences
[2024-07-24T23:00:51.137+0800][11.559s][gc,task     ] GC(150) Using 1 workers
[2024-07-24T23:00:51.137+0800][11.559s][gc,ref      ] GC(150) Clearing All SoftReferences
[2024-07-24T23:00:51.138+0800][11.559s][gc,phases   ] GC(150) Pause Mark Start 0.083ms
[2024-07-24T23:00:51.141+0800][11.562s][gc,phases   ] GC(150) Concurrent Mark 2.939ms
[2024-07-24T23:00:51.141+0800][11.563s][gc,phases   ] GC(150) Pause Mark End 0.010ms
[2024-07-24T23:00:51.141+0800][11.563s][gc,phases   ] GC(150) Concurrent Mark Free 0.001ms
[2024-07-24T23:00:51.142+0800][11.564s][gc,phases   ] GC(150) Concurrent Process Non-Strong References 0.831ms
[2024-07-24T23:00:51.142+0800][11.564s][gc,phases   ] GC(150) Concurrent Reset Relocation Set 0.000ms
[2024-07-24T23:00:51.143+0800][11.565s][gc,phases   ] GC(150) Concurrent Select Relocation Set 1.460ms
[2024-07-24T23:00:51.144+0800][11.565s][gc,phases   ] GC(150) Pause Relocate Start 0.004ms
[2024-07-24T23:00:51.144+0800][11.565s][gc,phases   ] GC(150) Concurrent Relocate 0.079ms
[2024-07-24T23:00:51.144+0800][11.565s][gc,load     ] GC(150) Load: 0.00/0.00/0.00
[2024-07-24T23:00:51.144+0800][11.565s][gc,mmu      ] GC(150) MMU: 2ms/94.0%, 5ms/97.6%, 10ms/98.7%, 20ms/99.2%, 50ms/99.7%, 100ms/99.8%
[2024-07-24T23:00:51.144+0800][11.565s][gc,marking  ] GC(150) Mark: 1 stripe(s), 2 proactive flush(es), 1 terminate flush(es), 0 completion(s), 0 continuation(s) 
[2024-07-24T23:00:51.144+0800][11.565s][gc,marking  ] GC(150) Mark Stack Usage: 32M
[2024-07-24T23:00:51.144+0800][11.566s][gc,nmethod  ] GC(150) NMethods: 299 registered, 0 unregistered
[2024-07-24T23:00:51.144+0800][11.566s][gc,metaspace] GC(150) Metaspace: 0M used, 0M committed, 1088M reserved
[2024-07-24T23:00:51.144+0800][11.566s][gc,ref      ] GC(150) Soft: 62 encountered, 35 discovered, 0 enqueued
[2024-07-24T23:00:51.144+0800][11.566s][gc,ref      ] GC(150) Weak: 187 encountered, 170 discovered, 0 enqueued
[2024-07-24T23:00:51.144+0800][11.566s][gc,ref      ] GC(150) Final: 0 encountered, 0 discovered, 0 enqueued
[2024-07-24T23:00:51.144+0800][11.566s][gc,ref      ] GC(150) Phantom: 1 encountered, 0 discovered, 0 enqueued
[2024-07-24T23:00:51.144+0800][11.566s][gc,reloc    ] GC(150) Small Pages: 2 / 4M, Empty: 2M, Relocated: 0M, In-Place: 0
[2024-07-24T23:00:51.144+0800][11.566s][gc,reloc    ] GC(150) Medium Pages: 0 / 0M, Empty: 0M, Relocated: 0M, In-Place: 0
[2024-07-24T23:00:51.144+0800][11.566s][gc,reloc    ] GC(150) Large Pages: 52 / 104M, Empty: 102M, Relocated: 0M, In-Place: 0
[2024-07-24T23:00:51.144+0800][11.566s][gc,reloc    ] GC(150) Forwarding Usage: 0M
[2024-07-24T23:00:51.144+0800][11.566s][gc,heap     ] GC(150) Min Capacity: 8M(6%)
[2024-07-24T23:00:51.144+0800][11.566s][gc,heap     ] GC(150) Max Capacity: 128M(100%)
[2024-07-24T23:00:51.144+0800][11.566s][gc,heap     ] GC(150) Soft Max Capacity: 128M(100%)
[2024-07-24T23:00:51.144+0800][11.566s][gc,heap     ] GC(150)                Mark Start          Mark End        Relocate Start      Relocate End           High               Low         
[2024-07-24T23:00:51.144+0800][11.566s][gc,heap     ] GC(150)  Capacity:      128M (100%)        128M (100%)        128M (100%)        128M (100%)        128M (100%)        128M (100%)   
[2024-07-24T23:00:51.144+0800][11.566s][gc,heap     ] GC(150)      Free:       20M (16%)           2M (2%)          106M (83%)         106M (83%)         106M (83%)           2M (2%)     
[2024-07-24T23:00:51.144+0800][11.566s][gc,heap     ] GC(150)      Used:      108M (84%)         126M (98%)          22M (17%)          22M (17%)         126M (98%)          22M (17%)    
[2024-07-24T23:00:51.144+0800][11.566s][gc,heap     ] GC(150)      Live:         -                 3M (3%)            3M (3%)            3M (3%)             -                  -          
[2024-07-24T23:00:51.144+0800][11.566s][gc,heap     ] GC(150) Allocated:         -                18M (14%)          18M (14%)          18M (14%)            -                  -          
[2024-07-24T23:00:51.144+0800][11.566s][gc,heap     ] GC(150)   Garbage:         -               104M (82%)           0M (1%)            0M (1%)             -                  -          
[2024-07-24T23:00:51.144+0800][11.566s][gc,heap     ] GC(150) Reclaimed:         -                  -               104M (81%)         104M (81%)            -                  -          
[2024-07-24T23:00:51.144+0800][11.566s][gc          ] GC(150) Garbage Collection (Allocation Stall) 108M(84%)->22M(17%)
[2024-07-24T23:00:51.232+0800][11.654s][gc,start    ] GC(151) Garbage Collection (Allocation Stall)
[2024-07-24T23:00:51.232+0800][11.654s][gc,ref      ] GC(151) Clearing All SoftReferences
[2024-07-24T23:00:51.232+0800][11.654s][gc,task     ] GC(151) Using 1 workers
[2024-07-24T23:00:51.232+0800][11.654s][gc,ref      ] GC(151) Clearing All SoftReferences
[2024-07-24T23:00:51.232+0800][11.654s][gc,phases   ] GC(151) Pause Mark Start 0.036ms
[2024-07-24T23:00:51.235+0800][11.656s][gc,phases   ] GC(151) Concurrent Mark 2.313ms
[2024-07-24T23:00:51.235+0800][11.656s][gc,phases   ] GC(151) Pause Mark End 0.008ms
[2024-07-24T23:00:51.235+0800][11.657s][gc,phases   ] GC(151) Concurrent Mark Free 0.001ms
[2024-07-24T23:00:51.236+0800][11.657s][gc,phases   ] GC(151) Concurrent Process Non-Strong References 0.864ms
[2024-07-24T23:00:51.236+0800][11.657s][gc,phases   ] GC(151) Concurrent Reset Relocation Set 0.000ms
[2024-07-24T23:00:51.238+0800][11.659s][gc          ] Allocation Stall (main) 5.563ms
[2024-07-24T23:00:51.238+0800][11.659s][gc,phases   ] GC(151) Concurrent Select Relocation Set 1.570ms
[2024-07-24T23:00:51.238+0800][11.659s][gc,phases   ] GC(151) Pause Relocate Start 0.004ms
[2024-07-24T23:00:51.238+0800][11.660s][gc,phases   ] GC(151) Concurrent Relocate 0.109ms
[2024-07-24T23:00:51.238+0800][11.660s][gc,load     ] GC(151) Load: 0.00/0.00/0.00
[2024-07-24T23:00:51.238+0800][11.660s][gc,mmu      ] GC(151) MMU: 2ms/94.0%, 5ms/97.6%, 10ms/98.7%, 20ms/99.2%, 50ms/99.7%, 100ms/99.8%
[2024-07-24T23:00:51.238+0800][11.660s][gc,marking  ] GC(151) Mark: 1 stripe(s), 1 proactive flush(es), 1 terminate flush(es), 0 completion(s), 0 continuation(s) 
[2024-07-24T23:00:51.238+0800][11.660s][gc,marking  ] GC(151) Mark Stack Usage: 32M
[2024-07-24T23:00:51.238+0800][11.660s][gc,nmethod  ] GC(151) NMethods: 299 registered, 0 unregistered
[2024-07-24T23:00:51.238+0800][11.660s][gc,metaspace] GC(151) Metaspace: 0M used, 0M committed, 1088M reserved
[2024-07-24T23:00:51.238+0800][11.660s][gc,ref      ] GC(151) Soft: 62 encountered, 37 discovered, 0 enqueued
[2024-07-24T23:00:51.238+0800][11.660s][gc,ref      ] GC(151) Weak: 187 encountered, 170 discovered, 0 enqueued
[2024-07-24T23:00:51.238+0800][11.660s][gc,ref      ] GC(151) Final: 0 encountered, 0 discovered, 0 enqueued
[2024-07-24T23:00:51.238+0800][11.660s][gc,ref      ] GC(151) Phantom: 1 encountered, 0 discovered, 0 enqueued
[2024-07-24T23:00:51.238+0800][11.660s][gc,reloc    ] GC(151) Small Pages: 2 / 4M, Empty: 2M, Relocated: 0M, In-Place: 0
[2024-07-24T23:00:51.238+0800][11.660s][gc,reloc    ] GC(151) Medium Pages: 0 / 0M, Empty: 0M, Relocated: 0M, In-Place: 0
[2024-07-24T23:00:51.238+0800][11.660s][gc,reloc    ] GC(151) Large Pages: 62 / 124M, Empty: 98M, Relocated: 0M, In-Place: 0
[2024-07-24T23:00:51.238+0800][11.660s][gc,reloc    ] GC(151) Forwarding Usage: 0M
[2024-07-24T23:00:51.238+0800][11.660s][gc,heap     ] GC(151) Min Capacity: 8M(6%)
[2024-07-24T23:00:51.238+0800][11.660s][gc,heap     ] GC(151) Max Capacity: 128M(100%)
[2024-07-24T23:00:51.238+0800][11.660s][gc,heap     ] GC(151) Soft Max Capacity: 128M(100%)
[2024-07-24T23:00:51.238+0800][11.660s][gc,heap     ] GC(151)                Mark Start          Mark End        Relocate Start      Relocate End           High               Low         
[2024-07-24T23:00:51.238+0800][11.660s][gc,heap     ] GC(151)  Capacity:      128M (100%)        128M (100%)        128M (100%)        128M (100%)        128M (100%)        128M (100%)   
[2024-07-24T23:00:51.238+0800][11.660s][gc,heap     ] GC(151)      Free:        0M (0%)            0M (0%)           98M (77%)          92M (72%)         100M (78%)           0M (0%)     
[2024-07-24T23:00:51.238+0800][11.660s][gc,heap     ] GC(151)      Used:      128M (100%)        128M (100%)         30M (23%)          36M (28%)         128M (100%)         28M (22%)    
[2024-07-24T23:00:51.239+0800][11.660s][gc,heap     ] GC(151)      Live:         -                27M (21%)          27M (21%)          27M (21%)            -                  -          
[2024-07-24T23:00:51.239+0800][11.660s][gc,heap     ] GC(151) Allocated:         -                 0M (0%)            2M (2%)            8M (6%)             -                  -          
[2024-07-24T23:00:51.239+0800][11.660s][gc,heap     ] GC(151)   Garbage:         -               100M (79%)           0M (1%)            0M (1%)             -                  -          
[2024-07-24T23:00:51.239+0800][11.660s][gc,heap     ] GC(151) Reclaimed:         -                  -               100M (78%)         100M (78%)            -                  -          
[2024-07-24T23:00:51.239+0800][11.660s][gc          ] GC(151) Garbage Collection (Allocation Stall) 128M(100%)->36M(28%)
[2024-07-24T23:00:51.247+0800][11.668s][gc,start    ] GC(152) Garbage Collection (Allocation Rate)
[2024-07-24T23:00:51.247+0800][11.669s][gc,task     ] GC(152) Using 1 workers
[2024-07-24T23:00:51.247+0800][11.669s][gc,phases   ] GC(152) Pause Mark Start 0.008ms
[2024-07-24T23:00:51.250+0800][11.671s][gc,phases   ] GC(152) Concurrent Mark 2.051ms
[2024-07-24T23:00:51.250+0800][11.671s][gc,phases   ] GC(152) Pause Mark End 0.008ms
[2024-07-24T23:00:51.250+0800][11.671s][gc,phases   ] GC(152) Concurrent Mark Free 0.001ms
[2024-07-24T23:00:51.251+0800][11.672s][gc,phases   ] GC(152) Concurrent Process Non-Strong References 0.967ms
[2024-07-24T23:00:51.251+0800][11.672s][gc,phases   ] GC(152) Concurrent Reset Relocation Set 0.000ms
[2024-07-24T23:00:51.253+0800][11.674s][gc,phases   ] GC(152) Concurrent Select Relocation Set 1.805ms
[2024-07-24T23:00:51.253+0800][11.674s][gc,phases   ] GC(152) Pause Relocate Start 0.006ms
[2024-07-24T23:00:51.254+0800][11.675s][gc,phases   ] GC(152) Concurrent Relocate 0.953ms
[2024-07-24T23:00:51.254+0800][11.675s][gc,load     ] GC(152) Load: 0.00/0.00/0.00
[2024-07-24T23:00:51.254+0800][11.675s][gc,mmu      ] GC(152) MMU: 2ms/94.0%, 5ms/97.6%, 10ms/98.7%, 20ms/99.2%, 50ms/99.7%, 100ms/99.8%
[2024-07-24T23:00:51.254+0800][11.675s][gc,marking  ] GC(152) Mark: 1 stripe(s), 1 proactive flush(es), 1 terminate flush(es), 0 completion(s), 0 continuation(s) 
[2024-07-24T23:00:51.254+0800][11.675s][gc,marking  ] GC(152) Mark Stack Usage: 32M
[2024-07-24T23:00:51.254+0800][11.676s][gc,nmethod  ] GC(152) NMethods: 299 registered, 0 unregistered
[2024-07-24T23:00:51.254+0800][11.676s][gc,metaspace] GC(152) Metaspace: 0M used, 0M committed, 1088M reserved
[2024-07-24T23:00:51.254+0800][11.676s][gc,ref      ] GC(152) Soft: 62 encountered, 0 discovered, 0 enqueued
[2024-07-24T23:00:51.254+0800][11.676s][gc,ref      ] GC(152) Weak: 187 encountered, 170 discovered, 0 enqueued
[2024-07-24T23:00:51.254+0800][11.676s][gc,ref      ] GC(152) Final: 0 encountered, 0 discovered, 0 enqueued
[2024-07-24T23:00:51.254+0800][11.676s][gc,ref      ] GC(152) Phantom: 1 encountered, 0 discovered, 0 enqueued
[2024-07-24T23:00:51.254+0800][11.676s][gc,reloc    ] GC(152) Small Pages: 2 / 4M, Empty: 0M, Relocated: 1M, In-Place: 0
[2024-07-24T23:00:51.254+0800][11.676s][gc,reloc    ] GC(152) Medium Pages: 0 / 0M, Empty: 0M, Relocated: 0M, In-Place: 0
[2024-07-24T23:00:51.254+0800][11.676s][gc,reloc    ] GC(152) Large Pages: 20 / 40M, Empty: 40M, Relocated: 0M, In-Place: 0
[2024-07-24T23:00:51.254+0800][11.676s][gc,reloc    ] GC(152) Forwarding Usage: 0M
[2024-07-24T23:00:51.254+0800][11.676s][gc,heap     ] GC(152) Min Capacity: 8M(6%)
[2024-07-24T23:00:51.254+0800][11.676s][gc,heap     ] GC(152) Max Capacity: 128M(100%)
[2024-07-24T23:00:51.254+0800][11.676s][gc,heap     ] GC(152) Soft Max Capacity: 128M(100%)
[2024-07-24T23:00:51.254+0800][11.676s][gc,heap     ] GC(152)                Mark Start          Mark End        Relocate Start      Relocate End           High               Low         
[2024-07-24T23:00:51.254+0800][11.676s][gc,heap     ] GC(152)  Capacity:      128M (100%)        128M (100%)        128M (100%)        128M (100%)        128M (100%)        128M (100%)   
[2024-07-24T23:00:51.254+0800][11.676s][gc,heap     ] GC(152)      Free:       84M (66%)          84M (66%)         124M (97%)         126M (98%)         126M (98%)          84M (66%)    
[2024-07-24T23:00:51.254+0800][11.676s][gc,heap     ] GC(152)      Used:       44M (34%)          44M (34%)           4M (3%)            2M (2%)           44M (34%)           2M (2%)     
[2024-07-24T23:00:51.254+0800][11.676s][gc,heap     ] GC(152)      Live:         -                 1M (1%)            1M (1%)            1M (1%)             -                  -          
[2024-07-24T23:00:51.254+0800][11.676s][gc,heap     ] GC(152) Allocated:         -                 0M (0%)            0M (0%)            0M (0%)             -                  -          
[2024-07-24T23:00:51.254+0800][11.676s][gc,heap     ] GC(152)   Garbage:         -                42M (33%)           2M (2%)            0M (1%)             -                  -          
[2024-07-24T23:00:51.254+0800][11.676s][gc,heap     ] GC(152) Reclaimed:         -                  -                40M (31%)          42M (33%)            -                  -          
[2024-07-24T23:00:51.254+0800][11.676s][gc          ] GC(152) Garbage Collection (Allocation Rate) 44M(34%)->2M(2%)
[2024-07-24T23:00:51.343+0800][11.765s][gc,start    ] GC(153) Garbage Collection (Allocation Rate)
[2024-07-24T23:00:51.343+0800][11.765s][gc,task     ] GC(153) Using 1 workers
[2024-07-24T23:00:51.343+0800][11.765s][gc,phases   ] GC(153) Pause Mark Start 0.010ms
[2024-07-24T23:00:51.347+0800][11.769s][gc,phases   ] GC(153) Concurrent Mark 3.531ms
[2024-07-24T23:00:51.347+0800][11.769s][gc,phases   ] GC(153) Pause Mark End 0.009ms
[2024-07-24T23:00:51.348+0800][11.769s][gc,phases   ] GC(153) Concurrent Mark Free 0.001ms
[2024-07-24T23:00:51.349+0800][11.770s][gc,phases   ] GC(153) Concurrent Process Non-Strong References 0.942ms
[2024-07-24T23:00:51.349+0800][11.770s][gc,phases   ] GC(153) Concurrent Reset Relocation Set 0.001ms
[2024-07-24T23:00:51.351+0800][11.773s][gc,phases   ] GC(153) Concurrent Select Relocation Set 2.674ms
[2024-07-24T23:00:51.352+0800][11.773s][gc,phases   ] GC(153) Pause Relocate Start 0.021ms
[2024-07-24T23:00:51.352+0800][11.774s][gc,phases   ] GC(153) Concurrent Relocate 0.131ms
[2024-07-24T23:00:51.352+0800][11.774s][gc,load     ] GC(153) Load: 0.00/0.00/0.00
[2024-07-24T23:00:51.352+0800][11.774s][gc,mmu      ] GC(153) MMU: 2ms/94.0%, 5ms/97.6%, 10ms/98.7%, 20ms/99.2%, 50ms/99.7%, 100ms/99.8%
[2024-07-24T23:00:51.352+0800][11.774s][gc,marking  ] GC(153) Mark: 1 stripe(s), 2 proactive flush(es), 1 terminate flush(es), 0 completion(s), 0 continuation(s) 
[2024-07-24T23:00:51.352+0800][11.774s][gc,marking  ] GC(153) Mark Stack Usage: 32M
[2024-07-24T23:00:51.352+0800][11.774s][gc,nmethod  ] GC(153) NMethods: 299 registered, 0 unregistered
[2024-07-24T23:00:51.352+0800][11.774s][gc,metaspace] GC(153) Metaspace: 0M used, 0M committed, 1088M reserved
[2024-07-24T23:00:51.352+0800][11.774s][gc,ref      ] GC(153) Soft: 62 encountered, 0 discovered, 0 enqueued
[2024-07-24T23:00:51.352+0800][11.774s][gc,ref      ] GC(153) Weak: 187 encountered, 170 discovered, 0 enqueued
[2024-07-24T23:00:51.352+0800][11.774s][gc,ref      ] GC(153) Final: 0 encountered, 0 discovered, 0 enqueued
[2024-07-24T23:00:51.352+0800][11.774s][gc,ref      ] GC(153) Phantom: 1 encountered, 0 discovered, 0 enqueued
[2024-07-24T23:00:51.352+0800][11.774s][gc,reloc    ] GC(153) Small Pages: 2 / 4M, Empty: 2M, Relocated: 0M, In-Place: 0
[2024-07-24T23:00:51.352+0800][11.774s][gc,reloc    ] GC(153) Medium Pages: 0 / 0M, Empty: 0M, Relocated: 0M, In-Place: 0
[2024-07-24T23:00:51.352+0800][11.774s][gc,reloc    ] GC(153) Large Pages: 51 / 102M, Empty: 100M, Relocated: 0M, In-Place: 0
[2024-07-24T23:00:51.352+0800][11.774s][gc,reloc    ] GC(153) Forwarding Usage: 0M
[2024-07-24T23:00:51.352+0800][11.774s][gc,heap     ] GC(153) Min Capacity: 8M(6%)
[2024-07-24T23:00:51.352+0800][11.774s][gc,heap     ] GC(153) Max Capacity: 128M(100%)
[2024-07-24T23:00:51.352+0800][11.774s][gc,heap     ] GC(153) Soft Max Capacity: 128M(100%)
[2024-07-24T23:00:51.352+0800][11.774s][gc,heap     ] GC(153)                Mark Start          Mark End        Relocate Start      Relocate End           High               Low         
[2024-07-24T23:00:51.352+0800][11.774s][gc,heap     ] GC(153)  Capacity:      128M (100%)        128M (100%)        128M (100%)        128M (100%)        128M (100%)        128M (100%)   
[2024-07-24T23:00:51.352+0800][11.774s][gc,heap     ] GC(153)      Free:       22M (17%)           2M (2%)          104M (81%)         104M (81%)         104M (81%)           2M (2%)     
[2024-07-24T23:00:51.352+0800][11.774s][gc,heap     ] GC(153)      Used:      106M (83%)         126M (98%)          24M (19%)          24M (19%)         126M (98%)          24M (19%)    
[2024-07-24T23:00:51.352+0800][11.774s][gc,heap     ] GC(153)      Live:         -                 3M (3%)            3M (3%)            3M (3%)             -                  -          
[2024-07-24T23:00:51.352+0800][11.774s][gc,heap     ] GC(153) Allocated:         -                20M (16%)          20M (16%)          20M (16%)            -                  -          
[2024-07-24T23:00:51.352+0800][11.774s][gc,heap     ] GC(153)   Garbage:         -               102M (80%)           0M (1%)            0M (1%)             -                  -          
[2024-07-24T23:00:51.353+0800][11.774s][gc,heap     ] GC(153) Reclaimed:         -                  -               102M (80%)         102M (80%)            -                  -          
[2024-07-24T23:00:51.353+0800][11.774s][gc          ] GC(153) Garbage Collection (Allocation Rate) 106M(83%)->24M(19%)
[2024-07-24T23:00:51.439+0800][11.860s][gc,start    ] GC(154) Garbage Collection (Allocation Rate)
[2024-07-24T23:00:51.439+0800][11.860s][gc,task     ] GC(154) Using 1 workers
[2024-07-24T23:00:51.439+0800][11.861s][gc,phases   ] GC(154) Pause Mark Start 0.015ms
[2024-07-24T23:00:51.442+0800][11.863s][gc,phases   ] GC(154) Concurrent Mark 2.323ms
[2024-07-24T23:00:51.442+0800][11.863s][gc,phases   ] GC(154) Pause Mark End 0.006ms
[2024-07-24T23:00:51.442+0800][11.863s][gc,phases   ] GC(154) Concurrent Mark Free 0.001ms
[2024-07-24T23:00:51.442+0800][11.864s][gc,phases   ] GC(154) Concurrent Process Non-Strong References 0.921ms
[2024-07-24T23:00:51.442+0800][11.864s][gc,phases   ] GC(154) Concurrent Reset Relocation Set 0.000ms
[2024-07-24T23:00:51.444+0800][11.866s][gc          ] Allocation Stall (main) 4.484ms
[2024-07-24T23:00:51.444+0800][11.866s][gc,phases   ] GC(154) Concurrent Select Relocation Set 1.441ms
[2024-07-24T23:00:51.444+0800][11.866s][gc,phases   ] GC(154) Pause Relocate Start 0.003ms
[2024-07-24T23:00:51.444+0800][11.866s][gc,phases   ] GC(154) Concurrent Relocate 0.113ms
[2024-07-24T23:00:51.444+0800][11.866s][gc,load     ] GC(154) Load: 0.00/0.00/0.00
[2024-07-24T23:00:51.444+0800][11.866s][gc,mmu      ] GC(154) MMU: 2ms/94.0%, 5ms/97.6%, 10ms/98.7%, 20ms/99.2%, 50ms/99.7%, 100ms/99.8%
[2024-07-24T23:00:51.444+0800][11.867s][gc,marking  ] GC(154) Mark: 1 stripe(s), 2 proactive flush(es), 1 terminate flush(es), 0 completion(s), 0 continuation(s) 
[2024-07-24T23:00:51.444+0800][11.867s][gc,marking  ] GC(154) Mark Stack Usage: 32M
[2024-07-24T23:00:51.444+0800][11.867s][gc,nmethod  ] GC(154) NMethods: 299 registered, 0 unregistered
[2024-07-24T23:00:51.444+0800][11.867s][gc,metaspace] GC(154) Metaspace: 0M used, 0M committed, 1088M reserved
[2024-07-24T23:00:51.444+0800][11.867s][gc,ref      ] GC(154) Soft: 62 encountered, 0 discovered, 0 enqueued
[2024-07-24T23:00:51.444+0800][11.867s][gc,ref      ] GC(154) Weak: 187 encountered, 170 discovered, 0 enqueued
[2024-07-24T23:00:51.444+0800][11.867s][gc,ref      ] GC(154) Final: 0 encountered, 0 discovered, 0 enqueued
[2024-07-24T23:00:51.444+0800][11.867s][gc,ref      ] GC(154) Phantom: 1 encountered, 0 discovered, 0 enqueued
[2024-07-24T23:00:51.444+0800][11.867s][gc,reloc    ] GC(154) Small Pages: 2 / 4M, Empty: 2M, Relocated: 0M, In-Place: 0
[2024-07-24T23:00:51.444+0800][11.867s][gc,reloc    ] GC(154) Medium Pages: 0 / 0M, Empty: 0M, Relocated: 0M, In-Place: 0
[2024-07-24T23:00:51.444+0800][11.867s][gc,reloc    ] GC(154) Large Pages: 62 / 124M, Empty: 100M, Relocated: 0M, In-Place: 0
[2024-07-24T23:00:51.444+0800][11.867s][gc,reloc    ] GC(154) Forwarding Usage: 0M
[2024-07-24T23:00:51.444+0800][11.867s][gc,heap     ] GC(154) Min Capacity: 8M(6%)
[2024-07-24T23:00:51.444+0800][11.867s][gc,heap     ] GC(154) Max Capacity: 128M(100%)
[2024-07-24T23:00:51.444+0800][11.867s][gc,heap     ] GC(154) Soft Max Capacity: 128M(100%)
[2024-07-24T23:00:51.444+0800][11.867s][gc,heap     ] GC(154)                Mark Start          Mark End        Relocate Start      Relocate End           High               Low         
[2024-07-24T23:00:51.444+0800][11.867s][gc,heap     ] GC(154)  Capacity:      128M (100%)        128M (100%)        128M (100%)        128M (100%)        128M (100%)        128M (100%)   
[2024-07-24T23:00:51.445+0800][11.867s][gc,heap     ] GC(154)      Free:        0M (0%)            0M (0%)          100M (78%)          94M (73%)         102M (80%)           0M (0%)     
[2024-07-24T23:00:51.445+0800][11.867s][gc,heap     ] GC(154)      Used:      128M (100%)        128M (100%)         28M (22%)          34M (27%)         128M (100%)         26M (20%)    
[2024-07-24T23:00:51.445+0800][11.867s][gc,heap     ] GC(154)      Live:         -                25M (20%)          25M (20%)          25M (20%)            -                  -          
[2024-07-24T23:00:51.445+0800][11.867s][gc,heap     ] GC(154) Allocated:         -                 0M (0%)            2M (2%)            8M (6%)             -                  -          
[2024-07-24T23:00:51.445+0800][11.867s][gc,heap     ] GC(154)   Garbage:         -               102M (80%)           0M (1%)            0M (1%)             -                  -          
[2024-07-24T23:00:51.445+0800][11.867s][gc,heap     ] GC(154) Reclaimed:         -                  -               102M (80%)         102M (80%)            -                  -          
[2024-07-24T23:00:51.445+0800][11.867s][gc          ] GC(154) Garbage Collection (Allocation Rate) 128M(100%)->34M(27%)
[2024-07-24T23:00:51.533+0800][11.955s][gc,start    ] GC(155) Garbage Collection (Allocation Stall)
[2024-07-24T23:00:51.533+0800][11.955s][gc,ref      ] GC(155) Clearing All SoftReferences
[2024-07-24T23:00:51.533+0800][11.955s][gc,task     ] GC(155) Using 1 workers
[2024-07-24T23:00:51.533+0800][11.955s][gc,ref      ] GC(155) Clearing All SoftReferences
[2024-07-24T23:00:51.533+0800][11.955s][gc,phases   ] GC(155) Pause Mark Start 0.035ms
[2024-07-24T23:00:51.536+0800][11.958s][gc,phases   ] GC(155) Concurrent Mark 2.105ms
[2024-07-24T23:00:51.536+0800][11.958s][gc,phases   ] GC(155) Pause Mark End 0.005ms
[2024-07-24T23:00:51.536+0800][11.958s][gc,phases   ] GC(155) Concurrent Mark Free 0.001ms
[2024-07-24T23:00:51.537+0800][11.959s][gc,phases   ] GC(155) Concurrent Process Non-Strong References 0.925ms
[2024-07-24T23:00:51.537+0800][11.959s][gc,phases   ] GC(155) Concurrent Reset Relocation Set 0.000ms
[2024-07-24T23:00:51.539+0800][11.961s][gc          ] Allocation Stall (main) 5.824ms
[2024-07-24T23:00:51.539+0800][11.961s][gc,phases   ] GC(155) Concurrent Select Relocation Set 2.101ms
[2024-07-24T23:00:51.539+0800][11.961s][gc,phases   ] GC(155) Pause Relocate Start 0.005ms
[2024-07-24T23:00:51.539+0800][11.961s][gc,phases   ] GC(155) Concurrent Relocate 0.102ms
[2024-07-24T23:00:51.540+0800][11.962s][gc,load     ] GC(155) Load: 0.00/0.00/0.00
[2024-07-24T23:00:51.540+0800][11.962s][gc,mmu      ] GC(155) MMU: 2ms/94.0%, 5ms/97.6%, 10ms/98.7%, 20ms/99.2%, 50ms/99.7%, 100ms/99.8%
[2024-07-24T23:00:51.540+0800][11.962s][gc,marking  ] GC(155) Mark: 1 stripe(s), 1 proactive flush(es), 1 terminate flush(es), 0 completion(s), 0 continuation(s) 
[2024-07-24T23:00:51.540+0800][11.962s][gc,marking  ] GC(155) Mark Stack Usage: 32M
[2024-07-24T23:00:51.540+0800][11.962s][gc,nmethod  ] GC(155) NMethods: 299 registered, 0 unregistered
[2024-07-24T23:00:51.540+0800][11.962s][gc,metaspace] GC(155) Metaspace: 0M used, 0M committed, 1088M reserved
[2024-07-24T23:00:51.540+0800][11.962s][gc,ref      ] GC(155) Soft: 62 encountered, 37 discovered, 0 enqueued
[2024-07-24T23:00:51.540+0800][11.962s][gc,ref      ] GC(155) Weak: 187 encountered, 170 discovered, 0 enqueued
[2024-07-24T23:00:51.540+0800][11.962s][gc,ref      ] GC(155) Final: 0 encountered, 0 discovered, 0 enqueued
[2024-07-24T23:00:51.540+0800][11.962s][gc,ref      ] GC(155) Phantom: 1 encountered, 0 discovered, 0 enqueued
[2024-07-24T23:00:51.540+0800][11.962s][gc,reloc    ] GC(155) Small Pages: 2 / 4M, Empty: 2M, Relocated: 0M, In-Place: 0
[2024-07-24T23:00:51.540+0800][11.962s][gc,reloc    ] GC(155) Medium Pages: 0 / 0M, Empty: 0M, Relocated: 0M, In-Place: 0
[2024-07-24T23:00:51.540+0800][11.962s][gc,reloc    ] GC(155) Large Pages: 62 / 124M, Empty: 120M, Relocated: 0M, In-Place: 0
[2024-07-24T23:00:51.540+0800][11.962s][gc,reloc    ] GC(155) Forwarding Usage: 0M
[2024-07-24T23:00:51.540+0800][11.962s][gc,heap     ] GC(155) Min Capacity: 8M(6%)
[2024-07-24T23:00:51.540+0800][11.962s][gc,heap     ] GC(155) Max Capacity: 128M(100%)
[2024-07-24T23:00:51.540+0800][11.962s][gc,heap     ] GC(155) Soft Max Capacity: 128M(100%)
[2024-07-24T23:00:51.540+0800][11.962s][gc,heap     ] GC(155)                Mark Start          Mark End        Relocate Start      Relocate End           High               Low         
[2024-07-24T23:00:51.540+0800][11.962s][gc,heap     ] GC(155)  Capacity:      128M (100%)        128M (100%)        128M (100%)        128M (100%)        128M (100%)        128M (100%)   
[2024-07-24T23:00:51.540+0800][11.962s][gc,heap     ] GC(155)      Free:        0M (0%)            0M (0%)          120M (94%)         120M (94%)         122M (95%)           0M (0%)     
[2024-07-24T23:00:51.540+0800][11.962s][gc,heap     ] GC(155)      Used:      128M (100%)        128M (100%)          8M (6%)            8M (6%)          128M (100%)          6M (5%)     
[2024-07-24T23:00:51.540+0800][11.962s][gc,heap     ] GC(155)      Live:         -                 5M (4%)            5M (4%)            5M (4%)             -                  -          
[2024-07-24T23:00:51.540+0800][11.962s][gc,heap     ] GC(155) Allocated:         -                 0M (0%)            2M (2%)            2M (2%)             -                  -          
[2024-07-24T23:00:51.540+0800][11.962s][gc,heap     ] GC(155)   Garbage:         -               122M (96%)           0M (1%)            0M (1%)             -                  -          
[2024-07-24T23:00:51.540+0800][11.962s][gc,heap     ] GC(155) Reclaimed:         -                  -               122M (95%)         122M (95%)            -                  -          
[2024-07-24T23:00:51.540+0800][11.962s][gc          ] GC(155) Garbage Collection (Allocation Stall) 128M(100%)->8M(6%)
[2024-07-24T23:00:51.642+0800][12.064s][gc,start    ] GC(156) Garbage Collection (Allocation Rate)
[2024-07-24T23:00:51.643+0800][12.064s][gc,task     ] GC(156) Using 1 workers
[2024-07-24T23:00:51.643+0800][12.064s][gc,ref      ] GC(156) Clearing All SoftReferences
[2024-07-24T23:00:51.643+0800][12.064s][gc,phases   ] GC(156) Pause Mark Start 0.053ms
[2024-07-24T23:00:51.645+0800][12.066s][gc,phases   ] GC(156) Concurrent Mark 2.023ms
[2024-07-24T23:00:51.645+0800][12.067s][gc,phases   ] GC(156) Pause Mark End 0.008ms
[2024-07-24T23:00:51.645+0800][12.067s][gc,phases   ] GC(156) Concurrent Mark Free 0.001ms
[2024-07-24T23:00:51.646+0800][12.068s][gc,phases   ] GC(156) Concurrent Process Non-Strong References 0.944ms
[2024-07-24T23:00:51.646+0800][12.068s][gc,phases   ] GC(156) Concurrent Reset Relocation Set 0.000ms
[2024-07-24T23:00:51.647+0800][12.069s][gc          ] Allocation Stall (main) 5.224ms
[2024-07-24T23:00:51.648+0800][12.069s][gc,phases   ] GC(156) Concurrent Select Relocation Set 1.677ms
[2024-07-24T23:00:51.648+0800][12.070s][gc,phases   ] GC(156) Pause Relocate Start 0.005ms
[2024-07-24T23:00:51.648+0800][12.070s][gc,phases   ] GC(156) Concurrent Relocate 0.113ms
[2024-07-24T23:00:51.648+0800][12.070s][gc,load     ] GC(156) Load: 0.00/0.00/0.00
[2024-07-24T23:00:51.648+0800][12.070s][gc,mmu      ] GC(156) MMU: 2ms/94.0%, 5ms/97.6%, 10ms/98.7%, 20ms/99.2%, 50ms/99.7%, 100ms/99.8%
[2024-07-24T23:00:51.648+0800][12.070s][gc,marking  ] GC(156) Mark: 1 stripe(s), 1 proactive flush(es), 1 terminate flush(es), 0 completion(s), 0 continuation(s) 
[2024-07-24T23:00:51.648+0800][12.070s][gc,marking  ] GC(156) Mark Stack Usage: 32M
[2024-07-24T23:00:51.648+0800][12.070s][gc,nmethod  ] GC(156) NMethods: 299 registered, 0 unregistered
[2024-07-24T23:00:51.648+0800][12.070s][gc,metaspace] GC(156) Metaspace: 0M used, 0M committed, 1088M reserved
[2024-07-24T23:00:51.648+0800][12.070s][gc,ref      ] GC(156) Soft: 62 encountered, 37 discovered, 0 enqueued
[2024-07-24T23:00:51.648+0800][12.070s][gc,ref      ] GC(156) Weak: 187 encountered, 170 discovered, 0 enqueued
[2024-07-24T23:00:51.648+0800][12.070s][gc,ref      ] GC(156) Final: 0 encountered, 0 discovered, 0 enqueued
[2024-07-24T23:00:51.648+0800][12.070s][gc,ref      ] GC(156) Phantom: 1 encountered, 0 discovered, 0 enqueued
[2024-07-24T23:00:51.648+0800][12.070s][gc,reloc    ] GC(156) Small Pages: 2 / 4M, Empty: 2M, Relocated: 0M, In-Place: 0
[2024-07-24T23:00:51.648+0800][12.070s][gc,reloc    ] GC(156) Medium Pages: 0 / 0M, Empty: 0M, Relocated: 0M, In-Place: 0
[2024-07-24T23:00:51.648+0800][12.070s][gc,reloc    ] GC(156) Large Pages: 62 / 124M, Empty: 120M, Relocated: 0M, In-Place: 0
[2024-07-24T23:00:51.648+0800][12.070s][gc,reloc    ] GC(156) Forwarding Usage: 0M
[2024-07-24T23:00:51.648+0800][12.070s][gc,heap     ] GC(156) Min Capacity: 8M(6%)
[2024-07-24T23:00:51.648+0800][12.070s][gc,heap     ] GC(156) Max Capacity: 128M(100%)
[2024-07-24T23:00:51.648+0800][12.070s][gc,heap     ] GC(156) Soft Max Capacity: 128M(100%)
[2024-07-24T23:00:51.648+0800][12.070s][gc,heap     ] GC(156)                Mark Start          Mark End        Relocate Start      Relocate End           High               Low         
[2024-07-24T23:00:51.648+0800][12.070s][gc,heap     ] GC(156)  Capacity:      128M (100%)        128M (100%)        128M (100%)        128M (100%)        128M (100%)        128M (100%)   
[2024-07-24T23:00:51.648+0800][12.070s][gc,heap     ] GC(156)      Free:        0M (0%)            0M (0%)          118M (92%)         112M (88%)         122M (95%)           0M (0%)     
[2024-07-24T23:00:51.648+0800][12.070s][gc,heap     ] GC(156)      Used:      128M (100%)        128M (100%)         10M (8%)           16M (12%)         128M (100%)          6M (5%)     
[2024-07-24T23:00:51.648+0800][12.070s][gc,heap     ] GC(156)      Live:         -                 5M (4%)            5M (4%)            5M (4%)             -                  -          
[2024-07-24T23:00:51.648+0800][12.070s][gc,heap     ] GC(156) Allocated:         -                 0M (0%)            4M (3%)           10M (8%)             -                  -          
[2024-07-24T23:00:51.648+0800][12.070s][gc,heap     ] GC(156)   Garbage:         -               122M (96%)           0M (1%)            0M (1%)             -                  -          
[2024-07-24T23:00:51.648+0800][12.070s][gc,heap     ] GC(156) Reclaimed:         -                  -               122M (95%)         122M (95%)            -                  -          
[2024-07-24T23:00:51.648+0800][12.070s][gc          ] GC(156) Garbage Collection (Allocation Rate) 128M(100%)->16M(12%)
[2024-07-24T23:00:51.738+0800][12.160s][gc,start    ] GC(157) Garbage Collection (Allocation Rate)
[2024-07-24T23:00:51.738+0800][12.160s][gc,task     ] GC(157) Using 1 workers
[2024-07-24T23:00:51.738+0800][12.160s][gc,phases   ] GC(157) Pause Mark Start 0.015ms
[2024-07-24T23:00:51.741+0800][12.163s][gc,phases   ] GC(157) Concurrent Mark 2.160ms
[2024-07-24T23:00:51.741+0800][12.163s][gc,phases   ] GC(157) Pause Mark End 0.008ms
[2024-07-24T23:00:51.741+0800][12.163s][gc,phases   ] GC(157) Concurrent Mark Free 0.001ms
[2024-07-24T23:00:51.742+0800][12.164s][gc,phases   ] GC(157) Concurrent Process Non-Strong References 0.805ms
[2024-07-24T23:00:51.742+0800][12.164s][gc,phases   ] GC(157) Concurrent Reset Relocation Set 0.001ms
[2024-07-24T23:00:51.744+0800][12.166s][gc,phases   ] GC(157) Concurrent Select Relocation Set 1.719ms
[2024-07-24T23:00:51.744+0800][12.166s][gc,phases   ] GC(157) Pause Relocate Start 0.004ms
[2024-07-24T23:00:51.744+0800][12.166s][gc,phases   ] GC(157) Concurrent Relocate 0.115ms
[2024-07-24T23:00:51.744+0800][12.166s][gc,load     ] GC(157) Load: 0.00/0.00/0.00
[2024-07-24T23:00:51.744+0800][12.166s][gc,mmu      ] GC(157) MMU: 2ms/94.0%, 5ms/97.6%, 10ms/98.7%, 20ms/99.2%, 50ms/99.7%, 100ms/99.8%
[2024-07-24T23:00:51.744+0800][12.166s][gc,marking  ] GC(157) Mark: 1 stripe(s), 2 proactive flush(es), 1 terminate flush(es), 0 completion(s), 0 continuation(s) 
[2024-07-24T23:00:51.744+0800][12.166s][gc,marking  ] GC(157) Mark Stack Usage: 32M
[2024-07-24T23:00:51.744+0800][12.166s][gc,nmethod  ] GC(157) NMethods: 299 registered, 0 unregistered
[2024-07-24T23:00:51.744+0800][12.166s][gc,metaspace] GC(157) Metaspace: 0M used, 0M committed, 1088M reserved
[2024-07-24T23:00:51.744+0800][12.166s][gc,ref      ] GC(157) Soft: 62 encountered, 0 discovered, 0 enqueued
[2024-07-24T23:00:51.744+0800][12.166s][gc,ref      ] GC(157) Weak: 187 encountered, 170 discovered, 0 enqueued
[2024-07-24T23:00:51.744+0800][12.166s][gc,ref      ] GC(157) Final: 0 encountered, 0 discovered, 0 enqueued
[2024-07-24T23:00:51.744+0800][12.166s][gc,ref      ] GC(157) Phantom: 1 encountered, 0 discovered, 0 enqueued
[2024-07-24T23:00:51.744+0800][12.166s][gc,reloc    ] GC(157) Small Pages: 2 / 4M, Empty: 2M, Relocated: 0M, In-Place: 0
[2024-07-24T23:00:51.744+0800][12.166s][gc,reloc    ] GC(157) Medium Pages: 0 / 0M, Empty: 0M, Relocated: 0M, In-Place: 0
[2024-07-24T23:00:51.744+0800][12.166s][gc,reloc    ] GC(157) Large Pages: 53 / 106M, Empty: 104M, Relocated: 0M, In-Place: 0
[2024-07-24T23:00:51.744+0800][12.166s][gc,reloc    ] GC(157) Forwarding Usage: 0M
[2024-07-24T23:00:51.744+0800][12.166s][gc,heap     ] GC(157) Min Capacity: 8M(6%)
[2024-07-24T23:00:51.744+0800][12.166s][gc,heap     ] GC(157) Max Capacity: 128M(100%)
[2024-07-24T23:00:51.744+0800][12.166s][gc,heap     ] GC(157) Soft Max Capacity: 128M(100%)
[2024-07-24T23:00:51.744+0800][12.166s][gc,heap     ] GC(157)                Mark Start          Mark End        Relocate Start      Relocate End           High               Low         
[2024-07-24T23:00:51.744+0800][12.166s][gc,heap     ] GC(157)  Capacity:      128M (100%)        128M (100%)        128M (100%)        128M (100%)        128M (100%)        128M (100%)   
[2024-07-24T23:00:51.744+0800][12.166s][gc,heap     ] GC(157)      Free:       18M (14%)           2M (2%)          108M (84%)         108M (84%)         108M (84%)           2M (2%)     
[2024-07-24T23:00:51.744+0800][12.166s][gc,heap     ] GC(157)      Used:      110M (86%)         126M (98%)          20M (16%)          20M (16%)         126M (98%)          20M (16%)    
[2024-07-24T23:00:51.744+0800][12.166s][gc,heap     ] GC(157)      Live:         -                 3M (3%)            3M (3%)            3M (3%)             -                  -          
[2024-07-24T23:00:51.744+0800][12.166s][gc,heap     ] GC(157) Allocated:         -                16M (12%)          16M (12%)          16M (12%)            -                  -          
[2024-07-24T23:00:51.744+0800][12.166s][gc,heap     ] GC(157)   Garbage:         -               106M (83%)           0M (1%)            0M (1%)             -                  -          
[2024-07-24T23:00:51.744+0800][12.166s][gc,heap     ] GC(157) Reclaimed:         -                  -               106M (83%)         106M (83%)            -                  -          
[2024-07-24T23:00:51.744+0800][12.166s][gc          ] GC(157) Garbage Collection (Allocation Rate) 110M(86%)->20M(16%)
[2024-07-24T23:00:51.831+0800][12.253s][gc,start    ] GC(158) Garbage Collection (Allocation Stall)
[2024-07-24T23:00:51.831+0800][12.253s][gc,ref      ] GC(158) Clearing All SoftReferences
[2024-07-24T23:00:51.831+0800][12.253s][gc,task     ] GC(158) Using 1 workers
[2024-07-24T23:00:51.831+0800][12.253s][gc,ref      ] GC(158) Clearing All SoftReferences
[2024-07-24T23:00:51.831+0800][12.253s][gc,phases   ] GC(158) Pause Mark Start 0.034ms
[2024-07-24T23:00:51.834+0800][12.256s][gc,phases   ] GC(158) Concurrent Mark 2.638ms
[2024-07-24T23:00:51.834+0800][12.256s][gc,phases   ] GC(158) Pause Mark End 0.019ms
[2024-07-24T23:00:51.834+0800][12.256s][gc,phases   ] GC(158) Concurrent Mark Free 0.001ms
[2024-07-24T23:00:51.835+0800][12.257s][gc,phases   ] GC(158) Concurrent Process Non-Strong References 0.912ms
[2024-07-24T23:00:51.835+0800][12.257s][gc,phases   ] GC(158) Concurrent Reset Relocation Set 0.000ms
[2024-07-24T23:00:51.837+0800][12.259s][gc          ] Allocation Stall (main) 5.848ms
[2024-07-24T23:00:51.837+0800][12.259s][gc,phases   ] GC(158) Concurrent Select Relocation Set 1.462ms
[2024-07-24T23:00:51.837+0800][12.259s][gc,phases   ] GC(158) Pause Relocate Start 0.004ms
[2024-07-24T23:00:51.837+0800][12.259s][gc,phases   ] GC(158) Concurrent Relocate 0.104ms
[2024-07-24T23:00:51.837+0800][12.259s][gc,load     ] GC(158) Load: 0.00/0.00/0.00
[2024-07-24T23:00:51.837+0800][12.259s][gc,mmu      ] GC(158) MMU: 2ms/94.0%, 5ms/97.6%, 10ms/98.7%, 20ms/99.2%, 50ms/99.7%, 100ms/99.8%
[2024-07-24T23:00:51.837+0800][12.259s][gc,marking  ] GC(158) Mark: 1 stripe(s), 1 proactive flush(es), 1 terminate flush(es), 0 completion(s), 0 continuation(s) 
[2024-07-24T23:00:51.837+0800][12.260s][gc,marking  ] GC(158) Mark Stack Usage: 32M
[2024-07-24T23:00:51.838+0800][12.260s][gc,nmethod  ] GC(158) NMethods: 299 registered, 0 unregistered
[2024-07-24T23:00:51.838+0800][12.260s][gc,metaspace] GC(158) Metaspace: 0M used, 0M committed, 1088M reserved
[2024-07-24T23:00:51.838+0800][12.260s][gc,ref      ] GC(158) Soft: 62 encountered, 37 discovered, 0 enqueued
[2024-07-24T23:00:51.838+0800][12.260s][gc,ref      ] GC(158) Weak: 187 encountered, 170 discovered, 0 enqueued
[2024-07-24T23:00:51.838+0800][12.260s][gc,ref      ] GC(158) Final: 0 encountered, 0 discovered, 0 enqueued
[2024-07-24T23:00:51.838+0800][12.260s][gc,ref      ] GC(158) Phantom: 1 encountered, 0 discovered, 0 enqueued
[2024-07-24T23:00:51.838+0800][12.260s][gc,reloc    ] GC(158) Small Pages: 2 / 4M, Empty: 2M, Relocated: 0M, In-Place: 0
[2024-07-24T23:00:51.838+0800][12.260s][gc,reloc    ] GC(158) Medium Pages: 0 / 0M, Empty: 0M, Relocated: 0M, In-Place: 0
[2024-07-24T23:00:51.838+0800][12.260s][gc,reloc    ] GC(158) Large Pages: 62 / 124M, Empty: 96M, Relocated: 0M, In-Place: 0
[2024-07-24T23:00:51.838+0800][12.260s][gc,reloc    ] GC(158) Forwarding Usage: 0M
[2024-07-24T23:00:51.838+0800][12.260s][gc,heap     ] GC(158) Min Capacity: 8M(6%)
[2024-07-24T23:00:51.838+0800][12.260s][gc,heap     ] GC(158) Max Capacity: 128M(100%)
[2024-07-24T23:00:51.838+0800][12.260s][gc,heap     ] GC(158) Soft Max Capacity: 128M(100%)
[2024-07-24T23:00:51.838+0800][12.260s][gc,heap     ] GC(158)                Mark Start          Mark End        Relocate Start      Relocate End           High               Low         
[2024-07-24T23:00:51.838+0800][12.260s][gc,heap     ] GC(158)  Capacity:      128M (100%)        128M (100%)        128M (100%)        128M (100%)        128M (100%)        128M (100%)   
[2024-07-24T23:00:51.838+0800][12.260s][gc,heap     ] GC(158)      Free:        0M (0%)            0M (0%)           94M (73%)          90M (70%)          98M (77%)           0M (0%)     
[2024-07-24T23:00:51.838+0800][12.260s][gc,heap     ] GC(158)      Used:      128M (100%)        128M (100%)         34M (27%)          38M (30%)         128M (100%)         30M (23%)    
[2024-07-24T23:00:51.838+0800][12.260s][gc,heap     ] GC(158)      Live:         -                29M (23%)          29M (23%)          29M (23%)            -                  -          
[2024-07-24T23:00:51.838+0800][12.260s][gc,heap     ] GC(158) Allocated:         -                 0M (0%)            4M (3%)            8M (6%)             -                  -          
[2024-07-24T23:00:51.838+0800][12.260s][gc,heap     ] GC(158)   Garbage:         -                98M (77%)           0M (1%)            0M (1%)             -                  -          
[2024-07-24T23:00:51.838+0800][12.260s][gc,heap     ] GC(158) Reclaimed:         -                  -                98M (77%)          98M (77%)            -                  -          
[2024-07-24T23:00:51.838+0800][12.260s][gc          ] GC(158) Garbage Collection (Allocation Stall) 128M(100%)->38M(30%)
[2024-07-24T23:00:51.847+0800][12.268s][gc,start    ] GC(159) Garbage Collection (Allocation Rate)
[2024-07-24T23:00:51.847+0800][12.268s][gc,task     ] GC(159) Using 1 workers
[2024-07-24T23:00:51.847+0800][12.268s][gc,phases   ] GC(159) Pause Mark Start 0.007ms
[2024-07-24T23:00:51.849+0800][12.271s][gc,phases   ] GC(159) Concurrent Mark 2.152ms
[2024-07-24T23:00:51.849+0800][12.271s][gc,phases   ] GC(159) Pause Mark End 0.006ms
[2024-07-24T23:00:51.849+0800][12.271s][gc,phases   ] GC(159) Concurrent Mark Free 0.001ms
[2024-07-24T23:00:51.850+0800][12.272s][gc,phases   ] GC(159) Concurrent Process Non-Strong References 0.972ms
[2024-07-24T23:00:51.850+0800][12.272s][gc,phases   ] GC(159) Concurrent Reset Relocation Set 0.000ms
[2024-07-24T23:00:51.852+0800][12.274s][gc,phases   ] GC(159) Concurrent Select Relocation Set 1.565ms
[2024-07-24T23:00:51.852+0800][12.274s][gc,phases   ] GC(159) Pause Relocate Start 0.006ms
[2024-07-24T23:00:51.853+0800][12.275s][gc,phases   ] GC(159) Concurrent Relocate 0.981ms
[2024-07-24T23:00:51.853+0800][12.275s][gc,load     ] GC(159) Load: 0.00/0.00/0.00
[2024-07-24T23:00:51.853+0800][12.275s][gc,mmu      ] GC(159) MMU: 2ms/94.0%, 5ms/97.6%, 10ms/98.7%, 20ms/99.2%, 50ms/99.7%, 100ms/99.8%
[2024-07-24T23:00:51.853+0800][12.275s][gc,marking  ] GC(159) Mark: 1 stripe(s), 1 proactive flush(es), 1 terminate flush(es), 0 completion(s), 0 continuation(s) 
[2024-07-24T23:00:51.853+0800][12.275s][gc,marking  ] GC(159) Mark Stack Usage: 32M
[2024-07-24T23:00:51.853+0800][12.275s][gc,nmethod  ] GC(159) NMethods: 299 registered, 0 unregistered
[2024-07-24T23:00:51.853+0800][12.275s][gc,metaspace] GC(159) Metaspace: 0M used, 0M committed, 1088M reserved
[2024-07-24T23:00:51.853+0800][12.275s][gc,ref      ] GC(159) Soft: 62 encountered, 0 discovered, 0 enqueued
[2024-07-24T23:00:51.853+0800][12.275s][gc,ref      ] GC(159) Weak: 187 encountered, 170 discovered, 0 enqueued
[2024-07-24T23:00:51.853+0800][12.275s][gc,ref      ] GC(159) Final: 0 encountered, 0 discovered, 0 enqueued
[2024-07-24T23:00:51.853+0800][12.275s][gc,ref      ] GC(159) Phantom: 1 encountered, 0 discovered, 0 enqueued
[2024-07-24T23:00:51.853+0800][12.275s][gc,reloc    ] GC(159) Small Pages: 2 / 4M, Empty: 0M, Relocated: 1M, In-Place: 0
[2024-07-24T23:00:51.853+0800][12.275s][gc,reloc    ] GC(159) Medium Pages: 0 / 0M, Empty: 0M, Relocated: 0M, In-Place: 0
[2024-07-24T23:00:51.853+0800][12.275s][gc,reloc    ] GC(159) Large Pages: 20 / 40M, Empty: 40M, Relocated: 0M, In-Place: 0
[2024-07-24T23:00:51.853+0800][12.275s][gc,reloc    ] GC(159) Forwarding Usage: 0M
[2024-07-24T23:00:51.853+0800][12.275s][gc,heap     ] GC(159) Min Capacity: 8M(6%)
[2024-07-24T23:00:51.853+0800][12.275s][gc,heap     ] GC(159) Max Capacity: 128M(100%)
[2024-07-24T23:00:51.853+0800][12.275s][gc,heap     ] GC(159) Soft Max Capacity: 128M(100%)
[2024-07-24T23:00:51.853+0800][12.275s][gc,heap     ] GC(159)                Mark Start          Mark End        Relocate Start      Relocate End           High               Low         
[2024-07-24T23:00:51.853+0800][12.275s][gc,heap     ] GC(159)  Capacity:      128M (100%)        128M (100%)        128M (100%)        128M (100%)        128M (100%)        128M (100%)   
[2024-07-24T23:00:51.853+0800][12.275s][gc,heap     ] GC(159)      Free:       84M (66%)          84M (66%)         124M (97%)         126M (98%)         126M (98%)          84M (66%)    
[2024-07-24T23:00:51.853+0800][12.275s][gc,heap     ] GC(159)      Used:       44M (34%)          44M (34%)           4M (3%)            2M (2%)           44M (34%)           2M (2%)     
[2024-07-24T23:00:51.853+0800][12.275s][gc,heap     ] GC(159)      Live:         -                 1M (1%)            1M (1%)            1M (1%)             -                  -          
[2024-07-24T23:00:51.853+0800][12.275s][gc,heap     ] GC(159) Allocated:         -                 0M (0%)            0M (0%)            0M (0%)             -                  -          
[2024-07-24T23:00:51.853+0800][12.275s][gc,heap     ] GC(159)   Garbage:         -                42M (33%)           2M (2%)            0M (1%)             -                  -          
[2024-07-24T23:00:51.853+0800][12.275s][gc,heap     ] GC(159) Reclaimed:         -                  -                40M (31%)          42M (33%)            -                  -          
[2024-07-24T23:00:51.853+0800][12.275s][gc          ] GC(159) Garbage Collection (Allocation Rate) 44M(34%)->2M(2%)
[2024-07-24T23:00:51.942+0800][12.363s][gc,start    ] GC(160) Garbage Collection (Allocation Rate)
[2024-07-24T23:00:51.942+0800][12.364s][gc,task     ] GC(160) Using 1 workers
[2024-07-24T23:00:51.943+0800][12.364s][gc,phases   ] GC(160) Pause Mark Start 0.009ms
[2024-07-24T23:00:51.946+0800][12.367s][gc,phases   ] GC(160) Concurrent Mark 3.260ms
[2024-07-24T23:00:51.946+0800][12.368s][gc,phases   ] GC(160) Pause Mark End 0.015ms
[2024-07-24T23:00:51.946+0800][12.368s][gc,phases   ] GC(160) Concurrent Mark Free 0.001ms
[2024-07-24T23:00:51.947+0800][12.369s][gc,phases   ] GC(160) Concurrent Process Non-Strong References 0.926ms
[2024-07-24T23:00:51.947+0800][12.369s][gc,phases   ] GC(160) Concurrent Reset Relocation Set 0.001ms
[2024-07-24T23:00:51.949+0800][12.370s][gc,phases   ] GC(160) Concurrent Select Relocation Set 1.649ms
[2024-07-24T23:00:51.949+0800][12.371s][gc,phases   ] GC(160) Pause Relocate Start 0.004ms
[2024-07-24T23:00:51.949+0800][12.371s][gc,phases   ] GC(160) Concurrent Relocate 0.110ms
[2024-07-24T23:00:51.949+0800][12.371s][gc,load     ] GC(160) Load: 0.00/0.00/0.00
[2024-07-24T23:00:51.949+0800][12.371s][gc,mmu      ] GC(160) MMU: 2ms/94.0%, 5ms/97.6%, 10ms/98.7%, 20ms/99.2%, 50ms/99.7%, 100ms/99.8%
[2024-07-24T23:00:51.949+0800][12.371s][gc,marking  ] GC(160) Mark: 1 stripe(s), 2 proactive flush(es), 1 terminate flush(es), 0 completion(s), 0 continuation(s) 
[2024-07-24T23:00:51.949+0800][12.371s][gc,marking  ] GC(160) Mark Stack Usage: 32M
[2024-07-24T23:00:51.949+0800][12.371s][gc,nmethod  ] GC(160) NMethods: 299 registered, 0 unregistered
[2024-07-24T23:00:51.949+0800][12.371s][gc,metaspace] GC(160) Metaspace: 0M used, 0M committed, 1088M reserved
[2024-07-24T23:00:51.950+0800][12.371s][gc,ref      ] GC(160) Soft: 62 encountered, 0 discovered, 0 enqueued
[2024-07-24T23:00:51.950+0800][12.371s][gc,ref      ] GC(160) Weak: 187 encountered, 170 discovered, 0 enqueued
[2024-07-24T23:00:51.950+0800][12.371s][gc,ref      ] GC(160) Final: 0 encountered, 0 discovered, 0 enqueued
[2024-07-24T23:00:51.950+0800][12.371s][gc,ref      ] GC(160) Phantom: 1 encountered, 0 discovered, 0 enqueued
[2024-07-24T23:00:51.950+0800][12.371s][gc,reloc    ] GC(160) Small Pages: 2 / 4M, Empty: 2M, Relocated: 0M, In-Place: 0
[2024-07-24T23:00:51.950+0800][12.371s][gc,reloc    ] GC(160) Medium Pages: 0 / 0M, Empty: 0M, Relocated: 0M, In-Place: 0
[2024-07-24T23:00:51.950+0800][12.371s][gc,reloc    ] GC(160) Large Pages: 53 / 106M, Empty: 104M, Relocated: 0M, In-Place: 0
[2024-07-24T23:00:51.950+0800][12.371s][gc,reloc    ] GC(160) Forwarding Usage: 0M
[2024-07-24T23:00:51.950+0800][12.371s][gc,heap     ] GC(160) Min Capacity: 8M(6%)
[2024-07-24T23:00:51.950+0800][12.371s][gc,heap     ] GC(160) Max Capacity: 128M(100%)
[2024-07-24T23:00:51.950+0800][12.371s][gc,heap     ] GC(160) Soft Max Capacity: 128M(100%)
[2024-07-24T23:00:51.950+0800][12.371s][gc,heap     ] GC(160)                Mark Start          Mark End        Relocate Start      Relocate End           High               Low         
[2024-07-24T23:00:51.950+0800][12.371s][gc,heap     ] GC(160)  Capacity:      128M (100%)        128M (100%)        128M (100%)        128M (100%)        128M (100%)        128M (100%)   
[2024-07-24T23:00:51.950+0800][12.371s][gc,heap     ] GC(160)      Free:       18M (14%)           2M (2%)          108M (84%)         108M (84%)         108M (84%)           2M (2%)     
[2024-07-24T23:00:51.950+0800][12.371s][gc,heap     ] GC(160)      Used:      110M (86%)         126M (98%)          20M (16%)          20M (16%)         126M (98%)          20M (16%)    
[2024-07-24T23:00:51.950+0800][12.371s][gc,heap     ] GC(160)      Live:         -                 3M (3%)            3M (3%)            3M (3%)             -                  -          
[2024-07-24T23:00:51.950+0800][12.371s][gc,heap     ] GC(160) Allocated:         -                16M (12%)          16M (12%)          16M (12%)            -                  -          
[2024-07-24T23:00:51.950+0800][12.371s][gc,heap     ] GC(160)   Garbage:         -               106M (83%)           0M (1%)            0M (1%)             -                  -          
[2024-07-24T23:00:51.950+0800][12.371s][gc,heap     ] GC(160) Reclaimed:         -                  -               106M (83%)         106M (83%)            -                  -          
[2024-07-24T23:00:51.950+0800][12.371s][gc          ] GC(160) Garbage Collection (Allocation Rate) 110M(86%)->20M(16%)
[2024-07-24T23:00:52.036+0800][12.457s][gc,start    ] GC(161) Garbage Collection (Allocation Rate)
[2024-07-24T23:00:52.036+0800][12.457s][gc,task     ] GC(161) Using 1 workers
[2024-07-24T23:00:52.036+0800][12.457s][gc,phases   ] GC(161) Pause Mark Start 0.005ms
[2024-07-24T23:00:52.039+0800][12.460s][gc,phases   ] GC(161) Concurrent Mark 2.732ms
[2024-07-24T23:00:52.039+0800][12.460s][gc,phases   ] GC(161) Pause Mark End 0.006ms
[2024-07-24T23:00:52.039+0800][12.461s][gc,phases   ] GC(161) Concurrent Mark Free 0.001ms
[2024-07-24T23:00:52.040+0800][12.461s][gc,phases   ] GC(161) Concurrent Process Non-Strong References 0.869ms
[2024-07-24T23:00:52.040+0800][12.462s][gc,phases   ] GC(161) Concurrent Reset Relocation Set 0.000ms
[2024-07-24T23:00:52.042+0800][12.464s][gc          ] Allocation Stall (main) 5.433ms
[2024-07-24T23:00:52.042+0800][12.464s][gc,phases   ] GC(161) Concurrent Select Relocation Set 2.127ms
[2024-07-24T23:00:52.043+0800][12.464s][gc,phases   ] GC(161) Pause Relocate Start 0.007ms
[2024-07-24T23:00:52.043+0800][12.464s][gc,phases   ] GC(161) Concurrent Relocate 0.108ms
[2024-07-24T23:00:52.043+0800][12.464s][gc,load     ] GC(161) Load: 0.00/0.00/0.00
[2024-07-24T23:00:52.043+0800][12.464s][gc,mmu      ] GC(161) MMU: 2ms/94.0%, 5ms/97.6%, 10ms/98.7%, 20ms/99.2%, 50ms/99.7%, 100ms/99.8%
[2024-07-24T23:00:52.043+0800][12.464s][gc,marking  ] GC(161) Mark: 1 stripe(s), 2 proactive flush(es), 1 terminate flush(es), 0 completion(s), 0 continuation(s) 
[2024-07-24T23:00:52.043+0800][12.464s][gc,marking  ] GC(161) Mark Stack Usage: 32M
[2024-07-24T23:00:52.043+0800][12.464s][gc,nmethod  ] GC(161) NMethods: 299 registered, 0 unregistered
[2024-07-24T23:00:52.043+0800][12.464s][gc,metaspace] GC(161) Metaspace: 0M used, 0M committed, 1088M reserved
[2024-07-24T23:00:52.043+0800][12.464s][gc,ref      ] GC(161) Soft: 62 encountered, 0 discovered, 0 enqueued
[2024-07-24T23:00:52.043+0800][12.464s][gc,ref      ] GC(161) Weak: 187 encountered, 170 discovered, 0 enqueued
[2024-07-24T23:00:52.043+0800][12.464s][gc,ref      ] GC(161) Final: 0 encountered, 0 discovered, 0 enqueued
[2024-07-24T23:00:52.043+0800][12.464s][gc,ref      ] GC(161) Phantom: 1 encountered, 0 discovered, 0 enqueued
[2024-07-24T23:00:52.043+0800][12.464s][gc,reloc    ] GC(161) Small Pages: 2 / 4M, Empty: 2M, Relocated: 0M, In-Place: 0
[2024-07-24T23:00:52.043+0800][12.464s][gc,reloc    ] GC(161) Medium Pages: 0 / 0M, Empty: 0M, Relocated: 0M, In-Place: 0
[2024-07-24T23:00:52.043+0800][12.464s][gc,reloc    ] GC(161) Large Pages: 61 / 122M, Empty: 96M, Relocated: 0M, In-Place: 0
[2024-07-24T23:00:52.043+0800][12.464s][gc,reloc    ] GC(161) Forwarding Usage: 0M
[2024-07-24T23:00:52.043+0800][12.464s][gc,heap     ] GC(161) Min Capacity: 8M(6%)
[2024-07-24T23:00:52.043+0800][12.464s][gc,heap     ] GC(161) Max Capacity: 128M(100%)
[2024-07-24T23:00:52.043+0800][12.465s][gc,heap     ] GC(161) Soft Max Capacity: 128M(100%)
[2024-07-24T23:00:52.043+0800][12.465s][gc,heap     ] GC(161)                Mark Start          Mark End        Relocate Start      Relocate End           High               Low         
[2024-07-24T23:00:52.043+0800][12.465s][gc,heap     ] GC(161)  Capacity:      128M (100%)        128M (100%)        128M (100%)        128M (100%)        128M (100%)        128M (100%)   
[2024-07-24T23:00:52.043+0800][12.465s][gc,heap     ] GC(161)      Free:        2M (2%)            0M (0%)           92M (72%)          90M (70%)          98M (77%)           0M (0%)     
[2024-07-24T23:00:52.043+0800][12.465s][gc,heap     ] GC(161)      Used:      126M (98%)         128M (100%)         36M (28%)          38M (30%)         128M (100%)         30M (23%)    
[2024-07-24T23:00:52.043+0800][12.465s][gc,heap     ] GC(161)      Live:         -                27M (21%)          27M (21%)          27M (21%)            -                  -          
[2024-07-24T23:00:52.043+0800][12.465s][gc,heap     ] GC(161) Allocated:         -                 2M (2%)            8M (6%)           10M (8%)             -                  -          
[2024-07-24T23:00:52.043+0800][12.465s][gc,heap     ] GC(161)   Garbage:         -                98M (77%)           0M (1%)            0M (1%)             -                  -          
[2024-07-24T23:00:52.043+0800][12.465s][gc,heap     ] GC(161) Reclaimed:         -                  -                98M (77%)          98M (77%)            -                  -          
[2024-07-24T23:00:52.043+0800][12.465s][gc          ] GC(161) Garbage Collection (Allocation Rate) 126M(98%)->38M(30%)
[2024-07-24T23:00:52.130+0800][12.552s][gc,start    ] GC(162) Garbage Collection (Allocation Stall)
[2024-07-24T23:00:52.130+0800][12.552s][gc,ref      ] GC(162) Clearing All SoftReferences
[2024-07-24T23:00:52.130+0800][12.552s][gc,task     ] GC(162) Using 1 workers
[2024-07-24T23:00:52.131+0800][12.552s][gc,ref      ] GC(162) Clearing All SoftReferences
[2024-07-24T23:00:52.131+0800][12.552s][gc,phases   ] GC(162) Pause Mark Start 0.061ms
[2024-07-24T23:00:52.133+0800][12.554s][gc,phases   ] GC(162) Concurrent Mark 1.840ms
[2024-07-24T23:00:52.133+0800][12.554s][gc,phases   ] GC(162) Pause Mark End 0.019ms
[2024-07-24T23:00:52.133+0800][12.554s][gc,phases   ] GC(162) Concurrent Mark Free 0.001ms
[2024-07-24T23:00:52.134+0800][12.555s][gc,phases   ] GC(162) Concurrent Process Non-Strong References 1.080ms
[2024-07-24T23:00:52.134+0800][12.555s][gc,phases   ] GC(162) Concurrent Reset Relocation Set 0.000ms
[2024-07-24T23:00:52.136+0800][12.557s][gc          ] Allocation Stall (main) 5.382ms
[2024-07-24T23:00:52.136+0800][12.557s][gc,phases   ] GC(162) Concurrent Select Relocation Set 1.710ms
[2024-07-24T23:00:52.136+0800][12.557s][gc,phases   ] GC(162) Pause Relocate Start 0.005ms
[2024-07-24T23:00:52.136+0800][12.558s][gc,phases   ] GC(162) Concurrent Relocate 0.111ms
[2024-07-24T23:00:52.136+0800][12.558s][gc,load     ] GC(162) Load: 0.00/0.00/0.00
[2024-07-24T23:00:52.136+0800][12.558s][gc,mmu      ] GC(162) MMU: 2ms/94.0%, 5ms/97.6%, 10ms/98.7%, 20ms/99.2%, 50ms/99.7%, 100ms/99.8%
[2024-07-24T23:00:52.136+0800][12.558s][gc,marking  ] GC(162) Mark: 1 stripe(s), 1 proactive flush(es), 1 terminate flush(es), 0 completion(s), 0 continuation(s) 
[2024-07-24T23:00:52.136+0800][12.558s][gc,marking  ] GC(162) Mark Stack Usage: 32M
[2024-07-24T23:00:52.136+0800][12.558s][gc,nmethod  ] GC(162) NMethods: 299 registered, 0 unregistered
[2024-07-24T23:00:52.136+0800][12.558s][gc,metaspace] GC(162) Metaspace: 0M used, 0M committed, 1088M reserved
[2024-07-24T23:00:52.136+0800][12.558s][gc,ref      ] GC(162) Soft: 62 encountered, 37 discovered, 0 enqueued
[2024-07-24T23:00:52.136+0800][12.558s][gc,ref      ] GC(162) Weak: 187 encountered, 170 discovered, 0 enqueued
[2024-07-24T23:00:52.136+0800][12.558s][gc,ref      ] GC(162) Final: 0 encountered, 0 discovered, 0 enqueued
[2024-07-24T23:00:52.136+0800][12.558s][gc,ref      ] GC(162) Phantom: 1 encountered, 0 discovered, 0 enqueued
[2024-07-24T23:00:52.136+0800][12.558s][gc,reloc    ] GC(162) Small Pages: 2 / 4M, Empty: 2M, Relocated: 0M, In-Place: 0
[2024-07-24T23:00:52.136+0800][12.558s][gc,reloc    ] GC(162) Medium Pages: 0 / 0M, Empty: 0M, Relocated: 0M, In-Place: 0
[2024-07-24T23:00:52.136+0800][12.558s][gc,reloc    ] GC(162) Large Pages: 62 / 124M, Empty: 120M, Relocated: 0M, In-Place: 0
[2024-07-24T23:00:52.136+0800][12.558s][gc,reloc    ] GC(162) Forwarding Usage: 0M
[2024-07-24T23:00:52.136+0800][12.558s][gc,heap     ] GC(162) Min Capacity: 8M(6%)
[2024-07-24T23:00:52.136+0800][12.558s][gc,heap     ] GC(162) Max Capacity: 128M(100%)
[2024-07-24T23:00:52.136+0800][12.558s][gc,heap     ] GC(162) Soft Max Capacity: 128M(100%)
[2024-07-24T23:00:52.136+0800][12.558s][gc,heap     ] GC(162)                Mark Start          Mark End        Relocate Start      Relocate End           High               Low         
[2024-07-24T23:00:52.137+0800][12.558s][gc,heap     ] GC(162)  Capacity:      128M (100%)        128M (100%)        128M (100%)        128M (100%)        128M (100%)        128M (100%)   
[2024-07-24T23:00:52.137+0800][12.558s][gc,heap     ] GC(162)      Free:        0M (0%)            0M (0%)          118M (92%)         114M (89%)         122M (95%)           0M (0%)     
[2024-07-24T23:00:52.137+0800][12.558s][gc,heap     ] GC(162)      Used:      128M (100%)        128M (100%)         10M (8%)           14M (11%)         128M (100%)          6M (5%)     
[2024-07-24T23:00:52.137+0800][12.558s][gc,heap     ] GC(162)      Live:         -                 5M (4%)            5M (4%)            5M (4%)             -                  -          
[2024-07-24T23:00:52.137+0800][12.558s][gc,heap     ] GC(162) Allocated:         -                 0M (0%)            4M (3%)            8M (6%)             -                  -          
[2024-07-24T23:00:52.137+0800][12.558s][gc,heap     ] GC(162)   Garbage:         -               122M (96%)           0M (1%)            0M (1%)             -                  -          
[2024-07-24T23:00:52.137+0800][12.558s][gc,heap     ] GC(162) Reclaimed:         -                  -               122M (95%)         122M (95%)            -                  -          
[2024-07-24T23:00:52.137+0800][12.558s][gc          ] GC(162) Garbage Collection (Allocation Stall) 128M(100%)->14M(11%)
[2024-07-24T23:00:52.146+0800][12.568s][gc,start    ] GC(163) Garbage Collection (Allocation Rate)
[2024-07-24T23:00:52.146+0800][12.568s][gc,task     ] GC(163) Using 1 workers
[2024-07-24T23:00:52.146+0800][12.568s][gc,phases   ] GC(163) Pause Mark Start 0.008ms
[2024-07-24T23:00:52.148+0800][12.570s][gc,phases   ] GC(163) Concurrent Mark 2.189ms
[2024-07-24T23:00:52.148+0800][12.570s][gc,phases   ] GC(163) Pause Mark End 0.008ms
[2024-07-24T23:00:52.148+0800][12.570s][gc,phases   ] GC(163) Concurrent Mark Free 0.001ms
[2024-07-24T23:00:52.149+0800][12.571s][gc,phases   ] GC(163) Concurrent Process Non-Strong References 0.945ms
[2024-07-24T23:00:52.149+0800][12.571s][gc,phases   ] GC(163) Concurrent Reset Relocation Set 0.000ms
[2024-07-24T23:00:52.151+0800][12.573s][gc,phases   ] GC(163) Concurrent Select Relocation Set 1.763ms
[2024-07-24T23:00:52.152+0800][12.573s][gc,phases   ] GC(163) Pause Relocate Start 0.008ms
[2024-07-24T23:00:52.153+0800][12.574s][gc,phases   ] GC(163) Concurrent Relocate 0.935ms
[2024-07-24T23:00:52.153+0800][12.574s][gc,load     ] GC(163) Load: 0.00/0.00/0.00
[2024-07-24T23:00:52.153+0800][12.574s][gc,mmu      ] GC(163) MMU: 2ms/94.0%, 5ms/97.6%, 10ms/98.7%, 20ms/99.2%, 50ms/99.7%, 100ms/99.8%
[2024-07-24T23:00:52.153+0800][12.575s][gc,marking  ] GC(163) Mark: 1 stripe(s), 1 proactive flush(es), 1 terminate flush(es), 0 completion(s), 0 continuation(s) 
[2024-07-24T23:00:52.153+0800][12.575s][gc,marking  ] GC(163) Mark Stack Usage: 32M
[2024-07-24T23:00:52.153+0800][12.575s][gc,nmethod  ] GC(163) NMethods: 299 registered, 0 unregistered
[2024-07-24T23:00:52.153+0800][12.575s][gc,metaspace] GC(163) Metaspace: 0M used, 0M committed, 1088M reserved
[2024-07-24T23:00:52.153+0800][12.575s][gc,ref      ] GC(163) Soft: 62 encountered, 0 discovered, 0 enqueued
[2024-07-24T23:00:52.153+0800][12.575s][gc,ref      ] GC(163) Weak: 187 encountered, 170 discovered, 0 enqueued
[2024-07-24T23:00:52.153+0800][12.575s][gc,ref      ] GC(163) Final: 0 encountered, 0 discovered, 0 enqueued
[2024-07-24T23:00:52.153+0800][12.575s][gc,ref      ] GC(163) Phantom: 1 encountered, 0 discovered, 0 enqueued
[2024-07-24T23:00:52.153+0800][12.575s][gc,reloc    ] GC(163) Small Pages: 2 / 4M, Empty: 0M, Relocated: 1M, In-Place: 0
[2024-07-24T23:00:52.153+0800][12.575s][gc,reloc    ] GC(163) Medium Pages: 0 / 0M, Empty: 0M, Relocated: 0M, In-Place: 0
[2024-07-24T23:00:52.153+0800][12.575s][gc,reloc    ] GC(163) Large Pages: 10 / 20M, Empty: 0M, Relocated: 0M, In-Place: 0
[2024-07-24T23:00:52.153+0800][12.575s][gc,reloc    ] GC(163) Forwarding Usage: 0M
[2024-07-24T23:00:52.153+0800][12.575s][gc,heap     ] GC(163) Min Capacity: 8M(6%)
[2024-07-24T23:00:52.153+0800][12.575s][gc,heap     ] GC(163) Max Capacity: 128M(100%)
[2024-07-24T23:00:52.153+0800][12.575s][gc,heap     ] GC(163) Soft Max Capacity: 128M(100%)
[2024-07-24T23:00:52.153+0800][12.575s][gc,heap     ] GC(163)                Mark Start          Mark End        Relocate Start      Relocate End           High               Low         
[2024-07-24T23:00:52.153+0800][12.575s][gc,heap     ] GC(163)  Capacity:      128M (100%)        128M (100%)        128M (100%)        128M (100%)        128M (100%)        128M (100%)   
[2024-07-24T23:00:52.153+0800][12.575s][gc,heap     ] GC(163)      Free:      104M (81%)         104M (81%)         104M (81%)         106M (83%)         106M (83%)         102M (80%)    
[2024-07-24T23:00:52.153+0800][12.575s][gc,heap     ] GC(163)      Used:       24M (19%)          24M (19%)          24M (19%)          22M (17%)          26M (20%)          22M (17%)    
[2024-07-24T23:00:52.153+0800][12.575s][gc,heap     ] GC(163)      Live:         -                21M (17%)          21M (17%)          21M (17%)            -                  -          
[2024-07-24T23:00:52.153+0800][12.575s][gc,heap     ] GC(163) Allocated:         -                 0M (0%)            0M (0%)            0M (0%)             -                  -          
[2024-07-24T23:00:52.153+0800][12.575s][gc,heap     ] GC(163)   Garbage:         -                 2M (2%)            2M (2%)            0M (1%)             -                  -          
[2024-07-24T23:00:52.153+0800][12.575s][gc,heap     ] GC(163) Reclaimed:         -                  -                 0M (0%)            2M (2%)             -                  -          
[2024-07-24T23:00:52.153+0800][12.575s][gc          ] GC(163) Garbage Collection (Allocation Rate) 24M(19%)->22M(17%)
[2024-07-24T23:00:52.241+0800][12.662s][gc,start    ] GC(164) Garbage Collection (Allocation Rate)
[2024-07-24T23:00:52.241+0800][12.662s][gc,task     ] GC(164) Using 1 workers
[2024-07-24T23:00:52.241+0800][12.663s][gc,phases   ] GC(164) Pause Mark Start 0.008ms
[2024-07-24T23:00:52.244+0800][12.666s][gc,phases   ] GC(164) Concurrent Mark 3.516ms
[2024-07-24T23:00:52.244+0800][12.667s][gc,phases   ] GC(164) Pause Mark End 0.006ms
[2024-07-24T23:00:52.245+0800][12.667s][gc,phases   ] GC(164) Concurrent Mark Free 0.001ms
[2024-07-24T23:00:52.246+0800][12.668s][gc,phases   ] GC(164) Concurrent Process Non-Strong References 0.984ms
[2024-07-24T23:00:52.246+0800][12.668s][gc,phases   ] GC(164) Concurrent Reset Relocation Set 0.001ms
[2024-07-24T23:00:52.247+0800][12.669s][gc          ] Allocation Stall (main) 5.932ms
[2024-07-24T23:00:52.247+0800][12.669s][gc,phases   ] GC(164) Concurrent Select Relocation Set 1.573ms
[2024-07-24T23:00:52.247+0800][12.669s][gc,phases   ] GC(164) Pause Relocate Start 0.004ms
[2024-07-24T23:00:52.248+0800][12.670s][gc,phases   ] GC(164) Concurrent Relocate 0.095ms
[2024-07-24T23:00:52.248+0800][12.670s][gc,load     ] GC(164) Load: 0.00/0.00/0.00
[2024-07-24T23:00:52.248+0800][12.670s][gc,mmu      ] GC(164) MMU: 2ms/94.0%, 5ms/97.6%, 10ms/98.7%, 20ms/99.2%, 50ms/99.7%, 100ms/99.8%
[2024-07-24T23:00:52.248+0800][12.670s][gc,marking  ] GC(164) Mark: 1 stripe(s), 2 proactive flush(es), 1 terminate flush(es), 0 completion(s), 0 continuation(s) 
[2024-07-24T23:00:52.248+0800][12.670s][gc,marking  ] GC(164) Mark Stack Usage: 32M
[2024-07-24T23:00:52.248+0800][12.670s][gc,nmethod  ] GC(164) NMethods: 299 registered, 0 unregistered
[2024-07-24T23:00:52.248+0800][12.670s][gc,metaspace] GC(164) Metaspace: 0M used, 0M committed, 1088M reserved
[2024-07-24T23:00:52.248+0800][12.670s][gc,ref      ] GC(164) Soft: 62 encountered, 0 discovered, 0 enqueued
[2024-07-24T23:00:52.248+0800][12.670s][gc,ref      ] GC(164) Weak: 187 encountered, 170 discovered, 0 enqueued
[2024-07-24T23:00:52.248+0800][12.670s][gc,ref      ] GC(164) Final: 0 encountered, 0 discovered, 0 enqueued
[2024-07-24T23:00:52.248+0800][12.670s][gc,ref      ] GC(164) Phantom: 1 encountered, 0 discovered, 0 enqueued
[2024-07-24T23:00:52.248+0800][12.670s][gc,reloc    ] GC(164) Small Pages: 2 / 4M, Empty: 2M, Relocated: 0M, In-Place: 0
[2024-07-24T23:00:52.248+0800][12.670s][gc,reloc    ] GC(164) Medium Pages: 0 / 0M, Empty: 0M, Relocated: 0M, In-Place: 0
[2024-07-24T23:00:52.248+0800][12.670s][gc,reloc    ] GC(164) Large Pages: 62 / 124M, Empty: 120M, Relocated: 0M, In-Place: 0
[2024-07-24T23:00:52.248+0800][12.670s][gc,reloc    ] GC(164) Forwarding Usage: 0M
[2024-07-24T23:00:52.248+0800][12.670s][gc,heap     ] GC(164) Min Capacity: 8M(6%)
[2024-07-24T23:00:52.248+0800][12.670s][gc,heap     ] GC(164) Max Capacity: 128M(100%)
[2024-07-24T23:00:52.248+0800][12.670s][gc,heap     ] GC(164) Soft Max Capacity: 128M(100%)
[2024-07-24T23:00:52.248+0800][12.670s][gc,heap     ] GC(164)                Mark Start          Mark End        Relocate Start      Relocate End           High               Low         
[2024-07-24T23:00:52.248+0800][12.670s][gc,heap     ] GC(164)  Capacity:      128M (100%)        128M (100%)        128M (100%)        128M (100%)        128M (100%)        128M (100%)   
[2024-07-24T23:00:52.248+0800][12.670s][gc,heap     ] GC(164)      Free:        0M (0%)            0M (0%)          118M (92%)         114M (89%)         122M (95%)           0M (0%)     
[2024-07-24T23:00:52.248+0800][12.670s][gc,heap     ] GC(164)      Used:      128M (100%)        128M (100%)         10M (8%)           14M (11%)         128M (100%)          6M (5%)     
[2024-07-24T23:00:52.248+0800][12.670s][gc,heap     ] GC(164)      Live:         -                 5M (4%)            5M (4%)            5M (4%)             -                  -          
[2024-07-24T23:00:52.248+0800][12.670s][gc,heap     ] GC(164) Allocated:         -                 0M (0%)            4M (3%)            8M (6%)             -                  -          
[2024-07-24T23:00:52.248+0800][12.670s][gc,heap     ] GC(164)   Garbage:         -               122M (96%)           0M (1%)            0M (1%)             -                  -          
[2024-07-24T23:00:52.248+0800][12.670s][gc,heap     ] GC(164) Reclaimed:         -                  -               122M (95%)         122M (95%)            -                  -          
[2024-07-24T23:00:52.248+0800][12.670s][gc          ] GC(164) Garbage Collection (Allocation Rate) 128M(100%)->14M(11%)
[2024-07-24T23:00:52.335+0800][12.757s][gc,start    ] GC(165) Garbage Collection (Allocation Stall)
[2024-07-24T23:00:52.335+0800][12.757s][gc,ref      ] GC(165) Clearing All SoftReferences
[2024-07-24T23:00:52.335+0800][12.757s][gc,task     ] GC(165) Using 1 workers
[2024-07-24T23:00:52.335+0800][12.757s][gc,ref      ] GC(165) Clearing All SoftReferences
[2024-07-24T23:00:52.335+0800][12.757s][gc,phases   ] GC(165) Pause Mark Start 0.038ms
[2024-07-24T23:00:52.338+0800][12.760s][gc,phases   ] GC(165) Concurrent Mark 3.239ms
[2024-07-24T23:00:52.339+0800][12.761s][gc,phases   ] GC(165) Pause Mark End 0.008ms
[2024-07-24T23:00:52.339+0800][12.761s][gc,phases   ] GC(165) Concurrent Mark Free 0.001ms
[2024-07-24T23:00:52.340+0800][12.762s][gc,phases   ] GC(165) Concurrent Process Non-Strong References 0.856ms
[2024-07-24T23:00:52.340+0800][12.762s][gc,phases   ] GC(165) Concurrent Reset Relocation Set 0.000ms
[2024-07-24T23:00:52.341+0800][12.763s][gc,phases   ] GC(165) Concurrent Select Relocation Set 1.374ms
[2024-07-24T23:00:52.341+0800][12.763s][gc,phases   ] GC(165) Pause Relocate Start 0.004ms
[2024-07-24T23:00:52.341+0800][12.763s][gc,phases   ] GC(165) Concurrent Relocate 0.106ms
[2024-07-24T23:00:52.341+0800][12.763s][gc,load     ] GC(165) Load: 0.00/0.00/0.00
[2024-07-24T23:00:52.341+0800][12.763s][gc,mmu      ] GC(165) MMU: 2ms/94.0%, 5ms/97.6%, 10ms/98.7%, 20ms/99.2%, 50ms/99.7%, 100ms/99.8%
[2024-07-24T23:00:52.341+0800][12.763s][gc,marking  ] GC(165) Mark: 1 stripe(s), 2 proactive flush(es), 1 terminate flush(es), 0 completion(s), 0 continuation(s) 
[2024-07-24T23:00:52.341+0800][12.763s][gc,marking  ] GC(165) Mark Stack Usage: 32M
[2024-07-24T23:00:52.341+0800][12.763s][gc,nmethod  ] GC(165) NMethods: 299 registered, 0 unregistered
[2024-07-24T23:00:52.341+0800][12.764s][gc,metaspace] GC(165) Metaspace: 0M used, 0M committed, 1088M reserved
[2024-07-24T23:00:52.341+0800][12.764s][gc,ref      ] GC(165) Soft: 62 encountered, 35 discovered, 0 enqueued
[2024-07-24T23:00:52.341+0800][12.764s][gc,ref      ] GC(165) Weak: 187 encountered, 170 discovered, 0 enqueued
[2024-07-24T23:00:52.342+0800][12.764s][gc,ref      ] GC(165) Final: 0 encountered, 0 discovered, 0 enqueued
[2024-07-24T23:00:52.342+0800][12.764s][gc,ref      ] GC(165) Phantom: 1 encountered, 0 discovered, 0 enqueued
[2024-07-24T23:00:52.342+0800][12.764s][gc,reloc    ] GC(165) Small Pages: 2 / 4M, Empty: 2M, Relocated: 0M, In-Place: 0
[2024-07-24T23:00:52.342+0800][12.764s][gc,reloc    ] GC(165) Medium Pages: 0 / 0M, Empty: 0M, Relocated: 0M, In-Place: 0
[2024-07-24T23:00:52.342+0800][12.764s][gc,reloc    ] GC(165) Large Pages: 52 / 104M, Empty: 102M, Relocated: 0M, In-Place: 0
[2024-07-24T23:00:52.342+0800][12.764s][gc,reloc    ] GC(165) Forwarding Usage: 0M
[2024-07-24T23:00:52.342+0800][12.764s][gc,heap     ] GC(165) Min Capacity: 8M(6%)
[2024-07-24T23:00:52.342+0800][12.764s][gc,heap     ] GC(165) Max Capacity: 128M(100%)
[2024-07-24T23:00:52.342+0800][12.764s][gc,heap     ] GC(165) Soft Max Capacity: 128M(100%)
[2024-07-24T23:00:52.342+0800][12.764s][gc,heap     ] GC(165)                Mark Start          Mark End        Relocate Start      Relocate End           High               Low         
[2024-07-24T23:00:52.342+0800][12.764s][gc,heap     ] GC(165)  Capacity:      128M (100%)        128M (100%)        128M (100%)        128M (100%)        128M (100%)        128M (100%)   
[2024-07-24T23:00:52.342+0800][12.764s][gc,heap     ] GC(165)      Free:       20M (16%)           2M (2%)          106M (83%)         106M (83%)         106M (83%)           2M (2%)     
[2024-07-24T23:00:52.342+0800][12.764s][gc,heap     ] GC(165)      Used:      108M (84%)         126M (98%)          22M (17%)          22M (17%)         126M (98%)          22M (17%)    
[2024-07-24T23:00:52.342+0800][12.764s][gc,heap     ] GC(165)      Live:         -                 3M (3%)            3M (3%)            3M (3%)             -                  -          
[2024-07-24T23:00:52.342+0800][12.764s][gc,heap     ] GC(165) Allocated:         -                18M (14%)          18M (14%)          18M (14%)            -                  -          
[2024-07-24T23:00:52.342+0800][12.764s][gc,heap     ] GC(165)   Garbage:         -               104M (82%)           0M (1%)            0M (1%)             -                  -          
[2024-07-24T23:00:52.342+0800][12.764s][gc,heap     ] GC(165) Reclaimed:         -                  -               104M (81%)         104M (81%)            -                  -          
[2024-07-24T23:00:52.342+0800][12.764s][gc          ] GC(165) Garbage Collection (Allocation Stall) 108M(84%)->22M(17%)
[2024-07-24T23:00:52.431+0800][12.853s][gc,start    ] GC(166) Garbage Collection (Allocation Stall)
[2024-07-24T23:00:52.431+0800][12.853s][gc,ref      ] GC(166) Clearing All SoftReferences
[2024-07-24T23:00:52.431+0800][12.853s][gc,task     ] GC(166) Using 1 workers
[2024-07-24T23:00:52.431+0800][12.853s][gc,ref      ] GC(166) Clearing All SoftReferences
[2024-07-24T23:00:52.431+0800][12.853s][gc,phases   ] GC(166) Pause Mark Start 0.035ms
[2024-07-24T23:00:52.434+0800][12.856s][gc,phases   ] GC(166) Concurrent Mark 2.498ms
[2024-07-24T23:00:52.434+0800][12.856s][gc,phases   ] GC(166) Pause Mark End 0.008ms
[2024-07-24T23:00:52.434+0800][12.856s][gc,phases   ] GC(166) Concurrent Mark Free 0.001ms
[2024-07-24T23:00:52.435+0800][12.857s][gc,phases   ] GC(166) Concurrent Process Non-Strong References 0.910ms
[2024-07-24T23:00:52.435+0800][12.857s][gc,phases   ] GC(166) Concurrent Reset Relocation Set 0.000ms
[2024-07-24T23:00:52.436+0800][12.858s][gc          ] Allocation Stall (main) 5.596ms
[2024-07-24T23:00:52.436+0800][12.858s][gc,phases   ] GC(166) Concurrent Select Relocation Set 1.326ms
[2024-07-24T23:00:52.437+0800][12.859s][gc,phases   ] GC(166) Pause Relocate Start 0.004ms
[2024-07-24T23:00:52.437+0800][12.859s][gc,phases   ] GC(166) Concurrent Relocate 0.120ms
[2024-07-24T23:00:52.437+0800][12.859s][gc,load     ] GC(166) Load: 0.00/0.00/0.00
[2024-07-24T23:00:52.437+0800][12.859s][gc,mmu      ] GC(166) MMU: 2ms/94.0%, 5ms/97.6%, 10ms/98.7%, 20ms/99.2%, 50ms/99.7%, 100ms/99.8%
[2024-07-24T23:00:52.437+0800][12.859s][gc,marking  ] GC(166) Mark: 1 stripe(s), 1 proactive flush(es), 1 terminate flush(es), 0 completion(s), 0 continuation(s) 
[2024-07-24T23:00:52.437+0800][12.859s][gc,marking  ] GC(166) Mark Stack Usage: 32M
[2024-07-24T23:00:52.437+0800][12.859s][gc,nmethod  ] GC(166) NMethods: 299 registered, 0 unregistered
[2024-07-24T23:00:52.437+0800][12.859s][gc,metaspace] GC(166) Metaspace: 0M used, 0M committed, 1088M reserved
[2024-07-24T23:00:52.437+0800][12.859s][gc,ref      ] GC(166) Soft: 62 encountered, 37 discovered, 0 enqueued
[2024-07-24T23:00:52.437+0800][12.859s][gc,ref      ] GC(166) Weak: 187 encountered, 170 discovered, 0 enqueued
[2024-07-24T23:00:52.437+0800][12.859s][gc,ref      ] GC(166) Final: 0 encountered, 0 discovered, 0 enqueued
[2024-07-24T23:00:52.437+0800][12.859s][gc,ref      ] GC(166) Phantom: 1 encountered, 0 discovered, 0 enqueued
[2024-07-24T23:00:52.437+0800][12.859s][gc,reloc    ] GC(166) Small Pages: 2 / 4M, Empty: 2M, Relocated: 0M, In-Place: 0
[2024-07-24T23:00:52.437+0800][12.859s][gc,reloc    ] GC(166) Medium Pages: 0 / 0M, Empty: 0M, Relocated: 0M, In-Place: 0
[2024-07-24T23:00:52.437+0800][12.859s][gc,reloc    ] GC(166) Large Pages: 62 / 124M, Empty: 98M, Relocated: 0M, In-Place: 0
[2024-07-24T23:00:52.437+0800][12.859s][gc,reloc    ] GC(166) Forwarding Usage: 0M
[2024-07-24T23:00:52.437+0800][12.859s][gc,heap     ] GC(166) Min Capacity: 8M(6%)
[2024-07-24T23:00:52.437+0800][12.859s][gc,heap     ] GC(166) Max Capacity: 128M(100%)
[2024-07-24T23:00:52.437+0800][12.859s][gc,heap     ] GC(166) Soft Max Capacity: 128M(100%)
[2024-07-24T23:00:52.437+0800][12.859s][gc,heap     ] GC(166)                Mark Start          Mark End        Relocate Start      Relocate End           High               Low         
[2024-07-24T23:00:52.437+0800][12.859s][gc,heap     ] GC(166)  Capacity:      128M (100%)        128M (100%)        128M (100%)        128M (100%)        128M (100%)        128M (100%)   
[2024-07-24T23:00:52.437+0800][12.859s][gc,heap     ] GC(166)      Free:        0M (0%)            0M (0%)           98M (77%)          92M (72%)         100M (78%)           0M (0%)     
[2024-07-24T23:00:52.437+0800][12.859s][gc,heap     ] GC(166)      Used:      128M (100%)        128M (100%)         30M (23%)          36M (28%)         128M (100%)         28M (22%)    
[2024-07-24T23:00:52.437+0800][12.859s][gc,heap     ] GC(166)      Live:         -                27M (21%)          27M (21%)          27M (21%)            -                  -          
[2024-07-24T23:00:52.437+0800][12.859s][gc,heap     ] GC(166) Allocated:         -                 0M (0%)            2M (2%)            8M (6%)             -                  -          
[2024-07-24T23:00:52.437+0800][12.859s][gc,heap     ] GC(166)   Garbage:         -               100M (79%)           0M (1%)            0M (1%)             -                  -          
[2024-07-24T23:00:52.437+0800][12.859s][gc,heap     ] GC(166) Reclaimed:         -                  -               100M (78%)         100M (78%)            -                  -          
[2024-07-24T23:00:52.437+0800][12.859s][gc          ] GC(166) Garbage Collection (Allocation Stall) 128M(100%)->36M(28%)
[2024-07-24T23:00:52.447+0800][12.868s][gc,start    ] GC(167) Garbage Collection (Allocation Rate)
[2024-07-24T23:00:52.447+0800][12.868s][gc,task     ] GC(167) Using 1 workers
[2024-07-24T23:00:52.447+0800][12.868s][gc,phases   ] GC(167) Pause Mark Start 0.008ms
[2024-07-24T23:00:52.449+0800][12.871s][gc,phases   ] GC(167) Concurrent Mark 2.098ms
[2024-07-24T23:00:52.449+0800][12.871s][gc,phases   ] GC(167) Pause Mark End 0.013ms
[2024-07-24T23:00:52.449+0800][12.871s][gc,phases   ] GC(167) Concurrent Mark Free 0.001ms
[2024-07-24T23:00:52.450+0800][12.872s][gc,phases   ] GC(167) Concurrent Process Non-Strong References 1.079ms
[2024-07-24T23:00:52.450+0800][12.872s][gc,phases   ] GC(167) Concurrent Reset Relocation Set 0.000ms
[2024-07-24T23:00:52.452+0800][12.874s][gc,phases   ] GC(167) Concurrent Select Relocation Set 1.603ms
[2024-07-24T23:00:52.452+0800][12.874s][gc,phases   ] GC(167) Pause Relocate Start 0.005ms
[2024-07-24T23:00:52.453+0800][12.875s][gc,phases   ] GC(167) Concurrent Relocate 0.963ms
[2024-07-24T23:00:52.453+0800][12.875s][gc,load     ] GC(167) Load: 0.00/0.00/0.00
[2024-07-24T23:00:52.453+0800][12.875s][gc,mmu      ] GC(167) MMU: 2ms/94.0%, 5ms/97.6%, 10ms/98.7%, 20ms/99.2%, 50ms/99.7%, 100ms/99.8%
[2024-07-24T23:00:52.453+0800][12.875s][gc,marking  ] GC(167) Mark: 1 stripe(s), 1 proactive flush(es), 1 terminate flush(es), 0 completion(s), 0 continuation(s) 
[2024-07-24T23:00:52.453+0800][12.875s][gc,marking  ] GC(167) Mark Stack Usage: 32M
[2024-07-24T23:00:52.453+0800][12.875s][gc,nmethod  ] GC(167) NMethods: 299 registered, 0 unregistered
[2024-07-24T23:00:52.453+0800][12.875s][gc,metaspace] GC(167) Metaspace: 0M used, 0M committed, 1088M reserved
[2024-07-24T23:00:52.453+0800][12.875s][gc,ref      ] GC(167) Soft: 62 encountered, 0 discovered, 0 enqueued
[2024-07-24T23:00:52.453+0800][12.875s][gc,ref      ] GC(167) Weak: 187 encountered, 170 discovered, 0 enqueued
[2024-07-24T23:00:52.453+0800][12.875s][gc,ref      ] GC(167) Final: 0 encountered, 0 discovered, 0 enqueued
[2024-07-24T23:00:52.453+0800][12.875s][gc,ref      ] GC(167) Phantom: 1 encountered, 0 discovered, 0 enqueued
[2024-07-24T23:00:52.453+0800][12.875s][gc,reloc    ] GC(167) Small Pages: 2 / 4M, Empty: 0M, Relocated: 1M, In-Place: 0
[2024-07-24T23:00:52.453+0800][12.875s][gc,reloc    ] GC(167) Medium Pages: 0 / 0M, Empty: 0M, Relocated: 0M, In-Place: 0
[2024-07-24T23:00:52.453+0800][12.875s][gc,reloc    ] GC(167) Large Pages: 20 / 40M, Empty: 40M, Relocated: 0M, In-Place: 0
[2024-07-24T23:00:52.453+0800][12.875s][gc,reloc    ] GC(167) Forwarding Usage: 0M
[2024-07-24T23:00:52.453+0800][12.875s][gc,heap     ] GC(167) Min Capacity: 8M(6%)
[2024-07-24T23:00:52.453+0800][12.875s][gc,heap     ] GC(167) Max Capacity: 128M(100%)
[2024-07-24T23:00:52.453+0800][12.875s][gc,heap     ] GC(167) Soft Max Capacity: 128M(100%)
[2024-07-24T23:00:52.453+0800][12.875s][gc,heap     ] GC(167)                Mark Start          Mark End        Relocate Start      Relocate End           High               Low         
[2024-07-24T23:00:52.453+0800][12.875s][gc,heap     ] GC(167)  Capacity:      128M (100%)        128M (100%)        128M (100%)        128M (100%)        128M (100%)        128M (100%)   
[2024-07-24T23:00:52.453+0800][12.875s][gc,heap     ] GC(167)      Free:       84M (66%)          84M (66%)         124M (97%)         126M (98%)         126M (98%)          84M (66%)    
[2024-07-24T23:00:52.453+0800][12.875s][gc,heap     ] GC(167)      Used:       44M (34%)          44M (34%)           4M (3%)            2M (2%)           44M (34%)           2M (2%)     
[2024-07-24T23:00:52.453+0800][12.875s][gc,heap     ] GC(167)      Live:         -                 1M (1%)            1M (1%)            1M (1%)             -                  -          
[2024-07-24T23:00:52.453+0800][12.875s][gc,heap     ] GC(167) Allocated:         -                 0M (0%)            0M (0%)            0M (0%)             -                  -          
[2024-07-24T23:00:52.453+0800][12.875s][gc,heap     ] GC(167)   Garbage:         -                42M (33%)           2M (2%)            0M (1%)             -                  -          
[2024-07-24T23:00:52.453+0800][12.875s][gc,heap     ] GC(167) Reclaimed:         -                  -                40M (31%)          42M (33%)            -                  -          
[2024-07-24T23:00:52.453+0800][12.875s][gc          ] GC(167) Garbage Collection (Allocation Rate) 44M(34%)->2M(2%)
[2024-07-24T23:00:52.541+0800][12.962s][gc,start    ] GC(168) Garbage Collection (Allocation Rate)
[2024-07-24T23:00:52.541+0800][12.962s][gc,task     ] GC(168) Using 1 workers
[2024-07-24T23:00:52.541+0800][12.963s][gc,phases   ] GC(168) Pause Mark Start 0.010ms
[2024-07-24T23:00:52.544+0800][12.966s][gc,phases   ] GC(168) Concurrent Mark 3.249ms
[2024-07-24T23:00:52.544+0800][12.966s][gc,phases   ] GC(168) Pause Mark End 0.008ms
[2024-07-24T23:00:52.544+0800][12.966s][gc,phases   ] GC(168) Concurrent Mark Free 0.001ms
[2024-07-24T23:00:52.545+0800][12.967s][gc,phases   ] GC(168) Concurrent Process Non-Strong References 1.014ms
[2024-07-24T23:00:52.545+0800][12.968s][gc,phases   ] GC(168) Concurrent Reset Relocation Set 0.001ms
[2024-07-24T23:00:52.547+0800][12.969s][gc,phases   ] GC(168) Concurrent Select Relocation Set 1.363ms
[2024-07-24T23:00:52.547+0800][12.969s][gc,phases   ] GC(168) Pause Relocate Start 0.013ms
[2024-07-24T23:00:52.547+0800][12.969s][gc,phases   ] GC(168) Concurrent Relocate 0.107ms
[2024-07-24T23:00:52.547+0800][12.969s][gc,load     ] GC(168) Load: 0.00/0.00/0.00
[2024-07-24T23:00:52.547+0800][12.969s][gc,mmu      ] GC(168) MMU: 2ms/94.0%, 5ms/97.6%, 10ms/98.7%, 20ms/99.2%, 50ms/99.7%, 100ms/99.8%
[2024-07-24T23:00:52.547+0800][12.969s][gc,marking  ] GC(168) Mark: 1 stripe(s), 2 proactive flush(es), 1 terminate flush(es), 0 completion(s), 0 continuation(s) 
[2024-07-24T23:00:52.547+0800][12.969s][gc,marking  ] GC(168) Mark Stack Usage: 32M
[2024-07-24T23:00:52.547+0800][12.969s][gc,nmethod  ] GC(168) NMethods: 299 registered, 0 unregistered
[2024-07-24T23:00:52.547+0800][12.969s][gc,metaspace] GC(168) Metaspace: 0M used, 0M committed, 1088M reserved
[2024-07-24T23:00:52.547+0800][12.969s][gc,ref      ] GC(168) Soft: 62 encountered, 0 discovered, 0 enqueued
[2024-07-24T23:00:52.547+0800][12.969s][gc,ref      ] GC(168) Weak: 187 encountered, 170 discovered, 0 enqueued
[2024-07-24T23:00:52.547+0800][12.970s][gc,ref      ] GC(168) Final: 0 encountered, 0 discovered, 0 enqueued
[2024-07-24T23:00:52.547+0800][12.970s][gc,ref      ] GC(168) Phantom: 1 encountered, 0 discovered, 0 enqueued
[2024-07-24T23:00:52.547+0800][12.970s][gc,reloc    ] GC(168) Small Pages: 2 / 4M, Empty: 2M, Relocated: 0M, In-Place: 0
[2024-07-24T23:00:52.547+0800][12.970s][gc,reloc    ] GC(168) Medium Pages: 0 / 0M, Empty: 0M, Relocated: 0M, In-Place: 0
[2024-07-24T23:00:52.547+0800][12.970s][gc,reloc    ] GC(168) Large Pages: 53 / 106M, Empty: 104M, Relocated: 0M, In-Place: 0
[2024-07-24T23:00:52.547+0800][12.970s][gc,reloc    ] GC(168) Forwarding Usage: 0M
[2024-07-24T23:00:52.547+0800][12.970s][gc,heap     ] GC(168) Min Capacity: 8M(6%)
[2024-07-24T23:00:52.547+0800][12.970s][gc,heap     ] GC(168) Max Capacity: 128M(100%)
[2024-07-24T23:00:52.547+0800][12.970s][gc,heap     ] GC(168) Soft Max Capacity: 128M(100%)
[2024-07-24T23:00:52.547+0800][12.970s][gc,heap     ] GC(168)                Mark Start          Mark End        Relocate Start      Relocate End           High               Low         
[2024-07-24T23:00:52.547+0800][12.970s][gc,heap     ] GC(168)  Capacity:      128M (100%)        128M (100%)        128M (100%)        128M (100%)        128M (100%)        128M (100%)   
[2024-07-24T23:00:52.547+0800][12.970s][gc,heap     ] GC(168)      Free:       18M (14%)           2M (2%)          108M (84%)         108M (84%)         108M (84%)           2M (2%)     
[2024-07-24T23:00:52.547+0800][12.970s][gc,heap     ] GC(168)      Used:      110M (86%)         126M (98%)          20M (16%)          20M (16%)         126M (98%)          20M (16%)    
[2024-07-24T23:00:52.547+0800][12.970s][gc,heap     ] GC(168)      Live:         -                 3M (3%)            3M (3%)            3M (3%)             -                  -          
[2024-07-24T23:00:52.547+0800][12.970s][gc,heap     ] GC(168) Allocated:         -                16M (12%)          16M (12%)          16M (12%)            -                  -          
[2024-07-24T23:00:52.547+0800][12.970s][gc,heap     ] GC(168)   Garbage:         -               106M (83%)           0M (1%)            0M (1%)             -                  -          
[2024-07-24T23:00:52.548+0800][12.970s][gc,heap     ] GC(168) Reclaimed:         -                  -               106M (83%)         106M (83%)            -                  -          
[2024-07-24T23:00:52.548+0800][12.970s][gc          ] GC(168) Garbage Collection (Allocation Rate) 110M(86%)->20M(16%)
[2024-07-24T23:00:52.637+0800][13.059s][gc,start    ] GC(169) Garbage Collection (Allocation Rate)
[2024-07-24T23:00:52.637+0800][13.059s][gc,task     ] GC(169) Using 1 workers
[2024-07-24T23:00:52.638+0800][13.059s][gc,phases   ] GC(169) Pause Mark Start 0.015ms
[2024-07-24T23:00:52.642+0800][13.063s][gc,phases   ] GC(169) Concurrent Mark 3.768ms
[2024-07-24T23:00:52.642+0800][13.063s][gc,phases   ] GC(169) Pause Mark End 0.008ms
[2024-07-24T23:00:52.642+0800][13.063s][gc,phases   ] GC(169) Concurrent Mark Free 0.001ms
[2024-07-24T23:00:52.643+0800][13.064s][gc,phases   ] GC(169) Concurrent Process Non-Strong References 0.933ms
[2024-07-24T23:00:52.643+0800][13.064s][gc,phases   ] GC(169) Concurrent Reset Relocation Set 0.000ms
[2024-07-24T23:00:52.645+0800][13.067s][gc          ] Allocation Stall (main) 6.464ms
[2024-07-24T23:00:52.645+0800][13.067s][gc,phases   ] GC(169) Concurrent Select Relocation Set 2.119ms
[2024-07-24T23:00:52.645+0800][13.067s][gc,phases   ] GC(169) Pause Relocate Start 0.006ms
[2024-07-24T23:00:52.645+0800][13.067s][gc,phases   ] GC(169) Concurrent Relocate 0.024ms
[2024-07-24T23:00:52.645+0800][13.067s][gc,load     ] GC(169) Load: 0.00/0.00/0.00
[2024-07-24T23:00:52.645+0800][13.067s][gc,mmu      ] GC(169) MMU: 2ms/94.0%, 5ms/97.6%, 10ms/98.7%, 20ms/99.2%, 50ms/99.7%, 100ms/99.8%
[2024-07-24T23:00:52.646+0800][13.067s][gc,marking  ] GC(169) Mark: 1 stripe(s), 2 proactive flush(es), 1 terminate flush(es), 0 completion(s), 0 continuation(s) 
[2024-07-24T23:00:52.646+0800][13.067s][gc,marking  ] GC(169) Mark Stack Usage: 32M
[2024-07-24T23:00:52.646+0800][13.067s][gc,nmethod  ] GC(169) NMethods: 299 registered, 0 unregistered
[2024-07-24T23:00:52.646+0800][13.067s][gc,metaspace] GC(169) Metaspace: 0M used, 0M committed, 1088M reserved
[2024-07-24T23:00:52.646+0800][13.067s][gc,ref      ] GC(169) Soft: 62 encountered, 0 discovered, 0 enqueued
[2024-07-24T23:00:52.646+0800][13.067s][gc,ref      ] GC(169) Weak: 187 encountered, 170 discovered, 0 enqueued
[2024-07-24T23:00:52.646+0800][13.067s][gc,ref      ] GC(169) Final: 0 encountered, 0 discovered, 0 enqueued
[2024-07-24T23:00:52.646+0800][13.067s][gc,ref      ] GC(169) Phantom: 1 encountered, 0 discovered, 0 enqueued
[2024-07-24T23:00:52.646+0800][13.067s][gc,reloc    ] GC(169) Small Pages: 2 / 4M, Empty: 2M, Relocated: 0M, In-Place: 0
[2024-07-24T23:00:52.646+0800][13.067s][gc,reloc    ] GC(169) Medium Pages: 0 / 0M, Empty: 0M, Relocated: 0M, In-Place: 0
[2024-07-24T23:00:52.646+0800][13.067s][gc,reloc    ] GC(169) Large Pages: 61 / 122M, Empty: 96M, Relocated: 0M, In-Place: 0
[2024-07-24T23:00:52.646+0800][13.067s][gc,reloc    ] GC(169) Forwarding Usage: 0M
[2024-07-24T23:00:52.646+0800][13.067s][gc,heap     ] GC(169) Min Capacity: 8M(6%)
[2024-07-24T23:00:52.646+0800][13.067s][gc,heap     ] GC(169) Max Capacity: 128M(100%)
[2024-07-24T23:00:52.646+0800][13.067s][gc,heap     ] GC(169) Soft Max Capacity: 128M(100%)
[2024-07-24T23:00:52.646+0800][13.067s][gc,heap     ] GC(169)                Mark Start          Mark End        Relocate Start      Relocate End           High               Low         
[2024-07-24T23:00:52.646+0800][13.067s][gc,heap     ] GC(169)  Capacity:      128M (100%)        128M (100%)        128M (100%)        128M (100%)        128M (100%)        128M (100%)   
[2024-07-24T23:00:52.646+0800][13.067s][gc,heap     ] GC(169)      Free:        2M (2%)            0M (0%)           92M (72%)          92M (72%)          98M (77%)           0M (0%)     
[2024-07-24T23:00:52.646+0800][13.068s][gc,heap     ] GC(169)      Used:      126M (98%)         128M (100%)         36M (28%)          36M (28%)         128M (100%)         30M (23%)    
[2024-07-24T23:00:52.646+0800][13.068s][gc,heap     ] GC(169)      Live:         -                27M (21%)          27M (21%)          27M (21%)            -                  -          
[2024-07-24T23:00:52.646+0800][13.068s][gc,heap     ] GC(169) Allocated:         -                 2M (2%)            8M (6%)            8M (6%)             -                  -          
[2024-07-24T23:00:52.646+0800][13.068s][gc,heap     ] GC(169)   Garbage:         -                98M (77%)           0M (1%)            0M (1%)             -                  -          
[2024-07-24T23:00:52.646+0800][13.068s][gc,heap     ] GC(169) Reclaimed:         -                  -                98M (77%)          98M (77%)            -                  -          
[2024-07-24T23:00:52.646+0800][13.068s][gc          ] GC(169) Garbage Collection (Allocation Rate) 126M(98%)->36M(28%)
[2024-07-24T23:00:52.731+0800][13.153s][gc,start    ] GC(170) Garbage Collection (Allocation Stall)
[2024-07-24T23:00:52.731+0800][13.153s][gc,ref      ] GC(170) Clearing All SoftReferences
[2024-07-24T23:00:52.731+0800][13.153s][gc,task     ] GC(170) Using 1 workers
[2024-07-24T23:00:52.732+0800][13.153s][gc,ref      ] GC(170) Clearing All SoftReferences
[2024-07-24T23:00:52.732+0800][13.153s][gc,phases   ] GC(170) Pause Mark Start 0.056ms
[2024-07-24T23:00:52.734+0800][13.155s][gc,phases   ] GC(170) Concurrent Mark 2.246ms
[2024-07-24T23:00:52.734+0800][13.156s][gc,phases   ] GC(170) Pause Mark End 0.008ms
[2024-07-24T23:00:52.734+0800][13.156s][gc,phases   ] GC(170) Concurrent Mark Free 0.001ms
[2024-07-24T23:00:52.735+0800][13.157s][gc,phases   ] GC(170) Concurrent Process Non-Strong References 0.754ms
[2024-07-24T23:00:52.735+0800][13.157s][gc,phases   ] GC(170) Concurrent Reset Relocation Set 0.000ms
[2024-07-24T23:00:52.736+0800][13.158s][gc          ] Allocation Stall (main) 5.297ms
[2024-07-24T23:00:52.736+0800][13.158s][gc,phases   ] GC(170) Concurrent Select Relocation Set 1.406ms
[2024-07-24T23:00:52.737+0800][13.158s][gc,phases   ] GC(170) Pause Relocate Start 0.004ms
[2024-07-24T23:00:52.737+0800][13.158s][gc,phases   ] GC(170) Concurrent Relocate 0.108ms
[2024-07-24T23:00:52.737+0800][13.158s][gc,load     ] GC(170) Load: 0.00/0.00/0.00
[2024-07-24T23:00:52.737+0800][13.159s][gc,mmu      ] GC(170) MMU: 2ms/94.0%, 5ms/97.6%, 10ms/98.7%, 20ms/99.2%, 50ms/99.7%, 100ms/99.8%
[2024-07-24T23:00:52.737+0800][13.159s][gc,marking  ] GC(170) Mark: 1 stripe(s), 1 proactive flush(es), 1 terminate flush(es), 0 completion(s), 0 continuation(s) 
[2024-07-24T23:00:52.737+0800][13.159s][gc,marking  ] GC(170) Mark Stack Usage: 32M
[2024-07-24T23:00:52.737+0800][13.159s][gc,nmethod  ] GC(170) NMethods: 299 registered, 0 unregistered
[2024-07-24T23:00:52.737+0800][13.159s][gc,metaspace] GC(170) Metaspace: 0M used, 0M committed, 1088M reserved
[2024-07-24T23:00:52.737+0800][13.159s][gc,ref      ] GC(170) Soft: 62 encountered, 37 discovered, 0 enqueued
[2024-07-24T23:00:52.737+0800][13.159s][gc,ref      ] GC(170) Weak: 187 encountered, 170 discovered, 0 enqueued
[2024-07-24T23:00:52.737+0800][13.159s][gc,ref      ] GC(170) Final: 0 encountered, 0 discovered, 0 enqueued
[2024-07-24T23:00:52.737+0800][13.159s][gc,ref      ] GC(170) Phantom: 1 encountered, 0 discovered, 0 enqueued
[2024-07-24T23:00:52.737+0800][13.159s][gc,reloc    ] GC(170) Small Pages: 2 / 4M, Empty: 2M, Relocated: 0M, In-Place: 0
[2024-07-24T23:00:52.737+0800][13.159s][gc,reloc    ] GC(170) Medium Pages: 0 / 0M, Empty: 0M, Relocated: 0M, In-Place: 0
[2024-07-24T23:00:52.737+0800][13.159s][gc,reloc    ] GC(170) Large Pages: 62 / 124M, Empty: 120M, Relocated: 0M, In-Place: 0
[2024-07-24T23:00:52.737+0800][13.159s][gc,reloc    ] GC(170) Forwarding Usage: 0M
[2024-07-24T23:00:52.737+0800][13.159s][gc,heap     ] GC(170) Min Capacity: 8M(6%)
[2024-07-24T23:00:52.737+0800][13.159s][gc,heap     ] GC(170) Max Capacity: 128M(100%)
[2024-07-24T23:00:52.737+0800][13.159s][gc,heap     ] GC(170) Soft Max Capacity: 128M(100%)
[2024-07-24T23:00:52.737+0800][13.159s][gc,heap     ] GC(170)                Mark Start          Mark End        Relocate Start      Relocate End           High               Low         
[2024-07-24T23:00:52.737+0800][13.159s][gc,heap     ] GC(170)  Capacity:      128M (100%)        128M (100%)        128M (100%)        128M (100%)        128M (100%)        128M (100%)   
[2024-07-24T23:00:52.737+0800][13.159s][gc,heap     ] GC(170)      Free:        0M (0%)            0M (0%)          120M (94%)         120M (94%)         122M (95%)           0M (0%)     
[2024-07-24T23:00:52.737+0800][13.159s][gc,heap     ] GC(170)      Used:      128M (100%)        128M (100%)          8M (6%)            8M (6%)          128M (100%)          6M (5%)     
[2024-07-24T23:00:52.737+0800][13.159s][gc,heap     ] GC(170)      Live:         -                 5M (4%)            5M (4%)            5M (4%)             -                  -          
[2024-07-24T23:00:52.737+0800][13.159s][gc,heap     ] GC(170) Allocated:         -                 0M (0%)            2M (2%)            2M (2%)             -                  -          
[2024-07-24T23:00:52.737+0800][13.159s][gc,heap     ] GC(170)   Garbage:         -               122M (96%)           0M (1%)            0M (1%)             -                  -          
[2024-07-24T23:00:52.737+0800][13.159s][gc,heap     ] GC(170) Reclaimed:         -                  -               122M (95%)         122M (95%)            -                  -          
[2024-07-24T23:00:52.737+0800][13.159s][gc          ] GC(170) Garbage Collection (Allocation Stall) 128M(100%)->8M(6%)
[2024-07-24T23:00:52.747+0800][13.169s][gc,start    ] GC(171) Garbage Collection (Allocation Rate)
[2024-07-24T23:00:52.747+0800][13.169s][gc,task     ] GC(171) Using 1 workers
[2024-07-24T23:00:52.747+0800][13.169s][gc,phases   ] GC(171) Pause Mark Start 0.007ms
[2024-07-24T23:00:52.750+0800][13.171s][gc,phases   ] GC(171) Concurrent Mark 2.219ms
[2024-07-24T23:00:52.750+0800][13.172s][gc,phases   ] GC(171) Pause Mark End 0.008ms
[2024-07-24T23:00:52.750+0800][13.172s][gc,phases   ] GC(171) Concurrent Mark Free 0.001ms
[2024-07-24T23:00:52.751+0800][13.173s][gc,phases   ] GC(171) Concurrent Process Non-Strong References 0.923ms
[2024-07-24T23:00:52.751+0800][13.173s][gc,phases   ] GC(171) Concurrent Reset Relocation Set 0.000ms
[2024-07-24T23:00:52.753+0800][13.174s][gc,phases   ] GC(171) Concurrent Select Relocation Set 1.738ms
[2024-07-24T23:00:52.753+0800][13.175s][gc,phases   ] GC(171) Pause Relocate Start 0.004ms
[2024-07-24T23:00:52.754+0800][13.176s][gc,phases   ] GC(171) Concurrent Relocate 0.871ms
[2024-07-24T23:00:52.754+0800][13.176s][gc,load     ] GC(171) Load: 0.00/0.00/0.00
[2024-07-24T23:00:52.754+0800][13.176s][gc,mmu      ] GC(171) MMU: 2ms/94.0%, 5ms/97.6%, 10ms/98.7%, 20ms/99.2%, 50ms/99.7%, 100ms/99.8%
[2024-07-24T23:00:52.754+0800][13.176s][gc,marking  ] GC(171) Mark: 1 stripe(s), 1 proactive flush(es), 1 terminate flush(es), 0 completion(s), 0 continuation(s) 
[2024-07-24T23:00:52.754+0800][13.176s][gc,marking  ] GC(171) Mark Stack Usage: 32M
[2024-07-24T23:00:52.754+0800][13.176s][gc,nmethod  ] GC(171) NMethods: 299 registered, 0 unregistered
[2024-07-24T23:00:52.754+0800][13.176s][gc,metaspace] GC(171) Metaspace: 0M used, 0M committed, 1088M reserved
[2024-07-24T23:00:52.754+0800][13.176s][gc,ref      ] GC(171) Soft: 62 encountered, 0 discovered, 0 enqueued
[2024-07-24T23:00:52.754+0800][13.176s][gc,ref      ] GC(171) Weak: 187 encountered, 170 discovered, 0 enqueued
[2024-07-24T23:00:52.754+0800][13.176s][gc,ref      ] GC(171) Final: 0 encountered, 0 discovered, 0 enqueued
[2024-07-24T23:00:52.754+0800][13.176s][gc,ref      ] GC(171) Phantom: 1 encountered, 0 discovered, 0 enqueued
[2024-07-24T23:00:52.754+0800][13.176s][gc,reloc    ] GC(171) Small Pages: 2 / 4M, Empty: 0M, Relocated: 1M, In-Place: 0
[2024-07-24T23:00:52.754+0800][13.176s][gc,reloc    ] GC(171) Medium Pages: 0 / 0M, Empty: 0M, Relocated: 0M, In-Place: 0
[2024-07-24T23:00:52.754+0800][13.176s][gc,reloc    ] GC(171) Large Pages: 10 / 20M, Empty: 0M, Relocated: 0M, In-Place: 0
[2024-07-24T23:00:52.754+0800][13.176s][gc,reloc    ] GC(171) Forwarding Usage: 0M
[2024-07-24T23:00:52.754+0800][13.176s][gc,heap     ] GC(171) Min Capacity: 8M(6%)
[2024-07-24T23:00:52.754+0800][13.176s][gc,heap     ] GC(171) Max Capacity: 128M(100%)
[2024-07-24T23:00:52.754+0800][13.176s][gc,heap     ] GC(171) Soft Max Capacity: 128M(100%)
[2024-07-24T23:00:52.754+0800][13.176s][gc,heap     ] GC(171)                Mark Start          Mark End        Relocate Start      Relocate End           High               Low         
[2024-07-24T23:00:52.754+0800][13.176s][gc,heap     ] GC(171)  Capacity:      128M (100%)        128M (100%)        128M (100%)        128M (100%)        128M (100%)        128M (100%)   
[2024-07-24T23:00:52.754+0800][13.176s][gc,heap     ] GC(171)      Free:      104M (81%)         104M (81%)         104M (81%)         106M (83%)         106M (83%)         102M (80%)    
[2024-07-24T23:00:52.754+0800][13.176s][gc,heap     ] GC(171)      Used:       24M (19%)          24M (19%)          24M (19%)          22M (17%)          26M (20%)          22M (17%)    
[2024-07-24T23:00:52.754+0800][13.176s][gc,heap     ] GC(171)      Live:         -                21M (17%)          21M (17%)          21M (17%)            -                  -          
[2024-07-24T23:00:52.754+0800][13.176s][gc,heap     ] GC(171) Allocated:         -                 0M (0%)            0M (0%)            0M (0%)             -                  -          
[2024-07-24T23:00:52.754+0800][13.176s][gc,heap     ] GC(171)   Garbage:         -                 2M (2%)            2M (2%)            0M (1%)             -                  -          
[2024-07-24T23:00:52.754+0800][13.176s][gc,heap     ] GC(171) Reclaimed:         -                  -                 0M (0%)            2M (2%)             -                  -          
[2024-07-24T23:00:52.754+0800][13.176s][gc          ] GC(171) Garbage Collection (Allocation Rate) 24M(19%)->22M(17%)
[2024-07-24T23:00:52.843+0800][13.264s][gc,start    ] GC(172) Garbage Collection (Allocation Rate)
[2024-07-24T23:00:52.843+0800][13.264s][gc,task     ] GC(172) Using 1 workers
[2024-07-24T23:00:52.843+0800][13.264s][gc,phases   ] GC(172) Pause Mark Start 0.006ms
[2024-07-24T23:00:52.846+0800][13.268s][gc,phases   ] GC(172) Concurrent Mark 3.778ms
[2024-07-24T23:00:52.846+0800][13.268s][gc,phases   ] GC(172) Pause Mark End 0.008ms
[2024-07-24T23:00:52.847+0800][13.268s][gc,phases   ] GC(172) Concurrent Mark Free 0.001ms
[2024-07-24T23:00:52.848+0800][13.269s][gc,phases   ] GC(172) Concurrent Process Non-Strong References 0.980ms
[2024-07-24T23:00:52.848+0800][13.270s][gc,phases   ] GC(172) Concurrent Reset Relocation Set 0.001ms
[2024-07-24T23:00:52.850+0800][13.272s][gc          ] Allocation Stall (main) 6.917ms
[2024-07-24T23:00:52.850+0800][13.272s][gc,phases   ] GC(172) Concurrent Select Relocation Set 2.300ms
[2024-07-24T23:00:52.850+0800][13.272s][gc,phases   ] GC(172) Pause Relocate Start 0.008ms
[2024-07-24T23:00:52.850+0800][13.272s][gc,phases   ] GC(172) Concurrent Relocate 0.110ms
[2024-07-24T23:00:52.850+0800][13.272s][gc,load     ] GC(172) Load: 0.00/0.00/0.00
[2024-07-24T23:00:52.850+0800][13.272s][gc,mmu      ] GC(172) MMU: 2ms/94.0%, 5ms/97.6%, 10ms/98.7%, 20ms/99.2%, 50ms/99.7%, 100ms/99.8%
[2024-07-24T23:00:52.850+0800][13.272s][gc,marking  ] GC(172) Mark: 1 stripe(s), 2 proactive flush(es), 1 terminate flush(es), 0 completion(s), 0 continuation(s) 
[2024-07-24T23:00:52.850+0800][13.272s][gc,marking  ] GC(172) Mark Stack Usage: 32M
[2024-07-24T23:00:52.850+0800][13.272s][gc,nmethod  ] GC(172) NMethods: 299 registered, 0 unregistered
[2024-07-24T23:00:52.850+0800][13.272s][gc,metaspace] GC(172) Metaspace: 0M used, 0M committed, 1088M reserved
[2024-07-24T23:00:52.850+0800][13.272s][gc,ref      ] GC(172) Soft: 62 encountered, 0 discovered, 0 enqueued
[2024-07-24T23:00:52.851+0800][13.272s][gc,ref      ] GC(172) Weak: 187 encountered, 170 discovered, 0 enqueued
[2024-07-24T23:00:52.851+0800][13.272s][gc,ref      ] GC(172) Final: 0 encountered, 0 discovered, 0 enqueued
[2024-07-24T23:00:52.851+0800][13.273s][gc,ref      ] GC(172) Phantom: 1 encountered, 0 discovered, 0 enqueued
[2024-07-24T23:00:52.851+0800][13.273s][gc,reloc    ] GC(172) Small Pages: 2 / 4M, Empty: 2M, Relocated: 0M, In-Place: 0
[2024-07-24T23:00:52.851+0800][13.273s][gc,reloc    ] GC(172) Medium Pages: 0 / 0M, Empty: 0M, Relocated: 0M, In-Place: 0
[2024-07-24T23:00:52.851+0800][13.273s][gc,reloc    ] GC(172) Large Pages: 62 / 124M, Empty: 120M, Relocated: 0M, In-Place: 0
[2024-07-24T23:00:52.851+0800][13.273s][gc,reloc    ] GC(172) Forwarding Usage: 0M
[2024-07-24T23:00:52.851+0800][13.273s][gc,heap     ] GC(172) Min Capacity: 8M(6%)
[2024-07-24T23:00:52.851+0800][13.273s][gc,heap     ] GC(172) Max Capacity: 128M(100%)
[2024-07-24T23:00:52.851+0800][13.273s][gc,heap     ] GC(172) Soft Max Capacity: 128M(100%)
[2024-07-24T23:00:52.851+0800][13.273s][gc,heap     ] GC(172)                Mark Start          Mark End        Relocate Start      Relocate End           High               Low         
[2024-07-24T23:00:52.851+0800][13.273s][gc,heap     ] GC(172)  Capacity:      128M (100%)        128M (100%)        128M (100%)        128M (100%)        128M (100%)        128M (100%)   
[2024-07-24T23:00:52.851+0800][13.273s][gc,heap     ] GC(172)      Free:        0M (0%)            0M (0%)          120M (94%)         116M (91%)         122M (95%)           0M (0%)     
[2024-07-24T23:00:52.851+0800][13.273s][gc,heap     ] GC(172)      Used:      128M (100%)        128M (100%)          8M (6%)           12M (9%)          128M (100%)          6M (5%)     
[2024-07-24T23:00:52.851+0800][13.273s][gc,heap     ] GC(172)      Live:         -                 5M (4%)            5M (4%)            5M (4%)             -                  -          
[2024-07-24T23:00:52.851+0800][13.273s][gc,heap     ] GC(172) Allocated:         -                 0M (0%)            2M (2%)            6M (5%)             -                  -          
[2024-07-24T23:00:52.851+0800][13.273s][gc,heap     ] GC(172)   Garbage:         -               122M (96%)           0M (1%)            0M (1%)             -                  -          
[2024-07-24T23:00:52.851+0800][13.273s][gc,heap     ] GC(172) Reclaimed:         -                  -               122M (95%)         122M (95%)            -                  -          
[2024-07-24T23:00:52.851+0800][13.273s][gc          ] GC(172) Garbage Collection (Allocation Rate) 128M(100%)->12M(9%)
[2024-07-24T23:00:52.938+0800][13.359s][gc,start    ] GC(173) Garbage Collection (Allocation Stall)
[2024-07-24T23:00:52.938+0800][13.360s][gc,ref      ] GC(173) Clearing All SoftReferences
[2024-07-24T23:00:52.938+0800][13.360s][gc,task     ] GC(173) Using 1 workers
[2024-07-24T23:00:52.939+0800][13.360s][gc,ref      ] GC(173) Clearing All SoftReferences
[2024-07-24T23:00:52.939+0800][13.360s][gc,phases   ] GC(173) Pause Mark Start 0.056ms
[2024-07-24T23:00:52.941+0800][13.363s][gc,phases   ] GC(173) Concurrent Mark 2.408ms
[2024-07-24T23:00:52.942+0800][13.363s][gc,phases   ] GC(173) Pause Mark End 0.008ms
[2024-07-24T23:00:52.942+0800][13.363s][gc,phases   ] GC(173) Concurrent Mark Free 0.001ms
[2024-07-24T23:00:52.943+0800][13.364s][gc,phases   ] GC(173) Concurrent Process Non-Strong References 0.877ms
[2024-07-24T23:00:52.943+0800][13.364s][gc,phases   ] GC(173) Concurrent Reset Relocation Set 0.000ms
[2024-07-24T23:00:52.944+0800][13.365s][gc,phases   ] GC(173) Concurrent Select Relocation Set 1.442ms
[2024-07-24T23:00:52.944+0800][13.366s][gc,phases   ] GC(173) Pause Relocate Start 0.009ms
[2024-07-24T23:00:52.944+0800][13.366s][gc,phases   ] GC(173) Concurrent Relocate 0.073ms
[2024-07-24T23:00:52.944+0800][13.366s][gc,load     ] GC(173) Load: 0.00/0.00/0.00
[2024-07-24T23:00:52.944+0800][13.366s][gc,mmu      ] GC(173) MMU: 2ms/94.0%, 5ms/97.6%, 10ms/98.7%, 20ms/99.2%, 50ms/99.7%, 100ms/99.8%
[2024-07-24T23:00:52.944+0800][13.366s][gc,marking  ] GC(173) Mark: 1 stripe(s), 2 proactive flush(es), 1 terminate flush(es), 0 completion(s), 0 continuation(s) 
[2024-07-24T23:00:52.944+0800][13.366s][gc,marking  ] GC(173) Mark Stack Usage: 32M
[2024-07-24T23:00:52.945+0800][13.366s][gc,nmethod  ] GC(173) NMethods: 299 registered, 0 unregistered
[2024-07-24T23:00:52.945+0800][13.366s][gc,metaspace] GC(173) Metaspace: 0M used, 0M committed, 1088M reserved
[2024-07-24T23:00:52.945+0800][13.366s][gc,ref      ] GC(173) Soft: 62 encountered, 35 discovered, 0 enqueued
[2024-07-24T23:00:52.945+0800][13.366s][gc,ref      ] GC(173) Weak: 187 encountered, 170 discovered, 0 enqueued
[2024-07-24T23:00:52.945+0800][13.366s][gc,ref      ] GC(173) Final: 0 encountered, 0 discovered, 0 enqueued
[2024-07-24T23:00:52.945+0800][13.366s][gc,ref      ] GC(173) Phantom: 1 encountered, 0 discovered, 0 enqueued
[2024-07-24T23:00:52.945+0800][13.366s][gc,reloc    ] GC(173) Small Pages: 2 / 4M, Empty: 2M, Relocated: 0M, In-Place: 0
[2024-07-24T23:00:52.945+0800][13.366s][gc,reloc    ] GC(173) Medium Pages: 0 / 0M, Empty: 0M, Relocated: 0M, In-Place: 0
[2024-07-24T23:00:52.945+0800][13.366s][gc,reloc    ] GC(173) Large Pages: 55 / 110M, Empty: 108M, Relocated: 0M, In-Place: 0
[2024-07-24T23:00:52.945+0800][13.366s][gc,reloc    ] GC(173) Forwarding Usage: 0M
[2024-07-24T23:00:52.945+0800][13.366s][gc,heap     ] GC(173) Min Capacity: 8M(6%)
[2024-07-24T23:00:52.945+0800][13.366s][gc,heap     ] GC(173) Max Capacity: 128M(100%)
[2024-07-24T23:00:52.945+0800][13.366s][gc,heap     ] GC(173) Soft Max Capacity: 128M(100%)
[2024-07-24T23:00:52.945+0800][13.366s][gc,heap     ] GC(173)                Mark Start          Mark End        Relocate Start      Relocate End           High               Low         
[2024-07-24T23:00:52.945+0800][13.366s][gc,heap     ] GC(173)  Capacity:      128M (100%)        128M (100%)        128M (100%)        128M (100%)        128M (100%)        128M (100%)   
[2024-07-24T23:00:52.945+0800][13.366s][gc,heap     ] GC(173)      Free:       14M (11%)           2M (2%)          112M (88%)         112M (88%)         112M (88%)           2M (2%)     
[2024-07-24T23:00:52.945+0800][13.366s][gc,heap     ] GC(173)      Used:      114M (89%)         126M (98%)          16M (12%)          16M (12%)         126M (98%)          16M (12%)    
[2024-07-24T23:00:52.945+0800][13.366s][gc,heap     ] GC(173)      Live:         -                 3M (3%)            3M (3%)            3M (3%)             -                  -          
[2024-07-24T23:00:52.945+0800][13.366s][gc,heap     ] GC(173) Allocated:         -                12M (9%)           12M (9%)           12M (9%)             -                  -          
[2024-07-24T23:00:52.945+0800][13.366s][gc,heap     ] GC(173)   Garbage:         -               110M (87%)           0M (1%)            0M (1%)             -                  -          
[2024-07-24T23:00:52.945+0800][13.366s][gc,heap     ] GC(173) Reclaimed:         -                  -               110M (86%)         110M (86%)            -                  -          
[2024-07-24T23:00:52.945+0800][13.366s][gc          ] GC(173) Garbage Collection (Allocation Stall) 114M(89%)->16M(12%)
[2024-07-24T23:00:53.034+0800][13.455s][gc,start    ] GC(174) Garbage Collection (Allocation Rate)
[2024-07-24T23:00:53.034+0800][13.456s][gc,task     ] GC(174) Using 1 workers
[2024-07-24T23:00:53.035+0800][13.456s][gc,phases   ] GC(174) Pause Mark Start 0.008ms
[2024-07-24T23:00:53.037+0800][13.459s][gc,phases   ] GC(174) Concurrent Mark 2.452ms
[2024-07-24T23:00:53.038+0800][13.459s][gc,phases   ] GC(174) Pause Mark End 0.013ms
[2024-07-24T23:00:53.038+0800][13.459s][gc,phases   ] GC(174) Concurrent Mark Free 0.001ms
[2024-07-24T23:00:53.039+0800][13.460s][gc,phases   ] GC(174) Concurrent Process Non-Strong References 0.826ms
[2024-07-24T23:00:53.039+0800][13.460s][gc,phases   ] GC(174) Concurrent Reset Relocation Set 0.000ms
[2024-07-24T23:00:53.040+0800][13.461s][gc          ] Allocation Stall (main) 4.246ms
[2024-07-24T23:00:53.040+0800][13.462s][gc,phases   ] GC(174) Concurrent Select Relocation Set 1.605ms
[2024-07-24T23:00:53.040+0800][13.462s][gc,phases   ] GC(174) Pause Relocate Start 0.004ms
[2024-07-24T23:00:53.041+0800][13.462s][gc,phases   ] GC(174) Concurrent Relocate 0.107ms
[2024-07-24T23:00:53.041+0800][13.462s][gc,load     ] GC(174) Load: 0.00/0.00/0.00
[2024-07-24T23:00:53.041+0800][13.462s][gc,mmu      ] GC(174) MMU: 2ms/94.0%, 5ms/97.6%, 10ms/98.7%, 20ms/99.2%, 50ms/99.7%, 100ms/99.8%
[2024-07-24T23:00:53.041+0800][13.462s][gc,marking  ] GC(174) Mark: 1 stripe(s), 2 proactive flush(es), 1 terminate flush(es), 0 completion(s), 0 continuation(s) 
[2024-07-24T23:00:53.041+0800][13.462s][gc,marking  ] GC(174) Mark Stack Usage: 32M
[2024-07-24T23:00:53.041+0800][13.462s][gc,nmethod  ] GC(174) NMethods: 299 registered, 0 unregistered
[2024-07-24T23:00:53.041+0800][13.462s][gc,metaspace] GC(174) Metaspace: 0M used, 0M committed, 1088M reserved
[2024-07-24T23:00:53.041+0800][13.462s][gc,ref      ] GC(174) Soft: 62 encountered, 0 discovered, 0 enqueued
[2024-07-24T23:00:53.041+0800][13.462s][gc,ref      ] GC(174) Weak: 187 encountered, 170 discovered, 0 enqueued
[2024-07-24T23:00:53.041+0800][13.462s][gc,ref      ] GC(174) Final: 0 encountered, 0 discovered, 0 enqueued
[2024-07-24T23:00:53.041+0800][13.462s][gc,ref      ] GC(174) Phantom: 1 encountered, 0 discovered, 0 enqueued
[2024-07-24T23:00:53.041+0800][13.462s][gc,reloc    ] GC(174) Small Pages: 2 / 4M, Empty: 2M, Relocated: 0M, In-Place: 0
[2024-07-24T23:00:53.041+0800][13.462s][gc,reloc    ] GC(174) Medium Pages: 0 / 0M, Empty: 0M, Relocated: 0M, In-Place: 0
[2024-07-24T23:00:53.041+0800][13.462s][gc,reloc    ] GC(174) Large Pages: 61 / 122M, Empty: 92M, Relocated: 0M, In-Place: 0
[2024-07-24T23:00:53.041+0800][13.462s][gc,reloc    ] GC(174) Forwarding Usage: 0M
[2024-07-24T23:00:53.041+0800][13.462s][gc,heap     ] GC(174) Min Capacity: 8M(6%)
[2024-07-24T23:00:53.041+0800][13.462s][gc,heap     ] GC(174) Max Capacity: 128M(100%)
[2024-07-24T23:00:53.041+0800][13.462s][gc,heap     ] GC(174) Soft Max Capacity: 128M(100%)
[2024-07-24T23:00:53.041+0800][13.462s][gc,heap     ] GC(174)                Mark Start          Mark End        Relocate Start      Relocate End           High               Low         
[2024-07-24T23:00:53.041+0800][13.462s][gc,heap     ] GC(174)  Capacity:      128M (100%)        128M (100%)        128M (100%)        128M (100%)        128M (100%)        128M (100%)   
[2024-07-24T23:00:53.041+0800][13.462s][gc,heap     ] GC(174)      Free:        2M (2%)            0M (0%)           92M (72%)          88M (69%)          94M (73%)           0M (0%)     
[2024-07-24T23:00:53.041+0800][13.462s][gc,heap     ] GC(174)      Used:      126M (98%)         128M (100%)         36M (28%)          40M (31%)         128M (100%)         34M (27%)    
[2024-07-24T23:00:53.041+0800][13.462s][gc,heap     ] GC(174)      Live:         -                31M (24%)          31M (24%)          31M (24%)            -                  -          
[2024-07-24T23:00:53.041+0800][13.462s][gc,heap     ] GC(174) Allocated:         -                 2M (2%)            4M (3%)            8M (6%)             -                  -          
[2024-07-24T23:00:53.041+0800][13.462s][gc,heap     ] GC(174)   Garbage:         -                94M (74%)           0M (1%)            0M (1%)             -                  -          
[2024-07-24T23:00:53.041+0800][13.462s][gc,heap     ] GC(174) Reclaimed:         -                  -                94M (73%)          94M (73%)            -                  -          
[2024-07-24T23:00:53.041+0800][13.462s][gc          ] GC(174) Garbage Collection (Allocation Rate) 126M(98%)->40M(31%)
[2024-07-24T23:00:53.129+0800][13.551s][gc,start    ] GC(175) Garbage Collection (Allocation Stall)
[2024-07-24T23:00:53.129+0800][13.551s][gc,ref      ] GC(175) Clearing All SoftReferences
[2024-07-24T23:00:53.129+0800][13.551s][gc,task     ] GC(175) Using 1 workers
[2024-07-24T23:00:53.129+0800][13.551s][gc,ref      ] GC(175) Clearing All SoftReferences
[2024-07-24T23:00:53.129+0800][13.551s][gc,phases   ] GC(175) Pause Mark Start 0.059ms
[2024-07-24T23:00:53.131+0800][13.553s][gc,phases   ] GC(175) Concurrent Mark 2.039ms
[2024-07-24T23:00:53.131+0800][13.553s][gc,phases   ] GC(175) Pause Mark End 0.006ms
[2024-07-24T23:00:53.131+0800][13.553s][gc,phases   ] GC(175) Concurrent Mark Free 0.001ms
[2024-07-24T23:00:53.132+0800][13.554s][gc,phases   ] GC(175) Concurrent Process Non-Strong References 0.821ms
[2024-07-24T23:00:53.132+0800][13.554s][gc,phases   ] GC(175) Concurrent Reset Relocation Set 0.000ms
[2024-07-24T23:00:53.133+0800][13.556s][gc          ] Allocation Stall (main) 5.190ms
[2024-07-24T23:00:53.133+0800][13.556s][gc,phases   ] GC(175) Concurrent Select Relocation Set 1.520ms
[2024-07-24T23:00:53.134+0800][13.556s][gc,phases   ] GC(175) Pause Relocate Start 0.007ms
[2024-07-24T23:00:53.134+0800][13.556s][gc,phases   ] GC(175) Concurrent Relocate 0.031ms
[2024-07-24T23:00:53.134+0800][13.556s][gc,load     ] GC(175) Load: 0.00/0.00/0.00
[2024-07-24T23:00:53.134+0800][13.556s][gc,mmu      ] GC(175) MMU: 2ms/94.0%, 5ms/97.6%, 10ms/98.7%, 20ms/99.2%, 50ms/99.7%, 100ms/99.8%
[2024-07-24T23:00:53.134+0800][13.556s][gc,marking  ] GC(175) Mark: 1 stripe(s), 1 proactive flush(es), 1 terminate flush(es), 0 completion(s), 0 continuation(s) 
[2024-07-24T23:00:53.134+0800][13.556s][gc,marking  ] GC(175) Mark Stack Usage: 32M
[2024-07-24T23:00:53.134+0800][13.556s][gc,nmethod  ] GC(175) NMethods: 299 registered, 0 unregistered
[2024-07-24T23:00:53.134+0800][13.556s][gc,metaspace] GC(175) Metaspace: 0M used, 0M committed, 1088M reserved
[2024-07-24T23:00:53.134+0800][13.556s][gc,ref      ] GC(175) Soft: 62 encountered, 37 discovered, 0 enqueued
[2024-07-24T23:00:53.134+0800][13.556s][gc,ref      ] GC(175) Weak: 187 encountered, 170 discovered, 0 enqueued
[2024-07-24T23:00:53.134+0800][13.556s][gc,ref      ] GC(175) Final: 0 encountered, 0 discovered, 0 enqueued
[2024-07-24T23:00:53.134+0800][13.556s][gc,ref      ] GC(175) Phantom: 1 encountered, 0 discovered, 0 enqueued
[2024-07-24T23:00:53.134+0800][13.556s][gc,reloc    ] GC(175) Small Pages: 2 / 4M, Empty: 2M, Relocated: 0M, In-Place: 0
[2024-07-24T23:00:53.134+0800][13.556s][gc,reloc    ] GC(175) Medium Pages: 0 / 0M, Empty: 0M, Relocated: 0M, In-Place: 0
[2024-07-24T23:00:53.134+0800][13.556s][gc,reloc    ] GC(175) Large Pages: 62 / 124M, Empty: 120M, Relocated: 0M, In-Place: 0
[2024-07-24T23:00:53.134+0800][13.556s][gc,reloc    ] GC(175) Forwarding Usage: 0M
[2024-07-24T23:00:53.134+0800][13.556s][gc,heap     ] GC(175) Min Capacity: 8M(6%)
[2024-07-24T23:00:53.134+0800][13.556s][gc,heap     ] GC(175) Max Capacity: 128M(100%)
[2024-07-24T23:00:53.134+0800][13.556s][gc,heap     ] GC(175) Soft Max Capacity: 128M(100%)
[2024-07-24T23:00:53.134+0800][13.556s][gc,heap     ] GC(175)                Mark Start          Mark End        Relocate Start      Relocate End           High               Low         
[2024-07-24T23:00:53.134+0800][13.556s][gc,heap     ] GC(175)  Capacity:      128M (100%)        128M (100%)        128M (100%)        128M (100%)        128M (100%)        128M (100%)   
[2024-07-24T23:00:53.134+0800][13.556s][gc,heap     ] GC(175)      Free:        0M (0%)            0M (0%)          120M (94%)         120M (94%)         122M (95%)           0M (0%)     
[2024-07-24T23:00:53.134+0800][13.556s][gc,heap     ] GC(175)      Used:      128M (100%)        128M (100%)          8M (6%)            8M (6%)          128M (100%)          6M (5%)     
[2024-07-24T23:00:53.134+0800][13.556s][gc,heap     ] GC(175)      Live:         -                 5M (4%)            5M (4%)            5M (4%)             -                  -          
[2024-07-24T23:00:53.134+0800][13.556s][gc,heap     ] GC(175) Allocated:         -                 0M (0%)            2M (2%)            2M (2%)             -                  -          
[2024-07-24T23:00:53.134+0800][13.556s][gc,heap     ] GC(175)   Garbage:         -               122M (96%)           0M (1%)            0M (1%)             -                  -          
[2024-07-24T23:00:53.134+0800][13.556s][gc,heap     ] GC(175) Reclaimed:         -                  -               122M (95%)         122M (95%)            -                  -          
[2024-07-24T23:00:53.134+0800][13.556s][gc          ] GC(175) Garbage Collection (Allocation Stall) 128M(100%)->8M(6%)
[2024-07-24T23:00:53.145+0800][13.566s][gc,start    ] GC(176) Garbage Collection (Allocation Rate)
[2024-07-24T23:00:53.145+0800][13.566s][gc,task     ] GC(176) Using 1 workers
[2024-07-24T23:00:53.145+0800][13.567s][gc,phases   ] GC(176) Pause Mark Start 0.007ms
[2024-07-24T23:00:53.147+0800][13.569s][gc,phases   ] GC(176) Concurrent Mark 2.210ms
[2024-07-24T23:00:53.147+0800][13.569s][gc,phases   ] GC(176) Pause Mark End 0.008ms
[2024-07-24T23:00:53.147+0800][13.569s][gc,phases   ] GC(176) Concurrent Mark Free 0.001ms
[2024-07-24T23:00:53.148+0800][13.570s][gc,phases   ] GC(176) Concurrent Process Non-Strong References 0.727ms
[2024-07-24T23:00:53.148+0800][13.570s][gc,phases   ] GC(176) Concurrent Reset Relocation Set 0.000ms
[2024-07-24T23:00:53.150+0800][13.573s][gc,phases   ] GC(176) Concurrent Select Relocation Set 2.519ms
[2024-07-24T23:00:53.151+0800][13.573s][gc,phases   ] GC(176) Pause Relocate Start 0.008ms
[2024-07-24T23:00:53.152+0800][13.574s][gc,phases   ] GC(176) Concurrent Relocate 1.017ms
[2024-07-24T23:00:53.152+0800][13.574s][gc,load     ] GC(176) Load: 0.00/0.00/0.00
[2024-07-24T23:00:53.152+0800][13.574s][gc,mmu      ] GC(176) MMU: 2ms/94.0%, 5ms/97.6%, 10ms/98.7%, 20ms/99.2%, 50ms/99.7%, 100ms/99.8%
[2024-07-24T23:00:53.152+0800][13.574s][gc,marking  ] GC(176) Mark: 1 stripe(s), 2 proactive flush(es), 1 terminate flush(es), 0 completion(s), 0 continuation(s) 
[2024-07-24T23:00:53.152+0800][13.574s][gc,marking  ] GC(176) Mark Stack Usage: 32M
[2024-07-24T23:00:53.152+0800][13.574s][gc,nmethod  ] GC(176) NMethods: 299 registered, 0 unregistered
[2024-07-24T23:00:53.152+0800][13.574s][gc,metaspace] GC(176) Metaspace: 0M used, 0M committed, 1088M reserved
[2024-07-24T23:00:53.152+0800][13.574s][gc,ref      ] GC(176) Soft: 62 encountered, 0 discovered, 0 enqueued
[2024-07-24T23:00:53.152+0800][13.574s][gc,ref      ] GC(176) Weak: 187 encountered, 170 discovered, 0 enqueued
[2024-07-24T23:00:53.152+0800][13.574s][gc,ref      ] GC(176) Final: 0 encountered, 0 discovered, 0 enqueued
[2024-07-24T23:00:53.152+0800][13.574s][gc,ref      ] GC(176) Phantom: 1 encountered, 0 discovered, 0 enqueued
[2024-07-24T23:00:53.152+0800][13.574s][gc,reloc    ] GC(176) Small Pages: 2 / 4M, Empty: 0M, Relocated: 1M, In-Place: 0
[2024-07-24T23:00:53.152+0800][13.574s][gc,reloc    ] GC(176) Medium Pages: 0 / 0M, Empty: 0M, Relocated: 0M, In-Place: 0
[2024-07-24T23:00:53.152+0800][13.574s][gc,reloc    ] GC(176) Large Pages: 10 / 20M, Empty: 0M, Relocated: 0M, In-Place: 0
[2024-07-24T23:00:53.152+0800][13.574s][gc,reloc    ] GC(176) Forwarding Usage: 0M
[2024-07-24T23:00:53.152+0800][13.574s][gc,heap     ] GC(176) Min Capacity: 8M(6%)
[2024-07-24T23:00:53.152+0800][13.574s][gc,heap     ] GC(176) Max Capacity: 128M(100%)
[2024-07-24T23:00:53.152+0800][13.574s][gc,heap     ] GC(176) Soft Max Capacity: 128M(100%)
[2024-07-24T23:00:53.152+0800][13.574s][gc,heap     ] GC(176)                Mark Start          Mark End        Relocate Start      Relocate End           High               Low         
[2024-07-24T23:00:53.152+0800][13.574s][gc,heap     ] GC(176)  Capacity:      128M (100%)        128M (100%)        128M (100%)        128M (100%)        128M (100%)        128M (100%)   
[2024-07-24T23:00:53.152+0800][13.574s][gc,heap     ] GC(176)      Free:      104M (81%)          94M (73%)          82M (64%)          84M (66%)         104M (81%)          80M (62%)    
[2024-07-24T23:00:53.152+0800][13.574s][gc,heap     ] GC(176)      Used:       24M (19%)          34M (27%)          46M (36%)          44M (34%)          48M (38%)          24M (19%)    
[2024-07-24T23:00:53.152+0800][13.575s][gc,heap     ] GC(176)      Live:         -                21M (17%)          21M (17%)          21M (17%)            -                  -          
[2024-07-24T23:00:53.152+0800][13.575s][gc,heap     ] GC(176) Allocated:         -                10M (8%)           22M (17%)          21M (17%)            -                  -          
[2024-07-24T23:00:53.152+0800][13.575s][gc,heap     ] GC(176)   Garbage:         -                 2M (2%)            2M (2%)            0M (1%)             -                  -          
[2024-07-24T23:00:53.152+0800][13.575s][gc,heap     ] GC(176) Reclaimed:         -                  -                 0M (0%)            1M (2%)             -                  -          
[2024-07-24T23:00:53.152+0800][13.575s][gc          ] GC(176) Garbage Collection (Allocation Rate) 24M(19%)->44M(34%)
[2024-07-24T23:00:53.233+0800][13.654s][gc,start    ] GC(177) Garbage Collection (Allocation Rate)
[2024-07-24T23:00:53.233+0800][13.655s][gc,task     ] GC(177) Using 1 workers
[2024-07-24T23:00:53.233+0800][13.655s][gc,phases   ] GC(177) Pause Mark Start 0.005ms
[2024-07-24T23:00:53.236+0800][13.658s][gc,phases   ] GC(177) Concurrent Mark 3.333ms
[2024-07-24T23:00:53.237+0800][13.659s][gc,phases   ] GC(177) Pause Mark End 0.006ms
[2024-07-24T23:00:53.237+0800][13.659s][gc,phases   ] GC(177) Concurrent Mark Free 0.001ms
[2024-07-24T23:00:53.238+0800][13.660s][gc,phases   ] GC(177) Concurrent Process Non-Strong References 0.909ms
[2024-07-24T23:00:53.238+0800][13.660s][gc,phases   ] GC(177) Concurrent Reset Relocation Set 0.001ms
[2024-07-24T23:00:53.240+0800][13.662s][gc,phases   ] GC(177) Concurrent Select Relocation Set 1.918ms
[2024-07-24T23:00:53.240+0800][13.662s][gc,phases   ] GC(177) Pause Relocate Start 0.006ms
[2024-07-24T23:00:53.241+0800][13.663s][gc,phases   ] GC(177) Concurrent Relocate 1.221ms
[2024-07-24T23:00:53.241+0800][13.663s][gc,load     ] GC(177) Load: 0.00/0.00/0.00
[2024-07-24T23:00:53.241+0800][13.663s][gc,mmu      ] GC(177) MMU: 2ms/94.0%, 5ms/97.6%, 10ms/98.7%, 20ms/99.2%, 50ms/99.7%, 100ms/99.8%
[2024-07-24T23:00:53.241+0800][13.663s][gc,marking  ] GC(177) Mark: 1 stripe(s), 1 proactive flush(es), 1 terminate flush(es), 0 completion(s), 0 continuation(s) 
[2024-07-24T23:00:53.241+0800][13.663s][gc,marking  ] GC(177) Mark Stack Usage: 32M
[2024-07-24T23:00:53.241+0800][13.663s][gc,nmethod  ] GC(177) NMethods: 299 registered, 0 unregistered
[2024-07-24T23:00:53.241+0800][13.663s][gc,metaspace] GC(177) Metaspace: 0M used, 0M committed, 1088M reserved
[2024-07-24T23:00:53.241+0800][13.663s][gc,ref      ] GC(177) Soft: 62 encountered, 0 discovered, 0 enqueued
[2024-07-24T23:00:53.241+0800][13.663s][gc,ref      ] GC(177) Weak: 187 encountered, 170 discovered, 0 enqueued
[2024-07-24T23:00:53.241+0800][13.663s][gc,ref      ] GC(177) Final: 0 encountered, 0 discovered, 0 enqueued
[2024-07-24T23:00:53.241+0800][13.663s][gc,ref      ] GC(177) Phantom: 1 encountered, 0 discovered, 0 enqueued
[2024-07-24T23:00:53.241+0800][13.663s][gc,reloc    ] GC(177) Small Pages: 2 / 4M, Empty: 0M, Relocated: 1M, In-Place: 0
[2024-07-24T23:00:53.241+0800][13.663s][gc,reloc    ] GC(177) Medium Pages: 0 / 0M, Empty: 0M, Relocated: 0M, In-Place: 0
[2024-07-24T23:00:53.242+0800][13.663s][gc,reloc    ] GC(177) Large Pages: 60 / 120M, Empty: 120M, Relocated: 0M, In-Place: 0
[2024-07-24T23:00:53.242+0800][13.663s][gc,reloc    ] GC(177) Forwarding Usage: 0M
[2024-07-24T23:00:53.242+0800][13.663s][gc,heap     ] GC(177) Min Capacity: 8M(6%)
[2024-07-24T23:00:53.242+0800][13.663s][gc,heap     ] GC(177) Max Capacity: 128M(100%)
[2024-07-24T23:00:53.242+0800][13.663s][gc,heap     ] GC(177) Soft Max Capacity: 128M(100%)
[2024-07-24T23:00:53.242+0800][13.663s][gc,heap     ] GC(177)                Mark Start          Mark End        Relocate Start      Relocate End           High               Low         
[2024-07-24T23:00:53.242+0800][13.664s][gc,heap     ] GC(177)  Capacity:      128M (100%)        128M (100%)        128M (100%)        128M (100%)        128M (100%)        128M (100%)   
[2024-07-24T23:00:53.242+0800][13.664s][gc,heap     ] GC(177)      Free:        4M (3%)            4M (3%)          120M (94%)         104M (81%)         120M (94%)           0M (0%)     
[2024-07-24T23:00:53.242+0800][13.664s][gc,heap     ] GC(177)      Used:      124M (97%)         124M (97%)           8M (6%)           24M (19%)         128M (100%)          8M (6%)     
[2024-07-24T23:00:53.242+0800][13.664s][gc,heap     ] GC(177)      Live:         -                 1M (1%)            1M (1%)            1M (1%)             -                  -          
[2024-07-24T23:00:53.242+0800][13.664s][gc,heap     ] GC(177) Allocated:         -                 0M (0%)            4M (3%)           21M (17%)            -                  -          
[2024-07-24T23:00:53.242+0800][13.664s][gc,heap     ] GC(177)   Garbage:         -               122M (96%)           2M (2%)            0M (1%)             -                  -          
[2024-07-24T23:00:53.242+0800][13.664s][gc,heap     ] GC(177) Reclaimed:         -                  -               120M (94%)         121M (95%)            -                  -          
[2024-07-24T23:00:53.242+0800][13.664s][gc          ] GC(177) Garbage Collection (Allocation Rate) 124M(97%)->24M(19%)
[2024-07-24T23:00:53.334+0800][13.755s][gc,start    ] GC(178) Garbage Collection (Allocation Rate)
[2024-07-24T23:00:53.334+0800][13.755s][gc,task     ] GC(178) Using 1 workers
[2024-07-24T23:00:53.334+0800][13.756s][gc,phases   ] GC(178) Pause Mark Start 0.006ms
[2024-07-24T23:00:53.338+0800][13.759s][gc,phases   ] GC(178) Concurrent Mark 3.081ms
[2024-07-24T23:00:53.338+0800][13.759s][gc,phases   ] GC(178) Pause Mark End 0.007ms
[2024-07-24T23:00:53.338+0800][13.759s][gc,phases   ] GC(178) Concurrent Mark Free 0.001ms
[2024-07-24T23:00:53.339+0800][13.761s][gc,phases   ] GC(178) Concurrent Process Non-Strong References 1.014ms
[2024-07-24T23:00:53.339+0800][13.761s][gc,phases   ] GC(178) Concurrent Reset Relocation Set 0.001ms
[2024-07-24T23:00:53.340+0800][13.762s][gc          ] Allocation Stall (main) 4.818ms
[2024-07-24T23:00:53.340+0800][13.762s][gc,phases   ] GC(178) Concurrent Select Relocation Set 1.409ms
[2024-07-24T23:00:53.340+0800][13.762s][gc,phases   ] GC(178) Pause Relocate Start 0.004ms
[2024-07-24T23:00:53.342+0800][13.763s][gc,phases   ] GC(178) Concurrent Relocate 0.991ms
[2024-07-24T23:00:53.342+0800][13.763s][gc,load     ] GC(178) Load: 0.00/0.00/0.00
[2024-07-24T23:00:53.342+0800][13.763s][gc,mmu      ] GC(178) MMU: 2ms/94.0%, 5ms/97.6%, 10ms/98.7%, 20ms/99.2%, 50ms/99.7%, 100ms/99.8%
[2024-07-24T23:00:53.342+0800][13.763s][gc,marking  ] GC(178) Mark: 1 stripe(s), 2 proactive flush(es), 1 terminate flush(es), 0 completion(s), 0 continuation(s) 
[2024-07-24T23:00:53.342+0800][13.763s][gc,marking  ] GC(178) Mark Stack Usage: 32M
[2024-07-24T23:00:53.342+0800][13.763s][gc,nmethod  ] GC(178) NMethods: 312 registered, 0 unregistered
[2024-07-24T23:00:53.342+0800][13.763s][gc,metaspace] GC(178) Metaspace: 0M used, 0M committed, 1088M reserved
[2024-07-24T23:00:53.342+0800][13.763s][gc,ref      ] GC(178) Soft: 62 encountered, 0 discovered, 0 enqueued
[2024-07-24T23:00:53.342+0800][13.763s][gc,ref      ] GC(178) Weak: 187 encountered, 170 discovered, 0 enqueued
[2024-07-24T23:00:53.342+0800][13.763s][gc,ref      ] GC(178) Final: 0 encountered, 0 discovered, 0 enqueued
[2024-07-24T23:00:53.342+0800][13.763s][gc,ref      ] GC(178) Phantom: 1 encountered, 0 discovered, 0 enqueued
[2024-07-24T23:00:53.342+0800][13.763s][gc,reloc    ] GC(178) Small Pages: 2 / 4M, Empty: 0M, Relocated: 1M, In-Place: 0
[2024-07-24T23:00:53.342+0800][13.763s][gc,reloc    ] GC(178) Medium Pages: 0 / 0M, Empty: 0M, Relocated: 0M, In-Place: 0
[2024-07-24T23:00:53.342+0800][13.763s][gc,reloc    ] GC(178) Large Pages: 61 / 122M, Empty: 120M, Relocated: 0M, In-Place: 0
[2024-07-24T23:00:53.342+0800][13.763s][gc,reloc    ] GC(178) Forwarding Usage: 0M
[2024-07-24T23:00:53.342+0800][13.763s][gc,heap     ] GC(178) Min Capacity: 8M(6%)
[2024-07-24T23:00:53.342+0800][13.763s][gc,heap     ] GC(178) Max Capacity: 128M(100%)
[2024-07-24T23:00:53.342+0800][13.764s][gc,heap     ] GC(178) Soft Max Capacity: 128M(100%)
[2024-07-24T23:00:53.342+0800][13.764s][gc,heap     ] GC(178)                Mark Start          Mark End        Relocate Start      Relocate End           High               Low         
[2024-07-24T23:00:53.342+0800][13.764s][gc,heap     ] GC(178)  Capacity:      128M (100%)        128M (100%)        128M (100%)        128M (100%)        128M (100%)        128M (100%)   
[2024-07-24T23:00:53.342+0800][13.764s][gc,heap     ] GC(178)      Free:        2M (2%)            0M (0%)          118M (92%)         104M (81%)         120M (94%)           0M (0%)     
[2024-07-24T23:00:53.342+0800][13.764s][gc,heap     ] GC(178)      Used:      126M (98%)         128M (100%)         10M (8%)           24M (19%)         128M (100%)          8M (6%)     
[2024-07-24T23:00:53.342+0800][13.764s][gc,heap     ] GC(178)      Live:         -                 3M (3%)            3M (3%)            3M (3%)             -                  -          
[2024-07-24T23:00:53.342+0800][13.764s][gc,heap     ] GC(178) Allocated:         -                 2M (2%)            4M (3%)           19M (16%)            -                  -          
[2024-07-24T23:00:53.342+0800][13.764s][gc,heap     ] GC(178)   Garbage:         -               122M (96%)           2M (2%)            0M (1%)             -                  -          
[2024-07-24T23:00:53.342+0800][13.764s][gc,heap     ] GC(178) Reclaimed:         -                  -               120M (94%)         121M (95%)            -                  -          
[2024-07-24T23:00:53.342+0800][13.764s][gc          ] GC(178) Garbage Collection (Allocation Rate) 126M(98%)->24M(19%)
[2024-07-24T23:00:53.444+0800][13.866s][gc,start    ] GC(179) Garbage Collection (Allocation Stall)
[2024-07-24T23:00:53.444+0800][13.866s][gc,ref      ] GC(179) Clearing All SoftReferences
[2024-07-24T23:00:53.444+0800][13.866s][gc,task     ] GC(179) Using 1 workers
[2024-07-24T23:00:53.444+0800][13.866s][gc,ref      ] GC(179) Clearing All SoftReferences
[2024-07-24T23:00:53.445+0800][13.866s][gc,phases   ] GC(179) Pause Mark Start 0.062ms
[2024-07-24T23:00:53.448+0800][13.870s][gc,phases   ] GC(179) Concurrent Mark 3.569ms
[2024-07-24T23:00:53.449+0800][13.870s][gc,phases   ] GC(179) Pause Mark End 0.016ms
[2024-07-24T23:00:53.449+0800][13.870s][gc,phases   ] GC(179) Concurrent Mark Free 0.001ms
[2024-07-24T23:00:53.450+0800][13.872s][gc,phases   ] GC(179) Concurrent Process Non-Strong References 1.362ms
[2024-07-24T23:00:53.450+0800][13.872s][gc,phases   ] GC(179) Concurrent Reset Relocation Set 0.002ms
[2024-07-24T23:00:53.452+0800][13.874s][gc          ] Allocation Stall (main) 6.201ms
[2024-07-24T23:00:53.452+0800][13.874s][gc,phases   ] GC(179) Concurrent Select Relocation Set 1.876ms
[2024-07-24T23:00:53.452+0800][13.874s][gc,phases   ] GC(179) Pause Relocate Start 0.006ms
[2024-07-24T23:00:53.454+0800][13.875s][gc,phases   ] GC(179) Concurrent Relocate 1.267ms
[2024-07-24T23:00:53.454+0800][13.875s][gc,load     ] GC(179) Load: 0.00/0.00/0.00
[2024-07-24T23:00:53.454+0800][13.875s][gc,mmu      ] GC(179) MMU: 2ms/94.0%, 5ms/97.6%, 10ms/98.7%, 20ms/99.2%, 50ms/99.7%, 100ms/99.8%
[2024-07-24T23:00:53.454+0800][13.875s][gc,marking  ] GC(179) Mark: 1 stripe(s), 2 proactive flush(es), 1 terminate flush(es), 0 completion(s), 0 continuation(s) 
[2024-07-24T23:00:53.454+0800][13.875s][gc,marking  ] GC(179) Mark Stack Usage: 32M
[2024-07-24T23:00:53.454+0800][13.875s][gc,nmethod  ] GC(179) NMethods: 312 registered, 0 unregistered
[2024-07-24T23:00:53.454+0800][13.875s][gc,metaspace] GC(179) Metaspace: 0M used, 0M committed, 1088M reserved
[2024-07-24T23:00:53.454+0800][13.875s][gc,ref      ] GC(179) Soft: 62 encountered, 35 discovered, 0 enqueued
[2024-07-24T23:00:53.454+0800][13.875s][gc,ref      ] GC(179) Weak: 187 encountered, 170 discovered, 0 enqueued
[2024-07-24T23:00:53.454+0800][13.875s][gc,ref      ] GC(179) Final: 0 encountered, 0 discovered, 0 enqueued
[2024-07-24T23:00:53.454+0800][13.876s][gc,ref      ] GC(179) Phantom: 1 encountered, 0 discovered, 0 enqueued
[2024-07-24T23:00:53.454+0800][13.876s][gc,reloc    ] GC(179) Small Pages: 2 / 4M, Empty: 0M, Relocated: 1M, In-Place: 0
[2024-07-24T23:00:53.454+0800][13.876s][gc,reloc    ] GC(179) Medium Pages: 0 / 0M, Empty: 0M, Relocated: 0M, In-Place: 0
[2024-07-24T23:00:53.454+0800][13.876s][gc,reloc    ] GC(179) Large Pages: 61 / 122M, Empty: 120M, Relocated: 0M, In-Place: 0
[2024-07-24T23:00:53.454+0800][13.876s][gc,reloc    ] GC(179) Forwarding Usage: 0M
[2024-07-24T23:00:53.454+0800][13.876s][gc,heap     ] GC(179) Min Capacity: 8M(6%)
[2024-07-24T23:00:53.454+0800][13.876s][gc,heap     ] GC(179) Max Capacity: 128M(100%)
[2024-07-24T23:00:53.454+0800][13.876s][gc,heap     ] GC(179) Soft Max Capacity: 128M(100%)
[2024-07-24T23:00:53.454+0800][13.876s][gc,heap     ] GC(179)                Mark Start          Mark End        Relocate Start      Relocate End           High               Low         
[2024-07-24T23:00:53.454+0800][13.876s][gc,heap     ] GC(179)  Capacity:      128M (100%)        128M (100%)        128M (100%)        128M (100%)        128M (100%)        128M (100%)   
[2024-07-24T23:00:53.454+0800][13.876s][gc,heap     ] GC(179)      Free:        2M (2%)            0M (0%)          114M (89%)         104M (81%)         120M (94%)           0M (0%)     
[2024-07-24T23:00:53.454+0800][13.876s][gc,heap     ] GC(179)      Used:      126M (98%)         128M (100%)         14M (11%)          24M (19%)         128M (100%)          8M (6%)     
[2024-07-24T23:00:53.454+0800][13.876s][gc,heap     ] GC(179)      Live:         -                 3M (3%)            3M (3%)            3M (3%)             -                  -          
[2024-07-24T23:00:53.454+0800][13.876s][gc,heap     ] GC(179) Allocated:         -                 2M (2%)            8M (6%)           19M (16%)            -                  -          
[2024-07-24T23:00:53.454+0800][13.876s][gc,heap     ] GC(179)   Garbage:         -               122M (96%)           2M (2%)            0M (1%)             -                  -          
[2024-07-24T23:00:53.454+0800][13.876s][gc,heap     ] GC(179) Reclaimed:         -                  -               120M (94%)         121M (95%)            -                  -          
[2024-07-24T23:00:53.454+0800][13.876s][gc          ] GC(179) Garbage Collection (Allocation Stall) 126M(98%)->24M(19%)
[2024-07-24T23:00:53.539+0800][13.960s][gc,start    ] GC(180) Garbage Collection (Allocation Stall)
[2024-07-24T23:00:53.539+0800][13.960s][gc,ref      ] GC(180) Clearing All SoftReferences
[2024-07-24T23:00:53.539+0800][13.960s][gc,task     ] GC(180) Using 1 workers
[2024-07-24T23:00:53.539+0800][13.961s][gc,ref      ] GC(180) Clearing All SoftReferences
[2024-07-24T23:00:53.539+0800][13.961s][gc,phases   ] GC(180) Pause Mark Start 0.064ms
[2024-07-24T23:00:53.542+0800][13.965s][gc,phases   ] GC(180) Concurrent Mark 3.671ms
[2024-07-24T23:00:53.543+0800][13.965s][gc,phases   ] GC(180) Pause Mark End 0.008ms
[2024-07-24T23:00:53.543+0800][13.965s][gc,phases   ] GC(180) Concurrent Mark Free 0.001ms
[2024-07-24T23:00:53.544+0800][13.966s][gc,phases   ] GC(180) Concurrent Process Non-Strong References 0.972ms
[2024-07-24T23:00:53.544+0800][13.966s][gc,phases   ] GC(180) Concurrent Reset Relocation Set 0.001ms
[2024-07-24T23:00:53.545+0800][13.967s][gc,phases   ] GC(180) Concurrent Select Relocation Set 1.470ms
[2024-07-24T23:00:53.546+0800][13.968s][gc,phases   ] GC(180) Pause Relocate Start 0.004ms
[2024-07-24T23:00:53.547+0800][13.969s][gc,phases   ] GC(180) Concurrent Relocate 1.304ms
[2024-07-24T23:00:53.547+0800][13.969s][gc,load     ] GC(180) Load: 0.00/0.00/0.00
[2024-07-24T23:00:53.547+0800][13.969s][gc,mmu      ] GC(180) MMU: 2ms/94.0%, 5ms/97.6%, 10ms/98.7%, 20ms/99.2%, 50ms/99.7%, 100ms/99.8%
[2024-07-24T23:00:53.547+0800][13.969s][gc,marking  ] GC(180) Mark: 1 stripe(s), 2 proactive flush(es), 1 terminate flush(es), 0 completion(s), 0 continuation(s) 
[2024-07-24T23:00:53.547+0800][13.969s][gc,marking  ] GC(180) Mark Stack Usage: 32M
[2024-07-24T23:00:53.547+0800][13.969s][gc,nmethod  ] GC(180) NMethods: 312 registered, 0 unregistered
[2024-07-24T23:00:53.547+0800][13.969s][gc,metaspace] GC(180) Metaspace: 0M used, 0M committed, 1088M reserved
[2024-07-24T23:00:53.547+0800][13.969s][gc,ref      ] GC(180) Soft: 62 encountered, 35 discovered, 0 enqueued
[2024-07-24T23:00:53.547+0800][13.969s][gc,ref      ] GC(180) Weak: 187 encountered, 170 discovered, 0 enqueued
[2024-07-24T23:00:53.547+0800][13.969s][gc,ref      ] GC(180) Final: 0 encountered, 0 discovered, 0 enqueued
[2024-07-24T23:00:53.547+0800][13.969s][gc,ref      ] GC(180) Phantom: 1 encountered, 0 discovered, 0 enqueued
[2024-07-24T23:00:53.547+0800][13.969s][gc,reloc    ] GC(180) Small Pages: 2 / 4M, Empty: 0M, Relocated: 1M, In-Place: 0
[2024-07-24T23:00:53.547+0800][13.969s][gc,reloc    ] GC(180) Medium Pages: 0 / 0M, Empty: 0M, Relocated: 0M, In-Place: 0
[2024-07-24T23:00:53.547+0800][13.969s][gc,reloc    ] GC(180) Large Pages: 55 / 110M, Empty: 108M, Relocated: 0M, In-Place: 0
[2024-07-24T23:00:53.547+0800][13.969s][gc,reloc    ] GC(180) Forwarding Usage: 0M
[2024-07-24T23:00:53.547+0800][13.969s][gc,heap     ] GC(180) Min Capacity: 8M(6%)
[2024-07-24T23:00:53.547+0800][13.969s][gc,heap     ] GC(180) Max Capacity: 128M(100%)
[2024-07-24T23:00:53.547+0800][13.969s][gc,heap     ] GC(180) Soft Max Capacity: 128M(100%)
[2024-07-24T23:00:53.547+0800][13.969s][gc,heap     ] GC(180)                Mark Start          Mark End        Relocate Start      Relocate End           High               Low         
[2024-07-24T23:00:53.547+0800][13.969s][gc,heap     ] GC(180)  Capacity:      128M (100%)        128M (100%)        128M (100%)        128M (100%)        128M (100%)        128M (100%)   
[2024-07-24T23:00:53.547+0800][13.969s][gc,heap     ] GC(180)      Free:       14M (11%)           2M (2%)          110M (86%)         112M (88%)         112M (88%)           2M (2%)     
[2024-07-24T23:00:53.547+0800][13.969s][gc,heap     ] GC(180)      Used:      114M (89%)         126M (98%)          18M (14%)          16M (12%)         126M (98%)          16M (12%)    
[2024-07-24T23:00:53.547+0800][13.969s][gc,heap     ] GC(180)      Live:         -                 3M (3%)            3M (3%)            3M (3%)             -                  -          
[2024-07-24T23:00:53.547+0800][13.969s][gc,heap     ] GC(180) Allocated:         -                12M (9%)           12M (9%)           12M (9%)             -                  -          
[2024-07-24T23:00:53.547+0800][13.969s][gc,heap     ] GC(180)   Garbage:         -               110M (87%)           2M (2%)            0M (1%)             -                  -          
[2024-07-24T23:00:53.547+0800][13.969s][gc,heap     ] GC(180) Reclaimed:         -                  -               108M (84%)         110M (86%)            -                  -          
[2024-07-24T23:00:53.547+0800][13.969s][gc          ] GC(180) Garbage Collection (Allocation Stall) 114M(89%)->16M(12%)
[2024-07-24T23:00:53.633+0800][14.054s][gc,start    ] GC(181) Garbage Collection (Allocation Rate)
[2024-07-24T23:00:53.633+0800][14.054s][gc,task     ] GC(181) Using 1 workers
[2024-07-24T23:00:53.633+0800][14.055s][gc,phases   ] GC(181) Pause Mark Start 0.006ms
[2024-07-24T23:00:53.635+0800][14.058s][gc,phases   ] GC(181) Concurrent Mark 3.048ms
[2024-07-24T23:00:53.636+0800][14.058s][gc,phases   ] GC(181) Pause Mark End 0.007ms
[2024-07-24T23:00:53.636+0800][14.058s][gc,phases   ] GC(181) Concurrent Mark Free 0.001ms
[2024-07-24T23:00:53.637+0800][14.059s][gc,phases   ] GC(181) Concurrent Process Non-Strong References 0.944ms
[2024-07-24T23:00:53.637+0800][14.059s][gc,phases   ] GC(181) Concurrent Reset Relocation Set 0.001ms
[2024-07-24T23:00:53.639+0800][14.061s][gc          ] Allocation Stall (main) 4.855ms
[2024-07-24T23:00:53.639+0800][14.061s][gc,phases   ] GC(181) Concurrent Select Relocation Set 2.188ms
[2024-07-24T23:00:53.639+0800][14.061s][gc,phases   ] GC(181) Pause Relocate Start 0.006ms
[2024-07-24T23:00:53.639+0800][14.062s][gc,phases   ] GC(181) Concurrent Relocate 0.102ms
[2024-07-24T23:00:53.640+0800][14.062s][gc,load     ] GC(181) Load: 0.00/0.00/0.00
[2024-07-24T23:00:53.640+0800][14.062s][gc,mmu      ] GC(181) MMU: 2ms/94.0%, 5ms/97.6%, 10ms/98.7%, 20ms/99.2%, 50ms/99.7%, 100ms/99.8%
[2024-07-24T23:00:53.640+0800][14.062s][gc,marking  ] GC(181) Mark: 1 stripe(s), 2 proactive flush(es), 1 terminate flush(es), 0 completion(s), 0 continuation(s) 
[2024-07-24T23:00:53.640+0800][14.062s][gc,marking  ] GC(181) Mark Stack Usage: 32M
[2024-07-24T23:00:53.640+0800][14.062s][gc,nmethod  ] GC(181) NMethods: 312 registered, 0 unregistered
[2024-07-24T23:00:53.640+0800][14.062s][gc,metaspace] GC(181) Metaspace: 0M used, 0M committed, 1088M reserved
[2024-07-24T23:00:53.640+0800][14.062s][gc,ref      ] GC(181) Soft: 62 encountered, 0 discovered, 0 enqueued
[2024-07-24T23:00:53.640+0800][14.062s][gc,ref      ] GC(181) Weak: 187 encountered, 170 discovered, 0 enqueued
[2024-07-24T23:00:53.640+0800][14.062s][gc,ref      ] GC(181) Final: 0 encountered, 0 discovered, 0 enqueued
[2024-07-24T23:00:53.640+0800][14.062s][gc,ref      ] GC(181) Phantom: 1 encountered, 0 discovered, 0 enqueued
[2024-07-24T23:00:53.640+0800][14.062s][gc,reloc    ] GC(181) Small Pages: 2 / 4M, Empty: 2M, Relocated: 0M, In-Place: 0
[2024-07-24T23:00:53.640+0800][14.062s][gc,reloc    ] GC(181) Medium Pages: 0 / 0M, Empty: 0M, Relocated: 0M, In-Place: 0
[2024-07-24T23:00:53.640+0800][14.062s][gc,reloc    ] GC(181) Large Pages: 59 / 118M, Empty: 92M, Relocated: 0M, In-Place: 0
[2024-07-24T23:00:53.640+0800][14.062s][gc,reloc    ] GC(181) Forwarding Usage: 0M
[2024-07-24T23:00:53.640+0800][14.062s][gc,heap     ] GC(181) Min Capacity: 8M(6%)
[2024-07-24T23:00:53.640+0800][14.062s][gc,heap     ] GC(181) Max Capacity: 128M(100%)
[2024-07-24T23:00:53.640+0800][14.062s][gc,heap     ] GC(181) Soft Max Capacity: 128M(100%)
[2024-07-24T23:00:53.640+0800][14.062s][gc,heap     ] GC(181)                Mark Start          Mark End        Relocate Start      Relocate End           High               Low         
[2024-07-24T23:00:53.640+0800][14.062s][gc,heap     ] GC(181)  Capacity:      128M (100%)        128M (100%)        128M (100%)        128M (100%)        128M (100%)        128M (100%)   
[2024-07-24T23:00:53.640+0800][14.062s][gc,heap     ] GC(181)      Free:        6M (5%)            0M (0%)           86M (67%)          84M (66%)          94M (73%)           0M (0%)     
[2024-07-24T23:00:53.640+0800][14.062s][gc,heap     ] GC(181)      Used:      122M (95%)         128M (100%)         42M (33%)          44M (34%)         128M (100%)         34M (27%)    
[2024-07-24T23:00:53.640+0800][14.062s][gc,heap     ] GC(181)      Live:         -                27M (21%)          27M (21%)          27M (21%)            -                  -          
[2024-07-24T23:00:53.640+0800][14.062s][gc,heap     ] GC(181) Allocated:         -                 6M (5%)           14M (11%)          16M (12%)            -                  -          
[2024-07-24T23:00:53.640+0800][14.062s][gc,heap     ] GC(181)   Garbage:         -                94M (74%)           0M (1%)            0M (1%)             -                  -          
[2024-07-24T23:00:53.640+0800][14.062s][gc,heap     ] GC(181) Reclaimed:         -                  -                94M (73%)          94M (73%)            -                  -          
[2024-07-24T23:00:53.640+0800][14.062s][gc          ] GC(181) Garbage Collection (Allocation Rate) 122M(95%)->44M(34%)
[2024-07-24T23:00:53.727+0800][14.148s][gc,start    ] GC(182) Garbage Collection (Allocation Stall)
[2024-07-24T23:00:53.727+0800][14.148s][gc,ref      ] GC(182) Clearing All SoftReferences
[2024-07-24T23:00:53.727+0800][14.148s][gc,task     ] GC(182) Using 1 workers
[2024-07-24T23:00:53.727+0800][14.149s][gc,ref      ] GC(182) Clearing All SoftReferences
[2024-07-24T23:00:53.727+0800][14.149s][gc,phases   ] GC(182) Pause Mark Start 0.044ms
[2024-07-24T23:00:53.729+0800][14.151s][gc,phases   ] GC(182) Concurrent Mark 2.712ms
[2024-07-24T23:00:53.730+0800][14.152s][gc,phases   ] GC(182) Pause Mark End 0.006ms
[2024-07-24T23:00:53.730+0800][14.152s][gc,phases   ] GC(182) Concurrent Mark Free 0.001ms
[2024-07-24T23:00:53.731+0800][14.153s][gc,phases   ] GC(182) Concurrent Process Non-Strong References 0.960ms
[2024-07-24T23:00:53.731+0800][14.153s][gc,phases   ] GC(182) Concurrent Reset Relocation Set 0.000ms
[2024-07-24T23:00:53.733+0800][14.155s][gc          ] Allocation Stall (main) 6.710ms
[2024-07-24T23:00:53.733+0800][14.155s][gc,phases   ] GC(182) Concurrent Select Relocation Set 2.133ms
[2024-07-24T23:00:53.733+0800][14.155s][gc,phases   ] GC(182) Pause Relocate Start 0.006ms
[2024-07-24T23:00:53.734+0800][14.156s][gc,phases   ] GC(182) Concurrent Relocate 0.112ms
[2024-07-24T23:00:53.734+0800][14.156s][gc,load     ] GC(182) Load: 0.00/0.00/0.00
[2024-07-24T23:00:53.734+0800][14.156s][gc,mmu      ] GC(182) MMU: 2ms/94.0%, 5ms/97.6%, 10ms/98.7%, 20ms/99.2%, 50ms/99.7%, 100ms/99.8%
[2024-07-24T23:00:53.734+0800][14.156s][gc,marking  ] GC(182) Mark: 1 stripe(s), 1 proactive flush(es), 1 terminate flush(es), 0 completion(s), 0 continuation(s) 
[2024-07-24T23:00:53.734+0800][14.156s][gc,marking  ] GC(182) Mark Stack Usage: 32M
[2024-07-24T23:00:53.734+0800][14.156s][gc,nmethod  ] GC(182) NMethods: 312 registered, 0 unregistered
[2024-07-24T23:00:53.734+0800][14.156s][gc,metaspace] GC(182) Metaspace: 0M used, 0M committed, 1088M reserved
[2024-07-24T23:00:53.734+0800][14.156s][gc,ref      ] GC(182) Soft: 62 encountered, 37 discovered, 0 enqueued
[2024-07-24T23:00:53.734+0800][14.156s][gc,ref      ] GC(182) Weak: 187 encountered, 170 discovered, 0 enqueued
[2024-07-24T23:00:53.734+0800][14.156s][gc,ref      ] GC(182) Final: 0 encountered, 0 discovered, 0 enqueued
[2024-07-24T23:00:53.734+0800][14.156s][gc,ref      ] GC(182) Phantom: 1 encountered, 0 discovered, 0 enqueued
[2024-07-24T23:00:53.734+0800][14.156s][gc,reloc    ] GC(182) Small Pages: 2 / 4M, Empty: 2M, Relocated: 0M, In-Place: 0
[2024-07-24T23:00:53.734+0800][14.156s][gc,reloc    ] GC(182) Medium Pages: 0 / 0M, Empty: 0M, Relocated: 0M, In-Place: 0
[2024-07-24T23:00:53.734+0800][14.156s][gc,reloc    ] GC(182) Large Pages: 62 / 124M, Empty: 120M, Relocated: 0M, In-Place: 0
[2024-07-24T23:00:53.734+0800][14.156s][gc,reloc    ] GC(182) Forwarding Usage: 0M
[2024-07-24T23:00:53.734+0800][14.156s][gc,heap     ] GC(182) Min Capacity: 8M(6%)
[2024-07-24T23:00:53.734+0800][14.156s][gc,heap     ] GC(182) Max Capacity: 128M(100%)
[2024-07-24T23:00:53.734+0800][14.156s][gc,heap     ] GC(182) Soft Max Capacity: 128M(100%)
[2024-07-24T23:00:53.734+0800][14.156s][gc,heap     ] GC(182)                Mark Start          Mark End        Relocate Start      Relocate End           High               Low         
[2024-07-24T23:00:53.734+0800][14.156s][gc,heap     ] GC(182)  Capacity:      128M (100%)        128M (100%)        128M (100%)        128M (100%)        128M (100%)        128M (100%)   
[2024-07-24T23:00:53.734+0800][14.156s][gc,heap     ] GC(182)      Free:        0M (0%)            0M (0%)          120M (94%)         118M (92%)         122M (95%)           0M (0%)     
[2024-07-24T23:00:53.734+0800][14.156s][gc,heap     ] GC(182)      Used:      128M (100%)        128M (100%)          8M (6%)           10M (8%)          128M (100%)          6M (5%)     
[2024-07-24T23:00:53.734+0800][14.156s][gc,heap     ] GC(182)      Live:         -                 5M (4%)            5M (4%)            5M (4%)             -                  -          
[2024-07-24T23:00:53.734+0800][14.156s][gc,heap     ] GC(182) Allocated:         -                 0M (0%)            2M (2%)            4M (3%)             -                  -          
[2024-07-24T23:00:53.734+0800][14.156s][gc,heap     ] GC(182)   Garbage:         -               122M (96%)           0M (1%)            0M (1%)             -                  -          
[2024-07-24T23:00:53.734+0800][14.156s][gc,heap     ] GC(182) Reclaimed:         -                  -               122M (95%)         122M (95%)            -                  -          
[2024-07-24T23:00:53.734+0800][14.156s][gc          ] GC(182) Garbage Collection (Allocation Stall) 128M(100%)->10M(8%)
[2024-07-24T23:00:53.743+0800][14.164s][gc,start    ] GC(183) Garbage Collection (Allocation Rate)
[2024-07-24T23:00:53.743+0800][14.164s][gc,task     ] GC(183) Using 1 workers
[2024-07-24T23:00:53.743+0800][14.164s][gc,phases   ] GC(183) Pause Mark Start 0.007ms
[2024-07-24T23:00:53.745+0800][14.167s][gc,phases   ] GC(183) Concurrent Mark 2.237ms
[2024-07-24T23:00:53.745+0800][14.167s][gc,phases   ] GC(183) Pause Mark End 0.007ms
[2024-07-24T23:00:53.745+0800][14.167s][gc,phases   ] GC(183) Concurrent Mark Free 0.001ms
[2024-07-24T23:00:53.746+0800][14.168s][gc,phases   ] GC(183) Concurrent Process Non-Strong References 1.072ms
[2024-07-24T23:00:53.746+0800][14.168s][gc,phases   ] GC(183) Concurrent Reset Relocation Set 0.000ms
[2024-07-24T23:00:53.748+0800][14.170s][gc,phases   ] GC(183) Concurrent Select Relocation Set 1.527ms
[2024-07-24T23:00:53.748+0800][14.170s][gc,phases   ] GC(183) Pause Relocate Start 0.006ms
[2024-07-24T23:00:53.749+0800][14.171s][gc,phases   ] GC(183) Concurrent Relocate 1.386ms
[2024-07-24T23:00:53.749+0800][14.171s][gc,load     ] GC(183) Load: 0.00/0.00/0.00
[2024-07-24T23:00:53.749+0800][14.172s][gc,mmu      ] GC(183) MMU: 2ms/94.0%, 5ms/97.6%, 10ms/98.7%, 20ms/99.2%, 50ms/99.7%, 100ms/99.8%
[2024-07-24T23:00:53.750+0800][14.172s][gc,marking  ] GC(183) Mark: 1 stripe(s), 1 proactive flush(es), 1 terminate flush(es), 0 completion(s), 0 continuation(s) 
[2024-07-24T23:00:53.750+0800][14.172s][gc,marking  ] GC(183) Mark Stack Usage: 32M
[2024-07-24T23:00:53.750+0800][14.172s][gc,nmethod  ] GC(183) NMethods: 312 registered, 0 unregistered
[2024-07-24T23:00:53.750+0800][14.172s][gc,metaspace] GC(183) Metaspace: 0M used, 0M committed, 1088M reserved
[2024-07-24T23:00:53.750+0800][14.172s][gc,ref      ] GC(183) Soft: 62 encountered, 0 discovered, 0 enqueued
[2024-07-24T23:00:53.750+0800][14.172s][gc,ref      ] GC(183) Weak: 187 encountered, 170 discovered, 0 enqueued
[2024-07-24T23:00:53.750+0800][14.172s][gc,ref      ] GC(183) Final: 0 encountered, 0 discovered, 0 enqueued
[2024-07-24T23:00:53.750+0800][14.172s][gc,ref      ] GC(183) Phantom: 1 encountered, 0 discovered, 0 enqueued
[2024-07-24T23:00:53.750+0800][14.172s][gc,reloc    ] GC(183) Small Pages: 2 / 4M, Empty: 0M, Relocated: 1M, In-Place: 0
[2024-07-24T23:00:53.750+0800][14.172s][gc,reloc    ] GC(183) Medium Pages: 0 / 0M, Empty: 0M, Relocated: 0M, In-Place: 0
[2024-07-24T23:00:53.750+0800][14.172s][gc,reloc    ] GC(183) Large Pages: 10 / 20M, Empty: 0M, Relocated: 0M, In-Place: 0
[2024-07-24T23:00:53.750+0800][14.172s][gc,reloc    ] GC(183) Forwarding Usage: 0M
[2024-07-24T23:00:53.750+0800][14.172s][gc,heap     ] GC(183) Min Capacity: 8M(6%)
[2024-07-24T23:00:53.750+0800][14.172s][gc,heap     ] GC(183) Max Capacity: 128M(100%)
[2024-07-24T23:00:53.750+0800][14.172s][gc,heap     ] GC(183) Soft Max Capacity: 128M(100%)
[2024-07-24T23:00:53.750+0800][14.172s][gc,heap     ] GC(183)                Mark Start          Mark End        Relocate Start      Relocate End           High               Low         
[2024-07-24T23:00:53.750+0800][14.172s][gc,heap     ] GC(183)  Capacity:      128M (100%)        128M (100%)        128M (100%)        128M (100%)        128M (100%)        128M (100%)   
[2024-07-24T23:00:53.750+0800][14.172s][gc,heap     ] GC(183)      Free:      104M (81%)         104M (81%)         104M (81%)         106M (83%)         106M (83%)         102M (80%)    
[2024-07-24T23:00:53.750+0800][14.172s][gc,heap     ] GC(183)      Used:       24M (19%)          24M (19%)          24M (19%)          22M (17%)          26M (20%)          22M (17%)    
[2024-07-24T23:00:53.750+0800][14.172s][gc,heap     ] GC(183)      Live:         -                21M (17%)          21M (17%)          21M (17%)            -                  -          
[2024-07-24T23:00:53.750+0800][14.172s][gc,heap     ] GC(183) Allocated:         -                 0M (0%)            0M (0%)            0M (0%)             -                  -          
[2024-07-24T23:00:53.750+0800][14.172s][gc,heap     ] GC(183)   Garbage:         -                 2M (2%)            2M (2%)            0M (1%)             -                  -          
[2024-07-24T23:00:53.750+0800][14.172s][gc,heap     ] GC(183) Reclaimed:         -                  -                 0M (0%)            2M (2%)             -                  -          
[2024-07-24T23:00:53.750+0800][14.172s][gc          ] GC(183) Garbage Collection (Allocation Rate) 24M(19%)->22M(17%)
[2024-07-24T23:00:53.837+0800][14.258s][gc,start    ] GC(184) Garbage Collection (Allocation Rate)
[2024-07-24T23:00:53.837+0800][14.258s][gc,task     ] GC(184) Using 1 workers
[2024-07-24T23:00:53.837+0800][14.259s][gc,phases   ] GC(184) Pause Mark Start 0.013ms
[2024-07-24T23:00:53.839+0800][14.262s][gc,phases   ] GC(184) Concurrent Mark 3.006ms
[2024-07-24T23:00:53.840+0800][14.262s][gc,phases   ] GC(184) Pause Mark End 0.007ms
[2024-07-24T23:00:53.840+0800][14.262s][gc,phases   ] GC(184) Concurrent Mark Free 0.001ms
[2024-07-24T23:00:53.841+0800][14.263s][gc,phases   ] GC(184) Concurrent Process Non-Strong References 0.911ms
[2024-07-24T23:00:53.841+0800][14.263s][gc,phases   ] GC(184) Concurrent Reset Relocation Set 0.001ms
[2024-07-24T23:00:53.843+0800][14.265s][gc          ] Allocation Stall (main) 5.386ms
[2024-07-24T23:00:53.843+0800][14.265s][gc,phases   ] GC(184) Concurrent Select Relocation Set 1.699ms
[2024-07-24T23:00:53.843+0800][14.265s][gc,phases   ] GC(184) Pause Relocate Start 0.003ms
[2024-07-24T23:00:53.843+0800][14.265s][gc,phases   ] GC(184) Concurrent Relocate 0.109ms
[2024-07-24T23:00:53.843+0800][14.265s][gc,load     ] GC(184) Load: 0.00/0.00/0.00
[2024-07-24T23:00:53.843+0800][14.265s][gc,mmu      ] GC(184) MMU: 2ms/94.0%, 5ms/97.6%, 10ms/98.7%, 20ms/99.2%, 50ms/99.7%, 100ms/99.8%
[2024-07-24T23:00:53.843+0800][14.265s][gc,marking  ] GC(184) Mark: 1 stripe(s), 2 proactive flush(es), 1 terminate flush(es), 0 completion(s), 0 continuation(s) 
[2024-07-24T23:00:53.843+0800][14.265s][gc,marking  ] GC(184) Mark Stack Usage: 32M
[2024-07-24T23:00:53.843+0800][14.265s][gc,nmethod  ] GC(184) NMethods: 312 registered, 0 unregistered
[2024-07-24T23:00:53.843+0800][14.265s][gc,metaspace] GC(184) Metaspace: 0M used, 0M committed, 1088M reserved
[2024-07-24T23:00:53.843+0800][14.265s][gc,ref      ] GC(184) Soft: 62 encountered, 0 discovered, 0 enqueued
[2024-07-24T23:00:53.843+0800][14.265s][gc,ref      ] GC(184) Weak: 187 encountered, 170 discovered, 0 enqueued
[2024-07-24T23:00:53.843+0800][14.265s][gc,ref      ] GC(184) Final: 0 encountered, 0 discovered, 0 enqueued
[2024-07-24T23:00:53.843+0800][14.265s][gc,ref      ] GC(184) Phantom: 1 encountered, 0 discovered, 0 enqueued
[2024-07-24T23:00:53.843+0800][14.265s][gc,reloc    ] GC(184) Small Pages: 2 / 4M, Empty: 2M, Relocated: 0M, In-Place: 0
[2024-07-24T23:00:53.843+0800][14.265s][gc,reloc    ] GC(184) Medium Pages: 0 / 0M, Empty: 0M, Relocated: 0M, In-Place: 0
[2024-07-24T23:00:53.843+0800][14.265s][gc,reloc    ] GC(184) Large Pages: 62 / 124M, Empty: 120M, Relocated: 0M, In-Place: 0
[2024-07-24T23:00:53.843+0800][14.265s][gc,reloc    ] GC(184) Forwarding Usage: 0M
[2024-07-24T23:00:53.843+0800][14.265s][gc,heap     ] GC(184) Min Capacity: 8M(6%)
[2024-07-24T23:00:53.843+0800][14.265s][gc,heap     ] GC(184) Max Capacity: 128M(100%)
[2024-07-24T23:00:53.843+0800][14.265s][gc,heap     ] GC(184) Soft Max Capacity: 128M(100%)
[2024-07-24T23:00:53.843+0800][14.266s][gc,heap     ] GC(184)                Mark Start          Mark End        Relocate Start      Relocate End           High               Low         
[2024-07-24T23:00:53.843+0800][14.266s][gc,heap     ] GC(184)  Capacity:      128M (100%)        128M (100%)        128M (100%)        128M (100%)        128M (100%)        128M (100%)   
[2024-07-24T23:00:53.843+0800][14.266s][gc,heap     ] GC(184)      Free:        0M (0%)            0M (0%)          120M (94%)         114M (89%)         122M (95%)           0M (0%)     
[2024-07-24T23:00:53.843+0800][14.266s][gc,heap     ] GC(184)      Used:      128M (100%)        128M (100%)          8M (6%)           14M (11%)         128M (100%)          6M (5%)     
[2024-07-24T23:00:53.843+0800][14.266s][gc,heap     ] GC(184)      Live:         -                 5M (4%)            5M (4%)            5M (4%)             -                  -          
[2024-07-24T23:00:53.843+0800][14.266s][gc,heap     ] GC(184) Allocated:         -                 0M (0%)            2M (2%)            8M (6%)             -                  -          
[2024-07-24T23:00:53.843+0800][14.266s][gc,heap     ] GC(184)   Garbage:         -               122M (96%)           0M (1%)            0M (1%)             -                  -          
[2024-07-24T23:00:53.843+0800][14.266s][gc,heap     ] GC(184) Reclaimed:         -                  -               122M (95%)         122M (95%)            -                  -          
[2024-07-24T23:00:53.843+0800][14.266s][gc          ] GC(184) Garbage Collection (Allocation Rate) 128M(100%)->14M(11%)
[2024-07-24T23:00:53.946+0800][14.368s][gc,start    ] GC(185) Garbage Collection (Allocation Stall)
[2024-07-24T23:00:53.947+0800][14.368s][gc,ref      ] GC(185) Clearing All SoftReferences
[2024-07-24T23:00:53.947+0800][14.368s][gc,task     ] GC(185) Using 1 workers
[2024-07-24T23:00:53.947+0800][14.368s][gc,ref      ] GC(185) Clearing All SoftReferences
[2024-07-24T23:00:53.947+0800][14.368s][gc,phases   ] GC(185) Pause Mark Start 0.104ms
[2024-07-24T23:00:53.950+0800][14.371s][gc,phases   ] GC(185) Concurrent Mark 2.846ms
[2024-07-24T23:00:53.950+0800][14.372s][gc,phases   ] GC(185) Pause Mark End 0.008ms
[2024-07-24T23:00:53.950+0800][14.372s][gc,phases   ] GC(185) Concurrent Mark Free 0.001ms
[2024-07-24T23:00:53.951+0800][14.373s][gc,phases   ] GC(185) Concurrent Process Non-Strong References 0.944ms
[2024-07-24T23:00:53.951+0800][14.373s][gc,phases   ] GC(185) Concurrent Reset Relocation Set 0.000ms
[2024-07-24T23:00:53.953+0800][14.374s][gc          ] Allocation Stall (main) 5.340ms
[2024-07-24T23:00:53.953+0800][14.374s][gc,phases   ] GC(185) Concurrent Select Relocation Set 1.672ms
[2024-07-24T23:00:53.953+0800][14.375s][gc,phases   ] GC(185) Pause Relocate Start 0.004ms
[2024-07-24T23:00:53.953+0800][14.375s][gc,phases   ] GC(185) Concurrent Relocate 0.108ms
[2024-07-24T23:00:53.953+0800][14.375s][gc,load     ] GC(185) Load: 0.00/0.00/0.00
[2024-07-24T23:00:53.953+0800][14.375s][gc,mmu      ] GC(185) MMU: 2ms/94.0%, 5ms/97.6%, 10ms/98.7%, 20ms/99.2%, 50ms/99.7%, 100ms/99.8%
[2024-07-24T23:00:53.953+0800][14.375s][gc,marking  ] GC(185) Mark: 1 stripe(s), 2 proactive flush(es), 1 terminate flush(es), 0 completion(s), 0 continuation(s) 
[2024-07-24T23:00:53.953+0800][14.375s][gc,marking  ] GC(185) Mark Stack Usage: 32M
[2024-07-24T23:00:53.953+0800][14.375s][gc,nmethod  ] GC(185) NMethods: 312 registered, 0 unregistered
[2024-07-24T23:00:53.953+0800][14.375s][gc,metaspace] GC(185) Metaspace: 0M used, 0M committed, 1088M reserved
[2024-07-24T23:00:53.953+0800][14.375s][gc,ref      ] GC(185) Soft: 62 encountered, 35 discovered, 0 enqueued
[2024-07-24T23:00:53.953+0800][14.375s][gc,ref      ] GC(185) Weak: 187 encountered, 170 discovered, 0 enqueued
[2024-07-24T23:00:53.953+0800][14.375s][gc,ref      ] GC(185) Final: 0 encountered, 0 discovered, 0 enqueued
[2024-07-24T23:00:53.953+0800][14.375s][gc,ref      ] GC(185) Phantom: 1 encountered, 0 discovered, 0 enqueued
[2024-07-24T23:00:53.953+0800][14.375s][gc,reloc    ] GC(185) Small Pages: 2 / 4M, Empty: 2M, Relocated: 0M, In-Place: 0
[2024-07-24T23:00:53.953+0800][14.375s][gc,reloc    ] GC(185) Medium Pages: 0 / 0M, Empty: 0M, Relocated: 0M, In-Place: 0
[2024-07-24T23:00:53.953+0800][14.375s][gc,reloc    ] GC(185) Large Pages: 61 / 122M, Empty: 120M, Relocated: 0M, In-Place: 0
[2024-07-24T23:00:53.953+0800][14.375s][gc,reloc    ] GC(185) Forwarding Usage: 0M
[2024-07-24T23:00:53.953+0800][14.375s][gc,heap     ] GC(185) Min Capacity: 8M(6%)
[2024-07-24T23:00:53.953+0800][14.375s][gc,heap     ] GC(185) Max Capacity: 128M(100%)
[2024-07-24T23:00:53.953+0800][14.375s][gc,heap     ] GC(185) Soft Max Capacity: 128M(100%)
[2024-07-24T23:00:53.953+0800][14.375s][gc,heap     ] GC(185)                Mark Start          Mark End        Relocate Start      Relocate End           High               Low         
[2024-07-24T23:00:53.953+0800][14.375s][gc,heap     ] GC(185)  Capacity:      128M (100%)        128M (100%)        128M (100%)        128M (100%)        128M (100%)        128M (100%)   
[2024-07-24T23:00:53.953+0800][14.375s][gc,heap     ] GC(185)      Free:        2M (2%)            0M (0%)          118M (92%)         116M (91%)         122M (95%)           0M (0%)     
[2024-07-24T23:00:53.953+0800][14.375s][gc,heap     ] GC(185)      Used:      126M (98%)         128M (100%)         10M (8%)           12M (9%)          128M (100%)          6M (5%)     
[2024-07-24T23:00:53.953+0800][14.375s][gc,heap     ] GC(185)      Live:         -                 3M (3%)            3M (3%)            3M (3%)             -                  -          
[2024-07-24T23:00:53.953+0800][14.375s][gc,heap     ] GC(185) Allocated:         -                 2M (2%)            6M (5%)            8M (6%)             -                  -          
[2024-07-24T23:00:53.953+0800][14.375s][gc,heap     ] GC(185)   Garbage:         -               122M (96%)           0M (1%)            0M (1%)             -                  -          
[2024-07-24T23:00:53.953+0800][14.375s][gc,heap     ] GC(185) Reclaimed:         -                  -               122M (95%)         122M (95%)            -                  -          
[2024-07-24T23:00:53.953+0800][14.375s][gc          ] GC(185) Garbage Collection (Allocation Stall) 126M(98%)->12M(9%)
[2024-07-24T23:00:54.042+0800][14.463s][gc,start    ] GC(186) Garbage Collection (Allocation Stall)
[2024-07-24T23:00:54.042+0800][14.463s][gc,ref      ] GC(186) Clearing All SoftReferences
[2024-07-24T23:00:54.042+0800][14.463s][gc,task     ] GC(186) Using 1 workers
[2024-07-24T23:00:54.042+0800][14.463s][gc,ref      ] GC(186) Clearing All SoftReferences
[2024-07-24T23:00:54.042+0800][14.464s][gc,phases   ] GC(186) Pause Mark Start 0.112ms
[2024-07-24T23:00:54.044+0800][14.466s][gc,phases   ] GC(186) Concurrent Mark 2.528ms
[2024-07-24T23:00:54.045+0800][14.466s][gc,phases   ] GC(186) Pause Mark End 0.009ms
[2024-07-24T23:00:54.045+0800][14.467s][gc,phases   ] GC(186) Concurrent Mark Free 0.001ms
[2024-07-24T23:00:54.046+0800][14.467s][gc,phases   ] GC(186) Concurrent Process Non-Strong References 0.882ms
[2024-07-24T23:00:54.046+0800][14.467s][gc,phases   ] GC(186) Concurrent Reset Relocation Set 0.000ms
[2024-07-24T23:00:54.047+0800][14.469s][gc,phases   ] GC(186) Concurrent Select Relocation Set 1.575ms
[2024-07-24T23:00:54.047+0800][14.469s][gc,phases   ] GC(186) Pause Relocate Start 0.004ms
[2024-07-24T23:00:54.047+0800][14.469s][gc,phases   ] GC(186) Concurrent Relocate 0.038ms
[2024-07-24T23:00:54.048+0800][14.469s][gc,load     ] GC(186) Load: 0.00/0.00/0.00
[2024-07-24T23:00:54.048+0800][14.469s][gc,mmu      ] GC(186) MMU: 2ms/94.0%, 5ms/97.6%, 10ms/98.7%, 20ms/99.2%, 50ms/99.7%, 100ms/99.8%
[2024-07-24T23:00:54.048+0800][14.469s][gc,marking  ] GC(186) Mark: 1 stripe(s), 2 proactive flush(es), 1 terminate flush(es), 0 completion(s), 0 continuation(s) 
[2024-07-24T23:00:54.048+0800][14.469s][gc,marking  ] GC(186) Mark Stack Usage: 32M
[2024-07-24T23:00:54.048+0800][14.469s][gc,nmethod  ] GC(186) NMethods: 312 registered, 0 unregistered
[2024-07-24T23:00:54.048+0800][14.469s][gc,metaspace] GC(186) Metaspace: 0M used, 0M committed, 1088M reserved
[2024-07-24T23:00:54.048+0800][14.469s][gc,ref      ] GC(186) Soft: 62 encountered, 35 discovered, 0 enqueued
[2024-07-24T23:00:54.048+0800][14.470s][gc,ref      ] GC(186) Weak: 187 encountered, 170 discovered, 0 enqueued
[2024-07-24T23:00:54.048+0800][14.470s][gc,ref      ] GC(186) Final: 0 encountered, 0 discovered, 0 enqueued
[2024-07-24T23:00:54.048+0800][14.470s][gc,ref      ] GC(186) Phantom: 1 encountered, 0 discovered, 0 enqueued
[2024-07-24T23:00:54.048+0800][14.470s][gc,reloc    ] GC(186) Small Pages: 2 / 4M, Empty: 2M, Relocated: 0M, In-Place: 0
[2024-07-24T23:00:54.048+0800][14.470s][gc,reloc    ] GC(186) Medium Pages: 0 / 0M, Empty: 0M, Relocated: 0M, In-Place: 0
[2024-07-24T23:00:54.048+0800][14.470s][gc,reloc    ] GC(186) Large Pages: 53 / 106M, Empty: 104M, Relocated: 0M, In-Place: 0
[2024-07-24T23:00:54.048+0800][14.470s][gc,reloc    ] GC(186) Forwarding Usage: 0M
[2024-07-24T23:00:54.048+0800][14.470s][gc,heap     ] GC(186) Min Capacity: 8M(6%)
[2024-07-24T23:00:54.048+0800][14.470s][gc,heap     ] GC(186) Max Capacity: 128M(100%)
[2024-07-24T23:00:54.048+0800][14.470s][gc,heap     ] GC(186) Soft Max Capacity: 128M(100%)
[2024-07-24T23:00:54.048+0800][14.470s][gc,heap     ] GC(186)                Mark Start          Mark End        Relocate Start      Relocate End           High               Low         
[2024-07-24T23:00:54.048+0800][14.470s][gc,heap     ] GC(186)  Capacity:      128M (100%)        128M (100%)        128M (100%)        128M (100%)        128M (100%)        128M (100%)   
[2024-07-24T23:00:54.048+0800][14.470s][gc,heap     ] GC(186)      Free:       18M (14%)           2M (2%)          108M (84%)         108M (84%)         108M (84%)           2M (2%)     
[2024-07-24T23:00:54.048+0800][14.470s][gc,heap     ] GC(186)      Used:      110M (86%)         126M (98%)          20M (16%)          20M (16%)         126M (98%)          20M (16%)    
[2024-07-24T23:00:54.048+0800][14.470s][gc,heap     ] GC(186)      Live:         -                 3M (3%)            3M (3%)            3M (3%)             -                  -          
[2024-07-24T23:00:54.048+0800][14.470s][gc,heap     ] GC(186) Allocated:         -                16M (12%)          16M (12%)          16M (12%)            -                  -          
[2024-07-24T23:00:54.048+0800][14.470s][gc,heap     ] GC(186)   Garbage:         -               106M (83%)           0M (1%)            0M (1%)             -                  -          
[2024-07-24T23:00:54.048+0800][14.470s][gc,heap     ] GC(186) Reclaimed:         -                  -               106M (83%)         106M (83%)            -                  -          
[2024-07-24T23:00:54.048+0800][14.470s][gc          ] GC(186) Garbage Collection (Allocation Stall) 110M(86%)->20M(16%)
[2024-07-24T23:00:54.134+0800][14.555s][gc,start    ] GC(187) Garbage Collection (Allocation Rate)
[2024-07-24T23:00:54.134+0800][14.556s][gc,task     ] GC(187) Using 1 workers
[2024-07-24T23:00:54.134+0800][14.556s][gc,phases   ] GC(187) Pause Mark Start 0.011ms
[2024-07-24T23:00:54.136+0800][14.558s][gc,phases   ] GC(187) Concurrent Mark 2.040ms
[2024-07-24T23:00:54.136+0800][14.558s][gc,phases   ] GC(187) Pause Mark End 0.006ms
[2024-07-24T23:00:54.136+0800][14.558s][gc,phases   ] GC(187) Concurrent Mark Free 0.001ms
[2024-07-24T23:00:54.137+0800][14.559s][gc,phases   ] GC(187) Concurrent Process Non-Strong References 0.827ms
[2024-07-24T23:00:54.137+0800][14.559s][gc,phases   ] GC(187) Concurrent Reset Relocation Set 0.000ms
[2024-07-24T23:00:54.139+0800][14.560s][gc          ] Allocation Stall (main) 3.820ms
[2024-07-24T23:00:54.139+0800][14.560s][gc,phases   ] GC(187) Concurrent Select Relocation Set 1.471ms
[2024-07-24T23:00:54.139+0800][14.561s][gc,phases   ] GC(187) Pause Relocate Start 0.005ms
[2024-07-24T23:00:54.139+0800][14.561s][gc,phases   ] GC(187) Concurrent Relocate 0.026ms
[2024-07-24T23:00:54.139+0800][14.561s][gc,load     ] GC(187) Load: 0.00/0.00/0.00
[2024-07-24T23:00:54.139+0800][14.561s][gc,mmu      ] GC(187) MMU: 2ms/94.0%, 5ms/97.6%, 10ms/98.7%, 20ms/99.2%, 50ms/99.7%, 100ms/99.8%
[2024-07-24T23:00:54.139+0800][14.561s][gc,marking  ] GC(187) Mark: 1 stripe(s), 2 proactive flush(es), 1 terminate flush(es), 0 completion(s), 0 continuation(s) 
[2024-07-24T23:00:54.139+0800][14.561s][gc,marking  ] GC(187) Mark Stack Usage: 32M
[2024-07-24T23:00:54.139+0800][14.561s][gc,nmethod  ] GC(187) NMethods: 312 registered, 0 unregistered
[2024-07-24T23:00:54.139+0800][14.561s][gc,metaspace] GC(187) Metaspace: 0M used, 0M committed, 1088M reserved
[2024-07-24T23:00:54.139+0800][14.561s][gc,ref      ] GC(187) Soft: 62 encountered, 0 discovered, 0 enqueued
[2024-07-24T23:00:54.139+0800][14.561s][gc,ref      ] GC(187) Weak: 187 encountered, 170 discovered, 0 enqueued
[2024-07-24T23:00:54.139+0800][14.561s][gc,ref      ] GC(187) Final: 0 encountered, 0 discovered, 0 enqueued
[2024-07-24T23:00:54.139+0800][14.561s][gc,ref      ] GC(187) Phantom: 1 encountered, 0 discovered, 0 enqueued
[2024-07-24T23:00:54.139+0800][14.561s][gc,reloc    ] GC(187) Small Pages: 2 / 4M, Empty: 2M, Relocated: 0M, In-Place: 0
[2024-07-24T23:00:54.139+0800][14.561s][gc,reloc    ] GC(187) Medium Pages: 0 / 0M, Empty: 0M, Relocated: 0M, In-Place: 0
[2024-07-24T23:00:54.139+0800][14.561s][gc,reloc    ] GC(187) Large Pages: 61 / 122M, Empty: 96M, Relocated: 0M, In-Place: 0
[2024-07-24T23:00:54.139+0800][14.561s][gc,reloc    ] GC(187) Forwarding Usage: 0M
[2024-07-24T23:00:54.139+0800][14.561s][gc,heap     ] GC(187) Min Capacity: 8M(6%)
[2024-07-24T23:00:54.139+0800][14.561s][gc,heap     ] GC(187) Max Capacity: 128M(100%)
[2024-07-24T23:00:54.139+0800][14.561s][gc,heap     ] GC(187) Soft Max Capacity: 128M(100%)
[2024-07-24T23:00:54.139+0800][14.561s][gc,heap     ] GC(187)                Mark Start          Mark End        Relocate Start      Relocate End           High               Low         
[2024-07-24T23:00:54.139+0800][14.561s][gc,heap     ] GC(187)  Capacity:      128M (100%)        128M (100%)        128M (100%)        128M (100%)        128M (100%)        128M (100%)   
[2024-07-24T23:00:54.139+0800][14.561s][gc,heap     ] GC(187)      Free:        2M (2%)            0M (0%)           94M (73%)          94M (73%)          98M (77%)           0M (0%)     
[2024-07-24T23:00:54.139+0800][14.561s][gc,heap     ] GC(187)      Used:      126M (98%)         128M (100%)         34M (27%)          34M (27%)         128M (100%)         30M (23%)    
[2024-07-24T23:00:54.139+0800][14.561s][gc,heap     ] GC(187)      Live:         -                27M (21%)          27M (21%)          27M (21%)            -                  -          
[2024-07-24T23:00:54.139+0800][14.561s][gc,heap     ] GC(187) Allocated:         -                 2M (2%)            6M (5%)            6M (5%)             -                  -          
[2024-07-24T23:00:54.139+0800][14.561s][gc,heap     ] GC(187)   Garbage:         -                98M (77%)           0M (1%)            0M (1%)             -                  -          
[2024-07-24T23:00:54.139+0800][14.561s][gc,heap     ] GC(187) Reclaimed:         -                  -                98M (77%)          98M (77%)            -                  -          
[2024-07-24T23:00:54.139+0800][14.561s][gc          ] GC(187) Garbage Collection (Allocation Rate) 126M(98%)->34M(27%)
[2024-07-24T23:00:54.228+0800][14.650s][gc,start    ] GC(188) Garbage Collection (Allocation Stall)
[2024-07-24T23:00:54.228+0800][14.650s][gc,ref      ] GC(188) Clearing All SoftReferences
[2024-07-24T23:00:54.228+0800][14.650s][gc,task     ] GC(188) Using 1 workers
[2024-07-24T23:00:54.229+0800][14.650s][gc,ref      ] GC(188) Clearing All SoftReferences
[2024-07-24T23:00:54.229+0800][14.651s][gc,phases   ] GC(188) Pause Mark Start 0.044ms
[2024-07-24T23:00:54.231+0800][14.653s][gc,phases   ] GC(188) Concurrent Mark 2.187ms
[2024-07-24T23:00:54.231+0800][14.653s][gc,phases   ] GC(188) Pause Mark End 0.008ms
[2024-07-24T23:00:54.231+0800][14.653s][gc,phases   ] GC(188) Concurrent Mark Free 0.001ms
[2024-07-24T23:00:54.232+0800][14.654s][gc,phases   ] GC(188) Concurrent Process Non-Strong References 0.761ms
[2024-07-24T23:00:54.232+0800][14.654s][gc,phases   ] GC(188) Concurrent Reset Relocation Set 0.000ms
[2024-07-24T23:00:54.234+0800][14.656s][gc          ] Allocation Stall (main) 5.840ms
[2024-07-24T23:00:54.234+0800][14.656s][gc,phases   ] GC(188) Concurrent Select Relocation Set 2.029ms
[2024-07-24T23:00:54.234+0800][14.656s][gc,phases   ] GC(188) Pause Relocate Start 0.010ms
[2024-07-24T23:00:54.235+0800][14.656s][gc,phases   ] GC(188) Concurrent Relocate 0.058ms
[2024-07-24T23:00:54.235+0800][14.656s][gc,load     ] GC(188) Load: 0.00/0.00/0.00
[2024-07-24T23:00:54.235+0800][14.656s][gc,mmu      ] GC(188) MMU: 2ms/94.0%, 5ms/97.6%, 10ms/98.7%, 20ms/99.2%, 50ms/99.7%, 100ms/99.8%
[2024-07-24T23:00:54.235+0800][14.656s][gc,marking  ] GC(188) Mark: 1 stripe(s), 1 proactive flush(es), 1 terminate flush(es), 0 completion(s), 0 continuation(s) 
[2024-07-24T23:00:54.235+0800][14.656s][gc,marking  ] GC(188) Mark Stack Usage: 32M
[2024-07-24T23:00:54.235+0800][14.656s][gc,nmethod  ] GC(188) NMethods: 312 registered, 0 unregistered
[2024-07-24T23:00:54.235+0800][14.656s][gc,metaspace] GC(188) Metaspace: 0M used, 0M committed, 1088M reserved
[2024-07-24T23:00:54.235+0800][14.656s][gc,ref      ] GC(188) Soft: 62 encountered, 37 discovered, 0 enqueued
[2024-07-24T23:00:54.235+0800][14.656s][gc,ref      ] GC(188) Weak: 187 encountered, 170 discovered, 0 enqueued
[2024-07-24T23:00:54.235+0800][14.657s][gc,ref      ] GC(188) Final: 0 encountered, 0 discovered, 0 enqueued
[2024-07-24T23:00:54.235+0800][14.657s][gc,ref      ] GC(188) Phantom: 1 encountered, 0 discovered, 0 enqueued
[2024-07-24T23:00:54.235+0800][14.657s][gc,reloc    ] GC(188) Small Pages: 2 / 4M, Empty: 2M, Relocated: 0M, In-Place: 0
[2024-07-24T23:00:54.235+0800][14.657s][gc,reloc    ] GC(188) Medium Pages: 0 / 0M, Empty: 0M, Relocated: 0M, In-Place: 0
[2024-07-24T23:00:54.235+0800][14.657s][gc,reloc    ] GC(188) Large Pages: 62 / 124M, Empty: 120M, Relocated: 0M, In-Place: 0
[2024-07-24T23:00:54.235+0800][14.657s][gc,reloc    ] GC(188) Forwarding Usage: 0M
[2024-07-24T23:00:54.235+0800][14.657s][gc,heap     ] GC(188) Min Capacity: 8M(6%)
[2024-07-24T23:00:54.235+0800][14.657s][gc,heap     ] GC(188) Max Capacity: 128M(100%)
[2024-07-24T23:00:54.235+0800][14.657s][gc,heap     ] GC(188) Soft Max Capacity: 128M(100%)
[2024-07-24T23:00:54.235+0800][14.657s][gc,heap     ] GC(188)                Mark Start          Mark End        Relocate Start      Relocate End           High               Low         
[2024-07-24T23:00:54.235+0800][14.657s][gc,heap     ] GC(188)  Capacity:      128M (100%)        128M (100%)        128M (100%)        128M (100%)        128M (100%)        128M (100%)   
[2024-07-24T23:00:54.235+0800][14.657s][gc,heap     ] GC(188)      Free:        0M (0%)            0M (0%)          120M (94%)         116M (91%)         122M (95%)           0M (0%)     
[2024-07-24T23:00:54.235+0800][14.657s][gc,heap     ] GC(188)      Used:      128M (100%)        128M (100%)          8M (6%)           12M (9%)          128M (100%)          6M (5%)     
[2024-07-24T23:00:54.235+0800][14.657s][gc,heap     ] GC(188)      Live:         -                 5M (4%)            5M (4%)            5M (4%)             -                  -          
[2024-07-24T23:00:54.235+0800][14.657s][gc,heap     ] GC(188) Allocated:         -                 0M (0%)            2M (2%)            6M (5%)             -                  -          
[2024-07-24T23:00:54.235+0800][14.657s][gc,heap     ] GC(188)   Garbage:         -               122M (96%)           0M (1%)            0M (1%)             -                  -          
[2024-07-24T23:00:54.235+0800][14.657s][gc,heap     ] GC(188) Reclaimed:         -                  -               122M (95%)         122M (95%)            -                  -          
[2024-07-24T23:00:54.235+0800][14.657s][gc          ] GC(188) Garbage Collection (Allocation Stall) 128M(100%)->12M(9%)
[2024-07-24T23:00:54.245+0800][14.666s][gc,start    ] GC(189) Garbage Collection (Allocation Rate)
[2024-07-24T23:00:54.245+0800][14.666s][gc,task     ] GC(189) Using 1 workers
[2024-07-24T23:00:54.245+0800][14.666s][gc,phases   ] GC(189) Pause Mark Start 0.008ms
[2024-07-24T23:00:54.247+0800][14.669s][gc,phases   ] GC(189) Concurrent Mark 2.215ms
[2024-07-24T23:00:54.247+0800][14.669s][gc,phases   ] GC(189) Pause Mark End 0.008ms
[2024-07-24T23:00:54.247+0800][14.669s][gc,phases   ] GC(189) Concurrent Mark Free 0.001ms
[2024-07-24T23:00:54.248+0800][14.670s][gc,phases   ] GC(189) Concurrent Process Non-Strong References 1.110ms
[2024-07-24T23:00:54.248+0800][14.670s][gc,phases   ] GC(189) Concurrent Reset Relocation Set 0.001ms
[2024-07-24T23:00:54.250+0800][14.672s][gc,phases   ] GC(189) Concurrent Select Relocation Set 2.039ms
[2024-07-24T23:00:54.250+0800][14.672s][gc,phases   ] GC(189) Pause Relocate Start 0.007ms
[2024-07-24T23:00:54.252+0800][14.673s][gc,phases   ] GC(189) Concurrent Relocate 0.949ms
[2024-07-24T23:00:54.252+0800][14.673s][gc,load     ] GC(189) Load: 0.00/0.00/0.00
[2024-07-24T23:00:54.252+0800][14.673s][gc,mmu      ] GC(189) MMU: 2ms/94.0%, 5ms/97.6%, 10ms/98.7%, 20ms/99.2%, 50ms/99.7%, 100ms/99.8%
[2024-07-24T23:00:54.252+0800][14.673s][gc,marking  ] GC(189) Mark: 1 stripe(s), 1 proactive flush(es), 1 terminate flush(es), 0 completion(s), 0 continuation(s) 
[2024-07-24T23:00:54.252+0800][14.673s][gc,marking  ] GC(189) Mark Stack Usage: 32M
[2024-07-24T23:00:54.252+0800][14.673s][gc,nmethod  ] GC(189) NMethods: 312 registered, 0 unregistered
[2024-07-24T23:00:54.252+0800][14.673s][gc,metaspace] GC(189) Metaspace: 0M used, 0M committed, 1088M reserved
[2024-07-24T23:00:54.252+0800][14.673s][gc,ref      ] GC(189) Soft: 62 encountered, 0 discovered, 0 enqueued
[2024-07-24T23:00:54.252+0800][14.674s][gc,ref      ] GC(189) Weak: 187 encountered, 170 discovered, 0 enqueued
[2024-07-24T23:00:54.252+0800][14.674s][gc,ref      ] GC(189) Final: 0 encountered, 0 discovered, 0 enqueued
[2024-07-24T23:00:54.252+0800][14.674s][gc,ref      ] GC(189) Phantom: 1 encountered, 0 discovered, 0 enqueued
[2024-07-24T23:00:54.252+0800][14.674s][gc,reloc    ] GC(189) Small Pages: 2 / 4M, Empty: 0M, Relocated: 1M, In-Place: 0
[2024-07-24T23:00:54.252+0800][14.674s][gc,reloc    ] GC(189) Medium Pages: 0 / 0M, Empty: 0M, Relocated: 0M, In-Place: 0
[2024-07-24T23:00:54.252+0800][14.674s][gc,reloc    ] GC(189) Large Pages: 10 / 20M, Empty: 0M, Relocated: 0M, In-Place: 0
[2024-07-24T23:00:54.252+0800][14.674s][gc,reloc    ] GC(189) Forwarding Usage: 0M
[2024-07-24T23:00:54.252+0800][14.674s][gc,heap     ] GC(189) Min Capacity: 8M(6%)
[2024-07-24T23:00:54.252+0800][14.674s][gc,heap     ] GC(189) Max Capacity: 128M(100%)
[2024-07-24T23:00:54.252+0800][14.674s][gc,heap     ] GC(189) Soft Max Capacity: 128M(100%)
[2024-07-24T23:00:54.252+0800][14.674s][gc,heap     ] GC(189)                Mark Start          Mark End        Relocate Start      Relocate End           High               Low         
[2024-07-24T23:00:54.252+0800][14.674s][gc,heap     ] GC(189)  Capacity:      128M (100%)        128M (100%)        128M (100%)        128M (100%)        128M (100%)        128M (100%)   
[2024-07-24T23:00:54.252+0800][14.674s][gc,heap     ] GC(189)      Free:      104M (81%)         104M (81%)         104M (81%)         106M (83%)         106M (83%)         102M (80%)    
[2024-07-24T23:00:54.252+0800][14.674s][gc,heap     ] GC(189)      Used:       24M (19%)          24M (19%)          24M (19%)          22M (17%)          26M (20%)          22M (17%)    
[2024-07-24T23:00:54.252+0800][14.674s][gc,heap     ] GC(189)      Live:         -                21M (17%)          21M (17%)          21M (17%)            -                  -          
[2024-07-24T23:00:54.252+0800][14.674s][gc,heap     ] GC(189) Allocated:         -                 0M (0%)            0M (0%)            0M (0%)             -                  -          
[2024-07-24T23:00:54.252+0800][14.674s][gc,heap     ] GC(189)   Garbage:         -                 2M (2%)            2M (2%)            0M (1%)             -                  -          
[2024-07-24T23:00:54.252+0800][14.674s][gc,heap     ] GC(189) Reclaimed:         -                  -                 0M (0%)            2M (2%)             -                  -          
[2024-07-24T23:00:54.252+0800][14.674s][gc          ] GC(189) Garbage Collection (Allocation Rate) 24M(19%)->22M(17%)
[2024-07-24T23:00:54.339+0800][14.760s][gc,start    ] GC(190) Garbage Collection (Allocation Rate)
[2024-07-24T23:00:54.339+0800][14.761s][gc,task     ] GC(190) Using 1 workers
[2024-07-24T23:00:54.340+0800][14.761s][gc,phases   ] GC(190) Pause Mark Start 0.011ms
[2024-07-24T23:00:54.343+0800][14.764s][gc,phases   ] GC(190) Concurrent Mark 3.019ms
[2024-07-24T23:00:54.343+0800][14.764s][gc,phases   ] GC(190) Pause Mark End 0.006ms
[2024-07-24T23:00:54.343+0800][14.764s][gc,phases   ] GC(190) Concurrent Mark Free 0.001ms
[2024-07-24T23:00:54.344+0800][14.766s][gc,phases   ] GC(190) Concurrent Process Non-Strong References 1.040ms
[2024-07-24T23:00:54.344+0800][14.766s][gc,phases   ] GC(190) Concurrent Reset Relocation Set 0.001ms
[2024-07-24T23:00:54.346+0800][14.767s][gc          ] Allocation Stall (main) 5.379ms
[2024-07-24T23:00:54.346+0800][14.767s][gc,phases   ] GC(190) Concurrent Select Relocation Set 1.494ms
[2024-07-24T23:00:54.346+0800][14.767s][gc,phases   ] GC(190) Pause Relocate Start 0.004ms
[2024-07-24T23:00:54.346+0800][14.768s][gc,phases   ] GC(190) Concurrent Relocate 0.118ms
[2024-07-24T23:00:54.346+0800][14.768s][gc,load     ] GC(190) Load: 0.00/0.00/0.00
[2024-07-24T23:00:54.346+0800][14.768s][gc,mmu      ] GC(190) MMU: 2ms/94.0%, 5ms/97.6%, 10ms/98.7%, 20ms/99.2%, 50ms/99.7%, 100ms/99.8%
[2024-07-24T23:00:54.346+0800][14.768s][gc,marking  ] GC(190) Mark: 1 stripe(s), 2 proactive flush(es), 1 terminate flush(es), 0 completion(s), 0 continuation(s) 
[2024-07-24T23:00:54.346+0800][14.768s][gc,marking  ] GC(190) Mark Stack Usage: 32M
[2024-07-24T23:00:54.346+0800][14.768s][gc,nmethod  ] GC(190) NMethods: 312 registered, 0 unregistered
[2024-07-24T23:00:54.346+0800][14.768s][gc,metaspace] GC(190) Metaspace: 0M used, 0M committed, 1088M reserved
[2024-07-24T23:00:54.346+0800][14.768s][gc,ref      ] GC(190) Soft: 62 encountered, 0 discovered, 0 enqueued
[2024-07-24T23:00:54.346+0800][14.768s][gc,ref      ] GC(190) Weak: 187 encountered, 170 discovered, 0 enqueued
[2024-07-24T23:00:54.346+0800][14.768s][gc,ref      ] GC(190) Final: 0 encountered, 0 discovered, 0 enqueued
[2024-07-24T23:00:54.346+0800][14.768s][gc,ref      ] GC(190) Phantom: 1 encountered, 0 discovered, 0 enqueued
[2024-07-24T23:00:54.346+0800][14.768s][gc,reloc    ] GC(190) Small Pages: 2 / 4M, Empty: 2M, Relocated: 0M, In-Place: 0
[2024-07-24T23:00:54.346+0800][14.768s][gc,reloc    ] GC(190) Medium Pages: 0 / 0M, Empty: 0M, Relocated: 0M, In-Place: 0
[2024-07-24T23:00:54.346+0800][14.768s][gc,reloc    ] GC(190) Large Pages: 62 / 124M, Empty: 120M, Relocated: 0M, In-Place: 0
[2024-07-24T23:00:54.346+0800][14.768s][gc,reloc    ] GC(190) Forwarding Usage: 0M
[2024-07-24T23:00:54.346+0800][14.768s][gc,heap     ] GC(190) Min Capacity: 8M(6%)
[2024-07-24T23:00:54.346+0800][14.768s][gc,heap     ] GC(190) Max Capacity: 128M(100%)
[2024-07-24T23:00:54.346+0800][14.768s][gc,heap     ] GC(190) Soft Max Capacity: 128M(100%)
[2024-07-24T23:00:54.346+0800][14.768s][gc,heap     ] GC(190)                Mark Start          Mark End        Relocate Start      Relocate End           High               Low         
[2024-07-24T23:00:54.346+0800][14.768s][gc,heap     ] GC(190)  Capacity:      128M (100%)        128M (100%)        128M (100%)        128M (100%)        128M (100%)        128M (100%)   
[2024-07-24T23:00:54.346+0800][14.768s][gc,heap     ] GC(190)      Free:        0M (0%)            0M (0%)          118M (92%)         114M (89%)         122M (95%)           0M (0%)     
[2024-07-24T23:00:54.346+0800][14.768s][gc,heap     ] GC(190)      Used:      128M (100%)        128M (100%)         10M (8%)           14M (11%)         128M (100%)          6M (5%)     
[2024-07-24T23:00:54.347+0800][14.768s][gc,heap     ] GC(190)      Live:         -                 5M (4%)            5M (4%)            5M (4%)             -                  -          
[2024-07-24T23:00:54.347+0800][14.768s][gc,heap     ] GC(190) Allocated:         -                 0M (0%)            4M (3%)            8M (6%)             -                  -          
[2024-07-24T23:00:54.347+0800][14.768s][gc,heap     ] GC(190)   Garbage:         -               122M (96%)           0M (1%)            0M (1%)             -                  -          
[2024-07-24T23:00:54.347+0800][14.768s][gc,heap     ] GC(190) Reclaimed:         -                  -               122M (95%)         122M (95%)            -                  -          
[2024-07-24T23:00:54.347+0800][14.768s][gc          ] GC(190) Garbage Collection (Allocation Rate) 128M(100%)->14M(11%)
[2024-07-24T23:00:54.448+0800][14.869s][gc,start    ] GC(191) Garbage Collection (Allocation Stall)
[2024-07-24T23:00:54.448+0800][14.870s][gc,ref      ] GC(191) Clearing All SoftReferences
[2024-07-24T23:00:54.448+0800][14.870s][gc,task     ] GC(191) Using 1 workers
[2024-07-24T23:00:54.448+0800][14.870s][gc,ref      ] GC(191) Clearing All SoftReferences
[2024-07-24T23:00:54.448+0800][14.870s][gc,phases   ] GC(191) Pause Mark Start 0.037ms
[2024-07-24T23:00:54.451+0800][14.873s][gc,phases   ] GC(191) Concurrent Mark 3.027ms
[2024-07-24T23:00:54.452+0800][14.873s][gc,phases   ] GC(191) Pause Mark End 0.008ms
[2024-07-24T23:00:54.452+0800][14.873s][gc,phases   ] GC(191) Concurrent Mark Free 0.001ms
[2024-07-24T23:00:54.453+0800][14.874s][gc,phases   ] GC(191) Concurrent Process Non-Strong References 0.943ms
[2024-07-24T23:00:54.453+0800][14.874s][gc,phases   ] GC(191) Concurrent Reset Relocation Set 0.000ms
[2024-07-24T23:00:54.454+0800][14.876s][gc          ] Allocation Stall (main) 5.396ms
[2024-07-24T23:00:54.454+0800][14.876s][gc,phases   ] GC(191) Concurrent Select Relocation Set 1.359ms
[2024-07-24T23:00:54.454+0800][14.876s][gc,phases   ] GC(191) Pause Relocate Start 0.004ms
[2024-07-24T23:00:54.455+0800][14.876s][gc,phases   ] GC(191) Concurrent Relocate 0.078ms
[2024-07-24T23:00:54.455+0800][14.876s][gc,load     ] GC(191) Load: 0.00/0.00/0.00
[2024-07-24T23:00:54.455+0800][14.876s][gc,mmu      ] GC(191) MMU: 2ms/94.0%, 5ms/97.6%, 10ms/98.7%, 20ms/99.2%, 50ms/99.7%, 100ms/99.8%
[2024-07-24T23:00:54.455+0800][14.876s][gc,marking  ] GC(191) Mark: 1 stripe(s), 2 proactive flush(es), 1 terminate flush(es), 0 completion(s), 0 continuation(s) 
[2024-07-24T23:00:54.455+0800][14.876s][gc,marking  ] GC(191) Mark Stack Usage: 32M
[2024-07-24T23:00:54.455+0800][14.876s][gc,nmethod  ] GC(191) NMethods: 312 registered, 0 unregistered
[2024-07-24T23:00:54.455+0800][14.876s][gc,metaspace] GC(191) Metaspace: 0M used, 0M committed, 1088M reserved
[2024-07-24T23:00:54.455+0800][14.876s][gc,ref      ] GC(191) Soft: 62 encountered, 35 discovered, 0 enqueued
[2024-07-24T23:00:54.455+0800][14.876s][gc,ref      ] GC(191) Weak: 187 encountered, 170 discovered, 0 enqueued
[2024-07-24T23:00:54.455+0800][14.876s][gc,ref      ] GC(191) Final: 0 encountered, 0 discovered, 0 enqueued
[2024-07-24T23:00:54.455+0800][14.876s][gc,ref      ] GC(191) Phantom: 1 encountered, 0 discovered, 0 enqueued
[2024-07-24T23:00:54.455+0800][14.877s][gc,reloc    ] GC(191) Small Pages: 2 / 4M, Empty: 2M, Relocated: 0M, In-Place: 0
[2024-07-24T23:00:54.455+0800][14.877s][gc,reloc    ] GC(191) Medium Pages: 0 / 0M, Empty: 0M, Relocated: 0M, In-Place: 0
[2024-07-24T23:00:54.455+0800][14.877s][gc,reloc    ] GC(191) Large Pages: 62 / 124M, Empty: 120M, Relocated: 0M, In-Place: 0
[2024-07-24T23:00:54.455+0800][14.877s][gc,reloc    ] GC(191) Forwarding Usage: 0M
[2024-07-24T23:00:54.455+0800][14.877s][gc,heap     ] GC(191) Min Capacity: 8M(6%)
[2024-07-24T23:00:54.455+0800][14.877s][gc,heap     ] GC(191) Max Capacity: 128M(100%)
[2024-07-24T23:00:54.455+0800][14.877s][gc,heap     ] GC(191) Soft Max Capacity: 128M(100%)
[2024-07-24T23:00:54.455+0800][14.877s][gc,heap     ] GC(191)                Mark Start          Mark End        Relocate Start      Relocate End           High               Low         
[2024-07-24T23:00:54.455+0800][14.877s][gc,heap     ] GC(191)  Capacity:      128M (100%)        128M (100%)        128M (100%)        128M (100%)        128M (100%)        128M (100%)   
[2024-07-24T23:00:54.455+0800][14.877s][gc,heap     ] GC(191)      Free:        0M (0%)            0M (0%)          120M (94%)         120M (94%)         122M (95%)           0M (0%)     
[2024-07-24T23:00:54.455+0800][14.877s][gc,heap     ] GC(191)      Used:      128M (100%)        128M (100%)          8M (6%)            8M (6%)          128M (100%)          6M (5%)     
[2024-07-24T23:00:54.455+0800][14.877s][gc,heap     ] GC(191)      Live:         -                 5M (4%)            5M (4%)            5M (4%)             -                  -          
[2024-07-24T23:00:54.455+0800][14.877s][gc,heap     ] GC(191) Allocated:         -                 0M (0%)            2M (2%)            2M (2%)             -                  -          
[2024-07-24T23:00:54.455+0800][14.877s][gc,heap     ] GC(191)   Garbage:         -               122M (96%)           0M (1%)            0M (1%)             -                  -          
[2024-07-24T23:00:54.455+0800][14.877s][gc,heap     ] GC(191) Reclaimed:         -                  -               122M (95%)         122M (95%)            -                  -          
[2024-07-24T23:00:54.455+0800][14.877s][gc          ] GC(191) Garbage Collection (Allocation Stall) 128M(100%)->8M(6%)
[2024-07-24T23:00:54.542+0800][14.963s][gc,start    ] GC(192) Garbage Collection (Allocation Stall)
[2024-07-24T23:00:54.542+0800][14.964s][gc,ref      ] GC(192) Clearing All SoftReferences
[2024-07-24T23:00:54.542+0800][14.964s][gc,task     ] GC(192) Using 1 workers
[2024-07-24T23:00:54.542+0800][14.964s][gc,ref      ] GC(192) Clearing All SoftReferences
[2024-07-24T23:00:54.543+0800][14.964s][gc,phases   ] GC(192) Pause Mark Start 0.079ms
[2024-07-24T23:00:54.545+0800][14.967s][gc,phases   ] GC(192) Concurrent Mark 2.407ms
[2024-07-24T23:00:54.545+0800][14.967s][gc,phases   ] GC(192) Pause Mark End 0.008ms
[2024-07-24T23:00:54.545+0800][14.967s][gc,phases   ] GC(192) Concurrent Mark Free 0.001ms
[2024-07-24T23:00:54.546+0800][14.968s][gc,phases   ] GC(192) Concurrent Process Non-Strong References 0.855ms
[2024-07-24T23:00:54.546+0800][14.968s][gc,phases   ] GC(192) Concurrent Reset Relocation Set 0.000ms
[2024-07-24T23:00:54.548+0800][14.970s][gc,phases   ] GC(192) Concurrent Select Relocation Set 1.709ms
[2024-07-24T23:00:54.548+0800][14.970s][gc,phases   ] GC(192) Pause Relocate Start 0.005ms
[2024-07-24T23:00:54.548+0800][14.970s][gc,phases   ] GC(192) Concurrent Relocate 0.109ms
[2024-07-24T23:00:54.548+0800][14.970s][gc,load     ] GC(192) Load: 0.00/0.00/0.00
[2024-07-24T23:00:54.548+0800][14.970s][gc,mmu      ] GC(192) MMU: 2ms/94.0%, 5ms/97.6%, 10ms/98.7%, 20ms/99.2%, 50ms/99.7%, 100ms/99.8%
[2024-07-24T23:00:54.548+0800][14.970s][gc,marking  ] GC(192) Mark: 1 stripe(s), 2 proactive flush(es), 1 terminate flush(es), 0 completion(s), 0 continuation(s) 
[2024-07-24T23:00:54.548+0800][14.970s][gc,marking  ] GC(192) Mark Stack Usage: 32M
[2024-07-24T23:00:54.548+0800][14.970s][gc,nmethod  ] GC(192) NMethods: 312 registered, 0 unregistered
[2024-07-24T23:00:54.549+0800][14.970s][gc,metaspace] GC(192) Metaspace: 0M used, 0M committed, 1088M reserved
[2024-07-24T23:00:54.549+0800][14.970s][gc,ref      ] GC(192) Soft: 62 encountered, 35 discovered, 0 enqueued
[2024-07-24T23:00:54.549+0800][14.970s][gc,ref      ] GC(192) Weak: 187 encountered, 170 discovered, 0 enqueued
[2024-07-24T23:00:54.549+0800][14.970s][gc,ref      ] GC(192) Final: 0 encountered, 0 discovered, 0 enqueued
[2024-07-24T23:00:54.549+0800][14.970s][gc,ref      ] GC(192) Phantom: 1 encountered, 0 discovered, 0 enqueued
[2024-07-24T23:00:54.549+0800][14.970s][gc,reloc    ] GC(192) Small Pages: 2 / 4M, Empty: 2M, Relocated: 0M, In-Place: 0
[2024-07-24T23:00:54.549+0800][14.970s][gc,reloc    ] GC(192) Medium Pages: 0 / 0M, Empty: 0M, Relocated: 0M, In-Place: 0
[2024-07-24T23:00:54.549+0800][14.970s][gc,reloc    ] GC(192) Large Pages: 53 / 106M, Empty: 104M, Relocated: 0M, In-Place: 0
[2024-07-24T23:00:54.549+0800][14.970s][gc,reloc    ] GC(192) Forwarding Usage: 0M
[2024-07-24T23:00:54.549+0800][14.970s][gc,heap     ] GC(192) Min Capacity: 8M(6%)
[2024-07-24T23:00:54.549+0800][14.970s][gc,heap     ] GC(192) Max Capacity: 128M(100%)
[2024-07-24T23:00:54.549+0800][14.970s][gc,heap     ] GC(192) Soft Max Capacity: 128M(100%)
[2024-07-24T23:00:54.549+0800][14.970s][gc,heap     ] GC(192)                Mark Start          Mark End        Relocate Start      Relocate End           High               Low         
[2024-07-24T23:00:54.549+0800][14.970s][gc,heap     ] GC(192)  Capacity:      128M (100%)        128M (100%)        128M (100%)        128M (100%)        128M (100%)        128M (100%)   
[2024-07-24T23:00:54.549+0800][14.970s][gc,heap     ] GC(192)      Free:       18M (14%)           2M (2%)          108M (84%)         108M (84%)         108M (84%)           2M (2%)     
[2024-07-24T23:00:54.549+0800][14.970s][gc,heap     ] GC(192)      Used:      110M (86%)         126M (98%)          20M (16%)          20M (16%)         126M (98%)          20M (16%)    
[2024-07-24T23:00:54.549+0800][14.970s][gc,heap     ] GC(192)      Live:         -                 3M (3%)            3M (3%)            3M (3%)             -                  -          
[2024-07-24T23:00:54.549+0800][14.970s][gc,heap     ] GC(192) Allocated:         -                16M (12%)          16M (12%)          16M (12%)            -                  -          
[2024-07-24T23:00:54.549+0800][14.970s][gc,heap     ] GC(192)   Garbage:         -               106M (83%)           0M (1%)            0M (1%)             -                  -          
[2024-07-24T23:00:54.549+0800][14.970s][gc,heap     ] GC(192) Reclaimed:         -                  -               106M (83%)         106M (83%)            -                  -          
[2024-07-24T23:00:54.549+0800][14.970s][gc          ] GC(192) Garbage Collection (Allocation Stall) 110M(86%)->20M(16%)
[2024-07-24T23:00:54.637+0800][15.058s][gc,start    ] GC(193) Garbage Collection (Allocation Rate)
[2024-07-24T23:00:54.637+0800][15.058s][gc,task     ] GC(193) Using 1 workers
[2024-07-24T23:00:54.637+0800][15.058s][gc,phases   ] GC(193) Pause Mark Start 0.009ms
[2024-07-24T23:00:54.640+0800][15.061s][gc,phases   ] GC(193) Concurrent Mark 2.899ms
[2024-07-24T23:00:54.640+0800][15.061s][gc,phases   ] GC(193) Pause Mark End 0.010ms
[2024-07-24T23:00:54.640+0800][15.061s][gc,phases   ] GC(193) Concurrent Mark Free 0.002ms
[2024-07-24T23:00:54.641+0800][15.062s][gc,phases   ] GC(193) Concurrent Process Non-Strong References 0.762ms
[2024-07-24T23:00:54.641+0800][15.062s][gc,phases   ] GC(193) Concurrent Reset Relocation Set 0.000ms
[2024-07-24T23:00:54.642+0800][15.064s][gc          ] Allocation Stall (main) 4.003ms
[2024-07-24T23:00:54.642+0800][15.064s][gc,phases   ] GC(193) Concurrent Select Relocation Set 1.539ms
[2024-07-24T23:00:54.643+0800][15.064s][gc,phases   ] GC(193) Pause Relocate Start 0.005ms
[2024-07-24T23:00:54.643+0800][15.064s][gc,phases   ] GC(193) Concurrent Relocate 0.112ms
[2024-07-24T23:00:54.643+0800][15.064s][gc,load     ] GC(193) Load: 0.00/0.00/0.00
[2024-07-24T23:00:54.643+0800][15.064s][gc,mmu      ] GC(193) MMU: 2ms/94.0%, 5ms/97.6%, 10ms/98.7%, 20ms/99.2%, 50ms/99.7%, 100ms/99.8%
[2024-07-24T23:00:54.643+0800][15.064s][gc,marking  ] GC(193) Mark: 1 stripe(s), 2 proactive flush(es), 1 terminate flush(es), 0 completion(s), 0 continuation(s) 
[2024-07-24T23:00:54.643+0800][15.064s][gc,marking  ] GC(193) Mark Stack Usage: 32M
[2024-07-24T23:00:54.643+0800][15.064s][gc,nmethod  ] GC(193) NMethods: 312 registered, 0 unregistered
[2024-07-24T23:00:54.643+0800][15.064s][gc,metaspace] GC(193) Metaspace: 0M used, 0M committed, 1088M reserved
[2024-07-24T23:00:54.643+0800][15.064s][gc,ref      ] GC(193) Soft: 62 encountered, 0 discovered, 0 enqueued
[2024-07-24T23:00:54.643+0800][15.064s][gc,ref      ] GC(193) Weak: 187 encountered, 170 discovered, 0 enqueued
[2024-07-24T23:00:54.643+0800][15.064s][gc,ref      ] GC(193) Final: 0 encountered, 0 discovered, 0 enqueued
[2024-07-24T23:00:54.643+0800][15.064s][gc,ref      ] GC(193) Phantom: 1 encountered, 0 discovered, 0 enqueued
[2024-07-24T23:00:54.643+0800][15.064s][gc,reloc    ] GC(193) Small Pages: 2 / 4M, Empty: 2M, Relocated: 0M, In-Place: 0
[2024-07-24T23:00:54.643+0800][15.065s][gc,reloc    ] GC(193) Medium Pages: 0 / 0M, Empty: 0M, Relocated: 0M, In-Place: 0
[2024-07-24T23:00:54.643+0800][15.065s][gc,reloc    ] GC(193) Large Pages: 59 / 118M, Empty: 96M, Relocated: 0M, In-Place: 0
[2024-07-24T23:00:54.643+0800][15.065s][gc,reloc    ] GC(193) Forwarding Usage: 0M
[2024-07-24T23:00:54.643+0800][15.065s][gc,heap     ] GC(193) Min Capacity: 8M(6%)
[2024-07-24T23:00:54.643+0800][15.065s][gc,heap     ] GC(193) Max Capacity: 128M(100%)
[2024-07-24T23:00:54.643+0800][15.065s][gc,heap     ] GC(193) Soft Max Capacity: 128M(100%)
[2024-07-24T23:00:54.643+0800][15.065s][gc,heap     ] GC(193)                Mark Start          Mark End        Relocate Start      Relocate End           High               Low         
[2024-07-24T23:00:54.643+0800][15.065s][gc,heap     ] GC(193)  Capacity:      128M (100%)        128M (100%)        128M (100%)        128M (100%)        128M (100%)        128M (100%)   
[2024-07-24T23:00:54.643+0800][15.065s][gc,heap     ] GC(193)      Free:        6M (5%)            0M (0%)           96M (75%)          92M (72%)          98M (77%)           0M (0%)     
[2024-07-24T23:00:54.643+0800][15.065s][gc,heap     ] GC(193)      Used:      122M (95%)         128M (100%)         32M (25%)          36M (28%)         128M (100%)         30M (23%)    
[2024-07-24T23:00:54.643+0800][15.065s][gc,heap     ] GC(193)      Live:         -                23M (18%)          23M (18%)          23M (18%)            -                  -          
[2024-07-24T23:00:54.643+0800][15.065s][gc,heap     ] GC(193) Allocated:         -                 6M (5%)            8M (6%)           12M (9%)             -                  -          
[2024-07-24T23:00:54.643+0800][15.065s][gc,heap     ] GC(193)   Garbage:         -                98M (77%)           0M (1%)            0M (1%)             -                  -          
[2024-07-24T23:00:54.643+0800][15.065s][gc,heap     ] GC(193) Reclaimed:         -                  -                98M (77%)          98M (77%)            -                  -          
[2024-07-24T23:00:54.643+0800][15.065s][gc          ] GC(193) Garbage Collection (Allocation Rate) 122M(95%)->36M(28%)
[2024-07-24T23:00:54.730+0800][15.151s][gc,start    ] GC(194) Garbage Collection (Allocation Stall)
[2024-07-24T23:00:54.730+0800][15.151s][gc,ref      ] GC(194) Clearing All SoftReferences
[2024-07-24T23:00:54.730+0800][15.151s][gc,task     ] GC(194) Using 1 workers
[2024-07-24T23:00:54.730+0800][15.151s][gc,ref      ] GC(194) Clearing All SoftReferences
[2024-07-24T23:00:54.730+0800][15.152s][gc,phases   ] GC(194) Pause Mark Start 0.036ms
[2024-07-24T23:00:54.733+0800][15.154s][gc,phases   ] GC(194) Concurrent Mark 2.490ms
[2024-07-24T23:00:54.733+0800][15.154s][gc,phases   ] GC(194) Pause Mark End 0.009ms
[2024-07-24T23:00:54.733+0800][15.154s][gc,phases   ] GC(194) Concurrent Mark Free 0.001ms
[2024-07-24T23:00:54.734+0800][15.155s][gc,phases   ] GC(194) Concurrent Process Non-Strong References 0.981ms
[2024-07-24T23:00:54.734+0800][15.156s][gc,phases   ] GC(194) Concurrent Reset Relocation Set 0.000ms
[2024-07-24T23:00:54.735+0800][15.157s][gc          ] Allocation Stall (main) 5.659ms
[2024-07-24T23:00:54.736+0800][15.157s][gc,phases   ] GC(194) Concurrent Select Relocation Set 1.376ms
[2024-07-24T23:00:54.736+0800][15.157s][gc,phases   ] GC(194) Pause Relocate Start 0.004ms
[2024-07-24T23:00:54.736+0800][15.157s][gc,phases   ] GC(194) Concurrent Relocate 0.113ms
[2024-07-24T23:00:54.736+0800][15.157s][gc,load     ] GC(194) Load: 0.00/0.00/0.00
[2024-07-24T23:00:54.736+0800][15.157s][gc,mmu      ] GC(194) MMU: 2ms/94.0%, 5ms/97.6%, 10ms/98.7%, 20ms/99.2%, 50ms/99.7%, 100ms/99.8%
[2024-07-24T23:00:54.736+0800][15.157s][gc,marking  ] GC(194) Mark: 1 stripe(s), 1 proactive flush(es), 1 terminate flush(es), 0 completion(s), 0 continuation(s) 
[2024-07-24T23:00:54.736+0800][15.157s][gc,marking  ] GC(194) Mark Stack Usage: 32M
[2024-07-24T23:00:54.736+0800][15.158s][gc,nmethod  ] GC(194) NMethods: 312 registered, 0 unregistered
[2024-07-24T23:00:54.736+0800][15.158s][gc,metaspace] GC(194) Metaspace: 0M used, 0M committed, 1088M reserved
[2024-07-24T23:00:54.736+0800][15.158s][gc,ref      ] GC(194) Soft: 62 encountered, 37 discovered, 0 enqueued
[2024-07-24T23:00:54.736+0800][15.158s][gc,ref      ] GC(194) Weak: 187 encountered, 170 discovered, 0 enqueued
[2024-07-24T23:00:54.736+0800][15.158s][gc,ref      ] GC(194) Final: 0 encountered, 0 discovered, 0 enqueued
[2024-07-24T23:00:54.736+0800][15.158s][gc,ref      ] GC(194) Phantom: 1 encountered, 0 discovered, 0 enqueued
[2024-07-24T23:00:54.736+0800][15.158s][gc,reloc    ] GC(194) Small Pages: 2 / 4M, Empty: 2M, Relocated: 0M, In-Place: 0
[2024-07-24T23:00:54.736+0800][15.158s][gc,reloc    ] GC(194) Medium Pages: 0 / 0M, Empty: 0M, Relocated: 0M, In-Place: 0
[2024-07-24T23:00:54.736+0800][15.158s][gc,reloc    ] GC(194) Large Pages: 62 / 124M, Empty: 120M, Relocated: 0M, In-Place: 0
[2024-07-24T23:00:54.736+0800][15.158s][gc,reloc    ] GC(194) Forwarding Usage: 0M
[2024-07-24T23:00:54.736+0800][15.158s][gc,heap     ] GC(194) Min Capacity: 8M(6%)
[2024-07-24T23:00:54.736+0800][15.158s][gc,heap     ] GC(194) Max Capacity: 128M(100%)
[2024-07-24T23:00:54.736+0800][15.158s][gc,heap     ] GC(194) Soft Max Capacity: 128M(100%)
[2024-07-24T23:00:54.736+0800][15.158s][gc,heap     ] GC(194)                Mark Start          Mark End        Relocate Start      Relocate End           High               Low         
[2024-07-24T23:00:54.736+0800][15.158s][gc,heap     ] GC(194)  Capacity:      128M (100%)        128M (100%)        128M (100%)        128M (100%)        128M (100%)        128M (100%)   
[2024-07-24T23:00:54.736+0800][15.158s][gc,heap     ] GC(194)      Free:        0M (0%)            0M (0%)          120M (94%)         114M (89%)         122M (95%)           0M (0%)     
[2024-07-24T23:00:54.736+0800][15.158s][gc,heap     ] GC(194)      Used:      128M (100%)        128M (100%)          8M (6%)           14M (11%)         128M (100%)          6M (5%)     
[2024-07-24T23:00:54.736+0800][15.158s][gc,heap     ] GC(194)      Live:         -                 5M (4%)            5M (4%)            5M (4%)             -                  -          
[2024-07-24T23:00:54.736+0800][15.158s][gc,heap     ] GC(194) Allocated:         -                 0M (0%)            2M (2%)            8M (6%)             -                  -          
[2024-07-24T23:00:54.736+0800][15.158s][gc,heap     ] GC(194)   Garbage:         -               122M (96%)           0M (1%)            0M (1%)             -                  -          
[2024-07-24T23:00:54.736+0800][15.158s][gc,heap     ] GC(194) Reclaimed:         -                  -               122M (95%)         122M (95%)            -                  -          
[2024-07-24T23:00:54.736+0800][15.158s][gc          ] GC(194) Garbage Collection (Allocation Stall) 128M(100%)->14M(11%)
[2024-07-24T23:00:54.745+0800][15.166s][gc,start    ] GC(195) Garbage Collection (Allocation Rate)
[2024-07-24T23:00:54.745+0800][15.166s][gc,task     ] GC(195) Using 1 workers
[2024-07-24T23:00:54.745+0800][15.167s][gc,phases   ] GC(195) Pause Mark Start 0.008ms
[2024-07-24T23:00:54.748+0800][15.169s][gc,phases   ] GC(195) Concurrent Mark 2.220ms
[2024-07-24T23:00:54.748+0800][15.169s][gc,phases   ] GC(195) Pause Mark End 0.008ms
[2024-07-24T23:00:54.748+0800][15.169s][gc,phases   ] GC(195) Concurrent Mark Free 0.001ms
[2024-07-24T23:00:54.749+0800][15.170s][gc,phases   ] GC(195) Concurrent Process Non-Strong References 1.029ms
[2024-07-24T23:00:54.749+0800][15.170s][gc,phases   ] GC(195) Concurrent Reset Relocation Set 0.000ms
[2024-07-24T23:00:54.751+0800][15.172s][gc,phases   ] GC(195) Concurrent Select Relocation Set 1.563ms
[2024-07-24T23:00:54.751+0800][15.172s][gc,phases   ] GC(195) Pause Relocate Start 0.007ms
[2024-07-24T23:00:54.752+0800][15.173s][gc,phases   ] GC(195) Concurrent Relocate 1.187ms
[2024-07-24T23:00:54.752+0800][15.174s][gc,load     ] GC(195) Load: 0.00/0.00/0.00
[2024-07-24T23:00:54.752+0800][15.174s][gc,mmu      ] GC(195) MMU: 2ms/94.0%, 5ms/97.6%, 10ms/98.7%, 20ms/99.2%, 50ms/99.7%, 100ms/99.8%
[2024-07-24T23:00:54.752+0800][15.174s][gc,marking  ] GC(195) Mark: 1 stripe(s), 1 proactive flush(es), 1 terminate flush(es), 0 completion(s), 0 continuation(s) 
[2024-07-24T23:00:54.752+0800][15.174s][gc,marking  ] GC(195) Mark Stack Usage: 32M
[2024-07-24T23:00:54.752+0800][15.174s][gc,nmethod  ] GC(195) NMethods: 312 registered, 0 unregistered
[2024-07-24T23:00:54.752+0800][15.174s][gc,metaspace] GC(195) Metaspace: 0M used, 0M committed, 1088M reserved
[2024-07-24T23:00:54.752+0800][15.174s][gc,ref      ] GC(195) Soft: 62 encountered, 0 discovered, 0 enqueued
[2024-07-24T23:00:54.752+0800][15.174s][gc,ref      ] GC(195) Weak: 187 encountered, 170 discovered, 0 enqueued
[2024-07-24T23:00:54.752+0800][15.174s][gc,ref      ] GC(195) Final: 0 encountered, 0 discovered, 0 enqueued
[2024-07-24T23:00:54.752+0800][15.174s][gc,ref      ] GC(195) Phantom: 1 encountered, 0 discovered, 0 enqueued
[2024-07-24T23:00:54.752+0800][15.174s][gc,reloc    ] GC(195) Small Pages: 2 / 4M, Empty: 0M, Relocated: 1M, In-Place: 0
[2024-07-24T23:00:54.752+0800][15.174s][gc,reloc    ] GC(195) Medium Pages: 0 / 0M, Empty: 0M, Relocated: 0M, In-Place: 0
[2024-07-24T23:00:54.752+0800][15.174s][gc,reloc    ] GC(195) Large Pages: 10 / 20M, Empty: 0M, Relocated: 0M, In-Place: 0
[2024-07-24T23:00:54.752+0800][15.174s][gc,reloc    ] GC(195) Forwarding Usage: 0M
[2024-07-24T23:00:54.752+0800][15.174s][gc,heap     ] GC(195) Min Capacity: 8M(6%)
[2024-07-24T23:00:54.752+0800][15.174s][gc,heap     ] GC(195) Max Capacity: 128M(100%)
[2024-07-24T23:00:54.752+0800][15.174s][gc,heap     ] GC(195) Soft Max Capacity: 128M(100%)
[2024-07-24T23:00:54.752+0800][15.174s][gc,heap     ] GC(195)                Mark Start          Mark End        Relocate Start      Relocate End           High               Low         
[2024-07-24T23:00:54.752+0800][15.174s][gc,heap     ] GC(195)  Capacity:      128M (100%)        128M (100%)        128M (100%)        128M (100%)        128M (100%)        128M (100%)   
[2024-07-24T23:00:54.752+0800][15.174s][gc,heap     ] GC(195)      Free:      104M (81%)         104M (81%)         104M (81%)         106M (83%)         106M (83%)         102M (80%)    
[2024-07-24T23:00:54.752+0800][15.174s][gc,heap     ] GC(195)      Used:       24M (19%)          24M (19%)          24M (19%)          22M (17%)          26M (20%)          22M (17%)    
[2024-07-24T23:00:54.752+0800][15.174s][gc,heap     ] GC(195)      Live:         -                21M (17%)          21M (17%)          21M (17%)            -                  -          
[2024-07-24T23:00:54.752+0800][15.174s][gc,heap     ] GC(195) Allocated:         -                 0M (0%)            0M (0%)            0M (0%)             -                  -          
[2024-07-24T23:00:54.752+0800][15.174s][gc,heap     ] GC(195)   Garbage:         -                 2M (2%)            2M (2%)            0M (1%)             -                  -          
[2024-07-24T23:00:54.752+0800][15.174s][gc,heap     ] GC(195) Reclaimed:         -                  -                 0M (0%)            2M (2%)             -                  -          
[2024-07-24T23:00:54.752+0800][15.174s][gc          ] GC(195) Garbage Collection (Allocation Rate) 24M(19%)->22M(17%)
[2024-07-24T23:00:54.840+0800][15.262s][gc,start    ] GC(196) Garbage Collection (Allocation Rate)
[2024-07-24T23:00:54.841+0800][15.262s][gc,task     ] GC(196) Using 1 workers
[2024-07-24T23:00:54.841+0800][15.262s][gc,phases   ] GC(196) Pause Mark Start 0.008ms
[2024-07-24T23:00:54.844+0800][15.266s][gc,phases   ] GC(196) Concurrent Mark 3.499ms
[2024-07-24T23:00:54.845+0800][15.266s][gc,phases   ] GC(196) Pause Mark End 0.005ms
[2024-07-24T23:00:54.845+0800][15.266s][gc,phases   ] GC(196) Concurrent Mark Free 0.001ms
[2024-07-24T23:00:54.846+0800][15.267s][gc,phases   ] GC(196) Concurrent Process Non-Strong References 1.023ms
[2024-07-24T23:00:54.846+0800][15.267s][gc,phases   ] GC(196) Concurrent Reset Relocation Set 0.001ms
[2024-07-24T23:00:54.847+0800][15.269s][gc          ] Allocation Stall (main) 6.075ms
[2024-07-24T23:00:54.847+0800][15.269s][gc,phases   ] GC(196) Concurrent Select Relocation Set 1.766ms
[2024-07-24T23:00:54.848+0800][15.269s][gc,phases   ] GC(196) Pause Relocate Start 0.006ms
[2024-07-24T23:00:54.848+0800][15.270s][gc,phases   ] GC(196) Concurrent Relocate 0.106ms
[2024-07-24T23:00:54.848+0800][15.270s][gc,load     ] GC(196) Load: 0.00/0.00/0.00
[2024-07-24T23:00:54.848+0800][15.270s][gc,mmu      ] GC(196) MMU: 2ms/94.0%, 5ms/97.6%, 10ms/98.7%, 20ms/99.2%, 50ms/99.7%, 100ms/99.8%
[2024-07-24T23:00:54.848+0800][15.270s][gc,marking  ] GC(196) Mark: 1 stripe(s), 2 proactive flush(es), 1 terminate flush(es), 0 completion(s), 0 continuation(s) 
[2024-07-24T23:00:54.848+0800][15.270s][gc,marking  ] GC(196) Mark Stack Usage: 32M
[2024-07-24T23:00:54.848+0800][15.270s][gc,nmethod  ] GC(196) NMethods: 312 registered, 0 unregistered
[2024-07-24T23:00:54.848+0800][15.270s][gc,metaspace] GC(196) Metaspace: 0M used, 0M committed, 1088M reserved
[2024-07-24T23:00:54.848+0800][15.270s][gc,ref      ] GC(196) Soft: 62 encountered, 0 discovered, 0 enqueued
[2024-07-24T23:00:54.848+0800][15.270s][gc,ref      ] GC(196) Weak: 187 encountered, 170 discovered, 0 enqueued
[2024-07-24T23:00:54.848+0800][15.270s][gc,ref      ] GC(196) Final: 0 encountered, 0 discovered, 0 enqueued
[2024-07-24T23:00:54.848+0800][15.270s][gc,ref      ] GC(196) Phantom: 1 encountered, 0 discovered, 0 enqueued
[2024-07-24T23:00:54.848+0800][15.270s][gc,reloc    ] GC(196) Small Pages: 2 / 4M, Empty: 2M, Relocated: 0M, In-Place: 0
[2024-07-24T23:00:54.848+0800][15.270s][gc,reloc    ] GC(196) Medium Pages: 0 / 0M, Empty: 0M, Relocated: 0M, In-Place: 0
[2024-07-24T23:00:54.848+0800][15.270s][gc,reloc    ] GC(196) Large Pages: 62 / 124M, Empty: 120M, Relocated: 0M, In-Place: 0
[2024-07-24T23:00:54.848+0800][15.270s][gc,reloc    ] GC(196) Forwarding Usage: 0M
[2024-07-24T23:00:54.848+0800][15.270s][gc,heap     ] GC(196) Min Capacity: 8M(6%)
[2024-07-24T23:00:54.848+0800][15.270s][gc,heap     ] GC(196) Max Capacity: 128M(100%)
[2024-07-24T23:00:54.848+0800][15.270s][gc,heap     ] GC(196) Soft Max Capacity: 128M(100%)
[2024-07-24T23:00:54.848+0800][15.270s][gc,heap     ] GC(196)                Mark Start          Mark End        Relocate Start      Relocate End           High               Low         
[2024-07-24T23:00:54.848+0800][15.270s][gc,heap     ] GC(196)  Capacity:      128M (100%)        128M (100%)        128M (100%)        128M (100%)        128M (100%)        128M (100%)   
[2024-07-24T23:00:54.848+0800][15.270s][gc,heap     ] GC(196)      Free:        0M (0%)            0M (0%)          116M (91%)         114M (89%)         122M (95%)           0M (0%)     
[2024-07-24T23:00:54.848+0800][15.270s][gc,heap     ] GC(196)      Used:      128M (100%)        128M (100%)         12M (9%)           14M (11%)         128M (100%)          6M (5%)     
[2024-07-24T23:00:54.849+0800][15.270s][gc,heap     ] GC(196)      Live:         -                 5M (4%)            5M (4%)            5M (4%)             -                  -          
[2024-07-24T23:00:54.849+0800][15.270s][gc,heap     ] GC(196) Allocated:         -                 0M (0%)            6M (5%)            8M (6%)             -                  -          
[2024-07-24T23:00:54.849+0800][15.270s][gc,heap     ] GC(196)   Garbage:         -               122M (96%)           0M (1%)            0M (1%)             -                  -          
[2024-07-24T23:00:54.849+0800][15.270s][gc,heap     ] GC(196) Reclaimed:         -                  -               122M (95%)         122M (95%)            -                  -          
[2024-07-24T23:00:54.849+0800][15.270s][gc          ] GC(196) Garbage Collection (Allocation Rate) 128M(100%)->14M(11%)
[2024-07-24T23:00:54.935+0800][15.356s][gc,start    ] GC(197) Garbage Collection (Allocation Stall)
[2024-07-24T23:00:54.935+0800][15.357s][gc,ref      ] GC(197) Clearing All SoftReferences
[2024-07-24T23:00:54.935+0800][15.357s][gc,task     ] GC(197) Using 1 workers
[2024-07-24T23:00:54.936+0800][15.357s][gc,ref      ] GC(197) Clearing All SoftReferences
[2024-07-24T23:00:54.936+0800][15.357s][gc,phases   ] GC(197) Pause Mark Start 0.054ms
[2024-07-24T23:00:54.938+0800][15.360s][gc,phases   ] GC(197) Concurrent Mark 2.353ms
[2024-07-24T23:00:54.938+0800][15.360s][gc,phases   ] GC(197) Pause Mark End 0.008ms
[2024-07-24T23:00:54.938+0800][15.360s][gc,phases   ] GC(197) Concurrent Mark Free 0.001ms
[2024-07-24T23:00:54.939+0800][15.361s][gc,phases   ] GC(197) Concurrent Process Non-Strong References 0.917ms
[2024-07-24T23:00:54.939+0800][15.361s][gc,phases   ] GC(197) Concurrent Reset Relocation Set 0.000ms
[2024-07-24T23:00:54.941+0800][15.362s][gc,phases   ] GC(197) Concurrent Select Relocation Set 1.396ms
[2024-07-24T23:00:54.941+0800][15.363s][gc,phases   ] GC(197) Pause Relocate Start 0.005ms
[2024-07-24T23:00:54.941+0800][15.363s][gc,phases   ] GC(197) Concurrent Relocate 0.107ms
[2024-07-24T23:00:54.941+0800][15.363s][gc,load     ] GC(197) Load: 0.00/0.00/0.00
[2024-07-24T23:00:54.941+0800][15.363s][gc,mmu      ] GC(197) MMU: 2ms/94.0%, 5ms/97.6%, 10ms/98.7%, 20ms/99.2%, 50ms/99.7%, 100ms/99.8%
[2024-07-24T23:00:54.941+0800][15.363s][gc,marking  ] GC(197) Mark: 1 stripe(s), 2 proactive flush(es), 1 terminate flush(es), 0 completion(s), 0 continuation(s) 
[2024-07-24T23:00:54.941+0800][15.363s][gc,marking  ] GC(197) Mark Stack Usage: 32M
[2024-07-24T23:00:54.941+0800][15.363s][gc,nmethod  ] GC(197) NMethods: 312 registered, 0 unregistered
[2024-07-24T23:00:54.941+0800][15.363s][gc,metaspace] GC(197) Metaspace: 0M used, 0M committed, 1088M reserved
[2024-07-24T23:00:54.941+0800][15.363s][gc,ref      ] GC(197) Soft: 62 encountered, 35 discovered, 0 enqueued
[2024-07-24T23:00:54.941+0800][15.363s][gc,ref      ] GC(197) Weak: 187 encountered, 170 discovered, 0 enqueued
[2024-07-24T23:00:54.941+0800][15.363s][gc,ref      ] GC(197) Final: 0 encountered, 0 discovered, 0 enqueued
[2024-07-24T23:00:54.941+0800][15.363s][gc,ref      ] GC(197) Phantom: 1 encountered, 0 discovered, 0 enqueued
[2024-07-24T23:00:54.941+0800][15.363s][gc,reloc    ] GC(197) Small Pages: 2 / 4M, Empty: 2M, Relocated: 0M, In-Place: 0
[2024-07-24T23:00:54.941+0800][15.363s][gc,reloc    ] GC(197) Medium Pages: 0 / 0M, Empty: 0M, Relocated: 0M, In-Place: 0
[2024-07-24T23:00:54.942+0800][15.363s][gc,reloc    ] GC(197) Large Pages: 55 / 110M, Empty: 108M, Relocated: 0M, In-Place: 0
[2024-07-24T23:00:54.942+0800][15.363s][gc,reloc    ] GC(197) Forwarding Usage: 0M
[2024-07-24T23:00:54.942+0800][15.363s][gc,heap     ] GC(197) Min Capacity: 8M(6%)
[2024-07-24T23:00:54.942+0800][15.363s][gc,heap     ] GC(197) Max Capacity: 128M(100%)
[2024-07-24T23:00:54.942+0800][15.363s][gc,heap     ] GC(197) Soft Max Capacity: 128M(100%)
[2024-07-24T23:00:54.942+0800][15.363s][gc,heap     ] GC(197)                Mark Start          Mark End        Relocate Start      Relocate End           High               Low         
[2024-07-24T23:00:54.942+0800][15.363s][gc,heap     ] GC(197)  Capacity:      128M (100%)        128M (100%)        128M (100%)        128M (100%)        128M (100%)        128M (100%)   
[2024-07-24T23:00:54.942+0800][15.363s][gc,heap     ] GC(197)      Free:       14M (11%)           2M (2%)          112M (88%)         112M (88%)         112M (88%)           2M (2%)     
[2024-07-24T23:00:54.942+0800][15.363s][gc,heap     ] GC(197)      Used:      114M (89%)         126M (98%)          16M (12%)          16M (12%)         126M (98%)          16M (12%)    
[2024-07-24T23:00:54.942+0800][15.363s][gc,heap     ] GC(197)      Live:         -                 3M (3%)            3M (3%)            3M (3%)             -                  -          
[2024-07-24T23:00:54.942+0800][15.363s][gc,heap     ] GC(197) Allocated:         -                12M (9%)           12M (9%)           12M (9%)             -                  -          
[2024-07-24T23:00:54.942+0800][15.363s][gc,heap     ] GC(197)   Garbage:         -               110M (87%)           0M (1%)            0M (1%)             -                  -          
[2024-07-24T23:00:54.942+0800][15.363s][gc,heap     ] GC(197) Reclaimed:         -                  -               110M (86%)         110M (86%)            -                  -          
[2024-07-24T23:00:54.942+0800][15.363s][gc          ] GC(197) Garbage Collection (Allocation Stall) 114M(89%)->16M(12%)
[2024-07-24T23:00:55.031+0800][15.452s][gc,start    ] GC(198) Garbage Collection (Allocation Stall)
[2024-07-24T23:00:55.031+0800][15.452s][gc,ref      ] GC(198) Clearing All SoftReferences
[2024-07-24T23:00:55.031+0800][15.452s][gc,task     ] GC(198) Using 1 workers
[2024-07-24T23:00:55.031+0800][15.452s][gc,ref      ] GC(198) Clearing All SoftReferences
[2024-07-24T23:00:55.031+0800][15.452s][gc,phases   ] GC(198) Pause Mark Start 0.044ms
[2024-07-24T23:00:55.034+0800][15.455s][gc,phases   ] GC(198) Concurrent Mark 2.761ms
[2024-07-24T23:00:55.034+0800][15.455s][gc,phases   ] GC(198) Pause Mark End 0.010ms
[2024-07-24T23:00:55.034+0800][15.456s][gc,phases   ] GC(198) Concurrent Mark Free 0.001ms
[2024-07-24T23:00:55.034+0800][15.457s][gc,phases   ] GC(198) Concurrent Process Non-Strong References 0.938ms
[2024-07-24T23:00:55.034+0800][15.457s][gc,phases   ] GC(198) Concurrent Reset Relocation Set 0.000ms
[2024-07-24T23:00:55.036+0800][15.458s][gc          ] Allocation Stall (main) 6.261ms
[2024-07-24T23:00:55.036+0800][15.458s][gc,phases   ] GC(198) Concurrent Select Relocation Set 1.790ms
[2024-07-24T23:00:55.036+0800][15.459s][gc,phases   ] GC(198) Pause Relocate Start 0.004ms
[2024-07-24T23:00:55.037+0800][15.459s][gc,phases   ] GC(198) Concurrent Relocate 0.024ms
[2024-07-24T23:00:55.037+0800][15.459s][gc,load     ] GC(198) Load: 0.00/0.00/0.00
[2024-07-24T23:00:55.037+0800][15.459s][gc,mmu      ] GC(198) MMU: 2ms/94.0%, 5ms/97.6%, 10ms/98.7%, 20ms/99.2%, 50ms/99.7%, 100ms/99.8%
[2024-07-24T23:00:55.037+0800][15.459s][gc,marking  ] GC(198) Mark: 1 stripe(s), 1 proactive flush(es), 1 terminate flush(es), 0 completion(s), 0 continuation(s) 
[2024-07-24T23:00:55.037+0800][15.459s][gc,marking  ] GC(198) Mark Stack Usage: 32M
[2024-07-24T23:00:55.037+0800][15.459s][gc,nmethod  ] GC(198) NMethods: 312 registered, 0 unregistered
[2024-07-24T23:00:55.037+0800][15.459s][gc,metaspace] GC(198) Metaspace: 0M used, 0M committed, 1088M reserved
[2024-07-24T23:00:55.037+0800][15.459s][gc,ref      ] GC(198) Soft: 62 encountered, 37 discovered, 0 enqueued
[2024-07-24T23:00:55.037+0800][15.459s][gc,ref      ] GC(198) Weak: 187 encountered, 170 discovered, 0 enqueued
[2024-07-24T23:00:55.037+0800][15.459s][gc,ref      ] GC(198) Final: 0 encountered, 0 discovered, 0 enqueued
[2024-07-24T23:00:55.037+0800][15.459s][gc,ref      ] GC(198) Phantom: 1 encountered, 0 discovered, 0 enqueued
[2024-07-24T23:00:55.037+0800][15.459s][gc,reloc    ] GC(198) Small Pages: 2 / 4M, Empty: 2M, Relocated: 0M, In-Place: 0
[2024-07-24T23:00:55.037+0800][15.459s][gc,reloc    ] GC(198) Medium Pages: 0 / 0M, Empty: 0M, Relocated: 0M, In-Place: 0
[2024-07-24T23:00:55.037+0800][15.459s][gc,reloc    ] GC(198) Large Pages: 62 / 124M, Empty: 92M, Relocated: 0M, In-Place: 0
[2024-07-24T23:00:55.037+0800][15.459s][gc,reloc    ] GC(198) Forwarding Usage: 0M
[2024-07-24T23:00:55.037+0800][15.459s][gc,heap     ] GC(198) Min Capacity: 8M(6%)
[2024-07-24T23:00:55.037+0800][15.459s][gc,heap     ] GC(198) Max Capacity: 128M(100%)
[2024-07-24T23:00:55.037+0800][15.459s][gc,heap     ] GC(198) Soft Max Capacity: 128M(100%)
[2024-07-24T23:00:55.037+0800][15.459s][gc,heap     ] GC(198)                Mark Start          Mark End        Relocate Start      Relocate End           High               Low         
[2024-07-24T23:00:55.037+0800][15.459s][gc,heap     ] GC(198)  Capacity:      128M (100%)        128M (100%)        128M (100%)        128M (100%)        128M (100%)        128M (100%)   
[2024-07-24T23:00:55.037+0800][15.459s][gc,heap     ] GC(198)      Free:        0M (0%)            0M (0%)           88M (69%)          88M (69%)          94M (73%)           0M (0%)     
[2024-07-24T23:00:55.037+0800][15.459s][gc,heap     ] GC(198)      Used:      128M (100%)        128M (100%)         40M (31%)          40M (31%)         128M (100%)         34M (27%)    
[2024-07-24T23:00:55.037+0800][15.459s][gc,heap     ] GC(198)      Live:         -                33M (26%)          33M (26%)          33M (26%)            -                  -          
[2024-07-24T23:00:55.037+0800][15.459s][gc,heap     ] GC(198) Allocated:         -                 0M (0%)            6M (5%)            6M (5%)             -                  -          
[2024-07-24T23:00:55.037+0800][15.459s][gc,heap     ] GC(198)   Garbage:         -                94M (74%)           0M (1%)            0M (1%)             -                  -          
[2024-07-24T23:00:55.037+0800][15.459s][gc,heap     ] GC(198) Reclaimed:         -                  -                94M (73%)          94M (73%)            -                  -          
[2024-07-24T23:00:55.037+0800][15.459s][gc          ] GC(198) Garbage Collection (Allocation Stall) 128M(100%)->40M(31%)
[2024-07-24T23:00:55.045+0800][15.466s][gc,start    ] GC(199) Garbage Collection (Allocation Rate)
[2024-07-24T23:00:55.045+0800][15.466s][gc,task     ] GC(199) Using 1 workers
[2024-07-24T23:00:55.045+0800][15.467s][gc,phases   ] GC(199) Pause Mark Start 0.011ms
[2024-07-24T23:00:55.047+0800][15.469s][gc,phases   ] GC(199) Concurrent Mark 2.244ms
[2024-07-24T23:00:55.047+0800][15.469s][gc,phases   ] GC(199) Pause Mark End 0.009ms
[2024-07-24T23:00:55.047+0800][15.469s][gc,phases   ] GC(199) Concurrent Mark Free 0.001ms
[2024-07-24T23:00:55.048+0800][15.470s][gc,phases   ] GC(199) Concurrent Process Non-Strong References 1.006ms
[2024-07-24T23:00:55.048+0800][15.470s][gc,phases   ] GC(199) Concurrent Reset Relocation Set 0.010ms
[2024-07-24T23:00:55.051+0800][15.473s][gc,phases   ] GC(199) Concurrent Select Relocation Set 2.205ms
[2024-07-24T23:00:55.051+0800][15.473s][gc,phases   ] GC(199) Pause Relocate Start 0.006ms
[2024-07-24T23:00:55.052+0800][15.474s][gc,phases   ] GC(199) Concurrent Relocate 0.956ms
[2024-07-24T23:00:55.052+0800][15.474s][gc,load     ] GC(199) Load: 0.00/0.00/0.00
[2024-07-24T23:00:55.052+0800][15.474s][gc,mmu      ] GC(199) MMU: 2ms/94.0%, 5ms/97.6%, 10ms/98.7%, 20ms/99.2%, 50ms/99.7%, 100ms/99.8%
[2024-07-24T23:00:55.052+0800][15.474s][gc,marking  ] GC(199) Mark: 1 stripe(s), 1 proactive flush(es), 1 terminate flush(es), 0 completion(s), 0 continuation(s) 
[2024-07-24T23:00:55.052+0800][15.474s][gc,marking  ] GC(199) Mark Stack Usage: 32M
[2024-07-24T23:00:55.052+0800][15.474s][gc,nmethod  ] GC(199) NMethods: 312 registered, 0 unregistered
[2024-07-24T23:00:55.052+0800][15.474s][gc,metaspace] GC(199) Metaspace: 0M used, 0M committed, 1088M reserved
[2024-07-24T23:00:55.052+0800][15.474s][gc,ref      ] GC(199) Soft: 62 encountered, 0 discovered, 0 enqueued
[2024-07-24T23:00:55.052+0800][15.474s][gc,ref      ] GC(199) Weak: 187 encountered, 170 discovered, 0 enqueued
[2024-07-24T23:00:55.052+0800][15.474s][gc,ref      ] GC(199) Final: 0 encountered, 0 discovered, 0 enqueued
[2024-07-24T23:00:55.052+0800][15.474s][gc,ref      ] GC(199) Phantom: 1 encountered, 0 discovered, 0 enqueued
[2024-07-24T23:00:55.052+0800][15.474s][gc,reloc    ] GC(199) Small Pages: 2 / 4M, Empty: 0M, Relocated: 1M, In-Place: 0
[2024-07-24T23:00:55.052+0800][15.474s][gc,reloc    ] GC(199) Medium Pages: 0 / 0M, Empty: 0M, Relocated: 0M, In-Place: 0
[2024-07-24T23:00:55.052+0800][15.474s][gc,reloc    ] GC(199) Large Pages: 20 / 40M, Empty: 40M, Relocated: 0M, In-Place: 0
[2024-07-24T23:00:55.052+0800][15.474s][gc,reloc    ] GC(199) Forwarding Usage: 0M
[2024-07-24T23:00:55.052+0800][15.474s][gc,heap     ] GC(199) Min Capacity: 8M(6%)
[2024-07-24T23:00:55.052+0800][15.474s][gc,heap     ] GC(199) Max Capacity: 128M(100%)
[2024-07-24T23:00:55.052+0800][15.474s][gc,heap     ] GC(199) Soft Max Capacity: 128M(100%)
[2024-07-24T23:00:55.052+0800][15.474s][gc,heap     ] GC(199)                Mark Start          Mark End        Relocate Start      Relocate End           High               Low         
[2024-07-24T23:00:55.052+0800][15.474s][gc,heap     ] GC(199)  Capacity:      128M (100%)        128M (100%)        128M (100%)        128M (100%)        128M (100%)        128M (100%)   
[2024-07-24T23:00:55.052+0800][15.474s][gc,heap     ] GC(199)      Free:       84M (66%)          84M (66%)         124M (97%)         126M (98%)         126M (98%)          84M (66%)    
[2024-07-24T23:00:55.052+0800][15.474s][gc,heap     ] GC(199)      Used:       44M (34%)          44M (34%)           4M (3%)            2M (2%)           44M (34%)           2M (2%)     
[2024-07-24T23:00:55.052+0800][15.474s][gc,heap     ] GC(199)      Live:         -                 1M (1%)            1M (1%)            1M (1%)             -                  -          
[2024-07-24T23:00:55.052+0800][15.474s][gc,heap     ] GC(199) Allocated:         -                 0M (0%)            0M (0%)            0M (0%)             -                  -          
[2024-07-24T23:00:55.052+0800][15.474s][gc,heap     ] GC(199)   Garbage:         -                42M (33%)           2M (2%)            0M (1%)             -                  -          
[2024-07-24T23:00:55.052+0800][15.474s][gc,heap     ] GC(199) Reclaimed:         -                  -                40M (31%)          42M (33%)            -                  -          
[2024-07-24T23:00:55.052+0800][15.474s][gc          ] GC(199) Garbage Collection (Allocation Rate) 44M(34%)->2M(2%)
[2024-07-24T23:00:55.140+0800][15.561s][gc,start    ] GC(200) Garbage Collection (Allocation Rate)
[2024-07-24T23:00:55.140+0800][15.561s][gc,task     ] GC(200) Using 1 workers
[2024-07-24T23:00:55.140+0800][15.562s][gc,phases   ] GC(200) Pause Mark Start 0.013ms
[2024-07-24T23:00:55.144+0800][15.565s][gc,phases   ] GC(200) Concurrent Mark 3.372ms
[2024-07-24T23:00:55.144+0800][15.565s][gc,phases   ] GC(200) Pause Mark End 0.009ms
[2024-07-24T23:00:55.144+0800][15.566s][gc,phases   ] GC(200) Concurrent Mark Free 0.001ms
[2024-07-24T23:00:55.145+0800][15.567s][gc,phases   ] GC(200) Concurrent Process Non-Strong References 1.045ms
[2024-07-24T23:00:55.145+0800][15.567s][gc,phases   ] GC(200) Concurrent Reset Relocation Set 0.001ms
[2024-07-24T23:00:55.147+0800][15.568s][gc,phases   ] GC(200) Concurrent Select Relocation Set 1.452ms
[2024-07-24T23:00:55.147+0800][15.568s][gc,phases   ] GC(200) Pause Relocate Start 0.005ms
[2024-07-24T23:00:55.147+0800][15.569s][gc,phases   ] GC(200) Concurrent Relocate 0.114ms
[2024-07-24T23:00:55.147+0800][15.569s][gc,load     ] GC(200) Load: 0.00/0.00/0.00
[2024-07-24T23:00:55.147+0800][15.569s][gc,mmu      ] GC(200) MMU: 2ms/94.0%, 5ms/97.6%, 10ms/98.7%, 20ms/99.2%, 50ms/99.7%, 100ms/99.8%
[2024-07-24T23:00:55.147+0800][15.569s][gc,marking  ] GC(200) Mark: 1 stripe(s), 2 proactive flush(es), 1 terminate flush(es), 0 completion(s), 0 continuation(s) 
[2024-07-24T23:00:55.147+0800][15.569s][gc,marking  ] GC(200) Mark Stack Usage: 32M
[2024-07-24T23:00:55.147+0800][15.569s][gc,nmethod  ] GC(200) NMethods: 312 registered, 0 unregistered
[2024-07-24T23:00:55.147+0800][15.569s][gc,metaspace] GC(200) Metaspace: 0M used, 0M committed, 1088M reserved
[2024-07-24T23:00:55.147+0800][15.569s][gc,ref      ] GC(200) Soft: 62 encountered, 0 discovered, 0 enqueued
[2024-07-24T23:00:55.147+0800][15.569s][gc,ref      ] GC(200) Weak: 187 encountered, 170 discovered, 0 enqueued
[2024-07-24T23:00:55.147+0800][15.569s][gc,ref      ] GC(200) Final: 0 encountered, 0 discovered, 0 enqueued
[2024-07-24T23:00:55.147+0800][15.569s][gc,ref      ] GC(200) Phantom: 1 encountered, 0 discovered, 0 enqueued
[2024-07-24T23:00:55.147+0800][15.569s][gc,reloc    ] GC(200) Small Pages: 2 / 4M, Empty: 2M, Relocated: 0M, In-Place: 0
[2024-07-24T23:00:55.147+0800][15.569s][gc,reloc    ] GC(200) Medium Pages: 0 / 0M, Empty: 0M, Relocated: 0M, In-Place: 0
[2024-07-24T23:00:55.147+0800][15.569s][gc,reloc    ] GC(200) Large Pages: 53 / 106M, Empty: 104M, Relocated: 0M, In-Place: 0
[2024-07-24T23:00:55.148+0800][15.569s][gc,reloc    ] GC(200) Forwarding Usage: 0M
[2024-07-24T23:00:55.148+0800][15.569s][gc,heap     ] GC(200) Min Capacity: 8M(6%)
[2024-07-24T23:00:55.148+0800][15.569s][gc,heap     ] GC(200) Max Capacity: 128M(100%)
[2024-07-24T23:00:55.148+0800][15.569s][gc,heap     ] GC(200) Soft Max Capacity: 128M(100%)
[2024-07-24T23:00:55.148+0800][15.569s][gc,heap     ] GC(200)                Mark Start          Mark End        Relocate Start      Relocate End           High               Low         
[2024-07-24T23:00:55.148+0800][15.569s][gc,heap     ] GC(200)  Capacity:      128M (100%)        128M (100%)        128M (100%)        128M (100%)        128M (100%)        128M (100%)   
[2024-07-24T23:00:55.148+0800][15.569s][gc,heap     ] GC(200)      Free:       18M (14%)           2M (2%)          108M (84%)         108M (84%)         108M (84%)           2M (2%)     
[2024-07-24T23:00:55.148+0800][15.569s][gc,heap     ] GC(200)      Used:      110M (86%)         126M (98%)          20M (16%)          20M (16%)         126M (98%)          20M (16%)    
[2024-07-24T23:00:55.148+0800][15.569s][gc,heap     ] GC(200)      Live:         -                 3M (3%)            3M (3%)            3M (3%)             -                  -          
[2024-07-24T23:00:55.148+0800][15.569s][gc,heap     ] GC(200) Allocated:         -                16M (12%)          16M (12%)          16M (12%)            -                  -          
[2024-07-24T23:00:55.148+0800][15.569s][gc,heap     ] GC(200)   Garbage:         -               106M (83%)           0M (1%)            0M (1%)             -                  -          
[2024-07-24T23:00:55.148+0800][15.569s][gc,heap     ] GC(200) Reclaimed:         -                  -               106M (83%)         106M (83%)            -                  -          
[2024-07-24T23:00:55.148+0800][15.569s][gc          ] GC(200) Garbage Collection (Allocation Rate) 110M(86%)->20M(16%)
[2024-07-24T23:00:55.235+0800][15.656s][gc,start    ] GC(201) Garbage Collection (Allocation Rate)
[2024-07-24T23:00:55.235+0800][15.656s][gc,task     ] GC(201) Using 1 workers
[2024-07-24T23:00:55.235+0800][15.656s][gc,phases   ] GC(201) Pause Mark Start 0.008ms
[2024-07-24T23:00:55.238+0800][15.659s][gc,phases   ] GC(201) Concurrent Mark 2.647ms
[2024-07-24T23:00:55.238+0800][15.659s][gc,phases   ] GC(201) Pause Mark End 0.007ms
[2024-07-24T23:00:55.238+0800][15.659s][gc,phases   ] GC(201) Concurrent Mark Free 0.001ms
[2024-07-24T23:00:55.238+0800][15.660s][gc,phases   ] GC(201) Concurrent Process Non-Strong References 0.900ms
[2024-07-24T23:00:55.238+0800][15.660s][gc,phases   ] GC(201) Concurrent Reset Relocation Set 0.000ms
[2024-07-24T23:00:55.241+0800][15.662s][gc          ] Allocation Stall (main) 4.472ms
[2024-07-24T23:00:55.241+0800][15.662s][gc,phases   ] GC(201) Concurrent Select Relocation Set 1.495ms
[2024-07-24T23:00:55.241+0800][15.662s][gc,phases   ] GC(201) Pause Relocate Start 0.004ms
[2024-07-24T23:00:55.241+0800][15.662s][gc,phases   ] GC(201) Concurrent Relocate 0.113ms
[2024-07-24T23:00:55.241+0800][15.662s][gc,load     ] GC(201) Load: 0.00/0.00/0.00
[2024-07-24T23:00:55.241+0800][15.662s][gc,mmu      ] GC(201) MMU: 2ms/94.0%, 5ms/97.6%, 10ms/98.7%, 20ms/99.2%, 50ms/99.7%, 100ms/99.8%
[2024-07-24T23:00:55.241+0800][15.662s][gc,marking  ] GC(201) Mark: 1 stripe(s), 2 proactive flush(es), 1 terminate flush(es), 0 completion(s), 0 continuation(s) 
[2024-07-24T23:00:55.241+0800][15.662s][gc,marking  ] GC(201) Mark Stack Usage: 32M
[2024-07-24T23:00:55.241+0800][15.662s][gc,nmethod  ] GC(201) NMethods: 313 registered, 0 unregistered
[2024-07-24T23:00:55.241+0800][15.662s][gc,metaspace] GC(201) Metaspace: 0M used, 0M committed, 1088M reserved
[2024-07-24T23:00:55.241+0800][15.663s][gc,ref      ] GC(201) Soft: 62 encountered, 0 discovered, 0 enqueued
[2024-07-24T23:00:55.241+0800][15.663s][gc,ref      ] GC(201) Weak: 187 encountered, 170 discovered, 0 enqueued
[2024-07-24T23:00:55.241+0800][15.663s][gc,ref      ] GC(201) Final: 0 encountered, 0 discovered, 0 enqueued
[2024-07-24T23:00:55.241+0800][15.663s][gc,ref      ] GC(201) Phantom: 1 encountered, 0 discovered, 0 enqueued
[2024-07-24T23:00:55.241+0800][15.663s][gc,reloc    ] GC(201) Small Pages: 2 / 4M, Empty: 2M, Relocated: 0M, In-Place: 0
[2024-07-24T23:00:55.241+0800][15.663s][gc,reloc    ] GC(201) Medium Pages: 0 / 0M, Empty: 0M, Relocated: 0M, In-Place: 0
[2024-07-24T23:00:55.241+0800][15.663s][gc,reloc    ] GC(201) Large Pages: 61 / 122M, Empty: 96M, Relocated: 0M, In-Place: 0
[2024-07-24T23:00:55.241+0800][15.663s][gc,reloc    ] GC(201) Forwarding Usage: 0M
[2024-07-24T23:00:55.241+0800][15.663s][gc,heap     ] GC(201) Min Capacity: 8M(6%)
[2024-07-24T23:00:55.241+0800][15.663s][gc,heap     ] GC(201) Max Capacity: 128M(100%)
[2024-07-24T23:00:55.241+0800][15.663s][gc,heap     ] GC(201) Soft Max Capacity: 128M(100%)
[2024-07-24T23:00:55.241+0800][15.663s][gc,heap     ] GC(201)                Mark Start          Mark End        Relocate Start      Relocate End           High               Low         
[2024-07-24T23:00:55.241+0800][15.663s][gc,heap     ] GC(201)  Capacity:      128M (100%)        128M (100%)        128M (100%)        128M (100%)        128M (100%)        128M (100%)   
[2024-07-24T23:00:55.241+0800][15.663s][gc,heap     ] GC(201)      Free:        2M (2%)            0M (0%)           92M (72%)          88M (69%)          98M (77%)           0M (0%)     
[2024-07-24T23:00:55.241+0800][15.663s][gc,heap     ] GC(201)      Used:      126M (98%)         128M (100%)         36M (28%)          40M (31%)         128M (100%)         30M (23%)    
[2024-07-24T23:00:55.241+0800][15.663s][gc,heap     ] GC(201)      Live:         -                27M (21%)          27M (21%)          27M (21%)            -                  -          
[2024-07-24T23:00:55.241+0800][15.663s][gc,heap     ] GC(201) Allocated:         -                 2M (2%)            8M (6%)           12M (9%)             -                  -          
[2024-07-24T23:00:55.241+0800][15.663s][gc,heap     ] GC(201)   Garbage:         -                98M (77%)           0M (1%)            0M (1%)             -                  -          
[2024-07-24T23:00:55.242+0800][15.663s][gc,heap     ] GC(201) Reclaimed:         -                  -                98M (77%)          98M (77%)            -                  -          
[2024-07-24T23:00:55.242+0800][15.663s][gc          ] GC(201) Garbage Collection (Allocation Rate) 126M(98%)->40M(31%)
[2024-07-24T23:00:55.313+0800][15.735s][gc,start    ] GC(202) Garbage Collection (Allocation Stall)
[2024-07-24T23:00:55.325+0800][15.746s][gc,ref      ] GC(202) Clearing All SoftReferences
[2024-07-24T23:00:55.325+0800][15.746s][gc,task     ] GC(202) Using 1 workers
[2024-07-24T23:00:55.325+0800][15.746s][gc,ref      ] GC(202) Clearing All SoftReferences
[2024-07-24T23:00:55.325+0800][15.747s][gc,phases   ] GC(202) Pause Mark Start 0.067ms
[2024-07-24T23:00:55.327+0800][15.749s][gc,phases   ] GC(202) Concurrent Mark 2.090ms
[2024-07-24T23:00:55.328+0800][15.749s][gc,phases   ] GC(202) Pause Mark End 0.006ms
[2024-07-24T23:00:55.328+0800][15.749s][gc,phases   ] GC(202) Concurrent Mark Free 0.001ms
[2024-07-24T23:00:55.329+0800][15.750s][gc,phases   ] GC(202) Concurrent Process Non-Strong References 0.839ms
[2024-07-24T23:00:55.329+0800][15.750s][gc,phases   ] GC(202) Concurrent Reset Relocation Set 0.000ms
[2024-07-24T23:00:55.330+0800][15.751s][gc          ] Allocation Stall (main) 16.961ms
[2024-07-24T23:00:55.330+0800][15.751s][gc,phases   ] GC(202) Concurrent Select Relocation Set 1.508ms
[2024-07-24T23:00:55.330+0800][15.752s][gc,phases   ] GC(202) Pause Relocate Start 0.004ms
[2024-07-24T23:00:55.331+0800][15.752s][gc,phases   ] GC(202) Concurrent Relocate 0.028ms
[2024-07-24T23:00:55.331+0800][15.752s][gc,load     ] GC(202) Load: 0.00/0.00/0.00
[2024-07-24T23:00:55.331+0800][15.752s][gc,mmu      ] GC(202) MMU: 2ms/94.0%, 5ms/97.6%, 10ms/98.7%, 20ms/99.2%, 50ms/99.7%, 100ms/99.8%
[2024-07-24T23:00:55.331+0800][15.752s][gc,marking  ] GC(202) Mark: 1 stripe(s), 1 proactive flush(es), 1 terminate flush(es), 0 completion(s), 0 continuation(s) 
[2024-07-24T23:00:55.331+0800][15.752s][gc,marking  ] GC(202) Mark Stack Usage: 32M
[2024-07-24T23:00:55.331+0800][15.752s][gc,nmethod  ] GC(202) NMethods: 313 registered, 0 unregistered
[2024-07-24T23:00:55.331+0800][15.752s][gc,metaspace] GC(202) Metaspace: 0M used, 0M committed, 1088M reserved
[2024-07-24T23:00:55.331+0800][15.752s][gc,ref      ] GC(202) Soft: 62 encountered, 37 discovered, 0 enqueued
[2024-07-24T23:00:55.331+0800][15.752s][gc,ref      ] GC(202) Weak: 187 encountered, 170 discovered, 0 enqueued
[2024-07-24T23:00:55.331+0800][15.752s][gc,ref      ] GC(202) Final: 0 encountered, 0 discovered, 0 enqueued
[2024-07-24T23:00:55.331+0800][15.752s][gc,ref      ] GC(202) Phantom: 1 encountered, 0 discovered, 0 enqueued
[2024-07-24T23:00:55.331+0800][15.752s][gc,reloc    ] GC(202) Small Pages: 2 / 4M, Empty: 2M, Relocated: 0M, In-Place: 0
[2024-07-24T23:00:55.331+0800][15.752s][gc,reloc    ] GC(202) Medium Pages: 0 / 0M, Empty: 0M, Relocated: 0M, In-Place: 0
[2024-07-24T23:00:55.331+0800][15.752s][gc,reloc    ] GC(202) Large Pages: 62 / 124M, Empty: 120M, Relocated: 0M, In-Place: 0
[2024-07-24T23:00:55.331+0800][15.752s][gc,reloc    ] GC(202) Forwarding Usage: 0M
[2024-07-24T23:00:55.331+0800][15.752s][gc,heap     ] GC(202) Min Capacity: 8M(6%)
[2024-07-24T23:00:55.331+0800][15.752s][gc,heap     ] GC(202) Max Capacity: 128M(100%)
[2024-07-24T23:00:55.331+0800][15.752s][gc,heap     ] GC(202) Soft Max Capacity: 128M(100%)
[2024-07-24T23:00:55.331+0800][15.752s][gc,heap     ] GC(202)                Mark Start          Mark End        Relocate Start      Relocate End           High               Low         
[2024-07-24T23:00:55.331+0800][15.752s][gc,heap     ] GC(202)  Capacity:      128M (100%)        128M (100%)        128M (100%)        128M (100%)        128M (100%)        128M (100%)   
[2024-07-24T23:00:55.331+0800][15.752s][gc,heap     ] GC(202)      Free:        0M (0%)            0M (0%)          118M (92%)         118M (92%)         122M (95%)           0M (0%)     
[2024-07-24T23:00:55.331+0800][15.752s][gc,heap     ] GC(202)      Used:      128M (100%)        128M (100%)         10M (8%)           10M (8%)          128M (100%)          6M (5%)     
[2024-07-24T23:00:55.331+0800][15.752s][gc,heap     ] GC(202)      Live:         -                 5M (4%)            5M (4%)            5M (4%)             -                  -          
[2024-07-24T23:00:55.331+0800][15.752s][gc,heap     ] GC(202) Allocated:         -                 0M (0%)            4M (3%)            4M (3%)             -                  -          
[2024-07-24T23:00:55.331+0800][15.752s][gc,heap     ] GC(202)   Garbage:         -               122M (96%)           0M (1%)            0M (1%)             -                  -          
[2024-07-24T23:00:55.331+0800][15.752s][gc,heap     ] GC(202) Reclaimed:         -                  -               122M (95%)         122M (95%)            -                  -          
[2024-07-24T23:00:55.331+0800][15.752s][gc          ] GC(202) Garbage Collection (Allocation Stall) 128M(100%)->10M(8%)
[2024-07-24T23:00:55.344+0800][15.765s][gc,start    ] GC(203) Garbage Collection (Allocation Rate)
[2024-07-24T23:00:55.344+0800][15.765s][gc,task     ] GC(203) Using 1 workers
[2024-07-24T23:00:55.344+0800][15.766s][gc,phases   ] GC(203) Pause Mark Start 0.008ms
[2024-07-24T23:00:55.347+0800][15.768s][gc,phases   ] GC(203) Concurrent Mark 2.326ms
[2024-07-24T23:00:55.347+0800][15.768s][gc,phases   ] GC(203) Pause Mark End 0.008ms
[2024-07-24T23:00:55.347+0800][15.769s][gc,phases   ] GC(203) Concurrent Mark Free 0.001ms
[2024-07-24T23:00:55.348+0800][15.770s][gc,phases   ] GC(203) Concurrent Process Non-Strong References 1.082ms
[2024-07-24T23:00:55.348+0800][15.770s][gc,phases   ] GC(203) Concurrent Reset Relocation Set 0.001ms
[2024-07-24T23:00:55.351+0800][15.772s][gc,phases   ] GC(203) Concurrent Select Relocation Set 2.521ms
[2024-07-24T23:00:55.351+0800][15.773s][gc,phases   ] GC(203) Pause Relocate Start 0.006ms
[2024-07-24T23:00:55.351+0800][15.773s][gc,phases   ] GC(203) Concurrent Relocate 0.075ms
[2024-07-24T23:00:55.352+0800][15.773s][gc,load     ] GC(203) Load: 0.00/0.00/0.00
[2024-07-24T23:00:55.352+0800][15.773s][gc,mmu      ] GC(203) MMU: 2ms/94.0%, 5ms/97.6%, 10ms/98.7%, 20ms/99.2%, 50ms/99.7%, 100ms/99.8%
[2024-07-24T23:00:55.352+0800][15.773s][gc,marking  ] GC(203) Mark: 1 stripe(s), 2 proactive flush(es), 1 terminate flush(es), 0 completion(s), 0 continuation(s) 
[2024-07-24T23:00:55.352+0800][15.773s][gc,marking  ] GC(203) Mark Stack Usage: 32M
[2024-07-24T23:00:55.352+0800][15.773s][gc,nmethod  ] GC(203) NMethods: 313 registered, 0 unregistered
[2024-07-24T23:00:55.352+0800][15.773s][gc,metaspace] GC(203) Metaspace: 0M used, 0M committed, 1088M reserved
[2024-07-24T23:00:55.352+0800][15.773s][gc,ref      ] GC(203) Soft: 62 encountered, 0 discovered, 0 enqueued
[2024-07-24T23:00:55.352+0800][15.773s][gc,ref      ] GC(203) Weak: 187 encountered, 170 discovered, 0 enqueued
[2024-07-24T23:00:55.352+0800][15.773s][gc,ref      ] GC(203) Final: 0 encountered, 0 discovered, 0 enqueued
[2024-07-24T23:00:55.352+0800][15.773s][gc,ref      ] GC(203) Phantom: 1 encountered, 0 discovered, 0 enqueued
[2024-07-24T23:00:55.352+0800][15.773s][gc,reloc    ] GC(203) Small Pages: 2 / 4M, Empty: 2M, Relocated: 0M, In-Place: 0
[2024-07-24T23:00:55.352+0800][15.773s][gc,reloc    ] GC(203) Medium Pages: 0 / 0M, Empty: 0M, Relocated: 0M, In-Place: 0
[2024-07-24T23:00:55.352+0800][15.773s][gc,reloc    ] GC(203) Large Pages: 13 / 26M, Empty: 0M, Relocated: 0M, In-Place: 0
[2024-07-24T23:00:55.352+0800][15.773s][gc,reloc    ] GC(203) Forwarding Usage: 0M
[2024-07-24T23:00:55.352+0800][15.773s][gc,heap     ] GC(203) Min Capacity: 8M(6%)
[2024-07-24T23:00:55.352+0800][15.773s][gc,heap     ] GC(203) Max Capacity: 128M(100%)
[2024-07-24T23:00:55.352+0800][15.773s][gc,heap     ] GC(203) Soft Max Capacity: 128M(100%)
[2024-07-24T23:00:55.352+0800][15.773s][gc,heap     ] GC(203)                Mark Start          Mark End        Relocate Start      Relocate End           High               Low         
[2024-07-24T23:00:55.352+0800][15.773s][gc,heap     ] GC(203)  Capacity:      128M (100%)        128M (100%)        128M (100%)        128M (100%)        128M (100%)        128M (100%)   
[2024-07-24T23:00:55.352+0800][15.773s][gc,heap     ] GC(203)      Free:       98M (77%)          88M (69%)          84M (66%)          84M (66%)          98M (77%)          82M (64%)    
[2024-07-24T23:00:55.352+0800][15.773s][gc,heap     ] GC(203)      Used:       30M (23%)          40M (31%)          44M (34%)          44M (34%)          46M (36%)          30M (23%)    
[2024-07-24T23:00:55.352+0800][15.773s][gc,heap     ] GC(203)      Live:         -                27M (21%)          27M (21%)          27M (21%)            -                  -          
[2024-07-24T23:00:55.352+0800][15.773s][gc,heap     ] GC(203) Allocated:         -                10M (8%)           16M (12%)          16M (12%)            -                  -          
[2024-07-24T23:00:55.352+0800][15.773s][gc,heap     ] GC(203)   Garbage:         -                 2M (2%)            0M (1%)            0M (1%)             -                  -          
[2024-07-24T23:00:55.352+0800][15.773s][gc,heap     ] GC(203) Reclaimed:         -                  -                 2M (2%)            2M (2%)             -                  -          
[2024-07-24T23:00:55.352+0800][15.773s][gc          ] GC(203) Garbage Collection (Allocation Rate) 30M(23%)->44M(34%)
[2024-07-24T23:00:55.423+0800][15.845s][gc,start    ] GC(204) Garbage Collection (Allocation Stall)
[2024-07-24T23:00:55.423+0800][15.845s][gc,ref      ] GC(204) Clearing All SoftReferences
[2024-07-24T23:00:55.423+0800][15.845s][gc,task     ] GC(204) Using 1 workers
[2024-07-24T23:00:55.423+0800][15.845s][gc,ref      ] GC(204) Clearing All SoftReferences
[2024-07-24T23:00:55.423+0800][15.845s][gc,phases   ] GC(204) Pause Mark Start 0.035ms
[2024-07-24T23:00:55.425+0800][15.847s][gc,phases   ] GC(204) Concurrent Mark 2.316ms
[2024-07-24T23:00:55.426+0800][15.848s][gc,phases   ] GC(204) Pause Mark End 0.007ms
[2024-07-24T23:00:55.426+0800][15.848s][gc,phases   ] GC(204) Concurrent Mark Free 0.001ms
[2024-07-24T23:00:55.427+0800][15.849s][gc,phases   ] GC(204) Concurrent Process Non-Strong References 0.915ms
[2024-07-24T23:00:55.427+0800][15.849s][gc,phases   ] GC(204) Concurrent Reset Relocation Set 0.000ms
[2024-07-24T23:00:55.428+0800][15.850s][gc          ] Allocation Stall (main) 5.723ms
[2024-07-24T23:00:55.428+0800][15.850s][gc,phases   ] GC(204) Concurrent Select Relocation Set 1.646ms
[2024-07-24T23:00:55.429+0800][15.851s][gc,phases   ] GC(204) Pause Relocate Start 0.008ms
[2024-07-24T23:00:55.429+0800][15.851s][gc,phases   ] GC(204) Concurrent Relocate 0.105ms
[2024-07-24T23:00:55.429+0800][15.851s][gc,load     ] GC(204) Load: 0.00/0.00/0.00
[2024-07-24T23:00:55.429+0800][15.851s][gc,mmu      ] GC(204) MMU: 2ms/94.0%, 5ms/97.6%, 10ms/98.7%, 20ms/99.2%, 50ms/99.7%, 100ms/99.8%
[2024-07-24T23:00:55.429+0800][15.851s][gc,marking  ] GC(204) Mark: 1 stripe(s), 1 proactive flush(es), 1 terminate flush(es), 0 completion(s), 0 continuation(s) 
[2024-07-24T23:00:55.429+0800][15.851s][gc,marking  ] GC(204) Mark Stack Usage: 32M
[2024-07-24T23:00:55.429+0800][15.851s][gc,nmethod  ] GC(204) NMethods: 313 registered, 0 unregistered
[2024-07-24T23:00:55.429+0800][15.851s][gc,metaspace] GC(204) Metaspace: 0M used, 0M committed, 1088M reserved
[2024-07-24T23:00:55.429+0800][15.851s][gc,ref      ] GC(204) Soft: 62 encountered, 37 discovered, 0 enqueued
[2024-07-24T23:00:55.429+0800][15.851s][gc,ref      ] GC(204) Weak: 187 encountered, 170 discovered, 0 enqueued
[2024-07-24T23:00:55.429+0800][15.851s][gc,ref      ] GC(204) Final: 0 encountered, 0 discovered, 0 enqueued
[2024-07-24T23:00:55.429+0800][15.851s][gc,ref      ] GC(204) Phantom: 1 encountered, 0 discovered, 0 enqueued
[2024-07-24T23:00:55.429+0800][15.851s][gc,reloc    ] GC(204) Small Pages: 2 / 4M, Empty: 2M, Relocated: 0M, In-Place: 0
[2024-07-24T23:00:55.429+0800][15.851s][gc,reloc    ] GC(204) Medium Pages: 0 / 0M, Empty: 0M, Relocated: 0M, In-Place: 0
[2024-07-24T23:00:55.429+0800][15.851s][gc,reloc    ] GC(204) Large Pages: 62 / 124M, Empty: 120M, Relocated: 0M, In-Place: 0
[2024-07-24T23:00:55.429+0800][15.851s][gc,reloc    ] GC(204) Forwarding Usage: 0M
[2024-07-24T23:00:55.429+0800][15.851s][gc,heap     ] GC(204) Min Capacity: 8M(6%)
[2024-07-24T23:00:55.429+0800][15.851s][gc,heap     ] GC(204) Max Capacity: 128M(100%)
[2024-07-24T23:00:55.429+0800][15.851s][gc,heap     ] GC(204) Soft Max Capacity: 128M(100%)
[2024-07-24T23:00:55.429+0800][15.851s][gc,heap     ] GC(204)                Mark Start          Mark End        Relocate Start      Relocate End           High               Low         
[2024-07-24T23:00:55.429+0800][15.851s][gc,heap     ] GC(204)  Capacity:      128M (100%)        128M (100%)        128M (100%)        128M (100%)        128M (100%)        128M (100%)   
[2024-07-24T23:00:55.429+0800][15.851s][gc,heap     ] GC(204)      Free:        0M (0%)            0M (0%)          118M (92%)         112M (88%)         122M (95%)           0M (0%)     
[2024-07-24T23:00:55.429+0800][15.851s][gc,heap     ] GC(204)      Used:      128M (100%)        128M (100%)         10M (8%)           16M (12%)         128M (100%)          6M (5%)     
[2024-07-24T23:00:55.429+0800][15.851s][gc,heap     ] GC(204)      Live:         -                 5M (4%)            5M (4%)            5M (4%)             -                  -          
[2024-07-24T23:00:55.429+0800][15.851s][gc,heap     ] GC(204) Allocated:         -                 0M (0%)            4M (3%)           10M (8%)             -                  -          
[2024-07-24T23:00:55.429+0800][15.851s][gc,heap     ] GC(204)   Garbage:         -               122M (96%)           0M (1%)            0M (1%)             -                  -          
[2024-07-24T23:00:55.429+0800][15.851s][gc,heap     ] GC(204) Reclaimed:         -                  -               122M (95%)         122M (95%)            -                  -          
[2024-07-24T23:00:55.429+0800][15.851s][gc          ] GC(204) Garbage Collection (Allocation Stall) 128M(100%)->16M(12%)
[2024-07-24T23:00:55.438+0800][15.859s][gc,start    ] GC(205) Garbage Collection (Allocation Rate)
[2024-07-24T23:00:55.438+0800][15.859s][gc,task     ] GC(205) Using 1 workers
[2024-07-24T23:00:55.438+0800][15.860s][gc,phases   ] GC(205) Pause Mark Start 0.008ms
[2024-07-24T23:00:55.439+0800][15.862s][gc,phases   ] GC(205) Concurrent Mark 2.004ms
[2024-07-24T23:00:55.440+0800][15.862s][gc,phases   ] GC(205) Pause Mark End 0.006ms
[2024-07-24T23:00:55.440+0800][15.862s][gc,phases   ] GC(205) Concurrent Mark Free 0.001ms
[2024-07-24T23:00:55.441+0800][15.863s][gc,phases   ] GC(205) Concurrent Process Non-Strong References 0.911ms
[2024-07-24T23:00:55.441+0800][15.863s][gc,phases   ] GC(205) Concurrent Reset Relocation Set 0.000ms
[2024-07-24T23:00:55.443+0800][15.865s][gc,phases   ] GC(205) Concurrent Select Relocation Set 2.092ms
[2024-07-24T23:00:55.443+0800][15.865s][gc,phases   ] GC(205) Pause Relocate Start 0.005ms
[2024-07-24T23:00:55.444+0800][15.866s][gc,phases   ] GC(205) Concurrent Relocate 1.050ms
[2024-07-24T23:00:55.444+0800][15.866s][gc,load     ] GC(205) Load: 0.00/0.00/0.00
[2024-07-24T23:00:55.444+0800][15.866s][gc,mmu      ] GC(205) MMU: 2ms/94.0%, 5ms/97.6%, 10ms/98.7%, 20ms/99.2%, 50ms/99.7%, 100ms/99.8%
[2024-07-24T23:00:55.444+0800][15.867s][gc,marking  ] GC(205) Mark: 1 stripe(s), 1 proactive flush(es), 1 terminate flush(es), 0 completion(s), 0 continuation(s) 
[2024-07-24T23:00:55.444+0800][15.867s][gc,marking  ] GC(205) Mark Stack Usage: 32M
[2024-07-24T23:00:55.444+0800][15.867s][gc,nmethod  ] GC(205) NMethods: 313 registered, 0 unregistered
[2024-07-24T23:00:55.444+0800][15.867s][gc,metaspace] GC(205) Metaspace: 0M used, 0M committed, 1088M reserved
[2024-07-24T23:00:55.444+0800][15.867s][gc,ref      ] GC(205) Soft: 62 encountered, 0 discovered, 0 enqueued
[2024-07-24T23:00:55.444+0800][15.867s][gc,ref      ] GC(205) Weak: 187 encountered, 170 discovered, 0 enqueued
[2024-07-24T23:00:55.444+0800][15.867s][gc,ref      ] GC(205) Final: 0 encountered, 0 discovered, 0 enqueued
[2024-07-24T23:00:55.444+0800][15.867s][gc,ref      ] GC(205) Phantom: 1 encountered, 0 discovered, 0 enqueued
[2024-07-24T23:00:55.444+0800][15.867s][gc,reloc    ] GC(205) Small Pages: 2 / 4M, Empty: 0M, Relocated: 1M, In-Place: 0
[2024-07-24T23:00:55.444+0800][15.867s][gc,reloc    ] GC(205) Medium Pages: 0 / 0M, Empty: 0M, Relocated: 0M, In-Place: 0
[2024-07-24T23:00:55.444+0800][15.867s][gc,reloc    ] GC(205) Large Pages: 10 / 20M, Empty: 0M, Relocated: 0M, In-Place: 0
[2024-07-24T23:00:55.444+0800][15.867s][gc,reloc    ] GC(205) Forwarding Usage: 0M
[2024-07-24T23:00:55.444+0800][15.867s][gc,heap     ] GC(205) Min Capacity: 8M(6%)
[2024-07-24T23:00:55.444+0800][15.867s][gc,heap     ] GC(205) Max Capacity: 128M(100%)
[2024-07-24T23:00:55.444+0800][15.867s][gc,heap     ] GC(205) Soft Max Capacity: 128M(100%)
[2024-07-24T23:00:55.444+0800][15.867s][gc,heap     ] GC(205)                Mark Start          Mark End        Relocate Start      Relocate End           High               Low         
[2024-07-24T23:00:55.444+0800][15.867s][gc,heap     ] GC(205)  Capacity:      128M (100%)        128M (100%)        128M (100%)        128M (100%)        128M (100%)        128M (100%)   
[2024-07-24T23:00:55.445+0800][15.867s][gc,heap     ] GC(205)      Free:      104M (81%)         104M (81%)         104M (81%)         106M (83%)         106M (83%)         102M (80%)    
[2024-07-24T23:00:55.445+0800][15.867s][gc,heap     ] GC(205)      Used:       24M (19%)          24M (19%)          24M (19%)          22M (17%)          26M (20%)          22M (17%)    
[2024-07-24T23:00:55.445+0800][15.867s][gc,heap     ] GC(205)      Live:         -                21M (17%)          21M (17%)          21M (17%)            -                  -          
[2024-07-24T23:00:55.445+0800][15.867s][gc,heap     ] GC(205) Allocated:         -                 0M (0%)            0M (0%)            0M (0%)             -                  -          
[2024-07-24T23:00:55.445+0800][15.867s][gc,heap     ] GC(205)   Garbage:         -                 2M (2%)            2M (2%)            0M (1%)             -                  -          
[2024-07-24T23:00:55.445+0800][15.867s][gc,heap     ] GC(205) Reclaimed:         -                  -                 0M (0%)            2M (2%)             -                  -          
[2024-07-24T23:00:55.445+0800][15.867s][gc          ] GC(205) Garbage Collection (Allocation Rate) 24M(19%)->22M(17%)
[2024-07-24T23:00:55.533+0800][15.954s][gc,start    ] GC(206) Garbage Collection (Allocation Stall)
[2024-07-24T23:00:55.533+0800][15.955s][gc,ref      ] GC(206) Clearing All SoftReferences
[2024-07-24T23:00:55.533+0800][15.955s][gc,task     ] GC(206) Using 1 workers
[2024-07-24T23:00:55.533+0800][15.955s][gc,ref      ] GC(206) Clearing All SoftReferences
[2024-07-24T23:00:55.533+0800][15.955s][gc,phases   ] GC(206) Pause Mark Start 0.035ms
[2024-07-24T23:00:55.536+0800][15.958s][gc,phases   ] GC(206) Concurrent Mark 2.964ms
[2024-07-24T23:00:55.536+0800][15.958s][gc,phases   ] GC(206) Pause Mark End 0.006ms
[2024-07-24T23:00:55.536+0800][15.958s][gc,phases   ] GC(206) Concurrent Mark Free 0.001ms
[2024-07-24T23:00:55.537+0800][15.959s][gc,phases   ] GC(206) Concurrent Process Non-Strong References 0.992ms
[2024-07-24T23:00:55.538+0800][15.959s][gc,phases   ] GC(206) Concurrent Reset Relocation Set 0.001ms
[2024-07-24T23:00:55.539+0800][15.961s][gc          ] Allocation Stall (main) 6.147ms
[2024-07-24T23:00:55.539+0800][15.961s][gc,phases   ] GC(206) Concurrent Select Relocation Set 1.416ms
[2024-07-24T23:00:55.539+0800][15.961s][gc,phases   ] GC(206) Pause Relocate Start 0.003ms
[2024-07-24T23:00:55.539+0800][15.961s][gc,phases   ] GC(206) Concurrent Relocate 0.112ms
[2024-07-24T23:00:55.539+0800][15.961s][gc,load     ] GC(206) Load: 0.00/0.00/0.00
[2024-07-24T23:00:55.540+0800][15.961s][gc,mmu      ] GC(206) MMU: 2ms/94.0%, 5ms/97.6%, 10ms/98.7%, 20ms/99.2%, 50ms/99.7%, 100ms/99.8%
[2024-07-24T23:00:55.540+0800][15.961s][gc,marking  ] GC(206) Mark: 1 stripe(s), 1 proactive flush(es), 1 terminate flush(es), 0 completion(s), 0 continuation(s) 
[2024-07-24T23:00:55.540+0800][15.961s][gc,marking  ] GC(206) Mark Stack Usage: 32M
[2024-07-24T23:00:55.540+0800][15.961s][gc,nmethod  ] GC(206) NMethods: 313 registered, 0 unregistered
[2024-07-24T23:00:55.540+0800][15.961s][gc,metaspace] GC(206) Metaspace: 0M used, 0M committed, 1088M reserved
[2024-07-24T23:00:55.540+0800][15.961s][gc,ref      ] GC(206) Soft: 62 encountered, 37 discovered, 0 enqueued
[2024-07-24T23:00:55.540+0800][15.961s][gc,ref      ] GC(206) Weak: 187 encountered, 170 discovered, 0 enqueued
[2024-07-24T23:00:55.540+0800][15.961s][gc,ref      ] GC(206) Final: 0 encountered, 0 discovered, 0 enqueued
[2024-07-24T23:00:55.540+0800][15.961s][gc,ref      ] GC(206) Phantom: 1 encountered, 0 discovered, 0 enqueued
[2024-07-24T23:00:55.540+0800][15.961s][gc,reloc    ] GC(206) Small Pages: 2 / 4M, Empty: 2M, Relocated: 0M, In-Place: 0
[2024-07-24T23:00:55.540+0800][15.961s][gc,reloc    ] GC(206) Medium Pages: 0 / 0M, Empty: 0M, Relocated: 0M, In-Place: 0
[2024-07-24T23:00:55.540+0800][15.961s][gc,reloc    ] GC(206) Large Pages: 62 / 124M, Empty: 120M, Relocated: 0M, In-Place: 0
[2024-07-24T23:00:55.540+0800][15.961s][gc,reloc    ] GC(206) Forwarding Usage: 0M
[2024-07-24T23:00:55.540+0800][15.961s][gc,heap     ] GC(206) Min Capacity: 8M(6%)
[2024-07-24T23:00:55.540+0800][15.961s][gc,heap     ] GC(206) Max Capacity: 128M(100%)
[2024-07-24T23:00:55.540+0800][15.961s][gc,heap     ] GC(206) Soft Max Capacity: 128M(100%)
[2024-07-24T23:00:55.540+0800][15.961s][gc,heap     ] GC(206)                Mark Start          Mark End        Relocate Start      Relocate End           High               Low         
[2024-07-24T23:00:55.540+0800][15.961s][gc,heap     ] GC(206)  Capacity:      128M (100%)        128M (100%)        128M (100%)        128M (100%)        128M (100%)        128M (100%)   
[2024-07-24T23:00:55.540+0800][15.961s][gc,heap     ] GC(206)      Free:        0M (0%)            0M (0%)          118M (92%)         112M (88%)         122M (95%)           0M (0%)     
[2024-07-24T23:00:55.540+0800][15.961s][gc,heap     ] GC(206)      Used:      128M (100%)        128M (100%)         10M (8%)           16M (12%)         128M (100%)          6M (5%)     
[2024-07-24T23:00:55.540+0800][15.961s][gc,heap     ] GC(206)      Live:         -                 5M (4%)            5M (4%)            5M (4%)             -                  -          
[2024-07-24T23:00:55.540+0800][15.961s][gc,heap     ] GC(206) Allocated:         -                 0M (0%)            4M (3%)           10M (8%)             -                  -          
[2024-07-24T23:00:55.540+0800][15.961s][gc,heap     ] GC(206)   Garbage:         -               122M (96%)           0M (1%)            0M (1%)             -                  -          
[2024-07-24T23:00:55.540+0800][15.962s][gc,heap     ] GC(206) Reclaimed:         -                  -               122M (95%)         122M (95%)            -                  -          
[2024-07-24T23:00:55.540+0800][15.962s][gc          ] GC(206) Garbage Collection (Allocation Stall) 128M(100%)->16M(12%)
[2024-07-24T23:00:55.548+0800][15.969s][gc,start    ] GC(207) Garbage Collection (Allocation Rate)
[2024-07-24T23:00:55.548+0800][15.969s][gc,task     ] GC(207) Using 1 workers
[2024-07-24T23:00:55.548+0800][15.970s][gc,phases   ] GC(207) Pause Mark Start 0.009ms
[2024-07-24T23:00:55.551+0800][15.973s][gc,phases   ] GC(207) Concurrent Mark 3.162ms
[2024-07-24T23:00:55.551+0800][15.973s][gc,phases   ] GC(207) Pause Mark End 0.009ms
[2024-07-24T23:00:55.551+0800][15.973s][gc,phases   ] GC(207) Concurrent Mark Free 0.001ms
[2024-07-24T23:00:55.552+0800][15.974s][gc,phases   ] GC(207) Concurrent Process Non-Strong References 0.870ms
[2024-07-24T23:00:55.552+0800][15.974s][gc,phases   ] GC(207) Concurrent Reset Relocation Set 0.000ms
[2024-07-24T23:00:55.554+0800][15.975s][gc,phases   ] GC(207) Concurrent Select Relocation Set 1.421ms
[2024-07-24T23:00:55.554+0800][15.976s][gc,phases   ] GC(207) Pause Relocate Start 0.004ms
[2024-07-24T23:00:55.555+0800][15.977s][gc,phases   ] GC(207) Concurrent Relocate 0.951ms
[2024-07-24T23:00:55.555+0800][15.977s][gc,load     ] GC(207) Load: 0.00/0.00/0.00
[2024-07-24T23:00:55.555+0800][15.977s][gc,mmu      ] GC(207) MMU: 2ms/94.0%, 5ms/97.6%, 10ms/98.7%, 20ms/99.2%, 50ms/99.7%, 100ms/99.8%
[2024-07-24T23:00:55.555+0800][15.977s][gc,marking  ] GC(207) Mark: 1 stripe(s), 1 proactive flush(es), 1 terminate flush(es), 0 completion(s), 0 continuation(s) 
[2024-07-24T23:00:55.555+0800][15.977s][gc,marking  ] GC(207) Mark Stack Usage: 32M
[2024-07-24T23:00:55.555+0800][15.977s][gc,nmethod  ] GC(207) NMethods: 313 registered, 0 unregistered
[2024-07-24T23:00:55.555+0800][15.977s][gc,metaspace] GC(207) Metaspace: 0M used, 0M committed, 1088M reserved
[2024-07-24T23:00:55.555+0800][15.977s][gc,ref      ] GC(207) Soft: 62 encountered, 0 discovered, 0 enqueued
[2024-07-24T23:00:55.555+0800][15.977s][gc,ref      ] GC(207) Weak: 187 encountered, 170 discovered, 0 enqueued
[2024-07-24T23:00:55.555+0800][15.977s][gc,ref      ] GC(207) Final: 0 encountered, 0 discovered, 0 enqueued
[2024-07-24T23:00:55.555+0800][15.977s][gc,ref      ] GC(207) Phantom: 1 encountered, 0 discovered, 0 enqueued
[2024-07-24T23:00:55.555+0800][15.977s][gc,reloc    ] GC(207) Small Pages: 2 / 4M, Empty: 0M, Relocated: 1M, In-Place: 0
[2024-07-24T23:00:55.555+0800][15.977s][gc,reloc    ] GC(207) Medium Pages: 0 / 0M, Empty: 0M, Relocated: 0M, In-Place: 0
[2024-07-24T23:00:55.555+0800][15.977s][gc,reloc    ] GC(207) Large Pages: 10 / 20M, Empty: 0M, Relocated: 0M, In-Place: 0
[2024-07-24T23:00:55.555+0800][15.977s][gc,reloc    ] GC(207) Forwarding Usage: 0M
[2024-07-24T23:00:55.555+0800][15.977s][gc,heap     ] GC(207) Min Capacity: 8M(6%)
[2024-07-24T23:00:55.555+0800][15.977s][gc,heap     ] GC(207) Max Capacity: 128M(100%)
[2024-07-24T23:00:55.555+0800][15.977s][gc,heap     ] GC(207) Soft Max Capacity: 128M(100%)
[2024-07-24T23:00:55.555+0800][15.977s][gc,heap     ] GC(207)                Mark Start          Mark End        Relocate Start      Relocate End           High               Low         
[2024-07-24T23:00:55.555+0800][15.977s][gc,heap     ] GC(207)  Capacity:      128M (100%)        128M (100%)        128M (100%)        128M (100%)        128M (100%)        128M (100%)   
[2024-07-24T23:00:55.555+0800][15.977s][gc,heap     ] GC(207)      Free:      104M (81%)         104M (81%)         104M (81%)         106M (83%)         106M (83%)         102M (80%)    
[2024-07-24T23:00:55.555+0800][15.977s][gc,heap     ] GC(207)      Used:       24M (19%)          24M (19%)          24M (19%)          22M (17%)          26M (20%)          22M (17%)    
[2024-07-24T23:00:55.555+0800][15.977s][gc,heap     ] GC(207)      Live:         -                21M (17%)          21M (17%)          21M (17%)            -                  -          
[2024-07-24T23:00:55.555+0800][15.977s][gc,heap     ] GC(207) Allocated:         -                 0M (0%)            0M (0%)            0M (0%)             -                  -          
[2024-07-24T23:00:55.555+0800][15.977s][gc,heap     ] GC(207)   Garbage:         -                 2M (2%)            2M (2%)            0M (1%)             -                  -          
[2024-07-24T23:00:55.555+0800][15.977s][gc,heap     ] GC(207) Reclaimed:         -                  -                 0M (0%)            2M (2%)             -                  -          
[2024-07-24T23:00:55.555+0800][15.977s][gc          ] GC(207) Garbage Collection (Allocation Rate) 24M(19%)->22M(17%)
[2024-07-24T23:00:55.642+0800][16.064s][gc,start    ] GC(208) Garbage Collection (Allocation Rate)
[2024-07-24T23:00:55.642+0800][16.064s][gc,task     ] GC(208) Using 1 workers
[2024-07-24T23:00:55.643+0800][16.064s][gc,phases   ] GC(208) Pause Mark Start 0.017ms
[2024-07-24T23:00:55.646+0800][16.068s][gc,phases   ] GC(208) Concurrent Mark 3.508ms
[2024-07-24T23:00:55.647+0800][16.068s][gc,phases   ] GC(208) Pause Mark End 0.007ms
[2024-07-24T23:00:55.647+0800][16.068s][gc,phases   ] GC(208) Concurrent Mark Free 0.001ms
[2024-07-24T23:00:55.648+0800][16.069s][gc,phases   ] GC(208) Concurrent Process Non-Strong References 1.048ms
[2024-07-24T23:00:55.648+0800][16.069s][gc,phases   ] GC(208) Concurrent Reset Relocation Set 0.002ms
[2024-07-24T23:00:55.650+0800][16.071s][gc          ] Allocation Stall (main) 6.333ms
[2024-07-24T23:00:55.650+0800][16.071s][gc,phases   ] GC(208) Concurrent Select Relocation Set 1.909ms
[2024-07-24T23:00:55.650+0800][16.072s][gc,phases   ] GC(208) Pause Relocate Start 0.006ms
[2024-07-24T23:00:55.650+0800][16.072s][gc,phases   ] GC(208) Concurrent Relocate 0.108ms
[2024-07-24T23:00:55.650+0800][16.072s][gc,load     ] GC(208) Load: 0.00/0.00/0.00
[2024-07-24T23:00:55.650+0800][16.072s][gc,mmu      ] GC(208) MMU: 2ms/94.0%, 5ms/97.6%, 10ms/98.7%, 20ms/99.2%, 50ms/99.7%, 100ms/99.8%
[2024-07-24T23:00:55.650+0800][16.072s][gc,marking  ] GC(208) Mark: 1 stripe(s), 2 proactive flush(es), 1 terminate flush(es), 0 completion(s), 0 continuation(s) 
[2024-07-24T23:00:55.650+0800][16.072s][gc,marking  ] GC(208) Mark Stack Usage: 32M
[2024-07-24T23:00:55.650+0800][16.072s][gc,nmethod  ] GC(208) NMethods: 313 registered, 0 unregistered
[2024-07-24T23:00:55.650+0800][16.072s][gc,metaspace] GC(208) Metaspace: 0M used, 0M committed, 1088M reserved
[2024-07-24T23:00:55.650+0800][16.072s][gc,ref      ] GC(208) Soft: 62 encountered, 0 discovered, 0 enqueued
[2024-07-24T23:00:55.650+0800][16.072s][gc,ref      ] GC(208) Weak: 187 encountered, 170 discovered, 0 enqueued
[2024-07-24T23:00:55.650+0800][16.072s][gc,ref      ] GC(208) Final: 0 encountered, 0 discovered, 0 enqueued
[2024-07-24T23:00:55.650+0800][16.072s][gc,ref      ] GC(208) Phantom: 1 encountered, 0 discovered, 0 enqueued
[2024-07-24T23:00:55.650+0800][16.072s][gc,reloc    ] GC(208) Small Pages: 2 / 4M, Empty: 2M, Relocated: 0M, In-Place: 0
[2024-07-24T23:00:55.650+0800][16.072s][gc,reloc    ] GC(208) Medium Pages: 0 / 0M, Empty: 0M, Relocated: 0M, In-Place: 0
[2024-07-24T23:00:55.650+0800][16.072s][gc,reloc    ] GC(208) Large Pages: 62 / 124M, Empty: 120M, Relocated: 0M, In-Place: 0
[2024-07-24T23:00:55.650+0800][16.072s][gc,reloc    ] GC(208) Forwarding Usage: 0M
[2024-07-24T23:00:55.650+0800][16.072s][gc,heap     ] GC(208) Min Capacity: 8M(6%)
[2024-07-24T23:00:55.650+0800][16.072s][gc,heap     ] GC(208) Max Capacity: 128M(100%)
[2024-07-24T23:00:55.650+0800][16.072s][gc,heap     ] GC(208) Soft Max Capacity: 128M(100%)
[2024-07-24T23:00:55.650+0800][16.072s][gc,heap     ] GC(208)                Mark Start          Mark End        Relocate Start      Relocate End           High               Low         
[2024-07-24T23:00:55.650+0800][16.072s][gc,heap     ] GC(208)  Capacity:      128M (100%)        128M (100%)        128M (100%)        128M (100%)        128M (100%)        128M (100%)   
[2024-07-24T23:00:55.650+0800][16.072s][gc,heap     ] GC(208)      Free:        0M (0%)            0M (0%)          118M (92%)         112M (88%)         122M (95%)           0M (0%)     
[2024-07-24T23:00:55.651+0800][16.072s][gc,heap     ] GC(208)      Used:      128M (100%)        128M (100%)         10M (8%)           16M (12%)         128M (100%)          6M (5%)     
[2024-07-24T23:00:55.651+0800][16.072s][gc,heap     ] GC(208)      Live:         -                 5M (4%)            5M (4%)            5M (4%)             -                  -          
[2024-07-24T23:00:55.651+0800][16.072s][gc,heap     ] GC(208) Allocated:         -                 0M (0%)            4M (3%)           10M (8%)             -                  -          
[2024-07-24T23:00:55.651+0800][16.072s][gc,heap     ] GC(208)   Garbage:         -               122M (96%)           0M (1%)            0M (1%)             -                  -          
[2024-07-24T23:00:55.651+0800][16.072s][gc,heap     ] GC(208) Reclaimed:         -                  -               122M (95%)         122M (95%)            -                  -          
[2024-07-24T23:00:55.651+0800][16.072s][gc          ] GC(208) Garbage Collection (Allocation Rate) 128M(100%)->16M(12%)
[2024-07-24T23:00:55.738+0800][16.159s][gc,start    ] GC(209) Garbage Collection (Allocation Stall)
[2024-07-24T23:00:55.738+0800][16.159s][gc,ref      ] GC(209) Clearing All SoftReferences
[2024-07-24T23:00:55.738+0800][16.159s][gc,task     ] GC(209) Using 1 workers
[2024-07-24T23:00:55.738+0800][16.160s][gc,ref      ] GC(209) Clearing All SoftReferences
[2024-07-24T23:00:55.738+0800][16.160s][gc,phases   ] GC(209) Pause Mark Start 0.100ms
[2024-07-24T23:00:55.740+0800][16.163s][gc,phases   ] GC(209) Concurrent Mark 2.849ms
[2024-07-24T23:00:55.741+0800][16.163s][gc,phases   ] GC(209) Pause Mark End 0.009ms
[2024-07-24T23:00:55.741+0800][16.163s][gc,phases   ] GC(209) Concurrent Mark Free 0.001ms
[2024-07-24T23:00:55.742+0800][16.164s][gc,phases   ] GC(209) Concurrent Process Non-Strong References 0.923ms
[2024-07-24T23:00:55.742+0800][16.164s][gc,phases   ] GC(209) Concurrent Reset Relocation Set 0.000ms
[2024-07-24T23:00:55.744+0800][16.166s][gc,phases   ] GC(209) Concurrent Select Relocation Set 1.763ms
[2024-07-24T23:00:55.744+0800][16.166s][gc,phases   ] GC(209) Pause Relocate Start 0.003ms
[2024-07-24T23:00:55.744+0800][16.166s][gc,phases   ] GC(209) Concurrent Relocate 0.095ms
[2024-07-24T23:00:55.744+0800][16.166s][gc,load     ] GC(209) Load: 0.00/0.00/0.00
[2024-07-24T23:00:55.744+0800][16.166s][gc,mmu      ] GC(209) MMU: 2ms/94.0%, 5ms/97.6%, 10ms/98.7%, 20ms/99.2%, 50ms/99.7%, 100ms/99.8%
[2024-07-24T23:00:55.744+0800][16.166s][gc,marking  ] GC(209) Mark: 1 stripe(s), 2 proactive flush(es), 1 terminate flush(es), 0 completion(s), 0 continuation(s) 
[2024-07-24T23:00:55.744+0800][16.166s][gc,marking  ] GC(209) Mark Stack Usage: 32M
[2024-07-24T23:00:55.744+0800][16.166s][gc,nmethod  ] GC(209) NMethods: 313 registered, 0 unregistered
[2024-07-24T23:00:55.744+0800][16.166s][gc,metaspace] GC(209) Metaspace: 0M used, 0M committed, 1088M reserved
[2024-07-24T23:00:55.744+0800][16.166s][gc,ref      ] GC(209) Soft: 62 encountered, 35 discovered, 0 enqueued
[2024-07-24T23:00:55.744+0800][16.166s][gc,ref      ] GC(209) Weak: 187 encountered, 170 discovered, 0 enqueued
[2024-07-24T23:00:55.744+0800][16.166s][gc,ref      ] GC(209) Final: 0 encountered, 0 discovered, 0 enqueued
[2024-07-24T23:00:55.744+0800][16.166s][gc,ref      ] GC(209) Phantom: 1 encountered, 0 discovered, 0 enqueued
[2024-07-24T23:00:55.744+0800][16.166s][gc,reloc    ] GC(209) Small Pages: 2 / 4M, Empty: 2M, Relocated: 0M, In-Place: 0
[2024-07-24T23:00:55.744+0800][16.166s][gc,reloc    ] GC(209) Medium Pages: 0 / 0M, Empty: 0M, Relocated: 0M, In-Place: 0
[2024-07-24T23:00:55.744+0800][16.166s][gc,reloc    ] GC(209) Large Pages: 53 / 106M, Empty: 104M, Relocated: 0M, In-Place: 0
[2024-07-24T23:00:55.744+0800][16.166s][gc,reloc    ] GC(209) Forwarding Usage: 0M
[2024-07-24T23:00:55.744+0800][16.166s][gc,heap     ] GC(209) Min Capacity: 8M(6%)
[2024-07-24T23:00:55.744+0800][16.166s][gc,heap     ] GC(209) Max Capacity: 128M(100%)
[2024-07-24T23:00:55.744+0800][16.166s][gc,heap     ] GC(209) Soft Max Capacity: 128M(100%)
[2024-07-24T23:00:55.744+0800][16.166s][gc,heap     ] GC(209)                Mark Start          Mark End        Relocate Start      Relocate End           High               Low         
[2024-07-24T23:00:55.744+0800][16.166s][gc,heap     ] GC(209)  Capacity:      128M (100%)        128M (100%)        128M (100%)        128M (100%)        128M (100%)        128M (100%)   
[2024-07-24T23:00:55.744+0800][16.166s][gc,heap     ] GC(209)      Free:       18M (14%)           2M (2%)          108M (84%)         108M (84%)         108M (84%)           2M (2%)     
[2024-07-24T23:00:55.744+0800][16.166s][gc,heap     ] GC(209)      Used:      110M (86%)         126M (98%)          20M (16%)          20M (16%)         126M (98%)          20M (16%)    
[2024-07-24T23:00:55.744+0800][16.166s][gc,heap     ] GC(209)      Live:         -                 3M (3%)            3M (3%)            3M (3%)             -                  -          
[2024-07-24T23:00:55.744+0800][16.166s][gc,heap     ] GC(209) Allocated:         -                16M (12%)          16M (12%)          16M (12%)            -                  -          
[2024-07-24T23:00:55.744+0800][16.166s][gc,heap     ] GC(209)   Garbage:         -               106M (83%)           0M (1%)            0M (1%)             -                  -          
[2024-07-24T23:00:55.744+0800][16.167s][gc,heap     ] GC(209) Reclaimed:         -                  -               106M (83%)         106M (83%)            -                  -          
[2024-07-24T23:00:55.744+0800][16.167s][gc          ] GC(209) Garbage Collection (Allocation Stall) 110M(86%)->20M(16%)
[2024-07-24T23:00:55.831+0800][16.254s][gc,start    ] GC(210) Garbage Collection (Allocation Stall)
[2024-07-24T23:00:55.832+0800][16.254s][gc,ref      ] GC(210) Clearing All SoftReferences
[2024-07-24T23:00:55.832+0800][16.254s][gc,task     ] GC(210) Using 1 workers
[2024-07-24T23:00:55.832+0800][16.254s][gc,ref      ] GC(210) Clearing All SoftReferences
[2024-07-24T23:00:55.832+0800][16.254s][gc,phases   ] GC(210) Pause Mark Start 0.035ms
[2024-07-24T23:00:55.834+0800][16.256s][gc,phases   ] GC(210) Concurrent Mark 2.204ms
[2024-07-24T23:00:55.834+0800][16.257s][gc,phases   ] GC(210) Pause Mark End 0.005ms
[2024-07-24T23:00:55.834+0800][16.257s][gc,phases   ] GC(210) Concurrent Mark Free 0.001ms
[2024-07-24T23:00:55.835+0800][16.258s][gc,phases   ] GC(210) Concurrent Process Non-Strong References 0.853ms
[2024-07-24T23:00:55.835+0800][16.258s][gc,phases   ] GC(210) Concurrent Reset Relocation Set 0.000ms
[2024-07-24T23:00:55.838+0800][16.259s][gc          ] Allocation Stall (main) 5.604ms
[2024-07-24T23:00:55.838+0800][16.259s][gc,phases   ] GC(210) Concurrent Select Relocation Set 1.656ms
[2024-07-24T23:00:55.838+0800][16.259s][gc,phases   ] GC(210) Pause Relocate Start 0.003ms
[2024-07-24T23:00:55.838+0800][16.260s][gc,phases   ] GC(210) Concurrent Relocate 0.074ms
[2024-07-24T23:00:55.838+0800][16.260s][gc,load     ] GC(210) Load: 0.00/0.00/0.00
[2024-07-24T23:00:55.838+0800][16.260s][gc,mmu      ] GC(210) MMU: 2ms/94.0%, 5ms/97.6%, 10ms/98.7%, 20ms/99.2%, 50ms/99.7%, 100ms/99.8%
[2024-07-24T23:00:55.838+0800][16.260s][gc,marking  ] GC(210) Mark: 1 stripe(s), 1 proactive flush(es), 1 terminate flush(es), 0 completion(s), 0 continuation(s) 
[2024-07-24T23:00:55.838+0800][16.260s][gc,marking  ] GC(210) Mark Stack Usage: 32M
[2024-07-24T23:00:55.838+0800][16.260s][gc,nmethod  ] GC(210) NMethods: 313 registered, 0 unregistered
[2024-07-24T23:00:55.838+0800][16.260s][gc,metaspace] GC(210) Metaspace: 0M used, 0M committed, 1088M reserved
[2024-07-24T23:00:55.838+0800][16.260s][gc,ref      ] GC(210) Soft: 62 encountered, 37 discovered, 0 enqueued
[2024-07-24T23:00:55.838+0800][16.260s][gc,ref      ] GC(210) Weak: 187 encountered, 170 discovered, 0 enqueued
[2024-07-24T23:00:55.838+0800][16.260s][gc,ref      ] GC(210) Final: 0 encountered, 0 discovered, 0 enqueued
[2024-07-24T23:00:55.838+0800][16.260s][gc,ref      ] GC(210) Phantom: 1 encountered, 0 discovered, 0 enqueued
[2024-07-24T23:00:55.838+0800][16.260s][gc,reloc    ] GC(210) Small Pages: 2 / 4M, Empty: 2M, Relocated: 0M, In-Place: 0
[2024-07-24T23:00:55.838+0800][16.260s][gc,reloc    ] GC(210) Medium Pages: 0 / 0M, Empty: 0M, Relocated: 0M, In-Place: 0
[2024-07-24T23:00:55.838+0800][16.260s][gc,reloc    ] GC(210) Large Pages: 62 / 124M, Empty: 96M, Relocated: 0M, In-Place: 0
[2024-07-24T23:00:55.838+0800][16.260s][gc,reloc    ] GC(210) Forwarding Usage: 0M
[2024-07-24T23:00:55.838+0800][16.260s][gc,heap     ] GC(210) Min Capacity: 8M(6%)
[2024-07-24T23:00:55.838+0800][16.260s][gc,heap     ] GC(210) Max Capacity: 128M(100%)
[2024-07-24T23:00:55.838+0800][16.260s][gc,heap     ] GC(210) Soft Max Capacity: 128M(100%)
[2024-07-24T23:00:55.838+0800][16.260s][gc,heap     ] GC(210)                Mark Start          Mark End        Relocate Start      Relocate End           High               Low         
[2024-07-24T23:00:55.838+0800][16.260s][gc,heap     ] GC(210)  Capacity:      128M (100%)        128M (100%)        128M (100%)        128M (100%)        128M (100%)        128M (100%)   
[2024-07-24T23:00:55.838+0800][16.260s][gc,heap     ] GC(210)      Free:        0M (0%)            0M (0%)           94M (73%)          90M (70%)          98M (77%)           0M (0%)     
[2024-07-24T23:00:55.838+0800][16.260s][gc,heap     ] GC(210)      Used:      128M (100%)        128M (100%)         34M (27%)          38M (30%)         128M (100%)         30M (23%)    
[2024-07-24T23:00:55.838+0800][16.260s][gc,heap     ] GC(210)      Live:         -                29M (23%)          29M (23%)          29M (23%)            -                  -          
[2024-07-24T23:00:55.838+0800][16.260s][gc,heap     ] GC(210) Allocated:         -                 0M (0%)            4M (3%)            8M (6%)             -                  -          
[2024-07-24T23:00:55.838+0800][16.260s][gc,heap     ] GC(210)   Garbage:         -                98M (77%)           0M (1%)            0M (1%)             -                  -          
[2024-07-24T23:00:55.838+0800][16.260s][gc,heap     ] GC(210) Reclaimed:         -                  -                98M (77%)          98M (77%)            -                  -          
[2024-07-24T23:00:55.838+0800][16.260s][gc          ] GC(210) Garbage Collection (Allocation Stall) 128M(100%)->38M(30%)
[2024-07-24T23:00:55.847+0800][16.268s][gc,start    ] GC(211) Garbage Collection (Allocation Rate)
[2024-07-24T23:00:55.847+0800][16.268s][gc,task     ] GC(211) Using 1 workers
[2024-07-24T23:00:55.847+0800][16.268s][gc,phases   ] GC(211) Pause Mark Start 0.008ms
[2024-07-24T23:00:55.849+0800][16.271s][gc,phases   ] GC(211) Concurrent Mark 2.256ms
[2024-07-24T23:00:55.849+0800][16.271s][gc,phases   ] GC(211) Pause Mark End 0.008ms
[2024-07-24T23:00:55.849+0800][16.271s][gc,phases   ] GC(211) Concurrent Mark Free 0.001ms
[2024-07-24T23:00:55.850+0800][16.272s][gc,phases   ] GC(211) Concurrent Process Non-Strong References 0.935ms
[2024-07-24T23:00:55.850+0800][16.272s][gc,phases   ] GC(211) Concurrent Reset Relocation Set 0.000ms
[2024-07-24T23:00:55.852+0800][16.274s][gc,phases   ] GC(211) Concurrent Select Relocation Set 1.635ms
[2024-07-24T23:00:55.852+0800][16.274s][gc,phases   ] GC(211) Pause Relocate Start 0.009ms
[2024-07-24T23:00:55.853+0800][16.275s][gc,phases   ] GC(211) Concurrent Relocate 0.937ms
[2024-07-24T23:00:55.853+0800][16.275s][gc,load     ] GC(211) Load: 0.00/0.00/0.00
[2024-07-24T23:00:55.853+0800][16.275s][gc,mmu      ] GC(211) MMU: 2ms/94.0%, 5ms/97.6%, 10ms/98.7%, 20ms/99.2%, 50ms/99.7%, 100ms/99.8%
[2024-07-24T23:00:55.853+0800][16.275s][gc,marking  ] GC(211) Mark: 1 stripe(s), 1 proactive flush(es), 1 terminate flush(es), 0 completion(s), 0 continuation(s) 
[2024-07-24T23:00:55.853+0800][16.275s][gc,marking  ] GC(211) Mark Stack Usage: 32M
[2024-07-24T23:00:55.853+0800][16.275s][gc,nmethod  ] GC(211) NMethods: 313 registered, 0 unregistered
[2024-07-24T23:00:55.853+0800][16.275s][gc,metaspace] GC(211) Metaspace: 0M used, 0M committed, 1088M reserved
[2024-07-24T23:00:55.853+0800][16.275s][gc,ref      ] GC(211) Soft: 62 encountered, 0 discovered, 0 enqueued
[2024-07-24T23:00:55.853+0800][16.275s][gc,ref      ] GC(211) Weak: 187 encountered, 170 discovered, 0 enqueued
[2024-07-24T23:00:55.853+0800][16.275s][gc,ref      ] GC(211) Final: 0 encountered, 0 discovered, 0 enqueued
[2024-07-24T23:00:55.853+0800][16.275s][gc,ref      ] GC(211) Phantom: 1 encountered, 0 discovered, 0 enqueued
[2024-07-24T23:00:55.853+0800][16.275s][gc,reloc    ] GC(211) Small Pages: 2 / 4M, Empty: 0M, Relocated: 1M, In-Place: 0
[2024-07-24T23:00:55.853+0800][16.275s][gc,reloc    ] GC(211) Medium Pages: 0 / 0M, Empty: 0M, Relocated: 0M, In-Place: 0
[2024-07-24T23:00:55.853+0800][16.275s][gc,reloc    ] GC(211) Large Pages: 20 / 40M, Empty: 40M, Relocated: 0M, In-Place: 0
[2024-07-24T23:00:55.853+0800][16.275s][gc,reloc    ] GC(211) Forwarding Usage: 0M
[2024-07-24T23:00:55.853+0800][16.275s][gc,heap     ] GC(211) Min Capacity: 8M(6%)
[2024-07-24T23:00:55.853+0800][16.275s][gc,heap     ] GC(211) Max Capacity: 128M(100%)
[2024-07-24T23:00:55.853+0800][16.275s][gc,heap     ] GC(211) Soft Max Capacity: 128M(100%)
[2024-07-24T23:00:55.853+0800][16.275s][gc,heap     ] GC(211)                Mark Start          Mark End        Relocate Start      Relocate End           High               Low         
[2024-07-24T23:00:55.853+0800][16.275s][gc,heap     ] GC(211)  Capacity:      128M (100%)        128M (100%)        128M (100%)        128M (100%)        128M (100%)        128M (100%)   
[2024-07-24T23:00:55.853+0800][16.275s][gc,heap     ] GC(211)      Free:       84M (66%)          84M (66%)         124M (97%)         126M (98%)         126M (98%)          84M (66%)    
[2024-07-24T23:00:55.853+0800][16.275s][gc,heap     ] GC(211)      Used:       44M (34%)          44M (34%)           4M (3%)            2M (2%)           44M (34%)           2M (2%)     
[2024-07-24T23:00:55.853+0800][16.275s][gc,heap     ] GC(211)      Live:         -                 1M (1%)            1M (1%)            1M (1%)             -                  -          
[2024-07-24T23:00:55.853+0800][16.275s][gc,heap     ] GC(211) Allocated:         -                 0M (0%)            0M (0%)            0M (0%)             -                  -          
[2024-07-24T23:00:55.853+0800][16.275s][gc,heap     ] GC(211)   Garbage:         -                42M (33%)           2M (2%)            0M (1%)             -                  -          
[2024-07-24T23:00:55.853+0800][16.275s][gc,heap     ] GC(211) Reclaimed:         -                  -                40M (31%)          42M (33%)            -                  -          
[2024-07-24T23:00:55.853+0800][16.275s][gc          ] GC(211) Garbage Collection (Allocation Rate) 44M(34%)->2M(2%)
[2024-07-24T23:00:55.942+0800][16.364s][gc,start    ] GC(212) Garbage Collection (Allocation Rate)
[2024-07-24T23:00:55.942+0800][16.364s][gc,task     ] GC(212) Using 1 workers
[2024-07-24T23:00:55.942+0800][16.364s][gc,phases   ] GC(212) Pause Mark Start 0.008ms
[2024-07-24T23:00:55.946+0800][16.368s][gc,phases   ] GC(212) Concurrent Mark 3.804ms
[2024-07-24T23:00:55.947+0800][16.368s][gc,phases   ] GC(212) Pause Mark End 0.008ms
[2024-07-24T23:00:55.947+0800][16.368s][gc,phases   ] GC(212) Concurrent Mark Free 0.001ms
[2024-07-24T23:00:55.948+0800][16.369s][gc,phases   ] GC(212) Concurrent Process Non-Strong References 1.030ms
[2024-07-24T23:00:55.948+0800][16.369s][gc,phases   ] GC(212) Concurrent Reset Relocation Set 0.001ms
[2024-07-24T23:00:55.950+0800][16.372s][gc,phases   ] GC(212) Concurrent Select Relocation Set 2.446ms
[2024-07-24T23:00:55.950+0800][16.372s][gc,phases   ] GC(212) Pause Relocate Start 0.009ms
[2024-07-24T23:00:55.951+0800][16.372s][gc,phases   ] GC(212) Concurrent Relocate 0.029ms
[2024-07-24T23:00:55.951+0800][16.372s][gc,load     ] GC(212) Load: 0.00/0.00/0.00
[2024-07-24T23:00:55.951+0800][16.372s][gc,mmu      ] GC(212) MMU: 2ms/94.0%, 5ms/97.6%, 10ms/98.7%, 20ms/99.2%, 50ms/99.7%, 100ms/99.8%
[2024-07-24T23:00:55.951+0800][16.372s][gc,marking  ] GC(212) Mark: 1 stripe(s), 2 proactive flush(es), 1 terminate flush(es), 0 completion(s), 0 continuation(s) 
[2024-07-24T23:00:55.951+0800][16.372s][gc,marking  ] GC(212) Mark Stack Usage: 32M
[2024-07-24T23:00:55.951+0800][16.372s][gc,nmethod  ] GC(212) NMethods: 313 registered, 0 unregistered
[2024-07-24T23:00:55.951+0800][16.372s][gc,metaspace] GC(212) Metaspace: 0M used, 0M committed, 1088M reserved
[2024-07-24T23:00:55.951+0800][16.372s][gc,ref      ] GC(212) Soft: 62 encountered, 0 discovered, 0 enqueued
[2024-07-24T23:00:55.951+0800][16.372s][gc,ref      ] GC(212) Weak: 187 encountered, 170 discovered, 0 enqueued
[2024-07-24T23:00:55.951+0800][16.372s][gc,ref      ] GC(212) Final: 0 encountered, 0 discovered, 0 enqueued
[2024-07-24T23:00:55.951+0800][16.372s][gc,ref      ] GC(212) Phantom: 1 encountered, 0 discovered, 0 enqueued
[2024-07-24T23:00:55.951+0800][16.372s][gc,reloc    ] GC(212) Small Pages: 2 / 4M, Empty: 2M, Relocated: 0M, In-Place: 0
[2024-07-24T23:00:55.951+0800][16.372s][gc,reloc    ] GC(212) Medium Pages: 0 / 0M, Empty: 0M, Relocated: 0M, In-Place: 0
[2024-07-24T23:00:55.951+0800][16.372s][gc,reloc    ] GC(212) Large Pages: 53 / 106M, Empty: 104M, Relocated: 0M, In-Place: 0
[2024-07-24T23:00:55.951+0800][16.372s][gc,reloc    ] GC(212) Forwarding Usage: 0M
[2024-07-24T23:00:55.951+0800][16.372s][gc,heap     ] GC(212) Min Capacity: 8M(6%)
[2024-07-24T23:00:55.951+0800][16.372s][gc,heap     ] GC(212) Max Capacity: 128M(100%)
[2024-07-24T23:00:55.951+0800][16.372s][gc,heap     ] GC(212) Soft Max Capacity: 128M(100%)
[2024-07-24T23:00:55.951+0800][16.372s][gc,heap     ] GC(212)                Mark Start          Mark End        Relocate Start      Relocate End           High               Low         
[2024-07-24T23:00:55.951+0800][16.372s][gc,heap     ] GC(212)  Capacity:      128M (100%)        128M (100%)        128M (100%)        128M (100%)        128M (100%)        128M (100%)   
[2024-07-24T23:00:55.951+0800][16.372s][gc,heap     ] GC(212)      Free:       18M (14%)           2M (2%)          108M (84%)         108M (84%)         108M (84%)           2M (2%)     
[2024-07-24T23:00:55.951+0800][16.372s][gc,heap     ] GC(212)      Used:      110M (86%)         126M (98%)          20M (16%)          20M (16%)         126M (98%)          20M (16%)    
[2024-07-24T23:00:55.951+0800][16.372s][gc,heap     ] GC(212)      Live:         -                 3M (3%)            3M (3%)            3M (3%)             -                  -          
[2024-07-24T23:00:55.951+0800][16.373s][gc,heap     ] GC(212) Allocated:         -                16M (12%)          16M (12%)          16M (12%)            -                  -          
[2024-07-24T23:00:55.951+0800][16.373s][gc,heap     ] GC(212)   Garbage:         -               106M (83%)           0M (1%)            0M (1%)             -                  -          
[2024-07-24T23:00:55.951+0800][16.373s][gc,heap     ] GC(212) Reclaimed:         -                  -               106M (83%)         106M (83%)            -                  -          
[2024-07-24T23:00:55.951+0800][16.373s][gc          ] GC(212) Garbage Collection (Allocation Rate) 110M(86%)->20M(16%)
[2024-07-24T23:00:56.037+0800][16.459s][gc,start    ] GC(213) Garbage Collection (Allocation Rate)
[2024-07-24T23:00:56.037+0800][16.459s][gc,task     ] GC(213) Using 1 workers
[2024-07-24T23:00:56.037+0800][16.459s][gc,phases   ] GC(213) Pause Mark Start 0.010ms
[2024-07-24T23:00:56.040+0800][16.462s][gc,phases   ] GC(213) Concurrent Mark 2.945ms
[2024-07-24T23:00:56.041+0800][16.462s][gc,phases   ] GC(213) Pause Mark End 0.007ms
[2024-07-24T23:00:56.041+0800][16.462s][gc,phases   ] GC(213) Concurrent Mark Free 0.001ms
[2024-07-24T23:00:56.042+0800][16.463s][gc,phases   ] GC(213) Concurrent Process Non-Strong References 0.934ms
[2024-07-24T23:00:56.042+0800][16.463s][gc,phases   ] GC(213) Concurrent Reset Relocation Set 0.000ms
[2024-07-24T23:00:56.043+0800][16.465s][gc          ] Allocation Stall (main) 4.959ms
[2024-07-24T23:00:56.043+0800][16.465s][gc,phases   ] GC(213) Concurrent Select Relocation Set 1.647ms
[2024-07-24T23:00:56.044+0800][16.465s][gc,phases   ] GC(213) Pause Relocate Start 0.005ms
[2024-07-24T23:00:56.044+0800][16.466s][gc,phases   ] GC(213) Concurrent Relocate 0.108ms
[2024-07-24T23:00:56.044+0800][16.466s][gc,load     ] GC(213) Load: 0.00/0.00/0.00
[2024-07-24T23:00:56.044+0800][16.466s][gc,mmu      ] GC(213) MMU: 2ms/94.0%, 5ms/97.6%, 10ms/98.7%, 20ms/99.2%, 50ms/99.7%, 100ms/99.8%
[2024-07-24T23:00:56.044+0800][16.466s][gc,marking  ] GC(213) Mark: 1 stripe(s), 2 proactive flush(es), 1 terminate flush(es), 0 completion(s), 0 continuation(s) 
[2024-07-24T23:00:56.044+0800][16.466s][gc,marking  ] GC(213) Mark Stack Usage: 32M
[2024-07-24T23:00:56.044+0800][16.466s][gc,nmethod  ] GC(213) NMethods: 313 registered, 0 unregistered
[2024-07-24T23:00:56.044+0800][16.466s][gc,metaspace] GC(213) Metaspace: 0M used, 0M committed, 1088M reserved
[2024-07-24T23:00:56.044+0800][16.466s][gc,ref      ] GC(213) Soft: 62 encountered, 0 discovered, 0 enqueued
[2024-07-24T23:00:56.044+0800][16.466s][gc,ref      ] GC(213) Weak: 187 encountered, 170 discovered, 0 enqueued
[2024-07-24T23:00:56.044+0800][16.466s][gc,ref      ] GC(213) Final: 0 encountered, 0 discovered, 0 enqueued
[2024-07-24T23:00:56.044+0800][16.466s][gc,ref      ] GC(213) Phantom: 1 encountered, 0 discovered, 0 enqueued
[2024-07-24T23:00:56.044+0800][16.466s][gc,reloc    ] GC(213) Small Pages: 2 / 4M, Empty: 2M, Relocated: 0M, In-Place: 0
[2024-07-24T23:00:56.044+0800][16.466s][gc,reloc    ] GC(213) Medium Pages: 0 / 0M, Empty: 0M, Relocated: 0M, In-Place: 0
[2024-07-24T23:00:56.044+0800][16.466s][gc,reloc    ] GC(213) Large Pages: 61 / 122M, Empty: 96M, Relocated: 0M, In-Place: 0
[2024-07-24T23:00:56.044+0800][16.466s][gc,reloc    ] GC(213) Forwarding Usage: 0M
[2024-07-24T23:00:56.044+0800][16.466s][gc,heap     ] GC(213) Min Capacity: 8M(6%)
[2024-07-24T23:00:56.044+0800][16.466s][gc,heap     ] GC(213) Max Capacity: 128M(100%)
[2024-07-24T23:00:56.044+0800][16.466s][gc,heap     ] GC(213) Soft Max Capacity: 128M(100%)
[2024-07-24T23:00:56.044+0800][16.466s][gc,heap     ] GC(213)                Mark Start          Mark End        Relocate Start      Relocate End           High               Low         
[2024-07-24T23:00:56.044+0800][16.466s][gc,heap     ] GC(213)  Capacity:      128M (100%)        128M (100%)        128M (100%)        128M (100%)        128M (100%)        128M (100%)   
[2024-07-24T23:00:56.044+0800][16.466s][gc,heap     ] GC(213)      Free:        2M (2%)            0M (0%)           92M (72%)          88M (69%)          98M (77%)           0M (0%)     
[2024-07-24T23:00:56.044+0800][16.466s][gc,heap     ] GC(213)      Used:      126M (98%)         128M (100%)         36M (28%)          40M (31%)         128M (100%)         30M (23%)    
[2024-07-24T23:00:56.044+0800][16.466s][gc,heap     ] GC(213)      Live:         -                27M (21%)          27M (21%)          27M (21%)            -                  -          
[2024-07-24T23:00:56.044+0800][16.466s][gc,heap     ] GC(213) Allocated:         -                 2M (2%)            8M (6%)           12M (9%)             -                  -          
[2024-07-24T23:00:56.044+0800][16.466s][gc,heap     ] GC(213)   Garbage:         -                98M (77%)           0M (1%)            0M (1%)             -                  -          
[2024-07-24T23:00:56.044+0800][16.466s][gc,heap     ] GC(213) Reclaimed:         -                  -                98M (77%)          98M (77%)            -                  -          
[2024-07-24T23:00:56.044+0800][16.466s][gc          ] GC(213) Garbage Collection (Allocation Rate) 126M(98%)->40M(31%)
[2024-07-24T23:00:56.133+0800][16.555s][gc,start    ] GC(214) Garbage Collection (Allocation Stall)
[2024-07-24T23:00:56.133+0800][16.555s][gc,ref      ] GC(214) Clearing All SoftReferences
[2024-07-24T23:00:56.133+0800][16.555s][gc,task     ] GC(214) Using 1 workers
[2024-07-24T23:00:56.133+0800][16.555s][gc,ref      ] GC(214) Clearing All SoftReferences
[2024-07-24T23:00:56.133+0800][16.555s][gc,phases   ] GC(214) Pause Mark Start 0.070ms
[2024-07-24T23:00:56.136+0800][16.557s][gc,phases   ] GC(214) Concurrent Mark 2.208ms
[2024-07-24T23:00:56.136+0800][16.558s][gc,phases   ] GC(214) Pause Mark End 0.009ms
[2024-07-24T23:00:56.136+0800][16.558s][gc,phases   ] GC(214) Concurrent Mark Free 0.001ms
[2024-07-24T23:00:56.137+0800][16.559s][gc,phases   ] GC(214) Concurrent Process Non-Strong References 0.972ms
[2024-07-24T23:00:56.137+0800][16.559s][gc,phases   ] GC(214) Concurrent Reset Relocation Set 0.000ms
[2024-07-24T23:00:56.139+0800][16.560s][gc          ] Allocation Stall (main) 5.631ms
[2024-07-24T23:00:56.139+0800][16.561s][gc,phases   ] GC(214) Concurrent Select Relocation Set 1.730ms
[2024-07-24T23:00:56.139+0800][16.561s][gc,phases   ] GC(214) Pause Relocate Start 0.005ms
[2024-07-24T23:00:56.139+0800][16.561s][gc,phases   ] GC(214) Concurrent Relocate 0.098ms
[2024-07-24T23:00:56.139+0800][16.561s][gc,load     ] GC(214) Load: 0.00/0.00/0.00
[2024-07-24T23:00:56.139+0800][16.561s][gc,mmu      ] GC(214) MMU: 2ms/94.0%, 5ms/97.6%, 10ms/98.7%, 20ms/99.2%, 50ms/99.7%, 100ms/99.8%
[2024-07-24T23:00:56.139+0800][16.561s][gc,marking  ] GC(214) Mark: 1 stripe(s), 1 proactive flush(es), 1 terminate flush(es), 0 completion(s), 0 continuation(s) 
[2024-07-24T23:00:56.139+0800][16.561s][gc,marking  ] GC(214) Mark Stack Usage: 32M
[2024-07-24T23:00:56.140+0800][16.561s][gc,nmethod  ] GC(214) NMethods: 313 registered, 0 unregistered
[2024-07-24T23:00:56.140+0800][16.561s][gc,metaspace] GC(214) Metaspace: 0M used, 0M committed, 1088M reserved
[2024-07-24T23:00:56.140+0800][16.561s][gc,ref      ] GC(214) Soft: 62 encountered, 37 discovered, 0 enqueued
[2024-07-24T23:00:56.140+0800][16.561s][gc,ref      ] GC(214) Weak: 187 encountered, 170 discovered, 0 enqueued
[2024-07-24T23:00:56.140+0800][16.561s][gc,ref      ] GC(214) Final: 0 encountered, 0 discovered, 0 enqueued
[2024-07-24T23:00:56.140+0800][16.561s][gc,ref      ] GC(214) Phantom: 1 encountered, 0 discovered, 0 enqueued
[2024-07-24T23:00:56.140+0800][16.561s][gc,reloc    ] GC(214) Small Pages: 2 / 4M, Empty: 2M, Relocated: 0M, In-Place: 0
[2024-07-24T23:00:56.140+0800][16.561s][gc,reloc    ] GC(214) Medium Pages: 0 / 0M, Empty: 0M, Relocated: 0M, In-Place: 0
[2024-07-24T23:00:56.140+0800][16.561s][gc,reloc    ] GC(214) Large Pages: 62 / 124M, Empty: 120M, Relocated: 0M, In-Place: 0
[2024-07-24T23:00:56.140+0800][16.561s][gc,reloc    ] GC(214) Forwarding Usage: 0M
[2024-07-24T23:00:56.140+0800][16.561s][gc,heap     ] GC(214) Min Capacity: 8M(6%)
[2024-07-24T23:00:56.140+0800][16.561s][gc,heap     ] GC(214) Max Capacity: 128M(100%)
[2024-07-24T23:00:56.140+0800][16.561s][gc,heap     ] GC(214) Soft Max Capacity: 128M(100%)
[2024-07-24T23:00:56.140+0800][16.561s][gc,heap     ] GC(214)                Mark Start          Mark End        Relocate Start      Relocate End           High               Low         
[2024-07-24T23:00:56.140+0800][16.561s][gc,heap     ] GC(214)  Capacity:      128M (100%)        128M (100%)        128M (100%)        128M (100%)        128M (100%)        128M (100%)   
[2024-07-24T23:00:56.140+0800][16.561s][gc,heap     ] GC(214)      Free:        0M (0%)            0M (0%)          118M (92%)         114M (89%)         122M (95%)           0M (0%)     
[2024-07-24T23:00:56.140+0800][16.561s][gc,heap     ] GC(214)      Used:      128M (100%)        128M (100%)         10M (8%)           14M (11%)         128M (100%)          6M (5%)     
[2024-07-24T23:00:56.140+0800][16.561s][gc,heap     ] GC(214)      Live:         -                 5M (4%)            5M (4%)            5M (4%)             -                  -          
[2024-07-24T23:00:56.140+0800][16.561s][gc,heap     ] GC(214) Allocated:         -                 0M (0%)            4M (3%)            8M (6%)             -                  -          
[2024-07-24T23:00:56.140+0800][16.561s][gc,heap     ] GC(214)   Garbage:         -               122M (96%)           0M (1%)            0M (1%)             -                  -          
[2024-07-24T23:00:56.140+0800][16.561s][gc,heap     ] GC(214) Reclaimed:         -                  -               122M (95%)         122M (95%)            -                  -          
[2024-07-24T23:00:56.140+0800][16.561s][gc          ] GC(214) Garbage Collection (Allocation Stall) 128M(100%)->14M(11%)
[2024-07-24T23:00:56.242+0800][16.663s][gc,start    ] GC(215) Garbage Collection (Allocation Rate)
[2024-07-24T23:00:56.242+0800][16.663s][gc,task     ] GC(215) Using 1 workers
[2024-07-24T23:00:56.242+0800][16.663s][gc,phases   ] GC(215) Pause Mark Start 0.006ms
[2024-07-24T23:00:56.244+0800][16.666s][gc,phases   ] GC(215) Concurrent Mark 2.334ms
[2024-07-24T23:00:56.245+0800][16.666s][gc,phases   ] GC(215) Pause Mark End 0.007ms
[2024-07-24T23:00:56.245+0800][16.666s][gc,phases   ] GC(215) Concurrent Mark Free 0.001ms
[2024-07-24T23:00:56.246+0800][16.667s][gc,phases   ] GC(215) Concurrent Process Non-Strong References 0.953ms
[2024-07-24T23:00:56.246+0800][16.667s][gc,phases   ] GC(215) Concurrent Reset Relocation Set 0.001ms
[2024-07-24T23:00:56.247+0800][16.668s][gc          ] Allocation Stall (main) 4.928ms
[2024-07-24T23:00:56.247+0800][16.668s][gc,phases   ] GC(215) Concurrent Select Relocation Set 1.343ms
[2024-07-24T23:00:56.247+0800][16.669s][gc,phases   ] GC(215) Pause Relocate Start 0.006ms
[2024-07-24T23:00:56.248+0800][16.669s][gc,phases   ] GC(215) Concurrent Relocate 0.036ms
[2024-07-24T23:00:56.248+0800][16.669s][gc,load     ] GC(215) Load: 0.00/0.00/0.00
[2024-07-24T23:00:56.248+0800][16.669s][gc,mmu      ] GC(215) MMU: 2ms/94.0%, 5ms/97.6%, 10ms/98.7%, 20ms/99.2%, 50ms/99.7%, 100ms/99.8%
[2024-07-24T23:00:56.248+0800][16.669s][gc,marking  ] GC(215) Mark: 1 stripe(s), 2 proactive flush(es), 1 terminate flush(es), 0 completion(s), 0 continuation(s) 
[2024-07-24T23:00:56.248+0800][16.669s][gc,marking  ] GC(215) Mark Stack Usage: 32M
[2024-07-24T23:00:56.248+0800][16.669s][gc,nmethod  ] GC(215) NMethods: 313 registered, 0 unregistered
[2024-07-24T23:00:56.248+0800][16.669s][gc,metaspace] GC(215) Metaspace: 0M used, 0M committed, 1088M reserved
[2024-07-24T23:00:56.248+0800][16.669s][gc,ref      ] GC(215) Soft: 62 encountered, 0 discovered, 0 enqueued
[2024-07-24T23:00:56.248+0800][16.669s][gc,ref      ] GC(215) Weak: 187 encountered, 170 discovered, 0 enqueued
[2024-07-24T23:00:56.248+0800][16.669s][gc,ref      ] GC(215) Final: 0 encountered, 0 discovered, 0 enqueued
[2024-07-24T23:00:56.248+0800][16.669s][gc,ref      ] GC(215) Phantom: 1 encountered, 0 discovered, 0 enqueued
[2024-07-24T23:00:56.248+0800][16.669s][gc,reloc    ] GC(215) Small Pages: 2 / 4M, Empty: 2M, Relocated: 0M, In-Place: 0
[2024-07-24T23:00:56.248+0800][16.669s][gc,reloc    ] GC(215) Medium Pages: 0 / 0M, Empty: 0M, Relocated: 0M, In-Place: 0
[2024-07-24T23:00:56.248+0800][16.669s][gc,reloc    ] GC(215) Large Pages: 62 / 124M, Empty: 120M, Relocated: 0M, In-Place: 0
[2024-07-24T23:00:56.248+0800][16.669s][gc,reloc    ] GC(215) Forwarding Usage: 0M
[2024-07-24T23:00:56.248+0800][16.669s][gc,heap     ] GC(215) Min Capacity: 8M(6%)
[2024-07-24T23:00:56.248+0800][16.669s][gc,heap     ] GC(215) Max Capacity: 128M(100%)
[2024-07-24T23:00:56.248+0800][16.669s][gc,heap     ] GC(215) Soft Max Capacity: 128M(100%)
[2024-07-24T23:00:56.248+0800][16.669s][gc,heap     ] GC(215)                Mark Start          Mark End        Relocate Start      Relocate End           High               Low         
[2024-07-24T23:00:56.248+0800][16.669s][gc,heap     ] GC(215)  Capacity:      128M (100%)        128M (100%)        128M (100%)        128M (100%)        128M (100%)        128M (100%)   
[2024-07-24T23:00:56.248+0800][16.669s][gc,heap     ] GC(215)      Free:        0M (0%)            0M (0%)          116M (91%)         116M (91%)         122M (95%)           0M (0%)     
[2024-07-24T23:00:56.248+0800][16.669s][gc,heap     ] GC(215)      Used:      128M (100%)        128M (100%)         12M (9%)           12M (9%)          128M (100%)          6M (5%)     
[2024-07-24T23:00:56.248+0800][16.669s][gc,heap     ] GC(215)      Live:         -                 5M (4%)            5M (4%)            5M (4%)             -                  -          
[2024-07-24T23:00:56.248+0800][16.669s][gc,heap     ] GC(215) Allocated:         -                 0M (0%)            6M (5%)            6M (5%)             -                  -          
[2024-07-24T23:00:56.248+0800][16.669s][gc,heap     ] GC(215)   Garbage:         -               122M (96%)           0M (1%)            0M (1%)             -                  -          
[2024-07-24T23:00:56.248+0800][16.670s][gc,heap     ] GC(215) Reclaimed:         -                  -               122M (95%)         122M (95%)            -                  -          
[2024-07-24T23:00:56.248+0800][16.670s][gc          ] GC(215) Garbage Collection (Allocation Rate) 128M(100%)->12M(9%)
[2024-07-24T23:00:56.337+0800][16.758s][gc,start    ] GC(216) Garbage Collection (Allocation Stall)
[2024-07-24T23:00:56.337+0800][16.758s][gc,ref      ] GC(216) Clearing All SoftReferences
[2024-07-24T23:00:56.337+0800][16.759s][gc,task     ] GC(216) Using 1 workers
[2024-07-24T23:00:56.338+0800][16.759s][gc,ref      ] GC(216) Clearing All SoftReferences
[2024-07-24T23:00:56.338+0800][16.759s][gc,phases   ] GC(216) Pause Mark Start 0.078ms
[2024-07-24T23:00:56.340+0800][16.761s][gc,phases   ] GC(216) Concurrent Mark 2.354ms
[2024-07-24T23:00:56.340+0800][16.762s][gc,phases   ] GC(216) Pause Mark End 0.008ms
[2024-07-24T23:00:56.340+0800][16.762s][gc,phases   ] GC(216) Concurrent Mark Free 0.001ms
[2024-07-24T23:00:56.341+0800][16.763s][gc,phases   ] GC(216) Concurrent Process Non-Strong References 0.923ms
[2024-07-24T23:00:56.341+0800][16.763s][gc,phases   ] GC(216) Concurrent Reset Relocation Set 0.000ms
[2024-07-24T23:00:56.343+0800][16.764s][gc,phases   ] GC(216) Concurrent Select Relocation Set 1.421ms
[2024-07-24T23:00:56.343+0800][16.764s][gc,phases   ] GC(216) Pause Relocate Start 0.003ms
[2024-07-24T23:00:56.343+0800][16.765s][gc,phases   ] GC(216) Concurrent Relocate 0.108ms
[2024-07-24T23:00:56.343+0800][16.765s][gc,load     ] GC(216) Load: 0.00/0.00/0.00
[2024-07-24T23:00:56.343+0800][16.765s][gc,mmu      ] GC(216) MMU: 2ms/94.0%, 5ms/97.6%, 10ms/98.7%, 20ms/99.2%, 50ms/99.7%, 100ms/99.8%
[2024-07-24T23:00:56.343+0800][16.765s][gc,marking  ] GC(216) Mark: 1 stripe(s), 2 proactive flush(es), 1 terminate flush(es), 0 completion(s), 0 continuation(s) 
[2024-07-24T23:00:56.343+0800][16.765s][gc,marking  ] GC(216) Mark Stack Usage: 32M
[2024-07-24T23:00:56.343+0800][16.765s][gc,nmethod  ] GC(216) NMethods: 313 registered, 0 unregistered
[2024-07-24T23:00:56.343+0800][16.765s][gc,metaspace] GC(216) Metaspace: 0M used, 0M committed, 1088M reserved
[2024-07-24T23:00:56.343+0800][16.765s][gc,ref      ] GC(216) Soft: 62 encountered, 35 discovered, 0 enqueued
[2024-07-24T23:00:56.343+0800][16.765s][gc,ref      ] GC(216) Weak: 187 encountered, 170 discovered, 0 enqueued
[2024-07-24T23:00:56.343+0800][16.765s][gc,ref      ] GC(216) Final: 0 encountered, 0 discovered, 0 enqueued
[2024-07-24T23:00:56.343+0800][16.765s][gc,ref      ] GC(216) Phantom: 1 encountered, 0 discovered, 0 enqueued
[2024-07-24T23:00:56.343+0800][16.765s][gc,reloc    ] GC(216) Small Pages: 2 / 4M, Empty: 2M, Relocated: 0M, In-Place: 0
[2024-07-24T23:00:56.344+0800][16.765s][gc,reloc    ] GC(216) Medium Pages: 0 / 0M, Empty: 0M, Relocated: 0M, In-Place: 0
[2024-07-24T23:00:56.344+0800][16.765s][gc,reloc    ] GC(216) Large Pages: 55 / 110M, Empty: 108M, Relocated: 0M, In-Place: 0
[2024-07-24T23:00:56.344+0800][16.765s][gc,reloc    ] GC(216) Forwarding Usage: 0M
[2024-07-24T23:00:56.344+0800][16.765s][gc,heap     ] GC(216) Min Capacity: 8M(6%)
[2024-07-24T23:00:56.344+0800][16.765s][gc,heap     ] GC(216) Max Capacity: 128M(100%)
[2024-07-24T23:00:56.344+0800][16.765s][gc,heap     ] GC(216) Soft Max Capacity: 128M(100%)
[2024-07-24T23:00:56.344+0800][16.765s][gc,heap     ] GC(216)                Mark Start          Mark End        Relocate Start      Relocate End           High               Low         
[2024-07-24T23:00:56.344+0800][16.765s][gc,heap     ] GC(216)  Capacity:      128M (100%)        128M (100%)        128M (100%)        128M (100%)        128M (100%)        128M (100%)   
[2024-07-24T23:00:56.344+0800][16.765s][gc,heap     ] GC(216)      Free:       14M (11%)           2M (2%)          112M (88%)         112M (88%)         112M (88%)           2M (2%)     
[2024-07-24T23:00:56.344+0800][16.765s][gc,heap     ] GC(216)      Used:      114M (89%)         126M (98%)          16M (12%)          16M (12%)         126M (98%)          16M (12%)    
[2024-07-24T23:00:56.344+0800][16.765s][gc,heap     ] GC(216)      Live:         -                 3M (3%)            3M (3%)            3M (3%)             -                  -          
[2024-07-24T23:00:56.344+0800][16.765s][gc,heap     ] GC(216) Allocated:         -                12M (9%)           12M (9%)           12M (9%)             -                  -          
[2024-07-24T23:00:56.344+0800][16.765s][gc,heap     ] GC(216)   Garbage:         -               110M (87%)           0M (1%)            0M (1%)             -                  -          
[2024-07-24T23:00:56.344+0800][16.765s][gc,heap     ] GC(216) Reclaimed:         -                  -               110M (86%)         110M (86%)            -                  -          
[2024-07-24T23:00:56.344+0800][16.765s][gc          ] GC(216) Garbage Collection (Allocation Stall) 114M(89%)->16M(12%)
[2024-07-24T23:00:56.433+0800][16.854s][gc,start    ] GC(217) Garbage Collection (Allocation Stall)
[2024-07-24T23:00:56.433+0800][16.854s][gc,ref      ] GC(217) Clearing All SoftReferences
[2024-07-24T23:00:56.433+0800][16.854s][gc,task     ] GC(217) Using 1 workers
[2024-07-24T23:00:56.433+0800][16.855s][gc,ref      ] GC(217) Clearing All SoftReferences
[2024-07-24T23:00:56.433+0800][16.855s][gc,phases   ] GC(217) Pause Mark Start 0.034ms
[2024-07-24T23:00:56.435+0800][16.857s][gc,phases   ] GC(217) Concurrent Mark 2.153ms
[2024-07-24T23:00:56.435+0800][16.857s][gc,phases   ] GC(217) Pause Mark End 0.005ms
[2024-07-24T23:00:56.436+0800][16.857s][gc,phases   ] GC(217) Concurrent Mark Free 0.001ms
[2024-07-24T23:00:56.436+0800][16.858s][gc,phases   ] GC(217) Concurrent Process Non-Strong References 0.914ms
[2024-07-24T23:00:56.436+0800][16.858s][gc,phases   ] GC(217) Concurrent Reset Relocation Set 0.000ms
[2024-07-24T23:00:56.438+0800][16.860s][gc          ] Allocation Stall (main) 5.519ms
[2024-07-24T23:00:56.438+0800][16.860s][gc,phases   ] GC(217) Concurrent Select Relocation Set 1.672ms
[2024-07-24T23:00:56.438+0800][16.860s][gc,phases   ] GC(217) Pause Relocate Start 0.004ms
[2024-07-24T23:00:56.439+0800][16.860s][gc,phases   ] GC(217) Concurrent Relocate 0.113ms
[2024-07-24T23:00:56.439+0800][16.860s][gc,load     ] GC(217) Load: 0.00/0.00/0.00
[2024-07-24T23:00:56.439+0800][16.860s][gc,mmu      ] GC(217) MMU: 2ms/94.0%, 5ms/97.6%, 10ms/98.7%, 20ms/99.2%, 50ms/99.7%, 100ms/99.8%
[2024-07-24T23:00:56.439+0800][16.860s][gc,marking  ] GC(217) Mark: 1 stripe(s), 1 proactive flush(es), 1 terminate flush(es), 0 completion(s), 0 continuation(s) 
[2024-07-24T23:00:56.439+0800][16.860s][gc,marking  ] GC(217) Mark Stack Usage: 32M
[2024-07-24T23:00:56.439+0800][16.861s][gc,nmethod  ] GC(217) NMethods: 313 registered, 0 unregistered
[2024-07-24T23:00:56.439+0800][16.861s][gc,metaspace] GC(217) Metaspace: 0M used, 0M committed, 1088M reserved
[2024-07-24T23:00:56.439+0800][16.861s][gc,ref      ] GC(217) Soft: 62 encountered, 37 discovered, 0 enqueued
[2024-07-24T23:00:56.439+0800][16.861s][gc,ref      ] GC(217) Weak: 187 encountered, 170 discovered, 0 enqueued
[2024-07-24T23:00:56.439+0800][16.861s][gc,ref      ] GC(217) Final: 0 encountered, 0 discovered, 0 enqueued
[2024-07-24T23:00:56.439+0800][16.861s][gc,ref      ] GC(217) Phantom: 1 encountered, 0 discovered, 0 enqueued
[2024-07-24T23:00:56.439+0800][16.861s][gc,reloc    ] GC(217) Small Pages: 2 / 4M, Empty: 2M, Relocated: 0M, In-Place: 0
[2024-07-24T23:00:56.439+0800][16.861s][gc,reloc    ] GC(217) Medium Pages: 0 / 0M, Empty: 0M, Relocated: 0M, In-Place: 0
[2024-07-24T23:00:56.439+0800][16.861s][gc,reloc    ] GC(217) Large Pages: 62 / 124M, Empty: 92M, Relocated: 0M, In-Place: 0
[2024-07-24T23:00:56.439+0800][16.861s][gc,reloc    ] GC(217) Forwarding Usage: 0M
[2024-07-24T23:00:56.439+0800][16.861s][gc,heap     ] GC(217) Min Capacity: 8M(6%)
[2024-07-24T23:00:56.439+0800][16.861s][gc,heap     ] GC(217) Max Capacity: 128M(100%)
[2024-07-24T23:00:56.439+0800][16.861s][gc,heap     ] GC(217) Soft Max Capacity: 128M(100%)
[2024-07-24T23:00:56.439+0800][16.861s][gc,heap     ] GC(217)                Mark Start          Mark End        Relocate Start      Relocate End           High               Low         
[2024-07-24T23:00:56.439+0800][16.861s][gc,heap     ] GC(217)  Capacity:      128M (100%)        128M (100%)        128M (100%)        128M (100%)        128M (100%)        128M (100%)   
[2024-07-24T23:00:56.439+0800][16.861s][gc,heap     ] GC(217)      Free:        0M (0%)            0M (0%)           88M (69%)          84M (66%)          94M (73%)           0M (0%)     
[2024-07-24T23:00:56.439+0800][16.861s][gc,heap     ] GC(217)      Used:      128M (100%)        128M (100%)         40M (31%)          44M (34%)         128M (100%)         34M (27%)    
[2024-07-24T23:00:56.439+0800][16.861s][gc,heap     ] GC(217)      Live:         -                33M (26%)          33M (26%)          33M (26%)            -                  -          
[2024-07-24T23:00:56.439+0800][16.861s][gc,heap     ] GC(217) Allocated:         -                 0M (0%)            6M (5%)           10M (8%)             -                  -          
[2024-07-24T23:00:56.439+0800][16.861s][gc,heap     ] GC(217)   Garbage:         -                94M (74%)           0M (1%)            0M (1%)             -                  -          
[2024-07-24T23:00:56.439+0800][16.861s][gc,heap     ] GC(217) Reclaimed:         -                  -                94M (73%)          94M (73%)            -                  -          
[2024-07-24T23:00:56.439+0800][16.861s][gc          ] GC(217) Garbage Collection (Allocation Stall) 128M(100%)->44M(34%)
[2024-07-24T23:00:56.447+0800][16.869s][gc,start    ] GC(218) Garbage Collection (Allocation Rate)
[2024-07-24T23:00:56.447+0800][16.869s][gc,task     ] GC(218) Using 1 workers
[2024-07-24T23:00:56.447+0800][16.869s][gc,phases   ] GC(218) Pause Mark Start 0.009ms
[2024-07-24T23:00:56.449+0800][16.871s][gc,phases   ] GC(218) Concurrent Mark 2.220ms
[2024-07-24T23:00:56.450+0800][16.871s][gc,phases   ] GC(218) Pause Mark End 0.008ms
[2024-07-24T23:00:56.450+0800][16.871s][gc,phases   ] GC(218) Concurrent Mark Free 0.001ms
[2024-07-24T23:00:56.451+0800][16.872s][gc,phases   ] GC(218) Concurrent Process Non-Strong References 0.886ms
[2024-07-24T23:00:56.451+0800][16.872s][gc,phases   ] GC(218) Concurrent Reset Relocation Set 0.000ms
[2024-07-24T23:00:56.453+0800][16.874s][gc,phases   ] GC(218) Concurrent Select Relocation Set 2.071ms
[2024-07-24T23:00:56.453+0800][16.875s][gc,phases   ] GC(218) Pause Relocate Start 0.006ms
[2024-07-24T23:00:56.454+0800][16.876s][gc,phases   ] GC(218) Concurrent Relocate 0.984ms
[2024-07-24T23:00:56.454+0800][16.876s][gc,load     ] GC(218) Load: 0.00/0.00/0.00
[2024-07-24T23:00:56.454+0800][16.876s][gc,mmu      ] GC(218) MMU: 2ms/94.0%, 5ms/97.6%, 10ms/98.7%, 20ms/99.2%, 50ms/99.7%, 100ms/99.8%
[2024-07-24T23:00:56.454+0800][16.876s][gc,marking  ] GC(218) Mark: 1 stripe(s), 1 proactive flush(es), 1 terminate flush(es), 0 completion(s), 0 continuation(s) 
[2024-07-24T23:00:56.454+0800][16.876s][gc,marking  ] GC(218) Mark Stack Usage: 32M
[2024-07-24T23:00:56.454+0800][16.876s][gc,nmethod  ] GC(218) NMethods: 313 registered, 0 unregistered
[2024-07-24T23:00:56.454+0800][16.876s][gc,metaspace] GC(218) Metaspace: 0M used, 0M committed, 1088M reserved
[2024-07-24T23:00:56.454+0800][16.876s][gc,ref      ] GC(218) Soft: 62 encountered, 0 discovered, 0 enqueued
[2024-07-24T23:00:56.454+0800][16.876s][gc,ref      ] GC(218) Weak: 187 encountered, 170 discovered, 0 enqueued
[2024-07-24T23:00:56.454+0800][16.876s][gc,ref      ] GC(218) Final: 0 encountered, 0 discovered, 0 enqueued
[2024-07-24T23:00:56.454+0800][16.876s][gc,ref      ] GC(218) Phantom: 1 encountered, 0 discovered, 0 enqueued
[2024-07-24T23:00:56.454+0800][16.876s][gc,reloc    ] GC(218) Small Pages: 2 / 4M, Empty: 0M, Relocated: 1M, In-Place: 0
[2024-07-24T23:00:56.454+0800][16.876s][gc,reloc    ] GC(218) Medium Pages: 0 / 0M, Empty: 0M, Relocated: 0M, In-Place: 0
[2024-07-24T23:00:56.454+0800][16.876s][gc,reloc    ] GC(218) Large Pages: 20 / 40M, Empty: 40M, Relocated: 0M, In-Place: 0
[2024-07-24T23:00:56.454+0800][16.876s][gc,reloc    ] GC(218) Forwarding Usage: 0M
[2024-07-24T23:00:56.454+0800][16.876s][gc,heap     ] GC(218) Min Capacity: 8M(6%)
[2024-07-24T23:00:56.454+0800][16.876s][gc,heap     ] GC(218) Max Capacity: 128M(100%)
[2024-07-24T23:00:56.454+0800][16.876s][gc,heap     ] GC(218) Soft Max Capacity: 128M(100%)
[2024-07-24T23:00:56.454+0800][16.876s][gc,heap     ] GC(218)                Mark Start          Mark End        Relocate Start      Relocate End           High               Low         
[2024-07-24T23:00:56.454+0800][16.876s][gc,heap     ] GC(218)  Capacity:      128M (100%)        128M (100%)        128M (100%)        128M (100%)        128M (100%)        128M (100%)   
[2024-07-24T23:00:56.454+0800][16.876s][gc,heap     ] GC(218)      Free:       84M (66%)          84M (66%)         124M (97%)         126M (98%)         126M (98%)          84M (66%)    
[2024-07-24T23:00:56.454+0800][16.876s][gc,heap     ] GC(218)      Used:       44M (34%)          44M (34%)           4M (3%)            2M (2%)           44M (34%)           2M (2%)     
[2024-07-24T23:00:56.454+0800][16.876s][gc,heap     ] GC(218)      Live:         -                 1M (1%)            1M (1%)            1M (1%)             -                  -          
[2024-07-24T23:00:56.454+0800][16.876s][gc,heap     ] GC(218) Allocated:         -                 0M (0%)            0M (0%)            0M (0%)             -                  -          
[2024-07-24T23:00:56.454+0800][16.876s][gc,heap     ] GC(218)   Garbage:         -                42M (33%)           2M (2%)            0M (1%)             -                  -          
[2024-07-24T23:00:56.454+0800][16.876s][gc,heap     ] GC(218) Reclaimed:         -                  -                40M (31%)          42M (33%)            -                  -          
[2024-07-24T23:00:56.454+0800][16.876s][gc          ] GC(218) Garbage Collection (Allocation Rate) 44M(34%)->2M(2%)
[2024-07-24T23:00:56.541+0800][16.962s][gc,start    ] GC(219) Garbage Collection (Allocation Rate)
[2024-07-24T23:00:56.541+0800][16.962s][gc,task     ] GC(219) Using 1 workers
[2024-07-24T23:00:56.541+0800][16.962s][gc,phases   ] GC(219) Pause Mark Start 0.008ms
[2024-07-24T23:00:56.544+0800][16.966s][gc,phases   ] GC(219) Concurrent Mark 3.300ms
[2024-07-24T23:00:56.544+0800][16.966s][gc,phases   ] GC(219) Pause Mark End 0.016ms
[2024-07-24T23:00:56.544+0800][16.966s][gc,phases   ] GC(219) Concurrent Mark Free 0.001ms
[2024-07-24T23:00:56.545+0800][16.967s][gc,phases   ] GC(219) Concurrent Process Non-Strong References 0.896ms
[2024-07-24T23:00:56.545+0800][16.967s][gc,phases   ] GC(219) Concurrent Reset Relocation Set 0.001ms
[2024-07-24T23:00:56.547+0800][16.969s][gc,phases   ] GC(219) Concurrent Select Relocation Set 1.984ms
[2024-07-24T23:00:56.548+0800][16.969s][gc,phases   ] GC(219) Pause Relocate Start 0.008ms
[2024-07-24T23:00:56.548+0800][16.970s][gc,phases   ] GC(219) Concurrent Relocate 0.100ms
[2024-07-24T23:00:56.548+0800][16.970s][gc,load     ] GC(219) Load: 0.00/0.00/0.00
[2024-07-24T23:00:56.548+0800][16.970s][gc,mmu      ] GC(219) MMU: 2ms/94.0%, 5ms/97.6%, 10ms/98.7%, 20ms/99.2%, 50ms/99.7%, 100ms/99.8%
[2024-07-24T23:00:56.548+0800][16.970s][gc,marking  ] GC(219) Mark: 1 stripe(s), 2 proactive flush(es), 1 terminate flush(es), 0 completion(s), 0 continuation(s) 
[2024-07-24T23:00:56.548+0800][16.970s][gc,marking  ] GC(219) Mark Stack Usage: 32M
[2024-07-24T23:00:56.548+0800][16.970s][gc,nmethod  ] GC(219) NMethods: 313 registered, 0 unregistered
[2024-07-24T23:00:56.548+0800][16.970s][gc,metaspace] GC(219) Metaspace: 0M used, 0M committed, 1088M reserved
[2024-07-24T23:00:56.548+0800][16.970s][gc,ref      ] GC(219) Soft: 62 encountered, 0 discovered, 0 enqueued
[2024-07-24T23:00:56.548+0800][16.970s][gc,ref      ] GC(219) Weak: 187 encountered, 170 discovered, 0 enqueued
[2024-07-24T23:00:56.548+0800][16.970s][gc,ref      ] GC(219) Final: 0 encountered, 0 discovered, 0 enqueued
[2024-07-24T23:00:56.548+0800][16.970s][gc,ref      ] GC(219) Phantom: 1 encountered, 0 discovered, 0 enqueued
[2024-07-24T23:00:56.548+0800][16.970s][gc,reloc    ] GC(219) Small Pages: 2 / 4M, Empty: 2M, Relocated: 0M, In-Place: 0
[2024-07-24T23:00:56.548+0800][16.970s][gc,reloc    ] GC(219) Medium Pages: 0 / 0M, Empty: 0M, Relocated: 0M, In-Place: 0
[2024-07-24T23:00:56.548+0800][16.970s][gc,reloc    ] GC(219) Large Pages: 52 / 104M, Empty: 102M, Relocated: 0M, In-Place: 0
[2024-07-24T23:00:56.548+0800][16.970s][gc,reloc    ] GC(219) Forwarding Usage: 0M
[2024-07-24T23:00:56.548+0800][16.970s][gc,heap     ] GC(219) Min Capacity: 8M(6%)
[2024-07-24T23:00:56.548+0800][16.970s][gc,heap     ] GC(219) Max Capacity: 128M(100%)
[2024-07-24T23:00:56.548+0800][16.970s][gc,heap     ] GC(219) Soft Max Capacity: 128M(100%)
[2024-07-24T23:00:56.548+0800][16.970s][gc,heap     ] GC(219)                Mark Start          Mark End        Relocate Start      Relocate End           High               Low         
[2024-07-24T23:00:56.548+0800][16.970s][gc,heap     ] GC(219)  Capacity:      128M (100%)        128M (100%)        128M (100%)        128M (100%)        128M (100%)        128M (100%)   
[2024-07-24T23:00:56.548+0800][16.970s][gc,heap     ] GC(219)      Free:       20M (16%)           2M (2%)          106M (83%)         106M (83%)         106M (83%)           2M (2%)     
[2024-07-24T23:00:56.548+0800][16.970s][gc,heap     ] GC(219)      Used:      108M (84%)         126M (98%)          22M (17%)          22M (17%)         126M (98%)          22M (17%)    
[2024-07-24T23:00:56.548+0800][16.970s][gc,heap     ] GC(219)      Live:         -                 3M (3%)            3M (3%)            3M (3%)             -                  -          
[2024-07-24T23:00:56.548+0800][16.970s][gc,heap     ] GC(219) Allocated:         -                18M (14%)          18M (14%)          18M (14%)            -                  -          
[2024-07-24T23:00:56.548+0800][16.970s][gc,heap     ] GC(219)   Garbage:         -               104M (82%)           0M (1%)            0M (1%)             -                  -          
[2024-07-24T23:00:56.548+0800][16.970s][gc,heap     ] GC(219) Reclaimed:         -                  -               104M (81%)         104M (81%)            -                  -          
[2024-07-24T23:00:56.548+0800][16.970s][gc          ] GC(219) Garbage Collection (Allocation Rate) 108M(84%)->22M(17%)
[2024-07-24T23:00:56.635+0800][17.056s][gc,start    ] GC(220) Garbage Collection (Allocation Rate)
[2024-07-24T23:00:56.635+0800][17.057s][gc,task     ] GC(220) Using 1 workers
[2024-07-24T23:00:56.636+0800][17.057s][gc,phases   ] GC(220) Pause Mark Start 0.008ms
[2024-07-24T23:00:56.638+0800][17.060s][gc,phases   ] GC(220) Concurrent Mark 2.307ms
[2024-07-24T23:00:56.639+0800][17.060s][gc,phases   ] GC(220) Pause Mark End 0.005ms
[2024-07-24T23:00:56.639+0800][17.060s][gc,phases   ] GC(220) Concurrent Mark Free 0.001ms
[2024-07-24T23:00:56.640+0800][17.061s][gc,phases   ] GC(220) Concurrent Process Non-Strong References 0.907ms
[2024-07-24T23:00:56.640+0800][17.061s][gc,phases   ] GC(220) Concurrent Reset Relocation Set 0.000ms
[2024-07-24T23:00:56.642+0800][17.063s][gc          ] Allocation Stall (main) 5.030ms
[2024-07-24T23:00:56.642+0800][17.063s][gc,phases   ] GC(220) Concurrent Select Relocation Set 1.877ms
[2024-07-24T23:00:56.642+0800][17.063s][gc,phases   ] GC(220) Pause Relocate Start 0.005ms
[2024-07-24T23:00:56.642+0800][17.064s][gc,phases   ] GC(220) Concurrent Relocate 0.025ms
[2024-07-24T23:00:56.642+0800][17.064s][gc,load     ] GC(220) Load: 0.00/0.00/0.00
[2024-07-24T23:00:56.642+0800][17.064s][gc,mmu      ] GC(220) MMU: 2ms/94.0%, 5ms/97.6%, 10ms/98.7%, 20ms/99.2%, 50ms/99.7%, 100ms/99.8%
[2024-07-24T23:00:56.642+0800][17.064s][gc,marking  ] GC(220) Mark: 1 stripe(s), 2 proactive flush(es), 1 terminate flush(es), 0 completion(s), 0 continuation(s) 
[2024-07-24T23:00:56.642+0800][17.064s][gc,marking  ] GC(220) Mark Stack Usage: 32M
[2024-07-24T23:00:56.642+0800][17.064s][gc,nmethod  ] GC(220) NMethods: 313 registered, 0 unregistered
[2024-07-24T23:00:56.642+0800][17.064s][gc,metaspace] GC(220) Metaspace: 0M used, 0M committed, 1088M reserved
[2024-07-24T23:00:56.642+0800][17.064s][gc,ref      ] GC(220) Soft: 62 encountered, 0 discovered, 0 enqueued
[2024-07-24T23:00:56.642+0800][17.064s][gc,ref      ] GC(220) Weak: 187 encountered, 170 discovered, 0 enqueued
[2024-07-24T23:00:56.642+0800][17.064s][gc,ref      ] GC(220) Final: 0 encountered, 0 discovered, 0 enqueued
[2024-07-24T23:00:56.642+0800][17.064s][gc,ref      ] GC(220) Phantom: 1 encountered, 0 discovered, 0 enqueued
[2024-07-24T23:00:56.642+0800][17.064s][gc,reloc    ] GC(220) Small Pages: 2 / 4M, Empty: 2M, Relocated: 0M, In-Place: 0
[2024-07-24T23:00:56.642+0800][17.064s][gc,reloc    ] GC(220) Medium Pages: 0 / 0M, Empty: 0M, Relocated: 0M, In-Place: 0
[2024-07-24T23:00:56.642+0800][17.064s][gc,reloc    ] GC(220) Large Pages: 62 / 124M, Empty: 98M, Relocated: 0M, In-Place: 0
[2024-07-24T23:00:56.642+0800][17.064s][gc,reloc    ] GC(220) Forwarding Usage: 0M
[2024-07-24T23:00:56.642+0800][17.064s][gc,heap     ] GC(220) Min Capacity: 8M(6%)
[2024-07-24T23:00:56.642+0800][17.064s][gc,heap     ] GC(220) Max Capacity: 128M(100%)
[2024-07-24T23:00:56.642+0800][17.064s][gc,heap     ] GC(220) Soft Max Capacity: 128M(100%)
[2024-07-24T23:00:56.642+0800][17.064s][gc,heap     ] GC(220)                Mark Start          Mark End        Relocate Start      Relocate End           High               Low         
[2024-07-24T23:00:56.642+0800][17.064s][gc,heap     ] GC(220)  Capacity:      128M (100%)        128M (100%)        128M (100%)        128M (100%)        128M (100%)        128M (100%)   
[2024-07-24T23:00:56.642+0800][17.064s][gc,heap     ] GC(220)      Free:        0M (0%)            0M (0%)           98M (77%)          98M (77%)         100M (78%)           0M (0%)     
[2024-07-24T23:00:56.642+0800][17.064s][gc,heap     ] GC(220)      Used:      128M (100%)        128M (100%)         30M (23%)          30M (23%)         128M (100%)         28M (22%)    
[2024-07-24T23:00:56.642+0800][17.064s][gc,heap     ] GC(220)      Live:         -                27M (21%)          27M (21%)          27M (21%)            -                  -          
[2024-07-24T23:00:56.642+0800][17.064s][gc,heap     ] GC(220) Allocated:         -                 0M (0%)            2M (2%)            2M (2%)             -                  -          
[2024-07-24T23:00:56.642+0800][17.064s][gc,heap     ] GC(220)   Garbage:         -               100M (79%)           0M (1%)            0M (1%)             -                  -          
[2024-07-24T23:00:56.642+0800][17.064s][gc,heap     ] GC(220) Reclaimed:         -                  -               100M (78%)         100M (78%)            -                  -          
[2024-07-24T23:00:56.642+0800][17.064s][gc          ] GC(220) Garbage Collection (Allocation Rate) 128M(100%)->30M(23%)
[2024-07-24T23:00:56.728+0800][17.150s][gc,start    ] GC(221) Garbage Collection (Allocation Stall)
[2024-07-24T23:00:56.728+0800][17.150s][gc,ref      ] GC(221) Clearing All SoftReferences
[2024-07-24T23:00:56.728+0800][17.150s][gc,task     ] GC(221) Using 1 workers
[2024-07-24T23:00:56.729+0800][17.150s][gc,ref      ] GC(221) Clearing All SoftReferences
[2024-07-24T23:00:56.729+0800][17.150s][gc,phases   ] GC(221) Pause Mark Start 0.056ms
[2024-07-24T23:00:56.731+0800][17.152s][gc,phases   ] GC(221) Concurrent Mark 2.058ms
[2024-07-24T23:00:56.731+0800][17.153s][gc,phases   ] GC(221) Pause Mark End 0.009ms
[2024-07-24T23:00:56.731+0800][17.153s][gc,phases   ] GC(221) Concurrent Mark Free 0.001ms
[2024-07-24T23:00:56.732+0800][17.154s][gc,phases   ] GC(221) Concurrent Process Non-Strong References 0.957ms
[2024-07-24T23:00:56.732+0800][17.154s][gc,phases   ] GC(221) Concurrent Reset Relocation Set 0.000ms
[2024-07-24T23:00:56.734+0800][17.155s][gc          ] Allocation Stall (main) 5.338ms
[2024-07-24T23:00:56.734+0800][17.155s][gc,phases   ] GC(221) Concurrent Select Relocation Set 1.404ms
[2024-07-24T23:00:56.734+0800][17.155s][gc,phases   ] GC(221) Pause Relocate Start 0.005ms
[2024-07-24T23:00:56.734+0800][17.156s][gc,phases   ] GC(221) Concurrent Relocate 0.107ms
[2024-07-24T23:00:56.734+0800][17.156s][gc,load     ] GC(221) Load: 0.00/0.00/0.00
[2024-07-24T23:00:56.734+0800][17.156s][gc,mmu      ] GC(221) MMU: 2ms/94.0%, 5ms/97.6%, 10ms/98.7%, 20ms/99.2%, 50ms/99.7%, 100ms/99.8%
[2024-07-24T23:00:56.734+0800][17.156s][gc,marking  ] GC(221) Mark: 1 stripe(s), 1 proactive flush(es), 1 terminate flush(es), 0 completion(s), 0 continuation(s) 
[2024-07-24T23:00:56.734+0800][17.156s][gc,marking  ] GC(221) Mark Stack Usage: 32M
[2024-07-24T23:00:56.734+0800][17.156s][gc,nmethod  ] GC(221) NMethods: 313 registered, 0 unregistered
[2024-07-24T23:00:56.734+0800][17.156s][gc,metaspace] GC(221) Metaspace: 0M used, 0M committed, 1088M reserved
[2024-07-24T23:00:56.734+0800][17.156s][gc,ref      ] GC(221) Soft: 62 encountered, 37 discovered, 0 enqueued
[2024-07-24T23:00:56.734+0800][17.156s][gc,ref      ] GC(221) Weak: 187 encountered, 170 discovered, 0 enqueued
[2024-07-24T23:00:56.734+0800][17.156s][gc,ref      ] GC(221) Final: 0 encountered, 0 discovered, 0 enqueued
[2024-07-24T23:00:56.734+0800][17.156s][gc,ref      ] GC(221) Phantom: 1 encountered, 0 discovered, 0 enqueued
[2024-07-24T23:00:56.734+0800][17.156s][gc,reloc    ] GC(221) Small Pages: 2 / 4M, Empty: 2M, Relocated: 0M, In-Place: 0
[2024-07-24T23:00:56.734+0800][17.156s][gc,reloc    ] GC(221) Medium Pages: 0 / 0M, Empty: 0M, Relocated: 0M, In-Place: 0
[2024-07-24T23:00:56.734+0800][17.156s][gc,reloc    ] GC(221) Large Pages: 62 / 124M, Empty: 120M, Relocated: 0M, In-Place: 0
[2024-07-24T23:00:56.734+0800][17.156s][gc,reloc    ] GC(221) Forwarding Usage: 0M
[2024-07-24T23:00:56.734+0800][17.156s][gc,heap     ] GC(221) Min Capacity: 8M(6%)
[2024-07-24T23:00:56.734+0800][17.156s][gc,heap     ] GC(221) Max Capacity: 128M(100%)
[2024-07-24T23:00:56.734+0800][17.156s][gc,heap     ] GC(221) Soft Max Capacity: 128M(100%)
[2024-07-24T23:00:56.734+0800][17.156s][gc,heap     ] GC(221)                Mark Start          Mark End        Relocate Start      Relocate End           High               Low         
[2024-07-24T23:00:56.734+0800][17.156s][gc,heap     ] GC(221)  Capacity:      128M (100%)        128M (100%)        128M (100%)        128M (100%)        128M (100%)        128M (100%)   
[2024-07-24T23:00:56.734+0800][17.156s][gc,heap     ] GC(221)      Free:        0M (0%)            0M (0%)          118M (92%)         114M (89%)         122M (95%)           0M (0%)     
[2024-07-24T23:00:56.734+0800][17.156s][gc,heap     ] GC(221)      Used:      128M (100%)        128M (100%)         10M (8%)           14M (11%)         128M (100%)          6M (5%)     
[2024-07-24T23:00:56.734+0800][17.156s][gc,heap     ] GC(221)      Live:         -                 5M (4%)            5M (4%)            5M (4%)             -                  -          
[2024-07-24T23:00:56.734+0800][17.156s][gc,heap     ] GC(221) Allocated:         -                 0M (0%)            4M (3%)            8M (6%)             -                  -          
[2024-07-24T23:00:56.734+0800][17.156s][gc,heap     ] GC(221)   Garbage:         -               122M (96%)           0M (1%)            0M (1%)             -                  -          
[2024-07-24T23:00:56.734+0800][17.156s][gc,heap     ] GC(221) Reclaimed:         -                  -               122M (95%)         122M (95%)            -                  -          
[2024-07-24T23:00:56.735+0800][17.156s][gc          ] GC(221) Garbage Collection (Allocation Stall) 128M(100%)->14M(11%)
[2024-07-24T23:00:56.744+0800][17.165s][gc,start    ] GC(222) Garbage Collection (Allocation Rate)
[2024-07-24T23:00:56.744+0800][17.166s][gc,task     ] GC(222) Using 1 workers
[2024-07-24T23:00:56.744+0800][17.166s][gc,phases   ] GC(222) Pause Mark Start 0.010ms
[2024-07-24T23:00:56.747+0800][17.168s][gc,phases   ] GC(222) Concurrent Mark 2.452ms
[2024-07-24T23:00:56.747+0800][17.169s][gc,phases   ] GC(222) Pause Mark End 0.033ms
[2024-07-24T23:00:56.747+0800][17.169s][gc,phases   ] GC(222) Concurrent Mark Free 0.001ms
[2024-07-24T23:00:56.748+0800][17.170s][gc,phases   ] GC(222) Concurrent Process Non-Strong References 0.970ms
[2024-07-24T23:00:56.748+0800][17.170s][gc,phases   ] GC(222) Concurrent Reset Relocation Set 0.000ms
[2024-07-24T23:00:56.750+0800][17.171s][gc,phases   ] GC(222) Concurrent Select Relocation Set 1.663ms
[2024-07-24T23:00:56.750+0800][17.172s][gc,phases   ] GC(222) Pause Relocate Start 0.006ms
[2024-07-24T23:00:56.751+0800][17.173s][gc,phases   ] GC(222) Concurrent Relocate 0.967ms
[2024-07-24T23:00:56.751+0800][17.173s][gc,load     ] GC(222) Load: 0.00/0.00/0.00
[2024-07-24T23:00:56.751+0800][17.173s][gc,mmu      ] GC(222) MMU: 2ms/94.0%, 5ms/97.6%, 10ms/98.7%, 20ms/99.2%, 50ms/99.7%, 100ms/99.8%
[2024-07-24T23:00:56.751+0800][17.173s][gc,marking  ] GC(222) Mark: 1 stripe(s), 1 proactive flush(es), 1 terminate flush(es), 0 completion(s), 0 continuation(s) 
[2024-07-24T23:00:56.751+0800][17.173s][gc,marking  ] GC(222) Mark Stack Usage: 32M
[2024-07-24T23:00:56.751+0800][17.173s][gc,nmethod  ] GC(222) NMethods: 313 registered, 0 unregistered
[2024-07-24T23:00:56.751+0800][17.173s][gc,metaspace] GC(222) Metaspace: 0M used, 0M committed, 1088M reserved
[2024-07-24T23:00:56.751+0800][17.173s][gc,ref      ] GC(222) Soft: 62 encountered, 0 discovered, 0 enqueued
[2024-07-24T23:00:56.751+0800][17.173s][gc,ref      ] GC(222) Weak: 187 encountered, 170 discovered, 0 enqueued
[2024-07-24T23:00:56.751+0800][17.173s][gc,ref      ] GC(222) Final: 0 encountered, 0 discovered, 0 enqueued
[2024-07-24T23:00:56.751+0800][17.173s][gc,ref      ] GC(222) Phantom: 1 encountered, 0 discovered, 0 enqueued
[2024-07-24T23:00:56.751+0800][17.173s][gc,reloc    ] GC(222) Small Pages: 2 / 4M, Empty: 0M, Relocated: 1M, In-Place: 0
[2024-07-24T23:00:56.751+0800][17.173s][gc,reloc    ] GC(222) Medium Pages: 0 / 0M, Empty: 0M, Relocated: 0M, In-Place: 0
[2024-07-24T23:00:56.751+0800][17.173s][gc,reloc    ] GC(222) Large Pages: 10 / 20M, Empty: 0M, Relocated: 0M, In-Place: 0
[2024-07-24T23:00:56.751+0800][17.173s][gc,reloc    ] GC(222) Forwarding Usage: 0M
[2024-07-24T23:00:56.751+0800][17.173s][gc,heap     ] GC(222) Min Capacity: 8M(6%)
[2024-07-24T23:00:56.752+0800][17.173s][gc,heap     ] GC(222) Max Capacity: 128M(100%)
[2024-07-24T23:00:56.752+0800][17.173s][gc,heap     ] GC(222) Soft Max Capacity: 128M(100%)
[2024-07-24T23:00:56.752+0800][17.173s][gc,heap     ] GC(222)                Mark Start          Mark End        Relocate Start      Relocate End           High               Low         
[2024-07-24T23:00:56.752+0800][17.173s][gc,heap     ] GC(222)  Capacity:      128M (100%)        128M (100%)        128M (100%)        128M (100%)        128M (100%)        128M (100%)   
[2024-07-24T23:00:56.752+0800][17.173s][gc,heap     ] GC(222)      Free:      104M (81%)         104M (81%)         104M (81%)         106M (83%)         106M (83%)         102M (80%)    
[2024-07-24T23:00:56.752+0800][17.173s][gc,heap     ] GC(222)      Used:       24M (19%)          24M (19%)          24M (19%)          22M (17%)          26M (20%)          22M (17%)    
[2024-07-24T23:00:56.752+0800][17.173s][gc,heap     ] GC(222)      Live:         -                21M (17%)          21M (17%)          21M (17%)            -                  -          
[2024-07-24T23:00:56.752+0800][17.173s][gc,heap     ] GC(222) Allocated:         -                 0M (0%)            0M (0%)            0M (0%)             -                  -          
[2024-07-24T23:00:56.752+0800][17.173s][gc,heap     ] GC(222)   Garbage:         -                 2M (2%)            2M (2%)            0M (1%)             -                  -          
[2024-07-24T23:00:56.752+0800][17.173s][gc,heap     ] GC(222) Reclaimed:         -                  -                 0M (0%)            2M (2%)             -                  -          
[2024-07-24T23:00:56.752+0800][17.173s][gc          ] GC(222) Garbage Collection (Allocation Rate) 24M(19%)->22M(17%)
[2024-07-24T23:00:56.838+0800][17.260s][gc,start    ] GC(223) Garbage Collection (Allocation Rate)
[2024-07-24T23:00:56.838+0800][17.260s][gc,task     ] GC(223) Using 1 workers
[2024-07-24T23:00:56.839+0800][17.260s][gc,phases   ] GC(223) Pause Mark Start 0.011ms
[2024-07-24T23:00:56.842+0800][17.263s][gc,phases   ] GC(223) Concurrent Mark 2.854ms
[2024-07-24T23:00:56.842+0800][17.263s][gc,phases   ] GC(223) Pause Mark End 0.006ms
[2024-07-24T23:00:56.842+0800][17.263s][gc,phases   ] GC(223) Concurrent Mark Free 0.001ms
[2024-07-24T23:00:56.843+0800][17.264s][gc,phases   ] GC(223) Concurrent Process Non-Strong References 1.023ms
[2024-07-24T23:00:56.843+0800][17.265s][gc,phases   ] GC(223) Concurrent Reset Relocation Set 0.001ms
[2024-07-24T23:00:56.844+0800][17.266s][gc          ] Allocation Stall (main) 5.355ms
[2024-07-24T23:00:56.845+0800][17.266s][gc,phases   ] GC(223) Concurrent Select Relocation Set 1.658ms
[2024-07-24T23:00:56.845+0800][17.266s][gc,phases   ] GC(223) Pause Relocate Start 0.004ms
[2024-07-24T23:00:56.845+0800][17.267s][gc,phases   ] GC(223) Concurrent Relocate 0.118ms
[2024-07-24T23:00:56.845+0800][17.267s][gc,load     ] GC(223) Load: 0.00/0.00/0.00
[2024-07-24T23:00:56.845+0800][17.267s][gc,mmu      ] GC(223) MMU: 2ms/94.0%, 5ms/97.6%, 10ms/98.7%, 20ms/99.2%, 50ms/99.7%, 100ms/99.8%
[2024-07-24T23:00:56.845+0800][17.267s][gc,marking  ] GC(223) Mark: 1 stripe(s), 2 proactive flush(es), 1 terminate flush(es), 0 completion(s), 0 continuation(s) 
[2024-07-24T23:00:56.845+0800][17.267s][gc,marking  ] GC(223) Mark Stack Usage: 32M
[2024-07-24T23:00:56.845+0800][17.267s][gc,nmethod  ] GC(223) NMethods: 313 registered, 0 unregistered
[2024-07-24T23:00:56.845+0800][17.267s][gc,metaspace] GC(223) Metaspace: 0M used, 0M committed, 1088M reserved
[2024-07-24T23:00:56.845+0800][17.267s][gc,ref      ] GC(223) Soft: 62 encountered, 0 discovered, 0 enqueued
[2024-07-24T23:00:56.845+0800][17.267s][gc,ref      ] GC(223) Weak: 187 encountered, 170 discovered, 0 enqueued
[2024-07-24T23:00:56.845+0800][17.267s][gc,ref      ] GC(223) Final: 0 encountered, 0 discovered, 0 enqueued
[2024-07-24T23:00:56.845+0800][17.267s][gc,ref      ] GC(223) Phantom: 1 encountered, 0 discovered, 0 enqueued
[2024-07-24T23:00:56.845+0800][17.267s][gc,reloc    ] GC(223) Small Pages: 2 / 4M, Empty: 2M, Relocated: 0M, In-Place: 0
[2024-07-24T23:00:56.845+0800][17.267s][gc,reloc    ] GC(223) Medium Pages: 0 / 0M, Empty: 0M, Relocated: 0M, In-Place: 0
[2024-07-24T23:00:56.845+0800][17.267s][gc,reloc    ] GC(223) Large Pages: 62 / 124M, Empty: 120M, Relocated: 0M, In-Place: 0
[2024-07-24T23:00:56.845+0800][17.267s][gc,reloc    ] GC(223) Forwarding Usage: 0M
[2024-07-24T23:00:56.845+0800][17.267s][gc,heap     ] GC(223) Min Capacity: 8M(6%)
[2024-07-24T23:00:56.845+0800][17.267s][gc,heap     ] GC(223) Max Capacity: 128M(100%)
[2024-07-24T23:00:56.845+0800][17.267s][gc,heap     ] GC(223) Soft Max Capacity: 128M(100%)
[2024-07-24T23:00:56.845+0800][17.267s][gc,heap     ] GC(223)                Mark Start          Mark End        Relocate Start      Relocate End           High               Low         
[2024-07-24T23:00:56.845+0800][17.267s][gc,heap     ] GC(223)  Capacity:      128M (100%)        128M (100%)        128M (100%)        128M (100%)        128M (100%)        128M (100%)   
[2024-07-24T23:00:56.845+0800][17.267s][gc,heap     ] GC(223)      Free:        0M (0%)            0M (0%)          118M (92%)         112M (88%)         122M (95%)           0M (0%)     
[2024-07-24T23:00:56.845+0800][17.267s][gc,heap     ] GC(223)      Used:      128M (100%)        128M (100%)         10M (8%)           16M (12%)         128M (100%)          6M (5%)     
[2024-07-24T23:00:56.845+0800][17.267s][gc,heap     ] GC(223)      Live:         -                 5M (4%)            5M (4%)            5M (4%)             -                  -          
[2024-07-24T23:00:56.845+0800][17.267s][gc,heap     ] GC(223) Allocated:         -                 0M (0%)            4M (3%)           10M (8%)             -                  -          
[2024-07-24T23:00:56.845+0800][17.267s][gc,heap     ] GC(223)   Garbage:         -               122M (96%)           0M (1%)            0M (1%)             -                  -          
[2024-07-24T23:00:56.845+0800][17.267s][gc,heap     ] GC(223) Reclaimed:         -                  -               122M (95%)         122M (95%)            -                  -          
[2024-07-24T23:00:56.845+0800][17.267s][gc          ] GC(223) Garbage Collection (Allocation Rate) 128M(100%)->16M(12%)
[2024-07-24T23:00:56.948+0800][17.370s][gc,start    ] GC(224) Garbage Collection (Allocation Stall)
[2024-07-24T23:00:56.948+0800][17.370s][gc,ref      ] GC(224) Clearing All SoftReferences
[2024-07-24T23:00:56.948+0800][17.370s][gc,task     ] GC(224) Using 1 workers
[2024-07-24T23:00:56.948+0800][17.370s][gc,ref      ] GC(224) Clearing All SoftReferences
[2024-07-24T23:00:56.948+0800][17.370s][gc,phases   ] GC(224) Pause Mark Start 0.043ms
[2024-07-24T23:00:56.951+0800][17.373s][gc,phases   ] GC(224) Concurrent Mark 2.809ms
[2024-07-24T23:00:56.951+0800][17.373s][gc,phases   ] GC(224) Pause Mark End 0.005ms
[2024-07-24T23:00:56.951+0800][17.373s][gc,phases   ] GC(224) Concurrent Mark Free 0.001ms
[2024-07-24T23:00:56.952+0800][17.374s][gc,phases   ] GC(224) Concurrent Process Non-Strong References 0.882ms
[2024-07-24T23:00:56.952+0800][17.374s][gc,phases   ] GC(224) Concurrent Reset Relocation Set 0.000ms
[2024-07-24T23:00:56.954+0800][17.376s][gc          ] Allocation Stall (main) 6.274ms
[2024-07-24T23:00:56.954+0800][17.376s][gc,phases   ] GC(224) Concurrent Select Relocation Set 2.027ms
[2024-07-24T23:00:56.955+0800][17.376s][gc,phases   ] GC(224) Pause Relocate Start 0.007ms
[2024-07-24T23:00:56.955+0800][17.377s][gc,phases   ] GC(224) Concurrent Relocate 0.105ms
[2024-07-24T23:00:56.955+0800][17.377s][gc,load     ] GC(224) Load: 0.00/0.00/0.00
[2024-07-24T23:00:56.955+0800][17.377s][gc,mmu      ] GC(224) MMU: 2ms/94.0%, 5ms/97.6%, 10ms/98.7%, 20ms/99.2%, 50ms/99.7%, 100ms/99.8%
[2024-07-24T23:00:56.955+0800][17.377s][gc,marking  ] GC(224) Mark: 1 stripe(s), 1 proactive flush(es), 1 terminate flush(es), 0 completion(s), 0 continuation(s) 
[2024-07-24T23:00:56.955+0800][17.377s][gc,marking  ] GC(224) Mark Stack Usage: 32M
[2024-07-24T23:00:56.955+0800][17.377s][gc,nmethod  ] GC(224) NMethods: 313 registered, 0 unregistered
[2024-07-24T23:00:56.955+0800][17.377s][gc,metaspace] GC(224) Metaspace: 0M used, 0M committed, 1088M reserved
[2024-07-24T23:00:56.955+0800][17.377s][gc,ref      ] GC(224) Soft: 62 encountered, 37 discovered, 0 enqueued
[2024-07-24T23:00:56.955+0800][17.377s][gc,ref      ] GC(224) Weak: 187 encountered, 170 discovered, 0 enqueued
[2024-07-24T23:00:56.955+0800][17.377s][gc,ref      ] GC(224) Final: 0 encountered, 0 discovered, 0 enqueued
[2024-07-24T23:00:56.955+0800][17.377s][gc,ref      ] GC(224) Phantom: 1 encountered, 0 discovered, 0 enqueued
[2024-07-24T23:00:56.955+0800][17.377s][gc,reloc    ] GC(224) Small Pages: 2 / 4M, Empty: 2M, Relocated: 0M, In-Place: 0
[2024-07-24T23:00:56.955+0800][17.377s][gc,reloc    ] GC(224) Medium Pages: 0 / 0M, Empty: 0M, Relocated: 0M, In-Place: 0
[2024-07-24T23:00:56.955+0800][17.377s][gc,reloc    ] GC(224) Large Pages: 62 / 124M, Empty: 120M, Relocated: 0M, In-Place: 0
[2024-07-24T23:00:56.955+0800][17.377s][gc,reloc    ] GC(224) Forwarding Usage: 0M
[2024-07-24T23:00:56.955+0800][17.377s][gc,heap     ] GC(224) Min Capacity: 8M(6%)
[2024-07-24T23:00:56.955+0800][17.377s][gc,heap     ] GC(224) Max Capacity: 128M(100%)
[2024-07-24T23:00:56.955+0800][17.377s][gc,heap     ] GC(224) Soft Max Capacity: 128M(100%)
[2024-07-24T23:00:56.955+0800][17.377s][gc,heap     ] GC(224)                Mark Start          Mark End        Relocate Start      Relocate End           High               Low         
[2024-07-24T23:00:56.955+0800][17.377s][gc,heap     ] GC(224)  Capacity:      128M (100%)        128M (100%)        128M (100%)        128M (100%)        128M (100%)        128M (100%)   
[2024-07-24T23:00:56.955+0800][17.377s][gc,heap     ] GC(224)      Free:        0M (0%)            0M (0%)          120M (94%)         120M (94%)         122M (95%)           0M (0%)     
[2024-07-24T23:00:56.955+0800][17.377s][gc,heap     ] GC(224)      Used:      128M (100%)        128M (100%)          8M (6%)            8M (6%)          128M (100%)          6M (5%)     
[2024-07-24T23:00:56.955+0800][17.377s][gc,heap     ] GC(224)      Live:         -                 5M (4%)            5M (4%)            5M (4%)             -                  -          
[2024-07-24T23:00:56.955+0800][17.377s][gc,heap     ] GC(224) Allocated:         -                 0M (0%)            2M (2%)            2M (2%)             -                  -          
[2024-07-24T23:00:56.955+0800][17.377s][gc,heap     ] GC(224)   Garbage:         -               122M (96%)           0M (1%)            0M (1%)             -                  -          
[2024-07-24T23:00:56.955+0800][17.377s][gc,heap     ] GC(224) Reclaimed:         -                  -               122M (95%)         122M (95%)            -                  -          
[2024-07-24T23:00:56.955+0800][17.377s][gc          ] GC(224) Garbage Collection (Allocation Stall) 128M(100%)->8M(6%)
[2024-07-24T23:00:57.042+0800][17.464s][gc,start    ] GC(225) Garbage Collection (Allocation Rate)
[2024-07-24T23:00:57.042+0800][17.464s][gc,task     ] GC(225) Using 1 workers
[2024-07-24T23:00:57.042+0800][17.464s][gc,phases   ] GC(225) Pause Mark Start 0.009ms
[2024-07-24T23:00:57.045+0800][17.467s][gc,phases   ] GC(225) Concurrent Mark 2.618ms
[2024-07-24T23:00:57.045+0800][17.467s][gc,phases   ] GC(225) Pause Mark End 0.008ms
[2024-07-24T23:00:57.045+0800][17.467s][gc,phases   ] GC(225) Concurrent Mark Free 0.001ms
[2024-07-24T23:00:57.046+0800][17.468s][gc,phases   ] GC(225) Concurrent Process Non-Strong References 0.876ms
[2024-07-24T23:00:57.046+0800][17.468s][gc,phases   ] GC(225) Concurrent Reset Relocation Set 0.001ms
[2024-07-24T23:00:57.049+0800][17.470s][gc,phases   ] GC(225) Concurrent Select Relocation Set 2.251ms
[2024-07-24T23:00:57.049+0800][17.471s][gc,phases   ] GC(225) Pause Relocate Start 0.006ms
[2024-07-24T23:00:57.049+0800][17.471s][gc,phases   ] GC(225) Concurrent Relocate 0.103ms
[2024-07-24T23:00:57.049+0800][17.471s][gc,load     ] GC(225) Load: 0.00/0.00/0.00
[2024-07-24T23:00:57.049+0800][17.471s][gc,mmu      ] GC(225) MMU: 2ms/94.0%, 5ms/97.6%, 10ms/98.7%, 20ms/99.2%, 50ms/99.7%, 100ms/99.8%
[2024-07-24T23:00:57.049+0800][17.471s][gc,marking  ] GC(225) Mark: 1 stripe(s), 2 proactive flush(es), 1 terminate flush(es), 0 completion(s), 0 continuation(s) 
[2024-07-24T23:00:57.049+0800][17.471s][gc,marking  ] GC(225) Mark Stack Usage: 32M
[2024-07-24T23:00:57.049+0800][17.471s][gc,nmethod  ] GC(225) NMethods: 313 registered, 0 unregistered
[2024-07-24T23:00:57.049+0800][17.471s][gc,metaspace] GC(225) Metaspace: 0M used, 0M committed, 1088M reserved
[2024-07-24T23:00:57.049+0800][17.471s][gc,ref      ] GC(225) Soft: 62 encountered, 0 discovered, 0 enqueued
[2024-07-24T23:00:57.049+0800][17.471s][gc,ref      ] GC(225) Weak: 187 encountered, 170 discovered, 0 enqueued
[2024-07-24T23:00:57.049+0800][17.471s][gc,ref      ] GC(225) Final: 0 encountered, 0 discovered, 0 enqueued
[2024-07-24T23:00:57.049+0800][17.471s][gc,ref      ] GC(225) Phantom: 1 encountered, 0 discovered, 0 enqueued
[2024-07-24T23:00:57.049+0800][17.471s][gc,reloc    ] GC(225) Small Pages: 2 / 4M, Empty: 2M, Relocated: 0M, In-Place: 0
[2024-07-24T23:00:57.049+0800][17.471s][gc,reloc    ] GC(225) Medium Pages: 0 / 0M, Empty: 0M, Relocated: 0M, In-Place: 0
[2024-07-24T23:00:57.049+0800][17.471s][gc,reloc    ] GC(225) Large Pages: 52 / 104M, Empty: 102M, Relocated: 0M, In-Place: 0
[2024-07-24T23:00:57.049+0800][17.471s][gc,reloc    ] GC(225) Forwarding Usage: 0M
[2024-07-24T23:00:57.049+0800][17.471s][gc,heap     ] GC(225) Min Capacity: 8M(6%)
[2024-07-24T23:00:57.049+0800][17.471s][gc,heap     ] GC(225) Max Capacity: 128M(100%)
[2024-07-24T23:00:57.049+0800][17.471s][gc,heap     ] GC(225) Soft Max Capacity: 128M(100%)
[2024-07-24T23:00:57.049+0800][17.471s][gc,heap     ] GC(225)                Mark Start          Mark End        Relocate Start      Relocate End           High               Low         
[2024-07-24T23:00:57.049+0800][17.471s][gc,heap     ] GC(225)  Capacity:      128M (100%)        128M (100%)        128M (100%)        128M (100%)        128M (100%)        128M (100%)   
[2024-07-24T23:00:57.049+0800][17.471s][gc,heap     ] GC(225)      Free:       20M (16%)           2M (2%)          106M (83%)         106M (83%)         106M (83%)           2M (2%)     
[2024-07-24T23:00:57.049+0800][17.471s][gc,heap     ] GC(225)      Used:      108M (84%)         126M (98%)          22M (17%)          22M (17%)         126M (98%)          22M (17%)    
[2024-07-24T23:00:57.049+0800][17.471s][gc,heap     ] GC(225)      Live:         -                 3M (3%)            3M (3%)            3M (3%)             -                  -          
[2024-07-24T23:00:57.049+0800][17.471s][gc,heap     ] GC(225) Allocated:         -                18M (14%)          18M (14%)          18M (14%)            -                  -          
[2024-07-24T23:00:57.049+0800][17.471s][gc,heap     ] GC(225)   Garbage:         -               104M (82%)           0M (1%)            0M (1%)             -                  -          
[2024-07-24T23:00:57.050+0800][17.471s][gc,heap     ] GC(225) Reclaimed:         -                  -               104M (81%)         104M (81%)            -                  -          
[2024-07-24T23:00:57.050+0800][17.471s][gc          ] GC(225) Garbage Collection (Allocation Rate) 108M(84%)->22M(17%)
[2024-07-24T23:00:57.136+0800][17.558s][gc,start    ] GC(226) Garbage Collection (Allocation Rate)
[2024-07-24T23:00:57.136+0800][17.558s][gc,task     ] GC(226) Using 1 workers
[2024-07-24T23:00:57.136+0800][17.558s][gc,phases   ] GC(226) Pause Mark Start 0.013ms
[2024-07-24T23:00:57.139+0800][17.560s][gc,phases   ] GC(226) Concurrent Mark 2.209ms
[2024-07-24T23:00:57.139+0800][17.560s][gc,phases   ] GC(226) Pause Mark End 0.007ms
[2024-07-24T23:00:57.139+0800][17.561s][gc,phases   ] GC(226) Concurrent Mark Free 0.001ms
[2024-07-24T23:00:57.140+0800][17.562s][gc,phases   ] GC(226) Concurrent Process Non-Strong References 0.920ms
[2024-07-24T23:00:57.140+0800][17.562s][gc,phases   ] GC(226) Concurrent Reset Relocation Set 0.000ms
[2024-07-24T23:00:57.142+0800][17.564s][gc          ] Allocation Stall (main) 4.925ms
[2024-07-24T23:00:57.142+0800][17.564s][gc,phases   ] GC(226) Concurrent Select Relocation Set 2.034ms
[2024-07-24T23:00:57.142+0800][17.564s][gc,phases   ] GC(226) Pause Relocate Start 0.006ms
[2024-07-24T23:00:57.143+0800][17.564s][gc,phases   ] GC(226) Concurrent Relocate 0.068ms
[2024-07-24T23:00:57.143+0800][17.564s][gc,load     ] GC(226) Load: 0.00/0.00/0.00
[2024-07-24T23:00:57.143+0800][17.564s][gc,mmu      ] GC(226) MMU: 2ms/94.0%, 5ms/97.6%, 10ms/98.7%, 20ms/99.2%, 50ms/99.7%, 100ms/99.8%
[2024-07-24T23:00:57.143+0800][17.564s][gc,marking  ] GC(226) Mark: 1 stripe(s), 2 proactive flush(es), 1 terminate flush(es), 0 completion(s), 0 continuation(s) 
[2024-07-24T23:00:57.143+0800][17.564s][gc,marking  ] GC(226) Mark Stack Usage: 32M
[2024-07-24T23:00:57.143+0800][17.564s][gc,nmethod  ] GC(226) NMethods: 313 registered, 0 unregistered
[2024-07-24T23:00:57.143+0800][17.564s][gc,metaspace] GC(226) Metaspace: 0M used, 0M committed, 1088M reserved
[2024-07-24T23:00:57.143+0800][17.564s][gc,ref      ] GC(226) Soft: 62 encountered, 0 discovered, 0 enqueued
[2024-07-24T23:00:57.143+0800][17.564s][gc,ref      ] GC(226) Weak: 187 encountered, 170 discovered, 0 enqueued
[2024-07-24T23:00:57.143+0800][17.564s][gc,ref      ] GC(226) Final: 0 encountered, 0 discovered, 0 enqueued
[2024-07-24T23:00:57.143+0800][17.564s][gc,ref      ] GC(226) Phantom: 1 encountered, 0 discovered, 0 enqueued
[2024-07-24T23:00:57.143+0800][17.564s][gc,reloc    ] GC(226) Small Pages: 2 / 4M, Empty: 2M, Relocated: 0M, In-Place: 0
[2024-07-24T23:00:57.143+0800][17.564s][gc,reloc    ] GC(226) Medium Pages: 0 / 0M, Empty: 0M, Relocated: 0M, In-Place: 0
[2024-07-24T23:00:57.143+0800][17.564s][gc,reloc    ] GC(226) Large Pages: 62 / 124M, Empty: 98M, Relocated: 0M, In-Place: 0
[2024-07-24T23:00:57.143+0800][17.564s][gc,reloc    ] GC(226) Forwarding Usage: 0M
[2024-07-24T23:00:57.143+0800][17.565s][gc,heap     ] GC(226) Min Capacity: 8M(6%)
[2024-07-24T23:00:57.143+0800][17.565s][gc,heap     ] GC(226) Max Capacity: 128M(100%)
[2024-07-24T23:00:57.143+0800][17.565s][gc,heap     ] GC(226) Soft Max Capacity: 128M(100%)
[2024-07-24T23:00:57.143+0800][17.565s][gc,heap     ] GC(226)                Mark Start          Mark End        Relocate Start      Relocate End           High               Low         
[2024-07-24T23:00:57.143+0800][17.565s][gc,heap     ] GC(226)  Capacity:      128M (100%)        128M (100%)        128M (100%)        128M (100%)        128M (100%)        128M (100%)   
[2024-07-24T23:00:57.143+0800][17.565s][gc,heap     ] GC(226)      Free:        0M (0%)            0M (0%)           98M (77%)          96M (75%)         100M (78%)           0M (0%)     
[2024-07-24T23:00:57.143+0800][17.565s][gc,heap     ] GC(226)      Used:      128M (100%)        128M (100%)         30M (23%)          32M (25%)         128M (100%)         28M (22%)    
[2024-07-24T23:00:57.143+0800][17.565s][gc,heap     ] GC(226)      Live:         -                27M (21%)          27M (21%)          27M (21%)            -                  -          
[2024-07-24T23:00:57.143+0800][17.565s][gc,heap     ] GC(226) Allocated:         -                 0M (0%)            2M (2%)            4M (3%)             -                  -          
[2024-07-24T23:00:57.143+0800][17.565s][gc,heap     ] GC(226)   Garbage:         -               100M (79%)           0M (1%)            0M (1%)             -                  -          
[2024-07-24T23:00:57.143+0800][17.565s][gc,heap     ] GC(226) Reclaimed:         -                  -               100M (78%)         100M (78%)            -                  -          
[2024-07-24T23:00:57.144+0800][17.565s][gc          ] GC(226) Garbage Collection (Allocation Rate) 128M(100%)->32M(25%)
[2024-07-24T23:00:57.230+0800][17.652s][gc,start    ] GC(227) Garbage Collection (Allocation Stall)
[2024-07-24T23:00:57.230+0800][17.652s][gc,ref      ] GC(227) Clearing All SoftReferences
[2024-07-24T23:00:57.230+0800][17.652s][gc,task     ] GC(227) Using 1 workers
[2024-07-24T23:00:57.230+0800][17.652s][gc,ref      ] GC(227) Clearing All SoftReferences
[2024-07-24T23:00:57.230+0800][17.652s][gc,phases   ] GC(227) Pause Mark Start 0.037ms
[2024-07-24T23:00:57.233+0800][17.654s][gc,phases   ] GC(227) Concurrent Mark 2.427ms
[2024-07-24T23:00:57.233+0800][17.655s][gc,phases   ] GC(227) Pause Mark End 0.008ms
[2024-07-24T23:00:57.233+0800][17.655s][gc,phases   ] GC(227) Concurrent Mark Free 0.001ms
[2024-07-24T23:00:57.234+0800][17.656s][gc,phases   ] GC(227) Concurrent Process Non-Strong References 0.891ms
[2024-07-24T23:00:57.234+0800][17.656s][gc,phases   ] GC(227) Concurrent Reset Relocation Set 0.000ms
[2024-07-24T23:00:57.235+0800][17.657s][gc          ] Allocation Stall (main) 5.446ms
[2024-07-24T23:00:57.235+0800][17.657s][gc,phases   ] GC(227) Concurrent Select Relocation Set 1.396ms
[2024-07-24T23:00:57.236+0800][17.657s][gc,phases   ] GC(227) Pause Relocate Start 0.004ms
[2024-07-24T23:00:57.236+0800][17.658s][gc,phases   ] GC(227) Concurrent Relocate 0.113ms
[2024-07-24T23:00:57.236+0800][17.658s][gc,load     ] GC(227) Load: 0.00/0.00/0.00
[2024-07-24T23:00:57.236+0800][17.658s][gc,mmu      ] GC(227) MMU: 2ms/94.0%, 5ms/97.6%, 10ms/98.7%, 20ms/99.2%, 50ms/99.7%, 100ms/99.8%
[2024-07-24T23:00:57.236+0800][17.658s][gc,marking  ] GC(227) Mark: 1 stripe(s), 1 proactive flush(es), 1 terminate flush(es), 0 completion(s), 0 continuation(s) 
[2024-07-24T23:00:57.236+0800][17.658s][gc,marking  ] GC(227) Mark Stack Usage: 32M
[2024-07-24T23:00:57.236+0800][17.658s][gc,nmethod  ] GC(227) NMethods: 313 registered, 0 unregistered
[2024-07-24T23:00:57.236+0800][17.658s][gc,metaspace] GC(227) Metaspace: 0M used, 0M committed, 1088M reserved
[2024-07-24T23:00:57.236+0800][17.658s][gc,ref      ] GC(227) Soft: 62 encountered, 37 discovered, 0 enqueued
[2024-07-24T23:00:57.236+0800][17.658s][gc,ref      ] GC(227) Weak: 187 encountered, 170 discovered, 0 enqueued
[2024-07-24T23:00:57.236+0800][17.658s][gc,ref      ] GC(227) Final: 0 encountered, 0 discovered, 0 enqueued
[2024-07-24T23:00:57.236+0800][17.658s][gc,ref      ] GC(227) Phantom: 1 encountered, 0 discovered, 0 enqueued
[2024-07-24T23:00:57.236+0800][17.658s][gc,reloc    ] GC(227) Small Pages: 2 / 4M, Empty: 2M, Relocated: 0M, In-Place: 0
[2024-07-24T23:00:57.236+0800][17.658s][gc,reloc    ] GC(227) Medium Pages: 0 / 0M, Empty: 0M, Relocated: 0M, In-Place: 0
[2024-07-24T23:00:57.236+0800][17.658s][gc,reloc    ] GC(227) Large Pages: 62 / 124M, Empty: 120M, Relocated: 0M, In-Place: 0
[2024-07-24T23:00:57.236+0800][17.658s][gc,reloc    ] GC(227) Forwarding Usage: 0M
[2024-07-24T23:00:57.236+0800][17.658s][gc,heap     ] GC(227) Min Capacity: 8M(6%)
[2024-07-24T23:00:57.236+0800][17.658s][gc,heap     ] GC(227) Max Capacity: 128M(100%)
[2024-07-24T23:00:57.236+0800][17.658s][gc,heap     ] GC(227) Soft Max Capacity: 128M(100%)
[2024-07-24T23:00:57.236+0800][17.658s][gc,heap     ] GC(227)                Mark Start          Mark End        Relocate Start      Relocate End           High               Low         
[2024-07-24T23:00:57.236+0800][17.658s][gc,heap     ] GC(227)  Capacity:      128M (100%)        128M (100%)        128M (100%)        128M (100%)        128M (100%)        128M (100%)   
[2024-07-24T23:00:57.236+0800][17.658s][gc,heap     ] GC(227)      Free:        0M (0%)            0M (0%)          118M (92%)         114M (89%)         122M (95%)           0M (0%)     
[2024-07-24T23:00:57.236+0800][17.658s][gc,heap     ] GC(227)      Used:      128M (100%)        128M (100%)         10M (8%)           14M (11%)         128M (100%)          6M (5%)     
[2024-07-24T23:00:57.236+0800][17.658s][gc,heap     ] GC(227)      Live:         -                 5M (4%)            5M (4%)            5M (4%)             -                  -          
[2024-07-24T23:00:57.236+0800][17.658s][gc,heap     ] GC(227) Allocated:         -                 0M (0%)            4M (3%)            8M (6%)             -                  -          
[2024-07-24T23:00:57.236+0800][17.658s][gc,heap     ] GC(227)   Garbage:         -               122M (96%)           0M (1%)            0M (1%)             -                  -          
[2024-07-24T23:00:57.236+0800][17.658s][gc,heap     ] GC(227) Reclaimed:         -                  -               122M (95%)         122M (95%)            -                  -          
[2024-07-24T23:00:57.236+0800][17.658s][gc          ] GC(227) Garbage Collection (Allocation Stall) 128M(100%)->14M(11%)
[2024-07-24T23:00:57.245+0800][17.667s][gc,start    ] GC(228) Garbage Collection (Allocation Rate)
[2024-07-24T23:00:57.245+0800][17.667s][gc,task     ] GC(228) Using 1 workers
[2024-07-24T23:00:57.245+0800][17.667s][gc,phases   ] GC(228) Pause Mark Start 0.007ms
[2024-07-24T23:00:57.248+0800][17.670s][gc,phases   ] GC(228) Concurrent Mark 2.623ms
[2024-07-24T23:00:57.248+0800][17.670s][gc,phases   ] GC(228) Pause Mark End 0.025ms
[2024-07-24T23:00:57.248+0800][17.670s][gc,phases   ] GC(228) Concurrent Mark Free 0.001ms
[2024-07-24T23:00:57.249+0800][17.671s][gc,phases   ] GC(228) Concurrent Process Non-Strong References 0.899ms
[2024-07-24T23:00:57.249+0800][17.671s][gc,phases   ] GC(228) Concurrent Reset Relocation Set 0.000ms
[2024-07-24T23:00:57.251+0800][17.673s][gc,phases   ] GC(228) Concurrent Select Relocation Set 1.435ms
[2024-07-24T23:00:57.251+0800][17.673s][gc,phases   ] GC(228) Pause Relocate Start 0.003ms
[2024-07-24T23:00:57.252+0800][17.674s][gc,phases   ] GC(228) Concurrent Relocate 0.962ms
[2024-07-24T23:00:57.252+0800][17.674s][gc,load     ] GC(228) Load: 0.00/0.00/0.00
[2024-07-24T23:00:57.252+0800][17.674s][gc,mmu      ] GC(228) MMU: 2ms/94.0%, 5ms/97.6%, 10ms/98.7%, 20ms/99.2%, 50ms/99.7%, 100ms/99.8%
[2024-07-24T23:00:57.252+0800][17.674s][gc,marking  ] GC(228) Mark: 1 stripe(s), 1 proactive flush(es), 1 terminate flush(es), 0 completion(s), 0 continuation(s) 
[2024-07-24T23:00:57.252+0800][17.674s][gc,marking  ] GC(228) Mark Stack Usage: 32M
[2024-07-24T23:00:57.252+0800][17.674s][gc,nmethod  ] GC(228) NMethods: 313 registered, 0 unregistered
[2024-07-24T23:00:57.252+0800][17.674s][gc,metaspace] GC(228) Metaspace: 0M used, 0M committed, 1088M reserved
[2024-07-24T23:00:57.252+0800][17.674s][gc,ref      ] GC(228) Soft: 62 encountered, 0 discovered, 0 enqueued
[2024-07-24T23:00:57.252+0800][17.674s][gc,ref      ] GC(228) Weak: 187 encountered, 170 discovered, 0 enqueued
[2024-07-24T23:00:57.252+0800][17.674s][gc,ref      ] GC(228) Final: 0 encountered, 0 discovered, 0 enqueued
[2024-07-24T23:00:57.252+0800][17.674s][gc,ref      ] GC(228) Phantom: 1 encountered, 0 discovered, 0 enqueued
[2024-07-24T23:00:57.252+0800][17.674s][gc,reloc    ] GC(228) Small Pages: 2 / 4M, Empty: 0M, Relocated: 1M, In-Place: 0
[2024-07-24T23:00:57.252+0800][17.674s][gc,reloc    ] GC(228) Medium Pages: 0 / 0M, Empty: 0M, Relocated: 0M, In-Place: 0
[2024-07-24T23:00:57.252+0800][17.674s][gc,reloc    ] GC(228) Large Pages: 10 / 20M, Empty: 0M, Relocated: 0M, In-Place: 0
[2024-07-24T23:00:57.252+0800][17.674s][gc,reloc    ] GC(228) Forwarding Usage: 0M
[2024-07-24T23:00:57.252+0800][17.674s][gc,heap     ] GC(228) Min Capacity: 8M(6%)
[2024-07-24T23:00:57.252+0800][17.674s][gc,heap     ] GC(228) Max Capacity: 128M(100%)
[2024-07-24T23:00:57.252+0800][17.674s][gc,heap     ] GC(228) Soft Max Capacity: 128M(100%)
[2024-07-24T23:00:57.252+0800][17.674s][gc,heap     ] GC(228)                Mark Start          Mark End        Relocate Start      Relocate End           High               Low         
[2024-07-24T23:00:57.252+0800][17.674s][gc,heap     ] GC(228)  Capacity:      128M (100%)        128M (100%)        128M (100%)        128M (100%)        128M (100%)        128M (100%)   
[2024-07-24T23:00:57.252+0800][17.674s][gc,heap     ] GC(228)      Free:      104M (81%)         104M (81%)         104M (81%)         106M (83%)         106M (83%)         102M (80%)    
[2024-07-24T23:00:57.252+0800][17.674s][gc,heap     ] GC(228)      Used:       24M (19%)          24M (19%)          24M (19%)          22M (17%)          26M (20%)          22M (17%)    
[2024-07-24T23:00:57.252+0800][17.674s][gc,heap     ] GC(228)      Live:         -                21M (17%)          21M (17%)          21M (17%)            -                  -          
[2024-07-24T23:00:57.253+0800][17.674s][gc,heap     ] GC(228) Allocated:         -                 0M (0%)            0M (0%)            0M (0%)             -                  -          
[2024-07-24T23:00:57.253+0800][17.674s][gc,heap     ] GC(228)   Garbage:         -                 2M (2%)            2M (2%)            0M (1%)             -                  -          
[2024-07-24T23:00:57.253+0800][17.674s][gc,heap     ] GC(228) Reclaimed:         -                  -                 0M (0%)            2M (2%)             -                  -          
[2024-07-24T23:00:57.253+0800][17.674s][gc          ] GC(228) Garbage Collection (Allocation Rate) 24M(19%)->22M(17%)
[2024-07-24T23:00:57.341+0800][17.763s][gc,start    ] GC(229) Garbage Collection (Allocation Rate)
[2024-07-24T23:00:57.341+0800][17.763s][gc,task     ] GC(229) Using 1 workers
[2024-07-24T23:00:57.341+0800][17.763s][gc,phases   ] GC(229) Pause Mark Start 0.008ms
[2024-07-24T23:00:57.345+0800][17.767s][gc,phases   ] GC(229) Concurrent Mark 3.502ms
[2024-07-24T23:00:57.345+0800][17.767s][gc,phases   ] GC(229) Pause Mark End 0.018ms
[2024-07-24T23:00:57.345+0800][17.767s][gc,phases   ] GC(229) Concurrent Mark Free 0.001ms
[2024-07-24T23:00:57.347+0800][17.768s][gc,phases   ] GC(229) Concurrent Process Non-Strong References 1.018ms
[2024-07-24T23:00:57.347+0800][17.768s][gc,phases   ] GC(229) Concurrent Reset Relocation Set 0.001ms
[2024-07-24T23:00:57.348+0800][17.770s][gc          ] Allocation Stall (main) 6.088ms
[2024-07-24T23:00:57.348+0800][17.770s][gc,phases   ] GC(229) Concurrent Select Relocation Set 1.716ms
[2024-07-24T23:00:57.349+0800][17.770s][gc,phases   ] GC(229) Pause Relocate Start 0.013ms
[2024-07-24T23:00:57.349+0800][17.771s][gc,phases   ] GC(229) Concurrent Relocate 0.114ms
[2024-07-24T23:00:57.349+0800][17.771s][gc,load     ] GC(229) Load: 0.00/0.00/0.00
[2024-07-24T23:00:57.349+0800][17.771s][gc,mmu      ] GC(229) MMU: 2ms/94.0%, 5ms/97.6%, 10ms/98.7%, 20ms/99.2%, 50ms/99.7%, 100ms/99.8%
[2024-07-24T23:00:57.349+0800][17.771s][gc,marking  ] GC(229) Mark: 1 stripe(s), 2 proactive flush(es), 1 terminate flush(es), 0 completion(s), 0 continuation(s) 
[2024-07-24T23:00:57.349+0800][17.771s][gc,marking  ] GC(229) Mark Stack Usage: 32M
[2024-07-24T23:00:57.349+0800][17.771s][gc,nmethod  ] GC(229) NMethods: 313 registered, 0 unregistered
[2024-07-24T23:00:57.349+0800][17.771s][gc,metaspace] GC(229) Metaspace: 0M used, 0M committed, 1088M reserved
[2024-07-24T23:00:57.349+0800][17.771s][gc,ref      ] GC(229) Soft: 62 encountered, 0 discovered, 0 enqueued
[2024-07-24T23:00:57.349+0800][17.771s][gc,ref      ] GC(229) Weak: 187 encountered, 170 discovered, 0 enqueued
[2024-07-24T23:00:57.349+0800][17.771s][gc,ref      ] GC(229) Final: 0 encountered, 0 discovered, 0 enqueued
[2024-07-24T23:00:57.349+0800][17.771s][gc,ref      ] GC(229) Phantom: 1 encountered, 0 discovered, 0 enqueued
[2024-07-24T23:00:57.349+0800][17.771s][gc,reloc    ] GC(229) Small Pages: 2 / 4M, Empty: 2M, Relocated: 0M, In-Place: 0
[2024-07-24T23:00:57.349+0800][17.771s][gc,reloc    ] GC(229) Medium Pages: 0 / 0M, Empty: 0M, Relocated: 0M, In-Place: 0
[2024-07-24T23:00:57.349+0800][17.771s][gc,reloc    ] GC(229) Large Pages: 62 / 124M, Empty: 120M, Relocated: 0M, In-Place: 0
[2024-07-24T23:00:57.349+0800][17.771s][gc,reloc    ] GC(229) Forwarding Usage: 0M
[2024-07-24T23:00:57.349+0800][17.771s][gc,heap     ] GC(229) Min Capacity: 8M(6%)
[2024-07-24T23:00:57.349+0800][17.771s][gc,heap     ] GC(229) Max Capacity: 128M(100%)
[2024-07-24T23:00:57.349+0800][17.771s][gc,heap     ] GC(229) Soft Max Capacity: 128M(100%)
[2024-07-24T23:00:57.349+0800][17.771s][gc,heap     ] GC(229)                Mark Start          Mark End        Relocate Start      Relocate End           High               Low         
[2024-07-24T23:00:57.349+0800][17.771s][gc,heap     ] GC(229)  Capacity:      128M (100%)        128M (100%)        128M (100%)        128M (100%)        128M (100%)        128M (100%)   
[2024-07-24T23:00:57.349+0800][17.771s][gc,heap     ] GC(229)      Free:        0M (0%)            0M (0%)          116M (91%)         112M (88%)         122M (95%)           0M (0%)     
[2024-07-24T23:00:57.349+0800][17.771s][gc,heap     ] GC(229)      Used:      128M (100%)        128M (100%)         12M (9%)           16M (12%)         128M (100%)          6M (5%)     
[2024-07-24T23:00:57.349+0800][17.771s][gc,heap     ] GC(229)      Live:         -                 5M (4%)            5M (4%)            5M (4%)             -                  -          
[2024-07-24T23:00:57.349+0800][17.771s][gc,heap     ] GC(229) Allocated:         -                 0M (0%)            6M (5%)           10M (8%)             -                  -          
[2024-07-24T23:00:57.349+0800][17.771s][gc,heap     ] GC(229)   Garbage:         -               122M (96%)           0M (1%)            0M (1%)             -                  -          
[2024-07-24T23:00:57.349+0800][17.771s][gc,heap     ] GC(229) Reclaimed:         -                  -               122M (95%)         122M (95%)            -                  -          
[2024-07-24T23:00:57.349+0800][17.771s][gc          ] GC(229) Garbage Collection (Allocation Rate) 128M(100%)->16M(12%)
[2024-07-24T23:00:57.390+0800][17.811s][gc,heap,exit] Heap
[2024-07-24T23:00:57.390+0800][17.812s][gc,heap,exit]  ZHeap           used 44M, capacity 128M, max capacity 128M
[2024-07-24T23:00:57.390+0800][17.812s][gc,heap,exit]  Metaspace       used 666K, committed 832K, reserved 1114112K
[2024-07-24T23:00:57.390+0800][17.812s][gc,heap,exit]   class space    used 52K, committed 128K, reserved 1048576K
