[2024-07-21T21:27:05.298+0800][0.016s][gc,init] Initializing The Z Garbage Collector
[2024-07-21T21:27:05.298+0800][0.016s][gc,init] Version: 17.0.2+8-86 (release)
[2024-07-21T21:27:05.298+0800][0.016s][gc,init] NUMA Support: Disabled
[2024-07-21T21:27:05.298+0800][0.016s][gc,init] CPUs: 8 total, 8 available
[2024-07-21T21:27:05.298+0800][0.016s][gc,init] Memory: 16281M
[2024-07-21T21:27:05.298+0800][0.016s][gc,init] Large Page Support: Disabled
[2024-07-21T21:27:05.298+0800][0.016s][gc,init] GC Workers: 2 (dynamic)
[2024-07-21T21:27:05.299+0800][0.017s][gc,init] Address Space Type: Contiguous/Unrestricted/Complete
[2024-07-21T21:27:05.299+0800][0.017s][gc,init] Address Space Size: 32768M x 3 = 98304M
[2024-07-21T21:27:05.300+0800][0.017s][gc,init] Min Capacity: 8M
[2024-07-21T21:27:05.300+0800][0.018s][gc,init] Initial Capacity: 256M
[2024-07-21T21:27:05.300+0800][0.018s][gc,init] Max Capacity: 2048M
[2024-07-21T21:27:05.300+0800][0.018s][gc,init] Medium Page Size: 32M
[2024-07-21T21:27:05.300+0800][0.018s][gc,init] Pre-touch: Disabled
[2024-07-21T21:27:05.300+0800][0.018s][gc,init] Uncommit: Enabled
[2024-07-21T21:27:05.300+0800][0.018s][gc,init] Uncommit Delay: 300s
[2024-07-21T21:27:05.314+0800][0.032s][gc,init] Runtime Workers: 5
[2024-07-21T21:27:05.314+0800][0.032s][gc     ] Using The Z Garbage Collector
[2024-07-21T21:27:05.315+0800][0.033s][gc,metaspace] CDS archive(s) mapped at: [0x0000000800000000-0x0000000800bc0000-0x0000000800bc0000), size 12320768, SharedBaseAddress: 0x0000000800000000, ArchiveRelocationMode: 0.
[2024-07-21T21:27:05.315+0800][0.033s][gc,metaspace] Compressed class space mapped at: 0x0000000800c00000-0x0000000840c00000, reserved size: 1073741824
[2024-07-21T21:27:05.315+0800][0.033s][gc,metaspace] Narrow klass base: 0x0000000800000000, Narrow klass shift: 0, Narrow klass range: 0x100000000
[2024-07-21T21:27:05.553+0800][0.271s][gc,start    ] GC(0) Garbage Collection (Warmup)
[2024-07-21T21:27:05.553+0800][0.271s][gc,task     ] GC(0) Using 2 workers
[2024-07-21T21:27:05.553+0800][0.271s][gc,phases   ] GC(0) Pause Mark Start 0.005ms
[2024-07-21T21:27:05.569+0800][0.287s][gc,phases   ] GC(0) Concurrent Mark 15.692ms
[2024-07-21T21:27:05.569+0800][0.287s][gc,phases   ] GC(0) Pause Mark End 0.015ms
[2024-07-21T21:27:05.569+0800][0.287s][gc,phases   ] GC(0) Concurrent Mark Free 0.001ms
[2024-07-21T21:27:05.569+0800][0.287s][gc,phases   ] GC(0) Concurrent Process Non-Strong References 0.404ms
[2024-07-21T21:27:05.569+0800][0.287s][gc,phases   ] GC(0) Concurrent Reset Relocation Set 0.000ms
[2024-07-21T21:27:05.578+0800][0.296s][gc,phases   ] GC(0) Concurrent Select Relocation Set 8.815ms
[2024-07-21T21:27:05.578+0800][0.296s][gc,phases   ] GC(0) Pause Relocate Start 0.013ms
[2024-07-21T21:27:05.580+0800][0.298s][gc,phases   ] GC(0) Concurrent Relocate 1.798ms
[2024-07-21T21:27:05.580+0800][0.298s][gc,load     ] GC(0) Load: 0.00/0.00/0.00
[2024-07-21T21:27:05.580+0800][0.298s][gc,mmu      ] GC(0) MMU: 2ms/99.3%, 5ms/99.7%, 10ms/99.7%, 20ms/99.9%, 50ms/99.9%, 100ms/100.0%
[2024-07-21T21:27:05.580+0800][0.298s][gc,marking  ] GC(0) Mark: 2 stripe(s), 2 proactive flush(es), 1 terminate flush(es), 0 completion(s), 0 continuation(s) 
[2024-07-21T21:27:05.580+0800][0.298s][gc,marking  ] GC(0) Mark Stack Usage: 32M
[2024-07-21T21:27:05.580+0800][0.298s][gc,nmethod  ] GC(0) NMethods: 323 registered, 0 unregistered
[2024-07-21T21:27:05.580+0800][0.298s][gc,metaspace] GC(0) Metaspace: 1M used, 1M committed, 1032M reserved
[2024-07-21T21:27:05.580+0800][0.298s][gc,ref      ] GC(0) Soft: 53 encountered, 0 discovered, 0 enqueued
[2024-07-21T21:27:05.580+0800][0.298s][gc,ref      ] GC(0) Weak: 153 encountered, 38 discovered, 36 enqueued
[2024-07-21T21:27:05.580+0800][0.298s][gc,ref      ] GC(0) Final: 0 encountered, 0 discovered, 0 enqueued
[2024-07-21T21:27:05.580+0800][0.298s][gc,ref      ] GC(0) Phantom: 217 encountered, 157 discovered, 33 enqueued
[2024-07-21T21:27:05.580+0800][0.298s][gc,reloc    ] GC(0) Small Pages: 6 / 12M, Empty: 0M, Relocated: 1M, In-Place: 0
[2024-07-21T21:27:05.580+0800][0.298s][gc,reloc    ] GC(0) Medium Pages: 1 / 32M, Empty: 0M, Relocated: 0M, In-Place: 0
[2024-07-21T21:27:05.580+0800][0.298s][gc,reloc    ] GC(0) Large Pages: 0 / 0M, Empty: 0M, Relocated: 0M, In-Place: 0
[2024-07-21T21:27:05.580+0800][0.298s][gc,reloc    ] GC(0) Forwarding Usage: 0M
[2024-07-21T21:27:05.580+0800][0.298s][gc,heap     ] GC(0) Min Capacity: 8M(0%)
[2024-07-21T21:27:05.580+0800][0.299s][gc,heap     ] GC(0) Max Capacity: 2048M(100%)
[2024-07-21T21:27:05.580+0800][0.299s][gc,heap     ] GC(0) Soft Max Capacity: 128M(6%)
[2024-07-21T21:27:05.581+0800][0.299s][gc,heap     ] GC(0)                Mark Start          Mark End        Relocate Start      Relocate End           High               Low         
[2024-07-21T21:27:05.581+0800][0.299s][gc,heap     ] GC(0)  Capacity:      256M (12%)         256M (12%)         256M (12%)         256M (12%)         256M (12%)         256M (12%)    
[2024-07-21T21:27:05.581+0800][0.299s][gc,heap     ] GC(0)      Free:     2004M (98%)        1970M (96%)        1970M (96%)        1974M (96%)        2004M (98%)        1966M (96%)    
[2024-07-21T21:27:05.581+0800][0.299s][gc,heap     ] GC(0)      Used:       44M (2%)           78M (4%)           78M (4%)           74M (4%)           82M (4%)           44M (2%)     
[2024-07-21T21:27:05.581+0800][0.299s][gc,heap     ] GC(0)      Live:         -                15M (1%)           15M (1%)           15M (1%)             -                  -          
[2024-07-21T21:27:05.581+0800][0.299s][gc,heap     ] GC(0) Allocated:         -                34M (2%)           34M (2%)           34M (2%)             -                  -          
[2024-07-21T21:27:05.581+0800][0.299s][gc,heap     ] GC(0)   Garbage:         -                28M (1%)           28M (1%)           24M (1%)             -                  -          
[2024-07-21T21:27:05.581+0800][0.299s][gc,heap     ] GC(0) Reclaimed:         -                  -                 0M (0%)            4M (0%)             -                  -          
[2024-07-21T21:27:05.581+0800][0.299s][gc          ] GC(0) Garbage Collection (Warmup) 44M(2%)->74M(4%)
[2024-07-21T21:27:05.648+0800][0.366s][gc,start    ] GC(1) Garbage Collection (Warmup)
[2024-07-21T21:27:05.648+0800][0.366s][gc,task     ] GC(1) Using 2 workers
[2024-07-21T21:27:05.648+0800][0.366s][gc,phases   ] GC(1) Pause Mark Start 0.007ms
[2024-07-21T21:27:05.664+0800][0.382s][gc,phases   ] GC(1) Concurrent Mark 15.822ms
[2024-07-21T21:27:05.664+0800][0.382s][gc,phases   ] GC(1) Pause Mark End 0.010ms
[2024-07-21T21:27:05.664+0800][0.382s][gc,phases   ] GC(1) Concurrent Mark Free 0.001ms
[2024-07-21T21:27:05.664+0800][0.382s][gc,phases   ] GC(1) Concurrent Process Non-Strong References 0.419ms
[2024-07-21T21:27:05.664+0800][0.382s][gc,phases   ] GC(1) Concurrent Reset Relocation Set 0.001ms
[2024-07-21T21:27:05.666+0800][0.384s][gc,phases   ] GC(1) Concurrent Select Relocation Set 1.520ms
[2024-07-21T21:27:05.666+0800][0.384s][gc,phases   ] GC(1) Pause Relocate Start 0.020ms
[2024-07-21T21:27:05.671+0800][0.389s][gc,phases   ] GC(1) Concurrent Relocate 5.262ms
[2024-07-21T21:27:05.671+0800][0.389s][gc,load     ] GC(1) Load: 0.00/0.00/0.00
[2024-07-21T21:27:05.671+0800][0.389s][gc,mmu      ] GC(1) MMU: 2ms/99.0%, 5ms/99.4%, 10ms/99.7%, 20ms/99.8%, 50ms/99.9%, 100ms/99.9%
[2024-07-21T21:27:05.671+0800][0.389s][gc,marking  ] GC(1) Mark: 2 stripe(s), 2 proactive flush(es), 1 terminate flush(es), 0 completion(s), 0 continuation(s) 
[2024-07-21T21:27:05.671+0800][0.389s][gc,marking  ] GC(1) Mark Stack Usage: 32M
[2024-07-21T21:27:05.671+0800][0.389s][gc,nmethod  ] GC(1) NMethods: 323 registered, 0 unregistered
[2024-07-21T21:27:05.671+0800][0.389s][gc,metaspace] GC(1) Metaspace: 1M used, 1M committed, 1032M reserved
[2024-07-21T21:27:05.671+0800][0.389s][gc,ref      ] GC(1) Soft: 53 encountered, 0 discovered, 0 enqueued
[2024-07-21T21:27:05.671+0800][0.389s][gc,ref      ] GC(1) Weak: 117 encountered, 0 discovered, 0 enqueued
[2024-07-21T21:27:05.671+0800][0.389s][gc,ref      ] GC(1) Final: 0 encountered, 0 discovered, 0 enqueued
[2024-07-21T21:27:05.671+0800][0.390s][gc,ref      ] GC(1) Phantom: 184 encountered, 122 discovered, 0 enqueued
[2024-07-21T21:27:05.672+0800][0.390s][gc,reloc    ] GC(1) Small Pages: 5 / 10M, Empty: 0M, Relocated: 1M, In-Place: 0
[2024-07-21T21:27:05.672+0800][0.390s][gc,reloc    ] GC(1) Medium Pages: 3 / 96M, Empty: 0M, Relocated: 10M, In-Place: 0
[2024-07-21T21:27:05.672+0800][0.390s][gc,reloc    ] GC(1) Large Pages: 0 / 0M, Empty: 0M, Relocated: 0M, In-Place: 0
[2024-07-21T21:27:05.672+0800][0.390s][gc,reloc    ] GC(1) Forwarding Usage: 0M
[2024-07-21T21:27:05.672+0800][0.390s][gc,heap     ] GC(1) Min Capacity: 8M(0%)
[2024-07-21T21:27:05.672+0800][0.390s][gc,heap     ] GC(1) Max Capacity: 2048M(100%)
[2024-07-21T21:27:05.672+0800][0.390s][gc,heap     ] GC(1) Soft Max Capacity: 128M(6%)
[2024-07-21T21:27:05.672+0800][0.390s][gc,heap     ] GC(1)                Mark Start          Mark End        Relocate Start      Relocate End           High               Low         
[2024-07-21T21:27:05.672+0800][0.390s][gc,heap     ] GC(1)  Capacity:      256M (12%)         256M (12%)         256M (12%)         256M (12%)         256M (12%)         256M (12%)    
[2024-07-21T21:27:05.672+0800][0.390s][gc,heap     ] GC(1)      Free:     1942M (95%)        1908M (93%)        1908M (93%)        1976M (96%)        1976M (96%)        1876M (92%)    
[2024-07-21T21:27:05.672+0800][0.390s][gc,heap     ] GC(1)      Used:      106M (5%)          140M (7%)          140M (7%)           72M (4%)          172M (8%)           72M (4%)     
[2024-07-21T21:27:05.672+0800][0.390s][gc,heap     ] GC(1)      Live:         -                14M (1%)           14M (1%)           14M (1%)             -                  -          
[2024-07-21T21:27:05.672+0800][0.390s][gc,heap     ] GC(1) Allocated:         -                34M (2%)           34M (2%)           34M (2%)             -                  -          
[2024-07-21T21:27:05.672+0800][0.390s][gc,heap     ] GC(1)   Garbage:         -                91M (4%)           91M (4%)           23M (1%)             -                  -          
[2024-07-21T21:27:05.672+0800][0.390s][gc,heap     ] GC(1) Reclaimed:         -                  -                 0M (0%)           68M (3%)             -                  -          
[2024-07-21T21:27:05.672+0800][0.390s][gc          ] GC(1) Garbage Collection (Warmup) 106M(5%)->72M(4%)
[2024-07-21T21:27:05.749+0800][0.467s][gc,start    ] GC(2) Garbage Collection (Warmup)
[2024-07-21T21:27:05.749+0800][0.467s][gc,task     ] GC(2) Using 2 workers
[2024-07-21T21:27:05.749+0800][0.467s][gc,phases   ] GC(2) Pause Mark Start 0.009ms
[2024-07-21T21:27:05.759+0800][0.477s][gc,phases   ] GC(2) Concurrent Mark 9.638ms
[2024-07-21T21:27:05.759+0800][0.477s][gc,phases   ] GC(2) Pause Mark End 0.019ms
[2024-07-21T21:27:05.759+0800][0.477s][gc,phases   ] GC(2) Concurrent Mark Free 0.002ms
[2024-07-21T21:27:05.760+0800][0.478s][gc,phases   ] GC(2) Concurrent Process Non-Strong References 0.794ms
[2024-07-21T21:27:05.760+0800][0.478s][gc,phases   ] GC(2) Concurrent Reset Relocation Set 0.003ms
[2024-07-21T21:27:05.762+0800][0.480s][gc,phases   ] GC(2) Concurrent Select Relocation Set 2.597ms
[2024-07-21T21:27:05.763+0800][0.481s][gc,phases   ] GC(2) Pause Relocate Start 0.012ms
[2024-07-21T21:27:05.764+0800][0.482s][gc,phases   ] GC(2) Concurrent Relocate 0.955ms
[2024-07-21T21:27:05.764+0800][0.482s][gc,load     ] GC(2) Load: 0.00/0.00/0.00
[2024-07-21T21:27:05.764+0800][0.482s][gc,mmu      ] GC(2) MMU: 2ms/99.0%, 5ms/99.4%, 10ms/99.7%, 20ms/99.8%, 50ms/99.9%, 100ms/99.9%
[2024-07-21T21:27:05.764+0800][0.482s][gc,marking  ] GC(2) Mark: 2 stripe(s), 2 proactive flush(es), 1 terminate flush(es), 0 completion(s), 0 continuation(s) 
[2024-07-21T21:27:05.764+0800][0.482s][gc,marking  ] GC(2) Mark Stack Usage: 32M
[2024-07-21T21:27:05.764+0800][0.482s][gc,nmethod  ] GC(2) NMethods: 326 registered, 0 unregistered
[2024-07-21T21:27:05.764+0800][0.482s][gc,metaspace] GC(2) Metaspace: 1M used, 1M committed, 1032M reserved
[2024-07-21T21:27:05.764+0800][0.482s][gc,ref      ] GC(2) Soft: 53 encountered, 0 discovered, 0 enqueued
[2024-07-21T21:27:05.764+0800][0.482s][gc,ref      ] GC(2) Weak: 117 encountered, 2 discovered, 0 enqueued
[2024-07-21T21:27:05.764+0800][0.482s][gc,ref      ] GC(2) Final: 0 encountered, 0 discovered, 0 enqueued
[2024-07-21T21:27:05.764+0800][0.482s][gc,ref      ] GC(2) Phantom: 184 encountered, 76 discovered, 0 enqueued
[2024-07-21T21:27:05.764+0800][0.482s][gc,reloc    ] GC(2) Small Pages: 4 / 8M, Empty: 0M, Relocated: 1M, In-Place: 0
[2024-07-21T21:27:05.764+0800][0.482s][gc,reloc    ] GC(2) Medium Pages: 3 / 96M, Empty: 64M, Relocated: 0M, In-Place: 0
[2024-07-21T21:27:05.764+0800][0.482s][gc,reloc    ] GC(2) Large Pages: 0 / 0M, Empty: 0M, Relocated: 0M, In-Place: 0
[2024-07-21T21:27:05.764+0800][0.482s][gc,reloc    ] GC(2) Forwarding Usage: 0M
[2024-07-21T21:27:05.764+0800][0.482s][gc,heap     ] GC(2) Min Capacity: 8M(0%)
[2024-07-21T21:27:05.764+0800][0.482s][gc,heap     ] GC(2) Max Capacity: 2048M(100%)
[2024-07-21T21:27:05.764+0800][0.482s][gc,heap     ] GC(2) Soft Max Capacity: 128M(6%)
[2024-07-21T21:27:05.764+0800][0.482s][gc,heap     ] GC(2)                Mark Start          Mark End        Relocate Start      Relocate End           High               Low         
[2024-07-21T21:27:05.764+0800][0.482s][gc,heap     ] GC(2)  Capacity:      256M (12%)         256M (12%)         256M (12%)         256M (12%)         256M (12%)         256M (12%)    
[2024-07-21T21:27:05.764+0800][0.482s][gc,heap     ] GC(2)      Free:     1944M (95%)        1942M (95%)        2006M (98%)        2006M (98%)        2006M (98%)        1942M (95%)    
[2024-07-21T21:27:05.764+0800][0.482s][gc,heap     ] GC(2)      Used:      104M (5%)          106M (5%)           42M (2%)           42M (2%)          106M (5%)           42M (2%)     
[2024-07-21T21:27:05.764+0800][0.482s][gc,heap     ] GC(2)      Live:         -                 4M (0%)            4M (0%)            4M (0%)             -                  -          
[2024-07-21T21:27:05.764+0800][0.482s][gc,heap     ] GC(2) Allocated:         -                 2M (0%)            2M (0%)            2M (0%)             -                  -          
[2024-07-21T21:27:05.764+0800][0.482s][gc,heap     ] GC(2)   Garbage:         -                99M (5%)           35M (2%)           35M (2%)             -                  -          
[2024-07-21T21:27:05.764+0800][0.482s][gc,heap     ] GC(2) Reclaimed:         -                  -                64M (3%)           64M (3%)             -                  -          
[2024-07-21T21:27:05.764+0800][0.482s][gc          ] GC(2) Garbage Collection (Warmup) 104M(5%)->42M(2%)
[2024-07-21T21:27:05.854+0800][0.572s][gc,start    ] GC(3) Garbage Collection (Allocation Rate)
[2024-07-21T21:27:05.854+0800][0.572s][gc,task     ] GC(3) Using 2 workers
[2024-07-21T21:27:05.854+0800][0.572s][gc,phases   ] GC(3) Pause Mark Start 0.006ms
[2024-07-21T21:27:05.870+0800][0.588s][gc,phases   ] GC(3) Concurrent Mark 15.701ms
[2024-07-21T21:27:05.870+0800][0.588s][gc,phases   ] GC(3) Pause Mark End 0.013ms
[2024-07-21T21:27:05.870+0800][0.588s][gc,phases   ] GC(3) Concurrent Mark Free 0.001ms
[2024-07-21T21:27:05.870+0800][0.588s][gc,phases   ] GC(3) Concurrent Process Non-Strong References 0.466ms
[2024-07-21T21:27:05.870+0800][0.588s][gc,phases   ] GC(3) Concurrent Reset Relocation Set 0.001ms
[2024-07-21T21:27:05.873+0800][0.591s][gc,phases   ] GC(3) Concurrent Select Relocation Set 2.312ms
[2024-07-21T21:27:05.873+0800][0.591s][gc,phases   ] GC(3) Pause Relocate Start 0.007ms
[2024-07-21T21:27:05.876+0800][0.594s][gc,phases   ] GC(3) Concurrent Relocate 3.444ms
[2024-07-21T21:27:05.877+0800][0.595s][gc,load     ] GC(3) Load: 0.00/0.00/0.00
[2024-07-21T21:27:05.877+0800][0.595s][gc,mmu      ] GC(3) MMU: 2ms/99.0%, 5ms/99.4%, 10ms/99.7%, 20ms/99.8%, 50ms/99.9%, 100ms/99.9%
[2024-07-21T21:27:05.877+0800][0.595s][gc,marking  ] GC(3) Mark: 2 stripe(s), 2 proactive flush(es), 1 terminate flush(es), 0 completion(s), 0 continuation(s) 
[2024-07-21T21:27:05.877+0800][0.595s][gc,marking  ] GC(3) Mark Stack Usage: 32M
[2024-07-21T21:27:05.877+0800][0.595s][gc,nmethod  ] GC(3) NMethods: 326 registered, 0 unregistered
[2024-07-21T21:27:05.877+0800][0.595s][gc,metaspace] GC(3) Metaspace: 1M used, 1M committed, 1032M reserved
[2024-07-21T21:27:05.877+0800][0.595s][gc,ref      ] GC(3) Soft: 53 encountered, 0 discovered, 0 enqueued
[2024-07-21T21:27:05.877+0800][0.595s][gc,ref      ] GC(3) Weak: 117 encountered, 93 discovered, 0 enqueued
[2024-07-21T21:27:05.877+0800][0.595s][gc,ref      ] GC(3) Final: 0 encountered, 0 discovered, 0 enqueued
[2024-07-21T21:27:05.877+0800][0.595s][gc,ref      ] GC(3) Phantom: 184 encountered, 93 discovered, 0 enqueued
[2024-07-21T21:27:05.877+0800][0.595s][gc,reloc    ] GC(3) Small Pages: 5 / 10M, Empty: 4M, Relocated: 0M, In-Place: 0
[2024-07-21T21:27:05.877+0800][0.595s][gc,reloc    ] GC(3) Medium Pages: 3 / 96M, Empty: 32M, Relocated: 11M, In-Place: 0
[2024-07-21T21:27:05.877+0800][0.595s][gc,reloc    ] GC(3) Large Pages: 0 / 0M, Empty: 0M, Relocated: 0M, In-Place: 0
[2024-07-21T21:27:05.877+0800][0.595s][gc,reloc    ] GC(3) Forwarding Usage: 0M
[2024-07-21T21:27:05.877+0800][0.595s][gc,heap     ] GC(3) Min Capacity: 8M(0%)
[2024-07-21T21:27:05.877+0800][0.595s][gc,heap     ] GC(3) Max Capacity: 2048M(100%)
[2024-07-21T21:27:05.877+0800][0.595s][gc,heap     ] GC(3) Soft Max Capacity: 128M(6%)
[2024-07-21T21:27:05.877+0800][0.595s][gc,heap     ] GC(3)                Mark Start          Mark End        Relocate Start      Relocate End           High               Low         
[2024-07-21T21:27:05.877+0800][0.595s][gc,heap     ] GC(3)  Capacity:      256M (12%)         256M (12%)         256M (12%)         256M (12%)         256M (12%)         256M (12%)    
[2024-07-21T21:27:05.877+0800][0.595s][gc,heap     ] GC(3)      Free:     1942M (95%)        1908M (93%)        1944M (95%)        1976M (96%)        1976M (96%)        1908M (93%)    
[2024-07-21T21:27:05.877+0800][0.595s][gc,heap     ] GC(3)      Used:      106M (5%)          140M (7%)          104M (5%)           72M (4%)          140M (7%)           72M (4%)     
[2024-07-21T21:27:05.877+0800][0.595s][gc,heap     ] GC(3)      Live:         -                15M (1%)           15M (1%)           15M (1%)             -                  -          
[2024-07-21T21:27:05.877+0800][0.595s][gc,heap     ] GC(3) Allocated:         -                34M (2%)           34M (2%)           34M (2%)             -                  -          
[2024-07-21T21:27:05.877+0800][0.595s][gc,heap     ] GC(3)   Garbage:         -                90M (4%)           54M (3%)           22M (1%)             -                  -          
[2024-07-21T21:27:05.877+0800][0.595s][gc,heap     ] GC(3) Reclaimed:         -                  -                36M (2%)           68M (3%)             -                  -          
[2024-07-21T21:27:05.877+0800][0.595s][gc          ] GC(3) Garbage Collection (Allocation Rate) 106M(5%)->72M(4%)
[2024-07-21T21:27:05.949+0800][0.667s][gc,start    ] GC(4) Garbage Collection (Allocation Rate)
[2024-07-21T21:27:05.949+0800][0.667s][gc,task     ] GC(4) Using 2 workers
[2024-07-21T21:27:05.949+0800][0.667s][gc,phases   ] GC(4) Pause Mark Start 0.005ms
[2024-07-21T21:27:05.965+0800][0.683s][gc,phases   ] GC(4) Concurrent Mark 15.636ms
[2024-07-21T21:27:05.965+0800][0.683s][gc,phases   ] GC(4) Pause Mark End 0.015ms
[2024-07-21T21:27:05.965+0800][0.683s][gc,phases   ] GC(4) Concurrent Mark Free 0.001ms
[2024-07-21T21:27:05.965+0800][0.684s][gc,phases   ] GC(4) Concurrent Process Non-Strong References 0.678ms
[2024-07-21T21:27:05.965+0800][0.684s][gc,phases   ] GC(4) Concurrent Reset Relocation Set 0.001ms
[2024-07-21T21:27:05.968+0800][0.687s][gc,phases   ] GC(4) Concurrent Select Relocation Set 3.256ms
[2024-07-21T21:27:05.969+0800][0.687s][gc,phases   ] GC(4) Pause Relocate Start 0.017ms
[2024-07-21T21:27:05.979+0800][0.697s][gc,phases   ] GC(4) Concurrent Relocate 10.224ms
[2024-07-21T21:27:05.979+0800][0.698s][gc,load     ] GC(4) Load: 0.00/0.00/0.00
[2024-07-21T21:27:05.979+0800][0.698s][gc,mmu      ] GC(4) MMU: 2ms/99.0%, 5ms/99.4%, 10ms/99.7%, 20ms/99.8%, 50ms/99.9%, 100ms/99.9%
[2024-07-21T21:27:05.979+0800][0.698s][gc,marking  ] GC(4) Mark: 2 stripe(s), 2 proactive flush(es), 1 terminate flush(es), 0 completion(s), 0 continuation(s) 
[2024-07-21T21:27:05.979+0800][0.698s][gc,marking  ] GC(4) Mark Stack Usage: 32M
[2024-07-21T21:27:05.979+0800][0.698s][gc,nmethod  ] GC(4) NMethods: 326 registered, 0 unregistered
[2024-07-21T21:27:05.979+0800][0.698s][gc,metaspace] GC(4) Metaspace: 1M used, 1M committed, 1032M reserved
[2024-07-21T21:27:05.979+0800][0.698s][gc,ref      ] GC(4) Soft: 53 encountered, 0 discovered, 0 enqueued
[2024-07-21T21:27:05.979+0800][0.698s][gc,ref      ] GC(4) Weak: 117 encountered, 93 discovered, 0 enqueued
[2024-07-21T21:27:05.979+0800][0.698s][gc,ref      ] GC(4) Final: 0 encountered, 0 discovered, 0 enqueued
[2024-07-21T21:27:05.979+0800][0.698s][gc,ref      ] GC(4) Phantom: 184 encountered, 98 discovered, 0 enqueued
[2024-07-21T21:27:05.979+0800][0.698s][gc,reloc    ] GC(4) Small Pages: 4 / 8M, Empty: 2M, Relocated: 0M, In-Place: 0
[2024-07-21T21:27:05.979+0800][0.698s][gc,reloc    ] GC(4) Medium Pages: 3 / 96M, Empty: 32M, Relocated: 11M, In-Place: 0
[2024-07-21T21:27:05.979+0800][0.698s][gc,reloc    ] GC(4) Large Pages: 0 / 0M, Empty: 0M, Relocated: 0M, In-Place: 0
[2024-07-21T21:27:05.979+0800][0.698s][gc,reloc    ] GC(4) Forwarding Usage: 0M
[2024-07-21T21:27:05.979+0800][0.698s][gc,heap     ] GC(4) Min Capacity: 8M(0%)
[2024-07-21T21:27:05.979+0800][0.698s][gc,heap     ] GC(4) Max Capacity: 2048M(100%)
[2024-07-21T21:27:05.979+0800][0.698s][gc,heap     ] GC(4) Soft Max Capacity: 128M(6%)
[2024-07-21T21:27:05.979+0800][0.698s][gc,heap     ] GC(4)                Mark Start          Mark End        Relocate Start      Relocate End           High               Low         
[2024-07-21T21:27:05.979+0800][0.698s][gc,heap     ] GC(4)  Capacity:      256M (12%)         256M (12%)         256M (12%)         256M (12%)         256M (12%)         256M (12%)    
[2024-07-21T21:27:05.979+0800][0.698s][gc,heap     ] GC(4)      Free:     1944M (95%)        1910M (93%)        1944M (95%)        1976M (96%)        1976M (96%)        1910M (93%)    
[2024-07-21T21:27:05.979+0800][0.698s][gc,heap     ] GC(4)      Used:      104M (5%)          138M (7%)          104M (5%)           72M (4%)          138M (7%)           72M (4%)     
[2024-07-21T21:27:05.979+0800][0.698s][gc,heap     ] GC(4)      Live:         -                15M (1%)           15M (1%)           15M (1%)             -                  -          
[2024-07-21T21:27:05.979+0800][0.698s][gc,heap     ] GC(4) Allocated:         -                34M (2%)           34M (2%)           34M (2%)             -                  -          
[2024-07-21T21:27:05.980+0800][0.698s][gc,heap     ] GC(4)   Garbage:         -                88M (4%)           54M (3%)           22M (1%)             -                  -          
[2024-07-21T21:27:05.980+0800][0.698s][gc,heap     ] GC(4) Reclaimed:         -                  -                34M (2%)           66M (3%)             -                  -          
[2024-07-21T21:27:05.980+0800][0.698s][gc          ] GC(4) Garbage Collection (Allocation Rate) 104M(5%)->72M(4%)
[2024-07-21T21:27:06.060+0800][0.778s][gc,start    ] GC(5) Garbage Collection (Allocation Rate)
[2024-07-21T21:27:06.060+0800][0.778s][gc,task     ] GC(5) Using 2 workers
[2024-07-21T21:27:06.060+0800][0.779s][gc,phases   ] GC(5) Pause Mark Start 0.013ms
[2024-07-21T21:27:06.076+0800][0.794s][gc,phases   ] GC(5) Concurrent Mark 15.413ms
[2024-07-21T21:27:06.076+0800][0.795s][gc,phases   ] GC(5) Pause Mark End 0.026ms
[2024-07-21T21:27:06.076+0800][0.795s][gc,phases   ] GC(5) Concurrent Mark Free 0.001ms
[2024-07-21T21:27:06.077+0800][0.796s][gc,phases   ] GC(5) Concurrent Process Non-Strong References 1.035ms
[2024-07-21T21:27:06.077+0800][0.796s][gc,phases   ] GC(5) Concurrent Reset Relocation Set 0.001ms
[2024-07-21T21:27:06.080+0800][0.799s][gc,phases   ] GC(5) Concurrent Select Relocation Set 2.775ms
[2024-07-21T21:27:06.080+0800][0.799s][gc,phases   ] GC(5) Pause Relocate Start 0.009ms
[2024-07-21T21:27:06.081+0800][0.799s][gc,phases   ] GC(5) Concurrent Relocate 0.544ms
[2024-07-21T21:27:06.081+0800][0.800s][gc,load     ] GC(5) Load: 0.00/0.00/0.00
[2024-07-21T21:27:06.081+0800][0.800s][gc,mmu      ] GC(5) MMU: 2ms/98.7%, 5ms/99.3%, 10ms/99.6%, 20ms/99.8%, 50ms/99.9%, 100ms/99.9%
[2024-07-21T21:27:06.081+0800][0.800s][gc,marking  ] GC(5) Mark: 2 stripe(s), 2 proactive flush(es), 1 terminate flush(es), 0 completion(s), 0 continuation(s) 
[2024-07-21T21:27:06.081+0800][0.800s][gc,marking  ] GC(5) Mark Stack Usage: 32M
[2024-07-21T21:27:06.081+0800][0.800s][gc,nmethod  ] GC(5) NMethods: 327 registered, 0 unregistered
[2024-07-21T21:27:06.081+0800][0.800s][gc,metaspace] GC(5) Metaspace: 1M used, 1M committed, 1032M reserved
[2024-07-21T21:27:06.081+0800][0.800s][gc,ref      ] GC(5) Soft: 53 encountered, 0 discovered, 0 enqueued
[2024-07-21T21:27:06.081+0800][0.800s][gc,ref      ] GC(5) Weak: 117 encountered, 93 discovered, 0 enqueued
[2024-07-21T21:27:06.081+0800][0.800s][gc,ref      ] GC(5) Final: 0 encountered, 0 discovered, 0 enqueued
[2024-07-21T21:27:06.081+0800][0.800s][gc,ref      ] GC(5) Phantom: 184 encountered, 98 discovered, 0 enqueued
[2024-07-21T21:27:06.081+0800][0.800s][gc,reloc    ] GC(5) Small Pages: 4 / 8M, Empty: 2M, Relocated: 0M, In-Place: 0
[2024-07-21T21:27:06.081+0800][0.800s][gc,reloc    ] GC(5) Medium Pages: 3 / 96M, Empty: 32M, Relocated: 1M, In-Place: 0
[2024-07-21T21:27:06.081+0800][0.800s][gc,reloc    ] GC(5) Large Pages: 0 / 0M, Empty: 0M, Relocated: 0M, In-Place: 0
[2024-07-21T21:27:06.081+0800][0.800s][gc,reloc    ] GC(5) Forwarding Usage: 0M
[2024-07-21T21:27:06.081+0800][0.800s][gc,heap     ] GC(5) Min Capacity: 8M(0%)
[2024-07-21T21:27:06.081+0800][0.800s][gc,heap     ] GC(5) Max Capacity: 2048M(100%)
[2024-07-21T21:27:06.081+0800][0.800s][gc,heap     ] GC(5) Soft Max Capacity: 128M(6%)
[2024-07-21T21:27:06.081+0800][0.800s][gc,heap     ] GC(5)                Mark Start          Mark End        Relocate Start      Relocate End           High               Low         
[2024-07-21T21:27:06.081+0800][0.800s][gc,heap     ] GC(5)  Capacity:      256M (12%)         256M (12%)         256M (12%)         256M (12%)         256M (12%)         256M (12%)    
[2024-07-21T21:27:06.081+0800][0.800s][gc,heap     ] GC(5)      Free:     1944M (95%)        1910M (93%)        1944M (95%)        1976M (96%)        1976M (96%)        1910M (93%)    
[2024-07-21T21:27:06.081+0800][0.800s][gc,heap     ] GC(5)      Used:      104M (5%)          138M (7%)          104M (5%)           72M (4%)          138M (7%)           72M (4%)     
[2024-07-21T21:27:06.081+0800][0.800s][gc,heap     ] GC(5)      Live:         -                 5M (0%)            5M (0%)            5M (0%)             -                  -          
[2024-07-21T21:27:06.081+0800][0.800s][gc,heap     ] GC(5) Allocated:         -                34M (2%)           34M (2%)           34M (2%)             -                  -          
[2024-07-21T21:27:06.081+0800][0.800s][gc,heap     ] GC(5)   Garbage:         -                98M (5%)           64M (3%)           32M (2%)             -                  -          
[2024-07-21T21:27:06.082+0800][0.800s][gc,heap     ] GC(5) Reclaimed:         -                  -                34M (2%)           66M (3%)             -                  -          
[2024-07-21T21:27:06.082+0800][0.800s][gc          ] GC(5) Garbage Collection (Allocation Rate) 104M(5%)->72M(4%)
[2024-07-21T21:27:06.155+0800][0.873s][gc,start    ] GC(6) Garbage Collection (Allocation Rate)
[2024-07-21T21:27:06.155+0800][0.873s][gc,task     ] GC(6) Using 2 workers
[2024-07-21T21:27:06.155+0800][0.874s][gc,phases   ] GC(6) Pause Mark Start 0.013ms
[2024-07-21T21:27:06.171+0800][0.889s][gc,phases   ] GC(6) Concurrent Mark 15.588ms
[2024-07-21T21:27:06.171+0800][0.890s][gc,phases   ] GC(6) Pause Mark End 0.030ms
[2024-07-21T21:27:06.171+0800][0.890s][gc,phases   ] GC(6) Concurrent Mark Free 0.002ms
[2024-07-21T21:27:06.172+0800][0.890s][gc,phases   ] GC(6) Concurrent Process Non-Strong References 0.665ms
[2024-07-21T21:27:06.172+0800][0.890s][gc,phases   ] GC(6) Concurrent Reset Relocation Set 0.002ms
[2024-07-21T21:27:06.178+0800][0.896s][gc,phases   ] GC(6) Concurrent Select Relocation Set 6.037ms
[2024-07-21T21:27:06.178+0800][0.897s][gc,phases   ] GC(6) Pause Relocate Start 0.012ms
[2024-07-21T21:27:06.178+0800][0.897s][gc,phases   ] GC(6) Concurrent Relocate 0.374ms
[2024-07-21T21:27:06.179+0800][0.897s][gc,load     ] GC(6) Load: 0.00/0.00/0.00
[2024-07-21T21:27:06.179+0800][0.897s][gc,mmu      ] GC(6) MMU: 2ms/98.5%, 5ms/99.3%, 10ms/99.6%, 20ms/99.8%, 50ms/99.9%, 100ms/99.9%
[2024-07-21T21:27:06.179+0800][0.897s][gc,marking  ] GC(6) Mark: 2 stripe(s), 2 proactive flush(es), 1 terminate flush(es), 0 completion(s), 0 continuation(s) 
[2024-07-21T21:27:06.179+0800][0.897s][gc,marking  ] GC(6) Mark Stack Usage: 32M
[2024-07-21T21:27:06.179+0800][0.897s][gc,nmethod  ] GC(6) NMethods: 327 registered, 0 unregistered
[2024-07-21T21:27:06.179+0800][0.897s][gc,metaspace] GC(6) Metaspace: 1M used, 1M committed, 1032M reserved
[2024-07-21T21:27:06.179+0800][0.897s][gc,ref      ] GC(6) Soft: 53 encountered, 0 discovered, 0 enqueued
[2024-07-21T21:27:06.179+0800][0.897s][gc,ref      ] GC(6) Weak: 117 encountered, 93 discovered, 0 enqueued
[2024-07-21T21:27:06.179+0800][0.897s][gc,ref      ] GC(6) Final: 0 encountered, 0 discovered, 0 enqueued
[2024-07-21T21:27:06.179+0800][0.897s][gc,ref      ] GC(6) Phantom: 184 encountered, 95 discovered, 0 enqueued
[2024-07-21T21:27:06.179+0800][0.897s][gc,reloc    ] GC(6) Small Pages: 4 / 8M, Empty: 2M, Relocated: 0M, In-Place: 0
[2024-07-21T21:27:06.179+0800][0.897s][gc,reloc    ] GC(6) Medium Pages: 3 / 96M, Empty: 32M, Relocated: 1M, In-Place: 0
[2024-07-21T21:27:06.179+0800][0.898s][gc,reloc    ] GC(6) Large Pages: 0 / 0M, Empty: 0M, Relocated: 0M, In-Place: 0
[2024-07-21T21:27:06.179+0800][0.898s][gc,reloc    ] GC(6) Forwarding Usage: 0M
[2024-07-21T21:27:06.179+0800][0.898s][gc,heap     ] GC(6) Min Capacity: 8M(0%)
[2024-07-21T21:27:06.179+0800][0.898s][gc,heap     ] GC(6) Max Capacity: 2048M(100%)
[2024-07-21T21:27:06.179+0800][0.898s][gc,heap     ] GC(6) Soft Max Capacity: 128M(6%)
[2024-07-21T21:27:06.179+0800][0.898s][gc,heap     ] GC(6)                Mark Start          Mark End        Relocate Start      Relocate End           High               Low         
[2024-07-21T21:27:06.179+0800][0.898s][gc,heap     ] GC(6)  Capacity:      256M (12%)         256M (12%)         256M (12%)         256M (12%)         256M (12%)         256M (12%)    
[2024-07-21T21:27:06.179+0800][0.898s][gc,heap     ] GC(6)      Free:     1944M (95%)        1910M (93%)        1944M (95%)        1976M (96%)        1976M (96%)        1910M (93%)    
[2024-07-21T21:27:06.179+0800][0.898s][gc,heap     ] GC(6)      Used:      104M (5%)          138M (7%)          104M (5%)           72M (4%)          138M (7%)           72M (4%)     
[2024-07-21T21:27:06.179+0800][0.898s][gc,heap     ] GC(6)      Live:         -                 5M (0%)            5M (0%)            5M (0%)             -                  -          
[2024-07-21T21:27:06.179+0800][0.898s][gc,heap     ] GC(6) Allocated:         -                34M (2%)           34M (2%)           34M (2%)             -                  -          
[2024-07-21T21:27:06.179+0800][0.898s][gc,heap     ] GC(6)   Garbage:         -                98M (5%)           64M (3%)           32M (2%)             -                  -          
[2024-07-21T21:27:06.179+0800][0.898s][gc,heap     ] GC(6) Reclaimed:         -                  -                34M (2%)           66M (3%)             -                  -          
[2024-07-21T21:27:06.179+0800][0.898s][gc          ] GC(6) Garbage Collection (Allocation Rate) 104M(5%)->72M(4%)
[2024-07-21T21:27:06.251+0800][0.969s][gc,start    ] GC(7) Garbage Collection (Allocation Rate)
[2024-07-21T21:27:06.251+0800][0.969s][gc,task     ] GC(7) Using 2 workers
[2024-07-21T21:27:06.251+0800][0.970s][gc,phases   ] GC(7) Pause Mark Start 0.016ms
[2024-07-21T21:27:06.267+0800][0.985s][gc,phases   ] GC(7) Concurrent Mark 15.277ms
[2024-07-21T21:27:06.267+0800][0.985s][gc,phases   ] GC(7) Pause Mark End 0.016ms
[2024-07-21T21:27:06.267+0800][0.985s][gc,phases   ] GC(7) Concurrent Mark Free 0.001ms
[2024-07-21T21:27:06.267+0800][0.986s][gc,phases   ] GC(7) Concurrent Process Non-Strong References 0.532ms
[2024-07-21T21:27:06.267+0800][0.986s][gc,phases   ] GC(7) Concurrent Reset Relocation Set 0.001ms
[2024-07-21T21:27:06.270+0800][0.989s][gc,phases   ] GC(7) Concurrent Select Relocation Set 2.874ms
[2024-07-21T21:27:06.271+0800][0.989s][gc,phases   ] GC(7) Pause Relocate Start 0.007ms
[2024-07-21T21:27:06.272+0800][0.991s][gc,phases   ] GC(7) Concurrent Relocate 1.863ms
[2024-07-21T21:27:06.273+0800][0.991s][gc,load     ] GC(7) Load: 0.00/0.00/0.00
[2024-07-21T21:27:06.273+0800][0.991s][gc,mmu      ] GC(7) MMU: 2ms/98.5%, 5ms/99.3%, 10ms/99.6%, 20ms/99.8%, 50ms/99.9%, 100ms/99.9%
[2024-07-21T21:27:06.273+0800][0.991s][gc,marking  ] GC(7) Mark: 2 stripe(s), 2 proactive flush(es), 1 terminate flush(es), 0 completion(s), 0 continuation(s) 
[2024-07-21T21:27:06.273+0800][0.991s][gc,marking  ] GC(7) Mark Stack Usage: 32M
[2024-07-21T21:27:06.273+0800][0.991s][gc,nmethod  ] GC(7) NMethods: 327 registered, 0 unregistered
[2024-07-21T21:27:06.273+0800][0.991s][gc,metaspace] GC(7) Metaspace: 1M used, 1M committed, 1032M reserved
[2024-07-21T21:27:06.273+0800][0.991s][gc,ref      ] GC(7) Soft: 53 encountered, 0 discovered, 0 enqueued
[2024-07-21T21:27:06.273+0800][0.991s][gc,ref      ] GC(7) Weak: 117 encountered, 93 discovered, 0 enqueued
[2024-07-21T21:27:06.273+0800][0.991s][gc,ref      ] GC(7) Final: 0 encountered, 0 discovered, 0 enqueued
[2024-07-21T21:27:06.273+0800][0.991s][gc,ref      ] GC(7) Phantom: 184 encountered, 142 discovered, 0 enqueued
[2024-07-21T21:27:06.273+0800][0.991s][gc,reloc    ] GC(7) Small Pages: 4 / 8M, Empty: 2M, Relocated: 0M, In-Place: 0
[2024-07-21T21:27:06.273+0800][0.992s][gc,reloc    ] GC(7) Medium Pages: 3 / 96M, Empty: 32M, Relocated: 5M, In-Place: 0
[2024-07-21T21:27:06.273+0800][0.992s][gc,reloc    ] GC(7) Large Pages: 0 / 0M, Empty: 0M, Relocated: 0M, In-Place: 0
[2024-07-21T21:27:06.273+0800][0.992s][gc,reloc    ] GC(7) Forwarding Usage: 0M
[2024-07-21T21:27:06.273+0800][0.992s][gc,heap     ] GC(7) Min Capacity: 8M(0%)
[2024-07-21T21:27:06.273+0800][0.992s][gc,heap     ] GC(7) Max Capacity: 2048M(100%)
[2024-07-21T21:27:06.273+0800][0.992s][gc,heap     ] GC(7) Soft Max Capacity: 128M(6%)
[2024-07-21T21:27:06.273+0800][0.992s][gc,heap     ] GC(7)                Mark Start          Mark End        Relocate Start      Relocate End           High               Low         
[2024-07-21T21:27:06.273+0800][0.992s][gc,heap     ] GC(7)  Capacity:      256M (12%)         256M (12%)         256M (12%)         256M (12%)         256M (12%)         256M (12%)    
[2024-07-21T21:27:06.273+0800][0.992s][gc,heap     ] GC(7)      Free:     1944M (95%)        1910M (93%)        1944M (95%)        1976M (96%)        1976M (96%)        1910M (93%)    
[2024-07-21T21:27:06.273+0800][0.992s][gc,heap     ] GC(7)      Used:      104M (5%)          138M (7%)          104M (5%)           72M (4%)          138M (7%)           72M (4%)     
[2024-07-21T21:27:06.273+0800][0.992s][gc,heap     ] GC(7)      Live:         -                 9M (0%)            9M (0%)            9M (0%)             -                  -          
[2024-07-21T21:27:06.273+0800][0.992s][gc,heap     ] GC(7) Allocated:         -                34M (2%)           34M (2%)           34M (2%)             -                  -          
[2024-07-21T21:27:06.273+0800][0.992s][gc,heap     ] GC(7)   Garbage:         -                94M (5%)           60M (3%)           28M (1%)             -                  -          
[2024-07-21T21:27:06.273+0800][0.992s][gc,heap     ] GC(7) Reclaimed:         -                  -                34M (2%)           66M (3%)             -                  -          
[2024-07-21T21:27:06.273+0800][0.992s][gc          ] GC(7) Garbage Collection (Allocation Rate) 104M(5%)->72M(4%)
[2024-07-21T21:27:06.347+0800][1.065s][gc,start    ] GC(8) Garbage Collection (Allocation Rate)
[2024-07-21T21:27:06.347+0800][1.065s][gc,task     ] GC(8) Using 2 workers
[2024-07-21T21:27:06.347+0800][1.066s][gc,phases   ] GC(8) Pause Mark Start 0.014ms
[2024-07-21T21:27:06.362+0800][1.081s][gc,phases   ] GC(8) Concurrent Mark 14.749ms
[2024-07-21T21:27:06.362+0800][1.081s][gc,phases   ] GC(8) Pause Mark End 0.047ms
[2024-07-21T21:27:06.362+0800][1.081s][gc,phases   ] GC(8) Concurrent Mark Free 0.002ms
[2024-07-21T21:27:06.363+0800][1.082s][gc,phases   ] GC(8) Concurrent Process Non-Strong References 0.618ms
[2024-07-21T21:27:06.363+0800][1.082s][gc,phases   ] GC(8) Concurrent Reset Relocation Set 0.001ms
[2024-07-21T21:27:06.367+0800][1.085s][gc,phases   ] GC(8) Concurrent Select Relocation Set 3.595ms
[2024-07-21T21:27:06.367+0800][1.085s][gc,phases   ] GC(8) Pause Relocate Start 0.012ms
[2024-07-21T21:27:06.369+0800][1.088s][gc,phases   ] GC(8) Concurrent Relocate 2.544ms
[2024-07-21T21:27:06.369+0800][1.088s][gc,load     ] GC(8) Load: 0.00/0.00/0.00
[2024-07-21T21:27:06.369+0800][1.088s][gc,mmu      ] GC(8) MMU: 2ms/97.6%, 5ms/98.8%, 10ms/99.4%, 20ms/99.6%, 50ms/99.9%, 100ms/99.9%
[2024-07-21T21:27:06.369+0800][1.088s][gc,marking  ] GC(8) Mark: 2 stripe(s), 2 proactive flush(es), 1 terminate flush(es), 0 completion(s), 0 continuation(s) 
[2024-07-21T21:27:06.370+0800][1.088s][gc,marking  ] GC(8) Mark Stack Usage: 32M
[2024-07-21T21:27:06.370+0800][1.088s][gc,nmethod  ] GC(8) NMethods: 372 registered, 0 unregistered
[2024-07-21T21:27:06.370+0800][1.088s][gc,metaspace] GC(8) Metaspace: 1M used, 1M committed, 1032M reserved
[2024-07-21T21:27:06.370+0800][1.088s][gc,ref      ] GC(8) Soft: 93 encountered, 0 discovered, 0 enqueued
[2024-07-21T21:27:06.370+0800][1.088s][gc,ref      ] GC(8) Weak: 136 encountered, 99 discovered, 5 enqueued
[2024-07-21T21:27:06.370+0800][1.088s][gc,ref      ] GC(8) Final: 0 encountered, 0 discovered, 0 enqueued
[2024-07-21T21:27:06.370+0800][1.088s][gc,ref      ] GC(8) Phantom: 189 encountered, 68 discovered, 5 enqueued
[2024-07-21T21:27:06.370+0800][1.088s][gc,reloc    ] GC(8) Small Pages: 6 / 12M, Empty: 2M, Relocated: 1M, In-Place: 0
[2024-07-21T21:27:06.370+0800][1.088s][gc,reloc    ] GC(8) Medium Pages: 3 / 96M, Empty: 32M, Relocated: 3M, In-Place: 0
[2024-07-21T21:27:06.370+0800][1.088s][gc,reloc    ] GC(8) Large Pages: 0 / 0M, Empty: 0M, Relocated: 0M, In-Place: 0
[2024-07-21T21:27:06.370+0800][1.088s][gc,reloc    ] GC(8) Forwarding Usage: 0M
[2024-07-21T21:27:06.370+0800][1.088s][gc,heap     ] GC(8) Min Capacity: 8M(0%)
[2024-07-21T21:27:06.370+0800][1.088s][gc,heap     ] GC(8) Max Capacity: 2048M(100%)
[2024-07-21T21:27:06.370+0800][1.088s][gc,heap     ] GC(8) Soft Max Capacity: 128M(6%)
[2024-07-21T21:27:06.370+0800][1.088s][gc,heap     ] GC(8)                Mark Start          Mark End        Relocate Start      Relocate End           High               Low         
[2024-07-21T21:27:06.370+0800][1.089s][gc,heap     ] GC(8)  Capacity:      256M (12%)         256M (12%)         256M (12%)         256M (12%)         256M (12%)         256M (12%)    
[2024-07-21T21:27:06.370+0800][1.089s][gc,heap     ] GC(8)      Free:     1940M (95%)        1906M (93%)        1940M (95%)        1976M (96%)        1976M (96%)        1906M (93%)    
[2024-07-21T21:27:06.370+0800][1.089s][gc,heap     ] GC(8)      Used:      108M (5%)          142M (7%)          108M (5%)           72M (4%)          142M (7%)           72M (4%)     
[2024-07-21T21:27:06.370+0800][1.089s][gc,heap     ] GC(8)      Live:         -                 7M (0%)            7M (0%)            7M (0%)             -                  -          
[2024-07-21T21:27:06.370+0800][1.089s][gc,heap     ] GC(8) Allocated:         -                34M (2%)           34M (2%)           33M (2%)             -                  -          
[2024-07-21T21:27:06.370+0800][1.089s][gc,heap     ] GC(8)   Garbage:         -               100M (5%)           66M (3%)           30M (1%)             -                  -          
[2024-07-21T21:27:06.370+0800][1.089s][gc,heap     ] GC(8) Reclaimed:         -                  -                34M (2%)           69M (3%)             -                  -          
[2024-07-21T21:27:06.370+0800][1.089s][gc          ] GC(8) Garbage Collection (Allocation Rate) 108M(5%)->72M(4%)
[2024-07-21T21:27:06.458+0800][1.176s][gc,start    ] GC(9) Garbage Collection (Allocation Rate)
[2024-07-21T21:27:06.458+0800][1.176s][gc,task     ] GC(9) Using 2 workers
[2024-07-21T21:27:06.458+0800][1.176s][gc,phases   ] GC(9) Pause Mark Start 0.008ms
[2024-07-21T21:27:06.474+0800][1.192s][gc,phases   ] GC(9) Concurrent Mark 15.657ms
[2024-07-21T21:27:06.474+0800][1.192s][gc,phases   ] GC(9) Pause Mark End 0.015ms
[2024-07-21T21:27:06.474+0800][1.193s][gc,phases   ] GC(9) Concurrent Mark Free 0.002ms
[2024-07-21T21:27:06.475+0800][1.194s][gc,phases   ] GC(9) Concurrent Process Non-Strong References 0.915ms
[2024-07-21T21:27:06.475+0800][1.194s][gc,phases   ] GC(9) Concurrent Reset Relocation Set 0.002ms
[2024-07-21T21:27:06.480+0800][1.198s][gc,phases   ] GC(9) Concurrent Select Relocation Set 3.654ms
[2024-07-21T21:27:06.480+0800][1.198s][gc,phases   ] GC(9) Pause Relocate Start 0.007ms
[2024-07-21T21:27:06.481+0800][1.199s][gc,phases   ] GC(9) Concurrent Relocate 0.966ms
[2024-07-21T21:27:06.481+0800][1.199s][gc,load     ] GC(9) Load: 0.00/0.00/0.00
[2024-07-21T21:27:06.481+0800][1.199s][gc,mmu      ] GC(9) MMU: 2ms/97.6%, 5ms/98.8%, 10ms/99.4%, 20ms/99.6%, 50ms/99.9%, 100ms/99.9%
[2024-07-21T21:27:06.481+0800][1.199s][gc,marking  ] GC(9) Mark: 2 stripe(s), 2 proactive flush(es), 1 terminate flush(es), 0 completion(s), 0 continuation(s) 
[2024-07-21T21:27:06.481+0800][1.199s][gc,marking  ] GC(9) Mark Stack Usage: 32M
[2024-07-21T21:27:06.481+0800][1.199s][gc,nmethod  ] GC(9) NMethods: 375 registered, 0 unregistered
[2024-07-21T21:27:06.481+0800][1.199s][gc,metaspace] GC(9) Metaspace: 1M used, 1M committed, 1032M reserved
[2024-07-21T21:27:06.481+0800][1.199s][gc,ref      ] GC(9) Soft: 93 encountered, 0 discovered, 0 enqueued
[2024-07-21T21:27:06.481+0800][1.199s][gc,ref      ] GC(9) Weak: 131 encountered, 14 discovered, 0 enqueued
[2024-07-21T21:27:06.481+0800][1.199s][gc,ref      ] GC(9) Final: 0 encountered, 0 discovered, 0 enqueued
[2024-07-21T21:27:06.481+0800][1.200s][gc,ref      ] GC(9) Phantom: 184 encountered, 90 discovered, 0 enqueued
[2024-07-21T21:27:06.481+0800][1.200s][gc,reloc    ] GC(9) Small Pages: 4 / 8M, Empty: 0M, Relocated: 1M, In-Place: 0
[2024-07-21T21:27:06.481+0800][1.200s][gc,reloc    ] GC(9) Medium Pages: 3 / 96M, Empty: 32M, Relocated: 1M, In-Place: 0
[2024-07-21T21:27:06.481+0800][1.200s][gc,reloc    ] GC(9) Large Pages: 0 / 0M, Empty: 0M, Relocated: 0M, In-Place: 0
[2024-07-21T21:27:06.481+0800][1.200s][gc,reloc    ] GC(9) Forwarding Usage: 0M
[2024-07-21T21:27:06.481+0800][1.200s][gc,heap     ] GC(9) Min Capacity: 8M(0%)
[2024-07-21T21:27:06.481+0800][1.200s][gc,heap     ] GC(9) Max Capacity: 2048M(100%)
[2024-07-21T21:27:06.481+0800][1.200s][gc,heap     ] GC(9) Soft Max Capacity: 128M(6%)
[2024-07-21T21:27:06.481+0800][1.200s][gc,heap     ] GC(9)                Mark Start          Mark End        Relocate Start      Relocate End           High               Low         
[2024-07-21T21:27:06.481+0800][1.200s][gc,heap     ] GC(9)  Capacity:      256M (12%)         256M (12%)         256M (12%)         256M (12%)         256M (12%)         256M (12%)    
[2024-07-21T21:27:06.481+0800][1.200s][gc,heap     ] GC(9)      Free:     1944M (95%)        1910M (93%)        1942M (95%)        1976M (96%)        1976M (96%)        1910M (93%)    
[2024-07-21T21:27:06.481+0800][1.200s][gc,heap     ] GC(9)      Used:      104M (5%)          138M (7%)          106M (5%)           72M (4%)          138M (7%)           72M (4%)     
[2024-07-21T21:27:06.481+0800][1.200s][gc,heap     ] GC(9)      Live:         -                 5M (0%)            5M (0%)            5M (0%)             -                  -          
[2024-07-21T21:27:06.481+0800][1.200s][gc,heap     ] GC(9) Allocated:         -                34M (2%)           34M (2%)           34M (2%)             -                  -          
[2024-07-21T21:27:06.481+0800][1.200s][gc,heap     ] GC(9)   Garbage:         -                98M (5%)           66M (3%)           32M (2%)             -                  -          
[2024-07-21T21:27:06.481+0800][1.200s][gc,heap     ] GC(9) Reclaimed:         -                  -                32M (2%)           66M (3%)             -                  -          
[2024-07-21T21:27:06.481+0800][1.200s][gc          ] GC(9) Garbage Collection (Allocation Rate) 104M(5%)->72M(4%)
[2024-07-21T21:27:06.553+0800][1.271s][gc,start    ] GC(10) Garbage Collection (Allocation Rate)
[2024-07-21T21:27:06.553+0800][1.271s][gc,task     ] GC(10) Using 2 workers
[2024-07-21T21:27:06.553+0800][1.271s][gc,phases   ] GC(10) Pause Mark Start 0.007ms
[2024-07-21T21:27:06.569+0800][1.287s][gc,phases   ] GC(10) Concurrent Mark 15.756ms
[2024-07-21T21:27:06.569+0800][1.287s][gc,phases   ] GC(10) Pause Mark End 0.010ms
[2024-07-21T21:27:06.569+0800][1.287s][gc,phases   ] GC(10) Concurrent Mark Free 0.001ms
[2024-07-21T21:27:06.570+0800][1.288s][gc,phases   ] GC(10) Concurrent Process Non-Strong References 0.654ms
[2024-07-21T21:27:06.570+0800][1.288s][gc,phases   ] GC(10) Concurrent Reset Relocation Set 0.001ms
[2024-07-21T21:27:06.573+0800][1.291s][gc,phases   ] GC(10) Concurrent Select Relocation Set 3.223ms
[2024-07-21T21:27:06.573+0800][1.291s][gc,phases   ] GC(10) Pause Relocate Start 0.010ms
[2024-07-21T21:27:06.574+0800][1.292s][gc,phases   ] GC(10) Concurrent Relocate 0.752ms
[2024-07-21T21:27:06.574+0800][1.292s][gc,load     ] GC(10) Load: 0.00/0.00/0.00
[2024-07-21T21:27:06.574+0800][1.292s][gc,mmu      ] GC(10) MMU: 2ms/97.6%, 5ms/98.8%, 10ms/99.4%, 20ms/99.6%, 50ms/99.9%, 100ms/99.9%
[2024-07-21T21:27:06.574+0800][1.292s][gc,marking  ] GC(10) Mark: 2 stripe(s), 2 proactive flush(es), 1 terminate flush(es), 0 completion(s), 0 continuation(s) 
[2024-07-21T21:27:06.574+0800][1.292s][gc,marking  ] GC(10) Mark Stack Usage: 32M
[2024-07-21T21:27:06.574+0800][1.292s][gc,nmethod  ] GC(10) NMethods: 376 registered, 0 unregistered
[2024-07-21T21:27:06.574+0800][1.292s][gc,metaspace] GC(10) Metaspace: 1M used, 1M committed, 1032M reserved
[2024-07-21T21:27:06.574+0800][1.292s][gc,ref      ] GC(10) Soft: 93 encountered, 0 discovered, 0 enqueued
[2024-07-21T21:27:06.574+0800][1.292s][gc,ref      ] GC(10) Weak: 131 encountered, 4 discovered, 0 enqueued
[2024-07-21T21:27:06.574+0800][1.292s][gc,ref      ] GC(10) Final: 0 encountered, 0 discovered, 0 enqueued
[2024-07-21T21:27:06.574+0800][1.292s][gc,ref      ] GC(10) Phantom: 184 encountered, 176 discovered, 0 enqueued
[2024-07-21T21:27:06.574+0800][1.292s][gc,reloc    ] GC(10) Small Pages: 4 / 8M, Empty: 2M, Relocated: 0M, In-Place: 0
[2024-07-21T21:27:06.574+0800][1.293s][gc,reloc    ] GC(10) Medium Pages: 3 / 96M, Empty: 32M, Relocated: 1M, In-Place: 0
[2024-07-21T21:27:06.574+0800][1.293s][gc,reloc    ] GC(10) Large Pages: 0 / 0M, Empty: 0M, Relocated: 0M, In-Place: 0
[2024-07-21T21:27:06.574+0800][1.293s][gc,reloc    ] GC(10) Forwarding Usage: 0M
[2024-07-21T21:27:06.574+0800][1.293s][gc,heap     ] GC(10) Min Capacity: 8M(0%)
[2024-07-21T21:27:06.574+0800][1.293s][gc,heap     ] GC(10) Max Capacity: 2048M(100%)
[2024-07-21T21:27:06.574+0800][1.293s][gc,heap     ] GC(10) Soft Max Capacity: 128M(6%)
[2024-07-21T21:27:06.574+0800][1.293s][gc,heap     ] GC(10)                Mark Start          Mark End        Relocate Start      Relocate End           High               Low         
[2024-07-21T21:27:06.574+0800][1.293s][gc,heap     ] GC(10)  Capacity:      256M (12%)         256M (12%)         256M (12%)         256M (12%)         256M (12%)         256M (12%)    
[2024-07-21T21:27:06.574+0800][1.293s][gc,heap     ] GC(10)      Free:     1944M (95%)        1910M (93%)        1944M (95%)        1976M (96%)        1976M (96%)        1910M (93%)    
[2024-07-21T21:27:06.574+0800][1.293s][gc,heap     ] GC(10)      Used:      104M (5%)          138M (7%)          104M (5%)           72M (4%)          138M (7%)           72M (4%)     
[2024-07-21T21:27:06.575+0800][1.293s][gc,heap     ] GC(10)      Live:         -                 5M (0%)            5M (0%)            5M (0%)             -                  -          
[2024-07-21T21:27:06.575+0800][1.293s][gc,heap     ] GC(10) Allocated:         -                34M (2%)           34M (2%)           34M (2%)             -                  -          
[2024-07-21T21:27:06.575+0800][1.293s][gc,heap     ] GC(10)   Garbage:         -                98M (5%)           64M (3%)           32M (2%)             -                  -          
[2024-07-21T21:27:06.575+0800][1.293s][gc,heap     ] GC(10) Reclaimed:         -                  -                34M (2%)           66M (3%)             -                  -          
[2024-07-21T21:27:06.575+0800][1.293s][gc          ] GC(10) Garbage Collection (Allocation Rate) 104M(5%)->72M(4%)
[2024-07-21T21:27:06.649+0800][1.367s][gc,start    ] GC(11) Garbage Collection (Allocation Rate)
[2024-07-21T21:27:06.649+0800][1.367s][gc,task     ] GC(11) Using 2 workers
[2024-07-21T21:27:06.649+0800][1.367s][gc,phases   ] GC(11) Pause Mark Start 0.007ms
[2024-07-21T21:27:06.665+0800][1.383s][gc,phases   ] GC(11) Concurrent Mark 15.629ms
[2024-07-21T21:27:06.665+0800][1.383s][gc,phases   ] GC(11) Pause Mark End 0.019ms
[2024-07-21T21:27:06.665+0800][1.383s][gc,phases   ] GC(11) Concurrent Mark Free 0.002ms
[2024-07-21T21:27:06.666+0800][1.384s][gc,phases   ] GC(11) Concurrent Process Non-Strong References 0.937ms
[2024-07-21T21:27:06.666+0800][1.384s][gc,phases   ] GC(11) Concurrent Reset Relocation Set 0.002ms
[2024-07-21T21:27:06.669+0800][1.387s][gc,phases   ] GC(11) Concurrent Select Relocation Set 2.975ms
[2024-07-21T21:27:06.669+0800][1.387s][gc,phases   ] GC(11) Pause Relocate Start 0.007ms
[2024-07-21T21:27:06.670+0800][1.388s][gc,phases   ] GC(11) Concurrent Relocate 0.372ms
[2024-07-21T21:27:06.670+0800][1.388s][gc,load     ] GC(11) Load: 0.00/0.00/0.00
[2024-07-21T21:27:06.670+0800][1.388s][gc,mmu      ] GC(11) MMU: 2ms/97.6%, 5ms/98.8%, 10ms/99.4%, 20ms/99.6%, 50ms/99.9%, 100ms/99.9%
[2024-07-21T21:27:06.670+0800][1.388s][gc,marking  ] GC(11) Mark: 2 stripe(s), 2 proactive flush(es), 1 terminate flush(es), 0 completion(s), 0 continuation(s) 
[2024-07-21T21:27:06.670+0800][1.388s][gc,marking  ] GC(11) Mark Stack Usage: 32M
[2024-07-21T21:27:06.670+0800][1.388s][gc,nmethod  ] GC(11) NMethods: 377 registered, 0 unregistered
[2024-07-21T21:27:06.670+0800][1.388s][gc,metaspace] GC(11) Metaspace: 1M used, 1M committed, 1032M reserved
[2024-07-21T21:27:06.670+0800][1.388s][gc,ref      ] GC(11) Soft: 93 encountered, 0 discovered, 0 enqueued
[2024-07-21T21:27:06.670+0800][1.388s][gc,ref      ] GC(11) Weak: 131 encountered, 3 discovered, 0 enqueued
[2024-07-21T21:27:06.670+0800][1.388s][gc,ref      ] GC(11) Final: 0 encountered, 0 discovered, 0 enqueued
[2024-07-21T21:27:06.670+0800][1.388s][gc,ref      ] GC(11) Phantom: 184 encountered, 113 discovered, 0 enqueued
[2024-07-21T21:27:06.670+0800][1.388s][gc,reloc    ] GC(11) Small Pages: 4 / 8M, Empty: 2M, Relocated: 0M, In-Place: 0
[2024-07-21T21:27:06.670+0800][1.388s][gc,reloc    ] GC(11) Medium Pages: 3 / 96M, Empty: 32M, Relocated: 1M, In-Place: 0
[2024-07-21T21:27:06.670+0800][1.388s][gc,reloc    ] GC(11) Large Pages: 0 / 0M, Empty: 0M, Relocated: 0M, In-Place: 0
[2024-07-21T21:27:06.670+0800][1.388s][gc,reloc    ] GC(11) Forwarding Usage: 0M
[2024-07-21T21:27:06.670+0800][1.388s][gc,heap     ] GC(11) Min Capacity: 8M(0%)
[2024-07-21T21:27:06.670+0800][1.388s][gc,heap     ] GC(11) Max Capacity: 2048M(100%)
[2024-07-21T21:27:06.670+0800][1.388s][gc,heap     ] GC(11) Soft Max Capacity: 128M(6%)
[2024-07-21T21:27:06.670+0800][1.388s][gc,heap     ] GC(11)                Mark Start          Mark End        Relocate Start      Relocate End           High               Low         
[2024-07-21T21:27:06.670+0800][1.388s][gc,heap     ] GC(11)  Capacity:      256M (12%)         256M (12%)         256M (12%)         256M (12%)         256M (12%)         256M (12%)    
[2024-07-21T21:27:06.670+0800][1.388s][gc,heap     ] GC(11)      Free:     1944M (95%)        1910M (93%)        1944M (95%)        1976M (96%)        1976M (96%)        1910M (93%)    
[2024-07-21T21:27:06.670+0800][1.388s][gc,heap     ] GC(11)      Used:      104M (5%)          138M (7%)          104M (5%)           72M (4%)          138M (7%)           72M (4%)     
[2024-07-21T21:27:06.670+0800][1.388s][gc,heap     ] GC(11)      Live:         -                 5M (0%)            5M (0%)            5M (0%)             -                  -          
[2024-07-21T21:27:06.670+0800][1.388s][gc,heap     ] GC(11) Allocated:         -                34M (2%)           34M (2%)           34M (2%)             -                  -          
[2024-07-21T21:27:06.670+0800][1.388s][gc,heap     ] GC(11)   Garbage:         -                98M (5%)           64M (3%)           32M (2%)             -                  -          
[2024-07-21T21:27:06.670+0800][1.388s][gc,heap     ] GC(11) Reclaimed:         -                  -                34M (2%)           66M (3%)             -                  -          
[2024-07-21T21:27:06.670+0800][1.388s][gc          ] GC(11) Garbage Collection (Allocation Rate) 104M(5%)->72M(4%)
[2024-07-21T21:27:06.761+0800][1.479s][gc,start    ] GC(12) Garbage Collection (Allocation Rate)
[2024-07-21T21:27:06.761+0800][1.479s][gc,task     ] GC(12) Using 2 workers
[2024-07-21T21:27:06.761+0800][1.479s][gc,phases   ] GC(12) Pause Mark Start 0.009ms
[2024-07-21T21:27:06.777+0800][1.495s][gc,phases   ] GC(12) Concurrent Mark 15.653ms
[2024-07-21T21:27:06.777+0800][1.495s][gc,phases   ] GC(12) Pause Mark End 0.012ms
[2024-07-21T21:27:06.777+0800][1.495s][gc,phases   ] GC(12) Concurrent Mark Free 0.001ms
[2024-07-21T21:27:06.777+0800][1.496s][gc,phases   ] GC(12) Concurrent Process Non-Strong References 0.666ms
[2024-07-21T21:27:06.778+0800][1.496s][gc,phases   ] GC(12) Concurrent Reset Relocation Set 0.003ms
[2024-07-21T21:27:06.780+0800][1.499s][gc,phases   ] GC(12) Concurrent Select Relocation Set 2.654ms
[2024-07-21T21:27:06.781+0800][1.499s][gc,phases   ] GC(12) Pause Relocate Start 0.017ms
[2024-07-21T21:27:06.784+0800][1.502s][gc,phases   ] GC(12) Concurrent Relocate 3.337ms
[2024-07-21T21:27:06.784+0800][1.502s][gc,load     ] GC(12) Load: 0.00/0.00/0.00
[2024-07-21T21:27:06.784+0800][1.502s][gc,mmu      ] GC(12) MMU: 2ms/97.6%, 5ms/98.8%, 10ms/99.4%, 20ms/99.6%, 50ms/99.9%, 100ms/99.9%
[2024-07-21T21:27:06.784+0800][1.502s][gc,marking  ] GC(12) Mark: 2 stripe(s), 2 proactive flush(es), 1 terminate flush(es), 0 completion(s), 0 continuation(s) 
[2024-07-21T21:27:06.784+0800][1.502s][gc,marking  ] GC(12) Mark Stack Usage: 32M
[2024-07-21T21:27:06.784+0800][1.502s][gc,nmethod  ] GC(12) NMethods: 377 registered, 0 unregistered
[2024-07-21T21:27:06.784+0800][1.502s][gc,metaspace] GC(12) Metaspace: 1M used, 1M committed, 1032M reserved
[2024-07-21T21:27:06.784+0800][1.502s][gc,ref      ] GC(12) Soft: 93 encountered, 0 discovered, 0 enqueued
[2024-07-21T21:27:06.784+0800][1.502s][gc,ref      ] GC(12) Weak: 131 encountered, 2 discovered, 0 enqueued
[2024-07-21T21:27:06.784+0800][1.502s][gc,ref      ] GC(12) Final: 0 encountered, 0 discovered, 0 enqueued
[2024-07-21T21:27:06.784+0800][1.502s][gc,ref      ] GC(12) Phantom: 184 encountered, 88 discovered, 0 enqueued
[2024-07-21T21:27:06.784+0800][1.502s][gc,reloc    ] GC(12) Small Pages: 4 / 8M, Empty: 2M, Relocated: 0M, In-Place: 0
[2024-07-21T21:27:06.784+0800][1.502s][gc,reloc    ] GC(12) Medium Pages: 4 / 128M, Empty: 32M, Relocated: 13M, In-Place: 0
[2024-07-21T21:27:06.784+0800][1.502s][gc,reloc    ] GC(12) Large Pages: 0 / 0M, Empty: 0M, Relocated: 0M, In-Place: 0
[2024-07-21T21:27:06.784+0800][1.503s][gc,reloc    ] GC(12) Forwarding Usage: 0M
[2024-07-21T21:27:06.784+0800][1.503s][gc,heap     ] GC(12) Min Capacity: 8M(0%)
[2024-07-21T21:27:06.784+0800][1.503s][gc,heap     ] GC(12) Max Capacity: 2048M(100%)
[2024-07-21T21:27:06.784+0800][1.503s][gc,heap     ] GC(12) Soft Max Capacity: 128M(6%)
[2024-07-21T21:27:06.784+0800][1.503s][gc,heap     ] GC(12)                Mark Start          Mark End        Relocate Start      Relocate End           High               Low         
[2024-07-21T21:27:06.784+0800][1.503s][gc,heap     ] GC(12)  Capacity:      256M (12%)         256M (12%)         256M (12%)         256M (12%)         256M (12%)         256M (12%)    
[2024-07-21T21:27:06.784+0800][1.503s][gc,heap     ] GC(12)      Free:     1912M (93%)        1878M (92%)        1912M (93%)        1976M (96%)        1976M (96%)        1878M (92%)    
[2024-07-21T21:27:06.784+0800][1.503s][gc,heap     ] GC(12)      Used:      136M (7%)          170M (8%)          136M (7%)           72M (4%)          170M (8%)           72M (4%)     
[2024-07-21T21:27:06.784+0800][1.503s][gc,heap     ] GC(12)      Live:         -                17M (1%)           17M (1%)           17M (1%)             -                  -          
[2024-07-21T21:27:06.784+0800][1.503s][gc,heap     ] GC(12) Allocated:         -                34M (2%)           34M (2%)           34M (2%)             -                  -          
[2024-07-21T21:27:06.784+0800][1.503s][gc,heap     ] GC(12)   Garbage:         -               118M (6%)           84M (4%)           20M (1%)             -                  -          
[2024-07-21T21:27:06.784+0800][1.503s][gc,heap     ] GC(12) Reclaimed:         -                  -                34M (2%)           98M (5%)             -                  -          
[2024-07-21T21:27:06.784+0800][1.503s][gc          ] GC(12) Garbage Collection (Allocation Rate) 136M(7%)->72M(4%)
[2024-07-21T21:27:06.856+0800][1.574s][gc,start    ] GC(13) Garbage Collection (Allocation Rate)
[2024-07-21T21:27:06.856+0800][1.574s][gc,task     ] GC(13) Using 2 workers
[2024-07-21T21:27:06.856+0800][1.574s][gc,phases   ] GC(13) Pause Mark Start 0.007ms
[2024-07-21T21:27:06.872+0800][1.590s][gc,phases   ] GC(13) Concurrent Mark 15.472ms
[2024-07-21T21:27:06.872+0800][1.590s][gc,phases   ] GC(13) Pause Mark End 0.011ms
[2024-07-21T21:27:06.872+0800][1.590s][gc,phases   ] GC(13) Concurrent Mark Free 0.001ms
[2024-07-21T21:27:06.873+0800][1.591s][gc,phases   ] GC(13) Concurrent Process Non-Strong References 0.688ms
[2024-07-21T21:27:06.873+0800][1.591s][gc,phases   ] GC(13) Concurrent Reset Relocation Set 0.002ms
[2024-07-21T21:27:06.876+0800][1.594s][gc,phases   ] GC(13) Concurrent Select Relocation Set 2.611ms
[2024-07-21T21:27:06.876+0800][1.594s][gc,phases   ] GC(13) Pause Relocate Start 0.014ms
[2024-07-21T21:27:06.879+0800][1.597s][gc,phases   ] GC(13) Concurrent Relocate 3.398ms
[2024-07-21T21:27:06.879+0800][1.598s][gc,load     ] GC(13) Load: 0.00/0.00/0.00
[2024-07-21T21:27:06.879+0800][1.598s][gc,mmu      ] GC(13) MMU: 2ms/97.6%, 5ms/98.8%, 10ms/99.4%, 20ms/99.6%, 50ms/99.9%, 100ms/99.9%
[2024-07-21T21:27:06.879+0800][1.598s][gc,marking  ] GC(13) Mark: 2 stripe(s), 2 proactive flush(es), 1 terminate flush(es), 0 completion(s), 0 continuation(s) 
[2024-07-21T21:27:06.879+0800][1.598s][gc,marking  ] GC(13) Mark Stack Usage: 32M
[2024-07-21T21:27:06.879+0800][1.598s][gc,nmethod  ] GC(13) NMethods: 377 registered, 0 unregistered
[2024-07-21T21:27:06.879+0800][1.598s][gc,metaspace] GC(13) Metaspace: 1M used, 1M committed, 1032M reserved
[2024-07-21T21:27:06.879+0800][1.598s][gc,ref      ] GC(13) Soft: 93 encountered, 0 discovered, 0 enqueued
[2024-07-21T21:27:06.879+0800][1.598s][gc,ref      ] GC(13) Weak: 131 encountered, 2 discovered, 0 enqueued
[2024-07-21T21:27:06.879+0800][1.598s][gc,ref      ] GC(13) Final: 0 encountered, 0 discovered, 0 enqueued
[2024-07-21T21:27:06.879+0800][1.598s][gc,ref      ] GC(13) Phantom: 184 encountered, 94 discovered, 0 enqueued
[2024-07-21T21:27:06.879+0800][1.598s][gc,reloc    ] GC(13) Small Pages: 4 / 8M, Empty: 2M, Relocated: 0M, In-Place: 0
[2024-07-21T21:27:06.879+0800][1.598s][gc,reloc    ] GC(13) Medium Pages: 3 / 96M, Empty: 0M, Relocated: 13M, In-Place: 0
[2024-07-21T21:27:06.880+0800][1.598s][gc,reloc    ] GC(13) Large Pages: 0 / 0M, Empty: 0M, Relocated: 0M, In-Place: 0
[2024-07-21T21:27:06.880+0800][1.598s][gc,reloc    ] GC(13) Forwarding Usage: 0M
[2024-07-21T21:27:06.880+0800][1.598s][gc,heap     ] GC(13) Min Capacity: 8M(0%)
[2024-07-21T21:27:06.880+0800][1.598s][gc,heap     ] GC(13) Max Capacity: 2048M(100%)
[2024-07-21T21:27:06.880+0800][1.598s][gc,heap     ] GC(13) Soft Max Capacity: 128M(6%)
[2024-07-21T21:27:06.880+0800][1.598s][gc,heap     ] GC(13)                Mark Start          Mark End        Relocate Start      Relocate End           High               Low         
[2024-07-21T21:27:06.880+0800][1.598s][gc,heap     ] GC(13)  Capacity:      256M (12%)         256M (12%)         256M (12%)         256M (12%)         256M (12%)         256M (12%)    
[2024-07-21T21:27:06.880+0800][1.598s][gc,heap     ] GC(13)      Free:     1944M (95%)        1910M (93%)        1912M (93%)        1976M (96%)        1976M (96%)        1880M (92%)    
[2024-07-21T21:27:06.880+0800][1.598s][gc,heap     ] GC(13)      Used:      104M (5%)          138M (7%)          136M (7%)           72M (4%)          168M (8%)           72M (4%)     
[2024-07-21T21:27:06.880+0800][1.598s][gc,heap     ] GC(13)      Live:         -                17M (1%)           17M (1%)           17M (1%)             -                  -          
[2024-07-21T21:27:06.880+0800][1.598s][gc,heap     ] GC(13) Allocated:         -                34M (2%)           34M (2%)           34M (2%)             -                  -          
[2024-07-21T21:27:06.880+0800][1.598s][gc,heap     ] GC(13)   Garbage:         -                86M (4%)           84M (4%)           20M (1%)             -                  -          
[2024-07-21T21:27:06.880+0800][1.598s][gc,heap     ] GC(13) Reclaimed:         -                  -                 2M (0%)           66M (3%)             -                  -          
[2024-07-21T21:27:06.880+0800][1.598s][gc          ] GC(13) Garbage Collection (Allocation Rate) 104M(5%)->72M(4%)
[2024-07-21T21:27:06.951+0800][1.669s][gc,start    ] GC(14) Garbage Collection (Allocation Rate)
[2024-07-21T21:27:06.951+0800][1.669s][gc,task     ] GC(14) Using 2 workers
[2024-07-21T21:27:06.951+0800][1.670s][gc,phases   ] GC(14) Pause Mark Start 0.006ms
[2024-07-21T21:27:06.967+0800][1.685s][gc,phases   ] GC(14) Concurrent Mark 15.597ms
[2024-07-21T21:27:06.967+0800][1.686s][gc,phases   ] GC(14) Pause Mark End 0.038ms
[2024-07-21T21:27:06.968+0800][1.686s][gc,phases   ] GC(14) Concurrent Mark Free 0.004ms
[2024-07-21T21:27:06.969+0800][1.687s][gc,phases   ] GC(14) Concurrent Process Non-Strong References 0.774ms
[2024-07-21T21:27:06.969+0800][1.687s][gc,phases   ] GC(14) Concurrent Reset Relocation Set 0.001ms
[2024-07-21T21:27:06.971+0800][1.689s][gc,phases   ] GC(14) Concurrent Select Relocation Set 2.176ms
[2024-07-21T21:27:06.971+0800][1.689s][gc,phases   ] GC(14) Pause Relocate Start 0.006ms
[2024-07-21T21:27:06.971+0800][1.690s][gc,phases   ] GC(14) Concurrent Relocate 0.258ms
[2024-07-21T21:27:06.971+0800][1.690s][gc,load     ] GC(14) Load: 0.00/0.00/0.00
[2024-07-21T21:27:06.971+0800][1.690s][gc,mmu      ] GC(14) MMU: 2ms/97.6%, 5ms/98.8%, 10ms/99.4%, 20ms/99.6%, 50ms/99.9%, 100ms/99.9%
[2024-07-21T21:27:06.971+0800][1.690s][gc,marking  ] GC(14) Mark: 2 stripe(s), 2 proactive flush(es), 1 terminate flush(es), 0 completion(s), 0 continuation(s) 
[2024-07-21T21:27:06.971+0800][1.690s][gc,marking  ] GC(14) Mark Stack Usage: 32M
[2024-07-21T21:27:06.971+0800][1.690s][gc,nmethod  ] GC(14) NMethods: 380 registered, 0 unregistered
[2024-07-21T21:27:06.971+0800][1.690s][gc,metaspace] GC(14) Metaspace: 1M used, 1M committed, 1032M reserved
[2024-07-21T21:27:06.972+0800][1.690s][gc,ref      ] GC(14) Soft: 93 encountered, 0 discovered, 0 enqueued
[2024-07-21T21:27:06.972+0800][1.690s][gc,ref      ] GC(14) Weak: 131 encountered, 2 discovered, 0 enqueued
[2024-07-21T21:27:06.972+0800][1.690s][gc,ref      ] GC(14) Final: 0 encountered, 0 discovered, 0 enqueued
[2024-07-21T21:27:06.972+0800][1.690s][gc,ref      ] GC(14) Phantom: 184 encountered, 94 discovered, 0 enqueued
[2024-07-21T21:27:06.972+0800][1.690s][gc,reloc    ] GC(14) Small Pages: 4 / 8M, Empty: 2M, Relocated: 0M, In-Place: 0
[2024-07-21T21:27:06.972+0800][1.690s][gc,reloc    ] GC(14) Medium Pages: 3 / 96M, Empty: 32M, Relocated: 1M, In-Place: 0
[2024-07-21T21:27:06.972+0800][1.690s][gc,reloc    ] GC(14) Large Pages: 0 / 0M, Empty: 0M, Relocated: 0M, In-Place: 0
[2024-07-21T21:27:06.972+0800][1.690s][gc,reloc    ] GC(14) Forwarding Usage: 0M
[2024-07-21T21:27:06.972+0800][1.690s][gc,heap     ] GC(14) Min Capacity: 8M(0%)
[2024-07-21T21:27:06.972+0800][1.690s][gc,heap     ] GC(14) Max Capacity: 2048M(100%)
[2024-07-21T21:27:06.972+0800][1.690s][gc,heap     ] GC(14) Soft Max Capacity: 128M(6%)
[2024-07-21T21:27:06.972+0800][1.690s][gc,heap     ] GC(14)                Mark Start          Mark End        Relocate Start      Relocate End           High               Low         
[2024-07-21T21:27:06.972+0800][1.690s][gc,heap     ] GC(14)  Capacity:      256M (12%)         256M (12%)         256M (12%)         256M (12%)         256M (12%)         256M (12%)    
[2024-07-21T21:27:06.972+0800][1.690s][gc,heap     ] GC(14)      Free:     1944M (95%)        1910M (93%)        1944M (95%)        1976M (96%)        1976M (96%)        1910M (93%)    
[2024-07-21T21:27:06.972+0800][1.690s][gc,heap     ] GC(14)      Used:      104M (5%)          138M (7%)          104M (5%)           72M (4%)          138M (7%)           72M (4%)     
[2024-07-21T21:27:06.972+0800][1.690s][gc,heap     ] GC(14)      Live:         -                 5M (0%)            5M (0%)            5M (0%)             -                  -          
[2024-07-21T21:27:06.972+0800][1.690s][gc,heap     ] GC(14) Allocated:         -                34M (2%)           34M (2%)           34M (2%)             -                  -          
[2024-07-21T21:27:06.972+0800][1.690s][gc,heap     ] GC(14)   Garbage:         -                98M (5%)           64M (3%)           32M (2%)             -                  -          
[2024-07-21T21:27:06.972+0800][1.690s][gc,heap     ] GC(14) Reclaimed:         -                  -                34M (2%)           66M (3%)             -                  -          
[2024-07-21T21:27:06.972+0800][1.690s][gc          ] GC(14) Garbage Collection (Allocation Rate) 104M(5%)->72M(4%)
[2024-07-21T21:27:07.062+0800][1.780s][gc,start    ] GC(15) Garbage Collection (Allocation Rate)
[2024-07-21T21:27:07.062+0800][1.780s][gc,task     ] GC(15) Using 2 workers
[2024-07-21T21:27:07.062+0800][1.780s][gc,phases   ] GC(15) Pause Mark Start 0.009ms
[2024-07-21T21:27:07.078+0800][1.796s][gc,phases   ] GC(15) Concurrent Mark 15.208ms
[2024-07-21T21:27:07.078+0800][1.796s][gc,phases   ] GC(15) Pause Mark End 0.010ms
[2024-07-21T21:27:07.078+0800][1.796s][gc,phases   ] GC(15) Concurrent Mark Free 0.001ms
[2024-07-21T21:27:07.079+0800][1.797s][gc,phases   ] GC(15) Concurrent Process Non-Strong References 1.099ms
[2024-07-21T21:27:07.079+0800][1.797s][gc,phases   ] GC(15) Concurrent Reset Relocation Set 0.001ms
[2024-07-21T21:27:07.081+0800][1.799s][gc,phases   ] GC(15) Concurrent Select Relocation Set 2.121ms
[2024-07-21T21:27:07.082+0800][1.800s][gc,phases   ] GC(15) Pause Relocate Start 0.008ms
[2024-07-21T21:27:07.082+0800][1.800s][gc,phases   ] GC(15) Concurrent Relocate 0.631ms
[2024-07-21T21:27:07.082+0800][1.801s][gc,load     ] GC(15) Load: 0.00/0.00/0.00
[2024-07-21T21:27:07.082+0800][1.801s][gc,mmu      ] GC(15) MMU: 2ms/97.6%, 5ms/98.8%, 10ms/99.4%, 20ms/99.6%, 50ms/99.9%, 100ms/99.9%
[2024-07-21T21:27:07.082+0800][1.801s][gc,marking  ] GC(15) Mark: 2 stripe(s), 2 proactive flush(es), 1 terminate flush(es), 0 completion(s), 0 continuation(s) 
[2024-07-21T21:27:07.083+0800][1.801s][gc,marking  ] GC(15) Mark Stack Usage: 32M
[2024-07-21T21:27:07.083+0800][1.801s][gc,nmethod  ] GC(15) NMethods: 382 registered, 0 unregistered
[2024-07-21T21:27:07.083+0800][1.801s][gc,metaspace] GC(15) Metaspace: 1M used, 1M committed, 1032M reserved
[2024-07-21T21:27:07.083+0800][1.801s][gc,ref      ] GC(15) Soft: 93 encountered, 0 discovered, 0 enqueued
[2024-07-21T21:27:07.083+0800][1.801s][gc,ref      ] GC(15) Weak: 131 encountered, 3 discovered, 0 enqueued
[2024-07-21T21:27:07.083+0800][1.801s][gc,ref      ] GC(15) Final: 0 encountered, 0 discovered, 0 enqueued
[2024-07-21T21:27:07.083+0800][1.801s][gc,ref      ] GC(15) Phantom: 184 encountered, 129 discovered, 0 enqueued
[2024-07-21T21:27:07.083+0800][1.801s][gc,reloc    ] GC(15) Small Pages: 4 / 8M, Empty: 2M, Relocated: 0M, In-Place: 0
[2024-07-21T21:27:07.083+0800][1.801s][gc,reloc    ] GC(15) Medium Pages: 4 / 128M, Empty: 64M, Relocated: 4M, In-Place: 0
[2024-07-21T21:27:07.083+0800][1.801s][gc,reloc    ] GC(15) Large Pages: 0 / 0M, Empty: 0M, Relocated: 0M, In-Place: 0
[2024-07-21T21:27:07.083+0800][1.801s][gc,reloc    ] GC(15) Forwarding Usage: 0M
[2024-07-21T21:27:07.083+0800][1.801s][gc,heap     ] GC(15) Min Capacity: 8M(0%)
[2024-07-21T21:27:07.083+0800][1.801s][gc,heap     ] GC(15) Max Capacity: 2048M(100%)
[2024-07-21T21:27:07.083+0800][1.801s][gc,heap     ] GC(15) Soft Max Capacity: 128M(6%)
[2024-07-21T21:27:07.083+0800][1.801s][gc,heap     ] GC(15)                Mark Start          Mark End        Relocate Start      Relocate End           High               Low         
[2024-07-21T21:27:07.083+0800][1.801s][gc,heap     ] GC(15)  Capacity:      256M (12%)         256M (12%)         256M (12%)         256M (12%)         256M (12%)         256M (12%)    
[2024-07-21T21:27:07.083+0800][1.801s][gc,heap     ] GC(15)      Free:     1912M (93%)        1878M (92%)        1944M (95%)        1976M (96%)        1976M (96%)        1878M (92%)    
[2024-07-21T21:27:07.083+0800][1.801s][gc,heap     ] GC(15)      Used:      136M (7%)          170M (8%)          104M (5%)           72M (4%)          170M (8%)           72M (4%)     
[2024-07-21T21:27:07.083+0800][1.801s][gc,heap     ] GC(15)      Live:         -                 8M (0%)            8M (0%)            8M (0%)             -                  -          
[2024-07-21T21:27:07.083+0800][1.801s][gc,heap     ] GC(15) Allocated:         -                34M (2%)           34M (2%)           34M (2%)             -                  -          
[2024-07-21T21:27:07.083+0800][1.801s][gc,heap     ] GC(15)   Garbage:         -               127M (6%)           61M (3%)           29M (1%)             -                  -          
[2024-07-21T21:27:07.083+0800][1.801s][gc,heap     ] GC(15) Reclaimed:         -                  -                66M (3%)           98M (5%)             -                  -          
[2024-07-21T21:27:07.083+0800][1.801s][gc          ] GC(15) Garbage Collection (Allocation Rate) 136M(7%)->72M(4%)
[2024-07-21T21:27:07.158+0800][1.876s][gc,start    ] GC(16) Garbage Collection (Allocation Rate)
[2024-07-21T21:27:07.158+0800][1.876s][gc,task     ] GC(16) Using 2 workers
[2024-07-21T21:27:07.158+0800][1.876s][gc,phases   ] GC(16) Pause Mark Start 0.019ms
[2024-07-21T21:27:07.174+0800][1.892s][gc,phases   ] GC(16) Concurrent Mark 15.390ms
[2024-07-21T21:27:07.174+0800][1.892s][gc,phases   ] GC(16) Pause Mark End 0.017ms
[2024-07-21T21:27:07.174+0800][1.892s][gc,phases   ] GC(16) Concurrent Mark Free 0.001ms
[2024-07-21T21:27:07.175+0800][1.893s][gc,phases   ] GC(16) Concurrent Process Non-Strong References 0.765ms
[2024-07-21T21:27:07.175+0800][1.893s][gc,phases   ] GC(16) Concurrent Reset Relocation Set 0.001ms
[2024-07-21T21:27:07.177+0800][1.895s][gc,phases   ] GC(16) Concurrent Select Relocation Set 1.980ms
[2024-07-21T21:27:07.177+0800][1.896s][gc,phases   ] GC(16) Pause Relocate Start 0.006ms
[2024-07-21T21:27:07.179+0800][1.897s][gc,phases   ] GC(16) Concurrent Relocate 1.147ms
[2024-07-21T21:27:07.179+0800][1.897s][gc,load     ] GC(16) Load: 0.00/0.00/0.00
[2024-07-21T21:27:07.179+0800][1.897s][gc,mmu      ] GC(16) MMU: 2ms/97.6%, 5ms/98.8%, 10ms/99.4%, 20ms/99.6%, 50ms/99.9%, 100ms/99.9%
[2024-07-21T21:27:07.179+0800][1.897s][gc,marking  ] GC(16) Mark: 2 stripe(s), 2 proactive flush(es), 1 terminate flush(es), 0 completion(s), 0 continuation(s) 
[2024-07-21T21:27:07.179+0800][1.897s][gc,marking  ] GC(16) Mark Stack Usage: 32M
[2024-07-21T21:27:07.179+0800][1.897s][gc,nmethod  ] GC(16) NMethods: 384 registered, 0 unregistered
[2024-07-21T21:27:07.179+0800][1.897s][gc,metaspace] GC(16) Metaspace: 1M used, 1M committed, 1032M reserved
[2024-07-21T21:27:07.179+0800][1.897s][gc,ref      ] GC(16) Soft: 93 encountered, 0 discovered, 0 enqueued
[2024-07-21T21:27:07.179+0800][1.897s][gc,ref      ] GC(16) Weak: 131 encountered, 3 discovered, 0 enqueued
[2024-07-21T21:27:07.179+0800][1.897s][gc,ref      ] GC(16) Final: 0 encountered, 0 discovered, 0 enqueued
[2024-07-21T21:27:07.179+0800][1.897s][gc,ref      ] GC(16) Phantom: 184 encountered, 91 discovered, 0 enqueued
[2024-07-21T21:27:07.179+0800][1.897s][gc,reloc    ] GC(16) Small Pages: 4 / 8M, Empty: 2M, Relocated: 0M, In-Place: 0
[2024-07-21T21:27:07.179+0800][1.897s][gc,reloc    ] GC(16) Medium Pages: 3 / 96M, Empty: 32M, Relocated: 4M, In-Place: 0
[2024-07-21T21:27:07.179+0800][1.897s][gc,reloc    ] GC(16) Large Pages: 0 / 0M, Empty: 0M, Relocated: 0M, In-Place: 0
[2024-07-21T21:27:07.179+0800][1.897s][gc,reloc    ] GC(16) Forwarding Usage: 0M
[2024-07-21T21:27:07.179+0800][1.897s][gc,heap     ] GC(16) Min Capacity: 8M(0%)
[2024-07-21T21:27:07.179+0800][1.897s][gc,heap     ] GC(16) Max Capacity: 2048M(100%)
[2024-07-21T21:27:07.179+0800][1.897s][gc,heap     ] GC(16) Soft Max Capacity: 128M(6%)
[2024-07-21T21:27:07.179+0800][1.897s][gc,heap     ] GC(16)                Mark Start          Mark End        Relocate Start      Relocate End           High               Low         
[2024-07-21T21:27:07.179+0800][1.897s][gc,heap     ] GC(16)  Capacity:      256M (12%)         256M (12%)         256M (12%)         256M (12%)         256M (12%)         256M (12%)    
[2024-07-21T21:27:07.179+0800][1.897s][gc,heap     ] GC(16)      Free:     1944M (95%)        1910M (93%)        1944M (95%)        1976M (96%)        1976M (96%)        1910M (93%)    
[2024-07-21T21:27:07.179+0800][1.897s][gc,heap     ] GC(16)      Used:      104M (5%)          138M (7%)          104M (5%)           72M (4%)          138M (7%)           72M (4%)     
[2024-07-21T21:27:07.179+0800][1.897s][gc,heap     ] GC(16)      Live:         -                 8M (0%)            8M (0%)            8M (0%)             -                  -          
[2024-07-21T21:27:07.179+0800][1.897s][gc,heap     ] GC(16) Allocated:         -                34M (2%)           34M (2%)           34M (2%)             -                  -          
[2024-07-21T21:27:07.179+0800][1.897s][gc,heap     ] GC(16)   Garbage:         -                95M (5%)           61M (3%)           29M (1%)             -                  -          
[2024-07-21T21:27:07.179+0800][1.897s][gc,heap     ] GC(16) Reclaimed:         -                  -                34M (2%)           66M (3%)             -                  -          
[2024-07-21T21:27:07.179+0800][1.897s][gc          ] GC(16) Garbage Collection (Allocation Rate) 104M(5%)->72M(4%)
[2024-07-21T21:27:07.253+0800][1.971s][gc,start    ] GC(17) Garbage Collection (Allocation Rate)
[2024-07-21T21:27:07.253+0800][1.971s][gc,task     ] GC(17) Using 2 workers
[2024-07-21T21:27:07.253+0800][1.971s][gc,phases   ] GC(17) Pause Mark Start 0.007ms
[2024-07-21T21:27:07.269+0800][1.987s][gc,phases   ] GC(17) Concurrent Mark 15.267ms
[2024-07-21T21:27:07.269+0800][1.987s][gc,phases   ] GC(17) Pause Mark End 0.025ms
[2024-07-21T21:27:07.269+0800][1.987s][gc,phases   ] GC(17) Concurrent Mark Free 0.001ms
[2024-07-21T21:27:07.270+0800][1.988s][gc,phases   ] GC(17) Concurrent Process Non-Strong References 1.071ms
[2024-07-21T21:27:07.270+0800][1.988s][gc,phases   ] GC(17) Concurrent Reset Relocation Set 0.001ms
[2024-07-21T21:27:07.272+0800][1.990s][gc,phases   ] GC(17) Concurrent Select Relocation Set 2.058ms
[2024-07-21T21:27:07.273+0800][1.991s][gc,phases   ] GC(17) Pause Relocate Start 0.009ms
[2024-07-21T21:27:07.273+0800][1.991s][gc,phases   ] GC(17) Concurrent Relocate 0.607ms
[2024-07-21T21:27:07.273+0800][1.991s][gc,load     ] GC(17) Load: 0.00/0.00/0.00
[2024-07-21T21:27:07.273+0800][1.991s][gc,mmu      ] GC(17) MMU: 2ms/97.6%, 5ms/98.8%, 10ms/99.4%, 20ms/99.6%, 50ms/99.9%, 100ms/99.9%
[2024-07-21T21:27:07.273+0800][1.991s][gc,marking  ] GC(17) Mark: 2 stripe(s), 2 proactive flush(es), 1 terminate flush(es), 0 completion(s), 0 continuation(s) 
[2024-07-21T21:27:07.273+0800][1.991s][gc,marking  ] GC(17) Mark Stack Usage: 32M
[2024-07-21T21:27:07.273+0800][1.991s][gc,nmethod  ] GC(17) NMethods: 384 registered, 0 unregistered
[2024-07-21T21:27:07.273+0800][1.991s][gc,metaspace] GC(17) Metaspace: 1M used, 1M committed, 1032M reserved
[2024-07-21T21:27:07.273+0800][1.991s][gc,ref      ] GC(17) Soft: 93 encountered, 0 discovered, 0 enqueued
[2024-07-21T21:27:07.273+0800][1.992s][gc,ref      ] GC(17) Weak: 131 encountered, 2 discovered, 0 enqueued
[2024-07-21T21:27:07.273+0800][1.992s][gc,ref      ] GC(17) Final: 0 encountered, 0 discovered, 0 enqueued
[2024-07-21T21:27:07.273+0800][1.992s][gc,ref      ] GC(17) Phantom: 184 encountered, 80 discovered, 0 enqueued
[2024-07-21T21:27:07.273+0800][1.992s][gc,reloc    ] GC(17) Small Pages: 4 / 8M, Empty: 2M, Relocated: 0M, In-Place: 0
[2024-07-21T21:27:07.274+0800][1.992s][gc,reloc    ] GC(17) Medium Pages: 3 / 96M, Empty: 32M, Relocated: 3M, In-Place: 0
[2024-07-21T21:27:07.274+0800][1.992s][gc,reloc    ] GC(17) Large Pages: 0 / 0M, Empty: 0M, Relocated: 0M, In-Place: 0
[2024-07-21T21:27:07.274+0800][1.992s][gc,reloc    ] GC(17) Forwarding Usage: 0M
[2024-07-21T21:27:07.274+0800][1.992s][gc,heap     ] GC(17) Min Capacity: 8M(0%)
[2024-07-21T21:27:07.274+0800][1.992s][gc,heap     ] GC(17) Max Capacity: 2048M(100%)
[2024-07-21T21:27:07.274+0800][1.992s][gc,heap     ] GC(17) Soft Max Capacity: 128M(6%)
[2024-07-21T21:27:07.274+0800][1.992s][gc,heap     ] GC(17)                Mark Start          Mark End        Relocate Start      Relocate End           High               Low         
[2024-07-21T21:27:07.274+0800][1.992s][gc,heap     ] GC(17)  Capacity:      256M (12%)         256M (12%)         256M (12%)         256M (12%)         256M (12%)         256M (12%)    
[2024-07-21T21:27:07.274+0800][1.992s][gc,heap     ] GC(17)      Free:     1944M (95%)        1910M (93%)        1944M (95%)        1976M (96%)        1976M (96%)        1910M (93%)    
[2024-07-21T21:27:07.274+0800][1.992s][gc,heap     ] GC(17)      Used:      104M (5%)          138M (7%)          104M (5%)           72M (4%)          138M (7%)           72M (4%)     
[2024-07-21T21:27:07.274+0800][1.992s][gc,heap     ] GC(17)      Live:         -                 7M (0%)            7M (0%)            7M (0%)             -                  -          
[2024-07-21T21:27:07.274+0800][1.992s][gc,heap     ] GC(17) Allocated:         -                34M (2%)           34M (2%)           34M (2%)             -                  -          
[2024-07-21T21:27:07.274+0800][1.992s][gc,heap     ] GC(17)   Garbage:         -                96M (5%)           62M (3%)           30M (1%)             -                  -          
[2024-07-21T21:27:07.274+0800][1.992s][gc,heap     ] GC(17) Reclaimed:         -                  -                34M (2%)           66M (3%)             -                  -          
[2024-07-21T21:27:07.274+0800][1.992s][gc          ] GC(17) Garbage Collection (Allocation Rate) 104M(5%)->72M(4%)
[2024-07-21T21:27:07.348+0800][2.066s][gc,start    ] GC(18) Garbage Collection (Allocation Rate)
[2024-07-21T21:27:07.348+0800][2.066s][gc,task     ] GC(18) Using 2 workers
[2024-07-21T21:27:07.348+0800][2.067s][gc,phases   ] GC(18) Pause Mark Start 0.008ms
[2024-07-21T21:27:07.363+0800][2.081s][gc,phases   ] GC(18) Concurrent Mark 14.703ms
[2024-07-21T21:27:07.363+0800][2.082s][gc,phases   ] GC(18) Pause Mark End 0.036ms
[2024-07-21T21:27:07.364+0800][2.082s][gc,phases   ] GC(18) Concurrent Mark Free 0.004ms
[2024-07-21T21:27:07.364+0800][2.083s][gc,phases   ] GC(18) Concurrent Process Non-Strong References 0.687ms
[2024-07-21T21:27:07.365+0800][2.083s][gc,phases   ] GC(18) Concurrent Reset Relocation Set 0.001ms
[2024-07-21T21:27:07.366+0800][2.085s][gc,phases   ] GC(18) Concurrent Select Relocation Set 1.706ms
[2024-07-21T21:27:07.367+0800][2.085s][gc,phases   ] GC(18) Pause Relocate Start 0.007ms
[2024-07-21T21:27:07.367+0800][2.086s][gc,phases   ] GC(18) Concurrent Relocate 0.751ms
[2024-07-21T21:27:07.367+0800][2.086s][gc,load     ] GC(18) Load: 0.00/0.00/0.00
[2024-07-21T21:27:07.367+0800][2.086s][gc,mmu      ] GC(18) MMU: 2ms/97.6%, 5ms/98.8%, 10ms/99.4%, 20ms/99.6%, 50ms/99.9%, 100ms/99.9%
[2024-07-21T21:27:07.368+0800][2.086s][gc,marking  ] GC(18) Mark: 2 stripe(s), 2 proactive flush(es), 1 terminate flush(es), 0 completion(s), 0 continuation(s) 
[2024-07-21T21:27:07.368+0800][2.086s][gc,marking  ] GC(18) Mark Stack Usage: 32M
[2024-07-21T21:27:07.368+0800][2.086s][gc,nmethod  ] GC(18) NMethods: 384 registered, 0 unregistered
[2024-07-21T21:27:07.368+0800][2.086s][gc,metaspace] GC(18) Metaspace: 1M used, 1M committed, 1032M reserved
[2024-07-21T21:27:07.368+0800][2.086s][gc,ref      ] GC(18) Soft: 93 encountered, 0 discovered, 0 enqueued
[2024-07-21T21:27:07.368+0800][2.086s][gc,ref      ] GC(18) Weak: 131 encountered, 2 discovered, 0 enqueued
[2024-07-21T21:27:07.368+0800][2.086s][gc,ref      ] GC(18) Final: 0 encountered, 0 discovered, 0 enqueued
[2024-07-21T21:27:07.368+0800][2.086s][gc,ref      ] GC(18) Phantom: 184 encountered, 95 discovered, 0 enqueued
[2024-07-21T21:27:07.368+0800][2.086s][gc,reloc    ] GC(18) Small Pages: 4 / 8M, Empty: 2M, Relocated: 0M, In-Place: 0
[2024-07-21T21:27:07.368+0800][2.086s][gc,reloc    ] GC(18) Medium Pages: 3 / 96M, Empty: 32M, Relocated: 4M, In-Place: 0
[2024-07-21T21:27:07.368+0800][2.086s][gc,reloc    ] GC(18) Large Pages: 0 / 0M, Empty: 0M, Relocated: 0M, In-Place: 0
[2024-07-21T21:27:07.368+0800][2.086s][gc,reloc    ] GC(18) Forwarding Usage: 0M
[2024-07-21T21:27:07.368+0800][2.086s][gc,heap     ] GC(18) Min Capacity: 8M(0%)
[2024-07-21T21:27:07.368+0800][2.086s][gc,heap     ] GC(18) Max Capacity: 2048M(100%)
[2024-07-21T21:27:07.368+0800][2.086s][gc,heap     ] GC(18) Soft Max Capacity: 128M(6%)
[2024-07-21T21:27:07.368+0800][2.086s][gc,heap     ] GC(18)                Mark Start          Mark End        Relocate Start      Relocate End           High               Low         
[2024-07-21T21:27:07.368+0800][2.086s][gc,heap     ] GC(18)  Capacity:      256M (12%)         256M (12%)         256M (12%)         256M (12%)         256M (12%)         256M (12%)    
[2024-07-21T21:27:07.368+0800][2.086s][gc,heap     ] GC(18)      Free:     1944M (95%)        1910M (93%)        1944M (95%)        1976M (96%)        1976M (96%)        1910M (93%)    
[2024-07-21T21:27:07.368+0800][2.086s][gc,heap     ] GC(18)      Used:      104M (5%)          138M (7%)          104M (5%)           72M (4%)          138M (7%)           72M (4%)     
[2024-07-21T21:27:07.368+0800][2.086s][gc,heap     ] GC(18)      Live:         -                 8M (0%)            8M (0%)            8M (0%)             -                  -          
[2024-07-21T21:27:07.368+0800][2.086s][gc,heap     ] GC(18) Allocated:         -                34M (2%)           34M (2%)           34M (2%)             -                  -          
[2024-07-21T21:27:07.368+0800][2.086s][gc,heap     ] GC(18)   Garbage:         -                95M (5%)           61M (3%)           29M (1%)             -                  -          
[2024-07-21T21:27:07.368+0800][2.086s][gc,heap     ] GC(18) Reclaimed:         -                  -                34M (2%)           66M (3%)             -                  -          
[2024-07-21T21:27:07.368+0800][2.086s][gc          ] GC(18) Garbage Collection (Allocation Rate) 104M(5%)->72M(4%)
[2024-07-21T21:27:07.456+0800][2.174s][gc,start    ] GC(19) Garbage Collection (Allocation Rate)
[2024-07-21T21:27:07.456+0800][2.174s][gc,task     ] GC(19) Using 2 workers
[2024-07-21T21:27:07.456+0800][2.174s][gc,phases   ] GC(19) Pause Mark Start 0.007ms
[2024-07-21T21:27:07.472+0800][2.190s][gc,phases   ] GC(19) Concurrent Mark 15.365ms
[2024-07-21T21:27:07.472+0800][2.190s][gc,phases   ] GC(19) Pause Mark End 0.018ms
[2024-07-21T21:27:07.472+0800][2.190s][gc,phases   ] GC(19) Concurrent Mark Free 0.002ms
[2024-07-21T21:27:07.472+0800][2.191s][gc,phases   ] GC(19) Concurrent Process Non-Strong References 0.745ms
[2024-07-21T21:27:07.472+0800][2.191s][gc,phases   ] GC(19) Concurrent Reset Relocation Set 0.001ms
[2024-07-21T21:27:07.475+0800][2.194s][gc,phases   ] GC(19) Concurrent Select Relocation Set 2.826ms
[2024-07-21T21:27:07.476+0800][2.194s][gc,phases   ] GC(19) Pause Relocate Start 0.032ms
[2024-07-21T21:27:07.480+0800][2.199s][gc,phases   ] GC(19) Concurrent Relocate 4.450ms
[2024-07-21T21:27:07.480+0800][2.199s][gc,load     ] GC(19) Load: 0.00/0.00/0.00
[2024-07-21T21:27:07.480+0800][2.199s][gc,mmu      ] GC(19) MMU: 2ms/97.6%, 5ms/98.8%, 10ms/99.4%, 20ms/99.6%, 50ms/99.9%, 100ms/99.9%
[2024-07-21T21:27:07.480+0800][2.199s][gc,marking  ] GC(19) Mark: 2 stripe(s), 2 proactive flush(es), 1 terminate flush(es), 0 completion(s), 0 continuation(s) 
[2024-07-21T21:27:07.480+0800][2.199s][gc,marking  ] GC(19) Mark Stack Usage: 32M
[2024-07-21T21:27:07.480+0800][2.199s][gc,nmethod  ] GC(19) NMethods: 384 registered, 0 unregistered
[2024-07-21T21:27:07.480+0800][2.199s][gc,metaspace] GC(19) Metaspace: 1M used, 1M committed, 1032M reserved
[2024-07-21T21:27:07.480+0800][2.199s][gc,ref      ] GC(19) Soft: 93 encountered, 0 discovered, 0 enqueued
[2024-07-21T21:27:07.480+0800][2.199s][gc,ref      ] GC(19) Weak: 131 encountered, 2 discovered, 0 enqueued
[2024-07-21T21:27:07.480+0800][2.199s][gc,ref      ] GC(19) Final: 0 encountered, 0 discovered, 0 enqueued
[2024-07-21T21:27:07.480+0800][2.199s][gc,ref      ] GC(19) Phantom: 184 encountered, 128 discovered, 0 enqueued
[2024-07-21T21:27:07.480+0800][2.199s][gc,reloc    ] GC(19) Small Pages: 4 / 8M, Empty: 2M, Relocated: 0M, In-Place: 0
[2024-07-21T21:27:07.480+0800][2.199s][gc,reloc    ] GC(19) Medium Pages: 4 / 128M, Empty: 32M, Relocated: 16M, In-Place: 0
[2024-07-21T21:27:07.480+0800][2.199s][gc,reloc    ] GC(19) Large Pages: 0 / 0M, Empty: 0M, Relocated: 0M, In-Place: 0
[2024-07-21T21:27:07.480+0800][2.199s][gc,reloc    ] GC(19) Forwarding Usage: 0M
[2024-07-21T21:27:07.480+0800][2.199s][gc,heap     ] GC(19) Min Capacity: 8M(0%)
[2024-07-21T21:27:07.480+0800][2.199s][gc,heap     ] GC(19) Max Capacity: 2048M(100%)
[2024-07-21T21:27:07.480+0800][2.199s][gc,heap     ] GC(19) Soft Max Capacity: 128M(6%)
[2024-07-21T21:27:07.480+0800][2.199s][gc,heap     ] GC(19)                Mark Start          Mark End        Relocate Start      Relocate End           High               Low         
[2024-07-21T21:27:07.480+0800][2.199s][gc,heap     ] GC(19)  Capacity:      256M (12%)         256M (12%)         256M (12%)         256M (12%)         256M (12%)         256M (12%)    
[2024-07-21T21:27:07.481+0800][2.199s][gc,heap     ] GC(19)      Free:     1912M (93%)        1878M (92%)        1912M (93%)        1976M (96%)        1976M (96%)        1878M (92%)    
[2024-07-21T21:27:07.481+0800][2.199s][gc,heap     ] GC(19)      Used:      136M (7%)          170M (8%)          136M (7%)           72M (4%)          170M (8%)           72M (4%)     
[2024-07-21T21:27:07.481+0800][2.199s][gc,heap     ] GC(19)      Live:         -                20M (1%)           20M (1%)           20M (1%)             -                  -          
[2024-07-21T21:27:07.481+0800][2.199s][gc,heap     ] GC(19) Allocated:         -                34M (2%)           34M (2%)           34M (2%)             -                  -          
[2024-07-21T21:27:07.481+0800][2.199s][gc,heap     ] GC(19)   Garbage:         -               115M (6%)           81M (4%)           17M (1%)             -                  -          
[2024-07-21T21:27:07.481+0800][2.199s][gc,heap     ] GC(19) Reclaimed:         -                  -                34M (2%)           98M (5%)             -                  -          
[2024-07-21T21:27:07.481+0800][2.199s][gc          ] GC(19) Garbage Collection (Allocation Rate) 136M(7%)->72M(4%)
[2024-07-21T21:27:07.550+0800][2.268s][gc,start    ] GC(20) Garbage Collection (Allocation Rate)
[2024-07-21T21:27:07.550+0800][2.268s][gc,task     ] GC(20) Using 2 workers
[2024-07-21T21:27:07.550+0800][2.269s][gc,phases   ] GC(20) Pause Mark Start 0.009ms
[2024-07-21T21:27:07.566+0800][2.284s][gc,phases   ] GC(20) Concurrent Mark 15.385ms
[2024-07-21T21:27:07.566+0800][2.284s][gc,phases   ] GC(20) Pause Mark End 0.010ms
[2024-07-21T21:27:07.566+0800][2.285s][gc,phases   ] GC(20) Concurrent Mark Free 0.004ms
[2024-07-21T21:27:07.567+0800][2.285s][gc,phases   ] GC(20) Concurrent Process Non-Strong References 0.841ms
[2024-07-21T21:27:07.567+0800][2.285s][gc,phases   ] GC(20) Concurrent Reset Relocation Set 0.001ms
[2024-07-21T21:27:07.569+0800][2.287s][gc,phases   ] GC(20) Concurrent Select Relocation Set 1.717ms
[2024-07-21T21:27:07.569+0800][2.287s][gc,phases   ] GC(20) Pause Relocate Start 0.006ms
[2024-07-21T21:27:07.570+0800][2.288s][gc,phases   ] GC(20) Concurrent Relocate 0.538ms
[2024-07-21T21:27:07.570+0800][2.288s][gc,load     ] GC(20) Load: 0.00/0.00/0.00
[2024-07-21T21:27:07.570+0800][2.288s][gc,mmu      ] GC(20) MMU: 2ms/97.6%, 5ms/98.8%, 10ms/99.4%, 20ms/99.6%, 50ms/99.9%, 100ms/99.9%
[2024-07-21T21:27:07.570+0800][2.288s][gc,marking  ] GC(20) Mark: 2 stripe(s), 2 proactive flush(es), 1 terminate flush(es), 0 completion(s), 0 continuation(s) 
[2024-07-21T21:27:07.570+0800][2.288s][gc,marking  ] GC(20) Mark Stack Usage: 32M
[2024-07-21T21:27:07.570+0800][2.288s][gc,nmethod  ] GC(20) NMethods: 384 registered, 0 unregistered
[2024-07-21T21:27:07.570+0800][2.288s][gc,metaspace] GC(20) Metaspace: 1M used, 1M committed, 1032M reserved
[2024-07-21T21:27:07.570+0800][2.288s][gc,ref      ] GC(20) Soft: 93 encountered, 0 discovered, 0 enqueued
[2024-07-21T21:27:07.570+0800][2.288s][gc,ref      ] GC(20) Weak: 131 encountered, 3 discovered, 0 enqueued
[2024-07-21T21:27:07.570+0800][2.288s][gc,ref      ] GC(20) Final: 0 encountered, 0 discovered, 0 enqueued
[2024-07-21T21:27:07.570+0800][2.288s][gc,ref      ] GC(20) Phantom: 184 encountered, 127 discovered, 0 enqueued
[2024-07-21T21:27:07.570+0800][2.288s][gc,reloc    ] GC(20) Small Pages: 4 / 8M, Empty: 2M, Relocated: 0M, In-Place: 0
[2024-07-21T21:27:07.570+0800][2.288s][gc,reloc    ] GC(20) Medium Pages: 3 / 96M, Empty: 32M, Relocated: 3M, In-Place: 0
[2024-07-21T21:27:07.570+0800][2.288s][gc,reloc    ] GC(20) Large Pages: 0 / 0M, Empty: 0M, Relocated: 0M, In-Place: 0
[2024-07-21T21:27:07.570+0800][2.288s][gc,reloc    ] GC(20) Forwarding Usage: 0M
[2024-07-21T21:27:07.570+0800][2.288s][gc,heap     ] GC(20) Min Capacity: 8M(0%)
[2024-07-21T21:27:07.570+0800][2.288s][gc,heap     ] GC(20) Max Capacity: 2048M(100%)
[2024-07-21T21:27:07.570+0800][2.288s][gc,heap     ] GC(20) Soft Max Capacity: 128M(6%)
[2024-07-21T21:27:07.570+0800][2.288s][gc,heap     ] GC(20)                Mark Start          Mark End        Relocate Start      Relocate End           High               Low         
[2024-07-21T21:27:07.570+0800][2.288s][gc,heap     ] GC(20)  Capacity:      256M (12%)         256M (12%)         256M (12%)         256M (12%)         256M (12%)         256M (12%)    
[2024-07-21T21:27:07.570+0800][2.288s][gc,heap     ] GC(20)      Free:     1944M (95%)        1910M (93%)        1944M (95%)        1976M (96%)        1976M (96%)        1910M (93%)    
[2024-07-21T21:27:07.570+0800][2.288s][gc,heap     ] GC(20)      Used:      104M (5%)          138M (7%)          104M (5%)           72M (4%)          138M (7%)           72M (4%)     
[2024-07-21T21:27:07.570+0800][2.288s][gc,heap     ] GC(20)      Live:         -                 7M (0%)            7M (0%)            7M (0%)             -                  -          
[2024-07-21T21:27:07.570+0800][2.288s][gc,heap     ] GC(20) Allocated:         -                34M (2%)           34M (2%)           34M (2%)             -                  -          
[2024-07-21T21:27:07.570+0800][2.288s][gc,heap     ] GC(20)   Garbage:         -                96M (5%)           62M (3%)           30M (1%)             -                  -          
[2024-07-21T21:27:07.570+0800][2.288s][gc,heap     ] GC(20) Reclaimed:         -                  -                34M (2%)           66M (3%)             -                  -          
[2024-07-21T21:27:07.570+0800][2.288s][gc          ] GC(20) Garbage Collection (Allocation Rate) 104M(5%)->72M(4%)
[2024-07-21T21:27:07.660+0800][2.378s][gc,start    ] GC(21) Garbage Collection (Allocation Rate)
[2024-07-21T21:27:07.660+0800][2.378s][gc,task     ] GC(21) Using 2 workers
[2024-07-21T21:27:07.660+0800][2.378s][gc,phases   ] GC(21) Pause Mark Start 0.007ms
[2024-07-21T21:27:07.676+0800][2.394s][gc,phases   ] GC(21) Concurrent Mark 15.535ms
[2024-07-21T21:27:07.676+0800][2.394s][gc,phases   ] GC(21) Pause Mark End 0.024ms
[2024-07-21T21:27:07.676+0800][2.394s][gc,phases   ] GC(21) Concurrent Mark Free 0.002ms
[2024-07-21T21:27:07.678+0800][2.396s][gc,phases   ] GC(21) Concurrent Process Non-Strong References 1.367ms
[2024-07-21T21:27:07.678+0800][2.396s][gc,phases   ] GC(21) Concurrent Reset Relocation Set 0.002ms
[2024-07-21T21:27:07.680+0800][2.398s][gc,phases   ] GC(21) Concurrent Select Relocation Set 2.386ms
[2024-07-21T21:27:07.680+0800][2.399s][gc,phases   ] GC(21) Pause Relocate Start 0.026ms
[2024-07-21T21:27:07.681+0800][2.399s][gc,phases   ] GC(21) Concurrent Relocate 0.401ms
[2024-07-21T21:27:07.681+0800][2.399s][gc,load     ] GC(21) Load: 0.00/0.00/0.00
[2024-07-21T21:27:07.681+0800][2.399s][gc,mmu      ] GC(21) MMU: 2ms/97.6%, 5ms/98.8%, 10ms/99.4%, 20ms/99.6%, 50ms/99.9%, 100ms/99.9%
[2024-07-21T21:27:07.681+0800][2.399s][gc,marking  ] GC(21) Mark: 2 stripe(s), 2 proactive flush(es), 1 terminate flush(es), 0 completion(s), 0 continuation(s) 
[2024-07-21T21:27:07.681+0800][2.399s][gc,marking  ] GC(21) Mark Stack Usage: 32M
[2024-07-21T21:27:07.681+0800][2.399s][gc,nmethod  ] GC(21) NMethods: 385 registered, 0 unregistered
[2024-07-21T21:27:07.681+0800][2.399s][gc,metaspace] GC(21) Metaspace: 1M used, 1M committed, 1032M reserved
[2024-07-21T21:27:07.681+0800][2.399s][gc,ref      ] GC(21) Soft: 93 encountered, 0 discovered, 0 enqueued
[2024-07-21T21:27:07.681+0800][2.399s][gc,ref      ] GC(21) Weak: 131 encountered, 4 discovered, 0 enqueued
[2024-07-21T21:27:07.681+0800][2.399s][gc,ref      ] GC(21) Final: 0 encountered, 0 discovered, 0 enqueued
[2024-07-21T21:27:07.681+0800][2.399s][gc,ref      ] GC(21) Phantom: 184 encountered, 179 discovered, 0 enqueued
[2024-07-21T21:27:07.681+0800][2.399s][gc,reloc    ] GC(21) Small Pages: 4 / 8M, Empty: 2M, Relocated: 0M, In-Place: 0
[2024-07-21T21:27:07.681+0800][2.399s][gc,reloc    ] GC(21) Medium Pages: 4 / 128M, Empty: 64M, Relocated: 1M, In-Place: 0
[2024-07-21T21:27:07.681+0800][2.399s][gc,reloc    ] GC(21) Large Pages: 0 / 0M, Empty: 0M, Relocated: 0M, In-Place: 0
[2024-07-21T21:27:07.681+0800][2.399s][gc,reloc    ] GC(21) Forwarding Usage: 0M
[2024-07-21T21:27:07.681+0800][2.399s][gc,heap     ] GC(21) Min Capacity: 8M(0%)
[2024-07-21T21:27:07.681+0800][2.399s][gc,heap     ] GC(21) Max Capacity: 2048M(100%)
[2024-07-21T21:27:07.681+0800][2.399s][gc,heap     ] GC(21) Soft Max Capacity: 128M(6%)
[2024-07-21T21:27:07.681+0800][2.399s][gc,heap     ] GC(21)                Mark Start          Mark End        Relocate Start      Relocate End           High               Low         
[2024-07-21T21:27:07.681+0800][2.399s][gc,heap     ] GC(21)  Capacity:      256M (12%)         256M (12%)         256M (12%)         256M (12%)         256M (12%)         256M (12%)    
[2024-07-21T21:27:07.681+0800][2.399s][gc,heap     ] GC(21)      Free:     1912M (93%)        1878M (92%)        1944M (95%)        1976M (96%)        1976M (96%)        1878M (92%)    
[2024-07-21T21:27:07.681+0800][2.399s][gc,heap     ] GC(21)      Used:      136M (7%)          170M (8%)          104M (5%)           72M (4%)          170M (8%)           72M (4%)     
[2024-07-21T21:27:07.681+0800][2.399s][gc,heap     ] GC(21)      Live:         -                 5M (0%)            5M (0%)            5M (0%)             -                  -          
[2024-07-21T21:27:07.681+0800][2.399s][gc,heap     ] GC(21) Allocated:         -                34M (2%)           34M (2%)           34M (2%)             -                  -          
[2024-07-21T21:27:07.681+0800][2.399s][gc,heap     ] GC(21)   Garbage:         -               130M (6%)           64M (3%)           32M (2%)             -                  -          
[2024-07-21T21:27:07.681+0800][2.400s][gc,heap     ] GC(21) Reclaimed:         -                  -                66M (3%)           98M (5%)             -                  -          
[2024-07-21T21:27:07.681+0800][2.400s][gc          ] GC(21) Garbage Collection (Allocation Rate) 136M(7%)->72M(4%)
[2024-07-21T21:27:07.754+0800][2.472s][gc,start    ] GC(22) Garbage Collection (Allocation Rate)
[2024-07-21T21:27:07.754+0800][2.472s][gc,task     ] GC(22) Using 2 workers
[2024-07-21T21:27:07.754+0800][2.472s][gc,phases   ] GC(22) Pause Mark Start 0.008ms
[2024-07-21T21:27:07.770+0800][2.488s][gc,phases   ] GC(22) Concurrent Mark 15.298ms
[2024-07-21T21:27:07.770+0800][2.488s][gc,phases   ] GC(22) Pause Mark End 0.013ms
[2024-07-21T21:27:07.770+0800][2.488s][gc,phases   ] GC(22) Concurrent Mark Free 0.003ms
[2024-07-21T21:27:07.771+0800][2.489s][gc,phases   ] GC(22) Concurrent Process Non-Strong References 0.876ms
[2024-07-21T21:27:07.771+0800][2.489s][gc,phases   ] GC(22) Concurrent Reset Relocation Set 0.001ms
[2024-07-21T21:27:07.773+0800][2.491s][gc,phases   ] GC(22) Concurrent Select Relocation Set 1.902ms
[2024-07-21T21:27:07.774+0800][2.491s][gc,phases   ] GC(22) Pause Relocate Start 0.005ms
[2024-07-21T21:27:07.774+0800][2.492s][gc,phases   ] GC(22) Concurrent Relocate 0.290ms
[2024-07-21T21:27:07.774+0800][2.492s][gc,load     ] GC(22) Load: 0.00/0.00/0.00
[2024-07-21T21:27:07.774+0800][2.492s][gc,mmu      ] GC(22) MMU: 2ms/97.6%, 5ms/98.8%, 10ms/99.4%, 20ms/99.6%, 50ms/99.9%, 100ms/99.9%
[2024-07-21T21:27:07.774+0800][2.492s][gc,marking  ] GC(22) Mark: 2 stripe(s), 2 proactive flush(es), 1 terminate flush(es), 0 completion(s), 0 continuation(s) 
[2024-07-21T21:27:07.774+0800][2.492s][gc,marking  ] GC(22) Mark Stack Usage: 32M
[2024-07-21T21:27:07.774+0800][2.492s][gc,nmethod  ] GC(22) NMethods: 393 registered, 0 unregistered
[2024-07-21T21:27:07.774+0800][2.492s][gc,metaspace] GC(22) Metaspace: 1M used, 1M committed, 1032M reserved
[2024-07-21T21:27:07.774+0800][2.492s][gc,ref      ] GC(22) Soft: 93 encountered, 0 discovered, 0 enqueued
[2024-07-21T21:27:07.774+0800][2.492s][gc,ref      ] GC(22) Weak: 131 encountered, 3 discovered, 0 enqueued
[2024-07-21T21:27:07.774+0800][2.492s][gc,ref      ] GC(22) Final: 0 encountered, 0 discovered, 0 enqueued
[2024-07-21T21:27:07.774+0800][2.492s][gc,ref      ] GC(22) Phantom: 184 encountered, 97 discovered, 0 enqueued
[2024-07-21T21:27:07.774+0800][2.492s][gc,reloc    ] GC(22) Small Pages: 4 / 8M, Empty: 2M, Relocated: 0M, In-Place: 0
[2024-07-21T21:27:07.774+0800][2.492s][gc,reloc    ] GC(22) Medium Pages: 3 / 96M, Empty: 32M, Relocated: 1M, In-Place: 0
[2024-07-21T21:27:07.774+0800][2.492s][gc,reloc    ] GC(22) Large Pages: 0 / 0M, Empty: 0M, Relocated: 0M, In-Place: 0
[2024-07-21T21:27:07.774+0800][2.492s][gc,reloc    ] GC(22) Forwarding Usage: 0M
[2024-07-21T21:27:07.774+0800][2.492s][gc,heap     ] GC(22) Min Capacity: 8M(0%)
[2024-07-21T21:27:07.774+0800][2.492s][gc,heap     ] GC(22) Max Capacity: 2048M(100%)
[2024-07-21T21:27:07.774+0800][2.492s][gc,heap     ] GC(22) Soft Max Capacity: 128M(6%)
[2024-07-21T21:27:07.774+0800][2.492s][gc,heap     ] GC(22)                Mark Start          Mark End        Relocate Start      Relocate End           High               Low         
[2024-07-21T21:27:07.774+0800][2.492s][gc,heap     ] GC(22)  Capacity:      256M (12%)         256M (12%)         256M (12%)         256M (12%)         256M (12%)         256M (12%)    
[2024-07-21T21:27:07.774+0800][2.492s][gc,heap     ] GC(22)      Free:     1944M (95%)        1910M (93%)        1944M (95%)        1976M (96%)        1976M (96%)        1910M (93%)    
[2024-07-21T21:27:07.774+0800][2.492s][gc,heap     ] GC(22)      Used:      104M (5%)          138M (7%)          104M (5%)           72M (4%)          138M (7%)           72M (4%)     
[2024-07-21T21:27:07.774+0800][2.492s][gc,heap     ] GC(22)      Live:         -                 5M (0%)            5M (0%)            5M (0%)             -                  -          
[2024-07-21T21:27:07.774+0800][2.492s][gc,heap     ] GC(22) Allocated:         -                34M (2%)           34M (2%)           34M (2%)             -                  -          
[2024-07-21T21:27:07.774+0800][2.492s][gc,heap     ] GC(22)   Garbage:         -                98M (5%)           64M (3%)           32M (2%)             -                  -          
[2024-07-21T21:27:07.774+0800][2.492s][gc,heap     ] GC(22) Reclaimed:         -                  -                34M (2%)           66M (3%)             -                  -          
[2024-07-21T21:27:07.774+0800][2.492s][gc          ] GC(22) Garbage Collection (Allocation Rate) 104M(5%)->72M(4%)
[2024-07-21T21:27:07.850+0800][2.568s][gc,start    ] GC(23) Garbage Collection (Allocation Rate)
[2024-07-21T21:27:07.850+0800][2.568s][gc,task     ] GC(23) Using 2 workers
[2024-07-21T21:27:07.850+0800][2.568s][gc,phases   ] GC(23) Pause Mark Start 0.030ms
[2024-07-21T21:27:07.865+0800][2.583s][gc,phases   ] GC(23) Concurrent Mark 14.674ms
[2024-07-21T21:27:07.865+0800][2.583s][gc,phases   ] GC(23) Pause Mark End 0.028ms
[2024-07-21T21:27:07.865+0800][2.583s][gc,phases   ] GC(23) Concurrent Mark Free 0.003ms
[2024-07-21T21:27:07.866+0800][2.584s][gc,phases   ] GC(23) Concurrent Process Non-Strong References 0.774ms
[2024-07-21T21:27:07.866+0800][2.584s][gc,phases   ] GC(23) Concurrent Reset Relocation Set 0.001ms
[2024-07-21T21:27:07.869+0800][2.587s][gc,phases   ] GC(23) Concurrent Select Relocation Set 2.588ms
[2024-07-21T21:27:07.869+0800][2.587s][gc,phases   ] GC(23) Pause Relocate Start 0.008ms
[2024-07-21T21:27:07.870+0800][2.588s][gc,phases   ] GC(23) Concurrent Relocate 0.376ms
[2024-07-21T21:27:07.870+0800][2.588s][gc,load     ] GC(23) Load: 0.00/0.00/0.00
[2024-07-21T21:27:07.870+0800][2.588s][gc,mmu      ] GC(23) MMU: 2ms/97.6%, 5ms/98.8%, 10ms/99.4%, 20ms/99.6%, 50ms/99.9%, 100ms/99.9%
[2024-07-21T21:27:07.870+0800][2.588s][gc,marking  ] GC(23) Mark: 2 stripe(s), 2 proactive flush(es), 1 terminate flush(es), 0 completion(s), 0 continuation(s) 
[2024-07-21T21:27:07.870+0800][2.588s][gc,marking  ] GC(23) Mark Stack Usage: 32M
[2024-07-21T21:27:07.870+0800][2.588s][gc,nmethod  ] GC(23) NMethods: 393 registered, 0 unregistered
[2024-07-21T21:27:07.870+0800][2.588s][gc,metaspace] GC(23) Metaspace: 1M used, 1M committed, 1032M reserved
[2024-07-21T21:27:07.870+0800][2.588s][gc,ref      ] GC(23) Soft: 93 encountered, 0 discovered, 0 enqueued
[2024-07-21T21:27:07.870+0800][2.588s][gc,ref      ] GC(23) Weak: 131 encountered, 3 discovered, 0 enqueued
[2024-07-21T21:27:07.870+0800][2.588s][gc,ref      ] GC(23) Final: 0 encountered, 0 discovered, 0 enqueued
[2024-07-21T21:27:07.870+0800][2.588s][gc,ref      ] GC(23) Phantom: 184 encountered, 131 discovered, 0 enqueued
[2024-07-21T21:27:07.870+0800][2.588s][gc,reloc    ] GC(23) Small Pages: 4 / 8M, Empty: 2M, Relocated: 0M, In-Place: 0
[2024-07-21T21:27:07.870+0800][2.588s][gc,reloc    ] GC(23) Medium Pages: 3 / 96M, Empty: 32M, Relocated: 1M, In-Place: 0
[2024-07-21T21:27:07.870+0800][2.588s][gc,reloc    ] GC(23) Large Pages: 0 / 0M, Empty: 0M, Relocated: 0M, In-Place: 0
[2024-07-21T21:27:07.870+0800][2.588s][gc,reloc    ] GC(23) Forwarding Usage: 0M
[2024-07-21T21:27:07.870+0800][2.588s][gc,heap     ] GC(23) Min Capacity: 8M(0%)
[2024-07-21T21:27:07.870+0800][2.588s][gc,heap     ] GC(23) Max Capacity: 2048M(100%)
[2024-07-21T21:27:07.870+0800][2.588s][gc,heap     ] GC(23) Soft Max Capacity: 128M(6%)
[2024-07-21T21:27:07.870+0800][2.588s][gc,heap     ] GC(23)                Mark Start          Mark End        Relocate Start      Relocate End           High               Low         
[2024-07-21T21:27:07.870+0800][2.588s][gc,heap     ] GC(23)  Capacity:      256M (12%)         256M (12%)         256M (12%)         256M (12%)         256M (12%)         256M (12%)    
[2024-07-21T21:27:07.870+0800][2.588s][gc,heap     ] GC(23)      Free:     1944M (95%)        1910M (93%)        1944M (95%)        1976M (96%)        1976M (96%)        1910M (93%)    
[2024-07-21T21:27:07.870+0800][2.588s][gc,heap     ] GC(23)      Used:      104M (5%)          138M (7%)          104M (5%)           72M (4%)          138M (7%)           72M (4%)     
[2024-07-21T21:27:07.870+0800][2.588s][gc,heap     ] GC(23)      Live:         -                 5M (0%)            5M (0%)            5M (0%)             -                  -          
[2024-07-21T21:27:07.870+0800][2.588s][gc,heap     ] GC(23) Allocated:         -                34M (2%)           34M (2%)           34M (2%)             -                  -          
[2024-07-21T21:27:07.870+0800][2.588s][gc,heap     ] GC(23)   Garbage:         -                98M (5%)           64M (3%)           32M (2%)             -                  -          
[2024-07-21T21:27:07.870+0800][2.588s][gc,heap     ] GC(23) Reclaimed:         -                  -                34M (2%)           66M (3%)             -                  -          
[2024-07-21T21:27:07.870+0800][2.588s][gc          ] GC(23) Garbage Collection (Allocation Rate) 104M(5%)->72M(4%)
[2024-07-21T21:27:07.959+0800][2.677s][gc,start    ] GC(24) Garbage Collection (Allocation Rate)
[2024-07-21T21:27:07.959+0800][2.677s][gc,task     ] GC(24) Using 2 workers
[2024-07-21T21:27:07.959+0800][2.677s][gc,phases   ] GC(24) Pause Mark Start 0.007ms
[2024-07-21T21:27:07.974+0800][2.692s][gc,phases   ] GC(24) Concurrent Mark 14.582ms
[2024-07-21T21:27:07.974+0800][2.692s][gc,phases   ] GC(24) Pause Mark End 0.011ms
[2024-07-21T21:27:07.974+0800][2.693s][gc,phases   ] GC(24) Concurrent Mark Free 0.003ms
[2024-07-21T21:27:07.975+0800][2.693s][gc,phases   ] GC(24) Concurrent Process Non-Strong References 0.740ms
[2024-07-21T21:27:07.975+0800][2.694s][gc,phases   ] GC(24) Concurrent Reset Relocation Set 0.001ms
[2024-07-21T21:27:07.977+0800][2.695s][gc,phases   ] GC(24) Concurrent Select Relocation Set 1.618ms
[2024-07-21T21:27:07.977+0800][2.695s][gc,phases   ] GC(24) Pause Relocate Start 0.006ms
[2024-07-21T21:27:07.978+0800][2.696s][gc,phases   ] GC(24) Concurrent Relocate 0.673ms
[2024-07-21T21:27:07.978+0800][2.696s][gc,load     ] GC(24) Load: 0.00/0.00/0.00
[2024-07-21T21:27:07.978+0800][2.696s][gc,mmu      ] GC(24) MMU: 2ms/97.6%, 5ms/98.8%, 10ms/99.4%, 20ms/99.6%, 50ms/99.9%, 100ms/99.9%
[2024-07-21T21:27:07.978+0800][2.696s][gc,marking  ] GC(24) Mark: 2 stripe(s), 2 proactive flush(es), 1 terminate flush(es), 0 completion(s), 0 continuation(s) 
[2024-07-21T21:27:07.978+0800][2.696s][gc,marking  ] GC(24) Mark Stack Usage: 32M
[2024-07-21T21:27:07.978+0800][2.696s][gc,nmethod  ] GC(24) NMethods: 395 registered, 0 unregistered
[2024-07-21T21:27:07.978+0800][2.696s][gc,metaspace] GC(24) Metaspace: 1M used, 1M committed, 1032M reserved
[2024-07-21T21:27:07.978+0800][2.696s][gc,ref      ] GC(24) Soft: 93 encountered, 0 discovered, 0 enqueued
[2024-07-21T21:27:07.978+0800][2.696s][gc,ref      ] GC(24) Weak: 131 encountered, 2 discovered, 0 enqueued
[2024-07-21T21:27:07.978+0800][2.696s][gc,ref      ] GC(24) Final: 0 encountered, 0 discovered, 0 enqueued
[2024-07-21T21:27:07.978+0800][2.696s][gc,ref      ] GC(24) Phantom: 184 encountered, 97 discovered, 0 enqueued
[2024-07-21T21:27:07.978+0800][2.696s][gc,reloc    ] GC(24) Small Pages: 4 / 8M, Empty: 2M, Relocated: 0M, In-Place: 0
[2024-07-21T21:27:07.978+0800][2.696s][gc,reloc    ] GC(24) Medium Pages: 4 / 128M, Empty: 64M, Relocated: 3M, In-Place: 0
[2024-07-21T21:27:07.978+0800][2.696s][gc,reloc    ] GC(24) Large Pages: 0 / 0M, Empty: 0M, Relocated: 0M, In-Place: 0
[2024-07-21T21:27:07.978+0800][2.696s][gc,reloc    ] GC(24) Forwarding Usage: 0M
[2024-07-21T21:27:07.978+0800][2.697s][gc,heap     ] GC(24) Min Capacity: 8M(0%)
[2024-07-21T21:27:07.978+0800][2.697s][gc,heap     ] GC(24) Max Capacity: 2048M(100%)
[2024-07-21T21:27:07.978+0800][2.697s][gc,heap     ] GC(24) Soft Max Capacity: 128M(6%)
[2024-07-21T21:27:07.978+0800][2.697s][gc,heap     ] GC(24)                Mark Start          Mark End        Relocate Start      Relocate End           High               Low         
[2024-07-21T21:27:07.978+0800][2.697s][gc,heap     ] GC(24)  Capacity:      256M (12%)         256M (12%)         256M (12%)         256M (12%)         256M (12%)         256M (12%)    
[2024-07-21T21:27:07.978+0800][2.697s][gc,heap     ] GC(24)      Free:     1912M (93%)        1878M (92%)        1944M (95%)        1976M (96%)        1976M (96%)        1878M (92%)    
[2024-07-21T21:27:07.978+0800][2.697s][gc,heap     ] GC(24)      Used:      136M (7%)          170M (8%)          104M (5%)           72M (4%)          170M (8%)           72M (4%)     
[2024-07-21T21:27:07.978+0800][2.697s][gc,heap     ] GC(24)      Live:         -                 7M (0%)            7M (0%)            7M (0%)             -                  -          
[2024-07-21T21:27:07.978+0800][2.697s][gc,heap     ] GC(24) Allocated:         -                34M (2%)           34M (2%)           34M (2%)             -                  -          
[2024-07-21T21:27:07.979+0800][2.697s][gc,heap     ] GC(24)   Garbage:         -               128M (6%)           62M (3%)           30M (1%)             -                  -          
[2024-07-21T21:27:07.979+0800][2.697s][gc,heap     ] GC(24) Reclaimed:         -                  -                66M (3%)           98M (5%)             -                  -          
[2024-07-21T21:27:07.979+0800][2.697s][gc          ] GC(24) Garbage Collection (Allocation Rate) 136M(7%)->72M(4%)
[2024-07-21T21:27:08.053+0800][2.771s][gc,start    ] GC(25) Garbage Collection (Allocation Rate)
[2024-07-21T21:27:08.053+0800][2.771s][gc,task     ] GC(25) Using 2 workers
[2024-07-21T21:27:08.053+0800][2.771s][gc,phases   ] GC(25) Pause Mark Start 0.029ms
[2024-07-21T21:27:08.068+0800][2.786s][gc,phases   ] GC(25) Concurrent Mark 14.466ms
[2024-07-21T21:27:08.068+0800][2.786s][gc,phases   ] GC(25) Pause Mark End 0.016ms
[2024-07-21T21:27:08.068+0800][2.786s][gc,phases   ] GC(25) Concurrent Mark Free 0.001ms
[2024-07-21T21:27:08.069+0800][2.787s][gc,phases   ] GC(25) Concurrent Process Non-Strong References 0.838ms
[2024-07-21T21:27:08.069+0800][2.787s][gc,phases   ] GC(25) Concurrent Reset Relocation Set 0.001ms
[2024-07-21T21:27:08.071+0800][2.789s][gc,phases   ] GC(25) Concurrent Select Relocation Set 2.492ms
[2024-07-21T21:27:08.072+0800][2.790s][gc,phases   ] GC(25) Pause Relocate Start 0.008ms
[2024-07-21T21:27:08.072+0800][2.791s][gc,phases   ] GC(25) Concurrent Relocate 0.784ms
[2024-07-21T21:27:08.073+0800][2.791s][gc,load     ] GC(25) Load: 0.00/0.00/0.00
[2024-07-21T21:27:08.073+0800][2.791s][gc,mmu      ] GC(25) MMU: 2ms/97.6%, 5ms/98.8%, 10ms/99.4%, 20ms/99.6%, 50ms/99.9%, 100ms/99.9%
[2024-07-21T21:27:08.073+0800][2.791s][gc,marking  ] GC(25) Mark: 2 stripe(s), 2 proactive flush(es), 1 terminate flush(es), 0 completion(s), 0 continuation(s) 
[2024-07-21T21:27:08.073+0800][2.791s][gc,marking  ] GC(25) Mark Stack Usage: 32M
[2024-07-21T21:27:08.073+0800][2.791s][gc,nmethod  ] GC(25) NMethods: 395 registered, 0 unregistered
[2024-07-21T21:27:08.073+0800][2.791s][gc,metaspace] GC(25) Metaspace: 1M used, 1M committed, 1032M reserved
[2024-07-21T21:27:08.073+0800][2.791s][gc,ref      ] GC(25) Soft: 93 encountered, 0 discovered, 0 enqueued
[2024-07-21T21:27:08.073+0800][2.791s][gc,ref      ] GC(25) Weak: 131 encountered, 2 discovered, 0 enqueued
[2024-07-21T21:27:08.073+0800][2.791s][gc,ref      ] GC(25) Final: 0 encountered, 0 discovered, 0 enqueued
[2024-07-21T21:27:08.073+0800][2.791s][gc,ref      ] GC(25) Phantom: 184 encountered, 135 discovered, 0 enqueued
[2024-07-21T21:27:08.073+0800][2.791s][gc,reloc    ] GC(25) Small Pages: 4 / 8M, Empty: 2M, Relocated: 0M, In-Place: 0
[2024-07-21T21:27:08.073+0800][2.791s][gc,reloc    ] GC(25) Medium Pages: 3 / 96M, Empty: 32M, Relocated: 3M, In-Place: 0
[2024-07-21T21:27:08.073+0800][2.791s][gc,reloc    ] GC(25) Large Pages: 0 / 0M, Empty: 0M, Relocated: 0M, In-Place: 0
[2024-07-21T21:27:08.073+0800][2.791s][gc,reloc    ] GC(25) Forwarding Usage: 0M
[2024-07-21T21:27:08.073+0800][2.791s][gc,heap     ] GC(25) Min Capacity: 8M(0%)
[2024-07-21T21:27:08.073+0800][2.791s][gc,heap     ] GC(25) Max Capacity: 2048M(100%)
[2024-07-21T21:27:08.073+0800][2.791s][gc,heap     ] GC(25) Soft Max Capacity: 128M(6%)
[2024-07-21T21:27:08.073+0800][2.791s][gc,heap     ] GC(25)                Mark Start          Mark End        Relocate Start      Relocate End           High               Low         
[2024-07-21T21:27:08.073+0800][2.791s][gc,heap     ] GC(25)  Capacity:      256M (12%)         256M (12%)         256M (12%)         256M (12%)         256M (12%)         256M (12%)    
[2024-07-21T21:27:08.073+0800][2.791s][gc,heap     ] GC(25)      Free:     1944M (95%)        1910M (93%)        1944M (95%)        1976M (96%)        1976M (96%)        1910M (93%)    
[2024-07-21T21:27:08.073+0800][2.791s][gc,heap     ] GC(25)      Used:      104M (5%)          138M (7%)          104M (5%)           72M (4%)          138M (7%)           72M (4%)     
[2024-07-21T21:27:08.073+0800][2.791s][gc,heap     ] GC(25)      Live:         -                 7M (0%)            7M (0%)            7M (0%)             -                  -          
[2024-07-21T21:27:08.073+0800][2.791s][gc,heap     ] GC(25) Allocated:         -                34M (2%)           34M (2%)           34M (2%)             -                  -          
[2024-07-21T21:27:08.073+0800][2.791s][gc,heap     ] GC(25)   Garbage:         -                96M (5%)           62M (3%)           30M (1%)             -                  -          
[2024-07-21T21:27:08.073+0800][2.791s][gc,heap     ] GC(25) Reclaimed:         -                  -                34M (2%)           66M (3%)             -                  -          
[2024-07-21T21:27:08.073+0800][2.791s][gc          ] GC(25) Garbage Collection (Allocation Rate) 104M(5%)->72M(4%)
[2024-07-21T21:27:08.163+0800][2.881s][gc,start    ] GC(26) Garbage Collection (Allocation Rate)
[2024-07-21T21:27:08.163+0800][2.881s][gc,task     ] GC(26) Using 2 workers
[2024-07-21T21:27:08.164+0800][2.882s][gc,phases   ] GC(26) Pause Mark Start 0.019ms
[2024-07-21T21:27:08.179+0800][2.897s][gc,phases   ] GC(26) Concurrent Mark 15.220ms
[2024-07-21T21:27:08.179+0800][2.897s][gc,phases   ] GC(26) Pause Mark End 0.012ms
[2024-07-21T21:27:08.179+0800][2.898s][gc,phases   ] GC(26) Concurrent Mark Free 0.002ms
[2024-07-21T21:27:08.180+0800][2.898s][gc,phases   ] GC(26) Concurrent Process Non-Strong References 0.817ms
[2024-07-21T21:27:08.180+0800][2.899s][gc,phases   ] GC(26) Concurrent Reset Relocation Set 0.001ms
[2024-07-21T21:27:08.182+0800][2.900s][gc,phases   ] GC(26) Concurrent Select Relocation Set 1.661ms
[2024-07-21T21:27:08.182+0800][2.900s][gc,phases   ] GC(26) Pause Relocate Start 0.006ms
[2024-07-21T21:27:08.183+0800][2.901s][gc,phases   ] GC(26) Concurrent Relocate 0.928ms
[2024-07-21T21:27:08.183+0800][2.902s][gc,load     ] GC(26) Load: 0.00/0.00/0.00
[2024-07-21T21:27:08.183+0800][2.902s][gc,mmu      ] GC(26) MMU: 2ms/97.6%, 5ms/98.8%, 10ms/99.4%, 20ms/99.6%, 50ms/99.9%, 100ms/99.9%
[2024-07-21T21:27:08.183+0800][2.902s][gc,marking  ] GC(26) Mark: 2 stripe(s), 2 proactive flush(es), 1 terminate flush(es), 0 completion(s), 0 continuation(s) 
[2024-07-21T21:27:08.183+0800][2.902s][gc,marking  ] GC(26) Mark Stack Usage: 32M
[2024-07-21T21:27:08.183+0800][2.902s][gc,nmethod  ] GC(26) NMethods: 396 registered, 0 unregistered
[2024-07-21T21:27:08.183+0800][2.902s][gc,metaspace] GC(26) Metaspace: 1M used, 1M committed, 1032M reserved
[2024-07-21T21:27:08.183+0800][2.902s][gc,ref      ] GC(26) Soft: 93 encountered, 0 discovered, 0 enqueued
[2024-07-21T21:27:08.183+0800][2.902s][gc,ref      ] GC(26) Weak: 131 encountered, 3 discovered, 0 enqueued
[2024-07-21T21:27:08.183+0800][2.902s][gc,ref      ] GC(26) Final: 0 encountered, 0 discovered, 0 enqueued
[2024-07-21T21:27:08.183+0800][2.902s][gc,ref      ] GC(26) Phantom: 184 encountered, 95 discovered, 0 enqueued
[2024-07-21T21:27:08.183+0800][2.902s][gc,reloc    ] GC(26) Small Pages: 5 / 10M, Empty: 2M, Relocated: 1M, In-Place: 0
[2024-07-21T21:27:08.184+0800][2.902s][gc,reloc    ] GC(26) Medium Pages: 4 / 128M, Empty: 64M, Relocated: 1M, In-Place: 0
[2024-07-21T21:27:08.184+0800][2.902s][gc,reloc    ] GC(26) Large Pages: 0 / 0M, Empty: 0M, Relocated: 0M, In-Place: 0
[2024-07-21T21:27:08.184+0800][2.902s][gc,reloc    ] GC(26) Forwarding Usage: 0M
[2024-07-21T21:27:08.184+0800][2.902s][gc,heap     ] GC(26) Min Capacity: 8M(0%)
[2024-07-21T21:27:08.184+0800][2.902s][gc,heap     ] GC(26) Max Capacity: 2048M(100%)
[2024-07-21T21:27:08.184+0800][2.902s][gc,heap     ] GC(26) Soft Max Capacity: 128M(6%)
[2024-07-21T21:27:08.184+0800][2.902s][gc,heap     ] GC(26)                Mark Start          Mark End        Relocate Start      Relocate End           High               Low         
[2024-07-21T21:27:08.184+0800][2.902s][gc,heap     ] GC(26)  Capacity:      256M (12%)         256M (12%)         256M (12%)         256M (12%)         256M (12%)         256M (12%)    
[2024-07-21T21:27:08.184+0800][2.902s][gc,heap     ] GC(26)      Free:     1910M (93%)        1876M (92%)        1942M (95%)        1976M (96%)        1976M (96%)        1876M (92%)    
[2024-07-21T21:27:08.184+0800][2.902s][gc,heap     ] GC(26)      Used:      138M (7%)          172M (8%)          106M (5%)           72M (4%)          172M (8%)           72M (4%)     
[2024-07-21T21:27:08.184+0800][2.902s][gc,heap     ] GC(26)      Live:         -                 5M (0%)            5M (0%)            5M (0%)             -                  -          
[2024-07-21T21:27:08.184+0800][2.902s][gc,heap     ] GC(26) Allocated:         -                34M (2%)           34M (2%)           34M (2%)             -                  -          
[2024-07-21T21:27:08.184+0800][2.902s][gc,heap     ] GC(26)   Garbage:         -               132M (6%)           66M (3%)           32M (2%)             -                  -          
[2024-07-21T21:27:08.184+0800][2.902s][gc,heap     ] GC(26) Reclaimed:         -                  -                66M (3%)          100M (5%)             -                  -          
[2024-07-21T21:27:08.184+0800][2.902s][gc          ] GC(26) Garbage Collection (Allocation Rate) 138M(7%)->72M(4%)
[2024-07-21T21:27:08.258+0800][2.976s][gc,start    ] GC(27) Garbage Collection (Allocation Rate)
[2024-07-21T21:27:08.258+0800][2.976s][gc,task     ] GC(27) Using 2 workers
[2024-07-21T21:27:08.258+0800][2.976s][gc,phases   ] GC(27) Pause Mark Start 0.016ms
[2024-07-21T21:27:08.274+0800][2.992s][gc,phases   ] GC(27) Concurrent Mark 15.670ms
[2024-07-21T21:27:08.274+0800][2.992s][gc,phases   ] GC(27) Pause Mark End 0.015ms
[2024-07-21T21:27:08.274+0800][2.992s][gc,phases   ] GC(27) Concurrent Mark Free 0.001ms
[2024-07-21T21:27:08.276+0800][2.994s][gc,phases   ] GC(27) Concurrent Process Non-Strong References 1.382ms
[2024-07-21T21:27:08.276+0800][2.994s][gc,phases   ] GC(27) Concurrent Reset Relocation Set 0.005ms
[2024-07-21T21:27:08.279+0800][2.997s][gc,phases   ] GC(27) Concurrent Select Relocation Set 3.073ms
[2024-07-21T21:27:08.279+0800][2.997s][gc,phases   ] GC(27) Pause Relocate Start 0.008ms
[2024-07-21T21:27:08.280+0800][2.998s][gc,phases   ] GC(27) Concurrent Relocate 0.399ms
[2024-07-21T21:27:08.280+0800][2.998s][gc,load     ] GC(27) Load: 0.00/0.00/0.00
[2024-07-21T21:27:08.280+0800][2.998s][gc,mmu      ] GC(27) MMU: 2ms/97.6%, 5ms/98.8%, 10ms/99.4%, 20ms/99.6%, 50ms/99.9%, 100ms/99.9%
[2024-07-21T21:27:08.280+0800][2.998s][gc,marking  ] GC(27) Mark: 2 stripe(s), 2 proactive flush(es), 1 terminate flush(es), 0 completion(s), 0 continuation(s) 
[2024-07-21T21:27:08.280+0800][2.998s][gc,marking  ] GC(27) Mark Stack Usage: 32M
[2024-07-21T21:27:08.280+0800][2.998s][gc,nmethod  ] GC(27) NMethods: 396 registered, 0 unregistered
[2024-07-21T21:27:08.280+0800][2.998s][gc,metaspace] GC(27) Metaspace: 1M used, 1M committed, 1032M reserved
[2024-07-21T21:27:08.280+0800][2.998s][gc,ref      ] GC(27) Soft: 93 encountered, 0 discovered, 0 enqueued
[2024-07-21T21:27:08.280+0800][2.998s][gc,ref      ] GC(27) Weak: 131 encountered, 1 discovered, 0 enqueued
[2024-07-21T21:27:08.280+0800][2.998s][gc,ref      ] GC(27) Final: 0 encountered, 0 discovered, 0 enqueued
[2024-07-21T21:27:08.280+0800][2.998s][gc,ref      ] GC(27) Phantom: 184 encountered, 142 discovered, 0 enqueued
[2024-07-21T21:27:08.280+0800][2.998s][gc,reloc    ] GC(27) Small Pages: 4 / 8M, Empty: 2M, Relocated: 0M, In-Place: 0
[2024-07-21T21:27:08.280+0800][2.998s][gc,reloc    ] GC(27) Medium Pages: 3 / 96M, Empty: 32M, Relocated: 1M, In-Place: 0
[2024-07-21T21:27:08.280+0800][2.998s][gc,reloc    ] GC(27) Large Pages: 0 / 0M, Empty: 0M, Relocated: 0M, In-Place: 0
[2024-07-21T21:27:08.280+0800][2.998s][gc,reloc    ] GC(27) Forwarding Usage: 0M
[2024-07-21T21:27:08.280+0800][2.998s][gc,heap     ] GC(27) Min Capacity: 8M(0%)
[2024-07-21T21:27:08.280+0800][2.998s][gc,heap     ] GC(27) Max Capacity: 2048M(100%)
[2024-07-21T21:27:08.280+0800][2.998s][gc,heap     ] GC(27) Soft Max Capacity: 128M(6%)
[2024-07-21T21:27:08.280+0800][2.998s][gc,heap     ] GC(27)                Mark Start          Mark End        Relocate Start      Relocate End           High               Low         
[2024-07-21T21:27:08.280+0800][2.998s][gc,heap     ] GC(27)  Capacity:      256M (12%)         256M (12%)         256M (12%)         256M (12%)         256M (12%)         256M (12%)    
[2024-07-21T21:27:08.280+0800][2.998s][gc,heap     ] GC(27)      Free:     1944M (95%)        1910M (93%)        1944M (95%)        1976M (96%)        1976M (96%)        1910M (93%)    
[2024-07-21T21:27:08.280+0800][2.998s][gc,heap     ] GC(27)      Used:      104M (5%)          138M (7%)          104M (5%)           72M (4%)          138M (7%)           72M (4%)     
[2024-07-21T21:27:08.280+0800][2.998s][gc,heap     ] GC(27)      Live:         -                 5M (0%)            5M (0%)            5M (0%)             -                  -          
[2024-07-21T21:27:08.280+0800][2.998s][gc,heap     ] GC(27) Allocated:         -                34M (2%)           34M (2%)           34M (2%)             -                  -          
[2024-07-21T21:27:08.280+0800][2.998s][gc,heap     ] GC(27)   Garbage:         -                98M (5%)           64M (3%)           32M (2%)             -                  -          
[2024-07-21T21:27:08.280+0800][2.998s][gc,heap     ] GC(27) Reclaimed:         -                  -                34M (2%)           66M (3%)             -                  -          
[2024-07-21T21:27:08.280+0800][2.998s][gc          ] GC(27) Garbage Collection (Allocation Rate) 104M(5%)->72M(4%)
[2024-07-21T21:27:08.353+0800][3.071s][gc,start    ] GC(28) Garbage Collection (Allocation Rate)
[2024-07-21T21:27:08.353+0800][3.072s][gc,task     ] GC(28) Using 2 workers
[2024-07-21T21:27:08.354+0800][3.072s][gc,phases   ] GC(28) Pause Mark Start 0.024ms
[2024-07-21T21:27:08.369+0800][3.087s][gc,phases   ] GC(28) Concurrent Mark 15.063ms
[2024-07-21T21:27:08.369+0800][3.088s][gc,phases   ] GC(28) Pause Mark End 0.015ms
[2024-07-21T21:27:08.370+0800][3.088s][gc,phases   ] GC(28) Concurrent Mark Free 0.002ms
[2024-07-21T21:27:08.371+0800][3.089s][gc,phases   ] GC(28) Concurrent Process Non-Strong References 0.966ms
[2024-07-21T21:27:08.371+0800][3.089s][gc,phases   ] GC(28) Concurrent Reset Relocation Set 0.001ms
[2024-07-21T21:27:08.373+0800][3.091s][gc,phases   ] GC(28) Concurrent Select Relocation Set 1.699ms
[2024-07-21T21:27:08.373+0800][3.091s][gc,phases   ] GC(28) Pause Relocate Start 0.006ms
[2024-07-21T21:27:08.373+0800][3.091s][gc,phases   ] GC(28) Concurrent Relocate 0.240ms
[2024-07-21T21:27:08.373+0800][3.091s][gc,load     ] GC(28) Load: 0.00/0.00/0.00
[2024-07-21T21:27:08.373+0800][3.091s][gc,mmu      ] GC(28) MMU: 2ms/97.6%, 5ms/98.8%, 10ms/99.4%, 20ms/99.6%, 50ms/99.9%, 100ms/99.9%
[2024-07-21T21:27:08.373+0800][3.091s][gc,marking  ] GC(28) Mark: 2 stripe(s), 2 proactive flush(es), 1 terminate flush(es), 0 completion(s), 0 continuation(s) 
[2024-07-21T21:27:08.373+0800][3.091s][gc,marking  ] GC(28) Mark Stack Usage: 32M
[2024-07-21T21:27:08.373+0800][3.091s][gc,nmethod  ] GC(28) NMethods: 396 registered, 0 unregistered
[2024-07-21T21:27:08.373+0800][3.091s][gc,metaspace] GC(28) Metaspace: 1M used, 1M committed, 1032M reserved
[2024-07-21T21:27:08.373+0800][3.091s][gc,ref      ] GC(28) Soft: 93 encountered, 0 discovered, 0 enqueued
[2024-07-21T21:27:08.373+0800][3.091s][gc,ref      ] GC(28) Weak: 131 encountered, 46 discovered, 0 enqueued
[2024-07-21T21:27:08.373+0800][3.091s][gc,ref      ] GC(28) Final: 0 encountered, 0 discovered, 0 enqueued
[2024-07-21T21:27:08.373+0800][3.091s][gc,ref      ] GC(28) Phantom: 184 encountered, 122 discovered, 0 enqueued
[2024-07-21T21:27:08.373+0800][3.091s][gc,reloc    ] GC(28) Small Pages: 4 / 8M, Empty: 2M, Relocated: 0M, In-Place: 0
[2024-07-21T21:27:08.373+0800][3.092s][gc,reloc    ] GC(28) Medium Pages: 3 / 96M, Empty: 32M, Relocated: 1M, In-Place: 0
[2024-07-21T21:27:08.373+0800][3.092s][gc,reloc    ] GC(28) Large Pages: 0 / 0M, Empty: 0M, Relocated: 0M, In-Place: 0
[2024-07-21T21:27:08.373+0800][3.092s][gc,reloc    ] GC(28) Forwarding Usage: 0M
[2024-07-21T21:27:08.373+0800][3.092s][gc,heap     ] GC(28) Min Capacity: 8M(0%)
[2024-07-21T21:27:08.373+0800][3.092s][gc,heap     ] GC(28) Max Capacity: 2048M(100%)
[2024-07-21T21:27:08.373+0800][3.092s][gc,heap     ] GC(28) Soft Max Capacity: 128M(6%)
[2024-07-21T21:27:08.373+0800][3.092s][gc,heap     ] GC(28)                Mark Start          Mark End        Relocate Start      Relocate End           High               Low         
[2024-07-21T21:27:08.373+0800][3.092s][gc,heap     ] GC(28)  Capacity:      256M (12%)         256M (12%)         256M (12%)         256M (12%)         256M (12%)         256M (12%)    
[2024-07-21T21:27:08.373+0800][3.092s][gc,heap     ] GC(28)      Free:     1944M (95%)        1910M (93%)        1944M (95%)        1976M (96%)        1976M (96%)        1910M (93%)    
[2024-07-21T21:27:08.373+0800][3.092s][gc,heap     ] GC(28)      Used:      104M (5%)          138M (7%)          104M (5%)           72M (4%)          138M (7%)           72M (4%)     
[2024-07-21T21:27:08.373+0800][3.092s][gc,heap     ] GC(28)      Live:         -                 5M (0%)            5M (0%)            5M (0%)             -                  -          
[2024-07-21T21:27:08.373+0800][3.092s][gc,heap     ] GC(28) Allocated:         -                34M (2%)           34M (2%)           34M (2%)             -                  -          
[2024-07-21T21:27:08.373+0800][3.092s][gc,heap     ] GC(28)   Garbage:         -                98M (5%)           64M (3%)           32M (2%)             -                  -          
[2024-07-21T21:27:08.374+0800][3.092s][gc,heap     ] GC(28) Reclaimed:         -                  -                34M (2%)           66M (3%)             -                  -          
[2024-07-21T21:27:08.374+0800][3.092s][gc          ] GC(28) Garbage Collection (Allocation Rate) 104M(5%)->72M(4%)
[2024-07-21T21:27:08.449+0800][3.167s][gc,start    ] GC(29) Garbage Collection (Allocation Rate)
[2024-07-21T21:27:08.449+0800][3.167s][gc,task     ] GC(29) Using 2 workers
[2024-07-21T21:27:08.449+0800][3.167s][gc,phases   ] GC(29) Pause Mark Start 0.011ms
[2024-07-21T21:27:08.464+0800][3.182s][gc,phases   ] GC(29) Concurrent Mark 14.908ms
[2024-07-21T21:27:08.464+0800][3.182s][gc,phases   ] GC(29) Pause Mark End 0.010ms
[2024-07-21T21:27:08.464+0800][3.183s][gc,phases   ] GC(29) Concurrent Mark Free 0.001ms
[2024-07-21T21:27:08.465+0800][3.184s][gc,phases   ] GC(29) Concurrent Process Non-Strong References 0.979ms
[2024-07-21T21:27:08.466+0800][3.184s][gc,phases   ] GC(29) Concurrent Reset Relocation Set 0.001ms
[2024-07-21T21:27:08.468+0800][3.186s][gc,phases   ] GC(29) Concurrent Select Relocation Set 2.003ms
[2024-07-21T21:27:08.468+0800][3.186s][gc,phases   ] GC(29) Pause Relocate Start 0.013ms
[2024-07-21T21:27:08.468+0800][3.186s][gc,phases   ] GC(29) Concurrent Relocate 0.301ms
[2024-07-21T21:27:08.468+0800][3.186s][gc,load     ] GC(29) Load: 0.00/0.00/0.00
[2024-07-21T21:27:08.468+0800][3.186s][gc,mmu      ] GC(29) MMU: 2ms/97.6%, 5ms/98.8%, 10ms/99.4%, 20ms/99.6%, 50ms/99.9%, 100ms/99.9%
[2024-07-21T21:27:08.468+0800][3.186s][gc,marking  ] GC(29) Mark: 2 stripe(s), 2 proactive flush(es), 1 terminate flush(es), 0 completion(s), 0 continuation(s) 
[2024-07-21T21:27:08.468+0800][3.186s][gc,marking  ] GC(29) Mark Stack Usage: 32M
[2024-07-21T21:27:08.468+0800][3.186s][gc,nmethod  ] GC(29) NMethods: 396 registered, 0 unregistered
[2024-07-21T21:27:08.468+0800][3.186s][gc,metaspace] GC(29) Metaspace: 1M used, 1M committed, 1032M reserved
[2024-07-21T21:27:08.468+0800][3.187s][gc,ref      ] GC(29) Soft: 93 encountered, 0 discovered, 0 enqueued
[2024-07-21T21:27:08.468+0800][3.187s][gc,ref      ] GC(29) Weak: 131 encountered, 0 discovered, 0 enqueued
[2024-07-21T21:27:08.468+0800][3.187s][gc,ref      ] GC(29) Final: 0 encountered, 0 discovered, 0 enqueued
[2024-07-21T21:27:08.468+0800][3.187s][gc,ref      ] GC(29) Phantom: 184 encountered, 169 discovered, 0 enqueued
[2024-07-21T21:27:08.468+0800][3.187s][gc,reloc    ] GC(29) Small Pages: 4 / 8M, Empty: 2M, Relocated: 0M, In-Place: 0
[2024-07-21T21:27:08.468+0800][3.187s][gc,reloc    ] GC(29) Medium Pages: 3 / 96M, Empty: 32M, Relocated: 1M, In-Place: 0
[2024-07-21T21:27:08.468+0800][3.187s][gc,reloc    ] GC(29) Large Pages: 0 / 0M, Empty: 0M, Relocated: 0M, In-Place: 0
[2024-07-21T21:27:08.468+0800][3.187s][gc,reloc    ] GC(29) Forwarding Usage: 0M
[2024-07-21T21:27:08.468+0800][3.187s][gc,heap     ] GC(29) Min Capacity: 8M(0%)
[2024-07-21T21:27:08.468+0800][3.187s][gc,heap     ] GC(29) Max Capacity: 2048M(100%)
[2024-07-21T21:27:08.468+0800][3.187s][gc,heap     ] GC(29) Soft Max Capacity: 128M(6%)
[2024-07-21T21:27:08.469+0800][3.187s][gc,heap     ] GC(29)                Mark Start          Mark End        Relocate Start      Relocate End           High               Low         
[2024-07-21T21:27:08.469+0800][3.187s][gc,heap     ] GC(29)  Capacity:      256M (12%)         256M (12%)         256M (12%)         256M (12%)         256M (12%)         256M (12%)    
[2024-07-21T21:27:08.469+0800][3.187s][gc,heap     ] GC(29)      Free:     1944M (95%)        1910M (93%)        1944M (95%)        1976M (96%)        1976M (96%)        1910M (93%)    
[2024-07-21T21:27:08.469+0800][3.187s][gc,heap     ] GC(29)      Used:      104M (5%)          138M (7%)          104M (5%)           72M (4%)          138M (7%)           72M (4%)     
[2024-07-21T21:27:08.469+0800][3.187s][gc,heap     ] GC(29)      Live:         -                 5M (0%)            5M (0%)            5M (0%)             -                  -          
[2024-07-21T21:27:08.469+0800][3.187s][gc,heap     ] GC(29) Allocated:         -                34M (2%)           34M (2%)           34M (2%)             -                  -          
[2024-07-21T21:27:08.469+0800][3.187s][gc,heap     ] GC(29)   Garbage:         -                98M (5%)           64M (3%)           32M (2%)             -                  -          
[2024-07-21T21:27:08.469+0800][3.187s][gc,heap     ] GC(29) Reclaimed:         -                  -                34M (2%)           66M (3%)             -                  -          
[2024-07-21T21:27:08.469+0800][3.187s][gc          ] GC(29) Garbage Collection (Allocation Rate) 104M(5%)->72M(4%)
[2024-07-21T21:27:08.560+0800][3.278s][gc,start    ] GC(30) Garbage Collection (Allocation Rate)
[2024-07-21T21:27:08.560+0800][3.278s][gc,task     ] GC(30) Using 2 workers
[2024-07-21T21:27:08.560+0800][3.278s][gc,phases   ] GC(30) Pause Mark Start 0.025ms
[2024-07-21T21:27:08.576+0800][3.294s][gc,phases   ] GC(30) Concurrent Mark 15.593ms
[2024-07-21T21:27:08.576+0800][3.294s][gc,phases   ] GC(30) Pause Mark End 0.010ms
[2024-07-21T21:27:08.576+0800][3.294s][gc,phases   ] GC(30) Concurrent Mark Free 0.002ms
[2024-07-21T21:27:08.578+0800][3.296s][gc,phases   ] GC(30) Concurrent Process Non-Strong References 0.940ms
[2024-07-21T21:27:08.578+0800][3.296s][gc,phases   ] GC(30) Concurrent Reset Relocation Set 0.001ms
[2024-07-21T21:27:08.579+0800][3.297s][gc,phases   ] GC(30) Concurrent Select Relocation Set 1.718ms
[2024-07-21T21:27:08.580+0800][3.298s][gc,phases   ] GC(30) Pause Relocate Start 0.018ms
[2024-07-21T21:27:08.580+0800][3.298s][gc,phases   ] GC(30) Concurrent Relocate 0.418ms
[2024-07-21T21:27:08.580+0800][3.298s][gc,load     ] GC(30) Load: 0.00/0.00/0.00
[2024-07-21T21:27:08.580+0800][3.298s][gc,mmu      ] GC(30) MMU: 2ms/97.6%, 5ms/98.8%, 10ms/99.4%, 20ms/99.6%, 50ms/99.9%, 100ms/99.9%
[2024-07-21T21:27:08.580+0800][3.298s][gc,marking  ] GC(30) Mark: 2 stripe(s), 2 proactive flush(es), 1 terminate flush(es), 0 completion(s), 0 continuation(s) 
[2024-07-21T21:27:08.580+0800][3.298s][gc,marking  ] GC(30) Mark Stack Usage: 32M
[2024-07-21T21:27:08.580+0800][3.298s][gc,nmethod  ] GC(30) NMethods: 396 registered, 0 unregistered
[2024-07-21T21:27:08.580+0800][3.298s][gc,metaspace] GC(30) Metaspace: 1M used, 1M committed, 1032M reserved
[2024-07-21T21:27:08.580+0800][3.298s][gc,ref      ] GC(30) Soft: 93 encountered, 0 discovered, 0 enqueued
[2024-07-21T21:27:08.580+0800][3.298s][gc,ref      ] GC(30) Weak: 131 encountered, 106 discovered, 0 enqueued
[2024-07-21T21:27:08.580+0800][3.298s][gc,ref      ] GC(30) Final: 0 encountered, 0 discovered, 0 enqueued
[2024-07-21T21:27:08.580+0800][3.298s][gc,ref      ] GC(30) Phantom: 184 encountered, 140 discovered, 0 enqueued
[2024-07-21T21:27:08.580+0800][3.298s][gc,reloc    ] GC(30) Small Pages: 4 / 8M, Empty: 2M, Relocated: 0M, In-Place: 0
[2024-07-21T21:27:08.580+0800][3.298s][gc,reloc    ] GC(30) Medium Pages: 4 / 128M, Empty: 64M, Relocated: 2M, In-Place: 0
[2024-07-21T21:27:08.580+0800][3.298s][gc,reloc    ] GC(30) Large Pages: 0 / 0M, Empty: 0M, Relocated: 0M, In-Place: 0
[2024-07-21T21:27:08.580+0800][3.298s][gc,reloc    ] GC(30) Forwarding Usage: 0M
[2024-07-21T21:27:08.580+0800][3.298s][gc,heap     ] GC(30) Min Capacity: 8M(0%)
[2024-07-21T21:27:08.580+0800][3.298s][gc,heap     ] GC(30) Max Capacity: 2048M(100%)
[2024-07-21T21:27:08.580+0800][3.298s][gc,heap     ] GC(30) Soft Max Capacity: 128M(6%)
[2024-07-21T21:27:08.580+0800][3.298s][gc,heap     ] GC(30)                Mark Start          Mark End        Relocate Start      Relocate End           High               Low         
[2024-07-21T21:27:08.580+0800][3.298s][gc,heap     ] GC(30)  Capacity:      256M (12%)         256M (12%)         256M (12%)         256M (12%)         256M (12%)         256M (12%)    
[2024-07-21T21:27:08.580+0800][3.298s][gc,heap     ] GC(30)      Free:     1912M (93%)        1878M (92%)        1944M (95%)        1976M (96%)        1976M (96%)        1878M (92%)    
[2024-07-21T21:27:08.580+0800][3.298s][gc,heap     ] GC(30)      Used:      136M (7%)          170M (8%)          104M (5%)           72M (4%)          170M (8%)           72M (4%)     
[2024-07-21T21:27:08.580+0800][3.298s][gc,heap     ] GC(30)      Live:         -                 6M (0%)            6M (0%)            6M (0%)             -                  -          
[2024-07-21T21:27:08.580+0800][3.298s][gc,heap     ] GC(30) Allocated:         -                34M (2%)           34M (2%)           34M (2%)             -                  -          
[2024-07-21T21:27:08.580+0800][3.298s][gc,heap     ] GC(30)   Garbage:         -               129M (6%)           63M (3%)           31M (2%)             -                  -          
[2024-07-21T21:27:08.581+0800][3.299s][gc,heap     ] GC(30) Reclaimed:         -                  -                66M (3%)           98M (5%)             -                  -          
[2024-07-21T21:27:08.581+0800][3.299s][gc          ] GC(30) Garbage Collection (Allocation Rate) 136M(7%)->72M(4%)
[2024-07-21T21:27:08.655+0800][3.373s][gc,start    ] GC(31) Garbage Collection (Allocation Rate)
[2024-07-21T21:27:08.655+0800][3.373s][gc,task     ] GC(31) Using 2 workers
[2024-07-21T21:27:08.655+0800][3.373s][gc,phases   ] GC(31) Pause Mark Start 0.007ms
[2024-07-21T21:27:08.671+0800][3.389s][gc,phases   ] GC(31) Concurrent Mark 15.159ms
[2024-07-21T21:27:08.671+0800][3.389s][gc,phases   ] GC(31) Pause Mark End 0.016ms
[2024-07-21T21:27:08.671+0800][3.389s][gc,phases   ] GC(31) Concurrent Mark Free 0.002ms
[2024-07-21T21:27:08.672+0800][3.390s][gc,phases   ] GC(31) Concurrent Process Non-Strong References 0.958ms
[2024-07-21T21:27:08.672+0800][3.390s][gc,phases   ] GC(31) Concurrent Reset Relocation Set 0.002ms
[2024-07-21T21:27:08.674+0800][3.393s][gc,phases   ] GC(31) Concurrent Select Relocation Set 2.531ms
[2024-07-21T21:27:08.674+0800][3.393s][gc,phases   ] GC(31) Pause Relocate Start 0.009ms
[2024-07-21T21:27:08.676+0800][3.394s][gc,phases   ] GC(31) Concurrent Relocate 1.001ms
[2024-07-21T21:27:08.676+0800][3.394s][gc,load     ] GC(31) Load: 0.00/0.00/0.00
[2024-07-21T21:27:08.676+0800][3.394s][gc,mmu      ] GC(31) MMU: 2ms/97.6%, 5ms/98.8%, 10ms/99.4%, 20ms/99.6%, 50ms/99.9%, 100ms/99.9%
[2024-07-21T21:27:08.676+0800][3.394s][gc,marking  ] GC(31) Mark: 2 stripe(s), 2 proactive flush(es), 1 terminate flush(es), 0 completion(s), 0 continuation(s) 
[2024-07-21T21:27:08.676+0800][3.394s][gc,marking  ] GC(31) Mark Stack Usage: 32M
[2024-07-21T21:27:08.676+0800][3.395s][gc,nmethod  ] GC(31) NMethods: 397 registered, 0 unregistered
[2024-07-21T21:27:08.676+0800][3.395s][gc,metaspace] GC(31) Metaspace: 1M used, 1M committed, 1032M reserved
[2024-07-21T21:27:08.676+0800][3.395s][gc,ref      ] GC(31) Soft: 93 encountered, 0 discovered, 0 enqueued
[2024-07-21T21:27:08.676+0800][3.395s][gc,ref      ] GC(31) Weak: 131 encountered, 0 discovered, 0 enqueued
[2024-07-21T21:27:08.676+0800][3.395s][gc,ref      ] GC(31) Final: 0 encountered, 0 discovered, 0 enqueued
[2024-07-21T21:27:08.676+0800][3.395s][gc,ref      ] GC(31) Phantom: 184 encountered, 169 discovered, 0 enqueued
[2024-07-21T21:27:08.676+0800][3.395s][gc,reloc    ] GC(31) Small Pages: 4 / 8M, Empty: 2M, Relocated: 0M, In-Place: 0
[2024-07-21T21:27:08.676+0800][3.395s][gc,reloc    ] GC(31) Medium Pages: 3 / 96M, Empty: 32M, Relocated: 3M, In-Place: 0
[2024-07-21T21:27:08.676+0800][3.395s][gc,reloc    ] GC(31) Large Pages: 0 / 0M, Empty: 0M, Relocated: 0M, In-Place: 0
[2024-07-21T21:27:08.676+0800][3.395s][gc,reloc    ] GC(31) Forwarding Usage: 0M
[2024-07-21T21:27:08.676+0800][3.395s][gc,heap     ] GC(31) Min Capacity: 8M(0%)
[2024-07-21T21:27:08.676+0800][3.395s][gc,heap     ] GC(31) Max Capacity: 2048M(100%)
[2024-07-21T21:27:08.676+0800][3.395s][gc,heap     ] GC(31) Soft Max Capacity: 128M(6%)
[2024-07-21T21:27:08.676+0800][3.395s][gc,heap     ] GC(31)                Mark Start          Mark End        Relocate Start      Relocate End           High               Low         
[2024-07-21T21:27:08.676+0800][3.395s][gc,heap     ] GC(31)  Capacity:      256M (12%)         256M (12%)         256M (12%)         256M (12%)         256M (12%)         256M (12%)    
[2024-07-21T21:27:08.676+0800][3.395s][gc,heap     ] GC(31)      Free:     1944M (95%)        1910M (93%)        1944M (95%)        1976M (96%)        1976M (96%)        1910M (93%)    
[2024-07-21T21:27:08.676+0800][3.395s][gc,heap     ] GC(31)      Used:      104M (5%)          138M (7%)          104M (5%)           72M (4%)          138M (7%)           72M (4%)     
[2024-07-21T21:27:08.676+0800][3.395s][gc,heap     ] GC(31)      Live:         -                 7M (0%)            7M (0%)            7M (0%)             -                  -          
[2024-07-21T21:27:08.676+0800][3.395s][gc,heap     ] GC(31) Allocated:         -                34M (2%)           34M (2%)           34M (2%)             -                  -          
[2024-07-21T21:27:08.676+0800][3.395s][gc,heap     ] GC(31)   Garbage:         -                96M (5%)           62M (3%)           30M (1%)             -                  -          
[2024-07-21T21:27:08.676+0800][3.395s][gc,heap     ] GC(31) Reclaimed:         -                  -                34M (2%)           66M (3%)             -                  -          
[2024-07-21T21:27:08.676+0800][3.395s][gc          ] GC(31) Garbage Collection (Allocation Rate) 104M(5%)->72M(4%)
[2024-07-21T21:27:08.749+0800][3.467s][gc,start    ] GC(32) Garbage Collection (Allocation Rate)
[2024-07-21T21:27:08.749+0800][3.467s][gc,task     ] GC(32) Using 2 workers
[2024-07-21T21:27:08.749+0800][3.467s][gc,phases   ] GC(32) Pause Mark Start 0.017ms
[2024-07-21T21:27:08.764+0800][3.482s][gc,phases   ] GC(32) Concurrent Mark 14.522ms
[2024-07-21T21:27:08.764+0800][3.483s][gc,phases   ] GC(32) Pause Mark End 0.040ms
[2024-07-21T21:27:08.765+0800][3.483s][gc,phases   ] GC(32) Concurrent Mark Free 0.002ms
[2024-07-21T21:27:08.766+0800][3.484s][gc,phases   ] GC(32) Concurrent Process Non-Strong References 0.865ms
[2024-07-21T21:27:08.766+0800][3.484s][gc,phases   ] GC(32) Concurrent Reset Relocation Set 0.001ms
[2024-07-21T21:27:08.768+0800][3.486s][gc,phases   ] GC(32) Concurrent Select Relocation Set 1.956ms
[2024-07-21T21:27:08.768+0800][3.486s][gc,phases   ] GC(32) Pause Relocate Start 0.005ms
[2024-07-21T21:27:08.768+0800][3.487s][gc,phases   ] GC(32) Concurrent Relocate 0.505ms
[2024-07-21T21:27:08.769+0800][3.487s][gc,load     ] GC(32) Load: 0.00/0.00/0.00
[2024-07-21T21:27:08.769+0800][3.487s][gc,mmu      ] GC(32) MMU: 2ms/97.6%, 5ms/98.8%, 10ms/99.4%, 20ms/99.6%, 50ms/99.9%, 100ms/99.9%
[2024-07-21T21:27:08.769+0800][3.487s][gc,marking  ] GC(32) Mark: 2 stripe(s), 2 proactive flush(es), 1 terminate flush(es), 0 completion(s), 0 continuation(s) 
[2024-07-21T21:27:08.769+0800][3.487s][gc,marking  ] GC(32) Mark Stack Usage: 32M
[2024-07-21T21:27:08.769+0800][3.487s][gc,nmethod  ] GC(32) NMethods: 406 registered, 0 unregistered
[2024-07-21T21:27:08.769+0800][3.487s][gc,metaspace] GC(32) Metaspace: 1M used, 1M committed, 1032M reserved
[2024-07-21T21:27:08.769+0800][3.487s][gc,ref      ] GC(32) Soft: 93 encountered, 0 discovered, 0 enqueued
[2024-07-21T21:27:08.769+0800][3.487s][gc,ref      ] GC(32) Weak: 131 encountered, 0 discovered, 0 enqueued
[2024-07-21T21:27:08.769+0800][3.487s][gc,ref      ] GC(32) Final: 0 encountered, 0 discovered, 0 enqueued
[2024-07-21T21:27:08.769+0800][3.487s][gc,ref      ] GC(32) Phantom: 184 encountered, 169 discovered, 0 enqueued
[2024-07-21T21:27:08.769+0800][3.487s][gc,reloc    ] GC(32) Small Pages: 4 / 8M, Empty: 2M, Relocated: 0M, In-Place: 0
[2024-07-21T21:27:08.769+0800][3.487s][gc,reloc    ] GC(32) Medium Pages: 3 / 96M, Empty: 32M, Relocated: 3M, In-Place: 0
[2024-07-21T21:27:08.769+0800][3.487s][gc,reloc    ] GC(32) Large Pages: 0 / 0M, Empty: 0M, Relocated: 0M, In-Place: 0
[2024-07-21T21:27:08.769+0800][3.487s][gc,reloc    ] GC(32) Forwarding Usage: 0M
[2024-07-21T21:27:08.769+0800][3.487s][gc,heap     ] GC(32) Min Capacity: 8M(0%)
[2024-07-21T21:27:08.769+0800][3.487s][gc,heap     ] GC(32) Max Capacity: 2048M(100%)
[2024-07-21T21:27:08.769+0800][3.487s][gc,heap     ] GC(32) Soft Max Capacity: 128M(6%)
[2024-07-21T21:27:08.769+0800][3.487s][gc,heap     ] GC(32)                Mark Start          Mark End        Relocate Start      Relocate End           High               Low         
[2024-07-21T21:27:08.769+0800][3.487s][gc,heap     ] GC(32)  Capacity:      256M (12%)         256M (12%)         256M (12%)         256M (12%)         256M (12%)         256M (12%)    
[2024-07-21T21:27:08.769+0800][3.487s][gc,heap     ] GC(32)      Free:     1944M (95%)        1910M (93%)        1944M (95%)        1976M (96%)        1976M (96%)        1910M (93%)    
[2024-07-21T21:27:08.769+0800][3.487s][gc,heap     ] GC(32)      Used:      104M (5%)          138M (7%)          104M (5%)           72M (4%)          138M (7%)           72M (4%)     
[2024-07-21T21:27:08.769+0800][3.487s][gc,heap     ] GC(32)      Live:         -                 7M (0%)            7M (0%)            7M (0%)             -                  -          
[2024-07-21T21:27:08.769+0800][3.487s][gc,heap     ] GC(32) Allocated:         -                34M (2%)           34M (2%)           34M (2%)             -                  -          
[2024-07-21T21:27:08.769+0800][3.487s][gc,heap     ] GC(32)   Garbage:         -                96M (5%)           62M (3%)           30M (1%)             -                  -          
[2024-07-21T21:27:08.769+0800][3.487s][gc,heap     ] GC(32) Reclaimed:         -                  -                34M (2%)           66M (3%)             -                  -          
[2024-07-21T21:27:08.769+0800][3.487s][gc          ] GC(32) Garbage Collection (Allocation Rate) 104M(5%)->72M(4%)
[2024-07-21T21:27:08.860+0800][3.578s][gc,start    ] GC(33) Garbage Collection (Allocation Rate)
[2024-07-21T21:27:08.860+0800][3.578s][gc,task     ] GC(33) Using 2 workers
[2024-07-21T21:27:08.860+0800][3.578s][gc,phases   ] GC(33) Pause Mark Start 0.012ms
[2024-07-21T21:27:08.876+0800][3.594s][gc,phases   ] GC(33) Concurrent Mark 15.940ms
[2024-07-21T21:27:08.876+0800][3.594s][gc,phases   ] GC(33) Pause Mark End 0.063ms
[2024-07-21T21:27:08.876+0800][3.594s][gc,phases   ] GC(33) Concurrent Mark Free 0.004ms
[2024-07-21T21:27:08.878+0800][3.596s][gc,phases   ] GC(33) Concurrent Process Non-Strong References 1.087ms
[2024-07-21T21:27:08.878+0800][3.596s][gc,phases   ] GC(33) Concurrent Reset Relocation Set 0.002ms
[2024-07-21T21:27:08.880+0800][3.598s][gc,phases   ] GC(33) Concurrent Select Relocation Set 2.196ms
[2024-07-21T21:27:08.880+0800][3.598s][gc,phases   ] GC(33) Pause Relocate Start 0.021ms
[2024-07-21T21:27:08.881+0800][3.599s][gc,phases   ] GC(33) Concurrent Relocate 0.328ms
[2024-07-21T21:27:08.881+0800][3.599s][gc,load     ] GC(33) Load: 0.00/0.00/0.00
[2024-07-21T21:27:08.881+0800][3.599s][gc,mmu      ] GC(33) MMU: 2ms/96.9%, 5ms/98.3%, 10ms/99.2%, 20ms/99.6%, 50ms/99.8%, 100ms/99.9%
[2024-07-21T21:27:08.881+0800][3.599s][gc,marking  ] GC(33) Mark: 2 stripe(s), 2 proactive flush(es), 1 terminate flush(es), 0 completion(s), 0 continuation(s) 
[2024-07-21T21:27:08.881+0800][3.599s][gc,marking  ] GC(33) Mark Stack Usage: 32M
[2024-07-21T21:27:08.881+0800][3.599s][gc,nmethod  ] GC(33) NMethods: 407 registered, 0 unregistered
[2024-07-21T21:27:08.881+0800][3.599s][gc,metaspace] GC(33) Metaspace: 1M used, 1M committed, 1032M reserved
[2024-07-21T21:27:08.881+0800][3.599s][gc,ref      ] GC(33) Soft: 93 encountered, 0 discovered, 0 enqueued
[2024-07-21T21:27:08.881+0800][3.599s][gc,ref      ] GC(33) Weak: 131 encountered, 12 discovered, 0 enqueued
[2024-07-21T21:27:08.881+0800][3.599s][gc,ref      ] GC(33) Final: 0 encountered, 0 discovered, 0 enqueued
[2024-07-21T21:27:08.881+0800][3.599s][gc,ref      ] GC(33) Phantom: 184 encountered, 119 discovered, 0 enqueued
[2024-07-21T21:27:08.881+0800][3.599s][gc,reloc    ] GC(33) Small Pages: 4 / 8M, Empty: 2M, Relocated: 0M, In-Place: 0
[2024-07-21T21:27:08.881+0800][3.599s][gc,reloc    ] GC(33) Medium Pages: 4 / 128M, Empty: 64M, Relocated: 1M, In-Place: 0
[2024-07-21T21:27:08.881+0800][3.599s][gc,reloc    ] GC(33) Large Pages: 0 / 0M, Empty: 0M, Relocated: 0M, In-Place: 0
[2024-07-21T21:27:08.881+0800][3.599s][gc,reloc    ] GC(33) Forwarding Usage: 0M
[2024-07-21T21:27:08.881+0800][3.599s][gc,heap     ] GC(33) Min Capacity: 8M(0%)
[2024-07-21T21:27:08.881+0800][3.599s][gc,heap     ] GC(33) Max Capacity: 2048M(100%)
[2024-07-21T21:27:08.881+0800][3.599s][gc,heap     ] GC(33) Soft Max Capacity: 128M(6%)
[2024-07-21T21:27:08.881+0800][3.599s][gc,heap     ] GC(33)                Mark Start          Mark End        Relocate Start      Relocate End           High               Low         
[2024-07-21T21:27:08.881+0800][3.599s][gc,heap     ] GC(33)  Capacity:      256M (12%)         256M (12%)         256M (12%)         256M (12%)         256M (12%)         256M (12%)    
[2024-07-21T21:27:08.881+0800][3.599s][gc,heap     ] GC(33)      Free:     1912M (93%)        1878M (92%)        1944M (95%)        1976M (96%)        1976M (96%)        1878M (92%)    
[2024-07-21T21:27:08.881+0800][3.599s][gc,heap     ] GC(33)      Used:      136M (7%)          170M (8%)          104M (5%)           72M (4%)          170M (8%)           72M (4%)     
[2024-07-21T21:27:08.881+0800][3.599s][gc,heap     ] GC(33)      Live:         -                 5M (0%)            5M (0%)            5M (0%)             -                  -          
[2024-07-21T21:27:08.881+0800][3.599s][gc,heap     ] GC(33) Allocated:         -                34M (2%)           34M (2%)           34M (2%)             -                  -          
[2024-07-21T21:27:08.881+0800][3.599s][gc,heap     ] GC(33)   Garbage:         -               130M (6%)           64M (3%)           32M (2%)             -                  -          
[2024-07-21T21:27:08.881+0800][3.599s][gc,heap     ] GC(33) Reclaimed:         -                  -                66M (3%)           98M (5%)             -                  -          
[2024-07-21T21:27:08.881+0800][3.599s][gc          ] GC(33) Garbage Collection (Allocation Rate) 136M(7%)->72M(4%)
[2024-07-21T21:27:08.954+0800][3.672s][gc,start    ] GC(34) Garbage Collection (Allocation Rate)
[2024-07-21T21:27:08.955+0800][3.673s][gc,task     ] GC(34) Using 2 workers
[2024-07-21T21:27:08.955+0800][3.673s][gc,phases   ] GC(34) Pause Mark Start 0.011ms
[2024-07-21T21:27:08.970+0800][3.688s][gc,phases   ] GC(34) Concurrent Mark 15.127ms
[2024-07-21T21:27:08.970+0800][3.689s][gc,phases   ] GC(34) Pause Mark End 0.011ms
[2024-07-21T21:27:08.970+0800][3.689s][gc,phases   ] GC(34) Concurrent Mark Free 0.002ms
[2024-07-21T21:27:08.971+0800][3.690s][gc,phases   ] GC(34) Concurrent Process Non-Strong References 0.929ms
[2024-07-21T21:27:08.971+0800][3.690s][gc,phases   ] GC(34) Concurrent Reset Relocation Set 0.001ms
[2024-07-21T21:27:08.973+0800][3.692s][gc,phases   ] GC(34) Concurrent Select Relocation Set 1.923ms
[2024-07-21T21:27:08.974+0800][3.692s][gc,phases   ] GC(34) Pause Relocate Start 0.006ms
[2024-07-21T21:27:08.974+0800][3.692s][gc,phases   ] GC(34) Concurrent Relocate 0.163ms
[2024-07-21T21:27:08.974+0800][3.692s][gc,load     ] GC(34) Load: 0.00/0.00/0.00
[2024-07-21T21:27:08.974+0800][3.692s][gc,mmu      ] GC(34) MMU: 2ms/96.9%, 5ms/98.3%, 10ms/99.2%, 20ms/99.6%, 50ms/99.8%, 100ms/99.9%
[2024-07-21T21:27:08.974+0800][3.692s][gc,marking  ] GC(34) Mark: 2 stripe(s), 2 proactive flush(es), 1 terminate flush(es), 0 completion(s), 0 continuation(s) 
[2024-07-21T21:27:08.974+0800][3.692s][gc,marking  ] GC(34) Mark Stack Usage: 32M
[2024-07-21T21:27:08.974+0800][3.692s][gc,nmethod  ] GC(34) NMethods: 412 registered, 0 unregistered
[2024-07-21T21:27:08.974+0800][3.692s][gc,metaspace] GC(34) Metaspace: 1M used, 1M committed, 1032M reserved
[2024-07-21T21:27:08.974+0800][3.692s][gc,ref      ] GC(34) Soft: 93 encountered, 0 discovered, 0 enqueued
[2024-07-21T21:27:08.974+0800][3.692s][gc,ref      ] GC(34) Weak: 131 encountered, 81 discovered, 0 enqueued
[2024-07-21T21:27:08.974+0800][3.692s][gc,ref      ] GC(34) Final: 0 encountered, 0 discovered, 0 enqueued
[2024-07-21T21:27:08.974+0800][3.692s][gc,ref      ] GC(34) Phantom: 184 encountered, 172 discovered, 0 enqueued
[2024-07-21T21:27:08.974+0800][3.692s][gc,reloc    ] GC(34) Small Pages: 4 / 8M, Empty: 2M, Relocated: 0M, In-Place: 0
[2024-07-21T21:27:08.974+0800][3.692s][gc,reloc    ] GC(34) Medium Pages: 3 / 96M, Empty: 64M, Relocated: 0M, In-Place: 0
[2024-07-21T21:27:08.974+0800][3.692s][gc,reloc    ] GC(34) Large Pages: 0 / 0M, Empty: 0M, Relocated: 0M, In-Place: 0
[2024-07-21T21:27:08.974+0800][3.692s][gc,reloc    ] GC(34) Forwarding Usage: 0M
[2024-07-21T21:27:08.974+0800][3.692s][gc,heap     ] GC(34) Min Capacity: 8M(0%)
[2024-07-21T21:27:08.974+0800][3.693s][gc,heap     ] GC(34) Max Capacity: 2048M(100%)
[2024-07-21T21:27:08.974+0800][3.693s][gc,heap     ] GC(34) Soft Max Capacity: 128M(6%)
[2024-07-21T21:27:08.974+0800][3.693s][gc,heap     ] GC(34)                Mark Start          Mark End        Relocate Start      Relocate End           High               Low         
[2024-07-21T21:27:08.974+0800][3.693s][gc,heap     ] GC(34)  Capacity:      256M (12%)         256M (12%)         256M (12%)         256M (12%)         256M (12%)         256M (12%)    
[2024-07-21T21:27:08.974+0800][3.693s][gc,heap     ] GC(34)      Free:     1944M (95%)        1910M (93%)        1976M (96%)        1976M (96%)        1976M (96%)        1910M (93%)    
[2024-07-21T21:27:08.974+0800][3.693s][gc,heap     ] GC(34)      Used:      104M (5%)          138M (7%)           72M (4%)           72M (4%)          138M (7%)           72M (4%)     
[2024-07-21T21:27:08.974+0800][3.693s][gc,heap     ] GC(34)      Live:         -                 4M (0%)            4M (0%)            4M (0%)             -                  -          
[2024-07-21T21:27:08.974+0800][3.693s][gc,heap     ] GC(34) Allocated:         -                34M (2%)           34M (2%)           34M (2%)             -                  -          
[2024-07-21T21:27:08.974+0800][3.693s][gc,heap     ] GC(34)   Garbage:         -                99M (5%)           33M (2%)           33M (2%)             -                  -          
[2024-07-21T21:27:08.974+0800][3.693s][gc,heap     ] GC(34) Reclaimed:         -                  -                66M (3%)           66M (3%)             -                  -          
[2024-07-21T21:27:08.974+0800][3.693s][gc          ] GC(34) Garbage Collection (Allocation Rate) 104M(5%)->72M(4%)
[2024-07-21T21:27:09.050+0800][3.768s][gc,start    ] GC(35) Garbage Collection (Allocation Rate)
[2024-07-21T21:27:09.050+0800][3.768s][gc,task     ] GC(35) Using 2 workers
[2024-07-21T21:27:09.050+0800][3.768s][gc,phases   ] GC(35) Pause Mark Start 0.011ms
[2024-07-21T21:27:09.065+0800][3.783s][gc,phases   ] GC(35) Concurrent Mark 14.822ms
[2024-07-21T21:27:09.065+0800][3.784s][gc,phases   ] GC(35) Pause Mark End 0.032ms
[2024-07-21T21:27:09.065+0800][3.784s][gc,phases   ] GC(35) Concurrent Mark Free 0.003ms
[2024-07-21T21:27:09.067+0800][3.785s][gc,phases   ] GC(35) Concurrent Process Non-Strong References 1.101ms
[2024-07-21T21:27:09.067+0800][3.785s][gc,phases   ] GC(35) Concurrent Reset Relocation Set 0.000ms
[2024-07-21T21:27:09.069+0800][3.787s][gc,phases   ] GC(35) Concurrent Select Relocation Set 2.233ms
[2024-07-21T21:27:09.069+0800][3.787s][gc,phases   ] GC(35) Pause Relocate Start 0.008ms
[2024-07-21T21:27:09.069+0800][3.788s][gc,phases   ] GC(35) Concurrent Relocate 0.242ms
[2024-07-21T21:27:09.069+0800][3.788s][gc,load     ] GC(35) Load: 0.00/0.00/0.00
[2024-07-21T21:27:09.069+0800][3.788s][gc,mmu      ] GC(35) MMU: 2ms/96.9%, 5ms/98.3%, 10ms/99.2%, 20ms/99.6%, 50ms/99.8%, 100ms/99.9%
[2024-07-21T21:27:09.069+0800][3.788s][gc,marking  ] GC(35) Mark: 2 stripe(s), 2 proactive flush(es), 1 terminate flush(es), 0 completion(s), 0 continuation(s) 
[2024-07-21T21:27:09.070+0800][3.788s][gc,marking  ] GC(35) Mark Stack Usage: 32M
[2024-07-21T21:27:09.070+0800][3.788s][gc,nmethod  ] GC(35) NMethods: 414 registered, 0 unregistered
[2024-07-21T21:27:09.070+0800][3.788s][gc,metaspace] GC(35) Metaspace: 1M used, 1M committed, 1032M reserved
[2024-07-21T21:27:09.070+0800][3.788s][gc,ref      ] GC(35) Soft: 93 encountered, 0 discovered, 0 enqueued
[2024-07-21T21:27:09.070+0800][3.788s][gc,ref      ] GC(35) Weak: 131 encountered, 0 discovered, 0 enqueued
[2024-07-21T21:27:09.070+0800][3.788s][gc,ref      ] GC(35) Final: 0 encountered, 0 discovered, 0 enqueued
[2024-07-21T21:27:09.070+0800][3.788s][gc,ref      ] GC(35) Phantom: 184 encountered, 142 discovered, 0 enqueued
[2024-07-21T21:27:09.070+0800][3.788s][gc,reloc    ] GC(35) Small Pages: 4 / 8M, Empty: 2M, Relocated: 0M, In-Place: 0
[2024-07-21T21:27:09.070+0800][3.788s][gc,reloc    ] GC(35) Medium Pages: 3 / 96M, Empty: 32M, Relocated: 1M, In-Place: 0
[2024-07-21T21:27:09.070+0800][3.788s][gc,reloc    ] GC(35) Large Pages: 0 / 0M, Empty: 0M, Relocated: 0M, In-Place: 0
[2024-07-21T21:27:09.070+0800][3.788s][gc,reloc    ] GC(35) Forwarding Usage: 0M
[2024-07-21T21:27:09.070+0800][3.788s][gc,heap     ] GC(35) Min Capacity: 8M(0%)
[2024-07-21T21:27:09.070+0800][3.788s][gc,heap     ] GC(35) Max Capacity: 2048M(100%)
[2024-07-21T21:27:09.070+0800][3.788s][gc,heap     ] GC(35) Soft Max Capacity: 128M(6%)
[2024-07-21T21:27:09.070+0800][3.788s][gc,heap     ] GC(35)                Mark Start          Mark End        Relocate Start      Relocate End           High               Low         
[2024-07-21T21:27:09.070+0800][3.788s][gc,heap     ] GC(35)  Capacity:      256M (12%)         256M (12%)         256M (12%)         256M (12%)         256M (12%)         256M (12%)    
[2024-07-21T21:27:09.070+0800][3.788s][gc,heap     ] GC(35)      Free:     1944M (95%)        1910M (93%)        1944M (95%)        1976M (96%)        1976M (96%)        1910M (93%)    
[2024-07-21T21:27:09.070+0800][3.788s][gc,heap     ] GC(35)      Used:      104M (5%)          138M (7%)          104M (5%)           72M (4%)          138M (7%)           72M (4%)     
[2024-07-21T21:27:09.070+0800][3.788s][gc,heap     ] GC(35)      Live:         -                 5M (0%)            5M (0%)            5M (0%)             -                  -          
[2024-07-21T21:27:09.070+0800][3.788s][gc,heap     ] GC(35) Allocated:         -                34M (2%)           34M (2%)           34M (2%)             -                  -          
[2024-07-21T21:27:09.070+0800][3.788s][gc,heap     ] GC(35)   Garbage:         -                98M (5%)           64M (3%)           32M (2%)             -                  -          
[2024-07-21T21:27:09.070+0800][3.788s][gc,heap     ] GC(35) Reclaimed:         -                  -                34M (2%)           66M (3%)             -                  -          
[2024-07-21T21:27:09.070+0800][3.788s][gc          ] GC(35) Garbage Collection (Allocation Rate) 104M(5%)->72M(4%)
[2024-07-21T21:27:09.159+0800][3.877s][gc,start    ] GC(36) Garbage Collection (Allocation Rate)
[2024-07-21T21:27:09.159+0800][3.878s][gc,task     ] GC(36) Using 2 workers
[2024-07-21T21:27:09.159+0800][3.878s][gc,phases   ] GC(36) Pause Mark Start 0.007ms
[2024-07-21T21:27:09.175+0800][3.893s][gc,phases   ] GC(36) Concurrent Mark 15.165ms
[2024-07-21T21:27:09.175+0800][3.894s][gc,phases   ] GC(36) Pause Mark End 0.044ms
[2024-07-21T21:27:09.175+0800][3.894s][gc,phases   ] GC(36) Concurrent Mark Free 0.002ms
[2024-07-21T21:27:09.176+0800][3.895s][gc,phases   ] GC(36) Concurrent Process Non-Strong References 1.050ms
[2024-07-21T21:27:09.176+0800][3.895s][gc,phases   ] GC(36) Concurrent Reset Relocation Set 0.001ms
[2024-07-21T21:27:09.178+0800][3.897s][gc,phases   ] GC(36) Concurrent Select Relocation Set 1.636ms
[2024-07-21T21:27:09.178+0800][3.897s][gc,phases   ] GC(36) Pause Relocate Start 0.006ms
[2024-07-21T21:27:09.179+0800][3.898s][gc,phases   ] GC(36) Concurrent Relocate 0.535ms
[2024-07-21T21:27:09.179+0800][3.898s][gc,load     ] GC(36) Load: 0.00/0.00/0.00
[2024-07-21T21:27:09.179+0800][3.898s][gc,mmu      ] GC(36) MMU: 2ms/96.9%, 5ms/98.3%, 10ms/99.2%, 20ms/99.6%, 50ms/99.8%, 100ms/99.9%
[2024-07-21T21:27:09.179+0800][3.898s][gc,marking  ] GC(36) Mark: 2 stripe(s), 2 proactive flush(es), 1 terminate flush(es), 0 completion(s), 0 continuation(s) 
[2024-07-21T21:27:09.179+0800][3.898s][gc,marking  ] GC(36) Mark Stack Usage: 32M
[2024-07-21T21:27:09.179+0800][3.898s][gc,nmethod  ] GC(36) NMethods: 418 registered, 0 unregistered
[2024-07-21T21:27:09.179+0800][3.898s][gc,metaspace] GC(36) Metaspace: 1M used, 1M committed, 1032M reserved
[2024-07-21T21:27:09.179+0800][3.898s][gc,ref      ] GC(36) Soft: 93 encountered, 0 discovered, 0 enqueued
[2024-07-21T21:27:09.179+0800][3.898s][gc,ref      ] GC(36) Weak: 131 encountered, 0 discovered, 0 enqueued
[2024-07-21T21:27:09.179+0800][3.898s][gc,ref      ] GC(36) Final: 0 encountered, 0 discovered, 0 enqueued
[2024-07-21T21:27:09.179+0800][3.898s][gc,ref      ] GC(36) Phantom: 184 encountered, 169 discovered, 0 enqueued
[2024-07-21T21:27:09.179+0800][3.898s][gc,reloc    ] GC(36) Small Pages: 4 / 8M, Empty: 2M, Relocated: 0M, In-Place: 0
[2024-07-21T21:27:09.179+0800][3.898s][gc,reloc    ] GC(36) Medium Pages: 4 / 128M, Empty: 64M, Relocated: 3M, In-Place: 0
[2024-07-21T21:27:09.179+0800][3.898s][gc,reloc    ] GC(36) Large Pages: 0 / 0M, Empty: 0M, Relocated: 0M, In-Place: 0
[2024-07-21T21:27:09.179+0800][3.898s][gc,reloc    ] GC(36) Forwarding Usage: 0M
[2024-07-21T21:27:09.179+0800][3.898s][gc,heap     ] GC(36) Min Capacity: 8M(0%)
[2024-07-21T21:27:09.179+0800][3.898s][gc,heap     ] GC(36) Max Capacity: 2048M(100%)
[2024-07-21T21:27:09.179+0800][3.898s][gc,heap     ] GC(36) Soft Max Capacity: 128M(6%)
[2024-07-21T21:27:09.179+0800][3.898s][gc,heap     ] GC(36)                Mark Start          Mark End        Relocate Start      Relocate End           High               Low         
[2024-07-21T21:27:09.179+0800][3.898s][gc,heap     ] GC(36)  Capacity:      256M (12%)         256M (12%)         256M (12%)         256M (12%)         256M (12%)         256M (12%)    
[2024-07-21T21:27:09.179+0800][3.898s][gc,heap     ] GC(36)      Free:     1912M (93%)        1878M (92%)        1944M (95%)        1976M (96%)        1976M (96%)        1878M (92%)    
[2024-07-21T21:27:09.179+0800][3.898s][gc,heap     ] GC(36)      Used:      136M (7%)          170M (8%)          104M (5%)           72M (4%)          170M (8%)           72M (4%)     
[2024-07-21T21:27:09.179+0800][3.898s][gc,heap     ] GC(36)      Live:         -                 7M (0%)            7M (0%)            7M (0%)             -                  -          
[2024-07-21T21:27:09.179+0800][3.898s][gc,heap     ] GC(36) Allocated:         -                34M (2%)           34M (2%)           34M (2%)             -                  -          
[2024-07-21T21:27:09.179+0800][3.898s][gc,heap     ] GC(36)   Garbage:         -               128M (6%)           62M (3%)           30M (1%)             -                  -          
[2024-07-21T21:27:09.179+0800][3.898s][gc,heap     ] GC(36) Reclaimed:         -                  -                66M (3%)           98M (5%)             -                  -          
[2024-07-21T21:27:09.179+0800][3.898s][gc          ] GC(36) Garbage Collection (Allocation Rate) 136M(7%)->72M(4%)
[2024-07-21T21:27:09.254+0800][3.972s][gc,start    ] GC(37) Garbage Collection (Allocation Rate)
[2024-07-21T21:27:09.254+0800][3.972s][gc,task     ] GC(37) Using 2 workers
[2024-07-21T21:27:09.254+0800][3.972s][gc,phases   ] GC(37) Pause Mark Start 0.013ms
[2024-07-21T21:27:09.269+0800][3.987s][gc,phases   ] GC(37) Concurrent Mark 15.009ms
[2024-07-21T21:27:09.269+0800][3.988s][gc,phases   ] GC(37) Pause Mark End 0.009ms
[2024-07-21T21:27:09.269+0800][3.988s][gc,phases   ] GC(37) Concurrent Mark Free 0.001ms
[2024-07-21T21:27:09.270+0800][3.989s][gc,phases   ] GC(37) Concurrent Process Non-Strong References 1.056ms
[2024-07-21T21:27:09.270+0800][3.989s][gc,phases   ] GC(37) Concurrent Reset Relocation Set 0.001ms
[2024-07-21T21:27:09.272+0800][3.991s][gc,phases   ] GC(37) Concurrent Select Relocation Set 1.969ms
[2024-07-21T21:27:09.272+0800][3.991s][gc,phases   ] GC(37) Pause Relocate Start 0.010ms
[2024-07-21T21:27:09.273+0800][3.992s][gc,phases   ] GC(37) Concurrent Relocate 0.448ms
[2024-07-21T21:27:09.273+0800][3.992s][gc,load     ] GC(37) Load: 0.00/0.00/0.00
[2024-07-21T21:27:09.273+0800][3.992s][gc,mmu      ] GC(37) MMU: 2ms/96.9%, 5ms/98.3%, 10ms/99.2%, 20ms/99.6%, 50ms/99.8%, 100ms/99.9%
[2024-07-21T21:27:09.273+0800][3.992s][gc,marking  ] GC(37) Mark: 2 stripe(s), 2 proactive flush(es), 1 terminate flush(es), 0 completion(s), 0 continuation(s) 
[2024-07-21T21:27:09.273+0800][3.992s][gc,marking  ] GC(37) Mark Stack Usage: 32M
[2024-07-21T21:27:09.273+0800][3.992s][gc,nmethod  ] GC(37) NMethods: 421 registered, 0 unregistered
[2024-07-21T21:27:09.273+0800][3.992s][gc,metaspace] GC(37) Metaspace: 1M used, 1M committed, 1032M reserved
[2024-07-21T21:27:09.273+0800][3.992s][gc,ref      ] GC(37) Soft: 93 encountered, 0 discovered, 0 enqueued
[2024-07-21T21:27:09.273+0800][3.992s][gc,ref      ] GC(37) Weak: 131 encountered, 107 discovered, 0 enqueued
[2024-07-21T21:27:09.273+0800][3.992s][gc,ref      ] GC(37) Final: 0 encountered, 0 discovered, 0 enqueued
[2024-07-21T21:27:09.273+0800][3.992s][gc,ref      ] GC(37) Phantom: 184 encountered, 172 discovered, 0 enqueued
[2024-07-21T21:27:09.273+0800][3.992s][gc,reloc    ] GC(37) Small Pages: 4 / 8M, Empty: 2M, Relocated: 0M, In-Place: 0
[2024-07-21T21:27:09.273+0800][3.992s][gc,reloc    ] GC(37) Medium Pages: 3 / 96M, Empty: 32M, Relocated: 3M, In-Place: 0
[2024-07-21T21:27:09.273+0800][3.992s][gc,reloc    ] GC(37) Large Pages: 0 / 0M, Empty: 0M, Relocated: 0M, In-Place: 0
[2024-07-21T21:27:09.273+0800][3.992s][gc,reloc    ] GC(37) Forwarding Usage: 0M
[2024-07-21T21:27:09.273+0800][3.992s][gc,heap     ] GC(37) Min Capacity: 8M(0%)
[2024-07-21T21:27:09.273+0800][3.992s][gc,heap     ] GC(37) Max Capacity: 2048M(100%)
[2024-07-21T21:27:09.273+0800][3.992s][gc,heap     ] GC(37) Soft Max Capacity: 128M(6%)
[2024-07-21T21:27:09.273+0800][3.992s][gc,heap     ] GC(37)                Mark Start          Mark End        Relocate Start      Relocate End           High               Low         
[2024-07-21T21:27:09.273+0800][3.992s][gc,heap     ] GC(37)  Capacity:      256M (12%)         256M (12%)         256M (12%)         256M (12%)         256M (12%)         256M (12%)    
[2024-07-21T21:27:09.273+0800][3.992s][gc,heap     ] GC(37)      Free:     1944M (95%)        1910M (93%)        1944M (95%)        1976M (96%)        1976M (96%)        1910M (93%)    
[2024-07-21T21:27:09.273+0800][3.992s][gc,heap     ] GC(37)      Used:      104M (5%)          138M (7%)          104M (5%)           72M (4%)          138M (7%)           72M (4%)     
[2024-07-21T21:27:09.273+0800][3.992s][gc,heap     ] GC(37)      Live:         -                 7M (0%)            7M (0%)            7M (0%)             -                  -          
[2024-07-21T21:27:09.273+0800][3.992s][gc,heap     ] GC(37) Allocated:         -                34M (2%)           34M (2%)           34M (2%)             -                  -          
[2024-07-21T21:27:09.273+0800][3.992s][gc,heap     ] GC(37)   Garbage:         -                96M (5%)           62M (3%)           30M (1%)             -                  -          
[2024-07-21T21:27:09.273+0800][3.992s][gc,heap     ] GC(37) Reclaimed:         -                  -                34M (2%)           66M (3%)             -                  -          
[2024-07-21T21:27:09.273+0800][3.992s][gc          ] GC(37) Garbage Collection (Allocation Rate) 104M(5%)->72M(4%)
[2024-07-21T21:27:09.348+0800][4.066s][gc,start    ] GC(38) Garbage Collection (Allocation Rate)
[2024-07-21T21:27:09.348+0800][4.066s][gc,task     ] GC(38) Using 2 workers
[2024-07-21T21:27:09.348+0800][4.066s][gc,phases   ] GC(38) Pause Mark Start 0.007ms
[2024-07-21T21:27:09.363+0800][4.081s][gc,phases   ] GC(38) Concurrent Mark 14.834ms
[2024-07-21T21:27:09.363+0800][4.082s][gc,phases   ] GC(38) Pause Mark End 0.014ms
[2024-07-21T21:27:09.363+0800][4.082s][gc,phases   ] GC(38) Concurrent Mark Free 0.003ms
[2024-07-21T21:27:09.364+0800][4.083s][gc,phases   ] GC(38) Concurrent Process Non-Strong References 0.841ms
[2024-07-21T21:27:09.365+0800][4.083s][gc,phases   ] GC(38) Concurrent Reset Relocation Set 0.001ms
[2024-07-21T21:27:09.366+0800][4.084s][gc,phases   ] GC(38) Concurrent Select Relocation Set 1.651ms
[2024-07-21T21:27:09.366+0800][4.085s][gc,phases   ] GC(38) Pause Relocate Start 0.005ms
[2024-07-21T21:27:09.367+0800][4.085s][gc,phases   ] GC(38) Concurrent Relocate 0.690ms
[2024-07-21T21:27:09.367+0800][4.085s][gc,load     ] GC(38) Load: 0.00/0.00/0.00
[2024-07-21T21:27:09.367+0800][4.086s][gc,mmu      ] GC(38) MMU: 2ms/96.9%, 5ms/98.3%, 10ms/99.2%, 20ms/99.6%, 50ms/99.8%, 100ms/99.9%
[2024-07-21T21:27:09.367+0800][4.086s][gc,marking  ] GC(38) Mark: 2 stripe(s), 2 proactive flush(es), 1 terminate flush(es), 0 completion(s), 0 continuation(s) 
[2024-07-21T21:27:09.367+0800][4.086s][gc,marking  ] GC(38) Mark Stack Usage: 32M
[2024-07-21T21:27:09.367+0800][4.086s][gc,nmethod  ] GC(38) NMethods: 421 registered, 0 unregistered
[2024-07-21T21:27:09.367+0800][4.086s][gc,metaspace] GC(38) Metaspace: 1M used, 1M committed, 1032M reserved
[2024-07-21T21:27:09.367+0800][4.086s][gc,ref      ] GC(38) Soft: 93 encountered, 0 discovered, 0 enqueued
[2024-07-21T21:27:09.367+0800][4.086s][gc,ref      ] GC(38) Weak: 131 encountered, 99 discovered, 0 enqueued
[2024-07-21T21:27:09.367+0800][4.086s][gc,ref      ] GC(38) Final: 0 encountered, 0 discovered, 0 enqueued
[2024-07-21T21:27:09.367+0800][4.086s][gc,ref      ] GC(38) Phantom: 184 encountered, 141 discovered, 0 enqueued
[2024-07-21T21:27:09.367+0800][4.086s][gc,reloc    ] GC(38) Small Pages: 4 / 8M, Empty: 2M, Relocated: 0M, In-Place: 0
[2024-07-21T21:27:09.367+0800][4.086s][gc,reloc    ] GC(38) Medium Pages: 3 / 96M, Empty: 32M, Relocated: 4M, In-Place: 0
[2024-07-21T21:27:09.367+0800][4.086s][gc,reloc    ] GC(38) Large Pages: 0 / 0M, Empty: 0M, Relocated: 0M, In-Place: 0
[2024-07-21T21:27:09.367+0800][4.086s][gc,reloc    ] GC(38) Forwarding Usage: 0M
[2024-07-21T21:27:09.367+0800][4.086s][gc,heap     ] GC(38) Min Capacity: 8M(0%)
[2024-07-21T21:27:09.367+0800][4.086s][gc,heap     ] GC(38) Max Capacity: 2048M(100%)
[2024-07-21T21:27:09.367+0800][4.086s][gc,heap     ] GC(38) Soft Max Capacity: 128M(6%)
[2024-07-21T21:27:09.367+0800][4.086s][gc,heap     ] GC(38)                Mark Start          Mark End        Relocate Start      Relocate End           High               Low         
[2024-07-21T21:27:09.368+0800][4.086s][gc,heap     ] GC(38)  Capacity:      256M (12%)         256M (12%)         256M (12%)         256M (12%)         256M (12%)         256M (12%)    
[2024-07-21T21:27:09.368+0800][4.086s][gc,heap     ] GC(38)      Free:     1944M (95%)        1910M (93%)        1944M (95%)        1976M (96%)        1976M (96%)        1910M (93%)    
[2024-07-21T21:27:09.368+0800][4.086s][gc,heap     ] GC(38)      Used:      104M (5%)          138M (7%)          104M (5%)           72M (4%)          138M (7%)           72M (4%)     
[2024-07-21T21:27:09.368+0800][4.086s][gc,heap     ] GC(38)      Live:         -                 8M (0%)            8M (0%)            8M (0%)             -                  -          
[2024-07-21T21:27:09.368+0800][4.086s][gc,heap     ] GC(38) Allocated:         -                34M (2%)           34M (2%)           34M (2%)             -                  -          
[2024-07-21T21:27:09.368+0800][4.086s][gc,heap     ] GC(38)   Garbage:         -                95M (5%)           61M (3%)           29M (1%)             -                  -          
[2024-07-21T21:27:09.368+0800][4.086s][gc,heap     ] GC(38) Reclaimed:         -                  -                34M (2%)           66M (3%)             -                  -          
[2024-07-21T21:27:09.368+0800][4.086s][gc          ] GC(38) Garbage Collection (Allocation Rate) 104M(5%)->72M(4%)
[2024-07-21T21:27:09.458+0800][4.176s][gc,start    ] GC(39) Garbage Collection (Allocation Rate)
[2024-07-21T21:27:09.458+0800][4.176s][gc,task     ] GC(39) Using 2 workers
[2024-07-21T21:27:09.458+0800][4.176s][gc,phases   ] GC(39) Pause Mark Start 0.013ms
[2024-07-21T21:27:09.474+0800][4.192s][gc,phases   ] GC(39) Concurrent Mark 15.715ms
[2024-07-21T21:27:09.474+0800][4.192s][gc,phases   ] GC(39) Pause Mark End 0.030ms
[2024-07-21T21:27:09.474+0800][4.192s][gc,phases   ] GC(39) Concurrent Mark Free 0.001ms
[2024-07-21T21:27:09.476+0800][4.194s][gc,phases   ] GC(39) Concurrent Process Non-Strong References 1.406ms
[2024-07-21T21:27:09.476+0800][4.194s][gc,phases   ] GC(39) Concurrent Reset Relocation Set 0.005ms
[2024-07-21T21:27:09.479+0800][4.197s][gc,phases   ] GC(39) Concurrent Select Relocation Set 3.026ms
[2024-07-21T21:27:09.479+0800][4.197s][gc,phases   ] GC(39) Pause Relocate Start 0.016ms
[2024-07-21T21:27:09.479+0800][4.198s][gc,phases   ] GC(39) Concurrent Relocate 0.272ms
[2024-07-21T21:27:09.479+0800][4.198s][gc,load     ] GC(39) Load: 0.00/0.00/0.00
[2024-07-21T21:27:09.479+0800][4.198s][gc,mmu      ] GC(39) MMU: 2ms/96.9%, 5ms/98.3%, 10ms/99.2%, 20ms/99.6%, 50ms/99.8%, 100ms/99.9%
[2024-07-21T21:27:09.479+0800][4.198s][gc,marking  ] GC(39) Mark: 2 stripe(s), 2 proactive flush(es), 1 terminate flush(es), 0 completion(s), 0 continuation(s) 
[2024-07-21T21:27:09.479+0800][4.198s][gc,marking  ] GC(39) Mark Stack Usage: 32M
[2024-07-21T21:27:09.480+0800][4.198s][gc,nmethod  ] GC(39) NMethods: 423 registered, 0 unregistered
[2024-07-21T21:27:09.480+0800][4.198s][gc,metaspace] GC(39) Metaspace: 1M used, 1M committed, 1032M reserved
[2024-07-21T21:27:09.480+0800][4.198s][gc,ref      ] GC(39) Soft: 93 encountered, 0 discovered, 0 enqueued
[2024-07-21T21:27:09.480+0800][4.198s][gc,ref      ] GC(39) Weak: 131 encountered, 0 discovered, 0 enqueued
[2024-07-21T21:27:09.480+0800][4.198s][gc,ref      ] GC(39) Final: 0 encountered, 0 discovered, 0 enqueued
[2024-07-21T21:27:09.480+0800][4.198s][gc,ref      ] GC(39) Phantom: 184 encountered, 169 discovered, 0 enqueued
[2024-07-21T21:27:09.480+0800][4.198s][gc,reloc    ] GC(39) Small Pages: 4 / 8M, Empty: 2M, Relocated: 0M, In-Place: 0
[2024-07-21T21:27:09.480+0800][4.198s][gc,reloc    ] GC(39) Medium Pages: 4 / 128M, Empty: 64M, Relocated: 1M, In-Place: 0
[2024-07-21T21:27:09.480+0800][4.198s][gc,reloc    ] GC(39) Large Pages: 0 / 0M, Empty: 0M, Relocated: 0M, In-Place: 0
[2024-07-21T21:27:09.480+0800][4.198s][gc,reloc    ] GC(39) Forwarding Usage: 0M
[2024-07-21T21:27:09.480+0800][4.198s][gc,heap     ] GC(39) Min Capacity: 8M(0%)
[2024-07-21T21:27:09.480+0800][4.198s][gc,heap     ] GC(39) Max Capacity: 2048M(100%)
[2024-07-21T21:27:09.480+0800][4.198s][gc,heap     ] GC(39) Soft Max Capacity: 128M(6%)
[2024-07-21T21:27:09.480+0800][4.198s][gc,heap     ] GC(39)                Mark Start          Mark End        Relocate Start      Relocate End           High               Low         
[2024-07-21T21:27:09.480+0800][4.198s][gc,heap     ] GC(39)  Capacity:      256M (12%)         256M (12%)         256M (12%)         256M (12%)         256M (12%)         256M (12%)    
[2024-07-21T21:27:09.480+0800][4.198s][gc,heap     ] GC(39)      Free:     1912M (93%)        1878M (92%)        1944M (95%)        1976M (96%)        1976M (96%)        1878M (92%)    
[2024-07-21T21:27:09.480+0800][4.198s][gc,heap     ] GC(39)      Used:      136M (7%)          170M (8%)          104M (5%)           72M (4%)          170M (8%)           72M (4%)     
[2024-07-21T21:27:09.480+0800][4.198s][gc,heap     ] GC(39)      Live:         -                 5M (0%)            5M (0%)            5M (0%)             -                  -          
[2024-07-21T21:27:09.480+0800][4.198s][gc,heap     ] GC(39) Allocated:         -                34M (2%)           34M (2%)           34M (2%)             -                  -          
[2024-07-21T21:27:09.480+0800][4.198s][gc,heap     ] GC(39)   Garbage:         -               130M (6%)           64M (3%)           32M (2%)             -                  -          
[2024-07-21T21:27:09.480+0800][4.198s][gc,heap     ] GC(39) Reclaimed:         -                  -                66M (3%)           98M (5%)             -                  -          
[2024-07-21T21:27:09.480+0800][4.198s][gc          ] GC(39) Garbage Collection (Allocation Rate) 136M(7%)->72M(4%)
[2024-07-21T21:27:09.554+0800][4.271s][gc,start    ] GC(40) Garbage Collection (Allocation Rate)
[2024-07-21T21:27:09.554+0800][4.272s][gc,task     ] GC(40) Using 2 workers
[2024-07-21T21:27:09.554+0800][4.272s][gc,phases   ] GC(40) Pause Mark Start 0.009ms
[2024-07-21T21:27:09.569+0800][4.287s][gc,phases   ] GC(40) Concurrent Mark 15.264ms
[2024-07-21T21:27:09.569+0800][4.288s][gc,phases   ] GC(40) Pause Mark End 0.016ms
[2024-07-21T21:27:09.569+0800][4.288s][gc,phases   ] GC(40) Concurrent Mark Free 0.002ms
[2024-07-21T21:27:09.570+0800][4.289s][gc,phases   ] GC(40) Concurrent Process Non-Strong References 0.907ms
[2024-07-21T21:27:09.570+0800][4.289s][gc,phases   ] GC(40) Concurrent Reset Relocation Set 0.001ms
[2024-07-21T21:27:09.572+0800][4.291s][gc,phases   ] GC(40) Concurrent Select Relocation Set 1.836ms
[2024-07-21T21:27:09.572+0800][4.291s][gc,phases   ] GC(40) Pause Relocate Start 0.007ms
[2024-07-21T21:27:09.573+0800][4.291s][gc,phases   ] GC(40) Concurrent Relocate 0.269ms
[2024-07-21T21:27:09.573+0800][4.291s][gc,load     ] GC(40) Load: 0.00/0.00/0.00
[2024-07-21T21:27:09.573+0800][4.291s][gc,mmu      ] GC(40) MMU: 2ms/96.9%, 5ms/98.3%, 10ms/99.2%, 20ms/99.6%, 50ms/99.8%, 100ms/99.9%
[2024-07-21T21:27:09.573+0800][4.291s][gc,marking  ] GC(40) Mark: 2 stripe(s), 2 proactive flush(es), 1 terminate flush(es), 0 completion(s), 0 continuation(s) 
[2024-07-21T21:27:09.573+0800][4.291s][gc,marking  ] GC(40) Mark Stack Usage: 32M
[2024-07-21T21:27:09.573+0800][4.291s][gc,nmethod  ] GC(40) NMethods: 423 registered, 0 unregistered
[2024-07-21T21:27:09.573+0800][4.291s][gc,metaspace] GC(40) Metaspace: 1M used, 1M committed, 1032M reserved
[2024-07-21T21:27:09.573+0800][4.291s][gc,ref      ] GC(40) Soft: 93 encountered, 0 discovered, 0 enqueued
[2024-07-21T21:27:09.573+0800][4.291s][gc,ref      ] GC(40) Weak: 131 encountered, 11 discovered, 0 enqueued
[2024-07-21T21:27:09.573+0800][4.291s][gc,ref      ] GC(40) Final: 0 encountered, 0 discovered, 0 enqueued
[2024-07-21T21:27:09.573+0800][4.291s][gc,ref      ] GC(40) Phantom: 184 encountered, 169 discovered, 0 enqueued
[2024-07-21T21:27:09.573+0800][4.291s][gc,reloc    ] GC(40) Small Pages: 4 / 8M, Empty: 2M, Relocated: 0M, In-Place: 0
[2024-07-21T21:27:09.573+0800][4.292s][gc,reloc    ] GC(40) Medium Pages: 3 / 96M, Empty: 32M, Relocated: 1M, In-Place: 0
[2024-07-21T21:27:09.573+0800][4.292s][gc,reloc    ] GC(40) Large Pages: 0 / 0M, Empty: 0M, Relocated: 0M, In-Place: 0
[2024-07-21T21:27:09.573+0800][4.292s][gc,reloc    ] GC(40) Forwarding Usage: 0M
[2024-07-21T21:27:09.573+0800][4.292s][gc,heap     ] GC(40) Min Capacity: 8M(0%)
[2024-07-21T21:27:09.573+0800][4.292s][gc,heap     ] GC(40) Max Capacity: 2048M(100%)
[2024-07-21T21:27:09.573+0800][4.292s][gc,heap     ] GC(40) Soft Max Capacity: 128M(6%)
[2024-07-21T21:27:09.573+0800][4.292s][gc,heap     ] GC(40)                Mark Start          Mark End        Relocate Start      Relocate End           High               Low         
[2024-07-21T21:27:09.573+0800][4.292s][gc,heap     ] GC(40)  Capacity:      256M (12%)         256M (12%)         256M (12%)         256M (12%)         256M (12%)         256M (12%)    
[2024-07-21T21:27:09.573+0800][4.292s][gc,heap     ] GC(40)      Free:     1944M (95%)        1910M (93%)        1944M (95%)        1976M (96%)        1976M (96%)        1910M (93%)    
[2024-07-21T21:27:09.573+0800][4.292s][gc,heap     ] GC(40)      Used:      104M (5%)          138M (7%)          104M (5%)           72M (4%)          138M (7%)           72M (4%)     
[2024-07-21T21:27:09.573+0800][4.292s][gc,heap     ] GC(40)      Live:         -                 5M (0%)            5M (0%)            5M (0%)             -                  -          
[2024-07-21T21:27:09.573+0800][4.292s][gc,heap     ] GC(40) Allocated:         -                34M (2%)           34M (2%)           34M (2%)             -                  -          
[2024-07-21T21:27:09.573+0800][4.292s][gc,heap     ] GC(40)   Garbage:         -                98M (5%)           64M (3%)           32M (2%)             -                  -          
[2024-07-21T21:27:09.573+0800][4.292s][gc,heap     ] GC(40) Reclaimed:         -                  -                34M (2%)           66M (3%)             -                  -          
[2024-07-21T21:27:09.573+0800][4.292s][gc          ] GC(40) Garbage Collection (Allocation Rate) 104M(5%)->72M(4%)
[2024-07-21T21:27:09.649+0800][4.367s][gc,start    ] GC(41) Garbage Collection (Allocation Rate)
[2024-07-21T21:27:09.649+0800][4.367s][gc,task     ] GC(41) Using 2 workers
[2024-07-21T21:27:09.649+0800][4.368s][gc,phases   ] GC(41) Pause Mark Start 0.008ms
[2024-07-21T21:27:09.665+0800][4.383s][gc,phases   ] GC(41) Concurrent Mark 15.112ms
[2024-07-21T21:27:09.665+0800][4.383s][gc,phases   ] GC(41) Pause Mark End 0.015ms
[2024-07-21T21:27:09.665+0800][4.383s][gc,phases   ] GC(41) Concurrent Mark Free 0.001ms
[2024-07-21T21:27:09.666+0800][4.384s][gc,phases   ] GC(41) Concurrent Process Non-Strong References 0.968ms
[2024-07-21T21:27:09.666+0800][4.384s][gc,phases   ] GC(41) Concurrent Reset Relocation Set 0.001ms
[2024-07-21T21:27:09.668+0800][4.386s][gc,phases   ] GC(41) Concurrent Select Relocation Set 1.799ms
[2024-07-21T21:27:09.668+0800][4.386s][gc,phases   ] GC(41) Pause Relocate Start 0.009ms
[2024-07-21T21:27:09.669+0800][4.387s][gc,phases   ] GC(41) Concurrent Relocate 0.316ms
[2024-07-21T21:27:09.669+0800][4.387s][gc,load     ] GC(41) Load: 0.00/0.00/0.00
[2024-07-21T21:27:09.669+0800][4.387s][gc,mmu      ] GC(41) MMU: 2ms/96.9%, 5ms/98.3%, 10ms/99.2%, 20ms/99.6%, 50ms/99.8%, 100ms/99.9%
[2024-07-21T21:27:09.669+0800][4.387s][gc,marking  ] GC(41) Mark: 2 stripe(s), 3 proactive flush(es), 1 terminate flush(es), 0 completion(s), 0 continuation(s) 
[2024-07-21T21:27:09.669+0800][4.387s][gc,marking  ] GC(41) Mark Stack Usage: 32M
[2024-07-21T21:27:09.669+0800][4.387s][gc,nmethod  ] GC(41) NMethods: 424 registered, 0 unregistered
[2024-07-21T21:27:09.669+0800][4.387s][gc,metaspace] GC(41) Metaspace: 1M used, 1M committed, 1032M reserved
[2024-07-21T21:27:09.669+0800][4.387s][gc,ref      ] GC(41) Soft: 93 encountered, 0 discovered, 0 enqueued
[2024-07-21T21:27:09.669+0800][4.387s][gc,ref      ] GC(41) Weak: 131 encountered, 9 discovered, 0 enqueued
[2024-07-21T21:27:09.669+0800][4.387s][gc,ref      ] GC(41) Final: 0 encountered, 0 discovered, 0 enqueued
[2024-07-21T21:27:09.669+0800][4.387s][gc,ref      ] GC(41) Phantom: 184 encountered, 119 discovered, 0 enqueued
[2024-07-21T21:27:09.669+0800][4.387s][gc,reloc    ] GC(41) Small Pages: 4 / 8M, Empty: 2M, Relocated: 0M, In-Place: 0
[2024-07-21T21:27:09.669+0800][4.387s][gc,reloc    ] GC(41) Medium Pages: 3 / 96M, Empty: 32M, Relocated: 1M, In-Place: 0
[2024-07-21T21:27:09.669+0800][4.387s][gc,reloc    ] GC(41) Large Pages: 0 / 0M, Empty: 0M, Relocated: 0M, In-Place: 0
[2024-07-21T21:27:09.669+0800][4.387s][gc,reloc    ] GC(41) Forwarding Usage: 0M
[2024-07-21T21:27:09.669+0800][4.387s][gc,heap     ] GC(41) Min Capacity: 8M(0%)
[2024-07-21T21:27:09.669+0800][4.387s][gc,heap     ] GC(41) Max Capacity: 2048M(100%)
[2024-07-21T21:27:09.669+0800][4.387s][gc,heap     ] GC(41) Soft Max Capacity: 128M(6%)
[2024-07-21T21:27:09.669+0800][4.387s][gc,heap     ] GC(41)                Mark Start          Mark End        Relocate Start      Relocate End           High               Low         
[2024-07-21T21:27:09.669+0800][4.387s][gc,heap     ] GC(41)  Capacity:      256M (12%)         256M (12%)         256M (12%)         256M (12%)         256M (12%)         256M (12%)    
[2024-07-21T21:27:09.669+0800][4.387s][gc,heap     ] GC(41)      Free:     1944M (95%)        1910M (93%)        1944M (95%)        1976M (96%)        1976M (96%)        1910M (93%)    
[2024-07-21T21:27:09.669+0800][4.387s][gc,heap     ] GC(41)      Used:      104M (5%)          138M (7%)          104M (5%)           72M (4%)          138M (7%)           72M (4%)     
[2024-07-21T21:27:09.669+0800][4.387s][gc,heap     ] GC(41)      Live:         -                 5M (0%)            5M (0%)            5M (0%)             -                  -          
[2024-07-21T21:27:09.669+0800][4.387s][gc,heap     ] GC(41) Allocated:         -                34M (2%)           34M (2%)           34M (2%)             -                  -          
[2024-07-21T21:27:09.669+0800][4.387s][gc,heap     ] GC(41)   Garbage:         -                98M (5%)           64M (3%)           32M (2%)             -                  -          
[2024-07-21T21:27:09.669+0800][4.387s][gc,heap     ] GC(41) Reclaimed:         -                  -                34M (2%)           66M (3%)             -                  -          
[2024-07-21T21:27:09.669+0800][4.387s][gc          ] GC(41) Garbage Collection (Allocation Rate) 104M(5%)->72M(4%)
[2024-07-21T21:27:09.760+0800][4.478s][gc,start    ] GC(42) Garbage Collection (Allocation Rate)
[2024-07-21T21:27:09.760+0800][4.479s][gc,task     ] GC(42) Using 2 workers
[2024-07-21T21:27:09.760+0800][4.479s][gc,phases   ] GC(42) Pause Mark Start 0.010ms
[2024-07-21T21:27:09.776+0800][4.494s][gc,phases   ] GC(42) Concurrent Mark 14.491ms
[2024-07-21T21:27:09.776+0800][4.494s][gc,phases   ] GC(42) Pause Mark End 0.010ms
[2024-07-21T21:27:09.776+0800][4.494s][gc,phases   ] GC(42) Concurrent Mark Free 0.004ms
[2024-07-21T21:27:09.777+0800][4.495s][gc,phases   ] GC(42) Concurrent Process Non-Strong References 0.871ms
[2024-07-21T21:27:09.777+0800][4.495s][gc,phases   ] GC(42) Concurrent Reset Relocation Set 0.002ms
[2024-07-21T21:27:09.779+0800][4.497s][gc,phases   ] GC(42) Concurrent Select Relocation Set 1.896ms
[2024-07-21T21:27:09.779+0800][4.497s][gc,phases   ] GC(42) Pause Relocate Start 0.006ms
[2024-07-21T21:27:09.780+0800][4.498s][gc,phases   ] GC(42) Concurrent Relocate 0.518ms
[2024-07-21T21:27:09.780+0800][4.498s][gc,load     ] GC(42) Load: 0.00/0.00/0.00
[2024-07-21T21:27:09.780+0800][4.498s][gc,mmu      ] GC(42) MMU: 2ms/96.9%, 5ms/98.3%, 10ms/99.2%, 20ms/99.6%, 50ms/99.8%, 100ms/99.9%
[2024-07-21T21:27:09.780+0800][4.498s][gc,marking  ] GC(42) Mark: 2 stripe(s), 2 proactive flush(es), 1 terminate flush(es), 0 completion(s), 0 continuation(s) 
[2024-07-21T21:27:09.780+0800][4.498s][gc,marking  ] GC(42) Mark Stack Usage: 32M
[2024-07-21T21:27:09.780+0800][4.498s][gc,nmethod  ] GC(42) NMethods: 437 registered, 0 unregistered
[2024-07-21T21:27:09.780+0800][4.498s][gc,metaspace] GC(42) Metaspace: 1M used, 1M committed, 1032M reserved
[2024-07-21T21:27:09.780+0800][4.498s][gc,ref      ] GC(42) Soft: 93 encountered, 0 discovered, 0 enqueued
[2024-07-21T21:27:09.780+0800][4.498s][gc,ref      ] GC(42) Weak: 131 encountered, 83 discovered, 0 enqueued
[2024-07-21T21:27:09.780+0800][4.498s][gc,ref      ] GC(42) Final: 0 encountered, 0 discovered, 0 enqueued
[2024-07-21T21:27:09.780+0800][4.498s][gc,ref      ] GC(42) Phantom: 184 encountered, 122 discovered, 0 enqueued
[2024-07-21T21:27:09.780+0800][4.498s][gc,reloc    ] GC(42) Small Pages: 4 / 8M, Empty: 2M, Relocated: 0M, In-Place: 0
[2024-07-21T21:27:09.780+0800][4.498s][gc,reloc    ] GC(42) Medium Pages: 4 / 128M, Empty: 64M, Relocated: 3M, In-Place: 0
[2024-07-21T21:27:09.780+0800][4.498s][gc,reloc    ] GC(42) Large Pages: 0 / 0M, Empty: 0M, Relocated: 0M, In-Place: 0
[2024-07-21T21:27:09.780+0800][4.498s][gc,reloc    ] GC(42) Forwarding Usage: 0M
[2024-07-21T21:27:09.780+0800][4.498s][gc,heap     ] GC(42) Min Capacity: 8M(0%)
[2024-07-21T21:27:09.780+0800][4.498s][gc,heap     ] GC(42) Max Capacity: 2048M(100%)
[2024-07-21T21:27:09.780+0800][4.498s][gc,heap     ] GC(42) Soft Max Capacity: 128M(6%)
[2024-07-21T21:27:09.780+0800][4.498s][gc,heap     ] GC(42)                Mark Start          Mark End        Relocate Start      Relocate End           High               Low         
[2024-07-21T21:27:09.780+0800][4.498s][gc,heap     ] GC(42)  Capacity:      256M (12%)         256M (12%)         256M (12%)         256M (12%)         256M (12%)         256M (12%)    
[2024-07-21T21:27:09.780+0800][4.498s][gc,heap     ] GC(42)      Free:     1912M (93%)        1878M (92%)        1944M (95%)        1976M (96%)        1976M (96%)        1878M (92%)    
[2024-07-21T21:27:09.780+0800][4.498s][gc,heap     ] GC(42)      Used:      136M (7%)          170M (8%)          104M (5%)           72M (4%)          170M (8%)           72M (4%)     
[2024-07-21T21:27:09.780+0800][4.498s][gc,heap     ] GC(42)      Live:         -                 7M (0%)            7M (0%)            7M (0%)             -                  -          
[2024-07-21T21:27:09.780+0800][4.498s][gc,heap     ] GC(42) Allocated:         -                34M (2%)           34M (2%)           34M (2%)             -                  -          
[2024-07-21T21:27:09.780+0800][4.498s][gc,heap     ] GC(42)   Garbage:         -               128M (6%)           62M (3%)           30M (1%)             -                  -          
[2024-07-21T21:27:09.780+0800][4.498s][gc,heap     ] GC(42) Reclaimed:         -                  -                66M (3%)           98M (5%)             -                  -          
[2024-07-21T21:27:09.781+0800][4.498s][gc          ] GC(42) Garbage Collection (Allocation Rate) 136M(7%)->72M(4%)
[2024-07-21T21:27:09.852+0800][4.570s][gc,start    ] GC(43) Garbage Collection (Allocation Rate)
[2024-07-21T21:27:09.853+0800][4.571s][gc,task     ] GC(43) Using 2 workers
[2024-07-21T21:27:09.853+0800][4.571s][gc,phases   ] GC(43) Pause Mark Start 0.008ms
[2024-07-21T21:27:09.869+0800][4.586s][gc,phases   ] GC(43) Concurrent Mark 15.239ms
[2024-07-21T21:27:09.869+0800][4.587s][gc,phases   ] GC(43) Pause Mark End 0.016ms
[2024-07-21T21:27:09.869+0800][4.587s][gc,phases   ] GC(43) Concurrent Mark Free 0.001ms
[2024-07-21T21:27:09.870+0800][4.588s][gc,phases   ] GC(43) Concurrent Process Non-Strong References 0.969ms
[2024-07-21T21:27:09.870+0800][4.588s][gc,phases   ] GC(43) Concurrent Reset Relocation Set 0.001ms
[2024-07-21T21:27:09.872+0800][4.590s][gc,phases   ] GC(43) Concurrent Select Relocation Set 2.268ms
[2024-07-21T21:27:09.872+0800][4.590s][gc,phases   ] GC(43) Pause Relocate Start 0.008ms
[2024-07-21T21:27:09.873+0800][4.591s][gc,phases   ] GC(43) Concurrent Relocate 0.923ms
[2024-07-21T21:27:09.873+0800][4.591s][gc,load     ] GC(43) Load: 0.00/0.00/0.00
[2024-07-21T21:27:09.874+0800][4.591s][gc,mmu      ] GC(43) MMU: 2ms/96.9%, 5ms/98.3%, 10ms/99.2%, 20ms/99.6%, 50ms/99.8%, 100ms/99.9%
[2024-07-21T21:27:09.874+0800][4.591s][gc,marking  ] GC(43) Mark: 2 stripe(s), 2 proactive flush(es), 1 terminate flush(es), 0 completion(s), 0 continuation(s) 
[2024-07-21T21:27:09.874+0800][4.591s][gc,marking  ] GC(43) Mark Stack Usage: 32M
[2024-07-21T21:27:09.874+0800][4.591s][gc,nmethod  ] GC(43) NMethods: 437 registered, 0 unregistered
[2024-07-21T21:27:09.874+0800][4.591s][gc,metaspace] GC(43) Metaspace: 1M used, 1M committed, 1032M reserved
[2024-07-21T21:27:09.874+0800][4.591s][gc,ref      ] GC(43) Soft: 93 encountered, 0 discovered, 0 enqueued
[2024-07-21T21:27:09.874+0800][4.591s][gc,ref      ] GC(43) Weak: 131 encountered, 11 discovered, 0 enqueued
[2024-07-21T21:27:09.874+0800][4.592s][gc,ref      ] GC(43) Final: 0 encountered, 0 discovered, 0 enqueued
[2024-07-21T21:27:09.874+0800][4.592s][gc,ref      ] GC(43) Phantom: 184 encountered, 119 discovered, 0 enqueued
[2024-07-21T21:27:09.874+0800][4.592s][gc,reloc    ] GC(43) Small Pages: 4 / 8M, Empty: 2M, Relocated: 0M, In-Place: 0
[2024-07-21T21:27:09.874+0800][4.592s][gc,reloc    ] GC(43) Medium Pages: 3 / 96M, Empty: 32M, Relocated: 4M, In-Place: 0
[2024-07-21T21:27:09.874+0800][4.592s][gc,reloc    ] GC(43) Large Pages: 0 / 0M, Empty: 0M, Relocated: 0M, In-Place: 0
[2024-07-21T21:27:09.874+0800][4.592s][gc,reloc    ] GC(43) Forwarding Usage: 0M
[2024-07-21T21:27:09.874+0800][4.592s][gc,heap     ] GC(43) Min Capacity: 8M(0%)
[2024-07-21T21:27:09.874+0800][4.592s][gc,heap     ] GC(43) Max Capacity: 2048M(100%)
[2024-07-21T21:27:09.874+0800][4.592s][gc,heap     ] GC(43) Soft Max Capacity: 128M(6%)
[2024-07-21T21:27:09.874+0800][4.592s][gc,heap     ] GC(43)                Mark Start          Mark End        Relocate Start      Relocate End           High               Low         
[2024-07-21T21:27:09.874+0800][4.592s][gc,heap     ] GC(43)  Capacity:      256M (12%)         256M (12%)         256M (12%)         256M (12%)         256M (12%)         256M (12%)    
[2024-07-21T21:27:09.874+0800][4.592s][gc,heap     ] GC(43)      Free:     1944M (95%)        1910M (93%)        1944M (95%)        1976M (96%)        1976M (96%)        1910M (93%)    
[2024-07-21T21:27:09.874+0800][4.592s][gc,heap     ] GC(43)      Used:      104M (5%)          138M (7%)          104M (5%)           72M (4%)          138M (7%)           72M (4%)     
[2024-07-21T21:27:09.874+0800][4.592s][gc,heap     ] GC(43)      Live:         -                 8M (0%)            8M (0%)            8M (0%)             -                  -          
[2024-07-21T21:27:09.874+0800][4.592s][gc,heap     ] GC(43) Allocated:         -                34M (2%)           34M (2%)           34M (2%)             -                  -          
[2024-07-21T21:27:09.874+0800][4.592s][gc,heap     ] GC(43)   Garbage:         -                95M (5%)           61M (3%)           29M (1%)             -                  -          
[2024-07-21T21:27:09.874+0800][4.592s][gc,heap     ] GC(43) Reclaimed:         -                  -                34M (2%)           66M (3%)             -                  -          
[2024-07-21T21:27:09.874+0800][4.592s][gc          ] GC(43) Garbage Collection (Allocation Rate) 104M(5%)->72M(4%)
[2024-07-21T21:27:09.962+0800][4.680s][gc,start    ] GC(44) Garbage Collection (Allocation Rate)
[2024-07-21T21:27:09.962+0800][4.680s][gc,task     ] GC(44) Using 2 workers
[2024-07-21T21:27:09.962+0800][4.680s][gc,phases   ] GC(44) Pause Mark Start 0.008ms
[2024-07-21T21:27:09.977+0800][4.695s][gc,phases   ] GC(44) Concurrent Mark 15.417ms
[2024-07-21T21:27:09.977+0800][4.696s][gc,phases   ] GC(44) Pause Mark End 0.012ms
[2024-07-21T21:27:09.977+0800][4.696s][gc,phases   ] GC(44) Concurrent Mark Free 0.003ms
[2024-07-21T21:27:09.979+0800][4.697s][gc,phases   ] GC(44) Concurrent Process Non-Strong References 0.968ms
[2024-07-21T21:27:09.979+0800][4.697s][gc,phases   ] GC(44) Concurrent Reset Relocation Set 0.001ms
[2024-07-21T21:27:09.980+0800][4.699s][gc,phases   ] GC(44) Concurrent Select Relocation Set 1.920ms
[2024-07-21T21:27:09.981+0800][4.699s][gc,phases   ] GC(44) Pause Relocate Start 0.006ms
[2024-07-21T21:27:09.981+0800][4.700s][gc,phases   ] GC(44) Concurrent Relocate 0.278ms
[2024-07-21T21:27:09.981+0800][4.700s][gc,load     ] GC(44) Load: 0.00/0.00/0.00
[2024-07-21T21:27:09.981+0800][4.700s][gc,mmu      ] GC(44) MMU: 2ms/96.9%, 5ms/98.3%, 10ms/99.2%, 20ms/99.6%, 50ms/99.8%, 100ms/99.9%
[2024-07-21T21:27:09.981+0800][4.700s][gc,marking  ] GC(44) Mark: 2 stripe(s), 2 proactive flush(es), 1 terminate flush(es), 0 completion(s), 0 continuation(s) 
[2024-07-21T21:27:09.981+0800][4.700s][gc,marking  ] GC(44) Mark Stack Usage: 32M
[2024-07-21T21:27:09.981+0800][4.700s][gc,nmethod  ] GC(44) NMethods: 438 registered, 0 unregistered
[2024-07-21T21:27:09.981+0800][4.700s][gc,metaspace] GC(44) Metaspace: 1M used, 1M committed, 1032M reserved
[2024-07-21T21:27:09.981+0800][4.700s][gc,ref      ] GC(44) Soft: 93 encountered, 0 discovered, 0 enqueued
[2024-07-21T21:27:09.981+0800][4.700s][gc,ref      ] GC(44) Weak: 131 encountered, 0 discovered, 0 enqueued
[2024-07-21T21:27:09.981+0800][4.700s][gc,ref      ] GC(44) Final: 0 encountered, 0 discovered, 0 enqueued
[2024-07-21T21:27:09.981+0800][4.700s][gc,ref      ] GC(44) Phantom: 184 encountered, 169 discovered, 0 enqueued
[2024-07-21T21:27:09.981+0800][4.700s][gc,reloc    ] GC(44) Small Pages: 4 / 8M, Empty: 2M, Relocated: 0M, In-Place: 0
[2024-07-21T21:27:09.981+0800][4.700s][gc,reloc    ] GC(44) Medium Pages: 4 / 128M, Empty: 64M, Relocated: 1M, In-Place: 0
[2024-07-21T21:27:09.981+0800][4.700s][gc,reloc    ] GC(44) Large Pages: 0 / 0M, Empty: 0M, Relocated: 0M, In-Place: 0
[2024-07-21T21:27:09.981+0800][4.700s][gc,reloc    ] GC(44) Forwarding Usage: 0M
[2024-07-21T21:27:09.981+0800][4.700s][gc,heap     ] GC(44) Min Capacity: 8M(0%)
[2024-07-21T21:27:09.981+0800][4.700s][gc,heap     ] GC(44) Max Capacity: 2048M(100%)
[2024-07-21T21:27:09.981+0800][4.700s][gc,heap     ] GC(44) Soft Max Capacity: 128M(6%)
[2024-07-21T21:27:09.981+0800][4.700s][gc,heap     ] GC(44)                Mark Start          Mark End        Relocate Start      Relocate End           High               Low         
[2024-07-21T21:27:09.981+0800][4.700s][gc,heap     ] GC(44)  Capacity:      256M (12%)         256M (12%)         256M (12%)         256M (12%)         256M (12%)         256M (12%)    
[2024-07-21T21:27:09.981+0800][4.700s][gc,heap     ] GC(44)      Free:     1912M (93%)        1878M (92%)        1944M (95%)        1976M (96%)        1976M (96%)        1878M (92%)    
[2024-07-21T21:27:09.981+0800][4.700s][gc,heap     ] GC(44)      Used:      136M (7%)          170M (8%)          104M (5%)           72M (4%)          170M (8%)           72M (4%)     
[2024-07-21T21:27:09.981+0800][4.700s][gc,heap     ] GC(44)      Live:         -                 5M (0%)            5M (0%)            5M (0%)             -                  -          
[2024-07-21T21:27:09.981+0800][4.700s][gc,heap     ] GC(44) Allocated:         -                34M (2%)           34M (2%)           34M (2%)             -                  -          
[2024-07-21T21:27:10.030+0800][4.749s][gc,heap     ] GC(44)   Garbage:         -               130M (6%)           64M (3%)           32M (2%)             -                  -          
[2024-07-21T21:27:10.030+0800][4.749s][gc,heap     ] GC(44) Reclaimed:         -                  -                66M (3%)           98M (5%)             -                  -          
[2024-07-21T21:27:10.030+0800][4.749s][gc          ] GC(44) Garbage Collection (Allocation Rate) 136M(7%)->72M(4%)
[2024-07-21T21:27:10.056+0800][4.774s][gc,start    ] GC(45) Garbage Collection (Allocation Rate)
[2024-07-21T21:27:10.056+0800][4.775s][gc,task     ] GC(45) Using 2 workers
[2024-07-21T21:27:10.056+0800][4.775s][gc,phases   ] GC(45) Pause Mark Start 0.009ms
[2024-07-21T21:27:10.072+0800][4.790s][gc,phases   ] GC(45) Concurrent Mark 15.060ms
[2024-07-21T21:27:10.072+0800][4.790s][gc,phases   ] GC(45) Pause Mark End 0.017ms
[2024-07-21T21:27:10.072+0800][4.790s][gc,phases   ] GC(45) Concurrent Mark Free 0.001ms
[2024-07-21T21:27:10.073+0800][4.791s][gc,phases   ] GC(45) Concurrent Process Non-Strong References 0.899ms
[2024-07-21T21:27:10.073+0800][4.791s][gc,phases   ] GC(45) Concurrent Reset Relocation Set 0.001ms
[2024-07-21T21:27:10.075+0800][4.794s][gc,phases   ] GC(45) Concurrent Select Relocation Set 2.351ms
[2024-07-21T21:27:10.075+0800][4.794s][gc,phases   ] GC(45) Pause Relocate Start 0.013ms
[2024-07-21T21:27:10.076+0800][4.794s][gc,phases   ] GC(45) Concurrent Relocate 0.267ms
[2024-07-21T21:27:10.076+0800][4.794s][gc,load     ] GC(45) Load: 0.00/0.00/0.00
[2024-07-21T21:27:10.076+0800][4.794s][gc,mmu      ] GC(45) MMU: 2ms/96.9%, 5ms/98.3%, 10ms/99.2%, 20ms/99.6%, 50ms/99.8%, 100ms/99.9%
[2024-07-21T21:27:10.076+0800][4.794s][gc,marking  ] GC(45) Mark: 2 stripe(s), 2 proactive flush(es), 1 terminate flush(es), 0 completion(s), 0 continuation(s) 
[2024-07-21T21:27:10.076+0800][4.794s][gc,marking  ] GC(45) Mark Stack Usage: 32M
[2024-07-21T21:27:10.076+0800][4.794s][gc,nmethod  ] GC(45) NMethods: 438 registered, 0 unregistered
[2024-07-21T21:27:10.076+0800][4.794s][gc,metaspace] GC(45) Metaspace: 1M used, 1M committed, 1032M reserved
[2024-07-21T21:27:10.076+0800][4.794s][gc,ref      ] GC(45) Soft: 93 encountered, 0 discovered, 0 enqueued
[2024-07-21T21:27:10.076+0800][4.794s][gc,ref      ] GC(45) Weak: 131 encountered, 13 discovered, 0 enqueued
[2024-07-21T21:27:10.076+0800][4.794s][gc,ref      ] GC(45) Final: 0 encountered, 0 discovered, 0 enqueued
[2024-07-21T21:27:10.076+0800][4.794s][gc,ref      ] GC(45) Phantom: 184 encountered, 119 discovered, 0 enqueued
[2024-07-21T21:27:10.076+0800][4.794s][gc,reloc    ] GC(45) Small Pages: 4 / 8M, Empty: 2M, Relocated: 0M, In-Place: 0
[2024-07-21T21:27:10.076+0800][4.794s][gc,reloc    ] GC(45) Medium Pages: 3 / 96M, Empty: 32M, Relocated: 1M, In-Place: 0
[2024-07-21T21:27:10.076+0800][4.794s][gc,reloc    ] GC(45) Large Pages: 0 / 0M, Empty: 0M, Relocated: 0M, In-Place: 0
[2024-07-21T21:27:10.076+0800][4.794s][gc,reloc    ] GC(45) Forwarding Usage: 0M
[2024-07-21T21:27:10.076+0800][4.795s][gc,heap     ] GC(45) Min Capacity: 8M(0%)
[2024-07-21T21:27:10.076+0800][4.795s][gc,heap     ] GC(45) Max Capacity: 2048M(100%)
[2024-07-21T21:27:10.076+0800][4.795s][gc,heap     ] GC(45) Soft Max Capacity: 128M(6%)
[2024-07-21T21:27:10.076+0800][4.795s][gc,heap     ] GC(45)                Mark Start          Mark End        Relocate Start      Relocate End           High               Low         
[2024-07-21T21:27:10.076+0800][4.795s][gc,heap     ] GC(45)  Capacity:      256M (12%)         256M (12%)         256M (12%)         256M (12%)         256M (12%)         256M (12%)    
[2024-07-21T21:27:10.076+0800][4.795s][gc,heap     ] GC(45)      Free:     1944M (95%)        1910M (93%)        1944M (95%)        1976M (96%)        1976M (96%)        1910M (93%)    
[2024-07-21T21:27:10.076+0800][4.795s][gc,heap     ] GC(45)      Used:      104M (5%)          138M (7%)          104M (5%)           72M (4%)          138M (7%)           72M (4%)     
[2024-07-21T21:27:10.076+0800][4.795s][gc,heap     ] GC(45)      Live:         -                 5M (0%)            5M (0%)            5M (0%)             -                  -          
[2024-07-21T21:27:10.076+0800][4.795s][gc,heap     ] GC(45) Allocated:         -                34M (2%)           34M (2%)           34M (2%)             -                  -          
[2024-07-21T21:27:10.076+0800][4.795s][gc,heap     ] GC(45)   Garbage:         -                98M (5%)           64M (3%)           32M (2%)             -                  -          
[2024-07-21T21:27:10.076+0800][4.795s][gc,heap     ] GC(45) Reclaimed:         -                  -                34M (2%)           66M (3%)             -                  -          
[2024-07-21T21:27:10.076+0800][4.795s][gc          ] GC(45) Garbage Collection (Allocation Rate) 104M(5%)->72M(4%)
[2024-07-21T21:27:10.152+0800][4.870s][gc,start    ] GC(46) Garbage Collection (Allocation Rate)
[2024-07-21T21:27:10.152+0800][4.870s][gc,task     ] GC(46) Using 2 workers
[2024-07-21T21:27:10.152+0800][4.870s][gc,phases   ] GC(46) Pause Mark Start 0.006ms
[2024-07-21T21:27:10.167+0800][4.885s][gc,phases   ] GC(46) Concurrent Mark 14.625ms
[2024-07-21T21:27:10.167+0800][4.885s][gc,phases   ] GC(46) Pause Mark End 0.027ms
[2024-07-21T21:27:10.167+0800][4.885s][gc,phases   ] GC(46) Concurrent Mark Free 0.002ms
[2024-07-21T21:27:10.168+0800][4.886s][gc,phases   ] GC(46) Concurrent Process Non-Strong References 0.918ms
[2024-07-21T21:27:10.168+0800][4.886s][gc,phases   ] GC(46) Concurrent Reset Relocation Set 0.001ms
[2024-07-21T21:27:10.170+0800][4.889s][gc,phases   ] GC(46) Concurrent Select Relocation Set 2.330ms
[2024-07-21T21:27:10.171+0800][4.889s][gc,phases   ] GC(46) Pause Relocate Start 0.007ms
[2024-07-21T21:27:10.171+0800][4.889s][gc,phases   ] GC(46) Concurrent Relocate 0.295ms
[2024-07-21T21:27:10.171+0800][4.889s][gc,load     ] GC(46) Load: 0.00/0.00/0.00
[2024-07-21T21:27:10.171+0800][4.889s][gc,mmu      ] GC(46) MMU: 2ms/96.9%, 5ms/98.3%, 10ms/99.2%, 20ms/99.6%, 50ms/99.8%, 100ms/99.9%
[2024-07-21T21:27:10.171+0800][4.889s][gc,marking  ] GC(46) Mark: 2 stripe(s), 2 proactive flush(es), 1 terminate flush(es), 0 completion(s), 0 continuation(s) 
[2024-07-21T21:27:10.171+0800][4.889s][gc,marking  ] GC(46) Mark Stack Usage: 32M
[2024-07-21T21:27:10.171+0800][4.889s][gc,nmethod  ] GC(46) NMethods: 438 registered, 0 unregistered
[2024-07-21T21:27:10.171+0800][4.889s][gc,metaspace] GC(46) Metaspace: 1M used, 1M committed, 1032M reserved
[2024-07-21T21:27:10.171+0800][4.889s][gc,ref      ] GC(46) Soft: 93 encountered, 0 discovered, 0 enqueued
[2024-07-21T21:27:10.171+0800][4.889s][gc,ref      ] GC(46) Weak: 131 encountered, 0 discovered, 0 enqueued
[2024-07-21T21:27:10.171+0800][4.889s][gc,ref      ] GC(46) Final: 0 encountered, 0 discovered, 0 enqueued
[2024-07-21T21:27:10.171+0800][4.889s][gc,ref      ] GC(46) Phantom: 184 encountered, 169 discovered, 0 enqueued
[2024-07-21T21:27:10.171+0800][4.889s][gc,reloc    ] GC(46) Small Pages: 4 / 8M, Empty: 2M, Relocated: 0M, In-Place: 0
[2024-07-21T21:27:10.171+0800][4.889s][gc,reloc    ] GC(46) Medium Pages: 3 / 96M, Empty: 32M, Relocated: 1M, In-Place: 0
[2024-07-21T21:27:10.171+0800][4.889s][gc,reloc    ] GC(46) Large Pages: 0 / 0M, Empty: 0M, Relocated: 0M, In-Place: 0
[2024-07-21T21:27:10.171+0800][4.890s][gc,reloc    ] GC(46) Forwarding Usage: 0M
[2024-07-21T21:27:10.171+0800][4.890s][gc,heap     ] GC(46) Min Capacity: 8M(0%)
[2024-07-21T21:27:10.171+0800][4.890s][gc,heap     ] GC(46) Max Capacity: 2048M(100%)
[2024-07-21T21:27:10.171+0800][4.890s][gc,heap     ] GC(46) Soft Max Capacity: 128M(6%)
[2024-07-21T21:27:10.171+0800][4.890s][gc,heap     ] GC(46)                Mark Start          Mark End        Relocate Start      Relocate End           High               Low         
[2024-07-21T21:27:10.171+0800][4.890s][gc,heap     ] GC(46)  Capacity:      256M (12%)         256M (12%)         256M (12%)         256M (12%)         256M (12%)         256M (12%)    
[2024-07-21T21:27:10.171+0800][4.890s][gc,heap     ] GC(46)      Free:     1944M (95%)        1910M (93%)        1944M (95%)        1976M (96%)        1976M (96%)        1910M (93%)    
[2024-07-21T21:27:10.171+0800][4.890s][gc,heap     ] GC(46)      Used:      104M (5%)          138M (7%)          104M (5%)           72M (4%)          138M (7%)           72M (4%)     
[2024-07-21T21:27:10.171+0800][4.890s][gc,heap     ] GC(46)      Live:         -                 5M (0%)            5M (0%)            5M (0%)             -                  -          
[2024-07-21T21:27:10.171+0800][4.890s][gc,heap     ] GC(46) Allocated:         -                34M (2%)           34M (2%)           34M (2%)             -                  -          
[2024-07-21T21:27:10.171+0800][4.890s][gc,heap     ] GC(46)   Garbage:         -                98M (5%)           64M (3%)           32M (2%)             -                  -          
[2024-07-21T21:27:10.171+0800][4.890s][gc,heap     ] GC(46) Reclaimed:         -                  -                34M (2%)           66M (3%)             -                  -          
[2024-07-21T21:27:10.171+0800][4.890s][gc          ] GC(46) Garbage Collection (Allocation Rate) 104M(5%)->72M(4%)
[2024-07-21T21:27:10.262+0800][4.980s][gc,start    ] GC(47) Garbage Collection (Allocation Rate)
[2024-07-21T21:27:10.262+0800][4.980s][gc,task     ] GC(47) Using 2 workers
[2024-07-21T21:27:10.262+0800][4.981s][gc,phases   ] GC(47) Pause Mark Start 0.010ms
[2024-07-21T21:27:10.278+0800][4.996s][gc,phases   ] GC(47) Concurrent Mark 15.051ms
[2024-07-21T21:27:10.278+0800][4.996s][gc,phases   ] GC(47) Pause Mark End 0.027ms
[2024-07-21T21:27:10.278+0800][4.996s][gc,phases   ] GC(47) Concurrent Mark Free 0.002ms
[2024-07-21T21:27:10.279+0800][4.998s][gc,phases   ] GC(47) Concurrent Process Non-Strong References 1.278ms
[2024-07-21T21:27:10.279+0800][4.998s][gc,phases   ] GC(47) Concurrent Reset Relocation Set 0.002ms
[2024-07-21T21:27:10.282+0800][5.000s][gc,phases   ] GC(47) Concurrent Select Relocation Set 2.789ms
[2024-07-21T21:27:10.282+0800][5.001s][gc,phases   ] GC(47) Pause Relocate Start 0.007ms
[2024-07-21T21:27:10.283+0800][5.002s][gc,phases   ] GC(47) Concurrent Relocate 0.874ms
[2024-07-21T21:27:10.283+0800][5.002s][gc,load     ] GC(47) Load: 0.00/0.00/0.00
[2024-07-21T21:27:10.283+0800][5.002s][gc,mmu      ] GC(47) MMU: 2ms/96.9%, 5ms/98.3%, 10ms/99.2%, 20ms/99.6%, 50ms/99.8%, 100ms/99.9%
[2024-07-21T21:27:10.283+0800][5.002s][gc,marking  ] GC(47) Mark: 2 stripe(s), 2 proactive flush(es), 1 terminate flush(es), 0 completion(s), 0 continuation(s) 
[2024-07-21T21:27:10.284+0800][5.002s][gc,marking  ] GC(47) Mark Stack Usage: 32M
[2024-07-21T21:27:10.284+0800][5.002s][gc,nmethod  ] GC(47) NMethods: 438 registered, 0 unregistered
[2024-07-21T21:27:10.284+0800][5.002s][gc,metaspace] GC(47) Metaspace: 1M used, 1M committed, 1032M reserved
[2024-07-21T21:27:10.284+0800][5.002s][gc,ref      ] GC(47) Soft: 93 encountered, 0 discovered, 0 enqueued
[2024-07-21T21:27:10.284+0800][5.002s][gc,ref      ] GC(47) Weak: 131 encountered, 0 discovered, 0 enqueued
[2024-07-21T21:27:10.284+0800][5.002s][gc,ref      ] GC(47) Final: 0 encountered, 0 discovered, 0 enqueued
[2024-07-21T21:27:10.284+0800][5.002s][gc,ref      ] GC(47) Phantom: 184 encountered, 119 discovered, 0 enqueued
[2024-07-21T21:27:10.284+0800][5.002s][gc,reloc    ] GC(47) Small Pages: 4 / 8M, Empty: 2M, Relocated: 0M, In-Place: 0
[2024-07-21T21:27:10.284+0800][5.002s][gc,reloc    ] GC(47) Medium Pages: 4 / 128M, Empty: 64M, Relocated: 3M, In-Place: 0
[2024-07-21T21:27:10.284+0800][5.002s][gc,reloc    ] GC(47) Large Pages: 0 / 0M, Empty: 0M, Relocated: 0M, In-Place: 0
[2024-07-21T21:27:10.284+0800][5.002s][gc,reloc    ] GC(47) Forwarding Usage: 0M
[2024-07-21T21:27:10.284+0800][5.002s][gc,heap     ] GC(47) Min Capacity: 8M(0%)
[2024-07-21T21:27:10.284+0800][5.002s][gc,heap     ] GC(47) Max Capacity: 2048M(100%)
[2024-07-21T21:27:10.284+0800][5.002s][gc,heap     ] GC(47) Soft Max Capacity: 128M(6%)
[2024-07-21T21:27:10.284+0800][5.002s][gc,heap     ] GC(47)                Mark Start          Mark End        Relocate Start      Relocate End           High               Low         
[2024-07-21T21:27:10.284+0800][5.002s][gc,heap     ] GC(47)  Capacity:      256M (12%)         256M (12%)         256M (12%)         256M (12%)         256M (12%)         256M (12%)    
[2024-07-21T21:27:10.284+0800][5.002s][gc,heap     ] GC(47)      Free:     1912M (93%)        1878M (92%)        1944M (95%)        1976M (96%)        1976M (96%)        1878M (92%)    
[2024-07-21T21:27:10.284+0800][5.002s][gc,heap     ] GC(47)      Used:      136M (7%)          170M (8%)          104M (5%)           72M (4%)          170M (8%)           72M (4%)     
[2024-07-21T21:27:10.284+0800][5.002s][gc,heap     ] GC(47)      Live:         -                 7M (0%)            7M (0%)            7M (0%)             -                  -          
[2024-07-21T21:27:10.284+0800][5.002s][gc,heap     ] GC(47) Allocated:         -                34M (2%)           34M (2%)           34M (2%)             -                  -          
[2024-07-21T21:27:10.284+0800][5.002s][gc,heap     ] GC(47)   Garbage:         -               128M (6%)           62M (3%)           30M (1%)             -                  -          
[2024-07-21T21:27:10.284+0800][5.002s][gc,heap     ] GC(47) Reclaimed:         -                  -                66M (3%)           98M (5%)             -                  -          
[2024-07-21T21:27:10.284+0800][5.002s][gc          ] GC(47) Garbage Collection (Allocation Rate) 136M(7%)->72M(4%)
[2024-07-21T21:27:10.357+0800][5.075s][gc,start    ] GC(48) Garbage Collection (Allocation Rate)
[2024-07-21T21:27:10.357+0800][5.075s][gc,task     ] GC(48) Using 2 workers
[2024-07-21T21:27:10.357+0800][5.076s][gc,phases   ] GC(48) Pause Mark Start 0.009ms
[2024-07-21T21:27:10.373+0800][5.091s][gc,phases   ] GC(48) Concurrent Mark 15.114ms
[2024-07-21T21:27:10.373+0800][5.091s][gc,phases   ] GC(48) Pause Mark End 0.014ms
[2024-07-21T21:27:10.373+0800][5.091s][gc,phases   ] GC(48) Concurrent Mark Free 0.002ms
[2024-07-21T21:27:10.374+0800][5.093s][gc,phases   ] GC(48) Concurrent Process Non-Strong References 1.139ms
[2024-07-21T21:27:10.374+0800][5.093s][gc,phases   ] GC(48) Concurrent Reset Relocation Set 0.004ms
[2024-07-21T21:27:10.378+0800][5.096s][gc,phases   ] GC(48) Concurrent Select Relocation Set 3.111ms
[2024-07-21T21:27:10.378+0800][5.096s][gc,phases   ] GC(48) Pause Relocate Start 0.007ms
[2024-07-21T21:27:10.379+0800][5.097s][gc,phases   ] GC(48) Concurrent Relocate 0.727ms
[2024-07-21T21:27:10.379+0800][5.097s][gc,load     ] GC(48) Load: 0.00/0.00/0.00
[2024-07-21T21:27:10.379+0800][5.097s][gc,mmu      ] GC(48) MMU: 2ms/96.9%, 5ms/98.3%, 10ms/99.2%, 20ms/99.6%, 50ms/99.8%, 100ms/99.9%
[2024-07-21T21:27:10.379+0800][5.097s][gc,marking  ] GC(48) Mark: 2 stripe(s), 2 proactive flush(es), 1 terminate flush(es), 0 completion(s), 0 continuation(s) 
[2024-07-21T21:27:10.379+0800][5.097s][gc,marking  ] GC(48) Mark Stack Usage: 32M
[2024-07-21T21:27:10.379+0800][5.097s][gc,nmethod  ] GC(48) NMethods: 438 registered, 0 unregistered
[2024-07-21T21:27:10.379+0800][5.097s][gc,metaspace] GC(48) Metaspace: 1M used, 1M committed, 1032M reserved
[2024-07-21T21:27:10.379+0800][5.097s][gc,ref      ] GC(48) Soft: 93 encountered, 0 discovered, 0 enqueued
[2024-07-21T21:27:10.379+0800][5.097s][gc,ref      ] GC(48) Weak: 131 encountered, 0 discovered, 0 enqueued
[2024-07-21T21:27:10.379+0800][5.097s][gc,ref      ] GC(48) Final: 0 encountered, 0 discovered, 0 enqueued
[2024-07-21T21:27:10.379+0800][5.097s][gc,ref      ] GC(48) Phantom: 184 encountered, 119 discovered, 0 enqueued
[2024-07-21T21:27:10.379+0800][5.097s][gc,reloc    ] GC(48) Small Pages: 4 / 8M, Empty: 2M, Relocated: 0M, In-Place: 0
[2024-07-21T21:27:10.379+0800][5.097s][gc,reloc    ] GC(48) Medium Pages: 3 / 96M, Empty: 32M, Relocated: 2M, In-Place: 0
[2024-07-21T21:27:10.379+0800][5.097s][gc,reloc    ] GC(48) Large Pages: 0 / 0M, Empty: 0M, Relocated: 0M, In-Place: 0
[2024-07-21T21:27:10.379+0800][5.098s][gc,reloc    ] GC(48) Forwarding Usage: 0M
[2024-07-21T21:27:10.379+0800][5.098s][gc,heap     ] GC(48) Min Capacity: 8M(0%)
[2024-07-21T21:27:10.379+0800][5.098s][gc,heap     ] GC(48) Max Capacity: 2048M(100%)
[2024-07-21T21:27:10.379+0800][5.098s][gc,heap     ] GC(48) Soft Max Capacity: 128M(6%)
[2024-07-21T21:27:10.379+0800][5.098s][gc,heap     ] GC(48)                Mark Start          Mark End        Relocate Start      Relocate End           High               Low         
[2024-07-21T21:27:10.379+0800][5.098s][gc,heap     ] GC(48)  Capacity:      256M (12%)         256M (12%)         256M (12%)         256M (12%)         256M (12%)         256M (12%)    
[2024-07-21T21:27:10.379+0800][5.098s][gc,heap     ] GC(48)      Free:     1944M (95%)        1910M (93%)        1944M (95%)        1976M (96%)        1976M (96%)        1910M (93%)    
[2024-07-21T21:27:10.379+0800][5.098s][gc,heap     ] GC(48)      Used:      104M (5%)          138M (7%)          104M (5%)           72M (4%)          138M (7%)           72M (4%)     
[2024-07-21T21:27:10.379+0800][5.098s][gc,heap     ] GC(48)      Live:         -                 6M (0%)            6M (0%)            6M (0%)             -                  -          
[2024-07-21T21:27:10.379+0800][5.098s][gc,heap     ] GC(48) Allocated:         -                34M (2%)           34M (2%)           34M (2%)             -                  -          
[2024-07-21T21:27:10.379+0800][5.098s][gc,heap     ] GC(48)   Garbage:         -                97M (5%)           63M (3%)           31M (2%)             -                  -          
[2024-07-21T21:27:10.379+0800][5.098s][gc,heap     ] GC(48) Reclaimed:         -                  -                34M (2%)           66M (3%)             -                  -          
[2024-07-21T21:27:10.379+0800][5.098s][gc          ] GC(48) Garbage Collection (Allocation Rate) 104M(5%)->72M(4%)
[2024-07-21T21:27:10.452+0800][5.170s][gc,start    ] GC(49) Garbage Collection (Allocation Rate)
[2024-07-21T21:27:10.452+0800][5.170s][gc,task     ] GC(49) Using 2 workers
[2024-07-21T21:27:10.452+0800][5.170s][gc,phases   ] GC(49) Pause Mark Start 0.006ms
[2024-07-21T21:27:10.467+0800][5.185s][gc,phases   ] GC(49) Concurrent Mark 14.923ms
[2024-07-21T21:27:10.467+0800][5.186s][gc,phases   ] GC(49) Pause Mark End 0.018ms
[2024-07-21T21:27:10.468+0800][5.186s][gc,phases   ] GC(49) Concurrent Mark Free 0.003ms
[2024-07-21T21:27:10.469+0800][5.187s][gc,phases   ] GC(49) Concurrent Process Non-Strong References 0.919ms
[2024-07-21T21:27:10.469+0800][5.187s][gc,phases   ] GC(49) Concurrent Reset Relocation Set 0.001ms
[2024-07-21T21:27:10.470+0800][5.188s][gc,phases   ] GC(49) Concurrent Select Relocation Set 1.566ms
[2024-07-21T21:27:10.470+0800][5.189s][gc,phases   ] GC(49) Pause Relocate Start 0.006ms
[2024-07-21T21:27:10.471+0800][5.189s][gc,phases   ] GC(49) Concurrent Relocate 0.507ms
[2024-07-21T21:27:10.471+0800][5.189s][gc,load     ] GC(49) Load: 0.00/0.00/0.00
[2024-07-21T21:27:10.471+0800][5.189s][gc,mmu      ] GC(49) MMU: 2ms/96.9%, 5ms/98.3%, 10ms/99.2%, 20ms/99.6%, 50ms/99.8%, 100ms/99.9%
[2024-07-21T21:27:10.471+0800][5.189s][gc,marking  ] GC(49) Mark: 2 stripe(s), 3 proactive flush(es), 1 terminate flush(es), 0 completion(s), 0 continuation(s) 
[2024-07-21T21:27:10.471+0800][5.189s][gc,marking  ] GC(49) Mark Stack Usage: 32M
[2024-07-21T21:27:10.471+0800][5.189s][gc,nmethod  ] GC(49) NMethods: 438 registered, 0 unregistered
[2024-07-21T21:27:10.471+0800][5.189s][gc,metaspace] GC(49) Metaspace: 1M used, 1M committed, 1032M reserved
[2024-07-21T21:27:10.471+0800][5.189s][gc,ref      ] GC(49) Soft: 93 encountered, 0 discovered, 0 enqueued
[2024-07-21T21:27:10.471+0800][5.189s][gc,ref      ] GC(49) Weak: 131 encountered, 81 discovered, 0 enqueued
[2024-07-21T21:27:10.471+0800][5.189s][gc,ref      ] GC(49) Final: 0 encountered, 0 discovered, 0 enqueued
[2024-07-21T21:27:10.471+0800][5.189s][gc,ref      ] GC(49) Phantom: 184 encountered, 141 discovered, 0 enqueued
[2024-07-21T21:27:10.471+0800][5.189s][gc,reloc    ] GC(49) Small Pages: 4 / 8M, Empty: 2M, Relocated: 0M, In-Place: 0
[2024-07-21T21:27:10.471+0800][5.189s][gc,reloc    ] GC(49) Medium Pages: 3 / 96M, Empty: 32M, Relocated: 3M, In-Place: 0
[2024-07-21T21:27:10.471+0800][5.189s][gc,reloc    ] GC(49) Large Pages: 0 / 0M, Empty: 0M, Relocated: 0M, In-Place: 0
[2024-07-21T21:27:10.471+0800][5.189s][gc,reloc    ] GC(49) Forwarding Usage: 0M
[2024-07-21T21:27:10.471+0800][5.190s][gc,heap     ] GC(49) Min Capacity: 8M(0%)
[2024-07-21T21:27:10.471+0800][5.190s][gc,heap     ] GC(49) Max Capacity: 2048M(100%)
[2024-07-21T21:27:10.471+0800][5.190s][gc,heap     ] GC(49) Soft Max Capacity: 128M(6%)
[2024-07-21T21:27:10.471+0800][5.190s][gc,heap     ] GC(49)                Mark Start          Mark End        Relocate Start      Relocate End           High               Low         
[2024-07-21T21:27:10.471+0800][5.190s][gc,heap     ] GC(49)  Capacity:      256M (12%)         256M (12%)         256M (12%)         256M (12%)         256M (12%)         256M (12%)    
[2024-07-21T21:27:10.471+0800][5.190s][gc,heap     ] GC(49)      Free:     1944M (95%)        1910M (93%)        1944M (95%)        1976M (96%)        1976M (96%)        1910M (93%)    
[2024-07-21T21:27:10.471+0800][5.190s][gc,heap     ] GC(49)      Used:      104M (5%)          138M (7%)          104M (5%)           72M (4%)          138M (7%)           72M (4%)     
[2024-07-21T21:27:10.471+0800][5.190s][gc,heap     ] GC(49)      Live:         -                 7M (0%)            7M (0%)            7M (0%)             -                  -          
[2024-07-21T21:27:10.471+0800][5.190s][gc,heap     ] GC(49) Allocated:         -                34M (2%)           34M (2%)           34M (2%)             -                  -          
[2024-07-21T21:27:10.471+0800][5.190s][gc,heap     ] GC(49)   Garbage:         -                96M (5%)           62M (3%)           30M (1%)             -                  -          
[2024-07-21T21:27:10.471+0800][5.190s][gc,heap     ] GC(49) Reclaimed:         -                  -                34M (2%)           66M (3%)             -                  -          
[2024-07-21T21:27:10.471+0800][5.190s][gc          ] GC(49) Garbage Collection (Allocation Rate) 104M(5%)->72M(4%)
[2024-07-21T21:27:10.561+0800][5.279s][gc,start    ] GC(50) Garbage Collection (Allocation Rate)
[2024-07-21T21:27:10.561+0800][5.279s][gc,task     ] GC(50) Using 2 workers
[2024-07-21T21:27:10.561+0800][5.279s][gc,phases   ] GC(50) Pause Mark Start 0.014ms
[2024-07-21T21:27:10.577+0800][5.295s][gc,phases   ] GC(50) Concurrent Mark 15.578ms
[2024-07-21T21:27:10.577+0800][5.295s][gc,phases   ] GC(50) Pause Mark End 0.013ms
[2024-07-21T21:27:10.577+0800][5.295s][gc,phases   ] GC(50) Concurrent Mark Free 0.002ms
[2024-07-21T21:27:10.578+0800][5.297s][gc,phases   ] GC(50) Concurrent Process Non-Strong References 1.289ms
[2024-07-21T21:27:10.578+0800][5.297s][gc,phases   ] GC(50) Concurrent Reset Relocation Set 0.001ms
[2024-07-21T21:27:10.581+0800][5.299s][gc,phases   ] GC(50) Concurrent Select Relocation Set 2.338ms
[2024-07-21T21:27:10.581+0800][5.299s][gc,phases   ] GC(50) Pause Relocate Start 0.014ms
[2024-07-21T21:27:10.582+0800][5.300s][gc,phases   ] GC(50) Concurrent Relocate 0.407ms
[2024-07-21T21:27:10.582+0800][5.300s][gc,load     ] GC(50) Load: 0.00/0.00/0.00
[2024-07-21T21:27:10.582+0800][5.300s][gc,mmu      ] GC(50) MMU: 2ms/96.9%, 5ms/98.3%, 10ms/99.2%, 20ms/99.6%, 50ms/99.8%, 100ms/99.9%
[2024-07-21T21:27:10.582+0800][5.300s][gc,marking  ] GC(50) Mark: 2 stripe(s), 2 proactive flush(es), 1 terminate flush(es), 0 completion(s), 0 continuation(s) 
[2024-07-21T21:27:10.582+0800][5.300s][gc,marking  ] GC(50) Mark Stack Usage: 32M
[2024-07-21T21:27:10.582+0800][5.300s][gc,nmethod  ] GC(50) NMethods: 438 registered, 0 unregistered
[2024-07-21T21:27:10.582+0800][5.300s][gc,metaspace] GC(50) Metaspace: 1M used, 1M committed, 1032M reserved
[2024-07-21T21:27:10.582+0800][5.300s][gc,ref      ] GC(50) Soft: 93 encountered, 0 discovered, 0 enqueued
[2024-07-21T21:27:10.582+0800][5.300s][gc,ref      ] GC(50) Weak: 131 encountered, 14 discovered, 0 enqueued
[2024-07-21T21:27:10.582+0800][5.300s][gc,ref      ] GC(50) Final: 0 encountered, 0 discovered, 0 enqueued
[2024-07-21T21:27:10.582+0800][5.300s][gc,ref      ] GC(50) Phantom: 184 encountered, 119 discovered, 0 enqueued
[2024-07-21T21:27:10.582+0800][5.300s][gc,reloc    ] GC(50) Small Pages: 4 / 8M, Empty: 2M, Relocated: 0M, In-Place: 0
[2024-07-21T21:27:10.582+0800][5.300s][gc,reloc    ] GC(50) Medium Pages: 4 / 128M, Empty: 64M, Relocated: 1M, In-Place: 0
[2024-07-21T21:27:10.582+0800][5.300s][gc,reloc    ] GC(50) Large Pages: 0 / 0M, Empty: 0M, Relocated: 0M, In-Place: 0
[2024-07-21T21:27:10.582+0800][5.300s][gc,reloc    ] GC(50) Forwarding Usage: 0M
[2024-07-21T21:27:10.582+0800][5.300s][gc,heap     ] GC(50) Min Capacity: 8M(0%)
[2024-07-21T21:27:10.582+0800][5.300s][gc,heap     ] GC(50) Max Capacity: 2048M(100%)
[2024-07-21T21:27:10.582+0800][5.300s][gc,heap     ] GC(50) Soft Max Capacity: 128M(6%)
[2024-07-21T21:27:10.582+0800][5.300s][gc,heap     ] GC(50)                Mark Start          Mark End        Relocate Start      Relocate End           High               Low         
[2024-07-21T21:27:10.582+0800][5.300s][gc,heap     ] GC(50)  Capacity:      256M (12%)         256M (12%)         256M (12%)         256M (12%)         256M (12%)         256M (12%)    
[2024-07-21T21:27:10.582+0800][5.300s][gc,heap     ] GC(50)      Free:     1912M (93%)        1878M (92%)        1944M (95%)        1976M (96%)        1976M (96%)        1878M (92%)    
[2024-07-21T21:27:10.582+0800][5.300s][gc,heap     ] GC(50)      Used:      136M (7%)          170M (8%)          104M (5%)           72M (4%)          170M (8%)           72M (4%)     
[2024-07-21T21:27:10.582+0800][5.300s][gc,heap     ] GC(50)      Live:         -                 5M (0%)            5M (0%)            5M (0%)             -                  -          
[2024-07-21T21:27:10.582+0800][5.300s][gc,heap     ] GC(50) Allocated:         -                34M (2%)           34M (2%)           34M (2%)             -                  -          
[2024-07-21T21:27:10.582+0800][5.300s][gc,heap     ] GC(50)   Garbage:         -               130M (6%)           64M (3%)           32M (2%)             -                  -          
[2024-07-21T21:27:10.582+0800][5.300s][gc,heap     ] GC(50) Reclaimed:         -                  -                66M (3%)           98M (5%)             -                  -          
[2024-07-21T21:27:10.582+0800][5.300s][gc          ] GC(50) Garbage Collection (Allocation Rate) 136M(7%)->72M(4%)
[2024-07-21T21:27:10.657+0800][5.375s][gc,start    ] GC(51) Garbage Collection (Allocation Rate)
[2024-07-21T21:27:10.657+0800][5.376s][gc,task     ] GC(51) Using 2 workers
[2024-07-21T21:27:10.657+0800][5.376s][gc,phases   ] GC(51) Pause Mark Start 0.006ms
[2024-07-21T21:27:10.673+0800][5.391s][gc,phases   ] GC(51) Concurrent Mark 14.801ms
[2024-07-21T21:27:10.673+0800][5.391s][gc,phases   ] GC(51) Pause Mark End 0.013ms
[2024-07-21T21:27:10.673+0800][5.391s][gc,phases   ] GC(51) Concurrent Mark Free 0.002ms
[2024-07-21T21:27:10.674+0800][5.392s][gc,phases   ] GC(51) Concurrent Process Non-Strong References 0.966ms
[2024-07-21T21:27:10.674+0800][5.392s][gc,phases   ] GC(51) Concurrent Reset Relocation Set 0.001ms
[2024-07-21T21:27:10.675+0800][5.394s][gc,phases   ] GC(51) Concurrent Select Relocation Set 1.592ms
[2024-07-21T21:27:10.675+0800][5.394s][gc,phases   ] GC(51) Pause Relocate Start 0.006ms
[2024-07-21T21:27:10.676+0800][5.395s][gc,phases   ] GC(51) Concurrent Relocate 0.244ms
[2024-07-21T21:27:10.676+0800][5.395s][gc,load     ] GC(51) Load: 0.00/0.00/0.00
[2024-07-21T21:27:10.676+0800][5.395s][gc,mmu      ] GC(51) MMU: 2ms/96.9%, 5ms/98.3%, 10ms/99.2%, 20ms/99.6%, 50ms/99.8%, 100ms/99.9%
[2024-07-21T21:27:10.676+0800][5.395s][gc,marking  ] GC(51) Mark: 2 stripe(s), 2 proactive flush(es), 1 terminate flush(es), 0 completion(s), 0 continuation(s) 
[2024-07-21T21:27:10.676+0800][5.395s][gc,marking  ] GC(51) Mark Stack Usage: 32M
[2024-07-21T21:27:10.676+0800][5.395s][gc,nmethod  ] GC(51) NMethods: 438 registered, 0 unregistered
[2024-07-21T21:27:10.676+0800][5.395s][gc,metaspace] GC(51) Metaspace: 1M used, 1M committed, 1032M reserved
[2024-07-21T21:27:10.676+0800][5.395s][gc,ref      ] GC(51) Soft: 93 encountered, 0 discovered, 0 enqueued
[2024-07-21T21:27:10.676+0800][5.395s][gc,ref      ] GC(51) Weak: 131 encountered, 0 discovered, 0 enqueued
[2024-07-21T21:27:10.676+0800][5.395s][gc,ref      ] GC(51) Final: 0 encountered, 0 discovered, 0 enqueued
[2024-07-21T21:27:10.676+0800][5.395s][gc,ref      ] GC(51) Phantom: 184 encountered, 119 discovered, 0 enqueued
[2024-07-21T21:27:10.676+0800][5.395s][gc,reloc    ] GC(51) Small Pages: 4 / 8M, Empty: 2M, Relocated: 0M, In-Place: 0
[2024-07-21T21:27:10.676+0800][5.395s][gc,reloc    ] GC(51) Medium Pages: 3 / 96M, Empty: 32M, Relocated: 1M, In-Place: 0
[2024-07-21T21:27:10.676+0800][5.395s][gc,reloc    ] GC(51) Large Pages: 0 / 0M, Empty: 0M, Relocated: 0M, In-Place: 0
[2024-07-21T21:27:10.676+0800][5.395s][gc,reloc    ] GC(51) Forwarding Usage: 0M
[2024-07-21T21:27:10.676+0800][5.395s][gc,heap     ] GC(51) Min Capacity: 8M(0%)
[2024-07-21T21:27:10.676+0800][5.395s][gc,heap     ] GC(51) Max Capacity: 2048M(100%)
[2024-07-21T21:27:10.676+0800][5.395s][gc,heap     ] GC(51) Soft Max Capacity: 128M(6%)
[2024-07-21T21:27:10.676+0800][5.395s][gc,heap     ] GC(51)                Mark Start          Mark End        Relocate Start      Relocate End           High               Low         
[2024-07-21T21:27:10.676+0800][5.395s][gc,heap     ] GC(51)  Capacity:      256M (12%)         256M (12%)         256M (12%)         256M (12%)         256M (12%)         256M (12%)    
[2024-07-21T21:27:10.676+0800][5.395s][gc,heap     ] GC(51)      Free:     1944M (95%)        1910M (93%)        1944M (95%)        1976M (96%)        1976M (96%)        1910M (93%)    
[2024-07-21T21:27:10.676+0800][5.395s][gc,heap     ] GC(51)      Used:      104M (5%)          138M (7%)          104M (5%)           72M (4%)          138M (7%)           72M (4%)     
[2024-07-21T21:27:10.676+0800][5.395s][gc,heap     ] GC(51)      Live:         -                 5M (0%)            5M (0%)            5M (0%)             -                  -          
[2024-07-21T21:27:10.676+0800][5.395s][gc,heap     ] GC(51) Allocated:         -                34M (2%)           34M (2%)           34M (2%)             -                  -          
[2024-07-21T21:27:10.676+0800][5.395s][gc,heap     ] GC(51)   Garbage:         -                98M (5%)           64M (3%)           32M (2%)             -                  -          
[2024-07-21T21:27:10.676+0800][5.395s][gc,heap     ] GC(51) Reclaimed:         -                  -                34M (2%)           66M (3%)             -                  -          
[2024-07-21T21:27:10.676+0800][5.395s][gc          ] GC(51) Garbage Collection (Allocation Rate) 104M(5%)->72M(4%)
[2024-07-21T21:27:10.751+0800][5.469s][gc,start    ] GC(52) Garbage Collection (Allocation Rate)
[2024-07-21T21:27:10.752+0800][5.470s][gc,task     ] GC(52) Using 2 workers
[2024-07-21T21:27:10.752+0800][5.470s][gc,phases   ] GC(52) Pause Mark Start 0.009ms
[2024-07-21T21:27:10.767+0800][5.485s][gc,phases   ] GC(52) Concurrent Mark 14.758ms
[2024-07-21T21:27:10.767+0800][5.485s][gc,phases   ] GC(52) Pause Mark End 0.015ms
[2024-07-21T21:27:10.767+0800][5.485s][gc,phases   ] GC(52) Concurrent Mark Free 0.001ms
[2024-07-21T21:27:10.767+0800][5.486s][gc,phases   ] GC(52) Concurrent Process Non-Strong References 0.972ms
[2024-07-21T21:27:10.767+0800][5.486s][gc,phases   ] GC(52) Concurrent Reset Relocation Set 0.001ms
[2024-07-21T21:27:10.770+0800][5.489s][gc,phases   ] GC(52) Concurrent Select Relocation Set 2.294ms
[2024-07-21T21:27:10.770+0800][5.489s][gc,phases   ] GC(52) Pause Relocate Start 0.007ms
[2024-07-21T21:27:10.770+0800][5.489s][gc,phases   ] GC(52) Concurrent Relocate 0.266ms
[2024-07-21T21:27:10.770+0800][5.489s][gc,load     ] GC(52) Load: 0.00/0.00/0.00
[2024-07-21T21:27:10.770+0800][5.489s][gc,mmu      ] GC(52) MMU: 2ms/96.9%, 5ms/98.3%, 10ms/99.2%, 20ms/99.6%, 50ms/99.8%, 100ms/99.9%
[2024-07-21T21:27:10.770+0800][5.489s][gc,marking  ] GC(52) Mark: 2 stripe(s), 2 proactive flush(es), 1 terminate flush(es), 0 completion(s), 0 continuation(s) 
[2024-07-21T21:27:10.770+0800][5.489s][gc,marking  ] GC(52) Mark Stack Usage: 32M
[2024-07-21T21:27:10.770+0800][5.489s][gc,nmethod  ] GC(52) NMethods: 438 registered, 0 unregistered
[2024-07-21T21:27:10.770+0800][5.489s][gc,metaspace] GC(52) Metaspace: 1M used, 1M committed, 1032M reserved
[2024-07-21T21:27:10.770+0800][5.489s][gc,ref      ] GC(52) Soft: 93 encountered, 0 discovered, 0 enqueued
[2024-07-21T21:27:10.770+0800][5.489s][gc,ref      ] GC(52) Weak: 131 encountered, 14 discovered, 0 enqueued
[2024-07-21T21:27:10.770+0800][5.489s][gc,ref      ] GC(52) Final: 0 encountered, 0 discovered, 0 enqueued
[2024-07-21T21:27:10.770+0800][5.489s][gc,ref      ] GC(52) Phantom: 184 encountered, 119 discovered, 0 enqueued
[2024-07-21T21:27:10.770+0800][5.489s][gc,reloc    ] GC(52) Small Pages: 4 / 8M, Empty: 2M, Relocated: 0M, In-Place: 0
[2024-07-21T21:27:10.770+0800][5.489s][gc,reloc    ] GC(52) Medium Pages: 3 / 96M, Empty: 32M, Relocated: 1M, In-Place: 0
[2024-07-21T21:27:10.771+0800][5.489s][gc,reloc    ] GC(52) Large Pages: 0 / 0M, Empty: 0M, Relocated: 0M, In-Place: 0
[2024-07-21T21:27:10.771+0800][5.489s][gc,reloc    ] GC(52) Forwarding Usage: 0M
[2024-07-21T21:27:10.771+0800][5.489s][gc,heap     ] GC(52) Min Capacity: 8M(0%)
[2024-07-21T21:27:10.771+0800][5.489s][gc,heap     ] GC(52) Max Capacity: 2048M(100%)
[2024-07-21T21:27:10.771+0800][5.489s][gc,heap     ] GC(52) Soft Max Capacity: 128M(6%)
[2024-07-21T21:27:10.771+0800][5.489s][gc,heap     ] GC(52)                Mark Start          Mark End        Relocate Start      Relocate End           High               Low         
[2024-07-21T21:27:10.771+0800][5.489s][gc,heap     ] GC(52)  Capacity:      256M (12%)         256M (12%)         256M (12%)         256M (12%)         256M (12%)         256M (12%)    
[2024-07-21T21:27:10.771+0800][5.489s][gc,heap     ] GC(52)      Free:     1944M (95%)        1910M (93%)        1944M (95%)        1976M (96%)        1976M (96%)        1910M (93%)    
[2024-07-21T21:27:10.771+0800][5.489s][gc,heap     ] GC(52)      Used:      104M (5%)          138M (7%)          104M (5%)           72M (4%)          138M (7%)           72M (4%)     
[2024-07-21T21:27:10.771+0800][5.489s][gc,heap     ] GC(52)      Live:         -                 5M (0%)            5M (0%)            5M (0%)             -                  -          
[2024-07-21T21:27:10.771+0800][5.489s][gc,heap     ] GC(52) Allocated:         -                34M (2%)           34M (2%)           34M (2%)             -                  -          
[2024-07-21T21:27:10.771+0800][5.490s][gc,heap     ] GC(52)   Garbage:         -                98M (5%)           64M (3%)           32M (2%)             -                  -          
[2024-07-21T21:27:10.771+0800][5.490s][gc,heap     ] GC(52) Reclaimed:         -                  -                34M (2%)           66M (3%)             -                  -          
[2024-07-21T21:27:10.771+0800][5.490s][gc          ] GC(52) Garbage Collection (Allocation Rate) 104M(5%)->72M(4%)
[2024-07-21T21:27:10.861+0800][5.579s][gc,start    ] GC(53) Garbage Collection (Allocation Rate)
[2024-07-21T21:27:10.861+0800][5.579s][gc,task     ] GC(53) Using 2 workers
[2024-07-21T21:27:10.861+0800][5.579s][gc,phases   ] GC(53) Pause Mark Start 0.009ms
[2024-07-21T21:27:10.877+0800][5.595s][gc,phases   ] GC(53) Concurrent Mark 15.365ms
[2024-07-21T21:27:10.877+0800][5.595s][gc,phases   ] GC(53) Pause Mark End 0.011ms
[2024-07-21T21:27:10.878+0800][5.595s][gc,phases   ] GC(53) Concurrent Mark Free 0.002ms
[2024-07-21T21:27:10.878+0800][5.596s][gc,phases   ] GC(53) Concurrent Process Non-Strong References 0.860ms
[2024-07-21T21:27:10.879+0800][5.596s][gc,phases   ] GC(53) Concurrent Reset Relocation Set 0.002ms
[2024-07-21T21:27:10.880+0800][5.598s][gc,phases   ] GC(53) Concurrent Select Relocation Set 1.846ms
[2024-07-21T21:27:10.881+0800][5.599s][gc,phases   ] GC(53) Pause Relocate Start 0.006ms
[2024-07-21T21:27:10.881+0800][5.599s][gc,phases   ] GC(53) Concurrent Relocate 0.633ms
[2024-07-21T21:27:10.881+0800][5.599s][gc,load     ] GC(53) Load: 0.00/0.00/0.00
[2024-07-21T21:27:10.881+0800][5.599s][gc,mmu      ] GC(53) MMU: 2ms/96.9%, 5ms/98.3%, 10ms/99.2%, 20ms/99.6%, 50ms/99.8%, 100ms/99.9%
[2024-07-21T21:27:10.881+0800][5.599s][gc,marking  ] GC(53) Mark: 2 stripe(s), 2 proactive flush(es), 1 terminate flush(es), 0 completion(s), 0 continuation(s) 
[2024-07-21T21:27:10.881+0800][5.599s][gc,marking  ] GC(53) Mark Stack Usage: 32M
[2024-07-21T21:27:10.881+0800][5.599s][gc,nmethod  ] GC(53) NMethods: 438 registered, 0 unregistered
[2024-07-21T21:27:10.881+0800][5.599s][gc,metaspace] GC(53) Metaspace: 1M used, 1M committed, 1032M reserved
[2024-07-21T21:27:10.881+0800][5.599s][gc,ref      ] GC(53) Soft: 93 encountered, 0 discovered, 0 enqueued
[2024-07-21T21:27:10.881+0800][5.599s][gc,ref      ] GC(53) Weak: 131 encountered, 0 discovered, 0 enqueued
[2024-07-21T21:27:10.881+0800][5.599s][gc,ref      ] GC(53) Final: 0 encountered, 0 discovered, 0 enqueued
[2024-07-21T21:27:10.881+0800][5.599s][gc,ref      ] GC(53) Phantom: 184 encountered, 119 discovered, 0 enqueued
[2024-07-21T21:27:10.882+0800][5.599s][gc,reloc    ] GC(53) Small Pages: 4 / 8M, Empty: 2M, Relocated: 0M, In-Place: 0
[2024-07-21T21:27:10.882+0800][5.599s][gc,reloc    ] GC(53) Medium Pages: 4 / 128M, Empty: 64M, Relocated: 4M, In-Place: 0
[2024-07-21T21:27:10.882+0800][5.599s][gc,reloc    ] GC(53) Large Pages: 0 / 0M, Empty: 0M, Relocated: 0M, In-Place: 0
[2024-07-21T21:27:10.882+0800][5.599s][gc,reloc    ] GC(53) Forwarding Usage: 0M
[2024-07-21T21:27:10.882+0800][5.599s][gc,heap     ] GC(53) Min Capacity: 8M(0%)
[2024-07-21T21:27:10.882+0800][5.600s][gc,heap     ] GC(53) Max Capacity: 2048M(100%)
[2024-07-21T21:27:10.882+0800][5.600s][gc,heap     ] GC(53) Soft Max Capacity: 128M(6%)
[2024-07-21T21:27:10.882+0800][5.600s][gc,heap     ] GC(53)                Mark Start          Mark End        Relocate Start      Relocate End           High               Low         
[2024-07-21T21:27:10.882+0800][5.600s][gc,heap     ] GC(53)  Capacity:      256M (12%)         256M (12%)         256M (12%)         256M (12%)         256M (12%)         256M (12%)    
[2024-07-21T21:27:10.882+0800][5.600s][gc,heap     ] GC(53)      Free:     1912M (93%)        1878M (92%)        1944M (95%)        1976M (96%)        1976M (96%)        1878M (92%)    
[2024-07-21T21:27:10.882+0800][5.600s][gc,heap     ] GC(53)      Used:      136M (7%)          170M (8%)          104M (5%)           72M (4%)          170M (8%)           72M (4%)     
[2024-07-21T21:27:10.882+0800][5.600s][gc,heap     ] GC(53)      Live:         -                 8M (0%)            8M (0%)            8M (0%)             -                  -          
[2024-07-21T21:27:10.882+0800][5.600s][gc,heap     ] GC(53) Allocated:         -                34M (2%)           34M (2%)           34M (2%)             -                  -          
[2024-07-21T21:27:10.882+0800][5.600s][gc,heap     ] GC(53)   Garbage:         -               127M (6%)           61M (3%)           29M (1%)             -                  -          
[2024-07-21T21:27:10.882+0800][5.600s][gc,heap     ] GC(53) Reclaimed:         -                  -                66M (3%)           98M (5%)             -                  -          
[2024-07-21T21:27:10.882+0800][5.600s][gc          ] GC(53) Garbage Collection (Allocation Rate) 136M(7%)->72M(4%)
[2024-07-21T21:27:10.956+0800][5.674s][gc,start    ] GC(54) Garbage Collection (Allocation Rate)
[2024-07-21T21:27:10.956+0800][5.674s][gc,task     ] GC(54) Using 2 workers
[2024-07-21T21:27:10.956+0800][5.674s][gc,phases   ] GC(54) Pause Mark Start 0.015ms
[2024-07-21T21:27:10.972+0800][5.690s][gc,phases   ] GC(54) Concurrent Mark 15.821ms
[2024-07-21T21:27:10.972+0800][5.690s][gc,phases   ] GC(54) Pause Mark End 0.033ms
[2024-07-21T21:27:10.973+0800][5.690s][gc,phases   ] GC(54) Concurrent Mark Free 0.003ms
[2024-07-21T21:27:10.974+0800][5.692s][gc,phases   ] GC(54) Concurrent Process Non-Strong References 1.115ms
[2024-07-21T21:27:10.974+0800][5.692s][gc,phases   ] GC(54) Concurrent Reset Relocation Set 0.001ms
[2024-07-21T21:27:10.977+0800][5.695s][gc,phases   ] GC(54) Concurrent Select Relocation Set 3.133ms
[2024-07-21T21:27:10.977+0800][5.695s][gc,phases   ] GC(54) Pause Relocate Start 0.009ms
[2024-07-21T21:27:10.978+0800][5.696s][gc,phases   ] GC(54) Concurrent Relocate 0.564ms
[2024-07-21T21:27:10.978+0800][5.696s][gc,load     ] GC(54) Load: 0.00/0.00/0.00
[2024-07-21T21:27:10.978+0800][5.696s][gc,mmu      ] GC(54) MMU: 2ms/96.9%, 5ms/98.3%, 10ms/99.2%, 20ms/99.6%, 50ms/99.8%, 100ms/99.9%
[2024-07-21T21:27:10.978+0800][5.696s][gc,marking  ] GC(54) Mark: 2 stripe(s), 2 proactive flush(es), 1 terminate flush(es), 0 completion(s), 0 continuation(s) 
[2024-07-21T21:27:10.978+0800][5.696s][gc,marking  ] GC(54) Mark Stack Usage: 32M
[2024-07-21T21:27:10.978+0800][5.696s][gc,nmethod  ] GC(54) NMethods: 439 registered, 0 unregistered
[2024-07-21T21:27:10.978+0800][5.696s][gc,metaspace] GC(54) Metaspace: 1M used, 1M committed, 1032M reserved
[2024-07-21T21:27:10.978+0800][5.696s][gc,ref      ] GC(54) Soft: 93 encountered, 0 discovered, 0 enqueued
[2024-07-21T21:27:10.978+0800][5.696s][gc,ref      ] GC(54) Weak: 131 encountered, 11 discovered, 0 enqueued
[2024-07-21T21:27:10.978+0800][5.696s][gc,ref      ] GC(54) Final: 0 encountered, 0 discovered, 0 enqueued
[2024-07-21T21:27:10.978+0800][5.696s][gc,ref      ] GC(54) Phantom: 184 encountered, 119 discovered, 0 enqueued
[2024-07-21T21:27:10.978+0800][5.696s][gc,reloc    ] GC(54) Small Pages: 4 / 8M, Empty: 2M, Relocated: 0M, In-Place: 0
[2024-07-21T21:27:10.978+0800][5.696s][gc,reloc    ] GC(54) Medium Pages: 3 / 96M, Empty: 32M, Relocated: 3M, In-Place: 0
[2024-07-21T21:27:10.978+0800][5.696s][gc,reloc    ] GC(54) Large Pages: 0 / 0M, Empty: 0M, Relocated: 0M, In-Place: 0
[2024-07-21T21:27:10.978+0800][5.696s][gc,reloc    ] GC(54) Forwarding Usage: 0M
[2024-07-21T21:27:10.978+0800][5.696s][gc,heap     ] GC(54) Min Capacity: 8M(0%)
[2024-07-21T21:27:10.978+0800][5.696s][gc,heap     ] GC(54) Max Capacity: 2048M(100%)
[2024-07-21T21:27:10.978+0800][5.696s][gc,heap     ] GC(54) Soft Max Capacity: 128M(6%)
[2024-07-21T21:27:10.978+0800][5.696s][gc,heap     ] GC(54)                Mark Start          Mark End        Relocate Start      Relocate End           High               Low         
[2024-07-21T21:27:10.978+0800][5.696s][gc,heap     ] GC(54)  Capacity:      256M (12%)         256M (12%)         256M (12%)         256M (12%)         256M (12%)         256M (12%)    
[2024-07-21T21:27:10.978+0800][5.696s][gc,heap     ] GC(54)      Free:     1944M (95%)        1910M (93%)        1944M (95%)        1976M (96%)        1976M (96%)        1910M (93%)    
[2024-07-21T21:27:10.978+0800][5.696s][gc,heap     ] GC(54)      Used:      104M (5%)          138M (7%)          104M (5%)           72M (4%)          138M (7%)           72M (4%)     
[2024-07-21T21:27:10.978+0800][5.696s][gc,heap     ] GC(54)      Live:         -                 7M (0%)            7M (0%)            7M (0%)             -                  -          
[2024-07-21T21:27:10.978+0800][5.696s][gc,heap     ] GC(54) Allocated:         -                34M (2%)           34M (2%)           34M (2%)             -                  -          
[2024-07-21T21:27:10.978+0800][5.696s][gc,heap     ] GC(54)   Garbage:         -                96M (5%)           62M (3%)           30M (1%)             -                  -          
[2024-07-21T21:27:10.978+0800][5.696s][gc,heap     ] GC(54) Reclaimed:         -                  -                34M (2%)           66M (3%)             -                  -          
[2024-07-21T21:27:10.978+0800][5.696s][gc          ] GC(54) Garbage Collection (Allocation Rate) 104M(5%)->72M(4%)
[2024-07-21T21:27:11.050+0800][5.768s][gc,start    ] GC(55) Garbage Collection (Allocation Rate)
[2024-07-21T21:27:11.050+0800][5.768s][gc,task     ] GC(55) Using 2 workers
[2024-07-21T21:27:11.050+0800][5.769s][gc,phases   ] GC(55) Pause Mark Start 0.008ms
[2024-07-21T21:27:11.066+0800][5.784s][gc,phases   ] GC(55) Concurrent Mark 15.019ms
[2024-07-21T21:27:11.066+0800][5.784s][gc,phases   ] GC(55) Pause Mark End 0.032ms
[2024-07-21T21:27:11.066+0800][5.784s][gc,phases   ] GC(55) Concurrent Mark Free 0.002ms
[2024-07-21T21:27:11.068+0800][5.785s][gc,phases   ] GC(55) Concurrent Process Non-Strong References 0.927ms
[2024-07-21T21:27:11.068+0800][5.786s][gc,phases   ] GC(55) Concurrent Reset Relocation Set 0.001ms
[2024-07-21T21:27:11.069+0800][5.787s][gc,phases   ] GC(55) Concurrent Select Relocation Set 1.814ms
[2024-07-21T21:27:11.070+0800][5.787s][gc,phases   ] GC(55) Pause Relocate Start 0.005ms
[2024-07-21T21:27:11.070+0800][5.788s][gc,phases   ] GC(55) Concurrent Relocate 0.488ms
[2024-07-21T21:27:11.070+0800][5.788s][gc,load     ] GC(55) Load: 0.00/0.00/0.00
[2024-07-21T21:27:11.070+0800][5.788s][gc,mmu      ] GC(55) MMU: 2ms/96.9%, 5ms/98.3%, 10ms/99.2%, 20ms/99.6%, 50ms/99.8%, 100ms/99.9%
[2024-07-21T21:27:11.070+0800][5.788s][gc,marking  ] GC(55) Mark: 2 stripe(s), 2 proactive flush(es), 1 terminate flush(es), 0 completion(s), 0 continuation(s) 
[2024-07-21T21:27:11.070+0800][5.788s][gc,marking  ] GC(55) Mark Stack Usage: 32M
[2024-07-21T21:27:11.070+0800][5.788s][gc,nmethod  ] GC(55) NMethods: 439 registered, 0 unregistered
[2024-07-21T21:27:11.070+0800][5.788s][gc,metaspace] GC(55) Metaspace: 1M used, 1M committed, 1032M reserved
[2024-07-21T21:27:11.070+0800][5.788s][gc,ref      ] GC(55) Soft: 93 encountered, 0 discovered, 0 enqueued
[2024-07-21T21:27:11.070+0800][5.788s][gc,ref      ] GC(55) Weak: 131 encountered, 0 discovered, 0 enqueued
[2024-07-21T21:27:11.070+0800][5.788s][gc,ref      ] GC(55) Final: 0 encountered, 0 discovered, 0 enqueued
[2024-07-21T21:27:11.070+0800][5.788s][gc,ref      ] GC(55) Phantom: 184 encountered, 142 discovered, 0 enqueued
[2024-07-21T21:27:11.070+0800][5.788s][gc,reloc    ] GC(55) Small Pages: 4 / 8M, Empty: 2M, Relocated: 0M, In-Place: 0
[2024-07-21T21:27:11.070+0800][5.788s][gc,reloc    ] GC(55) Medium Pages: 3 / 96M, Empty: 32M, Relocated: 3M, In-Place: 0
[2024-07-21T21:27:11.070+0800][5.788s][gc,reloc    ] GC(55) Large Pages: 0 / 0M, Empty: 0M, Relocated: 0M, In-Place: 0
[2024-07-21T21:27:11.070+0800][5.788s][gc,reloc    ] GC(55) Forwarding Usage: 0M
[2024-07-21T21:27:11.070+0800][5.788s][gc,heap     ] GC(55) Min Capacity: 8M(0%)
[2024-07-21T21:27:11.070+0800][5.788s][gc,heap     ] GC(55) Max Capacity: 2048M(100%)
[2024-07-21T21:27:11.070+0800][5.788s][gc,heap     ] GC(55) Soft Max Capacity: 128M(6%)
[2024-07-21T21:27:11.070+0800][5.788s][gc,heap     ] GC(55)                Mark Start          Mark End        Relocate Start      Relocate End           High               Low         
[2024-07-21T21:27:11.070+0800][5.788s][gc,heap     ] GC(55)  Capacity:      256M (12%)         256M (12%)         256M (12%)         256M (12%)         256M (12%)         256M (12%)    
[2024-07-21T21:27:11.070+0800][5.788s][gc,heap     ] GC(55)      Free:     1944M (95%)        1910M (93%)        1944M (95%)        1976M (96%)        1976M (96%)        1910M (93%)    
[2024-07-21T21:27:11.070+0800][5.788s][gc,heap     ] GC(55)      Used:      104M (5%)          138M (7%)          104M (5%)           72M (4%)          138M (7%)           72M (4%)     
[2024-07-21T21:27:11.070+0800][5.788s][gc,heap     ] GC(55)      Live:         -                 7M (0%)            7M (0%)            7M (0%)             -                  -          
[2024-07-21T21:27:11.071+0800][5.788s][gc,heap     ] GC(55) Allocated:         -                34M (2%)           34M (2%)           34M (2%)             -                  -          
[2024-07-21T21:27:11.071+0800][5.788s][gc,heap     ] GC(55)   Garbage:         -                96M (5%)           62M (3%)           30M (1%)             -                  -          
[2024-07-21T21:27:11.071+0800][5.788s][gc,heap     ] GC(55) Reclaimed:         -                  -                34M (2%)           66M (3%)             -                  -          
[2024-07-21T21:27:11.071+0800][5.788s][gc          ] GC(55) Garbage Collection (Allocation Rate) 104M(5%)->72M(4%)
[2024-07-21T21:27:11.160+0800][5.878s][gc,start    ] GC(56) Garbage Collection (Allocation Rate)
[2024-07-21T21:27:11.160+0800][5.878s][gc,task     ] GC(56) Using 2 workers
[2024-07-21T21:27:11.160+0800][5.878s][gc,phases   ] GC(56) Pause Mark Start 0.009ms
[2024-07-21T21:27:11.175+0800][5.893s][gc,phases   ] GC(56) Concurrent Mark 14.961ms
[2024-07-21T21:27:11.175+0800][5.893s][gc,phases   ] GC(56) Pause Mark End 0.033ms
[2024-07-21T21:27:11.175+0800][5.893s][gc,phases   ] GC(56) Concurrent Mark Free 0.001ms
[2024-07-21T21:27:11.176+0800][5.894s][gc,phases   ] GC(56) Concurrent Process Non-Strong References 0.975ms
[2024-07-21T21:27:11.176+0800][5.895s][gc,phases   ] GC(56) Concurrent Reset Relocation Set 0.001ms
[2024-07-21T21:27:11.179+0800][5.897s][gc,phases   ] GC(56) Concurrent Select Relocation Set 2.254ms
[2024-07-21T21:27:11.179+0800][5.897s][gc,phases   ] GC(56) Pause Relocate Start 0.007ms
[2024-07-21T21:27:11.179+0800][5.897s][gc,phases   ] GC(56) Concurrent Relocate 0.293ms
[2024-07-21T21:27:11.179+0800][5.897s][gc,load     ] GC(56) Load: 0.00/0.00/0.00
[2024-07-21T21:27:11.179+0800][5.898s][gc,mmu      ] GC(56) MMU: 2ms/96.9%, 5ms/98.3%, 10ms/99.2%, 20ms/99.6%, 50ms/99.8%, 100ms/99.9%
[2024-07-21T21:27:11.179+0800][5.898s][gc,marking  ] GC(56) Mark: 2 stripe(s), 2 proactive flush(es), 1 terminate flush(es), 0 completion(s), 0 continuation(s) 
[2024-07-21T21:27:11.179+0800][5.898s][gc,marking  ] GC(56) Mark Stack Usage: 32M
[2024-07-21T21:27:11.179+0800][5.898s][gc,nmethod  ] GC(56) NMethods: 440 registered, 0 unregistered
[2024-07-21T21:27:11.179+0800][5.898s][gc,metaspace] GC(56) Metaspace: 1M used, 1M committed, 1032M reserved
[2024-07-21T21:27:11.179+0800][5.898s][gc,ref      ] GC(56) Soft: 93 encountered, 0 discovered, 0 enqueued
[2024-07-21T21:27:11.179+0800][5.898s][gc,ref      ] GC(56) Weak: 131 encountered, 1 discovered, 0 enqueued
[2024-07-21T21:27:11.179+0800][5.898s][gc,ref      ] GC(56) Final: 0 encountered, 0 discovered, 0 enqueued
[2024-07-21T21:27:11.179+0800][5.898s][gc,ref      ] GC(56) Phantom: 184 encountered, 169 discovered, 0 enqueued
[2024-07-21T21:27:11.179+0800][5.898s][gc,reloc    ] GC(56) Small Pages: 4 / 8M, Empty: 2M, Relocated: 0M, In-Place: 0
[2024-07-21T21:27:11.179+0800][5.898s][gc,reloc    ] GC(56) Medium Pages: 4 / 128M, Empty: 64M, Relocated: 1M, In-Place: 0
[2024-07-21T21:27:11.179+0800][5.898s][gc,reloc    ] GC(56) Large Pages: 0 / 0M, Empty: 0M, Relocated: 0M, In-Place: 0
[2024-07-21T21:27:11.179+0800][5.898s][gc,reloc    ] GC(56) Forwarding Usage: 0M
[2024-07-21T21:27:11.179+0800][5.898s][gc,heap     ] GC(56) Min Capacity: 8M(0%)
[2024-07-21T21:27:11.179+0800][5.898s][gc,heap     ] GC(56) Max Capacity: 2048M(100%)
[2024-07-21T21:27:11.179+0800][5.898s][gc,heap     ] GC(56) Soft Max Capacity: 128M(6%)
[2024-07-21T21:27:11.179+0800][5.898s][gc,heap     ] GC(56)                Mark Start          Mark End        Relocate Start      Relocate End           High               Low         
[2024-07-21T21:27:11.179+0800][5.898s][gc,heap     ] GC(56)  Capacity:      256M (12%)         256M (12%)         256M (12%)         256M (12%)         256M (12%)         256M (12%)    
[2024-07-21T21:27:11.180+0800][5.898s][gc,heap     ] GC(56)      Free:     1912M (93%)        1878M (92%)        1944M (95%)        1976M (96%)        1976M (96%)        1878M (92%)    
[2024-07-21T21:27:11.180+0800][5.898s][gc,heap     ] GC(56)      Used:      136M (7%)          170M (8%)          104M (5%)           72M (4%)          170M (8%)           72M (4%)     
[2024-07-21T21:27:11.180+0800][5.898s][gc,heap     ] GC(56)      Live:         -                 5M (0%)            5M (0%)            5M (0%)             -                  -          
[2024-07-21T21:27:11.180+0800][5.898s][gc,heap     ] GC(56) Allocated:         -                34M (2%)           34M (2%)           34M (2%)             -                  -          
[2024-07-21T21:27:11.180+0800][5.898s][gc,heap     ] GC(56)   Garbage:         -               130M (6%)           64M (3%)           32M (2%)             -                  -          
[2024-07-21T21:27:11.180+0800][5.898s][gc,heap     ] GC(56) Reclaimed:         -                  -                66M (3%)           98M (5%)             -                  -          
[2024-07-21T21:27:11.180+0800][5.898s][gc          ] GC(56) Garbage Collection (Allocation Rate) 136M(7%)->72M(4%)
[2024-07-21T21:27:11.254+0800][5.972s][gc,start    ] GC(57) Garbage Collection (Allocation Rate)
[2024-07-21T21:27:11.254+0800][5.972s][gc,task     ] GC(57) Using 2 workers
[2024-07-21T21:27:11.254+0800][5.973s][gc,phases   ] GC(57) Pause Mark Start 0.023ms
[2024-07-21T21:27:11.271+0800][5.989s][gc,phases   ] GC(57) Concurrent Mark 15.861ms
[2024-07-21T21:27:11.271+0800][5.989s][gc,phases   ] GC(57) Pause Mark End 0.011ms
[2024-07-21T21:27:11.271+0800][5.989s][gc,phases   ] GC(57) Concurrent Mark Free 0.002ms
[2024-07-21T21:27:11.271+0800][5.990s][gc,phases   ] GC(57) Concurrent Process Non-Strong References 0.895ms
[2024-07-21T21:27:11.272+0800][5.990s][gc,phases   ] GC(57) Concurrent Reset Relocation Set 0.001ms
[2024-07-21T21:27:11.273+0800][5.992s][gc,phases   ] GC(57) Concurrent Select Relocation Set 1.913ms
[2024-07-21T21:27:11.274+0800][5.992s][gc,phases   ] GC(57) Pause Relocate Start 0.006ms
[2024-07-21T21:27:11.274+0800][5.993s][gc,phases   ] GC(57) Concurrent Relocate 0.269ms
[2024-07-21T21:27:11.274+0800][5.993s][gc,load     ] GC(57) Load: 0.00/0.00/0.00
[2024-07-21T21:27:11.274+0800][5.993s][gc,mmu      ] GC(57) MMU: 2ms/96.9%, 5ms/98.3%, 10ms/99.2%, 20ms/99.6%, 50ms/99.8%, 100ms/99.9%
[2024-07-21T21:27:11.274+0800][5.993s][gc,marking  ] GC(57) Mark: 2 stripe(s), 2 proactive flush(es), 1 terminate flush(es), 0 completion(s), 0 continuation(s) 
[2024-07-21T21:27:11.274+0800][5.993s][gc,marking  ] GC(57) Mark Stack Usage: 32M
[2024-07-21T21:27:11.274+0800][5.993s][gc,nmethod  ] GC(57) NMethods: 440 registered, 0 unregistered
[2024-07-21T21:27:11.274+0800][5.993s][gc,metaspace] GC(57) Metaspace: 1M used, 1M committed, 1032M reserved
[2024-07-21T21:27:11.274+0800][5.993s][gc,ref      ] GC(57) Soft: 93 encountered, 0 discovered, 0 enqueued
[2024-07-21T21:27:11.274+0800][5.993s][gc,ref      ] GC(57) Weak: 131 encountered, 0 discovered, 0 enqueued
[2024-07-21T21:27:11.274+0800][5.993s][gc,ref      ] GC(57) Final: 0 encountered, 0 discovered, 0 enqueued
[2024-07-21T21:27:11.274+0800][5.993s][gc,ref      ] GC(57) Phantom: 184 encountered, 119 discovered, 0 enqueued
[2024-07-21T21:27:11.274+0800][5.993s][gc,reloc    ] GC(57) Small Pages: 4 / 8M, Empty: 2M, Relocated: 0M, In-Place: 0
[2024-07-21T21:27:11.274+0800][5.993s][gc,reloc    ] GC(57) Medium Pages: 3 / 96M, Empty: 32M, Relocated: 1M, In-Place: 0
[2024-07-21T21:27:11.274+0800][5.993s][gc,reloc    ] GC(57) Large Pages: 0 / 0M, Empty: 0M, Relocated: 0M, In-Place: 0
[2024-07-21T21:27:11.274+0800][5.993s][gc,reloc    ] GC(57) Forwarding Usage: 0M
[2024-07-21T21:27:11.274+0800][5.993s][gc,heap     ] GC(57) Min Capacity: 8M(0%)
[2024-07-21T21:27:11.274+0800][5.993s][gc,heap     ] GC(57) Max Capacity: 2048M(100%)
[2024-07-21T21:27:11.274+0800][5.993s][gc,heap     ] GC(57) Soft Max Capacity: 128M(6%)
[2024-07-21T21:27:11.274+0800][5.993s][gc,heap     ] GC(57)                Mark Start          Mark End        Relocate Start      Relocate End           High               Low         
[2024-07-21T21:27:11.274+0800][5.993s][gc,heap     ] GC(57)  Capacity:      256M (12%)         256M (12%)         256M (12%)         256M (12%)         256M (12%)         256M (12%)    
[2024-07-21T21:27:11.274+0800][5.993s][gc,heap     ] GC(57)      Free:     1944M (95%)        1910M (93%)        1944M (95%)        1976M (96%)        1976M (96%)        1910M (93%)    
[2024-07-21T21:27:11.274+0800][5.993s][gc,heap     ] GC(57)      Used:      104M (5%)          138M (7%)          104M (5%)           72M (4%)          138M (7%)           72M (4%)     
[2024-07-21T21:27:11.274+0800][5.993s][gc,heap     ] GC(57)      Live:         -                 5M (0%)            5M (0%)            5M (0%)             -                  -          
[2024-07-21T21:27:11.274+0800][5.993s][gc,heap     ] GC(57) Allocated:         -                34M (2%)           34M (2%)           34M (2%)             -                  -          
[2024-07-21T21:27:11.274+0800][5.993s][gc,heap     ] GC(57)   Garbage:         -                98M (5%)           64M (3%)           32M (2%)             -                  -          
[2024-07-21T21:27:11.274+0800][5.993s][gc,heap     ] GC(57) Reclaimed:         -                  -                34M (2%)           66M (3%)             -                  -          
[2024-07-21T21:27:11.274+0800][5.993s][gc          ] GC(57) Garbage Collection (Allocation Rate) 104M(5%)->72M(4%)
[2024-07-21T21:27:11.351+0800][6.069s][gc,start    ] GC(58) Garbage Collection (Allocation Rate)
[2024-07-21T21:27:11.351+0800][6.069s][gc,task     ] GC(58) Using 2 workers
[2024-07-21T21:27:11.351+0800][6.069s][gc,phases   ] GC(58) Pause Mark Start 0.006ms
[2024-07-21T21:27:11.367+0800][6.085s][gc,phases   ] GC(58) Concurrent Mark 15.375ms
[2024-07-21T21:27:11.367+0800][6.085s][gc,phases   ] GC(58) Pause Mark End 0.029ms
[2024-07-21T21:27:11.367+0800][6.085s][gc,phases   ] GC(58) Concurrent Mark Free 0.001ms
[2024-07-21T21:27:11.368+0800][6.086s][gc,phases   ] GC(58) Concurrent Process Non-Strong References 0.880ms
[2024-07-21T21:27:11.368+0800][6.086s][gc,phases   ] GC(58) Concurrent Reset Relocation Set 0.001ms
[2024-07-21T21:27:11.370+0800][6.087s][gc,phases   ] GC(58) Concurrent Select Relocation Set 1.641ms
[2024-07-21T21:27:11.370+0800][6.088s][gc,phases   ] GC(58) Pause Relocate Start 0.010ms
[2024-07-21T21:27:11.370+0800][6.088s][gc,phases   ] GC(58) Concurrent Relocate 0.320ms
[2024-07-21T21:27:11.370+0800][6.088s][gc,load     ] GC(58) Load: 0.00/0.00/0.00
[2024-07-21T21:27:11.370+0800][6.088s][gc,mmu      ] GC(58) MMU: 2ms/96.9%, 5ms/98.3%, 10ms/99.2%, 20ms/99.6%, 50ms/99.8%, 100ms/99.9%
[2024-07-21T21:27:11.370+0800][6.088s][gc,marking  ] GC(58) Mark: 2 stripe(s), 2 proactive flush(es), 1 terminate flush(es), 0 completion(s), 0 continuation(s) 
[2024-07-21T21:27:11.370+0800][6.088s][gc,marking  ] GC(58) Mark Stack Usage: 32M
[2024-07-21T21:27:11.370+0800][6.088s][gc,nmethod  ] GC(58) NMethods: 440 registered, 0 unregistered
[2024-07-21T21:27:11.370+0800][6.088s][gc,metaspace] GC(58) Metaspace: 1M used, 1M committed, 1032M reserved
[2024-07-21T21:27:11.370+0800][6.088s][gc,ref      ] GC(58) Soft: 93 encountered, 0 discovered, 0 enqueued
[2024-07-21T21:27:11.370+0800][6.088s][gc,ref      ] GC(58) Weak: 131 encountered, 86 discovered, 0 enqueued
[2024-07-21T21:27:11.370+0800][6.088s][gc,ref      ] GC(58) Final: 0 encountered, 0 discovered, 0 enqueued
[2024-07-21T21:27:11.370+0800][6.088s][gc,ref      ] GC(58) Phantom: 184 encountered, 172 discovered, 0 enqueued
[2024-07-21T21:27:11.370+0800][6.088s][gc,reloc    ] GC(58) Small Pages: 4 / 8M, Empty: 2M, Relocated: 0M, In-Place: 0
[2024-07-21T21:27:11.370+0800][6.088s][gc,reloc    ] GC(58) Medium Pages: 3 / 96M, Empty: 32M, Relocated: 1M, In-Place: 0
[2024-07-21T21:27:11.370+0800][6.088s][gc,reloc    ] GC(58) Large Pages: 0 / 0M, Empty: 0M, Relocated: 0M, In-Place: 0
[2024-07-21T21:27:11.370+0800][6.088s][gc,reloc    ] GC(58) Forwarding Usage: 0M
[2024-07-21T21:27:11.370+0800][6.088s][gc,heap     ] GC(58) Min Capacity: 8M(0%)
[2024-07-21T21:27:11.370+0800][6.088s][gc,heap     ] GC(58) Max Capacity: 2048M(100%)
[2024-07-21T21:27:11.370+0800][6.088s][gc,heap     ] GC(58) Soft Max Capacity: 128M(6%)
[2024-07-21T21:27:11.370+0800][6.088s][gc,heap     ] GC(58)                Mark Start          Mark End        Relocate Start      Relocate End           High               Low         
[2024-07-21T21:27:11.370+0800][6.088s][gc,heap     ] GC(58)  Capacity:      256M (12%)         256M (12%)         256M (12%)         256M (12%)         256M (12%)         256M (12%)    
[2024-07-21T21:27:11.370+0800][6.088s][gc,heap     ] GC(58)      Free:     1944M (95%)        1910M (93%)        1944M (95%)        1976M (96%)        1976M (96%)        1910M (93%)    
[2024-07-21T21:27:11.370+0800][6.088s][gc,heap     ] GC(58)      Used:      104M (5%)          138M (7%)          104M (5%)           72M (4%)          138M (7%)           72M (4%)     
[2024-07-21T21:27:11.370+0800][6.088s][gc,heap     ] GC(58)      Live:         -                 5M (0%)            5M (0%)            5M (0%)             -                  -          
[2024-07-21T21:27:11.371+0800][6.088s][gc,heap     ] GC(58) Allocated:         -                34M (2%)           34M (2%)           34M (2%)             -                  -          
[2024-07-21T21:27:11.371+0800][6.088s][gc,heap     ] GC(58)   Garbage:         -                98M (5%)           64M (3%)           32M (2%)             -                  -          
[2024-07-21T21:27:11.371+0800][6.088s][gc,heap     ] GC(58) Reclaimed:         -                  -                34M (2%)           66M (3%)             -                  -          
[2024-07-21T21:27:11.371+0800][6.088s][gc          ] GC(58) Garbage Collection (Allocation Rate) 104M(5%)->72M(4%)
[2024-07-21T21:27:11.461+0800][6.179s][gc,start    ] GC(59) Garbage Collection (Allocation Rate)
[2024-07-21T21:27:11.463+0800][6.181s][gc,task     ] GC(59) Using 2 workers
[2024-07-21T21:27:11.463+0800][6.181s][gc,phases   ] GC(59) Pause Mark Start 0.007ms
[2024-07-21T21:27:11.477+0800][6.195s][gc,phases   ] GC(59) Concurrent Mark 13.794ms
[2024-07-21T21:27:11.477+0800][6.195s][gc,phases   ] GC(59) Pause Mark End 0.016ms
[2024-07-21T21:27:11.477+0800][6.195s][gc,phases   ] GC(59) Concurrent Mark Free 0.001ms
[2024-07-21T21:27:11.478+0800][6.196s][gc,phases   ] GC(59) Concurrent Process Non-Strong References 0.934ms
[2024-07-21T21:27:11.478+0800][6.196s][gc,phases   ] GC(59) Concurrent Reset Relocation Set 0.001ms
[2024-07-21T21:27:11.480+0800][6.198s][gc,phases   ] GC(59) Concurrent Select Relocation Set 1.711ms
[2024-07-21T21:27:11.480+0800][6.198s][gc,phases   ] GC(59) Pause Relocate Start 0.006ms
[2024-07-21T21:27:11.482+0800][6.200s][gc,phases   ] GC(59) Concurrent Relocate 1.865ms
[2024-07-21T21:27:11.482+0800][6.200s][gc,load     ] GC(59) Load: 0.00/0.00/0.00
[2024-07-21T21:27:11.482+0800][6.200s][gc,mmu      ] GC(59) MMU: 2ms/96.9%, 5ms/98.3%, 10ms/99.2%, 20ms/99.6%, 50ms/99.8%, 100ms/99.9%
[2024-07-21T21:27:11.482+0800][6.200s][gc,marking  ] GC(59) Mark: 2 stripe(s), 1 proactive flush(es), 1 terminate flush(es), 0 completion(s), 0 continuation(s) 
[2024-07-21T21:27:11.482+0800][6.200s][gc,marking  ] GC(59) Mark Stack Usage: 32M
[2024-07-21T21:27:11.482+0800][6.200s][gc,nmethod  ] GC(59) NMethods: 440 registered, 0 unregistered
[2024-07-21T21:27:11.482+0800][6.200s][gc,metaspace] GC(59) Metaspace: 1M used, 1M committed, 1032M reserved
[2024-07-21T21:27:11.482+0800][6.200s][gc,ref      ] GC(59) Soft: 93 encountered, 0 discovered, 0 enqueued
[2024-07-21T21:27:11.482+0800][6.200s][gc,ref      ] GC(59) Weak: 131 encountered, 0 discovered, 0 enqueued
[2024-07-21T21:27:11.482+0800][6.200s][gc,ref      ] GC(59) Final: 0 encountered, 0 discovered, 0 enqueued
[2024-07-21T21:27:11.482+0800][6.200s][gc,ref      ] GC(59) Phantom: 184 encountered, 119 discovered, 0 enqueued
[2024-07-21T21:27:11.482+0800][6.200s][gc,reloc    ] GC(59) Small Pages: 4 / 8M, Empty: 0M, Relocated: 1M, In-Place: 0
[2024-07-21T21:27:11.482+0800][6.200s][gc,reloc    ] GC(59) Medium Pages: 4 / 128M, Empty: 64M, Relocated: 10M, In-Place: 0
[2024-07-21T21:27:11.482+0800][6.201s][gc,reloc    ] GC(59) Large Pages: 0 / 0M, Empty: 0M, Relocated: 0M, In-Place: 0
[2024-07-21T21:27:11.482+0800][6.201s][gc,reloc    ] GC(59) Forwarding Usage: 0M
[2024-07-21T21:27:11.482+0800][6.201s][gc,heap     ] GC(59) Min Capacity: 8M(0%)
[2024-07-21T21:27:11.482+0800][6.201s][gc,heap     ] GC(59) Max Capacity: 2048M(100%)
[2024-07-21T21:27:11.483+0800][6.201s][gc,heap     ] GC(59) Soft Max Capacity: 128M(6%)
[2024-07-21T21:27:11.483+0800][6.201s][gc,heap     ] GC(59)                Mark Start          Mark End        Relocate Start      Relocate End           High               Low         
[2024-07-21T21:27:11.483+0800][6.201s][gc,heap     ] GC(59)  Capacity:      256M (12%)         256M (12%)         256M (12%)         256M (12%)         256M (12%)         256M (12%)    
[2024-07-21T21:27:11.483+0800][6.201s][gc,heap     ] GC(59)      Free:     1912M (93%)        1880M (92%)        1942M (95%)        1976M (96%)        1976M (96%)        1878M (92%)    
[2024-07-21T21:27:11.483+0800][6.201s][gc,heap     ] GC(59)      Used:      136M (7%)          168M (8%)          106M (5%)           72M (4%)          170M (8%)           72M (4%)     
[2024-07-21T21:27:11.483+0800][6.201s][gc,heap     ] GC(59)      Live:         -                14M (1%)           14M (1%)           14M (1%)             -                  -          
[2024-07-21T21:27:11.483+0800][6.201s][gc,heap     ] GC(59) Allocated:         -                32M (2%)           34M (2%)           34M (2%)             -                  -          
[2024-07-21T21:27:11.483+0800][6.201s][gc,heap     ] GC(59)   Garbage:         -               121M (6%)           57M (3%)           23M (1%)             -                  -          
[2024-07-21T21:27:11.483+0800][6.201s][gc,heap     ] GC(59) Reclaimed:         -                  -                64M (3%)           98M (5%)             -                  -          
[2024-07-21T21:27:11.483+0800][6.201s][gc          ] GC(59) Garbage Collection (Allocation Rate) 136M(7%)->72M(4%)
[2024-07-21T21:27:11.556+0800][6.274s][gc,start    ] GC(60) Garbage Collection (Allocation Rate)
[2024-07-21T21:27:11.556+0800][6.274s][gc,task     ] GC(60) Using 2 workers
[2024-07-21T21:27:11.556+0800][6.274s][gc,phases   ] GC(60) Pause Mark Start 0.020ms
[2024-07-21T21:27:11.571+0800][6.289s][gc,phases   ] GC(60) Concurrent Mark 14.825ms
[2024-07-21T21:27:11.571+0800][6.290s][gc,phases   ] GC(60) Pause Mark End 0.010ms
[2024-07-21T21:27:11.571+0800][6.290s][gc,phases   ] GC(60) Concurrent Mark Free 0.001ms
[2024-07-21T21:27:11.572+0800][6.291s][gc,phases   ] GC(60) Concurrent Process Non-Strong References 1.229ms
[2024-07-21T21:27:11.572+0800][6.291s][gc,phases   ] GC(60) Concurrent Reset Relocation Set 0.002ms
[2024-07-21T21:27:11.576+0800][6.294s][gc,phases   ] GC(60) Concurrent Select Relocation Set 3.092ms
[2024-07-21T21:27:11.576+0800][6.295s][gc,phases   ] GC(60) Pause Relocate Start 0.007ms
[2024-07-21T21:27:11.577+0800][6.295s][gc,phases   ] GC(60) Concurrent Relocate 0.670ms
[2024-07-21T21:27:11.577+0800][6.295s][gc,load     ] GC(60) Load: 0.00/0.00/0.00
[2024-07-21T21:27:11.577+0800][6.295s][gc,mmu      ] GC(60) MMU: 2ms/96.9%, 5ms/98.3%, 10ms/99.2%, 20ms/99.6%, 50ms/99.8%, 100ms/99.9%
[2024-07-21T21:27:11.577+0800][6.295s][gc,marking  ] GC(60) Mark: 2 stripe(s), 2 proactive flush(es), 1 terminate flush(es), 0 completion(s), 0 continuation(s) 
[2024-07-21T21:27:11.577+0800][6.296s][gc,marking  ] GC(60) Mark Stack Usage: 32M
[2024-07-21T21:27:11.577+0800][6.296s][gc,nmethod  ] GC(60) NMethods: 440 registered, 0 unregistered
[2024-07-21T21:27:11.577+0800][6.296s][gc,metaspace] GC(60) Metaspace: 1M used, 1M committed, 1032M reserved
[2024-07-21T21:27:11.577+0800][6.296s][gc,ref      ] GC(60) Soft: 93 encountered, 0 discovered, 0 enqueued
[2024-07-21T21:27:11.577+0800][6.296s][gc,ref      ] GC(60) Weak: 131 encountered, 2 discovered, 0 enqueued
[2024-07-21T21:27:11.577+0800][6.296s][gc,ref      ] GC(60) Final: 0 encountered, 0 discovered, 0 enqueued
[2024-07-21T21:27:11.577+0800][6.296s][gc,ref      ] GC(60) Phantom: 184 encountered, 76 discovered, 0 enqueued
[2024-07-21T21:27:11.577+0800][6.296s][gc,reloc    ] GC(60) Small Pages: 4 / 8M, Empty: 2M, Relocated: 0M, In-Place: 0
[2024-07-21T21:27:11.577+0800][6.296s][gc,reloc    ] GC(60) Medium Pages: 3 / 96M, Empty: 32M, Relocated: 3M, In-Place: 0
[2024-07-21T21:27:11.577+0800][6.296s][gc,reloc    ] GC(60) Large Pages: 0 / 0M, Empty: 0M, Relocated: 0M, In-Place: 0
[2024-07-21T21:27:11.577+0800][6.296s][gc,reloc    ] GC(60) Forwarding Usage: 0M
[2024-07-21T21:27:11.577+0800][6.296s][gc,heap     ] GC(60) Min Capacity: 8M(0%)
[2024-07-21T21:27:11.577+0800][6.296s][gc,heap     ] GC(60) Max Capacity: 2048M(100%)
[2024-07-21T21:27:11.577+0800][6.296s][gc,heap     ] GC(60) Soft Max Capacity: 128M(6%)
[2024-07-21T21:27:11.577+0800][6.296s][gc,heap     ] GC(60)                Mark Start          Mark End        Relocate Start      Relocate End           High               Low         
[2024-07-21T21:27:11.577+0800][6.296s][gc,heap     ] GC(60)  Capacity:      256M (12%)         256M (12%)         256M (12%)         256M (12%)         256M (12%)         256M (12%)    
[2024-07-21T21:27:11.577+0800][6.296s][gc,heap     ] GC(60)      Free:     1944M (95%)        1910M (93%)        1944M (95%)        1976M (96%)        1976M (96%)        1910M (93%)    
[2024-07-21T21:27:11.577+0800][6.296s][gc,heap     ] GC(60)      Used:      104M (5%)          138M (7%)          104M (5%)           72M (4%)          138M (7%)           72M (4%)     
[2024-07-21T21:27:11.577+0800][6.296s][gc,heap     ] GC(60)      Live:         -                 7M (0%)            7M (0%)            7M (0%)             -                  -          
[2024-07-21T21:27:11.577+0800][6.296s][gc,heap     ] GC(60) Allocated:         -                34M (2%)           34M (2%)           34M (2%)             -                  -          
[2024-07-21T21:27:11.577+0800][6.296s][gc,heap     ] GC(60)   Garbage:         -                96M (5%)           62M (3%)           30M (1%)             -                  -          
[2024-07-21T21:27:11.577+0800][6.296s][gc,heap     ] GC(60) Reclaimed:         -                  -                34M (2%)           66M (3%)             -                  -          
[2024-07-21T21:27:11.577+0800][6.296s][gc          ] GC(60) Garbage Collection (Allocation Rate) 104M(5%)->72M(4%)
[2024-07-21T21:27:11.650+0800][6.368s][gc,start    ] GC(61) Garbage Collection (Allocation Rate)
[2024-07-21T21:27:11.650+0800][6.368s][gc,task     ] GC(61) Using 2 workers
[2024-07-21T21:27:11.650+0800][6.369s][gc,phases   ] GC(61) Pause Mark Start 0.009ms
[2024-07-21T21:27:11.666+0800][6.384s][gc,phases   ] GC(61) Concurrent Mark 14.733ms
[2024-07-21T21:27:11.666+0800][6.384s][gc,phases   ] GC(61) Pause Mark End 0.018ms
[2024-07-21T21:27:11.666+0800][6.384s][gc,phases   ] GC(61) Concurrent Mark Free 0.002ms
[2024-07-21T21:27:11.666+0800][6.385s][gc,phases   ] GC(61) Concurrent Process Non-Strong References 1.013ms
[2024-07-21T21:27:11.667+0800][6.385s][gc,phases   ] GC(61) Concurrent Reset Relocation Set 0.001ms
[2024-07-21T21:27:11.668+0800][6.387s][gc,phases   ] GC(61) Concurrent Select Relocation Set 1.824ms
[2024-07-21T21:27:11.669+0800][6.387s][gc,phases   ] GC(61) Pause Relocate Start 0.006ms
[2024-07-21T21:27:11.669+0800][6.388s][gc,phases   ] GC(61) Concurrent Relocate 0.494ms
[2024-07-21T21:27:11.669+0800][6.388s][gc,load     ] GC(61) Load: 0.00/0.00/0.00
[2024-07-21T21:27:11.669+0800][6.388s][gc,mmu      ] GC(61) MMU: 2ms/96.9%, 5ms/98.3%, 10ms/99.2%, 20ms/99.6%, 50ms/99.8%, 100ms/99.9%
[2024-07-21T21:27:11.669+0800][6.388s][gc,marking  ] GC(61) Mark: 2 stripe(s), 2 proactive flush(es), 1 terminate flush(es), 0 completion(s), 0 continuation(s) 
[2024-07-21T21:27:11.669+0800][6.388s][gc,marking  ] GC(61) Mark Stack Usage: 32M
[2024-07-21T21:27:11.669+0800][6.388s][gc,nmethod  ] GC(61) NMethods: 440 registered, 0 unregistered
[2024-07-21T21:27:11.669+0800][6.388s][gc,metaspace] GC(61) Metaspace: 1M used, 1M committed, 1032M reserved
[2024-07-21T21:27:11.669+0800][6.388s][gc,ref      ] GC(61) Soft: 93 encountered, 0 discovered, 0 enqueued
[2024-07-21T21:27:11.669+0800][6.388s][gc,ref      ] GC(61) Weak: 131 encountered, 2 discovered, 0 enqueued
[2024-07-21T21:27:11.669+0800][6.388s][gc,ref      ] GC(61) Final: 0 encountered, 0 discovered, 0 enqueued
[2024-07-21T21:27:11.669+0800][6.388s][gc,ref      ] GC(61) Phantom: 184 encountered, 134 discovered, 0 enqueued
[2024-07-21T21:27:11.669+0800][6.388s][gc,reloc    ] GC(61) Small Pages: 4 / 8M, Empty: 2M, Relocated: 0M, In-Place: 0
[2024-07-21T21:27:11.669+0800][6.388s][gc,reloc    ] GC(61) Medium Pages: 3 / 96M, Empty: 32M, Relocated: 3M, In-Place: 0
[2024-07-21T21:27:11.669+0800][6.388s][gc,reloc    ] GC(61) Large Pages: 0 / 0M, Empty: 0M, Relocated: 0M, In-Place: 0
[2024-07-21T21:27:11.669+0800][6.388s][gc,reloc    ] GC(61) Forwarding Usage: 0M
[2024-07-21T21:27:11.669+0800][6.388s][gc,heap     ] GC(61) Min Capacity: 8M(0%)
[2024-07-21T21:27:11.669+0800][6.388s][gc,heap     ] GC(61) Max Capacity: 2048M(100%)
[2024-07-21T21:27:11.669+0800][6.388s][gc,heap     ] GC(61) Soft Max Capacity: 128M(6%)
[2024-07-21T21:27:11.669+0800][6.388s][gc,heap     ] GC(61)                Mark Start          Mark End        Relocate Start      Relocate End           High               Low         
[2024-07-21T21:27:11.669+0800][6.388s][gc,heap     ] GC(61)  Capacity:      256M (12%)         256M (12%)         256M (12%)         256M (12%)         256M (12%)         256M (12%)    
[2024-07-21T21:27:11.669+0800][6.388s][gc,heap     ] GC(61)      Free:     1944M (95%)        1910M (93%)        1944M (95%)        1976M (96%)        1976M (96%)        1910M (93%)    
[2024-07-21T21:27:11.669+0800][6.388s][gc,heap     ] GC(61)      Used:      104M (5%)          138M (7%)          104M (5%)           72M (4%)          138M (7%)           72M (4%)     
[2024-07-21T21:27:11.669+0800][6.388s][gc,heap     ] GC(61)      Live:         -                 7M (0%)            7M (0%)            7M (0%)             -                  -          
[2024-07-21T21:27:11.670+0800][6.388s][gc,heap     ] GC(61) Allocated:         -                34M (2%)           34M (2%)           34M (2%)             -                  -          
[2024-07-21T21:27:11.670+0800][6.388s][gc,heap     ] GC(61)   Garbage:         -                96M (5%)           62M (3%)           30M (1%)             -                  -          
[2024-07-21T21:27:11.670+0800][6.388s][gc,heap     ] GC(61) Reclaimed:         -                  -                34M (2%)           66M (3%)             -                  -          
[2024-07-21T21:27:11.670+0800][6.388s][gc          ] GC(61) Garbage Collection (Allocation Rate) 104M(5%)->72M(4%)
[2024-07-21T21:27:11.760+0800][6.478s][gc,start    ] GC(62) Garbage Collection (Allocation Rate)
[2024-07-21T21:27:11.760+0800][6.478s][gc,task     ] GC(62) Using 2 workers
[2024-07-21T21:27:11.760+0800][6.478s][gc,phases   ] GC(62) Pause Mark Start 0.007ms
[2024-07-21T21:27:11.776+0800][6.494s][gc,phases   ] GC(62) Concurrent Mark 15.523ms
[2024-07-21T21:27:11.776+0800][6.494s][gc,phases   ] GC(62) Pause Mark End 0.013ms
[2024-07-21T21:27:11.776+0800][6.494s][gc,phases   ] GC(62) Concurrent Mark Free 0.001ms
[2024-07-21T21:27:11.777+0800][6.495s][gc,phases   ] GC(62) Concurrent Process Non-Strong References 0.879ms
[2024-07-21T21:27:11.777+0800][6.495s][gc,phases   ] GC(62) Concurrent Reset Relocation Set 0.001ms
[2024-07-21T21:27:11.779+0800][6.498s][gc,phases   ] GC(62) Concurrent Select Relocation Set 2.232ms
[2024-07-21T21:27:11.779+0800][6.498s][gc,phases   ] GC(62) Pause Relocate Start 0.012ms
[2024-07-21T21:27:11.780+0800][6.498s][gc,phases   ] GC(62) Concurrent Relocate 0.259ms
[2024-07-21T21:27:11.780+0800][6.498s][gc,load     ] GC(62) Load: 0.00/0.00/0.00
[2024-07-21T21:27:11.780+0800][6.498s][gc,mmu      ] GC(62) MMU: 2ms/96.9%, 5ms/98.3%, 10ms/99.2%, 20ms/99.6%, 50ms/99.8%, 100ms/99.9%
[2024-07-21T21:27:11.780+0800][6.498s][gc,marking  ] GC(62) Mark: 2 stripe(s), 2 proactive flush(es), 1 terminate flush(es), 0 completion(s), 0 continuation(s) 
[2024-07-21T21:27:11.780+0800][6.498s][gc,marking  ] GC(62) Mark Stack Usage: 32M
[2024-07-21T21:27:11.780+0800][6.498s][gc,nmethod  ] GC(62) NMethods: 441 registered, 0 unregistered
[2024-07-21T21:27:11.780+0800][6.498s][gc,metaspace] GC(62) Metaspace: 1M used, 1M committed, 1032M reserved
[2024-07-21T21:27:11.780+0800][6.498s][gc,ref      ] GC(62) Soft: 93 encountered, 0 discovered, 0 enqueued
[2024-07-21T21:27:11.780+0800][6.498s][gc,ref      ] GC(62) Weak: 131 encountered, 2 discovered, 0 enqueued
[2024-07-21T21:27:11.780+0800][6.498s][gc,ref      ] GC(62) Final: 0 encountered, 0 discovered, 0 enqueued
[2024-07-21T21:27:11.780+0800][6.498s][gc,ref      ] GC(62) Phantom: 184 encountered, 123 discovered, 0 enqueued
[2024-07-21T21:27:11.780+0800][6.498s][gc,reloc    ] GC(62) Small Pages: 4 / 8M, Empty: 2M, Relocated: 0M, In-Place: 0
[2024-07-21T21:27:11.780+0800][6.498s][gc,reloc    ] GC(62) Medium Pages: 4 / 128M, Empty: 64M, Relocated: 1M, In-Place: 0
[2024-07-21T21:27:11.780+0800][6.498s][gc,reloc    ] GC(62) Large Pages: 0 / 0M, Empty: 0M, Relocated: 0M, In-Place: 0
[2024-07-21T21:27:11.780+0800][6.498s][gc,reloc    ] GC(62) Forwarding Usage: 0M
[2024-07-21T21:27:11.780+0800][6.498s][gc,heap     ] GC(62) Min Capacity: 8M(0%)
[2024-07-21T21:27:11.780+0800][6.498s][gc,heap     ] GC(62) Max Capacity: 2048M(100%)
[2024-07-21T21:27:11.780+0800][6.498s][gc,heap     ] GC(62) Soft Max Capacity: 128M(6%)
[2024-07-21T21:27:11.780+0800][6.498s][gc,heap     ] GC(62)                Mark Start          Mark End        Relocate Start      Relocate End           High               Low         
[2024-07-21T21:27:11.780+0800][6.498s][gc,heap     ] GC(62)  Capacity:      256M (12%)         256M (12%)         256M (12%)         256M (12%)         256M (12%)         256M (12%)    
[2024-07-21T21:27:11.780+0800][6.499s][gc,heap     ] GC(62)      Free:     1912M (93%)        1878M (92%)        1944M (95%)        1976M (96%)        1976M (96%)        1878M (92%)    
[2024-07-21T21:27:11.780+0800][6.499s][gc,heap     ] GC(62)      Used:      136M (7%)          170M (8%)          104M (5%)           72M (4%)          170M (8%)           72M (4%)     
[2024-07-21T21:27:11.780+0800][6.499s][gc,heap     ] GC(62)      Live:         -                 5M (0%)            5M (0%)            5M (0%)             -                  -          
[2024-07-21T21:27:11.780+0800][6.499s][gc,heap     ] GC(62) Allocated:         -                34M (2%)           34M (2%)           34M (2%)             -                  -          
[2024-07-21T21:27:11.780+0800][6.499s][gc,heap     ] GC(62)   Garbage:         -               130M (6%)           64M (3%)           32M (2%)             -                  -          
[2024-07-21T21:27:11.780+0800][6.499s][gc,heap     ] GC(62) Reclaimed:         -                  -                66M (3%)           98M (5%)             -                  -          
[2024-07-21T21:27:11.780+0800][6.499s][gc          ] GC(62) Garbage Collection (Allocation Rate) 136M(7%)->72M(4%)
[2024-07-21T21:27:11.856+0800][6.573s][gc,start    ] GC(63) Garbage Collection (Allocation Rate)
[2024-07-21T21:27:11.856+0800][6.574s][gc,task     ] GC(63) Using 2 workers
[2024-07-21T21:27:11.856+0800][6.574s][gc,phases   ] GC(63) Pause Mark Start 0.016ms
[2024-07-21T21:27:11.871+0800][6.589s][gc,phases   ] GC(63) Concurrent Mark 15.420ms
[2024-07-21T21:27:11.871+0800][6.590s][gc,phases   ] GC(63) Pause Mark End 0.011ms
[2024-07-21T21:27:11.872+0800][6.590s][gc,phases   ] GC(63) Concurrent Mark Free 0.011ms
[2024-07-21T21:27:11.873+0800][6.591s][gc,phases   ] GC(63) Concurrent Process Non-Strong References 0.871ms
[2024-07-21T21:27:11.873+0800][6.591s][gc,phases   ] GC(63) Concurrent Reset Relocation Set 0.001ms
[2024-07-21T21:27:11.874+0800][6.593s][gc,phases   ] GC(63) Concurrent Select Relocation Set 1.799ms
[2024-07-21T21:27:11.875+0800][6.593s][gc,phases   ] GC(63) Pause Relocate Start 0.006ms
[2024-07-21T21:27:11.875+0800][6.593s][gc,phases   ] GC(63) Concurrent Relocate 0.256ms
[2024-07-21T21:27:11.875+0800][6.593s][gc,load     ] GC(63) Load: 0.00/0.00/0.00
[2024-07-21T21:27:11.875+0800][6.593s][gc,mmu      ] GC(63) MMU: 2ms/96.9%, 5ms/98.3%, 10ms/99.2%, 20ms/99.6%, 50ms/99.8%, 100ms/99.9%
[2024-07-21T21:27:11.875+0800][6.593s][gc,marking  ] GC(63) Mark: 2 stripe(s), 2 proactive flush(es), 1 terminate flush(es), 0 completion(s), 0 continuation(s) 
[2024-07-21T21:27:11.875+0800][6.593s][gc,marking  ] GC(63) Mark Stack Usage: 32M
[2024-07-21T21:27:11.875+0800][6.593s][gc,nmethod  ] GC(63) NMethods: 447 registered, 0 unregistered
[2024-07-21T21:27:11.875+0800][6.593s][gc,metaspace] GC(63) Metaspace: 1M used, 1M committed, 1032M reserved
[2024-07-21T21:27:11.875+0800][6.593s][gc,ref      ] GC(63) Soft: 93 encountered, 0 discovered, 0 enqueued
[2024-07-21T21:27:11.875+0800][6.593s][gc,ref      ] GC(63) Weak: 131 encountered, 2 discovered, 0 enqueued
[2024-07-21T21:27:11.875+0800][6.593s][gc,ref      ] GC(63) Final: 0 encountered, 0 discovered, 0 enqueued
[2024-07-21T21:27:11.875+0800][6.594s][gc,ref      ] GC(63) Phantom: 184 encountered, 79 discovered, 0 enqueued
[2024-07-21T21:27:11.875+0800][6.594s][gc,reloc    ] GC(63) Small Pages: 4 / 8M, Empty: 2M, Relocated: 0M, In-Place: 0
[2024-07-21T21:27:11.875+0800][6.594s][gc,reloc    ] GC(63) Medium Pages: 3 / 96M, Empty: 32M, Relocated: 1M, In-Place: 0
[2024-07-21T21:27:11.875+0800][6.594s][gc,reloc    ] GC(63) Large Pages: 0 / 0M, Empty: 0M, Relocated: 0M, In-Place: 0
[2024-07-21T21:27:11.875+0800][6.594s][gc,reloc    ] GC(63) Forwarding Usage: 0M
[2024-07-21T21:27:11.875+0800][6.594s][gc,heap     ] GC(63) Min Capacity: 8M(0%)
[2024-07-21T21:27:11.875+0800][6.594s][gc,heap     ] GC(63) Max Capacity: 2048M(100%)
[2024-07-21T21:27:11.875+0800][6.594s][gc,heap     ] GC(63) Soft Max Capacity: 128M(6%)
[2024-07-21T21:27:11.875+0800][6.594s][gc,heap     ] GC(63)                Mark Start          Mark End        Relocate Start      Relocate End           High               Low         
[2024-07-21T21:27:11.875+0800][6.594s][gc,heap     ] GC(63)  Capacity:      256M (12%)         256M (12%)         256M (12%)         256M (12%)         256M (12%)         256M (12%)    
[2024-07-21T21:27:11.875+0800][6.594s][gc,heap     ] GC(63)      Free:     1944M (95%)        1910M (93%)        1944M (95%)        1976M (96%)        1976M (96%)        1910M (93%)    
[2024-07-21T21:27:11.875+0800][6.594s][gc,heap     ] GC(63)      Used:      104M (5%)          138M (7%)          104M (5%)           72M (4%)          138M (7%)           72M (4%)     
[2024-07-21T21:27:11.875+0800][6.594s][gc,heap     ] GC(63)      Live:         -                 5M (0%)            5M (0%)            5M (0%)             -                  -          
[2024-07-21T21:27:11.875+0800][6.594s][gc,heap     ] GC(63) Allocated:         -                34M (2%)           34M (2%)           34M (2%)             -                  -          
[2024-07-21T21:27:11.875+0800][6.594s][gc,heap     ] GC(63)   Garbage:         -                98M (5%)           64M (3%)           32M (2%)             -                  -          
[2024-07-21T21:27:11.875+0800][6.594s][gc,heap     ] GC(63) Reclaimed:         -                  -                34M (2%)           66M (3%)             -                  -          
[2024-07-21T21:27:11.875+0800][6.594s][gc          ] GC(63) Garbage Collection (Allocation Rate) 104M(5%)->72M(4%)
[2024-07-21T21:27:11.950+0800][6.668s][gc,start    ] GC(64) Garbage Collection (Allocation Rate)
[2024-07-21T21:27:11.950+0800][6.668s][gc,task     ] GC(64) Using 2 workers
[2024-07-21T21:27:11.950+0800][6.668s][gc,phases   ] GC(64) Pause Mark Start 0.011ms
[2024-07-21T21:27:11.965+0800][6.683s][gc,phases   ] GC(64) Concurrent Mark 14.849ms
[2024-07-21T21:27:11.965+0800][6.683s][gc,phases   ] GC(64) Pause Mark End 0.021ms
[2024-07-21T21:27:11.965+0800][6.683s][gc,phases   ] GC(64) Concurrent Mark Free 0.001ms
[2024-07-21T21:27:11.966+0800][6.685s][gc,phases   ] GC(64) Concurrent Process Non-Strong References 1.225ms
[2024-07-21T21:27:11.966+0800][6.685s][gc,phases   ] GC(64) Concurrent Reset Relocation Set 0.001ms
[2024-07-21T21:27:11.969+0800][6.688s][gc,phases   ] GC(64) Concurrent Select Relocation Set 2.753ms
[2024-07-21T21:27:11.969+0800][6.688s][gc,phases   ] GC(64) Pause Relocate Start 0.007ms
[2024-07-21T21:27:11.970+0800][6.688s][gc,phases   ] GC(64) Concurrent Relocate 0.291ms
[2024-07-21T21:27:11.970+0800][6.688s][gc,load     ] GC(64) Load: 0.00/0.00/0.00
[2024-07-21T21:27:11.970+0800][6.688s][gc,mmu      ] GC(64) MMU: 2ms/96.9%, 5ms/98.3%, 10ms/99.2%, 20ms/99.6%, 50ms/99.8%, 100ms/99.9%
[2024-07-21T21:27:11.970+0800][6.688s][gc,marking  ] GC(64) Mark: 2 stripe(s), 2 proactive flush(es), 1 terminate flush(es), 0 completion(s), 0 continuation(s) 
[2024-07-21T21:27:11.970+0800][6.688s][gc,marking  ] GC(64) Mark Stack Usage: 32M
[2024-07-21T21:27:11.970+0800][6.688s][gc,nmethod  ] GC(64) NMethods: 447 registered, 0 unregistered
[2024-07-21T21:27:11.970+0800][6.688s][gc,metaspace] GC(64) Metaspace: 1M used, 1M committed, 1032M reserved
[2024-07-21T21:27:11.970+0800][6.688s][gc,ref      ] GC(64) Soft: 93 encountered, 0 discovered, 0 enqueued
[2024-07-21T21:27:11.970+0800][6.688s][gc,ref      ] GC(64) Weak: 131 encountered, 1 discovered, 0 enqueued
[2024-07-21T21:27:11.970+0800][6.688s][gc,ref      ] GC(64) Final: 0 encountered, 0 discovered, 0 enqueued
[2024-07-21T21:27:11.970+0800][6.688s][gc,ref      ] GC(64) Phantom: 184 encountered, 67 discovered, 0 enqueued
[2024-07-21T21:27:11.970+0800][6.688s][gc,reloc    ] GC(64) Small Pages: 4 / 8M, Empty: 2M, Relocated: 0M, In-Place: 0
[2024-07-21T21:27:11.970+0800][6.688s][gc,reloc    ] GC(64) Medium Pages: 3 / 96M, Empty: 32M, Relocated: 1M, In-Place: 0
[2024-07-21T21:27:11.970+0800][6.688s][gc,reloc    ] GC(64) Large Pages: 0 / 0M, Empty: 0M, Relocated: 0M, In-Place: 0
[2024-07-21T21:27:11.970+0800][6.688s][gc,reloc    ] GC(64) Forwarding Usage: 0M
[2024-07-21T21:27:11.970+0800][6.688s][gc,heap     ] GC(64) Min Capacity: 8M(0%)
[2024-07-21T21:27:11.970+0800][6.688s][gc,heap     ] GC(64) Max Capacity: 2048M(100%)
[2024-07-21T21:27:11.970+0800][6.688s][gc,heap     ] GC(64) Soft Max Capacity: 128M(6%)
[2024-07-21T21:27:11.970+0800][6.688s][gc,heap     ] GC(64)                Mark Start          Mark End        Relocate Start      Relocate End           High               Low         
[2024-07-21T21:27:11.970+0800][6.688s][gc,heap     ] GC(64)  Capacity:      256M (12%)         256M (12%)         256M (12%)         256M (12%)         256M (12%)         256M (12%)    
[2024-07-21T21:27:11.970+0800][6.688s][gc,heap     ] GC(64)      Free:     1944M (95%)        1910M (93%)        1944M (95%)        1976M (96%)        1976M (96%)        1910M (93%)    
[2024-07-21T21:27:11.970+0800][6.688s][gc,heap     ] GC(64)      Used:      104M (5%)          138M (7%)          104M (5%)           72M (4%)          138M (7%)           72M (4%)     
[2024-07-21T21:27:11.970+0800][6.689s][gc,heap     ] GC(64)      Live:         -                 5M (0%)            5M (0%)            5M (0%)             -                  -          
[2024-07-21T21:27:11.970+0800][6.689s][gc,heap     ] GC(64) Allocated:         -                34M (2%)           34M (2%)           34M (2%)             -                  -          
[2024-07-21T21:27:11.970+0800][6.689s][gc,heap     ] GC(64)   Garbage:         -                98M (5%)           64M (3%)           32M (2%)             -                  -          
[2024-07-21T21:27:11.970+0800][6.689s][gc,heap     ] GC(64) Reclaimed:         -                  -                34M (2%)           66M (3%)             -                  -          
[2024-07-21T21:27:11.970+0800][6.689s][gc          ] GC(64) Garbage Collection (Allocation Rate) 104M(5%)->72M(4%)
[2024-07-21T21:27:12.060+0800][6.778s][gc,start    ] GC(65) Garbage Collection (Allocation Rate)
[2024-07-21T21:27:12.060+0800][6.779s][gc,task     ] GC(65) Using 2 workers
[2024-07-21T21:27:12.060+0800][6.779s][gc,phases   ] GC(65) Pause Mark Start 0.009ms
[2024-07-21T21:27:12.076+0800][6.794s][gc,phases   ] GC(65) Concurrent Mark 15.225ms
[2024-07-21T21:27:12.076+0800][6.795s][gc,phases   ] GC(65) Pause Mark End 0.012ms
[2024-07-21T21:27:12.076+0800][6.795s][gc,phases   ] GC(65) Concurrent Mark Free 0.002ms
[2024-07-21T21:27:12.077+0800][6.796s][gc,phases   ] GC(65) Concurrent Process Non-Strong References 0.902ms
[2024-07-21T21:27:12.077+0800][6.796s][gc,phases   ] GC(65) Concurrent Reset Relocation Set 0.001ms
[2024-07-21T21:27:12.079+0800][6.797s][gc,phases   ] GC(65) Concurrent Select Relocation Set 1.654ms
[2024-07-21T21:27:12.079+0800][6.798s][gc,phases   ] GC(65) Pause Relocate Start 0.008ms
[2024-07-21T21:27:12.080+0800][6.798s][gc,phases   ] GC(65) Concurrent Relocate 0.649ms
[2024-07-21T21:27:12.080+0800][6.798s][gc,load     ] GC(65) Load: 0.00/0.00/0.00
[2024-07-21T21:27:12.080+0800][6.799s][gc,mmu      ] GC(65) MMU: 2ms/96.9%, 5ms/98.3%, 10ms/99.2%, 20ms/99.6%, 50ms/99.8%, 100ms/99.9%
[2024-07-21T21:27:12.080+0800][6.799s][gc,marking  ] GC(65) Mark: 2 stripe(s), 2 proactive flush(es), 1 terminate flush(es), 0 completion(s), 0 continuation(s) 
[2024-07-21T21:27:12.080+0800][6.799s][gc,marking  ] GC(65) Mark Stack Usage: 32M
[2024-07-21T21:27:12.080+0800][6.799s][gc,nmethod  ] GC(65) NMethods: 447 registered, 0 unregistered
[2024-07-21T21:27:12.080+0800][6.799s][gc,metaspace] GC(65) Metaspace: 1M used, 1M committed, 1032M reserved
[2024-07-21T21:27:12.080+0800][6.799s][gc,ref      ] GC(65) Soft: 93 encountered, 0 discovered, 0 enqueued
[2024-07-21T21:27:12.080+0800][6.799s][gc,ref      ] GC(65) Weak: 131 encountered, 3 discovered, 0 enqueued
[2024-07-21T21:27:12.080+0800][6.799s][gc,ref      ] GC(65) Final: 0 encountered, 0 discovered, 0 enqueued
[2024-07-21T21:27:12.080+0800][6.799s][gc,ref      ] GC(65) Phantom: 184 encountered, 98 discovered, 0 enqueued
[2024-07-21T21:27:12.080+0800][6.799s][gc,reloc    ] GC(65) Small Pages: 4 / 8M, Empty: 2M, Relocated: 0M, In-Place: 0
[2024-07-21T21:27:12.080+0800][6.799s][gc,reloc    ] GC(65) Medium Pages: 4 / 128M, Empty: 64M, Relocated: 4M, In-Place: 0
[2024-07-21T21:27:12.080+0800][6.799s][gc,reloc    ] GC(65) Large Pages: 0 / 0M, Empty: 0M, Relocated: 0M, In-Place: 0
[2024-07-21T21:27:12.080+0800][6.799s][gc,reloc    ] GC(65) Forwarding Usage: 0M
[2024-07-21T21:27:12.080+0800][6.799s][gc,heap     ] GC(65) Min Capacity: 8M(0%)
[2024-07-21T21:27:12.080+0800][6.799s][gc,heap     ] GC(65) Max Capacity: 2048M(100%)
[2024-07-21T21:27:12.080+0800][6.799s][gc,heap     ] GC(65) Soft Max Capacity: 128M(6%)
[2024-07-21T21:27:12.080+0800][6.799s][gc,heap     ] GC(65)                Mark Start          Mark End        Relocate Start      Relocate End           High               Low         
[2024-07-21T21:27:12.080+0800][6.799s][gc,heap     ] GC(65)  Capacity:      256M (12%)         256M (12%)         256M (12%)         256M (12%)         256M (12%)         256M (12%)    
[2024-07-21T21:27:12.080+0800][6.799s][gc,heap     ] GC(65)      Free:     1912M (93%)        1878M (92%)        1944M (95%)        1976M (96%)        1976M (96%)        1878M (92%)    
[2024-07-21T21:27:12.080+0800][6.799s][gc,heap     ] GC(65)      Used:      136M (7%)          170M (8%)          104M (5%)           72M (4%)          170M (8%)           72M (4%)     
[2024-07-21T21:27:12.080+0800][6.799s][gc,heap     ] GC(65)      Live:         -                 8M (0%)            8M (0%)            8M (0%)             -                  -          
[2024-07-21T21:27:12.080+0800][6.799s][gc,heap     ] GC(65) Allocated:         -                34M (2%)           34M (2%)           34M (2%)             -                  -          
[2024-07-21T21:27:12.080+0800][6.799s][gc,heap     ] GC(65)   Garbage:         -               127M (6%)           61M (3%)           29M (1%)             -                  -          
[2024-07-21T21:27:12.080+0800][6.799s][gc,heap     ] GC(65) Reclaimed:         -                  -                66M (3%)           98M (5%)             -                  -          
[2024-07-21T21:27:12.080+0800][6.799s][gc          ] GC(65) Garbage Collection (Allocation Rate) 136M(7%)->72M(4%)
[2024-07-21T21:27:12.156+0800][6.873s][gc,start    ] GC(66) Garbage Collection (Allocation Rate)
[2024-07-21T21:27:12.156+0800][6.874s][gc,task     ] GC(66) Using 2 workers
[2024-07-21T21:27:12.156+0800][6.874s][gc,phases   ] GC(66) Pause Mark Start 0.006ms
[2024-07-21T21:27:12.171+0800][6.889s][gc,phases   ] GC(66) Concurrent Mark 15.451ms
[2024-07-21T21:27:12.171+0800][6.890s][gc,phases   ] GC(66) Pause Mark End 0.041ms
[2024-07-21T21:27:12.171+0800][6.890s][gc,phases   ] GC(66) Concurrent Mark Free 0.001ms
[2024-07-21T21:27:12.172+0800][6.891s][gc,phases   ] GC(66) Concurrent Process Non-Strong References 1.250ms
[2024-07-21T21:27:12.172+0800][6.891s][gc,phases   ] GC(66) Concurrent Reset Relocation Set 0.001ms
[2024-07-21T21:27:12.175+0800][6.894s][gc,phases   ] GC(66) Concurrent Select Relocation Set 2.851ms
[2024-07-21T21:27:12.176+0800][6.894s][gc,phases   ] GC(66) Pause Relocate Start 0.007ms
[2024-07-21T21:27:12.176+0800][6.895s][gc,phases   ] GC(66) Concurrent Relocate 0.873ms
[2024-07-21T21:27:12.177+0800][6.895s][gc,load     ] GC(66) Load: 0.00/0.00/0.00
[2024-07-21T21:27:12.177+0800][6.895s][gc,mmu      ] GC(66) MMU: 2ms/96.9%, 5ms/98.3%, 10ms/99.2%, 20ms/99.6%, 50ms/99.8%, 100ms/99.9%
[2024-07-21T21:27:12.177+0800][6.895s][gc,marking  ] GC(66) Mark: 2 stripe(s), 2 proactive flush(es), 1 terminate flush(es), 0 completion(s), 0 continuation(s) 
[2024-07-21T21:27:12.177+0800][6.895s][gc,marking  ] GC(66) Mark Stack Usage: 32M
[2024-07-21T21:27:12.177+0800][6.895s][gc,nmethod  ] GC(66) NMethods: 447 registered, 0 unregistered
[2024-07-21T21:27:12.177+0800][6.896s][gc,metaspace] GC(66) Metaspace: 1M used, 1M committed, 1032M reserved
[2024-07-21T21:27:12.177+0800][6.896s][gc,ref      ] GC(66) Soft: 93 encountered, 0 discovered, 0 enqueued
[2024-07-21T21:27:12.177+0800][6.896s][gc,ref      ] GC(66) Weak: 131 encountered, 4 discovered, 0 enqueued
[2024-07-21T21:27:12.177+0800][6.896s][gc,ref      ] GC(66) Final: 0 encountered, 0 discovered, 0 enqueued
[2024-07-21T21:27:12.177+0800][6.896s][gc,ref      ] GC(66) Phantom: 184 encountered, 179 discovered, 0 enqueued
[2024-07-21T21:27:12.177+0800][6.896s][gc,reloc    ] GC(66) Small Pages: 4 / 8M, Empty: 2M, Relocated: 0M, In-Place: 0
[2024-07-21T21:27:12.177+0800][6.896s][gc,reloc    ] GC(66) Medium Pages: 3 / 96M, Empty: 32M, Relocated: 3M, In-Place: 0
[2024-07-21T21:27:12.177+0800][6.896s][gc,reloc    ] GC(66) Large Pages: 0 / 0M, Empty: 0M, Relocated: 0M, In-Place: 0
[2024-07-21T21:27:12.177+0800][6.896s][gc,reloc    ] GC(66) Forwarding Usage: 0M
[2024-07-21T21:27:12.177+0800][6.896s][gc,heap     ] GC(66) Min Capacity: 8M(0%)
[2024-07-21T21:27:12.177+0800][6.896s][gc,heap     ] GC(66) Max Capacity: 2048M(100%)
[2024-07-21T21:27:12.177+0800][6.896s][gc,heap     ] GC(66) Soft Max Capacity: 128M(6%)
[2024-07-21T21:27:12.177+0800][6.896s][gc,heap     ] GC(66)                Mark Start          Mark End        Relocate Start      Relocate End           High               Low         
[2024-07-21T21:27:12.177+0800][6.896s][gc,heap     ] GC(66)  Capacity:      256M (12%)         256M (12%)         256M (12%)         256M (12%)         256M (12%)         256M (12%)    
[2024-07-21T21:27:12.177+0800][6.896s][gc,heap     ] GC(66)      Free:     1944M (95%)        1910M (93%)        1944M (95%)        1976M (96%)        1976M (96%)        1910M (93%)    
[2024-07-21T21:27:12.177+0800][6.896s][gc,heap     ] GC(66)      Used:      104M (5%)          138M (7%)          104M (5%)           72M (4%)          138M (7%)           72M (4%)     
[2024-07-21T21:27:12.177+0800][6.896s][gc,heap     ] GC(66)      Live:         -                 7M (0%)            7M (0%)            7M (0%)             -                  -          
[2024-07-21T21:27:12.177+0800][6.896s][gc,heap     ] GC(66) Allocated:         -                34M (2%)           34M (2%)           34M (2%)             -                  -          
[2024-07-21T21:27:12.177+0800][6.896s][gc,heap     ] GC(66)   Garbage:         -                96M (5%)           62M (3%)           30M (1%)             -                  -          
[2024-07-21T21:27:12.177+0800][6.896s][gc,heap     ] GC(66) Reclaimed:         -                  -                34M (2%)           66M (3%)             -                  -          
[2024-07-21T21:27:12.177+0800][6.896s][gc          ] GC(66) Garbage Collection (Allocation Rate) 104M(5%)->72M(4%)
[2024-07-21T21:27:12.250+0800][6.968s][gc,start    ] GC(67) Garbage Collection (Allocation Rate)
[2024-07-21T21:27:12.250+0800][6.968s][gc,task     ] GC(67) Using 2 workers
[2024-07-21T21:27:12.250+0800][6.968s][gc,phases   ] GC(67) Pause Mark Start 0.009ms
[2024-07-21T21:27:12.266+0800][6.984s][gc,phases   ] GC(67) Concurrent Mark 15.161ms
[2024-07-21T21:27:12.266+0800][6.984s][gc,phases   ] GC(67) Pause Mark End 0.021ms
[2024-07-21T21:27:12.266+0800][6.984s][gc,phases   ] GC(67) Concurrent Mark Free 0.003ms
[2024-07-21T21:27:12.267+0800][6.985s][gc,phases   ] GC(67) Concurrent Process Non-Strong References 0.930ms
[2024-07-21T21:27:12.267+0800][6.985s][gc,phases   ] GC(67) Concurrent Reset Relocation Set 0.001ms
[2024-07-21T21:27:12.268+0800][6.987s][gc,phases   ] GC(67) Concurrent Select Relocation Set 1.699ms
[2024-07-21T21:27:12.269+0800][6.987s][gc,phases   ] GC(67) Pause Relocate Start 0.006ms
[2024-07-21T21:27:12.269+0800][6.988s][gc,phases   ] GC(67) Concurrent Relocate 0.789ms
[2024-07-21T21:27:12.269+0800][6.988s][gc,load     ] GC(67) Load: 0.00/0.00/0.00
[2024-07-21T21:27:12.269+0800][6.988s][gc,mmu      ] GC(67) MMU: 2ms/96.9%, 5ms/98.3%, 10ms/99.2%, 20ms/99.6%, 50ms/99.8%, 100ms/99.9%
[2024-07-21T21:27:12.269+0800][6.988s][gc,marking  ] GC(67) Mark: 2 stripe(s), 2 proactive flush(es), 1 terminate flush(es), 0 completion(s), 0 continuation(s) 
[2024-07-21T21:27:12.269+0800][6.988s][gc,marking  ] GC(67) Mark Stack Usage: 32M
[2024-07-21T21:27:12.269+0800][6.988s][gc,nmethod  ] GC(67) NMethods: 447 registered, 0 unregistered
[2024-07-21T21:27:12.270+0800][6.988s][gc,metaspace] GC(67) Metaspace: 1M used, 1M committed, 1032M reserved
[2024-07-21T21:27:12.270+0800][6.988s][gc,ref      ] GC(67) Soft: 93 encountered, 0 discovered, 0 enqueued
[2024-07-21T21:27:12.270+0800][6.988s][gc,ref      ] GC(67) Weak: 131 encountered, 2 discovered, 0 enqueued
[2024-07-21T21:27:12.270+0800][6.988s][gc,ref      ] GC(67) Final: 0 encountered, 0 discovered, 0 enqueued
[2024-07-21T21:27:12.270+0800][6.988s][gc,ref      ] GC(67) Phantom: 184 encountered, 76 discovered, 0 enqueued
[2024-07-21T21:27:12.270+0800][6.988s][gc,reloc    ] GC(67) Small Pages: 4 / 8M, Empty: 2M, Relocated: 0M, In-Place: 0
[2024-07-21T21:27:12.270+0800][6.988s][gc,reloc    ] GC(67) Medium Pages: 3 / 96M, Empty: 32M, Relocated: 5M, In-Place: 0
[2024-07-21T21:27:12.270+0800][6.988s][gc,reloc    ] GC(67) Large Pages: 0 / 0M, Empty: 0M, Relocated: 0M, In-Place: 0
[2024-07-21T21:27:12.270+0800][6.988s][gc,reloc    ] GC(67) Forwarding Usage: 0M
[2024-07-21T21:27:12.270+0800][6.988s][gc,heap     ] GC(67) Min Capacity: 8M(0%)
[2024-07-21T21:27:12.270+0800][6.988s][gc,heap     ] GC(67) Max Capacity: 2048M(100%)
[2024-07-21T21:27:12.270+0800][6.989s][gc,heap     ] GC(67) Soft Max Capacity: 128M(6%)
[2024-07-21T21:27:12.270+0800][6.989s][gc,heap     ] GC(67)                Mark Start          Mark End        Relocate Start      Relocate End           High               Low         
[2024-07-21T21:27:12.270+0800][6.989s][gc,heap     ] GC(67)  Capacity:      256M (12%)         256M (12%)         256M (12%)         256M (12%)         256M (12%)         256M (12%)    
[2024-07-21T21:27:12.270+0800][6.989s][gc,heap     ] GC(67)      Free:     1944M (95%)        1910M (93%)        1944M (95%)        1976M (96%)        1976M (96%)        1910M (93%)    
[2024-07-21T21:27:12.270+0800][6.989s][gc,heap     ] GC(67)      Used:      104M (5%)          138M (7%)          104M (5%)           72M (4%)          138M (7%)           72M (4%)     
[2024-07-21T21:27:12.270+0800][6.989s][gc,heap     ] GC(67)      Live:         -                 9M (0%)            9M (0%)            9M (0%)             -                  -          
[2024-07-21T21:27:12.270+0800][6.989s][gc,heap     ] GC(67) Allocated:         -                34M (2%)           34M (2%)           34M (2%)             -                  -          
[2024-07-21T21:27:12.270+0800][6.989s][gc,heap     ] GC(67)   Garbage:         -                94M (5%)           60M (3%)           28M (1%)             -                  -          
[2024-07-21T21:27:12.270+0800][6.989s][gc,heap     ] GC(67) Reclaimed:         -                  -                34M (2%)           66M (3%)             -                  -          
[2024-07-21T21:27:12.270+0800][6.989s][gc          ] GC(67) Garbage Collection (Allocation Rate) 104M(5%)->72M(4%)
[2024-07-21T21:27:12.361+0800][7.079s][gc,start    ] GC(68) Garbage Collection (Allocation Rate)
[2024-07-21T21:27:12.361+0800][7.079s][gc,task     ] GC(68) Using 2 workers
[2024-07-21T21:27:12.361+0800][7.079s][gc,phases   ] GC(68) Pause Mark Start 0.008ms
[2024-07-21T21:27:12.377+0800][7.095s][gc,phases   ] GC(68) Concurrent Mark 15.550ms
[2024-07-21T21:27:12.377+0800][7.095s][gc,phases   ] GC(68) Pause Mark End 0.015ms
[2024-07-21T21:27:12.377+0800][7.095s][gc,phases   ] GC(68) Concurrent Mark Free 0.002ms
[2024-07-21T21:27:12.378+0800][7.097s][gc,phases   ] GC(68) Concurrent Process Non-Strong References 1.425ms
[2024-07-21T21:27:12.379+0800][7.097s][gc,phases   ] GC(68) Concurrent Reset Relocation Set 0.001ms
[2024-07-21T21:27:12.381+0800][7.099s][gc,phases   ] GC(68) Concurrent Select Relocation Set 2.059ms
[2024-07-21T21:27:12.381+0800][7.099s][gc,phases   ] GC(68) Pause Relocate Start 0.014ms
[2024-07-21T21:27:12.381+0800][7.100s][gc,phases   ] GC(68) Concurrent Relocate 0.411ms
[2024-07-21T21:27:12.381+0800][7.100s][gc,load     ] GC(68) Load: 0.00/0.00/0.00
[2024-07-21T21:27:12.381+0800][7.100s][gc,mmu      ] GC(68) MMU: 2ms/96.9%, 5ms/98.3%, 10ms/99.2%, 20ms/99.6%, 50ms/99.8%, 100ms/99.9%
[2024-07-21T21:27:12.381+0800][7.100s][gc,marking  ] GC(68) Mark: 2 stripe(s), 2 proactive flush(es), 1 terminate flush(es), 0 completion(s), 0 continuation(s) 
[2024-07-21T21:27:12.381+0800][7.100s][gc,marking  ] GC(68) Mark Stack Usage: 32M
[2024-07-21T21:27:12.381+0800][7.100s][gc,nmethod  ] GC(68) NMethods: 447 registered, 0 unregistered
[2024-07-21T21:27:12.381+0800][7.100s][gc,metaspace] GC(68) Metaspace: 1M used, 1M committed, 1032M reserved
[2024-07-21T21:27:12.382+0800][7.100s][gc,ref      ] GC(68) Soft: 93 encountered, 0 discovered, 0 enqueued
[2024-07-21T21:27:12.382+0800][7.100s][gc,ref      ] GC(68) Weak: 131 encountered, 2 discovered, 0 enqueued
[2024-07-21T21:27:12.382+0800][7.100s][gc,ref      ] GC(68) Final: 0 encountered, 0 discovered, 0 enqueued
[2024-07-21T21:27:12.382+0800][7.100s][gc,ref      ] GC(68) Phantom: 184 encountered, 175 discovered, 0 enqueued
[2024-07-21T21:27:12.382+0800][7.100s][gc,reloc    ] GC(68) Small Pages: 4 / 8M, Empty: 2M, Relocated: 0M, In-Place: 0
[2024-07-21T21:27:12.382+0800][7.100s][gc,reloc    ] GC(68) Medium Pages: 4 / 128M, Empty: 64M, Relocated: 1M, In-Place: 0
[2024-07-21T21:27:12.382+0800][7.100s][gc,reloc    ] GC(68) Large Pages: 0 / 0M, Empty: 0M, Relocated: 0M, In-Place: 0
[2024-07-21T21:27:12.382+0800][7.100s][gc,reloc    ] GC(68) Forwarding Usage: 0M
[2024-07-21T21:27:12.382+0800][7.100s][gc,heap     ] GC(68) Min Capacity: 8M(0%)
[2024-07-21T21:27:12.382+0800][7.100s][gc,heap     ] GC(68) Max Capacity: 2048M(100%)
[2024-07-21T21:27:12.382+0800][7.100s][gc,heap     ] GC(68) Soft Max Capacity: 128M(6%)
[2024-07-21T21:27:12.382+0800][7.100s][gc,heap     ] GC(68)                Mark Start          Mark End        Relocate Start      Relocate End           High               Low         
[2024-07-21T21:27:12.382+0800][7.100s][gc,heap     ] GC(68)  Capacity:      256M (12%)         256M (12%)         256M (12%)         256M (12%)         256M (12%)         256M (12%)    
[2024-07-21T21:27:12.382+0800][7.100s][gc,heap     ] GC(68)      Free:     1912M (93%)        1878M (92%)        1944M (95%)        1976M (96%)        1976M (96%)        1878M (92%)    
[2024-07-21T21:27:12.382+0800][7.100s][gc,heap     ] GC(68)      Used:      136M (7%)          170M (8%)          104M (5%)           72M (4%)          170M (8%)           72M (4%)     
[2024-07-21T21:27:12.382+0800][7.100s][gc,heap     ] GC(68)      Live:         -                 5M (0%)            5M (0%)            5M (0%)             -                  -          
[2024-07-21T21:27:12.382+0800][7.100s][gc,heap     ] GC(68) Allocated:         -                34M (2%)           34M (2%)           34M (2%)             -                  -          
[2024-07-21T21:27:12.382+0800][7.100s][gc,heap     ] GC(68)   Garbage:         -               130M (6%)           64M (3%)           32M (2%)             -                  -          
[2024-07-21T21:27:12.382+0800][7.100s][gc,heap     ] GC(68) Reclaimed:         -                  -                66M (3%)           98M (5%)             -                  -          
[2024-07-21T21:27:12.382+0800][7.100s][gc          ] GC(68) Garbage Collection (Allocation Rate) 136M(7%)->72M(4%)
[2024-07-21T21:27:12.455+0800][7.173s][gc,start    ] GC(69) Garbage Collection (Allocation Rate)
[2024-07-21T21:27:12.455+0800][7.173s][gc,task     ] GC(69) Using 2 workers
[2024-07-21T21:27:12.455+0800][7.174s][gc,phases   ] GC(69) Pause Mark Start 0.009ms
[2024-07-21T21:27:12.471+0800][7.189s][gc,phases   ] GC(69) Concurrent Mark 15.382ms
[2024-07-21T21:27:12.471+0800][7.190s][gc,phases   ] GC(69) Pause Mark End 0.011ms
[2024-07-21T21:27:12.472+0800][7.190s][gc,phases   ] GC(69) Concurrent Mark Free 0.002ms
[2024-07-21T21:27:12.473+0800][7.191s][gc,phases   ] GC(69) Concurrent Process Non-Strong References 0.932ms
[2024-07-21T21:27:12.473+0800][7.191s][gc,phases   ] GC(69) Concurrent Reset Relocation Set 0.001ms
[2024-07-21T21:27:12.475+0800][7.193s][gc,phases   ] GC(69) Concurrent Select Relocation Set 1.970ms
[2024-07-21T21:27:12.475+0800][7.193s][gc,phases   ] GC(69) Pause Relocate Start 0.007ms
[2024-07-21T21:27:12.475+0800][7.193s][gc,phases   ] GC(69) Concurrent Relocate 0.255ms
[2024-07-21T21:27:12.475+0800][7.193s][gc,load     ] GC(69) Load: 0.00/0.00/0.00
[2024-07-21T21:27:12.475+0800][7.193s][gc,mmu      ] GC(69) MMU: 2ms/96.9%, 5ms/98.3%, 10ms/99.2%, 20ms/99.6%, 50ms/99.8%, 100ms/99.9%
[2024-07-21T21:27:12.475+0800][7.193s][gc,marking  ] GC(69) Mark: 2 stripe(s), 2 proactive flush(es), 1 terminate flush(es), 0 completion(s), 0 continuation(s) 
[2024-07-21T21:27:12.475+0800][7.193s][gc,marking  ] GC(69) Mark Stack Usage: 32M
[2024-07-21T21:27:12.475+0800][7.193s][gc,nmethod  ] GC(69) NMethods: 447 registered, 0 unregistered
[2024-07-21T21:27:12.475+0800][7.193s][gc,metaspace] GC(69) Metaspace: 1M used, 1M committed, 1032M reserved
[2024-07-21T21:27:12.475+0800][7.193s][gc,ref      ] GC(69) Soft: 93 encountered, 0 discovered, 0 enqueued
[2024-07-21T21:27:12.475+0800][7.193s][gc,ref      ] GC(69) Weak: 131 encountered, 3 discovered, 0 enqueued
[2024-07-21T21:27:12.475+0800][7.193s][gc,ref      ] GC(69) Final: 0 encountered, 0 discovered, 0 enqueued
[2024-07-21T21:27:12.475+0800][7.194s][gc,ref      ] GC(69) Phantom: 184 encountered, 117 discovered, 0 enqueued
[2024-07-21T21:27:12.475+0800][7.194s][gc,reloc    ] GC(69) Small Pages: 4 / 8M, Empty: 2M, Relocated: 0M, In-Place: 0
[2024-07-21T21:27:12.475+0800][7.194s][gc,reloc    ] GC(69) Medium Pages: 3 / 96M, Empty: 32M, Relocated: 1M, In-Place: 0
[2024-07-21T21:27:12.475+0800][7.194s][gc,reloc    ] GC(69) Large Pages: 0 / 0M, Empty: 0M, Relocated: 0M, In-Place: 0
[2024-07-21T21:27:12.475+0800][7.194s][gc,reloc    ] GC(69) Forwarding Usage: 0M
[2024-07-21T21:27:12.475+0800][7.194s][gc,heap     ] GC(69) Min Capacity: 8M(0%)
[2024-07-21T21:27:12.475+0800][7.194s][gc,heap     ] GC(69) Max Capacity: 2048M(100%)
[2024-07-21T21:27:12.475+0800][7.194s][gc,heap     ] GC(69) Soft Max Capacity: 128M(6%)
[2024-07-21T21:27:12.475+0800][7.194s][gc,heap     ] GC(69)                Mark Start          Mark End        Relocate Start      Relocate End           High               Low         
[2024-07-21T21:27:12.475+0800][7.194s][gc,heap     ] GC(69)  Capacity:      256M (12%)         256M (12%)         256M (12%)         256M (12%)         256M (12%)         256M (12%)    
[2024-07-21T21:27:12.475+0800][7.194s][gc,heap     ] GC(69)      Free:     1944M (95%)        1910M (93%)        1944M (95%)        1976M (96%)        1976M (96%)        1910M (93%)    
[2024-07-21T21:27:12.475+0800][7.194s][gc,heap     ] GC(69)      Used:      104M (5%)          138M (7%)          104M (5%)           72M (4%)          138M (7%)           72M (4%)     
[2024-07-21T21:27:12.475+0800][7.194s][gc,heap     ] GC(69)      Live:         -                 5M (0%)            5M (0%)            5M (0%)             -                  -          
[2024-07-21T21:27:12.475+0800][7.194s][gc,heap     ] GC(69) Allocated:         -                34M (2%)           34M (2%)           34M (2%)             -                  -          
[2024-07-21T21:27:12.476+0800][7.194s][gc,heap     ] GC(69)   Garbage:         -                98M (5%)           64M (3%)           32M (2%)             -                  -          
[2024-07-21T21:27:12.476+0800][7.194s][gc,heap     ] GC(69) Reclaimed:         -                  -                34M (2%)           66M (3%)             -                  -          
[2024-07-21T21:27:12.476+0800][7.194s][gc          ] GC(69) Garbage Collection (Allocation Rate) 104M(5%)->72M(4%)
[2024-07-21T21:27:12.551+0800][7.269s][gc,start    ] GC(70) Garbage Collection (Allocation Rate)
[2024-07-21T21:27:12.551+0800][7.269s][gc,task     ] GC(70) Using 2 workers
[2024-07-21T21:27:12.551+0800][7.269s][gc,phases   ] GC(70) Pause Mark Start 0.009ms
[2024-07-21T21:27:12.567+0800][7.285s][gc,phases   ] GC(70) Concurrent Mark 15.597ms
[2024-07-21T21:27:12.567+0800][7.285s][gc,phases   ] GC(70) Pause Mark End 0.018ms
[2024-07-21T21:27:12.567+0800][7.285s][gc,phases   ] GC(70) Concurrent Mark Free 0.002ms
[2024-07-21T21:27:12.568+0800][7.286s][gc,phases   ] GC(70) Concurrent Process Non-Strong References 1.095ms
[2024-07-21T21:27:12.568+0800][7.286s][gc,phases   ] GC(70) Concurrent Reset Relocation Set 0.001ms
[2024-07-21T21:27:12.570+0800][7.288s][gc,phases   ] GC(70) Concurrent Select Relocation Set 1.972ms
[2024-07-21T21:27:12.570+0800][7.289s][gc,phases   ] GC(70) Pause Relocate Start 0.006ms
[2024-07-21T21:27:12.571+0800][7.289s][gc,phases   ] GC(70) Concurrent Relocate 0.226ms
[2024-07-21T21:27:12.571+0800][7.289s][gc,load     ] GC(70) Load: 0.00/0.00/0.00
[2024-07-21T21:27:12.571+0800][7.289s][gc,mmu      ] GC(70) MMU: 2ms/96.9%, 5ms/98.3%, 10ms/99.2%, 20ms/99.6%, 50ms/99.8%, 100ms/99.9%
[2024-07-21T21:27:12.571+0800][7.289s][gc,marking  ] GC(70) Mark: 2 stripe(s), 2 proactive flush(es), 1 terminate flush(es), 0 completion(s), 0 continuation(s) 
[2024-07-21T21:27:12.571+0800][7.289s][gc,marking  ] GC(70) Mark Stack Usage: 32M
[2024-07-21T21:27:12.571+0800][7.289s][gc,nmethod  ] GC(70) NMethods: 447 registered, 0 unregistered
[2024-07-21T21:27:12.571+0800][7.289s][gc,metaspace] GC(70) Metaspace: 1M used, 1M committed, 1032M reserved
[2024-07-21T21:27:12.571+0800][7.289s][gc,ref      ] GC(70) Soft: 93 encountered, 0 discovered, 0 enqueued
[2024-07-21T21:27:12.571+0800][7.289s][gc,ref      ] GC(70) Weak: 131 encountered, 4 discovered, 0 enqueued
[2024-07-21T21:27:12.571+0800][7.289s][gc,ref      ] GC(70) Final: 0 encountered, 0 discovered, 0 enqueued
[2024-07-21T21:27:12.571+0800][7.289s][gc,ref      ] GC(70) Phantom: 184 encountered, 179 discovered, 0 enqueued
[2024-07-21T21:27:12.571+0800][7.289s][gc,reloc    ] GC(70) Small Pages: 4 / 8M, Empty: 2M, Relocated: 0M, In-Place: 0
[2024-07-21T21:27:12.571+0800][7.289s][gc,reloc    ] GC(70) Medium Pages: 3 / 96M, Empty: 32M, Relocated: 1M, In-Place: 0
[2024-07-21T21:27:12.571+0800][7.289s][gc,reloc    ] GC(70) Large Pages: 0 / 0M, Empty: 0M, Relocated: 0M, In-Place: 0
[2024-07-21T21:27:12.571+0800][7.289s][gc,reloc    ] GC(70) Forwarding Usage: 0M
[2024-07-21T21:27:12.571+0800][7.289s][gc,heap     ] GC(70) Min Capacity: 8M(0%)
[2024-07-21T21:27:12.571+0800][7.289s][gc,heap     ] GC(70) Max Capacity: 2048M(100%)
[2024-07-21T21:27:12.571+0800][7.289s][gc,heap     ] GC(70) Soft Max Capacity: 128M(6%)
[2024-07-21T21:27:12.571+0800][7.289s][gc,heap     ] GC(70)                Mark Start          Mark End        Relocate Start      Relocate End           High               Low         
[2024-07-21T21:27:12.571+0800][7.289s][gc,heap     ] GC(70)  Capacity:      256M (12%)         256M (12%)         256M (12%)         256M (12%)         256M (12%)         256M (12%)    
[2024-07-21T21:27:12.571+0800][7.289s][gc,heap     ] GC(70)      Free:     1944M (95%)        1910M (93%)        1944M (95%)        1976M (96%)        1976M (96%)        1910M (93%)    
[2024-07-21T21:27:12.571+0800][7.289s][gc,heap     ] GC(70)      Used:      104M (5%)          138M (7%)          104M (5%)           72M (4%)          138M (7%)           72M (4%)     
[2024-07-21T21:27:12.571+0800][7.289s][gc,heap     ] GC(70)      Live:         -                 5M (0%)            5M (0%)            5M (0%)             -                  -          
[2024-07-21T21:27:12.571+0800][7.289s][gc,heap     ] GC(70) Allocated:         -                34M (2%)           34M (2%)           34M (2%)             -                  -          
[2024-07-21T21:27:12.571+0800][7.289s][gc,heap     ] GC(70)   Garbage:         -                98M (5%)           64M (3%)           32M (2%)             -                  -          
[2024-07-21T21:27:12.571+0800][7.289s][gc,heap     ] GC(70) Reclaimed:         -                  -                34M (2%)           66M (3%)             -                  -          
[2024-07-21T21:27:12.571+0800][7.289s][gc          ] GC(70) Garbage Collection (Allocation Rate) 104M(5%)->72M(4%)
[2024-07-21T21:27:12.660+0800][7.378s][gc,start    ] GC(71) Garbage Collection (Allocation Rate)
[2024-07-21T21:27:12.660+0800][7.378s][gc,task     ] GC(71) Using 2 workers
[2024-07-21T21:27:12.660+0800][7.378s][gc,phases   ] GC(71) Pause Mark Start 0.011ms
[2024-07-21T21:27:12.675+0800][7.393s][gc,phases   ] GC(71) Concurrent Mark 14.404ms
[2024-07-21T21:27:12.675+0800][7.393s][gc,phases   ] GC(71) Pause Mark End 0.011ms
[2024-07-21T21:27:12.675+0800][7.393s][gc,phases   ] GC(71) Concurrent Mark Free 0.002ms
[2024-07-21T21:27:12.675+0800][7.394s][gc,phases   ] GC(71) Concurrent Process Non-Strong References 0.870ms
[2024-07-21T21:27:12.676+0800][7.394s][gc,phases   ] GC(71) Concurrent Reset Relocation Set 0.004ms
[2024-07-21T21:27:12.677+0800][7.396s][gc,phases   ] GC(71) Concurrent Select Relocation Set 1.934ms
[2024-07-21T21:27:12.678+0800][7.396s][gc,phases   ] GC(71) Pause Relocate Start 0.006ms
[2024-07-21T21:27:12.678+0800][7.397s][gc,phases   ] GC(71) Concurrent Relocate 0.662ms
[2024-07-21T21:27:12.679+0800][7.397s][gc,load     ] GC(71) Load: 0.00/0.00/0.00
[2024-07-21T21:27:12.679+0800][7.397s][gc,mmu      ] GC(71) MMU: 2ms/96.9%, 5ms/98.3%, 10ms/99.2%, 20ms/99.6%, 50ms/99.8%, 100ms/99.9%
[2024-07-21T21:27:12.679+0800][7.397s][gc,marking  ] GC(71) Mark: 2 stripe(s), 2 proactive flush(es), 1 terminate flush(es), 0 completion(s), 0 continuation(s) 
[2024-07-21T21:27:12.679+0800][7.397s][gc,marking  ] GC(71) Mark Stack Usage: 32M
[2024-07-21T21:27:12.679+0800][7.397s][gc,nmethod  ] GC(71) NMethods: 447 registered, 0 unregistered
[2024-07-21T21:27:12.679+0800][7.397s][gc,metaspace] GC(71) Metaspace: 1M used, 1M committed, 1032M reserved
[2024-07-21T21:27:12.679+0800][7.397s][gc,ref      ] GC(71) Soft: 93 encountered, 0 discovered, 0 enqueued
[2024-07-21T21:27:12.679+0800][7.397s][gc,ref      ] GC(71) Weak: 131 encountered, 3 discovered, 0 enqueued
[2024-07-21T21:27:12.679+0800][7.397s][gc,ref      ] GC(71) Final: 0 encountered, 0 discovered, 0 enqueued
[2024-07-21T21:27:12.679+0800][7.397s][gc,ref      ] GC(71) Phantom: 184 encountered, 100 discovered, 0 enqueued
[2024-07-21T21:27:12.679+0800][7.397s][gc,reloc    ] GC(71) Small Pages: 4 / 8M, Empty: 2M, Relocated: 0M, In-Place: 0
[2024-07-21T21:27:12.679+0800][7.397s][gc,reloc    ] GC(71) Medium Pages: 4 / 128M, Empty: 64M, Relocated: 4M, In-Place: 0
[2024-07-21T21:27:12.679+0800][7.397s][gc,reloc    ] GC(71) Large Pages: 0 / 0M, Empty: 0M, Relocated: 0M, In-Place: 0
[2024-07-21T21:27:12.679+0800][7.397s][gc,reloc    ] GC(71) Forwarding Usage: 0M
[2024-07-21T21:27:12.679+0800][7.398s][gc,heap     ] GC(71) Min Capacity: 8M(0%)
[2024-07-21T21:27:12.679+0800][7.398s][gc,heap     ] GC(71) Max Capacity: 2048M(100%)
[2024-07-21T21:27:12.679+0800][7.398s][gc,heap     ] GC(71) Soft Max Capacity: 128M(6%)
[2024-07-21T21:27:12.679+0800][7.398s][gc,heap     ] GC(71)                Mark Start          Mark End        Relocate Start      Relocate End           High               Low         
[2024-07-21T21:27:12.679+0800][7.398s][gc,heap     ] GC(71)  Capacity:      256M (12%)         256M (12%)         256M (12%)         256M (12%)         256M (12%)         256M (12%)    
[2024-07-21T21:27:12.679+0800][7.398s][gc,heap     ] GC(71)      Free:     1912M (93%)        1878M (92%)        1944M (95%)        1976M (96%)        1976M (96%)        1878M (92%)    
[2024-07-21T21:27:12.679+0800][7.398s][gc,heap     ] GC(71)      Used:      136M (7%)          170M (8%)          104M (5%)           72M (4%)          170M (8%)           72M (4%)     
[2024-07-21T21:27:12.679+0800][7.398s][gc,heap     ] GC(71)      Live:         -                 8M (0%)            8M (0%)            8M (0%)             -                  -          
[2024-07-21T21:27:12.679+0800][7.398s][gc,heap     ] GC(71) Allocated:         -                34M (2%)           34M (2%)           34M (2%)             -                  -          
[2024-07-21T21:27:12.679+0800][7.398s][gc,heap     ] GC(71)   Garbage:         -               127M (6%)           61M (3%)           29M (1%)             -                  -          
[2024-07-21T21:27:12.679+0800][7.398s][gc,heap     ] GC(71) Reclaimed:         -                  -                66M (3%)           98M (5%)             -                  -          
[2024-07-21T21:27:12.679+0800][7.398s][gc          ] GC(71) Garbage Collection (Allocation Rate) 136M(7%)->72M(4%)
[2024-07-21T21:27:12.753+0800][7.471s][gc,start    ] GC(72) Garbage Collection (Allocation Rate)
[2024-07-21T21:27:12.753+0800][7.471s][gc,task     ] GC(72) Using 2 workers
[2024-07-21T21:27:12.753+0800][7.471s][gc,phases   ] GC(72) Pause Mark Start 0.012ms
[2024-07-21T21:27:12.769+0800][7.487s][gc,phases   ] GC(72) Concurrent Mark 15.310ms
[2024-07-21T21:27:12.769+0800][7.487s][gc,phases   ] GC(72) Pause Mark End 0.021ms
[2024-07-21T21:27:12.769+0800][7.487s][gc,phases   ] GC(72) Concurrent Mark Free 0.001ms
[2024-07-21T21:27:12.770+0800][7.488s][gc,phases   ] GC(72) Concurrent Process Non-Strong References 1.165ms
[2024-07-21T21:27:12.770+0800][7.488s][gc,phases   ] GC(72) Concurrent Reset Relocation Set 0.001ms
[2024-07-21T21:27:12.772+0800][7.490s][gc,phases   ] GC(72) Concurrent Select Relocation Set 2.027ms
[2024-07-21T21:27:12.773+0800][7.491s][gc,phases   ] GC(72) Pause Relocate Start 0.010ms
[2024-07-21T21:27:12.774+0800][7.492s][gc,phases   ] GC(72) Concurrent Relocate 1.151ms
[2024-07-21T21:27:12.774+0800][7.492s][gc,load     ] GC(72) Load: 0.00/0.00/0.00
[2024-07-21T21:27:12.774+0800][7.492s][gc,mmu      ] GC(72) MMU: 2ms/96.9%, 5ms/98.3%, 10ms/99.2%, 20ms/99.6%, 50ms/99.8%, 100ms/99.9%
[2024-07-21T21:27:12.774+0800][7.492s][gc,marking  ] GC(72) Mark: 2 stripe(s), 2 proactive flush(es), 1 terminate flush(es), 0 completion(s), 0 continuation(s) 
[2024-07-21T21:27:12.774+0800][7.492s][gc,marking  ] GC(72) Mark Stack Usage: 32M
[2024-07-21T21:27:12.774+0800][7.492s][gc,nmethod  ] GC(72) NMethods: 447 registered, 0 unregistered
[2024-07-21T21:27:12.774+0800][7.492s][gc,metaspace] GC(72) Metaspace: 1M used, 1M committed, 1032M reserved
[2024-07-21T21:27:12.774+0800][7.492s][gc,ref      ] GC(72) Soft: 93 encountered, 0 discovered, 0 enqueued
[2024-07-21T21:27:12.774+0800][7.492s][gc,ref      ] GC(72) Weak: 131 encountered, 2 discovered, 0 enqueued
[2024-07-21T21:27:12.774+0800][7.492s][gc,ref      ] GC(72) Final: 0 encountered, 0 discovered, 0 enqueued
[2024-07-21T21:27:12.774+0800][7.492s][gc,ref      ] GC(72) Phantom: 184 encountered, 87 discovered, 0 enqueued
[2024-07-21T21:27:12.774+0800][7.492s][gc,reloc    ] GC(72) Small Pages: 4 / 8M, Empty: 2M, Relocated: 0M, In-Place: 0
[2024-07-21T21:27:12.774+0800][7.492s][gc,reloc    ] GC(72) Medium Pages: 3 / 96M, Empty: 32M, Relocated: 3M, In-Place: 0
[2024-07-21T21:27:12.774+0800][7.492s][gc,reloc    ] GC(72) Large Pages: 0 / 0M, Empty: 0M, Relocated: 0M, In-Place: 0
[2024-07-21T21:27:12.774+0800][7.492s][gc,reloc    ] GC(72) Forwarding Usage: 0M
[2024-07-21T21:27:12.774+0800][7.492s][gc,heap     ] GC(72) Min Capacity: 8M(0%)
[2024-07-21T21:27:12.774+0800][7.492s][gc,heap     ] GC(72) Max Capacity: 2048M(100%)
[2024-07-21T21:27:12.774+0800][7.492s][gc,heap     ] GC(72) Soft Max Capacity: 128M(6%)
[2024-07-21T21:27:12.774+0800][7.492s][gc,heap     ] GC(72)                Mark Start          Mark End        Relocate Start      Relocate End           High               Low         
[2024-07-21T21:27:12.774+0800][7.492s][gc,heap     ] GC(72)  Capacity:      256M (12%)         256M (12%)         256M (12%)         256M (12%)         256M (12%)         256M (12%)    
[2024-07-21T21:27:12.774+0800][7.492s][gc,heap     ] GC(72)      Free:     1944M (95%)        1910M (93%)        1944M (95%)        1976M (96%)        1976M (96%)        1910M (93%)    
[2024-07-21T21:27:12.774+0800][7.492s][gc,heap     ] GC(72)      Used:      104M (5%)          138M (7%)          104M (5%)           72M (4%)          138M (7%)           72M (4%)     
[2024-07-21T21:27:12.774+0800][7.492s][gc,heap     ] GC(72)      Live:         -                 7M (0%)            7M (0%)            7M (0%)             -                  -          
[2024-07-21T21:27:12.774+0800][7.492s][gc,heap     ] GC(72) Allocated:         -                34M (2%)           34M (2%)           34M (2%)             -                  -          
[2024-07-21T21:27:12.774+0800][7.492s][gc,heap     ] GC(72)   Garbage:         -                96M (5%)           62M (3%)           30M (1%)             -                  -          
[2024-07-21T21:27:12.774+0800][7.493s][gc,heap     ] GC(72) Reclaimed:         -                  -                34M (2%)           66M (3%)             -                  -          
[2024-07-21T21:27:12.774+0800][7.493s][gc          ] GC(72) Garbage Collection (Allocation Rate) 104M(5%)->72M(4%)
[2024-07-21T21:27:12.862+0800][7.580s][gc,start    ] GC(73) Garbage Collection (Allocation Rate)
[2024-07-21T21:27:12.862+0800][7.580s][gc,task     ] GC(73) Using 2 workers
[2024-07-21T21:27:12.862+0800][7.581s][gc,phases   ] GC(73) Pause Mark Start 0.008ms
[2024-07-21T21:27:12.878+0800][7.596s][gc,phases   ] GC(73) Concurrent Mark 15.350ms
[2024-07-21T21:27:12.878+0800][7.597s][gc,phases   ] GC(73) Pause Mark End 0.011ms
[2024-07-21T21:27:12.878+0800][7.597s][gc,phases   ] GC(73) Concurrent Mark Free 0.002ms
[2024-07-21T21:27:12.879+0800][7.598s][gc,phases   ] GC(73) Concurrent Process Non-Strong References 0.978ms
[2024-07-21T21:27:12.880+0800][7.598s][gc,phases   ] GC(73) Concurrent Reset Relocation Set 0.001ms
[2024-07-21T21:27:12.881+0800][7.600s][gc,phases   ] GC(73) Concurrent Select Relocation Set 1.817ms
[2024-07-21T21:27:12.882+0800][7.600s][gc,phases   ] GC(73) Pause Relocate Start 0.006ms
[2024-07-21T21:27:12.882+0800][7.600s][gc,phases   ] GC(73) Concurrent Relocate 0.257ms
[2024-07-21T21:27:12.882+0800][7.600s][gc,load     ] GC(73) Load: 0.00/0.00/0.00
[2024-07-21T21:27:12.882+0800][7.600s][gc,mmu      ] GC(73) MMU: 2ms/96.9%, 5ms/98.3%, 10ms/99.2%, 20ms/99.6%, 50ms/99.8%, 100ms/99.9%
[2024-07-21T21:27:12.882+0800][7.600s][gc,marking  ] GC(73) Mark: 2 stripe(s), 2 proactive flush(es), 1 terminate flush(es), 0 completion(s), 0 continuation(s) 
[2024-07-21T21:27:12.882+0800][7.600s][gc,marking  ] GC(73) Mark Stack Usage: 32M
[2024-07-21T21:27:12.882+0800][7.600s][gc,nmethod  ] GC(73) NMethods: 447 registered, 0 unregistered
[2024-07-21T21:27:12.882+0800][7.600s][gc,metaspace] GC(73) Metaspace: 1M used, 1M committed, 1032M reserved
[2024-07-21T21:27:12.882+0800][7.600s][gc,ref      ] GC(73) Soft: 93 encountered, 0 discovered, 0 enqueued
[2024-07-21T21:27:12.882+0800][7.600s][gc,ref      ] GC(73) Weak: 131 encountered, 2 discovered, 0 enqueued
[2024-07-21T21:27:12.882+0800][7.600s][gc,ref      ] GC(73) Final: 0 encountered, 0 discovered, 0 enqueued
[2024-07-21T21:27:12.882+0800][7.600s][gc,ref      ] GC(73) Phantom: 184 encountered, 100 discovered, 0 enqueued
[2024-07-21T21:27:12.882+0800][7.600s][gc,reloc    ] GC(73) Small Pages: 4 / 8M, Empty: 2M, Relocated: 0M, In-Place: 0
[2024-07-21T21:27:12.882+0800][7.600s][gc,reloc    ] GC(73) Medium Pages: 4 / 128M, Empty: 64M, Relocated: 1M, In-Place: 0
[2024-07-21T21:27:12.882+0800][7.600s][gc,reloc    ] GC(73) Large Pages: 0 / 0M, Empty: 0M, Relocated: 0M, In-Place: 0
[2024-07-21T21:27:12.882+0800][7.600s][gc,reloc    ] GC(73) Forwarding Usage: 0M
[2024-07-21T21:27:12.882+0800][7.601s][gc,heap     ] GC(73) Min Capacity: 8M(0%)
[2024-07-21T21:27:12.882+0800][7.601s][gc,heap     ] GC(73) Max Capacity: 2048M(100%)
[2024-07-21T21:27:12.882+0800][7.601s][gc,heap     ] GC(73) Soft Max Capacity: 128M(6%)
[2024-07-21T21:27:12.882+0800][7.601s][gc,heap     ] GC(73)                Mark Start          Mark End        Relocate Start      Relocate End           High               Low         
[2024-07-21T21:27:12.882+0800][7.601s][gc,heap     ] GC(73)  Capacity:      256M (12%)         256M (12%)         256M (12%)         256M (12%)         256M (12%)         256M (12%)    
[2024-07-21T21:27:12.882+0800][7.601s][gc,heap     ] GC(73)      Free:     1912M (93%)        1878M (92%)        1944M (95%)        1976M (96%)        1976M (96%)        1878M (92%)    
[2024-07-21T21:27:12.882+0800][7.601s][gc,heap     ] GC(73)      Used:      136M (7%)          170M (8%)          104M (5%)           72M (4%)          170M (8%)           72M (4%)     
[2024-07-21T21:27:12.882+0800][7.601s][gc,heap     ] GC(73)      Live:         -                 5M (0%)            5M (0%)            5M (0%)             -                  -          
[2024-07-21T21:27:12.882+0800][7.601s][gc,heap     ] GC(73) Allocated:         -                34M (2%)           34M (2%)           34M (2%)             -                  -          
[2024-07-21T21:27:12.882+0800][7.601s][gc,heap     ] GC(73)   Garbage:         -               130M (6%)           64M (3%)           32M (2%)             -                  -          
[2024-07-21T21:27:12.882+0800][7.601s][gc,heap     ] GC(73) Reclaimed:         -                  -                66M (3%)           98M (5%)             -                  -          
[2024-07-21T21:27:12.882+0800][7.601s][gc          ] GC(73) Garbage Collection (Allocation Rate) 136M(7%)->72M(4%)
[2024-07-21T21:27:12.958+0800][7.676s][gc,start    ] GC(74) Garbage Collection (Allocation Rate)
[2024-07-21T21:27:12.958+0800][7.676s][gc,task     ] GC(74) Using 2 workers
[2024-07-21T21:27:12.958+0800][7.676s][gc,phases   ] GC(74) Pause Mark Start 0.009ms
[2024-07-21T21:27:12.974+0800][7.692s][gc,phases   ] GC(74) Concurrent Mark 15.305ms
[2024-07-21T21:27:12.974+0800][7.692s][gc,phases   ] GC(74) Pause Mark End 0.068ms
[2024-07-21T21:27:12.974+0800][7.692s][gc,phases   ] GC(74) Concurrent Mark Free 0.002ms
[2024-07-21T21:27:12.976+0800][7.694s][gc,phases   ] GC(74) Concurrent Process Non-Strong References 1.160ms
[2024-07-21T21:27:12.976+0800][7.694s][gc,phases   ] GC(74) Concurrent Reset Relocation Set 0.001ms
[2024-07-21T21:27:12.978+0800][7.696s][gc,phases   ] GC(74) Concurrent Select Relocation Set 2.209ms
[2024-07-21T21:27:12.978+0800][7.696s][gc,phases   ] GC(74) Pause Relocate Start 0.007ms
[2024-07-21T21:27:12.979+0800][7.697s][gc,phases   ] GC(74) Concurrent Relocate 0.432ms
[2024-07-21T21:27:12.979+0800][7.697s][gc,load     ] GC(74) Load: 0.00/0.00/0.00
[2024-07-21T21:27:12.979+0800][7.697s][gc,mmu      ] GC(74) MMU: 2ms/96.6%, 5ms/98.3%, 10ms/99.2%, 20ms/99.6%, 50ms/99.8%, 100ms/99.9%
[2024-07-21T21:27:12.979+0800][7.697s][gc,marking  ] GC(74) Mark: 2 stripe(s), 2 proactive flush(es), 1 terminate flush(es), 0 completion(s), 0 continuation(s) 
[2024-07-21T21:27:12.979+0800][7.697s][gc,marking  ] GC(74) Mark Stack Usage: 32M
[2024-07-21T21:27:12.979+0800][7.697s][gc,nmethod  ] GC(74) NMethods: 447 registered, 0 unregistered
[2024-07-21T21:27:12.979+0800][7.697s][gc,metaspace] GC(74) Metaspace: 1M used, 1M committed, 1032M reserved
[2024-07-21T21:27:12.979+0800][7.697s][gc,ref      ] GC(74) Soft: 93 encountered, 0 discovered, 0 enqueued
[2024-07-21T21:27:12.979+0800][7.697s][gc,ref      ] GC(74) Weak: 131 encountered, 3 discovered, 0 enqueued
[2024-07-21T21:27:12.979+0800][7.697s][gc,ref      ] GC(74) Final: 0 encountered, 0 discovered, 0 enqueued
[2024-07-21T21:27:12.979+0800][7.697s][gc,ref      ] GC(74) Phantom: 184 encountered, 116 discovered, 0 enqueued
[2024-07-21T21:27:12.979+0800][7.697s][gc,reloc    ] GC(74) Small Pages: 4 / 8M, Empty: 2M, Relocated: 0M, In-Place: 0
[2024-07-21T21:27:12.979+0800][7.697s][gc,reloc    ] GC(74) Medium Pages: 3 / 96M, Empty: 32M, Relocated: 1M, In-Place: 0
[2024-07-21T21:27:12.979+0800][7.697s][gc,reloc    ] GC(74) Large Pages: 0 / 0M, Empty: 0M, Relocated: 0M, In-Place: 0
[2024-07-21T21:27:12.979+0800][7.697s][gc,reloc    ] GC(74) Forwarding Usage: 0M
[2024-07-21T21:27:12.979+0800][7.697s][gc,heap     ] GC(74) Min Capacity: 8M(0%)
[2024-07-21T21:27:12.979+0800][7.697s][gc,heap     ] GC(74) Max Capacity: 2048M(100%)
[2024-07-21T21:27:12.979+0800][7.697s][gc,heap     ] GC(74) Soft Max Capacity: 128M(6%)
[2024-07-21T21:27:12.979+0800][7.697s][gc,heap     ] GC(74)                Mark Start          Mark End        Relocate Start      Relocate End           High               Low         
[2024-07-21T21:27:12.979+0800][7.697s][gc,heap     ] GC(74)  Capacity:      256M (12%)         256M (12%)         256M (12%)         256M (12%)         256M (12%)         256M (12%)    
[2024-07-21T21:27:12.979+0800][7.697s][gc,heap     ] GC(74)      Free:     1944M (95%)        1910M (93%)        1944M (95%)        1976M (96%)        1976M (96%)        1910M (93%)    
[2024-07-21T21:27:12.979+0800][7.697s][gc,heap     ] GC(74)      Used:      104M (5%)          138M (7%)          104M (5%)           72M (4%)          138M (7%)           72M (4%)     
[2024-07-21T21:27:12.979+0800][7.697s][gc,heap     ] GC(74)      Live:         -                 5M (0%)            5M (0%)            5M (0%)             -                  -          
[2024-07-21T21:27:12.979+0800][7.697s][gc,heap     ] GC(74) Allocated:         -                34M (2%)           34M (2%)           34M (2%)             -                  -          
[2024-07-21T21:27:12.979+0800][7.697s][gc,heap     ] GC(74)   Garbage:         -                98M (5%)           64M (3%)           32M (2%)             -                  -          
[2024-07-21T21:27:12.979+0800][7.697s][gc,heap     ] GC(74) Reclaimed:         -                  -                34M (2%)           66M (3%)             -                  -          
[2024-07-21T21:27:12.979+0800][7.697s][gc          ] GC(74) Garbage Collection (Allocation Rate) 104M(5%)->72M(4%)
[2024-07-21T21:27:13.052+0800][7.770s][gc,start    ] GC(75) Garbage Collection (Allocation Rate)
[2024-07-21T21:27:13.052+0800][7.770s][gc,task     ] GC(75) Using 2 workers
[2024-07-21T21:27:13.052+0800][7.770s][gc,phases   ] GC(75) Pause Mark Start 0.022ms
[2024-07-21T21:27:13.068+0800][7.786s][gc,phases   ] GC(75) Concurrent Mark 15.440ms
[2024-07-21T21:27:13.068+0800][7.786s][gc,phases   ] GC(75) Pause Mark End 0.028ms
[2024-07-21T21:27:13.069+0800][7.787s][gc,phases   ] GC(75) Concurrent Mark Free 0.004ms
[2024-07-21T21:27:13.070+0800][7.788s][gc,phases   ] GC(75) Concurrent Process Non-Strong References 0.972ms
[2024-07-21T21:27:13.070+0800][7.788s][gc,phases   ] GC(75) Concurrent Reset Relocation Set 0.001ms
[2024-07-21T21:27:13.072+0800][7.790s][gc,phases   ] GC(75) Concurrent Select Relocation Set 1.859ms
[2024-07-21T21:27:13.072+0800][7.790s][gc,phases   ] GC(75) Pause Relocate Start 0.006ms
[2024-07-21T21:27:13.072+0800][7.790s][gc,phases   ] GC(75) Concurrent Relocate 0.247ms
[2024-07-21T21:27:13.072+0800][7.790s][gc,load     ] GC(75) Load: 0.00/0.00/0.00
[2024-07-21T21:27:13.072+0800][7.790s][gc,mmu      ] GC(75) MMU: 2ms/96.6%, 5ms/98.3%, 10ms/99.2%, 20ms/99.6%, 50ms/99.8%, 100ms/99.9%
[2024-07-21T21:27:13.072+0800][7.790s][gc,marking  ] GC(75) Mark: 2 stripe(s), 2 proactive flush(es), 1 terminate flush(es), 0 completion(s), 0 continuation(s) 
[2024-07-21T21:27:13.072+0800][7.790s][gc,marking  ] GC(75) Mark Stack Usage: 32M
[2024-07-21T21:27:13.072+0800][7.790s][gc,nmethod  ] GC(75) NMethods: 447 registered, 0 unregistered
[2024-07-21T21:27:13.072+0800][7.790s][gc,metaspace] GC(75) Metaspace: 1M used, 1M committed, 1032M reserved
[2024-07-21T21:27:13.072+0800][7.790s][gc,ref      ] GC(75) Soft: 93 encountered, 0 discovered, 0 enqueued
[2024-07-21T21:27:13.072+0800][7.790s][gc,ref      ] GC(75) Weak: 131 encountered, 2 discovered, 0 enqueued
[2024-07-21T21:27:13.072+0800][7.790s][gc,ref      ] GC(75) Final: 0 encountered, 0 discovered, 0 enqueued
[2024-07-21T21:27:13.072+0800][7.790s][gc,ref      ] GC(75) Phantom: 184 encountered, 93 discovered, 0 enqueued
[2024-07-21T21:27:13.072+0800][7.790s][gc,reloc    ] GC(75) Small Pages: 4 / 8M, Empty: 2M, Relocated: 0M, In-Place: 0
[2024-07-21T21:27:13.073+0800][7.790s][gc,reloc    ] GC(75) Medium Pages: 3 / 96M, Empty: 32M, Relocated: 1M, In-Place: 0
[2024-07-21T21:27:13.073+0800][7.791s][gc,reloc    ] GC(75) Large Pages: 0 / 0M, Empty: 0M, Relocated: 0M, In-Place: 0
[2024-07-21T21:27:13.073+0800][7.791s][gc,reloc    ] GC(75) Forwarding Usage: 0M
[2024-07-21T21:27:13.073+0800][7.791s][gc,heap     ] GC(75) Min Capacity: 8M(0%)
[2024-07-21T21:27:13.073+0800][7.791s][gc,heap     ] GC(75) Max Capacity: 2048M(100%)
[2024-07-21T21:27:13.073+0800][7.791s][gc,heap     ] GC(75) Soft Max Capacity: 128M(6%)
[2024-07-21T21:27:13.073+0800][7.791s][gc,heap     ] GC(75)                Mark Start          Mark End        Relocate Start      Relocate End           High               Low         
[2024-07-21T21:27:13.073+0800][7.791s][gc,heap     ] GC(75)  Capacity:      256M (12%)         256M (12%)         256M (12%)         256M (12%)         256M (12%)         256M (12%)    
[2024-07-21T21:27:13.073+0800][7.791s][gc,heap     ] GC(75)      Free:     1944M (95%)        1910M (93%)        1944M (95%)        1976M (96%)        1976M (96%)        1910M (93%)    
[2024-07-21T21:27:13.073+0800][7.791s][gc,heap     ] GC(75)      Used:      104M (5%)          138M (7%)          104M (5%)           72M (4%)          138M (7%)           72M (4%)     
[2024-07-21T21:27:13.073+0800][7.791s][gc,heap     ] GC(75)      Live:         -                 5M (0%)            5M (0%)            5M (0%)             -                  -          
[2024-07-21T21:27:13.073+0800][7.791s][gc,heap     ] GC(75) Allocated:         -                34M (2%)           34M (2%)           34M (2%)             -                  -          
[2024-07-21T21:27:13.073+0800][7.791s][gc,heap     ] GC(75)   Garbage:         -                98M (5%)           64M (3%)           32M (2%)             -                  -          
[2024-07-21T21:27:13.073+0800][7.791s][gc,heap     ] GC(75) Reclaimed:         -                  -                34M (2%)           66M (3%)             -                  -          
[2024-07-21T21:27:13.073+0800][7.791s][gc          ] GC(75) Garbage Collection (Allocation Rate) 104M(5%)->72M(4%)
[2024-07-21T21:27:13.163+0800][7.881s][gc,start    ] GC(76) Garbage Collection (Allocation Rate)
[2024-07-21T21:27:13.163+0800][7.881s][gc,task     ] GC(76) Using 2 workers
[2024-07-21T21:27:13.163+0800][7.881s][gc,phases   ] GC(76) Pause Mark Start 0.007ms
[2024-07-21T21:27:13.178+0800][7.896s][gc,phases   ] GC(76) Concurrent Mark 14.865ms
[2024-07-21T21:27:13.178+0800][7.896s][gc,phases   ] GC(76) Pause Mark End 0.013ms
[2024-07-21T21:27:13.178+0800][7.896s][gc,phases   ] GC(76) Concurrent Mark Free 0.003ms
[2024-07-21T21:27:13.179+0800][7.897s][gc,phases   ] GC(76) Concurrent Process Non-Strong References 0.931ms
[2024-07-21T21:27:13.179+0800][7.897s][gc,phases   ] GC(76) Concurrent Reset Relocation Set 0.001ms
[2024-07-21T21:27:13.181+0800][7.900s][gc,phases   ] GC(76) Concurrent Select Relocation Set 2.109ms
[2024-07-21T21:27:13.181+0800][7.900s][gc,phases   ] GC(76) Pause Relocate Start 0.008ms
[2024-07-21T21:27:13.183+0800][7.901s][gc,phases   ] GC(76) Concurrent Relocate 0.929ms
[2024-07-21T21:27:13.183+0800][7.901s][gc,load     ] GC(76) Load: 0.00/0.00/0.00
[2024-07-21T21:27:13.183+0800][7.901s][gc,mmu      ] GC(76) MMU: 2ms/96.6%, 5ms/98.3%, 10ms/99.2%, 20ms/99.6%, 50ms/99.8%, 100ms/99.9%
[2024-07-21T21:27:13.183+0800][7.901s][gc,marking  ] GC(76) Mark: 2 stripe(s), 2 proactive flush(es), 1 terminate flush(es), 0 completion(s), 0 continuation(s) 
[2024-07-21T21:27:13.183+0800][7.901s][gc,marking  ] GC(76) Mark Stack Usage: 32M
[2024-07-21T21:27:13.183+0800][7.901s][gc,nmethod  ] GC(76) NMethods: 448 registered, 0 unregistered
[2024-07-21T21:27:13.183+0800][7.901s][gc,metaspace] GC(76) Metaspace: 1M used, 1M committed, 1032M reserved
[2024-07-21T21:27:13.183+0800][7.901s][gc,ref      ] GC(76) Soft: 93 encountered, 0 discovered, 0 enqueued
[2024-07-21T21:27:13.183+0800][7.901s][gc,ref      ] GC(76) Weak: 131 encountered, 2 discovered, 0 enqueued
[2024-07-21T21:27:13.183+0800][7.901s][gc,ref      ] GC(76) Final: 0 encountered, 0 discovered, 0 enqueued
[2024-07-21T21:27:13.183+0800][7.901s][gc,ref      ] GC(76) Phantom: 184 encountered, 125 discovered, 0 enqueued
[2024-07-21T21:27:13.183+0800][7.901s][gc,reloc    ] GC(76) Small Pages: 4 / 8M, Empty: 2M, Relocated: 0M, In-Place: 0
[2024-07-21T21:27:13.183+0800][7.901s][gc,reloc    ] GC(76) Medium Pages: 4 / 128M, Empty: 64M, Relocated: 4M, In-Place: 0
[2024-07-21T21:27:13.183+0800][7.901s][gc,reloc    ] GC(76) Large Pages: 0 / 0M, Empty: 0M, Relocated: 0M, In-Place: 0
[2024-07-21T21:27:13.183+0800][7.901s][gc,reloc    ] GC(76) Forwarding Usage: 0M
[2024-07-21T21:27:13.183+0800][7.901s][gc,heap     ] GC(76) Min Capacity: 8M(0%)
[2024-07-21T21:27:13.183+0800][7.901s][gc,heap     ] GC(76) Max Capacity: 2048M(100%)
[2024-07-21T21:27:13.183+0800][7.901s][gc,heap     ] GC(76) Soft Max Capacity: 128M(6%)
[2024-07-21T21:27:13.183+0800][7.901s][gc,heap     ] GC(76)                Mark Start          Mark End        Relocate Start      Relocate End           High               Low         
[2024-07-21T21:27:13.183+0800][7.901s][gc,heap     ] GC(76)  Capacity:      256M (12%)         256M (12%)         256M (12%)         256M (12%)         256M (12%)         256M (12%)    
[2024-07-21T21:27:13.183+0800][7.901s][gc,heap     ] GC(76)      Free:     1912M (93%)        1878M (92%)        1944M (95%)        1976M (96%)        1976M (96%)        1878M (92%)    
[2024-07-21T21:27:13.183+0800][7.901s][gc,heap     ] GC(76)      Used:      136M (7%)          170M (8%)          104M (5%)           72M (4%)          170M (8%)           72M (4%)     
[2024-07-21T21:27:13.183+0800][7.901s][gc,heap     ] GC(76)      Live:         -                 8M (0%)            8M (0%)            8M (0%)             -                  -          
[2024-07-21T21:27:13.183+0800][7.901s][gc,heap     ] GC(76) Allocated:         -                34M (2%)           34M (2%)           34M (2%)             -                  -          
[2024-07-21T21:27:13.183+0800][7.901s][gc,heap     ] GC(76)   Garbage:         -               127M (6%)           61M (3%)           29M (1%)             -                  -          
[2024-07-21T21:27:13.183+0800][7.901s][gc,heap     ] GC(76) Reclaimed:         -                  -                66M (3%)           98M (5%)             -                  -          
[2024-07-21T21:27:13.183+0800][7.901s][gc          ] GC(76) Garbage Collection (Allocation Rate) 136M(7%)->72M(4%)
[2024-07-21T21:27:13.256+0800][7.974s][gc,start    ] GC(77) Garbage Collection (Allocation Rate)
[2024-07-21T21:27:13.256+0800][7.974s][gc,task     ] GC(77) Using 2 workers
[2024-07-21T21:27:13.256+0800][7.974s][gc,phases   ] GC(77) Pause Mark Start 0.011ms
[2024-07-21T21:27:13.272+0800][7.990s][gc,phases   ] GC(77) Concurrent Mark 15.626ms
[2024-07-21T21:27:13.272+0800][7.990s][gc,phases   ] GC(77) Pause Mark End 0.017ms
[2024-07-21T21:27:13.272+0800][7.990s][gc,phases   ] GC(77) Concurrent Mark Free 0.003ms
[2024-07-21T21:27:13.273+0800][7.991s][gc,phases   ] GC(77) Concurrent Process Non-Strong References 0.900ms
[2024-07-21T21:27:13.273+0800][7.992s][gc,phases   ] GC(77) Concurrent Reset Relocation Set 0.001ms
[2024-07-21T21:27:13.276+0800][7.994s][gc,phases   ] GC(77) Concurrent Select Relocation Set 2.312ms
[2024-07-21T21:27:13.276+0800][7.994s][gc,phases   ] GC(77) Pause Relocate Start 0.007ms
[2024-07-21T21:27:13.276+0800][7.995s][gc,phases   ] GC(77) Concurrent Relocate 0.412ms
[2024-07-21T21:27:13.276+0800][7.995s][gc,load     ] GC(77) Load: 0.00/0.00/0.00
[2024-07-21T21:27:13.276+0800][7.995s][gc,mmu      ] GC(77) MMU: 2ms/96.6%, 5ms/98.3%, 10ms/99.2%, 20ms/99.6%, 50ms/99.8%, 100ms/99.9%
[2024-07-21T21:27:13.276+0800][7.995s][gc,marking  ] GC(77) Mark: 2 stripe(s), 2 proactive flush(es), 1 terminate flush(es), 0 completion(s), 0 continuation(s) 
[2024-07-21T21:27:13.276+0800][7.995s][gc,marking  ] GC(77) Mark Stack Usage: 32M
[2024-07-21T21:27:13.276+0800][7.995s][gc,nmethod  ] GC(77) NMethods: 448 registered, 0 unregistered
[2024-07-21T21:27:13.276+0800][7.995s][gc,metaspace] GC(77) Metaspace: 1M used, 1M committed, 1032M reserved
[2024-07-21T21:27:13.276+0800][7.995s][gc,ref      ] GC(77) Soft: 93 encountered, 0 discovered, 0 enqueued
[2024-07-21T21:27:13.276+0800][7.995s][gc,ref      ] GC(77) Weak: 131 encountered, 5 discovered, 0 enqueued
[2024-07-21T21:27:13.276+0800][7.995s][gc,ref      ] GC(77) Final: 0 encountered, 0 discovered, 0 enqueued
[2024-07-21T21:27:13.276+0800][7.995s][gc,ref      ] GC(77) Phantom: 184 encountered, 94 discovered, 0 enqueued
[2024-07-21T21:27:13.276+0800][7.995s][gc,reloc    ] GC(77) Small Pages: 4 / 8M, Empty: 2M, Relocated: 0M, In-Place: 0
[2024-07-21T21:27:13.276+0800][7.995s][gc,reloc    ] GC(77) Medium Pages: 3 / 96M, Empty: 32M, Relocated: 3M, In-Place: 0
[2024-07-21T21:27:13.276+0800][7.995s][gc,reloc    ] GC(77) Large Pages: 0 / 0M, Empty: 0M, Relocated: 0M, In-Place: 0
[2024-07-21T21:27:13.276+0800][7.995s][gc,reloc    ] GC(77) Forwarding Usage: 0M
[2024-07-21T21:27:13.276+0800][7.995s][gc,heap     ] GC(77) Min Capacity: 8M(0%)
[2024-07-21T21:27:13.276+0800][7.995s][gc,heap     ] GC(77) Max Capacity: 2048M(100%)
[2024-07-21T21:27:13.276+0800][7.995s][gc,heap     ] GC(77) Soft Max Capacity: 128M(6%)
[2024-07-21T21:27:13.276+0800][7.995s][gc,heap     ] GC(77)                Mark Start          Mark End        Relocate Start      Relocate End           High               Low         
[2024-07-21T21:27:13.276+0800][7.995s][gc,heap     ] GC(77)  Capacity:      256M (12%)         256M (12%)         256M (12%)         256M (12%)         256M (12%)         256M (12%)    
[2024-07-21T21:27:13.276+0800][7.995s][gc,heap     ] GC(77)      Free:     1944M (95%)        1910M (93%)        1944M (95%)        1976M (96%)        1976M (96%)        1910M (93%)    
[2024-07-21T21:27:13.276+0800][7.995s][gc,heap     ] GC(77)      Used:      104M (5%)          138M (7%)          104M (5%)           72M (4%)          138M (7%)           72M (4%)     
[2024-07-21T21:27:13.276+0800][7.995s][gc,heap     ] GC(77)      Live:         -                 7M (0%)            7M (0%)            7M (0%)             -                  -          
[2024-07-21T21:27:13.276+0800][7.995s][gc,heap     ] GC(77) Allocated:         -                34M (2%)           34M (2%)           34M (2%)             -                  -          
[2024-07-21T21:27:13.276+0800][7.995s][gc,heap     ] GC(77)   Garbage:         -                96M (5%)           62M (3%)           30M (1%)             -                  -          
[2024-07-21T21:27:13.276+0800][7.995s][gc,heap     ] GC(77) Reclaimed:         -                  -                34M (2%)           66M (3%)             -                  -          
[2024-07-21T21:27:13.276+0800][7.995s][gc          ] GC(77) Garbage Collection (Allocation Rate) 104M(5%)->72M(4%)
[2024-07-21T21:27:13.351+0800][8.069s][gc,start    ] GC(78) Garbage Collection (Allocation Rate)
[2024-07-21T21:27:13.351+0800][8.069s][gc,task     ] GC(78) Using 2 workers
[2024-07-21T21:27:13.351+0800][8.069s][gc,phases   ] GC(78) Pause Mark Start 0.007ms
[2024-07-21T21:27:13.366+0800][8.084s][gc,phases   ] GC(78) Concurrent Mark 14.589ms
[2024-07-21T21:27:13.366+0800][8.084s][gc,phases   ] GC(78) Pause Mark End 0.016ms
[2024-07-21T21:27:13.366+0800][8.084s][gc,phases   ] GC(78) Concurrent Mark Free 0.001ms
[2024-07-21T21:27:13.367+0800][8.085s][gc,phases   ] GC(78) Concurrent Process Non-Strong References 0.991ms
[2024-07-21T21:27:13.367+0800][8.085s][gc,phases   ] GC(78) Concurrent Reset Relocation Set 0.001ms
[2024-07-21T21:27:13.370+0800][8.088s][gc,phases   ] GC(78) Concurrent Select Relocation Set 2.474ms
[2024-07-21T21:27:13.370+0800][8.088s][gc,phases   ] GC(78) Pause Relocate Start 0.006ms
[2024-07-21T21:27:13.371+0800][8.089s][gc,phases   ] GC(78) Concurrent Relocate 0.456ms
[2024-07-21T21:27:13.371+0800][8.089s][gc,load     ] GC(78) Load: 0.00/0.00/0.00
[2024-07-21T21:27:13.371+0800][8.089s][gc,mmu      ] GC(78) MMU: 2ms/96.6%, 5ms/98.3%, 10ms/99.2%, 20ms/99.6%, 50ms/99.8%, 100ms/99.9%
[2024-07-21T21:27:13.371+0800][8.089s][gc,marking  ] GC(78) Mark: 2 stripe(s), 2 proactive flush(es), 1 terminate flush(es), 0 completion(s), 0 continuation(s) 
[2024-07-21T21:27:13.371+0800][8.089s][gc,marking  ] GC(78) Mark Stack Usage: 32M
[2024-07-21T21:27:13.371+0800][8.089s][gc,nmethod  ] GC(78) NMethods: 449 registered, 0 unregistered
[2024-07-21T21:27:13.371+0800][8.089s][gc,metaspace] GC(78) Metaspace: 1M used, 1M committed, 1032M reserved
[2024-07-21T21:27:13.371+0800][8.089s][gc,ref      ] GC(78) Soft: 93 encountered, 0 discovered, 0 enqueued
[2024-07-21T21:27:13.371+0800][8.089s][gc,ref      ] GC(78) Weak: 131 encountered, 3 discovered, 0 enqueued
[2024-07-21T21:27:13.371+0800][8.089s][gc,ref      ] GC(78) Final: 0 encountered, 0 discovered, 0 enqueued
[2024-07-21T21:27:13.371+0800][8.089s][gc,ref      ] GC(78) Phantom: 184 encountered, 116 discovered, 0 enqueued
[2024-07-21T21:27:13.371+0800][8.089s][gc,reloc    ] GC(78) Small Pages: 4 / 8M, Empty: 2M, Relocated: 0M, In-Place: 0
[2024-07-21T21:27:13.371+0800][8.089s][gc,reloc    ] GC(78) Medium Pages: 3 / 96M, Empty: 32M, Relocated: 3M, In-Place: 0
[2024-07-21T21:27:13.371+0800][8.089s][gc,reloc    ] GC(78) Large Pages: 0 / 0M, Empty: 0M, Relocated: 0M, In-Place: 0
[2024-07-21T21:27:13.371+0800][8.089s][gc,reloc    ] GC(78) Forwarding Usage: 0M
[2024-07-21T21:27:13.371+0800][8.089s][gc,heap     ] GC(78) Min Capacity: 8M(0%)
[2024-07-21T21:27:13.371+0800][8.089s][gc,heap     ] GC(78) Max Capacity: 2048M(100%)
[2024-07-21T21:27:13.371+0800][8.089s][gc,heap     ] GC(78) Soft Max Capacity: 128M(6%)
[2024-07-21T21:27:13.371+0800][8.089s][gc,heap     ] GC(78)                Mark Start          Mark End        Relocate Start      Relocate End           High               Low         
[2024-07-21T21:27:13.371+0800][8.089s][gc,heap     ] GC(78)  Capacity:      256M (12%)         256M (12%)         256M (12%)         256M (12%)         256M (12%)         256M (12%)    
[2024-07-21T21:27:13.371+0800][8.089s][gc,heap     ] GC(78)      Free:     1944M (95%)        1910M (93%)        1944M (95%)        1976M (96%)        1976M (96%)        1910M (93%)    
[2024-07-21T21:27:13.371+0800][8.089s][gc,heap     ] GC(78)      Used:      104M (5%)          138M (7%)          104M (5%)           72M (4%)          138M (7%)           72M (4%)     
[2024-07-21T21:27:13.371+0800][8.089s][gc,heap     ] GC(78)      Live:         -                 7M (0%)            7M (0%)            7M (0%)             -                  -          
[2024-07-21T21:27:13.371+0800][8.089s][gc,heap     ] GC(78) Allocated:         -                34M (2%)           34M (2%)           34M (2%)             -                  -          
[2024-07-21T21:27:13.371+0800][8.089s][gc,heap     ] GC(78)   Garbage:         -                96M (5%)           62M (3%)           30M (1%)             -                  -          
[2024-07-21T21:27:13.371+0800][8.089s][gc,heap     ] GC(78) Reclaimed:         -                  -                34M (2%)           66M (3%)             -                  -          
[2024-07-21T21:27:13.371+0800][8.089s][gc          ] GC(78) Garbage Collection (Allocation Rate) 104M(5%)->72M(4%)
[2024-07-21T21:27:13.460+0800][8.178s][gc,start    ] GC(79) Garbage Collection (Allocation Rate)
[2024-07-21T21:27:13.460+0800][8.178s][gc,task     ] GC(79) Using 2 workers
[2024-07-21T21:27:13.460+0800][8.178s][gc,phases   ] GC(79) Pause Mark Start 0.014ms
[2024-07-21T21:27:13.476+0800][8.194s][gc,phases   ] GC(79) Concurrent Mark 15.499ms
[2024-07-21T21:27:13.476+0800][8.194s][gc,phases   ] GC(79) Pause Mark End 0.012ms
[2024-07-21T21:27:13.477+0800][8.195s][gc,phases   ] GC(79) Concurrent Mark Free 0.003ms
[2024-07-21T21:27:13.478+0800][8.195s][gc,phases   ] GC(79) Concurrent Process Non-Strong References 0.811ms
[2024-07-21T21:27:13.478+0800][8.196s][gc,phases   ] GC(79) Concurrent Reset Relocation Set 0.002ms
[2024-07-21T21:27:13.479+0800][8.197s][gc,phases   ] GC(79) Concurrent Select Relocation Set 1.723ms
[2024-07-21T21:27:13.480+0800][8.197s][gc,phases   ] GC(79) Pause Relocate Start 0.006ms
[2024-07-21T21:27:13.480+0800][8.198s][gc,phases   ] GC(79) Concurrent Relocate 0.268ms
[2024-07-21T21:27:13.480+0800][8.198s][gc,load     ] GC(79) Load: 0.00/0.00/0.00
[2024-07-21T21:27:13.480+0800][8.198s][gc,mmu      ] GC(79) MMU: 2ms/96.6%, 5ms/98.3%, 10ms/99.2%, 20ms/99.6%, 50ms/99.8%, 100ms/99.9%
[2024-07-21T21:27:13.480+0800][8.198s][gc,marking  ] GC(79) Mark: 2 stripe(s), 2 proactive flush(es), 1 terminate flush(es), 0 completion(s), 0 continuation(s) 
[2024-07-21T21:27:13.480+0800][8.198s][gc,marking  ] GC(79) Mark Stack Usage: 32M
[2024-07-21T21:27:13.480+0800][8.198s][gc,nmethod  ] GC(79) NMethods: 449 registered, 0 unregistered
[2024-07-21T21:27:13.480+0800][8.198s][gc,metaspace] GC(79) Metaspace: 1M used, 1M committed, 1032M reserved
[2024-07-21T21:27:13.480+0800][8.198s][gc,ref      ] GC(79) Soft: 93 encountered, 0 discovered, 0 enqueued
[2024-07-21T21:27:13.480+0800][8.198s][gc,ref      ] GC(79) Weak: 131 encountered, 2 discovered, 0 enqueued
[2024-07-21T21:27:13.480+0800][8.198s][gc,ref      ] GC(79) Final: 0 encountered, 0 discovered, 0 enqueued
[2024-07-21T21:27:13.480+0800][8.198s][gc,ref      ] GC(79) Phantom: 184 encountered, 76 discovered, 0 enqueued
[2024-07-21T21:27:13.480+0800][8.198s][gc,reloc    ] GC(79) Small Pages: 4 / 8M, Empty: 2M, Relocated: 0M, In-Place: 0
[2024-07-21T21:27:13.480+0800][8.198s][gc,reloc    ] GC(79) Medium Pages: 4 / 128M, Empty: 64M, Relocated: 1M, In-Place: 0
[2024-07-21T21:27:13.480+0800][8.198s][gc,reloc    ] GC(79) Large Pages: 0 / 0M, Empty: 0M, Relocated: 0M, In-Place: 0
[2024-07-21T21:27:13.480+0800][8.198s][gc,reloc    ] GC(79) Forwarding Usage: 0M
[2024-07-21T21:27:13.480+0800][8.198s][gc,heap     ] GC(79) Min Capacity: 8M(0%)
[2024-07-21T21:27:13.480+0800][8.198s][gc,heap     ] GC(79) Max Capacity: 2048M(100%)
[2024-07-21T21:27:13.480+0800][8.198s][gc,heap     ] GC(79) Soft Max Capacity: 128M(6%)
[2024-07-21T21:27:13.480+0800][8.198s][gc,heap     ] GC(79)                Mark Start          Mark End        Relocate Start      Relocate End           High               Low         
[2024-07-21T21:27:13.480+0800][8.198s][gc,heap     ] GC(79)  Capacity:      256M (12%)         256M (12%)         256M (12%)         256M (12%)         256M (12%)         256M (12%)    
[2024-07-21T21:27:13.480+0800][8.198s][gc,heap     ] GC(79)      Free:     1912M (93%)        1878M (92%)        1944M (95%)        1976M (96%)        1976M (96%)        1878M (92%)    
[2024-07-21T21:27:13.480+0800][8.198s][gc,heap     ] GC(79)      Used:      136M (7%)          170M (8%)          104M (5%)           72M (4%)          170M (8%)           72M (4%)     
[2024-07-21T21:27:13.480+0800][8.198s][gc,heap     ] GC(79)      Live:         -                 5M (0%)            5M (0%)            5M (0%)             -                  -          
[2024-07-21T21:27:13.480+0800][8.198s][gc,heap     ] GC(79) Allocated:         -                34M (2%)           34M (2%)           34M (2%)             -                  -          
[2024-07-21T21:27:13.480+0800][8.198s][gc,heap     ] GC(79)   Garbage:         -               130M (6%)           64M (3%)           32M (2%)             -                  -          
[2024-07-21T21:27:13.480+0800][8.198s][gc,heap     ] GC(79) Reclaimed:         -                  -                66M (3%)           98M (5%)             -                  -          
[2024-07-21T21:27:13.480+0800][8.198s][gc          ] GC(79) Garbage Collection (Allocation Rate) 136M(7%)->72M(4%)
[2024-07-21T21:27:13.555+0800][8.273s][gc,start    ] GC(80) Garbage Collection (Allocation Rate)
[2024-07-21T21:27:13.555+0800][8.273s][gc,task     ] GC(80) Using 2 workers
[2024-07-21T21:27:13.555+0800][8.273s][gc,phases   ] GC(80) Pause Mark Start 0.016ms
[2024-07-21T21:27:13.570+0800][8.288s][gc,phases   ] GC(80) Concurrent Mark 14.889ms
[2024-07-21T21:27:13.570+0800][8.289s][gc,phases   ] GC(80) Pause Mark End 0.013ms
[2024-07-21T21:27:13.571+0800][8.289s][gc,phases   ] GC(80) Concurrent Mark Free 0.002ms
[2024-07-21T21:27:13.572+0800][8.290s][gc,phases   ] GC(80) Concurrent Process Non-Strong References 0.902ms
[2024-07-21T21:27:13.572+0800][8.290s][gc,phases   ] GC(80) Concurrent Reset Relocation Set 0.007ms
[2024-07-21T21:27:13.575+0800][8.294s][gc,phases   ] GC(80) Concurrent Select Relocation Set 3.482ms
[2024-07-21T21:27:13.575+0800][8.294s][gc,phases   ] GC(80) Pause Relocate Start 0.007ms
[2024-07-21T21:27:13.576+0800][8.294s][gc,phases   ] GC(80) Concurrent Relocate 0.268ms
[2024-07-21T21:27:13.576+0800][8.294s][gc,load     ] GC(80) Load: 0.00/0.00/0.00
[2024-07-21T21:27:13.576+0800][8.294s][gc,mmu      ] GC(80) MMU: 2ms/96.6%, 5ms/98.3%, 10ms/99.2%, 20ms/99.6%, 50ms/99.8%, 100ms/99.9%
[2024-07-21T21:27:13.576+0800][8.294s][gc,marking  ] GC(80) Mark: 2 stripe(s), 2 proactive flush(es), 1 terminate flush(es), 0 completion(s), 0 continuation(s) 
[2024-07-21T21:27:13.576+0800][8.294s][gc,marking  ] GC(80) Mark Stack Usage: 32M
[2024-07-21T21:27:13.576+0800][8.294s][gc,nmethod  ] GC(80) NMethods: 449 registered, 0 unregistered
[2024-07-21T21:27:13.576+0800][8.294s][gc,metaspace] GC(80) Metaspace: 1M used, 1M committed, 1032M reserved
[2024-07-21T21:27:13.576+0800][8.294s][gc,ref      ] GC(80) Soft: 93 encountered, 0 discovered, 0 enqueued
[2024-07-21T21:27:13.576+0800][8.294s][gc,ref      ] GC(80) Weak: 131 encountered, 2 discovered, 0 enqueued
[2024-07-21T21:27:13.576+0800][8.294s][gc,ref      ] GC(80) Final: 0 encountered, 0 discovered, 0 enqueued
[2024-07-21T21:27:13.576+0800][8.294s][gc,ref      ] GC(80) Phantom: 184 encountered, 80 discovered, 0 enqueued
[2024-07-21T21:27:13.576+0800][8.294s][gc,reloc    ] GC(80) Small Pages: 4 / 8M, Empty: 2M, Relocated: 0M, In-Place: 0
[2024-07-21T21:27:13.576+0800][8.294s][gc,reloc    ] GC(80) Medium Pages: 3 / 96M, Empty: 32M, Relocated: 1M, In-Place: 0
[2024-07-21T21:27:13.576+0800][8.294s][gc,reloc    ] GC(80) Large Pages: 0 / 0M, Empty: 0M, Relocated: 0M, In-Place: 0
[2024-07-21T21:27:13.576+0800][8.294s][gc,reloc    ] GC(80) Forwarding Usage: 0M
[2024-07-21T21:27:13.576+0800][8.294s][gc,heap     ] GC(80) Min Capacity: 8M(0%)
[2024-07-21T21:27:13.576+0800][8.294s][gc,heap     ] GC(80) Max Capacity: 2048M(100%)
[2024-07-21T21:27:13.576+0800][8.294s][gc,heap     ] GC(80) Soft Max Capacity: 128M(6%)
[2024-07-21T21:27:13.576+0800][8.294s][gc,heap     ] GC(80)                Mark Start          Mark End        Relocate Start      Relocate End           High               Low         
[2024-07-21T21:27:13.576+0800][8.294s][gc,heap     ] GC(80)  Capacity:      256M (12%)         256M (12%)         256M (12%)         256M (12%)         256M (12%)         256M (12%)    
[2024-07-21T21:27:13.576+0800][8.294s][gc,heap     ] GC(80)      Free:     1944M (95%)        1910M (93%)        1944M (95%)        1976M (96%)        1976M (96%)        1910M (93%)    
[2024-07-21T21:27:13.576+0800][8.294s][gc,heap     ] GC(80)      Used:      104M (5%)          138M (7%)          104M (5%)           72M (4%)          138M (7%)           72M (4%)     
[2024-07-21T21:27:13.576+0800][8.294s][gc,heap     ] GC(80)      Live:         -                 5M (0%)            5M (0%)            5M (0%)             -                  -          
[2024-07-21T21:27:13.576+0800][8.295s][gc,heap     ] GC(80) Allocated:         -                34M (2%)           34M (2%)           34M (2%)             -                  -          
[2024-07-21T21:27:13.576+0800][8.295s][gc,heap     ] GC(80)   Garbage:         -                98M (5%)           64M (3%)           32M (2%)             -                  -          
[2024-07-21T21:27:13.576+0800][8.295s][gc,heap     ] GC(80) Reclaimed:         -                  -                34M (2%)           66M (3%)             -                  -          
[2024-07-21T21:27:13.576+0800][8.295s][gc          ] GC(80) Garbage Collection (Allocation Rate) 104M(5%)->72M(4%)
[2024-07-21T21:27:13.649+0800][8.367s][gc,start    ] GC(81) Garbage Collection (Allocation Rate)
[2024-07-21T21:27:13.649+0800][8.367s][gc,task     ] GC(81) Using 2 workers
[2024-07-21T21:27:13.649+0800][8.367s][gc,phases   ] GC(81) Pause Mark Start 0.012ms
[2024-07-21T21:27:13.664+0800][8.382s][gc,phases   ] GC(81) Concurrent Mark 14.866ms
[2024-07-21T21:27:13.664+0800][8.383s][gc,phases   ] GC(81) Pause Mark End 0.011ms
[2024-07-21T21:27:13.665+0800][8.383s][gc,phases   ] GC(81) Concurrent Mark Free 0.002ms
[2024-07-21T21:27:13.666+0800][8.384s][gc,phases   ] GC(81) Concurrent Process Non-Strong References 1.006ms
[2024-07-21T21:27:13.666+0800][8.384s][gc,phases   ] GC(81) Concurrent Reset Relocation Set 0.001ms
[2024-07-21T21:27:13.668+0800][8.386s][gc,phases   ] GC(81) Concurrent Select Relocation Set 1.891ms
[2024-07-21T21:27:13.668+0800][8.386s][gc,phases   ] GC(81) Pause Relocate Start 0.006ms
[2024-07-21T21:27:13.668+0800][8.386s][gc,phases   ] GC(81) Concurrent Relocate 0.286ms
[2024-07-21T21:27:13.668+0800][8.387s][gc,load     ] GC(81) Load: 0.00/0.00/0.00
[2024-07-21T21:27:13.668+0800][8.387s][gc,mmu      ] GC(81) MMU: 2ms/96.6%, 5ms/98.3%, 10ms/99.2%, 20ms/99.6%, 50ms/99.8%, 100ms/99.9%
[2024-07-21T21:27:13.668+0800][8.387s][gc,marking  ] GC(81) Mark: 2 stripe(s), 2 proactive flush(es), 1 terminate flush(es), 0 completion(s), 0 continuation(s) 
[2024-07-21T21:27:13.668+0800][8.387s][gc,marking  ] GC(81) Mark Stack Usage: 32M
[2024-07-21T21:27:13.668+0800][8.387s][gc,nmethod  ] GC(81) NMethods: 449 registered, 0 unregistered
[2024-07-21T21:27:13.668+0800][8.387s][gc,metaspace] GC(81) Metaspace: 1M used, 1M committed, 1032M reserved
[2024-07-21T21:27:13.668+0800][8.387s][gc,ref      ] GC(81) Soft: 93 encountered, 0 discovered, 0 enqueued
[2024-07-21T21:27:13.668+0800][8.387s][gc,ref      ] GC(81) Weak: 131 encountered, 3 discovered, 0 enqueued
[2024-07-21T21:27:13.668+0800][8.387s][gc,ref      ] GC(81) Final: 0 encountered, 0 discovered, 0 enqueued
[2024-07-21T21:27:13.668+0800][8.387s][gc,ref      ] GC(81) Phantom: 184 encountered, 111 discovered, 0 enqueued
[2024-07-21T21:27:13.668+0800][8.387s][gc,reloc    ] GC(81) Small Pages: 4 / 8M, Empty: 2M, Relocated: 0M, In-Place: 0
[2024-07-21T21:27:13.668+0800][8.387s][gc,reloc    ] GC(81) Medium Pages: 3 / 96M, Empty: 32M, Relocated: 1M, In-Place: 0
[2024-07-21T21:27:13.668+0800][8.387s][gc,reloc    ] GC(81) Large Pages: 0 / 0M, Empty: 0M, Relocated: 0M, In-Place: 0
[2024-07-21T21:27:13.668+0800][8.387s][gc,reloc    ] GC(81) Forwarding Usage: 0M
[2024-07-21T21:27:13.668+0800][8.387s][gc,heap     ] GC(81) Min Capacity: 8M(0%)
[2024-07-21T21:27:13.668+0800][8.387s][gc,heap     ] GC(81) Max Capacity: 2048M(100%)
[2024-07-21T21:27:13.668+0800][8.387s][gc,heap     ] GC(81) Soft Max Capacity: 128M(6%)
[2024-07-21T21:27:13.668+0800][8.387s][gc,heap     ] GC(81)                Mark Start          Mark End        Relocate Start      Relocate End           High               Low         
[2024-07-21T21:27:13.668+0800][8.387s][gc,heap     ] GC(81)  Capacity:      256M (12%)         256M (12%)         256M (12%)         256M (12%)         256M (12%)         256M (12%)    
[2024-07-21T21:27:13.668+0800][8.387s][gc,heap     ] GC(81)      Free:     1944M (95%)        1910M (93%)        1944M (95%)        1976M (96%)        1976M (96%)        1910M (93%)    
[2024-07-21T21:27:13.668+0800][8.387s][gc,heap     ] GC(81)      Used:      104M (5%)          138M (7%)          104M (5%)           72M (4%)          138M (7%)           72M (4%)     
[2024-07-21T21:27:13.668+0800][8.387s][gc,heap     ] GC(81)      Live:         -                 5M (0%)            5M (0%)            5M (0%)             -                  -          
[2024-07-21T21:27:13.668+0800][8.387s][gc,heap     ] GC(81) Allocated:         -                34M (2%)           34M (2%)           34M (2%)             -                  -          
[2024-07-21T21:27:13.668+0800][8.387s][gc,heap     ] GC(81)   Garbage:         -                98M (5%)           64M (3%)           32M (2%)             -                  -          
[2024-07-21T21:27:13.669+0800][8.387s][gc,heap     ] GC(81) Reclaimed:         -                  -                34M (2%)           66M (3%)             -                  -          
[2024-07-21T21:27:13.669+0800][8.387s][gc          ] GC(81) Garbage Collection (Allocation Rate) 104M(5%)->72M(4%)
[2024-07-21T21:27:13.760+0800][8.478s][gc,start    ] GC(82) Garbage Collection (Allocation Rate)
[2024-07-21T21:27:13.760+0800][8.478s][gc,task     ] GC(82) Using 2 workers
[2024-07-21T21:27:13.760+0800][8.478s][gc,phases   ] GC(82) Pause Mark Start 0.009ms
[2024-07-21T21:27:13.776+0800][8.494s][gc,phases   ] GC(82) Concurrent Mark 15.295ms
[2024-07-21T21:27:13.776+0800][8.494s][gc,phases   ] GC(82) Pause Mark End 0.010ms
[2024-07-21T21:27:13.776+0800][8.494s][gc,phases   ] GC(82) Concurrent Mark Free 0.001ms
[2024-07-21T21:27:13.777+0800][8.495s][gc,phases   ] GC(82) Concurrent Process Non-Strong References 0.976ms
[2024-07-21T21:27:13.777+0800][8.495s][gc,phases   ] GC(82) Concurrent Reset Relocation Set 0.001ms
[2024-07-21T21:27:13.780+0800][8.498s][gc,phases   ] GC(82) Concurrent Select Relocation Set 2.434ms
[2024-07-21T21:27:13.780+0800][8.498s][gc,phases   ] GC(82) Pause Relocate Start 0.007ms
[2024-07-21T21:27:13.781+0800][8.499s][gc,phases   ] GC(82) Concurrent Relocate 0.721ms
[2024-07-21T21:27:13.781+0800][8.499s][gc,load     ] GC(82) Load: 0.00/0.00/0.00
[2024-07-21T21:27:13.781+0800][8.499s][gc,mmu      ] GC(82) MMU: 2ms/96.6%, 5ms/98.3%, 10ms/99.2%, 20ms/99.6%, 50ms/99.8%, 100ms/99.9%
[2024-07-21T21:27:13.781+0800][8.499s][gc,marking  ] GC(82) Mark: 2 stripe(s), 2 proactive flush(es), 1 terminate flush(es), 0 completion(s), 0 continuation(s) 
[2024-07-21T21:27:13.781+0800][8.499s][gc,marking  ] GC(82) Mark Stack Usage: 32M
[2024-07-21T21:27:13.781+0800][8.499s][gc,nmethod  ] GC(82) NMethods: 449 registered, 0 unregistered
[2024-07-21T21:27:13.781+0800][8.499s][gc,metaspace] GC(82) Metaspace: 1M used, 1M committed, 1032M reserved
[2024-07-21T21:27:13.781+0800][8.499s][gc,ref      ] GC(82) Soft: 93 encountered, 0 discovered, 0 enqueued
[2024-07-21T21:27:13.781+0800][8.499s][gc,ref      ] GC(82) Weak: 131 encountered, 2 discovered, 0 enqueued
[2024-07-21T21:27:13.781+0800][8.499s][gc,ref      ] GC(82) Final: 0 encountered, 0 discovered, 0 enqueued
[2024-07-21T21:27:13.781+0800][8.499s][gc,ref      ] GC(82) Phantom: 184 encountered, 95 discovered, 0 enqueued
[2024-07-21T21:27:13.781+0800][8.499s][gc,reloc    ] GC(82) Small Pages: 4 / 8M, Empty: 2M, Relocated: 0M, In-Place: 0
[2024-07-21T21:27:13.781+0800][8.499s][gc,reloc    ] GC(82) Medium Pages: 4 / 128M, Empty: 64M, Relocated: 5M, In-Place: 0
[2024-07-21T21:27:13.781+0800][8.499s][gc,reloc    ] GC(82) Large Pages: 0 / 0M, Empty: 0M, Relocated: 0M, In-Place: 0
[2024-07-21T21:27:13.781+0800][8.499s][gc,reloc    ] GC(82) Forwarding Usage: 0M
[2024-07-21T21:27:13.781+0800][8.499s][gc,heap     ] GC(82) Min Capacity: 8M(0%)
[2024-07-21T21:27:13.781+0800][8.499s][gc,heap     ] GC(82) Max Capacity: 2048M(100%)
[2024-07-21T21:27:13.781+0800][8.499s][gc,heap     ] GC(82) Soft Max Capacity: 128M(6%)
[2024-07-21T21:27:13.781+0800][8.499s][gc,heap     ] GC(82)                Mark Start          Mark End        Relocate Start      Relocate End           High               Low         
[2024-07-21T21:27:13.781+0800][8.499s][gc,heap     ] GC(82)  Capacity:      256M (12%)         256M (12%)         256M (12%)         256M (12%)         256M (12%)         256M (12%)    
[2024-07-21T21:27:13.781+0800][8.499s][gc,heap     ] GC(82)      Free:     1912M (93%)        1878M (92%)        1944M (95%)        1976M (96%)        1976M (96%)        1878M (92%)    
[2024-07-21T21:27:13.781+0800][8.499s][gc,heap     ] GC(82)      Used:      136M (7%)          170M (8%)          104M (5%)           72M (4%)          170M (8%)           72M (4%)     
[2024-07-21T21:27:13.781+0800][8.499s][gc,heap     ] GC(82)      Live:         -                 9M (0%)            9M (0%)            9M (0%)             -                  -          
[2024-07-21T21:27:13.781+0800][8.499s][gc,heap     ] GC(82) Allocated:         -                34M (2%)           34M (2%)           34M (2%)             -                  -          
[2024-07-21T21:27:13.781+0800][8.499s][gc,heap     ] GC(82)   Garbage:         -               126M (6%)           60M (3%)           28M (1%)             -                  -          
[2024-07-21T21:27:13.781+0800][8.499s][gc,heap     ] GC(82) Reclaimed:         -                  -                66M (3%)           98M (5%)             -                  -          
[2024-07-21T21:27:13.781+0800][8.499s][gc          ] GC(82) Garbage Collection (Allocation Rate) 136M(7%)->72M(4%)
[2024-07-21T21:27:13.855+0800][8.573s][gc,start    ] GC(83) Garbage Collection (Allocation Rate)
[2024-07-21T21:27:13.855+0800][8.573s][gc,task     ] GC(83) Using 2 workers
[2024-07-21T21:27:13.855+0800][8.574s][gc,phases   ] GC(83) Pause Mark Start 0.009ms
[2024-07-21T21:27:13.870+0800][8.588s][gc,phases   ] GC(83) Concurrent Mark 14.545ms
[2024-07-21T21:27:13.870+0800][8.589s][gc,phases   ] GC(83) Pause Mark End 0.012ms
[2024-07-21T21:27:13.871+0800][8.589s][gc,phases   ] GC(83) Concurrent Mark Free 0.003ms
[2024-07-21T21:27:13.872+0800][8.590s][gc,phases   ] GC(83) Concurrent Process Non-Strong References 0.940ms
[2024-07-21T21:27:13.872+0800][8.590s][gc,phases   ] GC(83) Concurrent Reset Relocation Set 0.002ms
[2024-07-21T21:27:13.874+0800][8.592s][gc,phases   ] GC(83) Concurrent Select Relocation Set 2.306ms
[2024-07-21T21:27:13.874+0800][8.593s][gc,phases   ] GC(83) Pause Relocate Start 0.007ms
[2024-07-21T21:27:13.875+0800][8.593s][gc,phases   ] GC(83) Concurrent Relocate 0.391ms
[2024-07-21T21:27:13.875+0800][8.593s][gc,load     ] GC(83) Load: 0.00/0.00/0.00
[2024-07-21T21:27:13.875+0800][8.593s][gc,mmu      ] GC(83) MMU: 2ms/96.6%, 5ms/98.3%, 10ms/99.2%, 20ms/99.6%, 50ms/99.8%, 100ms/99.9%
[2024-07-21T21:27:13.875+0800][8.593s][gc,marking  ] GC(83) Mark: 2 stripe(s), 2 proactive flush(es), 1 terminate flush(es), 0 completion(s), 0 continuation(s) 
[2024-07-21T21:27:13.875+0800][8.593s][gc,marking  ] GC(83) Mark Stack Usage: 32M
[2024-07-21T21:27:13.875+0800][8.593s][gc,nmethod  ] GC(83) NMethods: 458 registered, 0 unregistered
[2024-07-21T21:27:13.875+0800][8.593s][gc,metaspace] GC(83) Metaspace: 1M used, 1M committed, 1032M reserved
[2024-07-21T21:27:13.875+0800][8.593s][gc,ref      ] GC(83) Soft: 93 encountered, 0 discovered, 0 enqueued
[2024-07-21T21:27:13.875+0800][8.593s][gc,ref      ] GC(83) Weak: 131 encountered, 2 discovered, 0 enqueued
[2024-07-21T21:27:13.875+0800][8.593s][gc,ref      ] GC(83) Final: 0 encountered, 0 discovered, 0 enqueued
[2024-07-21T21:27:13.875+0800][8.593s][gc,ref      ] GC(83) Phantom: 184 encountered, 78 discovered, 0 enqueued
[2024-07-21T21:27:13.875+0800][8.593s][gc,reloc    ] GC(83) Small Pages: 4 / 8M, Empty: 2M, Relocated: 0M, In-Place: 0
[2024-07-21T21:27:13.875+0800][8.593s][gc,reloc    ] GC(83) Medium Pages: 3 / 96M, Empty: 32M, Relocated: 2M, In-Place: 0
[2024-07-21T21:27:13.875+0800][8.593s][gc,reloc    ] GC(83) Large Pages: 0 / 0M, Empty: 0M, Relocated: 0M, In-Place: 0
[2024-07-21T21:27:13.875+0800][8.593s][gc,reloc    ] GC(83) Forwarding Usage: 0M
[2024-07-21T21:27:13.875+0800][8.593s][gc,heap     ] GC(83) Min Capacity: 8M(0%)
[2024-07-21T21:27:13.875+0800][8.593s][gc,heap     ] GC(83) Max Capacity: 2048M(100%)
[2024-07-21T21:27:13.875+0800][8.593s][gc,heap     ] GC(83) Soft Max Capacity: 128M(6%)
[2024-07-21T21:27:13.875+0800][8.593s][gc,heap     ] GC(83)                Mark Start          Mark End        Relocate Start      Relocate End           High               Low         
[2024-07-21T21:27:13.875+0800][8.593s][gc,heap     ] GC(83)  Capacity:      256M (12%)         256M (12%)         256M (12%)         256M (12%)         256M (12%)         256M (12%)    
[2024-07-21T21:27:13.875+0800][8.593s][gc,heap     ] GC(83)      Free:     1944M (95%)        1910M (93%)        1944M (95%)        1976M (96%)        1976M (96%)        1910M (93%)    
[2024-07-21T21:27:13.875+0800][8.593s][gc,heap     ] GC(83)      Used:      104M (5%)          138M (7%)          104M (5%)           72M (4%)          138M (7%)           72M (4%)     
[2024-07-21T21:27:13.875+0800][8.593s][gc,heap     ] GC(83)      Live:         -                 6M (0%)            6M (0%)            6M (0%)             -                  -          
[2024-07-21T21:27:13.875+0800][8.594s][gc,heap     ] GC(83) Allocated:         -                34M (2%)           34M (2%)           34M (2%)             -                  -          
[2024-07-21T21:27:13.875+0800][8.594s][gc,heap     ] GC(83)   Garbage:         -                97M (5%)           63M (3%)           31M (2%)             -                  -          
[2024-07-21T21:27:13.875+0800][8.594s][gc,heap     ] GC(83) Reclaimed:         -                  -                34M (2%)           66M (3%)             -                  -          
[2024-07-21T21:27:13.875+0800][8.594s][gc          ] GC(83) Garbage Collection (Allocation Rate) 104M(5%)->72M(4%)
[2024-07-21T21:27:13.949+0800][8.667s][gc,start    ] GC(84) Garbage Collection (Allocation Rate)
[2024-07-21T21:27:13.949+0800][8.667s][gc,task     ] GC(84) Using 2 workers
[2024-07-21T21:27:13.949+0800][8.668s][gc,phases   ] GC(84) Pause Mark Start 0.009ms
[2024-07-21T21:27:13.965+0800][8.683s][gc,phases   ] GC(84) Concurrent Mark 15.717ms
[2024-07-21T21:27:13.966+0800][8.684s][gc,phases   ] GC(84) Pause Mark End 0.020ms
[2024-07-21T21:27:13.966+0800][8.684s][gc,phases   ] GC(84) Concurrent Mark Free 0.001ms
[2024-07-21T21:27:13.967+0800][8.685s][gc,phases   ] GC(84) Concurrent Process Non-Strong References 1.164ms
[2024-07-21T21:27:13.967+0800][8.685s][gc,phases   ] GC(84) Concurrent Reset Relocation Set 0.001ms
[2024-07-21T21:27:13.969+0800][8.688s][gc,phases   ] GC(84) Concurrent Select Relocation Set 2.442ms
[2024-07-21T21:27:13.969+0800][8.688s][gc,phases   ] GC(84) Pause Relocate Start 0.008ms
[2024-07-21T21:27:13.971+0800][8.689s][gc,phases   ] GC(84) Concurrent Relocate 1.349ms
[2024-07-21T21:27:13.971+0800][8.689s][gc,load     ] GC(84) Load: 0.00/0.00/0.00
[2024-07-21T21:27:13.971+0800][8.689s][gc,mmu      ] GC(84) MMU: 2ms/96.6%, 5ms/98.3%, 10ms/99.2%, 20ms/99.6%, 50ms/99.8%, 100ms/99.9%
[2024-07-21T21:27:13.971+0800][8.689s][gc,marking  ] GC(84) Mark: 2 stripe(s), 2 proactive flush(es), 1 terminate flush(es), 0 completion(s), 0 continuation(s) 
[2024-07-21T21:27:13.971+0800][8.689s][gc,marking  ] GC(84) Mark Stack Usage: 32M
[2024-07-21T21:27:13.971+0800][8.689s][gc,nmethod  ] GC(84) NMethods: 459 registered, 0 unregistered
[2024-07-21T21:27:13.971+0800][8.689s][gc,metaspace] GC(84) Metaspace: 1M used, 1M committed, 1032M reserved
[2024-07-21T21:27:13.971+0800][8.690s][gc,ref      ] GC(84) Soft: 93 encountered, 0 discovered, 0 enqueued
[2024-07-21T21:27:13.971+0800][8.690s][gc,ref      ] GC(84) Weak: 131 encountered, 3 discovered, 0 enqueued
[2024-07-21T21:27:13.971+0800][8.690s][gc,ref      ] GC(84) Final: 0 encountered, 0 discovered, 0 enqueued
[2024-07-21T21:27:13.971+0800][8.690s][gc,ref      ] GC(84) Phantom: 184 encountered, 129 discovered, 0 enqueued
[2024-07-21T21:27:13.971+0800][8.690s][gc,reloc    ] GC(84) Small Pages: 4 / 8M, Empty: 0M, Relocated: 1M, In-Place: 0
[2024-07-21T21:27:13.971+0800][8.690s][gc,reloc    ] GC(84) Medium Pages: 3 / 96M, Empty: 32M, Relocated: 3M, In-Place: 0
[2024-07-21T21:27:13.971+0800][8.690s][gc,reloc    ] GC(84) Large Pages: 0 / 0M, Empty: 0M, Relocated: 0M, In-Place: 0
[2024-07-21T21:27:13.971+0800][8.690s][gc,reloc    ] GC(84) Forwarding Usage: 0M
[2024-07-21T21:27:13.971+0800][8.690s][gc,heap     ] GC(84) Min Capacity: 8M(0%)
[2024-07-21T21:27:13.971+0800][8.690s][gc,heap     ] GC(84) Max Capacity: 2048M(100%)
[2024-07-21T21:27:13.971+0800][8.690s][gc,heap     ] GC(84) Soft Max Capacity: 128M(6%)
[2024-07-21T21:27:13.971+0800][8.690s][gc,heap     ] GC(84)                Mark Start          Mark End        Relocate Start      Relocate End           High               Low         
[2024-07-21T21:27:13.971+0800][8.690s][gc,heap     ] GC(84)  Capacity:      256M (12%)         256M (12%)         256M (12%)         256M (12%)         256M (12%)         256M (12%)    
[2024-07-21T21:27:13.971+0800][8.690s][gc,heap     ] GC(84)      Free:     1944M (95%)        1910M (93%)        1942M (95%)        1976M (96%)        1976M (96%)        1910M (93%)    
[2024-07-21T21:27:13.971+0800][8.690s][gc,heap     ] GC(84)      Used:      104M (5%)          138M (7%)          106M (5%)           72M (4%)          138M (7%)           72M (4%)     
[2024-07-21T21:27:13.971+0800][8.690s][gc,heap     ] GC(84)      Live:         -                 7M (0%)            7M (0%)            7M (0%)             -                  -          
[2024-07-21T21:27:13.971+0800][8.690s][gc,heap     ] GC(84) Allocated:         -                34M (2%)           34M (2%)           34M (2%)             -                  -          
[2024-07-21T21:27:13.971+0800][8.690s][gc,heap     ] GC(84)   Garbage:         -                96M (5%)           64M (3%)           30M (1%)             -                  -          
[2024-07-21T21:27:13.971+0800][8.690s][gc,heap     ] GC(84) Reclaimed:         -                  -                32M (2%)           66M (3%)             -                  -          
[2024-07-21T21:27:13.971+0800][8.690s][gc          ] GC(84) Garbage Collection (Allocation Rate) 104M(5%)->72M(4%)
[2024-07-21T21:27:14.059+0800][8.777s][gc,start    ] GC(85) Garbage Collection (Allocation Rate)
[2024-07-21T21:27:14.059+0800][8.777s][gc,task     ] GC(85) Using 2 workers
[2024-07-21T21:27:14.059+0800][8.778s][gc,phases   ] GC(85) Pause Mark Start 0.007ms
[2024-07-21T21:27:14.075+0800][8.793s][gc,phases   ] GC(85) Concurrent Mark 15.698ms
[2024-07-21T21:27:14.075+0800][8.794s][gc,phases   ] GC(85) Pause Mark End 0.011ms
[2024-07-21T21:27:14.076+0800][8.794s][gc,phases   ] GC(85) Concurrent Mark Free 0.002ms
[2024-07-21T21:27:14.077+0800][8.795s][gc,phases   ] GC(85) Concurrent Process Non-Strong References 0.895ms
[2024-07-21T21:27:14.077+0800][8.795s][gc,phases   ] GC(85) Concurrent Reset Relocation Set 0.001ms
[2024-07-21T21:27:14.078+0800][8.797s][gc,phases   ] GC(85) Concurrent Select Relocation Set 1.611ms
[2024-07-21T21:27:14.078+0800][8.797s][gc,phases   ] GC(85) Pause Relocate Start 0.005ms
[2024-07-21T21:27:14.079+0800][8.797s][gc,phases   ] GC(85) Concurrent Relocate 0.246ms
[2024-07-21T21:27:14.079+0800][8.797s][gc,load     ] GC(85) Load: 0.00/0.00/0.00
[2024-07-21T21:27:14.079+0800][8.797s][gc,mmu      ] GC(85) MMU: 2ms/96.6%, 5ms/98.3%, 10ms/99.2%, 20ms/99.6%, 50ms/99.8%, 100ms/99.9%
[2024-07-21T21:27:14.079+0800][8.797s][gc,marking  ] GC(85) Mark: 2 stripe(s), 2 proactive flush(es), 1 terminate flush(es), 0 completion(s), 0 continuation(s) 
[2024-07-21T21:27:14.079+0800][8.797s][gc,marking  ] GC(85) Mark Stack Usage: 32M
[2024-07-21T21:27:14.079+0800][8.797s][gc,nmethod  ] GC(85) NMethods: 459 registered, 0 unregistered
[2024-07-21T21:27:14.079+0800][8.797s][gc,metaspace] GC(85) Metaspace: 1M used, 1M committed, 1032M reserved
[2024-07-21T21:27:14.079+0800][8.797s][gc,ref      ] GC(85) Soft: 93 encountered, 0 discovered, 0 enqueued
[2024-07-21T21:27:14.079+0800][8.797s][gc,ref      ] GC(85) Weak: 131 encountered, 0 discovered, 0 enqueued
[2024-07-21T21:27:14.079+0800][8.797s][gc,ref      ] GC(85) Final: 0 encountered, 0 discovered, 0 enqueued
[2024-07-21T21:27:14.079+0800][8.797s][gc,ref      ] GC(85) Phantom: 184 encountered, 141 discovered, 0 enqueued
[2024-07-21T21:27:14.079+0800][8.797s][gc,reloc    ] GC(85) Small Pages: 4 / 8M, Empty: 2M, Relocated: 0M, In-Place: 0
[2024-07-21T21:27:14.079+0800][8.797s][gc,reloc    ] GC(85) Medium Pages: 4 / 128M, Empty: 64M, Relocated: 1M, In-Place: 0
[2024-07-21T21:27:14.079+0800][8.797s][gc,reloc    ] GC(85) Large Pages: 0 / 0M, Empty: 0M, Relocated: 0M, In-Place: 0
[2024-07-21T21:27:14.079+0800][8.797s][gc,reloc    ] GC(85) Forwarding Usage: 0M
[2024-07-21T21:27:14.079+0800][8.797s][gc,heap     ] GC(85) Min Capacity: 8M(0%)
[2024-07-21T21:27:14.079+0800][8.797s][gc,heap     ] GC(85) Max Capacity: 2048M(100%)
[2024-07-21T21:27:14.079+0800][8.797s][gc,heap     ] GC(85) Soft Max Capacity: 128M(6%)
[2024-07-21T21:27:14.079+0800][8.798s][gc,heap     ] GC(85)                Mark Start          Mark End        Relocate Start      Relocate End           High               Low         
[2024-07-21T21:27:14.079+0800][8.798s][gc,heap     ] GC(85)  Capacity:      256M (12%)         256M (12%)         256M (12%)         256M (12%)         256M (12%)         256M (12%)    
[2024-07-21T21:27:14.079+0800][8.798s][gc,heap     ] GC(85)      Free:     1912M (93%)        1878M (92%)        1944M (95%)        1976M (96%)        1976M (96%)        1878M (92%)    
[2024-07-21T21:27:14.079+0800][8.798s][gc,heap     ] GC(85)      Used:      136M (7%)          170M (8%)          104M (5%)           72M (4%)          170M (8%)           72M (4%)     
[2024-07-21T21:27:14.079+0800][8.798s][gc,heap     ] GC(85)      Live:         -                 5M (0%)            5M (0%)            5M (0%)             -                  -          
[2024-07-21T21:27:14.079+0800][8.798s][gc,heap     ] GC(85) Allocated:         -                34M (2%)           34M (2%)           34M (2%)             -                  -          
[2024-07-21T21:27:14.079+0800][8.798s][gc,heap     ] GC(85)   Garbage:         -               130M (6%)           64M (3%)           32M (2%)             -                  -          
[2024-07-21T21:27:14.079+0800][8.798s][gc,heap     ] GC(85) Reclaimed:         -                  -                66M (3%)           98M (5%)             -                  -          
[2024-07-21T21:27:14.079+0800][8.798s][gc          ] GC(85) Garbage Collection (Allocation Rate) 136M(7%)->72M(4%)
[2024-07-21T21:27:14.154+0800][8.872s][gc,start    ] GC(86) Garbage Collection (Allocation Rate)
[2024-07-21T21:27:14.155+0800][8.873s][gc,task     ] GC(86) Using 2 workers
[2024-07-21T21:27:14.155+0800][8.873s][gc,phases   ] GC(86) Pause Mark Start 0.009ms
[2024-07-21T21:27:14.170+0800][8.888s][gc,phases   ] GC(86) Concurrent Mark 14.913ms
[2024-07-21T21:27:14.170+0800][8.888s][gc,phases   ] GC(86) Pause Mark End 0.009ms
[2024-07-21T21:27:14.170+0800][8.889s][gc,phases   ] GC(86) Concurrent Mark Free 0.001ms
[2024-07-21T21:27:14.171+0800][8.890s][gc,phases   ] GC(86) Concurrent Process Non-Strong References 1.195ms
[2024-07-21T21:27:14.171+0800][8.890s][gc,phases   ] GC(86) Concurrent Reset Relocation Set 0.001ms
[2024-07-21T21:27:14.174+0800][8.892s][gc,phases   ] GC(86) Concurrent Select Relocation Set 2.190ms
[2024-07-21T21:27:14.174+0800][8.892s][gc,phases   ] GC(86) Pause Relocate Start 0.008ms
[2024-07-21T21:27:14.174+0800][8.893s][gc,phases   ] GC(86) Concurrent Relocate 0.278ms
[2024-07-21T21:27:14.174+0800][8.893s][gc,load     ] GC(86) Load: 0.00/0.00/0.00
[2024-07-21T21:27:14.174+0800][8.893s][gc,mmu      ] GC(86) MMU: 2ms/96.6%, 5ms/98.3%, 10ms/99.2%, 20ms/99.6%, 50ms/99.8%, 100ms/99.9%
[2024-07-21T21:27:14.174+0800][8.893s][gc,marking  ] GC(86) Mark: 2 stripe(s), 2 proactive flush(es), 1 terminate flush(es), 0 completion(s), 0 continuation(s) 
[2024-07-21T21:27:14.174+0800][8.893s][gc,marking  ] GC(86) Mark Stack Usage: 32M
[2024-07-21T21:27:14.174+0800][8.893s][gc,nmethod  ] GC(86) NMethods: 459 registered, 0 unregistered
[2024-07-21T21:27:14.174+0800][8.893s][gc,metaspace] GC(86) Metaspace: 1M used, 1M committed, 1032M reserved
[2024-07-21T21:27:14.174+0800][8.893s][gc,ref      ] GC(86) Soft: 93 encountered, 0 discovered, 0 enqueued
[2024-07-21T21:27:14.174+0800][8.893s][gc,ref      ] GC(86) Weak: 131 encountered, 0 discovered, 0 enqueued
[2024-07-21T21:27:14.174+0800][8.893s][gc,ref      ] GC(86) Final: 0 encountered, 0 discovered, 0 enqueued
[2024-07-21T21:27:14.174+0800][8.893s][gc,ref      ] GC(86) Phantom: 184 encountered, 143 discovered, 0 enqueued
[2024-07-21T21:27:14.174+0800][8.893s][gc,reloc    ] GC(86) Small Pages: 4 / 8M, Empty: 2M, Relocated: 0M, In-Place: 0
[2024-07-21T21:27:14.174+0800][8.893s][gc,reloc    ] GC(86) Medium Pages: 3 / 96M, Empty: 32M, Relocated: 1M, In-Place: 0
[2024-07-21T21:27:14.174+0800][8.893s][gc,reloc    ] GC(86) Large Pages: 0 / 0M, Empty: 0M, Relocated: 0M, In-Place: 0
[2024-07-21T21:27:14.174+0800][8.893s][gc,reloc    ] GC(86) Forwarding Usage: 0M
[2024-07-21T21:27:14.174+0800][8.893s][gc,heap     ] GC(86) Min Capacity: 8M(0%)
[2024-07-21T21:27:14.174+0800][8.893s][gc,heap     ] GC(86) Max Capacity: 2048M(100%)
[2024-07-21T21:27:14.174+0800][8.893s][gc,heap     ] GC(86) Soft Max Capacity: 128M(6%)
[2024-07-21T21:27:14.174+0800][8.893s][gc,heap     ] GC(86)                Mark Start          Mark End        Relocate Start      Relocate End           High               Low         
[2024-07-21T21:27:14.174+0800][8.893s][gc,heap     ] GC(86)  Capacity:      256M (12%)         256M (12%)         256M (12%)         256M (12%)         256M (12%)         256M (12%)    
[2024-07-21T21:27:14.174+0800][8.893s][gc,heap     ] GC(86)      Free:     1944M (95%)        1910M (93%)        1944M (95%)        1976M (96%)        1976M (96%)        1910M (93%)    
[2024-07-21T21:27:14.175+0800][8.893s][gc,heap     ] GC(86)      Used:      104M (5%)          138M (7%)          104M (5%)           72M (4%)          138M (7%)           72M (4%)     
[2024-07-21T21:27:14.175+0800][8.893s][gc,heap     ] GC(86)      Live:         -                 5M (0%)            5M (0%)            5M (0%)             -                  -          
[2024-07-21T21:27:14.175+0800][8.893s][gc,heap     ] GC(86) Allocated:         -                34M (2%)           34M (2%)           34M (2%)             -                  -          
[2024-07-21T21:27:14.175+0800][8.893s][gc,heap     ] GC(86)   Garbage:         -                98M (5%)           64M (3%)           32M (2%)             -                  -          
[2024-07-21T21:27:14.175+0800][8.893s][gc,heap     ] GC(86) Reclaimed:         -                  -                34M (2%)           66M (3%)             -                  -          
[2024-07-21T21:27:14.175+0800][8.893s][gc          ] GC(86) Garbage Collection (Allocation Rate) 104M(5%)->72M(4%)
[2024-07-21T21:27:14.250+0800][8.968s][gc,start    ] GC(87) Garbage Collection (Allocation Rate)
[2024-07-21T21:27:14.250+0800][8.968s][gc,task     ] GC(87) Using 2 workers
[2024-07-21T21:27:14.250+0800][8.969s][gc,phases   ] GC(87) Pause Mark Start 0.014ms
[2024-07-21T21:27:14.265+0800][8.983s][gc,phases   ] GC(87) Concurrent Mark 14.831ms
[2024-07-21T21:27:14.265+0800][8.984s][gc,phases   ] GC(87) Pause Mark End 0.014ms
[2024-07-21T21:27:14.266+0800][8.984s][gc,phases   ] GC(87) Concurrent Mark Free 0.002ms
[2024-07-21T21:27:14.267+0800][8.985s][gc,phases   ] GC(87) Concurrent Process Non-Strong References 1.195ms
[2024-07-21T21:27:14.267+0800][8.985s][gc,phases   ] GC(87) Concurrent Reset Relocation Set 0.001ms
[2024-07-21T21:27:14.269+0800][8.988s][gc,phases   ] GC(87) Concurrent Select Relocation Set 2.252ms
[2024-07-21T21:27:14.269+0800][8.988s][gc,phases   ] GC(87) Pause Relocate Start 0.007ms
[2024-07-21T21:27:14.270+0800][8.988s][gc,phases   ] GC(87) Concurrent Relocate 0.246ms
[2024-07-21T21:27:14.270+0800][8.988s][gc,load     ] GC(87) Load: 0.00/0.00/0.00
[2024-07-21T21:27:14.270+0800][8.988s][gc,mmu      ] GC(87) MMU: 2ms/96.6%, 5ms/98.3%, 10ms/99.2%, 20ms/99.6%, 50ms/99.8%, 100ms/99.9%
[2024-07-21T21:27:14.270+0800][8.988s][gc,marking  ] GC(87) Mark: 2 stripe(s), 2 proactive flush(es), 1 terminate flush(es), 0 completion(s), 0 continuation(s) 
[2024-07-21T21:27:14.270+0800][8.988s][gc,marking  ] GC(87) Mark Stack Usage: 32M
[2024-07-21T21:27:14.270+0800][8.988s][gc,nmethod  ] GC(87) NMethods: 459 registered, 0 unregistered
[2024-07-21T21:27:14.270+0800][8.988s][gc,metaspace] GC(87) Metaspace: 1M used, 1M committed, 1032M reserved
[2024-07-21T21:27:14.270+0800][8.988s][gc,ref      ] GC(87) Soft: 93 encountered, 0 discovered, 0 enqueued
[2024-07-21T21:27:14.270+0800][8.988s][gc,ref      ] GC(87) Weak: 131 encountered, 0 discovered, 0 enqueued
[2024-07-21T21:27:14.270+0800][8.988s][gc,ref      ] GC(87) Final: 0 encountered, 0 discovered, 0 enqueued
[2024-07-21T21:27:14.270+0800][8.988s][gc,ref      ] GC(87) Phantom: 184 encountered, 142 discovered, 0 enqueued
[2024-07-21T21:27:14.270+0800][8.988s][gc,reloc    ] GC(87) Small Pages: 4 / 8M, Empty: 2M, Relocated: 0M, In-Place: 0
[2024-07-21T21:27:14.270+0800][8.988s][gc,reloc    ] GC(87) Medium Pages: 3 / 96M, Empty: 32M, Relocated: 1M, In-Place: 0
[2024-07-21T21:27:14.270+0800][8.989s][gc,reloc    ] GC(87) Large Pages: 0 / 0M, Empty: 0M, Relocated: 0M, In-Place: 0
[2024-07-21T21:27:14.270+0800][8.989s][gc,reloc    ] GC(87) Forwarding Usage: 0M
[2024-07-21T21:27:14.270+0800][8.989s][gc,heap     ] GC(87) Min Capacity: 8M(0%)
[2024-07-21T21:27:14.270+0800][8.989s][gc,heap     ] GC(87) Max Capacity: 2048M(100%)
[2024-07-21T21:27:14.270+0800][8.989s][gc,heap     ] GC(87) Soft Max Capacity: 128M(6%)
[2024-07-21T21:27:14.270+0800][8.989s][gc,heap     ] GC(87)                Mark Start          Mark End        Relocate Start      Relocate End           High               Low         
[2024-07-21T21:27:14.270+0800][8.989s][gc,heap     ] GC(87)  Capacity:      256M (12%)         256M (12%)         256M (12%)         256M (12%)         256M (12%)         256M (12%)    
[2024-07-21T21:27:14.270+0800][8.989s][gc,heap     ] GC(87)      Free:     1944M (95%)        1910M (93%)        1944M (95%)        1976M (96%)        1976M (96%)        1910M (93%)    
[2024-07-21T21:27:14.270+0800][8.989s][gc,heap     ] GC(87)      Used:      104M (5%)          138M (7%)          104M (5%)           72M (4%)          138M (7%)           72M (4%)     
[2024-07-21T21:27:14.270+0800][8.989s][gc,heap     ] GC(87)      Live:         -                 5M (0%)            5M (0%)            5M (0%)             -                  -          
[2024-07-21T21:27:14.270+0800][8.989s][gc,heap     ] GC(87) Allocated:         -                34M (2%)           34M (2%)           34M (2%)             -                  -          
[2024-07-21T21:27:14.270+0800][8.989s][gc,heap     ] GC(87)   Garbage:         -                98M (5%)           64M (3%)           32M (2%)             -                  -          
[2024-07-21T21:27:14.270+0800][8.989s][gc,heap     ] GC(87) Reclaimed:         -                  -                34M (2%)           66M (3%)             -                  -          
[2024-07-21T21:27:14.270+0800][8.989s][gc          ] GC(87) Garbage Collection (Allocation Rate) 104M(5%)->72M(4%)
[2024-07-21T21:27:14.360+0800][9.078s][gc,start    ] GC(88) Garbage Collection (Allocation Rate)
[2024-07-21T21:27:14.360+0800][9.078s][gc,task     ] GC(88) Using 2 workers
[2024-07-21T21:27:14.360+0800][9.079s][gc,phases   ] GC(88) Pause Mark Start 0.009ms
[2024-07-21T21:27:14.376+0800][9.094s][gc,phases   ] GC(88) Concurrent Mark 15.023ms
[2024-07-21T21:27:14.376+0800][9.094s][gc,phases   ] GC(88) Pause Mark End 0.013ms
[2024-07-21T21:27:14.376+0800][9.094s][gc,phases   ] GC(88) Concurrent Mark Free 0.001ms
[2024-07-21T21:27:14.377+0800][9.095s][gc,phases   ] GC(88) Concurrent Process Non-Strong References 1.037ms
[2024-07-21T21:27:14.377+0800][9.095s][gc,phases   ] GC(88) Concurrent Reset Relocation Set 0.001ms
[2024-07-21T21:27:14.379+0800][9.097s][gc,phases   ] GC(88) Concurrent Select Relocation Set 1.958ms
[2024-07-21T21:27:14.379+0800][9.097s][gc,phases   ] GC(88) Pause Relocate Start 0.006ms
[2024-07-21T21:27:14.380+0800][9.098s][gc,phases   ] GC(88) Concurrent Relocate 0.817ms
[2024-07-21T21:27:14.380+0800][9.098s][gc,load     ] GC(88) Load: 0.00/0.00/0.00
[2024-07-21T21:27:14.380+0800][9.098s][gc,mmu      ] GC(88) MMU: 2ms/96.6%, 5ms/98.3%, 10ms/99.2%, 20ms/99.6%, 50ms/99.8%, 100ms/99.9%
[2024-07-21T21:27:14.380+0800][9.098s][gc,marking  ] GC(88) Mark: 2 stripe(s), 2 proactive flush(es), 1 terminate flush(es), 0 completion(s), 0 continuation(s) 
[2024-07-21T21:27:14.380+0800][9.098s][gc,marking  ] GC(88) Mark Stack Usage: 32M
[2024-07-21T21:27:14.380+0800][9.098s][gc,nmethod  ] GC(88) NMethods: 459 registered, 0 unregistered
[2024-07-21T21:27:14.380+0800][9.098s][gc,metaspace] GC(88) Metaspace: 1M used, 1M committed, 1032M reserved
[2024-07-21T21:27:14.380+0800][9.098s][gc,ref      ] GC(88) Soft: 93 encountered, 0 discovered, 0 enqueued
[2024-07-21T21:27:14.380+0800][9.098s][gc,ref      ] GC(88) Weak: 131 encountered, 0 discovered, 0 enqueued
[2024-07-21T21:27:14.380+0800][9.099s][gc,ref      ] GC(88) Final: 0 encountered, 0 discovered, 0 enqueued
[2024-07-21T21:27:14.380+0800][9.099s][gc,ref      ] GC(88) Phantom: 184 encountered, 119 discovered, 0 enqueued
[2024-07-21T21:27:14.380+0800][9.099s][gc,reloc    ] GC(88) Small Pages: 4 / 8M, Empty: 2M, Relocated: 0M, In-Place: 0
[2024-07-21T21:27:14.380+0800][9.099s][gc,reloc    ] GC(88) Medium Pages: 4 / 128M, Empty: 64M, Relocated: 4M, In-Place: 0
[2024-07-21T21:27:14.380+0800][9.099s][gc,reloc    ] GC(88) Large Pages: 0 / 0M, Empty: 0M, Relocated: 0M, In-Place: 0
[2024-07-21T21:27:14.380+0800][9.099s][gc,reloc    ] GC(88) Forwarding Usage: 0M
[2024-07-21T21:27:14.380+0800][9.099s][gc,heap     ] GC(88) Min Capacity: 8M(0%)
[2024-07-21T21:27:14.380+0800][9.099s][gc,heap     ] GC(88) Max Capacity: 2048M(100%)
[2024-07-21T21:27:14.380+0800][9.099s][gc,heap     ] GC(88) Soft Max Capacity: 128M(6%)
[2024-07-21T21:27:14.380+0800][9.099s][gc,heap     ] GC(88)                Mark Start          Mark End        Relocate Start      Relocate End           High               Low         
[2024-07-21T21:27:14.380+0800][9.099s][gc,heap     ] GC(88)  Capacity:      256M (12%)         256M (12%)         256M (12%)         256M (12%)         256M (12%)         256M (12%)    
[2024-07-21T21:27:14.380+0800][9.099s][gc,heap     ] GC(88)      Free:     1912M (93%)        1878M (92%)        1944M (95%)        1976M (96%)        1976M (96%)        1878M (92%)    
[2024-07-21T21:27:14.381+0800][9.099s][gc,heap     ] GC(88)      Used:      136M (7%)          170M (8%)          104M (5%)           72M (4%)          170M (8%)           72M (4%)     
[2024-07-21T21:27:14.381+0800][9.099s][gc,heap     ] GC(88)      Live:         -                 8M (0%)            8M (0%)            8M (0%)             -                  -          
[2024-07-21T21:27:14.381+0800][9.099s][gc,heap     ] GC(88) Allocated:         -                34M (2%)           34M (2%)           34M (2%)             -                  -          
[2024-07-21T21:27:14.381+0800][9.099s][gc,heap     ] GC(88)   Garbage:         -               127M (6%)           61M (3%)           29M (1%)             -                  -          
[2024-07-21T21:27:14.381+0800][9.099s][gc,heap     ] GC(88) Reclaimed:         -                  -                66M (3%)           98M (5%)             -                  -          
[2024-07-21T21:27:14.381+0800][9.099s][gc          ] GC(88) Garbage Collection (Allocation Rate) 136M(7%)->72M(4%)
[2024-07-21T21:27:14.455+0800][9.173s][gc,start    ] GC(89) Garbage Collection (Allocation Rate)
[2024-07-21T21:27:14.455+0800][9.173s][gc,task     ] GC(89) Using 2 workers
[2024-07-21T21:27:14.455+0800][9.173s][gc,phases   ] GC(89) Pause Mark Start 0.016ms
[2024-07-21T21:27:14.470+0800][9.188s][gc,phases   ] GC(89) Concurrent Mark 15.302ms
[2024-07-21T21:27:14.470+0800][9.189s][gc,phases   ] GC(89) Pause Mark End 0.019ms
[2024-07-21T21:27:14.470+0800][9.189s][gc,phases   ] GC(89) Concurrent Mark Free 0.002ms
[2024-07-21T21:27:14.471+0800][9.190s][gc,phases   ] GC(89) Concurrent Process Non-Strong References 0.920ms
[2024-07-21T21:27:14.471+0800][9.190s][gc,phases   ] GC(89) Concurrent Reset Relocation Set 0.002ms
[2024-07-21T21:27:14.475+0800][9.193s][gc,phases   ] GC(89) Concurrent Select Relocation Set 3.345ms
[2024-07-21T21:27:14.475+0800][9.194s][gc,phases   ] GC(89) Pause Relocate Start 0.008ms
[2024-07-21T21:27:14.476+0800][9.194s][gc,phases   ] GC(89) Concurrent Relocate 0.727ms
[2024-07-21T21:27:14.476+0800][9.195s][gc,load     ] GC(89) Load: 0.00/0.00/0.00
[2024-07-21T21:27:14.476+0800][9.195s][gc,mmu      ] GC(89) MMU: 2ms/96.6%, 5ms/98.3%, 10ms/99.2%, 20ms/99.6%, 50ms/99.8%, 100ms/99.9%
[2024-07-21T21:27:14.476+0800][9.195s][gc,marking  ] GC(89) Mark: 2 stripe(s), 2 proactive flush(es), 1 terminate flush(es), 0 completion(s), 0 continuation(s) 
[2024-07-21T21:27:14.476+0800][9.195s][gc,marking  ] GC(89) Mark Stack Usage: 32M
[2024-07-21T21:27:14.476+0800][9.195s][gc,nmethod  ] GC(89) NMethods: 459 registered, 0 unregistered
[2024-07-21T21:27:14.476+0800][9.195s][gc,metaspace] GC(89) Metaspace: 1M used, 1M committed, 1032M reserved
[2024-07-21T21:27:14.476+0800][9.195s][gc,ref      ] GC(89) Soft: 93 encountered, 0 discovered, 0 enqueued
[2024-07-21T21:27:14.476+0800][9.195s][gc,ref      ] GC(89) Weak: 131 encountered, 0 discovered, 0 enqueued
[2024-07-21T21:27:14.476+0800][9.195s][gc,ref      ] GC(89) Final: 0 encountered, 0 discovered, 0 enqueued
[2024-07-21T21:27:14.476+0800][9.195s][gc,ref      ] GC(89) Phantom: 184 encountered, 119 discovered, 0 enqueued
[2024-07-21T21:27:14.476+0800][9.195s][gc,reloc    ] GC(89) Small Pages: 4 / 8M, Empty: 2M, Relocated: 0M, In-Place: 0
[2024-07-21T21:27:14.476+0800][9.195s][gc,reloc    ] GC(89) Medium Pages: 3 / 96M, Empty: 32M, Relocated: 3M, In-Place: 0
[2024-07-21T21:27:14.476+0800][9.195s][gc,reloc    ] GC(89) Large Pages: 0 / 0M, Empty: 0M, Relocated: 0M, In-Place: 0
[2024-07-21T21:27:14.476+0800][9.195s][gc,reloc    ] GC(89) Forwarding Usage: 0M
[2024-07-21T21:27:14.476+0800][9.195s][gc,heap     ] GC(89) Min Capacity: 8M(0%)
[2024-07-21T21:27:14.476+0800][9.195s][gc,heap     ] GC(89) Max Capacity: 2048M(100%)
[2024-07-21T21:27:14.476+0800][9.195s][gc,heap     ] GC(89) Soft Max Capacity: 128M(6%)
[2024-07-21T21:27:14.476+0800][9.195s][gc,heap     ] GC(89)                Mark Start          Mark End        Relocate Start      Relocate End           High               Low         
[2024-07-21T21:27:14.476+0800][9.195s][gc,heap     ] GC(89)  Capacity:      256M (12%)         256M (12%)         256M (12%)         256M (12%)         256M (12%)         256M (12%)    
[2024-07-21T21:27:14.476+0800][9.195s][gc,heap     ] GC(89)      Free:     1944M (95%)        1910M (93%)        1944M (95%)        1976M (96%)        1976M (96%)        1910M (93%)    
[2024-07-21T21:27:14.476+0800][9.195s][gc,heap     ] GC(89)      Used:      104M (5%)          138M (7%)          104M (5%)           72M (4%)          138M (7%)           72M (4%)     
[2024-07-21T21:27:14.476+0800][9.195s][gc,heap     ] GC(89)      Live:         -                 7M (0%)            7M (0%)            7M (0%)             -                  -          
[2024-07-21T21:27:14.476+0800][9.195s][gc,heap     ] GC(89) Allocated:         -                34M (2%)           34M (2%)           34M (2%)             -                  -          
[2024-07-21T21:27:14.476+0800][9.195s][gc,heap     ] GC(89)   Garbage:         -                96M (5%)           62M (3%)           30M (1%)             -                  -          
[2024-07-21T21:27:14.476+0800][9.195s][gc,heap     ] GC(89) Reclaimed:         -                  -                34M (2%)           66M (3%)             -                  -          
[2024-07-21T21:27:14.476+0800][9.195s][gc          ] GC(89) Garbage Collection (Allocation Rate) 104M(5%)->72M(4%)
[2024-07-21T21:27:14.550+0800][9.268s][gc,start    ] GC(90) Garbage Collection (Allocation Rate)
[2024-07-21T21:27:14.550+0800][9.268s][gc,task     ] GC(90) Using 2 workers
[2024-07-21T21:27:14.551+0800][9.269s][gc,phases   ] GC(90) Pause Mark Start 0.010ms
[2024-07-21T21:27:14.566+0800][9.284s][gc,phases   ] GC(90) Concurrent Mark 15.248ms
[2024-07-21T21:27:14.566+0800][9.285s][gc,phases   ] GC(90) Pause Mark End 0.012ms
[2024-07-21T21:27:14.566+0800][9.285s][gc,phases   ] GC(90) Concurrent Mark Free 0.002ms
[2024-07-21T21:27:14.567+0800][9.286s][gc,phases   ] GC(90) Concurrent Process Non-Strong References 0.887ms
[2024-07-21T21:27:14.567+0800][9.286s][gc,phases   ] GC(90) Concurrent Reset Relocation Set 0.004ms
[2024-07-21T21:27:14.569+0800][9.288s][gc,phases   ] GC(90) Concurrent Select Relocation Set 1.919ms
[2024-07-21T21:27:14.570+0800][9.288s][gc,phases   ] GC(90) Pause Relocate Start 0.011ms
[2024-07-21T21:27:14.570+0800][9.288s][gc,phases   ] GC(90) Concurrent Relocate 0.566ms
[2024-07-21T21:27:14.570+0800][9.288s][gc,load     ] GC(90) Load: 0.00/0.00/0.00
[2024-07-21T21:27:14.570+0800][9.289s][gc,mmu      ] GC(90) MMU: 2ms/96.6%, 5ms/98.3%, 10ms/99.2%, 20ms/99.6%, 50ms/99.8%, 100ms/99.9%
[2024-07-21T21:27:14.570+0800][9.289s][gc,marking  ] GC(90) Mark: 2 stripe(s), 2 proactive flush(es), 1 terminate flush(es), 0 completion(s), 0 continuation(s) 
[2024-07-21T21:27:14.570+0800][9.289s][gc,marking  ] GC(90) Mark Stack Usage: 32M
[2024-07-21T21:27:14.570+0800][9.289s][gc,nmethod  ] GC(90) NMethods: 459 registered, 0 unregistered
[2024-07-21T21:27:14.570+0800][9.289s][gc,metaspace] GC(90) Metaspace: 1M used, 1M committed, 1032M reserved
[2024-07-21T21:27:14.570+0800][9.289s][gc,ref      ] GC(90) Soft: 93 encountered, 0 discovered, 0 enqueued
[2024-07-21T21:27:14.570+0800][9.289s][gc,ref      ] GC(90) Weak: 131 encountered, 0 discovered, 0 enqueued
[2024-07-21T21:27:14.570+0800][9.289s][gc,ref      ] GC(90) Final: 0 encountered, 0 discovered, 0 enqueued
[2024-07-21T21:27:14.570+0800][9.289s][gc,ref      ] GC(90) Phantom: 184 encountered, 142 discovered, 0 enqueued
[2024-07-21T21:27:14.570+0800][9.289s][gc,reloc    ] GC(90) Small Pages: 4 / 8M, Empty: 2M, Relocated: 0M, In-Place: 0
[2024-07-21T21:27:14.570+0800][9.289s][gc,reloc    ] GC(90) Medium Pages: 3 / 96M, Empty: 32M, Relocated: 4M, In-Place: 0
[2024-07-21T21:27:14.570+0800][9.289s][gc,reloc    ] GC(90) Large Pages: 0 / 0M, Empty: 0M, Relocated: 0M, In-Place: 0
[2024-07-21T21:27:14.570+0800][9.289s][gc,reloc    ] GC(90) Forwarding Usage: 0M
[2024-07-21T21:27:14.570+0800][9.289s][gc,heap     ] GC(90) Min Capacity: 8M(0%)
[2024-07-21T21:27:14.570+0800][9.289s][gc,heap     ] GC(90) Max Capacity: 2048M(100%)
[2024-07-21T21:27:14.570+0800][9.289s][gc,heap     ] GC(90) Soft Max Capacity: 128M(6%)
[2024-07-21T21:27:14.570+0800][9.289s][gc,heap     ] GC(90)                Mark Start          Mark End        Relocate Start      Relocate End           High               Low         
[2024-07-21T21:27:14.570+0800][9.289s][gc,heap     ] GC(90)  Capacity:      256M (12%)         256M (12%)         256M (12%)         256M (12%)         256M (12%)         256M (12%)    
[2024-07-21T21:27:14.570+0800][9.289s][gc,heap     ] GC(90)      Free:     1944M (95%)        1910M (93%)        1944M (95%)        1976M (96%)        1976M (96%)        1910M (93%)    
[2024-07-21T21:27:14.570+0800][9.289s][gc,heap     ] GC(90)      Used:      104M (5%)          138M (7%)          104M (5%)           72M (4%)          138M (7%)           72M (4%)     
[2024-07-21T21:27:14.570+0800][9.289s][gc,heap     ] GC(90)      Live:         -                 8M (0%)            8M (0%)            8M (0%)             -                  -          
[2024-07-21T21:27:14.570+0800][9.289s][gc,heap     ] GC(90) Allocated:         -                34M (2%)           34M (2%)           34M (2%)             -                  -          
[2024-07-21T21:27:14.570+0800][9.289s][gc,heap     ] GC(90)   Garbage:         -                95M (5%)           61M (3%)           29M (1%)             -                  -          
[2024-07-21T21:27:14.571+0800][9.289s][gc,heap     ] GC(90) Reclaimed:         -                  -                34M (2%)           66M (3%)             -                  -          
[2024-07-21T21:27:14.571+0800][9.289s][gc          ] GC(90) Garbage Collection (Allocation Rate) 104M(5%)->72M(4%)
[2024-07-21T21:27:14.662+0800][9.380s][gc,start    ] GC(91) Garbage Collection (Allocation Rate)
[2024-07-21T21:27:14.662+0800][9.380s][gc,task     ] GC(91) Using 2 workers
[2024-07-21T21:27:14.662+0800][9.380s][gc,phases   ] GC(91) Pause Mark Start 0.015ms
[2024-07-21T21:27:14.678+0800][9.396s][gc,phases   ] GC(91) Concurrent Mark 15.038ms
[2024-07-21T21:27:14.678+0800][9.396s][gc,phases   ] GC(91) Pause Mark End 0.013ms
[2024-07-21T21:27:14.678+0800][9.396s][gc,phases   ] GC(91) Concurrent Mark Free 0.002ms
[2024-07-21T21:27:14.679+0800][9.397s][gc,phases   ] GC(91) Concurrent Process Non-Strong References 1.210ms
[2024-07-21T21:27:14.679+0800][9.397s][gc,phases   ] GC(91) Concurrent Reset Relocation Set 0.001ms
[2024-07-21T21:27:14.681+0800][9.399s][gc,phases   ] GC(91) Concurrent Select Relocation Set 1.955ms
[2024-07-21T21:27:14.682+0800][9.400s][gc,phases   ] GC(91) Pause Relocate Start 0.006ms
[2024-07-21T21:27:14.682+0800][9.400s][gc,phases   ] GC(91) Concurrent Relocate 0.258ms
[2024-07-21T21:27:14.682+0800][9.400s][gc,load     ] GC(91) Load: 0.00/0.00/0.00
[2024-07-21T21:27:14.682+0800][9.400s][gc,mmu      ] GC(91) MMU: 2ms/96.6%, 5ms/98.3%, 10ms/99.2%, 20ms/99.6%, 50ms/99.8%, 100ms/99.9%
[2024-07-21T21:27:14.682+0800][9.400s][gc,marking  ] GC(91) Mark: 2 stripe(s), 2 proactive flush(es), 1 terminate flush(es), 0 completion(s), 0 continuation(s) 
[2024-07-21T21:27:14.682+0800][9.400s][gc,marking  ] GC(91) Mark Stack Usage: 32M
[2024-07-21T21:27:14.682+0800][9.400s][gc,nmethod  ] GC(91) NMethods: 459 registered, 0 unregistered
[2024-07-21T21:27:14.682+0800][9.400s][gc,metaspace] GC(91) Metaspace: 1M used, 1M committed, 1032M reserved
[2024-07-21T21:27:14.682+0800][9.400s][gc,ref      ] GC(91) Soft: 93 encountered, 0 discovered, 0 enqueued
[2024-07-21T21:27:14.682+0800][9.400s][gc,ref      ] GC(91) Weak: 131 encountered, 0 discovered, 0 enqueued
[2024-07-21T21:27:14.682+0800][9.400s][gc,ref      ] GC(91) Final: 0 encountered, 0 discovered, 0 enqueued
[2024-07-21T21:27:14.682+0800][9.400s][gc,ref      ] GC(91) Phantom: 184 encountered, 169 discovered, 0 enqueued
[2024-07-21T21:27:14.682+0800][9.400s][gc,reloc    ] GC(91) Small Pages: 4 / 8M, Empty: 2M, Relocated: 0M, In-Place: 0
[2024-07-21T21:27:14.682+0800][9.400s][gc,reloc    ] GC(91) Medium Pages: 4 / 128M, Empty: 64M, Relocated: 1M, In-Place: 0
[2024-07-21T21:27:14.682+0800][9.400s][gc,reloc    ] GC(91) Large Pages: 0 / 0M, Empty: 0M, Relocated: 0M, In-Place: 0
[2024-07-21T21:27:14.682+0800][9.400s][gc,reloc    ] GC(91) Forwarding Usage: 0M
[2024-07-21T21:27:14.682+0800][9.400s][gc,heap     ] GC(91) Min Capacity: 8M(0%)
[2024-07-21T21:27:14.682+0800][9.400s][gc,heap     ] GC(91) Max Capacity: 2048M(100%)
[2024-07-21T21:27:14.682+0800][9.400s][gc,heap     ] GC(91) Soft Max Capacity: 128M(6%)
[2024-07-21T21:27:14.682+0800][9.400s][gc,heap     ] GC(91)                Mark Start          Mark End        Relocate Start      Relocate End           High               Low         
[2024-07-21T21:27:14.682+0800][9.400s][gc,heap     ] GC(91)  Capacity:      256M (12%)         256M (12%)         256M (12%)         256M (12%)         256M (12%)         256M (12%)    
[2024-07-21T21:27:14.682+0800][9.400s][gc,heap     ] GC(91)      Free:     1912M (93%)        1878M (92%)        1944M (95%)        1976M (96%)        1976M (96%)        1878M (92%)    
[2024-07-21T21:27:14.682+0800][9.400s][gc,heap     ] GC(91)      Used:      136M (7%)          170M (8%)          104M (5%)           72M (4%)          170M (8%)           72M (4%)     
[2024-07-21T21:27:14.682+0800][9.400s][gc,heap     ] GC(91)      Live:         -                 5M (0%)            5M (0%)            5M (0%)             -                  -          
[2024-07-21T21:27:14.682+0800][9.400s][gc,heap     ] GC(91) Allocated:         -                34M (2%)           34M (2%)           34M (2%)             -                  -          
[2024-07-21T21:27:14.682+0800][9.400s][gc,heap     ] GC(91)   Garbage:         -               130M (6%)           64M (3%)           32M (2%)             -                  -          
[2024-07-21T21:27:14.682+0800][9.400s][gc,heap     ] GC(91) Reclaimed:         -                  -                66M (3%)           98M (5%)             -                  -          
[2024-07-21T21:27:14.682+0800][9.400s][gc          ] GC(91) Garbage Collection (Allocation Rate) 136M(7%)->72M(4%)
[2024-07-21T21:27:14.757+0800][9.475s][gc,start    ] GC(92) Garbage Collection (Allocation Rate)
[2024-07-21T21:27:14.757+0800][9.475s][gc,task     ] GC(92) Using 2 workers
[2024-07-21T21:27:14.757+0800][9.475s][gc,phases   ] GC(92) Pause Mark Start 0.009ms
[2024-07-21T21:27:14.772+0800][9.490s][gc,phases   ] GC(92) Concurrent Mark 15.065ms
[2024-07-21T21:27:14.772+0800][9.491s][gc,phases   ] GC(92) Pause Mark End 0.010ms
[2024-07-21T21:27:14.772+0800][9.491s][gc,phases   ] GC(92) Concurrent Mark Free 0.001ms
[2024-07-21T21:27:14.773+0800][9.492s][gc,phases   ] GC(92) Concurrent Process Non-Strong References 1.035ms
[2024-07-21T21:27:14.773+0800][9.492s][gc,phases   ] GC(92) Concurrent Reset Relocation Set 0.001ms
[2024-07-21T21:27:14.775+0800][9.494s][gc,phases   ] GC(92) Concurrent Select Relocation Set 1.674ms
[2024-07-21T21:27:14.775+0800][9.494s][gc,phases   ] GC(92) Pause Relocate Start 0.006ms
[2024-07-21T21:27:14.775+0800][9.494s][gc,phases   ] GC(92) Concurrent Relocate 0.268ms
[2024-07-21T21:27:14.776+0800][9.494s][gc,load     ] GC(92) Load: 0.00/0.00/0.00
[2024-07-21T21:27:14.776+0800][9.494s][gc,mmu      ] GC(92) MMU: 2ms/96.6%, 5ms/98.3%, 10ms/99.2%, 20ms/99.6%, 50ms/99.8%, 100ms/99.9%
[2024-07-21T21:27:14.776+0800][9.494s][gc,marking  ] GC(92) Mark: 2 stripe(s), 2 proactive flush(es), 1 terminate flush(es), 0 completion(s), 0 continuation(s) 
[2024-07-21T21:27:14.776+0800][9.494s][gc,marking  ] GC(92) Mark Stack Usage: 32M
[2024-07-21T21:27:14.776+0800][9.494s][gc,nmethod  ] GC(92) NMethods: 459 registered, 0 unregistered
[2024-07-21T21:27:14.776+0800][9.494s][gc,metaspace] GC(92) Metaspace: 1M used, 1M committed, 1032M reserved
[2024-07-21T21:27:14.776+0800][9.494s][gc,ref      ] GC(92) Soft: 93 encountered, 0 discovered, 0 enqueued
[2024-07-21T21:27:14.776+0800][9.494s][gc,ref      ] GC(92) Weak: 131 encountered, 0 discovered, 0 enqueued
[2024-07-21T21:27:14.776+0800][9.494s][gc,ref      ] GC(92) Final: 0 encountered, 0 discovered, 0 enqueued
[2024-07-21T21:27:14.776+0800][9.494s][gc,ref      ] GC(92) Phantom: 184 encountered, 170 discovered, 0 enqueued
[2024-07-21T21:27:14.776+0800][9.494s][gc,reloc    ] GC(92) Small Pages: 4 / 8M, Empty: 2M, Relocated: 0M, In-Place: 0
[2024-07-21T21:27:14.776+0800][9.494s][gc,reloc    ] GC(92) Medium Pages: 3 / 96M, Empty: 32M, Relocated: 1M, In-Place: 0
[2024-07-21T21:27:14.776+0800][9.494s][gc,reloc    ] GC(92) Large Pages: 0 / 0M, Empty: 0M, Relocated: 0M, In-Place: 0
[2024-07-21T21:27:14.776+0800][9.494s][gc,reloc    ] GC(92) Forwarding Usage: 0M
[2024-07-21T21:27:14.776+0800][9.494s][gc,heap     ] GC(92) Min Capacity: 8M(0%)
[2024-07-21T21:27:14.776+0800][9.494s][gc,heap     ] GC(92) Max Capacity: 2048M(100%)
[2024-07-21T21:27:14.776+0800][9.494s][gc,heap     ] GC(92) Soft Max Capacity: 128M(6%)
[2024-07-21T21:27:14.776+0800][9.495s][gc,heap     ] GC(92)                Mark Start          Mark End        Relocate Start      Relocate End           High               Low         
[2024-07-21T21:27:14.776+0800][9.495s][gc,heap     ] GC(92)  Capacity:      256M (12%)         256M (12%)         256M (12%)         256M (12%)         256M (12%)         256M (12%)    
[2024-07-21T21:27:14.776+0800][9.495s][gc,heap     ] GC(92)      Free:     1944M (95%)        1910M (93%)        1944M (95%)        1976M (96%)        1976M (96%)        1910M (93%)    
[2024-07-21T21:27:14.776+0800][9.495s][gc,heap     ] GC(92)      Used:      104M (5%)          138M (7%)          104M (5%)           72M (4%)          138M (7%)           72M (4%)     
[2024-07-21T21:27:14.776+0800][9.495s][gc,heap     ] GC(92)      Live:         -                 5M (0%)            5M (0%)            5M (0%)             -                  -          
[2024-07-21T21:27:14.776+0800][9.495s][gc,heap     ] GC(92) Allocated:         -                34M (2%)           34M (2%)           34M (2%)             -                  -          
[2024-07-21T21:27:14.776+0800][9.495s][gc,heap     ] GC(92)   Garbage:         -                98M (5%)           64M (3%)           32M (2%)             -                  -          
[2024-07-21T21:27:14.776+0800][9.495s][gc,heap     ] GC(92) Reclaimed:         -                  -                34M (2%)           66M (3%)             -                  -          
[2024-07-21T21:27:14.776+0800][9.495s][gc          ] GC(92) Garbage Collection (Allocation Rate) 104M(5%)->72M(4%)
[2024-07-21T21:27:14.850+0800][9.568s][gc,start    ] GC(93) Garbage Collection (Allocation Rate)
[2024-07-21T21:27:14.850+0800][9.568s][gc,task     ] GC(93) Using 2 workers
[2024-07-21T21:27:14.850+0800][9.569s][gc,phases   ] GC(93) Pause Mark Start 0.008ms
[2024-07-21T21:27:14.866+0800][9.584s][gc,phases   ] GC(93) Concurrent Mark 14.790ms
[2024-07-21T21:27:14.866+0800][9.584s][gc,phases   ] GC(93) Pause Mark End 0.011ms
[2024-07-21T21:27:14.866+0800][9.584s][gc,phases   ] GC(93) Concurrent Mark Free 0.001ms
[2024-07-21T21:27:14.866+0800][9.585s][gc,phases   ] GC(93) Concurrent Process Non-Strong References 1.141ms
[2024-07-21T21:27:14.866+0800][9.585s][gc,phases   ] GC(93) Concurrent Reset Relocation Set 0.001ms
[2024-07-21T21:27:14.869+0800][9.588s][gc,phases   ] GC(93) Concurrent Select Relocation Set 2.318ms
[2024-07-21T21:27:14.869+0800][9.588s][gc,phases   ] GC(93) Pause Relocate Start 0.008ms
[2024-07-21T21:27:14.869+0800][9.588s][gc,phases   ] GC(93) Concurrent Relocate 0.283ms
[2024-07-21T21:27:14.869+0800][9.588s][gc,load     ] GC(93) Load: 0.00/0.00/0.00
[2024-07-21T21:27:14.869+0800][9.588s][gc,mmu      ] GC(93) MMU: 2ms/96.6%, 5ms/98.3%, 10ms/99.2%, 20ms/99.6%, 50ms/99.8%, 100ms/99.9%
[2024-07-21T21:27:14.869+0800][9.588s][gc,marking  ] GC(93) Mark: 2 stripe(s), 2 proactive flush(es), 1 terminate flush(es), 0 completion(s), 0 continuation(s) 
[2024-07-21T21:27:14.869+0800][9.588s][gc,marking  ] GC(93) Mark Stack Usage: 32M
[2024-07-21T21:27:14.869+0800][9.588s][gc,nmethod  ] GC(93) NMethods: 459 registered, 0 unregistered
[2024-07-21T21:27:14.869+0800][9.588s][gc,metaspace] GC(93) Metaspace: 1M used, 1M committed, 1032M reserved
[2024-07-21T21:27:14.870+0800][9.588s][gc,ref      ] GC(93) Soft: 93 encountered, 0 discovered, 0 enqueued
[2024-07-21T21:27:14.870+0800][9.588s][gc,ref      ] GC(93) Weak: 131 encountered, 46 discovered, 0 enqueued
[2024-07-21T21:27:14.870+0800][9.588s][gc,ref      ] GC(93) Final: 0 encountered, 0 discovered, 0 enqueued
[2024-07-21T21:27:14.870+0800][9.588s][gc,ref      ] GC(93) Phantom: 184 encountered, 122 discovered, 0 enqueued
[2024-07-21T21:27:14.870+0800][9.588s][gc,reloc    ] GC(93) Small Pages: 4 / 8M, Empty: 2M, Relocated: 0M, In-Place: 0
[2024-07-21T21:27:14.870+0800][9.588s][gc,reloc    ] GC(93) Medium Pages: 3 / 96M, Empty: 32M, Relocated: 1M, In-Place: 0
[2024-07-21T21:27:14.870+0800][9.588s][gc,reloc    ] GC(93) Large Pages: 0 / 0M, Empty: 0M, Relocated: 0M, In-Place: 0
[2024-07-21T21:27:14.870+0800][9.588s][gc,reloc    ] GC(93) Forwarding Usage: 0M
[2024-07-21T21:27:14.870+0800][9.588s][gc,heap     ] GC(93) Min Capacity: 8M(0%)
[2024-07-21T21:27:14.870+0800][9.588s][gc,heap     ] GC(93) Max Capacity: 2048M(100%)
[2024-07-21T21:27:14.870+0800][9.588s][gc,heap     ] GC(93) Soft Max Capacity: 128M(6%)
[2024-07-21T21:27:14.870+0800][9.588s][gc,heap     ] GC(93)                Mark Start          Mark End        Relocate Start      Relocate End           High               Low         
[2024-07-21T21:27:14.870+0800][9.588s][gc,heap     ] GC(93)  Capacity:      256M (12%)         256M (12%)         256M (12%)         256M (12%)         256M (12%)         256M (12%)    
[2024-07-21T21:27:14.870+0800][9.588s][gc,heap     ] GC(93)      Free:     1944M (95%)        1910M (93%)        1944M (95%)        1976M (96%)        1976M (96%)        1910M (93%)    
[2024-07-21T21:27:14.870+0800][9.588s][gc,heap     ] GC(93)      Used:      104M (5%)          138M (7%)          104M (5%)           72M (4%)          138M (7%)           72M (4%)     
[2024-07-21T21:27:14.870+0800][9.588s][gc,heap     ] GC(93)      Live:         -                 5M (0%)            5M (0%)            5M (0%)             -                  -          
[2024-07-21T21:27:14.870+0800][9.589s][gc,heap     ] GC(93) Allocated:         -                34M (2%)           34M (2%)           34M (2%)             -                  -          
[2024-07-21T21:27:14.870+0800][9.589s][gc,heap     ] GC(93)   Garbage:         -                98M (5%)           64M (3%)           32M (2%)             -                  -          
[2024-07-21T21:27:14.870+0800][9.589s][gc,heap     ] GC(93) Reclaimed:         -                  -                34M (2%)           66M (3%)             -                  -          
[2024-07-21T21:27:14.870+0800][9.589s][gc          ] GC(93) Garbage Collection (Allocation Rate) 104M(5%)->72M(4%)
[2024-07-21T21:27:14.962+0800][9.680s][gc,start    ] GC(94) Garbage Collection (Allocation Rate)
[2024-07-21T21:27:14.962+0800][9.680s][gc,task     ] GC(94) Using 2 workers
[2024-07-21T21:27:14.962+0800][9.680s][gc,phases   ] GC(94) Pause Mark Start 0.012ms
[2024-07-21T21:27:14.978+0800][9.696s][gc,phases   ] GC(94) Concurrent Mark 15.186ms
[2024-07-21T21:27:14.978+0800][9.696s][gc,phases   ] GC(94) Pause Mark End 0.011ms
[2024-07-21T21:27:14.978+0800][9.696s][gc,phases   ] GC(94) Concurrent Mark Free 0.001ms
[2024-07-21T21:27:14.978+0800][9.697s][gc,phases   ] GC(94) Concurrent Process Non-Strong References 0.978ms
[2024-07-21T21:27:14.979+0800][9.697s][gc,phases   ] GC(94) Concurrent Reset Relocation Set 0.001ms
[2024-07-21T21:27:14.980+0800][9.699s][gc,phases   ] GC(94) Concurrent Select Relocation Set 1.571ms
[2024-07-21T21:27:14.980+0800][9.699s][gc,phases   ] GC(94) Pause Relocate Start 0.006ms
[2024-07-21T21:27:14.981+0800][9.700s][gc,phases   ] GC(94) Concurrent Relocate 0.603ms
[2024-07-21T21:27:14.981+0800][9.700s][gc,load     ] GC(94) Load: 0.00/0.00/0.00
[2024-07-21T21:27:14.981+0800][9.700s][gc,mmu      ] GC(94) MMU: 2ms/96.6%, 5ms/98.3%, 10ms/99.2%, 20ms/99.6%, 50ms/99.8%, 100ms/99.9%
[2024-07-21T21:27:14.981+0800][9.700s][gc,marking  ] GC(94) Mark: 2 stripe(s), 2 proactive flush(es), 1 terminate flush(es), 0 completion(s), 0 continuation(s) 
[2024-07-21T21:27:14.981+0800][9.700s][gc,marking  ] GC(94) Mark Stack Usage: 32M
[2024-07-21T21:27:14.981+0800][9.700s][gc,nmethod  ] GC(94) NMethods: 459 registered, 0 unregistered
[2024-07-21T21:27:14.981+0800][9.700s][gc,metaspace] GC(94) Metaspace: 1M used, 1M committed, 1032M reserved
[2024-07-21T21:27:14.981+0800][9.700s][gc,ref      ] GC(94) Soft: 93 encountered, 0 discovered, 0 enqueued
[2024-07-21T21:27:14.981+0800][9.700s][gc,ref      ] GC(94) Weak: 131 encountered, 0 discovered, 0 enqueued
[2024-07-21T21:27:14.981+0800][9.700s][gc,ref      ] GC(94) Final: 0 encountered, 0 discovered, 0 enqueued
[2024-07-21T21:27:14.981+0800][9.700s][gc,ref      ] GC(94) Phantom: 184 encountered, 119 discovered, 0 enqueued
[2024-07-21T21:27:14.981+0800][9.700s][gc,reloc    ] GC(94) Small Pages: 4 / 8M, Empty: 2M, Relocated: 0M, In-Place: 0
[2024-07-21T21:27:14.981+0800][9.700s][gc,reloc    ] GC(94) Medium Pages: 4 / 128M, Empty: 64M, Relocated: 4M, In-Place: 0
[2024-07-21T21:27:14.981+0800][9.700s][gc,reloc    ] GC(94) Large Pages: 0 / 0M, Empty: 0M, Relocated: 0M, In-Place: 0
[2024-07-21T21:27:14.981+0800][9.700s][gc,reloc    ] GC(94) Forwarding Usage: 0M
[2024-07-21T21:27:14.981+0800][9.700s][gc,heap     ] GC(94) Min Capacity: 8M(0%)
[2024-07-21T21:27:14.981+0800][9.700s][gc,heap     ] GC(94) Max Capacity: 2048M(100%)
[2024-07-21T21:27:14.981+0800][9.700s][gc,heap     ] GC(94) Soft Max Capacity: 128M(6%)
[2024-07-21T21:27:14.981+0800][9.700s][gc,heap     ] GC(94)                Mark Start          Mark End        Relocate Start      Relocate End           High               Low         
[2024-07-21T21:27:14.981+0800][9.700s][gc,heap     ] GC(94)  Capacity:      256M (12%)         256M (12%)         256M (12%)         256M (12%)         256M (12%)         256M (12%)    
[2024-07-21T21:27:14.981+0800][9.700s][gc,heap     ] GC(94)      Free:     1912M (93%)        1878M (92%)        1944M (95%)        1976M (96%)        1976M (96%)        1878M (92%)    
[2024-07-21T21:27:14.981+0800][9.700s][gc,heap     ] GC(94)      Used:      136M (7%)          170M (8%)          104M (5%)           72M (4%)          170M (8%)           72M (4%)     
[2024-07-21T21:27:14.981+0800][9.700s][gc,heap     ] GC(94)      Live:         -                 8M (0%)            8M (0%)            8M (0%)             -                  -          
[2024-07-21T21:27:14.981+0800][9.700s][gc,heap     ] GC(94) Allocated:         -                34M (2%)           34M (2%)           34M (2%)             -                  -          
[2024-07-21T21:27:14.981+0800][9.700s][gc,heap     ] GC(94)   Garbage:         -               127M (6%)           61M (3%)           29M (1%)             -                  -          
[2024-07-21T21:27:14.981+0800][9.700s][gc,heap     ] GC(94) Reclaimed:         -                  -                66M (3%)           98M (5%)             -                  -          
[2024-07-21T21:27:14.981+0800][9.700s][gc          ] GC(94) Garbage Collection (Allocation Rate) 136M(7%)->72M(4%)
[2024-07-21T21:27:15.055+0800][9.773s][gc,start    ] GC(95) Garbage Collection (Allocation Rate)
[2024-07-21T21:27:15.055+0800][9.773s][gc,task     ] GC(95) Using 2 workers
[2024-07-21T21:27:15.055+0800][9.774s][gc,phases   ] GC(95) Pause Mark Start 0.010ms
[2024-07-21T21:27:15.071+0800][9.789s][gc,phases   ] GC(95) Concurrent Mark 15.628ms
[2024-07-21T21:27:15.071+0800][9.790s][gc,phases   ] GC(95) Pause Mark End 0.019ms
[2024-07-21T21:27:15.071+0800][9.790s][gc,phases   ] GC(95) Concurrent Mark Free 0.001ms
[2024-07-21T21:27:15.072+0800][9.791s][gc,phases   ] GC(95) Concurrent Process Non-Strong References 1.257ms
[2024-07-21T21:27:15.072+0800][9.791s][gc,phases   ] GC(95) Concurrent Reset Relocation Set 0.002ms
[2024-07-21T21:27:15.075+0800][9.794s][gc,phases   ] GC(95) Concurrent Select Relocation Set 2.487ms
[2024-07-21T21:27:15.075+0800][9.794s][gc,phases   ] GC(95) Pause Relocate Start 0.007ms
[2024-07-21T21:27:15.076+0800][9.795s][gc,phases   ] GC(95) Concurrent Relocate 1.038ms
[2024-07-21T21:27:15.076+0800][9.795s][gc,load     ] GC(95) Load: 0.00/0.00/0.00
[2024-07-21T21:27:15.076+0800][9.795s][gc,mmu      ] GC(95) MMU: 2ms/96.6%, 5ms/98.3%, 10ms/99.2%, 20ms/99.6%, 50ms/99.8%, 100ms/99.9%
[2024-07-21T21:27:15.076+0800][9.795s][gc,marking  ] GC(95) Mark: 2 stripe(s), 2 proactive flush(es), 1 terminate flush(es), 0 completion(s), 0 continuation(s) 
[2024-07-21T21:27:15.076+0800][9.795s][gc,marking  ] GC(95) Mark Stack Usage: 32M
[2024-07-21T21:27:15.077+0800][9.795s][gc,nmethod  ] GC(95) NMethods: 459 registered, 0 unregistered
[2024-07-21T21:27:15.077+0800][9.795s][gc,metaspace] GC(95) Metaspace: 1M used, 1M committed, 1032M reserved
[2024-07-21T21:27:15.077+0800][9.795s][gc,ref      ] GC(95) Soft: 93 encountered, 0 discovered, 0 enqueued
[2024-07-21T21:27:15.077+0800][9.795s][gc,ref      ] GC(95) Weak: 131 encountered, 1 discovered, 0 enqueued
[2024-07-21T21:27:15.077+0800][9.795s][gc,ref      ] GC(95) Final: 0 encountered, 0 discovered, 0 enqueued
[2024-07-21T21:27:15.077+0800][9.795s][gc,ref      ] GC(95) Phantom: 184 encountered, 142 discovered, 0 enqueued
[2024-07-21T21:27:15.077+0800][9.795s][gc,reloc    ] GC(95) Small Pages: 4 / 8M, Empty: 2M, Relocated: 0M, In-Place: 0
[2024-07-21T21:27:15.077+0800][9.795s][gc,reloc    ] GC(95) Medium Pages: 3 / 96M, Empty: 32M, Relocated: 4M, In-Place: 0
[2024-07-21T21:27:15.077+0800][9.795s][gc,reloc    ] GC(95) Large Pages: 0 / 0M, Empty: 0M, Relocated: 0M, In-Place: 0
[2024-07-21T21:27:15.077+0800][9.795s][gc,reloc    ] GC(95) Forwarding Usage: 0M
[2024-07-21T21:27:15.077+0800][9.795s][gc,heap     ] GC(95) Min Capacity: 8M(0%)
[2024-07-21T21:27:15.077+0800][9.795s][gc,heap     ] GC(95) Max Capacity: 2048M(100%)
[2024-07-21T21:27:15.077+0800][9.795s][gc,heap     ] GC(95) Soft Max Capacity: 128M(6%)
[2024-07-21T21:27:15.077+0800][9.795s][gc,heap     ] GC(95)                Mark Start          Mark End        Relocate Start      Relocate End           High               Low         
[2024-07-21T21:27:15.077+0800][9.795s][gc,heap     ] GC(95)  Capacity:      256M (12%)         256M (12%)         256M (12%)         256M (12%)         256M (12%)         256M (12%)    
[2024-07-21T21:27:15.077+0800][9.795s][gc,heap     ] GC(95)      Free:     1944M (95%)        1910M (93%)        1944M (95%)        1976M (96%)        1976M (96%)        1910M (93%)    
[2024-07-21T21:27:15.077+0800][9.795s][gc,heap     ] GC(95)      Used:      104M (5%)          138M (7%)          104M (5%)           72M (4%)          138M (7%)           72M (4%)     
[2024-07-21T21:27:15.077+0800][9.795s][gc,heap     ] GC(95)      Live:         -                 8M (0%)            8M (0%)            8M (0%)             -                  -          
[2024-07-21T21:27:15.077+0800][9.795s][gc,heap     ] GC(95) Allocated:         -                34M (2%)           34M (2%)           34M (2%)             -                  -          
[2024-07-21T21:27:15.077+0800][9.796s][gc,heap     ] GC(95)   Garbage:         -                95M (5%)           61M (3%)           29M (1%)             -                  -          
[2024-07-21T21:27:15.077+0800][9.796s][gc,heap     ] GC(95) Reclaimed:         -                  -                34M (2%)           66M (3%)             -                  -          
[2024-07-21T21:27:15.077+0800][9.796s][gc          ] GC(95) Garbage Collection (Allocation Rate) 104M(5%)->72M(4%)
[2024-07-21T21:27:15.151+0800][9.869s][gc,start    ] GC(96) Garbage Collection (Allocation Rate)
[2024-07-21T21:27:15.151+0800][9.869s][gc,task     ] GC(96) Using 2 workers
[2024-07-21T21:27:15.151+0800][9.869s][gc,phases   ] GC(96) Pause Mark Start 0.014ms
[2024-07-21T21:27:15.167+0800][9.885s][gc,phases   ] GC(96) Concurrent Mark 15.394ms
[2024-07-21T21:27:15.167+0800][9.885s][gc,phases   ] GC(96) Pause Mark End 0.011ms
[2024-07-21T21:27:15.167+0800][9.885s][gc,phases   ] GC(96) Concurrent Mark Free 0.002ms
[2024-07-21T21:27:15.168+0800][9.886s][gc,phases   ] GC(96) Concurrent Process Non-Strong References 0.975ms
[2024-07-21T21:27:15.168+0800][9.886s][gc,phases   ] GC(96) Concurrent Reset Relocation Set 0.001ms
[2024-07-21T21:27:15.169+0800][9.888s][gc,phases   ] GC(96) Concurrent Select Relocation Set 1.584ms
[2024-07-21T21:27:15.169+0800][9.888s][gc,phases   ] GC(96) Pause Relocate Start 0.006ms
[2024-07-21T21:27:15.170+0800][9.889s][gc,phases   ] GC(96) Concurrent Relocate 0.466ms
[2024-07-21T21:27:15.170+0800][9.889s][gc,load     ] GC(96) Load: 0.00/0.00/0.00
[2024-07-21T21:27:15.170+0800][9.889s][gc,mmu      ] GC(96) MMU: 2ms/96.6%, 5ms/98.3%, 10ms/99.2%, 20ms/99.6%, 50ms/99.8%, 100ms/99.9%
[2024-07-21T21:27:15.170+0800][9.889s][gc,marking  ] GC(96) Mark: 2 stripe(s), 2 proactive flush(es), 1 terminate flush(es), 0 completion(s), 0 continuation(s) 
[2024-07-21T21:27:15.170+0800][9.889s][gc,marking  ] GC(96) Mark Stack Usage: 32M
[2024-07-21T21:27:15.170+0800][9.889s][gc,nmethod  ] GC(96) NMethods: 459 registered, 0 unregistered
[2024-07-21T21:27:15.170+0800][9.889s][gc,metaspace] GC(96) Metaspace: 1M used, 1M committed, 1032M reserved
[2024-07-21T21:27:15.170+0800][9.889s][gc,ref      ] GC(96) Soft: 93 encountered, 0 discovered, 0 enqueued
[2024-07-21T21:27:15.170+0800][9.889s][gc,ref      ] GC(96) Weak: 131 encountered, 0 discovered, 0 enqueued
[2024-07-21T21:27:15.170+0800][9.889s][gc,ref      ] GC(96) Final: 0 encountered, 0 discovered, 0 enqueued
[2024-07-21T21:27:15.170+0800][9.889s][gc,ref      ] GC(96) Phantom: 184 encountered, 169 discovered, 0 enqueued
[2024-07-21T21:27:15.170+0800][9.889s][gc,reloc    ] GC(96) Small Pages: 4 / 8M, Empty: 2M, Relocated: 0M, In-Place: 0
[2024-07-21T21:27:15.170+0800][9.889s][gc,reloc    ] GC(96) Medium Pages: 3 / 96M, Empty: 32M, Relocated: 3M, In-Place: 0
[2024-07-21T21:27:15.170+0800][9.889s][gc,reloc    ] GC(96) Large Pages: 0 / 0M, Empty: 0M, Relocated: 0M, In-Place: 0
[2024-07-21T21:27:15.170+0800][9.889s][gc,reloc    ] GC(96) Forwarding Usage: 0M
[2024-07-21T21:27:15.170+0800][9.889s][gc,heap     ] GC(96) Min Capacity: 8M(0%)
[2024-07-21T21:27:15.170+0800][9.889s][gc,heap     ] GC(96) Max Capacity: 2048M(100%)
[2024-07-21T21:27:15.170+0800][9.889s][gc,heap     ] GC(96) Soft Max Capacity: 128M(6%)
[2024-07-21T21:27:15.170+0800][9.889s][gc,heap     ] GC(96)                Mark Start          Mark End        Relocate Start      Relocate End           High               Low         
[2024-07-21T21:27:15.170+0800][9.889s][gc,heap     ] GC(96)  Capacity:      256M (12%)         256M (12%)         256M (12%)         256M (12%)         256M (12%)         256M (12%)    
[2024-07-21T21:27:15.170+0800][9.889s][gc,heap     ] GC(96)      Free:     1944M (95%)        1910M (93%)        1944M (95%)        1976M (96%)        1976M (96%)        1910M (93%)    
[2024-07-21T21:27:15.170+0800][9.889s][gc,heap     ] GC(96)      Used:      104M (5%)          138M (7%)          104M (5%)           72M (4%)          138M (7%)           72M (4%)     
[2024-07-21T21:27:15.170+0800][9.889s][gc,heap     ] GC(96)      Live:         -                 7M (0%)            7M (0%)            7M (0%)             -                  -          
[2024-07-21T21:27:15.170+0800][9.889s][gc,heap     ] GC(96) Allocated:         -                34M (2%)           34M (2%)           34M (2%)             -                  -          
[2024-07-21T21:27:15.170+0800][9.889s][gc,heap     ] GC(96)   Garbage:         -                96M (5%)           62M (3%)           30M (1%)             -                  -          
[2024-07-21T21:27:15.170+0800][9.889s][gc,heap     ] GC(96) Reclaimed:         -                  -                34M (2%)           66M (3%)             -                  -          
[2024-07-21T21:27:15.170+0800][9.889s][gc          ] GC(96) Garbage Collection (Allocation Rate) 104M(5%)->72M(4%)
[2024-07-21T21:27:15.261+0800][9.979s][gc,start    ] GC(97) Garbage Collection (Allocation Rate)
[2024-07-21T21:27:15.261+0800][9.979s][gc,task     ] GC(97) Using 2 workers
[2024-07-21T21:27:15.261+0800][9.980s][gc,phases   ] GC(97) Pause Mark Start 0.008ms
[2024-07-21T21:27:15.277+0800][9.995s][gc,phases   ] GC(97) Concurrent Mark 15.501ms
[2024-07-21T21:27:15.277+0800][9.996s][gc,phases   ] GC(97) Pause Mark End 0.016ms
[2024-07-21T21:27:15.277+0800][9.996s][gc,phases   ] GC(97) Concurrent Mark Free 0.002ms
[2024-07-21T21:27:15.278+0800][9.997s][gc,phases   ] GC(97) Concurrent Process Non-Strong References 0.995ms
[2024-07-21T21:27:15.278+0800][9.997s][gc,phases   ] GC(97) Concurrent Reset Relocation Set 0.001ms
[2024-07-21T21:27:15.280+0800][9.999s][gc,phases   ] GC(97) Concurrent Select Relocation Set 1.800ms
[2024-07-21T21:27:15.280+0800][9.999s][gc,phases   ] GC(97) Pause Relocate Start 0.008ms
[2024-07-21T21:27:15.280+0800][9.999s][gc,phases   ] GC(97) Concurrent Relocate 0.208ms
[2024-07-21T21:27:15.280+0800][9.999s][gc,load     ] GC(97) Load: 0.00/0.00/0.00
[2024-07-21T21:27:15.281+0800][9.999s][gc,mmu      ] GC(97) MMU: 2ms/96.6%, 5ms/98.3%, 10ms/99.2%, 20ms/99.6%, 50ms/99.8%, 100ms/99.9%
[2024-07-21T21:27:15.281+0800][9.999s][gc,marking  ] GC(97) Mark: 2 stripe(s), 2 proactive flush(es), 1 terminate flush(es), 0 completion(s), 0 continuation(s) 
[2024-07-21T21:27:15.281+0800][9.999s][gc,marking  ] GC(97) Mark Stack Usage: 32M
[2024-07-21T21:27:15.281+0800][9.999s][gc,nmethod  ] GC(97) NMethods: 459 registered, 0 unregistered
[2024-07-21T21:27:15.281+0800][9.999s][gc,metaspace] GC(97) Metaspace: 1M used, 1M committed, 1032M reserved
[2024-07-21T21:27:15.281+0800][9.999s][gc,ref      ] GC(97) Soft: 93 encountered, 0 discovered, 0 enqueued
[2024-07-21T21:27:15.281+0800][9.999s][gc,ref      ] GC(97) Weak: 131 encountered, 0 discovered, 0 enqueued
[2024-07-21T21:27:15.281+0800][9.999s][gc,ref      ] GC(97) Final: 0 encountered, 0 discovered, 0 enqueued
[2024-07-21T21:27:15.281+0800][9.999s][gc,ref      ] GC(97) Phantom: 184 encountered, 119 discovered, 0 enqueued
[2024-07-21T21:27:15.281+0800][9.999s][gc,reloc    ] GC(97) Small Pages: 4 / 8M, Empty: 2M, Relocated: 0M, In-Place: 0
[2024-07-21T21:27:15.281+0800][9.999s][gc,reloc    ] GC(97) Medium Pages: 4 / 128M, Empty: 64M, Relocated: 1M, In-Place: 0
[2024-07-21T21:27:15.281+0800][9.999s][gc,reloc    ] GC(97) Large Pages: 0 / 0M, Empty: 0M, Relocated: 0M, In-Place: 0
[2024-07-21T21:27:15.281+0800][9.999s][gc,reloc    ] GC(97) Forwarding Usage: 0M
[2024-07-21T21:27:15.281+0800][9.999s][gc,heap     ] GC(97) Min Capacity: 8M(0%)
[2024-07-21T21:27:15.281+0800][9.999s][gc,heap     ] GC(97) Max Capacity: 2048M(100%)
[2024-07-21T21:27:15.281+0800][9.999s][gc,heap     ] GC(97) Soft Max Capacity: 128M(6%)
[2024-07-21T21:27:15.281+0800][9.999s][gc,heap     ] GC(97)                Mark Start          Mark End        Relocate Start      Relocate End           High               Low         
[2024-07-21T21:27:15.281+0800][9.999s][gc,heap     ] GC(97)  Capacity:      256M (12%)         256M (12%)         256M (12%)         256M (12%)         256M (12%)         256M (12%)    
[2024-07-21T21:27:15.281+0800][9.999s][gc,heap     ] GC(97)      Free:     1912M (93%)        1878M (92%)        1944M (95%)        1976M (96%)        1976M (96%)        1878M (92%)    
[2024-07-21T21:27:15.281+0800][9.999s][gc,heap     ] GC(97)      Used:      136M (7%)          170M (8%)          104M (5%)           72M (4%)          170M (8%)           72M (4%)     
[2024-07-21T21:27:15.281+0800][9.999s][gc,heap     ] GC(97)      Live:         -                 5M (0%)            5M (0%)            5M (0%)             -                  -          
[2024-07-21T21:27:15.281+0800][10.000s][gc,heap     ] GC(97) Allocated:         -                34M (2%)           34M (2%)           34M (2%)             -                  -          
[2024-07-21T21:27:15.281+0800][10.000s][gc,heap     ] GC(97)   Garbage:         -               130M (6%)           64M (3%)           32M (2%)             -                  -          
[2024-07-21T21:27:15.281+0800][10.000s][gc,heap     ] GC(97) Reclaimed:         -                  -                66M (3%)           98M (5%)             -                  -          
[2024-07-21T21:27:15.281+0800][10.000s][gc          ] GC(97) Garbage Collection (Allocation Rate) 136M(7%)->72M(4%)
[2024-07-21T21:27:15.357+0800][10.075s][gc,stats    ] === Garbage Collection Statistics =======================================================================================================================
[2024-07-21T21:27:15.357+0800][10.075s][gc,start    ] GC(98) Garbage Collection (Allocation Rate)
[2024-07-21T21:27:15.357+0800][10.075s][gc,stats    ]                                                              Last 10s              Last 10m              Last 10h                Total
[2024-07-21T21:27:15.357+0800][10.075s][gc,task     ] GC(98) Using 2 workers
[2024-07-21T21:27:15.357+0800][10.075s][gc,stats    ]                                                              Avg / Max             Avg / Max             Avg / Max             Avg / Max
[2024-07-21T21:27:15.357+0800][10.075s][gc,stats    ]   Collector: Garbage Collection Cycle                     20.805 / 30.917       20.805 / 30.917       20.805 / 30.917       20.805 / 30.917      ms
[2024-07-21T21:27:15.357+0800][10.075s][gc,stats    ]  Contention: Mark Segment Reset Contention                     1 / 3                 1 / 3                 1 / 3                 1 / 3           ops/s
[2024-07-21T21:27:15.357+0800][10.075s][gc,stats    ]  Contention: Mark SeqNum Reset Contention                      0 / 2                 0 / 2                 0 / 2                 0 / 2           ops/s
[2024-07-21T21:27:15.357+0800][10.075s][gc,stats    ]    Critical: Allocation Stall                                  0 / 0                 0 / 0                 0 / 0                 0 / 0           ops/s
[2024-07-21T21:27:15.357+0800][10.075s][gc,stats    ]    Critical: Allocation Stall                              0.000 / 0.000         0.000 / 0.000         0.000 / 0.000         0.000 / 0.000       ms
[2024-07-21T21:27:15.357+0800][10.075s][gc,stats    ]    Critical: GC Locker Stall                                   0 / 0                 0 / 0                 0 / 0                 0 / 0           ops/s
[2024-07-21T21:27:15.357+0800][10.075s][gc,phases   ] GC(98) Pause Mark Start 0.009ms
[2024-07-21T21:27:15.357+0800][10.075s][gc,stats    ]    Critical: GC Locker Stall                               0.000 / 0.000         0.000 / 0.000         0.000 / 0.000         0.000 / 0.000       ms
[2024-07-21T21:27:15.357+0800][10.076s][gc,stats    ]    Critical: Relocation Stall                                  0 / 0                 0 / 0                 0 / 0                 0 / 0           ops/s
[2024-07-21T21:27:15.357+0800][10.076s][gc,stats    ]    Critical: Relocation Stall                              0.000 / 0.000         0.000 / 0.000         0.000 / 0.000         0.000 / 0.000       ms
[2024-07-21T21:27:15.357+0800][10.076s][gc,stats    ]      Memory: Allocation Rate                                 747 / 790             747 / 790             747 / 790             747 / 790         MB/s
[2024-07-21T21:27:15.357+0800][10.076s][gc,stats    ]      Memory: Out Of Memory                                     0 / 0                 0 / 0                 0 / 0                 0 / 0           ops/s
[2024-07-21T21:27:15.357+0800][10.076s][gc,stats    ]      Memory: Page Cache Flush                                  0 / 0                 0 / 0                 0 / 0                 0 / 0           MB/s
[2024-07-21T21:27:15.357+0800][10.076s][gc,stats    ]      Memory: Page Cache Hit L1                                42 / 46               42 / 46               42 / 46               42 / 46          ops/s
[2024-07-21T21:27:15.357+0800][10.076s][gc,stats    ]      Memory: Page Cache Hit L2                                 0 / 0                 0 / 0                 0 / 0                 0 / 0           ops/s
[2024-07-21T21:27:15.357+0800][10.076s][gc,stats    ]      Memory: Page Cache Hit L3                                 1 / 14                1 / 14                1 / 14                1 / 14          ops/s
[2024-07-21T21:27:15.357+0800][10.076s][gc,stats    ]      Memory: Page Cache Miss                                   0 / 1                 0 / 1                 0 / 1                 0 / 1           ops/s
[2024-07-21T21:27:15.357+0800][10.076s][gc,stats    ]      Memory: Uncommit                                          0 / 0                 0 / 0                 0 / 0                 0 / 0           MB/s
[2024-07-21T21:27:15.357+0800][10.076s][gc,stats    ]      Memory: Undo Object Allocation Failed                     0 / 0                 0 / 0                 0 / 0                 0 / 0           ops/s
[2024-07-21T21:27:15.357+0800][10.076s][gc,stats    ]      Memory: Undo Object Allocation Succeeded                  0 / 0                 0 / 0                 0 / 0                 0 / 0           ops/s
[2024-07-21T21:27:15.357+0800][10.076s][gc,stats    ]      Memory: Undo Page Allocation                              0 / 0                 0 / 0                 0 / 0                 0 / 0           ops/s
[2024-07-21T21:27:15.357+0800][10.076s][gc,stats    ]       Phase: Concurrent Mark                              15.149 / 15.940       15.149 / 15.940       15.149 / 15.940       15.149 / 15.940      ms
[2024-07-21T21:27:15.357+0800][10.076s][gc,stats    ]       Phase: Concurrent Mark Continue                      0.000 / 0.000         0.000 / 0.000         0.000 / 0.000         0.000 / 0.000       ms
[2024-07-21T21:27:15.357+0800][10.076s][gc,stats    ]       Phase: Concurrent Mark Free                          0.002 / 0.011         0.002 / 0.011         0.002 / 0.011         0.002 / 0.011       ms
[2024-07-21T21:27:15.357+0800][10.076s][gc,stats    ]       Phase: Concurrent Process Non-Strong References      0.952 / 1.425         0.952 / 1.425         0.952 / 1.425         0.952 / 1.425       ms
[2024-07-21T21:27:15.357+0800][10.076s][gc,stats    ]       Phase: Concurrent Relocate                           0.842 / 10.224        0.842 / 10.224        0.842 / 10.224        0.842 / 10.224      ms
[2024-07-21T21:27:15.357+0800][10.076s][gc,stats    ]       Phase: Concurrent Reset Relocation Set               0.001 / 0.007         0.001 / 0.007         0.001 / 0.007         0.001 / 0.007       ms
[2024-07-21T21:27:15.357+0800][10.076s][gc,stats    ]       Phase: Concurrent Select Relocation Set              2.324 / 8.815         2.324 / 8.815         2.324 / 8.815         2.324 / 8.815       ms
[2024-07-21T21:27:15.357+0800][10.076s][gc,stats    ]       Phase: Pause Mark End                                0.019 / 0.068         0.019 / 0.068         0.019 / 0.068         0.019 / 0.068       ms
[2024-07-21T21:27:15.357+0800][10.076s][gc,stats    ]       Phase: Pause Mark Start                              0.011 / 0.030         0.011 / 0.030         0.011 / 0.030         0.011 / 0.030       ms
[2024-07-21T21:27:15.357+0800][10.076s][gc,stats    ]       Phase: Pause Relocate Start                          0.009 / 0.032         0.009 / 0.032         0.009 / 0.032         0.009 / 0.032       ms
[2024-07-21T21:27:15.357+0800][10.076s][gc,stats    ]    Subphase: Concurrent Classes Purge                      0.092 / 0.164         0.092 / 0.164         0.092 / 0.164         0.092 / 0.164       ms
[2024-07-21T21:27:15.357+0800][10.076s][gc,stats    ]    Subphase: Concurrent Classes Unlink                     0.432 / 0.932         0.432 / 0.932         0.432 / 0.932         0.432 / 0.932       ms
[2024-07-21T21:27:15.357+0800][10.076s][gc,stats    ]    Subphase: Concurrent Mark                               8.403 / 15.412        8.403 / 15.412        8.403 / 15.412        8.403 / 15.412      ms
[2024-07-21T21:27:15.357+0800][10.076s][gc,stats    ]    Subphase: Concurrent Mark Try Flush                     0.110 / 0.196         0.110 / 0.196         0.110 / 0.196         0.110 / 0.196       ms
[2024-07-21T21:27:15.357+0800][10.076s][gc,stats    ]    Subphase: Concurrent Mark Try Terminate                 4.279 / 13.925        4.279 / 13.925        4.279 / 13.925        4.279 / 13.925      ms
[2024-07-21T21:27:15.357+0800][10.076s][gc,stats    ]    Subphase: Concurrent References Enqueue                 0.001 / 0.006         0.001 / 0.006         0.001 / 0.006         0.001 / 0.006       ms
[2024-07-21T21:27:15.358+0800][10.076s][gc,stats    ]    Subphase: Concurrent References Process                 0.116 / 0.332         0.116 / 0.332         0.116 / 0.332         0.116 / 0.332       ms
[2024-07-21T21:27:15.358+0800][10.076s][gc,stats    ]    Subphase: Concurrent Roots ClassLoaderDataGraph         0.042 / 0.253         0.042 / 0.253         0.042 / 0.253         0.042 / 0.253       ms
[2024-07-21T21:27:15.358+0800][10.076s][gc,stats    ]    Subphase: Concurrent Roots CodeCache                    0.000 / 0.000         0.000 / 0.000         0.000 / 0.000         0.000 / 0.000       ms
[2024-07-21T21:27:15.358+0800][10.076s][gc,stats    ]    Subphase: Concurrent Roots JavaThreads                  0.221 / 0.553         0.221 / 0.553         0.221 / 0.553         0.221 / 0.553       ms
[2024-07-21T21:27:15.358+0800][10.076s][gc,stats    ]    Subphase: Concurrent Roots OopStorageSet                0.011 / 0.079         0.011 / 0.079         0.011 / 0.079         0.011 / 0.079       ms
[2024-07-21T21:27:15.358+0800][10.076s][gc,stats    ]    Subphase: Concurrent Weak Roots OopStorageSet           0.110 / 0.337         0.110 / 0.337         0.110 / 0.337         0.110 / 0.337       ms
[2024-07-21T21:27:15.358+0800][10.076s][gc,stats    ]    Subphase: Pause Mark Try Complete                       0.000 / 0.000         0.000 / 0.000         0.000 / 0.000         0.000 / 0.000       ms
[2024-07-21T21:27:15.358+0800][10.076s][gc,stats    ]      System: Java Threads                                     13 / 14               13 / 14               13 / 14               13 / 14          threads
[2024-07-21T21:27:15.358+0800][10.076s][gc,stats    ] =========================================================================================================================================================
[2024-07-21T21:27:15.373+0800][10.091s][gc,phases   ] GC(98) Concurrent Mark 15.039ms
[2024-07-21T21:27:15.373+0800][10.091s][gc,phases   ] GC(98) Pause Mark End 0.012ms
[2024-07-21T21:27:15.373+0800][10.091s][gc,phases   ] GC(98) Concurrent Mark Free 0.002ms
[2024-07-21T21:27:15.374+0800][10.092s][gc,phases   ] GC(98) Concurrent Process Non-Strong References 0.989ms
[2024-07-21T21:27:15.374+0800][10.092s][gc,phases   ] GC(98) Concurrent Reset Relocation Set 0.001ms
[2024-07-21T21:27:15.375+0800][10.094s][gc,phases   ] GC(98) Concurrent Select Relocation Set 1.791ms
[2024-07-21T21:27:15.376+0800][10.094s][gc,phases   ] GC(98) Pause Relocate Start 0.006ms
[2024-07-21T21:27:15.376+0800][10.095s][gc,phases   ] GC(98) Concurrent Relocate 0.264ms
[2024-07-21T21:27:15.376+0800][10.095s][gc,load     ] GC(98) Load: 0.00/0.00/0.00
[2024-07-21T21:27:15.376+0800][10.095s][gc,mmu      ] GC(98) MMU: 2ms/96.6%, 5ms/98.3%, 10ms/99.2%, 20ms/99.6%, 50ms/99.8%, 100ms/99.9%
[2024-07-21T21:27:15.376+0800][10.095s][gc,marking  ] GC(98) Mark: 2 stripe(s), 2 proactive flush(es), 1 terminate flush(es), 0 completion(s), 0 continuation(s) 
[2024-07-21T21:27:15.376+0800][10.095s][gc,marking  ] GC(98) Mark Stack Usage: 32M
[2024-07-21T21:27:15.376+0800][10.095s][gc,nmethod  ] GC(98) NMethods: 460 registered, 0 unregistered
[2024-07-21T21:27:15.376+0800][10.095s][gc,metaspace] GC(98) Metaspace: 1M used, 1M committed, 1032M reserved
[2024-07-21T21:27:15.376+0800][10.095s][gc,ref      ] GC(98) Soft: 93 encountered, 0 discovered, 0 enqueued
[2024-07-21T21:27:15.376+0800][10.095s][gc,ref      ] GC(98) Weak: 131 encountered, 1 discovered, 0 enqueued
[2024-07-21T21:27:15.376+0800][10.095s][gc,ref      ] GC(98) Final: 0 encountered, 0 discovered, 0 enqueued
[2024-07-21T21:27:15.376+0800][10.095s][gc,ref      ] GC(98) Phantom: 184 encountered, 142 discovered, 0 enqueued
[2024-07-21T21:27:15.376+0800][10.095s][gc,reloc    ] GC(98) Small Pages: 4 / 8M, Empty: 2M, Relocated: 0M, In-Place: 0
[2024-07-21T21:27:15.376+0800][10.095s][gc,reloc    ] GC(98) Medium Pages: 3 / 96M, Empty: 32M, Relocated: 1M, In-Place: 0
[2024-07-21T21:27:15.376+0800][10.095s][gc,reloc    ] GC(98) Large Pages: 0 / 0M, Empty: 0M, Relocated: 0M, In-Place: 0
[2024-07-21T21:27:15.376+0800][10.095s][gc,reloc    ] GC(98) Forwarding Usage: 0M
[2024-07-21T21:27:15.376+0800][10.095s][gc,heap     ] GC(98) Min Capacity: 8M(0%)
[2024-07-21T21:27:15.376+0800][10.095s][gc,heap     ] GC(98) Max Capacity: 2048M(100%)
[2024-07-21T21:27:15.376+0800][10.095s][gc,heap     ] GC(98) Soft Max Capacity: 128M(6%)
[2024-07-21T21:27:15.376+0800][10.095s][gc,heap     ] GC(98)                Mark Start          Mark End        Relocate Start      Relocate End           High               Low         
[2024-07-21T21:27:15.376+0800][10.095s][gc,heap     ] GC(98)  Capacity:      256M (12%)         256M (12%)         256M (12%)         256M (12%)         256M (12%)         256M (12%)    
[2024-07-21T21:27:15.376+0800][10.095s][gc,heap     ] GC(98)      Free:     1944M (95%)        1910M (93%)        1944M (95%)        1976M (96%)        1976M (96%)        1910M (93%)    
[2024-07-21T21:27:15.376+0800][10.095s][gc,heap     ] GC(98)      Used:      104M (5%)          138M (7%)          104M (5%)           72M (4%)          138M (7%)           72M (4%)     
[2024-07-21T21:27:15.376+0800][10.095s][gc,heap     ] GC(98)      Live:         -                 5M (0%)            5M (0%)            5M (0%)             -                  -          
[2024-07-21T21:27:15.376+0800][10.095s][gc,heap     ] GC(98) Allocated:         -                34M (2%)           34M (2%)           34M (2%)             -                  -          
[2024-07-21T21:27:15.376+0800][10.095s][gc,heap     ] GC(98)   Garbage:         -                98M (5%)           64M (3%)           32M (2%)             -                  -          
[2024-07-21T21:27:15.376+0800][10.095s][gc,heap     ] GC(98) Reclaimed:         -                  -                34M (2%)           66M (3%)             -                  -          
[2024-07-21T21:27:15.376+0800][10.095s][gc          ] GC(98) Garbage Collection (Allocation Rate) 104M(5%)->72M(4%)
[2024-07-21T21:27:15.453+0800][10.171s][gc,start    ] GC(99) Garbage Collection (Allocation Rate)
[2024-07-21T21:27:15.453+0800][10.171s][gc,task     ] GC(99) Using 2 workers
[2024-07-21T21:27:15.453+0800][10.171s][gc,phases   ] GC(99) Pause Mark Start 0.009ms
[2024-07-21T21:27:15.468+0800][10.186s][gc,phases   ] GC(99) Concurrent Mark 15.038ms
[2024-07-21T21:27:15.468+0800][10.186s][gc,phases   ] GC(99) Pause Mark End 0.010ms
[2024-07-21T21:27:15.468+0800][10.186s][gc,phases   ] GC(99) Concurrent Mark Free 0.001ms
[2024-07-21T21:27:15.469+0800][10.187s][gc,phases   ] GC(99) Concurrent Process Non-Strong References 0.942ms
[2024-07-21T21:27:15.469+0800][10.187s][gc,phases   ] GC(99) Concurrent Reset Relocation Set 0.001ms
[2024-07-21T21:27:15.471+0800][10.190s][gc,phases   ] GC(99) Concurrent Select Relocation Set 2.283ms
[2024-07-21T21:27:15.472+0800][10.190s][gc,phases   ] GC(99) Pause Relocate Start 0.029ms
[2024-07-21T21:27:15.472+0800][10.191s][gc,phases   ] GC(99) Concurrent Relocate 0.628ms
[2024-07-21T21:27:15.473+0800][10.191s][gc,load     ] GC(99) Load: 0.00/0.00/0.00
[2024-07-21T21:27:15.473+0800][10.191s][gc,mmu      ] GC(99) MMU: 2ms/96.6%, 5ms/98.3%, 10ms/99.2%, 20ms/99.6%, 50ms/99.8%, 100ms/99.9%
[2024-07-21T21:27:15.473+0800][10.191s][gc,marking  ] GC(99) Mark: 2 stripe(s), 2 proactive flush(es), 1 terminate flush(es), 0 completion(s), 0 continuation(s) 
[2024-07-21T21:27:15.473+0800][10.191s][gc,marking  ] GC(99) Mark Stack Usage: 32M
[2024-07-21T21:27:15.473+0800][10.191s][gc,nmethod  ] GC(99) NMethods: 460 registered, 0 unregistered
[2024-07-21T21:27:15.473+0800][10.191s][gc,metaspace] GC(99) Metaspace: 1M used, 1M committed, 1032M reserved
[2024-07-21T21:27:15.473+0800][10.191s][gc,ref      ] GC(99) Soft: 93 encountered, 0 discovered, 0 enqueued
[2024-07-21T21:27:15.473+0800][10.191s][gc,ref      ] GC(99) Weak: 131 encountered, 14 discovered, 0 enqueued
[2024-07-21T21:27:15.473+0800][10.191s][gc,ref      ] GC(99) Final: 0 encountered, 0 discovered, 0 enqueued
[2024-07-21T21:27:15.473+0800][10.191s][gc,ref      ] GC(99) Phantom: 184 encountered, 119 discovered, 0 enqueued
[2024-07-21T21:27:15.473+0800][10.191s][gc,reloc    ] GC(99) Small Pages: 4 / 8M, Empty: 2M, Relocated: 0M, In-Place: 0
[2024-07-21T21:27:15.473+0800][10.191s][gc,reloc    ] GC(99) Medium Pages: 3 / 96M, Empty: 32M, Relocated: 1M, In-Place: 0
[2024-07-21T21:27:15.473+0800][10.191s][gc,reloc    ] GC(99) Large Pages: 0 / 0M, Empty: 0M, Relocated: 0M, In-Place: 0
[2024-07-21T21:27:15.473+0800][10.191s][gc,reloc    ] GC(99) Forwarding Usage: 0M
[2024-07-21T21:27:15.473+0800][10.191s][gc,heap     ] GC(99) Min Capacity: 8M(0%)
[2024-07-21T21:27:15.473+0800][10.191s][gc,heap     ] GC(99) Max Capacity: 2048M(100%)
[2024-07-21T21:27:15.473+0800][10.191s][gc,heap     ] GC(99) Soft Max Capacity: 128M(6%)
[2024-07-21T21:27:15.473+0800][10.191s][gc,heap     ] GC(99)                Mark Start          Mark End        Relocate Start      Relocate End           High               Low         
[2024-07-21T21:27:15.473+0800][10.191s][gc,heap     ] GC(99)  Capacity:      256M (12%)         256M (12%)         256M (12%)         256M (12%)         256M (12%)         256M (12%)    
[2024-07-21T21:27:15.473+0800][10.191s][gc,heap     ] GC(99)      Free:     1944M (95%)        1910M (93%)        1944M (95%)        1976M (96%)        1976M (96%)        1910M (93%)    
[2024-07-21T21:27:15.473+0800][10.191s][gc,heap     ] GC(99)      Used:      104M (5%)          138M (7%)          104M (5%)           72M (4%)          138M (7%)           72M (4%)     
[2024-07-21T21:27:15.473+0800][10.191s][gc,heap     ] GC(99)      Live:         -                 5M (0%)            5M (0%)            5M (0%)             -                  -          
[2024-07-21T21:27:15.473+0800][10.191s][gc,heap     ] GC(99) Allocated:         -                34M (2%)           34M (2%)           34M (2%)             -                  -          
[2024-07-21T21:27:15.473+0800][10.191s][gc,heap     ] GC(99)   Garbage:         -                98M (5%)           64M (3%)           32M (2%)             -                  -          
[2024-07-21T21:27:15.473+0800][10.191s][gc,heap     ] GC(99) Reclaimed:         -                  -                34M (2%)           66M (3%)             -                  -          
[2024-07-21T21:27:15.473+0800][10.191s][gc          ] GC(99) Garbage Collection (Allocation Rate) 104M(5%)->72M(4%)
[2024-07-21T21:27:15.562+0800][10.280s][gc,start    ] GC(100) Garbage Collection (Allocation Rate)
[2024-07-21T21:27:15.562+0800][10.280s][gc,task     ] GC(100) Using 2 workers
[2024-07-21T21:27:15.562+0800][10.281s][gc,phases   ] GC(100) Pause Mark Start 0.009ms
[2024-07-21T21:27:15.578+0800][10.296s][gc,phases   ] GC(100) Concurrent Mark 15.130ms
[2024-07-21T21:27:15.578+0800][10.296s][gc,phases   ] GC(100) Pause Mark End 0.015ms
[2024-07-21T21:27:15.578+0800][10.296s][gc,phases   ] GC(100) Concurrent Mark Free 0.001ms
[2024-07-21T21:27:15.579+0800][10.297s][gc,phases   ] GC(100) Concurrent Process Non-Strong References 0.733ms
[2024-07-21T21:27:15.579+0800][10.297s][gc,phases   ] GC(100) Concurrent Reset Relocation Set 0.001ms
[2024-07-21T21:27:15.580+0800][10.298s][gc,phases   ] GC(100) Concurrent Select Relocation Set 1.478ms
[2024-07-21T21:27:15.580+0800][10.299s][gc,phases   ] GC(100) Pause Relocate Start 0.009ms
[2024-07-21T21:27:15.581+0800][10.299s][gc,phases   ] GC(100) Concurrent Relocate 0.541ms
[2024-07-21T21:27:15.581+0800][10.299s][gc,load     ] GC(100) Load: 0.00/0.00/0.00
[2024-07-21T21:27:15.581+0800][10.299s][gc,mmu      ] GC(100) MMU: 2ms/96.6%, 5ms/98.3%, 10ms/99.2%, 20ms/99.6%, 50ms/99.8%, 100ms/99.9%
[2024-07-21T21:27:15.581+0800][10.299s][gc,marking  ] GC(100) Mark: 2 stripe(s), 2 proactive flush(es), 1 terminate flush(es), 0 completion(s), 0 continuation(s) 
[2024-07-21T21:27:15.581+0800][10.299s][gc,marking  ] GC(100) Mark Stack Usage: 32M
[2024-07-21T21:27:15.581+0800][10.299s][gc,nmethod  ] GC(100) NMethods: 460 registered, 0 unregistered
[2024-07-21T21:27:15.581+0800][10.299s][gc,metaspace] GC(100) Metaspace: 1M used, 1M committed, 1032M reserved
[2024-07-21T21:27:15.581+0800][10.299s][gc,ref      ] GC(100) Soft: 93 encountered, 0 discovered, 0 enqueued
[2024-07-21T21:27:15.581+0800][10.299s][gc,ref      ] GC(100) Weak: 131 encountered, 11 discovered, 0 enqueued
[2024-07-21T21:27:15.581+0800][10.299s][gc,ref      ] GC(100) Final: 0 encountered, 0 discovered, 0 enqueued
[2024-07-21T21:27:15.581+0800][10.299s][gc,ref      ] GC(100) Phantom: 184 encountered, 169 discovered, 0 enqueued
[2024-07-21T21:27:15.581+0800][10.299s][gc,reloc    ] GC(100) Small Pages: 4 / 8M, Empty: 2M, Relocated: 0M, In-Place: 0
[2024-07-21T21:27:15.581+0800][10.299s][gc,reloc    ] GC(100) Medium Pages: 4 / 128M, Empty: 64M, Relocated: 4M, In-Place: 0
[2024-07-21T21:27:15.581+0800][10.299s][gc,reloc    ] GC(100) Large Pages: 0 / 0M, Empty: 0M, Relocated: 0M, In-Place: 0
[2024-07-21T21:27:15.581+0800][10.299s][gc,reloc    ] GC(100) Forwarding Usage: 0M
[2024-07-21T21:27:15.581+0800][10.299s][gc,heap     ] GC(100) Min Capacity: 8M(0%)
[2024-07-21T21:27:15.581+0800][10.299s][gc,heap     ] GC(100) Max Capacity: 2048M(100%)
[2024-07-21T21:27:15.581+0800][10.299s][gc,heap     ] GC(100) Soft Max Capacity: 128M(6%)
[2024-07-21T21:27:15.581+0800][10.299s][gc,heap     ] GC(100)                Mark Start          Mark End        Relocate Start      Relocate End           High               Low         
[2024-07-21T21:27:15.581+0800][10.300s][gc,heap     ] GC(100)  Capacity:      256M (12%)         256M (12%)         256M (12%)         256M (12%)         256M (12%)         256M (12%)    
[2024-07-21T21:27:15.581+0800][10.300s][gc,heap     ] GC(100)      Free:     1912M (93%)        1878M (92%)        1944M (95%)        1976M (96%)        1976M (96%)        1878M (92%)    
[2024-07-21T21:27:15.581+0800][10.300s][gc,heap     ] GC(100)      Used:      136M (7%)          170M (8%)          104M (5%)           72M (4%)          170M (8%)           72M (4%)     
[2024-07-21T21:27:15.581+0800][10.300s][gc,heap     ] GC(100)      Live:         -                 8M (0%)            8M (0%)            8M (0%)             -                  -          
[2024-07-21T21:27:15.581+0800][10.300s][gc,heap     ] GC(100) Allocated:         -                34M (2%)           34M (2%)           34M (2%)             -                  -          
[2024-07-21T21:27:15.582+0800][10.300s][gc,heap     ] GC(100)   Garbage:         -               127M (6%)           61M (3%)           29M (1%)             -                  -          
[2024-07-21T21:27:15.582+0800][10.300s][gc,heap     ] GC(100) Reclaimed:         -                  -                66M (3%)           98M (5%)             -                  -          
[2024-07-21T21:27:15.582+0800][10.300s][gc          ] GC(100) Garbage Collection (Allocation Rate) 136M(7%)->72M(4%)
[2024-07-21T21:27:15.656+0800][10.374s][gc,start    ] GC(101) Garbage Collection (Allocation Rate)
[2024-07-21T21:27:15.656+0800][10.374s][gc,task     ] GC(101) Using 2 workers
[2024-07-21T21:27:15.657+0800][10.375s][gc,phases   ] GC(101) Pause Mark Start 0.009ms
[2024-07-21T21:27:15.672+0800][10.390s][gc,phases   ] GC(101) Concurrent Mark 14.897ms
[2024-07-21T21:27:15.672+0800][10.390s][gc,phases   ] GC(101) Pause Mark End 0.100ms
[2024-07-21T21:27:15.672+0800][10.390s][gc,phases   ] GC(101) Concurrent Mark Free 0.009ms
[2024-07-21T21:27:15.674+0800][10.392s][gc,phases   ] GC(101) Concurrent Process Non-Strong References 1.551ms
[2024-07-21T21:27:15.674+0800][10.392s][gc,phases   ] GC(101) Concurrent Reset Relocation Set 0.001ms
[2024-07-21T21:27:15.677+0800][10.395s][gc,phases   ] GC(101) Concurrent Select Relocation Set 2.626ms
[2024-07-21T21:27:15.677+0800][10.395s][gc,phases   ] GC(101) Pause Relocate Start 0.008ms
[2024-07-21T21:27:15.678+0800][10.396s][gc,phases   ] GC(101) Concurrent Relocate 1.052ms
[2024-07-21T21:27:15.678+0800][10.396s][gc,load     ] GC(101) Load: 0.00/0.00/0.00
[2024-07-21T21:27:15.678+0800][10.396s][gc,mmu      ] GC(101) MMU: 2ms/95.0%, 5ms/97.9%, 10ms/98.9%, 20ms/99.5%, 50ms/99.8%, 100ms/99.9%
[2024-07-21T21:27:15.678+0800][10.396s][gc,marking  ] GC(101) Mark: 2 stripe(s), 2 proactive flush(es), 1 terminate flush(es), 0 completion(s), 0 continuation(s) 
[2024-07-21T21:27:15.678+0800][10.396s][gc,marking  ] GC(101) Mark Stack Usage: 32M
[2024-07-21T21:27:15.678+0800][10.396s][gc,nmethod  ] GC(101) NMethods: 461 registered, 0 unregistered
[2024-07-21T21:27:15.678+0800][10.396s][gc,metaspace] GC(101) Metaspace: 1M used, 1M committed, 1032M reserved
[2024-07-21T21:27:15.678+0800][10.396s][gc,ref      ] GC(101) Soft: 93 encountered, 0 discovered, 0 enqueued
[2024-07-21T21:27:15.678+0800][10.396s][gc,ref      ] GC(101) Weak: 131 encountered, 11 discovered, 0 enqueued
[2024-07-21T21:27:15.678+0800][10.396s][gc,ref      ] GC(101) Final: 0 encountered, 0 discovered, 0 enqueued
[2024-07-21T21:27:15.678+0800][10.396s][gc,ref      ] GC(101) Phantom: 184 encountered, 119 discovered, 0 enqueued
[2024-07-21T21:27:15.678+0800][10.396s][gc,reloc    ] GC(101) Small Pages: 4 / 8M, Empty: 2M, Relocated: 0M, In-Place: 0
[2024-07-21T21:27:15.678+0800][10.396s][gc,reloc    ] GC(101) Medium Pages: 3 / 96M, Empty: 32M, Relocated: 3M, In-Place: 0
[2024-07-21T21:27:15.678+0800][10.396s][gc,reloc    ] GC(101) Large Pages: 0 / 0M, Empty: 0M, Relocated: 0M, In-Place: 0
[2024-07-21T21:27:15.678+0800][10.396s][gc,reloc    ] GC(101) Forwarding Usage: 0M
[2024-07-21T21:27:15.678+0800][10.396s][gc,heap     ] GC(101) Min Capacity: 8M(0%)
[2024-07-21T21:27:15.678+0800][10.396s][gc,heap     ] GC(101) Max Capacity: 2048M(100%)
[2024-07-21T21:27:15.678+0800][10.397s][gc,heap     ] GC(101) Soft Max Capacity: 128M(6%)
[2024-07-21T21:27:15.678+0800][10.397s][gc,heap     ] GC(101)                Mark Start          Mark End        Relocate Start      Relocate End           High               Low         
[2024-07-21T21:27:15.678+0800][10.397s][gc,heap     ] GC(101)  Capacity:      256M (12%)         256M (12%)         256M (12%)         256M (12%)         256M (12%)         256M (12%)    
[2024-07-21T21:27:15.678+0800][10.397s][gc,heap     ] GC(101)      Free:     1944M (95%)        1910M (93%)        1944M (95%)        1976M (96%)        1976M (96%)        1910M (93%)    
[2024-07-21T21:27:15.678+0800][10.397s][gc,heap     ] GC(101)      Used:      104M (5%)          138M (7%)          104M (5%)           72M (4%)          138M (7%)           72M (4%)     
[2024-07-21T21:27:15.679+0800][10.397s][gc,heap     ] GC(101)      Live:         -                 7M (0%)            7M (0%)            7M (0%)             -                  -          
[2024-07-21T21:27:15.679+0800][10.397s][gc,heap     ] GC(101) Allocated:         -                34M (2%)           34M (2%)           34M (2%)             -                  -          
[2024-07-21T21:27:15.679+0800][10.397s][gc,heap     ] GC(101)   Garbage:         -                96M (5%)           62M (3%)           30M (1%)             -                  -          
[2024-07-21T21:27:15.679+0800][10.397s][gc,heap     ] GC(101) Reclaimed:         -                  -                34M (2%)           66M (3%)             -                  -          
[2024-07-21T21:27:15.679+0800][10.397s][gc          ] GC(101) Garbage Collection (Allocation Rate) 104M(5%)->72M(4%)
[2024-07-21T21:27:15.751+0800][10.469s][gc,start    ] GC(102) Garbage Collection (Allocation Rate)
[2024-07-21T21:27:15.751+0800][10.469s][gc,task     ] GC(102) Using 2 workers
[2024-07-21T21:27:15.752+0800][10.470s][gc,phases   ] GC(102) Pause Mark Start 0.012ms
[2024-07-21T21:27:15.767+0800][10.485s][gc,phases   ] GC(102) Concurrent Mark 15.323ms
[2024-07-21T21:27:15.767+0800][10.485s][gc,phases   ] GC(102) Pause Mark End 0.012ms
[2024-07-21T21:27:15.767+0800][10.486s][gc,phases   ] GC(102) Concurrent Mark Free 0.001ms
[2024-07-21T21:27:15.769+0800][10.487s][gc,phases   ] GC(102) Concurrent Process Non-Strong References 1.030ms
[2024-07-21T21:27:15.769+0800][10.487s][gc,phases   ] GC(102) Concurrent Reset Relocation Set 0.001ms
[2024-07-21T21:27:15.770+0800][10.489s][gc,phases   ] GC(102) Concurrent Select Relocation Set 1.740ms
[2024-07-21T21:27:15.771+0800][10.489s][gc,phases   ] GC(102) Pause Relocate Start 0.006ms
[2024-07-21T21:27:15.771+0800][10.489s][gc,phases   ] GC(102) Concurrent Relocate 0.563ms
[2024-07-21T21:27:15.771+0800][10.489s][gc,load     ] GC(102) Load: 0.00/0.00/0.00
[2024-07-21T21:27:15.771+0800][10.490s][gc,mmu      ] GC(102) MMU: 2ms/95.0%, 5ms/97.9%, 10ms/98.9%, 20ms/99.5%, 50ms/99.8%, 100ms/99.9%
[2024-07-21T21:27:15.771+0800][10.490s][gc,marking  ] GC(102) Mark: 2 stripe(s), 2 proactive flush(es), 1 terminate flush(es), 0 completion(s), 0 continuation(s) 
[2024-07-21T21:27:15.771+0800][10.490s][gc,marking  ] GC(102) Mark Stack Usage: 32M
[2024-07-21T21:27:15.771+0800][10.490s][gc,nmethod  ] GC(102) NMethods: 461 registered, 0 unregistered
[2024-07-21T21:27:15.771+0800][10.490s][gc,metaspace] GC(102) Metaspace: 1M used, 1M committed, 1032M reserved
[2024-07-21T21:27:15.771+0800][10.490s][gc,ref      ] GC(102) Soft: 93 encountered, 0 discovered, 0 enqueued
[2024-07-21T21:27:15.771+0800][10.490s][gc,ref      ] GC(102) Weak: 131 encountered, 0 discovered, 0 enqueued
[2024-07-21T21:27:15.771+0800][10.490s][gc,ref      ] GC(102) Final: 0 encountered, 0 discovered, 0 enqueued
[2024-07-21T21:27:15.771+0800][10.490s][gc,ref      ] GC(102) Phantom: 184 encountered, 142 discovered, 0 enqueued
[2024-07-21T21:27:15.771+0800][10.490s][gc,reloc    ] GC(102) Small Pages: 4 / 8M, Empty: 2M, Relocated: 0M, In-Place: 0
[2024-07-21T21:27:15.772+0800][10.490s][gc,reloc    ] GC(102) Medium Pages: 3 / 96M, Empty: 32M, Relocated: 3M, In-Place: 0
[2024-07-21T21:27:15.772+0800][10.490s][gc,reloc    ] GC(102) Large Pages: 0 / 0M, Empty: 0M, Relocated: 0M, In-Place: 0
[2024-07-21T21:27:15.772+0800][10.490s][gc,reloc    ] GC(102) Forwarding Usage: 0M
[2024-07-21T21:27:15.772+0800][10.490s][gc,heap     ] GC(102) Min Capacity: 8M(0%)
[2024-07-21T21:27:15.772+0800][10.490s][gc,heap     ] GC(102) Max Capacity: 2048M(100%)
[2024-07-21T21:27:15.772+0800][10.490s][gc,heap     ] GC(102) Soft Max Capacity: 128M(6%)
[2024-07-21T21:27:15.772+0800][10.490s][gc,heap     ] GC(102)                Mark Start          Mark End        Relocate Start      Relocate End           High               Low         
[2024-07-21T21:27:15.772+0800][10.490s][gc,heap     ] GC(102)  Capacity:      256M (12%)         256M (12%)         256M (12%)         256M (12%)         256M (12%)         256M (12%)    
[2024-07-21T21:27:15.772+0800][10.490s][gc,heap     ] GC(102)      Free:     1944M (95%)        1910M (93%)        1944M (95%)        1976M (96%)        1976M (96%)        1910M (93%)    
[2024-07-21T21:27:15.772+0800][10.490s][gc,heap     ] GC(102)      Used:      104M (5%)          138M (7%)          104M (5%)           72M (4%)          138M (7%)           72M (4%)     
[2024-07-21T21:27:15.772+0800][10.490s][gc,heap     ] GC(102)      Live:         -                 7M (0%)            7M (0%)            7M (0%)             -                  -          
[2024-07-21T21:27:15.772+0800][10.490s][gc,heap     ] GC(102) Allocated:         -                34M (2%)           34M (2%)           34M (2%)             -                  -          
[2024-07-21T21:27:15.772+0800][10.490s][gc,heap     ] GC(102)   Garbage:         -                96M (5%)           62M (3%)           30M (1%)             -                  -          
[2024-07-21T21:27:15.772+0800][10.490s][gc,heap     ] GC(102) Reclaimed:         -                  -                34M (2%)           66M (3%)             -                  -          
[2024-07-21T21:27:15.772+0800][10.490s][gc          ] GC(102) Garbage Collection (Allocation Rate) 104M(5%)->72M(4%)
[2024-07-21T21:27:15.861+0800][10.579s][gc,start    ] GC(103) Garbage Collection (Allocation Rate)
[2024-07-21T21:27:15.861+0800][10.579s][gc,task     ] GC(103) Using 2 workers
[2024-07-21T21:27:15.861+0800][10.579s][gc,phases   ] GC(103) Pause Mark Start 0.007ms
[2024-07-21T21:27:15.877+0800][10.595s][gc,phases   ] GC(103) Concurrent Mark 15.586ms
[2024-07-21T21:27:15.877+0800][10.595s][gc,phases   ] GC(103) Pause Mark End 0.009ms
[2024-07-21T21:27:15.877+0800][10.595s][gc,phases   ] GC(103) Concurrent Mark Free 0.001ms
[2024-07-21T21:27:15.878+0800][10.597s][gc,phases   ] GC(103) Concurrent Process Non-Strong References 1.102ms
[2024-07-21T21:27:15.879+0800][10.597s][gc,phases   ] GC(103) Concurrent Reset Relocation Set 0.001ms
[2024-07-21T21:27:15.881+0800][10.599s][gc,phases   ] GC(103) Concurrent Select Relocation Set 2.082ms
[2024-07-21T21:27:15.881+0800][10.599s][gc,phases   ] GC(103) Pause Relocate Start 0.007ms
[2024-07-21T21:27:15.881+0800][10.599s][gc,phases   ] GC(103) Concurrent Relocate 0.307ms
[2024-07-21T21:27:15.881+0800][10.599s][gc,load     ] GC(103) Load: 0.00/0.00/0.00
[2024-07-21T21:27:15.881+0800][10.599s][gc,mmu      ] GC(103) MMU: 2ms/95.0%, 5ms/97.9%, 10ms/98.9%, 20ms/99.5%, 50ms/99.8%, 100ms/99.9%
[2024-07-21T21:27:15.881+0800][10.600s][gc,marking  ] GC(103) Mark: 2 stripe(s), 2 proactive flush(es), 1 terminate flush(es), 0 completion(s), 0 continuation(s) 
[2024-07-21T21:27:15.881+0800][10.600s][gc,marking  ] GC(103) Mark Stack Usage: 32M
[2024-07-21T21:27:15.881+0800][10.600s][gc,nmethod  ] GC(103) NMethods: 464 registered, 0 unregistered
[2024-07-21T21:27:15.881+0800][10.600s][gc,metaspace] GC(103) Metaspace: 1M used, 1M committed, 1032M reserved
[2024-07-21T21:27:15.881+0800][10.600s][gc,ref      ] GC(103) Soft: 93 encountered, 0 discovered, 0 enqueued
[2024-07-21T21:27:15.881+0800][10.600s][gc,ref      ] GC(103) Weak: 131 encountered, 0 discovered, 0 enqueued
[2024-07-21T21:27:15.881+0800][10.600s][gc,ref      ] GC(103) Final: 0 encountered, 0 discovered, 0 enqueued
[2024-07-21T21:27:15.882+0800][10.600s][gc,ref      ] GC(103) Phantom: 184 encountered, 169 discovered, 0 enqueued
[2024-07-21T21:27:15.882+0800][10.600s][gc,reloc    ] GC(103) Small Pages: 4 / 8M, Empty: 2M, Relocated: 0M, In-Place: 0
[2024-07-21T21:27:15.882+0800][10.600s][gc,reloc    ] GC(103) Medium Pages: 4 / 128M, Empty: 64M, Relocated: 1M, In-Place: 0
[2024-07-21T21:27:15.882+0800][10.600s][gc,reloc    ] GC(103) Large Pages: 0 / 0M, Empty: 0M, Relocated: 0M, In-Place: 0
[2024-07-21T21:27:15.882+0800][10.600s][gc,reloc    ] GC(103) Forwarding Usage: 0M
[2024-07-21T21:27:15.882+0800][10.600s][gc,heap     ] GC(103) Min Capacity: 8M(0%)
[2024-07-21T21:27:15.882+0800][10.600s][gc,heap     ] GC(103) Max Capacity: 2048M(100%)
[2024-07-21T21:27:15.882+0800][10.600s][gc,heap     ] GC(103) Soft Max Capacity: 128M(6%)
[2024-07-21T21:27:15.882+0800][10.600s][gc,heap     ] GC(103)                Mark Start          Mark End        Relocate Start      Relocate End           High               Low         
[2024-07-21T21:27:15.882+0800][10.600s][gc,heap     ] GC(103)  Capacity:      256M (12%)         256M (12%)         256M (12%)         256M (12%)         256M (12%)         256M (12%)    
[2024-07-21T21:27:15.882+0800][10.600s][gc,heap     ] GC(103)      Free:     1912M (93%)        1878M (92%)        1944M (95%)        1976M (96%)        1976M (96%)        1878M (92%)    
[2024-07-21T21:27:15.882+0800][10.600s][gc,heap     ] GC(103)      Used:      136M (7%)          170M (8%)          104M (5%)           72M (4%)          170M (8%)           72M (4%)     
[2024-07-21T21:27:15.882+0800][10.600s][gc,heap     ] GC(103)      Live:         -                 5M (0%)            5M (0%)            5M (0%)             -                  -          
[2024-07-21T21:27:15.882+0800][10.600s][gc,heap     ] GC(103) Allocated:         -                34M (2%)           34M (2%)           34M (2%)             -                  -          
[2024-07-21T21:27:15.882+0800][10.600s][gc,heap     ] GC(103)   Garbage:         -               130M (6%)           64M (3%)           32M (2%)             -                  -          
[2024-07-21T21:27:15.882+0800][10.600s][gc,heap     ] GC(103) Reclaimed:         -                  -                66M (3%)           98M (5%)             -                  -          
[2024-07-21T21:27:15.882+0800][10.600s][gc          ] GC(103) Garbage Collection (Allocation Rate) 136M(7%)->72M(4%)
[2024-07-21T21:27:15.954+0800][10.672s][gc,start    ] GC(104) Garbage Collection (Allocation Rate)
[2024-07-21T21:27:15.954+0800][10.672s][gc,task     ] GC(104) Using 2 workers
[2024-07-21T21:27:15.954+0800][10.672s][gc,phases   ] GC(104) Pause Mark Start 0.015ms
[2024-07-21T21:27:15.970+0800][10.688s][gc,phases   ] GC(104) Concurrent Mark 15.507ms
[2024-07-21T21:27:15.970+0800][10.689s][gc,phases   ] GC(104) Pause Mark End 0.013ms
[2024-07-21T21:27:15.970+0800][10.689s][gc,phases   ] GC(104) Concurrent Mark Free 0.002ms
[2024-07-21T21:27:15.972+0800][10.690s][gc,phases   ] GC(104) Concurrent Process Non-Strong References 1.077ms
[2024-07-21T21:27:15.972+0800][10.690s][gc,phases   ] GC(104) Concurrent Reset Relocation Set 0.001ms
[2024-07-21T21:27:15.973+0800][10.692s][gc,phases   ] GC(104) Concurrent Select Relocation Set 1.789ms
[2024-07-21T21:27:15.974+0800][10.692s][gc,phases   ] GC(104) Pause Relocate Start 0.008ms
[2024-07-21T21:27:15.974+0800][10.692s][gc,phases   ] GC(104) Concurrent Relocate 0.277ms
[2024-07-21T21:27:15.974+0800][10.692s][gc,load     ] GC(104) Load: 0.00/0.00/0.00
[2024-07-21T21:27:15.974+0800][10.692s][gc,mmu      ] GC(104) MMU: 2ms/95.0%, 5ms/97.9%, 10ms/98.9%, 20ms/99.5%, 50ms/99.8%, 100ms/99.9%
[2024-07-21T21:27:15.974+0800][10.692s][gc,marking  ] GC(104) Mark: 2 stripe(s), 2 proactive flush(es), 1 terminate flush(es), 0 completion(s), 0 continuation(s) 
[2024-07-21T21:27:15.974+0800][10.692s][gc,marking  ] GC(104) Mark Stack Usage: 32M
[2024-07-21T21:27:15.974+0800][10.692s][gc,nmethod  ] GC(104) NMethods: 464 registered, 0 unregistered
[2024-07-21T21:27:15.974+0800][10.692s][gc,metaspace] GC(104) Metaspace: 1M used, 1M committed, 1032M reserved
[2024-07-21T21:27:15.974+0800][10.692s][gc,ref      ] GC(104) Soft: 93 encountered, 0 discovered, 0 enqueued
[2024-07-21T21:27:15.974+0800][10.692s][gc,ref      ] GC(104) Weak: 131 encountered, 1 discovered, 0 enqueued
[2024-07-21T21:27:15.974+0800][10.692s][gc,ref      ] GC(104) Final: 0 encountered, 0 discovered, 0 enqueued
[2024-07-21T21:27:15.974+0800][10.692s][gc,ref      ] GC(104) Phantom: 184 encountered, 142 discovered, 0 enqueued
[2024-07-21T21:27:15.974+0800][10.692s][gc,reloc    ] GC(104) Small Pages: 4 / 8M, Empty: 2M, Relocated: 0M, In-Place: 0
[2024-07-21T21:27:15.974+0800][10.693s][gc,reloc    ] GC(104) Medium Pages: 3 / 96M, Empty: 32M, Relocated: 1M, In-Place: 0
[2024-07-21T21:27:15.974+0800][10.693s][gc,reloc    ] GC(104) Large Pages: 0 / 0M, Empty: 0M, Relocated: 0M, In-Place: 0
[2024-07-21T21:27:15.974+0800][10.693s][gc,reloc    ] GC(104) Forwarding Usage: 0M
[2024-07-21T21:27:15.974+0800][10.693s][gc,heap     ] GC(104) Min Capacity: 8M(0%)
[2024-07-21T21:27:15.974+0800][10.693s][gc,heap     ] GC(104) Max Capacity: 2048M(100%)
[2024-07-21T21:27:15.974+0800][10.693s][gc,heap     ] GC(104) Soft Max Capacity: 128M(6%)
[2024-07-21T21:27:15.974+0800][10.693s][gc,heap     ] GC(104)                Mark Start          Mark End        Relocate Start      Relocate End           High               Low         
[2024-07-21T21:27:15.974+0800][10.693s][gc,heap     ] GC(104)  Capacity:      256M (12%)         256M (12%)         256M (12%)         256M (12%)         256M (12%)         256M (12%)    
[2024-07-21T21:27:15.974+0800][10.693s][gc,heap     ] GC(104)      Free:     1944M (95%)        1910M (93%)        1944M (95%)        1976M (96%)        1976M (96%)        1910M (93%)    
[2024-07-21T21:27:15.974+0800][10.693s][gc,heap     ] GC(104)      Used:      104M (5%)          138M (7%)          104M (5%)           72M (4%)          138M (7%)           72M (4%)     
[2024-07-21T21:27:15.974+0800][10.693s][gc,heap     ] GC(104)      Live:         -                 5M (0%)            5M (0%)            5M (0%)             -                  -          
[2024-07-21T21:27:15.974+0800][10.693s][gc,heap     ] GC(104) Allocated:         -                34M (2%)           34M (2%)           34M (2%)             -                  -          
[2024-07-21T21:27:15.974+0800][10.693s][gc,heap     ] GC(104)   Garbage:         -                98M (5%)           64M (3%)           32M (2%)             -                  -          
[2024-07-21T21:27:15.974+0800][10.693s][gc,heap     ] GC(104) Reclaimed:         -                  -                34M (2%)           66M (3%)             -                  -          
[2024-07-21T21:27:15.974+0800][10.693s][gc          ] GC(104) Garbage Collection (Allocation Rate) 104M(5%)->72M(4%)
[2024-07-21T21:27:16.049+0800][10.767s][gc,start    ] GC(105) Garbage Collection (Allocation Rate)
[2024-07-21T21:27:16.049+0800][10.767s][gc,task     ] GC(105) Using 2 workers
[2024-07-21T21:27:16.049+0800][10.767s][gc,phases   ] GC(105) Pause Mark Start 0.009ms
[2024-07-21T21:27:16.065+0800][10.783s][gc,phases   ] GC(105) Concurrent Mark 15.175ms
[2024-07-21T21:27:16.065+0800][10.783s][gc,phases   ] GC(105) Pause Mark End 0.019ms
[2024-07-21T21:27:16.065+0800][10.783s][gc,phases   ] GC(105) Concurrent Mark Free 0.002ms
[2024-07-21T21:27:16.066+0800][10.785s][gc,phases   ] GC(105) Concurrent Process Non-Strong References 1.231ms
[2024-07-21T21:27:16.066+0800][10.785s][gc,phases   ] GC(105) Concurrent Reset Relocation Set 0.001ms
[2024-07-21T21:27:16.069+0800][10.787s][gc,phases   ] GC(105) Concurrent Select Relocation Set 2.102ms
[2024-07-21T21:27:16.069+0800][10.787s][gc,phases   ] GC(105) Pause Relocate Start 0.011ms
[2024-07-21T21:27:16.069+0800][10.787s][gc,phases   ] GC(105) Concurrent Relocate 0.341ms
[2024-07-21T21:27:16.069+0800][10.787s][gc,load     ] GC(105) Load: 0.00/0.00/0.00
[2024-07-21T21:27:16.069+0800][10.788s][gc,mmu      ] GC(105) MMU: 2ms/95.0%, 5ms/97.9%, 10ms/98.9%, 20ms/99.5%, 50ms/99.8%, 100ms/99.9%
[2024-07-21T21:27:16.069+0800][10.788s][gc,marking  ] GC(105) Mark: 2 stripe(s), 2 proactive flush(es), 1 terminate flush(es), 0 completion(s), 0 continuation(s) 
[2024-07-21T21:27:16.069+0800][10.788s][gc,marking  ] GC(105) Mark Stack Usage: 32M
[2024-07-21T21:27:16.069+0800][10.788s][gc,nmethod  ] GC(105) NMethods: 464 registered, 0 unregistered
[2024-07-21T21:27:16.069+0800][10.788s][gc,metaspace] GC(105) Metaspace: 1M used, 1M committed, 1032M reserved
[2024-07-21T21:27:16.069+0800][10.788s][gc,ref      ] GC(105) Soft: 93 encountered, 0 discovered, 0 enqueued
[2024-07-21T21:27:16.069+0800][10.788s][gc,ref      ] GC(105) Weak: 131 encountered, 0 discovered, 0 enqueued
[2024-07-21T21:27:16.069+0800][10.788s][gc,ref      ] GC(105) Final: 0 encountered, 0 discovered, 0 enqueued
[2024-07-21T21:27:16.069+0800][10.788s][gc,ref      ] GC(105) Phantom: 184 encountered, 142 discovered, 0 enqueued
[2024-07-21T21:27:16.070+0800][10.788s][gc,reloc    ] GC(105) Small Pages: 4 / 8M, Empty: 2M, Relocated: 0M, In-Place: 0
[2024-07-21T21:27:16.070+0800][10.788s][gc,reloc    ] GC(105) Medium Pages: 4 / 128M, Empty: 64M, Relocated: 1M, In-Place: 0
[2024-07-21T21:27:16.070+0800][10.788s][gc,reloc    ] GC(105) Large Pages: 0 / 0M, Empty: 0M, Relocated: 0M, In-Place: 0
[2024-07-21T21:27:16.070+0800][10.788s][gc,reloc    ] GC(105) Forwarding Usage: 0M
[2024-07-21T21:27:16.070+0800][10.788s][gc,heap     ] GC(105) Min Capacity: 8M(0%)
[2024-07-21T21:27:16.070+0800][10.788s][gc,heap     ] GC(105) Max Capacity: 2048M(100%)
[2024-07-21T21:27:16.070+0800][10.788s][gc,heap     ] GC(105) Soft Max Capacity: 128M(6%)
[2024-07-21T21:27:16.070+0800][10.788s][gc,heap     ] GC(105)                Mark Start          Mark End        Relocate Start      Relocate End           High               Low         
[2024-07-21T21:27:16.070+0800][10.788s][gc,heap     ] GC(105)  Capacity:      256M (12%)         256M (12%)         256M (12%)         256M (12%)         256M (12%)         256M (12%)    
[2024-07-21T21:27:16.070+0800][10.788s][gc,heap     ] GC(105)      Free:     1912M (93%)        1878M (92%)        1944M (95%)        1976M (96%)        1976M (96%)        1878M (92%)    
[2024-07-21T21:27:16.070+0800][10.788s][gc,heap     ] GC(105)      Used:      136M (7%)          170M (8%)          104M (5%)           72M (4%)          170M (8%)           72M (4%)     
[2024-07-21T21:27:16.070+0800][10.788s][gc,heap     ] GC(105)      Live:         -                 5M (0%)            5M (0%)            5M (0%)             -                  -          
[2024-07-21T21:27:16.070+0800][10.788s][gc,heap     ] GC(105) Allocated:         -                34M (2%)           34M (2%)           34M (2%)             -                  -          
[2024-07-21T21:27:16.070+0800][10.788s][gc,heap     ] GC(105)   Garbage:         -               130M (6%)           64M (3%)           32M (2%)             -                  -          
[2024-07-21T21:27:16.070+0800][10.788s][gc,heap     ] GC(105) Reclaimed:         -                  -                66M (3%)           98M (5%)             -                  -          
[2024-07-21T21:27:16.070+0800][10.788s][gc          ] GC(105) Garbage Collection (Allocation Rate) 136M(7%)->72M(4%)
[2024-07-21T21:27:16.159+0800][10.877s][gc,start    ] GC(106) Garbage Collection (Allocation Rate)
[2024-07-21T21:27:16.159+0800][10.877s][gc,task     ] GC(106) Using 2 workers
[2024-07-21T21:27:16.160+0800][10.878s][gc,phases   ] GC(106) Pause Mark Start 0.027ms
[2024-07-21T21:27:16.175+0800][10.893s][gc,phases   ] GC(106) Concurrent Mark 15.289ms
[2024-07-21T21:27:16.175+0800][10.894s][gc,phases   ] GC(106) Pause Mark End 0.010ms
[2024-07-21T21:27:16.176+0800][10.894s][gc,phases   ] GC(106) Concurrent Mark Free 0.001ms
[2024-07-21T21:27:16.176+0800][10.895s][gc,phases   ] GC(106) Concurrent Process Non-Strong References 0.904ms
[2024-07-21T21:27:16.177+0800][10.895s][gc,phases   ] GC(106) Concurrent Reset Relocation Set 0.001ms
[2024-07-21T21:27:16.178+0800][10.896s][gc,phases   ] GC(106) Concurrent Select Relocation Set 1.565ms
[2024-07-21T21:27:16.178+0800][10.897s][gc,phases   ] GC(106) Pause Relocate Start 0.006ms
[2024-07-21T21:27:16.179+0800][10.897s][gc,phases   ] GC(106) Concurrent Relocate 0.484ms
[2024-07-21T21:27:16.179+0800][10.897s][gc,load     ] GC(106) Load: 0.00/0.00/0.00
[2024-07-21T21:27:16.179+0800][10.897s][gc,mmu      ] GC(106) MMU: 2ms/95.0%, 5ms/97.9%, 10ms/98.9%, 20ms/99.5%, 50ms/99.8%, 100ms/99.9%
[2024-07-21T21:27:16.179+0800][10.897s][gc,marking  ] GC(106) Mark: 2 stripe(s), 2 proactive flush(es), 1 terminate flush(es), 0 completion(s), 0 continuation(s) 
[2024-07-21T21:27:16.179+0800][10.897s][gc,marking  ] GC(106) Mark Stack Usage: 32M
[2024-07-21T21:27:16.179+0800][10.897s][gc,nmethod  ] GC(106) NMethods: 464 registered, 0 unregistered
[2024-07-21T21:27:16.179+0800][10.897s][gc,metaspace] GC(106) Metaspace: 1M used, 1M committed, 1032M reserved
[2024-07-21T21:27:16.179+0800][10.897s][gc,ref      ] GC(106) Soft: 93 encountered, 0 discovered, 0 enqueued
[2024-07-21T21:27:16.179+0800][10.897s][gc,ref      ] GC(106) Weak: 131 encountered, 0 discovered, 0 enqueued
[2024-07-21T21:27:16.179+0800][10.897s][gc,ref      ] GC(106) Final: 0 encountered, 0 discovered, 0 enqueued
[2024-07-21T21:27:16.179+0800][10.897s][gc,ref      ] GC(106) Phantom: 184 encountered, 142 discovered, 0 enqueued
[2024-07-21T21:27:16.179+0800][10.897s][gc,reloc    ] GC(106) Small Pages: 4 / 8M, Empty: 2M, Relocated: 0M, In-Place: 0
[2024-07-21T21:27:16.179+0800][10.897s][gc,reloc    ] GC(106) Medium Pages: 4 / 128M, Empty: 64M, Relocated: 3M, In-Place: 0
[2024-07-21T21:27:16.179+0800][10.897s][gc,reloc    ] GC(106) Large Pages: 0 / 0M, Empty: 0M, Relocated: 0M, In-Place: 0
[2024-07-21T21:27:16.179+0800][10.897s][gc,reloc    ] GC(106) Forwarding Usage: 0M
[2024-07-21T21:27:16.179+0800][10.897s][gc,heap     ] GC(106) Min Capacity: 8M(0%)
[2024-07-21T21:27:16.179+0800][10.897s][gc,heap     ] GC(106) Max Capacity: 2048M(100%)
[2024-07-21T21:27:16.179+0800][10.897s][gc,heap     ] GC(106) Soft Max Capacity: 128M(6%)
[2024-07-21T21:27:16.179+0800][10.897s][gc,heap     ] GC(106)                Mark Start          Mark End        Relocate Start      Relocate End           High               Low         
[2024-07-21T21:27:16.179+0800][10.897s][gc,heap     ] GC(106)  Capacity:      256M (12%)         256M (12%)         256M (12%)         256M (12%)         256M (12%)         256M (12%)    
[2024-07-21T21:27:16.179+0800][10.897s][gc,heap     ] GC(106)      Free:     1912M (93%)        1878M (92%)        1944M (95%)        1976M (96%)        1976M (96%)        1878M (92%)    
[2024-07-21T21:27:16.179+0800][10.897s][gc,heap     ] GC(106)      Used:      136M (7%)          170M (8%)          104M (5%)           72M (4%)          170M (8%)           72M (4%)     
[2024-07-21T21:27:16.179+0800][10.898s][gc,heap     ] GC(106)      Live:         -                 7M (0%)            7M (0%)            7M (0%)             -                  -          
[2024-07-21T21:27:16.179+0800][10.898s][gc,heap     ] GC(106) Allocated:         -                34M (2%)           34M (2%)           34M (2%)             -                  -          
[2024-07-21T21:27:16.179+0800][10.898s][gc,heap     ] GC(106)   Garbage:         -               128M (6%)           62M (3%)           30M (1%)             -                  -          
[2024-07-21T21:27:16.179+0800][10.898s][gc,heap     ] GC(106) Reclaimed:         -                  -                66M (3%)           98M (5%)             -                  -          
[2024-07-21T21:27:16.179+0800][10.898s][gc          ] GC(106) Garbage Collection (Allocation Rate) 136M(7%)->72M(4%)
[2024-07-21T21:27:16.253+0800][10.971s][gc,start    ] GC(107) Garbage Collection (Allocation Rate)
[2024-07-21T21:27:16.253+0800][10.971s][gc,task     ] GC(107) Using 2 workers
[2024-07-21T21:27:16.253+0800][10.971s][gc,phases   ] GC(107) Pause Mark Start 0.013ms
[2024-07-21T21:27:16.269+0800][10.987s][gc,phases   ] GC(107) Concurrent Mark 15.284ms
[2024-07-21T21:27:16.269+0800][10.987s][gc,phases   ] GC(107) Pause Mark End 0.013ms
[2024-07-21T21:27:16.269+0800][10.987s][gc,phases   ] GC(107) Concurrent Mark Free 0.001ms
[2024-07-21T21:27:16.270+0800][10.988s][gc,phases   ] GC(107) Concurrent Process Non-Strong References 1.238ms
[2024-07-21T21:27:16.270+0800][10.989s][gc,phases   ] GC(107) Concurrent Reset Relocation Set 0.001ms
[2024-07-21T21:27:16.274+0800][10.992s][gc,phases   ] GC(107) Concurrent Select Relocation Set 3.135ms
[2024-07-21T21:27:16.274+0800][10.992s][gc,phases   ] GC(107) Pause Relocate Start 0.008ms
[2024-07-21T21:27:16.274+0800][10.993s][gc,phases   ] GC(107) Concurrent Relocate 0.610ms
[2024-07-21T21:27:16.275+0800][10.993s][gc,load     ] GC(107) Load: 0.00/0.00/0.00
[2024-07-21T21:27:16.275+0800][10.993s][gc,mmu      ] GC(107) MMU: 2ms/95.0%, 5ms/97.9%, 10ms/98.9%, 20ms/99.5%, 50ms/99.8%, 100ms/99.9%
[2024-07-21T21:27:16.275+0800][10.993s][gc,marking  ] GC(107) Mark: 2 stripe(s), 2 proactive flush(es), 1 terminate flush(es), 0 completion(s), 0 continuation(s) 
[2024-07-21T21:27:16.275+0800][10.993s][gc,marking  ] GC(107) Mark Stack Usage: 32M
[2024-07-21T21:27:16.275+0800][10.993s][gc,nmethod  ] GC(107) NMethods: 464 registered, 0 unregistered
[2024-07-21T21:27:16.275+0800][10.993s][gc,metaspace] GC(107) Metaspace: 1M used, 1M committed, 1032M reserved
[2024-07-21T21:27:16.275+0800][10.993s][gc,ref      ] GC(107) Soft: 93 encountered, 0 discovered, 0 enqueued
[2024-07-21T21:27:16.275+0800][10.993s][gc,ref      ] GC(107) Weak: 131 encountered, 0 discovered, 0 enqueued
[2024-07-21T21:27:16.275+0800][10.993s][gc,ref      ] GC(107) Final: 0 encountered, 0 discovered, 0 enqueued
[2024-07-21T21:27:16.275+0800][10.993s][gc,ref      ] GC(107) Phantom: 184 encountered, 119 discovered, 0 enqueued
[2024-07-21T21:27:16.275+0800][10.993s][gc,reloc    ] GC(107) Small Pages: 4 / 8M, Empty: 2M, Relocated: 0M, In-Place: 0
[2024-07-21T21:27:16.275+0800][10.993s][gc,reloc    ] GC(107) Medium Pages: 3 / 96M, Empty: 32M, Relocated: 3M, In-Place: 0
[2024-07-21T21:27:16.275+0800][10.993s][gc,reloc    ] GC(107) Large Pages: 0 / 0M, Empty: 0M, Relocated: 0M, In-Place: 0
[2024-07-21T21:27:16.275+0800][10.993s][gc,reloc    ] GC(107) Forwarding Usage: 0M
[2024-07-21T21:27:16.275+0800][10.993s][gc,heap     ] GC(107) Min Capacity: 8M(0%)
[2024-07-21T21:27:16.275+0800][10.993s][gc,heap     ] GC(107) Max Capacity: 2048M(100%)
[2024-07-21T21:27:16.275+0800][10.993s][gc,heap     ] GC(107) Soft Max Capacity: 128M(6%)
[2024-07-21T21:27:16.275+0800][10.993s][gc,heap     ] GC(107)                Mark Start          Mark End        Relocate Start      Relocate End           High               Low         
[2024-07-21T21:27:16.275+0800][10.993s][gc,heap     ] GC(107)  Capacity:      256M (12%)         256M (12%)         256M (12%)         256M (12%)         256M (12%)         256M (12%)    
[2024-07-21T21:27:16.275+0800][10.993s][gc,heap     ] GC(107)      Free:     1944M (95%)        1910M (93%)        1944M (95%)        1976M (96%)        1976M (96%)        1910M (93%)    
[2024-07-21T21:27:16.275+0800][10.993s][gc,heap     ] GC(107)      Used:      104M (5%)          138M (7%)          104M (5%)           72M (4%)          138M (7%)           72M (4%)     
[2024-07-21T21:27:16.275+0800][10.993s][gc,heap     ] GC(107)      Live:         -                 7M (0%)            7M (0%)            7M (0%)             -                  -          
[2024-07-21T21:27:16.275+0800][10.993s][gc,heap     ] GC(107) Allocated:         -                34M (2%)           34M (2%)           34M (2%)             -                  -          
[2024-07-21T21:27:16.275+0800][10.993s][gc,heap     ] GC(107)   Garbage:         -                96M (5%)           62M (3%)           30M (1%)             -                  -          
[2024-07-21T21:27:16.275+0800][10.993s][gc,heap     ] GC(107) Reclaimed:         -                  -                34M (2%)           66M (3%)             -                  -          
[2024-07-21T21:27:16.275+0800][10.993s][gc          ] GC(107) Garbage Collection (Allocation Rate) 104M(5%)->72M(4%)
[2024-07-21T21:27:16.348+0800][11.066s][gc,start    ] GC(108) Garbage Collection (Allocation Rate)
[2024-07-21T21:27:16.348+0800][11.066s][gc,task     ] GC(108) Using 2 workers
[2024-07-21T21:27:16.348+0800][11.066s][gc,phases   ] GC(108) Pause Mark Start 0.005ms
[2024-07-21T21:27:16.364+0800][11.082s][gc,phases   ] GC(108) Concurrent Mark 15.574ms
[2024-07-21T21:27:16.364+0800][11.083s][gc,phases   ] GC(108) Pause Mark End 0.011ms
[2024-07-21T21:27:16.365+0800][11.083s][gc,phases   ] GC(108) Concurrent Mark Free 0.022ms
[2024-07-21T21:27:16.365+0800][11.084s][gc,phases   ] GC(108) Concurrent Process Non-Strong References 0.845ms
[2024-07-21T21:27:16.366+0800][11.084s][gc,phases   ] GC(108) Concurrent Reset Relocation Set 0.001ms
[2024-07-21T21:27:16.367+0800][11.085s][gc,phases   ] GC(108) Concurrent Select Relocation Set 1.674ms
[2024-07-21T21:27:16.367+0800][11.086s][gc,phases   ] GC(108) Pause Relocate Start 0.006ms
[2024-07-21T21:27:16.368+0800][11.086s][gc,phases   ] GC(108) Concurrent Relocate 0.500ms
[2024-07-21T21:27:16.368+0800][11.086s][gc,load     ] GC(108) Load: 0.00/0.00/0.00
[2024-07-21T21:27:16.368+0800][11.086s][gc,mmu      ] GC(108) MMU: 2ms/95.0%, 5ms/97.9%, 10ms/98.9%, 20ms/99.5%, 50ms/99.8%, 100ms/99.9%
[2024-07-21T21:27:16.368+0800][11.086s][gc,marking  ] GC(108) Mark: 2 stripe(s), 2 proactive flush(es), 1 terminate flush(es), 0 completion(s), 0 continuation(s) 
[2024-07-21T21:27:16.368+0800][11.086s][gc,marking  ] GC(108) Mark Stack Usage: 32M
[2024-07-21T21:27:16.368+0800][11.086s][gc,nmethod  ] GC(108) NMethods: 464 registered, 0 unregistered
[2024-07-21T21:27:16.368+0800][11.086s][gc,metaspace] GC(108) Metaspace: 1M used, 1M committed, 1032M reserved
[2024-07-21T21:27:16.368+0800][11.086s][gc,ref      ] GC(108) Soft: 93 encountered, 0 discovered, 0 enqueued
[2024-07-21T21:27:16.368+0800][11.086s][gc,ref      ] GC(108) Weak: 131 encountered, 0 discovered, 0 enqueued
[2024-07-21T21:27:16.368+0800][11.086s][gc,ref      ] GC(108) Final: 0 encountered, 0 discovered, 0 enqueued
[2024-07-21T21:27:16.368+0800][11.086s][gc,ref      ] GC(108) Phantom: 184 encountered, 119 discovered, 0 enqueued
[2024-07-21T21:27:16.368+0800][11.086s][gc,reloc    ] GC(108) Small Pages: 4 / 8M, Empty: 2M, Relocated: 0M, In-Place: 0
[2024-07-21T21:27:16.368+0800][11.086s][gc,reloc    ] GC(108) Medium Pages: 3 / 96M, Empty: 32M, Relocated: 3M, In-Place: 0
[2024-07-21T21:27:16.368+0800][11.086s][gc,reloc    ] GC(108) Large Pages: 0 / 0M, Empty: 0M, Relocated: 0M, In-Place: 0
[2024-07-21T21:27:16.368+0800][11.086s][gc,reloc    ] GC(108) Forwarding Usage: 0M
[2024-07-21T21:27:16.368+0800][11.087s][gc,heap     ] GC(108) Min Capacity: 8M(0%)
[2024-07-21T21:27:16.368+0800][11.087s][gc,heap     ] GC(108) Max Capacity: 2048M(100%)
[2024-07-21T21:27:16.368+0800][11.087s][gc,heap     ] GC(108) Soft Max Capacity: 128M(6%)
[2024-07-21T21:27:16.368+0800][11.087s][gc,heap     ] GC(108)                Mark Start          Mark End        Relocate Start      Relocate End           High               Low         
[2024-07-21T21:27:16.368+0800][11.087s][gc,heap     ] GC(108)  Capacity:      256M (12%)         256M (12%)         256M (12%)         256M (12%)         256M (12%)         256M (12%)    
[2024-07-21T21:27:16.368+0800][11.087s][gc,heap     ] GC(108)      Free:     1944M (95%)        1910M (93%)        1944M (95%)        1976M (96%)        1976M (96%)        1910M (93%)    
[2024-07-21T21:27:16.368+0800][11.087s][gc,heap     ] GC(108)      Used:      104M (5%)          138M (7%)          104M (5%)           72M (4%)          138M (7%)           72M (4%)     
[2024-07-21T21:27:16.368+0800][11.087s][gc,heap     ] GC(108)      Live:         -                 7M (0%)            7M (0%)            7M (0%)             -                  -          
[2024-07-21T21:27:16.368+0800][11.087s][gc,heap     ] GC(108) Allocated:         -                34M (2%)           34M (2%)           34M (2%)             -                  -          
[2024-07-21T21:27:16.369+0800][11.087s][gc,heap     ] GC(108)   Garbage:         -                96M (5%)           62M (3%)           30M (1%)             -                  -          
[2024-07-21T21:27:16.369+0800][11.087s][gc,heap     ] GC(108) Reclaimed:         -                  -                34M (2%)           66M (3%)             -                  -          
[2024-07-21T21:27:16.369+0800][11.087s][gc          ] GC(108) Garbage Collection (Allocation Rate) 104M(5%)->72M(4%)
[2024-07-21T21:27:16.459+0800][11.177s][gc,start    ] GC(109) Garbage Collection (Allocation Rate)
[2024-07-21T21:27:16.459+0800][11.177s][gc,task     ] GC(109) Using 2 workers
[2024-07-21T21:27:16.459+0800][11.177s][gc,phases   ] GC(109) Pause Mark Start 0.005ms
[2024-07-21T21:27:16.474+0800][11.192s][gc,phases   ] GC(109) Concurrent Mark 14.506ms
[2024-07-21T21:27:16.474+0800][11.192s][gc,phases   ] GC(109) Pause Mark End 0.012ms
[2024-07-21T21:27:16.474+0800][11.192s][gc,phases   ] GC(109) Concurrent Mark Free 0.001ms
[2024-07-21T21:27:16.475+0800][11.193s][gc,phases   ] GC(109) Concurrent Process Non-Strong References 1.235ms
[2024-07-21T21:27:16.475+0800][11.193s][gc,phases   ] GC(109) Concurrent Reset Relocation Set 0.001ms
[2024-07-21T21:27:16.477+0800][11.195s][gc,phases   ] GC(109) Concurrent Select Relocation Set 1.875ms
[2024-07-21T21:27:16.477+0800][11.196s][gc,phases   ] GC(109) Pause Relocate Start 0.010ms
[2024-07-21T21:27:16.478+0800][11.196s][gc,phases   ] GC(109) Concurrent Relocate 0.354ms
[2024-07-21T21:27:16.478+0800][11.196s][gc,load     ] GC(109) Load: 0.00/0.00/0.00
[2024-07-21T21:27:16.478+0800][11.196s][gc,mmu      ] GC(109) MMU: 2ms/95.0%, 5ms/97.9%, 10ms/98.9%, 20ms/99.5%, 50ms/99.8%, 100ms/99.9%
[2024-07-21T21:27:16.478+0800][11.196s][gc,marking  ] GC(109) Mark: 2 stripe(s), 2 proactive flush(es), 1 terminate flush(es), 0 completion(s), 0 continuation(s) 
[2024-07-21T21:27:16.478+0800][11.196s][gc,marking  ] GC(109) Mark Stack Usage: 32M
[2024-07-21T21:27:16.478+0800][11.196s][gc,nmethod  ] GC(109) NMethods: 464 registered, 0 unregistered
[2024-07-21T21:27:16.478+0800][11.196s][gc,metaspace] GC(109) Metaspace: 1M used, 1M committed, 1032M reserved
[2024-07-21T21:27:16.478+0800][11.196s][gc,ref      ] GC(109) Soft: 93 encountered, 0 discovered, 0 enqueued
[2024-07-21T21:27:16.478+0800][11.196s][gc,ref      ] GC(109) Weak: 131 encountered, 12 discovered, 0 enqueued
[2024-07-21T21:27:16.478+0800][11.196s][gc,ref      ] GC(109) Final: 0 encountered, 0 discovered, 0 enqueued
[2024-07-21T21:27:16.478+0800][11.196s][gc,ref      ] GC(109) Phantom: 184 encountered, 119 discovered, 0 enqueued
[2024-07-21T21:27:16.478+0800][11.196s][gc,reloc    ] GC(109) Small Pages: 4 / 8M, Empty: 2M, Relocated: 0M, In-Place: 0
[2024-07-21T21:27:16.478+0800][11.196s][gc,reloc    ] GC(109) Medium Pages: 4 / 128M, Empty: 64M, Relocated: 1M, In-Place: 0
[2024-07-21T21:27:16.478+0800][11.196s][gc,reloc    ] GC(109) Large Pages: 0 / 0M, Empty: 0M, Relocated: 0M, In-Place: 0
[2024-07-21T21:27:16.478+0800][11.196s][gc,reloc    ] GC(109) Forwarding Usage: 0M
[2024-07-21T21:27:16.478+0800][11.196s][gc,heap     ] GC(109) Min Capacity: 8M(0%)
[2024-07-21T21:27:16.478+0800][11.196s][gc,heap     ] GC(109) Max Capacity: 2048M(100%)
[2024-07-21T21:27:16.478+0800][11.196s][gc,heap     ] GC(109) Soft Max Capacity: 128M(6%)
[2024-07-21T21:27:16.478+0800][11.196s][gc,heap     ] GC(109)                Mark Start          Mark End        Relocate Start      Relocate End           High               Low         
[2024-07-21T21:27:16.478+0800][11.196s][gc,heap     ] GC(109)  Capacity:      256M (12%)         256M (12%)         256M (12%)         256M (12%)         256M (12%)         256M (12%)    
[2024-07-21T21:27:16.478+0800][11.196s][gc,heap     ] GC(109)      Free:     1912M (93%)        1878M (92%)        1944M (95%)        1976M (96%)        1976M (96%)        1878M (92%)    
[2024-07-21T21:27:16.478+0800][11.196s][gc,heap     ] GC(109)      Used:      136M (7%)          170M (8%)          104M (5%)           72M (4%)          170M (8%)           72M (4%)     
[2024-07-21T21:27:16.478+0800][11.196s][gc,heap     ] GC(109)      Live:         -                 5M (0%)            5M (0%)            5M (0%)             -                  -          
[2024-07-21T21:27:16.478+0800][11.196s][gc,heap     ] GC(109) Allocated:         -                34M (2%)           34M (2%)           34M (2%)             -                  -          
[2024-07-21T21:27:16.478+0800][11.196s][gc,heap     ] GC(109)   Garbage:         -               130M (6%)           64M (3%)           32M (2%)             -                  -          
[2024-07-21T21:27:16.478+0800][11.196s][gc,heap     ] GC(109) Reclaimed:         -                  -                66M (3%)           98M (5%)             -                  -          
[2024-07-21T21:27:16.478+0800][11.196s][gc          ] GC(109) Garbage Collection (Allocation Rate) 136M(7%)->72M(4%)
[2024-07-21T21:27:16.553+0800][11.271s][gc,start    ] GC(110) Garbage Collection (Allocation Rate)
[2024-07-21T21:27:16.553+0800][11.271s][gc,task     ] GC(110) Using 2 workers
[2024-07-21T21:27:16.553+0800][11.271s][gc,phases   ] GC(110) Pause Mark Start 0.008ms
[2024-07-21T21:27:16.569+0800][11.287s][gc,phases   ] GC(110) Concurrent Mark 15.442ms
[2024-07-21T21:27:16.569+0800][11.287s][gc,phases   ] GC(110) Pause Mark End 0.020ms
[2024-07-21T21:27:16.569+0800][11.287s][gc,phases   ] GC(110) Concurrent Mark Free 0.003ms
[2024-07-21T21:27:16.571+0800][11.290s][gc,phases   ] GC(110) Concurrent Process Non-Strong References 2.276ms
[2024-07-21T21:27:16.571+0800][11.290s][gc,phases   ] GC(110) Concurrent Reset Relocation Set 0.001ms
[2024-07-21T21:27:16.573+0800][11.291s][gc,phases   ] GC(110) Concurrent Select Relocation Set 1.639ms
[2024-07-21T21:27:16.573+0800][11.292s][gc,phases   ] GC(110) Pause Relocate Start 0.006ms
[2024-07-21T21:27:16.573+0800][11.292s][gc,phases   ] GC(110) Concurrent Relocate 0.257ms
[2024-07-21T21:27:16.573+0800][11.292s][gc,load     ] GC(110) Load: 0.00/0.00/0.00
[2024-07-21T21:27:16.573+0800][11.292s][gc,mmu      ] GC(110) MMU: 2ms/95.0%, 5ms/97.9%, 10ms/98.9%, 20ms/99.5%, 50ms/99.8%, 100ms/99.9%
[2024-07-21T21:27:16.573+0800][11.292s][gc,marking  ] GC(110) Mark: 2 stripe(s), 2 proactive flush(es), 1 terminate flush(es), 0 completion(s), 0 continuation(s) 
[2024-07-21T21:27:16.573+0800][11.292s][gc,marking  ] GC(110) Mark Stack Usage: 32M
[2024-07-21T21:27:16.573+0800][11.292s][gc,nmethod  ] GC(110) NMethods: 464 registered, 0 unregistered
[2024-07-21T21:27:16.573+0800][11.292s][gc,metaspace] GC(110) Metaspace: 1M used, 1M committed, 1032M reserved
[2024-07-21T21:27:16.573+0800][11.292s][gc,ref      ] GC(110) Soft: 93 encountered, 0 discovered, 0 enqueued
[2024-07-21T21:27:16.573+0800][11.292s][gc,ref      ] GC(110) Weak: 131 encountered, 0 discovered, 0 enqueued
[2024-07-21T21:27:16.573+0800][11.292s][gc,ref      ] GC(110) Final: 0 encountered, 0 discovered, 0 enqueued
[2024-07-21T21:27:16.574+0800][11.292s][gc,ref      ] GC(110) Phantom: 184 encountered, 119 discovered, 0 enqueued
[2024-07-21T21:27:16.574+0800][11.292s][gc,reloc    ] GC(110) Small Pages: 4 / 8M, Empty: 2M, Relocated: 0M, In-Place: 0
[2024-07-21T21:27:16.574+0800][11.292s][gc,reloc    ] GC(110) Medium Pages: 3 / 96M, Empty: 32M, Relocated: 1M, In-Place: 0
[2024-07-21T21:27:16.574+0800][11.292s][gc,reloc    ] GC(110) Large Pages: 0 / 0M, Empty: 0M, Relocated: 0M, In-Place: 0
[2024-07-21T21:27:16.574+0800][11.292s][gc,reloc    ] GC(110) Forwarding Usage: 0M
[2024-07-21T21:27:16.574+0800][11.292s][gc,heap     ] GC(110) Min Capacity: 8M(0%)
[2024-07-21T21:27:16.574+0800][11.292s][gc,heap     ] GC(110) Max Capacity: 2048M(100%)
[2024-07-21T21:27:16.574+0800][11.292s][gc,heap     ] GC(110) Soft Max Capacity: 128M(6%)
[2024-07-21T21:27:16.574+0800][11.292s][gc,heap     ] GC(110)                Mark Start          Mark End        Relocate Start      Relocate End           High               Low         
[2024-07-21T21:27:16.574+0800][11.292s][gc,heap     ] GC(110)  Capacity:      256M (12%)         256M (12%)         256M (12%)         256M (12%)         256M (12%)         256M (12%)    
[2024-07-21T21:27:16.574+0800][11.292s][gc,heap     ] GC(110)      Free:     1944M (95%)        1910M (93%)        1944M (95%)        1976M (96%)        1976M (96%)        1910M (93%)    
[2024-07-21T21:27:16.574+0800][11.292s][gc,heap     ] GC(110)      Used:      104M (5%)          138M (7%)          104M (5%)           72M (4%)          138M (7%)           72M (4%)     
[2024-07-21T21:27:16.574+0800][11.292s][gc,heap     ] GC(110)      Live:         -                 5M (0%)            5M (0%)            5M (0%)             -                  -          
[2024-07-21T21:27:16.574+0800][11.292s][gc,heap     ] GC(110) Allocated:         -                34M (2%)           34M (2%)           34M (2%)             -                  -          
[2024-07-21T21:27:16.574+0800][11.292s][gc,heap     ] GC(110)   Garbage:         -                98M (5%)           64M (3%)           32M (2%)             -                  -          
[2024-07-21T21:27:16.574+0800][11.292s][gc,heap     ] GC(110) Reclaimed:         -                  -                34M (2%)           66M (3%)             -                  -          
[2024-07-21T21:27:16.574+0800][11.292s][gc          ] GC(110) Garbage Collection (Allocation Rate) 104M(5%)->72M(4%)
[2024-07-21T21:27:16.663+0800][11.381s][gc,start    ] GC(111) Garbage Collection (Allocation Rate)
[2024-07-21T21:27:16.663+0800][11.381s][gc,task     ] GC(111) Using 2 workers
[2024-07-21T21:27:16.663+0800][11.381s][gc,phases   ] GC(111) Pause Mark Start 0.008ms
[2024-07-21T21:27:16.679+0800][11.397s][gc,phases   ] GC(111) Concurrent Mark 15.421ms
[2024-07-21T21:27:16.679+0800][11.397s][gc,phases   ] GC(111) Pause Mark End 0.017ms
[2024-07-21T21:27:16.679+0800][11.397s][gc,phases   ] GC(111) Concurrent Mark Free 0.001ms
[2024-07-21T21:27:16.680+0800][11.398s][gc,phases   ] GC(111) Concurrent Process Non-Strong References 1.170ms
[2024-07-21T21:27:16.680+0800][11.398s][gc,phases   ] GC(111) Concurrent Reset Relocation Set 0.001ms
[2024-07-21T21:27:16.682+0800][11.400s][gc,phases   ] GC(111) Concurrent Select Relocation Set 2.032ms
[2024-07-21T21:27:16.683+0800][11.401s][gc,phases   ] GC(111) Pause Relocate Start 0.010ms
[2024-07-21T21:27:16.683+0800][11.401s][gc,phases   ] GC(111) Concurrent Relocate 0.518ms
[2024-07-21T21:27:16.683+0800][11.401s][gc,load     ] GC(111) Load: 0.00/0.00/0.00
[2024-07-21T21:27:16.683+0800][11.401s][gc,mmu      ] GC(111) MMU: 2ms/95.0%, 5ms/97.9%, 10ms/98.9%, 20ms/99.5%, 50ms/99.8%, 100ms/99.9%
[2024-07-21T21:27:16.683+0800][11.401s][gc,marking  ] GC(111) Mark: 2 stripe(s), 2 proactive flush(es), 1 terminate flush(es), 0 completion(s), 0 continuation(s) 
[2024-07-21T21:27:16.683+0800][11.401s][gc,marking  ] GC(111) Mark Stack Usage: 32M
[2024-07-21T21:27:16.683+0800][11.401s][gc,nmethod  ] GC(111) NMethods: 464 registered, 0 unregistered
[2024-07-21T21:27:16.683+0800][11.401s][gc,metaspace] GC(111) Metaspace: 1M used, 1M committed, 1032M reserved
[2024-07-21T21:27:16.683+0800][11.401s][gc,ref      ] GC(111) Soft: 93 encountered, 0 discovered, 0 enqueued
[2024-07-21T21:27:16.683+0800][11.401s][gc,ref      ] GC(111) Weak: 131 encountered, 0 discovered, 0 enqueued
[2024-07-21T21:27:16.683+0800][11.402s][gc,ref      ] GC(111) Final: 0 encountered, 0 discovered, 0 enqueued
[2024-07-21T21:27:16.683+0800][11.402s][gc,ref      ] GC(111) Phantom: 184 encountered, 142 discovered, 0 enqueued
[2024-07-21T21:27:16.683+0800][11.402s][gc,reloc    ] GC(111) Small Pages: 4 / 8M, Empty: 2M, Relocated: 0M, In-Place: 0
[2024-07-21T21:27:16.683+0800][11.402s][gc,reloc    ] GC(111) Medium Pages: 4 / 128M, Empty: 64M, Relocated: 2M, In-Place: 0
[2024-07-21T21:27:16.683+0800][11.402s][gc,reloc    ] GC(111) Large Pages: 0 / 0M, Empty: 0M, Relocated: 0M, In-Place: 0
[2024-07-21T21:27:16.683+0800][11.402s][gc,reloc    ] GC(111) Forwarding Usage: 0M
[2024-07-21T21:27:16.683+0800][11.402s][gc,heap     ] GC(111) Min Capacity: 8M(0%)
[2024-07-21T21:27:16.684+0800][11.402s][gc,heap     ] GC(111) Max Capacity: 2048M(100%)
[2024-07-21T21:27:16.684+0800][11.402s][gc,heap     ] GC(111) Soft Max Capacity: 128M(6%)
[2024-07-21T21:27:16.684+0800][11.402s][gc,heap     ] GC(111)                Mark Start          Mark End        Relocate Start      Relocate End           High               Low         
[2024-07-21T21:27:16.684+0800][11.402s][gc,heap     ] GC(111)  Capacity:      256M (12%)         256M (12%)         256M (12%)         256M (12%)         256M (12%)         256M (12%)    
[2024-07-21T21:27:16.684+0800][11.402s][gc,heap     ] GC(111)      Free:     1912M (93%)        1878M (92%)        1944M (95%)        1976M (96%)        1976M (96%)        1878M (92%)    
[2024-07-21T21:27:16.684+0800][11.402s][gc,heap     ] GC(111)      Used:      136M (7%)          170M (8%)          104M (5%)           72M (4%)          170M (8%)           72M (4%)     
[2024-07-21T21:27:16.684+0800][11.402s][gc,heap     ] GC(111)      Live:         -                 6M (0%)            6M (0%)            6M (0%)             -                  -          
[2024-07-21T21:27:16.684+0800][11.402s][gc,heap     ] GC(111) Allocated:         -                34M (2%)           34M (2%)           34M (2%)             -                  -          
[2024-07-21T21:27:16.684+0800][11.402s][gc,heap     ] GC(111)   Garbage:         -               129M (6%)           63M (3%)           31M (2%)             -                  -          
[2024-07-21T21:27:16.684+0800][11.402s][gc,heap     ] GC(111) Reclaimed:         -                  -                66M (3%)           98M (5%)             -                  -          
[2024-07-21T21:27:16.684+0800][11.402s][gc          ] GC(111) Garbage Collection (Allocation Rate) 136M(7%)->72M(4%)
[2024-07-21T21:27:16.757+0800][11.475s][gc,start    ] GC(112) Garbage Collection (Allocation Rate)
[2024-07-21T21:27:16.757+0800][11.476s][gc,task     ] GC(112) Using 2 workers
[2024-07-21T21:27:16.757+0800][11.476s][gc,phases   ] GC(112) Pause Mark Start 0.006ms
[2024-07-21T21:27:16.774+0800][11.492s][gc,phases   ] GC(112) Concurrent Mark 15.709ms
[2024-07-21T21:27:16.774+0800][11.492s][gc,phases   ] GC(112) Pause Mark End 0.019ms
[2024-07-21T21:27:16.774+0800][11.492s][gc,phases   ] GC(112) Concurrent Mark Free 0.002ms
[2024-07-21T21:27:16.775+0800][11.493s][gc,phases   ] GC(112) Concurrent Process Non-Strong References 0.875ms
[2024-07-21T21:27:16.775+0800][11.493s][gc,phases   ] GC(112) Concurrent Reset Relocation Set 0.001ms
[2024-07-21T21:27:16.776+0800][11.495s][gc,phases   ] GC(112) Concurrent Select Relocation Set 1.738ms
[2024-07-21T21:27:16.777+0800][11.495s][gc,phases   ] GC(112) Pause Relocate Start 0.019ms
[2024-07-21T21:27:16.777+0800][11.496s][gc,phases   ] GC(112) Concurrent Relocate 0.582ms
[2024-07-21T21:27:16.777+0800][11.496s][gc,load     ] GC(112) Load: 0.00/0.00/0.00
[2024-07-21T21:27:16.777+0800][11.496s][gc,mmu      ] GC(112) MMU: 2ms/95.0%, 5ms/97.9%, 10ms/98.9%, 20ms/99.5%, 50ms/99.8%, 100ms/99.9%
[2024-07-21T21:27:16.777+0800][11.496s][gc,marking  ] GC(112) Mark: 2 stripe(s), 2 proactive flush(es), 1 terminate flush(es), 0 completion(s), 0 continuation(s) 
[2024-07-21T21:27:16.777+0800][11.496s][gc,marking  ] GC(112) Mark Stack Usage: 32M
[2024-07-21T21:27:16.777+0800][11.496s][gc,nmethod  ] GC(112) NMethods: 464 registered, 0 unregistered
[2024-07-21T21:27:16.777+0800][11.496s][gc,metaspace] GC(112) Metaspace: 1M used, 1M committed, 1032M reserved
[2024-07-21T21:27:16.777+0800][11.496s][gc,ref      ] GC(112) Soft: 93 encountered, 0 discovered, 0 enqueued
[2024-07-21T21:27:16.777+0800][11.496s][gc,ref      ] GC(112) Weak: 131 encountered, 3 discovered, 0 enqueued
[2024-07-21T21:27:16.777+0800][11.496s][gc,ref      ] GC(112) Final: 0 encountered, 0 discovered, 0 enqueued
[2024-07-21T21:27:16.777+0800][11.496s][gc,ref      ] GC(112) Phantom: 184 encountered, 169 discovered, 0 enqueued
[2024-07-21T21:27:16.777+0800][11.496s][gc,reloc    ] GC(112) Small Pages: 4 / 8M, Empty: 2M, Relocated: 0M, In-Place: 0
[2024-07-21T21:27:16.777+0800][11.496s][gc,reloc    ] GC(112) Medium Pages: 3 / 96M, Empty: 32M, Relocated: 4M, In-Place: 0
[2024-07-21T21:27:16.777+0800][11.496s][gc,reloc    ] GC(112) Large Pages: 0 / 0M, Empty: 0M, Relocated: 0M, In-Place: 0
[2024-07-21T21:27:16.777+0800][11.496s][gc,reloc    ] GC(112) Forwarding Usage: 0M
[2024-07-21T21:27:16.777+0800][11.496s][gc,heap     ] GC(112) Min Capacity: 8M(0%)
[2024-07-21T21:27:16.777+0800][11.496s][gc,heap     ] GC(112) Max Capacity: 2048M(100%)
[2024-07-21T21:27:16.777+0800][11.496s][gc,heap     ] GC(112) Soft Max Capacity: 128M(6%)
[2024-07-21T21:27:16.777+0800][11.496s][gc,heap     ] GC(112)                Mark Start          Mark End        Relocate Start      Relocate End           High               Low         
[2024-07-21T21:27:16.777+0800][11.496s][gc,heap     ] GC(112)  Capacity:      256M (12%)         256M (12%)         256M (12%)         256M (12%)         256M (12%)         256M (12%)    
[2024-07-21T21:27:16.777+0800][11.496s][gc,heap     ] GC(112)      Free:     1944M (95%)        1910M (93%)        1944M (95%)        1976M (96%)        1976M (96%)        1910M (93%)    
[2024-07-21T21:27:16.777+0800][11.496s][gc,heap     ] GC(112)      Used:      104M (5%)          138M (7%)          104M (5%)           72M (4%)          138M (7%)           72M (4%)     
[2024-07-21T21:27:16.777+0800][11.496s][gc,heap     ] GC(112)      Live:         -                 8M (0%)            8M (0%)            8M (0%)             -                  -          
[2024-07-21T21:27:16.778+0800][11.496s][gc,heap     ] GC(112) Allocated:         -                34M (2%)           34M (2%)           34M (2%)             -                  -          
[2024-07-21T21:27:16.778+0800][11.496s][gc,heap     ] GC(112)   Garbage:         -                95M (5%)           61M (3%)           29M (1%)             -                  -          
[2024-07-21T21:27:16.778+0800][11.496s][gc,heap     ] GC(112) Reclaimed:         -                  -                34M (2%)           66M (3%)             -                  -          
[2024-07-21T21:27:16.778+0800][11.496s][gc          ] GC(112) Garbage Collection (Allocation Rate) 104M(5%)->72M(4%)
[2024-07-21T21:27:16.852+0800][11.570s][gc,start    ] GC(113) Garbage Collection (Allocation Rate)
[2024-07-21T21:27:16.852+0800][11.571s][gc,task     ] GC(113) Using 2 workers
[2024-07-21T21:27:16.853+0800][11.571s][gc,phases   ] GC(113) Pause Mark Start 0.011ms
[2024-07-21T21:27:16.868+0800][11.587s][gc,phases   ] GC(113) Concurrent Mark 15.664ms
[2024-07-21T21:27:16.868+0800][11.587s][gc,phases   ] GC(113) Pause Mark End 0.011ms
[2024-07-21T21:27:16.868+0800][11.587s][gc,phases   ] GC(113) Concurrent Mark Free 0.002ms
[2024-07-21T21:27:16.869+0800][11.588s][gc,phases   ] GC(113) Concurrent Process Non-Strong References 1.029ms
[2024-07-21T21:27:16.870+0800][11.588s][gc,phases   ] GC(113) Concurrent Reset Relocation Set 0.001ms
[2024-07-21T21:27:16.873+0800][11.592s][gc,phases   ] GC(113) Concurrent Select Relocation Set 3.557ms
[2024-07-21T21:27:16.873+0800][11.592s][gc,phases   ] GC(113) Pause Relocate Start 0.007ms
[2024-07-21T21:27:16.874+0800][11.592s][gc,phases   ] GC(113) Concurrent Relocate 0.473ms
[2024-07-21T21:27:16.874+0800][11.592s][gc,load     ] GC(113) Load: 0.00/0.00/0.00
[2024-07-21T21:27:16.874+0800][11.593s][gc,mmu      ] GC(113) MMU: 2ms/95.0%, 5ms/97.9%, 10ms/98.9%, 20ms/99.5%, 50ms/99.8%, 100ms/99.9%
[2024-07-21T21:27:16.874+0800][11.593s][gc,marking  ] GC(113) Mark: 2 stripe(s), 2 proactive flush(es), 1 terminate flush(es), 0 completion(s), 0 continuation(s) 
[2024-07-21T21:27:16.874+0800][11.593s][gc,marking  ] GC(113) Mark Stack Usage: 32M
[2024-07-21T21:27:16.874+0800][11.593s][gc,nmethod  ] GC(113) NMethods: 464 registered, 0 unregistered
[2024-07-21T21:27:16.874+0800][11.593s][gc,metaspace] GC(113) Metaspace: 1M used, 1M committed, 1032M reserved
[2024-07-21T21:27:16.874+0800][11.593s][gc,ref      ] GC(113) Soft: 93 encountered, 0 discovered, 0 enqueued
[2024-07-21T21:27:16.874+0800][11.593s][gc,ref      ] GC(113) Weak: 131 encountered, 4 discovered, 0 enqueued
[2024-07-21T21:27:16.874+0800][11.593s][gc,ref      ] GC(113) Final: 0 encountered, 0 discovered, 0 enqueued
[2024-07-21T21:27:16.874+0800][11.593s][gc,ref      ] GC(113) Phantom: 184 encountered, 119 discovered, 0 enqueued
[2024-07-21T21:27:16.874+0800][11.593s][gc,reloc    ] GC(113) Small Pages: 4 / 8M, Empty: 2M, Relocated: 0M, In-Place: 0
[2024-07-21T21:27:16.874+0800][11.593s][gc,reloc    ] GC(113) Medium Pages: 3 / 96M, Empty: 32M, Relocated: 2M, In-Place: 0
[2024-07-21T21:27:16.874+0800][11.593s][gc,reloc    ] GC(113) Large Pages: 0 / 0M, Empty: 0M, Relocated: 0M, In-Place: 0
[2024-07-21T21:27:16.874+0800][11.593s][gc,reloc    ] GC(113) Forwarding Usage: 0M
[2024-07-21T21:27:16.874+0800][11.593s][gc,heap     ] GC(113) Min Capacity: 8M(0%)
[2024-07-21T21:27:16.874+0800][11.593s][gc,heap     ] GC(113) Max Capacity: 2048M(100%)
[2024-07-21T21:27:16.874+0800][11.593s][gc,heap     ] GC(113) Soft Max Capacity: 128M(6%)
[2024-07-21T21:27:16.874+0800][11.593s][gc,heap     ] GC(113)                Mark Start          Mark End        Relocate Start      Relocate End           High               Low         
[2024-07-21T21:27:16.874+0800][11.593s][gc,heap     ] GC(113)  Capacity:      256M (12%)         256M (12%)         256M (12%)         256M (12%)         256M (12%)         256M (12%)    
[2024-07-21T21:27:16.874+0800][11.593s][gc,heap     ] GC(113)      Free:     1944M (95%)        1910M (93%)        1944M (95%)        1976M (96%)        1976M (96%)        1910M (93%)    
[2024-07-21T21:27:16.874+0800][11.593s][gc,heap     ] GC(113)      Used:      104M (5%)          138M (7%)          104M (5%)           72M (4%)          138M (7%)           72M (4%)     
[2024-07-21T21:27:16.874+0800][11.593s][gc,heap     ] GC(113)      Live:         -                 6M (0%)            6M (0%)            6M (0%)             -                  -          
[2024-07-21T21:27:16.874+0800][11.593s][gc,heap     ] GC(113) Allocated:         -                34M (2%)           34M (2%)           34M (2%)             -                  -          
[2024-07-21T21:27:16.874+0800][11.593s][gc,heap     ] GC(113)   Garbage:         -                97M (5%)           63M (3%)           31M (2%)             -                  -          
[2024-07-21T21:27:16.874+0800][11.593s][gc,heap     ] GC(113) Reclaimed:         -                  -                34M (2%)           66M (3%)             -                  -          
[2024-07-21T21:27:16.874+0800][11.593s][gc          ] GC(113) Garbage Collection (Allocation Rate) 104M(5%)->72M(4%)
[2024-07-21T21:27:16.948+0800][11.666s][gc,start    ] GC(114) Garbage Collection (Allocation Rate)
[2024-07-21T21:27:16.948+0800][11.666s][gc,task     ] GC(114) Using 2 workers
[2024-07-21T21:27:16.948+0800][11.666s][gc,phases   ] GC(114) Pause Mark Start 0.011ms
[2024-07-21T21:27:16.964+0800][11.682s][gc,phases   ] GC(114) Concurrent Mark 15.182ms
[2024-07-21T21:27:16.964+0800][11.682s][gc,phases   ] GC(114) Pause Mark End 0.029ms
[2024-07-21T21:27:16.964+0800][11.682s][gc,phases   ] GC(114) Concurrent Mark Free 0.013ms
[2024-07-21T21:27:16.965+0800][11.683s][gc,phases   ] GC(114) Concurrent Process Non-Strong References 1.199ms
[2024-07-21T21:27:16.965+0800][11.683s][gc,phases   ] GC(114) Concurrent Reset Relocation Set 0.001ms
[2024-07-21T21:27:16.967+0800][11.685s][gc,phases   ] GC(114) Concurrent Select Relocation Set 1.838ms
[2024-07-21T21:27:16.967+0800][11.685s][gc,phases   ] GC(114) Pause Relocate Start 0.006ms
[2024-07-21T21:27:16.968+0800][11.686s][gc,phases   ] GC(114) Concurrent Relocate 0.717ms
[2024-07-21T21:27:16.968+0800][11.686s][gc,load     ] GC(114) Load: 0.00/0.00/0.00
[2024-07-21T21:27:16.968+0800][11.686s][gc,mmu      ] GC(114) MMU: 2ms/95.0%, 5ms/97.9%, 10ms/98.9%, 20ms/99.5%, 50ms/99.8%, 100ms/99.9%
[2024-07-21T21:27:16.968+0800][11.686s][gc,marking  ] GC(114) Mark: 2 stripe(s), 2 proactive flush(es), 1 terminate flush(es), 0 completion(s), 0 continuation(s) 
[2024-07-21T21:27:16.968+0800][11.686s][gc,marking  ] GC(114) Mark Stack Usage: 32M
[2024-07-21T21:27:16.968+0800][11.686s][gc,nmethod  ] GC(114) NMethods: 465 registered, 0 unregistered
[2024-07-21T21:27:16.968+0800][11.686s][gc,metaspace] GC(114) Metaspace: 1M used, 1M committed, 1032M reserved
[2024-07-21T21:27:16.968+0800][11.686s][gc,ref      ] GC(114) Soft: 93 encountered, 0 discovered, 0 enqueued
[2024-07-21T21:27:16.968+0800][11.686s][gc,ref      ] GC(114) Weak: 131 encountered, 11 discovered, 0 enqueued
[2024-07-21T21:27:16.968+0800][11.686s][gc,ref      ] GC(114) Final: 0 encountered, 0 discovered, 0 enqueued
[2024-07-21T21:27:16.968+0800][11.686s][gc,ref      ] GC(114) Phantom: 184 encountered, 119 discovered, 0 enqueued
[2024-07-21T21:27:16.968+0800][11.686s][gc,reloc    ] GC(114) Small Pages: 4 / 8M, Empty: 2M, Relocated: 0M, In-Place: 0
[2024-07-21T21:27:16.968+0800][11.687s][gc,reloc    ] GC(114) Medium Pages: 3 / 96M, Empty: 32M, Relocated: 4M, In-Place: 0
[2024-07-21T21:27:16.968+0800][11.687s][gc,reloc    ] GC(114) Large Pages: 0 / 0M, Empty: 0M, Relocated: 0M, In-Place: 0
[2024-07-21T21:27:16.968+0800][11.687s][gc,reloc    ] GC(114) Forwarding Usage: 0M
[2024-07-21T21:27:16.968+0800][11.687s][gc,heap     ] GC(114) Min Capacity: 8M(0%)
[2024-07-21T21:27:16.968+0800][11.687s][gc,heap     ] GC(114) Max Capacity: 2048M(100%)
[2024-07-21T21:27:16.968+0800][11.687s][gc,heap     ] GC(114) Soft Max Capacity: 128M(6%)
[2024-07-21T21:27:16.968+0800][11.687s][gc,heap     ] GC(114)                Mark Start          Mark End        Relocate Start      Relocate End           High               Low         
[2024-07-21T21:27:16.968+0800][11.687s][gc,heap     ] GC(114)  Capacity:      256M (12%)         256M (12%)         256M (12%)         256M (12%)         256M (12%)         256M (12%)    
[2024-07-21T21:27:16.968+0800][11.687s][gc,heap     ] GC(114)      Free:     1944M (95%)        1910M (93%)        1944M (95%)        1976M (96%)        1976M (96%)        1910M (93%)    
[2024-07-21T21:27:16.968+0800][11.687s][gc,heap     ] GC(114)      Used:      104M (5%)          138M (7%)          104M (5%)           72M (4%)          138M (7%)           72M (4%)     
[2024-07-21T21:27:16.968+0800][11.687s][gc,heap     ] GC(114)      Live:         -                 8M (0%)            8M (0%)            8M (0%)             -                  -          
[2024-07-21T21:27:16.968+0800][11.687s][gc,heap     ] GC(114) Allocated:         -                34M (2%)           34M (2%)           34M (2%)             -                  -          
[2024-07-21T21:27:16.968+0800][11.687s][gc,heap     ] GC(114)   Garbage:         -                95M (5%)           61M (3%)           29M (1%)             -                  -          
[2024-07-21T21:27:16.968+0800][11.687s][gc,heap     ] GC(114) Reclaimed:         -                  -                34M (2%)           66M (3%)             -                  -          
[2024-07-21T21:27:16.968+0800][11.687s][gc          ] GC(114) Garbage Collection (Allocation Rate) 104M(5%)->72M(4%)
[2024-07-21T21:27:17.059+0800][11.777s][gc,start    ] GC(115) Garbage Collection (Allocation Rate)
[2024-07-21T21:27:17.059+0800][11.777s][gc,task     ] GC(115) Using 2 workers
[2024-07-21T21:27:17.059+0800][11.777s][gc,phases   ] GC(115) Pause Mark Start 0.006ms
[2024-07-21T21:27:17.075+0800][11.793s][gc,phases   ] GC(115) Concurrent Mark 15.611ms
[2024-07-21T21:27:17.075+0800][11.793s][gc,phases   ] GC(115) Pause Mark End 0.023ms
[2024-07-21T21:27:17.075+0800][11.794s][gc,phases   ] GC(115) Concurrent Mark Free 0.006ms
[2024-07-21T21:27:17.076+0800][11.795s][gc,phases   ] GC(115) Concurrent Process Non-Strong References 1.112ms
[2024-07-21T21:27:17.076+0800][11.795s][gc,phases   ] GC(115) Concurrent Reset Relocation Set 0.001ms
[2024-07-21T21:27:17.078+0800][11.797s][gc,phases   ] GC(115) Concurrent Select Relocation Set 1.977ms
[2024-07-21T21:27:17.079+0800][11.797s][gc,phases   ] GC(115) Pause Relocate Start 0.015ms
[2024-07-21T21:27:17.079+0800][11.797s][gc,phases   ] GC(115) Concurrent Relocate 0.311ms
[2024-07-21T21:27:17.079+0800][11.798s][gc,load     ] GC(115) Load: 0.00/0.00/0.00
[2024-07-21T21:27:17.079+0800][11.798s][gc,mmu      ] GC(115) MMU: 2ms/95.0%, 5ms/97.9%, 10ms/98.9%, 20ms/99.5%, 50ms/99.8%, 100ms/99.9%
[2024-07-21T21:27:17.079+0800][11.798s][gc,marking  ] GC(115) Mark: 2 stripe(s), 2 proactive flush(es), 1 terminate flush(es), 0 completion(s), 0 continuation(s) 
[2024-07-21T21:27:17.079+0800][11.798s][gc,marking  ] GC(115) Mark Stack Usage: 32M
[2024-07-21T21:27:17.079+0800][11.798s][gc,nmethod  ] GC(115) NMethods: 465 registered, 0 unregistered
[2024-07-21T21:27:17.079+0800][11.798s][gc,metaspace] GC(115) Metaspace: 1M used, 1M committed, 1032M reserved
[2024-07-21T21:27:17.079+0800][11.798s][gc,ref      ] GC(115) Soft: 93 encountered, 0 discovered, 0 enqueued
[2024-07-21T21:27:17.079+0800][11.798s][gc,ref      ] GC(115) Weak: 131 encountered, 93 discovered, 0 enqueued
[2024-07-21T21:27:17.079+0800][11.798s][gc,ref      ] GC(115) Final: 0 encountered, 0 discovered, 0 enqueued
[2024-07-21T21:27:17.079+0800][11.798s][gc,ref      ] GC(115) Phantom: 184 encountered, 141 discovered, 0 enqueued
[2024-07-21T21:27:17.079+0800][11.798s][gc,reloc    ] GC(115) Small Pages: 4 / 8M, Empty: 2M, Relocated: 0M, In-Place: 0
[2024-07-21T21:27:17.079+0800][11.798s][gc,reloc    ] GC(115) Medium Pages: 4 / 128M, Empty: 64M, Relocated: 1M, In-Place: 0
[2024-07-21T21:27:17.079+0800][11.798s][gc,reloc    ] GC(115) Large Pages: 0 / 0M, Empty: 0M, Relocated: 0M, In-Place: 0
[2024-07-21T21:27:17.079+0800][11.798s][gc,reloc    ] GC(115) Forwarding Usage: 0M
[2024-07-21T21:27:17.079+0800][11.798s][gc,heap     ] GC(115) Min Capacity: 8M(0%)
[2024-07-21T21:27:17.079+0800][11.798s][gc,heap     ] GC(115) Max Capacity: 2048M(100%)
[2024-07-21T21:27:17.079+0800][11.798s][gc,heap     ] GC(115) Soft Max Capacity: 128M(6%)
[2024-07-21T21:27:17.079+0800][11.798s][gc,heap     ] GC(115)                Mark Start          Mark End        Relocate Start      Relocate End           High               Low         
[2024-07-21T21:27:17.079+0800][11.798s][gc,heap     ] GC(115)  Capacity:      256M (12%)         256M (12%)         256M (12%)         256M (12%)         256M (12%)         256M (12%)    
[2024-07-21T21:27:17.079+0800][11.798s][gc,heap     ] GC(115)      Free:     1912M (93%)        1878M (92%)        1944M (95%)        1976M (96%)        1976M (96%)        1878M (92%)    
[2024-07-21T21:27:17.079+0800][11.798s][gc,heap     ] GC(115)      Used:      136M (7%)          170M (8%)          104M (5%)           72M (4%)          170M (8%)           72M (4%)     
[2024-07-21T21:27:17.079+0800][11.798s][gc,heap     ] GC(115)      Live:         -                 5M (0%)            5M (0%)            5M (0%)             -                  -          
[2024-07-21T21:27:17.079+0800][11.798s][gc,heap     ] GC(115) Allocated:         -                34M (2%)           34M (2%)           34M (2%)             -                  -          
[2024-07-21T21:27:17.079+0800][11.798s][gc,heap     ] GC(115)   Garbage:         -               130M (6%)           64M (3%)           32M (2%)             -                  -          
[2024-07-21T21:27:17.079+0800][11.798s][gc,heap     ] GC(115) Reclaimed:         -                  -                66M (3%)           98M (5%)             -                  -          
[2024-07-21T21:27:17.079+0800][11.798s][gc          ] GC(115) Garbage Collection (Allocation Rate) 136M(7%)->72M(4%)
[2024-07-21T21:27:17.153+0800][11.871s][gc,start    ] GC(116) Garbage Collection (Allocation Rate)
[2024-07-21T21:27:17.154+0800][11.872s][gc,task     ] GC(116) Using 2 workers
[2024-07-21T21:27:17.154+0800][11.872s][gc,phases   ] GC(116) Pause Mark Start 0.009ms
[2024-07-21T21:27:17.169+0800][11.887s][gc,phases   ] GC(116) Concurrent Mark 15.616ms
[2024-07-21T21:27:17.169+0800][11.888s][gc,phases   ] GC(116) Pause Mark End 0.010ms
[2024-07-21T21:27:17.169+0800][11.888s][gc,phases   ] GC(116) Concurrent Mark Free 0.002ms
[2024-07-21T21:27:17.171+0800][11.889s][gc,phases   ] GC(116) Concurrent Process Non-Strong References 1.002ms
[2024-07-21T21:27:17.171+0800][11.889s][gc,phases   ] GC(116) Concurrent Reset Relocation Set 0.001ms
[2024-07-21T21:27:17.173+0800][11.891s][gc,phases   ] GC(116) Concurrent Select Relocation Set 1.951ms
[2024-07-21T21:27:17.173+0800][11.891s][gc,phases   ] GC(116) Pause Relocate Start 0.006ms
[2024-07-21T21:27:17.173+0800][11.892s][gc,phases   ] GC(116) Concurrent Relocate 0.247ms
[2024-07-21T21:27:17.173+0800][11.892s][gc,load     ] GC(116) Load: 0.00/0.00/0.00
[2024-07-21T21:27:17.173+0800][11.892s][gc,mmu      ] GC(116) MMU: 2ms/95.0%, 5ms/97.9%, 10ms/98.9%, 20ms/99.5%, 50ms/99.8%, 100ms/99.9%
[2024-07-21T21:27:17.173+0800][11.892s][gc,marking  ] GC(116) Mark: 2 stripe(s), 2 proactive flush(es), 1 terminate flush(es), 0 completion(s), 0 continuation(s) 
[2024-07-21T21:27:17.173+0800][11.892s][gc,marking  ] GC(116) Mark Stack Usage: 32M
[2024-07-21T21:27:17.173+0800][11.892s][gc,nmethod  ] GC(116) NMethods: 465 registered, 0 unregistered
[2024-07-21T21:27:17.173+0800][11.892s][gc,metaspace] GC(116) Metaspace: 1M used, 1M committed, 1032M reserved
[2024-07-21T21:27:17.173+0800][11.892s][gc,ref      ] GC(116) Soft: 93 encountered, 0 discovered, 0 enqueued
[2024-07-21T21:27:17.173+0800][11.892s][gc,ref      ] GC(116) Weak: 131 encountered, 1 discovered, 0 enqueued
[2024-07-21T21:27:17.173+0800][11.892s][gc,ref      ] GC(116) Final: 0 encountered, 0 discovered, 0 enqueued
[2024-07-21T21:27:17.173+0800][11.892s][gc,ref      ] GC(116) Phantom: 184 encountered, 119 discovered, 0 enqueued
[2024-07-21T21:27:17.173+0800][11.892s][gc,reloc    ] GC(116) Small Pages: 4 / 8M, Empty: 2M, Relocated: 0M, In-Place: 0
[2024-07-21T21:27:17.173+0800][11.892s][gc,reloc    ] GC(116) Medium Pages: 3 / 96M, Empty: 32M, Relocated: 1M, In-Place: 0
[2024-07-21T21:27:17.173+0800][11.892s][gc,reloc    ] GC(116) Large Pages: 0 / 0M, Empty: 0M, Relocated: 0M, In-Place: 0
[2024-07-21T21:27:17.173+0800][11.892s][gc,reloc    ] GC(116) Forwarding Usage: 0M
[2024-07-21T21:27:17.173+0800][11.892s][gc,heap     ] GC(116) Min Capacity: 8M(0%)
[2024-07-21T21:27:17.173+0800][11.892s][gc,heap     ] GC(116) Max Capacity: 2048M(100%)
[2024-07-21T21:27:17.173+0800][11.892s][gc,heap     ] GC(116) Soft Max Capacity: 128M(6%)
[2024-07-21T21:27:17.173+0800][11.892s][gc,heap     ] GC(116)                Mark Start          Mark End        Relocate Start      Relocate End           High               Low         
[2024-07-21T21:27:17.174+0800][11.892s][gc,heap     ] GC(116)  Capacity:      256M (12%)         256M (12%)         256M (12%)         256M (12%)         256M (12%)         256M (12%)    
[2024-07-21T21:27:17.174+0800][11.892s][gc,heap     ] GC(116)      Free:     1944M (95%)        1910M (93%)        1944M (95%)        1976M (96%)        1976M (96%)        1910M (93%)    
[2024-07-21T21:27:17.174+0800][11.892s][gc,heap     ] GC(116)      Used:      104M (5%)          138M (7%)          104M (5%)           72M (4%)          138M (7%)           72M (4%)     
[2024-07-21T21:27:17.174+0800][11.892s][gc,heap     ] GC(116)      Live:         -                 5M (0%)            5M (0%)            5M (0%)             -                  -          
[2024-07-21T21:27:17.174+0800][11.892s][gc,heap     ] GC(116) Allocated:         -                34M (2%)           34M (2%)           34M (2%)             -                  -          
[2024-07-21T21:27:17.174+0800][11.892s][gc,heap     ] GC(116)   Garbage:         -                98M (5%)           64M (3%)           32M (2%)             -                  -          
[2024-07-21T21:27:17.174+0800][11.892s][gc,heap     ] GC(116) Reclaimed:         -                  -                34M (2%)           66M (3%)             -                  -          
[2024-07-21T21:27:17.174+0800][11.892s][gc          ] GC(116) Garbage Collection (Allocation Rate) 104M(5%)->72M(4%)
[2024-07-21T21:27:17.249+0800][11.967s][gc,start    ] GC(117) Garbage Collection (Allocation Rate)
[2024-07-21T21:27:17.249+0800][11.967s][gc,task     ] GC(117) Using 2 workers
[2024-07-21T21:27:17.249+0800][11.968s][gc,phases   ] GC(117) Pause Mark Start 0.010ms
[2024-07-21T21:27:17.264+0800][11.982s][gc,phases   ] GC(117) Concurrent Mark 14.435ms
[2024-07-21T21:27:17.264+0800][11.982s][gc,phases   ] GC(117) Pause Mark End 0.014ms
[2024-07-21T21:27:17.264+0800][11.983s][gc,phases   ] GC(117) Concurrent Mark Free 0.001ms
[2024-07-21T21:27:17.265+0800][11.984s][gc,phases   ] GC(117) Concurrent Process Non-Strong References 1.193ms
[2024-07-21T21:27:17.265+0800][11.984s][gc,phases   ] GC(117) Concurrent Reset Relocation Set 0.001ms
[2024-07-21T21:27:17.268+0800][11.986s][gc,phases   ] GC(117) Concurrent Select Relocation Set 2.542ms
[2024-07-21T21:27:17.268+0800][11.987s][gc,phases   ] GC(117) Pause Relocate Start 0.014ms
[2024-07-21T21:27:17.269+0800][11.987s][gc,phases   ] GC(117) Concurrent Relocate 0.385ms
[2024-07-21T21:27:17.269+0800][11.987s][gc,load     ] GC(117) Load: 0.00/0.00/0.00
[2024-07-21T21:27:17.269+0800][11.987s][gc,mmu      ] GC(117) MMU: 2ms/95.0%, 5ms/97.9%, 10ms/98.9%, 20ms/99.5%, 50ms/99.8%, 100ms/99.9%
[2024-07-21T21:27:17.269+0800][11.987s][gc,marking  ] GC(117) Mark: 2 stripe(s), 2 proactive flush(es), 1 terminate flush(es), 0 completion(s), 0 continuation(s) 
[2024-07-21T21:27:17.269+0800][11.987s][gc,marking  ] GC(117) Mark Stack Usage: 32M
[2024-07-21T21:27:17.269+0800][11.987s][gc,nmethod  ] GC(117) NMethods: 465 registered, 0 unregistered
[2024-07-21T21:27:17.269+0800][11.987s][gc,metaspace] GC(117) Metaspace: 1M used, 1M committed, 1032M reserved
[2024-07-21T21:27:17.269+0800][11.987s][gc,ref      ] GC(117) Soft: 93 encountered, 0 discovered, 0 enqueued
[2024-07-21T21:27:17.269+0800][11.987s][gc,ref      ] GC(117) Weak: 131 encountered, 0 discovered, 0 enqueued
[2024-07-21T21:27:17.269+0800][11.987s][gc,ref      ] GC(117) Final: 0 encountered, 0 discovered, 0 enqueued
[2024-07-21T21:27:17.269+0800][11.987s][gc,ref      ] GC(117) Phantom: 184 encountered, 169 discovered, 0 enqueued
[2024-07-21T21:27:17.269+0800][11.987s][gc,reloc    ] GC(117) Small Pages: 4 / 8M, Empty: 2M, Relocated: 0M, In-Place: 0
[2024-07-21T21:27:17.269+0800][11.987s][gc,reloc    ] GC(117) Medium Pages: 3 / 96M, Empty: 32M, Relocated: 1M, In-Place: 0
[2024-07-21T21:27:17.269+0800][11.987s][gc,reloc    ] GC(117) Large Pages: 0 / 0M, Empty: 0M, Relocated: 0M, In-Place: 0
[2024-07-21T21:27:17.269+0800][11.987s][gc,reloc    ] GC(117) Forwarding Usage: 0M
[2024-07-21T21:27:17.269+0800][11.987s][gc,heap     ] GC(117) Min Capacity: 8M(0%)
[2024-07-21T21:27:17.269+0800][11.987s][gc,heap     ] GC(117) Max Capacity: 2048M(100%)
[2024-07-21T21:27:17.269+0800][11.987s][gc,heap     ] GC(117) Soft Max Capacity: 128M(6%)
[2024-07-21T21:27:17.269+0800][11.987s][gc,heap     ] GC(117)                Mark Start          Mark End        Relocate Start      Relocate End           High               Low         
[2024-07-21T21:27:17.269+0800][11.987s][gc,heap     ] GC(117)  Capacity:      256M (12%)         256M (12%)         256M (12%)         256M (12%)         256M (12%)         256M (12%)    
[2024-07-21T21:27:17.269+0800][11.987s][gc,heap     ] GC(117)      Free:     1944M (95%)        1910M (93%)        1944M (95%)        1976M (96%)        1976M (96%)        1910M (93%)    
[2024-07-21T21:27:17.269+0800][11.987s][gc,heap     ] GC(117)      Used:      104M (5%)          138M (7%)          104M (5%)           72M (4%)          138M (7%)           72M (4%)     
[2024-07-21T21:27:17.269+0800][11.987s][gc,heap     ] GC(117)      Live:         -                 5M (0%)            5M (0%)            5M (0%)             -                  -          
[2024-07-21T21:27:17.269+0800][11.987s][gc,heap     ] GC(117) Allocated:         -                34M (2%)           34M (2%)           34M (2%)             -                  -          
[2024-07-21T21:27:17.269+0800][11.988s][gc,heap     ] GC(117)   Garbage:         -                98M (5%)           64M (3%)           32M (2%)             -                  -          
[2024-07-21T21:27:17.269+0800][11.988s][gc,heap     ] GC(117) Reclaimed:         -                  -                34M (2%)           66M (3%)             -                  -          
[2024-07-21T21:27:17.269+0800][11.988s][gc          ] GC(117) Garbage Collection (Allocation Rate) 104M(5%)->72M(4%)
[2024-07-21T21:27:17.358+0800][12.076s][gc,start    ] GC(118) Garbage Collection (Allocation Rate)
[2024-07-21T21:27:17.358+0800][12.077s][gc,task     ] GC(118) Using 2 workers
[2024-07-21T21:27:17.358+0800][12.077s][gc,phases   ] GC(118) Pause Mark Start 0.006ms
[2024-07-21T21:27:17.374+0800][12.092s][gc,phases   ] GC(118) Concurrent Mark 15.579ms
[2024-07-21T21:27:17.374+0800][12.093s][gc,phases   ] GC(118) Pause Mark End 0.014ms
[2024-07-21T21:27:17.375+0800][12.093s][gc,phases   ] GC(118) Concurrent Mark Free 0.003ms
[2024-07-21T21:27:17.376+0800][12.094s][gc,phases   ] GC(118) Concurrent Process Non-Strong References 0.885ms
[2024-07-21T21:27:17.376+0800][12.094s][gc,phases   ] GC(118) Concurrent Reset Relocation Set 0.001ms
[2024-07-21T21:27:17.377+0800][12.096s][gc,phases   ] GC(118) Concurrent Select Relocation Set 1.667ms
[2024-07-21T21:27:17.377+0800][12.096s][gc,phases   ] GC(118) Pause Relocate Start 0.008ms
[2024-07-21T21:27:17.378+0800][12.097s][gc,phases   ] GC(118) Concurrent Relocate 0.647ms
[2024-07-21T21:27:17.378+0800][12.097s][gc,load     ] GC(118) Load: 0.00/0.00/0.00
[2024-07-21T21:27:17.378+0800][12.097s][gc,mmu      ] GC(118) MMU: 2ms/95.0%, 5ms/97.9%, 10ms/98.9%, 20ms/99.5%, 50ms/99.8%, 100ms/99.9%
[2024-07-21T21:27:17.378+0800][12.097s][gc,marking  ] GC(118) Mark: 2 stripe(s), 2 proactive flush(es), 1 terminate flush(es), 0 completion(s), 0 continuation(s) 
[2024-07-21T21:27:17.378+0800][12.097s][gc,marking  ] GC(118) Mark Stack Usage: 32M
[2024-07-21T21:27:17.378+0800][12.097s][gc,nmethod  ] GC(118) NMethods: 465 registered, 0 unregistered
[2024-07-21T21:27:17.378+0800][12.097s][gc,metaspace] GC(118) Metaspace: 1M used, 1M committed, 1032M reserved
[2024-07-21T21:27:17.378+0800][12.097s][gc,ref      ] GC(118) Soft: 93 encountered, 0 discovered, 0 enqueued
[2024-07-21T21:27:17.378+0800][12.097s][gc,ref      ] GC(118) Weak: 131 encountered, 0 discovered, 0 enqueued
[2024-07-21T21:27:17.378+0800][12.097s][gc,ref      ] GC(118) Final: 0 encountered, 0 discovered, 0 enqueued
[2024-07-21T21:27:17.378+0800][12.097s][gc,ref      ] GC(118) Phantom: 184 encountered, 119 discovered, 0 enqueued
[2024-07-21T21:27:17.378+0800][12.097s][gc,reloc    ] GC(118) Small Pages: 4 / 8M, Empty: 2M, Relocated: 0M, In-Place: 0
[2024-07-21T21:27:17.378+0800][12.097s][gc,reloc    ] GC(118) Medium Pages: 4 / 128M, Empty: 64M, Relocated: 4M, In-Place: 0
[2024-07-21T21:27:17.378+0800][12.097s][gc,reloc    ] GC(118) Large Pages: 0 / 0M, Empty: 0M, Relocated: 0M, In-Place: 0
[2024-07-21T21:27:17.378+0800][12.097s][gc,reloc    ] GC(118) Forwarding Usage: 0M
[2024-07-21T21:27:17.378+0800][12.097s][gc,heap     ] GC(118) Min Capacity: 8M(0%)
[2024-07-21T21:27:17.378+0800][12.097s][gc,heap     ] GC(118) Max Capacity: 2048M(100%)
[2024-07-21T21:27:17.378+0800][12.097s][gc,heap     ] GC(118) Soft Max Capacity: 128M(6%)
[2024-07-21T21:27:17.378+0800][12.097s][gc,heap     ] GC(118)                Mark Start          Mark End        Relocate Start      Relocate End           High               Low         
[2024-07-21T21:27:17.379+0800][12.097s][gc,heap     ] GC(118)  Capacity:      256M (12%)         256M (12%)         256M (12%)         256M (12%)         256M (12%)         256M (12%)    
[2024-07-21T21:27:17.379+0800][12.097s][gc,heap     ] GC(118)      Free:     1912M (93%)        1878M (92%)        1944M (95%)        1976M (96%)        1976M (96%)        1878M (92%)    
[2024-07-21T21:27:17.379+0800][12.097s][gc,heap     ] GC(118)      Used:      136M (7%)          170M (8%)          104M (5%)           72M (4%)          170M (8%)           72M (4%)     
[2024-07-21T21:27:17.379+0800][12.097s][gc,heap     ] GC(118)      Live:         -                 8M (0%)            8M (0%)            8M (0%)             -                  -          
[2024-07-21T21:27:17.379+0800][12.097s][gc,heap     ] GC(118) Allocated:         -                34M (2%)           34M (2%)           34M (2%)             -                  -          
[2024-07-21T21:27:17.379+0800][12.097s][gc,heap     ] GC(118)   Garbage:         -               127M (6%)           61M (3%)           29M (1%)             -                  -          
[2024-07-21T21:27:17.379+0800][12.097s][gc,heap     ] GC(118) Reclaimed:         -                  -                66M (3%)           98M (5%)             -                  -          
[2024-07-21T21:27:17.379+0800][12.097s][gc          ] GC(118) Garbage Collection (Allocation Rate) 136M(7%)->72M(4%)
[2024-07-21T21:27:17.452+0800][12.170s][gc,start    ] GC(119) Garbage Collection (Allocation Rate)
[2024-07-21T21:27:17.452+0800][12.171s][gc,task     ] GC(119) Using 2 workers
[2024-07-21T21:27:17.452+0800][12.171s][gc,phases   ] GC(119) Pause Mark Start 0.013ms
[2024-07-21T21:27:17.467+0800][12.185s][gc,phases   ] GC(119) Concurrent Mark 14.653ms
[2024-07-21T21:27:17.467+0800][12.186s][gc,phases   ] GC(119) Pause Mark End 0.012ms
[2024-07-21T21:27:17.467+0800][12.186s][gc,phases   ] GC(119) Concurrent Mark Free 0.003ms
[2024-07-21T21:27:17.468+0800][12.187s][gc,phases   ] GC(119) Concurrent Process Non-Strong References 1.210ms
[2024-07-21T21:27:17.468+0800][12.187s][gc,phases   ] GC(119) Concurrent Reset Relocation Set 0.002ms
[2024-07-21T21:27:17.471+0800][12.190s][gc,phases   ] GC(119) Concurrent Select Relocation Set 2.660ms
[2024-07-21T21:27:17.471+0800][12.190s][gc,phases   ] GC(119) Pause Relocate Start 0.012ms
[2024-07-21T21:27:17.472+0800][12.191s][gc,phases   ] GC(119) Concurrent Relocate 0.918ms
[2024-07-21T21:27:17.472+0800][12.191s][gc,load     ] GC(119) Load: 0.00/0.00/0.00
[2024-07-21T21:27:17.472+0800][12.191s][gc,mmu      ] GC(119) MMU: 2ms/95.0%, 5ms/97.9%, 10ms/98.9%, 20ms/99.5%, 50ms/99.8%, 100ms/99.9%
[2024-07-21T21:27:17.472+0800][12.191s][gc,marking  ] GC(119) Mark: 2 stripe(s), 2 proactive flush(es), 1 terminate flush(es), 0 completion(s), 0 continuation(s) 
[2024-07-21T21:27:17.472+0800][12.191s][gc,marking  ] GC(119) Mark Stack Usage: 32M
[2024-07-21T21:27:17.472+0800][12.191s][gc,nmethod  ] GC(119) NMethods: 465 registered, 0 unregistered
[2024-07-21T21:27:17.472+0800][12.191s][gc,metaspace] GC(119) Metaspace: 1M used, 1M committed, 1032M reserved
[2024-07-21T21:27:17.472+0800][12.191s][gc,ref      ] GC(119) Soft: 93 encountered, 0 discovered, 0 enqueued
[2024-07-21T21:27:17.472+0800][12.191s][gc,ref      ] GC(119) Weak: 131 encountered, 1 discovered, 0 enqueued
[2024-07-21T21:27:17.473+0800][12.191s][gc,ref      ] GC(119) Final: 0 encountered, 0 discovered, 0 enqueued
[2024-07-21T21:27:17.473+0800][12.191s][gc,ref      ] GC(119) Phantom: 184 encountered, 142 discovered, 0 enqueued
[2024-07-21T21:27:17.473+0800][12.191s][gc,reloc    ] GC(119) Small Pages: 4 / 8M, Empty: 2M, Relocated: 0M, In-Place: 0
[2024-07-21T21:27:17.473+0800][12.191s][gc,reloc    ] GC(119) Medium Pages: 3 / 96M, Empty: 32M, Relocated: 4M, In-Place: 0
[2024-07-21T21:27:17.473+0800][12.191s][gc,reloc    ] GC(119) Large Pages: 0 / 0M, Empty: 0M, Relocated: 0M, In-Place: 0
[2024-07-21T21:27:17.473+0800][12.191s][gc,reloc    ] GC(119) Forwarding Usage: 0M
[2024-07-21T21:27:17.473+0800][12.191s][gc,heap     ] GC(119) Min Capacity: 8M(0%)
[2024-07-21T21:27:17.473+0800][12.191s][gc,heap     ] GC(119) Max Capacity: 2048M(100%)
[2024-07-21T21:27:17.473+0800][12.191s][gc,heap     ] GC(119) Soft Max Capacity: 128M(6%)
[2024-07-21T21:27:17.473+0800][12.191s][gc,heap     ] GC(119)                Mark Start          Mark End        Relocate Start      Relocate End           High               Low         
[2024-07-21T21:27:17.473+0800][12.191s][gc,heap     ] GC(119)  Capacity:      256M (12%)         256M (12%)         256M (12%)         256M (12%)         256M (12%)         256M (12%)    
[2024-07-21T21:27:17.473+0800][12.191s][gc,heap     ] GC(119)      Free:     1944M (95%)        1910M (93%)        1944M (95%)        1976M (96%)        1976M (96%)        1910M (93%)    
[2024-07-21T21:27:17.473+0800][12.191s][gc,heap     ] GC(119)      Used:      104M (5%)          138M (7%)          104M (5%)           72M (4%)          138M (7%)           72M (4%)     
[2024-07-21T21:27:17.473+0800][12.191s][gc,heap     ] GC(119)      Live:         -                 8M (0%)            8M (0%)            8M (0%)             -                  -          
[2024-07-21T21:27:17.473+0800][12.192s][gc,heap     ] GC(119) Allocated:         -                34M (2%)           34M (2%)           34M (2%)             -                  -          
[2024-07-21T21:27:17.473+0800][12.192s][gc,heap     ] GC(119)   Garbage:         -                95M (5%)           61M (3%)           29M (1%)             -                  -          
[2024-07-21T21:27:17.473+0800][12.192s][gc,heap     ] GC(119) Reclaimed:         -                  -                34M (2%)           66M (3%)             -                  -          
[2024-07-21T21:27:17.473+0800][12.192s][gc          ] GC(119) Garbage Collection (Allocation Rate) 104M(5%)->72M(4%)
[2024-07-21T21:27:17.560+0800][12.278s][gc,start    ] GC(120) Garbage Collection (Allocation Rate)
[2024-07-21T21:27:17.560+0800][12.278s][gc,task     ] GC(120) Using 2 workers
[2024-07-21T21:27:17.560+0800][12.278s][gc,phases   ] GC(120) Pause Mark Start 0.011ms
[2024-07-21T21:27:17.576+0800][12.294s][gc,phases   ] GC(120) Concurrent Mark 15.425ms
[2024-07-21T21:27:17.576+0800][12.294s][gc,phases   ] GC(120) Pause Mark End 0.016ms
[2024-07-21T21:27:17.576+0800][12.294s][gc,phases   ] GC(120) Concurrent Mark Free 0.003ms
[2024-07-21T21:27:17.578+0800][12.296s][gc,phases   ] GC(120) Concurrent Process Non-Strong References 1.107ms
[2024-07-21T21:27:17.578+0800][12.296s][gc,phases   ] GC(120) Concurrent Reset Relocation Set 0.001ms
[2024-07-21T21:27:17.580+0800][12.298s][gc,phases   ] GC(120) Concurrent Select Relocation Set 1.746ms
[2024-07-21T21:27:17.580+0800][12.298s][gc,phases   ] GC(120) Pause Relocate Start 0.006ms
[2024-07-21T21:27:17.580+0800][12.298s][gc,phases   ] GC(120) Concurrent Relocate 0.281ms
[2024-07-21T21:27:17.580+0800][12.298s][gc,load     ] GC(120) Load: 0.00/0.00/0.00
[2024-07-21T21:27:17.580+0800][12.298s][gc,mmu      ] GC(120) MMU: 2ms/95.0%, 5ms/97.9%, 10ms/98.9%, 20ms/99.5%, 50ms/99.8%, 100ms/99.9%
[2024-07-21T21:27:17.580+0800][12.298s][gc,marking  ] GC(120) Mark: 2 stripe(s), 2 proactive flush(es), 1 terminate flush(es), 0 completion(s), 0 continuation(s) 
[2024-07-21T21:27:17.580+0800][12.298s][gc,marking  ] GC(120) Mark Stack Usage: 32M
[2024-07-21T21:27:17.580+0800][12.298s][gc,nmethod  ] GC(120) NMethods: 465 registered, 0 unregistered
[2024-07-21T21:27:17.580+0800][12.298s][gc,metaspace] GC(120) Metaspace: 1M used, 1M committed, 1032M reserved
[2024-07-21T21:27:17.580+0800][12.298s][gc,ref      ] GC(120) Soft: 93 encountered, 0 discovered, 0 enqueued
[2024-07-21T21:27:17.580+0800][12.298s][gc,ref      ] GC(120) Weak: 131 encountered, 46 discovered, 0 enqueued
[2024-07-21T21:27:17.580+0800][12.298s][gc,ref      ] GC(120) Final: 0 encountered, 0 discovered, 0 enqueued
[2024-07-21T21:27:17.580+0800][12.298s][gc,ref      ] GC(120) Phantom: 184 encountered, 122 discovered, 0 enqueued
[2024-07-21T21:27:17.580+0800][12.298s][gc,reloc    ] GC(120) Small Pages: 4 / 8M, Empty: 2M, Relocated: 0M, In-Place: 0
[2024-07-21T21:27:17.580+0800][12.298s][gc,reloc    ] GC(120) Medium Pages: 4 / 128M, Empty: 64M, Relocated: 1M, In-Place: 0
[2024-07-21T21:27:17.580+0800][12.298s][gc,reloc    ] GC(120) Large Pages: 0 / 0M, Empty: 0M, Relocated: 0M, In-Place: 0
[2024-07-21T21:27:17.580+0800][12.298s][gc,reloc    ] GC(120) Forwarding Usage: 0M
[2024-07-21T21:27:17.580+0800][12.298s][gc,heap     ] GC(120) Min Capacity: 8M(0%)
[2024-07-21T21:27:17.580+0800][12.298s][gc,heap     ] GC(120) Max Capacity: 2048M(100%)
[2024-07-21T21:27:17.580+0800][12.298s][gc,heap     ] GC(120) Soft Max Capacity: 128M(6%)
[2024-07-21T21:27:17.580+0800][12.298s][gc,heap     ] GC(120)                Mark Start          Mark End        Relocate Start      Relocate End           High               Low         
[2024-07-21T21:27:17.580+0800][12.298s][gc,heap     ] GC(120)  Capacity:      256M (12%)         256M (12%)         256M (12%)         256M (12%)         256M (12%)         256M (12%)    
[2024-07-21T21:27:17.580+0800][12.298s][gc,heap     ] GC(120)      Free:     1912M (93%)        1878M (92%)        1944M (95%)        1976M (96%)        1976M (96%)        1878M (92%)    
[2024-07-21T21:27:17.580+0800][12.298s][gc,heap     ] GC(120)      Used:      136M (7%)          170M (8%)          104M (5%)           72M (4%)          170M (8%)           72M (4%)     
[2024-07-21T21:27:17.580+0800][12.298s][gc,heap     ] GC(120)      Live:         -                 5M (0%)            5M (0%)            5M (0%)             -                  -          
[2024-07-21T21:27:17.580+0800][12.298s][gc,heap     ] GC(120) Allocated:         -                34M (2%)           34M (2%)           34M (2%)             -                  -          
[2024-07-21T21:27:17.580+0800][12.298s][gc,heap     ] GC(120)   Garbage:         -               130M (6%)           64M (3%)           32M (2%)             -                  -          
[2024-07-21T21:27:17.580+0800][12.298s][gc,heap     ] GC(120) Reclaimed:         -                  -                66M (3%)           98M (5%)             -                  -          
[2024-07-21T21:27:17.580+0800][12.298s][gc          ] GC(120) Garbage Collection (Allocation Rate) 136M(7%)->72M(4%)
[2024-07-21T21:27:17.656+0800][12.373s][gc,start    ] GC(121) Garbage Collection (Allocation Rate)
[2024-07-21T21:27:17.656+0800][12.374s][gc,task     ] GC(121) Using 2 workers
[2024-07-21T21:27:17.656+0800][12.374s][gc,phases   ] GC(121) Pause Mark Start 0.014ms
[2024-07-21T21:27:17.671+0800][12.389s][gc,phases   ] GC(121) Concurrent Mark 14.963ms
[2024-07-21T21:27:17.671+0800][12.390s][gc,phases   ] GC(121) Pause Mark End 0.028ms
[2024-07-21T21:27:17.671+0800][12.390s][gc,phases   ] GC(121) Concurrent Mark Free 0.001ms
[2024-07-21T21:27:17.672+0800][12.391s][gc,phases   ] GC(121) Concurrent Process Non-Strong References 1.173ms
[2024-07-21T21:27:17.673+0800][12.391s][gc,phases   ] GC(121) Concurrent Reset Relocation Set 0.001ms
[2024-07-21T21:27:17.675+0800][12.393s][gc,phases   ] GC(121) Concurrent Select Relocation Set 2.299ms
[2024-07-21T21:27:17.675+0800][12.394s][gc,phases   ] GC(121) Pause Relocate Start 0.007ms
[2024-07-21T21:27:17.675+0800][12.394s][gc,phases   ] GC(121) Concurrent Relocate 0.162ms
[2024-07-21T21:27:17.675+0800][12.394s][gc,load     ] GC(121) Load: 0.00/0.00/0.00
[2024-07-21T21:27:17.675+0800][12.394s][gc,mmu      ] GC(121) MMU: 2ms/95.0%, 5ms/97.9%, 10ms/98.9%, 20ms/99.5%, 50ms/99.8%, 100ms/99.9%
[2024-07-21T21:27:17.675+0800][12.394s][gc,marking  ] GC(121) Mark: 2 stripe(s), 2 proactive flush(es), 1 terminate flush(es), 0 completion(s), 0 continuation(s) 
[2024-07-21T21:27:17.675+0800][12.394s][gc,marking  ] GC(121) Mark Stack Usage: 32M
[2024-07-21T21:27:17.675+0800][12.394s][gc,nmethod  ] GC(121) NMethods: 465 registered, 0 unregistered
[2024-07-21T21:27:17.675+0800][12.394s][gc,metaspace] GC(121) Metaspace: 1M used, 1M committed, 1032M reserved
[2024-07-21T21:27:17.676+0800][12.394s][gc,ref      ] GC(121) Soft: 93 encountered, 0 discovered, 0 enqueued
[2024-07-21T21:27:17.676+0800][12.394s][gc,ref      ] GC(121) Weak: 131 encountered, 12 discovered, 0 enqueued
[2024-07-21T21:27:17.676+0800][12.394s][gc,ref      ] GC(121) Final: 0 encountered, 0 discovered, 0 enqueued
[2024-07-21T21:27:17.676+0800][12.394s][gc,ref      ] GC(121) Phantom: 184 encountered, 169 discovered, 0 enqueued
[2024-07-21T21:27:17.676+0800][12.394s][gc,reloc    ] GC(121) Small Pages: 4 / 8M, Empty: 2M, Relocated: 0M, In-Place: 0
[2024-07-21T21:27:17.676+0800][12.394s][gc,reloc    ] GC(121) Medium Pages: 3 / 96M, Empty: 32M, Relocated: 1M, In-Place: 0
[2024-07-21T21:27:17.676+0800][12.394s][gc,reloc    ] GC(121) Large Pages: 0 / 0M, Empty: 0M, Relocated: 0M, In-Place: 0
[2024-07-21T21:27:17.676+0800][12.394s][gc,reloc    ] GC(121) Forwarding Usage: 0M
[2024-07-21T21:27:17.676+0800][12.394s][gc,heap     ] GC(121) Min Capacity: 8M(0%)
[2024-07-21T21:27:17.676+0800][12.394s][gc,heap     ] GC(121) Max Capacity: 2048M(100%)
[2024-07-21T21:27:17.676+0800][12.394s][gc,heap     ] GC(121) Soft Max Capacity: 128M(6%)
[2024-07-21T21:27:17.676+0800][12.394s][gc,heap     ] GC(121)                Mark Start          Mark End        Relocate Start      Relocate End           High               Low         
[2024-07-21T21:27:17.676+0800][12.394s][gc,heap     ] GC(121)  Capacity:      256M (12%)         256M (12%)         256M (12%)         256M (12%)         256M (12%)         256M (12%)    
[2024-07-21T21:27:17.676+0800][12.394s][gc,heap     ] GC(121)      Free:     1944M (95%)        1910M (93%)        1944M (95%)        1976M (96%)        1976M (96%)        1910M (93%)    
[2024-07-21T21:27:17.676+0800][12.394s][gc,heap     ] GC(121)      Used:      104M (5%)          138M (7%)          104M (5%)           72M (4%)          138M (7%)           72M (4%)     
[2024-07-21T21:27:17.676+0800][12.394s][gc,heap     ] GC(121)      Live:         -                 5M (0%)            5M (0%)            5M (0%)             -                  -          
[2024-07-21T21:27:17.676+0800][12.394s][gc,heap     ] GC(121) Allocated:         -                34M (2%)           34M (2%)           34M (2%)             -                  -          
[2024-07-21T21:27:17.676+0800][12.394s][gc,heap     ] GC(121)   Garbage:         -                98M (5%)           64M (3%)           32M (2%)             -                  -          
[2024-07-21T21:27:17.676+0800][12.394s][gc,heap     ] GC(121) Reclaimed:         -                  -                34M (2%)           66M (3%)             -                  -          
[2024-07-21T21:27:17.676+0800][12.394s][gc          ] GC(121) Garbage Collection (Allocation Rate) 104M(5%)->72M(4%)
[2024-07-21T21:27:17.749+0800][12.467s][gc,start    ] GC(122) Garbage Collection (Allocation Rate)
[2024-07-21T21:27:17.749+0800][12.467s][gc,task     ] GC(122) Using 2 workers
[2024-07-21T21:27:17.749+0800][12.468s][gc,phases   ] GC(122) Pause Mark Start 0.006ms
[2024-07-21T21:27:17.764+0800][12.482s][gc,phases   ] GC(122) Concurrent Mark 14.752ms
[2024-07-21T21:27:17.764+0800][12.483s][gc,phases   ] GC(122) Pause Mark End 0.024ms
[2024-07-21T21:27:17.764+0800][12.483s][gc,phases   ] GC(122) Concurrent Mark Free 0.001ms
[2024-07-21T21:27:17.765+0800][12.484s][gc,phases   ] GC(122) Concurrent Process Non-Strong References 0.972ms
[2024-07-21T21:27:17.765+0800][12.484s][gc,phases   ] GC(122) Concurrent Reset Relocation Set 0.001ms
[2024-07-21T21:27:17.767+0800][12.485s][gc,phases   ] GC(122) Concurrent Select Relocation Set 1.650ms
[2024-07-21T21:27:17.767+0800][12.486s][gc,phases   ] GC(122) Pause Relocate Start 0.006ms
[2024-07-21T21:27:17.768+0800][12.486s][gc,phases   ] GC(122) Concurrent Relocate 0.276ms
[2024-07-21T21:27:17.768+0800][12.486s][gc,load     ] GC(122) Load: 0.00/0.00/0.00
[2024-07-21T21:27:17.768+0800][12.486s][gc,mmu      ] GC(122) MMU: 2ms/95.0%, 5ms/97.9%, 10ms/98.9%, 20ms/99.5%, 50ms/99.8%, 100ms/99.9%
[2024-07-21T21:27:17.768+0800][12.486s][gc,marking  ] GC(122) Mark: 2 stripe(s), 2 proactive flush(es), 1 terminate flush(es), 0 completion(s), 0 continuation(s) 
[2024-07-21T21:27:17.768+0800][12.486s][gc,marking  ] GC(122) Mark Stack Usage: 32M
[2024-07-21T21:27:17.768+0800][12.486s][gc,nmethod  ] GC(122) NMethods: 465 registered, 0 unregistered
[2024-07-21T21:27:17.768+0800][12.486s][gc,metaspace] GC(122) Metaspace: 1M used, 1M committed, 1032M reserved
[2024-07-21T21:27:17.768+0800][12.486s][gc,ref      ] GC(122) Soft: 93 encountered, 0 discovered, 0 enqueued
[2024-07-21T21:27:17.768+0800][12.486s][gc,ref      ] GC(122) Weak: 131 encountered, 0 discovered, 0 enqueued
[2024-07-21T21:27:17.768+0800][12.486s][gc,ref      ] GC(122) Final: 0 encountered, 0 discovered, 0 enqueued
[2024-07-21T21:27:17.768+0800][12.486s][gc,ref      ] GC(122) Phantom: 184 encountered, 169 discovered, 0 enqueued
[2024-07-21T21:27:17.768+0800][12.486s][gc,reloc    ] GC(122) Small Pages: 4 / 8M, Empty: 2M, Relocated: 0M, In-Place: 0
[2024-07-21T21:27:17.768+0800][12.486s][gc,reloc    ] GC(122) Medium Pages: 3 / 96M, Empty: 32M, Relocated: 1M, In-Place: 0
[2024-07-21T21:27:17.768+0800][12.486s][gc,reloc    ] GC(122) Large Pages: 0 / 0M, Empty: 0M, Relocated: 0M, In-Place: 0
[2024-07-21T21:27:17.768+0800][12.486s][gc,reloc    ] GC(122) Forwarding Usage: 0M
[2024-07-21T21:27:17.768+0800][12.486s][gc,heap     ] GC(122) Min Capacity: 8M(0%)
[2024-07-21T21:27:17.768+0800][12.486s][gc,heap     ] GC(122) Max Capacity: 2048M(100%)
[2024-07-21T21:27:17.768+0800][12.486s][gc,heap     ] GC(122) Soft Max Capacity: 128M(6%)
[2024-07-21T21:27:17.768+0800][12.486s][gc,heap     ] GC(122)                Mark Start          Mark End        Relocate Start      Relocate End           High               Low         
[2024-07-21T21:27:17.768+0800][12.486s][gc,heap     ] GC(122)  Capacity:      256M (12%)         256M (12%)         256M (12%)         256M (12%)         256M (12%)         256M (12%)    
[2024-07-21T21:27:17.768+0800][12.486s][gc,heap     ] GC(122)      Free:     1944M (95%)        1910M (93%)        1944M (95%)        1976M (96%)        1976M (96%)        1910M (93%)    
[2024-07-21T21:27:17.768+0800][12.486s][gc,heap     ] GC(122)      Used:      104M (5%)          138M (7%)          104M (5%)           72M (4%)          138M (7%)           72M (4%)     
[2024-07-21T21:27:17.768+0800][12.486s][gc,heap     ] GC(122)      Live:         -                 5M (0%)            5M (0%)            5M (0%)             -                  -          
[2024-07-21T21:27:17.768+0800][12.486s][gc,heap     ] GC(122) Allocated:         -                34M (2%)           34M (2%)           34M (2%)             -                  -          
[2024-07-21T21:27:17.768+0800][12.486s][gc,heap     ] GC(122)   Garbage:         -                98M (5%)           64M (3%)           32M (2%)             -                  -          
[2024-07-21T21:27:17.768+0800][12.486s][gc,heap     ] GC(122) Reclaimed:         -                  -                34M (2%)           66M (3%)             -                  -          
[2024-07-21T21:27:17.768+0800][12.486s][gc          ] GC(122) Garbage Collection (Allocation Rate) 104M(5%)->72M(4%)
[2024-07-21T21:27:17.861+0800][12.578s][gc,start    ] GC(123) Garbage Collection (Allocation Rate)
[2024-07-21T21:27:17.861+0800][12.579s][gc,task     ] GC(123) Using 2 workers
[2024-07-21T21:27:17.861+0800][12.579s][gc,phases   ] GC(123) Pause Mark Start 0.011ms
[2024-07-21T21:27:17.876+0800][12.594s][gc,phases   ] GC(123) Concurrent Mark 14.762ms
[2024-07-21T21:27:17.876+0800][12.594s][gc,phases   ] GC(123) Pause Mark End 0.010ms
[2024-07-21T21:27:17.876+0800][12.594s][gc,phases   ] GC(123) Concurrent Mark Free 0.001ms
[2024-07-21T21:27:17.876+0800][12.595s][gc,phases   ] GC(123) Concurrent Process Non-Strong References 1.009ms
[2024-07-21T21:27:17.876+0800][12.595s][gc,phases   ] GC(123) Concurrent Reset Relocation Set 0.002ms
[2024-07-21T21:27:17.878+0800][12.597s][gc,phases   ] GC(123) Concurrent Select Relocation Set 1.931ms
[2024-07-21T21:27:17.879+0800][12.597s][gc,phases   ] GC(123) Pause Relocate Start 0.013ms
[2024-07-21T21:27:17.880+0800][12.599s][gc,phases   ] GC(123) Concurrent Relocate 1.590ms
[2024-07-21T21:27:17.880+0800][12.599s][gc,load     ] GC(123) Load: 0.00/0.00/0.00
[2024-07-21T21:27:17.880+0800][12.599s][gc,mmu      ] GC(123) MMU: 2ms/95.0%, 5ms/97.9%, 10ms/98.9%, 20ms/99.5%, 50ms/99.8%, 100ms/99.9%
[2024-07-21T21:27:17.881+0800][12.599s][gc,marking  ] GC(123) Mark: 2 stripe(s), 2 proactive flush(es), 1 terminate flush(es), 0 completion(s), 0 continuation(s) 
[2024-07-21T21:27:17.881+0800][12.599s][gc,marking  ] GC(123) Mark Stack Usage: 32M
[2024-07-21T21:27:17.881+0800][12.599s][gc,nmethod  ] GC(123) NMethods: 470 registered, 0 unregistered
[2024-07-21T21:27:17.881+0800][12.599s][gc,metaspace] GC(123) Metaspace: 1M used, 1M committed, 1032M reserved
[2024-07-21T21:27:17.881+0800][12.599s][gc,ref      ] GC(123) Soft: 93 encountered, 0 discovered, 0 enqueued
[2024-07-21T21:27:17.881+0800][12.599s][gc,ref      ] GC(123) Weak: 131 encountered, 0 discovered, 0 enqueued
[2024-07-21T21:27:17.881+0800][12.599s][gc,ref      ] GC(123) Final: 0 encountered, 0 discovered, 0 enqueued
[2024-07-21T21:27:17.881+0800][12.599s][gc,ref      ] GC(123) Phantom: 184 encountered, 169 discovered, 0 enqueued
[2024-07-21T21:27:17.881+0800][12.599s][gc,reloc    ] GC(123) Small Pages: 5 / 10M, Empty: 2M, Relocated: 1M, In-Place: 0
[2024-07-21T21:27:17.881+0800][12.599s][gc,reloc    ] GC(123) Medium Pages: 4 / 128M, Empty: 64M, Relocated: 4M, In-Place: 0
[2024-07-21T21:27:17.881+0800][12.599s][gc,reloc    ] GC(123) Large Pages: 0 / 0M, Empty: 0M, Relocated: 0M, In-Place: 0
[2024-07-21T21:27:17.881+0800][12.599s][gc,reloc    ] GC(123) Forwarding Usage: 0M
[2024-07-21T21:27:17.881+0800][12.599s][gc,heap     ] GC(123) Min Capacity: 8M(0%)
[2024-07-21T21:27:17.881+0800][12.599s][gc,heap     ] GC(123) Max Capacity: 2048M(100%)
[2024-07-21T21:27:17.881+0800][12.599s][gc,heap     ] GC(123) Soft Max Capacity: 128M(6%)
[2024-07-21T21:27:17.881+0800][12.599s][gc,heap     ] GC(123)                Mark Start          Mark End        Relocate Start      Relocate End           High               Low         
[2024-07-21T21:27:17.881+0800][12.599s][gc,heap     ] GC(123)  Capacity:      256M (12%)         256M (12%)         256M (12%)         256M (12%)         256M (12%)         256M (12%)    
[2024-07-21T21:27:17.881+0800][12.599s][gc,heap     ] GC(123)      Free:     1910M (93%)        1876M (92%)        1942M (95%)        1976M (96%)        1976M (96%)        1876M (92%)    
[2024-07-21T21:27:17.881+0800][12.599s][gc,heap     ] GC(123)      Used:      138M (7%)          172M (8%)          106M (5%)           72M (4%)          172M (8%)           72M (4%)     
[2024-07-21T21:27:17.881+0800][12.599s][gc,heap     ] GC(123)      Live:         -                 8M (0%)            8M (0%)            8M (0%)             -                  -          
[2024-07-21T21:27:17.881+0800][12.599s][gc,heap     ] GC(123) Allocated:         -                34M (2%)           34M (2%)           34M (2%)             -                  -          
[2024-07-21T21:27:17.881+0800][12.599s][gc,heap     ] GC(123)   Garbage:         -               129M (6%)           63M (3%)           29M (1%)             -                  -          
[2024-07-21T21:27:17.881+0800][12.599s][gc,heap     ] GC(123) Reclaimed:         -                  -                66M (3%)          100M (5%)             -                  -          
[2024-07-21T21:27:17.881+0800][12.599s][gc          ] GC(123) Garbage Collection (Allocation Rate) 138M(7%)->72M(4%)
[2024-07-21T21:27:17.954+0800][12.672s][gc,start    ] GC(124) Garbage Collection (Allocation Rate)
[2024-07-21T21:27:17.954+0800][12.673s][gc,task     ] GC(124) Using 2 workers
[2024-07-21T21:27:17.955+0800][12.673s][gc,phases   ] GC(124) Pause Mark Start 0.017ms
[2024-07-21T21:27:17.970+0800][12.688s][gc,phases   ] GC(124) Concurrent Mark 14.634ms
[2024-07-21T21:27:17.970+0800][12.688s][gc,phases   ] GC(124) Pause Mark End 0.038ms
[2024-07-21T21:27:17.970+0800][12.688s][gc,phases   ] GC(124) Concurrent Mark Free 0.001ms
[2024-07-21T21:27:17.973+0800][12.690s][gc,phases   ] GC(124) Concurrent Process Non-Strong References 2.116ms
[2024-07-21T21:27:17.973+0800][12.690s][gc,phases   ] GC(124) Concurrent Reset Relocation Set 0.001ms
[2024-07-21T21:27:17.975+0800][12.693s][gc,phases   ] GC(124) Concurrent Select Relocation Set 2.404ms
[2024-07-21T21:27:17.975+0800][12.693s][gc,phases   ] GC(124) Pause Relocate Start 0.008ms
[2024-07-21T21:27:17.976+0800][12.694s][gc,phases   ] GC(124) Concurrent Relocate 0.605ms
[2024-07-21T21:27:17.976+0800][12.694s][gc,load     ] GC(124) Load: 0.00/0.00/0.00
[2024-07-21T21:27:17.976+0800][12.694s][gc,mmu      ] GC(124) MMU: 2ms/95.0%, 5ms/97.9%, 10ms/98.9%, 20ms/99.5%, 50ms/99.8%, 100ms/99.9%
[2024-07-21T21:27:17.976+0800][12.694s][gc,marking  ] GC(124) Mark: 2 stripe(s), 2 proactive flush(es), 1 terminate flush(es), 0 completion(s), 0 continuation(s) 
[2024-07-21T21:27:17.976+0800][12.694s][gc,marking  ] GC(124) Mark Stack Usage: 32M
[2024-07-21T21:27:17.976+0800][12.694s][gc,nmethod  ] GC(124) NMethods: 470 registered, 0 unregistered
[2024-07-21T21:27:17.976+0800][12.694s][gc,metaspace] GC(124) Metaspace: 1M used, 1M committed, 1032M reserved
[2024-07-21T21:27:17.976+0800][12.694s][gc,ref      ] GC(124) Soft: 93 encountered, 0 discovered, 0 enqueued
[2024-07-21T21:27:17.976+0800][12.694s][gc,ref      ] GC(124) Weak: 131 encountered, 14 discovered, 0 enqueued
[2024-07-21T21:27:17.976+0800][12.694s][gc,ref      ] GC(124) Final: 0 encountered, 0 discovered, 0 enqueued
[2024-07-21T21:27:17.976+0800][12.694s][gc,ref      ] GC(124) Phantom: 184 encountered, 119 discovered, 0 enqueued
[2024-07-21T21:27:17.976+0800][12.694s][gc,reloc    ] GC(124) Small Pages: 4 / 8M, Empty: 2M, Relocated: 0M, In-Place: 0
[2024-07-21T21:27:17.976+0800][12.694s][gc,reloc    ] GC(124) Medium Pages: 3 / 96M, Empty: 32M, Relocated: 3M, In-Place: 0
[2024-07-21T21:27:17.976+0800][12.694s][gc,reloc    ] GC(124) Large Pages: 0 / 0M, Empty: 0M, Relocated: 0M, In-Place: 0
[2024-07-21T21:27:17.976+0800][12.694s][gc,reloc    ] GC(124) Forwarding Usage: 0M
[2024-07-21T21:27:17.976+0800][12.694s][gc,heap     ] GC(124) Min Capacity: 8M(0%)
[2024-07-21T21:27:17.976+0800][12.694s][gc,heap     ] GC(124) Max Capacity: 2048M(100%)
[2024-07-21T21:27:17.976+0800][12.694s][gc,heap     ] GC(124) Soft Max Capacity: 128M(6%)
[2024-07-21T21:27:17.976+0800][12.694s][gc,heap     ] GC(124)                Mark Start          Mark End        Relocate Start      Relocate End           High               Low         
[2024-07-21T21:27:17.976+0800][12.694s][gc,heap     ] GC(124)  Capacity:      256M (12%)         256M (12%)         256M (12%)         256M (12%)         256M (12%)         256M (12%)    
[2024-07-21T21:27:17.976+0800][12.694s][gc,heap     ] GC(124)      Free:     1944M (95%)        1910M (93%)        1944M (95%)        1976M (96%)        1976M (96%)        1910M (93%)    
[2024-07-21T21:27:17.976+0800][12.694s][gc,heap     ] GC(124)      Used:      104M (5%)          138M (7%)          104M (5%)           72M (4%)          138M (7%)           72M (4%)     
[2024-07-21T21:27:17.976+0800][12.694s][gc,heap     ] GC(124)      Live:         -                 7M (0%)            7M (0%)            7M (0%)             -                  -          
[2024-07-21T21:27:17.976+0800][12.694s][gc,heap     ] GC(124) Allocated:         -                34M (2%)           34M (2%)           34M (2%)             -                  -          
[2024-07-21T21:27:17.976+0800][12.694s][gc,heap     ] GC(124)   Garbage:         -                96M (5%)           62M (3%)           30M (1%)             -                  -          
[2024-07-21T21:27:17.976+0800][12.694s][gc,heap     ] GC(124) Reclaimed:         -                  -                34M (2%)           66M (3%)             -                  -          
[2024-07-21T21:27:17.976+0800][12.694s][gc          ] GC(124) Garbage Collection (Allocation Rate) 104M(5%)->72M(4%)
[2024-07-21T21:27:18.062+0800][12.780s][gc,start    ] GC(125) Garbage Collection (Allocation Rate)
[2024-07-21T21:27:18.062+0800][12.780s][gc,task     ] GC(125) Using 2 workers
[2024-07-21T21:27:18.062+0800][12.780s][gc,phases   ] GC(125) Pause Mark Start 0.006ms
[2024-07-21T21:27:18.078+0800][12.796s][gc,phases   ] GC(125) Concurrent Mark 15.293ms
[2024-07-21T21:27:18.078+0800][12.796s][gc,phases   ] GC(125) Pause Mark End 0.010ms
[2024-07-21T21:27:18.078+0800][12.796s][gc,phases   ] GC(125) Concurrent Mark Free 0.004ms
[2024-07-21T21:27:18.079+0800][12.797s][gc,phases   ] GC(125) Concurrent Process Non-Strong References 1.090ms
[2024-07-21T21:27:18.079+0800][12.797s][gc,phases   ] GC(125) Concurrent Reset Relocation Set 0.001ms
[2024-07-21T21:27:18.081+0800][12.799s][gc,phases   ] GC(125) Concurrent Select Relocation Set 2.025ms
[2024-07-21T21:27:18.082+0800][12.799s][gc,phases   ] GC(125) Pause Relocate Start 0.011ms
[2024-07-21T21:27:18.082+0800][12.800s][gc,phases   ] GC(125) Concurrent Relocate 0.300ms
[2024-07-21T21:27:18.082+0800][12.800s][gc,load     ] GC(125) Load: 0.00/0.00/0.00
[2024-07-21T21:27:18.082+0800][12.800s][gc,mmu      ] GC(125) MMU: 2ms/95.0%, 5ms/97.9%, 10ms/98.9%, 20ms/99.5%, 50ms/99.8%, 100ms/99.9%
[2024-07-21T21:27:18.082+0800][12.800s][gc,marking  ] GC(125) Mark: 2 stripe(s), 2 proactive flush(es), 1 terminate flush(es), 0 completion(s), 0 continuation(s) 
[2024-07-21T21:27:18.082+0800][12.800s][gc,marking  ] GC(125) Mark Stack Usage: 32M
[2024-07-21T21:27:18.082+0800][12.800s][gc,nmethod  ] GC(125) NMethods: 470 registered, 0 unregistered
[2024-07-21T21:27:18.082+0800][12.800s][gc,metaspace] GC(125) Metaspace: 1M used, 1M committed, 1032M reserved
[2024-07-21T21:27:18.082+0800][12.800s][gc,ref      ] GC(125) Soft: 93 encountered, 0 discovered, 0 enqueued
[2024-07-21T21:27:18.082+0800][12.800s][gc,ref      ] GC(125) Weak: 131 encountered, 0 discovered, 0 enqueued
[2024-07-21T21:27:18.082+0800][12.800s][gc,ref      ] GC(125) Final: 0 encountered, 0 discovered, 0 enqueued
[2024-07-21T21:27:18.082+0800][12.800s][gc,ref      ] GC(125) Phantom: 184 encountered, 142 discovered, 0 enqueued
[2024-07-21T21:27:18.082+0800][12.800s][gc,reloc    ] GC(125) Small Pages: 4 / 8M, Empty: 2M, Relocated: 0M, In-Place: 0
[2024-07-21T21:27:18.082+0800][12.800s][gc,reloc    ] GC(125) Medium Pages: 4 / 128M, Empty: 64M, Relocated: 1M, In-Place: 0
[2024-07-21T21:27:18.082+0800][12.800s][gc,reloc    ] GC(125) Large Pages: 0 / 0M, Empty: 0M, Relocated: 0M, In-Place: 0
[2024-07-21T21:27:18.082+0800][12.800s][gc,reloc    ] GC(125) Forwarding Usage: 0M
[2024-07-21T21:27:18.082+0800][12.800s][gc,heap     ] GC(125) Min Capacity: 8M(0%)
[2024-07-21T21:27:18.082+0800][12.800s][gc,heap     ] GC(125) Max Capacity: 2048M(100%)
[2024-07-21T21:27:18.082+0800][12.800s][gc,heap     ] GC(125) Soft Max Capacity: 128M(6%)
[2024-07-21T21:27:18.082+0800][12.800s][gc,heap     ] GC(125)                Mark Start          Mark End        Relocate Start      Relocate End           High               Low         
[2024-07-21T21:27:18.082+0800][12.800s][gc,heap     ] GC(125)  Capacity:      256M (12%)         256M (12%)         256M (12%)         256M (12%)         256M (12%)         256M (12%)    
[2024-07-21T21:27:18.082+0800][12.800s][gc,heap     ] GC(125)      Free:     1912M (93%)        1878M (92%)        1944M (95%)        1976M (96%)        1976M (96%)        1878M (92%)    
[2024-07-21T21:27:18.082+0800][12.800s][gc,heap     ] GC(125)      Used:      136M (7%)          170M (8%)          104M (5%)           72M (4%)          170M (8%)           72M (4%)     
[2024-07-21T21:27:18.082+0800][12.800s][gc,heap     ] GC(125)      Live:         -                 5M (0%)            5M (0%)            5M (0%)             -                  -          
[2024-07-21T21:27:18.082+0800][12.800s][gc,heap     ] GC(125) Allocated:         -                34M (2%)           34M (2%)           34M (2%)             -                  -          
[2024-07-21T21:27:18.082+0800][12.800s][gc,heap     ] GC(125)   Garbage:         -               130M (6%)           64M (3%)           32M (2%)             -                  -          
[2024-07-21T21:27:18.082+0800][12.800s][gc,heap     ] GC(125) Reclaimed:         -                  -                66M (3%)           98M (5%)             -                  -          
[2024-07-21T21:27:18.082+0800][12.800s][gc          ] GC(125) Garbage Collection (Allocation Rate) 136M(7%)->72M(4%)
[2024-07-21T21:27:18.158+0800][12.876s][gc,start    ] GC(126) Garbage Collection (Allocation Rate)
[2024-07-21T21:27:18.158+0800][12.876s][gc,task     ] GC(126) Using 2 workers
[2024-07-21T21:27:18.158+0800][12.876s][gc,phases   ] GC(126) Pause Mark Start 0.009ms
[2024-07-21T21:27:18.174+0800][12.892s][gc,phases   ] GC(126) Concurrent Mark 15.308ms
[2024-07-21T21:27:18.174+0800][12.892s][gc,phases   ] GC(126) Pause Mark End 0.021ms
[2024-07-21T21:27:18.174+0800][12.892s][gc,phases   ] GC(126) Concurrent Mark Free 0.001ms
[2024-07-21T21:27:18.175+0800][12.893s][gc,phases   ] GC(126) Concurrent Process Non-Strong References 0.972ms
[2024-07-21T21:27:18.175+0800][12.893s][gc,phases   ] GC(126) Concurrent Reset Relocation Set 0.001ms
[2024-07-21T21:27:18.176+0800][12.895s][gc,phases   ] GC(126) Concurrent Select Relocation Set 1.645ms
[2024-07-21T21:27:18.176+0800][12.895s][gc,phases   ] GC(126) Pause Relocate Start 0.006ms
[2024-07-21T21:27:18.177+0800][12.896s][gc,phases   ] GC(126) Concurrent Relocate 0.228ms
[2024-07-21T21:27:18.177+0800][12.896s][gc,load     ] GC(126) Load: 0.00/0.00/0.00
[2024-07-21T21:27:18.177+0800][12.896s][gc,mmu      ] GC(126) MMU: 2ms/95.0%, 5ms/97.9%, 10ms/98.9%, 20ms/99.5%, 50ms/99.8%, 100ms/99.9%
[2024-07-21T21:27:18.177+0800][12.896s][gc,marking  ] GC(126) Mark: 2 stripe(s), 2 proactive flush(es), 1 terminate flush(es), 0 completion(s), 0 continuation(s) 
[2024-07-21T21:27:18.177+0800][12.896s][gc,marking  ] GC(126) Mark Stack Usage: 32M
[2024-07-21T21:27:18.177+0800][12.896s][gc,nmethod  ] GC(126) NMethods: 470 registered, 0 unregistered
[2024-07-21T21:27:18.177+0800][12.896s][gc,metaspace] GC(126) Metaspace: 1M used, 1M committed, 1032M reserved
[2024-07-21T21:27:18.177+0800][12.896s][gc,ref      ] GC(126) Soft: 93 encountered, 0 discovered, 0 enqueued
[2024-07-21T21:27:18.177+0800][12.896s][gc,ref      ] GC(126) Weak: 131 encountered, 1 discovered, 0 enqueued
[2024-07-21T21:27:18.177+0800][12.896s][gc,ref      ] GC(126) Final: 0 encountered, 0 discovered, 0 enqueued
[2024-07-21T21:27:18.177+0800][12.896s][gc,ref      ] GC(126) Phantom: 184 encountered, 142 discovered, 0 enqueued
[2024-07-21T21:27:18.177+0800][12.896s][gc,reloc    ] GC(126) Small Pages: 4 / 8M, Empty: 2M, Relocated: 0M, In-Place: 0
[2024-07-21T21:27:18.177+0800][12.896s][gc,reloc    ] GC(126) Medium Pages: 3 / 96M, Empty: 32M, Relocated: 1M, In-Place: 0
[2024-07-21T21:27:18.177+0800][12.896s][gc,reloc    ] GC(126) Large Pages: 0 / 0M, Empty: 0M, Relocated: 0M, In-Place: 0
[2024-07-21T21:27:18.177+0800][12.896s][gc,reloc    ] GC(126) Forwarding Usage: 0M
[2024-07-21T21:27:18.177+0800][12.896s][gc,heap     ] GC(126) Min Capacity: 8M(0%)
[2024-07-21T21:27:18.177+0800][12.896s][gc,heap     ] GC(126) Max Capacity: 2048M(100%)
[2024-07-21T21:27:18.177+0800][12.896s][gc,heap     ] GC(126) Soft Max Capacity: 128M(6%)
[2024-07-21T21:27:18.177+0800][12.896s][gc,heap     ] GC(126)                Mark Start          Mark End        Relocate Start      Relocate End           High               Low         
[2024-07-21T21:27:18.177+0800][12.896s][gc,heap     ] GC(126)  Capacity:      256M (12%)         256M (12%)         256M (12%)         256M (12%)         256M (12%)         256M (12%)    
[2024-07-21T21:27:18.177+0800][12.896s][gc,heap     ] GC(126)      Free:     1944M (95%)        1910M (93%)        1944M (95%)        1976M (96%)        1976M (96%)        1910M (93%)    
[2024-07-21T21:27:18.177+0800][12.896s][gc,heap     ] GC(126)      Used:      104M (5%)          138M (7%)          104M (5%)           72M (4%)          138M (7%)           72M (4%)     
[2024-07-21T21:27:18.177+0800][12.896s][gc,heap     ] GC(126)      Live:         -                 5M (0%)            5M (0%)            5M (0%)             -                  -          
[2024-07-21T21:27:18.177+0800][12.896s][gc,heap     ] GC(126) Allocated:         -                34M (2%)           34M (2%)           34M (2%)             -                  -          
[2024-07-21T21:27:18.177+0800][12.896s][gc,heap     ] GC(126)   Garbage:         -                98M (5%)           64M (3%)           32M (2%)             -                  -          
[2024-07-21T21:27:18.177+0800][12.896s][gc,heap     ] GC(126) Reclaimed:         -                  -                34M (2%)           66M (3%)             -                  -          
[2024-07-21T21:27:18.177+0800][12.896s][gc          ] GC(126) Garbage Collection (Allocation Rate) 104M(5%)->72M(4%)
[2024-07-21T21:27:18.253+0800][12.971s][gc,start    ] GC(127) Garbage Collection (Allocation Rate)
[2024-07-21T21:27:18.253+0800][12.971s][gc,task     ] GC(127) Using 2 workers
[2024-07-21T21:27:18.253+0800][12.971s][gc,phases   ] GC(127) Pause Mark Start 0.009ms
[2024-07-21T21:27:18.268+0800][12.986s][gc,phases   ] GC(127) Concurrent Mark 15.080ms
[2024-07-21T21:27:18.268+0800][12.987s][gc,phases   ] GC(127) Pause Mark End 0.026ms
[2024-07-21T21:27:18.268+0800][12.987s][gc,phases   ] GC(127) Concurrent Mark Free 0.001ms
[2024-07-21T21:27:18.269+0800][12.988s][gc,phases   ] GC(127) Concurrent Process Non-Strong References 1.098ms
[2024-07-21T21:27:18.269+0800][12.988s][gc,phases   ] GC(127) Concurrent Reset Relocation Set 0.001ms
[2024-07-21T21:27:18.272+0800][12.990s][gc,phases   ] GC(127) Concurrent Select Relocation Set 2.007ms
[2024-07-21T21:27:18.272+0800][12.990s][gc,phases   ] GC(127) Pause Relocate Start 0.008ms
[2024-07-21T21:27:18.272+0800][12.991s][gc,phases   ] GC(127) Concurrent Relocate 0.288ms
[2024-07-21T21:27:18.272+0800][12.991s][gc,load     ] GC(127) Load: 0.00/0.00/0.00
[2024-07-21T21:27:18.272+0800][12.991s][gc,mmu      ] GC(127) MMU: 2ms/95.0%, 5ms/97.9%, 10ms/98.9%, 20ms/99.5%, 50ms/99.8%, 100ms/99.9%
[2024-07-21T21:27:18.272+0800][12.991s][gc,marking  ] GC(127) Mark: 2 stripe(s), 2 proactive flush(es), 1 terminate flush(es), 0 completion(s), 0 continuation(s) 
[2024-07-21T21:27:18.272+0800][12.991s][gc,marking  ] GC(127) Mark Stack Usage: 32M
[2024-07-21T21:27:18.272+0800][12.991s][gc,nmethod  ] GC(127) NMethods: 470 registered, 0 unregistered
[2024-07-21T21:27:18.272+0800][12.991s][gc,metaspace] GC(127) Metaspace: 1M used, 1M committed, 1032M reserved
[2024-07-21T21:27:18.272+0800][12.991s][gc,ref      ] GC(127) Soft: 93 encountered, 0 discovered, 0 enqueued
[2024-07-21T21:27:18.272+0800][12.991s][gc,ref      ] GC(127) Weak: 131 encountered, 0 discovered, 0 enqueued
[2024-07-21T21:27:18.272+0800][12.991s][gc,ref      ] GC(127) Final: 0 encountered, 0 discovered, 0 enqueued
[2024-07-21T21:27:18.272+0800][12.991s][gc,ref      ] GC(127) Phantom: 184 encountered, 142 discovered, 0 enqueued
[2024-07-21T21:27:18.272+0800][12.991s][gc,reloc    ] GC(127) Small Pages: 4 / 8M, Empty: 2M, Relocated: 0M, In-Place: 0
[2024-07-21T21:27:18.272+0800][12.991s][gc,reloc    ] GC(127) Medium Pages: 3 / 96M, Empty: 32M, Relocated: 1M, In-Place: 0
[2024-07-21T21:27:18.272+0800][12.991s][gc,reloc    ] GC(127) Large Pages: 0 / 0M, Empty: 0M, Relocated: 0M, In-Place: 0
[2024-07-21T21:27:18.272+0800][12.991s][gc,reloc    ] GC(127) Forwarding Usage: 0M
[2024-07-21T21:27:18.272+0800][12.991s][gc,heap     ] GC(127) Min Capacity: 8M(0%)
[2024-07-21T21:27:18.272+0800][12.991s][gc,heap     ] GC(127) Max Capacity: 2048M(100%)
[2024-07-21T21:27:18.272+0800][12.991s][gc,heap     ] GC(127) Soft Max Capacity: 128M(6%)
[2024-07-21T21:27:18.272+0800][12.991s][gc,heap     ] GC(127)                Mark Start          Mark End        Relocate Start      Relocate End           High               Low         
[2024-07-21T21:27:18.272+0800][12.991s][gc,heap     ] GC(127)  Capacity:      256M (12%)         256M (12%)         256M (12%)         256M (12%)         256M (12%)         256M (12%)    
[2024-07-21T21:27:18.272+0800][12.991s][gc,heap     ] GC(127)      Free:     1944M (95%)        1910M (93%)        1944M (95%)        1976M (96%)        1976M (96%)        1910M (93%)    
[2024-07-21T21:27:18.272+0800][12.991s][gc,heap     ] GC(127)      Used:      104M (5%)          138M (7%)          104M (5%)           72M (4%)          138M (7%)           72M (4%)     
[2024-07-21T21:27:18.272+0800][12.991s][gc,heap     ] GC(127)      Live:         -                 5M (0%)            5M (0%)            5M (0%)             -                  -          
[2024-07-21T21:27:18.272+0800][12.991s][gc,heap     ] GC(127) Allocated:         -                34M (2%)           34M (2%)           34M (2%)             -                  -          
[2024-07-21T21:27:18.272+0800][12.991s][gc,heap     ] GC(127)   Garbage:         -                98M (5%)           64M (3%)           32M (2%)             -                  -          
[2024-07-21T21:27:18.272+0800][12.991s][gc,heap     ] GC(127) Reclaimed:         -                  -                34M (2%)           66M (3%)             -                  -          
[2024-07-21T21:27:18.272+0800][12.991s][gc          ] GC(127) Garbage Collection (Allocation Rate) 104M(5%)->72M(4%)
[2024-07-21T21:27:18.363+0800][13.081s][gc,start    ] GC(128) Garbage Collection (Allocation Rate)
[2024-07-21T21:27:18.363+0800][13.082s][gc,task     ] GC(128) Using 2 workers
[2024-07-21T21:27:18.363+0800][13.082s][gc,phases   ] GC(128) Pause Mark Start 0.010ms
[2024-07-21T21:27:18.379+0800][13.097s][gc,phases   ] GC(128) Concurrent Mark 14.778ms
[2024-07-21T21:27:18.379+0800][13.097s][gc,phases   ] GC(128) Pause Mark End 0.011ms
[2024-07-21T21:27:18.379+0800][13.097s][gc,phases   ] GC(128) Concurrent Mark Free 0.002ms
[2024-07-21T21:27:18.380+0800][13.098s][gc,phases   ] GC(128) Concurrent Process Non-Strong References 0.909ms
[2024-07-21T21:27:18.380+0800][13.098s][gc,phases   ] GC(128) Concurrent Reset Relocation Set 0.001ms
[2024-07-21T21:27:18.381+0800][13.100s][gc,phases   ] GC(128) Concurrent Select Relocation Set 1.692ms
[2024-07-21T21:27:18.382+0800][13.100s][gc,phases   ] GC(128) Pause Relocate Start 0.006ms
[2024-07-21T21:27:18.382+0800][13.101s][gc,phases   ] GC(128) Concurrent Relocate 0.679ms
[2024-07-21T21:27:18.382+0800][13.101s][gc,load     ] GC(128) Load: 0.00/0.00/0.00
[2024-07-21T21:27:18.382+0800][13.101s][gc,mmu      ] GC(128) MMU: 2ms/95.0%, 5ms/97.9%, 10ms/98.9%, 20ms/99.5%, 50ms/99.8%, 100ms/99.9%
[2024-07-21T21:27:18.382+0800][13.101s][gc,marking  ] GC(128) Mark: 2 stripe(s), 2 proactive flush(es), 1 terminate flush(es), 0 completion(s), 0 continuation(s) 
[2024-07-21T21:27:18.382+0800][13.101s][gc,marking  ] GC(128) Mark Stack Usage: 32M
[2024-07-21T21:27:18.382+0800][13.101s][gc,nmethod  ] GC(128) NMethods: 470 registered, 0 unregistered
[2024-07-21T21:27:18.382+0800][13.101s][gc,metaspace] GC(128) Metaspace: 1M used, 1M committed, 1032M reserved
[2024-07-21T21:27:18.382+0800][13.101s][gc,ref      ] GC(128) Soft: 93 encountered, 0 discovered, 0 enqueued
[2024-07-21T21:27:18.382+0800][13.101s][gc,ref      ] GC(128) Weak: 131 encountered, 0 discovered, 0 enqueued
[2024-07-21T21:27:18.382+0800][13.101s][gc,ref      ] GC(128) Final: 0 encountered, 0 discovered, 0 enqueued
[2024-07-21T21:27:18.382+0800][13.101s][gc,ref      ] GC(128) Phantom: 184 encountered, 119 discovered, 0 enqueued
[2024-07-21T21:27:18.382+0800][13.101s][gc,reloc    ] GC(128) Small Pages: 4 / 8M, Empty: 2M, Relocated: 0M, In-Place: 0
[2024-07-21T21:27:18.383+0800][13.101s][gc,reloc    ] GC(128) Medium Pages: 4 / 128M, Empty: 64M, Relocated: 4M, In-Place: 0
[2024-07-21T21:27:18.383+0800][13.101s][gc,reloc    ] GC(128) Large Pages: 0 / 0M, Empty: 0M, Relocated: 0M, In-Place: 0
[2024-07-21T21:27:18.383+0800][13.101s][gc,reloc    ] GC(128) Forwarding Usage: 0M
[2024-07-21T21:27:18.383+0800][13.101s][gc,heap     ] GC(128) Min Capacity: 8M(0%)
[2024-07-21T21:27:18.383+0800][13.101s][gc,heap     ] GC(128) Max Capacity: 2048M(100%)
[2024-07-21T21:27:18.383+0800][13.101s][gc,heap     ] GC(128) Soft Max Capacity: 128M(6%)
[2024-07-21T21:27:18.383+0800][13.101s][gc,heap     ] GC(128)                Mark Start          Mark End        Relocate Start      Relocate End           High               Low         
[2024-07-21T21:27:18.383+0800][13.101s][gc,heap     ] GC(128)  Capacity:      256M (12%)         256M (12%)         256M (12%)         256M (12%)         256M (12%)         256M (12%)    
[2024-07-21T21:27:18.383+0800][13.101s][gc,heap     ] GC(128)      Free:     1912M (93%)        1878M (92%)        1944M (95%)        1976M (96%)        1976M (96%)        1878M (92%)    
[2024-07-21T21:27:18.383+0800][13.102s][gc,heap     ] GC(128)      Used:      136M (7%)          170M (8%)          104M (5%)           72M (4%)          170M (8%)           72M (4%)     
[2024-07-21T21:27:18.383+0800][13.102s][gc,heap     ] GC(128)      Live:         -                 8M (0%)            8M (0%)            8M (0%)             -                  -          
[2024-07-21T21:27:18.383+0800][13.102s][gc,heap     ] GC(128) Allocated:         -                34M (2%)           34M (2%)           34M (2%)             -                  -          
[2024-07-21T21:27:18.383+0800][13.102s][gc,heap     ] GC(128)   Garbage:         -               127M (6%)           61M (3%)           29M (1%)             -                  -          
[2024-07-21T21:27:18.383+0800][13.102s][gc,heap     ] GC(128) Reclaimed:         -                  -                66M (3%)           98M (5%)             -                  -          
[2024-07-21T21:27:18.383+0800][13.102s][gc          ] GC(128) Garbage Collection (Allocation Rate) 136M(7%)->72M(4%)
[2024-07-21T21:27:18.458+0800][13.176s][gc,start    ] GC(129) Garbage Collection (Allocation Rate)
[2024-07-21T21:27:18.458+0800][13.176s][gc,task     ] GC(129) Using 2 workers
[2024-07-21T21:27:18.458+0800][13.176s][gc,phases   ] GC(129) Pause Mark Start 0.012ms
[2024-07-21T21:27:18.474+0800][13.192s][gc,phases   ] GC(129) Concurrent Mark 14.971ms
[2024-07-21T21:27:18.474+0800][13.192s][gc,phases   ] GC(129) Pause Mark End 0.012ms
[2024-07-21T21:27:18.474+0800][13.192s][gc,phases   ] GC(129) Concurrent Mark Free 0.002ms
[2024-07-21T21:27:18.474+0800][13.193s][gc,phases   ] GC(129) Concurrent Process Non-Strong References 1.072ms
[2024-07-21T21:27:18.474+0800][13.193s][gc,phases   ] GC(129) Concurrent Reset Relocation Set 0.001ms
[2024-07-21T21:27:18.476+0800][13.195s][gc,phases   ] GC(129) Concurrent Select Relocation Set 1.865ms
[2024-07-21T21:27:18.476+0800][13.195s][gc,phases   ] GC(129) Pause Relocate Start 0.008ms
[2024-07-21T21:27:18.477+0800][13.196s][gc,phases   ] GC(129) Concurrent Relocate 0.591ms
[2024-07-21T21:27:18.477+0800][13.196s][gc,load     ] GC(129) Load: 0.00/0.00/0.00
[2024-07-21T21:27:18.477+0800][13.196s][gc,mmu      ] GC(129) MMU: 2ms/95.0%, 5ms/97.9%, 10ms/98.9%, 20ms/99.5%, 50ms/99.8%, 100ms/99.9%
[2024-07-21T21:27:18.477+0800][13.196s][gc,marking  ] GC(129) Mark: 2 stripe(s), 2 proactive flush(es), 1 terminate flush(es), 0 completion(s), 0 continuation(s) 
[2024-07-21T21:27:18.477+0800][13.196s][gc,marking  ] GC(129) Mark Stack Usage: 32M
[2024-07-21T21:27:18.477+0800][13.196s][gc,nmethod  ] GC(129) NMethods: 471 registered, 0 unregistered
[2024-07-21T21:27:18.477+0800][13.196s][gc,metaspace] GC(129) Metaspace: 1M used, 1M committed, 1032M reserved
[2024-07-21T21:27:18.477+0800][13.196s][gc,ref      ] GC(129) Soft: 93 encountered, 0 discovered, 0 enqueued
[2024-07-21T21:27:18.477+0800][13.196s][gc,ref      ] GC(129) Weak: 131 encountered, 12 discovered, 0 enqueued
[2024-07-21T21:27:18.477+0800][13.196s][gc,ref      ] GC(129) Final: 0 encountered, 0 discovered, 0 enqueued
[2024-07-21T21:27:18.477+0800][13.196s][gc,ref      ] GC(129) Phantom: 184 encountered, 119 discovered, 0 enqueued
[2024-07-21T21:27:18.477+0800][13.196s][gc,reloc    ] GC(129) Small Pages: 4 / 8M, Empty: 2M, Relocated: 0M, In-Place: 0
[2024-07-21T21:27:18.477+0800][13.196s][gc,reloc    ] GC(129) Medium Pages: 3 / 96M, Empty: 32M, Relocated: 4M, In-Place: 0
[2024-07-21T21:27:18.477+0800][13.196s][gc,reloc    ] GC(129) Large Pages: 0 / 0M, Empty: 0M, Relocated: 0M, In-Place: 0
[2024-07-21T21:27:18.477+0800][13.196s][gc,reloc    ] GC(129) Forwarding Usage: 0M
[2024-07-21T21:27:18.477+0800][13.196s][gc,heap     ] GC(129) Min Capacity: 8M(0%)
[2024-07-21T21:27:18.477+0800][13.196s][gc,heap     ] GC(129) Max Capacity: 2048M(100%)
[2024-07-21T21:27:18.477+0800][13.196s][gc,heap     ] GC(129) Soft Max Capacity: 128M(6%)
[2024-07-21T21:27:18.477+0800][13.196s][gc,heap     ] GC(129)                Mark Start          Mark End        Relocate Start      Relocate End           High               Low         
[2024-07-21T21:27:18.477+0800][13.196s][gc,heap     ] GC(129)  Capacity:      256M (12%)         256M (12%)         256M (12%)         256M (12%)         256M (12%)         256M (12%)    
[2024-07-21T21:27:18.477+0800][13.196s][gc,heap     ] GC(129)      Free:     1944M (95%)        1910M (93%)        1944M (95%)        1976M (96%)        1976M (96%)        1910M (93%)    
[2024-07-21T21:27:18.479+0800][13.197s][gc,heap     ] GC(129)      Used:      104M (5%)          138M (7%)          104M (5%)           72M (4%)          138M (7%)           72M (4%)     
[2024-07-21T21:27:18.479+0800][13.197s][gc,heap     ] GC(129)      Live:         -                 8M (0%)            8M (0%)            8M (0%)             -                  -          
[2024-07-21T21:27:18.479+0800][13.197s][gc,heap     ] GC(129) Allocated:         -                34M (2%)           34M (2%)           34M (2%)             -                  -          
[2024-07-21T21:27:18.479+0800][13.197s][gc,heap     ] GC(129)   Garbage:         -                95M (5%)           61M (3%)           29M (1%)             -                  -          
[2024-07-21T21:27:18.479+0800][13.197s][gc,heap     ] GC(129) Reclaimed:         -                  -                34M (2%)           66M (3%)             -                  -          
[2024-07-21T21:27:18.479+0800][13.197s][gc          ] GC(129) Garbage Collection (Allocation Rate) 104M(5%)->72M(4%)
[2024-07-21T21:27:18.551+0800][13.269s][gc,start    ] GC(130) Garbage Collection (Allocation Rate)
[2024-07-21T21:27:18.551+0800][13.269s][gc,task     ] GC(130) Using 2 workers
[2024-07-21T21:27:18.551+0800][13.269s][gc,phases   ] GC(130) Pause Mark Start 0.006ms
[2024-07-21T21:27:18.567+0800][13.285s][gc,phases   ] GC(130) Concurrent Mark 15.223ms
[2024-07-21T21:27:18.567+0800][13.285s][gc,phases   ] GC(130) Pause Mark End 0.027ms
[2024-07-21T21:27:18.567+0800][13.285s][gc,phases   ] GC(130) Concurrent Mark Free 0.001ms
[2024-07-21T21:27:18.568+0800][13.286s][gc,phases   ] GC(130) Concurrent Process Non-Strong References 1.040ms
[2024-07-21T21:27:18.568+0800][13.286s][gc,phases   ] GC(130) Concurrent Reset Relocation Set 0.001ms
[2024-07-21T21:27:18.571+0800][13.289s][gc,phases   ] GC(130) Concurrent Select Relocation Set 3.074ms
[2024-07-21T21:27:18.572+0800][13.290s][gc,phases   ] GC(130) Pause Relocate Start 0.009ms
[2024-07-21T21:27:18.572+0800][13.291s][gc,phases   ] GC(130) Concurrent Relocate 0.639ms
[2024-07-21T21:27:18.573+0800][13.291s][gc,load     ] GC(130) Load: 0.00/0.00/0.00
[2024-07-21T21:27:18.573+0800][13.291s][gc,mmu      ] GC(130) MMU: 2ms/95.0%, 5ms/97.9%, 10ms/98.9%, 20ms/99.5%, 50ms/99.8%, 100ms/99.9%
[2024-07-21T21:27:18.573+0800][13.291s][gc,marking  ] GC(130) Mark: 2 stripe(s), 2 proactive flush(es), 1 terminate flush(es), 0 completion(s), 0 continuation(s) 
[2024-07-21T21:27:18.573+0800][13.291s][gc,marking  ] GC(130) Mark Stack Usage: 32M
[2024-07-21T21:27:18.573+0800][13.291s][gc,nmethod  ] GC(130) NMethods: 472 registered, 0 unregistered
[2024-07-21T21:27:18.573+0800][13.291s][gc,metaspace] GC(130) Metaspace: 1M used, 1M committed, 1032M reserved
[2024-07-21T21:27:18.573+0800][13.291s][gc,ref      ] GC(130) Soft: 93 encountered, 0 discovered, 0 enqueued
[2024-07-21T21:27:18.573+0800][13.291s][gc,ref      ] GC(130) Weak: 131 encountered, 9 discovered, 0 enqueued
[2024-07-21T21:27:18.573+0800][13.291s][gc,ref      ] GC(130) Final: 0 encountered, 0 discovered, 0 enqueued
[2024-07-21T21:27:18.573+0800][13.291s][gc,ref      ] GC(130) Phantom: 184 encountered, 119 discovered, 0 enqueued
[2024-07-21T21:27:18.573+0800][13.291s][gc,reloc    ] GC(130) Small Pages: 4 / 8M, Empty: 2M, Relocated: 0M, In-Place: 0
[2024-07-21T21:27:18.573+0800][13.291s][gc,reloc    ] GC(130) Medium Pages: 3 / 96M, Empty: 32M, Relocated: 4M, In-Place: 0
[2024-07-21T21:27:18.573+0800][13.291s][gc,reloc    ] GC(130) Large Pages: 0 / 0M, Empty: 0M, Relocated: 0M, In-Place: 0
[2024-07-21T21:27:18.573+0800][13.291s][gc,reloc    ] GC(130) Forwarding Usage: 0M
[2024-07-21T21:27:18.573+0800][13.291s][gc,heap     ] GC(130) Min Capacity: 8M(0%)
[2024-07-21T21:27:18.573+0800][13.291s][gc,heap     ] GC(130) Max Capacity: 2048M(100%)
[2024-07-21T21:27:18.573+0800][13.291s][gc,heap     ] GC(130) Soft Max Capacity: 128M(6%)
[2024-07-21T21:27:18.573+0800][13.291s][gc,heap     ] GC(130)                Mark Start          Mark End        Relocate Start      Relocate End           High               Low         
[2024-07-21T21:27:18.573+0800][13.291s][gc,heap     ] GC(130)  Capacity:      256M (12%)         256M (12%)         256M (12%)         256M (12%)         256M (12%)         256M (12%)    
[2024-07-21T21:27:18.573+0800][13.291s][gc,heap     ] GC(130)      Free:     1944M (95%)        1910M (93%)        1944M (95%)        1976M (96%)        1976M (96%)        1910M (93%)    
[2024-07-21T21:27:18.573+0800][13.291s][gc,heap     ] GC(130)      Used:      104M (5%)          138M (7%)          104M (5%)           72M (4%)          138M (7%)           72M (4%)     
[2024-07-21T21:27:18.573+0800][13.291s][gc,heap     ] GC(130)      Live:         -                 8M (0%)            8M (0%)            8M (0%)             -                  -          
[2024-07-21T21:27:18.573+0800][13.291s][gc,heap     ] GC(130) Allocated:         -                34M (2%)           34M (2%)           34M (2%)             -                  -          
[2024-07-21T21:27:18.573+0800][13.291s][gc,heap     ] GC(130)   Garbage:         -                95M (5%)           61M (3%)           29M (1%)             -                  -          
[2024-07-21T21:27:18.573+0800][13.291s][gc,heap     ] GC(130) Reclaimed:         -                  -                34M (2%)           66M (3%)             -                  -          
[2024-07-21T21:27:18.573+0800][13.291s][gc          ] GC(130) Garbage Collection (Allocation Rate) 104M(5%)->72M(4%)
[2024-07-21T21:27:18.661+0800][13.379s][gc,start    ] GC(131) Garbage Collection (Allocation Rate)
[2024-07-21T21:27:18.661+0800][13.379s][gc,task     ] GC(131) Using 2 workers
[2024-07-21T21:27:18.662+0800][13.380s][gc,phases   ] GC(131) Pause Mark Start 0.012ms
[2024-07-21T21:27:18.677+0800][13.395s][gc,phases   ] GC(131) Concurrent Mark 14.908ms
[2024-07-21T21:27:18.677+0800][13.395s][gc,phases   ] GC(131) Pause Mark End 0.027ms
[2024-07-21T21:27:18.677+0800][13.395s][gc,phases   ] GC(131) Concurrent Mark Free 0.001ms
[2024-07-21T21:27:18.678+0800][13.396s][gc,phases   ] GC(131) Concurrent Process Non-Strong References 0.917ms
[2024-07-21T21:27:18.678+0800][13.396s][gc,phases   ] GC(131) Concurrent Reset Relocation Set 0.001ms
[2024-07-21T21:27:18.680+0800][13.398s][gc,phases   ] GC(131) Concurrent Select Relocation Set 2.266ms
[2024-07-21T21:27:18.680+0800][13.399s][gc,phases   ] GC(131) Pause Relocate Start 0.008ms
[2024-07-21T21:27:18.681+0800][13.399s][gc,phases   ] GC(131) Concurrent Relocate 0.294ms
[2024-07-21T21:27:18.681+0800][13.399s][gc,load     ] GC(131) Load: 0.00/0.00/0.00
[2024-07-21T21:27:18.681+0800][13.399s][gc,mmu      ] GC(131) MMU: 2ms/95.0%, 5ms/97.9%, 10ms/98.9%, 20ms/99.5%, 50ms/99.8%, 100ms/99.9%
[2024-07-21T21:27:18.681+0800][13.399s][gc,marking  ] GC(131) Mark: 2 stripe(s), 2 proactive flush(es), 1 terminate flush(es), 0 completion(s), 0 continuation(s) 
[2024-07-21T21:27:18.681+0800][13.399s][gc,marking  ] GC(131) Mark Stack Usage: 32M
[2024-07-21T21:27:18.681+0800][13.399s][gc,nmethod  ] GC(131) NMethods: 472 registered, 0 unregistered
[2024-07-21T21:27:18.681+0800][13.399s][gc,metaspace] GC(131) Metaspace: 1M used, 1M committed, 1032M reserved
[2024-07-21T21:27:18.681+0800][13.399s][gc,ref      ] GC(131) Soft: 93 encountered, 0 discovered, 0 enqueued
[2024-07-21T21:27:18.681+0800][13.399s][gc,ref      ] GC(131) Weak: 131 encountered, 0 discovered, 0 enqueued
[2024-07-21T21:27:18.681+0800][13.399s][gc,ref      ] GC(131) Final: 0 encountered, 0 discovered, 0 enqueued
[2024-07-21T21:27:18.681+0800][13.399s][gc,ref      ] GC(131) Phantom: 184 encountered, 169 discovered, 0 enqueued
[2024-07-21T21:27:18.681+0800][13.399s][gc,reloc    ] GC(131) Small Pages: 4 / 8M, Empty: 2M, Relocated: 0M, In-Place: 0
[2024-07-21T21:27:18.681+0800][13.399s][gc,reloc    ] GC(131) Medium Pages: 4 / 128M, Empty: 64M, Relocated: 1M, In-Place: 0
[2024-07-21T21:27:18.681+0800][13.399s][gc,reloc    ] GC(131) Large Pages: 0 / 0M, Empty: 0M, Relocated: 0M, In-Place: 0
[2024-07-21T21:27:18.681+0800][13.399s][gc,reloc    ] GC(131) Forwarding Usage: 0M
[2024-07-21T21:27:18.681+0800][13.399s][gc,heap     ] GC(131) Min Capacity: 8M(0%)
[2024-07-21T21:27:18.681+0800][13.399s][gc,heap     ] GC(131) Max Capacity: 2048M(100%)
[2024-07-21T21:27:18.681+0800][13.399s][gc,heap     ] GC(131) Soft Max Capacity: 128M(6%)
[2024-07-21T21:27:18.681+0800][13.399s][gc,heap     ] GC(131)                Mark Start          Mark End        Relocate Start      Relocate End           High               Low         
[2024-07-21T21:27:18.681+0800][13.399s][gc,heap     ] GC(131)  Capacity:      256M (12%)         256M (12%)         256M (12%)         256M (12%)         256M (12%)         256M (12%)    
[2024-07-21T21:27:18.681+0800][13.399s][gc,heap     ] GC(131)      Free:     1912M (93%)        1878M (92%)        1944M (95%)        1976M (96%)        1976M (96%)        1878M (92%)    
[2024-07-21T21:27:18.681+0800][13.399s][gc,heap     ] GC(131)      Used:      136M (7%)          170M (8%)          104M (5%)           72M (4%)          170M (8%)           72M (4%)     
[2024-07-21T21:27:18.681+0800][13.399s][gc,heap     ] GC(131)      Live:         -                 5M (0%)            5M (0%)            5M (0%)             -                  -          
[2024-07-21T21:27:18.681+0800][13.399s][gc,heap     ] GC(131) Allocated:         -                34M (2%)           34M (2%)           34M (2%)             -                  -          
[2024-07-21T21:27:18.681+0800][13.399s][gc,heap     ] GC(131)   Garbage:         -               130M (6%)           64M (3%)           32M (2%)             -                  -          
[2024-07-21T21:27:18.681+0800][13.399s][gc,heap     ] GC(131) Reclaimed:         -                  -                66M (3%)           98M (5%)             -                  -          
[2024-07-21T21:27:18.681+0800][13.399s][gc          ] GC(131) Garbage Collection (Allocation Rate) 136M(7%)->72M(4%)
[2024-07-21T21:27:18.756+0800][13.474s][gc,start    ] GC(132) Garbage Collection (Allocation Rate)
[2024-07-21T21:27:18.756+0800][13.474s][gc,task     ] GC(132) Using 2 workers
[2024-07-21T21:27:18.756+0800][13.474s][gc,phases   ] GC(132) Pause Mark Start 0.007ms
[2024-07-21T21:27:18.772+0800][13.490s][gc,phases   ] GC(132) Concurrent Mark 15.296ms
[2024-07-21T21:27:18.772+0800][13.490s][gc,phases   ] GC(132) Pause Mark End 0.010ms
[2024-07-21T21:27:18.772+0800][13.490s][gc,phases   ] GC(132) Concurrent Mark Free 0.001ms
[2024-07-21T21:27:18.773+0800][13.491s][gc,phases   ] GC(132) Concurrent Process Non-Strong References 1.062ms
[2024-07-21T21:27:18.773+0800][13.491s][gc,phases   ] GC(132) Concurrent Reset Relocation Set 0.001ms
[2024-07-21T21:27:18.775+0800][13.493s][gc,phases   ] GC(132) Concurrent Select Relocation Set 2.153ms
[2024-07-21T21:27:18.776+0800][13.494s][gc,phases   ] GC(132) Pause Relocate Start 0.007ms
[2024-07-21T21:27:18.776+0800][13.494s][gc,phases   ] GC(132) Concurrent Relocate 0.290ms
[2024-07-21T21:27:18.776+0800][13.494s][gc,load     ] GC(132) Load: 0.00/0.00/0.00
[2024-07-21T21:27:18.776+0800][13.494s][gc,mmu      ] GC(132) MMU: 2ms/95.0%, 5ms/97.9%, 10ms/98.9%, 20ms/99.5%, 50ms/99.8%, 100ms/99.9%
[2024-07-21T21:27:18.776+0800][13.494s][gc,marking  ] GC(132) Mark: 2 stripe(s), 2 proactive flush(es), 1 terminate flush(es), 0 completion(s), 0 continuation(s) 
[2024-07-21T21:27:18.776+0800][13.494s][gc,marking  ] GC(132) Mark Stack Usage: 32M
[2024-07-21T21:27:18.776+0800][13.494s][gc,nmethod  ] GC(132) NMethods: 472 registered, 0 unregistered
[2024-07-21T21:27:18.776+0800][13.494s][gc,metaspace] GC(132) Metaspace: 1M used, 1M committed, 1032M reserved
[2024-07-21T21:27:18.776+0800][13.494s][gc,ref      ] GC(132) Soft: 93 encountered, 0 discovered, 0 enqueued
[2024-07-21T21:27:18.776+0800][13.494s][gc,ref      ] GC(132) Weak: 131 encountered, 14 discovered, 0 enqueued
[2024-07-21T21:27:18.776+0800][13.494s][gc,ref      ] GC(132) Final: 0 encountered, 0 discovered, 0 enqueued
[2024-07-21T21:27:18.776+0800][13.494s][gc,ref      ] GC(132) Phantom: 184 encountered, 119 discovered, 0 enqueued
[2024-07-21T21:27:18.776+0800][13.494s][gc,reloc    ] GC(132) Small Pages: 4 / 8M, Empty: 2M, Relocated: 0M, In-Place: 0
[2024-07-21T21:27:18.776+0800][13.494s][gc,reloc    ] GC(132) Medium Pages: 3 / 96M, Empty: 32M, Relocated: 1M, In-Place: 0
[2024-07-21T21:27:18.776+0800][13.494s][gc,reloc    ] GC(132) Large Pages: 0 / 0M, Empty: 0M, Relocated: 0M, In-Place: 0
[2024-07-21T21:27:18.776+0800][13.494s][gc,reloc    ] GC(132) Forwarding Usage: 0M
[2024-07-21T21:27:18.776+0800][13.494s][gc,heap     ] GC(132) Min Capacity: 8M(0%)
[2024-07-21T21:27:18.776+0800][13.494s][gc,heap     ] GC(132) Max Capacity: 2048M(100%)
[2024-07-21T21:27:18.776+0800][13.494s][gc,heap     ] GC(132) Soft Max Capacity: 128M(6%)
[2024-07-21T21:27:18.776+0800][13.494s][gc,heap     ] GC(132)                Mark Start          Mark End        Relocate Start      Relocate End           High               Low         
[2024-07-21T21:27:18.776+0800][13.494s][gc,heap     ] GC(132)  Capacity:      256M (12%)         256M (12%)         256M (12%)         256M (12%)         256M (12%)         256M (12%)    
[2024-07-21T21:27:18.776+0800][13.494s][gc,heap     ] GC(132)      Free:     1944M (95%)        1910M (93%)        1944M (95%)        1976M (96%)        1976M (96%)        1910M (93%)    
[2024-07-21T21:27:18.776+0800][13.494s][gc,heap     ] GC(132)      Used:      104M (5%)          138M (7%)          104M (5%)           72M (4%)          138M (7%)           72M (4%)     
[2024-07-21T21:27:18.776+0800][13.495s][gc,heap     ] GC(132)      Live:         -                 5M (0%)            5M (0%)            5M (0%)             -                  -          
[2024-07-21T21:27:18.776+0800][13.495s][gc,heap     ] GC(132) Allocated:         -                34M (2%)           34M (2%)           34M (2%)             -                  -          
[2024-07-21T21:27:18.776+0800][13.495s][gc,heap     ] GC(132)   Garbage:         -                98M (5%)           64M (3%)           32M (2%)             -                  -          
[2024-07-21T21:27:18.776+0800][13.495s][gc,heap     ] GC(132) Reclaimed:         -                  -                34M (2%)           66M (3%)             -                  -          
[2024-07-21T21:27:18.776+0800][13.495s][gc          ] GC(132) Garbage Collection (Allocation Rate) 104M(5%)->72M(4%)
[2024-07-21T21:27:18.851+0800][13.569s][gc,start    ] GC(133) Garbage Collection (Allocation Rate)
[2024-07-21T21:27:18.851+0800][13.569s][gc,task     ] GC(133) Using 2 workers
[2024-07-21T21:27:18.851+0800][13.569s][gc,phases   ] GC(133) Pause Mark Start 0.009ms
[2024-07-21T21:27:18.867+0800][13.585s][gc,phases   ] GC(133) Concurrent Mark 15.456ms
[2024-07-21T21:27:18.867+0800][13.585s][gc,phases   ] GC(133) Pause Mark End 0.011ms
[2024-07-21T21:27:18.867+0800][13.586s][gc,phases   ] GC(133) Concurrent Mark Free 0.002ms
[2024-07-21T21:27:18.869+0800][13.587s][gc,phases   ] GC(133) Concurrent Process Non-Strong References 0.941ms
[2024-07-21T21:27:18.869+0800][13.587s][gc,phases   ] GC(133) Concurrent Reset Relocation Set 0.001ms
[2024-07-21T21:27:18.870+0800][13.588s][gc,phases   ] GC(133) Concurrent Select Relocation Set 1.629ms
[2024-07-21T21:27:18.870+0800][13.589s][gc,phases   ] GC(133) Pause Relocate Start 0.006ms
[2024-07-21T21:27:18.871+0800][13.589s][gc,phases   ] GC(133) Concurrent Relocate 0.317ms
[2024-07-21T21:27:18.871+0800][13.589s][gc,load     ] GC(133) Load: 0.00/0.00/0.00
[2024-07-21T21:27:18.871+0800][13.589s][gc,mmu      ] GC(133) MMU: 2ms/95.0%, 5ms/97.9%, 10ms/98.9%, 20ms/99.5%, 50ms/99.8%, 100ms/99.9%
[2024-07-21T21:27:18.871+0800][13.589s][gc,marking  ] GC(133) Mark: 2 stripe(s), 2 proactive flush(es), 1 terminate flush(es), 0 completion(s), 0 continuation(s) 
[2024-07-21T21:27:18.871+0800][13.589s][gc,marking  ] GC(133) Mark Stack Usage: 32M
[2024-07-21T21:27:18.871+0800][13.589s][gc,nmethod  ] GC(133) NMethods: 472 registered, 0 unregistered
[2024-07-21T21:27:18.871+0800][13.589s][gc,metaspace] GC(133) Metaspace: 1M used, 1M committed, 1032M reserved
[2024-07-21T21:27:18.871+0800][13.589s][gc,ref      ] GC(133) Soft: 93 encountered, 0 discovered, 0 enqueued
[2024-07-21T21:27:18.871+0800][13.589s][gc,ref      ] GC(133) Weak: 131 encountered, 0 discovered, 0 enqueued
[2024-07-21T21:27:18.871+0800][13.589s][gc,ref      ] GC(133) Final: 0 encountered, 0 discovered, 0 enqueued
[2024-07-21T21:27:18.871+0800][13.589s][gc,ref      ] GC(133) Phantom: 184 encountered, 169 discovered, 0 enqueued
[2024-07-21T21:27:18.871+0800][13.589s][gc,reloc    ] GC(133) Small Pages: 4 / 8M, Empty: 2M, Relocated: 0M, In-Place: 0
[2024-07-21T21:27:18.871+0800][13.589s][gc,reloc    ] GC(133) Medium Pages: 3 / 96M, Empty: 32M, Relocated: 1M, In-Place: 0
[2024-07-21T21:27:18.871+0800][13.589s][gc,reloc    ] GC(133) Large Pages: 0 / 0M, Empty: 0M, Relocated: 0M, In-Place: 0
[2024-07-21T21:27:18.871+0800][13.589s][gc,reloc    ] GC(133) Forwarding Usage: 0M
[2024-07-21T21:27:18.871+0800][13.589s][gc,heap     ] GC(133) Min Capacity: 8M(0%)
[2024-07-21T21:27:18.871+0800][13.589s][gc,heap     ] GC(133) Max Capacity: 2048M(100%)
[2024-07-21T21:27:18.871+0800][13.589s][gc,heap     ] GC(133) Soft Max Capacity: 128M(6%)
[2024-07-21T21:27:18.871+0800][13.589s][gc,heap     ] GC(133)                Mark Start          Mark End        Relocate Start      Relocate End           High               Low         
[2024-07-21T21:27:18.871+0800][13.589s][gc,heap     ] GC(133)  Capacity:      256M (12%)         256M (12%)         256M (12%)         256M (12%)         256M (12%)         256M (12%)    
[2024-07-21T21:27:18.871+0800][13.589s][gc,heap     ] GC(133)      Free:     1944M (95%)        1910M (93%)        1944M (95%)        1976M (96%)        1976M (96%)        1910M (93%)    
[2024-07-21T21:27:18.871+0800][13.589s][gc,heap     ] GC(133)      Used:      104M (5%)          138M (7%)          104M (5%)           72M (4%)          138M (7%)           72M (4%)     
[2024-07-21T21:27:18.871+0800][13.589s][gc,heap     ] GC(133)      Live:         -                 5M (0%)            5M (0%)            5M (0%)             -                  -          
[2024-07-21T21:27:18.871+0800][13.589s][gc,heap     ] GC(133) Allocated:         -                34M (2%)           34M (2%)           34M (2%)             -                  -          
[2024-07-21T21:27:18.871+0800][13.589s][gc,heap     ] GC(133)   Garbage:         -                98M (5%)           64M (3%)           32M (2%)             -                  -          
[2024-07-21T21:27:18.871+0800][13.589s][gc,heap     ] GC(133) Reclaimed:         -                  -                34M (2%)           66M (3%)             -                  -          
[2024-07-21T21:27:18.871+0800][13.589s][gc          ] GC(133) Garbage Collection (Allocation Rate) 104M(5%)->72M(4%)
[2024-07-21T21:27:18.961+0800][13.679s][gc,start    ] GC(134) Garbage Collection (Allocation Rate)
[2024-07-21T21:27:18.961+0800][13.679s][gc,task     ] GC(134) Using 2 workers
[2024-07-21T21:27:18.962+0800][13.680s][gc,phases   ] GC(134) Pause Mark Start 0.011ms
[2024-07-21T21:27:18.977+0800][13.695s][gc,phases   ] GC(134) Concurrent Mark 14.841ms
[2024-07-21T21:27:18.977+0800][13.695s][gc,phases   ] GC(134) Pause Mark End 0.029ms
[2024-07-21T21:27:18.977+0800][13.695s][gc,phases   ] GC(134) Concurrent Mark Free 0.001ms
[2024-07-21T21:27:18.978+0800][13.696s][gc,phases   ] GC(134) Concurrent Process Non-Strong References 1.131ms
[2024-07-21T21:27:18.978+0800][13.696s][gc,phases   ] GC(134) Concurrent Reset Relocation Set 0.001ms
[2024-07-21T21:27:18.980+0800][13.698s][gc,phases   ] GC(134) Concurrent Select Relocation Set 1.926ms
[2024-07-21T21:27:18.980+0800][13.699s][gc,phases   ] GC(134) Pause Relocate Start 0.006ms
[2024-07-21T21:27:18.981+0800][13.699s][gc,phases   ] GC(134) Concurrent Relocate 0.683ms
[2024-07-21T21:27:18.981+0800][13.699s][gc,load     ] GC(134) Load: 0.00/0.00/0.00
[2024-07-21T21:27:18.981+0800][13.699s][gc,mmu      ] GC(134) MMU: 2ms/95.0%, 5ms/97.9%, 10ms/98.9%, 20ms/99.5%, 50ms/99.8%, 100ms/99.9%
[2024-07-21T21:27:18.981+0800][13.699s][gc,marking  ] GC(134) Mark: 2 stripe(s), 2 proactive flush(es), 1 terminate flush(es), 0 completion(s), 0 continuation(s) 
[2024-07-21T21:27:18.981+0800][13.699s][gc,marking  ] GC(134) Mark Stack Usage: 32M
[2024-07-21T21:27:18.981+0800][13.699s][gc,nmethod  ] GC(134) NMethods: 472 registered, 0 unregistered
[2024-07-21T21:27:18.981+0800][13.699s][gc,metaspace] GC(134) Metaspace: 1M used, 1M committed, 1032M reserved
[2024-07-21T21:27:18.981+0800][13.699s][gc,ref      ] GC(134) Soft: 93 encountered, 0 discovered, 0 enqueued
[2024-07-21T21:27:18.981+0800][13.699s][gc,ref      ] GC(134) Weak: 131 encountered, 0 discovered, 0 enqueued
[2024-07-21T21:27:18.981+0800][13.699s][gc,ref      ] GC(134) Final: 0 encountered, 0 discovered, 0 enqueued
[2024-07-21T21:27:18.981+0800][13.700s][gc,ref      ] GC(134) Phantom: 184 encountered, 119 discovered, 0 enqueued
[2024-07-21T21:27:18.981+0800][13.700s][gc,reloc    ] GC(134) Small Pages: 4 / 8M, Empty: 2M, Relocated: 0M, In-Place: 0
[2024-07-21T21:27:18.981+0800][13.700s][gc,reloc    ] GC(134) Medium Pages: 4 / 128M, Empty: 64M, Relocated: 4M, In-Place: 0
[2024-07-21T21:27:18.981+0800][13.700s][gc,reloc    ] GC(134) Large Pages: 0 / 0M, Empty: 0M, Relocated: 0M, In-Place: 0
[2024-07-21T21:27:18.981+0800][13.700s][gc,reloc    ] GC(134) Forwarding Usage: 0M
[2024-07-21T21:27:18.981+0800][13.700s][gc,heap     ] GC(134) Min Capacity: 8M(0%)
[2024-07-21T21:27:18.982+0800][13.700s][gc,heap     ] GC(134) Max Capacity: 2048M(100%)
[2024-07-21T21:27:18.982+0800][13.700s][gc,heap     ] GC(134) Soft Max Capacity: 128M(6%)
[2024-07-21T21:27:18.982+0800][13.700s][gc,heap     ] GC(134)                Mark Start          Mark End        Relocate Start      Relocate End           High               Low         
[2024-07-21T21:27:18.982+0800][13.700s][gc,heap     ] GC(134)  Capacity:      256M (12%)         256M (12%)         256M (12%)         256M (12%)         256M (12%)         256M (12%)    
[2024-07-21T21:27:18.982+0800][13.700s][gc,heap     ] GC(134)      Free:     1912M (93%)        1878M (92%)        1944M (95%)        1976M (96%)        1976M (96%)        1878M (92%)    
[2024-07-21T21:27:18.982+0800][13.700s][gc,heap     ] GC(134)      Used:      136M (7%)          170M (8%)          104M (5%)           72M (4%)          170M (8%)           72M (4%)     
[2024-07-21T21:27:18.982+0800][13.700s][gc,heap     ] GC(134)      Live:         -                 8M (0%)            8M (0%)            8M (0%)             -                  -          
[2024-07-21T21:27:18.982+0800][13.700s][gc,heap     ] GC(134) Allocated:         -                34M (2%)           34M (2%)           34M (2%)             -                  -          
[2024-07-21T21:27:18.982+0800][13.700s][gc,heap     ] GC(134)   Garbage:         -               127M (6%)           61M (3%)           29M (1%)             -                  -          
[2024-07-21T21:27:18.982+0800][13.700s][gc,heap     ] GC(134) Reclaimed:         -                  -                66M (3%)           98M (5%)             -                  -          
[2024-07-21T21:27:18.982+0800][13.700s][gc          ] GC(134) Garbage Collection (Allocation Rate) 136M(7%)->72M(4%)
[2024-07-21T21:27:19.055+0800][13.773s][gc,start    ] GC(135) Garbage Collection (Allocation Rate)
[2024-07-21T21:27:19.055+0800][13.773s][gc,task     ] GC(135) Using 2 workers
[2024-07-21T21:27:19.055+0800][13.774s][gc,phases   ] GC(135) Pause Mark Start 0.009ms
[2024-07-21T21:27:19.071+0800][13.789s][gc,phases   ] GC(135) Concurrent Mark 15.338ms
[2024-07-21T21:27:19.071+0800][13.789s][gc,phases   ] GC(135) Pause Mark End 0.012ms
[2024-07-21T21:27:19.072+0800][13.790s][gc,phases   ] GC(135) Concurrent Mark Free 0.002ms
[2024-07-21T21:27:19.072+0800][13.791s][gc,phases   ] GC(135) Concurrent Process Non-Strong References 0.820ms
[2024-07-21T21:27:19.072+0800][13.791s][gc,phases   ] GC(135) Concurrent Reset Relocation Set 0.001ms
[2024-07-21T21:27:19.074+0800][13.792s][gc,phases   ] GC(135) Concurrent Select Relocation Set 1.720ms
[2024-07-21T21:27:19.074+0800][13.793s][gc,phases   ] GC(135) Pause Relocate Start 0.006ms
[2024-07-21T21:27:19.075+0800][13.793s][gc,phases   ] GC(135) Concurrent Relocate 0.599ms
[2024-07-21T21:27:19.075+0800][13.793s][gc,load     ] GC(135) Load: 0.00/0.00/0.00
[2024-07-21T21:27:19.075+0800][13.793s][gc,mmu      ] GC(135) MMU: 2ms/95.0%, 5ms/97.9%, 10ms/98.9%, 20ms/99.5%, 50ms/99.8%, 100ms/99.9%
[2024-07-21T21:27:19.075+0800][13.793s][gc,marking  ] GC(135) Mark: 2 stripe(s), 2 proactive flush(es), 1 terminate flush(es), 0 completion(s), 0 continuation(s) 
[2024-07-21T21:27:19.075+0800][13.793s][gc,marking  ] GC(135) Mark Stack Usage: 32M
[2024-07-21T21:27:19.075+0800][13.793s][gc,nmethod  ] GC(135) NMethods: 472 registered, 0 unregistered
[2024-07-21T21:27:19.075+0800][13.793s][gc,metaspace] GC(135) Metaspace: 1M used, 1M committed, 1032M reserved
[2024-07-21T21:27:19.075+0800][13.793s][gc,ref      ] GC(135) Soft: 93 encountered, 0 discovered, 0 enqueued
[2024-07-21T21:27:19.075+0800][13.793s][gc,ref      ] GC(135) Weak: 131 encountered, 14 discovered, 0 enqueued
[2024-07-21T21:27:19.075+0800][13.793s][gc,ref      ] GC(135) Final: 0 encountered, 0 discovered, 0 enqueued
[2024-07-21T21:27:19.075+0800][13.793s][gc,ref      ] GC(135) Phantom: 184 encountered, 142 discovered, 0 enqueued
[2024-07-21T21:27:19.075+0800][13.793s][gc,reloc    ] GC(135) Small Pages: 4 / 8M, Empty: 2M, Relocated: 0M, In-Place: 0
[2024-07-21T21:27:19.075+0800][13.793s][gc,reloc    ] GC(135) Medium Pages: 3 / 96M, Empty: 32M, Relocated: 4M, In-Place: 0
[2024-07-21T21:27:19.075+0800][13.793s][gc,reloc    ] GC(135) Large Pages: 0 / 0M, Empty: 0M, Relocated: 0M, In-Place: 0
[2024-07-21T21:27:19.075+0800][13.794s][gc,reloc    ] GC(135) Forwarding Usage: 0M
[2024-07-21T21:27:19.075+0800][13.794s][gc,heap     ] GC(135) Min Capacity: 8M(0%)
[2024-07-21T21:27:19.075+0800][13.794s][gc,heap     ] GC(135) Max Capacity: 2048M(100%)
[2024-07-21T21:27:19.075+0800][13.794s][gc,heap     ] GC(135) Soft Max Capacity: 128M(6%)
[2024-07-21T21:27:19.075+0800][13.794s][gc,heap     ] GC(135)                Mark Start          Mark End        Relocate Start      Relocate End           High               Low         
[2024-07-21T21:27:19.075+0800][13.794s][gc,heap     ] GC(135)  Capacity:      256M (12%)         256M (12%)         256M (12%)         256M (12%)         256M (12%)         256M (12%)    
[2024-07-21T21:27:19.076+0800][13.794s][gc,heap     ] GC(135)      Free:     1944M (95%)        1910M (93%)        1944M (95%)        1976M (96%)        1976M (96%)        1910M (93%)    
[2024-07-21T21:27:19.076+0800][13.794s][gc,heap     ] GC(135)      Used:      104M (5%)          138M (7%)          104M (5%)           72M (4%)          138M (7%)           72M (4%)     
[2024-07-21T21:27:19.076+0800][13.794s][gc,heap     ] GC(135)      Live:         -                 8M (0%)            8M (0%)            8M (0%)             -                  -          
[2024-07-21T21:27:19.076+0800][13.794s][gc,heap     ] GC(135) Allocated:         -                34M (2%)           34M (2%)           34M (2%)             -                  -          
[2024-07-21T21:27:19.076+0800][13.794s][gc,heap     ] GC(135)   Garbage:         -                95M (5%)           61M (3%)           29M (1%)             -                  -          
[2024-07-21T21:27:19.076+0800][13.794s][gc,heap     ] GC(135) Reclaimed:         -                  -                34M (2%)           66M (3%)             -                  -          
[2024-07-21T21:27:19.076+0800][13.794s][gc          ] GC(135) Garbage Collection (Allocation Rate) 104M(5%)->72M(4%)
[2024-07-21T21:27:19.151+0800][13.869s][gc,start    ] GC(136) Garbage Collection (Allocation Rate)
[2024-07-21T21:27:19.151+0800][13.869s][gc,task     ] GC(136) Using 2 workers
[2024-07-21T21:27:19.151+0800][13.870s][gc,phases   ] GC(136) Pause Mark Start 0.008ms
[2024-07-21T21:27:19.167+0800][13.885s][gc,phases   ] GC(136) Concurrent Mark 14.736ms
[2024-07-21T21:27:19.167+0800][13.885s][gc,phases   ] GC(136) Pause Mark End 0.019ms
[2024-07-21T21:27:19.167+0800][13.885s][gc,phases   ] GC(136) Concurrent Mark Free 0.003ms
[2024-07-21T21:27:19.168+0800][13.886s][gc,phases   ] GC(136) Concurrent Process Non-Strong References 1.078ms
[2024-07-21T21:27:19.168+0800][13.886s][gc,phases   ] GC(136) Concurrent Reset Relocation Set 0.007ms
[2024-07-21T21:27:19.171+0800][13.890s][gc,phases   ] GC(136) Concurrent Select Relocation Set 3.263ms
[2024-07-21T21:27:19.171+0800][13.890s][gc,phases   ] GC(136) Pause Relocate Start 0.008ms
[2024-07-21T21:27:19.172+0800][13.891s][gc,phases   ] GC(136) Concurrent Relocate 0.883ms
[2024-07-21T21:27:19.172+0800][13.891s][gc,load     ] GC(136) Load: 0.00/0.00/0.00
[2024-07-21T21:27:19.172+0800][13.891s][gc,mmu      ] GC(136) MMU: 2ms/95.0%, 5ms/97.9%, 10ms/98.9%, 20ms/99.5%, 50ms/99.8%, 100ms/99.9%
[2024-07-21T21:27:19.172+0800][13.891s][gc,marking  ] GC(136) Mark: 2 stripe(s), 2 proactive flush(es), 1 terminate flush(es), 0 completion(s), 0 continuation(s) 
[2024-07-21T21:27:19.172+0800][13.891s][gc,marking  ] GC(136) Mark Stack Usage: 32M
[2024-07-21T21:27:19.172+0800][13.891s][gc,nmethod  ] GC(136) NMethods: 472 registered, 0 unregistered
[2024-07-21T21:27:19.173+0800][13.891s][gc,metaspace] GC(136) Metaspace: 1M used, 1M committed, 1032M reserved
[2024-07-21T21:27:19.173+0800][13.891s][gc,ref      ] GC(136) Soft: 93 encountered, 0 discovered, 0 enqueued
[2024-07-21T21:27:19.173+0800][13.891s][gc,ref      ] GC(136) Weak: 131 encountered, 0 discovered, 0 enqueued
[2024-07-21T21:27:19.173+0800][13.891s][gc,ref      ] GC(136) Final: 0 encountered, 0 discovered, 0 enqueued
[2024-07-21T21:27:19.173+0800][13.891s][gc,ref      ] GC(136) Phantom: 184 encountered, 119 discovered, 0 enqueued
[2024-07-21T21:27:19.173+0800][13.891s][gc,reloc    ] GC(136) Small Pages: 4 / 8M, Empty: 2M, Relocated: 0M, In-Place: 0
[2024-07-21T21:27:19.173+0800][13.891s][gc,reloc    ] GC(136) Medium Pages: 3 / 96M, Empty: 32M, Relocated: 4M, In-Place: 0
[2024-07-21T21:27:19.173+0800][13.891s][gc,reloc    ] GC(136) Large Pages: 0 / 0M, Empty: 0M, Relocated: 0M, In-Place: 0
[2024-07-21T21:27:19.173+0800][13.891s][gc,reloc    ] GC(136) Forwarding Usage: 0M
[2024-07-21T21:27:19.173+0800][13.891s][gc,heap     ] GC(136) Min Capacity: 8M(0%)
[2024-07-21T21:27:19.173+0800][13.891s][gc,heap     ] GC(136) Max Capacity: 2048M(100%)
[2024-07-21T21:27:19.173+0800][13.891s][gc,heap     ] GC(136) Soft Max Capacity: 128M(6%)
[2024-07-21T21:27:19.173+0800][13.891s][gc,heap     ] GC(136)                Mark Start          Mark End        Relocate Start      Relocate End           High               Low         
[2024-07-21T21:27:19.173+0800][13.891s][gc,heap     ] GC(136)  Capacity:      256M (12%)         256M (12%)         256M (12%)         256M (12%)         256M (12%)         256M (12%)    
[2024-07-21T21:27:19.173+0800][13.891s][gc,heap     ] GC(136)      Free:     1944M (95%)        1910M (93%)        1944M (95%)        1976M (96%)        1976M (96%)        1910M (93%)    
[2024-07-21T21:27:19.173+0800][13.891s][gc,heap     ] GC(136)      Used:      104M (5%)          138M (7%)          104M (5%)           72M (4%)          138M (7%)           72M (4%)     
[2024-07-21T21:27:19.173+0800][13.891s][gc,heap     ] GC(136)      Live:         -                 8M (0%)            8M (0%)            8M (0%)             -                  -          
[2024-07-21T21:27:19.173+0800][13.891s][gc,heap     ] GC(136) Allocated:         -                34M (2%)           34M (2%)           34M (2%)             -                  -          
[2024-07-21T21:27:19.173+0800][13.891s][gc,heap     ] GC(136)   Garbage:         -                95M (5%)           61M (3%)           29M (1%)             -                  -          
[2024-07-21T21:27:19.173+0800][13.891s][gc,heap     ] GC(136) Reclaimed:         -                  -                34M (2%)           66M (3%)             -                  -          
[2024-07-21T21:27:19.173+0800][13.891s][gc          ] GC(136) Garbage Collection (Allocation Rate) 104M(5%)->72M(4%)
[2024-07-21T21:27:19.261+0800][13.979s][gc,start    ] GC(137) Garbage Collection (Allocation Rate)
[2024-07-21T21:27:19.261+0800][13.979s][gc,task     ] GC(137) Using 2 workers
[2024-07-21T21:27:19.261+0800][13.979s][gc,phases   ] GC(137) Pause Mark Start 0.009ms
[2024-07-21T21:27:19.277+0800][13.995s][gc,phases   ] GC(137) Concurrent Mark 15.312ms
[2024-07-21T21:27:19.277+0800][13.995s][gc,phases   ] GC(137) Pause Mark End 0.011ms
[2024-07-21T21:27:19.277+0800][13.995s][gc,phases   ] GC(137) Concurrent Mark Free 0.003ms
[2024-07-21T21:27:19.278+0800][13.996s][gc,phases   ] GC(137) Concurrent Process Non-Strong References 0.933ms
[2024-07-21T21:27:19.278+0800][13.996s][gc,phases   ] GC(137) Concurrent Reset Relocation Set 0.001ms
[2024-07-21T21:27:19.279+0800][13.998s][gc,phases   ] GC(137) Concurrent Select Relocation Set 1.773ms
[2024-07-21T21:27:19.280+0800][13.998s][gc,phases   ] GC(137) Pause Relocate Start 0.006ms
[2024-07-21T21:27:19.280+0800][13.999s][gc,phases   ] GC(137) Concurrent Relocate 0.255ms
[2024-07-21T21:27:19.280+0800][13.999s][gc,load     ] GC(137) Load: 0.00/0.00/0.00
[2024-07-21T21:27:19.280+0800][13.999s][gc,mmu      ] GC(137) MMU: 2ms/95.0%, 5ms/97.9%, 10ms/98.9%, 20ms/99.5%, 50ms/99.8%, 100ms/99.9%
[2024-07-21T21:27:19.280+0800][13.999s][gc,marking  ] GC(137) Mark: 2 stripe(s), 2 proactive flush(es), 1 terminate flush(es), 0 completion(s), 0 continuation(s) 
[2024-07-21T21:27:19.280+0800][13.999s][gc,marking  ] GC(137) Mark Stack Usage: 32M
[2024-07-21T21:27:19.280+0800][13.999s][gc,nmethod  ] GC(137) NMethods: 472 registered, 0 unregistered
[2024-07-21T21:27:19.280+0800][13.999s][gc,metaspace] GC(137) Metaspace: 1M used, 1M committed, 1032M reserved
[2024-07-21T21:27:19.280+0800][13.999s][gc,ref      ] GC(137) Soft: 93 encountered, 0 discovered, 0 enqueued
[2024-07-21T21:27:19.280+0800][13.999s][gc,ref      ] GC(137) Weak: 131 encountered, 81 discovered, 0 enqueued
[2024-07-21T21:27:19.280+0800][13.999s][gc,ref      ] GC(137) Final: 0 encountered, 0 discovered, 0 enqueued
[2024-07-21T21:27:19.280+0800][13.999s][gc,ref      ] GC(137) Phantom: 184 encountered, 141 discovered, 0 enqueued
[2024-07-21T21:27:19.280+0800][13.999s][gc,reloc    ] GC(137) Small Pages: 4 / 8M, Empty: 2M, Relocated: 0M, In-Place: 0
[2024-07-21T21:27:19.280+0800][13.999s][gc,reloc    ] GC(137) Medium Pages: 4 / 128M, Empty: 64M, Relocated: 1M, In-Place: 0
[2024-07-21T21:27:19.280+0800][13.999s][gc,reloc    ] GC(137) Large Pages: 0 / 0M, Empty: 0M, Relocated: 0M, In-Place: 0
[2024-07-21T21:27:19.280+0800][13.999s][gc,reloc    ] GC(137) Forwarding Usage: 0M
[2024-07-21T21:27:19.280+0800][13.999s][gc,heap     ] GC(137) Min Capacity: 8M(0%)
[2024-07-21T21:27:19.280+0800][13.999s][gc,heap     ] GC(137) Max Capacity: 2048M(100%)
[2024-07-21T21:27:19.280+0800][13.999s][gc,heap     ] GC(137) Soft Max Capacity: 128M(6%)
[2024-07-21T21:27:19.280+0800][13.999s][gc,heap     ] GC(137)                Mark Start          Mark End        Relocate Start      Relocate End           High               Low         
[2024-07-21T21:27:19.280+0800][13.999s][gc,heap     ] GC(137)  Capacity:      256M (12%)         256M (12%)         256M (12%)         256M (12%)         256M (12%)         256M (12%)    
[2024-07-21T21:27:19.280+0800][13.999s][gc,heap     ] GC(137)      Free:     1912M (93%)        1878M (92%)        1944M (95%)        1976M (96%)        1976M (96%)        1878M (92%)    
[2024-07-21T21:27:19.280+0800][13.999s][gc,heap     ] GC(137)      Used:      136M (7%)          170M (8%)          104M (5%)           72M (4%)          170M (8%)           72M (4%)     
[2024-07-21T21:27:19.280+0800][13.999s][gc,heap     ] GC(137)      Live:         -                 5M (0%)            5M (0%)            5M (0%)             -                  -          
[2024-07-21T21:27:19.280+0800][13.999s][gc,heap     ] GC(137) Allocated:         -                34M (2%)           34M (2%)           34M (2%)             -                  -          
[2024-07-21T21:27:19.280+0800][13.999s][gc,heap     ] GC(137)   Garbage:         -               130M (6%)           64M (3%)           32M (2%)             -                  -          
[2024-07-21T21:27:19.280+0800][13.999s][gc,heap     ] GC(137) Reclaimed:         -                  -                66M (3%)           98M (5%)             -                  -          
[2024-07-21T21:27:19.280+0800][13.999s][gc          ] GC(137) Garbage Collection (Allocation Rate) 136M(7%)->72M(4%)
[2024-07-21T21:27:19.355+0800][14.073s][gc,start    ] GC(138) Garbage Collection (Allocation Rate)
[2024-07-21T21:27:19.355+0800][14.073s][gc,task     ] GC(138) Using 2 workers
[2024-07-21T21:27:19.355+0800][14.074s][gc,phases   ] GC(138) Pause Mark Start 0.013ms
[2024-07-21T21:27:19.371+0800][14.089s][gc,phases   ] GC(138) Concurrent Mark 15.493ms
[2024-07-21T21:27:19.371+0800][14.090s][gc,phases   ] GC(138) Pause Mark End 0.014ms
[2024-07-21T21:27:19.371+0800][14.090s][gc,phases   ] GC(138) Concurrent Mark Free 0.001ms
[2024-07-21T21:27:19.372+0800][14.091s][gc,phases   ] GC(138) Concurrent Process Non-Strong References 1.073ms
[2024-07-21T21:27:19.372+0800][14.091s][gc,phases   ] GC(138) Concurrent Reset Relocation Set 0.002ms
[2024-07-21T21:27:19.375+0800][14.093s][gc,phases   ] GC(138) Concurrent Select Relocation Set 2.166ms
[2024-07-21T21:27:19.375+0800][14.093s][gc,phases   ] GC(138) Pause Relocate Start 0.008ms
[2024-07-21T21:27:19.375+0800][14.094s][gc,phases   ] GC(138) Concurrent Relocate 0.294ms
[2024-07-21T21:27:19.375+0800][14.094s][gc,load     ] GC(138) Load: 0.00/0.00/0.00
[2024-07-21T21:27:19.375+0800][14.094s][gc,mmu      ] GC(138) MMU: 2ms/95.0%, 5ms/97.9%, 10ms/98.9%, 20ms/99.5%, 50ms/99.8%, 100ms/99.9%
[2024-07-21T21:27:19.375+0800][14.094s][gc,marking  ] GC(138) Mark: 2 stripe(s), 2 proactive flush(es), 1 terminate flush(es), 0 completion(s), 0 continuation(s) 
[2024-07-21T21:27:19.375+0800][14.094s][gc,marking  ] GC(138) Mark Stack Usage: 32M
[2024-07-21T21:27:19.375+0800][14.094s][gc,nmethod  ] GC(138) NMethods: 472 registered, 0 unregistered
[2024-07-21T21:27:19.375+0800][14.094s][gc,metaspace] GC(138) Metaspace: 1M used, 1M committed, 1032M reserved
[2024-07-21T21:27:19.375+0800][14.094s][gc,ref      ] GC(138) Soft: 93 encountered, 0 discovered, 0 enqueued
[2024-07-21T21:27:19.375+0800][14.094s][gc,ref      ] GC(138) Weak: 131 encountered, 0 discovered, 0 enqueued
[2024-07-21T21:27:19.375+0800][14.094s][gc,ref      ] GC(138) Final: 0 encountered, 0 discovered, 0 enqueued
[2024-07-21T21:27:19.375+0800][14.094s][gc,ref      ] GC(138) Phantom: 184 encountered, 169 discovered, 0 enqueued
[2024-07-21T21:27:19.375+0800][14.094s][gc,reloc    ] GC(138) Small Pages: 4 / 8M, Empty: 2M, Relocated: 0M, In-Place: 0
[2024-07-21T21:27:19.375+0800][14.094s][gc,reloc    ] GC(138) Medium Pages: 3 / 96M, Empty: 32M, Relocated: 1M, In-Place: 0
[2024-07-21T21:27:19.375+0800][14.094s][gc,reloc    ] GC(138) Large Pages: 0 / 0M, Empty: 0M, Relocated: 0M, In-Place: 0
[2024-07-21T21:27:19.375+0800][14.094s][gc,reloc    ] GC(138) Forwarding Usage: 0M
[2024-07-21T21:27:19.375+0800][14.094s][gc,heap     ] GC(138) Min Capacity: 8M(0%)
[2024-07-21T21:27:19.375+0800][14.094s][gc,heap     ] GC(138) Max Capacity: 2048M(100%)
[2024-07-21T21:27:19.375+0800][14.094s][gc,heap     ] GC(138) Soft Max Capacity: 128M(6%)
[2024-07-21T21:27:19.375+0800][14.094s][gc,heap     ] GC(138)                Mark Start          Mark End        Relocate Start      Relocate End           High               Low         
[2024-07-21T21:27:19.375+0800][14.094s][gc,heap     ] GC(138)  Capacity:      256M (12%)         256M (12%)         256M (12%)         256M (12%)         256M (12%)         256M (12%)    
[2024-07-21T21:27:19.375+0800][14.094s][gc,heap     ] GC(138)      Free:     1944M (95%)        1910M (93%)        1944M (95%)        1976M (96%)        1976M (96%)        1910M (93%)    
[2024-07-21T21:27:19.375+0800][14.094s][gc,heap     ] GC(138)      Used:      104M (5%)          138M (7%)          104M (5%)           72M (4%)          138M (7%)           72M (4%)     
[2024-07-21T21:27:19.375+0800][14.094s][gc,heap     ] GC(138)      Live:         -                 5M (0%)            5M (0%)            5M (0%)             -                  -          
[2024-07-21T21:27:19.376+0800][14.094s][gc,heap     ] GC(138) Allocated:         -                34M (2%)           34M (2%)           34M (2%)             -                  -          
[2024-07-21T21:27:19.376+0800][14.094s][gc,heap     ] GC(138)   Garbage:         -                98M (5%)           64M (3%)           32M (2%)             -                  -          
[2024-07-21T21:27:19.376+0800][14.094s][gc,heap     ] GC(138) Reclaimed:         -                  -                34M (2%)           66M (3%)             -                  -          
[2024-07-21T21:27:19.376+0800][14.094s][gc          ] GC(138) Garbage Collection (Allocation Rate) 104M(5%)->72M(4%)
[2024-07-21T21:27:19.449+0800][14.167s][gc,start    ] GC(139) Garbage Collection (Allocation Rate)
[2024-07-21T21:27:19.449+0800][14.167s][gc,task     ] GC(139) Using 2 workers
[2024-07-21T21:27:19.449+0800][14.167s][gc,phases   ] GC(139) Pause Mark Start 0.009ms
[2024-07-21T21:27:19.464+0800][14.182s][gc,phases   ] GC(139) Concurrent Mark 14.974ms
[2024-07-21T21:27:19.464+0800][14.183s][gc,phases   ] GC(139) Pause Mark End 0.010ms
[2024-07-21T21:27:19.464+0800][14.183s][gc,phases   ] GC(139) Concurrent Mark Free 0.001ms
[2024-07-21T21:27:19.465+0800][14.184s][gc,phases   ] GC(139) Concurrent Process Non-Strong References 0.947ms
[2024-07-21T21:27:19.465+0800][14.184s][gc,phases   ] GC(139) Concurrent Reset Relocation Set 0.001ms
[2024-07-21T21:27:19.467+0800][14.186s][gc,phases   ] GC(139) Concurrent Select Relocation Set 1.820ms
[2024-07-21T21:27:19.467+0800][14.186s][gc,phases   ] GC(139) Pause Relocate Start 0.007ms
[2024-07-21T21:27:19.467+0800][14.186s][gc,phases   ] GC(139) Concurrent Relocate 0.271ms
[2024-07-21T21:27:19.468+0800][14.186s][gc,load     ] GC(139) Load: 0.00/0.00/0.00
[2024-07-21T21:27:19.468+0800][14.186s][gc,mmu      ] GC(139) MMU: 2ms/95.0%, 5ms/97.9%, 10ms/98.9%, 20ms/99.5%, 50ms/99.8%, 100ms/99.9%
[2024-07-21T21:27:19.468+0800][14.186s][gc,marking  ] GC(139) Mark: 2 stripe(s), 2 proactive flush(es), 1 terminate flush(es), 0 completion(s), 0 continuation(s) 
[2024-07-21T21:27:19.468+0800][14.186s][gc,marking  ] GC(139) Mark Stack Usage: 32M
[2024-07-21T21:27:19.468+0800][14.186s][gc,nmethod  ] GC(139) NMethods: 472 registered, 0 unregistered
[2024-07-21T21:27:19.468+0800][14.186s][gc,metaspace] GC(139) Metaspace: 1M used, 1M committed, 1032M reserved
[2024-07-21T21:27:19.468+0800][14.186s][gc,ref      ] GC(139) Soft: 93 encountered, 0 discovered, 0 enqueued
[2024-07-21T21:27:19.468+0800][14.186s][gc,ref      ] GC(139) Weak: 131 encountered, 0 discovered, 0 enqueued
[2024-07-21T21:27:19.468+0800][14.186s][gc,ref      ] GC(139) Final: 0 encountered, 0 discovered, 0 enqueued
[2024-07-21T21:27:19.468+0800][14.186s][gc,ref      ] GC(139) Phantom: 184 encountered, 169 discovered, 0 enqueued
[2024-07-21T21:27:19.468+0800][14.186s][gc,reloc    ] GC(139) Small Pages: 4 / 8M, Empty: 2M, Relocated: 0M, In-Place: 0
[2024-07-21T21:27:19.468+0800][14.186s][gc,reloc    ] GC(139) Medium Pages: 3 / 96M, Empty: 32M, Relocated: 1M, In-Place: 0
[2024-07-21T21:27:19.468+0800][14.186s][gc,reloc    ] GC(139) Large Pages: 0 / 0M, Empty: 0M, Relocated: 0M, In-Place: 0
[2024-07-21T21:27:19.468+0800][14.186s][gc,reloc    ] GC(139) Forwarding Usage: 0M
[2024-07-21T21:27:19.468+0800][14.186s][gc,heap     ] GC(139) Min Capacity: 8M(0%)
[2024-07-21T21:27:19.468+0800][14.186s][gc,heap     ] GC(139) Max Capacity: 2048M(100%)
[2024-07-21T21:27:19.468+0800][14.186s][gc,heap     ] GC(139) Soft Max Capacity: 128M(6%)
[2024-07-21T21:27:19.468+0800][14.186s][gc,heap     ] GC(139)                Mark Start          Mark End        Relocate Start      Relocate End           High               Low         
[2024-07-21T21:27:19.468+0800][14.187s][gc,heap     ] GC(139)  Capacity:      256M (12%)         256M (12%)         256M (12%)         256M (12%)         256M (12%)         256M (12%)    
[2024-07-21T21:27:19.468+0800][14.187s][gc,heap     ] GC(139)      Free:     1944M (95%)        1910M (93%)        1944M (95%)        1976M (96%)        1976M (96%)        1910M (93%)    
[2024-07-21T21:27:19.468+0800][14.187s][gc,heap     ] GC(139)      Used:      104M (5%)          138M (7%)          104M (5%)           72M (4%)          138M (7%)           72M (4%)     
[2024-07-21T21:27:19.468+0800][14.187s][gc,heap     ] GC(139)      Live:         -                 5M (0%)            5M (0%)            5M (0%)             -                  -          
[2024-07-21T21:27:19.468+0800][14.187s][gc,heap     ] GC(139) Allocated:         -                34M (2%)           34M (2%)           34M (2%)             -                  -          
[2024-07-21T21:27:19.468+0800][14.187s][gc,heap     ] GC(139)   Garbage:         -                98M (5%)           64M (3%)           32M (2%)             -                  -          
[2024-07-21T21:27:19.468+0800][14.187s][gc,heap     ] GC(139) Reclaimed:         -                  -                34M (2%)           66M (3%)             -                  -          
[2024-07-21T21:27:19.468+0800][14.187s][gc          ] GC(139) Garbage Collection (Allocation Rate) 104M(5%)->72M(4%)
[2024-07-21T21:27:19.560+0800][14.278s][gc,start    ] GC(140) Garbage Collection (Allocation Rate)
[2024-07-21T21:27:19.560+0800][14.279s][gc,task     ] GC(140) Using 2 workers
[2024-07-21T21:27:19.560+0800][14.279s][gc,phases   ] GC(140) Pause Mark Start 0.008ms
[2024-07-21T21:27:19.576+0800][14.294s][gc,phases   ] GC(140) Concurrent Mark 14.617ms
[2024-07-21T21:27:19.576+0800][14.294s][gc,phases   ] GC(140) Pause Mark End 0.014ms
[2024-07-21T21:27:19.576+0800][14.294s][gc,phases   ] GC(140) Concurrent Mark Free 0.001ms
[2024-07-21T21:27:19.576+0800][14.295s][gc,phases   ] GC(140) Concurrent Process Non-Strong References 1.000ms
[2024-07-21T21:27:19.576+0800][14.295s][gc,phases   ] GC(140) Concurrent Reset Relocation Set 0.001ms
[2024-07-21T21:27:19.579+0800][14.297s][gc,phases   ] GC(140) Concurrent Select Relocation Set 2.332ms
[2024-07-21T21:27:19.579+0800][14.298s][gc,phases   ] GC(140) Pause Relocate Start 0.007ms
[2024-07-21T21:27:19.580+0800][14.298s][gc,phases   ] GC(140) Concurrent Relocate 0.610ms
[2024-07-21T21:27:19.580+0800][14.298s][gc,load     ] GC(140) Load: 0.00/0.00/0.00
[2024-07-21T21:27:19.580+0800][14.298s][gc,mmu      ] GC(140) MMU: 2ms/95.0%, 5ms/97.9%, 10ms/98.9%, 20ms/99.5%, 50ms/99.8%, 100ms/99.9%
[2024-07-21T21:27:19.580+0800][14.298s][gc,marking  ] GC(140) Mark: 2 stripe(s), 2 proactive flush(es), 1 terminate flush(es), 0 completion(s), 0 continuation(s) 
[2024-07-21T21:27:19.580+0800][14.298s][gc,marking  ] GC(140) Mark Stack Usage: 32M
[2024-07-21T21:27:19.580+0800][14.298s][gc,nmethod  ] GC(140) NMethods: 472 registered, 0 unregistered
[2024-07-21T21:27:19.580+0800][14.298s][gc,metaspace] GC(140) Metaspace: 1M used, 1M committed, 1032M reserved
[2024-07-21T21:27:19.580+0800][14.298s][gc,ref      ] GC(140) Soft: 93 encountered, 0 discovered, 0 enqueued
[2024-07-21T21:27:19.580+0800][14.298s][gc,ref      ] GC(140) Weak: 131 encountered, 0 discovered, 0 enqueued
[2024-07-21T21:27:19.580+0800][14.298s][gc,ref      ] GC(140) Final: 0 encountered, 0 discovered, 0 enqueued
[2024-07-21T21:27:19.580+0800][14.298s][gc,ref      ] GC(140) Phantom: 184 encountered, 119 discovered, 0 enqueued
[2024-07-21T21:27:19.580+0800][14.298s][gc,reloc    ] GC(140) Small Pages: 4 / 8M, Empty: 2M, Relocated: 0M, In-Place: 0
[2024-07-21T21:27:19.580+0800][14.298s][gc,reloc    ] GC(140) Medium Pages: 4 / 128M, Empty: 64M, Relocated: 4M, In-Place: 0
[2024-07-21T21:27:19.580+0800][14.298s][gc,reloc    ] GC(140) Large Pages: 0 / 0M, Empty: 0M, Relocated: 0M, In-Place: 0
[2024-07-21T21:27:19.580+0800][14.298s][gc,reloc    ] GC(140) Forwarding Usage: 0M
[2024-07-21T21:27:19.580+0800][14.299s][gc,heap     ] GC(140) Min Capacity: 8M(0%)
[2024-07-21T21:27:19.580+0800][14.299s][gc,heap     ] GC(140) Max Capacity: 2048M(100%)
[2024-07-21T21:27:19.580+0800][14.299s][gc,heap     ] GC(140) Soft Max Capacity: 128M(6%)
[2024-07-21T21:27:19.580+0800][14.299s][gc,heap     ] GC(140)                Mark Start          Mark End        Relocate Start      Relocate End           High               Low         
[2024-07-21T21:27:19.580+0800][14.299s][gc,heap     ] GC(140)  Capacity:      256M (12%)         256M (12%)         256M (12%)         256M (12%)         256M (12%)         256M (12%)    
[2024-07-21T21:27:19.580+0800][14.299s][gc,heap     ] GC(140)      Free:     1912M (93%)        1878M (92%)        1944M (95%)        1976M (96%)        1976M (96%)        1878M (92%)    
[2024-07-21T21:27:19.580+0800][14.299s][gc,heap     ] GC(140)      Used:      136M (7%)          170M (8%)          104M (5%)           72M (4%)          170M (8%)           72M (4%)     
[2024-07-21T21:27:19.580+0800][14.299s][gc,heap     ] GC(140)      Live:         -                 8M (0%)            8M (0%)            8M (0%)             -                  -          
[2024-07-21T21:27:19.580+0800][14.299s][gc,heap     ] GC(140) Allocated:         -                34M (2%)           34M (2%)           34M (2%)             -                  -          
[2024-07-21T21:27:19.580+0800][14.299s][gc,heap     ] GC(140)   Garbage:         -               127M (6%)           61M (3%)           29M (1%)             -                  -          
[2024-07-21T21:27:19.580+0800][14.299s][gc,heap     ] GC(140) Reclaimed:         -                  -                66M (3%)           98M (5%)             -                  -          
[2024-07-21T21:27:19.580+0800][14.299s][gc          ] GC(140) Garbage Collection (Allocation Rate) 136M(7%)->72M(4%)
[2024-07-21T21:27:19.655+0800][14.373s][gc,start    ] GC(141) Garbage Collection (Allocation Rate)
[2024-07-21T21:27:19.655+0800][14.373s][gc,task     ] GC(141) Using 2 workers
[2024-07-21T21:27:19.655+0800][14.373s][gc,phases   ] GC(141) Pause Mark Start 0.011ms
[2024-07-21T21:27:19.671+0800][14.389s][gc,phases   ] GC(141) Concurrent Mark 15.225ms
[2024-07-21T21:27:19.671+0800][14.389s][gc,phases   ] GC(141) Pause Mark End 0.012ms
[2024-07-21T21:27:19.671+0800][14.389s][gc,phases   ] GC(141) Concurrent Mark Free 0.003ms
[2024-07-21T21:27:19.671+0800][14.390s][gc,phases   ] GC(141) Concurrent Process Non-Strong References 0.968ms
[2024-07-21T21:27:19.671+0800][14.390s][gc,phases   ] GC(141) Concurrent Reset Relocation Set 0.004ms
[2024-07-21T21:27:19.673+0800][14.392s][gc,phases   ] GC(141) Concurrent Select Relocation Set 1.846ms
[2024-07-21T21:27:19.674+0800][14.392s][gc,phases   ] GC(141) Pause Relocate Start 0.006ms
[2024-07-21T21:27:19.674+0800][14.393s][gc,phases   ] GC(141) Concurrent Relocate 0.626ms
[2024-07-21T21:27:19.674+0800][14.393s][gc,load     ] GC(141) Load: 0.00/0.00/0.00
[2024-07-21T21:27:19.674+0800][14.393s][gc,mmu      ] GC(141) MMU: 2ms/95.0%, 5ms/97.9%, 10ms/98.9%, 20ms/99.5%, 50ms/99.8%, 100ms/99.9%
[2024-07-21T21:27:19.674+0800][14.393s][gc,marking  ] GC(141) Mark: 2 stripe(s), 2 proactive flush(es), 1 terminate flush(es), 0 completion(s), 0 continuation(s) 
[2024-07-21T21:27:19.674+0800][14.393s][gc,marking  ] GC(141) Mark Stack Usage: 32M
[2024-07-21T21:27:19.674+0800][14.393s][gc,nmethod  ] GC(141) NMethods: 472 registered, 0 unregistered
[2024-07-21T21:27:19.674+0800][14.393s][gc,metaspace] GC(141) Metaspace: 1M used, 1M committed, 1032M reserved
[2024-07-21T21:27:19.674+0800][14.393s][gc,ref      ] GC(141) Soft: 93 encountered, 0 discovered, 0 enqueued
[2024-07-21T21:27:19.674+0800][14.393s][gc,ref      ] GC(141) Weak: 131 encountered, 0 discovered, 0 enqueued
[2024-07-21T21:27:19.674+0800][14.393s][gc,ref      ] GC(141) Final: 0 encountered, 0 discovered, 0 enqueued
[2024-07-21T21:27:19.674+0800][14.393s][gc,ref      ] GC(141) Phantom: 184 encountered, 142 discovered, 0 enqueued
[2024-07-21T21:27:19.674+0800][14.393s][gc,reloc    ] GC(141) Small Pages: 4 / 8M, Empty: 2M, Relocated: 0M, In-Place: 0
[2024-07-21T21:27:19.674+0800][14.393s][gc,reloc    ] GC(141) Medium Pages: 3 / 96M, Empty: 32M, Relocated: 4M, In-Place: 0
[2024-07-21T21:27:19.674+0800][14.393s][gc,reloc    ] GC(141) Large Pages: 0 / 0M, Empty: 0M, Relocated: 0M, In-Place: 0
[2024-07-21T21:27:19.674+0800][14.393s][gc,reloc    ] GC(141) Forwarding Usage: 0M
[2024-07-21T21:27:19.674+0800][14.393s][gc,heap     ] GC(141) Min Capacity: 8M(0%)
[2024-07-21T21:27:19.674+0800][14.393s][gc,heap     ] GC(141) Max Capacity: 2048M(100%)
[2024-07-21T21:27:19.675+0800][14.393s][gc,heap     ] GC(141) Soft Max Capacity: 128M(6%)
[2024-07-21T21:27:19.675+0800][14.393s][gc,heap     ] GC(141)                Mark Start          Mark End        Relocate Start      Relocate End           High               Low         
[2024-07-21T21:27:19.675+0800][14.393s][gc,heap     ] GC(141)  Capacity:      256M (12%)         256M (12%)         256M (12%)         256M (12%)         256M (12%)         256M (12%)    
[2024-07-21T21:27:19.675+0800][14.393s][gc,heap     ] GC(141)      Free:     1944M (95%)        1910M (93%)        1944M (95%)        1976M (96%)        1976M (96%)        1910M (93%)    
[2024-07-21T21:27:19.675+0800][14.393s][gc,heap     ] GC(141)      Used:      104M (5%)          138M (7%)          104M (5%)           72M (4%)          138M (7%)           72M (4%)     
[2024-07-21T21:27:19.675+0800][14.393s][gc,heap     ] GC(141)      Live:         -                 8M (0%)            8M (0%)            8M (0%)             -                  -          
[2024-07-21T21:27:19.675+0800][14.393s][gc,heap     ] GC(141) Allocated:         -                34M (2%)           34M (2%)           34M (2%)             -                  -          
[2024-07-21T21:27:19.675+0800][14.393s][gc,heap     ] GC(141)   Garbage:         -                95M (5%)           61M (3%)           29M (1%)             -                  -          
[2024-07-21T21:27:19.675+0800][14.393s][gc,heap     ] GC(141) Reclaimed:         -                  -                34M (2%)           66M (3%)             -                  -          
[2024-07-21T21:27:19.675+0800][14.393s][gc          ] GC(141) Garbage Collection (Allocation Rate) 104M(5%)->72M(4%)
[2024-07-21T21:27:19.749+0800][14.467s][gc,start    ] GC(142) Garbage Collection (Allocation Rate)
[2024-07-21T21:27:19.749+0800][14.467s][gc,task     ] GC(142) Using 2 workers
[2024-07-21T21:27:19.749+0800][14.467s][gc,phases   ] GC(142) Pause Mark Start 0.011ms
[2024-07-21T21:27:19.765+0800][14.483s][gc,phases   ] GC(142) Concurrent Mark 15.523ms
[2024-07-21T21:27:19.765+0800][14.483s][gc,phases   ] GC(142) Pause Mark End 0.026ms
[2024-07-21T21:27:19.765+0800][14.483s][gc,phases   ] GC(142) Concurrent Mark Free 0.001ms
[2024-07-21T21:27:19.766+0800][14.484s][gc,phases   ] GC(142) Concurrent Process Non-Strong References 1.120ms
[2024-07-21T21:27:19.766+0800][14.484s][gc,phases   ] GC(142) Concurrent Reset Relocation Set 0.001ms
[2024-07-21T21:27:19.768+0800][14.486s][gc,phases   ] GC(142) Concurrent Select Relocation Set 1.705ms
[2024-07-21T21:27:19.768+0800][14.486s][gc,phases   ] GC(142) Pause Relocate Start 0.010ms
[2024-07-21T21:27:19.769+0800][14.487s][gc,phases   ] GC(142) Concurrent Relocate 0.664ms
[2024-07-21T21:27:19.769+0800][14.487s][gc,load     ] GC(142) Load: 0.00/0.00/0.00
[2024-07-21T21:27:19.769+0800][14.487s][gc,mmu      ] GC(142) MMU: 2ms/95.0%, 5ms/97.9%, 10ms/98.9%, 20ms/99.5%, 50ms/99.8%, 100ms/99.9%
[2024-07-21T21:27:19.769+0800][14.487s][gc,marking  ] GC(142) Mark: 2 stripe(s), 2 proactive flush(es), 1 terminate flush(es), 0 completion(s), 0 continuation(s) 
[2024-07-21T21:27:19.769+0800][14.487s][gc,marking  ] GC(142) Mark Stack Usage: 32M
[2024-07-21T21:27:19.769+0800][14.487s][gc,nmethod  ] GC(142) NMethods: 473 registered, 0 unregistered
[2024-07-21T21:27:19.769+0800][14.487s][gc,metaspace] GC(142) Metaspace: 1M used, 1M committed, 1032M reserved
[2024-07-21T21:27:19.769+0800][14.487s][gc,ref      ] GC(142) Soft: 93 encountered, 0 discovered, 0 enqueued
[2024-07-21T21:27:19.769+0800][14.487s][gc,ref      ] GC(142) Weak: 131 encountered, 104 discovered, 0 enqueued
[2024-07-21T21:27:19.769+0800][14.487s][gc,ref      ] GC(142) Final: 0 encountered, 0 discovered, 0 enqueued
[2024-07-21T21:27:19.769+0800][14.487s][gc,ref      ] GC(142) Phantom: 184 encountered, 144 discovered, 0 enqueued
[2024-07-21T21:27:19.769+0800][14.487s][gc,reloc    ] GC(142) Small Pages: 4 / 8M, Empty: 2M, Relocated: 0M, In-Place: 0
[2024-07-21T21:27:19.769+0800][14.487s][gc,reloc    ] GC(142) Medium Pages: 3 / 96M, Empty: 32M, Relocated: 3M, In-Place: 0
[2024-07-21T21:27:19.769+0800][14.487s][gc,reloc    ] GC(142) Large Pages: 0 / 0M, Empty: 0M, Relocated: 0M, In-Place: 0
[2024-07-21T21:27:19.769+0800][14.487s][gc,reloc    ] GC(142) Forwarding Usage: 0M
[2024-07-21T21:27:19.769+0800][14.487s][gc,heap     ] GC(142) Min Capacity: 8M(0%)
[2024-07-21T21:27:19.769+0800][14.487s][gc,heap     ] GC(142) Max Capacity: 2048M(100%)
[2024-07-21T21:27:19.769+0800][14.487s][gc,heap     ] GC(142) Soft Max Capacity: 128M(6%)
[2024-07-21T21:27:19.769+0800][14.487s][gc,heap     ] GC(142)                Mark Start          Mark End        Relocate Start      Relocate End           High               Low         
[2024-07-21T21:27:19.769+0800][14.487s][gc,heap     ] GC(142)  Capacity:      256M (12%)         256M (12%)         256M (12%)         256M (12%)         256M (12%)         256M (12%)    
[2024-07-21T21:27:19.769+0800][14.488s][gc,heap     ] GC(142)      Free:     1944M (95%)        1910M (93%)        1944M (95%)        1976M (96%)        1976M (96%)        1910M (93%)    
[2024-07-21T21:27:19.769+0800][14.488s][gc,heap     ] GC(142)      Used:      104M (5%)          138M (7%)          104M (5%)           72M (4%)          138M (7%)           72M (4%)     
[2024-07-21T21:27:19.769+0800][14.488s][gc,heap     ] GC(142)      Live:         -                 7M (0%)            7M (0%)            7M (0%)             -                  -          
[2024-07-21T21:27:19.769+0800][14.488s][gc,heap     ] GC(142) Allocated:         -                34M (2%)           34M (2%)           34M (2%)             -                  -          
[2024-07-21T21:27:19.769+0800][14.488s][gc,heap     ] GC(142)   Garbage:         -                96M (5%)           62M (3%)           30M (1%)             -                  -          
[2024-07-21T21:27:19.769+0800][14.488s][gc,heap     ] GC(142) Reclaimed:         -                  -                34M (2%)           66M (3%)             -                  -          
[2024-07-21T21:27:19.769+0800][14.488s][gc          ] GC(142) Garbage Collection (Allocation Rate) 104M(5%)->72M(4%)
[2024-07-21T21:27:19.859+0800][14.577s][gc,start    ] GC(143) Garbage Collection (Allocation Rate)
[2024-07-21T21:27:19.859+0800][14.577s][gc,task     ] GC(143) Using 2 workers
[2024-07-21T21:27:19.859+0800][14.578s][gc,phases   ] GC(143) Pause Mark Start 0.010ms
[2024-07-21T21:27:19.875+0800][14.593s][gc,phases   ] GC(143) Concurrent Mark 15.425ms
[2024-07-21T21:27:19.875+0800][14.593s][gc,phases   ] GC(143) Pause Mark End 0.011ms
[2024-07-21T21:27:19.875+0800][14.594s][gc,phases   ] GC(143) Concurrent Mark Free 0.002ms
[2024-07-21T21:27:19.876+0800][14.595s][gc,phases   ] GC(143) Concurrent Process Non-Strong References 0.948ms
[2024-07-21T21:27:19.877+0800][14.595s][gc,phases   ] GC(143) Concurrent Reset Relocation Set 0.001ms
[2024-07-21T21:27:19.878+0800][14.596s][gc,phases   ] GC(143) Concurrent Select Relocation Set 1.578ms
[2024-07-21T21:27:19.878+0800][14.597s][gc,phases   ] GC(143) Pause Relocate Start 0.006ms
[2024-07-21T21:27:19.879+0800][14.597s][gc,phases   ] GC(143) Concurrent Relocate 0.236ms
[2024-07-21T21:27:19.879+0800][14.597s][gc,load     ] GC(143) Load: 0.00/0.00/0.00
[2024-07-21T21:27:19.879+0800][14.597s][gc,mmu      ] GC(143) MMU: 2ms/95.0%, 5ms/97.9%, 10ms/98.9%, 20ms/99.5%, 50ms/99.8%, 100ms/99.9%
[2024-07-21T21:27:19.879+0800][14.597s][gc,marking  ] GC(143) Mark: 2 stripe(s), 2 proactive flush(es), 1 terminate flush(es), 0 completion(s), 0 continuation(s) 
[2024-07-21T21:27:19.879+0800][14.597s][gc,marking  ] GC(143) Mark Stack Usage: 32M
[2024-07-21T21:27:19.879+0800][14.597s][gc,nmethod  ] GC(143) NMethods: 473 registered, 0 unregistered
[2024-07-21T21:27:19.879+0800][14.597s][gc,metaspace] GC(143) Metaspace: 1M used, 1M committed, 1032M reserved
[2024-07-21T21:27:19.879+0800][14.597s][gc,ref      ] GC(143) Soft: 93 encountered, 0 discovered, 0 enqueued
[2024-07-21T21:27:19.879+0800][14.597s][gc,ref      ] GC(143) Weak: 131 encountered, 0 discovered, 0 enqueued
[2024-07-21T21:27:19.879+0800][14.597s][gc,ref      ] GC(143) Final: 0 encountered, 0 discovered, 0 enqueued
[2024-07-21T21:27:19.879+0800][14.597s][gc,ref      ] GC(143) Phantom: 184 encountered, 119 discovered, 0 enqueued
[2024-07-21T21:27:19.879+0800][14.597s][gc,reloc    ] GC(143) Small Pages: 4 / 8M, Empty: 2M, Relocated: 0M, In-Place: 0
[2024-07-21T21:27:19.879+0800][14.597s][gc,reloc    ] GC(143) Medium Pages: 4 / 128M, Empty: 64M, Relocated: 1M, In-Place: 0
[2024-07-21T21:27:19.879+0800][14.597s][gc,reloc    ] GC(143) Large Pages: 0 / 0M, Empty: 0M, Relocated: 0M, In-Place: 0
[2024-07-21T21:27:19.879+0800][14.597s][gc,reloc    ] GC(143) Forwarding Usage: 0M
[2024-07-21T21:27:19.879+0800][14.597s][gc,heap     ] GC(143) Min Capacity: 8M(0%)
[2024-07-21T21:27:19.879+0800][14.597s][gc,heap     ] GC(143) Max Capacity: 2048M(100%)
[2024-07-21T21:27:19.879+0800][14.597s][gc,heap     ] GC(143) Soft Max Capacity: 128M(6%)
[2024-07-21T21:27:19.879+0800][14.597s][gc,heap     ] GC(143)                Mark Start          Mark End        Relocate Start      Relocate End           High               Low         
[2024-07-21T21:27:19.879+0800][14.597s][gc,heap     ] GC(143)  Capacity:      256M (12%)         256M (12%)         256M (12%)         256M (12%)         256M (12%)         256M (12%)    
[2024-07-21T21:27:19.879+0800][14.597s][gc,heap     ] GC(143)      Free:     1912M (93%)        1878M (92%)        1944M (95%)        1976M (96%)        1976M (96%)        1878M (92%)    
[2024-07-21T21:27:19.879+0800][14.597s][gc,heap     ] GC(143)      Used:      136M (7%)          170M (8%)          104M (5%)           72M (4%)          170M (8%)           72M (4%)     
[2024-07-21T21:27:19.879+0800][14.597s][gc,heap     ] GC(143)      Live:         -                 5M (0%)            5M (0%)            5M (0%)             -                  -          
[2024-07-21T21:27:19.879+0800][14.597s][gc,heap     ] GC(143) Allocated:         -                34M (2%)           34M (2%)           34M (2%)             -                  -          
[2024-07-21T21:27:19.879+0800][14.597s][gc,heap     ] GC(143)   Garbage:         -               130M (6%)           64M (3%)           32M (2%)             -                  -          
[2024-07-21T21:27:19.879+0800][14.597s][gc,heap     ] GC(143) Reclaimed:         -                  -                66M (3%)           98M (5%)             -                  -          
[2024-07-21T21:27:19.879+0800][14.597s][gc          ] GC(143) Garbage Collection (Allocation Rate) 136M(7%)->72M(4%)
[2024-07-21T21:27:19.954+0800][14.672s][gc,start    ] GC(144) Garbage Collection (Allocation Rate)
[2024-07-21T21:27:19.954+0800][14.672s][gc,task     ] GC(144) Using 2 workers
[2024-07-21T21:27:19.955+0800][14.673s][gc,phases   ] GC(144) Pause Mark Start 0.017ms
[2024-07-21T21:27:19.969+0800][14.687s][gc,phases   ] GC(144) Concurrent Mark 14.595ms
[2024-07-21T21:27:19.969+0800][14.687s][gc,phases   ] GC(144) Pause Mark End 0.012ms
[2024-07-21T21:27:19.969+0800][14.688s][gc,phases   ] GC(144) Concurrent Mark Free 0.001ms
[2024-07-21T21:27:19.971+0800][14.690s][gc,phases   ] GC(144) Concurrent Process Non-Strong References 2.005ms
[2024-07-21T21:27:19.971+0800][14.690s][gc,phases   ] GC(144) Concurrent Reset Relocation Set 0.002ms
[2024-07-21T21:27:19.974+0800][14.692s][gc,phases   ] GC(144) Concurrent Select Relocation Set 2.615ms
[2024-07-21T21:27:19.974+0800][14.693s][gc,phases   ] GC(144) Pause Relocate Start 0.010ms
[2024-07-21T21:27:19.975+0800][14.693s][gc,phases   ] GC(144) Concurrent Relocate 0.518ms
[2024-07-21T21:27:19.975+0800][14.693s][gc,load     ] GC(144) Load: 0.00/0.00/0.00
[2024-07-21T21:27:19.975+0800][14.694s][gc,mmu      ] GC(144) MMU: 2ms/95.0%, 5ms/97.9%, 10ms/98.9%, 20ms/99.5%, 50ms/99.8%, 100ms/99.9%
[2024-07-21T21:27:19.975+0800][14.694s][gc,marking  ] GC(144) Mark: 2 stripe(s), 2 proactive flush(es), 1 terminate flush(es), 0 completion(s), 0 continuation(s) 
[2024-07-21T21:27:19.975+0800][14.694s][gc,marking  ] GC(144) Mark Stack Usage: 32M
[2024-07-21T21:27:19.975+0800][14.694s][gc,nmethod  ] GC(144) NMethods: 473 registered, 0 unregistered
[2024-07-21T21:27:19.975+0800][14.694s][gc,metaspace] GC(144) Metaspace: 1M used, 1M committed, 1032M reserved
[2024-07-21T21:27:19.975+0800][14.694s][gc,ref      ] GC(144) Soft: 93 encountered, 0 discovered, 0 enqueued
[2024-07-21T21:27:19.975+0800][14.694s][gc,ref      ] GC(144) Weak: 131 encountered, 0 discovered, 0 enqueued
[2024-07-21T21:27:19.975+0800][14.694s][gc,ref      ] GC(144) Final: 0 encountered, 0 discovered, 0 enqueued
[2024-07-21T21:27:19.975+0800][14.694s][gc,ref      ] GC(144) Phantom: 184 encountered, 169 discovered, 0 enqueued
[2024-07-21T21:27:19.975+0800][14.694s][gc,reloc    ] GC(144) Small Pages: 4 / 8M, Empty: 2M, Relocated: 0M, In-Place: 0
[2024-07-21T21:27:19.975+0800][14.694s][gc,reloc    ] GC(144) Medium Pages: 3 / 96M, Empty: 32M, Relocated: 1M, In-Place: 0
[2024-07-21T21:27:19.975+0800][14.694s][gc,reloc    ] GC(144) Large Pages: 0 / 0M, Empty: 0M, Relocated: 0M, In-Place: 0
[2024-07-21T21:27:19.975+0800][14.694s][gc,reloc    ] GC(144) Forwarding Usage: 0M
[2024-07-21T21:27:19.975+0800][14.694s][gc,heap     ] GC(144) Min Capacity: 8M(0%)
[2024-07-21T21:27:19.975+0800][14.694s][gc,heap     ] GC(144) Max Capacity: 2048M(100%)
[2024-07-21T21:27:19.975+0800][14.694s][gc,heap     ] GC(144) Soft Max Capacity: 128M(6%)
[2024-07-21T21:27:19.975+0800][14.694s][gc,heap     ] GC(144)                Mark Start          Mark End        Relocate Start      Relocate End           High               Low         
[2024-07-21T21:27:19.975+0800][14.694s][gc,heap     ] GC(144)  Capacity:      256M (12%)         256M (12%)         256M (12%)         256M (12%)         256M (12%)         256M (12%)    
[2024-07-21T21:27:19.975+0800][14.694s][gc,heap     ] GC(144)      Free:     1944M (95%)        1910M (93%)        1944M (95%)        1976M (96%)        1976M (96%)        1910M (93%)    
[2024-07-21T21:27:19.975+0800][14.694s][gc,heap     ] GC(144)      Used:      104M (5%)          138M (7%)          104M (5%)           72M (4%)          138M (7%)           72M (4%)     
[2024-07-21T21:27:19.975+0800][14.694s][gc,heap     ] GC(144)      Live:         -                 5M (0%)            5M (0%)            5M (0%)             -                  -          
[2024-07-21T21:27:19.975+0800][14.694s][gc,heap     ] GC(144) Allocated:         -                34M (2%)           34M (2%)           34M (2%)             -                  -          
[2024-07-21T21:27:19.975+0800][14.694s][gc,heap     ] GC(144)   Garbage:         -                98M (5%)           64M (3%)           32M (2%)             -                  -          
[2024-07-21T21:27:19.975+0800][14.694s][gc,heap     ] GC(144) Reclaimed:         -                  -                34M (2%)           66M (3%)             -                  -          
[2024-07-21T21:27:19.975+0800][14.694s][gc          ] GC(144) Garbage Collection (Allocation Rate) 104M(5%)->72M(4%)
[2024-07-21T21:27:20.048+0800][14.766s][gc,start    ] GC(145) Garbage Collection (Allocation Rate)
[2024-07-21T21:27:20.048+0800][14.766s][gc,task     ] GC(145) Using 2 workers
[2024-07-21T21:27:20.048+0800][14.766s][gc,phases   ] GC(145) Pause Mark Start 0.014ms
[2024-07-21T21:27:20.064+0800][14.782s][gc,phases   ] GC(145) Concurrent Mark 14.999ms
[2024-07-21T21:27:20.064+0800][14.782s][gc,phases   ] GC(145) Pause Mark End 0.011ms
[2024-07-21T21:27:20.064+0800][14.782s][gc,phases   ] GC(145) Concurrent Mark Free 0.003ms
[2024-07-21T21:27:20.065+0800][14.783s][gc,phases   ] GC(145) Concurrent Process Non-Strong References 0.956ms
[2024-07-21T21:27:20.065+0800][14.783s][gc,phases   ] GC(145) Concurrent Reset Relocation Set 0.001ms
[2024-07-21T21:27:20.067+0800][14.785s][gc,phases   ] GC(145) Concurrent Select Relocation Set 1.819ms
[2024-07-21T21:27:20.067+0800][14.785s][gc,phases   ] GC(145) Pause Relocate Start 0.006ms
[2024-07-21T21:27:20.067+0800][14.786s][gc,phases   ] GC(145) Concurrent Relocate 0.271ms
[2024-07-21T21:27:20.067+0800][14.786s][gc,load     ] GC(145) Load: 0.00/0.00/0.00
[2024-07-21T21:27:20.067+0800][14.786s][gc,mmu      ] GC(145) MMU: 2ms/95.0%, 5ms/97.9%, 10ms/98.9%, 20ms/99.5%, 50ms/99.8%, 100ms/99.9%
[2024-07-21T21:27:20.067+0800][14.786s][gc,marking  ] GC(145) Mark: 2 stripe(s), 2 proactive flush(es), 1 terminate flush(es), 0 completion(s), 0 continuation(s) 
[2024-07-21T21:27:20.067+0800][14.786s][gc,marking  ] GC(145) Mark Stack Usage: 32M
[2024-07-21T21:27:20.067+0800][14.786s][gc,nmethod  ] GC(145) NMethods: 473 registered, 0 unregistered
[2024-07-21T21:27:20.067+0800][14.786s][gc,metaspace] GC(145) Metaspace: 1M used, 1M committed, 1032M reserved
[2024-07-21T21:27:20.067+0800][14.786s][gc,ref      ] GC(145) Soft: 93 encountered, 0 discovered, 0 enqueued
[2024-07-21T21:27:20.067+0800][14.786s][gc,ref      ] GC(145) Weak: 131 encountered, 12 discovered, 0 enqueued
[2024-07-21T21:27:20.067+0800][14.786s][gc,ref      ] GC(145) Final: 0 encountered, 0 discovered, 0 enqueued
[2024-07-21T21:27:20.067+0800][14.786s][gc,ref      ] GC(145) Phantom: 184 encountered, 119 discovered, 0 enqueued
[2024-07-21T21:27:20.067+0800][14.786s][gc,reloc    ] GC(145) Small Pages: 4 / 8M, Empty: 2M, Relocated: 0M, In-Place: 0
[2024-07-21T21:27:20.067+0800][14.786s][gc,reloc    ] GC(145) Medium Pages: 3 / 96M, Empty: 32M, Relocated: 1M, In-Place: 0
[2024-07-21T21:27:20.067+0800][14.786s][gc,reloc    ] GC(145) Large Pages: 0 / 0M, Empty: 0M, Relocated: 0M, In-Place: 0
[2024-07-21T21:27:20.067+0800][14.786s][gc,reloc    ] GC(145) Forwarding Usage: 0M
[2024-07-21T21:27:20.067+0800][14.786s][gc,heap     ] GC(145) Min Capacity: 8M(0%)
[2024-07-21T21:27:20.067+0800][14.786s][gc,heap     ] GC(145) Max Capacity: 2048M(100%)
[2024-07-21T21:27:20.067+0800][14.786s][gc,heap     ] GC(145) Soft Max Capacity: 128M(6%)
[2024-07-21T21:27:20.067+0800][14.786s][gc,heap     ] GC(145)                Mark Start          Mark End        Relocate Start      Relocate End           High               Low         
[2024-07-21T21:27:20.067+0800][14.786s][gc,heap     ] GC(145)  Capacity:      256M (12%)         256M (12%)         256M (12%)         256M (12%)         256M (12%)         256M (12%)    
[2024-07-21T21:27:20.067+0800][14.786s][gc,heap     ] GC(145)      Free:     1944M (95%)        1910M (93%)        1944M (95%)        1976M (96%)        1976M (96%)        1910M (93%)    
[2024-07-21T21:27:20.067+0800][14.786s][gc,heap     ] GC(145)      Used:      104M (5%)          138M (7%)          104M (5%)           72M (4%)          138M (7%)           72M (4%)     
[2024-07-21T21:27:20.067+0800][14.786s][gc,heap     ] GC(145)      Live:         -                 5M (0%)            5M (0%)            5M (0%)             -                  -          
[2024-07-21T21:27:20.067+0800][14.786s][gc,heap     ] GC(145) Allocated:         -                34M (2%)           34M (2%)           34M (2%)             -                  -          
[2024-07-21T21:27:20.067+0800][14.786s][gc,heap     ] GC(145)   Garbage:         -                98M (5%)           64M (3%)           32M (2%)             -                  -          
[2024-07-21T21:27:20.067+0800][14.786s][gc,heap     ] GC(145) Reclaimed:         -                  -                34M (2%)           66M (3%)             -                  -          
[2024-07-21T21:27:20.067+0800][14.786s][gc          ] GC(145) Garbage Collection (Allocation Rate) 104M(5%)->72M(4%)
[2024-07-21T21:27:20.159+0800][14.877s][gc,start    ] GC(146) Garbage Collection (Allocation Rate)
[2024-07-21T21:27:20.159+0800][14.877s][gc,task     ] GC(146) Using 2 workers
[2024-07-21T21:27:20.159+0800][14.877s][gc,phases   ] GC(146) Pause Mark Start 0.034ms
[2024-07-21T21:27:20.175+0800][14.893s][gc,phases   ] GC(146) Concurrent Mark 15.259ms
[2024-07-21T21:27:20.175+0800][14.893s][gc,phases   ] GC(146) Pause Mark End 0.022ms
[2024-07-21T21:27:20.175+0800][14.893s][gc,phases   ] GC(146) Concurrent Mark Free 0.001ms
[2024-07-21T21:27:20.177+0800][14.895s][gc,phases   ] GC(146) Concurrent Process Non-Strong References 1.501ms
[2024-07-21T21:27:20.177+0800][14.895s][gc,phases   ] GC(146) Concurrent Reset Relocation Set 0.001ms
[2024-07-21T21:27:20.178+0800][14.896s][gc,phases   ] GC(146) Concurrent Select Relocation Set 1.708ms
[2024-07-21T21:27:20.179+0800][14.897s][gc,phases   ] GC(146) Pause Relocate Start 0.006ms
[2024-07-21T21:27:20.180+0800][14.898s][gc,phases   ] GC(146) Concurrent Relocate 1.086ms
[2024-07-21T21:27:20.180+0800][14.898s][gc,load     ] GC(146) Load: 0.00/0.00/0.00
[2024-07-21T21:27:20.180+0800][14.898s][gc,mmu      ] GC(146) MMU: 2ms/95.0%, 5ms/97.9%, 10ms/98.9%, 20ms/99.5%, 50ms/99.8%, 100ms/99.9%
[2024-07-21T21:27:20.180+0800][14.898s][gc,marking  ] GC(146) Mark: 2 stripe(s), 2 proactive flush(es), 1 terminate flush(es), 0 completion(s), 0 continuation(s) 
[2024-07-21T21:27:20.180+0800][14.898s][gc,marking  ] GC(146) Mark Stack Usage: 32M
[2024-07-21T21:27:20.180+0800][14.898s][gc,nmethod  ] GC(146) NMethods: 473 registered, 0 unregistered
[2024-07-21T21:27:20.180+0800][14.898s][gc,metaspace] GC(146) Metaspace: 1M used, 1M committed, 1032M reserved
[2024-07-21T21:27:20.180+0800][14.898s][gc,ref      ] GC(146) Soft: 93 encountered, 0 discovered, 0 enqueued
[2024-07-21T21:27:20.180+0800][14.898s][gc,ref      ] GC(146) Weak: 131 encountered, 14 discovered, 0 enqueued
[2024-07-21T21:27:20.180+0800][14.898s][gc,ref      ] GC(146) Final: 0 encountered, 0 discovered, 0 enqueued
[2024-07-21T21:27:20.180+0800][14.898s][gc,ref      ] GC(146) Phantom: 184 encountered, 119 discovered, 0 enqueued
[2024-07-21T21:27:20.180+0800][14.898s][gc,reloc    ] GC(146) Small Pages: 4 / 8M, Empty: 2M, Relocated: 0M, In-Place: 0
[2024-07-21T21:27:20.180+0800][14.898s][gc,reloc    ] GC(146) Medium Pages: 4 / 128M, Empty: 64M, Relocated: 4M, In-Place: 0
[2024-07-21T21:27:20.180+0800][14.898s][gc,reloc    ] GC(146) Large Pages: 0 / 0M, Empty: 0M, Relocated: 0M, In-Place: 0
[2024-07-21T21:27:20.180+0800][14.898s][gc,reloc    ] GC(146) Forwarding Usage: 0M
[2024-07-21T21:27:20.180+0800][14.898s][gc,heap     ] GC(146) Min Capacity: 8M(0%)
[2024-07-21T21:27:20.180+0800][14.898s][gc,heap     ] GC(146) Max Capacity: 2048M(100%)
[2024-07-21T21:27:20.180+0800][14.898s][gc,heap     ] GC(146) Soft Max Capacity: 128M(6%)
[2024-07-21T21:27:20.180+0800][14.898s][gc,heap     ] GC(146)                Mark Start          Mark End        Relocate Start      Relocate End           High               Low         
[2024-07-21T21:27:20.180+0800][14.898s][gc,heap     ] GC(146)  Capacity:      256M (12%)         256M (12%)         256M (12%)         256M (12%)         256M (12%)         256M (12%)    
[2024-07-21T21:27:20.180+0800][14.898s][gc,heap     ] GC(146)      Free:     1912M (93%)        1878M (92%)        1944M (95%)        1976M (96%)        1976M (96%)        1878M (92%)    
[2024-07-21T21:27:20.180+0800][14.898s][gc,heap     ] GC(146)      Used:      136M (7%)          170M (8%)          104M (5%)           72M (4%)          170M (8%)           72M (4%)     
[2024-07-21T21:27:20.180+0800][14.898s][gc,heap     ] GC(146)      Live:         -                 8M (0%)            8M (0%)            8M (0%)             -                  -          
[2024-07-21T21:27:20.180+0800][14.898s][gc,heap     ] GC(146) Allocated:         -                34M (2%)           34M (2%)           34M (2%)             -                  -          
[2024-07-21T21:27:20.180+0800][14.898s][gc,heap     ] GC(146)   Garbage:         -               127M (6%)           61M (3%)           29M (1%)             -                  -          
[2024-07-21T21:27:20.180+0800][14.898s][gc,heap     ] GC(146) Reclaimed:         -                  -                66M (3%)           98M (5%)             -                  -          
[2024-07-21T21:27:20.180+0800][14.898s][gc          ] GC(146) Garbage Collection (Allocation Rate) 136M(7%)->72M(4%)
[2024-07-21T21:27:20.254+0800][14.972s][gc,start    ] GC(147) Garbage Collection (Allocation Rate)
[2024-07-21T21:27:20.254+0800][14.972s][gc,task     ] GC(147) Using 2 workers
[2024-07-21T21:27:20.254+0800][14.972s][gc,phases   ] GC(147) Pause Mark Start 0.014ms
[2024-07-21T21:27:20.270+0800][14.988s][gc,phases   ] GC(147) Concurrent Mark 15.140ms
[2024-07-21T21:27:20.270+0800][14.988s][gc,phases   ] GC(147) Pause Mark End 0.009ms
[2024-07-21T21:27:20.270+0800][14.988s][gc,phases   ] GC(147) Concurrent Mark Free 0.001ms
[2024-07-21T21:27:20.271+0800][14.989s][gc,phases   ] GC(147) Concurrent Process Non-Strong References 1.008ms
[2024-07-21T21:27:20.271+0800][14.989s][gc,phases   ] GC(147) Concurrent Reset Relocation Set 0.001ms
[2024-07-21T21:27:20.273+0800][14.991s][gc,phases   ] GC(147) Concurrent Select Relocation Set 1.814ms
[2024-07-21T21:27:20.273+0800][14.991s][gc,phases   ] GC(147) Pause Relocate Start 0.005ms
[2024-07-21T21:27:20.274+0800][14.992s][gc,phases   ] GC(147) Concurrent Relocate 0.531ms
[2024-07-21T21:27:20.274+0800][14.992s][gc,load     ] GC(147) Load: 0.00/0.00/0.00
[2024-07-21T21:27:20.274+0800][14.992s][gc,mmu      ] GC(147) MMU: 2ms/95.0%, 5ms/97.9%, 10ms/98.9%, 20ms/99.5%, 50ms/99.8%, 100ms/99.9%
[2024-07-21T21:27:20.274+0800][14.992s][gc,marking  ] GC(147) Mark: 2 stripe(s), 2 proactive flush(es), 1 terminate flush(es), 0 completion(s), 0 continuation(s) 
[2024-07-21T21:27:20.274+0800][14.992s][gc,marking  ] GC(147) Mark Stack Usage: 32M
[2024-07-21T21:27:20.274+0800][14.992s][gc,nmethod  ] GC(147) NMethods: 473 registered, 0 unregistered
[2024-07-21T21:27:20.274+0800][14.992s][gc,metaspace] GC(147) Metaspace: 1M used, 1M committed, 1032M reserved
[2024-07-21T21:27:20.274+0800][14.992s][gc,ref      ] GC(147) Soft: 93 encountered, 0 discovered, 0 enqueued
[2024-07-21T21:27:20.274+0800][14.992s][gc,ref      ] GC(147) Weak: 131 encountered, 81 discovered, 0 enqueued
[2024-07-21T21:27:20.274+0800][14.992s][gc,ref      ] GC(147) Final: 0 encountered, 0 discovered, 0 enqueued
[2024-07-21T21:27:20.274+0800][14.992s][gc,ref      ] GC(147) Phantom: 184 encountered, 172 discovered, 0 enqueued
[2024-07-21T21:27:20.274+0800][14.992s][gc,reloc    ] GC(147) Small Pages: 4 / 8M, Empty: 2M, Relocated: 0M, In-Place: 0
[2024-07-21T21:27:20.274+0800][14.992s][gc,reloc    ] GC(147) Medium Pages: 3 / 96M, Empty: 32M, Relocated: 3M, In-Place: 0
[2024-07-21T21:27:20.274+0800][14.992s][gc,reloc    ] GC(147) Large Pages: 0 / 0M, Empty: 0M, Relocated: 0M, In-Place: 0
[2024-07-21T21:27:20.274+0800][14.992s][gc,reloc    ] GC(147) Forwarding Usage: 0M
[2024-07-21T21:27:20.274+0800][14.992s][gc,heap     ] GC(147) Min Capacity: 8M(0%)
[2024-07-21T21:27:20.274+0800][14.992s][gc,heap     ] GC(147) Max Capacity: 2048M(100%)
[2024-07-21T21:27:20.274+0800][14.992s][gc,heap     ] GC(147) Soft Max Capacity: 128M(6%)
[2024-07-21T21:27:20.274+0800][14.992s][gc,heap     ] GC(147)                Mark Start          Mark End        Relocate Start      Relocate End           High               Low         
[2024-07-21T21:27:20.274+0800][14.992s][gc,heap     ] GC(147)  Capacity:      256M (12%)         256M (12%)         256M (12%)         256M (12%)         256M (12%)         256M (12%)    
[2024-07-21T21:27:20.274+0800][14.992s][gc,heap     ] GC(147)      Free:     1944M (95%)        1910M (93%)        1944M (95%)        1976M (96%)        1976M (96%)        1910M (93%)    
[2024-07-21T21:27:20.274+0800][14.992s][gc,heap     ] GC(147)      Used:      104M (5%)          138M (7%)          104M (5%)           72M (4%)          138M (7%)           72M (4%)     
[2024-07-21T21:27:20.274+0800][14.992s][gc,heap     ] GC(147)      Live:         -                 7M (0%)            7M (0%)            7M (0%)             -                  -          
[2024-07-21T21:27:20.274+0800][14.992s][gc,heap     ] GC(147) Allocated:         -                34M (2%)           34M (2%)           34M (2%)             -                  -          
[2024-07-21T21:27:20.274+0800][14.992s][gc,heap     ] GC(147)   Garbage:         -                96M (5%)           62M (3%)           30M (1%)             -                  -          
[2024-07-21T21:27:20.274+0800][14.992s][gc,heap     ] GC(147) Reclaimed:         -                  -                34M (2%)           66M (3%)             -                  -          
[2024-07-21T21:27:20.274+0800][14.992s][gc          ] GC(147) Garbage Collection (Allocation Rate) 104M(5%)->72M(4%)
[2024-07-21T21:27:20.363+0800][15.081s][gc,start    ] GC(148) Garbage Collection (Allocation Rate)
[2024-07-21T21:27:20.363+0800][15.081s][gc,task     ] GC(148) Using 2 workers
[2024-07-21T21:27:20.363+0800][15.081s][gc,phases   ] GC(148) Pause Mark Start 0.009ms
[2024-07-21T21:27:20.378+0800][15.096s][gc,phases   ] GC(148) Concurrent Mark 14.564ms
[2024-07-21T21:27:20.378+0800][15.096s][gc,phases   ] GC(148) Pause Mark End 0.015ms
[2024-07-21T21:27:20.378+0800][15.096s][gc,phases   ] GC(148) Concurrent Mark Free 0.001ms
[2024-07-21T21:27:20.379+0800][15.097s][gc,phases   ] GC(148) Concurrent Process Non-Strong References 1.109ms
[2024-07-21T21:27:20.379+0800][15.097s][gc,phases   ] GC(148) Concurrent Reset Relocation Set 0.001ms
[2024-07-21T21:27:20.382+0800][15.100s][gc,phases   ] GC(148) Concurrent Select Relocation Set 2.166ms
[2024-07-21T21:27:20.382+0800][15.100s][gc,phases   ] GC(148) Pause Relocate Start 0.008ms
[2024-07-21T21:27:20.382+0800][15.100s][gc,phases   ] GC(148) Concurrent Relocate 0.249ms
[2024-07-21T21:27:20.382+0800][15.100s][gc,load     ] GC(148) Load: 0.00/0.00/0.00
[2024-07-21T21:27:20.382+0800][15.100s][gc,mmu      ] GC(148) MMU: 2ms/95.0%, 5ms/97.9%, 10ms/98.9%, 20ms/99.5%, 50ms/99.8%, 100ms/99.9%
[2024-07-21T21:27:20.382+0800][15.100s][gc,marking  ] GC(148) Mark: 2 stripe(s), 2 proactive flush(es), 1 terminate flush(es), 0 completion(s), 0 continuation(s) 
[2024-07-21T21:27:20.382+0800][15.100s][gc,marking  ] GC(148) Mark Stack Usage: 32M
[2024-07-21T21:27:20.382+0800][15.100s][gc,nmethod  ] GC(148) NMethods: 473 registered, 0 unregistered
[2024-07-21T21:27:20.382+0800][15.100s][gc,metaspace] GC(148) Metaspace: 1M used, 1M committed, 1032M reserved
[2024-07-21T21:27:20.382+0800][15.100s][gc,ref      ] GC(148) Soft: 93 encountered, 0 discovered, 0 enqueued
[2024-07-21T21:27:20.382+0800][15.100s][gc,ref      ] GC(148) Weak: 131 encountered, 11 discovered, 0 enqueued
[2024-07-21T21:27:20.382+0800][15.100s][gc,ref      ] GC(148) Final: 0 encountered, 0 discovered, 0 enqueued
[2024-07-21T21:27:20.382+0800][15.100s][gc,ref      ] GC(148) Phantom: 184 encountered, 119 discovered, 0 enqueued
[2024-07-21T21:27:20.382+0800][15.100s][gc,reloc    ] GC(148) Small Pages: 4 / 8M, Empty: 2M, Relocated: 0M, In-Place: 0
[2024-07-21T21:27:20.382+0800][15.100s][gc,reloc    ] GC(148) Medium Pages: 4 / 128M, Empty: 64M, Relocated: 1M, In-Place: 0
[2024-07-21T21:27:20.382+0800][15.100s][gc,reloc    ] GC(148) Large Pages: 0 / 0M, Empty: 0M, Relocated: 0M, In-Place: 0
[2024-07-21T21:27:20.382+0800][15.100s][gc,reloc    ] GC(148) Forwarding Usage: 0M
[2024-07-21T21:27:20.382+0800][15.100s][gc,heap     ] GC(148) Min Capacity: 8M(0%)
[2024-07-21T21:27:20.382+0800][15.100s][gc,heap     ] GC(148) Max Capacity: 2048M(100%)
[2024-07-21T21:27:20.382+0800][15.100s][gc,heap     ] GC(148) Soft Max Capacity: 128M(6%)
[2024-07-21T21:27:20.382+0800][15.100s][gc,heap     ] GC(148)                Mark Start          Mark End        Relocate Start      Relocate End           High               Low         
[2024-07-21T21:27:20.382+0800][15.100s][gc,heap     ] GC(148)  Capacity:      256M (12%)         256M (12%)         256M (12%)         256M (12%)         256M (12%)         256M (12%)    
[2024-07-21T21:27:20.382+0800][15.100s][gc,heap     ] GC(148)      Free:     1912M (93%)        1878M (92%)        1944M (95%)        1976M (96%)        1976M (96%)        1878M (92%)    
[2024-07-21T21:27:20.382+0800][15.100s][gc,heap     ] GC(148)      Used:      136M (7%)          170M (8%)          104M (5%)           72M (4%)          170M (8%)           72M (4%)     
[2024-07-21T21:27:20.383+0800][15.101s][gc,heap     ] GC(148)      Live:         -                 5M (0%)            5M (0%)            5M (0%)             -                  -          
[2024-07-21T21:27:20.383+0800][15.101s][gc,heap     ] GC(148) Allocated:         -                34M (2%)           34M (2%)           34M (2%)             -                  -          
[2024-07-21T21:27:20.383+0800][15.101s][gc,heap     ] GC(148)   Garbage:         -               130M (6%)           64M (3%)           32M (2%)             -                  -          
[2024-07-21T21:27:20.383+0800][15.101s][gc,heap     ] GC(148) Reclaimed:         -                  -                66M (3%)           98M (5%)             -                  -          
[2024-07-21T21:27:20.383+0800][15.101s][gc          ] GC(148) Garbage Collection (Allocation Rate) 136M(7%)->72M(4%)
[2024-07-21T21:27:20.457+0800][15.175s][gc,start    ] GC(149) Garbage Collection (Allocation Rate)
[2024-07-21T21:27:20.457+0800][15.175s][gc,task     ] GC(149) Using 2 workers
[2024-07-21T21:27:20.458+0800][15.176s][gc,phases   ] GC(149) Pause Mark Start 0.016ms
[2024-07-21T21:27:20.473+0800][15.191s][gc,phases   ] GC(149) Concurrent Mark 15.252ms
[2024-07-21T21:27:20.473+0800][15.191s][gc,phases   ] GC(149) Pause Mark End 0.011ms
[2024-07-21T21:27:20.474+0800][15.191s][gc,phases   ] GC(149) Concurrent Mark Free 0.002ms
[2024-07-21T21:27:20.474+0800][15.192s][gc,phases   ] GC(149) Concurrent Process Non-Strong References 0.888ms
[2024-07-21T21:27:20.475+0800][15.192s][gc,phases   ] GC(149) Concurrent Reset Relocation Set 0.001ms
[2024-07-21T21:27:20.476+0800][15.194s][gc,phases   ] GC(149) Concurrent Select Relocation Set 1.599ms
[2024-07-21T21:27:20.476+0800][15.194s][gc,phases   ] GC(149) Pause Relocate Start 0.006ms
[2024-07-21T21:27:20.477+0800][15.195s][gc,phases   ] GC(149) Concurrent Relocate 0.238ms
[2024-07-21T21:27:20.477+0800][15.195s][gc,load     ] GC(149) Load: 0.00/0.00/0.00
[2024-07-21T21:27:20.477+0800][15.195s][gc,mmu      ] GC(149) MMU: 2ms/95.0%, 5ms/97.9%, 10ms/98.9%, 20ms/99.5%, 50ms/99.8%, 100ms/99.9%
[2024-07-21T21:27:20.477+0800][15.195s][gc,marking  ] GC(149) Mark: 2 stripe(s), 2 proactive flush(es), 1 terminate flush(es), 0 completion(s), 0 continuation(s) 
[2024-07-21T21:27:20.477+0800][15.195s][gc,marking  ] GC(149) Mark Stack Usage: 32M
[2024-07-21T21:27:20.477+0800][15.195s][gc,nmethod  ] GC(149) NMethods: 473 registered, 0 unregistered
[2024-07-21T21:27:20.477+0800][15.195s][gc,metaspace] GC(149) Metaspace: 1M used, 1M committed, 1032M reserved
[2024-07-21T21:27:20.477+0800][15.195s][gc,ref      ] GC(149) Soft: 93 encountered, 0 discovered, 0 enqueued
[2024-07-21T21:27:20.477+0800][15.195s][gc,ref      ] GC(149) Weak: 131 encountered, 0 discovered, 0 enqueued
[2024-07-21T21:27:20.477+0800][15.195s][gc,ref      ] GC(149) Final: 0 encountered, 0 discovered, 0 enqueued
[2024-07-21T21:27:20.477+0800][15.195s][gc,ref      ] GC(149) Phantom: 184 encountered, 119 discovered, 0 enqueued
[2024-07-21T21:27:20.477+0800][15.195s][gc,reloc    ] GC(149) Small Pages: 4 / 8M, Empty: 2M, Relocated: 0M, In-Place: 0
[2024-07-21T21:27:20.477+0800][15.195s][gc,reloc    ] GC(149) Medium Pages: 3 / 96M, Empty: 32M, Relocated: 1M, In-Place: 0
[2024-07-21T21:27:20.477+0800][15.195s][gc,reloc    ] GC(149) Large Pages: 0 / 0M, Empty: 0M, Relocated: 0M, In-Place: 0
[2024-07-21T21:27:20.477+0800][15.195s][gc,reloc    ] GC(149) Forwarding Usage: 0M
[2024-07-21T21:27:20.477+0800][15.195s][gc,heap     ] GC(149) Min Capacity: 8M(0%)
[2024-07-21T21:27:20.477+0800][15.195s][gc,heap     ] GC(149) Max Capacity: 2048M(100%)
[2024-07-21T21:27:20.477+0800][15.195s][gc,heap     ] GC(149) Soft Max Capacity: 128M(6%)
[2024-07-21T21:27:20.477+0800][15.195s][gc,heap     ] GC(149)                Mark Start          Mark End        Relocate Start      Relocate End           High               Low         
[2024-07-21T21:27:20.477+0800][15.195s][gc,heap     ] GC(149)  Capacity:      256M (12%)         256M (12%)         256M (12%)         256M (12%)         256M (12%)         256M (12%)    
[2024-07-21T21:27:20.477+0800][15.195s][gc,heap     ] GC(149)      Free:     1944M (95%)        1910M (93%)        1944M (95%)        1976M (96%)        1976M (96%)        1910M (93%)    
[2024-07-21T21:27:20.477+0800][15.195s][gc,heap     ] GC(149)      Used:      104M (5%)          138M (7%)          104M (5%)           72M (4%)          138M (7%)           72M (4%)     
[2024-07-21T21:27:20.477+0800][15.195s][gc,heap     ] GC(149)      Live:         -                 5M (0%)            5M (0%)            5M (0%)             -                  -          
[2024-07-21T21:27:20.477+0800][15.195s][gc,heap     ] GC(149) Allocated:         -                34M (2%)           34M (2%)           34M (2%)             -                  -          
[2024-07-21T21:27:20.477+0800][15.195s][gc,heap     ] GC(149)   Garbage:         -                98M (5%)           64M (3%)           32M (2%)             -                  -          
[2024-07-21T21:27:20.477+0800][15.195s][gc,heap     ] GC(149) Reclaimed:         -                  -                34M (2%)           66M (3%)             -                  -          
[2024-07-21T21:27:20.477+0800][15.195s][gc          ] GC(149) Garbage Collection (Allocation Rate) 104M(5%)->72M(4%)
[2024-07-21T21:27:20.553+0800][15.270s][gc,start    ] GC(150) Garbage Collection (Allocation Rate)
[2024-07-21T21:27:20.553+0800][15.271s][gc,task     ] GC(150) Using 2 workers
[2024-07-21T21:27:20.553+0800][15.271s][gc,phases   ] GC(150) Pause Mark Start 0.010ms
[2024-07-21T21:27:20.569+0800][15.287s][gc,phases   ] GC(150) Concurrent Mark 15.740ms
[2024-07-21T21:27:20.569+0800][15.287s][gc,phases   ] GC(150) Pause Mark End 0.015ms
[2024-07-21T21:27:20.569+0800][15.287s][gc,phases   ] GC(150) Concurrent Mark Free 0.001ms
[2024-07-21T21:27:20.570+0800][15.288s][gc,phases   ] GC(150) Concurrent Process Non-Strong References 1.153ms
[2024-07-21T21:27:20.570+0800][15.288s][gc,phases   ] GC(150) Concurrent Reset Relocation Set 0.001ms
[2024-07-21T21:27:20.572+0800][15.291s][gc,phases   ] GC(150) Concurrent Select Relocation Set 2.754ms
[2024-07-21T21:27:20.573+0800][15.291s][gc,phases   ] GC(150) Pause Relocate Start 0.007ms
[2024-07-21T21:27:20.573+0800][15.292s][gc,phases   ] GC(150) Concurrent Relocate 0.269ms
[2024-07-21T21:27:20.573+0800][15.292s][gc,load     ] GC(150) Load: 0.00/0.00/0.00
[2024-07-21T21:27:20.573+0800][15.292s][gc,mmu      ] GC(150) MMU: 2ms/95.0%, 5ms/97.9%, 10ms/98.9%, 20ms/99.5%, 50ms/99.8%, 100ms/99.9%
[2024-07-21T21:27:20.573+0800][15.292s][gc,marking  ] GC(150) Mark: 2 stripe(s), 2 proactive flush(es), 1 terminate flush(es), 0 completion(s), 0 continuation(s) 
[2024-07-21T21:27:20.573+0800][15.292s][gc,marking  ] GC(150) Mark Stack Usage: 32M
[2024-07-21T21:27:20.573+0800][15.292s][gc,nmethod  ] GC(150) NMethods: 473 registered, 0 unregistered
[2024-07-21T21:27:20.573+0800][15.292s][gc,metaspace] GC(150) Metaspace: 1M used, 1M committed, 1032M reserved
[2024-07-21T21:27:20.573+0800][15.292s][gc,ref      ] GC(150) Soft: 93 encountered, 0 discovered, 0 enqueued
[2024-07-21T21:27:20.573+0800][15.292s][gc,ref      ] GC(150) Weak: 131 encountered, 14 discovered, 0 enqueued
[2024-07-21T21:27:20.573+0800][15.292s][gc,ref      ] GC(150) Final: 0 encountered, 0 discovered, 0 enqueued
[2024-07-21T21:27:20.573+0800][15.292s][gc,ref      ] GC(150) Phantom: 184 encountered, 119 discovered, 0 enqueued
[2024-07-21T21:27:20.573+0800][15.292s][gc,reloc    ] GC(150) Small Pages: 4 / 8M, Empty: 2M, Relocated: 0M, In-Place: 0
[2024-07-21T21:27:20.573+0800][15.292s][gc,reloc    ] GC(150) Medium Pages: 3 / 96M, Empty: 32M, Relocated: 1M, In-Place: 0
[2024-07-21T21:27:20.573+0800][15.292s][gc,reloc    ] GC(150) Large Pages: 0 / 0M, Empty: 0M, Relocated: 0M, In-Place: 0
[2024-07-21T21:27:20.573+0800][15.292s][gc,reloc    ] GC(150) Forwarding Usage: 0M
[2024-07-21T21:27:20.573+0800][15.292s][gc,heap     ] GC(150) Min Capacity: 8M(0%)
[2024-07-21T21:27:20.573+0800][15.292s][gc,heap     ] GC(150) Max Capacity: 2048M(100%)
[2024-07-21T21:27:20.573+0800][15.292s][gc,heap     ] GC(150) Soft Max Capacity: 128M(6%)
[2024-07-21T21:27:20.573+0800][15.292s][gc,heap     ] GC(150)                Mark Start          Mark End        Relocate Start      Relocate End           High               Low         
[2024-07-21T21:27:20.573+0800][15.292s][gc,heap     ] GC(150)  Capacity:      256M (12%)         256M (12%)         256M (12%)         256M (12%)         256M (12%)         256M (12%)    
[2024-07-21T21:27:20.573+0800][15.292s][gc,heap     ] GC(150)      Free:     1944M (95%)        1910M (93%)        1944M (95%)        1976M (96%)        1976M (96%)        1910M (93%)    
[2024-07-21T21:27:20.573+0800][15.292s][gc,heap     ] GC(150)      Used:      104M (5%)          138M (7%)          104M (5%)           72M (4%)          138M (7%)           72M (4%)     
[2024-07-21T21:27:20.573+0800][15.292s][gc,heap     ] GC(150)      Live:         -                 5M (0%)            5M (0%)            5M (0%)             -                  -          
[2024-07-21T21:27:20.573+0800][15.292s][gc,heap     ] GC(150) Allocated:         -                34M (2%)           34M (2%)           34M (2%)             -                  -          
[2024-07-21T21:27:20.573+0800][15.292s][gc,heap     ] GC(150)   Garbage:         -                98M (5%)           64M (3%)           32M (2%)             -                  -          
[2024-07-21T21:27:20.573+0800][15.292s][gc,heap     ] GC(150) Reclaimed:         -                  -                34M (2%)           66M (3%)             -                  -          
[2024-07-21T21:27:20.573+0800][15.292s][gc          ] GC(150) Garbage Collection (Allocation Rate) 104M(5%)->72M(4%)
[2024-07-21T21:27:20.663+0800][15.381s][gc,start    ] GC(151) Garbage Collection (Allocation Rate)
[2024-07-21T21:27:20.663+0800][15.381s][gc,task     ] GC(151) Using 2 workers
[2024-07-21T21:27:20.663+0800][15.381s][gc,phases   ] GC(151) Pause Mark Start 0.020ms
[2024-07-21T21:27:20.679+0800][15.397s][gc,phases   ] GC(151) Concurrent Mark 15.310ms
[2024-07-21T21:27:20.679+0800][15.397s][gc,phases   ] GC(151) Pause Mark End 0.012ms
[2024-07-21T21:27:20.679+0800][15.397s][gc,phases   ] GC(151) Concurrent Mark Free 0.002ms
[2024-07-21T21:27:20.679+0800][15.398s][gc,phases   ] GC(151) Concurrent Process Non-Strong References 0.976ms
[2024-07-21T21:27:20.680+0800][15.398s][gc,phases   ] GC(151) Concurrent Reset Relocation Set 0.001ms
[2024-07-21T21:27:20.681+0800][15.400s][gc,phases   ] GC(151) Concurrent Select Relocation Set 1.635ms
[2024-07-21T21:27:20.681+0800][15.400s][gc,phases   ] GC(151) Pause Relocate Start 0.006ms
[2024-07-21T21:27:20.682+0800][15.401s][gc,phases   ] GC(151) Concurrent Relocate 0.611ms
[2024-07-21T21:27:20.682+0800][15.401s][gc,load     ] GC(151) Load: 0.00/0.00/0.00
[2024-07-21T21:27:20.682+0800][15.401s][gc,mmu      ] GC(151) MMU: 2ms/95.0%, 5ms/97.9%, 10ms/98.9%, 20ms/99.5%, 50ms/99.8%, 100ms/99.9%
[2024-07-21T21:27:20.682+0800][15.401s][gc,marking  ] GC(151) Mark: 2 stripe(s), 2 proactive flush(es), 1 terminate flush(es), 0 completion(s), 0 continuation(s) 
[2024-07-21T21:27:20.682+0800][15.401s][gc,marking  ] GC(151) Mark Stack Usage: 32M
[2024-07-21T21:27:20.682+0800][15.401s][gc,nmethod  ] GC(151) NMethods: 473 registered, 0 unregistered
[2024-07-21T21:27:20.682+0800][15.401s][gc,metaspace] GC(151) Metaspace: 1M used, 1M committed, 1032M reserved
[2024-07-21T21:27:20.682+0800][15.401s][gc,ref      ] GC(151) Soft: 93 encountered, 0 discovered, 0 enqueued
[2024-07-21T21:27:20.682+0800][15.401s][gc,ref      ] GC(151) Weak: 131 encountered, 0 discovered, 0 enqueued
[2024-07-21T21:27:20.682+0800][15.401s][gc,ref      ] GC(151) Final: 0 encountered, 0 discovered, 0 enqueued
[2024-07-21T21:27:20.682+0800][15.401s][gc,ref      ] GC(151) Phantom: 184 encountered, 119 discovered, 0 enqueued
[2024-07-21T21:27:20.682+0800][15.401s][gc,reloc    ] GC(151) Small Pages: 4 / 8M, Empty: 2M, Relocated: 0M, In-Place: 0
[2024-07-21T21:27:20.682+0800][15.401s][gc,reloc    ] GC(151) Medium Pages: 4 / 128M, Empty: 64M, Relocated: 4M, In-Place: 0
[2024-07-21T21:27:20.682+0800][15.401s][gc,reloc    ] GC(151) Large Pages: 0 / 0M, Empty: 0M, Relocated: 0M, In-Place: 0
[2024-07-21T21:27:20.682+0800][15.401s][gc,reloc    ] GC(151) Forwarding Usage: 0M
[2024-07-21T21:27:20.682+0800][15.401s][gc,heap     ] GC(151) Min Capacity: 8M(0%)
[2024-07-21T21:27:20.682+0800][15.401s][gc,heap     ] GC(151) Max Capacity: 2048M(100%)
[2024-07-21T21:27:20.682+0800][15.401s][gc,heap     ] GC(151) Soft Max Capacity: 128M(6%)
[2024-07-21T21:27:20.682+0800][15.401s][gc,heap     ] GC(151)                Mark Start          Mark End        Relocate Start      Relocate End           High               Low         
[2024-07-21T21:27:20.682+0800][15.401s][gc,heap     ] GC(151)  Capacity:      256M (12%)         256M (12%)         256M (12%)         256M (12%)         256M (12%)         256M (12%)    
[2024-07-21T21:27:20.682+0800][15.401s][gc,heap     ] GC(151)      Free:     1912M (93%)        1878M (92%)        1944M (95%)        1976M (96%)        1976M (96%)        1878M (92%)    
[2024-07-21T21:27:20.682+0800][15.401s][gc,heap     ] GC(151)      Used:      136M (7%)          170M (8%)          104M (5%)           72M (4%)          170M (8%)           72M (4%)     
[2024-07-21T21:27:20.682+0800][15.401s][gc,heap     ] GC(151)      Live:         -                 8M (0%)            8M (0%)            8M (0%)             -                  -          
[2024-07-21T21:27:20.682+0800][15.401s][gc,heap     ] GC(151) Allocated:         -                34M (2%)           34M (2%)           34M (2%)             -                  -          
[2024-07-21T21:27:20.682+0800][15.401s][gc,heap     ] GC(151)   Garbage:         -               127M (6%)           61M (3%)           29M (1%)             -                  -          
[2024-07-21T21:27:20.682+0800][15.401s][gc,heap     ] GC(151) Reclaimed:         -                  -                66M (3%)           98M (5%)             -                  -          
[2024-07-21T21:27:20.682+0800][15.401s][gc          ] GC(151) Garbage Collection (Allocation Rate) 136M(7%)->72M(4%)
[2024-07-21T21:27:20.758+0800][15.477s][gc,start    ] GC(152) Garbage Collection (Allocation Rate)
[2024-07-21T21:27:20.758+0800][15.477s][gc,task     ] GC(152) Using 2 workers
[2024-07-21T21:27:20.758+0800][15.477s][gc,phases   ] GC(152) Pause Mark Start 0.016ms
[2024-07-21T21:27:20.774+0800][15.492s][gc,phases   ] GC(152) Concurrent Mark 14.833ms
[2024-07-21T21:27:20.774+0800][15.492s][gc,phases   ] GC(152) Pause Mark End 0.020ms
[2024-07-21T21:27:20.774+0800][15.492s][gc,phases   ] GC(152) Concurrent Mark Free 0.003ms
[2024-07-21T21:27:20.776+0800][15.493s][gc,phases   ] GC(152) Concurrent Process Non-Strong References 1.044ms
[2024-07-21T21:27:20.776+0800][15.494s][gc,phases   ] GC(152) Concurrent Reset Relocation Set 0.002ms
[2024-07-21T21:27:20.778+0800][15.496s][gc,phases   ] GC(152) Concurrent Select Relocation Set 2.311ms
[2024-07-21T21:27:20.778+0800][15.496s][gc,phases   ] GC(152) Pause Relocate Start 0.023ms
[2024-07-21T21:27:20.779+0800][15.497s][gc,phases   ] GC(152) Concurrent Relocate 0.727ms
[2024-07-21T21:27:20.779+0800][15.497s][gc,load     ] GC(152) Load: 0.00/0.00/0.00
[2024-07-21T21:27:20.779+0800][15.497s][gc,mmu      ] GC(152) MMU: 2ms/95.0%, 5ms/97.9%, 10ms/98.9%, 20ms/99.5%, 50ms/99.8%, 100ms/99.9%
[2024-07-21T21:27:20.779+0800][15.497s][gc,marking  ] GC(152) Mark: 2 stripe(s), 2 proactive flush(es), 1 terminate flush(es), 0 completion(s), 0 continuation(s) 
[2024-07-21T21:27:20.779+0800][15.497s][gc,marking  ] GC(152) Mark Stack Usage: 32M
[2024-07-21T21:27:20.779+0800][15.497s][gc,nmethod  ] GC(152) NMethods: 473 registered, 0 unregistered
[2024-07-21T21:27:20.779+0800][15.497s][gc,metaspace] GC(152) Metaspace: 1M used, 1M committed, 1032M reserved
[2024-07-21T21:27:20.779+0800][15.497s][gc,ref      ] GC(152) Soft: 93 encountered, 0 discovered, 0 enqueued
[2024-07-21T21:27:20.779+0800][15.497s][gc,ref      ] GC(152) Weak: 131 encountered, 0 discovered, 0 enqueued
[2024-07-21T21:27:20.779+0800][15.497s][gc,ref      ] GC(152) Final: 0 encountered, 0 discovered, 0 enqueued
[2024-07-21T21:27:20.779+0800][15.497s][gc,ref      ] GC(152) Phantom: 184 encountered, 142 discovered, 0 enqueued
[2024-07-21T21:27:20.779+0800][15.497s][gc,reloc    ] GC(152) Small Pages: 4 / 8M, Empty: 2M, Relocated: 0M, In-Place: 0
[2024-07-21T21:27:20.779+0800][15.497s][gc,reloc    ] GC(152) Medium Pages: 3 / 96M, Empty: 32M, Relocated: 3M, In-Place: 0
[2024-07-21T21:27:20.779+0800][15.497s][gc,reloc    ] GC(152) Large Pages: 0 / 0M, Empty: 0M, Relocated: 0M, In-Place: 0
[2024-07-21T21:27:20.779+0800][15.497s][gc,reloc    ] GC(152) Forwarding Usage: 0M
[2024-07-21T21:27:20.779+0800][15.497s][gc,heap     ] GC(152) Min Capacity: 8M(0%)
[2024-07-21T21:27:20.779+0800][15.497s][gc,heap     ] GC(152) Max Capacity: 2048M(100%)
[2024-07-21T21:27:20.779+0800][15.497s][gc,heap     ] GC(152) Soft Max Capacity: 128M(6%)
[2024-07-21T21:27:20.779+0800][15.497s][gc,heap     ] GC(152)                Mark Start          Mark End        Relocate Start      Relocate End           High               Low         
[2024-07-21T21:27:20.779+0800][15.497s][gc,heap     ] GC(152)  Capacity:      256M (12%)         256M (12%)         256M (12%)         256M (12%)         256M (12%)         256M (12%)    
[2024-07-21T21:27:20.779+0800][15.497s][gc,heap     ] GC(152)      Free:     1944M (95%)        1910M (93%)        1944M (95%)        1976M (96%)        1976M (96%)        1910M (93%)    
[2024-07-21T21:27:20.779+0800][15.497s][gc,heap     ] GC(152)      Used:      104M (5%)          138M (7%)          104M (5%)           72M (4%)          138M (7%)           72M (4%)     
[2024-07-21T21:27:20.779+0800][15.497s][gc,heap     ] GC(152)      Live:         -                 7M (0%)            7M (0%)            7M (0%)             -                  -          
[2024-07-21T21:27:20.779+0800][15.497s][gc,heap     ] GC(152) Allocated:         -                34M (2%)           34M (2%)           34M (2%)             -                  -          
[2024-07-21T21:27:20.779+0800][15.497s][gc,heap     ] GC(152)   Garbage:         -                96M (5%)           62M (3%)           30M (1%)             -                  -          
[2024-07-21T21:27:20.779+0800][15.497s][gc,heap     ] GC(152) Reclaimed:         -                  -                34M (2%)           66M (3%)             -                  -          
[2024-07-21T21:27:20.780+0800][15.497s][gc          ] GC(152) Garbage Collection (Allocation Rate) 104M(5%)->72M(4%)
[2024-07-21T21:27:20.854+0800][15.572s][gc,start    ] GC(153) Garbage Collection (Allocation Rate)
[2024-07-21T21:27:20.854+0800][15.572s][gc,task     ] GC(153) Using 2 workers
[2024-07-21T21:27:20.854+0800][15.573s][gc,phases   ] GC(153) Pause Mark Start 0.006ms
[2024-07-21T21:27:20.870+0800][15.588s][gc,phases   ] GC(153) Concurrent Mark 15.710ms
[2024-07-21T21:27:20.870+0800][15.589s][gc,phases   ] GC(153) Pause Mark End 0.011ms
[2024-07-21T21:27:20.871+0800][15.589s][gc,phases   ] GC(153) Concurrent Mark Free 0.002ms
[2024-07-21T21:27:20.872+0800][15.590s][gc,phases   ] GC(153) Concurrent Process Non-Strong References 0.969ms
[2024-07-21T21:27:20.872+0800][15.590s][gc,phases   ] GC(153) Concurrent Reset Relocation Set 0.001ms
[2024-07-21T21:27:20.874+0800][15.592s][gc,phases   ] GC(153) Concurrent Select Relocation Set 1.929ms
[2024-07-21T21:27:20.874+0800][15.592s][gc,phases   ] GC(153) Pause Relocate Start 0.006ms
[2024-07-21T21:27:20.874+0800][15.593s][gc,phases   ] GC(153) Concurrent Relocate 0.520ms
[2024-07-21T21:27:20.874+0800][15.593s][gc,load     ] GC(153) Load: 0.00/0.00/0.00
[2024-07-21T21:27:20.874+0800][15.593s][gc,mmu      ] GC(153) MMU: 2ms/95.0%, 5ms/97.9%, 10ms/98.9%, 20ms/99.5%, 50ms/99.8%, 100ms/99.9%
[2024-07-21T21:27:20.874+0800][15.593s][gc,marking  ] GC(153) Mark: 2 stripe(s), 2 proactive flush(es), 1 terminate flush(es), 0 completion(s), 0 continuation(s) 
[2024-07-21T21:27:20.875+0800][15.593s][gc,marking  ] GC(153) Mark Stack Usage: 32M
[2024-07-21T21:27:20.875+0800][15.593s][gc,nmethod  ] GC(153) NMethods: 474 registered, 0 unregistered
[2024-07-21T21:27:20.875+0800][15.593s][gc,metaspace] GC(153) Metaspace: 1M used, 1M committed, 1032M reserved
[2024-07-21T21:27:20.875+0800][15.593s][gc,ref      ] GC(153) Soft: 93 encountered, 0 discovered, 0 enqueued
[2024-07-21T21:27:20.875+0800][15.593s][gc,ref      ] GC(153) Weak: 131 encountered, 11 discovered, 0 enqueued
[2024-07-21T21:27:20.875+0800][15.593s][gc,ref      ] GC(153) Final: 0 encountered, 0 discovered, 0 enqueued
[2024-07-21T21:27:20.875+0800][15.593s][gc,ref      ] GC(153) Phantom: 184 encountered, 119 discovered, 0 enqueued
[2024-07-21T21:27:20.875+0800][15.593s][gc,reloc    ] GC(153) Small Pages: 4 / 8M, Empty: 2M, Relocated: 0M, In-Place: 0
[2024-07-21T21:27:20.875+0800][15.593s][gc,reloc    ] GC(153) Medium Pages: 3 / 96M, Empty: 32M, Relocated: 3M, In-Place: 0
[2024-07-21T21:27:20.875+0800][15.593s][gc,reloc    ] GC(153) Large Pages: 0 / 0M, Empty: 0M, Relocated: 0M, In-Place: 0
[2024-07-21T21:27:20.875+0800][15.593s][gc,reloc    ] GC(153) Forwarding Usage: 0M
[2024-07-21T21:27:20.875+0800][15.593s][gc,heap     ] GC(153) Min Capacity: 8M(0%)
[2024-07-21T21:27:20.875+0800][15.593s][gc,heap     ] GC(153) Max Capacity: 2048M(100%)
[2024-07-21T21:27:20.875+0800][15.593s][gc,heap     ] GC(153) Soft Max Capacity: 128M(6%)
[2024-07-21T21:27:20.875+0800][15.593s][gc,heap     ] GC(153)                Mark Start          Mark End        Relocate Start      Relocate End           High               Low         
[2024-07-21T21:27:20.875+0800][15.593s][gc,heap     ] GC(153)  Capacity:      256M (12%)         256M (12%)         256M (12%)         256M (12%)         256M (12%)         256M (12%)    
[2024-07-21T21:27:20.875+0800][15.593s][gc,heap     ] GC(153)      Free:     1944M (95%)        1910M (93%)        1944M (95%)        1976M (96%)        1976M (96%)        1910M (93%)    
[2024-07-21T21:27:20.875+0800][15.593s][gc,heap     ] GC(153)      Used:      104M (5%)          138M (7%)          104M (5%)           72M (4%)          138M (7%)           72M (4%)     
[2024-07-21T21:27:20.875+0800][15.593s][gc,heap     ] GC(153)      Live:         -                 7M (0%)            7M (0%)            7M (0%)             -                  -          
[2024-07-21T21:27:20.875+0800][15.593s][gc,heap     ] GC(153) Allocated:         -                34M (2%)           34M (2%)           34M (2%)             -                  -          
[2024-07-21T21:27:20.875+0800][15.593s][gc,heap     ] GC(153)   Garbage:         -                96M (5%)           62M (3%)           30M (1%)             -                  -          
[2024-07-21T21:27:20.875+0800][15.593s][gc,heap     ] GC(153) Reclaimed:         -                  -                34M (2%)           66M (3%)             -                  -          
[2024-07-21T21:27:20.875+0800][15.593s][gc          ] GC(153) Garbage Collection (Allocation Rate) 104M(5%)->72M(4%)
[2024-07-21T21:27:20.949+0800][15.667s][gc,start    ] GC(154) Garbage Collection (Allocation Rate)
[2024-07-21T21:27:20.949+0800][15.667s][gc,task     ] GC(154) Using 2 workers
[2024-07-21T21:27:20.949+0800][15.667s][gc,phases   ] GC(154) Pause Mark Start 0.008ms
[2024-07-21T21:27:20.965+0800][15.683s][gc,phases   ] GC(154) Concurrent Mark 15.407ms
[2024-07-21T21:27:20.965+0800][15.683s][gc,phases   ] GC(154) Pause Mark End 0.028ms
[2024-07-21T21:27:20.965+0800][15.684s][gc,phases   ] GC(154) Concurrent Mark Free 0.001ms
[2024-07-21T21:27:20.967+0800][15.685s][gc,phases   ] GC(154) Concurrent Process Non-Strong References 1.300ms
[2024-07-21T21:27:20.967+0800][15.685s][gc,phases   ] GC(154) Concurrent Reset Relocation Set 0.001ms
[2024-07-21T21:27:20.969+0800][15.688s][gc,phases   ] GC(154) Concurrent Select Relocation Set 2.627ms
[2024-07-21T21:27:20.970+0800][15.688s][gc,phases   ] GC(154) Pause Relocate Start 0.028ms
[2024-07-21T21:27:20.971+0800][15.690s][gc,phases   ] GC(154) Concurrent Relocate 1.400ms
[2024-07-21T21:27:20.971+0800][15.690s][gc,load     ] GC(154) Load: 0.00/0.00/0.00
[2024-07-21T21:27:20.972+0800][15.690s][gc,mmu      ] GC(154) MMU: 2ms/95.0%, 5ms/97.9%, 10ms/98.9%, 20ms/99.5%, 50ms/99.8%, 100ms/99.9%
[2024-07-21T21:27:20.972+0800][15.690s][gc,marking  ] GC(154) Mark: 2 stripe(s), 2 proactive flush(es), 1 terminate flush(es), 0 completion(s), 0 continuation(s) 
[2024-07-21T21:27:20.972+0800][15.690s][gc,marking  ] GC(154) Mark Stack Usage: 32M
[2024-07-21T21:27:20.972+0800][15.690s][gc,nmethod  ] GC(154) NMethods: 474 registered, 0 unregistered
[2024-07-21T21:27:20.972+0800][15.690s][gc,metaspace] GC(154) Metaspace: 1M used, 1M committed, 1032M reserved
[2024-07-21T21:27:20.972+0800][15.690s][gc,ref      ] GC(154) Soft: 93 encountered, 0 discovered, 0 enqueued
[2024-07-21T21:27:20.972+0800][15.690s][gc,ref      ] GC(154) Weak: 131 encountered, 0 discovered, 0 enqueued
[2024-07-21T21:27:20.972+0800][15.690s][gc,ref      ] GC(154) Final: 0 encountered, 0 discovered, 0 enqueued
[2024-07-21T21:27:20.972+0800][15.690s][gc,ref      ] GC(154) Phantom: 184 encountered, 119 discovered, 0 enqueued
[2024-07-21T21:27:20.972+0800][15.690s][gc,reloc    ] GC(154) Small Pages: 4 / 8M, Empty: 2M, Relocated: 0M, In-Place: 0
[2024-07-21T21:27:20.972+0800][15.690s][gc,reloc    ] GC(154) Medium Pages: 3 / 96M, Empty: 32M, Relocated: 4M, In-Place: 0
[2024-07-21T21:27:20.972+0800][15.690s][gc,reloc    ] GC(154) Large Pages: 0 / 0M, Empty: 0M, Relocated: 0M, In-Place: 0
[2024-07-21T21:27:20.972+0800][15.690s][gc,reloc    ] GC(154) Forwarding Usage: 0M
[2024-07-21T21:27:20.972+0800][15.690s][gc,heap     ] GC(154) Min Capacity: 8M(0%)
[2024-07-21T21:27:20.972+0800][15.690s][gc,heap     ] GC(154) Max Capacity: 2048M(100%)
[2024-07-21T21:27:20.972+0800][15.690s][gc,heap     ] GC(154) Soft Max Capacity: 128M(6%)
[2024-07-21T21:27:20.972+0800][15.690s][gc,heap     ] GC(154)                Mark Start          Mark End        Relocate Start      Relocate End           High               Low         
[2024-07-21T21:27:20.972+0800][15.690s][gc,heap     ] GC(154)  Capacity:      256M (12%)         256M (12%)         256M (12%)         256M (12%)         256M (12%)         256M (12%)    
[2024-07-21T21:27:20.972+0800][15.690s][gc,heap     ] GC(154)      Free:     1944M (95%)        1910M (93%)        1944M (95%)        1976M (96%)        1976M (96%)        1910M (93%)    
[2024-07-21T21:27:20.972+0800][15.690s][gc,heap     ] GC(154)      Used:      104M (5%)          138M (7%)          104M (5%)           72M (4%)          138M (7%)           72M (4%)     
[2024-07-21T21:27:20.972+0800][15.690s][gc,heap     ] GC(154)      Live:         -                 8M (0%)            8M (0%)            8M (0%)             -                  -          
[2024-07-21T21:27:20.972+0800][15.690s][gc,heap     ] GC(154) Allocated:         -                34M (2%)           34M (2%)           34M (2%)             -                  -          
[2024-07-21T21:27:20.972+0800][15.690s][gc,heap     ] GC(154)   Garbage:         -                95M (5%)           61M (3%)           29M (1%)             -                  -          
[2024-07-21T21:27:20.972+0800][15.690s][gc,heap     ] GC(154) Reclaimed:         -                  -                34M (2%)           66M (3%)             -                  -          
[2024-07-21T21:27:20.972+0800][15.690s][gc          ] GC(154) Garbage Collection (Allocation Rate) 104M(5%)->72M(4%)
[2024-07-21T21:27:21.060+0800][15.778s][gc,start    ] GC(155) Garbage Collection (Allocation Rate)
[2024-07-21T21:27:21.060+0800][15.778s][gc,task     ] GC(155) Using 2 workers
[2024-07-21T21:27:21.060+0800][15.778s][gc,phases   ] GC(155) Pause Mark Start 0.018ms
[2024-07-21T21:27:21.076+0800][15.794s][gc,phases   ] GC(155) Concurrent Mark 15.684ms
[2024-07-21T21:27:21.076+0800][15.794s][gc,phases   ] GC(155) Pause Mark End 0.018ms
[2024-07-21T21:27:21.076+0800][15.794s][gc,phases   ] GC(155) Concurrent Mark Free 0.001ms
[2024-07-21T21:27:21.077+0800][15.795s][gc,phases   ] GC(155) Concurrent Process Non-Strong References 0.892ms
[2024-07-21T21:27:21.077+0800][15.795s][gc,phases   ] GC(155) Concurrent Reset Relocation Set 0.001ms
[2024-07-21T21:27:21.079+0800][15.797s][gc,phases   ] GC(155) Concurrent Select Relocation Set 1.873ms
[2024-07-21T21:27:21.079+0800][15.797s][gc,phases   ] GC(155) Pause Relocate Start 0.006ms
[2024-07-21T21:27:21.080+0800][15.798s][gc,phases   ] GC(155) Concurrent Relocate 0.258ms
[2024-07-21T21:27:21.080+0800][15.798s][gc,load     ] GC(155) Load: 0.00/0.00/0.00
[2024-07-21T21:27:21.080+0800][15.798s][gc,mmu      ] GC(155) MMU: 2ms/95.0%, 5ms/97.9%, 10ms/98.9%, 20ms/99.5%, 50ms/99.8%, 100ms/99.9%
[2024-07-21T21:27:21.080+0800][15.798s][gc,marking  ] GC(155) Mark: 2 stripe(s), 2 proactive flush(es), 1 terminate flush(es), 0 completion(s), 0 continuation(s) 
[2024-07-21T21:27:21.080+0800][15.798s][gc,marking  ] GC(155) Mark Stack Usage: 32M
[2024-07-21T21:27:21.080+0800][15.798s][gc,nmethod  ] GC(155) NMethods: 474 registered, 0 unregistered
[2024-07-21T21:27:21.080+0800][15.798s][gc,metaspace] GC(155) Metaspace: 1M used, 1M committed, 1032M reserved
[2024-07-21T21:27:21.080+0800][15.798s][gc,ref      ] GC(155) Soft: 93 encountered, 0 discovered, 0 enqueued
[2024-07-21T21:27:21.080+0800][15.798s][gc,ref      ] GC(155) Weak: 131 encountered, 0 discovered, 0 enqueued
[2024-07-21T21:27:21.080+0800][15.798s][gc,ref      ] GC(155) Final: 0 encountered, 0 discovered, 0 enqueued
[2024-07-21T21:27:21.080+0800][15.798s][gc,ref      ] GC(155) Phantom: 184 encountered, 119 discovered, 0 enqueued
[2024-07-21T21:27:21.080+0800][15.798s][gc,reloc    ] GC(155) Small Pages: 4 / 8M, Empty: 2M, Relocated: 0M, In-Place: 0
[2024-07-21T21:27:21.080+0800][15.798s][gc,reloc    ] GC(155) Medium Pages: 4 / 128M, Empty: 64M, Relocated: 1M, In-Place: 0
[2024-07-21T21:27:21.080+0800][15.798s][gc,reloc    ] GC(155) Large Pages: 0 / 0M, Empty: 0M, Relocated: 0M, In-Place: 0
[2024-07-21T21:27:21.080+0800][15.798s][gc,reloc    ] GC(155) Forwarding Usage: 0M
[2024-07-21T21:27:21.080+0800][15.798s][gc,heap     ] GC(155) Min Capacity: 8M(0%)
[2024-07-21T21:27:21.080+0800][15.798s][gc,heap     ] GC(155) Max Capacity: 2048M(100%)
[2024-07-21T21:27:21.080+0800][15.798s][gc,heap     ] GC(155) Soft Max Capacity: 128M(6%)
[2024-07-21T21:27:21.080+0800][15.798s][gc,heap     ] GC(155)                Mark Start          Mark End        Relocate Start      Relocate End           High               Low         
[2024-07-21T21:27:21.080+0800][15.798s][gc,heap     ] GC(155)  Capacity:      256M (12%)         256M (12%)         256M (12%)         256M (12%)         256M (12%)         256M (12%)    
[2024-07-21T21:27:21.080+0800][15.798s][gc,heap     ] GC(155)      Free:     1912M (93%)        1878M (92%)        1944M (95%)        1976M (96%)        1976M (96%)        1878M (92%)    
[2024-07-21T21:27:21.080+0800][15.798s][gc,heap     ] GC(155)      Used:      136M (7%)          170M (8%)          104M (5%)           72M (4%)          170M (8%)           72M (4%)     
[2024-07-21T21:27:21.080+0800][15.798s][gc,heap     ] GC(155)      Live:         -                 5M (0%)            5M (0%)            5M (0%)             -                  -          
[2024-07-21T21:27:21.080+0800][15.798s][gc,heap     ] GC(155) Allocated:         -                34M (2%)           34M (2%)           34M (2%)             -                  -          
[2024-07-21T21:27:21.080+0800][15.798s][gc,heap     ] GC(155)   Garbage:         -               130M (6%)           64M (3%)           32M (2%)             -                  -          
[2024-07-21T21:27:21.080+0800][15.798s][gc,heap     ] GC(155) Reclaimed:         -                  -                66M (3%)           98M (5%)             -                  -          
[2024-07-21T21:27:21.080+0800][15.798s][gc          ] GC(155) Garbage Collection (Allocation Rate) 136M(7%)->72M(4%)
[2024-07-21T21:27:21.156+0800][15.874s][gc,start    ] GC(156) Garbage Collection (Allocation Rate)
[2024-07-21T21:27:21.156+0800][15.874s][gc,task     ] GC(156) Using 2 workers
[2024-07-21T21:27:21.156+0800][15.874s][gc,phases   ] GC(156) Pause Mark Start 0.011ms
[2024-07-21T21:27:21.171+0800][15.889s][gc,phases   ] GC(156) Concurrent Mark 15.182ms
[2024-07-21T21:27:21.171+0800][15.890s][gc,phases   ] GC(156) Pause Mark End 0.033ms
[2024-07-21T21:27:21.171+0800][15.890s][gc,phases   ] GC(156) Concurrent Mark Free 0.004ms
[2024-07-21T21:27:21.173+0800][15.891s][gc,phases   ] GC(156) Concurrent Process Non-Strong References 1.112ms
[2024-07-21T21:27:21.173+0800][15.891s][gc,phases   ] GC(156) Concurrent Reset Relocation Set 0.001ms
[2024-07-21T21:27:21.175+0800][15.894s][gc,phases   ] GC(156) Concurrent Select Relocation Set 2.372ms
[2024-07-21T21:27:21.175+0800][15.894s][gc,phases   ] GC(156) Pause Relocate Start 0.007ms
[2024-07-21T21:27:21.176+0800][15.894s][gc,phases   ] GC(156) Concurrent Relocate 0.251ms
[2024-07-21T21:27:21.176+0800][15.894s][gc,load     ] GC(156) Load: 0.00/0.00/0.00
[2024-07-21T21:27:21.176+0800][15.894s][gc,mmu      ] GC(156) MMU: 2ms/95.0%, 5ms/97.9%, 10ms/98.9%, 20ms/99.5%, 50ms/99.8%, 100ms/99.9%
[2024-07-21T21:27:21.176+0800][15.894s][gc,marking  ] GC(156) Mark: 2 stripe(s), 2 proactive flush(es), 1 terminate flush(es), 0 completion(s), 0 continuation(s) 
[2024-07-21T21:27:21.176+0800][15.894s][gc,marking  ] GC(156) Mark Stack Usage: 32M
[2024-07-21T21:27:21.176+0800][15.894s][gc,nmethod  ] GC(156) NMethods: 474 registered, 0 unregistered
[2024-07-21T21:27:21.176+0800][15.894s][gc,metaspace] GC(156) Metaspace: 1M used, 1M committed, 1032M reserved
[2024-07-21T21:27:21.176+0800][15.894s][gc,ref      ] GC(156) Soft: 93 encountered, 0 discovered, 0 enqueued
[2024-07-21T21:27:21.176+0800][15.894s][gc,ref      ] GC(156) Weak: 131 encountered, 1 discovered, 0 enqueued
[2024-07-21T21:27:21.176+0800][15.894s][gc,ref      ] GC(156) Final: 0 encountered, 0 discovered, 0 enqueued
[2024-07-21T21:27:21.176+0800][15.894s][gc,ref      ] GC(156) Phantom: 184 encountered, 154 discovered, 0 enqueued
[2024-07-21T21:27:21.176+0800][15.894s][gc,reloc    ] GC(156) Small Pages: 4 / 8M, Empty: 2M, Relocated: 0M, In-Place: 0
[2024-07-21T21:27:21.176+0800][15.894s][gc,reloc    ] GC(156) Medium Pages: 3 / 96M, Empty: 32M, Relocated: 1M, In-Place: 0
[2024-07-21T21:27:21.176+0800][15.894s][gc,reloc    ] GC(156) Large Pages: 0 / 0M, Empty: 0M, Relocated: 0M, In-Place: 0
[2024-07-21T21:27:21.176+0800][15.894s][gc,reloc    ] GC(156) Forwarding Usage: 0M
[2024-07-21T21:27:21.176+0800][15.894s][gc,heap     ] GC(156) Min Capacity: 8M(0%)
[2024-07-21T21:27:21.176+0800][15.894s][gc,heap     ] GC(156) Max Capacity: 2048M(100%)
[2024-07-21T21:27:21.176+0800][15.894s][gc,heap     ] GC(156) Soft Max Capacity: 128M(6%)
[2024-07-21T21:27:21.176+0800][15.894s][gc,heap     ] GC(156)                Mark Start          Mark End        Relocate Start      Relocate End           High               Low         
[2024-07-21T21:27:21.176+0800][15.894s][gc,heap     ] GC(156)  Capacity:      256M (12%)         256M (12%)         256M (12%)         256M (12%)         256M (12%)         256M (12%)    
[2024-07-21T21:27:21.176+0800][15.894s][gc,heap     ] GC(156)      Free:     1944M (95%)        1910M (93%)        1944M (95%)        1976M (96%)        1976M (96%)        1910M (93%)    
[2024-07-21T21:27:21.176+0800][15.894s][gc,heap     ] GC(156)      Used:      104M (5%)          138M (7%)          104M (5%)           72M (4%)          138M (7%)           72M (4%)     
[2024-07-21T21:27:21.176+0800][15.895s][gc,heap     ] GC(156)      Live:         -                 5M (0%)            5M (0%)            5M (0%)             -                  -          
[2024-07-21T21:27:21.176+0800][15.895s][gc,heap     ] GC(156) Allocated:         -                34M (2%)           34M (2%)           34M (2%)             -                  -          
[2024-07-21T21:27:21.176+0800][15.895s][gc,heap     ] GC(156)   Garbage:         -                98M (5%)           64M (3%)           32M (2%)             -                  -          
[2024-07-21T21:27:21.176+0800][15.895s][gc,heap     ] GC(156) Reclaimed:         -                  -                34M (2%)           66M (3%)             -                  -          
[2024-07-21T21:27:21.176+0800][15.895s][gc          ] GC(156) Garbage Collection (Allocation Rate) 104M(5%)->72M(4%)
[2024-07-21T21:27:21.251+0800][15.968s][gc,start    ] GC(157) Garbage Collection (Allocation Rate)
[2024-07-21T21:27:21.251+0800][15.969s][gc,task     ] GC(157) Using 2 workers
[2024-07-21T21:27:21.251+0800][15.969s][gc,phases   ] GC(157) Pause Mark Start 0.006ms
[2024-07-21T21:27:21.267+0800][15.985s][gc,phases   ] GC(157) Concurrent Mark 15.626ms
[2024-07-21T21:27:21.267+0800][15.985s][gc,phases   ] GC(157) Pause Mark End 0.024ms
[2024-07-21T21:27:21.267+0800][15.985s][gc,phases   ] GC(157) Concurrent Mark Free 0.003ms
[2024-07-21T21:27:21.268+0800][15.986s][gc,phases   ] GC(157) Concurrent Process Non-Strong References 0.935ms
[2024-07-21T21:27:21.268+0800][15.986s][gc,phases   ] GC(157) Concurrent Reset Relocation Set 0.001ms
[2024-07-21T21:27:21.269+0800][15.988s][gc,phases   ] GC(157) Concurrent Select Relocation Set 1.858ms
[2024-07-21T21:27:21.270+0800][15.988s][gc,phases   ] GC(157) Pause Relocate Start 0.007ms
[2024-07-21T21:27:21.270+0800][15.989s][gc,phases   ] GC(157) Concurrent Relocate 0.238ms
[2024-07-21T21:27:21.270+0800][15.989s][gc,load     ] GC(157) Load: 0.00/0.00/0.00
[2024-07-21T21:27:21.270+0800][15.989s][gc,mmu      ] GC(157) MMU: 2ms/95.0%, 5ms/97.9%, 10ms/98.9%, 20ms/99.5%, 50ms/99.8%, 100ms/99.9%
[2024-07-21T21:27:21.270+0800][15.989s][gc,marking  ] GC(157) Mark: 2 stripe(s), 2 proactive flush(es), 1 terminate flush(es), 0 completion(s), 0 continuation(s) 
[2024-07-21T21:27:21.270+0800][15.989s][gc,marking  ] GC(157) Mark Stack Usage: 32M
[2024-07-21T21:27:21.270+0800][15.989s][gc,nmethod  ] GC(157) NMethods: 474 registered, 0 unregistered
[2024-07-21T21:27:21.270+0800][15.989s][gc,metaspace] GC(157) Metaspace: 1M used, 1M committed, 1032M reserved
[2024-07-21T21:27:21.270+0800][15.989s][gc,ref      ] GC(157) Soft: 93 encountered, 0 discovered, 0 enqueued
[2024-07-21T21:27:21.270+0800][15.989s][gc,ref      ] GC(157) Weak: 131 encountered, 0 discovered, 0 enqueued
[2024-07-21T21:27:21.270+0800][15.989s][gc,ref      ] GC(157) Final: 0 encountered, 0 discovered, 0 enqueued
[2024-07-21T21:27:21.270+0800][15.989s][gc,ref      ] GC(157) Phantom: 184 encountered, 142 discovered, 0 enqueued
[2024-07-21T21:27:21.270+0800][15.989s][gc,reloc    ] GC(157) Small Pages: 4 / 8M, Empty: 2M, Relocated: 0M, In-Place: 0
[2024-07-21T21:27:21.270+0800][15.989s][gc,reloc    ] GC(157) Medium Pages: 3 / 96M, Empty: 32M, Relocated: 1M, In-Place: 0
[2024-07-21T21:27:21.270+0800][15.989s][gc,reloc    ] GC(157) Large Pages: 0 / 0M, Empty: 0M, Relocated: 0M, In-Place: 0
[2024-07-21T21:27:21.270+0800][15.989s][gc,reloc    ] GC(157) Forwarding Usage: 0M
[2024-07-21T21:27:21.270+0800][15.989s][gc,heap     ] GC(157) Min Capacity: 8M(0%)
[2024-07-21T21:27:21.270+0800][15.989s][gc,heap     ] GC(157) Max Capacity: 2048M(100%)
[2024-07-21T21:27:21.270+0800][15.989s][gc,heap     ] GC(157) Soft Max Capacity: 128M(6%)
[2024-07-21T21:27:21.270+0800][15.989s][gc,heap     ] GC(157)                Mark Start          Mark End        Relocate Start      Relocate End           High               Low         
[2024-07-21T21:27:21.270+0800][15.989s][gc,heap     ] GC(157)  Capacity:      256M (12%)         256M (12%)         256M (12%)         256M (12%)         256M (12%)         256M (12%)    
[2024-07-21T21:27:21.270+0800][15.989s][gc,heap     ] GC(157)      Free:     1944M (95%)        1910M (93%)        1944M (95%)        1976M (96%)        1976M (96%)        1910M (93%)    
[2024-07-21T21:27:21.270+0800][15.989s][gc,heap     ] GC(157)      Used:      104M (5%)          138M (7%)          104M (5%)           72M (4%)          138M (7%)           72M (4%)     
[2024-07-21T21:27:21.270+0800][15.989s][gc,heap     ] GC(157)      Live:         -                 5M (0%)            5M (0%)            5M (0%)             -                  -          
[2024-07-21T21:27:21.270+0800][15.989s][gc,heap     ] GC(157) Allocated:         -                34M (2%)           34M (2%)           34M (2%)             -                  -          
[2024-07-21T21:27:21.270+0800][15.989s][gc,heap     ] GC(157)   Garbage:         -                98M (5%)           64M (3%)           32M (2%)             -                  -          
[2024-07-21T21:27:21.270+0800][15.989s][gc,heap     ] GC(157) Reclaimed:         -                  -                34M (2%)           66M (3%)             -                  -          
[2024-07-21T21:27:21.270+0800][15.989s][gc          ] GC(157) Garbage Collection (Allocation Rate) 104M(5%)->72M(4%)
[2024-07-21T21:27:21.362+0800][16.080s][gc,start    ] GC(158) Garbage Collection (Allocation Rate)
[2024-07-21T21:27:21.362+0800][16.080s][gc,task     ] GC(158) Using 2 workers
[2024-07-21T21:27:21.362+0800][16.081s][gc,phases   ] GC(158) Pause Mark Start 0.007ms
[2024-07-21T21:27:21.378+0800][16.096s][gc,phases   ] GC(158) Concurrent Mark 15.385ms
[2024-07-21T21:27:21.378+0800][16.096s][gc,phases   ] GC(158) Pause Mark End 0.023ms
[2024-07-21T21:27:21.378+0800][16.097s][gc,phases   ] GC(158) Concurrent Mark Free 0.002ms
[2024-07-21T21:27:21.379+0800][16.098s][gc,phases   ] GC(158) Concurrent Process Non-Strong References 1.085ms
[2024-07-21T21:27:21.379+0800][16.098s][gc,phases   ] GC(158) Concurrent Reset Relocation Set 0.001ms
[2024-07-21T21:27:21.381+0800][16.100s][gc,phases   ] GC(158) Concurrent Select Relocation Set 1.869ms
[2024-07-21T21:27:21.381+0800][16.100s][gc,phases   ] GC(158) Pause Relocate Start 0.007ms
[2024-07-21T21:27:21.383+0800][16.101s][gc,phases   ] GC(158) Concurrent Relocate 1.164ms
[2024-07-21T21:27:21.383+0800][16.101s][gc,load     ] GC(158) Load: 0.00/0.00/0.00
[2024-07-21T21:27:21.383+0800][16.101s][gc,mmu      ] GC(158) MMU: 2ms/95.0%, 5ms/97.9%, 10ms/98.9%, 20ms/99.5%, 50ms/99.8%, 100ms/99.9%
[2024-07-21T21:27:21.383+0800][16.101s][gc,marking  ] GC(158) Mark: 2 stripe(s), 2 proactive flush(es), 1 terminate flush(es), 0 completion(s), 0 continuation(s) 
[2024-07-21T21:27:21.383+0800][16.101s][gc,marking  ] GC(158) Mark Stack Usage: 32M
[2024-07-21T21:27:21.383+0800][16.101s][gc,nmethod  ] GC(158) NMethods: 474 registered, 0 unregistered
[2024-07-21T21:27:21.383+0800][16.101s][gc,metaspace] GC(158) Metaspace: 1M used, 1M committed, 1032M reserved
[2024-07-21T21:27:21.383+0800][16.101s][gc,ref      ] GC(158) Soft: 93 encountered, 0 discovered, 0 enqueued
[2024-07-21T21:27:21.383+0800][16.101s][gc,ref      ] GC(158) Weak: 131 encountered, 0 discovered, 0 enqueued
[2024-07-21T21:27:21.383+0800][16.101s][gc,ref      ] GC(158) Final: 0 encountered, 0 discovered, 0 enqueued
[2024-07-21T21:27:21.383+0800][16.101s][gc,ref      ] GC(158) Phantom: 184 encountered, 142 discovered, 0 enqueued
[2024-07-21T21:27:21.383+0800][16.101s][gc,reloc    ] GC(158) Small Pages: 4 / 8M, Empty: 2M, Relocated: 0M, In-Place: 0
[2024-07-21T21:27:21.383+0800][16.101s][gc,reloc    ] GC(158) Medium Pages: 4 / 128M, Empty: 64M, Relocated: 5M, In-Place: 0
[2024-07-21T21:27:21.383+0800][16.101s][gc,reloc    ] GC(158) Large Pages: 0 / 0M, Empty: 0M, Relocated: 0M, In-Place: 0
[2024-07-21T21:27:21.383+0800][16.101s][gc,reloc    ] GC(158) Forwarding Usage: 0M
[2024-07-21T21:27:21.383+0800][16.101s][gc,heap     ] GC(158) Min Capacity: 8M(0%)
[2024-07-21T21:27:21.383+0800][16.102s][gc,heap     ] GC(158) Max Capacity: 2048M(100%)
[2024-07-21T21:27:21.383+0800][16.102s][gc,heap     ] GC(158) Soft Max Capacity: 128M(6%)
[2024-07-21T21:27:21.383+0800][16.102s][gc,heap     ] GC(158)                Mark Start          Mark End        Relocate Start      Relocate End           High               Low         
[2024-07-21T21:27:21.383+0800][16.102s][gc,heap     ] GC(158)  Capacity:      256M (12%)         256M (12%)         256M (12%)         256M (12%)         256M (12%)         256M (12%)    
[2024-07-21T21:27:21.383+0800][16.102s][gc,heap     ] GC(158)      Free:     1912M (93%)        1878M (92%)        1944M (95%)        1976M (96%)        1976M (96%)        1878M (92%)    
[2024-07-21T21:27:21.383+0800][16.102s][gc,heap     ] GC(158)      Used:      136M (7%)          170M (8%)          104M (5%)           72M (4%)          170M (8%)           72M (4%)     
[2024-07-21T21:27:21.383+0800][16.102s][gc,heap     ] GC(158)      Live:         -                 9M (0%)            9M (0%)            9M (0%)             -                  -          
[2024-07-21T21:27:21.383+0800][16.102s][gc,heap     ] GC(158) Allocated:         -                34M (2%)           34M (2%)           34M (2%)             -                  -          
[2024-07-21T21:27:21.383+0800][16.102s][gc,heap     ] GC(158)   Garbage:         -               126M (6%)           60M (3%)           28M (1%)             -                  -          
[2024-07-21T21:27:21.383+0800][16.102s][gc,heap     ] GC(158) Reclaimed:         -                  -                66M (3%)           98M (5%)             -                  -          
[2024-07-21T21:27:21.383+0800][16.102s][gc          ] GC(158) Garbage Collection (Allocation Rate) 136M(7%)->72M(4%)
[2024-07-21T21:27:21.457+0800][16.175s][gc,start    ] GC(159) Garbage Collection (Allocation Rate)
[2024-07-21T21:27:21.457+0800][16.175s][gc,task     ] GC(159) Using 2 workers
[2024-07-21T21:27:21.457+0800][16.175s][gc,phases   ] GC(159) Pause Mark Start 0.006ms
[2024-07-21T21:27:21.473+0800][16.191s][gc,phases   ] GC(159) Concurrent Mark 15.664ms
[2024-07-21T21:27:21.473+0800][16.192s][gc,phases   ] GC(159) Pause Mark End 0.011ms
[2024-07-21T21:27:21.474+0800][16.192s][gc,phases   ] GC(159) Concurrent Mark Free 0.002ms
[2024-07-21T21:27:21.475+0800][16.193s][gc,phases   ] GC(159) Concurrent Process Non-Strong References 0.986ms
[2024-07-21T21:27:21.475+0800][16.193s][gc,phases   ] GC(159) Concurrent Reset Relocation Set 0.001ms
[2024-07-21T21:27:21.476+0800][16.195s][gc,phases   ] GC(159) Concurrent Select Relocation Set 1.637ms
[2024-07-21T21:27:21.476+0800][16.195s][gc,phases   ] GC(159) Pause Relocate Start 0.006ms
[2024-07-21T21:27:21.477+0800][16.195s][gc,phases   ] GC(159) Concurrent Relocate 0.415ms
[2024-07-21T21:27:21.477+0800][16.195s][gc,load     ] GC(159) Load: 0.00/0.00/0.00
[2024-07-21T21:27:21.477+0800][16.195s][gc,mmu      ] GC(159) MMU: 2ms/95.0%, 5ms/97.9%, 10ms/98.9%, 20ms/99.5%, 50ms/99.8%, 100ms/99.9%
[2024-07-21T21:27:21.477+0800][16.195s][gc,marking  ] GC(159) Mark: 2 stripe(s), 2 proactive flush(es), 1 terminate flush(es), 0 completion(s), 0 continuation(s) 
[2024-07-21T21:27:21.477+0800][16.195s][gc,marking  ] GC(159) Mark Stack Usage: 32M
[2024-07-21T21:27:21.477+0800][16.195s][gc,nmethod  ] GC(159) NMethods: 474 registered, 0 unregistered
[2024-07-21T21:27:21.477+0800][16.195s][gc,metaspace] GC(159) Metaspace: 1M used, 1M committed, 1032M reserved
[2024-07-21T21:27:21.477+0800][16.195s][gc,ref      ] GC(159) Soft: 93 encountered, 0 discovered, 0 enqueued
[2024-07-21T21:27:21.477+0800][16.195s][gc,ref      ] GC(159) Weak: 131 encountered, 103 discovered, 0 enqueued
[2024-07-21T21:27:21.477+0800][16.195s][gc,ref      ] GC(159) Final: 0 encountered, 0 discovered, 0 enqueued
[2024-07-21T21:27:21.477+0800][16.195s][gc,ref      ] GC(159) Phantom: 184 encountered, 176 discovered, 0 enqueued
[2024-07-21T21:27:21.477+0800][16.195s][gc,reloc    ] GC(159) Small Pages: 4 / 8M, Empty: 2M, Relocated: 0M, In-Place: 0
[2024-07-21T21:27:21.477+0800][16.196s][gc,reloc    ] GC(159) Medium Pages: 3 / 96M, Empty: 32M, Relocated: 2M, In-Place: 0
[2024-07-21T21:27:21.477+0800][16.196s][gc,reloc    ] GC(159) Large Pages: 0 / 0M, Empty: 0M, Relocated: 0M, In-Place: 0
[2024-07-21T21:27:21.477+0800][16.196s][gc,reloc    ] GC(159) Forwarding Usage: 0M
[2024-07-21T21:27:21.477+0800][16.196s][gc,heap     ] GC(159) Min Capacity: 8M(0%)
[2024-07-21T21:27:21.477+0800][16.196s][gc,heap     ] GC(159) Max Capacity: 2048M(100%)
[2024-07-21T21:27:21.477+0800][16.196s][gc,heap     ] GC(159) Soft Max Capacity: 128M(6%)
[2024-07-21T21:27:21.477+0800][16.196s][gc,heap     ] GC(159)                Mark Start          Mark End        Relocate Start      Relocate End           High               Low         
[2024-07-21T21:27:21.477+0800][16.196s][gc,heap     ] GC(159)  Capacity:      256M (12%)         256M (12%)         256M (12%)         256M (12%)         256M (12%)         256M (12%)    
[2024-07-21T21:27:21.477+0800][16.196s][gc,heap     ] GC(159)      Free:     1944M (95%)        1910M (93%)        1944M (95%)        1976M (96%)        1976M (96%)        1910M (93%)    
[2024-07-21T21:27:21.477+0800][16.196s][gc,heap     ] GC(159)      Used:      104M (5%)          138M (7%)          104M (5%)           72M (4%)          138M (7%)           72M (4%)     
[2024-07-21T21:27:21.477+0800][16.196s][gc,heap     ] GC(159)      Live:         -                 6M (0%)            6M (0%)            6M (0%)             -                  -          
[2024-07-21T21:27:21.477+0800][16.196s][gc,heap     ] GC(159) Allocated:         -                34M (2%)           34M (2%)           34M (2%)             -                  -          
[2024-07-21T21:27:21.477+0800][16.196s][gc,heap     ] GC(159)   Garbage:         -                97M (5%)           63M (3%)           31M (2%)             -                  -          
[2024-07-21T21:27:21.477+0800][16.196s][gc,heap     ] GC(159) Reclaimed:         -                  -                34M (2%)           66M (3%)             -                  -          
[2024-07-21T21:27:21.477+0800][16.196s][gc          ] GC(159) Garbage Collection (Allocation Rate) 104M(5%)->72M(4%)
[2024-07-21T21:27:21.521+0800][16.239s][gc,heap,exit] Heap
[2024-07-21T21:27:21.521+0800][16.239s][gc,heap,exit]  ZHeap           used 104M, capacity 256M, max capacity 2048M
[2024-07-21T21:27:21.521+0800][16.239s][gc,heap,exit]  Metaspace       used 1346K, committed 1472K, reserved 1056768K
[2024-07-21T21:27:21.521+0800][16.239s][gc,heap,exit]   class space    used 111K, committed 192K, reserved 1048576K
