[2024-07-21T21:23:30.997+0800][0.017s][gc,init] Initializing The Z Garbage Collector
[2024-07-21T21:23:30.997+0800][0.017s][gc,init] Version: 17.0.2+8-86 (release)
[2024-07-21T21:23:30.997+0800][0.017s][gc,init] NUMA Support: Disabled
[2024-07-21T21:23:30.997+0800][0.017s][gc,init] CPUs: 8 total, 8 available
[2024-07-21T21:23:30.997+0800][0.017s][gc,init] Memory: 16281M
[2024-07-21T21:23:30.998+0800][0.017s][gc,init] Large Page Support: Disabled
[2024-07-21T21:23:30.998+0800][0.017s][gc,init] GC Workers: 2 (dynamic)
[2024-07-21T21:23:30.998+0800][0.018s][gc,init] Address Space Type: Contiguous/Unrestricted/Complete
[2024-07-21T21:23:30.998+0800][0.018s][gc,init] Address Space Size: 32768M x 3 = 98304M
[2024-07-21T21:23:30.999+0800][0.018s][gc,init] Min Capacity: 8M
[2024-07-21T21:23:30.999+0800][0.018s][gc,init] Initial Capacity: 256M
[2024-07-21T21:23:30.999+0800][0.018s][gc,init] Max Capacity: 2048M
[2024-07-21T21:23:30.999+0800][0.018s][gc,init] Medium Page Size: 32M
[2024-07-21T21:23:30.999+0800][0.018s][gc,init] Pre-touch: Disabled
[2024-07-21T21:23:30.999+0800][0.019s][gc,init] Uncommit: Enabled
[2024-07-21T21:23:30.999+0800][0.019s][gc,init] Uncommit Delay: 300s
[2024-07-21T21:23:31.013+0800][0.033s][gc,init] Runtime Workers: 5
[2024-07-21T21:23:31.014+0800][0.033s][gc     ] Using The Z Garbage Collector
[2024-07-21T21:23:31.014+0800][0.034s][gc,metaspace] CDS archive(s) mapped at: [0x0000000800000000-0x0000000800bc0000-0x0000000800bc0000), size 12320768, SharedBaseAddress: 0x0000000800000000, ArchiveRelocationMode: 0.
[2024-07-21T21:23:31.014+0800][0.034s][gc,metaspace] Compressed class space mapped at: 0x0000000800c00000-0x0000000840c00000, reserved size: 1073741824
[2024-07-21T21:23:31.014+0800][0.034s][gc,metaspace] Narrow klass base: 0x0000000800000000, Narrow klass shift: 0, Narrow klass range: 0x100000000
[2024-07-21T21:23:31.252+0800][0.271s][gc,start    ] GC(0) Garbage Collection (Warmup)
[2024-07-21T21:23:31.252+0800][0.271s][gc,task     ] GC(0) Using 2 workers
[2024-07-21T21:23:31.252+0800][0.271s][gc,phases   ] GC(0) Pause Mark Start 0.006ms
[2024-07-21T21:23:31.268+0800][0.287s][gc,phases   ] GC(0) Concurrent Mark 15.605ms
[2024-07-21T21:23:31.268+0800][0.287s][gc,phases   ] GC(0) Pause Mark End 0.016ms
[2024-07-21T21:23:31.268+0800][0.287s][gc,phases   ] GC(0) Concurrent Mark Free 0.001ms
[2024-07-21T21:23:31.268+0800][0.288s][gc,phases   ] GC(0) Concurrent Process Non-Strong References 0.489ms
[2024-07-21T21:23:31.268+0800][0.288s][gc,phases   ] GC(0) Concurrent Reset Relocation Set 0.001ms
[2024-07-21T21:23:31.278+0800][0.298s][gc,phases   ] GC(0) Concurrent Select Relocation Set 9.682ms
[2024-07-21T21:23:31.278+0800][0.298s][gc,phases   ] GC(0) Pause Relocate Start 0.007ms
[2024-07-21T21:23:31.280+0800][0.299s][gc,phases   ] GC(0) Concurrent Relocate 1.161ms
[2024-07-21T21:23:31.280+0800][0.299s][gc,load     ] GC(0) Load: 0.00/0.00/0.00
[2024-07-21T21:23:31.280+0800][0.299s][gc,mmu      ] GC(0) MMU: 2ms/99.2%, 5ms/99.7%, 10ms/99.8%, 20ms/99.9%, 50ms/99.9%, 100ms/100.0%
[2024-07-21T21:23:31.280+0800][0.299s][gc,marking  ] GC(0) Mark: 2 stripe(s), 1 proactive flush(es), 1 terminate flush(es), 0 completion(s), 0 continuation(s) 
[2024-07-21T21:23:31.280+0800][0.299s][gc,marking  ] GC(0) Mark Stack Usage: 32M
[2024-07-21T21:23:31.280+0800][0.299s][gc,nmethod  ] GC(0) NMethods: 326 registered, 0 unregistered
[2024-07-21T21:23:31.280+0800][0.299s][gc,metaspace] GC(0) Metaspace: 1M used, 1M committed, 1032M reserved
[2024-07-21T21:23:31.280+0800][0.299s][gc,ref      ] GC(0) Soft: 53 encountered, 0 discovered, 0 enqueued
[2024-07-21T21:23:31.280+0800][0.299s][gc,ref      ] GC(0) Weak: 153 encountered, 37 discovered, 36 enqueued
[2024-07-21T21:23:31.280+0800][0.299s][gc,ref      ] GC(0) Final: 0 encountered, 0 discovered, 0 enqueued
[2024-07-21T21:23:31.280+0800][0.299s][gc,ref      ] GC(0) Phantom: 217 encountered, 195 discovered, 33 enqueued
[2024-07-21T21:23:31.280+0800][0.299s][gc,reloc    ] GC(0) Small Pages: 6 / 12M, Empty: 0M, Relocated: 1M, In-Place: 0
[2024-07-21T21:23:31.280+0800][0.299s][gc,reloc    ] GC(0) Medium Pages: 1 / 32M, Empty: 0M, Relocated: 0M, In-Place: 0
[2024-07-21T21:23:31.280+0800][0.299s][gc,reloc    ] GC(0) Large Pages: 0 / 0M, Empty: 0M, Relocated: 0M, In-Place: 0
[2024-07-21T21:23:31.280+0800][0.299s][gc,reloc    ] GC(0) Forwarding Usage: 0M
[2024-07-21T21:23:31.280+0800][0.299s][gc,heap     ] GC(0) Min Capacity: 8M(0%)
[2024-07-21T21:23:31.280+0800][0.299s][gc,heap     ] GC(0) Max Capacity: 2048M(100%)
[2024-07-21T21:23:31.280+0800][0.299s][gc,heap     ] GC(0) Soft Max Capacity: 256M(12%)
[2024-07-21T21:23:31.280+0800][0.299s][gc,heap     ] GC(0)                Mark Start          Mark End        Relocate Start      Relocate End           High               Low         
[2024-07-21T21:23:31.280+0800][0.299s][gc,heap     ] GC(0)  Capacity:      256M (12%)         256M (12%)         256M (12%)         256M (12%)         256M (12%)         256M (12%)    
[2024-07-21T21:23:31.280+0800][0.299s][gc,heap     ] GC(0)      Free:     2004M (98%)        1972M (96%)        1970M (96%)        1974M (96%)        2004M (98%)        1966M (96%)    
[2024-07-21T21:23:31.280+0800][0.299s][gc,heap     ] GC(0)      Used:       44M (2%)           76M (4%)           78M (4%)           74M (4%)           82M (4%)           44M (2%)     
[2024-07-21T21:23:31.280+0800][0.299s][gc,heap     ] GC(0)      Live:         -                 4M (0%)            4M (0%)            4M (0%)             -                  -          
[2024-07-21T21:23:31.280+0800][0.300s][gc,heap     ] GC(0) Allocated:         -                32M (2%)           34M (2%)           34M (2%)             -                  -          
[2024-07-21T21:23:31.280+0800][0.300s][gc,heap     ] GC(0)   Garbage:         -                39M (2%)           39M (2%)           35M (2%)             -                  -          
[2024-07-21T21:23:31.280+0800][0.300s][gc,heap     ] GC(0) Reclaimed:         -                  -                 0M (0%)            4M (0%)             -                  -          
[2024-07-21T21:23:31.280+0800][0.300s][gc          ] GC(0) Garbage Collection (Warmup) 44M(2%)->74M(4%)
[2024-07-21T21:23:31.347+0800][0.366s][gc,start    ] GC(1) Garbage Collection (Warmup)
[2024-07-21T21:23:31.347+0800][0.366s][gc,task     ] GC(1) Using 2 workers
[2024-07-21T21:23:31.347+0800][0.366s][gc,phases   ] GC(1) Pause Mark Start 0.007ms
[2024-07-21T21:23:31.363+0800][0.382s][gc,phases   ] GC(1) Concurrent Mark 15.704ms
[2024-07-21T21:23:31.363+0800][0.382s][gc,phases   ] GC(1) Pause Mark End 0.017ms
[2024-07-21T21:23:31.363+0800][0.382s][gc,phases   ] GC(1) Concurrent Mark Free 0.001ms
[2024-07-21T21:23:31.363+0800][0.383s][gc,phases   ] GC(1) Concurrent Process Non-Strong References 0.557ms
[2024-07-21T21:23:31.363+0800][0.383s][gc,phases   ] GC(1) Concurrent Reset Relocation Set 0.001ms
[2024-07-21T21:23:31.365+0800][0.385s][gc,phases   ] GC(1) Concurrent Select Relocation Set 1.810ms
[2024-07-21T21:23:31.365+0800][0.385s][gc,phases   ] GC(1) Pause Relocate Start 0.029ms
[2024-07-21T21:23:31.374+0800][0.394s][gc,phases   ] GC(1) Concurrent Relocate 8.451ms
[2024-07-21T21:23:31.374+0800][0.394s][gc,load     ] GC(1) Load: 0.00/0.00/0.00
[2024-07-21T21:23:31.374+0800][0.394s][gc,mmu      ] GC(1) MMU: 2ms/98.5%, 5ms/99.1%, 10ms/99.5%, 20ms/99.7%, 50ms/99.9%, 100ms/99.9%
[2024-07-21T21:23:31.374+0800][0.394s][gc,marking  ] GC(1) Mark: 2 stripe(s), 1 proactive flush(es), 1 terminate flush(es), 0 completion(s), 0 continuation(s) 
[2024-07-21T21:23:31.374+0800][0.394s][gc,marking  ] GC(1) Mark Stack Usage: 32M
[2024-07-21T21:23:31.374+0800][0.394s][gc,nmethod  ] GC(1) NMethods: 326 registered, 0 unregistered
[2024-07-21T21:23:31.374+0800][0.394s][gc,metaspace] GC(1) Metaspace: 1M used, 1M committed, 1032M reserved
[2024-07-21T21:23:31.374+0800][0.394s][gc,ref      ] GC(1) Soft: 53 encountered, 0 discovered, 0 enqueued
[2024-07-21T21:23:31.374+0800][0.394s][gc,ref      ] GC(1) Weak: 117 encountered, 80 discovered, 0 enqueued
[2024-07-21T21:23:31.374+0800][0.394s][gc,ref      ] GC(1) Final: 0 encountered, 0 discovered, 0 enqueued
[2024-07-21T21:23:31.374+0800][0.394s][gc,ref      ] GC(1) Phantom: 184 encountered, 125 discovered, 0 enqueued
[2024-07-21T21:23:31.374+0800][0.394s][gc,reloc    ] GC(1) Small Pages: 5 / 10M, Empty: 0M, Relocated: 1M, In-Place: 0
[2024-07-21T21:23:31.374+0800][0.394s][gc,reloc    ] GC(1) Medium Pages: 2 / 64M, Empty: 0M, Relocated: 10M, In-Place: 0
[2024-07-21T21:23:31.374+0800][0.394s][gc,reloc    ] GC(1) Large Pages: 0 / 0M, Empty: 0M, Relocated: 0M, In-Place: 0
[2024-07-21T21:23:31.374+0800][0.394s][gc,reloc    ] GC(1) Forwarding Usage: 0M
[2024-07-21T21:23:31.374+0800][0.394s][gc,heap     ] GC(1) Min Capacity: 8M(0%)
[2024-07-21T21:23:31.374+0800][0.394s][gc,heap     ] GC(1) Max Capacity: 2048M(100%)
[2024-07-21T21:23:31.374+0800][0.394s][gc,heap     ] GC(1) Soft Max Capacity: 256M(12%)
[2024-07-21T21:23:31.374+0800][0.394s][gc,heap     ] GC(1)                Mark Start          Mark End        Relocate Start      Relocate End           High               Low         
[2024-07-21T21:23:31.374+0800][0.394s][gc,heap     ] GC(1)  Capacity:      256M (12%)         256M (12%)         256M (12%)         256M (12%)         256M (12%)         256M (12%)    
[2024-07-21T21:23:31.374+0800][0.394s][gc,heap     ] GC(1)      Free:     1974M (96%)        1942M (95%)        1942M (95%)        1976M (96%)        1976M (96%)        1908M (93%)    
[2024-07-21T21:23:31.374+0800][0.394s][gc,heap     ] GC(1)      Used:       74M (4%)          106M (5%)          106M (5%)           72M (4%)          140M (7%)           72M (4%)     
[2024-07-21T21:23:31.374+0800][0.394s][gc,heap     ] GC(1)      Live:         -                14M (1%)           14M (1%)           14M (1%)             -                  -          
[2024-07-21T21:23:31.374+0800][0.394s][gc,heap     ] GC(1) Allocated:         -                32M (2%)           32M (2%)           33M (2%)             -                  -          
[2024-07-21T21:23:31.374+0800][0.394s][gc,heap     ] GC(1)   Garbage:         -                59M (3%)           59M (3%)           23M (1%)             -                  -          
[2024-07-21T21:23:31.374+0800][0.394s][gc,heap     ] GC(1) Reclaimed:         -                  -                 0M (0%)           35M (2%)             -                  -          
[2024-07-21T21:23:31.374+0800][0.394s][gc          ] GC(1) Garbage Collection (Warmup) 74M(4%)->72M(4%)
[2024-07-21T21:23:31.442+0800][0.461s][gc,start    ] GC(2) Garbage Collection (Warmup)
[2024-07-21T21:23:31.442+0800][0.461s][gc,task     ] GC(2) Using 2 workers
[2024-07-21T21:23:31.442+0800][0.461s][gc,phases   ] GC(2) Pause Mark Start 0.007ms
[2024-07-21T21:23:31.458+0800][0.477s][gc,phases   ] GC(2) Concurrent Mark 15.627ms
[2024-07-21T21:23:31.458+0800][0.477s][gc,phases   ] GC(2) Pause Mark End 0.016ms
[2024-07-21T21:23:31.458+0800][0.477s][gc,phases   ] GC(2) Concurrent Mark Free 0.001ms
[2024-07-21T21:23:31.459+0800][0.478s][gc,phases   ] GC(2) Concurrent Process Non-Strong References 0.699ms
[2024-07-21T21:23:31.459+0800][0.478s][gc,phases   ] GC(2) Concurrent Reset Relocation Set 0.002ms
[2024-07-21T21:23:31.462+0800][0.481s][gc,phases   ] GC(2) Concurrent Select Relocation Set 3.069ms
[2024-07-21T21:23:31.462+0800][0.481s][gc,phases   ] GC(2) Pause Relocate Start 0.008ms
[2024-07-21T21:23:31.471+0800][0.490s][gc,phases   ] GC(2) Concurrent Relocate 8.649ms
[2024-07-21T21:23:31.471+0800][0.490s][gc,load     ] GC(2) Load: 0.00/0.00/0.00
[2024-07-21T21:23:31.471+0800][0.490s][gc,mmu      ] GC(2) MMU: 2ms/98.5%, 5ms/99.1%, 10ms/99.5%, 20ms/99.7%, 50ms/99.9%, 100ms/99.9%
[2024-07-21T21:23:31.471+0800][0.490s][gc,marking  ] GC(2) Mark: 2 stripe(s), 2 proactive flush(es), 1 terminate flush(es), 0 completion(s), 0 continuation(s) 
[2024-07-21T21:23:31.471+0800][0.490s][gc,marking  ] GC(2) Mark Stack Usage: 32M
[2024-07-21T21:23:31.471+0800][0.490s][gc,nmethod  ] GC(2) NMethods: 329 registered, 0 unregistered
[2024-07-21T21:23:31.471+0800][0.490s][gc,metaspace] GC(2) Metaspace: 1M used, 1M committed, 1032M reserved
[2024-07-21T21:23:31.471+0800][0.490s][gc,ref      ] GC(2) Soft: 53 encountered, 0 discovered, 0 enqueued
[2024-07-21T21:23:31.471+0800][0.490s][gc,ref      ] GC(2) Weak: 117 encountered, 78 discovered, 0 enqueued
[2024-07-21T21:23:31.471+0800][0.490s][gc,ref      ] GC(2) Final: 0 encountered, 0 discovered, 0 enqueued
[2024-07-21T21:23:31.471+0800][0.490s][gc,ref      ] GC(2) Phantom: 184 encountered, 134 discovered, 0 enqueued
[2024-07-21T21:23:31.471+0800][0.490s][gc,reloc    ] GC(2) Small Pages: 4 / 8M, Empty: 0M, Relocated: 1M, In-Place: 0
[2024-07-21T21:23:31.471+0800][0.490s][gc,reloc    ] GC(2) Medium Pages: 3 / 96M, Empty: 0M, Relocated: 11M, In-Place: 0
[2024-07-21T21:23:31.471+0800][0.490s][gc,reloc    ] GC(2) Large Pages: 0 / 0M, Empty: 0M, Relocated: 0M, In-Place: 0
[2024-07-21T21:23:31.471+0800][0.490s][gc,reloc    ] GC(2) Forwarding Usage: 0M
[2024-07-21T21:23:31.471+0800][0.490s][gc,heap     ] GC(2) Min Capacity: 8M(0%)
[2024-07-21T21:23:31.471+0800][0.491s][gc,heap     ] GC(2) Max Capacity: 2048M(100%)
[2024-07-21T21:23:31.471+0800][0.491s][gc,heap     ] GC(2) Soft Max Capacity: 256M(12%)
[2024-07-21T21:23:31.471+0800][0.491s][gc,heap     ] GC(2)                Mark Start          Mark End        Relocate Start      Relocate End           High               Low         
[2024-07-21T21:23:31.471+0800][0.491s][gc,heap     ] GC(2)  Capacity:      256M (12%)         256M (12%)         256M (12%)         256M (12%)         256M (12%)         256M (12%)    
[2024-07-21T21:23:31.471+0800][0.491s][gc,heap     ] GC(2)      Free:     1944M (95%)        1910M (93%)        1910M (93%)        1976M (96%)        1976M (96%)        1878M (92%)    
[2024-07-21T21:23:31.471+0800][0.491s][gc,heap     ] GC(2)      Used:      104M (5%)          138M (7%)          138M (7%)           72M (4%)          170M (8%)           72M (4%)     
[2024-07-21T21:23:31.471+0800][0.491s][gc,heap     ] GC(2)      Live:         -                15M (1%)           15M (1%)           15M (1%)             -                  -          
[2024-07-21T21:23:31.471+0800][0.491s][gc,heap     ] GC(2) Allocated:         -                34M (2%)           34M (2%)           34M (2%)             -                  -          
[2024-07-21T21:23:31.471+0800][0.491s][gc,heap     ] GC(2)   Garbage:         -                88M (4%)           88M (4%)           22M (1%)             -                  -          
[2024-07-21T21:23:31.471+0800][0.491s][gc,heap     ] GC(2) Reclaimed:         -                  -                 0M (0%)           66M (3%)             -                  -          
[2024-07-21T21:23:31.471+0800][0.491s][gc          ] GC(2) Garbage Collection (Warmup) 104M(5%)->72M(4%)
[2024-07-21T21:23:31.552+0800][0.571s][gc,start    ] GC(3) Garbage Collection (Allocation Rate)
[2024-07-21T21:23:31.552+0800][0.571s][gc,task     ] GC(3) Using 2 workers
[2024-07-21T21:23:31.552+0800][0.571s][gc,phases   ] GC(3) Pause Mark Start 0.007ms
[2024-07-21T21:23:31.568+0800][0.587s][gc,phases   ] GC(3) Concurrent Mark 15.546ms
[2024-07-21T21:23:31.568+0800][0.587s][gc,phases   ] GC(3) Pause Mark End 0.014ms
[2024-07-21T21:23:31.568+0800][0.587s][gc,phases   ] GC(3) Concurrent Mark Free 0.001ms
[2024-07-21T21:23:31.568+0800][0.588s][gc,phases   ] GC(3) Concurrent Process Non-Strong References 0.508ms
[2024-07-21T21:23:31.568+0800][0.588s][gc,phases   ] GC(3) Concurrent Reset Relocation Set 0.001ms
[2024-07-21T21:23:31.571+0800][0.590s][gc,phases   ] GC(3) Concurrent Select Relocation Set 2.799ms
[2024-07-21T21:23:31.571+0800][0.591s][gc,phases   ] GC(3) Pause Relocate Start 0.010ms
[2024-07-21T21:23:31.575+0800][0.594s][gc,phases   ] GC(3) Concurrent Relocate 3.743ms
[2024-07-21T21:23:31.575+0800][0.595s][gc,load     ] GC(3) Load: 0.00/0.00/0.00
[2024-07-21T21:23:31.575+0800][0.595s][gc,mmu      ] GC(3) MMU: 2ms/98.5%, 5ms/99.1%, 10ms/99.5%, 20ms/99.7%, 50ms/99.9%, 100ms/99.9%
[2024-07-21T21:23:31.575+0800][0.595s][gc,marking  ] GC(3) Mark: 2 stripe(s), 2 proactive flush(es), 1 terminate flush(es), 0 completion(s), 0 continuation(s) 
[2024-07-21T21:23:31.575+0800][0.595s][gc,marking  ] GC(3) Mark Stack Usage: 32M
[2024-07-21T21:23:31.575+0800][0.595s][gc,nmethod  ] GC(3) NMethods: 329 registered, 0 unregistered
[2024-07-21T21:23:31.575+0800][0.595s][gc,metaspace] GC(3) Metaspace: 1M used, 1M committed, 1032M reserved
[2024-07-21T21:23:31.576+0800][0.595s][gc,ref      ] GC(3) Soft: 53 encountered, 0 discovered, 0 enqueued
[2024-07-21T21:23:31.576+0800][0.595s][gc,ref      ] GC(3) Weak: 117 encountered, 94 discovered, 0 enqueued
[2024-07-21T21:23:31.576+0800][0.595s][gc,ref      ] GC(3) Final: 0 encountered, 0 discovered, 0 enqueued
[2024-07-21T21:23:31.576+0800][0.595s][gc,ref      ] GC(3) Phantom: 184 encountered, 136 discovered, 0 enqueued
[2024-07-21T21:23:31.576+0800][0.595s][gc,reloc    ] GC(3) Small Pages: 4 / 8M, Empty: 2M, Relocated: 0M, In-Place: 0
[2024-07-21T21:23:31.576+0800][0.595s][gc,reloc    ] GC(3) Medium Pages: 3 / 96M, Empty: 32M, Relocated: 13M, In-Place: 0
[2024-07-21T21:23:31.576+0800][0.595s][gc,reloc    ] GC(3) Large Pages: 0 / 0M, Empty: 0M, Relocated: 0M, In-Place: 0
[2024-07-21T21:23:31.576+0800][0.595s][gc,reloc    ] GC(3) Forwarding Usage: 0M
[2024-07-21T21:23:31.576+0800][0.595s][gc,heap     ] GC(3) Min Capacity: 8M(0%)
[2024-07-21T21:23:31.576+0800][0.595s][gc,heap     ] GC(3) Max Capacity: 2048M(100%)
[2024-07-21T21:23:31.576+0800][0.595s][gc,heap     ] GC(3) Soft Max Capacity: 256M(12%)
[2024-07-21T21:23:31.576+0800][0.595s][gc,heap     ] GC(3)                Mark Start          Mark End        Relocate Start      Relocate End           High               Low         
[2024-07-21T21:23:31.576+0800][0.595s][gc,heap     ] GC(3)  Capacity:      256M (12%)         256M (12%)         256M (12%)         256M (12%)         256M (12%)         256M (12%)    
[2024-07-21T21:23:31.576+0800][0.595s][gc,heap     ] GC(3)      Free:     1944M (95%)        1910M (93%)        1944M (95%)        1976M (96%)        1976M (96%)        1910M (93%)    
[2024-07-21T21:23:31.576+0800][0.595s][gc,heap     ] GC(3)      Used:      104M (5%)          138M (7%)          104M (5%)           72M (4%)          138M (7%)           72M (4%)     
[2024-07-21T21:23:31.576+0800][0.595s][gc,heap     ] GC(3)      Live:         -                17M (1%)           17M (1%)           17M (1%)             -                  -          
[2024-07-21T21:23:31.576+0800][0.595s][gc,heap     ] GC(3) Allocated:         -                34M (2%)           34M (2%)           34M (2%)             -                  -          
[2024-07-21T21:23:31.576+0800][0.595s][gc,heap     ] GC(3)   Garbage:         -                86M (4%)           52M (3%)           20M (1%)             -                  -          
[2024-07-21T21:23:31.576+0800][0.595s][gc,heap     ] GC(3) Reclaimed:         -                  -                34M (2%)           66M (3%)             -                  -          
[2024-07-21T21:23:31.576+0800][0.595s][gc          ] GC(3) Garbage Collection (Allocation Rate) 104M(5%)->72M(4%)
[2024-07-21T21:23:31.648+0800][0.667s][gc,start    ] GC(4) Garbage Collection (Allocation Rate)
[2024-07-21T21:23:31.648+0800][0.667s][gc,task     ] GC(4) Using 2 workers
[2024-07-21T21:23:31.648+0800][0.667s][gc,phases   ] GC(4) Pause Mark Start 0.020ms
[2024-07-21T21:23:31.664+0800][0.683s][gc,phases   ] GC(4) Concurrent Mark 15.552ms
[2024-07-21T21:23:31.664+0800][0.683s][gc,phases   ] GC(4) Pause Mark End 0.064ms
[2024-07-21T21:23:31.665+0800][0.684s][gc,phases   ] GC(4) Concurrent Mark Free 0.002ms
[2024-07-21T21:23:31.665+0800][0.684s][gc,phases   ] GC(4) Concurrent Process Non-Strong References 0.552ms
[2024-07-21T21:23:31.665+0800][0.684s][gc,phases   ] GC(4) Concurrent Reset Relocation Set 0.001ms
[2024-07-21T21:23:31.669+0800][0.688s][gc,phases   ] GC(4) Concurrent Select Relocation Set 3.594ms
[2024-07-21T21:23:31.669+0800][0.688s][gc,phases   ] GC(4) Pause Relocate Start 0.009ms
[2024-07-21T21:23:31.676+0800][0.695s][gc,phases   ] GC(4) Concurrent Relocate 7.105ms
[2024-07-21T21:23:31.676+0800][0.695s][gc,load     ] GC(4) Load: 0.00/0.00/0.00
[2024-07-21T21:23:31.676+0800][0.695s][gc,mmu      ] GC(4) MMU: 2ms/96.8%, 5ms/98.5%, 10ms/99.3%, 20ms/99.6%, 50ms/99.8%, 100ms/99.9%
[2024-07-21T21:23:31.676+0800][0.695s][gc,marking  ] GC(4) Mark: 2 stripe(s), 2 proactive flush(es), 1 terminate flush(es), 0 completion(s), 0 continuation(s) 
[2024-07-21T21:23:31.676+0800][0.695s][gc,marking  ] GC(4) Mark Stack Usage: 32M
[2024-07-21T21:23:31.676+0800][0.695s][gc,nmethod  ] GC(4) NMethods: 329 registered, 0 unregistered
[2024-07-21T21:23:31.676+0800][0.696s][gc,metaspace] GC(4) Metaspace: 1M used, 1M committed, 1032M reserved
[2024-07-21T21:23:31.676+0800][0.696s][gc,ref      ] GC(4) Soft: 53 encountered, 0 discovered, 0 enqueued
[2024-07-21T21:23:31.676+0800][0.696s][gc,ref      ] GC(4) Weak: 117 encountered, 33 discovered, 0 enqueued
[2024-07-21T21:23:31.676+0800][0.696s][gc,ref      ] GC(4) Final: 0 encountered, 0 discovered, 0 enqueued
[2024-07-21T21:23:31.676+0800][0.696s][gc,ref      ] GC(4) Phantom: 184 encountered, 94 discovered, 0 enqueued
[2024-07-21T21:23:31.676+0800][0.696s][gc,reloc    ] GC(4) Small Pages: 4 / 8M, Empty: 2M, Relocated: 0M, In-Place: 0
[2024-07-21T21:23:31.676+0800][0.696s][gc,reloc    ] GC(4) Medium Pages: 3 / 96M, Empty: 32M, Relocated: 14M, In-Place: 0
[2024-07-21T21:23:31.676+0800][0.696s][gc,reloc    ] GC(4) Large Pages: 0 / 0M, Empty: 0M, Relocated: 0M, In-Place: 0
[2024-07-21T21:23:31.676+0800][0.696s][gc,reloc    ] GC(4) Forwarding Usage: 0M
[2024-07-21T21:23:31.676+0800][0.696s][gc,heap     ] GC(4) Min Capacity: 8M(0%)
[2024-07-21T21:23:31.676+0800][0.696s][gc,heap     ] GC(4) Max Capacity: 2048M(100%)
[2024-07-21T21:23:31.677+0800][0.696s][gc,heap     ] GC(4) Soft Max Capacity: 256M(12%)
[2024-07-21T21:23:31.677+0800][0.696s][gc,heap     ] GC(4)                Mark Start          Mark End        Relocate Start      Relocate End           High               Low         
[2024-07-21T21:23:31.677+0800][0.696s][gc,heap     ] GC(4)  Capacity:      256M (12%)         256M (12%)         256M (12%)         256M (12%)         256M (12%)         256M (12%)    
[2024-07-21T21:23:31.677+0800][0.696s][gc,heap     ] GC(4)      Free:     1944M (95%)        1910M (93%)        1944M (95%)        1976M (96%)        1976M (96%)        1910M (93%)    
[2024-07-21T21:23:31.677+0800][0.696s][gc,heap     ] GC(4)      Used:      104M (5%)          138M (7%)          104M (5%)           72M (4%)          138M (7%)           72M (4%)     
[2024-07-21T21:23:31.677+0800][0.696s][gc,heap     ] GC(4)      Live:         -                18M (1%)           18M (1%)           18M (1%)             -                  -          
[2024-07-21T21:23:31.677+0800][0.696s][gc,heap     ] GC(4) Allocated:         -                34M (2%)           34M (2%)           34M (2%)             -                  -          
[2024-07-21T21:23:31.677+0800][0.696s][gc,heap     ] GC(4)   Garbage:         -                85M (4%)           51M (3%)           19M (1%)             -                  -          
[2024-07-21T21:23:31.677+0800][0.696s][gc,heap     ] GC(4) Reclaimed:         -                  -                34M (2%)           66M (3%)             -                  -          
[2024-07-21T21:23:31.677+0800][0.696s][gc          ] GC(4) Garbage Collection (Allocation Rate) 104M(5%)->72M(4%)
[2024-07-21T21:23:31.744+0800][0.763s][gc,start    ] GC(5) Garbage Collection (Allocation Rate)
[2024-07-21T21:23:31.744+0800][0.763s][gc,task     ] GC(5) Using 2 workers
[2024-07-21T21:23:31.744+0800][0.763s][gc,phases   ] GC(5) Pause Mark Start 0.008ms
[2024-07-21T21:23:31.760+0800][0.779s][gc,phases   ] GC(5) Concurrent Mark 15.594ms
[2024-07-21T21:23:31.760+0800][0.779s][gc,phases   ] GC(5) Pause Mark End 0.012ms
[2024-07-21T21:23:31.760+0800][0.779s][gc,phases   ] GC(5) Concurrent Mark Free 0.001ms
[2024-07-21T21:23:31.760+0800][0.780s][gc,phases   ] GC(5) Concurrent Process Non-Strong References 0.468ms
[2024-07-21T21:23:31.760+0800][0.780s][gc,phases   ] GC(5) Concurrent Reset Relocation Set 0.001ms
[2024-07-21T21:23:31.762+0800][0.782s][gc,phases   ] GC(5) Concurrent Select Relocation Set 1.966ms
[2024-07-21T21:23:31.763+0800][0.782s][gc,phases   ] GC(5) Pause Relocate Start 0.011ms
[2024-07-21T21:23:31.767+0800][0.787s][gc,phases   ] GC(5) Concurrent Relocate 4.776ms
[2024-07-21T21:23:31.767+0800][0.787s][gc,load     ] GC(5) Load: 0.00/0.00/0.00
[2024-07-21T21:23:31.768+0800][0.787s][gc,mmu      ] GC(5) MMU: 2ms/96.8%, 5ms/98.5%, 10ms/99.3%, 20ms/99.6%, 50ms/99.8%, 100ms/99.9%
[2024-07-21T21:23:31.768+0800][0.787s][gc,marking  ] GC(5) Mark: 2 stripe(s), 3 proactive flush(es), 1 terminate flush(es), 0 completion(s), 0 continuation(s) 
[2024-07-21T21:23:31.768+0800][0.787s][gc,marking  ] GC(5) Mark Stack Usage: 32M
[2024-07-21T21:23:31.768+0800][0.787s][gc,nmethod  ] GC(5) NMethods: 330 registered, 0 unregistered
[2024-07-21T21:23:31.768+0800][0.787s][gc,metaspace] GC(5) Metaspace: 1M used, 1M committed, 1032M reserved
[2024-07-21T21:23:31.768+0800][0.787s][gc,ref      ] GC(5) Soft: 53 encountered, 0 discovered, 0 enqueued
[2024-07-21T21:23:31.768+0800][0.787s][gc,ref      ] GC(5) Weak: 117 encountered, 94 discovered, 0 enqueued
[2024-07-21T21:23:31.768+0800][0.787s][gc,ref      ] GC(5) Final: 0 encountered, 0 discovered, 0 enqueued
[2024-07-21T21:23:31.768+0800][0.787s][gc,ref      ] GC(5) Phantom: 184 encountered, 119 discovered, 0 enqueued
[2024-07-21T21:23:31.768+0800][0.787s][gc,reloc    ] GC(5) Small Pages: 4 / 8M, Empty: 2M, Relocated: 0M, In-Place: 0
[2024-07-21T21:23:31.768+0800][0.787s][gc,reloc    ] GC(5) Medium Pages: 3 / 96M, Empty: 0M, Relocated: 13M, In-Place: 0
[2024-07-21T21:23:31.768+0800][0.787s][gc,reloc    ] GC(5) Large Pages: 0 / 0M, Empty: 0M, Relocated: 0M, In-Place: 0
[2024-07-21T21:23:31.768+0800][0.787s][gc,reloc    ] GC(5) Forwarding Usage: 0M
[2024-07-21T21:23:31.768+0800][0.787s][gc,heap     ] GC(5) Min Capacity: 8M(0%)
[2024-07-21T21:23:31.768+0800][0.787s][gc,heap     ] GC(5) Max Capacity: 2048M(100%)
[2024-07-21T21:23:31.768+0800][0.787s][gc,heap     ] GC(5) Soft Max Capacity: 256M(12%)
[2024-07-21T21:23:31.768+0800][0.787s][gc,heap     ] GC(5)                Mark Start          Mark End        Relocate Start      Relocate End           High               Low         
[2024-07-21T21:23:31.768+0800][0.787s][gc,heap     ] GC(5)  Capacity:      256M (12%)         256M (12%)         256M (12%)         256M (12%)         256M (12%)         256M (12%)    
[2024-07-21T21:23:31.768+0800][0.787s][gc,heap     ] GC(5)      Free:     1944M (95%)        1910M (93%)        1912M (93%)        1976M (96%)        1976M (96%)        1880M (92%)    
[2024-07-21T21:23:31.768+0800][0.787s][gc,heap     ] GC(5)      Used:      104M (5%)          138M (7%)          136M (7%)           72M (4%)          168M (8%)           72M (4%)     
[2024-07-21T21:23:31.768+0800][0.787s][gc,heap     ] GC(5)      Live:         -                17M (1%)           17M (1%)           17M (1%)             -                  -          
[2024-07-21T21:23:31.768+0800][0.787s][gc,heap     ] GC(5) Allocated:         -                34M (2%)           34M (2%)           34M (2%)             -                  -          
[2024-07-21T21:23:31.768+0800][0.787s][gc,heap     ] GC(5)   Garbage:         -                86M (4%)           84M (4%)           20M (1%)             -                  -          
[2024-07-21T21:23:31.768+0800][0.787s][gc,heap     ] GC(5) Reclaimed:         -                  -                 2M (0%)           66M (3%)             -                  -          
[2024-07-21T21:23:31.768+0800][0.787s][gc          ] GC(5) Garbage Collection (Allocation Rate) 104M(5%)->72M(4%)
[2024-07-21T21:23:31.854+0800][0.873s][gc,start    ] GC(6) Garbage Collection (Allocation Rate)
[2024-07-21T21:23:31.854+0800][0.873s][gc,task     ] GC(6) Using 2 workers
[2024-07-21T21:23:31.854+0800][0.873s][gc,phases   ] GC(6) Pause Mark Start 0.012ms
[2024-07-21T21:23:31.870+0800][0.889s][gc,phases   ] GC(6) Concurrent Mark 15.566ms
[2024-07-21T21:23:31.870+0800][0.889s][gc,phases   ] GC(6) Pause Mark End 0.018ms
[2024-07-21T21:23:31.870+0800][0.889s][gc,phases   ] GC(6) Concurrent Mark Free 0.002ms
[2024-07-21T21:23:31.871+0800][0.890s][gc,phases   ] GC(6) Concurrent Process Non-Strong References 0.649ms
[2024-07-21T21:23:31.871+0800][0.890s][gc,phases   ] GC(6) Concurrent Reset Relocation Set 0.001ms
[2024-07-21T21:23:31.876+0800][0.895s][gc,phases   ] GC(6) Concurrent Select Relocation Set 5.401ms
[2024-07-21T21:23:31.876+0800][0.896s][gc,phases   ] GC(6) Pause Relocate Start 0.013ms
[2024-07-21T21:23:31.878+0800][0.897s][gc,phases   ] GC(6) Concurrent Relocate 1.206ms
[2024-07-21T21:23:31.878+0800][0.897s][gc,load     ] GC(6) Load: 0.00/0.00/0.00
[2024-07-21T21:23:31.878+0800][0.897s][gc,mmu      ] GC(6) MMU: 2ms/96.8%, 5ms/98.5%, 10ms/99.3%, 20ms/99.6%, 50ms/99.8%, 100ms/99.9%
[2024-07-21T21:23:31.878+0800][0.897s][gc,marking  ] GC(6) Mark: 2 stripe(s), 2 proactive flush(es), 1 terminate flush(es), 0 completion(s), 0 continuation(s) 
[2024-07-21T21:23:31.878+0800][0.897s][gc,marking  ] GC(6) Mark Stack Usage: 32M
[2024-07-21T21:23:31.878+0800][0.897s][gc,nmethod  ] GC(6) NMethods: 330 registered, 0 unregistered
[2024-07-21T21:23:31.878+0800][0.897s][gc,metaspace] GC(6) Metaspace: 1M used, 1M committed, 1032M reserved
[2024-07-21T21:23:31.878+0800][0.897s][gc,ref      ] GC(6) Soft: 53 encountered, 0 discovered, 0 enqueued
[2024-07-21T21:23:31.878+0800][0.897s][gc,ref      ] GC(6) Weak: 117 encountered, 42 discovered, 0 enqueued
[2024-07-21T21:23:31.878+0800][0.897s][gc,ref      ] GC(6) Final: 0 encountered, 0 discovered, 0 enqueued
[2024-07-21T21:23:31.878+0800][0.897s][gc,ref      ] GC(6) Phantom: 184 encountered, 176 discovered, 0 enqueued
[2024-07-21T21:23:31.878+0800][0.897s][gc,reloc    ] GC(6) Small Pages: 4 / 8M, Empty: 2M, Relocated: 0M, In-Place: 0
[2024-07-21T21:23:31.878+0800][0.897s][gc,reloc    ] GC(6) Medium Pages: 4 / 128M, Empty: 64M, Relocated: 3M, In-Place: 0
[2024-07-21T21:23:31.878+0800][0.897s][gc,reloc    ] GC(6) Large Pages: 0 / 0M, Empty: 0M, Relocated: 0M, In-Place: 0
[2024-07-21T21:23:31.878+0800][0.897s][gc,reloc    ] GC(6) Forwarding Usage: 0M
[2024-07-21T21:23:31.878+0800][0.897s][gc,heap     ] GC(6) Min Capacity: 8M(0%)
[2024-07-21T21:23:31.878+0800][0.897s][gc,heap     ] GC(6) Max Capacity: 2048M(100%)
[2024-07-21T21:23:31.878+0800][0.897s][gc,heap     ] GC(6) Soft Max Capacity: 256M(12%)
[2024-07-21T21:23:31.878+0800][0.897s][gc,heap     ] GC(6)                Mark Start          Mark End        Relocate Start      Relocate End           High               Low         
[2024-07-21T21:23:31.878+0800][0.897s][gc,heap     ] GC(6)  Capacity:      256M (12%)         256M (12%)         256M (12%)         256M (12%)         256M (12%)         256M (12%)    
[2024-07-21T21:23:31.878+0800][0.897s][gc,heap     ] GC(6)      Free:     1912M (93%)        1878M (92%)        1944M (95%)        1976M (96%)        1976M (96%)        1878M (92%)    
[2024-07-21T21:23:31.878+0800][0.897s][gc,heap     ] GC(6)      Used:      136M (7%)          170M (8%)          104M (5%)           72M (4%)          170M (8%)           72M (4%)     
[2024-07-21T21:23:31.878+0800][0.897s][gc,heap     ] GC(6)      Live:         -                 7M (0%)            7M (0%)            7M (0%)             -                  -          
[2024-07-21T21:23:31.878+0800][0.897s][gc,heap     ] GC(6) Allocated:         -                34M (2%)           34M (2%)           34M (2%)             -                  -          
[2024-07-21T21:23:31.878+0800][0.897s][gc,heap     ] GC(6)   Garbage:         -               128M (6%)           62M (3%)           30M (2%)             -                  -          
[2024-07-21T21:23:31.878+0800][0.897s][gc,heap     ] GC(6) Reclaimed:         -                  -                66M (3%)           98M (5%)             -                  -          
[2024-07-21T21:23:31.878+0800][0.897s][gc          ] GC(6) Garbage Collection (Allocation Rate) 136M(7%)->72M(4%)
[2024-07-21T21:23:31.950+0800][0.969s][gc,start    ] GC(7) Garbage Collection (Allocation Rate)
[2024-07-21T21:23:31.950+0800][0.969s][gc,task     ] GC(7) Using 2 workers
[2024-07-21T21:23:31.950+0800][0.969s][gc,phases   ] GC(7) Pause Mark Start 0.017ms
[2024-07-21T21:23:31.966+0800][0.985s][gc,phases   ] GC(7) Concurrent Mark 15.341ms
[2024-07-21T21:23:31.966+0800][0.985s][gc,phases   ] GC(7) Pause Mark End 0.017ms
[2024-07-21T21:23:31.966+0800][0.985s][gc,phases   ] GC(7) Concurrent Mark Free 0.001ms
[2024-07-21T21:23:31.966+0800][0.986s][gc,phases   ] GC(7) Concurrent Process Non-Strong References 0.599ms
[2024-07-21T21:23:31.966+0800][0.986s][gc,phases   ] GC(7) Concurrent Reset Relocation Set 0.001ms
[2024-07-21T21:23:31.972+0800][0.991s][gc,phases   ] GC(7) Concurrent Select Relocation Set 5.550ms
[2024-07-21T21:23:31.972+0800][0.992s][gc,phases   ] GC(7) Pause Relocate Start 0.012ms
[2024-07-21T21:23:31.978+0800][0.998s][gc,phases   ] GC(7) Concurrent Relocate 5.721ms
[2024-07-21T21:23:31.978+0800][0.998s][gc,load     ] GC(7) Load: 0.00/0.00/0.00
[2024-07-21T21:23:31.978+0800][0.998s][gc,mmu      ] GC(7) MMU: 2ms/96.8%, 5ms/98.5%, 10ms/99.3%, 20ms/99.6%, 50ms/99.8%, 100ms/99.9%
[2024-07-21T21:23:31.978+0800][0.998s][gc,marking  ] GC(7) Mark: 2 stripe(s), 2 proactive flush(es), 1 terminate flush(es), 0 completion(s), 0 continuation(s) 
[2024-07-21T21:23:31.978+0800][0.998s][gc,marking  ] GC(7) Mark Stack Usage: 32M
[2024-07-21T21:23:31.978+0800][0.998s][gc,nmethod  ] GC(7) NMethods: 330 registered, 0 unregistered
[2024-07-21T21:23:31.978+0800][0.998s][gc,metaspace] GC(7) Metaspace: 1M used, 1M committed, 1032M reserved
[2024-07-21T21:23:31.978+0800][0.998s][gc,ref      ] GC(7) Soft: 53 encountered, 0 discovered, 0 enqueued
[2024-07-21T21:23:31.978+0800][0.998s][gc,ref      ] GC(7) Weak: 117 encountered, 94 discovered, 0 enqueued
[2024-07-21T21:23:31.978+0800][0.998s][gc,ref      ] GC(7) Final: 0 encountered, 0 discovered, 0 enqueued
[2024-07-21T21:23:31.978+0800][0.998s][gc,ref      ] GC(7) Phantom: 184 encountered, 134 discovered, 0 enqueued
[2024-07-21T21:23:31.978+0800][0.998s][gc,reloc    ] GC(7) Small Pages: 4 / 8M, Empty: 2M, Relocated: 0M, In-Place: 0
[2024-07-21T21:23:31.978+0800][0.998s][gc,reloc    ] GC(7) Medium Pages: 3 / 96M, Empty: 32M, Relocated: 14M, In-Place: 0
[2024-07-21T21:23:31.978+0800][0.998s][gc,reloc    ] GC(7) Large Pages: 0 / 0M, Empty: 0M, Relocated: 0M, In-Place: 0
[2024-07-21T21:23:31.978+0800][0.998s][gc,reloc    ] GC(7) Forwarding Usage: 0M
[2024-07-21T21:23:31.978+0800][0.998s][gc,heap     ] GC(7) Min Capacity: 8M(0%)
[2024-07-21T21:23:31.978+0800][0.998s][gc,heap     ] GC(7) Max Capacity: 2048M(100%)
[2024-07-21T21:23:31.978+0800][0.998s][gc,heap     ] GC(7) Soft Max Capacity: 256M(12%)
[2024-07-21T21:23:31.978+0800][0.998s][gc,heap     ] GC(7)                Mark Start          Mark End        Relocate Start      Relocate End           High               Low         
[2024-07-21T21:23:31.978+0800][0.998s][gc,heap     ] GC(7)  Capacity:      256M (12%)         256M (12%)         256M (12%)         256M (12%)         256M (12%)         256M (12%)    
[2024-07-21T21:23:31.978+0800][0.998s][gc,heap     ] GC(7)      Free:     1944M (95%)        1910M (93%)        1942M (95%)        1974M (96%)        1974M (96%)        1910M (93%)    
[2024-07-21T21:23:31.978+0800][0.998s][gc,heap     ] GC(7)      Used:      104M (5%)          138M (7%)          106M (5%)           74M (4%)          138M (7%)           74M (4%)     
[2024-07-21T21:23:31.978+0800][0.998s][gc,heap     ] GC(7)      Live:         -                18M (1%)           18M (1%)           18M (1%)             -                  -          
[2024-07-21T21:23:31.978+0800][0.998s][gc,heap     ] GC(7) Allocated:         -                34M (2%)           36M (2%)           36M (2%)             -                  -          
[2024-07-21T21:23:31.978+0800][0.998s][gc,heap     ] GC(7)   Garbage:         -                85M (4%)           51M (3%)           19M (1%)             -                  -          
[2024-07-21T21:23:31.978+0800][0.998s][gc,heap     ] GC(7) Reclaimed:         -                  -                34M (2%)           66M (3%)             -                  -          
[2024-07-21T21:23:31.978+0800][0.998s][gc          ] GC(7) Garbage Collection (Allocation Rate) 104M(5%)->74M(4%)
[2024-07-21T21:23:32.045+0800][1.064s][gc,start    ] GC(8) Garbage Collection (Allocation Rate)
[2024-07-21T21:23:32.045+0800][1.065s][gc,task     ] GC(8) Using 2 workers
[2024-07-21T21:23:32.045+0800][1.065s][gc,phases   ] GC(8) Pause Mark Start 0.009ms
[2024-07-21T21:23:32.061+0800][1.080s][gc,phases   ] GC(8) Concurrent Mark 15.615ms
[2024-07-21T21:23:32.061+0800][1.081s][gc,phases   ] GC(8) Pause Mark End 0.022ms
[2024-07-21T21:23:32.061+0800][1.081s][gc,phases   ] GC(8) Concurrent Mark Free 0.003ms
[2024-07-21T21:23:32.062+0800][1.081s][gc,phases   ] GC(8) Concurrent Process Non-Strong References 0.712ms
[2024-07-21T21:23:32.062+0800][1.082s][gc,phases   ] GC(8) Concurrent Reset Relocation Set 0.002ms
[2024-07-21T21:23:32.066+0800][1.086s][gc,phases   ] GC(8) Concurrent Select Relocation Set 4.192ms
[2024-07-21T21:23:32.066+0800][1.086s][gc,phases   ] GC(8) Pause Relocate Start 0.010ms
[2024-07-21T21:23:32.068+0800][1.088s][gc,phases   ] GC(8) Concurrent Relocate 1.752ms
[2024-07-21T21:23:32.068+0800][1.088s][gc,load     ] GC(8) Load: 0.00/0.00/0.00
[2024-07-21T21:23:32.068+0800][1.088s][gc,mmu      ] GC(8) MMU: 2ms/96.8%, 5ms/98.5%, 10ms/99.3%, 20ms/99.6%, 50ms/99.8%, 100ms/99.9%
[2024-07-21T21:23:32.068+0800][1.088s][gc,marking  ] GC(8) Mark: 2 stripe(s), 2 proactive flush(es), 1 terminate flush(es), 0 completion(s), 0 continuation(s) 
[2024-07-21T21:23:32.068+0800][1.088s][gc,marking  ] GC(8) Mark Stack Usage: 32M
[2024-07-21T21:23:32.068+0800][1.088s][gc,nmethod  ] GC(8) NMethods: 375 registered, 0 unregistered
[2024-07-21T21:23:32.068+0800][1.088s][gc,metaspace] GC(8) Metaspace: 1M used, 1M committed, 1032M reserved
[2024-07-21T21:23:32.068+0800][1.088s][gc,ref      ] GC(8) Soft: 93 encountered, 0 discovered, 0 enqueued
[2024-07-21T21:23:32.068+0800][1.088s][gc,ref      ] GC(8) Weak: 136 encountered, 99 discovered, 5 enqueued
[2024-07-21T21:23:32.068+0800][1.088s][gc,ref      ] GC(8) Final: 0 encountered, 0 discovered, 0 enqueued
[2024-07-21T21:23:32.068+0800][1.088s][gc,ref      ] GC(8) Phantom: 189 encountered, 123 discovered, 5 enqueued
[2024-07-21T21:23:32.068+0800][1.088s][gc,reloc    ] GC(8) Small Pages: 6 / 12M, Empty: 2M, Relocated: 1M, In-Place: 0
[2024-07-21T21:23:32.068+0800][1.088s][gc,reloc    ] GC(8) Medium Pages: 3 / 96M, Empty: 32M, Relocated: 1M, In-Place: 0
[2024-07-21T21:23:32.068+0800][1.088s][gc,reloc    ] GC(8) Large Pages: 0 / 0M, Empty: 0M, Relocated: 0M, In-Place: 0
[2024-07-21T21:23:32.068+0800][1.088s][gc,reloc    ] GC(8) Forwarding Usage: 0M
[2024-07-21T21:23:32.068+0800][1.088s][gc,heap     ] GC(8) Min Capacity: 8M(0%)
[2024-07-21T21:23:32.068+0800][1.088s][gc,heap     ] GC(8) Max Capacity: 2048M(100%)
[2024-07-21T21:23:32.068+0800][1.088s][gc,heap     ] GC(8) Soft Max Capacity: 256M(12%)
[2024-07-21T21:23:32.068+0800][1.088s][gc,heap     ] GC(8)                Mark Start          Mark End        Relocate Start      Relocate End           High               Low         
[2024-07-21T21:23:32.068+0800][1.088s][gc,heap     ] GC(8)  Capacity:      256M (12%)         256M (12%)         256M (12%)         256M (12%)         256M (12%)         256M (12%)    
[2024-07-21T21:23:32.069+0800][1.088s][gc,heap     ] GC(8)      Free:     1940M (95%)        1906M (93%)        1940M (95%)        1974M (96%)        1974M (96%)        1906M (93%)    
[2024-07-21T21:23:32.069+0800][1.088s][gc,heap     ] GC(8)      Used:      108M (5%)          142M (7%)          108M (5%)           74M (4%)          142M (7%)           74M (4%)     
[2024-07-21T21:23:32.069+0800][1.088s][gc,heap     ] GC(8)      Live:         -                 5M (0%)            5M (0%)            5M (0%)             -                  -          
[2024-07-21T21:23:32.069+0800][1.088s][gc,heap     ] GC(8) Allocated:         -                34M (2%)           34M (2%)           33M (2%)             -                  -          
[2024-07-21T21:23:32.069+0800][1.088s][gc,heap     ] GC(8)   Garbage:         -               102M (5%)           68M (3%)           34M (2%)             -                  -          
[2024-07-21T21:23:32.069+0800][1.089s][gc,heap     ] GC(8) Reclaimed:         -                  -                34M (2%)           67M (3%)             -                  -          
[2024-07-21T21:23:32.069+0800][1.089s][gc          ] GC(8) Garbage Collection (Allocation Rate) 108M(5%)->74M(4%)
[2024-07-21T21:23:32.156+0800][1.175s][gc,start    ] GC(9) Garbage Collection (Allocation Rate)
[2024-07-21T21:23:32.156+0800][1.176s][gc,task     ] GC(9) Using 2 workers
[2024-07-21T21:23:32.156+0800][1.176s][gc,phases   ] GC(9) Pause Mark Start 0.011ms
[2024-07-21T21:23:32.172+0800][1.191s][gc,phases   ] GC(9) Concurrent Mark 15.624ms
[2024-07-21T21:23:32.172+0800][1.192s][gc,phases   ] GC(9) Pause Mark End 0.020ms
[2024-07-21T21:23:32.172+0800][1.192s][gc,phases   ] GC(9) Concurrent Mark Free 0.001ms
[2024-07-21T21:23:32.173+0800][1.193s][gc,phases   ] GC(9) Concurrent Process Non-Strong References 0.989ms
[2024-07-21T21:23:32.173+0800][1.193s][gc,phases   ] GC(9) Concurrent Reset Relocation Set 0.001ms
[2024-07-21T21:23:32.175+0800][1.195s][gc,phases   ] GC(9) Concurrent Select Relocation Set 2.446ms
[2024-07-21T21:23:32.176+0800][1.195s][gc,phases   ] GC(9) Pause Relocate Start 0.008ms
[2024-07-21T21:23:32.178+0800][1.198s][gc,phases   ] GC(9) Concurrent Relocate 2.328ms
[2024-07-21T21:23:32.178+0800][1.198s][gc,load     ] GC(9) Load: 0.00/0.00/0.00
[2024-07-21T21:23:32.178+0800][1.198s][gc,mmu      ] GC(9) MMU: 2ms/96.8%, 5ms/98.5%, 10ms/99.3%, 20ms/99.6%, 50ms/99.8%, 100ms/99.9%
[2024-07-21T21:23:32.178+0800][1.198s][gc,marking  ] GC(9) Mark: 2 stripe(s), 2 proactive flush(es), 1 terminate flush(es), 0 completion(s), 0 continuation(s) 
[2024-07-21T21:23:32.178+0800][1.198s][gc,marking  ] GC(9) Mark Stack Usage: 32M
[2024-07-21T21:23:32.178+0800][1.198s][gc,nmethod  ] GC(9) NMethods: 378 registered, 0 unregistered
[2024-07-21T21:23:32.178+0800][1.198s][gc,metaspace] GC(9) Metaspace: 1M used, 1M committed, 1032M reserved
[2024-07-21T21:23:32.178+0800][1.198s][gc,ref      ] GC(9) Soft: 93 encountered, 0 discovered, 0 enqueued
[2024-07-21T21:23:32.178+0800][1.198s][gc,ref      ] GC(9) Weak: 131 encountered, 9 discovered, 0 enqueued
[2024-07-21T21:23:32.178+0800][1.198s][gc,ref      ] GC(9) Final: 0 encountered, 0 discovered, 0 enqueued
[2024-07-21T21:23:32.178+0800][1.198s][gc,ref      ] GC(9) Phantom: 184 encountered, 99 discovered, 0 enqueued
[2024-07-21T21:23:32.178+0800][1.198s][gc,reloc    ] GC(9) Small Pages: 5 / 10M, Empty: 0M, Relocated: 1M, In-Place: 0
[2024-07-21T21:23:32.178+0800][1.198s][gc,reloc    ] GC(9) Medium Pages: 4 / 128M, Empty: 64M, Relocated: 4M, In-Place: 0
[2024-07-21T21:23:32.178+0800][1.198s][gc,reloc    ] GC(9) Large Pages: 0 / 0M, Empty: 0M, Relocated: 0M, In-Place: 0
[2024-07-21T21:23:32.178+0800][1.198s][gc,reloc    ] GC(9) Forwarding Usage: 0M
[2024-07-21T21:23:32.178+0800][1.198s][gc,heap     ] GC(9) Min Capacity: 8M(0%)
[2024-07-21T21:23:32.178+0800][1.198s][gc,heap     ] GC(9) Max Capacity: 2048M(100%)
[2024-07-21T21:23:32.178+0800][1.198s][gc,heap     ] GC(9) Soft Max Capacity: 256M(12%)
[2024-07-21T21:23:32.178+0800][1.198s][gc,heap     ] GC(9)                Mark Start          Mark End        Relocate Start      Relocate End           High               Low         
[2024-07-21T21:23:32.178+0800][1.198s][gc,heap     ] GC(9)  Capacity:      256M (12%)         256M (12%)         256M (12%)         256M (12%)         256M (12%)         256M (12%)    
[2024-07-21T21:23:32.178+0800][1.198s][gc,heap     ] GC(9)      Free:     1910M (93%)        1876M (92%)        1940M (95%)        1976M (96%)        1976M (96%)        1876M (92%)    
[2024-07-21T21:23:32.178+0800][1.198s][gc,heap     ] GC(9)      Used:      138M (7%)          172M (8%)          108M (5%)           72M (4%)          172M (8%)           72M (4%)     
[2024-07-21T21:23:32.178+0800][1.198s][gc,heap     ] GC(9)      Live:         -                 8M (0%)            8M (0%)            8M (0%)             -                  -          
[2024-07-21T21:23:32.178+0800][1.198s][gc,heap     ] GC(9) Allocated:         -                34M (2%)           34M (2%)           34M (2%)             -                  -          
[2024-07-21T21:23:32.179+0800][1.198s][gc,heap     ] GC(9)   Garbage:         -               129M (6%)           65M (3%)           29M (1%)             -                  -          
[2024-07-21T21:23:32.179+0800][1.198s][gc,heap     ] GC(9) Reclaimed:         -                  -                64M (3%)          100M (5%)             -                  -          
[2024-07-21T21:23:32.179+0800][1.198s][gc          ] GC(9) Garbage Collection (Allocation Rate) 138M(7%)->72M(4%)
[2024-07-21T21:23:32.252+0800][1.271s][gc,start    ] GC(10) Garbage Collection (Allocation Rate)
[2024-07-21T21:23:32.252+0800][1.272s][gc,task     ] GC(10) Using 2 workers
[2024-07-21T21:23:32.252+0800][1.272s][gc,phases   ] GC(10) Pause Mark Start 0.013ms
[2024-07-21T21:23:32.268+0800][1.287s][gc,phases   ] GC(10) Concurrent Mark 15.615ms
[2024-07-21T21:23:32.268+0800][1.288s][gc,phases   ] GC(10) Pause Mark End 0.017ms
[2024-07-21T21:23:32.268+0800][1.288s][gc,phases   ] GC(10) Concurrent Mark Free 0.001ms
[2024-07-21T21:23:32.269+0800][1.288s][gc,phases   ] GC(10) Concurrent Process Non-Strong References 0.693ms
[2024-07-21T21:23:32.269+0800][1.288s][gc,phases   ] GC(10) Concurrent Reset Relocation Set 0.001ms
[2024-07-21T21:23:32.271+0800][1.291s][gc,phases   ] GC(10) Concurrent Select Relocation Set 2.429ms
[2024-07-21T21:23:32.271+0800][1.291s][gc,phases   ] GC(10) Pause Relocate Start 0.008ms
[2024-07-21T21:23:32.273+0800][1.293s][gc,phases   ] GC(10) Concurrent Relocate 2.027ms
[2024-07-21T21:23:32.273+0800][1.293s][gc,load     ] GC(10) Load: 0.00/0.00/0.00
[2024-07-21T21:23:32.274+0800][1.293s][gc,mmu      ] GC(10) MMU: 2ms/96.8%, 5ms/98.5%, 10ms/99.3%, 20ms/99.6%, 50ms/99.8%, 100ms/99.9%
[2024-07-21T21:23:32.274+0800][1.293s][gc,marking  ] GC(10) Mark: 2 stripe(s), 2 proactive flush(es), 1 terminate flush(es), 0 completion(s), 0 continuation(s) 
[2024-07-21T21:23:32.274+0800][1.293s][gc,marking  ] GC(10) Mark Stack Usage: 32M
[2024-07-21T21:23:32.274+0800][1.293s][gc,nmethod  ] GC(10) NMethods: 379 registered, 0 unregistered
[2024-07-21T21:23:32.274+0800][1.293s][gc,metaspace] GC(10) Metaspace: 1M used, 1M committed, 1032M reserved
[2024-07-21T21:23:32.274+0800][1.293s][gc,ref      ] GC(10) Soft: 93 encountered, 0 discovered, 0 enqueued
[2024-07-21T21:23:32.274+0800][1.293s][gc,ref      ] GC(10) Weak: 131 encountered, 1 discovered, 0 enqueued
[2024-07-21T21:23:32.274+0800][1.293s][gc,ref      ] GC(10) Final: 0 encountered, 0 discovered, 0 enqueued
[2024-07-21T21:23:32.274+0800][1.294s][gc,ref      ] GC(10) Phantom: 184 encountered, 98 discovered, 0 enqueued
[2024-07-21T21:23:32.274+0800][1.294s][gc,reloc    ] GC(10) Small Pages: 4 / 8M, Empty: 2M, Relocated: 0M, In-Place: 0
[2024-07-21T21:23:32.274+0800][1.294s][gc,reloc    ] GC(10) Medium Pages: 3 / 96M, Empty: 32M, Relocated: 4M, In-Place: 0
[2024-07-21T21:23:32.274+0800][1.294s][gc,reloc    ] GC(10) Large Pages: 0 / 0M, Empty: 0M, Relocated: 0M, In-Place: 0
[2024-07-21T21:23:32.274+0800][1.294s][gc,reloc    ] GC(10) Forwarding Usage: 0M
[2024-07-21T21:23:32.274+0800][1.294s][gc,heap     ] GC(10) Min Capacity: 8M(0%)
[2024-07-21T21:23:32.274+0800][1.294s][gc,heap     ] GC(10) Max Capacity: 2048M(100%)
[2024-07-21T21:23:32.274+0800][1.294s][gc,heap     ] GC(10) Soft Max Capacity: 256M(12%)
[2024-07-21T21:23:32.274+0800][1.294s][gc,heap     ] GC(10)                Mark Start          Mark End        Relocate Start      Relocate End           High               Low         
[2024-07-21T21:23:32.274+0800][1.294s][gc,heap     ] GC(10)  Capacity:      256M (12%)         256M (12%)         256M (12%)         256M (12%)         256M (12%)         256M (12%)    
[2024-07-21T21:23:32.274+0800][1.294s][gc,heap     ] GC(10)      Free:     1944M (95%)        1910M (93%)        1944M (95%)        1976M (96%)        1976M (96%)        1910M (93%)    
[2024-07-21T21:23:32.274+0800][1.294s][gc,heap     ] GC(10)      Used:      104M (5%)          138M (7%)          104M (5%)           72M (4%)          138M (7%)           72M (4%)     
[2024-07-21T21:23:32.274+0800][1.294s][gc,heap     ] GC(10)      Live:         -                 8M (0%)            8M (0%)            8M (0%)             -                  -          
[2024-07-21T21:23:32.274+0800][1.294s][gc,heap     ] GC(10) Allocated:         -                34M (2%)           34M (2%)           34M (2%)             -                  -          
[2024-07-21T21:23:32.274+0800][1.294s][gc,heap     ] GC(10)   Garbage:         -                95M (5%)           61M (3%)           29M (1%)             -                  -          
[2024-07-21T21:23:32.274+0800][1.294s][gc,heap     ] GC(10) Reclaimed:         -                  -                34M (2%)           66M (3%)             -                  -          
[2024-07-21T21:23:32.274+0800][1.294s][gc          ] GC(10) Garbage Collection (Allocation Rate) 104M(5%)->72M(4%)
[2024-07-21T21:23:32.347+0800][1.366s][gc,start    ] GC(11) Garbage Collection (Allocation Rate)
[2024-07-21T21:23:32.347+0800][1.367s][gc,task     ] GC(11) Using 2 workers
[2024-07-21T21:23:32.347+0800][1.367s][gc,phases   ] GC(11) Pause Mark Start 0.027ms
[2024-07-21T21:23:32.363+0800][1.382s][gc,phases   ] GC(11) Concurrent Mark 15.495ms
[2024-07-21T21:23:32.363+0800][1.383s][gc,phases   ] GC(11) Pause Mark End 0.036ms
[2024-07-21T21:23:32.363+0800][1.383s][gc,phases   ] GC(11) Concurrent Mark Free 0.002ms
[2024-07-21T21:23:32.364+0800][1.384s][gc,phases   ] GC(11) Concurrent Process Non-Strong References 0.637ms
[2024-07-21T21:23:32.364+0800][1.384s][gc,phases   ] GC(11) Concurrent Reset Relocation Set 0.001ms
[2024-07-21T21:23:32.367+0800][1.386s][gc,phases   ] GC(11) Concurrent Select Relocation Set 2.817ms
[2024-07-21T21:23:32.367+0800][1.387s][gc,phases   ] GC(11) Pause Relocate Start 0.007ms
[2024-07-21T21:23:32.371+0800][1.391s][gc,phases   ] GC(11) Concurrent Relocate 4.555ms
[2024-07-21T21:23:32.372+0800][1.391s][gc,load     ] GC(11) Load: 0.00/0.00/0.00
[2024-07-21T21:23:32.372+0800][1.391s][gc,mmu      ] GC(11) MMU: 2ms/96.8%, 5ms/98.5%, 10ms/99.3%, 20ms/99.6%, 50ms/99.8%, 100ms/99.9%
[2024-07-21T21:23:32.372+0800][1.391s][gc,marking  ] GC(11) Mark: 2 stripe(s), 2 proactive flush(es), 1 terminate flush(es), 0 completion(s), 0 continuation(s) 
[2024-07-21T21:23:32.372+0800][1.391s][gc,marking  ] GC(11) Mark Stack Usage: 32M
[2024-07-21T21:23:32.372+0800][1.392s][gc,nmethod  ] GC(11) NMethods: 380 registered, 0 unregistered
[2024-07-21T21:23:32.372+0800][1.392s][gc,metaspace] GC(11) Metaspace: 1M used, 1M committed, 1032M reserved
[2024-07-21T21:23:32.372+0800][1.392s][gc,ref      ] GC(11) Soft: 93 encountered, 0 discovered, 0 enqueued
[2024-07-21T21:23:32.372+0800][1.392s][gc,ref      ] GC(11) Weak: 131 encountered, 106 discovered, 0 enqueued
[2024-07-21T21:23:32.372+0800][1.392s][gc,ref      ] GC(11) Final: 0 encountered, 0 discovered, 0 enqueued
[2024-07-21T21:23:32.372+0800][1.392s][gc,ref      ] GC(11) Phantom: 184 encountered, 180 discovered, 0 enqueued
[2024-07-21T21:23:32.372+0800][1.392s][gc,reloc    ] GC(11) Small Pages: 4 / 8M, Empty: 2M, Relocated: 0M, In-Place: 0
[2024-07-21T21:23:32.372+0800][1.392s][gc,reloc    ] GC(11) Medium Pages: 3 / 96M, Empty: 32M, Relocated: 14M, In-Place: 0
[2024-07-21T21:23:32.372+0800][1.392s][gc,reloc    ] GC(11) Large Pages: 0 / 0M, Empty: 0M, Relocated: 0M, In-Place: 0
[2024-07-21T21:23:32.372+0800][1.392s][gc,reloc    ] GC(11) Forwarding Usage: 0M
[2024-07-21T21:23:32.372+0800][1.392s][gc,heap     ] GC(11) Min Capacity: 8M(0%)
[2024-07-21T21:23:32.372+0800][1.392s][gc,heap     ] GC(11) Max Capacity: 2048M(100%)
[2024-07-21T21:23:32.372+0800][1.392s][gc,heap     ] GC(11) Soft Max Capacity: 256M(12%)
[2024-07-21T21:23:32.373+0800][1.392s][gc,heap     ] GC(11)                Mark Start          Mark End        Relocate Start      Relocate End           High               Low         
[2024-07-21T21:23:32.373+0800][1.393s][gc,heap     ] GC(11)  Capacity:      256M (12%)         256M (12%)         256M (12%)         256M (12%)         256M (12%)         256M (12%)    
[2024-07-21T21:23:32.373+0800][1.393s][gc,heap     ] GC(11)      Free:     1944M (95%)        1910M (93%)        1944M (95%)        1976M (96%)        1976M (96%)        1910M (93%)    
[2024-07-21T21:23:32.373+0800][1.393s][gc,heap     ] GC(11)      Used:      104M (5%)          138M (7%)          104M (5%)           72M (4%)          138M (7%)           72M (4%)     
[2024-07-21T21:23:32.373+0800][1.393s][gc,heap     ] GC(11)      Live:         -                18M (1%)           18M (1%)           18M (1%)             -                  -          
[2024-07-21T21:23:32.373+0800][1.393s][gc,heap     ] GC(11) Allocated:         -                34M (2%)           34M (2%)           34M (2%)             -                  -          
[2024-07-21T21:23:32.373+0800][1.393s][gc,heap     ] GC(11)   Garbage:         -                85M (4%)           51M (3%)           19M (1%)             -                  -          
[2024-07-21T21:23:32.373+0800][1.393s][gc,heap     ] GC(11) Reclaimed:         -                  -                34M (2%)           66M (3%)             -                  -          
[2024-07-21T21:23:32.373+0800][1.393s][gc          ] GC(11) Garbage Collection (Allocation Rate) 104M(5%)->72M(4%)
[2024-07-21T21:23:32.442+0800][1.461s][gc,start    ] GC(12) Garbage Collection (Allocation Rate)
[2024-07-21T21:23:32.442+0800][1.461s][gc,task     ] GC(12) Using 2 workers
[2024-07-21T21:23:32.442+0800][1.462s][gc,phases   ] GC(12) Pause Mark Start 0.012ms
[2024-07-21T21:23:32.458+0800][1.477s][gc,phases   ] GC(12) Concurrent Mark 15.711ms
[2024-07-21T21:23:32.458+0800][1.478s][gc,phases   ] GC(12) Pause Mark End 0.015ms
[2024-07-21T21:23:32.458+0800][1.478s][gc,phases   ] GC(12) Concurrent Mark Free 0.001ms
[2024-07-21T21:23:32.459+0800][1.478s][gc,phases   ] GC(12) Concurrent Process Non-Strong References 0.713ms
[2024-07-21T21:23:32.459+0800][1.479s][gc,phases   ] GC(12) Concurrent Reset Relocation Set 0.001ms
[2024-07-21T21:23:32.462+0800][1.481s][gc,phases   ] GC(12) Concurrent Select Relocation Set 2.812ms
[2024-07-21T21:23:32.462+0800][1.482s][gc,phases   ] GC(12) Pause Relocate Start 0.009ms
[2024-07-21T21:23:32.462+0800][1.482s][gc,phases   ] GC(12) Concurrent Relocate 0.476ms
[2024-07-21T21:23:32.462+0800][1.482s][gc,load     ] GC(12) Load: 0.00/0.00/0.00
[2024-07-21T21:23:32.462+0800][1.482s][gc,mmu      ] GC(12) MMU: 2ms/96.8%, 5ms/98.5%, 10ms/99.3%, 20ms/99.6%, 50ms/99.8%, 100ms/99.9%
[2024-07-21T21:23:32.462+0800][1.482s][gc,marking  ] GC(12) Mark: 2 stripe(s), 2 proactive flush(es), 1 terminate flush(es), 0 completion(s), 0 continuation(s) 
[2024-07-21T21:23:32.462+0800][1.482s][gc,marking  ] GC(12) Mark Stack Usage: 32M
[2024-07-21T21:23:32.462+0800][1.482s][gc,nmethod  ] GC(12) NMethods: 380 registered, 0 unregistered
[2024-07-21T21:23:32.462+0800][1.482s][gc,metaspace] GC(12) Metaspace: 1M used, 1M committed, 1032M reserved
[2024-07-21T21:23:32.462+0800][1.482s][gc,ref      ] GC(12) Soft: 93 encountered, 0 discovered, 0 enqueued
[2024-07-21T21:23:32.462+0800][1.482s][gc,ref      ] GC(12) Weak: 131 encountered, 0 discovered, 0 enqueued
[2024-07-21T21:23:32.462+0800][1.482s][gc,ref      ] GC(12) Final: 0 encountered, 0 discovered, 0 enqueued
[2024-07-21T21:23:32.463+0800][1.482s][gc,ref      ] GC(12) Phantom: 184 encountered, 125 discovered, 0 enqueued
[2024-07-21T21:23:32.463+0800][1.482s][gc,reloc    ] GC(12) Small Pages: 4 / 8M, Empty: 2M, Relocated: 0M, In-Place: 0
[2024-07-21T21:23:32.463+0800][1.482s][gc,reloc    ] GC(12) Medium Pages: 3 / 96M, Empty: 32M, Relocated: 1M, In-Place: 0
[2024-07-21T21:23:32.463+0800][1.482s][gc,reloc    ] GC(12) Large Pages: 0 / 0M, Empty: 0M, Relocated: 0M, In-Place: 0
[2024-07-21T21:23:32.463+0800][1.482s][gc,reloc    ] GC(12) Forwarding Usage: 0M
[2024-07-21T21:23:32.463+0800][1.482s][gc,heap     ] GC(12) Min Capacity: 8M(0%)
[2024-07-21T21:23:32.463+0800][1.482s][gc,heap     ] GC(12) Max Capacity: 2048M(100%)
[2024-07-21T21:23:32.463+0800][1.482s][gc,heap     ] GC(12) Soft Max Capacity: 256M(12%)
[2024-07-21T21:23:32.463+0800][1.482s][gc,heap     ] GC(12)                Mark Start          Mark End        Relocate Start      Relocate End           High               Low         
[2024-07-21T21:23:32.463+0800][1.482s][gc,heap     ] GC(12)  Capacity:      256M (12%)         256M (12%)         256M (12%)         256M (12%)         256M (12%)         256M (12%)    
[2024-07-21T21:23:32.463+0800][1.483s][gc,heap     ] GC(12)      Free:     1944M (95%)        1910M (93%)        1944M (95%)        1976M (96%)        1976M (96%)        1910M (93%)    
[2024-07-21T21:23:32.463+0800][1.483s][gc,heap     ] GC(12)      Used:      104M (5%)          138M (7%)          104M (5%)           72M (4%)          138M (7%)           72M (4%)     
[2024-07-21T21:23:32.463+0800][1.483s][gc,heap     ] GC(12)      Live:         -                 5M (0%)            5M (0%)            5M (0%)             -                  -          
[2024-07-21T21:23:32.463+0800][1.483s][gc,heap     ] GC(12) Allocated:         -                34M (2%)           34M (2%)           34M (2%)             -                  -          
[2024-07-21T21:23:32.463+0800][1.483s][gc,heap     ] GC(12)   Garbage:         -                98M (5%)           64M (3%)           32M (2%)             -                  -          
[2024-07-21T21:23:32.463+0800][1.483s][gc,heap     ] GC(12) Reclaimed:         -                  -                34M (2%)           66M (3%)             -                  -          
[2024-07-21T21:23:32.463+0800][1.483s][gc          ] GC(12) Garbage Collection (Allocation Rate) 104M(5%)->72M(4%)
[2024-07-21T21:23:32.553+0800][1.572s][gc,start    ] GC(13) Garbage Collection (Allocation Rate)
[2024-07-21T21:23:32.553+0800][1.572s][gc,task     ] GC(13) Using 2 workers
[2024-07-21T21:23:32.553+0800][1.572s][gc,phases   ] GC(13) Pause Mark Start 0.011ms
[2024-07-21T21:23:32.569+0800][1.588s][gc,phases   ] GC(13) Concurrent Mark 15.593ms
[2024-07-21T21:23:32.569+0800][1.588s][gc,phases   ] GC(13) Pause Mark End 0.016ms
[2024-07-21T21:23:32.569+0800][1.588s][gc,phases   ] GC(13) Concurrent Mark Free 0.001ms
[2024-07-21T21:23:32.570+0800][1.589s][gc,phases   ] GC(13) Concurrent Process Non-Strong References 0.766ms
[2024-07-21T21:23:32.570+0800][1.589s][gc,phases   ] GC(13) Concurrent Reset Relocation Set 0.001ms
[2024-07-21T21:23:32.572+0800][1.592s][gc,phases   ] GC(13) Concurrent Select Relocation Set 2.649ms
[2024-07-21T21:23:32.573+0800][1.592s][gc,phases   ] GC(13) Pause Relocate Start 0.009ms
[2024-07-21T21:23:32.575+0800][1.594s][gc,phases   ] GC(13) Concurrent Relocate 1.945ms
[2024-07-21T21:23:32.575+0800][1.594s][gc,load     ] GC(13) Load: 0.00/0.00/0.00
[2024-07-21T21:23:32.575+0800][1.594s][gc,mmu      ] GC(13) MMU: 2ms/96.8%, 5ms/98.5%, 10ms/99.3%, 20ms/99.6%, 50ms/99.8%, 100ms/99.9%
[2024-07-21T21:23:32.575+0800][1.594s][gc,marking  ] GC(13) Mark: 2 stripe(s), 2 proactive flush(es), 1 terminate flush(es), 0 completion(s), 0 continuation(s) 
[2024-07-21T21:23:32.575+0800][1.594s][gc,marking  ] GC(13) Mark Stack Usage: 32M
[2024-07-21T21:23:32.575+0800][1.594s][gc,nmethod  ] GC(13) NMethods: 380 registered, 0 unregistered
[2024-07-21T21:23:32.575+0800][1.594s][gc,metaspace] GC(13) Metaspace: 1M used, 1M committed, 1032M reserved
[2024-07-21T21:23:32.575+0800][1.594s][gc,ref      ] GC(13) Soft: 93 encountered, 0 discovered, 0 enqueued
[2024-07-21T21:23:32.575+0800][1.594s][gc,ref      ] GC(13) Weak: 131 encountered, 106 discovered, 0 enqueued
[2024-07-21T21:23:32.575+0800][1.594s][gc,ref      ] GC(13) Final: 0 encountered, 0 discovered, 0 enqueued
[2024-07-21T21:23:32.575+0800][1.594s][gc,ref      ] GC(13) Phantom: 184 encountered, 180 discovered, 0 enqueued
[2024-07-21T21:23:32.575+0800][1.594s][gc,reloc    ] GC(13) Small Pages: 4 / 8M, Empty: 2M, Relocated: 0M, In-Place: 0
[2024-07-21T21:23:32.575+0800][1.594s][gc,reloc    ] GC(13) Medium Pages: 4 / 128M, Empty: 64M, Relocated: 3M, In-Place: 0
[2024-07-21T21:23:32.575+0800][1.594s][gc,reloc    ] GC(13) Large Pages: 0 / 0M, Empty: 0M, Relocated: 0M, In-Place: 0
[2024-07-21T21:23:32.575+0800][1.594s][gc,reloc    ] GC(13) Forwarding Usage: 0M
[2024-07-21T21:23:32.575+0800][1.594s][gc,heap     ] GC(13) Min Capacity: 8M(0%)
[2024-07-21T21:23:32.575+0800][1.594s][gc,heap     ] GC(13) Max Capacity: 2048M(100%)
[2024-07-21T21:23:32.575+0800][1.594s][gc,heap     ] GC(13) Soft Max Capacity: 256M(12%)
[2024-07-21T21:23:32.575+0800][1.594s][gc,heap     ] GC(13)                Mark Start          Mark End        Relocate Start      Relocate End           High               Low         
[2024-07-21T21:23:32.575+0800][1.594s][gc,heap     ] GC(13)  Capacity:      256M (12%)         256M (12%)         256M (12%)         256M (12%)         256M (12%)         256M (12%)    
[2024-07-21T21:23:32.575+0800][1.595s][gc,heap     ] GC(13)      Free:     1912M (93%)        1878M (92%)        1944M (95%)        1976M (96%)        1976M (96%)        1878M (92%)    
[2024-07-21T21:23:32.575+0800][1.595s][gc,heap     ] GC(13)      Used:      136M (7%)          170M (8%)          104M (5%)           72M (4%)          170M (8%)           72M (4%)     
[2024-07-21T21:23:32.575+0800][1.595s][gc,heap     ] GC(13)      Live:         -                 7M (0%)            7M (0%)            7M (0%)             -                  -          
[2024-07-21T21:23:32.575+0800][1.595s][gc,heap     ] GC(13) Allocated:         -                34M (2%)           34M (2%)           34M (2%)             -                  -          
[2024-07-21T21:23:32.575+0800][1.595s][gc,heap     ] GC(13)   Garbage:         -               128M (6%)           62M (3%)           30M (1%)             -                  -          
[2024-07-21T21:23:32.575+0800][1.595s][gc,heap     ] GC(13) Reclaimed:         -                  -                66M (3%)           98M (5%)             -                  -          
[2024-07-21T21:23:32.575+0800][1.595s][gc          ] GC(13) Garbage Collection (Allocation Rate) 136M(7%)->72M(4%)
[2024-07-21T21:23:32.646+0800][1.665s][gc,start    ] GC(14) Garbage Collection (Allocation Rate)
[2024-07-21T21:23:32.646+0800][1.665s][gc,task     ] GC(14) Using 2 workers
[2024-07-21T21:23:32.646+0800][1.665s][gc,phases   ] GC(14) Pause Mark Start 0.005ms
[2024-07-21T21:23:32.662+0800][1.681s][gc,phases   ] GC(14) Concurrent Mark 15.779ms
[2024-07-21T21:23:32.662+0800][1.681s][gc,phases   ] GC(14) Pause Mark End 0.015ms
[2024-07-21T21:23:32.662+0800][1.681s][gc,phases   ] GC(14) Concurrent Mark Free 0.001ms
[2024-07-21T21:23:32.662+0800][1.682s][gc,phases   ] GC(14) Concurrent Process Non-Strong References 0.516ms
[2024-07-21T21:23:32.663+0800][1.682s][gc,phases   ] GC(14) Concurrent Reset Relocation Set 0.001ms
[2024-07-21T21:23:32.664+0800][1.684s][gc,phases   ] GC(14) Concurrent Select Relocation Set 1.811ms
[2024-07-21T21:23:32.665+0800][1.684s][gc,phases   ] GC(14) Pause Relocate Start 0.006ms
[2024-07-21T21:23:32.665+0800][1.684s][gc,phases   ] GC(14) Concurrent Relocate 0.318ms
[2024-07-21T21:23:32.665+0800][1.684s][gc,load     ] GC(14) Load: 0.00/0.00/0.00
[2024-07-21T21:23:32.665+0800][1.684s][gc,mmu      ] GC(14) MMU: 2ms/96.8%, 5ms/98.5%, 10ms/99.3%, 20ms/99.6%, 50ms/99.8%, 100ms/99.9%
[2024-07-21T21:23:32.665+0800][1.685s][gc,marking  ] GC(14) Mark: 2 stripe(s), 2 proactive flush(es), 1 terminate flush(es), 0 completion(s), 0 continuation(s) 
[2024-07-21T21:23:32.665+0800][1.685s][gc,marking  ] GC(14) Mark Stack Usage: 32M
[2024-07-21T21:23:32.665+0800][1.685s][gc,nmethod  ] GC(14) NMethods: 382 registered, 0 unregistered
[2024-07-21T21:23:32.665+0800][1.685s][gc,metaspace] GC(14) Metaspace: 1M used, 1M committed, 1032M reserved
[2024-07-21T21:23:32.665+0800][1.685s][gc,ref      ] GC(14) Soft: 93 encountered, 0 discovered, 0 enqueued
[2024-07-21T21:23:32.665+0800][1.685s][gc,ref      ] GC(14) Weak: 131 encountered, 106 discovered, 0 enqueued
[2024-07-21T21:23:32.665+0800][1.685s][gc,ref      ] GC(14) Final: 0 encountered, 0 discovered, 0 enqueued
[2024-07-21T21:23:32.665+0800][1.685s][gc,ref      ] GC(14) Phantom: 184 encountered, 180 discovered, 0 enqueued
[2024-07-21T21:23:32.665+0800][1.685s][gc,reloc    ] GC(14) Small Pages: 4 / 8M, Empty: 2M, Relocated: 0M, In-Place: 0
[2024-07-21T21:23:32.665+0800][1.685s][gc,reloc    ] GC(14) Medium Pages: 3 / 96M, Empty: 32M, Relocated: 1M, In-Place: 0
[2024-07-21T21:23:32.665+0800][1.685s][gc,reloc    ] GC(14) Large Pages: 0 / 0M, Empty: 0M, Relocated: 0M, In-Place: 0
[2024-07-21T21:23:32.665+0800][1.685s][gc,reloc    ] GC(14) Forwarding Usage: 0M
[2024-07-21T21:23:32.665+0800][1.685s][gc,heap     ] GC(14) Min Capacity: 8M(0%)
[2024-07-21T21:23:32.665+0800][1.685s][gc,heap     ] GC(14) Max Capacity: 2048M(100%)
[2024-07-21T21:23:32.665+0800][1.685s][gc,heap     ] GC(14) Soft Max Capacity: 256M(12%)
[2024-07-21T21:23:32.665+0800][1.685s][gc,heap     ] GC(14)                Mark Start          Mark End        Relocate Start      Relocate End           High               Low         
[2024-07-21T21:23:32.665+0800][1.685s][gc,heap     ] GC(14)  Capacity:      256M (12%)         256M (12%)         256M (12%)         256M (12%)         256M (12%)         256M (12%)    
[2024-07-21T21:23:32.665+0800][1.685s][gc,heap     ] GC(14)      Free:     1944M (95%)        1910M (93%)        1944M (95%)        1976M (96%)        1976M (96%)        1910M (93%)    
[2024-07-21T21:23:32.665+0800][1.685s][gc,heap     ] GC(14)      Used:      104M (5%)          138M (7%)          104M (5%)           72M (4%)          138M (7%)           72M (4%)     
[2024-07-21T21:23:32.665+0800][1.685s][gc,heap     ] GC(14)      Live:         -                 5M (0%)            5M (0%)            5M (0%)             -                  -          
[2024-07-21T21:23:32.665+0800][1.685s][gc,heap     ] GC(14) Allocated:         -                34M (2%)           34M (2%)           34M (2%)             -                  -          
[2024-07-21T21:23:32.665+0800][1.685s][gc,heap     ] GC(14)   Garbage:         -                98M (5%)           64M (3%)           32M (2%)             -                  -          
[2024-07-21T21:23:32.665+0800][1.685s][gc,heap     ] GC(14) Reclaimed:         -                  -                34M (2%)           66M (3%)             -                  -          
[2024-07-21T21:23:32.665+0800][1.685s][gc          ] GC(14) Garbage Collection (Allocation Rate) 104M(5%)->72M(4%)
[2024-07-21T21:23:32.743+0800][1.762s][gc,start    ] GC(15) Garbage Collection (Allocation Rate)
[2024-07-21T21:23:32.743+0800][1.762s][gc,task     ] GC(15) Using 2 workers
[2024-07-21T21:23:32.743+0800][1.762s][gc,phases   ] GC(15) Pause Mark Start 0.006ms
[2024-07-21T21:23:32.757+0800][1.776s][gc,phases   ] GC(15) Concurrent Mark 13.704ms
[2024-07-21T21:23:32.757+0800][1.777s][gc,phases   ] GC(15) Pause Mark End 0.027ms
[2024-07-21T21:23:32.757+0800][1.777s][gc,phases   ] GC(15) Concurrent Mark Free 0.001ms
[2024-07-21T21:23:32.759+0800][1.778s][gc,phases   ] GC(15) Concurrent Process Non-Strong References 1.348ms
[2024-07-21T21:23:32.759+0800][1.778s][gc,phases   ] GC(15) Concurrent Reset Relocation Set 0.002ms
[2024-07-21T21:23:32.761+0800][1.780s][gc,phases   ] GC(15) Concurrent Select Relocation Set 2.214ms
[2024-07-21T21:23:32.761+0800][1.781s][gc,phases   ] GC(15) Pause Relocate Start 0.014ms
[2024-07-21T21:23:32.762+0800][1.781s][gc,phases   ] GC(15) Concurrent Relocate 0.625ms
[2024-07-21T21:23:32.762+0800][1.781s][gc,load     ] GC(15) Load: 0.00/0.00/0.00
[2024-07-21T21:23:32.762+0800][1.781s][gc,mmu      ] GC(15) MMU: 2ms/96.8%, 5ms/98.5%, 10ms/99.3%, 20ms/99.6%, 50ms/99.8%, 100ms/99.9%
[2024-07-21T21:23:32.762+0800][1.781s][gc,marking  ] GC(15) Mark: 2 stripe(s), 2 proactive flush(es), 1 terminate flush(es), 0 completion(s), 0 continuation(s) 
[2024-07-21T21:23:32.762+0800][1.781s][gc,marking  ] GC(15) Mark Stack Usage: 32M
[2024-07-21T21:23:32.762+0800][1.781s][gc,nmethod  ] GC(15) NMethods: 384 registered, 0 unregistered
[2024-07-21T21:23:32.762+0800][1.781s][gc,metaspace] GC(15) Metaspace: 1M used, 1M committed, 1032M reserved
[2024-07-21T21:23:32.762+0800][1.782s][gc,ref      ] GC(15) Soft: 93 encountered, 0 discovered, 0 enqueued
[2024-07-21T21:23:32.762+0800][1.782s][gc,ref      ] GC(15) Weak: 131 encountered, 0 discovered, 0 enqueued
[2024-07-21T21:23:32.762+0800][1.782s][gc,ref      ] GC(15) Final: 0 encountered, 0 discovered, 0 enqueued
[2024-07-21T21:23:32.762+0800][1.782s][gc,ref      ] GC(15) Phantom: 184 encountered, 127 discovered, 0 enqueued
[2024-07-21T21:23:32.762+0800][1.782s][gc,reloc    ] GC(15) Small Pages: 4 / 8M, Empty: 2M, Relocated: 0M, In-Place: 0
[2024-07-21T21:23:32.762+0800][1.782s][gc,reloc    ] GC(15) Medium Pages: 4 / 128M, Empty: 64M, Relocated: 1M, In-Place: 0
[2024-07-21T21:23:32.762+0800][1.782s][gc,reloc    ] GC(15) Large Pages: 0 / 0M, Empty: 0M, Relocated: 0M, In-Place: 0
[2024-07-21T21:23:32.762+0800][1.782s][gc,reloc    ] GC(15) Forwarding Usage: 0M
[2024-07-21T21:23:32.762+0800][1.782s][gc,heap     ] GC(15) Min Capacity: 8M(0%)
[2024-07-21T21:23:32.762+0800][1.782s][gc,heap     ] GC(15) Max Capacity: 2048M(100%)
[2024-07-21T21:23:32.762+0800][1.782s][gc,heap     ] GC(15) Soft Max Capacity: 256M(12%)
[2024-07-21T21:23:32.762+0800][1.782s][gc,heap     ] GC(15)                Mark Start          Mark End        Relocate Start      Relocate End           High               Low         
[2024-07-21T21:23:32.762+0800][1.782s][gc,heap     ] GC(15)  Capacity:      256M (12%)         256M (12%)         256M (12%)         256M (12%)         256M (12%)         256M (12%)    
[2024-07-21T21:23:32.762+0800][1.782s][gc,heap     ] GC(15)      Free:     1912M (93%)        1878M (92%)        1944M (95%)        1976M (96%)        1976M (96%)        1878M (92%)    
[2024-07-21T21:23:32.762+0800][1.782s][gc,heap     ] GC(15)      Used:      136M (7%)          170M (8%)          104M (5%)           72M (4%)          170M (8%)           72M (4%)     
[2024-07-21T21:23:32.762+0800][1.782s][gc,heap     ] GC(15)      Live:         -                 5M (0%)            5M (0%)            5M (0%)             -                  -          
[2024-07-21T21:23:32.762+0800][1.782s][gc,heap     ] GC(15) Allocated:         -                34M (2%)           34M (2%)           34M (2%)             -                  -          
[2024-07-21T21:23:32.762+0800][1.782s][gc,heap     ] GC(15)   Garbage:         -               130M (6%)           64M (3%)           32M (2%)             -                  -          
[2024-07-21T21:23:32.762+0800][1.782s][gc,heap     ] GC(15) Reclaimed:         -                  -                66M (3%)           98M (5%)             -                  -          
[2024-07-21T21:23:32.762+0800][1.782s][gc          ] GC(15) Garbage Collection (Allocation Rate) 136M(7%)->72M(4%)
[2024-07-21T21:23:32.852+0800][1.871s][gc,start    ] GC(16) Garbage Collection (Allocation Rate)
[2024-07-21T21:23:32.852+0800][1.871s][gc,task     ] GC(16) Using 2 workers
[2024-07-21T21:23:32.852+0800][1.872s][gc,phases   ] GC(16) Pause Mark Start 0.006ms
[2024-07-21T21:23:32.867+0800][1.887s][gc,phases   ] GC(16) Concurrent Mark 14.739ms
[2024-07-21T21:23:32.867+0800][1.887s][gc,phases   ] GC(16) Pause Mark End 0.011ms
[2024-07-21T21:23:32.868+0800][1.887s][gc,phases   ] GC(16) Concurrent Mark Free 0.001ms
[2024-07-21T21:23:32.869+0800][1.888s][gc,phases   ] GC(16) Concurrent Process Non-Strong References 0.903ms
[2024-07-21T21:23:32.869+0800][1.888s][gc,phases   ] GC(16) Concurrent Reset Relocation Set 0.001ms
[2024-07-21T21:23:32.870+0800][1.890s][gc,phases   ] GC(16) Concurrent Select Relocation Set 1.642ms
[2024-07-21T21:23:32.871+0800][1.890s][gc,phases   ] GC(16) Pause Relocate Start 0.006ms
[2024-07-21T21:23:32.871+0800][1.891s][gc,phases   ] GC(16) Concurrent Relocate 0.721ms
[2024-07-21T21:23:32.871+0800][1.891s][gc,load     ] GC(16) Load: 0.00/0.00/0.00
[2024-07-21T21:23:32.871+0800][1.891s][gc,mmu      ] GC(16) MMU: 2ms/96.8%, 5ms/98.5%, 10ms/99.3%, 20ms/99.6%, 50ms/99.8%, 100ms/99.9%
[2024-07-21T21:23:32.871+0800][1.891s][gc,marking  ] GC(16) Mark: 2 stripe(s), 2 proactive flush(es), 1 terminate flush(es), 0 completion(s), 0 continuation(s) 
[2024-07-21T21:23:32.872+0800][1.891s][gc,marking  ] GC(16) Mark Stack Usage: 32M
[2024-07-21T21:23:32.872+0800][1.891s][gc,nmethod  ] GC(16) NMethods: 387 registered, 0 unregistered
[2024-07-21T21:23:32.872+0800][1.891s][gc,metaspace] GC(16) Metaspace: 1M used, 1M committed, 1032M reserved
[2024-07-21T21:23:32.872+0800][1.891s][gc,ref      ] GC(16) Soft: 93 encountered, 0 discovered, 0 enqueued
[2024-07-21T21:23:32.872+0800][1.891s][gc,ref      ] GC(16) Weak: 131 encountered, 0 discovered, 0 enqueued
[2024-07-21T21:23:32.872+0800][1.891s][gc,ref      ] GC(16) Final: 0 encountered, 0 discovered, 0 enqueued
[2024-07-21T21:23:32.872+0800][1.891s][gc,ref      ] GC(16) Phantom: 184 encountered, 179 discovered, 0 enqueued
[2024-07-21T21:23:32.872+0800][1.891s][gc,reloc    ] GC(16) Small Pages: 4 / 8M, Empty: 2M, Relocated: 0M, In-Place: 0
[2024-07-21T21:23:32.872+0800][1.891s][gc,reloc    ] GC(16) Medium Pages: 4 / 128M, Empty: 64M, Relocated: 2M, In-Place: 0
[2024-07-21T21:23:32.872+0800][1.891s][gc,reloc    ] GC(16) Large Pages: 0 / 0M, Empty: 0M, Relocated: 0M, In-Place: 0
[2024-07-21T21:23:32.872+0800][1.891s][gc,reloc    ] GC(16) Forwarding Usage: 0M
[2024-07-21T21:23:32.872+0800][1.891s][gc,heap     ] GC(16) Min Capacity: 8M(0%)
[2024-07-21T21:23:32.872+0800][1.891s][gc,heap     ] GC(16) Max Capacity: 2048M(100%)
[2024-07-21T21:23:32.872+0800][1.891s][gc,heap     ] GC(16) Soft Max Capacity: 256M(12%)
[2024-07-21T21:23:32.872+0800][1.891s][gc,heap     ] GC(16)                Mark Start          Mark End        Relocate Start      Relocate End           High               Low         
[2024-07-21T21:23:32.872+0800][1.891s][gc,heap     ] GC(16)  Capacity:      256M (12%)         256M (12%)         256M (12%)         256M (12%)         256M (12%)         256M (12%)    
[2024-07-21T21:23:32.872+0800][1.891s][gc,heap     ] GC(16)      Free:     1912M (93%)        1878M (92%)        1944M (95%)        1976M (96%)        1976M (96%)        1878M (92%)    
[2024-07-21T21:23:32.872+0800][1.891s][gc,heap     ] GC(16)      Used:      136M (7%)          170M (8%)          104M (5%)           72M (4%)          170M (8%)           72M (4%)     
[2024-07-21T21:23:32.872+0800][1.891s][gc,heap     ] GC(16)      Live:         -                 6M (0%)            6M (0%)            6M (0%)             -                  -          
[2024-07-21T21:23:32.872+0800][1.891s][gc,heap     ] GC(16) Allocated:         -                34M (2%)           34M (2%)           34M (2%)             -                  -          
[2024-07-21T21:23:32.872+0800][1.891s][gc,heap     ] GC(16)   Garbage:         -               129M (6%)           63M (3%)           31M (2%)             -                  -          
[2024-07-21T21:23:32.872+0800][1.891s][gc,heap     ] GC(16) Reclaimed:         -                  -                66M (3%)           98M (5%)             -                  -          
[2024-07-21T21:23:32.872+0800][1.891s][gc          ] GC(16) Garbage Collection (Allocation Rate) 136M(7%)->72M(4%)
[2024-07-21T21:23:32.947+0800][1.966s][gc,start    ] GC(17) Garbage Collection (Allocation Rate)
[2024-07-21T21:23:32.947+0800][1.966s][gc,task     ] GC(17) Using 2 workers
[2024-07-21T21:23:32.947+0800][1.966s][gc,phases   ] GC(17) Pause Mark Start 0.010ms
[2024-07-21T21:23:32.963+0800][1.982s][gc,phases   ] GC(17) Concurrent Mark 15.575ms
[2024-07-21T21:23:32.964+0800][1.983s][gc,phases   ] GC(17) Pause Mark End 0.064ms
[2024-07-21T21:23:32.964+0800][1.983s][gc,phases   ] GC(17) Concurrent Mark Free 0.004ms
[2024-07-21T21:23:32.965+0800][1.984s][gc,phases   ] GC(17) Concurrent Process Non-Strong References 0.892ms
[2024-07-21T21:23:32.965+0800][1.984s][gc,phases   ] GC(17) Concurrent Reset Relocation Set 0.005ms
[2024-07-21T21:23:32.968+0800][1.987s][gc,phases   ] GC(17) Concurrent Select Relocation Set 3.034ms
[2024-07-21T21:23:32.968+0800][1.987s][gc,phases   ] GC(17) Pause Relocate Start 0.007ms
[2024-07-21T21:23:32.969+0800][1.988s][gc,phases   ] GC(17) Concurrent Relocate 0.732ms
[2024-07-21T21:23:32.969+0800][1.988s][gc,load     ] GC(17) Load: 0.00/0.00/0.00
[2024-07-21T21:23:32.969+0800][1.988s][gc,mmu      ] GC(17) MMU: 2ms/96.8%, 5ms/98.5%, 10ms/99.3%, 20ms/99.6%, 50ms/99.8%, 100ms/99.9%
[2024-07-21T21:23:32.969+0800][1.988s][gc,marking  ] GC(17) Mark: 2 stripe(s), 2 proactive flush(es), 1 terminate flush(es), 0 completion(s), 0 continuation(s) 
[2024-07-21T21:23:32.969+0800][1.988s][gc,marking  ] GC(17) Mark Stack Usage: 32M
[2024-07-21T21:23:32.969+0800][1.988s][gc,nmethod  ] GC(17) NMethods: 387 registered, 0 unregistered
[2024-07-21T21:23:32.969+0800][1.988s][gc,metaspace] GC(17) Metaspace: 1M used, 1M committed, 1032M reserved
[2024-07-21T21:23:32.969+0800][1.988s][gc,ref      ] GC(17) Soft: 93 encountered, 0 discovered, 0 enqueued
[2024-07-21T21:23:32.969+0800][1.988s][gc,ref      ] GC(17) Weak: 131 encountered, 0 discovered, 0 enqueued
[2024-07-21T21:23:32.969+0800][1.989s][gc,ref      ] GC(17) Final: 0 encountered, 0 discovered, 0 enqueued
[2024-07-21T21:23:32.969+0800][1.989s][gc,ref      ] GC(17) Phantom: 184 encountered, 134 discovered, 0 enqueued
[2024-07-21T21:23:32.969+0800][1.989s][gc,reloc    ] GC(17) Small Pages: 4 / 8M, Empty: 2M, Relocated: 0M, In-Place: 0
[2024-07-21T21:23:32.969+0800][1.989s][gc,reloc    ] GC(17) Medium Pages: 3 / 96M, Empty: 32M, Relocated: 2M, In-Place: 0
[2024-07-21T21:23:32.969+0800][1.989s][gc,reloc    ] GC(17) Large Pages: 0 / 0M, Empty: 0M, Relocated: 0M, In-Place: 0
[2024-07-21T21:23:32.969+0800][1.989s][gc,reloc    ] GC(17) Forwarding Usage: 0M
[2024-07-21T21:23:32.969+0800][1.989s][gc,heap     ] GC(17) Min Capacity: 8M(0%)
[2024-07-21T21:23:32.969+0800][1.989s][gc,heap     ] GC(17) Max Capacity: 2048M(100%)
[2024-07-21T21:23:32.969+0800][1.989s][gc,heap     ] GC(17) Soft Max Capacity: 256M(12%)
[2024-07-21T21:23:32.969+0800][1.989s][gc,heap     ] GC(17)                Mark Start          Mark End        Relocate Start      Relocate End           High               Low         
[2024-07-21T21:23:32.969+0800][1.989s][gc,heap     ] GC(17)  Capacity:      256M (12%)         256M (12%)         256M (12%)         256M (12%)         256M (12%)         256M (12%)    
[2024-07-21T21:23:32.969+0800][1.989s][gc,heap     ] GC(17)      Free:     1944M (95%)        1910M (93%)        1944M (95%)        1976M (96%)        1976M (96%)        1910M (93%)    
[2024-07-21T21:23:32.969+0800][1.989s][gc,heap     ] GC(17)      Used:      104M (5%)          138M (7%)          104M (5%)           72M (4%)          138M (7%)           72M (4%)     
[2024-07-21T21:23:32.969+0800][1.989s][gc,heap     ] GC(17)      Live:         -                 6M (0%)            6M (0%)            6M (0%)             -                  -          
[2024-07-21T21:23:32.969+0800][1.989s][gc,heap     ] GC(17) Allocated:         -                34M (2%)           34M (2%)           34M (2%)             -                  -          
[2024-07-21T21:23:32.969+0800][1.989s][gc,heap     ] GC(17)   Garbage:         -                97M (5%)           63M (3%)           31M (2%)             -                  -          
[2024-07-21T21:23:32.970+0800][1.989s][gc,heap     ] GC(17) Reclaimed:         -                  -                34M (2%)           66M (3%)             -                  -          
[2024-07-21T21:23:32.970+0800][1.989s][gc          ] GC(17) Garbage Collection (Allocation Rate) 104M(5%)->72M(4%)
[2024-07-21T21:23:33.043+0800][2.062s][gc,start    ] GC(18) Garbage Collection (Allocation Rate)
[2024-07-21T21:23:33.043+0800][2.062s][gc,task     ] GC(18) Using 2 workers
[2024-07-21T21:23:33.043+0800][2.062s][gc,phases   ] GC(18) Pause Mark Start 0.011ms
[2024-07-21T21:23:33.059+0800][2.078s][gc,phases   ] GC(18) Concurrent Mark 15.306ms
[2024-07-21T21:23:33.059+0800][2.078s][gc,phases   ] GC(18) Pause Mark End 0.011ms
[2024-07-21T21:23:33.059+0800][2.078s][gc,phases   ] GC(18) Concurrent Mark Free 0.002ms
[2024-07-21T21:23:33.060+0800][2.079s][gc,phases   ] GC(18) Concurrent Process Non-Strong References 0.926ms
[2024-07-21T21:23:33.060+0800][2.079s][gc,phases   ] GC(18) Concurrent Reset Relocation Set 0.001ms
[2024-07-21T21:23:33.062+0800][2.081s][gc,phases   ] GC(18) Concurrent Select Relocation Set 1.967ms
[2024-07-21T21:23:33.062+0800][2.082s][gc,phases   ] GC(18) Pause Relocate Start 0.006ms
[2024-07-21T21:23:33.063+0800][2.082s][gc,phases   ] GC(18) Concurrent Relocate 0.568ms
[2024-07-21T21:23:33.063+0800][2.082s][gc,load     ] GC(18) Load: 0.00/0.00/0.00
[2024-07-21T21:23:33.063+0800][2.082s][gc,mmu      ] GC(18) MMU: 2ms/96.8%, 5ms/98.5%, 10ms/99.3%, 20ms/99.6%, 50ms/99.8%, 100ms/99.9%
[2024-07-21T21:23:33.063+0800][2.082s][gc,marking  ] GC(18) Mark: 2 stripe(s), 2 proactive flush(es), 1 terminate flush(es), 0 completion(s), 0 continuation(s) 
[2024-07-21T21:23:33.063+0800][2.082s][gc,marking  ] GC(18) Mark Stack Usage: 32M
[2024-07-21T21:23:33.063+0800][2.082s][gc,nmethod  ] GC(18) NMethods: 387 registered, 0 unregistered
[2024-07-21T21:23:33.063+0800][2.082s][gc,metaspace] GC(18) Metaspace: 1M used, 1M committed, 1032M reserved
[2024-07-21T21:23:33.063+0800][2.082s][gc,ref      ] GC(18) Soft: 93 encountered, 0 discovered, 0 enqueued
[2024-07-21T21:23:33.063+0800][2.082s][gc,ref      ] GC(18) Weak: 131 encountered, 57 discovered, 0 enqueued
[2024-07-21T21:23:33.063+0800][2.082s][gc,ref      ] GC(18) Final: 0 encountered, 0 discovered, 0 enqueued
[2024-07-21T21:23:33.063+0800][2.082s][gc,ref      ] GC(18) Phantom: 184 encountered, 127 discovered, 0 enqueued
[2024-07-21T21:23:33.063+0800][2.083s][gc,reloc    ] GC(18) Small Pages: 4 / 8M, Empty: 2M, Relocated: 0M, In-Place: 0
[2024-07-21T21:23:33.063+0800][2.083s][gc,reloc    ] GC(18) Medium Pages: 3 / 96M, Empty: 32M, Relocated: 3M, In-Place: 0
[2024-07-21T21:23:33.063+0800][2.083s][gc,reloc    ] GC(18) Large Pages: 0 / 0M, Empty: 0M, Relocated: 0M, In-Place: 0
[2024-07-21T21:23:33.063+0800][2.083s][gc,reloc    ] GC(18) Forwarding Usage: 0M
[2024-07-21T21:23:33.063+0800][2.083s][gc,heap     ] GC(18) Min Capacity: 8M(0%)
[2024-07-21T21:23:33.063+0800][2.083s][gc,heap     ] GC(18) Max Capacity: 2048M(100%)
[2024-07-21T21:23:33.063+0800][2.083s][gc,heap     ] GC(18) Soft Max Capacity: 256M(12%)
[2024-07-21T21:23:33.063+0800][2.083s][gc,heap     ] GC(18)                Mark Start          Mark End        Relocate Start      Relocate End           High               Low         
[2024-07-21T21:23:33.063+0800][2.083s][gc,heap     ] GC(18)  Capacity:      256M (12%)         256M (12%)         256M (12%)         256M (12%)         256M (12%)         256M (12%)    
[2024-07-21T21:23:33.063+0800][2.083s][gc,heap     ] GC(18)      Free:     1944M (95%)        1910M (93%)        1944M (95%)        1976M (96%)        1976M (96%)        1910M (93%)    
[2024-07-21T21:23:33.063+0800][2.083s][gc,heap     ] GC(18)      Used:      104M (5%)          138M (7%)          104M (5%)           72M (4%)          138M (7%)           72M (4%)     
[2024-07-21T21:23:33.063+0800][2.083s][gc,heap     ] GC(18)      Live:         -                 7M (0%)            7M (0%)            7M (0%)             -                  -          
[2024-07-21T21:23:33.063+0800][2.083s][gc,heap     ] GC(18) Allocated:         -                34M (2%)           34M (2%)           34M (2%)             -                  -          
[2024-07-21T21:23:33.063+0800][2.083s][gc,heap     ] GC(18)   Garbage:         -                96M (5%)           62M (3%)           30M (1%)             -                  -          
[2024-07-21T21:23:33.063+0800][2.083s][gc,heap     ] GC(18) Reclaimed:         -                  -                34M (2%)           66M (3%)             -                  -          
[2024-07-21T21:23:33.063+0800][2.083s][gc          ] GC(18) Garbage Collection (Allocation Rate) 104M(5%)->72M(4%)
[2024-07-21T21:23:33.154+0800][2.173s][gc,start    ] GC(19) Garbage Collection (Allocation Rate)
[2024-07-21T21:23:33.154+0800][2.174s][gc,task     ] GC(19) Using 2 workers
[2024-07-21T21:23:33.154+0800][2.174s][gc,phases   ] GC(19) Pause Mark Start 0.015ms
[2024-07-21T21:23:33.170+0800][2.189s][gc,phases   ] GC(19) Concurrent Mark 14.440ms
[2024-07-21T21:23:33.170+0800][2.190s][gc,phases   ] GC(19) Pause Mark End 0.011ms
[2024-07-21T21:23:33.170+0800][2.190s][gc,phases   ] GC(19) Concurrent Mark Free 0.001ms
[2024-07-21T21:23:33.171+0800][2.191s][gc,phases   ] GC(19) Concurrent Process Non-Strong References 1.125ms
[2024-07-21T21:23:33.171+0800][2.191s][gc,phases   ] GC(19) Concurrent Reset Relocation Set 0.005ms
[2024-07-21T21:23:33.175+0800][2.195s][gc,phases   ] GC(19) Concurrent Select Relocation Set 3.877ms
[2024-07-21T21:23:33.176+0800][2.196s][gc,phases   ] GC(19) Pause Relocate Start 0.037ms
[2024-07-21T21:23:33.177+0800][2.197s][gc,phases   ] GC(19) Concurrent Relocate 0.995ms
[2024-07-21T21:23:33.177+0800][2.197s][gc,load     ] GC(19) Load: 0.00/0.00/0.00
[2024-07-21T21:23:33.177+0800][2.197s][gc,mmu      ] GC(19) MMU: 2ms/96.8%, 5ms/98.5%, 10ms/99.3%, 20ms/99.6%, 50ms/99.8%, 100ms/99.9%
[2024-07-21T21:23:33.177+0800][2.197s][gc,marking  ] GC(19) Mark: 2 stripe(s), 2 proactive flush(es), 1 terminate flush(es), 0 completion(s), 0 continuation(s) 
[2024-07-21T21:23:33.177+0800][2.197s][gc,marking  ] GC(19) Mark Stack Usage: 32M
[2024-07-21T21:23:33.177+0800][2.197s][gc,nmethod  ] GC(19) NMethods: 387 registered, 0 unregistered
[2024-07-21T21:23:33.177+0800][2.197s][gc,metaspace] GC(19) Metaspace: 1M used, 1M committed, 1032M reserved
[2024-07-21T21:23:33.177+0800][2.197s][gc,ref      ] GC(19) Soft: 93 encountered, 0 discovered, 0 enqueued
[2024-07-21T21:23:33.177+0800][2.197s][gc,ref      ] GC(19) Weak: 131 encountered, 106 discovered, 0 enqueued
[2024-07-21T21:23:33.177+0800][2.197s][gc,ref      ] GC(19) Final: 0 encountered, 0 discovered, 0 enqueued
[2024-07-21T21:23:33.177+0800][2.197s][gc,ref      ] GC(19) Phantom: 184 encountered, 119 discovered, 0 enqueued
[2024-07-21T21:23:33.177+0800][2.197s][gc,reloc    ] GC(19) Small Pages: 4 / 8M, Empty: 2M, Relocated: 0M, In-Place: 0
[2024-07-21T21:23:33.177+0800][2.197s][gc,reloc    ] GC(19) Medium Pages: 4 / 128M, Empty: 64M, Relocated: 1M, In-Place: 0
[2024-07-21T21:23:33.177+0800][2.197s][gc,reloc    ] GC(19) Large Pages: 0 / 0M, Empty: 0M, Relocated: 0M, In-Place: 0
[2024-07-21T21:23:33.178+0800][2.197s][gc,reloc    ] GC(19) Forwarding Usage: 0M
[2024-07-21T21:23:33.178+0800][2.197s][gc,heap     ] GC(19) Min Capacity: 8M(0%)
[2024-07-21T21:23:33.178+0800][2.197s][gc,heap     ] GC(19) Max Capacity: 2048M(100%)
[2024-07-21T21:23:33.178+0800][2.197s][gc,heap     ] GC(19) Soft Max Capacity: 256M(12%)
[2024-07-21T21:23:33.178+0800][2.197s][gc,heap     ] GC(19)                Mark Start          Mark End        Relocate Start      Relocate End           High               Low         
[2024-07-21T21:23:33.178+0800][2.197s][gc,heap     ] GC(19)  Capacity:      256M (12%)         256M (12%)         256M (12%)         256M (12%)         256M (12%)         256M (12%)    
[2024-07-21T21:23:33.178+0800][2.197s][gc,heap     ] GC(19)      Free:     1912M (93%)        1878M (92%)        1944M (95%)        1976M (96%)        1976M (96%)        1878M (92%)    
[2024-07-21T21:23:33.178+0800][2.198s][gc,heap     ] GC(19)      Used:      136M (7%)          170M (8%)          104M (5%)           72M (4%)          170M (8%)           72M (4%)     
[2024-07-21T21:23:33.178+0800][2.198s][gc,heap     ] GC(19)      Live:         -                 5M (0%)            5M (0%)            5M (0%)             -                  -          
[2024-07-21T21:23:33.178+0800][2.198s][gc,heap     ] GC(19) Allocated:         -                34M (2%)           34M (2%)           34M (2%)             -                  -          
[2024-07-21T21:23:33.178+0800][2.198s][gc,heap     ] GC(19)   Garbage:         -               130M (6%)           64M (3%)           32M (2%)             -                  -          
[2024-07-21T21:23:33.178+0800][2.198s][gc,heap     ] GC(19) Reclaimed:         -                  -                66M (3%)           98M (5%)             -                  -          
[2024-07-21T21:23:33.178+0800][2.198s][gc          ] GC(19) Garbage Collection (Allocation Rate) 136M(7%)->72M(4%)
[2024-07-21T21:23:33.249+0800][2.268s][gc,start    ] GC(20) Garbage Collection (Allocation Rate)
[2024-07-21T21:23:33.249+0800][2.269s][gc,task     ] GC(20) Using 1 workers
[2024-07-21T21:23:33.249+0800][2.269s][gc,phases   ] GC(20) Pause Mark Start 0.006ms
[2024-07-21T21:23:33.253+0800][2.273s][gc,phases   ] GC(20) Concurrent Mark 3.941ms
[2024-07-21T21:23:33.253+0800][2.273s][gc,phases   ] GC(20) Pause Mark End 0.009ms
[2024-07-21T21:23:33.253+0800][2.273s][gc,phases   ] GC(20) Concurrent Mark Free 0.001ms
[2024-07-21T21:23:33.254+0800][2.274s][gc,phases   ] GC(20) Concurrent Process Non-Strong References 1.107ms
[2024-07-21T21:23:33.254+0800][2.274s][gc,phases   ] GC(20) Concurrent Reset Relocation Set 0.001ms
[2024-07-21T21:23:33.258+0800][2.278s][gc,phases   ] GC(20) Concurrent Select Relocation Set 3.579ms
[2024-07-21T21:23:33.258+0800][2.278s][gc,phases   ] GC(20) Pause Relocate Start 0.025ms
[2024-07-21T21:23:33.260+0800][2.280s][gc,phases   ] GC(20) Concurrent Relocate 1.286ms
[2024-07-21T21:23:33.260+0800][2.280s][gc,load     ] GC(20) Load: 0.00/0.00/0.00
[2024-07-21T21:23:33.260+0800][2.280s][gc,mmu      ] GC(20) MMU: 2ms/96.8%, 5ms/98.5%, 10ms/99.3%, 20ms/99.6%, 50ms/99.8%, 100ms/99.9%
[2024-07-21T21:23:33.260+0800][2.280s][gc,marking  ] GC(20) Mark: 1 stripe(s), 2 proactive flush(es), 1 terminate flush(es), 0 completion(s), 0 continuation(s) 
[2024-07-21T21:23:33.260+0800][2.280s][gc,marking  ] GC(20) Mark Stack Usage: 32M
[2024-07-21T21:23:33.260+0800][2.280s][gc,nmethod  ] GC(20) NMethods: 387 registered, 0 unregistered
[2024-07-21T21:23:33.260+0800][2.280s][gc,metaspace] GC(20) Metaspace: 1M used, 1M committed, 1032M reserved
[2024-07-21T21:23:33.260+0800][2.280s][gc,ref      ] GC(20) Soft: 93 encountered, 0 discovered, 0 enqueued
[2024-07-21T21:23:33.260+0800][2.280s][gc,ref      ] GC(20) Weak: 131 encountered, 107 discovered, 0 enqueued
[2024-07-21T21:23:33.260+0800][2.280s][gc,ref      ] GC(20) Final: 0 encountered, 0 discovered, 0 enqueued
[2024-07-21T21:23:33.260+0800][2.280s][gc,ref      ] GC(20) Phantom: 184 encountered, 98 discovered, 0 enqueued
[2024-07-21T21:23:33.260+0800][2.280s][gc,reloc    ] GC(20) Small Pages: 4 / 8M, Empty: 2M, Relocated: 0M, In-Place: 0
[2024-07-21T21:23:33.260+0800][2.280s][gc,reloc    ] GC(20) Medium Pages: 3 / 96M, Empty: 32M, Relocated: 1M, In-Place: 0
[2024-07-21T21:23:33.260+0800][2.280s][gc,reloc    ] GC(20) Large Pages: 0 / 0M, Empty: 0M, Relocated: 0M, In-Place: 0
[2024-07-21T21:23:33.260+0800][2.280s][gc,reloc    ] GC(20) Forwarding Usage: 0M
[2024-07-21T21:23:33.260+0800][2.280s][gc,heap     ] GC(20) Min Capacity: 8M(0%)
[2024-07-21T21:23:33.260+0800][2.280s][gc,heap     ] GC(20) Max Capacity: 2048M(100%)
[2024-07-21T21:23:33.260+0800][2.280s][gc,heap     ] GC(20) Soft Max Capacity: 256M(12%)
[2024-07-21T21:23:33.260+0800][2.280s][gc,heap     ] GC(20)                Mark Start          Mark End        Relocate Start      Relocate End           High               Low         
[2024-07-21T21:23:33.260+0800][2.280s][gc,heap     ] GC(20)  Capacity:      256M (12%)         256M (12%)         256M (12%)         256M (12%)         256M (12%)         256M (12%)    
[2024-07-21T21:23:33.260+0800][2.280s][gc,heap     ] GC(20)      Free:     1944M (95%)        1910M (93%)        1944M (95%)        1976M (96%)        1976M (96%)        1910M (93%)    
[2024-07-21T21:23:33.260+0800][2.280s][gc,heap     ] GC(20)      Used:      104M (5%)          138M (7%)          104M (5%)           72M (4%)          138M (7%)           72M (4%)     
[2024-07-21T21:23:33.260+0800][2.280s][gc,heap     ] GC(20)      Live:         -                 5M (0%)            5M (0%)            5M (0%)             -                  -          
[2024-07-21T21:23:33.260+0800][2.280s][gc,heap     ] GC(20) Allocated:         -                34M (2%)           34M (2%)           34M (2%)             -                  -          
[2024-07-21T21:23:33.261+0800][2.280s][gc,heap     ] GC(20)   Garbage:         -                98M (5%)           64M (3%)           32M (2%)             -                  -          
[2024-07-21T21:23:33.261+0800][2.280s][gc,heap     ] GC(20) Reclaimed:         -                  -                34M (2%)           66M (3%)             -                  -          
[2024-07-21T21:23:33.261+0800][2.280s][gc          ] GC(20) Garbage Collection (Allocation Rate) 104M(5%)->72M(4%)
[2024-07-21T21:23:33.344+0800][2.363s][gc,start    ] GC(21) Garbage Collection (Allocation Rate)
[2024-07-21T21:23:33.344+0800][2.363s][gc,task     ] GC(21) Using 1 workers
[2024-07-21T21:23:33.344+0800][2.364s][gc,phases   ] GC(21) Pause Mark Start 0.043ms
[2024-07-21T21:23:33.348+0800][2.367s][gc,phases   ] GC(21) Concurrent Mark 3.777ms
[2024-07-21T21:23:33.348+0800][2.368s][gc,phases   ] GC(21) Pause Mark End 0.008ms
[2024-07-21T21:23:33.348+0800][2.368s][gc,phases   ] GC(21) Concurrent Mark Free 0.001ms
[2024-07-21T21:23:33.349+0800][2.369s][gc,phases   ] GC(21) Concurrent Process Non-Strong References 1.074ms
[2024-07-21T21:23:33.349+0800][2.369s][gc,phases   ] GC(21) Concurrent Reset Relocation Set 0.001ms
[2024-07-21T21:23:33.351+0800][2.371s][gc,phases   ] GC(21) Concurrent Select Relocation Set 1.639ms
[2024-07-21T21:23:33.351+0800][2.371s][gc,phases   ] GC(21) Pause Relocate Start 0.004ms
[2024-07-21T21:23:33.352+0800][2.371s][gc,phases   ] GC(21) Concurrent Relocate 0.244ms
[2024-07-21T21:23:33.352+0800][2.371s][gc,load     ] GC(21) Load: 0.00/0.00/0.00
[2024-07-21T21:23:33.352+0800][2.371s][gc,mmu      ] GC(21) MMU: 2ms/96.8%, 5ms/98.5%, 10ms/99.3%, 20ms/99.6%, 50ms/99.8%, 100ms/99.9%
[2024-07-21T21:23:33.352+0800][2.371s][gc,marking  ] GC(21) Mark: 1 stripe(s), 2 proactive flush(es), 1 terminate flush(es), 0 completion(s), 0 continuation(s) 
[2024-07-21T21:23:33.352+0800][2.371s][gc,marking  ] GC(21) Mark Stack Usage: 32M
[2024-07-21T21:23:33.352+0800][2.371s][gc,nmethod  ] GC(21) NMethods: 388 registered, 0 unregistered
[2024-07-21T21:23:33.352+0800][2.371s][gc,metaspace] GC(21) Metaspace: 1M used, 1M committed, 1032M reserved
[2024-07-21T21:23:33.352+0800][2.371s][gc,ref      ] GC(21) Soft: 93 encountered, 0 discovered, 0 enqueued
[2024-07-21T21:23:33.352+0800][2.371s][gc,ref      ] GC(21) Weak: 131 encountered, 107 discovered, 0 enqueued
[2024-07-21T21:23:33.352+0800][2.371s][gc,ref      ] GC(21) Final: 0 encountered, 0 discovered, 0 enqueued
[2024-07-21T21:23:33.352+0800][2.371s][gc,ref      ] GC(21) Phantom: 184 encountered, 98 discovered, 0 enqueued
[2024-07-21T21:23:33.352+0800][2.371s][gc,reloc    ] GC(21) Small Pages: 4 / 8M, Empty: 2M, Relocated: 0M, In-Place: 0
[2024-07-21T21:23:33.352+0800][2.371s][gc,reloc    ] GC(21) Medium Pages: 3 / 96M, Empty: 32M, Relocated: 1M, In-Place: 0
[2024-07-21T21:23:33.352+0800][2.371s][gc,reloc    ] GC(21) Large Pages: 0 / 0M, Empty: 0M, Relocated: 0M, In-Place: 0
[2024-07-21T21:23:33.352+0800][2.371s][gc,reloc    ] GC(21) Forwarding Usage: 0M
[2024-07-21T21:23:33.352+0800][2.371s][gc,heap     ] GC(21) Min Capacity: 8M(0%)
[2024-07-21T21:23:33.352+0800][2.371s][gc,heap     ] GC(21) Max Capacity: 2048M(100%)
[2024-07-21T21:23:33.352+0800][2.371s][gc,heap     ] GC(21) Soft Max Capacity: 256M(12%)
[2024-07-21T21:23:33.352+0800][2.371s][gc,heap     ] GC(21)                Mark Start          Mark End        Relocate Start      Relocate End           High               Low         
[2024-07-21T21:23:33.352+0800][2.371s][gc,heap     ] GC(21)  Capacity:      256M (12%)         256M (12%)         256M (12%)         256M (12%)         256M (12%)         256M (12%)    
[2024-07-21T21:23:33.352+0800][2.371s][gc,heap     ] GC(21)      Free:     1944M (95%)        1910M (93%)        1944M (95%)        1976M (96%)        1976M (96%)        1910M (93%)    
[2024-07-21T21:23:33.352+0800][2.372s][gc,heap     ] GC(21)      Used:      104M (5%)          138M (7%)          104M (5%)           72M (4%)          138M (7%)           72M (4%)     
[2024-07-21T21:23:33.352+0800][2.372s][gc,heap     ] GC(21)      Live:         -                 5M (0%)            5M (0%)            5M (0%)             -                  -          
[2024-07-21T21:23:33.352+0800][2.372s][gc,heap     ] GC(21) Allocated:         -                34M (2%)           34M (2%)           34M (2%)             -                  -          
[2024-07-21T21:23:33.352+0800][2.372s][gc,heap     ] GC(21)   Garbage:         -                98M (5%)           64M (3%)           32M (2%)             -                  -          
[2024-07-21T21:23:33.352+0800][2.372s][gc,heap     ] GC(21) Reclaimed:         -                  -                34M (2%)           66M (3%)             -                  -          
[2024-07-21T21:23:33.352+0800][2.372s][gc          ] GC(21) Garbage Collection (Allocation Rate) 104M(5%)->72M(4%)
[2024-07-21T21:23:33.454+0800][2.473s][gc,start    ] GC(22) Garbage Collection (Allocation Rate)
[2024-07-21T21:23:33.454+0800][2.473s][gc,task     ] GC(22) Using 1 workers
[2024-07-21T21:23:33.454+0800][2.474s][gc,phases   ] GC(22) Pause Mark Start 0.029ms
[2024-07-21T21:23:33.460+0800][2.480s][gc,phases   ] GC(22) Concurrent Mark 6.227ms
[2024-07-21T21:23:33.460+0800][2.480s][gc,phases   ] GC(22) Pause Mark End 0.009ms
[2024-07-21T21:23:33.461+0800][2.480s][gc,phases   ] GC(22) Concurrent Mark Free 0.001ms
[2024-07-21T21:23:33.462+0800][2.481s][gc,phases   ] GC(22) Concurrent Process Non-Strong References 1.024ms
[2024-07-21T21:23:33.462+0800][2.481s][gc,phases   ] GC(22) Concurrent Reset Relocation Set 0.001ms
[2024-07-21T21:23:33.464+0800][2.483s][gc,phases   ] GC(22) Concurrent Select Relocation Set 1.954ms
[2024-07-21T21:23:33.464+0800][2.483s][gc,phases   ] GC(22) Pause Relocate Start 0.007ms
[2024-07-21T21:23:33.464+0800][2.484s][gc,phases   ] GC(22) Concurrent Relocate 0.262ms
[2024-07-21T21:23:33.464+0800][2.484s][gc,load     ] GC(22) Load: 0.00/0.00/0.00
[2024-07-21T21:23:33.464+0800][2.484s][gc,mmu      ] GC(22) MMU: 2ms/96.8%, 5ms/98.5%, 10ms/99.3%, 20ms/99.6%, 50ms/99.8%, 100ms/99.9%
[2024-07-21T21:23:33.464+0800][2.484s][gc,marking  ] GC(22) Mark: 1 stripe(s), 2 proactive flush(es), 1 terminate flush(es), 0 completion(s), 0 continuation(s) 
[2024-07-21T21:23:33.464+0800][2.484s][gc,marking  ] GC(22) Mark Stack Usage: 32M
[2024-07-21T21:23:33.464+0800][2.484s][gc,nmethod  ] GC(22) NMethods: 396 registered, 0 unregistered
[2024-07-21T21:23:33.464+0800][2.484s][gc,metaspace] GC(22) Metaspace: 1M used, 1M committed, 1032M reserved
[2024-07-21T21:23:33.464+0800][2.484s][gc,ref      ] GC(22) Soft: 93 encountered, 0 discovered, 0 enqueued
[2024-07-21T21:23:33.464+0800][2.484s][gc,ref      ] GC(22) Weak: 131 encountered, 107 discovered, 0 enqueued
[2024-07-21T21:23:33.464+0800][2.484s][gc,ref      ] GC(22) Final: 0 encountered, 0 discovered, 0 enqueued
[2024-07-21T21:23:33.464+0800][2.484s][gc,ref      ] GC(22) Phantom: 184 encountered, 98 discovered, 0 enqueued
[2024-07-21T21:23:33.464+0800][2.484s][gc,reloc    ] GC(22) Small Pages: 4 / 8M, Empty: 2M, Relocated: 0M, In-Place: 0
[2024-07-21T21:23:33.464+0800][2.484s][gc,reloc    ] GC(22) Medium Pages: 4 / 128M, Empty: 64M, Relocated: 1M, In-Place: 0
[2024-07-21T21:23:33.464+0800][2.484s][gc,reloc    ] GC(22) Large Pages: 0 / 0M, Empty: 0M, Relocated: 0M, In-Place: 0
[2024-07-21T21:23:33.464+0800][2.484s][gc,reloc    ] GC(22) Forwarding Usage: 0M
[2024-07-21T21:23:33.464+0800][2.484s][gc,heap     ] GC(22) Min Capacity: 8M(0%)
[2024-07-21T21:23:33.464+0800][2.484s][gc,heap     ] GC(22) Max Capacity: 2048M(100%)
[2024-07-21T21:23:33.464+0800][2.484s][gc,heap     ] GC(22) Soft Max Capacity: 256M(12%)
[2024-07-21T21:23:33.464+0800][2.484s][gc,heap     ] GC(22)                Mark Start          Mark End        Relocate Start      Relocate End           High               Low         
[2024-07-21T21:23:33.465+0800][2.484s][gc,heap     ] GC(22)  Capacity:      256M (12%)         256M (12%)         256M (12%)         256M (12%)         256M (12%)         256M (12%)    
[2024-07-21T21:23:33.465+0800][2.484s][gc,heap     ] GC(22)      Free:     1912M (93%)        1878M (92%)        1944M (95%)        1976M (96%)        1976M (96%)        1878M (92%)    
[2024-07-21T21:23:33.465+0800][2.484s][gc,heap     ] GC(22)      Used:      136M (7%)          170M (8%)          104M (5%)           72M (4%)          170M (8%)           72M (4%)     
[2024-07-21T21:23:33.465+0800][2.484s][gc,heap     ] GC(22)      Live:         -                 5M (0%)            5M (0%)            5M (0%)             -                  -          
[2024-07-21T21:23:33.465+0800][2.484s][gc,heap     ] GC(22) Allocated:         -                34M (2%)           34M (2%)           34M (2%)             -                  -          
[2024-07-21T21:23:33.465+0800][2.484s][gc,heap     ] GC(22)   Garbage:         -               130M (6%)           64M (3%)           32M (2%)             -                  -          
[2024-07-21T21:23:33.465+0800][2.484s][gc,heap     ] GC(22) Reclaimed:         -                  -                66M (3%)           98M (5%)             -                  -          
[2024-07-21T21:23:33.465+0800][2.484s][gc          ] GC(22) Garbage Collection (Allocation Rate) 136M(7%)->72M(4%)
[2024-07-21T21:23:33.646+0800][2.665s][gc,start    ] GC(23) Garbage Collection (Allocation Rate)
[2024-07-21T21:23:33.646+0800][2.665s][gc,task     ] GC(23) Using 1 workers
[2024-07-21T21:23:33.646+0800][2.665s][gc,phases   ] GC(23) Pause Mark Start 0.017ms
[2024-07-21T21:23:33.650+0800][2.670s][gc,phases   ] GC(23) Concurrent Mark 4.280ms
[2024-07-21T21:23:33.651+0800][2.670s][gc,phases   ] GC(23) Pause Mark End 0.012ms
[2024-07-21T21:23:33.651+0800][2.670s][gc,phases   ] GC(23) Concurrent Mark Free 0.001ms
[2024-07-21T21:23:33.651+0800][2.671s][gc,phases   ] GC(23) Concurrent Process Non-Strong References 0.800ms
[2024-07-21T21:23:33.652+0800][2.671s][gc,phases   ] GC(23) Concurrent Reset Relocation Set 0.001ms
[2024-07-21T21:23:33.654+0800][2.673s][gc,phases   ] GC(23) Concurrent Select Relocation Set 2.086ms
[2024-07-21T21:23:33.654+0800][2.673s][gc,phases   ] GC(23) Pause Relocate Start 0.007ms
[2024-07-21T21:23:33.655+0800][2.675s][gc,phases   ] GC(23) Concurrent Relocate 1.166ms
[2024-07-21T21:23:33.655+0800][2.675s][gc,load     ] GC(23) Load: 0.00/0.00/0.00
[2024-07-21T21:23:33.655+0800][2.675s][gc,mmu      ] GC(23) MMU: 2ms/96.8%, 5ms/98.5%, 10ms/99.3%, 20ms/99.6%, 50ms/99.8%, 100ms/99.9%
[2024-07-21T21:23:33.655+0800][2.675s][gc,marking  ] GC(23) Mark: 1 stripe(s), 2 proactive flush(es), 1 terminate flush(es), 0 completion(s), 0 continuation(s) 
[2024-07-21T21:23:33.655+0800][2.675s][gc,marking  ] GC(23) Mark Stack Usage: 32M
[2024-07-21T21:23:33.655+0800][2.675s][gc,nmethod  ] GC(23) NMethods: 398 registered, 0 unregistered
[2024-07-21T21:23:33.655+0800][2.675s][gc,metaspace] GC(23) Metaspace: 1M used, 1M committed, 1032M reserved
[2024-07-21T21:23:33.655+0800][2.675s][gc,ref      ] GC(23) Soft: 93 encountered, 0 discovered, 0 enqueued
[2024-07-21T21:23:33.655+0800][2.675s][gc,ref      ] GC(23) Weak: 131 encountered, 107 discovered, 0 enqueued
[2024-07-21T21:23:33.655+0800][2.675s][gc,ref      ] GC(23) Final: 0 encountered, 0 discovered, 0 enqueued
[2024-07-21T21:23:33.655+0800][2.675s][gc,ref      ] GC(23) Phantom: 184 encountered, 98 discovered, 0 enqueued
[2024-07-21T21:23:33.655+0800][2.675s][gc,reloc    ] GC(23) Small Pages: 4 / 8M, Empty: 2M, Relocated: 0M, In-Place: 0
[2024-07-21T21:23:33.655+0800][2.675s][gc,reloc    ] GC(23) Medium Pages: 5 / 160M, Empty: 96M, Relocated: 4M, In-Place: 0
[2024-07-21T21:23:33.655+0800][2.675s][gc,reloc    ] GC(23) Large Pages: 0 / 0M, Empty: 0M, Relocated: 0M, In-Place: 0
[2024-07-21T21:23:33.655+0800][2.675s][gc,reloc    ] GC(23) Forwarding Usage: 0M
[2024-07-21T21:23:33.655+0800][2.675s][gc,heap     ] GC(23) Min Capacity: 8M(0%)
[2024-07-21T21:23:33.655+0800][2.675s][gc,heap     ] GC(23) Max Capacity: 2048M(100%)
[2024-07-21T21:23:33.655+0800][2.675s][gc,heap     ] GC(23) Soft Max Capacity: 256M(12%)
[2024-07-21T21:23:33.656+0800][2.675s][gc,heap     ] GC(23)                Mark Start          Mark End        Relocate Start      Relocate End           High               Low         
[2024-07-21T21:23:33.656+0800][2.675s][gc,heap     ] GC(23)  Capacity:      256M (12%)         256M (12%)         256M (12%)         256M (12%)         256M (12%)         256M (12%)    
[2024-07-21T21:23:33.656+0800][2.675s][gc,heap     ] GC(23)      Free:     1880M (92%)        1848M (90%)        1944M (95%)        1976M (96%)        1976M (96%)        1846M (90%)    
[2024-07-21T21:23:33.656+0800][2.675s][gc,heap     ] GC(23)      Used:      168M (8%)          200M (10%)         104M (5%)           72M (4%)          202M (10%)          72M (4%)     
[2024-07-21T21:23:33.656+0800][2.675s][gc,heap     ] GC(23)      Live:         -                 8M (0%)            8M (0%)            8M (0%)             -                  -          
[2024-07-21T21:23:33.656+0800][2.675s][gc,heap     ] GC(23) Allocated:         -                32M (2%)           34M (2%)           34M (2%)             -                  -          
[2024-07-21T21:23:33.656+0800][2.675s][gc,heap     ] GC(23)   Garbage:         -               159M (8%)           61M (3%)           29M (1%)             -                  -          
[2024-07-21T21:23:33.656+0800][2.675s][gc,heap     ] GC(23) Reclaimed:         -                  -                98M (5%)          130M (6%)             -                  -          
[2024-07-21T21:23:33.656+0800][2.675s][gc          ] GC(23) Garbage Collection (Allocation Rate) 168M(8%)->72M(4%)
[2024-07-21T21:23:33.851+0800][2.871s][gc,start    ] GC(24) Garbage Collection (Allocation Rate)
[2024-07-21T21:23:33.851+0800][2.871s][gc,task     ] GC(24) Using 1 workers
[2024-07-21T21:23:33.851+0800][2.871s][gc,phases   ] GC(24) Pause Mark Start 0.011ms
[2024-07-21T21:23:33.855+0800][2.875s][gc,phases   ] GC(24) Concurrent Mark 4.158ms
[2024-07-21T21:23:33.856+0800][2.875s][gc,phases   ] GC(24) Pause Mark End 0.043ms
[2024-07-21T21:23:33.856+0800][2.876s][gc,phases   ] GC(24) Concurrent Mark Free 0.001ms
[2024-07-21T21:23:33.857+0800][2.877s][gc,phases   ] GC(24) Concurrent Process Non-Strong References 1.482ms
[2024-07-21T21:23:33.857+0800][2.877s][gc,phases   ] GC(24) Concurrent Reset Relocation Set 0.001ms
[2024-07-21T21:23:33.859+0800][2.879s][gc,phases   ] GC(24) Concurrent Select Relocation Set 2.100ms
[2024-07-21T21:23:33.860+0800][2.880s][gc,phases   ] GC(24) Pause Relocate Start 0.006ms
[2024-07-21T21:23:33.863+0800][2.883s][gc,phases   ] GC(24) Concurrent Relocate 3.622ms
[2024-07-21T21:23:33.863+0800][2.883s][gc,load     ] GC(24) Load: 0.00/0.00/0.00
[2024-07-21T21:23:33.863+0800][2.883s][gc,mmu      ] GC(24) MMU: 2ms/96.8%, 5ms/98.5%, 10ms/99.3%, 20ms/99.6%, 50ms/99.8%, 100ms/99.9%
[2024-07-21T21:23:33.864+0800][2.883s][gc,marking  ] GC(24) Mark: 1 stripe(s), 2 proactive flush(es), 1 terminate flush(es), 0 completion(s), 0 continuation(s) 
[2024-07-21T21:23:33.864+0800][2.883s][gc,marking  ] GC(24) Mark Stack Usage: 32M
[2024-07-21T21:23:33.864+0800][2.883s][gc,nmethod  ] GC(24) NMethods: 399 registered, 0 unregistered
[2024-07-21T21:23:33.864+0800][2.883s][gc,metaspace] GC(24) Metaspace: 1M used, 1M committed, 1032M reserved
[2024-07-21T21:23:33.864+0800][2.883s][gc,ref      ] GC(24) Soft: 93 encountered, 0 discovered, 0 enqueued
[2024-07-21T21:23:33.864+0800][2.883s][gc,ref      ] GC(24) Weak: 131 encountered, 107 discovered, 0 enqueued
[2024-07-21T21:23:33.864+0800][2.883s][gc,ref      ] GC(24) Final: 0 encountered, 0 discovered, 0 enqueued
[2024-07-21T21:23:33.864+0800][2.883s][gc,ref      ] GC(24) Phantom: 184 encountered, 98 discovered, 0 enqueued
[2024-07-21T21:23:33.864+0800][2.883s][gc,reloc    ] GC(24) Small Pages: 5 / 10M, Empty: 2M, Relocated: 1M, In-Place: 0
[2024-07-21T21:23:33.864+0800][2.883s][gc,reloc    ] GC(24) Medium Pages: 5 / 160M, Empty: 96M, Relocated: 3M, In-Place: 0
[2024-07-21T21:23:33.864+0800][2.883s][gc,reloc    ] GC(24) Large Pages: 0 / 0M, Empty: 0M, Relocated: 0M, In-Place: 0
[2024-07-21T21:23:33.864+0800][2.884s][gc,reloc    ] GC(24) Forwarding Usage: 0M
[2024-07-21T21:23:33.864+0800][2.884s][gc,heap     ] GC(24) Min Capacity: 8M(0%)
[2024-07-21T21:23:33.864+0800][2.884s][gc,heap     ] GC(24) Max Capacity: 2048M(100%)
[2024-07-21T21:23:33.864+0800][2.884s][gc,heap     ] GC(24) Soft Max Capacity: 256M(12%)
[2024-07-21T21:23:33.864+0800][2.884s][gc,heap     ] GC(24)                Mark Start          Mark End        Relocate Start      Relocate End           High               Low         
[2024-07-21T21:23:33.864+0800][2.884s][gc,heap     ] GC(24)  Capacity:      256M (12%)         256M (12%)         256M (12%)         256M (12%)         256M (12%)         256M (12%)    
[2024-07-21T21:23:33.864+0800][2.884s][gc,heap     ] GC(24)      Free:     1878M (92%)        1844M (90%)        1942M (95%)        1976M (96%)        1976M (96%)        1844M (90%)    
[2024-07-21T21:23:33.864+0800][2.884s][gc,heap     ] GC(24)      Used:      170M (8%)          204M (10%)         106M (5%)           72M (4%)          204M (10%)          72M (4%)     
[2024-07-21T21:23:33.864+0800][2.884s][gc,heap     ] GC(24)      Live:         -                 7M (0%)            7M (0%)            7M (0%)             -                  -          
[2024-07-21T21:23:33.864+0800][2.884s][gc,heap     ] GC(24) Allocated:         -                34M (2%)           34M (2%)           34M (2%)             -                  -          
[2024-07-21T21:23:33.864+0800][2.884s][gc,heap     ] GC(24)   Garbage:         -               162M (8%)           64M (3%)           30M (1%)             -                  -          
[2024-07-21T21:23:33.864+0800][2.884s][gc,heap     ] GC(24) Reclaimed:         -                  -                98M (5%)          132M (6%)             -                  -          
[2024-07-21T21:23:33.864+0800][2.884s][gc          ] GC(24) Garbage Collection (Allocation Rate) 170M(8%)->72M(4%)
[2024-07-21T21:23:34.056+0800][3.075s][gc,start    ] GC(25) Garbage Collection (Allocation Rate)
[2024-07-21T21:23:34.056+0800][3.075s][gc,task     ] GC(25) Using 1 workers
[2024-07-21T21:23:34.056+0800][3.076s][gc,phases   ] GC(25) Pause Mark Start 0.015ms
[2024-07-21T21:23:34.063+0800][3.082s][gc,phases   ] GC(25) Concurrent Mark 6.317ms
[2024-07-21T21:23:34.063+0800][3.082s][gc,phases   ] GC(25) Pause Mark End 0.010ms
[2024-07-21T21:23:34.063+0800][3.082s][gc,phases   ] GC(25) Concurrent Mark Free 0.001ms
[2024-07-21T21:23:34.064+0800][3.084s][gc,phases   ] GC(25) Concurrent Process Non-Strong References 1.326ms
[2024-07-21T21:23:34.064+0800][3.084s][gc,phases   ] GC(25) Concurrent Reset Relocation Set 0.001ms
[2024-07-21T21:23:34.067+0800][3.086s][gc,phases   ] GC(25) Concurrent Select Relocation Set 2.064ms
[2024-07-21T21:23:34.067+0800][3.086s][gc,phases   ] GC(25) Pause Relocate Start 0.007ms
[2024-07-21T21:23:34.067+0800][3.086s][gc,phases   ] GC(25) Concurrent Relocate 0.289ms
[2024-07-21T21:23:34.067+0800][3.086s][gc,load     ] GC(25) Load: 0.00/0.00/0.00
[2024-07-21T21:23:34.067+0800][3.086s][gc,mmu      ] GC(25) MMU: 2ms/96.8%, 5ms/98.5%, 10ms/99.3%, 20ms/99.6%, 50ms/99.8%, 100ms/99.9%
[2024-07-21T21:23:34.067+0800][3.086s][gc,marking  ] GC(25) Mark: 1 stripe(s), 2 proactive flush(es), 1 terminate flush(es), 0 completion(s), 0 continuation(s) 
[2024-07-21T21:23:34.067+0800][3.086s][gc,marking  ] GC(25) Mark Stack Usage: 32M
[2024-07-21T21:23:34.067+0800][3.086s][gc,nmethod  ] GC(25) NMethods: 399 registered, 0 unregistered
[2024-07-21T21:23:34.067+0800][3.086s][gc,metaspace] GC(25) Metaspace: 1M used, 1M committed, 1032M reserved
[2024-07-21T21:23:34.067+0800][3.086s][gc,ref      ] GC(25) Soft: 93 encountered, 0 discovered, 0 enqueued
[2024-07-21T21:23:34.067+0800][3.086s][gc,ref      ] GC(25) Weak: 131 encountered, 107 discovered, 0 enqueued
[2024-07-21T21:23:34.067+0800][3.086s][gc,ref      ] GC(25) Final: 0 encountered, 0 discovered, 0 enqueued
[2024-07-21T21:23:34.067+0800][3.087s][gc,ref      ] GC(25) Phantom: 184 encountered, 98 discovered, 0 enqueued
[2024-07-21T21:23:34.067+0800][3.087s][gc,reloc    ] GC(25) Small Pages: 4 / 8M, Empty: 2M, Relocated: 0M, In-Place: 0
[2024-07-21T21:23:34.067+0800][3.087s][gc,reloc    ] GC(25) Medium Pages: 6 / 192M, Empty: 128M, Relocated: 1M, In-Place: 0
[2024-07-21T21:23:34.067+0800][3.087s][gc,reloc    ] GC(25) Large Pages: 0 / 0M, Empty: 0M, Relocated: 0M, In-Place: 0
[2024-07-21T21:23:34.067+0800][3.087s][gc,reloc    ] GC(25) Forwarding Usage: 0M
[2024-07-21T21:23:34.067+0800][3.087s][gc,heap     ] GC(25) Min Capacity: 8M(0%)
[2024-07-21T21:23:34.067+0800][3.087s][gc,heap     ] GC(25) Max Capacity: 2048M(100%)
[2024-07-21T21:23:34.067+0800][3.087s][gc,heap     ] GC(25) Soft Max Capacity: 256M(12%)
[2024-07-21T21:23:34.067+0800][3.087s][gc,heap     ] GC(25)                Mark Start          Mark End        Relocate Start      Relocate End           High               Low         
[2024-07-21T21:23:34.067+0800][3.087s][gc,heap     ] GC(25)  Capacity:      256M (12%)         256M (12%)         256M (12%)         256M (12%)         256M (12%)         256M (12%)    
[2024-07-21T21:23:34.067+0800][3.087s][gc,heap     ] GC(25)      Free:     1848M (90%)        1814M (89%)        1944M (95%)        1976M (96%)        1976M (96%)        1814M (89%)    
[2024-07-21T21:23:34.067+0800][3.087s][gc,heap     ] GC(25)      Used:      200M (10%)         234M (11%)         104M (5%)           72M (4%)          234M (11%)          72M (4%)     
[2024-07-21T21:23:34.067+0800][3.087s][gc,heap     ] GC(25)      Live:         -                 5M (0%)            5M (0%)            5M (0%)             -                  -          
[2024-07-21T21:23:34.068+0800][3.087s][gc,heap     ] GC(25) Allocated:         -                34M (2%)           34M (2%)           34M (2%)             -                  -          
[2024-07-21T21:23:34.068+0800][3.087s][gc,heap     ] GC(25)   Garbage:         -               194M (9%)           64M (3%)           32M (2%)             -                  -          
[2024-07-21T21:23:34.068+0800][3.087s][gc,heap     ] GC(25) Reclaimed:         -                  -               130M (6%)          162M (8%)             -                  -          
[2024-07-21T21:23:34.068+0800][3.087s][gc          ] GC(25) Garbage Collection (Allocation Rate) 200M(10%)->72M(4%)
[2024-07-21T21:23:34.257+0800][3.276s][gc,start    ] GC(26) Garbage Collection (Allocation Rate)
[2024-07-21T21:23:34.257+0800][3.276s][gc,task     ] GC(26) Using 1 workers
[2024-07-21T21:23:34.257+0800][3.276s][gc,phases   ] GC(26) Pause Mark Start 0.006ms
[2024-07-21T21:23:34.261+0800][3.280s][gc,phases   ] GC(26) Concurrent Mark 4.172ms
[2024-07-21T21:23:34.261+0800][3.281s][gc,phases   ] GC(26) Pause Mark End 0.009ms
[2024-07-21T21:23:34.261+0800][3.281s][gc,phases   ] GC(26) Concurrent Mark Free 0.001ms
[2024-07-21T21:23:34.262+0800][3.281s][gc,phases   ] GC(26) Concurrent Process Non-Strong References 0.757ms
[2024-07-21T21:23:34.262+0800][3.282s][gc,phases   ] GC(26) Concurrent Reset Relocation Set 0.003ms
[2024-07-21T21:23:34.264+0800][3.283s][gc,phases   ] GC(26) Concurrent Select Relocation Set 1.727ms
[2024-07-21T21:23:34.264+0800][3.283s][gc,phases   ] GC(26) Pause Relocate Start 0.006ms
[2024-07-21T21:23:34.265+0800][3.284s][gc,phases   ] GC(26) Concurrent Relocate 0.847ms
[2024-07-21T21:23:34.265+0800][3.284s][gc,load     ] GC(26) Load: 0.00/0.00/0.00
[2024-07-21T21:23:34.265+0800][3.284s][gc,mmu      ] GC(26) MMU: 2ms/96.8%, 5ms/98.5%, 10ms/99.3%, 20ms/99.6%, 50ms/99.8%, 100ms/99.9%
[2024-07-21T21:23:34.265+0800][3.284s][gc,marking  ] GC(26) Mark: 1 stripe(s), 2 proactive flush(es), 1 terminate flush(es), 0 completion(s), 0 continuation(s) 
[2024-07-21T21:23:34.265+0800][3.284s][gc,marking  ] GC(26) Mark Stack Usage: 32M
[2024-07-21T21:23:34.265+0800][3.284s][gc,nmethod  ] GC(26) NMethods: 399 registered, 0 unregistered
[2024-07-21T21:23:34.265+0800][3.284s][gc,metaspace] GC(26) Metaspace: 1M used, 1M committed, 1032M reserved
[2024-07-21T21:23:34.265+0800][3.284s][gc,ref      ] GC(26) Soft: 93 encountered, 0 discovered, 0 enqueued
[2024-07-21T21:23:34.265+0800][3.284s][gc,ref      ] GC(26) Weak: 131 encountered, 107 discovered, 0 enqueued
[2024-07-21T21:23:34.265+0800][3.285s][gc,ref      ] GC(26) Final: 0 encountered, 0 discovered, 0 enqueued
[2024-07-21T21:23:34.265+0800][3.285s][gc,ref      ] GC(26) Phantom: 184 encountered, 98 discovered, 0 enqueued
[2024-07-21T21:23:34.265+0800][3.285s][gc,reloc    ] GC(26) Small Pages: 4 / 8M, Empty: 2M, Relocated: 0M, In-Place: 0
[2024-07-21T21:23:34.265+0800][3.285s][gc,reloc    ] GC(26) Medium Pages: 5 / 160M, Empty: 96M, Relocated: 1M, In-Place: 0
[2024-07-21T21:23:34.265+0800][3.285s][gc,reloc    ] GC(26) Large Pages: 0 / 0M, Empty: 0M, Relocated: 0M, In-Place: 0
[2024-07-21T21:23:34.265+0800][3.285s][gc,reloc    ] GC(26) Forwarding Usage: 0M
[2024-07-21T21:23:34.265+0800][3.285s][gc,heap     ] GC(26) Min Capacity: 8M(0%)
[2024-07-21T21:23:34.265+0800][3.285s][gc,heap     ] GC(26) Max Capacity: 2048M(100%)
[2024-07-21T21:23:34.265+0800][3.285s][gc,heap     ] GC(26) Soft Max Capacity: 256M(12%)
[2024-07-21T21:23:34.265+0800][3.285s][gc,heap     ] GC(26)                Mark Start          Mark End        Relocate Start      Relocate End           High               Low         
[2024-07-21T21:23:34.265+0800][3.285s][gc,heap     ] GC(26)  Capacity:      256M (12%)         256M (12%)         256M (12%)         256M (12%)         256M (12%)         256M (12%)    
[2024-07-21T21:23:34.265+0800][3.285s][gc,heap     ] GC(26)      Free:     1880M (92%)        1846M (90%)        1944M (95%)        1976M (96%)        1976M (96%)        1846M (90%)    
[2024-07-21T21:23:34.265+0800][3.285s][gc,heap     ] GC(26)      Used:      168M (8%)          202M (10%)         104M (5%)           72M (4%)          202M (10%)          72M (4%)     
[2024-07-21T21:23:34.266+0800][3.285s][gc,heap     ] GC(26)      Live:         -                 5M (0%)            5M (0%)            5M (0%)             -                  -          
[2024-07-21T21:23:34.266+0800][3.285s][gc,heap     ] GC(26) Allocated:         -                34M (2%)           34M (2%)           34M (2%)             -                  -          
[2024-07-21T21:23:34.266+0800][3.285s][gc,heap     ] GC(26)   Garbage:         -               162M (8%)           64M (3%)           32M (2%)             -                  -          
[2024-07-21T21:23:34.266+0800][3.285s][gc,heap     ] GC(26) Reclaimed:         -                  -                98M (5%)          130M (6%)             -                  -          
[2024-07-21T21:23:34.266+0800][3.285s][gc          ] GC(26) Garbage Collection (Allocation Rate) 168M(8%)->72M(4%)
[2024-07-21T21:23:34.445+0800][3.465s][gc,start    ] GC(27) Garbage Collection (Allocation Rate)
[2024-07-21T21:23:34.446+0800][3.465s][gc,task     ] GC(27) Using 1 workers
[2024-07-21T21:23:34.446+0800][3.465s][gc,phases   ] GC(27) Pause Mark Start 0.017ms
[2024-07-21T21:23:34.450+0800][3.470s][gc,phases   ] GC(27) Concurrent Mark 4.679ms
[2024-07-21T21:23:34.450+0800][3.470s][gc,phases   ] GC(27) Pause Mark End 0.013ms
[2024-07-21T21:23:34.450+0800][3.470s][gc,phases   ] GC(27) Concurrent Mark Free 0.001ms
[2024-07-21T21:23:34.451+0800][3.471s][gc,phases   ] GC(27) Concurrent Process Non-Strong References 1.032ms
[2024-07-21T21:23:34.451+0800][3.471s][gc,phases   ] GC(27) Concurrent Reset Relocation Set 0.001ms
[2024-07-21T21:23:34.453+0800][3.473s][gc,phases   ] GC(27) Concurrent Select Relocation Set 1.805ms
[2024-07-21T21:23:34.453+0800][3.473s][gc,phases   ] GC(27) Pause Relocate Start 0.006ms
[2024-07-21T21:23:34.454+0800][3.474s][gc,phases   ] GC(27) Concurrent Relocate 0.244ms
[2024-07-21T21:23:34.454+0800][3.474s][gc,load     ] GC(27) Load: 0.00/0.00/0.00
[2024-07-21T21:23:34.454+0800][3.474s][gc,mmu      ] GC(27) MMU: 2ms/96.8%, 5ms/98.5%, 10ms/99.3%, 20ms/99.6%, 50ms/99.8%, 100ms/99.9%
[2024-07-21T21:23:34.454+0800][3.474s][gc,marking  ] GC(27) Mark: 1 stripe(s), 2 proactive flush(es), 1 terminate flush(es), 0 completion(s), 0 continuation(s) 
[2024-07-21T21:23:34.454+0800][3.474s][gc,marking  ] GC(27) Mark Stack Usage: 32M
[2024-07-21T21:23:34.454+0800][3.474s][gc,nmethod  ] GC(27) NMethods: 402 registered, 0 unregistered
[2024-07-21T21:23:34.454+0800][3.474s][gc,metaspace] GC(27) Metaspace: 1M used, 1M committed, 1032M reserved
[2024-07-21T21:23:34.454+0800][3.474s][gc,ref      ] GC(27) Soft: 93 encountered, 0 discovered, 0 enqueued
[2024-07-21T21:23:34.454+0800][3.474s][gc,ref      ] GC(27) Weak: 131 encountered, 107 discovered, 0 enqueued
[2024-07-21T21:23:34.454+0800][3.474s][gc,ref      ] GC(27) Final: 0 encountered, 0 discovered, 0 enqueued
[2024-07-21T21:23:34.454+0800][3.474s][gc,ref      ] GC(27) Phantom: 184 encountered, 98 discovered, 0 enqueued
[2024-07-21T21:23:34.454+0800][3.474s][gc,reloc    ] GC(27) Small Pages: 4 / 8M, Empty: 2M, Relocated: 0M, In-Place: 0
[2024-07-21T21:23:34.454+0800][3.474s][gc,reloc    ] GC(27) Medium Pages: 5 / 160M, Empty: 96M, Relocated: 1M, In-Place: 0
[2024-07-21T21:23:34.454+0800][3.474s][gc,reloc    ] GC(27) Large Pages: 0 / 0M, Empty: 0M, Relocated: 0M, In-Place: 0
[2024-07-21T21:23:34.454+0800][3.474s][gc,reloc    ] GC(27) Forwarding Usage: 0M
[2024-07-21T21:23:34.454+0800][3.474s][gc,heap     ] GC(27) Min Capacity: 8M(0%)
[2024-07-21T21:23:34.454+0800][3.474s][gc,heap     ] GC(27) Max Capacity: 2048M(100%)
[2024-07-21T21:23:34.454+0800][3.474s][gc,heap     ] GC(27) Soft Max Capacity: 256M(12%)
[2024-07-21T21:23:34.454+0800][3.474s][gc,heap     ] GC(27)                Mark Start          Mark End        Relocate Start      Relocate End           High               Low         
[2024-07-21T21:23:34.454+0800][3.474s][gc,heap     ] GC(27)  Capacity:      256M (12%)         256M (12%)         256M (12%)         256M (12%)         256M (12%)         256M (12%)    
[2024-07-21T21:23:34.454+0800][3.474s][gc,heap     ] GC(27)      Free:     1880M (92%)        1846M (90%)        1944M (95%)        1976M (96%)        1976M (96%)        1846M (90%)    
[2024-07-21T21:23:34.454+0800][3.474s][gc,heap     ] GC(27)      Used:      168M (8%)          202M (10%)         104M (5%)           72M (4%)          202M (10%)          72M (4%)     
[2024-07-21T21:23:34.454+0800][3.474s][gc,heap     ] GC(27)      Live:         -                 5M (0%)            5M (0%)            5M (0%)             -                  -          
[2024-07-21T21:23:34.454+0800][3.474s][gc,heap     ] GC(27) Allocated:         -                34M (2%)           34M (2%)           34M (2%)             -                  -          
[2024-07-21T21:23:34.454+0800][3.474s][gc,heap     ] GC(27)   Garbage:         -               162M (8%)           64M (3%)           32M (2%)             -                  -          
[2024-07-21T21:23:34.454+0800][3.474s][gc,heap     ] GC(27) Reclaimed:         -                  -                98M (5%)          130M (6%)             -                  -          
[2024-07-21T21:23:34.454+0800][3.474s][gc          ] GC(27) Garbage Collection (Allocation Rate) 168M(8%)->72M(4%)
[2024-07-21T21:23:34.653+0800][3.673s][gc,start    ] GC(28) Garbage Collection (Allocation Rate)
[2024-07-21T21:23:34.653+0800][3.673s][gc,task     ] GC(28) Using 1 workers
[2024-07-21T21:23:34.653+0800][3.673s][gc,phases   ] GC(28) Pause Mark Start 0.028ms
[2024-07-21T21:23:34.659+0800][3.679s][gc,phases   ] GC(28) Concurrent Mark 5.567ms
[2024-07-21T21:23:34.659+0800][3.679s][gc,phases   ] GC(28) Pause Mark End 0.009ms
[2024-07-21T21:23:34.659+0800][3.679s][gc,phases   ] GC(28) Concurrent Mark Free 0.001ms
[2024-07-21T21:23:34.660+0800][3.680s][gc,phases   ] GC(28) Concurrent Process Non-Strong References 1.080ms
[2024-07-21T21:23:34.660+0800][3.680s][gc,phases   ] GC(28) Concurrent Reset Relocation Set 0.001ms
[2024-07-21T21:23:34.662+0800][3.682s][gc,phases   ] GC(28) Concurrent Select Relocation Set 1.893ms
[2024-07-21T21:23:34.662+0800][3.682s][gc,phases   ] GC(28) Pause Relocate Start 0.007ms
[2024-07-21T21:23:34.663+0800][3.683s][gc,phases   ] GC(28) Concurrent Relocate 0.560ms
[2024-07-21T21:23:34.663+0800][3.683s][gc,load     ] GC(28) Load: 0.00/0.00/0.00
[2024-07-21T21:23:34.663+0800][3.683s][gc,mmu      ] GC(28) MMU: 2ms/96.8%, 5ms/98.5%, 10ms/99.3%, 20ms/99.6%, 50ms/99.8%, 100ms/99.9%
[2024-07-21T21:23:34.663+0800][3.683s][gc,marking  ] GC(28) Mark: 1 stripe(s), 2 proactive flush(es), 1 terminate flush(es), 0 completion(s), 0 continuation(s) 
[2024-07-21T21:23:34.663+0800][3.683s][gc,marking  ] GC(28) Mark Stack Usage: 32M
[2024-07-21T21:23:34.663+0800][3.683s][gc,nmethod  ] GC(28) NMethods: 413 registered, 0 unregistered
[2024-07-21T21:23:34.663+0800][3.683s][gc,metaspace] GC(28) Metaspace: 1M used, 1M committed, 1032M reserved
[2024-07-21T21:23:34.663+0800][3.683s][gc,ref      ] GC(28) Soft: 93 encountered, 0 discovered, 0 enqueued
[2024-07-21T21:23:34.663+0800][3.683s][gc,ref      ] GC(28) Weak: 131 encountered, 107 discovered, 0 enqueued
[2024-07-21T21:23:34.663+0800][3.683s][gc,ref      ] GC(28) Final: 0 encountered, 0 discovered, 0 enqueued
[2024-07-21T21:23:34.663+0800][3.683s][gc,ref      ] GC(28) Phantom: 184 encountered, 98 discovered, 0 enqueued
[2024-07-21T21:23:34.663+0800][3.683s][gc,reloc    ] GC(28) Small Pages: 4 / 8M, Empty: 2M, Relocated: 0M, In-Place: 0
[2024-07-21T21:23:34.663+0800][3.683s][gc,reloc    ] GC(28) Medium Pages: 6 / 192M, Empty: 128M, Relocated: 3M, In-Place: 0
[2024-07-21T21:23:34.663+0800][3.683s][gc,reloc    ] GC(28) Large Pages: 0 / 0M, Empty: 0M, Relocated: 0M, In-Place: 0
[2024-07-21T21:23:34.663+0800][3.683s][gc,reloc    ] GC(28) Forwarding Usage: 0M
[2024-07-21T21:23:34.663+0800][3.683s][gc,heap     ] GC(28) Min Capacity: 8M(0%)
[2024-07-21T21:23:34.663+0800][3.683s][gc,heap     ] GC(28) Max Capacity: 2048M(100%)
[2024-07-21T21:23:34.663+0800][3.683s][gc,heap     ] GC(28) Soft Max Capacity: 256M(12%)
[2024-07-21T21:23:34.663+0800][3.683s][gc,heap     ] GC(28)                Mark Start          Mark End        Relocate Start      Relocate End           High               Low         
[2024-07-21T21:23:34.663+0800][3.683s][gc,heap     ] GC(28)  Capacity:      256M (12%)         256M (12%)         256M (12%)         256M (12%)         256M (12%)         256M (12%)    
[2024-07-21T21:23:34.663+0800][3.683s][gc,heap     ] GC(28)      Free:     1848M (90%)        1814M (89%)        1944M (95%)        1976M (96%)        1976M (96%)        1814M (89%)    
[2024-07-21T21:23:34.663+0800][3.683s][gc,heap     ] GC(28)      Used:      200M (10%)         234M (11%)         104M (5%)           72M (4%)          234M (11%)          72M (4%)     
[2024-07-21T21:23:34.663+0800][3.683s][gc,heap     ] GC(28)      Live:         -                 7M (0%)            7M (0%)            7M (0%)             -                  -          
[2024-07-21T21:23:34.663+0800][3.683s][gc,heap     ] GC(28) Allocated:         -                34M (2%)           34M (2%)           34M (2%)             -                  -          
[2024-07-21T21:23:34.663+0800][3.683s][gc,heap     ] GC(28)   Garbage:         -               192M (9%)           62M (3%)           30M (1%)             -                  -          
[2024-07-21T21:23:34.663+0800][3.683s][gc,heap     ] GC(28) Reclaimed:         -                  -               130M (6%)          162M (8%)             -                  -          
[2024-07-21T21:23:34.663+0800][3.683s][gc          ] GC(28) Garbage Collection (Allocation Rate) 200M(10%)->72M(4%)
[2024-07-21T21:23:34.844+0800][3.863s][gc,start    ] GC(29) Garbage Collection (Allocation Rate)
[2024-07-21T21:23:34.844+0800][3.863s][gc,task     ] GC(29) Using 1 workers
[2024-07-21T21:23:34.844+0800][3.863s][gc,phases   ] GC(29) Pause Mark Start 0.008ms
[2024-07-21T21:23:34.848+0800][3.867s][gc,phases   ] GC(29) Concurrent Mark 4.060ms
[2024-07-21T21:23:34.848+0800][3.867s][gc,phases   ] GC(29) Pause Mark End 0.008ms
[2024-07-21T21:23:34.848+0800][3.867s][gc,phases   ] GC(29) Concurrent Mark Free 0.001ms
[2024-07-21T21:23:34.848+0800][3.869s][gc,phases   ] GC(29) Concurrent Process Non-Strong References 0.985ms
[2024-07-21T21:23:34.848+0800][3.869s][gc,phases   ] GC(29) Concurrent Reset Relocation Set 0.001ms
[2024-07-21T21:23:34.850+0800][3.870s][gc,phases   ] GC(29) Concurrent Select Relocation Set 1.649ms
[2024-07-21T21:23:34.850+0800][3.870s][gc,phases   ] GC(29) Pause Relocate Start 0.005ms
[2024-07-21T21:23:34.851+0800][3.871s][gc,phases   ] GC(29) Concurrent Relocate 0.698ms
[2024-07-21T21:23:34.851+0800][3.871s][gc,load     ] GC(29) Load: 0.00/0.00/0.00
[2024-07-21T21:23:34.851+0800][3.871s][gc,mmu      ] GC(29) MMU: 2ms/96.8%, 5ms/98.5%, 10ms/99.3%, 20ms/99.6%, 50ms/99.8%, 100ms/99.9%
[2024-07-21T21:23:34.851+0800][3.871s][gc,marking  ] GC(29) Mark: 1 stripe(s), 2 proactive flush(es), 1 terminate flush(es), 0 completion(s), 0 continuation(s) 
[2024-07-21T21:23:34.851+0800][3.871s][gc,marking  ] GC(29) Mark Stack Usage: 32M
[2024-07-21T21:23:34.851+0800][3.871s][gc,nmethod  ] GC(29) NMethods: 420 registered, 0 unregistered
[2024-07-21T21:23:34.851+0800][3.871s][gc,metaspace] GC(29) Metaspace: 1M used, 1M committed, 1032M reserved
[2024-07-21T21:23:34.851+0800][3.871s][gc,ref      ] GC(29) Soft: 93 encountered, 0 discovered, 0 enqueued
[2024-07-21T21:23:34.851+0800][3.871s][gc,ref      ] GC(29) Weak: 131 encountered, 107 discovered, 0 enqueued
[2024-07-21T21:23:34.851+0800][3.871s][gc,ref      ] GC(29) Final: 0 encountered, 0 discovered, 0 enqueued
[2024-07-21T21:23:34.851+0800][3.871s][gc,ref      ] GC(29) Phantom: 184 encountered, 98 discovered, 0 enqueued
[2024-07-21T21:23:34.851+0800][3.871s][gc,reloc    ] GC(29) Small Pages: 4 / 8M, Empty: 2M, Relocated: 0M, In-Place: 0
[2024-07-21T21:23:34.851+0800][3.871s][gc,reloc    ] GC(29) Medium Pages: 5 / 160M, Empty: 96M, Relocated: 3M, In-Place: 0
[2024-07-21T21:23:34.851+0800][3.871s][gc,reloc    ] GC(29) Large Pages: 0 / 0M, Empty: 0M, Relocated: 0M, In-Place: 0
[2024-07-21T21:23:34.851+0800][3.871s][gc,reloc    ] GC(29) Forwarding Usage: 0M
[2024-07-21T21:23:34.851+0800][3.871s][gc,heap     ] GC(29) Min Capacity: 8M(0%)
[2024-07-21T21:23:34.851+0800][3.872s][gc,heap     ] GC(29) Max Capacity: 2048M(100%)
[2024-07-21T21:23:34.851+0800][3.872s][gc,heap     ] GC(29) Soft Max Capacity: 256M(12%)
[2024-07-21T21:23:34.851+0800][3.872s][gc,heap     ] GC(29)                Mark Start          Mark End        Relocate Start      Relocate End           High               Low         
[2024-07-21T21:23:34.851+0800][3.872s][gc,heap     ] GC(29)  Capacity:      256M (12%)         256M (12%)         256M (12%)         256M (12%)         256M (12%)         256M (12%)    
[2024-07-21T21:23:34.851+0800][3.872s][gc,heap     ] GC(29)      Free:     1880M (92%)        1846M (90%)        1944M (95%)        1976M (96%)        1976M (96%)        1846M (90%)    
[2024-07-21T21:23:34.851+0800][3.872s][gc,heap     ] GC(29)      Used:      168M (8%)          202M (10%)         104M (5%)           72M (4%)          202M (10%)          72M (4%)     
[2024-07-21T21:23:34.852+0800][3.872s][gc,heap     ] GC(29)      Live:         -                 7M (0%)            7M (0%)            7M (0%)             -                  -          
[2024-07-21T21:23:34.852+0800][3.872s][gc,heap     ] GC(29) Allocated:         -                34M (2%)           34M (2%)           34M (2%)             -                  -          
[2024-07-21T21:23:34.852+0800][3.872s][gc,heap     ] GC(29)   Garbage:         -               160M (8%)           62M (3%)           30M (1%)             -                  -          
[2024-07-21T21:23:34.852+0800][3.872s][gc,heap     ] GC(29) Reclaimed:         -                  -                98M (5%)          130M (6%)             -                  -          
[2024-07-21T21:23:34.852+0800][3.872s][gc          ] GC(29) Garbage Collection (Allocation Rate) 168M(8%)->72M(4%)
[2024-07-21T21:23:34.953+0800][3.972s][gc,start    ] GC(30) Garbage Collection (Allocation Rate)
[2024-07-21T21:23:34.953+0800][3.972s][gc,task     ] GC(30) Using 1 workers
[2024-07-21T21:23:34.953+0800][3.973s][gc,phases   ] GC(30) Pause Mark Start 0.013ms
[2024-07-21T21:23:34.958+0800][3.978s][gc,phases   ] GC(30) Concurrent Mark 4.911ms
[2024-07-21T21:23:34.958+0800][3.978s][gc,phases   ] GC(30) Pause Mark End 0.023ms
[2024-07-21T21:23:34.958+0800][3.978s][gc,phases   ] GC(30) Concurrent Mark Free 0.001ms
[2024-07-21T21:23:34.959+0800][3.979s][gc,phases   ] GC(30) Concurrent Process Non-Strong References 1.112ms
[2024-07-21T21:23:34.959+0800][3.979s][gc,phases   ] GC(30) Concurrent Reset Relocation Set 0.001ms
[2024-07-21T21:23:34.961+0800][3.981s][gc,phases   ] GC(30) Concurrent Select Relocation Set 1.710ms
[2024-07-21T21:23:34.961+0800][3.981s][gc,phases   ] GC(30) Pause Relocate Start 0.007ms
[2024-07-21T21:23:34.961+0800][3.981s][gc,phases   ] GC(30) Concurrent Relocate 0.248ms
[2024-07-21T21:23:34.961+0800][3.981s][gc,load     ] GC(30) Load: 0.00/0.00/0.00
[2024-07-21T21:23:34.961+0800][3.981s][gc,mmu      ] GC(30) MMU: 2ms/96.8%, 5ms/98.5%, 10ms/99.3%, 20ms/99.6%, 50ms/99.8%, 100ms/99.9%
[2024-07-21T21:23:34.961+0800][3.981s][gc,marking  ] GC(30) Mark: 1 stripe(s), 2 proactive flush(es), 1 terminate flush(es), 0 completion(s), 0 continuation(s) 
[2024-07-21T21:23:34.961+0800][3.981s][gc,marking  ] GC(30) Mark Stack Usage: 32M
[2024-07-21T21:23:34.961+0800][3.982s][gc,nmethod  ] GC(30) NMethods: 420 registered, 0 unregistered
[2024-07-21T21:23:34.961+0800][3.982s][gc,metaspace] GC(30) Metaspace: 1M used, 1M committed, 1032M reserved
[2024-07-21T21:23:34.961+0800][3.982s][gc,ref      ] GC(30) Soft: 93 encountered, 0 discovered, 0 enqueued
[2024-07-21T21:23:34.961+0800][3.982s][gc,ref      ] GC(30) Weak: 131 encountered, 107 discovered, 0 enqueued
[2024-07-21T21:23:34.961+0800][3.982s][gc,ref      ] GC(30) Final: 0 encountered, 0 discovered, 0 enqueued
[2024-07-21T21:23:34.961+0800][3.982s][gc,ref      ] GC(30) Phantom: 184 encountered, 98 discovered, 0 enqueued
[2024-07-21T21:23:34.961+0800][3.982s][gc,reloc    ] GC(30) Small Pages: 4 / 8M, Empty: 2M, Relocated: 0M, In-Place: 0
[2024-07-21T21:23:34.962+0800][3.982s][gc,reloc    ] GC(30) Medium Pages: 4 / 128M, Empty: 64M, Relocated: 1M, In-Place: 0
[2024-07-21T21:23:34.962+0800][3.982s][gc,reloc    ] GC(30) Large Pages: 0 / 0M, Empty: 0M, Relocated: 0M, In-Place: 0
[2024-07-21T21:23:34.962+0800][3.982s][gc,reloc    ] GC(30) Forwarding Usage: 0M
[2024-07-21T21:23:34.962+0800][3.982s][gc,heap     ] GC(30) Min Capacity: 8M(0%)
[2024-07-21T21:23:34.962+0800][3.982s][gc,heap     ] GC(30) Max Capacity: 2048M(100%)
[2024-07-21T21:23:34.962+0800][3.982s][gc,heap     ] GC(30) Soft Max Capacity: 256M(12%)
[2024-07-21T21:23:34.962+0800][3.982s][gc,heap     ] GC(30)                Mark Start          Mark End        Relocate Start      Relocate End           High               Low         
[2024-07-21T21:23:34.962+0800][3.982s][gc,heap     ] GC(30)  Capacity:      256M (12%)         256M (12%)         256M (12%)         256M (12%)         256M (12%)         256M (12%)    
[2024-07-21T21:23:34.962+0800][3.982s][gc,heap     ] GC(30)      Free:     1912M (93%)        1878M (92%)        1944M (95%)        1976M (96%)        1976M (96%)        1878M (92%)    
[2024-07-21T21:23:34.962+0800][3.982s][gc,heap     ] GC(30)      Used:      136M (7%)          170M (8%)          104M (5%)           72M (4%)          170M (8%)           72M (4%)     
[2024-07-21T21:23:34.962+0800][3.982s][gc,heap     ] GC(30)      Live:         -                 5M (0%)            5M (0%)            5M (0%)             -                  -          
[2024-07-21T21:23:34.962+0800][3.982s][gc,heap     ] GC(30) Allocated:         -                34M (2%)           34M (2%)           34M (2%)             -                  -          
[2024-07-21T21:23:34.962+0800][3.982s][gc,heap     ] GC(30)   Garbage:         -               130M (6%)           64M (3%)           32M (2%)             -                  -          
[2024-07-21T21:23:34.962+0800][3.982s][gc,heap     ] GC(30) Reclaimed:         -                  -                66M (3%)           98M (5%)             -                  -          
[2024-07-21T21:23:34.962+0800][3.982s][gc          ] GC(30) Garbage Collection (Allocation Rate) 136M(7%)->72M(4%)
[2024-07-21T21:23:35.142+0800][4.161s][gc,start    ] GC(31) Garbage Collection (Allocation Rate)
[2024-07-21T21:23:35.142+0800][4.162s][gc,task     ] GC(31) Using 1 workers
[2024-07-21T21:23:35.142+0800][4.162s][gc,phases   ] GC(31) Pause Mark Start 0.012ms
[2024-07-21T21:23:35.146+0800][4.166s][gc,phases   ] GC(31) Concurrent Mark 3.747ms
[2024-07-21T21:23:35.146+0800][4.166s][gc,phases   ] GC(31) Pause Mark End 0.009ms
[2024-07-21T21:23:35.146+0800][4.166s][gc,phases   ] GC(31) Concurrent Mark Free 0.001ms
[2024-07-21T21:23:35.147+0800][4.167s][gc,phases   ] GC(31) Concurrent Process Non-Strong References 0.979ms
[2024-07-21T21:23:35.147+0800][4.167s][gc,phases   ] GC(31) Concurrent Reset Relocation Set 0.001ms
[2024-07-21T21:23:35.149+0800][4.169s][gc,phases   ] GC(31) Concurrent Select Relocation Set 1.620ms
[2024-07-21T21:23:35.149+0800][4.169s][gc,phases   ] GC(31) Pause Relocate Start 0.005ms
[2024-07-21T21:23:35.150+0800][4.169s][gc,phases   ] GC(31) Concurrent Relocate 0.239ms
[2024-07-21T21:23:35.150+0800][4.169s][gc,load     ] GC(31) Load: 0.00/0.00/0.00
[2024-07-21T21:23:35.150+0800][4.169s][gc,mmu      ] GC(31) MMU: 2ms/96.8%, 5ms/98.5%, 10ms/99.3%, 20ms/99.6%, 50ms/99.8%, 100ms/99.9%
[2024-07-21T21:23:35.150+0800][4.169s][gc,marking  ] GC(31) Mark: 1 stripe(s), 2 proactive flush(es), 1 terminate flush(es), 0 completion(s), 0 continuation(s) 
[2024-07-21T21:23:35.150+0800][4.169s][gc,marking  ] GC(31) Mark Stack Usage: 32M
[2024-07-21T21:23:35.150+0800][4.169s][gc,nmethod  ] GC(31) NMethods: 423 registered, 0 unregistered
[2024-07-21T21:23:35.150+0800][4.169s][gc,metaspace] GC(31) Metaspace: 1M used, 1M committed, 1032M reserved
[2024-07-21T21:23:35.150+0800][4.169s][gc,ref      ] GC(31) Soft: 93 encountered, 0 discovered, 0 enqueued
[2024-07-21T21:23:35.150+0800][4.169s][gc,ref      ] GC(31) Weak: 131 encountered, 107 discovered, 0 enqueued
[2024-07-21T21:23:35.150+0800][4.169s][gc,ref      ] GC(31) Final: 0 encountered, 0 discovered, 0 enqueued
[2024-07-21T21:23:35.150+0800][4.169s][gc,ref      ] GC(31) Phantom: 184 encountered, 98 discovered, 0 enqueued
[2024-07-21T21:23:35.150+0800][4.169s][gc,reloc    ] GC(31) Small Pages: 4 / 8M, Empty: 2M, Relocated: 0M, In-Place: 0
[2024-07-21T21:23:35.150+0800][4.169s][gc,reloc    ] GC(31) Medium Pages: 5 / 160M, Empty: 96M, Relocated: 1M, In-Place: 0
[2024-07-21T21:23:35.150+0800][4.169s][gc,reloc    ] GC(31) Large Pages: 0 / 0M, Empty: 0M, Relocated: 0M, In-Place: 0
[2024-07-21T21:23:35.150+0800][4.169s][gc,reloc    ] GC(31) Forwarding Usage: 0M
[2024-07-21T21:23:35.150+0800][4.169s][gc,heap     ] GC(31) Min Capacity: 8M(0%)
[2024-07-21T21:23:35.150+0800][4.169s][gc,heap     ] GC(31) Max Capacity: 2048M(100%)
[2024-07-21T21:23:35.150+0800][4.169s][gc,heap     ] GC(31) Soft Max Capacity: 256M(12%)
[2024-07-21T21:23:35.150+0800][4.169s][gc,heap     ] GC(31)                Mark Start          Mark End        Relocate Start      Relocate End           High               Low         
[2024-07-21T21:23:35.150+0800][4.169s][gc,heap     ] GC(31)  Capacity:      256M (12%)         256M (12%)         256M (12%)         256M (12%)         256M (12%)         256M (12%)    
[2024-07-21T21:23:35.150+0800][4.169s][gc,heap     ] GC(31)      Free:     1880M (92%)        1846M (90%)        1944M (95%)        1976M (96%)        1976M (96%)        1846M (90%)    
[2024-07-21T21:23:35.150+0800][4.169s][gc,heap     ] GC(31)      Used:      168M (8%)          202M (10%)         104M (5%)           72M (4%)          202M (10%)          72M (4%)     
[2024-07-21T21:23:35.150+0800][4.169s][gc,heap     ] GC(31)      Live:         -                 5M (0%)            5M (0%)            5M (0%)             -                  -          
[2024-07-21T21:23:35.150+0800][4.169s][gc,heap     ] GC(31) Allocated:         -                34M (2%)           34M (2%)           34M (2%)             -                  -          
[2024-07-21T21:23:35.150+0800][4.170s][gc,heap     ] GC(31)   Garbage:         -               162M (8%)           64M (3%)           32M (2%)             -                  -          
[2024-07-21T21:23:35.150+0800][4.170s][gc,heap     ] GC(31) Reclaimed:         -                  -                98M (5%)          130M (6%)             -                  -          
[2024-07-21T21:23:35.150+0800][4.170s][gc          ] GC(31) Garbage Collection (Allocation Rate) 168M(8%)->72M(4%)
[2024-07-21T21:23:35.254+0800][4.273s][gc,start    ] GC(32) Garbage Collection (Allocation Rate)
[2024-07-21T21:23:35.254+0800][4.273s][gc,task     ] GC(32) Using 1 workers
[2024-07-21T21:23:35.254+0800][4.273s][gc,phases   ] GC(32) Pause Mark Start 0.006ms
[2024-07-21T21:23:35.259+0800][4.279s][gc,phases   ] GC(32) Concurrent Mark 5.213ms
[2024-07-21T21:23:35.259+0800][4.279s][gc,phases   ] GC(32) Pause Mark End 0.009ms
[2024-07-21T21:23:35.259+0800][4.279s][gc,phases   ] GC(32) Concurrent Mark Free 0.001ms
[2024-07-21T21:23:35.260+0800][4.280s][gc,phases   ] GC(32) Concurrent Process Non-Strong References 0.979ms
[2024-07-21T21:23:35.261+0800][4.280s][gc,phases   ] GC(32) Concurrent Reset Relocation Set 0.001ms
[2024-07-21T21:23:35.263+0800][4.283s][gc,phases   ] GC(32) Concurrent Select Relocation Set 2.518ms
[2024-07-21T21:23:35.263+0800][4.283s][gc,phases   ] GC(32) Pause Relocate Start 0.010ms
[2024-07-21T21:23:35.264+0800][4.283s][gc,phases   ] GC(32) Concurrent Relocate 0.474ms
[2024-07-21T21:23:35.264+0800][4.283s][gc,load     ] GC(32) Load: 0.00/0.00/0.00
[2024-07-21T21:23:35.264+0800][4.283s][gc,mmu      ] GC(32) MMU: 2ms/96.8%, 5ms/98.5%, 10ms/99.3%, 20ms/99.6%, 50ms/99.8%, 100ms/99.9%
[2024-07-21T21:23:35.264+0800][4.283s][gc,marking  ] GC(32) Mark: 1 stripe(s), 2 proactive flush(es), 1 terminate flush(es), 0 completion(s), 0 continuation(s) 
[2024-07-21T21:23:35.264+0800][4.283s][gc,marking  ] GC(32) Mark Stack Usage: 32M
[2024-07-21T21:23:35.264+0800][4.283s][gc,nmethod  ] GC(32) NMethods: 425 registered, 0 unregistered
[2024-07-21T21:23:35.264+0800][4.283s][gc,metaspace] GC(32) Metaspace: 1M used, 1M committed, 1032M reserved
[2024-07-21T21:23:35.264+0800][4.283s][gc,ref      ] GC(32) Soft: 93 encountered, 0 discovered, 0 enqueued
[2024-07-21T21:23:35.264+0800][4.283s][gc,ref      ] GC(32) Weak: 131 encountered, 107 discovered, 0 enqueued
[2024-07-21T21:23:35.264+0800][4.284s][gc,ref      ] GC(32) Final: 0 encountered, 0 discovered, 0 enqueued
[2024-07-21T21:23:35.264+0800][4.284s][gc,ref      ] GC(32) Phantom: 184 encountered, 98 discovered, 0 enqueued
[2024-07-21T21:23:35.264+0800][4.284s][gc,reloc    ] GC(32) Small Pages: 4 / 8M, Empty: 2M, Relocated: 0M, In-Place: 0
[2024-07-21T21:23:35.264+0800][4.284s][gc,reloc    ] GC(32) Medium Pages: 4 / 128M, Empty: 64M, Relocated: 2M, In-Place: 0
[2024-07-21T21:23:35.264+0800][4.284s][gc,reloc    ] GC(32) Large Pages: 0 / 0M, Empty: 0M, Relocated: 0M, In-Place: 0
[2024-07-21T21:23:35.264+0800][4.284s][gc,reloc    ] GC(32) Forwarding Usage: 0M
[2024-07-21T21:23:35.264+0800][4.284s][gc,heap     ] GC(32) Min Capacity: 8M(0%)
[2024-07-21T21:23:35.264+0800][4.284s][gc,heap     ] GC(32) Max Capacity: 2048M(100%)
[2024-07-21T21:23:35.264+0800][4.284s][gc,heap     ] GC(32) Soft Max Capacity: 256M(12%)
[2024-07-21T21:23:35.264+0800][4.284s][gc,heap     ] GC(32)                Mark Start          Mark End        Relocate Start      Relocate End           High               Low         
[2024-07-21T21:23:35.264+0800][4.284s][gc,heap     ] GC(32)  Capacity:      256M (12%)         256M (12%)         256M (12%)         256M (12%)         256M (12%)         256M (12%)    
[2024-07-21T21:23:35.264+0800][4.284s][gc,heap     ] GC(32)      Free:     1912M (93%)        1878M (92%)        1944M (95%)        1976M (96%)        1976M (96%)        1878M (92%)    
[2024-07-21T21:23:35.264+0800][4.284s][gc,heap     ] GC(32)      Used:      136M (7%)          170M (8%)          104M (5%)           72M (4%)          170M (8%)           72M (4%)     
[2024-07-21T21:23:35.264+0800][4.284s][gc,heap     ] GC(32)      Live:         -                 6M (0%)            6M (0%)            6M (0%)             -                  -          
[2024-07-21T21:23:35.264+0800][4.284s][gc,heap     ] GC(32) Allocated:         -                34M (2%)           34M (2%)           34M (2%)             -                  -          
[2024-07-21T21:23:35.264+0800][4.284s][gc,heap     ] GC(32)   Garbage:         -               129M (6%)           63M (3%)           31M (2%)             -                  -          
[2024-07-21T21:23:35.264+0800][4.284s][gc,heap     ] GC(32) Reclaimed:         -                  -                66M (3%)           98M (5%)             -                  -          
[2024-07-21T21:23:35.264+0800][4.284s][gc          ] GC(32) Garbage Collection (Allocation Rate) 136M(7%)->72M(4%)
[2024-07-21T21:23:35.444+0800][4.463s][gc,start    ] GC(33) Garbage Collection (Allocation Rate)
[2024-07-21T21:23:35.444+0800][4.463s][gc,task     ] GC(33) Using 1 workers
[2024-07-21T21:23:35.444+0800][4.463s][gc,phases   ] GC(33) Pause Mark Start 0.008ms
[2024-07-21T21:23:35.448+0800][4.467s][gc,phases   ] GC(33) Concurrent Mark 3.636ms
[2024-07-21T21:23:35.448+0800][4.467s][gc,phases   ] GC(33) Pause Mark End 0.012ms
[2024-07-21T21:23:35.448+0800][4.468s][gc,phases   ] GC(33) Concurrent Mark Free 0.001ms
[2024-07-21T21:23:35.449+0800][4.469s][gc,phases   ] GC(33) Concurrent Process Non-Strong References 1.154ms
[2024-07-21T21:23:35.449+0800][4.469s][gc,phases   ] GC(33) Concurrent Reset Relocation Set 0.001ms
[2024-07-21T21:23:35.451+0800][4.470s][gc,phases   ] GC(33) Concurrent Select Relocation Set 1.716ms
[2024-07-21T21:23:35.451+0800][4.471s][gc,phases   ] GC(33) Pause Relocate Start 0.007ms
[2024-07-21T21:23:35.452+0800][4.471s][gc,phases   ] GC(33) Concurrent Relocate 0.665ms
[2024-07-21T21:23:35.452+0800][4.472s][gc,load     ] GC(33) Load: 0.00/0.00/0.00
[2024-07-21T21:23:35.452+0800][4.472s][gc,mmu      ] GC(33) MMU: 2ms/96.8%, 5ms/98.5%, 10ms/99.3%, 20ms/99.6%, 50ms/99.8%, 100ms/99.9%
[2024-07-21T21:23:35.452+0800][4.472s][gc,marking  ] GC(33) Mark: 1 stripe(s), 2 proactive flush(es), 1 terminate flush(es), 0 completion(s), 0 continuation(s) 
[2024-07-21T21:23:35.452+0800][4.472s][gc,marking  ] GC(33) Mark Stack Usage: 32M
[2024-07-21T21:23:35.452+0800][4.472s][gc,nmethod  ] GC(33) NMethods: 428 registered, 0 unregistered
[2024-07-21T21:23:35.452+0800][4.472s][gc,metaspace] GC(33) Metaspace: 1M used, 1M committed, 1032M reserved
[2024-07-21T21:23:35.452+0800][4.472s][gc,ref      ] GC(33) Soft: 93 encountered, 0 discovered, 0 enqueued
[2024-07-21T21:23:35.452+0800][4.472s][gc,ref      ] GC(33) Weak: 131 encountered, 107 discovered, 0 enqueued
[2024-07-21T21:23:35.452+0800][4.472s][gc,ref      ] GC(33) Final: 0 encountered, 0 discovered, 0 enqueued
[2024-07-21T21:23:35.452+0800][4.472s][gc,ref      ] GC(33) Phantom: 184 encountered, 98 discovered, 0 enqueued
[2024-07-21T21:23:35.452+0800][4.472s][gc,reloc    ] GC(33) Small Pages: 4 / 8M, Empty: 2M, Relocated: 0M, In-Place: 0
[2024-07-21T21:23:35.452+0800][4.472s][gc,reloc    ] GC(33) Medium Pages: 5 / 160M, Empty: 96M, Relocated: 3M, In-Place: 0
[2024-07-21T21:23:35.452+0800][4.472s][gc,reloc    ] GC(33) Large Pages: 0 / 0M, Empty: 0M, Relocated: 0M, In-Place: 0
[2024-07-21T21:23:35.452+0800][4.472s][gc,reloc    ] GC(33) Forwarding Usage: 0M
[2024-07-21T21:23:35.452+0800][4.472s][gc,heap     ] GC(33) Min Capacity: 8M(0%)
[2024-07-21T21:23:35.452+0800][4.472s][gc,heap     ] GC(33) Max Capacity: 2048M(100%)
[2024-07-21T21:23:35.452+0800][4.472s][gc,heap     ] GC(33) Soft Max Capacity: 256M(12%)
[2024-07-21T21:23:35.452+0800][4.472s][gc,heap     ] GC(33)                Mark Start          Mark End        Relocate Start      Relocate End           High               Low         
[2024-07-21T21:23:35.452+0800][4.472s][gc,heap     ] GC(33)  Capacity:      256M (12%)         256M (12%)         256M (12%)         256M (12%)         256M (12%)         256M (12%)    
[2024-07-21T21:23:35.452+0800][4.472s][gc,heap     ] GC(33)      Free:     1880M (92%)        1846M (90%)        1944M (95%)        1976M (96%)        1976M (96%)        1846M (90%)    
[2024-07-21T21:23:35.452+0800][4.472s][gc,heap     ] GC(33)      Used:      168M (8%)          202M (10%)         104M (5%)           72M (4%)          202M (10%)          72M (4%)     
[2024-07-21T21:23:35.452+0800][4.472s][gc,heap     ] GC(33)      Live:         -                 7M (0%)            7M (0%)            7M (0%)             -                  -          
[2024-07-21T21:23:35.452+0800][4.472s][gc,heap     ] GC(33) Allocated:         -                34M (2%)           34M (2%)           34M (2%)             -                  -          
[2024-07-21T21:23:35.452+0800][4.472s][gc,heap     ] GC(33)   Garbage:         -               160M (8%)           62M (3%)           30M (1%)             -                  -          
[2024-07-21T21:23:35.452+0800][4.472s][gc,heap     ] GC(33) Reclaimed:         -                  -                98M (5%)          130M (6%)             -                  -          
[2024-07-21T21:23:35.452+0800][4.472s][gc          ] GC(33) Garbage Collection (Allocation Rate) 168M(8%)->72M(4%)
[2024-07-21T21:23:35.553+0800][4.572s][gc,start    ] GC(34) Garbage Collection (Allocation Rate)
[2024-07-21T21:23:35.553+0800][4.572s][gc,task     ] GC(34) Using 1 workers
[2024-07-21T21:23:35.553+0800][4.572s][gc,phases   ] GC(34) Pause Mark Start 0.008ms
[2024-07-21T21:23:35.557+0800][4.577s][gc,phases   ] GC(34) Concurrent Mark 4.487ms
[2024-07-21T21:23:35.557+0800][4.577s][gc,phases   ] GC(34) Pause Mark End 0.008ms
[2024-07-21T21:23:35.557+0800][4.577s][gc,phases   ] GC(34) Concurrent Mark Free 0.001ms
[2024-07-21T21:23:35.558+0800][4.578s][gc,phases   ] GC(34) Concurrent Process Non-Strong References 1.032ms
[2024-07-21T21:23:35.558+0800][4.578s][gc,phases   ] GC(34) Concurrent Reset Relocation Set 0.001ms
[2024-07-21T21:23:35.560+0800][4.580s][gc,phases   ] GC(34) Concurrent Select Relocation Set 1.906ms
[2024-07-21T21:23:35.561+0800][4.580s][gc,phases   ] GC(34) Pause Relocate Start 0.005ms
[2024-07-21T21:23:35.561+0800][4.581s][gc,phases   ] GC(34) Concurrent Relocate 0.236ms
[2024-07-21T21:23:35.561+0800][4.581s][gc,load     ] GC(34) Load: 0.00/0.00/0.00
[2024-07-21T21:23:35.561+0800][4.581s][gc,mmu      ] GC(34) MMU: 2ms/96.8%, 5ms/98.5%, 10ms/99.3%, 20ms/99.6%, 50ms/99.8%, 100ms/99.9%
[2024-07-21T21:23:35.561+0800][4.581s][gc,marking  ] GC(34) Mark: 1 stripe(s), 2 proactive flush(es), 1 terminate flush(es), 0 completion(s), 0 continuation(s) 
[2024-07-21T21:23:35.561+0800][4.581s][gc,marking  ] GC(34) Mark Stack Usage: 32M
[2024-07-21T21:23:35.561+0800][4.581s][gc,nmethod  ] GC(34) NMethods: 439 registered, 0 unregistered
[2024-07-21T21:23:35.561+0800][4.581s][gc,metaspace] GC(34) Metaspace: 1M used, 1M committed, 1032M reserved
[2024-07-21T21:23:35.561+0800][4.581s][gc,ref      ] GC(34) Soft: 93 encountered, 0 discovered, 0 enqueued
[2024-07-21T21:23:35.561+0800][4.581s][gc,ref      ] GC(34) Weak: 131 encountered, 107 discovered, 0 enqueued
[2024-07-21T21:23:35.561+0800][4.581s][gc,ref      ] GC(34) Final: 0 encountered, 0 discovered, 0 enqueued
[2024-07-21T21:23:35.561+0800][4.581s][gc,ref      ] GC(34) Phantom: 184 encountered, 98 discovered, 0 enqueued
[2024-07-21T21:23:35.561+0800][4.581s][gc,reloc    ] GC(34) Small Pages: 4 / 8M, Empty: 2M, Relocated: 0M, In-Place: 0
[2024-07-21T21:23:35.561+0800][4.581s][gc,reloc    ] GC(34) Medium Pages: 4 / 128M, Empty: 64M, Relocated: 1M, In-Place: 0
[2024-07-21T21:23:35.561+0800][4.581s][gc,reloc    ] GC(34) Large Pages: 0 / 0M, Empty: 0M, Relocated: 0M, In-Place: 0
[2024-07-21T21:23:35.561+0800][4.581s][gc,reloc    ] GC(34) Forwarding Usage: 0M
[2024-07-21T21:23:35.561+0800][4.581s][gc,heap     ] GC(34) Min Capacity: 8M(0%)
[2024-07-21T21:23:35.561+0800][4.581s][gc,heap     ] GC(34) Max Capacity: 2048M(100%)
[2024-07-21T21:23:35.561+0800][4.581s][gc,heap     ] GC(34) Soft Max Capacity: 256M(12%)
[2024-07-21T21:23:35.561+0800][4.581s][gc,heap     ] GC(34)                Mark Start          Mark End        Relocate Start      Relocate End           High               Low         
[2024-07-21T21:23:35.561+0800][4.581s][gc,heap     ] GC(34)  Capacity:      256M (12%)         256M (12%)         256M (12%)         256M (12%)         256M (12%)         256M (12%)    
[2024-07-21T21:23:35.561+0800][4.581s][gc,heap     ] GC(34)      Free:     1912M (93%)        1878M (92%)        1944M (95%)        1976M (96%)        1976M (96%)        1878M (92%)    
[2024-07-21T21:23:35.561+0800][4.581s][gc,heap     ] GC(34)      Used:      136M (7%)          170M (8%)          104M (5%)           72M (4%)          170M (8%)           72M (4%)     
[2024-07-21T21:23:35.561+0800][4.581s][gc,heap     ] GC(34)      Live:         -                 5M (0%)            5M (0%)            5M (0%)             -                  -          
[2024-07-21T21:23:35.561+0800][4.581s][gc,heap     ] GC(34) Allocated:         -                34M (2%)           34M (2%)           34M (2%)             -                  -          
[2024-07-21T21:23:35.561+0800][4.581s][gc,heap     ] GC(34)   Garbage:         -               130M (6%)           64M (3%)           32M (2%)             -                  -          
[2024-07-21T21:23:35.561+0800][4.581s][gc,heap     ] GC(34) Reclaimed:         -                  -                66M (3%)           98M (5%)             -                  -          
[2024-07-21T21:23:35.562+0800][4.581s][gc          ] GC(34) Garbage Collection (Allocation Rate) 136M(7%)->72M(4%)
[2024-07-21T21:23:35.742+0800][4.761s][gc,start    ] GC(35) Garbage Collection (Allocation Rate)
[2024-07-21T21:23:35.742+0800][4.761s][gc,task     ] GC(35) Using 1 workers
[2024-07-21T21:23:35.742+0800][4.761s][gc,phases   ] GC(35) Pause Mark Start 0.012ms
[2024-07-21T21:23:35.745+0800][4.765s][gc,phases   ] GC(35) Concurrent Mark 3.568ms
[2024-07-21T21:23:35.745+0800][4.765s][gc,phases   ] GC(35) Pause Mark End 0.013ms
[2024-07-21T21:23:35.746+0800][4.766s][gc,phases   ] GC(35) Concurrent Mark Free 0.001ms
[2024-07-21T21:23:35.747+0800][4.767s][gc,phases   ] GC(35) Concurrent Process Non-Strong References 1.023ms
[2024-07-21T21:23:35.747+0800][4.767s][gc,phases   ] GC(35) Concurrent Reset Relocation Set 0.002ms
[2024-07-21T21:23:35.748+0800][4.768s][gc,phases   ] GC(35) Concurrent Select Relocation Set 1.621ms
[2024-07-21T21:23:35.748+0800][4.768s][gc,phases   ] GC(35) Pause Relocate Start 0.004ms
[2024-07-21T21:23:35.749+0800][4.769s][gc,phases   ] GC(35) Concurrent Relocate 0.205ms
[2024-07-21T21:23:35.749+0800][4.769s][gc,load     ] GC(35) Load: 0.00/0.00/0.00
[2024-07-21T21:23:35.749+0800][4.769s][gc,mmu      ] GC(35) MMU: 2ms/96.8%, 5ms/98.5%, 10ms/99.3%, 20ms/99.6%, 50ms/99.8%, 100ms/99.9%
[2024-07-21T21:23:35.749+0800][4.769s][gc,marking  ] GC(35) Mark: 1 stripe(s), 2 proactive flush(es), 1 terminate flush(es), 0 completion(s), 0 continuation(s) 
[2024-07-21T21:23:35.749+0800][4.769s][gc,marking  ] GC(35) Mark Stack Usage: 32M
[2024-07-21T21:23:35.749+0800][4.769s][gc,nmethod  ] GC(35) NMethods: 440 registered, 0 unregistered
[2024-07-21T21:23:35.749+0800][4.769s][gc,metaspace] GC(35) Metaspace: 1M used, 1M committed, 1032M reserved
[2024-07-21T21:23:35.749+0800][4.769s][gc,ref      ] GC(35) Soft: 93 encountered, 0 discovered, 0 enqueued
[2024-07-21T21:23:35.749+0800][4.769s][gc,ref      ] GC(35) Weak: 131 encountered, 107 discovered, 0 enqueued
[2024-07-21T21:23:35.749+0800][4.769s][gc,ref      ] GC(35) Final: 0 encountered, 0 discovered, 0 enqueued
[2024-07-21T21:23:35.749+0800][4.769s][gc,ref      ] GC(35) Phantom: 184 encountered, 98 discovered, 0 enqueued
[2024-07-21T21:23:35.749+0800][4.769s][gc,reloc    ] GC(35) Small Pages: 4 / 8M, Empty: 2M, Relocated: 0M, In-Place: 0
[2024-07-21T21:23:35.749+0800][4.769s][gc,reloc    ] GC(35) Medium Pages: 5 / 160M, Empty: 96M, Relocated: 1M, In-Place: 0
[2024-07-21T21:23:35.749+0800][4.769s][gc,reloc    ] GC(35) Large Pages: 0 / 0M, Empty: 0M, Relocated: 0M, In-Place: 0
[2024-07-21T21:23:35.749+0800][4.769s][gc,reloc    ] GC(35) Forwarding Usage: 0M
[2024-07-21T21:23:35.749+0800][4.769s][gc,heap     ] GC(35) Min Capacity: 8M(0%)
[2024-07-21T21:23:35.749+0800][4.769s][gc,heap     ] GC(35) Max Capacity: 2048M(100%)
[2024-07-21T21:23:35.749+0800][4.769s][gc,heap     ] GC(35) Soft Max Capacity: 256M(12%)
[2024-07-21T21:23:35.749+0800][4.769s][gc,heap     ] GC(35)                Mark Start          Mark End        Relocate Start      Relocate End           High               Low         
[2024-07-21T21:23:35.749+0800][4.769s][gc,heap     ] GC(35)  Capacity:      256M (12%)         256M (12%)         256M (12%)         256M (12%)         256M (12%)         256M (12%)    
[2024-07-21T21:23:35.749+0800][4.769s][gc,heap     ] GC(35)      Free:     1880M (92%)        1846M (90%)        1944M (95%)        1976M (96%)        1976M (96%)        1846M (90%)    
[2024-07-21T21:23:35.749+0800][4.769s][gc,heap     ] GC(35)      Used:      168M (8%)          202M (10%)         104M (5%)           72M (4%)          202M (10%)          72M (4%)     
[2024-07-21T21:23:35.749+0800][4.769s][gc,heap     ] GC(35)      Live:         -                 5M (0%)            5M (0%)            5M (0%)             -                  -          
[2024-07-21T21:23:35.749+0800][4.769s][gc,heap     ] GC(35) Allocated:         -                34M (2%)           34M (2%)           34M (2%)             -                  -          
[2024-07-21T21:23:35.749+0800][4.769s][gc,heap     ] GC(35)   Garbage:         -               162M (8%)           64M (3%)           32M (2%)             -                  -          
[2024-07-21T21:23:35.749+0800][4.769s][gc,heap     ] GC(35) Reclaimed:         -                  -                98M (5%)          130M (6%)             -                  -          
[2024-07-21T21:23:35.749+0800][4.769s][gc          ] GC(35) Garbage Collection (Allocation Rate) 168M(8%)->72M(4%)
[2024-07-21T21:23:35.854+0800][4.873s][gc,start    ] GC(36) Garbage Collection (Allocation Rate)
[2024-07-21T21:23:35.854+0800][4.873s][gc,task     ] GC(36) Using 1 workers
[2024-07-21T21:23:35.854+0800][4.873s][gc,phases   ] GC(36) Pause Mark Start 0.018ms
[2024-07-21T21:23:35.859+0800][4.879s][gc,phases   ] GC(36) Concurrent Mark 5.393ms
[2024-07-21T21:23:35.859+0800][4.879s][gc,phases   ] GC(36) Pause Mark End 0.011ms
[2024-07-21T21:23:35.859+0800][4.879s][gc,phases   ] GC(36) Concurrent Mark Free 0.001ms
[2024-07-21T21:23:35.860+0800][4.880s][gc,phases   ] GC(36) Concurrent Process Non-Strong References 1.140ms
[2024-07-21T21:23:35.860+0800][4.880s][gc,phases   ] GC(36) Concurrent Reset Relocation Set 0.001ms
[2024-07-21T21:23:35.862+0800][4.882s][gc,phases   ] GC(36) Concurrent Select Relocation Set 1.744ms
[2024-07-21T21:23:35.862+0800][4.882s][gc,phases   ] GC(36) Pause Relocate Start 0.013ms
[2024-07-21T21:23:35.863+0800][4.883s][gc,phases   ] GC(36) Concurrent Relocate 0.818ms
[2024-07-21T21:23:35.863+0800][4.883s][gc,load     ] GC(36) Load: 0.00/0.00/0.00
[2024-07-21T21:23:35.863+0800][4.883s][gc,mmu      ] GC(36) MMU: 2ms/96.8%, 5ms/98.5%, 10ms/99.3%, 20ms/99.6%, 50ms/99.8%, 100ms/99.9%
[2024-07-21T21:23:35.863+0800][4.883s][gc,marking  ] GC(36) Mark: 1 stripe(s), 2 proactive flush(es), 1 terminate flush(es), 0 completion(s), 0 continuation(s) 
[2024-07-21T21:23:35.863+0800][4.883s][gc,marking  ] GC(36) Mark Stack Usage: 32M
[2024-07-21T21:23:35.863+0800][4.883s][gc,nmethod  ] GC(36) NMethods: 440 registered, 0 unregistered
[2024-07-21T21:23:35.863+0800][4.883s][gc,metaspace] GC(36) Metaspace: 1M used, 1M committed, 1032M reserved
[2024-07-21T21:23:35.863+0800][4.883s][gc,ref      ] GC(36) Soft: 93 encountered, 0 discovered, 0 enqueued
[2024-07-21T21:23:35.863+0800][4.883s][gc,ref      ] GC(36) Weak: 131 encountered, 107 discovered, 0 enqueued
[2024-07-21T21:23:35.863+0800][4.883s][gc,ref      ] GC(36) Final: 0 encountered, 0 discovered, 0 enqueued
[2024-07-21T21:23:35.863+0800][4.883s][gc,ref      ] GC(36) Phantom: 184 encountered, 98 discovered, 0 enqueued
[2024-07-21T21:23:35.863+0800][4.883s][gc,reloc    ] GC(36) Small Pages: 4 / 8M, Empty: 2M, Relocated: 0M, In-Place: 0
[2024-07-21T21:23:35.863+0800][4.883s][gc,reloc    ] GC(36) Medium Pages: 4 / 128M, Empty: 64M, Relocated: 3M, In-Place: 0
[2024-07-21T21:23:35.863+0800][4.883s][gc,reloc    ] GC(36) Large Pages: 0 / 0M, Empty: 0M, Relocated: 0M, In-Place: 0
[2024-07-21T21:23:35.863+0800][4.883s][gc,reloc    ] GC(36) Forwarding Usage: 0M
[2024-07-21T21:23:35.863+0800][4.883s][gc,heap     ] GC(36) Min Capacity: 8M(0%)
[2024-07-21T21:23:35.863+0800][4.883s][gc,heap     ] GC(36) Max Capacity: 2048M(100%)
[2024-07-21T21:23:35.863+0800][4.883s][gc,heap     ] GC(36) Soft Max Capacity: 256M(12%)
[2024-07-21T21:23:35.863+0800][4.883s][gc,heap     ] GC(36)                Mark Start          Mark End        Relocate Start      Relocate End           High               Low         
[2024-07-21T21:23:35.863+0800][4.883s][gc,heap     ] GC(36)  Capacity:      256M (12%)         256M (12%)         256M (12%)         256M (12%)         256M (12%)         256M (12%)    
[2024-07-21T21:23:35.863+0800][4.883s][gc,heap     ] GC(36)      Free:     1912M (93%)        1878M (92%)        1944M (95%)        1976M (96%)        1976M (96%)        1878M (92%)    
[2024-07-21T21:23:35.863+0800][4.883s][gc,heap     ] GC(36)      Used:      136M (7%)          170M (8%)          104M (5%)           72M (4%)          170M (8%)           72M (4%)     
[2024-07-21T21:23:35.863+0800][4.883s][gc,heap     ] GC(36)      Live:         -                 7M (0%)            7M (0%)            7M (0%)             -                  -          
[2024-07-21T21:23:35.863+0800][4.883s][gc,heap     ] GC(36) Allocated:         -                34M (2%)           34M (2%)           34M (2%)             -                  -          
[2024-07-21T21:23:35.863+0800][4.883s][gc,heap     ] GC(36)   Garbage:         -               128M (6%)           62M (3%)           30M (1%)             -                  -          
[2024-07-21T21:23:35.863+0800][4.883s][gc,heap     ] GC(36) Reclaimed:         -                  -                66M (3%)           98M (5%)             -                  -          
[2024-07-21T21:23:35.863+0800][4.884s][gc          ] GC(36) Garbage Collection (Allocation Rate) 136M(7%)->72M(4%)
[2024-07-21T21:23:36.043+0800][5.062s][gc,start    ] GC(37) Garbage Collection (Allocation Rate)
[2024-07-21T21:23:36.043+0800][5.062s][gc,task     ] GC(37) Using 1 workers
[2024-07-21T21:23:36.043+0800][5.063s][gc,phases   ] GC(37) Pause Mark Start 0.012ms
[2024-07-21T21:23:36.047+0800][5.067s][gc,phases   ] GC(37) Concurrent Mark 3.986ms
[2024-07-21T21:23:36.047+0800][5.067s][gc,phases   ] GC(37) Pause Mark End 0.011ms
[2024-07-21T21:23:36.048+0800][5.067s][gc,phases   ] GC(37) Concurrent Mark Free 0.001ms
[2024-07-21T21:23:36.049+0800][5.068s][gc,phases   ] GC(37) Concurrent Process Non-Strong References 1.124ms
[2024-07-21T21:23:36.049+0800][5.068s][gc,phases   ] GC(37) Concurrent Reset Relocation Set 0.001ms
[2024-07-21T21:23:36.050+0800][5.070s][gc,phases   ] GC(37) Concurrent Select Relocation Set 1.575ms
[2024-07-21T21:23:36.050+0800][5.070s][gc,phases   ] GC(37) Pause Relocate Start 0.006ms
[2024-07-21T21:23:36.051+0800][5.071s][gc,phases   ] GC(37) Concurrent Relocate 0.852ms
[2024-07-21T21:23:36.051+0800][5.071s][gc,load     ] GC(37) Load: 0.00/0.00/0.00
[2024-07-21T21:23:36.051+0800][5.071s][gc,mmu      ] GC(37) MMU: 2ms/96.8%, 5ms/98.5%, 10ms/99.3%, 20ms/99.6%, 50ms/99.8%, 100ms/99.9%
[2024-07-21T21:23:36.052+0800][5.071s][gc,marking  ] GC(37) Mark: 1 stripe(s), 2 proactive flush(es), 1 terminate flush(es), 0 completion(s), 0 continuation(s) 
[2024-07-21T21:23:36.052+0800][5.071s][gc,marking  ] GC(37) Mark Stack Usage: 32M
[2024-07-21T21:23:36.052+0800][5.071s][gc,nmethod  ] GC(37) NMethods: 440 registered, 0 unregistered
[2024-07-21T21:23:36.052+0800][5.071s][gc,metaspace] GC(37) Metaspace: 1M used, 1M committed, 1032M reserved
[2024-07-21T21:23:36.052+0800][5.071s][gc,ref      ] GC(37) Soft: 93 encountered, 0 discovered, 0 enqueued
[2024-07-21T21:23:36.052+0800][5.071s][gc,ref      ] GC(37) Weak: 131 encountered, 107 discovered, 0 enqueued
[2024-07-21T21:23:36.052+0800][5.071s][gc,ref      ] GC(37) Final: 0 encountered, 0 discovered, 0 enqueued
[2024-07-21T21:23:36.052+0800][5.071s][gc,ref      ] GC(37) Phantom: 184 encountered, 98 discovered, 0 enqueued
[2024-07-21T21:23:36.052+0800][5.071s][gc,reloc    ] GC(37) Small Pages: 4 / 8M, Empty: 2M, Relocated: 0M, In-Place: 0
[2024-07-21T21:23:36.052+0800][5.071s][gc,reloc    ] GC(37) Medium Pages: 5 / 160M, Empty: 96M, Relocated: 4M, In-Place: 0
[2024-07-21T21:23:36.052+0800][5.071s][gc,reloc    ] GC(37) Large Pages: 0 / 0M, Empty: 0M, Relocated: 0M, In-Place: 0
[2024-07-21T21:23:36.052+0800][5.071s][gc,reloc    ] GC(37) Forwarding Usage: 0M
[2024-07-21T21:23:36.052+0800][5.071s][gc,heap     ] GC(37) Min Capacity: 8M(0%)
[2024-07-21T21:23:36.052+0800][5.071s][gc,heap     ] GC(37) Max Capacity: 2048M(100%)
[2024-07-21T21:23:36.052+0800][5.071s][gc,heap     ] GC(37) Soft Max Capacity: 256M(12%)
[2024-07-21T21:23:36.052+0800][5.071s][gc,heap     ] GC(37)                Mark Start          Mark End        Relocate Start      Relocate End           High               Low         
[2024-07-21T21:23:36.052+0800][5.071s][gc,heap     ] GC(37)  Capacity:      256M (12%)         256M (12%)         256M (12%)         256M (12%)         256M (12%)         256M (12%)    
[2024-07-21T21:23:36.052+0800][5.071s][gc,heap     ] GC(37)      Free:     1880M (92%)        1846M (90%)        1944M (95%)        1976M (96%)        1976M (96%)        1846M (90%)    
[2024-07-21T21:23:36.052+0800][5.071s][gc,heap     ] GC(37)      Used:      168M (8%)          202M (10%)         104M (5%)           72M (4%)          202M (10%)          72M (4%)     
[2024-07-21T21:23:36.052+0800][5.071s][gc,heap     ] GC(37)      Live:         -                 8M (0%)            8M (0%)            8M (0%)             -                  -          
[2024-07-21T21:23:36.052+0800][5.071s][gc,heap     ] GC(37) Allocated:         -                34M (2%)           34M (2%)           34M (2%)             -                  -          
[2024-07-21T21:23:36.052+0800][5.071s][gc,heap     ] GC(37)   Garbage:         -               159M (8%)           61M (3%)           29M (1%)             -                  -          
[2024-07-21T21:23:36.052+0800][5.071s][gc,heap     ] GC(37) Reclaimed:         -                  -                98M (5%)          130M (6%)             -                  -          
[2024-07-21T21:23:36.052+0800][5.071s][gc          ] GC(37) Garbage Collection (Allocation Rate) 168M(8%)->72M(4%)
[2024-07-21T21:23:36.153+0800][5.172s][gc,start    ] GC(38) Garbage Collection (Allocation Rate)
[2024-07-21T21:23:36.153+0800][5.172s][gc,task     ] GC(38) Using 1 workers
[2024-07-21T21:23:36.153+0800][5.172s][gc,phases   ] GC(38) Pause Mark Start 0.016ms
[2024-07-21T21:23:36.157+0800][5.177s][gc,phases   ] GC(38) Concurrent Mark 4.080ms
[2024-07-21T21:23:36.157+0800][5.177s][gc,phases   ] GC(38) Pause Mark End 0.009ms
[2024-07-21T21:23:36.157+0800][5.177s][gc,phases   ] GC(38) Concurrent Mark Free 0.001ms
[2024-07-21T21:23:36.158+0800][5.178s][gc,phases   ] GC(38) Concurrent Process Non-Strong References 1.084ms
[2024-07-21T21:23:36.158+0800][5.178s][gc,phases   ] GC(38) Concurrent Reset Relocation Set 0.002ms
[2024-07-21T21:23:36.160+0800][5.180s][gc,phases   ] GC(38) Concurrent Select Relocation Set 1.817ms
[2024-07-21T21:23:36.160+0800][5.180s][gc,phases   ] GC(38) Pause Relocate Start 0.005ms
[2024-07-21T21:23:36.161+0800][5.180s][gc,phases   ] GC(38) Concurrent Relocate 0.249ms
[2024-07-21T21:23:36.161+0800][5.180s][gc,load     ] GC(38) Load: 0.00/0.00/0.00
[2024-07-21T21:23:36.161+0800][5.180s][gc,mmu      ] GC(38) MMU: 2ms/96.8%, 5ms/98.5%, 10ms/99.3%, 20ms/99.6%, 50ms/99.8%, 100ms/99.9%
[2024-07-21T21:23:36.161+0800][5.180s][gc,marking  ] GC(38) Mark: 1 stripe(s), 2 proactive flush(es), 1 terminate flush(es), 0 completion(s), 0 continuation(s) 
[2024-07-21T21:23:36.161+0800][5.180s][gc,marking  ] GC(38) Mark Stack Usage: 32M
[2024-07-21T21:23:36.161+0800][5.180s][gc,nmethod  ] GC(38) NMethods: 440 registered, 0 unregistered
[2024-07-21T21:23:36.161+0800][5.180s][gc,metaspace] GC(38) Metaspace: 1M used, 1M committed, 1032M reserved
[2024-07-21T21:23:36.161+0800][5.181s][gc,ref      ] GC(38) Soft: 93 encountered, 0 discovered, 0 enqueued
[2024-07-21T21:23:36.161+0800][5.181s][gc,ref      ] GC(38) Weak: 131 encountered, 107 discovered, 0 enqueued
[2024-07-21T21:23:36.161+0800][5.181s][gc,ref      ] GC(38) Final: 0 encountered, 0 discovered, 0 enqueued
[2024-07-21T21:23:36.161+0800][5.181s][gc,ref      ] GC(38) Phantom: 184 encountered, 98 discovered, 0 enqueued
[2024-07-21T21:23:36.161+0800][5.181s][gc,reloc    ] GC(38) Small Pages: 4 / 8M, Empty: 2M, Relocated: 0M, In-Place: 0
[2024-07-21T21:23:36.161+0800][5.181s][gc,reloc    ] GC(38) Medium Pages: 4 / 128M, Empty: 64M, Relocated: 1M, In-Place: 0
[2024-07-21T21:23:36.161+0800][5.181s][gc,reloc    ] GC(38) Large Pages: 0 / 0M, Empty: 0M, Relocated: 0M, In-Place: 0
[2024-07-21T21:23:36.161+0800][5.181s][gc,reloc    ] GC(38) Forwarding Usage: 0M
[2024-07-21T21:23:36.161+0800][5.181s][gc,heap     ] GC(38) Min Capacity: 8M(0%)
[2024-07-21T21:23:36.161+0800][5.181s][gc,heap     ] GC(38) Max Capacity: 2048M(100%)
[2024-07-21T21:23:36.161+0800][5.181s][gc,heap     ] GC(38) Soft Max Capacity: 256M(12%)
[2024-07-21T21:23:36.161+0800][5.181s][gc,heap     ] GC(38)                Mark Start          Mark End        Relocate Start      Relocate End           High               Low         
[2024-07-21T21:23:36.161+0800][5.181s][gc,heap     ] GC(38)  Capacity:      256M (12%)         256M (12%)         256M (12%)         256M (12%)         256M (12%)         256M (12%)    
[2024-07-21T21:23:36.161+0800][5.181s][gc,heap     ] GC(38)      Free:     1912M (93%)        1878M (92%)        1944M (95%)        1976M (96%)        1976M (96%)        1878M (92%)    
[2024-07-21T21:23:36.161+0800][5.181s][gc,heap     ] GC(38)      Used:      136M (7%)          170M (8%)          104M (5%)           72M (4%)          170M (8%)           72M (4%)     
[2024-07-21T21:23:36.161+0800][5.181s][gc,heap     ] GC(38)      Live:         -                 5M (0%)            5M (0%)            5M (0%)             -                  -          
[2024-07-21T21:23:36.161+0800][5.181s][gc,heap     ] GC(38) Allocated:         -                34M (2%)           34M (2%)           34M (2%)             -                  -          
[2024-07-21T21:23:36.161+0800][5.181s][gc,heap     ] GC(38)   Garbage:         -               130M (6%)           64M (3%)           32M (2%)             -                  -          
[2024-07-21T21:23:36.161+0800][5.181s][gc,heap     ] GC(38) Reclaimed:         -                  -                66M (3%)           98M (5%)             -                  -          
[2024-07-21T21:23:36.161+0800][5.181s][gc          ] GC(38) Garbage Collection (Allocation Rate) 136M(7%)->72M(4%)
[2024-07-21T21:23:36.354+0800][5.373s][gc,start    ] GC(39) Garbage Collection (Allocation Rate)
[2024-07-21T21:23:36.354+0800][5.374s][gc,task     ] GC(39) Using 1 workers
[2024-07-21T21:23:36.354+0800][5.374s][gc,phases   ] GC(39) Pause Mark Start 0.021ms
[2024-07-21T21:23:36.359+0800][5.379s][gc,phases   ] GC(39) Concurrent Mark 4.857ms
[2024-07-21T21:23:36.359+0800][5.379s][gc,phases   ] GC(39) Pause Mark End 0.009ms
[2024-07-21T21:23:36.359+0800][5.379s][gc,phases   ] GC(39) Concurrent Mark Free 0.001ms
[2024-07-21T21:23:36.360+0800][5.380s][gc,phases   ] GC(39) Concurrent Process Non-Strong References 1.094ms
[2024-07-21T21:23:36.360+0800][5.380s][gc,phases   ] GC(39) Concurrent Reset Relocation Set 0.001ms
[2024-07-21T21:23:36.362+0800][5.382s][gc,phases   ] GC(39) Concurrent Select Relocation Set 1.680ms
[2024-07-21T21:23:36.362+0800][5.382s][gc,phases   ] GC(39) Pause Relocate Start 0.004ms
[2024-07-21T21:23:36.363+0800][5.382s][gc,phases   ] GC(39) Concurrent Relocate 0.370ms
[2024-07-21T21:23:36.363+0800][5.383s][gc,load     ] GC(39) Load: 0.00/0.00/0.00
[2024-07-21T21:23:36.363+0800][5.383s][gc,mmu      ] GC(39) MMU: 2ms/96.8%, 5ms/98.5%, 10ms/99.3%, 20ms/99.6%, 50ms/99.8%, 100ms/99.9%
[2024-07-21T21:23:36.363+0800][5.383s][gc,marking  ] GC(39) Mark: 1 stripe(s), 2 proactive flush(es), 1 terminate flush(es), 0 completion(s), 0 continuation(s) 
[2024-07-21T21:23:36.363+0800][5.383s][gc,marking  ] GC(39) Mark Stack Usage: 32M
[2024-07-21T21:23:36.363+0800][5.383s][gc,nmethod  ] GC(39) NMethods: 440 registered, 0 unregistered
[2024-07-21T21:23:36.363+0800][5.383s][gc,metaspace] GC(39) Metaspace: 1M used, 1M committed, 1032M reserved
[2024-07-21T21:23:36.363+0800][5.383s][gc,ref      ] GC(39) Soft: 93 encountered, 0 discovered, 0 enqueued
[2024-07-21T21:23:36.363+0800][5.383s][gc,ref      ] GC(39) Weak: 131 encountered, 107 discovered, 0 enqueued
[2024-07-21T21:23:36.363+0800][5.383s][gc,ref      ] GC(39) Final: 0 encountered, 0 discovered, 0 enqueued
[2024-07-21T21:23:36.363+0800][5.383s][gc,ref      ] GC(39) Phantom: 184 encountered, 98 discovered, 0 enqueued
[2024-07-21T21:23:36.363+0800][5.383s][gc,reloc    ] GC(39) Small Pages: 4 / 8M, Empty: 2M, Relocated: 0M, In-Place: 0
[2024-07-21T21:23:36.363+0800][5.383s][gc,reloc    ] GC(39) Medium Pages: 6 / 192M, Empty: 128M, Relocated: 2M, In-Place: 0
[2024-07-21T21:23:36.363+0800][5.383s][gc,reloc    ] GC(39) Large Pages: 0 / 0M, Empty: 0M, Relocated: 0M, In-Place: 0
[2024-07-21T21:23:36.363+0800][5.383s][gc,reloc    ] GC(39) Forwarding Usage: 0M
[2024-07-21T21:23:36.363+0800][5.383s][gc,heap     ] GC(39) Min Capacity: 8M(0%)
[2024-07-21T21:23:36.363+0800][5.383s][gc,heap     ] GC(39) Max Capacity: 2048M(100%)
[2024-07-21T21:23:36.363+0800][5.383s][gc,heap     ] GC(39) Soft Max Capacity: 256M(12%)
[2024-07-21T21:23:36.363+0800][5.383s][gc,heap     ] GC(39)                Mark Start          Mark End        Relocate Start      Relocate End           High               Low         
[2024-07-21T21:23:36.363+0800][5.383s][gc,heap     ] GC(39)  Capacity:      256M (12%)         256M (12%)         256M (12%)         256M (12%)         256M (12%)         256M (12%)    
[2024-07-21T21:23:36.363+0800][5.383s][gc,heap     ] GC(39)      Free:     1848M (90%)        1814M (89%)        1944M (95%)        1976M (96%)        1976M (96%)        1814M (89%)    
[2024-07-21T21:23:36.363+0800][5.383s][gc,heap     ] GC(39)      Used:      200M (10%)         234M (11%)         104M (5%)           72M (4%)          234M (11%)          72M (4%)     
[2024-07-21T21:23:36.363+0800][5.383s][gc,heap     ] GC(39)      Live:         -                 6M (0%)            6M (0%)            6M (0%)             -                  -          
[2024-07-21T21:23:36.363+0800][5.383s][gc,heap     ] GC(39) Allocated:         -                34M (2%)           34M (2%)           34M (2%)             -                  -          
[2024-07-21T21:23:36.363+0800][5.383s][gc,heap     ] GC(39)   Garbage:         -               193M (9%)           63M (3%)           31M (2%)             -                  -          
[2024-07-21T21:23:36.363+0800][5.383s][gc,heap     ] GC(39) Reclaimed:         -                  -               130M (6%)          162M (8%)             -                  -          
[2024-07-21T21:23:36.363+0800][5.383s][gc          ] GC(39) Garbage Collection (Allocation Rate) 200M(10%)->72M(4%)
[2024-07-21T21:23:36.544+0800][5.563s][gc,start    ] GC(40) Garbage Collection (Allocation Rate)
[2024-07-21T21:23:36.544+0800][5.563s][gc,task     ] GC(40) Using 1 workers
[2024-07-21T21:23:36.544+0800][5.564s][gc,phases   ] GC(40) Pause Mark Start 0.006ms
[2024-07-21T21:23:36.548+0800][5.568s][gc,phases   ] GC(40) Concurrent Mark 3.850ms
[2024-07-21T21:23:36.548+0800][5.568s][gc,phases   ] GC(40) Pause Mark End 0.009ms
[2024-07-21T21:23:36.548+0800][5.568s][gc,phases   ] GC(40) Concurrent Mark Free 0.001ms
[2024-07-21T21:23:36.549+0800][5.569s][gc,phases   ] GC(40) Concurrent Process Non-Strong References 1.094ms
[2024-07-21T21:23:36.549+0800][5.569s][gc,phases   ] GC(40) Concurrent Reset Relocation Set 0.001ms
[2024-07-21T21:23:36.552+0800][5.571s][gc,phases   ] GC(40) Concurrent Select Relocation Set 2.285ms
[2024-07-21T21:23:36.552+0800][5.572s][gc,phases   ] GC(40) Pause Relocate Start 0.018ms
[2024-07-21T21:23:36.553+0800][5.572s][gc,phases   ] GC(40) Concurrent Relocate 0.630ms
[2024-07-21T21:23:36.553+0800][5.572s][gc,load     ] GC(40) Load: 0.00/0.00/0.00
[2024-07-21T21:23:36.553+0800][5.572s][gc,mmu      ] GC(40) MMU: 2ms/96.8%, 5ms/98.5%, 10ms/99.3%, 20ms/99.6%, 50ms/99.8%, 100ms/99.9%
[2024-07-21T21:23:36.553+0800][5.572s][gc,marking  ] GC(40) Mark: 1 stripe(s), 2 proactive flush(es), 1 terminate flush(es), 0 completion(s), 0 continuation(s) 
[2024-07-21T21:23:36.553+0800][5.572s][gc,marking  ] GC(40) Mark Stack Usage: 32M
[2024-07-21T21:23:36.553+0800][5.572s][gc,nmethod  ] GC(40) NMethods: 440 registered, 0 unregistered
[2024-07-21T21:23:36.553+0800][5.572s][gc,metaspace] GC(40) Metaspace: 1M used, 1M committed, 1032M reserved
[2024-07-21T21:23:36.553+0800][5.573s][gc,ref      ] GC(40) Soft: 93 encountered, 0 discovered, 0 enqueued
[2024-07-21T21:23:36.553+0800][5.573s][gc,ref      ] GC(40) Weak: 131 encountered, 107 discovered, 0 enqueued
[2024-07-21T21:23:36.553+0800][5.573s][gc,ref      ] GC(40) Final: 0 encountered, 0 discovered, 0 enqueued
[2024-07-21T21:23:36.553+0800][5.573s][gc,ref      ] GC(40) Phantom: 184 encountered, 98 discovered, 0 enqueued
[2024-07-21T21:23:36.553+0800][5.573s][gc,reloc    ] GC(40) Small Pages: 4 / 8M, Empty: 2M, Relocated: 0M, In-Place: 0
[2024-07-21T21:23:36.553+0800][5.573s][gc,reloc    ] GC(40) Medium Pages: 5 / 160M, Empty: 96M, Relocated: 4M, In-Place: 0
[2024-07-21T21:23:36.553+0800][5.573s][gc,reloc    ] GC(40) Large Pages: 0 / 0M, Empty: 0M, Relocated: 0M, In-Place: 0
[2024-07-21T21:23:36.553+0800][5.573s][gc,reloc    ] GC(40) Forwarding Usage: 0M
[2024-07-21T21:23:36.553+0800][5.573s][gc,heap     ] GC(40) Min Capacity: 8M(0%)
[2024-07-21T21:23:36.553+0800][5.573s][gc,heap     ] GC(40) Max Capacity: 2048M(100%)
[2024-07-21T21:23:36.553+0800][5.573s][gc,heap     ] GC(40) Soft Max Capacity: 256M(12%)
[2024-07-21T21:23:36.553+0800][5.573s][gc,heap     ] GC(40)                Mark Start          Mark End        Relocate Start      Relocate End           High               Low         
[2024-07-21T21:23:36.553+0800][5.573s][gc,heap     ] GC(40)  Capacity:      256M (12%)         256M (12%)         256M (12%)         256M (12%)         256M (12%)         256M (12%)    
[2024-07-21T21:23:36.553+0800][5.573s][gc,heap     ] GC(40)      Free:     1880M (92%)        1846M (90%)        1944M (95%)        1976M (96%)        1976M (96%)        1846M (90%)    
[2024-07-21T21:23:36.553+0800][5.573s][gc,heap     ] GC(40)      Used:      168M (8%)          202M (10%)         104M (5%)           72M (4%)          202M (10%)          72M (4%)     
[2024-07-21T21:23:36.553+0800][5.573s][gc,heap     ] GC(40)      Live:         -                 8M (0%)            8M (0%)            8M (0%)             -                  -          
[2024-07-21T21:23:36.553+0800][5.573s][gc,heap     ] GC(40) Allocated:         -                34M (2%)           34M (2%)           34M (2%)             -                  -          
[2024-07-21T21:23:36.553+0800][5.573s][gc,heap     ] GC(40)   Garbage:         -               159M (8%)           61M (3%)           29M (1%)             -                  -          
[2024-07-21T21:23:36.553+0800][5.573s][gc,heap     ] GC(40) Reclaimed:         -                  -                98M (5%)          130M (6%)             -                  -          
[2024-07-21T21:23:36.553+0800][5.573s][gc          ] GC(40) Garbage Collection (Allocation Rate) 168M(8%)->72M(4%)
[2024-07-21T21:23:36.655+0800][5.674s][gc,start    ] GC(41) Garbage Collection (Allocation Rate)
[2024-07-21T21:23:36.655+0800][5.674s][gc,task     ] GC(41) Using 1 workers
[2024-07-21T21:23:36.655+0800][5.675s][gc,phases   ] GC(41) Pause Mark Start 0.010ms
[2024-07-21T21:23:36.659+0800][5.679s][gc,phases   ] GC(41) Concurrent Mark 3.870ms
[2024-07-21T21:23:36.659+0800][5.679s][gc,phases   ] GC(41) Pause Mark End 0.009ms
[2024-07-21T21:23:36.659+0800][5.679s][gc,phases   ] GC(41) Concurrent Mark Free 0.001ms
[2024-07-21T21:23:36.660+0800][5.680s][gc,phases   ] GC(41) Concurrent Process Non-Strong References 1.048ms
[2024-07-21T21:23:36.660+0800][5.680s][gc,phases   ] GC(41) Concurrent Reset Relocation Set 0.001ms
[2024-07-21T21:23:36.662+0800][5.682s][gc,phases   ] GC(41) Concurrent Select Relocation Set 1.916ms
[2024-07-21T21:23:36.663+0800][5.682s][gc,phases   ] GC(41) Pause Relocate Start 0.006ms
[2024-07-21T21:23:36.663+0800][5.683s][gc,phases   ] GC(41) Concurrent Relocate 0.272ms
[2024-07-21T21:23:36.663+0800][5.683s][gc,load     ] GC(41) Load: 0.00/0.00/0.00
[2024-07-21T21:23:36.663+0800][5.683s][gc,mmu      ] GC(41) MMU: 2ms/96.8%, 5ms/98.5%, 10ms/99.3%, 20ms/99.6%, 50ms/99.8%, 100ms/99.9%
[2024-07-21T21:23:36.663+0800][5.683s][gc,marking  ] GC(41) Mark: 1 stripe(s), 2 proactive flush(es), 1 terminate flush(es), 0 completion(s), 0 continuation(s) 
[2024-07-21T21:23:36.663+0800][5.683s][gc,marking  ] GC(41) Mark Stack Usage: 32M
[2024-07-21T21:23:36.663+0800][5.683s][gc,nmethod  ] GC(41) NMethods: 440 registered, 0 unregistered
[2024-07-21T21:23:36.663+0800][5.683s][gc,metaspace] GC(41) Metaspace: 1M used, 1M committed, 1032M reserved
[2024-07-21T21:23:36.663+0800][5.683s][gc,ref      ] GC(41) Soft: 93 encountered, 0 discovered, 0 enqueued
[2024-07-21T21:23:36.663+0800][5.683s][gc,ref      ] GC(41) Weak: 131 encountered, 107 discovered, 0 enqueued
[2024-07-21T21:23:36.663+0800][5.683s][gc,ref      ] GC(41) Final: 0 encountered, 0 discovered, 0 enqueued
[2024-07-21T21:23:36.663+0800][5.683s][gc,ref      ] GC(41) Phantom: 184 encountered, 98 discovered, 0 enqueued
[2024-07-21T21:23:36.663+0800][5.683s][gc,reloc    ] GC(41) Small Pages: 4 / 8M, Empty: 2M, Relocated: 0M, In-Place: 0
[2024-07-21T21:23:36.663+0800][5.683s][gc,reloc    ] GC(41) Medium Pages: 4 / 128M, Empty: 64M, Relocated: 1M, In-Place: 0
[2024-07-21T21:23:36.663+0800][5.683s][gc,reloc    ] GC(41) Large Pages: 0 / 0M, Empty: 0M, Relocated: 0M, In-Place: 0
[2024-07-21T21:23:36.663+0800][5.683s][gc,reloc    ] GC(41) Forwarding Usage: 0M
[2024-07-21T21:23:36.663+0800][5.683s][gc,heap     ] GC(41) Min Capacity: 8M(0%)
[2024-07-21T21:23:36.663+0800][5.683s][gc,heap     ] GC(41) Max Capacity: 2048M(100%)
[2024-07-21T21:23:36.663+0800][5.683s][gc,heap     ] GC(41) Soft Max Capacity: 256M(12%)
[2024-07-21T21:23:36.663+0800][5.683s][gc,heap     ] GC(41)                Mark Start          Mark End        Relocate Start      Relocate End           High               Low         
[2024-07-21T21:23:36.663+0800][5.683s][gc,heap     ] GC(41)  Capacity:      256M (12%)         256M (12%)         256M (12%)         256M (12%)         256M (12%)         256M (12%)    
[2024-07-21T21:23:36.663+0800][5.683s][gc,heap     ] GC(41)      Free:     1912M (93%)        1878M (92%)        1944M (95%)        1976M (96%)        1976M (96%)        1878M (92%)    
[2024-07-21T21:23:36.663+0800][5.683s][gc,heap     ] GC(41)      Used:      136M (7%)          170M (8%)          104M (5%)           72M (4%)          170M (8%)           72M (4%)     
[2024-07-21T21:23:36.663+0800][5.683s][gc,heap     ] GC(41)      Live:         -                 5M (0%)            5M (0%)            5M (0%)             -                  -          
[2024-07-21T21:23:36.663+0800][5.683s][gc,heap     ] GC(41) Allocated:         -                34M (2%)           34M (2%)           34M (2%)             -                  -          
[2024-07-21T21:23:36.663+0800][5.683s][gc,heap     ] GC(41)   Garbage:         -               130M (6%)           64M (3%)           32M (2%)             -                  -          
[2024-07-21T21:23:36.663+0800][5.683s][gc,heap     ] GC(41) Reclaimed:         -                  -                66M (3%)           98M (5%)             -                  -          
[2024-07-21T21:23:36.663+0800][5.683s][gc          ] GC(41) Garbage Collection (Allocation Rate) 136M(7%)->72M(4%)
[2024-07-21T21:23:36.845+0800][5.864s][gc,start    ] GC(42) Garbage Collection (Allocation Rate)
[2024-07-21T21:23:36.845+0800][5.864s][gc,task     ] GC(42) Using 1 workers
[2024-07-21T21:23:36.845+0800][5.864s][gc,phases   ] GC(42) Pause Mark Start 0.007ms
[2024-07-21T21:23:36.848+0800][5.868s][gc,phases   ] GC(42) Concurrent Mark 3.440ms
[2024-07-21T21:23:36.849+0800][5.868s][gc,phases   ] GC(42) Pause Mark End 0.009ms
[2024-07-21T21:23:36.849+0800][5.868s][gc,phases   ] GC(42) Concurrent Mark Free 0.001ms
[2024-07-21T21:23:36.850+0800][5.869s][gc,phases   ] GC(42) Concurrent Process Non-Strong References 1.038ms
[2024-07-21T21:23:36.850+0800][5.869s][gc,phases   ] GC(42) Concurrent Reset Relocation Set 0.001ms
[2024-07-21T21:23:36.852+0800][5.871s][gc,phases   ] GC(42) Concurrent Select Relocation Set 1.854ms
[2024-07-21T21:23:36.852+0800][5.871s][gc,phases   ] GC(42) Pause Relocate Start 0.004ms
[2024-07-21T21:23:36.852+0800][5.872s][gc,phases   ] GC(42) Concurrent Relocate 0.250ms
[2024-07-21T21:23:36.852+0800][5.872s][gc,load     ] GC(42) Load: 0.00/0.00/0.00
[2024-07-21T21:23:36.852+0800][5.872s][gc,mmu      ] GC(42) MMU: 2ms/96.8%, 5ms/98.5%, 10ms/99.3%, 20ms/99.6%, 50ms/99.8%, 100ms/99.9%
[2024-07-21T21:23:36.852+0800][5.872s][gc,marking  ] GC(42) Mark: 1 stripe(s), 2 proactive flush(es), 1 terminate flush(es), 0 completion(s), 0 continuation(s) 
[2024-07-21T21:23:36.852+0800][5.872s][gc,marking  ] GC(42) Mark Stack Usage: 32M
[2024-07-21T21:23:36.852+0800][5.872s][gc,nmethod  ] GC(42) NMethods: 442 registered, 0 unregistered
[2024-07-21T21:23:36.852+0800][5.872s][gc,metaspace] GC(42) Metaspace: 1M used, 1M committed, 1032M reserved
[2024-07-21T21:23:36.852+0800][5.872s][gc,ref      ] GC(42) Soft: 93 encountered, 0 discovered, 0 enqueued
[2024-07-21T21:23:36.852+0800][5.872s][gc,ref      ] GC(42) Weak: 131 encountered, 107 discovered, 0 enqueued
[2024-07-21T21:23:36.852+0800][5.872s][gc,ref      ] GC(42) Final: 0 encountered, 0 discovered, 0 enqueued
[2024-07-21T21:23:36.852+0800][5.872s][gc,ref      ] GC(42) Phantom: 184 encountered, 98 discovered, 0 enqueued
[2024-07-21T21:23:36.852+0800][5.872s][gc,reloc    ] GC(42) Small Pages: 4 / 8M, Empty: 2M, Relocated: 0M, In-Place: 0
[2024-07-21T21:23:36.852+0800][5.872s][gc,reloc    ] GC(42) Medium Pages: 5 / 160M, Empty: 96M, Relocated: 1M, In-Place: 0
[2024-07-21T21:23:36.852+0800][5.872s][gc,reloc    ] GC(42) Large Pages: 0 / 0M, Empty: 0M, Relocated: 0M, In-Place: 0
[2024-07-21T21:23:36.852+0800][5.872s][gc,reloc    ] GC(42) Forwarding Usage: 0M
[2024-07-21T21:23:36.852+0800][5.872s][gc,heap     ] GC(42) Min Capacity: 8M(0%)
[2024-07-21T21:23:36.852+0800][5.872s][gc,heap     ] GC(42) Max Capacity: 2048M(100%)
[2024-07-21T21:23:36.852+0800][5.872s][gc,heap     ] GC(42) Soft Max Capacity: 256M(12%)
[2024-07-21T21:23:36.852+0800][5.872s][gc,heap     ] GC(42)                Mark Start          Mark End        Relocate Start      Relocate End           High               Low         
[2024-07-21T21:23:36.852+0800][5.872s][gc,heap     ] GC(42)  Capacity:      256M (12%)         256M (12%)         256M (12%)         256M (12%)         256M (12%)         256M (12%)    
[2024-07-21T21:23:36.852+0800][5.872s][gc,heap     ] GC(42)      Free:     1880M (92%)        1846M (90%)        1944M (95%)        1976M (96%)        1976M (96%)        1846M (90%)    
[2024-07-21T21:23:36.852+0800][5.872s][gc,heap     ] GC(42)      Used:      168M (8%)          202M (10%)         104M (5%)           72M (4%)          202M (10%)          72M (4%)     
[2024-07-21T21:23:36.853+0800][5.872s][gc,heap     ] GC(42)      Live:         -                 5M (0%)            5M (0%)            5M (0%)             -                  -          
[2024-07-21T21:23:36.853+0800][5.872s][gc,heap     ] GC(42) Allocated:         -                34M (2%)           34M (2%)           34M (2%)             -                  -          
[2024-07-21T21:23:36.853+0800][5.872s][gc,heap     ] GC(42)   Garbage:         -               162M (8%)           64M (3%)           32M (2%)             -                  -          
[2024-07-21T21:23:36.853+0800][5.872s][gc,heap     ] GC(42) Reclaimed:         -                  -                98M (5%)          130M (6%)             -                  -          
[2024-07-21T21:23:36.853+0800][5.872s][gc          ] GC(42) Garbage Collection (Allocation Rate) 168M(8%)->72M(4%)
[2024-07-21T21:23:36.956+0800][5.975s][gc,start    ] GC(43) Garbage Collection (Allocation Rate)
[2024-07-21T21:23:36.956+0800][5.975s][gc,task     ] GC(43) Using 1 workers
[2024-07-21T21:23:36.956+0800][5.975s][gc,phases   ] GC(43) Pause Mark Start 0.012ms
[2024-07-21T21:23:36.960+0800][5.980s][gc,phases   ] GC(43) Concurrent Mark 4.738ms
[2024-07-21T21:23:36.961+0800][5.980s][gc,phases   ] GC(43) Pause Mark End 0.023ms
[2024-07-21T21:23:36.961+0800][5.981s][gc,phases   ] GC(43) Concurrent Mark Free 0.001ms
[2024-07-21T21:23:36.962+0800][5.982s][gc,phases   ] GC(43) Concurrent Process Non-Strong References 1.189ms
[2024-07-21T21:23:36.962+0800][5.982s][gc,phases   ] GC(43) Concurrent Reset Relocation Set 0.001ms
[2024-07-21T21:23:36.964+0800][5.984s][gc,phases   ] GC(43) Concurrent Select Relocation Set 1.820ms
[2024-07-21T21:23:36.964+0800][5.984s][gc,phases   ] GC(43) Pause Relocate Start 0.006ms
[2024-07-21T21:23:36.965+0800][5.985s][gc,phases   ] GC(43) Concurrent Relocate 0.716ms
[2024-07-21T21:23:36.965+0800][5.985s][gc,load     ] GC(43) Load: 0.00/0.00/0.00
[2024-07-21T21:23:36.965+0800][5.985s][gc,mmu      ] GC(43) MMU: 2ms/96.8%, 5ms/98.5%, 10ms/99.3%, 20ms/99.6%, 50ms/99.8%, 100ms/99.9%
[2024-07-21T21:23:36.965+0800][5.985s][gc,marking  ] GC(43) Mark: 1 stripe(s), 2 proactive flush(es), 1 terminate flush(es), 0 completion(s), 0 continuation(s) 
[2024-07-21T21:23:36.965+0800][5.985s][gc,marking  ] GC(43) Mark Stack Usage: 32M
[2024-07-21T21:23:36.965+0800][5.985s][gc,nmethod  ] GC(43) NMethods: 442 registered, 0 unregistered
[2024-07-21T21:23:36.965+0800][5.985s][gc,metaspace] GC(43) Metaspace: 1M used, 1M committed, 1032M reserved
[2024-07-21T21:23:36.965+0800][5.985s][gc,ref      ] GC(43) Soft: 93 encountered, 0 discovered, 0 enqueued
[2024-07-21T21:23:36.965+0800][5.985s][gc,ref      ] GC(43) Weak: 131 encountered, 107 discovered, 0 enqueued
[2024-07-21T21:23:36.965+0800][5.985s][gc,ref      ] GC(43) Final: 0 encountered, 0 discovered, 0 enqueued
[2024-07-21T21:23:36.965+0800][5.985s][gc,ref      ] GC(43) Phantom: 184 encountered, 98 discovered, 0 enqueued
[2024-07-21T21:23:36.965+0800][5.985s][gc,reloc    ] GC(43) Small Pages: 4 / 8M, Empty: 2M, Relocated: 0M, In-Place: 0
[2024-07-21T21:23:36.965+0800][5.985s][gc,reloc    ] GC(43) Medium Pages: 4 / 128M, Empty: 64M, Relocated: 4M, In-Place: 0
[2024-07-21T21:23:36.965+0800][5.985s][gc,reloc    ] GC(43) Large Pages: 0 / 0M, Empty: 0M, Relocated: 0M, In-Place: 0
[2024-07-21T21:23:36.965+0800][5.985s][gc,reloc    ] GC(43) Forwarding Usage: 0M
[2024-07-21T21:23:36.965+0800][5.985s][gc,heap     ] GC(43) Min Capacity: 8M(0%)
[2024-07-21T21:23:36.965+0800][5.985s][gc,heap     ] GC(43) Max Capacity: 2048M(100%)
[2024-07-21T21:23:36.965+0800][5.985s][gc,heap     ] GC(43) Soft Max Capacity: 256M(12%)
[2024-07-21T21:23:36.965+0800][5.985s][gc,heap     ] GC(43)                Mark Start          Mark End        Relocate Start      Relocate End           High               Low         
[2024-07-21T21:23:36.965+0800][5.985s][gc,heap     ] GC(43)  Capacity:      256M (12%)         256M (12%)         256M (12%)         256M (12%)         256M (12%)         256M (12%)    
[2024-07-21T21:23:36.965+0800][5.985s][gc,heap     ] GC(43)      Free:     1912M (93%)        1878M (92%)        1944M (95%)        1976M (96%)        1976M (96%)        1878M (92%)    
[2024-07-21T21:23:36.965+0800][5.985s][gc,heap     ] GC(43)      Used:      136M (7%)          170M (8%)          104M (5%)           72M (4%)          170M (8%)           72M (4%)     
[2024-07-21T21:23:36.965+0800][5.985s][gc,heap     ] GC(43)      Live:         -                 8M (0%)            8M (0%)            8M (0%)             -                  -          
[2024-07-21T21:23:36.965+0800][5.985s][gc,heap     ] GC(43) Allocated:         -                34M (2%)           34M (2%)           34M (2%)             -                  -          
[2024-07-21T21:23:36.965+0800][5.985s][gc,heap     ] GC(43)   Garbage:         -               127M (6%)           61M (3%)           29M (1%)             -                  -          
[2024-07-21T21:23:36.965+0800][5.985s][gc,heap     ] GC(43) Reclaimed:         -                  -                66M (3%)           98M (5%)             -                  -          
[2024-07-21T21:23:36.965+0800][5.985s][gc          ] GC(43) Garbage Collection (Allocation Rate) 136M(7%)->72M(4%)
[2024-07-21T21:23:37.144+0800][6.163s][gc,start    ] GC(44) Garbage Collection (Allocation Rate)
[2024-07-21T21:23:37.144+0800][6.163s][gc,task     ] GC(44) Using 1 workers
[2024-07-21T21:23:37.144+0800][6.164s][gc,phases   ] GC(44) Pause Mark Start 0.007ms
[2024-07-21T21:23:37.148+0800][6.168s][gc,phases   ] GC(44) Concurrent Mark 3.890ms
[2024-07-21T21:23:37.148+0800][6.168s][gc,phases   ] GC(44) Pause Mark End 0.022ms
[2024-07-21T21:23:37.149+0800][6.168s][gc,phases   ] GC(44) Concurrent Mark Free 0.001ms
[2024-07-21T21:23:37.150+0800][6.169s][gc,phases   ] GC(44) Concurrent Process Non-Strong References 1.160ms
[2024-07-21T21:23:37.150+0800][6.169s][gc,phases   ] GC(44) Concurrent Reset Relocation Set 0.005ms
[2024-07-21T21:23:37.152+0800][6.171s][gc,phases   ] GC(44) Concurrent Select Relocation Set 1.799ms
[2024-07-21T21:23:37.152+0800][6.171s][gc,phases   ] GC(44) Pause Relocate Start 0.006ms
[2024-07-21T21:23:37.152+0800][6.172s][gc,phases   ] GC(44) Concurrent Relocate 0.354ms
[2024-07-21T21:23:37.152+0800][6.172s][gc,load     ] GC(44) Load: 0.00/0.00/0.00
[2024-07-21T21:23:37.152+0800][6.172s][gc,mmu      ] GC(44) MMU: 2ms/96.8%, 5ms/98.5%, 10ms/99.3%, 20ms/99.6%, 50ms/99.8%, 100ms/99.9%
[2024-07-21T21:23:37.152+0800][6.172s][gc,marking  ] GC(44) Mark: 1 stripe(s), 2 proactive flush(es), 1 terminate flush(es), 0 completion(s), 0 continuation(s) 
[2024-07-21T21:23:37.152+0800][6.172s][gc,marking  ] GC(44) Mark Stack Usage: 32M
[2024-07-21T21:23:37.152+0800][6.172s][gc,nmethod  ] GC(44) NMethods: 442 registered, 0 unregistered
[2024-07-21T21:23:37.152+0800][6.172s][gc,metaspace] GC(44) Metaspace: 1M used, 1M committed, 1032M reserved
[2024-07-21T21:23:37.152+0800][6.172s][gc,ref      ] GC(44) Soft: 93 encountered, 0 discovered, 0 enqueued
[2024-07-21T21:23:37.152+0800][6.172s][gc,ref      ] GC(44) Weak: 131 encountered, 107 discovered, 0 enqueued
[2024-07-21T21:23:37.152+0800][6.172s][gc,ref      ] GC(44) Final: 0 encountered, 0 discovered, 0 enqueued
[2024-07-21T21:23:37.152+0800][6.172s][gc,ref      ] GC(44) Phantom: 184 encountered, 98 discovered, 0 enqueued
[2024-07-21T21:23:37.152+0800][6.172s][gc,reloc    ] GC(44) Small Pages: 4 / 8M, Empty: 2M, Relocated: 0M, In-Place: 0
[2024-07-21T21:23:37.152+0800][6.172s][gc,reloc    ] GC(44) Medium Pages: 5 / 160M, Empty: 96M, Relocated: 2M, In-Place: 0
[2024-07-21T21:23:37.152+0800][6.172s][gc,reloc    ] GC(44) Large Pages: 0 / 0M, Empty: 0M, Relocated: 0M, In-Place: 0
[2024-07-21T21:23:37.152+0800][6.172s][gc,reloc    ] GC(44) Forwarding Usage: 0M
[2024-07-21T21:23:37.153+0800][6.172s][gc,heap     ] GC(44) Min Capacity: 8M(0%)
[2024-07-21T21:23:37.153+0800][6.172s][gc,heap     ] GC(44) Max Capacity: 2048M(100%)
[2024-07-21T21:23:37.153+0800][6.172s][gc,heap     ] GC(44) Soft Max Capacity: 256M(12%)
[2024-07-21T21:23:37.153+0800][6.172s][gc,heap     ] GC(44)                Mark Start          Mark End        Relocate Start      Relocate End           High               Low         
[2024-07-21T21:23:37.153+0800][6.172s][gc,heap     ] GC(44)  Capacity:      256M (12%)         256M (12%)         256M (12%)         256M (12%)         256M (12%)         256M (12%)    
[2024-07-21T21:23:37.153+0800][6.172s][gc,heap     ] GC(44)      Free:     1880M (92%)        1846M (90%)        1944M (95%)        1976M (96%)        1976M (96%)        1846M (90%)    
[2024-07-21T21:23:37.153+0800][6.172s][gc,heap     ] GC(44)      Used:      168M (8%)          202M (10%)         104M (5%)           72M (4%)          202M (10%)          72M (4%)     
[2024-07-21T21:23:37.153+0800][6.172s][gc,heap     ] GC(44)      Live:         -                 6M (0%)            6M (0%)            6M (0%)             -                  -          
[2024-07-21T21:23:37.153+0800][6.172s][gc,heap     ] GC(44) Allocated:         -                34M (2%)           34M (2%)           34M (2%)             -                  -          
[2024-07-21T21:23:37.153+0800][6.172s][gc,heap     ] GC(44)   Garbage:         -               161M (8%)           63M (3%)           31M (2%)             -                  -          
[2024-07-21T21:23:37.153+0800][6.172s][gc,heap     ] GC(44) Reclaimed:         -                  -                98M (5%)          130M (6%)             -                  -          
[2024-07-21T21:23:37.153+0800][6.172s][gc          ] GC(44) Garbage Collection (Allocation Rate) 168M(8%)->72M(4%)
[2024-07-21T21:23:37.253+0800][6.272s][gc,start    ] GC(45) Garbage Collection (Allocation Rate)
[2024-07-21T21:23:37.253+0800][6.272s][gc,task     ] GC(45) Using 1 workers
[2024-07-21T21:23:37.253+0800][6.272s][gc,phases   ] GC(45) Pause Mark Start 0.009ms
[2024-07-21T21:23:37.256+0800][6.276s][gc,phases   ] GC(45) Concurrent Mark 3.934ms
[2024-07-21T21:23:37.257+0800][6.276s][gc,phases   ] GC(45) Pause Mark End 0.009ms
[2024-07-21T21:23:37.257+0800][6.276s][gc,phases   ] GC(45) Concurrent Mark Free 0.001ms
[2024-07-21T21:23:37.258+0800][6.278s][gc,phases   ] GC(45) Concurrent Process Non-Strong References 1.032ms
[2024-07-21T21:23:37.258+0800][6.278s][gc,phases   ] GC(45) Concurrent Reset Relocation Set 0.001ms
[2024-07-21T21:23:37.260+0800][6.279s][gc,phases   ] GC(45) Concurrent Select Relocation Set 1.847ms
[2024-07-21T21:23:37.260+0800][6.280s][gc,phases   ] GC(45) Pause Relocate Start 0.006ms
[2024-07-21T21:23:37.260+0800][6.280s][gc,phases   ] GC(45) Concurrent Relocate 0.267ms
[2024-07-21T21:23:37.260+0800][6.280s][gc,load     ] GC(45) Load: 0.00/0.00/0.00
[2024-07-21T21:23:37.260+0800][6.280s][gc,mmu      ] GC(45) MMU: 2ms/96.8%, 5ms/98.5%, 10ms/99.3%, 20ms/99.6%, 50ms/99.8%, 100ms/99.9%
[2024-07-21T21:23:37.260+0800][6.280s][gc,marking  ] GC(45) Mark: 1 stripe(s), 2 proactive flush(es), 1 terminate flush(es), 0 completion(s), 0 continuation(s) 
[2024-07-21T21:23:37.260+0800][6.280s][gc,marking  ] GC(45) Mark Stack Usage: 32M
[2024-07-21T21:23:37.260+0800][6.280s][gc,nmethod  ] GC(45) NMethods: 442 registered, 0 unregistered
[2024-07-21T21:23:37.260+0800][6.280s][gc,metaspace] GC(45) Metaspace: 1M used, 1M committed, 1032M reserved
[2024-07-21T21:23:37.260+0800][6.280s][gc,ref      ] GC(45) Soft: 93 encountered, 0 discovered, 0 enqueued
[2024-07-21T21:23:37.260+0800][6.280s][gc,ref      ] GC(45) Weak: 131 encountered, 107 discovered, 0 enqueued
[2024-07-21T21:23:37.260+0800][6.280s][gc,ref      ] GC(45) Final: 0 encountered, 0 discovered, 0 enqueued
[2024-07-21T21:23:37.260+0800][6.280s][gc,ref      ] GC(45) Phantom: 184 encountered, 98 discovered, 0 enqueued
[2024-07-21T21:23:37.260+0800][6.280s][gc,reloc    ] GC(45) Small Pages: 4 / 8M, Empty: 2M, Relocated: 0M, In-Place: 0
[2024-07-21T21:23:37.260+0800][6.280s][gc,reloc    ] GC(45) Medium Pages: 4 / 128M, Empty: 64M, Relocated: 1M, In-Place: 0
[2024-07-21T21:23:37.260+0800][6.280s][gc,reloc    ] GC(45) Large Pages: 0 / 0M, Empty: 0M, Relocated: 0M, In-Place: 0
[2024-07-21T21:23:37.260+0800][6.280s][gc,reloc    ] GC(45) Forwarding Usage: 0M
[2024-07-21T21:23:37.260+0800][6.280s][gc,heap     ] GC(45) Min Capacity: 8M(0%)
[2024-07-21T21:23:37.260+0800][6.280s][gc,heap     ] GC(45) Max Capacity: 2048M(100%)
[2024-07-21T21:23:37.260+0800][6.280s][gc,heap     ] GC(45) Soft Max Capacity: 256M(12%)
[2024-07-21T21:23:37.260+0800][6.280s][gc,heap     ] GC(45)                Mark Start          Mark End        Relocate Start      Relocate End           High               Low         
[2024-07-21T21:23:37.260+0800][6.280s][gc,heap     ] GC(45)  Capacity:      256M (12%)         256M (12%)         256M (12%)         256M (12%)         256M (12%)         256M (12%)    
[2024-07-21T21:23:37.260+0800][6.280s][gc,heap     ] GC(45)      Free:     1912M (93%)        1878M (92%)        1944M (95%)        1976M (96%)        1976M (96%)        1878M (92%)    
[2024-07-21T21:23:37.261+0800][6.280s][gc,heap     ] GC(45)      Used:      136M (7%)          170M (8%)          104M (5%)           72M (4%)          170M (8%)           72M (4%)     
[2024-07-21T21:23:37.261+0800][6.280s][gc,heap     ] GC(45)      Live:         -                 5M (0%)            5M (0%)            5M (0%)             -                  -          
[2024-07-21T21:23:37.261+0800][6.280s][gc,heap     ] GC(45) Allocated:         -                34M (2%)           34M (2%)           34M (2%)             -                  -          
[2024-07-21T21:23:37.261+0800][6.280s][gc,heap     ] GC(45)   Garbage:         -               130M (6%)           64M (3%)           32M (2%)             -                  -          
[2024-07-21T21:23:37.261+0800][6.280s][gc,heap     ] GC(45) Reclaimed:         -                  -                66M (3%)           98M (5%)             -                  -          
[2024-07-21T21:23:37.261+0800][6.280s][gc          ] GC(45) Garbage Collection (Allocation Rate) 136M(7%)->72M(4%)
[2024-07-21T21:23:37.443+0800][6.462s][gc,start    ] GC(46) Garbage Collection (Allocation Rate)
[2024-07-21T21:23:37.443+0800][6.462s][gc,task     ] GC(46) Using 1 workers
[2024-07-21T21:23:37.443+0800][6.463s][gc,phases   ] GC(46) Pause Mark Start 0.009ms
[2024-07-21T21:23:37.447+0800][6.466s][gc,phases   ] GC(46) Concurrent Mark 3.406ms
[2024-07-21T21:23:37.447+0800][6.466s][gc,phases   ] GC(46) Pause Mark End 0.008ms
[2024-07-21T21:23:37.447+0800][6.467s][gc,phases   ] GC(46) Concurrent Mark Free 0.001ms
[2024-07-21T21:23:37.448+0800][6.468s][gc,phases   ] GC(46) Concurrent Process Non-Strong References 1.003ms
[2024-07-21T21:23:37.448+0800][6.468s][gc,phases   ] GC(46) Concurrent Reset Relocation Set 0.001ms
[2024-07-21T21:23:37.450+0800][6.469s][gc,phases   ] GC(46) Concurrent Select Relocation Set 1.639ms
[2024-07-21T21:23:37.450+0800][6.469s][gc,phases   ] GC(46) Pause Relocate Start 0.005ms
[2024-07-21T21:23:37.451+0800][6.470s][gc,phases   ] GC(46) Concurrent Relocate 0.228ms
[2024-07-21T21:23:37.451+0800][6.470s][gc,load     ] GC(46) Load: 0.00/0.00/0.00
[2024-07-21T21:23:37.451+0800][6.470s][gc,mmu      ] GC(46) MMU: 2ms/96.8%, 5ms/98.5%, 10ms/99.3%, 20ms/99.6%, 50ms/99.8%, 100ms/99.9%
[2024-07-21T21:23:37.451+0800][6.470s][gc,marking  ] GC(46) Mark: 1 stripe(s), 2 proactive flush(es), 1 terminate flush(es), 0 completion(s), 0 continuation(s) 
[2024-07-21T21:23:37.451+0800][6.470s][gc,marking  ] GC(46) Mark Stack Usage: 32M
[2024-07-21T21:23:37.451+0800][6.470s][gc,nmethod  ] GC(46) NMethods: 442 registered, 0 unregistered
[2024-07-21T21:23:37.451+0800][6.470s][gc,metaspace] GC(46) Metaspace: 1M used, 1M committed, 1032M reserved
[2024-07-21T21:23:37.451+0800][6.470s][gc,ref      ] GC(46) Soft: 93 encountered, 0 discovered, 0 enqueued
[2024-07-21T21:23:37.451+0800][6.470s][gc,ref      ] GC(46) Weak: 131 encountered, 107 discovered, 0 enqueued
[2024-07-21T21:23:37.451+0800][6.470s][gc,ref      ] GC(46) Final: 0 encountered, 0 discovered, 0 enqueued
[2024-07-21T21:23:37.451+0800][6.470s][gc,ref      ] GC(46) Phantom: 184 encountered, 98 discovered, 0 enqueued
[2024-07-21T21:23:37.451+0800][6.470s][gc,reloc    ] GC(46) Small Pages: 4 / 8M, Empty: 2M, Relocated: 0M, In-Place: 0
[2024-07-21T21:23:37.451+0800][6.470s][gc,reloc    ] GC(46) Medium Pages: 5 / 160M, Empty: 96M, Relocated: 1M, In-Place: 0
[2024-07-21T21:23:37.451+0800][6.470s][gc,reloc    ] GC(46) Large Pages: 0 / 0M, Empty: 0M, Relocated: 0M, In-Place: 0
[2024-07-21T21:23:37.451+0800][6.470s][gc,reloc    ] GC(46) Forwarding Usage: 0M
[2024-07-21T21:23:37.451+0800][6.470s][gc,heap     ] GC(46) Min Capacity: 8M(0%)
[2024-07-21T21:23:37.451+0800][6.470s][gc,heap     ] GC(46) Max Capacity: 2048M(100%)
[2024-07-21T21:23:37.451+0800][6.470s][gc,heap     ] GC(46) Soft Max Capacity: 256M(12%)
[2024-07-21T21:23:37.451+0800][6.470s][gc,heap     ] GC(46)                Mark Start          Mark End        Relocate Start      Relocate End           High               Low         
[2024-07-21T21:23:37.451+0800][6.470s][gc,heap     ] GC(46)  Capacity:      256M (12%)         256M (12%)         256M (12%)         256M (12%)         256M (12%)         256M (12%)    
[2024-07-21T21:23:37.451+0800][6.470s][gc,heap     ] GC(46)      Free:     1880M (92%)        1846M (90%)        1944M (95%)        1976M (96%)        1976M (96%)        1846M (90%)    
[2024-07-21T21:23:37.451+0800][6.470s][gc,heap     ] GC(46)      Used:      168M (8%)          202M (10%)         104M (5%)           72M (4%)          202M (10%)          72M (4%)     
[2024-07-21T21:23:37.451+0800][6.470s][gc,heap     ] GC(46)      Live:         -                 5M (0%)            5M (0%)            5M (0%)             -                  -          
[2024-07-21T21:23:37.451+0800][6.470s][gc,heap     ] GC(46) Allocated:         -                34M (2%)           34M (2%)           34M (2%)             -                  -          
[2024-07-21T21:23:37.451+0800][6.470s][gc,heap     ] GC(46)   Garbage:         -               162M (8%)           64M (3%)           32M (2%)             -                  -          
[2024-07-21T21:23:37.451+0800][6.470s][gc,heap     ] GC(46) Reclaimed:         -                  -                98M (5%)          130M (6%)             -                  -          
[2024-07-21T21:23:37.451+0800][6.470s][gc          ] GC(46) Garbage Collection (Allocation Rate) 168M(8%)->72M(4%)
[2024-07-21T21:23:37.552+0800][6.571s][gc,start    ] GC(47) Garbage Collection (Allocation Rate)
[2024-07-21T21:23:37.552+0800][6.571s][gc,task     ] GC(47) Using 1 workers
[2024-07-21T21:23:37.552+0800][6.571s][gc,phases   ] GC(47) Pause Mark Start 0.017ms
[2024-07-21T21:23:37.557+0800][6.576s][gc,phases   ] GC(47) Concurrent Mark 4.832ms
[2024-07-21T21:23:37.557+0800][6.577s][gc,phases   ] GC(47) Pause Mark End 0.010ms
[2024-07-21T21:23:37.557+0800][6.577s][gc,phases   ] GC(47) Concurrent Mark Free 0.001ms
[2024-07-21T21:23:37.558+0800][6.578s][gc,phases   ] GC(47) Concurrent Process Non-Strong References 1.220ms
[2024-07-21T21:23:37.558+0800][6.578s][gc,phases   ] GC(47) Concurrent Reset Relocation Set 0.001ms
[2024-07-21T21:23:37.560+0800][6.580s][gc,phases   ] GC(47) Concurrent Select Relocation Set 2.017ms
[2024-07-21T21:23:37.560+0800][6.580s][gc,phases   ] GC(47) Pause Relocate Start 0.006ms
[2024-07-21T21:23:37.561+0800][6.581s][gc,phases   ] GC(47) Concurrent Relocate 0.634ms
[2024-07-21T21:23:37.561+0800][6.581s][gc,load     ] GC(47) Load: 0.00/0.00/0.00
[2024-07-21T21:23:37.561+0800][6.581s][gc,mmu      ] GC(47) MMU: 2ms/96.8%, 5ms/98.5%, 10ms/99.3%, 20ms/99.6%, 50ms/99.8%, 100ms/99.9%
[2024-07-21T21:23:37.561+0800][6.581s][gc,marking  ] GC(47) Mark: 1 stripe(s), 2 proactive flush(es), 1 terminate flush(es), 0 completion(s), 0 continuation(s) 
[2024-07-21T21:23:37.561+0800][6.581s][gc,marking  ] GC(47) Mark Stack Usage: 32M
[2024-07-21T21:23:37.561+0800][6.581s][gc,nmethod  ] GC(47) NMethods: 449 registered, 0 unregistered
[2024-07-21T21:23:37.561+0800][6.581s][gc,metaspace] GC(47) Metaspace: 1M used, 1M committed, 1032M reserved
[2024-07-21T21:23:37.561+0800][6.581s][gc,ref      ] GC(47) Soft: 93 encountered, 0 discovered, 0 enqueued
[2024-07-21T21:23:37.561+0800][6.581s][gc,ref      ] GC(47) Weak: 131 encountered, 107 discovered, 0 enqueued
[2024-07-21T21:23:37.561+0800][6.581s][gc,ref      ] GC(47) Final: 0 encountered, 0 discovered, 0 enqueued
[2024-07-21T21:23:37.561+0800][6.581s][gc,ref      ] GC(47) Phantom: 184 encountered, 98 discovered, 0 enqueued
[2024-07-21T21:23:37.561+0800][6.581s][gc,reloc    ] GC(47) Small Pages: 4 / 8M, Empty: 2M, Relocated: 0M, In-Place: 0
[2024-07-21T21:23:37.561+0800][6.581s][gc,reloc    ] GC(47) Medium Pages: 4 / 128M, Empty: 64M, Relocated: 3M, In-Place: 0
[2024-07-21T21:23:37.561+0800][6.581s][gc,reloc    ] GC(47) Large Pages: 0 / 0M, Empty: 0M, Relocated: 0M, In-Place: 0
[2024-07-21T21:23:37.561+0800][6.581s][gc,reloc    ] GC(47) Forwarding Usage: 0M
[2024-07-21T21:23:37.561+0800][6.581s][gc,heap     ] GC(47) Min Capacity: 8M(0%)
[2024-07-21T21:23:37.561+0800][6.581s][gc,heap     ] GC(47) Max Capacity: 2048M(100%)
[2024-07-21T21:23:37.561+0800][6.581s][gc,heap     ] GC(47) Soft Max Capacity: 256M(12%)
[2024-07-21T21:23:37.561+0800][6.581s][gc,heap     ] GC(47)                Mark Start          Mark End        Relocate Start      Relocate End           High               Low         
[2024-07-21T21:23:37.562+0800][6.581s][gc,heap     ] GC(47)  Capacity:      256M (12%)         256M (12%)         256M (12%)         256M (12%)         256M (12%)         256M (12%)    
[2024-07-21T21:23:37.562+0800][6.581s][gc,heap     ] GC(47)      Free:     1912M (93%)        1878M (92%)        1944M (95%)        1976M (96%)        1976M (96%)        1878M (92%)    
[2024-07-21T21:23:37.562+0800][6.581s][gc,heap     ] GC(47)      Used:      136M (7%)          170M (8%)          104M (5%)           72M (4%)          170M (8%)           72M (4%)     
[2024-07-21T21:23:37.562+0800][6.581s][gc,heap     ] GC(47)      Live:         -                 7M (0%)            7M (0%)            7M (0%)             -                  -          
[2024-07-21T21:23:37.562+0800][6.581s][gc,heap     ] GC(47) Allocated:         -                34M (2%)           34M (2%)           34M (2%)             -                  -          
[2024-07-21T21:23:37.562+0800][6.581s][gc,heap     ] GC(47)   Garbage:         -               128M (6%)           62M (3%)           30M (1%)             -                  -          
[2024-07-21T21:23:37.562+0800][6.581s][gc,heap     ] GC(47) Reclaimed:         -                  -                66M (3%)           98M (5%)             -                  -          
[2024-07-21T21:23:37.562+0800][6.581s][gc          ] GC(47) Garbage Collection (Allocation Rate) 136M(7%)->72M(4%)
[2024-07-21T21:23:37.743+0800][6.762s][gc,start    ] GC(48) Garbage Collection (Allocation Rate)
[2024-07-21T21:23:37.743+0800][6.762s][gc,task     ] GC(48) Using 1 workers
[2024-07-21T21:23:37.743+0800][6.762s][gc,phases   ] GC(48) Pause Mark Start 0.010ms
[2024-07-21T21:23:37.747+0800][6.766s][gc,phases   ] GC(48) Concurrent Mark 3.889ms
[2024-07-21T21:23:37.747+0800][6.767s][gc,phases   ] GC(48) Pause Mark End 0.018ms
[2024-07-21T21:23:37.747+0800][6.767s][gc,phases   ] GC(48) Concurrent Mark Free 0.001ms
[2024-07-21T21:23:37.748+0800][6.768s][gc,phases   ] GC(48) Concurrent Process Non-Strong References 1.032ms
[2024-07-21T21:23:37.748+0800][6.768s][gc,phases   ] GC(48) Concurrent Reset Relocation Set 0.001ms
[2024-07-21T21:23:37.750+0800][6.769s][gc,phases   ] GC(48) Concurrent Select Relocation Set 1.589ms
[2024-07-21T21:23:37.750+0800][6.770s][gc,phases   ] GC(48) Pause Relocate Start 0.006ms
[2024-07-21T21:23:37.751+0800][6.770s][gc,phases   ] GC(48) Concurrent Relocate 0.361ms
[2024-07-21T21:23:37.751+0800][6.770s][gc,load     ] GC(48) Load: 0.00/0.00/0.00
[2024-07-21T21:23:37.751+0800][6.770s][gc,mmu      ] GC(48) MMU: 2ms/96.8%, 5ms/98.5%, 10ms/99.3%, 20ms/99.6%, 50ms/99.8%, 100ms/99.9%
[2024-07-21T21:23:37.751+0800][6.770s][gc,marking  ] GC(48) Mark: 1 stripe(s), 2 proactive flush(es), 1 terminate flush(es), 0 completion(s), 0 continuation(s) 
[2024-07-21T21:23:37.751+0800][6.770s][gc,marking  ] GC(48) Mark Stack Usage: 32M
[2024-07-21T21:23:37.751+0800][6.770s][gc,nmethod  ] GC(48) NMethods: 449 registered, 0 unregistered
[2024-07-21T21:23:37.751+0800][6.770s][gc,metaspace] GC(48) Metaspace: 1M used, 1M committed, 1032M reserved
[2024-07-21T21:23:37.751+0800][6.770s][gc,ref      ] GC(48) Soft: 93 encountered, 0 discovered, 0 enqueued
[2024-07-21T21:23:37.751+0800][6.770s][gc,ref      ] GC(48) Weak: 131 encountered, 107 discovered, 0 enqueued
[2024-07-21T21:23:37.751+0800][6.770s][gc,ref      ] GC(48) Final: 0 encountered, 0 discovered, 0 enqueued
[2024-07-21T21:23:37.751+0800][6.770s][gc,ref      ] GC(48) Phantom: 184 encountered, 98 discovered, 0 enqueued
[2024-07-21T21:23:37.751+0800][6.770s][gc,reloc    ] GC(48) Small Pages: 4 / 8M, Empty: 2M, Relocated: 0M, In-Place: 0
[2024-07-21T21:23:37.751+0800][6.770s][gc,reloc    ] GC(48) Medium Pages: 5 / 160M, Empty: 96M, Relocated: 2M, In-Place: 0
[2024-07-21T21:23:37.751+0800][6.770s][gc,reloc    ] GC(48) Large Pages: 0 / 0M, Empty: 0M, Relocated: 0M, In-Place: 0
[2024-07-21T21:23:37.751+0800][6.770s][gc,reloc    ] GC(48) Forwarding Usage: 0M
[2024-07-21T21:23:37.751+0800][6.770s][gc,heap     ] GC(48) Min Capacity: 8M(0%)
[2024-07-21T21:23:37.751+0800][6.770s][gc,heap     ] GC(48) Max Capacity: 2048M(100%)
[2024-07-21T21:23:37.751+0800][6.770s][gc,heap     ] GC(48) Soft Max Capacity: 256M(12%)
[2024-07-21T21:23:37.751+0800][6.770s][gc,heap     ] GC(48)                Mark Start          Mark End        Relocate Start      Relocate End           High               Low         
[2024-07-21T21:23:37.751+0800][6.770s][gc,heap     ] GC(48)  Capacity:      256M (12%)         256M (12%)         256M (12%)         256M (12%)         256M (12%)         256M (12%)    
[2024-07-21T21:23:37.751+0800][6.770s][gc,heap     ] GC(48)      Free:     1880M (92%)        1846M (90%)        1944M (95%)        1976M (96%)        1976M (96%)        1846M (90%)    
[2024-07-21T21:23:37.751+0800][6.770s][gc,heap     ] GC(48)      Used:      168M (8%)          202M (10%)         104M (5%)           72M (4%)          202M (10%)          72M (4%)     
[2024-07-21T21:23:37.751+0800][6.770s][gc,heap     ] GC(48)      Live:         -                 6M (0%)            6M (0%)            6M (0%)             -                  -          
[2024-07-21T21:23:37.751+0800][6.770s][gc,heap     ] GC(48) Allocated:         -                34M (2%)           34M (2%)           34M (2%)             -                  -          
[2024-07-21T21:23:37.751+0800][6.770s][gc,heap     ] GC(48)   Garbage:         -               161M (8%)           63M (3%)           31M (2%)             -                  -          
[2024-07-21T21:23:37.751+0800][6.770s][gc,heap     ] GC(48) Reclaimed:         -                  -                98M (5%)          130M (6%)             -                  -          
[2024-07-21T21:23:37.751+0800][6.770s][gc          ] GC(48) Garbage Collection (Allocation Rate) 168M(8%)->72M(4%)
[2024-07-21T21:23:37.853+0800][6.872s][gc,start    ] GC(49) Garbage Collection (Allocation Rate)
[2024-07-21T21:23:37.853+0800][6.872s][gc,task     ] GC(49) Using 1 workers
[2024-07-21T21:23:37.853+0800][6.873s][gc,phases   ] GC(49) Pause Mark Start 0.013ms
[2024-07-21T21:23:37.857+0800][6.876s][gc,phases   ] GC(49) Concurrent Mark 3.448ms
[2024-07-21T21:23:37.857+0800][6.877s][gc,phases   ] GC(49) Pause Mark End 0.008ms
[2024-07-21T21:23:37.857+0800][6.877s][gc,phases   ] GC(49) Concurrent Mark Free 0.001ms
[2024-07-21T21:23:37.858+0800][6.878s][gc,phases   ] GC(49) Concurrent Process Non-Strong References 1.009ms
[2024-07-21T21:23:37.858+0800][6.878s][gc,phases   ] GC(49) Concurrent Reset Relocation Set 0.001ms
[2024-07-21T21:23:37.860+0800][6.879s][gc,phases   ] GC(49) Concurrent Select Relocation Set 1.786ms
[2024-07-21T21:23:37.860+0800][6.880s][gc,phases   ] GC(49) Pause Relocate Start 0.004ms
[2024-07-21T21:23:37.861+0800][6.880s][gc,phases   ] GC(49) Concurrent Relocate 0.103ms
[2024-07-21T21:23:37.861+0800][6.880s][gc,load     ] GC(49) Load: 0.00/0.00/0.00
[2024-07-21T21:23:37.861+0800][6.880s][gc,mmu      ] GC(49) MMU: 2ms/96.8%, 5ms/98.5%, 10ms/99.3%, 20ms/99.6%, 50ms/99.8%, 100ms/99.9%
[2024-07-21T21:23:37.861+0800][6.880s][gc,marking  ] GC(49) Mark: 1 stripe(s), 2 proactive flush(es), 1 terminate flush(es), 0 completion(s), 0 continuation(s) 
[2024-07-21T21:23:37.861+0800][6.880s][gc,marking  ] GC(49) Mark Stack Usage: 32M
[2024-07-21T21:23:37.861+0800][6.880s][gc,nmethod  ] GC(49) NMethods: 449 registered, 0 unregistered
[2024-07-21T21:23:37.861+0800][6.880s][gc,metaspace] GC(49) Metaspace: 1M used, 1M committed, 1032M reserved
[2024-07-21T21:23:37.861+0800][6.880s][gc,ref      ] GC(49) Soft: 93 encountered, 0 discovered, 0 enqueued
[2024-07-21T21:23:37.861+0800][6.880s][gc,ref      ] GC(49) Weak: 131 encountered, 107 discovered, 0 enqueued
[2024-07-21T21:23:37.861+0800][6.880s][gc,ref      ] GC(49) Final: 0 encountered, 0 discovered, 0 enqueued
[2024-07-21T21:23:37.861+0800][6.880s][gc,ref      ] GC(49) Phantom: 184 encountered, 98 discovered, 0 enqueued
[2024-07-21T21:23:37.861+0800][6.880s][gc,reloc    ] GC(49) Small Pages: 4 / 8M, Empty: 2M, Relocated: 0M, In-Place: 0
[2024-07-21T21:23:37.861+0800][6.880s][gc,reloc    ] GC(49) Medium Pages: 4 / 128M, Empty: 96M, Relocated: 0M, In-Place: 0
[2024-07-21T21:23:37.861+0800][6.880s][gc,reloc    ] GC(49) Large Pages: 0 / 0M, Empty: 0M, Relocated: 0M, In-Place: 0
[2024-07-21T21:23:37.861+0800][6.880s][gc,reloc    ] GC(49) Forwarding Usage: 0M
[2024-07-21T21:23:37.861+0800][6.880s][gc,heap     ] GC(49) Min Capacity: 8M(0%)
[2024-07-21T21:23:37.861+0800][6.880s][gc,heap     ] GC(49) Max Capacity: 2048M(100%)
[2024-07-21T21:23:37.861+0800][6.880s][gc,heap     ] GC(49) Soft Max Capacity: 256M(12%)
[2024-07-21T21:23:37.861+0800][6.880s][gc,heap     ] GC(49)                Mark Start          Mark End        Relocate Start      Relocate End           High               Low         
[2024-07-21T21:23:37.861+0800][6.880s][gc,heap     ] GC(49)  Capacity:      256M (12%)         256M (12%)         256M (12%)         256M (12%)         256M (12%)         256M (12%)    
[2024-07-21T21:23:37.861+0800][6.880s][gc,heap     ] GC(49)      Free:     1912M (93%)        1878M (92%)        1976M (96%)        1976M (96%)        1976M (96%)        1878M (92%)    
[2024-07-21T21:23:37.861+0800][6.880s][gc,heap     ] GC(49)      Used:      136M (7%)          170M (8%)           72M (4%)           72M (4%)          170M (8%)           72M (4%)     
[2024-07-21T21:23:37.861+0800][6.880s][gc,heap     ] GC(49)      Live:         -                 4M (0%)            4M (0%)            4M (0%)             -                  -          
[2024-07-21T21:23:37.861+0800][6.880s][gc,heap     ] GC(49) Allocated:         -                34M (2%)           34M (2%)           34M (2%)             -                  -          
[2024-07-21T21:23:37.861+0800][6.880s][gc,heap     ] GC(49)   Garbage:         -               131M (6%)           33M (2%)           33M (2%)             -                  -          
[2024-07-21T21:23:37.861+0800][6.880s][gc,heap     ] GC(49) Reclaimed:         -                  -                98M (5%)           98M (5%)             -                  -          
[2024-07-21T21:23:37.861+0800][6.880s][gc          ] GC(49) Garbage Collection (Allocation Rate) 136M(7%)->72M(4%)
[2024-07-21T21:23:38.057+0800][7.076s][gc,start    ] GC(50) Garbage Collection (Allocation Rate)
[2024-07-21T21:23:38.057+0800][7.076s][gc,task     ] GC(50) Using 1 workers
[2024-07-21T21:23:38.057+0800][7.077s][gc,phases   ] GC(50) Pause Mark Start 0.009ms
[2024-07-21T21:23:38.061+0800][7.081s][gc,phases   ] GC(50) Concurrent Mark 3.714ms
[2024-07-21T21:23:38.062+0800][7.081s][gc,phases   ] GC(50) Pause Mark End 0.008ms
[2024-07-21T21:23:38.062+0800][7.081s][gc,phases   ] GC(50) Concurrent Mark Free 0.001ms
[2024-07-21T21:23:38.063+0800][7.082s][gc,phases   ] GC(50) Concurrent Process Non-Strong References 1.089ms
[2024-07-21T21:23:38.063+0800][7.082s][gc,phases   ] GC(50) Concurrent Reset Relocation Set 0.000ms
[2024-07-21T21:23:38.065+0800][7.084s][gc,phases   ] GC(50) Concurrent Select Relocation Set 1.671ms
[2024-07-21T21:23:38.065+0800][7.084s][gc,phases   ] GC(50) Pause Relocate Start 0.004ms
[2024-07-21T21:23:38.065+0800][7.085s][gc,phases   ] GC(50) Concurrent Relocate 0.619ms
[2024-07-21T21:23:38.065+0800][7.085s][gc,load     ] GC(50) Load: 0.00/0.00/0.00
[2024-07-21T21:23:38.065+0800][7.085s][gc,mmu      ] GC(50) MMU: 2ms/96.8%, 5ms/98.5%, 10ms/99.3%, 20ms/99.6%, 50ms/99.8%, 100ms/99.9%
[2024-07-21T21:23:38.066+0800][7.085s][gc,marking  ] GC(50) Mark: 1 stripe(s), 2 proactive flush(es), 1 terminate flush(es), 0 completion(s), 0 continuation(s) 
[2024-07-21T21:23:38.066+0800][7.085s][gc,marking  ] GC(50) Mark Stack Usage: 32M
[2024-07-21T21:23:38.066+0800][7.085s][gc,nmethod  ] GC(50) NMethods: 449 registered, 0 unregistered
[2024-07-21T21:23:38.066+0800][7.085s][gc,metaspace] GC(50) Metaspace: 1M used, 1M committed, 1032M reserved
[2024-07-21T21:23:38.066+0800][7.085s][gc,ref      ] GC(50) Soft: 93 encountered, 0 discovered, 0 enqueued
[2024-07-21T21:23:38.066+0800][7.085s][gc,ref      ] GC(50) Weak: 131 encountered, 107 discovered, 0 enqueued
[2024-07-21T21:23:38.066+0800][7.085s][gc,ref      ] GC(50) Final: 0 encountered, 0 discovered, 0 enqueued
[2024-07-21T21:23:38.066+0800][7.085s][gc,ref      ] GC(50) Phantom: 184 encountered, 98 discovered, 0 enqueued
[2024-07-21T21:23:38.066+0800][7.085s][gc,reloc    ] GC(50) Small Pages: 4 / 8M, Empty: 2M, Relocated: 0M, In-Place: 0
[2024-07-21T21:23:38.066+0800][7.085s][gc,reloc    ] GC(50) Medium Pages: 6 / 192M, Empty: 128M, Relocated: 4M, In-Place: 0
[2024-07-21T21:23:38.066+0800][7.085s][gc,reloc    ] GC(50) Large Pages: 0 / 0M, Empty: 0M, Relocated: 0M, In-Place: 0
[2024-07-21T21:23:38.066+0800][7.085s][gc,reloc    ] GC(50) Forwarding Usage: 0M
[2024-07-21T21:23:38.066+0800][7.085s][gc,heap     ] GC(50) Min Capacity: 8M(0%)
[2024-07-21T21:23:38.066+0800][7.085s][gc,heap     ] GC(50) Max Capacity: 2048M(100%)
[2024-07-21T21:23:38.066+0800][7.085s][gc,heap     ] GC(50) Soft Max Capacity: 256M(12%)
[2024-07-21T21:23:38.066+0800][7.085s][gc,heap     ] GC(50)                Mark Start          Mark End        Relocate Start      Relocate End           High               Low         
[2024-07-21T21:23:38.066+0800][7.085s][gc,heap     ] GC(50)  Capacity:      256M (12%)         256M (12%)         256M (12%)         256M (12%)         256M (12%)         256M (12%)    
[2024-07-21T21:23:38.066+0800][7.085s][gc,heap     ] GC(50)      Free:     1848M (90%)        1814M (89%)        1944M (95%)        1976M (96%)        1976M (96%)        1814M (89%)    
[2024-07-21T21:23:38.066+0800][7.085s][gc,heap     ] GC(50)      Used:      200M (10%)         234M (11%)         104M (5%)           72M (4%)          234M (11%)          72M (4%)     
[2024-07-21T21:23:38.066+0800][7.085s][gc,heap     ] GC(50)      Live:         -                 8M (0%)            8M (0%)            8M (0%)             -                  -          
[2024-07-21T21:23:38.066+0800][7.085s][gc,heap     ] GC(50) Allocated:         -                34M (2%)           34M (2%)           34M (2%)             -                  -          
[2024-07-21T21:23:38.066+0800][7.085s][gc,heap     ] GC(50)   Garbage:         -               191M (9%)           61M (3%)           29M (1%)             -                  -          
[2024-07-21T21:23:38.066+0800][7.085s][gc,heap     ] GC(50) Reclaimed:         -                  -               130M (6%)          162M (8%)             -                  -          
[2024-07-21T21:23:38.066+0800][7.085s][gc          ] GC(50) Garbage Collection (Allocation Rate) 200M(10%)->72M(4%)
[2024-07-21T21:23:38.246+0800][7.265s][gc,start    ] GC(51) Garbage Collection (Allocation Rate)
[2024-07-21T21:23:38.246+0800][7.265s][gc,task     ] GC(51) Using 1 workers
[2024-07-21T21:23:38.246+0800][7.266s][gc,phases   ] GC(51) Pause Mark Start 0.015ms
[2024-07-21T21:23:38.249+0800][7.269s][gc,phases   ] GC(51) Concurrent Mark 3.548ms
[2024-07-21T21:23:38.249+0800][7.270s][gc,phases   ] GC(51) Pause Mark End 0.009ms
[2024-07-21T21:23:38.250+0800][7.270s][gc,phases   ] GC(51) Concurrent Mark Free 0.001ms
[2024-07-21T21:23:38.251+0800][7.271s][gc,phases   ] GC(51) Concurrent Process Non-Strong References 1.002ms
[2024-07-21T21:23:38.251+0800][7.271s][gc,phases   ] GC(51) Concurrent Reset Relocation Set 0.001ms
[2024-07-21T21:23:38.253+0800][7.272s][gc,phases   ] GC(51) Concurrent Select Relocation Set 1.819ms
[2024-07-21T21:23:38.253+0800][7.273s][gc,phases   ] GC(51) Pause Relocate Start 0.004ms
[2024-07-21T21:23:38.253+0800][7.273s][gc,phases   ] GC(51) Concurrent Relocate 0.635ms
[2024-07-21T21:23:38.253+0800][7.273s][gc,load     ] GC(51) Load: 0.00/0.00/0.00
[2024-07-21T21:23:38.253+0800][7.273s][gc,mmu      ] GC(51) MMU: 2ms/96.8%, 5ms/98.5%, 10ms/99.3%, 20ms/99.6%, 50ms/99.8%, 100ms/99.9%
[2024-07-21T21:23:38.253+0800][7.274s][gc,marking  ] GC(51) Mark: 1 stripe(s), 2 proactive flush(es), 1 terminate flush(es), 0 completion(s), 0 continuation(s) 
[2024-07-21T21:23:38.253+0800][7.274s][gc,marking  ] GC(51) Mark Stack Usage: 32M
[2024-07-21T21:23:38.253+0800][7.274s][gc,nmethod  ] GC(51) NMethods: 449 registered, 0 unregistered
[2024-07-21T21:23:38.253+0800][7.274s][gc,metaspace] GC(51) Metaspace: 1M used, 1M committed, 1032M reserved
[2024-07-21T21:23:38.253+0800][7.274s][gc,ref      ] GC(51) Soft: 93 encountered, 0 discovered, 0 enqueued
[2024-07-21T21:23:38.253+0800][7.274s][gc,ref      ] GC(51) Weak: 131 encountered, 107 discovered, 0 enqueued
[2024-07-21T21:23:38.254+0800][7.274s][gc,ref      ] GC(51) Final: 0 encountered, 0 discovered, 0 enqueued
[2024-07-21T21:23:38.254+0800][7.274s][gc,ref      ] GC(51) Phantom: 184 encountered, 98 discovered, 0 enqueued
[2024-07-21T21:23:38.254+0800][7.274s][gc,reloc    ] GC(51) Small Pages: 4 / 8M, Empty: 2M, Relocated: 0M, In-Place: 0
[2024-07-21T21:23:38.254+0800][7.274s][gc,reloc    ] GC(51) Medium Pages: 5 / 160M, Empty: 96M, Relocated: 4M, In-Place: 0
[2024-07-21T21:23:38.254+0800][7.274s][gc,reloc    ] GC(51) Large Pages: 0 / 0M, Empty: 0M, Relocated: 0M, In-Place: 0
[2024-07-21T21:23:38.254+0800][7.274s][gc,reloc    ] GC(51) Forwarding Usage: 0M
[2024-07-21T21:23:38.254+0800][7.274s][gc,heap     ] GC(51) Min Capacity: 8M(0%)
[2024-07-21T21:23:38.254+0800][7.274s][gc,heap     ] GC(51) Max Capacity: 2048M(100%)
[2024-07-21T21:23:38.254+0800][7.274s][gc,heap     ] GC(51) Soft Max Capacity: 256M(12%)
[2024-07-21T21:23:38.254+0800][7.274s][gc,heap     ] GC(51)                Mark Start          Mark End        Relocate Start      Relocate End           High               Low         
[2024-07-21T21:23:38.254+0800][7.274s][gc,heap     ] GC(51)  Capacity:      256M (12%)         256M (12%)         256M (12%)         256M (12%)         256M (12%)         256M (12%)    
[2024-07-21T21:23:38.254+0800][7.274s][gc,heap     ] GC(51)      Free:     1880M (92%)        1846M (90%)        1944M (95%)        1976M (96%)        1976M (96%)        1846M (90%)    
[2024-07-21T21:23:38.254+0800][7.274s][gc,heap     ] GC(51)      Used:      168M (8%)          202M (10%)         104M (5%)           72M (4%)          202M (10%)          72M (4%)     
[2024-07-21T21:23:38.254+0800][7.274s][gc,heap     ] GC(51)      Live:         -                 8M (0%)            8M (0%)            8M (0%)             -                  -          
[2024-07-21T21:23:38.254+0800][7.274s][gc,heap     ] GC(51) Allocated:         -                34M (2%)           34M (2%)           34M (2%)             -                  -          
[2024-07-21T21:23:38.254+0800][7.274s][gc,heap     ] GC(51)   Garbage:         -               159M (8%)           61M (3%)           29M (1%)             -                  -          
[2024-07-21T21:23:38.254+0800][7.274s][gc,heap     ] GC(51) Reclaimed:         -                  -                98M (5%)          130M (6%)             -                  -          
[2024-07-21T21:23:38.254+0800][7.274s][gc          ] GC(51) Garbage Collection (Allocation Rate) 168M(8%)->72M(4%)
[2024-07-21T21:23:38.353+0800][7.372s][gc,start    ] GC(52) Garbage Collection (Allocation Rate)
[2024-07-21T21:23:38.353+0800][7.373s][gc,task     ] GC(52) Using 1 workers
[2024-07-21T21:23:38.353+0800][7.373s][gc,phases   ] GC(52) Pause Mark Start 0.010ms
[2024-07-21T21:23:38.358+0800][7.378s][gc,phases   ] GC(52) Concurrent Mark 4.990ms
[2024-07-21T21:23:38.359+0800][7.378s][gc,phases   ] GC(52) Pause Mark End 0.013ms
[2024-07-21T21:23:38.359+0800][7.378s][gc,phases   ] GC(52) Concurrent Mark Free 0.003ms
[2024-07-21T21:23:38.360+0800][7.379s][gc,phases   ] GC(52) Concurrent Process Non-Strong References 1.077ms
[2024-07-21T21:23:38.360+0800][7.379s][gc,phases   ] GC(52) Concurrent Reset Relocation Set 0.002ms
[2024-07-21T21:23:38.362+0800][7.381s][gc,phases   ] GC(52) Concurrent Select Relocation Set 2.147ms
[2024-07-21T21:23:38.362+0800][7.382s][gc,phases   ] GC(52) Pause Relocate Start 0.006ms
[2024-07-21T21:23:38.362+0800][7.382s][gc,phases   ] GC(52) Concurrent Relocate 0.264ms
[2024-07-21T21:23:38.363+0800][7.382s][gc,load     ] GC(52) Load: 0.00/0.00/0.00
[2024-07-21T21:23:38.363+0800][7.382s][gc,mmu      ] GC(52) MMU: 2ms/96.8%, 5ms/98.5%, 10ms/99.3%, 20ms/99.6%, 50ms/99.8%, 100ms/99.9%
[2024-07-21T21:23:38.363+0800][7.382s][gc,marking  ] GC(52) Mark: 1 stripe(s), 2 proactive flush(es), 1 terminate flush(es), 0 completion(s), 0 continuation(s) 
[2024-07-21T21:23:38.363+0800][7.382s][gc,marking  ] GC(52) Mark Stack Usage: 32M
[2024-07-21T21:23:38.363+0800][7.382s][gc,nmethod  ] GC(52) NMethods: 449 registered, 0 unregistered
[2024-07-21T21:23:38.363+0800][7.382s][gc,metaspace] GC(52) Metaspace: 1M used, 1M committed, 1032M reserved
[2024-07-21T21:23:38.363+0800][7.382s][gc,ref      ] GC(52) Soft: 93 encountered, 0 discovered, 0 enqueued
[2024-07-21T21:23:38.363+0800][7.382s][gc,ref      ] GC(52) Weak: 131 encountered, 107 discovered, 0 enqueued
[2024-07-21T21:23:38.363+0800][7.382s][gc,ref      ] GC(52) Final: 0 encountered, 0 discovered, 0 enqueued
[2024-07-21T21:23:38.363+0800][7.382s][gc,ref      ] GC(52) Phantom: 184 encountered, 98 discovered, 0 enqueued
[2024-07-21T21:23:38.363+0800][7.382s][gc,reloc    ] GC(52) Small Pages: 4 / 8M, Empty: 2M, Relocated: 0M, In-Place: 0
[2024-07-21T21:23:38.363+0800][7.382s][gc,reloc    ] GC(52) Medium Pages: 4 / 128M, Empty: 64M, Relocated: 1M, In-Place: 0
[2024-07-21T21:23:38.363+0800][7.382s][gc,reloc    ] GC(52) Large Pages: 0 / 0M, Empty: 0M, Relocated: 0M, In-Place: 0
[2024-07-21T21:23:38.363+0800][7.382s][gc,reloc    ] GC(52) Forwarding Usage: 0M
[2024-07-21T21:23:38.363+0800][7.382s][gc,heap     ] GC(52) Min Capacity: 8M(0%)
[2024-07-21T21:23:38.363+0800][7.382s][gc,heap     ] GC(52) Max Capacity: 2048M(100%)
[2024-07-21T21:23:38.363+0800][7.382s][gc,heap     ] GC(52) Soft Max Capacity: 256M(12%)
[2024-07-21T21:23:38.363+0800][7.382s][gc,heap     ] GC(52)                Mark Start          Mark End        Relocate Start      Relocate End           High               Low         
[2024-07-21T21:23:38.363+0800][7.382s][gc,heap     ] GC(52)  Capacity:      256M (12%)         256M (12%)         256M (12%)         256M (12%)         256M (12%)         256M (12%)    
[2024-07-21T21:23:38.363+0800][7.382s][gc,heap     ] GC(52)      Free:     1912M (93%)        1878M (92%)        1944M (95%)        1976M (96%)        1976M (96%)        1878M (92%)    
[2024-07-21T21:23:38.363+0800][7.382s][gc,heap     ] GC(52)      Used:      136M (7%)          170M (8%)          104M (5%)           72M (4%)          170M (8%)           72M (4%)     
[2024-07-21T21:23:38.363+0800][7.382s][gc,heap     ] GC(52)      Live:         -                 5M (0%)            5M (0%)            5M (0%)             -                  -          
[2024-07-21T21:23:38.363+0800][7.382s][gc,heap     ] GC(52) Allocated:         -                34M (2%)           34M (2%)           34M (2%)             -                  -          
[2024-07-21T21:23:38.363+0800][7.382s][gc,heap     ] GC(52)   Garbage:         -               130M (6%)           64M (3%)           32M (2%)             -                  -          
[2024-07-21T21:23:38.363+0800][7.382s][gc,heap     ] GC(52) Reclaimed:         -                  -                66M (3%)           98M (5%)             -                  -          
[2024-07-21T21:23:38.363+0800][7.382s][gc          ] GC(52) Garbage Collection (Allocation Rate) 136M(7%)->72M(4%)
[2024-07-21T21:23:38.543+0800][7.562s][gc,start    ] GC(53) Garbage Collection (Allocation Rate)
[2024-07-21T21:23:38.543+0800][7.562s][gc,task     ] GC(53) Using 1 workers
[2024-07-21T21:23:38.543+0800][7.563s][gc,phases   ] GC(53) Pause Mark Start 0.012ms
[2024-07-21T21:23:38.548+0800][7.567s][gc,phases   ] GC(53) Concurrent Mark 4.079ms
[2024-07-21T21:23:38.548+0800][7.567s][gc,phases   ] GC(53) Pause Mark End 0.011ms
[2024-07-21T21:23:38.548+0800][7.567s][gc,phases   ] GC(53) Concurrent Mark Free 0.001ms
[2024-07-21T21:23:38.549+0800][7.569s][gc,phases   ] GC(53) Concurrent Process Non-Strong References 1.240ms
[2024-07-21T21:23:38.549+0800][7.569s][gc,phases   ] GC(53) Concurrent Reset Relocation Set 0.001ms
[2024-07-21T21:23:38.551+0800][7.571s][gc,phases   ] GC(53) Concurrent Select Relocation Set 1.861ms
[2024-07-21T21:23:38.552+0800][7.571s][gc,phases   ] GC(53) Pause Relocate Start 0.007ms
[2024-07-21T21:23:38.552+0800][7.572s][gc,phases   ] GC(53) Concurrent Relocate 0.729ms
[2024-07-21T21:23:38.553+0800][7.572s][gc,load     ] GC(53) Load: 0.00/0.00/0.00
[2024-07-21T21:23:38.553+0800][7.572s][gc,mmu      ] GC(53) MMU: 2ms/96.8%, 5ms/98.5%, 10ms/99.3%, 20ms/99.6%, 50ms/99.8%, 100ms/99.9%
[2024-07-21T21:23:38.553+0800][7.572s][gc,marking  ] GC(53) Mark: 1 stripe(s), 2 proactive flush(es), 1 terminate flush(es), 0 completion(s), 0 continuation(s) 
[2024-07-21T21:23:38.553+0800][7.572s][gc,marking  ] GC(53) Mark Stack Usage: 32M
[2024-07-21T21:23:38.553+0800][7.572s][gc,nmethod  ] GC(53) NMethods: 450 registered, 0 unregistered
[2024-07-21T21:23:38.553+0800][7.572s][gc,metaspace] GC(53) Metaspace: 1M used, 1M committed, 1032M reserved
[2024-07-21T21:23:38.553+0800][7.572s][gc,ref      ] GC(53) Soft: 93 encountered, 0 discovered, 0 enqueued
[2024-07-21T21:23:38.553+0800][7.572s][gc,ref      ] GC(53) Weak: 131 encountered, 107 discovered, 0 enqueued
[2024-07-21T21:23:38.553+0800][7.572s][gc,ref      ] GC(53) Final: 0 encountered, 0 discovered, 0 enqueued
[2024-07-21T21:23:38.553+0800][7.572s][gc,ref      ] GC(53) Phantom: 184 encountered, 98 discovered, 0 enqueued
[2024-07-21T21:23:38.553+0800][7.572s][gc,reloc    ] GC(53) Small Pages: 4 / 8M, Empty: 2M, Relocated: 0M, In-Place: 0
[2024-07-21T21:23:38.553+0800][7.572s][gc,reloc    ] GC(53) Medium Pages: 5 / 160M, Empty: 96M, Relocated: 1M, In-Place: 0
[2024-07-21T21:23:38.553+0800][7.572s][gc,reloc    ] GC(53) Large Pages: 0 / 0M, Empty: 0M, Relocated: 0M, In-Place: 0
[2024-07-21T21:23:38.553+0800][7.572s][gc,reloc    ] GC(53) Forwarding Usage: 0M
[2024-07-21T21:23:38.553+0800][7.572s][gc,heap     ] GC(53) Min Capacity: 8M(0%)
[2024-07-21T21:23:38.553+0800][7.572s][gc,heap     ] GC(53) Max Capacity: 2048M(100%)
[2024-07-21T21:23:38.553+0800][7.572s][gc,heap     ] GC(53) Soft Max Capacity: 256M(12%)
[2024-07-21T21:23:38.553+0800][7.572s][gc,heap     ] GC(53)                Mark Start          Mark End        Relocate Start      Relocate End           High               Low         
[2024-07-21T21:23:38.553+0800][7.572s][gc,heap     ] GC(53)  Capacity:      256M (12%)         256M (12%)         256M (12%)         256M (12%)         256M (12%)         256M (12%)    
[2024-07-21T21:23:38.553+0800][7.572s][gc,heap     ] GC(53)      Free:     1880M (92%)        1846M (90%)        1944M (95%)        1976M (96%)        1976M (96%)        1846M (90%)    
[2024-07-21T21:23:38.553+0800][7.572s][gc,heap     ] GC(53)      Used:      168M (8%)          202M (10%)         104M (5%)           72M (4%)          202M (10%)          72M (4%)     
[2024-07-21T21:23:38.553+0800][7.572s][gc,heap     ] GC(53)      Live:         -                 5M (0%)            5M (0%)            5M (0%)             -                  -          
[2024-07-21T21:23:38.553+0800][7.572s][gc,heap     ] GC(53) Allocated:         -                34M (2%)           34M (2%)           34M (2%)             -                  -          
[2024-07-21T21:23:38.553+0800][7.572s][gc,heap     ] GC(53)   Garbage:         -               162M (8%)           64M (3%)           32M (2%)             -                  -          
[2024-07-21T21:23:38.553+0800][7.572s][gc,heap     ] GC(53) Reclaimed:         -                  -                98M (5%)          130M (6%)             -                  -          
[2024-07-21T21:23:38.553+0800][7.572s][gc          ] GC(53) Garbage Collection (Allocation Rate) 168M(8%)->72M(4%)
[2024-07-21T21:23:38.653+0800][7.672s][gc,start    ] GC(54) Garbage Collection (Allocation Rate)
[2024-07-21T21:23:38.653+0800][7.672s][gc,task     ] GC(54) Using 1 workers
[2024-07-21T21:23:38.653+0800][7.672s][gc,phases   ] GC(54) Pause Mark Start 0.011ms
[2024-07-21T21:23:38.656+0800][7.676s][gc,phases   ] GC(54) Concurrent Mark 3.846ms
[2024-07-21T21:23:38.657+0800][7.676s][gc,phases   ] GC(54) Pause Mark End 0.009ms
[2024-07-21T21:23:38.657+0800][7.676s][gc,phases   ] GC(54) Concurrent Mark Free 0.001ms
[2024-07-21T21:23:38.658+0800][7.678s][gc,phases   ] GC(54) Concurrent Process Non-Strong References 1.111ms
[2024-07-21T21:23:38.658+0800][7.678s][gc,phases   ] GC(54) Concurrent Reset Relocation Set 0.001ms
[2024-07-21T21:23:38.660+0800][7.679s][gc,phases   ] GC(54) Concurrent Select Relocation Set 1.537ms
[2024-07-21T21:23:38.660+0800][7.679s][gc,phases   ] GC(54) Pause Relocate Start 0.004ms
[2024-07-21T21:23:38.660+0800][7.680s][gc,phases   ] GC(54) Concurrent Relocate 0.485ms
[2024-07-21T21:23:38.660+0800][7.680s][gc,load     ] GC(54) Load: 0.00/0.00/0.00
[2024-07-21T21:23:38.660+0800][7.680s][gc,mmu      ] GC(54) MMU: 2ms/96.8%, 5ms/98.5%, 10ms/99.3%, 20ms/99.6%, 50ms/99.8%, 100ms/99.9%
[2024-07-21T21:23:38.660+0800][7.680s][gc,marking  ] GC(54) Mark: 1 stripe(s), 2 proactive flush(es), 1 terminate flush(es), 0 completion(s), 0 continuation(s) 
[2024-07-21T21:23:38.660+0800][7.680s][gc,marking  ] GC(54) Mark Stack Usage: 32M
[2024-07-21T21:23:38.660+0800][7.680s][gc,nmethod  ] GC(54) NMethods: 450 registered, 0 unregistered
[2024-07-21T21:23:38.660+0800][7.680s][gc,metaspace] GC(54) Metaspace: 1M used, 1M committed, 1032M reserved
[2024-07-21T21:23:38.660+0800][7.680s][gc,ref      ] GC(54) Soft: 93 encountered, 0 discovered, 0 enqueued
[2024-07-21T21:23:38.660+0800][7.680s][gc,ref      ] GC(54) Weak: 131 encountered, 107 discovered, 0 enqueued
[2024-07-21T21:23:38.660+0800][7.680s][gc,ref      ] GC(54) Final: 0 encountered, 0 discovered, 0 enqueued
[2024-07-21T21:23:38.660+0800][7.680s][gc,ref      ] GC(54) Phantom: 184 encountered, 98 discovered, 0 enqueued
[2024-07-21T21:23:38.660+0800][7.680s][gc,reloc    ] GC(54) Small Pages: 4 / 8M, Empty: 2M, Relocated: 0M, In-Place: 0
[2024-07-21T21:23:38.660+0800][7.680s][gc,reloc    ] GC(54) Medium Pages: 4 / 128M, Empty: 64M, Relocated: 3M, In-Place: 0
[2024-07-21T21:23:38.661+0800][7.680s][gc,reloc    ] GC(54) Large Pages: 0 / 0M, Empty: 0M, Relocated: 0M, In-Place: 0
[2024-07-21T21:23:38.661+0800][7.680s][gc,reloc    ] GC(54) Forwarding Usage: 0M
[2024-07-21T21:23:38.661+0800][7.680s][gc,heap     ] GC(54) Min Capacity: 8M(0%)
[2024-07-21T21:23:38.661+0800][7.680s][gc,heap     ] GC(54) Max Capacity: 2048M(100%)
[2024-07-21T21:23:38.661+0800][7.680s][gc,heap     ] GC(54) Soft Max Capacity: 256M(12%)
[2024-07-21T21:23:38.661+0800][7.680s][gc,heap     ] GC(54)                Mark Start          Mark End        Relocate Start      Relocate End           High               Low         
[2024-07-21T21:23:38.661+0800][7.680s][gc,heap     ] GC(54)  Capacity:      256M (12%)         256M (12%)         256M (12%)         256M (12%)         256M (12%)         256M (12%)    
[2024-07-21T21:23:38.661+0800][7.680s][gc,heap     ] GC(54)      Free:     1912M (93%)        1878M (92%)        1944M (95%)        1976M (96%)        1976M (96%)        1878M (92%)    
[2024-07-21T21:23:38.661+0800][7.680s][gc,heap     ] GC(54)      Used:      136M (7%)          170M (8%)          104M (5%)           72M (4%)          170M (8%)           72M (4%)     
[2024-07-21T21:23:38.661+0800][7.680s][gc,heap     ] GC(54)      Live:         -                 7M (0%)            7M (0%)            7M (0%)             -                  -          
[2024-07-21T21:23:38.661+0800][7.680s][gc,heap     ] GC(54) Allocated:         -                34M (2%)           34M (2%)           34M (2%)             -                  -          
[2024-07-21T21:23:38.661+0800][7.680s][gc,heap     ] GC(54)   Garbage:         -               128M (6%)           62M (3%)           30M (1%)             -                  -          
[2024-07-21T21:23:38.661+0800][7.680s][gc,heap     ] GC(54) Reclaimed:         -                  -                66M (3%)           98M (5%)             -                  -          
[2024-07-21T21:23:38.661+0800][7.680s][gc          ] GC(54) Garbage Collection (Allocation Rate) 136M(7%)->72M(4%)
[2024-07-21T21:23:38.842+0800][7.861s][gc,start    ] GC(55) Garbage Collection (Allocation Rate)
[2024-07-21T21:23:38.842+0800][7.862s][gc,task     ] GC(55) Using 1 workers
[2024-07-21T21:23:38.842+0800][7.862s][gc,phases   ] GC(55) Pause Mark Start 0.015ms
[2024-07-21T21:23:38.846+0800][7.866s][gc,phases   ] GC(55) Concurrent Mark 3.808ms
[2024-07-21T21:23:38.847+0800][7.866s][gc,phases   ] GC(55) Pause Mark End 0.009ms
[2024-07-21T21:23:38.847+0800][7.866s][gc,phases   ] GC(55) Concurrent Mark Free 0.001ms
[2024-07-21T21:23:38.848+0800][7.867s][gc,phases   ] GC(55) Concurrent Process Non-Strong References 1.108ms
[2024-07-21T21:23:38.848+0800][7.867s][gc,phases   ] GC(55) Concurrent Reset Relocation Set 0.001ms
[2024-07-21T21:23:38.850+0800][7.869s][gc,phases   ] GC(55) Concurrent Select Relocation Set 1.935ms
[2024-07-21T21:23:38.850+0800][7.870s][gc,phases   ] GC(55) Pause Relocate Start 0.012ms
[2024-07-21T21:23:38.851+0800][7.870s][gc,phases   ] GC(55) Concurrent Relocate 0.635ms
[2024-07-21T21:23:38.851+0800][7.870s][gc,load     ] GC(55) Load: 0.00/0.00/0.00
[2024-07-21T21:23:38.851+0800][7.870s][gc,mmu      ] GC(55) MMU: 2ms/96.8%, 5ms/98.5%, 10ms/99.3%, 20ms/99.6%, 50ms/99.8%, 100ms/99.9%
[2024-07-21T21:23:38.851+0800][7.870s][gc,marking  ] GC(55) Mark: 1 stripe(s), 2 proactive flush(es), 1 terminate flush(es), 0 completion(s), 0 continuation(s) 
[2024-07-21T21:23:38.851+0800][7.870s][gc,marking  ] GC(55) Mark Stack Usage: 32M
[2024-07-21T21:23:38.851+0800][7.870s][gc,nmethod  ] GC(55) NMethods: 451 registered, 0 unregistered
[2024-07-21T21:23:38.851+0800][7.870s][gc,metaspace] GC(55) Metaspace: 1M used, 1M committed, 1032M reserved
[2024-07-21T21:23:38.851+0800][7.870s][gc,ref      ] GC(55) Soft: 93 encountered, 0 discovered, 0 enqueued
[2024-07-21T21:23:38.851+0800][7.870s][gc,ref      ] GC(55) Weak: 131 encountered, 107 discovered, 0 enqueued
[2024-07-21T21:23:38.851+0800][7.870s][gc,ref      ] GC(55) Final: 0 encountered, 0 discovered, 0 enqueued
[2024-07-21T21:23:38.851+0800][7.870s][gc,ref      ] GC(55) Phantom: 184 encountered, 98 discovered, 0 enqueued
[2024-07-21T21:23:38.851+0800][7.870s][gc,reloc    ] GC(55) Small Pages: 4 / 8M, Empty: 2M, Relocated: 0M, In-Place: 0
[2024-07-21T21:23:38.851+0800][7.871s][gc,reloc    ] GC(55) Medium Pages: 5 / 160M, Empty: 96M, Relocated: 4M, In-Place: 0
[2024-07-21T21:23:38.851+0800][7.871s][gc,reloc    ] GC(55) Large Pages: 0 / 0M, Empty: 0M, Relocated: 0M, In-Place: 0
[2024-07-21T21:23:38.851+0800][7.871s][gc,reloc    ] GC(55) Forwarding Usage: 0M
[2024-07-21T21:23:38.851+0800][7.871s][gc,heap     ] GC(55) Min Capacity: 8M(0%)
[2024-07-21T21:23:38.851+0800][7.871s][gc,heap     ] GC(55) Max Capacity: 2048M(100%)
[2024-07-21T21:23:38.851+0800][7.871s][gc,heap     ] GC(55) Soft Max Capacity: 256M(12%)
[2024-07-21T21:23:38.851+0800][7.871s][gc,heap     ] GC(55)                Mark Start          Mark End        Relocate Start      Relocate End           High               Low         
[2024-07-21T21:23:38.851+0800][7.871s][gc,heap     ] GC(55)  Capacity:      256M (12%)         256M (12%)         256M (12%)         256M (12%)         256M (12%)         256M (12%)    
[2024-07-21T21:23:38.851+0800][7.871s][gc,heap     ] GC(55)      Free:     1880M (92%)        1846M (90%)        1944M (95%)        1976M (96%)        1976M (96%)        1846M (90%)    
[2024-07-21T21:23:38.851+0800][7.871s][gc,heap     ] GC(55)      Used:      168M (8%)          202M (10%)         104M (5%)           72M (4%)          202M (10%)          72M (4%)     
[2024-07-21T21:23:38.851+0800][7.871s][gc,heap     ] GC(55)      Live:         -                 8M (0%)            8M (0%)            8M (0%)             -                  -          
[2024-07-21T21:23:38.851+0800][7.871s][gc,heap     ] GC(55) Allocated:         -                34M (2%)           34M (2%)           34M (2%)             -                  -          
[2024-07-21T21:23:38.851+0800][7.871s][gc,heap     ] GC(55)   Garbage:         -               159M (8%)           61M (3%)           29M (1%)             -                  -          
[2024-07-21T21:23:38.851+0800][7.871s][gc,heap     ] GC(55) Reclaimed:         -                  -                98M (5%)          130M (6%)             -                  -          
[2024-07-21T21:23:38.851+0800][7.871s][gc          ] GC(55) Garbage Collection (Allocation Rate) 168M(8%)->72M(4%)
[2024-07-21T21:23:38.953+0800][7.972s][gc,start    ] GC(56) Garbage Collection (Allocation Rate)
[2024-07-21T21:23:38.953+0800][7.972s][gc,task     ] GC(56) Using 1 workers
[2024-07-21T21:23:38.953+0800][7.972s][gc,phases   ] GC(56) Pause Mark Start 0.009ms
[2024-07-21T21:23:38.958+0800][7.978s][gc,phases   ] GC(56) Concurrent Mark 5.152ms
[2024-07-21T21:23:38.958+0800][7.978s][gc,phases   ] GC(56) Pause Mark End 0.009ms
[2024-07-21T21:23:38.958+0800][7.978s][gc,phases   ] GC(56) Concurrent Mark Free 0.001ms
[2024-07-21T21:23:38.960+0800][7.979s][gc,phases   ] GC(56) Concurrent Process Non-Strong References 1.022ms
[2024-07-21T21:23:38.960+0800][7.979s][gc,phases   ] GC(56) Concurrent Reset Relocation Set 0.001ms
[2024-07-21T21:23:38.962+0800][7.982s][gc,phases   ] GC(56) Concurrent Select Relocation Set 2.463ms
[2024-07-21T21:23:38.962+0800][7.982s][gc,phases   ] GC(56) Pause Relocate Start 0.013ms
[2024-07-21T21:23:38.963+0800][7.982s][gc,phases   ] GC(56) Concurrent Relocate 0.292ms
[2024-07-21T21:23:38.963+0800][7.982s][gc,load     ] GC(56) Load: 0.00/0.00/0.00
[2024-07-21T21:23:38.963+0800][7.982s][gc,mmu      ] GC(56) MMU: 2ms/96.8%, 5ms/98.5%, 10ms/99.3%, 20ms/99.6%, 50ms/99.8%, 100ms/99.9%
[2024-07-21T21:23:38.963+0800][7.982s][gc,marking  ] GC(56) Mark: 1 stripe(s), 2 proactive flush(es), 1 terminate flush(es), 0 completion(s), 0 continuation(s) 
[2024-07-21T21:23:38.963+0800][7.982s][gc,marking  ] GC(56) Mark Stack Usage: 32M
[2024-07-21T21:23:38.963+0800][7.982s][gc,nmethod  ] GC(56) NMethods: 451 registered, 0 unregistered
[2024-07-21T21:23:38.963+0800][7.982s][gc,metaspace] GC(56) Metaspace: 1M used, 1M committed, 1032M reserved
[2024-07-21T21:23:38.963+0800][7.982s][gc,ref      ] GC(56) Soft: 93 encountered, 0 discovered, 0 enqueued
[2024-07-21T21:23:38.963+0800][7.982s][gc,ref      ] GC(56) Weak: 131 encountered, 107 discovered, 0 enqueued
[2024-07-21T21:23:38.963+0800][7.982s][gc,ref      ] GC(56) Final: 0 encountered, 0 discovered, 0 enqueued
[2024-07-21T21:23:38.963+0800][7.982s][gc,ref      ] GC(56) Phantom: 184 encountered, 98 discovered, 0 enqueued
[2024-07-21T21:23:38.963+0800][7.982s][gc,reloc    ] GC(56) Small Pages: 4 / 8M, Empty: 2M, Relocated: 0M, In-Place: 0
[2024-07-21T21:23:38.963+0800][7.982s][gc,reloc    ] GC(56) Medium Pages: 4 / 128M, Empty: 64M, Relocated: 1M, In-Place: 0
[2024-07-21T21:23:38.963+0800][7.982s][gc,reloc    ] GC(56) Large Pages: 0 / 0M, Empty: 0M, Relocated: 0M, In-Place: 0
[2024-07-21T21:23:38.963+0800][7.982s][gc,reloc    ] GC(56) Forwarding Usage: 0M
[2024-07-21T21:23:38.963+0800][7.982s][gc,heap     ] GC(56) Min Capacity: 8M(0%)
[2024-07-21T21:23:38.963+0800][7.982s][gc,heap     ] GC(56) Max Capacity: 2048M(100%)
[2024-07-21T21:23:38.963+0800][7.982s][gc,heap     ] GC(56) Soft Max Capacity: 256M(12%)
[2024-07-21T21:23:38.963+0800][7.983s][gc,heap     ] GC(56)                Mark Start          Mark End        Relocate Start      Relocate End           High               Low         
[2024-07-21T21:23:38.963+0800][7.983s][gc,heap     ] GC(56)  Capacity:      256M (12%)         256M (12%)         256M (12%)         256M (12%)         256M (12%)         256M (12%)    
[2024-07-21T21:23:38.963+0800][7.983s][gc,heap     ] GC(56)      Free:     1912M (93%)        1878M (92%)        1944M (95%)        1976M (96%)        1976M (96%)        1878M (92%)    
[2024-07-21T21:23:38.963+0800][7.983s][gc,heap     ] GC(56)      Used:      136M (7%)          170M (8%)          104M (5%)           72M (4%)          170M (8%)           72M (4%)     
[2024-07-21T21:23:38.963+0800][7.983s][gc,heap     ] GC(56)      Live:         -                 5M (0%)            5M (0%)            5M (0%)             -                  -          
[2024-07-21T21:23:38.963+0800][7.983s][gc,heap     ] GC(56) Allocated:         -                34M (2%)           34M (2%)           34M (2%)             -                  -          
[2024-07-21T21:23:38.963+0800][7.983s][gc,heap     ] GC(56)   Garbage:         -               130M (6%)           64M (3%)           32M (2%)             -                  -          
[2024-07-21T21:23:38.963+0800][7.983s][gc,heap     ] GC(56) Reclaimed:         -                  -                66M (3%)           98M (5%)             -                  -          
[2024-07-21T21:23:38.963+0800][7.983s][gc          ] GC(56) Garbage Collection (Allocation Rate) 136M(7%)->72M(4%)
[2024-07-21T21:23:39.143+0800][8.163s][gc,start    ] GC(57) Garbage Collection (Allocation Rate)
[2024-07-21T21:23:39.143+0800][8.163s][gc,task     ] GC(57) Using 1 workers
[2024-07-21T21:23:39.143+0800][8.163s][gc,phases   ] GC(57) Pause Mark Start 0.008ms
[2024-07-21T21:23:39.147+0800][8.167s][gc,phases   ] GC(57) Concurrent Mark 3.847ms
[2024-07-21T21:23:39.147+0800][8.167s][gc,phases   ] GC(57) Pause Mark End 0.009ms
[2024-07-21T21:23:39.147+0800][8.167s][gc,phases   ] GC(57) Concurrent Mark Free 0.001ms
[2024-07-21T21:23:39.148+0800][8.168s][gc,phases   ] GC(57) Concurrent Process Non-Strong References 1.008ms
[2024-07-21T21:23:39.148+0800][8.168s][gc,phases   ] GC(57) Concurrent Reset Relocation Set 0.001ms
[2024-07-21T21:23:39.150+0800][8.170s][gc,phases   ] GC(57) Concurrent Select Relocation Set 1.866ms
[2024-07-21T21:23:39.150+0800][8.170s][gc,phases   ] GC(57) Pause Relocate Start 0.005ms
[2024-07-21T21:23:39.151+0800][8.171s][gc,phases   ] GC(57) Concurrent Relocate 0.237ms
[2024-07-21T21:23:39.151+0800][8.171s][gc,load     ] GC(57) Load: 0.00/0.00/0.00
[2024-07-21T21:23:39.151+0800][8.171s][gc,mmu      ] GC(57) MMU: 2ms/96.8%, 5ms/98.5%, 10ms/99.3%, 20ms/99.6%, 50ms/99.8%, 100ms/99.9%
[2024-07-21T21:23:39.151+0800][8.171s][gc,marking  ] GC(57) Mark: 1 stripe(s), 2 proactive flush(es), 1 terminate flush(es), 0 completion(s), 0 continuation(s) 
[2024-07-21T21:23:39.151+0800][8.171s][gc,marking  ] GC(57) Mark Stack Usage: 32M
[2024-07-21T21:23:39.151+0800][8.171s][gc,nmethod  ] GC(57) NMethods: 451 registered, 0 unregistered
[2024-07-21T21:23:39.151+0800][8.171s][gc,metaspace] GC(57) Metaspace: 1M used, 1M committed, 1032M reserved
[2024-07-21T21:23:39.151+0800][8.171s][gc,ref      ] GC(57) Soft: 93 encountered, 0 discovered, 0 enqueued
[2024-07-21T21:23:39.151+0800][8.171s][gc,ref      ] GC(57) Weak: 131 encountered, 107 discovered, 0 enqueued
[2024-07-21T21:23:39.151+0800][8.171s][gc,ref      ] GC(57) Final: 0 encountered, 0 discovered, 0 enqueued
[2024-07-21T21:23:39.151+0800][8.171s][gc,ref      ] GC(57) Phantom: 184 encountered, 98 discovered, 0 enqueued
[2024-07-21T21:23:39.151+0800][8.171s][gc,reloc    ] GC(57) Small Pages: 4 / 8M, Empty: 2M, Relocated: 0M, In-Place: 0
[2024-07-21T21:23:39.151+0800][8.171s][gc,reloc    ] GC(57) Medium Pages: 5 / 160M, Empty: 96M, Relocated: 1M, In-Place: 0
[2024-07-21T21:23:39.151+0800][8.171s][gc,reloc    ] GC(57) Large Pages: 0 / 0M, Empty: 0M, Relocated: 0M, In-Place: 0
[2024-07-21T21:23:39.151+0800][8.171s][gc,reloc    ] GC(57) Forwarding Usage: 0M
[2024-07-21T21:23:39.151+0800][8.171s][gc,heap     ] GC(57) Min Capacity: 8M(0%)
[2024-07-21T21:23:39.151+0800][8.171s][gc,heap     ] GC(57) Max Capacity: 2048M(100%)
[2024-07-21T21:23:39.151+0800][8.171s][gc,heap     ] GC(57) Soft Max Capacity: 256M(12%)
[2024-07-21T21:23:39.151+0800][8.171s][gc,heap     ] GC(57)                Mark Start          Mark End        Relocate Start      Relocate End           High               Low         
[2024-07-21T21:23:39.151+0800][8.171s][gc,heap     ] GC(57)  Capacity:      256M (12%)         256M (12%)         256M (12%)         256M (12%)         256M (12%)         256M (12%)    
[2024-07-21T21:23:39.151+0800][8.171s][gc,heap     ] GC(57)      Free:     1880M (92%)        1846M (90%)        1944M (95%)        1976M (96%)        1976M (96%)        1846M (90%)    
[2024-07-21T21:23:39.151+0800][8.171s][gc,heap     ] GC(57)      Used:      168M (8%)          202M (10%)         104M (5%)           72M (4%)          202M (10%)          72M (4%)     
[2024-07-21T21:23:39.151+0800][8.171s][gc,heap     ] GC(57)      Live:         -                 5M (0%)            5M (0%)            5M (0%)             -                  -          
[2024-07-21T21:23:39.151+0800][8.171s][gc,heap     ] GC(57) Allocated:         -                34M (2%)           34M (2%)           34M (2%)             -                  -          
[2024-07-21T21:23:39.151+0800][8.171s][gc,heap     ] GC(57)   Garbage:         -               162M (8%)           64M (3%)           32M (2%)             -                  -          
[2024-07-21T21:23:39.151+0800][8.171s][gc,heap     ] GC(57) Reclaimed:         -                  -                98M (5%)          130M (6%)             -                  -          
[2024-07-21T21:23:39.151+0800][8.171s][gc          ] GC(57) Garbage Collection (Allocation Rate) 168M(8%)->72M(4%)
[2024-07-21T21:23:39.253+0800][8.272s][gc,start    ] GC(58) Garbage Collection (Allocation Rate)
[2024-07-21T21:23:39.253+0800][8.272s][gc,task     ] GC(58) Using 1 workers
[2024-07-21T21:23:39.253+0800][8.273s][gc,phases   ] GC(58) Pause Mark Start 0.009ms
[2024-07-21T21:23:39.257+0800][8.276s][gc,phases   ] GC(58) Concurrent Mark 3.435ms
[2024-07-21T21:23:39.257+0800][8.276s][gc,phases   ] GC(58) Pause Mark End 0.007ms
[2024-07-21T21:23:39.257+0800][8.277s][gc,phases   ] GC(58) Concurrent Mark Free 0.001ms
[2024-07-21T21:23:39.258+0800][8.278s][gc,phases   ] GC(58) Concurrent Process Non-Strong References 1.052ms
[2024-07-21T21:23:39.258+0800][8.278s][gc,phases   ] GC(58) Concurrent Reset Relocation Set 0.001ms
[2024-07-21T21:23:39.260+0800][8.279s][gc,phases   ] GC(58) Concurrent Select Relocation Set 1.550ms
[2024-07-21T21:23:39.260+0800][8.279s][gc,phases   ] GC(58) Pause Relocate Start 0.004ms
[2024-07-21T21:23:39.261+0800][8.280s][gc,phases   ] GC(58) Concurrent Relocate 0.625ms
[2024-07-21T21:23:39.261+0800][8.280s][gc,load     ] GC(58) Load: 0.00/0.00/0.00
[2024-07-21T21:23:39.261+0800][8.280s][gc,mmu      ] GC(58) MMU: 2ms/96.8%, 5ms/98.5%, 10ms/99.3%, 20ms/99.6%, 50ms/99.8%, 100ms/99.9%
[2024-07-21T21:23:39.261+0800][8.280s][gc,marking  ] GC(58) Mark: 1 stripe(s), 2 proactive flush(es), 1 terminate flush(es), 0 completion(s), 0 continuation(s) 
[2024-07-21T21:23:39.261+0800][8.280s][gc,marking  ] GC(58) Mark Stack Usage: 32M
[2024-07-21T21:23:39.261+0800][8.280s][gc,nmethod  ] GC(58) NMethods: 451 registered, 0 unregistered
[2024-07-21T21:23:39.261+0800][8.280s][gc,metaspace] GC(58) Metaspace: 1M used, 1M committed, 1032M reserved
[2024-07-21T21:23:39.261+0800][8.280s][gc,ref      ] GC(58) Soft: 93 encountered, 0 discovered, 0 enqueued
[2024-07-21T21:23:39.261+0800][8.280s][gc,ref      ] GC(58) Weak: 131 encountered, 107 discovered, 0 enqueued
[2024-07-21T21:23:39.261+0800][8.280s][gc,ref      ] GC(58) Final: 0 encountered, 0 discovered, 0 enqueued
[2024-07-21T21:23:39.261+0800][8.280s][gc,ref      ] GC(58) Phantom: 184 encountered, 98 discovered, 0 enqueued
[2024-07-21T21:23:39.261+0800][8.280s][gc,reloc    ] GC(58) Small Pages: 4 / 8M, Empty: 2M, Relocated: 0M, In-Place: 0
[2024-07-21T21:23:39.261+0800][8.280s][gc,reloc    ] GC(58) Medium Pages: 4 / 128M, Empty: 64M, Relocated: 4M, In-Place: 0
[2024-07-21T21:23:39.261+0800][8.280s][gc,reloc    ] GC(58) Large Pages: 0 / 0M, Empty: 0M, Relocated: 0M, In-Place: 0
[2024-07-21T21:23:39.261+0800][8.280s][gc,reloc    ] GC(58) Forwarding Usage: 0M
[2024-07-21T21:23:39.261+0800][8.280s][gc,heap     ] GC(58) Min Capacity: 8M(0%)
[2024-07-21T21:23:39.261+0800][8.280s][gc,heap     ] GC(58) Max Capacity: 2048M(100%)
[2024-07-21T21:23:39.261+0800][8.280s][gc,heap     ] GC(58) Soft Max Capacity: 256M(12%)
[2024-07-21T21:23:39.261+0800][8.280s][gc,heap     ] GC(58)                Mark Start          Mark End        Relocate Start      Relocate End           High               Low         
[2024-07-21T21:23:39.261+0800][8.281s][gc,heap     ] GC(58)  Capacity:      256M (12%)         256M (12%)         256M (12%)         256M (12%)         256M (12%)         256M (12%)    
[2024-07-21T21:23:39.261+0800][8.281s][gc,heap     ] GC(58)      Free:     1912M (93%)        1878M (92%)        1944M (95%)        1976M (96%)        1976M (96%)        1878M (92%)    
[2024-07-21T21:23:39.261+0800][8.281s][gc,heap     ] GC(58)      Used:      136M (7%)          170M (8%)          104M (5%)           72M (4%)          170M (8%)           72M (4%)     
[2024-07-21T21:23:39.261+0800][8.281s][gc,heap     ] GC(58)      Live:         -                 8M (0%)            8M (0%)            8M (0%)             -                  -          
[2024-07-21T21:23:39.261+0800][8.281s][gc,heap     ] GC(58) Allocated:         -                34M (2%)           34M (2%)           34M (2%)             -                  -          
[2024-07-21T21:23:39.261+0800][8.281s][gc,heap     ] GC(58)   Garbage:         -               127M (6%)           61M (3%)           29M (1%)             -                  -          
[2024-07-21T21:23:39.261+0800][8.281s][gc,heap     ] GC(58) Reclaimed:         -                  -                66M (3%)           98M (5%)             -                  -          
[2024-07-21T21:23:39.261+0800][8.281s][gc          ] GC(58) Garbage Collection (Allocation Rate) 136M(7%)->72M(4%)
[2024-07-21T21:23:39.444+0800][8.463s][gc,start    ] GC(59) Garbage Collection (Allocation Rate)
[2024-07-21T21:23:39.444+0800][8.463s][gc,task     ] GC(59) Using 1 workers
[2024-07-21T21:23:39.444+0800][8.463s][gc,phases   ] GC(59) Pause Mark Start 0.010ms
[2024-07-21T21:23:39.447+0800][8.467s][gc,phases   ] GC(59) Concurrent Mark 3.728ms
[2024-07-21T21:23:39.448+0800][8.467s][gc,phases   ] GC(59) Pause Mark End 0.008ms
[2024-07-21T21:23:39.448+0800][8.468s][gc,phases   ] GC(59) Concurrent Mark Free 0.001ms
[2024-07-21T21:23:39.449+0800][8.469s][gc,phases   ] GC(59) Concurrent Process Non-Strong References 1.075ms
[2024-07-21T21:23:39.449+0800][8.469s][gc,phases   ] GC(59) Concurrent Reset Relocation Set 0.001ms
[2024-07-21T21:23:39.450+0800][8.470s][gc,phases   ] GC(59) Concurrent Select Relocation Set 1.582ms
[2024-07-21T21:23:39.451+0800][8.470s][gc,phases   ] GC(59) Pause Relocate Start 0.004ms
[2024-07-21T21:23:39.451+0800][8.471s][gc,phases   ] GC(59) Concurrent Relocate 0.615ms
[2024-07-21T21:23:39.451+0800][8.471s][gc,load     ] GC(59) Load: 0.00/0.00/0.00
[2024-07-21T21:23:39.451+0800][8.471s][gc,mmu      ] GC(59) MMU: 2ms/96.8%, 5ms/98.5%, 10ms/99.3%, 20ms/99.6%, 50ms/99.8%, 100ms/99.9%
[2024-07-21T21:23:39.451+0800][8.471s][gc,marking  ] GC(59) Mark: 1 stripe(s), 2 proactive flush(es), 1 terminate flush(es), 0 completion(s), 0 continuation(s) 
[2024-07-21T21:23:39.451+0800][8.471s][gc,marking  ] GC(59) Mark Stack Usage: 32M
[2024-07-21T21:23:39.451+0800][8.471s][gc,nmethod  ] GC(59) NMethods: 451 registered, 0 unregistered
[2024-07-21T21:23:39.451+0800][8.471s][gc,metaspace] GC(59) Metaspace: 1M used, 1M committed, 1032M reserved
[2024-07-21T21:23:39.451+0800][8.471s][gc,ref      ] GC(59) Soft: 93 encountered, 0 discovered, 0 enqueued
[2024-07-21T21:23:39.451+0800][8.471s][gc,ref      ] GC(59) Weak: 131 encountered, 107 discovered, 0 enqueued
[2024-07-21T21:23:39.451+0800][8.471s][gc,ref      ] GC(59) Final: 0 encountered, 0 discovered, 0 enqueued
[2024-07-21T21:23:39.451+0800][8.471s][gc,ref      ] GC(59) Phantom: 184 encountered, 98 discovered, 0 enqueued
[2024-07-21T21:23:39.451+0800][8.471s][gc,reloc    ] GC(59) Small Pages: 4 / 8M, Empty: 2M, Relocated: 0M, In-Place: 0
[2024-07-21T21:23:39.451+0800][8.471s][gc,reloc    ] GC(59) Medium Pages: 5 / 160M, Empty: 96M, Relocated: 4M, In-Place: 0
[2024-07-21T21:23:39.451+0800][8.471s][gc,reloc    ] GC(59) Large Pages: 0 / 0M, Empty: 0M, Relocated: 0M, In-Place: 0
[2024-07-21T21:23:39.451+0800][8.471s][gc,reloc    ] GC(59) Forwarding Usage: 0M
[2024-07-21T21:23:39.452+0800][8.471s][gc,heap     ] GC(59) Min Capacity: 8M(0%)
[2024-07-21T21:23:39.452+0800][8.471s][gc,heap     ] GC(59) Max Capacity: 2048M(100%)
[2024-07-21T21:23:39.452+0800][8.471s][gc,heap     ] GC(59) Soft Max Capacity: 256M(12%)
[2024-07-21T21:23:39.452+0800][8.471s][gc,heap     ] GC(59)                Mark Start          Mark End        Relocate Start      Relocate End           High               Low         
[2024-07-21T21:23:39.452+0800][8.471s][gc,heap     ] GC(59)  Capacity:      256M (12%)         256M (12%)         256M (12%)         256M (12%)         256M (12%)         256M (12%)    
[2024-07-21T21:23:39.452+0800][8.471s][gc,heap     ] GC(59)      Free:     1880M (92%)        1846M (90%)        1944M (95%)        1976M (96%)        1976M (96%)        1846M (90%)    
[2024-07-21T21:23:39.452+0800][8.471s][gc,heap     ] GC(59)      Used:      168M (8%)          202M (10%)         104M (5%)           72M (4%)          202M (10%)          72M (4%)     
[2024-07-21T21:23:39.452+0800][8.472s][gc,heap     ] GC(59)      Live:         -                 8M (0%)            8M (0%)            8M (0%)             -                  -          
[2024-07-21T21:23:39.452+0800][8.472s][gc,heap     ] GC(59) Allocated:         -                34M (2%)           34M (2%)           34M (2%)             -                  -          
[2024-07-21T21:23:39.452+0800][8.472s][gc,heap     ] GC(59)   Garbage:         -               159M (8%)           61M (3%)           29M (1%)             -                  -          
[2024-07-21T21:23:39.452+0800][8.472s][gc,heap     ] GC(59) Reclaimed:         -                  -                98M (5%)          130M (6%)             -                  -          
[2024-07-21T21:23:39.452+0800][8.472s][gc          ] GC(59) Garbage Collection (Allocation Rate) 168M(8%)->72M(4%)
[2024-07-21T21:23:39.554+0800][8.573s][gc,start    ] GC(60) Garbage Collection (Allocation Rate)
[2024-07-21T21:23:39.554+0800][8.573s][gc,task     ] GC(60) Using 1 workers
[2024-07-21T21:23:39.554+0800][8.573s][gc,phases   ] GC(60) Pause Mark Start 0.020ms
[2024-07-21T21:23:39.558+0800][8.578s][gc,phases   ] GC(60) Concurrent Mark 4.723ms
[2024-07-21T21:23:39.559+0800][8.579s][gc,phases   ] GC(60) Pause Mark End 0.009ms
[2024-07-21T21:23:39.559+0800][8.579s][gc,phases   ] GC(60) Concurrent Mark Free 0.001ms
[2024-07-21T21:23:39.560+0800][8.580s][gc,phases   ] GC(60) Concurrent Process Non-Strong References 1.131ms
[2024-07-21T21:23:39.560+0800][8.580s][gc,phases   ] GC(60) Concurrent Reset Relocation Set 0.002ms
[2024-07-21T21:23:39.562+0800][8.582s][gc,phases   ] GC(60) Concurrent Select Relocation Set 2.441ms
[2024-07-21T21:23:39.563+0800][8.583s][gc,phases   ] GC(60) Pause Relocate Start 0.007ms
[2024-07-21T21:23:39.563+0800][8.583s][gc,phases   ] GC(60) Concurrent Relocate 0.253ms
[2024-07-21T21:23:39.563+0800][8.583s][gc,load     ] GC(60) Load: 0.00/0.00/0.00
[2024-07-21T21:23:39.563+0800][8.583s][gc,mmu      ] GC(60) MMU: 2ms/96.8%, 5ms/98.5%, 10ms/99.3%, 20ms/99.6%, 50ms/99.8%, 100ms/99.9%
[2024-07-21T21:23:39.563+0800][8.583s][gc,marking  ] GC(60) Mark: 1 stripe(s), 2 proactive flush(es), 1 terminate flush(es), 0 completion(s), 0 continuation(s) 
[2024-07-21T21:23:39.563+0800][8.583s][gc,marking  ] GC(60) Mark Stack Usage: 32M
[2024-07-21T21:23:39.563+0800][8.583s][gc,nmethod  ] GC(60) NMethods: 461 registered, 0 unregistered
[2024-07-21T21:23:39.563+0800][8.583s][gc,metaspace] GC(60) Metaspace: 1M used, 1M committed, 1032M reserved
[2024-07-21T21:23:39.563+0800][8.583s][gc,ref      ] GC(60) Soft: 93 encountered, 0 discovered, 0 enqueued
[2024-07-21T21:23:39.563+0800][8.583s][gc,ref      ] GC(60) Weak: 131 encountered, 107 discovered, 0 enqueued
[2024-07-21T21:23:39.563+0800][8.583s][gc,ref      ] GC(60) Final: 0 encountered, 0 discovered, 0 enqueued
[2024-07-21T21:23:39.563+0800][8.583s][gc,ref      ] GC(60) Phantom: 184 encountered, 98 discovered, 0 enqueued
[2024-07-21T21:23:39.563+0800][8.583s][gc,reloc    ] GC(60) Small Pages: 4 / 8M, Empty: 2M, Relocated: 0M, In-Place: 0
[2024-07-21T21:23:39.563+0800][8.583s][gc,reloc    ] GC(60) Medium Pages: 4 / 128M, Empty: 64M, Relocated: 1M, In-Place: 0
[2024-07-21T21:23:39.563+0800][8.583s][gc,reloc    ] GC(60) Large Pages: 0 / 0M, Empty: 0M, Relocated: 0M, In-Place: 0
[2024-07-21T21:23:39.563+0800][8.583s][gc,reloc    ] GC(60) Forwarding Usage: 0M
[2024-07-21T21:23:39.563+0800][8.583s][gc,heap     ] GC(60) Min Capacity: 8M(0%)
[2024-07-21T21:23:39.563+0800][8.583s][gc,heap     ] GC(60) Max Capacity: 2048M(100%)
[2024-07-21T21:23:39.563+0800][8.583s][gc,heap     ] GC(60) Soft Max Capacity: 256M(12%)
[2024-07-21T21:23:39.563+0800][8.583s][gc,heap     ] GC(60)                Mark Start          Mark End        Relocate Start      Relocate End           High               Low         
[2024-07-21T21:23:39.563+0800][8.583s][gc,heap     ] GC(60)  Capacity:      256M (12%)         256M (12%)         256M (12%)         256M (12%)         256M (12%)         256M (12%)    
[2024-07-21T21:23:39.563+0800][8.583s][gc,heap     ] GC(60)      Free:     1912M (93%)        1878M (92%)        1944M (95%)        1976M (96%)        1976M (96%)        1878M (92%)    
[2024-07-21T21:23:39.563+0800][8.583s][gc,heap     ] GC(60)      Used:      136M (7%)          170M (8%)          104M (5%)           72M (4%)          170M (8%)           72M (4%)     
[2024-07-21T21:23:39.563+0800][8.583s][gc,heap     ] GC(60)      Live:         -                 5M (0%)            5M (0%)            5M (0%)             -                  -          
[2024-07-21T21:23:39.563+0800][8.583s][gc,heap     ] GC(60) Allocated:         -                34M (2%)           34M (2%)           34M (2%)             -                  -          
[2024-07-21T21:23:39.563+0800][8.583s][gc,heap     ] GC(60)   Garbage:         -               130M (6%)           64M (3%)           32M (2%)             -                  -          
[2024-07-21T21:23:39.563+0800][8.583s][gc,heap     ] GC(60) Reclaimed:         -                  -                66M (3%)           98M (5%)             -                  -          
[2024-07-21T21:23:39.563+0800][8.583s][gc          ] GC(60) Garbage Collection (Allocation Rate) 136M(7%)->72M(4%)
[2024-07-21T21:23:39.744+0800][8.763s][gc,start    ] GC(61) Garbage Collection (Allocation Rate)
[2024-07-21T21:23:39.744+0800][8.763s][gc,task     ] GC(61) Using 1 workers
[2024-07-21T21:23:39.744+0800][8.763s][gc,phases   ] GC(61) Pause Mark Start 0.020ms
[2024-07-21T21:23:39.748+0800][8.768s][gc,phases   ] GC(61) Concurrent Mark 4.743ms
[2024-07-21T21:23:39.748+0800][8.768s][gc,phases   ] GC(61) Pause Mark End 0.010ms
[2024-07-21T21:23:39.748+0800][8.768s][gc,phases   ] GC(61) Concurrent Mark Free 0.001ms
[2024-07-21T21:23:39.749+0800][8.769s][gc,phases   ] GC(61) Concurrent Process Non-Strong References 0.913ms
[2024-07-21T21:23:39.749+0800][8.769s][gc,phases   ] GC(61) Concurrent Reset Relocation Set 0.001ms
[2024-07-21T21:23:39.752+0800][8.772s][gc,phases   ] GC(61) Concurrent Select Relocation Set 2.288ms
[2024-07-21T21:23:39.752+0800][8.772s][gc,phases   ] GC(61) Pause Relocate Start 0.010ms
[2024-07-21T21:23:39.754+0800][8.774s][gc,phases   ] GC(61) Concurrent Relocate 2.294ms
[2024-07-21T21:23:39.754+0800][8.774s][gc,load     ] GC(61) Load: 0.00/0.00/0.00
[2024-07-21T21:23:39.754+0800][8.774s][gc,mmu      ] GC(61) MMU: 2ms/96.8%, 5ms/98.5%, 10ms/99.3%, 20ms/99.6%, 50ms/99.8%, 100ms/99.9%
[2024-07-21T21:23:39.754+0800][8.774s][gc,marking  ] GC(61) Mark: 1 stripe(s), 2 proactive flush(es), 1 terminate flush(es), 0 completion(s), 0 continuation(s) 
[2024-07-21T21:23:39.754+0800][8.774s][gc,marking  ] GC(61) Mark Stack Usage: 32M
[2024-07-21T21:23:39.754+0800][8.774s][gc,nmethod  ] GC(61) NMethods: 462 registered, 0 unregistered
[2024-07-21T21:23:39.754+0800][8.774s][gc,metaspace] GC(61) Metaspace: 1M used, 1M committed, 1032M reserved
[2024-07-21T21:23:39.754+0800][8.774s][gc,ref      ] GC(61) Soft: 93 encountered, 0 discovered, 0 enqueued
[2024-07-21T21:23:39.754+0800][8.774s][gc,ref      ] GC(61) Weak: 131 encountered, 107 discovered, 0 enqueued
[2024-07-21T21:23:39.754+0800][8.774s][gc,ref      ] GC(61) Final: 0 encountered, 0 discovered, 0 enqueued
[2024-07-21T21:23:39.754+0800][8.774s][gc,ref      ] GC(61) Phantom: 184 encountered, 98 discovered, 0 enqueued
[2024-07-21T21:23:39.754+0800][8.774s][gc,reloc    ] GC(61) Small Pages: 4 / 8M, Empty: 0M, Relocated: 1M, In-Place: 0
[2024-07-21T21:23:39.754+0800][8.775s][gc,reloc    ] GC(61) Medium Pages: 5 / 160M, Empty: 96M, Relocated: 1M, In-Place: 0
[2024-07-21T21:23:39.754+0800][8.775s][gc,reloc    ] GC(61) Large Pages: 0 / 0M, Empty: 0M, Relocated: 0M, In-Place: 0
[2024-07-21T21:23:39.755+0800][8.775s][gc,reloc    ] GC(61) Forwarding Usage: 0M
[2024-07-21T21:23:39.755+0800][8.775s][gc,heap     ] GC(61) Min Capacity: 8M(0%)
[2024-07-21T21:23:39.755+0800][8.775s][gc,heap     ] GC(61) Max Capacity: 2048M(100%)
[2024-07-21T21:23:39.755+0800][8.775s][gc,heap     ] GC(61) Soft Max Capacity: 256M(12%)
[2024-07-21T21:23:39.755+0800][8.775s][gc,heap     ] GC(61)                Mark Start          Mark End        Relocate Start      Relocate End           High               Low         
[2024-07-21T21:23:39.755+0800][8.775s][gc,heap     ] GC(61)  Capacity:      256M (12%)         256M (12%)         256M (12%)         256M (12%)         256M (12%)         256M (12%)    
[2024-07-21T21:23:39.755+0800][8.775s][gc,heap     ] GC(61)      Free:     1880M (92%)        1846M (90%)        1942M (95%)        1976M (96%)        1976M (96%)        1846M (90%)    
[2024-07-21T21:23:39.755+0800][8.775s][gc,heap     ] GC(61)      Used:      168M (8%)          202M (10%)         106M (5%)           72M (4%)          202M (10%)          72M (4%)     
[2024-07-21T21:23:39.755+0800][8.775s][gc,heap     ] GC(61)      Live:         -                 5M (0%)            5M (0%)            5M (0%)             -                  -          
[2024-07-21T21:23:39.755+0800][8.775s][gc,heap     ] GC(61) Allocated:         -                34M (2%)           34M (2%)           34M (2%)             -                  -          
[2024-07-21T21:23:39.755+0800][8.775s][gc,heap     ] GC(61)   Garbage:         -               162M (8%)           66M (3%)           32M (2%)             -                  -          
[2024-07-21T21:23:39.755+0800][8.775s][gc,heap     ] GC(61) Reclaimed:         -                  -                96M (5%)          130M (6%)             -                  -          
[2024-07-21T21:23:39.755+0800][8.775s][gc          ] GC(61) Garbage Collection (Allocation Rate) 168M(8%)->72M(4%)
[2024-07-21T21:23:39.854+0800][8.874s][gc,start    ] GC(62) Garbage Collection (Allocation Rate)
[2024-07-21T21:23:39.855+0800][8.874s][gc,task     ] GC(62) Using 1 workers
[2024-07-21T21:23:39.855+0800][8.874s][gc,phases   ] GC(62) Pause Mark Start 0.006ms
[2024-07-21T21:23:39.859+0800][8.879s][gc,phases   ] GC(62) Concurrent Mark 4.677ms
[2024-07-21T21:23:39.859+0800][8.879s][gc,phases   ] GC(62) Pause Mark End 0.009ms
[2024-07-21T21:23:39.859+0800][8.879s][gc,phases   ] GC(62) Concurrent Mark Free 0.001ms
[2024-07-21T21:23:39.860+0800][8.880s][gc,phases   ] GC(62) Concurrent Process Non-Strong References 1.259ms
[2024-07-21T21:23:39.860+0800][8.880s][gc,phases   ] GC(62) Concurrent Reset Relocation Set 0.001ms
[2024-07-21T21:23:39.862+0800][8.882s][gc,phases   ] GC(62) Concurrent Select Relocation Set 1.655ms
[2024-07-21T21:23:39.862+0800][8.882s][gc,phases   ] GC(62) Pause Relocate Start 0.005ms
[2024-07-21T21:23:39.863+0800][8.883s][gc,phases   ] GC(62) Concurrent Relocate 0.462ms
[2024-07-21T21:23:39.863+0800][8.883s][gc,load     ] GC(62) Load: 0.00/0.00/0.00
[2024-07-21T21:23:39.863+0800][8.883s][gc,mmu      ] GC(62) MMU: 2ms/96.8%, 5ms/98.5%, 10ms/99.3%, 20ms/99.6%, 50ms/99.8%, 100ms/99.9%
[2024-07-21T21:23:39.863+0800][8.883s][gc,marking  ] GC(62) Mark: 1 stripe(s), 2 proactive flush(es), 1 terminate flush(es), 0 completion(s), 0 continuation(s) 
[2024-07-21T21:23:39.863+0800][8.883s][gc,marking  ] GC(62) Mark Stack Usage: 32M
[2024-07-21T21:23:39.863+0800][8.883s][gc,nmethod  ] GC(62) NMethods: 462 registered, 0 unregistered
[2024-07-21T21:23:39.863+0800][8.883s][gc,metaspace] GC(62) Metaspace: 1M used, 1M committed, 1032M reserved
[2024-07-21T21:23:39.863+0800][8.883s][gc,ref      ] GC(62) Soft: 93 encountered, 0 discovered, 0 enqueued
[2024-07-21T21:23:39.863+0800][8.883s][gc,ref      ] GC(62) Weak: 131 encountered, 107 discovered, 0 enqueued
[2024-07-21T21:23:39.863+0800][8.883s][gc,ref      ] GC(62) Final: 0 encountered, 0 discovered, 0 enqueued
[2024-07-21T21:23:39.863+0800][8.883s][gc,ref      ] GC(62) Phantom: 184 encountered, 98 discovered, 0 enqueued
[2024-07-21T21:23:39.863+0800][8.883s][gc,reloc    ] GC(62) Small Pages: 4 / 8M, Empty: 2M, Relocated: 0M, In-Place: 0
[2024-07-21T21:23:39.863+0800][8.883s][gc,reloc    ] GC(62) Medium Pages: 4 / 128M, Empty: 64M, Relocated: 3M, In-Place: 0
[2024-07-21T21:23:39.863+0800][8.883s][gc,reloc    ] GC(62) Large Pages: 0 / 0M, Empty: 0M, Relocated: 0M, In-Place: 0
[2024-07-21T21:23:39.863+0800][8.883s][gc,reloc    ] GC(62) Forwarding Usage: 0M
[2024-07-21T21:23:39.863+0800][8.883s][gc,heap     ] GC(62) Min Capacity: 8M(0%)
[2024-07-21T21:23:39.863+0800][8.883s][gc,heap     ] GC(62) Max Capacity: 2048M(100%)
[2024-07-21T21:23:39.863+0800][8.883s][gc,heap     ] GC(62) Soft Max Capacity: 256M(12%)
[2024-07-21T21:23:39.863+0800][8.883s][gc,heap     ] GC(62)                Mark Start          Mark End        Relocate Start      Relocate End           High               Low         
[2024-07-21T21:23:39.863+0800][8.883s][gc,heap     ] GC(62)  Capacity:      256M (12%)         256M (12%)         256M (12%)         256M (12%)         256M (12%)         256M (12%)    
[2024-07-21T21:23:39.863+0800][8.883s][gc,heap     ] GC(62)      Free:     1912M (93%)        1878M (92%)        1944M (95%)        1976M (96%)        1976M (96%)        1878M (92%)    
[2024-07-21T21:23:39.863+0800][8.883s][gc,heap     ] GC(62)      Used:      136M (7%)          170M (8%)          104M (5%)           72M (4%)          170M (8%)           72M (4%)     
[2024-07-21T21:23:39.863+0800][8.883s][gc,heap     ] GC(62)      Live:         -                 7M (0%)            7M (0%)            7M (0%)             -                  -          
[2024-07-21T21:23:39.863+0800][8.883s][gc,heap     ] GC(62) Allocated:         -                34M (2%)           34M (2%)           34M (2%)             -                  -          
[2024-07-21T21:23:39.863+0800][8.883s][gc,heap     ] GC(62)   Garbage:         -               128M (6%)           62M (3%)           30M (1%)             -                  -          
[2024-07-21T21:23:39.863+0800][8.883s][gc,heap     ] GC(62) Reclaimed:         -                  -                66M (3%)           98M (5%)             -                  -          
[2024-07-21T21:23:39.863+0800][8.883s][gc          ] GC(62) Garbage Collection (Allocation Rate) 136M(7%)->72M(4%)
[2024-07-21T21:23:40.044+0800][9.063s][gc,start    ] GC(63) Garbage Collection (Allocation Rate)
[2024-07-21T21:23:40.044+0800][9.063s][gc,task     ] GC(63) Using 1 workers
[2024-07-21T21:23:40.044+0800][9.064s][gc,phases   ] GC(63) Pause Mark Start 0.007ms
[2024-07-21T21:23:40.050+0800][9.069s][gc,phases   ] GC(63) Concurrent Mark 5.478ms
[2024-07-21T21:23:40.050+0800][9.069s][gc,phases   ] GC(63) Pause Mark End 0.008ms
[2024-07-21T21:23:40.050+0800][9.070s][gc,phases   ] GC(63) Concurrent Mark Free 0.001ms
[2024-07-21T21:23:40.051+0800][9.071s][gc,phases   ] GC(63) Concurrent Process Non-Strong References 1.145ms
[2024-07-21T21:23:40.051+0800][9.071s][gc,phases   ] GC(63) Concurrent Reset Relocation Set 0.001ms
[2024-07-21T21:23:40.053+0800][9.073s][gc,phases   ] GC(63) Concurrent Select Relocation Set 2.003ms
[2024-07-21T21:23:40.053+0800][9.073s][gc,phases   ] GC(63) Pause Relocate Start 0.008ms
[2024-07-21T21:23:40.054+0800][9.074s][gc,phases   ] GC(63) Concurrent Relocate 0.662ms
[2024-07-21T21:23:40.054+0800][9.074s][gc,load     ] GC(63) Load: 0.00/0.00/0.00
[2024-07-21T21:23:40.054+0800][9.074s][gc,mmu      ] GC(63) MMU: 2ms/96.8%, 5ms/98.5%, 10ms/99.3%, 20ms/99.6%, 50ms/99.8%, 100ms/99.9%
[2024-07-21T21:23:40.054+0800][9.074s][gc,marking  ] GC(63) Mark: 1 stripe(s), 2 proactive flush(es), 1 terminate flush(es), 0 completion(s), 0 continuation(s) 
[2024-07-21T21:23:40.054+0800][9.074s][gc,marking  ] GC(63) Mark Stack Usage: 32M
[2024-07-21T21:23:40.054+0800][9.074s][gc,nmethod  ] GC(63) NMethods: 462 registered, 0 unregistered
[2024-07-21T21:23:40.054+0800][9.074s][gc,metaspace] GC(63) Metaspace: 1M used, 1M committed, 1032M reserved
[2024-07-21T21:23:40.054+0800][9.074s][gc,ref      ] GC(63) Soft: 93 encountered, 0 discovered, 0 enqueued
[2024-07-21T21:23:40.054+0800][9.074s][gc,ref      ] GC(63) Weak: 131 encountered, 107 discovered, 0 enqueued
[2024-07-21T21:23:40.054+0800][9.074s][gc,ref      ] GC(63) Final: 0 encountered, 0 discovered, 0 enqueued
[2024-07-21T21:23:40.054+0800][9.074s][gc,ref      ] GC(63) Phantom: 184 encountered, 98 discovered, 0 enqueued
[2024-07-21T21:23:40.054+0800][9.074s][gc,reloc    ] GC(63) Small Pages: 4 / 8M, Empty: 2M, Relocated: 0M, In-Place: 0
[2024-07-21T21:23:40.054+0800][9.074s][gc,reloc    ] GC(63) Medium Pages: 5 / 160M, Empty: 96M, Relocated: 4M, In-Place: 0
[2024-07-21T21:23:40.054+0800][9.074s][gc,reloc    ] GC(63) Large Pages: 0 / 0M, Empty: 0M, Relocated: 0M, In-Place: 0
[2024-07-21T21:23:40.054+0800][9.074s][gc,reloc    ] GC(63) Forwarding Usage: 0M
[2024-07-21T21:23:40.054+0800][9.074s][gc,heap     ] GC(63) Min Capacity: 8M(0%)
[2024-07-21T21:23:40.054+0800][9.074s][gc,heap     ] GC(63) Max Capacity: 2048M(100%)
[2024-07-21T21:23:40.054+0800][9.074s][gc,heap     ] GC(63) Soft Max Capacity: 256M(12%)
[2024-07-21T21:23:40.054+0800][9.074s][gc,heap     ] GC(63)                Mark Start          Mark End        Relocate Start      Relocate End           High               Low         
[2024-07-21T21:23:40.054+0800][9.074s][gc,heap     ] GC(63)  Capacity:      256M (12%)         256M (12%)         256M (12%)         256M (12%)         256M (12%)         256M (12%)    
[2024-07-21T21:23:40.055+0800][9.074s][gc,heap     ] GC(63)      Free:     1880M (92%)        1846M (90%)        1944M (95%)        1976M (96%)        1976M (96%)        1846M (90%)    
[2024-07-21T21:23:40.055+0800][9.074s][gc,heap     ] GC(63)      Used:      168M (8%)          202M (10%)         104M (5%)           72M (4%)          202M (10%)          72M (4%)     
[2024-07-21T21:23:40.055+0800][9.074s][gc,heap     ] GC(63)      Live:         -                 8M (0%)            8M (0%)            8M (0%)             -                  -          
[2024-07-21T21:23:40.055+0800][9.074s][gc,heap     ] GC(63) Allocated:         -                34M (2%)           34M (2%)           34M (2%)             -                  -          
[2024-07-21T21:23:40.055+0800][9.074s][gc,heap     ] GC(63)   Garbage:         -               159M (8%)           61M (3%)           29M (1%)             -                  -          
[2024-07-21T21:23:40.055+0800][9.074s][gc,heap     ] GC(63) Reclaimed:         -                  -                98M (5%)          130M (6%)             -                  -          
[2024-07-21T21:23:40.055+0800][9.074s][gc          ] GC(63) Garbage Collection (Allocation Rate) 168M(8%)->72M(4%)
[2024-07-21T21:23:40.156+0800][9.175s][gc,start    ] GC(64) Garbage Collection (Allocation Rate)
[2024-07-21T21:23:40.156+0800][9.175s][gc,task     ] GC(64) Using 1 workers
[2024-07-21T21:23:40.156+0800][9.175s][gc,phases   ] GC(64) Pause Mark Start 0.011ms
[2024-07-21T21:23:40.160+0800][9.180s][gc,phases   ] GC(64) Concurrent Mark 4.225ms
[2024-07-21T21:23:40.161+0800][9.180s][gc,phases   ] GC(64) Pause Mark End 0.010ms
[2024-07-21T21:23:40.161+0800][9.180s][gc,phases   ] GC(64) Concurrent Mark Free 0.003ms
[2024-07-21T21:23:40.162+0800][9.181s][gc,phases   ] GC(64) Concurrent Process Non-Strong References 0.873ms
[2024-07-21T21:23:40.162+0800][9.181s][gc,phases   ] GC(64) Concurrent Reset Relocation Set 0.001ms
[2024-07-21T21:23:40.163+0800][9.183s][gc,phases   ] GC(64) Concurrent Select Relocation Set 1.649ms
[2024-07-21T21:23:40.164+0800][9.183s][gc,phases   ] GC(64) Pause Relocate Start 0.010ms
[2024-07-21T21:23:40.164+0800][9.183s][gc,phases   ] GC(64) Concurrent Relocate 0.241ms
[2024-07-21T21:23:40.164+0800][9.183s][gc,load     ] GC(64) Load: 0.00/0.00/0.00
[2024-07-21T21:23:40.164+0800][9.184s][gc,mmu      ] GC(64) MMU: 2ms/96.8%, 5ms/98.5%, 10ms/99.3%, 20ms/99.6%, 50ms/99.8%, 100ms/99.9%
[2024-07-21T21:23:40.164+0800][9.184s][gc,marking  ] GC(64) Mark: 1 stripe(s), 2 proactive flush(es), 1 terminate flush(es), 0 completion(s), 0 continuation(s) 
[2024-07-21T21:23:40.164+0800][9.184s][gc,marking  ] GC(64) Mark Stack Usage: 32M
[2024-07-21T21:23:40.164+0800][9.184s][gc,nmethod  ] GC(64) NMethods: 462 registered, 0 unregistered
[2024-07-21T21:23:40.164+0800][9.184s][gc,metaspace] GC(64) Metaspace: 1M used, 1M committed, 1032M reserved
[2024-07-21T21:23:40.164+0800][9.184s][gc,ref      ] GC(64) Soft: 93 encountered, 0 discovered, 0 enqueued
[2024-07-21T21:23:40.164+0800][9.184s][gc,ref      ] GC(64) Weak: 131 encountered, 107 discovered, 0 enqueued
[2024-07-21T21:23:40.164+0800][9.184s][gc,ref      ] GC(64) Final: 0 encountered, 0 discovered, 0 enqueued
[2024-07-21T21:23:40.164+0800][9.184s][gc,ref      ] GC(64) Phantom: 184 encountered, 98 discovered, 0 enqueued
[2024-07-21T21:23:40.164+0800][9.184s][gc,reloc    ] GC(64) Small Pages: 4 / 8M, Empty: 2M, Relocated: 0M, In-Place: 0
[2024-07-21T21:23:40.164+0800][9.184s][gc,reloc    ] GC(64) Medium Pages: 4 / 128M, Empty: 64M, Relocated: 1M, In-Place: 0
[2024-07-21T21:23:40.164+0800][9.184s][gc,reloc    ] GC(64) Large Pages: 0 / 0M, Empty: 0M, Relocated: 0M, In-Place: 0
[2024-07-21T21:23:40.164+0800][9.184s][gc,reloc    ] GC(64) Forwarding Usage: 0M
[2024-07-21T21:23:40.164+0800][9.184s][gc,heap     ] GC(64) Min Capacity: 8M(0%)
[2024-07-21T21:23:40.164+0800][9.184s][gc,heap     ] GC(64) Max Capacity: 2048M(100%)
[2024-07-21T21:23:40.164+0800][9.184s][gc,heap     ] GC(64) Soft Max Capacity: 256M(12%)
[2024-07-21T21:23:40.164+0800][9.184s][gc,heap     ] GC(64)                Mark Start          Mark End        Relocate Start      Relocate End           High               Low         
[2024-07-21T21:23:40.164+0800][9.184s][gc,heap     ] GC(64)  Capacity:      256M (12%)         256M (12%)         256M (12%)         256M (12%)         256M (12%)         256M (12%)    
[2024-07-21T21:23:40.164+0800][9.184s][gc,heap     ] GC(64)      Free:     1912M (93%)        1878M (92%)        1944M (95%)        1976M (96%)        1976M (96%)        1878M (92%)    
[2024-07-21T21:23:40.164+0800][9.184s][gc,heap     ] GC(64)      Used:      136M (7%)          170M (8%)          104M (5%)           72M (4%)          170M (8%)           72M (4%)     
[2024-07-21T21:23:40.164+0800][9.184s][gc,heap     ] GC(64)      Live:         -                 5M (0%)            5M (0%)            5M (0%)             -                  -          
[2024-07-21T21:23:40.164+0800][9.184s][gc,heap     ] GC(64) Allocated:         -                34M (2%)           34M (2%)           34M (2%)             -                  -          
[2024-07-21T21:23:40.164+0800][9.184s][gc,heap     ] GC(64)   Garbage:         -               130M (6%)           64M (3%)           32M (2%)             -                  -          
[2024-07-21T21:23:40.164+0800][9.184s][gc,heap     ] GC(64) Reclaimed:         -                  -                66M (3%)           98M (5%)             -                  -          
[2024-07-21T21:23:40.164+0800][9.184s][gc          ] GC(64) Garbage Collection (Allocation Rate) 136M(7%)->72M(4%)
[2024-07-21T21:23:40.348+0800][9.367s][gc,start    ] GC(65) Garbage Collection (Allocation Rate)
[2024-07-21T21:23:40.348+0800][9.367s][gc,task     ] GC(65) Using 1 workers
[2024-07-21T21:23:40.348+0800][9.367s][gc,phases   ] GC(65) Pause Mark Start 0.007ms
[2024-07-21T21:23:40.352+0800][9.371s][gc,phases   ] GC(65) Concurrent Mark 3.420ms
[2024-07-21T21:23:40.352+0800][9.371s][gc,phases   ] GC(65) Pause Mark End 0.011ms
[2024-07-21T21:23:40.352+0800][9.371s][gc,phases   ] GC(65) Concurrent Mark Free 0.001ms
[2024-07-21T21:23:40.353+0800][9.373s][gc,phases   ] GC(65) Concurrent Process Non-Strong References 1.536ms
[2024-07-21T21:23:40.354+0800][9.373s][gc,phases   ] GC(65) Concurrent Reset Relocation Set 0.001ms
[2024-07-21T21:23:40.356+0800][9.375s][gc,phases   ] GC(65) Concurrent Select Relocation Set 2.475ms
[2024-07-21T21:23:40.356+0800][9.376s][gc,phases   ] GC(65) Pause Relocate Start 0.007ms
[2024-07-21T21:23:40.357+0800][9.376s][gc,phases   ] GC(65) Concurrent Relocate 0.292ms
[2024-07-21T21:23:40.357+0800][9.376s][gc,load     ] GC(65) Load: 0.00/0.00/0.00
[2024-07-21T21:23:40.357+0800][9.376s][gc,mmu      ] GC(65) MMU: 2ms/96.8%, 5ms/98.5%, 10ms/99.3%, 20ms/99.6%, 50ms/99.8%, 100ms/99.9%
[2024-07-21T21:23:40.357+0800][9.376s][gc,marking  ] GC(65) Mark: 1 stripe(s), 2 proactive flush(es), 1 terminate flush(es), 0 completion(s), 0 continuation(s) 
[2024-07-21T21:23:40.357+0800][9.376s][gc,marking  ] GC(65) Mark Stack Usage: 32M
[2024-07-21T21:23:40.357+0800][9.376s][gc,nmethod  ] GC(65) NMethods: 462 registered, 0 unregistered
[2024-07-21T21:23:40.357+0800][9.376s][gc,metaspace] GC(65) Metaspace: 1M used, 1M committed, 1032M reserved
[2024-07-21T21:23:40.357+0800][9.376s][gc,ref      ] GC(65) Soft: 93 encountered, 0 discovered, 0 enqueued
[2024-07-21T21:23:40.357+0800][9.376s][gc,ref      ] GC(65) Weak: 131 encountered, 107 discovered, 0 enqueued
[2024-07-21T21:23:40.357+0800][9.376s][gc,ref      ] GC(65) Final: 0 encountered, 0 discovered, 0 enqueued
[2024-07-21T21:23:40.357+0800][9.376s][gc,ref      ] GC(65) Phantom: 184 encountered, 98 discovered, 0 enqueued
[2024-07-21T21:23:40.357+0800][9.376s][gc,reloc    ] GC(65) Small Pages: 4 / 8M, Empty: 2M, Relocated: 0M, In-Place: 0
[2024-07-21T21:23:40.357+0800][9.376s][gc,reloc    ] GC(65) Medium Pages: 5 / 160M, Empty: 96M, Relocated: 1M, In-Place: 0
[2024-07-21T21:23:40.357+0800][9.376s][gc,reloc    ] GC(65) Large Pages: 0 / 0M, Empty: 0M, Relocated: 0M, In-Place: 0
[2024-07-21T21:23:40.357+0800][9.376s][gc,reloc    ] GC(65) Forwarding Usage: 0M
[2024-07-21T21:23:40.357+0800][9.376s][gc,heap     ] GC(65) Min Capacity: 8M(0%)
[2024-07-21T21:23:40.357+0800][9.376s][gc,heap     ] GC(65) Max Capacity: 2048M(100%)
[2024-07-21T21:23:40.357+0800][9.376s][gc,heap     ] GC(65) Soft Max Capacity: 256M(12%)
[2024-07-21T21:23:40.357+0800][9.376s][gc,heap     ] GC(65)                Mark Start          Mark End        Relocate Start      Relocate End           High               Low         
[2024-07-21T21:23:40.357+0800][9.376s][gc,heap     ] GC(65)  Capacity:      256M (12%)         256M (12%)         256M (12%)         256M (12%)         256M (12%)         256M (12%)    
[2024-07-21T21:23:40.357+0800][9.376s][gc,heap     ] GC(65)      Free:     1880M (92%)        1846M (90%)        1944M (95%)        1976M (96%)        1976M (96%)        1846M (90%)    
[2024-07-21T21:23:40.357+0800][9.376s][gc,heap     ] GC(65)      Used:      168M (8%)          202M (10%)         104M (5%)           72M (4%)          202M (10%)          72M (4%)     
[2024-07-21T21:23:40.357+0800][9.376s][gc,heap     ] GC(65)      Live:         -                 5M (0%)            5M (0%)            5M (0%)             -                  -          
[2024-07-21T21:23:40.357+0800][9.376s][gc,heap     ] GC(65) Allocated:         -                34M (2%)           34M (2%)           34M (2%)             -                  -          
[2024-07-21T21:23:40.357+0800][9.376s][gc,heap     ] GC(65)   Garbage:         -               162M (8%)           64M (3%)           32M (2%)             -                  -          
[2024-07-21T21:23:40.357+0800][9.377s][gc,heap     ] GC(65) Reclaimed:         -                  -                98M (5%)          130M (6%)             -                  -          
[2024-07-21T21:23:40.357+0800][9.377s][gc          ] GC(65) Garbage Collection (Allocation Rate) 168M(8%)->72M(4%)
[2024-07-21T21:23:40.456+0800][9.475s][gc,start    ] GC(66) Garbage Collection (Allocation Rate)
[2024-07-21T21:23:40.456+0800][9.475s][gc,task     ] GC(66) Using 1 workers
[2024-07-21T21:23:40.456+0800][9.475s][gc,phases   ] GC(66) Pause Mark Start 0.008ms
[2024-07-21T21:23:40.460+0800][9.479s][gc,phases   ] GC(66) Concurrent Mark 3.485ms
[2024-07-21T21:23:40.460+0800][9.479s][gc,phases   ] GC(66) Pause Mark End 0.009ms
[2024-07-21T21:23:40.460+0800][9.479s][gc,phases   ] GC(66) Concurrent Mark Free 0.001ms
[2024-07-21T21:23:40.461+0800][9.481s][gc,phases   ] GC(66) Concurrent Process Non-Strong References 1.172ms
[2024-07-21T21:23:40.461+0800][9.481s][gc,phases   ] GC(66) Concurrent Reset Relocation Set 0.001ms
[2024-07-21T21:23:40.463+0800][9.482s][gc,phases   ] GC(66) Concurrent Select Relocation Set 1.809ms
[2024-07-21T21:23:40.463+0800][9.483s][gc,phases   ] GC(66) Pause Relocate Start 0.004ms
[2024-07-21T21:23:40.464+0800][9.483s][gc,phases   ] GC(66) Concurrent Relocate 0.631ms
[2024-07-21T21:23:40.464+0800][9.483s][gc,load     ] GC(66) Load: 0.00/0.00/0.00
[2024-07-21T21:23:40.464+0800][9.483s][gc,mmu      ] GC(66) MMU: 2ms/96.8%, 5ms/98.5%, 10ms/99.3%, 20ms/99.6%, 50ms/99.8%, 100ms/99.9%
[2024-07-21T21:23:40.464+0800][9.483s][gc,marking  ] GC(66) Mark: 1 stripe(s), 2 proactive flush(es), 1 terminate flush(es), 0 completion(s), 0 continuation(s) 
[2024-07-21T21:23:40.464+0800][9.483s][gc,marking  ] GC(66) Mark Stack Usage: 32M
[2024-07-21T21:23:40.464+0800][9.484s][gc,nmethod  ] GC(66) NMethods: 462 registered, 0 unregistered
[2024-07-21T21:23:40.464+0800][9.484s][gc,metaspace] GC(66) Metaspace: 1M used, 1M committed, 1032M reserved
[2024-07-21T21:23:40.464+0800][9.484s][gc,ref      ] GC(66) Soft: 93 encountered, 0 discovered, 0 enqueued
[2024-07-21T21:23:40.464+0800][9.484s][gc,ref      ] GC(66) Weak: 131 encountered, 107 discovered, 0 enqueued
[2024-07-21T21:23:40.464+0800][9.484s][gc,ref      ] GC(66) Final: 0 encountered, 0 discovered, 0 enqueued
[2024-07-21T21:23:40.464+0800][9.484s][gc,ref      ] GC(66) Phantom: 184 encountered, 98 discovered, 0 enqueued
[2024-07-21T21:23:40.464+0800][9.484s][gc,reloc    ] GC(66) Small Pages: 4 / 8M, Empty: 2M, Relocated: 0M, In-Place: 0
[2024-07-21T21:23:40.464+0800][9.484s][gc,reloc    ] GC(66) Medium Pages: 4 / 128M, Empty: 64M, Relocated: 4M, In-Place: 0
[2024-07-21T21:23:40.464+0800][9.484s][gc,reloc    ] GC(66) Large Pages: 0 / 0M, Empty: 0M, Relocated: 0M, In-Place: 0
[2024-07-21T21:23:40.464+0800][9.484s][gc,reloc    ] GC(66) Forwarding Usage: 0M
[2024-07-21T21:23:40.464+0800][9.484s][gc,heap     ] GC(66) Min Capacity: 8M(0%)
[2024-07-21T21:23:40.464+0800][9.484s][gc,heap     ] GC(66) Max Capacity: 2048M(100%)
[2024-07-21T21:23:40.464+0800][9.484s][gc,heap     ] GC(66) Soft Max Capacity: 256M(12%)
[2024-07-21T21:23:40.464+0800][9.484s][gc,heap     ] GC(66)                Mark Start          Mark End        Relocate Start      Relocate End           High               Low         
[2024-07-21T21:23:40.464+0800][9.484s][gc,heap     ] GC(66)  Capacity:      256M (12%)         256M (12%)         256M (12%)         256M (12%)         256M (12%)         256M (12%)    
[2024-07-21T21:23:40.464+0800][9.484s][gc,heap     ] GC(66)      Free:     1912M (93%)        1878M (92%)        1944M (95%)        1976M (96%)        1976M (96%)        1878M (92%)    
[2024-07-21T21:23:40.464+0800][9.484s][gc,heap     ] GC(66)      Used:      136M (7%)          170M (8%)          104M (5%)           72M (4%)          170M (8%)           72M (4%)     
[2024-07-21T21:23:40.464+0800][9.484s][gc,heap     ] GC(66)      Live:         -                 8M (0%)            8M (0%)            8M (0%)             -                  -          
[2024-07-21T21:23:40.464+0800][9.484s][gc,heap     ] GC(66) Allocated:         -                34M (2%)           34M (2%)           34M (2%)             -                  -          
[2024-07-21T21:23:40.464+0800][9.484s][gc,heap     ] GC(66)   Garbage:         -               127M (6%)           61M (3%)           29M (1%)             -                  -          
[2024-07-21T21:23:40.464+0800][9.484s][gc,heap     ] GC(66) Reclaimed:         -                  -                66M (3%)           98M (5%)             -                  -          
[2024-07-21T21:23:40.464+0800][9.484s][gc          ] GC(66) Garbage Collection (Allocation Rate) 136M(7%)->72M(4%)
[2024-07-21T21:23:40.647+0800][9.666s][gc,start    ] GC(67) Garbage Collection (Allocation Rate)
[2024-07-21T21:23:40.647+0800][9.667s][gc,task     ] GC(67) Using 1 workers
[2024-07-21T21:23:40.647+0800][9.667s][gc,phases   ] GC(67) Pause Mark Start 0.015ms
[2024-07-21T21:23:40.652+0800][9.671s][gc,phases   ] GC(67) Concurrent Mark 3.842ms
[2024-07-21T21:23:40.652+0800][9.671s][gc,phases   ] GC(67) Pause Mark End 0.030ms
[2024-07-21T21:23:40.652+0800][9.671s][gc,phases   ] GC(67) Concurrent Mark Free 0.001ms
[2024-07-21T21:23:40.653+0800][9.672s][gc,phases   ] GC(67) Concurrent Process Non-Strong References 1.281ms
[2024-07-21T21:23:40.653+0800][9.673s][gc,phases   ] GC(67) Concurrent Reset Relocation Set 0.001ms
[2024-07-21T21:23:40.656+0800][9.675s][gc,phases   ] GC(67) Concurrent Select Relocation Set 2.870ms
[2024-07-21T21:23:40.656+0800][9.676s][gc,phases   ] GC(67) Pause Relocate Start 0.006ms
[2024-07-21T21:23:40.657+0800][9.676s][gc,phases   ] GC(67) Concurrent Relocate 0.516ms
[2024-07-21T21:23:40.657+0800][9.676s][gc,load     ] GC(67) Load: 0.00/0.00/0.00
[2024-07-21T21:23:40.657+0800][9.676s][gc,mmu      ] GC(67) MMU: 2ms/96.8%, 5ms/98.5%, 10ms/99.3%, 20ms/99.6%, 50ms/99.8%, 100ms/99.9%
[2024-07-21T21:23:40.657+0800][9.676s][gc,marking  ] GC(67) Mark: 1 stripe(s), 2 proactive flush(es), 1 terminate flush(es), 0 completion(s), 0 continuation(s) 
[2024-07-21T21:23:40.657+0800][9.676s][gc,marking  ] GC(67) Mark Stack Usage: 32M
[2024-07-21T21:23:40.657+0800][9.676s][gc,nmethod  ] GC(67) NMethods: 462 registered, 0 unregistered
[2024-07-21T21:23:40.657+0800][9.676s][gc,metaspace] GC(67) Metaspace: 1M used, 1M committed, 1032M reserved
[2024-07-21T21:23:40.657+0800][9.676s][gc,ref      ] GC(67) Soft: 93 encountered, 0 discovered, 0 enqueued
[2024-07-21T21:23:40.657+0800][9.676s][gc,ref      ] GC(67) Weak: 131 encountered, 107 discovered, 0 enqueued
[2024-07-21T21:23:40.657+0800][9.676s][gc,ref      ] GC(67) Final: 0 encountered, 0 discovered, 0 enqueued
[2024-07-21T21:23:40.657+0800][9.676s][gc,ref      ] GC(67) Phantom: 184 encountered, 98 discovered, 0 enqueued
[2024-07-21T21:23:40.657+0800][9.676s][gc,reloc    ] GC(67) Small Pages: 4 / 8M, Empty: 2M, Relocated: 0M, In-Place: 0
[2024-07-21T21:23:40.657+0800][9.676s][gc,reloc    ] GC(67) Medium Pages: 5 / 160M, Empty: 96M, Relocated: 3M, In-Place: 0
[2024-07-21T21:23:40.657+0800][9.676s][gc,reloc    ] GC(67) Large Pages: 0 / 0M, Empty: 0M, Relocated: 0M, In-Place: 0
[2024-07-21T21:23:40.657+0800][9.676s][gc,reloc    ] GC(67) Forwarding Usage: 0M
[2024-07-21T21:23:40.657+0800][9.676s][gc,heap     ] GC(67) Min Capacity: 8M(0%)
[2024-07-21T21:23:40.657+0800][9.676s][gc,heap     ] GC(67) Max Capacity: 2048M(100%)
[2024-07-21T21:23:40.657+0800][9.677s][gc,heap     ] GC(67) Soft Max Capacity: 256M(12%)
[2024-07-21T21:23:40.657+0800][9.677s][gc,heap     ] GC(67)                Mark Start          Mark End        Relocate Start      Relocate End           High               Low         
[2024-07-21T21:23:40.657+0800][9.677s][gc,heap     ] GC(67)  Capacity:      256M (12%)         256M (12%)         256M (12%)         256M (12%)         256M (12%)         256M (12%)    
[2024-07-21T21:23:40.657+0800][9.677s][gc,heap     ] GC(67)      Free:     1880M (92%)        1846M (90%)        1944M (95%)        1976M (96%)        1976M (96%)        1846M (90%)    
[2024-07-21T21:23:40.657+0800][9.677s][gc,heap     ] GC(67)      Used:      168M (8%)          202M (10%)         104M (5%)           72M (4%)          202M (10%)          72M (4%)     
[2024-07-21T21:23:40.657+0800][9.677s][gc,heap     ] GC(67)      Live:         -                 7M (0%)            7M (0%)            7M (0%)             -                  -          
[2024-07-21T21:23:40.657+0800][9.677s][gc,heap     ] GC(67) Allocated:         -                34M (2%)           34M (2%)           34M (2%)             -                  -          
[2024-07-21T21:23:40.657+0800][9.677s][gc,heap     ] GC(67)   Garbage:         -               160M (8%)           62M (3%)           30M (1%)             -                  -          
[2024-07-21T21:23:40.657+0800][9.677s][gc,heap     ] GC(67) Reclaimed:         -                  -                98M (5%)          130M (6%)             -                  -          
[2024-07-21T21:23:40.657+0800][9.677s][gc          ] GC(67) Garbage Collection (Allocation Rate) 168M(8%)->72M(4%)
[2024-07-21T21:23:40.849+0800][9.869s][gc,start    ] GC(68) Garbage Collection (Allocation Rate)
[2024-07-21T21:23:40.850+0800][9.869s][gc,task     ] GC(68) Using 1 workers
[2024-07-21T21:23:40.850+0800][9.869s][gc,phases   ] GC(68) Pause Mark Start 0.008ms
[2024-07-21T21:23:40.854+0800][9.874s][gc,phases   ] GC(68) Concurrent Mark 4.429ms
[2024-07-21T21:23:40.854+0800][9.874s][gc,phases   ] GC(68) Pause Mark End 0.009ms
[2024-07-21T21:23:40.854+0800][9.874s][gc,phases   ] GC(68) Concurrent Mark Free 0.001ms
[2024-07-21T21:23:40.855+0800][9.875s][gc,phases   ] GC(68) Concurrent Process Non-Strong References 1.064ms
[2024-07-21T21:23:40.855+0800][9.875s][gc,phases   ] GC(68) Concurrent Reset Relocation Set 0.001ms
[2024-07-21T21:23:40.857+0800][9.877s][gc,phases   ] GC(68) Concurrent Select Relocation Set 1.877ms
[2024-07-21T21:23:40.858+0800][9.877s][gc,phases   ] GC(68) Pause Relocate Start 0.005ms
[2024-07-21T21:23:40.858+0800][9.878s][gc,phases   ] GC(68) Concurrent Relocate 0.250ms
[2024-07-21T21:23:40.858+0800][9.878s][gc,load     ] GC(68) Load: 0.00/0.00/0.00
[2024-07-21T21:23:40.858+0800][9.878s][gc,mmu      ] GC(68) MMU: 2ms/96.8%, 5ms/98.5%, 10ms/99.3%, 20ms/99.6%, 50ms/99.8%, 100ms/99.9%
[2024-07-21T21:23:40.858+0800][9.878s][gc,marking  ] GC(68) Mark: 1 stripe(s), 2 proactive flush(es), 1 terminate flush(es), 0 completion(s), 0 continuation(s) 
[2024-07-21T21:23:40.858+0800][9.878s][gc,marking  ] GC(68) Mark Stack Usage: 32M
[2024-07-21T21:23:40.858+0800][9.878s][gc,nmethod  ] GC(68) NMethods: 462 registered, 0 unregistered
[2024-07-21T21:23:40.858+0800][9.878s][gc,metaspace] GC(68) Metaspace: 1M used, 1M committed, 1032M reserved
[2024-07-21T21:23:40.858+0800][9.878s][gc,ref      ] GC(68) Soft: 93 encountered, 0 discovered, 0 enqueued
[2024-07-21T21:23:40.858+0800][9.878s][gc,ref      ] GC(68) Weak: 131 encountered, 107 discovered, 0 enqueued
[2024-07-21T21:23:40.858+0800][9.878s][gc,ref      ] GC(68) Final: 0 encountered, 0 discovered, 0 enqueued
[2024-07-21T21:23:40.858+0800][9.878s][gc,ref      ] GC(68) Phantom: 184 encountered, 98 discovered, 0 enqueued
[2024-07-21T21:23:40.858+0800][9.878s][gc,reloc    ] GC(68) Small Pages: 4 / 8M, Empty: 2M, Relocated: 0M, In-Place: 0
[2024-07-21T21:23:40.858+0800][9.878s][gc,reloc    ] GC(68) Medium Pages: 6 / 192M, Empty: 128M, Relocated: 1M, In-Place: 0
[2024-07-21T21:23:40.858+0800][9.878s][gc,reloc    ] GC(68) Large Pages: 0 / 0M, Empty: 0M, Relocated: 0M, In-Place: 0
[2024-07-21T21:23:40.858+0800][9.878s][gc,reloc    ] GC(68) Forwarding Usage: 0M
[2024-07-21T21:23:40.858+0800][9.878s][gc,heap     ] GC(68) Min Capacity: 8M(0%)
[2024-07-21T21:23:40.858+0800][9.878s][gc,heap     ] GC(68) Max Capacity: 2048M(100%)
[2024-07-21T21:23:40.858+0800][9.878s][gc,heap     ] GC(68) Soft Max Capacity: 256M(12%)
[2024-07-21T21:23:40.858+0800][9.878s][gc,heap     ] GC(68)                Mark Start          Mark End        Relocate Start      Relocate End           High               Low         
[2024-07-21T21:23:40.858+0800][9.878s][gc,heap     ] GC(68)  Capacity:      256M (12%)         256M (12%)         256M (12%)         256M (12%)         256M (12%)         256M (12%)    
[2024-07-21T21:23:40.858+0800][9.878s][gc,heap     ] GC(68)      Free:     1848M (90%)        1814M (89%)        1944M (95%)        1976M (96%)        1976M (96%)        1814M (89%)    
[2024-07-21T21:23:40.858+0800][9.878s][gc,heap     ] GC(68)      Used:      200M (10%)         234M (11%)         104M (5%)           72M (4%)          234M (11%)          72M (4%)     
[2024-07-21T21:23:40.858+0800][9.878s][gc,heap     ] GC(68)      Live:         -                 5M (0%)            5M (0%)            5M (0%)             -                  -          
[2024-07-21T21:23:40.858+0800][9.878s][gc,heap     ] GC(68) Allocated:         -                34M (2%)           34M (2%)           34M (2%)             -                  -          
[2024-07-21T21:23:40.858+0800][9.878s][gc,heap     ] GC(68)   Garbage:         -               194M (9%)           64M (3%)           32M (2%)             -                  -          
[2024-07-21T21:23:40.858+0800][9.878s][gc,heap     ] GC(68) Reclaimed:         -                  -               130M (6%)          162M (8%)             -                  -          
[2024-07-21T21:23:40.858+0800][9.878s][gc          ] GC(68) Garbage Collection (Allocation Rate) 200M(10%)->72M(4%)
[2024-07-21T21:23:41.054+0800][10.073s][gc,start    ] GC(69) Garbage Collection (Allocation Rate)
[2024-07-21T21:23:41.054+0800][10.073s][gc,stats    ] === Garbage Collection Statistics =======================================================================================================================
[2024-07-21T21:23:41.054+0800][10.073s][gc,task     ] GC(69) Using 1 workers
[2024-07-21T21:23:41.054+0800][10.073s][gc,stats    ]                                                              Last 10s              Last 10m              Last 10h                Total
[2024-07-21T21:23:41.054+0800][10.074s][gc,stats    ]                                                              Avg / Max             Avg / Max             Avg / Max             Avg / Max
[2024-07-21T21:23:41.054+0800][10.074s][gc,stats    ]   Collector: Garbage Collection Cycle                     13.399 / 28.973       13.399 / 28.973       13.399 / 28.973       13.399 / 28.973      ms
[2024-07-21T21:23:41.054+0800][10.074s][gc,phases   ] GC(69) Pause Mark Start 0.007ms
[2024-07-21T21:23:41.054+0800][10.074s][gc,stats    ]  Contention: Mark Segment Reset Contention                     1 / 6                 1 / 6                 1 / 6                 1 / 6           ops/s
[2024-07-21T21:23:41.054+0800][10.074s][gc,stats    ]  Contention: Mark SeqNum Reset Contention                      0 / 1                 0 / 1                 0 / 1                 0 / 1           ops/s
[2024-07-21T21:23:41.054+0800][10.074s][gc,stats    ]    Critical: Allocation Stall                                  0 / 0                 0 / 0                 0 / 0                 0 / 0           ops/s
[2024-07-21T21:23:41.054+0800][10.074s][gc,stats    ]    Critical: Allocation Stall                              0.000 / 0.000         0.000 / 0.000         0.000 / 0.000         0.000 / 0.000       ms
[2024-07-21T21:23:41.054+0800][10.074s][gc,stats    ]    Critical: GC Locker Stall                                   0 / 0                 0 / 0                 0 / 0                 0 / 0           ops/s
[2024-07-21T21:23:41.054+0800][10.074s][gc,stats    ]    Critical: GC Locker Stall                               0.000 / 0.000         0.000 / 0.000         0.000 / 0.000         0.000 / 0.000       ms
[2024-07-21T21:23:41.054+0800][10.074s][gc,stats    ]    Critical: Relocation Stall                                  0 / 0                 0 / 0                 0 / 0                 0 / 0           ops/s
[2024-07-21T21:23:41.055+0800][10.074s][gc,stats    ]    Critical: Relocation Stall                              0.000 / 0.000         0.000 / 0.000         0.000 / 0.000         0.000 / 0.000       ms
[2024-07-21T21:23:41.055+0800][10.074s][gc,stats    ]      Memory: Allocation Rate                                 741 / 788             741 / 788             741 / 788             741 / 788         MB/s
[2024-07-21T21:23:41.055+0800][10.074s][gc,stats    ]      Memory: Out Of Memory                                     0 / 0                 0 / 0                 0 / 0                 0 / 0           ops/s
[2024-07-21T21:23:41.055+0800][10.074s][gc,stats    ]      Memory: Page Cache Flush                                  0 / 0                 0 / 0                 0 / 0                 0 / 0           MB/s
[2024-07-21T21:23:41.055+0800][10.074s][gc,stats    ]      Memory: Page Cache Hit L1                                36 / 47               36 / 47               36 / 47               36 / 47          ops/s
[2024-07-21T21:23:41.055+0800][10.074s][gc,stats    ]      Memory: Page Cache Hit L2                                 0 / 0                 0 / 0                 0 / 0                 0 / 0           ops/s
[2024-07-21T21:23:41.055+0800][10.074s][gc,stats    ]      Memory: Page Cache Hit L3                                 1 / 14                1 / 14                1 / 14                1 / 14          ops/s
[2024-07-21T21:23:41.055+0800][10.074s][gc,stats    ]      Memory: Page Cache Miss                                   0 / 1                 0 / 1                 0 / 1                 0 / 1           ops/s
[2024-07-21T21:23:41.055+0800][10.074s][gc,stats    ]      Memory: Uncommit                                          0 / 0                 0 / 0                 0 / 0                 0 / 0           MB/s
[2024-07-21T21:23:41.055+0800][10.074s][gc,stats    ]      Memory: Undo Object Allocation Failed                     0 / 0                 0 / 0                 0 / 0                 0 / 0           ops/s
[2024-07-21T21:23:41.055+0800][10.074s][gc,stats    ]      Memory: Undo Object Allocation Succeeded                  0 / 0                 0 / 0                 0 / 0                 0 / 0           ops/s
[2024-07-21T21:23:41.055+0800][10.074s][gc,stats    ]      Memory: Undo Page Allocation                              0 / 0                 0 / 0                 0 / 0                 0 / 0           ops/s
[2024-07-21T21:23:41.055+0800][10.074s][gc,stats    ]       Phase: Concurrent Mark                               7.496 / 15.779        7.496 / 15.779        7.496 / 15.779        7.496 / 15.779      ms
[2024-07-21T21:23:41.055+0800][10.074s][gc,stats    ]       Phase: Concurrent Mark Continue                      0.000 / 0.000         0.000 / 0.000         0.000 / 0.000         0.000 / 0.000       ms
[2024-07-21T21:23:41.055+0800][10.074s][gc,stats    ]       Phase: Concurrent Mark Free                          0.001 / 0.004         0.001 / 0.004         0.001 / 0.004         0.001 / 0.004       ms
[2024-07-21T21:23:41.055+0800][10.074s][gc,stats    ]       Phase: Concurrent Process Non-Strong References      0.987 / 1.536         0.987 / 1.536         0.987 / 1.536         0.987 / 1.536       ms
[2024-07-21T21:23:41.055+0800][10.074s][gc,stats    ]       Phase: Concurrent Relocate                           1.246 / 8.649         1.246 / 8.649         1.246 / 8.649         1.246 / 8.649       ms
[2024-07-21T21:23:41.055+0800][10.074s][gc,stats    ]       Phase: Concurrent Reset Relocation Set               0.001 / 0.005         0.001 / 0.005         0.001 / 0.005         0.001 / 0.005       ms
[2024-07-21T21:23:41.055+0800][10.074s][gc,stats    ]       Phase: Concurrent Select Relocation Set              2.322 / 9.682         2.322 / 9.682         2.322 / 9.682         2.322 / 9.682       ms
[2024-07-21T21:23:41.055+0800][10.074s][gc,stats    ]       Phase: Pause Mark End                                0.015 / 0.064         0.015 / 0.064         0.015 / 0.064         0.015 / 0.064       ms
[2024-07-21T21:23:41.055+0800][10.074s][gc,stats    ]       Phase: Pause Mark Start                              0.012 / 0.043         0.012 / 0.043         0.012 / 0.043         0.012 / 0.043       ms
[2024-07-21T21:23:41.055+0800][10.074s][gc,stats    ]       Phase: Pause Relocate Start                          0.008 / 0.037         0.008 / 0.037         0.008 / 0.037         0.008 / 0.037       ms
[2024-07-21T21:23:41.055+0800][10.074s][gc,stats    ]    Subphase: Concurrent Classes Purge                      0.097 / 0.293         0.097 / 0.293         0.097 / 0.293         0.097 / 0.293       ms
[2024-07-21T21:23:41.055+0800][10.074s][gc,stats    ]    Subphase: Concurrent Classes Unlink                     0.448 / 0.772         0.448 / 0.772         0.448 / 0.772         0.448 / 0.772       ms
[2024-07-21T21:23:41.055+0800][10.074s][gc,stats    ]    Subphase: Concurrent Mark                               5.844 / 15.428        5.844 / 15.428        5.844 / 15.428        5.844 / 15.428      ms
[2024-07-21T21:23:41.055+0800][10.074s][gc,stats    ]    Subphase: Concurrent Mark Try Flush                     0.102 / 0.195         0.102 / 0.195         0.102 / 0.195         0.102 / 0.195       ms
[2024-07-21T21:23:41.055+0800][10.074s][gc,stats    ]    Subphase: Concurrent Mark Try Terminate                 1.666 / 13.587        1.666 / 13.587        1.666 / 13.587        1.666 / 13.587      ms
[2024-07-21T21:23:41.055+0800][10.074s][gc,stats    ]    Subphase: Concurrent References Enqueue                 0.000 / 0.006         0.000 / 0.006         0.000 / 0.006         0.000 / 0.006       ms
[2024-07-21T21:23:41.055+0800][10.074s][gc,stats    ]    Subphase: Concurrent References Process                 0.102 / 0.170         0.102 / 0.170         0.102 / 0.170         0.102 / 0.170       ms
[2024-07-21T21:23:41.055+0800][10.074s][gc,stats    ]    Subphase: Concurrent Roots ClassLoaderDataGraph         0.069 / 0.743         0.069 / 0.743         0.069 / 0.743         0.069 / 0.743       ms
[2024-07-21T21:23:41.055+0800][10.074s][gc,stats    ]    Subphase: Concurrent Roots CodeCache                    0.000 / 0.000         0.000 / 0.000         0.000 / 0.000         0.000 / 0.000       ms
[2024-07-21T21:23:41.055+0800][10.074s][gc,stats    ]    Subphase: Concurrent Roots JavaThreads                  0.325 / 0.974         0.325 / 0.974         0.325 / 0.974         0.325 / 0.974       ms
[2024-07-21T21:23:41.055+0800][10.074s][gc,stats    ]    Subphase: Concurrent Roots OopStorageSet                0.015 / 0.177         0.015 / 0.177         0.015 / 0.177         0.015 / 0.177       ms
[2024-07-21T21:23:41.055+0800][10.074s][gc,stats    ]    Subphase: Concurrent Weak Roots OopStorageSet           0.140 / 0.332         0.140 / 0.332         0.140 / 0.332         0.140 / 0.332       ms
[2024-07-21T21:23:41.055+0800][10.074s][gc,stats    ]    Subphase: Pause Mark Try Complete                       0.000 / 0.000         0.000 / 0.000         0.000 / 0.000         0.000 / 0.000       ms
[2024-07-21T21:23:41.055+0800][10.075s][gc,stats    ]      System: Java Threads                                     13 / 14               13 / 14               13 / 14               13 / 14          threads
[2024-07-21T21:23:41.055+0800][10.075s][gc,stats    ] =========================================================================================================================================================
[2024-07-21T21:23:41.058+0800][10.077s][gc,phases   ] GC(69) Concurrent Mark 3.502ms
[2024-07-21T21:23:41.058+0800][10.077s][gc,phases   ] GC(69) Pause Mark End 0.008ms
[2024-07-21T21:23:41.058+0800][10.077s][gc,phases   ] GC(69) Concurrent Mark Free 0.001ms
[2024-07-21T21:23:41.059+0800][10.079s][gc,phases   ] GC(69) Concurrent Process Non-Strong References 1.054ms
[2024-07-21T21:23:41.059+0800][10.079s][gc,phases   ] GC(69) Concurrent Reset Relocation Set 0.001ms
[2024-07-21T21:23:41.061+0800][10.080s][gc,phases   ] GC(69) Concurrent Select Relocation Set 1.598ms
[2024-07-21T21:23:41.061+0800][10.080s][gc,phases   ] GC(69) Pause Relocate Start 0.005ms
[2024-07-21T21:23:41.062+0800][10.081s][gc,phases   ] GC(69) Concurrent Relocate 0.786ms
[2024-07-21T21:23:41.062+0800][10.081s][gc,load     ] GC(69) Load: 0.00/0.00/0.00
[2024-07-21T21:23:41.062+0800][10.081s][gc,mmu      ] GC(69) MMU: 2ms/96.8%, 5ms/98.5%, 10ms/99.3%, 20ms/99.6%, 50ms/99.8%, 100ms/99.9%
[2024-07-21T21:23:41.062+0800][10.081s][gc,marking  ] GC(69) Mark: 1 stripe(s), 2 proactive flush(es), 1 terminate flush(es), 0 completion(s), 0 continuation(s) 
[2024-07-21T21:23:41.062+0800][10.081s][gc,marking  ] GC(69) Mark Stack Usage: 32M
[2024-07-21T21:23:41.062+0800][10.081s][gc,nmethod  ] GC(69) NMethods: 462 registered, 0 unregistered
[2024-07-21T21:23:41.062+0800][10.081s][gc,metaspace] GC(69) Metaspace: 1M used, 1M committed, 1032M reserved
[2024-07-21T21:23:41.062+0800][10.081s][gc,ref      ] GC(69) Soft: 93 encountered, 0 discovered, 0 enqueued
[2024-07-21T21:23:41.062+0800][10.081s][gc,ref      ] GC(69) Weak: 131 encountered, 107 discovered, 0 enqueued
[2024-07-21T21:23:41.062+0800][10.081s][gc,ref      ] GC(69) Final: 0 encountered, 0 discovered, 0 enqueued
[2024-07-21T21:23:41.062+0800][10.081s][gc,ref      ] GC(69) Phantom: 184 encountered, 98 discovered, 0 enqueued
[2024-07-21T21:23:41.062+0800][10.081s][gc,reloc    ] GC(69) Small Pages: 4 / 8M, Empty: 2M, Relocated: 0M, In-Place: 0
[2024-07-21T21:23:41.062+0800][10.081s][gc,reloc    ] GC(69) Medium Pages: 6 / 192M, Empty: 128M, Relocated: 5M, In-Place: 0
[2024-07-21T21:23:41.062+0800][10.081s][gc,reloc    ] GC(69) Large Pages: 0 / 0M, Empty: 0M, Relocated: 0M, In-Place: 0
[2024-07-21T21:23:41.062+0800][10.081s][gc,reloc    ] GC(69) Forwarding Usage: 0M
[2024-07-21T21:23:41.062+0800][10.081s][gc,heap     ] GC(69) Min Capacity: 8M(0%)
[2024-07-21T21:23:41.062+0800][10.082s][gc,heap     ] GC(69) Max Capacity: 2048M(100%)
[2024-07-21T21:23:41.062+0800][10.082s][gc,heap     ] GC(69) Soft Max Capacity: 256M(12%)
[2024-07-21T21:23:41.062+0800][10.082s][gc,heap     ] GC(69)                Mark Start          Mark End        Relocate Start      Relocate End           High               Low         
[2024-07-21T21:23:41.062+0800][10.082s][gc,heap     ] GC(69)  Capacity:      256M (12%)         256M (12%)         256M (12%)         256M (12%)         256M (12%)         256M (12%)    
[2024-07-21T21:23:41.062+0800][10.082s][gc,heap     ] GC(69)      Free:     1848M (90%)        1814M (89%)        1944M (95%)        1976M (96%)        1976M (96%)        1814M (89%)    
[2024-07-21T21:23:41.062+0800][10.082s][gc,heap     ] GC(69)      Used:      200M (10%)         234M (11%)         104M (5%)           72M (4%)          234M (11%)          72M (4%)     
[2024-07-21T21:23:41.062+0800][10.082s][gc,heap     ] GC(69)      Live:         -                 9M (0%)            9M (0%)            9M (0%)             -                  -          
[2024-07-21T21:23:41.062+0800][10.082s][gc,heap     ] GC(69) Allocated:         -                34M (2%)           34M (2%)           34M (2%)             -                  -          
[2024-07-21T21:23:41.062+0800][10.082s][gc,heap     ] GC(69)   Garbage:         -               190M (9%)           60M (3%)           28M (1%)             -                  -          
[2024-07-21T21:23:41.062+0800][10.082s][gc,heap     ] GC(69) Reclaimed:         -                  -               130M (6%)          162M (8%)             -                  -          
[2024-07-21T21:23:41.062+0800][10.082s][gc          ] GC(69) Garbage Collection (Allocation Rate) 200M(10%)->72M(4%)
[2024-07-21T21:23:41.243+0800][10.262s][gc,start    ] GC(70) Garbage Collection (Allocation Rate)
[2024-07-21T21:23:41.243+0800][10.262s][gc,task     ] GC(70) Using 1 workers
[2024-07-21T21:23:41.243+0800][10.262s][gc,phases   ] GC(70) Pause Mark Start 0.009ms
[2024-07-21T21:23:41.247+0800][10.266s][gc,phases   ] GC(70) Concurrent Mark 3.605ms
[2024-07-21T21:23:41.247+0800][10.266s][gc,phases   ] GC(70) Pause Mark End 0.016ms
[2024-07-21T21:23:41.247+0800][10.266s][gc,phases   ] GC(70) Concurrent Mark Free 0.001ms
[2024-07-21T21:23:41.248+0800][10.268s][gc,phases   ] GC(70) Concurrent Process Non-Strong References 1.255ms
[2024-07-21T21:23:41.248+0800][10.268s][gc,phases   ] GC(70) Concurrent Reset Relocation Set 0.001ms
[2024-07-21T21:23:41.250+0800][10.269s][gc,phases   ] GC(70) Concurrent Select Relocation Set 1.652ms
[2024-07-21T21:23:41.250+0800][10.269s][gc,phases   ] GC(70) Pause Relocate Start 0.005ms
[2024-07-21T21:23:41.251+0800][10.270s][gc,phases   ] GC(70) Concurrent Relocate 0.515ms
[2024-07-21T21:23:41.251+0800][10.270s][gc,load     ] GC(70) Load: 0.00/0.00/0.00
[2024-07-21T21:23:41.251+0800][10.270s][gc,mmu      ] GC(70) MMU: 2ms/96.8%, 5ms/98.5%, 10ms/99.3%, 20ms/99.6%, 50ms/99.8%, 100ms/99.9%
[2024-07-21T21:23:41.251+0800][10.270s][gc,marking  ] GC(70) Mark: 1 stripe(s), 2 proactive flush(es), 1 terminate flush(es), 0 completion(s), 0 continuation(s) 
[2024-07-21T21:23:41.251+0800][10.270s][gc,marking  ] GC(70) Mark Stack Usage: 32M
[2024-07-21T21:23:41.251+0800][10.270s][gc,nmethod  ] GC(70) NMethods: 462 registered, 0 unregistered
[2024-07-21T21:23:41.251+0800][10.270s][gc,metaspace] GC(70) Metaspace: 1M used, 1M committed, 1032M reserved
[2024-07-21T21:23:41.251+0800][10.270s][gc,ref      ] GC(70) Soft: 93 encountered, 0 discovered, 0 enqueued
[2024-07-21T21:23:41.251+0800][10.270s][gc,ref      ] GC(70) Weak: 131 encountered, 107 discovered, 0 enqueued
[2024-07-21T21:23:41.251+0800][10.270s][gc,ref      ] GC(70) Final: 0 encountered, 0 discovered, 0 enqueued
[2024-07-21T21:23:41.251+0800][10.270s][gc,ref      ] GC(70) Phantom: 184 encountered, 98 discovered, 0 enqueued
[2024-07-21T21:23:41.251+0800][10.270s][gc,reloc    ] GC(70) Small Pages: 4 / 8M, Empty: 2M, Relocated: 0M, In-Place: 0
[2024-07-21T21:23:41.251+0800][10.270s][gc,reloc    ] GC(70) Medium Pages: 5 / 160M, Empty: 96M, Relocated: 3M, In-Place: 0
[2024-07-21T21:23:41.251+0800][10.270s][gc,reloc    ] GC(70) Large Pages: 0 / 0M, Empty: 0M, Relocated: 0M, In-Place: 0
[2024-07-21T21:23:41.251+0800][10.270s][gc,reloc    ] GC(70) Forwarding Usage: 0M
[2024-07-21T21:23:41.251+0800][10.270s][gc,heap     ] GC(70) Min Capacity: 8M(0%)
[2024-07-21T21:23:41.251+0800][10.270s][gc,heap     ] GC(70) Max Capacity: 2048M(100%)
[2024-07-21T21:23:41.251+0800][10.270s][gc,heap     ] GC(70) Soft Max Capacity: 256M(12%)
[2024-07-21T21:23:41.251+0800][10.270s][gc,heap     ] GC(70)                Mark Start          Mark End        Relocate Start      Relocate End           High               Low         
[2024-07-21T21:23:41.251+0800][10.270s][gc,heap     ] GC(70)  Capacity:      256M (12%)         256M (12%)         256M (12%)         256M (12%)         256M (12%)         256M (12%)    
[2024-07-21T21:23:41.251+0800][10.270s][gc,heap     ] GC(70)      Free:     1880M (92%)        1846M (90%)        1944M (95%)        1976M (96%)        1976M (96%)        1846M (90%)    
[2024-07-21T21:23:41.251+0800][10.270s][gc,heap     ] GC(70)      Used:      168M (8%)          202M (10%)         104M (5%)           72M (4%)          202M (10%)          72M (4%)     
[2024-07-21T21:23:41.251+0800][10.270s][gc,heap     ] GC(70)      Live:         -                 7M (0%)            7M (0%)            7M (0%)             -                  -          
[2024-07-21T21:23:41.251+0800][10.270s][gc,heap     ] GC(70) Allocated:         -                34M (2%)           34M (2%)           34M (2%)             -                  -          
[2024-07-21T21:23:41.251+0800][10.270s][gc,heap     ] GC(70)   Garbage:         -               160M (8%)           62M (3%)           30M (1%)             -                  -          
[2024-07-21T21:23:41.251+0800][10.270s][gc,heap     ] GC(70) Reclaimed:         -                  -                98M (5%)          130M (6%)             -                  -          
[2024-07-21T21:23:41.251+0800][10.270s][gc          ] GC(70) Garbage Collection (Allocation Rate) 168M(8%)->72M(4%)
[2024-07-21T21:23:41.354+0800][10.373s][gc,start    ] GC(71) Garbage Collection (Allocation Rate)
[2024-07-21T21:23:41.354+0800][10.373s][gc,task     ] GC(71) Using 1 workers
[2024-07-21T21:23:41.354+0800][10.373s][gc,phases   ] GC(71) Pause Mark Start 0.010ms
[2024-07-21T21:23:41.357+0800][10.377s][gc,phases   ] GC(71) Concurrent Mark 3.706ms
[2024-07-21T21:23:41.358+0800][10.378s][gc,phases   ] GC(71) Pause Mark End 0.008ms
[2024-07-21T21:23:41.358+0800][10.378s][gc,phases   ] GC(71) Concurrent Mark Free 0.001ms
[2024-07-21T21:23:41.359+0800][10.379s][gc,phases   ] GC(71) Concurrent Process Non-Strong References 1.110ms
[2024-07-21T21:23:41.359+0800][10.379s][gc,phases   ] GC(71) Concurrent Reset Relocation Set 0.001ms
[2024-07-21T21:23:41.361+0800][10.381s][gc,phases   ] GC(71) Concurrent Select Relocation Set 1.772ms
[2024-07-21T21:23:41.361+0800][10.381s][gc,phases   ] GC(71) Pause Relocate Start 0.004ms
[2024-07-21T21:23:41.361+0800][10.381s][gc,phases   ] GC(71) Concurrent Relocate 0.256ms
[2024-07-21T21:23:41.361+0800][10.381s][gc,load     ] GC(71) Load: 0.00/0.00/0.00
[2024-07-21T21:23:41.361+0800][10.381s][gc,mmu      ] GC(71) MMU: 2ms/96.8%, 5ms/98.5%, 10ms/99.3%, 20ms/99.6%, 50ms/99.8%, 100ms/99.9%
[2024-07-21T21:23:41.361+0800][10.381s][gc,marking  ] GC(71) Mark: 1 stripe(s), 2 proactive flush(es), 1 terminate flush(es), 0 completion(s), 0 continuation(s) 
[2024-07-21T21:23:41.361+0800][10.381s][gc,marking  ] GC(71) Mark Stack Usage: 32M
[2024-07-21T21:23:41.361+0800][10.381s][gc,nmethod  ] GC(71) NMethods: 463 registered, 0 unregistered
[2024-07-21T21:23:41.361+0800][10.381s][gc,metaspace] GC(71) Metaspace: 1M used, 1M committed, 1032M reserved
[2024-07-21T21:23:41.361+0800][10.381s][gc,ref      ] GC(71) Soft: 93 encountered, 0 discovered, 0 enqueued
[2024-07-21T21:23:41.362+0800][10.381s][gc,ref      ] GC(71) Weak: 131 encountered, 107 discovered, 0 enqueued
[2024-07-21T21:23:41.362+0800][10.381s][gc,ref      ] GC(71) Final: 0 encountered, 0 discovered, 0 enqueued
[2024-07-21T21:23:41.362+0800][10.381s][gc,ref      ] GC(71) Phantom: 184 encountered, 98 discovered, 0 enqueued
[2024-07-21T21:23:41.362+0800][10.381s][gc,reloc    ] GC(71) Small Pages: 4 / 8M, Empty: 2M, Relocated: 0M, In-Place: 0
[2024-07-21T21:23:41.362+0800][10.381s][gc,reloc    ] GC(71) Medium Pages: 4 / 128M, Empty: 64M, Relocated: 1M, In-Place: 0
[2024-07-21T21:23:41.362+0800][10.381s][gc,reloc    ] GC(71) Large Pages: 0 / 0M, Empty: 0M, Relocated: 0M, In-Place: 0
[2024-07-21T21:23:41.362+0800][10.381s][gc,reloc    ] GC(71) Forwarding Usage: 0M
[2024-07-21T21:23:41.362+0800][10.381s][gc,heap     ] GC(71) Min Capacity: 8M(0%)
[2024-07-21T21:23:41.362+0800][10.381s][gc,heap     ] GC(71) Max Capacity: 2048M(100%)
[2024-07-21T21:23:41.362+0800][10.381s][gc,heap     ] GC(71) Soft Max Capacity: 256M(12%)
[2024-07-21T21:23:41.362+0800][10.381s][gc,heap     ] GC(71)                Mark Start          Mark End        Relocate Start      Relocate End           High               Low         
[2024-07-21T21:23:41.362+0800][10.381s][gc,heap     ] GC(71)  Capacity:      256M (12%)         256M (12%)         256M (12%)         256M (12%)         256M (12%)         256M (12%)    
[2024-07-21T21:23:41.362+0800][10.382s][gc,heap     ] GC(71)      Free:     1912M (93%)        1878M (92%)        1944M (95%)        1976M (96%)        1976M (96%)        1878M (92%)    
[2024-07-21T21:23:41.362+0800][10.382s][gc,heap     ] GC(71)      Used:      136M (7%)          170M (8%)          104M (5%)           72M (4%)          170M (8%)           72M (4%)     
[2024-07-21T21:23:41.362+0800][10.382s][gc,heap     ] GC(71)      Live:         -                 5M (0%)            5M (0%)            5M (0%)             -                  -          
[2024-07-21T21:23:41.362+0800][10.382s][gc,heap     ] GC(71) Allocated:         -                34M (2%)           34M (2%)           34M (2%)             -                  -          
[2024-07-21T21:23:41.362+0800][10.382s][gc,heap     ] GC(71)   Garbage:         -               130M (6%)           64M (3%)           32M (2%)             -                  -          
[2024-07-21T21:23:41.362+0800][10.382s][gc,heap     ] GC(71) Reclaimed:         -                  -                66M (3%)           98M (5%)             -                  -          
[2024-07-21T21:23:41.362+0800][10.382s][gc          ] GC(71) Garbage Collection (Allocation Rate) 136M(7%)->72M(4%)
[2024-07-21T21:23:41.544+0800][10.563s][gc,start    ] GC(72) Garbage Collection (Allocation Rate)
[2024-07-21T21:23:41.544+0800][10.563s][gc,task     ] GC(72) Using 1 workers
[2024-07-21T21:23:41.544+0800][10.563s][gc,phases   ] GC(72) Pause Mark Start 0.008ms
[2024-07-21T21:23:41.547+0800][10.567s][gc,phases   ] GC(72) Concurrent Mark 3.530ms
[2024-07-21T21:23:41.548+0800][10.567s][gc,phases   ] GC(72) Pause Mark End 0.009ms
[2024-07-21T21:23:41.548+0800][10.567s][gc,phases   ] GC(72) Concurrent Mark Free 0.001ms
[2024-07-21T21:23:41.549+0800][10.568s][gc,phases   ] GC(72) Concurrent Process Non-Strong References 1.045ms
[2024-07-21T21:23:41.549+0800][10.568s][gc,phases   ] GC(72) Concurrent Reset Relocation Set 0.001ms
[2024-07-21T21:23:41.550+0800][10.570s][gc,phases   ] GC(72) Concurrent Select Relocation Set 1.518ms
[2024-07-21T21:23:41.551+0800][10.570s][gc,phases   ] GC(72) Pause Relocate Start 0.004ms
[2024-07-21T21:23:41.551+0800][10.570s][gc,phases   ] GC(72) Concurrent Relocate 0.245ms
[2024-07-21T21:23:41.551+0800][10.570s][gc,load     ] GC(72) Load: 0.00/0.00/0.00
[2024-07-21T21:23:41.551+0800][10.570s][gc,mmu      ] GC(72) MMU: 2ms/96.8%, 5ms/98.5%, 10ms/99.3%, 20ms/99.6%, 50ms/99.8%, 100ms/99.9%
[2024-07-21T21:23:41.551+0800][10.570s][gc,marking  ] GC(72) Mark: 1 stripe(s), 2 proactive flush(es), 1 terminate flush(es), 0 completion(s), 0 continuation(s) 
[2024-07-21T21:23:41.551+0800][10.570s][gc,marking  ] GC(72) Mark Stack Usage: 32M
[2024-07-21T21:23:41.551+0800][10.570s][gc,nmethod  ] GC(72) NMethods: 463 registered, 0 unregistered
[2024-07-21T21:23:41.551+0800][10.570s][gc,metaspace] GC(72) Metaspace: 1M used, 1M committed, 1032M reserved
[2024-07-21T21:23:41.551+0800][10.570s][gc,ref      ] GC(72) Soft: 93 encountered, 0 discovered, 0 enqueued
[2024-07-21T21:23:41.551+0800][10.570s][gc,ref      ] GC(72) Weak: 131 encountered, 107 discovered, 0 enqueued
[2024-07-21T21:23:41.551+0800][10.570s][gc,ref      ] GC(72) Final: 0 encountered, 0 discovered, 0 enqueued
[2024-07-21T21:23:41.551+0800][10.570s][gc,ref      ] GC(72) Phantom: 184 encountered, 98 discovered, 0 enqueued
[2024-07-21T21:23:41.551+0800][10.570s][gc,reloc    ] GC(72) Small Pages: 4 / 8M, Empty: 2M, Relocated: 0M, In-Place: 0
[2024-07-21T21:23:41.551+0800][10.570s][gc,reloc    ] GC(72) Medium Pages: 5 / 160M, Empty: 96M, Relocated: 1M, In-Place: 0
[2024-07-21T21:23:41.551+0800][10.570s][gc,reloc    ] GC(72) Large Pages: 0 / 0M, Empty: 0M, Relocated: 0M, In-Place: 0
[2024-07-21T21:23:41.551+0800][10.570s][gc,reloc    ] GC(72) Forwarding Usage: 0M
[2024-07-21T21:23:41.551+0800][10.570s][gc,heap     ] GC(72) Min Capacity: 8M(0%)
[2024-07-21T21:23:41.551+0800][10.570s][gc,heap     ] GC(72) Max Capacity: 2048M(100%)
[2024-07-21T21:23:41.551+0800][10.570s][gc,heap     ] GC(72) Soft Max Capacity: 256M(12%)
[2024-07-21T21:23:41.551+0800][10.570s][gc,heap     ] GC(72)                Mark Start          Mark End        Relocate Start      Relocate End           High               Low         
[2024-07-21T21:23:41.551+0800][10.570s][gc,heap     ] GC(72)  Capacity:      256M (12%)         256M (12%)         256M (12%)         256M (12%)         256M (12%)         256M (12%)    
[2024-07-21T21:23:41.551+0800][10.570s][gc,heap     ] GC(72)      Free:     1880M (92%)        1846M (90%)        1944M (95%)        1976M (96%)        1976M (96%)        1846M (90%)    
[2024-07-21T21:23:41.551+0800][10.570s][gc,heap     ] GC(72)      Used:      168M (8%)          202M (10%)         104M (5%)           72M (4%)          202M (10%)          72M (4%)     
[2024-07-21T21:23:41.551+0800][10.570s][gc,heap     ] GC(72)      Live:         -                 5M (0%)            5M (0%)            5M (0%)             -                  -          
[2024-07-21T21:23:41.551+0800][10.570s][gc,heap     ] GC(72) Allocated:         -                34M (2%)           34M (2%)           34M (2%)             -                  -          
[2024-07-21T21:23:41.551+0800][10.570s][gc,heap     ] GC(72)   Garbage:         -               162M (8%)           64M (3%)           32M (2%)             -                  -          
[2024-07-21T21:23:41.551+0800][10.570s][gc,heap     ] GC(72) Reclaimed:         -                  -                98M (5%)          130M (6%)             -                  -          
[2024-07-21T21:23:41.551+0800][10.570s][gc          ] GC(72) Garbage Collection (Allocation Rate) 168M(8%)->72M(4%)
[2024-07-21T21:23:41.654+0800][10.673s][gc,start    ] GC(73) Garbage Collection (Allocation Rate)
[2024-07-21T21:23:41.654+0800][10.673s][gc,task     ] GC(73) Using 1 workers
[2024-07-21T21:23:41.654+0800][10.673s][gc,phases   ] GC(73) Pause Mark Start 0.009ms
[2024-07-21T21:23:41.657+0800][10.677s][gc,phases   ] GC(73) Concurrent Mark 3.789ms
[2024-07-21T21:23:41.658+0800][10.678s][gc,phases   ] GC(73) Pause Mark End 0.023ms
[2024-07-21T21:23:41.658+0800][10.678s][gc,phases   ] GC(73) Concurrent Mark Free 0.001ms
[2024-07-21T21:23:41.659+0800][10.679s][gc,phases   ] GC(73) Concurrent Process Non-Strong References 1.080ms
[2024-07-21T21:23:41.659+0800][10.679s][gc,phases   ] GC(73) Concurrent Reset Relocation Set 0.001ms
[2024-07-21T21:23:41.661+0800][10.680s][gc,phases   ] GC(73) Concurrent Select Relocation Set 1.722ms
[2024-07-21T21:23:41.661+0800][10.681s][gc,phases   ] GC(73) Pause Relocate Start 0.005ms
[2024-07-21T21:23:41.661+0800][10.681s][gc,phases   ] GC(73) Concurrent Relocate 0.468ms
[2024-07-21T21:23:41.661+0800][10.681s][gc,load     ] GC(73) Load: 0.00/0.00/0.00
[2024-07-21T21:23:41.661+0800][10.681s][gc,mmu      ] GC(73) MMU: 2ms/96.8%, 5ms/98.5%, 10ms/99.3%, 20ms/99.6%, 50ms/99.8%, 100ms/99.9%
[2024-07-21T21:23:41.661+0800][10.681s][gc,marking  ] GC(73) Mark: 1 stripe(s), 2 proactive flush(es), 1 terminate flush(es), 0 completion(s), 0 continuation(s) 
[2024-07-21T21:23:41.661+0800][10.681s][gc,marking  ] GC(73) Mark Stack Usage: 32M
[2024-07-21T21:23:41.661+0800][10.681s][gc,nmethod  ] GC(73) NMethods: 466 registered, 0 unregistered
[2024-07-21T21:23:41.662+0800][10.681s][gc,metaspace] GC(73) Metaspace: 1M used, 1M committed, 1032M reserved
[2024-07-21T21:23:41.662+0800][10.681s][gc,ref      ] GC(73) Soft: 93 encountered, 0 discovered, 0 enqueued
[2024-07-21T21:23:41.662+0800][10.681s][gc,ref      ] GC(73) Weak: 131 encountered, 107 discovered, 0 enqueued
[2024-07-21T21:23:41.662+0800][10.681s][gc,ref      ] GC(73) Final: 0 encountered, 0 discovered, 0 enqueued
[2024-07-21T21:23:41.662+0800][10.681s][gc,ref      ] GC(73) Phantom: 184 encountered, 98 discovered, 0 enqueued
[2024-07-21T21:23:41.662+0800][10.681s][gc,reloc    ] GC(73) Small Pages: 4 / 8M, Empty: 2M, Relocated: 0M, In-Place: 0
[2024-07-21T21:23:41.662+0800][10.681s][gc,reloc    ] GC(73) Medium Pages: 4 / 128M, Empty: 64M, Relocated: 3M, In-Place: 0
[2024-07-21T21:23:41.662+0800][10.681s][gc,reloc    ] GC(73) Large Pages: 0 / 0M, Empty: 0M, Relocated: 0M, In-Place: 0
[2024-07-21T21:23:41.662+0800][10.682s][gc,reloc    ] GC(73) Forwarding Usage: 0M
[2024-07-21T21:23:41.662+0800][10.682s][gc,heap     ] GC(73) Min Capacity: 8M(0%)
[2024-07-21T21:23:41.662+0800][10.682s][gc,heap     ] GC(73) Max Capacity: 2048M(100%)
[2024-07-21T21:23:41.662+0800][10.682s][gc,heap     ] GC(73) Soft Max Capacity: 256M(12%)
[2024-07-21T21:23:41.662+0800][10.682s][gc,heap     ] GC(73)                Mark Start          Mark End        Relocate Start      Relocate End           High               Low         
[2024-07-21T21:23:41.662+0800][10.682s][gc,heap     ] GC(73)  Capacity:      256M (12%)         256M (12%)         256M (12%)         256M (12%)         256M (12%)         256M (12%)    
[2024-07-21T21:23:41.662+0800][10.682s][gc,heap     ] GC(73)      Free:     1912M (93%)        1878M (92%)        1944M (95%)        1976M (96%)        1976M (96%)        1878M (92%)    
[2024-07-21T21:23:41.662+0800][10.682s][gc,heap     ] GC(73)      Used:      136M (7%)          170M (8%)          104M (5%)           72M (4%)          170M (8%)           72M (4%)     
[2024-07-21T21:23:41.662+0800][10.682s][gc,heap     ] GC(73)      Live:         -                 7M (0%)            7M (0%)            7M (0%)             -                  -          
[2024-07-21T21:23:41.662+0800][10.682s][gc,heap     ] GC(73) Allocated:         -                34M (2%)           34M (2%)           34M (2%)             -                  -          
[2024-07-21T21:23:41.662+0800][10.682s][gc,heap     ] GC(73)   Garbage:         -               128M (6%)           62M (3%)           30M (1%)             -                  -          
[2024-07-21T21:23:41.662+0800][10.682s][gc,heap     ] GC(73) Reclaimed:         -                  -                66M (3%)           98M (5%)             -                  -          
[2024-07-21T21:23:41.662+0800][10.682s][gc          ] GC(73) Garbage Collection (Allocation Rate) 136M(7%)->72M(4%)
[2024-07-21T21:23:41.845+0800][10.864s][gc,start    ] GC(74) Garbage Collection (Allocation Rate)
[2024-07-21T21:23:41.845+0800][10.864s][gc,task     ] GC(74) Using 1 workers
[2024-07-21T21:23:41.845+0800][10.865s][gc,phases   ] GC(74) Pause Mark Start 0.010ms
[2024-07-21T21:23:41.849+0800][10.869s][gc,phases   ] GC(74) Concurrent Mark 4.025ms
[2024-07-21T21:23:41.849+0800][10.869s][gc,phases   ] GC(74) Pause Mark End 0.009ms
[2024-07-21T21:23:41.849+0800][10.869s][gc,phases   ] GC(74) Concurrent Mark Free 0.001ms
[2024-07-21T21:23:41.851+0800][10.870s][gc,phases   ] GC(74) Concurrent Process Non-Strong References 1.105ms
[2024-07-21T21:23:41.851+0800][10.870s][gc,phases   ] GC(74) Concurrent Reset Relocation Set 0.001ms
[2024-07-21T21:23:41.854+0800][10.874s][gc,phases   ] GC(74) Concurrent Select Relocation Set 3.855ms
[2024-07-21T21:23:41.855+0800][10.875s][gc,phases   ] GC(74) Pause Relocate Start 0.011ms
[2024-07-21T21:23:41.855+0800][10.875s][gc,phases   ] GC(74) Concurrent Relocate 0.559ms
[2024-07-21T21:23:41.855+0800][10.875s][gc,load     ] GC(74) Load: 0.00/0.00/0.00
[2024-07-21T21:23:41.855+0800][10.875s][gc,mmu      ] GC(74) MMU: 2ms/96.8%, 5ms/98.5%, 10ms/99.3%, 20ms/99.6%, 50ms/99.8%, 100ms/99.9%
[2024-07-21T21:23:41.855+0800][10.875s][gc,marking  ] GC(74) Mark: 1 stripe(s), 2 proactive flush(es), 1 terminate flush(es), 0 completion(s), 0 continuation(s) 
[2024-07-21T21:23:41.855+0800][10.875s][gc,marking  ] GC(74) Mark Stack Usage: 32M
[2024-07-21T21:23:41.855+0800][10.875s][gc,nmethod  ] GC(74) NMethods: 467 registered, 0 unregistered
[2024-07-21T21:23:41.855+0800][10.875s][gc,metaspace] GC(74) Metaspace: 1M used, 1M committed, 1032M reserved
[2024-07-21T21:23:41.855+0800][10.875s][gc,ref      ] GC(74) Soft: 93 encountered, 0 discovered, 0 enqueued
[2024-07-21T21:23:41.855+0800][10.875s][gc,ref      ] GC(74) Weak: 131 encountered, 107 discovered, 0 enqueued
[2024-07-21T21:23:41.855+0800][10.875s][gc,ref      ] GC(74) Final: 0 encountered, 0 discovered, 0 enqueued
[2024-07-21T21:23:41.856+0800][10.875s][gc,ref      ] GC(74) Phantom: 184 encountered, 98 discovered, 0 enqueued
[2024-07-21T21:23:41.856+0800][10.875s][gc,reloc    ] GC(74) Small Pages: 4 / 8M, Empty: 2M, Relocated: 0M, In-Place: 0
[2024-07-21T21:23:41.856+0800][10.875s][gc,reloc    ] GC(74) Medium Pages: 5 / 160M, Empty: 96M, Relocated: 3M, In-Place: 0
[2024-07-21T21:23:41.856+0800][10.875s][gc,reloc    ] GC(74) Large Pages: 0 / 0M, Empty: 0M, Relocated: 0M, In-Place: 0
[2024-07-21T21:23:41.856+0800][10.875s][gc,reloc    ] GC(74) Forwarding Usage: 0M
[2024-07-21T21:23:41.856+0800][10.875s][gc,heap     ] GC(74) Min Capacity: 8M(0%)
[2024-07-21T21:23:41.856+0800][10.876s][gc,heap     ] GC(74) Max Capacity: 2048M(100%)
[2024-07-21T21:23:41.856+0800][10.876s][gc,heap     ] GC(74) Soft Max Capacity: 256M(12%)
[2024-07-21T21:23:41.856+0800][10.876s][gc,heap     ] GC(74)                Mark Start          Mark End        Relocate Start      Relocate End           High               Low         
[2024-07-21T21:23:41.856+0800][10.876s][gc,heap     ] GC(74)  Capacity:      256M (12%)         256M (12%)         256M (12%)         256M (12%)         256M (12%)         256M (12%)    
[2024-07-21T21:23:41.856+0800][10.876s][gc,heap     ] GC(74)      Free:     1880M (92%)        1846M (90%)        1944M (95%)        1976M (96%)        1976M (96%)        1846M (90%)    
[2024-07-21T21:23:41.856+0800][10.876s][gc,heap     ] GC(74)      Used:      168M (8%)          202M (10%)         104M (5%)           72M (4%)          202M (10%)          72M (4%)     
[2024-07-21T21:23:41.856+0800][10.876s][gc,heap     ] GC(74)      Live:         -                 7M (0%)            7M (0%)            7M (0%)             -                  -          
[2024-07-21T21:23:41.856+0800][10.876s][gc,heap     ] GC(74) Allocated:         -                34M (2%)           34M (2%)           34M (2%)             -                  -          
[2024-07-21T21:23:41.856+0800][10.876s][gc,heap     ] GC(74)   Garbage:         -               160M (8%)           62M (3%)           30M (1%)             -                  -          
[2024-07-21T21:23:41.856+0800][10.876s][gc,heap     ] GC(74) Reclaimed:         -                  -                98M (5%)          130M (6%)             -                  -          
[2024-07-21T21:23:41.856+0800][10.876s][gc          ] GC(74) Garbage Collection (Allocation Rate) 168M(8%)->72M(4%)
[2024-07-21T21:23:41.955+0800][10.974s][gc,start    ] GC(75) Garbage Collection (Allocation Rate)
[2024-07-21T21:23:41.955+0800][10.974s][gc,task     ] GC(75) Using 1 workers
[2024-07-21T21:23:41.955+0800][10.974s][gc,phases   ] GC(75) Pause Mark Start 0.007ms
[2024-07-21T21:23:41.958+0800][10.978s][gc,phases   ] GC(75) Concurrent Mark 3.880ms
[2024-07-21T21:23:41.959+0800][10.978s][gc,phases   ] GC(75) Pause Mark End 0.009ms
[2024-07-21T21:23:41.959+0800][10.978s][gc,phases   ] GC(75) Concurrent Mark Free 0.001ms
[2024-07-21T21:23:41.960+0800][10.980s][gc,phases   ] GC(75) Concurrent Process Non-Strong References 1.158ms
[2024-07-21T21:23:41.960+0800][10.980s][gc,phases   ] GC(75) Concurrent Reset Relocation Set 0.003ms
[2024-07-21T21:23:41.962+0800][10.981s][gc,phases   ] GC(75) Concurrent Select Relocation Set 1.639ms
[2024-07-21T21:23:41.962+0800][10.982s][gc,phases   ] GC(75) Pause Relocate Start 0.006ms
[2024-07-21T21:23:41.962+0800][10.982s][gc,phases   ] GC(75) Concurrent Relocate 0.233ms
[2024-07-21T21:23:41.962+0800][10.982s][gc,load     ] GC(75) Load: 0.00/0.00/0.00
[2024-07-21T21:23:41.962+0800][10.982s][gc,mmu      ] GC(75) MMU: 2ms/96.8%, 5ms/98.5%, 10ms/99.3%, 20ms/99.6%, 50ms/99.8%, 100ms/99.9%
[2024-07-21T21:23:41.962+0800][10.982s][gc,marking  ] GC(75) Mark: 1 stripe(s), 2 proactive flush(es), 1 terminate flush(es), 0 completion(s), 0 continuation(s) 
[2024-07-21T21:23:41.962+0800][10.982s][gc,marking  ] GC(75) Mark Stack Usage: 32M
[2024-07-21T21:23:41.962+0800][10.982s][gc,nmethod  ] GC(75) NMethods: 467 registered, 0 unregistered
[2024-07-21T21:23:41.962+0800][10.982s][gc,metaspace] GC(75) Metaspace: 1M used, 1M committed, 1032M reserved
[2024-07-21T21:23:41.962+0800][10.982s][gc,ref      ] GC(75) Soft: 93 encountered, 0 discovered, 0 enqueued
[2024-07-21T21:23:41.962+0800][10.982s][gc,ref      ] GC(75) Weak: 131 encountered, 107 discovered, 0 enqueued
[2024-07-21T21:23:41.962+0800][10.982s][gc,ref      ] GC(75) Final: 0 encountered, 0 discovered, 0 enqueued
[2024-07-21T21:23:41.962+0800][10.982s][gc,ref      ] GC(75) Phantom: 184 encountered, 98 discovered, 0 enqueued
[2024-07-21T21:23:41.962+0800][10.982s][gc,reloc    ] GC(75) Small Pages: 4 / 8M, Empty: 2M, Relocated: 0M, In-Place: 0
[2024-07-21T21:23:41.962+0800][10.982s][gc,reloc    ] GC(75) Medium Pages: 4 / 128M, Empty: 64M, Relocated: 1M, In-Place: 0
[2024-07-21T21:23:41.962+0800][10.982s][gc,reloc    ] GC(75) Large Pages: 0 / 0M, Empty: 0M, Relocated: 0M, In-Place: 0
[2024-07-21T21:23:41.962+0800][10.982s][gc,reloc    ] GC(75) Forwarding Usage: 0M
[2024-07-21T21:23:41.962+0800][10.982s][gc,heap     ] GC(75) Min Capacity: 8M(0%)
[2024-07-21T21:23:41.962+0800][10.982s][gc,heap     ] GC(75) Max Capacity: 2048M(100%)
[2024-07-21T21:23:41.962+0800][10.982s][gc,heap     ] GC(75) Soft Max Capacity: 256M(12%)
[2024-07-21T21:23:41.962+0800][10.982s][gc,heap     ] GC(75)                Mark Start          Mark End        Relocate Start      Relocate End           High               Low         
[2024-07-21T21:23:41.962+0800][10.982s][gc,heap     ] GC(75)  Capacity:      256M (12%)         256M (12%)         256M (12%)         256M (12%)         256M (12%)         256M (12%)    
[2024-07-21T21:23:41.962+0800][10.982s][gc,heap     ] GC(75)      Free:     1912M (93%)        1878M (92%)        1944M (95%)        1976M (96%)        1976M (96%)        1878M (92%)    
[2024-07-21T21:23:41.962+0800][10.982s][gc,heap     ] GC(75)      Used:      136M (7%)          170M (8%)          104M (5%)           72M (4%)          170M (8%)           72M (4%)     
[2024-07-21T21:23:41.962+0800][10.982s][gc,heap     ] GC(75)      Live:         -                 5M (0%)            5M (0%)            5M (0%)             -                  -          
[2024-07-21T21:23:41.962+0800][10.982s][gc,heap     ] GC(75) Allocated:         -                34M (2%)           34M (2%)           34M (2%)             -                  -          
[2024-07-21T21:23:41.962+0800][10.982s][gc,heap     ] GC(75)   Garbage:         -               130M (6%)           64M (3%)           32M (2%)             -                  -          
[2024-07-21T21:23:41.962+0800][10.982s][gc,heap     ] GC(75) Reclaimed:         -                  -                66M (3%)           98M (5%)             -                  -          
[2024-07-21T21:23:41.962+0800][10.982s][gc          ] GC(75) Garbage Collection (Allocation Rate) 136M(7%)->72M(4%)
[2024-07-21T21:23:42.145+0800][11.165s][gc,start    ] GC(76) Garbage Collection (Allocation Rate)
[2024-07-21T21:23:42.146+0800][11.165s][gc,task     ] GC(76) Using 1 workers
[2024-07-21T21:23:42.146+0800][11.165s][gc,phases   ] GC(76) Pause Mark Start 0.008ms
[2024-07-21T21:23:42.149+0800][11.169s][gc,phases   ] GC(76) Concurrent Mark 3.672ms
[2024-07-21T21:23:42.150+0800][11.169s][gc,phases   ] GC(76) Pause Mark End 0.009ms
[2024-07-21T21:23:42.150+0800][11.169s][gc,phases   ] GC(76) Concurrent Mark Free 0.001ms
[2024-07-21T21:23:42.151+0800][11.170s][gc,phases   ] GC(76) Concurrent Process Non-Strong References 0.976ms
[2024-07-21T21:23:42.151+0800][11.170s][gc,phases   ] GC(76) Concurrent Reset Relocation Set 0.001ms
[2024-07-21T21:23:42.153+0800][11.172s][gc,phases   ] GC(76) Concurrent Select Relocation Set 1.857ms
[2024-07-21T21:23:42.153+0800][11.172s][gc,phases   ] GC(76) Pause Relocate Start 0.004ms
[2024-07-21T21:23:42.153+0800][11.173s][gc,phases   ] GC(76) Concurrent Relocate 0.262ms
[2024-07-21T21:23:42.153+0800][11.173s][gc,load     ] GC(76) Load: 0.00/0.00/0.00
[2024-07-21T21:23:42.153+0800][11.173s][gc,mmu      ] GC(76) MMU: 2ms/96.8%, 5ms/98.5%, 10ms/99.3%, 20ms/99.6%, 50ms/99.8%, 100ms/99.9%
[2024-07-21T21:23:42.153+0800][11.173s][gc,marking  ] GC(76) Mark: 1 stripe(s), 2 proactive flush(es), 1 terminate flush(es), 0 completion(s), 0 continuation(s) 
[2024-07-21T21:23:42.153+0800][11.173s][gc,marking  ] GC(76) Mark Stack Usage: 32M
[2024-07-21T21:23:42.153+0800][11.173s][gc,nmethod  ] GC(76) NMethods: 467 registered, 0 unregistered
[2024-07-21T21:23:42.153+0800][11.173s][gc,metaspace] GC(76) Metaspace: 1M used, 1M committed, 1032M reserved
[2024-07-21T21:23:42.153+0800][11.173s][gc,ref      ] GC(76) Soft: 93 encountered, 0 discovered, 0 enqueued
[2024-07-21T21:23:42.153+0800][11.173s][gc,ref      ] GC(76) Weak: 131 encountered, 107 discovered, 0 enqueued
[2024-07-21T21:23:42.153+0800][11.173s][gc,ref      ] GC(76) Final: 0 encountered, 0 discovered, 0 enqueued
[2024-07-21T21:23:42.153+0800][11.173s][gc,ref      ] GC(76) Phantom: 184 encountered, 98 discovered, 0 enqueued
[2024-07-21T21:23:42.153+0800][11.173s][gc,reloc    ] GC(76) Small Pages: 4 / 8M, Empty: 2M, Relocated: 0M, In-Place: 0
[2024-07-21T21:23:42.153+0800][11.173s][gc,reloc    ] GC(76) Medium Pages: 5 / 160M, Empty: 96M, Relocated: 1M, In-Place: 0
[2024-07-21T21:23:42.153+0800][11.173s][gc,reloc    ] GC(76) Large Pages: 0 / 0M, Empty: 0M, Relocated: 0M, In-Place: 0
[2024-07-21T21:23:42.153+0800][11.173s][gc,reloc    ] GC(76) Forwarding Usage: 0M
[2024-07-21T21:23:42.153+0800][11.173s][gc,heap     ] GC(76) Min Capacity: 8M(0%)
[2024-07-21T21:23:42.153+0800][11.173s][gc,heap     ] GC(76) Max Capacity: 2048M(100%)
[2024-07-21T21:23:42.153+0800][11.173s][gc,heap     ] GC(76) Soft Max Capacity: 256M(12%)
[2024-07-21T21:23:42.153+0800][11.173s][gc,heap     ] GC(76)                Mark Start          Mark End        Relocate Start      Relocate End           High               Low         
[2024-07-21T21:23:42.153+0800][11.173s][gc,heap     ] GC(76)  Capacity:      256M (12%)         256M (12%)         256M (12%)         256M (12%)         256M (12%)         256M (12%)    
[2024-07-21T21:23:42.153+0800][11.173s][gc,heap     ] GC(76)      Free:     1880M (92%)        1846M (90%)        1944M (95%)        1976M (96%)        1976M (96%)        1846M (90%)    
[2024-07-21T21:23:42.153+0800][11.173s][gc,heap     ] GC(76)      Used:      168M (8%)          202M (10%)         104M (5%)           72M (4%)          202M (10%)          72M (4%)     
[2024-07-21T21:23:42.153+0800][11.173s][gc,heap     ] GC(76)      Live:         -                 5M (0%)            5M (0%)            5M (0%)             -                  -          
[2024-07-21T21:23:42.153+0800][11.173s][gc,heap     ] GC(76) Allocated:         -                34M (2%)           34M (2%)           34M (2%)             -                  -          
[2024-07-21T21:23:42.153+0800][11.173s][gc,heap     ] GC(76)   Garbage:         -               162M (8%)           64M (3%)           32M (2%)             -                  -          
[2024-07-21T21:23:42.153+0800][11.173s][gc,heap     ] GC(76) Reclaimed:         -                  -                98M (5%)          130M (6%)             -                  -          
[2024-07-21T21:23:42.153+0800][11.173s][gc          ] GC(76) Garbage Collection (Allocation Rate) 168M(8%)->72M(4%)
[2024-07-21T21:23:42.255+0800][11.274s][gc,start    ] GC(77) Garbage Collection (Allocation Rate)
[2024-07-21T21:23:42.255+0800][11.274s][gc,task     ] GC(77) Using 1 workers
[2024-07-21T21:23:42.255+0800][11.275s][gc,phases   ] GC(77) Pause Mark Start 0.007ms
[2024-07-21T21:23:42.259+0800][11.279s][gc,phases   ] GC(77) Concurrent Mark 4.080ms
[2024-07-21T21:23:42.259+0800][11.279s][gc,phases   ] GC(77) Pause Mark End 0.016ms
[2024-07-21T21:23:42.260+0800][11.279s][gc,phases   ] GC(77) Concurrent Mark Free 0.001ms
[2024-07-21T21:23:42.261+0800][11.280s][gc,phases   ] GC(77) Concurrent Process Non-Strong References 1.064ms
[2024-07-21T21:23:42.261+0800][11.280s][gc,phases   ] GC(77) Concurrent Reset Relocation Set 0.001ms
[2024-07-21T21:23:42.263+0800][11.282s][gc,phases   ] GC(77) Concurrent Select Relocation Set 1.905ms
[2024-07-21T21:23:42.263+0800][11.282s][gc,phases   ] GC(77) Pause Relocate Start 0.007ms
[2024-07-21T21:23:42.264+0800][11.283s][gc,phases   ] GC(77) Concurrent Relocate 0.726ms
[2024-07-21T21:23:42.264+0800][11.283s][gc,load     ] GC(77) Load: 0.00/0.00/0.00
[2024-07-21T21:23:42.264+0800][11.283s][gc,mmu      ] GC(77) MMU: 2ms/96.8%, 5ms/98.5%, 10ms/99.3%, 20ms/99.6%, 50ms/99.8%, 100ms/99.9%
[2024-07-21T21:23:42.264+0800][11.283s][gc,marking  ] GC(77) Mark: 1 stripe(s), 2 proactive flush(es), 1 terminate flush(es), 0 completion(s), 0 continuation(s) 
[2024-07-21T21:23:42.264+0800][11.283s][gc,marking  ] GC(77) Mark Stack Usage: 32M
[2024-07-21T21:23:42.264+0800][11.283s][gc,nmethod  ] GC(77) NMethods: 467 registered, 0 unregistered
[2024-07-21T21:23:42.264+0800][11.283s][gc,metaspace] GC(77) Metaspace: 1M used, 1M committed, 1032M reserved
[2024-07-21T21:23:42.264+0800][11.283s][gc,ref      ] GC(77) Soft: 93 encountered, 0 discovered, 0 enqueued
[2024-07-21T21:23:42.264+0800][11.283s][gc,ref      ] GC(77) Weak: 131 encountered, 107 discovered, 0 enqueued
[2024-07-21T21:23:42.264+0800][11.283s][gc,ref      ] GC(77) Final: 0 encountered, 0 discovered, 0 enqueued
[2024-07-21T21:23:42.264+0800][11.283s][gc,ref      ] GC(77) Phantom: 184 encountered, 98 discovered, 0 enqueued
[2024-07-21T21:23:42.264+0800][11.283s][gc,reloc    ] GC(77) Small Pages: 4 / 8M, Empty: 2M, Relocated: 0M, In-Place: 0
[2024-07-21T21:23:42.264+0800][11.283s][gc,reloc    ] GC(77) Medium Pages: 4 / 128M, Empty: 64M, Relocated: 3M, In-Place: 0
[2024-07-21T21:23:42.264+0800][11.283s][gc,reloc    ] GC(77) Large Pages: 0 / 0M, Empty: 0M, Relocated: 0M, In-Place: 0
[2024-07-21T21:23:42.264+0800][11.283s][gc,reloc    ] GC(77) Forwarding Usage: 0M
[2024-07-21T21:23:42.264+0800][11.283s][gc,heap     ] GC(77) Min Capacity: 8M(0%)
[2024-07-21T21:23:42.264+0800][11.283s][gc,heap     ] GC(77) Max Capacity: 2048M(100%)
[2024-07-21T21:23:42.264+0800][11.283s][gc,heap     ] GC(77) Soft Max Capacity: 256M(12%)
[2024-07-21T21:23:42.264+0800][11.283s][gc,heap     ] GC(77)                Mark Start          Mark End        Relocate Start      Relocate End           High               Low         
[2024-07-21T21:23:42.264+0800][11.283s][gc,heap     ] GC(77)  Capacity:      256M (12%)         256M (12%)         256M (12%)         256M (12%)         256M (12%)         256M (12%)    
[2024-07-21T21:23:42.264+0800][11.284s][gc,heap     ] GC(77)      Free:     1912M (93%)        1878M (92%)        1944M (95%)        1976M (96%)        1976M (96%)        1878M (92%)    
[2024-07-21T21:23:42.264+0800][11.284s][gc,heap     ] GC(77)      Used:      136M (7%)          170M (8%)          104M (5%)           72M (4%)          170M (8%)           72M (4%)     
[2024-07-21T21:23:42.264+0800][11.284s][gc,heap     ] GC(77)      Live:         -                 7M (0%)            7M (0%)            7M (0%)             -                  -          
[2024-07-21T21:23:42.264+0800][11.284s][gc,heap     ] GC(77) Allocated:         -                34M (2%)           34M (2%)           34M (2%)             -                  -          
[2024-07-21T21:23:42.264+0800][11.284s][gc,heap     ] GC(77)   Garbage:         -               128M (6%)           62M (3%)           30M (1%)             -                  -          
[2024-07-21T21:23:42.264+0800][11.284s][gc,heap     ] GC(77) Reclaimed:         -                  -                66M (3%)           98M (5%)             -                  -          
[2024-07-21T21:23:42.264+0800][11.284s][gc          ] GC(77) Garbage Collection (Allocation Rate) 136M(7%)->72M(4%)
[2024-07-21T21:23:42.443+0800][11.462s][gc,start    ] GC(78) Garbage Collection (Allocation Rate)
[2024-07-21T21:23:42.443+0800][11.462s][gc,task     ] GC(78) Using 1 workers
[2024-07-21T21:23:42.443+0800][11.462s][gc,phases   ] GC(78) Pause Mark Start 0.011ms
[2024-07-21T21:23:42.447+0800][11.467s][gc,phases   ] GC(78) Concurrent Mark 3.915ms
[2024-07-21T21:23:42.447+0800][11.467s][gc,phases   ] GC(78) Pause Mark End 0.009ms
[2024-07-21T21:23:42.447+0800][11.467s][gc,phases   ] GC(78) Concurrent Mark Free 0.001ms
[2024-07-21T21:23:42.448+0800][11.468s][gc,phases   ] GC(78) Concurrent Process Non-Strong References 1.228ms
[2024-07-21T21:23:42.448+0800][11.468s][gc,phases   ] GC(78) Concurrent Reset Relocation Set 0.001ms
[2024-07-21T21:23:42.450+0800][11.470s][gc,phases   ] GC(78) Concurrent Select Relocation Set 1.926ms
[2024-07-21T21:23:42.450+0800][11.470s][gc,phases   ] GC(78) Pause Relocate Start 0.014ms
[2024-07-21T21:23:42.451+0800][11.471s][gc,phases   ] GC(78) Concurrent Relocate 0.864ms
[2024-07-21T21:23:42.451+0800][11.471s][gc,load     ] GC(78) Load: 0.00/0.00/0.00
[2024-07-21T21:23:42.451+0800][11.472s][gc,mmu      ] GC(78) MMU: 2ms/96.8%, 5ms/98.5%, 10ms/99.3%, 20ms/99.6%, 50ms/99.8%, 100ms/99.9%
[2024-07-21T21:23:42.452+0800][11.472s][gc,marking  ] GC(78) Mark: 1 stripe(s), 2 proactive flush(es), 1 terminate flush(es), 0 completion(s), 0 continuation(s) 
[2024-07-21T21:23:42.452+0800][11.472s][gc,marking  ] GC(78) Mark Stack Usage: 32M
[2024-07-21T21:23:42.452+0800][11.472s][gc,nmethod  ] GC(78) NMethods: 467 registered, 0 unregistered
[2024-07-21T21:23:42.452+0800][11.472s][gc,metaspace] GC(78) Metaspace: 1M used, 1M committed, 1032M reserved
[2024-07-21T21:23:42.452+0800][11.472s][gc,ref      ] GC(78) Soft: 93 encountered, 0 discovered, 0 enqueued
[2024-07-21T21:23:42.452+0800][11.472s][gc,ref      ] GC(78) Weak: 131 encountered, 107 discovered, 0 enqueued
[2024-07-21T21:23:42.452+0800][11.472s][gc,ref      ] GC(78) Final: 0 encountered, 0 discovered, 0 enqueued
[2024-07-21T21:23:42.452+0800][11.472s][gc,ref      ] GC(78) Phantom: 184 encountered, 98 discovered, 0 enqueued
[2024-07-21T21:23:42.452+0800][11.472s][gc,reloc    ] GC(78) Small Pages: 4 / 8M, Empty: 2M, Relocated: 0M, In-Place: 0
[2024-07-21T21:23:42.452+0800][11.472s][gc,reloc    ] GC(78) Medium Pages: 5 / 160M, Empty: 96M, Relocated: 3M, In-Place: 0
[2024-07-21T21:23:42.452+0800][11.472s][gc,reloc    ] GC(78) Large Pages: 0 / 0M, Empty: 0M, Relocated: 0M, In-Place: 0
[2024-07-21T21:23:42.452+0800][11.472s][gc,reloc    ] GC(78) Forwarding Usage: 0M
[2024-07-21T21:23:42.452+0800][11.472s][gc,heap     ] GC(78) Min Capacity: 8M(0%)
[2024-07-21T21:23:42.452+0800][11.472s][gc,heap     ] GC(78) Max Capacity: 2048M(100%)
[2024-07-21T21:23:42.452+0800][11.472s][gc,heap     ] GC(78) Soft Max Capacity: 256M(12%)
[2024-07-21T21:23:42.452+0800][11.472s][gc,heap     ] GC(78)                Mark Start          Mark End        Relocate Start      Relocate End           High               Low         
[2024-07-21T21:23:42.452+0800][11.472s][gc,heap     ] GC(78)  Capacity:      256M (12%)         256M (12%)         256M (12%)         256M (12%)         256M (12%)         256M (12%)    
[2024-07-21T21:23:42.452+0800][11.472s][gc,heap     ] GC(78)      Free:     1880M (92%)        1846M (90%)        1944M (95%)        1976M (96%)        1976M (96%)        1846M (90%)    
[2024-07-21T21:23:42.452+0800][11.472s][gc,heap     ] GC(78)      Used:      168M (8%)          202M (10%)         104M (5%)           72M (4%)          202M (10%)          72M (4%)     
[2024-07-21T21:23:42.452+0800][11.472s][gc,heap     ] GC(78)      Live:         -                 7M (0%)            7M (0%)            7M (0%)             -                  -          
[2024-07-21T21:23:42.452+0800][11.472s][gc,heap     ] GC(78) Allocated:         -                34M (2%)           34M (2%)           34M (2%)             -                  -          
[2024-07-21T21:23:42.452+0800][11.472s][gc,heap     ] GC(78)   Garbage:         -               160M (8%)           62M (3%)           30M (1%)             -                  -          
[2024-07-21T21:23:42.452+0800][11.472s][gc,heap     ] GC(78) Reclaimed:         -                  -                98M (5%)          130M (6%)             -                  -          
[2024-07-21T21:23:42.452+0800][11.472s][gc          ] GC(78) Garbage Collection (Allocation Rate) 168M(8%)->72M(4%)
[2024-07-21T21:23:42.553+0800][11.573s][gc,start    ] GC(79) Garbage Collection (Allocation Rate)
[2024-07-21T21:23:42.554+0800][11.573s][gc,task     ] GC(79) Using 1 workers
[2024-07-21T21:23:42.554+0800][11.573s][gc,phases   ] GC(79) Pause Mark Start 0.009ms
[2024-07-21T21:23:42.557+0800][11.577s][gc,phases   ] GC(79) Concurrent Mark 3.738ms
[2024-07-21T21:23:42.558+0800][11.577s][gc,phases   ] GC(79) Pause Mark End 0.008ms
[2024-07-21T21:23:42.558+0800][11.577s][gc,phases   ] GC(79) Concurrent Mark Free 0.001ms
[2024-07-21T21:23:42.559+0800][11.579s][gc,phases   ] GC(79) Concurrent Process Non-Strong References 1.138ms
[2024-07-21T21:23:42.559+0800][11.579s][gc,phases   ] GC(79) Concurrent Reset Relocation Set 0.001ms
[2024-07-21T21:23:42.560+0800][11.580s][gc,phases   ] GC(79) Concurrent Select Relocation Set 1.734ms
[2024-07-21T21:23:42.561+0800][11.581s][gc,phases   ] GC(79) Pause Relocate Start 0.009ms
[2024-07-21T21:23:42.561+0800][11.581s][gc,phases   ] GC(79) Concurrent Relocate 0.236ms
[2024-07-21T21:23:42.561+0800][11.581s][gc,load     ] GC(79) Load: 0.00/0.00/0.00
[2024-07-21T21:23:42.561+0800][11.581s][gc,mmu      ] GC(79) MMU: 2ms/96.8%, 5ms/98.5%, 10ms/99.3%, 20ms/99.6%, 50ms/99.8%, 100ms/99.9%
[2024-07-21T21:23:42.561+0800][11.581s][gc,marking  ] GC(79) Mark: 1 stripe(s), 2 proactive flush(es), 1 terminate flush(es), 0 completion(s), 0 continuation(s) 
[2024-07-21T21:23:42.561+0800][11.581s][gc,marking  ] GC(79) Mark Stack Usage: 32M
[2024-07-21T21:23:42.561+0800][11.581s][gc,nmethod  ] GC(79) NMethods: 467 registered, 0 unregistered
[2024-07-21T21:23:42.561+0800][11.581s][gc,metaspace] GC(79) Metaspace: 1M used, 1M committed, 1032M reserved
[2024-07-21T21:23:42.561+0800][11.581s][gc,ref      ] GC(79) Soft: 93 encountered, 0 discovered, 0 enqueued
[2024-07-21T21:23:42.561+0800][11.581s][gc,ref      ] GC(79) Weak: 131 encountered, 107 discovered, 0 enqueued
[2024-07-21T21:23:42.561+0800][11.581s][gc,ref      ] GC(79) Final: 0 encountered, 0 discovered, 0 enqueued
[2024-07-21T21:23:42.561+0800][11.581s][gc,ref      ] GC(79) Phantom: 184 encountered, 98 discovered, 0 enqueued
[2024-07-21T21:23:42.561+0800][11.581s][gc,reloc    ] GC(79) Small Pages: 4 / 8M, Empty: 2M, Relocated: 0M, In-Place: 0
[2024-07-21T21:23:42.561+0800][11.581s][gc,reloc    ] GC(79) Medium Pages: 4 / 128M, Empty: 64M, Relocated: 1M, In-Place: 0
[2024-07-21T21:23:42.561+0800][11.581s][gc,reloc    ] GC(79) Large Pages: 0 / 0M, Empty: 0M, Relocated: 0M, In-Place: 0
[2024-07-21T21:23:42.561+0800][11.581s][gc,reloc    ] GC(79) Forwarding Usage: 0M
[2024-07-21T21:23:42.561+0800][11.581s][gc,heap     ] GC(79) Min Capacity: 8M(0%)
[2024-07-21T21:23:42.561+0800][11.581s][gc,heap     ] GC(79) Max Capacity: 2048M(100%)
[2024-07-21T21:23:42.561+0800][11.581s][gc,heap     ] GC(79) Soft Max Capacity: 256M(12%)
[2024-07-21T21:23:42.561+0800][11.581s][gc,heap     ] GC(79)                Mark Start          Mark End        Relocate Start      Relocate End           High               Low         
[2024-07-21T21:23:42.561+0800][11.581s][gc,heap     ] GC(79)  Capacity:      256M (12%)         256M (12%)         256M (12%)         256M (12%)         256M (12%)         256M (12%)    
[2024-07-21T21:23:42.561+0800][11.581s][gc,heap     ] GC(79)      Free:     1912M (93%)        1878M (92%)        1944M (95%)        1976M (96%)        1976M (96%)        1878M (92%)    
[2024-07-21T21:23:42.561+0800][11.581s][gc,heap     ] GC(79)      Used:      136M (7%)          170M (8%)          104M (5%)           72M (4%)          170M (8%)           72M (4%)     
[2024-07-21T21:23:42.561+0800][11.581s][gc,heap     ] GC(79)      Live:         -                 5M (0%)            5M (0%)            5M (0%)             -                  -          
[2024-07-21T21:23:42.561+0800][11.581s][gc,heap     ] GC(79) Allocated:         -                34M (2%)           34M (2%)           34M (2%)             -                  -          
[2024-07-21T21:23:42.561+0800][11.581s][gc,heap     ] GC(79)   Garbage:         -               130M (6%)           64M (3%)           32M (2%)             -                  -          
[2024-07-21T21:23:42.561+0800][11.581s][gc,heap     ] GC(79) Reclaimed:         -                  -                66M (3%)           98M (5%)             -                  -          
[2024-07-21T21:23:42.561+0800][11.581s][gc          ] GC(79) Garbage Collection (Allocation Rate) 136M(7%)->72M(4%)
[2024-07-21T21:23:42.744+0800][11.763s][gc,start    ] GC(80) Garbage Collection (Allocation Rate)
[2024-07-21T21:23:42.744+0800][11.763s][gc,task     ] GC(80) Using 1 workers
[2024-07-21T21:23:42.744+0800][11.763s][gc,phases   ] GC(80) Pause Mark Start 0.008ms
[2024-07-21T21:23:42.747+0800][11.767s][gc,phases   ] GC(80) Concurrent Mark 3.639ms
[2024-07-21T21:23:42.748+0800][11.767s][gc,phases   ] GC(80) Pause Mark End 0.008ms
[2024-07-21T21:23:42.748+0800][11.768s][gc,phases   ] GC(80) Concurrent Mark Free 0.001ms
[2024-07-21T21:23:42.749+0800][11.769s][gc,phases   ] GC(80) Concurrent Process Non-Strong References 1.125ms
[2024-07-21T21:23:42.749+0800][11.769s][gc,phases   ] GC(80) Concurrent Reset Relocation Set 0.001ms
[2024-07-21T21:23:42.751+0800][11.771s][gc,phases   ] GC(80) Concurrent Select Relocation Set 1.785ms
[2024-07-21T21:23:42.751+0800][11.771s][gc,phases   ] GC(80) Pause Relocate Start 0.011ms
[2024-07-21T21:23:42.751+0800][11.771s][gc,phases   ] GC(80) Concurrent Relocate 0.238ms
[2024-07-21T21:23:42.751+0800][11.771s][gc,load     ] GC(80) Load: 0.00/0.00/0.00
[2024-07-21T21:23:42.751+0800][11.771s][gc,mmu      ] GC(80) MMU: 2ms/96.8%, 5ms/98.5%, 10ms/99.3%, 20ms/99.6%, 50ms/99.8%, 100ms/99.9%
[2024-07-21T21:23:42.751+0800][11.771s][gc,marking  ] GC(80) Mark: 1 stripe(s), 2 proactive flush(es), 1 terminate flush(es), 0 completion(s), 0 continuation(s) 
[2024-07-21T21:23:42.751+0800][11.771s][gc,marking  ] GC(80) Mark Stack Usage: 32M
[2024-07-21T21:23:42.751+0800][11.771s][gc,nmethod  ] GC(80) NMethods: 468 registered, 0 unregistered
[2024-07-21T21:23:42.751+0800][11.771s][gc,metaspace] GC(80) Metaspace: 1M used, 1M committed, 1032M reserved
[2024-07-21T21:23:42.751+0800][11.771s][gc,ref      ] GC(80) Soft: 93 encountered, 0 discovered, 0 enqueued
[2024-07-21T21:23:42.751+0800][11.771s][gc,ref      ] GC(80) Weak: 131 encountered, 107 discovered, 0 enqueued
[2024-07-21T21:23:42.751+0800][11.771s][gc,ref      ] GC(80) Final: 0 encountered, 0 discovered, 0 enqueued
[2024-07-21T21:23:42.751+0800][11.771s][gc,ref      ] GC(80) Phantom: 184 encountered, 98 discovered, 0 enqueued
[2024-07-21T21:23:42.751+0800][11.771s][gc,reloc    ] GC(80) Small Pages: 4 / 8M, Empty: 2M, Relocated: 0M, In-Place: 0
[2024-07-21T21:23:42.751+0800][11.771s][gc,reloc    ] GC(80) Medium Pages: 5 / 160M, Empty: 96M, Relocated: 1M, In-Place: 0
[2024-07-21T21:23:42.751+0800][11.771s][gc,reloc    ] GC(80) Large Pages: 0 / 0M, Empty: 0M, Relocated: 0M, In-Place: 0
[2024-07-21T21:23:42.751+0800][11.771s][gc,reloc    ] GC(80) Forwarding Usage: 0M
[2024-07-21T21:23:42.751+0800][11.771s][gc,heap     ] GC(80) Min Capacity: 8M(0%)
[2024-07-21T21:23:42.751+0800][11.771s][gc,heap     ] GC(80) Max Capacity: 2048M(100%)
[2024-07-21T21:23:42.751+0800][11.771s][gc,heap     ] GC(80) Soft Max Capacity: 256M(12%)
[2024-07-21T21:23:42.751+0800][11.771s][gc,heap     ] GC(80)                Mark Start          Mark End        Relocate Start      Relocate End           High               Low         
[2024-07-21T21:23:42.751+0800][11.771s][gc,heap     ] GC(80)  Capacity:      256M (12%)         256M (12%)         256M (12%)         256M (12%)         256M (12%)         256M (12%)    
[2024-07-21T21:23:42.751+0800][11.771s][gc,heap     ] GC(80)      Free:     1880M (92%)        1846M (90%)        1944M (95%)        1976M (96%)        1976M (96%)        1846M (90%)    
[2024-07-21T21:23:42.751+0800][11.771s][gc,heap     ] GC(80)      Used:      168M (8%)          202M (10%)         104M (5%)           72M (4%)          202M (10%)          72M (4%)     
[2024-07-21T21:23:42.751+0800][11.771s][gc,heap     ] GC(80)      Live:         -                 5M (0%)            5M (0%)            5M (0%)             -                  -          
[2024-07-21T21:23:42.751+0800][11.772s][gc,heap     ] GC(80) Allocated:         -                34M (2%)           34M (2%)           34M (2%)             -                  -          
[2024-07-21T21:23:42.751+0800][11.772s][gc,heap     ] GC(80)   Garbage:         -               162M (8%)           64M (3%)           32M (2%)             -                  -          
[2024-07-21T21:23:42.751+0800][11.772s][gc,heap     ] GC(80) Reclaimed:         -                  -                98M (5%)          130M (6%)             -                  -          
[2024-07-21T21:23:42.751+0800][11.772s][gc          ] GC(80) Garbage Collection (Allocation Rate) 168M(8%)->72M(4%)
[2024-07-21T21:23:42.853+0800][11.872s][gc,start    ] GC(81) Garbage Collection (Allocation Rate)
[2024-07-21T21:23:42.853+0800][11.872s][gc,task     ] GC(81) Using 1 workers
[2024-07-21T21:23:42.853+0800][11.873s][gc,phases   ] GC(81) Pause Mark Start 0.006ms
[2024-07-21T21:23:42.856+0800][11.876s][gc,phases   ] GC(81) Concurrent Mark 3.625ms
[2024-07-21T21:23:42.857+0800][11.877s][gc,phases   ] GC(81) Pause Mark End 0.008ms
[2024-07-21T21:23:42.857+0800][11.877s][gc,phases   ] GC(81) Concurrent Mark Free 0.001ms
[2024-07-21T21:23:42.859+0800][11.878s][gc,phases   ] GC(81) Concurrent Process Non-Strong References 1.157ms
[2024-07-21T21:23:42.859+0800][11.878s][gc,phases   ] GC(81) Concurrent Reset Relocation Set 0.001ms
[2024-07-21T21:23:42.860+0800][11.880s][gc,phases   ] GC(81) Concurrent Select Relocation Set 1.579ms
[2024-07-21T21:23:42.860+0800][11.880s][gc,phases   ] GC(81) Pause Relocate Start 0.005ms
[2024-07-21T21:23:42.860+0800][11.880s][gc,phases   ] GC(81) Concurrent Relocate 0.353ms
[2024-07-21T21:23:42.860+0800][11.880s][gc,load     ] GC(81) Load: 0.00/0.00/0.00
[2024-07-21T21:23:42.860+0800][11.880s][gc,mmu      ] GC(81) MMU: 2ms/96.8%, 5ms/98.5%, 10ms/99.3%, 20ms/99.6%, 50ms/99.8%, 100ms/99.9%
[2024-07-21T21:23:42.860+0800][11.880s][gc,marking  ] GC(81) Mark: 1 stripe(s), 2 proactive flush(es), 1 terminate flush(es), 0 completion(s), 0 continuation(s) 
[2024-07-21T21:23:42.860+0800][11.880s][gc,marking  ] GC(81) Mark Stack Usage: 32M
[2024-07-21T21:23:42.860+0800][11.880s][gc,nmethod  ] GC(81) NMethods: 468 registered, 0 unregistered
[2024-07-21T21:23:42.860+0800][11.880s][gc,metaspace] GC(81) Metaspace: 1M used, 1M committed, 1032M reserved
[2024-07-21T21:23:42.860+0800][11.880s][gc,ref      ] GC(81) Soft: 93 encountered, 0 discovered, 0 enqueued
[2024-07-21T21:23:42.860+0800][11.880s][gc,ref      ] GC(81) Weak: 131 encountered, 107 discovered, 0 enqueued
[2024-07-21T21:23:42.860+0800][11.880s][gc,ref      ] GC(81) Final: 0 encountered, 0 discovered, 0 enqueued
[2024-07-21T21:23:42.860+0800][11.880s][gc,ref      ] GC(81) Phantom: 184 encountered, 98 discovered, 0 enqueued
[2024-07-21T21:23:42.860+0800][11.880s][gc,reloc    ] GC(81) Small Pages: 4 / 8M, Empty: 2M, Relocated: 0M, In-Place: 0
[2024-07-21T21:23:42.860+0800][11.880s][gc,reloc    ] GC(81) Medium Pages: 4 / 128M, Empty: 64M, Relocated: 2M, In-Place: 0
[2024-07-21T21:23:42.860+0800][11.881s][gc,reloc    ] GC(81) Large Pages: 0 / 0M, Empty: 0M, Relocated: 0M, In-Place: 0
[2024-07-21T21:23:42.860+0800][11.881s][gc,reloc    ] GC(81) Forwarding Usage: 0M
[2024-07-21T21:23:42.860+0800][11.881s][gc,heap     ] GC(81) Min Capacity: 8M(0%)
[2024-07-21T21:23:42.860+0800][11.881s][gc,heap     ] GC(81) Max Capacity: 2048M(100%)
[2024-07-21T21:23:42.860+0800][11.881s][gc,heap     ] GC(81) Soft Max Capacity: 256M(12%)
[2024-07-21T21:23:42.860+0800][11.881s][gc,heap     ] GC(81)                Mark Start          Mark End        Relocate Start      Relocate End           High               Low         
[2024-07-21T21:23:42.860+0800][11.881s][gc,heap     ] GC(81)  Capacity:      256M (12%)         256M (12%)         256M (12%)         256M (12%)         256M (12%)         256M (12%)    
[2024-07-21T21:23:42.861+0800][11.881s][gc,heap     ] GC(81)      Free:     1912M (93%)        1878M (92%)        1944M (95%)        1976M (96%)        1976M (96%)        1878M (92%)    
[2024-07-21T21:23:42.861+0800][11.881s][gc,heap     ] GC(81)      Used:      136M (7%)          170M (8%)          104M (5%)           72M (4%)          170M (8%)           72M (4%)     
[2024-07-21T21:23:42.861+0800][11.881s][gc,heap     ] GC(81)      Live:         -                 6M (0%)            6M (0%)            6M (0%)             -                  -          
[2024-07-21T21:23:42.861+0800][11.881s][gc,heap     ] GC(81) Allocated:         -                34M (2%)           34M (2%)           34M (2%)             -                  -          
[2024-07-21T21:23:42.861+0800][11.881s][gc,heap     ] GC(81)   Garbage:         -               129M (6%)           63M (3%)           31M (2%)             -                  -          
[2024-07-21T21:23:42.861+0800][11.881s][gc,heap     ] GC(81) Reclaimed:         -                  -                66M (3%)           98M (5%)             -                  -          
[2024-07-21T21:23:42.861+0800][11.881s][gc          ] GC(81) Garbage Collection (Allocation Rate) 136M(7%)->72M(4%)
[2024-07-21T21:23:43.044+0800][12.063s][gc,start    ] GC(82) Garbage Collection (Allocation Rate)
[2024-07-21T21:23:43.044+0800][12.063s][gc,task     ] GC(82) Using 1 workers
[2024-07-21T21:23:43.044+0800][12.063s][gc,phases   ] GC(82) Pause Mark Start 0.006ms
[2024-07-21T21:23:43.048+0800][12.067s][gc,phases   ] GC(82) Concurrent Mark 4.073ms
[2024-07-21T21:23:43.048+0800][12.068s][gc,phases   ] GC(82) Pause Mark End 0.025ms
[2024-07-21T21:23:43.048+0800][12.068s][gc,phases   ] GC(82) Concurrent Mark Free 0.001ms
[2024-07-21T21:23:43.050+0800][12.069s][gc,phases   ] GC(82) Concurrent Process Non-Strong References 1.082ms
[2024-07-21T21:23:43.050+0800][12.069s][gc,phases   ] GC(82) Concurrent Reset Relocation Set 0.001ms
[2024-07-21T21:23:43.051+0800][12.071s][gc,phases   ] GC(82) Concurrent Select Relocation Set 2.536ms
[2024-07-21T21:23:43.052+0800][12.072s][gc,phases   ] GC(82) Pause Relocate Start 0.009ms
[2024-07-21T21:23:43.052+0800][12.073s][gc,phases   ] GC(82) Concurrent Relocate 0.585ms
[2024-07-21T21:23:43.052+0800][12.073s][gc,load     ] GC(82) Load: 0.00/0.00/0.00
[2024-07-21T21:23:43.053+0800][12.073s][gc,mmu      ] GC(82) MMU: 2ms/96.8%, 5ms/98.5%, 10ms/99.3%, 20ms/99.6%, 50ms/99.8%, 100ms/99.9%
[2024-07-21T21:23:43.053+0800][12.073s][gc,marking  ] GC(82) Mark: 1 stripe(s), 2 proactive flush(es), 1 terminate flush(es), 0 completion(s), 0 continuation(s) 
[2024-07-21T21:23:43.053+0800][12.073s][gc,marking  ] GC(82) Mark Stack Usage: 32M
[2024-07-21T21:23:43.053+0800][12.073s][gc,nmethod  ] GC(82) NMethods: 468 registered, 0 unregistered
[2024-07-21T21:23:43.053+0800][12.073s][gc,metaspace] GC(82) Metaspace: 1M used, 1M committed, 1032M reserved
[2024-07-21T21:23:43.053+0800][12.073s][gc,ref      ] GC(82) Soft: 93 encountered, 0 discovered, 0 enqueued
[2024-07-21T21:23:43.053+0800][12.073s][gc,ref      ] GC(82) Weak: 131 encountered, 107 discovered, 0 enqueued
[2024-07-21T21:23:43.053+0800][12.073s][gc,ref      ] GC(82) Final: 0 encountered, 0 discovered, 0 enqueued
[2024-07-21T21:23:43.053+0800][12.073s][gc,ref      ] GC(82) Phantom: 184 encountered, 98 discovered, 0 enqueued
[2024-07-21T21:23:43.053+0800][12.073s][gc,reloc    ] GC(82) Small Pages: 4 / 8M, Empty: 2M, Relocated: 0M, In-Place: 0
[2024-07-21T21:23:43.053+0800][12.073s][gc,reloc    ] GC(82) Medium Pages: 5 / 160M, Empty: 96M, Relocated: 3M, In-Place: 0
[2024-07-21T21:23:43.053+0800][12.073s][gc,reloc    ] GC(82) Large Pages: 0 / 0M, Empty: 0M, Relocated: 0M, In-Place: 0
[2024-07-21T21:23:43.053+0800][12.073s][gc,reloc    ] GC(82) Forwarding Usage: 0M
[2024-07-21T21:23:43.053+0800][12.073s][gc,heap     ] GC(82) Min Capacity: 8M(0%)
[2024-07-21T21:23:43.053+0800][12.073s][gc,heap     ] GC(82) Max Capacity: 2048M(100%)
[2024-07-21T21:23:43.053+0800][12.073s][gc,heap     ] GC(82) Soft Max Capacity: 256M(12%)
[2024-07-21T21:23:43.053+0800][12.073s][gc,heap     ] GC(82)                Mark Start          Mark End        Relocate Start      Relocate End           High               Low         
[2024-07-21T21:23:43.053+0800][12.073s][gc,heap     ] GC(82)  Capacity:      256M (12%)         256M (12%)         256M (12%)         256M (12%)         256M (12%)         256M (12%)    
[2024-07-21T21:23:43.053+0800][12.073s][gc,heap     ] GC(82)      Free:     1880M (92%)        1846M (90%)        1944M (95%)        1976M (96%)        1976M (96%)        1846M (90%)    
[2024-07-21T21:23:43.053+0800][12.073s][gc,heap     ] GC(82)      Used:      168M (8%)          202M (10%)         104M (5%)           72M (4%)          202M (10%)          72M (4%)     
[2024-07-21T21:23:43.053+0800][12.073s][gc,heap     ] GC(82)      Live:         -                 7M (0%)            7M (0%)            7M (0%)             -                  -          
[2024-07-21T21:23:43.053+0800][12.073s][gc,heap     ] GC(82) Allocated:         -                34M (2%)           34M (2%)           34M (2%)             -                  -          
[2024-07-21T21:23:43.053+0800][12.073s][gc,heap     ] GC(82)   Garbage:         -               160M (8%)           62M (3%)           30M (1%)             -                  -          
[2024-07-21T21:23:43.053+0800][12.073s][gc,heap     ] GC(82) Reclaimed:         -                  -                98M (5%)          130M (6%)             -                  -          
[2024-07-21T21:23:43.053+0800][12.073s][gc          ] GC(82) Garbage Collection (Allocation Rate) 168M(8%)->72M(4%)
[2024-07-21T21:23:43.152+0800][12.171s][gc,start    ] GC(83) Garbage Collection (Allocation Rate)
[2024-07-21T21:23:43.152+0800][12.171s][gc,task     ] GC(83) Using 1 workers
[2024-07-21T21:23:43.152+0800][12.171s][gc,phases   ] GC(83) Pause Mark Start 0.006ms
[2024-07-21T21:23:43.156+0800][12.175s][gc,phases   ] GC(83) Concurrent Mark 3.666ms
[2024-07-21T21:23:43.156+0800][12.175s][gc,phases   ] GC(83) Pause Mark End 0.009ms
[2024-07-21T21:23:43.156+0800][12.175s][gc,phases   ] GC(83) Concurrent Mark Free 0.001ms
[2024-07-21T21:23:43.156+0800][12.177s][gc,phases   ] GC(83) Concurrent Process Non-Strong References 0.979ms
[2024-07-21T21:23:43.156+0800][12.177s][gc,phases   ] GC(83) Concurrent Reset Relocation Set 0.001ms
[2024-07-21T21:23:43.158+0800][12.178s][gc,phases   ] GC(83) Concurrent Select Relocation Set 1.617ms
[2024-07-21T21:23:43.158+0800][12.178s][gc,phases   ] GC(83) Pause Relocate Start 0.004ms
[2024-07-21T21:23:43.159+0800][12.179s][gc,phases   ] GC(83) Concurrent Relocate 0.261ms
[2024-07-21T21:23:43.159+0800][12.179s][gc,load     ] GC(83) Load: 0.00/0.00/0.00
[2024-07-21T21:23:43.159+0800][12.179s][gc,mmu      ] GC(83) MMU: 2ms/96.8%, 5ms/98.5%, 10ms/99.3%, 20ms/99.6%, 50ms/99.8%, 100ms/99.9%
[2024-07-21T21:23:43.159+0800][12.179s][gc,marking  ] GC(83) Mark: 1 stripe(s), 2 proactive flush(es), 1 terminate flush(es), 0 completion(s), 0 continuation(s) 
[2024-07-21T21:23:43.159+0800][12.179s][gc,marking  ] GC(83) Mark Stack Usage: 32M
[2024-07-21T21:23:43.159+0800][12.179s][gc,nmethod  ] GC(83) NMethods: 468 registered, 0 unregistered
[2024-07-21T21:23:43.159+0800][12.179s][gc,metaspace] GC(83) Metaspace: 1M used, 1M committed, 1032M reserved
[2024-07-21T21:23:43.159+0800][12.179s][gc,ref      ] GC(83) Soft: 93 encountered, 0 discovered, 0 enqueued
[2024-07-21T21:23:43.159+0800][12.179s][gc,ref      ] GC(83) Weak: 131 encountered, 107 discovered, 0 enqueued
[2024-07-21T21:23:43.159+0800][12.179s][gc,ref      ] GC(83) Final: 0 encountered, 0 discovered, 0 enqueued
[2024-07-21T21:23:43.159+0800][12.179s][gc,ref      ] GC(83) Phantom: 184 encountered, 98 discovered, 0 enqueued
[2024-07-21T21:23:43.159+0800][12.179s][gc,reloc    ] GC(83) Small Pages: 4 / 8M, Empty: 2M, Relocated: 0M, In-Place: 0
[2024-07-21T21:23:43.159+0800][12.179s][gc,reloc    ] GC(83) Medium Pages: 4 / 128M, Empty: 64M, Relocated: 1M, In-Place: 0
[2024-07-21T21:23:43.159+0800][12.179s][gc,reloc    ] GC(83) Large Pages: 0 / 0M, Empty: 0M, Relocated: 0M, In-Place: 0
[2024-07-21T21:23:43.159+0800][12.179s][gc,reloc    ] GC(83) Forwarding Usage: 0M
[2024-07-21T21:23:43.159+0800][12.179s][gc,heap     ] GC(83) Min Capacity: 8M(0%)
[2024-07-21T21:23:43.159+0800][12.179s][gc,heap     ] GC(83) Max Capacity: 2048M(100%)
[2024-07-21T21:23:43.159+0800][12.179s][gc,heap     ] GC(83) Soft Max Capacity: 256M(12%)
[2024-07-21T21:23:43.159+0800][12.179s][gc,heap     ] GC(83)                Mark Start          Mark End        Relocate Start      Relocate End           High               Low         
[2024-07-21T21:23:43.159+0800][12.179s][gc,heap     ] GC(83)  Capacity:      256M (12%)         256M (12%)         256M (12%)         256M (12%)         256M (12%)         256M (12%)    
[2024-07-21T21:23:43.159+0800][12.179s][gc,heap     ] GC(83)      Free:     1912M (93%)        1878M (92%)        1944M (95%)        1976M (96%)        1976M (96%)        1878M (92%)    
[2024-07-21T21:23:43.159+0800][12.179s][gc,heap     ] GC(83)      Used:      136M (7%)          170M (8%)          104M (5%)           72M (4%)          170M (8%)           72M (4%)     
[2024-07-21T21:23:43.159+0800][12.179s][gc,heap     ] GC(83)      Live:         -                 5M (0%)            5M (0%)            5M (0%)             -                  -          
[2024-07-21T21:23:43.159+0800][12.179s][gc,heap     ] GC(83) Allocated:         -                34M (2%)           34M (2%)           34M (2%)             -                  -          
[2024-07-21T21:23:43.159+0800][12.179s][gc,heap     ] GC(83)   Garbage:         -               130M (6%)           64M (3%)           32M (2%)             -                  -          
[2024-07-21T21:23:43.159+0800][12.179s][gc,heap     ] GC(83) Reclaimed:         -                  -                66M (3%)           98M (5%)             -                  -          
[2024-07-21T21:23:43.159+0800][12.179s][gc          ] GC(83) Garbage Collection (Allocation Rate) 136M(7%)->72M(4%)
[2024-07-21T21:23:43.342+0800][12.361s][gc,start    ] GC(84) Garbage Collection (Allocation Rate)
[2024-07-21T21:23:43.342+0800][12.361s][gc,task     ] GC(84) Using 1 workers
[2024-07-21T21:23:43.342+0800][12.361s][gc,phases   ] GC(84) Pause Mark Start 0.008ms
[2024-07-21T21:23:43.345+0800][12.365s][gc,phases   ] GC(84) Concurrent Mark 3.412ms
[2024-07-21T21:23:43.345+0800][12.365s][gc,phases   ] GC(84) Pause Mark End 0.010ms
[2024-07-21T21:23:43.345+0800][12.365s][gc,phases   ] GC(84) Concurrent Mark Free 0.001ms
[2024-07-21T21:23:43.347+0800][12.366s][gc,phases   ] GC(84) Concurrent Process Non-Strong References 1.145ms
[2024-07-21T21:23:43.347+0800][12.366s][gc,phases   ] GC(84) Concurrent Reset Relocation Set 0.001ms
[2024-07-21T21:23:43.348+0800][12.368s][gc,phases   ] GC(84) Concurrent Select Relocation Set 1.788ms
[2024-07-21T21:23:43.348+0800][12.368s][gc,phases   ] GC(84) Pause Relocate Start 0.006ms
[2024-07-21T21:23:43.348+0800][12.369s][gc,phases   ] GC(84) Concurrent Relocate 0.190ms
[2024-07-21T21:23:43.348+0800][12.369s][gc,load     ] GC(84) Load: 0.00/0.00/0.00
[2024-07-21T21:23:43.348+0800][12.369s][gc,mmu      ] GC(84) MMU: 2ms/96.8%, 5ms/98.5%, 10ms/99.3%, 20ms/99.6%, 50ms/99.8%, 100ms/99.9%
[2024-07-21T21:23:43.349+0800][12.369s][gc,marking  ] GC(84) Mark: 1 stripe(s), 2 proactive flush(es), 1 terminate flush(es), 0 completion(s), 0 continuation(s) 
[2024-07-21T21:23:43.349+0800][12.369s][gc,marking  ] GC(84) Mark Stack Usage: 32M
[2024-07-21T21:23:43.349+0800][12.369s][gc,nmethod  ] GC(84) NMethods: 468 registered, 0 unregistered
[2024-07-21T21:23:43.349+0800][12.369s][gc,metaspace] GC(84) Metaspace: 1M used, 1M committed, 1032M reserved
[2024-07-21T21:23:43.349+0800][12.369s][gc,ref      ] GC(84) Soft: 93 encountered, 0 discovered, 0 enqueued
[2024-07-21T21:23:43.349+0800][12.369s][gc,ref      ] GC(84) Weak: 131 encountered, 107 discovered, 0 enqueued
[2024-07-21T21:23:43.349+0800][12.369s][gc,ref      ] GC(84) Final: 0 encountered, 0 discovered, 0 enqueued
[2024-07-21T21:23:43.349+0800][12.369s][gc,ref      ] GC(84) Phantom: 184 encountered, 98 discovered, 0 enqueued
[2024-07-21T21:23:43.349+0800][12.369s][gc,reloc    ] GC(84) Small Pages: 4 / 8M, Empty: 2M, Relocated: 0M, In-Place: 0
[2024-07-21T21:23:43.349+0800][12.369s][gc,reloc    ] GC(84) Medium Pages: 5 / 160M, Empty: 96M, Relocated: 1M, In-Place: 0
[2024-07-21T21:23:43.349+0800][12.369s][gc,reloc    ] GC(84) Large Pages: 0 / 0M, Empty: 0M, Relocated: 0M, In-Place: 0
[2024-07-21T21:23:43.349+0800][12.369s][gc,reloc    ] GC(84) Forwarding Usage: 0M
[2024-07-21T21:23:43.349+0800][12.369s][gc,heap     ] GC(84) Min Capacity: 8M(0%)
[2024-07-21T21:23:43.349+0800][12.369s][gc,heap     ] GC(84) Max Capacity: 2048M(100%)
[2024-07-21T21:23:43.349+0800][12.369s][gc,heap     ] GC(84) Soft Max Capacity: 256M(12%)
[2024-07-21T21:23:43.349+0800][12.369s][gc,heap     ] GC(84)                Mark Start          Mark End        Relocate Start      Relocate End           High               Low         
[2024-07-21T21:23:43.349+0800][12.369s][gc,heap     ] GC(84)  Capacity:      256M (12%)         256M (12%)         256M (12%)         256M (12%)         256M (12%)         256M (12%)    
[2024-07-21T21:23:43.349+0800][12.369s][gc,heap     ] GC(84)      Free:     1880M (92%)        1846M (90%)        1944M (95%)        1976M (96%)        1976M (96%)        1846M (90%)    
[2024-07-21T21:23:43.349+0800][12.369s][gc,heap     ] GC(84)      Used:      168M (8%)          202M (10%)         104M (5%)           72M (4%)          202M (10%)          72M (4%)     
[2024-07-21T21:23:43.349+0800][12.369s][gc,heap     ] GC(84)      Live:         -                 5M (0%)            5M (0%)            5M (0%)             -                  -          
[2024-07-21T21:23:43.349+0800][12.369s][gc,heap     ] GC(84) Allocated:         -                34M (2%)           34M (2%)           34M (2%)             -                  -          
[2024-07-21T21:23:43.349+0800][12.369s][gc,heap     ] GC(84)   Garbage:         -               162M (8%)           64M (3%)           32M (2%)             -                  -          
[2024-07-21T21:23:43.349+0800][12.369s][gc,heap     ] GC(84) Reclaimed:         -                  -                98M (5%)          130M (6%)             -                  -          
[2024-07-21T21:23:43.349+0800][12.369s][gc          ] GC(84) Garbage Collection (Allocation Rate) 168M(8%)->72M(4%)
[2024-07-21T21:23:43.453+0800][12.472s][gc,start    ] GC(85) Garbage Collection (Allocation Rate)
[2024-07-21T21:23:43.453+0800][12.473s][gc,task     ] GC(85) Using 1 workers
[2024-07-21T21:23:43.453+0800][12.473s][gc,phases   ] GC(85) Pause Mark Start 0.008ms
[2024-07-21T21:23:43.458+0800][12.477s][gc,phases   ] GC(85) Concurrent Mark 4.635ms
[2024-07-21T21:23:43.458+0800][12.478s][gc,phases   ] GC(85) Pause Mark End 0.011ms
[2024-07-21T21:23:43.458+0800][12.478s][gc,phases   ] GC(85) Concurrent Mark Free 0.001ms
[2024-07-21T21:23:43.459+0800][12.479s][gc,phases   ] GC(85) Concurrent Process Non-Strong References 1.131ms
[2024-07-21T21:23:43.460+0800][12.479s][gc,phases   ] GC(85) Concurrent Reset Relocation Set 0.002ms
[2024-07-21T21:23:43.462+0800][12.482s][gc,phases   ] GC(85) Concurrent Select Relocation Set 2.688ms
[2024-07-21T21:23:43.463+0800][12.482s][gc,phases   ] GC(85) Pause Relocate Start 0.009ms
[2024-07-21T21:23:43.463+0800][12.482s][gc,phases   ] GC(85) Concurrent Relocate 0.283ms
[2024-07-21T21:23:43.463+0800][12.482s][gc,load     ] GC(85) Load: 0.00/0.00/0.00
[2024-07-21T21:23:43.463+0800][12.482s][gc,mmu      ] GC(85) MMU: 2ms/96.8%, 5ms/98.5%, 10ms/99.3%, 20ms/99.6%, 50ms/99.8%, 100ms/99.9%
[2024-07-21T21:23:43.463+0800][12.482s][gc,marking  ] GC(85) Mark: 1 stripe(s), 2 proactive flush(es), 1 terminate flush(es), 0 completion(s), 0 continuation(s) 
[2024-07-21T21:23:43.463+0800][12.482s][gc,marking  ] GC(85) Mark Stack Usage: 32M
[2024-07-21T21:23:43.463+0800][12.482s][gc,nmethod  ] GC(85) NMethods: 468 registered, 0 unregistered
[2024-07-21T21:23:43.463+0800][12.483s][gc,metaspace] GC(85) Metaspace: 1M used, 1M committed, 1032M reserved
[2024-07-21T21:23:43.463+0800][12.483s][gc,ref      ] GC(85) Soft: 93 encountered, 0 discovered, 0 enqueued
[2024-07-21T21:23:43.463+0800][12.483s][gc,ref      ] GC(85) Weak: 131 encountered, 107 discovered, 0 enqueued
[2024-07-21T21:23:43.463+0800][12.483s][gc,ref      ] GC(85) Final: 0 encountered, 0 discovered, 0 enqueued
[2024-07-21T21:23:43.463+0800][12.483s][gc,ref      ] GC(85) Phantom: 184 encountered, 98 discovered, 0 enqueued
[2024-07-21T21:23:43.463+0800][12.483s][gc,reloc    ] GC(85) Small Pages: 4 / 8M, Empty: 2M, Relocated: 0M, In-Place: 0
[2024-07-21T21:23:43.463+0800][12.483s][gc,reloc    ] GC(85) Medium Pages: 4 / 128M, Empty: 64M, Relocated: 1M, In-Place: 0
[2024-07-21T21:23:43.463+0800][12.483s][gc,reloc    ] GC(85) Large Pages: 0 / 0M, Empty: 0M, Relocated: 0M, In-Place: 0
[2024-07-21T21:23:43.463+0800][12.483s][gc,reloc    ] GC(85) Forwarding Usage: 0M
[2024-07-21T21:23:43.463+0800][12.483s][gc,heap     ] GC(85) Min Capacity: 8M(0%)
[2024-07-21T21:23:43.463+0800][12.483s][gc,heap     ] GC(85) Max Capacity: 2048M(100%)
[2024-07-21T21:23:43.463+0800][12.483s][gc,heap     ] GC(85) Soft Max Capacity: 256M(12%)
[2024-07-21T21:23:43.463+0800][12.483s][gc,heap     ] GC(85)                Mark Start          Mark End        Relocate Start      Relocate End           High               Low         
[2024-07-21T21:23:43.463+0800][12.483s][gc,heap     ] GC(85)  Capacity:      256M (12%)         256M (12%)         256M (12%)         256M (12%)         256M (12%)         256M (12%)    
[2024-07-21T21:23:43.463+0800][12.483s][gc,heap     ] GC(85)      Free:     1912M (93%)        1878M (92%)        1944M (95%)        1976M (96%)        1976M (96%)        1878M (92%)    
[2024-07-21T21:23:43.463+0800][12.483s][gc,heap     ] GC(85)      Used:      136M (7%)          170M (8%)          104M (5%)           72M (4%)          170M (8%)           72M (4%)     
[2024-07-21T21:23:43.463+0800][12.483s][gc,heap     ] GC(85)      Live:         -                 5M (0%)            5M (0%)            5M (0%)             -                  -          
[2024-07-21T21:23:43.463+0800][12.483s][gc,heap     ] GC(85) Allocated:         -                34M (2%)           34M (2%)           34M (2%)             -                  -          
[2024-07-21T21:23:43.463+0800][12.483s][gc,heap     ] GC(85)   Garbage:         -               130M (6%)           64M (3%)           32M (2%)             -                  -          
[2024-07-21T21:23:43.463+0800][12.483s][gc,heap     ] GC(85) Reclaimed:         -                  -                66M (3%)           98M (5%)             -                  -          
[2024-07-21T21:23:43.463+0800][12.483s][gc          ] GC(85) Garbage Collection (Allocation Rate) 136M(7%)->72M(4%)
[2024-07-21T21:23:43.644+0800][12.663s][gc,start    ] GC(86) Garbage Collection (Allocation Rate)
[2024-07-21T21:23:43.644+0800][12.663s][gc,task     ] GC(86) Using 1 workers
[2024-07-21T21:23:43.644+0800][12.663s][gc,phases   ] GC(86) Pause Mark Start 0.028ms
[2024-07-21T21:23:43.647+0800][12.667s][gc,phases   ] GC(86) Concurrent Mark 3.968ms
[2024-07-21T21:23:43.647+0800][12.667s][gc,phases   ] GC(86) Pause Mark End 0.010ms
[2024-07-21T21:23:43.647+0800][12.668s][gc,phases   ] GC(86) Concurrent Mark Free 0.001ms
[2024-07-21T21:23:43.650+0800][12.669s][gc,phases   ] GC(86) Concurrent Process Non-Strong References 1.416ms
[2024-07-21T21:23:43.650+0800][12.669s][gc,phases   ] GC(86) Concurrent Reset Relocation Set 0.003ms
[2024-07-21T21:23:43.653+0800][12.672s][gc,phases   ] GC(86) Concurrent Select Relocation Set 3.112ms
[2024-07-21T21:23:43.653+0800][12.673s][gc,phases   ] GC(86) Pause Relocate Start 0.006ms
[2024-07-21T21:23:43.654+0800][12.674s][gc,phases   ] GC(86) Concurrent Relocate 1.220ms
[2024-07-21T21:23:43.654+0800][12.674s][gc,load     ] GC(86) Load: 0.00/0.00/0.00
[2024-07-21T21:23:43.654+0800][12.674s][gc,mmu      ] GC(86) MMU: 2ms/96.8%, 5ms/98.5%, 10ms/99.3%, 20ms/99.6%, 50ms/99.8%, 100ms/99.9%
[2024-07-21T21:23:43.654+0800][12.674s][gc,marking  ] GC(86) Mark: 1 stripe(s), 2 proactive flush(es), 1 terminate flush(es), 0 completion(s), 0 continuation(s) 
[2024-07-21T21:23:43.654+0800][12.674s][gc,marking  ] GC(86) Mark Stack Usage: 32M
[2024-07-21T21:23:43.654+0800][12.674s][gc,nmethod  ] GC(86) NMethods: 473 registered, 0 unregistered
[2024-07-21T21:23:43.654+0800][12.674s][gc,metaspace] GC(86) Metaspace: 1M used, 1M committed, 1032M reserved
[2024-07-21T21:23:43.654+0800][12.674s][gc,ref      ] GC(86) Soft: 93 encountered, 0 discovered, 0 enqueued
[2024-07-21T21:23:43.654+0800][12.674s][gc,ref      ] GC(86) Weak: 131 encountered, 107 discovered, 0 enqueued
[2024-07-21T21:23:43.654+0800][12.674s][gc,ref      ] GC(86) Final: 0 encountered, 0 discovered, 0 enqueued
[2024-07-21T21:23:43.654+0800][12.674s][gc,ref      ] GC(86) Phantom: 184 encountered, 98 discovered, 0 enqueued
[2024-07-21T21:23:43.654+0800][12.674s][gc,reloc    ] GC(86) Small Pages: 5 / 10M, Empty: 2M, Relocated: 1M, In-Place: 0
[2024-07-21T21:23:43.654+0800][12.674s][gc,reloc    ] GC(86) Medium Pages: 5 / 160M, Empty: 96M, Relocated: 2M, In-Place: 0
[2024-07-21T21:23:43.654+0800][12.674s][gc,reloc    ] GC(86) Large Pages: 0 / 0M, Empty: 0M, Relocated: 0M, In-Place: 0
[2024-07-21T21:23:43.654+0800][12.674s][gc,reloc    ] GC(86) Forwarding Usage: 0M
[2024-07-21T21:23:43.654+0800][12.674s][gc,heap     ] GC(86) Min Capacity: 8M(0%)
[2024-07-21T21:23:43.654+0800][12.674s][gc,heap     ] GC(86) Max Capacity: 2048M(100%)
[2024-07-21T21:23:43.654+0800][12.674s][gc,heap     ] GC(86) Soft Max Capacity: 256M(12%)
[2024-07-21T21:23:43.654+0800][12.674s][gc,heap     ] GC(86)                Mark Start          Mark End        Relocate Start      Relocate End           High               Low         
[2024-07-21T21:23:43.654+0800][12.674s][gc,heap     ] GC(86)  Capacity:      256M (12%)         256M (12%)         256M (12%)         256M (12%)         256M (12%)         256M (12%)    
[2024-07-21T21:23:43.654+0800][12.674s][gc,heap     ] GC(86)      Free:     1878M (92%)        1844M (90%)        1942M (95%)        1976M (96%)        1976M (96%)        1844M (90%)    
[2024-07-21T21:23:43.654+0800][12.674s][gc,heap     ] GC(86)      Used:      170M (8%)          204M (10%)         106M (5%)           72M (4%)          204M (10%)          72M (4%)     
[2024-07-21T21:23:43.654+0800][12.674s][gc,heap     ] GC(86)      Live:         -                 6M (0%)            6M (0%)            6M (0%)             -                  -          
[2024-07-21T21:23:43.654+0800][12.674s][gc,heap     ] GC(86) Allocated:         -                34M (2%)           34M (2%)           34M (2%)             -                  -          
[2024-07-21T21:23:43.654+0800][12.674s][gc,heap     ] GC(86)   Garbage:         -               163M (8%)           65M (3%)           31M (2%)             -                  -          
[2024-07-21T21:23:43.654+0800][12.674s][gc,heap     ] GC(86) Reclaimed:         -                  -                98M (5%)          132M (6%)             -                  -          
[2024-07-21T21:23:43.654+0800][12.674s][gc          ] GC(86) Garbage Collection (Allocation Rate) 170M(8%)->72M(4%)
[2024-07-21T21:23:43.755+0800][12.774s][gc,start    ] GC(87) Garbage Collection (Allocation Rate)
[2024-07-21T21:23:43.755+0800][12.774s][gc,task     ] GC(87) Using 1 workers
[2024-07-21T21:23:43.756+0800][12.775s][gc,phases   ] GC(87) Pause Mark Start 0.011ms
[2024-07-21T21:23:43.760+0800][12.779s][gc,phases   ] GC(87) Concurrent Mark 4.005ms
[2024-07-21T21:23:43.760+0800][12.779s][gc,phases   ] GC(87) Pause Mark End 0.008ms
[2024-07-21T21:23:43.760+0800][12.779s][gc,phases   ] GC(87) Concurrent Mark Free 0.001ms
[2024-07-21T21:23:43.761+0800][12.780s][gc,phases   ] GC(87) Concurrent Process Non-Strong References 0.955ms
[2024-07-21T21:23:43.761+0800][12.780s][gc,phases   ] GC(87) Concurrent Reset Relocation Set 0.001ms
[2024-07-21T21:23:43.763+0800][12.782s][gc,phases   ] GC(87) Concurrent Select Relocation Set 1.807ms
[2024-07-21T21:23:43.763+0800][12.782s][gc,phases   ] GC(87) Pause Relocate Start 0.005ms
[2024-07-21T21:23:43.763+0800][12.782s][gc,phases   ] GC(87) Concurrent Relocate 0.262ms
[2024-07-21T21:23:43.763+0800][12.783s][gc,load     ] GC(87) Load: 0.00/0.00/0.00
[2024-07-21T21:23:43.763+0800][12.783s][gc,mmu      ] GC(87) MMU: 2ms/96.8%, 5ms/98.5%, 10ms/99.3%, 20ms/99.6%, 50ms/99.8%, 100ms/99.9%
[2024-07-21T21:23:43.763+0800][12.783s][gc,marking  ] GC(87) Mark: 1 stripe(s), 2 proactive flush(es), 1 terminate flush(es), 0 completion(s), 0 continuation(s) 
[2024-07-21T21:23:43.763+0800][12.783s][gc,marking  ] GC(87) Mark Stack Usage: 32M
[2024-07-21T21:23:43.763+0800][12.783s][gc,nmethod  ] GC(87) NMethods: 473 registered, 0 unregistered
[2024-07-21T21:23:43.763+0800][12.783s][gc,metaspace] GC(87) Metaspace: 1M used, 1M committed, 1032M reserved
[2024-07-21T21:23:43.763+0800][12.783s][gc,ref      ] GC(87) Soft: 93 encountered, 0 discovered, 0 enqueued
[2024-07-21T21:23:43.763+0800][12.783s][gc,ref      ] GC(87) Weak: 131 encountered, 107 discovered, 0 enqueued
[2024-07-21T21:23:43.763+0800][12.783s][gc,ref      ] GC(87) Final: 0 encountered, 0 discovered, 0 enqueued
[2024-07-21T21:23:43.763+0800][12.783s][gc,ref      ] GC(87) Phantom: 184 encountered, 98 discovered, 0 enqueued
[2024-07-21T21:23:43.763+0800][12.783s][gc,reloc    ] GC(87) Small Pages: 4 / 8M, Empty: 2M, Relocated: 0M, In-Place: 0
[2024-07-21T21:23:43.763+0800][12.783s][gc,reloc    ] GC(87) Medium Pages: 4 / 128M, Empty: 64M, Relocated: 1M, In-Place: 0
[2024-07-21T21:23:43.763+0800][12.783s][gc,reloc    ] GC(87) Large Pages: 0 / 0M, Empty: 0M, Relocated: 0M, In-Place: 0
[2024-07-21T21:23:43.763+0800][12.783s][gc,reloc    ] GC(87) Forwarding Usage: 0M
[2024-07-21T21:23:43.763+0800][12.783s][gc,heap     ] GC(87) Min Capacity: 8M(0%)
[2024-07-21T21:23:43.763+0800][12.783s][gc,heap     ] GC(87) Max Capacity: 2048M(100%)
[2024-07-21T21:23:43.764+0800][12.783s][gc,heap     ] GC(87) Soft Max Capacity: 256M(12%)
[2024-07-21T21:23:43.764+0800][12.783s][gc,heap     ] GC(87)                Mark Start          Mark End        Relocate Start      Relocate End           High               Low         
[2024-07-21T21:23:43.764+0800][12.783s][gc,heap     ] GC(87)  Capacity:      256M (12%)         256M (12%)         256M (12%)         256M (12%)         256M (12%)         256M (12%)    
[2024-07-21T21:23:43.764+0800][12.783s][gc,heap     ] GC(87)      Free:     1912M (93%)        1878M (92%)        1944M (95%)        1976M (96%)        1976M (96%)        1878M (92%)    
[2024-07-21T21:23:43.764+0800][12.783s][gc,heap     ] GC(87)      Used:      136M (7%)          170M (8%)          104M (5%)           72M (4%)          170M (8%)           72M (4%)     
[2024-07-21T21:23:43.764+0800][12.783s][gc,heap     ] GC(87)      Live:         -                 5M (0%)            5M (0%)            5M (0%)             -                  -          
[2024-07-21T21:23:43.764+0800][12.783s][gc,heap     ] GC(87) Allocated:         -                34M (2%)           34M (2%)           34M (2%)             -                  -          
[2024-07-21T21:23:43.764+0800][12.783s][gc,heap     ] GC(87)   Garbage:         -               130M (6%)           64M (3%)           32M (2%)             -                  -          
[2024-07-21T21:23:43.764+0800][12.783s][gc,heap     ] GC(87) Reclaimed:         -                  -                66M (3%)           98M (5%)             -                  -          
[2024-07-21T21:23:43.764+0800][12.783s][gc          ] GC(87) Garbage Collection (Allocation Rate) 136M(7%)->72M(4%)
[2024-07-21T21:23:43.944+0800][12.964s][gc,start    ] GC(88) Garbage Collection (Allocation Rate)
[2024-07-21T21:23:43.944+0800][12.964s][gc,task     ] GC(88) Using 1 workers
[2024-07-21T21:23:43.944+0800][12.964s][gc,phases   ] GC(88) Pause Mark Start 0.008ms
[2024-07-21T21:23:43.948+0800][12.968s][gc,phases   ] GC(88) Concurrent Mark 3.644ms
[2024-07-21T21:23:43.948+0800][12.968s][gc,phases   ] GC(88) Pause Mark End 0.009ms
[2024-07-21T21:23:43.948+0800][12.968s][gc,phases   ] GC(88) Concurrent Mark Free 0.001ms
[2024-07-21T21:23:43.949+0800][12.969s][gc,phases   ] GC(88) Concurrent Process Non-Strong References 1.019ms
[2024-07-21T21:23:43.950+0800][12.969s][gc,phases   ] GC(88) Concurrent Reset Relocation Set 0.001ms
[2024-07-21T21:23:43.952+0800][12.972s][gc,phases   ] GC(88) Concurrent Select Relocation Set 2.940ms
[2024-07-21T21:23:43.953+0800][12.972s][gc,phases   ] GC(88) Pause Relocate Start 0.007ms
[2024-07-21T21:23:43.953+0800][12.973s][gc,phases   ] GC(88) Concurrent Relocate 0.276ms
[2024-07-21T21:23:43.953+0800][12.973s][gc,load     ] GC(88) Load: 0.00/0.00/0.00
[2024-07-21T21:23:43.953+0800][12.973s][gc,mmu      ] GC(88) MMU: 2ms/96.8%, 5ms/98.5%, 10ms/99.3%, 20ms/99.6%, 50ms/99.8%, 100ms/99.9%
[2024-07-21T21:23:43.953+0800][12.973s][gc,marking  ] GC(88) Mark: 1 stripe(s), 2 proactive flush(es), 1 terminate flush(es), 0 completion(s), 0 continuation(s) 
[2024-07-21T21:23:43.953+0800][12.973s][gc,marking  ] GC(88) Mark Stack Usage: 32M
[2024-07-21T21:23:43.953+0800][12.973s][gc,nmethod  ] GC(88) NMethods: 473 registered, 0 unregistered
[2024-07-21T21:23:43.953+0800][12.973s][gc,metaspace] GC(88) Metaspace: 1M used, 1M committed, 1032M reserved
[2024-07-21T21:23:43.953+0800][12.973s][gc,ref      ] GC(88) Soft: 93 encountered, 0 discovered, 0 enqueued
[2024-07-21T21:23:43.953+0800][12.973s][gc,ref      ] GC(88) Weak: 131 encountered, 107 discovered, 0 enqueued
[2024-07-21T21:23:43.953+0800][12.973s][gc,ref      ] GC(88) Final: 0 encountered, 0 discovered, 0 enqueued
[2024-07-21T21:23:43.953+0800][12.973s][gc,ref      ] GC(88) Phantom: 184 encountered, 98 discovered, 0 enqueued
[2024-07-21T21:23:43.953+0800][12.973s][gc,reloc    ] GC(88) Small Pages: 4 / 8M, Empty: 2M, Relocated: 0M, In-Place: 0
[2024-07-21T21:23:43.953+0800][12.973s][gc,reloc    ] GC(88) Medium Pages: 5 / 160M, Empty: 96M, Relocated: 1M, In-Place: 0
[2024-07-21T21:23:43.953+0800][12.973s][gc,reloc    ] GC(88) Large Pages: 0 / 0M, Empty: 0M, Relocated: 0M, In-Place: 0
[2024-07-21T21:23:43.953+0800][12.973s][gc,reloc    ] GC(88) Forwarding Usage: 0M
[2024-07-21T21:23:43.953+0800][12.973s][gc,heap     ] GC(88) Min Capacity: 8M(0%)
[2024-07-21T21:23:43.953+0800][12.973s][gc,heap     ] GC(88) Max Capacity: 2048M(100%)
[2024-07-21T21:23:43.953+0800][12.973s][gc,heap     ] GC(88) Soft Max Capacity: 256M(12%)
[2024-07-21T21:23:43.953+0800][12.973s][gc,heap     ] GC(88)                Mark Start          Mark End        Relocate Start      Relocate End           High               Low         
[2024-07-21T21:23:43.953+0800][12.973s][gc,heap     ] GC(88)  Capacity:      256M (12%)         256M (12%)         256M (12%)         256M (12%)         256M (12%)         256M (12%)    
[2024-07-21T21:23:43.953+0800][12.973s][gc,heap     ] GC(88)      Free:     1880M (92%)        1846M (90%)        1944M (95%)        1976M (96%)        1976M (96%)        1846M (90%)    
[2024-07-21T21:23:43.953+0800][12.973s][gc,heap     ] GC(88)      Used:      168M (8%)          202M (10%)         104M (5%)           72M (4%)          202M (10%)          72M (4%)     
[2024-07-21T21:23:43.953+0800][12.973s][gc,heap     ] GC(88)      Live:         -                 5M (0%)            5M (0%)            5M (0%)             -                  -          
[2024-07-21T21:23:43.953+0800][12.973s][gc,heap     ] GC(88) Allocated:         -                34M (2%)           34M (2%)           34M (2%)             -                  -          
[2024-07-21T21:23:43.953+0800][12.973s][gc,heap     ] GC(88)   Garbage:         -               162M (8%)           64M (3%)           32M (2%)             -                  -          
[2024-07-21T21:23:43.953+0800][12.973s][gc,heap     ] GC(88) Reclaimed:         -                  -                98M (5%)          130M (6%)             -                  -          
[2024-07-21T21:23:43.953+0800][12.973s][gc          ] GC(88) Garbage Collection (Allocation Rate) 168M(8%)->72M(4%)
[2024-07-21T21:23:44.056+0800][13.075s][gc,start    ] GC(89) Garbage Collection (Allocation Rate)
[2024-07-21T21:23:44.056+0800][13.075s][gc,task     ] GC(89) Using 1 workers
[2024-07-21T21:23:44.056+0800][13.076s][gc,phases   ] GC(89) Pause Mark Start 0.009ms
[2024-07-21T21:23:44.061+0800][13.080s][gc,phases   ] GC(89) Concurrent Mark 4.427ms
[2024-07-21T21:23:44.061+0800][13.080s][gc,phases   ] GC(89) Pause Mark End 0.009ms
[2024-07-21T21:23:44.061+0800][13.081s][gc,phases   ] GC(89) Concurrent Mark Free 0.001ms
[2024-07-21T21:23:44.062+0800][13.082s][gc,phases   ] GC(89) Concurrent Process Non-Strong References 1.202ms
[2024-07-21T21:23:44.062+0800][13.082s][gc,phases   ] GC(89) Concurrent Reset Relocation Set 0.001ms
[2024-07-21T21:23:44.064+0800][13.084s][gc,phases   ] GC(89) Concurrent Select Relocation Set 1.861ms
[2024-07-21T21:23:44.064+0800][13.084s][gc,phases   ] GC(89) Pause Relocate Start 0.011ms
[2024-07-21T21:23:44.065+0800][13.085s][gc,phases   ] GC(89) Concurrent Relocate 0.755ms
[2024-07-21T21:23:44.065+0800][13.085s][gc,load     ] GC(89) Load: 0.00/0.00/0.00
[2024-07-21T21:23:44.065+0800][13.085s][gc,mmu      ] GC(89) MMU: 2ms/96.8%, 5ms/98.5%, 10ms/99.3%, 20ms/99.6%, 50ms/99.8%, 100ms/99.9%
[2024-07-21T21:23:44.065+0800][13.085s][gc,marking  ] GC(89) Mark: 1 stripe(s), 2 proactive flush(es), 1 terminate flush(es), 0 completion(s), 0 continuation(s) 
[2024-07-21T21:23:44.065+0800][13.085s][gc,marking  ] GC(89) Mark Stack Usage: 32M
[2024-07-21T21:23:44.065+0800][13.085s][gc,nmethod  ] GC(89) NMethods: 473 registered, 0 unregistered
[2024-07-21T21:23:44.065+0800][13.085s][gc,metaspace] GC(89) Metaspace: 1M used, 1M committed, 1032M reserved
[2024-07-21T21:23:44.065+0800][13.085s][gc,ref      ] GC(89) Soft: 93 encountered, 0 discovered, 0 enqueued
[2024-07-21T21:23:44.065+0800][13.085s][gc,ref      ] GC(89) Weak: 131 encountered, 107 discovered, 0 enqueued
[2024-07-21T21:23:44.065+0800][13.085s][gc,ref      ] GC(89) Final: 0 encountered, 0 discovered, 0 enqueued
[2024-07-21T21:23:44.065+0800][13.085s][gc,ref      ] GC(89) Phantom: 184 encountered, 98 discovered, 0 enqueued
[2024-07-21T21:23:44.065+0800][13.085s][gc,reloc    ] GC(89) Small Pages: 4 / 8M, Empty: 2M, Relocated: 0M, In-Place: 0
[2024-07-21T21:23:44.065+0800][13.085s][gc,reloc    ] GC(89) Medium Pages: 4 / 128M, Empty: 64M, Relocated: 3M, In-Place: 0
[2024-07-21T21:23:44.065+0800][13.085s][gc,reloc    ] GC(89) Large Pages: 0 / 0M, Empty: 0M, Relocated: 0M, In-Place: 0
[2024-07-21T21:23:44.066+0800][13.085s][gc,reloc    ] GC(89) Forwarding Usage: 0M
[2024-07-21T21:23:44.066+0800][13.085s][gc,heap     ] GC(89) Min Capacity: 8M(0%)
[2024-07-21T21:23:44.066+0800][13.085s][gc,heap     ] GC(89) Max Capacity: 2048M(100%)
[2024-07-21T21:23:44.066+0800][13.085s][gc,heap     ] GC(89) Soft Max Capacity: 256M(12%)
[2024-07-21T21:23:44.066+0800][13.085s][gc,heap     ] GC(89)                Mark Start          Mark End        Relocate Start      Relocate End           High               Low         
[2024-07-21T21:23:44.066+0800][13.085s][gc,heap     ] GC(89)  Capacity:      256M (12%)         256M (12%)         256M (12%)         256M (12%)         256M (12%)         256M (12%)    
[2024-07-21T21:23:44.066+0800][13.085s][gc,heap     ] GC(89)      Free:     1912M (93%)        1878M (92%)        1944M (95%)        1976M (96%)        1976M (96%)        1878M (92%)    
[2024-07-21T21:23:44.066+0800][13.085s][gc,heap     ] GC(89)      Used:      136M (7%)          170M (8%)          104M (5%)           72M (4%)          170M (8%)           72M (4%)     
[2024-07-21T21:23:44.066+0800][13.085s][gc,heap     ] GC(89)      Live:         -                 7M (0%)            7M (0%)            7M (0%)             -                  -          
[2024-07-21T21:23:44.066+0800][13.085s][gc,heap     ] GC(89) Allocated:         -                34M (2%)           34M (2%)           34M (2%)             -                  -          
[2024-07-21T21:23:44.066+0800][13.085s][gc,heap     ] GC(89)   Garbage:         -               128M (6%)           62M (3%)           30M (1%)             -                  -          
[2024-07-21T21:23:44.066+0800][13.085s][gc,heap     ] GC(89) Reclaimed:         -                  -                66M (3%)           98M (5%)             -                  -          
[2024-07-21T21:23:44.066+0800][13.085s][gc          ] GC(89) Garbage Collection (Allocation Rate) 136M(7%)->72M(4%)
[2024-07-21T21:23:44.246+0800][13.266s][gc,start    ] GC(90) Garbage Collection (Allocation Rate)
[2024-07-21T21:23:44.246+0800][13.266s][gc,task     ] GC(90) Using 1 workers
[2024-07-21T21:23:44.247+0800][13.266s][gc,phases   ] GC(90) Pause Mark Start 0.026ms
[2024-07-21T21:23:44.251+0800][13.271s][gc,phases   ] GC(90) Concurrent Mark 4.393ms
[2024-07-21T21:23:44.251+0800][13.271s][gc,phases   ] GC(90) Pause Mark End 0.026ms
[2024-07-21T21:23:44.251+0800][13.271s][gc,phases   ] GC(90) Concurrent Mark Free 0.001ms
[2024-07-21T21:23:44.253+0800][13.273s][gc,phases   ] GC(90) Concurrent Process Non-Strong References 1.096ms
[2024-07-21T21:23:44.253+0800][13.273s][gc,phases   ] GC(90) Concurrent Reset Relocation Set 0.001ms
[2024-07-21T21:23:44.255+0800][13.275s][gc,phases   ] GC(90) Concurrent Select Relocation Set 2.002ms
[2024-07-21T21:23:44.255+0800][13.275s][gc,phases   ] GC(90) Pause Relocate Start 0.007ms
[2024-07-21T21:23:44.256+0800][13.276s][gc,phases   ] GC(90) Concurrent Relocate 0.988ms
[2024-07-21T21:23:44.256+0800][13.276s][gc,load     ] GC(90) Load: 0.00/0.00/0.00
[2024-07-21T21:23:44.256+0800][13.276s][gc,mmu      ] GC(90) MMU: 2ms/96.8%, 5ms/98.5%, 10ms/99.3%, 20ms/99.6%, 50ms/99.8%, 100ms/99.9%
[2024-07-21T21:23:44.256+0800][13.276s][gc,marking  ] GC(90) Mark: 1 stripe(s), 2 proactive flush(es), 1 terminate flush(es), 0 completion(s), 0 continuation(s) 
[2024-07-21T21:23:44.256+0800][13.276s][gc,marking  ] GC(90) Mark Stack Usage: 32M
[2024-07-21T21:23:44.256+0800][13.276s][gc,nmethod  ] GC(90) NMethods: 473 registered, 0 unregistered
[2024-07-21T21:23:44.256+0800][13.276s][gc,metaspace] GC(90) Metaspace: 1M used, 1M committed, 1032M reserved
[2024-07-21T21:23:44.256+0800][13.276s][gc,ref      ] GC(90) Soft: 93 encountered, 0 discovered, 0 enqueued
[2024-07-21T21:23:44.256+0800][13.276s][gc,ref      ] GC(90) Weak: 131 encountered, 107 discovered, 0 enqueued
[2024-07-21T21:23:44.256+0800][13.276s][gc,ref      ] GC(90) Final: 0 encountered, 0 discovered, 0 enqueued
[2024-07-21T21:23:44.256+0800][13.276s][gc,ref      ] GC(90) Phantom: 184 encountered, 98 discovered, 0 enqueued
[2024-07-21T21:23:44.256+0800][13.276s][gc,reloc    ] GC(90) Small Pages: 4 / 8M, Empty: 2M, Relocated: 0M, In-Place: 0
[2024-07-21T21:23:44.256+0800][13.276s][gc,reloc    ] GC(90) Medium Pages: 5 / 160M, Empty: 96M, Relocated: 4M, In-Place: 0
[2024-07-21T21:23:44.256+0800][13.276s][gc,reloc    ] GC(90) Large Pages: 0 / 0M, Empty: 0M, Relocated: 0M, In-Place: 0
[2024-07-21T21:23:44.256+0800][13.276s][gc,reloc    ] GC(90) Forwarding Usage: 0M
[2024-07-21T21:23:44.256+0800][13.276s][gc,heap     ] GC(90) Min Capacity: 8M(0%)
[2024-07-21T21:23:44.256+0800][13.276s][gc,heap     ] GC(90) Max Capacity: 2048M(100%)
[2024-07-21T21:23:44.256+0800][13.276s][gc,heap     ] GC(90) Soft Max Capacity: 256M(12%)
[2024-07-21T21:23:44.256+0800][13.276s][gc,heap     ] GC(90)                Mark Start          Mark End        Relocate Start      Relocate End           High               Low         
[2024-07-21T21:23:44.256+0800][13.276s][gc,heap     ] GC(90)  Capacity:      256M (12%)         256M (12%)         256M (12%)         256M (12%)         256M (12%)         256M (12%)    
[2024-07-21T21:23:44.256+0800][13.276s][gc,heap     ] GC(90)      Free:     1880M (92%)        1846M (90%)        1944M (95%)        1976M (96%)        1976M (96%)        1846M (90%)    
[2024-07-21T21:23:44.256+0800][13.276s][gc,heap     ] GC(90)      Used:      168M (8%)          202M (10%)         104M (5%)           72M (4%)          202M (10%)          72M (4%)     
[2024-07-21T21:23:44.256+0800][13.276s][gc,heap     ] GC(90)      Live:         -                 8M (0%)            8M (0%)            8M (0%)             -                  -          
[2024-07-21T21:23:44.256+0800][13.276s][gc,heap     ] GC(90) Allocated:         -                34M (2%)           34M (2%)           34M (2%)             -                  -          
[2024-07-21T21:23:44.256+0800][13.276s][gc,heap     ] GC(90)   Garbage:         -               159M (8%)           61M (3%)           29M (1%)             -                  -          
[2024-07-21T21:23:44.256+0800][13.276s][gc,heap     ] GC(90) Reclaimed:         -                  -                98M (5%)          130M (6%)             -                  -          
[2024-07-21T21:23:44.256+0800][13.276s][gc          ] GC(90) Garbage Collection (Allocation Rate) 168M(8%)->72M(4%)
[2024-07-21T21:23:44.357+0800][13.376s][gc,start    ] GC(91) Garbage Collection (Allocation Rate)
[2024-07-21T21:23:44.357+0800][13.376s][gc,task     ] GC(91) Using 1 workers
[2024-07-21T21:23:44.357+0800][13.377s][gc,phases   ] GC(91) Pause Mark Start 0.008ms
[2024-07-21T21:23:44.361+0800][13.380s][gc,phases   ] GC(91) Concurrent Mark 3.761ms
[2024-07-21T21:23:44.362+0800][13.381s][gc,phases   ] GC(91) Pause Mark End 0.009ms
[2024-07-21T21:23:44.362+0800][13.381s][gc,phases   ] GC(91) Concurrent Mark Free 0.001ms
[2024-07-21T21:23:44.363+0800][13.382s][gc,phases   ] GC(91) Concurrent Process Non-Strong References 0.974ms
[2024-07-21T21:23:44.363+0800][13.382s][gc,phases   ] GC(91) Concurrent Reset Relocation Set 0.001ms
[2024-07-21T21:23:44.364+0800][13.384s][gc,phases   ] GC(91) Concurrent Select Relocation Set 1.789ms
[2024-07-21T21:23:44.365+0800][13.384s][gc,phases   ] GC(91) Pause Relocate Start 0.004ms
[2024-07-21T21:23:44.365+0800][13.384s][gc,phases   ] GC(91) Concurrent Relocate 0.237ms
[2024-07-21T21:23:44.365+0800][13.384s][gc,load     ] GC(91) Load: 0.00/0.00/0.00
[2024-07-21T21:23:44.365+0800][13.384s][gc,mmu      ] GC(91) MMU: 2ms/96.8%, 5ms/98.5%, 10ms/99.3%, 20ms/99.6%, 50ms/99.8%, 100ms/99.9%
[2024-07-21T21:23:44.365+0800][13.384s][gc,marking  ] GC(91) Mark: 1 stripe(s), 2 proactive flush(es), 1 terminate flush(es), 0 completion(s), 0 continuation(s) 
[2024-07-21T21:23:44.365+0800][13.384s][gc,marking  ] GC(91) Mark Stack Usage: 32M
[2024-07-21T21:23:44.365+0800][13.384s][gc,nmethod  ] GC(91) NMethods: 474 registered, 0 unregistered
[2024-07-21T21:23:44.365+0800][13.384s][gc,metaspace] GC(91) Metaspace: 1M used, 1M committed, 1032M reserved
[2024-07-21T21:23:44.365+0800][13.384s][gc,ref      ] GC(91) Soft: 93 encountered, 0 discovered, 0 enqueued
[2024-07-21T21:23:44.365+0800][13.384s][gc,ref      ] GC(91) Weak: 131 encountered, 107 discovered, 0 enqueued
[2024-07-21T21:23:44.365+0800][13.384s][gc,ref      ] GC(91) Final: 0 encountered, 0 discovered, 0 enqueued
[2024-07-21T21:23:44.365+0800][13.384s][gc,ref      ] GC(91) Phantom: 184 encountered, 98 discovered, 0 enqueued
[2024-07-21T21:23:44.365+0800][13.384s][gc,reloc    ] GC(91) Small Pages: 4 / 8M, Empty: 2M, Relocated: 0M, In-Place: 0
[2024-07-21T21:23:44.365+0800][13.384s][gc,reloc    ] GC(91) Medium Pages: 4 / 128M, Empty: 64M, Relocated: 1M, In-Place: 0
[2024-07-21T21:23:44.365+0800][13.384s][gc,reloc    ] GC(91) Large Pages: 0 / 0M, Empty: 0M, Relocated: 0M, In-Place: 0
[2024-07-21T21:23:44.365+0800][13.384s][gc,reloc    ] GC(91) Forwarding Usage: 0M
[2024-07-21T21:23:44.365+0800][13.384s][gc,heap     ] GC(91) Min Capacity: 8M(0%)
[2024-07-21T21:23:44.365+0800][13.384s][gc,heap     ] GC(91) Max Capacity: 2048M(100%)
[2024-07-21T21:23:44.365+0800][13.384s][gc,heap     ] GC(91) Soft Max Capacity: 256M(12%)
[2024-07-21T21:23:44.365+0800][13.384s][gc,heap     ] GC(91)                Mark Start          Mark End        Relocate Start      Relocate End           High               Low         
[2024-07-21T21:23:44.365+0800][13.384s][gc,heap     ] GC(91)  Capacity:      256M (12%)         256M (12%)         256M (12%)         256M (12%)         256M (12%)         256M (12%)    
[2024-07-21T21:23:44.365+0800][13.384s][gc,heap     ] GC(91)      Free:     1912M (93%)        1878M (92%)        1944M (95%)        1976M (96%)        1976M (96%)        1878M (92%)    
[2024-07-21T21:23:44.365+0800][13.384s][gc,heap     ] GC(91)      Used:      136M (7%)          170M (8%)          104M (5%)           72M (4%)          170M (8%)           72M (4%)     
[2024-07-21T21:23:44.365+0800][13.384s][gc,heap     ] GC(91)      Live:         -                 5M (0%)            5M (0%)            5M (0%)             -                  -          
[2024-07-21T21:23:44.365+0800][13.384s][gc,heap     ] GC(91) Allocated:         -                34M (2%)           34M (2%)           34M (2%)             -                  -          
[2024-07-21T21:23:44.365+0800][13.384s][gc,heap     ] GC(91)   Garbage:         -               130M (6%)           64M (3%)           32M (2%)             -                  -          
[2024-07-21T21:23:44.365+0800][13.384s][gc,heap     ] GC(91) Reclaimed:         -                  -                66M (3%)           98M (5%)             -                  -          
[2024-07-21T21:23:44.365+0800][13.385s][gc          ] GC(91) Garbage Collection (Allocation Rate) 136M(7%)->72M(4%)
[2024-07-21T21:23:44.545+0800][13.564s][gc,start    ] GC(92) Garbage Collection (Allocation Rate)
[2024-07-21T21:23:44.545+0800][13.564s][gc,task     ] GC(92) Using 1 workers
[2024-07-21T21:23:44.545+0800][13.565s][gc,phases   ] GC(92) Pause Mark Start 0.007ms
[2024-07-21T21:23:44.549+0800][13.569s][gc,phases   ] GC(92) Concurrent Mark 3.889ms
[2024-07-21T21:23:44.549+0800][13.569s][gc,phases   ] GC(92) Pause Mark End 0.008ms
[2024-07-21T21:23:44.549+0800][13.569s][gc,phases   ] GC(92) Concurrent Mark Free 0.001ms
[2024-07-21T21:23:44.551+0800][13.570s][gc,phases   ] GC(92) Concurrent Process Non-Strong References 1.200ms
[2024-07-21T21:23:44.551+0800][13.570s][gc,phases   ] GC(92) Concurrent Reset Relocation Set 0.004ms
[2024-07-21T21:23:44.553+0800][13.573s][gc,phases   ] GC(92) Concurrent Select Relocation Set 2.411ms
[2024-07-21T21:23:44.553+0800][13.573s][gc,phases   ] GC(92) Pause Relocate Start 0.007ms
[2024-07-21T21:23:44.554+0800][13.573s][gc,phases   ] GC(92) Concurrent Relocate 0.265ms
[2024-07-21T21:23:44.554+0800][13.573s][gc,load     ] GC(92) Load: 0.00/0.00/0.00
[2024-07-21T21:23:44.554+0800][13.573s][gc,mmu      ] GC(92) MMU: 2ms/96.8%, 5ms/98.5%, 10ms/99.3%, 20ms/99.6%, 50ms/99.8%, 100ms/99.9%
[2024-07-21T21:23:44.554+0800][13.573s][gc,marking  ] GC(92) Mark: 1 stripe(s), 2 proactive flush(es), 1 terminate flush(es), 0 completion(s), 0 continuation(s) 
[2024-07-21T21:23:44.554+0800][13.573s][gc,marking  ] GC(92) Mark Stack Usage: 32M
[2024-07-21T21:23:44.554+0800][13.573s][gc,nmethod  ] GC(92) NMethods: 474 registered, 0 unregistered
[2024-07-21T21:23:44.554+0800][13.573s][gc,metaspace] GC(92) Metaspace: 1M used, 1M committed, 1032M reserved
[2024-07-21T21:23:44.554+0800][13.573s][gc,ref      ] GC(92) Soft: 93 encountered, 0 discovered, 0 enqueued
[2024-07-21T21:23:44.554+0800][13.573s][gc,ref      ] GC(92) Weak: 131 encountered, 107 discovered, 0 enqueued
[2024-07-21T21:23:44.554+0800][13.573s][gc,ref      ] GC(92) Final: 0 encountered, 0 discovered, 0 enqueued
[2024-07-21T21:23:44.554+0800][13.573s][gc,ref      ] GC(92) Phantom: 184 encountered, 98 discovered, 0 enqueued
[2024-07-21T21:23:44.554+0800][13.574s][gc,reloc    ] GC(92) Small Pages: 4 / 8M, Empty: 2M, Relocated: 0M, In-Place: 0
[2024-07-21T21:23:44.554+0800][13.574s][gc,reloc    ] GC(92) Medium Pages: 5 / 160M, Empty: 96M, Relocated: 1M, In-Place: 0
[2024-07-21T21:23:44.554+0800][13.574s][gc,reloc    ] GC(92) Large Pages: 0 / 0M, Empty: 0M, Relocated: 0M, In-Place: 0
[2024-07-21T21:23:44.554+0800][13.574s][gc,reloc    ] GC(92) Forwarding Usage: 0M
[2024-07-21T21:23:44.554+0800][13.574s][gc,heap     ] GC(92) Min Capacity: 8M(0%)
[2024-07-21T21:23:44.554+0800][13.574s][gc,heap     ] GC(92) Max Capacity: 2048M(100%)
[2024-07-21T21:23:44.554+0800][13.574s][gc,heap     ] GC(92) Soft Max Capacity: 256M(12%)
[2024-07-21T21:23:44.554+0800][13.574s][gc,heap     ] GC(92)                Mark Start          Mark End        Relocate Start      Relocate End           High               Low         
[2024-07-21T21:23:44.554+0800][13.574s][gc,heap     ] GC(92)  Capacity:      256M (12%)         256M (12%)         256M (12%)         256M (12%)         256M (12%)         256M (12%)    
[2024-07-21T21:23:44.554+0800][13.574s][gc,heap     ] GC(92)      Free:     1880M (92%)        1846M (90%)        1944M (95%)        1976M (96%)        1976M (96%)        1846M (90%)    
[2024-07-21T21:23:44.554+0800][13.574s][gc,heap     ] GC(92)      Used:      168M (8%)          202M (10%)         104M (5%)           72M (4%)          202M (10%)          72M (4%)     
[2024-07-21T21:23:44.554+0800][13.574s][gc,heap     ] GC(92)      Live:         -                 5M (0%)            5M (0%)            5M (0%)             -                  -          
[2024-07-21T21:23:44.554+0800][13.574s][gc,heap     ] GC(92) Allocated:         -                34M (2%)           34M (2%)           34M (2%)             -                  -          
[2024-07-21T21:23:44.554+0800][13.574s][gc,heap     ] GC(92)   Garbage:         -               162M (8%)           64M (3%)           32M (2%)             -                  -          
[2024-07-21T21:23:44.554+0800][13.574s][gc,heap     ] GC(92) Reclaimed:         -                  -                98M (5%)          130M (6%)             -                  -          
[2024-07-21T21:23:44.554+0800][13.574s][gc          ] GC(92) Garbage Collection (Allocation Rate) 168M(8%)->72M(4%)
[2024-07-21T21:23:44.655+0800][13.674s][gc,start    ] GC(93) Garbage Collection (Allocation Rate)
[2024-07-21T21:23:44.655+0800][13.674s][gc,task     ] GC(93) Using 1 workers
[2024-07-21T21:23:44.655+0800][13.674s][gc,phases   ] GC(93) Pause Mark Start 0.006ms
[2024-07-21T21:23:44.659+0800][13.678s][gc,phases   ] GC(93) Concurrent Mark 3.692ms
[2024-07-21T21:23:44.659+0800][13.678s][gc,phases   ] GC(93) Pause Mark End 0.009ms
[2024-07-21T21:23:44.659+0800][13.678s][gc,phases   ] GC(93) Concurrent Mark Free 0.001ms
[2024-07-21T21:23:44.660+0800][13.680s][gc,phases   ] GC(93) Concurrent Process Non-Strong References 1.086ms
[2024-07-21T21:23:44.660+0800][13.680s][gc,phases   ] GC(93) Concurrent Reset Relocation Set 0.001ms
[2024-07-21T21:23:44.662+0800][13.681s][gc,phases   ] GC(93) Concurrent Select Relocation Set 1.763ms
[2024-07-21T21:23:44.662+0800][13.682s][gc,phases   ] GC(93) Pause Relocate Start 0.008ms
[2024-07-21T21:23:44.663+0800][13.683s][gc,phases   ] GC(93) Concurrent Relocate 1.031ms
[2024-07-21T21:23:44.663+0800][13.683s][gc,load     ] GC(93) Load: 0.00/0.00/0.00
[2024-07-21T21:23:44.663+0800][13.683s][gc,mmu      ] GC(93) MMU: 2ms/96.8%, 5ms/98.5%, 10ms/99.3%, 20ms/99.6%, 50ms/99.8%, 100ms/99.9%
[2024-07-21T21:23:44.663+0800][13.683s][gc,marking  ] GC(93) Mark: 1 stripe(s), 2 proactive flush(es), 1 terminate flush(es), 0 completion(s), 0 continuation(s) 
[2024-07-21T21:23:44.663+0800][13.683s][gc,marking  ] GC(93) Mark Stack Usage: 32M
[2024-07-21T21:23:44.663+0800][13.683s][gc,nmethod  ] GC(93) NMethods: 474 registered, 0 unregistered
[2024-07-21T21:23:44.663+0800][13.683s][gc,metaspace] GC(93) Metaspace: 1M used, 1M committed, 1032M reserved
[2024-07-21T21:23:44.664+0800][13.683s][gc,ref      ] GC(93) Soft: 93 encountered, 0 discovered, 0 enqueued
[2024-07-21T21:23:44.664+0800][13.683s][gc,ref      ] GC(93) Weak: 131 encountered, 107 discovered, 0 enqueued
[2024-07-21T21:23:44.664+0800][13.683s][gc,ref      ] GC(93) Final: 0 encountered, 0 discovered, 0 enqueued
[2024-07-21T21:23:44.664+0800][13.683s][gc,ref      ] GC(93) Phantom: 184 encountered, 98 discovered, 0 enqueued
[2024-07-21T21:23:44.664+0800][13.683s][gc,reloc    ] GC(93) Small Pages: 4 / 8M, Empty: 2M, Relocated: 0M, In-Place: 0
[2024-07-21T21:23:44.664+0800][13.683s][gc,reloc    ] GC(93) Medium Pages: 4 / 128M, Empty: 64M, Relocated: 5M, In-Place: 0
[2024-07-21T21:23:44.664+0800][13.683s][gc,reloc    ] GC(93) Large Pages: 0 / 0M, Empty: 0M, Relocated: 0M, In-Place: 0
[2024-07-21T21:23:44.664+0800][13.683s][gc,reloc    ] GC(93) Forwarding Usage: 0M
[2024-07-21T21:23:44.664+0800][13.683s][gc,heap     ] GC(93) Min Capacity: 8M(0%)
[2024-07-21T21:23:44.664+0800][13.683s][gc,heap     ] GC(93) Max Capacity: 2048M(100%)
[2024-07-21T21:23:44.664+0800][13.683s][gc,heap     ] GC(93) Soft Max Capacity: 256M(12%)
[2024-07-21T21:23:44.664+0800][13.683s][gc,heap     ] GC(93)                Mark Start          Mark End        Relocate Start      Relocate End           High               Low         
[2024-07-21T21:23:44.664+0800][13.683s][gc,heap     ] GC(93)  Capacity:      256M (12%)         256M (12%)         256M (12%)         256M (12%)         256M (12%)         256M (12%)    
[2024-07-21T21:23:44.664+0800][13.683s][gc,heap     ] GC(93)      Free:     1912M (93%)        1878M (92%)        1944M (95%)        1976M (96%)        1976M (96%)        1878M (92%)    
[2024-07-21T21:23:44.664+0800][13.683s][gc,heap     ] GC(93)      Used:      136M (7%)          170M (8%)          104M (5%)           72M (4%)          170M (8%)           72M (4%)     
[2024-07-21T21:23:44.664+0800][13.683s][gc,heap     ] GC(93)      Live:         -                 9M (0%)            9M (0%)            9M (0%)             -                  -          
[2024-07-21T21:23:44.664+0800][13.683s][gc,heap     ] GC(93) Allocated:         -                34M (2%)           34M (2%)           34M (2%)             -                  -          
[2024-07-21T21:23:44.664+0800][13.683s][gc,heap     ] GC(93)   Garbage:         -               126M (6%)           60M (3%)           28M (1%)             -                  -          
[2024-07-21T21:23:44.664+0800][13.683s][gc,heap     ] GC(93) Reclaimed:         -                  -                66M (3%)           98M (5%)             -                  -          
[2024-07-21T21:23:44.664+0800][13.683s][gc          ] GC(93) Garbage Collection (Allocation Rate) 136M(7%)->72M(4%)
[2024-07-21T21:23:44.843+0800][13.862s][gc,start    ] GC(94) Garbage Collection (Allocation Rate)
[2024-07-21T21:23:44.843+0800][13.863s][gc,task     ] GC(94) Using 1 workers
[2024-07-21T21:23:44.843+0800][13.863s][gc,phases   ] GC(94) Pause Mark Start 0.006ms
[2024-07-21T21:23:44.846+0800][13.866s][gc,phases   ] GC(94) Concurrent Mark 3.436ms
[2024-07-21T21:23:44.847+0800][13.866s][gc,phases   ] GC(94) Pause Mark End 0.010ms
[2024-07-21T21:23:44.847+0800][13.867s][gc,phases   ] GC(94) Concurrent Mark Free 0.001ms
[2024-07-21T21:23:44.848+0800][13.867s][gc,phases   ] GC(94) Concurrent Process Non-Strong References 0.812ms
[2024-07-21T21:23:44.848+0800][13.867s][gc,phases   ] GC(94) Concurrent Reset Relocation Set 0.001ms
[2024-07-21T21:23:44.849+0800][13.869s][gc,phases   ] GC(94) Concurrent Select Relocation Set 1.765ms
[2024-07-21T21:23:44.849+0800][13.869s][gc,phases   ] GC(94) Pause Relocate Start 0.008ms
[2024-07-21T21:23:44.850+0800][13.870s][gc,phases   ] GC(94) Concurrent Relocate 0.681ms
[2024-07-21T21:23:44.850+0800][13.870s][gc,load     ] GC(94) Load: 0.00/0.00/0.00
[2024-07-21T21:23:44.850+0800][13.870s][gc,mmu      ] GC(94) MMU: 2ms/96.8%, 5ms/98.5%, 10ms/99.3%, 20ms/99.6%, 50ms/99.8%, 100ms/99.9%
[2024-07-21T21:23:44.850+0800][13.870s][gc,marking  ] GC(94) Mark: 1 stripe(s), 2 proactive flush(es), 1 terminate flush(es), 0 completion(s), 0 continuation(s) 
[2024-07-21T21:23:44.850+0800][13.870s][gc,marking  ] GC(94) Mark Stack Usage: 32M
[2024-07-21T21:23:44.850+0800][13.870s][gc,nmethod  ] GC(94) NMethods: 474 registered, 0 unregistered
[2024-07-21T21:23:44.850+0800][13.870s][gc,metaspace] GC(94) Metaspace: 1M used, 1M committed, 1032M reserved
[2024-07-21T21:23:44.850+0800][13.870s][gc,ref      ] GC(94) Soft: 93 encountered, 0 discovered, 0 enqueued
[2024-07-21T21:23:44.850+0800][13.870s][gc,ref      ] GC(94) Weak: 131 encountered, 107 discovered, 0 enqueued
[2024-07-21T21:23:44.850+0800][13.870s][gc,ref      ] GC(94) Final: 0 encountered, 0 discovered, 0 enqueued
[2024-07-21T21:23:44.850+0800][13.870s][gc,ref      ] GC(94) Phantom: 184 encountered, 98 discovered, 0 enqueued
[2024-07-21T21:23:44.850+0800][13.870s][gc,reloc    ] GC(94) Small Pages: 4 / 8M, Empty: 2M, Relocated: 0M, In-Place: 0
[2024-07-21T21:23:44.850+0800][13.870s][gc,reloc    ] GC(94) Medium Pages: 5 / 160M, Empty: 96M, Relocated: 4M, In-Place: 0
[2024-07-21T21:23:44.850+0800][13.870s][gc,reloc    ] GC(94) Large Pages: 0 / 0M, Empty: 0M, Relocated: 0M, In-Place: 0
[2024-07-21T21:23:44.850+0800][13.870s][gc,reloc    ] GC(94) Forwarding Usage: 0M
[2024-07-21T21:23:44.850+0800][13.870s][gc,heap     ] GC(94) Min Capacity: 8M(0%)
[2024-07-21T21:23:44.850+0800][13.870s][gc,heap     ] GC(94) Max Capacity: 2048M(100%)
[2024-07-21T21:23:44.850+0800][13.870s][gc,heap     ] GC(94) Soft Max Capacity: 256M(12%)
[2024-07-21T21:23:44.850+0800][13.870s][gc,heap     ] GC(94)                Mark Start          Mark End        Relocate Start      Relocate End           High               Low         
[2024-07-21T21:23:44.851+0800][13.870s][gc,heap     ] GC(94)  Capacity:      256M (12%)         256M (12%)         256M (12%)         256M (12%)         256M (12%)         256M (12%)    
[2024-07-21T21:23:44.851+0800][13.870s][gc,heap     ] GC(94)      Free:     1880M (92%)        1846M (90%)        1944M (95%)        1976M (96%)        1976M (96%)        1846M (90%)    
[2024-07-21T21:23:44.851+0800][13.870s][gc,heap     ] GC(94)      Used:      168M (8%)          202M (10%)         104M (5%)           72M (4%)          202M (10%)          72M (4%)     
[2024-07-21T21:23:44.851+0800][13.871s][gc,heap     ] GC(94)      Live:         -                 8M (0%)            8M (0%)            8M (0%)             -                  -          
[2024-07-21T21:23:44.851+0800][13.871s][gc,heap     ] GC(94) Allocated:         -                34M (2%)           34M (2%)           34M (2%)             -                  -          
[2024-07-21T21:23:44.851+0800][13.871s][gc,heap     ] GC(94)   Garbage:         -               159M (8%)           61M (3%)           29M (1%)             -                  -          
[2024-07-21T21:23:44.851+0800][13.871s][gc,heap     ] GC(94) Reclaimed:         -                  -                98M (5%)          130M (6%)             -                  -          
[2024-07-21T21:23:44.851+0800][13.871s][gc          ] GC(94) Garbage Collection (Allocation Rate) 168M(8%)->72M(4%)
[2024-07-21T21:23:44.954+0800][13.973s][gc,start    ] GC(95) Garbage Collection (Allocation Rate)
[2024-07-21T21:23:44.954+0800][13.973s][gc,task     ] GC(95) Using 1 workers
[2024-07-21T21:23:44.954+0800][13.973s][gc,phases   ] GC(95) Pause Mark Start 0.011ms
[2024-07-21T21:23:44.957+0800][13.977s][gc,phases   ] GC(95) Concurrent Mark 4.230ms
[2024-07-21T21:23:44.958+0800][13.977s][gc,phases   ] GC(95) Pause Mark End 0.017ms
[2024-07-21T21:23:44.958+0800][13.978s][gc,phases   ] GC(95) Concurrent Mark Free 0.001ms
[2024-07-21T21:23:44.959+0800][13.979s][gc,phases   ] GC(95) Concurrent Process Non-Strong References 1.225ms
[2024-07-21T21:23:44.959+0800][13.979s][gc,phases   ] GC(95) Concurrent Reset Relocation Set 0.001ms
[2024-07-21T21:23:44.961+0800][13.981s][gc,phases   ] GC(95) Concurrent Select Relocation Set 1.948ms
[2024-07-21T21:23:44.961+0800][13.981s][gc,phases   ] GC(95) Pause Relocate Start 0.016ms
[2024-07-21T21:23:44.962+0800][13.981s][gc,phases   ] GC(95) Concurrent Relocate 0.306ms
[2024-07-21T21:23:44.962+0800][13.981s][gc,load     ] GC(95) Load: 0.00/0.00/0.00
[2024-07-21T21:23:44.962+0800][13.981s][gc,mmu      ] GC(95) MMU: 2ms/96.8%, 5ms/98.5%, 10ms/99.3%, 20ms/99.6%, 50ms/99.8%, 100ms/99.9%
[2024-07-21T21:23:44.962+0800][13.982s][gc,marking  ] GC(95) Mark: 1 stripe(s), 2 proactive flush(es), 1 terminate flush(es), 0 completion(s), 0 continuation(s) 
[2024-07-21T21:23:44.962+0800][13.982s][gc,marking  ] GC(95) Mark Stack Usage: 32M
[2024-07-21T21:23:44.962+0800][13.982s][gc,nmethod  ] GC(95) NMethods: 474 registered, 0 unregistered
[2024-07-21T21:23:44.962+0800][13.982s][gc,metaspace] GC(95) Metaspace: 1M used, 1M committed, 1032M reserved
[2024-07-21T21:23:44.962+0800][13.982s][gc,ref      ] GC(95) Soft: 93 encountered, 0 discovered, 0 enqueued
[2024-07-21T21:23:44.962+0800][13.982s][gc,ref      ] GC(95) Weak: 131 encountered, 107 discovered, 0 enqueued
[2024-07-21T21:23:44.962+0800][13.982s][gc,ref      ] GC(95) Final: 0 encountered, 0 discovered, 0 enqueued
[2024-07-21T21:23:44.962+0800][13.982s][gc,ref      ] GC(95) Phantom: 184 encountered, 98 discovered, 0 enqueued
[2024-07-21T21:23:44.962+0800][13.982s][gc,reloc    ] GC(95) Small Pages: 4 / 8M, Empty: 2M, Relocated: 0M, In-Place: 0
[2024-07-21T21:23:44.962+0800][13.982s][gc,reloc    ] GC(95) Medium Pages: 4 / 128M, Empty: 64M, Relocated: 1M, In-Place: 0
[2024-07-21T21:23:44.962+0800][13.982s][gc,reloc    ] GC(95) Large Pages: 0 / 0M, Empty: 0M, Relocated: 0M, In-Place: 0
[2024-07-21T21:23:44.962+0800][13.982s][gc,reloc    ] GC(95) Forwarding Usage: 0M
[2024-07-21T21:23:44.962+0800][13.982s][gc,heap     ] GC(95) Min Capacity: 8M(0%)
[2024-07-21T21:23:44.962+0800][13.982s][gc,heap     ] GC(95) Max Capacity: 2048M(100%)
[2024-07-21T21:23:44.962+0800][13.982s][gc,heap     ] GC(95) Soft Max Capacity: 256M(12%)
[2024-07-21T21:23:44.962+0800][13.982s][gc,heap     ] GC(95)                Mark Start          Mark End        Relocate Start      Relocate End           High               Low         
[2024-07-21T21:23:44.962+0800][13.982s][gc,heap     ] GC(95)  Capacity:      256M (12%)         256M (12%)         256M (12%)         256M (12%)         256M (12%)         256M (12%)    
[2024-07-21T21:23:44.962+0800][13.982s][gc,heap     ] GC(95)      Free:     1912M (93%)        1878M (92%)        1944M (95%)        1976M (96%)        1976M (96%)        1878M (92%)    
[2024-07-21T21:23:44.962+0800][13.982s][gc,heap     ] GC(95)      Used:      136M (7%)          170M (8%)          104M (5%)           72M (4%)          170M (8%)           72M (4%)     
[2024-07-21T21:23:44.962+0800][13.982s][gc,heap     ] GC(95)      Live:         -                 5M (0%)            5M (0%)            5M (0%)             -                  -          
[2024-07-21T21:23:44.962+0800][13.982s][gc,heap     ] GC(95) Allocated:         -                34M (2%)           34M (2%)           34M (2%)             -                  -          
[2024-07-21T21:23:44.962+0800][13.982s][gc,heap     ] GC(95)   Garbage:         -               130M (6%)           64M (3%)           32M (2%)             -                  -          
[2024-07-21T21:23:44.962+0800][13.982s][gc,heap     ] GC(95) Reclaimed:         -                  -                66M (3%)           98M (5%)             -                  -          
[2024-07-21T21:23:44.962+0800][13.982s][gc          ] GC(95) Garbage Collection (Allocation Rate) 136M(7%)->72M(4%)
[2024-07-21T21:23:45.156+0800][14.176s][gc,start    ] GC(96) Garbage Collection (Allocation Rate)
[2024-07-21T21:23:45.156+0800][14.176s][gc,task     ] GC(96) Using 1 workers
[2024-07-21T21:23:45.156+0800][14.176s][gc,phases   ] GC(96) Pause Mark Start 0.006ms
[2024-07-21T21:23:45.160+0800][14.180s][gc,phases   ] GC(96) Concurrent Mark 4.338ms
[2024-07-21T21:23:45.161+0800][14.181s][gc,phases   ] GC(96) Pause Mark End 0.009ms
[2024-07-21T21:23:45.161+0800][14.181s][gc,phases   ] GC(96) Concurrent Mark Free 0.001ms
[2024-07-21T21:23:45.162+0800][14.182s][gc,phases   ] GC(96) Concurrent Process Non-Strong References 1.227ms
[2024-07-21T21:23:45.162+0800][14.182s][gc,phases   ] GC(96) Concurrent Reset Relocation Set 0.001ms
[2024-07-21T21:23:45.164+0800][14.184s][gc,phases   ] GC(96) Concurrent Select Relocation Set 1.785ms
[2024-07-21T21:23:45.164+0800][14.184s][gc,phases   ] GC(96) Pause Relocate Start 0.012ms
[2024-07-21T21:23:45.165+0800][14.185s][gc,phases   ] GC(96) Concurrent Relocate 0.994ms
[2024-07-21T21:23:45.165+0800][14.185s][gc,load     ] GC(96) Load: 0.00/0.00/0.00
[2024-07-21T21:23:45.165+0800][14.185s][gc,mmu      ] GC(96) MMU: 2ms/96.8%, 5ms/98.5%, 10ms/99.3%, 20ms/99.6%, 50ms/99.8%, 100ms/99.9%
[2024-07-21T21:23:45.165+0800][14.185s][gc,marking  ] GC(96) Mark: 1 stripe(s), 2 proactive flush(es), 1 terminate flush(es), 0 completion(s), 0 continuation(s) 
[2024-07-21T21:23:45.165+0800][14.185s][gc,marking  ] GC(96) Mark Stack Usage: 32M
[2024-07-21T21:23:45.165+0800][14.185s][gc,nmethod  ] GC(96) NMethods: 474 registered, 0 unregistered
[2024-07-21T21:23:45.165+0800][14.185s][gc,metaspace] GC(96) Metaspace: 1M used, 1M committed, 1032M reserved
[2024-07-21T21:23:45.165+0800][14.185s][gc,ref      ] GC(96) Soft: 93 encountered, 0 discovered, 0 enqueued
[2024-07-21T21:23:45.165+0800][14.185s][gc,ref      ] GC(96) Weak: 131 encountered, 107 discovered, 0 enqueued
[2024-07-21T21:23:45.165+0800][14.185s][gc,ref      ] GC(96) Final: 0 encountered, 0 discovered, 0 enqueued
[2024-07-21T21:23:45.165+0800][14.185s][gc,ref      ] GC(96) Phantom: 184 encountered, 98 discovered, 0 enqueued
[2024-07-21T21:23:45.165+0800][14.185s][gc,reloc    ] GC(96) Small Pages: 4 / 8M, Empty: 2M, Relocated: 0M, In-Place: 0
[2024-07-21T21:23:45.165+0800][14.185s][gc,reloc    ] GC(96) Medium Pages: 6 / 192M, Empty: 128M, Relocated: 4M, In-Place: 0
[2024-07-21T21:23:45.165+0800][14.185s][gc,reloc    ] GC(96) Large Pages: 0 / 0M, Empty: 0M, Relocated: 0M, In-Place: 0
[2024-07-21T21:23:45.165+0800][14.185s][gc,reloc    ] GC(96) Forwarding Usage: 0M
[2024-07-21T21:23:45.165+0800][14.185s][gc,heap     ] GC(96) Min Capacity: 8M(0%)
[2024-07-21T21:23:45.165+0800][14.185s][gc,heap     ] GC(96) Max Capacity: 2048M(100%)
[2024-07-21T21:23:45.165+0800][14.185s][gc,heap     ] GC(96) Soft Max Capacity: 256M(12%)
[2024-07-21T21:23:45.165+0800][14.185s][gc,heap     ] GC(96)                Mark Start          Mark End        Relocate Start      Relocate End           High               Low         
[2024-07-21T21:23:45.166+0800][14.186s][gc,heap     ] GC(96)  Capacity:      256M (12%)         256M (12%)         256M (12%)         256M (12%)         256M (12%)         256M (12%)    
[2024-07-21T21:23:45.166+0800][14.186s][gc,heap     ] GC(96)      Free:     1848M (90%)        1814M (89%)        1944M (95%)        1976M (96%)        1976M (96%)        1814M (89%)    
[2024-07-21T21:23:45.166+0800][14.186s][gc,heap     ] GC(96)      Used:      200M (10%)         234M (11%)         104M (5%)           72M (4%)          234M (11%)          72M (4%)     
[2024-07-21T21:23:45.166+0800][14.186s][gc,heap     ] GC(96)      Live:         -                 8M (0%)            8M (0%)            8M (0%)             -                  -          
[2024-07-21T21:23:45.166+0800][14.186s][gc,heap     ] GC(96) Allocated:         -                34M (2%)           34M (2%)           34M (2%)             -                  -          
[2024-07-21T21:23:45.166+0800][14.186s][gc,heap     ] GC(96)   Garbage:         -               191M (9%)           61M (3%)           29M (1%)             -                  -          
[2024-07-21T21:23:45.166+0800][14.186s][gc,heap     ] GC(96) Reclaimed:         -                  -               130M (6%)          162M (8%)             -                  -          
[2024-07-21T21:23:45.166+0800][14.186s][gc          ] GC(96) Garbage Collection (Allocation Rate) 200M(10%)->72M(4%)
[2024-07-21T21:23:45.344+0800][14.363s][gc,start    ] GC(97) Garbage Collection (Allocation Rate)
[2024-07-21T21:23:45.344+0800][14.363s][gc,task     ] GC(97) Using 1 workers
[2024-07-21T21:23:45.344+0800][14.363s][gc,phases   ] GC(97) Pause Mark Start 0.006ms
[2024-07-21T21:23:45.347+0800][14.367s][gc,phases   ] GC(97) Concurrent Mark 3.709ms
[2024-07-21T21:23:45.347+0800][14.367s][gc,phases   ] GC(97) Pause Mark End 0.008ms
[2024-07-21T21:23:45.347+0800][14.367s][gc,phases   ] GC(97) Concurrent Mark Free 0.001ms
[2024-07-21T21:23:45.348+0800][14.368s][gc,phases   ] GC(97) Concurrent Process Non-Strong References 1.025ms
[2024-07-21T21:23:45.348+0800][14.368s][gc,phases   ] GC(97) Concurrent Reset Relocation Set 0.001ms
[2024-07-21T21:23:45.350+0800][14.370s][gc,phases   ] GC(97) Concurrent Select Relocation Set 1.757ms
[2024-07-21T21:23:45.350+0800][14.370s][gc,phases   ] GC(97) Pause Relocate Start 0.005ms
[2024-07-21T21:23:45.351+0800][14.371s][gc,phases   ] GC(97) Concurrent Relocate 0.670ms
[2024-07-21T21:23:45.351+0800][14.371s][gc,load     ] GC(97) Load: 0.00/0.00/0.00
[2024-07-21T21:23:45.351+0800][14.371s][gc,mmu      ] GC(97) MMU: 2ms/96.8%, 5ms/98.5%, 10ms/99.3%, 20ms/99.6%, 50ms/99.8%, 100ms/99.9%
[2024-07-21T21:23:45.351+0800][14.371s][gc,marking  ] GC(97) Mark: 1 stripe(s), 2 proactive flush(es), 1 terminate flush(es), 0 completion(s), 0 continuation(s) 
[2024-07-21T21:23:45.351+0800][14.371s][gc,marking  ] GC(97) Mark Stack Usage: 32M
[2024-07-21T21:23:45.351+0800][14.371s][gc,nmethod  ] GC(97) NMethods: 474 registered, 0 unregistered
[2024-07-21T21:23:45.351+0800][14.371s][gc,metaspace] GC(97) Metaspace: 1M used, 1M committed, 1032M reserved
[2024-07-21T21:23:45.351+0800][14.371s][gc,ref      ] GC(97) Soft: 93 encountered, 0 discovered, 0 enqueued
[2024-07-21T21:23:45.351+0800][14.371s][gc,ref      ] GC(97) Weak: 131 encountered, 107 discovered, 0 enqueued
[2024-07-21T21:23:45.351+0800][14.371s][gc,ref      ] GC(97) Final: 0 encountered, 0 discovered, 0 enqueued
[2024-07-21T21:23:45.351+0800][14.371s][gc,ref      ] GC(97) Phantom: 184 encountered, 98 discovered, 0 enqueued
[2024-07-21T21:23:45.351+0800][14.371s][gc,reloc    ] GC(97) Small Pages: 4 / 8M, Empty: 2M, Relocated: 0M, In-Place: 0
[2024-07-21T21:23:45.351+0800][14.371s][gc,reloc    ] GC(97) Medium Pages: 5 / 160M, Empty: 96M, Relocated: 5M, In-Place: 0
[2024-07-21T21:23:45.351+0800][14.371s][gc,reloc    ] GC(97) Large Pages: 0 / 0M, Empty: 0M, Relocated: 0M, In-Place: 0
[2024-07-21T21:23:45.351+0800][14.371s][gc,reloc    ] GC(97) Forwarding Usage: 0M
[2024-07-21T21:23:45.351+0800][14.371s][gc,heap     ] GC(97) Min Capacity: 8M(0%)
[2024-07-21T21:23:45.351+0800][14.371s][gc,heap     ] GC(97) Max Capacity: 2048M(100%)
[2024-07-21T21:23:45.351+0800][14.372s][gc,heap     ] GC(97) Soft Max Capacity: 256M(12%)
[2024-07-21T21:23:45.352+0800][14.372s][gc,heap     ] GC(97)                Mark Start          Mark End        Relocate Start      Relocate End           High               Low         
[2024-07-21T21:23:45.352+0800][14.372s][gc,heap     ] GC(97)  Capacity:      256M (12%)         256M (12%)         256M (12%)         256M (12%)         256M (12%)         256M (12%)    
[2024-07-21T21:23:45.352+0800][14.372s][gc,heap     ] GC(97)      Free:     1880M (92%)        1846M (90%)        1944M (95%)        1976M (96%)        1976M (96%)        1846M (90%)    
[2024-07-21T21:23:45.352+0800][14.372s][gc,heap     ] GC(97)      Used:      168M (8%)          202M (10%)         104M (5%)           72M (4%)          202M (10%)          72M (4%)     
[2024-07-21T21:23:45.352+0800][14.372s][gc,heap     ] GC(97)      Live:         -                 9M (0%)            9M (0%)            9M (0%)             -                  -          
[2024-07-21T21:23:45.352+0800][14.372s][gc,heap     ] GC(97) Allocated:         -                34M (2%)           34M (2%)           34M (2%)             -                  -          
[2024-07-21T21:23:45.352+0800][14.372s][gc,heap     ] GC(97)   Garbage:         -               158M (8%)           60M (3%)           28M (1%)             -                  -          
[2024-07-21T21:23:45.352+0800][14.372s][gc,heap     ] GC(97) Reclaimed:         -                  -                98M (5%)          130M (6%)             -                  -          
[2024-07-21T21:23:45.352+0800][14.372s][gc          ] GC(97) Garbage Collection (Allocation Rate) 168M(8%)->72M(4%)
[2024-07-21T21:23:45.455+0800][14.474s][gc,start    ] GC(98) Garbage Collection (Allocation Rate)
[2024-07-21T21:23:45.455+0800][14.474s][gc,task     ] GC(98) Using 1 workers
[2024-07-21T21:23:45.455+0800][14.475s][gc,phases   ] GC(98) Pause Mark Start 0.020ms
[2024-07-21T21:23:45.459+0800][14.479s][gc,phases   ] GC(98) Concurrent Mark 3.672ms
[2024-07-21T21:23:45.459+0800][14.479s][gc,phases   ] GC(98) Pause Mark End 0.008ms
[2024-07-21T21:23:45.459+0800][14.479s][gc,phases   ] GC(98) Concurrent Mark Free 0.001ms
[2024-07-21T21:23:45.460+0800][14.480s][gc,phases   ] GC(98) Concurrent Process Non-Strong References 1.128ms
[2024-07-21T21:23:45.460+0800][14.480s][gc,phases   ] GC(98) Concurrent Reset Relocation Set 0.001ms
[2024-07-21T21:23:45.462+0800][14.482s][gc,phases   ] GC(98) Concurrent Select Relocation Set 1.664ms
[2024-07-21T21:23:45.462+0800][14.482s][gc,phases   ] GC(98) Pause Relocate Start 0.004ms
[2024-07-21T21:23:45.463+0800][14.482s][gc,phases   ] GC(98) Concurrent Relocate 0.250ms
[2024-07-21T21:23:45.463+0800][14.482s][gc,load     ] GC(98) Load: 0.00/0.00/0.00
[2024-07-21T21:23:45.463+0800][14.482s][gc,mmu      ] GC(98) MMU: 2ms/96.8%, 5ms/98.5%, 10ms/99.3%, 20ms/99.6%, 50ms/99.8%, 100ms/99.9%
[2024-07-21T21:23:45.463+0800][14.482s][gc,marking  ] GC(98) Mark: 1 stripe(s), 2 proactive flush(es), 1 terminate flush(es), 0 completion(s), 0 continuation(s) 
[2024-07-21T21:23:45.463+0800][14.482s][gc,marking  ] GC(98) Mark Stack Usage: 32M
[2024-07-21T21:23:45.463+0800][14.482s][gc,nmethod  ] GC(98) NMethods: 474 registered, 0 unregistered
[2024-07-21T21:23:45.463+0800][14.482s][gc,metaspace] GC(98) Metaspace: 1M used, 1M committed, 1032M reserved
[2024-07-21T21:23:45.463+0800][14.482s][gc,ref      ] GC(98) Soft: 93 encountered, 0 discovered, 0 enqueued
[2024-07-21T21:23:45.463+0800][14.482s][gc,ref      ] GC(98) Weak: 131 encountered, 107 discovered, 0 enqueued
[2024-07-21T21:23:45.463+0800][14.482s][gc,ref      ] GC(98) Final: 0 encountered, 0 discovered, 0 enqueued
[2024-07-21T21:23:45.463+0800][14.482s][gc,ref      ] GC(98) Phantom: 184 encountered, 98 discovered, 0 enqueued
[2024-07-21T21:23:45.463+0800][14.483s][gc,reloc    ] GC(98) Small Pages: 4 / 8M, Empty: 2M, Relocated: 0M, In-Place: 0
[2024-07-21T21:23:45.463+0800][14.483s][gc,reloc    ] GC(98) Medium Pages: 4 / 128M, Empty: 64M, Relocated: 1M, In-Place: 0
[2024-07-21T21:23:45.463+0800][14.483s][gc,reloc    ] GC(98) Large Pages: 0 / 0M, Empty: 0M, Relocated: 0M, In-Place: 0
[2024-07-21T21:23:45.463+0800][14.483s][gc,reloc    ] GC(98) Forwarding Usage: 0M
[2024-07-21T21:23:45.463+0800][14.483s][gc,heap     ] GC(98) Min Capacity: 8M(0%)
[2024-07-21T21:23:45.463+0800][14.483s][gc,heap     ] GC(98) Max Capacity: 2048M(100%)
[2024-07-21T21:23:45.463+0800][14.483s][gc,heap     ] GC(98) Soft Max Capacity: 256M(12%)
[2024-07-21T21:23:45.463+0800][14.483s][gc,heap     ] GC(98)                Mark Start          Mark End        Relocate Start      Relocate End           High               Low         
[2024-07-21T21:23:45.463+0800][14.483s][gc,heap     ] GC(98)  Capacity:      256M (12%)         256M (12%)         256M (12%)         256M (12%)         256M (12%)         256M (12%)    
[2024-07-21T21:23:45.463+0800][14.483s][gc,heap     ] GC(98)      Free:     1912M (93%)        1878M (92%)        1944M (95%)        1976M (96%)        1976M (96%)        1878M (92%)    
[2024-07-21T21:23:45.463+0800][14.483s][gc,heap     ] GC(98)      Used:      136M (7%)          170M (8%)          104M (5%)           72M (4%)          170M (8%)           72M (4%)     
[2024-07-21T21:23:45.463+0800][14.483s][gc,heap     ] GC(98)      Live:         -                 5M (0%)            5M (0%)            5M (0%)             -                  -          
[2024-07-21T21:23:45.463+0800][14.483s][gc,heap     ] GC(98) Allocated:         -                34M (2%)           34M (2%)           34M (2%)             -                  -          
[2024-07-21T21:23:45.463+0800][14.483s][gc,heap     ] GC(98)   Garbage:         -               130M (6%)           64M (3%)           32M (2%)             -                  -          
[2024-07-21T21:23:45.463+0800][14.483s][gc,heap     ] GC(98) Reclaimed:         -                  -                66M (3%)           98M (5%)             -                  -          
[2024-07-21T21:23:45.463+0800][14.483s][gc          ] GC(98) Garbage Collection (Allocation Rate) 136M(7%)->72M(4%)
[2024-07-21T21:23:45.646+0800][14.666s][gc,start    ] GC(99) Garbage Collection (Allocation Rate)
[2024-07-21T21:23:45.646+0800][14.666s][gc,task     ] GC(99) Using 1 workers
[2024-07-21T21:23:45.646+0800][14.666s][gc,phases   ] GC(99) Pause Mark Start 0.008ms
[2024-07-21T21:23:45.650+0800][14.670s][gc,phases   ] GC(99) Concurrent Mark 3.733ms
[2024-07-21T21:23:45.651+0800][14.670s][gc,phases   ] GC(99) Pause Mark End 0.008ms
[2024-07-21T21:23:45.651+0800][14.670s][gc,phases   ] GC(99) Concurrent Mark Free 0.001ms
[2024-07-21T21:23:45.652+0800][14.671s][gc,phases   ] GC(99) Concurrent Process Non-Strong References 1.128ms
[2024-07-21T21:23:45.652+0800][14.671s][gc,phases   ] GC(99) Concurrent Reset Relocation Set 0.001ms
[2024-07-21T21:23:45.654+0800][14.673s][gc,phases   ] GC(99) Concurrent Select Relocation Set 1.810ms
[2024-07-21T21:23:45.654+0800][14.673s][gc,phases   ] GC(99) Pause Relocate Start 0.004ms
[2024-07-21T21:23:45.654+0800][14.674s][gc,phases   ] GC(99) Concurrent Relocate 0.262ms
[2024-07-21T21:23:45.654+0800][14.674s][gc,load     ] GC(99) Load: 0.00/0.00/0.00
[2024-07-21T21:23:45.654+0800][14.674s][gc,mmu      ] GC(99) MMU: 2ms/96.8%, 5ms/98.5%, 10ms/99.3%, 20ms/99.6%, 50ms/99.8%, 100ms/99.9%
[2024-07-21T21:23:45.654+0800][14.674s][gc,marking  ] GC(99) Mark: 1 stripe(s), 2 proactive flush(es), 1 terminate flush(es), 0 completion(s), 0 continuation(s) 
[2024-07-21T21:23:45.654+0800][14.674s][gc,marking  ] GC(99) Mark Stack Usage: 32M
[2024-07-21T21:23:45.654+0800][14.674s][gc,nmethod  ] GC(99) NMethods: 475 registered, 0 unregistered
[2024-07-21T21:23:45.654+0800][14.674s][gc,metaspace] GC(99) Metaspace: 1M used, 1M committed, 1032M reserved
[2024-07-21T21:23:45.654+0800][14.674s][gc,ref      ] GC(99) Soft: 93 encountered, 0 discovered, 0 enqueued
[2024-07-21T21:23:45.654+0800][14.674s][gc,ref      ] GC(99) Weak: 131 encountered, 107 discovered, 0 enqueued
[2024-07-21T21:23:45.654+0800][14.674s][gc,ref      ] GC(99) Final: 0 encountered, 0 discovered, 0 enqueued
[2024-07-21T21:23:45.654+0800][14.674s][gc,ref      ] GC(99) Phantom: 184 encountered, 98 discovered, 0 enqueued
[2024-07-21T21:23:45.654+0800][14.674s][gc,reloc    ] GC(99) Small Pages: 4 / 8M, Empty: 2M, Relocated: 0M, In-Place: 0
[2024-07-21T21:23:45.654+0800][14.674s][gc,reloc    ] GC(99) Medium Pages: 5 / 160M, Empty: 96M, Relocated: 1M, In-Place: 0
[2024-07-21T21:23:45.654+0800][14.674s][gc,reloc    ] GC(99) Large Pages: 0 / 0M, Empty: 0M, Relocated: 0M, In-Place: 0
[2024-07-21T21:23:45.654+0800][14.674s][gc,reloc    ] GC(99) Forwarding Usage: 0M
[2024-07-21T21:23:45.654+0800][14.674s][gc,heap     ] GC(99) Min Capacity: 8M(0%)
[2024-07-21T21:23:45.654+0800][14.674s][gc,heap     ] GC(99) Max Capacity: 2048M(100%)
[2024-07-21T21:23:45.654+0800][14.674s][gc,heap     ] GC(99) Soft Max Capacity: 256M(12%)
[2024-07-21T21:23:45.654+0800][14.674s][gc,heap     ] GC(99)                Mark Start          Mark End        Relocate Start      Relocate End           High               Low         
[2024-07-21T21:23:45.654+0800][14.674s][gc,heap     ] GC(99)  Capacity:      256M (12%)         256M (12%)         256M (12%)         256M (12%)         256M (12%)         256M (12%)    
[2024-07-21T21:23:45.654+0800][14.674s][gc,heap     ] GC(99)      Free:     1880M (92%)        1846M (90%)        1944M (95%)        1976M (96%)        1976M (96%)        1846M (90%)    
[2024-07-21T21:23:45.654+0800][14.674s][gc,heap     ] GC(99)      Used:      168M (8%)          202M (10%)         104M (5%)           72M (4%)          202M (10%)          72M (4%)     
[2024-07-21T21:23:45.654+0800][14.674s][gc,heap     ] GC(99)      Live:         -                 5M (0%)            5M (0%)            5M (0%)             -                  -          
[2024-07-21T21:23:45.654+0800][14.674s][gc,heap     ] GC(99) Allocated:         -                34M (2%)           34M (2%)           34M (2%)             -                  -          
[2024-07-21T21:23:45.654+0800][14.674s][gc,heap     ] GC(99)   Garbage:         -               162M (8%)           64M (3%)           32M (2%)             -                  -          
[2024-07-21T21:23:45.654+0800][14.674s][gc,heap     ] GC(99) Reclaimed:         -                  -                98M (5%)          130M (6%)             -                  -          
[2024-07-21T21:23:45.654+0800][14.674s][gc          ] GC(99) Garbage Collection (Allocation Rate) 168M(8%)->72M(4%)
[2024-07-21T21:23:45.756+0800][14.776s][gc,start    ] GC(100) Garbage Collection (Allocation Rate)
[2024-07-21T21:23:45.756+0800][14.776s][gc,task     ] GC(100) Using 1 workers
[2024-07-21T21:23:45.756+0800][14.776s][gc,phases   ] GC(100) Pause Mark Start 0.009ms
[2024-07-21T21:23:45.760+0800][14.780s][gc,phases   ] GC(100) Concurrent Mark 3.959ms
[2024-07-21T21:23:45.760+0800][14.780s][gc,phases   ] GC(100) Pause Mark End 0.008ms
[2024-07-21T21:23:45.760+0800][14.780s][gc,phases   ] GC(100) Concurrent Mark Free 0.001ms
[2024-07-21T21:23:45.762+0800][14.782s][gc,phases   ] GC(100) Concurrent Process Non-Strong References 1.235ms
[2024-07-21T21:23:45.762+0800][14.782s][gc,phases   ] GC(100) Concurrent Reset Relocation Set 0.003ms
[2024-07-21T21:23:45.764+0800][14.784s][gc,phases   ] GC(100) Concurrent Select Relocation Set 2.414ms
[2024-07-21T21:23:45.764+0800][14.784s][gc,phases   ] GC(100) Pause Relocate Start 0.007ms
[2024-07-21T21:23:45.765+0800][14.785s][gc,phases   ] GC(100) Concurrent Relocate 1.000ms
[2024-07-21T21:23:45.766+0800][14.786s][gc,load     ] GC(100) Load: 0.00/0.00/0.00
[2024-07-21T21:23:45.766+0800][14.786s][gc,mmu      ] GC(100) MMU: 2ms/96.8%, 5ms/98.5%, 10ms/99.3%, 20ms/99.6%, 50ms/99.8%, 100ms/99.9%
[2024-07-21T21:23:45.766+0800][14.786s][gc,marking  ] GC(100) Mark: 1 stripe(s), 2 proactive flush(es), 1 terminate flush(es), 0 completion(s), 0 continuation(s) 
[2024-07-21T21:23:45.766+0800][14.786s][gc,marking  ] GC(100) Mark Stack Usage: 32M
[2024-07-21T21:23:45.766+0800][14.786s][gc,nmethod  ] GC(100) NMethods: 475 registered, 0 unregistered
[2024-07-21T21:23:45.766+0800][14.786s][gc,metaspace] GC(100) Metaspace: 1M used, 1M committed, 1032M reserved
[2024-07-21T21:23:45.766+0800][14.786s][gc,ref      ] GC(100) Soft: 93 encountered, 0 discovered, 0 enqueued
[2024-07-21T21:23:45.766+0800][14.786s][gc,ref      ] GC(100) Weak: 131 encountered, 107 discovered, 0 enqueued
[2024-07-21T21:23:45.766+0800][14.786s][gc,ref      ] GC(100) Final: 0 encountered, 0 discovered, 0 enqueued
[2024-07-21T21:23:45.766+0800][14.786s][gc,ref      ] GC(100) Phantom: 184 encountered, 98 discovered, 0 enqueued
[2024-07-21T21:23:45.766+0800][14.786s][gc,reloc    ] GC(100) Small Pages: 4 / 8M, Empty: 2M, Relocated: 0M, In-Place: 0
[2024-07-21T21:23:45.766+0800][14.786s][gc,reloc    ] GC(100) Medium Pages: 4 / 128M, Empty: 64M, Relocated: 4M, In-Place: 0
[2024-07-21T21:23:45.766+0800][14.786s][gc,reloc    ] GC(100) Large Pages: 0 / 0M, Empty: 0M, Relocated: 0M, In-Place: 0
[2024-07-21T21:23:45.766+0800][14.786s][gc,reloc    ] GC(100) Forwarding Usage: 0M
[2024-07-21T21:23:45.766+0800][14.786s][gc,heap     ] GC(100) Min Capacity: 8M(0%)
[2024-07-21T21:23:45.766+0800][14.786s][gc,heap     ] GC(100) Max Capacity: 2048M(100%)
[2024-07-21T21:23:45.766+0800][14.786s][gc,heap     ] GC(100) Soft Max Capacity: 256M(12%)
[2024-07-21T21:23:45.766+0800][14.786s][gc,heap     ] GC(100)                Mark Start          Mark End        Relocate Start      Relocate End           High               Low         
[2024-07-21T21:23:45.766+0800][14.786s][gc,heap     ] GC(100)  Capacity:      256M (12%)         256M (12%)         256M (12%)         256M (12%)         256M (12%)         256M (12%)    
[2024-07-21T21:23:45.766+0800][14.786s][gc,heap     ] GC(100)      Free:     1912M (93%)        1878M (92%)        1944M (95%)        1976M (96%)        1976M (96%)        1878M (92%)    
[2024-07-21T21:23:45.766+0800][14.786s][gc,heap     ] GC(100)      Used:      136M (7%)          170M (8%)          104M (5%)           72M (4%)          170M (8%)           72M (4%)     
[2024-07-21T21:23:45.766+0800][14.786s][gc,heap     ] GC(100)      Live:         -                 8M (0%)            8M (0%)            8M (0%)             -                  -          
[2024-07-21T21:23:45.766+0800][14.786s][gc,heap     ] GC(100) Allocated:         -                34M (2%)           34M (2%)           34M (2%)             -                  -          
[2024-07-21T21:23:45.766+0800][14.786s][gc,heap     ] GC(100)   Garbage:         -               127M (6%)           61M (3%)           29M (1%)             -                  -          
[2024-07-21T21:23:45.766+0800][14.786s][gc,heap     ] GC(100) Reclaimed:         -                  -                66M (3%)           98M (5%)             -                  -          
[2024-07-21T21:23:45.766+0800][14.786s][gc          ] GC(100) Garbage Collection (Allocation Rate) 136M(7%)->72M(4%)
[2024-07-21T21:23:45.945+0800][14.964s][gc,start    ] GC(101) Garbage Collection (Allocation Rate)
[2024-07-21T21:23:45.945+0800][14.964s][gc,task     ] GC(101) Using 1 workers
[2024-07-21T21:23:45.945+0800][14.965s][gc,phases   ] GC(101) Pause Mark Start 0.011ms
[2024-07-21T21:23:45.949+0800][14.969s][gc,phases   ] GC(101) Concurrent Mark 3.968ms
[2024-07-21T21:23:45.949+0800][14.969s][gc,phases   ] GC(101) Pause Mark End 0.022ms
[2024-07-21T21:23:45.949+0800][14.969s][gc,phases   ] GC(101) Concurrent Mark Free 0.001ms
[2024-07-21T21:23:45.951+0800][14.971s][gc,phases   ] GC(101) Concurrent Process Non-Strong References 1.903ms
[2024-07-21T21:23:45.952+0800][14.971s][gc,phases   ] GC(101) Concurrent Reset Relocation Set 0.015ms
[2024-07-21T21:23:45.954+0800][14.974s][gc,phases   ] GC(101) Concurrent Select Relocation Set 2.408ms
[2024-07-21T21:23:45.954+0800][14.974s][gc,phases   ] GC(101) Pause Relocate Start 0.011ms
[2024-07-21T21:23:45.955+0800][14.975s][gc,phases   ] GC(101) Concurrent Relocate 1.023ms
[2024-07-21T21:23:45.956+0800][14.975s][gc,load     ] GC(101) Load: 0.00/0.00/0.00
[2024-07-21T21:23:45.956+0800][14.975s][gc,mmu      ] GC(101) MMU: 2ms/96.8%, 5ms/98.5%, 10ms/99.3%, 20ms/99.6%, 50ms/99.8%, 100ms/99.9%
[2024-07-21T21:23:45.956+0800][14.975s][gc,marking  ] GC(101) Mark: 1 stripe(s), 2 proactive flush(es), 1 terminate flush(es), 0 completion(s), 0 continuation(s) 
[2024-07-21T21:23:45.956+0800][14.975s][gc,marking  ] GC(101) Mark Stack Usage: 32M
[2024-07-21T21:23:45.956+0800][14.975s][gc,nmethod  ] GC(101) NMethods: 475 registered, 0 unregistered
[2024-07-21T21:23:45.956+0800][14.975s][gc,metaspace] GC(101) Metaspace: 1M used, 1M committed, 1032M reserved
[2024-07-21T21:23:45.956+0800][14.975s][gc,ref      ] GC(101) Soft: 93 encountered, 0 discovered, 0 enqueued
[2024-07-21T21:23:45.956+0800][14.975s][gc,ref      ] GC(101) Weak: 131 encountered, 107 discovered, 0 enqueued
[2024-07-21T21:23:45.956+0800][14.975s][gc,ref      ] GC(101) Final: 0 encountered, 0 discovered, 0 enqueued
[2024-07-21T21:23:45.956+0800][14.975s][gc,ref      ] GC(101) Phantom: 184 encountered, 98 discovered, 0 enqueued
[2024-07-21T21:23:45.956+0800][14.975s][gc,reloc    ] GC(101) Small Pages: 4 / 8M, Empty: 2M, Relocated: 0M, In-Place: 0
[2024-07-21T21:23:45.956+0800][14.975s][gc,reloc    ] GC(101) Medium Pages: 5 / 160M, Empty: 96M, Relocated: 3M, In-Place: 0
[2024-07-21T21:23:45.956+0800][14.975s][gc,reloc    ] GC(101) Large Pages: 0 / 0M, Empty: 0M, Relocated: 0M, In-Place: 0
[2024-07-21T21:23:45.956+0800][14.975s][gc,reloc    ] GC(101) Forwarding Usage: 0M
[2024-07-21T21:23:45.956+0800][14.975s][gc,heap     ] GC(101) Min Capacity: 8M(0%)
[2024-07-21T21:23:45.956+0800][14.975s][gc,heap     ] GC(101) Max Capacity: 2048M(100%)
[2024-07-21T21:23:45.956+0800][14.975s][gc,heap     ] GC(101) Soft Max Capacity: 256M(12%)
[2024-07-21T21:23:45.956+0800][14.975s][gc,heap     ] GC(101)                Mark Start          Mark End        Relocate Start      Relocate End           High               Low         
[2024-07-21T21:23:45.956+0800][14.975s][gc,heap     ] GC(101)  Capacity:      256M (12%)         256M (12%)         256M (12%)         256M (12%)         256M (12%)         256M (12%)    
[2024-07-21T21:23:45.956+0800][14.975s][gc,heap     ] GC(101)      Free:     1880M (92%)        1846M (90%)        1944M (95%)        1976M (96%)        1976M (96%)        1846M (90%)    
[2024-07-21T21:23:45.956+0800][14.976s][gc,heap     ] GC(101)      Used:      168M (8%)          202M (10%)         104M (5%)           72M (4%)          202M (10%)          72M (4%)     
[2024-07-21T21:23:45.956+0800][14.976s][gc,heap     ] GC(101)      Live:         -                 7M (0%)            7M (0%)            7M (0%)             -                  -          
[2024-07-21T21:23:45.956+0800][14.976s][gc,heap     ] GC(101) Allocated:         -                34M (2%)           34M (2%)           34M (2%)             -                  -          
[2024-07-21T21:23:45.956+0800][14.976s][gc,heap     ] GC(101)   Garbage:         -               160M (8%)           62M (3%)           30M (1%)             -                  -          
[2024-07-21T21:23:45.956+0800][14.976s][gc,heap     ] GC(101) Reclaimed:         -                  -                98M (5%)          130M (6%)             -                  -          
[2024-07-21T21:23:45.956+0800][14.976s][gc          ] GC(101) Garbage Collection (Allocation Rate) 168M(8%)->72M(4%)
[2024-07-21T21:23:46.053+0800][15.073s][gc,start    ] GC(102) Garbage Collection (Allocation Rate)
[2024-07-21T21:23:46.054+0800][15.073s][gc,task     ] GC(102) Using 1 workers
[2024-07-21T21:23:46.054+0800][15.073s][gc,phases   ] GC(102) Pause Mark Start 0.008ms
[2024-07-21T21:23:46.057+0800][15.077s][gc,phases   ] GC(102) Concurrent Mark 3.486ms
[2024-07-21T21:23:46.057+0800][15.077s][gc,phases   ] GC(102) Pause Mark End 0.009ms
[2024-07-21T21:23:46.057+0800][15.077s][gc,phases   ] GC(102) Concurrent Mark Free 0.001ms
[2024-07-21T21:23:46.059+0800][15.078s][gc,phases   ] GC(102) Concurrent Process Non-Strong References 1.105ms
[2024-07-21T21:23:46.059+0800][15.078s][gc,phases   ] GC(102) Concurrent Reset Relocation Set 0.001ms
[2024-07-21T21:23:46.060+0800][15.080s][gc,phases   ] GC(102) Concurrent Select Relocation Set 1.563ms
[2024-07-21T21:23:46.060+0800][15.080s][gc,phases   ] GC(102) Pause Relocate Start 0.004ms
[2024-07-21T21:23:46.061+0800][15.080s][gc,phases   ] GC(102) Concurrent Relocate 0.199ms
[2024-07-21T21:23:46.061+0800][15.080s][gc,load     ] GC(102) Load: 0.00/0.00/0.00
[2024-07-21T21:23:46.061+0800][15.080s][gc,mmu      ] GC(102) MMU: 2ms/96.8%, 5ms/98.5%, 10ms/99.3%, 20ms/99.6%, 50ms/99.8%, 100ms/99.9%
[2024-07-21T21:23:46.061+0800][15.080s][gc,marking  ] GC(102) Mark: 1 stripe(s), 2 proactive flush(es), 1 terminate flush(es), 0 completion(s), 0 continuation(s) 
[2024-07-21T21:23:46.061+0800][15.080s][gc,marking  ] GC(102) Mark Stack Usage: 32M
[2024-07-21T21:23:46.061+0800][15.080s][gc,nmethod  ] GC(102) NMethods: 476 registered, 0 unregistered
[2024-07-21T21:23:46.061+0800][15.080s][gc,metaspace] GC(102) Metaspace: 1M used, 1M committed, 1032M reserved
[2024-07-21T21:23:46.061+0800][15.080s][gc,ref      ] GC(102) Soft: 93 encountered, 0 discovered, 0 enqueued
[2024-07-21T21:23:46.061+0800][15.080s][gc,ref      ] GC(102) Weak: 131 encountered, 107 discovered, 0 enqueued
[2024-07-21T21:23:46.061+0800][15.080s][gc,ref      ] GC(102) Final: 0 encountered, 0 discovered, 0 enqueued
[2024-07-21T21:23:46.061+0800][15.081s][gc,ref      ] GC(102) Phantom: 184 encountered, 98 discovered, 0 enqueued
[2024-07-21T21:23:46.061+0800][15.081s][gc,reloc    ] GC(102) Small Pages: 4 / 8M, Empty: 2M, Relocated: 0M, In-Place: 0
[2024-07-21T21:23:46.061+0800][15.081s][gc,reloc    ] GC(102) Medium Pages: 4 / 128M, Empty: 64M, Relocated: 1M, In-Place: 0
[2024-07-21T21:23:46.061+0800][15.081s][gc,reloc    ] GC(102) Large Pages: 0 / 0M, Empty: 0M, Relocated: 0M, In-Place: 0
[2024-07-21T21:23:46.061+0800][15.081s][gc,reloc    ] GC(102) Forwarding Usage: 0M
[2024-07-21T21:23:46.061+0800][15.081s][gc,heap     ] GC(102) Min Capacity: 8M(0%)
[2024-07-21T21:23:46.061+0800][15.081s][gc,heap     ] GC(102) Max Capacity: 2048M(100%)
[2024-07-21T21:23:46.061+0800][15.081s][gc,heap     ] GC(102) Soft Max Capacity: 256M(12%)
[2024-07-21T21:23:46.061+0800][15.081s][gc,heap     ] GC(102)                Mark Start          Mark End        Relocate Start      Relocate End           High               Low         
[2024-07-21T21:23:46.061+0800][15.081s][gc,heap     ] GC(102)  Capacity:      256M (12%)         256M (12%)         256M (12%)         256M (12%)         256M (12%)         256M (12%)    
[2024-07-21T21:23:46.061+0800][15.081s][gc,heap     ] GC(102)      Free:     1912M (93%)        1878M (92%)        1944M (95%)        1976M (96%)        1976M (96%)        1878M (92%)    
[2024-07-21T21:23:46.061+0800][15.081s][gc,heap     ] GC(102)      Used:      136M (7%)          170M (8%)          104M (5%)           72M (4%)          170M (8%)           72M (4%)     
[2024-07-21T21:23:46.061+0800][15.081s][gc,heap     ] GC(102)      Live:         -                 5M (0%)            5M (0%)            5M (0%)             -                  -          
[2024-07-21T21:23:46.061+0800][15.081s][gc,heap     ] GC(102) Allocated:         -                34M (2%)           34M (2%)           34M (2%)             -                  -          
[2024-07-21T21:23:46.061+0800][15.081s][gc,heap     ] GC(102)   Garbage:         -               130M (6%)           64M (3%)           32M (2%)             -                  -          
[2024-07-21T21:23:46.061+0800][15.081s][gc,heap     ] GC(102) Reclaimed:         -                  -                66M (3%)           98M (5%)             -                  -          
[2024-07-21T21:23:46.061+0800][15.081s][gc          ] GC(102) Garbage Collection (Allocation Rate) 136M(7%)->72M(4%)
[2024-07-21T21:23:46.242+0800][15.261s][gc,start    ] GC(103) Garbage Collection (Allocation Rate)
[2024-07-21T21:23:46.242+0800][15.261s][gc,task     ] GC(103) Using 1 workers
[2024-07-21T21:23:46.242+0800][15.261s][gc,phases   ] GC(103) Pause Mark Start 0.006ms
[2024-07-21T21:23:46.246+0800][15.265s][gc,phases   ] GC(103) Concurrent Mark 3.505ms
[2024-07-21T21:23:46.246+0800][15.265s][gc,phases   ] GC(103) Pause Mark End 0.011ms
[2024-07-21T21:23:46.246+0800][15.265s][gc,phases   ] GC(103) Concurrent Mark Free 0.001ms
[2024-07-21T21:23:46.247+0800][15.266s][gc,phases   ] GC(103) Concurrent Process Non-Strong References 1.140ms
[2024-07-21T21:23:46.247+0800][15.266s][gc,phases   ] GC(103) Concurrent Reset Relocation Set 0.001ms
[2024-07-21T21:23:46.249+0800][15.268s][gc,phases   ] GC(103) Concurrent Select Relocation Set 1.866ms
[2024-07-21T21:23:46.249+0800][15.269s][gc,phases   ] GC(103) Pause Relocate Start 0.008ms
[2024-07-21T21:23:46.249+0800][15.269s][gc,phases   ] GC(103) Concurrent Relocate 0.212ms
[2024-07-21T21:23:46.250+0800][15.269s][gc,load     ] GC(103) Load: 0.00/0.00/0.00
[2024-07-21T21:23:46.250+0800][15.269s][gc,mmu      ] GC(103) MMU: 2ms/96.8%, 5ms/98.5%, 10ms/99.3%, 20ms/99.6%, 50ms/99.8%, 100ms/99.9%
[2024-07-21T21:23:46.250+0800][15.269s][gc,marking  ] GC(103) Mark: 1 stripe(s), 2 proactive flush(es), 1 terminate flush(es), 0 completion(s), 0 continuation(s) 
[2024-07-21T21:23:46.250+0800][15.269s][gc,marking  ] GC(103) Mark Stack Usage: 32M
[2024-07-21T21:23:46.250+0800][15.269s][gc,nmethod  ] GC(103) NMethods: 476 registered, 0 unregistered
[2024-07-21T21:23:46.250+0800][15.269s][gc,metaspace] GC(103) Metaspace: 1M used, 1M committed, 1032M reserved
[2024-07-21T21:23:46.250+0800][15.269s][gc,ref      ] GC(103) Soft: 93 encountered, 0 discovered, 0 enqueued
[2024-07-21T21:23:46.250+0800][15.269s][gc,ref      ] GC(103) Weak: 131 encountered, 107 discovered, 0 enqueued
[2024-07-21T21:23:46.250+0800][15.269s][gc,ref      ] GC(103) Final: 0 encountered, 0 discovered, 0 enqueued
[2024-07-21T21:23:46.250+0800][15.269s][gc,ref      ] GC(103) Phantom: 184 encountered, 98 discovered, 0 enqueued
[2024-07-21T21:23:46.250+0800][15.269s][gc,reloc    ] GC(103) Small Pages: 4 / 8M, Empty: 2M, Relocated: 0M, In-Place: 0
[2024-07-21T21:23:46.250+0800][15.269s][gc,reloc    ] GC(103) Medium Pages: 5 / 160M, Empty: 96M, Relocated: 1M, In-Place: 0
[2024-07-21T21:23:46.250+0800][15.269s][gc,reloc    ] GC(103) Large Pages: 0 / 0M, Empty: 0M, Relocated: 0M, In-Place: 0
[2024-07-21T21:23:46.250+0800][15.269s][gc,reloc    ] GC(103) Forwarding Usage: 0M
[2024-07-21T21:23:46.250+0800][15.269s][gc,heap     ] GC(103) Min Capacity: 8M(0%)
[2024-07-21T21:23:46.250+0800][15.269s][gc,heap     ] GC(103) Max Capacity: 2048M(100%)
[2024-07-21T21:23:46.250+0800][15.269s][gc,heap     ] GC(103) Soft Max Capacity: 256M(12%)
[2024-07-21T21:23:46.250+0800][15.269s][gc,heap     ] GC(103)                Mark Start          Mark End        Relocate Start      Relocate End           High               Low         
[2024-07-21T21:23:46.250+0800][15.269s][gc,heap     ] GC(103)  Capacity:      256M (12%)         256M (12%)         256M (12%)         256M (12%)         256M (12%)         256M (12%)    
[2024-07-21T21:23:46.250+0800][15.269s][gc,heap     ] GC(103)      Free:     1880M (92%)        1846M (90%)        1944M (95%)        1976M (96%)        1976M (96%)        1846M (90%)    
[2024-07-21T21:23:46.250+0800][15.269s][gc,heap     ] GC(103)      Used:      168M (8%)          202M (10%)         104M (5%)           72M (4%)          202M (10%)          72M (4%)     
[2024-07-21T21:23:46.250+0800][15.269s][gc,heap     ] GC(103)      Live:         -                 5M (0%)            5M (0%)            5M (0%)             -                  -          
[2024-07-21T21:23:46.250+0800][15.269s][gc,heap     ] GC(103) Allocated:         -                34M (2%)           34M (2%)           34M (2%)             -                  -          
[2024-07-21T21:23:46.250+0800][15.269s][gc,heap     ] GC(103)   Garbage:         -               162M (8%)           64M (3%)           32M (2%)             -                  -          
[2024-07-21T21:23:46.250+0800][15.269s][gc,heap     ] GC(103) Reclaimed:         -                  -                98M (5%)          130M (6%)             -                  -          
[2024-07-21T21:23:46.250+0800][15.269s][gc          ] GC(103) Garbage Collection (Allocation Rate) 168M(8%)->72M(4%)
[2024-07-21T21:23:46.352+0800][15.371s][gc,start    ] GC(104) Garbage Collection (Allocation Rate)
[2024-07-21T21:23:46.352+0800][15.372s][gc,task     ] GC(104) Using 1 workers
[2024-07-21T21:23:46.352+0800][15.372s][gc,phases   ] GC(104) Pause Mark Start 0.017ms
[2024-07-21T21:23:46.356+0800][15.376s][gc,phases   ] GC(104) Concurrent Mark 3.944ms
[2024-07-21T21:23:46.357+0800][15.376s][gc,phases   ] GC(104) Pause Mark End 0.015ms
[2024-07-21T21:23:46.357+0800][15.376s][gc,phases   ] GC(104) Concurrent Mark Free 0.001ms
[2024-07-21T21:23:46.358+0800][15.378s][gc,phases   ] GC(104) Concurrent Process Non-Strong References 1.223ms
[2024-07-21T21:23:46.358+0800][15.378s][gc,phases   ] GC(104) Concurrent Reset Relocation Set 0.001ms
[2024-07-21T21:23:46.360+0800][15.379s][gc,phases   ] GC(104) Concurrent Select Relocation Set 1.695ms
[2024-07-21T21:23:46.360+0800][15.380s][gc,phases   ] GC(104) Pause Relocate Start 0.010ms
[2024-07-21T21:23:46.361+0800][15.380s][gc,phases   ] GC(104) Concurrent Relocate 0.822ms
[2024-07-21T21:23:46.361+0800][15.381s][gc,load     ] GC(104) Load: 0.00/0.00/0.00
[2024-07-21T21:23:46.361+0800][15.381s][gc,mmu      ] GC(104) MMU: 2ms/96.8%, 5ms/98.5%, 10ms/99.3%, 20ms/99.6%, 50ms/99.8%, 100ms/99.9%
[2024-07-21T21:23:46.361+0800][15.381s][gc,marking  ] GC(104) Mark: 1 stripe(s), 2 proactive flush(es), 1 terminate flush(es), 0 completion(s), 0 continuation(s) 
[2024-07-21T21:23:46.361+0800][15.381s][gc,marking  ] GC(104) Mark Stack Usage: 32M
[2024-07-21T21:23:46.361+0800][15.381s][gc,nmethod  ] GC(104) NMethods: 476 registered, 0 unregistered
[2024-07-21T21:23:46.361+0800][15.381s][gc,metaspace] GC(104) Metaspace: 1M used, 1M committed, 1032M reserved
[2024-07-21T21:23:46.361+0800][15.381s][gc,ref      ] GC(104) Soft: 93 encountered, 0 discovered, 0 enqueued
[2024-07-21T21:23:46.361+0800][15.381s][gc,ref      ] GC(104) Weak: 131 encountered, 107 discovered, 0 enqueued
[2024-07-21T21:23:46.361+0800][15.381s][gc,ref      ] GC(104) Final: 0 encountered, 0 discovered, 0 enqueued
[2024-07-21T21:23:46.361+0800][15.381s][gc,ref      ] GC(104) Phantom: 184 encountered, 98 discovered, 0 enqueued
[2024-07-21T21:23:46.361+0800][15.381s][gc,reloc    ] GC(104) Small Pages: 4 / 8M, Empty: 2M, Relocated: 0M, In-Place: 0
[2024-07-21T21:23:46.361+0800][15.381s][gc,reloc    ] GC(104) Medium Pages: 4 / 128M, Empty: 64M, Relocated: 2M, In-Place: 0
[2024-07-21T21:23:46.361+0800][15.381s][gc,reloc    ] GC(104) Large Pages: 0 / 0M, Empty: 0M, Relocated: 0M, In-Place: 0
[2024-07-21T21:23:46.361+0800][15.381s][gc,reloc    ] GC(104) Forwarding Usage: 0M
[2024-07-21T21:23:46.361+0800][15.381s][gc,heap     ] GC(104) Min Capacity: 8M(0%)
[2024-07-21T21:23:46.361+0800][15.381s][gc,heap     ] GC(104) Max Capacity: 2048M(100%)
[2024-07-21T21:23:46.361+0800][15.381s][gc,heap     ] GC(104) Soft Max Capacity: 256M(12%)
[2024-07-21T21:23:46.361+0800][15.381s][gc,heap     ] GC(104)                Mark Start          Mark End        Relocate Start      Relocate End           High               Low         
[2024-07-21T21:23:46.361+0800][15.381s][gc,heap     ] GC(104)  Capacity:      256M (12%)         256M (12%)         256M (12%)         256M (12%)         256M (12%)         256M (12%)    
[2024-07-21T21:23:46.361+0800][15.381s][gc,heap     ] GC(104)      Free:     1912M (93%)        1878M (92%)        1944M (95%)        1976M (96%)        1976M (96%)        1878M (92%)    
[2024-07-21T21:23:46.361+0800][15.381s][gc,heap     ] GC(104)      Used:      136M (7%)          170M (8%)          104M (5%)           72M (4%)          170M (8%)           72M (4%)     
[2024-07-21T21:23:46.361+0800][15.381s][gc,heap     ] GC(104)      Live:         -                 6M (0%)            6M (0%)            6M (0%)             -                  -          
[2024-07-21T21:23:46.362+0800][15.381s][gc,heap     ] GC(104) Allocated:         -                34M (2%)           34M (2%)           34M (2%)             -                  -          
[2024-07-21T21:23:46.362+0800][15.381s][gc,heap     ] GC(104)   Garbage:         -               129M (6%)           63M (3%)           31M (2%)             -                  -          
[2024-07-21T21:23:46.362+0800][15.381s][gc,heap     ] GC(104) Reclaimed:         -                  -                66M (3%)           98M (5%)             -                  -          
[2024-07-21T21:23:46.362+0800][15.381s][gc          ] GC(104) Garbage Collection (Allocation Rate) 136M(7%)->72M(4%)
[2024-07-21T21:23:46.555+0800][15.574s][gc,start    ] GC(105) Garbage Collection (Allocation Rate)
[2024-07-21T21:23:46.555+0800][15.575s][gc,task     ] GC(105) Using 1 workers
[2024-07-21T21:23:46.555+0800][15.575s][gc,phases   ] GC(105) Pause Mark Start 0.008ms
[2024-07-21T21:23:46.559+0800][15.579s][gc,phases   ] GC(105) Concurrent Mark 3.855ms
[2024-07-21T21:23:46.559+0800][15.579s][gc,phases   ] GC(105) Pause Mark End 0.009ms
[2024-07-21T21:23:46.560+0800][15.579s][gc,phases   ] GC(105) Concurrent Mark Free 0.001ms
[2024-07-21T21:23:46.561+0800][15.580s][gc,phases   ] GC(105) Concurrent Process Non-Strong References 1.126ms
[2024-07-21T21:23:46.561+0800][15.580s][gc,phases   ] GC(105) Concurrent Reset Relocation Set 0.001ms
[2024-07-21T21:23:46.563+0800][15.582s][gc,phases   ] GC(105) Concurrent Select Relocation Set 2.230ms
[2024-07-21T21:23:46.563+0800][15.583s][gc,phases   ] GC(105) Pause Relocate Start 0.009ms
[2024-07-21T21:23:46.564+0800][15.583s][gc,phases   ] GC(105) Concurrent Relocate 0.338ms
[2024-07-21T21:23:46.564+0800][15.583s][gc,load     ] GC(105) Load: 0.00/0.00/0.00
[2024-07-21T21:23:46.564+0800][15.583s][gc,mmu      ] GC(105) MMU: 2ms/96.8%, 5ms/98.5%, 10ms/99.3%, 20ms/99.6%, 50ms/99.8%, 100ms/99.9%
[2024-07-21T21:23:46.564+0800][15.583s][gc,marking  ] GC(105) Mark: 1 stripe(s), 2 proactive flush(es), 1 terminate flush(es), 0 completion(s), 0 continuation(s) 
[2024-07-21T21:23:46.564+0800][15.583s][gc,marking  ] GC(105) Mark Stack Usage: 32M
[2024-07-21T21:23:46.564+0800][15.583s][gc,nmethod  ] GC(105) NMethods: 476 registered, 0 unregistered
[2024-07-21T21:23:46.564+0800][15.583s][gc,metaspace] GC(105) Metaspace: 1M used, 1M committed, 1032M reserved
[2024-07-21T21:23:46.564+0800][15.583s][gc,ref      ] GC(105) Soft: 93 encountered, 0 discovered, 0 enqueued
[2024-07-21T21:23:46.564+0800][15.583s][gc,ref      ] GC(105) Weak: 131 encountered, 107 discovered, 0 enqueued
[2024-07-21T21:23:46.564+0800][15.583s][gc,ref      ] GC(105) Final: 0 encountered, 0 discovered, 0 enqueued
[2024-07-21T21:23:46.564+0800][15.583s][gc,ref      ] GC(105) Phantom: 184 encountered, 98 discovered, 0 enqueued
[2024-07-21T21:23:46.564+0800][15.583s][gc,reloc    ] GC(105) Small Pages: 4 / 8M, Empty: 2M, Relocated: 0M, In-Place: 0
[2024-07-21T21:23:46.564+0800][15.583s][gc,reloc    ] GC(105) Medium Pages: 6 / 192M, Empty: 128M, Relocated: 1M, In-Place: 0
[2024-07-21T21:23:46.564+0800][15.583s][gc,reloc    ] GC(105) Large Pages: 0 / 0M, Empty: 0M, Relocated: 0M, In-Place: 0
[2024-07-21T21:23:46.564+0800][15.583s][gc,reloc    ] GC(105) Forwarding Usage: 0M
[2024-07-21T21:23:46.564+0800][15.583s][gc,heap     ] GC(105) Min Capacity: 8M(0%)
[2024-07-21T21:23:46.564+0800][15.584s][gc,heap     ] GC(105) Max Capacity: 2048M(100%)
[2024-07-21T21:23:46.564+0800][15.584s][gc,heap     ] GC(105) Soft Max Capacity: 256M(12%)
[2024-07-21T21:23:46.564+0800][15.584s][gc,heap     ] GC(105)                Mark Start          Mark End        Relocate Start      Relocate End           High               Low         
[2024-07-21T21:23:46.564+0800][15.584s][gc,heap     ] GC(105)  Capacity:      256M (12%)         256M (12%)         256M (12%)         256M (12%)         256M (12%)         256M (12%)    
[2024-07-21T21:23:46.564+0800][15.584s][gc,heap     ] GC(105)      Free:     1848M (90%)        1814M (89%)        1944M (95%)        1976M (96%)        1976M (96%)        1814M (89%)    
[2024-07-21T21:23:46.564+0800][15.584s][gc,heap     ] GC(105)      Used:      200M (10%)         234M (11%)         104M (5%)           72M (4%)          234M (11%)          72M (4%)     
[2024-07-21T21:23:46.564+0800][15.584s][gc,heap     ] GC(105)      Live:         -                 5M (0%)            5M (0%)            5M (0%)             -                  -          
[2024-07-21T21:23:46.564+0800][15.584s][gc,heap     ] GC(105) Allocated:         -                34M (2%)           34M (2%)           34M (2%)             -                  -          
[2024-07-21T21:23:46.564+0800][15.584s][gc,heap     ] GC(105)   Garbage:         -               194M (9%)           64M (3%)           32M (2%)             -                  -          
[2024-07-21T21:23:46.564+0800][15.584s][gc,heap     ] GC(105) Reclaimed:         -                  -               130M (6%)          162M (8%)             -                  -          
[2024-07-21T21:23:46.564+0800][15.584s][gc          ] GC(105) Garbage Collection (Allocation Rate) 200M(10%)->72M(4%)
[2024-07-21T21:23:46.744+0800][15.763s][gc,start    ] GC(106) Garbage Collection (Allocation Rate)
[2024-07-21T21:23:46.744+0800][15.763s][gc,task     ] GC(106) Using 1 workers
[2024-07-21T21:23:46.744+0800][15.763s][gc,phases   ] GC(106) Pause Mark Start 0.006ms
[2024-07-21T21:23:46.748+0800][15.767s][gc,phases   ] GC(106) Concurrent Mark 3.815ms
[2024-07-21T21:23:46.748+0800][15.767s][gc,phases   ] GC(106) Pause Mark End 0.009ms
[2024-07-21T21:23:46.748+0800][15.768s][gc,phases   ] GC(106) Concurrent Mark Free 0.001ms
[2024-07-21T21:23:46.749+0800][15.769s][gc,phases   ] GC(106) Concurrent Process Non-Strong References 1.336ms
[2024-07-21T21:23:46.749+0800][15.769s][gc,phases   ] GC(106) Concurrent Reset Relocation Set 0.007ms
[2024-07-21T21:23:46.753+0800][15.772s][gc,phases   ] GC(106) Concurrent Select Relocation Set 3.183ms
[2024-07-21T21:23:46.753+0800][15.772s][gc,phases   ] GC(106) Pause Relocate Start 0.010ms
[2024-07-21T21:23:46.753+0800][15.773s][gc,phases   ] GC(106) Concurrent Relocate 0.241ms
[2024-07-21T21:23:46.753+0800][15.773s][gc,load     ] GC(106) Load: 0.00/0.00/0.00
[2024-07-21T21:23:46.753+0800][15.773s][gc,mmu      ] GC(106) MMU: 2ms/96.8%, 5ms/98.5%, 10ms/99.3%, 20ms/99.6%, 50ms/99.8%, 100ms/99.9%
[2024-07-21T21:23:46.753+0800][15.773s][gc,marking  ] GC(106) Mark: 1 stripe(s), 2 proactive flush(es), 1 terminate flush(es), 0 completion(s), 0 continuation(s) 
[2024-07-21T21:23:46.753+0800][15.773s][gc,marking  ] GC(106) Mark Stack Usage: 32M
[2024-07-21T21:23:46.753+0800][15.773s][gc,nmethod  ] GC(106) NMethods: 476 registered, 0 unregistered
[2024-07-21T21:23:46.753+0800][15.773s][gc,metaspace] GC(106) Metaspace: 1M used, 1M committed, 1032M reserved
[2024-07-21T21:23:46.753+0800][15.773s][gc,ref      ] GC(106) Soft: 93 encountered, 0 discovered, 0 enqueued
[2024-07-21T21:23:46.753+0800][15.773s][gc,ref      ] GC(106) Weak: 131 encountered, 107 discovered, 0 enqueued
[2024-07-21T21:23:46.753+0800][15.773s][gc,ref      ] GC(106) Final: 0 encountered, 0 discovered, 0 enqueued
[2024-07-21T21:23:46.753+0800][15.773s][gc,ref      ] GC(106) Phantom: 184 encountered, 98 discovered, 0 enqueued
[2024-07-21T21:23:46.753+0800][15.773s][gc,reloc    ] GC(106) Small Pages: 4 / 8M, Empty: 2M, Relocated: 0M, In-Place: 0
[2024-07-21T21:23:46.753+0800][15.773s][gc,reloc    ] GC(106) Medium Pages: 5 / 160M, Empty: 96M, Relocated: 1M, In-Place: 0
[2024-07-21T21:23:46.753+0800][15.773s][gc,reloc    ] GC(106) Large Pages: 0 / 0M, Empty: 0M, Relocated: 0M, In-Place: 0
[2024-07-21T21:23:46.753+0800][15.773s][gc,reloc    ] GC(106) Forwarding Usage: 0M
[2024-07-21T21:23:46.753+0800][15.773s][gc,heap     ] GC(106) Min Capacity: 8M(0%)
[2024-07-21T21:23:46.753+0800][15.773s][gc,heap     ] GC(106) Max Capacity: 2048M(100%)
[2024-07-21T21:23:46.753+0800][15.773s][gc,heap     ] GC(106) Soft Max Capacity: 256M(12%)
[2024-07-21T21:23:46.753+0800][15.773s][gc,heap     ] GC(106)                Mark Start          Mark End        Relocate Start      Relocate End           High               Low         
[2024-07-21T21:23:46.753+0800][15.773s][gc,heap     ] GC(106)  Capacity:      256M (12%)         256M (12%)         256M (12%)         256M (12%)         256M (12%)         256M (12%)    
[2024-07-21T21:23:46.753+0800][15.773s][gc,heap     ] GC(106)      Free:     1880M (92%)        1846M (90%)        1944M (95%)        1976M (96%)        1976M (96%)        1846M (90%)    
[2024-07-21T21:23:46.753+0800][15.773s][gc,heap     ] GC(106)      Used:      168M (8%)          202M (10%)         104M (5%)           72M (4%)          202M (10%)          72M (4%)     
[2024-07-21T21:23:46.754+0800][15.773s][gc,heap     ] GC(106)      Live:         -                 5M (0%)            5M (0%)            5M (0%)             -                  -          
[2024-07-21T21:23:46.754+0800][15.773s][gc,heap     ] GC(106) Allocated:         -                34M (2%)           34M (2%)           34M (2%)             -                  -          
[2024-07-21T21:23:46.754+0800][15.773s][gc,heap     ] GC(106)   Garbage:         -               162M (8%)           64M (3%)           32M (2%)             -                  -          
[2024-07-21T21:23:46.754+0800][15.773s][gc,heap     ] GC(106) Reclaimed:         -                  -                98M (5%)          130M (6%)             -                  -          
[2024-07-21T21:23:46.754+0800][15.773s][gc          ] GC(106) Garbage Collection (Allocation Rate) 168M(8%)->72M(4%)
[2024-07-21T21:23:46.855+0800][15.874s][gc,start    ] GC(107) Garbage Collection (Allocation Rate)
[2024-07-21T21:23:46.855+0800][15.875s][gc,task     ] GC(107) Using 1 workers
[2024-07-21T21:23:46.855+0800][15.875s][gc,phases   ] GC(107) Pause Mark Start 0.009ms
[2024-07-21T21:23:46.859+0800][15.879s][gc,phases   ] GC(107) Concurrent Mark 3.625ms
[2024-07-21T21:23:46.859+0800][15.879s][gc,phases   ] GC(107) Pause Mark End 0.008ms
[2024-07-21T21:23:46.860+0800][15.879s][gc,phases   ] GC(107) Concurrent Mark Free 0.001ms
[2024-07-21T21:23:46.861+0800][15.880s][gc,phases   ] GC(107) Concurrent Process Non-Strong References 1.153ms
[2024-07-21T21:23:46.861+0800][15.880s][gc,phases   ] GC(107) Concurrent Reset Relocation Set 0.001ms
[2024-07-21T21:23:46.862+0800][15.882s][gc,phases   ] GC(107) Concurrent Select Relocation Set 1.694ms
[2024-07-21T21:23:46.863+0800][15.882s][gc,phases   ] GC(107) Pause Relocate Start 0.004ms
[2024-07-21T21:23:46.863+0800][15.883s][gc,phases   ] GC(107) Concurrent Relocate 0.490ms
[2024-07-21T21:23:46.863+0800][15.883s][gc,load     ] GC(107) Load: 0.00/0.00/0.00
[2024-07-21T21:23:46.863+0800][15.883s][gc,mmu      ] GC(107) MMU: 2ms/96.8%, 5ms/98.5%, 10ms/99.3%, 20ms/99.6%, 50ms/99.8%, 100ms/99.9%
[2024-07-21T21:23:46.863+0800][15.883s][gc,marking  ] GC(107) Mark: 1 stripe(s), 2 proactive flush(es), 1 terminate flush(es), 0 completion(s), 0 continuation(s) 
[2024-07-21T21:23:46.863+0800][15.883s][gc,marking  ] GC(107) Mark Stack Usage: 32M
[2024-07-21T21:23:46.863+0800][15.883s][gc,nmethod  ] GC(107) NMethods: 476 registered, 0 unregistered
[2024-07-21T21:23:46.863+0800][15.883s][gc,metaspace] GC(107) Metaspace: 1M used, 1M committed, 1032M reserved
[2024-07-21T21:23:46.863+0800][15.883s][gc,ref      ] GC(107) Soft: 93 encountered, 0 discovered, 0 enqueued
[2024-07-21T21:23:46.863+0800][15.883s][gc,ref      ] GC(107) Weak: 131 encountered, 107 discovered, 0 enqueued
[2024-07-21T21:23:46.863+0800][15.883s][gc,ref      ] GC(107) Final: 0 encountered, 0 discovered, 0 enqueued
[2024-07-21T21:23:46.863+0800][15.883s][gc,ref      ] GC(107) Phantom: 184 encountered, 98 discovered, 0 enqueued
[2024-07-21T21:23:46.863+0800][15.883s][gc,reloc    ] GC(107) Small Pages: 4 / 8M, Empty: 2M, Relocated: 0M, In-Place: 0
[2024-07-21T21:23:46.863+0800][15.883s][gc,reloc    ] GC(107) Medium Pages: 4 / 128M, Empty: 64M, Relocated: 3M, In-Place: 0
[2024-07-21T21:23:46.863+0800][15.883s][gc,reloc    ] GC(107) Large Pages: 0 / 0M, Empty: 0M, Relocated: 0M, In-Place: 0
[2024-07-21T21:23:46.863+0800][15.883s][gc,reloc    ] GC(107) Forwarding Usage: 0M
[2024-07-21T21:23:46.863+0800][15.883s][gc,heap     ] GC(107) Min Capacity: 8M(0%)
[2024-07-21T21:23:46.863+0800][15.883s][gc,heap     ] GC(107) Max Capacity: 2048M(100%)
[2024-07-21T21:23:46.864+0800][15.883s][gc,heap     ] GC(107) Soft Max Capacity: 256M(12%)
[2024-07-21T21:23:46.864+0800][15.883s][gc,heap     ] GC(107)                Mark Start          Mark End        Relocate Start      Relocate End           High               Low         
[2024-07-21T21:23:46.864+0800][15.883s][gc,heap     ] GC(107)  Capacity:      256M (12%)         256M (12%)         256M (12%)         256M (12%)         256M (12%)         256M (12%)    
[2024-07-21T21:23:46.864+0800][15.883s][gc,heap     ] GC(107)      Free:     1912M (93%)        1878M (92%)        1944M (95%)        1976M (96%)        1976M (96%)        1878M (92%)    
[2024-07-21T21:23:46.864+0800][15.883s][gc,heap     ] GC(107)      Used:      136M (7%)          170M (8%)          104M (5%)           72M (4%)          170M (8%)           72M (4%)     
[2024-07-21T21:23:46.864+0800][15.883s][gc,heap     ] GC(107)      Live:         -                 7M (0%)            7M (0%)            7M (0%)             -                  -          
[2024-07-21T21:23:46.864+0800][15.883s][gc,heap     ] GC(107) Allocated:         -                34M (2%)           34M (2%)           34M (2%)             -                  -          
[2024-07-21T21:23:46.864+0800][15.883s][gc,heap     ] GC(107)   Garbage:         -               128M (6%)           62M (3%)           30M (1%)             -                  -          
[2024-07-21T21:23:46.864+0800][15.883s][gc,heap     ] GC(107) Reclaimed:         -                  -                66M (3%)           98M (5%)             -                  -          
[2024-07-21T21:23:46.864+0800][15.883s][gc          ] GC(107) Garbage Collection (Allocation Rate) 136M(7%)->72M(4%)
[2024-07-21T21:23:47.044+0800][16.063s][gc,start    ] GC(108) Garbage Collection (Allocation Rate)
[2024-07-21T21:23:47.044+0800][16.063s][gc,task     ] GC(108) Using 1 workers
[2024-07-21T21:23:47.044+0800][16.064s][gc,phases   ] GC(108) Pause Mark Start 0.009ms
[2024-07-21T21:23:47.048+0800][16.068s][gc,phases   ] GC(108) Concurrent Mark 3.692ms
[2024-07-21T21:23:47.048+0800][16.068s][gc,phases   ] GC(108) Pause Mark End 0.015ms
[2024-07-21T21:23:47.049+0800][16.068s][gc,phases   ] GC(108) Concurrent Mark Free 0.001ms
[2024-07-21T21:23:47.050+0800][16.069s][gc,phases   ] GC(108) Concurrent Process Non-Strong References 1.183ms
[2024-07-21T21:23:47.050+0800][16.069s][gc,phases   ] GC(108) Concurrent Reset Relocation Set 0.001ms
[2024-07-21T21:23:47.052+0800][16.071s][gc,phases   ] GC(108) Concurrent Select Relocation Set 1.877ms
[2024-07-21T21:23:47.052+0800][16.071s][gc,phases   ] GC(108) Pause Relocate Start 0.006ms
[2024-07-21T21:23:47.052+0800][16.072s][gc,phases   ] GC(108) Concurrent Relocate 0.480ms
[2024-07-21T21:23:47.053+0800][16.072s][gc,load     ] GC(108) Load: 0.00/0.00/0.00
[2024-07-21T21:23:47.053+0800][16.072s][gc,mmu      ] GC(108) MMU: 2ms/96.8%, 5ms/98.5%, 10ms/99.3%, 20ms/99.6%, 50ms/99.8%, 100ms/99.9%
[2024-07-21T21:23:47.053+0800][16.072s][gc,marking  ] GC(108) Mark: 1 stripe(s), 2 proactive flush(es), 1 terminate flush(es), 0 completion(s), 0 continuation(s) 
[2024-07-21T21:23:47.053+0800][16.072s][gc,marking  ] GC(108) Mark Stack Usage: 32M
[2024-07-21T21:23:47.053+0800][16.072s][gc,nmethod  ] GC(108) NMethods: 476 registered, 0 unregistered
[2024-07-21T21:23:47.053+0800][16.072s][gc,metaspace] GC(108) Metaspace: 1M used, 1M committed, 1032M reserved
[2024-07-21T21:23:47.053+0800][16.072s][gc,ref      ] GC(108) Soft: 93 encountered, 0 discovered, 0 enqueued
[2024-07-21T21:23:47.053+0800][16.072s][gc,ref      ] GC(108) Weak: 131 encountered, 107 discovered, 0 enqueued
[2024-07-21T21:23:47.053+0800][16.072s][gc,ref      ] GC(108) Final: 0 encountered, 0 discovered, 0 enqueued
[2024-07-21T21:23:47.053+0800][16.072s][gc,ref      ] GC(108) Phantom: 184 encountered, 98 discovered, 0 enqueued
[2024-07-21T21:23:47.053+0800][16.072s][gc,reloc    ] GC(108) Small Pages: 4 / 8M, Empty: 2M, Relocated: 0M, In-Place: 0
[2024-07-21T21:23:47.053+0800][16.072s][gc,reloc    ] GC(108) Medium Pages: 5 / 160M, Empty: 96M, Relocated: 3M, In-Place: 0
[2024-07-21T21:23:47.053+0800][16.072s][gc,reloc    ] GC(108) Large Pages: 0 / 0M, Empty: 0M, Relocated: 0M, In-Place: 0
[2024-07-21T21:23:47.053+0800][16.072s][gc,reloc    ] GC(108) Forwarding Usage: 0M
[2024-07-21T21:23:47.053+0800][16.072s][gc,heap     ] GC(108) Min Capacity: 8M(0%)
[2024-07-21T21:23:47.053+0800][16.072s][gc,heap     ] GC(108) Max Capacity: 2048M(100%)
[2024-07-21T21:23:47.053+0800][16.072s][gc,heap     ] GC(108) Soft Max Capacity: 256M(12%)
[2024-07-21T21:23:47.053+0800][16.072s][gc,heap     ] GC(108)                Mark Start          Mark End        Relocate Start      Relocate End           High               Low         
[2024-07-21T21:23:47.053+0800][16.072s][gc,heap     ] GC(108)  Capacity:      256M (12%)         256M (12%)         256M (12%)         256M (12%)         256M (12%)         256M (12%)    
[2024-07-21T21:23:47.053+0800][16.072s][gc,heap     ] GC(108)      Free:     1880M (92%)        1846M (90%)        1944M (95%)        1976M (96%)        1976M (96%)        1846M (90%)    
[2024-07-21T21:23:47.053+0800][16.072s][gc,heap     ] GC(108)      Used:      168M (8%)          202M (10%)         104M (5%)           72M (4%)          202M (10%)          72M (4%)     
[2024-07-21T21:23:47.053+0800][16.072s][gc,heap     ] GC(108)      Live:         -                 7M (0%)            7M (0%)            7M (0%)             -                  -          
[2024-07-21T21:23:47.053+0800][16.072s][gc,heap     ] GC(108) Allocated:         -                34M (2%)           34M (2%)           34M (2%)             -                  -          
[2024-07-21T21:23:47.053+0800][16.072s][gc,heap     ] GC(108)   Garbage:         -               160M (8%)           62M (3%)           30M (1%)             -                  -          
[2024-07-21T21:23:47.053+0800][16.072s][gc,heap     ] GC(108) Reclaimed:         -                  -                98M (5%)          130M (6%)             -                  -          
[2024-07-21T21:23:47.053+0800][16.072s][gc          ] GC(108) Garbage Collection (Allocation Rate) 168M(8%)->72M(4%)
[2024-07-21T21:23:47.153+0800][16.172s][gc,start    ] GC(109) Garbage Collection (Allocation Rate)
[2024-07-21T21:23:47.153+0800][16.172s][gc,task     ] GC(109) Using 1 workers
[2024-07-21T21:23:47.153+0800][16.172s][gc,phases   ] GC(109) Pause Mark Start 0.017ms
[2024-07-21T21:23:47.158+0800][16.177s][gc,phases   ] GC(109) Concurrent Mark 4.438ms
[2024-07-21T21:23:47.158+0800][16.177s][gc,phases   ] GC(109) Pause Mark End 0.010ms
[2024-07-21T21:23:47.158+0800][16.177s][gc,phases   ] GC(109) Concurrent Mark Free 0.001ms
[2024-07-21T21:23:47.159+0800][16.178s][gc,phases   ] GC(109) Concurrent Process Non-Strong References 1.077ms
[2024-07-21T21:23:47.159+0800][16.179s][gc,phases   ] GC(109) Concurrent Reset Relocation Set 0.001ms
[2024-07-21T21:23:47.161+0800][16.180s][gc,phases   ] GC(109) Concurrent Select Relocation Set 1.914ms
[2024-07-21T21:23:47.161+0800][16.181s][gc,phases   ] GC(109) Pause Relocate Start 0.007ms
[2024-07-21T21:23:47.162+0800][16.181s][gc,phases   ] GC(109) Concurrent Relocate 0.326ms
[2024-07-21T21:23:47.162+0800][16.181s][gc,load     ] GC(109) Load: 0.00/0.00/0.00
[2024-07-21T21:23:47.162+0800][16.181s][gc,mmu      ] GC(109) MMU: 2ms/96.8%, 5ms/98.5%, 10ms/99.3%, 20ms/99.6%, 50ms/99.8%, 100ms/99.9%
[2024-07-21T21:23:47.162+0800][16.181s][gc,marking  ] GC(109) Mark: 1 stripe(s), 2 proactive flush(es), 1 terminate flush(es), 0 completion(s), 0 continuation(s) 
[2024-07-21T21:23:47.162+0800][16.181s][gc,marking  ] GC(109) Mark Stack Usage: 32M
[2024-07-21T21:23:47.162+0800][16.181s][gc,nmethod  ] GC(109) NMethods: 476 registered, 0 unregistered
[2024-07-21T21:23:47.162+0800][16.181s][gc,metaspace] GC(109) Metaspace: 1M used, 1M committed, 1032M reserved
[2024-07-21T21:23:47.162+0800][16.181s][gc,ref      ] GC(109) Soft: 93 encountered, 0 discovered, 0 enqueued
[2024-07-21T21:23:47.162+0800][16.181s][gc,ref      ] GC(109) Weak: 131 encountered, 107 discovered, 0 enqueued
[2024-07-21T21:23:47.162+0800][16.181s][gc,ref      ] GC(109) Final: 0 encountered, 0 discovered, 0 enqueued
[2024-07-21T21:23:47.162+0800][16.181s][gc,ref      ] GC(109) Phantom: 184 encountered, 98 discovered, 0 enqueued
[2024-07-21T21:23:47.162+0800][16.181s][gc,reloc    ] GC(109) Small Pages: 4 / 8M, Empty: 2M, Relocated: 0M, In-Place: 0
[2024-07-21T21:23:47.162+0800][16.181s][gc,reloc    ] GC(109) Medium Pages: 4 / 128M, Empty: 64M, Relocated: 1M, In-Place: 0
[2024-07-21T21:23:47.162+0800][16.181s][gc,reloc    ] GC(109) Large Pages: 0 / 0M, Empty: 0M, Relocated: 0M, In-Place: 0
[2024-07-21T21:23:47.162+0800][16.181s][gc,reloc    ] GC(109) Forwarding Usage: 0M
[2024-07-21T21:23:47.162+0800][16.181s][gc,heap     ] GC(109) Min Capacity: 8M(0%)
[2024-07-21T21:23:47.162+0800][16.181s][gc,heap     ] GC(109) Max Capacity: 2048M(100%)
[2024-07-21T21:23:47.162+0800][16.181s][gc,heap     ] GC(109) Soft Max Capacity: 256M(12%)
[2024-07-21T21:23:47.162+0800][16.181s][gc,heap     ] GC(109)                Mark Start          Mark End        Relocate Start      Relocate End           High               Low         
[2024-07-21T21:23:47.162+0800][16.181s][gc,heap     ] GC(109)  Capacity:      256M (12%)         256M (12%)         256M (12%)         256M (12%)         256M (12%)         256M (12%)    
[2024-07-21T21:23:47.162+0800][16.181s][gc,heap     ] GC(109)      Free:     1912M (93%)        1878M (92%)        1944M (95%)        1976M (96%)        1976M (96%)        1878M (92%)    
[2024-07-21T21:23:47.162+0800][16.181s][gc,heap     ] GC(109)      Used:      136M (7%)          170M (8%)          104M (5%)           72M (4%)          170M (8%)           72M (4%)     
[2024-07-21T21:23:47.162+0800][16.181s][gc,heap     ] GC(109)      Live:         -                 5M (0%)            5M (0%)            5M (0%)             -                  -          
[2024-07-21T21:23:47.162+0800][16.181s][gc,heap     ] GC(109) Allocated:         -                34M (2%)           34M (2%)           34M (2%)             -                  -          
[2024-07-21T21:23:47.162+0800][16.181s][gc,heap     ] GC(109)   Garbage:         -               130M (6%)           64M (3%)           32M (2%)             -                  -          
[2024-07-21T21:23:47.162+0800][16.181s][gc,heap     ] GC(109) Reclaimed:         -                  -                66M (3%)           98M (5%)             -                  -          
[2024-07-21T21:23:47.162+0800][16.182s][gc          ] GC(109) Garbage Collection (Allocation Rate) 136M(7%)->72M(4%)
[2024-07-21T21:23:47.264+0800][16.283s][gc,heap,exit] Heap
[2024-07-21T21:23:47.264+0800][16.283s][gc,heap,exit]  ZHeap           used 136M, capacity 256M, max capacity 2048M
[2024-07-21T21:23:47.264+0800][16.283s][gc,heap,exit]  Metaspace       used 1347K, committed 1472K, reserved 1056768K
[2024-07-21T21:23:47.264+0800][16.283s][gc,heap,exit]   class space    used 111K, committed 192K, reserved 1048576K
