[2024-07-21T21:23:56.384+0800][0.017s][gc,init] Initializing The Z Garbage Collector
[2024-07-21T21:23:56.385+0800][0.017s][gc,init] Version: 17.0.2+8-86 (release)
[2024-07-21T21:23:56.385+0800][0.017s][gc,init] NUMA Support: Disabled
[2024-07-21T21:23:56.385+0800][0.017s][gc,init] CPUs: 8 total, 8 available
[2024-07-21T21:23:56.385+0800][0.017s][gc,init] Memory: 16281M
[2024-07-21T21:23:56.385+0800][0.017s][gc,init] Large Page Support: Disabled
[2024-07-21T21:23:56.385+0800][0.017s][gc,init] GC Workers: 2 (dynamic)
[2024-07-21T21:23:56.386+0800][0.018s][gc,init] Address Space Type: Contiguous/Unrestricted/Complete
[2024-07-21T21:23:56.386+0800][0.018s][gc,init] Address Space Size: 32768M x 3 = 98304M
[2024-07-21T21:23:56.387+0800][0.019s][gc,init] Min Capacity: 8M
[2024-07-21T21:23:56.387+0800][0.019s][gc,init] Initial Capacity: 256M
[2024-07-21T21:23:56.387+0800][0.019s][gc,init] Max Capacity: 2048M
[2024-07-21T21:23:56.387+0800][0.019s][gc,init] Medium Page Size: 32M
[2024-07-21T21:23:56.387+0800][0.019s][gc,init] Pre-touch: Disabled
[2024-07-21T21:23:56.387+0800][0.019s][gc,init] Uncommit: Enabled
[2024-07-21T21:23:56.387+0800][0.019s][gc,init] Uncommit Delay: 300s
[2024-07-21T21:23:56.403+0800][0.035s][gc,init] Runtime Workers: 5
[2024-07-21T21:23:56.403+0800][0.036s][gc     ] Using The Z Garbage Collector
[2024-07-21T21:23:56.404+0800][0.036s][gc,metaspace] CDS archive(s) mapped at: [0x0000000800000000-0x0000000800bc0000-0x0000000800bc0000), size 12320768, SharedBaseAddress: 0x0000000800000000, ArchiveRelocationMode: 0.
[2024-07-21T21:23:56.404+0800][0.036s][gc,metaspace] Compressed class space mapped at: 0x0000000800c00000-0x0000000840c00000, reserved size: 1073741824
[2024-07-21T21:23:56.404+0800][0.036s][gc,metaspace] Narrow klass base: 0x0000000800000000, Narrow klass shift: 0, Narrow klass range: 0x100000000
[2024-07-21T21:23:56.739+0800][0.371s][gc,start    ] GC(0) Garbage Collection (Warmup)
[2024-07-21T21:23:56.739+0800][0.372s][gc,task     ] GC(0) Using 2 workers
[2024-07-21T21:23:56.739+0800][0.372s][gc,phases   ] GC(0) Pause Mark Start 0.019ms
[2024-07-21T21:23:56.755+0800][0.387s][gc,phases   ] GC(0) Concurrent Mark 15.594ms
[2024-07-21T21:23:56.756+0800][0.388s][gc,phases   ] GC(0) Pause Mark End 0.023ms
[2024-07-21T21:23:56.756+0800][0.388s][gc,phases   ] GC(0) Concurrent Mark Free 0.002ms
[2024-07-21T21:23:56.756+0800][0.388s][gc,phases   ] GC(0) Concurrent Process Non-Strong References 0.577ms
[2024-07-21T21:23:56.756+0800][0.388s][gc,phases   ] GC(0) Concurrent Reset Relocation Set 0.000ms
[2024-07-21T21:23:56.764+0800][0.396s][gc,phases   ] GC(0) Concurrent Select Relocation Set 8.145ms
[2024-07-21T21:23:56.764+0800][0.397s][gc,phases   ] GC(0) Pause Relocate Start 0.006ms
[2024-07-21T21:23:56.766+0800][0.398s][gc,phases   ] GC(0) Concurrent Relocate 1.611ms
[2024-07-21T21:23:56.766+0800][0.398s][gc,load     ] GC(0) Load: 0.00/0.00/0.00
[2024-07-21T21:23:56.766+0800][0.398s][gc,mmu      ] GC(0) MMU: 2ms/98.9%, 5ms/99.5%, 10ms/99.7%, 20ms/99.8%, 50ms/99.9%, 100ms/100.0%
[2024-07-21T21:23:56.766+0800][0.398s][gc,marking  ] GC(0) Mark: 2 stripe(s), 2 proactive flush(es), 1 terminate flush(es), 0 completion(s), 0 continuation(s) 
[2024-07-21T21:23:56.766+0800][0.398s][gc,marking  ] GC(0) Mark Stack Usage: 32M
[2024-07-21T21:23:56.766+0800][0.398s][gc,nmethod  ] GC(0) NMethods: 324 registered, 0 unregistered
[2024-07-21T21:23:56.766+0800][0.398s][gc,metaspace] GC(0) Metaspace: 1M used, 1M committed, 1032M reserved
[2024-07-21T21:23:56.766+0800][0.398s][gc,ref      ] GC(0) Soft: 53 encountered, 0 discovered, 0 enqueued
[2024-07-21T21:23:56.766+0800][0.399s][gc,ref      ] GC(0) Weak: 153 encountered, 36 discovered, 36 enqueued
[2024-07-21T21:23:56.766+0800][0.399s][gc,ref      ] GC(0) Final: 0 encountered, 0 discovered, 0 enqueued
[2024-07-21T21:23:56.766+0800][0.399s][gc,ref      ] GC(0) Phantom: 217 encountered, 157 discovered, 33 enqueued
[2024-07-21T21:23:56.766+0800][0.399s][gc,reloc    ] GC(0) Small Pages: 6 / 12M, Empty: 0M, Relocated: 1M, In-Place: 0
[2024-07-21T21:23:56.766+0800][0.399s][gc,reloc    ] GC(0) Medium Pages: 2 / 64M, Empty: 0M, Relocated: 1M, In-Place: 0
[2024-07-21T21:23:56.766+0800][0.399s][gc,reloc    ] GC(0) Large Pages: 0 / 0M, Empty: 0M, Relocated: 0M, In-Place: 0
[2024-07-21T21:23:56.766+0800][0.399s][gc,reloc    ] GC(0) Forwarding Usage: 0M
[2024-07-21T21:23:56.766+0800][0.399s][gc,heap     ] GC(0) Min Capacity: 8M(0%)
[2024-07-21T21:23:56.766+0800][0.399s][gc,heap     ] GC(0) Max Capacity: 2048M(100%)
[2024-07-21T21:23:56.766+0800][0.399s][gc,heap     ] GC(0) Soft Max Capacity: 512M(25%)
[2024-07-21T21:23:56.766+0800][0.399s][gc,heap     ] GC(0)                Mark Start          Mark End        Relocate Start      Relocate End           High               Low         
[2024-07-21T21:23:56.766+0800][0.399s][gc,heap     ] GC(0)  Capacity:      256M (12%)         256M (12%)         256M (12%)         256M (12%)         256M (12%)         256M (12%)    
[2024-07-21T21:23:56.766+0800][0.399s][gc,heap     ] GC(0)      Free:     1972M (96%)        1938M (95%)        1938M (95%)        1976M (96%)        1976M (96%)        1906M (93%)    
[2024-07-21T21:23:56.766+0800][0.399s][gc,heap     ] GC(0)      Used:       76M (4%)          110M (5%)          110M (5%)           72M (4%)          142M (7%)           72M (4%)     
[2024-07-21T21:23:56.766+0800][0.399s][gc,heap     ] GC(0)      Live:         -                 5M (0%)            5M (0%)            5M (0%)             -                  -          
[2024-07-21T21:23:56.766+0800][0.399s][gc,heap     ] GC(0) Allocated:         -                34M (2%)           34M (2%)           34M (2%)             -                  -          
[2024-07-21T21:23:56.766+0800][0.399s][gc,heap     ] GC(0)   Garbage:         -                70M (3%)           70M (3%)           32M (2%)             -                  -          
[2024-07-21T21:23:56.766+0800][0.399s][gc,heap     ] GC(0) Reclaimed:         -                  -                 0M (0%)           38M (2%)             -                  -          
[2024-07-21T21:23:56.766+0800][0.399s][gc          ] GC(0) Garbage Collection (Warmup) 76M(4%)->72M(4%)
[2024-07-21T21:23:56.850+0800][0.481s][gc,start    ] GC(1) Garbage Collection (Warmup)
[2024-07-21T21:23:56.850+0800][0.482s][gc,task     ] GC(1) Using 2 workers
[2024-07-21T21:23:56.850+0800][0.482s][gc,phases   ] GC(1) Pause Mark Start 0.021ms
[2024-07-21T21:23:56.865+0800][0.497s][gc,phases   ] GC(1) Concurrent Mark 15.649ms
[2024-07-21T21:23:56.865+0800][0.498s][gc,phases   ] GC(1) Pause Mark End 0.013ms
[2024-07-21T21:23:56.865+0800][0.498s][gc,phases   ] GC(1) Concurrent Mark Free 0.001ms
[2024-07-21T21:23:56.866+0800][0.498s][gc,phases   ] GC(1) Concurrent Process Non-Strong References 0.663ms
[2024-07-21T21:23:56.866+0800][0.498s][gc,phases   ] GC(1) Concurrent Reset Relocation Set 0.001ms
[2024-07-21T21:23:56.867+0800][0.500s][gc,phases   ] GC(1) Concurrent Select Relocation Set 1.813ms
[2024-07-21T21:23:56.868+0800][0.500s][gc,phases   ] GC(1) Pause Relocate Start 0.007ms
[2024-07-21T21:23:56.869+0800][0.502s][gc,phases   ] GC(1) Concurrent Relocate 1.508ms
[2024-07-21T21:23:56.869+0800][0.502s][gc,load     ] GC(1) Load: 0.00/0.00/0.00
[2024-07-21T21:23:56.869+0800][0.502s][gc,mmu      ] GC(1) MMU: 2ms/98.9%, 5ms/99.5%, 10ms/99.7%, 20ms/99.8%, 50ms/99.9%, 100ms/100.0%
[2024-07-21T21:23:56.869+0800][0.502s][gc,marking  ] GC(1) Mark: 2 stripe(s), 2 proactive flush(es), 1 terminate flush(es), 0 completion(s), 0 continuation(s) 
[2024-07-21T21:23:56.869+0800][0.502s][gc,marking  ] GC(1) Mark Stack Usage: 32M
[2024-07-21T21:23:56.869+0800][0.502s][gc,nmethod  ] GC(1) NMethods: 325 registered, 0 unregistered
[2024-07-21T21:23:56.869+0800][0.502s][gc,metaspace] GC(1) Metaspace: 1M used, 1M committed, 1032M reserved
[2024-07-21T21:23:56.869+0800][0.502s][gc,ref      ] GC(1) Soft: 53 encountered, 0 discovered, 0 enqueued
[2024-07-21T21:23:56.869+0800][0.502s][gc,ref      ] GC(1) Weak: 117 encountered, 5 discovered, 0 enqueued
[2024-07-21T21:23:56.869+0800][0.502s][gc,ref      ] GC(1) Final: 0 encountered, 0 discovered, 0 enqueued
[2024-07-21T21:23:56.869+0800][0.502s][gc,ref      ] GC(1) Phantom: 184 encountered, 95 discovered, 0 enqueued
[2024-07-21T21:23:56.869+0800][0.502s][gc,reloc    ] GC(1) Small Pages: 4 / 8M, Empty: 2M, Relocated: 0M, In-Place: 0
[2024-07-21T21:23:56.869+0800][0.502s][gc,reloc    ] GC(1) Medium Pages: 3 / 96M, Empty: 32M, Relocated: 2M, In-Place: 0
[2024-07-21T21:23:56.869+0800][0.502s][gc,reloc    ] GC(1) Large Pages: 0 / 0M, Empty: 0M, Relocated: 0M, In-Place: 0
[2024-07-21T21:23:56.869+0800][0.502s][gc,reloc    ] GC(1) Forwarding Usage: 0M
[2024-07-21T21:23:56.869+0800][0.502s][gc,heap     ] GC(1) Min Capacity: 8M(0%)
[2024-07-21T21:23:56.870+0800][0.502s][gc,heap     ] GC(1) Max Capacity: 2048M(100%)
[2024-07-21T21:23:56.870+0800][0.502s][gc,heap     ] GC(1) Soft Max Capacity: 512M(25%)
[2024-07-21T21:23:56.870+0800][0.502s][gc,heap     ] GC(1)                Mark Start          Mark End        Relocate Start      Relocate End           High               Low         
[2024-07-21T21:23:56.870+0800][0.502s][gc,heap     ] GC(1)  Capacity:      256M (12%)         256M (12%)         256M (12%)         256M (12%)         256M (12%)         256M (12%)    
[2024-07-21T21:23:56.870+0800][0.502s][gc,heap     ] GC(1)      Free:     1944M (95%)        1910M (93%)        1944M (95%)        1976M (96%)        1976M (96%)        1910M (93%)    
[2024-07-21T21:23:56.870+0800][0.502s][gc,heap     ] GC(1)      Used:      104M (5%)          138M (7%)          104M (5%)           72M (4%)          138M (7%)           72M (4%)     
[2024-07-21T21:23:56.870+0800][0.502s][gc,heap     ] GC(1)      Live:         -                 6M (0%)            6M (0%)            6M (0%)             -                  -          
[2024-07-21T21:23:56.870+0800][0.502s][gc,heap     ] GC(1) Allocated:         -                34M (2%)           34M (2%)           34M (2%)             -                  -          
[2024-07-21T21:23:56.870+0800][0.503s][gc,heap     ] GC(1)   Garbage:         -                97M (5%)           63M (3%)           31M (2%)             -                  -          
[2024-07-21T21:23:56.870+0800][0.503s][gc,heap     ] GC(1) Reclaimed:         -                  -                34M (2%)           66M (3%)             -                  -          
[2024-07-21T21:23:56.870+0800][0.503s][gc          ] GC(1) Garbage Collection (Warmup) 104M(5%)->72M(4%)
[2024-07-21T21:23:57.040+0800][0.672s][gc,start    ] GC(2) Garbage Collection (Warmup)
[2024-07-21T21:23:57.040+0800][0.672s][gc,task     ] GC(2) Using 2 workers
[2024-07-21T21:23:57.040+0800][0.672s][gc,phases   ] GC(2) Pause Mark Start 0.008ms
[2024-07-21T21:23:57.056+0800][0.688s][gc,phases   ] GC(2) Concurrent Mark 15.677ms
[2024-07-21T21:23:57.056+0800][0.688s][gc,phases   ] GC(2) Pause Mark End 0.021ms
[2024-07-21T21:23:57.056+0800][0.688s][gc,phases   ] GC(2) Concurrent Mark Free 0.002ms
[2024-07-21T21:23:57.057+0800][0.689s][gc,phases   ] GC(2) Concurrent Process Non-Strong References 0.596ms
[2024-07-21T21:23:57.057+0800][0.689s][gc,phases   ] GC(2) Concurrent Reset Relocation Set 0.001ms
[2024-07-21T21:23:57.061+0800][0.693s][gc,phases   ] GC(2) Concurrent Select Relocation Set 4.218ms
[2024-07-21T21:23:57.061+0800][0.694s][gc,phases   ] GC(2) Pause Relocate Start 0.027ms
[2024-07-21T21:23:57.064+0800][0.696s][gc,phases   ] GC(2) Concurrent Relocate 2.528ms
[2024-07-21T21:23:57.064+0800][0.696s][gc,load     ] GC(2) Load: 0.00/0.00/0.00
[2024-07-21T21:23:57.064+0800][0.696s][gc,mmu      ] GC(2) MMU: 2ms/98.6%, 5ms/99.5%, 10ms/99.5%, 20ms/99.8%, 50ms/99.9%, 100ms/99.9%
[2024-07-21T21:23:57.064+0800][0.696s][gc,marking  ] GC(2) Mark: 2 stripe(s), 1 proactive flush(es), 1 terminate flush(es), 0 completion(s), 0 continuation(s) 
[2024-07-21T21:23:57.064+0800][0.696s][gc,marking  ] GC(2) Mark Stack Usage: 32M
[2024-07-21T21:23:57.064+0800][0.696s][gc,nmethod  ] GC(2) NMethods: 325 registered, 0 unregistered
[2024-07-21T21:23:57.064+0800][0.696s][gc,metaspace] GC(2) Metaspace: 1M used, 1M committed, 1032M reserved
[2024-07-21T21:23:57.064+0800][0.697s][gc,ref      ] GC(2) Soft: 53 encountered, 0 discovered, 0 enqueued
[2024-07-21T21:23:57.064+0800][0.697s][gc,ref      ] GC(2) Weak: 117 encountered, 5 discovered, 0 enqueued
[2024-07-21T21:23:57.064+0800][0.697s][gc,ref      ] GC(2) Final: 0 encountered, 0 discovered, 0 enqueued
[2024-07-21T21:23:57.064+0800][0.697s][gc,ref      ] GC(2) Phantom: 184 encountered, 92 discovered, 0 enqueued
[2024-07-21T21:23:57.064+0800][0.697s][gc,reloc    ] GC(2) Small Pages: 4 / 8M, Empty: 0M, Relocated: 1M, In-Place: 0
[2024-07-21T21:23:57.064+0800][0.697s][gc,reloc    ] GC(2) Medium Pages: 5 / 160M, Empty: 128M, Relocated: 0M, In-Place: 0
[2024-07-21T21:23:57.064+0800][0.697s][gc,reloc    ] GC(2) Large Pages: 0 / 0M, Empty: 0M, Relocated: 0M, In-Place: 0
[2024-07-21T21:23:57.064+0800][0.697s][gc,reloc    ] GC(2) Forwarding Usage: 0M
[2024-07-21T21:23:57.064+0800][0.697s][gc,heap     ] GC(2) Min Capacity: 8M(0%)
[2024-07-21T21:23:57.064+0800][0.697s][gc,heap     ] GC(2) Max Capacity: 2048M(100%)
[2024-07-21T21:23:57.064+0800][0.697s][gc,heap     ] GC(2) Soft Max Capacity: 512M(25%)
[2024-07-21T21:23:57.064+0800][0.697s][gc,heap     ] GC(2)                Mark Start          Mark End        Relocate Start      Relocate End           High               Low         
[2024-07-21T21:23:57.064+0800][0.697s][gc,heap     ] GC(2)  Capacity:      256M (12%)         256M (12%)         256M (12%)         256M (12%)         256M (12%)         256M (12%)    
[2024-07-21T21:23:57.064+0800][0.697s][gc,heap     ] GC(2)      Free:     1880M (92%)        1848M (90%)        1976M (96%)        1974M (96%)        1976M (96%)        1848M (90%)    
[2024-07-21T21:23:57.064+0800][0.697s][gc,heap     ] GC(2)      Used:      168M (8%)          200M (10%)          72M (4%)           74M (4%)          200M (10%)          72M (4%)     
[2024-07-21T21:23:57.064+0800][0.697s][gc,heap     ] GC(2)      Live:         -                 4M (0%)            4M (0%)            4M (0%)             -                  -          
[2024-07-21T21:23:57.064+0800][0.697s][gc,heap     ] GC(2) Allocated:         -                32M (2%)           32M (2%)           33M (2%)             -                  -          
[2024-07-21T21:23:57.064+0800][0.697s][gc,heap     ] GC(2)   Garbage:         -               163M (8%)           35M (2%)           35M (2%)             -                  -          
[2024-07-21T21:23:57.064+0800][0.697s][gc,heap     ] GC(2) Reclaimed:         -                  -               128M (6%)          127M (6%)             -                  -          
[2024-07-21T21:23:57.065+0800][0.697s][gc          ] GC(2) Garbage Collection (Warmup) 168M(8%)->74M(4%)
[2024-07-21T21:23:57.548+0800][1.180s][gc,start    ] GC(3) Garbage Collection (Allocation Rate)
[2024-07-21T21:23:57.548+0800][1.180s][gc,task     ] GC(3) Using 2 workers
[2024-07-21T21:23:57.548+0800][1.180s][gc,phases   ] GC(3) Pause Mark Start 0.011ms
[2024-07-21T21:23:57.564+0800][1.196s][gc,phases   ] GC(3) Concurrent Mark 15.671ms
[2024-07-21T21:23:57.564+0800][1.196s][gc,phases   ] GC(3) Pause Mark End 0.031ms
[2024-07-21T21:23:57.564+0800][1.196s][gc,phases   ] GC(3) Concurrent Mark Free 0.001ms
[2024-07-21T21:23:57.564+0800][1.197s][gc,phases   ] GC(3) Concurrent Process Non-Strong References 0.556ms
[2024-07-21T21:23:57.565+0800][1.197s][gc,phases   ] GC(3) Concurrent Reset Relocation Set 0.001ms
[2024-07-21T21:23:57.567+0800][1.199s][gc,phases   ] GC(3) Concurrent Select Relocation Set 2.786ms
[2024-07-21T21:23:57.567+0800][1.200s][gc,phases   ] GC(3) Pause Relocate Start 0.006ms
[2024-07-21T21:23:57.571+0800][1.203s][gc,phases   ] GC(3) Concurrent Relocate 3.207ms
[2024-07-21T21:23:57.571+0800][1.203s][gc,load     ] GC(3) Load: 0.00/0.00/0.00
[2024-07-21T21:23:57.571+0800][1.203s][gc,mmu      ] GC(3) MMU: 2ms/98.5%, 5ms/99.3%, 10ms/99.5%, 20ms/99.8%, 50ms/99.9%, 100ms/99.9%
[2024-07-21T21:23:57.571+0800][1.203s][gc,marking  ] GC(3) Mark: 2 stripe(s), 2 proactive flush(es), 1 terminate flush(es), 0 completion(s), 0 continuation(s) 
[2024-07-21T21:23:57.571+0800][1.203s][gc,marking  ] GC(3) Mark Stack Usage: 32M
[2024-07-21T21:23:57.571+0800][1.203s][gc,nmethod  ] GC(3) NMethods: 372 registered, 0 unregistered
[2024-07-21T21:23:57.571+0800][1.203s][gc,metaspace] GC(3) Metaspace: 1M used, 1M committed, 1032M reserved
[2024-07-21T21:23:57.571+0800][1.203s][gc,ref      ] GC(3) Soft: 93 encountered, 0 discovered, 0 enqueued
[2024-07-21T21:23:57.571+0800][1.203s][gc,ref      ] GC(3) Weak: 136 encountered, 5 discovered, 5 enqueued
[2024-07-21T21:23:57.571+0800][1.203s][gc,ref      ] GC(3) Final: 0 encountered, 0 discovered, 0 enqueued
[2024-07-21T21:23:57.571+0800][1.203s][gc,ref      ] GC(3) Phantom: 189 encountered, 95 discovered, 5 enqueued
[2024-07-21T21:23:57.571+0800][1.203s][gc,reloc    ] GC(3) Small Pages: 7 / 14M, Empty: 2M, Relocated: 1M, In-Place: 0
[2024-07-21T21:23:57.571+0800][1.203s][gc,reloc    ] GC(3) Medium Pages: 8 / 256M, Empty: 192M, Relocated: 11M, In-Place: 0
[2024-07-21T21:23:57.571+0800][1.203s][gc,reloc    ] GC(3) Large Pages: 0 / 0M, Empty: 0M, Relocated: 0M, In-Place: 0
[2024-07-21T21:23:57.571+0800][1.203s][gc,reloc    ] GC(3) Forwarding Usage: 0M
[2024-07-21T21:23:57.571+0800][1.203s][gc,heap     ] GC(3) Min Capacity: 8M(0%)
[2024-07-21T21:23:57.571+0800][1.203s][gc,heap     ] GC(3) Max Capacity: 2048M(100%)
[2024-07-21T21:23:57.571+0800][1.203s][gc,heap     ] GC(3) Soft Max Capacity: 512M(25%)
[2024-07-21T21:23:57.571+0800][1.203s][gc,heap     ] GC(3)                Mark Start          Mark End        Relocate Start      Relocate End           High               Low         
[2024-07-21T21:23:57.571+0800][1.203s][gc,heap     ] GC(3)  Capacity:      288M (14%)         320M (16%)         320M (16%)         320M (16%)         320M (16%)         288M (14%)    
[2024-07-21T21:23:57.571+0800][1.203s][gc,heap     ] GC(3)      Free:     1778M (87%)        1744M (85%)        1938M (95%)        1976M (96%)        1976M (96%)        1744M (85%)    
[2024-07-21T21:23:57.571+0800][1.203s][gc,heap     ] GC(3)      Used:      270M (13%)         304M (15%)         110M (5%)           72M (4%)          304M (15%)          72M (4%)     
[2024-07-21T21:23:57.571+0800][1.203s][gc,heap     ] GC(3)      Live:         -                15M (1%)           15M (1%)           15M (1%)             -                  -          
[2024-07-21T21:23:57.571+0800][1.203s][gc,heap     ] GC(3) Allocated:         -                34M (2%)           34M (2%)           34M (2%)             -                  -          
[2024-07-21T21:23:57.571+0800][1.203s][gc,heap     ] GC(3)   Garbage:         -               254M (12%)          60M (3%)           22M (1%)             -                  -          
[2024-07-21T21:23:57.571+0800][1.203s][gc,heap     ] GC(3) Reclaimed:         -                  -               194M (9%)          232M (11%)            -                  -          
[2024-07-21T21:23:57.571+0800][1.203s][gc          ] GC(3) Garbage Collection (Allocation Rate) 270M(13%)->72M(4%)
[2024-07-21T21:23:58.148+0800][1.781s][gc,start    ] GC(4) Garbage Collection (Allocation Rate)
[2024-07-21T21:23:58.149+0800][1.781s][gc,task     ] GC(4) Using 1 workers
[2024-07-21T21:23:58.149+0800][1.781s][gc,phases   ] GC(4) Pause Mark Start 0.007ms
[2024-07-21T21:23:58.153+0800][1.786s][gc,phases   ] GC(4) Concurrent Mark 5.445ms
[2024-07-21T21:23:58.154+0800][1.787s][gc,phases   ] GC(4) Pause Mark End 0.011ms
[2024-07-21T21:23:58.154+0800][1.787s][gc,phases   ] GC(4) Concurrent Mark Free 0.002ms
[2024-07-21T21:23:58.155+0800][1.788s][gc,phases   ] GC(4) Concurrent Process Non-Strong References 1.283ms
[2024-07-21T21:23:58.155+0800][1.788s][gc,phases   ] GC(4) Concurrent Reset Relocation Set 0.001ms
[2024-07-21T21:23:58.157+0800][1.790s][gc,phases   ] GC(4) Concurrent Select Relocation Set 1.945ms
[2024-07-21T21:23:58.157+0800][1.790s][gc,phases   ] GC(4) Pause Relocate Start 0.007ms
[2024-07-21T21:23:58.160+0800][1.793s][gc,phases   ] GC(4) Concurrent Relocate 2.747ms
[2024-07-21T21:23:58.160+0800][1.793s][gc,load     ] GC(4) Load: 0.00/0.00/0.00
[2024-07-21T21:23:58.160+0800][1.793s][gc,mmu      ] GC(4) MMU: 2ms/98.5%, 5ms/99.3%, 10ms/99.5%, 20ms/99.8%, 50ms/99.9%, 100ms/99.9%
[2024-07-21T21:23:58.160+0800][1.793s][gc,marking  ] GC(4) Mark: 1 stripe(s), 2 proactive flush(es), 1 terminate flush(es), 0 completion(s), 0 continuation(s) 
[2024-07-21T21:23:58.160+0800][1.793s][gc,marking  ] GC(4) Mark Stack Usage: 32M
[2024-07-21T21:23:58.160+0800][1.793s][gc,nmethod  ] GC(4) NMethods: 379 registered, 0 unregistered
[2024-07-21T21:23:58.160+0800][1.793s][gc,metaspace] GC(4) Metaspace: 1M used, 1M committed, 1032M reserved
[2024-07-21T21:23:58.160+0800][1.793s][gc,ref      ] GC(4) Soft: 93 encountered, 0 discovered, 0 enqueued
[2024-07-21T21:23:58.160+0800][1.793s][gc,ref      ] GC(4) Weak: 131 encountered, 107 discovered, 0 enqueued
[2024-07-21T21:23:58.160+0800][1.793s][gc,ref      ] GC(4) Final: 0 encountered, 0 discovered, 0 enqueued
[2024-07-21T21:23:58.160+0800][1.793s][gc,ref      ] GC(4) Phantom: 184 encountered, 98 discovered, 0 enqueued
[2024-07-21T21:23:58.160+0800][1.793s][gc,reloc    ] GC(4) Small Pages: 4 / 8M, Empty: 2M, Relocated: 0M, In-Place: 0
[2024-07-21T21:23:58.160+0800][1.793s][gc,reloc    ] GC(4) Medium Pages: 12 / 384M, Empty: 288M, Relocated: 11M, In-Place: 0
[2024-07-21T21:23:58.160+0800][1.793s][gc,reloc    ] GC(4) Large Pages: 0 / 0M, Empty: 0M, Relocated: 0M, In-Place: 0
[2024-07-21T21:23:58.160+0800][1.793s][gc,reloc    ] GC(4) Forwarding Usage: 0M
[2024-07-21T21:23:58.160+0800][1.793s][gc,heap     ] GC(4) Min Capacity: 8M(0%)
[2024-07-21T21:23:58.160+0800][1.793s][gc,heap     ] GC(4) Max Capacity: 2048M(100%)
[2024-07-21T21:23:58.161+0800][1.793s][gc,heap     ] GC(4) Soft Max Capacity: 512M(25%)
[2024-07-21T21:23:58.161+0800][1.793s][gc,heap     ] GC(4)                Mark Start          Mark End        Relocate Start      Relocate End           High               Low         
[2024-07-21T21:23:58.161+0800][1.793s][gc,heap     ] GC(4)  Capacity:      416M (20%)         448M (22%)         448M (22%)         448M (22%)         448M (22%)         416M (20%)    
[2024-07-21T21:23:58.161+0800][1.794s][gc,heap     ] GC(4)      Free:     1656M (81%)        1624M (79%)        1912M (93%)        1976M (96%)        1976M (96%)        1622M (79%)    
[2024-07-21T21:23:58.161+0800][1.794s][gc,heap     ] GC(4)      Used:      392M (19%)         424M (21%)         136M (7%)           72M (4%)          426M (21%)          72M (4%)     
[2024-07-21T21:23:58.161+0800][1.794s][gc,heap     ] GC(4)      Live:         -                15M (1%)           15M (1%)           15M (1%)             -                  -          
[2024-07-21T21:23:58.161+0800][1.794s][gc,heap     ] GC(4) Allocated:         -                32M (2%)           34M (2%)           34M (2%)             -                  -          
[2024-07-21T21:23:58.161+0800][1.794s][gc,heap     ] GC(4)   Garbage:         -               376M (18%)          86M (4%)           22M (1%)             -                  -          
[2024-07-21T21:23:58.161+0800][1.794s][gc,heap     ] GC(4) Reclaimed:         -                  -               290M (14%)         354M (17%)            -                  -          
[2024-07-21T21:23:58.161+0800][1.794s][gc          ] GC(4) Garbage Collection (Allocation Rate) 392M(19%)->72M(4%)
[2024-07-21T21:23:58.638+0800][2.270s][gc,start    ] GC(5) Garbage Collection (Allocation Rate)
[2024-07-21T21:23:58.638+0800][2.270s][gc,task     ] GC(5) Using 1 workers
[2024-07-21T21:23:58.638+0800][2.270s][gc,phases   ] GC(5) Pause Mark Start 0.030ms
[2024-07-21T21:23:58.642+0800][2.275s][gc,phases   ] GC(5) Concurrent Mark 4.330ms
[2024-07-21T21:23:58.642+0800][2.275s][gc,phases   ] GC(5) Pause Mark End 0.008ms
[2024-07-21T21:23:58.642+0800][2.275s][gc,phases   ] GC(5) Concurrent Mark Free 0.001ms
[2024-07-21T21:23:58.643+0800][2.276s][gc,phases   ] GC(5) Concurrent Process Non-Strong References 1.024ms
[2024-07-21T21:23:58.643+0800][2.276s][gc,phases   ] GC(5) Concurrent Reset Relocation Set 0.001ms
[2024-07-21T21:23:58.645+0800][2.278s][gc,phases   ] GC(5) Concurrent Select Relocation Set 1.629ms
[2024-07-21T21:23:58.645+0800][2.278s][gc,phases   ] GC(5) Pause Relocate Start 0.005ms
[2024-07-21T21:23:58.646+0800][2.278s][gc,phases   ] GC(5) Concurrent Relocate 0.279ms
[2024-07-21T21:23:58.646+0800][2.278s][gc,load     ] GC(5) Load: 0.00/0.00/0.00
[2024-07-21T21:23:58.646+0800][2.278s][gc,mmu      ] GC(5) MMU: 2ms/98.5%, 5ms/99.2%, 10ms/99.5%, 20ms/99.8%, 50ms/99.9%, 100ms/99.9%
[2024-07-21T21:23:58.646+0800][2.278s][gc,marking  ] GC(5) Mark: 1 stripe(s), 2 proactive flush(es), 1 terminate flush(es), 0 completion(s), 0 continuation(s) 
[2024-07-21T21:23:58.646+0800][2.278s][gc,marking  ] GC(5) Mark Stack Usage: 32M
[2024-07-21T21:23:58.646+0800][2.278s][gc,nmethod  ] GC(5) NMethods: 384 registered, 0 unregistered
[2024-07-21T21:23:58.646+0800][2.279s][gc,metaspace] GC(5) Metaspace: 1M used, 1M committed, 1032M reserved
[2024-07-21T21:23:58.646+0800][2.279s][gc,ref      ] GC(5) Soft: 93 encountered, 0 discovered, 0 enqueued
[2024-07-21T21:23:58.646+0800][2.279s][gc,ref      ] GC(5) Weak: 131 encountered, 107 discovered, 0 enqueued
[2024-07-21T21:23:58.646+0800][2.279s][gc,ref      ] GC(5) Final: 0 encountered, 0 discovered, 0 enqueued
[2024-07-21T21:23:58.646+0800][2.279s][gc,ref      ] GC(5) Phantom: 184 encountered, 98 discovered, 0 enqueued
[2024-07-21T21:23:58.646+0800][2.279s][gc,reloc    ] GC(5) Small Pages: 4 / 8M, Empty: 2M, Relocated: 0M, In-Place: 0
[2024-07-21T21:23:58.646+0800][2.279s][gc,reloc    ] GC(5) Medium Pages: 11 / 352M, Empty: 288M, Relocated: 1M, In-Place: 0
[2024-07-21T21:23:58.646+0800][2.279s][gc,reloc    ] GC(5) Large Pages: 0 / 0M, Empty: 0M, Relocated: 0M, In-Place: 0
[2024-07-21T21:23:58.646+0800][2.279s][gc,reloc    ] GC(5) Forwarding Usage: 0M
[2024-07-21T21:23:58.646+0800][2.279s][gc,heap     ] GC(5) Min Capacity: 8M(0%)
[2024-07-21T21:23:58.646+0800][2.279s][gc,heap     ] GC(5) Max Capacity: 2048M(100%)
[2024-07-21T21:23:58.646+0800][2.279s][gc,heap     ] GC(5) Soft Max Capacity: 512M(25%)
[2024-07-21T21:23:58.646+0800][2.279s][gc,heap     ] GC(5)                Mark Start          Mark End        Relocate Start      Relocate End           High               Low         
[2024-07-21T21:23:58.646+0800][2.279s][gc,heap     ] GC(5)  Capacity:      448M (22%)         448M (22%)         448M (22%)         448M (22%)         448M (22%)         448M (22%)    
[2024-07-21T21:23:58.646+0800][2.279s][gc,heap     ] GC(5)      Free:     1688M (82%)        1654M (81%)        1944M (95%)        1976M (96%)        1976M (96%)        1654M (81%)    
[2024-07-21T21:23:58.646+0800][2.279s][gc,heap     ] GC(5)      Used:      360M (18%)         394M (19%)         104M (5%)           72M (4%)          394M (19%)          72M (4%)     
[2024-07-21T21:23:58.646+0800][2.279s][gc,heap     ] GC(5)      Live:         -                 5M (0%)            5M (0%)            5M (0%)             -                  -          
[2024-07-21T21:23:58.646+0800][2.279s][gc,heap     ] GC(5) Allocated:         -                34M (2%)           34M (2%)           34M (2%)             -                  -          
[2024-07-21T21:23:58.646+0800][2.279s][gc,heap     ] GC(5)   Garbage:         -               354M (17%)          64M (3%)           32M (2%)             -                  -          
[2024-07-21T21:23:58.646+0800][2.279s][gc,heap     ] GC(5) Reclaimed:         -                  -               290M (14%)         322M (16%)            -                  -          
[2024-07-21T21:23:58.646+0800][2.279s][gc          ] GC(5) Garbage Collection (Allocation Rate) 360M(18%)->72M(4%)
[2024-07-21T21:23:59.140+0800][2.773s][gc,start    ] GC(6) Garbage Collection (Allocation Rate)
[2024-07-21T21:23:59.140+0800][2.773s][gc,task     ] GC(6) Using 1 workers
[2024-07-21T21:23:59.140+0800][2.773s][gc,phases   ] GC(6) Pause Mark Start 0.027ms
[2024-07-21T21:23:59.146+0800][2.778s][gc,phases   ] GC(6) Concurrent Mark 4.860ms
[2024-07-21T21:23:59.146+0800][2.778s][gc,phases   ] GC(6) Pause Mark End 0.008ms
[2024-07-21T21:23:59.146+0800][2.778s][gc,phases   ] GC(6) Concurrent Mark Free 0.002ms
[2024-07-21T21:23:59.146+0800][2.779s][gc,phases   ] GC(6) Concurrent Process Non-Strong References 1.000ms
[2024-07-21T21:23:59.146+0800][2.779s][gc,phases   ] GC(6) Concurrent Reset Relocation Set 0.003ms
[2024-07-21T21:23:59.148+0800][2.781s][gc,phases   ] GC(6) Concurrent Select Relocation Set 1.962ms
[2024-07-21T21:23:59.149+0800][2.782s][gc,phases   ] GC(6) Pause Relocate Start 0.006ms
[2024-07-21T21:23:59.152+0800][2.784s][gc,phases   ] GC(6) Concurrent Relocate 2.711ms
[2024-07-21T21:23:59.152+0800][2.785s][gc,load     ] GC(6) Load: 0.00/0.00/0.00
[2024-07-21T21:23:59.152+0800][2.785s][gc,mmu      ] GC(6) MMU: 2ms/98.5%, 5ms/99.2%, 10ms/99.5%, 20ms/99.8%, 50ms/99.9%, 100ms/99.9%
[2024-07-21T21:23:59.152+0800][2.785s][gc,marking  ] GC(6) Mark: 1 stripe(s), 2 proactive flush(es), 1 terminate flush(es), 0 completion(s), 0 continuation(s) 
[2024-07-21T21:23:59.152+0800][2.785s][gc,marking  ] GC(6) Mark Stack Usage: 32M
[2024-07-21T21:23:59.152+0800][2.785s][gc,nmethod  ] GC(6) NMethods: 393 registered, 0 unregistered
[2024-07-21T21:23:59.152+0800][2.785s][gc,metaspace] GC(6) Metaspace: 1M used, 1M committed, 1032M reserved
[2024-07-21T21:23:59.152+0800][2.785s][gc,ref      ] GC(6) Soft: 93 encountered, 0 discovered, 0 enqueued
[2024-07-21T21:23:59.152+0800][2.785s][gc,ref      ] GC(6) Weak: 131 encountered, 107 discovered, 0 enqueued
[2024-07-21T21:23:59.152+0800][2.785s][gc,ref      ] GC(6) Final: 0 encountered, 0 discovered, 0 enqueued
[2024-07-21T21:23:59.152+0800][2.785s][gc,ref      ] GC(6) Phantom: 184 encountered, 98 discovered, 0 enqueued
[2024-07-21T21:23:59.152+0800][2.785s][gc,reloc    ] GC(6) Small Pages: 4 / 8M, Empty: 2M, Relocated: 0M, In-Place: 0
[2024-07-21T21:23:59.152+0800][2.785s][gc,reloc    ] GC(6) Medium Pages: 12 / 384M, Empty: 288M, Relocated: 13M, In-Place: 0
[2024-07-21T21:23:59.152+0800][2.785s][gc,reloc    ] GC(6) Large Pages: 0 / 0M, Empty: 0M, Relocated: 0M, In-Place: 0
[2024-07-21T21:23:59.152+0800][2.785s][gc,reloc    ] GC(6) Forwarding Usage: 0M
[2024-07-21T21:23:59.152+0800][2.785s][gc,heap     ] GC(6) Min Capacity: 8M(0%)
[2024-07-21T21:23:59.152+0800][2.785s][gc,heap     ] GC(6) Max Capacity: 2048M(100%)
[2024-07-21T21:23:59.152+0800][2.785s][gc,heap     ] GC(6) Soft Max Capacity: 512M(25%)
[2024-07-21T21:23:59.152+0800][2.785s][gc,heap     ] GC(6)                Mark Start          Mark End        Relocate Start      Relocate End           High               Low         
[2024-07-21T21:23:59.152+0800][2.785s][gc,heap     ] GC(6)  Capacity:      448M (22%)         448M (22%)         448M (22%)         448M (22%)         448M (22%)         448M (22%)    
[2024-07-21T21:23:59.152+0800][2.785s][gc,heap     ] GC(6)      Free:     1656M (81%)        1622M (79%)        1912M (93%)        1976M (96%)        1976M (96%)        1622M (79%)    
[2024-07-21T21:23:59.152+0800][2.785s][gc,heap     ] GC(6)      Used:      392M (19%)         426M (21%)         136M (7%)           72M (4%)          426M (21%)          72M (4%)     
[2024-07-21T21:23:59.152+0800][2.785s][gc,heap     ] GC(6)      Live:         -                17M (1%)           17M (1%)           17M (1%)             -                  -          
[2024-07-21T21:23:59.152+0800][2.785s][gc,heap     ] GC(6) Allocated:         -                34M (2%)           34M (2%)           34M (2%)             -                  -          
[2024-07-21T21:23:59.152+0800][2.785s][gc,heap     ] GC(6)   Garbage:         -               374M (18%)          84M (4%)           20M (1%)             -                  -          
[2024-07-21T21:23:59.152+0800][2.785s][gc,heap     ] GC(6) Reclaimed:         -                  -               290M (14%)         354M (17%)            -                  -          
[2024-07-21T21:23:59.152+0800][2.785s][gc          ] GC(6) Garbage Collection (Allocation Rate) 392M(19%)->72M(4%)
[2024-07-21T21:23:59.737+0800][3.369s][gc,start    ] GC(7) Garbage Collection (Allocation Rate)
[2024-07-21T21:23:59.737+0800][3.369s][gc,task     ] GC(7) Using 1 workers
[2024-07-21T21:23:59.737+0800][3.369s][gc,phases   ] GC(7) Pause Mark Start 0.009ms
[2024-07-21T21:23:59.741+0800][3.373s][gc,phases   ] GC(7) Concurrent Mark 3.831ms
[2024-07-21T21:23:59.741+0800][3.373s][gc,phases   ] GC(7) Pause Mark End 0.008ms
[2024-07-21T21:23:59.741+0800][3.373s][gc,phases   ] GC(7) Concurrent Mark Free 0.001ms
[2024-07-21T21:23:59.742+0800][3.375s][gc,phases   ] GC(7) Concurrent Process Non-Strong References 1.051ms
[2024-07-21T21:23:59.742+0800][3.375s][gc,phases   ] GC(7) Concurrent Reset Relocation Set 0.001ms
[2024-07-21T21:23:59.746+0800][3.378s][gc,phases   ] GC(7) Concurrent Select Relocation Set 3.287ms
[2024-07-21T21:23:59.746+0800][3.378s][gc,phases   ] GC(7) Pause Relocate Start 0.008ms
[2024-07-21T21:23:59.748+0800][3.380s][gc,phases   ] GC(7) Concurrent Relocate 1.507ms
[2024-07-21T21:23:59.748+0800][3.380s][gc,load     ] GC(7) Load: 0.00/0.00/0.00
[2024-07-21T21:23:59.748+0800][3.380s][gc,mmu      ] GC(7) MMU: 2ms/98.5%, 5ms/99.2%, 10ms/99.5%, 20ms/99.8%, 50ms/99.9%, 100ms/99.9%
[2024-07-21T21:23:59.748+0800][3.380s][gc,marking  ] GC(7) Mark: 1 stripe(s), 2 proactive flush(es), 1 terminate flush(es), 0 completion(s), 0 continuation(s) 
[2024-07-21T21:23:59.748+0800][3.380s][gc,marking  ] GC(7) Mark Stack Usage: 32M
[2024-07-21T21:23:59.748+0800][3.380s][gc,nmethod  ] GC(7) NMethods: 395 registered, 0 unregistered
[2024-07-21T21:23:59.748+0800][3.380s][gc,metaspace] GC(7) Metaspace: 1M used, 1M committed, 1032M reserved
[2024-07-21T21:23:59.748+0800][3.380s][gc,ref      ] GC(7) Soft: 93 encountered, 0 discovered, 0 enqueued
[2024-07-21T21:23:59.748+0800][3.380s][gc,ref      ] GC(7) Weak: 131 encountered, 107 discovered, 0 enqueued
[2024-07-21T21:23:59.748+0800][3.380s][gc,ref      ] GC(7) Final: 0 encountered, 0 discovered, 0 enqueued
[2024-07-21T21:23:59.748+0800][3.380s][gc,ref      ] GC(7) Phantom: 184 encountered, 98 discovered, 0 enqueued
[2024-07-21T21:23:59.748+0800][3.380s][gc,reloc    ] GC(7) Small Pages: 5 / 10M, Empty: 2M, Relocated: 1M, In-Place: 0
[2024-07-21T21:23:59.748+0800][3.380s][gc,reloc    ] GC(7) Medium Pages: 13 / 416M, Empty: 352M, Relocated: 4M, In-Place: 0
[2024-07-21T21:23:59.748+0800][3.380s][gc,reloc    ] GC(7) Large Pages: 0 / 0M, Empty: 0M, Relocated: 0M, In-Place: 0
[2024-07-21T21:23:59.748+0800][3.380s][gc,reloc    ] GC(7) Forwarding Usage: 0M
[2024-07-21T21:23:59.748+0800][3.380s][gc,heap     ] GC(7) Min Capacity: 8M(0%)
[2024-07-21T21:23:59.748+0800][3.380s][gc,heap     ] GC(7) Max Capacity: 2048M(100%)
[2024-07-21T21:23:59.748+0800][3.380s][gc,heap     ] GC(7) Soft Max Capacity: 512M(25%)
[2024-07-21T21:23:59.748+0800][3.380s][gc,heap     ] GC(7)                Mark Start          Mark End        Relocate Start      Relocate End           High               Low         
[2024-07-21T21:23:59.748+0800][3.380s][gc,heap     ] GC(7)  Capacity:      448M (22%)         480M (23%)         480M (23%)         480M (23%)         480M (23%)         448M (22%)    
[2024-07-21T21:23:59.748+0800][3.380s][gc,heap     ] GC(7)      Free:     1622M (79%)        1590M (78%)        1942M (95%)        1976M (96%)        1976M (96%)        1588M (78%)    
[2024-07-21T21:23:59.748+0800][3.380s][gc,heap     ] GC(7)      Used:      426M (21%)         458M (22%)         106M (5%)           72M (4%)          460M (22%)          72M (4%)     
[2024-07-21T21:23:59.748+0800][3.380s][gc,heap     ] GC(7)      Live:         -                 8M (0%)            8M (0%)            8M (0%)             -                  -          
[2024-07-21T21:23:59.748+0800][3.380s][gc,heap     ] GC(7) Allocated:         -                32M (2%)           34M (2%)           34M (2%)             -                  -          
[2024-07-21T21:23:59.748+0800][3.380s][gc,heap     ] GC(7)   Garbage:         -               417M (20%)          63M (3%)           29M (1%)             -                  -          
[2024-07-21T21:23:59.748+0800][3.380s][gc,heap     ] GC(7) Reclaimed:         -                  -               354M (17%)         388M (19%)            -                  -          
[2024-07-21T21:23:59.748+0800][3.380s][gc          ] GC(7) Garbage Collection (Allocation Rate) 426M(21%)->72M(4%)
[2024-07-21T21:24:00.349+0800][3.982s][gc,start    ] GC(8) Garbage Collection (Allocation Rate)
[2024-07-21T21:24:00.350+0800][3.982s][gc,task     ] GC(8) Using 1 workers
[2024-07-21T21:24:00.350+0800][3.982s][gc,phases   ] GC(8) Pause Mark Start 0.009ms
[2024-07-21T21:24:00.354+0800][3.987s][gc,phases   ] GC(8) Concurrent Mark 4.954ms
[2024-07-21T21:24:00.354+0800][3.987s][gc,phases   ] GC(8) Pause Mark End 0.008ms
[2024-07-21T21:24:00.355+0800][3.987s][gc,phases   ] GC(8) Concurrent Mark Free 0.001ms
[2024-07-21T21:24:00.356+0800][3.988s][gc,phases   ] GC(8) Concurrent Process Non-Strong References 1.038ms
[2024-07-21T21:24:00.356+0800][3.988s][gc,phases   ] GC(8) Concurrent Reset Relocation Set 0.001ms
[2024-07-21T21:24:00.358+0800][3.990s][gc,phases   ] GC(8) Concurrent Select Relocation Set 1.945ms
[2024-07-21T21:24:00.358+0800][3.990s][gc,phases   ] GC(8) Pause Relocate Start 0.006ms
[2024-07-21T21:24:00.358+0800][3.991s][gc,phases   ] GC(8) Concurrent Relocate 0.197ms
[2024-07-21T21:24:00.358+0800][3.991s][gc,load     ] GC(8) Load: 0.00/0.00/0.00
[2024-07-21T21:24:00.358+0800][3.991s][gc,mmu      ] GC(8) MMU: 2ms/98.5%, 5ms/99.2%, 10ms/99.5%, 20ms/99.8%, 50ms/99.9%, 100ms/99.9%
[2024-07-21T21:24:00.358+0800][3.991s][gc,marking  ] GC(8) Mark: 1 stripe(s), 2 proactive flush(es), 1 terminate flush(es), 0 completion(s), 0 continuation(s) 
[2024-07-21T21:24:00.358+0800][3.991s][gc,marking  ] GC(8) Mark Stack Usage: 32M
[2024-07-21T21:24:00.358+0800][3.991s][gc,nmethod  ] GC(8) NMethods: 416 registered, 0 unregistered
[2024-07-21T21:24:00.358+0800][3.991s][gc,metaspace] GC(8) Metaspace: 1M used, 1M committed, 1032M reserved
[2024-07-21T21:24:00.358+0800][3.991s][gc,ref      ] GC(8) Soft: 93 encountered, 0 discovered, 0 enqueued
[2024-07-21T21:24:00.358+0800][3.991s][gc,ref      ] GC(8) Weak: 131 encountered, 107 discovered, 0 enqueued
[2024-07-21T21:24:00.358+0800][3.991s][gc,ref      ] GC(8) Final: 0 encountered, 0 discovered, 0 enqueued
[2024-07-21T21:24:00.358+0800][3.991s][gc,ref      ] GC(8) Phantom: 184 encountered, 98 discovered, 0 enqueued
[2024-07-21T21:24:00.358+0800][3.991s][gc,reloc    ] GC(8) Small Pages: 4 / 8M, Empty: 2M, Relocated: 0M, In-Place: 0
[2024-07-21T21:24:00.358+0800][3.991s][gc,reloc    ] GC(8) Medium Pages: 13 / 416M, Empty: 352M, Relocated: 1M, In-Place: 0
[2024-07-21T21:24:00.358+0800][3.991s][gc,reloc    ] GC(8) Large Pages: 0 / 0M, Empty: 0M, Relocated: 0M, In-Place: 0
[2024-07-21T21:24:00.358+0800][3.991s][gc,reloc    ] GC(8) Forwarding Usage: 0M
[2024-07-21T21:24:00.358+0800][3.991s][gc,heap     ] GC(8) Min Capacity: 8M(0%)
[2024-07-21T21:24:00.358+0800][3.991s][gc,heap     ] GC(8) Max Capacity: 2048M(100%)
[2024-07-21T21:24:00.358+0800][3.991s][gc,heap     ] GC(8) Soft Max Capacity: 512M(25%)
[2024-07-21T21:24:00.358+0800][3.991s][gc,heap     ] GC(8)                Mark Start          Mark End        Relocate Start      Relocate End           High               Low         
[2024-07-21T21:24:00.358+0800][3.991s][gc,heap     ] GC(8)  Capacity:      480M (23%)         480M (23%)         480M (23%)         480M (23%)         480M (23%)         480M (23%)    
[2024-07-21T21:24:00.358+0800][3.991s][gc,heap     ] GC(8)      Free:     1624M (79%)        1590M (78%)        1944M (95%)        1976M (96%)        1976M (96%)        1590M (78%)    
[2024-07-21T21:24:00.358+0800][3.991s][gc,heap     ] GC(8)      Used:      424M (21%)         458M (22%)         104M (5%)           72M (4%)          458M (22%)          72M (4%)     
[2024-07-21T21:24:00.358+0800][3.991s][gc,heap     ] GC(8)      Live:         -                 5M (0%)            5M (0%)            5M (0%)             -                  -          
[2024-07-21T21:24:00.358+0800][3.991s][gc,heap     ] GC(8) Allocated:         -                34M (2%)           34M (2%)           34M (2%)             -                  -          
[2024-07-21T21:24:00.359+0800][3.991s][gc,heap     ] GC(8)   Garbage:         -               418M (20%)          64M (3%)           32M (2%)             -                  -          
[2024-07-21T21:24:00.359+0800][3.991s][gc,heap     ] GC(8) Reclaimed:         -                  -               354M (17%)         386M (19%)            -                  -          
[2024-07-21T21:24:00.359+0800][3.991s][gc          ] GC(8) Garbage Collection (Allocation Rate) 424M(21%)->72M(4%)
[2024-07-21T21:24:00.850+0800][4.482s][gc,start    ] GC(9) Garbage Collection (Allocation Rate)
[2024-07-21T21:24:00.850+0800][4.482s][gc,task     ] GC(9) Using 1 workers
[2024-07-21T21:24:00.850+0800][4.482s][gc,phases   ] GC(9) Pause Mark Start 0.006ms
[2024-07-21T21:24:00.854+0800][4.486s][gc,phases   ] GC(9) Concurrent Mark 3.714ms
[2024-07-21T21:24:00.854+0800][4.486s][gc,phases   ] GC(9) Pause Mark End 0.008ms
[2024-07-21T21:24:00.854+0800][4.486s][gc,phases   ] GC(9) Concurrent Mark Free 0.001ms
[2024-07-21T21:24:00.855+0800][4.487s][gc,phases   ] GC(9) Concurrent Process Non-Strong References 0.978ms
[2024-07-21T21:24:00.855+0800][4.487s][gc,phases   ] GC(9) Concurrent Reset Relocation Set 0.001ms
[2024-07-21T21:24:00.857+0800][4.489s][gc,phases   ] GC(9) Concurrent Select Relocation Set 1.667ms
[2024-07-21T21:24:00.857+0800][4.489s][gc,phases   ] GC(9) Pause Relocate Start 0.005ms
[2024-07-21T21:24:00.858+0800][4.490s][gc,phases   ] GC(9) Concurrent Relocate 0.258ms
[2024-07-21T21:24:00.858+0800][4.490s][gc,load     ] GC(9) Load: 0.00/0.00/0.00
[2024-07-21T21:24:00.858+0800][4.490s][gc,mmu      ] GC(9) MMU: 2ms/98.5%, 5ms/99.2%, 10ms/99.5%, 20ms/99.8%, 50ms/99.9%, 100ms/99.9%
[2024-07-21T21:24:00.858+0800][4.490s][gc,marking  ] GC(9) Mark: 1 stripe(s), 2 proactive flush(es), 1 terminate flush(es), 0 completion(s), 0 continuation(s) 
[2024-07-21T21:24:00.858+0800][4.490s][gc,marking  ] GC(9) Mark Stack Usage: 32M
[2024-07-21T21:24:00.858+0800][4.490s][gc,nmethod  ] GC(9) NMethods: 421 registered, 0 unregistered
[2024-07-21T21:24:00.858+0800][4.490s][gc,metaspace] GC(9) Metaspace: 1M used, 1M committed, 1032M reserved
[2024-07-21T21:24:00.858+0800][4.490s][gc,ref      ] GC(9) Soft: 93 encountered, 0 discovered, 0 enqueued
[2024-07-21T21:24:00.858+0800][4.490s][gc,ref      ] GC(9) Weak: 131 encountered, 107 discovered, 0 enqueued
[2024-07-21T21:24:00.858+0800][4.490s][gc,ref      ] GC(9) Final: 0 encountered, 0 discovered, 0 enqueued
[2024-07-21T21:24:00.858+0800][4.490s][gc,ref      ] GC(9) Phantom: 184 encountered, 98 discovered, 0 enqueued
[2024-07-21T21:24:00.858+0800][4.490s][gc,reloc    ] GC(9) Small Pages: 4 / 8M, Empty: 2M, Relocated: 0M, In-Place: 0
[2024-07-21T21:24:00.858+0800][4.490s][gc,reloc    ] GC(9) Medium Pages: 12 / 384M, Empty: 320M, Relocated: 1M, In-Place: 0
[2024-07-21T21:24:00.858+0800][4.490s][gc,reloc    ] GC(9) Large Pages: 0 / 0M, Empty: 0M, Relocated: 0M, In-Place: 0
[2024-07-21T21:24:00.858+0800][4.490s][gc,reloc    ] GC(9) Forwarding Usage: 0M
[2024-07-21T21:24:00.858+0800][4.490s][gc,heap     ] GC(9) Min Capacity: 8M(0%)
[2024-07-21T21:24:00.858+0800][4.490s][gc,heap     ] GC(9) Max Capacity: 2048M(100%)
[2024-07-21T21:24:00.858+0800][4.490s][gc,heap     ] GC(9) Soft Max Capacity: 512M(25%)
[2024-07-21T21:24:00.858+0800][4.490s][gc,heap     ] GC(9)                Mark Start          Mark End        Relocate Start      Relocate End           High               Low         
[2024-07-21T21:24:00.858+0800][4.490s][gc,heap     ] GC(9)  Capacity:      480M (23%)         480M (23%)         480M (23%)         480M (23%)         480M (23%)         480M (23%)    
[2024-07-21T21:24:00.858+0800][4.490s][gc,heap     ] GC(9)      Free:     1656M (81%)        1622M (79%)        1944M (95%)        1976M (96%)        1976M (96%)        1622M (79%)    
[2024-07-21T21:24:00.858+0800][4.490s][gc,heap     ] GC(9)      Used:      392M (19%)         426M (21%)         104M (5%)           72M (4%)          426M (21%)          72M (4%)     
[2024-07-21T21:24:00.858+0800][4.490s][gc,heap     ] GC(9)      Live:         -                 5M (0%)            5M (0%)            5M (0%)             -                  -          
[2024-07-21T21:24:00.858+0800][4.490s][gc,heap     ] GC(9) Allocated:         -                34M (2%)           34M (2%)           34M (2%)             -                  -          
[2024-07-21T21:24:00.858+0800][4.490s][gc,heap     ] GC(9)   Garbage:         -               386M (19%)          64M (3%)           32M (2%)             -                  -          
[2024-07-21T21:24:00.858+0800][4.490s][gc,heap     ] GC(9) Reclaimed:         -                  -               322M (16%)         354M (17%)            -                  -          
[2024-07-21T21:24:00.858+0800][4.490s][gc          ] GC(9) Garbage Collection (Allocation Rate) 392M(19%)->72M(4%)
[2024-07-21T21:24:01.338+0800][4.971s][gc,start    ] GC(10) Garbage Collection (Proactive)
[2024-07-21T21:24:01.338+0800][4.971s][gc,task     ] GC(10) Using 2 workers
[2024-07-21T21:24:01.338+0800][4.971s][gc,phases   ] GC(10) Pause Mark Start 0.008ms
[2024-07-21T21:24:01.354+0800][4.986s][gc,phases   ] GC(10) Concurrent Mark 14.935ms
[2024-07-21T21:24:01.354+0800][4.986s][gc,phases   ] GC(10) Pause Mark End 0.011ms
[2024-07-21T21:24:01.354+0800][4.986s][gc,phases   ] GC(10) Concurrent Mark Free 0.002ms
[2024-07-21T21:24:01.355+0800][4.987s][gc,phases   ] GC(10) Concurrent Process Non-Strong References 0.716ms
[2024-07-21T21:24:01.355+0800][4.987s][gc,phases   ] GC(10) Concurrent Reset Relocation Set 0.004ms
[2024-07-21T21:24:01.357+0800][4.990s][gc,phases   ] GC(10) Concurrent Select Relocation Set 2.421ms
[2024-07-21T21:24:01.357+0800][4.990s][gc,phases   ] GC(10) Pause Relocate Start 0.008ms
[2024-07-21T21:24:01.359+0800][4.991s][gc,phases   ] GC(10) Concurrent Relocate 1.289ms
[2024-07-21T21:24:01.359+0800][4.991s][gc,load     ] GC(10) Load: 0.00/0.00/0.00
[2024-07-21T21:24:01.359+0800][4.992s][gc,mmu      ] GC(10) MMU: 2ms/98.5%, 5ms/99.2%, 10ms/99.5%, 20ms/99.8%, 50ms/99.9%, 100ms/99.9%
[2024-07-21T21:24:01.359+0800][4.992s][gc,marking  ] GC(10) Mark: 2 stripe(s), 2 proactive flush(es), 1 terminate flush(es), 0 completion(s), 0 continuation(s) 
[2024-07-21T21:24:01.359+0800][4.992s][gc,marking  ] GC(10) Mark Stack Usage: 32M
[2024-07-21T21:24:01.359+0800][4.992s][gc,nmethod  ] GC(10) NMethods: 435 registered, 0 unregistered
[2024-07-21T21:24:01.359+0800][4.992s][gc,metaspace] GC(10) Metaspace: 1M used, 1M committed, 1032M reserved
[2024-07-21T21:24:01.359+0800][4.992s][gc,ref      ] GC(10) Soft: 93 encountered, 0 discovered, 0 enqueued
[2024-07-21T21:24:01.359+0800][4.992s][gc,ref      ] GC(10) Weak: 131 encountered, 5 discovered, 0 enqueued
[2024-07-21T21:24:01.359+0800][4.992s][gc,ref      ] GC(10) Final: 0 encountered, 0 discovered, 0 enqueued
[2024-07-21T21:24:01.359+0800][4.992s][gc,ref      ] GC(10) Phantom: 184 encountered, 152 discovered, 0 enqueued
[2024-07-21T21:24:01.359+0800][4.992s][gc,reloc    ] GC(10) Small Pages: 4 / 8M, Empty: 2M, Relocated: 0M, In-Place: 0
[2024-07-21T21:24:01.359+0800][4.992s][gc,reloc    ] GC(10) Medium Pages: 11 / 352M, Empty: 288M, Relocated: 5M, In-Place: 0
[2024-07-21T21:24:01.359+0800][4.992s][gc,reloc    ] GC(10) Large Pages: 0 / 0M, Empty: 0M, Relocated: 0M, In-Place: 0
[2024-07-21T21:24:01.359+0800][4.992s][gc,reloc    ] GC(10) Forwarding Usage: 0M
[2024-07-21T21:24:01.359+0800][4.992s][gc,heap     ] GC(10) Min Capacity: 8M(0%)
[2024-07-21T21:24:01.359+0800][4.992s][gc,heap     ] GC(10) Max Capacity: 2048M(100%)
[2024-07-21T21:24:01.359+0800][4.992s][gc,heap     ] GC(10) Soft Max Capacity: 512M(25%)
[2024-07-21T21:24:01.359+0800][4.992s][gc,heap     ] GC(10)                Mark Start          Mark End        Relocate Start      Relocate End           High               Low         
[2024-07-21T21:24:01.359+0800][4.992s][gc,heap     ] GC(10)  Capacity:      480M (23%)         480M (23%)         480M (23%)         480M (23%)         480M (23%)         480M (23%)    
[2024-07-21T21:24:01.359+0800][4.992s][gc,heap     ] GC(10)      Free:     1688M (82%)        1654M (81%)        1944M (95%)        1976M (96%)        1976M (96%)        1654M (81%)    
[2024-07-21T21:24:01.359+0800][4.992s][gc,heap     ] GC(10)      Used:      360M (18%)         394M (19%)         104M (5%)           72M (4%)          394M (19%)          72M (4%)     
[2024-07-21T21:24:01.359+0800][4.992s][gc,heap     ] GC(10)      Live:         -                 9M (0%)            9M (0%)            9M (0%)             -                  -          
[2024-07-21T21:24:01.359+0800][4.992s][gc,heap     ] GC(10) Allocated:         -                34M (2%)           34M (2%)           34M (2%)             -                  -          
[2024-07-21T21:24:01.359+0800][4.992s][gc,heap     ] GC(10)   Garbage:         -               350M (17%)          60M (3%)           28M (1%)             -                  -          
[2024-07-21T21:24:01.359+0800][4.992s][gc,heap     ] GC(10) Reclaimed:         -                  -               290M (14%)         322M (16%)            -                  -          
[2024-07-21T21:24:01.359+0800][4.992s][gc          ] GC(10) Garbage Collection (Proactive) 360M(18%)->72M(4%)
[2024-07-21T21:24:01.845+0800][5.477s][gc,start    ] GC(11) Garbage Collection (Allocation Rate)
[2024-07-21T21:24:01.845+0800][5.477s][gc,task     ] GC(11) Using 1 workers
[2024-07-21T21:24:01.845+0800][5.477s][gc,phases   ] GC(11) Pause Mark Start 0.008ms
[2024-07-21T21:24:01.848+0800][5.481s][gc,phases   ] GC(11) Concurrent Mark 4.381ms
[2024-07-21T21:24:01.849+0800][5.481s][gc,phases   ] GC(11) Pause Mark End 0.011ms
[2024-07-21T21:24:01.849+0800][5.482s][gc,phases   ] GC(11) Concurrent Mark Free 0.001ms
[2024-07-21T21:24:01.850+0800][5.483s][gc,phases   ] GC(11) Concurrent Process Non-Strong References 1.193ms
[2024-07-21T21:24:01.850+0800][5.483s][gc,phases   ] GC(11) Concurrent Reset Relocation Set 0.001ms
[2024-07-21T21:24:01.852+0800][5.485s][gc,phases   ] GC(11) Concurrent Select Relocation Set 1.690ms
[2024-07-21T21:24:01.852+0800][5.485s][gc,phases   ] GC(11) Pause Relocate Start 0.009ms
[2024-07-21T21:24:01.854+0800][5.485s][gc,phases   ] GC(11) Concurrent Relocate 0.559ms
[2024-07-21T21:24:01.854+0800][5.486s][gc,load     ] GC(11) Load: 0.00/0.00/0.00
[2024-07-21T21:24:01.854+0800][5.486s][gc,mmu      ] GC(11) MMU: 2ms/98.5%, 5ms/99.2%, 10ms/99.5%, 20ms/99.8%, 50ms/99.9%, 100ms/99.9%
[2024-07-21T21:24:01.854+0800][5.486s][gc,marking  ] GC(11) Mark: 1 stripe(s), 2 proactive flush(es), 1 terminate flush(es), 0 completion(s), 0 continuation(s) 
[2024-07-21T21:24:01.854+0800][5.486s][gc,marking  ] GC(11) Mark Stack Usage: 32M
[2024-07-21T21:24:01.854+0800][5.486s][gc,nmethod  ] GC(11) NMethods: 435 registered, 0 unregistered
[2024-07-21T21:24:01.854+0800][5.486s][gc,metaspace] GC(11) Metaspace: 1M used, 1M committed, 1032M reserved
[2024-07-21T21:24:01.854+0800][5.486s][gc,ref      ] GC(11) Soft: 93 encountered, 0 discovered, 0 enqueued
[2024-07-21T21:24:01.854+0800][5.486s][gc,ref      ] GC(11) Weak: 131 encountered, 107 discovered, 0 enqueued
[2024-07-21T21:24:01.854+0800][5.486s][gc,ref      ] GC(11) Final: 0 encountered, 0 discovered, 0 enqueued
[2024-07-21T21:24:01.854+0800][5.486s][gc,ref      ] GC(11) Phantom: 184 encountered, 98 discovered, 0 enqueued
[2024-07-21T21:24:01.854+0800][5.486s][gc,reloc    ] GC(11) Small Pages: 4 / 8M, Empty: 2M, Relocated: 0M, In-Place: 0
[2024-07-21T21:24:01.854+0800][5.486s][gc,reloc    ] GC(11) Medium Pages: 12 / 384M, Empty: 320M, Relocated: 3M, In-Place: 0
[2024-07-21T21:24:01.854+0800][5.486s][gc,reloc    ] GC(11) Large Pages: 0 / 0M, Empty: 0M, Relocated: 0M, In-Place: 0
[2024-07-21T21:24:01.854+0800][5.486s][gc,reloc    ] GC(11) Forwarding Usage: 0M
[2024-07-21T21:24:01.854+0800][5.486s][gc,heap     ] GC(11) Min Capacity: 8M(0%)
[2024-07-21T21:24:01.854+0800][5.486s][gc,heap     ] GC(11) Max Capacity: 2048M(100%)
[2024-07-21T21:24:01.854+0800][5.486s][gc,heap     ] GC(11) Soft Max Capacity: 512M(25%)
[2024-07-21T21:24:01.854+0800][5.486s][gc,heap     ] GC(11)                Mark Start          Mark End        Relocate Start      Relocate End           High               Low         
[2024-07-21T21:24:01.854+0800][5.486s][gc,heap     ] GC(11)  Capacity:      480M (23%)         480M (23%)         480M (23%)         480M (23%)         480M (23%)         480M (23%)    
[2024-07-21T21:24:01.854+0800][5.486s][gc,heap     ] GC(11)      Free:     1656M (81%)        1622M (79%)        1944M (95%)        1976M (96%)        1976M (96%)        1622M (79%)    
[2024-07-21T21:24:01.854+0800][5.486s][gc,heap     ] GC(11)      Used:      392M (19%)         426M (21%)         104M (5%)           72M (4%)          426M (21%)          72M (4%)     
[2024-07-21T21:24:01.854+0800][5.486s][gc,heap     ] GC(11)      Live:         -                 7M (0%)            7M (0%)            7M (0%)             -                  -          
[2024-07-21T21:24:01.854+0800][5.486s][gc,heap     ] GC(11) Allocated:         -                34M (2%)           34M (2%)           34M (2%)             -                  -          
[2024-07-21T21:24:01.854+0800][5.486s][gc,heap     ] GC(11)   Garbage:         -               384M (19%)          62M (3%)           30M (1%)             -                  -          
[2024-07-21T21:24:01.854+0800][5.486s][gc,heap     ] GC(11) Reclaimed:         -                  -               322M (16%)         354M (17%)            -                  -          
[2024-07-21T21:24:01.854+0800][5.486s][gc          ] GC(11) Garbage Collection (Allocation Rate) 392M(19%)->72M(4%)
[2024-07-21T21:24:02.349+0800][5.981s][gc,start    ] GC(12) Garbage Collection (Allocation Rate)
[2024-07-21T21:24:02.349+0800][5.981s][gc,task     ] GC(12) Using 1 workers
[2024-07-21T21:24:02.349+0800][5.981s][gc,phases   ] GC(12) Pause Mark Start 0.009ms
[2024-07-21T21:24:02.353+0800][5.985s][gc,phases   ] GC(12) Concurrent Mark 3.682ms
[2024-07-21T21:24:02.353+0800][5.985s][gc,phases   ] GC(12) Pause Mark End 0.007ms
[2024-07-21T21:24:02.354+0800][5.985s][gc,phases   ] GC(12) Concurrent Mark Free 0.001ms
[2024-07-21T21:24:02.355+0800][5.986s][gc,phases   ] GC(12) Concurrent Process Non-Strong References 0.945ms
[2024-07-21T21:24:02.355+0800][5.986s][gc,phases   ] GC(12) Concurrent Reset Relocation Set 0.001ms
[2024-07-21T21:24:02.356+0800][5.988s][gc,phases   ] GC(12) Concurrent Select Relocation Set 1.563ms
[2024-07-21T21:24:02.356+0800][5.988s][gc,phases   ] GC(12) Pause Relocate Start 0.004ms
[2024-07-21T21:24:02.357+0800][5.989s][gc,phases   ] GC(12) Concurrent Relocate 0.385ms
[2024-07-21T21:24:02.357+0800][5.989s][gc,load     ] GC(12) Load: 0.00/0.00/0.00
[2024-07-21T21:24:02.357+0800][5.989s][gc,mmu      ] GC(12) MMU: 2ms/98.5%, 5ms/99.2%, 10ms/99.5%, 20ms/99.8%, 50ms/99.9%, 100ms/99.9%
[2024-07-21T21:24:02.357+0800][5.989s][gc,marking  ] GC(12) Mark: 1 stripe(s), 2 proactive flush(es), 1 terminate flush(es), 0 completion(s), 0 continuation(s) 
[2024-07-21T21:24:02.357+0800][5.989s][gc,marking  ] GC(12) Mark Stack Usage: 32M
[2024-07-21T21:24:02.357+0800][5.989s][gc,nmethod  ] GC(12) NMethods: 437 registered, 0 unregistered
[2024-07-21T21:24:02.357+0800][5.989s][gc,metaspace] GC(12) Metaspace: 1M used, 1M committed, 1032M reserved
[2024-07-21T21:24:02.357+0800][5.989s][gc,ref      ] GC(12) Soft: 93 encountered, 0 discovered, 0 enqueued
[2024-07-21T21:24:02.357+0800][5.989s][gc,ref      ] GC(12) Weak: 131 encountered, 107 discovered, 0 enqueued
[2024-07-21T21:24:02.357+0800][5.989s][gc,ref      ] GC(12) Final: 0 encountered, 0 discovered, 0 enqueued
[2024-07-21T21:24:02.357+0800][5.989s][gc,ref      ] GC(12) Phantom: 184 encountered, 98 discovered, 0 enqueued
[2024-07-21T21:24:02.357+0800][5.989s][gc,reloc    ] GC(12) Small Pages: 4 / 8M, Empty: 2M, Relocated: 0M, In-Place: 0
[2024-07-21T21:24:02.357+0800][5.989s][gc,reloc    ] GC(12) Medium Pages: 12 / 384M, Empty: 320M, Relocated: 2M, In-Place: 0
[2024-07-21T21:24:02.357+0800][5.989s][gc,reloc    ] GC(12) Large Pages: 0 / 0M, Empty: 0M, Relocated: 0M, In-Place: 0
[2024-07-21T21:24:02.357+0800][5.989s][gc,reloc    ] GC(12) Forwarding Usage: 0M
[2024-07-21T21:24:02.357+0800][5.989s][gc,heap     ] GC(12) Min Capacity: 8M(0%)
[2024-07-21T21:24:02.357+0800][5.989s][gc,heap     ] GC(12) Max Capacity: 2048M(100%)
[2024-07-21T21:24:02.357+0800][5.989s][gc,heap     ] GC(12) Soft Max Capacity: 512M(25%)
[2024-07-21T21:24:02.357+0800][5.989s][gc,heap     ] GC(12)                Mark Start          Mark End        Relocate Start      Relocate End           High               Low         
[2024-07-21T21:24:02.357+0800][5.989s][gc,heap     ] GC(12)  Capacity:      480M (23%)         480M (23%)         480M (23%)         480M (23%)         480M (23%)         480M (23%)    
[2024-07-21T21:24:02.357+0800][5.989s][gc,heap     ] GC(12)      Free:     1656M (81%)        1622M (79%)        1944M (95%)        1976M (96%)        1976M (96%)        1622M (79%)    
[2024-07-21T21:24:02.357+0800][5.989s][gc,heap     ] GC(12)      Used:      392M (19%)         426M (21%)         104M (5%)           72M (4%)          426M (21%)          72M (4%)     
[2024-07-21T21:24:02.357+0800][5.989s][gc,heap     ] GC(12)      Live:         -                 6M (0%)            6M (0%)            6M (0%)             -                  -          
[2024-07-21T21:24:02.357+0800][5.989s][gc,heap     ] GC(12) Allocated:         -                34M (2%)           34M (2%)           34M (2%)             -                  -          
[2024-07-21T21:24:02.357+0800][5.989s][gc,heap     ] GC(12)   Garbage:         -               385M (19%)          63M (3%)           31M (2%)             -                  -          
[2024-07-21T21:24:02.357+0800][5.989s][gc,heap     ] GC(12) Reclaimed:         -                  -               322M (16%)         354M (17%)            -                  -          
[2024-07-21T21:24:02.357+0800][5.989s][gc          ] GC(12) Garbage Collection (Allocation Rate) 392M(19%)->72M(4%)
[2024-07-21T21:24:02.949+0800][6.581s][gc,start    ] GC(13) Garbage Collection (Allocation Rate)
[2024-07-21T21:24:02.949+0800][6.581s][gc,task     ] GC(13) Using 2 workers
[2024-07-21T21:24:02.949+0800][6.582s][gc,phases   ] GC(13) Pause Mark Start 0.008ms
[2024-07-21T21:24:02.965+0800][6.597s][gc,phases   ] GC(13) Concurrent Mark 15.438ms
[2024-07-21T21:24:02.965+0800][6.598s][gc,phases   ] GC(13) Pause Mark End 0.012ms
[2024-07-21T21:24:02.966+0800][6.598s][gc,phases   ] GC(13) Concurrent Mark Free 0.002ms
[2024-07-21T21:24:02.967+0800][6.599s][gc,phases   ] GC(13) Concurrent Process Non-Strong References 0.918ms
[2024-07-21T21:24:02.967+0800][6.599s][gc,phases   ] GC(13) Concurrent Reset Relocation Set 0.001ms
[2024-07-21T21:24:02.968+0800][6.601s][gc,phases   ] GC(13) Concurrent Select Relocation Set 1.740ms
[2024-07-21T21:24:02.969+0800][6.601s][gc,phases   ] GC(13) Pause Relocate Start 0.016ms
[2024-07-21T21:24:02.969+0800][6.602s][gc,phases   ] GC(13) Concurrent Relocate 0.623ms
[2024-07-21T21:24:02.969+0800][6.602s][gc,load     ] GC(13) Load: 0.00/0.00/0.00
[2024-07-21T21:24:02.969+0800][6.602s][gc,mmu      ] GC(13) MMU: 2ms/98.5%, 5ms/99.2%, 10ms/99.5%, 20ms/99.8%, 50ms/99.9%, 100ms/99.9%
[2024-07-21T21:24:02.969+0800][6.602s][gc,marking  ] GC(13) Mark: 2 stripe(s), 2 proactive flush(es), 1 terminate flush(es), 0 completion(s), 0 continuation(s) 
[2024-07-21T21:24:02.969+0800][6.602s][gc,marking  ] GC(13) Mark Stack Usage: 32M
[2024-07-21T21:24:02.969+0800][6.602s][gc,nmethod  ] GC(13) NMethods: 438 registered, 0 unregistered
[2024-07-21T21:24:02.970+0800][6.602s][gc,metaspace] GC(13) Metaspace: 1M used, 1M committed, 1032M reserved
[2024-07-21T21:24:02.970+0800][6.602s][gc,ref      ] GC(13) Soft: 93 encountered, 0 discovered, 0 enqueued
[2024-07-21T21:24:02.970+0800][6.602s][gc,ref      ] GC(13) Weak: 131 encountered, 5 discovered, 0 enqueued
[2024-07-21T21:24:02.970+0800][6.602s][gc,ref      ] GC(13) Final: 0 encountered, 0 discovered, 0 enqueued
[2024-07-21T21:24:02.970+0800][6.602s][gc,ref      ] GC(13) Phantom: 184 encountered, 135 discovered, 0 enqueued
[2024-07-21T21:24:02.970+0800][6.602s][gc,reloc    ] GC(13) Small Pages: 4 / 8M, Empty: 2M, Relocated: 0M, In-Place: 0
[2024-07-21T21:24:02.970+0800][6.602s][gc,reloc    ] GC(13) Medium Pages: 14 / 448M, Empty: 384M, Relocated: 3M, In-Place: 0
[2024-07-21T21:24:02.970+0800][6.602s][gc,reloc    ] GC(13) Large Pages: 0 / 0M, Empty: 0M, Relocated: 0M, In-Place: 0
[2024-07-21T21:24:02.970+0800][6.602s][gc,reloc    ] GC(13) Forwarding Usage: 0M
[2024-07-21T21:24:02.970+0800][6.602s][gc,heap     ] GC(13) Min Capacity: 8M(0%)
[2024-07-21T21:24:02.970+0800][6.602s][gc,heap     ] GC(13) Max Capacity: 2048M(100%)
[2024-07-21T21:24:02.970+0800][6.602s][gc,heap     ] GC(13) Soft Max Capacity: 512M(25%)
[2024-07-21T21:24:02.970+0800][6.602s][gc,heap     ] GC(13)                Mark Start          Mark End        Relocate Start      Relocate End           High               Low         
[2024-07-21T21:24:02.970+0800][6.602s][gc,heap     ] GC(13)  Capacity:      480M (23%)         512M (25%)         512M (25%)         512M (25%)         512M (25%)         480M (23%)    
[2024-07-21T21:24:02.970+0800][6.602s][gc,heap     ] GC(13)      Free:     1592M (78%)        1558M (76%)        1944M (95%)        1976M (96%)        1976M (96%)        1558M (76%)    
[2024-07-21T21:24:02.970+0800][6.602s][gc,heap     ] GC(13)      Used:      456M (22%)         490M (24%)         104M (5%)           72M (4%)          490M (24%)          72M (4%)     
[2024-07-21T21:24:02.970+0800][6.602s][gc,heap     ] GC(13)      Live:         -                 7M (0%)            7M (0%)            7M (0%)             -                  -          
[2024-07-21T21:24:02.970+0800][6.602s][gc,heap     ] GC(13) Allocated:         -                34M (2%)           34M (2%)           34M (2%)             -                  -          
[2024-07-21T21:24:02.970+0800][6.602s][gc,heap     ] GC(13)   Garbage:         -               448M (22%)          62M (3%)           30M (1%)             -                  -          
[2024-07-21T21:24:02.970+0800][6.602s][gc,heap     ] GC(13) Reclaimed:         -                  -               386M (19%)         418M (20%)            -                  -          
[2024-07-21T21:24:02.970+0800][6.602s][gc          ] GC(13) Garbage Collection (Allocation Rate) 456M(22%)->72M(4%)
[2024-07-21T21:24:03.439+0800][7.071s][gc,start    ] GC(14) Garbage Collection (Allocation Rate)
[2024-07-21T21:24:03.439+0800][7.072s][gc,task     ] GC(14) Using 1 workers
[2024-07-21T21:24:03.439+0800][7.072s][gc,phases   ] GC(14) Pause Mark Start 0.006ms
[2024-07-21T21:24:03.443+0800][7.076s][gc,phases   ] GC(14) Concurrent Mark 4.481ms
[2024-07-21T21:24:03.444+0800][7.077s][gc,phases   ] GC(14) Pause Mark End 0.014ms
[2024-07-21T21:24:03.444+0800][7.077s][gc,phases   ] GC(14) Concurrent Mark Free 0.001ms
[2024-07-21T21:24:03.445+0800][7.078s][gc,phases   ] GC(14) Concurrent Process Non-Strong References 1.286ms
[2024-07-21T21:24:03.445+0800][7.078s][gc,phases   ] GC(14) Concurrent Reset Relocation Set 0.001ms
[2024-07-21T21:24:03.447+0800][7.080s][gc,phases   ] GC(14) Concurrent Select Relocation Set 1.907ms
[2024-07-21T21:24:03.447+0800][7.080s][gc,phases   ] GC(14) Pause Relocate Start 0.007ms
[2024-07-21T21:24:03.448+0800][7.081s][gc,phases   ] GC(14) Concurrent Relocate 0.427ms
[2024-07-21T21:24:03.448+0800][7.081s][gc,load     ] GC(14) Load: 0.00/0.00/0.00
[2024-07-21T21:24:03.448+0800][7.081s][gc,mmu      ] GC(14) MMU: 2ms/98.5%, 5ms/99.2%, 10ms/99.5%, 20ms/99.8%, 50ms/99.9%, 100ms/99.9%
[2024-07-21T21:24:03.448+0800][7.081s][gc,marking  ] GC(14) Mark: 1 stripe(s), 2 proactive flush(es), 1 terminate flush(es), 0 completion(s), 0 continuation(s) 
[2024-07-21T21:24:03.448+0800][7.081s][gc,marking  ] GC(14) Mark Stack Usage: 32M
[2024-07-21T21:24:03.448+0800][7.081s][gc,nmethod  ] GC(14) NMethods: 446 registered, 0 unregistered
[2024-07-21T21:24:03.448+0800][7.081s][gc,metaspace] GC(14) Metaspace: 1M used, 1M committed, 1032M reserved
[2024-07-21T21:24:03.448+0800][7.081s][gc,ref      ] GC(14) Soft: 93 encountered, 0 discovered, 0 enqueued
[2024-07-21T21:24:03.448+0800][7.081s][gc,ref      ] GC(14) Weak: 131 encountered, 107 discovered, 0 enqueued
[2024-07-21T21:24:03.448+0800][7.081s][gc,ref      ] GC(14) Final: 0 encountered, 0 discovered, 0 enqueued
[2024-07-21T21:24:03.448+0800][7.081s][gc,ref      ] GC(14) Phantom: 184 encountered, 98 discovered, 0 enqueued
[2024-07-21T21:24:03.448+0800][7.081s][gc,reloc    ] GC(14) Small Pages: 4 / 8M, Empty: 2M, Relocated: 0M, In-Place: 0
[2024-07-21T21:24:03.448+0800][7.081s][gc,reloc    ] GC(14) Medium Pages: 11 / 352M, Empty: 288M, Relocated: 2M, In-Place: 0
[2024-07-21T21:24:03.448+0800][7.081s][gc,reloc    ] GC(14) Large Pages: 0 / 0M, Empty: 0M, Relocated: 0M, In-Place: 0
[2024-07-21T21:24:03.448+0800][7.081s][gc,reloc    ] GC(14) Forwarding Usage: 0M
[2024-07-21T21:24:03.448+0800][7.081s][gc,heap     ] GC(14) Min Capacity: 8M(0%)
[2024-07-21T21:24:03.448+0800][7.081s][gc,heap     ] GC(14) Max Capacity: 2048M(100%)
[2024-07-21T21:24:03.448+0800][7.081s][gc,heap     ] GC(14) Soft Max Capacity: 512M(25%)
[2024-07-21T21:24:03.448+0800][7.081s][gc,heap     ] GC(14)                Mark Start          Mark End        Relocate Start      Relocate End           High               Low         
[2024-07-21T21:24:03.448+0800][7.081s][gc,heap     ] GC(14)  Capacity:      512M (25%)         512M (25%)         512M (25%)         512M (25%)         512M (25%)         512M (25%)    
[2024-07-21T21:24:03.448+0800][7.081s][gc,heap     ] GC(14)      Free:     1688M (82%)        1656M (81%)        1944M (95%)        1976M (96%)        1976M (96%)        1654M (81%)    
[2024-07-21T21:24:03.448+0800][7.081s][gc,heap     ] GC(14)      Used:      360M (18%)         392M (19%)         104M (5%)           72M (4%)          394M (19%)          72M (4%)     
[2024-07-21T21:24:03.448+0800][7.081s][gc,heap     ] GC(14)      Live:         -                 6M (0%)            6M (0%)            6M (0%)             -                  -          
[2024-07-21T21:24:03.448+0800][7.081s][gc,heap     ] GC(14) Allocated:         -                32M (2%)           34M (2%)           34M (2%)             -                  -          
[2024-07-21T21:24:03.448+0800][7.081s][gc,heap     ] GC(14)   Garbage:         -               353M (17%)          63M (3%)           31M (2%)             -                  -          
[2024-07-21T21:24:03.448+0800][7.081s][gc,heap     ] GC(14) Reclaimed:         -                  -               290M (14%)         322M (16%)            -                  -          
[2024-07-21T21:24:03.448+0800][7.081s][gc          ] GC(14) Garbage Collection (Allocation Rate) 360M(18%)->72M(4%)
[2024-07-21T21:24:03.947+0800][7.579s][gc,start    ] GC(15) Garbage Collection (Allocation Rate)
[2024-07-21T21:24:03.947+0800][7.579s][gc,task     ] GC(15) Using 1 workers
[2024-07-21T21:24:03.947+0800][7.579s][gc,phases   ] GC(15) Pause Mark Start 0.008ms
[2024-07-21T21:24:03.950+0800][7.583s][gc,phases   ] GC(15) Concurrent Mark 3.667ms
[2024-07-21T21:24:03.951+0800][7.583s][gc,phases   ] GC(15) Pause Mark End 0.008ms
[2024-07-21T21:24:03.951+0800][7.584s][gc,phases   ] GC(15) Concurrent Mark Free 0.001ms
[2024-07-21T21:24:03.952+0800][7.584s][gc,phases   ] GC(15) Concurrent Process Non-Strong References 0.936ms
[2024-07-21T21:24:03.952+0800][7.584s][gc,phases   ] GC(15) Concurrent Reset Relocation Set 0.001ms
[2024-07-21T21:24:03.953+0800][7.586s][gc,phases   ] GC(15) Concurrent Select Relocation Set 1.640ms
[2024-07-21T21:24:03.954+0800][7.586s][gc,phases   ] GC(15) Pause Relocate Start 0.004ms
[2024-07-21T21:24:03.954+0800][7.587s][gc,phases   ] GC(15) Concurrent Relocate 0.611ms
[2024-07-21T21:24:03.954+0800][7.587s][gc,load     ] GC(15) Load: 0.00/0.00/0.00
[2024-07-21T21:24:03.954+0800][7.587s][gc,mmu      ] GC(15) MMU: 2ms/98.5%, 5ms/99.2%, 10ms/99.5%, 20ms/99.8%, 50ms/99.9%, 100ms/99.9%
[2024-07-21T21:24:03.954+0800][7.587s][gc,marking  ] GC(15) Mark: 1 stripe(s), 2 proactive flush(es), 1 terminate flush(es), 0 completion(s), 0 continuation(s) 
[2024-07-21T21:24:03.954+0800][7.587s][gc,marking  ] GC(15) Mark Stack Usage: 32M
[2024-07-21T21:24:03.954+0800][7.587s][gc,nmethod  ] GC(15) NMethods: 446 registered, 0 unregistered
[2024-07-21T21:24:03.954+0800][7.587s][gc,metaspace] GC(15) Metaspace: 1M used, 1M committed, 1032M reserved
[2024-07-21T21:24:03.954+0800][7.587s][gc,ref      ] GC(15) Soft: 93 encountered, 0 discovered, 0 enqueued
[2024-07-21T21:24:03.954+0800][7.587s][gc,ref      ] GC(15) Weak: 131 encountered, 107 discovered, 0 enqueued
[2024-07-21T21:24:03.954+0800][7.587s][gc,ref      ] GC(15) Final: 0 encountered, 0 discovered, 0 enqueued
[2024-07-21T21:24:03.954+0800][7.587s][gc,ref      ] GC(15) Phantom: 184 encountered, 98 discovered, 0 enqueued
[2024-07-21T21:24:03.954+0800][7.587s][gc,reloc    ] GC(15) Small Pages: 4 / 8M, Empty: 2M, Relocated: 0M, In-Place: 0
[2024-07-21T21:24:03.954+0800][7.587s][gc,reloc    ] GC(15) Medium Pages: 12 / 384M, Empty: 320M, Relocated: 4M, In-Place: 0
[2024-07-21T21:24:03.954+0800][7.587s][gc,reloc    ] GC(15) Large Pages: 0 / 0M, Empty: 0M, Relocated: 0M, In-Place: 0
[2024-07-21T21:24:03.954+0800][7.587s][gc,reloc    ] GC(15) Forwarding Usage: 0M
[2024-07-21T21:24:03.954+0800][7.587s][gc,heap     ] GC(15) Min Capacity: 8M(0%)
[2024-07-21T21:24:03.955+0800][7.587s][gc,heap     ] GC(15) Max Capacity: 2048M(100%)
[2024-07-21T21:24:03.955+0800][7.587s][gc,heap     ] GC(15) Soft Max Capacity: 512M(25%)
[2024-07-21T21:24:03.955+0800][7.587s][gc,heap     ] GC(15)                Mark Start          Mark End        Relocate Start      Relocate End           High               Low         
[2024-07-21T21:24:03.955+0800][7.587s][gc,heap     ] GC(15)  Capacity:      512M (25%)         512M (25%)         512M (25%)         512M (25%)         512M (25%)         512M (25%)    
[2024-07-21T21:24:03.955+0800][7.587s][gc,heap     ] GC(15)      Free:     1656M (81%)        1622M (79%)        1944M (95%)        1976M (96%)        1976M (96%)        1622M (79%)    
[2024-07-21T21:24:03.955+0800][7.587s][gc,heap     ] GC(15)      Used:      392M (19%)         426M (21%)         104M (5%)           72M (4%)          426M (21%)          72M (4%)     
[2024-07-21T21:24:03.955+0800][7.587s][gc,heap     ] GC(15)      Live:         -                 8M (0%)            8M (0%)            8M (0%)             -                  -          
[2024-07-21T21:24:03.955+0800][7.587s][gc,heap     ] GC(15) Allocated:         -                34M (2%)           34M (2%)           34M (2%)             -                  -          
[2024-07-21T21:24:03.955+0800][7.587s][gc,heap     ] GC(15)   Garbage:         -               383M (19%)          61M (3%)           29M (1%)             -                  -          
[2024-07-21T21:24:03.955+0800][7.587s][gc,heap     ] GC(15) Reclaimed:         -                  -               322M (16%)         354M (17%)            -                  -          
[2024-07-21T21:24:03.955+0800][7.587s][gc          ] GC(15) Garbage Collection (Allocation Rate) 392M(19%)->72M(4%)
[2024-07-21T21:24:04.547+0800][8.179s][gc,start    ] GC(16) Garbage Collection (Allocation Rate)
[2024-07-21T21:24:04.547+0800][8.179s][gc,task     ] GC(16) Using 2 workers
[2024-07-21T21:24:04.547+0800][8.179s][gc,phases   ] GC(16) Pause Mark Start 0.018ms
[2024-07-21T21:24:04.562+0800][8.194s][gc,phases   ] GC(16) Concurrent Mark 14.500ms
[2024-07-21T21:24:04.562+0800][8.194s][gc,phases   ] GC(16) Pause Mark End 0.012ms
[2024-07-21T21:24:04.562+0800][8.194s][gc,phases   ] GC(16) Concurrent Mark Free 0.001ms
[2024-07-21T21:24:04.563+0800][8.195s][gc,phases   ] GC(16) Concurrent Process Non-Strong References 0.783ms
[2024-07-21T21:24:04.563+0800][8.195s][gc,phases   ] GC(16) Concurrent Reset Relocation Set 0.001ms
[2024-07-21T21:24:04.565+0800][8.197s][gc,phases   ] GC(16) Concurrent Select Relocation Set 1.659ms
[2024-07-21T21:24:04.565+0800][8.197s][gc,phases   ] GC(16) Pause Relocate Start 0.006ms
[2024-07-21T21:24:04.566+0800][8.198s][gc,phases   ] GC(16) Concurrent Relocate 1.010ms
[2024-07-21T21:24:04.566+0800][8.198s][gc,load     ] GC(16) Load: 0.00/0.00/0.00
[2024-07-21T21:24:04.566+0800][8.198s][gc,mmu      ] GC(16) MMU: 2ms/98.5%, 5ms/99.2%, 10ms/99.5%, 20ms/99.8%, 50ms/99.9%, 100ms/99.9%
[2024-07-21T21:24:04.566+0800][8.198s][gc,marking  ] GC(16) Mark: 2 stripe(s), 2 proactive flush(es), 1 terminate flush(es), 0 completion(s), 0 continuation(s) 
[2024-07-21T21:24:04.566+0800][8.198s][gc,marking  ] GC(16) Mark Stack Usage: 32M
[2024-07-21T21:24:04.566+0800][8.198s][gc,nmethod  ] GC(16) NMethods: 448 registered, 0 unregistered
[2024-07-21T21:24:04.566+0800][8.198s][gc,metaspace] GC(16) Metaspace: 1M used, 1M committed, 1032M reserved
[2024-07-21T21:24:04.566+0800][8.198s][gc,ref      ] GC(16) Soft: 93 encountered, 0 discovered, 0 enqueued
[2024-07-21T21:24:04.566+0800][8.198s][gc,ref      ] GC(16) Weak: 131 encountered, 79 discovered, 0 enqueued
[2024-07-21T21:24:04.566+0800][8.198s][gc,ref      ] GC(16) Final: 0 encountered, 0 discovered, 0 enqueued
[2024-07-21T21:24:04.566+0800][8.198s][gc,ref      ] GC(16) Phantom: 184 encountered, 150 discovered, 0 enqueued
[2024-07-21T21:24:04.566+0800][8.198s][gc,reloc    ] GC(16) Small Pages: 4 / 8M, Empty: 2M, Relocated: 0M, In-Place: 0
[2024-07-21T21:24:04.566+0800][8.199s][gc,reloc    ] GC(16) Medium Pages: 14 / 448M, Empty: 384M, Relocated: 4M, In-Place: 0
[2024-07-21T21:24:04.566+0800][8.199s][gc,reloc    ] GC(16) Large Pages: 0 / 0M, Empty: 0M, Relocated: 0M, In-Place: 0
[2024-07-21T21:24:04.566+0800][8.199s][gc,reloc    ] GC(16) Forwarding Usage: 0M
[2024-07-21T21:24:04.566+0800][8.199s][gc,heap     ] GC(16) Min Capacity: 8M(0%)
[2024-07-21T21:24:04.566+0800][8.199s][gc,heap     ] GC(16) Max Capacity: 2048M(100%)
[2024-07-21T21:24:04.566+0800][8.199s][gc,heap     ] GC(16) Soft Max Capacity: 512M(25%)
[2024-07-21T21:24:04.566+0800][8.199s][gc,heap     ] GC(16)                Mark Start          Mark End        Relocate Start      Relocate End           High               Low         
[2024-07-21T21:24:04.566+0800][8.199s][gc,heap     ] GC(16)  Capacity:      512M (25%)         512M (25%)         512M (25%)         512M (25%)         512M (25%)         512M (25%)    
[2024-07-21T21:24:04.566+0800][8.199s][gc,heap     ] GC(16)      Free:     1592M (78%)        1558M (76%)        1944M (95%)        1976M (96%)        1976M (96%)        1558M (76%)    
[2024-07-21T21:24:04.566+0800][8.199s][gc,heap     ] GC(16)      Used:      456M (22%)         490M (24%)         104M (5%)           72M (4%)          490M (24%)          72M (4%)     
[2024-07-21T21:24:04.566+0800][8.199s][gc,heap     ] GC(16)      Live:         -                 8M (0%)            8M (0%)            8M (0%)             -                  -          
[2024-07-21T21:24:04.566+0800][8.199s][gc,heap     ] GC(16) Allocated:         -                34M (2%)           34M (2%)           34M (2%)             -                  -          
[2024-07-21T21:24:04.567+0800][8.199s][gc,heap     ] GC(16)   Garbage:         -               447M (22%)          61M (3%)           29M (1%)             -                  -          
[2024-07-21T21:24:04.567+0800][8.199s][gc,heap     ] GC(16) Reclaimed:         -                  -               386M (19%)         418M (20%)            -                  -          
[2024-07-21T21:24:04.567+0800][8.199s][gc          ] GC(16) Garbage Collection (Allocation Rate) 456M(22%)->72M(4%)
[2024-07-21T21:24:05.038+0800][8.670s][gc,start    ] GC(17) Garbage Collection (Allocation Rate)
[2024-07-21T21:24:05.038+0800][8.670s][gc,task     ] GC(17) Using 1 workers
[2024-07-21T21:24:05.038+0800][8.670s][gc,phases   ] GC(17) Pause Mark Start 0.009ms
[2024-07-21T21:24:05.041+0800][8.674s][gc,phases   ] GC(17) Concurrent Mark 3.496ms
[2024-07-21T21:24:05.041+0800][8.674s][gc,phases   ] GC(17) Pause Mark End 0.009ms
[2024-07-21T21:24:05.041+0800][8.674s][gc,phases   ] GC(17) Concurrent Mark Free 0.001ms
[2024-07-21T21:24:05.042+0800][8.675s][gc,phases   ] GC(17) Concurrent Process Non-Strong References 0.997ms
[2024-07-21T21:24:05.042+0800][8.675s][gc,phases   ] GC(17) Concurrent Reset Relocation Set 0.001ms
[2024-07-21T21:24:05.044+0800][8.677s][gc,phases   ] GC(17) Concurrent Select Relocation Set 1.559ms
[2024-07-21T21:24:05.044+0800][8.677s][gc,phases   ] GC(17) Pause Relocate Start 0.004ms
[2024-07-21T21:24:05.047+0800][8.679s][gc,phases   ] GC(17) Concurrent Relocate 1.773ms
[2024-07-21T21:24:05.047+0800][8.679s][gc,load     ] GC(17) Load: 0.00/0.00/0.00
[2024-07-21T21:24:05.047+0800][8.679s][gc,mmu      ] GC(17) MMU: 2ms/98.5%, 5ms/99.2%, 10ms/99.5%, 20ms/99.8%, 50ms/99.9%, 100ms/99.9%
[2024-07-21T21:24:05.047+0800][8.679s][gc,marking  ] GC(17) Mark: 1 stripe(s), 2 proactive flush(es), 1 terminate flush(es), 0 completion(s), 0 continuation(s) 
[2024-07-21T21:24:05.047+0800][8.679s][gc,marking  ] GC(17) Mark Stack Usage: 32M
[2024-07-21T21:24:05.047+0800][8.679s][gc,nmethod  ] GC(17) NMethods: 449 registered, 0 unregistered
[2024-07-21T21:24:05.047+0800][8.679s][gc,metaspace] GC(17) Metaspace: 1M used, 1M committed, 1032M reserved
[2024-07-21T21:24:05.047+0800][8.679s][gc,ref      ] GC(17) Soft: 93 encountered, 0 discovered, 0 enqueued
[2024-07-21T21:24:05.047+0800][8.679s][gc,ref      ] GC(17) Weak: 131 encountered, 107 discovered, 0 enqueued
[2024-07-21T21:24:05.047+0800][8.679s][gc,ref      ] GC(17) Final: 0 encountered, 0 discovered, 0 enqueued
[2024-07-21T21:24:05.047+0800][8.679s][gc,ref      ] GC(17) Phantom: 184 encountered, 98 discovered, 0 enqueued
[2024-07-21T21:24:05.047+0800][8.679s][gc,reloc    ] GC(17) Small Pages: 4 / 8M, Empty: 2M, Relocated: 0M, In-Place: 0
[2024-07-21T21:24:05.047+0800][8.679s][gc,reloc    ] GC(17) Medium Pages: 11 / 352M, Empty: 288M, Relocated: 12M, In-Place: 0
[2024-07-21T21:24:05.047+0800][8.679s][gc,reloc    ] GC(17) Large Pages: 0 / 0M, Empty: 0M, Relocated: 0M, In-Place: 0
[2024-07-21T21:24:05.047+0800][8.679s][gc,reloc    ] GC(17) Forwarding Usage: 0M
[2024-07-21T21:24:05.047+0800][8.679s][gc,heap     ] GC(17) Min Capacity: 8M(0%)
[2024-07-21T21:24:05.047+0800][8.679s][gc,heap     ] GC(17) Max Capacity: 2048M(100%)
[2024-07-21T21:24:05.047+0800][8.679s][gc,heap     ] GC(17) Soft Max Capacity: 512M(25%)
[2024-07-21T21:24:05.047+0800][8.679s][gc,heap     ] GC(17)                Mark Start          Mark End        Relocate Start      Relocate End           High               Low         
[2024-07-21T21:24:05.047+0800][8.679s][gc,heap     ] GC(17)  Capacity:      512M (25%)         512M (25%)         512M (25%)         512M (25%)         512M (25%)         512M (25%)    
[2024-07-21T21:24:05.047+0800][8.679s][gc,heap     ] GC(17)      Free:     1688M (82%)        1656M (81%)        1944M (95%)        1976M (96%)        1976M (96%)        1654M (81%)    
[2024-07-21T21:24:05.047+0800][8.679s][gc,heap     ] GC(17)      Used:      360M (18%)         392M (19%)         104M (5%)           72M (4%)          394M (19%)          72M (4%)     
[2024-07-21T21:24:05.047+0800][8.679s][gc,heap     ] GC(17)      Live:         -                16M (1%)           16M (1%)           16M (1%)             -                  -          
[2024-07-21T21:24:05.047+0800][8.679s][gc,heap     ] GC(17) Allocated:         -                32M (2%)           34M (2%)           34M (2%)             -                  -          
[2024-07-21T21:24:05.047+0800][8.679s][gc,heap     ] GC(17)   Garbage:         -               343M (17%)          53M (3%)           21M (1%)             -                  -          
[2024-07-21T21:24:05.047+0800][8.679s][gc,heap     ] GC(17) Reclaimed:         -                  -               290M (14%)         322M (16%)            -                  -          
[2024-07-21T21:24:05.047+0800][8.679s][gc          ] GC(17) Garbage Collection (Allocation Rate) 360M(18%)->72M(4%)
[2024-07-21T21:24:05.544+0800][9.176s][gc,start    ] GC(18) Garbage Collection (Allocation Rate)
[2024-07-21T21:24:05.544+0800][9.176s][gc,task     ] GC(18) Using 1 workers
[2024-07-21T21:24:05.544+0800][9.177s][gc,phases   ] GC(18) Pause Mark Start 0.015ms
[2024-07-21T21:24:05.549+0800][9.182s][gc,phases   ] GC(18) Concurrent Mark 4.826ms
[2024-07-21T21:24:05.549+0800][9.182s][gc,phases   ] GC(18) Pause Mark End 0.014ms
[2024-07-21T21:24:05.550+0800][9.182s][gc,phases   ] GC(18) Concurrent Mark Free 0.001ms
[2024-07-21T21:24:05.551+0800][9.184s][gc,phases   ] GC(18) Concurrent Process Non-Strong References 1.383ms
[2024-07-21T21:24:05.551+0800][9.184s][gc,phases   ] GC(18) Concurrent Reset Relocation Set 0.001ms
[2024-07-21T21:24:05.553+0800][9.186s][gc,phases   ] GC(18) Concurrent Select Relocation Set 2.165ms
[2024-07-21T21:24:05.553+0800][9.186s][gc,phases   ] GC(18) Pause Relocate Start 0.008ms
[2024-07-21T21:24:05.555+0800][9.188s][gc,phases   ] GC(18) Concurrent Relocate 1.500ms
[2024-07-21T21:24:05.555+0800][9.188s][gc,load     ] GC(18) Load: 0.00/0.00/0.00
[2024-07-21T21:24:05.555+0800][9.188s][gc,mmu      ] GC(18) MMU: 2ms/98.5%, 5ms/99.2%, 10ms/99.5%, 20ms/99.8%, 50ms/99.9%, 100ms/99.9%
[2024-07-21T21:24:05.555+0800][9.188s][gc,marking  ] GC(18) Mark: 1 stripe(s), 2 proactive flush(es), 1 terminate flush(es), 0 completion(s), 0 continuation(s) 
[2024-07-21T21:24:05.555+0800][9.188s][gc,marking  ] GC(18) Mark Stack Usage: 32M
[2024-07-21T21:24:05.555+0800][9.188s][gc,nmethod  ] GC(18) NMethods: 459 registered, 0 unregistered
[2024-07-21T21:24:05.555+0800][9.188s][gc,metaspace] GC(18) Metaspace: 1M used, 1M committed, 1032M reserved
[2024-07-21T21:24:05.555+0800][9.188s][gc,ref      ] GC(18) Soft: 93 encountered, 0 discovered, 0 enqueued
[2024-07-21T21:24:05.555+0800][9.188s][gc,ref      ] GC(18) Weak: 131 encountered, 107 discovered, 0 enqueued
[2024-07-21T21:24:05.555+0800][9.188s][gc,ref      ] GC(18) Final: 0 encountered, 0 discovered, 0 enqueued
[2024-07-21T21:24:05.555+0800][9.188s][gc,ref      ] GC(18) Phantom: 184 encountered, 98 discovered, 0 enqueued
[2024-07-21T21:24:05.555+0800][9.188s][gc,reloc    ] GC(18) Small Pages: 4 / 8M, Empty: 0M, Relocated: 1M, In-Place: 0
[2024-07-21T21:24:05.555+0800][9.188s][gc,reloc    ] GC(18) Medium Pages: 12 / 384M, Empty: 320M, Relocated: 1M, In-Place: 0
[2024-07-21T21:24:05.555+0800][9.188s][gc,reloc    ] GC(18) Large Pages: 0 / 0M, Empty: 0M, Relocated: 0M, In-Place: 0
[2024-07-21T21:24:05.555+0800][9.188s][gc,reloc    ] GC(18) Forwarding Usage: 0M
[2024-07-21T21:24:05.555+0800][9.188s][gc,heap     ] GC(18) Min Capacity: 8M(0%)
[2024-07-21T21:24:05.555+0800][9.188s][gc,heap     ] GC(18) Max Capacity: 2048M(100%)
[2024-07-21T21:24:05.555+0800][9.188s][gc,heap     ] GC(18) Soft Max Capacity: 512M(25%)
[2024-07-21T21:24:05.555+0800][9.188s][gc,heap     ] GC(18)                Mark Start          Mark End        Relocate Start      Relocate End           High               Low         
[2024-07-21T21:24:05.555+0800][9.188s][gc,heap     ] GC(18)  Capacity:      512M (25%)         512M (25%)         512M (25%)         512M (25%)         512M (25%)         512M (25%)    
[2024-07-21T21:24:05.555+0800][9.188s][gc,heap     ] GC(18)      Free:     1656M (81%)        1622M (79%)        1942M (95%)        1976M (96%)        1976M (96%)        1622M (79%)    
[2024-07-21T21:24:05.555+0800][9.188s][gc,heap     ] GC(18)      Used:      392M (19%)         426M (21%)         106M (5%)           72M (4%)          426M (21%)          72M (4%)     
[2024-07-21T21:24:05.555+0800][9.188s][gc,heap     ] GC(18)      Live:         -                 5M (0%)            5M (0%)            5M (0%)             -                  -          
[2024-07-21T21:24:05.555+0800][9.188s][gc,heap     ] GC(18) Allocated:         -                34M (2%)           34M (2%)           34M (2%)             -                  -          
[2024-07-21T21:24:05.555+0800][9.188s][gc,heap     ] GC(18)   Garbage:         -               386M (19%)          66M (3%)           32M (2%)             -                  -          
[2024-07-21T21:24:05.555+0800][9.188s][gc,heap     ] GC(18) Reclaimed:         -                  -               320M (16%)         354M (17%)            -                  -          
[2024-07-21T21:24:05.555+0800][9.188s][gc          ] GC(18) Garbage Collection (Allocation Rate) 392M(19%)->72M(4%)
[2024-07-21T21:24:06.049+0800][9.681s][gc,start    ] GC(19) Garbage Collection (Allocation Rate)
[2024-07-21T21:24:06.049+0800][9.681s][gc,task     ] GC(19) Using 1 workers
[2024-07-21T21:24:06.049+0800][9.681s][gc,phases   ] GC(19) Pause Mark Start 0.006ms
[2024-07-21T21:24:06.054+0800][9.686s][gc,phases   ] GC(19) Concurrent Mark 5.193ms
[2024-07-21T21:24:06.055+0800][9.687s][gc,phases   ] GC(19) Pause Mark End 0.021ms
[2024-07-21T21:24:06.055+0800][9.687s][gc,phases   ] GC(19) Concurrent Mark Free 0.001ms
[2024-07-21T21:24:06.056+0800][9.688s][gc,phases   ] GC(19) Concurrent Process Non-Strong References 1.231ms
[2024-07-21T21:24:06.056+0800][9.688s][gc,phases   ] GC(19) Concurrent Reset Relocation Set 0.001ms
[2024-07-21T21:24:06.058+0800][9.690s][gc,phases   ] GC(19) Concurrent Select Relocation Set 1.627ms
[2024-07-21T21:24:06.058+0800][9.690s][gc,phases   ] GC(19) Pause Relocate Start 0.004ms
[2024-07-21T21:24:06.058+0800][9.690s][gc,phases   ] GC(19) Concurrent Relocate 0.231ms
[2024-07-21T21:24:06.058+0800][9.690s][gc,load     ] GC(19) Load: 0.00/0.00/0.00
[2024-07-21T21:24:06.058+0800][9.690s][gc,mmu      ] GC(19) MMU: 2ms/98.5%, 5ms/99.2%, 10ms/99.5%, 20ms/99.8%, 50ms/99.9%, 100ms/99.9%
[2024-07-21T21:24:06.058+0800][9.690s][gc,marking  ] GC(19) Mark: 1 stripe(s), 2 proactive flush(es), 1 terminate flush(es), 0 completion(s), 0 continuation(s) 
[2024-07-21T21:24:06.058+0800][9.690s][gc,marking  ] GC(19) Mark Stack Usage: 32M
[2024-07-21T21:24:06.058+0800][9.690s][gc,nmethod  ] GC(19) NMethods: 459 registered, 0 unregistered
[2024-07-21T21:24:06.058+0800][9.690s][gc,metaspace] GC(19) Metaspace: 1M used, 1M committed, 1032M reserved
[2024-07-21T21:24:06.058+0800][9.690s][gc,ref      ] GC(19) Soft: 93 encountered, 0 discovered, 0 enqueued
[2024-07-21T21:24:06.058+0800][9.690s][gc,ref      ] GC(19) Weak: 131 encountered, 107 discovered, 0 enqueued
[2024-07-21T21:24:06.058+0800][9.690s][gc,ref      ] GC(19) Final: 0 encountered, 0 discovered, 0 enqueued
[2024-07-21T21:24:06.058+0800][9.690s][gc,ref      ] GC(19) Phantom: 184 encountered, 98 discovered, 0 enqueued
[2024-07-21T21:24:06.058+0800][9.690s][gc,reloc    ] GC(19) Small Pages: 4 / 8M, Empty: 2M, Relocated: 0M, In-Place: 0
[2024-07-21T21:24:06.058+0800][9.690s][gc,reloc    ] GC(19) Medium Pages: 12 / 384M, Empty: 320M, Relocated: 1M, In-Place: 0
[2024-07-21T21:24:06.058+0800][9.690s][gc,reloc    ] GC(19) Large Pages: 0 / 0M, Empty: 0M, Relocated: 0M, In-Place: 0
[2024-07-21T21:24:06.058+0800][9.690s][gc,reloc    ] GC(19) Forwarding Usage: 0M
[2024-07-21T21:24:06.058+0800][9.690s][gc,heap     ] GC(19) Min Capacity: 8M(0%)
[2024-07-21T21:24:06.058+0800][9.690s][gc,heap     ] GC(19) Max Capacity: 2048M(100%)
[2024-07-21T21:24:06.058+0800][9.690s][gc,heap     ] GC(19) Soft Max Capacity: 512M(25%)
[2024-07-21T21:24:06.058+0800][9.691s][gc,heap     ] GC(19)                Mark Start          Mark End        Relocate Start      Relocate End           High               Low         
[2024-07-21T21:24:06.059+0800][9.691s][gc,heap     ] GC(19)  Capacity:      512M (25%)         512M (25%)         512M (25%)         512M (25%)         512M (25%)         512M (25%)    
[2024-07-21T21:24:06.059+0800][9.691s][gc,heap     ] GC(19)      Free:     1656M (81%)        1622M (79%)        1944M (95%)        1976M (96%)        1976M (96%)        1622M (79%)    
[2024-07-21T21:24:06.059+0800][9.691s][gc,heap     ] GC(19)      Used:      392M (19%)         426M (21%)         104M (5%)           72M (4%)          426M (21%)          72M (4%)     
[2024-07-21T21:24:06.059+0800][9.691s][gc,heap     ] GC(19)      Live:         -                 5M (0%)            5M (0%)            5M (0%)             -                  -          
[2024-07-21T21:24:06.059+0800][9.691s][gc,heap     ] GC(19) Allocated:         -                34M (2%)           34M (2%)           34M (2%)             -                  -          
[2024-07-21T21:24:06.059+0800][9.691s][gc,heap     ] GC(19)   Garbage:         -               386M (19%)          64M (3%)           32M (2%)             -                  -          
[2024-07-21T21:24:06.059+0800][9.691s][gc,heap     ] GC(19) Reclaimed:         -                  -               322M (16%)         354M (17%)            -                  -          
[2024-07-21T21:24:06.059+0800][9.691s][gc          ] GC(19) Garbage Collection (Allocation Rate) 392M(19%)->72M(4%)
[2024-07-21T21:24:06.442+0800][10.074s][gc,stats    ] === Garbage Collection Statistics =======================================================================================================================
[2024-07-21T21:24:06.442+0800][10.075s][gc,stats    ]                                                              Last 10s              Last 10m              Last 10h                Total
[2024-07-21T21:24:06.442+0800][10.075s][gc,stats    ]                                                              Avg / Max             Avg / Max             Avg / Max             Avg / Max
[2024-07-21T21:24:06.442+0800][10.075s][gc,stats    ]   Collector: Garbage Collection Cycle                     14.107 / 26.948       14.107 / 26.948       14.107 / 26.948       14.107 / 26.948      ms
[2024-07-21T21:24:06.442+0800][10.075s][gc,stats    ]  Contention: Mark Segment Reset Contention                     0 / 1                 0 / 1                 0 / 1                 0 / 1           ops/s
[2024-07-21T21:24:06.442+0800][10.075s][gc,stats    ]  Contention: Mark SeqNum Reset Contention                      0 / 1                 0 / 1                 0 / 1                 0 / 1           ops/s
[2024-07-21T21:24:06.442+0800][10.075s][gc,stats    ]    Critical: Allocation Stall                                  0 / 0                 0 / 0                 0 / 0                 0 / 0           ops/s
[2024-07-21T21:24:06.442+0800][10.075s][gc,stats    ]    Critical: Allocation Stall                              0.000 / 0.000         0.000 / 0.000         0.000 / 0.000         0.000 / 0.000       ms
[2024-07-21T21:24:06.442+0800][10.075s][gc,stats    ]    Critical: GC Locker Stall                                   0 / 0                 0 / 0                 0 / 0                 0 / 0           ops/s
[2024-07-21T21:24:06.442+0800][10.075s][gc,stats    ]    Critical: GC Locker Stall                               0.000 / 0.000         0.000 / 0.000         0.000 / 0.000         0.000 / 0.000       ms
[2024-07-21T21:24:06.443+0800][10.075s][gc,stats    ]    Critical: Relocation Stall                                  0 / 0                 0 / 0                 0 / 0                 0 / 0           ops/s
[2024-07-21T21:24:06.443+0800][10.075s][gc,stats    ]    Critical: Relocation Stall                              0.000 / 0.000         0.000 / 0.000         0.000 / 0.000         0.000 / 0.000       ms
[2024-07-21T21:24:06.443+0800][10.075s][gc,stats    ]      Memory: Allocation Rate                                 648 / 708             648 / 708             648 / 708             648 / 708         MB/s
[2024-07-21T21:24:06.443+0800][10.075s][gc,stats    ]      Memory: Out Of Memory                                     0 / 0                 0 / 0                 0 / 0                 0 / 0           ops/s
[2024-07-21T21:24:06.443+0800][10.075s][gc,stats    ]      Memory: Page Cache Flush                                  0 / 0                 0 / 0                 0 / 0                 0 / 0           MB/s
[2024-07-21T21:24:06.443+0800][10.075s][gc,stats    ]      Memory: Page Cache Hit L1                                23 / 26               23 / 26               23 / 26               23 / 26          ops/s
[2024-07-21T21:24:06.443+0800][10.075s][gc,stats    ]      Memory: Page Cache Hit L2                                 0 / 0                 0 / 0                 0 / 0                 0 / 0           ops/s
[2024-07-21T21:24:06.443+0800][10.075s][gc,stats    ]      Memory: Page Cache Hit L3                                 1 / 15                1 / 15                1 / 15                1 / 15          ops/s
[2024-07-21T21:24:06.443+0800][10.075s][gc,stats    ]      Memory: Page Cache Miss                                   0 / 6                 0 / 6                 0 / 6                 0 / 6           ops/s
[2024-07-21T21:24:06.443+0800][10.075s][gc,stats    ]      Memory: Uncommit                                          0 / 0                 0 / 0                 0 / 0                 0 / 0           MB/s
[2024-07-21T21:24:06.443+0800][10.075s][gc,stats    ]      Memory: Undo Object Allocation Failed                     0 / 0                 0 / 0                 0 / 0                 0 / 0           ops/s
[2024-07-21T21:24:06.443+0800][10.075s][gc,stats    ]      Memory: Undo Object Allocation Succeeded                  0 / 0                 0 / 0                 0 / 0                 0 / 0           ops/s
[2024-07-21T21:24:06.443+0800][10.075s][gc,stats    ]      Memory: Undo Page Allocation                              0 / 0                 0 / 0                 0 / 0                 0 / 0           ops/s
[2024-07-21T21:24:06.443+0800][10.075s][gc,stats    ]       Phase: Concurrent Mark                               8.216 / 15.677        8.216 / 15.677        8.216 / 15.677        8.216 / 15.677      ms
[2024-07-21T21:24:06.443+0800][10.075s][gc,stats    ]       Phase: Concurrent Mark Continue                      0.000 / 0.000         0.000 / 0.000         0.000 / 0.000         0.000 / 0.000       ms
[2024-07-21T21:24:06.443+0800][10.075s][gc,stats    ]       Phase: Concurrent Mark Free                          0.001 / 0.002         0.001 / 0.002         0.001 / 0.002         0.001 / 0.002       ms
[2024-07-21T21:24:06.443+0800][10.075s][gc,stats    ]       Phase: Concurrent Process Non-Strong References      0.958 / 1.383         0.958 / 1.383         0.958 / 1.383         0.958 / 1.383       ms
[2024-07-21T21:24:06.443+0800][10.075s][gc,stats    ]       Phase: Concurrent Relocate                           1.248 / 3.207         1.248 / 3.207         1.248 / 3.207         1.248 / 3.207       ms
[2024-07-21T21:24:06.443+0800][10.075s][gc,stats    ]       Phase: Concurrent Reset Relocation Set               0.001 / 0.004         0.001 / 0.004         0.001 / 0.004         0.001 / 0.004       ms
[2024-07-21T21:24:06.443+0800][10.075s][gc,stats    ]       Phase: Concurrent Select Relocation Set              2.368 / 8.145         2.368 / 8.145         2.368 / 8.145         2.368 / 8.145       ms
[2024-07-21T21:24:06.443+0800][10.075s][gc,stats    ]       Phase: Pause Mark End                                0.013 / 0.031         0.013 / 0.031         0.013 / 0.031         0.013 / 0.031       ms
[2024-07-21T21:24:06.443+0800][10.075s][gc,stats    ]       Phase: Pause Mark Start                              0.012 / 0.030         0.012 / 0.030         0.012 / 0.030         0.012 / 0.030       ms
[2024-07-21T21:24:06.443+0800][10.075s][gc,stats    ]       Phase: Pause Relocate Start                          0.008 / 0.027         0.008 / 0.027         0.008 / 0.027         0.008 / 0.027       ms
[2024-07-21T21:24:06.443+0800][10.076s][gc,stats    ]    Subphase: Concurrent Classes Purge                      0.094 / 0.137         0.094 / 0.137         0.094 / 0.137         0.094 / 0.137       ms
[2024-07-21T21:24:06.443+0800][10.076s][gc,stats    ]    Subphase: Concurrent Classes Unlink                     0.414 / 0.617         0.414 / 0.617         0.414 / 0.617         0.414 / 0.617       ms
[2024-07-21T21:24:06.443+0800][10.076s][gc,stats    ]    Subphase: Concurrent Mark                               6.259 / 15.176        6.259 / 15.176        6.259 / 15.176        6.259 / 15.176      ms
[2024-07-21T21:24:06.443+0800][10.076s][gc,stats    ]    Subphase: Concurrent Mark Try Flush                     0.115 / 0.367         0.115 / 0.367         0.115 / 0.367         0.115 / 0.367       ms
[2024-07-21T21:24:06.443+0800][10.076s][gc,stats    ]    Subphase: Concurrent Mark Try Terminate                 1.946 / 13.515        1.946 / 13.515        1.946 / 13.515        1.946 / 13.515      ms
[2024-07-21T21:24:06.443+0800][10.076s][gc,stats    ]    Subphase: Concurrent References Enqueue                 0.001 / 0.004         0.001 / 0.004         0.001 / 0.004         0.001 / 0.004       ms
[2024-07-21T21:24:06.443+0800][10.076s][gc,stats    ]    Subphase: Concurrent References Process                 0.101 / 0.160         0.101 / 0.160         0.101 / 0.160         0.101 / 0.160       ms
[2024-07-21T21:24:06.443+0800][10.076s][gc,stats    ]    Subphase: Concurrent Roots ClassLoaderDataGraph         0.063 / 0.204         0.063 / 0.204         0.063 / 0.204         0.063 / 0.204       ms
[2024-07-21T21:24:06.443+0800][10.076s][gc,stats    ]    Subphase: Concurrent Roots CodeCache                    0.000 / 0.000         0.000 / 0.000         0.000 / 0.000         0.000 / 0.000       ms
[2024-07-21T21:24:06.443+0800][10.076s][gc,stats    ]    Subphase: Concurrent Roots JavaThreads                  0.270 / 0.438         0.270 / 0.438         0.270 / 0.438         0.270 / 0.438       ms
[2024-07-21T21:24:06.443+0800][10.076s][gc,stats    ]    Subphase: Concurrent Roots OopStorageSet                0.015 / 0.040         0.015 / 0.040         0.015 / 0.040         0.015 / 0.040       ms
[2024-07-21T21:24:06.443+0800][10.076s][gc,stats    ]    Subphase: Concurrent Weak Roots OopStorageSet           0.134 / 0.323         0.134 / 0.323         0.134 / 0.323         0.134 / 0.323       ms
[2024-07-21T21:24:06.443+0800][10.076s][gc,stats    ]    Subphase: Pause Mark Try Complete                       0.000 / 0.000         0.000 / 0.000         0.000 / 0.000         0.000 / 0.000       ms
[2024-07-21T21:24:06.443+0800][10.076s][gc,stats    ]      System: Java Threads                                     13 / 14               13 / 14               13 / 14               13 / 14          threads
[2024-07-21T21:24:06.443+0800][10.076s][gc,stats    ] =========================================================================================================================================================
[2024-07-21T21:24:06.647+0800][10.279s][gc,start    ] GC(20) Garbage Collection (Allocation Rate)
[2024-07-21T21:24:06.647+0800][10.280s][gc,task     ] GC(20) Using 1 workers
[2024-07-21T21:24:06.647+0800][10.280s][gc,phases   ] GC(20) Pause Mark Start 0.011ms
[2024-07-21T21:24:06.652+0800][10.284s][gc,phases   ] GC(20) Concurrent Mark 4.330ms
[2024-07-21T21:24:06.652+0800][10.285s][gc,phases   ] GC(20) Pause Mark End 0.009ms
[2024-07-21T21:24:06.652+0800][10.285s][gc,phases   ] GC(20) Concurrent Mark Free 0.001ms
[2024-07-21T21:24:06.653+0800][10.286s][gc,phases   ] GC(20) Concurrent Process Non-Strong References 1.065ms
[2024-07-21T21:24:06.653+0800][10.286s][gc,phases   ] GC(20) Concurrent Reset Relocation Set 0.001ms
[2024-07-21T21:24:06.655+0800][10.288s][gc,phases   ] GC(20) Concurrent Select Relocation Set 1.760ms
[2024-07-21T21:24:06.655+0800][10.288s][gc,phases   ] GC(20) Pause Relocate Start 0.010ms
[2024-07-21T21:24:06.656+0800][10.288s][gc,phases   ] GC(20) Concurrent Relocate 0.267ms
[2024-07-21T21:24:06.656+0800][10.288s][gc,load     ] GC(20) Load: 0.00/0.00/0.00
[2024-07-21T21:24:06.656+0800][10.288s][gc,mmu      ] GC(20) MMU: 2ms/98.5%, 5ms/99.2%, 10ms/99.5%, 20ms/99.8%, 50ms/99.9%, 100ms/99.9%
[2024-07-21T21:24:06.656+0800][10.288s][gc,marking  ] GC(20) Mark: 1 stripe(s), 2 proactive flush(es), 1 terminate flush(es), 0 completion(s), 0 continuation(s) 
[2024-07-21T21:24:06.656+0800][10.288s][gc,marking  ] GC(20) Mark Stack Usage: 32M
[2024-07-21T21:24:06.656+0800][10.288s][gc,nmethod  ] GC(20) NMethods: 459 registered, 0 unregistered
[2024-07-21T21:24:06.656+0800][10.288s][gc,metaspace] GC(20) Metaspace: 1M used, 1M committed, 1032M reserved
[2024-07-21T21:24:06.656+0800][10.288s][gc,ref      ] GC(20) Soft: 93 encountered, 0 discovered, 0 enqueued
[2024-07-21T21:24:06.656+0800][10.288s][gc,ref      ] GC(20) Weak: 131 encountered, 107 discovered, 0 enqueued
[2024-07-21T21:24:06.656+0800][10.288s][gc,ref      ] GC(20) Final: 0 encountered, 0 discovered, 0 enqueued
[2024-07-21T21:24:06.656+0800][10.288s][gc,ref      ] GC(20) Phantom: 184 encountered, 98 discovered, 0 enqueued
[2024-07-21T21:24:06.656+0800][10.288s][gc,reloc    ] GC(20) Small Pages: 4 / 8M, Empty: 2M, Relocated: 0M, In-Place: 0
[2024-07-21T21:24:06.656+0800][10.288s][gc,reloc    ] GC(20) Medium Pages: 14 / 448M, Empty: 384M, Relocated: 1M, In-Place: 0
[2024-07-21T21:24:06.656+0800][10.288s][gc,reloc    ] GC(20) Large Pages: 0 / 0M, Empty: 0M, Relocated: 0M, In-Place: 0
[2024-07-21T21:24:06.656+0800][10.288s][gc,reloc    ] GC(20) Forwarding Usage: 0M
[2024-07-21T21:24:06.656+0800][10.288s][gc,heap     ] GC(20) Min Capacity: 8M(0%)
[2024-07-21T21:24:06.656+0800][10.289s][gc,heap     ] GC(20) Max Capacity: 2048M(100%)
[2024-07-21T21:24:06.656+0800][10.289s][gc,heap     ] GC(20) Soft Max Capacity: 512M(25%)
[2024-07-21T21:24:06.656+0800][10.289s][gc,heap     ] GC(20)                Mark Start          Mark End        Relocate Start      Relocate End           High               Low         
[2024-07-21T21:24:06.656+0800][10.289s][gc,heap     ] GC(20)  Capacity:      512M (25%)         512M (25%)         512M (25%)         512M (25%)         512M (25%)         512M (25%)    
[2024-07-21T21:24:06.656+0800][10.289s][gc,heap     ] GC(20)      Free:     1592M (78%)        1558M (76%)        1944M (95%)        1976M (96%)        1976M (96%)        1558M (76%)    
[2024-07-21T21:24:06.656+0800][10.289s][gc,heap     ] GC(20)      Used:      456M (22%)         490M (24%)         104M (5%)           72M (4%)          490M (24%)          72M (4%)     
[2024-07-21T21:24:06.656+0800][10.289s][gc,heap     ] GC(20)      Live:         -                 5M (0%)            5M (0%)            5M (0%)             -                  -          
[2024-07-21T21:24:06.656+0800][10.289s][gc,heap     ] GC(20) Allocated:         -                34M (2%)           34M (2%)           34M (2%)             -                  -          
[2024-07-21T21:24:06.656+0800][10.289s][gc,heap     ] GC(20)   Garbage:         -               450M (22%)          64M (3%)           32M (2%)             -                  -          
[2024-07-21T21:24:06.656+0800][10.289s][gc,heap     ] GC(20) Reclaimed:         -                  -               386M (19%)         418M (20%)            -                  -          
[2024-07-21T21:24:06.656+0800][10.289s][gc          ] GC(20) Garbage Collection (Allocation Rate) 456M(22%)->72M(4%)
[2024-07-21T21:24:07.246+0800][10.878s][gc,start    ] GC(21) Garbage Collection (Allocation Rate)
[2024-07-21T21:24:07.246+0800][10.878s][gc,task     ] GC(21) Using 1 workers
[2024-07-21T21:24:07.246+0800][10.878s][gc,phases   ] GC(21) Pause Mark Start 0.013ms
[2024-07-21T21:24:07.249+0800][10.882s][gc,phases   ] GC(21) Concurrent Mark 3.702ms
[2024-07-21T21:24:07.249+0800][10.882s][gc,phases   ] GC(21) Pause Mark End 0.008ms
[2024-07-21T21:24:07.250+0800][10.882s][gc,phases   ] GC(21) Concurrent Mark Free 0.001ms
[2024-07-21T21:24:07.251+0800][10.883s][gc,phases   ] GC(21) Concurrent Process Non-Strong References 1.002ms
[2024-07-21T21:24:07.251+0800][10.883s][gc,phases   ] GC(21) Concurrent Reset Relocation Set 0.001ms
[2024-07-21T21:24:07.252+0800][10.885s][gc,phases   ] GC(21) Concurrent Select Relocation Set 1.604ms
[2024-07-21T21:24:07.252+0800][10.885s][gc,phases   ] GC(21) Pause Relocate Start 0.004ms
[2024-07-21T21:24:07.253+0800][10.885s][gc,phases   ] GC(21) Concurrent Relocate 0.250ms
[2024-07-21T21:24:07.253+0800][10.885s][gc,load     ] GC(21) Load: 0.00/0.00/0.00
[2024-07-21T21:24:07.253+0800][10.885s][gc,mmu      ] GC(21) MMU: 2ms/98.5%, 5ms/99.2%, 10ms/99.5%, 20ms/99.8%, 50ms/99.9%, 100ms/99.9%
[2024-07-21T21:24:07.253+0800][10.885s][gc,marking  ] GC(21) Mark: 1 stripe(s), 2 proactive flush(es), 1 terminate flush(es), 0 completion(s), 0 continuation(s) 
[2024-07-21T21:24:07.253+0800][10.885s][gc,marking  ] GC(21) Mark Stack Usage: 32M
[2024-07-21T21:24:07.253+0800][10.885s][gc,nmethod  ] GC(21) NMethods: 464 registered, 0 unregistered
[2024-07-21T21:24:07.253+0800][10.885s][gc,metaspace] GC(21) Metaspace: 1M used, 1M committed, 1032M reserved
[2024-07-21T21:24:07.253+0800][10.886s][gc,ref      ] GC(21) Soft: 93 encountered, 0 discovered, 0 enqueued
[2024-07-21T21:24:07.253+0800][10.886s][gc,ref      ] GC(21) Weak: 131 encountered, 107 discovered, 0 enqueued
[2024-07-21T21:24:07.253+0800][10.886s][gc,ref      ] GC(21) Final: 0 encountered, 0 discovered, 0 enqueued
[2024-07-21T21:24:07.253+0800][10.886s][gc,ref      ] GC(21) Phantom: 184 encountered, 98 discovered, 0 enqueued
[2024-07-21T21:24:07.253+0800][10.886s][gc,reloc    ] GC(21) Small Pages: 4 / 8M, Empty: 2M, Relocated: 0M, In-Place: 0
[2024-07-21T21:24:07.253+0800][10.886s][gc,reloc    ] GC(21) Medium Pages: 14 / 448M, Empty: 384M, Relocated: 1M, In-Place: 0
[2024-07-21T21:24:07.253+0800][10.886s][gc,reloc    ] GC(21) Large Pages: 0 / 0M, Empty: 0M, Relocated: 0M, In-Place: 0
[2024-07-21T21:24:07.253+0800][10.886s][gc,reloc    ] GC(21) Forwarding Usage: 0M
[2024-07-21T21:24:07.253+0800][10.886s][gc,heap     ] GC(21) Min Capacity: 8M(0%)
[2024-07-21T21:24:07.253+0800][10.886s][gc,heap     ] GC(21) Max Capacity: 2048M(100%)
[2024-07-21T21:24:07.253+0800][10.886s][gc,heap     ] GC(21) Soft Max Capacity: 512M(25%)
[2024-07-21T21:24:07.253+0800][10.886s][gc,heap     ] GC(21)                Mark Start          Mark End        Relocate Start      Relocate End           High               Low         
[2024-07-21T21:24:07.253+0800][10.886s][gc,heap     ] GC(21)  Capacity:      512M (25%)         512M (25%)         512M (25%)         512M (25%)         512M (25%)         512M (25%)    
[2024-07-21T21:24:07.253+0800][10.886s][gc,heap     ] GC(21)      Free:     1592M (78%)        1558M (76%)        1944M (95%)        1976M (96%)        1976M (96%)        1558M (76%)    
[2024-07-21T21:24:07.253+0800][10.886s][gc,heap     ] GC(21)      Used:      456M (22%)         490M (24%)         104M (5%)           72M (4%)          490M (24%)          72M (4%)     
[2024-07-21T21:24:07.253+0800][10.886s][gc,heap     ] GC(21)      Live:         -                 5M (0%)            5M (0%)            5M (0%)             -                  -          
[2024-07-21T21:24:07.253+0800][10.886s][gc,heap     ] GC(21) Allocated:         -                34M (2%)           34M (2%)           34M (2%)             -                  -          
[2024-07-21T21:24:07.253+0800][10.886s][gc,heap     ] GC(21)   Garbage:         -               450M (22%)          64M (3%)           32M (2%)             -                  -          
[2024-07-21T21:24:07.253+0800][10.886s][gc,heap     ] GC(21) Reclaimed:         -                  -               386M (19%)         418M (20%)            -                  -          
[2024-07-21T21:24:07.253+0800][10.886s][gc          ] GC(21) Garbage Collection (Allocation Rate) 456M(22%)->72M(4%)
[2024-07-21T21:24:07.735+0800][11.367s][gc,start    ] GC(22) Garbage Collection (Proactive)
[2024-07-21T21:24:07.735+0800][11.368s][gc,task     ] GC(22) Using 2 workers
[2024-07-21T21:24:07.735+0800][11.368s][gc,phases   ] GC(22) Pause Mark Start 0.006ms
[2024-07-21T21:24:07.751+0800][11.383s][gc,phases   ] GC(22) Concurrent Mark 14.930ms
[2024-07-21T21:24:07.751+0800][11.383s][gc,phases   ] GC(22) Pause Mark End 0.018ms
[2024-07-21T21:24:07.751+0800][11.383s][gc,phases   ] GC(22) Concurrent Mark Free 0.002ms
[2024-07-21T21:24:07.752+0800][11.384s][gc,phases   ] GC(22) Concurrent Process Non-Strong References 0.822ms
[2024-07-21T21:24:07.752+0800][11.384s][gc,phases   ] GC(22) Concurrent Reset Relocation Set 0.001ms
[2024-07-21T21:24:07.754+0800][11.386s][gc,phases   ] GC(22) Concurrent Select Relocation Set 2.047ms
[2024-07-21T21:24:07.754+0800][11.386s][gc,phases   ] GC(22) Pause Relocate Start 0.007ms
[2024-07-21T21:24:07.755+0800][11.388s][gc,phases   ] GC(22) Concurrent Relocate 0.939ms
[2024-07-21T21:24:07.755+0800][11.388s][gc,load     ] GC(22) Load: 0.00/0.00/0.00
[2024-07-21T21:24:07.755+0800][11.388s][gc,mmu      ] GC(22) MMU: 2ms/98.5%, 5ms/99.2%, 10ms/99.5%, 20ms/99.8%, 50ms/99.9%, 100ms/99.9%
[2024-07-21T21:24:07.755+0800][11.388s][gc,marking  ] GC(22) Mark: 2 stripe(s), 2 proactive flush(es), 1 terminate flush(es), 0 completion(s), 0 continuation(s) 
[2024-07-21T21:24:07.755+0800][11.388s][gc,marking  ] GC(22) Mark Stack Usage: 32M
[2024-07-21T21:24:07.756+0800][11.388s][gc,nmethod  ] GC(22) NMethods: 465 registered, 0 unregistered
[2024-07-21T21:24:07.756+0800][11.388s][gc,metaspace] GC(22) Metaspace: 1M used, 1M committed, 1032M reserved
[2024-07-21T21:24:07.756+0800][11.388s][gc,ref      ] GC(22) Soft: 93 encountered, 0 discovered, 0 enqueued
[2024-07-21T21:24:07.756+0800][11.388s][gc,ref      ] GC(22) Weak: 131 encountered, 83 discovered, 0 enqueued
[2024-07-21T21:24:07.756+0800][11.388s][gc,ref      ] GC(22) Final: 0 encountered, 0 discovered, 0 enqueued
[2024-07-21T21:24:07.756+0800][11.388s][gc,ref      ] GC(22) Phantom: 184 encountered, 105 discovered, 0 enqueued
[2024-07-21T21:24:07.756+0800][11.388s][gc,reloc    ] GC(22) Small Pages: 4 / 8M, Empty: 2M, Relocated: 0M, In-Place: 0
[2024-07-21T21:24:07.756+0800][11.388s][gc,reloc    ] GC(22) Medium Pages: 12 / 384M, Empty: 288M, Relocated: 4M, In-Place: 0
[2024-07-21T21:24:07.756+0800][11.388s][gc,reloc    ] GC(22) Large Pages: 0 / 0M, Empty: 0M, Relocated: 0M, In-Place: 0
[2024-07-21T21:24:07.756+0800][11.388s][gc,reloc    ] GC(22) Forwarding Usage: 0M
[2024-07-21T21:24:07.756+0800][11.388s][gc,heap     ] GC(22) Min Capacity: 8M(0%)
[2024-07-21T21:24:07.756+0800][11.388s][gc,heap     ] GC(22) Max Capacity: 2048M(100%)
[2024-07-21T21:24:07.756+0800][11.388s][gc,heap     ] GC(22) Soft Max Capacity: 512M(25%)
[2024-07-21T21:24:07.756+0800][11.388s][gc,heap     ] GC(22)                Mark Start          Mark End        Relocate Start      Relocate End           High               Low         
[2024-07-21T21:24:07.756+0800][11.388s][gc,heap     ] GC(22)  Capacity:      512M (25%)         512M (25%)         512M (25%)         512M (25%)         512M (25%)         512M (25%)    
[2024-07-21T21:24:07.756+0800][11.388s][gc,heap     ] GC(22)      Free:     1656M (81%)        1622M (79%)        1912M (93%)        1976M (96%)        1976M (96%)        1622M (79%)    
[2024-07-21T21:24:07.756+0800][11.388s][gc,heap     ] GC(22)      Used:      392M (19%)         426M (21%)         136M (7%)           72M (4%)          426M (21%)          72M (4%)     
[2024-07-21T21:24:07.756+0800][11.388s][gc,heap     ] GC(22)      Live:         -                 8M (0%)            8M (0%)            8M (0%)             -                  -          
[2024-07-21T21:24:07.756+0800][11.388s][gc,heap     ] GC(22) Allocated:         -                34M (2%)           34M (2%)           34M (2%)             -                  -          
[2024-07-21T21:24:07.756+0800][11.388s][gc,heap     ] GC(22)   Garbage:         -               383M (19%)          93M (5%)           29M (1%)             -                  -          
[2024-07-21T21:24:07.756+0800][11.388s][gc,heap     ] GC(22) Reclaimed:         -                  -               290M (14%)         354M (17%)            -                  -          
[2024-07-21T21:24:07.756+0800][11.388s][gc          ] GC(22) Garbage Collection (Proactive) 392M(19%)->72M(4%)
[2024-07-21T21:24:08.238+0800][11.870s][gc,start    ] GC(23) Garbage Collection (Allocation Rate)
[2024-07-21T21:24:08.238+0800][11.870s][gc,task     ] GC(23) Using 1 workers
[2024-07-21T21:24:08.239+0800][11.871s][gc,phases   ] GC(23) Pause Mark Start 0.030ms
[2024-07-21T21:24:08.244+0800][11.876s][gc,phases   ] GC(23) Concurrent Mark 5.588ms
[2024-07-21T21:24:08.245+0800][11.877s][gc,phases   ] GC(23) Pause Mark End 0.017ms
[2024-07-21T21:24:08.245+0800][11.877s][gc,phases   ] GC(23) Concurrent Mark Free 0.001ms
[2024-07-21T21:24:08.246+0800][11.878s][gc,phases   ] GC(23) Concurrent Process Non-Strong References 1.224ms
[2024-07-21T21:24:08.246+0800][11.878s][gc,phases   ] GC(23) Concurrent Reset Relocation Set 0.001ms
[2024-07-21T21:24:08.248+0800][11.880s][gc,phases   ] GC(23) Concurrent Select Relocation Set 1.625ms
[2024-07-21T21:24:08.248+0800][11.880s][gc,phases   ] GC(23) Pause Relocate Start 0.016ms
[2024-07-21T21:24:08.248+0800][11.880s][gc,phases   ] GC(23) Concurrent Relocate 0.494ms
[2024-07-21T21:24:08.248+0800][11.880s][gc,load     ] GC(23) Load: 0.00/0.00/0.00
[2024-07-21T21:24:08.248+0800][11.880s][gc,mmu      ] GC(23) MMU: 2ms/98.5%, 5ms/99.2%, 10ms/99.4%, 20ms/99.7%, 50ms/99.9%, 100ms/99.9%
[2024-07-21T21:24:08.248+0800][11.881s][gc,marking  ] GC(23) Mark: 1 stripe(s), 2 proactive flush(es), 1 terminate flush(es), 0 completion(s), 0 continuation(s) 
[2024-07-21T21:24:08.248+0800][11.881s][gc,marking  ] GC(23) Mark Stack Usage: 32M
[2024-07-21T21:24:08.248+0800][11.881s][gc,nmethod  ] GC(23) NMethods: 466 registered, 0 unregistered
[2024-07-21T21:24:08.249+0800][11.881s][gc,metaspace] GC(23) Metaspace: 1M used, 1M committed, 1032M reserved
[2024-07-21T21:24:08.249+0800][11.881s][gc,ref      ] GC(23) Soft: 93 encountered, 0 discovered, 0 enqueued
[2024-07-21T21:24:08.249+0800][11.881s][gc,ref      ] GC(23) Weak: 131 encountered, 107 discovered, 0 enqueued
[2024-07-21T21:24:08.249+0800][11.881s][gc,ref      ] GC(23) Final: 0 encountered, 0 discovered, 0 enqueued
[2024-07-21T21:24:08.249+0800][11.881s][gc,ref      ] GC(23) Phantom: 184 encountered, 98 discovered, 0 enqueued
[2024-07-21T21:24:08.249+0800][11.881s][gc,reloc    ] GC(23) Small Pages: 4 / 8M, Empty: 2M, Relocated: 0M, In-Place: 0
[2024-07-21T21:24:08.249+0800][11.881s][gc,reloc    ] GC(23) Medium Pages: 12 / 384M, Empty: 320M, Relocated: 3M, In-Place: 0
[2024-07-21T21:24:08.249+0800][11.881s][gc,reloc    ] GC(23) Large Pages: 0 / 0M, Empty: 0M, Relocated: 0M, In-Place: 0
[2024-07-21T21:24:08.249+0800][11.881s][gc,reloc    ] GC(23) Forwarding Usage: 0M
[2024-07-21T21:24:08.249+0800][11.881s][gc,heap     ] GC(23) Min Capacity: 8M(0%)
[2024-07-21T21:24:08.249+0800][11.881s][gc,heap     ] GC(23) Max Capacity: 2048M(100%)
[2024-07-21T21:24:08.249+0800][11.881s][gc,heap     ] GC(23) Soft Max Capacity: 512M(25%)
[2024-07-21T21:24:08.249+0800][11.881s][gc,heap     ] GC(23)                Mark Start          Mark End        Relocate Start      Relocate End           High               Low         
[2024-07-21T21:24:08.249+0800][11.881s][gc,heap     ] GC(23)  Capacity:      512M (25%)         512M (25%)         512M (25%)         512M (25%)         512M (25%)         512M (25%)    
[2024-07-21T21:24:08.249+0800][11.881s][gc,heap     ] GC(23)      Free:     1656M (81%)        1622M (79%)        1944M (95%)        1976M (96%)        1976M (96%)        1622M (79%)    
[2024-07-21T21:24:08.249+0800][11.881s][gc,heap     ] GC(23)      Used:      392M (19%)         426M (21%)         104M (5%)           72M (4%)          426M (21%)          72M (4%)     
[2024-07-21T21:24:08.249+0800][11.881s][gc,heap     ] GC(23)      Live:         -                 7M (0%)            7M (0%)            7M (0%)             -                  -          
[2024-07-21T21:24:08.249+0800][11.881s][gc,heap     ] GC(23) Allocated:         -                34M (2%)           34M (2%)           34M (2%)             -                  -          
[2024-07-21T21:24:08.249+0800][11.881s][gc,heap     ] GC(23)   Garbage:         -               384M (19%)          62M (3%)           30M (1%)             -                  -          
[2024-07-21T21:24:08.249+0800][11.881s][gc,heap     ] GC(23) Reclaimed:         -                  -               322M (16%)         354M (17%)            -                  -          
[2024-07-21T21:24:08.249+0800][11.881s][gc          ] GC(23) Garbage Collection (Allocation Rate) 392M(19%)->72M(4%)
[2024-07-21T21:24:08.744+0800][12.376s][gc,start    ] GC(24) Garbage Collection (Allocation Rate)
[2024-07-21T21:24:08.744+0800][12.376s][gc,task     ] GC(24) Using 1 workers
[2024-07-21T21:24:08.744+0800][12.377s][gc,phases   ] GC(24) Pause Mark Start 0.008ms
[2024-07-21T21:24:08.748+0800][12.380s][gc,phases   ] GC(24) Concurrent Mark 3.580ms
[2024-07-21T21:24:08.748+0800][12.381s][gc,phases   ] GC(24) Pause Mark End 0.009ms
[2024-07-21T21:24:08.748+0800][12.381s][gc,phases   ] GC(24) Concurrent Mark Free 0.001ms
[2024-07-21T21:24:08.749+0800][12.382s][gc,phases   ] GC(24) Concurrent Process Non-Strong References 0.957ms
[2024-07-21T21:24:08.750+0800][12.382s][gc,phases   ] GC(24) Concurrent Reset Relocation Set 0.001ms
[2024-07-21T21:24:08.751+0800][12.384s][gc,phases   ] GC(24) Concurrent Select Relocation Set 1.883ms
[2024-07-21T21:24:08.752+0800][12.384s][gc,phases   ] GC(24) Pause Relocate Start 0.004ms
[2024-07-21T21:24:08.752+0800][12.384s][gc,phases   ] GC(24) Concurrent Relocate 0.494ms
[2024-07-21T21:24:08.752+0800][12.384s][gc,load     ] GC(24) Load: 0.00/0.00/0.00
[2024-07-21T21:24:08.752+0800][12.384s][gc,mmu      ] GC(24) MMU: 2ms/98.5%, 5ms/99.2%, 10ms/99.4%, 20ms/99.7%, 50ms/99.9%, 100ms/99.9%
[2024-07-21T21:24:08.752+0800][12.384s][gc,marking  ] GC(24) Mark: 1 stripe(s), 2 proactive flush(es), 1 terminate flush(es), 0 completion(s), 0 continuation(s) 
[2024-07-21T21:24:08.752+0800][12.385s][gc,marking  ] GC(24) Mark Stack Usage: 32M
[2024-07-21T21:24:08.752+0800][12.385s][gc,nmethod  ] GC(24) NMethods: 466 registered, 0 unregistered
[2024-07-21T21:24:08.752+0800][12.385s][gc,metaspace] GC(24) Metaspace: 1M used, 1M committed, 1032M reserved
[2024-07-21T21:24:08.752+0800][12.385s][gc,ref      ] GC(24) Soft: 93 encountered, 0 discovered, 0 enqueued
[2024-07-21T21:24:08.752+0800][12.385s][gc,ref      ] GC(24) Weak: 131 encountered, 107 discovered, 0 enqueued
[2024-07-21T21:24:08.752+0800][12.385s][gc,ref      ] GC(24) Final: 0 encountered, 0 discovered, 0 enqueued
[2024-07-21T21:24:08.752+0800][12.385s][gc,ref      ] GC(24) Phantom: 184 encountered, 98 discovered, 0 enqueued
[2024-07-21T21:24:08.752+0800][12.385s][gc,reloc    ] GC(24) Small Pages: 4 / 8M, Empty: 2M, Relocated: 0M, In-Place: 0
[2024-07-21T21:24:08.752+0800][12.385s][gc,reloc    ] GC(24) Medium Pages: 12 / 384M, Empty: 320M, Relocated: 3M, In-Place: 0
[2024-07-21T21:24:08.752+0800][12.385s][gc,reloc    ] GC(24) Large Pages: 0 / 0M, Empty: 0M, Relocated: 0M, In-Place: 0
[2024-07-21T21:24:08.752+0800][12.385s][gc,reloc    ] GC(24) Forwarding Usage: 0M
[2024-07-21T21:24:08.752+0800][12.385s][gc,heap     ] GC(24) Min Capacity: 8M(0%)
[2024-07-21T21:24:08.752+0800][12.385s][gc,heap     ] GC(24) Max Capacity: 2048M(100%)
[2024-07-21T21:24:08.752+0800][12.385s][gc,heap     ] GC(24) Soft Max Capacity: 512M(25%)
[2024-07-21T21:24:08.752+0800][12.385s][gc,heap     ] GC(24)                Mark Start          Mark End        Relocate Start      Relocate End           High               Low         
[2024-07-21T21:24:08.752+0800][12.385s][gc,heap     ] GC(24)  Capacity:      512M (25%)         512M (25%)         512M (25%)         512M (25%)         512M (25%)         512M (25%)    
[2024-07-21T21:24:08.752+0800][12.385s][gc,heap     ] GC(24)      Free:     1656M (81%)        1622M (79%)        1944M (95%)        1976M (96%)        1976M (96%)        1622M (79%)    
[2024-07-21T21:24:08.752+0800][12.385s][gc,heap     ] GC(24)      Used:      392M (19%)         426M (21%)         104M (5%)           72M (4%)          426M (21%)          72M (4%)     
[2024-07-21T21:24:08.752+0800][12.385s][gc,heap     ] GC(24)      Live:         -                 7M (0%)            7M (0%)            7M (0%)             -                  -          
[2024-07-21T21:24:08.752+0800][12.385s][gc,heap     ] GC(24) Allocated:         -                34M (2%)           34M (2%)           34M (2%)             -                  -          
[2024-07-21T21:24:08.753+0800][12.385s][gc,heap     ] GC(24)   Garbage:         -               384M (19%)          62M (3%)           30M (1%)             -                  -          
[2024-07-21T21:24:08.753+0800][12.385s][gc,heap     ] GC(24) Reclaimed:         -                  -               322M (16%)         354M (17%)            -                  -          
[2024-07-21T21:24:08.753+0800][12.385s][gc          ] GC(24) Garbage Collection (Allocation Rate) 392M(19%)->72M(4%)
[2024-07-21T21:24:09.247+0800][12.879s][gc,start    ] GC(25) Garbage Collection (Allocation Rate)
[2024-07-21T21:24:09.247+0800][12.879s][gc,task     ] GC(25) Using 1 workers
[2024-07-21T21:24:09.247+0800][12.879s][gc,phases   ] GC(25) Pause Mark Start 0.006ms
[2024-07-21T21:24:09.251+0800][12.883s][gc,phases   ] GC(25) Concurrent Mark 3.797ms
[2024-07-21T21:24:09.251+0800][12.884s][gc,phases   ] GC(25) Pause Mark End 0.009ms
[2024-07-21T21:24:09.252+0800][12.884s][gc,phases   ] GC(25) Concurrent Mark Free 0.001ms
[2024-07-21T21:24:09.253+0800][12.885s][gc,phases   ] GC(25) Concurrent Process Non-Strong References 1.088ms
[2024-07-21T21:24:09.253+0800][12.885s][gc,phases   ] GC(25) Concurrent Reset Relocation Set 0.001ms
[2024-07-21T21:24:09.255+0800][12.887s][gc,phases   ] GC(25) Concurrent Select Relocation Set 2.156ms
[2024-07-21T21:24:09.255+0800][12.887s][gc,phases   ] GC(25) Pause Relocate Start 0.009ms
[2024-07-21T21:24:09.257+0800][12.890s][gc,phases   ] GC(25) Concurrent Relocate 2.286ms
[2024-07-21T21:24:09.258+0800][12.890s][gc,load     ] GC(25) Load: 0.00/0.00/0.00
[2024-07-21T21:24:09.258+0800][12.890s][gc,mmu      ] GC(25) MMU: 2ms/98.5%, 5ms/99.2%, 10ms/99.4%, 20ms/99.7%, 50ms/99.9%, 100ms/99.9%
[2024-07-21T21:24:09.258+0800][12.890s][gc,marking  ] GC(25) Mark: 1 stripe(s), 2 proactive flush(es), 1 terminate flush(es), 0 completion(s), 0 continuation(s) 
[2024-07-21T21:24:09.258+0800][12.890s][gc,marking  ] GC(25) Mark Stack Usage: 32M
[2024-07-21T21:24:09.258+0800][12.890s][gc,nmethod  ] GC(25) NMethods: 471 registered, 0 unregistered
[2024-07-21T21:24:09.258+0800][12.890s][gc,metaspace] GC(25) Metaspace: 1M used, 1M committed, 1032M reserved
[2024-07-21T21:24:09.258+0800][12.890s][gc,ref      ] GC(25) Soft: 93 encountered, 0 discovered, 0 enqueued
[2024-07-21T21:24:09.258+0800][12.890s][gc,ref      ] GC(25) Weak: 131 encountered, 107 discovered, 0 enqueued
[2024-07-21T21:24:09.258+0800][12.890s][gc,ref      ] GC(25) Final: 0 encountered, 0 discovered, 0 enqueued
[2024-07-21T21:24:09.258+0800][12.890s][gc,ref      ] GC(25) Phantom: 184 encountered, 98 discovered, 0 enqueued
[2024-07-21T21:24:09.258+0800][12.890s][gc,reloc    ] GC(25) Small Pages: 5 / 10M, Empty: 2M, Relocated: 1M, In-Place: 0
[2024-07-21T21:24:09.258+0800][12.890s][gc,reloc    ] GC(25) Medium Pages: 12 / 384M, Empty: 320M, Relocated: 2M, In-Place: 0
[2024-07-21T21:24:09.258+0800][12.890s][gc,reloc    ] GC(25) Large Pages: 0 / 0M, Empty: 0M, Relocated: 0M, In-Place: 0
[2024-07-21T21:24:09.258+0800][12.890s][gc,reloc    ] GC(25) Forwarding Usage: 0M
[2024-07-21T21:24:09.258+0800][12.890s][gc,heap     ] GC(25) Min Capacity: 8M(0%)
[2024-07-21T21:24:09.258+0800][12.890s][gc,heap     ] GC(25) Max Capacity: 2048M(100%)
[2024-07-21T21:24:09.258+0800][12.890s][gc,heap     ] GC(25) Soft Max Capacity: 512M(25%)
[2024-07-21T21:24:09.258+0800][12.890s][gc,heap     ] GC(25)                Mark Start          Mark End        Relocate Start      Relocate End           High               Low         
[2024-07-21T21:24:09.258+0800][12.890s][gc,heap     ] GC(25)  Capacity:      512M (25%)         512M (25%)         512M (25%)         512M (25%)         512M (25%)         512M (25%)    
[2024-07-21T21:24:09.258+0800][12.890s][gc,heap     ] GC(25)      Free:     1654M (81%)        1620M (79%)        1942M (95%)        1976M (96%)        1976M (96%)        1620M (79%)    
[2024-07-21T21:24:09.258+0800][12.890s][gc,heap     ] GC(25)      Used:      394M (19%)         428M (21%)         106M (5%)           72M (4%)          428M (21%)          72M (4%)     
[2024-07-21T21:24:09.258+0800][12.890s][gc,heap     ] GC(25)      Live:         -                 6M (0%)            6M (0%)            6M (0%)             -                  -          
[2024-07-21T21:24:09.258+0800][12.890s][gc,heap     ] GC(25) Allocated:         -                34M (2%)           34M (2%)           34M (2%)             -                  -          
[2024-07-21T21:24:09.258+0800][12.890s][gc,heap     ] GC(25)   Garbage:         -               387M (19%)          65M (3%)           31M (2%)             -                  -          
[2024-07-21T21:24:09.258+0800][12.890s][gc,heap     ] GC(25) Reclaimed:         -                  -               322M (16%)         356M (17%)            -                  -          
[2024-07-21T21:24:09.258+0800][12.890s][gc          ] GC(25) Garbage Collection (Allocation Rate) 394M(19%)->72M(4%)
[2024-07-21T21:24:09.835+0800][13.467s][gc,start    ] GC(26) Garbage Collection (Allocation Rate)
[2024-07-21T21:24:09.835+0800][13.467s][gc,task     ] GC(26) Using 1 workers
[2024-07-21T21:24:09.835+0800][13.468s][gc,phases   ] GC(26) Pause Mark Start 0.009ms
[2024-07-21T21:24:09.842+0800][13.474s][gc,phases   ] GC(26) Concurrent Mark 6.467ms
[2024-07-21T21:24:09.842+0800][13.474s][gc,phases   ] GC(26) Pause Mark End 0.009ms
[2024-07-21T21:24:09.842+0800][13.475s][gc,phases   ] GC(26) Concurrent Mark Free 0.001ms
[2024-07-21T21:24:09.844+0800][13.476s][gc,phases   ] GC(26) Concurrent Process Non-Strong References 1.353ms
[2024-07-21T21:24:09.844+0800][13.476s][gc,phases   ] GC(26) Concurrent Reset Relocation Set 0.001ms
[2024-07-21T21:24:09.846+0800][13.478s][gc,phases   ] GC(26) Concurrent Select Relocation Set 2.108ms
[2024-07-21T21:24:09.846+0800][13.478s][gc,phases   ] GC(26) Pause Relocate Start 0.006ms
[2024-07-21T21:24:09.847+0800][13.479s][gc,phases   ] GC(26) Concurrent Relocate 0.335ms
[2024-07-21T21:24:09.847+0800][13.479s][gc,load     ] GC(26) Load: 0.00/0.00/0.00
[2024-07-21T21:24:09.847+0800][13.479s][gc,mmu      ] GC(26) MMU: 2ms/98.5%, 5ms/99.2%, 10ms/99.4%, 20ms/99.7%, 50ms/99.9%, 100ms/99.9%
[2024-07-21T21:24:09.847+0800][13.479s][gc,marking  ] GC(26) Mark: 1 stripe(s), 2 proactive flush(es), 1 terminate flush(es), 0 completion(s), 0 continuation(s) 
[2024-07-21T21:24:09.847+0800][13.479s][gc,marking  ] GC(26) Mark Stack Usage: 32M
[2024-07-21T21:24:09.847+0800][13.479s][gc,nmethod  ] GC(26) NMethods: 471 registered, 0 unregistered
[2024-07-21T21:24:09.847+0800][13.479s][gc,metaspace] GC(26) Metaspace: 1M used, 1M committed, 1032M reserved
[2024-07-21T21:24:09.847+0800][13.479s][gc,ref      ] GC(26) Soft: 93 encountered, 0 discovered, 0 enqueued
[2024-07-21T21:24:09.847+0800][13.479s][gc,ref      ] GC(26) Weak: 131 encountered, 107 discovered, 0 enqueued
[2024-07-21T21:24:09.847+0800][13.479s][gc,ref      ] GC(26) Final: 0 encountered, 0 discovered, 0 enqueued
[2024-07-21T21:24:09.847+0800][13.479s][gc,ref      ] GC(26) Phantom: 184 encountered, 98 discovered, 0 enqueued
[2024-07-21T21:24:09.847+0800][13.479s][gc,reloc    ] GC(26) Small Pages: 4 / 8M, Empty: 2M, Relocated: 0M, In-Place: 0
[2024-07-21T21:24:09.847+0800][13.479s][gc,reloc    ] GC(26) Medium Pages: 13 / 416M, Empty: 352M, Relocated: 1M, In-Place: 0
[2024-07-21T21:24:09.847+0800][13.479s][gc,reloc    ] GC(26) Large Pages: 0 / 0M, Empty: 0M, Relocated: 0M, In-Place: 0
[2024-07-21T21:24:09.847+0800][13.479s][gc,reloc    ] GC(26) Forwarding Usage: 0M
[2024-07-21T21:24:09.847+0800][13.479s][gc,heap     ] GC(26) Min Capacity: 8M(0%)
[2024-07-21T21:24:09.847+0800][13.479s][gc,heap     ] GC(26) Max Capacity: 2048M(100%)
[2024-07-21T21:24:09.847+0800][13.479s][gc,heap     ] GC(26) Soft Max Capacity: 512M(25%)
[2024-07-21T21:24:09.847+0800][13.479s][gc,heap     ] GC(26)                Mark Start          Mark End        Relocate Start      Relocate End           High               Low         
[2024-07-21T21:24:09.847+0800][13.479s][gc,heap     ] GC(26)  Capacity:      512M (25%)         512M (25%)         512M (25%)         512M (25%)         512M (25%)         512M (25%)    
[2024-07-21T21:24:09.847+0800][13.479s][gc,heap     ] GC(26)      Free:     1624M (79%)        1590M (78%)        1944M (95%)        1976M (96%)        1976M (96%)        1590M (78%)    
[2024-07-21T21:24:09.847+0800][13.479s][gc,heap     ] GC(26)      Used:      424M (21%)         458M (22%)         104M (5%)           72M (4%)          458M (22%)          72M (4%)     
[2024-07-21T21:24:09.847+0800][13.479s][gc,heap     ] GC(26)      Live:         -                 5M (0%)            5M (0%)            5M (0%)             -                  -          
[2024-07-21T21:24:09.847+0800][13.479s][gc,heap     ] GC(26) Allocated:         -                34M (2%)           34M (2%)           34M (2%)             -                  -          
[2024-07-21T21:24:09.847+0800][13.479s][gc,heap     ] GC(26)   Garbage:         -               418M (20%)          64M (3%)           32M (2%)             -                  -          
[2024-07-21T21:24:09.847+0800][13.479s][gc,heap     ] GC(26) Reclaimed:         -                  -               354M (17%)         386M (19%)            -                  -          
[2024-07-21T21:24:09.847+0800][13.479s][gc          ] GC(26) Garbage Collection (Allocation Rate) 424M(21%)->72M(4%)
[2024-07-21T21:24:10.337+0800][13.969s][gc,start    ] GC(27) Garbage Collection (Allocation Rate)
[2024-07-21T21:24:10.337+0800][13.969s][gc,task     ] GC(27) Using 1 workers
[2024-07-21T21:24:10.337+0800][13.969s][gc,phases   ] GC(27) Pause Mark Start 0.009ms
[2024-07-21T21:24:10.340+0800][13.973s][gc,phases   ] GC(27) Concurrent Mark 3.641ms
[2024-07-21T21:24:10.340+0800][13.973s][gc,phases   ] GC(27) Pause Mark End 0.009ms
[2024-07-21T21:24:10.341+0800][13.973s][gc,phases   ] GC(27) Concurrent Mark Free 0.001ms
[2024-07-21T21:24:10.342+0800][13.974s][gc,phases   ] GC(27) Concurrent Process Non-Strong References 1.097ms
[2024-07-21T21:24:10.342+0800][13.974s][gc,phases   ] GC(27) Concurrent Reset Relocation Set 0.001ms
[2024-07-21T21:24:10.343+0800][13.976s][gc,phases   ] GC(27) Concurrent Select Relocation Set 1.566ms
[2024-07-21T21:24:10.343+0800][13.976s][gc,phases   ] GC(27) Pause Relocate Start 0.004ms
[2024-07-21T21:24:10.344+0800][13.977s][gc,phases   ] GC(27) Concurrent Relocate 0.244ms
[2024-07-21T21:24:10.344+0800][13.977s][gc,load     ] GC(27) Load: 0.00/0.00/0.00
[2024-07-21T21:24:10.344+0800][13.977s][gc,mmu      ] GC(27) MMU: 2ms/98.5%, 5ms/99.2%, 10ms/99.4%, 20ms/99.7%, 50ms/99.9%, 100ms/99.9%
[2024-07-21T21:24:10.344+0800][13.977s][gc,marking  ] GC(27) Mark: 1 stripe(s), 2 proactive flush(es), 1 terminate flush(es), 0 completion(s), 0 continuation(s) 
[2024-07-21T21:24:10.344+0800][13.977s][gc,marking  ] GC(27) Mark Stack Usage: 32M
[2024-07-21T21:24:10.344+0800][13.977s][gc,nmethod  ] GC(27) NMethods: 472 registered, 0 unregistered
[2024-07-21T21:24:10.344+0800][13.977s][gc,metaspace] GC(27) Metaspace: 1M used, 1M committed, 1032M reserved
[2024-07-21T21:24:10.344+0800][13.977s][gc,ref      ] GC(27) Soft: 93 encountered, 0 discovered, 0 enqueued
[2024-07-21T21:24:10.344+0800][13.977s][gc,ref      ] GC(27) Weak: 131 encountered, 107 discovered, 0 enqueued
[2024-07-21T21:24:10.344+0800][13.977s][gc,ref      ] GC(27) Final: 0 encountered, 0 discovered, 0 enqueued
[2024-07-21T21:24:10.344+0800][13.977s][gc,ref      ] GC(27) Phantom: 184 encountered, 98 discovered, 0 enqueued
[2024-07-21T21:24:10.344+0800][13.977s][gc,reloc    ] GC(27) Small Pages: 4 / 8M, Empty: 2M, Relocated: 0M, In-Place: 0
[2024-07-21T21:24:10.344+0800][13.977s][gc,reloc    ] GC(27) Medium Pages: 12 / 384M, Empty: 320M, Relocated: 1M, In-Place: 0
[2024-07-21T21:24:10.344+0800][13.977s][gc,reloc    ] GC(27) Large Pages: 0 / 0M, Empty: 0M, Relocated: 0M, In-Place: 0
[2024-07-21T21:24:10.344+0800][13.977s][gc,reloc    ] GC(27) Forwarding Usage: 0M
[2024-07-21T21:24:10.344+0800][13.977s][gc,heap     ] GC(27) Min Capacity: 8M(0%)
[2024-07-21T21:24:10.344+0800][13.977s][gc,heap     ] GC(27) Max Capacity: 2048M(100%)
[2024-07-21T21:24:10.344+0800][13.977s][gc,heap     ] GC(27) Soft Max Capacity: 512M(25%)
[2024-07-21T21:24:10.344+0800][13.977s][gc,heap     ] GC(27)                Mark Start          Mark End        Relocate Start      Relocate End           High               Low         
[2024-07-21T21:24:10.344+0800][13.977s][gc,heap     ] GC(27)  Capacity:      512M (25%)         512M (25%)         512M (25%)         512M (25%)         512M (25%)         512M (25%)    
[2024-07-21T21:24:10.344+0800][13.977s][gc,heap     ] GC(27)      Free:     1656M (81%)        1622M (79%)        1944M (95%)        1976M (96%)        1976M (96%)        1622M (79%)    
[2024-07-21T21:24:10.344+0800][13.977s][gc,heap     ] GC(27)      Used:      392M (19%)         426M (21%)         104M (5%)           72M (4%)          426M (21%)          72M (4%)     
[2024-07-21T21:24:10.344+0800][13.977s][gc,heap     ] GC(27)      Live:         -                 5M (0%)            5M (0%)            5M (0%)             -                  -          
[2024-07-21T21:24:10.344+0800][13.977s][gc,heap     ] GC(27) Allocated:         -                34M (2%)           34M (2%)           34M (2%)             -                  -          
[2024-07-21T21:24:10.344+0800][13.977s][gc,heap     ] GC(27)   Garbage:         -               386M (19%)          64M (3%)           32M (2%)             -                  -          
[2024-07-21T21:24:10.344+0800][13.977s][gc,heap     ] GC(27) Reclaimed:         -                  -               322M (16%)         354M (17%)            -                  -          
[2024-07-21T21:24:10.344+0800][13.977s][gc          ] GC(27) Garbage Collection (Allocation Rate) 392M(19%)->72M(4%)
[2024-07-21T21:24:10.845+0800][14.477s][gc,start    ] GC(28) Garbage Collection (Allocation Rate)
[2024-07-21T21:24:10.845+0800][14.477s][gc,task     ] GC(28) Using 1 workers
[2024-07-21T21:24:10.845+0800][14.477s][gc,phases   ] GC(28) Pause Mark Start 0.010ms
[2024-07-21T21:24:10.849+0800][14.481s][gc,phases   ] GC(28) Concurrent Mark 3.798ms
[2024-07-21T21:24:10.849+0800][14.482s][gc,phases   ] GC(28) Pause Mark End 0.009ms
[2024-07-21T21:24:10.849+0800][14.482s][gc,phases   ] GC(28) Concurrent Mark Free 0.001ms
[2024-07-21T21:24:10.850+0800][14.483s][gc,phases   ] GC(28) Concurrent Process Non-Strong References 1.192ms
[2024-07-21T21:24:10.850+0800][14.483s][gc,phases   ] GC(28) Concurrent Reset Relocation Set 0.001ms
[2024-07-21T21:24:10.852+0800][14.485s][gc,phases   ] GC(28) Concurrent Select Relocation Set 2.034ms
[2024-07-21T21:24:10.853+0800][14.485s][gc,phases   ] GC(28) Pause Relocate Start 0.010ms
[2024-07-21T21:24:10.853+0800][14.486s][gc,phases   ] GC(28) Concurrent Relocate 0.378ms
[2024-07-21T21:24:10.853+0800][14.486s][gc,load     ] GC(28) Load: 0.00/0.00/0.00
[2024-07-21T21:24:10.853+0800][14.486s][gc,mmu      ] GC(28) MMU: 2ms/98.5%, 5ms/99.2%, 10ms/99.4%, 20ms/99.7%, 50ms/99.9%, 100ms/99.9%
[2024-07-21T21:24:10.853+0800][14.486s][gc,marking  ] GC(28) Mark: 1 stripe(s), 2 proactive flush(es), 1 terminate flush(es), 0 completion(s), 0 continuation(s) 
[2024-07-21T21:24:10.853+0800][14.486s][gc,marking  ] GC(28) Mark Stack Usage: 32M
[2024-07-21T21:24:10.853+0800][14.486s][gc,nmethod  ] GC(28) NMethods: 472 registered, 0 unregistered
[2024-07-21T21:24:10.853+0800][14.486s][gc,metaspace] GC(28) Metaspace: 1M used, 1M committed, 1032M reserved
[2024-07-21T21:24:10.853+0800][14.486s][gc,ref      ] GC(28) Soft: 93 encountered, 0 discovered, 0 enqueued
[2024-07-21T21:24:10.853+0800][14.486s][gc,ref      ] GC(28) Weak: 131 encountered, 107 discovered, 0 enqueued
[2024-07-21T21:24:10.853+0800][14.486s][gc,ref      ] GC(28) Final: 0 encountered, 0 discovered, 0 enqueued
[2024-07-21T21:24:10.853+0800][14.486s][gc,ref      ] GC(28) Phantom: 184 encountered, 98 discovered, 0 enqueued
[2024-07-21T21:24:10.853+0800][14.486s][gc,reloc    ] GC(28) Small Pages: 4 / 8M, Empty: 2M, Relocated: 0M, In-Place: 0
[2024-07-21T21:24:10.853+0800][14.486s][gc,reloc    ] GC(28) Medium Pages: 12 / 384M, Empty: 320M, Relocated: 1M, In-Place: 0
[2024-07-21T21:24:10.853+0800][14.486s][gc,reloc    ] GC(28) Large Pages: 0 / 0M, Empty: 0M, Relocated: 0M, In-Place: 0
[2024-07-21T21:24:10.853+0800][14.486s][gc,reloc    ] GC(28) Forwarding Usage: 0M
[2024-07-21T21:24:10.853+0800][14.486s][gc,heap     ] GC(28) Min Capacity: 8M(0%)
[2024-07-21T21:24:10.853+0800][14.486s][gc,heap     ] GC(28) Max Capacity: 2048M(100%)
[2024-07-21T21:24:10.853+0800][14.486s][gc,heap     ] GC(28) Soft Max Capacity: 512M(25%)
[2024-07-21T21:24:10.853+0800][14.486s][gc,heap     ] GC(28)                Mark Start          Mark End        Relocate Start      Relocate End           High               Low         
[2024-07-21T21:24:10.853+0800][14.486s][gc,heap     ] GC(28)  Capacity:      512M (25%)         512M (25%)         512M (25%)         512M (25%)         512M (25%)         512M (25%)    
[2024-07-21T21:24:10.853+0800][14.486s][gc,heap     ] GC(28)      Free:     1656M (81%)        1622M (79%)        1944M (95%)        1976M (96%)        1976M (96%)        1622M (79%)    
[2024-07-21T21:24:10.853+0800][14.486s][gc,heap     ] GC(28)      Used:      392M (19%)         426M (21%)         104M (5%)           72M (4%)          426M (21%)          72M (4%)     
[2024-07-21T21:24:10.854+0800][14.486s][gc,heap     ] GC(28)      Live:         -                 5M (0%)            5M (0%)            5M (0%)             -                  -          
[2024-07-21T21:24:10.854+0800][14.486s][gc,heap     ] GC(28) Allocated:         -                34M (2%)           34M (2%)           34M (2%)             -                  -          
[2024-07-21T21:24:10.854+0800][14.486s][gc,heap     ] GC(28)   Garbage:         -               386M (19%)          64M (3%)           32M (2%)             -                  -          
[2024-07-21T21:24:10.854+0800][14.486s][gc,heap     ] GC(28) Reclaimed:         -                  -               322M (16%)         354M (17%)            -                  -          
[2024-07-21T21:24:10.854+0800][14.486s][gc          ] GC(28) Garbage Collection (Allocation Rate) 392M(19%)->72M(4%)
[2024-07-21T21:24:11.349+0800][14.981s][gc,start    ] GC(29) Garbage Collection (Allocation Rate)
[2024-07-21T21:24:11.349+0800][14.981s][gc,task     ] GC(29) Using 1 workers
[2024-07-21T21:24:11.349+0800][14.981s][gc,phases   ] GC(29) Pause Mark Start 0.008ms
[2024-07-21T21:24:11.353+0800][14.985s][gc,phases   ] GC(29) Concurrent Mark 3.768ms
[2024-07-21T21:24:11.354+0800][14.985s][gc,phases   ] GC(29) Pause Mark End 0.008ms
[2024-07-21T21:24:11.354+0800][14.986s][gc,phases   ] GC(29) Concurrent Mark Free 0.001ms
[2024-07-21T21:24:11.355+0800][14.987s][gc,phases   ] GC(29) Concurrent Process Non-Strong References 0.974ms
[2024-07-21T21:24:11.355+0800][14.987s][gc,phases   ] GC(29) Concurrent Reset Relocation Set 0.001ms
[2024-07-21T21:24:11.356+0800][14.988s][gc,phases   ] GC(29) Concurrent Select Relocation Set 1.758ms
[2024-07-21T21:24:11.357+0800][14.989s][gc,phases   ] GC(29) Pause Relocate Start 0.005ms
[2024-07-21T21:24:11.357+0800][14.989s][gc,phases   ] GC(29) Concurrent Relocate 0.247ms
[2024-07-21T21:24:11.357+0800][14.989s][gc,load     ] GC(29) Load: 0.00/0.00/0.00
[2024-07-21T21:24:11.357+0800][14.989s][gc,mmu      ] GC(29) MMU: 2ms/98.5%, 5ms/99.2%, 10ms/99.4%, 20ms/99.7%, 50ms/99.9%, 100ms/99.9%
[2024-07-21T21:24:11.357+0800][14.989s][gc,marking  ] GC(29) Mark: 1 stripe(s), 2 proactive flush(es), 1 terminate flush(es), 0 completion(s), 0 continuation(s) 
[2024-07-21T21:24:11.357+0800][14.989s][gc,marking  ] GC(29) Mark Stack Usage: 32M
[2024-07-21T21:24:11.357+0800][14.989s][gc,nmethod  ] GC(29) NMethods: 473 registered, 0 unregistered
[2024-07-21T21:24:11.357+0800][14.989s][gc,metaspace] GC(29) Metaspace: 1M used, 1M committed, 1032M reserved
[2024-07-21T21:24:11.357+0800][14.989s][gc,ref      ] GC(29) Soft: 93 encountered, 0 discovered, 0 enqueued
[2024-07-21T21:24:11.357+0800][14.989s][gc,ref      ] GC(29) Weak: 131 encountered, 107 discovered, 0 enqueued
[2024-07-21T21:24:11.357+0800][14.989s][gc,ref      ] GC(29) Final: 0 encountered, 0 discovered, 0 enqueued
[2024-07-21T21:24:11.357+0800][14.989s][gc,ref      ] GC(29) Phantom: 184 encountered, 98 discovered, 0 enqueued
[2024-07-21T21:24:11.357+0800][14.989s][gc,reloc    ] GC(29) Small Pages: 4 / 8M, Empty: 2M, Relocated: 0M, In-Place: 0
[2024-07-21T21:24:11.357+0800][14.989s][gc,reloc    ] GC(29) Medium Pages: 12 / 384M, Empty: 320M, Relocated: 1M, In-Place: 0
[2024-07-21T21:24:11.357+0800][14.989s][gc,reloc    ] GC(29) Large Pages: 0 / 0M, Empty: 0M, Relocated: 0M, In-Place: 0
[2024-07-21T21:24:11.357+0800][14.989s][gc,reloc    ] GC(29) Forwarding Usage: 0M
[2024-07-21T21:24:11.357+0800][14.989s][gc,heap     ] GC(29) Min Capacity: 8M(0%)
[2024-07-21T21:24:11.357+0800][14.989s][gc,heap     ] GC(29) Max Capacity: 2048M(100%)
[2024-07-21T21:24:11.357+0800][14.989s][gc,heap     ] GC(29) Soft Max Capacity: 512M(25%)
[2024-07-21T21:24:11.357+0800][14.989s][gc,heap     ] GC(29)                Mark Start          Mark End        Relocate Start      Relocate End           High               Low         
[2024-07-21T21:24:11.357+0800][14.989s][gc,heap     ] GC(29)  Capacity:      512M (25%)         512M (25%)         512M (25%)         512M (25%)         512M (25%)         512M (25%)    
[2024-07-21T21:24:11.357+0800][14.989s][gc,heap     ] GC(29)      Free:     1656M (81%)        1622M (79%)        1944M (95%)        1976M (96%)        1976M (96%)        1622M (79%)    
[2024-07-21T21:24:11.357+0800][14.989s][gc,heap     ] GC(29)      Used:      392M (19%)         426M (21%)         104M (5%)           72M (4%)          426M (21%)          72M (4%)     
[2024-07-21T21:24:11.357+0800][14.989s][gc,heap     ] GC(29)      Live:         -                 5M (0%)            5M (0%)            5M (0%)             -                  -          
[2024-07-21T21:24:11.357+0800][14.989s][gc,heap     ] GC(29) Allocated:         -                34M (2%)           34M (2%)           34M (2%)             -                  -          
[2024-07-21T21:24:11.357+0800][14.989s][gc,heap     ] GC(29)   Garbage:         -               386M (19%)          64M (3%)           32M (2%)             -                  -          
[2024-07-21T21:24:11.357+0800][14.989s][gc,heap     ] GC(29) Reclaimed:         -                  -               322M (16%)         354M (17%)            -                  -          
[2024-07-21T21:24:11.357+0800][14.989s][gc          ] GC(29) Garbage Collection (Allocation Rate) 392M(19%)->72M(4%)
[2024-07-21T21:24:11.743+0800][15.375s][gc,start    ] GC(30) Garbage Collection (Proactive)
[2024-07-21T21:24:11.743+0800][15.375s][gc,task     ] GC(30) Using 2 workers
[2024-07-21T21:24:11.743+0800][15.376s][gc,phases   ] GC(30) Pause Mark Start 0.012ms
[2024-07-21T21:24:11.759+0800][15.391s][gc,phases   ] GC(30) Concurrent Mark 15.430ms
[2024-07-21T21:24:11.759+0800][15.392s][gc,phases   ] GC(30) Pause Mark End 0.011ms
[2024-07-21T21:24:11.759+0800][15.392s][gc,phases   ] GC(30) Concurrent Mark Free 0.001ms
[2024-07-21T21:24:11.760+0800][15.393s][gc,phases   ] GC(30) Concurrent Process Non-Strong References 0.862ms
[2024-07-21T21:24:11.760+0800][15.393s][gc,phases   ] GC(30) Concurrent Reset Relocation Set 0.001ms
[2024-07-21T21:24:11.762+0800][15.395s][gc,phases   ] GC(30) Concurrent Select Relocation Set 1.849ms
[2024-07-21T21:24:11.763+0800][15.395s][gc,phases   ] GC(30) Pause Relocate Start 0.006ms
[2024-07-21T21:24:11.764+0800][15.396s][gc,phases   ] GC(30) Concurrent Relocate 0.895ms
[2024-07-21T21:24:11.764+0800][15.396s][gc,load     ] GC(30) Load: 0.00/0.00/0.00
[2024-07-21T21:24:11.764+0800][15.396s][gc,mmu      ] GC(30) MMU: 2ms/98.5%, 5ms/99.2%, 10ms/99.4%, 20ms/99.7%, 50ms/99.9%, 100ms/99.9%
[2024-07-21T21:24:11.764+0800][15.396s][gc,marking  ] GC(30) Mark: 2 stripe(s), 2 proactive flush(es), 1 terminate flush(es), 0 completion(s), 0 continuation(s) 
[2024-07-21T21:24:11.764+0800][15.396s][gc,marking  ] GC(30) Mark Stack Usage: 32M
[2024-07-21T21:24:11.764+0800][15.396s][gc,nmethod  ] GC(30) NMethods: 474 registered, 0 unregistered
[2024-07-21T21:24:11.764+0800][15.396s][gc,metaspace] GC(30) Metaspace: 1M used, 1M committed, 1032M reserved
[2024-07-21T21:24:11.764+0800][15.396s][gc,ref      ] GC(30) Soft: 93 encountered, 0 discovered, 0 enqueued
[2024-07-21T21:24:11.764+0800][15.396s][gc,ref      ] GC(30) Weak: 131 encountered, 83 discovered, 0 enqueued
[2024-07-21T21:24:11.764+0800][15.396s][gc,ref      ] GC(30) Final: 0 encountered, 0 discovered, 0 enqueued
[2024-07-21T21:24:11.764+0800][15.396s][gc,ref      ] GC(30) Phantom: 184 encountered, 98 discovered, 0 enqueued
[2024-07-21T21:24:11.764+0800][15.396s][gc,reloc    ] GC(30) Small Pages: 4 / 8M, Empty: 2M, Relocated: 0M, In-Place: 0
[2024-07-21T21:24:11.764+0800][15.396s][gc,reloc    ] GC(30) Medium Pages: 10 / 320M, Empty: 256M, Relocated: 3M, In-Place: 0
[2024-07-21T21:24:11.764+0800][15.396s][gc,reloc    ] GC(30) Large Pages: 0 / 0M, Empty: 0M, Relocated: 0M, In-Place: 0
[2024-07-21T21:24:11.764+0800][15.396s][gc,reloc    ] GC(30) Forwarding Usage: 0M
[2024-07-21T21:24:11.764+0800][15.396s][gc,heap     ] GC(30) Min Capacity: 8M(0%)
[2024-07-21T21:24:11.764+0800][15.396s][gc,heap     ] GC(30) Max Capacity: 2048M(100%)
[2024-07-21T21:24:11.764+0800][15.396s][gc,heap     ] GC(30) Soft Max Capacity: 512M(25%)
[2024-07-21T21:24:11.764+0800][15.396s][gc,heap     ] GC(30)                Mark Start          Mark End        Relocate Start      Relocate End           High               Low         
[2024-07-21T21:24:11.764+0800][15.396s][gc,heap     ] GC(30)  Capacity:      512M (25%)         512M (25%)         512M (25%)         512M (25%)         512M (25%)         512M (25%)    
[2024-07-21T21:24:11.764+0800][15.396s][gc,heap     ] GC(30)      Free:     1720M (84%)        1686M (82%)        1944M (95%)        1976M (96%)        1976M (96%)        1686M (82%)    
[2024-07-21T21:24:11.764+0800][15.396s][gc,heap     ] GC(30)      Used:      328M (16%)         362M (18%)         104M (5%)           72M (4%)          362M (18%)          72M (4%)     
[2024-07-21T21:24:11.764+0800][15.396s][gc,heap     ] GC(30)      Live:         -                 7M (0%)            7M (0%)            7M (0%)             -                  -          
[2024-07-21T21:24:11.764+0800][15.396s][gc,heap     ] GC(30) Allocated:         -                34M (2%)           34M (2%)           34M (2%)             -                  -          
[2024-07-21T21:24:11.764+0800][15.396s][gc,heap     ] GC(30)   Garbage:         -               320M (16%)          62M (3%)           30M (1%)             -                  -          
[2024-07-21T21:24:11.764+0800][15.396s][gc,heap     ] GC(30) Reclaimed:         -                  -               258M (13%)         290M (14%)            -                  -          
[2024-07-21T21:24:11.764+0800][15.396s][gc          ] GC(30) Garbage Collection (Proactive) 328M(16%)->72M(4%)
[2024-07-21T21:24:12.249+0800][15.881s][gc,start    ] GC(31) Garbage Collection (Allocation Rate)
[2024-07-21T21:24:12.249+0800][15.881s][gc,task     ] GC(31) Using 1 workers
[2024-07-21T21:24:12.249+0800][15.881s][gc,phases   ] GC(31) Pause Mark Start 0.012ms
[2024-07-21T21:24:12.253+0800][15.885s][gc,phases   ] GC(31) Concurrent Mark 3.875ms
[2024-07-21T21:24:12.253+0800][15.885s][gc,phases   ] GC(31) Pause Mark End 0.008ms
[2024-07-21T21:24:12.253+0800][15.885s][gc,phases   ] GC(31) Concurrent Mark Free 0.001ms
[2024-07-21T21:24:12.255+0800][15.887s][gc,phases   ] GC(31) Concurrent Process Non-Strong References 1.346ms
[2024-07-21T21:24:12.255+0800][15.887s][gc,phases   ] GC(31) Concurrent Reset Relocation Set 0.001ms
[2024-07-21T21:24:12.257+0800][15.889s][gc,phases   ] GC(31) Concurrent Select Relocation Set 2.187ms
[2024-07-21T21:24:12.257+0800][15.889s][gc,phases   ] GC(31) Pause Relocate Start 0.008ms
[2024-07-21T21:24:12.257+0800][15.890s][gc,phases   ] GC(31) Concurrent Relocate 0.403ms
[2024-07-21T21:24:12.257+0800][15.890s][gc,load     ] GC(31) Load: 0.00/0.00/0.00
[2024-07-21T21:24:12.257+0800][15.890s][gc,mmu      ] GC(31) MMU: 2ms/98.5%, 5ms/99.2%, 10ms/99.4%, 20ms/99.7%, 50ms/99.9%, 100ms/99.9%
[2024-07-21T21:24:12.257+0800][15.890s][gc,marking  ] GC(31) Mark: 1 stripe(s), 2 proactive flush(es), 1 terminate flush(es), 0 completion(s), 0 continuation(s) 
[2024-07-21T21:24:12.258+0800][15.890s][gc,marking  ] GC(31) Mark Stack Usage: 32M
[2024-07-21T21:24:12.258+0800][15.890s][gc,nmethod  ] GC(31) NMethods: 474 registered, 0 unregistered
[2024-07-21T21:24:12.258+0800][15.890s][gc,metaspace] GC(31) Metaspace: 1M used, 1M committed, 1032M reserved
[2024-07-21T21:24:12.258+0800][15.890s][gc,ref      ] GC(31) Soft: 93 encountered, 0 discovered, 0 enqueued
[2024-07-21T21:24:12.258+0800][15.890s][gc,ref      ] GC(31) Weak: 131 encountered, 107 discovered, 0 enqueued
[2024-07-21T21:24:12.258+0800][15.890s][gc,ref      ] GC(31) Final: 0 encountered, 0 discovered, 0 enqueued
[2024-07-21T21:24:12.258+0800][15.890s][gc,ref      ] GC(31) Phantom: 184 encountered, 98 discovered, 0 enqueued
[2024-07-21T21:24:12.258+0800][15.890s][gc,reloc    ] GC(31) Small Pages: 4 / 8M, Empty: 2M, Relocated: 0M, In-Place: 0
[2024-07-21T21:24:12.258+0800][15.890s][gc,reloc    ] GC(31) Medium Pages: 12 / 384M, Empty: 320M, Relocated: 2M, In-Place: 0
[2024-07-21T21:24:12.258+0800][15.890s][gc,reloc    ] GC(31) Large Pages: 0 / 0M, Empty: 0M, Relocated: 0M, In-Place: 0
[2024-07-21T21:24:12.258+0800][15.890s][gc,reloc    ] GC(31) Forwarding Usage: 0M
[2024-07-21T21:24:12.258+0800][15.890s][gc,heap     ] GC(31) Min Capacity: 8M(0%)
[2024-07-21T21:24:12.258+0800][15.890s][gc,heap     ] GC(31) Max Capacity: 2048M(100%)
[2024-07-21T21:24:12.258+0800][15.890s][gc,heap     ] GC(31) Soft Max Capacity: 512M(25%)
[2024-07-21T21:24:12.258+0800][15.890s][gc,heap     ] GC(31)                Mark Start          Mark End        Relocate Start      Relocate End           High               Low         
[2024-07-21T21:24:12.258+0800][15.890s][gc,heap     ] GC(31)  Capacity:      512M (25%)         512M (25%)         512M (25%)         512M (25%)         512M (25%)         512M (25%)    
[2024-07-21T21:24:12.258+0800][15.890s][gc,heap     ] GC(31)      Free:     1656M (81%)        1622M (79%)        1944M (95%)        1976M (96%)        1976M (96%)        1622M (79%)    
[2024-07-21T21:24:12.258+0800][15.890s][gc,heap     ] GC(31)      Used:      392M (19%)         426M (21%)         104M (5%)           72M (4%)          426M (21%)          72M (4%)     
[2024-07-21T21:24:12.258+0800][15.890s][gc,heap     ] GC(31)      Live:         -                 6M (0%)            6M (0%)            6M (0%)             -                  -          
[2024-07-21T21:24:12.258+0800][15.890s][gc,heap     ] GC(31) Allocated:         -                34M (2%)           34M (2%)           34M (2%)             -                  -          
[2024-07-21T21:24:12.258+0800][15.890s][gc,heap     ] GC(31)   Garbage:         -               385M (19%)          63M (3%)           31M (2%)             -                  -          
[2024-07-21T21:24:12.258+0800][15.890s][gc,heap     ] GC(31) Reclaimed:         -                  -               322M (16%)         354M (17%)            -                  -          
[2024-07-21T21:24:12.258+0800][15.890s][gc          ] GC(31) Garbage Collection (Allocation Rate) 392M(19%)->72M(4%)
[2024-07-21T21:24:12.741+0800][16.373s][gc,start    ] GC(32) Garbage Collection (Allocation Rate)
[2024-07-21T21:24:12.741+0800][16.373s][gc,task     ] GC(32) Using 1 workers
[2024-07-21T21:24:12.741+0800][16.373s][gc,phases   ] GC(32) Pause Mark Start 0.006ms
[2024-07-21T21:24:12.745+0800][16.377s][gc,phases   ] GC(32) Concurrent Mark 4.054ms
[2024-07-21T21:24:12.745+0800][16.377s][gc,phases   ] GC(32) Pause Mark End 0.008ms
[2024-07-21T21:24:12.745+0800][16.378s][gc,phases   ] GC(32) Concurrent Mark Free 0.001ms
[2024-07-21T21:24:12.746+0800][16.379s][gc,phases   ] GC(32) Concurrent Process Non-Strong References 1.073ms
[2024-07-21T21:24:12.746+0800][16.379s][gc,phases   ] GC(32) Concurrent Reset Relocation Set 0.001ms
[2024-07-21T21:24:12.748+0800][16.380s][gc,phases   ] GC(32) Concurrent Select Relocation Set 1.757ms
[2024-07-21T21:24:12.748+0800][16.381s][gc,phases   ] GC(32) Pause Relocate Start 0.004ms
[2024-07-21T21:24:12.749+0800][16.381s][gc,phases   ] GC(32) Concurrent Relocate 0.245ms
[2024-07-21T21:24:12.749+0800][16.381s][gc,load     ] GC(32) Load: 0.00/0.00/0.00
[2024-07-21T21:24:12.749+0800][16.381s][gc,mmu      ] GC(32) MMU: 2ms/98.5%, 5ms/99.2%, 10ms/99.4%, 20ms/99.7%, 50ms/99.9%, 100ms/99.9%
[2024-07-21T21:24:12.749+0800][16.381s][gc,marking  ] GC(32) Mark: 1 stripe(s), 2 proactive flush(es), 1 terminate flush(es), 0 completion(s), 0 continuation(s) 
[2024-07-21T21:24:12.749+0800][16.381s][gc,marking  ] GC(32) Mark Stack Usage: 32M
[2024-07-21T21:24:12.749+0800][16.381s][gc,nmethod  ] GC(32) NMethods: 474 registered, 0 unregistered
[2024-07-21T21:24:12.749+0800][16.381s][gc,metaspace] GC(32) Metaspace: 1M used, 1M committed, 1032M reserved
[2024-07-21T21:24:12.749+0800][16.381s][gc,ref      ] GC(32) Soft: 93 encountered, 0 discovered, 0 enqueued
[2024-07-21T21:24:12.749+0800][16.381s][gc,ref      ] GC(32) Weak: 131 encountered, 107 discovered, 0 enqueued
[2024-07-21T21:24:12.749+0800][16.381s][gc,ref      ] GC(32) Final: 0 encountered, 0 discovered, 0 enqueued
[2024-07-21T21:24:12.749+0800][16.381s][gc,ref      ] GC(32) Phantom: 184 encountered, 98 discovered, 0 enqueued
[2024-07-21T21:24:12.749+0800][16.381s][gc,reloc    ] GC(32) Small Pages: 4 / 8M, Empty: 2M, Relocated: 0M, In-Place: 0
[2024-07-21T21:24:12.749+0800][16.381s][gc,reloc    ] GC(32) Medium Pages: 12 / 384M, Empty: 320M, Relocated: 1M, In-Place: 0
[2024-07-21T21:24:12.749+0800][16.381s][gc,reloc    ] GC(32) Large Pages: 0 / 0M, Empty: 0M, Relocated: 0M, In-Place: 0
[2024-07-21T21:24:12.749+0800][16.381s][gc,reloc    ] GC(32) Forwarding Usage: 0M
[2024-07-21T21:24:12.749+0800][16.381s][gc,heap     ] GC(32) Min Capacity: 8M(0%)
[2024-07-21T21:24:12.749+0800][16.381s][gc,heap     ] GC(32) Max Capacity: 2048M(100%)
[2024-07-21T21:24:12.749+0800][16.381s][gc,heap     ] GC(32) Soft Max Capacity: 512M(25%)
[2024-07-21T21:24:12.749+0800][16.381s][gc,heap     ] GC(32)                Mark Start          Mark End        Relocate Start      Relocate End           High               Low         
[2024-07-21T21:24:12.749+0800][16.381s][gc,heap     ] GC(32)  Capacity:      512M (25%)         512M (25%)         512M (25%)         512M (25%)         512M (25%)         512M (25%)    
[2024-07-21T21:24:12.749+0800][16.381s][gc,heap     ] GC(32)      Free:     1656M (81%)        1622M (79%)        1944M (95%)        1976M (96%)        1976M (96%)        1622M (79%)    
[2024-07-21T21:24:12.749+0800][16.381s][gc,heap     ] GC(32)      Used:      392M (19%)         426M (21%)         104M (5%)           72M (4%)          426M (21%)          72M (4%)     
[2024-07-21T21:24:12.749+0800][16.381s][gc,heap     ] GC(32)      Live:         -                 5M (0%)            5M (0%)            5M (0%)             -                  -          
[2024-07-21T21:24:12.749+0800][16.381s][gc,heap     ] GC(32) Allocated:         -                34M (2%)           34M (2%)           34M (2%)             -                  -          
[2024-07-21T21:24:12.749+0800][16.381s][gc,heap     ] GC(32)   Garbage:         -               386M (19%)          64M (3%)           32M (2%)             -                  -          
[2024-07-21T21:24:12.749+0800][16.381s][gc,heap     ] GC(32) Reclaimed:         -                  -               322M (16%)         354M (17%)            -                  -          
[2024-07-21T21:24:12.749+0800][16.381s][gc          ] GC(32) Garbage Collection (Allocation Rate) 392M(19%)->72M(4%)
[2024-07-21T21:24:12.820+0800][16.452s][gc,heap,exit] Heap
[2024-07-21T21:24:12.820+0800][16.452s][gc,heap,exit]  ZHeap           used 104M, capacity 512M, max capacity 2048M
[2024-07-21T21:24:12.820+0800][16.452s][gc,heap,exit]  Metaspace       used 1344K, committed 1472K, reserved 1056768K
[2024-07-21T21:24:12.820+0800][16.452s][gc,heap,exit]   class space    used 111K, committed 192K, reserved 1048576K
