[2024-07-21T21:25:29.750+0800][0.014s][gc,init] Initializing The Z Garbage Collector
[2024-07-21T21:25:29.750+0800][0.014s][gc,init] Version: 17.0.2+8-86 (release)
[2024-07-21T21:25:29.750+0800][0.015s][gc,init] NUMA Support: Disabled
[2024-07-21T21:25:29.751+0800][0.015s][gc,init] CPUs: 8 total, 8 available
[2024-07-21T21:25:29.751+0800][0.015s][gc,init] Memory: 16281M
[2024-07-21T21:25:29.751+0800][0.015s][gc,init] Large Page Support: Disabled
[2024-07-21T21:25:29.751+0800][0.015s][gc,init] GC Workers: 2 (dynamic)
[2024-07-21T21:25:29.751+0800][0.015s][gc,init] Address Space Type: Contiguous/Unrestricted/Complete
[2024-07-21T21:25:29.751+0800][0.015s][gc,init] Address Space Size: 32768M x 3 = 98304M
[2024-07-21T21:25:29.752+0800][0.017s][gc,init] Min Capacity: 8M
[2024-07-21T21:25:29.753+0800][0.017s][gc,init] Initial Capacity: 256M
[2024-07-21T21:25:29.753+0800][0.017s][gc,init] Max Capacity: 2048M
[2024-07-21T21:25:29.753+0800][0.017s][gc,init] Medium Page Size: 32M
[2024-07-21T21:25:29.753+0800][0.017s][gc,init] Pre-touch: Disabled
[2024-07-21T21:25:29.754+0800][0.017s][gc,init] Uncommit: Enabled
[2024-07-21T21:25:29.754+0800][0.017s][gc,init] Uncommit Delay: 300s
[2024-07-21T21:25:29.768+0800][0.032s][gc,init] Runtime Workers: 5
[2024-07-21T21:25:29.769+0800][0.033s][gc     ] Using The Z Garbage Collector
[2024-07-21T21:25:29.770+0800][0.034s][gc,metaspace] CDS archive(s) mapped at: [0x0000000800000000-0x0000000800bc0000-0x0000000800bc0000), size 12320768, SharedBaseAddress: 0x0000000800000000, ArchiveRelocationMode: 0.
[2024-07-21T21:25:29.771+0800][0.035s][gc,metaspace] Compressed class space mapped at: 0x0000000800c00000-0x0000000840c00000, reserved size: 1073741824
[2024-07-21T21:25:29.771+0800][0.035s][gc,metaspace] Narrow klass base: 0x0000000800000000, Narrow klass shift: 0, Narrow klass range: 0x100000000
[2024-07-21T21:25:30.398+0800][0.661s][gc,start    ] GC(0) Garbage Collection (Warmup)
[2024-07-21T21:25:30.398+0800][0.661s][gc,task     ] GC(0) Using 2 workers
[2024-07-21T21:25:30.398+0800][0.662s][gc,phases   ] GC(0) Pause Mark Start 0.006ms
[2024-07-21T21:25:30.413+0800][0.676s][gc,phases   ] GC(0) Concurrent Mark 14.619ms
[2024-07-21T21:25:30.413+0800][0.677s][gc,phases   ] GC(0) Pause Mark End 0.028ms
[2024-07-21T21:25:30.413+0800][0.677s][gc,phases   ] GC(0) Concurrent Mark Free 0.001ms
[2024-07-21T21:25:30.429+0800][0.692s][gc,phases   ] GC(0) Concurrent Process Non-Strong References 15.792ms
[2024-07-21T21:25:30.429+0800][0.693s][gc,phases   ] GC(0) Concurrent Reset Relocation Set 0.001ms
[2024-07-21T21:25:30.442+0800][0.706s][gc,phases   ] GC(0) Concurrent Select Relocation Set 13.259ms
[2024-07-21T21:25:30.442+0800][0.706s][gc,phases   ] GC(0) Pause Relocate Start 0.010ms
[2024-07-21T21:25:30.448+0800][0.712s][gc,phases   ] GC(0) Concurrent Relocate 6.137ms
[2024-07-21T21:25:30.448+0800][0.712s][gc,load     ] GC(0) Load: 0.00/0.00/0.00
[2024-07-21T21:25:30.448+0800][0.712s][gc,mmu      ] GC(0) MMU: 2ms/98.6%, 5ms/99.5%, 10ms/99.7%, 20ms/99.8%, 50ms/99.9%, 100ms/100.0%
[2024-07-21T21:25:30.448+0800][0.712s][gc,marking  ] GC(0) Mark: 2 stripe(s), 1 proactive flush(es), 1 terminate flush(es), 0 completion(s), 0 continuation(s) 
[2024-07-21T21:25:30.448+0800][0.712s][gc,marking  ] GC(0) Mark Stack Usage: 32M
[2024-07-21T21:25:30.448+0800][0.712s][gc,nmethod  ] GC(0) NMethods: 326 registered, 0 unregistered
[2024-07-21T21:25:30.448+0800][0.712s][gc,metaspace] GC(0) Metaspace: 1M used, 1M committed, 1032M reserved
[2024-07-21T21:25:30.448+0800][0.712s][gc,ref      ] GC(0) Soft: 53 encountered, 0 discovered, 0 enqueued
[2024-07-21T21:25:30.448+0800][0.712s][gc,ref      ] GC(0) Weak: 153 encountered, 37 discovered, 36 enqueued
[2024-07-21T21:25:30.448+0800][0.713s][gc,ref      ] GC(0) Final: 0 encountered, 0 discovered, 0 enqueued
[2024-07-21T21:25:30.448+0800][0.713s][gc,ref      ] GC(0) Phantom: 217 encountered, 157 discovered, 33 enqueued
[2024-07-21T21:25:30.448+0800][0.713s][gc,reloc    ] GC(0) Small Pages: 6 / 12M, Empty: 0M, Relocated: 1M, In-Place: 0
[2024-07-21T21:25:30.448+0800][0.713s][gc,reloc    ] GC(0) Medium Pages: 7 / 224M, Empty: 128M, Relocated: 10M, In-Place: 0
[2024-07-21T21:25:30.448+0800][0.713s][gc,reloc    ] GC(0) Large Pages: 0 / 0M, Empty: 0M, Relocated: 0M, In-Place: 0
[2024-07-21T21:25:30.448+0800][0.713s][gc,reloc    ] GC(0) Forwarding Usage: 0M
[2024-07-21T21:25:30.449+0800][0.713s][gc,heap     ] GC(0) Min Capacity: 8M(0%)
[2024-07-21T21:25:30.449+0800][0.713s][gc,heap     ] GC(0) Max Capacity: 2048M(100%)
[2024-07-21T21:25:30.449+0800][0.713s][gc,heap     ] GC(0) Soft Max Capacity: 2048M(100%)
[2024-07-21T21:25:30.449+0800][0.713s][gc,heap     ] GC(0)                Mark Start          Mark End        Relocate Start      Relocate End           High               Low         
[2024-07-21T21:25:30.449+0800][0.713s][gc,heap     ] GC(0)  Capacity:      256M (12%)         256M (12%)         288M (14%)         288M (14%)         288M (14%)         256M (12%)    
[2024-07-21T21:25:30.449+0800][0.713s][gc,heap     ] GC(0)      Free:     1812M (88%)        1812M (88%)        1906M (93%)        1976M (96%)        1976M (96%)        1778M (87%)    
[2024-07-21T21:25:30.449+0800][0.713s][gc,heap     ] GC(0)      Used:      236M (12%)         236M (12%)         142M (7%)           72M (4%)          270M (13%)          72M (4%)     
[2024-07-21T21:25:30.449+0800][0.713s][gc,heap     ] GC(0)      Live:         -                14M (1%)           14M (1%)           14M (1%)             -                  -          
[2024-07-21T21:25:30.449+0800][0.713s][gc,heap     ] GC(0) Allocated:         -                 0M (0%)           34M (2%)           33M (2%)             -                  -          
[2024-07-21T21:25:30.449+0800][0.713s][gc,heap     ] GC(0)   Garbage:         -               221M (11%)          93M (5%)           23M (1%)             -                  -          
[2024-07-21T21:25:30.449+0800][0.713s][gc,heap     ] GC(0) Reclaimed:         -                  -               128M (6%)          197M (10%)            -                  -          
[2024-07-21T21:25:30.449+0800][0.713s][gc          ] GC(0) Garbage Collection (Warmup) 236M(12%)->72M(4%)
[2024-07-21T21:25:31.305+0800][1.568s][gc,start    ] GC(1) Garbage Collection (Warmup)
[2024-07-21T21:25:31.305+0800][1.568s][gc,task     ] GC(1) Using 2 workers
[2024-07-21T21:25:31.305+0800][1.568s][gc,phases   ] GC(1) Pause Mark Start 0.008ms
[2024-07-21T21:25:31.321+0800][1.584s][gc,phases   ] GC(1) Concurrent Mark 15.917ms
[2024-07-21T21:25:31.337+0800][1.600s][gc,phases   ] GC(1) Pause Mark End 0.011ms
[2024-07-21T21:25:31.337+0800][1.601s][gc,phases   ] GC(1) Concurrent Mark Free 0.001ms
[2024-07-21T21:25:31.337+0800][1.602s][gc,phases   ] GC(1) Concurrent Process Non-Strong References 0.934ms
[2024-07-21T21:25:31.337+0800][1.602s][gc,phases   ] GC(1) Concurrent Reset Relocation Set 0.005ms
[2024-07-21T21:25:31.340+0800][1.604s][gc,phases   ] GC(1) Concurrent Select Relocation Set 1.863ms
[2024-07-21T21:25:31.340+0800][1.604s][gc,phases   ] GC(1) Pause Relocate Start 0.006ms
[2024-07-21T21:25:31.345+0800][1.609s][gc,phases   ] GC(1) Concurrent Relocate 5.154ms
[2024-07-21T21:25:31.345+0800][1.609s][gc,load     ] GC(1) Load: 0.00/0.00/0.00
[2024-07-21T21:25:31.345+0800][1.609s][gc,mmu      ] GC(1) MMU: 2ms/98.6%, 5ms/99.5%, 10ms/99.7%, 20ms/99.8%, 50ms/99.9%, 100ms/100.0%
[2024-07-21T21:25:31.345+0800][1.609s][gc,marking  ] GC(1) Mark: 2 stripe(s), 1 proactive flush(es), 1 terminate flush(es), 0 completion(s), 0 continuation(s) 
[2024-07-21T21:25:31.345+0800][1.609s][gc,marking  ] GC(1) Mark Stack Usage: 32M
[2024-07-21T21:25:31.345+0800][1.609s][gc,nmethod  ] GC(1) NMethods: 378 registered, 0 unregistered
[2024-07-21T21:25:31.345+0800][1.609s][gc,metaspace] GC(1) Metaspace: 1M used, 1M committed, 1032M reserved
[2024-07-21T21:25:31.345+0800][1.609s][gc,ref      ] GC(1) Soft: 93 encountered, 0 discovered, 0 enqueued
[2024-07-21T21:25:31.345+0800][1.609s][gc,ref      ] GC(1) Weak: 136 encountered, 9 discovered, 5 enqueued
[2024-07-21T21:25:31.345+0800][1.609s][gc,ref      ] GC(1) Final: 0 encountered, 0 discovered, 0 enqueued
[2024-07-21T21:25:31.345+0800][1.609s][gc,ref      ] GC(1) Phantom: 189 encountered, 181 discovered, 5 enqueued
[2024-07-21T21:25:31.345+0800][1.609s][gc,reloc    ] GC(1) Small Pages: 6 / 12M, Empty: 0M, Relocated: 1M, In-Place: 0
[2024-07-21T21:25:31.345+0800][1.609s][gc,reloc    ] GC(1) Medium Pages: 14 / 448M, Empty: 352M, Relocated: 10M, In-Place: 0
[2024-07-21T21:25:31.345+0800][1.609s][gc,reloc    ] GC(1) Large Pages: 0 / 0M, Empty: 0M, Relocated: 0M, In-Place: 0
[2024-07-21T21:25:31.345+0800][1.609s][gc,reloc    ] GC(1) Forwarding Usage: 0M
[2024-07-21T21:25:31.345+0800][1.609s][gc,heap     ] GC(1) Min Capacity: 8M(0%)
[2024-07-21T21:25:31.345+0800][1.609s][gc,heap     ] GC(1) Max Capacity: 2048M(100%)
[2024-07-21T21:25:31.345+0800][1.609s][gc,heap     ] GC(1) Soft Max Capacity: 2048M(100%)
[2024-07-21T21:25:31.345+0800][1.609s][gc,heap     ] GC(1)                Mark Start          Mark End        Relocate Start      Relocate End           High               Low         
[2024-07-21T21:25:31.345+0800][1.609s][gc,heap     ] GC(1)  Capacity:      480M (23%)         512M (25%)         512M (25%)         512M (25%)         512M (25%)         480M (23%)    
[2024-07-21T21:25:31.345+0800][1.609s][gc,heap     ] GC(1)      Free:     1588M (78%)        1556M (76%)        1908M (93%)        1976M (96%)        1976M (96%)        1556M (76%)    
[2024-07-21T21:25:31.345+0800][1.609s][gc,heap     ] GC(1)      Used:      460M (22%)         492M (24%)         140M (7%)           72M (4%)          492M (24%)          72M (4%)     
[2024-07-21T21:25:31.345+0800][1.609s][gc,heap     ] GC(1)      Live:         -                14M (1%)           14M (1%)           14M (1%)             -                  -          
[2024-07-21T21:25:31.345+0800][1.610s][gc,heap     ] GC(1) Allocated:         -                32M (2%)           32M (2%)           33M (2%)             -                  -          
[2024-07-21T21:25:31.345+0800][1.610s][gc,heap     ] GC(1)   Garbage:         -               445M (22%)          93M (5%)           23M (1%)             -                  -          
[2024-07-21T21:25:31.345+0800][1.610s][gc,heap     ] GC(1) Reclaimed:         -                  -               352M (17%)         421M (21%)            -                  -          
[2024-07-21T21:25:31.345+0800][1.610s][gc          ] GC(1) Garbage Collection (Warmup) 460M(22%)->72M(4%)
[2024-07-21T21:25:32.301+0800][2.564s][gc,start    ] GC(2) Garbage Collection (Warmup)
[2024-07-21T21:25:32.301+0800][2.565s][gc,task     ] GC(2) Using 2 workers
[2024-07-21T21:25:32.301+0800][2.565s][gc,phases   ] GC(2) Pause Mark Start 0.018ms
[2024-07-21T21:25:32.317+0800][2.580s][gc,phases   ] GC(2) Concurrent Mark 15.070ms
[2024-07-21T21:25:32.317+0800][2.580s][gc,phases   ] GC(2) Pause Mark End 0.009ms
[2024-07-21T21:25:32.317+0800][2.581s][gc,phases   ] GC(2) Concurrent Mark Free 0.001ms
[2024-07-21T21:25:32.318+0800][2.581s][gc,phases   ] GC(2) Concurrent Process Non-Strong References 0.891ms
[2024-07-21T21:25:32.318+0800][2.581s][gc,phases   ] GC(2) Concurrent Reset Relocation Set 0.002ms
[2024-07-21T21:25:32.321+0800][2.584s][gc,phases   ] GC(2) Concurrent Select Relocation Set 2.922ms
[2024-07-21T21:25:32.321+0800][2.585s][gc,phases   ] GC(2) Pause Relocate Start 0.010ms
[2024-07-21T21:25:32.324+0800][2.588s][gc,phases   ] GC(2) Concurrent Relocate 3.003ms
[2024-07-21T21:25:32.324+0800][2.588s][gc,load     ] GC(2) Load: 0.00/0.00/0.00
[2024-07-21T21:25:32.324+0800][2.588s][gc,mmu      ] GC(2) MMU: 2ms/98.6%, 5ms/99.5%, 10ms/99.7%, 20ms/99.8%, 50ms/99.9%, 100ms/100.0%
[2024-07-21T21:25:32.324+0800][2.588s][gc,marking  ] GC(2) Mark: 2 stripe(s), 2 proactive flush(es), 1 terminate flush(es), 0 completion(s), 0 continuation(s) 
[2024-07-21T21:25:32.324+0800][2.588s][gc,marking  ] GC(2) Mark Stack Usage: 32M
[2024-07-21T21:25:32.325+0800][2.588s][gc,nmethod  ] GC(2) NMethods: 386 registered, 0 unregistered
[2024-07-21T21:25:32.325+0800][2.588s][gc,metaspace] GC(2) Metaspace: 1M used, 1M committed, 1032M reserved
[2024-07-21T21:25:32.325+0800][2.588s][gc,ref      ] GC(2) Soft: 93 encountered, 0 discovered, 0 enqueued
[2024-07-21T21:25:32.325+0800][2.588s][gc,ref      ] GC(2) Weak: 131 encountered, 107 discovered, 0 enqueued
[2024-07-21T21:25:32.325+0800][2.588s][gc,ref      ] GC(2) Final: 0 encountered, 0 discovered, 0 enqueued
[2024-07-21T21:25:32.325+0800][2.588s][gc,ref      ] GC(2) Phantom: 184 encountered, 139 discovered, 0 enqueued
[2024-07-21T21:25:32.325+0800][2.588s][gc,reloc    ] GC(2) Small Pages: 4 / 8M, Empty: 0M, Relocated: 1M, In-Place: 0
[2024-07-21T21:25:32.325+0800][2.588s][gc,reloc    ] GC(2) Medium Pages: 19 / 608M, Empty: 544M, Relocated: 11M, In-Place: 0
[2024-07-21T21:25:32.325+0800][2.588s][gc,reloc    ] GC(2) Large Pages: 0 / 0M, Empty: 0M, Relocated: 0M, In-Place: 0
[2024-07-21T21:25:32.325+0800][2.588s][gc,reloc    ] GC(2) Forwarding Usage: 0M
[2024-07-21T21:25:32.325+0800][2.588s][gc,heap     ] GC(2) Min Capacity: 8M(0%)
[2024-07-21T21:25:32.325+0800][2.588s][gc,heap     ] GC(2) Max Capacity: 2048M(100%)
[2024-07-21T21:25:32.325+0800][2.588s][gc,heap     ] GC(2) Soft Max Capacity: 2048M(100%)
[2024-07-21T21:25:32.325+0800][2.588s][gc,heap     ] GC(2)                Mark Start          Mark End        Relocate Start      Relocate End           High               Low         
[2024-07-21T21:25:32.325+0800][2.588s][gc,heap     ] GC(2)  Capacity:      640M (31%)         672M (33%)         672M (33%)         672M (33%)         672M (33%)         640M (31%)    
[2024-07-21T21:25:32.325+0800][2.588s][gc,heap     ] GC(2)      Free:     1432M (70%)        1398M (68%)        1942M (95%)        1976M (96%)        1976M (96%)        1398M (68%)    
[2024-07-21T21:25:32.325+0800][2.588s][gc,heap     ] GC(2)      Used:      616M (30%)         650M (32%)         106M (5%)           72M (4%)          650M (32%)          72M (4%)     
[2024-07-21T21:25:32.325+0800][2.588s][gc,heap     ] GC(2)      Live:         -                15M (1%)           15M (1%)           15M (1%)             -                  -          
[2024-07-21T21:25:32.325+0800][2.588s][gc,heap     ] GC(2) Allocated:         -                34M (2%)           34M (2%)           34M (2%)             -                  -          
[2024-07-21T21:25:32.325+0800][2.588s][gc,heap     ] GC(2)   Garbage:         -               600M (29%)          56M (3%)           22M (1%)             -                  -          
[2024-07-21T21:25:32.325+0800][2.588s][gc,heap     ] GC(2) Reclaimed:         -                  -               544M (27%)         578M (28%)            -                  -          
[2024-07-21T21:25:32.325+0800][2.588s][gc          ] GC(2) Garbage Collection (Warmup) 616M(30%)->72M(4%)
[2024-07-21T21:25:35.407+0800][5.671s][gc,start    ] GC(3) Garbage Collection (Proactive)
[2024-07-21T21:25:35.407+0800][5.671s][gc,task     ] GC(3) Using 2 workers
[2024-07-21T21:25:35.407+0800][5.671s][gc,phases   ] GC(3) Pause Mark Start 0.007ms
[2024-07-21T21:25:35.423+0800][5.687s][gc,phases   ] GC(3) Concurrent Mark 15.563ms
[2024-07-21T21:25:35.423+0800][5.687s][gc,phases   ] GC(3) Pause Mark End 0.010ms
[2024-07-21T21:25:35.423+0800][5.687s][gc,phases   ] GC(3) Concurrent Mark Free 0.001ms
[2024-07-21T21:25:35.424+0800][5.688s][gc,phases   ] GC(3) Concurrent Process Non-Strong References 0.737ms
[2024-07-21T21:25:35.424+0800][5.688s][gc,phases   ] GC(3) Concurrent Reset Relocation Set 0.001ms
[2024-07-21T21:25:35.426+0800][5.690s][gc,phases   ] GC(3) Concurrent Select Relocation Set 1.622ms
[2024-07-21T21:25:35.426+0800][5.690s][gc,phases   ] GC(3) Pause Relocate Start 0.006ms
[2024-07-21T21:25:35.427+0800][5.691s][gc,phases   ] GC(3) Concurrent Relocate 0.894ms
[2024-07-21T21:25:35.427+0800][5.691s][gc,load     ] GC(3) Load: 0.00/0.00/0.00
[2024-07-21T21:25:35.427+0800][5.691s][gc,mmu      ] GC(3) MMU: 2ms/98.6%, 5ms/99.5%, 10ms/99.7%, 20ms/99.8%, 50ms/99.9%, 100ms/100.0%
[2024-07-21T21:25:35.427+0800][5.691s][gc,marking  ] GC(3) Mark: 2 stripe(s), 2 proactive flush(es), 1 terminate flush(es), 0 completion(s), 0 continuation(s) 
[2024-07-21T21:25:35.427+0800][5.691s][gc,marking  ] GC(3) Mark Stack Usage: 32M
[2024-07-21T21:25:35.427+0800][5.691s][gc,nmethod  ] GC(3) NMethods: 423 registered, 0 unregistered
[2024-07-21T21:25:35.427+0800][5.691s][gc,metaspace] GC(3) Metaspace: 1M used, 1M committed, 1032M reserved
[2024-07-21T21:25:35.427+0800][5.691s][gc,ref      ] GC(3) Soft: 93 encountered, 0 discovered, 0 enqueued
[2024-07-21T21:25:35.427+0800][5.691s][gc,ref      ] GC(3) Weak: 131 encountered, 4 discovered, 0 enqueued
[2024-07-21T21:25:35.427+0800][5.691s][gc,ref      ] GC(3) Final: 0 encountered, 0 discovered, 0 enqueued
[2024-07-21T21:25:35.427+0800][5.691s][gc,ref      ] GC(3) Phantom: 184 encountered, 179 discovered, 0 enqueued
[2024-07-21T21:25:35.427+0800][5.691s][gc,reloc    ] GC(3) Small Pages: 5 / 10M, Empty: 2M, Relocated: 1M, In-Place: 0
[2024-07-21T21:25:35.427+0800][5.691s][gc,reloc    ] GC(3) Medium Pages: 46 / 1472M, Empty: 1408M, Relocated: 1M, In-Place: 0
[2024-07-21T21:25:35.427+0800][5.691s][gc,reloc    ] GC(3) Large Pages: 0 / 0M, Empty: 0M, Relocated: 0M, In-Place: 0
[2024-07-21T21:25:35.427+0800][5.691s][gc,reloc    ] GC(3) Forwarding Usage: 0M
[2024-07-21T21:25:35.427+0800][5.691s][gc,heap     ] GC(3) Min Capacity: 8M(0%)
[2024-07-21T21:25:35.427+0800][5.691s][gc,heap     ] GC(3) Max Capacity: 2048M(100%)
[2024-07-21T21:25:35.427+0800][5.691s][gc,heap     ] GC(3) Soft Max Capacity: 2048M(100%)
[2024-07-21T21:25:35.427+0800][5.691s][gc,heap     ] GC(3)                Mark Start          Mark End        Relocate Start      Relocate End           High               Low         
[2024-07-21T21:25:35.427+0800][5.691s][gc,heap     ] GC(3)  Capacity:     1504M (73%)        1536M (75%)        1536M (75%)        1536M (75%)        1536M (75%)        1504M (73%)    
[2024-07-21T21:25:35.427+0800][5.691s][gc,heap     ] GC(3)      Free:      566M (28%)         532M (26%)        1942M (95%)        1976M (96%)        1976M (96%)         532M (26%)    
[2024-07-21T21:25:35.427+0800][5.691s][gc,heap     ] GC(3)      Used:     1482M (72%)        1516M (74%)         106M (5%)           72M (4%)         1516M (74%)          72M (4%)     
[2024-07-21T21:25:35.427+0800][5.691s][gc,heap     ] GC(3)      Live:         -                 5M (0%)            5M (0%)            5M (0%)             -                  -          
[2024-07-21T21:25:35.427+0800][5.691s][gc,heap     ] GC(3) Allocated:         -                34M (2%)           34M (2%)           34M (2%)             -                  -          
[2024-07-21T21:25:35.427+0800][5.691s][gc,heap     ] GC(3)   Garbage:         -              1476M (72%)          66M (3%)           32M (2%)             -                  -          
[2024-07-21T21:25:35.427+0800][5.691s][gc,heap     ] GC(3) Reclaimed:         -                  -              1410M (69%)        1444M (71%)            -                  -          
[2024-07-21T21:25:35.427+0800][5.691s][gc          ] GC(3) Garbage Collection (Proactive) 1482M(72%)->72M(4%)
[2024-07-21T21:25:37.699+0800][7.963s][gc,start    ] GC(4) Garbage Collection (Proactive)
[2024-07-21T21:25:37.700+0800][7.963s][gc,task     ] GC(4) Using 2 workers
[2024-07-21T21:25:37.700+0800][7.963s][gc,phases   ] GC(4) Pause Mark Start 0.010ms
[2024-07-21T21:25:37.715+0800][7.978s][gc,phases   ] GC(4) Concurrent Mark 14.554ms
[2024-07-21T21:25:37.715+0800][7.978s][gc,phases   ] GC(4) Pause Mark End 0.011ms
[2024-07-21T21:25:37.715+0800][7.979s][gc,phases   ] GC(4) Concurrent Mark Free 0.001ms
[2024-07-21T21:25:37.715+0800][7.980s][gc,phases   ] GC(4) Concurrent Process Non-Strong References 0.949ms
[2024-07-21T21:25:37.715+0800][7.980s][gc,phases   ] GC(4) Concurrent Reset Relocation Set 0.001ms
[2024-07-21T21:25:37.718+0800][7.982s][gc,phases   ] GC(4) Concurrent Select Relocation Set 2.135ms
[2024-07-21T21:25:37.718+0800][7.982s][gc,phases   ] GC(4) Pause Relocate Start 0.006ms
[2024-07-21T21:25:37.718+0800][7.983s][gc,phases   ] GC(4) Concurrent Relocate 0.477ms
[2024-07-21T21:25:37.718+0800][7.983s][gc,load     ] GC(4) Load: 0.00/0.00/0.00
[2024-07-21T21:25:37.718+0800][7.983s][gc,mmu      ] GC(4) MMU: 2ms/98.6%, 5ms/99.5%, 10ms/99.7%, 20ms/99.8%, 50ms/99.9%, 100ms/100.0%
[2024-07-21T21:25:37.718+0800][7.983s][gc,marking  ] GC(4) Mark: 2 stripe(s), 2 proactive flush(es), 1 terminate flush(es), 0 completion(s), 0 continuation(s) 
[2024-07-21T21:25:37.718+0800][7.983s][gc,marking  ] GC(4) Mark Stack Usage: 32M
[2024-07-21T21:25:37.719+0800][7.983s][gc,nmethod  ] GC(4) NMethods: 447 registered, 0 unregistered
[2024-07-21T21:25:37.719+0800][7.983s][gc,metaspace] GC(4) Metaspace: 1M used, 1M committed, 1032M reserved
[2024-07-21T21:25:37.719+0800][7.983s][gc,ref      ] GC(4) Soft: 93 encountered, 0 discovered, 0 enqueued
[2024-07-21T21:25:37.719+0800][7.983s][gc,ref      ] GC(4) Weak: 131 encountered, 7 discovered, 0 enqueued
[2024-07-21T21:25:37.719+0800][7.983s][gc,ref      ] GC(4) Final: 0 encountered, 0 discovered, 0 enqueued
[2024-07-21T21:25:37.719+0800][7.983s][gc,ref      ] GC(4) Phantom: 184 encountered, 180 discovered, 0 enqueued
[2024-07-21T21:25:37.719+0800][7.983s][gc,reloc    ] GC(4) Small Pages: 4 / 8M, Empty: 2M, Relocated: 0M, In-Place: 0
[2024-07-21T21:25:37.719+0800][7.983s][gc,reloc    ] GC(4) Medium Pages: 47 / 1504M, Empty: 1440M, Relocated: 3M, In-Place: 0
[2024-07-21T21:25:37.719+0800][7.983s][gc,reloc    ] GC(4) Large Pages: 0 / 0M, Empty: 0M, Relocated: 0M, In-Place: 0
[2024-07-21T21:25:37.719+0800][7.983s][gc,reloc    ] GC(4) Forwarding Usage: 0M
[2024-07-21T21:25:37.719+0800][7.983s][gc,heap     ] GC(4) Min Capacity: 8M(0%)
[2024-07-21T21:25:37.719+0800][7.983s][gc,heap     ] GC(4) Max Capacity: 2048M(100%)
[2024-07-21T21:25:37.719+0800][7.983s][gc,heap     ] GC(4) Soft Max Capacity: 2048M(100%)
[2024-07-21T21:25:37.719+0800][7.983s][gc,heap     ] GC(4)                Mark Start          Mark End        Relocate Start      Relocate End           High               Low         
[2024-07-21T21:25:37.719+0800][7.983s][gc,heap     ] GC(4)  Capacity:     1536M (75%)        1568M (77%)        1568M (77%)        1568M (77%)        1568M (77%)        1536M (75%)    
[2024-07-21T21:25:37.719+0800][7.983s][gc,heap     ] GC(4)      Free:      536M (26%)         502M (25%)        1944M (95%)        1976M (96%)        1976M (96%)         502M (25%)    
[2024-07-21T21:25:37.719+0800][7.983s][gc,heap     ] GC(4)      Used:     1512M (74%)        1546M (75%)         104M (5%)           72M (4%)         1546M (75%)          72M (4%)     
[2024-07-21T21:25:37.719+0800][7.983s][gc,heap     ] GC(4)      Live:         -                 7M (0%)            7M (0%)            7M (0%)             -                  -          
[2024-07-21T21:25:37.719+0800][7.983s][gc,heap     ] GC(4) Allocated:         -                34M (2%)           34M (2%)           34M (2%)             -                  -          
[2024-07-21T21:25:37.719+0800][7.983s][gc,heap     ] GC(4)   Garbage:         -              1504M (73%)          62M (3%)           30M (1%)             -                  -          
[2024-07-21T21:25:37.719+0800][7.983s][gc,heap     ] GC(4) Reclaimed:         -                  -              1442M (70%)        1474M (72%)            -                  -          
[2024-07-21T21:25:37.719+0800][7.983s][gc          ] GC(4) Garbage Collection (Proactive) 1512M(74%)->72M(4%)
[2024-07-21T21:25:39.500+0800][9.764s][gc,start    ] GC(5) Garbage Collection (Proactive)
[2024-07-21T21:25:39.501+0800][9.764s][gc,task     ] GC(5) Using 2 workers
[2024-07-21T21:25:39.501+0800][9.764s][gc,phases   ] GC(5) Pause Mark Start 0.009ms
[2024-07-21T21:25:39.517+0800][9.780s][gc,phases   ] GC(5) Concurrent Mark 15.475ms
[2024-07-21T21:25:39.517+0800][9.780s][gc,phases   ] GC(5) Pause Mark End 0.012ms
[2024-07-21T21:25:39.517+0800][9.780s][gc,phases   ] GC(5) Concurrent Mark Free 0.002ms
[2024-07-21T21:25:39.517+0800][9.781s][gc,phases   ] GC(5) Concurrent Process Non-Strong References 0.895ms
[2024-07-21T21:25:39.517+0800][9.781s][gc,phases   ] GC(5) Concurrent Reset Relocation Set 0.001ms
[2024-07-21T21:25:39.520+0800][9.784s][gc,phases   ] GC(5) Concurrent Select Relocation Set 2.784ms
[2024-07-21T21:25:39.520+0800][9.785s][gc,phases   ] GC(5) Pause Relocate Start 0.012ms
[2024-07-21T21:25:39.524+0800][9.788s][gc,phases   ] GC(5) Concurrent Relocate 2.896ms
[2024-07-21T21:25:39.524+0800][9.788s][gc,load     ] GC(5) Load: 0.00/0.00/0.00
[2024-07-21T21:25:39.524+0800][9.788s][gc,mmu      ] GC(5) MMU: 2ms/98.6%, 5ms/99.5%, 10ms/99.7%, 20ms/99.8%, 50ms/99.9%, 100ms/100.0%
[2024-07-21T21:25:39.524+0800][9.788s][gc,marking  ] GC(5) Mark: 2 stripe(s), 2 proactive flush(es), 1 terminate flush(es), 0 completion(s), 0 continuation(s) 
[2024-07-21T21:25:39.524+0800][9.788s][gc,marking  ] GC(5) Mark Stack Usage: 32M
[2024-07-21T21:25:39.524+0800][9.788s][gc,nmethod  ] GC(5) NMethods: 449 registered, 0 unregistered
[2024-07-21T21:25:39.524+0800][9.788s][gc,metaspace] GC(5) Metaspace: 1M used, 1M committed, 1032M reserved
[2024-07-21T21:25:39.524+0800][9.788s][gc,ref      ] GC(5) Soft: 93 encountered, 0 discovered, 0 enqueued
[2024-07-21T21:25:39.524+0800][9.788s][gc,ref      ] GC(5) Weak: 131 encountered, 79 discovered, 0 enqueued
[2024-07-21T21:25:39.524+0800][9.788s][gc,ref      ] GC(5) Final: 0 encountered, 0 discovered, 0 enqueued
[2024-07-21T21:25:39.524+0800][9.788s][gc,ref      ] GC(5) Phantom: 184 encountered, 180 discovered, 0 enqueued
[2024-07-21T21:25:39.524+0800][9.788s][gc,reloc    ] GC(5) Small Pages: 4 / 8M, Empty: 2M, Relocated: 0M, In-Place: 0
[2024-07-21T21:25:39.524+0800][9.788s][gc,reloc    ] GC(5) Medium Pages: 37 / 1184M, Empty: 1120M, Relocated: 12M, In-Place: 0
[2024-07-21T21:25:39.524+0800][9.788s][gc,reloc    ] GC(5) Large Pages: 0 / 0M, Empty: 0M, Relocated: 0M, In-Place: 0
[2024-07-21T21:25:39.524+0800][9.788s][gc,reloc    ] GC(5) Forwarding Usage: 0M
[2024-07-21T21:25:39.524+0800][9.788s][gc,heap     ] GC(5) Min Capacity: 8M(0%)
[2024-07-21T21:25:39.524+0800][9.788s][gc,heap     ] GC(5) Max Capacity: 2048M(100%)
[2024-07-21T21:25:39.524+0800][9.788s][gc,heap     ] GC(5) Soft Max Capacity: 2048M(100%)
[2024-07-21T21:25:39.524+0800][9.788s][gc,heap     ] GC(5)                Mark Start          Mark End        Relocate Start      Relocate End           High               Low         
[2024-07-21T21:25:39.524+0800][9.788s][gc,heap     ] GC(5)  Capacity:     1568M (77%)        1568M (77%)        1568M (77%)        1568M (77%)        1568M (77%)        1568M (77%)    
[2024-07-21T21:25:39.524+0800][9.788s][gc,heap     ] GC(5)      Free:      856M (42%)         822M (40%)        1944M (95%)        1976M (96%)        1976M (96%)         822M (40%)    
[2024-07-21T21:25:39.524+0800][9.788s][gc,heap     ] GC(5)      Used:     1192M (58%)        1226M (60%)         104M (5%)           72M (4%)         1226M (60%)          72M (4%)     
[2024-07-21T21:25:39.524+0800][9.788s][gc,heap     ] GC(5)      Live:         -                16M (1%)           16M (1%)           16M (1%)             -                  -          
[2024-07-21T21:25:39.524+0800][9.788s][gc,heap     ] GC(5) Allocated:         -                34M (2%)           34M (2%)           34M (2%)             -                  -          
[2024-07-21T21:25:39.524+0800][9.788s][gc,heap     ] GC(5)   Garbage:         -              1175M (57%)          53M (3%)           21M (1%)             -                  -          
[2024-07-21T21:25:39.524+0800][9.788s][gc,heap     ] GC(5) Reclaimed:         -                  -              1122M (55%)        1154M (56%)            -                  -          
[2024-07-21T21:25:39.524+0800][9.788s][gc          ] GC(5) Garbage Collection (Proactive) 1192M(58%)->72M(4%)
[2024-07-21T21:25:39.799+0800][10.063s][gc,stats    ] === Garbage Collection Statistics =======================================================================================================================
[2024-07-21T21:25:39.799+0800][10.063s][gc,stats    ]                                                              Last 10s              Last 10m              Last 10h                Total
[2024-07-21T21:25:39.799+0800][10.063s][gc,stats    ]                                                              Avg / Max             Avg / Max             Avg / Max             Avg / Max
[2024-07-21T21:25:39.799+0800][10.063s][gc,stats    ]   Collector: Garbage Collection Cycle                     29.816 / 51.103       29.816 / 51.103       29.816 / 51.103       29.816 / 51.103      ms
[2024-07-21T21:25:39.799+0800][10.063s][gc,stats    ]  Contention: Mark Segment Reset Contention                     0 / 0                 0 / 0                 0 / 0                 0 / 0           ops/s
[2024-07-21T21:25:39.799+0800][10.063s][gc,stats    ]  Contention: Mark SeqNum Reset Contention                      0 / 1                 0 / 1                 0 / 1                 0 / 1           ops/s
[2024-07-21T21:25:39.799+0800][10.063s][gc,stats    ]    Critical: Allocation Stall                                  0 / 0                 0 / 0                 0 / 0                 0 / 0           ops/s
[2024-07-21T21:25:39.800+0800][10.064s][gc,stats    ]    Critical: Allocation Stall                              0.000 / 0.000         0.000 / 0.000         0.000 / 0.000         0.000 / 0.000       ms
[2024-07-21T21:25:39.800+0800][10.064s][gc,stats    ]    Critical: GC Locker Stall                                   0 / 0                 0 / 0                 0 / 0                 0 / 0           ops/s
[2024-07-21T21:25:39.800+0800][10.064s][gc,stats    ]    Critical: GC Locker Stall                               0.000 / 0.000         0.000 / 0.000         0.000 / 0.000         0.000 / 0.000       ms
[2024-07-21T21:25:39.800+0800][10.064s][gc,stats    ]    Critical: Relocation Stall                                  0 / 0                 0 / 0                 0 / 0                 0 / 0           ops/s
[2024-07-21T21:25:39.800+0800][10.064s][gc,stats    ]    Critical: Relocation Stall                              0.000 / 0.000         0.000 / 0.000         0.000 / 0.000         0.000 / 0.000       ms
[2024-07-21T21:25:39.800+0800][10.064s][gc,stats    ]      Memory: Allocation Rate                                 553 / 674             553 / 674             553 / 674             553 / 674         MB/s
[2024-07-21T21:25:39.800+0800][10.064s][gc,stats    ]      Memory: Out Of Memory                                     0 / 0                 0 / 0                 0 / 0                 0 / 0           ops/s
[2024-07-21T21:25:39.800+0800][10.064s][gc,stats    ]      Memory: Page Cache Flush                                  0 / 0                 0 / 0                 0 / 0                 0 / 0           MB/s
[2024-07-21T21:25:39.800+0800][10.064s][gc,stats    ]      Memory: Page Cache Hit L1                                14 / 23               14 / 23               14 / 23               14 / 23          ops/s
[2024-07-21T21:25:39.800+0800][10.064s][gc,stats    ]      Memory: Page Cache Hit L2                                 0 / 0                 0 / 0                 0 / 0                 0 / 0           ops/s
[2024-07-21T21:25:39.800+0800][10.064s][gc,stats    ]      Memory: Page Cache Hit L3                                 1 / 15                1 / 15                1 / 15                1 / 15          ops/s
[2024-07-21T21:25:39.800+0800][10.064s][gc,stats    ]      Memory: Page Cache Miss                                   4 / 13                4 / 13                4 / 13                4 / 13          ops/s
[2024-07-21T21:25:39.800+0800][10.064s][gc,stats    ]      Memory: Uncommit                                          0 / 0                 0 / 0                 0 / 0                 0 / 0           MB/s
[2024-07-21T21:25:39.800+0800][10.064s][gc,stats    ]      Memory: Undo Object Allocation Failed                     0 / 0                 0 / 0                 0 / 0                 0 / 0           ops/s
[2024-07-21T21:25:39.800+0800][10.064s][gc,stats    ]      Memory: Undo Object Allocation Succeeded                  0 / 0                 0 / 0                 0 / 0                 0 / 0           ops/s
[2024-07-21T21:25:39.800+0800][10.064s][gc,stats    ]      Memory: Undo Page Allocation                              0 / 0                 0 / 0                 0 / 0                 0 / 0           ops/s
[2024-07-21T21:25:39.800+0800][10.064s][gc,stats    ]       Phase: Concurrent Mark                              15.200 / 15.917       15.200 / 15.917       15.200 / 15.917       15.200 / 15.917      ms
[2024-07-21T21:25:39.800+0800][10.064s][gc,stats    ]       Phase: Concurrent Mark Continue                      0.000 / 0.000         0.000 / 0.000         0.000 / 0.000         0.000 / 0.000       ms
[2024-07-21T21:25:39.800+0800][10.064s][gc,stats    ]       Phase: Concurrent Mark Free                          0.001 / 0.002         0.001 / 0.002         0.001 / 0.002         0.001 / 0.002       ms
[2024-07-21T21:25:39.800+0800][10.064s][gc,stats    ]       Phase: Concurrent Process Non-Strong References      3.366 / 15.792        3.366 / 15.792        3.366 / 15.792        3.366 / 15.792      ms
[2024-07-21T21:25:39.800+0800][10.064s][gc,stats    ]       Phase: Concurrent Relocate                           3.094 / 6.137         3.094 / 6.137         3.094 / 6.137         3.094 / 6.137       ms
[2024-07-21T21:25:39.800+0800][10.064s][gc,stats    ]       Phase: Concurrent Reset Relocation Set               0.002 / 0.005         0.002 / 0.005         0.002 / 0.005         0.002 / 0.005       ms
[2024-07-21T21:25:39.800+0800][10.064s][gc,stats    ]       Phase: Concurrent Select Relocation Set              4.098 / 13.259        4.098 / 13.259        4.098 / 13.259        4.098 / 13.259      ms
[2024-07-21T21:25:39.800+0800][10.064s][gc,stats    ]       Phase: Pause Mark End                                0.013 / 0.028         0.013 / 0.028         0.013 / 0.028         0.013 / 0.028       ms
[2024-07-21T21:25:39.800+0800][10.064s][gc,stats    ]       Phase: Pause Mark Start                              0.010 / 0.018         0.010 / 0.018         0.010 / 0.018         0.010 / 0.018       ms
[2024-07-21T21:25:39.800+0800][10.064s][gc,stats    ]       Phase: Pause Relocate Start                          0.008 / 0.012         0.008 / 0.012         0.008 / 0.012         0.008 / 0.012       ms
[2024-07-21T21:25:39.800+0800][10.064s][gc,stats    ]    Subphase: Concurrent Classes Purge                      0.110 / 0.150         0.110 / 0.150         0.110 / 0.150         0.110 / 0.150       ms
[2024-07-21T21:25:39.800+0800][10.064s][gc,stats    ]    Subphase: Concurrent Classes Unlink                     0.265 / 0.352         0.265 / 0.352         0.265 / 0.352         0.265 / 0.352       ms
[2024-07-21T21:25:39.800+0800][10.064s][gc,stats    ]    Subphase: Concurrent Mark                               8.751 / 15.474        8.751 / 15.474        8.751 / 15.474        8.751 / 15.474      ms
[2024-07-21T21:25:39.800+0800][10.064s][gc,stats    ]    Subphase: Concurrent Mark Try Flush                     0.109 / 0.170         0.109 / 0.170         0.109 / 0.170         0.109 / 0.170       ms
[2024-07-21T21:25:39.800+0800][10.064s][gc,stats    ]    Subphase: Concurrent Mark Try Terminate                 4.093 / 13.083        4.093 / 13.083        4.093 / 13.083        4.093 / 13.083      ms
[2024-07-21T21:25:39.800+0800][10.064s][gc,stats    ]    Subphase: Concurrent References Enqueue                 0.002 / 0.008         0.002 / 0.008         0.002 / 0.008         0.002 / 0.008       ms
[2024-07-21T21:25:39.800+0800][10.064s][gc,stats    ]    Subphase: Concurrent References Process                 0.105 / 0.152         0.105 / 0.152         0.105 / 0.152         0.105 / 0.152       ms
[2024-07-21T21:25:39.800+0800][10.064s][gc,stats    ]    Subphase: Concurrent Roots ClassLoaderDataGraph         0.060 / 0.179         0.060 / 0.179         0.060 / 0.179         0.060 / 0.179       ms
[2024-07-21T21:25:39.800+0800][10.064s][gc,stats    ]    Subphase: Concurrent Roots CodeCache                    0.000 / 0.000         0.000 / 0.000         0.000 / 0.000         0.000 / 0.000       ms
[2024-07-21T21:25:39.800+0800][10.064s][gc,stats    ]    Subphase: Concurrent Roots JavaThreads                  0.199 / 0.439         0.199 / 0.439         0.199 / 0.439         0.199 / 0.439       ms
[2024-07-21T21:25:39.800+0800][10.064s][gc,stats    ]    Subphase: Concurrent Roots OopStorageSet                0.024 / 0.043         0.024 / 0.043         0.024 / 0.043         0.024 / 0.043       ms
[2024-07-21T21:25:39.800+0800][10.064s][gc,stats    ]    Subphase: Concurrent Weak Roots OopStorageSet           0.157 / 0.220         0.157 / 0.220         0.157 / 0.220         0.157 / 0.220       ms
[2024-07-21T21:25:39.800+0800][10.064s][gc,stats    ]    Subphase: Pause Mark Try Complete                       0.000 / 0.000         0.000 / 0.000         0.000 / 0.000         0.000 / 0.000       ms
[2024-07-21T21:25:39.800+0800][10.064s][gc,stats    ]      System: Java Threads                                     13 / 13               13 / 13               13 / 13               13 / 13          threads
[2024-07-21T21:25:39.800+0800][10.064s][gc,stats    ] =========================================================================================================================================================
[2024-07-21T21:25:41.205+0800][11.468s][gc,start    ] GC(6) Garbage Collection (Proactive)
[2024-07-21T21:25:41.205+0800][11.468s][gc,task     ] GC(6) Using 2 workers
[2024-07-21T21:25:41.205+0800][11.469s][gc,phases   ] GC(6) Pause Mark Start 0.008ms
[2024-07-21T21:25:41.221+0800][11.484s][gc,phases   ] GC(6) Concurrent Mark 15.162ms
[2024-07-21T21:25:41.221+0800][11.484s][gc,phases   ] GC(6) Pause Mark End 0.026ms
[2024-07-21T21:25:41.221+0800][11.485s][gc,phases   ] GC(6) Concurrent Mark Free 0.001ms
[2024-07-21T21:25:41.221+0800][11.486s][gc,phases   ] GC(6) Concurrent Process Non-Strong References 0.907ms
[2024-07-21T21:25:41.221+0800][11.486s][gc,phases   ] GC(6) Concurrent Reset Relocation Set 0.005ms
[2024-07-21T21:25:41.223+0800][11.488s][gc,phases   ] GC(6) Concurrent Select Relocation Set 2.087ms
[2024-07-21T21:25:41.224+0800][11.488s][gc,phases   ] GC(6) Pause Relocate Start 0.007ms
[2024-07-21T21:25:41.225+0800][11.489s][gc,phases   ] GC(6) Concurrent Relocate 1.298ms
[2024-07-21T21:25:41.225+0800][11.489s][gc,load     ] GC(6) Load: 0.00/0.00/0.00
[2024-07-21T21:25:41.225+0800][11.489s][gc,mmu      ] GC(6) MMU: 2ms/98.6%, 5ms/99.4%, 10ms/99.7%, 20ms/99.8%, 50ms/99.9%, 100ms/100.0%
[2024-07-21T21:25:41.225+0800][11.489s][gc,marking  ] GC(6) Mark: 2 stripe(s), 2 proactive flush(es), 1 terminate flush(es), 0 completion(s), 0 continuation(s) 
[2024-07-21T21:25:41.225+0800][11.490s][gc,marking  ] GC(6) Mark Stack Usage: 32M
[2024-07-21T21:25:41.225+0800][11.490s][gc,nmethod  ] GC(6) NMethods: 460 registered, 0 unregistered
[2024-07-21T21:25:41.225+0800][11.490s][gc,metaspace] GC(6) Metaspace: 1M used, 1M committed, 1032M reserved
[2024-07-21T21:25:41.225+0800][11.490s][gc,ref      ] GC(6) Soft: 93 encountered, 0 discovered, 0 enqueued
[2024-07-21T21:25:41.225+0800][11.490s][gc,ref      ] GC(6) Weak: 131 encountered, 0 discovered, 0 enqueued
[2024-07-21T21:25:41.225+0800][11.490s][gc,ref      ] GC(6) Final: 0 encountered, 0 discovered, 0 enqueued
[2024-07-21T21:25:41.225+0800][11.490s][gc,ref      ] GC(6) Phantom: 184 encountered, 162 discovered, 0 enqueued
[2024-07-21T21:25:41.225+0800][11.490s][gc,reloc    ] GC(6) Small Pages: 4 / 8M, Empty: 0M, Relocated: 1M, In-Place: 0
[2024-07-21T21:25:41.225+0800][11.490s][gc,reloc    ] GC(6) Medium Pages: 36 / 1152M, Empty: 1088M, Relocated: 1M, In-Place: 0
[2024-07-21T21:25:41.225+0800][11.490s][gc,reloc    ] GC(6) Large Pages: 0 / 0M, Empty: 0M, Relocated: 0M, In-Place: 0
[2024-07-21T21:25:41.225+0800][11.490s][gc,reloc    ] GC(6) Forwarding Usage: 0M
[2024-07-21T21:25:41.225+0800][11.490s][gc,heap     ] GC(6) Min Capacity: 8M(0%)
[2024-07-21T21:25:41.225+0800][11.490s][gc,heap     ] GC(6) Max Capacity: 2048M(100%)
[2024-07-21T21:25:41.225+0800][11.490s][gc,heap     ] GC(6) Soft Max Capacity: 2048M(100%)
[2024-07-21T21:25:41.225+0800][11.490s][gc,heap     ] GC(6)                Mark Start          Mark End        Relocate Start      Relocate End           High               Low         
[2024-07-21T21:25:41.225+0800][11.490s][gc,heap     ] GC(6)  Capacity:     1568M (77%)        1568M (77%)        1568M (77%)        1568M (77%)        1568M (77%)        1568M (77%)    
[2024-07-21T21:25:41.225+0800][11.490s][gc,heap     ] GC(6)      Free:      888M (43%)         854M (42%)        1942M (95%)        1976M (96%)        1976M (96%)         854M (42%)    
[2024-07-21T21:25:41.225+0800][11.490s][gc,heap     ] GC(6)      Used:     1160M (57%)        1194M (58%)         106M (5%)           72M (4%)         1194M (58%)          72M (4%)     
[2024-07-21T21:25:41.225+0800][11.490s][gc,heap     ] GC(6)      Live:         -                 5M (0%)            5M (0%)            5M (0%)             -                  -          
[2024-07-21T21:25:41.225+0800][11.490s][gc,heap     ] GC(6) Allocated:         -                34M (2%)           34M (2%)           33M (2%)             -                  -          
[2024-07-21T21:25:41.225+0800][11.490s][gc,heap     ] GC(6)   Garbage:         -              1154M (56%)          66M (3%)           32M (2%)             -                  -          
[2024-07-21T21:25:41.225+0800][11.490s][gc,heap     ] GC(6) Reclaimed:         -                  -              1088M (53%)        1121M (55%)            -                  -          
[2024-07-21T21:25:41.225+0800][11.490s][gc          ] GC(6) Garbage Collection (Proactive) 1160M(57%)->72M(4%)
[2024-07-21T21:25:42.599+0800][12.862s][gc,start    ] GC(7) Garbage Collection (Proactive)
[2024-07-21T21:25:42.599+0800][12.863s][gc,task     ] GC(7) Using 2 workers
[2024-07-21T21:25:42.599+0800][12.863s][gc,phases   ] GC(7) Pause Mark Start 0.031ms
[2024-07-21T21:25:42.615+0800][12.878s][gc,phases   ] GC(7) Concurrent Mark 15.492ms
[2024-07-21T21:25:42.615+0800][12.879s][gc,phases   ] GC(7) Pause Mark End 0.012ms
[2024-07-21T21:25:42.615+0800][12.879s][gc,phases   ] GC(7) Concurrent Mark Free 0.002ms
[2024-07-21T21:25:42.616+0800][12.880s][gc,phases   ] GC(7) Concurrent Process Non-Strong References 0.890ms
[2024-07-21T21:25:42.616+0800][12.880s][gc,phases   ] GC(7) Concurrent Reset Relocation Set 0.002ms
[2024-07-21T21:25:42.619+0800][12.883s][gc,phases   ] GC(7) Concurrent Select Relocation Set 2.965ms
[2024-07-21T21:25:42.619+0800][12.883s][gc,phases   ] GC(7) Pause Relocate Start 0.007ms
[2024-07-21T21:25:42.623+0800][12.887s][gc,phases   ] GC(7) Concurrent Relocate 4.262ms
[2024-07-21T21:25:42.624+0800][12.887s][gc,load     ] GC(7) Load: 0.00/0.00/0.00
[2024-07-21T21:25:42.624+0800][12.887s][gc,mmu      ] GC(7) MMU: 2ms/98.4%, 5ms/99.4%, 10ms/99.7%, 20ms/99.8%, 50ms/99.9%, 100ms/99.9%
[2024-07-21T21:25:42.624+0800][12.887s][gc,marking  ] GC(7) Mark: 2 stripe(s), 2 proactive flush(es), 1 terminate flush(es), 0 completion(s), 0 continuation(s) 
[2024-07-21T21:25:42.624+0800][12.888s][gc,marking  ] GC(7) Mark Stack Usage: 32M
[2024-07-21T21:25:42.624+0800][12.888s][gc,nmethod  ] GC(7) NMethods: 464 registered, 0 unregistered
[2024-07-21T21:25:42.624+0800][12.888s][gc,metaspace] GC(7) Metaspace: 1M used, 1M committed, 1032M reserved
[2024-07-21T21:25:42.624+0800][12.888s][gc,ref      ] GC(7) Soft: 93 encountered, 0 discovered, 0 enqueued
[2024-07-21T21:25:42.624+0800][12.888s][gc,ref      ] GC(7) Weak: 131 encountered, 107 discovered, 0 enqueued
[2024-07-21T21:25:42.624+0800][12.888s][gc,ref      ] GC(7) Final: 0 encountered, 0 discovered, 0 enqueued
[2024-07-21T21:25:42.624+0800][12.888s][gc,ref      ] GC(7) Phantom: 184 encountered, 98 discovered, 0 enqueued
[2024-07-21T21:25:42.624+0800][12.888s][gc,reloc    ] GC(7) Small Pages: 4 / 8M, Empty: 0M, Relocated: 1M, In-Place: 0
[2024-07-21T21:25:42.624+0800][12.888s][gc,reloc    ] GC(7) Medium Pages: 30 / 960M, Empty: 864M, Relocated: 15M, In-Place: 0
[2024-07-21T21:25:42.624+0800][12.888s][gc,reloc    ] GC(7) Large Pages: 0 / 0M, Empty: 0M, Relocated: 0M, In-Place: 0
[2024-07-21T21:25:42.624+0800][12.888s][gc,reloc    ] GC(7) Forwarding Usage: 0M
[2024-07-21T21:25:42.624+0800][12.888s][gc,heap     ] GC(7) Min Capacity: 8M(0%)
[2024-07-21T21:25:42.624+0800][12.888s][gc,heap     ] GC(7) Max Capacity: 2048M(100%)
[2024-07-21T21:25:42.624+0800][12.888s][gc,heap     ] GC(7) Soft Max Capacity: 2048M(100%)
[2024-07-21T21:25:42.624+0800][12.888s][gc,heap     ] GC(7)                Mark Start          Mark End        Relocate Start      Relocate End           High               Low         
[2024-07-21T21:25:42.624+0800][12.888s][gc,heap     ] GC(7)  Capacity:     1568M (77%)        1568M (77%)        1568M (77%)        1568M (77%)        1568M (77%)        1568M (77%)    
[2024-07-21T21:25:42.624+0800][12.888s][gc,heap     ] GC(7)      Free:     1080M (53%)        1046M (51%)        1910M (93%)        1976M (96%)        1976M (96%)        1046M (51%)    
[2024-07-21T21:25:42.624+0800][12.888s][gc,heap     ] GC(7)      Used:      968M (47%)        1002M (49%)         138M (7%)           72M (4%)         1002M (49%)          72M (4%)     
[2024-07-21T21:25:42.624+0800][12.888s][gc,heap     ] GC(7)      Live:         -                19M (1%)           19M (1%)           19M (1%)             -                  -          
[2024-07-21T21:25:42.624+0800][12.888s][gc,heap     ] GC(7) Allocated:         -                34M (2%)           34M (2%)           33M (2%)             -                  -          
[2024-07-21T21:25:42.624+0800][12.888s][gc,heap     ] GC(7)   Garbage:         -               948M (46%)          84M (4%)           18M (1%)             -                  -          
[2024-07-21T21:25:42.624+0800][12.888s][gc,heap     ] GC(7) Reclaimed:         -                  -               864M (42%)         929M (45%)            -                  -          
[2024-07-21T21:25:42.624+0800][12.888s][gc          ] GC(7) Garbage Collection (Proactive) 968M(47%)->72M(4%)
[2024-07-21T21:25:44.198+0800][14.461s][gc,start    ] GC(8) Garbage Collection (Proactive)
[2024-07-21T21:25:44.198+0800][14.461s][gc,task     ] GC(8) Using 2 workers
[2024-07-21T21:25:44.198+0800][14.462s][gc,phases   ] GC(8) Pause Mark Start 0.028ms
[2024-07-21T21:25:44.214+0800][14.477s][gc,phases   ] GC(8) Concurrent Mark 14.851ms
[2024-07-21T21:25:44.214+0800][14.477s][gc,phases   ] GC(8) Pause Mark End 0.041ms
[2024-07-21T21:25:44.214+0800][14.478s][gc,phases   ] GC(8) Concurrent Mark Free 0.002ms
[2024-07-21T21:25:44.214+0800][14.479s][gc,phases   ] GC(8) Concurrent Process Non-Strong References 1.087ms
[2024-07-21T21:25:44.214+0800][14.479s][gc,phases   ] GC(8) Concurrent Reset Relocation Set 0.002ms
[2024-07-21T21:25:44.217+0800][14.481s][gc,phases   ] GC(8) Concurrent Select Relocation Set 2.079ms
[2024-07-21T21:25:44.217+0800][14.481s][gc,phases   ] GC(8) Pause Relocate Start 0.010ms
[2024-07-21T21:25:44.220+0800][14.484s][gc,phases   ] GC(8) Concurrent Relocate 2.365ms
[2024-07-21T21:25:44.220+0800][14.484s][gc,load     ] GC(8) Load: 0.00/0.00/0.00
[2024-07-21T21:25:44.220+0800][14.484s][gc,mmu      ] GC(8) MMU: 2ms/97.9%, 5ms/99.0%, 10ms/99.5%, 20ms/99.6%, 50ms/99.8%, 100ms/99.9%
[2024-07-21T21:25:44.220+0800][14.484s][gc,marking  ] GC(8) Mark: 2 stripe(s), 2 proactive flush(es), 1 terminate flush(es), 0 completion(s), 0 continuation(s) 
[2024-07-21T21:25:44.220+0800][14.484s][gc,marking  ] GC(8) Mark Stack Usage: 32M
[2024-07-21T21:25:44.220+0800][14.484s][gc,nmethod  ] GC(8) NMethods: 470 registered, 0 unregistered
[2024-07-21T21:25:44.220+0800][14.484s][gc,metaspace] GC(8) Metaspace: 1M used, 1M committed, 1032M reserved
[2024-07-21T21:25:44.220+0800][14.484s][gc,ref      ] GC(8) Soft: 93 encountered, 0 discovered, 0 enqueued
[2024-07-21T21:25:44.220+0800][14.484s][gc,ref      ] GC(8) Weak: 131 encountered, 79 discovered, 0 enqueued
[2024-07-21T21:25:44.220+0800][14.484s][gc,ref      ] GC(8) Final: 0 encountered, 0 discovered, 0 enqueued
[2024-07-21T21:25:44.220+0800][14.484s][gc,ref      ] GC(8) Phantom: 184 encountered, 180 discovered, 0 enqueued
[2024-07-21T21:25:44.220+0800][14.484s][gc,reloc    ] GC(8) Small Pages: 5 / 10M, Empty: 0M, Relocated: 1M, In-Place: 0
[2024-07-21T21:25:44.220+0800][14.484s][gc,reloc    ] GC(8) Medium Pages: 34 / 1088M, Empty: 1024M, Relocated: 1M, In-Place: 0
[2024-07-21T21:25:44.220+0800][14.484s][gc,reloc    ] GC(8) Large Pages: 0 / 0M, Empty: 0M, Relocated: 0M, In-Place: 0
[2024-07-21T21:25:44.220+0800][14.484s][gc,reloc    ] GC(8) Forwarding Usage: 0M
[2024-07-21T21:25:44.220+0800][14.484s][gc,heap     ] GC(8) Min Capacity: 8M(0%)
[2024-07-21T21:25:44.220+0800][14.484s][gc,heap     ] GC(8) Max Capacity: 2048M(100%)
[2024-07-21T21:25:44.220+0800][14.484s][gc,heap     ] GC(8) Soft Max Capacity: 2048M(100%)
[2024-07-21T21:25:44.220+0800][14.484s][gc,heap     ] GC(8)                Mark Start          Mark End        Relocate Start      Relocate End           High               Low         
[2024-07-21T21:25:44.220+0800][14.484s][gc,heap     ] GC(8)  Capacity:     1568M (77%)        1568M (77%)        1568M (77%)        1568M (77%)        1568M (77%)        1568M (77%)    
[2024-07-21T21:25:44.220+0800][14.484s][gc,heap     ] GC(8)      Free:      950M (46%)         916M (45%)        1940M (95%)        1976M (96%)        1976M (96%)         916M (45%)    
[2024-07-21T21:25:44.220+0800][14.484s][gc,heap     ] GC(8)      Used:     1098M (54%)        1132M (55%)         108M (5%)           72M (4%)         1132M (55%)          72M (4%)     
[2024-07-21T21:25:44.220+0800][14.484s][gc,heap     ] GC(8)      Live:         -                 5M (0%)            5M (0%)            5M (0%)             -                  -          
[2024-07-21T21:25:44.220+0800][14.484s][gc,heap     ] GC(8) Allocated:         -                34M (2%)           34M (2%)           33M (2%)             -                  -          
[2024-07-21T21:25:44.220+0800][14.484s][gc,heap     ] GC(8)   Garbage:         -              1092M (53%)          68M (3%)           32M (2%)             -                  -          
[2024-07-21T21:25:44.220+0800][14.484s][gc,heap     ] GC(8) Reclaimed:         -                  -              1024M (50%)        1059M (52%)            -                  -          
[2024-07-21T21:25:44.220+0800][14.484s][gc          ] GC(8) Garbage Collection (Proactive) 1098M(54%)->72M(4%)
[2024-07-21T21:25:45.605+0800][15.869s][gc,start    ] GC(9) Garbage Collection (Proactive)
[2024-07-21T21:25:45.605+0800][15.869s][gc,task     ] GC(9) Using 2 workers
[2024-07-21T21:25:45.605+0800][15.870s][gc,phases   ] GC(9) Pause Mark Start 0.012ms
[2024-07-21T21:25:45.622+0800][15.885s][gc,phases   ] GC(9) Concurrent Mark 15.494ms
[2024-07-21T21:25:45.622+0800][15.885s][gc,phases   ] GC(9) Pause Mark End 0.015ms
[2024-07-21T21:25:45.622+0800][15.886s][gc,phases   ] GC(9) Concurrent Mark Free 0.003ms
[2024-07-21T21:25:45.623+0800][15.887s][gc,phases   ] GC(9) Concurrent Process Non-Strong References 1.034ms
[2024-07-21T21:25:45.623+0800][15.887s][gc,phases   ] GC(9) Concurrent Reset Relocation Set 0.001ms
[2024-07-21T21:25:45.625+0800][15.890s][gc,phases   ] GC(9) Concurrent Select Relocation Set 2.751ms
[2024-07-21T21:25:45.626+0800][15.890s][gc,phases   ] GC(9) Pause Relocate Start 0.007ms
[2024-07-21T21:25:45.627+0800][15.891s][gc,phases   ] GC(9) Concurrent Relocate 1.032ms
[2024-07-21T21:25:45.627+0800][15.891s][gc,load     ] GC(9) Load: 0.00/0.00/0.00
[2024-07-21T21:25:45.627+0800][15.891s][gc,mmu      ] GC(9) MMU: 2ms/97.9%, 5ms/99.0%, 10ms/99.5%, 20ms/99.6%, 50ms/99.8%, 100ms/99.9%
[2024-07-21T21:25:45.627+0800][15.891s][gc,marking  ] GC(9) Mark: 2 stripe(s), 2 proactive flush(es), 1 terminate flush(es), 0 completion(s), 0 continuation(s) 
[2024-07-21T21:25:45.627+0800][15.891s][gc,marking  ] GC(9) Mark Stack Usage: 32M
[2024-07-21T21:25:45.627+0800][15.891s][gc,nmethod  ] GC(9) NMethods: 472 registered, 0 unregistered
[2024-07-21T21:25:45.627+0800][15.891s][gc,metaspace] GC(9) Metaspace: 1M used, 1M committed, 1032M reserved
[2024-07-21T21:25:45.627+0800][15.891s][gc,ref      ] GC(9) Soft: 93 encountered, 0 discovered, 0 enqueued
[2024-07-21T21:25:45.627+0800][15.891s][gc,ref      ] GC(9) Weak: 131 encountered, 79 discovered, 0 enqueued
[2024-07-21T21:25:45.627+0800][15.891s][gc,ref      ] GC(9) Final: 0 encountered, 0 discovered, 0 enqueued
[2024-07-21T21:25:45.627+0800][15.891s][gc,ref      ] GC(9) Phantom: 184 encountered, 180 discovered, 0 enqueued
[2024-07-21T21:25:45.627+0800][15.891s][gc,reloc    ] GC(9) Small Pages: 4 / 8M, Empty: 0M, Relocated: 1M, In-Place: 0
[2024-07-21T21:25:45.627+0800][15.891s][gc,reloc    ] GC(9) Medium Pages: 30 / 960M, Empty: 896M, Relocated: 1M, In-Place: 0
[2024-07-21T21:25:45.627+0800][15.891s][gc,reloc    ] GC(9) Large Pages: 0 / 0M, Empty: 0M, Relocated: 0M, In-Place: 0
[2024-07-21T21:25:45.627+0800][15.891s][gc,reloc    ] GC(9) Forwarding Usage: 0M
[2024-07-21T21:25:45.627+0800][15.891s][gc,heap     ] GC(9) Min Capacity: 8M(0%)
[2024-07-21T21:25:45.627+0800][15.891s][gc,heap     ] GC(9) Max Capacity: 2048M(100%)
[2024-07-21T21:25:45.627+0800][15.891s][gc,heap     ] GC(9) Soft Max Capacity: 2048M(100%)
[2024-07-21T21:25:45.627+0800][15.891s][gc,heap     ] GC(9)                Mark Start          Mark End        Relocate Start      Relocate End           High               Low         
[2024-07-21T21:25:45.627+0800][15.891s][gc,heap     ] GC(9)  Capacity:     1568M (77%)        1568M (77%)        1568M (77%)        1568M (77%)        1568M (77%)        1568M (77%)    
[2024-07-21T21:25:45.627+0800][15.891s][gc,heap     ] GC(9)      Free:     1080M (53%)        1046M (51%)        1942M (95%)        1976M (96%)        1976M (96%)        1046M (51%)    
[2024-07-21T21:25:45.627+0800][15.891s][gc,heap     ] GC(9)      Used:      968M (47%)        1002M (49%)         106M (5%)           72M (4%)         1002M (49%)          72M (4%)     
[2024-07-21T21:25:45.627+0800][15.891s][gc,heap     ] GC(9)      Live:         -                 5M (0%)            5M (0%)            5M (0%)             -                  -          
[2024-07-21T21:25:45.627+0800][15.891s][gc,heap     ] GC(9) Allocated:         -                34M (2%)           34M (2%)           34M (2%)             -                  -          
[2024-07-21T21:25:45.627+0800][15.891s][gc,heap     ] GC(9)   Garbage:         -               962M (47%)          66M (3%)           32M (2%)             -                  -          
[2024-07-21T21:25:45.627+0800][15.891s][gc,heap     ] GC(9) Reclaimed:         -                  -               896M (44%)         930M (45%)            -                  -          
[2024-07-21T21:25:45.627+0800][15.891s][gc          ] GC(9) Garbage Collection (Proactive) 968M(47%)->72M(4%)
[2024-07-21T21:25:46.900+0800][17.163s][gc,start    ] GC(10) Garbage Collection (Proactive)
[2024-07-21T21:25:46.900+0800][17.163s][gc,task     ] GC(10) Using 2 workers
[2024-07-21T21:25:46.900+0800][17.163s][gc,phases   ] GC(10) Pause Mark Start 0.006ms
[2024-07-21T21:25:46.916+0800][17.179s][gc,phases   ] GC(10) Concurrent Mark 15.589ms
[2024-07-21T21:25:46.916+0800][17.180s][gc,phases   ] GC(10) Pause Mark End 0.014ms
[2024-07-21T21:25:46.916+0800][17.180s][gc,phases   ] GC(10) Concurrent Mark Free 0.001ms
[2024-07-21T21:25:46.917+0800][17.180s][gc,phases   ] GC(10) Concurrent Process Non-Strong References 0.790ms
[2024-07-21T21:25:46.917+0800][17.180s][gc,phases   ] GC(10) Concurrent Reset Relocation Set 0.001ms
[2024-07-21T21:25:46.919+0800][17.183s][gc,phases   ] GC(10) Concurrent Select Relocation Set 2.083ms
[2024-07-21T21:25:46.919+0800][17.183s][gc,phases   ] GC(10) Pause Relocate Start 0.008ms
[2024-07-21T21:25:46.923+0800][17.187s][gc,phases   ] GC(10) Concurrent Relocate 3.957ms
[2024-07-21T21:25:46.924+0800][17.187s][gc,load     ] GC(10) Load: 0.00/0.00/0.00
[2024-07-21T21:25:46.924+0800][17.187s][gc,mmu      ] GC(10) MMU: 2ms/97.9%, 5ms/99.0%, 10ms/99.5%, 20ms/99.6%, 50ms/99.8%, 100ms/99.9%
[2024-07-21T21:25:46.924+0800][17.187s][gc,marking  ] GC(10) Mark: 2 stripe(s), 2 proactive flush(es), 1 terminate flush(es), 0 completion(s), 0 continuation(s) 
[2024-07-21T21:25:46.924+0800][17.187s][gc,marking  ] GC(10) Mark Stack Usage: 32M
[2024-07-21T21:25:46.924+0800][17.187s][gc,nmethod  ] GC(10) NMethods: 473 registered, 0 unregistered
[2024-07-21T21:25:46.924+0800][17.187s][gc,metaspace] GC(10) Metaspace: 1M used, 1M committed, 1032M reserved
[2024-07-21T21:25:46.924+0800][17.187s][gc,ref      ] GC(10) Soft: 93 encountered, 0 discovered, 0 enqueued
[2024-07-21T21:25:46.924+0800][17.187s][gc,ref      ] GC(10) Weak: 131 encountered, 4 discovered, 0 enqueued
[2024-07-21T21:25:46.924+0800][17.187s][gc,ref      ] GC(10) Final: 0 encountered, 0 discovered, 0 enqueued
[2024-07-21T21:25:46.924+0800][17.187s][gc,ref      ] GC(10) Phantom: 184 encountered, 179 discovered, 0 enqueued
[2024-07-21T21:25:46.924+0800][17.187s][gc,reloc    ] GC(10) Small Pages: 4 / 8M, Empty: 2M, Relocated: 0M, In-Place: 0
[2024-07-21T21:25:46.924+0800][17.187s][gc,reloc    ] GC(10) Medium Pages: 25 / 800M, Empty: 704M, Relocated: 13M, In-Place: 0
[2024-07-21T21:25:46.924+0800][17.187s][gc,reloc    ] GC(10) Large Pages: 0 / 0M, Empty: 0M, Relocated: 0M, In-Place: 0
[2024-07-21T21:25:46.924+0800][17.187s][gc,reloc    ] GC(10) Forwarding Usage: 0M
[2024-07-21T21:25:46.924+0800][17.187s][gc,heap     ] GC(10) Min Capacity: 8M(0%)
[2024-07-21T21:25:46.924+0800][17.187s][gc,heap     ] GC(10) Max Capacity: 2048M(100%)
[2024-07-21T21:25:46.924+0800][17.187s][gc,heap     ] GC(10) Soft Max Capacity: 2048M(100%)
[2024-07-21T21:25:46.924+0800][17.187s][gc,heap     ] GC(10)                Mark Start          Mark End        Relocate Start      Relocate End           High               Low         
[2024-07-21T21:25:46.924+0800][17.187s][gc,heap     ] GC(10)  Capacity:     1568M (77%)        1568M (77%)        1568M (77%)        1568M (77%)        1568M (77%)        1568M (77%)    
[2024-07-21T21:25:46.924+0800][17.187s][gc,heap     ] GC(10)      Free:     1240M (61%)        1206M (59%)        1912M (93%)        1976M (96%)        1976M (96%)        1206M (59%)    
[2024-07-21T21:25:46.924+0800][17.187s][gc,heap     ] GC(10)      Used:      808M (39%)         842M (41%)         136M (7%)           72M (4%)          842M (41%)          72M (4%)     
[2024-07-21T21:25:46.924+0800][17.187s][gc,heap     ] GC(10)      Live:         -                17M (1%)           17M (1%)           17M (1%)             -                  -          
[2024-07-21T21:25:46.924+0800][17.187s][gc,heap     ] GC(10) Allocated:         -                34M (2%)           34M (2%)           34M (2%)             -                  -          
[2024-07-21T21:25:46.924+0800][17.187s][gc,heap     ] GC(10)   Garbage:         -               790M (39%)          84M (4%)           20M (1%)             -                  -          
[2024-07-21T21:25:46.924+0800][17.187s][gc,heap     ] GC(10) Reclaimed:         -                  -               706M (34%)         770M (38%)            -                  -          
[2024-07-21T21:25:46.924+0800][17.187s][gc          ] GC(10) Garbage Collection (Proactive) 808M(39%)->72M(4%)
[2024-07-21T21:25:47.583+0800][17.847s][gc,heap,exit] Heap
[2024-07-21T21:25:47.583+0800][17.847s][gc,heap,exit]  ZHeap           used 488M, capacity 1568M, max capacity 2048M
[2024-07-21T21:25:47.583+0800][17.847s][gc,heap,exit]  Metaspace       used 1345K, committed 1472K, reserved 1056768K
[2024-07-21T21:25:47.583+0800][17.847s][gc,heap,exit]   class space    used 111K, committed 192K, reserved 1048576K
