[0.018s][info][gc,init] Initializing The Z Garbage Collector
[0.018s][info][gc,init] Version: 17.0.2+8-86 (release)
[0.018s][info][gc,init] NUMA Support: Disabled
[0.018s][info][gc,init] CPUs: 8 total, 8 available
[0.018s][info][gc,init] Memory: 16281M
[0.018s][info][gc,init] Large Page Support: Disabled
[0.019s][info][gc,init] GC Workers: 2 (dynamic)
[0.019s][info][gc,init] Address Space Type: Contiguous/Unrestricted/Complete
[0.019s][info][gc,init] Address Space Size: 65152M x 3 = 195456M
[0.019s][info][gc,init] Min Capacity: 8M
[0.019s][info][gc,init] Initial Capacity: 256M
[0.019s][info][gc,init] Max Capacity: 4072M
[0.019s][info][gc,init] Medium Page Size: 32M
[0.019s][info][gc,init] Pre-touch: Disabled
[0.020s][info][gc,init] Uncommit: Enabled
[0.020s][info][gc,init] Uncommit Delay: 300s
[0.037s][info][gc,init] Runtime Workers: 5
[0.038s][info][gc     ] Using The Z Garbage Collector
[0.039s][info][gc,metaspace] CDS archive(s) mapped at: [0x0000000800000000-0x0000000800bc0000-0x0000000800bc0000), size 12320768, SharedBaseAddress: 0x0000000800000000, ArchiveRelocationMode: 0.
[0.039s][info][gc,metaspace] Compressed class space mapped at: 0x0000000800c00000-0x0000000840c00000, reserved size: 1073741824
[0.039s][info][gc,metaspace] Narrow klass base: 0x0000000800000000, Narrow klass shift: 0, Narrow klass range: 0x100000000
[0.468s][info][gc,start    ] GC(0) Garbage Collection (Warmup)
[0.468s][info][gc,task     ] GC(0) Using 2 workers
[0.468s][info][gc,phases   ] GC(0) Pause Mark Start 0.009ms
[0.484s][info][gc,phases   ] GC(0) Concurrent Mark 15.559ms
[0.484s][info][gc,phases   ] GC(0) Pause Mark End 0.015ms
[0.484s][info][gc,phases   ] GC(0) Concurrent Mark Free 0.001ms
[0.484s][info][gc,phases   ] GC(0) Concurrent Process Non-Strong References 0.514ms
[0.484s][info][gc,phases   ] GC(0) Concurrent Reset Relocation Set 0.000ms
[0.497s][info][gc,phases   ] GC(0) Concurrent Select Relocation Set 12.145ms
[0.497s][info][gc,phases   ] GC(0) Pause Relocate Start 0.012ms
[0.498s][info][gc,phases   ] GC(0) Concurrent Relocate 1.003ms
[0.498s][info][gc,load     ] GC(0) Load: 0.00/0.00/0.00
[0.498s][info][gc,mmu      ] GC(0) MMU: 2ms/99.3%, 5ms/99.7%, 10ms/99.9%, 20ms/99.9%, 50ms/99.9%, 100ms/100.0%
[0.498s][info][gc,marking  ] GC(0) Mark: 2 stripe(s), 2 proactive flush(es), 1 terminate flush(es), 0 completion(s), 0 continuation(s) 
[0.498s][info][gc,marking  ] GC(0) Mark Stack Usage: 32M
[0.498s][info][gc,nmethod  ] GC(0) NMethods: 289 registered, 0 unregistered
[0.498s][info][gc,metaspace] GC(0) Metaspace: 0M used, 0M committed, 1032M reserved
[0.498s][info][gc,ref      ] GC(0) Soft: 45 encountered, 0 discovered, 0 enqueued
[0.498s][info][gc,ref      ] GC(0) Weak: 132 encountered, 33 discovered, 32 enqueued
[0.498s][info][gc,ref      ] GC(0) Final: 0 encountered, 0 discovered, 0 enqueued
[0.498s][info][gc,ref      ] GC(0) Phantom: 196 encountered, 136 discovered, 24 enqueued
[0.498s][info][gc,reloc    ] GC(0) Small Pages: 5 / 10M, Empty: 0M, Relocated: 0M, In-Place: 0
[0.498s][info][gc,reloc    ] GC(0) Medium Pages: 15 / 480M, Empty: 0M, Relocated: 0M, In-Place: 0
[0.498s][info][gc,reloc    ] GC(0) Large Pages: 0 / 0M, Empty: 0M, Relocated: 0M, In-Place: 0
[0.498s][info][gc,reloc    ] GC(0) Forwarding Usage: 0M
[0.498s][info][gc,heap     ] GC(0) Min Capacity: 8M(0%)
[0.498s][info][gc,heap     ] GC(0) Max Capacity: 4072M(100%)
[0.498s][info][gc,heap     ] GC(0) Soft Max Capacity: 4072M(100%)
[0.498s][info][gc,heap     ] GC(0)                Mark Start          Mark End        Relocate Start      Relocate End           High               Low         
[0.498s][info][gc,heap     ] GC(0)  Capacity:      512M (13%)         544M (13%)         576M (14%)         576M (14%)         576M (14%)         512M (13%)    
[0.498s][info][gc,heap     ] GC(0)      Free:     3582M (88%)        3550M (87%)        3518M (86%)        3518M (86%)        3582M (88%)        3512M (86%)    
[0.498s][info][gc,heap     ] GC(0)      Used:      490M (12%)         522M (13%)         554M (14%)         554M (14%)         560M (14%)         490M (12%)    
[0.498s][info][gc,heap     ] GC(0)      Live:         -               449M (11%)         449M (11%)         449M (11%)            -                  -          
[0.498s][info][gc,heap     ] GC(0) Allocated:         -                32M (1%)           64M (2%)           65M (2%)             -                  -          
[0.498s][info][gc,heap     ] GC(0)   Garbage:         -                40M (1%)           40M (1%)           38M (1%)             -                  -          
[0.498s][info][gc,heap     ] GC(0) Reclaimed:         -                  -                 0M (0%)            1M (0%)             -                  -          
[0.498s][info][gc          ] GC(0) Garbage Collection (Warmup) 490M(12%)->554M(14%)
[0.781s][info][gc,start    ] GC(1) Garbage Collection (Warmup)
[0.781s][info][gc,task     ] GC(1) Using 2 workers
[0.781s][info][gc,phases   ] GC(1) Pause Mark Start 0.010ms
[0.797s][info][gc,phases   ] GC(1) Concurrent Mark 15.695ms
[0.797s][info][gc,phases   ] GC(1) Pause Mark End 0.014ms
[0.797s][info][gc,phases   ] GC(1) Concurrent Mark Free 0.001ms
[0.797s][info][gc,phases   ] GC(1) Concurrent Process Non-Strong References 0.451ms
[0.797s][info][gc,phases   ] GC(1) Concurrent Reset Relocation Set 0.001ms
[0.799s][info][gc,phases   ] GC(1) Concurrent Select Relocation Set 1.567ms
[0.799s][info][gc,phases   ] GC(1) Pause Relocate Start 0.013ms
[0.800s][info][gc,phases   ] GC(1) Concurrent Relocate 0.606ms
[0.800s][info][gc,load     ] GC(1) Load: 0.00/0.00/0.00
[0.800s][info][gc,mmu      ] GC(1) MMU: 2ms/99.3%, 5ms/99.5%, 10ms/99.7%, 20ms/99.8%, 50ms/99.9%, 100ms/100.0%
[0.800s][info][gc,marking  ] GC(1) Mark: 2 stripe(s), 2 proactive flush(es), 1 terminate flush(es), 0 completion(s), 0 continuation(s) 
[0.800s][info][gc,marking  ] GC(1) Mark Stack Usage: 32M
[0.800s][info][gc,nmethod  ] GC(1) NMethods: 289 registered, 0 unregistered
[0.800s][info][gc,metaspace] GC(1) Metaspace: 0M used, 0M committed, 1032M reserved
[0.800s][info][gc,ref      ] GC(1) Soft: 45 encountered, 0 discovered, 0 enqueued
[0.800s][info][gc,ref      ] GC(1) Weak: 100 encountered, 37 discovered, 0 enqueued
[0.800s][info][gc,ref      ] GC(1) Final: 0 encountered, 0 discovered, 0 enqueued
[0.800s][info][gc,ref      ] GC(1) Phantom: 172 encountered, 112 discovered, 0 enqueued
[0.800s][info][gc,reloc    ] GC(1) Small Pages: 5 / 10M, Empty: 0M, Relocated: 0M, In-Place: 0
[0.800s][info][gc,reloc    ] GC(1) Medium Pages: 29 / 928M, Empty: 0M, Relocated: 0M, In-Place: 0
[0.800s][info][gc,reloc    ] GC(1) Large Pages: 0 / 0M, Empty: 0M, Relocated: 0M, In-Place: 0
[0.800s][info][gc,reloc    ] GC(1) Forwarding Usage: 0M
[0.800s][info][gc,heap     ] GC(1) Min Capacity: 8M(0%)
[0.800s][info][gc,heap     ] GC(1) Max Capacity: 4072M(100%)
[0.800s][info][gc,heap     ] GC(1) Soft Max Capacity: 4072M(100%)
[0.800s][info][gc,heap     ] GC(1)                Mark Start          Mark End        Relocate Start      Relocate End           High               Low         
[0.800s][info][gc,heap     ] GC(1)  Capacity:      960M (24%)         992M (24%)         992M (24%)         992M (24%)         992M (24%)         960M (24%)    
[0.800s][info][gc,heap     ] GC(1)      Free:     3134M (77%)        3102M (76%)        3102M (76%)        3102M (76%)        3134M (77%)        3096M (76%)    
[0.800s][info][gc,heap     ] GC(1)      Used:      938M (23%)         970M (24%)         970M (24%)         970M (24%)         976M (24%)         938M (23%)    
[0.800s][info][gc,heap     ] GC(1)      Live:         -               881M (22%)         881M (22%)         881M (22%)            -                  -          
[0.800s][info][gc,heap     ] GC(1) Allocated:         -                32M (1%)           32M (1%)           33M (1%)             -                  -          
[0.800s][info][gc,heap     ] GC(1)   Garbage:         -                56M (1%)           56M (1%)           54M (1%)             -                  -          
[0.800s][info][gc,heap     ] GC(1) Reclaimed:         -                  -                 0M (0%)            1M (0%)             -                  -          
[0.800s][info][gc          ] GC(1) Garbage Collection (Warmup) 938M(23%)->970M(24%)
[1.171s][info][gc,start    ] GC(2) Garbage Collection (Warmup)
[1.171s][info][gc,task     ] GC(2) Using 2 workers
[1.171s][info][gc,phases   ] GC(2) Pause Mark Start 0.008ms
[1.187s][info][gc,phases   ] GC(2) Concurrent Mark 15.635ms
[1.187s][info][gc,phases   ] GC(2) Pause Mark End 0.014ms
[1.187s][info][gc,phases   ] GC(2) Concurrent Mark Free 0.001ms
[1.187s][info][gc,phases   ] GC(2) Concurrent Process Non-Strong References 0.474ms
[1.187s][info][gc,phases   ] GC(2) Concurrent Reset Relocation Set 0.001ms
[1.190s][info][gc,phases   ] GC(2) Concurrent Select Relocation Set 2.023ms
[1.190s][info][gc,phases   ] GC(2) Pause Relocate Start 0.010ms
[1.200s][info][gc,phases   ] GC(2) Concurrent Relocate 10.026ms
[1.200s][info][gc,load     ] GC(2) Load: 0.00/0.00/0.00
[1.200s][info][gc,mmu      ] GC(2) MMU: 2ms/99.3%, 5ms/99.5%, 10ms/99.7%, 20ms/99.8%, 50ms/99.9%, 100ms/100.0%
[1.200s][info][gc,marking  ] GC(2) Mark: 2 stripe(s), 2 proactive flush(es), 1 terminate flush(es), 0 completion(s), 0 continuation(s) 
[1.200s][info][gc,marking  ] GC(2) Mark Stack Usage: 32M
[1.200s][info][gc,nmethod  ] GC(2) NMethods: 347 registered, 0 unregistered
[1.200s][info][gc,metaspace] GC(2) Metaspace: 1M used, 1M committed, 1032M reserved
[1.200s][info][gc,ref      ] GC(2) Soft: 85 encountered, 0 discovered, 0 enqueued
[1.200s][info][gc,ref      ] GC(2) Weak: 121 encountered, 5 discovered, 5 enqueued
[1.200s][info][gc,ref      ] GC(2) Final: 0 encountered, 0 discovered, 0 enqueued
[1.200s][info][gc,ref      ] GC(2) Phantom: 177 encountered, 117 discovered, 5 enqueued
[1.200s][info][gc,reloc    ] GC(2) Small Pages: 7 / 14M, Empty: 0M, Relocated: 1M, In-Place: 0
[1.200s][info][gc,reloc    ] GC(2) Medium Pages: 42 / 1344M, Empty: 0M, Relocated: 16M, In-Place: 0
[1.200s][info][gc,reloc    ] GC(2) Large Pages: 0 / 0M, Empty: 0M, Relocated: 0M, In-Place: 0
[1.200s][info][gc,reloc    ] GC(2) Forwarding Usage: 0M
[1.200s][info][gc,heap     ] GC(2) Min Capacity: 8M(0%)
[1.200s][info][gc,heap     ] GC(2) Max Capacity: 4072M(100%)
[1.200s][info][gc,heap     ] GC(2) Soft Max Capacity: 4072M(100%)
[1.200s][info][gc,heap     ] GC(2)                Mark Start          Mark End        Relocate Start      Relocate End           High               Low         
[1.200s][info][gc,heap     ] GC(2)  Capacity:     1376M (34%)        1408M (35%)        1408M (35%)        1472M (36%)        1472M (36%)        1376M (34%)    
[1.200s][info][gc,heap     ] GC(2)      Free:     2714M (67%)        2682M (66%)        2682M (66%)        2688M (66%)        2714M (67%)        2616M (64%)    
[1.200s][info][gc,heap     ] GC(2)      Used:     1358M (33%)        1390M (34%)        1390M (34%)        1384M (34%)        1456M (36%)        1358M (33%)    
[1.200s][info][gc,heap     ] GC(2)      Live:         -              1261M (31%)        1261M (31%)        1261M (31%)            -                  -          
[1.200s][info][gc,heap     ] GC(2) Allocated:         -                32M (1%)           32M (1%)           65M (2%)             -                  -          
[1.200s][info][gc,heap     ] GC(2)   Garbage:         -                96M (2%)           96M (2%)           56M (1%)             -                  -          
[1.200s][info][gc,heap     ] GC(2) Reclaimed:         -                  -                 0M (0%)           39M (1%)             -                  -          
[1.200s][info][gc          ] GC(2) Garbage Collection (Warmup) 1358M(33%)->1384M(34%)
[2.767s][info][gc,start    ] GC(3) Garbage Collection (Allocation Rate)
[2.767s][info][gc,task     ] GC(3) Using 1 workers
[2.767s][info][gc,phases   ] GC(3) Pause Mark Start 0.010ms
[2.780s][info][gc,phases   ] GC(3) Concurrent Mark 12.778ms
[2.781s][info][gc,phases   ] GC(3) Pause Mark End 0.025ms
[2.781s][info][gc,phases   ] GC(3) Concurrent Mark Free 0.001ms
[2.782s][info][gc,phases   ] GC(3) Concurrent Process Non-Strong References 1.244ms
[2.782s][info][gc,phases   ] GC(3) Concurrent Reset Relocation Set 0.002ms
[2.784s][info][gc,phases   ] GC(3) Concurrent Select Relocation Set 1.979ms
[2.784s][info][gc,phases   ] GC(3) Pause Relocate Start 0.006ms
[2.788s][info][gc,phases   ] GC(3) Concurrent Relocate 3.182ms
[2.788s][info][gc,load     ] GC(3) Load: 0.00/0.00/0.00
[2.788s][info][gc,mmu      ] GC(3) MMU: 2ms/98.8%, 5ms/99.4%, 10ms/99.7%, 20ms/99.8%, 50ms/99.9%, 100ms/100.0%
[2.788s][info][gc,marking  ] GC(3) Mark: 1 stripe(s), 2 proactive flush(es), 1 terminate flush(es), 0 completion(s), 0 continuation(s) 
[2.788s][info][gc,marking  ] GC(3) Mark Stack Usage: 32M
[2.788s][info][gc,nmethod  ] GC(3) NMethods: 347 registered, 0 unregistered
[2.788s][info][gc,metaspace] GC(3) Metaspace: 1M used, 1M committed, 1032M reserved
[2.788s][info][gc,ref      ] GC(3) Soft: 85 encountered, 0 discovered, 0 enqueued
[2.788s][info][gc,ref      ] GC(3) Weak: 116 encountered, 0 discovered, 0 enqueued
[2.788s][info][gc,ref      ] GC(3) Final: 0 encountered, 0 discovered, 0 enqueued
[2.788s][info][gc,ref      ] GC(3) Phantom: 172 encountered, 86 discovered, 0 enqueued
[2.788s][info][gc,reloc    ] GC(3) Small Pages: 4 / 8M, Empty: 0M, Relocated: 1M, In-Place: 0
[2.788s][info][gc,reloc    ] GC(3) Medium Pages: 116 / 3712M, Empty: 992M, Relocated: 8M, In-Place: 0
[2.788s][info][gc,reloc    ] GC(3) Large Pages: 0 / 0M, Empty: 0M, Relocated: 0M, In-Place: 0
[2.788s][info][gc,reloc    ] GC(3) Forwarding Usage: 0M
[2.788s][info][gc,heap     ] GC(3) Min Capacity: 8M(0%)
[2.788s][info][gc,heap     ] GC(3) Max Capacity: 4072M(100%)
[2.788s][info][gc,heap     ] GC(3) Soft Max Capacity: 4072M(100%)
[2.788s][info][gc,heap     ] GC(3)                Mark Start          Mark End        Relocate Start      Relocate End           High               Low         
[2.788s][info][gc,heap     ] GC(3)  Capacity:     3744M (92%)        3776M (93%)        3776M (93%)        3776M (93%)        3776M (93%)        3744M (92%)    
[2.788s][info][gc,heap     ] GC(3)      Free:      352M (9%)          320M (8%)         1312M (32%)        1376M (34%)        1376M (34%)         320M (8%)     
[2.788s][info][gc,heap     ] GC(3)      Used:     3720M (91%)        3752M (92%)        2760M (68%)        2696M (66%)        3752M (92%)        2696M (66%)    
[2.788s][info][gc,heap     ] GC(3)      Live:         -              2562M (63%)        2562M (63%)        2562M (63%)            -                  -          
[2.788s][info][gc,heap     ] GC(3) Allocated:         -                32M (1%)           32M (1%)           33M (1%)             -                  -          
[2.788s][info][gc,heap     ] GC(3)   Garbage:         -              1157M (28%)         165M (4%)           99M (2%)             -                  -          
[2.788s][info][gc,heap     ] GC(3) Reclaimed:         -                  -               992M (24%)        1057M (26%)            -                  -          
[2.788s][info][gc          ] GC(3) Garbage Collection (Allocation Rate) 3720M(91%)->2696M(66%)
[3.066s][info][gc,start    ] GC(4) Garbage Collection (Allocation Rate)
[3.066s][info][gc,task     ] GC(4) Using 1 workers
[3.066s][info][gc,phases   ] GC(4) Pause Mark Start 0.007ms
[3.078s][info][gc,phases   ] GC(4) Concurrent Mark 12.059ms
[3.078s][info][gc,phases   ] GC(4) Pause Mark End 0.009ms
[3.078s][info][gc,phases   ] GC(4) Concurrent Mark Free 0.001ms
[3.079s][info][gc,phases   ] GC(4) Concurrent Process Non-Strong References 0.964ms
[3.079s][info][gc,phases   ] GC(4) Concurrent Reset Relocation Set 0.001ms
[3.083s][info][gc,phases   ] GC(4) Concurrent Select Relocation Set 3.275ms
[3.083s][info][gc,phases   ] GC(4) Pause Relocate Start 0.009ms
[3.088s][info][gc,phases   ] GC(4) Concurrent Relocate 5.406ms
[3.088s][info][gc,load     ] GC(4) Load: 0.00/0.00/0.00
[3.088s][info][gc,mmu      ] GC(4) MMU: 2ms/98.8%, 5ms/99.4%, 10ms/99.7%, 20ms/99.8%, 50ms/99.9%, 100ms/100.0%
[3.088s][info][gc,marking  ] GC(4) Mark: 1 stripe(s), 2 proactive flush(es), 1 terminate flush(es), 0 completion(s), 0 continuation(s) 
[3.089s][info][gc,marking  ] GC(4) Mark Stack Usage: 32M
[3.089s][info][gc,nmethod  ] GC(4) NMethods: 347 registered, 0 unregistered
[3.089s][info][gc,metaspace] GC(4) Metaspace: 1M used, 1M committed, 1032M reserved
[3.089s][info][gc,ref      ] GC(4) Soft: 85 encountered, 0 discovered, 0 enqueued
[3.089s][info][gc,ref      ] GC(4) Weak: 116 encountered, 0 discovered, 0 enqueued
[3.089s][info][gc,ref      ] GC(4) Final: 0 encountered, 0 discovered, 0 enqueued
[3.089s][info][gc,ref      ] GC(4) Phantom: 172 encountered, 86 discovered, 0 enqueued
[3.089s][info][gc,reloc    ] GC(4) Small Pages: 4 / 8M, Empty: 0M, Relocated: 1M, In-Place: 0
[3.089s][info][gc,reloc    ] GC(4) Medium Pages: 118 / 3776M, Empty: 512M, Relocated: 15M, In-Place: 0
[3.089s][info][gc,reloc    ] GC(4) Large Pages: 0 / 0M, Empty: 0M, Relocated: 0M, In-Place: 0
[3.089s][info][gc,reloc    ] GC(4) Forwarding Usage: 0M
[3.089s][info][gc,heap     ] GC(4) Min Capacity: 8M(0%)
[3.089s][info][gc,heap     ] GC(4) Max Capacity: 4072M(100%)
[3.089s][info][gc,heap     ] GC(4) Soft Max Capacity: 4072M(100%)
[3.089s][info][gc,heap     ] GC(4)                Mark Start          Mark End        Relocate Start      Relocate End           High               Low         
[3.089s][info][gc,heap     ] GC(4)  Capacity:     3808M (94%)        3840M (94%)        3840M (94%)        3840M (94%)        3840M (94%)        3808M (94%)    
[3.089s][info][gc,heap     ] GC(4)      Free:      288M (7%)          256M (6%)          768M (19%)         800M (20%)         800M (20%)         256M (6%)     
[3.089s][info][gc,heap     ] GC(4)      Used:     3784M (93%)        3816M (94%)        3304M (81%)        3272M (80%)        3816M (94%)        3272M (80%)    
[3.089s][info][gc,heap     ] GC(4)      Live:         -              3131M (77%)        3131M (77%)        3131M (77%)            -                  -          
[3.089s][info][gc,heap     ] GC(4) Allocated:         -                32M (1%)           32M (1%)           33M (1%)             -                  -          
[3.089s][info][gc,heap     ] GC(4)   Garbage:         -               652M (16%)         140M (3%)          106M (3%)             -                  -          
[3.089s][info][gc,heap     ] GC(4) Reclaimed:         -                  -               512M (13%)         545M (13%)            -                  -          
[3.089s][info][gc          ] GC(4) Garbage Collection (Allocation Rate) 3784M(93%)->3272M(80%)
[3.176s][info][gc,start    ] GC(5) Garbage Collection (Allocation Rate)
[3.176s][info][gc,task     ] GC(5) Using 1 workers
[3.176s][info][gc,phases   ] GC(5) Pause Mark Start 0.020ms
[3.182s][info][gc,phases   ] GC(5) Concurrent Mark 5.505ms
[3.182s][info][gc,phases   ] GC(5) Pause Mark End 0.014ms
[3.182s][info][gc,phases   ] GC(5) Concurrent Mark Free 0.001ms
[3.182s][info][gc,phases   ] GC(5) Concurrent Process Non-Strong References 0.667ms
[3.182s][info][gc,phases   ] GC(5) Concurrent Reset Relocation Set 0.001ms
[3.184s][info][gc,phases   ] GC(5) Concurrent Select Relocation Set 1.555ms
[3.184s][info][gc,phases   ] GC(5) Pause Relocate Start 0.006ms
[3.185s][info][gc,phases   ] GC(5) Concurrent Relocate 0.777ms
[3.185s][info][gc,load     ] GC(5) Load: 0.00/0.00/0.00
[3.185s][info][gc,mmu      ] GC(5) MMU: 2ms/98.8%, 5ms/99.4%, 10ms/99.6%, 20ms/99.8%, 50ms/99.9%, 100ms/100.0%
[3.185s][info][gc,marking  ] GC(5) Mark: 1 stripe(s), 1 proactive flush(es), 1 terminate flush(es), 0 completion(s), 0 continuation(s) 
[3.185s][info][gc,marking  ] GC(5) Mark Stack Usage: 32M
[3.185s][info][gc,nmethod  ] GC(5) NMethods: 347 registered, 0 unregistered
[3.185s][info][gc,metaspace] GC(5) Metaspace: 1M used, 1M committed, 1032M reserved
[3.185s][info][gc,ref      ] GC(5) Soft: 85 encountered, 0 discovered, 0 enqueued
[3.185s][info][gc,ref      ] GC(5) Weak: 116 encountered, 0 discovered, 0 enqueued
[3.185s][info][gc,ref      ] GC(5) Final: 0 encountered, 0 discovered, 0 enqueued
[3.185s][info][gc,ref      ] GC(5) Phantom: 172 encountered, 86 discovered, 0 enqueued
[3.185s][info][gc,reloc    ] GC(5) Small Pages: 4 / 8M, Empty: 0M, Relocated: 1M, In-Place: 0
[3.185s][info][gc,reloc    ] GC(5) Medium Pages: 114 / 3648M, Empty: 512M, Relocated: 0M, In-Place: 0
[3.185s][info][gc,reloc    ] GC(5) Large Pages: 0 / 0M, Empty: 0M, Relocated: 0M, In-Place: 0
[3.185s][info][gc,reloc    ] GC(5) Forwarding Usage: 0M
[3.185s][info][gc,heap     ] GC(5) Min Capacity: 8M(0%)
[3.185s][info][gc,heap     ] GC(5) Max Capacity: 4072M(100%)
[3.185s][info][gc,heap     ] GC(5) Soft Max Capacity: 4072M(100%)
[3.185s][info][gc,heap     ] GC(5)                Mark Start          Mark End        Relocate Start      Relocate End           High               Low         
[3.185s][info][gc,heap     ] GC(5)  Capacity:     3840M (94%)        3840M (94%)        3840M (94%)        3840M (94%)        3840M (94%)        3840M (94%)    
[3.185s][info][gc,heap     ] GC(5)      Free:      416M (10%)         416M (10%)         928M (23%)         930M (23%)         930M (23%)         416M (10%)    
[3.185s][info][gc,heap     ] GC(5)      Used:     3656M (90%)        3656M (90%)        3144M (77%)        3142M (77%)        3656M (90%)        3142M (77%)    
[3.185s][info][gc,heap     ] GC(5)      Live:         -              3016M (74%)        3016M (74%)        3016M (74%)            -                  -          
[3.185s][info][gc,heap     ] GC(5) Allocated:         -                 0M (0%)            0M (0%)            0M (0%)             -                  -          
[3.185s][info][gc,heap     ] GC(5)   Garbage:         -               639M (16%)         127M (3%)          125M (3%)             -                  -          
[3.185s][info][gc,heap     ] GC(5) Reclaimed:         -                  -               512M (13%)         514M (13%)            -                  -          
[3.185s][info][gc          ] GC(5) Garbage Collection (Allocation Rate) 3656M(90%)->3142M(77%)
[3.379s][info][gc,start    ] GC(6) Garbage Collection (Allocation Rate)
[3.379s][info][gc,task     ] GC(6) Using 2 workers
[3.380s][info][gc,phases   ] GC(6) Pause Mark Start 0.005ms
[3.394s][info][gc,phases   ] GC(6) Concurrent Mark 14.186ms
[3.394s][info][gc,phases   ] GC(6) Pause Mark End 0.014ms
[3.394s][info][gc,phases   ] GC(6) Concurrent Mark Free 0.001ms
[3.395s][info][gc,phases   ] GC(6) Concurrent Process Non-Strong References 0.785ms
[3.395s][info][gc,phases   ] GC(6) Concurrent Reset Relocation Set 0.002ms
[3.397s][info][gc,phases   ] GC(6) Concurrent Select Relocation Set 1.797ms
[3.397s][info][gc,phases   ] GC(6) Pause Relocate Start 0.006ms
[3.409s][info][gc,phases   ] GC(6) Concurrent Relocate 11.921ms
[3.409s][info][gc,load     ] GC(6) Load: 0.00/0.00/0.00
[3.409s][info][gc,mmu      ] GC(6) MMU: 2ms/98.8%, 5ms/99.4%, 10ms/99.6%, 20ms/99.8%, 50ms/99.9%, 100ms/100.0%
[3.409s][info][gc,marking  ] GC(6) Mark: 2 stripe(s), 2 proactive flush(es), 1 terminate flush(es), 0 completion(s), 0 continuation(s) 
[3.409s][info][gc,marking  ] GC(6) Mark Stack Usage: 32M
[3.409s][info][gc,nmethod  ] GC(6) NMethods: 348 registered, 0 unregistered
[3.409s][info][gc,metaspace] GC(6) Metaspace: 1M used, 1M committed, 1032M reserved
[3.409s][info][gc,ref      ] GC(6) Soft: 85 encountered, 0 discovered, 0 enqueued
[3.409s][info][gc,ref      ] GC(6) Weak: 116 encountered, 92 discovered, 0 enqueued
[3.409s][info][gc,ref      ] GC(6) Final: 0 encountered, 0 discovered, 0 enqueued
[3.409s][info][gc,ref      ] GC(6) Phantom: 172 encountered, 154 discovered, 0 enqueued
[3.410s][info][gc,reloc    ] GC(6) Small Pages: 4 / 8M, Empty: 0M, Relocated: 1M, In-Place: 0
[3.410s][info][gc,reloc    ] GC(6) Medium Pages: 124 / 3968M, Empty: 0M, Relocated: 14M, In-Place: 0
[3.410s][info][gc,reloc    ] GC(6) Large Pages: 0 / 0M, Empty: 0M, Relocated: 0M, In-Place: 0
[3.410s][info][gc,reloc    ] GC(6) Forwarding Usage: 0M
[3.410s][info][gc,heap     ] GC(6) Min Capacity: 8M(0%)
[3.410s][info][gc,heap     ] GC(6) Max Capacity: 4072M(100%)
[3.410s][info][gc,heap     ] GC(6) Soft Max Capacity: 4072M(100%)
[3.410s][info][gc,heap     ] GC(6)                Mark Start          Mark End        Relocate Start      Relocate End           High               Low         
[3.410s][info][gc,heap     ] GC(6)  Capacity:     4000M (98%)        4032M (99%)        4032M (99%)        4064M (100%)       4064M (100%)       4000M (98%)    
[3.410s][info][gc,heap     ] GC(6)      Free:       96M (2%)           64M (2%)           64M (2%)           64M (2%)           96M (2%)           30M (1%)     
[3.410s][info][gc,heap     ] GC(6)      Used:     3976M (98%)        4008M (98%)        4008M (98%)        4008M (98%)        4042M (99%)        3976M (98%)    
[3.410s][info][gc,heap     ] GC(6)      Live:         -              3795M (93%)        3795M (93%)        3795M (93%)            -                  -          
[3.410s][info][gc,heap     ] GC(6) Allocated:         -                32M (1%)           32M (1%)           65M (2%)             -                  -          
[3.410s][info][gc,heap     ] GC(6)   Garbage:         -               180M (4%)          180M (4%)          146M (4%)             -                  -          
[3.410s][info][gc,heap     ] GC(6) Reclaimed:         -                  -                 0M (0%)           33M (1%)             -                  -          
[3.410s][info][gc          ] GC(6) Garbage Collection (Allocation Rate) 3976M(98%)->4008M(98%)
[3.449s][info][gc,start    ] GC(7) Garbage Collection (Allocation Stall)
[3.449s][info][gc,ref      ] GC(7) Clearing All SoftReferences
[3.449s][info][gc,task     ] GC(7) Using 2 workers
[3.449s][info][gc,phases   ] GC(7) Pause Mark Start 0.006ms
[3.457s][info][gc,phases   ] GC(7) Concurrent Mark 8.020ms
[3.457s][info][gc,phases   ] GC(7) Pause Mark End 0.008ms
[3.457s][info][gc,phases   ] GC(7) Concurrent Mark Free 0.001ms
[3.458s][info][gc,phases   ] GC(7) Concurrent Process Non-Strong References 0.758ms
[3.458s][info][gc,phases   ] GC(7) Concurrent Reset Relocation Set 0.001ms
[3.460s][info][gc,phases   ] GC(7) Concurrent Select Relocation Set 1.592ms
[3.460s][info][gc,phases   ] GC(7) Pause Relocate Start 0.004ms
[3.461s][info][gc,phases   ] GC(7) Concurrent Relocate 0.776ms
[3.461s][info][gc,load     ] GC(7) Load: 0.00/0.00/0.00
[3.461s][info][gc,mmu      ] GC(7) MMU: 2ms/98.8%, 5ms/99.4%, 10ms/99.6%, 20ms/99.8%, 50ms/99.9%, 100ms/100.0%
[3.461s][info][gc,marking  ] GC(7) Mark: 2 stripe(s), 1 proactive flush(es), 1 terminate flush(es), 0 completion(s), 0 continuation(s) 
[3.461s][info][gc,marking  ] GC(7) Mark Stack Usage: 32M
[3.461s][info][gc,nmethod  ] GC(7) NMethods: 348 registered, 0 unregistered
[3.461s][info][gc,metaspace] GC(7) Metaspace: 1M used, 1M committed, 1032M reserved
[3.461s][info][gc,ref      ] GC(7) Soft: 85 encountered, 55 discovered, 43 enqueued
[3.461s][info][gc,ref      ] GC(7) Weak: 116 encountered, 4 discovered, 0 enqueued
[3.461s][info][gc,ref      ] GC(7) Final: 0 encountered, 0 discovered, 0 enqueued
[3.461s][info][gc,ref      ] GC(7) Phantom: 172 encountered, 170 discovered, 0 enqueued
[3.461s][info][gc,reloc    ] GC(7) Small Pages: 4 / 8M, Empty: 0M, Relocated: 1M, In-Place: 1
[3.461s][info][gc,reloc    ] GC(7) Medium Pages: 127 / 4064M, Empty: 0M, Relocated: 0M, In-Place: 0
[3.461s][info][gc,reloc    ] GC(7) Large Pages: 0 / 0M, Empty: 0M, Relocated: 0M, In-Place: 0
[3.461s][info][gc,reloc    ] GC(7) Forwarding Usage: 0M
[3.461s][info][gc,heap     ] GC(7) Min Capacity: 8M(0%)
[3.461s][info][gc,heap     ] GC(7) Max Capacity: 4072M(100%)
[3.461s][info][gc,heap     ] GC(7) Soft Max Capacity: 4072M(100%)
[3.461s][info][gc,heap     ] GC(7)                Mark Start          Mark End        Relocate Start      Relocate End           High               Low         
[3.461s][info][gc,heap     ] GC(7)  Capacity:     4072M (100%)       4072M (100%)       4072M (100%)       4072M (100%)       4072M (100%)       4072M (100%)   
[3.461s][info][gc,heap     ] GC(7)      Free:        0M (0%)            0M (0%)            0M (0%)            2M (0%)            2M (0%)            0M (0%)     
[3.461s][info][gc,heap     ] GC(7)      Used:     4072M (100%)       4072M (100%)       4072M (100%)       4070M (100%)       4072M (100%)       4070M (100%)   
[3.461s][info][gc,heap     ] GC(7)      Live:         -              3919M (96%)        3919M (96%)        3919M (96%)            -                  -          
[3.461s][info][gc,heap     ] GC(7) Allocated:         -                 0M (0%)            0M (0%)            0M (0%)             -                  -          
[3.461s][info][gc,heap     ] GC(7)   Garbage:         -               152M (4%)          152M (4%)          150M (4%)             -                  -          
[3.461s][info][gc,heap     ] GC(7) Reclaimed:         -                  -                 0M (0%)            2M (0%)             -                  -          
[3.461s][info][gc          ] GC(7) Garbage Collection (Allocation Stall) 4072M(100%)->4070M(100%)
[3.461s][info][gc          ] Allocation Stall (main) 12.590ms
[3.461s][info][gc          ] Out Of Memory (main)
[3.462s][info][gc,heap,exit] Heap
[3.462s][info][gc,heap,exit]  ZHeap           used 4072M, capacity 4072M, max capacity 4072M
[3.462s][info][gc,heap,exit]  Metaspace       used 1039K, committed 1216K, reserved 1056768K
[3.462s][info][gc,heap,exit]   class space    used 77K, committed 192K, reserved 1048576K
