[2024-07-24T07:25:01.467+0800][0.011s][gc,init] Initializing The Z Garbage Collector
[2024-07-24T07:25:01.467+0800][0.011s][gc,init] Version: 17.0.12+8-LTS-286 (release)
[2024-07-24T07:25:01.467+0800][0.011s][gc,init] NUMA Support: Disabled
[2024-07-24T07:25:01.467+0800][0.011s][gc,init] CPUs: 8 total, 8 available
[2024-07-24T07:25:01.467+0800][0.011s][gc,init] Memory: 16281M
[2024-07-24T07:25:01.467+0800][0.011s][gc,init] Large Page Support: Disabled
[2024-07-24T07:25:01.467+0800][0.012s][gc,init] GC Workers: 2 (dynamic)
[2024-07-24T07:25:01.468+0800][0.012s][gc,init] Address Space Type: Contiguous/Unrestricted/Complete
[2024-07-24T07:25:01.468+0800][0.012s][gc,init] Address Space Size: 32768M x 3 = 98304M
[2024-07-24T07:25:01.469+0800][0.014s][gc,init] Min Capacity: 1024M
[2024-07-24T07:25:01.469+0800][0.014s][gc,init] Initial Capacity: 1024M
[2024-07-24T07:25:01.469+0800][0.014s][gc,init] Max Capacity: 2048M
[2024-07-24T07:25:01.469+0800][0.014s][gc,init] Medium Page Size: 32M
[2024-07-24T07:25:01.469+0800][0.014s][gc,init] Pre-touch: Disabled
[2024-07-24T07:25:01.470+0800][0.014s][gc,init] Uncommit: Enabled
[2024-07-24T07:25:01.470+0800][0.014s][gc,init] Uncommit Delay: 300s
[2024-07-24T07:25:01.517+0800][0.061s][gc,init] Runtime Workers: 5
[2024-07-24T07:25:01.519+0800][0.062s][gc     ] Using The Z Garbage Collector
[2024-07-24T07:25:01.529+0800][0.073s][gc,metaspace] CDS archive(s) mapped at: [0x0000012e80000000-0x0000012e80bd0000-0x0000012e80bd0000), size 12386304, SharedBaseAddress: 0x0000012e80000000, ArchiveRelocationMode: 1.
[2024-07-24T07:25:01.529+0800][0.073s][gc,metaspace] Compressed class space mapped at: 0x0000012e81000000-0x0000012ec1000000, reserved size: 1073741824
[2024-07-24T07:25:01.529+0800][0.073s][gc,metaspace] Narrow klass base: 0x0000012e80000000, Narrow klass shift: 0, Narrow klass range: 0x100000000
[2024-07-24T07:25:02.063+0800][0.607s][gc,start    ] GC(0) Garbage Collection (Warmup)
[2024-07-24T07:25:02.063+0800][0.607s][gc,task     ] GC(0) Using 2 workers
[2024-07-24T07:25:02.063+0800][0.607s][gc,phases   ] GC(0) Pause Mark Start 0.006ms
[2024-07-24T07:25:02.079+0800][0.622s][gc,phases   ] GC(0) Concurrent Mark 14.853ms
[2024-07-24T07:25:02.079+0800][0.622s][gc,phases   ] GC(0) Pause Mark End 0.019ms
[2024-07-24T07:25:02.079+0800][0.623s][gc,phases   ] GC(0) Concurrent Mark Free 0.001ms
[2024-07-24T07:25:02.079+0800][0.623s][gc,phases   ] GC(0) Concurrent Process Non-Strong References 0.781ms
[2024-07-24T07:25:02.079+0800][0.623s][gc,phases   ] GC(0) Concurrent Reset Relocation Set 0.000ms
[2024-07-24T07:25:02.088+0800][0.632s][gc,phases   ] GC(0) Concurrent Select Relocation Set 8.398ms
[2024-07-24T07:25:02.088+0800][0.632s][gc,phases   ] GC(0) Pause Relocate Start 0.006ms
[2024-07-24T07:25:02.090+0800][0.634s][gc,phases   ] GC(0) Concurrent Relocate 1.444ms
[2024-07-24T07:25:02.090+0800][0.634s][gc,load     ] GC(0) Load: 0.00/0.00/0.00
[2024-07-24T07:25:02.090+0800][0.634s][gc,mmu      ] GC(0) MMU: 2ms/99.0%, 5ms/99.6%, 10ms/99.7%, 20ms/99.9%, 50ms/99.9%, 100ms/100.0%
[2024-07-24T07:25:02.090+0800][0.634s][gc,marking  ] GC(0) Mark: 2 stripe(s), 1 proactive flush(es), 1 terminate flush(es), 0 completion(s), 0 continuation(s) 
[2024-07-24T07:25:02.090+0800][0.634s][gc,marking  ] GC(0) Mark Stack Usage: 32M
[2024-07-24T07:25:02.090+0800][0.634s][gc,nmethod  ] GC(0) NMethods: 213 registered, 0 unregistered
[2024-07-24T07:25:02.090+0800][0.634s][gc,metaspace] GC(0) Metaspace: 0M used, 0M committed, 1088M reserved
[2024-07-24T07:25:02.090+0800][0.634s][gc,ref      ] GC(0) Soft: 93 encountered, 0 discovered, 0 enqueued
[2024-07-24T07:25:02.090+0800][0.634s][gc,ref      ] GC(0) Weak: 233 encountered, 129 discovered, 44 enqueued
[2024-07-24T07:25:02.090+0800][0.634s][gc,ref      ] GC(0) Final: 0 encountered, 0 discovered, 0 enqueued
[2024-07-24T07:25:02.090+0800][0.634s][gc,ref      ] GC(0) Phantom: 15 encountered, 14 discovered, 14 enqueued
[2024-07-24T07:25:02.090+0800][0.634s][gc,reloc    ] GC(0) Small Pages: 4 / 8M, Empty: 0M, Relocated: 1M, In-Place: 0
[2024-07-24T07:25:02.090+0800][0.634s][gc,reloc    ] GC(0) Medium Pages: 7 / 224M, Empty: 224M, Relocated: 0M, In-Place: 0
[2024-07-24T07:25:02.090+0800][0.634s][gc,reloc    ] GC(0) Large Pages: 0 / 0M, Empty: 0M, Relocated: 0M, In-Place: 0
[2024-07-24T07:25:02.090+0800][0.634s][gc,reloc    ] GC(0) Forwarding Usage: 0M
[2024-07-24T07:25:02.090+0800][0.634s][gc,heap     ] GC(0) Min Capacity: 1024M(50%)
[2024-07-24T07:25:02.090+0800][0.634s][gc,heap     ] GC(0) Max Capacity: 2048M(100%)
[2024-07-24T07:25:02.090+0800][0.634s][gc,heap     ] GC(0) Soft Max Capacity: 2048M(100%)
[2024-07-24T07:25:02.090+0800][0.634s][gc,heap     ] GC(0)                Mark Start          Mark End        Relocate Start      Relocate End           High               Low         
[2024-07-24T07:25:02.090+0800][0.634s][gc,heap     ] GC(0)  Capacity:     1024M (50%)        1024M (50%)        1024M (50%)        1024M (50%)        1024M (50%)        1024M (50%)    
[2024-07-24T07:25:02.090+0800][0.634s][gc,heap     ] GC(0)      Free:     1816M (89%)        1784M (87%)        2006M (98%)        2012M (98%)        2012M (98%)        1782M (87%)    
[2024-07-24T07:25:02.090+0800][0.634s][gc,heap     ] GC(0)      Used:      232M (11%)         264M (13%)          42M (2%)           36M (2%)          266M (13%)          36M (2%)     
[2024-07-24T07:25:02.090+0800][0.634s][gc,heap     ] GC(0)      Live:         -                 1M (0%)            1M (0%)            1M (0%)             -                  -          
[2024-07-24T07:25:02.090+0800][0.634s][gc,heap     ] GC(0) Allocated:         -                32M (2%)           34M (2%)           34M (2%)             -                  -          
[2024-07-24T07:25:02.090+0800][0.634s][gc,heap     ] GC(0)   Garbage:         -               230M (11%)           6M (0%)            0M (0%)             -                  -          
[2024-07-24T07:25:02.090+0800][0.634s][gc,heap     ] GC(0) Reclaimed:         -                  -               224M (11%)         230M (11%)            -                  -          
[2024-07-24T07:25:02.090+0800][0.634s][gc          ] GC(0) Garbage Collection (Warmup) 232M(11%)->36M(2%)
[2024-07-24T07:25:02.865+0800][1.408s][gc,start    ] GC(1) Garbage Collection (Warmup)
[2024-07-24T07:25:02.865+0800][1.408s][gc,task     ] GC(1) Using 2 workers
[2024-07-24T07:25:02.865+0800][1.409s][gc,phases   ] GC(1) Pause Mark Start 0.007ms
[2024-07-24T07:25:02.881+0800][1.424s][gc,phases   ] GC(1) Concurrent Mark 15.426ms
[2024-07-24T07:25:02.881+0800][1.424s][gc,phases   ] GC(1) Pause Mark End 0.015ms
[2024-07-24T07:25:02.881+0800][1.424s][gc,phases   ] GC(1) Concurrent Mark Free 0.002ms
[2024-07-24T07:25:02.881+0800][1.425s][gc,phases   ] GC(1) Concurrent Process Non-Strong References 0.813ms
[2024-07-24T07:25:02.881+0800][1.425s][gc,phases   ] GC(1) Concurrent Reset Relocation Set 0.001ms
[2024-07-24T07:25:02.883+0800][1.427s][gc,phases   ] GC(1) Concurrent Select Relocation Set 1.659ms
[2024-07-24T07:25:02.883+0800][1.427s][gc,phases   ] GC(1) Pause Relocate Start 0.005ms
[2024-07-24T07:25:02.885+0800][1.429s][gc,phases   ] GC(1) Concurrent Relocate 1.526ms
[2024-07-24T07:25:02.885+0800][1.429s][gc,load     ] GC(1) Load: 0.00/0.00/0.00
[2024-07-24T07:25:02.885+0800][1.429s][gc,mmu      ] GC(1) MMU: 2ms/99.0%, 5ms/99.6%, 10ms/99.7%, 20ms/99.9%, 50ms/99.9%, 100ms/100.0%
[2024-07-24T07:25:02.885+0800][1.429s][gc,marking  ] GC(1) Mark: 2 stripe(s), 1 proactive flush(es), 1 terminate flush(es), 0 completion(s), 0 continuation(s) 
[2024-07-24T07:25:02.885+0800][1.429s][gc,marking  ] GC(1) Mark Stack Usage: 32M
[2024-07-24T07:25:02.885+0800][1.429s][gc,nmethod  ] GC(1) NMethods: 222 registered, 0 unregistered
[2024-07-24T07:25:02.885+0800][1.429s][gc,metaspace] GC(1) Metaspace: 0M used, 0M committed, 1088M reserved
[2024-07-24T07:25:02.885+0800][1.429s][gc,ref      ] GC(1) Soft: 93 encountered, 0 discovered, 0 enqueued
[2024-07-24T07:25:02.885+0800][1.429s][gc,ref      ] GC(1) Weak: 189 encountered, 135 discovered, 0 enqueued
[2024-07-24T07:25:02.885+0800][1.429s][gc,ref      ] GC(1) Final: 0 encountered, 0 discovered, 0 enqueued
[2024-07-24T07:25:02.885+0800][1.429s][gc,ref      ] GC(1) Phantom: 1 encountered, 0 discovered, 0 enqueued
[2024-07-24T07:25:02.885+0800][1.429s][gc,reloc    ] GC(1) Small Pages: 3 / 6M, Empty: 0M, Relocated: 1M, In-Place: 0
[2024-07-24T07:25:02.885+0800][1.429s][gc,reloc    ] GC(1) Medium Pages: 14 / 448M, Empty: 448M, Relocated: 0M, In-Place: 0
[2024-07-24T07:25:02.885+0800][1.429s][gc,reloc    ] GC(1) Large Pages: 0 / 0M, Empty: 0M, Relocated: 0M, In-Place: 0
[2024-07-24T07:25:02.885+0800][1.429s][gc,reloc    ] GC(1) Forwarding Usage: 0M
[2024-07-24T07:25:02.885+0800][1.429s][gc,heap     ] GC(1) Min Capacity: 1024M(50%)
[2024-07-24T07:25:02.885+0800][1.429s][gc,heap     ] GC(1) Max Capacity: 2048M(100%)
[2024-07-24T07:25:02.885+0800][1.429s][gc,heap     ] GC(1) Soft Max Capacity: 2048M(100%)
[2024-07-24T07:25:02.885+0800][1.429s][gc,heap     ] GC(1)                Mark Start          Mark End        Relocate Start      Relocate End           High               Low         
[2024-07-24T07:25:02.885+0800][1.429s][gc,heap     ] GC(1)  Capacity:     1024M (50%)        1024M (50%)        1024M (50%)        1024M (50%)        1024M (50%)        1024M (50%)    
[2024-07-24T07:25:02.885+0800][1.429s][gc,heap     ] GC(1)      Free:     1594M (78%)        1560M (76%)        2008M (98%)        2010M (98%)        2010M (98%)        1560M (76%)    
[2024-07-24T07:25:02.885+0800][1.429s][gc,heap     ] GC(1)      Used:      454M (22%)         488M (24%)          40M (2%)           38M (2%)          488M (24%)          38M (2%)     
[2024-07-24T07:25:02.885+0800][1.429s][gc,heap     ] GC(1)      Live:         -                 1M (0%)            1M (0%)            1M (0%)             -                  -          
[2024-07-24T07:25:02.885+0800][1.429s][gc,heap     ] GC(1) Allocated:         -                34M (2%)           34M (2%)           34M (2%)             -                  -          
[2024-07-24T07:25:02.885+0800][1.429s][gc,heap     ] GC(1)   Garbage:         -               452M (22%)           4M (0%)            2M (0%)             -                  -          
[2024-07-24T07:25:02.885+0800][1.429s][gc,heap     ] GC(1) Reclaimed:         -                  -               448M (22%)         450M (22%)            -                  -          
[2024-07-24T07:25:02.885+0800][1.429s][gc          ] GC(1) Garbage Collection (Warmup) 454M(22%)->38M(2%)
[2024-07-24T07:25:03.980+0800][2.523s][gc,start    ] GC(2) Garbage Collection (Warmup)
[2024-07-24T07:25:03.980+0800][2.523s][gc,task     ] GC(2) Using 2 workers
[2024-07-24T07:25:03.980+0800][2.523s][gc,phases   ] GC(2) Pause Mark Start 0.005ms
[2024-07-24T07:25:03.997+0800][2.540s][gc,phases   ] GC(2) Concurrent Mark 16.830ms
[2024-07-24T07:25:03.997+0800][2.540s][gc,phases   ] GC(2) Pause Mark End 0.016ms
[2024-07-24T07:25:03.997+0800][2.540s][gc,phases   ] GC(2) Concurrent Mark Free 0.001ms
[2024-07-24T07:25:03.997+0800][2.541s][gc,phases   ] GC(2) Concurrent Process Non-Strong References 0.497ms
[2024-07-24T07:25:03.997+0800][2.541s][gc,phases   ] GC(2) Concurrent Reset Relocation Set 0.001ms
[2024-07-24T07:25:04.001+0800][2.545s][gc,phases   ] GC(2) Concurrent Select Relocation Set 3.601ms
[2024-07-24T07:25:04.001+0800][2.545s][gc,phases   ] GC(2) Pause Relocate Start 0.011ms
[2024-07-24T07:25:04.003+0800][2.547s][gc,phases   ] GC(2) Concurrent Relocate 1.811ms
[2024-07-24T07:25:04.003+0800][2.547s][gc,load     ] GC(2) Load: 0.00/0.00/0.00
[2024-07-24T07:25:04.003+0800][2.547s][gc,mmu      ] GC(2) MMU: 2ms/99.0%, 5ms/99.5%, 10ms/99.7%, 20ms/99.9%, 50ms/99.9%, 100ms/100.0%
[2024-07-24T07:25:04.003+0800][2.547s][gc,marking  ] GC(2) Mark: 2 stripe(s), 1 proactive flush(es), 1 terminate flush(es), 0 completion(s), 0 continuation(s) 
[2024-07-24T07:25:04.003+0800][2.547s][gc,marking  ] GC(2) Mark Stack Usage: 32M
[2024-07-24T07:25:04.003+0800][2.547s][gc,nmethod  ] GC(2) NMethods: 229 registered, 0 unregistered
[2024-07-24T07:25:04.003+0800][2.547s][gc,metaspace] GC(2) Metaspace: 0M used, 0M committed, 1088M reserved
[2024-07-24T07:25:04.003+0800][2.547s][gc,ref      ] GC(2) Soft: 93 encountered, 0 discovered, 0 enqueued
[2024-07-24T07:25:04.003+0800][2.547s][gc,ref      ] GC(2) Weak: 189 encountered, 0 discovered, 0 enqueued
[2024-07-24T07:25:04.004+0800][2.547s][gc,ref      ] GC(2) Final: 0 encountered, 0 discovered, 0 enqueued
[2024-07-24T07:25:04.004+0800][2.547s][gc,ref      ] GC(2) Phantom: 1 encountered, 0 discovered, 0 enqueued
[2024-07-24T07:25:04.004+0800][2.547s][gc,reloc    ] GC(2) Small Pages: 4 / 8M, Empty: 0M, Relocated: 1M, In-Place: 0
[2024-07-24T07:25:04.004+0800][2.547s][gc,reloc    ] GC(2) Medium Pages: 19 / 608M, Empty: 608M, Relocated: 0M, In-Place: 0
[2024-07-24T07:25:04.004+0800][2.547s][gc,reloc    ] GC(2) Large Pages: 0 / 0M, Empty: 0M, Relocated: 0M, In-Place: 0
[2024-07-24T07:25:04.004+0800][2.547s][gc,reloc    ] GC(2) Forwarding Usage: 0M
[2024-07-24T07:25:04.004+0800][2.547s][gc,heap     ] GC(2) Min Capacity: 1024M(50%)
[2024-07-24T07:25:04.004+0800][2.547s][gc,heap     ] GC(2) Max Capacity: 2048M(100%)
[2024-07-24T07:25:04.004+0800][2.547s][gc,heap     ] GC(2) Soft Max Capacity: 2048M(100%)
[2024-07-24T07:25:04.004+0800][2.547s][gc,heap     ] GC(2)                Mark Start          Mark End        Relocate Start      Relocate End           High               Low         
[2024-07-24T07:25:04.004+0800][2.547s][gc,heap     ] GC(2)  Capacity:     1024M (50%)        1024M (50%)        1024M (50%)        1024M (50%)        1024M (50%)        1024M (50%)    
[2024-07-24T07:25:04.004+0800][2.547s][gc,heap     ] GC(2)      Free:     1432M (70%)        1432M (70%)        2040M (100%)       2046M (100%)       2046M (100%)       1432M (70%)    
[2024-07-24T07:25:04.004+0800][2.547s][gc,heap     ] GC(2)      Used:      616M (30%)         616M (30%)           8M (0%)            2M (0%)          616M (30%)           2M (0%)     
[2024-07-24T07:25:04.004+0800][2.547s][gc,heap     ] GC(2)      Live:         -                 1M (0%)            1M (0%)            1M (0%)             -                  -          
[2024-07-24T07:25:04.004+0800][2.547s][gc,heap     ] GC(2) Allocated:         -                 0M (0%)            0M (0%)            0M (0%)             -                  -          
[2024-07-24T07:25:04.004+0800][2.547s][gc,heap     ] GC(2)   Garbage:         -               614M (30%)           6M (0%)            0M (0%)             -                  -          
[2024-07-24T07:25:04.004+0800][2.547s][gc,heap     ] GC(2) Reclaimed:         -                  -               608M (30%)         614M (30%)            -                  -          
[2024-07-24T07:25:04.004+0800][2.547s][gc          ] GC(2) Garbage Collection (Warmup) 616M(30%)->2M(0%)
[2024-07-24T07:25:05.555+0800][4.098s][gc,start    ] GC(3) Garbage Collection (Proactive)
[2024-07-24T07:25:05.555+0800][4.099s][gc,task     ] GC(3) Using 2 workers
[2024-07-24T07:25:05.555+0800][4.099s][gc,phases   ] GC(3) Pause Mark Start 0.006ms
[2024-07-24T07:25:05.571+0800][4.114s][gc,phases   ] GC(3) Concurrent Mark 15.587ms
[2024-07-24T07:25:05.571+0800][4.115s][gc,phases   ] GC(3) Pause Mark End 0.014ms
[2024-07-24T07:25:05.571+0800][4.115s][gc,phases   ] GC(3) Concurrent Mark Free 0.001ms
[2024-07-24T07:25:05.572+0800][4.116s][gc,phases   ] GC(3) Concurrent Process Non-Strong References 0.877ms
[2024-07-24T07:25:05.572+0800][4.116s][gc,phases   ] GC(3) Concurrent Reset Relocation Set 0.001ms
[2024-07-24T07:25:05.574+0800][4.118s][gc,phases   ] GC(3) Concurrent Select Relocation Set 1.645ms
[2024-07-24T07:25:05.574+0800][4.118s][gc,phases   ] GC(3) Pause Relocate Start 0.006ms
[2024-07-24T07:25:05.576+0800][4.119s][gc,phases   ] GC(3) Concurrent Relocate 1.465ms
[2024-07-24T07:25:05.576+0800][4.119s][gc,load     ] GC(3) Load: 0.00/0.00/0.00
[2024-07-24T07:25:05.576+0800][4.119s][gc,mmu      ] GC(3) MMU: 2ms/99.0%, 5ms/99.5%, 10ms/99.7%, 20ms/99.9%, 50ms/99.9%, 100ms/100.0%
[2024-07-24T07:25:05.576+0800][4.119s][gc,marking  ] GC(3) Mark: 2 stripe(s), 1 proactive flush(es), 1 terminate flush(es), 0 completion(s), 0 continuation(s) 
[2024-07-24T07:25:05.576+0800][4.120s][gc,marking  ] GC(3) Mark Stack Usage: 32M
[2024-07-24T07:25:05.576+0800][4.120s][gc,nmethod  ] GC(3) NMethods: 238 registered, 0 unregistered
[2024-07-24T07:25:05.576+0800][4.120s][gc,metaspace] GC(3) Metaspace: 0M used, 0M committed, 1088M reserved
[2024-07-24T07:25:05.576+0800][4.120s][gc,ref      ] GC(3) Soft: 93 encountered, 0 discovered, 0 enqueued
[2024-07-24T07:25:05.576+0800][4.120s][gc,ref      ] GC(3) Weak: 189 encountered, 41 discovered, 0 enqueued
[2024-07-24T07:25:05.576+0800][4.120s][gc,ref      ] GC(3) Final: 0 encountered, 0 discovered, 0 enqueued
[2024-07-24T07:25:05.576+0800][4.120s][gc,ref      ] GC(3) Phantom: 1 encountered, 0 discovered, 0 enqueued
[2024-07-24T07:25:05.576+0800][4.120s][gc,reloc    ] GC(3) Small Pages: 2 / 4M, Empty: 0M, Relocated: 1M, In-Place: 0
[2024-07-24T07:25:05.576+0800][4.120s][gc,reloc    ] GC(3) Medium Pages: 20 / 640M, Empty: 640M, Relocated: 0M, In-Place: 0
[2024-07-24T07:25:05.576+0800][4.120s][gc,reloc    ] GC(3) Large Pages: 0 / 0M, Empty: 0M, Relocated: 0M, In-Place: 0
[2024-07-24T07:25:05.576+0800][4.120s][gc,reloc    ] GC(3) Forwarding Usage: 0M
[2024-07-24T07:25:05.576+0800][4.120s][gc,heap     ] GC(3) Min Capacity: 1024M(50%)
[2024-07-24T07:25:05.576+0800][4.120s][gc,heap     ] GC(3) Max Capacity: 2048M(100%)
[2024-07-24T07:25:05.576+0800][4.120s][gc,heap     ] GC(3) Soft Max Capacity: 2048M(100%)
[2024-07-24T07:25:05.576+0800][4.120s][gc,heap     ] GC(3)                Mark Start          Mark End        Relocate Start      Relocate End           High               Low         
[2024-07-24T07:25:05.576+0800][4.120s][gc,heap     ] GC(3)  Capacity:     1024M (50%)        1024M (50%)        1024M (50%)        1024M (50%)        1024M (50%)        1024M (50%)    
[2024-07-24T07:25:05.576+0800][4.120s][gc,heap     ] GC(3)      Free:     1404M (69%)        1372M (67%)        2012M (98%)        2012M (98%)        2012M (98%)        1372M (67%)    
[2024-07-24T07:25:05.576+0800][4.120s][gc,heap     ] GC(3)      Used:      644M (31%)         676M (33%)          36M (2%)           36M (2%)          676M (33%)          36M (2%)     
[2024-07-24T07:25:05.576+0800][4.120s][gc,heap     ] GC(3)      Live:         -                 1M (0%)            1M (0%)            1M (0%)             -                  -          
[2024-07-24T07:25:05.576+0800][4.120s][gc,heap     ] GC(3) Allocated:         -                32M (2%)           32M (2%)           33M (2%)             -                  -          
[2024-07-24T07:25:05.576+0800][4.120s][gc,heap     ] GC(3)   Garbage:         -               642M (31%)           2M (0%)            0M (0%)             -                  -          
[2024-07-24T07:25:05.576+0800][4.120s][gc,heap     ] GC(3) Reclaimed:         -                  -               640M (31%)         641M (31%)            -                  -          
[2024-07-24T07:25:05.576+0800][4.120s][gc          ] GC(3) Garbage Collection (Proactive) 644M(31%)->36M(2%)
[2024-07-24T07:25:06.962+0800][5.505s][gc,start    ] GC(4) Garbage Collection (Proactive)
[2024-07-24T07:25:06.962+0800][5.505s][gc,task     ] GC(4) Using 2 workers
[2024-07-24T07:25:06.962+0800][5.505s][gc,phases   ] GC(4) Pause Mark Start 0.008ms
[2024-07-24T07:25:06.978+0800][5.521s][gc,phases   ] GC(4) Concurrent Mark 15.658ms
[2024-07-24T07:25:06.978+0800][5.521s][gc,phases   ] GC(4) Pause Mark End 0.023ms
[2024-07-24T07:25:06.978+0800][5.521s][gc,phases   ] GC(4) Concurrent Mark Free 0.003ms
[2024-07-24T07:25:06.978+0800][5.522s][gc,phases   ] GC(4) Concurrent Process Non-Strong References 0.395ms
[2024-07-24T07:25:06.978+0800][5.522s][gc,phases   ] GC(4) Concurrent Reset Relocation Set 0.001ms
[2024-07-24T07:25:06.980+0800][5.523s][gc,phases   ] GC(4) Concurrent Select Relocation Set 1.590ms
[2024-07-24T07:25:06.980+0800][5.524s][gc,phases   ] GC(4) Pause Relocate Start 0.006ms
[2024-07-24T07:25:06.982+0800][5.525s][gc,phases   ] GC(4) Concurrent Relocate 1.779ms
[2024-07-24T07:25:06.982+0800][5.525s][gc,load     ] GC(4) Load: 0.00/0.00/0.00
[2024-07-24T07:25:06.982+0800][5.526s][gc,mmu      ] GC(4) MMU: 2ms/98.8%, 5ms/99.4%, 10ms/99.7%, 20ms/99.8%, 50ms/99.9%, 100ms/100.0%
[2024-07-24T07:25:06.982+0800][5.526s][gc,marking  ] GC(4) Mark: 2 stripe(s), 2 proactive flush(es), 1 terminate flush(es), 0 completion(s), 0 continuation(s) 
[2024-07-24T07:25:06.982+0800][5.526s][gc,marking  ] GC(4) Mark Stack Usage: 32M
[2024-07-24T07:25:06.982+0800][5.526s][gc,nmethod  ] GC(4) NMethods: 254 registered, 0 unregistered
[2024-07-24T07:25:06.982+0800][5.526s][gc,metaspace] GC(4) Metaspace: 0M used, 0M committed, 1088M reserved
[2024-07-24T07:25:06.982+0800][5.526s][gc,ref      ] GC(4) Soft: 93 encountered, 0 discovered, 0 enqueued
[2024-07-24T07:25:06.982+0800][5.526s][gc,ref      ] GC(4) Weak: 189 encountered, 54 discovered, 0 enqueued
[2024-07-24T07:25:06.982+0800][5.526s][gc,ref      ] GC(4) Final: 0 encountered, 0 discovered, 0 enqueued
[2024-07-24T07:25:06.982+0800][5.526s][gc,ref      ] GC(4) Phantom: 1 encountered, 0 discovered, 0 enqueued
[2024-07-24T07:25:06.982+0800][5.526s][gc,reloc    ] GC(4) Small Pages: 3 / 6M, Empty: 0M, Relocated: 1M, In-Place: 0
[2024-07-24T07:25:06.982+0800][5.526s][gc,reloc    ] GC(4) Medium Pages: 20 / 640M, Empty: 608M, Relocated: 0M, In-Place: 0
[2024-07-24T07:25:06.982+0800][5.526s][gc,reloc    ] GC(4) Large Pages: 0 / 0M, Empty: 0M, Relocated: 0M, In-Place: 0
[2024-07-24T07:25:06.982+0800][5.526s][gc,reloc    ] GC(4) Forwarding Usage: 0M
[2024-07-24T07:25:06.982+0800][5.526s][gc,heap     ] GC(4) Min Capacity: 1024M(50%)
[2024-07-24T07:25:06.982+0800][5.526s][gc,heap     ] GC(4) Max Capacity: 2048M(100%)
[2024-07-24T07:25:06.982+0800][5.526s][gc,heap     ] GC(4) Soft Max Capacity: 2048M(100%)
[2024-07-24T07:25:06.982+0800][5.526s][gc,heap     ] GC(4)                Mark Start          Mark End        Relocate Start      Relocate End           High               Low         
[2024-07-24T07:25:06.982+0800][5.526s][gc,heap     ] GC(4)  Capacity:     1024M (50%)        1024M (50%)        1024M (50%)        1024M (50%)        1024M (50%)        1024M (50%)    
[2024-07-24T07:25:06.982+0800][5.526s][gc,heap     ] GC(4)      Free:     1402M (68%)        1368M (67%)        1976M (96%)        1978M (97%)        1978M (97%)        1368M (67%)    
[2024-07-24T07:25:06.982+0800][5.526s][gc,heap     ] GC(4)      Used:      646M (32%)         680M (33%)          72M (4%)           70M (3%)          680M (33%)          70M (3%)     
[2024-07-24T07:25:06.982+0800][5.526s][gc,heap     ] GC(4)      Live:         -                 4M (0%)            4M (0%)            4M (0%)             -                  -          
[2024-07-24T07:25:06.982+0800][5.526s][gc,heap     ] GC(4) Allocated:         -                34M (2%)           34M (2%)           33M (2%)             -                  -          
[2024-07-24T07:25:06.982+0800][5.526s][gc,heap     ] GC(4)   Garbage:         -               641M (31%)          33M (2%)           31M (2%)             -                  -          
[2024-07-24T07:25:06.982+0800][5.526s][gc,heap     ] GC(4) Reclaimed:         -                  -               608M (30%)         609M (30%)            -                  -          
[2024-07-24T07:25:06.982+0800][5.526s][gc          ] GC(4) Garbage Collection (Proactive) 646M(32%)->70M(3%)
[2024-07-24T07:25:08.263+0800][6.807s][gc,start    ] GC(5) Garbage Collection (Proactive)
[2024-07-24T07:25:08.263+0800][6.807s][gc,task     ] GC(5) Using 2 workers
[2024-07-24T07:25:08.263+0800][6.807s][gc,phases   ] GC(5) Pause Mark Start 0.008ms
[2024-07-24T07:25:08.279+0800][6.823s][gc,phases   ] GC(5) Concurrent Mark 15.785ms
[2024-07-24T07:25:08.279+0800][6.823s][gc,phases   ] GC(5) Pause Mark End 0.011ms
[2024-07-24T07:25:08.279+0800][6.823s][gc,phases   ] GC(5) Concurrent Mark Free 0.002ms
[2024-07-24T07:25:08.280+0800][6.824s][gc,phases   ] GC(5) Concurrent Process Non-Strong References 0.800ms
[2024-07-24T07:25:08.280+0800][6.824s][gc,phases   ] GC(5) Concurrent Reset Relocation Set 0.001ms
[2024-07-24T07:25:08.282+0800][6.826s][gc,phases   ] GC(5) Concurrent Select Relocation Set 1.895ms
[2024-07-24T07:25:08.282+0800][6.826s][gc,phases   ] GC(5) Pause Relocate Start 0.007ms
[2024-07-24T07:25:08.283+0800][6.827s][gc,phases   ] GC(5) Concurrent Relocate 0.982ms
[2024-07-24T07:25:08.283+0800][6.827s][gc,load     ] GC(5) Load: 0.00/0.00/0.00
[2024-07-24T07:25:08.283+0800][6.827s][gc,mmu      ] GC(5) MMU: 2ms/98.8%, 5ms/99.4%, 10ms/99.7%, 20ms/99.8%, 50ms/99.9%, 100ms/100.0%
[2024-07-24T07:25:08.283+0800][6.827s][gc,marking  ] GC(5) Mark: 2 stripe(s), 1 proactive flush(es), 1 terminate flush(es), 0 completion(s), 0 continuation(s) 
[2024-07-24T07:25:08.283+0800][6.827s][gc,marking  ] GC(5) Mark Stack Usage: 32M
[2024-07-24T07:25:08.283+0800][6.827s][gc,nmethod  ] GC(5) NMethods: 269 registered, 0 unregistered
[2024-07-24T07:25:08.283+0800][6.827s][gc,metaspace] GC(5) Metaspace: 0M used, 0M committed, 1088M reserved
[2024-07-24T07:25:08.283+0800][6.827s][gc,ref      ] GC(5) Soft: 93 encountered, 0 discovered, 0 enqueued
[2024-07-24T07:25:08.283+0800][6.827s][gc,ref      ] GC(5) Weak: 189 encountered, 0 discovered, 0 enqueued
[2024-07-24T07:25:08.283+0800][6.827s][gc,ref      ] GC(5) Final: 0 encountered, 0 discovered, 0 enqueued
[2024-07-24T07:25:08.283+0800][6.827s][gc,ref      ] GC(5) Phantom: 1 encountered, 0 discovered, 0 enqueued
[2024-07-24T07:25:08.283+0800][6.827s][gc,reloc    ] GC(5) Small Pages: 3 / 6M, Empty: 0M, Relocated: 1M, In-Place: 0
[2024-07-24T07:25:08.283+0800][6.827s][gc,reloc    ] GC(5) Medium Pages: 22 / 704M, Empty: 672M, Relocated: 0M, In-Place: 0
[2024-07-24T07:25:08.283+0800][6.827s][gc,reloc    ] GC(5) Large Pages: 0 / 0M, Empty: 0M, Relocated: 0M, In-Place: 0
[2024-07-24T07:25:08.283+0800][6.827s][gc,reloc    ] GC(5) Forwarding Usage: 0M
[2024-07-24T07:25:08.283+0800][6.827s][gc,heap     ] GC(5) Min Capacity: 1024M(50%)
[2024-07-24T07:25:08.283+0800][6.827s][gc,heap     ] GC(5) Max Capacity: 2048M(100%)
[2024-07-24T07:25:08.283+0800][6.827s][gc,heap     ] GC(5) Soft Max Capacity: 2048M(100%)
[2024-07-24T07:25:08.283+0800][6.827s][gc,heap     ] GC(5)                Mark Start          Mark End        Relocate Start      Relocate End           High               Low         
[2024-07-24T07:25:08.283+0800][6.827s][gc,heap     ] GC(5)  Capacity:     1024M (50%)        1024M (50%)        1024M (50%)        1024M (50%)        1024M (50%)        1024M (50%)    
[2024-07-24T07:25:08.283+0800][6.827s][gc,heap     ] GC(5)      Free:     1338M (65%)        1306M (64%)        1978M (97%)        1980M (97%)        1980M (97%)        1306M (64%)    
[2024-07-24T07:25:08.283+0800][6.827s][gc,heap     ] GC(5)      Used:      710M (35%)         742M (36%)          70M (3%)           68M (3%)          742M (36%)          68M (3%)     
[2024-07-24T07:25:08.283+0800][6.827s][gc,heap     ] GC(5)      Live:         -                11M (1%)           11M (1%)           11M (1%)             -                  -          
[2024-07-24T07:25:08.283+0800][6.828s][gc,heap     ] GC(5) Allocated:         -                32M (2%)           32M (2%)           33M (2%)             -                  -          
[2024-07-24T07:25:08.283+0800][6.828s][gc,heap     ] GC(5)   Garbage:         -               698M (34%)          26M (1%)           22M (1%)             -                  -          
[2024-07-24T07:25:08.283+0800][6.828s][gc,heap     ] GC(5) Reclaimed:         -                  -               672M (33%)         675M (33%)            -                  -          
[2024-07-24T07:25:08.283+0800][6.828s][gc          ] GC(5) Garbage Collection (Proactive) 710M(35%)->68M(3%)
[2024-07-24T07:25:09.465+0800][8.008s][gc,start    ] GC(6) Garbage Collection (Proactive)
[2024-07-24T07:25:09.465+0800][8.008s][gc,task     ] GC(6) Using 2 workers
[2024-07-24T07:25:09.527+0800][8.071s][gc,phases   ] GC(6) Pause Mark Start 0.016ms
[2024-07-24T07:25:09.543+0800][8.087s][gc,phases   ] GC(6) Concurrent Mark 10.995ms
[2024-07-24T07:25:09.543+0800][8.087s][gc,phases   ] GC(6) Pause Mark End 0.017ms
[2024-07-24T07:25:09.543+0800][8.087s][gc,phases   ] GC(6) Concurrent Mark Free 0.001ms
[2024-07-24T07:25:09.543+0800][8.087s][gc,phases   ] GC(6) Concurrent Process Non-Strong References 0.524ms
[2024-07-24T07:25:09.543+0800][8.087s][gc,phases   ] GC(6) Concurrent Reset Relocation Set 0.001ms
[2024-07-24T07:25:09.546+0800][8.090s][gc,phases   ] GC(6) Concurrent Select Relocation Set 2.949ms
[2024-07-24T07:25:09.547+0800][8.091s][gc,phases   ] GC(6) Pause Relocate Start 0.009ms
[2024-07-24T07:25:09.548+0800][8.092s][gc,phases   ] GC(6) Concurrent Relocate 1.397ms
[2024-07-24T07:25:09.548+0800][8.092s][gc,load     ] GC(6) Load: 0.00/0.00/0.00
[2024-07-24T07:25:09.548+0800][8.092s][gc,mmu      ] GC(6) MMU: 2ms/98.8%, 5ms/99.4%, 10ms/99.7%, 20ms/99.8%, 50ms/99.9%, 100ms/100.0%
[2024-07-24T07:25:09.548+0800][8.092s][gc,marking  ] GC(6) Mark: 2 stripe(s), 2 proactive flush(es), 1 terminate flush(es), 0 completion(s), 0 continuation(s) 
[2024-07-24T07:25:09.548+0800][8.092s][gc,marking  ] GC(6) Mark Stack Usage: 32M
[2024-07-24T07:25:09.548+0800][8.092s][gc,nmethod  ] GC(6) NMethods: 270 registered, 0 unregistered
[2024-07-24T07:25:09.548+0800][8.092s][gc,metaspace] GC(6) Metaspace: 0M used, 0M committed, 1088M reserved
[2024-07-24T07:25:09.548+0800][8.092s][gc,ref      ] GC(6) Soft: 93 encountered, 0 discovered, 0 enqueued
[2024-07-24T07:25:09.548+0800][8.092s][gc,ref      ] GC(6) Weak: 189 encountered, 61 discovered, 0 enqueued
[2024-07-24T07:25:09.548+0800][8.092s][gc,ref      ] GC(6) Final: 0 encountered, 0 discovered, 0 enqueued
[2024-07-24T07:25:09.548+0800][8.092s][gc,ref      ] GC(6) Phantom: 1 encountered, 0 discovered, 0 enqueued
[2024-07-24T07:25:09.548+0800][8.092s][gc,reloc    ] GC(6) Small Pages: 2 / 4M, Empty: 0M, Relocated: 1M, In-Place: 0
[2024-07-24T07:25:09.549+0800][8.093s][gc,reloc    ] GC(6) Medium Pages: 24 / 768M, Empty: 736M, Relocated: 0M, In-Place: 0
[2024-07-24T07:25:09.549+0800][8.093s][gc,reloc    ] GC(6) Large Pages: 0 / 0M, Empty: 0M, Relocated: 0M, In-Place: 0
[2024-07-24T07:25:09.549+0800][8.093s][gc,reloc    ] GC(6) Forwarding Usage: 0M
[2024-07-24T07:25:09.549+0800][8.093s][gc,heap     ] GC(6) Min Capacity: 1024M(50%)
[2024-07-24T07:25:09.549+0800][8.093s][gc,heap     ] GC(6) Max Capacity: 2048M(100%)
[2024-07-24T07:25:09.549+0800][8.093s][gc,heap     ] GC(6) Soft Max Capacity: 2048M(100%)
[2024-07-24T07:25:09.549+0800][8.093s][gc,heap     ] GC(6)                Mark Start          Mark End        Relocate Start      Relocate End           High               Low         
[2024-07-24T07:25:09.549+0800][8.093s][gc,heap     ] GC(6)  Capacity:     1024M (50%)        1024M (50%)        1024M (50%)        1024M (50%)        1024M (50%)        1024M (50%)    
[2024-07-24T07:25:09.549+0800][8.093s][gc,heap     ] GC(6)      Free:     1276M (62%)        1242M (61%)        1978M (97%)        1978M (97%)        1978M (97%)        1242M (61%)    
[2024-07-24T07:25:09.549+0800][8.093s][gc,heap     ] GC(6)      Used:      772M (38%)         806M (39%)          70M (3%)           70M (3%)          806M (39%)          70M (3%)     
[2024-07-24T07:25:09.549+0800][8.093s][gc,heap     ] GC(6)      Live:         -                10M (1%)           10M (1%)           10M (1%)             -                  -          
[2024-07-24T07:25:09.549+0800][8.093s][gc,heap     ] GC(6) Allocated:         -                34M (2%)           34M (2%)           34M (2%)             -                  -          
[2024-07-24T07:25:09.549+0800][8.093s][gc,heap     ] GC(6)   Garbage:         -               761M (37%)          25M (1%)           25M (1%)             -                  -          
[2024-07-24T07:25:09.549+0800][8.093s][gc,heap     ] GC(6) Reclaimed:         -                  -               736M (36%)         736M (36%)            -                  -          
[2024-07-24T07:25:09.549+0800][8.093s][gc          ] GC(6) Garbage Collection (Proactive) 772M(38%)->70M(3%)
[2024-07-24T07:25:11.568+0800][10.111s][gc,stats    ] === Garbage Collection Statistics =======================================================================================================================
[2024-07-24T07:25:11.672+0800][10.215s][gc,stats    ]                                                              Last 10s              Last 10m              Last 10h                Total
[2024-07-24T07:25:11.672+0800][10.215s][gc,stats    ]                                                              Avg / Max             Avg / Max             Avg / Max             Avg / Max
[2024-07-24T07:25:11.672+0800][10.215s][gc,stats    ]   Collector: Garbage Collection Cycle                     31.018 / 83.784       31.018 / 83.784       31.018 / 83.784       31.018 / 83.784      ms
[2024-07-24T07:25:11.672+0800][10.215s][gc,stats    ]  Contention: Mark Segment Reset Contention                     0 / 1                 0 / 1                 0 / 1                 0 / 1           ops/s
[2024-07-24T07:25:11.672+0800][10.216s][gc,stats    ]  Contention: Mark SeqNum Reset Contention                      0 / 0                 0 / 0                 0 / 0                 0 / 0           ops/s
[2024-07-24T07:25:11.672+0800][10.216s][gc,stats    ]    Critical: Allocation Stall                                  0 / 0                 0 / 0                 0 / 0                 0 / 0           ops/s
[2024-07-24T07:25:11.672+0800][10.216s][gc,stats    ]    Critical: Allocation Stall                              0.000 / 0.000         0.000 / 0.000         0.000 / 0.000         0.000 / 0.000       ms
[2024-07-24T07:25:11.672+0800][10.216s][gc,stats    ]    Critical: GC Locker Stall                                   0 / 0                 0 / 0                 0 / 0                 0 / 0           ops/s
[2024-07-24T07:25:11.672+0800][10.216s][gc,stats    ]    Critical: GC Locker Stall                               0.000 / 0.000         0.000 / 0.000         0.000 / 0.000         0.000 / 0.000       ms
[2024-07-24T07:25:11.672+0800][10.216s][gc,stats    ]    Critical: Relocation Stall                                  0 / 0                 0 / 0                 0 / 0                 0 / 0           ops/s
[2024-07-24T07:25:11.672+0800][10.216s][gc,stats    ]    Critical: Relocation Stall                              0.000 / 0.000         0.000 / 0.000         0.000 / 0.000         0.000 / 0.000       ms
[2024-07-24T07:25:11.672+0800][10.216s][gc,stats    ]      Memory: Allocation Rate                                 498 / 610             498 / 610             498 / 610             498 / 610         MB/s
[2024-07-24T07:25:11.672+0800][10.216s][gc,stats    ]      Memory: Out Of Memory                                     0 / 0                 0 / 0                 0 / 0                 0 / 0           ops/s
[2024-07-24T07:25:11.672+0800][10.216s][gc,stats    ]      Memory: Page Cache Flush                                  0 / 0                 0 / 0                 0 / 0                 0 / 0           MB/s
[2024-07-24T07:25:11.672+0800][10.216s][gc,stats    ]      Memory: Page Cache Hit L1                                14 / 20               14 / 20               14 / 20               14 / 20          ops/s
[2024-07-24T07:25:11.672+0800][10.216s][gc,stats    ]      Memory: Page Cache Hit L2                                 0 / 0                 0 / 0                 0 / 0                 0 / 0           ops/s
[2024-07-24T07:25:11.672+0800][10.216s][gc,stats    ]      Memory: Page Cache Hit L3                                 3 / 16                3 / 16                3 / 16                3 / 16          ops/s
[2024-07-24T07:25:11.672+0800][10.216s][gc,stats    ]      Memory: Page Cache Miss                                   0 / 1                 0 / 1                 0 / 1                 0 / 1           ops/s
[2024-07-24T07:25:11.672+0800][10.216s][gc,stats    ]      Memory: Uncommit                                          0 / 0                 0 / 0                 0 / 0                 0 / 0           MB/s
[2024-07-24T07:25:11.672+0800][10.216s][gc,stats    ]      Memory: Undo Object Allocation Failed                     0 / 0                 0 / 0                 0 / 0                 0 / 0           ops/s
[2024-07-24T07:25:11.672+0800][10.216s][gc,stats    ]      Memory: Undo Object Allocation Succeeded                  0 / 1                 0 / 1                 0 / 1                 0 / 1           ops/s
[2024-07-24T07:25:11.672+0800][10.216s][gc,stats    ]      Memory: Undo Page Allocation                              0 / 0                 0 / 0                 0 / 0                 0 / 0           ops/s
[2024-07-24T07:25:11.672+0800][10.216s][gc,stats    ]       Phase: Concurrent Mark                              15.019 / 16.830       15.019 / 16.830       15.019 / 16.830       15.019 / 16.830      ms
[2024-07-24T07:25:11.673+0800][10.216s][gc,stats    ]       Phase: Concurrent Mark Continue                      0.000 / 0.000         0.000 / 0.000         0.000 / 0.000         0.000 / 0.000       ms
[2024-07-24T07:25:11.673+0800][10.216s][gc,stats    ]       Phase: Concurrent Mark Free                          0.001 / 0.003         0.001 / 0.003         0.001 / 0.003         0.001 / 0.003       ms
[2024-07-24T07:25:11.673+0800][10.216s][gc,stats    ]       Phase: Concurrent Process Non-Strong References      0.669 / 0.877         0.669 / 0.877         0.669 / 0.877         0.669 / 0.877       ms
[2024-07-24T07:25:11.673+0800][10.216s][gc,stats    ]       Phase: Concurrent Relocate                           1.486 / 1.811         1.486 / 1.811         1.486 / 1.811         1.486 / 1.811       ms
[2024-07-24T07:25:11.673+0800][10.216s][gc,stats    ]       Phase: Concurrent Reset Relocation Set               0.001 / 0.001         0.001 / 0.001         0.001 / 0.001         0.001 / 0.001       ms
[2024-07-24T07:25:11.673+0800][10.216s][gc,stats    ]       Phase: Concurrent Select Relocation Set              3.105 / 8.398         3.105 / 8.398         3.105 / 8.398         3.105 / 8.398       ms
[2024-07-24T07:25:11.673+0800][10.216s][gc,stats    ]       Phase: Pause Mark End                                0.016 / 0.023         0.016 / 0.023         0.016 / 0.023         0.016 / 0.023       ms
[2024-07-24T07:25:11.673+0800][10.216s][gc,stats    ]       Phase: Pause Mark Start                              0.008 / 0.016         0.008 / 0.016         0.008 / 0.016         0.008 / 0.016       ms
[2024-07-24T07:25:11.673+0800][10.216s][gc,stats    ]       Phase: Pause Relocate Start                          0.007 / 0.011         0.007 / 0.011         0.007 / 0.011         0.007 / 0.011       ms
[2024-07-24T07:25:11.673+0800][10.216s][gc,stats    ]    Subphase: Concurrent Classes Purge                      0.076 / 0.117         0.076 / 0.117         0.076 / 0.117         0.076 / 0.117       ms
[2024-07-24T07:25:11.673+0800][10.216s][gc,stats    ]    Subphase: Concurrent Classes Unlink                     0.206 / 0.244         0.206 / 0.244         0.206 / 0.244         0.206 / 0.244       ms
[2024-07-24T07:25:11.673+0800][10.216s][gc,stats    ]    Subphase: Concurrent Mark                               8.391 / 16.486        8.391 / 16.486        8.391 / 16.486        8.391 / 16.486      ms
[2024-07-24T07:25:11.673+0800][10.216s][gc,stats    ]    Subphase: Concurrent Mark Try Flush                     0.075 / 0.160         0.075 / 0.160         0.075 / 0.160         0.075 / 0.160       ms
[2024-07-24T07:25:11.673+0800][10.216s][gc,stats    ]    Subphase: Concurrent Mark Try Terminate                 4.265 / 14.022        4.265 / 14.022        4.265 / 14.022        4.265 / 14.022      ms
[2024-07-24T07:25:11.673+0800][10.216s][gc,stats    ]    Subphase: Concurrent References Enqueue                 0.001 / 0.004         0.001 / 0.004         0.001 / 0.004         0.001 / 0.004       ms
[2024-07-24T07:25:11.673+0800][10.216s][gc,stats    ]    Subphase: Concurrent References Process                 0.084 / 0.145         0.084 / 0.145         0.084 / 0.145         0.084 / 0.145       ms
[2024-07-24T07:25:11.673+0800][10.217s][gc,stats    ]    Subphase: Concurrent Roots ClassLoaderDataGraph         0.079 / 0.335         0.079 / 0.335         0.079 / 0.335         0.079 / 0.335       ms
[2024-07-24T07:25:11.673+0800][10.217s][gc,stats    ]    Subphase: Concurrent Roots CodeCache                    0.000 / 0.000         0.000 / 0.000         0.000 / 0.000         0.000 / 0.000       ms
[2024-07-24T07:25:11.673+0800][10.217s][gc,stats    ]    Subphase: Concurrent Roots JavaThreads                  0.113 / 0.375         0.113 / 0.375         0.113 / 0.375         0.113 / 0.375       ms
[2024-07-24T07:25:11.673+0800][10.217s][gc,stats    ]    Subphase: Concurrent Roots OopStorageSet                0.023 / 0.037         0.023 / 0.037         0.023 / 0.037         0.023 / 0.037       ms
[2024-07-24T07:25:11.673+0800][10.217s][gc,stats    ]    Subphase: Concurrent Weak Roots OopStorageSet           0.125 / 0.165         0.125 / 0.165         0.125 / 0.165         0.125 / 0.165       ms
[2024-07-24T07:25:11.673+0800][10.217s][gc,stats    ]    Subphase: Pause Mark Try Complete                       0.000 / 0.000         0.000 / 0.000         0.000 / 0.000         0.000 / 0.000       ms
[2024-07-24T07:25:11.673+0800][10.217s][gc,stats    ]      System: Java Threads                                     12 / 12               12 / 12               12 / 12               12 / 12          threads
[2024-07-24T07:25:11.673+0800][10.217s][gc,stats    ] =========================================================================================================================================================
[2024-07-24T07:25:14.661+0800][13.205s][gc,start    ] GC(7) Garbage Collection (Allocation Rate)
[2024-07-24T07:25:14.661+0800][13.205s][gc,task     ] GC(7) Using 1 workers
[2024-07-24T07:25:14.661+0800][13.205s][gc,phases   ] GC(7) Pause Mark Start 0.007ms
[2024-07-24T07:25:14.665+0800][13.209s][gc,phases   ] GC(7) Concurrent Mark 3.892ms
[2024-07-24T07:25:14.666+0800][13.209s][gc,phases   ] GC(7) Pause Mark End 0.008ms
[2024-07-24T07:25:14.666+0800][13.209s][gc,phases   ] GC(7) Concurrent Mark Free 0.001ms
[2024-07-24T07:25:14.667+0800][13.211s][gc,phases   ] GC(7) Concurrent Process Non-Strong References 1.027ms
[2024-07-24T07:25:14.667+0800][13.211s][gc,phases   ] GC(7) Concurrent Reset Relocation Set 0.001ms
[2024-07-24T07:25:14.670+0800][13.213s][gc,phases   ] GC(7) Concurrent Select Relocation Set 2.762ms
[2024-07-24T07:25:14.670+0800][13.214s][gc,phases   ] GC(7) Pause Relocate Start 0.010ms
[2024-07-24T07:25:14.671+0800][13.214s][gc,phases   ] GC(7) Concurrent Relocate 0.849ms
[2024-07-24T07:25:14.671+0800][13.214s][gc,load     ] GC(7) Load: 0.00/0.00/0.00
[2024-07-24T07:25:14.671+0800][13.214s][gc,mmu      ] GC(7) MMU: 2ms/98.8%, 5ms/99.4%, 10ms/99.7%, 20ms/99.8%, 50ms/99.9%, 100ms/100.0%
[2024-07-24T07:25:14.671+0800][13.214s][gc,marking  ] GC(7) Mark: 1 stripe(s), 2 proactive flush(es), 1 terminate flush(es), 0 completion(s), 0 continuation(s) 
[2024-07-24T07:25:14.671+0800][13.215s][gc,marking  ] GC(7) Mark Stack Usage: 32M
[2024-07-24T07:25:14.671+0800][13.215s][gc,nmethod  ] GC(7) NMethods: 294 registered, 0 unregistered
[2024-07-24T07:25:14.671+0800][13.215s][gc,metaspace] GC(7) Metaspace: 0M used, 0M committed, 1088M reserved
[2024-07-24T07:25:14.671+0800][13.215s][gc,ref      ] GC(7) Soft: 93 encountered, 0 discovered, 0 enqueued
[2024-07-24T07:25:14.671+0800][13.215s][gc,ref      ] GC(7) Weak: 189 encountered, 172 discovered, 0 enqueued
[2024-07-24T07:25:14.671+0800][13.215s][gc,ref      ] GC(7) Final: 0 encountered, 0 discovered, 0 enqueued
[2024-07-24T07:25:14.671+0800][13.215s][gc,ref      ] GC(7) Phantom: 1 encountered, 0 discovered, 0 enqueued
[2024-07-24T07:25:14.671+0800][13.215s][gc,reloc    ] GC(7) Small Pages: 3 / 6M, Empty: 0M, Relocated: 1M, In-Place: 0
[2024-07-24T07:25:14.671+0800][13.215s][gc,reloc    ] GC(7) Medium Pages: 59 / 1888M, Empty: 1856M, Relocated: 0M, In-Place: 0
[2024-07-24T07:25:14.671+0800][13.215s][gc,reloc    ] GC(7) Large Pages: 0 / 0M, Empty: 0M, Relocated: 0M, In-Place: 0
[2024-07-24T07:25:14.671+0800][13.215s][gc,reloc    ] GC(7) Forwarding Usage: 0M
[2024-07-24T07:25:14.671+0800][13.215s][gc,heap     ] GC(7) Min Capacity: 1024M(50%)
[2024-07-24T07:25:14.671+0800][13.215s][gc,heap     ] GC(7) Max Capacity: 2048M(100%)
[2024-07-24T07:25:14.671+0800][13.215s][gc,heap     ] GC(7) Soft Max Capacity: 2048M(100%)
[2024-07-24T07:25:14.671+0800][13.215s][gc,heap     ] GC(7)                Mark Start          Mark End        Relocate Start      Relocate End           High               Low         
[2024-07-24T07:25:14.671+0800][13.215s][gc,heap     ] GC(7)  Capacity:     1920M (94%)        1952M (95%)        1952M (95%)        1952M (95%)        1952M (95%)        1920M (94%)    
[2024-07-24T07:25:14.671+0800][13.215s][gc,heap     ] GC(7)      Free:      154M (8%)          122M (6%)         1976M (96%)        1980M (97%)        1980M (97%)         120M (6%)     
[2024-07-24T07:25:14.671+0800][13.215s][gc,heap     ] GC(7)      Used:     1894M (92%)        1926M (94%)          72M (4%)           68M (3%)         1928M (94%)          68M (3%)     
[2024-07-24T07:25:14.671+0800][13.215s][gc,heap     ] GC(7)      Live:         -                 2M (0%)            2M (0%)            2M (0%)             -                  -          
[2024-07-24T07:25:14.671+0800][13.215s][gc,heap     ] GC(7) Allocated:         -                32M (2%)           34M (2%)           33M (2%)             -                  -          
[2024-07-24T07:25:14.671+0800][13.215s][gc,heap     ] GC(7)   Garbage:         -              1891M (92%)          35M (2%)           31M (2%)             -                  -          
[2024-07-24T07:25:14.671+0800][13.215s][gc,heap     ] GC(7) Reclaimed:         -                  -              1856M (91%)        1859M (91%)            -                  -          
[2024-07-24T07:25:14.671+0800][13.215s][gc          ] GC(7) Garbage Collection (Allocation Rate) 1894M(92%)->68M(3%)
[2024-07-24T07:25:17.558+0800][16.102s][gc,start    ] GC(8) Garbage Collection (Allocation Rate)
[2024-07-24T07:25:17.558+0800][16.102s][gc,task     ] GC(8) Using 1 workers
[2024-07-24T07:25:17.558+0800][16.102s][gc,phases   ] GC(8) Pause Mark Start 0.009ms
[2024-07-24T07:25:17.562+0800][16.106s][gc,phases   ] GC(8) Concurrent Mark 3.081ms
[2024-07-24T07:25:17.562+0800][16.106s][gc,phases   ] GC(8) Pause Mark End 0.010ms
[2024-07-24T07:25:17.562+0800][16.106s][gc,phases   ] GC(8) Concurrent Mark Free 0.001ms
[2024-07-24T07:25:17.563+0800][16.107s][gc,phases   ] GC(8) Concurrent Process Non-Strong References 1.071ms
[2024-07-24T07:25:17.563+0800][16.107s][gc,phases   ] GC(8) Concurrent Reset Relocation Set 0.001ms
[2024-07-24T07:25:17.565+0800][16.109s][gc,phases   ] GC(8) Concurrent Select Relocation Set 1.767ms
[2024-07-24T07:25:17.565+0800][16.109s][gc,phases   ] GC(8) Pause Relocate Start 0.005ms
[2024-07-24T07:25:17.567+0800][16.111s][gc,phases   ] GC(8) Concurrent Relocate 1.420ms
[2024-07-24T07:25:17.567+0800][16.111s][gc,load     ] GC(8) Load: 0.00/0.00/0.00
[2024-07-24T07:25:17.567+0800][16.111s][gc,mmu      ] GC(8) MMU: 2ms/98.8%, 5ms/99.4%, 10ms/99.7%, 20ms/99.8%, 50ms/99.9%, 100ms/100.0%
[2024-07-24T07:25:17.567+0800][16.111s][gc,marking  ] GC(8) Mark: 1 stripe(s), 2 proactive flush(es), 1 terminate flush(es), 0 completion(s), 0 continuation(s) 
[2024-07-24T07:25:17.567+0800][16.111s][gc,marking  ] GC(8) Mark Stack Usage: 32M
[2024-07-24T07:25:17.567+0800][16.111s][gc,nmethod  ] GC(8) NMethods: 308 registered, 0 unregistered
[2024-07-24T07:25:17.567+0800][16.111s][gc,metaspace] GC(8) Metaspace: 0M used, 0M committed, 1088M reserved
[2024-07-24T07:25:17.567+0800][16.111s][gc,ref      ] GC(8) Soft: 93 encountered, 0 discovered, 0 enqueued
[2024-07-24T07:25:17.567+0800][16.111s][gc,ref      ] GC(8) Weak: 189 encountered, 172 discovered, 0 enqueued
[2024-07-24T07:25:17.567+0800][16.111s][gc,ref      ] GC(8) Final: 0 encountered, 0 discovered, 0 enqueued
[2024-07-24T07:25:17.567+0800][16.111s][gc,ref      ] GC(8) Phantom: 1 encountered, 0 discovered, 0 enqueued
[2024-07-24T07:25:17.567+0800][16.111s][gc,reloc    ] GC(8) Small Pages: 2 / 4M, Empty: 0M, Relocated: 1M, In-Place: 0
[2024-07-24T07:25:17.567+0800][16.111s][gc,reloc    ] GC(8) Medium Pages: 58 / 1856M, Empty: 1824M, Relocated: 0M, In-Place: 0
[2024-07-24T07:25:17.567+0800][16.111s][gc,reloc    ] GC(8) Large Pages: 0 / 0M, Empty: 0M, Relocated: 0M, In-Place: 0
[2024-07-24T07:25:17.567+0800][16.111s][gc,reloc    ] GC(8) Forwarding Usage: 0M
[2024-07-24T07:25:17.567+0800][16.111s][gc,heap     ] GC(8) Min Capacity: 1024M(50%)
[2024-07-24T07:25:17.567+0800][16.111s][gc,heap     ] GC(8) Max Capacity: 2048M(100%)
[2024-07-24T07:25:17.567+0800][16.111s][gc,heap     ] GC(8) Soft Max Capacity: 2048M(100%)
[2024-07-24T07:25:17.567+0800][16.111s][gc,heap     ] GC(8)                Mark Start          Mark End        Relocate Start      Relocate End           High               Low         
[2024-07-24T07:25:17.567+0800][16.111s][gc,heap     ] GC(8)  Capacity:     1952M (95%)        1952M (95%)        1952M (95%)        1952M (95%)        1952M (95%)        1952M (95%)    
[2024-07-24T07:25:17.567+0800][16.111s][gc,heap     ] GC(8)      Free:      188M (9%)          154M (8%)         1978M (97%)        1980M (97%)        1980M (97%)         154M (8%)     
[2024-07-24T07:25:17.567+0800][16.111s][gc,heap     ] GC(8)      Used:     1860M (91%)        1894M (92%)          70M (3%)           68M (3%)         1894M (92%)          68M (3%)     
[2024-07-24T07:25:17.567+0800][16.111s][gc,heap     ] GC(8)      Live:         -                 5M (0%)            5M (0%)            5M (0%)             -                  -          
[2024-07-24T07:25:17.567+0800][16.111s][gc,heap     ] GC(8) Allocated:         -                34M (2%)           34M (2%)           34M (2%)             -                  -          
[2024-07-24T07:25:17.567+0800][16.111s][gc,heap     ] GC(8)   Garbage:         -              1854M (91%)          30M (2%)           28M (1%)             -                  -          
[2024-07-24T07:25:17.567+0800][16.111s][gc,heap     ] GC(8) Reclaimed:         -                  -              1824M (89%)        1826M (89%)            -                  -          
[2024-07-24T07:25:17.567+0800][16.111s][gc          ] GC(8) Garbage Collection (Allocation Rate) 1860M(91%)->68M(3%)
[2024-07-24T07:25:20.467+0800][19.010s][gc,start    ] GC(9) Garbage Collection (Allocation Rate)
[2024-07-24T07:25:20.467+0800][19.010s][gc,task     ] GC(9) Using 1 workers
[2024-07-24T07:25:20.467+0800][19.010s][gc,phases   ] GC(9) Pause Mark Start 0.006ms
[2024-07-24T07:25:20.472+0800][19.015s][gc,phases   ] GC(9) Concurrent Mark 5.025ms
[2024-07-24T07:25:20.472+0800][19.016s][gc,phases   ] GC(9) Pause Mark End 0.008ms
[2024-07-24T07:25:20.472+0800][19.016s][gc,phases   ] GC(9) Concurrent Mark Free 0.001ms
[2024-07-24T07:25:20.473+0800][19.017s][gc,phases   ] GC(9) Concurrent Process Non-Strong References 1.034ms
[2024-07-24T07:25:20.473+0800][19.017s][gc,phases   ] GC(9) Concurrent Reset Relocation Set 0.001ms
[2024-07-24T07:25:20.476+0800][19.019s][gc,phases   ] GC(9) Concurrent Select Relocation Set 2.505ms
[2024-07-24T07:25:20.476+0800][19.020s][gc,phases   ] GC(9) Pause Relocate Start 0.007ms
[2024-07-24T07:25:20.476+0800][19.020s][gc,phases   ] GC(9) Concurrent Relocate 0.108ms
[2024-07-24T07:25:20.476+0800][19.020s][gc,load     ] GC(9) Load: 0.00/0.00/0.00
[2024-07-24T07:25:20.476+0800][19.020s][gc,mmu      ] GC(9) MMU: 2ms/98.8%, 5ms/99.4%, 10ms/99.7%, 20ms/99.8%, 50ms/99.9%, 100ms/100.0%
[2024-07-24T07:25:20.476+0800][19.020s][gc,marking  ] GC(9) Mark: 1 stripe(s), 2 proactive flush(es), 1 terminate flush(es), 0 completion(s), 0 continuation(s) 
[2024-07-24T07:25:20.476+0800][19.020s][gc,marking  ] GC(9) Mark Stack Usage: 32M
[2024-07-24T07:25:20.476+0800][19.020s][gc,nmethod  ] GC(9) NMethods: 320 registered, 0 unregistered
[2024-07-24T07:25:20.476+0800][19.020s][gc,metaspace] GC(9) Metaspace: 0M used, 0M committed, 1088M reserved
[2024-07-24T07:25:20.476+0800][19.020s][gc,ref      ] GC(9) Soft: 93 encountered, 0 discovered, 0 enqueued
[2024-07-24T07:25:20.476+0800][19.020s][gc,ref      ] GC(9) Weak: 189 encountered, 172 discovered, 0 enqueued
[2024-07-24T07:25:20.477+0800][19.020s][gc,ref      ] GC(9) Final: 0 encountered, 0 discovered, 0 enqueued
[2024-07-24T07:25:20.477+0800][19.020s][gc,ref      ] GC(9) Phantom: 1 encountered, 0 discovered, 0 enqueued
[2024-07-24T07:25:20.477+0800][19.020s][gc,reloc    ] GC(9) Small Pages: 2 / 4M, Empty: 2M, Relocated: 0M, In-Place: 0
[2024-07-24T07:25:20.477+0800][19.020s][gc,reloc    ] GC(9) Medium Pages: 59 / 1888M, Empty: 1856M, Relocated: 0M, In-Place: 0
[2024-07-24T07:25:20.477+0800][19.020s][gc,reloc    ] GC(9) Large Pages: 0 / 0M, Empty: 0M, Relocated: 0M, In-Place: 0
[2024-07-24T07:25:20.477+0800][19.020s][gc,reloc    ] GC(9) Forwarding Usage: 0M
[2024-07-24T07:25:20.477+0800][19.020s][gc,heap     ] GC(9) Min Capacity: 1024M(50%)
[2024-07-24T07:25:20.477+0800][19.020s][gc,heap     ] GC(9) Max Capacity: 2048M(100%)
[2024-07-24T07:25:20.477+0800][19.020s][gc,heap     ] GC(9) Soft Max Capacity: 2048M(100%)
[2024-07-24T07:25:20.477+0800][19.020s][gc,heap     ] GC(9)                Mark Start          Mark End        Relocate Start      Relocate End           High               Low         
[2024-07-24T07:25:20.477+0800][19.020s][gc,heap     ] GC(9)  Capacity:     1952M (95%)        1952M (95%)        1952M (95%)        1952M (95%)        1952M (95%)        1952M (95%)    
[2024-07-24T07:25:20.477+0800][19.020s][gc,heap     ] GC(9)      Free:      156M (8%)          122M (6%)         1980M (97%)        1980M (97%)        1980M (97%)         122M (6%)     
[2024-07-24T07:25:20.477+0800][19.020s][gc,heap     ] GC(9)      Used:     1892M (92%)        1926M (94%)          68M (3%)           68M (3%)         1926M (94%)          68M (3%)     
[2024-07-24T07:25:20.477+0800][19.020s][gc,heap     ] GC(9)      Live:         -                 4M (0%)            4M (0%)            4M (0%)             -                  -          
[2024-07-24T07:25:20.477+0800][19.020s][gc,heap     ] GC(9) Allocated:         -                34M (2%)           34M (2%)           34M (2%)             -                  -          
[2024-07-24T07:25:20.477+0800][19.020s][gc,heap     ] GC(9)   Garbage:         -              1887M (92%)          29M (1%)           29M (1%)             -                  -          
[2024-07-24T07:25:20.477+0800][19.020s][gc,heap     ] GC(9) Reclaimed:         -                  -              1858M (91%)        1858M (91%)            -                  -          
[2024-07-24T07:25:20.477+0800][19.020s][gc          ] GC(9) Garbage Collection (Allocation Rate) 1892M(92%)->68M(3%)
[2024-07-24T07:25:21.565+0800][20.109s][gc,stats    ] === Garbage Collection Statistics =======================================================================================================================
[2024-07-24T07:25:21.566+0800][20.109s][gc,stats    ]                                                              Last 10s              Last 10m              Last 10h                Total
[2024-07-24T07:25:21.566+0800][20.109s][gc,stats    ]                                                              Avg / Max             Avg / Max             Avg / Max             Avg / Max
[2024-07-24T07:25:21.566+0800][20.109s][gc,stats    ]   Collector: Garbage Collection Cycle                      9.441 / 9.792        24.545 / 83.784       24.545 / 83.784       24.545 / 83.784      ms
[2024-07-24T07:25:21.566+0800][20.109s][gc,stats    ]  Contention: Mark Segment Reset Contention                     0 / 0                 0 / 1                 0 / 1                 0 / 1           ops/s
[2024-07-24T07:25:21.566+0800][20.109s][gc,stats    ]  Contention: Mark SeqNum Reset Contention                      0 / 0                 0 / 0                 0 / 0                 0 / 0           ops/s
[2024-07-24T07:25:21.566+0800][20.109s][gc,stats    ]    Critical: Allocation Stall                                  0 / 0                 0 / 0                 0 / 0                 0 / 0           ops/s
[2024-07-24T07:25:21.566+0800][20.109s][gc,stats    ]    Critical: Allocation Stall                              0.000 / 0.000         0.000 / 0.000         0.000 / 0.000         0.000 / 0.000       ms
[2024-07-24T07:25:21.566+0800][20.109s][gc,stats    ]    Critical: GC Locker Stall                                   0 / 0                 0 / 0                 0 / 0                 0 / 0           ops/s
[2024-07-24T07:25:21.566+0800][20.109s][gc,stats    ]    Critical: GC Locker Stall                               0.000 / 0.000         0.000 / 0.000         0.000 / 0.000         0.000 / 0.000       ms
[2024-07-24T07:25:21.566+0800][20.109s][gc,stats    ]    Critical: Relocation Stall                                  0 / 0                 0 / 0                 0 / 0                 0 / 0           ops/s
[2024-07-24T07:25:21.566+0800][20.109s][gc,stats    ]    Critical: Relocation Stall                              0.000 / 0.000         0.000 / 0.000         0.000 / 0.000         0.000 / 0.000       ms
[2024-07-24T07:25:21.566+0800][20.109s][gc,stats    ]      Memory: Allocation Rate                                 528 / 674             513 / 674             513 / 674             513 / 674         MB/s
[2024-07-24T07:25:21.566+0800][20.109s][gc,stats    ]      Memory: Out Of Memory                                     0 / 0                 0 / 0                 0 / 0                 0 / 0           ops/s
[2024-07-24T07:25:21.566+0800][20.109s][gc,stats    ]      Memory: Page Cache Flush                                  0 / 0                 0 / 0                 0 / 0                 0 / 0           MB/s
[2024-07-24T07:25:21.566+0800][20.109s][gc,stats    ]      Memory: Page Cache Hit L1                                14 / 23               14 / 23               14 / 23               14 / 23          ops/s
[2024-07-24T07:25:21.566+0800][20.109s][gc,stats    ]      Memory: Page Cache Hit L2                                 0 / 0                 0 / 0                 0 / 0                 0 / 0           ops/s
[2024-07-24T07:25:21.566+0800][20.109s][gc,stats    ]      Memory: Page Cache Hit L3                                 0 / 0                 1 / 16                1 / 16                1 / 16          ops/s
[2024-07-24T07:25:21.566+0800][20.109s][gc,stats    ]      Memory: Page Cache Miss                                   2 / 10                1 / 10                1 / 10                1 / 10          ops/s
[2024-07-24T07:25:21.566+0800][20.109s][gc,stats    ]      Memory: Uncommit                                          0 / 0                 0 / 0                 0 / 0                 0 / 0           MB/s
[2024-07-24T07:25:21.566+0800][20.109s][gc,stats    ]      Memory: Undo Object Allocation Failed                     0 / 0                 0 / 0                 0 / 0                 0 / 0           ops/s
[2024-07-24T07:25:21.566+0800][20.109s][gc,stats    ]      Memory: Undo Object Allocation Succeeded                  0 / 0                 0 / 1                 0 / 1                 0 / 1           ops/s
[2024-07-24T07:25:21.566+0800][20.109s][gc,stats    ]      Memory: Undo Page Allocation                              0 / 0                 0 / 0                 0 / 0                 0 / 0           ops/s
[2024-07-24T07:25:21.566+0800][20.109s][gc,stats    ]       Phase: Concurrent Mark                               3.999 / 5.025        11.713 / 16.830       11.713 / 16.830       11.713 / 16.830      ms
[2024-07-24T07:25:21.566+0800][20.109s][gc,stats    ]       Phase: Concurrent Mark Continue                      0.000 / 0.000         0.000 / 0.000         0.000 / 0.000         0.000 / 0.000       ms
[2024-07-24T07:25:21.566+0800][20.109s][gc,stats    ]       Phase: Concurrent Mark Free                          0.001 / 0.001         0.001 / 0.003         0.001 / 0.003         0.001 / 0.003       ms
[2024-07-24T07:25:21.566+0800][20.109s][gc,stats    ]       Phase: Concurrent Process Non-Strong References      1.044 / 1.071         0.782 / 1.071         0.782 / 1.071         0.782 / 1.071       ms
[2024-07-24T07:25:21.566+0800][20.110s][gc,stats    ]       Phase: Concurrent Relocate                           0.792 / 1.420         1.278 / 1.811         1.278 / 1.811         1.278 / 1.811       ms
[2024-07-24T07:25:21.566+0800][20.110s][gc,stats    ]       Phase: Concurrent Reset Relocation Set               0.001 / 0.001         0.001 / 0.001         0.001 / 0.001         0.001 / 0.001       ms
[2024-07-24T07:25:21.566+0800][20.110s][gc,stats    ]       Phase: Concurrent Select Relocation Set              2.345 / 2.762         2.877 / 8.398         2.877 / 8.398         2.877 / 8.398       ms
[2024-07-24T07:25:21.566+0800][20.110s][gc,stats    ]       Phase: Pause Mark End                                0.009 / 0.010         0.014 / 0.023         0.014 / 0.023         0.014 / 0.023       ms
[2024-07-24T07:25:21.566+0800][20.110s][gc,stats    ]       Phase: Pause Mark Start                              0.007 / 0.009         0.008 / 0.016         0.008 / 0.016         0.008 / 0.016       ms
[2024-07-24T07:25:21.566+0800][20.110s][gc,stats    ]       Phase: Pause Relocate Start                          0.008 / 0.010         0.007 / 0.011         0.007 / 0.011         0.007 / 0.011       ms
[2024-07-24T07:25:21.566+0800][20.110s][gc,stats    ]    Subphase: Concurrent Classes Purge                      0.116 / 0.121         0.088 / 0.121         0.088 / 0.121         0.088 / 0.121       ms
[2024-07-24T07:25:21.566+0800][20.110s][gc,stats    ]    Subphase: Concurrent Classes Unlink                     0.412 / 0.443         0.268 / 0.443         0.268 / 0.443         0.268 / 0.443       ms
[2024-07-24T07:25:21.566+0800][20.110s][gc,stats    ]    Subphase: Concurrent Mark                               3.499 / 4.507         7.527 / 16.486        7.527 / 16.486        7.527 / 16.486      ms
[2024-07-24T07:25:21.566+0800][20.110s][gc,stats    ]    Subphase: Concurrent Mark Try Flush                     0.135 / 0.148         0.097 / 0.160         0.097 / 0.160         0.097 / 0.160       ms
[2024-07-24T07:25:21.566+0800][20.110s][gc,stats    ]    Subphase: Concurrent Mark Try Terminate                 0.067 / 0.148         3.332 / 14.022        3.332 / 14.022        3.332 / 14.022      ms
[2024-07-24T07:25:21.566+0800][20.110s][gc,stats    ]    Subphase: Concurrent References Enqueue                 0.000 / 0.000         0.001 / 0.004         0.001 / 0.004         0.001 / 0.004       ms
[2024-07-24T07:25:21.566+0800][20.110s][gc,stats    ]    Subphase: Concurrent References Process                 0.117 / 0.118         0.094 / 0.145         0.094 / 0.145         0.094 / 0.145       ms
[2024-07-24T07:25:21.566+0800][20.110s][gc,stats    ]    Subphase: Concurrent Roots ClassLoaderDataGraph         0.124 / 0.135         0.087 / 0.335         0.087 / 0.335         0.087 / 0.335       ms
[2024-07-24T07:25:21.566+0800][20.110s][gc,stats    ]    Subphase: Concurrent Roots CodeCache                    0.000 / 0.000         0.000 / 0.000         0.000 / 0.000         0.000 / 0.000       ms
[2024-07-24T07:25:21.566+0800][20.110s][gc,stats    ]    Subphase: Concurrent Roots JavaThreads                  0.120 / 0.127         0.115 / 0.375         0.115 / 0.375         0.115 / 0.375       ms
[2024-07-24T07:25:21.566+0800][20.110s][gc,stats    ]    Subphase: Concurrent Roots OopStorageSet                0.022 / 0.026         0.023 / 0.037         0.023 / 0.037         0.023 / 0.037       ms
[2024-07-24T07:25:21.566+0800][20.110s][gc,stats    ]    Subphase: Concurrent Weak Roots OopStorageSet           0.189 / 0.206         0.136 / 0.206         0.136 / 0.206         0.136 / 0.206       ms
[2024-07-24T07:25:21.566+0800][20.110s][gc,stats    ]    Subphase: Pause Mark Try Complete                       0.000 / 0.000         0.000 / 0.000         0.000 / 0.000         0.000 / 0.000       ms
[2024-07-24T07:25:21.566+0800][20.110s][gc,stats    ]      System: Java Threads                                     12 / 12               12 / 12               12 / 12               12 / 12          threads
[2024-07-24T07:25:21.566+0800][20.110s][gc,stats    ] =========================================================================================================================================================
[2024-07-24T07:25:21.945+0800][20.489s][gc,heap,exit] Heap
[2024-07-24T07:25:21.945+0800][20.489s][gc,heap,exit]  ZHeap           used 1028M, capacity 1952M, max capacity 2048M
[2024-07-24T07:25:21.945+0800][20.489s][gc,heap,exit]  Metaspace       used 683K, committed 832K, reserved 1114112K
[2024-07-24T07:25:21.945+0800][20.489s][gc,heap,exit]   class space    used 56K, committed 128K, reserved 1048576K
