[2024-07-24T07:25:40.324+0800][0.109s][gc,init] Initializing The Z Garbage Collector
[2024-07-24T07:25:40.325+0800][0.109s][gc,init] Version: 17.0.12+8-LTS-286 (release)
[2024-07-24T07:25:40.325+0800][0.109s][gc,init] NUMA Support: Disabled
[2024-07-24T07:25:40.325+0800][0.109s][gc,init] CPUs: 8 total, 8 available
[2024-07-24T07:25:40.325+0800][0.109s][gc,init] Memory: 16281M
[2024-07-24T07:25:40.325+0800][0.109s][gc,init] Large Page Support: Disabled
[2024-07-24T07:25:40.325+0800][0.109s][gc,init] GC Workers: 4 (dynamic)
[2024-07-24T07:25:40.326+0800][0.110s][gc,init] Address Space Type: Contiguous/Unrestricted/Complete
[2024-07-24T07:25:40.326+0800][0.110s][gc,init] Address Space Size: 32768M x 3 = 98304M
[2024-07-24T07:25:40.326+0800][0.111s][gc,init] Min Capacity: 1024M
[2024-07-24T07:25:40.326+0800][0.111s][gc,init] Initial Capacity: 1024M
[2024-07-24T07:25:40.327+0800][0.111s][gc,init] Max Capacity: 2048M
[2024-07-24T07:25:40.327+0800][0.111s][gc,init] Medium Page Size: 32M
[2024-07-24T07:25:40.327+0800][0.111s][gc,init] Pre-touch: Disabled
[2024-07-24T07:25:40.327+0800][0.111s][gc,init] Uncommit: Enabled
[2024-07-24T07:25:40.327+0800][0.111s][gc,init] Uncommit Delay: 300s
[2024-07-24T07:25:40.377+0800][0.161s][gc,init] Runtime Workers: 5
[2024-07-24T07:25:40.378+0800][0.162s][gc     ] Using The Z Garbage Collector
[2024-07-24T07:25:40.389+0800][0.173s][gc,metaspace] CDS archive(s) mapped at: [0x0000020700000000-0x0000020700bd0000-0x0000020700bd0000), size 12386304, SharedBaseAddress: 0x0000020700000000, ArchiveRelocationMode: 1.
[2024-07-24T07:25:40.389+0800][0.173s][gc,metaspace] Compressed class space mapped at: 0x0000020701000000-0x0000020741000000, reserved size: 1073741824
[2024-07-24T07:25:40.389+0800][0.173s][gc,metaspace] Narrow klass base: 0x0000020700000000, Narrow klass shift: 0, Narrow klass range: 0x100000000
[2024-07-24T07:25:41.316+0800][1.100s][gc,start    ] GC(0) Garbage Collection (Warmup)
[2024-07-24T07:25:41.316+0800][1.101s][gc,task     ] GC(0) Using 4 workers
[2024-07-24T07:25:41.316+0800][1.101s][gc,phases   ] GC(0) Pause Mark Start 0.007ms
[2024-07-24T07:25:41.332+0800][1.116s][gc,phases   ] GC(0) Concurrent Mark 15.330ms
[2024-07-24T07:25:41.332+0800][1.116s][gc,phases   ] GC(0) Pause Mark End 0.017ms
[2024-07-24T07:25:41.332+0800][1.117s][gc,phases   ] GC(0) Concurrent Mark Free 0.001ms
[2024-07-24T07:25:41.333+0800][1.117s][gc,phases   ] GC(0) Concurrent Process Non-Strong References 0.436ms
[2024-07-24T07:25:41.333+0800][1.117s][gc,phases   ] GC(0) Concurrent Reset Relocation Set 0.000ms
[2024-07-24T07:25:41.341+0800][1.125s][gc,phases   ] GC(0) Concurrent Select Relocation Set 7.909ms
[2024-07-24T07:25:41.341+0800][1.125s][gc,phases   ] GC(0) Pause Relocate Start 0.005ms
[2024-07-24T07:25:41.342+0800][1.127s][gc,phases   ] GC(0) Concurrent Relocate 1.467ms
[2024-07-24T07:25:41.342+0800][1.127s][gc,load     ] GC(0) Load: 0.00/0.00/0.00
[2024-07-24T07:25:41.343+0800][1.127s][gc,mmu      ] GC(0) MMU: 2ms/99.2%, 5ms/99.7%, 10ms/99.8%, 20ms/99.9%, 50ms/99.9%, 100ms/100.0%
[2024-07-24T07:25:41.343+0800][1.127s][gc,marking  ] GC(0) Mark: 4 stripe(s), 2 proactive flush(es), 1 terminate flush(es), 0 completion(s), 0 continuation(s) 
[2024-07-24T07:25:41.343+0800][1.127s][gc,marking  ] GC(0) Mark Stack Usage: 32M
[2024-07-24T07:25:41.343+0800][1.127s][gc,nmethod  ] GC(0) NMethods: 226 registered, 0 unregistered
[2024-07-24T07:25:41.343+0800][1.127s][gc,metaspace] GC(0) Metaspace: 0M used, 0M committed, 1088M reserved
[2024-07-24T07:25:41.343+0800][1.127s][gc,ref      ] GC(0) Soft: 93 encountered, 0 discovered, 0 enqueued
[2024-07-24T07:25:41.343+0800][1.127s][gc,ref      ] GC(0) Weak: 233 encountered, 44 discovered, 44 enqueued
[2024-07-24T07:25:41.343+0800][1.127s][gc,ref      ] GC(0) Final: 0 encountered, 0 discovered, 0 enqueued
[2024-07-24T07:25:41.343+0800][1.127s][gc,ref      ] GC(0) Phantom: 15 encountered, 14 discovered, 14 enqueued
[2024-07-24T07:25:41.343+0800][1.127s][gc,reloc    ] GC(0) Small Pages: 4 / 8M, Empty: 0M, Relocated: 1M, In-Place: 0
[2024-07-24T07:25:41.343+0800][1.127s][gc,reloc    ] GC(0) Medium Pages: 8 / 256M, Empty: 224M, Relocated: 0M, In-Place: 0
[2024-07-24T07:25:41.343+0800][1.127s][gc,reloc    ] GC(0) Large Pages: 0 / 0M, Empty: 0M, Relocated: 0M, In-Place: 0
[2024-07-24T07:25:41.343+0800][1.127s][gc,reloc    ] GC(0) Forwarding Usage: 0M
[2024-07-24T07:25:41.343+0800][1.127s][gc,heap     ] GC(0) Min Capacity: 1024M(50%)
[2024-07-24T07:25:41.343+0800][1.127s][gc,heap     ] GC(0) Max Capacity: 2048M(100%)
[2024-07-24T07:25:41.343+0800][1.127s][gc,heap     ] GC(0) Soft Max Capacity: 2048M(100%)
[2024-07-24T07:25:41.343+0800][1.127s][gc,heap     ] GC(0)                Mark Start          Mark End        Relocate Start      Relocate End           High               Low         
[2024-07-24T07:25:41.343+0800][1.127s][gc,heap     ] GC(0)  Capacity:     1024M (50%)        1024M (50%)        1024M (50%)        1024M (50%)        1024M (50%)        1024M (50%)    
[2024-07-24T07:25:41.343+0800][1.127s][gc,heap     ] GC(0)      Free:     1784M (87%)        1750M (85%)        1974M (96%)        1974M (96%)        1974M (96%)        1750M (85%)    
[2024-07-24T07:25:41.343+0800][1.127s][gc,heap     ] GC(0)      Used:      264M (13%)         298M (15%)          74M (4%)           74M (4%)          298M (15%)          74M (4%)     
[2024-07-24T07:25:41.343+0800][1.127s][gc,heap     ] GC(0)      Live:         -                 2M (0%)            2M (0%)            2M (0%)             -                  -          
[2024-07-24T07:25:41.343+0800][1.127s][gc,heap     ] GC(0) Allocated:         -                34M (2%)           34M (2%)           34M (2%)             -                  -          
[2024-07-24T07:25:41.343+0800][1.127s][gc,heap     ] GC(0)   Garbage:         -               261M (13%)          37M (2%)           37M (2%)             -                  -          
[2024-07-24T07:25:41.343+0800][1.127s][gc,heap     ] GC(0) Reclaimed:         -                  -               224M (11%)         224M (11%)            -                  -          
[2024-07-24T07:25:41.343+0800][1.127s][gc          ] GC(0) Garbage Collection (Warmup) 264M(13%)->74M(4%)
[2024-07-24T07:25:42.420+0800][2.204s][gc,start    ] GC(1) Garbage Collection (Warmup)
[2024-07-24T07:25:42.420+0800][2.204s][gc,task     ] GC(1) Using 4 workers
[2024-07-24T07:25:42.420+0800][2.204s][gc,phases   ] GC(1) Pause Mark Start 0.006ms
[2024-07-24T07:25:42.423+0800][2.207s][gc,phases   ] GC(1) Concurrent Mark 2.615ms
[2024-07-24T07:25:42.423+0800][2.207s][gc,phases   ] GC(1) Pause Mark End 0.010ms
[2024-07-24T07:25:42.423+0800][2.207s][gc,phases   ] GC(1) Concurrent Mark Free 0.001ms
[2024-07-24T07:25:42.424+0800][2.208s][gc,phases   ] GC(1) Concurrent Process Non-Strong References 0.557ms
[2024-07-24T07:25:42.424+0800][2.208s][gc,phases   ] GC(1) Concurrent Reset Relocation Set 0.001ms
[2024-07-24T07:25:42.426+0800][2.210s][gc,phases   ] GC(1) Concurrent Select Relocation Set 2.021ms
[2024-07-24T07:25:42.426+0800][2.210s][gc,phases   ] GC(1) Pause Relocate Start 0.006ms
[2024-07-24T07:25:42.428+0800][2.212s][gc,phases   ] GC(1) Concurrent Relocate 1.528ms
[2024-07-24T07:25:42.428+0800][2.212s][gc,load     ] GC(1) Load: 0.00/0.00/0.00
[2024-07-24T07:25:42.428+0800][2.212s][gc,mmu      ] GC(1) MMU: 2ms/99.2%, 5ms/99.7%, 10ms/99.8%, 20ms/99.9%, 50ms/99.9%, 100ms/100.0%
[2024-07-24T07:25:42.428+0800][2.212s][gc,marking  ] GC(1) Mark: 4 stripe(s), 1 proactive flush(es), 1 terminate flush(es), 0 completion(s), 0 continuation(s) 
[2024-07-24T07:25:42.428+0800][2.212s][gc,marking  ] GC(1) Mark Stack Usage: 32M
[2024-07-24T07:25:42.428+0800][2.212s][gc,nmethod  ] GC(1) NMethods: 235 registered, 0 unregistered
[2024-07-24T07:25:42.428+0800][2.212s][gc,metaspace] GC(1) Metaspace: 0M used, 0M committed, 1088M reserved
[2024-07-24T07:25:42.428+0800][2.212s][gc,ref      ] GC(1) Soft: 93 encountered, 0 discovered, 0 enqueued
[2024-07-24T07:25:42.428+0800][2.212s][gc,ref      ] GC(1) Weak: 189 encountered, 111 discovered, 0 enqueued
[2024-07-24T07:25:42.428+0800][2.212s][gc,ref      ] GC(1) Final: 0 encountered, 0 discovered, 0 enqueued
[2024-07-24T07:25:42.428+0800][2.212s][gc,ref      ] GC(1) Phantom: 1 encountered, 0 discovered, 0 enqueued
[2024-07-24T07:25:42.428+0800][2.212s][gc,reloc    ] GC(1) Small Pages: 5 / 10M, Empty: 0M, Relocated: 1M, In-Place: 0
[2024-07-24T07:25:42.428+0800][2.212s][gc,reloc    ] GC(1) Medium Pages: 14 / 448M, Empty: 448M, Relocated: 0M, In-Place: 0
[2024-07-24T07:25:42.428+0800][2.212s][gc,reloc    ] GC(1) Large Pages: 0 / 0M, Empty: 0M, Relocated: 0M, In-Place: 0
[2024-07-24T07:25:42.428+0800][2.212s][gc,reloc    ] GC(1) Forwarding Usage: 0M
[2024-07-24T07:25:42.428+0800][2.212s][gc,heap     ] GC(1) Min Capacity: 1024M(50%)
[2024-07-24T07:25:42.428+0800][2.212s][gc,heap     ] GC(1) Max Capacity: 2048M(100%)
[2024-07-24T07:25:42.428+0800][2.212s][gc,heap     ] GC(1) Soft Max Capacity: 2048M(100%)
[2024-07-24T07:25:42.428+0800][2.212s][gc,heap     ] GC(1)                Mark Start          Mark End        Relocate Start      Relocate End           High               Low         
[2024-07-24T07:25:42.428+0800][2.212s][gc,heap     ] GC(1)  Capacity:     1024M (50%)        1024M (50%)        1024M (50%)        1024M (50%)        1024M (50%)        1024M (50%)    
[2024-07-24T07:25:42.428+0800][2.212s][gc,heap     ] GC(1)      Free:     1590M (78%)        1558M (76%)        2006M (98%)        2008M (98%)        2008M (98%)        1558M (76%)    
[2024-07-24T07:25:42.428+0800][2.212s][gc,heap     ] GC(1)      Used:      458M (22%)         490M (24%)          42M (2%)           40M (2%)          490M (24%)          40M (2%)     
[2024-07-24T07:25:42.428+0800][2.212s][gc,heap     ] GC(1)      Live:         -                 1M (0%)            1M (0%)            1M (0%)             -                  -          
[2024-07-24T07:25:42.428+0800][2.212s][gc,heap     ] GC(1) Allocated:         -                32M (2%)           32M (2%)           33M (2%)             -                  -          
[2024-07-24T07:25:42.428+0800][2.212s][gc,heap     ] GC(1)   Garbage:         -               456M (22%)           8M (0%)            4M (0%)             -                  -          
[2024-07-24T07:25:42.428+0800][2.212s][gc,heap     ] GC(1) Reclaimed:         -                  -               448M (22%)         451M (22%)            -                  -          
[2024-07-24T07:25:42.428+0800][2.212s][gc          ] GC(1) Garbage Collection (Warmup) 458M(22%)->40M(2%)
[2024-07-24T07:25:43.519+0800][3.303s][gc,start    ] GC(2) Garbage Collection (Warmup)
[2024-07-24T07:25:43.519+0800][3.303s][gc,task     ] GC(2) Using 4 workers
[2024-07-24T07:25:43.519+0800][3.304s][gc,phases   ] GC(2) Pause Mark Start 0.006ms
[2024-07-24T07:25:43.535+0800][3.319s][gc,phases   ] GC(2) Concurrent Mark 15.518ms
[2024-07-24T07:25:43.535+0800][3.320s][gc,phases   ] GC(2) Pause Mark End 0.016ms
[2024-07-24T07:25:43.535+0800][3.320s][gc,phases   ] GC(2) Concurrent Mark Free 0.002ms
[2024-07-24T07:25:43.536+0800][3.320s][gc,phases   ] GC(2) Concurrent Process Non-Strong References 0.669ms
[2024-07-24T07:25:43.536+0800][3.320s][gc,phases   ] GC(2) Concurrent Reset Relocation Set 0.001ms
[2024-07-24T07:25:43.538+0800][3.322s][gc,phases   ] GC(2) Concurrent Select Relocation Set 1.540ms
[2024-07-24T07:25:43.538+0800][3.322s][gc,phases   ] GC(2) Pause Relocate Start 0.005ms
[2024-07-24T07:25:43.541+0800][3.325s][gc,phases   ] GC(2) Concurrent Relocate 2.593ms
[2024-07-24T07:25:43.541+0800][3.325s][gc,load     ] GC(2) Load: 0.00/0.00/0.00
[2024-07-24T07:25:43.541+0800][3.325s][gc,mmu      ] GC(2) MMU: 2ms/99.2%, 5ms/99.6%, 10ms/99.8%, 20ms/99.9%, 50ms/99.9%, 100ms/100.0%
[2024-07-24T07:25:43.541+0800][3.325s][gc,marking  ] GC(2) Mark: 4 stripe(s), 2 proactive flush(es), 1 terminate flush(es), 0 completion(s), 0 continuation(s) 
[2024-07-24T07:25:43.541+0800][3.325s][gc,marking  ] GC(2) Mark Stack Usage: 32M
[2024-07-24T07:25:43.541+0800][3.325s][gc,nmethod  ] GC(2) NMethods: 243 registered, 0 unregistered
[2024-07-24T07:25:43.541+0800][3.325s][gc,metaspace] GC(2) Metaspace: 0M used, 0M committed, 1088M reserved
[2024-07-24T07:25:43.541+0800][3.325s][gc,ref      ] GC(2) Soft: 93 encountered, 0 discovered, 0 enqueued
[2024-07-24T07:25:43.541+0800][3.325s][gc,ref      ] GC(2) Weak: 189 encountered, 1 discovered, 0 enqueued
[2024-07-24T07:25:43.541+0800][3.325s][gc,ref      ] GC(2) Final: 0 encountered, 0 discovered, 0 enqueued
[2024-07-24T07:25:43.541+0800][3.325s][gc,ref      ] GC(2) Phantom: 1 encountered, 0 discovered, 0 enqueued
[2024-07-24T07:25:43.541+0800][3.325s][gc,reloc    ] GC(2) Small Pages: 5 / 10M, Empty: 0M, Relocated: 1M, In-Place: 0
[2024-07-24T07:25:43.541+0800][3.325s][gc,reloc    ] GC(2) Medium Pages: 20 / 640M, Empty: 576M, Relocated: 11M, In-Place: 0
[2024-07-24T07:25:43.541+0800][3.325s][gc,reloc    ] GC(2) Large Pages: 0 / 0M, Empty: 0M, Relocated: 0M, In-Place: 0
[2024-07-24T07:25:43.541+0800][3.325s][gc,reloc    ] GC(2) Forwarding Usage: 0M
[2024-07-24T07:25:43.541+0800][3.325s][gc,heap     ] GC(2) Min Capacity: 1024M(50%)
[2024-07-24T07:25:43.541+0800][3.325s][gc,heap     ] GC(2) Max Capacity: 2048M(100%)
[2024-07-24T07:25:43.541+0800][3.325s][gc,heap     ] GC(2) Soft Max Capacity: 2048M(100%)
[2024-07-24T07:25:43.541+0800][3.325s][gc,heap     ] GC(2)                Mark Start          Mark End        Relocate Start      Relocate End           High               Low         
[2024-07-24T07:25:43.541+0800][3.325s][gc,heap     ] GC(2)  Capacity:     1024M (50%)        1024M (50%)        1024M (50%)        1024M (50%)        1024M (50%)        1024M (50%)    
[2024-07-24T07:25:43.541+0800][3.325s][gc,heap     ] GC(2)      Free:     1398M (68%)        1364M (67%)        1940M (95%)        1978M (97%)        1978M (97%)        1364M (67%)    
[2024-07-24T07:25:43.541+0800][3.325s][gc,heap     ] GC(2)      Used:      650M (32%)         684M (33%)         108M (5%)           70M (3%)          684M (33%)          70M (3%)     
[2024-07-24T07:25:43.541+0800][3.325s][gc,heap     ] GC(2)      Live:         -                12M (1%)           12M (1%)           12M (1%)             -                  -          
[2024-07-24T07:25:43.541+0800][3.325s][gc,heap     ] GC(2) Allocated:         -                34M (2%)           34M (2%)           33M (2%)             -                  -          
[2024-07-24T07:25:43.541+0800][3.325s][gc,heap     ] GC(2)   Garbage:         -               637M (31%)          61M (3%)           23M (1%)             -                  -          
[2024-07-24T07:25:43.541+0800][3.325s][gc,heap     ] GC(2) Reclaimed:         -                  -               576M (28%)         613M (30%)            -                  -          
[2024-07-24T07:25:43.541+0800][3.325s][gc          ] GC(2) Garbage Collection (Warmup) 650M(32%)->70M(3%)
[2024-07-24T07:25:45.718+0800][5.502s][gc,start    ] GC(3) Garbage Collection (Proactive)
[2024-07-24T07:25:45.718+0800][5.503s][gc,task     ] GC(3) Using 4 workers
[2024-07-24T07:25:45.718+0800][5.503s][gc,phases   ] GC(3) Pause Mark Start 0.007ms
[2024-07-24T07:25:45.750+0800][5.534s][gc,phases   ] GC(3) Concurrent Mark 31.297ms
[2024-07-24T07:25:45.750+0800][5.534s][gc,phases   ] GC(3) Pause Mark End 0.009ms
[2024-07-24T07:25:45.750+0800][5.535s][gc,phases   ] GC(3) Concurrent Mark Free 0.001ms
[2024-07-24T07:25:45.751+0800][5.535s][gc,phases   ] GC(3) Concurrent Process Non-Strong References 0.672ms
[2024-07-24T07:25:45.751+0800][5.535s][gc,phases   ] GC(3) Concurrent Reset Relocation Set 0.001ms
[2024-07-24T07:25:45.752+0800][5.537s][gc,phases   ] GC(3) Concurrent Select Relocation Set 1.600ms
[2024-07-24T07:25:45.753+0800][5.537s][gc,phases   ] GC(3) Pause Relocate Start 0.005ms
[2024-07-24T07:25:45.755+0800][5.539s][gc,phases   ] GC(3) Concurrent Relocate 2.192ms
[2024-07-24T07:25:45.755+0800][5.540s][gc,load     ] GC(3) Load: 0.00/0.00/0.00
[2024-07-24T07:25:45.755+0800][5.540s][gc,mmu      ] GC(3) MMU: 2ms/99.2%, 5ms/99.6%, 10ms/99.8%, 20ms/99.9%, 50ms/99.9%, 100ms/100.0%
[2024-07-24T07:25:45.755+0800][5.540s][gc,marking  ] GC(3) Mark: 4 stripe(s), 2 proactive flush(es), 1 terminate flush(es), 0 completion(s), 0 continuation(s) 
[2024-07-24T07:25:45.755+0800][5.540s][gc,marking  ] GC(3) Mark Stack Usage: 32M
[2024-07-24T07:25:45.755+0800][5.540s][gc,nmethod  ] GC(3) NMethods: 262 registered, 0 unregistered
[2024-07-24T07:25:45.755+0800][5.540s][gc,metaspace] GC(3) Metaspace: 0M used, 0M committed, 1088M reserved
[2024-07-24T07:25:45.755+0800][5.540s][gc,ref      ] GC(3) Soft: 93 encountered, 0 discovered, 0 enqueued
[2024-07-24T07:25:45.755+0800][5.540s][gc,ref      ] GC(3) Weak: 189 encountered, 0 discovered, 0 enqueued
[2024-07-24T07:25:45.755+0800][5.540s][gc,ref      ] GC(3) Final: 0 encountered, 0 discovered, 0 enqueued
[2024-07-24T07:25:45.755+0800][5.540s][gc,ref      ] GC(3) Phantom: 1 encountered, 0 discovered, 0 enqueued
[2024-07-24T07:25:45.755+0800][5.540s][gc,reloc    ] GC(3) Small Pages: 4 / 8M, Empty: 0M, Relocated: 1M, In-Place: 0
[2024-07-24T07:25:45.755+0800][5.540s][gc,reloc    ] GC(3) Medium Pages: 38 / 1216M, Empty: 1184M, Relocated: 0M, In-Place: 0
[2024-07-24T07:25:45.755+0800][5.540s][gc,reloc    ] GC(3) Large Pages: 0 / 0M, Empty: 0M, Relocated: 0M, In-Place: 0
[2024-07-24T07:25:45.755+0800][5.540s][gc,reloc    ] GC(3) Forwarding Usage: 0M
[2024-07-24T07:25:45.755+0800][5.540s][gc,heap     ] GC(3) Min Capacity: 1024M(50%)
[2024-07-24T07:25:45.755+0800][5.540s][gc,heap     ] GC(3) Max Capacity: 2048M(100%)
[2024-07-24T07:25:45.755+0800][5.540s][gc,heap     ] GC(3) Soft Max Capacity: 2048M(100%)
[2024-07-24T07:25:45.755+0800][5.540s][gc,heap     ] GC(3)                Mark Start          Mark End        Relocate Start      Relocate End           High               Low         
[2024-07-24T07:25:45.755+0800][5.540s][gc,heap     ] GC(3)  Capacity:     1248M (61%)        1280M (62%)        1280M (62%)        1280M (62%)        1280M (62%)        1248M (61%)    
[2024-07-24T07:25:45.755+0800][5.540s][gc,heap     ] GC(3)      Free:      824M (40%)         790M (39%)        1974M (96%)        1978M (97%)        1978M (97%)         790M (39%)    
[2024-07-24T07:25:45.755+0800][5.540s][gc,heap     ] GC(3)      Used:     1224M (60%)        1258M (61%)          74M (4%)           70M (3%)         1258M (61%)          70M (3%)     
[2024-07-24T07:25:45.755+0800][5.540s][gc,heap     ] GC(3)      Live:         -                 2M (0%)            2M (0%)            2M (0%)             -                  -          
[2024-07-24T07:25:45.755+0800][5.540s][gc,heap     ] GC(3) Allocated:         -                34M (2%)           34M (2%)           35M (2%)             -                  -          
[2024-07-24T07:25:45.755+0800][5.540s][gc,heap     ] GC(3)   Garbage:         -              1221M (60%)          37M (2%)           31M (2%)             -                  -          
[2024-07-24T07:25:45.755+0800][5.540s][gc,heap     ] GC(3) Reclaimed:         -                  -              1184M (58%)        1189M (58%)            -                  -          
[2024-07-24T07:25:45.755+0800][5.540s][gc          ] GC(3) Garbage Collection (Proactive) 1224M(60%)->70M(3%)
[2024-07-24T07:25:48.825+0800][8.609s][gc,start    ] GC(4) Garbage Collection (Allocation Rate)
[2024-07-24T07:25:48.825+0800][8.609s][gc,task     ] GC(4) Using 1 workers
[2024-07-24T07:25:48.825+0800][8.609s][gc,phases   ] GC(4) Pause Mark Start 0.010ms
[2024-07-24T07:25:48.828+0800][8.613s][gc,phases   ] GC(4) Concurrent Mark 3.558ms
[2024-07-24T07:25:48.828+0800][8.613s][gc,phases   ] GC(4) Pause Mark End 0.006ms
[2024-07-24T07:25:48.828+0800][8.613s][gc,phases   ] GC(4) Concurrent Mark Free 0.001ms
[2024-07-24T07:25:48.829+0800][8.614s][gc,phases   ] GC(4) Concurrent Process Non-Strong References 1.026ms
[2024-07-24T07:25:48.829+0800][8.614s][gc,phases   ] GC(4) Concurrent Reset Relocation Set 0.001ms
[2024-07-24T07:25:48.831+0800][8.616s][gc,phases   ] GC(4) Concurrent Select Relocation Set 1.798ms
[2024-07-24T07:25:48.831+0800][8.616s][gc,phases   ] GC(4) Pause Relocate Start 0.005ms
[2024-07-24T07:25:48.833+0800][8.618s][gc,phases   ] GC(4) Concurrent Relocate 1.438ms
[2024-07-24T07:25:48.833+0800][8.618s][gc,load     ] GC(4) Load: 0.00/0.00/0.00
[2024-07-24T07:25:48.833+0800][8.618s][gc,mmu      ] GC(4) MMU: 2ms/99.2%, 5ms/99.6%, 10ms/99.8%, 20ms/99.9%, 50ms/99.9%, 100ms/100.0%
[2024-07-24T07:25:48.833+0800][8.618s][gc,marking  ] GC(4) Mark: 1 stripe(s), 1 proactive flush(es), 1 terminate flush(es), 0 completion(s), 0 continuation(s) 
[2024-07-24T07:25:48.833+0800][8.618s][gc,marking  ] GC(4) Mark Stack Usage: 32M
[2024-07-24T07:25:48.833+0800][8.618s][gc,nmethod  ] GC(4) NMethods: 295 registered, 0 unregistered
[2024-07-24T07:25:48.833+0800][8.618s][gc,metaspace] GC(4) Metaspace: 0M used, 0M committed, 1088M reserved
[2024-07-24T07:25:48.833+0800][8.618s][gc,ref      ] GC(4) Soft: 93 encountered, 0 discovered, 0 enqueued
[2024-07-24T07:25:48.833+0800][8.618s][gc,ref      ] GC(4) Weak: 189 encountered, 172 discovered, 0 enqueued
[2024-07-24T07:25:48.833+0800][8.618s][gc,ref      ] GC(4) Final: 0 encountered, 0 discovered, 0 enqueued
[2024-07-24T07:25:48.833+0800][8.618s][gc,ref      ] GC(4) Phantom: 1 encountered, 0 discovered, 0 enqueued
[2024-07-24T07:25:48.833+0800][8.618s][gc,reloc    ] GC(4) Small Pages: 4 / 8M, Empty: 0M, Relocated: 1M, In-Place: 0
[2024-07-24T07:25:48.833+0800][8.618s][gc,reloc    ] GC(4) Medium Pages: 55 / 1760M, Empty: 1728M, Relocated: 0M, In-Place: 0
[2024-07-24T07:25:48.833+0800][8.618s][gc,reloc    ] GC(4) Large Pages: 0 / 0M, Empty: 0M, Relocated: 0M, In-Place: 0
[2024-07-24T07:25:48.833+0800][8.618s][gc,reloc    ] GC(4) Forwarding Usage: 0M
[2024-07-24T07:25:48.833+0800][8.618s][gc,heap     ] GC(4) Min Capacity: 1024M(50%)
[2024-07-24T07:25:48.833+0800][8.618s][gc,heap     ] GC(4) Max Capacity: 2048M(100%)
[2024-07-24T07:25:48.833+0800][8.618s][gc,heap     ] GC(4) Soft Max Capacity: 2048M(100%)
[2024-07-24T07:25:48.833+0800][8.618s][gc,heap     ] GC(4)                Mark Start          Mark End        Relocate Start      Relocate End           High               Low         
[2024-07-24T07:25:48.833+0800][8.618s][gc,heap     ] GC(4)  Capacity:     1792M (88%)        1792M (88%)        1792M (88%)        1792M (88%)        1792M (88%)        1792M (88%)    
[2024-07-24T07:25:48.833+0800][8.618s][gc,heap     ] GC(4)      Free:      280M (14%)         280M (14%)        2008M (98%)        2014M (98%)        2014M (98%)         280M (14%)    
[2024-07-24T07:25:48.833+0800][8.618s][gc,heap     ] GC(4)      Used:     1768M (86%)        1768M (86%)          40M (2%)           34M (2%)         1768M (86%)          34M (2%)     
[2024-07-24T07:25:48.833+0800][8.618s][gc,heap     ] GC(4)      Live:         -                11M (1%)           11M (1%)           11M (1%)             -                  -          
[2024-07-24T07:25:48.833+0800][8.618s][gc,heap     ] GC(4) Allocated:         -                 0M (0%)            0M (0%)            0M (0%)             -                  -          
[2024-07-24T07:25:48.833+0800][8.618s][gc,heap     ] GC(4)   Garbage:         -              1756M (86%)          28M (1%)           22M (1%)             -                  -          
[2024-07-24T07:25:48.833+0800][8.618s][gc,heap     ] GC(4) Reclaimed:         -                  -              1728M (84%)        1734M (85%)            -                  -          
[2024-07-24T07:25:48.833+0800][8.618s][gc          ] GC(4) Garbage Collection (Allocation Rate) 1768M(86%)->34M(2%)
[2024-07-24T07:25:50.421+0800][10.205s][gc,stats    ] === Garbage Collection Statistics =======================================================================================================================
[2024-07-24T07:25:50.421+0800][10.205s][gc,stats    ]                                                              Last 10s              Last 10m              Last 10h                Total
[2024-07-24T07:25:50.421+0800][10.205s][gc,stats    ]                                                              Avg / Max             Avg / Max             Avg / Max             Avg / Max
[2024-07-24T07:25:50.421+0800][10.205s][gc,stats    ]   Collector: Garbage Collection Cycle                     20.481 / 37.051       20.481 / 37.051       20.481 / 37.051       20.481 / 37.051      ms
[2024-07-24T07:25:50.421+0800][10.205s][gc,stats    ]  Contention: Mark Segment Reset Contention                     0 / 2                 0 / 2                 0 / 2                 0 / 2           ops/s
[2024-07-24T07:25:50.421+0800][10.205s][gc,stats    ]  Contention: Mark SeqNum Reset Contention                      0 / 0                 0 / 0                 0 / 0                 0 / 0           ops/s
[2024-07-24T07:25:50.421+0800][10.205s][gc,stats    ]    Critical: Allocation Stall                                  0 / 0                 0 / 0                 0 / 0                 0 / 0           ops/s
[2024-07-24T07:25:50.421+0800][10.205s][gc,stats    ]    Critical: Allocation Stall                              0.000 / 0.000         0.000 / 0.000         0.000 / 0.000         0.000 / 0.000       ms
[2024-07-24T07:25:50.421+0800][10.205s][gc,stats    ]    Critical: GC Locker Stall                                   0 / 0                 0 / 0                 0 / 0                 0 / 0           ops/s
[2024-07-24T07:25:50.421+0800][10.205s][gc,stats    ]    Critical: GC Locker Stall                               0.000 / 0.000         0.000 / 0.000         0.000 / 0.000         0.000 / 0.000       ms
[2024-07-24T07:25:50.421+0800][10.205s][gc,stats    ]    Critical: Relocation Stall                                  0 / 0                 0 / 0                 0 / 0                 0 / 0           ops/s
[2024-07-24T07:25:50.421+0800][10.205s][gc,stats    ]    Critical: Relocation Stall                              0.000 / 0.000         0.000 / 0.000         0.000 / 0.000         0.000 / 0.000       ms
[2024-07-24T07:25:50.421+0800][10.205s][gc,stats    ]      Memory: Allocation Rate                                 530 / 672             530 / 672             530 / 672             530 / 672         MB/s
[2024-07-24T07:25:50.421+0800][10.205s][gc,stats    ]      Memory: Out Of Memory                                     0 / 0                 0 / 0                 0 / 0                 0 / 0           ops/s
[2024-07-24T07:25:50.421+0800][10.205s][gc,stats    ]      Memory: Page Cache Flush                                  0 / 0                 0 / 0                 0 / 0                 0 / 0           MB/s
[2024-07-24T07:25:50.421+0800][10.205s][gc,stats    ]      Memory: Page Cache Hit L1                                12 / 22               12 / 22               12 / 22               12 / 22          ops/s
[2024-07-24T07:25:50.421+0800][10.205s][gc,stats    ]      Memory: Page Cache Hit L2                                 0 / 0                 0 / 0                 0 / 0                 0 / 0           ops/s
[2024-07-24T07:25:50.421+0800][10.205s][gc,stats    ]      Memory: Page Cache Hit L3                                 4 / 17                4 / 17                4 / 17                4 / 17          ops/s
[2024-07-24T07:25:50.421+0800][10.205s][gc,stats    ]      Memory: Page Cache Miss                                   2 / 11                2 / 11                2 / 11                2 / 11          ops/s
[2024-07-24T07:25:50.421+0800][10.205s][gc,stats    ]      Memory: Uncommit                                          0 / 0                 0 / 0                 0 / 0                 0 / 0           MB/s
[2024-07-24T07:25:50.421+0800][10.206s][gc,stats    ]      Memory: Undo Object Allocation Failed                     0 / 0                 0 / 0                 0 / 0                 0 / 0           ops/s
[2024-07-24T07:25:50.421+0800][10.206s][gc,stats    ]      Memory: Undo Object Allocation Succeeded                  0 / 0                 0 / 0                 0 / 0                 0 / 0           ops/s
[2024-07-24T07:25:50.421+0800][10.206s][gc,stats    ]      Memory: Undo Page Allocation                              0 / 0                 0 / 0                 0 / 0                 0 / 0           ops/s
[2024-07-24T07:25:50.421+0800][10.206s][gc,stats    ]       Phase: Concurrent Mark                              13.664 / 31.297       13.664 / 31.297       13.664 / 31.297       13.664 / 31.297      ms
[2024-07-24T07:25:50.421+0800][10.206s][gc,stats    ]       Phase: Concurrent Mark Continue                      0.000 / 0.000         0.000 / 0.000         0.000 / 0.000         0.000 / 0.000       ms
[2024-07-24T07:25:50.422+0800][10.206s][gc,stats    ]       Phase: Concurrent Mark Free                          0.001 / 0.002         0.001 / 0.002         0.001 / 0.002         0.001 / 0.002       ms
[2024-07-24T07:25:50.422+0800][10.206s][gc,stats    ]       Phase: Concurrent Process Non-Strong References      0.672 / 1.026         0.672 / 1.026         0.672 / 1.026         0.672 / 1.026       ms
[2024-07-24T07:25:50.422+0800][10.206s][gc,stats    ]       Phase: Concurrent Relocate                           1.843 / 2.593         1.843 / 2.593         1.843 / 2.593         1.843 / 2.593       ms
[2024-07-24T07:25:50.422+0800][10.206s][gc,stats    ]       Phase: Concurrent Reset Relocation Set               0.001 / 0.001         0.001 / 0.001         0.001 / 0.001         0.001 / 0.001       ms
[2024-07-24T07:25:50.422+0800][10.206s][gc,stats    ]       Phase: Concurrent Select Relocation Set              2.974 / 7.909         2.974 / 7.909         2.974 / 7.909         2.974 / 7.909       ms
[2024-07-24T07:25:50.422+0800][10.206s][gc,stats    ]       Phase: Pause Mark End                                0.012 / 0.017         0.012 / 0.017         0.012 / 0.017         0.012 / 0.017       ms
[2024-07-24T07:25:50.422+0800][10.206s][gc,stats    ]       Phase: Pause Mark Start                              0.007 / 0.010         0.007 / 0.010         0.007 / 0.010         0.007 / 0.010       ms
[2024-07-24T07:25:50.422+0800][10.206s][gc,stats    ]       Phase: Pause Relocate Start                          0.005 / 0.006         0.005 / 0.006         0.005 / 0.006         0.005 / 0.006       ms
[2024-07-24T07:25:50.422+0800][10.206s][gc,stats    ]    Subphase: Concurrent Classes Purge                      0.112 / 0.121         0.112 / 0.121         0.112 / 0.121         0.112 / 0.121       ms
[2024-07-24T07:25:50.422+0800][10.206s][gc,stats    ]    Subphase: Concurrent Classes Unlink                     0.204 / 0.387         0.204 / 0.387         0.204 / 0.387         0.204 / 0.387       ms
[2024-07-24T07:25:50.422+0800][10.206s][gc,stats    ]    Subphase: Concurrent Mark                              12.454 / 30.939       12.454 / 30.939       12.454 / 30.939       12.454 / 30.939      ms
[2024-07-24T07:25:50.422+0800][10.206s][gc,stats    ]    Subphase: Concurrent Mark Try Flush                     1.209 / 14.388        1.209 / 14.388        1.209 / 14.388        1.209 / 14.388      ms
[2024-07-24T07:25:50.422+0800][10.206s][gc,stats    ]    Subphase: Concurrent Mark Try Terminate                 7.180 / 15.629        7.180 / 15.629        7.180 / 15.629        7.180 / 15.629      ms
[2024-07-24T07:25:50.422+0800][10.206s][gc,stats    ]    Subphase: Concurrent References Enqueue                 0.001 / 0.003         0.001 / 0.003         0.001 / 0.003         0.001 / 0.003       ms
[2024-07-24T07:25:50.422+0800][10.206s][gc,stats    ]    Subphase: Concurrent References Process                 0.101 / 0.124         0.101 / 0.124         0.101 / 0.124         0.101 / 0.124       ms
[2024-07-24T07:25:50.422+0800][10.206s][gc,stats    ]    Subphase: Concurrent Roots ClassLoaderDataGraph         0.067 / 0.145         0.067 / 0.145         0.067 / 0.145         0.067 / 0.145       ms
[2024-07-24T07:25:50.422+0800][10.206s][gc,stats    ]    Subphase: Concurrent Roots CodeCache                    0.000 / 0.000         0.000 / 0.000         0.000 / 0.000         0.000 / 0.000       ms
[2024-07-24T07:25:50.422+0800][10.206s][gc,stats    ]    Subphase: Concurrent Roots JavaThreads                  0.092 / 0.155         0.092 / 0.155         0.092 / 0.155         0.092 / 0.155       ms
[2024-07-24T07:25:50.422+0800][10.206s][gc,stats    ]    Subphase: Concurrent Roots OopStorageSet                0.025 / 0.039         0.025 / 0.039         0.025 / 0.039         0.025 / 0.039       ms
[2024-07-24T07:25:50.422+0800][10.206s][gc,stats    ]    Subphase: Concurrent Weak Roots OopStorageSet           0.066 / 0.165         0.066 / 0.165         0.066 / 0.165         0.066 / 0.165       ms
[2024-07-24T07:25:50.422+0800][10.206s][gc,stats    ]    Subphase: Pause Mark Try Complete                       0.000 / 0.000         0.000 / 0.000         0.000 / 0.000         0.000 / 0.000       ms
[2024-07-24T07:25:50.422+0800][10.206s][gc,stats    ]      System: Java Threads                                     12 / 12               12 / 12               12 / 12               12 / 12          threads
[2024-07-24T07:25:50.422+0800][10.206s][gc,stats    ] =========================================================================================================================================================
[2024-07-24T07:25:51.519+0800][11.303s][gc,start    ] GC(5) Garbage Collection (Allocation Rate)
[2024-07-24T07:25:51.519+0800][11.303s][gc,task     ] GC(5) Using 1 workers
[2024-07-24T07:25:51.519+0800][11.304s][gc,phases   ] GC(5) Pause Mark Start 0.007ms
[2024-07-24T07:25:51.523+0800][11.308s][gc,phases   ] GC(5) Concurrent Mark 3.730ms
[2024-07-24T07:25:51.523+0800][11.308s][gc,phases   ] GC(5) Pause Mark End 0.008ms
[2024-07-24T07:25:51.524+0800][11.308s][gc,phases   ] GC(5) Concurrent Mark Free 0.001ms
[2024-07-24T07:25:51.525+0800][11.309s][gc,phases   ] GC(5) Concurrent Process Non-Strong References 1.031ms
[2024-07-24T07:25:51.525+0800][11.309s][gc,phases   ] GC(5) Concurrent Reset Relocation Set 0.001ms
[2024-07-24T07:25:51.527+0800][11.312s][gc,phases   ] GC(5) Concurrent Select Relocation Set 2.524ms
[2024-07-24T07:25:51.527+0800][11.312s][gc,phases   ] GC(5) Pause Relocate Start 0.006ms
[2024-07-24T07:25:51.529+0800][11.313s][gc,phases   ] GC(5) Concurrent Relocate 1.378ms
[2024-07-24T07:25:51.529+0800][11.313s][gc,load     ] GC(5) Load: 0.00/0.00/0.00
[2024-07-24T07:25:51.529+0800][11.313s][gc,mmu      ] GC(5) MMU: 2ms/99.2%, 5ms/99.6%, 10ms/99.8%, 20ms/99.9%, 50ms/99.9%, 100ms/100.0%
[2024-07-24T07:25:51.529+0800][11.313s][gc,marking  ] GC(5) Mark: 1 stripe(s), 2 proactive flush(es), 1 terminate flush(es), 0 completion(s), 0 continuation(s) 
[2024-07-24T07:25:51.529+0800][11.313s][gc,marking  ] GC(5) Mark Stack Usage: 32M
[2024-07-24T07:25:51.529+0800][11.313s][gc,nmethod  ] GC(5) NMethods: 306 registered, 0 unregistered
[2024-07-24T07:25:51.529+0800][11.313s][gc,metaspace] GC(5) Metaspace: 0M used, 0M committed, 1088M reserved
[2024-07-24T07:25:51.529+0800][11.313s][gc,ref      ] GC(5) Soft: 93 encountered, 0 discovered, 0 enqueued
[2024-07-24T07:25:51.529+0800][11.313s][gc,ref      ] GC(5) Weak: 189 encountered, 172 discovered, 0 enqueued
[2024-07-24T07:25:51.529+0800][11.313s][gc,ref      ] GC(5) Final: 0 encountered, 0 discovered, 0 enqueued
[2024-07-24T07:25:51.529+0800][11.313s][gc,ref      ] GC(5) Phantom: 1 encountered, 0 discovered, 0 enqueued
[2024-07-24T07:25:51.529+0800][11.313s][gc,reloc    ] GC(5) Small Pages: 2 / 4M, Empty: 0M, Relocated: 1M, In-Place: 0
[2024-07-24T07:25:51.529+0800][11.313s][gc,reloc    ] GC(5) Medium Pages: 56 / 1792M, Empty: 1760M, Relocated: 0M, In-Place: 0
[2024-07-24T07:25:51.529+0800][11.313s][gc,reloc    ] GC(5) Large Pages: 0 / 0M, Empty: 0M, Relocated: 0M, In-Place: 0
[2024-07-24T07:25:51.529+0800][11.313s][gc,reloc    ] GC(5) Forwarding Usage: 0M
[2024-07-24T07:25:51.529+0800][11.313s][gc,heap     ] GC(5) Min Capacity: 1024M(50%)
[2024-07-24T07:25:51.529+0800][11.314s][gc,heap     ] GC(5) Max Capacity: 2048M(100%)
[2024-07-24T07:25:51.529+0800][11.314s][gc,heap     ] GC(5) Soft Max Capacity: 2048M(100%)
[2024-07-24T07:25:51.529+0800][11.314s][gc,heap     ] GC(5)                Mark Start          Mark End        Relocate Start      Relocate End           High               Low         
[2024-07-24T07:25:51.529+0800][11.314s][gc,heap     ] GC(5)  Capacity:     1824M (89%)        1856M (91%)        1856M (91%)        1856M (91%)        1856M (91%)        1824M (89%)    
[2024-07-24T07:25:51.529+0800][11.314s][gc,heap     ] GC(5)      Free:      252M (12%)         220M (11%)        1978M (97%)        1980M (97%)        1980M (97%)         218M (11%)    
[2024-07-24T07:25:51.529+0800][11.314s][gc,heap     ] GC(5)      Used:     1796M (88%)        1828M (89%)          70M (3%)           68M (3%)         1830M (89%)          68M (3%)     
[2024-07-24T07:25:51.529+0800][11.314s][gc,heap     ] GC(5)      Live:         -                 2M (0%)            2M (0%)            2M (0%)             -                  -          
[2024-07-24T07:25:51.529+0800][11.314s][gc,heap     ] GC(5) Allocated:         -                32M (2%)           34M (2%)           34M (2%)             -                  -          
[2024-07-24T07:25:51.529+0800][11.314s][gc,heap     ] GC(5)   Garbage:         -              1793M (88%)          33M (2%)           31M (2%)             -                  -          
[2024-07-24T07:25:51.529+0800][11.314s][gc,heap     ] GC(5) Reclaimed:         -                  -              1760M (86%)        1762M (86%)            -                  -          
[2024-07-24T07:25:51.529+0800][11.314s][gc          ] GC(5) Garbage Collection (Allocation Rate) 1796M(88%)->68M(3%)
[2024-07-24T07:25:53.318+0800][13.102s][gc,start    ] GC(6) Garbage Collection (Proactive)
[2024-07-24T07:25:53.319+0800][13.103s][gc,task     ] GC(6) Using 4 workers
[2024-07-24T07:25:53.319+0800][13.103s][gc,phases   ] GC(6) Pause Mark Start 0.011ms
[2024-07-24T07:25:53.334+0800][13.119s][gc,phases   ] GC(6) Concurrent Mark 15.468ms
[2024-07-24T07:25:53.334+0800][13.119s][gc,phases   ] GC(6) Pause Mark End 0.011ms
[2024-07-24T07:25:53.334+0800][13.119s][gc,phases   ] GC(6) Concurrent Mark Free 0.001ms
[2024-07-24T07:25:53.335+0800][13.120s][gc,phases   ] GC(6) Concurrent Process Non-Strong References 0.676ms
[2024-07-24T07:25:53.335+0800][13.120s][gc,phases   ] GC(6) Concurrent Reset Relocation Set 0.001ms
[2024-07-24T07:25:53.337+0800][13.121s][gc,phases   ] GC(6) Concurrent Select Relocation Set 1.550ms
[2024-07-24T07:25:53.337+0800][13.122s][gc,phases   ] GC(6) Pause Relocate Start 0.006ms
[2024-07-24T07:25:53.337+0800][13.122s][gc,phases   ] GC(6) Concurrent Relocate 0.124ms
[2024-07-24T07:25:53.337+0800][13.122s][gc,load     ] GC(6) Load: 0.00/0.00/0.00
[2024-07-24T07:25:53.337+0800][13.122s][gc,mmu      ] GC(6) MMU: 2ms/99.2%, 5ms/99.6%, 10ms/99.8%, 20ms/99.9%, 50ms/99.9%, 100ms/100.0%
[2024-07-24T07:25:53.337+0800][13.122s][gc,marking  ] GC(6) Mark: 4 stripe(s), 2 proactive flush(es), 1 terminate flush(es), 0 completion(s), 0 continuation(s) 
[2024-07-24T07:25:53.337+0800][13.122s][gc,marking  ] GC(6) Mark Stack Usage: 32M
[2024-07-24T07:25:53.337+0800][13.122s][gc,nmethod  ] GC(6) NMethods: 319 registered, 0 unregistered
[2024-07-24T07:25:53.337+0800][13.122s][gc,metaspace] GC(6) Metaspace: 0M used, 0M committed, 1088M reserved
[2024-07-24T07:25:53.337+0800][13.122s][gc,ref      ] GC(6) Soft: 93 encountered, 0 discovered, 0 enqueued
[2024-07-24T07:25:53.337+0800][13.122s][gc,ref      ] GC(6) Weak: 189 encountered, 0 discovered, 0 enqueued
[2024-07-24T07:25:53.337+0800][13.122s][gc,ref      ] GC(6) Final: 0 encountered, 0 discovered, 0 enqueued
[2024-07-24T07:25:53.337+0800][13.122s][gc,ref      ] GC(6) Phantom: 1 encountered, 0 discovered, 0 enqueued
[2024-07-24T07:25:53.337+0800][13.122s][gc,reloc    ] GC(6) Small Pages: 2 / 4M, Empty: 2M, Relocated: 0M, In-Place: 0
[2024-07-24T07:25:53.338+0800][13.122s][gc,reloc    ] GC(6) Medium Pages: 38 / 1216M, Empty: 1184M, Relocated: 0M, In-Place: 0
[2024-07-24T07:25:53.338+0800][13.122s][gc,reloc    ] GC(6) Large Pages: 0 / 0M, Empty: 0M, Relocated: 0M, In-Place: 0
[2024-07-24T07:25:53.338+0800][13.122s][gc,reloc    ] GC(6) Forwarding Usage: 0M
[2024-07-24T07:25:53.338+0800][13.122s][gc,heap     ] GC(6) Min Capacity: 1024M(50%)
[2024-07-24T07:25:53.338+0800][13.122s][gc,heap     ] GC(6) Max Capacity: 2048M(100%)
[2024-07-24T07:25:53.338+0800][13.122s][gc,heap     ] GC(6) Soft Max Capacity: 2048M(100%)
[2024-07-24T07:25:53.338+0800][13.122s][gc,heap     ] GC(6)                Mark Start          Mark End        Relocate Start      Relocate End           High               Low         
[2024-07-24T07:25:53.338+0800][13.122s][gc,heap     ] GC(6)  Capacity:     1856M (91%)        1856M (91%)        1856M (91%)        1856M (91%)        1856M (91%)        1856M (91%)    
[2024-07-24T07:25:53.338+0800][13.122s][gc,heap     ] GC(6)      Free:      828M (40%)         794M (39%)        1980M (97%)        1980M (97%)        1980M (97%)         794M (39%)    
[2024-07-24T07:25:53.338+0800][13.122s][gc,heap     ] GC(6)      Used:     1220M (60%)        1254M (61%)          68M (3%)           68M (3%)         1254M (61%)          68M (3%)     
[2024-07-24T07:25:53.338+0800][13.122s][gc,heap     ] GC(6)      Live:         -                 4M (0%)            4M (0%)            4M (0%)             -                  -          
[2024-07-24T07:25:53.338+0800][13.122s][gc,heap     ] GC(6) Allocated:         -                34M (2%)           34M (2%)           34M (2%)             -                  -          
[2024-07-24T07:25:53.338+0800][13.122s][gc,heap     ] GC(6)   Garbage:         -              1215M (59%)          29M (1%)           29M (1%)             -                  -          
[2024-07-24T07:25:53.338+0800][13.122s][gc,heap     ] GC(6) Reclaimed:         -                  -              1186M (58%)        1186M (58%)            -                  -          
[2024-07-24T07:25:53.338+0800][13.122s][gc          ] GC(6) Garbage Collection (Proactive) 1220M(60%)->68M(3%)
[2024-07-24T07:25:55.324+0800][15.108s][gc,start    ] GC(7) Garbage Collection (Proactive)
[2024-07-24T07:25:55.324+0800][15.108s][gc,task     ] GC(7) Using 4 workers
[2024-07-24T07:25:55.324+0800][15.108s][gc,phases   ] GC(7) Pause Mark Start 0.012ms
[2024-07-24T07:25:55.340+0800][15.124s][gc,phases   ] GC(7) Concurrent Mark 15.575ms
[2024-07-24T07:25:55.340+0800][15.124s][gc,phases   ] GC(7) Pause Mark End 0.010ms
[2024-07-24T07:25:55.340+0800][15.124s][gc,phases   ] GC(7) Concurrent Mark Free 0.001ms
[2024-07-24T07:25:55.340+0800][15.125s][gc,phases   ] GC(7) Concurrent Process Non-Strong References 0.413ms
[2024-07-24T07:25:55.340+0800][15.125s][gc,phases   ] GC(7) Concurrent Reset Relocation Set 0.000ms
[2024-07-24T07:25:55.342+0800][15.126s][gc,phases   ] GC(7) Concurrent Select Relocation Set 1.757ms
[2024-07-24T07:25:55.342+0800][15.127s][gc,phases   ] GC(7) Pause Relocate Start 0.012ms
[2024-07-24T07:25:55.343+0800][15.127s][gc,phases   ] GC(7) Concurrent Relocate 0.085ms
[2024-07-24T07:25:55.343+0800][15.127s][gc,load     ] GC(7) Load: 0.00/0.00/0.00
[2024-07-24T07:25:55.343+0800][15.127s][gc,mmu      ] GC(7) MMU: 2ms/99.2%, 5ms/99.6%, 10ms/99.8%, 20ms/99.8%, 50ms/99.9%, 100ms/100.0%
[2024-07-24T07:25:55.343+0800][15.127s][gc,marking  ] GC(7) Mark: 4 stripe(s), 2 proactive flush(es), 1 terminate flush(es), 0 completion(s), 0 continuation(s) 
[2024-07-24T07:25:55.343+0800][15.127s][gc,marking  ] GC(7) Mark Stack Usage: 32M
[2024-07-24T07:25:55.343+0800][15.127s][gc,nmethod  ] GC(7) NMethods: 333 registered, 0 unregistered
[2024-07-24T07:25:55.343+0800][15.127s][gc,metaspace] GC(7) Metaspace: 0M used, 0M committed, 1088M reserved
[2024-07-24T07:25:55.343+0800][15.127s][gc,ref      ] GC(7) Soft: 93 encountered, 0 discovered, 0 enqueued
[2024-07-24T07:25:55.343+0800][15.127s][gc,ref      ] GC(7) Weak: 189 encountered, 0 discovered, 0 enqueued
[2024-07-24T07:25:55.343+0800][15.127s][gc,ref      ] GC(7) Final: 0 encountered, 0 discovered, 0 enqueued
[2024-07-24T07:25:55.343+0800][15.127s][gc,ref      ] GC(7) Phantom: 1 encountered, 0 discovered, 0 enqueued
[2024-07-24T07:25:55.343+0800][15.127s][gc,reloc    ] GC(7) Small Pages: 2 / 4M, Empty: 2M, Relocated: 0M, In-Place: 0
[2024-07-24T07:25:55.343+0800][15.127s][gc,reloc    ] GC(7) Medium Pages: 40 / 1280M, Empty: 1248M, Relocated: 0M, In-Place: 0
[2024-07-24T07:25:55.343+0800][15.127s][gc,reloc    ] GC(7) Large Pages: 0 / 0M, Empty: 0M, Relocated: 0M, In-Place: 0
[2024-07-24T07:25:55.343+0800][15.127s][gc,reloc    ] GC(7) Forwarding Usage: 0M
[2024-07-24T07:25:55.343+0800][15.127s][gc,heap     ] GC(7) Min Capacity: 1024M(50%)
[2024-07-24T07:25:55.343+0800][15.127s][gc,heap     ] GC(7) Max Capacity: 2048M(100%)
[2024-07-24T07:25:55.343+0800][15.127s][gc,heap     ] GC(7) Soft Max Capacity: 2048M(100%)
[2024-07-24T07:25:55.343+0800][15.127s][gc,heap     ] GC(7)                Mark Start          Mark End        Relocate Start      Relocate End           High               Low         
[2024-07-24T07:25:55.343+0800][15.127s][gc,heap     ] GC(7)  Capacity:     1856M (91%)        1856M (91%)        1856M (91%)        1856M (91%)        1856M (91%)        1856M (91%)    
[2024-07-24T07:25:55.343+0800][15.127s][gc,heap     ] GC(7)      Free:      764M (37%)         730M (36%)        1980M (97%)        1980M (97%)        1980M (97%)         730M (36%)    
[2024-07-24T07:25:55.343+0800][15.127s][gc,heap     ] GC(7)      Used:     1284M (63%)        1318M (64%)          68M (3%)           68M (3%)         1318M (64%)          68M (3%)     
[2024-07-24T07:25:55.343+0800][15.127s][gc,heap     ] GC(7)      Live:         -                 4M (0%)            4M (0%)            4M (0%)             -                  -          
[2024-07-24T07:25:55.343+0800][15.127s][gc,heap     ] GC(7) Allocated:         -                34M (2%)           34M (2%)           34M (2%)             -                  -          
[2024-07-24T07:25:55.343+0800][15.127s][gc,heap     ] GC(7)   Garbage:         -              1279M (62%)          29M (1%)           29M (1%)             -                  -          
[2024-07-24T07:25:55.343+0800][15.127s][gc,heap     ] GC(7) Reclaimed:         -                  -              1250M (61%)        1250M (61%)            -                  -          
[2024-07-24T07:25:55.343+0800][15.127s][gc          ] GC(7) Garbage Collection (Proactive) 1284M(63%)->68M(3%)
[2024-07-24T07:25:57.022+0800][16.806s][gc,start    ] GC(8) Garbage Collection (Proactive)
[2024-07-24T07:25:57.022+0800][16.806s][gc,task     ] GC(8) Using 4 workers
[2024-07-24T07:25:57.022+0800][16.806s][gc,phases   ] GC(8) Pause Mark Start 0.008ms
[2024-07-24T07:25:57.037+0800][16.821s][gc,phases   ] GC(8) Concurrent Mark 14.302ms
[2024-07-24T07:25:57.037+0800][16.821s][gc,phases   ] GC(8) Pause Mark End 0.016ms
[2024-07-24T07:25:57.037+0800][16.821s][gc,phases   ] GC(8) Concurrent Mark Free 0.002ms
[2024-07-24T07:25:57.037+0800][16.822s][gc,phases   ] GC(8) Concurrent Process Non-Strong References 0.614ms
[2024-07-24T07:25:57.037+0800][16.822s][gc,phases   ] GC(8) Concurrent Reset Relocation Set 0.000ms
[2024-07-24T07:25:57.040+0800][16.824s][gc,phases   ] GC(8) Concurrent Select Relocation Set 1.751ms
[2024-07-24T07:25:57.040+0800][16.824s][gc,phases   ] GC(8) Pause Relocate Start 0.007ms
[2024-07-24T07:25:57.040+0800][16.824s][gc,phases   ] GC(8) Concurrent Relocate 0.093ms
[2024-07-24T07:25:57.040+0800][16.824s][gc,load     ] GC(8) Load: 0.00/0.00/0.00
[2024-07-24T07:25:57.040+0800][16.824s][gc,mmu      ] GC(8) MMU: 2ms/99.2%, 5ms/99.6%, 10ms/99.8%, 20ms/99.8%, 50ms/99.9%, 100ms/100.0%
[2024-07-24T07:25:57.040+0800][16.824s][gc,marking  ] GC(8) Mark: 4 stripe(s), 2 proactive flush(es), 1 terminate flush(es), 0 completion(s), 0 continuation(s) 
[2024-07-24T07:25:57.040+0800][16.824s][gc,marking  ] GC(8) Mark Stack Usage: 32M
[2024-07-24T07:25:57.040+0800][16.824s][gc,nmethod  ] GC(8) NMethods: 334 registered, 0 unregistered
[2024-07-24T07:25:57.040+0800][16.824s][gc,metaspace] GC(8) Metaspace: 0M used, 0M committed, 1088M reserved
[2024-07-24T07:25:57.040+0800][16.824s][gc,ref      ] GC(8) Soft: 93 encountered, 0 discovered, 0 enqueued
[2024-07-24T07:25:57.040+0800][16.824s][gc,ref      ] GC(8) Weak: 189 encountered, 41 discovered, 0 enqueued
[2024-07-24T07:25:57.040+0800][16.825s][gc,ref      ] GC(8) Final: 0 encountered, 0 discovered, 0 enqueued
[2024-07-24T07:25:57.040+0800][16.825s][gc,ref      ] GC(8) Phantom: 1 encountered, 0 discovered, 0 enqueued
[2024-07-24T07:25:57.040+0800][16.825s][gc,reloc    ] GC(8) Small Pages: 2 / 4M, Empty: 2M, Relocated: 0M, In-Place: 0
[2024-07-24T07:25:57.040+0800][16.825s][gc,reloc    ] GC(8) Medium Pages: 36 / 1152M, Empty: 1120M, Relocated: 0M, In-Place: 0
[2024-07-24T07:25:57.040+0800][16.825s][gc,reloc    ] GC(8) Large Pages: 0 / 0M, Empty: 0M, Relocated: 0M, In-Place: 0
[2024-07-24T07:25:57.040+0800][16.825s][gc,reloc    ] GC(8) Forwarding Usage: 0M
[2024-07-24T07:25:57.040+0800][16.825s][gc,heap     ] GC(8) Min Capacity: 1024M(50%)
[2024-07-24T07:25:57.040+0800][16.825s][gc,heap     ] GC(8) Max Capacity: 2048M(100%)
[2024-07-24T07:25:57.040+0800][16.825s][gc,heap     ] GC(8) Soft Max Capacity: 2048M(100%)
[2024-07-24T07:25:57.040+0800][16.825s][gc,heap     ] GC(8)                Mark Start          Mark End        Relocate Start      Relocate End           High               Low         
[2024-07-24T07:25:57.040+0800][16.825s][gc,heap     ] GC(8)  Capacity:     1856M (91%)        1856M (91%)        1856M (91%)        1856M (91%)        1856M (91%)        1856M (91%)    
[2024-07-24T07:25:57.040+0800][16.825s][gc,heap     ] GC(8)      Free:      892M (44%)         858M (42%)        1980M (97%)        1980M (97%)        1980M (97%)         858M (42%)    
[2024-07-24T07:25:57.040+0800][16.825s][gc,heap     ] GC(8)      Used:     1156M (56%)        1190M (58%)          68M (3%)           68M (3%)         1190M (58%)          68M (3%)     
[2024-07-24T07:25:57.040+0800][16.825s][gc,heap     ] GC(8)      Live:         -                 4M (0%)            4M (0%)            4M (0%)             -                  -          
[2024-07-24T07:25:57.040+0800][16.825s][gc,heap     ] GC(8) Allocated:         -                34M (2%)           34M (2%)           34M (2%)             -                  -          
[2024-07-24T07:25:57.040+0800][16.825s][gc,heap     ] GC(8)   Garbage:         -              1151M (56%)          29M (1%)           29M (1%)             -                  -          
[2024-07-24T07:25:57.040+0800][16.825s][gc,heap     ] GC(8) Reclaimed:         -                  -              1122M (55%)        1122M (55%)            -                  -          
[2024-07-24T07:25:57.040+0800][16.825s][gc          ] GC(8) Garbage Collection (Proactive) 1156M(56%)->68M(3%)
[2024-07-24T07:25:58.413+0800][18.197s][gc,start    ] GC(9) Garbage Collection (Proactive)
[2024-07-24T07:25:58.413+0800][18.197s][gc,task     ] GC(9) Using 4 workers
[2024-07-24T07:25:58.413+0800][18.197s][gc,phases   ] GC(9) Pause Mark Start 0.012ms
[2024-07-24T07:25:58.428+0800][18.213s][gc,phases   ] GC(9) Concurrent Mark 15.369ms
[2024-07-24T07:25:58.428+0800][18.213s][gc,phases   ] GC(9) Pause Mark End 0.010ms
[2024-07-24T07:25:58.428+0800][18.213s][gc,phases   ] GC(9) Concurrent Mark Free 0.005ms
[2024-07-24T07:25:58.429+0800][18.214s][gc,phases   ] GC(9) Concurrent Process Non-Strong References 0.633ms
[2024-07-24T07:25:58.429+0800][18.214s][gc,phases   ] GC(9) Concurrent Reset Relocation Set 0.000ms
[2024-07-24T07:25:58.431+0800][18.215s][gc,phases   ] GC(9) Concurrent Select Relocation Set 1.466ms
[2024-07-24T07:25:58.431+0800][18.215s][gc,phases   ] GC(9) Pause Relocate Start 0.006ms
[2024-07-24T07:25:58.431+0800][18.216s][gc,phases   ] GC(9) Concurrent Relocate 0.130ms
[2024-07-24T07:25:58.431+0800][18.216s][gc,load     ] GC(9) Load: 0.00/0.00/0.00
[2024-07-24T07:25:58.431+0800][18.216s][gc,mmu      ] GC(9) MMU: 2ms/99.2%, 5ms/99.6%, 10ms/99.8%, 20ms/99.8%, 50ms/99.9%, 100ms/100.0%
[2024-07-24T07:25:58.431+0800][18.216s][gc,marking  ] GC(9) Mark: 4 stripe(s), 2 proactive flush(es), 1 terminate flush(es), 0 completion(s), 0 continuation(s) 
[2024-07-24T07:25:58.431+0800][18.216s][gc,marking  ] GC(9) Mark Stack Usage: 32M
[2024-07-24T07:25:58.431+0800][18.216s][gc,nmethod  ] GC(9) NMethods: 334 registered, 0 unregistered
[2024-07-24T07:25:58.431+0800][18.216s][gc,metaspace] GC(9) Metaspace: 0M used, 0M committed, 1088M reserved
[2024-07-24T07:25:58.431+0800][18.216s][gc,ref      ] GC(9) Soft: 93 encountered, 0 discovered, 0 enqueued
[2024-07-24T07:25:58.431+0800][18.216s][gc,ref      ] GC(9) Weak: 189 encountered, 52 discovered, 0 enqueued
[2024-07-24T07:25:58.431+0800][18.216s][gc,ref      ] GC(9) Final: 0 encountered, 0 discovered, 0 enqueued
[2024-07-24T07:25:58.431+0800][18.216s][gc,ref      ] GC(9) Phantom: 1 encountered, 0 discovered, 0 enqueued
[2024-07-24T07:25:58.431+0800][18.216s][gc,reloc    ] GC(9) Small Pages: 2 / 4M, Empty: 2M, Relocated: 0M, In-Place: 0
[2024-07-24T07:25:58.431+0800][18.216s][gc,reloc    ] GC(9) Medium Pages: 30 / 960M, Empty: 928M, Relocated: 0M, In-Place: 0
[2024-07-24T07:25:58.431+0800][18.216s][gc,reloc    ] GC(9) Large Pages: 0 / 0M, Empty: 0M, Relocated: 0M, In-Place: 0
[2024-07-24T07:25:58.431+0800][18.216s][gc,reloc    ] GC(9) Forwarding Usage: 0M
[2024-07-24T07:25:58.431+0800][18.216s][gc,heap     ] GC(9) Min Capacity: 1024M(50%)
[2024-07-24T07:25:58.431+0800][18.216s][gc,heap     ] GC(9) Max Capacity: 2048M(100%)
[2024-07-24T07:25:58.431+0800][18.216s][gc,heap     ] GC(9) Soft Max Capacity: 2048M(100%)
[2024-07-24T07:25:58.431+0800][18.216s][gc,heap     ] GC(9)                Mark Start          Mark End        Relocate Start      Relocate End           High               Low         
[2024-07-24T07:25:58.431+0800][18.216s][gc,heap     ] GC(9)  Capacity:     1856M (91%)        1856M (91%)        1856M (91%)        1856M (91%)        1856M (91%)        1856M (91%)    
[2024-07-24T07:25:58.431+0800][18.216s][gc,heap     ] GC(9)      Free:     1084M (53%)        1050M (51%)        1980M (97%)        1980M (97%)        1980M (97%)        1050M (51%)    
[2024-07-24T07:25:58.431+0800][18.216s][gc,heap     ] GC(9)      Used:      964M (47%)         998M (49%)          68M (3%)           68M (3%)          998M (49%)          68M (3%)     
[2024-07-24T07:25:58.431+0800][18.216s][gc,heap     ] GC(9)      Live:         -                 5M (0%)            5M (0%)            5M (0%)             -                  -          
[2024-07-24T07:25:58.431+0800][18.216s][gc,heap     ] GC(9) Allocated:         -                34M (2%)           34M (2%)           34M (2%)             -                  -          
[2024-07-24T07:25:58.432+0800][18.216s][gc,heap     ] GC(9)   Garbage:         -               958M (47%)          28M (1%)           28M (1%)             -                  -          
[2024-07-24T07:25:58.432+0800][18.216s][gc,heap     ] GC(9) Reclaimed:         -                  -               930M (45%)         930M (45%)            -                  -          
[2024-07-24T07:25:58.432+0800][18.216s][gc          ] GC(9) Garbage Collection (Proactive) 964M(47%)->68M(3%)
[2024-07-24T07:25:58.476+0800][18.261s][gc,heap,exit] Heap
[2024-07-24T07:25:58.476+0800][18.261s][gc,heap,exit]  ZHeap           used 100M, capacity 1856M, max capacity 2048M
[2024-07-24T07:25:58.476+0800][18.261s][gc,heap,exit]  Metaspace       used 701K, committed 832K, reserved 1114112K
[2024-07-24T07:25:58.476+0800][18.261s][gc,heap,exit]   class space    used 56K, committed 128K, reserved 1048576K
