[2024-07-24T07:26:52.002+0800][0.010s][gc,init] Initializing The Z Garbage Collector
[2024-07-24T07:26:52.002+0800][0.010s][gc,init] Version: 17.0.12+8-LTS-286 (release)
[2024-07-24T07:26:52.002+0800][0.010s][gc,init] NUMA Support: Disabled
[2024-07-24T07:26:52.002+0800][0.010s][gc,init] CPUs: 8 total, 8 available
[2024-07-24T07:26:52.002+0800][0.010s][gc,init] Memory: 16281M
[2024-07-24T07:26:52.002+0800][0.010s][gc,init] Large Page Support: Disabled
[2024-07-24T07:26:52.002+0800][0.010s][gc,init] GC Workers: 8 (dynamic)
[2024-07-24T07:26:52.004+0800][0.012s][gc,init] Address Space Type: Contiguous/Unrestricted/Complete
[2024-07-24T07:26:52.004+0800][0.012s][gc,init] Address Space Size: 32768M x 3 = 98304M
[2024-07-24T07:26:52.006+0800][0.013s][gc,init] Min Capacity: 1024M
[2024-07-24T07:26:52.006+0800][0.013s][gc,init] Initial Capacity: 1024M
[2024-07-24T07:26:52.006+0800][0.013s][gc,init] Max Capacity: 2048M
[2024-07-24T07:26:52.006+0800][0.013s][gc,init] Medium Page Size: 32M
[2024-07-24T07:26:52.006+0800][0.013s][gc,init] Pre-touch: Disabled
[2024-07-24T07:26:52.006+0800][0.013s][gc,init] Uncommit: Enabled
[2024-07-24T07:26:52.006+0800][0.013s][gc,init] Uncommit Delay: 300s
[2024-07-24T07:26:52.052+0800][0.060s][gc,init] Runtime Workers: 5
[2024-07-24T07:26:52.053+0800][0.061s][gc     ] Using The Z Garbage Collector
[2024-07-24T07:26:52.063+0800][0.070s][gc,metaspace] CDS archive(s) mapped at: [0x0000023d25000000-0x0000023d25bd0000-0x0000023d25bd0000), size 12386304, SharedBaseAddress: 0x0000023d25000000, ArchiveRelocationMode: 1.
[2024-07-24T07:26:52.063+0800][0.070s][gc,metaspace] Compressed class space mapped at: 0x0000023d26000000-0x0000023d66000000, reserved size: 1073741824
[2024-07-24T07:26:52.063+0800][0.070s][gc,metaspace] Narrow klass base: 0x0000023d25000000, Narrow klass shift: 0, Narrow klass range: 0x100000000
[2024-07-24T07:26:52.697+0800][0.704s][gc,start    ] GC(0) Garbage Collection (Warmup)
[2024-07-24T07:26:52.697+0800][0.704s][gc,task     ] GC(0) Using 8 workers
[2024-07-24T07:26:52.697+0800][0.704s][gc,phases   ] GC(0) Pause Mark Start 0.006ms
[2024-07-24T07:26:52.713+0800][0.720s][gc,phases   ] GC(0) Concurrent Mark 15.576ms
[2024-07-24T07:26:52.713+0800][0.720s][gc,phases   ] GC(0) Pause Mark End 0.030ms
[2024-07-24T07:26:52.713+0800][0.720s][gc,phases   ] GC(0) Concurrent Mark Free 0.001ms
[2024-07-24T07:26:52.714+0800][0.721s][gc,phases   ] GC(0) Concurrent Process Non-Strong References 0.625ms
[2024-07-24T07:26:52.714+0800][0.721s][gc,phases   ] GC(0) Concurrent Reset Relocation Set 0.000ms
[2024-07-24T07:26:52.725+0800][0.732s][gc,phases   ] GC(0) Concurrent Select Relocation Set 11.329ms
[2024-07-24T07:26:52.725+0800][0.733s][gc,phases   ] GC(0) Pause Relocate Start 0.007ms
[2024-07-24T07:26:52.727+0800][0.734s][gc,phases   ] GC(0) Concurrent Relocate 1.356ms
[2024-07-24T07:26:52.727+0800][0.734s][gc,load     ] GC(0) Load: 0.00/0.00/0.00
[2024-07-24T07:26:52.727+0800][0.734s][gc,mmu      ] GC(0) MMU: 2ms/98.5%, 5ms/99.4%, 10ms/99.7%, 20ms/99.8%, 50ms/99.9%, 100ms/100.0%
[2024-07-24T07:26:52.727+0800][0.734s][gc,marking  ] GC(0) Mark: 8 stripe(s), 1 proactive flush(es), 1 terminate flush(es), 0 completion(s), 0 continuation(s) 
[2024-07-24T07:26:52.727+0800][0.734s][gc,marking  ] GC(0) Mark Stack Usage: 32M
[2024-07-24T07:26:52.727+0800][0.734s][gc,nmethod  ] GC(0) NMethods: 205 registered, 0 unregistered
[2024-07-24T07:26:52.727+0800][0.734s][gc,metaspace] GC(0) Metaspace: 0M used, 0M committed, 1088M reserved
[2024-07-24T07:26:52.727+0800][0.734s][gc,ref      ] GC(0) Soft: 93 encountered, 0 discovered, 0 enqueued
[2024-07-24T07:26:52.727+0800][0.734s][gc,ref      ] GC(0) Weak: 233 encountered, 83 discovered, 44 enqueued
[2024-07-24T07:26:52.727+0800][0.734s][gc,ref      ] GC(0) Final: 0 encountered, 0 discovered, 0 enqueued
[2024-07-24T07:26:52.727+0800][0.734s][gc,ref      ] GC(0) Phantom: 15 encountered, 15 discovered, 14 enqueued
[2024-07-24T07:26:52.727+0800][0.734s][gc,reloc    ] GC(0) Small Pages: 3 / 6M, Empty: 0M, Relocated: 1M, In-Place: 0
[2024-07-24T07:26:52.727+0800][0.734s][gc,reloc    ] GC(0) Medium Pages: 7 / 224M, Empty: 192M, Relocated: 0M, In-Place: 0
[2024-07-24T07:26:52.727+0800][0.734s][gc,reloc    ] GC(0) Large Pages: 0 / 0M, Empty: 0M, Relocated: 0M, In-Place: 0
[2024-07-24T07:26:52.727+0800][0.734s][gc,reloc    ] GC(0) Forwarding Usage: 0M
[2024-07-24T07:26:52.727+0800][0.734s][gc,heap     ] GC(0) Min Capacity: 1024M(50%)
[2024-07-24T07:26:52.727+0800][0.734s][gc,heap     ] GC(0) Max Capacity: 2048M(100%)
[2024-07-24T07:26:52.727+0800][0.734s][gc,heap     ] GC(0) Soft Max Capacity: 2048M(100%)
[2024-07-24T07:26:52.727+0800][0.734s][gc,heap     ] GC(0)                Mark Start          Mark End        Relocate Start      Relocate End           High               Low         
[2024-07-24T07:26:52.727+0800][0.734s][gc,heap     ] GC(0)  Capacity:     1024M (50%)        1024M (50%)        1024M (50%)        1024M (50%)        1024M (50%)        1024M (50%)    
[2024-07-24T07:26:52.727+0800][0.734s][gc,heap     ] GC(0)      Free:     1818M (89%)        1786M (87%)        1976M (96%)        1976M (96%)        1976M (96%)        1784M (87%)    
[2024-07-24T07:26:52.727+0800][0.734s][gc,heap     ] GC(0)      Used:      230M (11%)         262M (13%)          72M (4%)           72M (4%)          264M (13%)          72M (4%)     
[2024-07-24T07:26:52.727+0800][0.734s][gc,heap     ] GC(0)      Live:         -                11M (1%)           11M (1%)           11M (1%)             -                  -          
[2024-07-24T07:26:52.727+0800][0.734s][gc,heap     ] GC(0) Allocated:         -                32M (2%)           34M (2%)           34M (2%)             -                  -          
[2024-07-24T07:26:52.727+0800][0.735s][gc,heap     ] GC(0)   Garbage:         -               218M (11%)          26M (1%)           26M (1%)             -                  -          
[2024-07-24T07:26:52.727+0800][0.735s][gc,heap     ] GC(0) Reclaimed:         -                  -               192M (9%)          192M (9%)             -                  -          
[2024-07-24T07:26:52.727+0800][0.735s][gc          ] GC(0) Garbage Collection (Warmup) 230M(11%)->72M(4%)
[2024-07-24T07:26:53.390+0800][1.397s][gc,start    ] GC(1) Garbage Collection (Warmup)
[2024-07-24T07:26:53.390+0800][1.397s][gc,task     ] GC(1) Using 8 workers
[2024-07-24T07:26:53.390+0800][1.398s][gc,phases   ] GC(1) Pause Mark Start 0.008ms
[2024-07-24T07:26:53.406+0800][1.413s][gc,phases   ] GC(1) Concurrent Mark 15.636ms
[2024-07-24T07:26:53.406+0800][1.414s][gc,phases   ] GC(1) Pause Mark End 0.014ms
[2024-07-24T07:26:53.406+0800][1.414s][gc,phases   ] GC(1) Concurrent Mark Free 0.001ms
[2024-07-24T07:26:53.407+0800][1.414s][gc,phases   ] GC(1) Concurrent Process Non-Strong References 0.673ms
[2024-07-24T07:26:53.407+0800][1.414s][gc,phases   ] GC(1) Concurrent Reset Relocation Set 0.001ms
[2024-07-24T07:26:53.409+0800][1.416s][gc,phases   ] GC(1) Concurrent Select Relocation Set 1.821ms
[2024-07-24T07:26:53.409+0800][1.417s][gc,phases   ] GC(1) Pause Relocate Start 0.005ms
[2024-07-24T07:26:53.411+0800][1.418s][gc,phases   ] GC(1) Concurrent Relocate 1.255ms
[2024-07-24T07:26:53.411+0800][1.418s][gc,load     ] GC(1) Load: 0.00/0.00/0.00
[2024-07-24T07:26:53.411+0800][1.418s][gc,mmu      ] GC(1) MMU: 2ms/98.5%, 5ms/99.4%, 10ms/99.7%, 20ms/99.8%, 50ms/99.9%, 100ms/100.0%
[2024-07-24T07:26:53.411+0800][1.418s][gc,marking  ] GC(1) Mark: 8 stripe(s), 2 proactive flush(es), 1 terminate flush(es), 0 completion(s), 0 continuation(s) 
[2024-07-24T07:26:53.411+0800][1.418s][gc,marking  ] GC(1) Mark Stack Usage: 32M
[2024-07-24T07:26:53.411+0800][1.418s][gc,nmethod  ] GC(1) NMethods: 214 registered, 0 unregistered
[2024-07-24T07:26:53.411+0800][1.418s][gc,metaspace] GC(1) Metaspace: 0M used, 0M committed, 1088M reserved
[2024-07-24T07:26:53.411+0800][1.418s][gc,ref      ] GC(1) Soft: 93 encountered, 0 discovered, 0 enqueued
[2024-07-24T07:26:53.411+0800][1.418s][gc,ref      ] GC(1) Weak: 189 encountered, 9 discovered, 0 enqueued
[2024-07-24T07:26:53.411+0800][1.418s][gc,ref      ] GC(1) Final: 0 encountered, 0 discovered, 0 enqueued
[2024-07-24T07:26:53.411+0800][1.418s][gc,ref      ] GC(1) Phantom: 1 encountered, 1 discovered, 0 enqueued
[2024-07-24T07:26:53.411+0800][1.418s][gc,reloc    ] GC(1) Small Pages: 5 / 10M, Empty: 2M, Relocated: 1M, In-Place: 0
[2024-07-24T07:26:53.411+0800][1.418s][gc,reloc    ] GC(1) Medium Pages: 13 / 416M, Empty: 384M, Relocated: 0M, In-Place: 0
[2024-07-24T07:26:53.411+0800][1.418s][gc,reloc    ] GC(1) Large Pages: 0 / 0M, Empty: 0M, Relocated: 0M, In-Place: 0
[2024-07-24T07:26:53.411+0800][1.418s][gc,reloc    ] GC(1) Forwarding Usage: 0M
[2024-07-24T07:26:53.411+0800][1.418s][gc,heap     ] GC(1) Min Capacity: 1024M(50%)
[2024-07-24T07:26:53.411+0800][1.418s][gc,heap     ] GC(1) Max Capacity: 2048M(100%)
[2024-07-24T07:26:53.411+0800][1.418s][gc,heap     ] GC(1) Soft Max Capacity: 2048M(100%)
[2024-07-24T07:26:53.411+0800][1.418s][gc,heap     ] GC(1)                Mark Start          Mark End        Relocate Start      Relocate End           High               Low         
[2024-07-24T07:26:53.411+0800][1.418s][gc,heap     ] GC(1)  Capacity:     1024M (50%)        1024M (50%)        1024M (50%)        1024M (50%)        1024M (50%)        1024M (50%)    
[2024-07-24T07:26:53.411+0800][1.418s][gc,heap     ] GC(1)      Free:     1622M (79%)        1588M (78%)        1974M (96%)        1978M (97%)        1978M (97%)        1588M (78%)    
[2024-07-24T07:26:53.411+0800][1.418s][gc,heap     ] GC(1)      Used:      426M (21%)         460M (22%)          74M (4%)           70M (3%)          460M (22%)          70M (3%)     
[2024-07-24T07:26:53.411+0800][1.418s][gc,heap     ] GC(1)      Live:         -                 2M (0%)            2M (0%)            2M (0%)             -                  -          
[2024-07-24T07:26:53.411+0800][1.418s][gc,heap     ] GC(1) Allocated:         -                34M (2%)           34M (2%)           34M (2%)             -                  -          
[2024-07-24T07:26:53.411+0800][1.418s][gc,heap     ] GC(1)   Garbage:         -               423M (21%)          37M (2%)           33M (2%)             -                  -          
[2024-07-24T07:26:53.411+0800][1.418s][gc,heap     ] GC(1) Reclaimed:         -                  -               386M (19%)         390M (19%)            -                  -          
[2024-07-24T07:26:53.411+0800][1.418s][gc          ] GC(1) Garbage Collection (Warmup) 426M(21%)->70M(3%)
[2024-07-24T07:26:54.391+0800][2.399s][gc,start    ] GC(2) Garbage Collection (Warmup)
[2024-07-24T07:26:54.391+0800][2.399s][gc,task     ] GC(2) Using 8 workers
[2024-07-24T07:26:54.391+0800][2.399s][gc,phases   ] GC(2) Pause Mark Start 0.007ms
[2024-07-24T07:26:54.407+0800][2.415s][gc,phases   ] GC(2) Concurrent Mark 15.570ms
[2024-07-24T07:26:54.407+0800][2.415s][gc,phases   ] GC(2) Pause Mark End 0.011ms
[2024-07-24T07:26:54.407+0800][2.415s][gc,phases   ] GC(2) Concurrent Mark Free 0.002ms
[2024-07-24T07:26:54.408+0800][2.416s][gc,phases   ] GC(2) Concurrent Process Non-Strong References 0.658ms
[2024-07-24T07:26:54.408+0800][2.416s][gc,phases   ] GC(2) Concurrent Reset Relocation Set 0.001ms
[2024-07-24T07:26:54.410+0800][2.418s][gc,phases   ] GC(2) Concurrent Select Relocation Set 1.679ms
[2024-07-24T07:26:54.410+0800][2.418s][gc,phases   ] GC(2) Pause Relocate Start 0.006ms
[2024-07-24T07:26:54.412+0800][2.419s][gc,phases   ] GC(2) Concurrent Relocate 1.257ms
[2024-07-24T07:26:54.412+0800][2.419s][gc,load     ] GC(2) Load: 0.00/0.00/0.00
[2024-07-24T07:26:54.412+0800][2.419s][gc,mmu      ] GC(2) MMU: 2ms/98.5%, 5ms/99.4%, 10ms/99.7%, 20ms/99.8%, 50ms/99.9%, 100ms/100.0%
[2024-07-24T07:26:54.412+0800][2.419s][gc,marking  ] GC(2) Mark: 8 stripe(s), 1 proactive flush(es), 1 terminate flush(es), 0 completion(s), 0 continuation(s) 
[2024-07-24T07:26:54.412+0800][2.419s][gc,marking  ] GC(2) Mark Stack Usage: 32M
[2024-07-24T07:26:54.412+0800][2.419s][gc,nmethod  ] GC(2) NMethods: 222 registered, 0 unregistered
[2024-07-24T07:26:54.412+0800][2.419s][gc,metaspace] GC(2) Metaspace: 0M used, 0M committed, 1088M reserved
[2024-07-24T07:26:54.412+0800][2.419s][gc,ref      ] GC(2) Soft: 93 encountered, 0 discovered, 0 enqueued
[2024-07-24T07:26:54.412+0800][2.419s][gc,ref      ] GC(2) Weak: 189 encountered, 12 discovered, 0 enqueued
[2024-07-24T07:26:54.412+0800][2.419s][gc,ref      ] GC(2) Final: 0 encountered, 0 discovered, 0 enqueued
[2024-07-24T07:26:54.412+0800][2.419s][gc,ref      ] GC(2) Phantom: 1 encountered, 1 discovered, 0 enqueued
[2024-07-24T07:26:54.412+0800][2.419s][gc,reloc    ] GC(2) Small Pages: 4 / 8M, Empty: 0M, Relocated: 1M, In-Place: 0
[2024-07-24T07:26:54.412+0800][2.419s][gc,reloc    ] GC(2) Medium Pages: 19 / 608M, Empty: 608M, Relocated: 0M, In-Place: 0
[2024-07-24T07:26:54.412+0800][2.419s][gc,reloc    ] GC(2) Large Pages: 0 / 0M, Empty: 0M, Relocated: 0M, In-Place: 0
[2024-07-24T07:26:54.412+0800][2.419s][gc,reloc    ] GC(2) Forwarding Usage: 0M
[2024-07-24T07:26:54.412+0800][2.419s][gc,heap     ] GC(2) Min Capacity: 1024M(50%)
[2024-07-24T07:26:54.412+0800][2.419s][gc,heap     ] GC(2) Max Capacity: 2048M(100%)
[2024-07-24T07:26:54.412+0800][2.419s][gc,heap     ] GC(2) Soft Max Capacity: 2048M(100%)
[2024-07-24T07:26:54.412+0800][2.419s][gc,heap     ] GC(2)                Mark Start          Mark End        Relocate Start      Relocate End           High               Low         
[2024-07-24T07:26:54.412+0800][2.420s][gc,heap     ] GC(2)  Capacity:     1024M (50%)        1024M (50%)        1024M (50%)        1024M (50%)        1024M (50%)        1024M (50%)    
[2024-07-24T07:26:54.412+0800][2.420s][gc,heap     ] GC(2)      Free:     1432M (70%)        1400M (68%)        2008M (98%)        2006M (98%)        2008M (98%)        1400M (68%)    
[2024-07-24T07:26:54.412+0800][2.420s][gc,heap     ] GC(2)      Used:      616M (30%)         648M (32%)          40M (2%)           42M (2%)          648M (32%)          40M (2%)     
[2024-07-24T07:26:54.412+0800][2.420s][gc,heap     ] GC(2)      Live:         -                 1M (0%)            1M (0%)            1M (0%)             -                  -          
[2024-07-24T07:26:54.412+0800][2.420s][gc,heap     ] GC(2) Allocated:         -                32M (2%)           32M (2%)           33M (2%)             -                  -          
[2024-07-24T07:26:54.412+0800][2.420s][gc,heap     ] GC(2)   Garbage:         -               614M (30%)           6M (0%)            6M (0%)             -                  -          
[2024-07-24T07:26:54.412+0800][2.420s][gc,heap     ] GC(2) Reclaimed:         -                  -               608M (30%)         607M (30%)            -                  -          
[2024-07-24T07:26:54.412+0800][2.420s][gc          ] GC(2) Garbage Collection (Warmup) 616M(30%)->42M(2%)
[2024-07-24T07:26:55.997+0800][4.004s][gc,start    ] GC(3) Garbage Collection (Proactive)
[2024-07-24T07:26:55.997+0800][4.004s][gc,task     ] GC(3) Using 8 workers
[2024-07-24T07:26:55.997+0800][4.005s][gc,phases   ] GC(3) Pause Mark Start 0.015ms
[2024-07-24T07:26:56.013+0800][4.020s][gc,phases   ] GC(3) Concurrent Mark 15.400ms
[2024-07-24T07:26:56.013+0800][4.021s][gc,phases   ] GC(3) Pause Mark End 0.012ms
[2024-07-24T07:26:56.013+0800][4.021s][gc,phases   ] GC(3) Concurrent Mark Free 0.001ms
[2024-07-24T07:26:56.014+0800][4.021s][gc,phases   ] GC(3) Concurrent Process Non-Strong References 0.673ms
[2024-07-24T07:26:56.014+0800][4.021s][gc,phases   ] GC(3) Concurrent Reset Relocation Set 0.001ms
[2024-07-24T07:26:56.016+0800][4.023s][gc,phases   ] GC(3) Concurrent Select Relocation Set 1.881ms
[2024-07-24T07:26:56.016+0800][4.024s][gc,phases   ] GC(3) Pause Relocate Start 0.006ms
[2024-07-24T07:26:56.020+0800][4.027s][gc,phases   ] GC(3) Concurrent Relocate 3.130ms
[2024-07-24T07:26:56.020+0800][4.027s][gc,load     ] GC(3) Load: 0.00/0.00/0.00
[2024-07-24T07:26:56.020+0800][4.027s][gc,mmu      ] GC(3) MMU: 2ms/98.5%, 5ms/99.4%, 10ms/99.7%, 20ms/99.8%, 50ms/99.9%, 100ms/100.0%
[2024-07-24T07:26:56.020+0800][4.027s][gc,marking  ] GC(3) Mark: 8 stripe(s), 1 proactive flush(es), 1 terminate flush(es), 0 completion(s), 0 continuation(s) 
[2024-07-24T07:26:56.020+0800][4.027s][gc,marking  ] GC(3) Mark Stack Usage: 32M
[2024-07-24T07:26:56.020+0800][4.027s][gc,nmethod  ] GC(3) NMethods: 240 registered, 0 unregistered
[2024-07-24T07:26:56.020+0800][4.027s][gc,metaspace] GC(3) Metaspace: 0M used, 0M committed, 1088M reserved
[2024-07-24T07:26:56.020+0800][4.027s][gc,ref      ] GC(3) Soft: 93 encountered, 0 discovered, 0 enqueued
[2024-07-24T07:26:56.020+0800][4.027s][gc,ref      ] GC(3) Weak: 189 encountered, 0 discovered, 0 enqueued
[2024-07-24T07:26:56.020+0800][4.027s][gc,ref      ] GC(3) Final: 0 encountered, 0 discovered, 0 enqueued
[2024-07-24T07:26:56.020+0800][4.027s][gc,ref      ] GC(3) Phantom: 1 encountered, 0 discovered, 0 enqueued
[2024-07-24T07:26:56.020+0800][4.027s][gc,reloc    ] GC(3) Small Pages: 6 / 12M, Empty: 2M, Relocated: 1M, In-Place: 0
[2024-07-24T07:26:56.020+0800][4.027s][gc,reloc    ] GC(3) Medium Pages: 29 / 928M, Empty: 864M, Relocated: 10M, In-Place: 0
[2024-07-24T07:26:56.020+0800][4.027s][gc,reloc    ] GC(3) Large Pages: 0 / 0M, Empty: 0M, Relocated: 0M, In-Place: 0
[2024-07-24T07:26:56.020+0800][4.027s][gc,reloc    ] GC(3) Forwarding Usage: 0M
[2024-07-24T07:26:56.020+0800][4.027s][gc,heap     ] GC(3) Min Capacity: 1024M(50%)
[2024-07-24T07:26:56.020+0800][4.027s][gc,heap     ] GC(3) Max Capacity: 2048M(100%)
[2024-07-24T07:26:56.020+0800][4.027s][gc,heap     ] GC(3) Soft Max Capacity: 2048M(100%)
[2024-07-24T07:26:56.020+0800][4.027s][gc,heap     ] GC(3)                Mark Start          Mark End        Relocate Start      Relocate End           High               Low         
[2024-07-24T07:26:56.020+0800][4.027s][gc,heap     ] GC(3)  Capacity:     1024M (50%)        1024M (50%)        1024M (50%)        1024M (50%)        1024M (50%)        1024M (50%)    
[2024-07-24T07:26:56.020+0800][4.027s][gc,heap     ] GC(3)      Free:     1108M (54%)        1076M (53%)        1942M (95%)        1972M (96%)        1972M (96%)        1076M (53%)    
[2024-07-24T07:26:56.020+0800][4.027s][gc,heap     ] GC(3)      Used:      940M (46%)         972M (47%)         106M (5%)           76M (4%)          972M (47%)          76M (4%)     
[2024-07-24T07:26:56.020+0800][4.027s][gc,heap     ] GC(3)      Live:         -                11M (1%)           11M (1%)           11M (1%)             -                  -          
[2024-07-24T07:26:56.020+0800][4.027s][gc,heap     ] GC(3) Allocated:         -                32M (2%)           32M (2%)           33M (2%)             -                  -          
[2024-07-24T07:26:56.020+0800][4.027s][gc,heap     ] GC(3)   Garbage:         -               928M (45%)          62M (3%)           30M (2%)             -                  -          
[2024-07-24T07:26:56.020+0800][4.027s][gc,heap     ] GC(3) Reclaimed:         -                  -               866M (42%)         897M (44%)            -                  -          
[2024-07-24T07:26:56.020+0800][4.027s][gc          ] GC(3) Garbage Collection (Proactive) 940M(46%)->76M(4%)
[2024-07-24T07:26:57.500+0800][5.507s][gc,start    ] GC(4) Garbage Collection (Proactive)
[2024-07-24T07:26:57.500+0800][5.507s][gc,task     ] GC(4) Using 8 workers
[2024-07-24T07:26:57.500+0800][5.508s][gc,phases   ] GC(4) Pause Mark Start 0.007ms
[2024-07-24T07:26:57.531+0800][5.538s][gc,phases   ] GC(4) Concurrent Mark 30.417ms
[2024-07-24T07:26:57.531+0800][5.538s][gc,phases   ] GC(4) Pause Mark End 0.011ms
[2024-07-24T07:26:57.532+0800][5.539s][gc,phases   ] GC(4) Concurrent Mark Free 0.002ms
[2024-07-24T07:26:57.532+0800][5.539s][gc,phases   ] GC(4) Concurrent Process Non-Strong References 0.573ms
[2024-07-24T07:26:57.532+0800][5.539s][gc,phases   ] GC(4) Concurrent Reset Relocation Set 0.001ms
[2024-07-24T07:26:57.534+0800][5.542s][gc,phases   ] GC(4) Concurrent Select Relocation Set 2.275ms
[2024-07-24T07:26:57.535+0800][5.542s][gc,phases   ] GC(4) Pause Relocate Start 0.008ms
[2024-07-24T07:26:57.536+0800][5.543s][gc,phases   ] GC(4) Concurrent Relocate 1.261ms
[2024-07-24T07:26:57.536+0800][5.543s][gc,load     ] GC(4) Load: 0.00/0.00/0.00
[2024-07-24T07:26:57.536+0800][5.544s][gc,mmu      ] GC(4) MMU: 2ms/98.5%, 5ms/99.4%, 10ms/99.7%, 20ms/99.8%, 50ms/99.9%, 100ms/100.0%
[2024-07-24T07:26:57.536+0800][5.544s][gc,marking  ] GC(4) Mark: 8 stripe(s), 2 proactive flush(es), 1 terminate flush(es), 0 completion(s), 0 continuation(s) 
[2024-07-24T07:26:57.536+0800][5.544s][gc,marking  ] GC(4) Mark Stack Usage: 32M
[2024-07-24T07:26:57.536+0800][5.544s][gc,nmethod  ] GC(4) NMethods: 260 registered, 0 unregistered
[2024-07-24T07:26:57.536+0800][5.544s][gc,metaspace] GC(4) Metaspace: 0M used, 0M committed, 1088M reserved
[2024-07-24T07:26:57.536+0800][5.544s][gc,ref      ] GC(4) Soft: 93 encountered, 0 discovered, 0 enqueued
[2024-07-24T07:26:57.536+0800][5.544s][gc,ref      ] GC(4) Weak: 189 encountered, 40 discovered, 0 enqueued
[2024-07-24T07:26:57.536+0800][5.544s][gc,ref      ] GC(4) Final: 0 encountered, 0 discovered, 0 enqueued
[2024-07-24T07:26:57.536+0800][5.544s][gc,ref      ] GC(4) Phantom: 1 encountered, 0 discovered, 0 enqueued
[2024-07-24T07:26:57.536+0800][5.544s][gc,reloc    ] GC(4) Small Pages: 7 / 14M, Empty: 0M, Relocated: 1M, In-Place: 0
[2024-07-24T07:26:57.536+0800][5.544s][gc,reloc    ] GC(4) Medium Pages: 31 / 992M, Empty: 960M, Relocated: 0M, In-Place: 0
[2024-07-24T07:26:57.537+0800][5.544s][gc,reloc    ] GC(4) Large Pages: 0 / 0M, Empty: 0M, Relocated: 0M, In-Place: 0
[2024-07-24T07:26:57.537+0800][5.544s][gc,reloc    ] GC(4) Forwarding Usage: 0M
[2024-07-24T07:26:57.537+0800][5.544s][gc,heap     ] GC(4) Min Capacity: 1024M(50%)
[2024-07-24T07:26:57.537+0800][5.544s][gc,heap     ] GC(4) Max Capacity: 2048M(100%)
[2024-07-24T07:26:57.537+0800][5.544s][gc,heap     ] GC(4) Soft Max Capacity: 2048M(100%)
[2024-07-24T07:26:57.537+0800][5.544s][gc,heap     ] GC(4)                Mark Start          Mark End        Relocate Start      Relocate End           High               Low         
[2024-07-24T07:26:57.537+0800][5.544s][gc,heap     ] GC(4)  Capacity:     1024M (50%)        1056M (52%)        1056M (52%)        1056M (52%)        1056M (52%)        1024M (50%)    
[2024-07-24T07:26:57.537+0800][5.544s][gc,heap     ] GC(4)      Free:     1042M (51%)        1008M (49%)        1968M (96%)        1972M (96%)        1972M (96%)        1008M (49%)    
[2024-07-24T07:26:57.537+0800][5.544s][gc,heap     ] GC(4)      Used:     1006M (49%)        1040M (51%)          80M (4%)           76M (4%)         1040M (51%)          76M (4%)     
[2024-07-24T07:26:57.537+0800][5.544s][gc,heap     ] GC(4)      Live:         -                 2M (0%)            2M (0%)            2M (0%)             -                  -          
[2024-07-24T07:26:57.537+0800][5.544s][gc,heap     ] GC(4) Allocated:         -                34M (2%)           34M (2%)           35M (2%)             -                  -          
[2024-07-24T07:26:57.537+0800][5.544s][gc,heap     ] GC(4)   Garbage:         -              1003M (49%)          43M (2%)           37M (2%)             -                  -          
[2024-07-24T07:26:57.537+0800][5.544s][gc,heap     ] GC(4) Reclaimed:         -                  -               960M (47%)         965M (47%)            -                  -          
[2024-07-24T07:26:57.537+0800][5.544s][gc          ] GC(4) Garbage Collection (Proactive) 1006M(49%)->76M(4%)
[2024-07-24T07:27:00.287+0800][8.294s][gc,start    ] GC(5) Garbage Collection (Proactive)
[2024-07-24T07:27:00.287+0800][8.294s][gc,task     ] GC(5) Using 8 workers
[2024-07-24T07:27:00.287+0800][8.295s][gc,phases   ] GC(5) Pause Mark Start 0.008ms
[2024-07-24T07:27:00.302+0800][8.310s][gc,phases   ] GC(5) Concurrent Mark 14.965ms
[2024-07-24T07:27:00.319+0800][8.326s][gc,phases   ] GC(5) Pause Mark End 0.054ms
[2024-07-24T07:27:00.319+0800][8.326s][gc,phases   ] GC(5) Concurrent Mark Free 0.001ms
[2024-07-24T07:27:00.319+0800][8.327s][gc,phases   ] GC(5) Concurrent Process Non-Strong References 0.723ms
[2024-07-24T07:27:00.319+0800][8.327s][gc,phases   ] GC(5) Concurrent Reset Relocation Set 0.001ms
[2024-07-24T07:27:00.321+0800][8.329s][gc,phases   ] GC(5) Concurrent Select Relocation Set 2.331ms
[2024-07-24T07:27:00.322+0800][8.329s][gc,phases   ] GC(5) Pause Relocate Start 0.006ms
[2024-07-24T07:27:00.323+0800][8.331s][gc,phases   ] GC(5) Concurrent Relocate 1.168ms
[2024-07-24T07:27:00.323+0800][8.331s][gc,load     ] GC(5) Load: 0.00/0.00/0.00
[2024-07-24T07:27:00.323+0800][8.331s][gc,mmu      ] GC(5) MMU: 2ms/97.3%, 5ms/98.8%, 10ms/99.4%, 20ms/99.7%, 50ms/99.9%, 100ms/99.9%
[2024-07-24T07:27:00.323+0800][8.331s][gc,marking  ] GC(5) Mark: 8 stripe(s), 2 proactive flush(es), 1 terminate flush(es), 0 completion(s), 0 continuation(s) 
[2024-07-24T07:27:00.323+0800][8.331s][gc,marking  ] GC(5) Mark Stack Usage: 32M
[2024-07-24T07:27:00.323+0800][8.331s][gc,nmethod  ] GC(5) NMethods: 273 registered, 0 unregistered
[2024-07-24T07:27:00.323+0800][8.331s][gc,metaspace] GC(5) Metaspace: 0M used, 0M committed, 1088M reserved
[2024-07-24T07:27:00.323+0800][8.331s][gc,ref      ] GC(5) Soft: 93 encountered, 0 discovered, 0 enqueued
[2024-07-24T07:27:00.323+0800][8.331s][gc,ref      ] GC(5) Weak: 189 encountered, 1 discovered, 0 enqueued
[2024-07-24T07:27:00.323+0800][8.331s][gc,ref      ] GC(5) Final: 0 encountered, 0 discovered, 0 enqueued
[2024-07-24T07:27:00.323+0800][8.331s][gc,ref      ] GC(5) Phantom: 1 encountered, 0 discovered, 0 enqueued
[2024-07-24T07:27:00.323+0800][8.331s][gc,reloc    ] GC(5) Small Pages: 6 / 12M, Empty: 2M, Relocated: 1M, In-Place: 0
[2024-07-24T07:27:00.323+0800][8.331s][gc,reloc    ] GC(5) Medium Pages: 49 / 1568M, Empty: 1568M, Relocated: 0M, In-Place: 0
[2024-07-24T07:27:00.323+0800][8.331s][gc,reloc    ] GC(5) Large Pages: 0 / 0M, Empty: 0M, Relocated: 0M, In-Place: 0
[2024-07-24T07:27:00.323+0800][8.331s][gc,reloc    ] GC(5) Forwarding Usage: 0M
[2024-07-24T07:27:00.323+0800][8.331s][gc,heap     ] GC(5) Min Capacity: 1024M(50%)
[2024-07-24T07:27:00.323+0800][8.331s][gc,heap     ] GC(5) Max Capacity: 2048M(100%)
[2024-07-24T07:27:00.323+0800][8.331s][gc,heap     ] GC(5) Soft Max Capacity: 2048M(100%)
[2024-07-24T07:27:00.323+0800][8.331s][gc,heap     ] GC(5)                Mark Start          Mark End        Relocate Start      Relocate End           High               Low         
[2024-07-24T07:27:00.323+0800][8.331s][gc,heap     ] GC(5)  Capacity:     1600M (78%)        1632M (80%)        1632M (80%)        1632M (80%)        1632M (80%)        1600M (78%)    
[2024-07-24T07:27:00.323+0800][8.331s][gc,heap     ] GC(5)      Free:      468M (23%)         436M (21%)        2006M (98%)        2006M (98%)        2006M (98%)         436M (21%)    
[2024-07-24T07:27:00.323+0800][8.331s][gc,heap     ] GC(5)      Used:     1580M (77%)        1612M (79%)          42M (2%)           42M (2%)         1612M (79%)          42M (2%)     
[2024-07-24T07:27:00.323+0800][8.331s][gc,heap     ] GC(5)      Live:         -                 1M (0%)            1M (0%)            1M (0%)             -                  -          
[2024-07-24T07:27:00.323+0800][8.331s][gc,heap     ] GC(5) Allocated:         -                32M (2%)           32M (2%)           33M (2%)             -                  -          
[2024-07-24T07:27:00.323+0800][8.331s][gc,heap     ] GC(5)   Garbage:         -              1578M (77%)           8M (0%)            6M (0%)             -                  -          
[2024-07-24T07:27:00.323+0800][8.331s][gc,heap     ] GC(5) Reclaimed:         -                  -              1570M (77%)        1571M (77%)            -                  -          
[2024-07-24T07:27:00.323+0800][8.331s][gc          ] GC(5) Garbage Collection (Proactive) 1580M(77%)->42M(2%)
[2024-07-24T07:27:02.093+0800][10.100s][gc,stats    ] === Garbage Collection Statistics =======================================================================================================================
[2024-07-24T07:27:02.093+0800][10.100s][gc,stats    ]                                                              Last 10s              Last 10m              Last 10h                Total
[2024-07-24T07:27:02.093+0800][10.100s][gc,stats    ]                                                              Avg / Max             Avg / Max             Avg / Max             Avg / Max
[2024-07-24T07:27:02.093+0800][10.100s][gc,stats    ]   Collector: Garbage Collection Cycle                     27.825 / 36.508       27.825 / 36.508       27.825 / 36.508       27.825 / 36.508      ms
[2024-07-24T07:27:02.093+0800][10.100s][gc,stats    ]  Contention: Mark Segment Reset Contention                     0 / 2                 0 / 2                 0 / 2                 0 / 2           ops/s
[2024-07-24T07:27:02.093+0800][10.100s][gc,stats    ]  Contention: Mark SeqNum Reset Contention                      0 / 3                 0 / 3                 0 / 3                 0 / 3           ops/s
[2024-07-24T07:27:02.093+0800][10.100s][gc,stats    ]    Critical: Allocation Stall                                  0 / 0                 0 / 0                 0 / 0                 0 / 0           ops/s
[2024-07-24T07:27:02.093+0800][10.100s][gc,stats    ]    Critical: Allocation Stall                              0.000 / 0.000         0.000 / 0.000         0.000 / 0.000         0.000 / 0.000       ms
[2024-07-24T07:27:02.093+0800][10.100s][gc,stats    ]    Critical: GC Locker Stall                                   0 / 0                 0 / 0                 0 / 0                 0 / 0           ops/s
[2024-07-24T07:27:02.093+0800][10.101s][gc,stats    ]    Critical: GC Locker Stall                               0.000 / 0.000         0.000 / 0.000         0.000 / 0.000         0.000 / 0.000       ms
[2024-07-24T07:27:02.093+0800][10.101s][gc,stats    ]    Critical: Relocation Stall                                  0 / 0                 0 / 0                 0 / 0                 0 / 0           ops/s
[2024-07-24T07:27:02.093+0800][10.101s][gc,stats    ]    Critical: Relocation Stall                              0.000 / 0.000         0.000 / 0.000         0.000 / 0.000         0.000 / 0.000       ms
[2024-07-24T07:27:02.093+0800][10.101s][gc,stats    ]      Memory: Allocation Rate                                 578 / 674             578 / 674             578 / 674             578 / 674         MB/s
[2024-07-24T07:27:02.093+0800][10.101s][gc,stats    ]      Memory: Out Of Memory                                     0 / 0                 0 / 0                 0 / 0                 0 / 0           ops/s
[2024-07-24T07:27:02.093+0800][10.101s][gc,stats    ]      Memory: Page Cache Flush                                  0 / 0                 0 / 0                 0 / 0                 0 / 0           MB/s
[2024-07-24T07:27:02.093+0800][10.101s][gc,stats    ]      Memory: Page Cache Hit L1                                15 / 22               15 / 22               15 / 22               15 / 22          ops/s
[2024-07-24T07:27:02.093+0800][10.101s][gc,stats    ]      Memory: Page Cache Hit L2                                 0 / 0                 0 / 0                 0 / 0                 0 / 0           ops/s
[2024-07-24T07:27:02.093+0800][10.101s][gc,stats    ]      Memory: Page Cache Hit L3                                 4 / 15                4 / 15                4 / 15                4 / 15          ops/s
[2024-07-24T07:27:02.093+0800][10.101s][gc,stats    ]      Memory: Page Cache Miss                                   2 / 13                2 / 13                2 / 13                2 / 13          ops/s
[2024-07-24T07:27:02.093+0800][10.101s][gc,stats    ]      Memory: Uncommit                                          0 / 0                 0 / 0                 0 / 0                 0 / 0           MB/s
[2024-07-24T07:27:02.093+0800][10.101s][gc,stats    ]      Memory: Undo Object Allocation Failed                     0 / 0                 0 / 0                 0 / 0                 0 / 0           ops/s
[2024-07-24T07:27:02.093+0800][10.101s][gc,stats    ]      Memory: Undo Object Allocation Succeeded                  0 / 1                 0 / 1                 0 / 1                 0 / 1           ops/s
[2024-07-24T07:27:02.093+0800][10.101s][gc,stats    ]      Memory: Undo Page Allocation                              0 / 0                 0 / 0                 0 / 0                 0 / 0           ops/s
[2024-07-24T07:27:02.093+0800][10.101s][gc,stats    ]       Phase: Concurrent Mark                              17.927 / 30.417       17.927 / 30.417       17.927 / 30.417       17.927 / 30.417      ms
[2024-07-24T07:27:02.093+0800][10.101s][gc,stats    ]       Phase: Concurrent Mark Continue                      0.000 / 0.000         0.000 / 0.000         0.000 / 0.000         0.000 / 0.000       ms
[2024-07-24T07:27:02.093+0800][10.101s][gc,stats    ]       Phase: Concurrent Mark Free                          0.001 / 0.002         0.001 / 0.002         0.001 / 0.002         0.001 / 0.002       ms
[2024-07-24T07:27:02.093+0800][10.101s][gc,stats    ]       Phase: Concurrent Process Non-Strong References      0.654 / 0.723         0.654 / 0.723         0.654 / 0.723         0.654 / 0.723       ms
[2024-07-24T07:27:02.093+0800][10.101s][gc,stats    ]       Phase: Concurrent Relocate                           1.571 / 3.130         1.571 / 3.130         1.571 / 3.130         1.571 / 3.130       ms
[2024-07-24T07:27:02.093+0800][10.101s][gc,stats    ]       Phase: Concurrent Reset Relocation Set               0.001 / 0.001         0.001 / 0.001         0.001 / 0.001         0.001 / 0.001       ms
[2024-07-24T07:27:02.093+0800][10.101s][gc,stats    ]       Phase: Concurrent Select Relocation Set              3.553 / 11.329        3.553 / 11.329        3.553 / 11.329        3.553 / 11.329      ms
[2024-07-24T07:27:02.093+0800][10.101s][gc,stats    ]       Phase: Pause Mark End                                0.022 / 0.054         0.022 / 0.054         0.022 / 0.054         0.022 / 0.054       ms
[2024-07-24T07:27:02.093+0800][10.101s][gc,stats    ]       Phase: Pause Mark Start                              0.008 / 0.015         0.008 / 0.015         0.008 / 0.015         0.008 / 0.015       ms
[2024-07-24T07:27:02.093+0800][10.101s][gc,stats    ]       Phase: Pause Relocate Start                          0.006 / 0.008         0.006 / 0.008         0.006 / 0.008         0.006 / 0.008       ms
[2024-07-24T07:27:02.093+0800][10.101s][gc,stats    ]    Subphase: Concurrent Classes Purge                      0.133 / 0.144         0.133 / 0.144         0.133 / 0.144         0.133 / 0.144       ms
[2024-07-24T07:27:02.093+0800][10.101s][gc,stats    ]    Subphase: Concurrent Classes Unlink                     0.146 / 0.164         0.146 / 0.164         0.146 / 0.164         0.146 / 0.164       ms
[2024-07-24T07:27:02.093+0800][10.101s][gc,stats    ]    Subphase: Concurrent Mark                              15.694 / 30.056       15.694 / 30.056       15.694 / 30.056       15.694 / 30.056      ms
[2024-07-24T07:27:02.093+0800][10.101s][gc,stats    ]    Subphase: Concurrent Mark Try Flush                     1.016 / 13.754        1.016 / 13.754        1.016 / 13.754        1.016 / 13.754      ms
[2024-07-24T07:27:02.093+0800][10.101s][gc,stats    ]    Subphase: Concurrent Mark Try Terminate                11.884 / 15.456       11.884 / 15.456       11.884 / 15.456       11.884 / 15.456      ms
[2024-07-24T07:27:02.093+0800][10.101s][gc,stats    ]    Subphase: Concurrent References Enqueue                 0.001 / 0.004         0.001 / 0.004         0.001 / 0.004         0.001 / 0.004       ms
[2024-07-24T07:27:02.093+0800][10.101s][gc,stats    ]    Subphase: Concurrent References Process                 0.120 / 0.154         0.120 / 0.154         0.120 / 0.154         0.120 / 0.154       ms
[2024-07-24T07:27:02.093+0800][10.101s][gc,stats    ]    Subphase: Concurrent Roots ClassLoaderDataGraph         0.078 / 0.182         0.078 / 0.182         0.078 / 0.182         0.078 / 0.182       ms
[2024-07-24T07:27:02.093+0800][10.101s][gc,stats    ]    Subphase: Concurrent Roots CodeCache                    0.000 / 0.000         0.000 / 0.000         0.000 / 0.000         0.000 / 0.000       ms
[2024-07-24T07:27:02.093+0800][10.101s][gc,stats    ]    Subphase: Concurrent Roots JavaThreads                  0.088 / 0.349         0.088 / 0.349         0.088 / 0.349         0.088 / 0.349       ms
[2024-07-24T07:27:02.093+0800][10.101s][gc,stats    ]    Subphase: Concurrent Roots OopStorageSet                0.014 / 0.043         0.014 / 0.043         0.014 / 0.043         0.014 / 0.043       ms
[2024-07-24T07:27:02.093+0800][10.101s][gc,stats    ]    Subphase: Concurrent Weak Roots OopStorageSet           0.044 / 0.089         0.044 / 0.089         0.044 / 0.089         0.044 / 0.089       ms
[2024-07-24T07:27:02.093+0800][10.101s][gc,stats    ]    Subphase: Pause Mark Try Complete                       0.000 / 0.000         0.000 / 0.000         0.000 / 0.000         0.000 / 0.000       ms
[2024-07-24T07:27:02.093+0800][10.101s][gc,stats    ]      System: Java Threads                                     12 / 12               12 / 12               12 / 12               12 / 12          threads
[2024-07-24T07:27:02.093+0800][10.101s][gc,stats    ] =========================================================================================================================================================
[2024-07-24T07:27:02.886+0800][10.894s][gc,start    ] GC(6) Garbage Collection (Allocation Rate)
[2024-07-24T07:27:02.886+0800][10.894s][gc,task     ] GC(6) Using 1 workers
[2024-07-24T07:27:02.886+0800][10.894s][gc,phases   ] GC(6) Pause Mark Start 0.007ms
[2024-07-24T07:27:02.889+0800][10.897s][gc,phases   ] GC(6) Concurrent Mark 2.971ms
[2024-07-24T07:27:02.890+0800][10.897s][gc,phases   ] GC(6) Pause Mark End 0.008ms
[2024-07-24T07:27:02.890+0800][10.897s][gc,phases   ] GC(6) Concurrent Mark Free 0.001ms
[2024-07-24T07:27:02.891+0800][10.898s][gc,phases   ] GC(6) Concurrent Process Non-Strong References 0.993ms
[2024-07-24T07:27:02.891+0800][10.898s][gc,phases   ] GC(6) Concurrent Reset Relocation Set 0.001ms
[2024-07-24T07:27:02.893+0800][10.900s][gc,phases   ] GC(6) Concurrent Select Relocation Set 1.951ms
[2024-07-24T07:27:02.893+0800][10.900s][gc,phases   ] GC(6) Pause Relocate Start 0.003ms
[2024-07-24T07:27:02.896+0800][10.903s][gc,phases   ] GC(6) Concurrent Relocate 2.832ms
[2024-07-24T07:27:02.896+0800][10.903s][gc,load     ] GC(6) Load: 0.00/0.00/0.00
[2024-07-24T07:27:02.896+0800][10.903s][gc,mmu      ] GC(6) MMU: 2ms/97.3%, 5ms/98.8%, 10ms/99.4%, 20ms/99.7%, 50ms/99.9%, 100ms/99.9%
[2024-07-24T07:27:02.896+0800][10.904s][gc,marking  ] GC(6) Mark: 1 stripe(s), 1 proactive flush(es), 1 terminate flush(es), 0 completion(s), 0 continuation(s) 
[2024-07-24T07:27:02.896+0800][10.904s][gc,marking  ] GC(6) Mark Stack Usage: 32M
[2024-07-24T07:27:02.896+0800][10.904s][gc,nmethod  ] GC(6) NMethods: 284 registered, 0 unregistered
[2024-07-24T07:27:02.896+0800][10.904s][gc,metaspace] GC(6) Metaspace: 0M used, 0M committed, 1088M reserved
[2024-07-24T07:27:02.896+0800][10.904s][gc,ref      ] GC(6) Soft: 93 encountered, 0 discovered, 0 enqueued
[2024-07-24T07:27:02.896+0800][10.904s][gc,ref      ] GC(6) Weak: 189 encountered, 172 discovered, 0 enqueued
[2024-07-24T07:27:02.896+0800][10.904s][gc,ref      ] GC(6) Final: 0 encountered, 0 discovered, 0 enqueued
[2024-07-24T07:27:02.896+0800][10.904s][gc,ref      ] GC(6) Phantom: 1 encountered, 0 discovered, 0 enqueued
[2024-07-24T07:27:02.896+0800][10.904s][gc,reloc    ] GC(6) Small Pages: 6 / 12M, Empty: 2M, Relocated: 1M, In-Place: 0
[2024-07-24T07:27:02.896+0800][10.904s][gc,reloc    ] GC(6) Medium Pages: 52 / 1664M, Empty: 1600M, Relocated: 10M, In-Place: 0
[2024-07-24T07:27:02.896+0800][10.904s][gc,reloc    ] GC(6) Large Pages: 0 / 0M, Empty: 0M, Relocated: 0M, In-Place: 0
[2024-07-24T07:27:02.896+0800][10.904s][gc,reloc    ] GC(6) Forwarding Usage: 0M
[2024-07-24T07:27:02.896+0800][10.904s][gc,heap     ] GC(6) Min Capacity: 1024M(50%)
[2024-07-24T07:27:02.896+0800][10.904s][gc,heap     ] GC(6) Max Capacity: 2048M(100%)
[2024-07-24T07:27:02.896+0800][10.904s][gc,heap     ] GC(6) Soft Max Capacity: 2048M(100%)
[2024-07-24T07:27:02.896+0800][10.904s][gc,heap     ] GC(6)                Mark Start          Mark End        Relocate Start      Relocate End           High               Low         
[2024-07-24T07:27:02.896+0800][10.904s][gc,heap     ] GC(6)  Capacity:     1696M (83%)        1696M (83%)        1696M (83%)        1696M (83%)        1696M (83%)        1696M (83%)    
[2024-07-24T07:27:02.896+0800][10.904s][gc,heap     ] GC(6)      Free:      372M (18%)         372M (18%)        1974M (96%)        2014M (98%)        2014M (98%)         372M (18%)    
[2024-07-24T07:27:02.896+0800][10.904s][gc,heap     ] GC(6)      Used:     1676M (82%)        1676M (82%)          74M (4%)           34M (2%)         1676M (82%)          34M (2%)     
[2024-07-24T07:27:02.896+0800][10.904s][gc,heap     ] GC(6)      Live:         -                11M (1%)           11M (1%)           11M (1%)             -                  -          
[2024-07-24T07:27:02.896+0800][10.904s][gc,heap     ] GC(6) Allocated:         -                 0M (0%)            0M (0%)            0M (0%)             -                  -          
[2024-07-24T07:27:02.896+0800][10.904s][gc,heap     ] GC(6)   Garbage:         -              1664M (81%)          62M (3%)           22M (1%)             -                  -          
[2024-07-24T07:27:02.896+0800][10.904s][gc,heap     ] GC(6) Reclaimed:         -                  -              1602M (78%)        1642M (80%)            -                  -          
[2024-07-24T07:27:02.896+0800][10.904s][gc          ] GC(6) Garbage Collection (Allocation Rate) 1676M(82%)->34M(2%)
[2024-07-24T07:27:05.499+0800][13.506s][gc,start    ] GC(7) Garbage Collection (Allocation Rate)
[2024-07-24T07:27:05.499+0800][13.506s][gc,task     ] GC(7) Using 1 workers
[2024-07-24T07:27:05.499+0800][13.506s][gc,phases   ] GC(7) Pause Mark Start 0.011ms
[2024-07-24T07:27:05.502+0800][13.510s][gc,phases   ] GC(7) Concurrent Mark 3.669ms
[2024-07-24T07:27:05.502+0800][13.510s][gc,phases   ] GC(7) Pause Mark End 0.006ms
[2024-07-24T07:27:05.502+0800][13.510s][gc,phases   ] GC(7) Concurrent Mark Free 0.001ms
[2024-07-24T07:27:05.503+0800][13.512s][gc,phases   ] GC(7) Concurrent Process Non-Strong References 1.004ms
[2024-07-24T07:27:05.503+0800][13.512s][gc,phases   ] GC(7) Concurrent Reset Relocation Set 0.001ms
[2024-07-24T07:27:05.505+0800][13.513s][gc,phases   ] GC(7) Concurrent Select Relocation Set 1.685ms
[2024-07-24T07:27:05.505+0800][13.513s][gc,phases   ] GC(7) Pause Relocate Start 0.004ms
[2024-07-24T07:27:05.508+0800][13.516s][gc,phases   ] GC(7) Concurrent Relocate 2.661ms
[2024-07-24T07:27:05.508+0800][13.516s][gc,load     ] GC(7) Load: 0.00/0.00/0.00
[2024-07-24T07:27:05.508+0800][13.516s][gc,mmu      ] GC(7) MMU: 2ms/97.3%, 5ms/98.8%, 10ms/99.4%, 20ms/99.7%, 50ms/99.9%, 100ms/99.9%
[2024-07-24T07:27:05.508+0800][13.516s][gc,marking  ] GC(7) Mark: 1 stripe(s), 1 proactive flush(es), 1 terminate flush(es), 0 completion(s), 0 continuation(s) 
[2024-07-24T07:27:05.508+0800][13.516s][gc,marking  ] GC(7) Mark Stack Usage: 32M
[2024-07-24T07:27:05.508+0800][13.516s][gc,nmethod  ] GC(7) NMethods: 298 registered, 0 unregistered
[2024-07-24T07:27:05.508+0800][13.516s][gc,metaspace] GC(7) Metaspace: 0M used, 0M committed, 1088M reserved
[2024-07-24T07:27:05.508+0800][13.516s][gc,ref      ] GC(7) Soft: 93 encountered, 0 discovered, 0 enqueued
[2024-07-24T07:27:05.508+0800][13.516s][gc,ref      ] GC(7) Weak: 189 encountered, 172 discovered, 0 enqueued
[2024-07-24T07:27:05.508+0800][13.516s][gc,ref      ] GC(7) Final: 0 encountered, 0 discovered, 0 enqueued
[2024-07-24T07:27:05.508+0800][13.516s][gc,ref      ] GC(7) Phantom: 1 encountered, 0 discovered, 0 enqueued
[2024-07-24T07:27:05.508+0800][13.516s][gc,reloc    ] GC(7) Small Pages: 2 / 4M, Empty: 0M, Relocated: 1M, In-Place: 0
[2024-07-24T07:27:05.508+0800][13.516s][gc,reloc    ] GC(7) Medium Pages: 54 / 1728M, Empty: 1664M, Relocated: 10M, In-Place: 0
[2024-07-24T07:27:05.508+0800][13.516s][gc,reloc    ] GC(7) Large Pages: 0 / 0M, Empty: 0M, Relocated: 0M, In-Place: 0
[2024-07-24T07:27:05.508+0800][13.516s][gc,reloc    ] GC(7) Forwarding Usage: 0M
[2024-07-24T07:27:05.508+0800][13.516s][gc,heap     ] GC(7) Min Capacity: 1024M(50%)
[2024-07-24T07:27:05.508+0800][13.517s][gc,heap     ] GC(7) Max Capacity: 2048M(100%)
[2024-07-24T07:27:05.508+0800][13.517s][gc,heap     ] GC(7) Soft Max Capacity: 2048M(100%)
[2024-07-24T07:27:05.508+0800][13.517s][gc,heap     ] GC(7)                Mark Start          Mark End        Relocate Start      Relocate End           High               Low         
[2024-07-24T07:27:05.509+0800][13.517s][gc,heap     ] GC(7)  Capacity:     1760M (86%)        1760M (86%)        1760M (86%)        1760M (86%)        1760M (86%)        1760M (86%)    
[2024-07-24T07:27:05.509+0800][13.517s][gc,heap     ] GC(7)      Free:      316M (15%)         316M (15%)        1980M (97%)        2014M (98%)        2014M (98%)         316M (15%)    
[2024-07-24T07:27:05.509+0800][13.517s][gc,heap     ] GC(7)      Used:     1732M (85%)        1732M (85%)          68M (3%)           34M (2%)         1732M (85%)          34M (2%)     
[2024-07-24T07:27:05.509+0800][13.517s][gc,heap     ] GC(7)      Live:         -                11M (1%)           11M (1%)           11M (1%)             -                  -          
[2024-07-24T07:27:05.509+0800][13.517s][gc,heap     ] GC(7) Allocated:         -                 0M (0%)            0M (0%)            0M (0%)             -                  -          
[2024-07-24T07:27:05.509+0800][13.517s][gc,heap     ] GC(7)   Garbage:         -              1720M (84%)          56M (3%)           22M (1%)             -                  -          
[2024-07-24T07:27:05.509+0800][13.517s][gc,heap     ] GC(7) Reclaimed:         -                  -              1664M (81%)        1698M (83%)            -                  -          
[2024-07-24T07:27:05.509+0800][13.517s][gc          ] GC(7) Garbage Collection (Allocation Rate) 1732M(85%)->34M(2%)
[2024-07-24T07:27:07.495+0800][15.502s][gc,start    ] GC(8) Garbage Collection (Proactive)
[2024-07-24T07:27:07.495+0800][15.502s][gc,task     ] GC(8) Using 8 workers
[2024-07-24T07:27:07.496+0800][15.503s][gc,phases   ] GC(8) Pause Mark Start 0.017ms
[2024-07-24T07:27:07.511+0800][15.518s][gc,phases   ] GC(8) Concurrent Mark 14.992ms
[2024-07-24T07:27:07.511+0800][15.518s][gc,phases   ] GC(8) Pause Mark End 0.012ms
[2024-07-24T07:27:07.512+0800][15.519s][gc,phases   ] GC(8) Concurrent Mark Free 0.001ms
[2024-07-24T07:27:07.512+0800][15.519s][gc,phases   ] GC(8) Concurrent Process Non-Strong References 0.537ms
[2024-07-24T07:27:07.512+0800][15.519s][gc,phases   ] GC(8) Concurrent Reset Relocation Set 0.001ms
[2024-07-24T07:27:07.514+0800][15.521s][gc,phases   ] GC(8) Concurrent Select Relocation Set 2.098ms
[2024-07-24T07:27:07.515+0800][15.522s][gc,phases   ] GC(8) Pause Relocate Start 0.006ms
[2024-07-24T07:27:07.515+0800][15.522s][gc,phases   ] GC(8) Concurrent Relocate 0.110ms
[2024-07-24T07:27:07.515+0800][15.522s][gc,load     ] GC(8) Load: 0.00/0.00/0.00
[2024-07-24T07:27:07.515+0800][15.522s][gc,mmu      ] GC(8) MMU: 2ms/97.3%, 5ms/98.8%, 10ms/99.4%, 20ms/99.7%, 50ms/99.9%, 100ms/99.9%
[2024-07-24T07:27:07.515+0800][15.522s][gc,marking  ] GC(8) Mark: 8 stripe(s), 2 proactive flush(es), 1 terminate flush(es), 0 completion(s), 0 continuation(s) 
[2024-07-24T07:27:07.515+0800][15.522s][gc,marking  ] GC(8) Mark Stack Usage: 32M
[2024-07-24T07:27:07.515+0800][15.522s][gc,nmethod  ] GC(8) NMethods: 314 registered, 0 unregistered
[2024-07-24T07:27:07.515+0800][15.522s][gc,metaspace] GC(8) Metaspace: 0M used, 0M committed, 1088M reserved
[2024-07-24T07:27:07.515+0800][15.522s][gc,ref      ] GC(8) Soft: 93 encountered, 0 discovered, 0 enqueued
[2024-07-24T07:27:07.515+0800][15.522s][gc,ref      ] GC(8) Weak: 189 encountered, 49 discovered, 0 enqueued
[2024-07-24T07:27:07.515+0800][15.522s][gc,ref      ] GC(8) Final: 0 encountered, 0 discovered, 0 enqueued
[2024-07-24T07:27:07.515+0800][15.522s][gc,ref      ] GC(8) Phantom: 1 encountered, 1 discovered, 0 enqueued
[2024-07-24T07:27:07.515+0800][15.522s][gc,reloc    ] GC(8) Small Pages: 2 / 4M, Empty: 2M, Relocated: 0M, In-Place: 0
[2024-07-24T07:27:07.515+0800][15.522s][gc,reloc    ] GC(8) Medium Pages: 42 / 1344M, Empty: 1312M, Relocated: 0M, In-Place: 0
[2024-07-24T07:27:07.515+0800][15.522s][gc,reloc    ] GC(8) Large Pages: 0 / 0M, Empty: 0M, Relocated: 0M, In-Place: 0
[2024-07-24T07:27:07.515+0800][15.522s][gc,reloc    ] GC(8) Forwarding Usage: 0M
[2024-07-24T07:27:07.515+0800][15.522s][gc,heap     ] GC(8) Min Capacity: 1024M(50%)
[2024-07-24T07:27:07.515+0800][15.522s][gc,heap     ] GC(8) Max Capacity: 2048M(100%)
[2024-07-24T07:27:07.515+0800][15.522s][gc,heap     ] GC(8) Soft Max Capacity: 2048M(100%)
[2024-07-24T07:27:07.515+0800][15.522s][gc,heap     ] GC(8)                Mark Start          Mark End        Relocate Start      Relocate End           High               Low         
[2024-07-24T07:27:07.515+0800][15.522s][gc,heap     ] GC(8)  Capacity:     1760M (86%)        1760M (86%)        1760M (86%)        1760M (86%)        1760M (86%)        1760M (86%)    
[2024-07-24T07:27:07.515+0800][15.522s][gc,heap     ] GC(8)      Free:      700M (34%)         666M (33%)        1980M (97%)        1980M (97%)        1980M (97%)         666M (33%)    
[2024-07-24T07:27:07.515+0800][15.522s][gc,heap     ] GC(8)      Used:     1348M (66%)        1382M (67%)          68M (3%)           68M (3%)         1382M (67%)          68M (3%)     
[2024-07-24T07:27:07.515+0800][15.522s][gc,heap     ] GC(8)      Live:         -                 5M (0%)            5M (0%)            5M (0%)             -                  -          
[2024-07-24T07:27:07.515+0800][15.522s][gc,heap     ] GC(8) Allocated:         -                34M (2%)           34M (2%)           34M (2%)             -                  -          
[2024-07-24T07:27:07.515+0800][15.522s][gc,heap     ] GC(8)   Garbage:         -              1342M (66%)          28M (1%)           28M (1%)             -                  -          
[2024-07-24T07:27:07.515+0800][15.522s][gc,heap     ] GC(8) Reclaimed:         -                  -              1314M (64%)        1314M (64%)            -                  -          
[2024-07-24T07:27:07.515+0800][15.522s][gc          ] GC(8) Garbage Collection (Proactive) 1348M(66%)->68M(3%)
[2024-07-24T07:27:09.387+0800][17.395s][gc,heap,exit] Heap
[2024-07-24T07:27:09.387+0800][17.395s][gc,heap,exit]  ZHeap           used 1286M, capacity 1760M, max capacity 2048M
[2024-07-24T07:27:09.387+0800][17.395s][gc,heap,exit]  Metaspace       used 680K, committed 832K, reserved 1114112K
[2024-07-24T07:27:09.387+0800][17.395s][gc,heap,exit]   class space    used 56K, committed 128K, reserved 1048576K
