[2024-07-21T19:49:10.589+0800][0.014s][gc,init] Initializing The Z Garbage Collector
[2024-07-21T19:49:10.589+0800][0.015s][gc,init] Version: 17.0.2+8-86 (release)
[2024-07-21T19:49:10.589+0800][0.015s][gc,init] NUMA Support: Disabled
[2024-07-21T19:49:10.589+0800][0.015s][gc,init] CPUs: 8 total, 8 available
[2024-07-21T19:49:10.589+0800][0.015s][gc,init] Memory: 16281M
[2024-07-21T19:49:10.589+0800][0.015s][gc,init] Large Page Support: Disabled
[2024-07-21T19:49:10.589+0800][0.015s][gc,init] GC Workers: 2 (dynamic)
[2024-07-21T19:49:10.590+0800][0.015s][gc,init] Address Space Type: Contiguous/Unrestricted/Complete
[2024-07-21T19:49:10.590+0800][0.015s][gc,init] Address Space Size: 4096M x 3 = 12288M
[2024-07-21T19:49:10.590+0800][0.015s][gc,init] Min Capacity: 8M
[2024-07-21T19:49:10.591+0800][0.016s][gc,init] Initial Capacity: 256M
[2024-07-21T19:49:10.591+0800][0.016s][gc,init] Max Capacity: 256M
[2024-07-21T19:49:10.591+0800][0.016s][gc,init] Medium Page Size: 8M
[2024-07-21T19:49:10.591+0800][0.016s][gc,init] Pre-touch: Disabled
[2024-07-21T19:49:10.591+0800][0.016s][gc,init] Uncommit: Enabled
[2024-07-21T19:49:10.591+0800][0.016s][gc,init] Uncommit Delay: 300s
[2024-07-21T19:49:10.607+0800][0.032s][gc,init] Runtime Workers: 2
[2024-07-21T19:49:10.607+0800][0.033s][gc     ] Using The Z Garbage Collector
[2024-07-21T19:49:10.608+0800][0.033s][gc,metaspace] CDS archive(s) mapped at: [0x0000000800000000-0x0000000800bc0000-0x0000000800bc0000), size 12320768, SharedBaseAddress: 0x0000000800000000, ArchiveRelocationMode: 0.
[2024-07-21T19:49:10.608+0800][0.033s][gc,metaspace] Compressed class space mapped at: 0x0000000800c00000-0x0000000840c00000, reserved size: 1073741824
[2024-07-21T19:49:10.608+0800][0.033s][gc,metaspace] Narrow klass base: 0x0000000800000000, Narrow klass shift: 0, Narrow klass range: 0x100000000
[2024-07-21T19:49:10.844+0800][0.269s][gc,start    ] GC(0) Garbage Collection (Warmup)
[2024-07-21T19:49:10.844+0800][0.269s][gc,task     ] GC(0) Using 2 workers
[2024-07-21T19:49:10.844+0800][0.269s][gc,phases   ] GC(0) Pause Mark Start 0.006ms
[2024-07-21T19:49:10.860+0800][0.285s][gc,phases   ] GC(0) Concurrent Mark 15.631ms
[2024-07-21T19:49:10.860+0800][0.285s][gc,phases   ] GC(0) Pause Mark End 0.016ms
[2024-07-21T19:49:10.860+0800][0.285s][gc,phases   ] GC(0) Concurrent Mark Free 0.001ms
[2024-07-21T19:49:10.860+0800][0.286s][gc,phases   ] GC(0) Concurrent Process Non-Strong References 0.453ms
[2024-07-21T19:49:10.860+0800][0.286s][gc,phases   ] GC(0) Concurrent Reset Relocation Set 0.000ms
[2024-07-21T19:49:10.869+0800][0.295s][gc,phases   ] GC(0) Concurrent Select Relocation Set 8.865ms
[2024-07-21T19:49:10.869+0800][0.295s][gc,phases   ] GC(0) Pause Relocate Start 0.006ms
[2024-07-21T19:49:10.870+0800][0.296s][gc,phases   ] GC(0) Concurrent Relocate 0.970ms
[2024-07-21T19:49:10.870+0800][0.296s][gc,load     ] GC(0) Load: 0.00/0.00/0.00
[2024-07-21T19:49:10.870+0800][0.296s][gc,mmu      ] GC(0) MMU: 2ms/99.2%, 5ms/99.7%, 10ms/99.8%, 20ms/99.9%, 50ms/99.9%, 100ms/100.0%
[2024-07-21T19:49:10.870+0800][0.296s][gc,marking  ] GC(0) Mark: 2 stripe(s), 2 proactive flush(es), 1 terminate flush(es), 0 completion(s), 0 continuation(s) 
[2024-07-21T19:49:10.870+0800][0.296s][gc,marking  ] GC(0) Mark Stack Usage: 32M
[2024-07-21T19:49:10.870+0800][0.296s][gc,nmethod  ] GC(0) NMethods: 316 registered, 0 unregistered
[2024-07-21T19:49:10.870+0800][0.296s][gc,metaspace] GC(0) Metaspace: 1M used, 1M committed, 1032M reserved
[2024-07-21T19:49:10.871+0800][0.296s][gc,ref      ] GC(0) Soft: 53 encountered, 0 discovered, 0 enqueued
[2024-07-21T19:49:10.871+0800][0.296s][gc,ref      ] GC(0) Weak: 153 encountered, 107 discovered, 36 enqueued
[2024-07-21T19:49:10.871+0800][0.296s][gc,ref      ] GC(0) Final: 0 encountered, 0 discovered, 0 enqueued
[2024-07-21T19:49:10.871+0800][0.296s][gc,ref      ] GC(0) Phantom: 217 encountered, 144 discovered, 33 enqueued
[2024-07-21T19:49:10.871+0800][0.296s][gc,reloc    ] GC(0) Small Pages: 4 / 8M, Empty: 0M, Relocated: 0M, In-Place: 0
[2024-07-21T19:49:10.871+0800][0.296s][gc,reloc    ] GC(0) Medium Pages: 1 / 8M, Empty: 0M, Relocated: 0M, In-Place: 0
[2024-07-21T19:49:10.871+0800][0.296s][gc,reloc    ] GC(0) Large Pages: 11 / 22M, Empty: 0M, Relocated: 0M, In-Place: 0
[2024-07-21T19:49:10.871+0800][0.296s][gc,reloc    ] GC(0) Forwarding Usage: 0M
[2024-07-21T19:49:10.871+0800][0.296s][gc,heap     ] GC(0) Min Capacity: 8M(3%)
[2024-07-21T19:49:10.871+0800][0.296s][gc,heap     ] GC(0) Max Capacity: 256M(100%)
[2024-07-21T19:49:10.871+0800][0.296s][gc,heap     ] GC(0) Soft Max Capacity: 256M(100%)
[2024-07-21T19:49:10.871+0800][0.296s][gc,heap     ] GC(0)                Mark Start          Mark End        Relocate Start      Relocate End           High               Low         
[2024-07-21T19:49:10.871+0800][0.296s][gc,heap     ] GC(0)  Capacity:      256M (100%)        256M (100%)        256M (100%)        256M (100%)        256M (100%)        256M (100%)   
[2024-07-21T19:49:10.871+0800][0.296s][gc,heap     ] GC(0)      Free:      218M (85%)         198M (77%)         198M (77%)         198M (77%)         218M (85%)         194M (76%)    
[2024-07-21T19:49:10.871+0800][0.296s][gc,heap     ] GC(0)      Used:       38M (15%)          58M (23%)          58M (23%)          58M (23%)          62M (24%)          38M (15%)    
[2024-07-21T19:49:10.871+0800][0.296s][gc,heap     ] GC(0)      Live:         -                26M (10%)          26M (10%)          26M (10%)            -                  -          
[2024-07-21T19:49:10.871+0800][0.296s][gc,heap     ] GC(0) Allocated:         -                20M (8%)           20M (8%)           20M (8%)             -                  -          
[2024-07-21T19:49:10.871+0800][0.296s][gc,heap     ] GC(0)   Garbage:         -                11M (5%)           11M (5%)           11M (5%)             -                  -          
[2024-07-21T19:49:10.871+0800][0.296s][gc,heap     ] GC(0) Reclaimed:         -                  -                 0M (0%)            0M (0%)             -                  -          
[2024-07-21T19:49:10.871+0800][0.296s][gc          ] GC(0) Garbage Collection (Warmup) 38M(15%)->58M(23%)
[2024-07-21T19:49:10.954+0800][0.379s][gc,start    ] GC(1) Garbage Collection (Warmup)
[2024-07-21T19:49:10.954+0800][0.379s][gc,task     ] GC(1) Using 2 workers
[2024-07-21T19:49:10.954+0800][0.379s][gc,phases   ] GC(1) Pause Mark Start 0.007ms
[2024-07-21T19:49:10.970+0800][0.395s][gc,phases   ] GC(1) Concurrent Mark 15.296ms
[2024-07-21T19:49:10.970+0800][0.395s][gc,phases   ] GC(1) Pause Mark End 0.012ms
[2024-07-21T19:49:10.970+0800][0.395s][gc,phases   ] GC(1) Concurrent Mark Free 0.001ms
[2024-07-21T19:49:10.970+0800][0.395s][gc,phases   ] GC(1) Concurrent Process Non-Strong References 0.477ms
[2024-07-21T19:49:10.970+0800][0.395s][gc,phases   ] GC(1) Concurrent Reset Relocation Set 0.001ms
[2024-07-21T19:49:10.972+0800][0.397s][gc,phases   ] GC(1) Concurrent Select Relocation Set 1.735ms
[2024-07-21T19:49:10.972+0800][0.397s][gc,phases   ] GC(1) Pause Relocate Start 0.006ms
[2024-07-21T19:49:10.973+0800][0.398s][gc,phases   ] GC(1) Concurrent Relocate 0.910ms
[2024-07-21T19:49:10.973+0800][0.398s][gc,load     ] GC(1) Load: 0.00/0.00/0.00
[2024-07-21T19:49:10.973+0800][0.398s][gc,mmu      ] GC(1) MMU: 2ms/99.2%, 5ms/99.6%, 10ms/99.8%, 20ms/99.9%, 50ms/99.9%, 100ms/100.0%
[2024-07-21T19:49:10.974+0800][0.399s][gc,marking  ] GC(1) Mark: 2 stripe(s), 2 proactive flush(es), 1 terminate flush(es), 0 completion(s), 0 continuation(s) 
[2024-07-21T19:49:10.974+0800][0.399s][gc,marking  ] GC(1) Mark Stack Usage: 32M
[2024-07-21T19:49:10.974+0800][0.399s][gc,nmethod  ] GC(1) NMethods: 317 registered, 0 unregistered
[2024-07-21T19:49:10.974+0800][0.399s][gc,metaspace] GC(1) Metaspace: 1M used, 1M committed, 1032M reserved
[2024-07-21T19:49:10.974+0800][0.399s][gc,ref      ] GC(1) Soft: 53 encountered, 0 discovered, 0 enqueued
[2024-07-21T19:49:10.974+0800][0.399s][gc,ref      ] GC(1) Weak: 117 encountered, 71 discovered, 0 enqueued
[2024-07-21T19:49:10.974+0800][0.399s][gc,ref      ] GC(1) Final: 0 encountered, 0 discovered, 0 enqueued
[2024-07-21T19:49:10.974+0800][0.399s][gc,ref      ] GC(1) Phantom: 184 encountered, 180 discovered, 0 enqueued
[2024-07-21T19:49:10.974+0800][0.399s][gc,reloc    ] GC(1) Small Pages: 5 / 10M, Empty: 0M, Relocated: 0M, In-Place: 0
[2024-07-21T19:49:10.974+0800][0.399s][gc,reloc    ] GC(1) Medium Pages: 1 / 8M, Empty: 0M, Relocated: 0M, In-Place: 0
[2024-07-21T19:49:10.974+0800][0.399s][gc,reloc    ] GC(1) Large Pages: 51 / 102M, Empty: 80M, Relocated: 0M, In-Place: 0
[2024-07-21T19:49:10.974+0800][0.399s][gc,reloc    ] GC(1) Forwarding Usage: 0M
[2024-07-21T19:49:10.974+0800][0.399s][gc,heap     ] GC(1) Min Capacity: 8M(3%)
[2024-07-21T19:49:10.974+0800][0.399s][gc,heap     ] GC(1) Max Capacity: 256M(100%)
[2024-07-21T19:49:10.974+0800][0.399s][gc,heap     ] GC(1) Soft Max Capacity: 256M(100%)
[2024-07-21T19:49:10.974+0800][0.399s][gc,heap     ] GC(1)                Mark Start          Mark End        Relocate Start      Relocate End           High               Low         
[2024-07-21T19:49:10.974+0800][0.399s][gc,heap     ] GC(1)  Capacity:      256M (100%)        256M (100%)        256M (100%)        256M (100%)        256M (100%)        256M (100%)   
[2024-07-21T19:49:10.974+0800][0.399s][gc,heap     ] GC(1)      Free:      136M (53%)         116M (45%)         196M (77%)         178M (70%)         196M (77%)         116M (45%)    
[2024-07-21T19:49:10.974+0800][0.399s][gc,heap     ] GC(1)      Used:      120M (47%)         140M (55%)          60M (23%)          78M (30%)         140M (55%)          60M (23%)    
[2024-07-21T19:49:10.974+0800][0.399s][gc,heap     ] GC(1)      Live:         -                26M (10%)          26M (10%)          26M (10%)            -                  -          
[2024-07-21T19:49:10.974+0800][0.399s][gc,heap     ] GC(1) Allocated:         -                20M (8%)           20M (8%)           40M (16%)            -                  -          
[2024-07-21T19:49:10.974+0800][0.399s][gc,heap     ] GC(1)   Garbage:         -                93M (37%)          13M (5%)           11M (5%)             -                  -          
[2024-07-21T19:49:10.974+0800][0.399s][gc,heap     ] GC(1) Reclaimed:         -                  -                80M (31%)          82M (32%)            -                  -          
[2024-07-21T19:49:10.974+0800][0.399s][gc          ] GC(1) Garbage Collection (Warmup) 120M(47%)->78M(30%)
[2024-07-21T19:49:11.050+0800][0.475s][gc,start    ] GC(2) Garbage Collection (Warmup)
[2024-07-21T19:49:11.050+0800][0.475s][gc,task     ] GC(2) Using 2 workers
[2024-07-21T19:49:11.050+0800][0.475s][gc,phases   ] GC(2) Pause Mark Start 0.006ms
[2024-07-21T19:49:11.065+0800][0.490s][gc,phases   ] GC(2) Concurrent Mark 14.864ms
[2024-07-21T19:49:11.065+0800][0.490s][gc,phases   ] GC(2) Pause Mark End 0.016ms
[2024-07-21T19:49:11.065+0800][0.490s][gc,phases   ] GC(2) Concurrent Mark Free 0.001ms
[2024-07-21T19:49:11.066+0800][0.491s][gc,phases   ] GC(2) Concurrent Process Non-Strong References 0.564ms
[2024-07-21T19:49:11.066+0800][0.491s][gc,phases   ] GC(2) Concurrent Reset Relocation Set 0.001ms
[2024-07-21T19:49:11.067+0800][0.492s][gc,phases   ] GC(2) Concurrent Select Relocation Set 1.742ms
[2024-07-21T19:49:11.068+0800][0.493s][gc,phases   ] GC(2) Pause Relocate Start 0.007ms
[2024-07-21T19:49:11.069+0800][0.494s][gc,phases   ] GC(2) Concurrent Relocate 1.026ms
[2024-07-21T19:49:11.069+0800][0.494s][gc,load     ] GC(2) Load: 0.00/0.00/0.00
[2024-07-21T19:49:11.069+0800][0.494s][gc,mmu      ] GC(2) MMU: 2ms/99.2%, 5ms/99.5%, 10ms/99.8%, 20ms/99.9%, 50ms/99.9%, 100ms/100.0%
[2024-07-21T19:49:11.069+0800][0.494s][gc,marking  ] GC(2) Mark: 2 stripe(s), 1 proactive flush(es), 1 terminate flush(es), 0 completion(s), 0 continuation(s) 
[2024-07-21T19:49:11.069+0800][0.494s][gc,marking  ] GC(2) Mark Stack Usage: 32M
[2024-07-21T19:49:11.069+0800][0.494s][gc,nmethod  ] GC(2) NMethods: 320 registered, 0 unregistered
[2024-07-21T19:49:11.069+0800][0.494s][gc,metaspace] GC(2) Metaspace: 1M used, 1M committed, 1032M reserved
[2024-07-21T19:49:11.069+0800][0.494s][gc,ref      ] GC(2) Soft: 53 encountered, 0 discovered, 0 enqueued
[2024-07-21T19:49:11.069+0800][0.494s][gc,ref      ] GC(2) Weak: 117 encountered, 39 discovered, 0 enqueued
[2024-07-21T19:49:11.069+0800][0.494s][gc,ref      ] GC(2) Final: 0 encountered, 0 discovered, 0 enqueued
[2024-07-21T19:49:11.069+0800][0.494s][gc,ref      ] GC(2) Phantom: 184 encountered, 180 discovered, 0 enqueued
[2024-07-21T19:49:11.069+0800][0.494s][gc,reloc    ] GC(2) Small Pages: 5 / 10M, Empty: 0M, Relocated: 0M, In-Place: 0
[2024-07-21T19:49:11.069+0800][0.494s][gc,reloc    ] GC(2) Medium Pages: 1 / 8M, Empty: 0M, Relocated: 0M, In-Place: 0
[2024-07-21T19:49:11.069+0800][0.494s][gc,reloc    ] GC(2) Large Pages: 70 / 140M, Empty: 120M, Relocated: 0M, In-Place: 0
[2024-07-21T19:49:11.069+0800][0.494s][gc,reloc    ] GC(2) Forwarding Usage: 0M
[2024-07-21T19:49:11.069+0800][0.494s][gc,heap     ] GC(2) Min Capacity: 8M(3%)
[2024-07-21T19:49:11.069+0800][0.494s][gc,heap     ] GC(2) Max Capacity: 256M(100%)
[2024-07-21T19:49:11.069+0800][0.494s][gc,heap     ] GC(2) Soft Max Capacity: 256M(100%)
[2024-07-21T19:49:11.069+0800][0.494s][gc,heap     ] GC(2)                Mark Start          Mark End        Relocate Start      Relocate End           High               Low         
[2024-07-21T19:49:11.069+0800][0.494s][gc,heap     ] GC(2)  Capacity:      256M (100%)        256M (100%)        256M (100%)        256M (100%)        256M (100%)        256M (100%)   
[2024-07-21T19:49:11.069+0800][0.494s][gc,heap     ] GC(2)      Free:       98M (38%)          96M (38%)         208M (81%)         202M (79%)         208M (81%)          88M (34%)    
[2024-07-21T19:49:11.069+0800][0.494s][gc,heap     ] GC(2)      Used:      158M (62%)         160M (62%)          48M (19%)          54M (21%)         168M (66%)          48M (19%)    
[2024-07-21T19:49:11.069+0800][0.494s][gc,heap     ] GC(2)      Live:         -                24M (9%)           24M (9%)           24M (9%)             -                  -          
[2024-07-21T19:49:11.069+0800][0.494s][gc,heap     ] GC(2) Allocated:         -                 2M (1%)           10M (4%)           17M (7%)             -                  -          
[2024-07-21T19:49:11.069+0800][0.494s][gc,heap     ] GC(2)   Garbage:         -               133M (52%)          13M (5%)           11M (5%)             -                  -          
[2024-07-21T19:49:11.069+0800][0.494s][gc,heap     ] GC(2) Reclaimed:         -                  -               120M (47%)         121M (48%)            -                  -          
[2024-07-21T19:49:11.069+0800][0.494s][gc          ] GC(2) Garbage Collection (Warmup) 158M(62%)->54M(21%)
[2024-07-21T19:49:11.145+0800][0.570s][gc,start    ] GC(3) Garbage Collection (Allocation Rate)
[2024-07-21T19:49:11.145+0800][0.570s][gc,task     ] GC(3) Using 2 workers
[2024-07-21T19:49:11.145+0800][0.570s][gc,phases   ] GC(3) Pause Mark Start 0.008ms
[2024-07-21T19:49:11.161+0800][0.586s][gc,phases   ] GC(3) Concurrent Mark 15.619ms
[2024-07-21T19:49:11.161+0800][0.586s][gc,phases   ] GC(3) Pause Mark End 0.010ms
[2024-07-21T19:49:11.161+0800][0.586s][gc,phases   ] GC(3) Concurrent Mark Free 0.001ms
[2024-07-21T19:49:11.162+0800][0.587s][gc,phases   ] GC(3) Concurrent Process Non-Strong References 0.601ms
[2024-07-21T19:49:11.162+0800][0.587s][gc,phases   ] GC(3) Concurrent Reset Relocation Set 0.001ms
[2024-07-21T19:49:11.164+0800][0.589s][gc,phases   ] GC(3) Concurrent Select Relocation Set 2.228ms
[2024-07-21T19:49:11.164+0800][0.589s][gc,phases   ] GC(3) Pause Relocate Start 0.006ms
[2024-07-21T19:49:11.165+0800][0.590s][gc,phases   ] GC(3) Concurrent Relocate 0.948ms
[2024-07-21T19:49:11.165+0800][0.590s][gc,load     ] GC(3) Load: 0.00/0.00/0.00
[2024-07-21T19:49:11.165+0800][0.590s][gc,mmu      ] GC(3) MMU: 2ms/99.2%, 5ms/99.5%, 10ms/99.8%, 20ms/99.9%, 50ms/99.9%, 100ms/100.0%
[2024-07-21T19:49:11.165+0800][0.590s][gc,marking  ] GC(3) Mark: 2 stripe(s), 2 proactive flush(es), 1 terminate flush(es), 0 completion(s), 0 continuation(s) 
[2024-07-21T19:49:11.165+0800][0.590s][gc,marking  ] GC(3) Mark Stack Usage: 32M
[2024-07-21T19:49:11.165+0800][0.590s][gc,nmethod  ] GC(3) NMethods: 320 registered, 0 unregistered
[2024-07-21T19:49:11.165+0800][0.590s][gc,metaspace] GC(3) Metaspace: 1M used, 1M committed, 1032M reserved
[2024-07-21T19:49:11.165+0800][0.590s][gc,ref      ] GC(3) Soft: 53 encountered, 0 discovered, 0 enqueued
[2024-07-21T19:49:11.165+0800][0.590s][gc,ref      ] GC(3) Weak: 117 encountered, 1 discovered, 0 enqueued
[2024-07-21T19:49:11.165+0800][0.590s][gc,ref      ] GC(3) Final: 0 encountered, 0 discovered, 0 enqueued
[2024-07-21T19:49:11.165+0800][0.590s][gc,ref      ] GC(3) Phantom: 184 encountered, 178 discovered, 0 enqueued
[2024-07-21T19:49:11.165+0800][0.590s][gc,reloc    ] GC(3) Small Pages: 5 / 10M, Empty: 0M, Relocated: 0M, In-Place: 0
[2024-07-21T19:49:11.165+0800][0.590s][gc,reloc    ] GC(3) Medium Pages: 1 / 8M, Empty: 0M, Relocated: 0M, In-Place: 0
[2024-07-21T19:49:11.165+0800][0.590s][gc,reloc    ] GC(3) Large Pages: 63 / 126M, Empty: 120M, Relocated: 0M, In-Place: 0
[2024-07-21T19:49:11.165+0800][0.590s][gc,reloc    ] GC(3) Forwarding Usage: 0M
[2024-07-21T19:49:11.165+0800][0.590s][gc,heap     ] GC(3) Min Capacity: 8M(3%)
[2024-07-21T19:49:11.165+0800][0.590s][gc,heap     ] GC(3) Max Capacity: 256M(100%)
[2024-07-21T19:49:11.165+0800][0.590s][gc,heap     ] GC(3) Soft Max Capacity: 256M(100%)
[2024-07-21T19:49:11.165+0800][0.590s][gc,heap     ] GC(3)                Mark Start          Mark End        Relocate Start      Relocate End           High               Low         
[2024-07-21T19:49:11.165+0800][0.590s][gc,heap     ] GC(3)  Capacity:      256M (100%)        256M (100%)        256M (100%)        256M (100%)        256M (100%)        256M (100%)   
[2024-07-21T19:49:11.165+0800][0.590s][gc,heap     ] GC(3)      Free:      112M (44%)          94M (37%)         204M (80%)         202M (79%)         206M (80%)          86M (34%)    
[2024-07-21T19:49:11.165+0800][0.590s][gc,heap     ] GC(3)      Used:      144M (56%)         162M (63%)          52M (20%)          54M (21%)         170M (66%)          50M (20%)    
[2024-07-21T19:49:11.165+0800][0.590s][gc,heap     ] GC(3)      Live:         -                10M (4%)           10M (4%)           10M (4%)             -                  -          
[2024-07-21T19:49:11.166+0800][0.591s][gc,heap     ] GC(3) Allocated:         -                18M (7%)           28M (11%)          31M (12%)            -                  -          
[2024-07-21T19:49:11.166+0800][0.591s][gc,heap     ] GC(3)   Garbage:         -               133M (52%)          13M (5%)           11M (5%)             -                  -          
[2024-07-21T19:49:11.166+0800][0.591s][gc,heap     ] GC(3) Reclaimed:         -                  -               120M (47%)         121M (48%)            -                  -          
[2024-07-21T19:49:11.166+0800][0.591s][gc          ] GC(3) Garbage Collection (Allocation Rate) 144M(56%)->54M(21%)
[2024-07-21T19:49:11.241+0800][0.666s][gc,start    ] GC(4) Garbage Collection (Allocation Rate)
[2024-07-21T19:49:11.241+0800][0.666s][gc,task     ] GC(4) Using 2 workers
[2024-07-21T19:49:11.241+0800][0.666s][gc,phases   ] GC(4) Pause Mark Start 0.015ms
[2024-07-21T19:49:11.256+0800][0.681s][gc,phases   ] GC(4) Concurrent Mark 14.629ms
[2024-07-21T19:49:11.256+0800][0.681s][gc,phases   ] GC(4) Pause Mark End 0.031ms
[2024-07-21T19:49:11.256+0800][0.681s][gc,phases   ] GC(4) Concurrent Mark Free 0.001ms
[2024-07-21T19:49:11.257+0800][0.682s][gc,phases   ] GC(4) Concurrent Process Non-Strong References 0.673ms
[2024-07-21T19:49:11.257+0800][0.682s][gc,phases   ] GC(4) Concurrent Reset Relocation Set 0.001ms
[2024-07-21T19:49:11.260+0800][0.685s][gc,phases   ] GC(4) Concurrent Select Relocation Set 2.932ms
[2024-07-21T19:49:11.260+0800][0.685s][gc,phases   ] GC(4) Pause Relocate Start 0.008ms
[2024-07-21T19:49:11.261+0800][0.686s][gc,phases   ] GC(4) Concurrent Relocate 0.868ms
[2024-07-21T19:49:11.261+0800][0.686s][gc,load     ] GC(4) Load: 0.00/0.00/0.00
[2024-07-21T19:49:11.261+0800][0.686s][gc,mmu      ] GC(4) MMU: 2ms/98.5%, 5ms/99.2%, 10ms/99.6%, 20ms/99.7%, 50ms/99.9%, 100ms/99.9%
[2024-07-21T19:49:11.261+0800][0.686s][gc,marking  ] GC(4) Mark: 2 stripe(s), 2 proactive flush(es), 1 terminate flush(es), 0 completion(s), 0 continuation(s) 
[2024-07-21T19:49:11.261+0800][0.686s][gc,marking  ] GC(4) Mark Stack Usage: 32M
[2024-07-21T19:49:11.261+0800][0.686s][gc,nmethod  ] GC(4) NMethods: 320 registered, 0 unregistered
[2024-07-21T19:49:11.261+0800][0.686s][gc,metaspace] GC(4) Metaspace: 1M used, 1M committed, 1032M reserved
[2024-07-21T19:49:11.261+0800][0.686s][gc,ref      ] GC(4) Soft: 53 encountered, 0 discovered, 0 enqueued
[2024-07-21T19:49:11.261+0800][0.686s][gc,ref      ] GC(4) Weak: 117 encountered, 94 discovered, 0 enqueued
[2024-07-21T19:49:11.261+0800][0.686s][gc,ref      ] GC(4) Final: 0 encountered, 0 discovered, 0 enqueued
[2024-07-21T19:49:11.261+0800][0.686s][gc,ref      ] GC(4) Phantom: 184 encountered, 108 discovered, 0 enqueued
[2024-07-21T19:49:11.261+0800][0.686s][gc,reloc    ] GC(4) Small Pages: 5 / 10M, Empty: 0M, Relocated: 0M, In-Place: 0
[2024-07-21T19:49:11.261+0800][0.686s][gc,reloc    ] GC(4) Medium Pages: 1 / 8M, Empty: 0M, Relocated: 0M, In-Place: 0
[2024-07-21T19:49:11.261+0800][0.686s][gc,reloc    ] GC(4) Large Pages: 63 / 126M, Empty: 120M, Relocated: 0M, In-Place: 0
[2024-07-21T19:49:11.261+0800][0.686s][gc,reloc    ] GC(4) Forwarding Usage: 0M
[2024-07-21T19:49:11.261+0800][0.686s][gc,heap     ] GC(4) Min Capacity: 8M(3%)
[2024-07-21T19:49:11.261+0800][0.686s][gc,heap     ] GC(4) Max Capacity: 256M(100%)
[2024-07-21T19:49:11.261+0800][0.686s][gc,heap     ] GC(4) Soft Max Capacity: 256M(100%)
[2024-07-21T19:49:11.261+0800][0.686s][gc,heap     ] GC(4)                Mark Start          Mark End        Relocate Start      Relocate End           High               Low         
[2024-07-21T19:49:11.261+0800][0.686s][gc,heap     ] GC(4)  Capacity:      256M (100%)        256M (100%)        256M (100%)        256M (100%)        256M (100%)        256M (100%)   
[2024-07-21T19:49:11.261+0800][0.686s][gc,heap     ] GC(4)      Free:      112M (44%)          96M (38%)         216M (84%)         218M (85%)         218M (85%)          96M (38%)    
[2024-07-21T19:49:11.261+0800][0.686s][gc,heap     ] GC(4)      Used:      144M (56%)         160M (62%)          40M (16%)          38M (15%)         160M (62%)          38M (15%)    
[2024-07-21T19:49:11.261+0800][0.686s][gc,heap     ] GC(4)      Live:         -                10M (4%)           10M (4%)           10M (4%)             -                  -          
[2024-07-21T19:49:11.261+0800][0.686s][gc,heap     ] GC(4) Allocated:         -                16M (6%)           16M (6%)           16M (6%)             -                  -          
[2024-07-21T19:49:11.261+0800][0.686s][gc,heap     ] GC(4)   Garbage:         -               133M (52%)          13M (5%)           11M (5%)             -                  -          
[2024-07-21T19:49:11.261+0800][0.686s][gc,heap     ] GC(4) Reclaimed:         -                  -               120M (47%)         122M (48%)            -                  -          
[2024-07-21T19:49:11.261+0800][0.686s][gc          ] GC(4) Garbage Collection (Allocation Rate) 144M(56%)->38M(15%)
[2024-07-21T19:49:11.352+0800][0.777s][gc,start    ] GC(5) Garbage Collection (Allocation Rate)
[2024-07-21T19:49:11.352+0800][0.777s][gc,task     ] GC(5) Using 2 workers
[2024-07-21T19:49:11.352+0800][0.777s][gc,phases   ] GC(5) Pause Mark Start 0.012ms
[2024-07-21T19:49:11.368+0800][0.793s][gc,phases   ] GC(5) Concurrent Mark 15.631ms
[2024-07-21T19:49:11.368+0800][0.793s][gc,phases   ] GC(5) Pause Mark End 0.013ms
[2024-07-21T19:49:11.368+0800][0.793s][gc,phases   ] GC(5) Concurrent Mark Free 0.001ms
[2024-07-21T19:49:11.369+0800][0.794s][gc,phases   ] GC(5) Concurrent Process Non-Strong References 0.697ms
[2024-07-21T19:49:11.369+0800][0.794s][gc,phases   ] GC(5) Concurrent Reset Relocation Set 0.001ms
[2024-07-21T19:49:11.372+0800][0.797s][gc,phases   ] GC(5) Concurrent Select Relocation Set 3.376ms
[2024-07-21T19:49:11.372+0800][0.797s][gc,phases   ] GC(5) Pause Relocate Start 0.023ms
[2024-07-21T19:49:11.374+0800][0.799s][gc,phases   ] GC(5) Concurrent Relocate 1.548ms
[2024-07-21T19:49:11.374+0800][0.799s][gc,load     ] GC(5) Load: 0.00/0.00/0.00
[2024-07-21T19:49:11.374+0800][0.799s][gc,mmu      ] GC(5) MMU: 2ms/98.5%, 5ms/99.2%, 10ms/99.6%, 20ms/99.7%, 50ms/99.9%, 100ms/99.9%
[2024-07-21T19:49:11.374+0800][0.799s][gc,marking  ] GC(5) Mark: 2 stripe(s), 2 proactive flush(es), 1 terminate flush(es), 0 completion(s), 0 continuation(s) 
[2024-07-21T19:49:11.374+0800][0.799s][gc,marking  ] GC(5) Mark Stack Usage: 32M
[2024-07-21T19:49:11.374+0800][0.799s][gc,nmethod  ] GC(5) NMethods: 321 registered, 0 unregistered
[2024-07-21T19:49:11.374+0800][0.799s][gc,metaspace] GC(5) Metaspace: 1M used, 1M committed, 1032M reserved
[2024-07-21T19:49:11.374+0800][0.799s][gc,ref      ] GC(5) Soft: 53 encountered, 0 discovered, 0 enqueued
[2024-07-21T19:49:11.374+0800][0.799s][gc,ref      ] GC(5) Weak: 117 encountered, 69 discovered, 0 enqueued
[2024-07-21T19:49:11.374+0800][0.799s][gc,ref      ] GC(5) Final: 0 encountered, 0 discovered, 0 enqueued
[2024-07-21T19:49:11.374+0800][0.799s][gc,ref      ] GC(5) Phantom: 184 encountered, 161 discovered, 0 enqueued
[2024-07-21T19:49:11.374+0800][0.799s][gc,reloc    ] GC(5) Small Pages: 5 / 10M, Empty: 2M, Relocated: 0M, In-Place: 0
[2024-07-21T19:49:11.374+0800][0.799s][gc,reloc    ] GC(5) Medium Pages: 1 / 8M, Empty: 0M, Relocated: 0M, In-Place: 0
[2024-07-21T19:49:11.374+0800][0.799s][gc,reloc    ] GC(5) Large Pages: 63 / 126M, Empty: 120M, Relocated: 0M, In-Place: 0
[2024-07-21T19:49:11.374+0800][0.799s][gc,reloc    ] GC(5) Forwarding Usage: 0M
[2024-07-21T19:49:11.374+0800][0.799s][gc,heap     ] GC(5) Min Capacity: 8M(3%)
[2024-07-21T19:49:11.374+0800][0.799s][gc,heap     ] GC(5) Max Capacity: 256M(100%)
[2024-07-21T19:49:11.374+0800][0.799s][gc,heap     ] GC(5) Soft Max Capacity: 256M(100%)
[2024-07-21T19:49:11.374+0800][0.799s][gc,heap     ] GC(5)                Mark Start          Mark End        Relocate Start      Relocate End           High               Low         
[2024-07-21T19:49:11.374+0800][0.799s][gc,heap     ] GC(5)  Capacity:      256M (100%)        256M (100%)        256M (100%)        256M (100%)        256M (100%)        256M (100%)   
[2024-07-21T19:49:11.374+0800][0.799s][gc,heap     ] GC(5)      Free:      112M (44%)          94M (37%)         206M (80%)         198M (77%)         206M (80%)          84M (33%)    
[2024-07-21T19:49:11.374+0800][0.799s][gc,heap     ] GC(5)      Used:      144M (56%)         162M (63%)          50M (20%)          58M (23%)         172M (67%)          50M (20%)    
[2024-07-21T19:49:11.374+0800][0.799s][gc,heap     ] GC(5)      Live:         -                10M (4%)           10M (4%)           10M (4%)             -                  -          
[2024-07-21T19:49:11.374+0800][0.799s][gc,heap     ] GC(5) Allocated:         -                18M (7%)           28M (11%)          35M (14%)            -                  -          
[2024-07-21T19:49:11.374+0800][0.799s][gc,heap     ] GC(5)   Garbage:         -               133M (52%)          11M (5%)           11M (5%)             -                  -          
[2024-07-21T19:49:11.374+0800][0.799s][gc,heap     ] GC(5) Reclaimed:         -                  -               122M (48%)         121M (48%)            -                  -          
[2024-07-21T19:49:11.374+0800][0.799s][gc          ] GC(5) Garbage Collection (Allocation Rate) 144M(56%)->58M(23%)
[2024-07-21T19:49:11.447+0800][0.872s][gc,start    ] GC(6) Garbage Collection (Allocation Rate)
[2024-07-21T19:49:11.447+0800][0.872s][gc,task     ] GC(6) Using 2 workers
[2024-07-21T19:49:11.447+0800][0.872s][gc,phases   ] GC(6) Pause Mark Start 0.010ms
[2024-07-21T19:49:11.463+0800][0.888s][gc,phases   ] GC(6) Concurrent Mark 15.713ms
[2024-07-21T19:49:11.463+0800][0.888s][gc,phases   ] GC(6) Pause Mark End 0.020ms
[2024-07-21T19:49:11.463+0800][0.888s][gc,phases   ] GC(6) Concurrent Mark Free 0.001ms
[2024-07-21T19:49:11.465+0800][0.890s][gc,phases   ] GC(6) Concurrent Process Non-Strong References 1.525ms
[2024-07-21T19:49:11.465+0800][0.890s][gc,phases   ] GC(6) Concurrent Reset Relocation Set 0.001ms
[2024-07-21T19:49:11.469+0800][0.894s][gc,phases   ] GC(6) Concurrent Select Relocation Set 4.301ms
[2024-07-21T19:49:11.469+0800][0.894s][gc,phases   ] GC(6) Pause Relocate Start 0.011ms
[2024-07-21T19:49:11.471+0800][0.896s][gc,phases   ] GC(6) Concurrent Relocate 1.300ms
[2024-07-21T19:49:11.471+0800][0.896s][gc,load     ] GC(6) Load: 0.00/0.00/0.00
[2024-07-21T19:49:11.471+0800][0.896s][gc,mmu      ] GC(6) MMU: 2ms/98.5%, 5ms/99.2%, 10ms/99.6%, 20ms/99.7%, 50ms/99.9%, 100ms/99.9%
[2024-07-21T19:49:11.471+0800][0.896s][gc,marking  ] GC(6) Mark: 2 stripe(s), 2 proactive flush(es), 1 terminate flush(es), 0 completion(s), 0 continuation(s) 
[2024-07-21T19:49:11.471+0800][0.896s][gc,marking  ] GC(6) Mark Stack Usage: 32M
[2024-07-21T19:49:11.471+0800][0.896s][gc,nmethod  ] GC(6) NMethods: 321 registered, 0 unregistered
[2024-07-21T19:49:11.471+0800][0.896s][gc,metaspace] GC(6) Metaspace: 1M used, 1M committed, 1032M reserved
[2024-07-21T19:49:11.471+0800][0.896s][gc,ref      ] GC(6) Soft: 53 encountered, 0 discovered, 0 enqueued
[2024-07-21T19:49:11.471+0800][0.896s][gc,ref      ] GC(6) Weak: 117 encountered, 1 discovered, 0 enqueued
[2024-07-21T19:49:11.471+0800][0.896s][gc,ref      ] GC(6) Final: 0 encountered, 0 discovered, 0 enqueued
[2024-07-21T19:49:11.471+0800][0.896s][gc,ref      ] GC(6) Phantom: 184 encountered, 129 discovered, 0 enqueued
[2024-07-21T19:49:11.471+0800][0.896s][gc,reloc    ] GC(6) Small Pages: 5 / 10M, Empty: 0M, Relocated: 0M, In-Place: 0
[2024-07-21T19:49:11.471+0800][0.896s][gc,reloc    ] GC(6) Medium Pages: 1 / 8M, Empty: 0M, Relocated: 0M, In-Place: 0
[2024-07-21T19:49:11.471+0800][0.896s][gc,reloc    ] GC(6) Large Pages: 63 / 126M, Empty: 120M, Relocated: 0M, In-Place: 0
[2024-07-21T19:49:11.471+0800][0.896s][gc,reloc    ] GC(6) Forwarding Usage: 0M
[2024-07-21T19:49:11.471+0800][0.896s][gc,heap     ] GC(6) Min Capacity: 8M(3%)
[2024-07-21T19:49:11.471+0800][0.896s][gc,heap     ] GC(6) Max Capacity: 256M(100%)
[2024-07-21T19:49:11.471+0800][0.896s][gc,heap     ] GC(6) Soft Max Capacity: 256M(100%)
[2024-07-21T19:49:11.471+0800][0.896s][gc,heap     ] GC(6)                Mark Start          Mark End        Relocate Start      Relocate End           High               Low         
[2024-07-21T19:49:11.471+0800][0.896s][gc,heap     ] GC(6)  Capacity:      256M (100%)        256M (100%)        256M (100%)        256M (100%)        256M (100%)        256M (100%)   
[2024-07-21T19:49:11.471+0800][0.896s][gc,heap     ] GC(6)      Free:      112M (44%)          94M (37%)         196M (77%)         198M (77%)         198M (77%)          76M (30%)    
[2024-07-21T19:49:11.471+0800][0.896s][gc,heap     ] GC(6)      Used:      144M (56%)         162M (63%)          60M (23%)          58M (23%)         180M (70%)          58M (23%)    
[2024-07-21T19:49:11.471+0800][0.896s][gc,heap     ] GC(6)      Live:         -                10M (4%)           10M (4%)           10M (4%)             -                  -          
[2024-07-21T19:49:11.471+0800][0.896s][gc,heap     ] GC(6) Allocated:         -                18M (7%)           36M (14%)          36M (14%)            -                  -          
[2024-07-21T19:49:11.471+0800][0.896s][gc,heap     ] GC(6)   Garbage:         -               133M (52%)          13M (5%)           11M (5%)             -                  -          
[2024-07-21T19:49:11.471+0800][0.896s][gc,heap     ] GC(6) Reclaimed:         -                  -               120M (47%)         122M (48%)            -                  -          
[2024-07-21T19:49:11.471+0800][0.896s][gc          ] GC(6) Garbage Collection (Allocation Rate) 144M(56%)->58M(23%)
[2024-07-21T19:49:11.542+0800][0.966s][gc,start    ] GC(7) Garbage Collection (Allocation Rate)
[2024-07-21T19:49:11.542+0800][0.967s][gc,task     ] GC(7) Using 2 workers
[2024-07-21T19:49:11.542+0800][0.967s][gc,phases   ] GC(7) Pause Mark Start 0.017ms
[2024-07-21T19:49:11.558+0800][0.982s][gc,phases   ] GC(7) Concurrent Mark 15.374ms
[2024-07-21T19:49:11.558+0800][0.982s][gc,phases   ] GC(7) Pause Mark End 0.013ms
[2024-07-21T19:49:11.558+0800][0.983s][gc,phases   ] GC(7) Concurrent Mark Free 0.001ms
[2024-07-21T19:49:11.559+0800][0.984s][gc,phases   ] GC(7) Concurrent Process Non-Strong References 1.041ms
[2024-07-21T19:49:11.559+0800][0.984s][gc,phases   ] GC(7) Concurrent Reset Relocation Set 0.002ms
[2024-07-21T19:49:11.561+0800][0.986s][gc,phases   ] GC(7) Concurrent Select Relocation Set 2.208ms
[2024-07-21T19:49:11.561+0800][0.986s][gc,phases   ] GC(7) Pause Relocate Start 0.007ms
[2024-07-21T19:49:11.562+0800][0.987s][gc,phases   ] GC(7) Concurrent Relocate 0.556ms
[2024-07-21T19:49:11.562+0800][0.987s][gc,load     ] GC(7) Load: 0.00/0.00/0.00
[2024-07-21T19:49:11.562+0800][0.987s][gc,mmu      ] GC(7) MMU: 2ms/98.5%, 5ms/99.2%, 10ms/99.6%, 20ms/99.7%, 50ms/99.9%, 100ms/99.9%
[2024-07-21T19:49:11.562+0800][0.987s][gc,marking  ] GC(7) Mark: 2 stripe(s), 2 proactive flush(es), 1 terminate flush(es), 0 completion(s), 0 continuation(s) 
[2024-07-21T19:49:11.562+0800][0.987s][gc,marking  ] GC(7) Mark Stack Usage: 32M
[2024-07-21T19:49:11.562+0800][0.987s][gc,nmethod  ] GC(7) NMethods: 322 registered, 0 unregistered
[2024-07-21T19:49:11.562+0800][0.987s][gc,metaspace] GC(7) Metaspace: 1M used, 1M committed, 1032M reserved
[2024-07-21T19:49:11.562+0800][0.987s][gc,ref      ] GC(7) Soft: 53 encountered, 0 discovered, 0 enqueued
[2024-07-21T19:49:11.562+0800][0.987s][gc,ref      ] GC(7) Weak: 117 encountered, 54 discovered, 0 enqueued
[2024-07-21T19:49:11.562+0800][0.987s][gc,ref      ] GC(7) Final: 0 encountered, 0 discovered, 0 enqueued
[2024-07-21T19:49:11.562+0800][0.987s][gc,ref      ] GC(7) Phantom: 184 encountered, 107 discovered, 0 enqueued
[2024-07-21T19:49:11.562+0800][0.987s][gc,reloc    ] GC(7) Small Pages: 5 / 10M, Empty: 2M, Relocated: 0M, In-Place: 0
[2024-07-21T19:49:11.562+0800][0.987s][gc,reloc    ] GC(7) Medium Pages: 1 / 8M, Empty: 0M, Relocated: 0M, In-Place: 0
[2024-07-21T19:49:11.562+0800][0.987s][gc,reloc    ] GC(7) Large Pages: 65 / 130M, Empty: 120M, Relocated: 0M, In-Place: 0
[2024-07-21T19:49:11.562+0800][0.987s][gc,reloc    ] GC(7) Forwarding Usage: 0M
[2024-07-21T19:49:11.562+0800][0.987s][gc,heap     ] GC(7) Min Capacity: 8M(3%)
[2024-07-21T19:49:11.562+0800][0.987s][gc,heap     ] GC(7) Max Capacity: 256M(100%)
[2024-07-21T19:49:11.562+0800][0.987s][gc,heap     ] GC(7) Soft Max Capacity: 256M(100%)
[2024-07-21T19:49:11.562+0800][0.987s][gc,heap     ] GC(7)                Mark Start          Mark End        Relocate Start      Relocate End           High               Low         
[2024-07-21T19:49:11.562+0800][0.987s][gc,heap     ] GC(7)  Capacity:      256M (100%)        256M (100%)        256M (100%)        256M (100%)        256M (100%)        256M (100%)   
[2024-07-21T19:49:11.562+0800][0.987s][gc,heap     ] GC(7)      Free:      108M (42%)          92M (36%)         198M (77%)         198M (77%)         198M (77%)          76M (30%)    
[2024-07-21T19:49:11.562+0800][0.987s][gc,heap     ] GC(7)      Used:      148M (58%)         164M (64%)          58M (23%)          58M (23%)         180M (70%)          58M (23%)    
[2024-07-21T19:49:11.562+0800][0.987s][gc,heap     ] GC(7)      Live:         -                14M (6%)           14M (6%)           14M (6%)             -                  -          
[2024-07-21T19:49:11.562+0800][0.987s][gc,heap     ] GC(7) Allocated:         -                16M (6%)           32M (12%)          32M (12%)            -                  -          
[2024-07-21T19:49:11.562+0800][0.987s][gc,heap     ] GC(7)   Garbage:         -               133M (52%)          11M (5%)           11M (5%)             -                  -          
[2024-07-21T19:49:11.562+0800][0.987s][gc,heap     ] GC(7) Reclaimed:         -                  -               122M (48%)         122M (48%)            -                  -          
[2024-07-21T19:49:11.562+0800][0.987s][gc          ] GC(7) Garbage Collection (Allocation Rate) 148M(58%)->58M(23%)
[2024-07-21T19:49:11.652+0800][1.076s][gc,start    ] GC(8) Garbage Collection (Allocation Rate)
[2024-07-21T19:49:11.652+0800][1.076s][gc,task     ] GC(8) Using 2 workers
[2024-07-21T19:49:11.652+0800][1.077s][gc,phases   ] GC(8) Pause Mark Start 0.010ms
[2024-07-21T19:49:11.668+0800][1.092s][gc,phases   ] GC(8) Concurrent Mark 15.634ms
[2024-07-21T19:49:11.668+0800][1.093s][gc,phases   ] GC(8) Pause Mark End 0.020ms
[2024-07-21T19:49:11.668+0800][1.093s][gc,phases   ] GC(8) Concurrent Mark Free 0.001ms
[2024-07-21T19:49:11.669+0800][1.093s][gc,phases   ] GC(8) Concurrent Process Non-Strong References 0.720ms
[2024-07-21T19:49:11.669+0800][1.093s][gc,phases   ] GC(8) Concurrent Reset Relocation Set 0.001ms
[2024-07-21T19:49:11.673+0800][1.098s][gc,phases   ] GC(8) Concurrent Select Relocation Set 4.091ms
[2024-07-21T19:49:11.673+0800][1.098s][gc,phases   ] GC(8) Pause Relocate Start 0.009ms
[2024-07-21T19:49:11.676+0800][1.100s][gc,phases   ] GC(8) Concurrent Relocate 2.389ms
[2024-07-21T19:49:11.676+0800][1.100s][gc,load     ] GC(8) Load: 0.00/0.00/0.00
[2024-07-21T19:49:11.676+0800][1.100s][gc,mmu      ] GC(8) MMU: 2ms/98.5%, 5ms/99.2%, 10ms/99.6%, 20ms/99.7%, 50ms/99.9%, 100ms/99.9%
[2024-07-21T19:49:11.676+0800][1.100s][gc,marking  ] GC(8) Mark: 2 stripe(s), 2 proactive flush(es), 1 terminate flush(es), 0 completion(s), 0 continuation(s) 
[2024-07-21T19:49:11.676+0800][1.100s][gc,marking  ] GC(8) Mark Stack Usage: 32M
[2024-07-21T19:49:11.676+0800][1.100s][gc,nmethod  ] GC(8) NMethods: 371 registered, 0 unregistered
[2024-07-21T19:49:11.676+0800][1.101s][gc,metaspace] GC(8) Metaspace: 1M used, 1M committed, 1032M reserved
[2024-07-21T19:49:11.676+0800][1.101s][gc,ref      ] GC(8) Soft: 93 encountered, 0 discovered, 0 enqueued
[2024-07-21T19:49:11.676+0800][1.101s][gc,ref      ] GC(8) Weak: 136 encountered, 6 discovered, 5 enqueued
[2024-07-21T19:49:11.676+0800][1.101s][gc,ref      ] GC(8) Final: 0 encountered, 0 discovered, 0 enqueued
[2024-07-21T19:49:11.676+0800][1.101s][gc,ref      ] GC(8) Phantom: 189 encountered, 185 discovered, 5 enqueued
[2024-07-21T19:49:11.676+0800][1.101s][gc,reloc    ] GC(8) Small Pages: 5 / 10M, Empty: 0M, Relocated: 1M, In-Place: 0
[2024-07-21T19:49:11.676+0800][1.101s][gc,reloc    ] GC(8) Medium Pages: 1 / 8M, Empty: 0M, Relocated: 0M, In-Place: 0
[2024-07-21T19:49:11.676+0800][1.101s][gc,reloc    ] GC(8) Large Pages: 73 / 146M, Empty: 144M, Relocated: 0M, In-Place: 0
[2024-07-21T19:49:11.676+0800][1.101s][gc,reloc    ] GC(8) Forwarding Usage: 0M
[2024-07-21T19:49:11.676+0800][1.101s][gc,heap     ] GC(8) Min Capacity: 8M(3%)
[2024-07-21T19:49:11.676+0800][1.101s][gc,heap     ] GC(8) Max Capacity: 256M(100%)
[2024-07-21T19:49:11.676+0800][1.101s][gc,heap     ] GC(8) Soft Max Capacity: 256M(100%)
[2024-07-21T19:49:11.676+0800][1.101s][gc,heap     ] GC(8)                Mark Start          Mark End        Relocate Start      Relocate End           High               Low         
[2024-07-21T19:49:11.676+0800][1.101s][gc,heap     ] GC(8)  Capacity:      256M (100%)        256M (100%)        256M (100%)        256M (100%)        256M (100%)        256M (100%)   
[2024-07-21T19:49:11.676+0800][1.101s][gc,heap     ] GC(8)      Free:       92M (36%)          74M (29%)         200M (78%)         202M (79%)         202M (79%)          72M (28%)    
[2024-07-21T19:49:11.676+0800][1.101s][gc,heap     ] GC(8)      Used:      164M (64%)         182M (71%)          56M (22%)          54M (21%)         184M (72%)          54M (21%)    
[2024-07-21T19:49:11.676+0800][1.101s][gc,heap     ] GC(8)      Live:         -                 6M (3%)            6M (3%)            6M (3%)             -                  -          
[2024-07-21T19:49:11.676+0800][1.101s][gc,heap     ] GC(8) Allocated:         -                18M (7%)           36M (14%)          35M (14%)            -                  -          
[2024-07-21T19:49:11.676+0800][1.101s][gc,heap     ] GC(8)   Garbage:         -               157M (61%)          13M (5%)           11M (4%)             -                  -          
[2024-07-21T19:49:11.676+0800][1.101s][gc,heap     ] GC(8) Reclaimed:         -                  -               144M (56%)         145M (57%)            -                  -          
[2024-07-21T19:49:11.676+0800][1.101s][gc          ] GC(8) Garbage Collection (Allocation Rate) 164M(64%)->54M(21%)
[2024-07-21T19:49:11.747+0800][1.171s][gc,start    ] GC(9) Garbage Collection (Allocation Rate)
[2024-07-21T19:49:11.747+0800][1.172s][gc,task     ] GC(9) Using 2 workers
[2024-07-21T19:49:11.747+0800][1.172s][gc,phases   ] GC(9) Pause Mark Start 0.017ms
[2024-07-21T19:49:11.763+0800][1.187s][gc,phases   ] GC(9) Concurrent Mark 15.467ms
[2024-07-21T19:49:11.763+0800][1.188s][gc,phases   ] GC(9) Pause Mark End 0.016ms
[2024-07-21T19:49:11.763+0800][1.188s][gc,phases   ] GC(9) Concurrent Mark Free 0.003ms
[2024-07-21T19:49:11.764+0800][1.189s][gc,phases   ] GC(9) Concurrent Process Non-Strong References 1.173ms
[2024-07-21T19:49:11.764+0800][1.189s][gc,phases   ] GC(9) Concurrent Reset Relocation Set 0.006ms
[2024-07-21T19:49:11.769+0800][1.193s][gc,phases   ] GC(9) Concurrent Select Relocation Set 4.147ms
[2024-07-21T19:49:11.769+0800][1.193s][gc,phases   ] GC(9) Pause Relocate Start 0.012ms
[2024-07-21T19:49:11.770+0800][1.194s][gc,phases   ] GC(9) Concurrent Relocate 0.973ms
[2024-07-21T19:49:11.770+0800][1.194s][gc,load     ] GC(9) Load: 0.00/0.00/0.00
[2024-07-21T19:49:11.770+0800][1.194s][gc,mmu      ] GC(9) MMU: 2ms/98.5%, 5ms/99.2%, 10ms/99.6%, 20ms/99.7%, 50ms/99.9%, 100ms/99.9%
[2024-07-21T19:49:11.770+0800][1.195s][gc,marking  ] GC(9) Mark: 2 stripe(s), 2 proactive flush(es), 1 terminate flush(es), 0 completion(s), 0 continuation(s) 
[2024-07-21T19:49:11.770+0800][1.195s][gc,marking  ] GC(9) Mark Stack Usage: 32M
[2024-07-21T19:49:11.770+0800][1.195s][gc,nmethod  ] GC(9) NMethods: 371 registered, 0 unregistered
[2024-07-21T19:49:11.770+0800][1.195s][gc,metaspace] GC(9) Metaspace: 1M used, 1M committed, 1032M reserved
[2024-07-21T19:49:11.770+0800][1.195s][gc,ref      ] GC(9) Soft: 93 encountered, 0 discovered, 0 enqueued
[2024-07-21T19:49:11.770+0800][1.195s][gc,ref      ] GC(9) Weak: 131 encountered, 93 discovered, 0 enqueued
[2024-07-21T19:49:11.770+0800][1.195s][gc,ref      ] GC(9) Final: 0 encountered, 0 discovered, 0 enqueued
[2024-07-21T19:49:11.770+0800][1.195s][gc,ref      ] GC(9) Phantom: 184 encountered, 119 discovered, 0 enqueued
[2024-07-21T19:49:11.770+0800][1.195s][gc,reloc    ] GC(9) Small Pages: 5 / 10M, Empty: 0M, Relocated: 1M, In-Place: 0
[2024-07-21T19:49:11.770+0800][1.195s][gc,reloc    ] GC(9) Medium Pages: 1 / 8M, Empty: 0M, Relocated: 0M, In-Place: 0
[2024-07-21T19:49:11.770+0800][1.195s][gc,reloc    ] GC(9) Large Pages: 51 / 102M, Empty: 96M, Relocated: 0M, In-Place: 0
[2024-07-21T19:49:11.770+0800][1.195s][gc,reloc    ] GC(9) Forwarding Usage: 0M
[2024-07-21T19:49:11.770+0800][1.195s][gc,heap     ] GC(9) Min Capacity: 8M(3%)
[2024-07-21T19:49:11.770+0800][1.195s][gc,heap     ] GC(9) Max Capacity: 256M(100%)
[2024-07-21T19:49:11.770+0800][1.195s][gc,heap     ] GC(9) Soft Max Capacity: 256M(100%)
[2024-07-21T19:49:11.770+0800][1.195s][gc,heap     ] GC(9)                Mark Start          Mark End        Relocate Start      Relocate End           High               Low         
[2024-07-21T19:49:11.770+0800][1.195s][gc,heap     ] GC(9)  Capacity:      256M (100%)        256M (100%)        256M (100%)        256M (100%)        256M (100%)        256M (100%)   
[2024-07-21T19:49:11.770+0800][1.195s][gc,heap     ] GC(9)      Free:      136M (53%)         120M (47%)         216M (84%)         218M (85%)         218M (85%)         120M (47%)    
[2024-07-21T19:49:11.770+0800][1.195s][gc,heap     ] GC(9)      Used:      120M (47%)         136M (53%)          40M (16%)          38M (15%)         136M (53%)          38M (15%)    
[2024-07-21T19:49:11.770+0800][1.195s][gc,heap     ] GC(9)      Live:         -                10M (4%)           10M (4%)           10M (4%)             -                  -          
[2024-07-21T19:49:11.770+0800][1.195s][gc,heap     ] GC(9) Allocated:         -                16M (6%)           16M (6%)           16M (6%)             -                  -          
[2024-07-21T19:49:11.770+0800][1.195s][gc,heap     ] GC(9)   Garbage:         -               109M (43%)          13M (5%)           11M (4%)             -                  -          
[2024-07-21T19:49:11.770+0800][1.195s][gc,heap     ] GC(9) Reclaimed:         -                  -                96M (38%)          98M (38%)            -                  -          
[2024-07-21T19:49:11.770+0800][1.195s][gc          ] GC(9) Garbage Collection (Allocation Rate) 120M(47%)->38M(15%)
[2024-07-21T19:49:11.843+0800][1.267s][gc,start    ] GC(10) Garbage Collection (Allocation Rate)
[2024-07-21T19:49:11.843+0800][1.267s][gc,task     ] GC(10) Using 2 workers
[2024-07-21T19:49:11.843+0800][1.267s][gc,phases   ] GC(10) Pause Mark Start 0.007ms
[2024-07-21T19:49:11.859+0800][1.283s][gc,phases   ] GC(10) Concurrent Mark 15.728ms
[2024-07-21T19:49:11.859+0800][1.283s][gc,phases   ] GC(10) Pause Mark End 0.013ms
[2024-07-21T19:49:11.859+0800][1.283s][gc,phases   ] GC(10) Concurrent Mark Free 0.001ms
[2024-07-21T19:49:11.860+0800][1.284s][gc,phases   ] GC(10) Concurrent Process Non-Strong References 0.675ms
[2024-07-21T19:49:11.860+0800][1.284s][gc,phases   ] GC(10) Concurrent Reset Relocation Set 0.001ms
[2024-07-21T19:49:11.862+0800][1.287s][gc,phases   ] GC(10) Concurrent Select Relocation Set 2.245ms
[2024-07-21T19:49:11.862+0800][1.287s][gc,phases   ] GC(10) Pause Relocate Start 0.007ms
[2024-07-21T19:49:11.863+0800][1.287s][gc,phases   ] GC(10) Concurrent Relocate 0.689ms
[2024-07-21T19:49:11.863+0800][1.287s][gc,load     ] GC(10) Load: 0.00/0.00/0.00
[2024-07-21T19:49:11.863+0800][1.287s][gc,mmu      ] GC(10) MMU: 2ms/98.5%, 5ms/99.2%, 10ms/99.6%, 20ms/99.7%, 50ms/99.9%, 100ms/99.9%
[2024-07-21T19:49:11.863+0800][1.287s][gc,marking  ] GC(10) Mark: 2 stripe(s), 2 proactive flush(es), 1 terminate flush(es), 0 completion(s), 0 continuation(s) 
[2024-07-21T19:49:11.863+0800][1.287s][gc,marking  ] GC(10) Mark Stack Usage: 32M
[2024-07-21T19:49:11.863+0800][1.287s][gc,nmethod  ] GC(10) NMethods: 373 registered, 0 unregistered
[2024-07-21T19:49:11.863+0800][1.288s][gc,metaspace] GC(10) Metaspace: 1M used, 1M committed, 1032M reserved
[2024-07-21T19:49:11.863+0800][1.288s][gc,ref      ] GC(10) Soft: 93 encountered, 0 discovered, 0 enqueued
[2024-07-21T19:49:11.863+0800][1.288s][gc,ref      ] GC(10) Weak: 131 encountered, 13 discovered, 0 enqueued
[2024-07-21T19:49:11.863+0800][1.288s][gc,ref      ] GC(10) Final: 0 encountered, 0 discovered, 0 enqueued
[2024-07-21T19:49:11.863+0800][1.288s][gc,ref      ] GC(10) Phantom: 184 encountered, 144 discovered, 0 enqueued
[2024-07-21T19:49:11.863+0800][1.288s][gc,reloc    ] GC(10) Small Pages: 5 / 10M, Empty: 2M, Relocated: 1M, In-Place: 0
[2024-07-21T19:49:11.863+0800][1.288s][gc,reloc    ] GC(10) Medium Pages: 1 / 8M, Empty: 0M, Relocated: 0M, In-Place: 0
[2024-07-21T19:49:11.863+0800][1.288s][gc,reloc    ] GC(10) Large Pages: 52 / 104M, Empty: 102M, Relocated: 0M, In-Place: 0
[2024-07-21T19:49:11.863+0800][1.288s][gc,reloc    ] GC(10) Forwarding Usage: 0M
[2024-07-21T19:49:11.863+0800][1.288s][gc,heap     ] GC(10) Min Capacity: 8M(3%)
[2024-07-21T19:49:11.863+0800][1.288s][gc,heap     ] GC(10) Max Capacity: 256M(100%)
[2024-07-21T19:49:11.863+0800][1.288s][gc,heap     ] GC(10) Soft Max Capacity: 256M(100%)
[2024-07-21T19:49:11.863+0800][1.288s][gc,heap     ] GC(10)                Mark Start          Mark End        Relocate Start      Relocate End           High               Low         
[2024-07-21T19:49:11.863+0800][1.288s][gc,heap     ] GC(10)  Capacity:      256M (100%)        256M (100%)        256M (100%)        256M (100%)        256M (100%)        256M (100%)   
[2024-07-21T19:49:11.863+0800][1.288s][gc,heap     ] GC(10)      Free:      134M (52%)         114M (45%)         200M (78%)         200M (78%)         200M (78%)          96M (38%)    
[2024-07-21T19:49:11.863+0800][1.288s][gc,heap     ] GC(10)      Used:      122M (48%)         142M (55%)          56M (22%)          56M (22%)         160M (62%)          56M (22%)    
[2024-07-21T19:49:11.863+0800][1.288s][gc,heap     ] GC(10)      Live:         -                 6M (3%)            6M (3%)            6M (3%)             -                  -          
[2024-07-21T19:49:11.863+0800][1.288s][gc,heap     ] GC(10) Allocated:         -                20M (8%)           38M (15%)          38M (15%)            -                  -          
[2024-07-21T19:49:11.863+0800][1.288s][gc,heap     ] GC(10)   Garbage:         -               115M (45%)          11M (4%)           11M (4%)             -                  -          
[2024-07-21T19:49:11.863+0800][1.288s][gc,heap     ] GC(10) Reclaimed:         -                  -               104M (41%)         104M (41%)            -                  -          
[2024-07-21T19:49:11.863+0800][1.288s][gc          ] GC(10) Garbage Collection (Allocation Rate) 122M(48%)->56M(22%)
[2024-07-21T19:49:11.955+0800][1.379s][gc,start    ] GC(11) Garbage Collection (Allocation Rate)
[2024-07-21T19:49:11.955+0800][1.380s][gc,task     ] GC(11) Using 2 workers
[2024-07-21T19:49:11.955+0800][1.380s][gc,phases   ] GC(11) Pause Mark Start 0.014ms
[2024-07-21T19:49:11.971+0800][1.395s][gc,phases   ] GC(11) Concurrent Mark 15.438ms
[2024-07-21T19:49:11.971+0800][1.396s][gc,phases   ] GC(11) Pause Mark End 0.073ms
[2024-07-21T19:49:11.971+0800][1.396s][gc,phases   ] GC(11) Concurrent Mark Free 0.001ms
[2024-07-21T19:49:11.973+0800][1.397s][gc,phases   ] GC(11) Concurrent Process Non-Strong References 1.127ms
[2024-07-21T19:49:11.973+0800][1.397s][gc,phases   ] GC(11) Concurrent Reset Relocation Set 0.001ms
[2024-07-21T19:49:11.976+0800][1.401s][gc,phases   ] GC(11) Concurrent Select Relocation Set 3.701ms
[2024-07-21T19:49:11.976+0800][1.401s][gc,phases   ] GC(11) Pause Relocate Start 0.008ms
[2024-07-21T19:49:11.978+0800][1.402s][gc,phases   ] GC(11) Concurrent Relocate 0.931ms
[2024-07-21T19:49:11.978+0800][1.402s][gc,load     ] GC(11) Load: 0.00/0.00/0.00
[2024-07-21T19:49:11.978+0800][1.402s][gc,mmu      ] GC(11) MMU: 2ms/96.3%, 5ms/98.5%, 10ms/99.2%, 20ms/99.6%, 50ms/99.8%, 100ms/99.9%
[2024-07-21T19:49:11.978+0800][1.402s][gc,marking  ] GC(11) Mark: 2 stripe(s), 2 proactive flush(es), 1 terminate flush(es), 0 completion(s), 0 continuation(s) 
[2024-07-21T19:49:11.978+0800][1.402s][gc,marking  ] GC(11) Mark Stack Usage: 32M
[2024-07-21T19:49:11.978+0800][1.402s][gc,nmethod  ] GC(11) NMethods: 373 registered, 0 unregistered
[2024-07-21T19:49:11.978+0800][1.402s][gc,metaspace] GC(11) Metaspace: 1M used, 1M committed, 1032M reserved
[2024-07-21T19:49:11.978+0800][1.402s][gc,ref      ] GC(11) Soft: 93 encountered, 0 discovered, 0 enqueued
[2024-07-21T19:49:11.978+0800][1.402s][gc,ref      ] GC(11) Weak: 131 encountered, 95 discovered, 0 enqueued
[2024-07-21T19:49:11.978+0800][1.402s][gc,ref      ] GC(11) Final: 0 encountered, 0 discovered, 0 enqueued
[2024-07-21T19:49:11.978+0800][1.402s][gc,ref      ] GC(11) Phantom: 184 encountered, 159 discovered, 0 enqueued
[2024-07-21T19:49:11.978+0800][1.402s][gc,reloc    ] GC(11) Small Pages: 5 / 10M, Empty: 2M, Relocated: 1M, In-Place: 0
[2024-07-21T19:49:11.978+0800][1.402s][gc,reloc    ] GC(11) Medium Pages: 1 / 8M, Empty: 0M, Relocated: 0M, In-Place: 0
[2024-07-21T19:49:11.978+0800][1.402s][gc,reloc    ] GC(11) Large Pages: 71 / 142M, Empty: 138M, Relocated: 0M, In-Place: 0
[2024-07-21T19:49:11.978+0800][1.402s][gc,reloc    ] GC(11) Forwarding Usage: 0M
[2024-07-21T19:49:11.978+0800][1.402s][gc,heap     ] GC(11) Min Capacity: 8M(3%)
[2024-07-21T19:49:11.978+0800][1.402s][gc,heap     ] GC(11) Max Capacity: 256M(100%)
[2024-07-21T19:49:11.978+0800][1.402s][gc,heap     ] GC(11) Soft Max Capacity: 256M(100%)
[2024-07-21T19:49:11.978+0800][1.402s][gc,heap     ] GC(11)                Mark Start          Mark End        Relocate Start      Relocate End           High               Low         
[2024-07-21T19:49:11.978+0800][1.402s][gc,heap     ] GC(11)  Capacity:      256M (100%)        256M (100%)        256M (100%)        256M (100%)        256M (100%)        256M (100%)   
[2024-07-21T19:49:11.978+0800][1.402s][gc,heap     ] GC(11)      Free:       96M (38%)          76M (30%)         198M (77%)         198M (77%)         198M (77%)          68M (27%)    
[2024-07-21T19:49:11.978+0800][1.402s][gc,heap     ] GC(11)      Used:      160M (62%)         180M (70%)          58M (23%)          58M (23%)         188M (73%)          58M (23%)    
[2024-07-21T19:49:11.978+0800][1.402s][gc,heap     ] GC(11)      Live:         -                 8M (3%)            8M (3%)            8M (3%)             -                  -          
[2024-07-21T19:49:11.978+0800][1.403s][gc,heap     ] GC(11) Allocated:         -                20M (8%)           38M (15%)          38M (15%)            -                  -          
[2024-07-21T19:49:11.978+0800][1.403s][gc,heap     ] GC(11)   Garbage:         -               151M (59%)          11M (4%)           11M (4%)             -                  -          
[2024-07-21T19:49:11.978+0800][1.403s][gc,heap     ] GC(11) Reclaimed:         -                  -               140M (55%)         140M (55%)            -                  -          
[2024-07-21T19:49:11.978+0800][1.403s][gc          ] GC(11) Garbage Collection (Allocation Rate) 160M(62%)->58M(23%)
[2024-07-21T19:49:12.050+0800][1.474s][gc,start    ] GC(12) Garbage Collection (Allocation Rate)
[2024-07-21T19:49:12.050+0800][1.474s][gc,task     ] GC(12) Using 2 workers
[2024-07-21T19:49:12.050+0800][1.474s][gc,phases   ] GC(12) Pause Mark Start 0.007ms
[2024-07-21T19:49:12.065+0800][1.489s][gc,phases   ] GC(12) Concurrent Mark 14.760ms
[2024-07-21T19:49:12.065+0800][1.489s][gc,phases   ] GC(12) Pause Mark End 0.011ms
[2024-07-21T19:49:12.065+0800][1.490s][gc,phases   ] GC(12) Concurrent Mark Free 0.001ms
[2024-07-21T19:49:12.066+0800][1.491s][gc,phases   ] GC(12) Concurrent Process Non-Strong References 1.232ms
[2024-07-21T19:49:12.066+0800][1.491s][gc,phases   ] GC(12) Concurrent Reset Relocation Set 0.001ms
[2024-07-21T19:49:12.068+0800][1.493s][gc,phases   ] GC(12) Concurrent Select Relocation Set 1.671ms
[2024-07-21T19:49:12.068+0800][1.493s][gc,phases   ] GC(12) Pause Relocate Start 0.006ms
[2024-07-21T19:49:12.069+0800][1.494s][gc,phases   ] GC(12) Concurrent Relocate 0.854ms
[2024-07-21T19:49:12.069+0800][1.494s][gc,load     ] GC(12) Load: 0.00/0.00/0.00
[2024-07-21T19:49:12.069+0800][1.494s][gc,mmu      ] GC(12) MMU: 2ms/96.3%, 5ms/98.5%, 10ms/99.2%, 20ms/99.6%, 50ms/99.8%, 100ms/99.9%
[2024-07-21T19:49:12.069+0800][1.494s][gc,marking  ] GC(12) Mark: 2 stripe(s), 2 proactive flush(es), 1 terminate flush(es), 0 completion(s), 0 continuation(s) 
[2024-07-21T19:49:12.069+0800][1.494s][gc,marking  ] GC(12) Mark Stack Usage: 32M
[2024-07-21T19:49:12.069+0800][1.494s][gc,nmethod  ] GC(12) NMethods: 373 registered, 0 unregistered
[2024-07-21T19:49:12.069+0800][1.494s][gc,metaspace] GC(12) Metaspace: 1M used, 1M committed, 1032M reserved
[2024-07-21T19:49:12.069+0800][1.494s][gc,ref      ] GC(12) Soft: 93 encountered, 0 discovered, 0 enqueued
[2024-07-21T19:49:12.069+0800][1.494s][gc,ref      ] GC(12) Weak: 131 encountered, 97 discovered, 0 enqueued
[2024-07-21T19:49:12.069+0800][1.494s][gc,ref      ] GC(12) Final: 0 encountered, 0 discovered, 0 enqueued
[2024-07-21T19:49:12.069+0800][1.494s][gc,ref      ] GC(12) Phantom: 184 encountered, 151 discovered, 0 enqueued
[2024-07-21T19:49:12.069+0800][1.494s][gc,reloc    ] GC(12) Small Pages: 5 / 10M, Empty: 2M, Relocated: 1M, In-Place: 0
[2024-07-21T19:49:12.069+0800][1.494s][gc,reloc    ] GC(12) Medium Pages: 1 / 8M, Empty: 0M, Relocated: 0M, In-Place: 0
[2024-07-21T19:49:12.069+0800][1.494s][gc,reloc    ] GC(12) Large Pages: 63 / 126M, Empty: 120M, Relocated: 0M, In-Place: 0
[2024-07-21T19:49:12.069+0800][1.494s][gc,reloc    ] GC(12) Forwarding Usage: 0M
[2024-07-21T19:49:12.069+0800][1.494s][gc,heap     ] GC(12) Min Capacity: 8M(3%)
[2024-07-21T19:49:12.069+0800][1.494s][gc,heap     ] GC(12) Max Capacity: 256M(100%)
[2024-07-21T19:49:12.069+0800][1.494s][gc,heap     ] GC(12) Soft Max Capacity: 256M(100%)
[2024-07-21T19:49:12.069+0800][1.494s][gc,heap     ] GC(12)                Mark Start          Mark End        Relocate Start      Relocate End           High               Low         
[2024-07-21T19:49:12.069+0800][1.494s][gc,heap     ] GC(12)  Capacity:      256M (100%)        256M (100%)        256M (100%)        256M (100%)        256M (100%)        256M (100%)   
[2024-07-21T19:49:12.069+0800][1.494s][gc,heap     ] GC(12)      Free:      112M (44%)          92M (36%)         198M (77%)         198M (77%)         198M (77%)          76M (30%)    
[2024-07-21T19:49:12.069+0800][1.494s][gc,heap     ] GC(12)      Used:      144M (56%)         164M (64%)          58M (23%)          58M (23%)         180M (70%)          58M (23%)    
[2024-07-21T19:49:12.069+0800][1.494s][gc,heap     ] GC(12)      Live:         -                10M (4%)           10M (4%)           10M (4%)             -                  -          
[2024-07-21T19:49:12.070+0800][1.494s][gc,heap     ] GC(12) Allocated:         -                20M (8%)           36M (14%)          36M (14%)            -                  -          
[2024-07-21T19:49:12.070+0800][1.494s][gc,heap     ] GC(12)   Garbage:         -               133M (52%)          11M (4%)           11M (4%)             -                  -          
[2024-07-21T19:49:12.070+0800][1.494s][gc,heap     ] GC(12) Reclaimed:         -                  -               122M (48%)         122M (48%)            -                  -          
[2024-07-21T19:49:12.070+0800][1.494s][gc          ] GC(12) Garbage Collection (Allocation Rate) 144M(56%)->58M(23%)
[2024-07-21T19:49:12.145+0800][1.569s][gc,start    ] GC(13) Garbage Collection (Allocation Rate)
[2024-07-21T19:49:12.145+0800][1.569s][gc,task     ] GC(13) Using 2 workers
[2024-07-21T19:49:12.145+0800][1.570s][gc,phases   ] GC(13) Pause Mark Start 0.011ms
[2024-07-21T19:49:12.161+0800][1.585s][gc,phases   ] GC(13) Concurrent Mark 15.610ms
[2024-07-21T19:49:12.161+0800][1.586s][gc,phases   ] GC(13) Pause Mark End 0.019ms
[2024-07-21T19:49:12.161+0800][1.586s][gc,phases   ] GC(13) Concurrent Mark Free 0.001ms
[2024-07-21T19:49:12.163+0800][1.587s][gc,phases   ] GC(13) Concurrent Process Non-Strong References 1.547ms
[2024-07-21T19:49:12.163+0800][1.587s][gc,phases   ] GC(13) Concurrent Reset Relocation Set 0.001ms
[2024-07-21T19:49:12.166+0800][1.591s][gc,phases   ] GC(13) Concurrent Select Relocation Set 3.700ms
[2024-07-21T19:49:12.167+0800][1.591s][gc,phases   ] GC(13) Pause Relocate Start 0.008ms
[2024-07-21T19:49:12.168+0800][1.592s][gc,phases   ] GC(13) Concurrent Relocate 1.152ms
[2024-07-21T19:49:12.168+0800][1.592s][gc,load     ] GC(13) Load: 0.00/0.00/0.00
[2024-07-21T19:49:12.168+0800][1.593s][gc,mmu      ] GC(13) MMU: 2ms/96.3%, 5ms/98.5%, 10ms/99.2%, 20ms/99.6%, 50ms/99.8%, 100ms/99.9%
[2024-07-21T19:49:12.168+0800][1.593s][gc,marking  ] GC(13) Mark: 2 stripe(s), 2 proactive flush(es), 1 terminate flush(es), 0 completion(s), 0 continuation(s) 
[2024-07-21T19:49:12.168+0800][1.593s][gc,marking  ] GC(13) Mark Stack Usage: 32M
[2024-07-21T19:49:12.168+0800][1.593s][gc,nmethod  ] GC(13) NMethods: 375 registered, 0 unregistered
[2024-07-21T19:49:12.168+0800][1.593s][gc,metaspace] GC(13) Metaspace: 1M used, 1M committed, 1032M reserved
[2024-07-21T19:49:12.168+0800][1.593s][gc,ref      ] GC(13) Soft: 93 encountered, 0 discovered, 0 enqueued
[2024-07-21T19:49:12.168+0800][1.593s][gc,ref      ] GC(13) Weak: 131 encountered, 94 discovered, 0 enqueued
[2024-07-21T19:49:12.168+0800][1.593s][gc,ref      ] GC(13) Final: 0 encountered, 0 discovered, 0 enqueued
[2024-07-21T19:49:12.168+0800][1.593s][gc,ref      ] GC(13) Phantom: 184 encountered, 129 discovered, 0 enqueued
[2024-07-21T19:49:12.168+0800][1.593s][gc,reloc    ] GC(13) Small Pages: 5 / 10M, Empty: 2M, Relocated: 1M, In-Place: 0
[2024-07-21T19:49:12.168+0800][1.593s][gc,reloc    ] GC(13) Medium Pages: 1 / 8M, Empty: 0M, Relocated: 0M, In-Place: 0
[2024-07-21T19:49:12.168+0800][1.593s][gc,reloc    ] GC(13) Large Pages: 63 / 126M, Empty: 120M, Relocated: 0M, In-Place: 0
[2024-07-21T19:49:12.168+0800][1.593s][gc,reloc    ] GC(13) Forwarding Usage: 0M
[2024-07-21T19:49:12.168+0800][1.593s][gc,heap     ] GC(13) Min Capacity: 8M(3%)
[2024-07-21T19:49:12.168+0800][1.593s][gc,heap     ] GC(13) Max Capacity: 256M(100%)
[2024-07-21T19:49:12.168+0800][1.593s][gc,heap     ] GC(13) Soft Max Capacity: 256M(100%)
[2024-07-21T19:49:12.168+0800][1.593s][gc,heap     ] GC(13)                Mark Start          Mark End        Relocate Start      Relocate End           High               Low         
[2024-07-21T19:49:12.168+0800][1.593s][gc,heap     ] GC(13)  Capacity:      256M (100%)        256M (100%)        256M (100%)        256M (100%)        256M (100%)        256M (100%)   
[2024-07-21T19:49:12.168+0800][1.593s][gc,heap     ] GC(13)      Free:      112M (44%)          92M (36%)         198M (77%)         198M (77%)         198M (77%)          76M (30%)    
[2024-07-21T19:49:12.168+0800][1.593s][gc,heap     ] GC(13)      Used:      144M (56%)         164M (64%)          58M (23%)          58M (23%)         180M (70%)          58M (23%)    
[2024-07-21T19:49:12.168+0800][1.593s][gc,heap     ] GC(13)      Live:         -                10M (4%)           10M (4%)           10M (4%)             -                  -          
[2024-07-21T19:49:12.168+0800][1.593s][gc,heap     ] GC(13) Allocated:         -                20M (8%)           36M (14%)          36M (14%)            -                  -          
[2024-07-21T19:49:12.168+0800][1.593s][gc,heap     ] GC(13)   Garbage:         -               133M (52%)          11M (4%)           11M (4%)             -                  -          
[2024-07-21T19:49:12.168+0800][1.593s][gc,heap     ] GC(13) Reclaimed:         -                  -               122M (48%)         122M (48%)            -                  -          
[2024-07-21T19:49:12.168+0800][1.593s][gc          ] GC(13) Garbage Collection (Allocation Rate) 144M(56%)->58M(23%)
[2024-07-21T19:49:12.240+0800][1.665s][gc,start    ] GC(14) Garbage Collection (Allocation Rate)
[2024-07-21T19:49:12.240+0800][1.665s][gc,task     ] GC(14) Using 2 workers
[2024-07-21T19:49:12.240+0800][1.665s][gc,phases   ] GC(14) Pause Mark Start 0.009ms
[2024-07-21T19:49:12.256+0800][1.681s][gc,phases   ] GC(14) Concurrent Mark 15.349ms
[2024-07-21T19:49:12.256+0800][1.681s][gc,phases   ] GC(14) Pause Mark End 0.022ms
[2024-07-21T19:49:12.256+0800][1.681s][gc,phases   ] GC(14) Concurrent Mark Free 0.003ms
[2024-07-21T19:49:12.258+0800][1.682s][gc,phases   ] GC(14) Concurrent Process Non-Strong References 1.032ms
[2024-07-21T19:49:12.258+0800][1.682s][gc,phases   ] GC(14) Concurrent Reset Relocation Set 0.001ms
[2024-07-21T19:49:12.259+0800][1.684s][gc,phases   ] GC(14) Concurrent Select Relocation Set 1.606ms
[2024-07-21T19:49:12.259+0800][1.684s][gc,phases   ] GC(14) Pause Relocate Start 0.006ms
[2024-07-21T19:49:12.260+0800][1.685s][gc,phases   ] GC(14) Concurrent Relocate 0.751ms
[2024-07-21T19:49:12.260+0800][1.685s][gc,load     ] GC(14) Load: 0.00/0.00/0.00
[2024-07-21T19:49:12.260+0800][1.685s][gc,mmu      ] GC(14) MMU: 2ms/96.3%, 5ms/98.5%, 10ms/99.2%, 20ms/99.6%, 50ms/99.8%, 100ms/99.9%
[2024-07-21T19:49:12.260+0800][1.685s][gc,marking  ] GC(14) Mark: 2 stripe(s), 2 proactive flush(es), 1 terminate flush(es), 0 completion(s), 0 continuation(s) 
[2024-07-21T19:49:12.260+0800][1.685s][gc,marking  ] GC(14) Mark Stack Usage: 32M
[2024-07-21T19:49:12.260+0800][1.685s][gc,nmethod  ] GC(14) NMethods: 377 registered, 0 unregistered
[2024-07-21T19:49:12.260+0800][1.685s][gc,metaspace] GC(14) Metaspace: 1M used, 1M committed, 1032M reserved
[2024-07-21T19:49:12.260+0800][1.685s][gc,ref      ] GC(14) Soft: 93 encountered, 0 discovered, 0 enqueued
[2024-07-21T19:49:12.260+0800][1.685s][gc,ref      ] GC(14) Weak: 131 encountered, 94 discovered, 0 enqueued
[2024-07-21T19:49:12.260+0800][1.685s][gc,ref      ] GC(14) Final: 0 encountered, 0 discovered, 0 enqueued
[2024-07-21T19:49:12.260+0800][1.685s][gc,ref      ] GC(14) Phantom: 184 encountered, 126 discovered, 0 enqueued
[2024-07-21T19:49:12.260+0800][1.685s][gc,reloc    ] GC(14) Small Pages: 5 / 10M, Empty: 2M, Relocated: 1M, In-Place: 0
[2024-07-21T19:49:12.261+0800][1.685s][gc,reloc    ] GC(14) Medium Pages: 1 / 8M, Empty: 0M, Relocated: 0M, In-Place: 0
[2024-07-21T19:49:12.261+0800][1.685s][gc,reloc    ] GC(14) Large Pages: 63 / 126M, Empty: 120M, Relocated: 0M, In-Place: 0
[2024-07-21T19:49:12.261+0800][1.685s][gc,reloc    ] GC(14) Forwarding Usage: 0M
[2024-07-21T19:49:12.261+0800][1.685s][gc,heap     ] GC(14) Min Capacity: 8M(3%)
[2024-07-21T19:49:12.261+0800][1.685s][gc,heap     ] GC(14) Max Capacity: 256M(100%)
[2024-07-21T19:49:12.261+0800][1.685s][gc,heap     ] GC(14) Soft Max Capacity: 256M(100%)
[2024-07-21T19:49:12.261+0800][1.685s][gc,heap     ] GC(14)                Mark Start          Mark End        Relocate Start      Relocate End           High               Low         
[2024-07-21T19:49:12.261+0800][1.685s][gc,heap     ] GC(14)  Capacity:      256M (100%)        256M (100%)        256M (100%)        256M (100%)        256M (100%)        256M (100%)   
[2024-07-21T19:49:12.261+0800][1.685s][gc,heap     ] GC(14)      Free:      112M (44%)          94M (37%)         198M (77%)         198M (77%)         198M (77%)          76M (30%)    
[2024-07-21T19:49:12.261+0800][1.685s][gc,heap     ] GC(14)      Used:      144M (56%)         162M (63%)          58M (23%)          58M (23%)         180M (70%)          58M (23%)    
[2024-07-21T19:49:12.261+0800][1.685s][gc,heap     ] GC(14)      Live:         -                10M (4%)           10M (4%)           10M (4%)             -                  -          
[2024-07-21T19:49:12.261+0800][1.685s][gc,heap     ] GC(14) Allocated:         -                18M (7%)           36M (14%)          36M (14%)            -                  -          
[2024-07-21T19:49:12.261+0800][1.685s][gc,heap     ] GC(14)   Garbage:         -               133M (52%)          11M (4%)           11M (4%)             -                  -          
[2024-07-21T19:49:12.261+0800][1.685s][gc,heap     ] GC(14) Reclaimed:         -                  -               122M (48%)         122M (48%)            -                  -          
[2024-07-21T19:49:12.261+0800][1.685s][gc          ] GC(14) Garbage Collection (Allocation Rate) 144M(56%)->58M(23%)
[2024-07-21T19:49:12.349+0800][1.773s][gc,start    ] GC(15) Garbage Collection (Allocation Rate)
[2024-07-21T19:49:12.349+0800][1.773s][gc,task     ] GC(15) Using 2 workers
[2024-07-21T19:49:12.349+0800][1.774s][gc,phases   ] GC(15) Pause Mark Start 0.009ms
[2024-07-21T19:49:12.365+0800][1.790s][gc,phases   ] GC(15) Concurrent Mark 15.906ms
[2024-07-21T19:49:12.365+0800][1.790s][gc,phases   ] GC(15) Pause Mark End 0.017ms
[2024-07-21T19:49:12.365+0800][1.790s][gc,phases   ] GC(15) Concurrent Mark Free 0.005ms
[2024-07-21T19:49:12.366+0800][1.791s][gc,phases   ] GC(15) Concurrent Process Non-Strong References 0.981ms
[2024-07-21T19:49:12.366+0800][1.791s][gc,phases   ] GC(15) Concurrent Reset Relocation Set 0.001ms
[2024-07-21T19:49:12.370+0800][1.794s][gc,phases   ] GC(15) Concurrent Select Relocation Set 3.172ms
[2024-07-21T19:49:12.370+0800][1.794s][gc,phases   ] GC(15) Pause Relocate Start 0.007ms
[2024-07-21T19:49:12.371+0800][1.796s][gc,phases   ] GC(15) Concurrent Relocate 1.078ms
[2024-07-21T19:49:12.371+0800][1.796s][gc,load     ] GC(15) Load: 0.00/0.00/0.00
[2024-07-21T19:49:12.371+0800][1.796s][gc,mmu      ] GC(15) MMU: 2ms/96.3%, 5ms/98.5%, 10ms/99.2%, 20ms/99.6%, 50ms/99.8%, 100ms/99.9%
[2024-07-21T19:49:12.371+0800][1.796s][gc,marking  ] GC(15) Mark: 2 stripe(s), 2 proactive flush(es), 1 terminate flush(es), 0 completion(s), 0 continuation(s) 
[2024-07-21T19:49:12.371+0800][1.796s][gc,marking  ] GC(15) Mark Stack Usage: 32M
[2024-07-21T19:49:12.371+0800][1.796s][gc,nmethod  ] GC(15) NMethods: 379 registered, 0 unregistered
[2024-07-21T19:49:12.371+0800][1.796s][gc,metaspace] GC(15) Metaspace: 1M used, 1M committed, 1032M reserved
[2024-07-21T19:49:12.371+0800][1.796s][gc,ref      ] GC(15) Soft: 93 encountered, 0 discovered, 0 enqueued
[2024-07-21T19:49:12.371+0800][1.796s][gc,ref      ] GC(15) Weak: 131 encountered, 0 discovered, 0 enqueued
[2024-07-21T19:49:12.371+0800][1.796s][gc,ref      ] GC(15) Final: 0 encountered, 0 discovered, 0 enqueued
[2024-07-21T19:49:12.371+0800][1.796s][gc,ref      ] GC(15) Phantom: 184 encountered, 136 discovered, 0 enqueued
[2024-07-21T19:49:12.371+0800][1.796s][gc,reloc    ] GC(15) Small Pages: 5 / 10M, Empty: 2M, Relocated: 1M, In-Place: 0
[2024-07-21T19:49:12.371+0800][1.796s][gc,reloc    ] GC(15) Medium Pages: 1 / 8M, Empty: 0M, Relocated: 0M, In-Place: 0
[2024-07-21T19:49:12.371+0800][1.796s][gc,reloc    ] GC(15) Large Pages: 74 / 148M, Empty: 146M, Relocated: 0M, In-Place: 0
[2024-07-21T19:49:12.371+0800][1.796s][gc,reloc    ] GC(15) Forwarding Usage: 0M
[2024-07-21T19:49:12.371+0800][1.796s][gc,heap     ] GC(15) Min Capacity: 8M(3%)
[2024-07-21T19:49:12.371+0800][1.796s][gc,heap     ] GC(15) Max Capacity: 256M(100%)
[2024-07-21T19:49:12.371+0800][1.796s][gc,heap     ] GC(15) Soft Max Capacity: 256M(100%)
[2024-07-21T19:49:12.371+0800][1.796s][gc,heap     ] GC(15)                Mark Start          Mark End        Relocate Start      Relocate End           High               Low         
[2024-07-21T19:49:12.371+0800][1.796s][gc,heap     ] GC(15)  Capacity:      256M (100%)        256M (100%)        256M (100%)        256M (100%)        256M (100%)        256M (100%)   
[2024-07-21T19:49:12.371+0800][1.796s][gc,heap     ] GC(15)      Free:       90M (35%)          74M (29%)         204M (80%)         204M (80%)         204M (80%)          66M (26%)    
[2024-07-21T19:49:12.371+0800][1.796s][gc,heap     ] GC(15)      Used:      166M (65%)         182M (71%)          52M (20%)          52M (20%)         190M (74%)          52M (20%)    
[2024-07-21T19:49:12.371+0800][1.796s][gc,heap     ] GC(15)      Live:         -                 6M (3%)            6M (3%)            6M (3%)             -                  -          
[2024-07-21T19:49:12.371+0800][1.796s][gc,heap     ] GC(15) Allocated:         -                16M (6%)           34M (13%)          34M (13%)            -                  -          
[2024-07-21T19:49:12.371+0800][1.796s][gc,heap     ] GC(15)   Garbage:         -               159M (62%)          11M (4%)           11M (4%)             -                  -          
[2024-07-21T19:49:12.371+0800][1.796s][gc,heap     ] GC(15) Reclaimed:         -                  -               148M (58%)         148M (58%)            -                  -          
[2024-07-21T19:49:12.371+0800][1.796s][gc          ] GC(15) Garbage Collection (Allocation Rate) 166M(65%)->52M(20%)
[2024-07-21T19:49:12.443+0800][1.868s][gc,start    ] GC(16) Garbage Collection (Allocation Rate)
[2024-07-21T19:49:12.443+0800][1.868s][gc,task     ] GC(16) Using 2 workers
[2024-07-21T19:49:12.444+0800][1.868s][gc,phases   ] GC(16) Pause Mark Start 0.010ms
[2024-07-21T19:49:12.458+0800][1.883s][gc,phases   ] GC(16) Concurrent Mark 14.657ms
[2024-07-21T19:49:12.458+0800][1.883s][gc,phases   ] GC(16) Pause Mark End 0.031ms
[2024-07-21T19:49:12.458+0800][1.884s][gc,phases   ] GC(16) Concurrent Mark Free 0.003ms
[2024-07-21T19:49:12.460+0800][1.885s][gc,phases   ] GC(16) Concurrent Process Non-Strong References 1.184ms
[2024-07-21T19:49:12.460+0800][1.885s][gc,phases   ] GC(16) Concurrent Reset Relocation Set 0.001ms
[2024-07-21T19:49:12.461+0800][1.887s][gc,phases   ] GC(16) Concurrent Select Relocation Set 1.660ms
[2024-07-21T19:49:12.461+0800][1.887s][gc,phases   ] GC(16) Pause Relocate Start 0.006ms
[2024-07-21T19:49:12.462+0800][1.888s][gc,phases   ] GC(16) Concurrent Relocate 0.773ms
[2024-07-21T19:49:12.462+0800][1.888s][gc,load     ] GC(16) Load: 0.00/0.00/0.00
[2024-07-21T19:49:12.462+0800][1.888s][gc,mmu      ] GC(16) MMU: 2ms/96.3%, 5ms/98.5%, 10ms/99.2%, 20ms/99.6%, 50ms/99.8%, 100ms/99.9%
[2024-07-21T19:49:12.462+0800][1.888s][gc,marking  ] GC(16) Mark: 2 stripe(s), 3 proactive flush(es), 1 terminate flush(es), 0 completion(s), 0 continuation(s) 
[2024-07-21T19:49:12.462+0800][1.888s][gc,marking  ] GC(16) Mark Stack Usage: 32M
[2024-07-21T19:49:12.462+0800][1.888s][gc,nmethod  ] GC(16) NMethods: 380 registered, 0 unregistered
[2024-07-21T19:49:12.462+0800][1.888s][gc,metaspace] GC(16) Metaspace: 1M used, 1M committed, 1032M reserved
[2024-07-21T19:49:12.462+0800][1.888s][gc,ref      ] GC(16) Soft: 93 encountered, 0 discovered, 0 enqueued
[2024-07-21T19:49:12.462+0800][1.888s][gc,ref      ] GC(16) Weak: 131 encountered, 94 discovered, 0 enqueued
[2024-07-21T19:49:12.462+0800][1.888s][gc,ref      ] GC(16) Final: 0 encountered, 0 discovered, 0 enqueued
[2024-07-21T19:49:12.462+0800][1.888s][gc,ref      ] GC(16) Phantom: 184 encountered, 65 discovered, 0 enqueued
[2024-07-21T19:49:12.462+0800][1.888s][gc,reloc    ] GC(16) Small Pages: 5 / 10M, Empty: 2M, Relocated: 1M, In-Place: 0
[2024-07-21T19:49:12.462+0800][1.888s][gc,reloc    ] GC(16) Medium Pages: 1 / 8M, Empty: 0M, Relocated: 0M, In-Place: 0
[2024-07-21T19:49:12.463+0800][1.888s][gc,reloc    ] GC(16) Large Pages: 60 / 120M, Empty: 118M, Relocated: 0M, In-Place: 0
[2024-07-21T19:49:12.463+0800][1.888s][gc,reloc    ] GC(16) Forwarding Usage: 0M
[2024-07-21T19:49:12.463+0800][1.888s][gc,heap     ] GC(16) Min Capacity: 8M(3%)
[2024-07-21T19:49:12.463+0800][1.888s][gc,heap     ] GC(16) Max Capacity: 256M(100%)
[2024-07-21T19:49:12.463+0800][1.888s][gc,heap     ] GC(16) Soft Max Capacity: 256M(100%)
[2024-07-21T19:49:12.463+0800][1.888s][gc,heap     ] GC(16)                Mark Start          Mark End        Relocate Start      Relocate End           High               Low         
[2024-07-21T19:49:12.463+0800][1.888s][gc,heap     ] GC(16)  Capacity:      256M (100%)        256M (100%)        256M (100%)        256M (100%)        256M (100%)        256M (100%)   
[2024-07-21T19:49:12.463+0800][1.888s][gc,heap     ] GC(16)      Free:      118M (46%)          98M (38%)         202M (79%)         202M (79%)         202M (79%)          82M (32%)    
[2024-07-21T19:49:12.463+0800][1.888s][gc,heap     ] GC(16)      Used:      138M (54%)         158M (62%)          54M (21%)          54M (21%)         174M (68%)          54M (21%)    
[2024-07-21T19:49:12.463+0800][1.888s][gc,heap     ] GC(16)      Live:         -                 6M (3%)            6M (3%)            6M (3%)             -                  -          
[2024-07-21T19:49:12.463+0800][1.888s][gc,heap     ] GC(16) Allocated:         -                20M (8%)           36M (14%)          36M (14%)            -                  -          
[2024-07-21T19:49:12.463+0800][1.888s][gc,heap     ] GC(16)   Garbage:         -               131M (51%)          11M (4%)           11M (4%)             -                  -          
[2024-07-21T19:49:12.463+0800][1.888s][gc,heap     ] GC(16) Reclaimed:         -                  -               120M (47%)         120M (47%)            -                  -          
[2024-07-21T19:49:12.463+0800][1.888s][gc          ] GC(16) Garbage Collection (Allocation Rate) 138M(54%)->54M(21%)
[2024-07-21T19:49:12.552+0800][1.977s][gc,start    ] GC(17) Garbage Collection (Allocation Rate)
[2024-07-21T19:49:12.552+0800][1.977s][gc,task     ] GC(17) Using 2 workers
[2024-07-21T19:49:12.553+0800][1.977s][gc,phases   ] GC(17) Pause Mark Start 0.029ms
[2024-07-21T19:49:12.568+0800][1.993s][gc,phases   ] GC(17) Concurrent Mark 15.208ms
[2024-07-21T19:49:12.568+0800][1.993s][gc,phases   ] GC(17) Pause Mark End 0.011ms
[2024-07-21T19:49:12.569+0800][1.993s][gc,phases   ] GC(17) Concurrent Mark Free 0.001ms
[2024-07-21T19:49:12.570+0800][1.994s][gc,phases   ] GC(17) Concurrent Process Non-Strong References 1.023ms
[2024-07-21T19:49:12.570+0800][1.994s][gc,phases   ] GC(17) Concurrent Reset Relocation Set 0.001ms
[2024-07-21T19:49:12.572+0800][1.997s][gc,phases   ] GC(17) Concurrent Select Relocation Set 2.684ms
[2024-07-21T19:49:12.573+0800][1.997s][gc,phases   ] GC(17) Pause Relocate Start 0.007ms
[2024-07-21T19:49:12.574+0800][1.998s][gc,phases   ] GC(17) Concurrent Relocate 0.885ms
[2024-07-21T19:49:12.574+0800][1.998s][gc,load     ] GC(17) Load: 0.00/0.00/0.00
[2024-07-21T19:49:12.574+0800][1.998s][gc,mmu      ] GC(17) MMU: 2ms/96.3%, 5ms/98.5%, 10ms/99.2%, 20ms/99.6%, 50ms/99.8%, 100ms/99.9%
[2024-07-21T19:49:12.574+0800][1.998s][gc,marking  ] GC(17) Mark: 2 stripe(s), 2 proactive flush(es), 1 terminate flush(es), 0 completion(s), 0 continuation(s) 
[2024-07-21T19:49:12.574+0800][1.998s][gc,marking  ] GC(17) Mark Stack Usage: 32M
[2024-07-21T19:49:12.574+0800][1.998s][gc,nmethod  ] GC(17) NMethods: 380 registered, 0 unregistered
[2024-07-21T19:49:12.574+0800][1.998s][gc,metaspace] GC(17) Metaspace: 1M used, 1M committed, 1032M reserved
[2024-07-21T19:49:12.574+0800][1.998s][gc,ref      ] GC(17) Soft: 93 encountered, 0 discovered, 0 enqueued
[2024-07-21T19:49:12.574+0800][1.998s][gc,ref      ] GC(17) Weak: 131 encountered, 108 discovered, 0 enqueued
[2024-07-21T19:49:12.574+0800][1.998s][gc,ref      ] GC(17) Final: 0 encountered, 0 discovered, 0 enqueued
[2024-07-21T19:49:12.574+0800][1.998s][gc,ref      ] GC(17) Phantom: 184 encountered, 159 discovered, 0 enqueued
[2024-07-21T19:49:12.574+0800][1.999s][gc,reloc    ] GC(17) Small Pages: 5 / 10M, Empty: 2M, Relocated: 1M, In-Place: 0
[2024-07-21T19:49:12.574+0800][1.999s][gc,reloc    ] GC(17) Medium Pages: 1 / 8M, Empty: 0M, Relocated: 0M, In-Place: 0
[2024-07-21T19:49:12.574+0800][1.999s][gc,reloc    ] GC(17) Large Pages: 71 / 142M, Empty: 136M, Relocated: 0M, In-Place: 0
[2024-07-21T19:49:12.574+0800][1.999s][gc,reloc    ] GC(17) Forwarding Usage: 0M
[2024-07-21T19:49:12.574+0800][1.999s][gc,heap     ] GC(17) Min Capacity: 8M(3%)
[2024-07-21T19:49:12.574+0800][1.999s][gc,heap     ] GC(17) Max Capacity: 256M(100%)
[2024-07-21T19:49:12.574+0800][1.999s][gc,heap     ] GC(17) Soft Max Capacity: 256M(100%)
[2024-07-21T19:49:12.574+0800][1.999s][gc,heap     ] GC(17)                Mark Start          Mark End        Relocate Start      Relocate End           High               Low         
[2024-07-21T19:49:12.574+0800][1.999s][gc,heap     ] GC(17)  Capacity:      256M (100%)        256M (100%)        256M (100%)        256M (100%)        256M (100%)        256M (100%)   
[2024-07-21T19:49:12.574+0800][1.999s][gc,heap     ] GC(17)      Free:       96M (38%)          74M (29%)         198M (77%)         198M (77%)         198M (77%)          64M (25%)    
[2024-07-21T19:49:12.574+0800][1.999s][gc,heap     ] GC(17)      Used:      160M (62%)         182M (71%)          58M (23%)          58M (23%)         192M (75%)          58M (23%)    
[2024-07-21T19:49:12.574+0800][1.999s][gc,heap     ] GC(17)      Live:         -                10M (4%)           10M (4%)           10M (4%)             -                  -          
[2024-07-21T19:49:12.574+0800][1.999s][gc,heap     ] GC(17) Allocated:         -                22M (9%)           36M (14%)          36M (14%)            -                  -          
[2024-07-21T19:49:12.574+0800][1.999s][gc,heap     ] GC(17)   Garbage:         -               149M (58%)          11M (4%)           11M (4%)             -                  -          
[2024-07-21T19:49:12.574+0800][1.999s][gc,heap     ] GC(17) Reclaimed:         -                  -               138M (54%)         138M (54%)            -                  -          
[2024-07-21T19:49:12.574+0800][1.999s][gc          ] GC(17) Garbage Collection (Allocation Rate) 160M(62%)->58M(23%)
[2024-07-21T19:49:12.647+0800][2.071s][gc,start    ] GC(18) Garbage Collection (Allocation Rate)
[2024-07-21T19:49:12.647+0800][2.071s][gc,task     ] GC(18) Using 2 workers
[2024-07-21T19:49:12.647+0800][2.072s][gc,phases   ] GC(18) Pause Mark Start 0.006ms
[2024-07-21T19:49:12.662+0800][2.087s][gc,phases   ] GC(18) Concurrent Mark 14.974ms
[2024-07-21T19:49:12.662+0800][2.087s][gc,phases   ] GC(18) Pause Mark End 0.011ms
[2024-07-21T19:49:12.663+0800][2.087s][gc,phases   ] GC(18) Concurrent Mark Free 0.003ms
[2024-07-21T19:49:12.664+0800][2.088s][gc,phases   ] GC(18) Concurrent Process Non-Strong References 0.995ms
[2024-07-21T19:49:12.664+0800][2.088s][gc,phases   ] GC(18) Concurrent Reset Relocation Set 0.001ms
[2024-07-21T19:49:12.666+0800][2.090s][gc,phases   ] GC(18) Concurrent Select Relocation Set 1.803ms
[2024-07-21T19:49:12.666+0800][2.090s][gc,phases   ] GC(18) Pause Relocate Start 0.006ms
[2024-07-21T19:49:12.667+0800][2.091s][gc,phases   ] GC(18) Concurrent Relocate 0.774ms
[2024-07-21T19:49:12.667+0800][2.091s][gc,load     ] GC(18) Load: 0.00/0.00/0.00
[2024-07-21T19:49:12.667+0800][2.091s][gc,mmu      ] GC(18) MMU: 2ms/96.3%, 5ms/98.5%, 10ms/99.2%, 20ms/99.6%, 50ms/99.8%, 100ms/99.9%
[2024-07-21T19:49:12.667+0800][2.091s][gc,marking  ] GC(18) Mark: 2 stripe(s), 2 proactive flush(es), 1 terminate flush(es), 0 completion(s), 0 continuation(s) 
[2024-07-21T19:49:12.667+0800][2.091s][gc,marking  ] GC(18) Mark Stack Usage: 32M
[2024-07-21T19:49:12.667+0800][2.091s][gc,nmethod  ] GC(18) NMethods: 380 registered, 0 unregistered
[2024-07-21T19:49:12.667+0800][2.091s][gc,metaspace] GC(18) Metaspace: 1M used, 1M committed, 1032M reserved
[2024-07-21T19:49:12.667+0800][2.091s][gc,ref      ] GC(18) Soft: 93 encountered, 0 discovered, 0 enqueued
[2024-07-21T19:49:12.667+0800][2.091s][gc,ref      ] GC(18) Weak: 131 encountered, 0 discovered, 0 enqueued
[2024-07-21T19:49:12.667+0800][2.091s][gc,ref      ] GC(18) Final: 0 encountered, 0 discovered, 0 enqueued
[2024-07-21T19:49:12.667+0800][2.091s][gc,ref      ] GC(18) Phantom: 184 encountered, 144 discovered, 0 enqueued
[2024-07-21T19:49:12.667+0800][2.091s][gc,reloc    ] GC(18) Small Pages: 5 / 10M, Empty: 2M, Relocated: 1M, In-Place: 0
[2024-07-21T19:49:12.667+0800][2.091s][gc,reloc    ] GC(18) Medium Pages: 1 / 8M, Empty: 0M, Relocated: 0M, In-Place: 0
[2024-07-21T19:49:12.667+0800][2.091s][gc,reloc    ] GC(18) Large Pages: 64 / 128M, Empty: 120M, Relocated: 0M, In-Place: 0
[2024-07-21T19:49:12.667+0800][2.092s][gc,reloc    ] GC(18) Forwarding Usage: 0M
[2024-07-21T19:49:12.667+0800][2.092s][gc,heap     ] GC(18) Min Capacity: 8M(3%)
[2024-07-21T19:49:12.667+0800][2.092s][gc,heap     ] GC(18) Max Capacity: 256M(100%)
[2024-07-21T19:49:12.667+0800][2.092s][gc,heap     ] GC(18) Soft Max Capacity: 256M(100%)
[2024-07-21T19:49:12.667+0800][2.092s][gc,heap     ] GC(18)                Mark Start          Mark End        Relocate Start      Relocate End           High               Low         
[2024-07-21T19:49:12.667+0800][2.092s][gc,heap     ] GC(18)  Capacity:      256M (100%)        256M (100%)        256M (100%)        256M (100%)        256M (100%)        256M (100%)   
[2024-07-21T19:49:12.667+0800][2.092s][gc,heap     ] GC(18)      Free:      110M (43%)          90M (35%)         198M (77%)         198M (77%)         198M (77%)          76M (30%)    
[2024-07-21T19:49:12.667+0800][2.092s][gc,heap     ] GC(18)      Used:      146M (57%)         166M (65%)          58M (23%)          58M (23%)         180M (70%)          58M (23%)    
[2024-07-21T19:49:12.667+0800][2.092s][gc,heap     ] GC(18)      Live:         -                12M (5%)           12M (5%)           12M (5%)             -                  -          
[2024-07-21T19:49:12.667+0800][2.092s][gc,heap     ] GC(18) Allocated:         -                20M (8%)           34M (13%)          34M (13%)            -                  -          
[2024-07-21T19:49:12.667+0800][2.092s][gc,heap     ] GC(18)   Garbage:         -               133M (52%)          11M (4%)           11M (4%)             -                  -          
[2024-07-21T19:49:12.667+0800][2.092s][gc,heap     ] GC(18) Reclaimed:         -                  -               122M (48%)         122M (48%)            -                  -          
[2024-07-21T19:49:12.667+0800][2.092s][gc          ] GC(18) Garbage Collection (Allocation Rate) 146M(57%)->58M(23%)
[2024-07-21T19:49:12.742+0800][2.166s][gc,start    ] GC(19) Garbage Collection (Allocation Rate)
[2024-07-21T19:49:12.742+0800][2.166s][gc,task     ] GC(19) Using 2 workers
[2024-07-21T19:49:12.742+0800][2.167s][gc,phases   ] GC(19) Pause Mark Start 0.011ms
[2024-07-21T19:49:12.758+0800][2.182s][gc,phases   ] GC(19) Concurrent Mark 15.488ms
[2024-07-21T19:49:12.758+0800][2.183s][gc,phases   ] GC(19) Pause Mark End 0.016ms
[2024-07-21T19:49:12.758+0800][2.183s][gc,phases   ] GC(19) Concurrent Mark Free 0.001ms
[2024-07-21T19:49:12.759+0800][2.184s][gc,phases   ] GC(19) Concurrent Process Non-Strong References 1.353ms
[2024-07-21T19:49:12.760+0800][2.184s][gc,phases   ] GC(19) Concurrent Reset Relocation Set 0.001ms
[2024-07-21T19:49:12.761+0800][2.186s][gc,phases   ] GC(19) Concurrent Select Relocation Set 1.678ms
[2024-07-21T19:49:12.761+0800][2.186s][gc,phases   ] GC(19) Pause Relocate Start 0.006ms
[2024-07-21T19:49:12.763+0800][2.187s][gc,phases   ] GC(19) Concurrent Relocate 1.026ms
[2024-07-21T19:49:12.763+0800][2.187s][gc,load     ] GC(19) Load: 0.00/0.00/0.00
[2024-07-21T19:49:12.763+0800][2.187s][gc,mmu      ] GC(19) MMU: 2ms/96.3%, 5ms/98.5%, 10ms/99.2%, 20ms/99.6%, 50ms/99.8%, 100ms/99.9%
[2024-07-21T19:49:12.763+0800][2.187s][gc,marking  ] GC(19) Mark: 2 stripe(s), 2 proactive flush(es), 1 terminate flush(es), 0 completion(s), 0 continuation(s) 
[2024-07-21T19:49:12.763+0800][2.187s][gc,marking  ] GC(19) Mark Stack Usage: 32M
[2024-07-21T19:49:12.763+0800][2.187s][gc,nmethod  ] GC(19) NMethods: 381 registered, 0 unregistered
[2024-07-21T19:49:12.763+0800][2.187s][gc,metaspace] GC(19) Metaspace: 1M used, 1M committed, 1032M reserved
[2024-07-21T19:49:12.763+0800][2.187s][gc,ref      ] GC(19) Soft: 93 encountered, 0 discovered, 0 enqueued
[2024-07-21T19:49:12.763+0800][2.187s][gc,ref      ] GC(19) Weak: 131 encountered, 63 discovered, 0 enqueued
[2024-07-21T19:49:12.763+0800][2.187s][gc,ref      ] GC(19) Final: 0 encountered, 0 discovered, 0 enqueued
[2024-07-21T19:49:12.763+0800][2.187s][gc,ref      ] GC(19) Phantom: 184 encountered, 131 discovered, 0 enqueued
[2024-07-21T19:49:12.763+0800][2.187s][gc,reloc    ] GC(19) Small Pages: 5 / 10M, Empty: 2M, Relocated: 1M, In-Place: 0
[2024-07-21T19:49:12.763+0800][2.188s][gc,reloc    ] GC(19) Medium Pages: 1 / 8M, Empty: 0M, Relocated: 0M, In-Place: 0
[2024-07-21T19:49:12.763+0800][2.188s][gc,reloc    ] GC(19) Large Pages: 63 / 126M, Empty: 120M, Relocated: 0M, In-Place: 0
[2024-07-21T19:49:12.763+0800][2.188s][gc,reloc    ] GC(19) Forwarding Usage: 0M
[2024-07-21T19:49:12.763+0800][2.188s][gc,heap     ] GC(19) Min Capacity: 8M(3%)
[2024-07-21T19:49:12.763+0800][2.188s][gc,heap     ] GC(19) Max Capacity: 256M(100%)
[2024-07-21T19:49:12.763+0800][2.188s][gc,heap     ] GC(19) Soft Max Capacity: 256M(100%)
[2024-07-21T19:49:12.763+0800][2.188s][gc,heap     ] GC(19)                Mark Start          Mark End        Relocate Start      Relocate End           High               Low         
[2024-07-21T19:49:12.763+0800][2.188s][gc,heap     ] GC(19)  Capacity:      256M (100%)        256M (100%)        256M (100%)        256M (100%)        256M (100%)        256M (100%)   
[2024-07-21T19:49:12.763+0800][2.188s][gc,heap     ] GC(19)      Free:      112M (44%)          92M (36%)         198M (77%)         198M (77%)         198M (77%)          76M (30%)    
[2024-07-21T19:49:12.763+0800][2.188s][gc,heap     ] GC(19)      Used:      144M (56%)         164M (64%)          58M (23%)          58M (23%)         180M (70%)          58M (23%)    
[2024-07-21T19:49:12.763+0800][2.188s][gc,heap     ] GC(19)      Live:         -                10M (4%)           10M (4%)           10M (4%)             -                  -          
[2024-07-21T19:49:12.763+0800][2.188s][gc,heap     ] GC(19) Allocated:         -                20M (8%)           36M (14%)          36M (14%)            -                  -          
[2024-07-21T19:49:12.763+0800][2.188s][gc,heap     ] GC(19)   Garbage:         -               133M (52%)          11M (4%)           11M (4%)             -                  -          
[2024-07-21T19:49:12.763+0800][2.188s][gc,heap     ] GC(19) Reclaimed:         -                  -               122M (48%)         122M (48%)            -                  -          
[2024-07-21T19:49:12.763+0800][2.188s][gc          ] GC(19) Garbage Collection (Allocation Rate) 144M(56%)->58M(23%)
[2024-07-21T19:49:12.853+0800][2.278s][gc,start    ] GC(20) Garbage Collection (Allocation Rate)
[2024-07-21T19:49:12.853+0800][2.278s][gc,task     ] GC(20) Using 2 workers
[2024-07-21T19:49:12.853+0800][2.278s][gc,phases   ] GC(20) Pause Mark Start 0.009ms
[2024-07-21T19:49:12.869+0800][2.294s][gc,phases   ] GC(20) Concurrent Mark 15.351ms
[2024-07-21T19:49:12.869+0800][2.294s][gc,phases   ] GC(20) Pause Mark End 0.011ms
[2024-07-21T19:49:12.869+0800][2.294s][gc,phases   ] GC(20) Concurrent Mark Free 0.001ms
[2024-07-21T19:49:12.870+0800][2.295s][gc,phases   ] GC(20) Concurrent Process Non-Strong References 0.870ms
[2024-07-21T19:49:12.870+0800][2.295s][gc,phases   ] GC(20) Concurrent Reset Relocation Set 0.001ms
[2024-07-21T19:49:12.872+0800][2.297s][gc,phases   ] GC(20) Concurrent Select Relocation Set 1.783ms
[2024-07-21T19:49:12.873+0800][2.298s][gc,phases   ] GC(20) Pause Relocate Start 0.007ms
[2024-07-21T19:49:12.873+0800][2.298s][gc,phases   ] GC(20) Concurrent Relocate 0.836ms
[2024-07-21T19:49:12.873+0800][2.298s][gc,load     ] GC(20) Load: 0.00/0.00/0.00
[2024-07-21T19:49:12.874+0800][2.299s][gc,mmu      ] GC(20) MMU: 2ms/96.3%, 5ms/98.5%, 10ms/99.2%, 20ms/99.6%, 50ms/99.8%, 100ms/99.9%
[2024-07-21T19:49:12.874+0800][2.299s][gc,marking  ] GC(20) Mark: 2 stripe(s), 2 proactive flush(es), 1 terminate flush(es), 0 completion(s), 0 continuation(s) 
[2024-07-21T19:49:12.874+0800][2.299s][gc,marking  ] GC(20) Mark Stack Usage: 32M
[2024-07-21T19:49:12.874+0800][2.299s][gc,nmethod  ] GC(20) NMethods: 382 registered, 0 unregistered
[2024-07-21T19:49:12.874+0800][2.299s][gc,metaspace] GC(20) Metaspace: 1M used, 1M committed, 1032M reserved
[2024-07-21T19:49:12.874+0800][2.299s][gc,ref      ] GC(20) Soft: 93 encountered, 0 discovered, 0 enqueued
[2024-07-21T19:49:12.874+0800][2.299s][gc,ref      ] GC(20) Weak: 131 encountered, 0 discovered, 0 enqueued
[2024-07-21T19:49:12.874+0800][2.299s][gc,ref      ] GC(20) Final: 0 encountered, 0 discovered, 0 enqueued
[2024-07-21T19:49:12.874+0800][2.299s][gc,ref      ] GC(20) Phantom: 184 encountered, 112 discovered, 0 enqueued
[2024-07-21T19:49:12.874+0800][2.299s][gc,reloc    ] GC(20) Small Pages: 5 / 10M, Empty: 2M, Relocated: 1M, In-Place: 0
[2024-07-21T19:49:12.874+0800][2.299s][gc,reloc    ] GC(20) Medium Pages: 1 / 8M, Empty: 0M, Relocated: 0M, In-Place: 0
[2024-07-21T19:49:12.874+0800][2.299s][gc,reloc    ] GC(20) Large Pages: 73 / 146M, Empty: 144M, Relocated: 0M, In-Place: 0
[2024-07-21T19:49:12.874+0800][2.299s][gc,reloc    ] GC(20) Forwarding Usage: 0M
[2024-07-21T19:49:12.874+0800][2.299s][gc,heap     ] GC(20) Min Capacity: 8M(3%)
[2024-07-21T19:49:12.874+0800][2.299s][gc,heap     ] GC(20) Max Capacity: 256M(100%)
[2024-07-21T19:49:12.874+0800][2.299s][gc,heap     ] GC(20) Soft Max Capacity: 256M(100%)
[2024-07-21T19:49:12.874+0800][2.299s][gc,heap     ] GC(20)                Mark Start          Mark End        Relocate Start      Relocate End           High               Low         
[2024-07-21T19:49:12.874+0800][2.299s][gc,heap     ] GC(20)  Capacity:      256M (100%)        256M (100%)        256M (100%)        256M (100%)        256M (100%)        256M (100%)   
[2024-07-21T19:49:12.874+0800][2.299s][gc,heap     ] GC(20)      Free:       92M (36%)          72M (28%)         202M (79%)         202M (79%)         202M (79%)          60M (23%)    
[2024-07-21T19:49:12.874+0800][2.299s][gc,heap     ] GC(20)      Used:      164M (64%)         184M (72%)          54M (21%)          54M (21%)         196M (77%)          54M (21%)    
[2024-07-21T19:49:12.874+0800][2.299s][gc,heap     ] GC(20)      Live:         -                 6M (3%)            6M (3%)            6M (3%)             -                  -          
[2024-07-21T19:49:12.874+0800][2.299s][gc,heap     ] GC(20) Allocated:         -                20M (8%)           36M (14%)          36M (14%)            -                  -          
[2024-07-21T19:49:12.874+0800][2.299s][gc,heap     ] GC(20)   Garbage:         -               157M (61%)          11M (4%)           11M (4%)             -                  -          
[2024-07-21T19:49:12.874+0800][2.299s][gc,heap     ] GC(20) Reclaimed:         -                  -               146M (57%)         146M (57%)            -                  -          
[2024-07-21T19:49:12.874+0800][2.299s][gc          ] GC(20) Garbage Collection (Allocation Rate) 164M(64%)->54M(21%)
[2024-07-21T19:49:12.948+0800][2.373s][gc,start    ] GC(21) Garbage Collection (Allocation Rate)
[2024-07-21T19:49:12.948+0800][2.373s][gc,task     ] GC(21) Using 2 workers
[2024-07-21T19:49:12.948+0800][2.373s][gc,phases   ] GC(21) Pause Mark Start 0.006ms
[2024-07-21T19:49:12.964+0800][2.389s][gc,phases   ] GC(21) Concurrent Mark 15.701ms
[2024-07-21T19:49:12.964+0800][2.389s][gc,phases   ] GC(21) Pause Mark End 0.021ms
[2024-07-21T19:49:12.965+0800][2.389s][gc,phases   ] GC(21) Concurrent Mark Free 0.001ms
[2024-07-21T19:49:12.966+0800][2.391s][gc,phases   ] GC(21) Concurrent Process Non-Strong References 1.470ms
[2024-07-21T19:49:12.966+0800][2.391s][gc,phases   ] GC(21) Concurrent Reset Relocation Set 0.001ms
[2024-07-21T19:49:12.969+0800][2.393s][gc,phases   ] GC(21) Concurrent Select Relocation Set 2.418ms
[2024-07-21T19:49:12.969+0800][2.393s][gc,phases   ] GC(21) Pause Relocate Start 0.018ms
[2024-07-21T19:49:12.970+0800][2.394s][gc,phases   ] GC(21) Concurrent Relocate 0.894ms
[2024-07-21T19:49:12.970+0800][2.395s][gc,load     ] GC(21) Load: 0.00/0.00/0.00
[2024-07-21T19:49:12.970+0800][2.395s][gc,mmu      ] GC(21) MMU: 2ms/96.3%, 5ms/98.5%, 10ms/99.2%, 20ms/99.6%, 50ms/99.8%, 100ms/99.9%
[2024-07-21T19:49:12.970+0800][2.395s][gc,marking  ] GC(21) Mark: 2 stripe(s), 2 proactive flush(es), 1 terminate flush(es), 0 completion(s), 0 continuation(s) 
[2024-07-21T19:49:12.970+0800][2.395s][gc,marking  ] GC(21) Mark Stack Usage: 32M
[2024-07-21T19:49:12.970+0800][2.395s][gc,nmethod  ] GC(21) NMethods: 388 registered, 0 unregistered
[2024-07-21T19:49:12.970+0800][2.395s][gc,metaspace] GC(21) Metaspace: 1M used, 1M committed, 1032M reserved
[2024-07-21T19:49:12.970+0800][2.395s][gc,ref      ] GC(21) Soft: 93 encountered, 0 discovered, 0 enqueued
[2024-07-21T19:49:12.970+0800][2.395s][gc,ref      ] GC(21) Weak: 131 encountered, 94 discovered, 0 enqueued
[2024-07-21T19:49:12.970+0800][2.395s][gc,ref      ] GC(21) Final: 0 encountered, 0 discovered, 0 enqueued
[2024-07-21T19:49:12.970+0800][2.395s][gc,ref      ] GC(21) Phantom: 184 encountered, 143 discovered, 0 enqueued
[2024-07-21T19:49:12.970+0800][2.395s][gc,reloc    ] GC(21) Small Pages: 5 / 10M, Empty: 2M, Relocated: 1M, In-Place: 0
[2024-07-21T19:49:12.970+0800][2.395s][gc,reloc    ] GC(21) Medium Pages: 1 / 8M, Empty: 0M, Relocated: 0M, In-Place: 0
[2024-07-21T19:49:12.970+0800][2.395s][gc,reloc    ] GC(21) Large Pages: 61 / 122M, Empty: 120M, Relocated: 0M, In-Place: 0
[2024-07-21T19:49:12.970+0800][2.395s][gc,reloc    ] GC(21) Forwarding Usage: 0M
[2024-07-21T19:49:12.970+0800][2.395s][gc,heap     ] GC(21) Min Capacity: 8M(3%)
[2024-07-21T19:49:12.970+0800][2.395s][gc,heap     ] GC(21) Max Capacity: 256M(100%)
[2024-07-21T19:49:12.970+0800][2.395s][gc,heap     ] GC(21) Soft Max Capacity: 256M(100%)
[2024-07-21T19:49:12.970+0800][2.395s][gc,heap     ] GC(21)                Mark Start          Mark End        Relocate Start      Relocate End           High               Low         
[2024-07-21T19:49:12.970+0800][2.395s][gc,heap     ] GC(21)  Capacity:      256M (100%)        256M (100%)        256M (100%)        256M (100%)        256M (100%)        256M (100%)   
[2024-07-21T19:49:12.970+0800][2.395s][gc,heap     ] GC(21)      Free:      116M (45%)          96M (38%)         202M (79%)         202M (79%)         202M (79%)          80M (31%)    
[2024-07-21T19:49:12.970+0800][2.395s][gc,heap     ] GC(21)      Used:      140M (55%)         160M (62%)          54M (21%)          54M (21%)         176M (69%)          54M (21%)    
[2024-07-21T19:49:12.970+0800][2.395s][gc,heap     ] GC(21)      Live:         -                 6M (3%)            6M (3%)            6M (3%)             -                  -          
[2024-07-21T19:49:12.970+0800][2.395s][gc,heap     ] GC(21) Allocated:         -                20M (8%)           36M (14%)          36M (14%)            -                  -          
[2024-07-21T19:49:12.970+0800][2.395s][gc,heap     ] GC(21)   Garbage:         -               133M (52%)          11M (4%)           11M (4%)             -                  -          
[2024-07-21T19:49:12.970+0800][2.395s][gc,heap     ] GC(21) Reclaimed:         -                  -               122M (48%)         122M (48%)            -                  -          
[2024-07-21T19:49:12.970+0800][2.395s][gc          ] GC(21) Garbage Collection (Allocation Rate) 140M(55%)->54M(21%)
[2024-07-21T19:49:13.043+0800][2.468s][gc,start    ] GC(22) Garbage Collection (Allocation Rate)
[2024-07-21T19:49:13.043+0800][2.468s][gc,task     ] GC(22) Using 2 workers
[2024-07-21T19:49:13.043+0800][2.468s][gc,phases   ] GC(22) Pause Mark Start 0.009ms
[2024-07-21T19:49:13.059+0800][2.484s][gc,phases   ] GC(22) Concurrent Mark 15.265ms
[2024-07-21T19:49:13.059+0800][2.484s][gc,phases   ] GC(22) Pause Mark End 0.011ms
[2024-07-21T19:49:13.059+0800][2.484s][gc,phases   ] GC(22) Concurrent Mark Free 0.001ms
[2024-07-21T19:49:13.061+0800][2.485s][gc,phases   ] GC(22) Concurrent Process Non-Strong References 1.118ms
[2024-07-21T19:49:13.061+0800][2.485s][gc,phases   ] GC(22) Concurrent Reset Relocation Set 0.001ms
[2024-07-21T19:49:13.062+0800][2.487s][gc,phases   ] GC(22) Concurrent Select Relocation Set 1.655ms
[2024-07-21T19:49:13.062+0800][2.487s][gc,phases   ] GC(22) Pause Relocate Start 0.006ms
[2024-07-21T19:49:13.063+0800][2.488s][gc,phases   ] GC(22) Concurrent Relocate 0.770ms
[2024-07-21T19:49:13.063+0800][2.488s][gc,load     ] GC(22) Load: 0.00/0.00/0.00
[2024-07-21T19:49:13.063+0800][2.488s][gc,mmu      ] GC(22) MMU: 2ms/96.3%, 5ms/98.5%, 10ms/99.2%, 20ms/99.6%, 50ms/99.8%, 100ms/99.9%
[2024-07-21T19:49:13.063+0800][2.488s][gc,marking  ] GC(22) Mark: 2 stripe(s), 2 proactive flush(es), 1 terminate flush(es), 0 completion(s), 0 continuation(s) 
[2024-07-21T19:49:13.063+0800][2.488s][gc,marking  ] GC(22) Mark Stack Usage: 32M
[2024-07-21T19:49:13.063+0800][2.488s][gc,nmethod  ] GC(22) NMethods: 388 registered, 0 unregistered
[2024-07-21T19:49:13.063+0800][2.488s][gc,metaspace] GC(22) Metaspace: 1M used, 1M committed, 1032M reserved
[2024-07-21T19:49:13.064+0800][2.488s][gc,ref      ] GC(22) Soft: 93 encountered, 0 discovered, 0 enqueued
[2024-07-21T19:49:13.064+0800][2.488s][gc,ref      ] GC(22) Weak: 131 encountered, 108 discovered, 0 enqueued
[2024-07-21T19:49:13.064+0800][2.488s][gc,ref      ] GC(22) Final: 0 encountered, 0 discovered, 0 enqueued
[2024-07-21T19:49:13.064+0800][2.488s][gc,ref      ] GC(22) Phantom: 184 encountered, 157 discovered, 0 enqueued
[2024-07-21T19:49:13.064+0800][2.488s][gc,reloc    ] GC(22) Small Pages: 5 / 10M, Empty: 2M, Relocated: 1M, In-Place: 0
[2024-07-21T19:49:13.064+0800][2.488s][gc,reloc    ] GC(22) Medium Pages: 1 / 8M, Empty: 0M, Relocated: 0M, In-Place: 0
[2024-07-21T19:49:13.064+0800][2.488s][gc,reloc    ] GC(22) Large Pages: 61 / 122M, Empty: 120M, Relocated: 0M, In-Place: 0
[2024-07-21T19:49:13.064+0800][2.488s][gc,reloc    ] GC(22) Forwarding Usage: 0M
[2024-07-21T19:49:13.064+0800][2.488s][gc,heap     ] GC(22) Min Capacity: 8M(3%)
[2024-07-21T19:49:13.064+0800][2.488s][gc,heap     ] GC(22) Max Capacity: 256M(100%)
[2024-07-21T19:49:13.064+0800][2.488s][gc,heap     ] GC(22) Soft Max Capacity: 256M(100%)
[2024-07-21T19:49:13.064+0800][2.488s][gc,heap     ] GC(22)                Mark Start          Mark End        Relocate Start      Relocate End           High               Low         
[2024-07-21T19:49:13.064+0800][2.488s][gc,heap     ] GC(22)  Capacity:      256M (100%)        256M (100%)        256M (100%)        256M (100%)        256M (100%)        256M (100%)   
[2024-07-21T19:49:13.064+0800][2.488s][gc,heap     ] GC(22)      Free:      116M (45%)          98M (38%)         202M (79%)         202M (79%)         202M (79%)          80M (31%)    
[2024-07-21T19:49:13.064+0800][2.488s][gc,heap     ] GC(22)      Used:      140M (55%)         158M (62%)          54M (21%)          54M (21%)         176M (69%)          54M (21%)    
[2024-07-21T19:49:13.064+0800][2.488s][gc,heap     ] GC(22)      Live:         -                 6M (3%)            6M (3%)            6M (3%)             -                  -          
[2024-07-21T19:49:13.064+0800][2.488s][gc,heap     ] GC(22) Allocated:         -                18M (7%)           36M (14%)          36M (14%)            -                  -          
[2024-07-21T19:49:13.064+0800][2.488s][gc,heap     ] GC(22)   Garbage:         -               133M (52%)          11M (4%)           11M (4%)             -                  -          
[2024-07-21T19:49:13.064+0800][2.488s][gc,heap     ] GC(22) Reclaimed:         -                  -               122M (48%)         122M (48%)            -                  -          
[2024-07-21T19:49:13.064+0800][2.488s][gc          ] GC(22) Garbage Collection (Allocation Rate) 140M(55%)->54M(21%)
[2024-07-21T19:49:13.154+0800][2.578s][gc,start    ] GC(23) Garbage Collection (Allocation Rate)
[2024-07-21T19:49:13.154+0800][2.578s][gc,task     ] GC(23) Using 2 workers
[2024-07-21T19:49:13.154+0800][2.578s][gc,phases   ] GC(23) Pause Mark Start 0.005ms
[2024-07-21T19:49:13.169+0800][2.594s][gc,phases   ] GC(23) Concurrent Mark 14.937ms
[2024-07-21T19:49:13.169+0800][2.594s][gc,phases   ] GC(23) Pause Mark End 0.011ms
[2024-07-21T19:49:13.169+0800][2.594s][gc,phases   ] GC(23) Concurrent Mark Free 0.001ms
[2024-07-21T19:49:13.171+0800][2.595s][gc,phases   ] GC(23) Concurrent Process Non-Strong References 1.396ms
[2024-07-21T19:49:13.171+0800][2.595s][gc,phases   ] GC(23) Concurrent Reset Relocation Set 0.001ms
[2024-07-21T19:49:13.173+0800][2.598s][gc,phases   ] GC(23) Concurrent Select Relocation Set 2.112ms
[2024-07-21T19:49:13.173+0800][2.598s][gc,phases   ] GC(23) Pause Relocate Start 0.011ms
[2024-07-21T19:49:13.174+0800][2.599s][gc,phases   ] GC(23) Concurrent Relocate 0.963ms
[2024-07-21T19:49:13.174+0800][2.599s][gc,load     ] GC(23) Load: 0.00/0.00/0.00
[2024-07-21T19:49:13.174+0800][2.599s][gc,mmu      ] GC(23) MMU: 2ms/96.3%, 5ms/98.5%, 10ms/99.2%, 20ms/99.6%, 50ms/99.8%, 100ms/99.9%
[2024-07-21T19:49:13.174+0800][2.599s][gc,marking  ] GC(23) Mark: 2 stripe(s), 2 proactive flush(es), 1 terminate flush(es), 0 completion(s), 0 continuation(s) 
[2024-07-21T19:49:13.174+0800][2.599s][gc,marking  ] GC(23) Mark Stack Usage: 32M
[2024-07-21T19:49:13.174+0800][2.599s][gc,nmethod  ] GC(23) NMethods: 390 registered, 0 unregistered
[2024-07-21T19:49:13.174+0800][2.599s][gc,metaspace] GC(23) Metaspace: 1M used, 1M committed, 1032M reserved
[2024-07-21T19:49:13.174+0800][2.599s][gc,ref      ] GC(23) Soft: 93 encountered, 0 discovered, 0 enqueued
[2024-07-21T19:49:13.174+0800][2.599s][gc,ref      ] GC(23) Weak: 131 encountered, 0 discovered, 0 enqueued
[2024-07-21T19:49:13.174+0800][2.599s][gc,ref      ] GC(23) Final: 0 encountered, 0 discovered, 0 enqueued
[2024-07-21T19:49:13.174+0800][2.599s][gc,ref      ] GC(23) Phantom: 184 encountered, 133 discovered, 0 enqueued
[2024-07-21T19:49:13.174+0800][2.599s][gc,reloc    ] GC(23) Small Pages: 5 / 10M, Empty: 2M, Relocated: 1M, In-Place: 0
[2024-07-21T19:49:13.174+0800][2.599s][gc,reloc    ] GC(23) Medium Pages: 1 / 8M, Empty: 0M, Relocated: 0M, In-Place: 0
[2024-07-21T19:49:13.174+0800][2.599s][gc,reloc    ] GC(23) Large Pages: 70 / 140M, Empty: 136M, Relocated: 0M, In-Place: 0
[2024-07-21T19:49:13.174+0800][2.599s][gc,reloc    ] GC(23) Forwarding Usage: 0M
[2024-07-21T19:49:13.175+0800][2.599s][gc,heap     ] GC(23) Min Capacity: 8M(3%)
[2024-07-21T19:49:13.175+0800][2.599s][gc,heap     ] GC(23) Max Capacity: 256M(100%)
[2024-07-21T19:49:13.175+0800][2.599s][gc,heap     ] GC(23) Soft Max Capacity: 256M(100%)
[2024-07-21T19:49:13.175+0800][2.599s][gc,heap     ] GC(23)                Mark Start          Mark End        Relocate Start      Relocate End           High               Low         
[2024-07-21T19:49:13.175+0800][2.599s][gc,heap     ] GC(23)  Capacity:      256M (100%)        256M (100%)        256M (100%)        256M (100%)        256M (100%)        256M (100%)   
[2024-07-21T19:49:13.175+0800][2.599s][gc,heap     ] GC(23)      Free:       98M (38%)          74M (29%)         198M (77%)         198M (77%)         198M (77%)          60M (23%)    
[2024-07-21T19:49:13.175+0800][2.599s][gc,heap     ] GC(23)      Used:      158M (62%)         182M (71%)          58M (23%)          58M (23%)         196M (77%)          58M (23%)    
[2024-07-21T19:49:13.175+0800][2.599s][gc,heap     ] GC(23)      Live:         -                 8M (3%)            8M (3%)            8M (3%)             -                  -          
[2024-07-21T19:49:13.175+0800][2.599s][gc,heap     ] GC(23) Allocated:         -                24M (9%)           38M (15%)          38M (15%)            -                  -          
[2024-07-21T19:49:13.175+0800][2.599s][gc,heap     ] GC(23)   Garbage:         -               149M (58%)          11M (4%)           11M (4%)             -                  -          
[2024-07-21T19:49:13.175+0800][2.599s][gc,heap     ] GC(23) Reclaimed:         -                  -               138M (54%)         138M (54%)            -                  -          
[2024-07-21T19:49:13.175+0800][2.599s][gc          ] GC(23) Garbage Collection (Allocation Rate) 158M(62%)->58M(23%)
[2024-07-21T19:49:13.249+0800][2.674s][gc,start    ] GC(24) Garbage Collection (Allocation Rate)
[2024-07-21T19:49:13.249+0800][2.674s][gc,task     ] GC(24) Using 2 workers
[2024-07-21T19:49:13.249+0800][2.674s][gc,phases   ] GC(24) Pause Mark Start 0.009ms
[2024-07-21T19:49:13.265+0800][2.690s][gc,phases   ] GC(24) Concurrent Mark 15.313ms
[2024-07-21T19:49:13.265+0800][2.690s][gc,phases   ] GC(24) Pause Mark End 0.011ms
[2024-07-21T19:49:13.265+0800][2.690s][gc,phases   ] GC(24) Concurrent Mark Free 0.002ms
[2024-07-21T19:49:13.267+0800][2.691s][gc,phases   ] GC(24) Concurrent Process Non-Strong References 1.071ms
[2024-07-21T19:49:13.267+0800][2.691s][gc,phases   ] GC(24) Concurrent Reset Relocation Set 0.001ms
[2024-07-21T19:49:13.268+0800][2.693s][gc,phases   ] GC(24) Concurrent Select Relocation Set 1.598ms
[2024-07-21T19:49:13.268+0800][2.693s][gc,phases   ] GC(24) Pause Relocate Start 0.006ms
[2024-07-21T19:49:13.269+0800][2.694s][gc,phases   ] GC(24) Concurrent Relocate 0.755ms
[2024-07-21T19:49:13.269+0800][2.694s][gc,load     ] GC(24) Load: 0.00/0.00/0.00
[2024-07-21T19:49:13.269+0800][2.694s][gc,mmu      ] GC(24) MMU: 2ms/96.3%, 5ms/98.5%, 10ms/99.2%, 20ms/99.6%, 50ms/99.8%, 100ms/99.9%
[2024-07-21T19:49:13.269+0800][2.694s][gc,marking  ] GC(24) Mark: 2 stripe(s), 2 proactive flush(es), 1 terminate flush(es), 0 completion(s), 0 continuation(s) 
[2024-07-21T19:49:13.269+0800][2.694s][gc,marking  ] GC(24) Mark Stack Usage: 32M
[2024-07-21T19:49:13.269+0800][2.694s][gc,nmethod  ] GC(24) NMethods: 390 registered, 0 unregistered
[2024-07-21T19:49:13.269+0800][2.694s][gc,metaspace] GC(24) Metaspace: 1M used, 1M committed, 1032M reserved
[2024-07-21T19:49:13.269+0800][2.694s][gc,ref      ] GC(24) Soft: 93 encountered, 0 discovered, 0 enqueued
[2024-07-21T19:49:13.269+0800][2.694s][gc,ref      ] GC(24) Weak: 131 encountered, 0 discovered, 0 enqueued
[2024-07-21T19:49:13.269+0800][2.694s][gc,ref      ] GC(24) Final: 0 encountered, 0 discovered, 0 enqueued
[2024-07-21T19:49:13.269+0800][2.694s][gc,ref      ] GC(24) Phantom: 184 encountered, 118 discovered, 0 enqueued
[2024-07-21T19:49:13.269+0800][2.694s][gc,reloc    ] GC(24) Small Pages: 5 / 10M, Empty: 2M, Relocated: 1M, In-Place: 0
[2024-07-21T19:49:13.269+0800][2.694s][gc,reloc    ] GC(24) Medium Pages: 1 / 8M, Empty: 0M, Relocated: 0M, In-Place: 0
[2024-07-21T19:49:13.269+0800][2.694s][gc,reloc    ] GC(24) Large Pages: 63 / 126M, Empty: 120M, Relocated: 0M, In-Place: 0
[2024-07-21T19:49:13.269+0800][2.694s][gc,reloc    ] GC(24) Forwarding Usage: 0M
[2024-07-21T19:49:13.269+0800][2.694s][gc,heap     ] GC(24) Min Capacity: 8M(3%)
[2024-07-21T19:49:13.269+0800][2.694s][gc,heap     ] GC(24) Max Capacity: 256M(100%)
[2024-07-21T19:49:13.269+0800][2.694s][gc,heap     ] GC(24) Soft Max Capacity: 256M(100%)
[2024-07-21T19:49:13.270+0800][2.694s][gc,heap     ] GC(24)                Mark Start          Mark End        Relocate Start      Relocate End           High               Low         
[2024-07-21T19:49:13.270+0800][2.694s][gc,heap     ] GC(24)  Capacity:      256M (100%)        256M (100%)        256M (100%)        256M (100%)        256M (100%)        256M (100%)   
[2024-07-21T19:49:13.270+0800][2.694s][gc,heap     ] GC(24)      Free:      112M (44%)          94M (37%)         198M (77%)         198M (77%)         198M (77%)          76M (30%)    
[2024-07-21T19:49:13.270+0800][2.694s][gc,heap     ] GC(24)      Used:      144M (56%)         162M (63%)          58M (23%)          58M (23%)         180M (70%)          58M (23%)    
[2024-07-21T19:49:13.270+0800][2.694s][gc,heap     ] GC(24)      Live:         -                10M (4%)           10M (4%)           10M (4%)             -                  -          
[2024-07-21T19:49:13.270+0800][2.694s][gc,heap     ] GC(24) Allocated:         -                18M (7%)           36M (14%)          36M (14%)            -                  -          
[2024-07-21T19:49:13.270+0800][2.694s][gc,heap     ] GC(24)   Garbage:         -               133M (52%)          11M (4%)           11M (4%)             -                  -          
[2024-07-21T19:49:13.270+0800][2.694s][gc,heap     ] GC(24) Reclaimed:         -                  -               122M (48%)         122M (48%)            -                  -          
[2024-07-21T19:49:13.270+0800][2.694s][gc          ] GC(24) Garbage Collection (Allocation Rate) 144M(56%)->58M(23%)
[2024-07-21T19:49:13.345+0800][2.769s][gc,start    ] GC(25) Garbage Collection (Allocation Rate)
[2024-07-21T19:49:13.345+0800][2.769s][gc,task     ] GC(25) Using 2 workers
[2024-07-21T19:49:13.345+0800][2.770s][gc,phases   ] GC(25) Pause Mark Start 0.013ms
[2024-07-21T19:49:13.360+0800][2.785s][gc,phases   ] GC(25) Concurrent Mark 14.759ms
[2024-07-21T19:49:13.360+0800][2.785s][gc,phases   ] GC(25) Pause Mark End 0.018ms
[2024-07-21T19:49:13.360+0800][2.785s][gc,phases   ] GC(25) Concurrent Mark Free 0.001ms
[2024-07-21T19:49:13.361+0800][2.786s][gc,phases   ] GC(25) Concurrent Process Non-Strong References 1.156ms
[2024-07-21T19:49:13.362+0800][2.786s][gc,phases   ] GC(25) Concurrent Reset Relocation Set 0.001ms
[2024-07-21T19:49:13.365+0800][2.790s][gc,phases   ] GC(25) Concurrent Select Relocation Set 3.351ms
[2024-07-21T19:49:13.365+0800][2.790s][gc,phases   ] GC(25) Pause Relocate Start 0.007ms
[2024-07-21T19:49:13.366+0800][2.791s][gc,phases   ] GC(25) Concurrent Relocate 0.970ms
[2024-07-21T19:49:13.366+0800][2.791s][gc,load     ] GC(25) Load: 0.00/0.00/0.00
[2024-07-21T19:49:13.366+0800][2.791s][gc,mmu      ] GC(25) MMU: 2ms/96.3%, 5ms/98.5%, 10ms/99.2%, 20ms/99.6%, 50ms/99.8%, 100ms/99.9%
[2024-07-21T19:49:13.366+0800][2.791s][gc,marking  ] GC(25) Mark: 2 stripe(s), 2 proactive flush(es), 1 terminate flush(es), 0 completion(s), 0 continuation(s) 
[2024-07-21T19:49:13.366+0800][2.791s][gc,marking  ] GC(25) Mark Stack Usage: 32M
[2024-07-21T19:49:13.366+0800][2.791s][gc,nmethod  ] GC(25) NMethods: 391 registered, 0 unregistered
[2024-07-21T19:49:13.366+0800][2.791s][gc,metaspace] GC(25) Metaspace: 1M used, 1M committed, 1032M reserved
[2024-07-21T19:49:13.366+0800][2.791s][gc,ref      ] GC(25) Soft: 93 encountered, 0 discovered, 0 enqueued
[2024-07-21T19:49:13.366+0800][2.791s][gc,ref      ] GC(25) Weak: 131 encountered, 13 discovered, 0 enqueued
[2024-07-21T19:49:13.366+0800][2.791s][gc,ref      ] GC(25) Final: 0 encountered, 0 discovered, 0 enqueued
[2024-07-21T19:49:13.366+0800][2.791s][gc,ref      ] GC(25) Phantom: 184 encountered, 144 discovered, 0 enqueued
[2024-07-21T19:49:13.366+0800][2.791s][gc,reloc    ] GC(25) Small Pages: 5 / 10M, Empty: 0M, Relocated: 1M, In-Place: 0
[2024-07-21T19:49:13.366+0800][2.791s][gc,reloc    ] GC(25) Medium Pages: 1 / 8M, Empty: 0M, Relocated: 0M, In-Place: 0
[2024-07-21T19:49:13.366+0800][2.791s][gc,reloc    ] GC(25) Large Pages: 61 / 122M, Empty: 120M, Relocated: 0M, In-Place: 0
[2024-07-21T19:49:13.366+0800][2.791s][gc,reloc    ] GC(25) Forwarding Usage: 0M
[2024-07-21T19:49:13.366+0800][2.791s][gc,heap     ] GC(25) Min Capacity: 8M(3%)
[2024-07-21T19:49:13.366+0800][2.791s][gc,heap     ] GC(25) Max Capacity: 256M(100%)
[2024-07-21T19:49:13.367+0800][2.791s][gc,heap     ] GC(25) Soft Max Capacity: 256M(100%)
[2024-07-21T19:49:13.367+0800][2.791s][gc,heap     ] GC(25)                Mark Start          Mark End        Relocate Start      Relocate End           High               Low         
[2024-07-21T19:49:13.367+0800][2.791s][gc,heap     ] GC(25)  Capacity:      256M (100%)        256M (100%)        256M (100%)        256M (100%)        256M (100%)        256M (100%)   
[2024-07-21T19:49:13.367+0800][2.791s][gc,heap     ] GC(25)      Free:      116M (45%)          94M (37%)         196M (77%)         198M (77%)         198M (77%)          76M (30%)    
[2024-07-21T19:49:13.367+0800][2.791s][gc,heap     ] GC(25)      Used:      140M (55%)         162M (63%)          60M (23%)          58M (23%)         180M (70%)          58M (23%)    
[2024-07-21T19:49:13.367+0800][2.791s][gc,heap     ] GC(25)      Live:         -                 6M (3%)            6M (3%)            6M (3%)             -                  -          
[2024-07-21T19:49:13.367+0800][2.791s][gc,heap     ] GC(25) Allocated:         -                22M (9%)           40M (16%)          40M (16%)            -                  -          
[2024-07-21T19:49:13.367+0800][2.791s][gc,heap     ] GC(25)   Garbage:         -               133M (52%)          13M (5%)           11M (4%)             -                  -          
[2024-07-21T19:49:13.367+0800][2.791s][gc,heap     ] GC(25) Reclaimed:         -                  -               120M (47%)         122M (48%)            -                  -          
[2024-07-21T19:49:13.367+0800][2.791s][gc          ] GC(25) Garbage Collection (Allocation Rate) 140M(55%)->58M(23%)
[2024-07-21T19:49:13.453+0800][2.878s][gc,start    ] GC(26) Garbage Collection (Allocation Rate)
[2024-07-21T19:49:13.453+0800][2.878s][gc,task     ] GC(26) Using 2 workers
[2024-07-21T19:49:13.453+0800][2.878s][gc,phases   ] GC(26) Pause Mark Start 0.009ms
[2024-07-21T19:49:13.468+0800][2.893s][gc,phases   ] GC(26) Concurrent Mark 14.837ms
[2024-07-21T19:49:13.468+0800][2.893s][gc,phases   ] GC(26) Pause Mark End 0.011ms
[2024-07-21T19:49:13.468+0800][2.893s][gc,phases   ] GC(26) Concurrent Mark Free 0.001ms
[2024-07-21T19:49:13.469+0800][2.894s][gc,phases   ] GC(26) Concurrent Process Non-Strong References 1.110ms
[2024-07-21T19:49:13.470+0800][2.895s][gc,phases   ] GC(26) Concurrent Reset Relocation Set 0.001ms
[2024-07-21T19:49:13.471+0800][2.896s][gc,phases   ] GC(26) Concurrent Select Relocation Set 1.905ms
[2024-07-21T19:49:13.472+0800][2.897s][gc,phases   ] GC(26) Pause Relocate Start 0.006ms
[2024-07-21T19:49:13.472+0800][2.897s][gc,phases   ] GC(26) Concurrent Relocate 0.726ms
[2024-07-21T19:49:13.472+0800][2.897s][gc,load     ] GC(26) Load: 0.00/0.00/0.00
[2024-07-21T19:49:13.472+0800][2.897s][gc,mmu      ] GC(26) MMU: 2ms/96.3%, 5ms/98.5%, 10ms/99.2%, 20ms/99.6%, 50ms/99.8%, 100ms/99.9%
[2024-07-21T19:49:13.473+0800][2.898s][gc,marking  ] GC(26) Mark: 2 stripe(s), 2 proactive flush(es), 1 terminate flush(es), 0 completion(s), 0 continuation(s) 
[2024-07-21T19:49:13.473+0800][2.898s][gc,marking  ] GC(26) Mark Stack Usage: 32M
[2024-07-21T19:49:13.473+0800][2.898s][gc,nmethod  ] GC(26) NMethods: 391 registered, 0 unregistered
[2024-07-21T19:49:13.473+0800][2.898s][gc,metaspace] GC(26) Metaspace: 1M used, 1M committed, 1032M reserved
[2024-07-21T19:49:13.473+0800][2.898s][gc,ref      ] GC(26) Soft: 93 encountered, 0 discovered, 0 enqueued
[2024-07-21T19:49:13.473+0800][2.898s][gc,ref      ] GC(26) Weak: 131 encountered, 0 discovered, 0 enqueued
[2024-07-21T19:49:13.473+0800][2.898s][gc,ref      ] GC(26) Final: 0 encountered, 0 discovered, 0 enqueued
[2024-07-21T19:49:13.473+0800][2.898s][gc,ref      ] GC(26) Phantom: 184 encountered, 131 discovered, 0 enqueued
[2024-07-21T19:49:13.473+0800][2.898s][gc,reloc    ] GC(26) Small Pages: 5 / 10M, Empty: 2M, Relocated: 1M, In-Place: 0
[2024-07-21T19:49:13.473+0800][2.898s][gc,reloc    ] GC(26) Medium Pages: 1 / 8M, Empty: 0M, Relocated: 0M, In-Place: 0
[2024-07-21T19:49:13.473+0800][2.898s][gc,reloc    ] GC(26) Large Pages: 72 / 144M, Empty: 142M, Relocated: 0M, In-Place: 0
[2024-07-21T19:49:13.473+0800][2.898s][gc,reloc    ] GC(26) Forwarding Usage: 0M
[2024-07-21T19:49:13.473+0800][2.898s][gc,heap     ] GC(26) Min Capacity: 8M(3%)
[2024-07-21T19:49:13.473+0800][2.898s][gc,heap     ] GC(26) Max Capacity: 256M(100%)
[2024-07-21T19:49:13.473+0800][2.898s][gc,heap     ] GC(26) Soft Max Capacity: 256M(100%)
[2024-07-21T19:49:13.473+0800][2.898s][gc,heap     ] GC(26)                Mark Start          Mark End        Relocate Start      Relocate End           High               Low         
[2024-07-21T19:49:13.473+0800][2.898s][gc,heap     ] GC(26)  Capacity:      256M (100%)        256M (100%)        256M (100%)        256M (100%)        256M (100%)        256M (100%)   
[2024-07-21T19:49:13.473+0800][2.898s][gc,heap     ] GC(26)      Free:       94M (37%)          74M (29%)         200M (78%)         200M (78%)         200M (78%)          56M (22%)    
[2024-07-21T19:49:13.473+0800][2.898s][gc,heap     ] GC(26)      Used:      162M (63%)         182M (71%)          56M (22%)          56M (22%)         200M (78%)          56M (22%)    
[2024-07-21T19:49:13.473+0800][2.898s][gc,heap     ] GC(26)      Live:         -                 6M (3%)            6M (3%)            6M (3%)             -                  -          
[2024-07-21T19:49:13.473+0800][2.898s][gc,heap     ] GC(26) Allocated:         -                20M (8%)           38M (15%)          38M (15%)            -                  -          
[2024-07-21T19:49:13.473+0800][2.898s][gc,heap     ] GC(26)   Garbage:         -               155M (61%)          11M (4%)           11M (4%)             -                  -          
[2024-07-21T19:49:13.473+0800][2.898s][gc,heap     ] GC(26) Reclaimed:         -                  -               144M (56%)         144M (56%)            -                  -          
[2024-07-21T19:49:13.473+0800][2.898s][gc          ] GC(26) Garbage Collection (Allocation Rate) 162M(63%)->56M(22%)
[2024-07-21T19:49:13.546+0800][2.970s][gc,start    ] GC(27) Garbage Collection (Allocation Rate)
[2024-07-21T19:49:13.546+0800][2.971s][gc,task     ] GC(27) Using 2 workers
[2024-07-21T19:49:13.546+0800][2.971s][gc,phases   ] GC(27) Pause Mark Start 0.016ms
[2024-07-21T19:49:13.562+0800][2.986s][gc,phases   ] GC(27) Concurrent Mark 15.299ms
[2024-07-21T19:49:13.562+0800][2.987s][gc,phases   ] GC(27) Pause Mark End 0.011ms
[2024-07-21T19:49:13.562+0800][2.987s][gc,phases   ] GC(27) Concurrent Mark Free 0.001ms
[2024-07-21T19:49:13.564+0800][2.988s][gc,phases   ] GC(27) Concurrent Process Non-Strong References 1.516ms
[2024-07-21T19:49:13.564+0800][2.988s][gc,phases   ] GC(27) Concurrent Reset Relocation Set 0.001ms
[2024-07-21T19:49:13.566+0800][2.991s][gc,phases   ] GC(27) Concurrent Select Relocation Set 2.461ms
[2024-07-21T19:49:13.567+0800][2.991s][gc,phases   ] GC(27) Pause Relocate Start 0.007ms
[2024-07-21T19:49:13.568+0800][2.992s][gc,phases   ] GC(27) Concurrent Relocate 0.924ms
[2024-07-21T19:49:13.568+0800][2.992s][gc,load     ] GC(27) Load: 0.00/0.00/0.00
[2024-07-21T19:49:13.568+0800][2.992s][gc,mmu      ] GC(27) MMU: 2ms/96.3%, 5ms/98.5%, 10ms/99.2%, 20ms/99.6%, 50ms/99.8%, 100ms/99.9%
[2024-07-21T19:49:13.568+0800][2.992s][gc,marking  ] GC(27) Mark: 2 stripe(s), 2 proactive flush(es), 1 terminate flush(es), 0 completion(s), 0 continuation(s) 
[2024-07-21T19:49:13.568+0800][2.992s][gc,marking  ] GC(27) Mark Stack Usage: 32M
[2024-07-21T19:49:13.568+0800][2.992s][gc,nmethod  ] GC(27) NMethods: 391 registered, 0 unregistered
[2024-07-21T19:49:13.568+0800][2.992s][gc,metaspace] GC(27) Metaspace: 1M used, 1M committed, 1032M reserved
[2024-07-21T19:49:13.568+0800][2.992s][gc,ref      ] GC(27) Soft: 93 encountered, 0 discovered, 0 enqueued
[2024-07-21T19:49:13.568+0800][2.992s][gc,ref      ] GC(27) Weak: 131 encountered, 107 discovered, 0 enqueued
[2024-07-21T19:49:13.568+0800][2.992s][gc,ref      ] GC(27) Final: 0 encountered, 0 discovered, 0 enqueued
[2024-07-21T19:49:13.568+0800][2.992s][gc,ref      ] GC(27) Phantom: 184 encountered, 121 discovered, 0 enqueued
[2024-07-21T19:49:13.568+0800][2.992s][gc,reloc    ] GC(27) Small Pages: 5 / 10M, Empty: 2M, Relocated: 1M, In-Place: 0
[2024-07-21T19:49:13.568+0800][2.992s][gc,reloc    ] GC(27) Medium Pages: 1 / 8M, Empty: 0M, Relocated: 0M, In-Place: 0
[2024-07-21T19:49:13.568+0800][2.992s][gc,reloc    ] GC(27) Large Pages: 62 / 124M, Empty: 122M, Relocated: 0M, In-Place: 0
[2024-07-21T19:49:13.568+0800][2.992s][gc,reloc    ] GC(27) Forwarding Usage: 0M
[2024-07-21T19:49:13.568+0800][2.992s][gc,heap     ] GC(27) Min Capacity: 8M(3%)
[2024-07-21T19:49:13.568+0800][2.992s][gc,heap     ] GC(27) Max Capacity: 256M(100%)
[2024-07-21T19:49:13.568+0800][2.992s][gc,heap     ] GC(27) Soft Max Capacity: 256M(100%)
[2024-07-21T19:49:13.568+0800][2.992s][gc,heap     ] GC(27)                Mark Start          Mark End        Relocate Start      Relocate End           High               Low         
[2024-07-21T19:49:13.568+0800][2.992s][gc,heap     ] GC(27)  Capacity:      256M (100%)        256M (100%)        256M (100%)        256M (100%)        256M (100%)        256M (100%)   
[2024-07-21T19:49:13.568+0800][2.992s][gc,heap     ] GC(27)      Free:      114M (45%)          94M (37%)         202M (79%)         202M (79%)         202M (79%)          78M (30%)    
[2024-07-21T19:49:13.568+0800][2.992s][gc,heap     ] GC(27)      Used:      142M (55%)         162M (63%)          54M (21%)          54M (21%)         178M (70%)          54M (21%)    
[2024-07-21T19:49:13.568+0800][2.992s][gc,heap     ] GC(27)      Live:         -                 6M (3%)            6M (3%)            6M (3%)             -                  -          
[2024-07-21T19:49:13.568+0800][2.992s][gc,heap     ] GC(27) Allocated:         -                20M (8%)           36M (14%)          36M (14%)            -                  -          
[2024-07-21T19:49:13.568+0800][2.992s][gc,heap     ] GC(27)   Garbage:         -               135M (53%)          11M (4%)           11M (4%)             -                  -          
[2024-07-21T19:49:13.568+0800][2.992s][gc,heap     ] GC(27) Reclaimed:         -                  -               124M (48%)         124M (48%)            -                  -          
[2024-07-21T19:49:13.568+0800][2.992s][gc          ] GC(27) Garbage Collection (Allocation Rate) 142M(55%)->54M(21%)
[2024-07-21T19:49:13.640+0800][3.064s][gc,start    ] GC(28) Garbage Collection (Allocation Rate)
[2024-07-21T19:49:13.640+0800][3.065s][gc,task     ] GC(28) Using 2 workers
[2024-07-21T19:49:13.640+0800][3.065s][gc,phases   ] GC(28) Pause Mark Start 0.008ms
[2024-07-21T19:49:13.656+0800][3.081s][gc,phases   ] GC(28) Concurrent Mark 15.386ms
[2024-07-21T19:49:13.656+0800][3.081s][gc,phases   ] GC(28) Pause Mark End 0.022ms
[2024-07-21T19:49:13.657+0800][3.081s][gc,phases   ] GC(28) Concurrent Mark Free 0.003ms
[2024-07-21T19:49:13.658+0800][3.082s][gc,phases   ] GC(28) Concurrent Process Non-Strong References 1.171ms
[2024-07-21T19:49:13.658+0800][3.082s][gc,phases   ] GC(28) Concurrent Reset Relocation Set 0.001ms
[2024-07-21T19:49:13.660+0800][3.084s][gc,phases   ] GC(28) Concurrent Select Relocation Set 1.670ms
[2024-07-21T19:49:13.660+0800][3.084s][gc,phases   ] GC(28) Pause Relocate Start 0.006ms
[2024-07-21T19:49:13.661+0800][3.085s][gc,phases   ] GC(28) Concurrent Relocate 0.783ms
[2024-07-21T19:49:13.661+0800][3.085s][gc,load     ] GC(28) Load: 0.00/0.00/0.00
[2024-07-21T19:49:13.661+0800][3.085s][gc,mmu      ] GC(28) MMU: 2ms/96.3%, 5ms/98.5%, 10ms/99.2%, 20ms/99.6%, 50ms/99.8%, 100ms/99.9%
[2024-07-21T19:49:13.661+0800][3.085s][gc,marking  ] GC(28) Mark: 2 stripe(s), 2 proactive flush(es), 1 terminate flush(es), 0 completion(s), 0 continuation(s) 
[2024-07-21T19:49:13.661+0800][3.085s][gc,marking  ] GC(28) Mark Stack Usage: 32M
[2024-07-21T19:49:13.661+0800][3.085s][gc,nmethod  ] GC(28) NMethods: 391 registered, 0 unregistered
[2024-07-21T19:49:13.661+0800][3.085s][gc,metaspace] GC(28) Metaspace: 1M used, 1M committed, 1032M reserved
[2024-07-21T19:49:13.661+0800][3.085s][gc,ref      ] GC(28) Soft: 93 encountered, 0 discovered, 0 enqueued
[2024-07-21T19:49:13.661+0800][3.085s][gc,ref      ] GC(28) Weak: 131 encountered, 94 discovered, 0 enqueued
[2024-07-21T19:49:13.661+0800][3.085s][gc,ref      ] GC(28) Final: 0 encountered, 0 discovered, 0 enqueued
[2024-07-21T19:49:13.661+0800][3.085s][gc,ref      ] GC(28) Phantom: 184 encountered, 131 discovered, 0 enqueued
[2024-07-21T19:49:13.661+0800][3.085s][gc,reloc    ] GC(28) Small Pages: 5 / 10M, Empty: 2M, Relocated: 1M, In-Place: 0
[2024-07-21T19:49:13.661+0800][3.085s][gc,reloc    ] GC(28) Medium Pages: 1 / 8M, Empty: 0M, Relocated: 0M, In-Place: 0
[2024-07-21T19:49:13.661+0800][3.085s][gc,reloc    ] GC(28) Large Pages: 62 / 124M, Empty: 122M, Relocated: 0M, In-Place: 0
[2024-07-21T19:49:13.661+0800][3.085s][gc,reloc    ] GC(28) Forwarding Usage: 0M
[2024-07-21T19:49:13.661+0800][3.085s][gc,heap     ] GC(28) Min Capacity: 8M(3%)
[2024-07-21T19:49:13.661+0800][3.085s][gc,heap     ] GC(28) Max Capacity: 256M(100%)
[2024-07-21T19:49:13.661+0800][3.085s][gc,heap     ] GC(28) Soft Max Capacity: 256M(100%)
[2024-07-21T19:49:13.661+0800][3.085s][gc,heap     ] GC(28)                Mark Start          Mark End        Relocate Start      Relocate End           High               Low         
[2024-07-21T19:49:13.661+0800][3.085s][gc,heap     ] GC(28)  Capacity:      256M (100%)        256M (100%)        256M (100%)        256M (100%)        256M (100%)        256M (100%)   
[2024-07-21T19:49:13.661+0800][3.085s][gc,heap     ] GC(28)      Free:      114M (45%)          96M (38%)         204M (80%)         204M (80%)         204M (80%)          80M (31%)    
[2024-07-21T19:49:13.661+0800][3.085s][gc,heap     ] GC(28)      Used:      142M (55%)         160M (62%)          52M (20%)          52M (20%)         176M (69%)          52M (20%)    
[2024-07-21T19:49:13.661+0800][3.086s][gc,heap     ] GC(28)      Live:         -                 6M (3%)            6M (3%)            6M (3%)             -                  -          
[2024-07-21T19:49:13.661+0800][3.086s][gc,heap     ] GC(28) Allocated:         -                18M (7%)           34M (13%)          34M (13%)            -                  -          
[2024-07-21T19:49:13.661+0800][3.086s][gc,heap     ] GC(28)   Garbage:         -               135M (53%)          11M (4%)           11M (4%)             -                  -          
[2024-07-21T19:49:13.661+0800][3.086s][gc,heap     ] GC(28) Reclaimed:         -                  -               124M (48%)         124M (48%)            -                  -          
[2024-07-21T19:49:13.661+0800][3.086s][gc          ] GC(28) Garbage Collection (Allocation Rate) 142M(55%)->52M(20%)
[2024-07-21T19:49:13.752+0800][3.176s][gc,start    ] GC(29) Garbage Collection (Allocation Rate)
[2024-07-21T19:49:13.752+0800][3.176s][gc,task     ] GC(29) Using 2 workers
[2024-07-21T19:49:13.752+0800][3.177s][gc,phases   ] GC(29) Pause Mark Start 0.006ms
[2024-07-21T19:49:13.768+0800][3.192s][gc,phases   ] GC(29) Concurrent Mark 15.372ms
[2024-07-21T19:49:13.768+0800][3.192s][gc,phases   ] GC(29) Pause Mark End 0.010ms
[2024-07-21T19:49:13.768+0800][3.193s][gc,phases   ] GC(29) Concurrent Mark Free 0.004ms
[2024-07-21T19:49:13.769+0800][3.194s][gc,phases   ] GC(29) Concurrent Process Non-Strong References 1.197ms
[2024-07-21T19:49:13.769+0800][3.194s][gc,phases   ] GC(29) Concurrent Reset Relocation Set 0.001ms
[2024-07-21T19:49:13.771+0800][3.196s][gc,phases   ] GC(29) Concurrent Select Relocation Set 1.829ms
[2024-07-21T19:49:13.771+0800][3.196s][gc,phases   ] GC(29) Pause Relocate Start 0.010ms
[2024-07-21T19:49:13.772+0800][3.197s][gc,phases   ] GC(29) Concurrent Relocate 0.802ms
[2024-07-21T19:49:13.772+0800][3.197s][gc,load     ] GC(29) Load: 0.00/0.00/0.00
[2024-07-21T19:49:13.772+0800][3.197s][gc,mmu      ] GC(29) MMU: 2ms/96.3%, 5ms/98.5%, 10ms/99.2%, 20ms/99.6%, 50ms/99.8%, 100ms/99.9%
[2024-07-21T19:49:13.772+0800][3.197s][gc,marking  ] GC(29) Mark: 2 stripe(s), 2 proactive flush(es), 1 terminate flush(es), 0 completion(s), 0 continuation(s) 
[2024-07-21T19:49:13.772+0800][3.197s][gc,marking  ] GC(29) Mark Stack Usage: 32M
[2024-07-21T19:49:13.772+0800][3.197s][gc,nmethod  ] GC(29) NMethods: 391 registered, 0 unregistered
[2024-07-21T19:49:13.772+0800][3.197s][gc,metaspace] GC(29) Metaspace: 1M used, 1M committed, 1032M reserved
[2024-07-21T19:49:13.772+0800][3.197s][gc,ref      ] GC(29) Soft: 93 encountered, 0 discovered, 0 enqueued
[2024-07-21T19:49:13.772+0800][3.197s][gc,ref      ] GC(29) Weak: 131 encountered, 0 discovered, 0 enqueued
[2024-07-21T19:49:13.772+0800][3.197s][gc,ref      ] GC(29) Final: 0 encountered, 0 discovered, 0 enqueued
[2024-07-21T19:49:13.772+0800][3.197s][gc,ref      ] GC(29) Phantom: 184 encountered, 118 discovered, 0 enqueued
[2024-07-21T19:49:13.773+0800][3.197s][gc,reloc    ] GC(29) Small Pages: 5 / 10M, Empty: 2M, Relocated: 1M, In-Place: 0
[2024-07-21T19:49:13.773+0800][3.197s][gc,reloc    ] GC(29) Medium Pages: 1 / 8M, Empty: 0M, Relocated: 0M, In-Place: 0
[2024-07-21T19:49:13.773+0800][3.197s][gc,reloc    ] GC(29) Large Pages: 70 / 140M, Empty: 134M, Relocated: 0M, In-Place: 0
[2024-07-21T19:49:13.773+0800][3.197s][gc,reloc    ] GC(29) Forwarding Usage: 0M
[2024-07-21T19:49:13.773+0800][3.197s][gc,heap     ] GC(29) Min Capacity: 8M(3%)
[2024-07-21T19:49:13.773+0800][3.197s][gc,heap     ] GC(29) Max Capacity: 256M(100%)
[2024-07-21T19:49:13.773+0800][3.197s][gc,heap     ] GC(29) Soft Max Capacity: 256M(100%)
[2024-07-21T19:49:13.773+0800][3.197s][gc,heap     ] GC(29)                Mark Start          Mark End        Relocate Start      Relocate End           High               Low         
[2024-07-21T19:49:13.773+0800][3.197s][gc,heap     ] GC(29)  Capacity:      256M (100%)        256M (100%)        256M (100%)        256M (100%)        256M (100%)        256M (100%)   
[2024-07-21T19:49:13.773+0800][3.197s][gc,heap     ] GC(29)      Free:       98M (38%)          78M (30%)         198M (77%)         198M (77%)         198M (77%)          62M (24%)    
[2024-07-21T19:49:13.773+0800][3.197s][gc,heap     ] GC(29)      Used:      158M (62%)         178M (70%)          58M (23%)          58M (23%)         194M (76%)          58M (23%)    
[2024-07-21T19:49:13.773+0800][3.197s][gc,heap     ] GC(29)      Live:         -                10M (4%)           10M (4%)           10M (4%)             -                  -          
[2024-07-21T19:49:13.773+0800][3.197s][gc,heap     ] GC(29) Allocated:         -                20M (8%)           36M (14%)          36M (14%)            -                  -          
[2024-07-21T19:49:13.773+0800][3.197s][gc,heap     ] GC(29)   Garbage:         -               147M (58%)          11M (4%)           11M (4%)             -                  -          
[2024-07-21T19:49:13.773+0800][3.197s][gc,heap     ] GC(29) Reclaimed:         -                  -               136M (53%)         136M (53%)            -                  -          
[2024-07-21T19:49:13.773+0800][3.197s][gc          ] GC(29) Garbage Collection (Allocation Rate) 158M(62%)->58M(23%)
[2024-07-21T19:49:13.845+0800][3.269s][gc,start    ] GC(30) Garbage Collection (Allocation Rate)
[2024-07-21T19:49:13.845+0800][3.269s][gc,task     ] GC(30) Using 2 workers
[2024-07-21T19:49:13.845+0800][3.269s][gc,phases   ] GC(30) Pause Mark Start 0.006ms
[2024-07-21T19:49:13.860+0800][3.284s][gc,phases   ] GC(30) Concurrent Mark 14.840ms
[2024-07-21T19:49:13.860+0800][3.285s][gc,phases   ] GC(30) Pause Mark End 0.011ms
[2024-07-21T19:49:13.861+0800][3.285s][gc,phases   ] GC(30) Concurrent Mark Free 0.002ms
[2024-07-21T19:49:13.862+0800][3.286s][gc,phases   ] GC(30) Concurrent Process Non-Strong References 1.130ms
[2024-07-21T19:49:13.862+0800][3.286s][gc,phases   ] GC(30) Concurrent Reset Relocation Set 0.001ms
[2024-07-21T19:49:13.864+0800][3.288s][gc,phases   ] GC(30) Concurrent Select Relocation Set 1.857ms
[2024-07-21T19:49:13.864+0800][3.288s][gc,phases   ] GC(30) Pause Relocate Start 0.006ms
[2024-07-21T19:49:13.865+0800][3.289s][gc,phases   ] GC(30) Concurrent Relocate 0.811ms
[2024-07-21T19:49:13.865+0800][3.289s][gc,load     ] GC(30) Load: 0.00/0.00/0.00
[2024-07-21T19:49:13.865+0800][3.289s][gc,mmu      ] GC(30) MMU: 2ms/96.3%, 5ms/98.5%, 10ms/99.2%, 20ms/99.6%, 50ms/99.8%, 100ms/99.9%
[2024-07-21T19:49:13.865+0800][3.289s][gc,marking  ] GC(30) Mark: 2 stripe(s), 2 proactive flush(es), 1 terminate flush(es), 0 completion(s), 0 continuation(s) 
[2024-07-21T19:49:13.865+0800][3.289s][gc,marking  ] GC(30) Mark Stack Usage: 32M
[2024-07-21T19:49:13.865+0800][3.289s][gc,nmethod  ] GC(30) NMethods: 392 registered, 0 unregistered
[2024-07-21T19:49:13.865+0800][3.289s][gc,metaspace] GC(30) Metaspace: 1M used, 1M committed, 1032M reserved
[2024-07-21T19:49:13.865+0800][3.289s][gc,ref      ] GC(30) Soft: 93 encountered, 0 discovered, 0 enqueued
[2024-07-21T19:49:13.865+0800][3.289s][gc,ref      ] GC(30) Weak: 131 encountered, 0 discovered, 0 enqueued
[2024-07-21T19:49:13.865+0800][3.289s][gc,ref      ] GC(30) Final: 0 encountered, 0 discovered, 0 enqueued
[2024-07-21T19:49:13.865+0800][3.289s][gc,ref      ] GC(30) Phantom: 184 encountered, 144 discovered, 0 enqueued
[2024-07-21T19:49:13.865+0800][3.289s][gc,reloc    ] GC(30) Small Pages: 5 / 10M, Empty: 2M, Relocated: 1M, In-Place: 0
[2024-07-21T19:49:13.865+0800][3.289s][gc,reloc    ] GC(30) Medium Pages: 1 / 8M, Empty: 0M, Relocated: 0M, In-Place: 0
[2024-07-21T19:49:13.865+0800][3.289s][gc,reloc    ] GC(30) Large Pages: 62 / 124M, Empty: 120M, Relocated: 0M, In-Place: 0
[2024-07-21T19:49:13.865+0800][3.290s][gc,reloc    ] GC(30) Forwarding Usage: 0M
[2024-07-21T19:49:13.865+0800][3.290s][gc,heap     ] GC(30) Min Capacity: 8M(3%)
[2024-07-21T19:49:13.865+0800][3.290s][gc,heap     ] GC(30) Max Capacity: 256M(100%)
[2024-07-21T19:49:13.865+0800][3.290s][gc,heap     ] GC(30) Soft Max Capacity: 256M(100%)
[2024-07-21T19:49:13.865+0800][3.290s][gc,heap     ] GC(30)                Mark Start          Mark End        Relocate Start      Relocate End           High               Low         
[2024-07-21T19:49:13.865+0800][3.290s][gc,heap     ] GC(30)  Capacity:      256M (100%)        256M (100%)        256M (100%)        256M (100%)        256M (100%)        256M (100%)   
[2024-07-21T19:49:13.865+0800][3.290s][gc,heap     ] GC(30)      Free:      114M (45%)          90M (35%)         198M (77%)         198M (77%)         198M (77%)          76M (30%)    
[2024-07-21T19:49:13.865+0800][3.290s][gc,heap     ] GC(30)      Used:      142M (55%)         166M (65%)          58M (23%)          58M (23%)         180M (70%)          58M (23%)    
[2024-07-21T19:49:13.865+0800][3.290s][gc,heap     ] GC(30)      Live:         -                 8M (3%)            8M (3%)            8M (3%)             -                  -          
[2024-07-21T19:49:13.865+0800][3.290s][gc,heap     ] GC(30) Allocated:         -                24M (9%)           38M (15%)          38M (15%)            -                  -          
[2024-07-21T19:49:13.865+0800][3.290s][gc,heap     ] GC(30)   Garbage:         -               133M (52%)          11M (4%)           11M (4%)             -                  -          
[2024-07-21T19:49:13.865+0800][3.290s][gc,heap     ] GC(30) Reclaimed:         -                  -               122M (48%)         122M (48%)            -                  -          
[2024-07-21T19:49:13.865+0800][3.290s][gc          ] GC(30) Garbage Collection (Allocation Rate) 142M(55%)->58M(23%)
[2024-07-21T19:49:13.953+0800][3.377s][gc,start    ] GC(31) Garbage Collection (Allocation Rate)
[2024-07-21T19:49:13.953+0800][3.377s][gc,task     ] GC(31) Using 2 workers
[2024-07-21T19:49:13.953+0800][3.377s][gc,phases   ] GC(31) Pause Mark Start 0.017ms
[2024-07-21T19:49:13.968+0800][3.392s][gc,phases   ] GC(31) Concurrent Mark 14.603ms
[2024-07-21T19:49:13.968+0800][3.392s][gc,phases   ] GC(31) Pause Mark End 0.018ms
[2024-07-21T19:49:13.968+0800][3.392s][gc,phases   ] GC(31) Concurrent Mark Free 0.001ms
[2024-07-21T19:49:13.968+0800][3.394s][gc,phases   ] GC(31) Concurrent Process Non-Strong References 1.070ms
[2024-07-21T19:49:13.968+0800][3.394s][gc,phases   ] GC(31) Concurrent Reset Relocation Set 0.001ms
[2024-07-21T19:49:13.972+0800][3.398s][gc,phases   ] GC(31) Concurrent Select Relocation Set 3.818ms
[2024-07-21T19:49:13.972+0800][3.398s][gc,phases   ] GC(31) Pause Relocate Start 0.009ms
[2024-07-21T19:49:13.973+0800][3.399s][gc,phases   ] GC(31) Concurrent Relocate 0.887ms
[2024-07-21T19:49:13.973+0800][3.399s][gc,load     ] GC(31) Load: 0.00/0.00/0.00
[2024-07-21T19:49:13.973+0800][3.399s][gc,mmu      ] GC(31) MMU: 2ms/96.3%, 5ms/98.5%, 10ms/99.2%, 20ms/99.6%, 50ms/99.8%, 100ms/99.9%
[2024-07-21T19:49:13.973+0800][3.399s][gc,marking  ] GC(31) Mark: 2 stripe(s), 2 proactive flush(es), 1 terminate flush(es), 0 completion(s), 0 continuation(s) 
[2024-07-21T19:49:13.973+0800][3.399s][gc,marking  ] GC(31) Mark Stack Usage: 32M
[2024-07-21T19:49:13.973+0800][3.399s][gc,nmethod  ] GC(31) NMethods: 401 registered, 0 unregistered
[2024-07-21T19:49:13.973+0800][3.399s][gc,metaspace] GC(31) Metaspace: 1M used, 1M committed, 1032M reserved
[2024-07-21T19:49:13.973+0800][3.399s][gc,ref      ] GC(31) Soft: 93 encountered, 0 discovered, 0 enqueued
[2024-07-21T19:49:13.973+0800][3.399s][gc,ref      ] GC(31) Weak: 131 encountered, 82 discovered, 0 enqueued
[2024-07-21T19:49:13.974+0800][3.399s][gc,ref      ] GC(31) Final: 0 encountered, 0 discovered, 0 enqueued
[2024-07-21T19:49:13.974+0800][3.399s][gc,ref      ] GC(31) Phantom: 184 encountered, 131 discovered, 0 enqueued
[2024-07-21T19:49:13.974+0800][3.399s][gc,reloc    ] GC(31) Small Pages: 5 / 10M, Empty: 2M, Relocated: 1M, In-Place: 0
[2024-07-21T19:49:13.974+0800][3.399s][gc,reloc    ] GC(31) Medium Pages: 1 / 8M, Empty: 0M, Relocated: 0M, In-Place: 0
[2024-07-21T19:49:13.974+0800][3.399s][gc,reloc    ] GC(31) Large Pages: 73 / 146M, Empty: 144M, Relocated: 0M, In-Place: 0
[2024-07-21T19:49:13.974+0800][3.399s][gc,reloc    ] GC(31) Forwarding Usage: 0M
[2024-07-21T19:49:13.974+0800][3.399s][gc,heap     ] GC(31) Min Capacity: 8M(3%)
[2024-07-21T19:49:13.974+0800][3.399s][gc,heap     ] GC(31) Max Capacity: 256M(100%)
[2024-07-21T19:49:13.974+0800][3.399s][gc,heap     ] GC(31) Soft Max Capacity: 256M(100%)
[2024-07-21T19:49:13.974+0800][3.399s][gc,heap     ] GC(31)                Mark Start          Mark End        Relocate Start      Relocate End           High               Low         
[2024-07-21T19:49:13.974+0800][3.399s][gc,heap     ] GC(31)  Capacity:      256M (100%)        256M (100%)        256M (100%)        256M (100%)        256M (100%)        256M (100%)   
[2024-07-21T19:49:13.974+0800][3.399s][gc,heap     ] GC(31)      Free:       92M (36%)          74M (29%)         202M (79%)         202M (79%)         202M (79%)          68M (27%)    
[2024-07-21T19:49:13.974+0800][3.399s][gc,heap     ] GC(31)      Used:      164M (64%)         182M (71%)          54M (21%)          54M (21%)         188M (73%)          54M (21%)    
[2024-07-21T19:49:13.974+0800][3.399s][gc,heap     ] GC(31)      Live:         -                 6M (3%)            6M (3%)            6M (3%)             -                  -          
[2024-07-21T19:49:13.974+0800][3.399s][gc,heap     ] GC(31) Allocated:         -                18M (7%)           36M (14%)          36M (14%)            -                  -          
[2024-07-21T19:49:13.974+0800][3.399s][gc,heap     ] GC(31)   Garbage:         -               157M (61%)          11M (4%)           11M (4%)             -                  -          
[2024-07-21T19:49:13.974+0800][3.399s][gc,heap     ] GC(31) Reclaimed:         -                  -               146M (57%)         146M (57%)            -                  -          
[2024-07-21T19:49:13.974+0800][3.399s][gc          ] GC(31) Garbage Collection (Allocation Rate) 164M(64%)->54M(21%)
[2024-07-21T19:49:14.048+0800][3.472s][gc,start    ] GC(32) Garbage Collection (Allocation Rate)
[2024-07-21T19:49:14.048+0800][3.472s][gc,task     ] GC(32) Using 2 workers
[2024-07-21T19:49:14.048+0800][3.473s][gc,phases   ] GC(32) Pause Mark Start 0.010ms
[2024-07-21T19:49:14.064+0800][3.488s][gc,phases   ] GC(32) Concurrent Mark 15.712ms
[2024-07-21T19:49:14.064+0800][3.489s][gc,phases   ] GC(32) Pause Mark End 0.033ms
[2024-07-21T19:49:14.064+0800][3.489s][gc,phases   ] GC(32) Concurrent Mark Free 0.002ms
[2024-07-21T19:49:14.065+0800][3.490s][gc,phases   ] GC(32) Concurrent Process Non-Strong References 1.122ms
[2024-07-21T19:49:14.065+0800][3.490s][gc,phases   ] GC(32) Concurrent Reset Relocation Set 0.001ms
[2024-07-21T19:49:14.067+0800][3.492s][gc,phases   ] GC(32) Concurrent Select Relocation Set 1.675ms
[2024-07-21T19:49:14.067+0800][3.492s][gc,phases   ] GC(32) Pause Relocate Start 0.006ms
[2024-07-21T19:49:14.068+0800][3.493s][gc,phases   ] GC(32) Concurrent Relocate 0.781ms
[2024-07-21T19:49:14.068+0800][3.493s][gc,load     ] GC(32) Load: 0.00/0.00/0.00
[2024-07-21T19:49:14.068+0800][3.493s][gc,mmu      ] GC(32) MMU: 2ms/96.3%, 5ms/98.5%, 10ms/99.2%, 20ms/99.6%, 50ms/99.8%, 100ms/99.9%
[2024-07-21T19:49:14.068+0800][3.493s][gc,marking  ] GC(32) Mark: 2 stripe(s), 2 proactive flush(es), 1 terminate flush(es), 0 completion(s), 0 continuation(s) 
[2024-07-21T19:49:14.068+0800][3.493s][gc,marking  ] GC(32) Mark Stack Usage: 32M
[2024-07-21T19:49:14.068+0800][3.493s][gc,nmethod  ] GC(32) NMethods: 402 registered, 0 unregistered
[2024-07-21T19:49:14.068+0800][3.493s][gc,metaspace] GC(32) Metaspace: 1M used, 1M committed, 1032M reserved
[2024-07-21T19:49:14.068+0800][3.493s][gc,ref      ] GC(32) Soft: 93 encountered, 0 discovered, 0 enqueued
[2024-07-21T19:49:14.068+0800][3.493s][gc,ref      ] GC(32) Weak: 131 encountered, 94 discovered, 0 enqueued
[2024-07-21T19:49:14.068+0800][3.493s][gc,ref      ] GC(32) Final: 0 encountered, 0 discovered, 0 enqueued
[2024-07-21T19:49:14.068+0800][3.493s][gc,ref      ] GC(32) Phantom: 184 encountered, 122 discovered, 0 enqueued
[2024-07-21T19:49:14.068+0800][3.493s][gc,reloc    ] GC(32) Small Pages: 5 / 10M, Empty: 2M, Relocated: 1M, In-Place: 0
[2024-07-21T19:49:14.068+0800][3.493s][gc,reloc    ] GC(32) Medium Pages: 1 / 8M, Empty: 0M, Relocated: 0M, In-Place: 0
[2024-07-21T19:49:14.068+0800][3.493s][gc,reloc    ] GC(32) Large Pages: 61 / 122M, Empty: 120M, Relocated: 0M, In-Place: 0
[2024-07-21T19:49:14.068+0800][3.493s][gc,reloc    ] GC(32) Forwarding Usage: 0M
[2024-07-21T19:49:14.068+0800][3.493s][gc,heap     ] GC(32) Min Capacity: 8M(3%)
[2024-07-21T19:49:14.068+0800][3.493s][gc,heap     ] GC(32) Max Capacity: 256M(100%)
[2024-07-21T19:49:14.068+0800][3.493s][gc,heap     ] GC(32) Soft Max Capacity: 256M(100%)
[2024-07-21T19:49:14.068+0800][3.493s][gc,heap     ] GC(32)                Mark Start          Mark End        Relocate Start      Relocate End           High               Low         
[2024-07-21T19:49:14.068+0800][3.493s][gc,heap     ] GC(32)  Capacity:      256M (100%)        256M (100%)        256M (100%)        256M (100%)        256M (100%)        256M (100%)   
[2024-07-21T19:49:14.068+0800][3.493s][gc,heap     ] GC(32)      Free:      116M (45%)          96M (38%)         202M (79%)         202M (79%)         202M (79%)          80M (31%)    
[2024-07-21T19:49:14.068+0800][3.493s][gc,heap     ] GC(32)      Used:      140M (55%)         160M (62%)          54M (21%)          54M (21%)         176M (69%)          54M (21%)    
[2024-07-21T19:49:14.068+0800][3.493s][gc,heap     ] GC(32)      Live:         -                 6M (3%)            6M (3%)            6M (3%)             -                  -          
[2024-07-21T19:49:14.068+0800][3.493s][gc,heap     ] GC(32) Allocated:         -                20M (8%)           36M (14%)          36M (14%)            -                  -          
[2024-07-21T19:49:14.068+0800][3.493s][gc,heap     ] GC(32)   Garbage:         -               133M (52%)          11M (4%)           11M (4%)             -                  -          
[2024-07-21T19:49:14.068+0800][3.493s][gc,heap     ] GC(32) Reclaimed:         -                  -               122M (48%)         122M (48%)            -                  -          
[2024-07-21T19:49:14.068+0800][3.493s][gc          ] GC(32) Garbage Collection (Allocation Rate) 140M(55%)->54M(21%)
[2024-07-21T19:49:14.142+0800][3.566s][gc,start    ] GC(33) Garbage Collection (Allocation Rate)
[2024-07-21T19:49:14.142+0800][3.567s][gc,task     ] GC(33) Using 2 workers
[2024-07-21T19:49:14.142+0800][3.567s][gc,phases   ] GC(33) Pause Mark Start 0.016ms
[2024-07-21T19:49:14.158+0800][3.582s][gc,phases   ] GC(33) Concurrent Mark 14.940ms
[2024-07-21T19:49:14.158+0800][3.582s][gc,phases   ] GC(33) Pause Mark End 0.010ms
[2024-07-21T19:49:14.158+0800][3.582s][gc,phases   ] GC(33) Concurrent Mark Free 0.001ms
[2024-07-21T19:49:14.159+0800][3.584s][gc,phases   ] GC(33) Concurrent Process Non-Strong References 1.151ms
[2024-07-21T19:49:14.159+0800][3.584s][gc,phases   ] GC(33) Concurrent Reset Relocation Set 0.001ms
[2024-07-21T19:49:14.161+0800][3.586s][gc,phases   ] GC(33) Concurrent Select Relocation Set 2.064ms
[2024-07-21T19:49:14.161+0800][3.586s][gc,phases   ] GC(33) Pause Relocate Start 0.012ms
[2024-07-21T19:49:14.163+0800][3.587s][gc,phases   ] GC(33) Concurrent Relocate 0.955ms
[2024-07-21T19:49:14.163+0800][3.587s][gc,load     ] GC(33) Load: 0.00/0.00/0.00
[2024-07-21T19:49:14.163+0800][3.587s][gc,mmu      ] GC(33) MMU: 2ms/96.3%, 5ms/98.5%, 10ms/99.2%, 20ms/99.6%, 50ms/99.8%, 100ms/99.9%
[2024-07-21T19:49:14.163+0800][3.587s][gc,marking  ] GC(33) Mark: 2 stripe(s), 2 proactive flush(es), 1 terminate flush(es), 0 completion(s), 0 continuation(s) 
[2024-07-21T19:49:14.163+0800][3.587s][gc,marking  ] GC(33) Mark Stack Usage: 32M
[2024-07-21T19:49:14.163+0800][3.587s][gc,nmethod  ] GC(33) NMethods: 407 registered, 0 unregistered
[2024-07-21T19:49:14.163+0800][3.587s][gc,metaspace] GC(33) Metaspace: 1M used, 1M committed, 1032M reserved
[2024-07-21T19:49:14.163+0800][3.587s][gc,ref      ] GC(33) Soft: 93 encountered, 0 discovered, 0 enqueued
[2024-07-21T19:49:14.163+0800][3.587s][gc,ref      ] GC(33) Weak: 131 encountered, 93 discovered, 0 enqueued
[2024-07-21T19:49:14.163+0800][3.587s][gc,ref      ] GC(33) Final: 0 encountered, 0 discovered, 0 enqueued
[2024-07-21T19:49:14.163+0800][3.587s][gc,ref      ] GC(33) Phantom: 184 encountered, 141 discovered, 0 enqueued
[2024-07-21T19:49:14.163+0800][3.587s][gc,reloc    ] GC(33) Small Pages: 5 / 10M, Empty: 2M, Relocated: 1M, In-Place: 0
[2024-07-21T19:49:14.163+0800][3.587s][gc,reloc    ] GC(33) Medium Pages: 1 / 8M, Empty: 0M, Relocated: 0M, In-Place: 0
[2024-07-21T19:49:14.163+0800][3.587s][gc,reloc    ] GC(33) Large Pages: 61 / 122M, Empty: 120M, Relocated: 0M, In-Place: 0
[2024-07-21T19:49:14.163+0800][3.587s][gc,reloc    ] GC(33) Forwarding Usage: 0M
[2024-07-21T19:49:14.163+0800][3.587s][gc,heap     ] GC(33) Min Capacity: 8M(3%)
[2024-07-21T19:49:14.163+0800][3.587s][gc,heap     ] GC(33) Max Capacity: 256M(100%)
[2024-07-21T19:49:14.163+0800][3.587s][gc,heap     ] GC(33) Soft Max Capacity: 256M(100%)
[2024-07-21T19:49:14.163+0800][3.587s][gc,heap     ] GC(33)                Mark Start          Mark End        Relocate Start      Relocate End           High               Low         
[2024-07-21T19:49:14.163+0800][3.587s][gc,heap     ] GC(33)  Capacity:      256M (100%)        256M (100%)        256M (100%)        256M (100%)        256M (100%)        256M (100%)   
[2024-07-21T19:49:14.163+0800][3.587s][gc,heap     ] GC(33)      Free:      116M (45%)          96M (38%)         202M (79%)         202M (79%)         202M (79%)          80M (31%)    
[2024-07-21T19:49:14.163+0800][3.588s][gc,heap     ] GC(33)      Used:      140M (55%)         160M (62%)          54M (21%)          54M (21%)         176M (69%)          54M (21%)    
[2024-07-21T19:49:14.163+0800][3.588s][gc,heap     ] GC(33)      Live:         -                 6M (3%)            6M (3%)            6M (3%)             -                  -          
[2024-07-21T19:49:14.163+0800][3.588s][gc,heap     ] GC(33) Allocated:         -                20M (8%)           36M (14%)          36M (14%)            -                  -          
[2024-07-21T19:49:14.163+0800][3.588s][gc,heap     ] GC(33)   Garbage:         -               133M (52%)          11M (4%)           11M (4%)             -                  -          
[2024-07-21T19:49:14.163+0800][3.588s][gc,heap     ] GC(33) Reclaimed:         -                  -               122M (48%)         122M (48%)            -                  -          
[2024-07-21T19:49:14.163+0800][3.588s][gc          ] GC(33) Garbage Collection (Allocation Rate) 140M(55%)->54M(21%)
[2024-07-21T19:49:14.251+0800][3.676s][gc,start    ] GC(34) Garbage Collection (Allocation Rate)
[2024-07-21T19:49:14.251+0800][3.676s][gc,task     ] GC(34) Using 2 workers
[2024-07-21T19:49:14.251+0800][3.676s][gc,phases   ] GC(34) Pause Mark Start 0.009ms
[2024-07-21T19:49:14.266+0800][3.691s][gc,phases   ] GC(34) Concurrent Mark 14.285ms
[2024-07-21T19:49:14.266+0800][3.691s][gc,phases   ] GC(34) Pause Mark End 0.011ms
[2024-07-21T19:49:14.267+0800][3.691s][gc,phases   ] GC(34) Concurrent Mark Free 0.002ms
[2024-07-21T19:49:14.268+0800][3.693s][gc,phases   ] GC(34) Concurrent Process Non-Strong References 1.154ms
[2024-07-21T19:49:14.268+0800][3.693s][gc,phases   ] GC(34) Concurrent Reset Relocation Set 0.001ms
[2024-07-21T19:49:14.269+0800][3.694s][gc,phases   ] GC(34) Concurrent Select Relocation Set 1.659ms
[2024-07-21T19:49:14.270+0800][3.695s][gc,phases   ] GC(34) Pause Relocate Start 0.005ms
[2024-07-21T19:49:14.270+0800][3.695s][gc,phases   ] GC(34) Concurrent Relocate 0.784ms
[2024-07-21T19:49:14.271+0800][3.696s][gc,load     ] GC(34) Load: 0.00/0.00/0.00
[2024-07-21T19:49:14.271+0800][3.696s][gc,mmu      ] GC(34) MMU: 2ms/96.3%, 5ms/98.5%, 10ms/99.2%, 20ms/99.6%, 50ms/99.8%, 100ms/99.9%
[2024-07-21T19:49:14.271+0800][3.696s][gc,marking  ] GC(34) Mark: 2 stripe(s), 2 proactive flush(es), 1 terminate flush(es), 0 completion(s), 0 continuation(s) 
[2024-07-21T19:49:14.271+0800][3.696s][gc,marking  ] GC(34) Mark Stack Usage: 32M
[2024-07-21T19:49:14.271+0800][3.696s][gc,nmethod  ] GC(34) NMethods: 412 registered, 0 unregistered
[2024-07-21T19:49:14.271+0800][3.696s][gc,metaspace] GC(34) Metaspace: 1M used, 1M committed, 1032M reserved
[2024-07-21T19:49:14.271+0800][3.696s][gc,ref      ] GC(34) Soft: 93 encountered, 0 discovered, 0 enqueued
[2024-07-21T19:49:14.271+0800][3.696s][gc,ref      ] GC(34) Weak: 131 encountered, 108 discovered, 0 enqueued
[2024-07-21T19:49:14.271+0800][3.696s][gc,ref      ] GC(34) Final: 0 encountered, 0 discovered, 0 enqueued
[2024-07-21T19:49:14.271+0800][3.696s][gc,ref      ] GC(34) Phantom: 184 encountered, 157 discovered, 0 enqueued
[2024-07-21T19:49:14.271+0800][3.696s][gc,reloc    ] GC(34) Small Pages: 5 / 10M, Empty: 2M, Relocated: 1M, In-Place: 0
[2024-07-21T19:49:14.271+0800][3.696s][gc,reloc    ] GC(34) Medium Pages: 1 / 8M, Empty: 0M, Relocated: 0M, In-Place: 0
[2024-07-21T19:49:14.271+0800][3.696s][gc,reloc    ] GC(34) Large Pages: 72 / 144M, Empty: 136M, Relocated: 0M, In-Place: 0
[2024-07-21T19:49:14.271+0800][3.696s][gc,reloc    ] GC(34) Forwarding Usage: 0M
[2024-07-21T19:49:14.271+0800][3.696s][gc,heap     ] GC(34) Min Capacity: 8M(3%)
[2024-07-21T19:49:14.271+0800][3.696s][gc,heap     ] GC(34) Max Capacity: 256M(100%)
[2024-07-21T19:49:14.271+0800][3.696s][gc,heap     ] GC(34) Soft Max Capacity: 256M(100%)
[2024-07-21T19:49:14.271+0800][3.696s][gc,heap     ] GC(34)                Mark Start          Mark End        Relocate Start      Relocate End           High               Low         
[2024-07-21T19:49:14.271+0800][3.696s][gc,heap     ] GC(34)  Capacity:      256M (100%)        256M (100%)        256M (100%)        256M (100%)        256M (100%)        256M (100%)   
[2024-07-21T19:49:14.271+0800][3.696s][gc,heap     ] GC(34)      Free:       94M (37%)          76M (30%)         198M (77%)         198M (77%)         198M (77%)          60M (23%)    
[2024-07-21T19:49:14.271+0800][3.696s][gc,heap     ] GC(34)      Used:      162M (63%)         180M (70%)          58M (23%)          58M (23%)         196M (77%)          58M (23%)    
[2024-07-21T19:49:14.271+0800][3.696s][gc,heap     ] GC(34)      Live:         -                12M (5%)           12M (5%)           12M (5%)             -                  -          
[2024-07-21T19:49:14.271+0800][3.696s][gc,heap     ] GC(34) Allocated:         -                18M (7%)           34M (13%)          34M (13%)            -                  -          
[2024-07-21T19:49:14.271+0800][3.696s][gc,heap     ] GC(34)   Garbage:         -               149M (58%)          11M (4%)           11M (4%)             -                  -          
[2024-07-21T19:49:14.271+0800][3.696s][gc,heap     ] GC(34) Reclaimed:         -                  -               138M (54%)         138M (54%)            -                  -          
[2024-07-21T19:49:14.271+0800][3.696s][gc          ] GC(34) Garbage Collection (Allocation Rate) 162M(63%)->58M(23%)
[2024-07-21T19:49:14.345+0800][3.770s][gc,start    ] GC(35) Garbage Collection (Allocation Rate)
[2024-07-21T19:49:14.346+0800][3.770s][gc,task     ] GC(35) Using 2 workers
[2024-07-21T19:49:14.346+0800][3.770s][gc,phases   ] GC(35) Pause Mark Start 0.014ms
[2024-07-21T19:49:14.360+0800][3.785s][gc,phases   ] GC(35) Concurrent Mark 14.524ms
[2024-07-21T19:49:14.360+0800][3.785s][gc,phases   ] GC(35) Pause Mark End 0.010ms
[2024-07-21T19:49:14.360+0800][3.785s][gc,phases   ] GC(35) Concurrent Mark Free 0.001ms
[2024-07-21T19:49:14.361+0800][3.787s][gc,phases   ] GC(35) Concurrent Process Non-Strong References 1.132ms
[2024-07-21T19:49:14.361+0800][3.787s][gc,phases   ] GC(35) Concurrent Reset Relocation Set 0.002ms
[2024-07-21T19:49:14.365+0800][3.790s][gc,phases   ] GC(35) Concurrent Select Relocation Set 3.084ms
[2024-07-21T19:49:14.365+0800][3.790s][gc,phases   ] GC(35) Pause Relocate Start 0.009ms
[2024-07-21T19:49:14.366+0800][3.791s][gc,phases   ] GC(35) Concurrent Relocate 0.842ms
[2024-07-21T19:49:14.366+0800][3.791s][gc,load     ] GC(35) Load: 0.00/0.00/0.00
[2024-07-21T19:49:14.366+0800][3.791s][gc,mmu      ] GC(35) MMU: 2ms/96.3%, 5ms/98.5%, 10ms/99.2%, 20ms/99.6%, 50ms/99.8%, 100ms/99.9%
[2024-07-21T19:49:14.366+0800][3.791s][gc,marking  ] GC(35) Mark: 2 stripe(s), 2 proactive flush(es), 1 terminate flush(es), 0 completion(s), 0 continuation(s) 
[2024-07-21T19:49:14.366+0800][3.791s][gc,marking  ] GC(35) Mark Stack Usage: 32M
[2024-07-21T19:49:14.366+0800][3.791s][gc,nmethod  ] GC(35) NMethods: 412 registered, 0 unregistered
[2024-07-21T19:49:14.366+0800][3.791s][gc,metaspace] GC(35) Metaspace: 1M used, 1M committed, 1032M reserved
[2024-07-21T19:49:14.366+0800][3.791s][gc,ref      ] GC(35) Soft: 93 encountered, 0 discovered, 0 enqueued
[2024-07-21T19:49:14.366+0800][3.791s][gc,ref      ] GC(35) Weak: 131 encountered, 95 discovered, 0 enqueued
[2024-07-21T19:49:14.366+0800][3.791s][gc,ref      ] GC(35) Final: 0 encountered, 0 discovered, 0 enqueued
[2024-07-21T19:49:14.366+0800][3.791s][gc,ref      ] GC(35) Phantom: 184 encountered, 159 discovered, 0 enqueued
[2024-07-21T19:49:14.366+0800][3.791s][gc,reloc    ] GC(35) Small Pages: 5 / 10M, Empty: 2M, Relocated: 1M, In-Place: 0
[2024-07-21T19:49:14.366+0800][3.791s][gc,reloc    ] GC(35) Medium Pages: 1 / 8M, Empty: 0M, Relocated: 0M, In-Place: 0
[2024-07-21T19:49:14.366+0800][3.791s][gc,reloc    ] GC(35) Large Pages: 63 / 126M, Empty: 120M, Relocated: 0M, In-Place: 0
[2024-07-21T19:49:14.366+0800][3.791s][gc,reloc    ] GC(35) Forwarding Usage: 0M
[2024-07-21T19:49:14.366+0800][3.791s][gc,heap     ] GC(35) Min Capacity: 8M(3%)
[2024-07-21T19:49:14.366+0800][3.791s][gc,heap     ] GC(35) Max Capacity: 256M(100%)
[2024-07-21T19:49:14.366+0800][3.791s][gc,heap     ] GC(35) Soft Max Capacity: 256M(100%)
[2024-07-21T19:49:14.366+0800][3.791s][gc,heap     ] GC(35)                Mark Start          Mark End        Relocate Start      Relocate End           High               Low         
[2024-07-21T19:49:14.366+0800][3.791s][gc,heap     ] GC(35)  Capacity:      256M (100%)        256M (100%)        256M (100%)        256M (100%)        256M (100%)        256M (100%)   
[2024-07-21T19:49:14.366+0800][3.791s][gc,heap     ] GC(35)      Free:      112M (44%)          92M (36%)         198M (77%)         198M (77%)         198M (77%)          76M (30%)    
[2024-07-21T19:49:14.366+0800][3.791s][gc,heap     ] GC(35)      Used:      144M (56%)         164M (64%)          58M (23%)          58M (23%)         180M (70%)          58M (23%)    
[2024-07-21T19:49:14.366+0800][3.791s][gc,heap     ] GC(35)      Live:         -                10M (4%)           10M (4%)           10M (4%)             -                  -          
[2024-07-21T19:49:14.366+0800][3.791s][gc,heap     ] GC(35) Allocated:         -                20M (8%)           36M (14%)          36M (14%)            -                  -          
[2024-07-21T19:49:14.366+0800][3.791s][gc,heap     ] GC(35)   Garbage:         -               133M (52%)          11M (4%)           11M (4%)             -                  -          
[2024-07-21T19:49:14.366+0800][3.791s][gc,heap     ] GC(35) Reclaimed:         -                  -               122M (48%)         122M (48%)            -                  -          
[2024-07-21T19:49:14.366+0800][3.792s][gc          ] GC(35) Garbage Collection (Allocation Rate) 144M(56%)->58M(23%)
[2024-07-21T19:49:14.453+0800][3.878s][gc,start    ] GC(36) Garbage Collection (Allocation Rate)
[2024-07-21T19:49:14.453+0800][3.878s][gc,task     ] GC(36) Using 2 workers
[2024-07-21T19:49:14.453+0800][3.878s][gc,phases   ] GC(36) Pause Mark Start 0.008ms
[2024-07-21T19:49:14.469+0800][3.893s][gc,phases   ] GC(36) Concurrent Mark 14.930ms
[2024-07-21T19:49:14.469+0800][3.894s][gc,phases   ] GC(36) Pause Mark End 0.011ms
[2024-07-21T19:49:14.469+0800][3.894s][gc,phases   ] GC(36) Concurrent Mark Free 0.001ms
[2024-07-21T19:49:14.470+0800][3.895s][gc,phases   ] GC(36) Concurrent Process Non-Strong References 0.997ms
[2024-07-21T19:49:14.470+0800][3.895s][gc,phases   ] GC(36) Concurrent Reset Relocation Set 0.001ms
[2024-07-21T19:49:14.472+0800][3.897s][gc,phases   ] GC(36) Concurrent Select Relocation Set 2.050ms
[2024-07-21T19:49:14.472+0800][3.897s][gc,phases   ] GC(36) Pause Relocate Start 0.007ms
[2024-07-21T19:49:14.473+0800][3.898s][gc,phases   ] GC(36) Concurrent Relocate 0.814ms
[2024-07-21T19:49:14.473+0800][3.898s][gc,load     ] GC(36) Load: 0.00/0.00/0.00
[2024-07-21T19:49:14.473+0800][3.898s][gc,mmu      ] GC(36) MMU: 2ms/96.3%, 5ms/98.5%, 10ms/99.2%, 20ms/99.6%, 50ms/99.8%, 100ms/99.9%
[2024-07-21T19:49:14.473+0800][3.898s][gc,marking  ] GC(36) Mark: 2 stripe(s), 2 proactive flush(es), 1 terminate flush(es), 0 completion(s), 0 continuation(s) 
[2024-07-21T19:49:14.473+0800][3.898s][gc,marking  ] GC(36) Mark Stack Usage: 32M
[2024-07-21T19:49:14.473+0800][3.898s][gc,nmethod  ] GC(36) NMethods: 415 registered, 0 unregistered
[2024-07-21T19:49:14.473+0800][3.898s][gc,metaspace] GC(36) Metaspace: 1M used, 1M committed, 1032M reserved
[2024-07-21T19:49:14.473+0800][3.898s][gc,ref      ] GC(36) Soft: 93 encountered, 0 discovered, 0 enqueued
[2024-07-21T19:49:14.473+0800][3.898s][gc,ref      ] GC(36) Weak: 131 encountered, 55 discovered, 0 enqueued
[2024-07-21T19:49:14.473+0800][3.898s][gc,ref      ] GC(36) Final: 0 encountered, 0 discovered, 0 enqueued
[2024-07-21T19:49:14.473+0800][3.898s][gc,ref      ] GC(36) Phantom: 184 encountered, 72 discovered, 0 enqueued
[2024-07-21T19:49:14.473+0800][3.898s][gc,reloc    ] GC(36) Small Pages: 5 / 10M, Empty: 2M, Relocated: 1M, In-Place: 0
[2024-07-21T19:49:14.473+0800][3.898s][gc,reloc    ] GC(36) Medium Pages: 1 / 8M, Empty: 0M, Relocated: 0M, In-Place: 0
[2024-07-21T19:49:14.473+0800][3.898s][gc,reloc    ] GC(36) Large Pages: 72 / 144M, Empty: 142M, Relocated: 0M, In-Place: 0
[2024-07-21T19:49:14.473+0800][3.898s][gc,reloc    ] GC(36) Forwarding Usage: 0M
[2024-07-21T19:49:14.473+0800][3.898s][gc,heap     ] GC(36) Min Capacity: 8M(3%)
[2024-07-21T19:49:14.473+0800][3.898s][gc,heap     ] GC(36) Max Capacity: 256M(100%)
[2024-07-21T19:49:14.473+0800][3.898s][gc,heap     ] GC(36) Soft Max Capacity: 256M(100%)
[2024-07-21T19:49:14.473+0800][3.898s][gc,heap     ] GC(36)                Mark Start          Mark End        Relocate Start      Relocate End           High               Low         
[2024-07-21T19:49:14.473+0800][3.898s][gc,heap     ] GC(36)  Capacity:      256M (100%)        256M (100%)        256M (100%)        256M (100%)        256M (100%)        256M (100%)   
[2024-07-21T19:49:14.473+0800][3.898s][gc,heap     ] GC(36)      Free:       94M (37%)          72M (28%)         200M (78%)         200M (78%)         200M (78%)          68M (27%)    
[2024-07-21T19:49:14.473+0800][3.898s][gc,heap     ] GC(36)      Used:      162M (63%)         184M (72%)          56M (22%)          56M (22%)         188M (73%)          56M (22%)    
[2024-07-21T19:49:14.473+0800][3.898s][gc,heap     ] GC(36)      Live:         -                 6M (3%)            6M (3%)            6M (3%)             -                  -          
[2024-07-21T19:49:14.473+0800][3.898s][gc,heap     ] GC(36) Allocated:         -                22M (9%)           38M (15%)          38M (15%)            -                  -          
[2024-07-21T19:49:14.473+0800][3.898s][gc,heap     ] GC(36)   Garbage:         -               155M (61%)          11M (4%)           11M (4%)             -                  -          
[2024-07-21T19:49:14.473+0800][3.899s][gc,heap     ] GC(36) Reclaimed:         -                  -               144M (56%)         144M (56%)            -                  -          
[2024-07-21T19:49:14.473+0800][3.899s][gc          ] GC(36) Garbage Collection (Allocation Rate) 162M(63%)->56M(22%)
[2024-07-21T19:49:14.548+0800][3.973s][gc,start    ] GC(37) Garbage Collection (Allocation Rate)
[2024-07-21T19:49:14.548+0800][3.973s][gc,task     ] GC(37) Using 2 workers
[2024-07-21T19:49:14.548+0800][3.973s][gc,phases   ] GC(37) Pause Mark Start 0.006ms
[2024-07-21T19:49:14.563+0800][3.988s][gc,phases   ] GC(37) Concurrent Mark 14.814ms
[2024-07-21T19:49:14.563+0800][3.988s][gc,phases   ] GC(37) Pause Mark End 0.047ms
[2024-07-21T19:49:14.563+0800][3.988s][gc,phases   ] GC(37) Concurrent Mark Free 0.001ms
[2024-07-21T19:49:14.564+0800][3.989s][gc,phases   ] GC(37) Concurrent Process Non-Strong References 0.938ms
[2024-07-21T19:49:14.564+0800][3.989s][gc,phases   ] GC(37) Concurrent Reset Relocation Set 0.001ms
[2024-07-21T19:49:14.567+0800][3.992s][gc,phases   ] GC(37) Concurrent Select Relocation Set 2.669ms
[2024-07-21T19:49:14.567+0800][3.992s][gc,phases   ] GC(37) Pause Relocate Start 0.007ms
[2024-07-21T19:49:14.568+0800][3.993s][gc,phases   ] GC(37) Concurrent Relocate 0.797ms
[2024-07-21T19:49:14.568+0800][3.993s][gc,load     ] GC(37) Load: 0.00/0.00/0.00
[2024-07-21T19:49:14.568+0800][3.993s][gc,mmu      ] GC(37) MMU: 2ms/96.3%, 5ms/98.5%, 10ms/99.2%, 20ms/99.6%, 50ms/99.8%, 100ms/99.9%
[2024-07-21T19:49:14.568+0800][3.993s][gc,marking  ] GC(37) Mark: 2 stripe(s), 2 proactive flush(es), 1 terminate flush(es), 0 completion(s), 0 continuation(s) 
[2024-07-21T19:49:14.568+0800][3.993s][gc,marking  ] GC(37) Mark Stack Usage: 32M
[2024-07-21T19:49:14.568+0800][3.993s][gc,nmethod  ] GC(37) NMethods: 415 registered, 0 unregistered
[2024-07-21T19:49:14.568+0800][3.993s][gc,metaspace] GC(37) Metaspace: 1M used, 1M committed, 1032M reserved
[2024-07-21T19:49:14.568+0800][3.993s][gc,ref      ] GC(37) Soft: 93 encountered, 0 discovered, 0 enqueued
[2024-07-21T19:49:14.568+0800][3.993s][gc,ref      ] GC(37) Weak: 131 encountered, 94 discovered, 0 enqueued
[2024-07-21T19:49:14.568+0800][3.993s][gc,ref      ] GC(37) Final: 0 encountered, 0 discovered, 0 enqueued
[2024-07-21T19:49:14.568+0800][3.993s][gc,ref      ] GC(37) Phantom: 184 encountered, 112 discovered, 0 enqueued
[2024-07-21T19:49:14.569+0800][3.993s][gc,reloc    ] GC(37) Small Pages: 5 / 10M, Empty: 2M, Relocated: 1M, In-Place: 0
[2024-07-21T19:49:14.569+0800][3.993s][gc,reloc    ] GC(37) Medium Pages: 1 / 8M, Empty: 0M, Relocated: 0M, In-Place: 0
[2024-07-21T19:49:14.569+0800][3.993s][gc,reloc    ] GC(37) Large Pages: 62 / 124M, Empty: 122M, Relocated: 0M, In-Place: 0
[2024-07-21T19:49:14.569+0800][3.993s][gc,reloc    ] GC(37) Forwarding Usage: 0M
[2024-07-21T19:49:14.569+0800][3.994s][gc,heap     ] GC(37) Min Capacity: 8M(3%)
[2024-07-21T19:49:14.569+0800][3.994s][gc,heap     ] GC(37) Max Capacity: 256M(100%)
[2024-07-21T19:49:14.569+0800][3.994s][gc,heap     ] GC(37) Soft Max Capacity: 256M(100%)
[2024-07-21T19:49:14.569+0800][3.994s][gc,heap     ] GC(37)                Mark Start          Mark End        Relocate Start      Relocate End           High               Low         
[2024-07-21T19:49:14.569+0800][3.994s][gc,heap     ] GC(37)  Capacity:      256M (100%)        256M (100%)        256M (100%)        256M (100%)        256M (100%)        256M (100%)   
[2024-07-21T19:49:14.569+0800][3.994s][gc,heap     ] GC(37)      Free:      114M (45%)          94M (37%)         202M (79%)         202M (79%)         202M (79%)          78M (30%)    
[2024-07-21T19:49:14.569+0800][3.994s][gc,heap     ] GC(37)      Used:      142M (55%)         162M (63%)          54M (21%)          54M (21%)         178M (70%)          54M (21%)    
[2024-07-21T19:49:14.569+0800][3.994s][gc,heap     ] GC(37)      Live:         -                 6M (3%)            6M (3%)            6M (3%)             -                  -          
[2024-07-21T19:49:14.569+0800][3.994s][gc,heap     ] GC(37) Allocated:         -                20M (8%)           36M (14%)          36M (14%)            -                  -          
[2024-07-21T19:49:14.569+0800][3.994s][gc,heap     ] GC(37)   Garbage:         -               135M (53%)          11M (4%)           11M (4%)             -                  -          
[2024-07-21T19:49:14.569+0800][3.994s][gc,heap     ] GC(37) Reclaimed:         -                  -               124M (48%)         124M (48%)            -                  -          
[2024-07-21T19:49:14.569+0800][3.994s][gc          ] GC(37) Garbage Collection (Allocation Rate) 142M(55%)->54M(21%)
[2024-07-21T19:49:14.640+0800][4.065s][gc,start    ] GC(38) Garbage Collection (Allocation Rate)
[2024-07-21T19:49:14.640+0800][4.065s][gc,task     ] GC(38) Using 2 workers
[2024-07-21T19:49:14.640+0800][4.065s][gc,phases   ] GC(38) Pause Mark Start 0.006ms
[2024-07-21T19:49:14.656+0800][4.081s][gc,phases   ] GC(38) Concurrent Mark 15.675ms
[2024-07-21T19:49:14.658+0800][4.083s][gc,phases   ] GC(38) Pause Mark End 0.012ms
[2024-07-21T19:49:14.658+0800][4.083s][gc,phases   ] GC(38) Concurrent Mark Free 0.001ms
[2024-07-21T19:49:14.659+0800][4.084s][gc,phases   ] GC(38) Concurrent Process Non-Strong References 1.075ms
[2024-07-21T19:49:14.659+0800][4.084s][gc,phases   ] GC(38) Concurrent Reset Relocation Set 0.001ms
[2024-07-21T19:49:14.661+0800][4.086s][gc,phases   ] GC(38) Concurrent Select Relocation Set 1.718ms
[2024-07-21T19:49:14.661+0800][4.086s][gc,phases   ] GC(38) Pause Relocate Start 0.005ms
[2024-07-21T19:49:14.662+0800][4.087s][gc,phases   ] GC(38) Concurrent Relocate 0.893ms
[2024-07-21T19:49:14.662+0800][4.087s][gc,load     ] GC(38) Load: 0.00/0.00/0.00
[2024-07-21T19:49:14.662+0800][4.087s][gc,mmu      ] GC(38) MMU: 2ms/96.3%, 5ms/98.5%, 10ms/99.2%, 20ms/99.6%, 50ms/99.8%, 100ms/99.9%
[2024-07-21T19:49:14.662+0800][4.087s][gc,marking  ] GC(38) Mark: 2 stripe(s), 2 proactive flush(es), 1 terminate flush(es), 0 completion(s), 0 continuation(s) 
[2024-07-21T19:49:14.662+0800][4.087s][gc,marking  ] GC(38) Mark Stack Usage: 32M
[2024-07-21T19:49:14.662+0800][4.087s][gc,nmethod  ] GC(38) NMethods: 417 registered, 0 unregistered
[2024-07-21T19:49:14.662+0800][4.087s][gc,metaspace] GC(38) Metaspace: 1M used, 1M committed, 1032M reserved
[2024-07-21T19:49:14.662+0800][4.087s][gc,ref      ] GC(38) Soft: 93 encountered, 0 discovered, 0 enqueued
[2024-07-21T19:49:14.662+0800][4.087s][gc,ref      ] GC(38) Weak: 131 encountered, 94 discovered, 0 enqueued
[2024-07-21T19:49:14.662+0800][4.087s][gc,ref      ] GC(38) Final: 0 encountered, 0 discovered, 0 enqueued
[2024-07-21T19:49:14.662+0800][4.087s][gc,ref      ] GC(38) Phantom: 184 encountered, 125 discovered, 0 enqueued
[2024-07-21T19:49:14.662+0800][4.087s][gc,reloc    ] GC(38) Small Pages: 5 / 10M, Empty: 2M, Relocated: 1M, In-Place: 0
[2024-07-21T19:49:14.662+0800][4.087s][gc,reloc    ] GC(38) Medium Pages: 1 / 8M, Empty: 0M, Relocated: 0M, In-Place: 0
[2024-07-21T19:49:14.662+0800][4.087s][gc,reloc    ] GC(38) Large Pages: 60 / 120M, Empty: 118M, Relocated: 0M, In-Place: 0
[2024-07-21T19:49:14.662+0800][4.087s][gc,reloc    ] GC(38) Forwarding Usage: 0M
[2024-07-21T19:49:14.662+0800][4.087s][gc,heap     ] GC(38) Min Capacity: 8M(3%)
[2024-07-21T19:49:14.662+0800][4.087s][gc,heap     ] GC(38) Max Capacity: 256M(100%)
[2024-07-21T19:49:14.662+0800][4.087s][gc,heap     ] GC(38) Soft Max Capacity: 256M(100%)
[2024-07-21T19:49:14.662+0800][4.087s][gc,heap     ] GC(38)                Mark Start          Mark End        Relocate Start      Relocate End           High               Low         
[2024-07-21T19:49:14.662+0800][4.087s][gc,heap     ] GC(38)  Capacity:      256M (100%)        256M (100%)        256M (100%)        256M (100%)        256M (100%)        256M (100%)   
[2024-07-21T19:49:14.662+0800][4.087s][gc,heap     ] GC(38)      Free:      118M (46%)          80M (31%)         200M (78%)         200M (78%)         200M (78%)          80M (31%)    
[2024-07-21T19:49:14.662+0800][4.087s][gc,heap     ] GC(38)      Used:      138M (54%)         176M (69%)          56M (22%)          56M (22%)         176M (69%)          56M (22%)    
[2024-07-21T19:49:14.662+0800][4.087s][gc,heap     ] GC(38)      Live:         -                 6M (3%)            6M (3%)            6M (3%)             -                  -          
[2024-07-21T19:49:14.662+0800][4.087s][gc,heap     ] GC(38) Allocated:         -                38M (15%)          38M (15%)          38M (15%)            -                  -          
[2024-07-21T19:49:14.662+0800][4.087s][gc,heap     ] GC(38)   Garbage:         -               131M (51%)          11M (4%)           11M (4%)             -                  -          
[2024-07-21T19:49:14.662+0800][4.087s][gc,heap     ] GC(38) Reclaimed:         -                  -               120M (47%)         120M (47%)            -                  -          
[2024-07-21T19:49:14.662+0800][4.087s][gc          ] GC(38) Garbage Collection (Allocation Rate) 138M(54%)->56M(22%)
[2024-07-21T19:49:14.751+0800][4.176s][gc,start    ] GC(39) Garbage Collection (Allocation Rate)
[2024-07-21T19:49:14.751+0800][4.176s][gc,task     ] GC(39) Using 2 workers
[2024-07-21T19:49:14.751+0800][4.176s][gc,phases   ] GC(39) Pause Mark Start 0.005ms
[2024-07-21T19:49:14.767+0800][4.192s][gc,phases   ] GC(39) Concurrent Mark 16.072ms
[2024-07-21T19:49:14.767+0800][4.192s][gc,phases   ] GC(39) Pause Mark End 0.010ms
[2024-07-21T19:49:14.768+0800][4.192s][gc,phases   ] GC(39) Concurrent Mark Free 0.001ms
[2024-07-21T19:49:14.769+0800][4.194s][gc,phases   ] GC(39) Concurrent Process Non-Strong References 1.286ms
[2024-07-21T19:49:14.769+0800][4.194s][gc,phases   ] GC(39) Concurrent Reset Relocation Set 0.001ms
[2024-07-21T19:49:14.771+0800][4.196s][gc,phases   ] GC(39) Concurrent Select Relocation Set 2.035ms
[2024-07-21T19:49:14.771+0800][4.196s][gc,phases   ] GC(39) Pause Relocate Start 0.008ms
[2024-07-21T19:49:14.772+0800][4.197s][gc,phases   ] GC(39) Concurrent Relocate 0.974ms
[2024-07-21T19:49:14.772+0800][4.197s][gc,load     ] GC(39) Load: 0.00/0.00/0.00
[2024-07-21T19:49:14.772+0800][4.197s][gc,mmu      ] GC(39) MMU: 2ms/96.3%, 5ms/98.5%, 10ms/99.2%, 20ms/99.6%, 50ms/99.8%, 100ms/99.9%
[2024-07-21T19:49:14.772+0800][4.197s][gc,marking  ] GC(39) Mark: 2 stripe(s), 2 proactive flush(es), 1 terminate flush(es), 0 completion(s), 0 continuation(s) 
[2024-07-21T19:49:14.772+0800][4.197s][gc,marking  ] GC(39) Mark Stack Usage: 32M
[2024-07-21T19:49:14.772+0800][4.197s][gc,nmethod  ] GC(39) NMethods: 417 registered, 0 unregistered
[2024-07-21T19:49:14.772+0800][4.197s][gc,metaspace] GC(39) Metaspace: 1M used, 1M committed, 1032M reserved
[2024-07-21T19:49:14.772+0800][4.197s][gc,ref      ] GC(39) Soft: 93 encountered, 0 discovered, 0 enqueued
[2024-07-21T19:49:14.772+0800][4.197s][gc,ref      ] GC(39) Weak: 131 encountered, 95 discovered, 0 enqueued
[2024-07-21T19:49:14.772+0800][4.197s][gc,ref      ] GC(39) Final: 0 encountered, 0 discovered, 0 enqueued
[2024-07-21T19:49:14.773+0800][4.197s][gc,ref      ] GC(39) Phantom: 184 encountered, 157 discovered, 0 enqueued
[2024-07-21T19:49:14.773+0800][4.197s][gc,reloc    ] GC(39) Small Pages: 5 / 10M, Empty: 2M, Relocated: 1M, In-Place: 0
[2024-07-21T19:49:14.773+0800][4.197s][gc,reloc    ] GC(39) Medium Pages: 1 / 8M, Empty: 0M, Relocated: 0M, In-Place: 0
[2024-07-21T19:49:14.773+0800][4.197s][gc,reloc    ] GC(39) Large Pages: 72 / 144M, Empty: 138M, Relocated: 0M, In-Place: 0
[2024-07-21T19:49:14.773+0800][4.198s][gc,reloc    ] GC(39) Forwarding Usage: 0M
[2024-07-21T19:49:14.773+0800][4.198s][gc,heap     ] GC(39) Min Capacity: 8M(3%)
[2024-07-21T19:49:14.773+0800][4.198s][gc,heap     ] GC(39) Max Capacity: 256M(100%)
[2024-07-21T19:49:14.773+0800][4.198s][gc,heap     ] GC(39) Soft Max Capacity: 256M(100%)
[2024-07-21T19:49:14.773+0800][4.198s][gc,heap     ] GC(39)                Mark Start          Mark End        Relocate Start      Relocate End           High               Low         
[2024-07-21T19:49:14.773+0800][4.198s][gc,heap     ] GC(39)  Capacity:      256M (100%)        256M (100%)        256M (100%)        256M (100%)        256M (100%)        256M (100%)   
[2024-07-21T19:49:14.773+0800][4.198s][gc,heap     ] GC(39)      Free:       94M (37%)          70M (27%)         198M (77%)         198M (77%)         198M (77%)          58M (23%)    
[2024-07-21T19:49:14.773+0800][4.198s][gc,heap     ] GC(39)      Used:      162M (63%)         186M (73%)          58M (23%)          58M (23%)         198M (77%)          58M (23%)    
[2024-07-21T19:49:14.773+0800][4.198s][gc,heap     ] GC(39)      Live:         -                10M (4%)           10M (4%)           10M (4%)             -                  -          
[2024-07-21T19:49:14.773+0800][4.198s][gc,heap     ] GC(39) Allocated:         -                24M (9%)           36M (14%)          36M (14%)            -                  -          
[2024-07-21T19:49:14.773+0800][4.198s][gc,heap     ] GC(39)   Garbage:         -               151M (59%)          11M (4%)           11M (4%)             -                  -          
[2024-07-21T19:49:14.773+0800][4.198s][gc,heap     ] GC(39) Reclaimed:         -                  -               140M (55%)         140M (55%)            -                  -          
[2024-07-21T19:49:14.773+0800][4.198s][gc          ] GC(39) Garbage Collection (Allocation Rate) 162M(63%)->58M(23%)
[2024-07-21T19:49:14.847+0800][4.272s][gc,start    ] GC(40) Garbage Collection (Allocation Rate)
[2024-07-21T19:49:14.847+0800][4.272s][gc,task     ] GC(40) Using 2 workers
[2024-07-21T19:49:14.847+0800][4.272s][gc,phases   ] GC(40) Pause Mark Start 0.006ms
[2024-07-21T19:49:14.863+0800][4.288s][gc,phases   ] GC(40) Concurrent Mark 15.665ms
[2024-07-21T19:49:14.863+0800][4.288s][gc,phases   ] GC(40) Pause Mark End 0.034ms
[2024-07-21T19:49:14.864+0800][4.288s][gc,phases   ] GC(40) Concurrent Mark Free 0.002ms
[2024-07-21T19:49:14.865+0800][4.290s][gc,phases   ] GC(40) Concurrent Process Non-Strong References 1.191ms
[2024-07-21T19:49:14.865+0800][4.290s][gc,phases   ] GC(40) Concurrent Reset Relocation Set 0.001ms
[2024-07-21T19:49:14.867+0800][4.292s][gc,phases   ] GC(40) Concurrent Select Relocation Set 1.836ms
[2024-07-21T19:49:14.867+0800][4.292s][gc,phases   ] GC(40) Pause Relocate Start 0.006ms
[2024-07-21T19:49:14.868+0800][4.293s][gc,phases   ] GC(40) Concurrent Relocate 0.742ms
[2024-07-21T19:49:14.868+0800][4.293s][gc,load     ] GC(40) Load: 0.00/0.00/0.00
[2024-07-21T19:49:14.868+0800][4.293s][gc,mmu      ] GC(40) MMU: 2ms/96.3%, 5ms/98.5%, 10ms/99.2%, 20ms/99.6%, 50ms/99.8%, 100ms/99.9%
[2024-07-21T19:49:14.868+0800][4.293s][gc,marking  ] GC(40) Mark: 2 stripe(s), 2 proactive flush(es), 1 terminate flush(es), 0 completion(s), 0 continuation(s) 
[2024-07-21T19:49:14.868+0800][4.293s][gc,marking  ] GC(40) Mark Stack Usage: 32M
[2024-07-21T19:49:14.868+0800][4.293s][gc,nmethod  ] GC(40) NMethods: 418 registered, 0 unregistered
[2024-07-21T19:49:14.868+0800][4.293s][gc,metaspace] GC(40) Metaspace: 1M used, 1M committed, 1032M reserved
[2024-07-21T19:49:14.868+0800][4.293s][gc,ref      ] GC(40) Soft: 93 encountered, 0 discovered, 0 enqueued
[2024-07-21T19:49:14.868+0800][4.293s][gc,ref      ] GC(40) Weak: 131 encountered, 95 discovered, 0 enqueued
[2024-07-21T19:49:14.868+0800][4.293s][gc,ref      ] GC(40) Final: 0 encountered, 0 discovered, 0 enqueued
[2024-07-21T19:49:14.868+0800][4.293s][gc,ref      ] GC(40) Phantom: 184 encountered, 157 discovered, 0 enqueued
[2024-07-21T19:49:14.868+0800][4.293s][gc,reloc    ] GC(40) Small Pages: 5 / 10M, Empty: 2M, Relocated: 1M, In-Place: 0
[2024-07-21T19:49:14.868+0800][4.293s][gc,reloc    ] GC(40) Medium Pages: 1 / 8M, Empty: 0M, Relocated: 0M, In-Place: 0
[2024-07-21T19:49:14.868+0800][4.293s][gc,reloc    ] GC(40) Large Pages: 62 / 124M, Empty: 120M, Relocated: 0M, In-Place: 0
[2024-07-21T19:49:14.868+0800][4.293s][gc,reloc    ] GC(40) Forwarding Usage: 0M
[2024-07-21T19:49:14.868+0800][4.293s][gc,heap     ] GC(40) Min Capacity: 8M(3%)
[2024-07-21T19:49:14.868+0800][4.293s][gc,heap     ] GC(40) Max Capacity: 256M(100%)
[2024-07-21T19:49:14.868+0800][4.293s][gc,heap     ] GC(40) Soft Max Capacity: 256M(100%)
[2024-07-21T19:49:14.868+0800][4.293s][gc,heap     ] GC(40)                Mark Start          Mark End        Relocate Start      Relocate End           High               Low         
[2024-07-21T19:49:14.868+0800][4.293s][gc,heap     ] GC(40)  Capacity:      256M (100%)        256M (100%)        256M (100%)        256M (100%)        256M (100%)        256M (100%)   
[2024-07-21T19:49:14.868+0800][4.293s][gc,heap     ] GC(40)      Free:      114M (45%)          94M (37%)         198M (77%)         198M (77%)         198M (77%)          76M (30%)    
[2024-07-21T19:49:14.868+0800][4.293s][gc,heap     ] GC(40)      Used:      142M (55%)         162M (63%)          58M (23%)          58M (23%)         180M (70%)          58M (23%)    
[2024-07-21T19:49:14.868+0800][4.293s][gc,heap     ] GC(40)      Live:         -                 8M (3%)            8M (3%)            8M (3%)             -                  -          
[2024-07-21T19:49:14.868+0800][4.293s][gc,heap     ] GC(40) Allocated:         -                20M (8%)           38M (15%)          38M (15%)            -                  -          
[2024-07-21T19:49:14.868+0800][4.293s][gc,heap     ] GC(40)   Garbage:         -               133M (52%)          11M (4%)           11M (4%)             -                  -          
[2024-07-21T19:49:14.868+0800][4.293s][gc,heap     ] GC(40) Reclaimed:         -                  -               122M (48%)         122M (48%)            -                  -          
[2024-07-21T19:49:14.868+0800][4.293s][gc          ] GC(40) Garbage Collection (Allocation Rate) 142M(55%)->58M(23%)
[2024-07-21T19:49:14.940+0800][4.365s][gc,start    ] GC(41) Garbage Collection (Allocation Rate)
[2024-07-21T19:49:14.940+0800][4.365s][gc,task     ] GC(41) Using 2 workers
[2024-07-21T19:49:14.940+0800][4.365s][gc,phases   ] GC(41) Pause Mark Start 0.018ms
[2024-07-21T19:49:14.955+0800][4.380s][gc,phases   ] GC(41) Concurrent Mark 14.809ms
[2024-07-21T19:49:14.956+0800][4.381s][gc,phases   ] GC(41) Pause Mark End 0.032ms
[2024-07-21T19:49:14.956+0800][4.381s][gc,phases   ] GC(41) Concurrent Mark Free 0.001ms
[2024-07-21T19:49:14.957+0800][4.382s][gc,phases   ] GC(41) Concurrent Process Non-Strong References 1.587ms
[2024-07-21T19:49:14.957+0800][4.382s][gc,phases   ] GC(41) Concurrent Reset Relocation Set 0.001ms
[2024-07-21T19:49:14.959+0800][4.385s][gc,phases   ] GC(41) Concurrent Select Relocation Set 2.247ms
[2024-07-21T19:49:14.960+0800][4.385s][gc,phases   ] GC(41) Pause Relocate Start 0.007ms
[2024-07-21T19:49:14.961+0800][4.386s][gc,phases   ] GC(41) Concurrent Relocate 0.850ms
[2024-07-21T19:49:14.961+0800][4.386s][gc,load     ] GC(41) Load: 0.00/0.00/0.00
[2024-07-21T19:49:14.961+0800][4.386s][gc,mmu      ] GC(41) MMU: 2ms/96.3%, 5ms/98.5%, 10ms/99.2%, 20ms/99.6%, 50ms/99.8%, 100ms/99.9%
[2024-07-21T19:49:14.961+0800][4.386s][gc,marking  ] GC(41) Mark: 2 stripe(s), 2 proactive flush(es), 1 terminate flush(es), 0 completion(s), 0 continuation(s) 
[2024-07-21T19:49:14.961+0800][4.386s][gc,marking  ] GC(41) Mark Stack Usage: 32M
[2024-07-21T19:49:14.961+0800][4.386s][gc,nmethod  ] GC(41) NMethods: 429 registered, 0 unregistered
[2024-07-21T19:49:14.961+0800][4.386s][gc,metaspace] GC(41) Metaspace: 1M used, 1M committed, 1032M reserved
[2024-07-21T19:49:14.961+0800][4.386s][gc,ref      ] GC(41) Soft: 93 encountered, 0 discovered, 0 enqueued
[2024-07-21T19:49:14.961+0800][4.386s][gc,ref      ] GC(41) Weak: 131 encountered, 0 discovered, 0 enqueued
[2024-07-21T19:49:14.961+0800][4.386s][gc,ref      ] GC(41) Final: 0 encountered, 0 discovered, 0 enqueued
[2024-07-21T19:49:14.961+0800][4.386s][gc,ref      ] GC(41) Phantom: 184 encountered, 179 discovered, 0 enqueued
[2024-07-21T19:49:14.961+0800][4.386s][gc,reloc    ] GC(41) Small Pages: 5 / 10M, Empty: 2M, Relocated: 1M, In-Place: 0
[2024-07-21T19:49:14.961+0800][4.386s][gc,reloc    ] GC(41) Medium Pages: 1 / 8M, Empty: 0M, Relocated: 0M, In-Place: 0
[2024-07-21T19:49:14.961+0800][4.386s][gc,reloc    ] GC(41) Large Pages: 62 / 124M, Empty: 120M, Relocated: 0M, In-Place: 0
[2024-07-21T19:49:14.961+0800][4.386s][gc,reloc    ] GC(41) Forwarding Usage: 0M
[2024-07-21T19:49:14.961+0800][4.386s][gc,heap     ] GC(41) Min Capacity: 8M(3%)
[2024-07-21T19:49:14.961+0800][4.386s][gc,heap     ] GC(41) Max Capacity: 256M(100%)
[2024-07-21T19:49:14.961+0800][4.386s][gc,heap     ] GC(41) Soft Max Capacity: 256M(100%)
[2024-07-21T19:49:14.961+0800][4.386s][gc,heap     ] GC(41)                Mark Start          Mark End        Relocate Start      Relocate End           High               Low         
[2024-07-21T19:49:14.961+0800][4.386s][gc,heap     ] GC(41)  Capacity:      256M (100%)        256M (100%)        256M (100%)        256M (100%)        256M (100%)        256M (100%)   
[2024-07-21T19:49:14.961+0800][4.386s][gc,heap     ] GC(41)      Free:      114M (45%)          94M (37%)         198M (77%)         198M (77%)         198M (77%)          76M (30%)    
[2024-07-21T19:49:14.961+0800][4.386s][gc,heap     ] GC(41)      Used:      142M (55%)         162M (63%)          58M (23%)          58M (23%)         180M (70%)          58M (23%)    
[2024-07-21T19:49:14.961+0800][4.386s][gc,heap     ] GC(41)      Live:         -                 8M (3%)            8M (3%)            8M (3%)             -                  -          
[2024-07-21T19:49:14.961+0800][4.386s][gc,heap     ] GC(41) Allocated:         -                20M (8%)           38M (15%)          38M (15%)            -                  -          
[2024-07-21T19:49:14.961+0800][4.386s][gc,heap     ] GC(41)   Garbage:         -               133M (52%)          11M (4%)           11M (4%)             -                  -          
[2024-07-21T19:49:14.961+0800][4.386s][gc,heap     ] GC(41) Reclaimed:         -                  -               122M (48%)         122M (48%)            -                  -          
[2024-07-21T19:49:14.961+0800][4.387s][gc          ] GC(41) Garbage Collection (Allocation Rate) 142M(55%)->58M(23%)
[2024-07-21T19:49:15.050+0800][4.474s][gc,start    ] GC(42) Garbage Collection (Allocation Rate)
[2024-07-21T19:49:15.050+0800][4.474s][gc,task     ] GC(42) Using 2 workers
[2024-07-21T19:49:15.050+0800][4.474s][gc,phases   ] GC(42) Pause Mark Start 0.006ms
[2024-07-21T19:49:15.066+0800][4.490s][gc,phases   ] GC(42) Concurrent Mark 15.587ms
[2024-07-21T19:49:15.066+0800][4.490s][gc,phases   ] GC(42) Pause Mark End 0.011ms
[2024-07-21T19:49:15.066+0800][4.491s][gc,phases   ] GC(42) Concurrent Mark Free 0.001ms
[2024-07-21T19:49:15.066+0800][4.492s][gc,phases   ] GC(42) Concurrent Process Non-Strong References 1.129ms
[2024-07-21T19:49:15.066+0800][4.492s][gc,phases   ] GC(42) Concurrent Reset Relocation Set 0.001ms
[2024-07-21T19:49:15.068+0800][4.494s][gc,phases   ] GC(42) Concurrent Select Relocation Set 1.737ms
[2024-07-21T19:49:15.068+0800][4.494s][gc,phases   ] GC(42) Pause Relocate Start 0.006ms
[2024-07-21T19:49:15.069+0800][4.495s][gc,phases   ] GC(42) Concurrent Relocate 0.784ms
[2024-07-21T19:49:15.069+0800][4.495s][gc,load     ] GC(42) Load: 0.00/0.00/0.00
[2024-07-21T19:49:15.069+0800][4.495s][gc,mmu      ] GC(42) MMU: 2ms/96.3%, 5ms/98.5%, 10ms/99.2%, 20ms/99.6%, 50ms/99.8%, 100ms/99.9%
[2024-07-21T19:49:15.069+0800][4.495s][gc,marking  ] GC(42) Mark: 2 stripe(s), 2 proactive flush(es), 1 terminate flush(es), 0 completion(s), 0 continuation(s) 
[2024-07-21T19:49:15.069+0800][4.495s][gc,marking  ] GC(42) Mark Stack Usage: 32M
[2024-07-21T19:49:15.069+0800][4.495s][gc,nmethod  ] GC(42) NMethods: 429 registered, 0 unregistered
[2024-07-21T19:49:15.069+0800][4.495s][gc,metaspace] GC(42) Metaspace: 1M used, 1M committed, 1032M reserved
[2024-07-21T19:49:15.069+0800][4.495s][gc,ref      ] GC(42) Soft: 93 encountered, 0 discovered, 0 enqueued
[2024-07-21T19:49:15.069+0800][4.495s][gc,ref      ] GC(42) Weak: 131 encountered, 93 discovered, 0 enqueued
[2024-07-21T19:49:15.070+0800][4.495s][gc,ref      ] GC(42) Final: 0 encountered, 0 discovered, 0 enqueued
[2024-07-21T19:49:15.070+0800][4.495s][gc,ref      ] GC(42) Phantom: 184 encountered, 127 discovered, 0 enqueued
[2024-07-21T19:49:15.070+0800][4.495s][gc,reloc    ] GC(42) Small Pages: 5 / 10M, Empty: 2M, Relocated: 1M, In-Place: 0
[2024-07-21T19:49:15.070+0800][4.495s][gc,reloc    ] GC(42) Medium Pages: 1 / 8M, Empty: 0M, Relocated: 0M, In-Place: 0
[2024-07-21T19:49:15.070+0800][4.495s][gc,reloc    ] GC(42) Large Pages: 72 / 144M, Empty: 142M, Relocated: 0M, In-Place: 0
[2024-07-21T19:49:15.070+0800][4.495s][gc,reloc    ] GC(42) Forwarding Usage: 0M
[2024-07-21T19:49:15.070+0800][4.495s][gc,heap     ] GC(42) Min Capacity: 8M(3%)
[2024-07-21T19:49:15.070+0800][4.495s][gc,heap     ] GC(42) Max Capacity: 256M(100%)
[2024-07-21T19:49:15.070+0800][4.495s][gc,heap     ] GC(42) Soft Max Capacity: 256M(100%)
[2024-07-21T19:49:15.070+0800][4.495s][gc,heap     ] GC(42)                Mark Start          Mark End        Relocate Start      Relocate End           High               Low         
[2024-07-21T19:49:15.070+0800][4.495s][gc,heap     ] GC(42)  Capacity:      256M (100%)        256M (100%)        256M (100%)        256M (100%)        256M (100%)        256M (100%)   
[2024-07-21T19:49:15.070+0800][4.495s][gc,heap     ] GC(42)      Free:       94M (37%)          72M (28%)         200M (78%)         200M (78%)         200M (78%)          56M (22%)    
[2024-07-21T19:49:15.070+0800][4.495s][gc,heap     ] GC(42)      Used:      162M (63%)         184M (72%)          56M (22%)          56M (22%)         200M (78%)          56M (22%)    
[2024-07-21T19:49:15.070+0800][4.495s][gc,heap     ] GC(42)      Live:         -                 6M (3%)            6M (3%)            6M (3%)             -                  -          
[2024-07-21T19:49:15.070+0800][4.495s][gc,heap     ] GC(42) Allocated:         -                22M (9%)           38M (15%)          38M (15%)            -                  -          
[2024-07-21T19:49:15.070+0800][4.495s][gc,heap     ] GC(42)   Garbage:         -               155M (61%)          11M (4%)           11M (4%)             -                  -          
[2024-07-21T19:49:15.070+0800][4.495s][gc,heap     ] GC(42) Reclaimed:         -                  -               144M (56%)         144M (56%)            -                  -          
[2024-07-21T19:49:15.070+0800][4.495s][gc          ] GC(42) Garbage Collection (Allocation Rate) 162M(63%)->56M(22%)
[2024-07-21T19:49:15.145+0800][4.570s][gc,start    ] GC(43) Garbage Collection (Allocation Rate)
[2024-07-21T19:49:15.145+0800][4.570s][gc,task     ] GC(43) Using 2 workers
[2024-07-21T19:49:15.145+0800][4.570s][gc,phases   ] GC(43) Pause Mark Start 0.008ms
[2024-07-21T19:49:15.162+0800][4.586s][gc,phases   ] GC(43) Concurrent Mark 15.734ms
[2024-07-21T19:49:15.162+0800][4.586s][gc,phases   ] GC(43) Pause Mark End 0.024ms
[2024-07-21T19:49:15.162+0800][4.587s][gc,phases   ] GC(43) Concurrent Mark Free 0.003ms
[2024-07-21T19:49:15.163+0800][4.588s][gc,phases   ] GC(43) Concurrent Process Non-Strong References 1.315ms
[2024-07-21T19:49:15.163+0800][4.588s][gc,phases   ] GC(43) Concurrent Reset Relocation Set 0.002ms
[2024-07-21T19:49:15.165+0800][4.590s][gc,phases   ] GC(43) Concurrent Select Relocation Set 2.123ms
[2024-07-21T19:49:15.165+0800][4.590s][gc,phases   ] GC(43) Pause Relocate Start 0.007ms
[2024-07-21T19:49:15.166+0800][4.591s][gc,phases   ] GC(43) Concurrent Relocate 0.790ms
[2024-07-21T19:49:15.166+0800][4.591s][gc,load     ] GC(43) Load: 0.00/0.00/0.00
[2024-07-21T19:49:15.166+0800][4.591s][gc,mmu      ] GC(43) MMU: 2ms/96.3%, 5ms/98.5%, 10ms/99.2%, 20ms/99.6%, 50ms/99.8%, 100ms/99.9%
[2024-07-21T19:49:15.166+0800][4.591s][gc,marking  ] GC(43) Mark: 2 stripe(s), 2 proactive flush(es), 1 terminate flush(es), 0 completion(s), 0 continuation(s) 
[2024-07-21T19:49:15.166+0800][4.591s][gc,marking  ] GC(43) Mark Stack Usage: 32M
[2024-07-21T19:49:15.166+0800][4.591s][gc,nmethod  ] GC(43) NMethods: 430 registered, 0 unregistered
[2024-07-21T19:49:15.166+0800][4.591s][gc,metaspace] GC(43) Metaspace: 1M used, 1M committed, 1032M reserved
[2024-07-21T19:49:15.166+0800][4.591s][gc,ref      ] GC(43) Soft: 93 encountered, 0 discovered, 0 enqueued
[2024-07-21T19:49:15.166+0800][4.591s][gc,ref      ] GC(43) Weak: 131 encountered, 94 discovered, 0 enqueued
[2024-07-21T19:49:15.166+0800][4.591s][gc,ref      ] GC(43) Final: 0 encountered, 0 discovered, 0 enqueued
[2024-07-21T19:49:15.166+0800][4.591s][gc,ref      ] GC(43) Phantom: 184 encountered, 108 discovered, 0 enqueued
[2024-07-21T19:49:15.166+0800][4.591s][gc,reloc    ] GC(43) Small Pages: 5 / 10M, Empty: 2M, Relocated: 1M, In-Place: 0
[2024-07-21T19:49:15.166+0800][4.592s][gc,reloc    ] GC(43) Medium Pages: 1 / 8M, Empty: 0M, Relocated: 0M, In-Place: 0
[2024-07-21T19:49:15.166+0800][4.592s][gc,reloc    ] GC(43) Large Pages: 62 / 124M, Empty: 122M, Relocated: 0M, In-Place: 0
[2024-07-21T19:49:15.166+0800][4.592s][gc,reloc    ] GC(43) Forwarding Usage: 0M
[2024-07-21T19:49:15.166+0800][4.592s][gc,heap     ] GC(43) Min Capacity: 8M(3%)
[2024-07-21T19:49:15.166+0800][4.592s][gc,heap     ] GC(43) Max Capacity: 256M(100%)
[2024-07-21T19:49:15.166+0800][4.592s][gc,heap     ] GC(43) Soft Max Capacity: 256M(100%)
[2024-07-21T19:49:15.166+0800][4.592s][gc,heap     ] GC(43)                Mark Start          Mark End        Relocate Start      Relocate End           High               Low         
[2024-07-21T19:49:15.166+0800][4.592s][gc,heap     ] GC(43)  Capacity:      256M (100%)        256M (100%)        256M (100%)        256M (100%)        256M (100%)        256M (100%)   
[2024-07-21T19:49:15.166+0800][4.592s][gc,heap     ] GC(43)      Free:      114M (45%)          98M (38%)         202M (79%)         202M (79%)         202M (79%)          78M (30%)    
[2024-07-21T19:49:15.166+0800][4.592s][gc,heap     ] GC(43)      Used:      142M (55%)         158M (62%)          54M (21%)          54M (21%)         178M (70%)          54M (21%)    
[2024-07-21T19:49:15.166+0800][4.592s][gc,heap     ] GC(43)      Live:         -                 6M (3%)            6M (3%)            6M (3%)             -                  -          
[2024-07-21T19:49:15.166+0800][4.592s][gc,heap     ] GC(43) Allocated:         -                16M (6%)           36M (14%)          36M (14%)            -                  -          
[2024-07-21T19:49:15.166+0800][4.592s][gc,heap     ] GC(43)   Garbage:         -               135M (53%)          11M (4%)           11M (4%)             -                  -          
[2024-07-21T19:49:15.166+0800][4.592s][gc,heap     ] GC(43) Reclaimed:         -                  -               124M (48%)         124M (48%)            -                  -          
[2024-07-21T19:49:15.166+0800][4.592s][gc          ] GC(43) Garbage Collection (Allocation Rate) 142M(55%)->54M(21%)
[2024-07-21T19:49:15.241+0800][4.665s][gc,start    ] GC(44) Garbage Collection (Allocation Rate)
[2024-07-21T19:49:15.241+0800][4.665s][gc,task     ] GC(44) Using 2 workers
[2024-07-21T19:49:15.241+0800][4.666s][gc,phases   ] GC(44) Pause Mark Start 0.008ms
[2024-07-21T19:49:15.256+0800][4.680s][gc,phases   ] GC(44) Concurrent Mark 14.646ms
[2024-07-21T19:49:15.256+0800][4.681s][gc,phases   ] GC(44) Pause Mark End 0.020ms
[2024-07-21T19:49:15.256+0800][4.681s][gc,phases   ] GC(44) Concurrent Mark Free 0.001ms
[2024-07-21T19:49:15.256+0800][4.682s][gc,phases   ] GC(44) Concurrent Process Non-Strong References 1.055ms
[2024-07-21T19:49:15.256+0800][4.682s][gc,phases   ] GC(44) Concurrent Reset Relocation Set 0.001ms
[2024-07-21T19:49:15.258+0800][4.683s][gc,phases   ] GC(44) Concurrent Select Relocation Set 1.682ms
[2024-07-21T19:49:15.258+0800][4.684s][gc,phases   ] GC(44) Pause Relocate Start 0.006ms
[2024-07-21T19:49:15.259+0800][4.685s][gc,phases   ] GC(44) Concurrent Relocate 0.754ms
[2024-07-21T19:49:15.259+0800][4.685s][gc,load     ] GC(44) Load: 0.00/0.00/0.00
[2024-07-21T19:49:15.259+0800][4.685s][gc,mmu      ] GC(44) MMU: 2ms/96.3%, 5ms/98.5%, 10ms/99.2%, 20ms/99.6%, 50ms/99.8%, 100ms/99.9%
[2024-07-21T19:49:15.259+0800][4.685s][gc,marking  ] GC(44) Mark: 2 stripe(s), 2 proactive flush(es), 1 terminate flush(es), 0 completion(s), 0 continuation(s) 
[2024-07-21T19:49:15.259+0800][4.685s][gc,marking  ] GC(44) Mark Stack Usage: 32M
[2024-07-21T19:49:15.259+0800][4.685s][gc,nmethod  ] GC(44) NMethods: 430 registered, 0 unregistered
[2024-07-21T19:49:15.259+0800][4.685s][gc,metaspace] GC(44) Metaspace: 1M used, 1M committed, 1032M reserved
[2024-07-21T19:49:15.259+0800][4.685s][gc,ref      ] GC(44) Soft: 93 encountered, 0 discovered, 0 enqueued
[2024-07-21T19:49:15.259+0800][4.685s][gc,ref      ] GC(44) Weak: 131 encountered, 94 discovered, 0 enqueued
[2024-07-21T19:49:15.259+0800][4.685s][gc,ref      ] GC(44) Final: 0 encountered, 0 discovered, 0 enqueued
[2024-07-21T19:49:15.259+0800][4.685s][gc,ref      ] GC(44) Phantom: 184 encountered, 157 discovered, 0 enqueued
[2024-07-21T19:49:15.259+0800][4.685s][gc,reloc    ] GC(44) Small Pages: 5 / 10M, Empty: 2M, Relocated: 1M, In-Place: 0
[2024-07-21T19:49:15.259+0800][4.685s][gc,reloc    ] GC(44) Medium Pages: 1 / 8M, Empty: 0M, Relocated: 0M, In-Place: 0
[2024-07-21T19:49:15.259+0800][4.685s][gc,reloc    ] GC(44) Large Pages: 60 / 120M, Empty: 118M, Relocated: 0M, In-Place: 0
[2024-07-21T19:49:15.259+0800][4.685s][gc,reloc    ] GC(44) Forwarding Usage: 0M
[2024-07-21T19:49:15.259+0800][4.685s][gc,heap     ] GC(44) Min Capacity: 8M(3%)
[2024-07-21T19:49:15.259+0800][4.685s][gc,heap     ] GC(44) Max Capacity: 256M(100%)
[2024-07-21T19:49:15.259+0800][4.685s][gc,heap     ] GC(44) Soft Max Capacity: 256M(100%)
[2024-07-21T19:49:15.259+0800][4.685s][gc,heap     ] GC(44)                Mark Start          Mark End        Relocate Start      Relocate End           High               Low         
[2024-07-21T19:49:15.260+0800][4.685s][gc,heap     ] GC(44)  Capacity:      256M (100%)        256M (100%)        256M (100%)        256M (100%)        256M (100%)        256M (100%)   
[2024-07-21T19:49:15.260+0800][4.685s][gc,heap     ] GC(44)      Free:      118M (46%)          94M (37%)         200M (78%)         200M (78%)         200M (78%)          80M (31%)    
[2024-07-21T19:49:15.260+0800][4.685s][gc,heap     ] GC(44)      Used:      138M (54%)         162M (63%)          56M (22%)          56M (22%)         176M (69%)          56M (22%)    
[2024-07-21T19:49:15.260+0800][4.685s][gc,heap     ] GC(44)      Live:         -                 6M (3%)            6M (3%)            6M (3%)             -                  -          
[2024-07-21T19:49:15.260+0800][4.685s][gc,heap     ] GC(44) Allocated:         -                24M (9%)           38M (15%)          38M (15%)            -                  -          
[2024-07-21T19:49:15.260+0800][4.685s][gc,heap     ] GC(44)   Garbage:         -               131M (51%)          11M (4%)           11M (4%)             -                  -          
[2024-07-21T19:49:15.260+0800][4.685s][gc,heap     ] GC(44) Reclaimed:         -                  -               120M (47%)         120M (47%)            -                  -          
[2024-07-21T19:49:15.260+0800][4.685s][gc          ] GC(44) Garbage Collection (Allocation Rate) 138M(54%)->56M(22%)
[2024-07-21T19:49:15.351+0800][4.776s][gc,start    ] GC(45) Garbage Collection (Allocation Rate)
[2024-07-21T19:49:15.351+0800][4.776s][gc,task     ] GC(45) Using 2 workers
[2024-07-21T19:49:15.352+0800][4.776s][gc,phases   ] GC(45) Pause Mark Start 0.011ms
[2024-07-21T19:49:15.368+0800][4.792s][gc,phases   ] GC(45) Concurrent Mark 15.835ms
[2024-07-21T19:49:15.368+0800][4.793s][gc,phases   ] GC(45) Pause Mark End 0.010ms
[2024-07-21T19:49:15.368+0800][4.793s][gc,phases   ] GC(45) Concurrent Mark Free 0.001ms
[2024-07-21T19:49:15.369+0800][4.794s][gc,phases   ] GC(45) Concurrent Process Non-Strong References 1.316ms
[2024-07-21T19:49:15.369+0800][4.794s][gc,phases   ] GC(45) Concurrent Reset Relocation Set 0.001ms
[2024-07-21T19:49:15.371+0800][4.796s][gc,phases   ] GC(45) Concurrent Select Relocation Set 2.068ms
[2024-07-21T19:49:15.371+0800][4.796s][gc,phases   ] GC(45) Pause Relocate Start 0.007ms
[2024-07-21T19:49:15.372+0800][4.797s][gc,phases   ] GC(45) Concurrent Relocate 0.843ms
[2024-07-21T19:49:15.372+0800][4.797s][gc,load     ] GC(45) Load: 0.00/0.00/0.00
[2024-07-21T19:49:15.372+0800][4.797s][gc,mmu      ] GC(45) MMU: 2ms/96.3%, 5ms/98.5%, 10ms/99.2%, 20ms/99.6%, 50ms/99.8%, 100ms/99.9%
[2024-07-21T19:49:15.372+0800][4.797s][gc,marking  ] GC(45) Mark: 2 stripe(s), 2 proactive flush(es), 1 terminate flush(es), 0 completion(s), 0 continuation(s) 
[2024-07-21T19:49:15.372+0800][4.797s][gc,marking  ] GC(45) Mark Stack Usage: 32M
[2024-07-21T19:49:15.372+0800][4.797s][gc,nmethod  ] GC(45) NMethods: 430 registered, 0 unregistered
[2024-07-21T19:49:15.372+0800][4.797s][gc,metaspace] GC(45) Metaspace: 1M used, 1M committed, 1032M reserved
[2024-07-21T19:49:15.372+0800][4.797s][gc,ref      ] GC(45) Soft: 93 encountered, 0 discovered, 0 enqueued
[2024-07-21T19:49:15.372+0800][4.797s][gc,ref      ] GC(45) Weak: 131 encountered, 107 discovered, 0 enqueued
[2024-07-21T19:49:15.372+0800][4.797s][gc,ref      ] GC(45) Final: 0 encountered, 0 discovered, 0 enqueued
[2024-07-21T19:49:15.372+0800][4.797s][gc,ref      ] GC(45) Phantom: 184 encountered, 129 discovered, 0 enqueued
[2024-07-21T19:49:15.372+0800][4.797s][gc,reloc    ] GC(45) Small Pages: 5 / 10M, Empty: 2M, Relocated: 1M, In-Place: 0
[2024-07-21T19:49:15.372+0800][4.797s][gc,reloc    ] GC(45) Medium Pages: 1 / 8M, Empty: 0M, Relocated: 0M, In-Place: 0
[2024-07-21T19:49:15.372+0800][4.797s][gc,reloc    ] GC(45) Large Pages: 71 / 142M, Empty: 138M, Relocated: 0M, In-Place: 0
[2024-07-21T19:49:15.372+0800][4.797s][gc,reloc    ] GC(45) Forwarding Usage: 0M
[2024-07-21T19:49:15.372+0800][4.797s][gc,heap     ] GC(45) Min Capacity: 8M(3%)
[2024-07-21T19:49:15.372+0800][4.797s][gc,heap     ] GC(45) Max Capacity: 256M(100%)
[2024-07-21T19:49:15.372+0800][4.797s][gc,heap     ] GC(45) Soft Max Capacity: 256M(100%)
[2024-07-21T19:49:15.372+0800][4.797s][gc,heap     ] GC(45)                Mark Start          Mark End        Relocate Start      Relocate End           High               Low         
[2024-07-21T19:49:15.372+0800][4.798s][gc,heap     ] GC(45)  Capacity:      256M (100%)        256M (100%)        256M (100%)        256M (100%)        256M (100%)        256M (100%)   
[2024-07-21T19:49:15.372+0800][4.798s][gc,heap     ] GC(45)      Free:       96M (38%)          72M (28%)         198M (77%)         198M (77%)         198M (77%)          58M (23%)    
[2024-07-21T19:49:15.372+0800][4.798s][gc,heap     ] GC(45)      Used:      160M (62%)         184M (72%)          58M (23%)          58M (23%)         198M (77%)          58M (23%)    
[2024-07-21T19:49:15.372+0800][4.798s][gc,heap     ] GC(45)      Live:         -                 8M (3%)            8M (3%)            8M (3%)             -                  -          
[2024-07-21T19:49:15.372+0800][4.798s][gc,heap     ] GC(45) Allocated:         -                24M (9%)           38M (15%)          38M (15%)            -                  -          
[2024-07-21T19:49:15.372+0800][4.798s][gc,heap     ] GC(45)   Garbage:         -               151M (59%)          11M (4%)           11M (4%)             -                  -          
[2024-07-21T19:49:15.372+0800][4.798s][gc,heap     ] GC(45) Reclaimed:         -                  -               140M (55%)         140M (55%)            -                  -          
[2024-07-21T19:49:15.372+0800][4.798s][gc          ] GC(45) Garbage Collection (Allocation Rate) 160M(62%)->58M(23%)
[2024-07-21T19:49:15.445+0800][4.870s][gc,start    ] GC(46) Garbage Collection (Allocation Rate)
[2024-07-21T19:49:15.445+0800][4.870s][gc,task     ] GC(46) Using 2 workers
[2024-07-21T19:49:15.445+0800][4.870s][gc,phases   ] GC(46) Pause Mark Start 0.030ms
[2024-07-21T19:49:15.461+0800][4.885s][gc,phases   ] GC(46) Concurrent Mark 14.634ms
[2024-07-21T19:49:15.461+0800][4.886s][gc,phases   ] GC(46) Pause Mark End 0.031ms
[2024-07-21T19:49:15.461+0800][4.886s][gc,phases   ] GC(46) Concurrent Mark Free 0.002ms
[2024-07-21T19:49:15.462+0800][4.888s][gc,phases   ] GC(46) Concurrent Process Non-Strong References 1.698ms
[2024-07-21T19:49:15.462+0800][4.888s][gc,phases   ] GC(46) Concurrent Reset Relocation Set 0.001ms
[2024-07-21T19:49:15.465+0800][4.890s][gc,phases   ] GC(46) Concurrent Select Relocation Set 2.260ms
[2024-07-21T19:49:15.465+0800][4.890s][gc,phases   ] GC(46) Pause Relocate Start 0.011ms
[2024-07-21T19:49:15.466+0800][4.891s][gc,phases   ] GC(46) Concurrent Relocate 0.791ms
[2024-07-21T19:49:15.466+0800][4.891s][gc,load     ] GC(46) Load: 0.00/0.00/0.00
[2024-07-21T19:49:15.466+0800][4.891s][gc,mmu      ] GC(46) MMU: 2ms/96.3%, 5ms/98.5%, 10ms/99.2%, 20ms/99.6%, 50ms/99.8%, 100ms/99.9%
[2024-07-21T19:49:15.466+0800][4.891s][gc,marking  ] GC(46) Mark: 2 stripe(s), 2 proactive flush(es), 1 terminate flush(es), 0 completion(s), 0 continuation(s) 
[2024-07-21T19:49:15.466+0800][4.891s][gc,marking  ] GC(46) Mark Stack Usage: 32M
[2024-07-21T19:49:15.466+0800][4.891s][gc,nmethod  ] GC(46) NMethods: 430 registered, 0 unregistered
[2024-07-21T19:49:15.466+0800][4.891s][gc,metaspace] GC(46) Metaspace: 1M used, 1M committed, 1032M reserved
[2024-07-21T19:49:15.466+0800][4.891s][gc,ref      ] GC(46) Soft: 93 encountered, 0 discovered, 0 enqueued
[2024-07-21T19:49:15.466+0800][4.891s][gc,ref      ] GC(46) Weak: 131 encountered, 3 discovered, 0 enqueued
[2024-07-21T19:49:15.466+0800][4.891s][gc,ref      ] GC(46) Final: 0 encountered, 0 discovered, 0 enqueued
[2024-07-21T19:49:15.466+0800][4.891s][gc,ref      ] GC(46) Phantom: 184 encountered, 118 discovered, 0 enqueued
[2024-07-21T19:49:15.466+0800][4.891s][gc,reloc    ] GC(46) Small Pages: 5 / 10M, Empty: 2M, Relocated: 1M, In-Place: 0
[2024-07-21T19:49:15.466+0800][4.891s][gc,reloc    ] GC(46) Medium Pages: 1 / 8M, Empty: 0M, Relocated: 0M, In-Place: 0
[2024-07-21T19:49:15.466+0800][4.891s][gc,reloc    ] GC(46) Large Pages: 62 / 124M, Empty: 120M, Relocated: 0M, In-Place: 0
[2024-07-21T19:49:15.466+0800][4.891s][gc,reloc    ] GC(46) Forwarding Usage: 0M
[2024-07-21T19:49:15.466+0800][4.891s][gc,heap     ] GC(46) Min Capacity: 8M(3%)
[2024-07-21T19:49:15.466+0800][4.891s][gc,heap     ] GC(46) Max Capacity: 256M(100%)
[2024-07-21T19:49:15.466+0800][4.891s][gc,heap     ] GC(46) Soft Max Capacity: 256M(100%)
[2024-07-21T19:49:15.466+0800][4.891s][gc,heap     ] GC(46)                Mark Start          Mark End        Relocate Start      Relocate End           High               Low         
[2024-07-21T19:49:15.466+0800][4.891s][gc,heap     ] GC(46)  Capacity:      256M (100%)        256M (100%)        256M (100%)        256M (100%)        256M (100%)        256M (100%)   
[2024-07-21T19:49:15.466+0800][4.891s][gc,heap     ] GC(46)      Free:      114M (45%)          92M (36%)         198M (77%)         198M (77%)         198M (77%)          76M (30%)    
[2024-07-21T19:49:15.466+0800][4.891s][gc,heap     ] GC(46)      Used:      142M (55%)         164M (64%)          58M (23%)          58M (23%)         180M (70%)          58M (23%)    
[2024-07-21T19:49:15.466+0800][4.891s][gc,heap     ] GC(46)      Live:         -                 8M (3%)            8M (3%)            8M (3%)             -                  -          
[2024-07-21T19:49:15.466+0800][4.891s][gc,heap     ] GC(46) Allocated:         -                22M (9%)           38M (15%)          38M (15%)            -                  -          
[2024-07-21T19:49:15.466+0800][4.891s][gc,heap     ] GC(46)   Garbage:         -               133M (52%)          11M (4%)           11M (4%)             -                  -          
[2024-07-21T19:49:15.466+0800][4.892s][gc,heap     ] GC(46) Reclaimed:         -                  -               122M (48%)         122M (48%)            -                  -          
[2024-07-21T19:49:15.466+0800][4.892s][gc          ] GC(46) Garbage Collection (Allocation Rate) 142M(55%)->58M(23%)
[2024-07-21T19:49:15.555+0800][4.980s][gc,start    ] GC(47) Garbage Collection (Allocation Rate)
[2024-07-21T19:49:15.555+0800][4.980s][gc,task     ] GC(47) Using 2 workers
[2024-07-21T19:49:15.556+0800][4.980s][gc,phases   ] GC(47) Pause Mark Start 0.007ms
[2024-07-21T19:49:15.572+0800][4.996s][gc,phases   ] GC(47) Concurrent Mark 16.045ms
[2024-07-21T19:49:15.572+0800][4.997s][gc,phases   ] GC(47) Pause Mark End 0.013ms
[2024-07-21T19:49:15.572+0800][4.997s][gc,phases   ] GC(47) Concurrent Mark Free 0.001ms
[2024-07-21T19:49:15.573+0800][4.998s][gc,phases   ] GC(47) Concurrent Process Non-Strong References 1.087ms
[2024-07-21T19:49:15.573+0800][4.998s][gc,phases   ] GC(47) Concurrent Reset Relocation Set 0.001ms
[2024-07-21T19:49:15.575+0800][5.000s][gc,phases   ] GC(47) Concurrent Select Relocation Set 2.205ms
[2024-07-21T19:49:15.575+0800][5.000s][gc,phases   ] GC(47) Pause Relocate Start 0.008ms
[2024-07-21T19:49:15.576+0800][5.001s][gc,phases   ] GC(47) Concurrent Relocate 0.764ms
[2024-07-21T19:49:15.576+0800][5.001s][gc,load     ] GC(47) Load: 0.00/0.00/0.00
[2024-07-21T19:49:15.576+0800][5.001s][gc,mmu      ] GC(47) MMU: 2ms/96.3%, 5ms/98.5%, 10ms/99.2%, 20ms/99.6%, 50ms/99.8%, 100ms/99.9%
[2024-07-21T19:49:15.576+0800][5.001s][gc,marking  ] GC(47) Mark: 2 stripe(s), 2 proactive flush(es), 1 terminate flush(es), 0 completion(s), 0 continuation(s) 
[2024-07-21T19:49:15.576+0800][5.001s][gc,marking  ] GC(47) Mark Stack Usage: 32M
[2024-07-21T19:49:15.576+0800][5.001s][gc,nmethod  ] GC(47) NMethods: 430 registered, 0 unregistered
[2024-07-21T19:49:15.576+0800][5.001s][gc,metaspace] GC(47) Metaspace: 1M used, 1M committed, 1032M reserved
[2024-07-21T19:49:15.576+0800][5.001s][gc,ref      ] GC(47) Soft: 93 encountered, 0 discovered, 0 enqueued
[2024-07-21T19:49:15.576+0800][5.001s][gc,ref      ] GC(47) Weak: 131 encountered, 93 discovered, 0 enqueued
[2024-07-21T19:49:15.576+0800][5.001s][gc,ref      ] GC(47) Final: 0 encountered, 0 discovered, 0 enqueued
[2024-07-21T19:49:15.576+0800][5.001s][gc,ref      ] GC(47) Phantom: 184 encountered, 118 discovered, 0 enqueued
[2024-07-21T19:49:15.576+0800][5.001s][gc,reloc    ] GC(47) Small Pages: 5 / 10M, Empty: 2M, Relocated: 1M, In-Place: 0
[2024-07-21T19:49:15.576+0800][5.001s][gc,reloc    ] GC(47) Medium Pages: 1 / 8M, Empty: 0M, Relocated: 0M, In-Place: 0
[2024-07-21T19:49:15.576+0800][5.001s][gc,reloc    ] GC(47) Large Pages: 71 / 142M, Empty: 140M, Relocated: 0M, In-Place: 0
[2024-07-21T19:49:15.576+0800][5.001s][gc,reloc    ] GC(47) Forwarding Usage: 0M
[2024-07-21T19:49:15.576+0800][5.002s][gc,heap     ] GC(47) Min Capacity: 8M(3%)
[2024-07-21T19:49:15.576+0800][5.002s][gc,heap     ] GC(47) Max Capacity: 256M(100%)
[2024-07-21T19:49:15.576+0800][5.002s][gc,heap     ] GC(47) Soft Max Capacity: 256M(100%)
[2024-07-21T19:49:15.576+0800][5.002s][gc,heap     ] GC(47)                Mark Start          Mark End        Relocate Start      Relocate End           High               Low         
[2024-07-21T19:49:15.576+0800][5.002s][gc,heap     ] GC(47)  Capacity:      256M (100%)        256M (100%)        256M (100%)        256M (100%)        256M (100%)        256M (100%)   
[2024-07-21T19:49:15.576+0800][5.002s][gc,heap     ] GC(47)      Free:       96M (38%)          72M (28%)         198M (77%)         198M (77%)         198M (77%)          56M (22%)    
[2024-07-21T19:49:15.576+0800][5.002s][gc,heap     ] GC(47)      Used:      160M (62%)         184M (72%)          58M (23%)          58M (23%)         200M (78%)          58M (23%)    
[2024-07-21T19:49:15.576+0800][5.002s][gc,heap     ] GC(47)      Live:         -                 6M (3%)            6M (3%)            6M (3%)             -                  -          
[2024-07-21T19:49:15.576+0800][5.002s][gc,heap     ] GC(47) Allocated:         -                24M (9%)           40M (16%)          40M (16%)            -                  -          
[2024-07-21T19:49:15.576+0800][5.002s][gc,heap     ] GC(47)   Garbage:         -               153M (60%)          11M (4%)           11M (4%)             -                  -          
[2024-07-21T19:49:15.576+0800][5.002s][gc,heap     ] GC(47) Reclaimed:         -                  -               142M (55%)         142M (55%)            -                  -          
[2024-07-21T19:49:15.576+0800][5.002s][gc          ] GC(47) Garbage Collection (Allocation Rate) 160M(62%)->58M(23%)
[2024-07-21T19:49:15.650+0800][5.074s][gc,start    ] GC(48) Garbage Collection (Allocation Rate)
[2024-07-21T19:49:15.650+0800][5.074s][gc,task     ] GC(48) Using 2 workers
[2024-07-21T19:49:15.650+0800][5.075s][gc,phases   ] GC(48) Pause Mark Start 0.007ms
[2024-07-21T19:49:15.665+0800][5.089s][gc,phases   ] GC(48) Concurrent Mark 14.816ms
[2024-07-21T19:49:15.665+0800][5.090s][gc,phases   ] GC(48) Pause Mark End 0.011ms
[2024-07-21T19:49:15.665+0800][5.090s][gc,phases   ] GC(48) Concurrent Mark Free 0.002ms
[2024-07-21T19:49:15.667+0800][5.091s][gc,phases   ] GC(48) Concurrent Process Non-Strong References 1.090ms
[2024-07-21T19:49:15.667+0800][5.091s][gc,phases   ] GC(48) Concurrent Reset Relocation Set 0.001ms
[2024-07-21T19:49:15.668+0800][5.093s][gc,phases   ] GC(48) Concurrent Select Relocation Set 1.671ms
[2024-07-21T19:49:15.669+0800][5.093s][gc,phases   ] GC(48) Pause Relocate Start 0.006ms
[2024-07-21T19:49:15.669+0800][5.094s][gc,phases   ] GC(48) Concurrent Relocate 0.781ms
[2024-07-21T19:49:15.669+0800][5.094s][gc,load     ] GC(48) Load: 0.00/0.00/0.00
[2024-07-21T19:49:15.669+0800][5.094s][gc,mmu      ] GC(48) MMU: 2ms/96.3%, 5ms/98.5%, 10ms/99.2%, 20ms/99.6%, 50ms/99.8%, 100ms/99.9%
[2024-07-21T19:49:15.669+0800][5.094s][gc,marking  ] GC(48) Mark: 2 stripe(s), 2 proactive flush(es), 1 terminate flush(es), 0 completion(s), 0 continuation(s) 
[2024-07-21T19:49:15.669+0800][5.094s][gc,marking  ] GC(48) Mark Stack Usage: 32M
[2024-07-21T19:49:15.669+0800][5.094s][gc,nmethod  ] GC(48) NMethods: 430 registered, 0 unregistered
[2024-07-21T19:49:15.670+0800][5.094s][gc,metaspace] GC(48) Metaspace: 1M used, 1M committed, 1032M reserved
[2024-07-21T19:49:15.670+0800][5.094s][gc,ref      ] GC(48) Soft: 93 encountered, 0 discovered, 0 enqueued
[2024-07-21T19:49:15.670+0800][5.094s][gc,ref      ] GC(48) Weak: 131 encountered, 94 discovered, 0 enqueued
[2024-07-21T19:49:15.670+0800][5.094s][gc,ref      ] GC(48) Final: 0 encountered, 0 discovered, 0 enqueued
[2024-07-21T19:49:15.670+0800][5.094s][gc,ref      ] GC(48) Phantom: 184 encountered, 98 discovered, 0 enqueued
[2024-07-21T19:49:15.670+0800][5.094s][gc,reloc    ] GC(48) Small Pages: 5 / 10M, Empty: 2M, Relocated: 1M, In-Place: 0
[2024-07-21T19:49:15.670+0800][5.094s][gc,reloc    ] GC(48) Medium Pages: 1 / 8M, Empty: 0M, Relocated: 0M, In-Place: 0
[2024-07-21T19:49:15.670+0800][5.094s][gc,reloc    ] GC(48) Large Pages: 63 / 126M, Empty: 124M, Relocated: 0M, In-Place: 0
[2024-07-21T19:49:15.670+0800][5.094s][gc,reloc    ] GC(48) Forwarding Usage: 0M
[2024-07-21T19:49:15.670+0800][5.094s][gc,heap     ] GC(48) Min Capacity: 8M(3%)
[2024-07-21T19:49:15.670+0800][5.094s][gc,heap     ] GC(48) Max Capacity: 256M(100%)
[2024-07-21T19:49:15.670+0800][5.094s][gc,heap     ] GC(48) Soft Max Capacity: 256M(100%)
[2024-07-21T19:49:15.670+0800][5.094s][gc,heap     ] GC(48)                Mark Start          Mark End        Relocate Start      Relocate End           High               Low         
[2024-07-21T19:49:15.670+0800][5.094s][gc,heap     ] GC(48)  Capacity:      256M (100%)        256M (100%)        256M (100%)        256M (100%)        256M (100%)        256M (100%)   
[2024-07-21T19:49:15.670+0800][5.094s][gc,heap     ] GC(48)      Free:      112M (44%)          92M (36%)         202M (79%)         202M (79%)         202M (79%)          76M (30%)    
[2024-07-21T19:49:15.670+0800][5.094s][gc,heap     ] GC(48)      Used:      144M (56%)         164M (64%)          54M (21%)          54M (21%)         180M (70%)          54M (21%)    
[2024-07-21T19:49:15.670+0800][5.094s][gc,heap     ] GC(48)      Live:         -                 6M (3%)            6M (3%)            6M (3%)             -                  -          
[2024-07-21T19:49:15.670+0800][5.094s][gc,heap     ] GC(48) Allocated:         -                20M (8%)           36M (14%)          36M (14%)            -                  -          
[2024-07-21T19:49:15.670+0800][5.094s][gc,heap     ] GC(48)   Garbage:         -               137M (54%)          11M (4%)           11M (4%)             -                  -          
[2024-07-21T19:49:15.670+0800][5.094s][gc,heap     ] GC(48) Reclaimed:         -                  -               126M (49%)         126M (49%)            -                  -          
[2024-07-21T19:49:15.670+0800][5.094s][gc          ] GC(48) Garbage Collection (Allocation Rate) 144M(56%)->54M(21%)
[2024-07-21T19:49:15.744+0800][5.169s][gc,start    ] GC(49) Garbage Collection (Allocation Rate)
[2024-07-21T19:49:15.744+0800][5.169s][gc,task     ] GC(49) Using 2 workers
[2024-07-21T19:49:15.744+0800][5.169s][gc,phases   ] GC(49) Pause Mark Start 0.008ms
[2024-07-21T19:49:15.760+0800][5.184s][gc,phases   ] GC(49) Concurrent Mark 15.056ms
[2024-07-21T19:49:15.760+0800][5.184s][gc,phases   ] GC(49) Pause Mark End 0.018ms
[2024-07-21T19:49:15.760+0800][5.184s][gc,phases   ] GC(49) Concurrent Mark Free 0.001ms
[2024-07-21T19:49:15.761+0800][5.186s][gc,phases   ] GC(49) Concurrent Process Non-Strong References 1.330ms
[2024-07-21T19:49:15.761+0800][5.186s][gc,phases   ] GC(49) Concurrent Reset Relocation Set 0.001ms
[2024-07-21T19:49:15.764+0800][5.188s][gc,phases   ] GC(49) Concurrent Select Relocation Set 2.161ms
[2024-07-21T19:49:15.764+0800][5.188s][gc,phases   ] GC(49) Pause Relocate Start 0.006ms
[2024-07-21T19:49:15.765+0800][5.189s][gc,phases   ] GC(49) Concurrent Relocate 0.797ms
[2024-07-21T19:49:15.765+0800][5.189s][gc,load     ] GC(49) Load: 0.00/0.00/0.00
[2024-07-21T19:49:15.765+0800][5.189s][gc,mmu      ] GC(49) MMU: 2ms/96.3%, 5ms/98.5%, 10ms/99.2%, 20ms/99.6%, 50ms/99.8%, 100ms/99.9%
[2024-07-21T19:49:15.765+0800][5.189s][gc,marking  ] GC(49) Mark: 2 stripe(s), 2 proactive flush(es), 1 terminate flush(es), 0 completion(s), 0 continuation(s) 
[2024-07-21T19:49:15.765+0800][5.189s][gc,marking  ] GC(49) Mark Stack Usage: 32M
[2024-07-21T19:49:15.765+0800][5.189s][gc,nmethod  ] GC(49) NMethods: 430 registered, 0 unregistered
[2024-07-21T19:49:15.765+0800][5.189s][gc,metaspace] GC(49) Metaspace: 1M used, 1M committed, 1032M reserved
[2024-07-21T19:49:15.765+0800][5.189s][gc,ref      ] GC(49) Soft: 93 encountered, 0 discovered, 0 enqueued
[2024-07-21T19:49:15.765+0800][5.189s][gc,ref      ] GC(49) Weak: 131 encountered, 95 discovered, 0 enqueued
[2024-07-21T19:49:15.765+0800][5.189s][gc,ref      ] GC(49) Final: 0 encountered, 0 discovered, 0 enqueued
[2024-07-21T19:49:15.765+0800][5.189s][gc,ref      ] GC(49) Phantom: 184 encountered, 157 discovered, 0 enqueued
[2024-07-21T19:49:15.765+0800][5.189s][gc,reloc    ] GC(49) Small Pages: 5 / 10M, Empty: 2M, Relocated: 1M, In-Place: 0
[2024-07-21T19:49:15.765+0800][5.189s][gc,reloc    ] GC(49) Medium Pages: 1 / 8M, Empty: 0M, Relocated: 0M, In-Place: 0
[2024-07-21T19:49:15.765+0800][5.189s][gc,reloc    ] GC(49) Large Pages: 61 / 122M, Empty: 120M, Relocated: 0M, In-Place: 0
[2024-07-21T19:49:15.765+0800][5.189s][gc,reloc    ] GC(49) Forwarding Usage: 0M
[2024-07-21T19:49:15.765+0800][5.189s][gc,heap     ] GC(49) Min Capacity: 8M(3%)
[2024-07-21T19:49:15.765+0800][5.189s][gc,heap     ] GC(49) Max Capacity: 256M(100%)
[2024-07-21T19:49:15.765+0800][5.189s][gc,heap     ] GC(49) Soft Max Capacity: 256M(100%)
[2024-07-21T19:49:15.765+0800][5.189s][gc,heap     ] GC(49)                Mark Start          Mark End        Relocate Start      Relocate End           High               Low         
[2024-07-21T19:49:15.765+0800][5.190s][gc,heap     ] GC(49)  Capacity:      256M (100%)        256M (100%)        256M (100%)        256M (100%)        256M (100%)        256M (100%)   
[2024-07-21T19:49:15.765+0800][5.190s][gc,heap     ] GC(49)      Free:      116M (45%)          96M (38%)         202M (79%)         202M (79%)         202M (79%)          80M (31%)    
[2024-07-21T19:49:15.765+0800][5.190s][gc,heap     ] GC(49)      Used:      140M (55%)         160M (62%)          54M (21%)          54M (21%)         176M (69%)          54M (21%)    
[2024-07-21T19:49:15.765+0800][5.190s][gc,heap     ] GC(49)      Live:         -                 6M (3%)            6M (3%)            6M (3%)             -                  -          
[2024-07-21T19:49:15.765+0800][5.190s][gc,heap     ] GC(49) Allocated:         -                20M (8%)           36M (14%)          36M (14%)            -                  -          
[2024-07-21T19:49:15.765+0800][5.190s][gc,heap     ] GC(49)   Garbage:         -               133M (52%)          11M (4%)           11M (4%)             -                  -          
[2024-07-21T19:49:15.765+0800][5.190s][gc,heap     ] GC(49) Reclaimed:         -                  -               122M (48%)         122M (48%)            -                  -          
[2024-07-21T19:49:15.765+0800][5.190s][gc          ] GC(49) Garbage Collection (Allocation Rate) 140M(55%)->54M(21%)
[2024-07-21T19:49:15.855+0800][5.280s][gc,start    ] GC(50) Garbage Collection (Allocation Rate)
[2024-07-21T19:49:15.855+0800][5.280s][gc,task     ] GC(50) Using 2 workers
[2024-07-21T19:49:15.855+0800][5.280s][gc,phases   ] GC(50) Pause Mark Start 0.011ms
[2024-07-21T19:49:15.871+0800][5.296s][gc,phases   ] GC(50) Concurrent Mark 15.383ms
[2024-07-21T19:49:15.871+0800][5.296s][gc,phases   ] GC(50) Pause Mark End 0.010ms
[2024-07-21T19:49:15.871+0800][5.296s][gc,phases   ] GC(50) Concurrent Mark Free 0.001ms
[2024-07-21T19:49:15.873+0800][5.297s][gc,phases   ] GC(50) Concurrent Process Non-Strong References 1.146ms
[2024-07-21T19:49:15.873+0800][5.297s][gc,phases   ] GC(50) Concurrent Reset Relocation Set 0.001ms
[2024-07-21T19:49:15.874+0800][5.299s][gc,phases   ] GC(50) Concurrent Select Relocation Set 1.648ms
[2024-07-21T19:49:15.875+0800][5.299s][gc,phases   ] GC(50) Pause Relocate Start 0.006ms
[2024-07-21T19:49:15.875+0800][5.300s][gc,phases   ] GC(50) Concurrent Relocate 0.754ms
[2024-07-21T19:49:15.875+0800][5.300s][gc,load     ] GC(50) Load: 0.00/0.00/0.00
[2024-07-21T19:49:15.876+0800][5.300s][gc,mmu      ] GC(50) MMU: 2ms/96.3%, 5ms/98.5%, 10ms/99.2%, 20ms/99.6%, 50ms/99.8%, 100ms/99.9%
[2024-07-21T19:49:15.876+0800][5.300s][gc,marking  ] GC(50) Mark: 2 stripe(s), 2 proactive flush(es), 1 terminate flush(es), 0 completion(s), 0 continuation(s) 
[2024-07-21T19:49:15.876+0800][5.300s][gc,marking  ] GC(50) Mark Stack Usage: 32M
[2024-07-21T19:49:15.876+0800][5.300s][gc,nmethod  ] GC(50) NMethods: 430 registered, 0 unregistered
[2024-07-21T19:49:15.876+0800][5.300s][gc,metaspace] GC(50) Metaspace: 1M used, 1M committed, 1032M reserved
[2024-07-21T19:49:15.876+0800][5.300s][gc,ref      ] GC(50) Soft: 93 encountered, 0 discovered, 0 enqueued
[2024-07-21T19:49:15.876+0800][5.300s][gc,ref      ] GC(50) Weak: 131 encountered, 95 discovered, 0 enqueued
[2024-07-21T19:49:15.876+0800][5.300s][gc,ref      ] GC(50) Final: 0 encountered, 0 discovered, 0 enqueued
[2024-07-21T19:49:15.876+0800][5.300s][gc,ref      ] GC(50) Phantom: 184 encountered, 157 discovered, 0 enqueued
[2024-07-21T19:49:15.876+0800][5.300s][gc,reloc    ] GC(50) Small Pages: 5 / 10M, Empty: 2M, Relocated: 1M, In-Place: 0
[2024-07-21T19:49:15.876+0800][5.300s][gc,reloc    ] GC(50) Medium Pages: 1 / 8M, Empty: 0M, Relocated: 0M, In-Place: 0
[2024-07-21T19:49:15.876+0800][5.300s][gc,reloc    ] GC(50) Large Pages: 70 / 140M, Empty: 136M, Relocated: 0M, In-Place: 0
[2024-07-21T19:49:15.876+0800][5.300s][gc,reloc    ] GC(50) Forwarding Usage: 0M
[2024-07-21T19:49:15.876+0800][5.300s][gc,heap     ] GC(50) Min Capacity: 8M(3%)
[2024-07-21T19:49:15.876+0800][5.300s][gc,heap     ] GC(50) Max Capacity: 256M(100%)
[2024-07-21T19:49:15.876+0800][5.300s][gc,heap     ] GC(50) Soft Max Capacity: 256M(100%)
[2024-07-21T19:49:15.876+0800][5.300s][gc,heap     ] GC(50)                Mark Start          Mark End        Relocate Start      Relocate End           High               Low         
[2024-07-21T19:49:15.876+0800][5.300s][gc,heap     ] GC(50)  Capacity:      256M (100%)        256M (100%)        256M (100%)        256M (100%)        256M (100%)        256M (100%)   
[2024-07-21T19:49:15.876+0800][5.300s][gc,heap     ] GC(50)      Free:       98M (38%)          78M (30%)         198M (77%)         198M (77%)         198M (77%)          60M (23%)    
[2024-07-21T19:49:15.876+0800][5.300s][gc,heap     ] GC(50)      Used:      158M (62%)         178M (70%)          58M (23%)          58M (23%)         196M (77%)          58M (23%)    
[2024-07-21T19:49:15.876+0800][5.300s][gc,heap     ] GC(50)      Live:         -                 8M (3%)            8M (3%)            8M (3%)             -                  -          
[2024-07-21T19:49:15.876+0800][5.300s][gc,heap     ] GC(50) Allocated:         -                20M (8%)           38M (15%)          38M (15%)            -                  -          
[2024-07-21T19:49:15.876+0800][5.300s][gc,heap     ] GC(50)   Garbage:         -               149M (58%)          11M (4%)           11M (4%)             -                  -          
[2024-07-21T19:49:15.876+0800][5.300s][gc,heap     ] GC(50) Reclaimed:         -                  -               138M (54%)         138M (54%)            -                  -          
[2024-07-21T19:49:15.876+0800][5.300s][gc          ] GC(50) Garbage Collection (Allocation Rate) 158M(62%)->58M(23%)
[2024-07-21T19:49:15.950+0800][5.375s][gc,start    ] GC(51) Garbage Collection (Allocation Rate)
[2024-07-21T19:49:15.950+0800][5.375s][gc,task     ] GC(51) Using 2 workers
[2024-07-21T19:49:15.950+0800][5.375s][gc,phases   ] GC(51) Pause Mark Start 0.009ms
[2024-07-21T19:49:15.966+0800][5.390s][gc,phases   ] GC(51) Concurrent Mark 15.112ms
[2024-07-21T19:49:15.966+0800][5.390s][gc,phases   ] GC(51) Pause Mark End 0.024ms
[2024-07-21T19:49:15.966+0800][5.391s][gc,phases   ] GC(51) Concurrent Mark Free 0.001ms
[2024-07-21T19:49:15.967+0800][5.392s][gc,phases   ] GC(51) Concurrent Process Non-Strong References 1.687ms
[2024-07-21T19:49:15.967+0800][5.392s][gc,phases   ] GC(51) Concurrent Reset Relocation Set 0.001ms
[2024-07-21T19:49:15.969+0800][5.395s][gc,phases   ] GC(51) Concurrent Select Relocation Set 2.413ms
[2024-07-21T19:49:15.970+0800][5.395s][gc,phases   ] GC(51) Pause Relocate Start 0.007ms
[2024-07-21T19:49:15.971+0800][5.396s][gc,phases   ] GC(51) Concurrent Relocate 0.965ms
[2024-07-21T19:49:15.971+0800][5.396s][gc,load     ] GC(51) Load: 0.00/0.00/0.00
[2024-07-21T19:49:15.971+0800][5.396s][gc,mmu      ] GC(51) MMU: 2ms/96.3%, 5ms/98.5%, 10ms/99.2%, 20ms/99.6%, 50ms/99.8%, 100ms/99.9%
[2024-07-21T19:49:15.971+0800][5.396s][gc,marking  ] GC(51) Mark: 2 stripe(s), 2 proactive flush(es), 1 terminate flush(es), 0 completion(s), 0 continuation(s) 
[2024-07-21T19:49:15.971+0800][5.396s][gc,marking  ] GC(51) Mark Stack Usage: 32M
[2024-07-21T19:49:15.971+0800][5.396s][gc,nmethod  ] GC(51) NMethods: 430 registered, 0 unregistered
[2024-07-21T19:49:15.971+0800][5.396s][gc,metaspace] GC(51) Metaspace: 1M used, 1M committed, 1032M reserved
[2024-07-21T19:49:15.971+0800][5.396s][gc,ref      ] GC(51) Soft: 93 encountered, 0 discovered, 0 enqueued
[2024-07-21T19:49:15.971+0800][5.396s][gc,ref      ] GC(51) Weak: 131 encountered, 12 discovered, 0 enqueued
[2024-07-21T19:49:15.971+0800][5.396s][gc,ref      ] GC(51) Final: 0 encountered, 0 discovered, 0 enqueued
[2024-07-21T19:49:15.971+0800][5.396s][gc,ref      ] GC(51) Phantom: 184 encountered, 118 discovered, 0 enqueued
[2024-07-21T19:49:15.971+0800][5.396s][gc,reloc    ] GC(51) Small Pages: 5 / 10M, Empty: 2M, Relocated: 1M, In-Place: 0
[2024-07-21T19:49:15.971+0800][5.396s][gc,reloc    ] GC(51) Medium Pages: 1 / 8M, Empty: 0M, Relocated: 0M, In-Place: 0
[2024-07-21T19:49:15.971+0800][5.396s][gc,reloc    ] GC(51) Large Pages: 64 / 128M, Empty: 120M, Relocated: 0M, In-Place: 0
[2024-07-21T19:49:15.971+0800][5.396s][gc,reloc    ] GC(51) Forwarding Usage: 0M
[2024-07-21T19:49:15.971+0800][5.396s][gc,heap     ] GC(51) Min Capacity: 8M(3%)
[2024-07-21T19:49:15.971+0800][5.396s][gc,heap     ] GC(51) Max Capacity: 256M(100%)
[2024-07-21T19:49:15.971+0800][5.396s][gc,heap     ] GC(51) Soft Max Capacity: 256M(100%)
[2024-07-21T19:49:15.971+0800][5.396s][gc,heap     ] GC(51)                Mark Start          Mark End        Relocate Start      Relocate End           High               Low         
[2024-07-21T19:49:15.971+0800][5.396s][gc,heap     ] GC(51)  Capacity:      256M (100%)        256M (100%)        256M (100%)        256M (100%)        256M (100%)        256M (100%)   
[2024-07-21T19:49:15.971+0800][5.396s][gc,heap     ] GC(51)      Free:      110M (43%)          92M (36%)         198M (77%)         198M (77%)         198M (77%)          76M (30%)    
[2024-07-21T19:49:15.971+0800][5.396s][gc,heap     ] GC(51)      Used:      146M (57%)         164M (64%)          58M (23%)          58M (23%)         180M (70%)          58M (23%)    
[2024-07-21T19:49:15.971+0800][5.396s][gc,heap     ] GC(51)      Live:         -                12M (5%)           12M (5%)           12M (5%)             -                  -          
[2024-07-21T19:49:15.971+0800][5.396s][gc,heap     ] GC(51) Allocated:         -                18M (7%)           34M (13%)          34M (13%)            -                  -          
[2024-07-21T19:49:15.971+0800][5.396s][gc,heap     ] GC(51)   Garbage:         -               133M (52%)          11M (4%)           11M (4%)             -                  -          
[2024-07-21T19:49:15.971+0800][5.396s][gc,heap     ] GC(51) Reclaimed:         -                  -               122M (48%)         122M (48%)            -                  -          
[2024-07-21T19:49:15.971+0800][5.397s][gc          ] GC(51) Garbage Collection (Allocation Rate) 146M(57%)->58M(23%)
[2024-07-21T19:49:16.045+0800][5.470s][gc,start    ] GC(52) Garbage Collection (Allocation Rate)
[2024-07-21T19:49:16.046+0800][5.471s][gc,task     ] GC(52) Using 2 workers
[2024-07-21T19:49:16.046+0800][5.471s][gc,phases   ] GC(52) Pause Mark Start 0.011ms
[2024-07-21T19:49:16.062+0800][5.486s][gc,phases   ] GC(52) Concurrent Mark 15.198ms
[2024-07-21T19:49:16.062+0800][5.486s][gc,phases   ] GC(52) Pause Mark End 0.034ms
[2024-07-21T19:49:16.062+0800][5.487s][gc,phases   ] GC(52) Concurrent Mark Free 0.004ms
[2024-07-21T19:49:16.063+0800][5.489s][gc,phases   ] GC(52) Concurrent Process Non-Strong References 2.094ms
[2024-07-21T19:49:16.063+0800][5.489s][gc,phases   ] GC(52) Concurrent Reset Relocation Set 0.001ms
[2024-07-21T19:49:16.065+0800][5.491s][gc,phases   ] GC(52) Concurrent Select Relocation Set 1.799ms
[2024-07-21T19:49:16.066+0800][5.491s][gc,phases   ] GC(52) Pause Relocate Start 0.007ms
[2024-07-21T19:49:16.066+0800][5.492s][gc,phases   ] GC(52) Concurrent Relocate 0.785ms
[2024-07-21T19:49:16.066+0800][5.492s][gc,load     ] GC(52) Load: 0.00/0.00/0.00
[2024-07-21T19:49:16.066+0800][5.492s][gc,mmu      ] GC(52) MMU: 2ms/96.3%, 5ms/98.5%, 10ms/99.2%, 20ms/99.6%, 50ms/99.8%, 100ms/99.9%
[2024-07-21T19:49:16.066+0800][5.492s][gc,marking  ] GC(52) Mark: 2 stripe(s), 2 proactive flush(es), 1 terminate flush(es), 0 completion(s), 0 continuation(s) 
[2024-07-21T19:49:16.067+0800][5.492s][gc,marking  ] GC(52) Mark Stack Usage: 32M
[2024-07-21T19:49:16.067+0800][5.492s][gc,nmethod  ] GC(52) NMethods: 430 registered, 0 unregistered
[2024-07-21T19:49:16.067+0800][5.492s][gc,metaspace] GC(52) Metaspace: 1M used, 1M committed, 1032M reserved
[2024-07-21T19:49:16.067+0800][5.492s][gc,ref      ] GC(52) Soft: 93 encountered, 0 discovered, 0 enqueued
[2024-07-21T19:49:16.067+0800][5.492s][gc,ref      ] GC(52) Weak: 131 encountered, 93 discovered, 0 enqueued
[2024-07-21T19:49:16.067+0800][5.492s][gc,ref      ] GC(52) Final: 0 encountered, 0 discovered, 0 enqueued
[2024-07-21T19:49:16.067+0800][5.492s][gc,ref      ] GC(52) Phantom: 184 encountered, 70 discovered, 0 enqueued
[2024-07-21T19:49:16.067+0800][5.492s][gc,reloc    ] GC(52) Small Pages: 5 / 10M, Empty: 2M, Relocated: 1M, In-Place: 0
[2024-07-21T19:49:16.067+0800][5.492s][gc,reloc    ] GC(52) Medium Pages: 1 / 8M, Empty: 0M, Relocated: 0M, In-Place: 0
[2024-07-21T19:49:16.067+0800][5.492s][gc,reloc    ] GC(52) Large Pages: 63 / 126M, Empty: 120M, Relocated: 0M, In-Place: 0
[2024-07-21T19:49:16.067+0800][5.492s][gc,reloc    ] GC(52) Forwarding Usage: 0M
[2024-07-21T19:49:16.067+0800][5.492s][gc,heap     ] GC(52) Min Capacity: 8M(3%)
[2024-07-21T19:49:16.067+0800][5.492s][gc,heap     ] GC(52) Max Capacity: 256M(100%)
[2024-07-21T19:49:16.067+0800][5.492s][gc,heap     ] GC(52) Soft Max Capacity: 256M(100%)
[2024-07-21T19:49:16.067+0800][5.492s][gc,heap     ] GC(52)                Mark Start          Mark End        Relocate Start      Relocate End           High               Low         
[2024-07-21T19:49:16.067+0800][5.492s][gc,heap     ] GC(52)  Capacity:      256M (100%)        256M (100%)        256M (100%)        256M (100%)        256M (100%)        256M (100%)   
[2024-07-21T19:49:16.067+0800][5.492s][gc,heap     ] GC(52)      Free:      112M (44%)          92M (36%)         198M (77%)         198M (77%)         198M (77%)          76M (30%)    
[2024-07-21T19:49:16.067+0800][5.492s][gc,heap     ] GC(52)      Used:      144M (56%)         164M (64%)          58M (23%)          58M (23%)         180M (70%)          58M (23%)    
[2024-07-21T19:49:16.067+0800][5.492s][gc,heap     ] GC(52)      Live:         -                10M (4%)           10M (4%)           10M (4%)             -                  -          
[2024-07-21T19:49:16.067+0800][5.492s][gc,heap     ] GC(52) Allocated:         -                20M (8%)           36M (14%)          36M (14%)            -                  -          
[2024-07-21T19:49:16.067+0800][5.492s][gc,heap     ] GC(52)   Garbage:         -               133M (52%)          11M (4%)           11M (4%)             -                  -          
[2024-07-21T19:49:16.067+0800][5.492s][gc,heap     ] GC(52) Reclaimed:         -                  -               122M (48%)         122M (48%)            -                  -          
[2024-07-21T19:49:16.067+0800][5.492s][gc          ] GC(52) Garbage Collection (Allocation Rate) 144M(56%)->58M(23%)
[2024-07-21T19:49:16.141+0800][5.565s][gc,start    ] GC(53) Garbage Collection (Allocation Rate)
[2024-07-21T19:49:16.141+0800][5.566s][gc,task     ] GC(53) Using 2 workers
[2024-07-21T19:49:16.141+0800][5.566s][gc,phases   ] GC(53) Pause Mark Start 0.008ms
[2024-07-21T19:49:16.157+0800][5.581s][gc,phases   ] GC(53) Concurrent Mark 15.315ms
[2024-07-21T19:49:16.157+0800][5.582s][gc,phases   ] GC(53) Pause Mark End 0.011ms
[2024-07-21T19:49:16.157+0800][5.582s][gc,phases   ] GC(53) Concurrent Mark Free 0.002ms
[2024-07-21T19:49:16.158+0800][5.583s][gc,phases   ] GC(53) Concurrent Process Non-Strong References 1.083ms
[2024-07-21T19:49:16.158+0800][5.583s][gc,phases   ] GC(53) Concurrent Reset Relocation Set 0.001ms
[2024-07-21T19:49:16.159+0800][5.585s][gc,phases   ] GC(53) Concurrent Select Relocation Set 1.554ms
[2024-07-21T19:49:16.159+0800][5.585s][gc,phases   ] GC(53) Pause Relocate Start 0.006ms
[2024-07-21T19:49:16.160+0800][5.586s][gc,phases   ] GC(53) Concurrent Relocate 0.755ms
[2024-07-21T19:49:16.160+0800][5.586s][gc,load     ] GC(53) Load: 0.00/0.00/0.00
[2024-07-21T19:49:16.160+0800][5.586s][gc,mmu      ] GC(53) MMU: 2ms/96.3%, 5ms/98.5%, 10ms/99.2%, 20ms/99.6%, 50ms/99.8%, 100ms/99.9%
[2024-07-21T19:49:16.160+0800][5.586s][gc,marking  ] GC(53) Mark: 2 stripe(s), 2 proactive flush(es), 1 terminate flush(es), 0 completion(s), 0 continuation(s) 
[2024-07-21T19:49:16.160+0800][5.586s][gc,marking  ] GC(53) Mark Stack Usage: 32M
[2024-07-21T19:49:16.160+0800][5.586s][gc,nmethod  ] GC(53) NMethods: 431 registered, 0 unregistered
[2024-07-21T19:49:16.160+0800][5.586s][gc,metaspace] GC(53) Metaspace: 1M used, 1M committed, 1032M reserved
[2024-07-21T19:49:16.160+0800][5.586s][gc,ref      ] GC(53) Soft: 93 encountered, 0 discovered, 0 enqueued
[2024-07-21T19:49:16.160+0800][5.586s][gc,ref      ] GC(53) Weak: 131 encountered, 94 discovered, 0 enqueued
[2024-07-21T19:49:16.160+0800][5.586s][gc,ref      ] GC(53) Final: 0 encountered, 0 discovered, 0 enqueued
[2024-07-21T19:49:16.160+0800][5.586s][gc,ref      ] GC(53) Phantom: 184 encountered, 102 discovered, 0 enqueued
[2024-07-21T19:49:16.160+0800][5.586s][gc,reloc    ] GC(53) Small Pages: 5 / 10M, Empty: 2M, Relocated: 1M, In-Place: 0
[2024-07-21T19:49:16.161+0800][5.586s][gc,reloc    ] GC(53) Medium Pages: 1 / 8M, Empty: 0M, Relocated: 0M, In-Place: 0
[2024-07-21T19:49:16.161+0800][5.586s][gc,reloc    ] GC(53) Large Pages: 62 / 124M, Empty: 120M, Relocated: 0M, In-Place: 0
[2024-07-21T19:49:16.161+0800][5.586s][gc,reloc    ] GC(53) Forwarding Usage: 0M
[2024-07-21T19:49:16.161+0800][5.586s][gc,heap     ] GC(53) Min Capacity: 8M(3%)
[2024-07-21T19:49:16.161+0800][5.586s][gc,heap     ] GC(53) Max Capacity: 256M(100%)
[2024-07-21T19:49:16.161+0800][5.586s][gc,heap     ] GC(53) Soft Max Capacity: 256M(100%)
[2024-07-21T19:49:16.161+0800][5.586s][gc,heap     ] GC(53)                Mark Start          Mark End        Relocate Start      Relocate End           High               Low         
[2024-07-21T19:49:16.161+0800][5.586s][gc,heap     ] GC(53)  Capacity:      256M (100%)        256M (100%)        256M (100%)        256M (100%)        256M (100%)        256M (100%)   
[2024-07-21T19:49:16.161+0800][5.586s][gc,heap     ] GC(53)      Free:      114M (45%)          92M (36%)         198M (77%)         198M (77%)         198M (77%)          76M (30%)    
[2024-07-21T19:49:16.161+0800][5.586s][gc,heap     ] GC(53)      Used:      142M (55%)         164M (64%)          58M (23%)          58M (23%)         180M (70%)          58M (23%)    
[2024-07-21T19:49:16.161+0800][5.586s][gc,heap     ] GC(53)      Live:         -                 8M (3%)            8M (3%)            8M (3%)             -                  -          
[2024-07-21T19:49:16.161+0800][5.586s][gc,heap     ] GC(53) Allocated:         -                22M (9%)           38M (15%)          38M (15%)            -                  -          
[2024-07-21T19:49:16.161+0800][5.586s][gc,heap     ] GC(53)   Garbage:         -               133M (52%)          11M (4%)           11M (4%)             -                  -          
[2024-07-21T19:49:16.161+0800][5.586s][gc,heap     ] GC(53) Reclaimed:         -                  -               122M (48%)         122M (48%)            -                  -          
[2024-07-21T19:49:16.161+0800][5.586s][gc          ] GC(53) Garbage Collection (Allocation Rate) 142M(55%)->58M(23%)
[2024-07-21T19:49:16.250+0800][5.675s][gc,start    ] GC(54) Garbage Collection (Allocation Rate)
[2024-07-21T19:49:16.250+0800][5.675s][gc,task     ] GC(54) Using 2 workers
[2024-07-21T19:49:16.250+0800][5.675s][gc,phases   ] GC(54) Pause Mark Start 0.005ms
[2024-07-21T19:49:16.266+0800][5.691s][gc,phases   ] GC(54) Concurrent Mark 15.450ms
[2024-07-21T19:49:16.266+0800][5.691s][gc,phases   ] GC(54) Pause Mark End 0.013ms
[2024-07-21T19:49:16.266+0800][5.691s][gc,phases   ] GC(54) Concurrent Mark Free 0.002ms
[2024-07-21T19:49:16.267+0800][5.692s][gc,phases   ] GC(54) Concurrent Process Non-Strong References 0.961ms
[2024-07-21T19:49:16.267+0800][5.692s][gc,phases   ] GC(54) Concurrent Reset Relocation Set 0.001ms
[2024-07-21T19:49:16.270+0800][5.695s][gc,phases   ] GC(54) Concurrent Select Relocation Set 2.833ms
[2024-07-21T19:49:16.271+0800][5.696s][gc,phases   ] GC(54) Pause Relocate Start 0.011ms
[2024-07-21T19:49:16.271+0800][5.697s][gc,phases   ] GC(54) Concurrent Relocate 0.846ms
[2024-07-21T19:49:16.271+0800][5.697s][gc,load     ] GC(54) Load: 0.00/0.00/0.00
[2024-07-21T19:49:16.272+0800][5.697s][gc,mmu      ] GC(54) MMU: 2ms/96.3%, 5ms/98.5%, 10ms/99.2%, 20ms/99.6%, 50ms/99.8%, 100ms/99.9%
[2024-07-21T19:49:16.272+0800][5.697s][gc,marking  ] GC(54) Mark: 2 stripe(s), 2 proactive flush(es), 1 terminate flush(es), 0 completion(s), 0 continuation(s) 
[2024-07-21T19:49:16.272+0800][5.697s][gc,marking  ] GC(54) Mark Stack Usage: 32M
[2024-07-21T19:49:16.272+0800][5.697s][gc,nmethod  ] GC(54) NMethods: 432 registered, 0 unregistered
[2024-07-21T19:49:16.272+0800][5.697s][gc,metaspace] GC(54) Metaspace: 1M used, 1M committed, 1032M reserved
[2024-07-21T19:49:16.272+0800][5.697s][gc,ref      ] GC(54) Soft: 93 encountered, 0 discovered, 0 enqueued
[2024-07-21T19:49:16.272+0800][5.697s][gc,ref      ] GC(54) Weak: 131 encountered, 95 discovered, 0 enqueued
[2024-07-21T19:49:16.272+0800][5.697s][gc,ref      ] GC(54) Final: 0 encountered, 0 discovered, 0 enqueued
[2024-07-21T19:49:16.272+0800][5.697s][gc,ref      ] GC(54) Phantom: 184 encountered, 157 discovered, 0 enqueued
[2024-07-21T19:49:16.272+0800][5.697s][gc,reloc    ] GC(54) Small Pages: 5 / 10M, Empty: 2M, Relocated: 1M, In-Place: 0
[2024-07-21T19:49:16.272+0800][5.697s][gc,reloc    ] GC(54) Medium Pages: 1 / 8M, Empty: 0M, Relocated: 0M, In-Place: 0
[2024-07-21T19:49:16.272+0800][5.697s][gc,reloc    ] GC(54) Large Pages: 75 / 150M, Empty: 148M, Relocated: 0M, In-Place: 0
[2024-07-21T19:49:16.272+0800][5.697s][gc,reloc    ] GC(54) Forwarding Usage: 0M
[2024-07-21T19:49:16.272+0800][5.697s][gc,heap     ] GC(54) Min Capacity: 8M(3%)
[2024-07-21T19:49:16.272+0800][5.697s][gc,heap     ] GC(54) Max Capacity: 256M(100%)
[2024-07-21T19:49:16.272+0800][5.697s][gc,heap     ] GC(54) Soft Max Capacity: 256M(100%)
[2024-07-21T19:49:16.272+0800][5.697s][gc,heap     ] GC(54)                Mark Start          Mark End        Relocate Start      Relocate End           High               Low         
[2024-07-21T19:49:16.272+0800][5.697s][gc,heap     ] GC(54)  Capacity:      256M (100%)        256M (100%)        256M (100%)        256M (100%)        256M (100%)        256M (100%)   
[2024-07-21T19:49:16.272+0800][5.697s][gc,heap     ] GC(54)      Free:       88M (34%)          74M (29%)         206M (80%)         206M (80%)         206M (80%)          66M (26%)    
[2024-07-21T19:49:16.272+0800][5.697s][gc,heap     ] GC(54)      Used:      168M (66%)         182M (71%)          50M (20%)          50M (20%)         190M (74%)          50M (20%)    
[2024-07-21T19:49:16.272+0800][5.697s][gc,heap     ] GC(54)      Live:         -                 6M (3%)            6M (3%)            6M (3%)             -                  -          
[2024-07-21T19:49:16.272+0800][5.697s][gc,heap     ] GC(54) Allocated:         -                14M (5%)           32M (12%)          32M (12%)            -                  -          
[2024-07-21T19:49:16.272+0800][5.697s][gc,heap     ] GC(54)   Garbage:         -               161M (63%)          11M (4%)           11M (4%)             -                  -          
[2024-07-21T19:49:16.272+0800][5.697s][gc,heap     ] GC(54) Reclaimed:         -                  -               150M (59%)         150M (59%)            -                  -          
[2024-07-21T19:49:16.272+0800][5.697s][gc          ] GC(54) Garbage Collection (Allocation Rate) 168M(66%)->50M(20%)
[2024-07-21T19:49:16.346+0800][5.771s][gc,start    ] GC(55) Garbage Collection (Allocation Rate)
[2024-07-21T19:49:16.346+0800][5.771s][gc,task     ] GC(55) Using 2 workers
[2024-07-21T19:49:16.346+0800][5.771s][gc,phases   ] GC(55) Pause Mark Start 0.012ms
[2024-07-21T19:49:16.362+0800][5.786s][gc,phases   ] GC(55) Concurrent Mark 14.998ms
[2024-07-21T19:49:16.362+0800][5.787s][gc,phases   ] GC(55) Pause Mark End 0.009ms
[2024-07-21T19:49:16.362+0800][5.787s][gc,phases   ] GC(55) Concurrent Mark Free 0.001ms
[2024-07-21T19:49:16.363+0800][5.788s][gc,phases   ] GC(55) Concurrent Process Non-Strong References 1.060ms
[2024-07-21T19:49:16.363+0800][5.788s][gc,phases   ] GC(55) Concurrent Reset Relocation Set 0.001ms
[2024-07-21T19:49:16.365+0800][5.790s][gc,phases   ] GC(55) Concurrent Select Relocation Set 1.605ms
[2024-07-21T19:49:16.365+0800][5.790s][gc,phases   ] GC(55) Pause Relocate Start 0.006ms
[2024-07-21T19:49:16.366+0800][5.791s][gc,phases   ] GC(55) Concurrent Relocate 0.773ms
[2024-07-21T19:49:16.366+0800][5.791s][gc,load     ] GC(55) Load: 0.00/0.00/0.00
[2024-07-21T19:49:16.366+0800][5.791s][gc,mmu      ] GC(55) MMU: 2ms/96.3%, 5ms/98.5%, 10ms/99.2%, 20ms/99.6%, 50ms/99.8%, 100ms/99.9%
[2024-07-21T19:49:16.366+0800][5.791s][gc,marking  ] GC(55) Mark: 2 stripe(s), 2 proactive flush(es), 1 terminate flush(es), 0 completion(s), 0 continuation(s) 
[2024-07-21T19:49:16.366+0800][5.791s][gc,marking  ] GC(55) Mark Stack Usage: 32M
[2024-07-21T19:49:16.366+0800][5.791s][gc,nmethod  ] GC(55) NMethods: 433 registered, 0 unregistered
[2024-07-21T19:49:16.366+0800][5.791s][gc,metaspace] GC(55) Metaspace: 1M used, 1M committed, 1032M reserved
[2024-07-21T19:49:16.366+0800][5.791s][gc,ref      ] GC(55) Soft: 93 encountered, 0 discovered, 0 enqueued
[2024-07-21T19:49:16.366+0800][5.791s][gc,ref      ] GC(55) Weak: 131 encountered, 95 discovered, 0 enqueued
[2024-07-21T19:49:16.366+0800][5.791s][gc,ref      ] GC(55) Final: 0 encountered, 0 discovered, 0 enqueued
[2024-07-21T19:49:16.366+0800][5.791s][gc,ref      ] GC(55) Phantom: 184 encountered, 151 discovered, 0 enqueued
[2024-07-21T19:49:16.366+0800][5.791s][gc,reloc    ] GC(55) Small Pages: 5 / 10M, Empty: 2M, Relocated: 1M, In-Place: 0
[2024-07-21T19:49:16.366+0800][5.791s][gc,reloc    ] GC(55) Medium Pages: 1 / 8M, Empty: 0M, Relocated: 0M, In-Place: 0
[2024-07-21T19:49:16.366+0800][5.791s][gc,reloc    ] GC(55) Large Pages: 59 / 118M, Empty: 116M, Relocated: 0M, In-Place: 0
[2024-07-21T19:49:16.366+0800][5.791s][gc,reloc    ] GC(55) Forwarding Usage: 0M
[2024-07-21T19:49:16.366+0800][5.791s][gc,heap     ] GC(55) Min Capacity: 8M(3%)
[2024-07-21T19:49:16.366+0800][5.791s][gc,heap     ] GC(55) Max Capacity: 256M(100%)
[2024-07-21T19:49:16.366+0800][5.791s][gc,heap     ] GC(55) Soft Max Capacity: 256M(100%)
[2024-07-21T19:49:16.366+0800][5.791s][gc,heap     ] GC(55)                Mark Start          Mark End        Relocate Start      Relocate End           High               Low         
[2024-07-21T19:49:16.366+0800][5.791s][gc,heap     ] GC(55)  Capacity:      256M (100%)        256M (100%)        256M (100%)        256M (100%)        256M (100%)        256M (100%)   
[2024-07-21T19:49:16.366+0800][5.791s][gc,heap     ] GC(55)      Free:      120M (47%)          98M (38%)         202M (79%)         202M (79%)         202M (79%)          84M (33%)    
[2024-07-21T19:49:16.366+0800][5.791s][gc,heap     ] GC(55)      Used:      136M (53%)         158M (62%)          54M (21%)          54M (21%)         172M (67%)          54M (21%)    
[2024-07-21T19:49:16.366+0800][5.791s][gc,heap     ] GC(55)      Live:         -                 6M (3%)            6M (3%)            6M (3%)             -                  -          
[2024-07-21T19:49:16.366+0800][5.791s][gc,heap     ] GC(55) Allocated:         -                22M (9%)           36M (14%)          36M (14%)            -                  -          
[2024-07-21T19:49:16.366+0800][5.791s][gc,heap     ] GC(55)   Garbage:         -               129M (51%)          11M (4%)           11M (4%)             -                  -          
[2024-07-21T19:49:16.366+0800][5.791s][gc,heap     ] GC(55) Reclaimed:         -                  -               118M (46%)         118M (46%)            -                  -          
[2024-07-21T19:49:16.366+0800][5.791s][gc          ] GC(55) Garbage Collection (Allocation Rate) 136M(53%)->54M(21%)
[2024-07-21T19:49:16.442+0800][5.866s][gc,start    ] GC(56) Garbage Collection (Allocation Rate)
[2024-07-21T19:49:16.442+0800][5.867s][gc,task     ] GC(56) Using 2 workers
[2024-07-21T19:49:16.442+0800][5.867s][gc,phases   ] GC(56) Pause Mark Start 0.010ms
[2024-07-21T19:49:16.458+0800][5.882s][gc,phases   ] GC(56) Concurrent Mark 15.495ms
[2024-07-21T19:49:16.458+0800][5.883s][gc,phases   ] GC(56) Pause Mark End 0.017ms
[2024-07-21T19:49:16.458+0800][5.883s][gc,phases   ] GC(56) Concurrent Mark Free 0.002ms
[2024-07-21T19:49:16.460+0800][5.884s][gc,phases   ] GC(56) Concurrent Process Non-Strong References 1.468ms
[2024-07-21T19:49:16.460+0800][5.884s][gc,phases   ] GC(56) Concurrent Reset Relocation Set 0.001ms
[2024-07-21T19:49:16.463+0800][5.888s][gc,phases   ] GC(56) Concurrent Select Relocation Set 3.829ms
[2024-07-21T19:49:16.464+0800][5.889s][gc,phases   ] GC(56) Pause Relocate Start 0.028ms
[2024-07-21T19:49:16.465+0800][5.890s][gc,phases   ] GC(56) Concurrent Relocate 1.105ms
[2024-07-21T19:49:16.465+0800][5.890s][gc,load     ] GC(56) Load: 0.00/0.00/0.00
[2024-07-21T19:49:16.465+0800][5.890s][gc,mmu      ] GC(56) MMU: 2ms/96.3%, 5ms/98.5%, 10ms/99.2%, 20ms/99.6%, 50ms/99.8%, 100ms/99.9%
[2024-07-21T19:49:16.465+0800][5.890s][gc,marking  ] GC(56) Mark: 2 stripe(s), 2 proactive flush(es), 1 terminate flush(es), 0 completion(s), 0 continuation(s) 
[2024-07-21T19:49:16.465+0800][5.890s][gc,marking  ] GC(56) Mark Stack Usage: 32M
[2024-07-21T19:49:16.465+0800][5.890s][gc,nmethod  ] GC(56) NMethods: 433 registered, 0 unregistered
[2024-07-21T19:49:16.465+0800][5.890s][gc,metaspace] GC(56) Metaspace: 1M used, 1M committed, 1032M reserved
[2024-07-21T19:49:16.465+0800][5.890s][gc,ref      ] GC(56) Soft: 93 encountered, 0 discovered, 0 enqueued
[2024-07-21T19:49:16.465+0800][5.890s][gc,ref      ] GC(56) Weak: 131 encountered, 0 discovered, 0 enqueued
[2024-07-21T19:49:16.465+0800][5.890s][gc,ref      ] GC(56) Final: 0 encountered, 0 discovered, 0 enqueued
[2024-07-21T19:49:16.465+0800][5.890s][gc,ref      ] GC(56) Phantom: 184 encountered, 179 discovered, 0 enqueued
[2024-07-21T19:49:16.465+0800][5.890s][gc,reloc    ] GC(56) Small Pages: 5 / 10M, Empty: 2M, Relocated: 1M, In-Place: 0
[2024-07-21T19:49:16.465+0800][5.890s][gc,reloc    ] GC(56) Medium Pages: 1 / 8M, Empty: 0M, Relocated: 0M, In-Place: 0
[2024-07-21T19:49:16.465+0800][5.890s][gc,reloc    ] GC(56) Large Pages: 61 / 122M, Empty: 120M, Relocated: 0M, In-Place: 0
[2024-07-21T19:49:16.465+0800][5.890s][gc,reloc    ] GC(56) Forwarding Usage: 0M
[2024-07-21T19:49:16.465+0800][5.890s][gc,heap     ] GC(56) Min Capacity: 8M(3%)
[2024-07-21T19:49:16.465+0800][5.890s][gc,heap     ] GC(56) Max Capacity: 256M(100%)
[2024-07-21T19:49:16.465+0800][5.890s][gc,heap     ] GC(56) Soft Max Capacity: 256M(100%)
[2024-07-21T19:49:16.465+0800][5.890s][gc,heap     ] GC(56)                Mark Start          Mark End        Relocate Start      Relocate End           High               Low         
[2024-07-21T19:49:16.465+0800][5.890s][gc,heap     ] GC(56)  Capacity:      256M (100%)        256M (100%)        256M (100%)        256M (100%)        256M (100%)        256M (100%)   
[2024-07-21T19:49:16.465+0800][5.890s][gc,heap     ] GC(56)      Free:      116M (45%)          98M (38%)         202M (79%)         202M (79%)         202M (79%)          80M (31%)    
[2024-07-21T19:49:16.465+0800][5.890s][gc,heap     ] GC(56)      Used:      140M (55%)         158M (62%)          54M (21%)          54M (21%)         176M (69%)          54M (21%)    
[2024-07-21T19:49:16.465+0800][5.890s][gc,heap     ] GC(56)      Live:         -                 6M (3%)            6M (3%)            6M (3%)             -                  -          
[2024-07-21T19:49:16.465+0800][5.890s][gc,heap     ] GC(56) Allocated:         -                18M (7%)           36M (14%)          36M (14%)            -                  -          
[2024-07-21T19:49:16.465+0800][5.890s][gc,heap     ] GC(56)   Garbage:         -               133M (52%)          11M (4%)           11M (4%)             -                  -          
[2024-07-21T19:49:16.465+0800][5.890s][gc,heap     ] GC(56) Reclaimed:         -                  -               122M (48%)         122M (48%)            -                  -          
[2024-07-21T19:49:16.465+0800][5.890s][gc          ] GC(56) Garbage Collection (Allocation Rate) 140M(55%)->54M(21%)
[2024-07-21T19:49:16.553+0800][5.978s][gc,start    ] GC(57) Garbage Collection (Allocation Rate)
[2024-07-21T19:49:16.553+0800][5.978s][gc,task     ] GC(57) Using 2 workers
[2024-07-21T19:49:16.553+0800][5.978s][gc,phases   ] GC(57) Pause Mark Start 0.009ms
[2024-07-21T19:49:16.569+0800][5.994s][gc,phases   ] GC(57) Concurrent Mark 15.470ms
[2024-07-21T19:49:16.569+0800][5.994s][gc,phases   ] GC(57) Pause Mark End 0.011ms
[2024-07-21T19:49:16.569+0800][5.994s][gc,phases   ] GC(57) Concurrent Mark Free 0.005ms
[2024-07-21T19:49:16.571+0800][5.996s][gc,phases   ] GC(57) Concurrent Process Non-Strong References 1.068ms
[2024-07-21T19:49:16.571+0800][5.996s][gc,phases   ] GC(57) Concurrent Reset Relocation Set 0.001ms
[2024-07-21T19:49:16.572+0800][5.997s][gc,phases   ] GC(57) Concurrent Select Relocation Set 1.584ms
[2024-07-21T19:49:16.572+0800][5.997s][gc,phases   ] GC(57) Pause Relocate Start 0.006ms
[2024-07-21T19:49:16.573+0800][5.998s][gc,phases   ] GC(57) Concurrent Relocate 0.672ms
[2024-07-21T19:49:16.573+0800][5.998s][gc,load     ] GC(57) Load: 0.00/0.00/0.00
[2024-07-21T19:49:16.573+0800][5.998s][gc,mmu      ] GC(57) MMU: 2ms/96.3%, 5ms/98.5%, 10ms/99.2%, 20ms/99.6%, 50ms/99.8%, 100ms/99.9%
[2024-07-21T19:49:16.573+0800][5.998s][gc,marking  ] GC(57) Mark: 2 stripe(s), 2 proactive flush(es), 1 terminate flush(es), 0 completion(s), 0 continuation(s) 
[2024-07-21T19:49:16.573+0800][5.998s][gc,marking  ] GC(57) Mark Stack Usage: 32M
[2024-07-21T19:49:16.573+0800][5.998s][gc,nmethod  ] GC(57) NMethods: 433 registered, 0 unregistered
[2024-07-21T19:49:16.573+0800][5.998s][gc,metaspace] GC(57) Metaspace: 1M used, 1M committed, 1032M reserved
[2024-07-21T19:49:16.573+0800][5.998s][gc,ref      ] GC(57) Soft: 93 encountered, 0 discovered, 0 enqueued
[2024-07-21T19:49:16.573+0800][5.998s][gc,ref      ] GC(57) Weak: 131 encountered, 93 discovered, 0 enqueued
[2024-07-21T19:49:16.573+0800][5.998s][gc,ref      ] GC(57) Final: 0 encountered, 0 discovered, 0 enqueued
[2024-07-21T19:49:16.573+0800][5.998s][gc,ref      ] GC(57) Phantom: 184 encountered, 123 discovered, 0 enqueued
[2024-07-21T19:49:16.573+0800][5.998s][gc,reloc    ] GC(57) Small Pages: 5 / 10M, Empty: 2M, Relocated: 1M, In-Place: 0
[2024-07-21T19:49:16.573+0800][5.998s][gc,reloc    ] GC(57) Medium Pages: 1 / 8M, Empty: 0M, Relocated: 0M, In-Place: 0
[2024-07-21T19:49:16.573+0800][5.998s][gc,reloc    ] GC(57) Large Pages: 72 / 144M, Empty: 136M, Relocated: 0M, In-Place: 0
[2024-07-21T19:49:16.573+0800][5.998s][gc,reloc    ] GC(57) Forwarding Usage: 0M
[2024-07-21T19:49:16.573+0800][5.998s][gc,heap     ] GC(57) Min Capacity: 8M(3%)
[2024-07-21T19:49:16.573+0800][5.998s][gc,heap     ] GC(57) Max Capacity: 256M(100%)
[2024-07-21T19:49:16.573+0800][5.998s][gc,heap     ] GC(57) Soft Max Capacity: 256M(100%)
[2024-07-21T19:49:16.573+0800][5.998s][gc,heap     ] GC(57)                Mark Start          Mark End        Relocate Start      Relocate End           High               Low         
[2024-07-21T19:49:16.574+0800][5.998s][gc,heap     ] GC(57)  Capacity:      256M (100%)        256M (100%)        256M (100%)        256M (100%)        256M (100%)        256M (100%)   
[2024-07-21T19:49:16.574+0800][5.998s][gc,heap     ] GC(57)      Free:       94M (37%)          76M (30%)         198M (77%)         198M (77%)         198M (77%)          60M (23%)    
[2024-07-21T19:49:16.574+0800][5.998s][gc,heap     ] GC(57)      Used:      162M (63%)         180M (70%)          58M (23%)          58M (23%)         196M (77%)          58M (23%)    
[2024-07-21T19:49:16.574+0800][5.999s][gc,heap     ] GC(57)      Live:         -                12M (5%)           12M (5%)           12M (5%)             -                  -          
[2024-07-21T19:49:16.574+0800][5.999s][gc,heap     ] GC(57) Allocated:         -                18M (7%)           34M (13%)          34M (13%)            -                  -          
[2024-07-21T19:49:16.574+0800][5.999s][gc,heap     ] GC(57)   Garbage:         -               149M (58%)          11M (4%)           11M (4%)             -                  -          
[2024-07-21T19:49:16.574+0800][5.999s][gc,heap     ] GC(57) Reclaimed:         -                  -               138M (54%)         138M (54%)            -                  -          
[2024-07-21T19:49:16.574+0800][5.999s][gc          ] GC(57) Garbage Collection (Allocation Rate) 162M(63%)->58M(23%)
[2024-07-21T19:49:16.648+0800][6.073s][gc,start    ] GC(58) Garbage Collection (Allocation Rate)
[2024-07-21T19:49:16.648+0800][6.073s][gc,task     ] GC(58) Using 2 workers
[2024-07-21T19:49:16.648+0800][6.073s][gc,phases   ] GC(58) Pause Mark Start 0.006ms
[2024-07-21T19:49:16.664+0800][6.089s][gc,phases   ] GC(58) Concurrent Mark 15.646ms
[2024-07-21T19:49:16.664+0800][6.089s][gc,phases   ] GC(58) Pause Mark End 0.018ms
[2024-07-21T19:49:16.664+0800][6.089s][gc,phases   ] GC(58) Concurrent Mark Free 0.001ms
[2024-07-21T19:49:16.665+0800][6.090s][gc,phases   ] GC(58) Concurrent Process Non-Strong References 1.319ms
[2024-07-21T19:49:16.666+0800][6.090s][gc,phases   ] GC(58) Concurrent Reset Relocation Set 0.001ms
[2024-07-21T19:49:16.667+0800][6.092s][gc,phases   ] GC(58) Concurrent Select Relocation Set 1.681ms
[2024-07-21T19:49:16.667+0800][6.092s][gc,phases   ] GC(58) Pause Relocate Start 0.007ms
[2024-07-21T19:49:16.669+0800][6.094s][gc,phases   ] GC(58) Concurrent Relocate 1.189ms
[2024-07-21T19:49:16.669+0800][6.094s][gc,load     ] GC(58) Load: 0.00/0.00/0.00
[2024-07-21T19:49:16.669+0800][6.094s][gc,mmu      ] GC(58) MMU: 2ms/96.3%, 5ms/98.5%, 10ms/99.2%, 20ms/99.6%, 50ms/99.8%, 100ms/99.9%
[2024-07-21T19:49:16.669+0800][6.094s][gc,marking  ] GC(58) Mark: 2 stripe(s), 2 proactive flush(es), 1 terminate flush(es), 0 completion(s), 0 continuation(s) 
[2024-07-21T19:49:16.669+0800][6.094s][gc,marking  ] GC(58) Mark Stack Usage: 32M
[2024-07-21T19:49:16.669+0800][6.094s][gc,nmethod  ] GC(58) NMethods: 433 registered, 0 unregistered
[2024-07-21T19:49:16.669+0800][6.094s][gc,metaspace] GC(58) Metaspace: 1M used, 1M committed, 1032M reserved
[2024-07-21T19:49:16.669+0800][6.094s][gc,ref      ] GC(58) Soft: 93 encountered, 0 discovered, 0 enqueued
[2024-07-21T19:49:16.669+0800][6.094s][gc,ref      ] GC(58) Weak: 131 encountered, 95 discovered, 0 enqueued
[2024-07-21T19:49:16.669+0800][6.094s][gc,ref      ] GC(58) Final: 0 encountered, 0 discovered, 0 enqueued
[2024-07-21T19:49:16.669+0800][6.094s][gc,ref      ] GC(58) Phantom: 184 encountered, 129 discovered, 0 enqueued
[2024-07-21T19:49:16.669+0800][6.094s][gc,reloc    ] GC(58) Small Pages: 5 / 10M, Empty: 2M, Relocated: 1M, In-Place: 0
[2024-07-21T19:49:16.669+0800][6.094s][gc,reloc    ] GC(58) Medium Pages: 1 / 8M, Empty: 0M, Relocated: 0M, In-Place: 0
[2024-07-21T19:49:16.669+0800][6.094s][gc,reloc    ] GC(58) Large Pages: 62 / 124M, Empty: 120M, Relocated: 0M, In-Place: 0
[2024-07-21T19:49:16.669+0800][6.094s][gc,reloc    ] GC(58) Forwarding Usage: 0M
[2024-07-21T19:49:16.669+0800][6.094s][gc,heap     ] GC(58) Min Capacity: 8M(3%)
[2024-07-21T19:49:16.669+0800][6.094s][gc,heap     ] GC(58) Max Capacity: 256M(100%)
[2024-07-21T19:49:16.669+0800][6.094s][gc,heap     ] GC(58) Soft Max Capacity: 256M(100%)
[2024-07-21T19:49:16.669+0800][6.094s][gc,heap     ] GC(58)                Mark Start          Mark End        Relocate Start      Relocate End           High               Low         
[2024-07-21T19:49:16.669+0800][6.094s][gc,heap     ] GC(58)  Capacity:      256M (100%)        256M (100%)        256M (100%)        256M (100%)        256M (100%)        256M (100%)   
[2024-07-21T19:49:16.669+0800][6.094s][gc,heap     ] GC(58)      Free:      114M (45%)          92M (36%)         198M (77%)         198M (77%)         198M (77%)          76M (30%)    
[2024-07-21T19:49:16.669+0800][6.094s][gc,heap     ] GC(58)      Used:      142M (55%)         164M (64%)          58M (23%)          58M (23%)         180M (70%)          58M (23%)    
[2024-07-21T19:49:16.669+0800][6.094s][gc,heap     ] GC(58)      Live:         -                 8M (3%)            8M (3%)            8M (3%)             -                  -          
[2024-07-21T19:49:16.669+0800][6.094s][gc,heap     ] GC(58) Allocated:         -                22M (9%)           38M (15%)          38M (15%)            -                  -          
[2024-07-21T19:49:16.669+0800][6.094s][gc,heap     ] GC(58)   Garbage:         -               133M (52%)          11M (4%)           11M (4%)             -                  -          
[2024-07-21T19:49:16.669+0800][6.094s][gc,heap     ] GC(58) Reclaimed:         -                  -               122M (48%)         122M (48%)            -                  -          
[2024-07-21T19:49:16.669+0800][6.094s][gc          ] GC(58) Garbage Collection (Allocation Rate) 142M(55%)->58M(23%)
[2024-07-21T19:49:16.743+0800][6.168s][gc,start    ] GC(59) Garbage Collection (Allocation Rate)
[2024-07-21T19:49:16.743+0800][6.168s][gc,task     ] GC(59) Using 2 workers
[2024-07-21T19:49:16.743+0800][6.168s][gc,phases   ] GC(59) Pause Mark Start 0.009ms
[2024-07-21T19:49:16.759+0800][6.184s][gc,phases   ] GC(59) Concurrent Mark 15.397ms
[2024-07-21T19:49:16.759+0800][6.184s][gc,phases   ] GC(59) Pause Mark End 0.011ms
[2024-07-21T19:49:16.759+0800][6.184s][gc,phases   ] GC(59) Concurrent Mark Free 0.002ms
[2024-07-21T19:49:16.761+0800][6.186s][gc,phases   ] GC(59) Concurrent Process Non-Strong References 1.071ms
[2024-07-21T19:49:16.761+0800][6.186s][gc,phases   ] GC(59) Concurrent Reset Relocation Set 0.001ms
[2024-07-21T19:49:16.762+0800][6.187s][gc,phases   ] GC(59) Concurrent Select Relocation Set 1.748ms
[2024-07-21T19:49:16.763+0800][6.188s][gc,phases   ] GC(59) Pause Relocate Start 0.006ms
[2024-07-21T19:49:16.764+0800][6.188s][gc,phases   ] GC(59) Concurrent Relocate 0.773ms
[2024-07-21T19:49:16.764+0800][6.189s][gc,load     ] GC(59) Load: 0.00/0.00/0.00
[2024-07-21T19:49:16.764+0800][6.189s][gc,mmu      ] GC(59) MMU: 2ms/96.3%, 5ms/98.5%, 10ms/99.2%, 20ms/99.6%, 50ms/99.8%, 100ms/99.9%
[2024-07-21T19:49:16.764+0800][6.189s][gc,marking  ] GC(59) Mark: 2 stripe(s), 2 proactive flush(es), 1 terminate flush(es), 0 completion(s), 0 continuation(s) 
[2024-07-21T19:49:16.764+0800][6.189s][gc,marking  ] GC(59) Mark Stack Usage: 32M
[2024-07-21T19:49:16.764+0800][6.189s][gc,nmethod  ] GC(59) NMethods: 433 registered, 0 unregistered
[2024-07-21T19:49:16.764+0800][6.189s][gc,metaspace] GC(59) Metaspace: 1M used, 1M committed, 1032M reserved
[2024-07-21T19:49:16.764+0800][6.189s][gc,ref      ] GC(59) Soft: 93 encountered, 0 discovered, 0 enqueued
[2024-07-21T19:49:16.764+0800][6.189s][gc,ref      ] GC(59) Weak: 131 encountered, 93 discovered, 0 enqueued
[2024-07-21T19:49:16.764+0800][6.189s][gc,ref      ] GC(59) Final: 0 encountered, 0 discovered, 0 enqueued
[2024-07-21T19:49:16.764+0800][6.189s][gc,ref      ] GC(59) Phantom: 184 encountered, 119 discovered, 0 enqueued
[2024-07-21T19:49:16.764+0800][6.189s][gc,reloc    ] GC(59) Small Pages: 5 / 10M, Empty: 2M, Relocated: 1M, In-Place: 0
[2024-07-21T19:49:16.764+0800][6.189s][gc,reloc    ] GC(59) Medium Pages: 1 / 8M, Empty: 0M, Relocated: 0M, In-Place: 0
[2024-07-21T19:49:16.764+0800][6.189s][gc,reloc    ] GC(59) Large Pages: 63 / 126M, Empty: 120M, Relocated: 0M, In-Place: 0
[2024-07-21T19:49:16.764+0800][6.189s][gc,reloc    ] GC(59) Forwarding Usage: 0M
[2024-07-21T19:49:16.764+0800][6.189s][gc,heap     ] GC(59) Min Capacity: 8M(3%)
[2024-07-21T19:49:16.764+0800][6.189s][gc,heap     ] GC(59) Max Capacity: 256M(100%)
[2024-07-21T19:49:16.764+0800][6.189s][gc,heap     ] GC(59) Soft Max Capacity: 256M(100%)
[2024-07-21T19:49:16.764+0800][6.189s][gc,heap     ] GC(59)                Mark Start          Mark End        Relocate Start      Relocate End           High               Low         
[2024-07-21T19:49:16.764+0800][6.189s][gc,heap     ] GC(59)  Capacity:      256M (100%)        256M (100%)        256M (100%)        256M (100%)        256M (100%)        256M (100%)   
[2024-07-21T19:49:16.764+0800][6.189s][gc,heap     ] GC(59)      Free:      112M (44%)          92M (36%)         198M (77%)         198M (77%)         198M (77%)          76M (30%)    
[2024-07-21T19:49:16.764+0800][6.189s][gc,heap     ] GC(59)      Used:      144M (56%)         164M (64%)          58M (23%)          58M (23%)         180M (70%)          58M (23%)    
[2024-07-21T19:49:16.764+0800][6.189s][gc,heap     ] GC(59)      Live:         -                10M (4%)           10M (4%)           10M (4%)             -                  -          
[2024-07-21T19:49:16.764+0800][6.189s][gc,heap     ] GC(59) Allocated:         -                20M (8%)           36M (14%)          36M (14%)            -                  -          
[2024-07-21T19:49:16.764+0800][6.189s][gc,heap     ] GC(59)   Garbage:         -               133M (52%)          11M (4%)           11M (4%)             -                  -          
[2024-07-21T19:49:16.764+0800][6.189s][gc,heap     ] GC(59) Reclaimed:         -                  -               122M (48%)         122M (48%)            -                  -          
[2024-07-21T19:49:16.764+0800][6.189s][gc          ] GC(59) Garbage Collection (Allocation Rate) 144M(56%)->58M(23%)
[2024-07-21T19:49:16.854+0800][6.279s][gc,start    ] GC(60) Garbage Collection (Allocation Rate)
[2024-07-21T19:49:16.854+0800][6.279s][gc,task     ] GC(60) Using 2 workers
[2024-07-21T19:49:16.854+0800][6.279s][gc,phases   ] GC(60) Pause Mark Start 0.009ms
[2024-07-21T19:49:16.869+0800][6.294s][gc,phases   ] GC(60) Concurrent Mark 14.777ms
[2024-07-21T19:49:16.869+0800][6.294s][gc,phases   ] GC(60) Pause Mark End 0.012ms
[2024-07-21T19:49:16.869+0800][6.294s][gc,phases   ] GC(60) Concurrent Mark Free 0.002ms
[2024-07-21T19:49:16.871+0800][6.296s][gc,phases   ] GC(60) Concurrent Process Non-Strong References 1.236ms
[2024-07-21T19:49:16.871+0800][6.296s][gc,phases   ] GC(60) Concurrent Reset Relocation Set 0.001ms
[2024-07-21T19:49:16.873+0800][6.298s][gc,phases   ] GC(60) Concurrent Select Relocation Set 2.229ms
[2024-07-21T19:49:16.873+0800][6.298s][gc,phases   ] GC(60) Pause Relocate Start 0.010ms
[2024-07-21T19:49:16.875+0800][6.300s][gc,phases   ] GC(60) Concurrent Relocate 1.590ms
[2024-07-21T19:49:16.875+0800][6.300s][gc,load     ] GC(60) Load: 0.00/0.00/0.00
[2024-07-21T19:49:16.875+0800][6.300s][gc,mmu      ] GC(60) MMU: 2ms/96.3%, 5ms/98.5%, 10ms/99.2%, 20ms/99.6%, 50ms/99.8%, 100ms/99.9%
[2024-07-21T19:49:16.875+0800][6.300s][gc,marking  ] GC(60) Mark: 2 stripe(s), 2 proactive flush(es), 1 terminate flush(es), 0 completion(s), 0 continuation(s) 
[2024-07-21T19:49:16.875+0800][6.300s][gc,marking  ] GC(60) Mark Stack Usage: 32M
[2024-07-21T19:49:16.875+0800][6.300s][gc,nmethod  ] GC(60) NMethods: 433 registered, 0 unregistered
[2024-07-21T19:49:16.875+0800][6.300s][gc,metaspace] GC(60) Metaspace: 1M used, 1M committed, 1032M reserved
[2024-07-21T19:49:16.875+0800][6.300s][gc,ref      ] GC(60) Soft: 93 encountered, 0 discovered, 0 enqueued
[2024-07-21T19:49:16.875+0800][6.300s][gc,ref      ] GC(60) Weak: 131 encountered, 95 discovered, 0 enqueued
[2024-07-21T19:49:16.875+0800][6.300s][gc,ref      ] GC(60) Final: 0 encountered, 0 discovered, 0 enqueued
[2024-07-21T19:49:16.875+0800][6.300s][gc,ref      ] GC(60) Phantom: 184 encountered, 157 discovered, 0 enqueued
[2024-07-21T19:49:16.875+0800][6.300s][gc,reloc    ] GC(60) Small Pages: 5 / 10M, Empty: 2M, Relocated: 1M, In-Place: 0
[2024-07-21T19:49:16.875+0800][6.300s][gc,reloc    ] GC(60) Medium Pages: 1 / 8M, Empty: 0M, Relocated: 0M, In-Place: 0
[2024-07-21T19:49:16.875+0800][6.300s][gc,reloc    ] GC(60) Large Pages: 72 / 144M, Empty: 142M, Relocated: 0M, In-Place: 0
[2024-07-21T19:49:16.875+0800][6.300s][gc,reloc    ] GC(60) Forwarding Usage: 0M
[2024-07-21T19:49:16.875+0800][6.300s][gc,heap     ] GC(60) Min Capacity: 8M(3%)
[2024-07-21T19:49:16.875+0800][6.300s][gc,heap     ] GC(60) Max Capacity: 256M(100%)
[2024-07-21T19:49:16.875+0800][6.300s][gc,heap     ] GC(60) Soft Max Capacity: 256M(100%)
[2024-07-21T19:49:16.875+0800][6.300s][gc,heap     ] GC(60)                Mark Start          Mark End        Relocate Start      Relocate End           High               Low         
[2024-07-21T19:49:16.875+0800][6.300s][gc,heap     ] GC(60)  Capacity:      256M (100%)        256M (100%)        256M (100%)        256M (100%)        256M (100%)        256M (100%)   
[2024-07-21T19:49:16.875+0800][6.300s][gc,heap     ] GC(60)      Free:       94M (37%)          74M (29%)         200M (78%)         200M (78%)         200M (78%)          56M (22%)    
[2024-07-21T19:49:16.875+0800][6.300s][gc,heap     ] GC(60)      Used:      162M (63%)         182M (71%)          56M (22%)          56M (22%)         200M (78%)          56M (22%)    
[2024-07-21T19:49:16.875+0800][6.300s][gc,heap     ] GC(60)      Live:         -                 6M (3%)            6M (3%)            6M (3%)             -                  -          
[2024-07-21T19:49:16.875+0800][6.300s][gc,heap     ] GC(60) Allocated:         -                20M (8%)           38M (15%)          38M (15%)            -                  -          
[2024-07-21T19:49:16.876+0800][6.300s][gc,heap     ] GC(60)   Garbage:         -               155M (61%)          11M (4%)           11M (4%)             -                  -          
[2024-07-21T19:49:16.876+0800][6.300s][gc,heap     ] GC(60) Reclaimed:         -                  -               144M (56%)         144M (56%)            -                  -          
[2024-07-21T19:49:16.876+0800][6.301s][gc          ] GC(60) Garbage Collection (Allocation Rate) 162M(63%)->56M(22%)
[2024-07-21T19:49:16.949+0800][6.374s][gc,start    ] GC(61) Garbage Collection (Allocation Rate)
[2024-07-21T19:49:16.949+0800][6.374s][gc,task     ] GC(61) Using 2 workers
[2024-07-21T19:49:16.949+0800][6.374s][gc,phases   ] GC(61) Pause Mark Start 0.022ms
[2024-07-21T19:49:16.965+0800][6.390s][gc,phases   ] GC(61) Concurrent Mark 15.437ms
[2024-07-21T19:49:16.965+0800][6.390s][gc,phases   ] GC(61) Pause Mark End 0.029ms
[2024-07-21T19:49:16.965+0800][6.390s][gc,phases   ] GC(61) Concurrent Mark Free 0.002ms
[2024-07-21T19:49:16.967+0800][6.392s][gc,phases   ] GC(61) Concurrent Process Non-Strong References 1.289ms
[2024-07-21T19:49:16.967+0800][6.392s][gc,phases   ] GC(61) Concurrent Reset Relocation Set 0.001ms
[2024-07-21T19:49:16.969+0800][6.394s][gc,phases   ] GC(61) Concurrent Select Relocation Set 1.907ms
[2024-07-21T19:49:16.969+0800][6.394s][gc,phases   ] GC(61) Pause Relocate Start 0.006ms
[2024-07-21T19:49:16.970+0800][6.395s][gc,phases   ] GC(61) Concurrent Relocate 0.797ms
[2024-07-21T19:49:16.970+0800][6.395s][gc,load     ] GC(61) Load: 0.00/0.00/0.00
[2024-07-21T19:49:16.970+0800][6.395s][gc,mmu      ] GC(61) MMU: 2ms/96.3%, 5ms/98.5%, 10ms/99.2%, 20ms/99.6%, 50ms/99.8%, 100ms/99.9%
[2024-07-21T19:49:16.970+0800][6.395s][gc,marking  ] GC(61) Mark: 2 stripe(s), 2 proactive flush(es), 1 terminate flush(es), 0 completion(s), 0 continuation(s) 
[2024-07-21T19:49:16.970+0800][6.395s][gc,marking  ] GC(61) Mark Stack Usage: 32M
[2024-07-21T19:49:16.970+0800][6.395s][gc,nmethod  ] GC(61) NMethods: 436 registered, 0 unregistered
[2024-07-21T19:49:16.970+0800][6.395s][gc,metaspace] GC(61) Metaspace: 1M used, 1M committed, 1032M reserved
[2024-07-21T19:49:16.970+0800][6.395s][gc,ref      ] GC(61) Soft: 93 encountered, 0 discovered, 0 enqueued
[2024-07-21T19:49:16.970+0800][6.395s][gc,ref      ] GC(61) Weak: 131 encountered, 95 discovered, 0 enqueued
[2024-07-21T19:49:16.970+0800][6.395s][gc,ref      ] GC(61) Final: 0 encountered, 0 discovered, 0 enqueued
[2024-07-21T19:49:16.970+0800][6.395s][gc,ref      ] GC(61) Phantom: 184 encountered, 157 discovered, 0 enqueued
[2024-07-21T19:49:16.970+0800][6.395s][gc,reloc    ] GC(61) Small Pages: 5 / 10M, Empty: 2M, Relocated: 1M, In-Place: 0
[2024-07-21T19:49:16.970+0800][6.395s][gc,reloc    ] GC(61) Medium Pages: 1 / 8M, Empty: 0M, Relocated: 0M, In-Place: 0
[2024-07-21T19:49:16.970+0800][6.395s][gc,reloc    ] GC(61) Large Pages: 62 / 124M, Empty: 122M, Relocated: 0M, In-Place: 0
[2024-07-21T19:49:16.970+0800][6.395s][gc,reloc    ] GC(61) Forwarding Usage: 0M
[2024-07-21T19:49:16.970+0800][6.395s][gc,heap     ] GC(61) Min Capacity: 8M(3%)
[2024-07-21T19:49:16.970+0800][6.395s][gc,heap     ] GC(61) Max Capacity: 256M(100%)
[2024-07-21T19:49:16.970+0800][6.395s][gc,heap     ] GC(61) Soft Max Capacity: 256M(100%)
[2024-07-21T19:49:16.970+0800][6.395s][gc,heap     ] GC(61)                Mark Start          Mark End        Relocate Start      Relocate End           High               Low         
[2024-07-21T19:49:16.970+0800][6.395s][gc,heap     ] GC(61)  Capacity:      256M (100%)        256M (100%)        256M (100%)        256M (100%)        256M (100%)        256M (100%)   
[2024-07-21T19:49:16.970+0800][6.395s][gc,heap     ] GC(61)      Free:      114M (45%)          94M (37%)         202M (79%)         202M (79%)         202M (79%)          78M (30%)    
[2024-07-21T19:49:16.970+0800][6.395s][gc,heap     ] GC(61)      Used:      142M (55%)         162M (63%)          54M (21%)          54M (21%)         178M (70%)          54M (21%)    
[2024-07-21T19:49:16.970+0800][6.395s][gc,heap     ] GC(61)      Live:         -                 6M (3%)            6M (3%)            6M (3%)             -                  -          
[2024-07-21T19:49:16.970+0800][6.395s][gc,heap     ] GC(61) Allocated:         -                20M (8%)           36M (14%)          36M (14%)            -                  -          
[2024-07-21T19:49:16.970+0800][6.395s][gc,heap     ] GC(61)   Garbage:         -               135M (53%)          11M (4%)           11M (4%)             -                  -          
[2024-07-21T19:49:16.970+0800][6.395s][gc,heap     ] GC(61) Reclaimed:         -                  -               124M (48%)         124M (48%)            -                  -          
[2024-07-21T19:49:16.970+0800][6.395s][gc          ] GC(61) Garbage Collection (Allocation Rate) 142M(55%)->54M(21%)
[2024-07-21T19:49:17.043+0800][6.468s][gc,start    ] GC(62) Garbage Collection (Allocation Rate)
[2024-07-21T19:49:17.043+0800][6.468s][gc,task     ] GC(62) Using 2 workers
[2024-07-21T19:49:17.043+0800][6.468s][gc,phases   ] GC(62) Pause Mark Start 0.006ms
[2024-07-21T19:49:17.059+0800][6.484s][gc,phases   ] GC(62) Concurrent Mark 15.514ms
[2024-07-21T19:49:17.059+0800][6.484s][gc,phases   ] GC(62) Pause Mark End 0.018ms
[2024-07-21T19:49:17.059+0800][6.484s][gc,phases   ] GC(62) Concurrent Mark Free 0.001ms
[2024-07-21T19:49:17.060+0800][6.485s][gc,phases   ] GC(62) Concurrent Process Non-Strong References 1.382ms
[2024-07-21T19:49:17.061+0800][6.485s][gc,phases   ] GC(62) Concurrent Reset Relocation Set 0.001ms
[2024-07-21T19:49:17.063+0800][6.488s][gc,phases   ] GC(62) Concurrent Select Relocation Set 2.826ms
[2024-07-21T19:49:17.064+0800][6.489s][gc,phases   ] GC(62) Pause Relocate Start 0.009ms
[2024-07-21T19:49:17.065+0800][6.490s][gc,phases   ] GC(62) Concurrent Relocate 0.981ms
[2024-07-21T19:49:17.065+0800][6.490s][gc,load     ] GC(62) Load: 0.00/0.00/0.00
[2024-07-21T19:49:17.065+0800][6.490s][gc,mmu      ] GC(62) MMU: 2ms/96.3%, 5ms/98.5%, 10ms/99.2%, 20ms/99.6%, 50ms/99.8%, 100ms/99.9%
[2024-07-21T19:49:17.065+0800][6.490s][gc,marking  ] GC(62) Mark: 2 stripe(s), 2 proactive flush(es), 1 terminate flush(es), 0 completion(s), 0 continuation(s) 
[2024-07-21T19:49:17.065+0800][6.490s][gc,marking  ] GC(62) Mark Stack Usage: 32M
[2024-07-21T19:49:17.065+0800][6.490s][gc,nmethod  ] GC(62) NMethods: 442 registered, 0 unregistered
[2024-07-21T19:49:17.065+0800][6.490s][gc,metaspace] GC(62) Metaspace: 1M used, 1M committed, 1032M reserved
[2024-07-21T19:49:17.065+0800][6.490s][gc,ref      ] GC(62) Soft: 93 encountered, 0 discovered, 0 enqueued
[2024-07-21T19:49:17.065+0800][6.490s][gc,ref      ] GC(62) Weak: 131 encountered, 45 discovered, 0 enqueued
[2024-07-21T19:49:17.065+0800][6.490s][gc,ref      ] GC(62) Final: 0 encountered, 0 discovered, 0 enqueued
[2024-07-21T19:49:17.065+0800][6.490s][gc,ref      ] GC(62) Phantom: 184 encountered, 118 discovered, 0 enqueued
[2024-07-21T19:49:17.065+0800][6.490s][gc,reloc    ] GC(62) Small Pages: 5 / 10M, Empty: 2M, Relocated: 1M, In-Place: 0
[2024-07-21T19:49:17.065+0800][6.490s][gc,reloc    ] GC(62) Medium Pages: 1 / 8M, Empty: 0M, Relocated: 0M, In-Place: 0
[2024-07-21T19:49:17.065+0800][6.490s][gc,reloc    ] GC(62) Large Pages: 60 / 120M, Empty: 118M, Relocated: 0M, In-Place: 0
[2024-07-21T19:49:17.065+0800][6.490s][gc,reloc    ] GC(62) Forwarding Usage: 0M
[2024-07-21T19:49:17.065+0800][6.490s][gc,heap     ] GC(62) Min Capacity: 8M(3%)
[2024-07-21T19:49:17.065+0800][6.490s][gc,heap     ] GC(62) Max Capacity: 256M(100%)
[2024-07-21T19:49:17.065+0800][6.490s][gc,heap     ] GC(62) Soft Max Capacity: 256M(100%)
[2024-07-21T19:49:17.065+0800][6.490s][gc,heap     ] GC(62)                Mark Start          Mark End        Relocate Start      Relocate End           High               Low         
[2024-07-21T19:49:17.065+0800][6.490s][gc,heap     ] GC(62)  Capacity:      256M (100%)        256M (100%)        256M (100%)        256M (100%)        256M (100%)        256M (100%)   
[2024-07-21T19:49:17.065+0800][6.490s][gc,heap     ] GC(62)      Free:      118M (46%)          98M (38%)         200M (78%)         200M (78%)         200M (78%)          80M (31%)    
[2024-07-21T19:49:17.065+0800][6.490s][gc,heap     ] GC(62)      Used:      138M (54%)         158M (62%)          56M (22%)          56M (22%)         176M (69%)          56M (22%)    
[2024-07-21T19:49:17.065+0800][6.490s][gc,heap     ] GC(62)      Live:         -                 6M (3%)            6M (3%)            6M (3%)             -                  -          
[2024-07-21T19:49:17.065+0800][6.490s][gc,heap     ] GC(62) Allocated:         -                20M (8%)           38M (15%)          38M (15%)            -                  -          
[2024-07-21T19:49:17.065+0800][6.490s][gc,heap     ] GC(62)   Garbage:         -               131M (51%)          11M (4%)           11M (4%)             -                  -          
[2024-07-21T19:49:17.065+0800][6.490s][gc,heap     ] GC(62) Reclaimed:         -                  -               120M (47%)         120M (47%)            -                  -          
[2024-07-21T19:49:17.065+0800][6.490s][gc          ] GC(62) Garbage Collection (Allocation Rate) 138M(54%)->56M(22%)
[2024-07-21T19:49:17.154+0800][6.579s][gc,start    ] GC(63) Garbage Collection (Allocation Rate)
[2024-07-21T19:49:17.154+0800][6.579s][gc,task     ] GC(63) Using 2 workers
[2024-07-21T19:49:17.154+0800][6.579s][gc,phases   ] GC(63) Pause Mark Start 0.026ms
[2024-07-21T19:49:17.169+0800][6.594s][gc,phases   ] GC(63) Concurrent Mark 14.349ms
[2024-07-21T19:49:17.169+0800][6.594s][gc,phases   ] GC(63) Pause Mark End 0.011ms
[2024-07-21T19:49:17.170+0800][6.595s][gc,phases   ] GC(63) Concurrent Mark Free 0.002ms
[2024-07-21T19:49:17.171+0800][6.596s][gc,phases   ] GC(63) Concurrent Process Non-Strong References 1.133ms
[2024-07-21T19:49:17.171+0800][6.596s][gc,phases   ] GC(63) Concurrent Reset Relocation Set 0.001ms
[2024-07-21T19:49:17.172+0800][6.597s][gc,phases   ] GC(63) Concurrent Select Relocation Set 1.569ms
[2024-07-21T19:49:17.173+0800][6.598s][gc,phases   ] GC(63) Pause Relocate Start 0.019ms
[2024-07-21T19:49:17.174+0800][6.598s][gc,phases   ] GC(63) Concurrent Relocate 0.763ms
[2024-07-21T19:49:17.174+0800][6.599s][gc,load     ] GC(63) Load: 0.00/0.00/0.00
[2024-07-21T19:49:17.174+0800][6.599s][gc,mmu      ] GC(63) MMU: 2ms/96.3%, 5ms/98.5%, 10ms/99.2%, 20ms/99.6%, 50ms/99.8%, 100ms/99.9%
[2024-07-21T19:49:17.174+0800][6.599s][gc,marking  ] GC(63) Mark: 2 stripe(s), 2 proactive flush(es), 1 terminate flush(es), 0 completion(s), 0 continuation(s) 
[2024-07-21T19:49:17.174+0800][6.599s][gc,marking  ] GC(63) Mark Stack Usage: 32M
[2024-07-21T19:49:17.174+0800][6.599s][gc,nmethod  ] GC(63) NMethods: 442 registered, 0 unregistered
[2024-07-21T19:49:17.174+0800][6.599s][gc,metaspace] GC(63) Metaspace: 1M used, 1M committed, 1032M reserved
[2024-07-21T19:49:17.174+0800][6.599s][gc,ref      ] GC(63) Soft: 93 encountered, 0 discovered, 0 enqueued
[2024-07-21T19:49:17.174+0800][6.599s][gc,ref      ] GC(63) Weak: 131 encountered, 93 discovered, 0 enqueued
[2024-07-21T19:49:17.174+0800][6.599s][gc,ref      ] GC(63) Final: 0 encountered, 0 discovered, 0 enqueued
[2024-07-21T19:49:17.174+0800][6.599s][gc,ref      ] GC(63) Phantom: 184 encountered, 129 discovered, 0 enqueued
[2024-07-21T19:49:17.174+0800][6.599s][gc,reloc    ] GC(63) Small Pages: 5 / 10M, Empty: 2M, Relocated: 1M, In-Place: 0
[2024-07-21T19:49:17.174+0800][6.599s][gc,reloc    ] GC(63) Medium Pages: 1 / 8M, Empty: 0M, Relocated: 0M, In-Place: 0
[2024-07-21T19:49:17.174+0800][6.599s][gc,reloc    ] GC(63) Large Pages: 72 / 144M, Empty: 138M, Relocated: 0M, In-Place: 0
[2024-07-21T19:49:17.174+0800][6.599s][gc,reloc    ] GC(63) Forwarding Usage: 0M
[2024-07-21T19:49:17.174+0800][6.599s][gc,heap     ] GC(63) Min Capacity: 8M(3%)
[2024-07-21T19:49:17.174+0800][6.599s][gc,heap     ] GC(63) Max Capacity: 256M(100%)
[2024-07-21T19:49:17.174+0800][6.599s][gc,heap     ] GC(63) Soft Max Capacity: 256M(100%)
[2024-07-21T19:49:17.174+0800][6.599s][gc,heap     ] GC(63)                Mark Start          Mark End        Relocate Start      Relocate End           High               Low         
[2024-07-21T19:49:17.174+0800][6.599s][gc,heap     ] GC(63)  Capacity:      256M (100%)        256M (100%)        256M (100%)        256M (100%)        256M (100%)        256M (100%)   
[2024-07-21T19:49:17.174+0800][6.599s][gc,heap     ] GC(63)      Free:       94M (37%)          72M (28%)         198M (77%)         198M (77%)         198M (77%)          58M (23%)    
[2024-07-21T19:49:17.174+0800][6.599s][gc,heap     ] GC(63)      Used:      162M (63%)         184M (72%)          58M (23%)          58M (23%)         198M (77%)          58M (23%)    
[2024-07-21T19:49:17.174+0800][6.599s][gc,heap     ] GC(63)      Live:         -                10M (4%)           10M (4%)           10M (4%)             -                  -          
[2024-07-21T19:49:17.174+0800][6.599s][gc,heap     ] GC(63) Allocated:         -                22M (9%)           36M (14%)          36M (14%)            -                  -          
[2024-07-21T19:49:17.174+0800][6.599s][gc,heap     ] GC(63)   Garbage:         -               151M (59%)          11M (4%)           11M (4%)             -                  -          
[2024-07-21T19:49:17.174+0800][6.599s][gc,heap     ] GC(63) Reclaimed:         -                  -               140M (55%)         140M (55%)            -                  -          
[2024-07-21T19:49:17.174+0800][6.599s][gc          ] GC(63) Garbage Collection (Allocation Rate) 162M(63%)->58M(23%)
[2024-07-21T19:49:17.248+0800][6.673s][gc,start    ] GC(64) Garbage Collection (Allocation Rate)
[2024-07-21T19:49:17.248+0800][6.673s][gc,task     ] GC(64) Using 2 workers
[2024-07-21T19:49:17.248+0800][6.673s][gc,phases   ] GC(64) Pause Mark Start 0.006ms
[2024-07-21T19:49:17.263+0800][6.688s][gc,phases   ] GC(64) Concurrent Mark 14.514ms
[2024-07-21T19:49:17.263+0800][6.688s][gc,phases   ] GC(64) Pause Mark End 0.027ms
[2024-07-21T19:49:17.263+0800][6.688s][gc,phases   ] GC(64) Concurrent Mark Free 0.002ms
[2024-07-21T19:49:17.265+0800][6.689s][gc,phases   ] GC(64) Concurrent Process Non-Strong References 1.442ms
[2024-07-21T19:49:17.265+0800][6.690s][gc,phases   ] GC(64) Concurrent Reset Relocation Set 0.001ms
[2024-07-21T19:49:17.267+0800][6.692s][gc,phases   ] GC(64) Concurrent Select Relocation Set 2.767ms
[2024-07-21T19:49:17.268+0800][6.693s][gc,phases   ] GC(64) Pause Relocate Start 0.017ms
[2024-07-21T19:49:17.269+0800][6.694s][gc,phases   ] GC(64) Concurrent Relocate 1.301ms
[2024-07-21T19:49:17.269+0800][6.694s][gc,load     ] GC(64) Load: 0.00/0.00/0.00
[2024-07-21T19:49:17.269+0800][6.694s][gc,mmu      ] GC(64) MMU: 2ms/96.3%, 5ms/98.5%, 10ms/99.2%, 20ms/99.6%, 50ms/99.8%, 100ms/99.9%
[2024-07-21T19:49:17.269+0800][6.694s][gc,marking  ] GC(64) Mark: 2 stripe(s), 2 proactive flush(es), 1 terminate flush(es), 0 completion(s), 0 continuation(s) 
[2024-07-21T19:49:17.269+0800][6.694s][gc,marking  ] GC(64) Mark Stack Usage: 32M
[2024-07-21T19:49:17.269+0800][6.694s][gc,nmethod  ] GC(64) NMethods: 442 registered, 0 unregistered
[2024-07-21T19:49:17.269+0800][6.694s][gc,metaspace] GC(64) Metaspace: 1M used, 1M committed, 1032M reserved
[2024-07-21T19:49:17.269+0800][6.694s][gc,ref      ] GC(64) Soft: 93 encountered, 0 discovered, 0 enqueued
[2024-07-21T19:49:17.269+0800][6.694s][gc,ref      ] GC(64) Weak: 131 encountered, 94 discovered, 0 enqueued
[2024-07-21T19:49:17.269+0800][6.694s][gc,ref      ] GC(64) Final: 0 encountered, 0 discovered, 0 enqueued
[2024-07-21T19:49:17.269+0800][6.694s][gc,ref      ] GC(64) Phantom: 184 encountered, 131 discovered, 0 enqueued
[2024-07-21T19:49:17.269+0800][6.694s][gc,reloc    ] GC(64) Small Pages: 5 / 10M, Empty: 2M, Relocated: 1M, In-Place: 0
[2024-07-21T19:49:17.269+0800][6.694s][gc,reloc    ] GC(64) Medium Pages: 1 / 8M, Empty: 0M, Relocated: 0M, In-Place: 0
[2024-07-21T19:49:17.269+0800][6.694s][gc,reloc    ] GC(64) Large Pages: 63 / 126M, Empty: 120M, Relocated: 0M, In-Place: 0
[2024-07-21T19:49:17.269+0800][6.694s][gc,reloc    ] GC(64) Forwarding Usage: 0M
[2024-07-21T19:49:17.269+0800][6.694s][gc,heap     ] GC(64) Min Capacity: 8M(3%)
[2024-07-21T19:49:17.270+0800][6.694s][gc,heap     ] GC(64) Max Capacity: 256M(100%)
[2024-07-21T19:49:17.270+0800][6.694s][gc,heap     ] GC(64) Soft Max Capacity: 256M(100%)
[2024-07-21T19:49:17.270+0800][6.694s][gc,heap     ] GC(64)                Mark Start          Mark End        Relocate Start      Relocate End           High               Low         
[2024-07-21T19:49:17.270+0800][6.694s][gc,heap     ] GC(64)  Capacity:      256M (100%)        256M (100%)        256M (100%)        256M (100%)        256M (100%)        256M (100%)   
[2024-07-21T19:49:17.270+0800][6.695s][gc,heap     ] GC(64)      Free:      112M (44%)          92M (36%)         198M (77%)         198M (77%)         198M (77%)          76M (30%)    
[2024-07-21T19:49:17.270+0800][6.695s][gc,heap     ] GC(64)      Used:      144M (56%)         164M (64%)          58M (23%)          58M (23%)         180M (70%)          58M (23%)    
[2024-07-21T19:49:17.270+0800][6.695s][gc,heap     ] GC(64)      Live:         -                10M (4%)           10M (4%)           10M (4%)             -                  -          
[2024-07-21T19:49:17.270+0800][6.695s][gc,heap     ] GC(64) Allocated:         -                20M (8%)           36M (14%)          36M (14%)            -                  -          
[2024-07-21T19:49:17.270+0800][6.695s][gc,heap     ] GC(64)   Garbage:         -               133M (52%)          11M (4%)           11M (4%)             -                  -          
[2024-07-21T19:49:17.270+0800][6.695s][gc,heap     ] GC(64) Reclaimed:         -                  -               122M (48%)         122M (48%)            -                  -          
[2024-07-21T19:49:17.270+0800][6.695s][gc          ] GC(64) Garbage Collection (Allocation Rate) 144M(56%)->58M(23%)
[2024-07-21T19:49:17.342+0800][6.767s][gc,start    ] GC(65) Garbage Collection (Allocation Rate)
[2024-07-21T19:49:17.342+0800][6.767s][gc,task     ] GC(65) Using 2 workers
[2024-07-21T19:49:17.343+0800][6.767s][gc,phases   ] GC(65) Pause Mark Start 0.025ms
[2024-07-21T19:49:17.358+0800][6.783s][gc,phases   ] GC(65) Concurrent Mark 15.232ms
[2024-07-21T19:49:17.358+0800][6.783s][gc,phases   ] GC(65) Pause Mark End 0.013ms
[2024-07-21T19:49:17.358+0800][6.783s][gc,phases   ] GC(65) Concurrent Mark Free 0.004ms
[2024-07-21T19:49:17.360+0800][6.785s][gc,phases   ] GC(65) Concurrent Process Non-Strong References 1.188ms
[2024-07-21T19:49:17.360+0800][6.785s][gc,phases   ] GC(65) Concurrent Reset Relocation Set 0.001ms
[2024-07-21T19:49:17.362+0800][6.787s][gc,phases   ] GC(65) Concurrent Select Relocation Set 1.755ms
[2024-07-21T19:49:17.362+0800][6.787s][gc,phases   ] GC(65) Pause Relocate Start 0.006ms
[2024-07-21T19:49:17.363+0800][6.788s][gc,phases   ] GC(65) Concurrent Relocate 0.772ms
[2024-07-21T19:49:17.363+0800][6.788s][gc,load     ] GC(65) Load: 0.00/0.00/0.00
[2024-07-21T19:49:17.363+0800][6.788s][gc,mmu      ] GC(65) MMU: 2ms/96.3%, 5ms/98.5%, 10ms/99.2%, 20ms/99.6%, 50ms/99.8%, 100ms/99.9%
[2024-07-21T19:49:17.363+0800][6.788s][gc,marking  ] GC(65) Mark: 2 stripe(s), 2 proactive flush(es), 1 terminate flush(es), 0 completion(s), 0 continuation(s) 
[2024-07-21T19:49:17.363+0800][6.788s][gc,marking  ] GC(65) Mark Stack Usage: 32M
[2024-07-21T19:49:17.363+0800][6.788s][gc,nmethod  ] GC(65) NMethods: 442 registered, 0 unregistered
[2024-07-21T19:49:17.363+0800][6.788s][gc,metaspace] GC(65) Metaspace: 1M used, 1M committed, 1032M reserved
[2024-07-21T19:49:17.363+0800][6.788s][gc,ref      ] GC(65) Soft: 93 encountered, 0 discovered, 0 enqueued
[2024-07-21T19:49:17.363+0800][6.788s][gc,ref      ] GC(65) Weak: 131 encountered, 108 discovered, 0 enqueued
[2024-07-21T19:49:17.363+0800][6.788s][gc,ref      ] GC(65) Final: 0 encountered, 0 discovered, 0 enqueued
[2024-07-21T19:49:17.363+0800][6.788s][gc,ref      ] GC(65) Phantom: 184 encountered, 135 discovered, 0 enqueued
[2024-07-21T19:49:17.363+0800][6.788s][gc,reloc    ] GC(65) Small Pages: 5 / 10M, Empty: 2M, Relocated: 1M, In-Place: 0
[2024-07-21T19:49:17.363+0800][6.788s][gc,reloc    ] GC(65) Medium Pages: 1 / 8M, Empty: 0M, Relocated: 0M, In-Place: 0
[2024-07-21T19:49:17.363+0800][6.788s][gc,reloc    ] GC(65) Large Pages: 63 / 126M, Empty: 120M, Relocated: 0M, In-Place: 0
[2024-07-21T19:49:17.363+0800][6.788s][gc,reloc    ] GC(65) Forwarding Usage: 0M
[2024-07-21T19:49:17.363+0800][6.788s][gc,heap     ] GC(65) Min Capacity: 8M(3%)
[2024-07-21T19:49:17.363+0800][6.788s][gc,heap     ] GC(65) Max Capacity: 256M(100%)
[2024-07-21T19:49:17.363+0800][6.788s][gc,heap     ] GC(65) Soft Max Capacity: 256M(100%)
[2024-07-21T19:49:17.363+0800][6.788s][gc,heap     ] GC(65)                Mark Start          Mark End        Relocate Start      Relocate End           High               Low         
[2024-07-21T19:49:17.363+0800][6.788s][gc,heap     ] GC(65)  Capacity:      256M (100%)        256M (100%)        256M (100%)        256M (100%)        256M (100%)        256M (100%)   
[2024-07-21T19:49:17.363+0800][6.788s][gc,heap     ] GC(65)      Free:      112M (44%)          92M (36%)         198M (77%)         198M (77%)         198M (77%)          76M (30%)    
[2024-07-21T19:49:17.363+0800][6.788s][gc,heap     ] GC(65)      Used:      144M (56%)         164M (64%)          58M (23%)          58M (23%)         180M (70%)          58M (23%)    
[2024-07-21T19:49:17.363+0800][6.788s][gc,heap     ] GC(65)      Live:         -                10M (4%)           10M (4%)           10M (4%)             -                  -          
[2024-07-21T19:49:17.363+0800][6.788s][gc,heap     ] GC(65) Allocated:         -                20M (8%)           36M (14%)          36M (14%)            -                  -          
[2024-07-21T19:49:17.363+0800][6.788s][gc,heap     ] GC(65)   Garbage:         -               133M (52%)          11M (4%)           11M (4%)             -                  -          
[2024-07-21T19:49:17.363+0800][6.788s][gc,heap     ] GC(65) Reclaimed:         -                  -               122M (48%)         122M (48%)            -                  -          
[2024-07-21T19:49:17.363+0800][6.788s][gc          ] GC(65) Garbage Collection (Allocation Rate) 144M(56%)->58M(23%)
[2024-07-21T19:49:17.453+0800][6.878s][gc,start    ] GC(66) Garbage Collection (Allocation Rate)
[2024-07-21T19:49:17.453+0800][6.878s][gc,task     ] GC(66) Using 2 workers
[2024-07-21T19:49:17.453+0800][6.878s][gc,phases   ] GC(66) Pause Mark Start 0.007ms
[2024-07-21T19:49:17.468+0800][6.893s][gc,phases   ] GC(66) Concurrent Mark 14.987ms
[2024-07-21T19:49:17.468+0800][6.893s][gc,phases   ] GC(66) Pause Mark End 0.010ms
[2024-07-21T19:49:17.468+0800][6.893s][gc,phases   ] GC(66) Concurrent Mark Free 0.001ms
[2024-07-21T19:49:17.469+0800][6.895s][gc,phases   ] GC(66) Concurrent Process Non-Strong References 1.143ms
[2024-07-21T19:49:17.470+0800][6.895s][gc,phases   ] GC(66) Concurrent Reset Relocation Set 0.002ms
[2024-07-21T19:49:17.472+0800][6.897s][gc,phases   ] GC(66) Concurrent Select Relocation Set 2.249ms
[2024-07-21T19:49:17.472+0800][6.897s][gc,phases   ] GC(66) Pause Relocate Start 0.008ms
[2024-07-21T19:49:17.473+0800][6.898s][gc,phases   ] GC(66) Concurrent Relocate 0.943ms
[2024-07-21T19:49:17.473+0800][6.898s][gc,load     ] GC(66) Load: 0.00/0.00/0.00
[2024-07-21T19:49:17.473+0800][6.898s][gc,mmu      ] GC(66) MMU: 2ms/96.3%, 5ms/98.5%, 10ms/99.2%, 20ms/99.6%, 50ms/99.8%, 100ms/99.9%
[2024-07-21T19:49:17.473+0800][6.898s][gc,marking  ] GC(66) Mark: 2 stripe(s), 2 proactive flush(es), 1 terminate flush(es), 0 completion(s), 0 continuation(s) 
[2024-07-21T19:49:17.473+0800][6.898s][gc,marking  ] GC(66) Mark Stack Usage: 32M
[2024-07-21T19:49:17.473+0800][6.898s][gc,nmethod  ] GC(66) NMethods: 442 registered, 0 unregistered
[2024-07-21T19:49:17.473+0800][6.898s][gc,metaspace] GC(66) Metaspace: 1M used, 1M committed, 1032M reserved
[2024-07-21T19:49:17.473+0800][6.898s][gc,ref      ] GC(66) Soft: 93 encountered, 0 discovered, 0 enqueued
[2024-07-21T19:49:17.473+0800][6.898s][gc,ref      ] GC(66) Weak: 131 encountered, 0 discovered, 0 enqueued
[2024-07-21T19:49:17.473+0800][6.898s][gc,ref      ] GC(66) Final: 0 encountered, 0 discovered, 0 enqueued
[2024-07-21T19:49:17.473+0800][6.898s][gc,ref      ] GC(66) Phantom: 184 encountered, 118 discovered, 0 enqueued
[2024-07-21T19:49:17.473+0800][6.898s][gc,reloc    ] GC(66) Small Pages: 5 / 10M, Empty: 2M, Relocated: 1M, In-Place: 0
[2024-07-21T19:49:17.473+0800][6.898s][gc,reloc    ] GC(66) Medium Pages: 1 / 8M, Empty: 0M, Relocated: 0M, In-Place: 0
[2024-07-21T19:49:17.473+0800][6.898s][gc,reloc    ] GC(66) Large Pages: 73 / 146M, Empty: 144M, Relocated: 0M, In-Place: 0
[2024-07-21T19:49:17.473+0800][6.898s][gc,reloc    ] GC(66) Forwarding Usage: 0M
[2024-07-21T19:49:17.473+0800][6.898s][gc,heap     ] GC(66) Min Capacity: 8M(3%)
[2024-07-21T19:49:17.473+0800][6.898s][gc,heap     ] GC(66) Max Capacity: 256M(100%)
[2024-07-21T19:49:17.473+0800][6.898s][gc,heap     ] GC(66) Soft Max Capacity: 256M(100%)
[2024-07-21T19:49:17.473+0800][6.898s][gc,heap     ] GC(66)                Mark Start          Mark End        Relocate Start      Relocate End           High               Low         
[2024-07-21T19:49:17.473+0800][6.898s][gc,heap     ] GC(66)  Capacity:      256M (100%)        256M (100%)        256M (100%)        256M (100%)        256M (100%)        256M (100%)   
[2024-07-21T19:49:17.473+0800][6.898s][gc,heap     ] GC(66)      Free:       92M (36%)          72M (28%)         202M (79%)         202M (79%)         202M (79%)          56M (22%)    
[2024-07-21T19:49:17.473+0800][6.898s][gc,heap     ] GC(66)      Used:      164M (64%)         184M (72%)          54M (21%)          54M (21%)         200M (78%)          54M (21%)    
[2024-07-21T19:49:17.473+0800][6.898s][gc,heap     ] GC(66)      Live:         -                 6M (3%)            6M (3%)            6M (3%)             -                  -          
[2024-07-21T19:49:17.473+0800][6.898s][gc,heap     ] GC(66) Allocated:         -                20M (8%)           36M (14%)          36M (14%)            -                  -          
[2024-07-21T19:49:17.473+0800][6.899s][gc,heap     ] GC(66)   Garbage:         -               157M (61%)          11M (4%)           11M (4%)             -                  -          
[2024-07-21T19:49:17.473+0800][6.899s][gc,heap     ] GC(66) Reclaimed:         -                  -               146M (57%)         146M (57%)            -                  -          
[2024-07-21T19:49:17.473+0800][6.899s][gc          ] GC(66) Garbage Collection (Allocation Rate) 164M(64%)->54M(21%)
[2024-07-21T19:49:17.548+0800][6.973s][gc,start    ] GC(67) Garbage Collection (Allocation Rate)
[2024-07-21T19:49:17.548+0800][6.973s][gc,task     ] GC(67) Using 2 workers
[2024-07-21T19:49:17.548+0800][6.973s][gc,phases   ] GC(67) Pause Mark Start 0.009ms
[2024-07-21T19:49:17.564+0800][6.989s][gc,phases   ] GC(67) Concurrent Mark 15.444ms
[2024-07-21T19:49:17.564+0800][6.989s][gc,phases   ] GC(67) Pause Mark End 0.010ms
[2024-07-21T19:49:17.564+0800][6.989s][gc,phases   ] GC(67) Concurrent Mark Free 0.002ms
[2024-07-21T19:49:17.566+0800][6.990s][gc,phases   ] GC(67) Concurrent Process Non-Strong References 1.053ms
[2024-07-21T19:49:17.566+0800][6.990s][gc,phases   ] GC(67) Concurrent Reset Relocation Set 0.001ms
[2024-07-21T19:49:17.567+0800][6.992s][gc,phases   ] GC(67) Concurrent Select Relocation Set 1.794ms
[2024-07-21T19:49:17.568+0800][6.992s][gc,phases   ] GC(67) Pause Relocate Start 0.006ms
[2024-07-21T19:49:17.569+0800][6.993s][gc,phases   ] GC(67) Concurrent Relocate 0.754ms
[2024-07-21T19:49:17.569+0800][6.993s][gc,load     ] GC(67) Load: 0.00/0.00/0.00
[2024-07-21T19:49:17.569+0800][6.993s][gc,mmu      ] GC(67) MMU: 2ms/96.3%, 5ms/98.5%, 10ms/99.2%, 20ms/99.6%, 50ms/99.8%, 100ms/99.9%
[2024-07-21T19:49:17.569+0800][6.993s][gc,marking  ] GC(67) Mark: 2 stripe(s), 2 proactive flush(es), 1 terminate flush(es), 0 completion(s), 0 continuation(s) 
[2024-07-21T19:49:17.569+0800][6.993s][gc,marking  ] GC(67) Mark Stack Usage: 32M
[2024-07-21T19:49:17.569+0800][6.993s][gc,nmethod  ] GC(67) NMethods: 442 registered, 0 unregistered
[2024-07-21T19:49:17.569+0800][6.993s][gc,metaspace] GC(67) Metaspace: 1M used, 1M committed, 1032M reserved
[2024-07-21T19:49:17.569+0800][6.993s][gc,ref      ] GC(67) Soft: 93 encountered, 0 discovered, 0 enqueued
[2024-07-21T19:49:17.569+0800][6.993s][gc,ref      ] GC(67) Weak: 131 encountered, 93 discovered, 0 enqueued
[2024-07-21T19:49:17.569+0800][6.993s][gc,ref      ] GC(67) Final: 0 encountered, 0 discovered, 0 enqueued
[2024-07-21T19:49:17.569+0800][6.993s][gc,ref      ] GC(67) Phantom: 184 encountered, 126 discovered, 0 enqueued
[2024-07-21T19:49:17.569+0800][6.993s][gc,reloc    ] GC(67) Small Pages: 5 / 10M, Empty: 2M, Relocated: 1M, In-Place: 0
[2024-07-21T19:49:17.569+0800][6.993s][gc,reloc    ] GC(67) Medium Pages: 1 / 8M, Empty: 0M, Relocated: 0M, In-Place: 0
[2024-07-21T19:49:17.569+0800][6.993s][gc,reloc    ] GC(67) Large Pages: 61 / 122M, Empty: 120M, Relocated: 0M, In-Place: 0
[2024-07-21T19:49:17.569+0800][6.993s][gc,reloc    ] GC(67) Forwarding Usage: 0M
[2024-07-21T19:49:17.569+0800][6.993s][gc,heap     ] GC(67) Min Capacity: 8M(3%)
[2024-07-21T19:49:17.569+0800][6.993s][gc,heap     ] GC(67) Max Capacity: 256M(100%)
[2024-07-21T19:49:17.569+0800][6.994s][gc,heap     ] GC(67) Soft Max Capacity: 256M(100%)
[2024-07-21T19:49:17.569+0800][6.994s][gc,heap     ] GC(67)                Mark Start          Mark End        Relocate Start      Relocate End           High               Low         
[2024-07-21T19:49:17.569+0800][6.994s][gc,heap     ] GC(67)  Capacity:      256M (100%)        256M (100%)        256M (100%)        256M (100%)        256M (100%)        256M (100%)   
[2024-07-21T19:49:17.569+0800][6.994s][gc,heap     ] GC(67)      Free:      116M (45%)          96M (38%)         202M (79%)         202M (79%)         202M (79%)          80M (31%)    
[2024-07-21T19:49:17.569+0800][6.994s][gc,heap     ] GC(67)      Used:      140M (55%)         160M (62%)          54M (21%)          54M (21%)         176M (69%)          54M (21%)    
[2024-07-21T19:49:17.569+0800][6.994s][gc,heap     ] GC(67)      Live:         -                 6M (3%)            6M (3%)            6M (3%)             -                  -          
[2024-07-21T19:49:17.569+0800][6.994s][gc,heap     ] GC(67) Allocated:         -                20M (8%)           36M (14%)          36M (14%)            -                  -          
[2024-07-21T19:49:17.569+0800][6.994s][gc,heap     ] GC(67)   Garbage:         -               133M (52%)          11M (4%)           11M (4%)             -                  -          
[2024-07-21T19:49:17.569+0800][6.994s][gc,heap     ] GC(67) Reclaimed:         -                  -               122M (48%)         122M (48%)            -                  -          
[2024-07-21T19:49:17.569+0800][6.994s][gc          ] GC(67) Garbage Collection (Allocation Rate) 140M(55%)->54M(21%)
[2024-07-21T19:49:17.643+0800][7.068s][gc,start    ] GC(68) Garbage Collection (Allocation Rate)
[2024-07-21T19:49:17.643+0800][7.068s][gc,task     ] GC(68) Using 2 workers
[2024-07-21T19:49:17.643+0800][7.068s][gc,phases   ] GC(68) Pause Mark Start 0.007ms
[2024-07-21T19:49:17.659+0800][7.083s][gc,phases   ] GC(68) Concurrent Mark 15.258ms
[2024-07-21T19:49:17.659+0800][7.084s][gc,phases   ] GC(68) Pause Mark End 0.017ms
[2024-07-21T19:49:17.659+0800][7.084s][gc,phases   ] GC(68) Concurrent Mark Free 0.001ms
[2024-07-21T19:49:17.660+0800][7.085s][gc,phases   ] GC(68) Concurrent Process Non-Strong References 1.198ms
[2024-07-21T19:49:17.660+0800][7.085s][gc,phases   ] GC(68) Concurrent Reset Relocation Set 0.002ms
[2024-07-21T19:49:17.664+0800][7.088s][gc,phases   ] GC(68) Concurrent Select Relocation Set 3.269ms
[2024-07-21T19:49:17.664+0800][7.089s][gc,phases   ] GC(68) Pause Relocate Start 0.012ms
[2024-07-21T19:49:17.665+0800][7.090s][gc,phases   ] GC(68) Concurrent Relocate 0.944ms
[2024-07-21T19:49:17.665+0800][7.090s][gc,load     ] GC(68) Load: 0.00/0.00/0.00
[2024-07-21T19:49:17.665+0800][7.090s][gc,mmu      ] GC(68) MMU: 2ms/96.3%, 5ms/98.5%, 10ms/99.2%, 20ms/99.6%, 50ms/99.8%, 100ms/99.9%
[2024-07-21T19:49:17.665+0800][7.090s][gc,marking  ] GC(68) Mark: 2 stripe(s), 2 proactive flush(es), 1 terminate flush(es), 0 completion(s), 0 continuation(s) 
[2024-07-21T19:49:17.665+0800][7.090s][gc,marking  ] GC(68) Mark Stack Usage: 32M
[2024-07-21T19:49:17.665+0800][7.090s][gc,nmethod  ] GC(68) NMethods: 442 registered, 0 unregistered
[2024-07-21T19:49:17.665+0800][7.090s][gc,metaspace] GC(68) Metaspace: 1M used, 1M committed, 1032M reserved
[2024-07-21T19:49:17.665+0800][7.090s][gc,ref      ] GC(68) Soft: 93 encountered, 0 discovered, 0 enqueued
[2024-07-21T19:49:17.665+0800][7.090s][gc,ref      ] GC(68) Weak: 131 encountered, 94 discovered, 0 enqueued
[2024-07-21T19:49:17.665+0800][7.090s][gc,ref      ] GC(68) Final: 0 encountered, 0 discovered, 0 enqueued
[2024-07-21T19:49:17.665+0800][7.090s][gc,ref      ] GC(68) Phantom: 184 encountered, 178 discovered, 0 enqueued
[2024-07-21T19:49:17.665+0800][7.090s][gc,reloc    ] GC(68) Small Pages: 5 / 10M, Empty: 2M, Relocated: 1M, In-Place: 0
[2024-07-21T19:49:17.665+0800][7.090s][gc,reloc    ] GC(68) Medium Pages: 1 / 8M, Empty: 0M, Relocated: 0M, In-Place: 0
[2024-07-21T19:49:17.665+0800][7.090s][gc,reloc    ] GC(68) Large Pages: 60 / 120M, Empty: 118M, Relocated: 0M, In-Place: 0
[2024-07-21T19:49:17.665+0800][7.090s][gc,reloc    ] GC(68) Forwarding Usage: 0M
[2024-07-21T19:49:17.665+0800][7.090s][gc,heap     ] GC(68) Min Capacity: 8M(3%)
[2024-07-21T19:49:17.665+0800][7.090s][gc,heap     ] GC(68) Max Capacity: 256M(100%)
[2024-07-21T19:49:17.665+0800][7.090s][gc,heap     ] GC(68) Soft Max Capacity: 256M(100%)
[2024-07-21T19:49:17.665+0800][7.090s][gc,heap     ] GC(68)                Mark Start          Mark End        Relocate Start      Relocate End           High               Low         
[2024-07-21T19:49:17.665+0800][7.090s][gc,heap     ] GC(68)  Capacity:      256M (100%)        256M (100%)        256M (100%)        256M (100%)        256M (100%)        256M (100%)   
[2024-07-21T19:49:17.666+0800][7.090s][gc,heap     ] GC(68)      Free:      118M (46%)          96M (38%)         200M (78%)         200M (78%)         200M (78%)          80M (31%)    
[2024-07-21T19:49:17.666+0800][7.090s][gc,heap     ] GC(68)      Used:      138M (54%)         160M (62%)          56M (22%)          56M (22%)         176M (69%)          56M (22%)    
[2024-07-21T19:49:17.666+0800][7.090s][gc,heap     ] GC(68)      Live:         -                 6M (3%)            6M (3%)            6M (3%)             -                  -          
[2024-07-21T19:49:17.666+0800][7.090s][gc,heap     ] GC(68) Allocated:         -                22M (9%)           38M (15%)          38M (15%)            -                  -          
[2024-07-21T19:49:17.666+0800][7.090s][gc,heap     ] GC(68)   Garbage:         -               131M (51%)          11M (4%)           11M (4%)             -                  -          
[2024-07-21T19:49:17.666+0800][7.090s][gc,heap     ] GC(68) Reclaimed:         -                  -               120M (47%)         120M (47%)            -                  -          
[2024-07-21T19:49:17.666+0800][7.090s][gc          ] GC(68) Garbage Collection (Allocation Rate) 138M(54%)->56M(22%)
[2024-07-21T19:49:17.753+0800][7.178s][gc,start    ] GC(69) Garbage Collection (Allocation Rate)
[2024-07-21T19:49:17.753+0800][7.178s][gc,task     ] GC(69) Using 2 workers
[2024-07-21T19:49:17.753+0800][7.178s][gc,phases   ] GC(69) Pause Mark Start 0.009ms
[2024-07-21T19:49:17.769+0800][7.194s][gc,phases   ] GC(69) Concurrent Mark 15.379ms
[2024-07-21T19:49:17.769+0800][7.194s][gc,phases   ] GC(69) Pause Mark End 0.010ms
[2024-07-21T19:49:17.770+0800][7.194s][gc,phases   ] GC(69) Concurrent Mark Free 0.002ms
[2024-07-21T19:49:17.771+0800][7.196s][gc,phases   ] GC(69) Concurrent Process Non-Strong References 1.220ms
[2024-07-21T19:49:17.771+0800][7.196s][gc,phases   ] GC(69) Concurrent Reset Relocation Set 0.001ms
[2024-07-21T19:49:17.773+0800][7.197s][gc,phases   ] GC(69) Concurrent Select Relocation Set 1.752ms
[2024-07-21T19:49:17.773+0800][7.198s][gc,phases   ] GC(69) Pause Relocate Start 0.006ms
[2024-07-21T19:49:17.774+0800][7.198s][gc,phases   ] GC(69) Concurrent Relocate 0.792ms
[2024-07-21T19:49:17.774+0800][7.198s][gc,load     ] GC(69) Load: 0.00/0.00/0.00
[2024-07-21T19:49:17.774+0800][7.198s][gc,mmu      ] GC(69) MMU: 2ms/96.3%, 5ms/98.5%, 10ms/99.2%, 20ms/99.6%, 50ms/99.8%, 100ms/99.9%
[2024-07-21T19:49:17.774+0800][7.199s][gc,marking  ] GC(69) Mark: 2 stripe(s), 2 proactive flush(es), 1 terminate flush(es), 0 completion(s), 0 continuation(s) 
[2024-07-21T19:49:17.774+0800][7.199s][gc,marking  ] GC(69) Mark Stack Usage: 32M
[2024-07-21T19:49:17.774+0800][7.199s][gc,nmethod  ] GC(69) NMethods: 442 registered, 0 unregistered
[2024-07-21T19:49:17.774+0800][7.199s][gc,metaspace] GC(69) Metaspace: 1M used, 1M committed, 1032M reserved
[2024-07-21T19:49:17.774+0800][7.199s][gc,ref      ] GC(69) Soft: 93 encountered, 0 discovered, 0 enqueued
[2024-07-21T19:49:17.774+0800][7.199s][gc,ref      ] GC(69) Weak: 131 encountered, 95 discovered, 0 enqueued
[2024-07-21T19:49:17.774+0800][7.199s][gc,ref      ] GC(69) Final: 0 encountered, 0 discovered, 0 enqueued
[2024-07-21T19:49:17.774+0800][7.199s][gc,ref      ] GC(69) Phantom: 184 encountered, 134 discovered, 0 enqueued
[2024-07-21T19:49:17.774+0800][7.199s][gc,reloc    ] GC(69) Small Pages: 5 / 10M, Empty: 2M, Relocated: 1M, In-Place: 0
[2024-07-21T19:49:17.774+0800][7.199s][gc,reloc    ] GC(69) Medium Pages: 1 / 8M, Empty: 0M, Relocated: 0M, In-Place: 0
[2024-07-21T19:49:17.774+0800][7.199s][gc,reloc    ] GC(69) Large Pages: 73 / 146M, Empty: 138M, Relocated: 0M, In-Place: 0
[2024-07-21T19:49:17.774+0800][7.199s][gc,reloc    ] GC(69) Forwarding Usage: 0M
[2024-07-21T19:49:17.774+0800][7.199s][gc,heap     ] GC(69) Min Capacity: 8M(3%)
[2024-07-21T19:49:17.774+0800][7.199s][gc,heap     ] GC(69) Max Capacity: 256M(100%)
[2024-07-21T19:49:17.774+0800][7.199s][gc,heap     ] GC(69) Soft Max Capacity: 256M(100%)
[2024-07-21T19:49:17.774+0800][7.199s][gc,heap     ] GC(69)                Mark Start          Mark End        Relocate Start      Relocate End           High               Low         
[2024-07-21T19:49:17.774+0800][7.199s][gc,heap     ] GC(69)  Capacity:      256M (100%)        256M (100%)        256M (100%)        256M (100%)        256M (100%)        256M (100%)   
[2024-07-21T19:49:17.774+0800][7.199s][gc,heap     ] GC(69)      Free:       92M (36%)          74M (29%)         198M (77%)         198M (77%)         198M (77%)          58M (23%)    
[2024-07-21T19:49:17.774+0800][7.199s][gc,heap     ] GC(69)      Used:      164M (64%)         182M (71%)          58M (23%)          58M (23%)         198M (77%)          58M (23%)    
[2024-07-21T19:49:17.774+0800][7.199s][gc,heap     ] GC(69)      Live:         -                12M (5%)           12M (5%)           12M (5%)             -                  -          
[2024-07-21T19:49:17.774+0800][7.199s][gc,heap     ] GC(69) Allocated:         -                18M (7%)           34M (13%)          34M (13%)            -                  -          
[2024-07-21T19:49:17.774+0800][7.199s][gc,heap     ] GC(69)   Garbage:         -               151M (59%)          11M (4%)           11M (4%)             -                  -          
[2024-07-21T19:49:17.774+0800][7.199s][gc,heap     ] GC(69) Reclaimed:         -                  -               140M (55%)         140M (55%)            -                  -          
[2024-07-21T19:49:17.774+0800][7.199s][gc          ] GC(69) Garbage Collection (Allocation Rate) 164M(64%)->58M(23%)
[2024-07-21T19:49:17.849+0800][7.273s][gc,start    ] GC(70) Garbage Collection (Allocation Rate)
[2024-07-21T19:49:17.849+0800][7.273s][gc,task     ] GC(70) Using 2 workers
[2024-07-21T19:49:17.849+0800][7.273s][gc,phases   ] GC(70) Pause Mark Start 0.007ms
[2024-07-21T19:49:17.864+0800][7.289s][gc,phases   ] GC(70) Concurrent Mark 15.296ms
[2024-07-21T19:49:17.864+0800][7.289s][gc,phases   ] GC(70) Pause Mark End 0.010ms
[2024-07-21T19:49:17.864+0800][7.289s][gc,phases   ] GC(70) Concurrent Mark Free 0.001ms
[2024-07-21T19:49:17.866+0800][7.291s][gc,phases   ] GC(70) Concurrent Process Non-Strong References 1.280ms
[2024-07-21T19:49:17.866+0800][7.291s][gc,phases   ] GC(70) Concurrent Reset Relocation Set 0.001ms
[2024-07-21T19:49:17.868+0800][7.293s][gc,phases   ] GC(70) Concurrent Select Relocation Set 1.827ms
[2024-07-21T19:49:17.868+0800][7.293s][gc,phases   ] GC(70) Pause Relocate Start 0.008ms
[2024-07-21T19:49:17.869+0800][7.294s][gc,phases   ] GC(70) Concurrent Relocate 1.001ms
[2024-07-21T19:49:17.869+0800][7.294s][gc,load     ] GC(70) Load: 0.00/0.00/0.00
[2024-07-21T19:49:17.869+0800][7.294s][gc,mmu      ] GC(70) MMU: 2ms/96.3%, 5ms/98.5%, 10ms/99.2%, 20ms/99.6%, 50ms/99.8%, 100ms/99.9%
[2024-07-21T19:49:17.869+0800][7.294s][gc,marking  ] GC(70) Mark: 2 stripe(s), 2 proactive flush(es), 1 terminate flush(es), 0 completion(s), 0 continuation(s) 
[2024-07-21T19:49:17.869+0800][7.294s][gc,marking  ] GC(70) Mark Stack Usage: 32M
[2024-07-21T19:49:17.869+0800][7.294s][gc,nmethod  ] GC(70) NMethods: 442 registered, 0 unregistered
[2024-07-21T19:49:17.869+0800][7.294s][gc,metaspace] GC(70) Metaspace: 1M used, 1M committed, 1032M reserved
[2024-07-21T19:49:17.869+0800][7.294s][gc,ref      ] GC(70) Soft: 93 encountered, 0 discovered, 0 enqueued
[2024-07-21T19:49:17.869+0800][7.294s][gc,ref      ] GC(70) Weak: 131 encountered, 107 discovered, 0 enqueued
[2024-07-21T19:49:17.869+0800][7.294s][gc,ref      ] GC(70) Final: 0 encountered, 0 discovered, 0 enqueued
[2024-07-21T19:49:17.869+0800][7.294s][gc,ref      ] GC(70) Phantom: 184 encountered, 160 discovered, 0 enqueued
[2024-07-21T19:49:17.869+0800][7.294s][gc,reloc    ] GC(70) Small Pages: 5 / 10M, Empty: 2M, Relocated: 1M, In-Place: 0
[2024-07-21T19:49:17.869+0800][7.294s][gc,reloc    ] GC(70) Medium Pages: 1 / 8M, Empty: 0M, Relocated: 0M, In-Place: 0
[2024-07-21T19:49:17.869+0800][7.294s][gc,reloc    ] GC(70) Large Pages: 62 / 124M, Empty: 120M, Relocated: 0M, In-Place: 0
[2024-07-21T19:49:17.869+0800][7.294s][gc,reloc    ] GC(70) Forwarding Usage: 0M
[2024-07-21T19:49:17.869+0800][7.294s][gc,heap     ] GC(70) Min Capacity: 8M(3%)
[2024-07-21T19:49:17.869+0800][7.294s][gc,heap     ] GC(70) Max Capacity: 256M(100%)
[2024-07-21T19:49:17.869+0800][7.294s][gc,heap     ] GC(70) Soft Max Capacity: 256M(100%)
[2024-07-21T19:49:17.869+0800][7.294s][gc,heap     ] GC(70)                Mark Start          Mark End        Relocate Start      Relocate End           High               Low         
[2024-07-21T19:49:17.869+0800][7.294s][gc,heap     ] GC(70)  Capacity:      256M (100%)        256M (100%)        256M (100%)        256M (100%)        256M (100%)        256M (100%)   
[2024-07-21T19:49:17.869+0800][7.294s][gc,heap     ] GC(70)      Free:      114M (45%)          90M (35%)         198M (77%)         198M (77%)         198M (77%)          76M (30%)    
[2024-07-21T19:49:17.869+0800][7.294s][gc,heap     ] GC(70)      Used:      142M (55%)         166M (65%)          58M (23%)          58M (23%)         180M (70%)          58M (23%)    
[2024-07-21T19:49:17.869+0800][7.294s][gc,heap     ] GC(70)      Live:         -                 8M (3%)            8M (3%)            8M (3%)             -                  -          
[2024-07-21T19:49:17.869+0800][7.294s][gc,heap     ] GC(70) Allocated:         -                24M (9%)           38M (15%)          38M (15%)            -                  -          
[2024-07-21T19:49:17.869+0800][7.294s][gc,heap     ] GC(70)   Garbage:         -               133M (52%)          11M (4%)           11M (4%)             -                  -          
[2024-07-21T19:49:17.869+0800][7.294s][gc,heap     ] GC(70) Reclaimed:         -                  -               122M (48%)         122M (48%)            -                  -          
[2024-07-21T19:49:17.869+0800][7.294s][gc          ] GC(70) Garbage Collection (Allocation Rate) 142M(55%)->58M(23%)
[2024-07-21T19:49:17.943+0800][7.368s][gc,start    ] GC(71) Garbage Collection (Allocation Rate)
[2024-07-21T19:49:17.944+0800][7.368s][gc,task     ] GC(71) Using 2 workers
[2024-07-21T19:49:17.944+0800][7.369s][gc,phases   ] GC(71) Pause Mark Start 0.020ms
[2024-07-21T19:49:17.959+0800][7.384s][gc,phases   ] GC(71) Concurrent Mark 15.258ms
[2024-07-21T19:49:17.960+0800][7.384s][gc,phases   ] GC(71) Pause Mark End 0.016ms
[2024-07-21T19:49:17.960+0800][7.384s][gc,phases   ] GC(71) Concurrent Mark Free 0.001ms
[2024-07-21T19:49:17.961+0800][7.386s][gc,phases   ] GC(71) Concurrent Process Non-Strong References 1.712ms
[2024-07-21T19:49:17.961+0800][7.386s][gc,phases   ] GC(71) Concurrent Reset Relocation Set 0.001ms
[2024-07-21T19:49:17.963+0800][7.388s][gc,phases   ] GC(71) Concurrent Select Relocation Set 1.973ms
[2024-07-21T19:49:17.963+0800][7.388s][gc,phases   ] GC(71) Pause Relocate Start 0.006ms
[2024-07-21T19:49:17.964+0800][7.389s][gc,phases   ] GC(71) Concurrent Relocate 0.725ms
[2024-07-21T19:49:17.964+0800][7.389s][gc,load     ] GC(71) Load: 0.00/0.00/0.00
[2024-07-21T19:49:17.964+0800][7.389s][gc,mmu      ] GC(71) MMU: 2ms/96.3%, 5ms/98.5%, 10ms/99.2%, 20ms/99.6%, 50ms/99.8%, 100ms/99.9%
[2024-07-21T19:49:17.964+0800][7.389s][gc,marking  ] GC(71) Mark: 2 stripe(s), 2 proactive flush(es), 1 terminate flush(es), 0 completion(s), 0 continuation(s) 
[2024-07-21T19:49:17.964+0800][7.389s][gc,marking  ] GC(71) Mark Stack Usage: 32M
[2024-07-21T19:49:17.964+0800][7.389s][gc,nmethod  ] GC(71) NMethods: 443 registered, 0 unregistered
[2024-07-21T19:49:17.964+0800][7.389s][gc,metaspace] GC(71) Metaspace: 1M used, 1M committed, 1032M reserved
[2024-07-21T19:49:17.964+0800][7.389s][gc,ref      ] GC(71) Soft: 93 encountered, 0 discovered, 0 enqueued
[2024-07-21T19:49:17.964+0800][7.389s][gc,ref      ] GC(71) Weak: 131 encountered, 0 discovered, 0 enqueued
[2024-07-21T19:49:17.964+0800][7.389s][gc,ref      ] GC(71) Final: 0 encountered, 0 discovered, 0 enqueued
[2024-07-21T19:49:17.964+0800][7.389s][gc,ref      ] GC(71) Phantom: 184 encountered, 179 discovered, 0 enqueued
[2024-07-21T19:49:17.964+0800][7.389s][gc,reloc    ] GC(71) Small Pages: 5 / 10M, Empty: 2M, Relocated: 1M, In-Place: 0
[2024-07-21T19:49:17.964+0800][7.390s][gc,reloc    ] GC(71) Medium Pages: 1 / 8M, Empty: 0M, Relocated: 0M, In-Place: 0
[2024-07-21T19:49:17.964+0800][7.390s][gc,reloc    ] GC(71) Large Pages: 63 / 126M, Empty: 120M, Relocated: 0M, In-Place: 0
[2024-07-21T19:49:17.964+0800][7.390s][gc,reloc    ] GC(71) Forwarding Usage: 0M
[2024-07-21T19:49:17.964+0800][7.390s][gc,heap     ] GC(71) Min Capacity: 8M(3%)
[2024-07-21T19:49:17.965+0800][7.390s][gc,heap     ] GC(71) Max Capacity: 256M(100%)
[2024-07-21T19:49:17.965+0800][7.390s][gc,heap     ] GC(71) Soft Max Capacity: 256M(100%)
[2024-07-21T19:49:17.965+0800][7.390s][gc,heap     ] GC(71)                Mark Start          Mark End        Relocate Start      Relocate End           High               Low         
[2024-07-21T19:49:17.965+0800][7.390s][gc,heap     ] GC(71)  Capacity:      256M (100%)        256M (100%)        256M (100%)        256M (100%)        256M (100%)        256M (100%)   
[2024-07-21T19:49:17.965+0800][7.390s][gc,heap     ] GC(71)      Free:      112M (44%)          94M (37%)         198M (77%)         198M (77%)         198M (77%)          76M (30%)    
[2024-07-21T19:49:17.965+0800][7.390s][gc,heap     ] GC(71)      Used:      144M (56%)         162M (63%)          58M (23%)          58M (23%)         180M (70%)          58M (23%)    
[2024-07-21T19:49:17.965+0800][7.390s][gc,heap     ] GC(71)      Live:         -                10M (4%)           10M (4%)           10M (4%)             -                  -          
[2024-07-21T19:49:17.965+0800][7.390s][gc,heap     ] GC(71) Allocated:         -                18M (7%)           36M (14%)          36M (14%)            -                  -          
[2024-07-21T19:49:17.965+0800][7.390s][gc,heap     ] GC(71)   Garbage:         -               133M (52%)          11M (4%)           11M (4%)             -                  -          
[2024-07-21T19:49:17.965+0800][7.390s][gc,heap     ] GC(71) Reclaimed:         -                  -               122M (48%)         122M (48%)            -                  -          
[2024-07-21T19:49:17.965+0800][7.390s][gc          ] GC(71) Garbage Collection (Allocation Rate) 144M(56%)->58M(23%)
[2024-07-21T19:49:18.053+0800][7.478s][gc,start    ] GC(72) Garbage Collection (Allocation Rate)
[2024-07-21T19:49:18.053+0800][7.478s][gc,task     ] GC(72) Using 2 workers
[2024-07-21T19:49:18.053+0800][7.478s][gc,phases   ] GC(72) Pause Mark Start 0.006ms
[2024-07-21T19:49:18.069+0800][7.493s][gc,phases   ] GC(72) Concurrent Mark 15.256ms
[2024-07-21T19:49:18.069+0800][7.494s][gc,phases   ] GC(72) Pause Mark End 0.040ms
[2024-07-21T19:49:18.069+0800][7.494s][gc,phases   ] GC(72) Concurrent Mark Free 0.001ms
[2024-07-21T19:49:18.070+0800][7.495s][gc,phases   ] GC(72) Concurrent Process Non-Strong References 1.259ms
[2024-07-21T19:49:18.070+0800][7.495s][gc,phases   ] GC(72) Concurrent Reset Relocation Set 0.001ms
[2024-07-21T19:49:18.072+0800][7.497s][gc,phases   ] GC(72) Concurrent Select Relocation Set 1.832ms
[2024-07-21T19:49:18.072+0800][7.497s][gc,phases   ] GC(72) Pause Relocate Start 0.007ms
[2024-07-21T19:49:18.074+0800][7.498s][gc,phases   ] GC(72) Concurrent Relocate 0.980ms
[2024-07-21T19:49:18.074+0800][7.498s][gc,load     ] GC(72) Load: 0.00/0.00/0.00
[2024-07-21T19:49:18.074+0800][7.498s][gc,mmu      ] GC(72) MMU: 2ms/96.3%, 5ms/98.5%, 10ms/99.2%, 20ms/99.6%, 50ms/99.8%, 100ms/99.9%
[2024-07-21T19:49:18.074+0800][7.498s][gc,marking  ] GC(72) Mark: 2 stripe(s), 2 proactive flush(es), 1 terminate flush(es), 0 completion(s), 0 continuation(s) 
[2024-07-21T19:49:18.074+0800][7.498s][gc,marking  ] GC(72) Mark Stack Usage: 32M
[2024-07-21T19:49:18.074+0800][7.499s][gc,nmethod  ] GC(72) NMethods: 443 registered, 0 unregistered
[2024-07-21T19:49:18.074+0800][7.499s][gc,metaspace] GC(72) Metaspace: 1M used, 1M committed, 1032M reserved
[2024-07-21T19:49:18.074+0800][7.499s][gc,ref      ] GC(72) Soft: 93 encountered, 0 discovered, 0 enqueued
[2024-07-21T19:49:18.074+0800][7.499s][gc,ref      ] GC(72) Weak: 131 encountered, 94 discovered, 0 enqueued
[2024-07-21T19:49:18.074+0800][7.499s][gc,ref      ] GC(72) Final: 0 encountered, 0 discovered, 0 enqueued
[2024-07-21T19:49:18.074+0800][7.499s][gc,ref      ] GC(72) Phantom: 184 encountered, 134 discovered, 0 enqueued
[2024-07-21T19:49:18.074+0800][7.499s][gc,reloc    ] GC(72) Small Pages: 5 / 10M, Empty: 2M, Relocated: 1M, In-Place: 0
[2024-07-21T19:49:18.074+0800][7.499s][gc,reloc    ] GC(72) Medium Pages: 1 / 8M, Empty: 0M, Relocated: 0M, In-Place: 0
[2024-07-21T19:49:18.074+0800][7.499s][gc,reloc    ] GC(72) Large Pages: 73 / 146M, Empty: 144M, Relocated: 0M, In-Place: 0
[2024-07-21T19:49:18.074+0800][7.499s][gc,reloc    ] GC(72) Forwarding Usage: 0M
[2024-07-21T19:49:18.074+0800][7.499s][gc,heap     ] GC(72) Min Capacity: 8M(3%)
[2024-07-21T19:49:18.074+0800][7.499s][gc,heap     ] GC(72) Max Capacity: 256M(100%)
[2024-07-21T19:49:18.074+0800][7.499s][gc,heap     ] GC(72) Soft Max Capacity: 256M(100%)
[2024-07-21T19:49:18.074+0800][7.499s][gc,heap     ] GC(72)                Mark Start          Mark End        Relocate Start      Relocate End           High               Low         
[2024-07-21T19:49:18.074+0800][7.499s][gc,heap     ] GC(72)  Capacity:      256M (100%)        256M (100%)        256M (100%)        256M (100%)        256M (100%)        256M (100%)   
[2024-07-21T19:49:18.074+0800][7.499s][gc,heap     ] GC(72)      Free:       92M (36%)          72M (28%)         202M (79%)         202M (79%)         202M (79%)          56M (22%)    
[2024-07-21T19:49:18.074+0800][7.499s][gc,heap     ] GC(72)      Used:      164M (64%)         184M (72%)          54M (21%)          54M (21%)         200M (78%)          54M (21%)    
[2024-07-21T19:49:18.074+0800][7.499s][gc,heap     ] GC(72)      Live:         -                 6M (3%)            6M (3%)            6M (3%)             -                  -          
[2024-07-21T19:49:18.074+0800][7.499s][gc,heap     ] GC(72) Allocated:         -                20M (8%)           36M (14%)          36M (14%)            -                  -          
[2024-07-21T19:49:18.074+0800][7.499s][gc,heap     ] GC(72)   Garbage:         -               157M (61%)          11M (4%)           11M (4%)             -                  -          
[2024-07-21T19:49:18.074+0800][7.499s][gc,heap     ] GC(72) Reclaimed:         -                  -               146M (57%)         146M (57%)            -                  -          
[2024-07-21T19:49:18.074+0800][7.499s][gc          ] GC(72) Garbage Collection (Allocation Rate) 164M(64%)->54M(21%)
[2024-07-21T19:49:18.148+0800][7.572s][gc,start    ] GC(73) Garbage Collection (Allocation Rate)
[2024-07-21T19:49:18.148+0800][7.572s][gc,task     ] GC(73) Using 2 workers
[2024-07-21T19:49:18.148+0800][7.573s][gc,phases   ] GC(73) Pause Mark Start 0.010ms
[2024-07-21T19:49:18.164+0800][7.588s][gc,phases   ] GC(73) Concurrent Mark 15.398ms
[2024-07-21T19:49:18.164+0800][7.589s][gc,phases   ] GC(73) Pause Mark End 0.025ms
[2024-07-21T19:49:18.164+0800][7.589s][gc,phases   ] GC(73) Concurrent Mark Free 0.001ms
[2024-07-21T19:49:18.165+0800][7.590s][gc,phases   ] GC(73) Concurrent Process Non-Strong References 1.246ms
[2024-07-21T19:49:18.165+0800][7.590s][gc,phases   ] GC(73) Concurrent Reset Relocation Set 0.001ms
[2024-07-21T19:49:18.166+0800][7.592s][gc,phases   ] GC(73) Concurrent Select Relocation Set 1.623ms
[2024-07-21T19:49:18.167+0800][7.592s][gc,phases   ] GC(73) Pause Relocate Start 0.007ms
[2024-07-21T19:49:18.167+0800][7.593s][gc,phases   ] GC(73) Concurrent Relocate 0.768ms
[2024-07-21T19:49:18.168+0800][7.593s][gc,load     ] GC(73) Load: 0.00/0.00/0.00
[2024-07-21T19:49:18.168+0800][7.593s][gc,mmu      ] GC(73) MMU: 2ms/96.3%, 5ms/98.5%, 10ms/99.2%, 20ms/99.6%, 50ms/99.8%, 100ms/99.9%
[2024-07-21T19:49:18.168+0800][7.593s][gc,marking  ] GC(73) Mark: 2 stripe(s), 2 proactive flush(es), 1 terminate flush(es), 0 completion(s), 0 continuation(s) 
[2024-07-21T19:49:18.168+0800][7.593s][gc,marking  ] GC(73) Mark Stack Usage: 32M
[2024-07-21T19:49:18.168+0800][7.593s][gc,nmethod  ] GC(73) NMethods: 443 registered, 0 unregistered
[2024-07-21T19:49:18.168+0800][7.593s][gc,metaspace] GC(73) Metaspace: 1M used, 1M committed, 1032M reserved
[2024-07-21T19:49:18.168+0800][7.593s][gc,ref      ] GC(73) Soft: 93 encountered, 0 discovered, 0 enqueued
[2024-07-21T19:49:18.168+0800][7.593s][gc,ref      ] GC(73) Weak: 131 encountered, 93 discovered, 0 enqueued
[2024-07-21T19:49:18.168+0800][7.593s][gc,ref      ] GC(73) Final: 0 encountered, 0 discovered, 0 enqueued
[2024-07-21T19:49:18.168+0800][7.593s][gc,ref      ] GC(73) Phantom: 184 encountered, 102 discovered, 0 enqueued
[2024-07-21T19:49:18.168+0800][7.593s][gc,reloc    ] GC(73) Small Pages: 5 / 10M, Empty: 2M, Relocated: 1M, In-Place: 0
[2024-07-21T19:49:18.168+0800][7.593s][gc,reloc    ] GC(73) Medium Pages: 1 / 8M, Empty: 0M, Relocated: 0M, In-Place: 0
[2024-07-21T19:49:18.168+0800][7.593s][gc,reloc    ] GC(73) Large Pages: 61 / 122M, Empty: 120M, Relocated: 0M, In-Place: 0
[2024-07-21T19:49:18.168+0800][7.593s][gc,reloc    ] GC(73) Forwarding Usage: 0M
[2024-07-21T19:49:18.168+0800][7.593s][gc,heap     ] GC(73) Min Capacity: 8M(3%)
[2024-07-21T19:49:18.168+0800][7.593s][gc,heap     ] GC(73) Max Capacity: 256M(100%)
[2024-07-21T19:49:18.168+0800][7.593s][gc,heap     ] GC(73) Soft Max Capacity: 256M(100%)
[2024-07-21T19:49:18.168+0800][7.593s][gc,heap     ] GC(73)                Mark Start          Mark End        Relocate Start      Relocate End           High               Low         
[2024-07-21T19:49:18.168+0800][7.593s][gc,heap     ] GC(73)  Capacity:      256M (100%)        256M (100%)        256M (100%)        256M (100%)        256M (100%)        256M (100%)   
[2024-07-21T19:49:18.168+0800][7.593s][gc,heap     ] GC(73)      Free:      116M (45%)          98M (38%)         202M (79%)         202M (79%)         202M (79%)          80M (31%)    
[2024-07-21T19:49:18.168+0800][7.593s][gc,heap     ] GC(73)      Used:      140M (55%)         158M (62%)          54M (21%)          54M (21%)         176M (69%)          54M (21%)    
[2024-07-21T19:49:18.168+0800][7.593s][gc,heap     ] GC(73)      Live:         -                 6M (3%)            6M (3%)            6M (3%)             -                  -          
[2024-07-21T19:49:18.168+0800][7.593s][gc,heap     ] GC(73) Allocated:         -                18M (7%)           36M (14%)          36M (14%)            -                  -          
[2024-07-21T19:49:18.168+0800][7.593s][gc,heap     ] GC(73)   Garbage:         -               133M (52%)          11M (4%)           11M (4%)             -                  -          
[2024-07-21T19:49:18.168+0800][7.593s][gc,heap     ] GC(73) Reclaimed:         -                  -               122M (48%)         122M (48%)            -                  -          
[2024-07-21T19:49:18.168+0800][7.593s][gc          ] GC(73) Garbage Collection (Allocation Rate) 140M(55%)->54M(21%)
[2024-07-21T19:49:18.242+0800][7.667s][gc,start    ] GC(74) Garbage Collection (Allocation Rate)
[2024-07-21T19:49:18.242+0800][7.667s][gc,task     ] GC(74) Using 2 workers
[2024-07-21T19:49:18.242+0800][7.667s][gc,phases   ] GC(74) Pause Mark Start 0.007ms
[2024-07-21T19:49:18.258+0800][7.683s][gc,phases   ] GC(74) Concurrent Mark 15.313ms
[2024-07-21T19:49:18.258+0800][7.683s][gc,phases   ] GC(74) Pause Mark End 0.022ms
[2024-07-21T19:49:18.258+0800][7.683s][gc,phases   ] GC(74) Concurrent Mark Free 0.001ms
[2024-07-21T19:49:18.259+0800][7.684s][gc,phases   ] GC(74) Concurrent Process Non-Strong References 1.314ms
[2024-07-21T19:49:18.259+0800][7.684s][gc,phases   ] GC(74) Concurrent Reset Relocation Set 0.001ms
[2024-07-21T19:49:18.263+0800][7.688s][gc,phases   ] GC(74) Concurrent Select Relocation Set 3.470ms
[2024-07-21T19:49:18.263+0800][7.688s][gc,phases   ] GC(74) Pause Relocate Start 0.008ms
[2024-07-21T19:49:18.264+0800][7.689s][gc,phases   ] GC(74) Concurrent Relocate 1.001ms
[2024-07-21T19:49:18.264+0800][7.689s][gc,load     ] GC(74) Load: 0.00/0.00/0.00
[2024-07-21T19:49:18.264+0800][7.689s][gc,mmu      ] GC(74) MMU: 2ms/96.3%, 5ms/98.5%, 10ms/99.2%, 20ms/99.6%, 50ms/99.8%, 100ms/99.9%
[2024-07-21T19:49:18.264+0800][7.689s][gc,marking  ] GC(74) Mark: 2 stripe(s), 2 proactive flush(es), 1 terminate flush(es), 0 completion(s), 0 continuation(s) 
[2024-07-21T19:49:18.264+0800][7.689s][gc,marking  ] GC(74) Mark Stack Usage: 32M
[2024-07-21T19:49:18.264+0800][7.689s][gc,nmethod  ] GC(74) NMethods: 443 registered, 0 unregistered
[2024-07-21T19:49:18.264+0800][7.689s][gc,metaspace] GC(74) Metaspace: 1M used, 1M committed, 1032M reserved
[2024-07-21T19:49:18.264+0800][7.689s][gc,ref      ] GC(74) Soft: 93 encountered, 0 discovered, 0 enqueued
[2024-07-21T19:49:18.265+0800][7.689s][gc,ref      ] GC(74) Weak: 131 encountered, 108 discovered, 0 enqueued
[2024-07-21T19:49:18.265+0800][7.689s][gc,ref      ] GC(74) Final: 0 encountered, 0 discovered, 0 enqueued
[2024-07-21T19:49:18.265+0800][7.690s][gc,ref      ] GC(74) Phantom: 184 encountered, 100 discovered, 0 enqueued
[2024-07-21T19:49:18.265+0800][7.690s][gc,reloc    ] GC(74) Small Pages: 5 / 10M, Empty: 2M, Relocated: 1M, In-Place: 0
[2024-07-21T19:49:18.265+0800][7.690s][gc,reloc    ] GC(74) Medium Pages: 1 / 8M, Empty: 0M, Relocated: 0M, In-Place: 0
[2024-07-21T19:49:18.265+0800][7.690s][gc,reloc    ] GC(74) Large Pages: 61 / 122M, Empty: 120M, Relocated: 0M, In-Place: 0
[2024-07-21T19:49:18.265+0800][7.690s][gc,reloc    ] GC(74) Forwarding Usage: 0M
[2024-07-21T19:49:18.265+0800][7.690s][gc,heap     ] GC(74) Min Capacity: 8M(3%)
[2024-07-21T19:49:18.265+0800][7.690s][gc,heap     ] GC(74) Max Capacity: 256M(100%)
[2024-07-21T19:49:18.265+0800][7.690s][gc,heap     ] GC(74) Soft Max Capacity: 256M(100%)
[2024-07-21T19:49:18.265+0800][7.690s][gc,heap     ] GC(74)                Mark Start          Mark End        Relocate Start      Relocate End           High               Low         
[2024-07-21T19:49:18.265+0800][7.690s][gc,heap     ] GC(74)  Capacity:      256M (100%)        256M (100%)        256M (100%)        256M (100%)        256M (100%)        256M (100%)   
[2024-07-21T19:49:18.265+0800][7.690s][gc,heap     ] GC(74)      Free:      116M (45%)          96M (38%)         202M (79%)         202M (79%)         202M (79%)          80M (31%)    
[2024-07-21T19:49:18.265+0800][7.690s][gc,heap     ] GC(74)      Used:      140M (55%)         160M (62%)          54M (21%)          54M (21%)         176M (69%)          54M (21%)    
[2024-07-21T19:49:18.265+0800][7.690s][gc,heap     ] GC(74)      Live:         -                 6M (3%)            6M (3%)            6M (3%)             -                  -          
[2024-07-21T19:49:18.265+0800][7.690s][gc,heap     ] GC(74) Allocated:         -                20M (8%)           36M (14%)          36M (14%)            -                  -          
[2024-07-21T19:49:18.265+0800][7.690s][gc,heap     ] GC(74)   Garbage:         -               133M (52%)          11M (4%)           11M (4%)             -                  -          
[2024-07-21T19:49:18.265+0800][7.690s][gc,heap     ] GC(74) Reclaimed:         -                  -               122M (48%)         122M (48%)            -                  -          
[2024-07-21T19:49:18.265+0800][7.690s][gc          ] GC(74) Garbage Collection (Allocation Rate) 140M(55%)->54M(21%)
[2024-07-21T19:49:18.351+0800][7.776s][gc,start    ] GC(75) Garbage Collection (Allocation Rate)
[2024-07-21T19:49:18.352+0800][7.776s][gc,task     ] GC(75) Using 2 workers
[2024-07-21T19:49:18.352+0800][7.777s][gc,phases   ] GC(75) Pause Mark Start 0.018ms
[2024-07-21T19:49:18.366+0800][7.791s][gc,phases   ] GC(75) Concurrent Mark 14.381ms
[2024-07-21T19:49:18.366+0800][7.792s][gc,phases   ] GC(75) Pause Mark End 0.026ms
[2024-07-21T19:49:18.367+0800][7.792s][gc,phases   ] GC(75) Concurrent Mark Free 0.002ms
[2024-07-21T19:49:18.368+0800][7.793s][gc,phases   ] GC(75) Concurrent Process Non-Strong References 1.138ms
[2024-07-21T19:49:18.368+0800][7.793s][gc,phases   ] GC(75) Concurrent Reset Relocation Set 0.001ms
[2024-07-21T19:49:18.369+0800][7.795s][gc,phases   ] GC(75) Concurrent Select Relocation Set 1.621ms
[2024-07-21T19:49:18.370+0800][7.795s][gc,phases   ] GC(75) Pause Relocate Start 0.006ms
[2024-07-21T19:49:18.371+0800][7.796s][gc,phases   ] GC(75) Concurrent Relocate 0.780ms
[2024-07-21T19:49:18.371+0800][7.796s][gc,load     ] GC(75) Load: 0.00/0.00/0.00
[2024-07-21T19:49:18.371+0800][7.796s][gc,mmu      ] GC(75) MMU: 2ms/96.3%, 5ms/98.5%, 10ms/99.2%, 20ms/99.6%, 50ms/99.8%, 100ms/99.9%
[2024-07-21T19:49:18.371+0800][7.796s][gc,marking  ] GC(75) Mark: 2 stripe(s), 2 proactive flush(es), 1 terminate flush(es), 0 completion(s), 0 continuation(s) 
[2024-07-21T19:49:18.371+0800][7.796s][gc,marking  ] GC(75) Mark Stack Usage: 32M
[2024-07-21T19:49:18.371+0800][7.796s][gc,nmethod  ] GC(75) NMethods: 444 registered, 0 unregistered
[2024-07-21T19:49:18.371+0800][7.796s][gc,metaspace] GC(75) Metaspace: 1M used, 1M committed, 1032M reserved
[2024-07-21T19:49:18.371+0800][7.796s][gc,ref      ] GC(75) Soft: 93 encountered, 0 discovered, 0 enqueued
[2024-07-21T19:49:18.371+0800][7.796s][gc,ref      ] GC(75) Weak: 131 encountered, 108 discovered, 0 enqueued
[2024-07-21T19:49:18.371+0800][7.796s][gc,ref      ] GC(75) Final: 0 encountered, 0 discovered, 0 enqueued
[2024-07-21T19:49:18.371+0800][7.796s][gc,ref      ] GC(75) Phantom: 184 encountered, 156 discovered, 0 enqueued
[2024-07-21T19:49:18.371+0800][7.796s][gc,reloc    ] GC(75) Small Pages: 5 / 10M, Empty: 2M, Relocated: 1M, In-Place: 0
[2024-07-21T19:49:18.371+0800][7.796s][gc,reloc    ] GC(75) Medium Pages: 1 / 8M, Empty: 0M, Relocated: 0M, In-Place: 0
[2024-07-21T19:49:18.371+0800][7.796s][gc,reloc    ] GC(75) Large Pages: 71 / 142M, Empty: 136M, Relocated: 0M, In-Place: 0
[2024-07-21T19:49:18.371+0800][7.796s][gc,reloc    ] GC(75) Forwarding Usage: 0M
[2024-07-21T19:49:18.371+0800][7.796s][gc,heap     ] GC(75) Min Capacity: 8M(3%)
[2024-07-21T19:49:18.371+0800][7.796s][gc,heap     ] GC(75) Max Capacity: 256M(100%)
[2024-07-21T19:49:18.371+0800][7.796s][gc,heap     ] GC(75) Soft Max Capacity: 256M(100%)
[2024-07-21T19:49:18.371+0800][7.796s][gc,heap     ] GC(75)                Mark Start          Mark End        Relocate Start      Relocate End           High               Low         
[2024-07-21T19:49:18.371+0800][7.796s][gc,heap     ] GC(75)  Capacity:      256M (100%)        256M (100%)        256M (100%)        256M (100%)        256M (100%)        256M (100%)   
[2024-07-21T19:49:18.371+0800][7.796s][gc,heap     ] GC(75)      Free:       96M (38%)          74M (29%)         198M (77%)         198M (77%)         198M (77%)          60M (23%)    
[2024-07-21T19:49:18.371+0800][7.796s][gc,heap     ] GC(75)      Used:      160M (62%)         182M (71%)          58M (23%)          58M (23%)         196M (77%)          58M (23%)    
[2024-07-21T19:49:18.371+0800][7.796s][gc,heap     ] GC(75)      Live:         -                10M (4%)           10M (4%)           10M (4%)             -                  -          
[2024-07-21T19:49:18.371+0800][7.796s][gc,heap     ] GC(75) Allocated:         -                22M (9%)           36M (14%)          36M (14%)            -                  -          
[2024-07-21T19:49:18.371+0800][7.796s][gc,heap     ] GC(75)   Garbage:         -               149M (58%)          11M (4%)           11M (4%)             -                  -          
[2024-07-21T19:49:18.371+0800][7.796s][gc,heap     ] GC(75) Reclaimed:         -                  -               138M (54%)         138M (54%)            -                  -          
[2024-07-21T19:49:18.371+0800][7.796s][gc          ] GC(75) Garbage Collection (Allocation Rate) 160M(62%)->58M(23%)
[2024-07-21T19:49:18.446+0800][7.871s][gc,start    ] GC(76) Garbage Collection (Allocation Rate)
[2024-07-21T19:49:18.446+0800][7.871s][gc,task     ] GC(76) Using 2 workers
[2024-07-21T19:49:18.446+0800][7.871s][gc,phases   ] GC(76) Pause Mark Start 0.012ms
[2024-07-21T19:49:18.462+0800][7.887s][gc,phases   ] GC(76) Concurrent Mark 15.619ms
[2024-07-21T19:49:18.462+0800][7.887s][gc,phases   ] GC(76) Pause Mark End 0.023ms
[2024-07-21T19:49:18.462+0800][7.887s][gc,phases   ] GC(76) Concurrent Mark Free 0.001ms
[2024-07-21T19:49:18.464+0800][7.889s][gc,phases   ] GC(76) Concurrent Process Non-Strong References 1.298ms
[2024-07-21T19:49:18.464+0800][7.889s][gc,phases   ] GC(76) Concurrent Reset Relocation Set 0.001ms
[2024-07-21T19:49:18.466+0800][7.891s][gc,phases   ] GC(76) Concurrent Select Relocation Set 1.843ms
[2024-07-21T19:49:18.466+0800][7.891s][gc,phases   ] GC(76) Pause Relocate Start 0.012ms
[2024-07-21T19:49:18.467+0800][7.892s][gc,phases   ] GC(76) Concurrent Relocate 0.984ms
[2024-07-21T19:49:18.467+0800][7.892s][gc,load     ] GC(76) Load: 0.00/0.00/0.00
[2024-07-21T19:49:18.467+0800][7.892s][gc,mmu      ] GC(76) MMU: 2ms/96.3%, 5ms/98.5%, 10ms/99.2%, 20ms/99.6%, 50ms/99.8%, 100ms/99.9%
[2024-07-21T19:49:18.467+0800][7.892s][gc,marking  ] GC(76) Mark: 2 stripe(s), 2 proactive flush(es), 1 terminate flush(es), 0 completion(s), 0 continuation(s) 
[2024-07-21T19:49:18.467+0800][7.892s][gc,marking  ] GC(76) Mark Stack Usage: 32M
[2024-07-21T19:49:18.467+0800][7.892s][gc,nmethod  ] GC(76) NMethods: 444 registered, 0 unregistered
[2024-07-21T19:49:18.467+0800][7.892s][gc,metaspace] GC(76) Metaspace: 1M used, 1M committed, 1032M reserved
[2024-07-21T19:49:18.467+0800][7.892s][gc,ref      ] GC(76) Soft: 93 encountered, 0 discovered, 0 enqueued
[2024-07-21T19:49:18.467+0800][7.892s][gc,ref      ] GC(76) Weak: 131 encountered, 0 discovered, 0 enqueued
[2024-07-21T19:49:18.467+0800][7.892s][gc,ref      ] GC(76) Final: 0 encountered, 0 discovered, 0 enqueued
[2024-07-21T19:49:18.467+0800][7.892s][gc,ref      ] GC(76) Phantom: 184 encountered, 118 discovered, 0 enqueued
[2024-07-21T19:49:18.467+0800][7.892s][gc,reloc    ] GC(76) Small Pages: 5 / 10M, Empty: 2M, Relocated: 1M, In-Place: 0
[2024-07-21T19:49:18.467+0800][7.892s][gc,reloc    ] GC(76) Medium Pages: 1 / 8M, Empty: 0M, Relocated: 0M, In-Place: 0
[2024-07-21T19:49:18.467+0800][7.892s][gc,reloc    ] GC(76) Large Pages: 63 / 126M, Empty: 120M, Relocated: 0M, In-Place: 0
[2024-07-21T19:49:18.467+0800][7.892s][gc,reloc    ] GC(76) Forwarding Usage: 0M
[2024-07-21T19:49:18.467+0800][7.892s][gc,heap     ] GC(76) Min Capacity: 8M(3%)
[2024-07-21T19:49:18.467+0800][7.892s][gc,heap     ] GC(76) Max Capacity: 256M(100%)
[2024-07-21T19:49:18.467+0800][7.892s][gc,heap     ] GC(76) Soft Max Capacity: 256M(100%)
[2024-07-21T19:49:18.467+0800][7.892s][gc,heap     ] GC(76)                Mark Start          Mark End        Relocate Start      Relocate End           High               Low         
[2024-07-21T19:49:18.467+0800][7.892s][gc,heap     ] GC(76)  Capacity:      256M (100%)        256M (100%)        256M (100%)        256M (100%)        256M (100%)        256M (100%)   
[2024-07-21T19:49:18.467+0800][7.892s][gc,heap     ] GC(76)      Free:      112M (44%)          92M (36%)         198M (77%)         198M (77%)         198M (77%)          76M (30%)    
[2024-07-21T19:49:18.467+0800][7.892s][gc,heap     ] GC(76)      Used:      144M (56%)         164M (64%)          58M (23%)          58M (23%)         180M (70%)          58M (23%)    
[2024-07-21T19:49:18.467+0800][7.892s][gc,heap     ] GC(76)      Live:         -                10M (4%)           10M (4%)           10M (4%)             -                  -          
[2024-07-21T19:49:18.467+0800][7.892s][gc,heap     ] GC(76) Allocated:         -                20M (8%)           36M (14%)          36M (14%)            -                  -          
[2024-07-21T19:49:18.467+0800][7.892s][gc,heap     ] GC(76)   Garbage:         -               133M (52%)          11M (4%)           11M (4%)             -                  -          
[2024-07-21T19:49:18.467+0800][7.892s][gc,heap     ] GC(76) Reclaimed:         -                  -               122M (48%)         122M (48%)            -                  -          
[2024-07-21T19:49:18.467+0800][7.892s][gc          ] GC(76) Garbage Collection (Allocation Rate) 144M(56%)->58M(23%)
[2024-07-21T19:49:18.542+0800][7.966s][gc,start    ] GC(77) Garbage Collection (Allocation Rate)
[2024-07-21T19:49:18.542+0800][7.966s][gc,task     ] GC(77) Using 2 workers
[2024-07-21T19:49:18.542+0800][7.966s][gc,phases   ] GC(77) Pause Mark Start 0.006ms
[2024-07-21T19:49:18.557+0800][7.982s][gc,phases   ] GC(77) Concurrent Mark 15.523ms
[2024-07-21T19:49:18.557+0800][7.982s][gc,phases   ] GC(77) Pause Mark End 0.010ms
[2024-07-21T19:49:18.557+0800][7.983s][gc,phases   ] GC(77) Concurrent Mark Free 0.002ms
[2024-07-21T19:49:18.559+0800][7.984s][gc,phases   ] GC(77) Concurrent Process Non-Strong References 1.067ms
[2024-07-21T19:49:18.559+0800][7.984s][gc,phases   ] GC(77) Concurrent Reset Relocation Set 0.001ms
[2024-07-21T19:49:18.561+0800][7.986s][gc,phases   ] GC(77) Concurrent Select Relocation Set 1.861ms
[2024-07-21T19:49:18.561+0800][7.986s][gc,phases   ] GC(77) Pause Relocate Start 0.007ms
[2024-07-21T19:49:18.562+0800][7.987s][gc,phases   ] GC(77) Concurrent Relocate 1.123ms
[2024-07-21T19:49:18.562+0800][7.987s][gc,load     ] GC(77) Load: 0.00/0.00/0.00
[2024-07-21T19:49:18.562+0800][7.987s][gc,mmu      ] GC(77) MMU: 2ms/96.3%, 5ms/98.5%, 10ms/99.2%, 20ms/99.6%, 50ms/99.8%, 100ms/99.9%
[2024-07-21T19:49:18.562+0800][7.987s][gc,marking  ] GC(77) Mark: 2 stripe(s), 2 proactive flush(es), 1 terminate flush(es), 0 completion(s), 0 continuation(s) 
[2024-07-21T19:49:18.562+0800][7.987s][gc,marking  ] GC(77) Mark Stack Usage: 32M
[2024-07-21T19:49:18.562+0800][7.987s][gc,nmethod  ] GC(77) NMethods: 445 registered, 0 unregistered
[2024-07-21T19:49:18.562+0800][7.987s][gc,metaspace] GC(77) Metaspace: 1M used, 1M committed, 1032M reserved
[2024-07-21T19:49:18.562+0800][7.987s][gc,ref      ] GC(77) Soft: 93 encountered, 0 discovered, 0 enqueued
[2024-07-21T19:49:18.562+0800][7.987s][gc,ref      ] GC(77) Weak: 131 encountered, 94 discovered, 0 enqueued
[2024-07-21T19:49:18.562+0800][7.987s][gc,ref      ] GC(77) Final: 0 encountered, 0 discovered, 0 enqueued
[2024-07-21T19:49:18.562+0800][7.987s][gc,ref      ] GC(77) Phantom: 184 encountered, 131 discovered, 0 enqueued
[2024-07-21T19:49:18.562+0800][7.987s][gc,reloc    ] GC(77) Small Pages: 5 / 10M, Empty: 2M, Relocated: 1M, In-Place: 0
[2024-07-21T19:49:18.562+0800][7.987s][gc,reloc    ] GC(77) Medium Pages: 1 / 8M, Empty: 0M, Relocated: 0M, In-Place: 0
[2024-07-21T19:49:18.562+0800][7.987s][gc,reloc    ] GC(77) Large Pages: 65 / 130M, Empty: 120M, Relocated: 0M, In-Place: 0
[2024-07-21T19:49:18.562+0800][7.987s][gc,reloc    ] GC(77) Forwarding Usage: 0M
[2024-07-21T19:49:18.562+0800][7.987s][gc,heap     ] GC(77) Min Capacity: 8M(3%)
[2024-07-21T19:49:18.562+0800][7.987s][gc,heap     ] GC(77) Max Capacity: 256M(100%)
[2024-07-21T19:49:18.562+0800][7.987s][gc,heap     ] GC(77) Soft Max Capacity: 256M(100%)
[2024-07-21T19:49:18.562+0800][7.987s][gc,heap     ] GC(77)                Mark Start          Mark End        Relocate Start      Relocate End           High               Low         
[2024-07-21T19:49:18.562+0800][7.987s][gc,heap     ] GC(77)  Capacity:      256M (100%)        256M (100%)        256M (100%)        256M (100%)        256M (100%)        256M (100%)   
[2024-07-21T19:49:18.562+0800][7.988s][gc,heap     ] GC(77)      Free:      108M (42%)          92M (36%)         198M (77%)         198M (77%)         198M (77%)          76M (30%)    
[2024-07-21T19:49:18.562+0800][7.988s][gc,heap     ] GC(77)      Used:      148M (58%)         164M (64%)          58M (23%)          58M (23%)         180M (70%)          58M (23%)    
[2024-07-21T19:49:18.562+0800][7.988s][gc,heap     ] GC(77)      Live:         -                14M (6%)           14M (6%)           14M (6%)             -                  -          
[2024-07-21T19:49:18.562+0800][7.988s][gc,heap     ] GC(77) Allocated:         -                16M (6%)           32M (12%)          32M (12%)            -                  -          
[2024-07-21T19:49:18.562+0800][7.988s][gc,heap     ] GC(77)   Garbage:         -               133M (52%)          11M (4%)           11M (4%)             -                  -          
[2024-07-21T19:49:18.562+0800][7.988s][gc,heap     ] GC(77) Reclaimed:         -                  -               122M (48%)         122M (48%)            -                  -          
[2024-07-21T19:49:18.562+0800][7.988s][gc          ] GC(77) Garbage Collection (Allocation Rate) 148M(58%)->58M(23%)
[2024-07-21T19:49:18.652+0800][8.077s][gc,start    ] GC(78) Garbage Collection (Allocation Rate)
[2024-07-21T19:49:18.653+0800][8.077s][gc,task     ] GC(78) Using 2 workers
[2024-07-21T19:49:18.653+0800][8.078s][gc,phases   ] GC(78) Pause Mark Start 0.010ms
[2024-07-21T19:49:18.668+0800][8.093s][gc,phases   ] GC(78) Concurrent Mark 14.893ms
[2024-07-21T19:49:18.668+0800][8.093s][gc,phases   ] GC(78) Pause Mark End 0.019ms
[2024-07-21T19:49:18.668+0800][8.093s][gc,phases   ] GC(78) Concurrent Mark Free 0.001ms
[2024-07-21T19:49:18.669+0800][8.094s][gc,phases   ] GC(78) Concurrent Process Non-Strong References 1.162ms
[2024-07-21T19:49:18.669+0800][8.094s][gc,phases   ] GC(78) Concurrent Reset Relocation Set 0.001ms
[2024-07-21T19:49:18.671+0800][8.096s][gc,phases   ] GC(78) Concurrent Select Relocation Set 2.056ms
[2024-07-21T19:49:18.671+0800][8.097s][gc,phases   ] GC(78) Pause Relocate Start 0.008ms
[2024-07-21T19:49:18.672+0800][8.098s][gc,phases   ] GC(78) Concurrent Relocate 0.885ms
[2024-07-21T19:49:18.672+0800][8.098s][gc,load     ] GC(78) Load: 0.00/0.00/0.00
[2024-07-21T19:49:18.672+0800][8.098s][gc,mmu      ] GC(78) MMU: 2ms/96.3%, 5ms/98.5%, 10ms/99.2%, 20ms/99.6%, 50ms/99.8%, 100ms/99.9%
[2024-07-21T19:49:18.672+0800][8.098s][gc,marking  ] GC(78) Mark: 2 stripe(s), 2 proactive flush(es), 1 terminate flush(es), 0 completion(s), 0 continuation(s) 
[2024-07-21T19:49:18.672+0800][8.098s][gc,marking  ] GC(78) Mark Stack Usage: 32M
[2024-07-21T19:49:18.672+0800][8.098s][gc,nmethod  ] GC(78) NMethods: 445 registered, 0 unregistered
[2024-07-21T19:49:18.673+0800][8.098s][gc,metaspace] GC(78) Metaspace: 1M used, 1M committed, 1032M reserved
[2024-07-21T19:49:18.673+0800][8.098s][gc,ref      ] GC(78) Soft: 93 encountered, 0 discovered, 0 enqueued
[2024-07-21T19:49:18.673+0800][8.098s][gc,ref      ] GC(78) Weak: 131 encountered, 93 discovered, 0 enqueued
[2024-07-21T19:49:18.673+0800][8.098s][gc,ref      ] GC(78) Final: 0 encountered, 0 discovered, 0 enqueued
[2024-07-21T19:49:18.673+0800][8.098s][gc,ref      ] GC(78) Phantom: 184 encountered, 97 discovered, 0 enqueued
[2024-07-21T19:49:18.673+0800][8.098s][gc,reloc    ] GC(78) Small Pages: 5 / 10M, Empty: 2M, Relocated: 1M, In-Place: 0
[2024-07-21T19:49:18.673+0800][8.098s][gc,reloc    ] GC(78) Medium Pages: 1 / 8M, Empty: 0M, Relocated: 0M, In-Place: 0
[2024-07-21T19:49:18.673+0800][8.098s][gc,reloc    ] GC(78) Large Pages: 73 / 146M, Empty: 144M, Relocated: 0M, In-Place: 0
[2024-07-21T19:49:18.673+0800][8.098s][gc,reloc    ] GC(78) Forwarding Usage: 0M
[2024-07-21T19:49:18.673+0800][8.098s][gc,heap     ] GC(78) Min Capacity: 8M(3%)
[2024-07-21T19:49:18.673+0800][8.098s][gc,heap     ] GC(78) Max Capacity: 256M(100%)
[2024-07-21T19:49:18.673+0800][8.098s][gc,heap     ] GC(78) Soft Max Capacity: 256M(100%)
[2024-07-21T19:49:18.673+0800][8.098s][gc,heap     ] GC(78)                Mark Start          Mark End        Relocate Start      Relocate End           High               Low         
[2024-07-21T19:49:18.673+0800][8.098s][gc,heap     ] GC(78)  Capacity:      256M (100%)        256M (100%)        256M (100%)        256M (100%)        256M (100%)        256M (100%)   
[2024-07-21T19:49:18.673+0800][8.098s][gc,heap     ] GC(78)      Free:       92M (36%)          74M (29%)         202M (79%)         202M (79%)         202M (79%)          56M (22%)    
[2024-07-21T19:49:18.673+0800][8.098s][gc,heap     ] GC(78)      Used:      164M (64%)         182M (71%)          54M (21%)          54M (21%)         200M (78%)          54M (21%)    
[2024-07-21T19:49:18.673+0800][8.098s][gc,heap     ] GC(78)      Live:         -                 6M (3%)            6M (3%)            6M (3%)             -                  -          
[2024-07-21T19:49:18.673+0800][8.098s][gc,heap     ] GC(78) Allocated:         -                18M (7%)           36M (14%)          36M (14%)            -                  -          
[2024-07-21T19:49:18.673+0800][8.098s][gc,heap     ] GC(78)   Garbage:         -               157M (61%)          11M (4%)           11M (4%)             -                  -          
[2024-07-21T19:49:18.673+0800][8.098s][gc,heap     ] GC(78) Reclaimed:         -                  -               146M (57%)         146M (57%)            -                  -          
[2024-07-21T19:49:18.673+0800][8.098s][gc          ] GC(78) Garbage Collection (Allocation Rate) 164M(64%)->54M(21%)
[2024-07-21T19:49:18.748+0800][8.172s][gc,start    ] GC(79) Garbage Collection (Allocation Rate)
[2024-07-21T19:49:18.748+0800][8.173s][gc,task     ] GC(79) Using 2 workers
[2024-07-21T19:49:18.749+0800][8.174s][gc,phases   ] GC(79) Pause Mark Start 0.006ms
[2024-07-21T19:49:18.763+0800][8.188s][gc,phases   ] GC(79) Concurrent Mark 14.215ms
[2024-07-21T19:49:18.763+0800][8.188s][gc,phases   ] GC(79) Pause Mark End 0.009ms
[2024-07-21T19:49:18.763+0800][8.188s][gc,phases   ] GC(79) Concurrent Mark Free 0.001ms
[2024-07-21T19:49:18.764+0800][8.190s][gc,phases   ] GC(79) Concurrent Process Non-Strong References 1.109ms
[2024-07-21T19:49:18.765+0800][8.190s][gc,phases   ] GC(79) Concurrent Reset Relocation Set 0.001ms
[2024-07-21T19:49:18.766+0800][8.192s][gc,phases   ] GC(79) Concurrent Select Relocation Set 1.855ms
[2024-07-21T19:49:18.767+0800][8.192s][gc,phases   ] GC(79) Pause Relocate Start 0.006ms
[2024-07-21T19:49:18.767+0800][8.193s][gc,phases   ] GC(79) Concurrent Relocate 0.763ms
[2024-07-21T19:49:18.768+0800][8.193s][gc,load     ] GC(79) Load: 0.00/0.00/0.00
[2024-07-21T19:49:18.768+0800][8.193s][gc,mmu      ] GC(79) MMU: 2ms/96.3%, 5ms/98.5%, 10ms/99.2%, 20ms/99.6%, 50ms/99.8%, 100ms/99.9%
[2024-07-21T19:49:18.768+0800][8.193s][gc,marking  ] GC(79) Mark: 2 stripe(s), 1 proactive flush(es), 1 terminate flush(es), 0 completion(s), 0 continuation(s) 
[2024-07-21T19:49:18.768+0800][8.193s][gc,marking  ] GC(79) Mark Stack Usage: 32M
[2024-07-21T19:49:18.768+0800][8.193s][gc,nmethod  ] GC(79) NMethods: 445 registered, 0 unregistered
[2024-07-21T19:49:18.768+0800][8.193s][gc,metaspace] GC(79) Metaspace: 1M used, 1M committed, 1032M reserved
[2024-07-21T19:49:18.768+0800][8.193s][gc,ref      ] GC(79) Soft: 93 encountered, 0 discovered, 0 enqueued
[2024-07-21T19:49:18.768+0800][8.193s][gc,ref      ] GC(79) Weak: 131 encountered, 95 discovered, 0 enqueued
[2024-07-21T19:49:18.768+0800][8.193s][gc,ref      ] GC(79) Final: 0 encountered, 0 discovered, 0 enqueued
[2024-07-21T19:49:18.768+0800][8.193s][gc,ref      ] GC(79) Phantom: 184 encountered, 159 discovered, 0 enqueued
[2024-07-21T19:49:18.768+0800][8.193s][gc,reloc    ] GC(79) Small Pages: 5 / 10M, Empty: 0M, Relocated: 1M, In-Place: 0
[2024-07-21T19:49:18.768+0800][8.193s][gc,reloc    ] GC(79) Medium Pages: 1 / 8M, Empty: 0M, Relocated: 0M, In-Place: 0
[2024-07-21T19:49:18.768+0800][8.193s][gc,reloc    ] GC(79) Large Pages: 68 / 136M, Empty: 136M, Relocated: 0M, In-Place: 0
[2024-07-21T19:49:18.768+0800][8.193s][gc,reloc    ] GC(79) Forwarding Usage: 0M
[2024-07-21T19:49:18.768+0800][8.193s][gc,heap     ] GC(79) Min Capacity: 8M(3%)
[2024-07-21T19:49:18.768+0800][8.193s][gc,heap     ] GC(79) Max Capacity: 256M(100%)
[2024-07-21T19:49:18.768+0800][8.193s][gc,heap     ] GC(79) Soft Max Capacity: 256M(100%)
[2024-07-21T19:49:18.768+0800][8.193s][gc,heap     ] GC(79)                Mark Start          Mark End        Relocate Start      Relocate End           High               Low         
[2024-07-21T19:49:18.768+0800][8.193s][gc,heap     ] GC(79)  Capacity:      256M (100%)        256M (100%)        256M (100%)        256M (100%)        256M (100%)        256M (100%)   
[2024-07-21T19:49:18.768+0800][8.193s][gc,heap     ] GC(79)      Free:      102M (40%)          96M (38%)         216M (84%)         218M (85%)         218M (85%)          80M (31%)    
[2024-07-21T19:49:18.768+0800][8.193s][gc,heap     ] GC(79)      Used:      154M (60%)         160M (62%)          40M (16%)          38M (15%)         176M (69%)          38M (15%)    
[2024-07-21T19:49:18.768+0800][8.193s][gc,heap     ] GC(79)      Live:         -                 4M (2%)            4M (2%)            4M (2%)             -                  -          
[2024-07-21T19:49:18.768+0800][8.193s][gc,heap     ] GC(79) Allocated:         -                 6M (2%)           22M (9%)           22M (9%)             -                  -          
[2024-07-21T19:49:18.768+0800][8.193s][gc,heap     ] GC(79)   Garbage:         -               149M (58%)          13M (5%)           11M (4%)             -                  -          
[2024-07-21T19:49:18.768+0800][8.193s][gc,heap     ] GC(79) Reclaimed:         -                  -               136M (53%)         138M (54%)            -                  -          
[2024-07-21T19:49:18.768+0800][8.193s][gc          ] GC(79) Garbage Collection (Allocation Rate) 154M(60%)->38M(15%)
[2024-07-21T19:49:18.843+0800][8.268s][gc,start    ] GC(80) Garbage Collection (Allocation Rate)
[2024-07-21T19:49:18.843+0800][8.268s][gc,task     ] GC(80) Using 2 workers
[2024-07-21T19:49:18.843+0800][8.268s][gc,phases   ] GC(80) Pause Mark Start 0.012ms
[2024-07-21T19:49:18.858+0800][8.283s][gc,phases   ] GC(80) Concurrent Mark 14.806ms
[2024-07-21T19:49:18.858+0800][8.283s][gc,phases   ] GC(80) Pause Mark End 0.010ms
[2024-07-21T19:49:18.858+0800][8.284s][gc,phases   ] GC(80) Concurrent Mark Free 0.002ms
[2024-07-21T19:49:18.860+0800][8.285s][gc,phases   ] GC(80) Concurrent Process Non-Strong References 1.538ms
[2024-07-21T19:49:18.860+0800][8.285s][gc,phases   ] GC(80) Concurrent Reset Relocation Set 0.001ms
[2024-07-21T19:49:18.864+0800][8.289s][gc,phases   ] GC(80) Concurrent Select Relocation Set 3.395ms
[2024-07-21T19:49:18.864+0800][8.289s][gc,phases   ] GC(80) Pause Relocate Start 0.007ms
[2024-07-21T19:49:18.865+0800][8.290s][gc,phases   ] GC(80) Concurrent Relocate 1.158ms
[2024-07-21T19:49:18.865+0800][8.290s][gc,load     ] GC(80) Load: 0.00/0.00/0.00
[2024-07-21T19:49:18.865+0800][8.290s][gc,mmu      ] GC(80) MMU: 2ms/96.3%, 5ms/98.5%, 10ms/99.2%, 20ms/99.6%, 50ms/99.8%, 100ms/99.9%
[2024-07-21T19:49:18.865+0800][8.290s][gc,marking  ] GC(80) Mark: 2 stripe(s), 2 proactive flush(es), 1 terminate flush(es), 0 completion(s), 0 continuation(s) 
[2024-07-21T19:49:18.865+0800][8.290s][gc,marking  ] GC(80) Mark Stack Usage: 32M
[2024-07-21T19:49:18.865+0800][8.290s][gc,nmethod  ] GC(80) NMethods: 445 registered, 0 unregistered
[2024-07-21T19:49:18.865+0800][8.290s][gc,metaspace] GC(80) Metaspace: 1M used, 1M committed, 1032M reserved
[2024-07-21T19:49:18.865+0800][8.290s][gc,ref      ] GC(80) Soft: 93 encountered, 0 discovered, 0 enqueued
[2024-07-21T19:49:18.865+0800][8.290s][gc,ref      ] GC(80) Weak: 131 encountered, 94 discovered, 0 enqueued
[2024-07-21T19:49:18.865+0800][8.290s][gc,ref      ] GC(80) Final: 0 encountered, 0 discovered, 0 enqueued
[2024-07-21T19:49:18.865+0800][8.290s][gc,ref      ] GC(80) Phantom: 184 encountered, 123 discovered, 0 enqueued
[2024-07-21T19:49:18.865+0800][8.290s][gc,reloc    ] GC(80) Small Pages: 5 / 10M, Empty: 2M, Relocated: 1M, In-Place: 0
[2024-07-21T19:49:18.865+0800][8.290s][gc,reloc    ] GC(80) Medium Pages: 1 / 8M, Empty: 0M, Relocated: 0M, In-Place: 0
[2024-07-21T19:49:18.865+0800][8.290s][gc,reloc    ] GC(80) Large Pages: 52 / 104M, Empty: 102M, Relocated: 0M, In-Place: 0
[2024-07-21T19:49:18.865+0800][8.290s][gc,reloc    ] GC(80) Forwarding Usage: 0M
[2024-07-21T19:49:18.865+0800][8.290s][gc,heap     ] GC(80) Min Capacity: 8M(3%)
[2024-07-21T19:49:18.865+0800][8.290s][gc,heap     ] GC(80) Max Capacity: 256M(100%)
[2024-07-21T19:49:18.865+0800][8.290s][gc,heap     ] GC(80) Soft Max Capacity: 256M(100%)
[2024-07-21T19:49:18.865+0800][8.290s][gc,heap     ] GC(80)                Mark Start          Mark End        Relocate Start      Relocate End           High               Low         
[2024-07-21T19:49:18.865+0800][8.290s][gc,heap     ] GC(80)  Capacity:      256M (100%)        256M (100%)        256M (100%)        256M (100%)        256M (100%)        256M (100%)   
[2024-07-21T19:49:18.865+0800][8.290s][gc,heap     ] GC(80)      Free:      134M (52%)         112M (44%)         200M (78%)         200M (78%)         200M (78%)          96M (38%)    
[2024-07-21T19:49:18.865+0800][8.291s][gc,heap     ] GC(80)      Used:      122M (48%)         144M (56%)          56M (22%)          56M (22%)         160M (62%)          56M (22%)    
[2024-07-21T19:49:18.865+0800][8.291s][gc,heap     ] GC(80)      Live:         -                 6M (3%)            6M (3%)            6M (3%)             -                  -          
[2024-07-21T19:49:18.865+0800][8.291s][gc,heap     ] GC(80) Allocated:         -                22M (9%)           38M (15%)          38M (15%)            -                  -          
[2024-07-21T19:49:18.865+0800][8.291s][gc,heap     ] GC(80)   Garbage:         -               115M (45%)          11M (4%)           11M (4%)             -                  -          
[2024-07-21T19:49:18.865+0800][8.291s][gc,heap     ] GC(80) Reclaimed:         -                  -               104M (41%)         104M (41%)            -                  -          
[2024-07-21T19:49:18.865+0800][8.291s][gc          ] GC(80) Garbage Collection (Allocation Rate) 122M(48%)->56M(22%)
[2024-07-21T19:49:18.953+0800][8.377s][gc,start    ] GC(81) Garbage Collection (Allocation Rate)
[2024-07-21T19:49:18.953+0800][8.377s][gc,task     ] GC(81) Using 2 workers
[2024-07-21T19:49:18.953+0800][8.378s][gc,phases   ] GC(81) Pause Mark Start 0.039ms
[2024-07-21T19:49:18.969+0800][8.393s][gc,phases   ] GC(81) Concurrent Mark 15.336ms
[2024-07-21T19:49:18.969+0800][8.394s][gc,phases   ] GC(81) Pause Mark End 0.034ms
[2024-07-21T19:49:18.969+0800][8.394s][gc,phases   ] GC(81) Concurrent Mark Free 0.002ms
[2024-07-21T19:49:18.970+0800][8.395s][gc,phases   ] GC(81) Concurrent Process Non-Strong References 1.147ms
[2024-07-21T19:49:18.970+0800][8.395s][gc,phases   ] GC(81) Concurrent Reset Relocation Set 0.001ms
[2024-07-21T19:49:18.972+0800][8.397s][gc,phases   ] GC(81) Concurrent Select Relocation Set 1.809ms
[2024-07-21T19:49:18.972+0800][8.397s][gc,phases   ] GC(81) Pause Relocate Start 0.006ms
[2024-07-21T19:49:18.973+0800][8.398s][gc,phases   ] GC(81) Concurrent Relocate 0.813ms
[2024-07-21T19:49:18.973+0800][8.398s][gc,load     ] GC(81) Load: 0.00/0.00/0.00
[2024-07-21T19:49:18.973+0800][8.398s][gc,mmu      ] GC(81) MMU: 2ms/96.3%, 5ms/98.5%, 10ms/99.2%, 20ms/99.6%, 50ms/99.8%, 100ms/99.9%
[2024-07-21T19:49:18.973+0800][8.398s][gc,marking  ] GC(81) Mark: 2 stripe(s), 2 proactive flush(es), 1 terminate flush(es), 0 completion(s), 0 continuation(s) 
[2024-07-21T19:49:18.973+0800][8.398s][gc,marking  ] GC(81) Mark Stack Usage: 32M
[2024-07-21T19:49:18.973+0800][8.398s][gc,nmethod  ] GC(81) NMethods: 445 registered, 0 unregistered
[2024-07-21T19:49:18.973+0800][8.398s][gc,metaspace] GC(81) Metaspace: 1M used, 1M committed, 1032M reserved
[2024-07-21T19:49:18.973+0800][8.398s][gc,ref      ] GC(81) Soft: 93 encountered, 0 discovered, 0 enqueued
[2024-07-21T19:49:18.973+0800][8.398s][gc,ref      ] GC(81) Weak: 131 encountered, 82 discovered, 0 enqueued
[2024-07-21T19:49:18.973+0800][8.398s][gc,ref      ] GC(81) Final: 0 encountered, 0 discovered, 0 enqueued
[2024-07-21T19:49:18.973+0800][8.398s][gc,ref      ] GC(81) Phantom: 184 encountered, 118 discovered, 0 enqueued
[2024-07-21T19:49:18.973+0800][8.398s][gc,reloc    ] GC(81) Small Pages: 5 / 10M, Empty: 2M, Relocated: 1M, In-Place: 0
[2024-07-21T19:49:18.973+0800][8.398s][gc,reloc    ] GC(81) Medium Pages: 1 / 8M, Empty: 0M, Relocated: 0M, In-Place: 0
[2024-07-21T19:49:18.973+0800][8.398s][gc,reloc    ] GC(81) Large Pages: 73 / 146M, Empty: 138M, Relocated: 0M, In-Place: 0
[2024-07-21T19:49:18.973+0800][8.398s][gc,reloc    ] GC(81) Forwarding Usage: 0M
[2024-07-21T19:49:18.973+0800][8.398s][gc,heap     ] GC(81) Min Capacity: 8M(3%)
[2024-07-21T19:49:18.973+0800][8.398s][gc,heap     ] GC(81) Max Capacity: 256M(100%)
[2024-07-21T19:49:18.973+0800][8.398s][gc,heap     ] GC(81) Soft Max Capacity: 256M(100%)
[2024-07-21T19:49:18.973+0800][8.398s][gc,heap     ] GC(81)                Mark Start          Mark End        Relocate Start      Relocate End           High               Low         
[2024-07-21T19:49:18.973+0800][8.398s][gc,heap     ] GC(81)  Capacity:      256M (100%)        256M (100%)        256M (100%)        256M (100%)        256M (100%)        256M (100%)   
[2024-07-21T19:49:18.973+0800][8.398s][gc,heap     ] GC(81)      Free:       92M (36%)          72M (28%)         198M (77%)         198M (77%)         198M (77%)          58M (23%)    
[2024-07-21T19:49:18.973+0800][8.398s][gc,heap     ] GC(81)      Used:      164M (64%)         184M (72%)          58M (23%)          58M (23%)         198M (77%)          58M (23%)    
[2024-07-21T19:49:18.973+0800][8.398s][gc,heap     ] GC(81)      Live:         -                12M (5%)           12M (5%)           12M (5%)             -                  -          
[2024-07-21T19:49:18.973+0800][8.398s][gc,heap     ] GC(81) Allocated:         -                20M (8%)           34M (13%)          34M (13%)            -                  -          
[2024-07-21T19:49:18.973+0800][8.398s][gc,heap     ] GC(81)   Garbage:         -               151M (59%)          11M (4%)           11M (4%)             -                  -          
[2024-07-21T19:49:18.973+0800][8.399s][gc,heap     ] GC(81) Reclaimed:         -                  -               140M (55%)         140M (55%)            -                  -          
[2024-07-21T19:49:18.973+0800][8.399s][gc          ] GC(81) Garbage Collection (Allocation Rate) 164M(64%)->58M(23%)
[2024-07-21T19:49:19.047+0800][8.472s][gc,start    ] GC(82) Garbage Collection (Allocation Rate)
[2024-07-21T19:49:19.047+0800][8.472s][gc,task     ] GC(82) Using 2 workers
[2024-07-21T19:49:19.047+0800][8.472s][gc,phases   ] GC(82) Pause Mark Start 0.012ms
[2024-07-21T19:49:19.063+0800][8.488s][gc,phases   ] GC(82) Concurrent Mark 15.614ms
[2024-07-21T19:49:19.063+0800][8.488s][gc,phases   ] GC(82) Pause Mark End 0.013ms
[2024-07-21T19:49:19.063+0800][8.488s][gc,phases   ] GC(82) Concurrent Mark Free 0.001ms
[2024-07-21T19:49:19.065+0800][8.490s][gc,phases   ] GC(82) Concurrent Process Non-Strong References 1.468ms
[2024-07-21T19:49:19.065+0800][8.490s][gc,phases   ] GC(82) Concurrent Reset Relocation Set 0.001ms
[2024-07-21T19:49:19.066+0800][8.492s][gc,phases   ] GC(82) Concurrent Select Relocation Set 1.805ms
[2024-07-21T19:49:19.067+0800][8.492s][gc,phases   ] GC(82) Pause Relocate Start 0.009ms
[2024-07-21T19:49:19.068+0800][8.493s][gc,phases   ] GC(82) Concurrent Relocate 0.935ms
[2024-07-21T19:49:19.068+0800][8.493s][gc,load     ] GC(82) Load: 0.00/0.00/0.00
[2024-07-21T19:49:19.068+0800][8.493s][gc,mmu      ] GC(82) MMU: 2ms/96.3%, 5ms/98.5%, 10ms/99.2%, 20ms/99.6%, 50ms/99.8%, 100ms/99.9%
[2024-07-21T19:49:19.068+0800][8.493s][gc,marking  ] GC(82) Mark: 2 stripe(s), 2 proactive flush(es), 1 terminate flush(es), 0 completion(s), 0 continuation(s) 
[2024-07-21T19:49:19.068+0800][8.493s][gc,marking  ] GC(82) Mark Stack Usage: 32M
[2024-07-21T19:49:19.068+0800][8.493s][gc,nmethod  ] GC(82) NMethods: 453 registered, 0 unregistered
[2024-07-21T19:49:19.068+0800][8.493s][gc,metaspace] GC(82) Metaspace: 1M used, 1M committed, 1032M reserved
[2024-07-21T19:49:19.068+0800][8.493s][gc,ref      ] GC(82) Soft: 93 encountered, 0 discovered, 0 enqueued
[2024-07-21T19:49:19.068+0800][8.493s][gc,ref      ] GC(82) Weak: 131 encountered, 13 discovered, 0 enqueued
[2024-07-21T19:49:19.068+0800][8.493s][gc,ref      ] GC(82) Final: 0 encountered, 0 discovered, 0 enqueued
[2024-07-21T19:49:19.068+0800][8.493s][gc,ref      ] GC(82) Phantom: 184 encountered, 144 discovered, 0 enqueued
[2024-07-21T19:49:19.068+0800][8.493s][gc,reloc    ] GC(82) Small Pages: 5 / 10M, Empty: 2M, Relocated: 1M, In-Place: 0
[2024-07-21T19:49:19.068+0800][8.493s][gc,reloc    ] GC(82) Medium Pages: 1 / 8M, Empty: 0M, Relocated: 0M, In-Place: 0
[2024-07-21T19:49:19.068+0800][8.493s][gc,reloc    ] GC(82) Large Pages: 63 / 126M, Empty: 120M, Relocated: 0M, In-Place: 0
[2024-07-21T19:49:19.068+0800][8.493s][gc,reloc    ] GC(82) Forwarding Usage: 0M
[2024-07-21T19:49:19.068+0800][8.493s][gc,heap     ] GC(82) Min Capacity: 8M(3%)
[2024-07-21T19:49:19.068+0800][8.493s][gc,heap     ] GC(82) Max Capacity: 256M(100%)
[2024-07-21T19:49:19.068+0800][8.493s][gc,heap     ] GC(82) Soft Max Capacity: 256M(100%)
[2024-07-21T19:49:19.068+0800][8.493s][gc,heap     ] GC(82)                Mark Start          Mark End        Relocate Start      Relocate End           High               Low         
[2024-07-21T19:49:19.068+0800][8.493s][gc,heap     ] GC(82)  Capacity:      256M (100%)        256M (100%)        256M (100%)        256M (100%)        256M (100%)        256M (100%)   
[2024-07-21T19:49:19.068+0800][8.493s][gc,heap     ] GC(82)      Free:      112M (44%)          94M (37%)         198M (77%)         198M (77%)         198M (77%)          76M (30%)    
[2024-07-21T19:49:19.068+0800][8.493s][gc,heap     ] GC(82)      Used:      144M (56%)         162M (63%)          58M (23%)          58M (23%)         180M (70%)          58M (23%)    
[2024-07-21T19:49:19.068+0800][8.493s][gc,heap     ] GC(82)      Live:         -                10M (4%)           10M (4%)           10M (4%)             -                  -          
[2024-07-21T19:49:19.068+0800][8.493s][gc,heap     ] GC(82) Allocated:         -                18M (7%)           36M (14%)          36M (14%)            -                  -          
[2024-07-21T19:49:19.068+0800][8.493s][gc,heap     ] GC(82)   Garbage:         -               133M (52%)          11M (4%)           11M (4%)             -                  -          
[2024-07-21T19:49:19.068+0800][8.493s][gc,heap     ] GC(82) Reclaimed:         -                  -               122M (48%)         122M (48%)            -                  -          
[2024-07-21T19:49:19.068+0800][8.493s][gc          ] GC(82) Garbage Collection (Allocation Rate) 144M(56%)->58M(23%)
[2024-07-21T19:49:19.142+0800][8.567s][gc,start    ] GC(83) Garbage Collection (Allocation Rate)
[2024-07-21T19:49:19.142+0800][8.567s][gc,task     ] GC(83) Using 2 workers
[2024-07-21T19:49:19.142+0800][8.567s][gc,phases   ] GC(83) Pause Mark Start 0.013ms
[2024-07-21T19:49:19.157+0800][8.582s][gc,phases   ] GC(83) Concurrent Mark 14.974ms
[2024-07-21T19:49:19.157+0800][8.583s][gc,phases   ] GC(83) Pause Mark End 0.013ms
[2024-07-21T19:49:19.158+0800][8.583s][gc,phases   ] GC(83) Concurrent Mark Free 0.002ms
[2024-07-21T19:49:19.159+0800][8.584s][gc,phases   ] GC(83) Concurrent Process Non-Strong References 1.157ms
[2024-07-21T19:49:19.159+0800][8.584s][gc,phases   ] GC(83) Concurrent Reset Relocation Set 0.001ms
[2024-07-21T19:49:19.161+0800][8.587s][gc,phases   ] GC(83) Concurrent Select Relocation Set 2.603ms
[2024-07-21T19:49:19.162+0800][8.587s][gc,phases   ] GC(83) Pause Relocate Start 0.007ms
[2024-07-21T19:49:19.162+0800][8.588s][gc,phases   ] GC(83) Concurrent Relocate 0.802ms
[2024-07-21T19:49:19.163+0800][8.588s][gc,load     ] GC(83) Load: 0.00/0.00/0.00
[2024-07-21T19:49:19.163+0800][8.588s][gc,mmu      ] GC(83) MMU: 2ms/96.3%, 5ms/98.5%, 10ms/99.2%, 20ms/99.6%, 50ms/99.8%, 100ms/99.9%
[2024-07-21T19:49:19.163+0800][8.588s][gc,marking  ] GC(83) Mark: 2 stripe(s), 2 proactive flush(es), 1 terminate flush(es), 0 completion(s), 0 continuation(s) 
[2024-07-21T19:49:19.163+0800][8.588s][gc,marking  ] GC(83) Mark Stack Usage: 32M
[2024-07-21T19:49:19.163+0800][8.588s][gc,nmethod  ] GC(83) NMethods: 454 registered, 0 unregistered
[2024-07-21T19:49:19.163+0800][8.588s][gc,metaspace] GC(83) Metaspace: 1M used, 1M committed, 1032M reserved
[2024-07-21T19:49:19.163+0800][8.588s][gc,ref      ] GC(83) Soft: 93 encountered, 0 discovered, 0 enqueued
[2024-07-21T19:49:19.163+0800][8.588s][gc,ref      ] GC(83) Weak: 131 encountered, 42 discovered, 0 enqueued
[2024-07-21T19:49:19.163+0800][8.588s][gc,ref      ] GC(83) Final: 0 encountered, 0 discovered, 0 enqueued
[2024-07-21T19:49:19.163+0800][8.588s][gc,ref      ] GC(83) Phantom: 184 encountered, 118 discovered, 0 enqueued
[2024-07-21T19:49:19.163+0800][8.588s][gc,reloc    ] GC(83) Small Pages: 5 / 10M, Empty: 0M, Relocated: 1M, In-Place: 0
[2024-07-21T19:49:19.163+0800][8.588s][gc,reloc    ] GC(83) Medium Pages: 1 / 8M, Empty: 0M, Relocated: 0M, In-Place: 0
[2024-07-21T19:49:19.163+0800][8.588s][gc,reloc    ] GC(83) Large Pages: 62 / 124M, Empty: 120M, Relocated: 0M, In-Place: 0
[2024-07-21T19:49:19.163+0800][8.588s][gc,reloc    ] GC(83) Forwarding Usage: 0M
[2024-07-21T19:49:19.163+0800][8.588s][gc,heap     ] GC(83) Min Capacity: 8M(3%)
[2024-07-21T19:49:19.163+0800][8.588s][gc,heap     ] GC(83) Max Capacity: 256M(100%)
[2024-07-21T19:49:19.163+0800][8.588s][gc,heap     ] GC(83) Soft Max Capacity: 256M(100%)
[2024-07-21T19:49:19.163+0800][8.588s][gc,heap     ] GC(83)                Mark Start          Mark End        Relocate Start      Relocate End           High               Low         
[2024-07-21T19:49:19.163+0800][8.588s][gc,heap     ] GC(83)  Capacity:      256M (100%)        256M (100%)        256M (100%)        256M (100%)        256M (100%)        256M (100%)   
[2024-07-21T19:49:19.163+0800][8.588s][gc,heap     ] GC(83)      Free:      114M (45%)          90M (35%)         196M (77%)         198M (77%)         198M (77%)          76M (30%)    
[2024-07-21T19:49:19.163+0800][8.588s][gc,heap     ] GC(83)      Used:      142M (55%)         166M (65%)          60M (23%)          58M (23%)         180M (70%)          58M (23%)    
[2024-07-21T19:49:19.163+0800][8.588s][gc,heap     ] GC(83)      Live:         -                 8M (3%)            8M (3%)            8M (3%)             -                  -          
[2024-07-21T19:49:19.163+0800][8.588s][gc,heap     ] GC(83) Allocated:         -                24M (9%)           38M (15%)          38M (15%)            -                  -          
[2024-07-21T19:49:19.163+0800][8.588s][gc,heap     ] GC(83)   Garbage:         -               133M (52%)          13M (5%)           11M (4%)             -                  -          
[2024-07-21T19:49:19.163+0800][8.588s][gc,heap     ] GC(83) Reclaimed:         -                  -               120M (47%)         122M (48%)            -                  -          
[2024-07-21T19:49:19.163+0800][8.588s][gc          ] GC(83) Garbage Collection (Allocation Rate) 142M(55%)->58M(23%)
[2024-07-21T19:49:19.252+0800][8.677s][gc,start    ] GC(84) Garbage Collection (Allocation Rate)
[2024-07-21T19:49:19.252+0800][8.677s][gc,task     ] GC(84) Using 2 workers
[2024-07-21T19:49:19.252+0800][8.677s][gc,phases   ] GC(84) Pause Mark Start 0.021ms
[2024-07-21T19:49:19.268+0800][8.693s][gc,phases   ] GC(84) Concurrent Mark 15.502ms
[2024-07-21T19:49:19.268+0800][8.693s][gc,phases   ] GC(84) Pause Mark End 0.011ms
[2024-07-21T19:49:19.268+0800][8.693s][gc,phases   ] GC(84) Concurrent Mark Free 0.001ms
[2024-07-21T19:49:19.270+0800][8.695s][gc,phases   ] GC(84) Concurrent Process Non-Strong References 1.395ms
[2024-07-21T19:49:19.270+0800][8.695s][gc,phases   ] GC(84) Concurrent Reset Relocation Set 0.001ms
[2024-07-21T19:49:19.272+0800][8.697s][gc,phases   ] GC(84) Concurrent Select Relocation Set 2.490ms
[2024-07-21T19:49:19.272+0800][8.697s][gc,phases   ] GC(84) Pause Relocate Start 0.007ms
[2024-07-21T19:49:19.274+0800][8.699s][gc,phases   ] GC(84) Concurrent Relocate 1.551ms
[2024-07-21T19:49:19.274+0800][8.699s][gc,load     ] GC(84) Load: 0.00/0.00/0.00
[2024-07-21T19:49:19.274+0800][8.699s][gc,mmu      ] GC(84) MMU: 2ms/96.3%, 5ms/98.5%, 10ms/99.2%, 20ms/99.6%, 50ms/99.8%, 100ms/99.9%
[2024-07-21T19:49:19.274+0800][8.699s][gc,marking  ] GC(84) Mark: 2 stripe(s), 2 proactive flush(es), 1 terminate flush(es), 0 completion(s), 0 continuation(s) 
[2024-07-21T19:49:19.274+0800][8.699s][gc,marking  ] GC(84) Mark Stack Usage: 32M
[2024-07-21T19:49:19.274+0800][8.699s][gc,nmethod  ] GC(84) NMethods: 454 registered, 0 unregistered
[2024-07-21T19:49:19.274+0800][8.699s][gc,metaspace] GC(84) Metaspace: 1M used, 1M committed, 1032M reserved
[2024-07-21T19:49:19.274+0800][8.699s][gc,ref      ] GC(84) Soft: 93 encountered, 0 discovered, 0 enqueued
[2024-07-21T19:49:19.274+0800][8.699s][gc,ref      ] GC(84) Weak: 131 encountered, 94 discovered, 0 enqueued
[2024-07-21T19:49:19.274+0800][8.699s][gc,ref      ] GC(84) Final: 0 encountered, 0 discovered, 0 enqueued
[2024-07-21T19:49:19.274+0800][8.699s][gc,ref      ] GC(84) Phantom: 184 encountered, 123 discovered, 0 enqueued
[2024-07-21T19:49:19.274+0800][8.699s][gc,reloc    ] GC(84) Small Pages: 5 / 10M, Empty: 2M, Relocated: 1M, In-Place: 0
[2024-07-21T19:49:19.274+0800][8.699s][gc,reloc    ] GC(84) Medium Pages: 1 / 8M, Empty: 0M, Relocated: 0M, In-Place: 0
[2024-07-21T19:49:19.274+0800][8.699s][gc,reloc    ] GC(84) Large Pages: 72 / 144M, Empty: 142M, Relocated: 0M, In-Place: 0
[2024-07-21T19:49:19.274+0800][8.699s][gc,reloc    ] GC(84) Forwarding Usage: 0M
[2024-07-21T19:49:19.274+0800][8.699s][gc,heap     ] GC(84) Min Capacity: 8M(3%)
[2024-07-21T19:49:19.274+0800][8.699s][gc,heap     ] GC(84) Max Capacity: 256M(100%)
[2024-07-21T19:49:19.274+0800][8.699s][gc,heap     ] GC(84) Soft Max Capacity: 256M(100%)
[2024-07-21T19:49:19.274+0800][8.699s][gc,heap     ] GC(84)                Mark Start          Mark End        Relocate Start      Relocate End           High               Low         
[2024-07-21T19:49:19.274+0800][8.699s][gc,heap     ] GC(84)  Capacity:      256M (100%)        256M (100%)        256M (100%)        256M (100%)        256M (100%)        256M (100%)   
[2024-07-21T19:49:19.274+0800][8.699s][gc,heap     ] GC(84)      Free:       94M (37%)          70M (27%)         200M (78%)         200M (78%)         200M (78%)          56M (22%)    
[2024-07-21T19:49:19.274+0800][8.699s][gc,heap     ] GC(84)      Used:      162M (63%)         186M (73%)          56M (22%)          56M (22%)         200M (78%)          56M (22%)    
[2024-07-21T19:49:19.274+0800][8.699s][gc,heap     ] GC(84)      Live:         -                 6M (3%)            6M (3%)            6M (3%)             -                  -          
[2024-07-21T19:49:19.274+0800][8.699s][gc,heap     ] GC(84) Allocated:         -                24M (9%)           38M (15%)          38M (15%)            -                  -          
[2024-07-21T19:49:19.275+0800][8.699s][gc,heap     ] GC(84)   Garbage:         -               155M (61%)          11M (4%)           11M (4%)             -                  -          
[2024-07-21T19:49:19.275+0800][8.700s][gc,heap     ] GC(84) Reclaimed:         -                  -               144M (56%)         144M (56%)            -                  -          
[2024-07-21T19:49:19.275+0800][8.700s][gc          ] GC(84) Garbage Collection (Allocation Rate) 162M(63%)->56M(22%)
[2024-07-21T19:49:19.346+0800][8.771s][gc,start    ] GC(85) Garbage Collection (Allocation Rate)
[2024-07-21T19:49:19.346+0800][8.771s][gc,task     ] GC(85) Using 2 workers
[2024-07-21T19:49:19.346+0800][8.771s][gc,phases   ] GC(85) Pause Mark Start 0.011ms
[2024-07-21T19:49:19.361+0800][8.786s][gc,phases   ] GC(85) Concurrent Mark 14.787ms
[2024-07-21T19:49:19.361+0800][8.786s][gc,phases   ] GC(85) Pause Mark End 0.019ms
[2024-07-21T19:49:19.361+0800][8.786s][gc,phases   ] GC(85) Concurrent Mark Free 0.003ms
[2024-07-21T19:49:19.363+0800][8.788s][gc,phases   ] GC(85) Concurrent Process Non-Strong References 1.546ms
[2024-07-21T19:49:19.363+0800][8.788s][gc,phases   ] GC(85) Concurrent Reset Relocation Set 0.001ms
[2024-07-21T19:49:19.365+0800][8.790s][gc,phases   ] GC(85) Concurrent Select Relocation Set 1.713ms
[2024-07-21T19:49:19.365+0800][8.790s][gc,phases   ] GC(85) Pause Relocate Start 0.006ms
[2024-07-21T19:49:19.366+0800][8.791s][gc,phases   ] GC(85) Concurrent Relocate 0.781ms
[2024-07-21T19:49:19.366+0800][8.791s][gc,load     ] GC(85) Load: 0.00/0.00/0.00
[2024-07-21T19:49:19.366+0800][8.791s][gc,mmu      ] GC(85) MMU: 2ms/96.3%, 5ms/98.5%, 10ms/99.2%, 20ms/99.6%, 50ms/99.8%, 100ms/99.9%
[2024-07-21T19:49:19.366+0800][8.791s][gc,marking  ] GC(85) Mark: 2 stripe(s), 2 proactive flush(es), 1 terminate flush(es), 0 completion(s), 0 continuation(s) 
[2024-07-21T19:49:19.366+0800][8.791s][gc,marking  ] GC(85) Mark Stack Usage: 32M
[2024-07-21T19:49:19.366+0800][8.791s][gc,nmethod  ] GC(85) NMethods: 454 registered, 0 unregistered
[2024-07-21T19:49:19.366+0800][8.791s][gc,metaspace] GC(85) Metaspace: 1M used, 1M committed, 1032M reserved
[2024-07-21T19:49:19.366+0800][8.791s][gc,ref      ] GC(85) Soft: 93 encountered, 0 discovered, 0 enqueued
[2024-07-21T19:49:19.366+0800][8.791s][gc,ref      ] GC(85) Weak: 131 encountered, 95 discovered, 0 enqueued
[2024-07-21T19:49:19.366+0800][8.791s][gc,ref      ] GC(85) Final: 0 encountered, 0 discovered, 0 enqueued
[2024-07-21T19:49:19.366+0800][8.791s][gc,ref      ] GC(85) Phantom: 184 encountered, 159 discovered, 0 enqueued
[2024-07-21T19:49:19.366+0800][8.791s][gc,reloc    ] GC(85) Small Pages: 5 / 10M, Empty: 2M, Relocated: 1M, In-Place: 0
[2024-07-21T19:49:19.366+0800][8.791s][gc,reloc    ] GC(85) Medium Pages: 1 / 8M, Empty: 0M, Relocated: 0M, In-Place: 0
[2024-07-21T19:49:19.366+0800][8.791s][gc,reloc    ] GC(85) Large Pages: 60 / 120M, Empty: 118M, Relocated: 0M, In-Place: 0
[2024-07-21T19:49:19.366+0800][8.791s][gc,reloc    ] GC(85) Forwarding Usage: 0M
[2024-07-21T19:49:19.366+0800][8.791s][gc,heap     ] GC(85) Min Capacity: 8M(3%)
[2024-07-21T19:49:19.366+0800][8.791s][gc,heap     ] GC(85) Max Capacity: 256M(100%)
[2024-07-21T19:49:19.366+0800][8.791s][gc,heap     ] GC(85) Soft Max Capacity: 256M(100%)
[2024-07-21T19:49:19.366+0800][8.791s][gc,heap     ] GC(85)                Mark Start          Mark End        Relocate Start      Relocate End           High               Low         
[2024-07-21T19:49:19.366+0800][8.791s][gc,heap     ] GC(85)  Capacity:      256M (100%)        256M (100%)        256M (100%)        256M (100%)        256M (100%)        256M (100%)   
[2024-07-21T19:49:19.366+0800][8.791s][gc,heap     ] GC(85)      Free:      118M (46%)          94M (37%)         198M (77%)         198M (77%)         198M (77%)          78M (30%)    
[2024-07-21T19:49:19.366+0800][8.791s][gc,heap     ] GC(85)      Used:      138M (54%)         162M (63%)          58M (23%)          58M (23%)         178M (70%)          58M (23%)    
[2024-07-21T19:49:19.366+0800][8.791s][gc,heap     ] GC(85)      Live:         -                 6M (3%)            6M (3%)            6M (3%)             -                  -          
[2024-07-21T19:49:19.366+0800][8.791s][gc,heap     ] GC(85) Allocated:         -                24M (9%)           40M (16%)          40M (16%)            -                  -          
[2024-07-21T19:49:19.366+0800][8.791s][gc,heap     ] GC(85)   Garbage:         -               131M (51%)          11M (4%)           11M (4%)             -                  -          
[2024-07-21T19:49:19.366+0800][8.791s][gc,heap     ] GC(85) Reclaimed:         -                  -               120M (47%)         120M (47%)            -                  -          
[2024-07-21T19:49:19.366+0800][8.791s][gc          ] GC(85) Garbage Collection (Allocation Rate) 138M(54%)->58M(23%)
[2024-07-21T19:49:19.455+0800][8.880s][gc,start    ] GC(86) Garbage Collection (Allocation Rate)
[2024-07-21T19:49:19.456+0800][8.880s][gc,task     ] GC(86) Using 2 workers
[2024-07-21T19:49:19.456+0800][8.880s][gc,phases   ] GC(86) Pause Mark Start 0.013ms
[2024-07-21T19:49:19.470+0800][8.895s][gc,phases   ] GC(86) Concurrent Mark 14.664ms
[2024-07-21T19:49:19.470+0800][8.895s][gc,phases   ] GC(86) Pause Mark End 0.012ms
[2024-07-21T19:49:19.470+0800][8.896s][gc,phases   ] GC(86) Concurrent Mark Free 0.003ms
[2024-07-21T19:49:19.471+0800][8.897s][gc,phases   ] GC(86) Concurrent Process Non-Strong References 1.230ms
[2024-07-21T19:49:19.471+0800][8.897s][gc,phases   ] GC(86) Concurrent Reset Relocation Set 0.001ms
[2024-07-21T19:49:19.473+0800][8.898s][gc,phases   ] GC(86) Concurrent Select Relocation Set 1.571ms
[2024-07-21T19:49:19.473+0800][8.899s][gc,phases   ] GC(86) Pause Relocate Start 0.007ms
[2024-07-21T19:49:19.474+0800][8.900s][gc,phases   ] GC(86) Concurrent Relocate 0.936ms
[2024-07-21T19:49:19.474+0800][8.900s][gc,load     ] GC(86) Load: 0.00/0.00/0.00
[2024-07-21T19:49:19.474+0800][8.900s][gc,mmu      ] GC(86) MMU: 2ms/96.3%, 5ms/98.5%, 10ms/99.2%, 20ms/99.6%, 50ms/99.8%, 100ms/99.9%
[2024-07-21T19:49:19.474+0800][8.900s][gc,marking  ] GC(86) Mark: 2 stripe(s), 2 proactive flush(es), 1 terminate flush(es), 0 completion(s), 0 continuation(s) 
[2024-07-21T19:49:19.474+0800][8.900s][gc,marking  ] GC(86) Mark Stack Usage: 32M
[2024-07-21T19:49:19.474+0800][8.900s][gc,nmethod  ] GC(86) NMethods: 454 registered, 0 unregistered
[2024-07-21T19:49:19.475+0800][8.900s][gc,metaspace] GC(86) Metaspace: 1M used, 1M committed, 1032M reserved
[2024-07-21T19:49:19.475+0800][8.900s][gc,ref      ] GC(86) Soft: 93 encountered, 0 discovered, 0 enqueued
[2024-07-21T19:49:19.475+0800][8.900s][gc,ref      ] GC(86) Weak: 131 encountered, 108 discovered, 0 enqueued
[2024-07-21T19:49:19.475+0800][8.900s][gc,ref      ] GC(86) Final: 0 encountered, 0 discovered, 0 enqueued
[2024-07-21T19:49:19.475+0800][8.900s][gc,ref      ] GC(86) Phantom: 184 encountered, 155 discovered, 0 enqueued
[2024-07-21T19:49:19.475+0800][8.900s][gc,reloc    ] GC(86) Small Pages: 5 / 10M, Empty: 2M, Relocated: 1M, In-Place: 0
[2024-07-21T19:49:19.475+0800][8.900s][gc,reloc    ] GC(86) Medium Pages: 1 / 8M, Empty: 0M, Relocated: 0M, In-Place: 0
[2024-07-21T19:49:19.475+0800][8.900s][gc,reloc    ] GC(86) Large Pages: 74 / 148M, Empty: 140M, Relocated: 0M, In-Place: 0
[2024-07-21T19:49:19.475+0800][8.900s][gc,reloc    ] GC(86) Forwarding Usage: 0M
[2024-07-21T19:49:19.475+0800][8.900s][gc,heap     ] GC(86) Min Capacity: 8M(3%)
[2024-07-21T19:49:19.475+0800][8.900s][gc,heap     ] GC(86) Max Capacity: 256M(100%)
[2024-07-21T19:49:19.475+0800][8.900s][gc,heap     ] GC(86) Soft Max Capacity: 256M(100%)
[2024-07-21T19:49:19.475+0800][8.900s][gc,heap     ] GC(86)                Mark Start          Mark End        Relocate Start      Relocate End           High               Low         
[2024-07-21T19:49:19.475+0800][8.900s][gc,heap     ] GC(86)  Capacity:      256M (100%)        256M (100%)        256M (100%)        256M (100%)        256M (100%)        256M (100%)   
[2024-07-21T19:49:19.475+0800][8.900s][gc,heap     ] GC(86)      Free:       90M (35%)          70M (27%)         198M (77%)         198M (77%)         198M (77%)          56M (22%)    
[2024-07-21T19:49:19.475+0800][8.900s][gc,heap     ] GC(86)      Used:      166M (65%)         186M (73%)          58M (23%)          58M (23%)         200M (78%)          58M (23%)    
[2024-07-21T19:49:19.475+0800][8.900s][gc,heap     ] GC(86)      Live:         -                12M (5%)           12M (5%)           12M (5%)             -                  -          
[2024-07-21T19:49:19.475+0800][8.900s][gc,heap     ] GC(86) Allocated:         -                20M (8%)           34M (13%)          34M (13%)            -                  -          
[2024-07-21T19:49:19.475+0800][8.900s][gc,heap     ] GC(86)   Garbage:         -               153M (60%)          11M (4%)           11M (4%)             -                  -          
[2024-07-21T19:49:19.475+0800][8.900s][gc,heap     ] GC(86) Reclaimed:         -                  -               142M (55%)         142M (55%)            -                  -          
[2024-07-21T19:49:19.475+0800][8.900s][gc          ] GC(86) Garbage Collection (Allocation Rate) 166M(65%)->58M(23%)
[2024-07-21T19:49:19.548+0800][8.973s][gc,start    ] GC(87) Garbage Collection (Allocation Rate)
[2024-07-21T19:49:19.549+0800][8.973s][gc,task     ] GC(87) Using 2 workers
[2024-07-21T19:49:19.549+0800][8.973s][gc,phases   ] GC(87) Pause Mark Start 0.007ms
[2024-07-21T19:49:19.564+0800][8.988s][gc,phases   ] GC(87) Concurrent Mark 14.988ms
[2024-07-21T19:49:19.564+0800][8.989s][gc,phases   ] GC(87) Pause Mark End 0.012ms
[2024-07-21T19:49:19.564+0800][8.989s][gc,phases   ] GC(87) Concurrent Mark Free 0.002ms
[2024-07-21T19:49:19.565+0800][8.990s][gc,phases   ] GC(87) Concurrent Process Non-Strong References 1.175ms
[2024-07-21T19:49:19.565+0800][8.990s][gc,phases   ] GC(87) Concurrent Reset Relocation Set 0.001ms
[2024-07-21T19:49:19.567+0800][8.992s][gc,phases   ] GC(87) Concurrent Select Relocation Set 1.858ms
[2024-07-21T19:49:19.567+0800][8.992s][gc,phases   ] GC(87) Pause Relocate Start 0.006ms
[2024-07-21T19:49:19.568+0800][8.993s][gc,phases   ] GC(87) Concurrent Relocate 0.752ms
[2024-07-21T19:49:19.568+0800][8.993s][gc,load     ] GC(87) Load: 0.00/0.00/0.00
[2024-07-21T19:49:19.568+0800][8.993s][gc,mmu      ] GC(87) MMU: 2ms/96.3%, 5ms/98.5%, 10ms/99.2%, 20ms/99.6%, 50ms/99.8%, 100ms/99.9%
[2024-07-21T19:49:19.568+0800][8.993s][gc,marking  ] GC(87) Mark: 2 stripe(s), 2 proactive flush(es), 1 terminate flush(es), 0 completion(s), 0 continuation(s) 
[2024-07-21T19:49:19.568+0800][8.993s][gc,marking  ] GC(87) Mark Stack Usage: 32M
[2024-07-21T19:49:19.568+0800][8.993s][gc,nmethod  ] GC(87) NMethods: 454 registered, 0 unregistered
[2024-07-21T19:49:19.568+0800][8.993s][gc,metaspace] GC(87) Metaspace: 1M used, 1M committed, 1032M reserved
[2024-07-21T19:49:19.568+0800][8.993s][gc,ref      ] GC(87) Soft: 93 encountered, 0 discovered, 0 enqueued
[2024-07-21T19:49:19.568+0800][8.993s][gc,ref      ] GC(87) Weak: 131 encountered, 0 discovered, 0 enqueued
[2024-07-21T19:49:19.568+0800][8.993s][gc,ref      ] GC(87) Final: 0 encountered, 0 discovered, 0 enqueued
[2024-07-21T19:49:19.568+0800][8.993s][gc,ref      ] GC(87) Phantom: 184 encountered, 179 discovered, 0 enqueued
[2024-07-21T19:49:19.568+0800][8.993s][gc,reloc    ] GC(87) Small Pages: 5 / 10M, Empty: 2M, Relocated: 1M, In-Place: 0
[2024-07-21T19:49:19.568+0800][8.993s][gc,reloc    ] GC(87) Medium Pages: 1 / 8M, Empty: 0M, Relocated: 0M, In-Place: 0
[2024-07-21T19:49:19.568+0800][8.993s][gc,reloc    ] GC(87) Large Pages: 62 / 124M, Empty: 120M, Relocated: 0M, In-Place: 0
[2024-07-21T19:49:19.568+0800][8.993s][gc,reloc    ] GC(87) Forwarding Usage: 0M
[2024-07-21T19:49:19.568+0800][8.993s][gc,heap     ] GC(87) Min Capacity: 8M(3%)
[2024-07-21T19:49:19.568+0800][8.993s][gc,heap     ] GC(87) Max Capacity: 256M(100%)
[2024-07-21T19:49:19.568+0800][8.993s][gc,heap     ] GC(87) Soft Max Capacity: 256M(100%)
[2024-07-21T19:49:19.568+0800][8.993s][gc,heap     ] GC(87)                Mark Start          Mark End        Relocate Start      Relocate End           High               Low         
[2024-07-21T19:49:19.568+0800][8.993s][gc,heap     ] GC(87)  Capacity:      256M (100%)        256M (100%)        256M (100%)        256M (100%)        256M (100%)        256M (100%)   
[2024-07-21T19:49:19.568+0800][8.993s][gc,heap     ] GC(87)      Free:      114M (45%)          90M (35%)         198M (77%)         198M (77%)         198M (77%)          76M (30%)    
[2024-07-21T19:49:19.568+0800][8.993s][gc,heap     ] GC(87)      Used:      142M (55%)         166M (65%)          58M (23%)          58M (23%)         180M (70%)          58M (23%)    
[2024-07-21T19:49:19.568+0800][8.994s][gc,heap     ] GC(87)      Live:         -                 8M (3%)            8M (3%)            8M (3%)             -                  -          
[2024-07-21T19:49:19.568+0800][8.994s][gc,heap     ] GC(87) Allocated:         -                24M (9%)           38M (15%)          38M (15%)            -                  -          
[2024-07-21T19:49:19.568+0800][8.994s][gc,heap     ] GC(87)   Garbage:         -               133M (52%)          11M (4%)           11M (4%)             -                  -          
[2024-07-21T19:49:19.568+0800][8.994s][gc,heap     ] GC(87) Reclaimed:         -                  -               122M (48%)         122M (48%)            -                  -          
[2024-07-21T19:49:19.568+0800][8.994s][gc          ] GC(87) Garbage Collection (Allocation Rate) 142M(55%)->58M(23%)
[2024-07-21T19:49:19.644+0800][9.069s][gc,start    ] GC(88) Garbage Collection (Allocation Rate)
[2024-07-21T19:49:19.644+0800][9.069s][gc,task     ] GC(88) Using 2 workers
[2024-07-21T19:49:19.644+0800][9.069s][gc,phases   ] GC(88) Pause Mark Start 0.008ms
[2024-07-21T19:49:19.660+0800][9.084s][gc,phases   ] GC(88) Concurrent Mark 14.955ms
[2024-07-21T19:49:19.660+0800][9.085s][gc,phases   ] GC(88) Pause Mark End 0.021ms
[2024-07-21T19:49:19.660+0800][9.085s][gc,phases   ] GC(88) Concurrent Mark Free 0.001ms
[2024-07-21T19:49:19.661+0800][9.086s][gc,phases   ] GC(88) Concurrent Process Non-Strong References 1.380ms
[2024-07-21T19:49:19.661+0800][9.086s][gc,phases   ] GC(88) Concurrent Reset Relocation Set 0.002ms
[2024-07-21T19:49:19.664+0800][9.089s][gc,phases   ] GC(88) Concurrent Select Relocation Set 2.405ms
[2024-07-21T19:49:19.664+0800][9.089s][gc,phases   ] GC(88) Pause Relocate Start 0.011ms
[2024-07-21T19:49:19.665+0800][9.090s][gc,phases   ] GC(88) Concurrent Relocate 1.005ms
[2024-07-21T19:49:19.665+0800][9.090s][gc,load     ] GC(88) Load: 0.00/0.00/0.00
[2024-07-21T19:49:19.665+0800][9.090s][gc,mmu      ] GC(88) MMU: 2ms/96.3%, 5ms/98.5%, 10ms/99.2%, 20ms/99.6%, 50ms/99.8%, 100ms/99.9%
[2024-07-21T19:49:19.665+0800][9.090s][gc,marking  ] GC(88) Mark: 2 stripe(s), 2 proactive flush(es), 1 terminate flush(es), 0 completion(s), 0 continuation(s) 
[2024-07-21T19:49:19.665+0800][9.090s][gc,marking  ] GC(88) Mark Stack Usage: 32M
[2024-07-21T19:49:19.665+0800][9.090s][gc,nmethod  ] GC(88) NMethods: 454 registered, 0 unregistered
[2024-07-21T19:49:19.665+0800][9.090s][gc,metaspace] GC(88) Metaspace: 1M used, 1M committed, 1032M reserved
[2024-07-21T19:49:19.665+0800][9.090s][gc,ref      ] GC(88) Soft: 93 encountered, 0 discovered, 0 enqueued
[2024-07-21T19:49:19.665+0800][9.090s][gc,ref      ] GC(88) Weak: 131 encountered, 94 discovered, 0 enqueued
[2024-07-21T19:49:19.665+0800][9.090s][gc,ref      ] GC(88) Final: 0 encountered, 0 discovered, 0 enqueued
[2024-07-21T19:49:19.665+0800][9.090s][gc,ref      ] GC(88) Phantom: 184 encountered, 122 discovered, 0 enqueued
[2024-07-21T19:49:19.665+0800][9.090s][gc,reloc    ] GC(88) Small Pages: 5 / 10M, Empty: 2M, Relocated: 1M, In-Place: 0
[2024-07-21T19:49:19.665+0800][9.090s][gc,reloc    ] GC(88) Medium Pages: 1 / 8M, Empty: 0M, Relocated: 0M, In-Place: 0
[2024-07-21T19:49:19.665+0800][9.090s][gc,reloc    ] GC(88) Large Pages: 62 / 124M, Empty: 120M, Relocated: 0M, In-Place: 0
[2024-07-21T19:49:19.665+0800][9.090s][gc,reloc    ] GC(88) Forwarding Usage: 0M
[2024-07-21T19:49:19.665+0800][9.090s][gc,heap     ] GC(88) Min Capacity: 8M(3%)
[2024-07-21T19:49:19.665+0800][9.090s][gc,heap     ] GC(88) Max Capacity: 256M(100%)
[2024-07-21T19:49:19.666+0800][9.090s][gc,heap     ] GC(88) Soft Max Capacity: 256M(100%)
[2024-07-21T19:49:19.666+0800][9.090s][gc,heap     ] GC(88)                Mark Start          Mark End        Relocate Start      Relocate End           High               Low         
[2024-07-21T19:49:19.666+0800][9.090s][gc,heap     ] GC(88)  Capacity:      256M (100%)        256M (100%)        256M (100%)        256M (100%)        256M (100%)        256M (100%)   
[2024-07-21T19:49:19.666+0800][9.090s][gc,heap     ] GC(88)      Free:      114M (45%)          94M (37%)         198M (77%)         198M (77%)         198M (77%)          76M (30%)    
[2024-07-21T19:49:19.666+0800][9.090s][gc,heap     ] GC(88)      Used:      142M (55%)         162M (63%)          58M (23%)          58M (23%)         180M (70%)          58M (23%)    
[2024-07-21T19:49:19.666+0800][9.090s][gc,heap     ] GC(88)      Live:         -                 8M (3%)            8M (3%)            8M (3%)             -                  -          
[2024-07-21T19:49:19.666+0800][9.090s][gc,heap     ] GC(88) Allocated:         -                20M (8%)           38M (15%)          38M (15%)            -                  -          
[2024-07-21T19:49:19.666+0800][9.090s][gc,heap     ] GC(88)   Garbage:         -               133M (52%)          11M (4%)           11M (4%)             -                  -          
[2024-07-21T19:49:19.666+0800][9.090s][gc,heap     ] GC(88) Reclaimed:         -                  -               122M (48%)         122M (48%)            -                  -          
[2024-07-21T19:49:19.666+0800][9.091s][gc          ] GC(88) Garbage Collection (Allocation Rate) 142M(55%)->58M(23%)
[2024-07-21T19:49:19.755+0800][9.179s][gc,start    ] GC(89) Garbage Collection (Allocation Rate)
[2024-07-21T19:49:19.755+0800][9.180s][gc,task     ] GC(89) Using 2 workers
[2024-07-21T19:49:19.755+0800][9.180s][gc,phases   ] GC(89) Pause Mark Start 0.008ms
[2024-07-21T19:49:19.770+0800][9.195s][gc,phases   ] GC(89) Concurrent Mark 14.845ms
[2024-07-21T19:49:19.770+0800][9.195s][gc,phases   ] GC(89) Pause Mark End 0.029ms
[2024-07-21T19:49:19.770+0800][9.195s][gc,phases   ] GC(89) Concurrent Mark Free 0.002ms
[2024-07-21T19:49:19.772+0800][9.197s][gc,phases   ] GC(89) Concurrent Process Non-Strong References 1.378ms
[2024-07-21T19:49:19.772+0800][9.197s][gc,phases   ] GC(89) Concurrent Reset Relocation Set 0.001ms
[2024-07-21T19:49:19.775+0800][9.200s][gc,phases   ] GC(89) Concurrent Select Relocation Set 2.797ms
[2024-07-21T19:49:19.775+0800][9.200s][gc,phases   ] GC(89) Pause Relocate Start 0.007ms
[2024-07-21T19:49:19.776+0800][9.201s][gc,phases   ] GC(89) Concurrent Relocate 0.786ms
[2024-07-21T19:49:19.776+0800][9.201s][gc,load     ] GC(89) Load: 0.00/0.00/0.00
[2024-07-21T19:49:19.776+0800][9.201s][gc,mmu      ] GC(89) MMU: 2ms/96.3%, 5ms/98.5%, 10ms/99.2%, 20ms/99.6%, 50ms/99.8%, 100ms/99.9%
[2024-07-21T19:49:19.776+0800][9.201s][gc,marking  ] GC(89) Mark: 2 stripe(s), 2 proactive flush(es), 1 terminate flush(es), 0 completion(s), 0 continuation(s) 
[2024-07-21T19:49:19.776+0800][9.201s][gc,marking  ] GC(89) Mark Stack Usage: 32M
[2024-07-21T19:49:19.776+0800][9.201s][gc,nmethod  ] GC(89) NMethods: 454 registered, 0 unregistered
[2024-07-21T19:49:19.776+0800][9.201s][gc,metaspace] GC(89) Metaspace: 1M used, 1M committed, 1032M reserved
[2024-07-21T19:49:19.776+0800][9.201s][gc,ref      ] GC(89) Soft: 93 encountered, 0 discovered, 0 enqueued
[2024-07-21T19:49:19.776+0800][9.201s][gc,ref      ] GC(89) Weak: 131 encountered, 94 discovered, 0 enqueued
[2024-07-21T19:49:19.776+0800][9.201s][gc,ref      ] GC(89) Final: 0 encountered, 0 discovered, 0 enqueued
[2024-07-21T19:49:19.776+0800][9.201s][gc,ref      ] GC(89) Phantom: 184 encountered, 125 discovered, 0 enqueued
[2024-07-21T19:49:19.776+0800][9.201s][gc,reloc    ] GC(89) Small Pages: 5 / 10M, Empty: 2M, Relocated: 1M, In-Place: 0
[2024-07-21T19:49:19.776+0800][9.201s][gc,reloc    ] GC(89) Medium Pages: 1 / 8M, Empty: 0M, Relocated: 0M, In-Place: 0
[2024-07-21T19:49:19.776+0800][9.201s][gc,reloc    ] GC(89) Large Pages: 74 / 148M, Empty: 146M, Relocated: 0M, In-Place: 0
[2024-07-21T19:49:19.776+0800][9.201s][gc,reloc    ] GC(89) Forwarding Usage: 0M
[2024-07-21T19:49:19.777+0800][9.201s][gc,heap     ] GC(89) Min Capacity: 8M(3%)
[2024-07-21T19:49:19.777+0800][9.201s][gc,heap     ] GC(89) Max Capacity: 256M(100%)
[2024-07-21T19:49:19.777+0800][9.201s][gc,heap     ] GC(89) Soft Max Capacity: 256M(100%)
[2024-07-21T19:49:19.777+0800][9.201s][gc,heap     ] GC(89)                Mark Start          Mark End        Relocate Start      Relocate End           High               Low         
[2024-07-21T19:49:19.777+0800][9.201s][gc,heap     ] GC(89)  Capacity:      256M (100%)        256M (100%)        256M (100%)        256M (100%)        256M (100%)        256M (100%)   
[2024-07-21T19:49:19.777+0800][9.201s][gc,heap     ] GC(89)      Free:       90M (35%)          72M (28%)         204M (80%)         204M (80%)         204M (80%)          56M (22%)    
[2024-07-21T19:49:19.777+0800][9.201s][gc,heap     ] GC(89)      Used:      166M (65%)         184M (72%)          52M (20%)          52M (20%)         200M (78%)          52M (20%)    
[2024-07-21T19:49:19.777+0800][9.201s][gc,heap     ] GC(89)      Live:         -                 6M (3%)            6M (3%)            6M (3%)             -                  -          
[2024-07-21T19:49:19.777+0800][9.201s][gc,heap     ] GC(89) Allocated:         -                18M (7%)           34M (13%)          34M (13%)            -                  -          
[2024-07-21T19:49:19.777+0800][9.202s][gc,heap     ] GC(89)   Garbage:         -               159M (62%)          11M (4%)           11M (4%)             -                  -          
[2024-07-21T19:49:19.777+0800][9.202s][gc,heap     ] GC(89) Reclaimed:         -                  -               148M (58%)         148M (58%)            -                  -          
[2024-07-21T19:49:19.777+0800][9.202s][gc          ] GC(89) Garbage Collection (Allocation Rate) 166M(65%)->52M(20%)
[2024-07-21T19:49:19.850+0800][9.275s][gc,start    ] GC(90) Garbage Collection (Allocation Rate)
[2024-07-21T19:49:19.850+0800][9.275s][gc,task     ] GC(90) Using 2 workers
[2024-07-21T19:49:19.850+0800][9.275s][gc,phases   ] GC(90) Pause Mark Start 0.009ms
[2024-07-21T19:49:19.866+0800][9.290s][gc,phases   ] GC(90) Concurrent Mark 15.080ms
[2024-07-21T19:49:19.866+0800][9.291s][gc,phases   ] GC(90) Pause Mark End 0.011ms
[2024-07-21T19:49:19.866+0800][9.291s][gc,phases   ] GC(90) Concurrent Mark Free 0.001ms
[2024-07-21T19:49:19.868+0800][9.293s][gc,phases   ] GC(90) Concurrent Process Non-Strong References 1.929ms
[2024-07-21T19:49:19.868+0800][9.293s][gc,phases   ] GC(90) Concurrent Reset Relocation Set 0.002ms
[2024-07-21T19:49:19.870+0800][9.295s][gc,phases   ] GC(90) Concurrent Select Relocation Set 2.219ms
[2024-07-21T19:49:19.871+0800][9.295s][gc,phases   ] GC(90) Pause Relocate Start 0.017ms
[2024-07-21T19:49:19.871+0800][9.296s][gc,phases   ] GC(90) Concurrent Relocate 0.812ms
[2024-07-21T19:49:19.872+0800][9.296s][gc,load     ] GC(90) Load: 0.00/0.00/0.00
[2024-07-21T19:49:19.872+0800][9.296s][gc,mmu      ] GC(90) MMU: 2ms/96.3%, 5ms/98.5%, 10ms/99.2%, 20ms/99.6%, 50ms/99.8%, 100ms/99.9%
[2024-07-21T19:49:19.872+0800][9.296s][gc,marking  ] GC(90) Mark: 2 stripe(s), 2 proactive flush(es), 1 terminate flush(es), 0 completion(s), 0 continuation(s) 
[2024-07-21T19:49:19.872+0800][9.296s][gc,marking  ] GC(90) Mark Stack Usage: 32M
[2024-07-21T19:49:19.872+0800][9.296s][gc,nmethod  ] GC(90) NMethods: 454 registered, 0 unregistered
[2024-07-21T19:49:19.872+0800][9.296s][gc,metaspace] GC(90) Metaspace: 1M used, 1M committed, 1032M reserved
[2024-07-21T19:49:19.872+0800][9.296s][gc,ref      ] GC(90) Soft: 93 encountered, 0 discovered, 0 enqueued
[2024-07-21T19:49:19.872+0800][9.296s][gc,ref      ] GC(90) Weak: 131 encountered, 95 discovered, 0 enqueued
[2024-07-21T19:49:19.872+0800][9.296s][gc,ref      ] GC(90) Final: 0 encountered, 0 discovered, 0 enqueued
[2024-07-21T19:49:19.872+0800][9.296s][gc,ref      ] GC(90) Phantom: 184 encountered, 157 discovered, 0 enqueued
[2024-07-21T19:49:19.872+0800][9.296s][gc,reloc    ] GC(90) Small Pages: 5 / 10M, Empty: 2M, Relocated: 1M, In-Place: 0
[2024-07-21T19:49:19.872+0800][9.296s][gc,reloc    ] GC(90) Medium Pages: 1 / 8M, Empty: 0M, Relocated: 0M, In-Place: 0
[2024-07-21T19:49:19.872+0800][9.297s][gc,reloc    ] GC(90) Large Pages: 60 / 120M, Empty: 118M, Relocated: 0M, In-Place: 0
[2024-07-21T19:49:19.872+0800][9.297s][gc,reloc    ] GC(90) Forwarding Usage: 0M
[2024-07-21T19:49:19.872+0800][9.297s][gc,heap     ] GC(90) Min Capacity: 8M(3%)
[2024-07-21T19:49:19.872+0800][9.297s][gc,heap     ] GC(90) Max Capacity: 256M(100%)
[2024-07-21T19:49:19.872+0800][9.297s][gc,heap     ] GC(90) Soft Max Capacity: 256M(100%)
[2024-07-21T19:49:19.872+0800][9.297s][gc,heap     ] GC(90)                Mark Start          Mark End        Relocate Start      Relocate End           High               Low         
[2024-07-21T19:49:19.872+0800][9.297s][gc,heap     ] GC(90)  Capacity:      256M (100%)        256M (100%)        256M (100%)        256M (100%)        256M (100%)        256M (100%)   
[2024-07-21T19:49:19.872+0800][9.297s][gc,heap     ] GC(90)      Free:      118M (46%)          98M (38%)         202M (79%)         202M (79%)         202M (79%)          82M (32%)    
[2024-07-21T19:49:19.872+0800][9.297s][gc,heap     ] GC(90)      Used:      138M (54%)         158M (62%)          54M (21%)          54M (21%)         174M (68%)          54M (21%)    
[2024-07-21T19:49:19.872+0800][9.297s][gc,heap     ] GC(90)      Live:         -                 6M (3%)            6M (3%)            6M (3%)             -                  -          
[2024-07-21T19:49:19.872+0800][9.297s][gc,heap     ] GC(90) Allocated:         -                20M (8%)           36M (14%)          36M (14%)            -                  -          
[2024-07-21T19:49:19.872+0800][9.297s][gc,heap     ] GC(90)   Garbage:         -               131M (51%)          11M (4%)           11M (4%)             -                  -          
[2024-07-21T19:49:19.872+0800][9.297s][gc,heap     ] GC(90) Reclaimed:         -                  -               120M (47%)         120M (47%)            -                  -          
[2024-07-21T19:49:19.872+0800][9.297s][gc          ] GC(90) Garbage Collection (Allocation Rate) 138M(54%)->54M(21%)
[2024-07-21T19:49:19.944+0800][9.369s][gc,start    ] GC(91) Garbage Collection (Allocation Rate)
[2024-07-21T19:49:19.944+0800][9.369s][gc,task     ] GC(91) Using 2 workers
[2024-07-21T19:49:19.944+0800][9.369s][gc,phases   ] GC(91) Pause Mark Start 0.011ms
[2024-07-21T19:49:19.960+0800][9.384s][gc,phases   ] GC(91) Concurrent Mark 15.102ms
[2024-07-21T19:49:19.960+0800][9.384s][gc,phases   ] GC(91) Pause Mark End 0.017ms
[2024-07-21T19:49:19.960+0800][9.385s][gc,phases   ] GC(91) Concurrent Mark Free 0.001ms
[2024-07-21T19:49:19.961+0800][9.387s][gc,phases   ] GC(91) Concurrent Process Non-Strong References 2.142ms
[2024-07-21T19:49:19.961+0800][9.387s][gc,phases   ] GC(91) Concurrent Reset Relocation Set 0.002ms
[2024-07-21T19:49:19.964+0800][9.390s][gc,phases   ] GC(91) Concurrent Select Relocation Set 2.847ms
[2024-07-21T19:49:19.964+0800][9.390s][gc,phases   ] GC(91) Pause Relocate Start 0.013ms
[2024-07-21T19:49:19.965+0800][9.391s][gc,phases   ] GC(91) Concurrent Relocate 0.843ms
[2024-07-21T19:49:19.965+0800][9.391s][gc,load     ] GC(91) Load: 0.00/0.00/0.00
[2024-07-21T19:49:19.965+0800][9.391s][gc,mmu      ] GC(91) MMU: 2ms/96.3%, 5ms/98.5%, 10ms/99.2%, 20ms/99.6%, 50ms/99.8%, 100ms/99.9%
[2024-07-21T19:49:19.965+0800][9.391s][gc,marking  ] GC(91) Mark: 2 stripe(s), 2 proactive flush(es), 1 terminate flush(es), 0 completion(s), 0 continuation(s) 
[2024-07-21T19:49:19.965+0800][9.391s][gc,marking  ] GC(91) Mark Stack Usage: 32M
[2024-07-21T19:49:19.965+0800][9.391s][gc,nmethod  ] GC(91) NMethods: 454 registered, 0 unregistered
[2024-07-21T19:49:19.965+0800][9.391s][gc,metaspace] GC(91) Metaspace: 1M used, 1M committed, 1032M reserved
[2024-07-21T19:49:19.967+0800][9.391s][gc,ref      ] GC(91) Soft: 93 encountered, 0 discovered, 0 enqueued
[2024-07-21T19:49:19.967+0800][9.391s][gc,ref      ] GC(91) Weak: 131 encountered, 93 discovered, 0 enqueued
[2024-07-21T19:49:19.967+0800][9.391s][gc,ref      ] GC(91) Final: 0 encountered, 0 discovered, 0 enqueued
[2024-07-21T19:49:19.967+0800][9.391s][gc,ref      ] GC(91) Phantom: 184 encountered, 102 discovered, 0 enqueued
[2024-07-21T19:49:19.967+0800][9.391s][gc,reloc    ] GC(91) Small Pages: 5 / 10M, Empty: 2M, Relocated: 1M, In-Place: 0
[2024-07-21T19:49:19.967+0800][9.391s][gc,reloc    ] GC(91) Medium Pages: 1 / 8M, Empty: 0M, Relocated: 0M, In-Place: 0
[2024-07-21T19:49:19.967+0800][9.391s][gc,reloc    ] GC(91) Large Pages: 61 / 122M, Empty: 120M, Relocated: 0M, In-Place: 0
[2024-07-21T19:49:19.967+0800][9.391s][gc,reloc    ] GC(91) Forwarding Usage: 0M
[2024-07-21T19:49:19.967+0800][9.391s][gc,heap     ] GC(91) Min Capacity: 8M(3%)
[2024-07-21T19:49:19.967+0800][9.391s][gc,heap     ] GC(91) Max Capacity: 256M(100%)
[2024-07-21T19:49:19.967+0800][9.391s][gc,heap     ] GC(91) Soft Max Capacity: 256M(100%)
[2024-07-21T19:49:19.967+0800][9.391s][gc,heap     ] GC(91)                Mark Start          Mark End        Relocate Start      Relocate End           High               Low         
[2024-07-21T19:49:19.967+0800][9.391s][gc,heap     ] GC(91)  Capacity:      256M (100%)        256M (100%)        256M (100%)        256M (100%)        256M (100%)        256M (100%)   
[2024-07-21T19:49:19.967+0800][9.391s][gc,heap     ] GC(91)      Free:      116M (45%)          98M (38%)         202M (79%)         202M (79%)         202M (79%)          80M (31%)    
[2024-07-21T19:49:19.967+0800][9.391s][gc,heap     ] GC(91)      Used:      140M (55%)         158M (62%)          54M (21%)          54M (21%)         176M (69%)          54M (21%)    
[2024-07-21T19:49:19.967+0800][9.391s][gc,heap     ] GC(91)      Live:         -                 6M (3%)            6M (3%)            6M (3%)             -                  -          
[2024-07-21T19:49:19.967+0800][9.391s][gc,heap     ] GC(91) Allocated:         -                18M (7%)           36M (14%)          36M (14%)            -                  -          
[2024-07-21T19:49:19.967+0800][9.391s][gc,heap     ] GC(91)   Garbage:         -               133M (52%)          11M (4%)           11M (4%)             -                  -          
[2024-07-21T19:49:19.967+0800][9.391s][gc,heap     ] GC(91) Reclaimed:         -                  -               122M (48%)         122M (48%)            -                  -          
[2024-07-21T19:49:19.967+0800][9.391s][gc          ] GC(91) Garbage Collection (Allocation Rate) 140M(55%)->54M(21%)
[2024-07-21T19:49:20.055+0800][9.479s][gc,start    ] GC(92) Garbage Collection (Allocation Rate)
[2024-07-21T19:49:20.055+0800][9.480s][gc,task     ] GC(92) Using 2 workers
[2024-07-21T19:49:20.055+0800][9.480s][gc,phases   ] GC(92) Pause Mark Start 0.009ms
[2024-07-21T19:49:20.071+0800][9.495s][gc,phases   ] GC(92) Concurrent Mark 15.079ms
[2024-07-21T19:49:20.071+0800][9.495s][gc,phases   ] GC(92) Pause Mark End 0.020ms
[2024-07-21T19:49:20.071+0800][9.495s][gc,phases   ] GC(92) Concurrent Mark Free 0.001ms
[2024-07-21T19:49:20.071+0800][9.497s][gc,phases   ] GC(92) Concurrent Process Non-Strong References 1.276ms
[2024-07-21T19:49:20.071+0800][9.497s][gc,phases   ] GC(92) Concurrent Reset Relocation Set 0.002ms
[2024-07-21T19:49:20.074+0800][9.499s][gc,phases   ] GC(92) Concurrent Select Relocation Set 2.229ms
[2024-07-21T19:49:20.074+0800][9.499s][gc,phases   ] GC(92) Pause Relocate Start 0.013ms
[2024-07-21T19:49:20.075+0800][9.501s][gc,phases   ] GC(92) Concurrent Relocate 1.210ms
[2024-07-21T19:49:20.075+0800][9.501s][gc,load     ] GC(92) Load: 0.00/0.00/0.00
[2024-07-21T19:49:20.075+0800][9.501s][gc,mmu      ] GC(92) MMU: 2ms/96.3%, 5ms/98.5%, 10ms/99.2%, 20ms/99.6%, 50ms/99.8%, 100ms/99.9%
[2024-07-21T19:49:20.075+0800][9.501s][gc,marking  ] GC(92) Mark: 2 stripe(s), 2 proactive flush(es), 1 terminate flush(es), 0 completion(s), 0 continuation(s) 
[2024-07-21T19:49:20.075+0800][9.501s][gc,marking  ] GC(92) Mark Stack Usage: 32M
[2024-07-21T19:49:20.075+0800][9.501s][gc,nmethod  ] GC(92) NMethods: 454 registered, 0 unregistered
[2024-07-21T19:49:20.075+0800][9.501s][gc,metaspace] GC(92) Metaspace: 1M used, 1M committed, 1032M reserved
[2024-07-21T19:49:20.075+0800][9.501s][gc,ref      ] GC(92) Soft: 93 encountered, 0 discovered, 0 enqueued
[2024-07-21T19:49:20.075+0800][9.501s][gc,ref      ] GC(92) Weak: 131 encountered, 0 discovered, 0 enqueued
[2024-07-21T19:49:20.075+0800][9.501s][gc,ref      ] GC(92) Final: 0 encountered, 0 discovered, 0 enqueued
[2024-07-21T19:49:20.075+0800][9.501s][gc,ref      ] GC(92) Phantom: 184 encountered, 118 discovered, 0 enqueued
[2024-07-21T19:49:20.075+0800][9.501s][gc,reloc    ] GC(92) Small Pages: 5 / 10M, Empty: 2M, Relocated: 1M, In-Place: 0
[2024-07-21T19:49:20.076+0800][9.501s][gc,reloc    ] GC(92) Medium Pages: 1 / 8M, Empty: 0M, Relocated: 0M, In-Place: 0
[2024-07-21T19:49:20.076+0800][9.501s][gc,reloc    ] GC(92) Large Pages: 71 / 142M, Empty: 136M, Relocated: 0M, In-Place: 0
[2024-07-21T19:49:20.076+0800][9.501s][gc,reloc    ] GC(92) Forwarding Usage: 0M
[2024-07-21T19:49:20.076+0800][9.501s][gc,heap     ] GC(92) Min Capacity: 8M(3%)
[2024-07-21T19:49:20.076+0800][9.501s][gc,heap     ] GC(92) Max Capacity: 256M(100%)
[2024-07-21T19:49:20.076+0800][9.501s][gc,heap     ] GC(92) Soft Max Capacity: 256M(100%)
[2024-07-21T19:49:20.076+0800][9.501s][gc,heap     ] GC(92)                Mark Start          Mark End        Relocate Start      Relocate End           High               Low         
[2024-07-21T19:49:20.076+0800][9.501s][gc,heap     ] GC(92)  Capacity:      256M (100%)        256M (100%)        256M (100%)        256M (100%)        256M (100%)        256M (100%)   
[2024-07-21T19:49:20.076+0800][9.501s][gc,heap     ] GC(92)      Free:       96M (38%)          76M (30%)         198M (77%)         198M (77%)         198M (77%)          60M (23%)    
[2024-07-21T19:49:20.076+0800][9.501s][gc,heap     ] GC(92)      Used:      160M (62%)         180M (70%)          58M (23%)          58M (23%)         196M (77%)          58M (23%)    
[2024-07-21T19:49:20.076+0800][9.501s][gc,heap     ] GC(92)      Live:         -                10M (4%)           10M (4%)           10M (4%)             -                  -          
[2024-07-21T19:49:20.076+0800][9.501s][gc,heap     ] GC(92) Allocated:         -                20M (8%)           36M (14%)          36M (14%)            -                  -          
[2024-07-21T19:49:20.076+0800][9.501s][gc,heap     ] GC(92)   Garbage:         -               149M (58%)          11M (4%)           11M (4%)             -                  -          
[2024-07-21T19:49:20.076+0800][9.502s][gc,heap     ] GC(92) Reclaimed:         -                  -               138M (54%)         138M (54%)            -                  -          
[2024-07-21T19:49:20.076+0800][9.502s][gc          ] GC(92) Garbage Collection (Allocation Rate) 160M(62%)->58M(23%)
[2024-07-21T19:49:20.150+0800][9.574s][gc,start    ] GC(93) Garbage Collection (Allocation Rate)
[2024-07-21T19:49:20.150+0800][9.574s][gc,task     ] GC(93) Using 2 workers
[2024-07-21T19:49:20.150+0800][9.574s][gc,phases   ] GC(93) Pause Mark Start 0.006ms
[2024-07-21T19:49:20.166+0800][9.590s][gc,phases   ] GC(93) Concurrent Mark 15.587ms
[2024-07-21T19:49:20.166+0800][9.590s][gc,phases   ] GC(93) Pause Mark End 0.013ms
[2024-07-21T19:49:20.166+0800][9.590s][gc,phases   ] GC(93) Concurrent Mark Free 0.001ms
[2024-07-21T19:49:20.167+0800][9.592s][gc,phases   ] GC(93) Concurrent Process Non-Strong References 1.512ms
[2024-07-21T19:49:20.167+0800][9.592s][gc,phases   ] GC(93) Concurrent Reset Relocation Set 0.002ms
[2024-07-21T19:49:20.170+0800][9.594s][gc,phases   ] GC(93) Concurrent Select Relocation Set 1.999ms
[2024-07-21T19:49:20.170+0800][9.594s][gc,phases   ] GC(93) Pause Relocate Start 0.011ms
[2024-07-21T19:49:20.170+0800][9.595s][gc,phases   ] GC(93) Concurrent Relocate 0.850ms
[2024-07-21T19:49:20.170+0800][9.595s][gc,load     ] GC(93) Load: 0.00/0.00/0.00
[2024-07-21T19:49:20.170+0800][9.595s][gc,mmu      ] GC(93) MMU: 2ms/96.3%, 5ms/98.5%, 10ms/99.2%, 20ms/99.6%, 50ms/99.8%, 100ms/99.9%
[2024-07-21T19:49:20.170+0800][9.595s][gc,marking  ] GC(93) Mark: 2 stripe(s), 2 proactive flush(es), 1 terminate flush(es), 0 completion(s), 0 continuation(s) 
[2024-07-21T19:49:20.170+0800][9.595s][gc,marking  ] GC(93) Mark Stack Usage: 32M
[2024-07-21T19:49:20.170+0800][9.595s][gc,nmethod  ] GC(93) NMethods: 454 registered, 0 unregistered
[2024-07-21T19:49:20.170+0800][9.595s][gc,metaspace] GC(93) Metaspace: 1M used, 1M committed, 1032M reserved
[2024-07-21T19:49:20.170+0800][9.595s][gc,ref      ] GC(93) Soft: 93 encountered, 0 discovered, 0 enqueued
[2024-07-21T19:49:20.170+0800][9.595s][gc,ref      ] GC(93) Weak: 131 encountered, 0 discovered, 0 enqueued
[2024-07-21T19:49:20.170+0800][9.595s][gc,ref      ] GC(93) Final: 0 encountered, 0 discovered, 0 enqueued
[2024-07-21T19:49:20.170+0800][9.595s][gc,ref      ] GC(93) Phantom: 184 encountered, 130 discovered, 0 enqueued
[2024-07-21T19:49:20.170+0800][9.595s][gc,reloc    ] GC(93) Small Pages: 5 / 10M, Empty: 2M, Relocated: 1M, In-Place: 0
[2024-07-21T19:49:20.170+0800][9.595s][gc,reloc    ] GC(93) Medium Pages: 1 / 8M, Empty: 0M, Relocated: 0M, In-Place: 0
[2024-07-21T19:49:20.170+0800][9.596s][gc,reloc    ] GC(93) Large Pages: 64 / 128M, Empty: 120M, Relocated: 0M, In-Place: 0
[2024-07-21T19:49:20.170+0800][9.596s][gc,reloc    ] GC(93) Forwarding Usage: 0M
[2024-07-21T19:49:20.170+0800][9.596s][gc,heap     ] GC(93) Min Capacity: 8M(3%)
[2024-07-21T19:49:20.170+0800][9.596s][gc,heap     ] GC(93) Max Capacity: 256M(100%)
[2024-07-21T19:49:20.170+0800][9.596s][gc,heap     ] GC(93) Soft Max Capacity: 256M(100%)
[2024-07-21T19:49:20.170+0800][9.596s][gc,heap     ] GC(93)                Mark Start          Mark End        Relocate Start      Relocate End           High               Low         
[2024-07-21T19:49:20.170+0800][9.596s][gc,heap     ] GC(93)  Capacity:      256M (100%)        256M (100%)        256M (100%)        256M (100%)        256M (100%)        256M (100%)   
[2024-07-21T19:49:20.170+0800][9.596s][gc,heap     ] GC(93)      Free:      110M (43%)          92M (36%)         198M (77%)         198M (77%)         198M (77%)          76M (30%)    
[2024-07-21T19:49:20.170+0800][9.596s][gc,heap     ] GC(93)      Used:      146M (57%)         164M (64%)          58M (23%)          58M (23%)         180M (70%)          58M (23%)    
[2024-07-21T19:49:20.170+0800][9.596s][gc,heap     ] GC(93)      Live:         -                12M (5%)           12M (5%)           12M (5%)             -                  -          
[2024-07-21T19:49:20.170+0800][9.596s][gc,heap     ] GC(93) Allocated:         -                18M (7%)           34M (13%)          34M (13%)            -                  -          
[2024-07-21T19:49:20.170+0800][9.596s][gc,heap     ] GC(93)   Garbage:         -               133M (52%)          11M (4%)           11M (4%)             -                  -          
[2024-07-21T19:49:20.170+0800][9.596s][gc,heap     ] GC(93) Reclaimed:         -                  -               122M (48%)         122M (48%)            -                  -          
[2024-07-21T19:49:20.170+0800][9.596s][gc          ] GC(93) Garbage Collection (Allocation Rate) 146M(57%)->58M(23%)
[2024-07-21T19:49:20.243+0800][9.668s][gc,start    ] GC(94) Garbage Collection (Allocation Rate)
[2024-07-21T19:49:20.243+0800][9.668s][gc,task     ] GC(94) Using 2 workers
[2024-07-21T19:49:20.243+0800][9.668s][gc,phases   ] GC(94) Pause Mark Start 0.018ms
[2024-07-21T19:49:20.258+0800][9.683s][gc,phases   ] GC(94) Concurrent Mark 14.648ms
[2024-07-21T19:49:20.258+0800][9.683s][gc,phases   ] GC(94) Pause Mark End 0.012ms
[2024-07-21T19:49:20.258+0800][9.683s][gc,phases   ] GC(94) Concurrent Mark Free 0.002ms
[2024-07-21T19:49:20.260+0800][9.685s][gc,phases   ] GC(94) Concurrent Process Non-Strong References 1.207ms
[2024-07-21T19:49:20.260+0800][9.685s][gc,phases   ] GC(94) Concurrent Reset Relocation Set 0.001ms
[2024-07-21T19:49:20.261+0800][9.686s][gc,phases   ] GC(94) Concurrent Select Relocation Set 1.573ms
[2024-07-21T19:49:20.262+0800][9.686s][gc,phases   ] GC(94) Pause Relocate Start 0.006ms
[2024-07-21T19:49:20.262+0800][9.687s][gc,phases   ] GC(94) Concurrent Relocate 0.768ms
[2024-07-21T19:49:20.262+0800][9.687s][gc,load     ] GC(94) Load: 0.00/0.00/0.00
[2024-07-21T19:49:20.262+0800][9.687s][gc,mmu      ] GC(94) MMU: 2ms/96.3%, 5ms/98.5%, 10ms/99.2%, 20ms/99.6%, 50ms/99.8%, 100ms/99.9%
[2024-07-21T19:49:20.262+0800][9.687s][gc,marking  ] GC(94) Mark: 2 stripe(s), 2 proactive flush(es), 1 terminate flush(es), 0 completion(s), 0 continuation(s) 
[2024-07-21T19:49:20.262+0800][9.687s][gc,marking  ] GC(94) Mark Stack Usage: 32M
[2024-07-21T19:49:20.262+0800][9.687s][gc,nmethod  ] GC(94) NMethods: 454 registered, 0 unregistered
[2024-07-21T19:49:20.262+0800][9.687s][gc,metaspace] GC(94) Metaspace: 1M used, 1M committed, 1032M reserved
[2024-07-21T19:49:20.263+0800][9.687s][gc,ref      ] GC(94) Soft: 93 encountered, 0 discovered, 0 enqueued
[2024-07-21T19:49:20.263+0800][9.687s][gc,ref      ] GC(94) Weak: 131 encountered, 0 discovered, 0 enqueued
[2024-07-21T19:49:20.263+0800][9.687s][gc,ref      ] GC(94) Final: 0 encountered, 0 discovered, 0 enqueued
[2024-07-21T19:49:20.263+0800][9.687s][gc,ref      ] GC(94) Phantom: 184 encountered, 179 discovered, 0 enqueued
[2024-07-21T19:49:20.263+0800][9.687s][gc,reloc    ] GC(94) Small Pages: 5 / 10M, Empty: 2M, Relocated: 1M, In-Place: 0
[2024-07-21T19:49:20.263+0800][9.688s][gc,reloc    ] GC(94) Medium Pages: 1 / 8M, Empty: 0M, Relocated: 0M, In-Place: 0
[2024-07-21T19:49:20.263+0800][9.688s][gc,reloc    ] GC(94) Large Pages: 62 / 124M, Empty: 120M, Relocated: 0M, In-Place: 0
[2024-07-21T19:49:20.263+0800][9.688s][gc,reloc    ] GC(94) Forwarding Usage: 0M
[2024-07-21T19:49:20.263+0800][9.688s][gc,heap     ] GC(94) Min Capacity: 8M(3%)
[2024-07-21T19:49:20.263+0800][9.688s][gc,heap     ] GC(94) Max Capacity: 256M(100%)
[2024-07-21T19:49:20.263+0800][9.688s][gc,heap     ] GC(94) Soft Max Capacity: 256M(100%)
[2024-07-21T19:49:20.263+0800][9.688s][gc,heap     ] GC(94)                Mark Start          Mark End        Relocate Start      Relocate End           High               Low         
[2024-07-21T19:49:20.263+0800][9.688s][gc,heap     ] GC(94)  Capacity:      256M (100%)        256M (100%)        256M (100%)        256M (100%)        256M (100%)        256M (100%)   
[2024-07-21T19:49:20.263+0800][9.688s][gc,heap     ] GC(94)      Free:      114M (45%)          94M (37%)         198M (77%)         198M (77%)         198M (77%)          76M (30%)    
[2024-07-21T19:49:20.263+0800][9.688s][gc,heap     ] GC(94)      Used:      142M (55%)         162M (63%)          58M (23%)          58M (23%)         180M (70%)          58M (23%)    
[2024-07-21T19:49:20.263+0800][9.688s][gc,heap     ] GC(94)      Live:         -                 8M (3%)            8M (3%)            8M (3%)             -                  -          
[2024-07-21T19:49:20.263+0800][9.688s][gc,heap     ] GC(94) Allocated:         -                20M (8%)           38M (15%)          38M (15%)            -                  -          
[2024-07-21T19:49:20.263+0800][9.688s][gc,heap     ] GC(94)   Garbage:         -               133M (52%)          11M (4%)           11M (4%)             -                  -          
[2024-07-21T19:49:20.263+0800][9.688s][gc,heap     ] GC(94) Reclaimed:         -                  -               122M (48%)         122M (48%)            -                  -          
[2024-07-21T19:49:20.263+0800][9.688s][gc          ] GC(94) Garbage Collection (Allocation Rate) 142M(55%)->58M(23%)
[2024-07-21T19:49:20.353+0800][9.778s][gc,start    ] GC(95) Garbage Collection (Allocation Rate)
[2024-07-21T19:49:20.353+0800][9.778s][gc,task     ] GC(95) Using 2 workers
[2024-07-21T19:49:20.353+0800][9.778s][gc,phases   ] GC(95) Pause Mark Start 0.011ms
[2024-07-21T19:49:20.369+0800][9.794s][gc,phases   ] GC(95) Concurrent Mark 15.450ms
[2024-07-21T19:49:20.369+0800][9.794s][gc,phases   ] GC(95) Pause Mark End 0.009ms
[2024-07-21T19:49:20.369+0800][9.794s][gc,phases   ] GC(95) Concurrent Mark Free 0.001ms
[2024-07-21T19:49:20.370+0800][9.795s][gc,phases   ] GC(95) Concurrent Process Non-Strong References 1.108ms
[2024-07-21T19:49:20.371+0800][9.795s][gc,phases   ] GC(95) Concurrent Reset Relocation Set 0.001ms
[2024-07-21T19:49:20.373+0800][9.798s][gc,phases   ] GC(95) Concurrent Select Relocation Set 2.111ms
[2024-07-21T19:49:20.373+0800][9.798s][gc,phases   ] GC(95) Pause Relocate Start 0.013ms
[2024-07-21T19:49:20.374+0800][9.799s][gc,phases   ] GC(95) Concurrent Relocate 0.892ms
[2024-07-21T19:49:20.374+0800][9.799s][gc,load     ] GC(95) Load: 0.00/0.00/0.00
[2024-07-21T19:49:20.374+0800][9.799s][gc,mmu      ] GC(95) MMU: 2ms/96.3%, 5ms/98.5%, 10ms/99.2%, 20ms/99.6%, 50ms/99.8%, 100ms/99.9%
[2024-07-21T19:49:20.374+0800][9.799s][gc,marking  ] GC(95) Mark: 2 stripe(s), 2 proactive flush(es), 1 terminate flush(es), 0 completion(s), 0 continuation(s) 
[2024-07-21T19:49:20.374+0800][9.799s][gc,marking  ] GC(95) Mark Stack Usage: 32M
[2024-07-21T19:49:20.374+0800][9.799s][gc,nmethod  ] GC(95) NMethods: 454 registered, 0 unregistered
[2024-07-21T19:49:20.374+0800][9.799s][gc,metaspace] GC(95) Metaspace: 1M used, 1M committed, 1032M reserved
[2024-07-21T19:49:20.374+0800][9.799s][gc,ref      ] GC(95) Soft: 93 encountered, 0 discovered, 0 enqueued
[2024-07-21T19:49:20.374+0800][9.799s][gc,ref      ] GC(95) Weak: 131 encountered, 108 discovered, 0 enqueued
[2024-07-21T19:49:20.374+0800][9.799s][gc,ref      ] GC(95) Final: 0 encountered, 0 discovered, 0 enqueued
[2024-07-21T19:49:20.374+0800][9.799s][gc,ref      ] GC(95) Phantom: 184 encountered, 159 discovered, 0 enqueued
[2024-07-21T19:49:20.374+0800][9.799s][gc,reloc    ] GC(95) Small Pages: 5 / 10M, Empty: 2M, Relocated: 1M, In-Place: 0
[2024-07-21T19:49:20.374+0800][9.799s][gc,reloc    ] GC(95) Medium Pages: 1 / 8M, Empty: 0M, Relocated: 0M, In-Place: 0
[2024-07-21T19:49:20.374+0800][9.799s][gc,reloc    ] GC(95) Large Pages: 73 / 146M, Empty: 144M, Relocated: 0M, In-Place: 0
[2024-07-21T19:49:20.374+0800][9.799s][gc,reloc    ] GC(95) Forwarding Usage: 0M
[2024-07-21T19:49:20.374+0800][9.799s][gc,heap     ] GC(95) Min Capacity: 8M(3%)
[2024-07-21T19:49:20.374+0800][9.799s][gc,heap     ] GC(95) Max Capacity: 256M(100%)
[2024-07-21T19:49:20.374+0800][9.799s][gc,heap     ] GC(95) Soft Max Capacity: 256M(100%)
[2024-07-21T19:49:20.374+0800][9.799s][gc,heap     ] GC(95)                Mark Start          Mark End        Relocate Start      Relocate End           High               Low         
[2024-07-21T19:49:20.374+0800][9.799s][gc,heap     ] GC(95)  Capacity:      256M (100%)        256M (100%)        256M (100%)        256M (100%)        256M (100%)        256M (100%)   
[2024-07-21T19:49:20.374+0800][9.799s][gc,heap     ] GC(95)      Free:       92M (36%)          70M (27%)         202M (79%)         202M (79%)         202M (79%)          56M (22%)    
[2024-07-21T19:49:20.374+0800][9.799s][gc,heap     ] GC(95)      Used:      164M (64%)         186M (73%)          54M (21%)          54M (21%)         200M (78%)          54M (21%)    
[2024-07-21T19:49:20.374+0800][9.799s][gc,heap     ] GC(95)      Live:         -                 6M (3%)            6M (3%)            6M (3%)             -                  -          
[2024-07-21T19:49:20.374+0800][9.799s][gc,heap     ] GC(95) Allocated:         -                22M (9%)           36M (14%)          36M (14%)            -                  -          
[2024-07-21T19:49:20.374+0800][9.799s][gc,heap     ] GC(95)   Garbage:         -               157M (61%)          11M (4%)           11M (4%)             -                  -          
[2024-07-21T19:49:20.374+0800][9.799s][gc,heap     ] GC(95) Reclaimed:         -                  -               146M (57%)         146M (57%)            -                  -          
[2024-07-21T19:49:20.374+0800][9.799s][gc          ] GC(95) Garbage Collection (Allocation Rate) 164M(64%)->54M(21%)
[2024-07-21T19:49:20.449+0800][9.873s][gc,start    ] GC(96) Garbage Collection (Allocation Rate)
[2024-07-21T19:49:20.449+0800][9.874s][gc,task     ] GC(96) Using 2 workers
[2024-07-21T19:49:20.449+0800][9.874s][gc,phases   ] GC(96) Pause Mark Start 0.008ms
[2024-07-21T19:49:20.465+0800][9.889s][gc,phases   ] GC(96) Concurrent Mark 15.294ms
[2024-07-21T19:49:20.465+0800][9.890s][gc,phases   ] GC(96) Pause Mark End 0.011ms
[2024-07-21T19:49:20.465+0800][9.890s][gc,phases   ] GC(96) Concurrent Mark Free 0.002ms
[2024-07-21T19:49:20.466+0800][9.891s][gc,phases   ] GC(96) Concurrent Process Non-Strong References 1.194ms
[2024-07-21T19:49:20.466+0800][9.891s][gc,phases   ] GC(96) Concurrent Reset Relocation Set 0.001ms
[2024-07-21T19:49:20.467+0800][9.893s][gc,phases   ] GC(96) Concurrent Select Relocation Set 1.613ms
[2024-07-21T19:49:20.468+0800][9.893s][gc,phases   ] GC(96) Pause Relocate Start 0.006ms
[2024-07-21T19:49:20.469+0800][9.894s][gc,phases   ] GC(96) Concurrent Relocate 0.772ms
[2024-07-21T19:49:20.469+0800][9.894s][gc,load     ] GC(96) Load: 0.00/0.00/0.00
[2024-07-21T19:49:20.469+0800][9.894s][gc,mmu      ] GC(96) MMU: 2ms/96.3%, 5ms/98.5%, 10ms/99.2%, 20ms/99.6%, 50ms/99.8%, 100ms/99.9%
[2024-07-21T19:49:20.469+0800][9.894s][gc,marking  ] GC(96) Mark: 2 stripe(s), 2 proactive flush(es), 1 terminate flush(es), 0 completion(s), 0 continuation(s) 
[2024-07-21T19:49:20.469+0800][9.894s][gc,marking  ] GC(96) Mark Stack Usage: 32M
[2024-07-21T19:49:20.469+0800][9.894s][gc,nmethod  ] GC(96) NMethods: 454 registered, 0 unregistered
[2024-07-21T19:49:20.469+0800][9.894s][gc,metaspace] GC(96) Metaspace: 1M used, 1M committed, 1032M reserved
[2024-07-21T19:49:20.469+0800][9.894s][gc,ref      ] GC(96) Soft: 93 encountered, 0 discovered, 0 enqueued
[2024-07-21T19:49:20.469+0800][9.894s][gc,ref      ] GC(96) Weak: 131 encountered, 93 discovered, 0 enqueued
[2024-07-21T19:49:20.469+0800][9.894s][gc,ref      ] GC(96) Final: 0 encountered, 0 discovered, 0 enqueued
[2024-07-21T19:49:20.469+0800][9.894s][gc,ref      ] GC(96) Phantom: 184 encountered, 103 discovered, 0 enqueued
[2024-07-21T19:49:20.469+0800][9.894s][gc,reloc    ] GC(96) Small Pages: 5 / 10M, Empty: 2M, Relocated: 1M, In-Place: 0
[2024-07-21T19:49:20.469+0800][9.894s][gc,reloc    ] GC(96) Medium Pages: 1 / 8M, Empty: 0M, Relocated: 0M, In-Place: 0
[2024-07-21T19:49:20.469+0800][9.894s][gc,reloc    ] GC(96) Large Pages: 63 / 126M, Empty: 124M, Relocated: 0M, In-Place: 0
[2024-07-21T19:49:20.469+0800][9.894s][gc,reloc    ] GC(96) Forwarding Usage: 0M
[2024-07-21T19:49:20.469+0800][9.894s][gc,heap     ] GC(96) Min Capacity: 8M(3%)
[2024-07-21T19:49:20.469+0800][9.894s][gc,heap     ] GC(96) Max Capacity: 256M(100%)
[2024-07-21T19:49:20.469+0800][9.894s][gc,heap     ] GC(96) Soft Max Capacity: 256M(100%)
[2024-07-21T19:49:20.469+0800][9.894s][gc,heap     ] GC(96)                Mark Start          Mark End        Relocate Start      Relocate End           High               Low         
[2024-07-21T19:49:20.469+0800][9.894s][gc,heap     ] GC(96)  Capacity:      256M (100%)        256M (100%)        256M (100%)        256M (100%)        256M (100%)        256M (100%)   
[2024-07-21T19:49:20.469+0800][9.894s][gc,heap     ] GC(96)      Free:      112M (44%)          96M (38%)         206M (80%)         206M (80%)         206M (80%)          80M (31%)    
[2024-07-21T19:49:20.469+0800][9.894s][gc,heap     ] GC(96)      Used:      144M (56%)         160M (62%)          50M (20%)          50M (20%)         176M (69%)          50M (20%)    
[2024-07-21T19:49:20.469+0800][9.894s][gc,heap     ] GC(96)      Live:         -                 6M (3%)            6M (3%)            6M (3%)             -                  -          
[2024-07-21T19:49:20.469+0800][9.894s][gc,heap     ] GC(96) Allocated:         -                16M (6%)           32M (12%)          32M (12%)            -                  -          
[2024-07-21T19:49:20.469+0800][9.894s][gc,heap     ] GC(96)   Garbage:         -               137M (54%)          11M (4%)           11M (4%)             -                  -          
[2024-07-21T19:49:20.469+0800][9.894s][gc,heap     ] GC(96) Reclaimed:         -                  -               126M (49%)         126M (49%)            -                  -          
[2024-07-21T19:49:20.469+0800][9.894s][gc          ] GC(96) Garbage Collection (Allocation Rate) 144M(56%)->50M(20%)
[2024-07-21T19:49:20.544+0800][9.969s][gc,start    ] GC(97) Garbage Collection (Allocation Rate)
[2024-07-21T19:49:20.545+0800][9.969s][gc,task     ] GC(97) Using 2 workers
[2024-07-21T19:49:20.545+0800][9.970s][gc,phases   ] GC(97) Pause Mark Start 0.007ms
[2024-07-21T19:49:20.560+0800][9.985s][gc,phases   ] GC(97) Concurrent Mark 15.414ms
[2024-07-21T19:49:20.560+0800][9.985s][gc,phases   ] GC(97) Pause Mark End 0.033ms
[2024-07-21T19:49:20.561+0800][9.986s][gc,phases   ] GC(97) Concurrent Mark Free 0.004ms
[2024-07-21T19:49:20.563+0800][9.988s][gc,phases   ] GC(97) Concurrent Process Non-Strong References 1.812ms
[2024-07-21T19:49:20.563+0800][9.988s][gc,phases   ] GC(97) Concurrent Reset Relocation Set 0.001ms
[2024-07-21T19:49:20.565+0800][9.990s][gc,phases   ] GC(97) Concurrent Select Relocation Set 2.154ms
[2024-07-21T19:49:20.565+0800][9.991s][gc,phases   ] GC(97) Pause Relocate Start 0.011ms
[2024-07-21T19:49:20.566+0800][9.991s][gc,phases   ] GC(97) Concurrent Relocate 0.895ms
[2024-07-21T19:49:20.566+0800][9.992s][gc,load     ] GC(97) Load: 0.00/0.00/0.00
[2024-07-21T19:49:20.566+0800][9.992s][gc,mmu      ] GC(97) MMU: 2ms/96.3%, 5ms/98.5%, 10ms/99.2%, 20ms/99.6%, 50ms/99.8%, 100ms/99.9%
[2024-07-21T19:49:20.566+0800][9.992s][gc,marking  ] GC(97) Mark: 2 stripe(s), 2 proactive flush(es), 1 terminate flush(es), 0 completion(s), 0 continuation(s) 
[2024-07-21T19:49:20.566+0800][9.992s][gc,marking  ] GC(97) Mark Stack Usage: 32M
[2024-07-21T19:49:20.566+0800][9.992s][gc,nmethod  ] GC(97) NMethods: 454 registered, 0 unregistered
[2024-07-21T19:49:20.566+0800][9.992s][gc,metaspace] GC(97) Metaspace: 1M used, 1M committed, 1032M reserved
[2024-07-21T19:49:20.566+0800][9.992s][gc,ref      ] GC(97) Soft: 93 encountered, 0 discovered, 0 enqueued
[2024-07-21T19:49:20.566+0800][9.992s][gc,ref      ] GC(97) Weak: 131 encountered, 0 discovered, 0 enqueued
[2024-07-21T19:49:20.566+0800][9.992s][gc,ref      ] GC(97) Final: 0 encountered, 0 discovered, 0 enqueued
[2024-07-21T19:49:20.566+0800][9.992s][gc,ref      ] GC(97) Phantom: 184 encountered, 131 discovered, 0 enqueued
[2024-07-21T19:49:20.566+0800][9.992s][gc,reloc    ] GC(97) Small Pages: 5 / 10M, Empty: 2M, Relocated: 1M, In-Place: 0
[2024-07-21T19:49:20.566+0800][9.992s][gc,reloc    ] GC(97) Medium Pages: 1 / 8M, Empty: 0M, Relocated: 0M, In-Place: 0
[2024-07-21T19:49:20.566+0800][9.992s][gc,reloc    ] GC(97) Large Pages: 59 / 118M, Empty: 116M, Relocated: 0M, In-Place: 0
[2024-07-21T19:49:20.566+0800][9.992s][gc,reloc    ] GC(97) Forwarding Usage: 0M
[2024-07-21T19:49:20.566+0800][9.992s][gc,heap     ] GC(97) Min Capacity: 8M(3%)
[2024-07-21T19:49:20.566+0800][9.992s][gc,heap     ] GC(97) Max Capacity: 256M(100%)
[2024-07-21T19:49:20.566+0800][9.992s][gc,heap     ] GC(97) Soft Max Capacity: 256M(100%)
[2024-07-21T19:49:20.567+0800][9.992s][gc,heap     ] GC(97)                Mark Start          Mark End        Relocate Start      Relocate End           High               Low         
[2024-07-21T19:49:20.567+0800][9.992s][gc,heap     ] GC(97)  Capacity:      256M (100%)        256M (100%)        256M (100%)        256M (100%)        256M (100%)        256M (100%)   
[2024-07-21T19:49:20.567+0800][9.992s][gc,heap     ] GC(97)      Free:      120M (47%)         102M (40%)         202M (79%)         202M (79%)         202M (79%)          84M (33%)    
[2024-07-21T19:49:20.567+0800][9.992s][gc,heap     ] GC(97)      Used:      136M (53%)         154M (60%)          54M (21%)          54M (21%)         172M (67%)          54M (21%)    
[2024-07-21T19:49:20.567+0800][9.992s][gc,heap     ] GC(97)      Live:         -                 6M (3%)            6M (3%)            6M (3%)             -                  -          
[2024-07-21T19:49:20.567+0800][9.992s][gc,heap     ] GC(97) Allocated:         -                18M (7%)           36M (14%)          36M (14%)            -                  -          
[2024-07-21T19:49:20.567+0800][9.992s][gc,heap     ] GC(97)   Garbage:         -               129M (51%)          11M (4%)           11M (4%)             -                  -          
[2024-07-21T19:49:20.567+0800][9.992s][gc,heap     ] GC(97) Reclaimed:         -                  -               118M (46%)         118M (46%)            -                  -          
[2024-07-21T19:49:20.567+0800][9.992s][gc          ] GC(97) Garbage Collection (Allocation Rate) 136M(53%)->54M(21%)
[2024-07-21T19:49:20.655+0800][10.079s][gc,start    ] GC(98) Garbage Collection (Allocation Rate)
[2024-07-21T19:49:20.655+0800][10.079s][gc,stats    ] === Garbage Collection Statistics =======================================================================================================================
[2024-07-21T19:49:20.655+0800][10.079s][gc,task     ] GC(98) Using 2 workers
[2024-07-21T19:49:20.655+0800][10.080s][gc,stats    ]                                                              Last 10s              Last 10m              Last 10h                Total
[2024-07-21T19:49:20.655+0800][10.080s][gc,stats    ]                                                              Avg / Max             Avg / Max             Avg / Max             Avg / Max
[2024-07-21T19:49:20.655+0800][10.080s][gc,phases   ] GC(98) Pause Mark Start 0.014ms
[2024-07-21T19:49:20.655+0800][10.080s][gc,stats    ]   Collector: Garbage Collection Cycle                     21.116 / 26.833       21.116 / 26.833       21.116 / 26.833       21.116 / 26.833      ms
[2024-07-21T19:49:20.655+0800][10.080s][gc,stats    ]  Contention: Mark Segment Reset Contention                     2 / 6                 2 / 6                 2 / 6                 2 / 6           ops/s
[2024-07-21T19:49:20.655+0800][10.080s][gc,stats    ]  Contention: Mark SeqNum Reset Contention                      0 / 3                 0 / 3                 0 / 3                 0 / 3           ops/s
[2024-07-21T19:49:20.655+0800][10.080s][gc,stats    ]    Critical: Allocation Stall                                  0 / 0                 0 / 0                 0 / 0                 0 / 0           ops/s
[2024-07-21T19:49:20.655+0800][10.080s][gc,stats    ]    Critical: Allocation Stall                              0.000 / 0.000         0.000 / 0.000         0.000 / 0.000         0.000 / 0.000       ms
[2024-07-21T19:49:20.655+0800][10.080s][gc,stats    ]    Critical: GC Locker Stall                                   0 / 0                 0 / 0                 0 / 0                 0 / 0           ops/s
[2024-07-21T19:49:20.655+0800][10.080s][gc,stats    ]    Critical: GC Locker Stall                               0.000 / 0.000         0.000 / 0.000         0.000 / 0.000         0.000 / 0.000       ms
[2024-07-21T19:49:20.655+0800][10.080s][gc,stats    ]    Critical: Relocation Stall                                  0 / 0                 0 / 0                 0 / 0                 0 / 0           ops/s
[2024-07-21T19:49:20.655+0800][10.080s][gc,stats    ]    Critical: Relocation Stall                              0.000 / 0.000         0.000 / 0.000         0.000 / 0.000         0.000 / 0.000       ms
[2024-07-21T19:49:20.655+0800][10.080s][gc,stats    ]      Memory: Allocation Rate                                1253 / 1300           1253 / 1300           1253 / 1300           1253 / 1300        MB/s
[2024-07-21T19:49:20.655+0800][10.080s][gc,stats    ]      Memory: Out Of Memory                                     0 / 0                 0 / 0                 0 / 0                 0 / 0           ops/s
[2024-07-21T19:49:20.655+0800][10.080s][gc,stats    ]      Memory: Page Cache Flush                                  0 / 0                 0 / 0                 0 / 0                 0 / 0           MB/s
[2024-07-21T19:49:20.655+0800][10.080s][gc,stats    ]      Memory: Page Cache Hit L1                               635 / 670             635 / 670             635 / 670             635 / 670         ops/s
[2024-07-21T19:49:20.655+0800][10.080s][gc,stats    ]      Memory: Page Cache Hit L2                                 0 / 0                 0 / 0                 0 / 0                 0 / 0           ops/s
[2024-07-21T19:49:20.655+0800][10.080s][gc,stats    ]      Memory: Page Cache Hit L3                                10 / 90               10 / 90               10 / 90               10 / 90          ops/s
[2024-07-21T19:49:20.655+0800][10.080s][gc,stats    ]      Memory: Page Cache Miss                                   0 / 1                 0 / 1                 0 / 1                 0 / 1           ops/s
[2024-07-21T19:49:20.655+0800][10.081s][gc,stats    ]      Memory: Uncommit                                          0 / 0                 0 / 0                 0 / 0                 0 / 0           MB/s
[2024-07-21T19:49:20.655+0800][10.081s][gc,stats    ]      Memory: Undo Object Allocation Failed                     0 / 0                 0 / 0                 0 / 0                 0 / 0           ops/s
[2024-07-21T19:49:20.655+0800][10.081s][gc,stats    ]      Memory: Undo Object Allocation Succeeded                  0 / 1                 0 / 1                 0 / 1                 0 / 1           ops/s
[2024-07-21T19:49:20.655+0800][10.081s][gc,stats    ]      Memory: Undo Page Allocation                              0 / 0                 0 / 0                 0 / 0                 0 / 0           ops/s
[2024-07-21T19:49:20.656+0800][10.081s][gc,stats    ]       Phase: Concurrent Mark                              15.204 / 16.072       15.204 / 16.072       15.204 / 16.072       15.204 / 16.072      ms
[2024-07-21T19:49:20.656+0800][10.081s][gc,stats    ]       Phase: Concurrent Mark Continue                      0.000 / 0.000         0.000 / 0.000         0.000 / 0.000         0.000 / 0.000       ms
[2024-07-21T19:49:20.656+0800][10.081s][gc,stats    ]       Phase: Concurrent Mark Free                          0.002 / 0.005         0.002 / 0.005         0.002 / 0.005         0.002 / 0.005       ms
[2024-07-21T19:49:20.656+0800][10.081s][gc,stats    ]       Phase: Concurrent Process Non-Strong References      1.208 / 2.142         1.208 / 2.142         1.208 / 2.142         1.208 / 2.142       ms
[2024-07-21T19:49:20.656+0800][10.081s][gc,stats    ]       Phase: Concurrent Relocate                           0.909 / 2.389         0.909 / 2.389         0.909 / 2.389         0.909 / 2.389       ms
[2024-07-21T19:49:20.656+0800][10.081s][gc,stats    ]       Phase: Concurrent Reset Relocation Set               0.001 / 0.006         0.001 / 0.006         0.001 / 0.006         0.001 / 0.006       ms
[2024-07-21T19:49:20.656+0800][10.081s][gc,stats    ]       Phase: Concurrent Select Relocation Set              2.295 / 8.865         2.295 / 8.865         2.295 / 8.865         2.295 / 8.865       ms
[2024-07-21T19:49:20.656+0800][10.081s][gc,stats    ]       Phase: Pause Mark End                                0.017 / 0.073         0.017 / 0.073         0.017 / 0.073         0.017 / 0.073       ms
[2024-07-21T19:49:20.656+0800][10.081s][gc,stats    ]       Phase: Pause Mark Start                              0.011 / 0.039         0.011 / 0.039         0.011 / 0.039         0.011 / 0.039       ms
[2024-07-21T19:49:20.656+0800][10.081s][gc,stats    ]       Phase: Pause Relocate Start                          0.008 / 0.028         0.008 / 0.028         0.008 / 0.028         0.008 / 0.028       ms
[2024-07-21T19:49:20.656+0800][10.081s][gc,stats    ]    Subphase: Concurrent Classes Purge                      0.093 / 0.216         0.093 / 0.216         0.093 / 0.216         0.093 / 0.216       ms
[2024-07-21T19:49:20.656+0800][10.081s][gc,stats    ]    Subphase: Concurrent Classes Unlink                     0.394 / 0.820         0.394 / 0.820         0.394 / 0.820         0.394 / 0.820       ms
[2024-07-21T19:49:20.656+0800][10.081s][gc,stats    ]    Subphase: Concurrent Mark                               8.753 / 15.547        8.753 / 15.547        8.753 / 15.547        8.753 / 15.547      ms
[2024-07-21T19:49:20.656+0800][10.081s][gc,stats    ]    Subphase: Concurrent Mark Try Flush                     0.108 / 0.198         0.108 / 0.198         0.108 / 0.198         0.108 / 0.198       ms
[2024-07-21T19:49:20.656+0800][10.081s][gc,stats    ]    Subphase: Concurrent Mark Try Terminate                 4.043 / 13.309        4.043 / 13.309        4.043 / 13.309        4.043 / 13.309      ms
[2024-07-21T19:49:20.656+0800][10.081s][gc,stats    ]    Subphase: Concurrent References Enqueue                 0.001 / 0.004         0.001 / 0.004         0.001 / 0.004         0.001 / 0.004       ms
[2024-07-21T19:49:20.656+0800][10.081s][gc,stats    ]    Subphase: Concurrent References Process                 0.125 / 0.318         0.125 / 0.318         0.125 / 0.318         0.125 / 0.318       ms
[2024-07-21T19:49:20.656+0800][10.081s][gc,stats    ]    Subphase: Concurrent Roots ClassLoaderDataGraph         0.130 / 0.878         0.130 / 0.878         0.130 / 0.878         0.130 / 0.878       ms
[2024-07-21T19:49:20.656+0800][10.081s][gc,stats    ]    Subphase: Concurrent Roots CodeCache                    0.000 / 0.000         0.000 / 0.000         0.000 / 0.000         0.000 / 0.000       ms
[2024-07-21T19:49:20.656+0800][10.081s][gc,stats    ]    Subphase: Concurrent Roots JavaThreads                  0.222 / 0.804         0.222 / 0.804         0.222 / 0.804         0.222 / 0.804       ms
[2024-07-21T19:49:20.656+0800][10.081s][gc,stats    ]    Subphase: Concurrent Roots OopStorageSet                0.017 / 0.090         0.017 / 0.090         0.017 / 0.090         0.017 / 0.090       ms
[2024-07-21T19:49:20.656+0800][10.081s][gc,stats    ]    Subphase: Concurrent Weak Roots OopStorageSet           0.370 / 0.844         0.370 / 0.844         0.370 / 0.844         0.370 / 0.844       ms
[2024-07-21T19:49:20.656+0800][10.081s][gc,stats    ]    Subphase: Pause Mark Try Complete                       0.000 / 0.000         0.000 / 0.000         0.000 / 0.000         0.000 / 0.000       ms
[2024-07-21T19:49:20.656+0800][10.081s][gc,stats    ]      System: Java Threads                                     13 / 14               13 / 14               13 / 14               13 / 14          threads
[2024-07-21T19:49:20.656+0800][10.081s][gc,stats    ] =========================================================================================================================================================
[2024-07-21T19:49:20.670+0800][10.094s][gc,phases   ] GC(98) Concurrent Mark 14.216ms
[2024-07-21T19:49:20.670+0800][10.095s][gc,phases   ] GC(98) Pause Mark End 0.013ms
[2024-07-21T19:49:20.670+0800][10.095s][gc,phases   ] GC(98) Concurrent Mark Free 0.001ms
[2024-07-21T19:49:20.671+0800][10.096s][gc,phases   ] GC(98) Concurrent Process Non-Strong References 1.388ms
[2024-07-21T19:49:20.671+0800][10.096s][gc,phases   ] GC(98) Concurrent Reset Relocation Set 0.001ms
[2024-07-21T19:49:20.674+0800][10.099s][gc,phases   ] GC(98) Concurrent Select Relocation Set 2.900ms
[2024-07-21T19:49:20.674+0800][10.099s][gc,phases   ] GC(98) Pause Relocate Start 0.007ms
[2024-07-21T19:49:20.675+0800][10.100s][gc,phases   ] GC(98) Concurrent Relocate 0.927ms
[2024-07-21T19:49:20.675+0800][10.100s][gc,load     ] GC(98) Load: 0.00/0.00/0.00
[2024-07-21T19:49:20.675+0800][10.100s][gc,mmu      ] GC(98) MMU: 2ms/96.3%, 5ms/98.5%, 10ms/99.2%, 20ms/99.6%, 50ms/99.8%, 100ms/99.9%
[2024-07-21T19:49:20.675+0800][10.100s][gc,marking  ] GC(98) Mark: 2 stripe(s), 2 proactive flush(es), 1 terminate flush(es), 0 completion(s), 0 continuation(s) 
[2024-07-21T19:49:20.675+0800][10.100s][gc,marking  ] GC(98) Mark Stack Usage: 32M
[2024-07-21T19:49:20.675+0800][10.100s][gc,nmethod  ] GC(98) NMethods: 454 registered, 0 unregistered
[2024-07-21T19:49:20.675+0800][10.100s][gc,metaspace] GC(98) Metaspace: 1M used, 1M committed, 1032M reserved
[2024-07-21T19:49:20.675+0800][10.100s][gc,ref      ] GC(98) Soft: 93 encountered, 0 discovered, 0 enqueued
[2024-07-21T19:49:20.675+0800][10.101s][gc,ref      ] GC(98) Weak: 131 encountered, 107 discovered, 0 enqueued
[2024-07-21T19:49:20.675+0800][10.101s][gc,ref      ] GC(98) Final: 0 encountered, 0 discovered, 0 enqueued
[2024-07-21T19:49:20.675+0800][10.101s][gc,ref      ] GC(98) Phantom: 184 encountered, 139 discovered, 0 enqueued
[2024-07-21T19:49:20.675+0800][10.101s][gc,reloc    ] GC(98) Small Pages: 5 / 10M, Empty: 2M, Relocated: 1M, In-Place: 0
[2024-07-21T19:49:20.675+0800][10.101s][gc,reloc    ] GC(98) Medium Pages: 1 / 8M, Empty: 0M, Relocated: 0M, In-Place: 0
[2024-07-21T19:49:20.675+0800][10.101s][gc,reloc    ] GC(98) Large Pages: 73 / 146M, Empty: 136M, Relocated: 0M, In-Place: 0
[2024-07-21T19:49:20.675+0800][10.101s][gc,reloc    ] GC(98) Forwarding Usage: 0M
[2024-07-21T19:49:20.675+0800][10.101s][gc,heap     ] GC(98) Min Capacity: 8M(3%)
[2024-07-21T19:49:20.675+0800][10.101s][gc,heap     ] GC(98) Max Capacity: 256M(100%)
[2024-07-21T19:49:20.675+0800][10.101s][gc,heap     ] GC(98) Soft Max Capacity: 256M(100%)
[2024-07-21T19:49:20.675+0800][10.101s][gc,heap     ] GC(98)                Mark Start          Mark End        Relocate Start      Relocate End           High               Low         
[2024-07-21T19:49:20.675+0800][10.101s][gc,heap     ] GC(98)  Capacity:      256M (100%)        256M (100%)        256M (100%)        256M (100%)        256M (100%)        256M (100%)   
[2024-07-21T19:49:20.675+0800][10.101s][gc,heap     ] GC(98)      Free:       92M (36%)          76M (30%)         198M (77%)         198M (77%)         198M (77%)          60M (23%)    
[2024-07-21T19:49:20.675+0800][10.101s][gc,heap     ] GC(98)      Used:      164M (64%)         180M (70%)          58M (23%)          58M (23%)         196M (77%)          58M (23%)    
[2024-07-21T19:49:20.675+0800][10.101s][gc,heap     ] GC(98)      Live:         -                14M (6%)           14M (6%)           14M (6%)             -                  -          
[2024-07-21T19:49:20.675+0800][10.101s][gc,heap     ] GC(98) Allocated:         -                16M (6%)           32M (12%)          32M (12%)            -                  -          
[2024-07-21T19:49:20.675+0800][10.101s][gc,heap     ] GC(98)   Garbage:         -               149M (58%)          11M (4%)           11M (4%)             -                  -          
[2024-07-21T19:49:20.675+0800][10.101s][gc,heap     ] GC(98) Reclaimed:         -                  -               138M (54%)         138M (54%)            -                  -          
[2024-07-21T19:49:20.675+0800][10.101s][gc          ] GC(98) Garbage Collection (Allocation Rate) 164M(64%)->58M(23%)
[2024-07-21T19:49:20.749+0800][10.173s][gc,start    ] GC(99) Garbage Collection (Allocation Rate)
[2024-07-21T19:49:20.749+0800][10.173s][gc,task     ] GC(99) Using 2 workers
[2024-07-21T19:49:20.749+0800][10.174s][gc,phases   ] GC(99) Pause Mark Start 0.015ms
[2024-07-21T19:49:20.765+0800][10.189s][gc,phases   ] GC(99) Concurrent Mark 15.615ms
[2024-07-21T19:49:20.765+0800][10.190s][gc,phases   ] GC(99) Pause Mark End 0.011ms
[2024-07-21T19:49:20.765+0800][10.190s][gc,phases   ] GC(99) Concurrent Mark Free 0.001ms
[2024-07-21T19:49:20.767+0800][10.191s][gc,phases   ] GC(99) Concurrent Process Non-Strong References 1.470ms
[2024-07-21T19:49:20.767+0800][10.191s][gc,phases   ] GC(99) Concurrent Reset Relocation Set 0.003ms
[2024-07-21T19:49:20.769+0800][10.194s][gc,phases   ] GC(99) Concurrent Select Relocation Set 2.538ms
[2024-07-21T19:49:20.769+0800][10.194s][gc,phases   ] GC(99) Pause Relocate Start 0.007ms
[2024-07-21T19:49:20.770+0800][10.195s][gc,phases   ] GC(99) Concurrent Relocate 1.006ms
[2024-07-21T19:49:20.770+0800][10.195s][gc,load     ] GC(99) Load: 0.00/0.00/0.00
[2024-07-21T19:49:20.770+0800][10.195s][gc,mmu      ] GC(99) MMU: 2ms/96.3%, 5ms/98.5%, 10ms/99.2%, 20ms/99.6%, 50ms/99.8%, 100ms/99.9%
[2024-07-21T19:49:20.771+0800][10.195s][gc,marking  ] GC(99) Mark: 2 stripe(s), 2 proactive flush(es), 1 terminate flush(es), 0 completion(s), 0 continuation(s) 
[2024-07-21T19:49:20.771+0800][10.195s][gc,marking  ] GC(99) Mark Stack Usage: 32M
[2024-07-21T19:49:20.771+0800][10.195s][gc,nmethod  ] GC(99) NMethods: 454 registered, 0 unregistered
[2024-07-21T19:49:20.771+0800][10.195s][gc,metaspace] GC(99) Metaspace: 1M used, 1M committed, 1032M reserved
[2024-07-21T19:49:20.771+0800][10.195s][gc,ref      ] GC(99) Soft: 93 encountered, 0 discovered, 0 enqueued
[2024-07-21T19:49:20.771+0800][10.195s][gc,ref      ] GC(99) Weak: 131 encountered, 0 discovered, 0 enqueued
[2024-07-21T19:49:20.771+0800][10.195s][gc,ref      ] GC(99) Final: 0 encountered, 0 discovered, 0 enqueued
[2024-07-21T19:49:20.771+0800][10.195s][gc,ref      ] GC(99) Phantom: 184 encountered, 131 discovered, 0 enqueued
[2024-07-21T19:49:20.771+0800][10.195s][gc,reloc    ] GC(99) Small Pages: 5 / 10M, Empty: 2M, Relocated: 1M, In-Place: 0
[2024-07-21T19:49:20.771+0800][10.195s][gc,reloc    ] GC(99) Medium Pages: 1 / 8M, Empty: 0M, Relocated: 0M, In-Place: 0
[2024-07-21T19:49:20.771+0800][10.195s][gc,reloc    ] GC(99) Large Pages: 62 / 124M, Empty: 120M, Relocated: 0M, In-Place: 0
[2024-07-21T19:49:20.771+0800][10.195s][gc,reloc    ] GC(99) Forwarding Usage: 0M
[2024-07-21T19:49:20.771+0800][10.196s][gc,heap     ] GC(99) Min Capacity: 8M(3%)
[2024-07-21T19:49:20.771+0800][10.196s][gc,heap     ] GC(99) Max Capacity: 256M(100%)
[2024-07-21T19:49:20.771+0800][10.196s][gc,heap     ] GC(99) Soft Max Capacity: 256M(100%)
[2024-07-21T19:49:20.771+0800][10.196s][gc,heap     ] GC(99)                Mark Start          Mark End        Relocate Start      Relocate End           High               Low         
[2024-07-21T19:49:20.771+0800][10.196s][gc,heap     ] GC(99)  Capacity:      256M (100%)        256M (100%)        256M (100%)        256M (100%)        256M (100%)        256M (100%)   
[2024-07-21T19:49:20.771+0800][10.196s][gc,heap     ] GC(99)      Free:      114M (45%)          94M (37%)         198M (77%)         198M (77%)         198M (77%)          76M (30%)    
[2024-07-21T19:49:20.771+0800][10.196s][gc,heap     ] GC(99)      Used:      142M (55%)         162M (63%)          58M (23%)          58M (23%)         180M (70%)          58M (23%)    
[2024-07-21T19:49:20.771+0800][10.196s][gc,heap     ] GC(99)      Live:         -                 8M (3%)            8M (3%)            8M (3%)             -                  -          
[2024-07-21T19:49:20.771+0800][10.196s][gc,heap     ] GC(99) Allocated:         -                20M (8%)           38M (15%)          38M (15%)            -                  -          
[2024-07-21T19:49:20.771+0800][10.196s][gc,heap     ] GC(99)   Garbage:         -               133M (52%)          11M (4%)           11M (4%)             -                  -          
[2024-07-21T19:49:20.771+0800][10.196s][gc,heap     ] GC(99) Reclaimed:         -                  -               122M (48%)         122M (48%)            -                  -          
[2024-07-21T19:49:20.771+0800][10.196s][gc          ] GC(99) Garbage Collection (Allocation Rate) 142M(55%)->58M(23%)
[2024-07-21T19:49:20.845+0800][10.269s][gc,start    ] GC(100) Garbage Collection (Allocation Rate)
[2024-07-21T19:49:20.845+0800][10.269s][gc,task     ] GC(100) Using 2 workers
[2024-07-21T19:49:20.845+0800][10.270s][gc,phases   ] GC(100) Pause Mark Start 0.008ms
[2024-07-21T19:49:20.861+0800][10.285s][gc,phases   ] GC(100) Concurrent Mark 15.530ms
[2024-07-21T19:49:20.861+0800][10.286s][gc,phases   ] GC(100) Pause Mark End 0.011ms
[2024-07-21T19:49:20.861+0800][10.286s][gc,phases   ] GC(100) Concurrent Mark Free 0.001ms
[2024-07-21T19:49:20.862+0800][10.287s][gc,phases   ] GC(100) Concurrent Process Non-Strong References 1.125ms
[2024-07-21T19:49:20.862+0800][10.287s][gc,phases   ] GC(100) Concurrent Reset Relocation Set 0.001ms
[2024-07-21T19:49:20.864+0800][10.289s][gc,phases   ] GC(100) Concurrent Select Relocation Set 1.996ms
[2024-07-21T19:49:20.864+0800][10.289s][gc,phases   ] GC(100) Pause Relocate Start 0.007ms
[2024-07-21T19:49:20.865+0800][10.290s][gc,phases   ] GC(100) Concurrent Relocate 0.739ms
[2024-07-21T19:49:20.865+0800][10.290s][gc,load     ] GC(100) Load: 0.00/0.00/0.00
[2024-07-21T19:49:20.865+0800][10.290s][gc,mmu      ] GC(100) MMU: 2ms/96.3%, 5ms/98.5%, 10ms/99.2%, 20ms/99.6%, 50ms/99.8%, 100ms/99.9%
[2024-07-21T19:49:20.865+0800][10.290s][gc,marking  ] GC(100) Mark: 2 stripe(s), 2 proactive flush(es), 1 terminate flush(es), 0 completion(s), 0 continuation(s) 
[2024-07-21T19:49:20.865+0800][10.290s][gc,marking  ] GC(100) Mark Stack Usage: 32M
[2024-07-21T19:49:20.865+0800][10.290s][gc,nmethod  ] GC(100) NMethods: 455 registered, 0 unregistered
[2024-07-21T19:49:20.865+0800][10.290s][gc,metaspace] GC(100) Metaspace: 1M used, 1M committed, 1032M reserved
[2024-07-21T19:49:20.865+0800][10.290s][gc,ref      ] GC(100) Soft: 93 encountered, 0 discovered, 0 enqueued
[2024-07-21T19:49:20.865+0800][10.290s][gc,ref      ] GC(100) Weak: 131 encountered, 95 discovered, 0 enqueued
[2024-07-21T19:49:20.865+0800][10.290s][gc,ref      ] GC(100) Final: 0 encountered, 0 discovered, 0 enqueued
[2024-07-21T19:49:20.865+0800][10.290s][gc,ref      ] GC(100) Phantom: 184 encountered, 151 discovered, 0 enqueued
[2024-07-21T19:49:20.865+0800][10.290s][gc,reloc    ] GC(100) Small Pages: 5 / 10M, Empty: 2M, Relocated: 1M, In-Place: 0
[2024-07-21T19:49:20.865+0800][10.290s][gc,reloc    ] GC(100) Medium Pages: 1 / 8M, Empty: 0M, Relocated: 0M, In-Place: 0
[2024-07-21T19:49:20.865+0800][10.290s][gc,reloc    ] GC(100) Large Pages: 65 / 130M, Empty: 120M, Relocated: 0M, In-Place: 0
[2024-07-21T19:49:20.865+0800][10.290s][gc,reloc    ] GC(100) Forwarding Usage: 0M
[2024-07-21T19:49:20.865+0800][10.290s][gc,heap     ] GC(100) Min Capacity: 8M(3%)
[2024-07-21T19:49:20.865+0800][10.290s][gc,heap     ] GC(100) Max Capacity: 256M(100%)
[2024-07-21T19:49:20.865+0800][10.290s][gc,heap     ] GC(100) Soft Max Capacity: 256M(100%)
[2024-07-21T19:49:20.865+0800][10.290s][gc,heap     ] GC(100)                Mark Start          Mark End        Relocate Start      Relocate End           High               Low         
[2024-07-21T19:49:20.865+0800][10.290s][gc,heap     ] GC(100)  Capacity:      256M (100%)        256M (100%)        256M (100%)        256M (100%)        256M (100%)        256M (100%)   
[2024-07-21T19:49:20.865+0800][10.290s][gc,heap     ] GC(100)      Free:      108M (42%)          92M (36%)         198M (77%)         198M (77%)         198M (77%)          76M (30%)    
[2024-07-21T19:49:20.865+0800][10.290s][gc,heap     ] GC(100)      Used:      148M (58%)         164M (64%)          58M (23%)          58M (23%)         180M (70%)          58M (23%)    
[2024-07-21T19:49:20.865+0800][10.290s][gc,heap     ] GC(100)      Live:         -                14M (6%)           14M (6%)           14M (6%)             -                  -          
[2024-07-21T19:49:20.865+0800][10.290s][gc,heap     ] GC(100) Allocated:         -                16M (6%)           32M (12%)          32M (12%)            -                  -          
[2024-07-21T19:49:20.865+0800][10.290s][gc,heap     ] GC(100)   Garbage:         -               133M (52%)          11M (4%)           11M (4%)             -                  -          
[2024-07-21T19:49:20.865+0800][10.290s][gc,heap     ] GC(100) Reclaimed:         -                  -               122M (48%)         122M (48%)            -                  -          
[2024-07-21T19:49:20.865+0800][10.290s][gc          ] GC(100) Garbage Collection (Allocation Rate) 148M(58%)->58M(23%)
[2024-07-21T19:49:20.940+0800][10.365s][gc,start    ] GC(101) Garbage Collection (Allocation Rate)
[2024-07-21T19:49:20.940+0800][10.365s][gc,task     ] GC(101) Using 2 workers
[2024-07-21T19:49:20.940+0800][10.365s][gc,phases   ] GC(101) Pause Mark Start 0.007ms
[2024-07-21T19:49:20.956+0800][10.381s][gc,phases   ] GC(101) Concurrent Mark 15.364ms
[2024-07-21T19:49:20.957+0800][10.381s][gc,phases   ] GC(101) Pause Mark End 0.019ms
[2024-07-21T19:49:20.957+0800][10.381s][gc,phases   ] GC(101) Concurrent Mark Free 0.001ms
[2024-07-21T19:49:20.959+0800][10.384s][gc,phases   ] GC(101) Concurrent Process Non-Strong References 2.631ms
[2024-07-21T19:49:20.959+0800][10.384s][gc,phases   ] GC(101) Concurrent Reset Relocation Set 0.004ms
[2024-07-21T19:49:20.963+0800][10.388s][gc,phases   ] GC(101) Concurrent Select Relocation Set 3.812ms
[2024-07-21T19:49:20.963+0800][10.388s][gc,phases   ] GC(101) Pause Relocate Start 0.016ms
[2024-07-21T19:49:20.964+0800][10.390s][gc,phases   ] GC(101) Concurrent Relocate 1.195ms
[2024-07-21T19:49:20.965+0800][10.390s][gc,load     ] GC(101) Load: 0.00/0.00/0.00
[2024-07-21T19:49:20.965+0800][10.390s][gc,mmu      ] GC(101) MMU: 2ms/96.3%, 5ms/98.5%, 10ms/99.2%, 20ms/99.6%, 50ms/99.8%, 100ms/99.9%
[2024-07-21T19:49:20.965+0800][10.390s][gc,marking  ] GC(101) Mark: 2 stripe(s), 3 proactive flush(es), 1 terminate flush(es), 0 completion(s), 0 continuation(s) 
[2024-07-21T19:49:20.965+0800][10.390s][gc,marking  ] GC(101) Mark Stack Usage: 32M
[2024-07-21T19:49:20.965+0800][10.390s][gc,nmethod  ] GC(101) NMethods: 455 registered, 0 unregistered
[2024-07-21T19:49:20.965+0800][10.390s][gc,metaspace] GC(101) Metaspace: 1M used, 1M committed, 1032M reserved
[2024-07-21T19:49:20.965+0800][10.390s][gc,ref      ] GC(101) Soft: 93 encountered, 0 discovered, 0 enqueued
[2024-07-21T19:49:20.965+0800][10.390s][gc,ref      ] GC(101) Weak: 131 encountered, 94 discovered, 0 enqueued
[2024-07-21T19:49:20.965+0800][10.390s][gc,ref      ] GC(101) Final: 0 encountered, 0 discovered, 0 enqueued
[2024-07-21T19:49:20.965+0800][10.390s][gc,ref      ] GC(101) Phantom: 184 encountered, 67 discovered, 0 enqueued
[2024-07-21T19:49:20.965+0800][10.390s][gc,reloc    ] GC(101) Small Pages: 5 / 10M, Empty: 2M, Relocated: 1M, In-Place: 0
[2024-07-21T19:49:20.965+0800][10.390s][gc,reloc    ] GC(101) Medium Pages: 1 / 8M, Empty: 0M, Relocated: 0M, In-Place: 0
[2024-07-21T19:49:20.965+0800][10.390s][gc,reloc    ] GC(101) Large Pages: 63 / 126M, Empty: 120M, Relocated: 0M, In-Place: 0
[2024-07-21T19:49:20.965+0800][10.390s][gc,reloc    ] GC(101) Forwarding Usage: 0M
[2024-07-21T19:49:20.965+0800][10.390s][gc,heap     ] GC(101) Min Capacity: 8M(3%)
[2024-07-21T19:49:20.965+0800][10.390s][gc,heap     ] GC(101) Max Capacity: 256M(100%)
[2024-07-21T19:49:20.965+0800][10.390s][gc,heap     ] GC(101) Soft Max Capacity: 256M(100%)
[2024-07-21T19:49:20.965+0800][10.390s][gc,heap     ] GC(101)                Mark Start          Mark End        Relocate Start      Relocate End           High               Low         
[2024-07-21T19:49:20.965+0800][10.390s][gc,heap     ] GC(101)  Capacity:      256M (100%)        256M (100%)        256M (100%)        256M (100%)        256M (100%)        256M (100%)   
[2024-07-21T19:49:20.965+0800][10.390s][gc,heap     ] GC(101)      Free:      112M (44%)          94M (37%)         198M (77%)         198M (77%)         198M (77%)          76M (30%)    
[2024-07-21T19:49:20.965+0800][10.390s][gc,heap     ] GC(101)      Used:      144M (56%)         162M (63%)          58M (23%)          58M (23%)         180M (70%)          58M (23%)    
[2024-07-21T19:49:20.965+0800][10.390s][gc,heap     ] GC(101)      Live:         -                10M (4%)           10M (4%)           10M (4%)             -                  -          
[2024-07-21T19:49:20.965+0800][10.390s][gc,heap     ] GC(101) Allocated:         -                18M (7%)           36M (14%)          36M (14%)            -                  -          
[2024-07-21T19:49:20.965+0800][10.390s][gc,heap     ] GC(101)   Garbage:         -               133M (52%)          11M (4%)           11M (4%)             -                  -          
[2024-07-21T19:49:20.965+0800][10.390s][gc,heap     ] GC(101) Reclaimed:         -                  -               122M (48%)         122M (48%)            -                  -          
[2024-07-21T19:49:20.965+0800][10.390s][gc          ] GC(101) Garbage Collection (Allocation Rate) 144M(56%)->58M(23%)
[2024-07-21T19:49:21.051+0800][10.476s][gc,start    ] GC(102) Garbage Collection (Allocation Rate)
[2024-07-21T19:49:21.051+0800][10.476s][gc,task     ] GC(102) Using 2 workers
[2024-07-21T19:49:21.051+0800][10.476s][gc,phases   ] GC(102) Pause Mark Start 0.006ms
[2024-07-21T19:49:21.067+0800][10.492s][gc,phases   ] GC(102) Concurrent Mark 15.583ms
[2024-07-21T19:49:21.067+0800][10.492s][gc,phases   ] GC(102) Pause Mark End 0.009ms
[2024-07-21T19:49:21.067+0800][10.492s][gc,phases   ] GC(102) Concurrent Mark Free 0.001ms
[2024-07-21T19:49:21.068+0800][10.493s][gc,phases   ] GC(102) Concurrent Process Non-Strong References 1.079ms
[2024-07-21T19:49:21.068+0800][10.493s][gc,phases   ] GC(102) Concurrent Reset Relocation Set 0.001ms
[2024-07-21T19:49:21.070+0800][10.495s][gc,phases   ] GC(102) Concurrent Select Relocation Set 1.803ms
[2024-07-21T19:49:21.070+0800][10.495s][gc,phases   ] GC(102) Pause Relocate Start 0.006ms
[2024-07-21T19:49:21.071+0800][10.496s][gc,phases   ] GC(102) Concurrent Relocate 0.669ms
[2024-07-21T19:49:21.071+0800][10.496s][gc,load     ] GC(102) Load: 0.00/0.00/0.00
[2024-07-21T19:49:21.071+0800][10.496s][gc,mmu      ] GC(102) MMU: 2ms/96.3%, 5ms/98.5%, 10ms/99.2%, 20ms/99.6%, 50ms/99.8%, 100ms/99.9%
[2024-07-21T19:49:21.071+0800][10.496s][gc,marking  ] GC(102) Mark: 2 stripe(s), 2 proactive flush(es), 1 terminate flush(es), 0 completion(s), 0 continuation(s) 
[2024-07-21T19:49:21.071+0800][10.496s][gc,marking  ] GC(102) Mark Stack Usage: 32M
[2024-07-21T19:49:21.071+0800][10.496s][gc,nmethod  ] GC(102) NMethods: 459 registered, 0 unregistered
[2024-07-21T19:49:21.071+0800][10.496s][gc,metaspace] GC(102) Metaspace: 1M used, 1M committed, 1032M reserved
[2024-07-21T19:49:21.071+0800][10.496s][gc,ref      ] GC(102) Soft: 93 encountered, 0 discovered, 0 enqueued
[2024-07-21T19:49:21.071+0800][10.496s][gc,ref      ] GC(102) Weak: 131 encountered, 0 discovered, 0 enqueued
[2024-07-21T19:49:21.071+0800][10.496s][gc,ref      ] GC(102) Final: 0 encountered, 0 discovered, 0 enqueued
[2024-07-21T19:49:21.071+0800][10.496s][gc,ref      ] GC(102) Phantom: 184 encountered, 73 discovered, 0 enqueued
[2024-07-21T19:49:21.071+0800][10.496s][gc,reloc    ] GC(102) Small Pages: 5 / 10M, Empty: 2M, Relocated: 1M, In-Place: 0
[2024-07-21T19:49:21.071+0800][10.496s][gc,reloc    ] GC(102) Medium Pages: 1 / 8M, Empty: 0M, Relocated: 0M, In-Place: 0
[2024-07-21T19:49:21.071+0800][10.496s][gc,reloc    ] GC(102) Large Pages: 73 / 146M, Empty: 144M, Relocated: 0M, In-Place: 0
[2024-07-21T19:49:21.071+0800][10.496s][gc,reloc    ] GC(102) Forwarding Usage: 0M
[2024-07-21T19:49:21.071+0800][10.496s][gc,heap     ] GC(102) Min Capacity: 8M(3%)
[2024-07-21T19:49:21.071+0800][10.497s][gc,heap     ] GC(102) Max Capacity: 256M(100%)
[2024-07-21T19:49:21.071+0800][10.497s][gc,heap     ] GC(102) Soft Max Capacity: 256M(100%)
[2024-07-21T19:49:21.071+0800][10.497s][gc,heap     ] GC(102)                Mark Start          Mark End        Relocate Start      Relocate End           High               Low         
[2024-07-21T19:49:21.071+0800][10.497s][gc,heap     ] GC(102)  Capacity:      256M (100%)        256M (100%)        256M (100%)        256M (100%)        256M (100%)        256M (100%)   
[2024-07-21T19:49:21.071+0800][10.497s][gc,heap     ] GC(102)      Free:       92M (36%)          70M (27%)         202M (79%)         202M (79%)         202M (79%)          56M (22%)    
[2024-07-21T19:49:21.071+0800][10.497s][gc,heap     ] GC(102)      Used:      164M (64%)         186M (73%)          54M (21%)          54M (21%)         200M (78%)          54M (21%)    
[2024-07-21T19:49:21.071+0800][10.497s][gc,heap     ] GC(102)      Live:         -                 6M (3%)            6M (3%)            6M (3%)             -                  -          
[2024-07-21T19:49:21.071+0800][10.497s][gc,heap     ] GC(102) Allocated:         -                22M (9%)           36M (14%)          36M (14%)            -                  -          
[2024-07-21T19:49:21.072+0800][10.497s][gc,heap     ] GC(102)   Garbage:         -               157M (61%)          11M (4%)           11M (4%)             -                  -          
[2024-07-21T19:49:21.072+0800][10.497s][gc,heap     ] GC(102) Reclaimed:         -                  -               146M (57%)         146M (57%)            -                  -          
[2024-07-21T19:49:21.072+0800][10.497s][gc          ] GC(102) Garbage Collection (Allocation Rate) 164M(64%)->54M(21%)
[2024-07-21T19:49:21.145+0800][10.570s][gc,start    ] GC(103) Garbage Collection (Allocation Rate)
[2024-07-21T19:49:21.145+0800][10.570s][gc,task     ] GC(103) Using 2 workers
[2024-07-21T19:49:21.145+0800][10.570s][gc,phases   ] GC(103) Pause Mark Start 0.013ms
[2024-07-21T19:49:21.161+0800][10.586s][gc,phases   ] GC(103) Concurrent Mark 15.567ms
[2024-07-21T19:49:21.161+0800][10.586s][gc,phases   ] GC(103) Pause Mark End 0.038ms
[2024-07-21T19:49:21.161+0800][10.586s][gc,phases   ] GC(103) Concurrent Mark Free 0.001ms
[2024-07-21T19:49:21.163+0800][10.588s][gc,phases   ] GC(103) Concurrent Process Non-Strong References 1.472ms
[2024-07-21T19:49:21.163+0800][10.588s][gc,phases   ] GC(103) Concurrent Reset Relocation Set 0.001ms
[2024-07-21T19:49:21.165+0800][10.590s][gc,phases   ] GC(103) Concurrent Select Relocation Set 2.111ms
[2024-07-21T19:49:21.165+0800][10.590s][gc,phases   ] GC(103) Pause Relocate Start 0.008ms
[2024-07-21T19:49:21.166+0800][10.591s][gc,phases   ] GC(103) Concurrent Relocate 0.886ms
[2024-07-21T19:49:21.166+0800][10.591s][gc,load     ] GC(103) Load: 0.00/0.00/0.00
[2024-07-21T19:49:21.166+0800][10.591s][gc,mmu      ] GC(103) MMU: 2ms/96.3%, 5ms/98.5%, 10ms/99.2%, 20ms/99.6%, 50ms/99.8%, 100ms/99.9%
[2024-07-21T19:49:21.166+0800][10.591s][gc,marking  ] GC(103) Mark: 2 stripe(s), 2 proactive flush(es), 1 terminate flush(es), 0 completion(s), 0 continuation(s) 
[2024-07-21T19:49:21.166+0800][10.591s][gc,marking  ] GC(103) Mark Stack Usage: 32M
[2024-07-21T19:49:21.166+0800][10.591s][gc,nmethod  ] GC(103) NMethods: 459 registered, 0 unregistered
[2024-07-21T19:49:21.166+0800][10.591s][gc,metaspace] GC(103) Metaspace: 1M used, 1M committed, 1032M reserved
[2024-07-21T19:49:21.166+0800][10.591s][gc,ref      ] GC(103) Soft: 93 encountered, 0 discovered, 0 enqueued
[2024-07-21T19:49:21.166+0800][10.591s][gc,ref      ] GC(103) Weak: 131 encountered, 0 discovered, 0 enqueued
[2024-07-21T19:49:21.166+0800][10.591s][gc,ref      ] GC(103) Final: 0 encountered, 0 discovered, 0 enqueued
[2024-07-21T19:49:21.166+0800][10.591s][gc,ref      ] GC(103) Phantom: 184 encountered, 144 discovered, 0 enqueued
[2024-07-21T19:49:21.166+0800][10.591s][gc,reloc    ] GC(103) Small Pages: 5 / 10M, Empty: 2M, Relocated: 1M, In-Place: 0
[2024-07-21T19:49:21.166+0800][10.591s][gc,reloc    ] GC(103) Medium Pages: 1 / 8M, Empty: 0M, Relocated: 0M, In-Place: 0
[2024-07-21T19:49:21.166+0800][10.591s][gc,reloc    ] GC(103) Large Pages: 61 / 122M, Empty: 120M, Relocated: 0M, In-Place: 0
[2024-07-21T19:49:21.166+0800][10.591s][gc,reloc    ] GC(103) Forwarding Usage: 0M
[2024-07-21T19:49:21.166+0800][10.591s][gc,heap     ] GC(103) Min Capacity: 8M(3%)
[2024-07-21T19:49:21.166+0800][10.591s][gc,heap     ] GC(103) Max Capacity: 256M(100%)
[2024-07-21T19:49:21.166+0800][10.592s][gc,heap     ] GC(103) Soft Max Capacity: 256M(100%)
[2024-07-21T19:49:21.166+0800][10.592s][gc,heap     ] GC(103)                Mark Start          Mark End        Relocate Start      Relocate End           High               Low         
[2024-07-21T19:49:21.166+0800][10.592s][gc,heap     ] GC(103)  Capacity:      256M (100%)        256M (100%)        256M (100%)        256M (100%)        256M (100%)        256M (100%)   
[2024-07-21T19:49:21.166+0800][10.592s][gc,heap     ] GC(103)      Free:      116M (45%)          96M (38%)         202M (79%)         202M (79%)         202M (79%)          80M (31%)    
[2024-07-21T19:49:21.166+0800][10.592s][gc,heap     ] GC(103)      Used:      140M (55%)         160M (62%)          54M (21%)          54M (21%)         176M (69%)          54M (21%)    
[2024-07-21T19:49:21.166+0800][10.592s][gc,heap     ] GC(103)      Live:         -                 6M (3%)            6M (3%)            6M (3%)             -                  -          
[2024-07-21T19:49:21.166+0800][10.592s][gc,heap     ] GC(103) Allocated:         -                20M (8%)           36M (14%)          36M (14%)            -                  -          
[2024-07-21T19:49:21.166+0800][10.592s][gc,heap     ] GC(103)   Garbage:         -               133M (52%)          11M (4%)           11M (4%)             -                  -          
[2024-07-21T19:49:21.166+0800][10.592s][gc,heap     ] GC(103) Reclaimed:         -                  -               122M (48%)         122M (48%)            -                  -          
[2024-07-21T19:49:21.166+0800][10.592s][gc          ] GC(103) Garbage Collection (Allocation Rate) 140M(55%)->54M(21%)
[2024-07-21T19:49:21.255+0800][10.680s][gc,start    ] GC(104) Garbage Collection (Allocation Rate)
[2024-07-21T19:49:21.255+0800][10.680s][gc,task     ] GC(104) Using 2 workers
[2024-07-21T19:49:21.255+0800][10.680s][gc,phases   ] GC(104) Pause Mark Start 0.010ms
[2024-07-21T19:49:21.271+0800][10.696s][gc,phases   ] GC(104) Concurrent Mark 15.350ms
[2024-07-21T19:49:21.271+0800][10.696s][gc,phases   ] GC(104) Pause Mark End 0.015ms
[2024-07-21T19:49:21.271+0800][10.696s][gc,phases   ] GC(104) Concurrent Mark Free 0.001ms
[2024-07-21T19:49:21.273+0800][10.697s][gc,phases   ] GC(104) Concurrent Process Non-Strong References 1.145ms
[2024-07-21T19:49:21.273+0800][10.697s][gc,phases   ] GC(104) Concurrent Reset Relocation Set 0.001ms
[2024-07-21T19:49:21.274+0800][10.699s][gc,phases   ] GC(104) Concurrent Select Relocation Set 1.843ms
[2024-07-21T19:49:21.275+0800][10.700s][gc,phases   ] GC(104) Pause Relocate Start 0.006ms
[2024-07-21T19:49:21.276+0800][10.700s][gc,phases   ] GC(104) Concurrent Relocate 0.858ms
[2024-07-21T19:49:21.276+0800][10.700s][gc,load     ] GC(104) Load: 0.00/0.00/0.00
[2024-07-21T19:49:21.276+0800][10.701s][gc,mmu      ] GC(104) MMU: 2ms/96.3%, 5ms/98.5%, 10ms/99.2%, 20ms/99.6%, 50ms/99.8%, 100ms/99.9%
[2024-07-21T19:49:21.276+0800][10.701s][gc,marking  ] GC(104) Mark: 2 stripe(s), 2 proactive flush(es), 1 terminate flush(es), 0 completion(s), 0 continuation(s) 
[2024-07-21T19:49:21.276+0800][10.701s][gc,marking  ] GC(104) Mark Stack Usage: 32M
[2024-07-21T19:49:21.276+0800][10.701s][gc,nmethod  ] GC(104) NMethods: 459 registered, 0 unregistered
[2024-07-21T19:49:21.276+0800][10.701s][gc,metaspace] GC(104) Metaspace: 1M used, 1M committed, 1032M reserved
[2024-07-21T19:49:21.276+0800][10.701s][gc,ref      ] GC(104) Soft: 93 encountered, 0 discovered, 0 enqueued
[2024-07-21T19:49:21.276+0800][10.701s][gc,ref      ] GC(104) Weak: 131 encountered, 82 discovered, 0 enqueued
[2024-07-21T19:49:21.276+0800][10.701s][gc,ref      ] GC(104) Final: 0 encountered, 0 discovered, 0 enqueued
[2024-07-21T19:49:21.276+0800][10.701s][gc,ref      ] GC(104) Phantom: 184 encountered, 131 discovered, 0 enqueued
[2024-07-21T19:49:21.276+0800][10.701s][gc,reloc    ] GC(104) Small Pages: 5 / 10M, Empty: 2M, Relocated: 1M, In-Place: 0
[2024-07-21T19:49:21.276+0800][10.701s][gc,reloc    ] GC(104) Medium Pages: 1 / 8M, Empty: 0M, Relocated: 0M, In-Place: 0
[2024-07-21T19:49:21.276+0800][10.701s][gc,reloc    ] GC(104) Large Pages: 71 / 142M, Empty: 136M, Relocated: 0M, In-Place: 0
[2024-07-21T19:49:21.276+0800][10.701s][gc,reloc    ] GC(104) Forwarding Usage: 0M
[2024-07-21T19:49:21.276+0800][10.701s][gc,heap     ] GC(104) Min Capacity: 8M(3%)
[2024-07-21T19:49:21.276+0800][10.701s][gc,heap     ] GC(104) Max Capacity: 256M(100%)
[2024-07-21T19:49:21.276+0800][10.701s][gc,heap     ] GC(104) Soft Max Capacity: 256M(100%)
[2024-07-21T19:49:21.276+0800][10.701s][gc,heap     ] GC(104)                Mark Start          Mark End        Relocate Start      Relocate End           High               Low         
[2024-07-21T19:49:21.276+0800][10.701s][gc,heap     ] GC(104)  Capacity:      256M (100%)        256M (100%)        256M (100%)        256M (100%)        256M (100%)        256M (100%)   
[2024-07-21T19:49:21.276+0800][10.701s][gc,heap     ] GC(104)      Free:       96M (38%)          78M (30%)         198M (77%)         198M (77%)         198M (77%)          60M (23%)    
[2024-07-21T19:49:21.276+0800][10.701s][gc,heap     ] GC(104)      Used:      160M (62%)         178M (70%)          58M (23%)          58M (23%)         196M (77%)          58M (23%)    
[2024-07-21T19:49:21.276+0800][10.701s][gc,heap     ] GC(104)      Live:         -                10M (4%)           10M (4%)           10M (4%)             -                  -          
[2024-07-21T19:49:21.276+0800][10.701s][gc,heap     ] GC(104) Allocated:         -                18M (7%)           36M (14%)          36M (14%)            -                  -          
[2024-07-21T19:49:21.276+0800][10.701s][gc,heap     ] GC(104)   Garbage:         -               149M (58%)          11M (4%)           11M (4%)             -                  -          
[2024-07-21T19:49:21.276+0800][10.701s][gc,heap     ] GC(104) Reclaimed:         -                  -               138M (54%)         138M (54%)            -                  -          
[2024-07-21T19:49:21.276+0800][10.701s][gc          ] GC(104) Garbage Collection (Allocation Rate) 160M(62%)->58M(23%)
[2024-07-21T19:49:21.350+0800][10.774s][gc,start    ] GC(105) Garbage Collection (Allocation Rate)
[2024-07-21T19:49:21.350+0800][10.775s][gc,task     ] GC(105) Using 2 workers
[2024-07-21T19:49:21.350+0800][10.775s][gc,phases   ] GC(105) Pause Mark Start 0.013ms
[2024-07-21T19:49:21.365+0800][10.790s][gc,phases   ] GC(105) Concurrent Mark 14.967ms
[2024-07-21T19:49:21.365+0800][10.790s][gc,phases   ] GC(105) Pause Mark End 0.014ms
[2024-07-21T19:49:21.366+0800][10.790s][gc,phases   ] GC(105) Concurrent Mark Free 0.002ms
[2024-07-21T19:49:21.367+0800][10.792s][gc,phases   ] GC(105) Concurrent Process Non-Strong References 1.277ms
[2024-07-21T19:49:21.367+0800][10.792s][gc,phases   ] GC(105) Concurrent Reset Relocation Set 0.002ms
[2024-07-21T19:49:21.369+0800][10.794s][gc,phases   ] GC(105) Concurrent Select Relocation Set 2.228ms
[2024-07-21T19:49:21.369+0800][10.794s][gc,phases   ] GC(105) Pause Relocate Start 0.006ms
[2024-07-21T19:49:21.370+0800][10.795s][gc,phases   ] GC(105) Concurrent Relocate 0.712ms
[2024-07-21T19:49:21.370+0800][10.795s][gc,load     ] GC(105) Load: 0.00/0.00/0.00
[2024-07-21T19:49:21.370+0800][10.795s][gc,mmu      ] GC(105) MMU: 2ms/96.3%, 5ms/98.5%, 10ms/99.2%, 20ms/99.6%, 50ms/99.8%, 100ms/99.9%
[2024-07-21T19:49:21.370+0800][10.795s][gc,marking  ] GC(105) Mark: 2 stripe(s), 2 proactive flush(es), 1 terminate flush(es), 0 completion(s), 0 continuation(s) 
[2024-07-21T19:49:21.370+0800][10.795s][gc,marking  ] GC(105) Mark Stack Usage: 32M
[2024-07-21T19:49:21.370+0800][10.795s][gc,nmethod  ] GC(105) NMethods: 459 registered, 0 unregistered
[2024-07-21T19:49:21.370+0800][10.795s][gc,metaspace] GC(105) Metaspace: 1M used, 1M committed, 1032M reserved
[2024-07-21T19:49:21.370+0800][10.795s][gc,ref      ] GC(105) Soft: 93 encountered, 0 discovered, 0 enqueued
[2024-07-21T19:49:21.370+0800][10.795s][gc,ref      ] GC(105) Weak: 131 encountered, 95 discovered, 0 enqueued
[2024-07-21T19:49:21.370+0800][10.795s][gc,ref      ] GC(105) Final: 0 encountered, 0 discovered, 0 enqueued
[2024-07-21T19:49:21.370+0800][10.795s][gc,ref      ] GC(105) Phantom: 184 encountered, 159 discovered, 0 enqueued
[2024-07-21T19:49:21.370+0800][10.795s][gc,reloc    ] GC(105) Small Pages: 5 / 10M, Empty: 2M, Relocated: 1M, In-Place: 0
[2024-07-21T19:49:21.370+0800][10.795s][gc,reloc    ] GC(105) Medium Pages: 1 / 8M, Empty: 0M, Relocated: 0M, In-Place: 0
[2024-07-21T19:49:21.371+0800][10.795s][gc,reloc    ] GC(105) Large Pages: 62 / 124M, Empty: 120M, Relocated: 0M, In-Place: 0
[2024-07-21T19:49:21.371+0800][10.795s][gc,reloc    ] GC(105) Forwarding Usage: 0M
[2024-07-21T19:49:21.371+0800][10.795s][gc,heap     ] GC(105) Min Capacity: 8M(3%)
[2024-07-21T19:49:21.371+0800][10.795s][gc,heap     ] GC(105) Max Capacity: 256M(100%)
[2024-07-21T19:49:21.371+0800][10.795s][gc,heap     ] GC(105) Soft Max Capacity: 256M(100%)
[2024-07-21T19:49:21.371+0800][10.795s][gc,heap     ] GC(105)                Mark Start          Mark End        Relocate Start      Relocate End           High               Low         
[2024-07-21T19:49:21.371+0800][10.795s][gc,heap     ] GC(105)  Capacity:      256M (100%)        256M (100%)        256M (100%)        256M (100%)        256M (100%)        256M (100%)   
[2024-07-21T19:49:21.371+0800][10.795s][gc,heap     ] GC(105)      Free:      114M (45%)          92M (36%)         198M (77%)         198M (77%)         198M (77%)          76M (30%)    
[2024-07-21T19:49:21.371+0800][10.795s][gc,heap     ] GC(105)      Used:      142M (55%)         164M (64%)          58M (23%)          58M (23%)         180M (70%)          58M (23%)    
[2024-07-21T19:49:21.371+0800][10.795s][gc,heap     ] GC(105)      Live:         -                 8M (3%)            8M (3%)            8M (3%)             -                  -          
[2024-07-21T19:49:21.371+0800][10.795s][gc,heap     ] GC(105) Allocated:         -                22M (9%)           38M (15%)          38M (15%)            -                  -          
[2024-07-21T19:49:21.371+0800][10.796s][gc,heap     ] GC(105)   Garbage:         -               133M (52%)          11M (4%)           11M (4%)             -                  -          
[2024-07-21T19:49:21.371+0800][10.796s][gc,heap     ] GC(105) Reclaimed:         -                  -               122M (48%)         122M (48%)            -                  -          
[2024-07-21T19:49:21.371+0800][10.796s][gc          ] GC(105) Garbage Collection (Allocation Rate) 142M(55%)->58M(23%)
[2024-07-21T19:49:21.444+0800][10.869s][gc,start    ] GC(106) Garbage Collection (Allocation Rate)
[2024-07-21T19:49:21.444+0800][10.869s][gc,task     ] GC(106) Using 2 workers
[2024-07-21T19:49:21.444+0800][10.869s][gc,phases   ] GC(106) Pause Mark Start 0.018ms
[2024-07-21T19:49:21.460+0800][10.885s][gc,phases   ] GC(106) Concurrent Mark 15.238ms
[2024-07-21T19:49:21.460+0800][10.885s][gc,phases   ] GC(106) Pause Mark End 0.034ms
[2024-07-21T19:49:21.460+0800][10.885s][gc,phases   ] GC(106) Concurrent Mark Free 0.003ms
[2024-07-21T19:49:21.462+0800][10.887s][gc,phases   ] GC(106) Concurrent Process Non-Strong References 1.359ms
[2024-07-21T19:49:21.462+0800][10.887s][gc,phases   ] GC(106) Concurrent Reset Relocation Set 0.001ms
[2024-07-21T19:49:21.464+0800][10.889s][gc,phases   ] GC(106) Concurrent Select Relocation Set 1.740ms
[2024-07-21T19:49:21.464+0800][10.889s][gc,phases   ] GC(106) Pause Relocate Start 0.006ms
[2024-07-21T19:49:21.465+0800][10.890s][gc,phases   ] GC(106) Concurrent Relocate 0.773ms
[2024-07-21T19:49:21.465+0800][10.890s][gc,load     ] GC(106) Load: 0.00/0.00/0.00
[2024-07-21T19:49:21.465+0800][10.890s][gc,mmu      ] GC(106) MMU: 2ms/96.3%, 5ms/98.5%, 10ms/99.2%, 20ms/99.6%, 50ms/99.8%, 100ms/99.9%
[2024-07-21T19:49:21.465+0800][10.890s][gc,marking  ] GC(106) Mark: 2 stripe(s), 2 proactive flush(es), 1 terminate flush(es), 0 completion(s), 0 continuation(s) 
[2024-07-21T19:49:21.465+0800][10.890s][gc,marking  ] GC(106) Mark Stack Usage: 32M
[2024-07-21T19:49:21.465+0800][10.890s][gc,nmethod  ] GC(106) NMethods: 459 registered, 0 unregistered
[2024-07-21T19:49:21.465+0800][10.890s][gc,metaspace] GC(106) Metaspace: 1M used, 1M committed, 1032M reserved
[2024-07-21T19:49:21.465+0800][10.890s][gc,ref      ] GC(106) Soft: 93 encountered, 0 discovered, 0 enqueued
[2024-07-21T19:49:21.465+0800][10.890s][gc,ref      ] GC(106) Weak: 131 encountered, 94 discovered, 0 enqueued
[2024-07-21T19:49:21.465+0800][10.890s][gc,ref      ] GC(106) Final: 0 encountered, 0 discovered, 0 enqueued
[2024-07-21T19:49:21.465+0800][10.890s][gc,ref      ] GC(106) Phantom: 184 encountered, 101 discovered, 0 enqueued
[2024-07-21T19:49:21.465+0800][10.890s][gc,reloc    ] GC(106) Small Pages: 5 / 10M, Empty: 2M, Relocated: 1M, In-Place: 0
[2024-07-21T19:49:21.465+0800][10.890s][gc,reloc    ] GC(106) Medium Pages: 1 / 8M, Empty: 0M, Relocated: 0M, In-Place: 0
[2024-07-21T19:49:21.465+0800][10.890s][gc,reloc    ] GC(106) Large Pages: 64 / 128M, Empty: 120M, Relocated: 0M, In-Place: 0
[2024-07-21T19:49:21.465+0800][10.890s][gc,reloc    ] GC(106) Forwarding Usage: 0M
[2024-07-21T19:49:21.465+0800][10.890s][gc,heap     ] GC(106) Min Capacity: 8M(3%)
[2024-07-21T19:49:21.465+0800][10.890s][gc,heap     ] GC(106) Max Capacity: 256M(100%)
[2024-07-21T19:49:21.465+0800][10.890s][gc,heap     ] GC(106) Soft Max Capacity: 256M(100%)
[2024-07-21T19:49:21.465+0800][10.890s][gc,heap     ] GC(106)                Mark Start          Mark End        Relocate Start      Relocate End           High               Low         
[2024-07-21T19:49:21.465+0800][10.890s][gc,heap     ] GC(106)  Capacity:      256M (100%)        256M (100%)        256M (100%)        256M (100%)        256M (100%)        256M (100%)   
[2024-07-21T19:49:21.465+0800][10.890s][gc,heap     ] GC(106)      Free:      110M (43%)          94M (37%)         198M (77%)         198M (77%)         198M (77%)          76M (30%)    
[2024-07-21T19:49:21.465+0800][10.890s][gc,heap     ] GC(106)      Used:      146M (57%)         162M (63%)          58M (23%)          58M (23%)         180M (70%)          58M (23%)    
[2024-07-21T19:49:21.465+0800][10.890s][gc,heap     ] GC(106)      Live:         -                12M (5%)           12M (5%)           12M (5%)             -                  -          
[2024-07-21T19:49:21.465+0800][10.890s][gc,heap     ] GC(106) Allocated:         -                16M (6%)           34M (13%)          34M (13%)            -                  -          
[2024-07-21T19:49:21.465+0800][10.890s][gc,heap     ] GC(106)   Garbage:         -               133M (52%)          11M (4%)           11M (4%)             -                  -          
[2024-07-21T19:49:21.465+0800][10.890s][gc,heap     ] GC(106) Reclaimed:         -                  -               122M (48%)         122M (48%)            -                  -          
[2024-07-21T19:49:21.465+0800][10.890s][gc          ] GC(106) Garbage Collection (Allocation Rate) 146M(57%)->58M(23%)
[2024-07-21T19:49:21.555+0800][10.979s][gc,start    ] GC(107) Garbage Collection (Allocation Rate)
[2024-07-21T19:49:22.008+0800][11.433s][gc,task     ] GC(107) Using 2 workers
[2024-07-21T19:49:22.009+0800][11.433s][gc,phases   ] GC(107) Pause Mark Start 0.011ms
[2024-07-21T19:49:22.027+0800][11.452s][gc,phases   ] GC(107) Concurrent Mark 18.335ms
[2024-07-21T19:49:22.027+0800][11.452s][gc,phases   ] GC(107) Pause Mark End 0.038ms
[2024-07-21T19:49:22.027+0800][11.452s][gc,phases   ] GC(107) Concurrent Mark Free 0.002ms
[2024-07-21T19:49:22.029+0800][11.453s][gc,phases   ] GC(107) Concurrent Process Non-Strong References 1.182ms
[2024-07-21T19:49:22.029+0800][11.453s][gc,phases   ] GC(107) Concurrent Reset Relocation Set 0.001ms
[2024-07-21T19:49:22.029+0800][11.453s][gc          ] Allocation Stall (main) 390.970ms
[2024-07-21T19:49:22.031+0800][11.455s][gc,phases   ] GC(107) Concurrent Select Relocation Set 1.721ms
[2024-07-21T19:49:22.031+0800][11.455s][gc,phases   ] GC(107) Pause Relocate Start 0.006ms
[2024-07-21T19:49:22.032+0800][11.456s][gc,phases   ] GC(107) Concurrent Relocate 0.744ms
[2024-07-21T19:49:22.032+0800][11.456s][gc,load     ] GC(107) Load: 0.00/0.00/0.00
[2024-07-21T19:49:22.032+0800][11.456s][gc,mmu      ] GC(107) MMU: 2ms/96.3%, 5ms/98.5%, 10ms/99.2%, 20ms/99.6%, 50ms/99.8%, 100ms/99.9%
[2024-07-21T19:49:22.032+0800][11.456s][gc,marking  ] GC(107) Mark: 2 stripe(s), 1 proactive flush(es), 1 terminate flush(es), 0 completion(s), 0 continuation(s) 
[2024-07-21T19:49:22.032+0800][11.456s][gc,marking  ] GC(107) Mark Stack Usage: 32M
[2024-07-21T19:49:22.032+0800][11.456s][gc,nmethod  ] GC(107) NMethods: 459 registered, 0 unregistered
[2024-07-21T19:49:22.032+0800][11.456s][gc,metaspace] GC(107) Metaspace: 1M used, 1M committed, 1032M reserved
[2024-07-21T19:49:22.032+0800][11.456s][gc,ref      ] GC(107) Soft: 93 encountered, 0 discovered, 0 enqueued
[2024-07-21T19:49:22.032+0800][11.456s][gc,ref      ] GC(107) Weak: 131 encountered, 82 discovered, 0 enqueued
[2024-07-21T19:49:22.032+0800][11.456s][gc,ref      ] GC(107) Final: 0 encountered, 0 discovered, 0 enqueued
[2024-07-21T19:49:22.032+0800][11.456s][gc,ref      ] GC(107) Phantom: 184 encountered, 131 discovered, 0 enqueued
[2024-07-21T19:49:22.032+0800][11.456s][gc,reloc    ] GC(107) Small Pages: 5 / 10M, Empty: 2M, Relocated: 1M, In-Place: 0
[2024-07-21T19:49:22.032+0800][11.456s][gc,reloc    ] GC(107) Medium Pages: 1 / 8M, Empty: 0M, Relocated: 0M, In-Place: 0
[2024-07-21T19:49:22.032+0800][11.456s][gc,reloc    ] GC(107) Large Pages: 119 / 238M, Empty: 200M, Relocated: 0M, In-Place: 0
[2024-07-21T19:49:22.032+0800][11.456s][gc,reloc    ] GC(107) Forwarding Usage: 0M
[2024-07-21T19:49:22.032+0800][11.456s][gc,heap     ] GC(107) Min Capacity: 8M(3%)
[2024-07-21T19:49:22.032+0800][11.456s][gc,heap     ] GC(107) Max Capacity: 256M(100%)
[2024-07-21T19:49:22.032+0800][11.456s][gc,heap     ] GC(107) Soft Max Capacity: 256M(100%)
[2024-07-21T19:49:22.032+0800][11.456s][gc,heap     ] GC(107)                Mark Start          Mark End        Relocate Start      Relocate End           High               Low         
[2024-07-21T19:49:22.032+0800][11.456s][gc,heap     ] GC(107)  Capacity:      256M (100%)        256M (100%)        256M (100%)        256M (100%)        256M (100%)        256M (100%)   
[2024-07-21T19:49:22.032+0800][11.456s][gc,heap     ] GC(107)      Free:        0M (0%)            0M (0%)          198M (77%)         198M (77%)         198M (77%)           0M (0%)     
[2024-07-21T19:49:22.032+0800][11.457s][gc,heap     ] GC(107)      Used:      256M (100%)        256M (100%)         58M (23%)          58M (23%)         256M (100%)         58M (23%)    
[2024-07-21T19:49:22.032+0800][11.457s][gc,heap     ] GC(107)      Live:         -                42M (17%)          42M (17%)          42M (17%)            -                  -          
[2024-07-21T19:49:22.032+0800][11.457s][gc,heap     ] GC(107) Allocated:         -                 0M (0%)            4M (2%)            4M (2%)             -                  -          
[2024-07-21T19:49:22.032+0800][11.457s][gc,heap     ] GC(107)   Garbage:         -               213M (83%)          11M (4%)           11M (4%)             -                  -          
[2024-07-21T19:49:22.032+0800][11.457s][gc,heap     ] GC(107) Reclaimed:         -                  -               202M (79%)         202M (79%)            -                  -          
[2024-07-21T19:49:22.032+0800][11.457s][gc          ] GC(107) Garbage Collection (Allocation Rate) 256M(100%)->58M(23%)
[2024-07-21T19:49:22.043+0800][11.468s][gc,start    ] GC(108) Garbage Collection (Allocation Rate)
[2024-07-21T19:49:22.043+0800][11.468s][gc,task     ] GC(108) Using 2 workers
[2024-07-21T19:49:22.043+0800][11.468s][gc,phases   ] GC(108) Pause Mark Start 0.009ms
[2024-07-21T19:49:22.059+0800][11.483s][gc,phases   ] GC(108) Concurrent Mark 15.216ms
[2024-07-21T19:49:22.059+0800][11.484s][gc,phases   ] GC(108) Pause Mark End 0.031ms
[2024-07-21T19:49:22.059+0800][11.484s][gc,phases   ] GC(108) Concurrent Mark Free 0.003ms
[2024-07-21T19:49:22.061+0800][11.485s][gc,phases   ] GC(108) Concurrent Process Non-Strong References 1.072ms
[2024-07-21T19:49:22.061+0800][11.485s][gc,phases   ] GC(108) Concurrent Reset Relocation Set 0.001ms
[2024-07-21T19:49:22.062+0800][11.487s][gc,phases   ] GC(108) Concurrent Select Relocation Set 1.866ms
[2024-07-21T19:49:22.063+0800][11.487s][gc,phases   ] GC(108) Pause Relocate Start 0.006ms
[2024-07-21T19:49:22.064+0800][11.488s][gc,phases   ] GC(108) Concurrent Relocate 0.700ms
[2024-07-21T19:49:22.064+0800][11.488s][gc,load     ] GC(108) Load: 0.00/0.00/0.00
[2024-07-21T19:49:22.064+0800][11.488s][gc,mmu      ] GC(108) MMU: 2ms/96.3%, 5ms/98.5%, 10ms/99.2%, 20ms/99.6%, 50ms/99.8%, 100ms/99.9%
[2024-07-21T19:49:22.064+0800][11.488s][gc,marking  ] GC(108) Mark: 2 stripe(s), 2 proactive flush(es), 1 terminate flush(es), 0 completion(s), 0 continuation(s) 
[2024-07-21T19:49:22.064+0800][11.488s][gc,marking  ] GC(108) Mark Stack Usage: 32M
[2024-07-21T19:49:22.064+0800][11.488s][gc,nmethod  ] GC(108) NMethods: 459 registered, 0 unregistered
[2024-07-21T19:49:22.064+0800][11.488s][gc,metaspace] GC(108) Metaspace: 1M used, 1M committed, 1032M reserved
[2024-07-21T19:49:22.064+0800][11.488s][gc,ref      ] GC(108) Soft: 93 encountered, 0 discovered, 0 enqueued
[2024-07-21T19:49:22.064+0800][11.488s][gc,ref      ] GC(108) Weak: 131 encountered, 94 discovered, 0 enqueued
[2024-07-21T19:49:22.064+0800][11.488s][gc,ref      ] GC(108) Final: 0 encountered, 0 discovered, 0 enqueued
[2024-07-21T19:49:22.064+0800][11.488s][gc,ref      ] GC(108) Phantom: 184 encountered, 159 discovered, 0 enqueued
[2024-07-21T19:49:22.064+0800][11.488s][gc,reloc    ] GC(108) Small Pages: 5 / 10M, Empty: 2M, Relocated: 1M, In-Place: 0
[2024-07-21T19:49:22.064+0800][11.488s][gc,reloc    ] GC(108) Medium Pages: 1 / 8M, Empty: 0M, Relocated: 0M, In-Place: 0
[2024-07-21T19:49:22.064+0800][11.488s][gc,reloc    ] GC(108) Large Pages: 22 / 44M, Empty: 40M, Relocated: 0M, In-Place: 0
[2024-07-21T19:49:22.064+0800][11.488s][gc,reloc    ] GC(108) Forwarding Usage: 0M
[2024-07-21T19:49:22.064+0800][11.488s][gc,heap     ] GC(108) Min Capacity: 8M(3%)
[2024-07-21T19:49:22.064+0800][11.488s][gc,heap     ] GC(108) Max Capacity: 256M(100%)
[2024-07-21T19:49:22.064+0800][11.488s][gc,heap     ] GC(108) Soft Max Capacity: 256M(100%)
[2024-07-21T19:49:22.064+0800][11.488s][gc,heap     ] GC(108)                Mark Start          Mark End        Relocate Start      Relocate End           High               Low         
[2024-07-21T19:49:22.064+0800][11.488s][gc,heap     ] GC(108)  Capacity:      256M (100%)        256M (100%)        256M (100%)        256M (100%)        256M (100%)        256M (100%)   
[2024-07-21T19:49:22.064+0800][11.488s][gc,heap     ] GC(108)      Free:      194M (76%)         172M (67%)         198M (77%)         198M (77%)         198M (77%)         156M (61%)    
[2024-07-21T19:49:22.064+0800][11.488s][gc,heap     ] GC(108)      Used:       62M (24%)          84M (33%)          58M (23%)          58M (23%)         100M (39%)          58M (23%)    
[2024-07-21T19:49:22.064+0800][11.488s][gc,heap     ] GC(108)      Live:         -                 8M (3%)            8M (3%)            8M (3%)             -                  -          
[2024-07-21T19:49:22.064+0800][11.489s][gc,heap     ] GC(108) Allocated:         -                22M (9%)           38M (15%)          38M (15%)            -                  -          
[2024-07-21T19:49:22.064+0800][11.489s][gc,heap     ] GC(108)   Garbage:         -                53M (21%)          11M (4%)           11M (4%)             -                  -          
[2024-07-21T19:49:22.064+0800][11.489s][gc,heap     ] GC(108) Reclaimed:         -                  -                42M (16%)          42M (16%)            -                  -          
[2024-07-21T19:49:22.064+0800][11.489s][gc          ] GC(108) Garbage Collection (Allocation Rate) 62M(24%)->58M(23%)
[2024-07-21T19:49:22.154+0800][11.579s][gc,start    ] GC(109) Garbage Collection (Allocation Rate)
[2024-07-21T19:49:22.154+0800][11.579s][gc,task     ] GC(109) Using 2 workers
[2024-07-21T19:49:22.154+0800][11.579s][gc,phases   ] GC(109) Pause Mark Start 0.008ms
[2024-07-21T19:49:22.169+0800][11.594s][gc,phases   ] GC(109) Concurrent Mark 14.795ms
[2024-07-21T19:49:22.169+0800][11.594s][gc,phases   ] GC(109) Pause Mark End 0.013ms
[2024-07-21T19:49:22.169+0800][11.594s][gc,phases   ] GC(109) Concurrent Mark Free 0.002ms
[2024-07-21T19:49:22.171+0800][11.596s][gc,phases   ] GC(109) Concurrent Process Non-Strong References 1.151ms
[2024-07-21T19:49:22.171+0800][11.596s][gc,phases   ] GC(109) Concurrent Reset Relocation Set 0.001ms
[2024-07-21T19:49:22.172+0800][11.597s][gc,phases   ] GC(109) Concurrent Select Relocation Set 1.582ms
[2024-07-21T19:49:22.173+0800][11.598s][gc,phases   ] GC(109) Pause Relocate Start 0.011ms
[2024-07-21T19:49:22.173+0800][11.598s][gc,phases   ] GC(109) Concurrent Relocate 0.723ms
[2024-07-21T19:49:22.173+0800][11.598s][gc,load     ] GC(109) Load: 0.00/0.00/0.00
[2024-07-21T19:49:22.173+0800][11.598s][gc,mmu      ] GC(109) MMU: 2ms/96.3%, 5ms/98.5%, 10ms/99.2%, 20ms/99.6%, 50ms/99.8%, 100ms/99.9%
[2024-07-21T19:49:22.173+0800][11.598s][gc,marking  ] GC(109) Mark: 2 stripe(s), 2 proactive flush(es), 1 terminate flush(es), 0 completion(s), 0 continuation(s) 
[2024-07-21T19:49:22.173+0800][11.598s][gc,marking  ] GC(109) Mark Stack Usage: 32M
[2024-07-21T19:49:22.173+0800][11.598s][gc,nmethod  ] GC(109) NMethods: 460 registered, 0 unregistered
[2024-07-21T19:49:22.173+0800][11.598s][gc,metaspace] GC(109) Metaspace: 1M used, 1M committed, 1032M reserved
[2024-07-21T19:49:22.173+0800][11.598s][gc,ref      ] GC(109) Soft: 93 encountered, 0 discovered, 0 enqueued
[2024-07-21T19:49:22.173+0800][11.598s][gc,ref      ] GC(109) Weak: 131 encountered, 94 discovered, 0 enqueued
[2024-07-21T19:49:22.173+0800][11.598s][gc,ref      ] GC(109) Final: 0 encountered, 0 discovered, 0 enqueued
[2024-07-21T19:49:22.173+0800][11.598s][gc,ref      ] GC(109) Phantom: 184 encountered, 143 discovered, 0 enqueued
[2024-07-21T19:49:22.173+0800][11.598s][gc,reloc    ] GC(109) Small Pages: 5 / 10M, Empty: 2M, Relocated: 1M, In-Place: 0
[2024-07-21T19:49:22.174+0800][11.599s][gc,reloc    ] GC(109) Medium Pages: 1 / 8M, Empty: 0M, Relocated: 0M, In-Place: 0
[2024-07-21T19:49:22.174+0800][11.599s][gc,reloc    ] GC(109) Large Pages: 73 / 146M, Empty: 144M, Relocated: 0M, In-Place: 0
[2024-07-21T19:49:22.174+0800][11.599s][gc,reloc    ] GC(109) Forwarding Usage: 0M
[2024-07-21T19:49:22.174+0800][11.599s][gc,heap     ] GC(109) Min Capacity: 8M(3%)
[2024-07-21T19:49:22.174+0800][11.599s][gc,heap     ] GC(109) Max Capacity: 256M(100%)
[2024-07-21T19:49:22.174+0800][11.599s][gc,heap     ] GC(109) Soft Max Capacity: 256M(100%)
[2024-07-21T19:49:22.174+0800][11.599s][gc,heap     ] GC(109)                Mark Start          Mark End        Relocate Start      Relocate End           High               Low         
[2024-07-21T19:49:22.174+0800][11.599s][gc,heap     ] GC(109)  Capacity:      256M (100%)        256M (100%)        256M (100%)        256M (100%)        256M (100%)        256M (100%)   
[2024-07-21T19:49:22.174+0800][11.599s][gc,heap     ] GC(109)      Free:       92M (36%)          72M (28%)         202M (79%)         202M (79%)         202M (79%)          56M (22%)    
[2024-07-21T19:49:22.174+0800][11.599s][gc,heap     ] GC(109)      Used:      164M (64%)         184M (72%)          54M (21%)          54M (21%)         200M (78%)          54M (21%)    
[2024-07-21T19:49:22.174+0800][11.599s][gc,heap     ] GC(109)      Live:         -                 6M (3%)            6M (3%)            6M (3%)             -                  -          
[2024-07-21T19:49:22.174+0800][11.599s][gc,heap     ] GC(109) Allocated:         -                20M (8%)           36M (14%)          36M (14%)            -                  -          
[2024-07-21T19:49:22.174+0800][11.599s][gc,heap     ] GC(109)   Garbage:         -               157M (61%)          11M (4%)           11M (4%)             -                  -          
[2024-07-21T19:49:22.174+0800][11.599s][gc,heap     ] GC(109) Reclaimed:         -                  -               146M (57%)         146M (57%)            -                  -          
[2024-07-21T19:49:22.174+0800][11.599s][gc          ] GC(109) Garbage Collection (Allocation Rate) 164M(64%)->54M(21%)
[2024-07-21T19:49:22.248+0800][11.673s][gc,start    ] GC(110) Garbage Collection (Allocation Rate)
[2024-07-21T19:49:22.248+0800][11.673s][gc,task     ] GC(110) Using 2 workers
[2024-07-21T19:49:22.248+0800][11.673s][gc,phases   ] GC(110) Pause Mark Start 0.006ms
[2024-07-21T19:49:22.264+0800][11.689s][gc,phases   ] GC(110) Concurrent Mark 15.555ms
[2024-07-21T19:49:22.264+0800][11.689s][gc,phases   ] GC(110) Pause Mark End 0.018ms
[2024-07-21T19:49:22.264+0800][11.689s][gc,phases   ] GC(110) Concurrent Mark Free 0.001ms
[2024-07-21T19:49:22.265+0800][11.690s][gc,phases   ] GC(110) Concurrent Process Non-Strong References 0.996ms
[2024-07-21T19:49:22.265+0800][11.690s][gc,phases   ] GC(110) Concurrent Reset Relocation Set 0.001ms
[2024-07-21T19:49:22.267+0800][11.692s][gc,phases   ] GC(110) Concurrent Select Relocation Set 1.940ms
[2024-07-21T19:49:22.267+0800][11.692s][gc,phases   ] GC(110) Pause Relocate Start 0.007ms
[2024-07-21T19:49:22.269+0800][11.694s][gc,phases   ] GC(110) Concurrent Relocate 1.258ms
[2024-07-21T19:49:22.269+0800][11.694s][gc,load     ] GC(110) Load: 0.00/0.00/0.00
[2024-07-21T19:49:22.269+0800][11.694s][gc,mmu      ] GC(110) MMU: 2ms/96.3%, 5ms/98.5%, 10ms/99.2%, 20ms/99.6%, 50ms/99.8%, 100ms/99.9%
[2024-07-21T19:49:22.269+0800][11.694s][gc,marking  ] GC(110) Mark: 2 stripe(s), 2 proactive flush(es), 1 terminate flush(es), 0 completion(s), 0 continuation(s) 
[2024-07-21T19:49:22.269+0800][11.694s][gc,marking  ] GC(110) Mark Stack Usage: 32M
[2024-07-21T19:49:22.269+0800][11.694s][gc,nmethod  ] GC(110) NMethods: 460 registered, 0 unregistered
[2024-07-21T19:49:22.269+0800][11.694s][gc,metaspace] GC(110) Metaspace: 1M used, 1M committed, 1032M reserved
[2024-07-21T19:49:22.269+0800][11.694s][gc,ref      ] GC(110) Soft: 93 encountered, 0 discovered, 0 enqueued
[2024-07-21T19:49:22.269+0800][11.694s][gc,ref      ] GC(110) Weak: 131 encountered, 0 discovered, 0 enqueued
[2024-07-21T19:49:22.269+0800][11.694s][gc,ref      ] GC(110) Final: 0 encountered, 0 discovered, 0 enqueued
[2024-07-21T19:49:22.269+0800][11.694s][gc,ref      ] GC(110) Phantom: 184 encountered, 132 discovered, 0 enqueued
[2024-07-21T19:49:22.269+0800][11.694s][gc,reloc    ] GC(110) Small Pages: 5 / 10M, Empty: 2M, Relocated: 1M, In-Place: 0
[2024-07-21T19:49:22.269+0800][11.694s][gc,reloc    ] GC(110) Medium Pages: 1 / 8M, Empty: 0M, Relocated: 0M, In-Place: 0
[2024-07-21T19:49:22.269+0800][11.694s][gc,reloc    ] GC(110) Large Pages: 60 / 120M, Empty: 118M, Relocated: 0M, In-Place: 0
[2024-07-21T19:49:22.269+0800][11.694s][gc,reloc    ] GC(110) Forwarding Usage: 0M
[2024-07-21T19:49:22.269+0800][11.694s][gc,heap     ] GC(110) Min Capacity: 8M(3%)
[2024-07-21T19:49:22.269+0800][11.694s][gc,heap     ] GC(110) Max Capacity: 256M(100%)
[2024-07-21T19:49:22.269+0800][11.694s][gc,heap     ] GC(110) Soft Max Capacity: 256M(100%)
[2024-07-21T19:49:22.269+0800][11.694s][gc,heap     ] GC(110)                Mark Start          Mark End        Relocate Start      Relocate End           High               Low         
[2024-07-21T19:49:22.269+0800][11.694s][gc,heap     ] GC(110)  Capacity:      256M (100%)        256M (100%)        256M (100%)        256M (100%)        256M (100%)        256M (100%)   
[2024-07-21T19:49:22.269+0800][11.694s][gc,heap     ] GC(110)      Free:      118M (46%)          98M (38%)         208M (81%)         200M (78%)         208M (81%)          88M (34%)    
[2024-07-21T19:49:22.269+0800][11.694s][gc,heap     ] GC(110)      Used:      138M (54%)         158M (62%)          48M (19%)          56M (22%)         168M (66%)          48M (19%)    
[2024-07-21T19:49:22.269+0800][11.694s][gc,heap     ] GC(110)      Live:         -                 6M (3%)            6M (3%)            6M (3%)             -                  -          
[2024-07-21T19:49:22.269+0800][11.694s][gc,heap     ] GC(110) Allocated:         -                20M (8%)           30M (12%)          37M (15%)            -                  -          
[2024-07-21T19:49:22.269+0800][11.694s][gc,heap     ] GC(110)   Garbage:         -               131M (51%)          11M (4%)           11M (4%)             -                  -          
[2024-07-21T19:49:22.269+0800][11.694s][gc,heap     ] GC(110) Reclaimed:         -                  -               120M (47%)         119M (47%)            -                  -          
[2024-07-21T19:49:22.269+0800][11.694s][gc          ] GC(110) Garbage Collection (Allocation Rate) 138M(54%)->56M(22%)
[2024-07-21T19:49:22.343+0800][11.768s][gc,start    ] GC(111) Garbage Collection (Allocation Rate)
[2024-07-21T19:49:22.344+0800][11.768s][gc,task     ] GC(111) Using 2 workers
[2024-07-21T19:49:22.344+0800][11.769s][gc,phases   ] GC(111) Pause Mark Start 0.042ms
[2024-07-21T19:49:22.359+0800][11.784s][gc,phases   ] GC(111) Concurrent Mark 14.850ms
[2024-07-21T19:49:22.359+0800][11.784s][gc,phases   ] GC(111) Pause Mark End 0.018ms
[2024-07-21T19:49:22.359+0800][11.784s][gc,phases   ] GC(111) Concurrent Mark Free 0.001ms
[2024-07-21T19:49:22.361+0800][11.786s][gc,phases   ] GC(111) Concurrent Process Non-Strong References 1.535ms
[2024-07-21T19:49:22.361+0800][11.786s][gc,phases   ] GC(111) Concurrent Reset Relocation Set 0.001ms
[2024-07-21T19:49:22.362+0800][11.787s][gc,phases   ] GC(111) Concurrent Select Relocation Set 1.646ms
[2024-07-21T19:49:22.362+0800][11.787s][gc,phases   ] GC(111) Pause Relocate Start 0.006ms
[2024-07-21T19:49:22.363+0800][11.788s][gc,phases   ] GC(111) Concurrent Relocate 0.748ms
[2024-07-21T19:49:22.363+0800][11.788s][gc,load     ] GC(111) Load: 0.00/0.00/0.00
[2024-07-21T19:49:22.363+0800][11.788s][gc,mmu      ] GC(111) MMU: 2ms/96.3%, 5ms/98.5%, 10ms/99.2%, 20ms/99.6%, 50ms/99.8%, 100ms/99.9%
[2024-07-21T19:49:22.363+0800][11.788s][gc,marking  ] GC(111) Mark: 2 stripe(s), 3 proactive flush(es), 1 terminate flush(es), 0 completion(s), 0 continuation(s) 
[2024-07-21T19:49:22.363+0800][11.788s][gc,marking  ] GC(111) Mark Stack Usage: 32M
[2024-07-21T19:49:22.363+0800][11.788s][gc,nmethod  ] GC(111) NMethods: 460 registered, 0 unregistered
[2024-07-21T19:49:22.363+0800][11.788s][gc,metaspace] GC(111) Metaspace: 1M used, 1M committed, 1032M reserved
[2024-07-21T19:49:22.363+0800][11.788s][gc,ref      ] GC(111) Soft: 93 encountered, 0 discovered, 0 enqueued
[2024-07-21T19:49:22.363+0800][11.788s][gc,ref      ] GC(111) Weak: 131 encountered, 107 discovered, 0 enqueued
[2024-07-21T19:49:22.364+0800][11.789s][gc,ref      ] GC(111) Final: 0 encountered, 0 discovered, 0 enqueued
[2024-07-21T19:49:22.364+0800][11.789s][gc,ref      ] GC(111) Phantom: 184 encountered, 119 discovered, 0 enqueued
[2024-07-21T19:49:22.364+0800][11.789s][gc,reloc    ] GC(111) Small Pages: 5 / 10M, Empty: 0M, Relocated: 1M, In-Place: 0
[2024-07-21T19:49:22.364+0800][11.789s][gc,reloc    ] GC(111) Medium Pages: 1 / 8M, Empty: 0M, Relocated: 0M, In-Place: 0
[2024-07-21T19:49:22.364+0800][11.789s][gc,reloc    ] GC(111) Large Pages: 63 / 126M, Empty: 124M, Relocated: 0M, In-Place: 0
[2024-07-21T19:49:22.364+0800][11.789s][gc,reloc    ] GC(111) Forwarding Usage: 0M
[2024-07-21T19:49:22.364+0800][11.789s][gc,heap     ] GC(111) Min Capacity: 8M(3%)
[2024-07-21T19:49:22.364+0800][11.789s][gc,heap     ] GC(111) Max Capacity: 256M(100%)
[2024-07-21T19:49:22.364+0800][11.789s][gc,heap     ] GC(111) Soft Max Capacity: 256M(100%)
[2024-07-21T19:49:22.364+0800][11.789s][gc,heap     ] GC(111)                Mark Start          Mark End        Relocate Start      Relocate End           High               Low         
[2024-07-21T19:49:22.364+0800][11.789s][gc,heap     ] GC(111)  Capacity:      256M (100%)        256M (100%)        256M (100%)        256M (100%)        256M (100%)        256M (100%)   
[2024-07-21T19:49:22.364+0800][11.789s][gc,heap     ] GC(111)      Free:      112M (44%)          94M (37%)         202M (79%)         204M (80%)         204M (80%)          78M (30%)    
[2024-07-21T19:49:22.364+0800][11.789s][gc,heap     ] GC(111)      Used:      144M (56%)         162M (63%)          54M (21%)          52M (20%)         178M (70%)          52M (20%)    
[2024-07-21T19:49:22.364+0800][11.789s][gc,heap     ] GC(111)      Live:         -                 6M (3%)            6M (3%)            6M (3%)             -                  -          
[2024-07-21T19:49:22.364+0800][11.789s][gc,heap     ] GC(111) Allocated:         -                18M (7%)           34M (13%)          34M (13%)            -                  -          
[2024-07-21T19:49:22.364+0800][11.789s][gc,heap     ] GC(111)   Garbage:         -               137M (54%)          13M (5%)           11M (4%)             -                  -          
[2024-07-21T19:49:22.364+0800][11.789s][gc,heap     ] GC(111) Reclaimed:         -                  -               124M (48%)         126M (49%)            -                  -          
[2024-07-21T19:49:22.364+0800][11.789s][gc          ] GC(111) Garbage Collection (Allocation Rate) 144M(56%)->52M(20%)
[2024-07-21T19:49:22.453+0800][11.878s][gc,start    ] GC(112) Garbage Collection (Allocation Rate)
[2024-07-21T19:49:22.453+0800][11.878s][gc,task     ] GC(112) Using 2 workers
[2024-07-21T19:49:22.454+0800][11.878s][gc,phases   ] GC(112) Pause Mark Start 0.007ms
[2024-07-21T19:49:22.469+0800][11.894s][gc,phases   ] GC(112) Concurrent Mark 15.650ms
[2024-07-21T19:49:22.469+0800][11.894s][gc,phases   ] GC(112) Pause Mark End 0.016ms
[2024-07-21T19:49:22.469+0800][11.894s][gc,phases   ] GC(112) Concurrent Mark Free 0.002ms
[2024-07-21T19:49:22.471+0800][11.896s][gc,phases   ] GC(112) Concurrent Process Non-Strong References 1.091ms
[2024-07-21T19:49:22.471+0800][11.896s][gc,phases   ] GC(112) Concurrent Reset Relocation Set 0.001ms
[2024-07-21T19:49:22.473+0800][11.898s][gc,phases   ] GC(112) Concurrent Select Relocation Set 2.383ms
[2024-07-21T19:49:22.473+0800][11.898s][gc,phases   ] GC(112) Pause Relocate Start 0.008ms
[2024-07-21T19:49:22.475+0800][11.900s][gc,phases   ] GC(112) Concurrent Relocate 1.407ms
[2024-07-21T19:49:22.475+0800][11.900s][gc,load     ] GC(112) Load: 0.00/0.00/0.00
[2024-07-21T19:49:22.475+0800][11.900s][gc,mmu      ] GC(112) MMU: 2ms/96.3%, 5ms/98.5%, 10ms/99.2%, 20ms/99.6%, 50ms/99.8%, 100ms/99.9%
[2024-07-21T19:49:22.475+0800][11.900s][gc,marking  ] GC(112) Mark: 2 stripe(s), 2 proactive flush(es), 1 terminate flush(es), 0 completion(s), 0 continuation(s) 
[2024-07-21T19:49:22.475+0800][11.900s][gc,marking  ] GC(112) Mark Stack Usage: 32M
[2024-07-21T19:49:22.475+0800][11.900s][gc,nmethod  ] GC(112) NMethods: 460 registered, 0 unregistered
[2024-07-21T19:49:22.475+0800][11.900s][gc,metaspace] GC(112) Metaspace: 1M used, 1M committed, 1032M reserved
[2024-07-21T19:49:22.475+0800][11.900s][gc,ref      ] GC(112) Soft: 93 encountered, 0 discovered, 0 enqueued
[2024-07-21T19:49:22.475+0800][11.900s][gc,ref      ] GC(112) Weak: 131 encountered, 0 discovered, 0 enqueued
[2024-07-21T19:49:22.475+0800][11.900s][gc,ref      ] GC(112) Final: 0 encountered, 0 discovered, 0 enqueued
[2024-07-21T19:49:22.475+0800][11.900s][gc,ref      ] GC(112) Phantom: 184 encountered, 179 discovered, 0 enqueued
[2024-07-21T19:49:22.475+0800][11.900s][gc,reloc    ] GC(112) Small Pages: 5 / 10M, Empty: 2M, Relocated: 1M, In-Place: 0
[2024-07-21T19:49:22.475+0800][11.900s][gc,reloc    ] GC(112) Medium Pages: 1 / 8M, Empty: 0M, Relocated: 0M, In-Place: 0
[2024-07-21T19:49:22.475+0800][11.900s][gc,reloc    ] GC(112) Large Pages: 69 / 138M, Empty: 134M, Relocated: 0M, In-Place: 0
[2024-07-21T19:49:22.475+0800][11.900s][gc,reloc    ] GC(112) Forwarding Usage: 0M
[2024-07-21T19:49:22.475+0800][11.900s][gc,heap     ] GC(112) Min Capacity: 8M(3%)
[2024-07-21T19:49:22.475+0800][11.900s][gc,heap     ] GC(112) Max Capacity: 256M(100%)
[2024-07-21T19:49:22.475+0800][11.900s][gc,heap     ] GC(112) Soft Max Capacity: 256M(100%)
[2024-07-21T19:49:22.475+0800][11.900s][gc,heap     ] GC(112)                Mark Start          Mark End        Relocate Start      Relocate End           High               Low         
[2024-07-21T19:49:22.475+0800][11.900s][gc,heap     ] GC(112)  Capacity:      256M (100%)        256M (100%)        256M (100%)        256M (100%)        256M (100%)        256M (100%)   
[2024-07-21T19:49:22.475+0800][11.900s][gc,heap     ] GC(112)      Free:      100M (39%)          80M (31%)         200M (78%)         198M (77%)         200M (78%)          72M (28%)    
[2024-07-21T19:49:22.475+0800][11.900s][gc,heap     ] GC(112)      Used:      156M (61%)         176M (69%)          56M (22%)          58M (23%)         184M (72%)          56M (22%)    
[2024-07-21T19:49:22.475+0800][11.900s][gc,heap     ] GC(112)      Live:         -                 8M (3%)            8M (3%)            8M (3%)             -                  -          
[2024-07-21T19:49:22.476+0800][11.901s][gc,heap     ] GC(112) Allocated:         -                20M (8%)           36M (14%)          37M (15%)            -                  -          
[2024-07-21T19:49:22.476+0800][11.901s][gc,heap     ] GC(112)   Garbage:         -               147M (58%)          11M (4%)           11M (4%)             -                  -          
[2024-07-21T19:49:22.476+0800][11.901s][gc,heap     ] GC(112) Reclaimed:         -                  -               136M (53%)         135M (53%)            -                  -          
[2024-07-21T19:49:22.476+0800][11.901s][gc          ] GC(112) Garbage Collection (Allocation Rate) 156M(61%)->58M(23%)
[2024-07-21T19:49:22.548+0800][11.973s][gc,start    ] GC(113) Garbage Collection (Allocation Rate)
[2024-07-21T19:49:22.548+0800][11.973s][gc,task     ] GC(113) Using 2 workers
[2024-07-21T19:49:22.548+0800][11.973s][gc,phases   ] GC(113) Pause Mark Start 0.006ms
[2024-07-21T19:49:22.563+0800][11.988s][gc,phases   ] GC(113) Concurrent Mark 14.910ms
[2024-07-21T19:49:22.563+0800][11.988s][gc,phases   ] GC(113) Pause Mark End 0.012ms
[2024-07-21T19:49:22.563+0800][11.989s][gc,phases   ] GC(113) Concurrent Mark Free 0.002ms
[2024-07-21T19:49:22.564+0800][11.990s][gc,phases   ] GC(113) Concurrent Process Non-Strong References 1.087ms
[2024-07-21T19:49:22.565+0800][11.990s][gc,phases   ] GC(113) Concurrent Reset Relocation Set 0.002ms
[2024-07-21T19:49:22.566+0800][11.991s][gc,phases   ] GC(113) Concurrent Select Relocation Set 1.677ms
[2024-07-21T19:49:22.566+0800][11.992s][gc,phases   ] GC(113) Pause Relocate Start 0.007ms
[2024-07-21T19:49:22.567+0800][11.993s][gc,phases   ] GC(113) Concurrent Relocate 0.813ms
[2024-07-21T19:49:22.567+0800][11.993s][gc,load     ] GC(113) Load: 0.00/0.00/0.00
[2024-07-21T19:49:22.567+0800][11.993s][gc,mmu      ] GC(113) MMU: 2ms/96.3%, 5ms/98.5%, 10ms/99.2%, 20ms/99.6%, 50ms/99.8%, 100ms/99.9%
[2024-07-21T19:49:22.567+0800][11.993s][gc,marking  ] GC(113) Mark: 2 stripe(s), 2 proactive flush(es), 1 terminate flush(es), 0 completion(s), 0 continuation(s) 
[2024-07-21T19:49:22.567+0800][11.993s][gc,marking  ] GC(113) Mark Stack Usage: 32M
[2024-07-21T19:49:22.567+0800][11.993s][gc,nmethod  ] GC(113) NMethods: 461 registered, 0 unregistered
[2024-07-21T19:49:22.567+0800][11.993s][gc,metaspace] GC(113) Metaspace: 1M used, 1M committed, 1032M reserved
[2024-07-21T19:49:22.567+0800][11.993s][gc,ref      ] GC(113) Soft: 93 encountered, 0 discovered, 0 enqueued
[2024-07-21T19:49:22.567+0800][11.993s][gc,ref      ] GC(113) Weak: 131 encountered, 95 discovered, 0 enqueued
[2024-07-21T19:49:22.567+0800][11.993s][gc,ref      ] GC(113) Final: 0 encountered, 0 discovered, 0 enqueued
[2024-07-21T19:49:22.567+0800][11.993s][gc,ref      ] GC(113) Phantom: 184 encountered, 146 discovered, 0 enqueued
[2024-07-21T19:49:22.567+0800][11.993s][gc,reloc    ] GC(113) Small Pages: 5 / 10M, Empty: 0M, Relocated: 1M, In-Place: 0
[2024-07-21T19:49:22.568+0800][11.993s][gc,reloc    ] GC(113) Medium Pages: 1 / 8M, Empty: 0M, Relocated: 0M, In-Place: 0
[2024-07-21T19:49:22.568+0800][11.993s][gc,reloc    ] GC(113) Large Pages: 63 / 126M, Empty: 120M, Relocated: 0M, In-Place: 0
[2024-07-21T19:49:22.568+0800][11.993s][gc,reloc    ] GC(113) Forwarding Usage: 0M
[2024-07-21T19:49:22.568+0800][11.993s][gc,heap     ] GC(113) Min Capacity: 8M(3%)
[2024-07-21T19:49:22.568+0800][11.993s][gc,heap     ] GC(113) Max Capacity: 256M(100%)
[2024-07-21T19:49:22.568+0800][11.993s][gc,heap     ] GC(113) Soft Max Capacity: 256M(100%)
[2024-07-21T19:49:22.568+0800][11.993s][gc,heap     ] GC(113)                Mark Start          Mark End        Relocate Start      Relocate End           High               Low         
[2024-07-21T19:49:22.568+0800][11.993s][gc,heap     ] GC(113)  Capacity:      256M (100%)        256M (100%)        256M (100%)        256M (100%)        256M (100%)        256M (100%)   
[2024-07-21T19:49:22.568+0800][11.993s][gc,heap     ] GC(113)      Free:      112M (44%)          92M (36%)         196M (77%)         198M (77%)         198M (77%)          76M (30%)    
[2024-07-21T19:49:22.568+0800][11.993s][gc,heap     ] GC(113)      Used:      144M (56%)         164M (64%)          60M (23%)          58M (23%)         180M (70%)          58M (23%)    
[2024-07-21T19:49:22.568+0800][11.993s][gc,heap     ] GC(113)      Live:         -                10M (4%)           10M (4%)           10M (4%)             -                  -          
[2024-07-21T19:49:22.568+0800][11.993s][gc,heap     ] GC(113) Allocated:         -                20M (8%)           36M (14%)          36M (14%)            -                  -          
[2024-07-21T19:49:22.568+0800][11.993s][gc,heap     ] GC(113)   Garbage:         -               133M (52%)          13M (5%)           11M (4%)             -                  -          
[2024-07-21T19:49:22.568+0800][11.993s][gc,heap     ] GC(113) Reclaimed:         -                  -               120M (47%)         122M (48%)            -                  -          
[2024-07-21T19:49:22.568+0800][11.993s][gc          ] GC(113) Garbage Collection (Allocation Rate) 144M(56%)->58M(23%)
[2024-07-21T19:49:22.642+0800][12.067s][gc,start    ] GC(114) Garbage Collection (Allocation Rate)
[2024-07-21T19:49:22.643+0800][12.067s][gc,task     ] GC(114) Using 2 workers
[2024-07-21T19:49:22.643+0800][12.067s][gc,phases   ] GC(114) Pause Mark Start 0.009ms
[2024-07-21T19:49:22.658+0800][12.083s][gc,phases   ] GC(114) Concurrent Mark 15.587ms
[2024-07-21T19:49:22.658+0800][12.083s][gc,phases   ] GC(114) Pause Mark End 0.026ms
[2024-07-21T19:49:22.658+0800][12.083s][gc,phases   ] GC(114) Concurrent Mark Free 0.001ms
[2024-07-21T19:49:22.660+0800][12.086s][gc,phases   ] GC(114) Concurrent Process Non-Strong References 2.250ms
[2024-07-21T19:49:22.660+0800][12.086s][gc,phases   ] GC(114) Concurrent Reset Relocation Set 0.002ms
[2024-07-21T19:49:22.662+0800][12.088s][gc,phases   ] GC(114) Concurrent Select Relocation Set 1.803ms
[2024-07-21T19:49:22.662+0800][12.088s][gc,phases   ] GC(114) Pause Relocate Start 0.006ms
[2024-07-21T19:49:22.663+0800][12.089s][gc,phases   ] GC(114) Concurrent Relocate 0.917ms
[2024-07-21T19:49:22.663+0800][12.089s][gc,load     ] GC(114) Load: 0.00/0.00/0.00
[2024-07-21T19:49:22.663+0800][12.089s][gc,mmu      ] GC(114) MMU: 2ms/96.3%, 5ms/98.5%, 10ms/99.2%, 20ms/99.6%, 50ms/99.8%, 100ms/99.9%
[2024-07-21T19:49:22.663+0800][12.089s][gc,marking  ] GC(114) Mark: 2 stripe(s), 2 proactive flush(es), 1 terminate flush(es), 0 completion(s), 0 continuation(s) 
[2024-07-21T19:49:22.663+0800][12.089s][gc,marking  ] GC(114) Mark Stack Usage: 32M
[2024-07-21T19:49:22.663+0800][12.089s][gc,nmethod  ] GC(114) NMethods: 461 registered, 0 unregistered
[2024-07-21T19:49:22.663+0800][12.089s][gc,metaspace] GC(114) Metaspace: 1M used, 1M committed, 1032M reserved
[2024-07-21T19:49:22.664+0800][12.089s][gc,ref      ] GC(114) Soft: 93 encountered, 0 discovered, 0 enqueued
[2024-07-21T19:49:22.664+0800][12.089s][gc,ref      ] GC(114) Weak: 131 encountered, 110 discovered, 0 enqueued
[2024-07-21T19:49:22.664+0800][12.089s][gc,ref      ] GC(114) Final: 0 encountered, 0 discovered, 0 enqueued
[2024-07-21T19:49:22.664+0800][12.089s][gc,ref      ] GC(114) Phantom: 184 encountered, 125 discovered, 0 enqueued
[2024-07-21T19:49:22.664+0800][12.089s][gc,reloc    ] GC(114) Small Pages: 5 / 10M, Empty: 2M, Relocated: 1M, In-Place: 0
[2024-07-21T19:49:22.664+0800][12.089s][gc,reloc    ] GC(114) Medium Pages: 1 / 8M, Empty: 0M, Relocated: 0M, In-Place: 0
[2024-07-21T19:49:22.664+0800][12.089s][gc,reloc    ] GC(114) Large Pages: 63 / 126M, Empty: 120M, Relocated: 0M, In-Place: 0
[2024-07-21T19:49:22.664+0800][12.089s][gc,reloc    ] GC(114) Forwarding Usage: 0M
[2024-07-21T19:49:22.664+0800][12.089s][gc,heap     ] GC(114) Min Capacity: 8M(3%)
[2024-07-21T19:49:22.664+0800][12.089s][gc,heap     ] GC(114) Max Capacity: 256M(100%)
[2024-07-21T19:49:22.664+0800][12.089s][gc,heap     ] GC(114) Soft Max Capacity: 256M(100%)
[2024-07-21T19:49:22.664+0800][12.089s][gc,heap     ] GC(114)                Mark Start          Mark End        Relocate Start      Relocate End           High               Low         
[2024-07-21T19:49:22.664+0800][12.089s][gc,heap     ] GC(114)  Capacity:      256M (100%)        256M (100%)        256M (100%)        256M (100%)        256M (100%)        256M (100%)   
[2024-07-21T19:49:22.664+0800][12.089s][gc,heap     ] GC(114)      Free:      112M (44%)          94M (37%)         198M (77%)         198M (77%)         198M (77%)          76M (30%)    
[2024-07-21T19:49:22.664+0800][12.089s][gc,heap     ] GC(114)      Used:      144M (56%)         162M (63%)          58M (23%)          58M (23%)         180M (70%)          58M (23%)    
[2024-07-21T19:49:22.664+0800][12.089s][gc,heap     ] GC(114)      Live:         -                10M (4%)           10M (4%)           10M (4%)             -                  -          
[2024-07-21T19:49:22.664+0800][12.089s][gc,heap     ] GC(114) Allocated:         -                18M (7%)           36M (14%)          36M (14%)            -                  -          
[2024-07-21T19:49:22.664+0800][12.089s][gc,heap     ] GC(114)   Garbage:         -               133M (52%)          11M (4%)           11M (4%)             -                  -          
[2024-07-21T19:49:22.664+0800][12.089s][gc,heap     ] GC(114) Reclaimed:         -                  -               122M (48%)         122M (48%)            -                  -          
[2024-07-21T19:49:22.664+0800][12.089s][gc          ] GC(114) Garbage Collection (Allocation Rate) 144M(56%)->58M(23%)
[2024-07-21T19:49:22.755+0800][12.179s][gc,start    ] GC(115) Garbage Collection (Allocation Rate)
[2024-07-21T19:49:22.755+0800][12.180s][gc,task     ] GC(115) Using 2 workers
[2024-07-21T19:49:22.755+0800][12.180s][gc,phases   ] GC(115) Pause Mark Start 0.007ms
[2024-07-21T19:49:22.771+0800][12.195s][gc,phases   ] GC(115) Concurrent Mark 15.391ms
[2024-07-21T19:49:22.771+0800][12.196s][gc,phases   ] GC(115) Pause Mark End 0.020ms
[2024-07-21T19:49:22.771+0800][12.196s][gc,phases   ] GC(115) Concurrent Mark Free 0.003ms
[2024-07-21T19:49:22.772+0800][12.197s][gc,phases   ] GC(115) Concurrent Process Non-Strong References 1.131ms
[2024-07-21T19:49:22.772+0800][12.197s][gc,phases   ] GC(115) Concurrent Reset Relocation Set 0.001ms
[2024-07-21T19:49:22.774+0800][12.199s][gc,phases   ] GC(115) Concurrent Select Relocation Set 1.924ms
[2024-07-21T19:49:22.774+0800][12.199s][gc,phases   ] GC(115) Pause Relocate Start 0.007ms
[2024-07-21T19:49:22.775+0800][12.200s][gc,phases   ] GC(115) Concurrent Relocate 0.777ms
[2024-07-21T19:49:22.775+0800][12.200s][gc,load     ] GC(115) Load: 0.00/0.00/0.00
[2024-07-21T19:49:22.775+0800][12.200s][gc,mmu      ] GC(115) MMU: 2ms/96.3%, 5ms/98.5%, 10ms/99.2%, 20ms/99.6%, 50ms/99.8%, 100ms/99.9%
[2024-07-21T19:49:22.775+0800][12.200s][gc,marking  ] GC(115) Mark: 2 stripe(s), 2 proactive flush(es), 1 terminate flush(es), 0 completion(s), 0 continuation(s) 
[2024-07-21T19:49:22.775+0800][12.200s][gc,marking  ] GC(115) Mark Stack Usage: 32M
[2024-07-21T19:49:22.775+0800][12.200s][gc,nmethod  ] GC(115) NMethods: 461 registered, 0 unregistered
[2024-07-21T19:49:22.775+0800][12.200s][gc,metaspace] GC(115) Metaspace: 1M used, 1M committed, 1032M reserved
[2024-07-21T19:49:22.775+0800][12.200s][gc,ref      ] GC(115) Soft: 93 encountered, 0 discovered, 0 enqueued
[2024-07-21T19:49:22.775+0800][12.200s][gc,ref      ] GC(115) Weak: 131 encountered, 52 discovered, 0 enqueued
[2024-07-21T19:49:22.775+0800][12.200s][gc,ref      ] GC(115) Final: 0 encountered, 0 discovered, 0 enqueued
[2024-07-21T19:49:22.775+0800][12.200s][gc,ref      ] GC(115) Phantom: 184 encountered, 118 discovered, 0 enqueued
[2024-07-21T19:49:22.775+0800][12.200s][gc,reloc    ] GC(115) Small Pages: 5 / 10M, Empty: 2M, Relocated: 1M, In-Place: 0
[2024-07-21T19:49:22.775+0800][12.200s][gc,reloc    ] GC(115) Medium Pages: 1 / 8M, Empty: 0M, Relocated: 0M, In-Place: 0
[2024-07-21T19:49:22.775+0800][12.200s][gc,reloc    ] GC(115) Large Pages: 75 / 150M, Empty: 148M, Relocated: 0M, In-Place: 0
[2024-07-21T19:49:22.775+0800][12.201s][gc,reloc    ] GC(115) Forwarding Usage: 0M
[2024-07-21T19:49:22.775+0800][12.201s][gc,heap     ] GC(115) Min Capacity: 8M(3%)
[2024-07-21T19:49:22.775+0800][12.201s][gc,heap     ] GC(115) Max Capacity: 256M(100%)
[2024-07-21T19:49:22.775+0800][12.201s][gc,heap     ] GC(115) Soft Max Capacity: 256M(100%)
[2024-07-21T19:49:22.775+0800][12.201s][gc,heap     ] GC(115)                Mark Start          Mark End        Relocate Start      Relocate End           High               Low         
[2024-07-21T19:49:22.775+0800][12.201s][gc,heap     ] GC(115)  Capacity:      256M (100%)        256M (100%)        256M (100%)        256M (100%)        256M (100%)        256M (100%)   
[2024-07-21T19:49:22.775+0800][12.201s][gc,heap     ] GC(115)      Free:       88M (34%)          74M (29%)         206M (80%)         206M (80%)         206M (80%)          58M (23%)    
[2024-07-21T19:49:22.775+0800][12.201s][gc,heap     ] GC(115)      Used:      168M (66%)         182M (71%)          50M (20%)          50M (20%)         198M (77%)          50M (20%)    
[2024-07-21T19:49:22.775+0800][12.201s][gc,heap     ] GC(115)      Live:         -                 6M (3%)            6M (3%)            6M (3%)             -                  -          
[2024-07-21T19:49:22.775+0800][12.201s][gc,heap     ] GC(115) Allocated:         -                14M (5%)           32M (12%)          32M (12%)            -                  -          
[2024-07-21T19:49:22.775+0800][12.201s][gc,heap     ] GC(115)   Garbage:         -               161M (63%)          11M (4%)           11M (4%)             -                  -          
[2024-07-21T19:49:22.775+0800][12.201s][gc,heap     ] GC(115) Reclaimed:         -                  -               150M (59%)         150M (59%)            -                  -          
[2024-07-21T19:49:22.775+0800][12.201s][gc          ] GC(115) Garbage Collection (Allocation Rate) 168M(66%)->50M(20%)
[2024-07-21T19:49:22.850+0800][12.275s][gc,start    ] GC(116) Garbage Collection (Allocation Rate)
[2024-07-21T19:49:22.850+0800][12.275s][gc,task     ] GC(116) Using 2 workers
[2024-07-21T19:49:22.850+0800][12.275s][gc,phases   ] GC(116) Pause Mark Start 0.006ms
[2024-07-21T19:49:22.866+0800][12.291s][gc,phases   ] GC(116) Concurrent Mark 15.584ms
[2024-07-21T19:49:22.866+0800][12.291s][gc,phases   ] GC(116) Pause Mark End 0.010ms
[2024-07-21T19:49:22.866+0800][12.291s][gc,phases   ] GC(116) Concurrent Mark Free 0.001ms
[2024-07-21T19:49:22.867+0800][12.292s][gc,phases   ] GC(116) Concurrent Process Non-Strong References 1.110ms
[2024-07-21T19:49:22.867+0800][12.292s][gc,phases   ] GC(116) Concurrent Reset Relocation Set 0.001ms
[2024-07-21T19:49:22.869+0800][12.294s][gc,phases   ] GC(116) Concurrent Select Relocation Set 1.805ms
[2024-07-21T19:49:22.869+0800][12.294s][gc,phases   ] GC(116) Pause Relocate Start 0.012ms
[2024-07-21T19:49:22.870+0800][12.295s][gc,phases   ] GC(116) Concurrent Relocate 0.882ms
[2024-07-21T19:49:22.870+0800][12.295s][gc,load     ] GC(116) Load: 0.00/0.00/0.00
[2024-07-21T19:49:22.870+0800][12.295s][gc,mmu      ] GC(116) MMU: 2ms/96.3%, 5ms/98.5%, 10ms/99.2%, 20ms/99.6%, 50ms/99.8%, 100ms/99.9%
[2024-07-21T19:49:22.870+0800][12.295s][gc,marking  ] GC(116) Mark: 2 stripe(s), 2 proactive flush(es), 1 terminate flush(es), 0 completion(s), 0 continuation(s) 
[2024-07-21T19:49:22.870+0800][12.295s][gc,marking  ] GC(116) Mark Stack Usage: 32M
[2024-07-21T19:49:22.870+0800][12.295s][gc,nmethod  ] GC(116) NMethods: 461 registered, 0 unregistered
[2024-07-21T19:49:22.870+0800][12.295s][gc,metaspace] GC(116) Metaspace: 1M used, 1M committed, 1032M reserved
[2024-07-21T19:49:22.870+0800][12.295s][gc,ref      ] GC(116) Soft: 93 encountered, 0 discovered, 0 enqueued
[2024-07-21T19:49:22.870+0800][12.295s][gc,ref      ] GC(116) Weak: 131 encountered, 96 discovered, 0 enqueued
[2024-07-21T19:49:22.870+0800][12.295s][gc,ref      ] GC(116) Final: 0 encountered, 0 discovered, 0 enqueued
[2024-07-21T19:49:22.870+0800][12.295s][gc,ref      ] GC(116) Phantom: 184 encountered, 179 discovered, 0 enqueued
[2024-07-21T19:49:22.870+0800][12.295s][gc,reloc    ] GC(116) Small Pages: 5 / 10M, Empty: 2M, Relocated: 1M, In-Place: 0
[2024-07-21T19:49:22.870+0800][12.295s][gc,reloc    ] GC(116) Medium Pages: 1 / 8M, Empty: 0M, Relocated: 0M, In-Place: 0
[2024-07-21T19:49:22.870+0800][12.295s][gc,reloc    ] GC(116) Large Pages: 60 / 120M, Empty: 118M, Relocated: 0M, In-Place: 0
[2024-07-21T19:49:22.870+0800][12.295s][gc,reloc    ] GC(116) Forwarding Usage: 0M
[2024-07-21T19:49:22.870+0800][12.295s][gc,heap     ] GC(116) Min Capacity: 8M(3%)
[2024-07-21T19:49:22.870+0800][12.295s][gc,heap     ] GC(116) Max Capacity: 256M(100%)
[2024-07-21T19:49:22.870+0800][12.295s][gc,heap     ] GC(116) Soft Max Capacity: 256M(100%)
[2024-07-21T19:49:22.871+0800][12.295s][gc,heap     ] GC(116)                Mark Start          Mark End        Relocate Start      Relocate End           High               Low         
[2024-07-21T19:49:22.871+0800][12.295s][gc,heap     ] GC(116)  Capacity:      256M (100%)        256M (100%)        256M (100%)        256M (100%)        256M (100%)        256M (100%)   
[2024-07-21T19:49:22.871+0800][12.296s][gc,heap     ] GC(116)      Free:      118M (46%)         102M (40%)         204M (80%)         204M (80%)         204M (80%)          84M (33%)    
[2024-07-21T19:49:22.871+0800][12.296s][gc,heap     ] GC(116)      Used:      138M (54%)         154M (60%)          52M (20%)          52M (20%)         172M (67%)          52M (20%)    
[2024-07-21T19:49:22.871+0800][12.296s][gc,heap     ] GC(116)      Live:         -                 6M (3%)            6M (3%)            6M (3%)             -                  -          
[2024-07-21T19:49:22.871+0800][12.296s][gc,heap     ] GC(116) Allocated:         -                16M (6%)           34M (13%)          34M (13%)            -                  -          
[2024-07-21T19:49:22.871+0800][12.296s][gc,heap     ] GC(116)   Garbage:         -               131M (51%)          11M (4%)           11M (4%)             -                  -          
[2024-07-21T19:49:22.871+0800][12.296s][gc,heap     ] GC(116) Reclaimed:         -                  -               120M (47%)         120M (47%)            -                  -          
[2024-07-21T19:49:22.871+0800][12.296s][gc          ] GC(116) Garbage Collection (Allocation Rate) 138M(54%)->52M(20%)
[2024-07-21T19:49:22.945+0800][12.370s][gc,start    ] GC(117) Garbage Collection (Allocation Rate)
[2024-07-21T19:49:22.945+0800][12.370s][gc,task     ] GC(117) Using 2 workers
[2024-07-21T19:49:22.945+0800][12.370s][gc,phases   ] GC(117) Pause Mark Start 0.011ms
[2024-07-21T19:49:22.961+0800][12.386s][gc,phases   ] GC(117) Concurrent Mark 15.842ms
[2024-07-21T19:49:22.962+0800][12.386s][gc,phases   ] GC(117) Pause Mark End 0.020ms
[2024-07-21T19:49:22.962+0800][12.387s][gc,phases   ] GC(117) Concurrent Mark Free 0.002ms
[2024-07-21T19:49:22.963+0800][12.388s][gc,phases   ] GC(117) Concurrent Process Non-Strong References 1.123ms
[2024-07-21T19:49:22.963+0800][12.388s][gc,phases   ] GC(117) Concurrent Reset Relocation Set 0.001ms
[2024-07-21T19:49:22.965+0800][12.390s][gc,phases   ] GC(117) Concurrent Select Relocation Set 1.823ms
[2024-07-21T19:49:22.965+0800][12.390s][gc,phases   ] GC(117) Pause Relocate Start 0.006ms
[2024-07-21T19:49:22.966+0800][12.391s][gc,phases   ] GC(117) Concurrent Relocate 0.806ms
[2024-07-21T19:49:22.966+0800][12.391s][gc,load     ] GC(117) Load: 0.00/0.00/0.00
[2024-07-21T19:49:22.966+0800][12.391s][gc,mmu      ] GC(117) MMU: 2ms/96.3%, 5ms/98.5%, 10ms/99.2%, 20ms/99.6%, 50ms/99.8%, 100ms/99.9%
[2024-07-21T19:49:22.966+0800][12.391s][gc,marking  ] GC(117) Mark: 2 stripe(s), 2 proactive flush(es), 1 terminate flush(es), 0 completion(s), 0 continuation(s) 
[2024-07-21T19:49:22.966+0800][12.391s][gc,marking  ] GC(117) Mark Stack Usage: 32M
[2024-07-21T19:49:22.966+0800][12.391s][gc,nmethod  ] GC(117) NMethods: 461 registered, 0 unregistered
[2024-07-21T19:49:22.966+0800][12.391s][gc,metaspace] GC(117) Metaspace: 1M used, 1M committed, 1032M reserved
[2024-07-21T19:49:22.966+0800][12.391s][gc,ref      ] GC(117) Soft: 93 encountered, 0 discovered, 0 enqueued
[2024-07-21T19:49:22.966+0800][12.391s][gc,ref      ] GC(117) Weak: 131 encountered, 97 discovered, 0 enqueued
[2024-07-21T19:49:22.966+0800][12.391s][gc,ref      ] GC(117) Final: 0 encountered, 0 discovered, 0 enqueued
[2024-07-21T19:49:22.966+0800][12.391s][gc,ref      ] GC(117) Phantom: 184 encountered, 180 discovered, 0 enqueued
[2024-07-21T19:49:22.966+0800][12.391s][gc,reloc    ] GC(117) Small Pages: 5 / 10M, Empty: 2M, Relocated: 1M, In-Place: 0
[2024-07-21T19:49:22.966+0800][12.391s][gc,reloc    ] GC(117) Medium Pages: 1 / 8M, Empty: 0M, Relocated: 0M, In-Place: 0
[2024-07-21T19:49:22.966+0800][12.391s][gc,reloc    ] GC(117) Large Pages: 59 / 118M, Empty: 116M, Relocated: 0M, In-Place: 0
[2024-07-21T19:49:22.966+0800][12.391s][gc,reloc    ] GC(117) Forwarding Usage: 0M
[2024-07-21T19:49:22.966+0800][12.391s][gc,heap     ] GC(117) Min Capacity: 8M(3%)
[2024-07-21T19:49:22.966+0800][12.391s][gc,heap     ] GC(117) Max Capacity: 256M(100%)
[2024-07-21T19:49:22.966+0800][12.391s][gc,heap     ] GC(117) Soft Max Capacity: 256M(100%)
[2024-07-21T19:49:22.966+0800][12.391s][gc,heap     ] GC(117)                Mark Start          Mark End        Relocate Start      Relocate End           High               Low         
[2024-07-21T19:49:22.966+0800][12.391s][gc,heap     ] GC(117)  Capacity:      256M (100%)        256M (100%)        256M (100%)        256M (100%)        256M (100%)        256M (100%)   
[2024-07-21T19:49:22.966+0800][12.391s][gc,heap     ] GC(117)      Free:      120M (47%)          98M (38%)         200M (78%)         200M (78%)         200M (78%)          82M (32%)    
[2024-07-21T19:49:22.966+0800][12.391s][gc,heap     ] GC(117)      Used:      136M (53%)         158M (62%)          56M (22%)          56M (22%)         174M (68%)          56M (22%)    
[2024-07-21T19:49:22.966+0800][12.391s][gc,heap     ] GC(117)      Live:         -                 6M (3%)            6M (3%)            6M (3%)             -                  -          
[2024-07-21T19:49:22.966+0800][12.391s][gc,heap     ] GC(117) Allocated:         -                22M (9%)           38M (15%)          38M (15%)            -                  -          
[2024-07-21T19:49:22.966+0800][12.391s][gc,heap     ] GC(117)   Garbage:         -               129M (51%)          11M (4%)           11M (4%)             -                  -          
[2024-07-21T19:49:22.966+0800][12.391s][gc,heap     ] GC(117) Reclaimed:         -                  -               118M (46%)         118M (46%)            -                  -          
[2024-07-21T19:49:22.966+0800][12.391s][gc          ] GC(117) Garbage Collection (Allocation Rate) 136M(53%)->56M(22%)
[2024-07-21T19:49:23.040+0800][12.465s][gc,start    ] GC(118) Garbage Collection (Allocation Rate)
[2024-07-21T19:49:23.040+0800][12.465s][gc,task     ] GC(118) Using 2 workers
[2024-07-21T19:49:23.040+0800][12.466s][gc,phases   ] GC(118) Pause Mark Start 0.011ms
[2024-07-21T19:49:23.056+0800][12.481s][gc,phases   ] GC(118) Concurrent Mark 14.977ms
[2024-07-21T19:49:23.056+0800][12.481s][gc,phases   ] GC(118) Pause Mark End 0.011ms
[2024-07-21T19:49:23.056+0800][12.481s][gc,phases   ] GC(118) Concurrent Mark Free 0.001ms
[2024-07-21T19:49:23.057+0800][12.483s][gc,phases   ] GC(118) Concurrent Process Non-Strong References 1.383ms
[2024-07-21T19:49:23.058+0800][12.483s][gc,phases   ] GC(118) Concurrent Reset Relocation Set 0.001ms
[2024-07-21T19:49:23.060+0800][12.485s][gc,phases   ] GC(118) Concurrent Select Relocation Set 2.399ms
[2024-07-21T19:49:23.060+0800][12.485s][gc,phases   ] GC(118) Pause Relocate Start 0.007ms
[2024-07-21T19:49:23.061+0800][12.486s][gc,phases   ] GC(118) Concurrent Relocate 0.868ms
[2024-07-21T19:49:23.061+0800][12.486s][gc,load     ] GC(118) Load: 0.00/0.00/0.00
[2024-07-21T19:49:23.061+0800][12.486s][gc,mmu      ] GC(118) MMU: 2ms/96.3%, 5ms/98.5%, 10ms/99.2%, 20ms/99.6%, 50ms/99.8%, 100ms/99.9%
[2024-07-21T19:49:23.061+0800][12.486s][gc,marking  ] GC(118) Mark: 2 stripe(s), 2 proactive flush(es), 1 terminate flush(es), 0 completion(s), 0 continuation(s) 
[2024-07-21T19:49:23.061+0800][12.486s][gc,marking  ] GC(118) Mark Stack Usage: 32M
[2024-07-21T19:49:23.061+0800][12.486s][gc,nmethod  ] GC(118) NMethods: 461 registered, 0 unregistered
[2024-07-21T19:49:23.061+0800][12.486s][gc,metaspace] GC(118) Metaspace: 1M used, 1M committed, 1032M reserved
[2024-07-21T19:49:23.061+0800][12.486s][gc,ref      ] GC(118) Soft: 93 encountered, 0 discovered, 0 enqueued
[2024-07-21T19:49:23.061+0800][12.486s][gc,ref      ] GC(118) Weak: 131 encountered, 110 discovered, 0 enqueued
[2024-07-21T19:49:23.061+0800][12.486s][gc,ref      ] GC(118) Final: 0 encountered, 0 discovered, 0 enqueued
[2024-07-21T19:49:23.061+0800][12.487s][gc,ref      ] GC(118) Phantom: 184 encountered, 104 discovered, 0 enqueued
[2024-07-21T19:49:23.061+0800][12.487s][gc,reloc    ] GC(118) Small Pages: 5 / 10M, Empty: 2M, Relocated: 1M, In-Place: 0
[2024-07-21T19:49:23.061+0800][12.487s][gc,reloc    ] GC(118) Medium Pages: 1 / 8M, Empty: 0M, Relocated: 0M, In-Place: 0
[2024-07-21T19:49:23.061+0800][12.487s][gc,reloc    ] GC(118) Large Pages: 63 / 126M, Empty: 124M, Relocated: 0M, In-Place: 0
[2024-07-21T19:49:23.061+0800][12.487s][gc,reloc    ] GC(118) Forwarding Usage: 0M
[2024-07-21T19:49:23.061+0800][12.487s][gc,heap     ] GC(118) Min Capacity: 8M(3%)
[2024-07-21T19:49:23.061+0800][12.487s][gc,heap     ] GC(118) Max Capacity: 256M(100%)
[2024-07-21T19:49:23.061+0800][12.487s][gc,heap     ] GC(118) Soft Max Capacity: 256M(100%)
[2024-07-21T19:49:23.062+0800][12.487s][gc,heap     ] GC(118)                Mark Start          Mark End        Relocate Start      Relocate End           High               Low         
[2024-07-21T19:49:23.062+0800][12.487s][gc,heap     ] GC(118)  Capacity:      256M (100%)        256M (100%)        256M (100%)        256M (100%)        256M (100%)        256M (100%)   
[2024-07-21T19:49:23.062+0800][12.487s][gc,heap     ] GC(118)      Free:      112M (44%)          94M (37%)         204M (80%)         204M (80%)         204M (80%)          78M (30%)    
[2024-07-21T19:49:23.062+0800][12.487s][gc,heap     ] GC(118)      Used:      144M (56%)         162M (63%)          52M (20%)          52M (20%)         178M (70%)          52M (20%)    
[2024-07-21T19:49:23.062+0800][12.487s][gc,heap     ] GC(118)      Live:         -                 6M (3%)            6M (3%)            6M (3%)             -                  -          
[2024-07-21T19:49:23.062+0800][12.487s][gc,heap     ] GC(118) Allocated:         -                18M (7%)           34M (13%)          34M (13%)            -                  -          
[2024-07-21T19:49:23.062+0800][12.487s][gc,heap     ] GC(118)   Garbage:         -               137M (54%)          11M (4%)           11M (4%)             -                  -          
[2024-07-21T19:49:23.062+0800][12.487s][gc,heap     ] GC(118) Reclaimed:         -                  -               126M (49%)         126M (49%)            -                  -          
[2024-07-21T19:49:23.062+0800][12.487s][gc          ] GC(118) Garbage Collection (Allocation Rate) 144M(56%)->52M(20%)
[2024-07-21T19:49:23.149+0800][12.574s][gc,start    ] GC(119) Garbage Collection (Allocation Rate)
[2024-07-21T19:49:23.150+0800][12.574s][gc,task     ] GC(119) Using 2 workers
[2024-07-21T19:49:23.150+0800][12.574s][gc,phases   ] GC(119) Pause Mark Start 0.013ms
[2024-07-21T19:49:23.165+0800][12.590s][gc,phases   ] GC(119) Concurrent Mark 15.178ms
[2024-07-21T19:49:23.165+0800][12.590s][gc,phases   ] GC(119) Pause Mark End 0.011ms
[2024-07-21T19:49:23.166+0800][12.590s][gc,phases   ] GC(119) Concurrent Mark Free 0.006ms
[2024-07-21T19:49:23.167+0800][12.592s][gc,phases   ] GC(119) Concurrent Process Non-Strong References 1.190ms
[2024-07-21T19:49:23.167+0800][12.592s][gc,phases   ] GC(119) Concurrent Reset Relocation Set 0.002ms
[2024-07-21T19:49:23.169+0800][12.594s][gc,phases   ] GC(119) Concurrent Select Relocation Set 1.859ms
[2024-07-21T19:49:23.169+0800][12.594s][gc,phases   ] GC(119) Pause Relocate Start 0.006ms
[2024-07-21T19:49:23.170+0800][12.595s][gc,phases   ] GC(119) Concurrent Relocate 0.756ms
[2024-07-21T19:49:23.170+0800][12.595s][gc,load     ] GC(119) Load: 0.00/0.00/0.00
[2024-07-21T19:49:23.170+0800][12.595s][gc,mmu      ] GC(119) MMU: 2ms/96.3%, 5ms/98.5%, 10ms/99.2%, 20ms/99.6%, 50ms/99.8%, 100ms/99.9%
[2024-07-21T19:49:23.170+0800][12.595s][gc,marking  ] GC(119) Mark: 2 stripe(s), 2 proactive flush(es), 1 terminate flush(es), 0 completion(s), 0 continuation(s) 
[2024-07-21T19:49:23.170+0800][12.595s][gc,marking  ] GC(119) Mark Stack Usage: 32M
[2024-07-21T19:49:23.170+0800][12.595s][gc,nmethod  ] GC(119) NMethods: 461 registered, 0 unregistered
[2024-07-21T19:49:23.170+0800][12.595s][gc,metaspace] GC(119) Metaspace: 1M used, 1M committed, 1032M reserved
[2024-07-21T19:49:23.170+0800][12.595s][gc,ref      ] GC(119) Soft: 93 encountered, 0 discovered, 0 enqueued
[2024-07-21T19:49:23.170+0800][12.595s][gc,ref      ] GC(119) Weak: 131 encountered, 96 discovered, 0 enqueued
[2024-07-21T19:49:23.170+0800][12.595s][gc,ref      ] GC(119) Final: 0 encountered, 0 discovered, 0 enqueued
[2024-07-21T19:49:23.170+0800][12.595s][gc,ref      ] GC(119) Phantom: 184 encountered, 180 discovered, 0 enqueued
[2024-07-21T19:49:23.170+0800][12.595s][gc,reloc    ] GC(119) Small Pages: 5 / 10M, Empty: 2M, Relocated: 1M, In-Place: 0
[2024-07-21T19:49:23.170+0800][12.595s][gc,reloc    ] GC(119) Medium Pages: 1 / 8M, Empty: 0M, Relocated: 0M, In-Place: 0
[2024-07-21T19:49:23.170+0800][12.595s][gc,reloc    ] GC(119) Large Pages: 69 / 138M, Empty: 134M, Relocated: 0M, In-Place: 0
[2024-07-21T19:49:23.170+0800][12.595s][gc,reloc    ] GC(119) Forwarding Usage: 0M
[2024-07-21T19:49:23.170+0800][12.595s][gc,heap     ] GC(119) Min Capacity: 8M(3%)
[2024-07-21T19:49:23.170+0800][12.595s][gc,heap     ] GC(119) Max Capacity: 256M(100%)
[2024-07-21T19:49:23.170+0800][12.595s][gc,heap     ] GC(119) Soft Max Capacity: 256M(100%)
[2024-07-21T19:49:23.170+0800][12.595s][gc,heap     ] GC(119)                Mark Start          Mark End        Relocate Start      Relocate End           High               Low         
[2024-07-21T19:49:23.170+0800][12.595s][gc,heap     ] GC(119)  Capacity:      256M (100%)        256M (100%)        256M (100%)        256M (100%)        256M (100%)        256M (100%)   
[2024-07-21T19:49:23.170+0800][12.595s][gc,heap     ] GC(119)      Free:      100M (39%)          78M (30%)         198M (77%)         198M (77%)         198M (77%)          62M (24%)    
[2024-07-21T19:49:23.170+0800][12.595s][gc,heap     ] GC(119)      Used:      156M (61%)         178M (70%)          58M (23%)          58M (23%)         194M (76%)          58M (23%)    
[2024-07-21T19:49:23.170+0800][12.595s][gc,heap     ] GC(119)      Live:         -                 8M (3%)            8M (3%)            8M (3%)             -                  -          
[2024-07-21T19:49:23.170+0800][12.595s][gc,heap     ] GC(119) Allocated:         -                22M (9%)           38M (15%)          38M (15%)            -                  -          
[2024-07-21T19:49:23.170+0800][12.595s][gc,heap     ] GC(119)   Garbage:         -               147M (58%)          11M (4%)           11M (4%)             -                  -          
[2024-07-21T19:49:23.170+0800][12.595s][gc,heap     ] GC(119) Reclaimed:         -                  -               136M (53%)         136M (53%)            -                  -          
[2024-07-21T19:49:23.170+0800][12.595s][gc          ] GC(119) Garbage Collection (Allocation Rate) 156M(61%)->58M(23%)
[2024-07-21T19:49:23.243+0800][12.668s][gc,start    ] GC(120) Garbage Collection (Allocation Rate)
[2024-07-21T19:49:23.243+0800][12.668s][gc,task     ] GC(120) Using 2 workers
[2024-07-21T19:49:23.244+0800][12.668s][gc,phases   ] GC(120) Pause Mark Start 0.014ms
[2024-07-21T19:49:23.258+0800][12.683s][gc,phases   ] GC(120) Concurrent Mark 14.667ms
[2024-07-21T19:49:23.258+0800][12.683s][gc,phases   ] GC(120) Pause Mark End 0.026ms
[2024-07-21T19:49:23.258+0800][12.683s][gc,phases   ] GC(120) Concurrent Mark Free 0.001ms
[2024-07-21T19:49:23.259+0800][12.685s][gc,phases   ] GC(120) Concurrent Process Non-Strong References 1.342ms
[2024-07-21T19:49:23.259+0800][12.685s][gc,phases   ] GC(120) Concurrent Reset Relocation Set 0.001ms
[2024-07-21T19:49:23.261+0800][12.687s][gc,phases   ] GC(120) Concurrent Select Relocation Set 2.105ms
[2024-07-21T19:49:23.262+0800][12.687s][gc,phases   ] GC(120) Pause Relocate Start 0.007ms
[2024-07-21T19:49:23.263+0800][12.688s][gc,phases   ] GC(120) Concurrent Relocate 0.942ms
[2024-07-21T19:49:23.263+0800][12.688s][gc,load     ] GC(120) Load: 0.00/0.00/0.00
[2024-07-21T19:49:23.263+0800][12.688s][gc,mmu      ] GC(120) MMU: 2ms/96.3%, 5ms/98.5%, 10ms/99.2%, 20ms/99.6%, 50ms/99.8%, 100ms/99.9%
[2024-07-21T19:49:23.263+0800][12.688s][gc,marking  ] GC(120) Mark: 2 stripe(s), 2 proactive flush(es), 1 terminate flush(es), 0 completion(s), 0 continuation(s) 
[2024-07-21T19:49:23.263+0800][12.688s][gc,marking  ] GC(120) Mark Stack Usage: 32M
[2024-07-21T19:49:23.263+0800][12.688s][gc,nmethod  ] GC(120) NMethods: 461 registered, 0 unregistered
[2024-07-21T19:49:23.263+0800][12.688s][gc,metaspace] GC(120) Metaspace: 1M used, 1M committed, 1032M reserved
[2024-07-21T19:49:23.263+0800][12.688s][gc,ref      ] GC(120) Soft: 93 encountered, 0 discovered, 0 enqueued
[2024-07-21T19:49:23.263+0800][12.688s][gc,ref      ] GC(120) Weak: 131 encountered, 13 discovered, 0 enqueued
[2024-07-21T19:49:23.263+0800][12.688s][gc,ref      ] GC(120) Final: 0 encountered, 0 discovered, 0 enqueued
[2024-07-21T19:49:23.263+0800][12.688s][gc,ref      ] GC(120) Phantom: 184 encountered, 118 discovered, 0 enqueued
[2024-07-21T19:49:23.263+0800][12.688s][gc,reloc    ] GC(120) Small Pages: 5 / 10M, Empty: 2M, Relocated: 1M, In-Place: 0
[2024-07-21T19:49:23.263+0800][12.688s][gc,reloc    ] GC(120) Medium Pages: 1 / 8M, Empty: 0M, Relocated: 0M, In-Place: 0
[2024-07-21T19:49:23.263+0800][12.688s][gc,reloc    ] GC(120) Large Pages: 63 / 126M, Empty: 120M, Relocated: 0M, In-Place: 0
[2024-07-21T19:49:23.263+0800][12.688s][gc,reloc    ] GC(120) Forwarding Usage: 0M
[2024-07-21T19:49:23.263+0800][12.688s][gc,heap     ] GC(120) Min Capacity: 8M(3%)
[2024-07-21T19:49:23.263+0800][12.688s][gc,heap     ] GC(120) Max Capacity: 256M(100%)
[2024-07-21T19:49:23.263+0800][12.689s][gc,heap     ] GC(120) Soft Max Capacity: 256M(100%)
[2024-07-21T19:49:23.263+0800][12.689s][gc,heap     ] GC(120)                Mark Start          Mark End        Relocate Start      Relocate End           High               Low         
[2024-07-21T19:49:23.263+0800][12.689s][gc,heap     ] GC(120)  Capacity:      256M (100%)        256M (100%)        256M (100%)        256M (100%)        256M (100%)        256M (100%)   
[2024-07-21T19:49:23.263+0800][12.689s][gc,heap     ] GC(120)      Free:      112M (44%)          92M (36%)         198M (77%)         198M (77%)         198M (77%)          76M (30%)    
[2024-07-21T19:49:23.263+0800][12.689s][gc,heap     ] GC(120)      Used:      144M (56%)         164M (64%)          58M (23%)          58M (23%)         180M (70%)          58M (23%)    
[2024-07-21T19:49:23.263+0800][12.689s][gc,heap     ] GC(120)      Live:         -                10M (4%)           10M (4%)           10M (4%)             -                  -          
[2024-07-21T19:49:23.263+0800][12.689s][gc,heap     ] GC(120) Allocated:         -                20M (8%)           36M (14%)          36M (14%)            -                  -          
[2024-07-21T19:49:23.263+0800][12.689s][gc,heap     ] GC(120)   Garbage:         -               133M (52%)          11M (4%)           11M (4%)             -                  -          
[2024-07-21T19:49:23.263+0800][12.689s][gc,heap     ] GC(120) Reclaimed:         -                  -               122M (48%)         122M (48%)            -                  -          
[2024-07-21T19:49:23.263+0800][12.689s][gc          ] GC(120) Garbage Collection (Allocation Rate) 144M(56%)->58M(23%)
[2024-07-21T19:49:23.353+0800][12.777s][gc,start    ] GC(121) Garbage Collection (Allocation Rate)
[2024-07-21T19:49:23.353+0800][12.778s][gc,task     ] GC(121) Using 2 workers
[2024-07-21T19:49:23.353+0800][12.778s][gc,phases   ] GC(121) Pause Mark Start 0.015ms
[2024-07-21T19:49:23.369+0800][12.793s][gc,phases   ] GC(121) Concurrent Mark 15.364ms
[2024-07-21T19:49:23.369+0800][12.794s][gc,phases   ] GC(121) Pause Mark End 0.014ms
[2024-07-21T19:49:23.369+0800][12.794s][gc,phases   ] GC(121) Concurrent Mark Free 0.002ms
[2024-07-21T19:49:23.371+0800][12.795s][gc,phases   ] GC(121) Concurrent Process Non-Strong References 1.235ms
[2024-07-21T19:49:23.371+0800][12.795s][gc,phases   ] GC(121) Concurrent Reset Relocation Set 0.001ms
[2024-07-21T19:49:23.372+0800][12.797s][gc,phases   ] GC(121) Concurrent Select Relocation Set 1.615ms
[2024-07-21T19:49:23.372+0800][12.797s][gc,phases   ] GC(121) Pause Relocate Start 0.006ms
[2024-07-21T19:49:23.373+0800][12.798s][gc,phases   ] GC(121) Concurrent Relocate 0.759ms
[2024-07-21T19:49:23.373+0800][12.798s][gc,load     ] GC(121) Load: 0.00/0.00/0.00
[2024-07-21T19:49:23.373+0800][12.798s][gc,mmu      ] GC(121) MMU: 2ms/96.3%, 5ms/98.5%, 10ms/99.2%, 20ms/99.6%, 50ms/99.8%, 100ms/99.9%
[2024-07-21T19:49:23.373+0800][12.798s][gc,marking  ] GC(121) Mark: 2 stripe(s), 2 proactive flush(es), 1 terminate flush(es), 0 completion(s), 0 continuation(s) 
[2024-07-21T19:49:23.373+0800][12.798s][gc,marking  ] GC(121) Mark Stack Usage: 32M
[2024-07-21T19:49:23.373+0800][12.798s][gc,nmethod  ] GC(121) NMethods: 461 registered, 0 unregistered
[2024-07-21T19:49:23.373+0800][12.798s][gc,metaspace] GC(121) Metaspace: 1M used, 1M committed, 1032M reserved
[2024-07-21T19:49:23.373+0800][12.798s][gc,ref      ] GC(121) Soft: 93 encountered, 0 discovered, 0 enqueued
[2024-07-21T19:49:23.373+0800][12.798s][gc,ref      ] GC(121) Weak: 131 encountered, 13 discovered, 0 enqueued
[2024-07-21T19:49:23.373+0800][12.798s][gc,ref      ] GC(121) Final: 0 encountered, 0 discovered, 0 enqueued
[2024-07-21T19:49:23.374+0800][12.798s][gc,ref      ] GC(121) Phantom: 184 encountered, 144 discovered, 0 enqueued
[2024-07-21T19:49:23.374+0800][12.798s][gc,reloc    ] GC(121) Small Pages: 5 / 10M, Empty: 2M, Relocated: 1M, In-Place: 0
[2024-07-21T19:49:23.374+0800][12.798s][gc,reloc    ] GC(121) Medium Pages: 1 / 8M, Empty: 0M, Relocated: 0M, In-Place: 0
[2024-07-21T19:49:23.374+0800][12.798s][gc,reloc    ] GC(121) Large Pages: 71 / 142M, Empty: 140M, Relocated: 0M, In-Place: 0
[2024-07-21T19:49:23.374+0800][12.798s][gc,reloc    ] GC(121) Forwarding Usage: 0M
[2024-07-21T19:49:23.374+0800][12.798s][gc,heap     ] GC(121) Min Capacity: 8M(3%)
[2024-07-21T19:49:23.374+0800][12.798s][gc,heap     ] GC(121) Max Capacity: 256M(100%)
[2024-07-21T19:49:23.374+0800][12.798s][gc,heap     ] GC(121) Soft Max Capacity: 256M(100%)
[2024-07-21T19:49:23.374+0800][12.798s][gc,heap     ] GC(121)                Mark Start          Mark End        Relocate Start      Relocate End           High               Low         
[2024-07-21T19:49:23.374+0800][12.798s][gc,heap     ] GC(121)  Capacity:      256M (100%)        256M (100%)        256M (100%)        256M (100%)        256M (100%)        256M (100%)   
[2024-07-21T19:49:23.374+0800][12.798s][gc,heap     ] GC(121)      Free:       96M (38%)          74M (29%)         198M (77%)         198M (77%)         198M (77%)          56M (22%)    
[2024-07-21T19:49:23.374+0800][12.798s][gc,heap     ] GC(121)      Used:      160M (62%)         182M (71%)          58M (23%)          58M (23%)         200M (78%)          58M (23%)    
[2024-07-21T19:49:23.374+0800][12.798s][gc,heap     ] GC(121)      Live:         -                 6M (3%)            6M (3%)            6M (3%)             -                  -          
[2024-07-21T19:49:23.374+0800][12.798s][gc,heap     ] GC(121) Allocated:         -                22M (9%)           40M (16%)          40M (16%)            -                  -          
[2024-07-21T19:49:23.374+0800][12.798s][gc,heap     ] GC(121)   Garbage:         -               153M (60%)          11M (4%)           11M (4%)             -                  -          
[2024-07-21T19:49:23.374+0800][12.798s][gc,heap     ] GC(121) Reclaimed:         -                  -               142M (55%)         142M (55%)            -                  -          
[2024-07-21T19:49:23.374+0800][12.798s][gc          ] GC(121) Garbage Collection (Allocation Rate) 160M(62%)->58M(23%)
[2024-07-21T19:49:23.448+0800][12.872s][gc,start    ] GC(122) Garbage Collection (Allocation Rate)
[2024-07-21T19:49:23.448+0800][12.872s][gc,task     ] GC(122) Using 2 workers
[2024-07-21T19:49:23.448+0800][12.873s][gc,phases   ] GC(122) Pause Mark Start 0.008ms
[2024-07-21T19:49:23.463+0800][12.888s][gc,phases   ] GC(122) Concurrent Mark 14.718ms
[2024-07-21T19:49:23.463+0800][12.888s][gc,phases   ] GC(122) Pause Mark End 0.017ms
[2024-07-21T19:49:23.463+0800][12.888s][gc,phases   ] GC(122) Concurrent Mark Free 0.001ms
[2024-07-21T19:49:23.464+0800][12.889s][gc,phases   ] GC(122) Concurrent Process Non-Strong References 1.252ms
[2024-07-21T19:49:23.465+0800][12.889s][gc,phases   ] GC(122) Concurrent Reset Relocation Set 0.001ms
[2024-07-21T19:49:23.466+0800][12.891s][gc,phases   ] GC(122) Concurrent Select Relocation Set 1.896ms
[2024-07-21T19:49:23.467+0800][12.892s][gc,phases   ] GC(122) Pause Relocate Start 0.007ms
[2024-07-21T19:49:23.468+0800][12.893s][gc,phases   ] GC(122) Concurrent Relocate 0.801ms
[2024-07-21T19:49:23.468+0800][12.893s][gc,load     ] GC(122) Load: 0.00/0.00/0.00
[2024-07-21T19:49:23.468+0800][12.893s][gc,mmu      ] GC(122) MMU: 2ms/96.3%, 5ms/98.5%, 10ms/99.2%, 20ms/99.6%, 50ms/99.8%, 100ms/99.9%
[2024-07-21T19:49:23.468+0800][12.893s][gc,marking  ] GC(122) Mark: 2 stripe(s), 2 proactive flush(es), 1 terminate flush(es), 0 completion(s), 0 continuation(s) 
[2024-07-21T19:49:23.468+0800][12.893s][gc,marking  ] GC(122) Mark Stack Usage: 32M
[2024-07-21T19:49:23.468+0800][12.893s][gc,nmethod  ] GC(122) NMethods: 467 registered, 0 unregistered
[2024-07-21T19:49:23.468+0800][12.893s][gc,metaspace] GC(122) Metaspace: 1M used, 1M committed, 1032M reserved
[2024-07-21T19:49:23.468+0800][12.893s][gc,ref      ] GC(122) Soft: 93 encountered, 0 discovered, 0 enqueued
[2024-07-21T19:49:23.468+0800][12.893s][gc,ref      ] GC(122) Weak: 131 encountered, 0 discovered, 0 enqueued
[2024-07-21T19:49:23.468+0800][12.893s][gc,ref      ] GC(122) Final: 0 encountered, 0 discovered, 0 enqueued
[2024-07-21T19:49:23.468+0800][12.893s][gc,ref      ] GC(122) Phantom: 184 encountered, 118 discovered, 0 enqueued
[2024-07-21T19:49:23.468+0800][12.893s][gc,reloc    ] GC(122) Small Pages: 5 / 10M, Empty: 2M, Relocated: 1M, In-Place: 0
[2024-07-21T19:49:23.468+0800][12.893s][gc,reloc    ] GC(122) Medium Pages: 1 / 8M, Empty: 0M, Relocated: 0M, In-Place: 0
[2024-07-21T19:49:23.468+0800][12.893s][gc,reloc    ] GC(122) Large Pages: 63 / 126M, Empty: 124M, Relocated: 0M, In-Place: 0
[2024-07-21T19:49:23.468+0800][12.893s][gc,reloc    ] GC(122) Forwarding Usage: 0M
[2024-07-21T19:49:23.468+0800][12.893s][gc,heap     ] GC(122) Min Capacity: 8M(3%)
[2024-07-21T19:49:23.468+0800][12.893s][gc,heap     ] GC(122) Max Capacity: 256M(100%)
[2024-07-21T19:49:23.468+0800][12.893s][gc,heap     ] GC(122) Soft Max Capacity: 256M(100%)
[2024-07-21T19:49:23.468+0800][12.893s][gc,heap     ] GC(122)                Mark Start          Mark End        Relocate Start      Relocate End           High               Low         
[2024-07-21T19:49:23.468+0800][12.893s][gc,heap     ] GC(122)  Capacity:      256M (100%)        256M (100%)        256M (100%)        256M (100%)        256M (100%)        256M (100%)   
[2024-07-21T19:49:23.468+0800][12.893s][gc,heap     ] GC(122)      Free:      112M (44%)          90M (35%)         202M (79%)         202M (79%)         202M (79%)          76M (30%)    
[2024-07-21T19:49:23.468+0800][12.893s][gc,heap     ] GC(122)      Used:      144M (56%)         166M (65%)          54M (21%)          54M (21%)         180M (70%)          54M (21%)    
[2024-07-21T19:49:23.468+0800][12.893s][gc,heap     ] GC(122)      Live:         -                 6M (3%)            6M (3%)            6M (3%)             -                  -          
[2024-07-21T19:49:23.468+0800][12.893s][gc,heap     ] GC(122) Allocated:         -                22M (9%)           36M (14%)          36M (14%)            -                  -          
[2024-07-21T19:49:23.468+0800][12.893s][gc,heap     ] GC(122)   Garbage:         -               137M (54%)          11M (4%)           11M (4%)             -                  -          
[2024-07-21T19:49:23.468+0800][12.893s][gc,heap     ] GC(122) Reclaimed:         -                  -               126M (49%)         126M (49%)            -                  -          
[2024-07-21T19:49:23.468+0800][12.893s][gc          ] GC(122) Garbage Collection (Allocation Rate) 144M(56%)->54M(21%)
[2024-07-21T19:49:23.543+0800][12.968s][gc,start    ] GC(123) Garbage Collection (Allocation Rate)
[2024-07-21T19:49:23.543+0800][12.968s][gc,task     ] GC(123) Using 2 workers
[2024-07-21T19:49:23.543+0800][12.968s][gc,phases   ] GC(123) Pause Mark Start 0.011ms
[2024-07-21T19:49:23.559+0800][12.983s][gc,phases   ] GC(123) Concurrent Mark 15.375ms
[2024-07-21T19:49:23.559+0800][12.984s][gc,phases   ] GC(123) Pause Mark End 0.025ms
[2024-07-21T19:49:23.559+0800][12.984s][gc,phases   ] GC(123) Concurrent Mark Free 0.001ms
[2024-07-21T19:49:23.561+0800][12.986s][gc,phases   ] GC(123) Concurrent Process Non-Strong References 1.951ms
[2024-07-21T19:49:23.561+0800][12.986s][gc,phases   ] GC(123) Concurrent Reset Relocation Set 0.001ms
[2024-07-21T19:49:23.564+0800][12.989s][gc,phases   ] GC(123) Concurrent Select Relocation Set 2.553ms
[2024-07-21T19:49:23.564+0800][12.989s][gc,phases   ] GC(123) Pause Relocate Start 0.008ms
[2024-07-21T19:49:23.565+0800][12.990s][gc,phases   ] GC(123) Concurrent Relocate 0.882ms
[2024-07-21T19:49:23.565+0800][12.990s][gc,load     ] GC(123) Load: 0.00/0.00/0.00
[2024-07-21T19:49:23.565+0800][12.990s][gc,mmu      ] GC(123) MMU: 2ms/96.3%, 5ms/98.5%, 10ms/99.2%, 20ms/99.6%, 50ms/99.8%, 100ms/99.9%
[2024-07-21T19:49:23.565+0800][12.990s][gc,marking  ] GC(123) Mark: 2 stripe(s), 2 proactive flush(es), 1 terminate flush(es), 0 completion(s), 0 continuation(s) 
[2024-07-21T19:49:23.565+0800][12.990s][gc,marking  ] GC(123) Mark Stack Usage: 32M
[2024-07-21T19:49:23.565+0800][12.990s][gc,nmethod  ] GC(123) NMethods: 467 registered, 0 unregistered
[2024-07-21T19:49:23.565+0800][12.990s][gc,metaspace] GC(123) Metaspace: 1M used, 1M committed, 1032M reserved
[2024-07-21T19:49:23.565+0800][12.990s][gc,ref      ] GC(123) Soft: 93 encountered, 0 discovered, 0 enqueued
[2024-07-21T19:49:23.565+0800][12.990s][gc,ref      ] GC(123) Weak: 131 encountered, 97 discovered, 0 enqueued
[2024-07-21T19:49:23.565+0800][12.990s][gc,ref      ] GC(123) Final: 0 encountered, 0 discovered, 0 enqueued
[2024-07-21T19:49:23.566+0800][12.990s][gc,ref      ] GC(123) Phantom: 184 encountered, 127 discovered, 0 enqueued
[2024-07-21T19:49:23.566+0800][12.990s][gc,reloc    ] GC(123) Small Pages: 5 / 10M, Empty: 0M, Relocated: 1M, In-Place: 0
[2024-07-21T19:49:23.566+0800][12.990s][gc,reloc    ] GC(123) Medium Pages: 1 / 8M, Empty: 0M, Relocated: 0M, In-Place: 0
[2024-07-21T19:49:23.566+0800][12.990s][gc,reloc    ] GC(123) Large Pages: 60 / 120M, Empty: 118M, Relocated: 0M, In-Place: 0
[2024-07-21T19:49:23.566+0800][12.990s][gc,reloc    ] GC(123) Forwarding Usage: 0M
[2024-07-21T19:49:23.566+0800][12.990s][gc,heap     ] GC(123) Min Capacity: 8M(3%)
[2024-07-21T19:49:23.566+0800][12.990s][gc,heap     ] GC(123) Max Capacity: 256M(100%)
[2024-07-21T19:49:23.566+0800][12.990s][gc,heap     ] GC(123) Soft Max Capacity: 256M(100%)
[2024-07-21T19:49:23.566+0800][12.990s][gc,heap     ] GC(123)                Mark Start          Mark End        Relocate Start      Relocate End           High               Low         
[2024-07-21T19:49:23.566+0800][12.990s][gc,heap     ] GC(123)  Capacity:      256M (100%)        256M (100%)        256M (100%)        256M (100%)        256M (100%)        256M (100%)   
[2024-07-21T19:49:23.566+0800][12.990s][gc,heap     ] GC(123)      Free:      118M (46%)          96M (38%)         198M (77%)         200M (78%)         200M (78%)          80M (31%)    
[2024-07-21T19:49:23.566+0800][12.990s][gc,heap     ] GC(123)      Used:      138M (54%)         160M (62%)          58M (23%)          56M (22%)         176M (69%)          56M (22%)    
[2024-07-21T19:49:23.566+0800][12.990s][gc,heap     ] GC(123)      Live:         -                 6M (3%)            6M (3%)            6M (3%)             -                  -          
[2024-07-21T19:49:23.566+0800][12.990s][gc,heap     ] GC(123) Allocated:         -                22M (9%)           38M (15%)          38M (15%)            -                  -          
[2024-07-21T19:49:23.566+0800][12.990s][gc,heap     ] GC(123)   Garbage:         -               131M (51%)          13M (5%)           11M (4%)             -                  -          
[2024-07-21T19:49:23.566+0800][12.990s][gc,heap     ] GC(123) Reclaimed:         -                  -               118M (46%)         120M (47%)            -                  -          
[2024-07-21T19:49:23.566+0800][12.990s][gc          ] GC(123) Garbage Collection (Allocation Rate) 138M(54%)->56M(22%)
[2024-07-21T19:49:23.652+0800][13.077s][gc,start    ] GC(124) Garbage Collection (Allocation Rate)
[2024-07-21T19:49:23.653+0800][13.077s][gc,task     ] GC(124) Using 2 workers
[2024-07-21T19:49:23.653+0800][13.077s][gc,phases   ] GC(124) Pause Mark Start 0.009ms
[2024-07-21T19:49:23.668+0800][13.093s][gc,phases   ] GC(124) Concurrent Mark 15.057ms
[2024-07-21T19:49:23.668+0800][13.093s][gc,phases   ] GC(124) Pause Mark End 0.016ms
[2024-07-21T19:49:23.668+0800][13.093s][gc,phases   ] GC(124) Concurrent Mark Free 0.001ms
[2024-07-21T19:49:23.669+0800][13.094s][gc,phases   ] GC(124) Concurrent Process Non-Strong References 1.142ms
[2024-07-21T19:49:23.669+0800][13.094s][gc,phases   ] GC(124) Concurrent Reset Relocation Set 0.004ms
[2024-07-21T19:49:23.672+0800][13.097s][gc,phases   ] GC(124) Concurrent Select Relocation Set 2.424ms
[2024-07-21T19:49:23.672+0800][13.097s][gc,phases   ] GC(124) Pause Relocate Start 0.007ms
[2024-07-21T19:49:23.673+0800][13.098s][gc,phases   ] GC(124) Concurrent Relocate 0.917ms
[2024-07-21T19:49:23.673+0800][13.098s][gc,load     ] GC(124) Load: 0.00/0.00/0.00
[2024-07-21T19:49:23.673+0800][13.098s][gc,mmu      ] GC(124) MMU: 2ms/96.3%, 5ms/98.5%, 10ms/99.2%, 20ms/99.6%, 50ms/99.8%, 100ms/99.9%
[2024-07-21T19:49:23.673+0800][13.098s][gc,marking  ] GC(124) Mark: 2 stripe(s), 2 proactive flush(es), 1 terminate flush(es), 0 completion(s), 0 continuation(s) 
[2024-07-21T19:49:23.673+0800][13.098s][gc,marking  ] GC(124) Mark Stack Usage: 32M
[2024-07-21T19:49:23.673+0800][13.098s][gc,nmethod  ] GC(124) NMethods: 467 registered, 0 unregistered
[2024-07-21T19:49:23.673+0800][13.098s][gc,metaspace] GC(124) Metaspace: 1M used, 1M committed, 1032M reserved
[2024-07-21T19:49:23.673+0800][13.098s][gc,ref      ] GC(124) Soft: 93 encountered, 0 discovered, 0 enqueued
[2024-07-21T19:49:23.673+0800][13.098s][gc,ref      ] GC(124) Weak: 131 encountered, 110 discovered, 0 enqueued
[2024-07-21T19:49:23.673+0800][13.098s][gc,ref      ] GC(124) Final: 0 encountered, 0 discovered, 0 enqueued
[2024-07-21T19:49:23.673+0800][13.098s][gc,ref      ] GC(124) Phantom: 184 encountered, 126 discovered, 0 enqueued
[2024-07-21T19:49:23.673+0800][13.098s][gc,reloc    ] GC(124) Small Pages: 5 / 10M, Empty: 2M, Relocated: 1M, In-Place: 0
[2024-07-21T19:49:23.673+0800][13.098s][gc,reloc    ] GC(124) Medium Pages: 1 / 8M, Empty: 0M, Relocated: 0M, In-Place: 0
[2024-07-21T19:49:23.673+0800][13.098s][gc,reloc    ] GC(124) Large Pages: 72 / 144M, Empty: 138M, Relocated: 0M, In-Place: 0
[2024-07-21T19:49:23.673+0800][13.098s][gc,reloc    ] GC(124) Forwarding Usage: 0M
[2024-07-21T19:49:23.673+0800][13.098s][gc,heap     ] GC(124) Min Capacity: 8M(3%)
[2024-07-21T19:49:23.673+0800][13.098s][gc,heap     ] GC(124) Max Capacity: 256M(100%)
[2024-07-21T19:49:23.673+0800][13.098s][gc,heap     ] GC(124) Soft Max Capacity: 256M(100%)
[2024-07-21T19:49:23.673+0800][13.098s][gc,heap     ] GC(124)                Mark Start          Mark End        Relocate Start      Relocate End           High               Low         
[2024-07-21T19:49:23.673+0800][13.098s][gc,heap     ] GC(124)  Capacity:      256M (100%)        256M (100%)        256M (100%)        256M (100%)        256M (100%)        256M (100%)   
[2024-07-21T19:49:23.673+0800][13.098s][gc,heap     ] GC(124)      Free:       94M (37%)          76M (30%)         198M (77%)         198M (77%)         198M (77%)          58M (23%)    
[2024-07-21T19:49:23.673+0800][13.098s][gc,heap     ] GC(124)      Used:      162M (63%)         180M (70%)          58M (23%)          58M (23%)         198M (77%)          58M (23%)    
[2024-07-21T19:49:23.673+0800][13.098s][gc,heap     ] GC(124)      Live:         -                10M (4%)           10M (4%)           10M (4%)             -                  -          
[2024-07-21T19:49:23.673+0800][13.098s][gc,heap     ] GC(124) Allocated:         -                18M (7%)           36M (14%)          36M (14%)            -                  -          
[2024-07-21T19:49:23.673+0800][13.098s][gc,heap     ] GC(124)   Garbage:         -               151M (59%)          11M (4%)           11M (4%)             -                  -          
[2024-07-21T19:49:23.673+0800][13.098s][gc,heap     ] GC(124) Reclaimed:         -                  -               140M (55%)         140M (55%)            -                  -          
[2024-07-21T19:49:23.674+0800][13.099s][gc          ] GC(124) Garbage Collection (Allocation Rate) 162M(63%)->58M(23%)
[2024-07-21T19:49:23.748+0800][13.172s][gc,start    ] GC(125) Garbage Collection (Allocation Rate)
[2024-07-21T19:49:23.748+0800][13.173s][gc,task     ] GC(125) Using 2 workers
[2024-07-21T19:49:23.748+0800][13.173s][gc,phases   ] GC(125) Pause Mark Start 0.010ms
[2024-07-21T19:49:23.763+0800][13.188s][gc,phases   ] GC(125) Concurrent Mark 14.893ms
[2024-07-21T19:49:23.763+0800][13.188s][gc,phases   ] GC(125) Pause Mark End 0.014ms
[2024-07-21T19:49:23.763+0800][13.188s][gc,phases   ] GC(125) Concurrent Mark Free 0.001ms
[2024-07-21T19:49:23.764+0800][13.190s][gc,phases   ] GC(125) Concurrent Process Non-Strong References 1.315ms
[2024-07-21T19:49:23.764+0800][13.190s][gc,phases   ] GC(125) Concurrent Reset Relocation Set 0.002ms
[2024-07-21T19:49:23.767+0800][13.192s][gc,phases   ] GC(125) Concurrent Select Relocation Set 2.235ms
[2024-07-21T19:49:23.767+0800][13.192s][gc,phases   ] GC(125) Pause Relocate Start 0.008ms
[2024-07-21T19:49:23.768+0800][13.193s][gc,phases   ] GC(125) Concurrent Relocate 1.026ms
[2024-07-21T19:49:23.768+0800][13.193s][gc,load     ] GC(125) Load: 0.00/0.00/0.00
[2024-07-21T19:49:23.768+0800][13.193s][gc,mmu      ] GC(125) MMU: 2ms/96.3%, 5ms/98.5%, 10ms/99.2%, 20ms/99.6%, 50ms/99.8%, 100ms/99.9%
[2024-07-21T19:49:23.768+0800][13.194s][gc,marking  ] GC(125) Mark: 2 stripe(s), 2 proactive flush(es), 1 terminate flush(es), 0 completion(s), 0 continuation(s) 
[2024-07-21T19:49:23.768+0800][13.194s][gc,marking  ] GC(125) Mark Stack Usage: 32M
[2024-07-21T19:49:23.768+0800][13.194s][gc,nmethod  ] GC(125) NMethods: 467 registered, 0 unregistered
[2024-07-21T19:49:23.768+0800][13.194s][gc,metaspace] GC(125) Metaspace: 1M used, 1M committed, 1032M reserved
[2024-07-21T19:49:23.768+0800][13.194s][gc,ref      ] GC(125) Soft: 93 encountered, 0 discovered, 0 enqueued
[2024-07-21T19:49:23.768+0800][13.194s][gc,ref      ] GC(125) Weak: 131 encountered, 0 discovered, 0 enqueued
[2024-07-21T19:49:23.768+0800][13.194s][gc,ref      ] GC(125) Final: 0 encountered, 0 discovered, 0 enqueued
[2024-07-21T19:49:23.768+0800][13.194s][gc,ref      ] GC(125) Phantom: 184 encountered, 118 discovered, 0 enqueued
[2024-07-21T19:49:23.768+0800][13.194s][gc,reloc    ] GC(125) Small Pages: 5 / 10M, Empty: 2M, Relocated: 1M, In-Place: 0
[2024-07-21T19:49:23.768+0800][13.194s][gc,reloc    ] GC(125) Medium Pages: 1 / 8M, Empty: 0M, Relocated: 0M, In-Place: 0
[2024-07-21T19:49:23.768+0800][13.194s][gc,reloc    ] GC(125) Large Pages: 64 / 128M, Empty: 120M, Relocated: 0M, In-Place: 0
[2024-07-21T19:49:23.768+0800][13.194s][gc,reloc    ] GC(125) Forwarding Usage: 0M
[2024-07-21T19:49:23.768+0800][13.194s][gc,heap     ] GC(125) Min Capacity: 8M(3%)
[2024-07-21T19:49:23.768+0800][13.194s][gc,heap     ] GC(125) Max Capacity: 256M(100%)
[2024-07-21T19:49:23.768+0800][13.194s][gc,heap     ] GC(125) Soft Max Capacity: 256M(100%)
[2024-07-21T19:49:23.768+0800][13.194s][gc,heap     ] GC(125)                Mark Start          Mark End        Relocate Start      Relocate End           High               Low         
[2024-07-21T19:49:23.768+0800][13.194s][gc,heap     ] GC(125)  Capacity:      256M (100%)        256M (100%)        256M (100%)        256M (100%)        256M (100%)        256M (100%)   
[2024-07-21T19:49:23.768+0800][13.194s][gc,heap     ] GC(125)      Free:      110M (43%)          94M (37%)         198M (77%)         198M (77%)         198M (77%)          76M (30%)    
[2024-07-21T19:49:23.768+0800][13.194s][gc,heap     ] GC(125)      Used:      146M (57%)         162M (63%)          58M (23%)          58M (23%)         180M (70%)          58M (23%)    
[2024-07-21T19:49:23.768+0800][13.194s][gc,heap     ] GC(125)      Live:         -                12M (5%)           12M (5%)           12M (5%)             -                  -          
[2024-07-21T19:49:23.768+0800][13.194s][gc,heap     ] GC(125) Allocated:         -                16M (6%)           34M (13%)          34M (13%)            -                  -          
[2024-07-21T19:49:23.768+0800][13.194s][gc,heap     ] GC(125)   Garbage:         -               133M (52%)          11M (4%)           11M (4%)             -                  -          
[2024-07-21T19:49:23.768+0800][13.194s][gc,heap     ] GC(125) Reclaimed:         -                  -               122M (48%)         122M (48%)            -                  -          
[2024-07-21T19:49:23.769+0800][13.194s][gc          ] GC(125) Garbage Collection (Allocation Rate) 146M(57%)->58M(23%)
[2024-07-21T19:49:23.843+0800][13.268s][gc,start    ] GC(126) Garbage Collection (Allocation Rate)
[2024-07-21T19:49:23.843+0800][13.268s][gc,task     ] GC(126) Using 2 workers
[2024-07-21T19:49:23.843+0800][13.268s][gc,phases   ] GC(126) Pause Mark Start 0.010ms
[2024-07-21T19:49:23.859+0800][13.284s][gc,phases   ] GC(126) Concurrent Mark 15.639ms
[2024-07-21T19:49:23.859+0800][13.284s][gc,phases   ] GC(126) Pause Mark End 0.011ms
[2024-07-21T19:49:23.860+0800][13.284s][gc,phases   ] GC(126) Concurrent Mark Free 0.001ms
[2024-07-21T19:49:23.861+0800][13.286s][gc,phases   ] GC(126) Concurrent Process Non-Strong References 1.364ms
[2024-07-21T19:49:23.861+0800][13.286s][gc,phases   ] GC(126) Concurrent Reset Relocation Set 0.001ms
[2024-07-21T19:49:23.863+0800][13.287s][gc,phases   ] GC(126) Concurrent Select Relocation Set 1.570ms
[2024-07-21T19:49:23.863+0800][13.288s][gc,phases   ] GC(126) Pause Relocate Start 0.006ms
[2024-07-21T19:49:23.864+0800][13.288s][gc,phases   ] GC(126) Concurrent Relocate 0.753ms
[2024-07-21T19:49:23.864+0800][13.289s][gc,load     ] GC(126) Load: 0.00/0.00/0.00
[2024-07-21T19:49:23.864+0800][13.289s][gc,mmu      ] GC(126) MMU: 2ms/96.3%, 5ms/98.5%, 10ms/99.2%, 20ms/99.6%, 50ms/99.8%, 100ms/99.9%
[2024-07-21T19:49:23.864+0800][13.289s][gc,marking  ] GC(126) Mark: 2 stripe(s), 2 proactive flush(es), 1 terminate flush(es), 0 completion(s), 0 continuation(s) 
[2024-07-21T19:49:23.864+0800][13.289s][gc,marking  ] GC(126) Mark Stack Usage: 32M
[2024-07-21T19:49:23.864+0800][13.289s][gc,nmethod  ] GC(126) NMethods: 467 registered, 0 unregistered
[2024-07-21T19:49:23.864+0800][13.289s][gc,metaspace] GC(126) Metaspace: 1M used, 1M committed, 1032M reserved
[2024-07-21T19:49:23.864+0800][13.289s][gc,ref      ] GC(126) Soft: 93 encountered, 0 discovered, 0 enqueued
[2024-07-21T19:49:23.864+0800][13.289s][gc,ref      ] GC(126) Weak: 131 encountered, 97 discovered, 0 enqueued
[2024-07-21T19:49:23.864+0800][13.289s][gc,ref      ] GC(126) Final: 0 encountered, 0 discovered, 0 enqueued
[2024-07-21T19:49:23.864+0800][13.289s][gc,ref      ] GC(126) Phantom: 184 encountered, 179 discovered, 0 enqueued
[2024-07-21T19:49:23.864+0800][13.289s][gc,reloc    ] GC(126) Small Pages: 5 / 10M, Empty: 2M, Relocated: 1M, In-Place: 0
[2024-07-21T19:49:23.864+0800][13.289s][gc,reloc    ] GC(126) Medium Pages: 1 / 8M, Empty: 0M, Relocated: 0M, In-Place: 0
[2024-07-21T19:49:23.864+0800][13.289s][gc,reloc    ] GC(126) Large Pages: 62 / 124M, Empty: 120M, Relocated: 0M, In-Place: 0
[2024-07-21T19:49:23.864+0800][13.289s][gc,reloc    ] GC(126) Forwarding Usage: 0M
[2024-07-21T19:49:23.864+0800][13.289s][gc,heap     ] GC(126) Min Capacity: 8M(3%)
[2024-07-21T19:49:23.864+0800][13.289s][gc,heap     ] GC(126) Max Capacity: 256M(100%)
[2024-07-21T19:49:23.864+0800][13.289s][gc,heap     ] GC(126) Soft Max Capacity: 256M(100%)
[2024-07-21T19:49:23.864+0800][13.289s][gc,heap     ] GC(126)                Mark Start          Mark End        Relocate Start      Relocate End           High               Low         
[2024-07-21T19:49:23.864+0800][13.289s][gc,heap     ] GC(126)  Capacity:      256M (100%)        256M (100%)        256M (100%)        256M (100%)        256M (100%)        256M (100%)   
[2024-07-21T19:49:23.864+0800][13.289s][gc,heap     ] GC(126)      Free:      114M (45%)          96M (38%)         198M (77%)         198M (77%)         198M (77%)          76M (30%)    
[2024-07-21T19:49:23.864+0800][13.289s][gc,heap     ] GC(126)      Used:      142M (55%)         160M (62%)          58M (23%)          58M (23%)         180M (70%)          58M (23%)    
[2024-07-21T19:49:23.864+0800][13.289s][gc,heap     ] GC(126)      Live:         -                 8M (3%)            8M (3%)            8M (3%)             -                  -          
[2024-07-21T19:49:23.864+0800][13.289s][gc,heap     ] GC(126) Allocated:         -                18M (7%)           38M (15%)          38M (15%)            -                  -          
[2024-07-21T19:49:23.864+0800][13.289s][gc,heap     ] GC(126)   Garbage:         -               133M (52%)          11M (4%)           11M (4%)             -                  -          
[2024-07-21T19:49:23.864+0800][13.289s][gc,heap     ] GC(126) Reclaimed:         -                  -               122M (48%)         122M (48%)            -                  -          
[2024-07-21T19:49:23.864+0800][13.289s][gc          ] GC(126) Garbage Collection (Allocation Rate) 142M(55%)->58M(23%)
[2024-07-21T19:49:23.954+0800][13.379s][gc,start    ] GC(127) Garbage Collection (Allocation Rate)
[2024-07-21T19:49:23.954+0800][13.379s][gc,task     ] GC(127) Using 2 workers
[2024-07-21T19:49:23.954+0800][13.379s][gc,phases   ] GC(127) Pause Mark Start 0.016ms
[2024-07-21T19:49:23.970+0800][13.395s][gc,phases   ] GC(127) Concurrent Mark 14.956ms
[2024-07-21T19:49:23.970+0800][13.395s][gc,phases   ] GC(127) Pause Mark End 0.010ms
[2024-07-21T19:49:23.970+0800][13.395s][gc,phases   ] GC(127) Concurrent Mark Free 0.001ms
[2024-07-21T19:49:23.971+0800][13.396s][gc,phases   ] GC(127) Concurrent Process Non-Strong References 1.320ms
[2024-07-21T19:49:23.971+0800][13.396s][gc,phases   ] GC(127) Concurrent Reset Relocation Set 0.002ms
[2024-07-21T19:49:23.974+0800][13.399s][gc,phases   ] GC(127) Concurrent Select Relocation Set 2.505ms
[2024-07-21T19:49:23.974+0800][13.399s][gc,phases   ] GC(127) Pause Relocate Start 0.021ms
[2024-07-21T19:49:23.976+0800][13.401s][gc,phases   ] GC(127) Concurrent Relocate 1.430ms
[2024-07-21T19:49:23.976+0800][13.401s][gc,load     ] GC(127) Load: 0.00/0.00/0.00
[2024-07-21T19:49:23.976+0800][13.401s][gc,mmu      ] GC(127) MMU: 2ms/96.3%, 5ms/98.5%, 10ms/99.2%, 20ms/99.6%, 50ms/99.8%, 100ms/99.9%
[2024-07-21T19:49:23.976+0800][13.401s][gc,marking  ] GC(127) Mark: 2 stripe(s), 2 proactive flush(es), 1 terminate flush(es), 0 completion(s), 0 continuation(s) 
[2024-07-21T19:49:23.976+0800][13.401s][gc,marking  ] GC(127) Mark Stack Usage: 32M
[2024-07-21T19:49:23.976+0800][13.401s][gc,nmethod  ] GC(127) NMethods: 467 registered, 0 unregistered
[2024-07-21T19:49:23.976+0800][13.401s][gc,metaspace] GC(127) Metaspace: 1M used, 1M committed, 1032M reserved
[2024-07-21T19:49:23.976+0800][13.401s][gc,ref      ] GC(127) Soft: 93 encountered, 0 discovered, 0 enqueued
[2024-07-21T19:49:23.976+0800][13.401s][gc,ref      ] GC(127) Weak: 131 encountered, 96 discovered, 0 enqueued
[2024-07-21T19:49:23.976+0800][13.401s][gc,ref      ] GC(127) Final: 0 encountered, 0 discovered, 0 enqueued
[2024-07-21T19:49:23.976+0800][13.401s][gc,ref      ] GC(127) Phantom: 184 encountered, 179 discovered, 0 enqueued
[2024-07-21T19:49:23.976+0800][13.401s][gc,reloc    ] GC(127) Small Pages: 5 / 10M, Empty: 2M, Relocated: 1M, In-Place: 0
[2024-07-21T19:49:23.976+0800][13.401s][gc,reloc    ] GC(127) Medium Pages: 1 / 8M, Empty: 0M, Relocated: 0M, In-Place: 0
[2024-07-21T19:49:23.976+0800][13.401s][gc,reloc    ] GC(127) Large Pages: 72 / 144M, Empty: 142M, Relocated: 0M, In-Place: 0
[2024-07-21T19:49:23.976+0800][13.401s][gc,reloc    ] GC(127) Forwarding Usage: 0M
[2024-07-21T19:49:23.976+0800][13.401s][gc,heap     ] GC(127) Min Capacity: 8M(3%)
[2024-07-21T19:49:23.976+0800][13.401s][gc,heap     ] GC(127) Max Capacity: 256M(100%)
[2024-07-21T19:49:23.976+0800][13.401s][gc,heap     ] GC(127) Soft Max Capacity: 256M(100%)
[2024-07-21T19:49:23.976+0800][13.401s][gc,heap     ] GC(127)                Mark Start          Mark End        Relocate Start      Relocate End           High               Low         
[2024-07-21T19:49:23.976+0800][13.401s][gc,heap     ] GC(127)  Capacity:      256M (100%)        256M (100%)        256M (100%)        256M (100%)        256M (100%)        256M (100%)   
[2024-07-21T19:49:23.976+0800][13.401s][gc,heap     ] GC(127)      Free:       94M (37%)          72M (28%)         200M (78%)         200M (78%)         200M (78%)          56M (22%)    
[2024-07-21T19:49:23.976+0800][13.401s][gc,heap     ] GC(127)      Used:      162M (63%)         184M (72%)          56M (22%)          56M (22%)         200M (78%)          56M (22%)    
[2024-07-21T19:49:23.976+0800][13.401s][gc,heap     ] GC(127)      Live:         -                 6M (3%)            6M (3%)            6M (3%)             -                  -          
[2024-07-21T19:49:23.976+0800][13.401s][gc,heap     ] GC(127) Allocated:         -                22M (9%)           38M (15%)          38M (15%)            -                  -          
[2024-07-21T19:49:23.976+0800][13.401s][gc,heap     ] GC(127)   Garbage:         -               155M (61%)          11M (4%)           11M (4%)             -                  -          
[2024-07-21T19:49:23.976+0800][13.401s][gc,heap     ] GC(127) Reclaimed:         -                  -               144M (56%)         144M (56%)            -                  -          
[2024-07-21T19:49:23.976+0800][13.401s][gc          ] GC(127) Garbage Collection (Allocation Rate) 162M(63%)->56M(22%)
[2024-07-21T19:49:24.050+0800][13.474s][gc,start    ] GC(128) Garbage Collection (Allocation Rate)
[2024-07-21T19:49:24.050+0800][13.474s][gc,task     ] GC(128) Using 2 workers
[2024-07-21T19:49:24.050+0800][13.474s][gc,phases   ] GC(128) Pause Mark Start 0.008ms
[2024-07-21T19:49:24.065+0800][13.490s][gc,phases   ] GC(128) Concurrent Mark 15.057ms
[2024-07-21T19:49:24.065+0800][13.490s][gc,phases   ] GC(128) Pause Mark End 0.013ms
[2024-07-21T19:49:24.065+0800][13.490s][gc,phases   ] GC(128) Concurrent Mark Free 0.002ms
[2024-07-21T19:49:24.067+0800][13.492s][gc,phases   ] GC(128) Concurrent Process Non-Strong References 1.058ms
[2024-07-21T19:49:24.067+0800][13.492s][gc,phases   ] GC(128) Concurrent Reset Relocation Set 0.001ms
[2024-07-21T19:49:24.068+0800][13.493s][gc,phases   ] GC(128) Concurrent Select Relocation Set 1.801ms
[2024-07-21T19:49:24.069+0800][13.494s][gc,phases   ] GC(128) Pause Relocate Start 0.006ms
[2024-07-21T19:49:24.069+0800][13.494s][gc,phases   ] GC(128) Concurrent Relocate 0.754ms
[2024-07-21T19:49:24.069+0800][13.494s][gc,load     ] GC(128) Load: 0.00/0.00/0.00
[2024-07-21T19:49:24.069+0800][13.494s][gc,mmu      ] GC(128) MMU: 2ms/96.3%, 5ms/98.5%, 10ms/99.2%, 20ms/99.6%, 50ms/99.8%, 100ms/99.9%
[2024-07-21T19:49:24.069+0800][13.494s][gc,marking  ] GC(128) Mark: 2 stripe(s), 2 proactive flush(es), 1 terminate flush(es), 0 completion(s), 0 continuation(s) 
[2024-07-21T19:49:24.069+0800][13.494s][gc,marking  ] GC(128) Mark Stack Usage: 32M
[2024-07-21T19:49:24.069+0800][13.494s][gc,nmethod  ] GC(128) NMethods: 467 registered, 0 unregistered
[2024-07-21T19:49:24.069+0800][13.494s][gc,metaspace] GC(128) Metaspace: 1M used, 1M committed, 1032M reserved
[2024-07-21T19:49:24.069+0800][13.494s][gc,ref      ] GC(128) Soft: 93 encountered, 0 discovered, 0 enqueued
[2024-07-21T19:49:24.069+0800][13.495s][gc,ref      ] GC(128) Weak: 131 encountered, 97 discovered, 0 enqueued
[2024-07-21T19:49:24.070+0800][13.495s][gc,ref      ] GC(128) Final: 0 encountered, 0 discovered, 0 enqueued
[2024-07-21T19:49:24.070+0800][13.495s][gc,ref      ] GC(128) Phantom: 184 encountered, 125 discovered, 0 enqueued
[2024-07-21T19:49:24.070+0800][13.495s][gc,reloc    ] GC(128) Small Pages: 5 / 10M, Empty: 2M, Relocated: 1M, In-Place: 0
[2024-07-21T19:49:24.070+0800][13.495s][gc,reloc    ] GC(128) Medium Pages: 1 / 8M, Empty: 0M, Relocated: 0M, In-Place: 0
[2024-07-21T19:49:24.070+0800][13.495s][gc,reloc    ] GC(128) Large Pages: 62 / 124M, Empty: 122M, Relocated: 0M, In-Place: 0
[2024-07-21T19:49:24.070+0800][13.495s][gc,reloc    ] GC(128) Forwarding Usage: 0M
[2024-07-21T19:49:24.070+0800][13.495s][gc,heap     ] GC(128) Min Capacity: 8M(3%)
[2024-07-21T19:49:24.070+0800][13.495s][gc,heap     ] GC(128) Max Capacity: 256M(100%)
[2024-07-21T19:49:24.070+0800][13.495s][gc,heap     ] GC(128) Soft Max Capacity: 256M(100%)
[2024-07-21T19:49:24.070+0800][13.495s][gc,heap     ] GC(128)                Mark Start          Mark End        Relocate Start      Relocate End           High               Low         
[2024-07-21T19:49:24.070+0800][13.495s][gc,heap     ] GC(128)  Capacity:      256M (100%)        256M (100%)        256M (100%)        256M (100%)        256M (100%)        256M (100%)   
[2024-07-21T19:49:24.070+0800][13.495s][gc,heap     ] GC(128)      Free:      114M (45%)          90M (35%)         202M (79%)         202M (79%)         202M (79%)          78M (30%)    
[2024-07-21T19:49:24.070+0800][13.495s][gc,heap     ] GC(128)      Used:      142M (55%)         166M (65%)          54M (21%)          54M (21%)         178M (70%)          54M (21%)    
[2024-07-21T19:49:24.070+0800][13.495s][gc,heap     ] GC(128)      Live:         -                 6M (3%)            6M (3%)            6M (3%)             -                  -          
[2024-07-21T19:49:24.070+0800][13.495s][gc,heap     ] GC(128) Allocated:         -                24M (9%)           36M (14%)          36M (14%)            -                  -          
[2024-07-21T19:49:24.070+0800][13.495s][gc,heap     ] GC(128)   Garbage:         -               135M (53%)          11M (4%)           11M (4%)             -                  -          
[2024-07-21T19:49:24.070+0800][13.495s][gc,heap     ] GC(128) Reclaimed:         -                  -               124M (48%)         124M (48%)            -                  -          
[2024-07-21T19:49:24.070+0800][13.495s][gc          ] GC(128) Garbage Collection (Allocation Rate) 142M(55%)->54M(21%)
[2024-07-21T19:49:24.145+0800][13.570s][gc,start    ] GC(129) Garbage Collection (Allocation Rate)
[2024-07-21T19:49:24.145+0800][13.570s][gc,task     ] GC(129) Using 2 workers
[2024-07-21T19:49:24.145+0800][13.570s][gc,phases   ] GC(129) Pause Mark Start 0.007ms
[2024-07-21T19:49:24.161+0800][13.586s][gc,phases   ] GC(129) Concurrent Mark 15.593ms
[2024-07-21T19:49:24.161+0800][13.586s][gc,phases   ] GC(129) Pause Mark End 0.011ms
[2024-07-21T19:49:24.161+0800][13.586s][gc,phases   ] GC(129) Concurrent Mark Free 0.002ms
[2024-07-21T19:49:24.163+0800][13.588s][gc,phases   ] GC(129) Concurrent Process Non-Strong References 1.586ms
[2024-07-21T19:49:24.163+0800][13.588s][gc,phases   ] GC(129) Concurrent Reset Relocation Set 0.001ms
[2024-07-21T19:49:24.166+0800][13.591s][gc,phases   ] GC(129) Concurrent Select Relocation Set 3.391ms
[2024-07-21T19:49:24.166+0800][13.591s][gc,phases   ] GC(129) Pause Relocate Start 0.008ms
[2024-07-21T19:49:24.168+0800][13.593s][gc,phases   ] GC(129) Concurrent Relocate 1.181ms
[2024-07-21T19:49:24.168+0800][13.593s][gc,load     ] GC(129) Load: 0.00/0.00/0.00
[2024-07-21T19:49:24.168+0800][13.593s][gc,mmu      ] GC(129) MMU: 2ms/96.3%, 5ms/98.5%, 10ms/99.2%, 20ms/99.6%, 50ms/99.8%, 100ms/99.9%
[2024-07-21T19:49:24.168+0800][13.593s][gc,marking  ] GC(129) Mark: 2 stripe(s), 2 proactive flush(es), 1 terminate flush(es), 0 completion(s), 0 continuation(s) 
[2024-07-21T19:49:24.168+0800][13.593s][gc,marking  ] GC(129) Mark Stack Usage: 32M
[2024-07-21T19:49:24.168+0800][13.593s][gc,nmethod  ] GC(129) NMethods: 468 registered, 0 unregistered
[2024-07-21T19:49:24.168+0800][13.593s][gc,metaspace] GC(129) Metaspace: 1M used, 1M committed, 1032M reserved
[2024-07-21T19:49:24.168+0800][13.593s][gc,ref      ] GC(129) Soft: 93 encountered, 0 discovered, 0 enqueued
[2024-07-21T19:49:24.168+0800][13.593s][gc,ref      ] GC(129) Weak: 131 encountered, 110 discovered, 0 enqueued
[2024-07-21T19:49:24.168+0800][13.593s][gc,ref      ] GC(129) Final: 0 encountered, 0 discovered, 0 enqueued
[2024-07-21T19:49:24.168+0800][13.593s][gc,ref      ] GC(129) Phantom: 184 encountered, 104 discovered, 0 enqueued
[2024-07-21T19:49:24.168+0800][13.593s][gc,reloc    ] GC(129) Small Pages: 5 / 10M, Empty: 2M, Relocated: 1M, In-Place: 0
[2024-07-21T19:49:24.168+0800][13.593s][gc,reloc    ] GC(129) Medium Pages: 1 / 8M, Empty: 0M, Relocated: 0M, In-Place: 0
[2024-07-21T19:49:24.168+0800][13.593s][gc,reloc    ] GC(129) Large Pages: 61 / 122M, Empty: 120M, Relocated: 0M, In-Place: 0
[2024-07-21T19:49:24.168+0800][13.593s][gc,reloc    ] GC(129) Forwarding Usage: 0M
[2024-07-21T19:49:24.168+0800][13.593s][gc,heap     ] GC(129) Min Capacity: 8M(3%)
[2024-07-21T19:49:24.168+0800][13.593s][gc,heap     ] GC(129) Max Capacity: 256M(100%)
[2024-07-21T19:49:24.168+0800][13.593s][gc,heap     ] GC(129) Soft Max Capacity: 256M(100%)
[2024-07-21T19:49:24.168+0800][13.593s][gc,heap     ] GC(129)                Mark Start          Mark End        Relocate Start      Relocate End           High               Low         
[2024-07-21T19:49:24.168+0800][13.593s][gc,heap     ] GC(129)  Capacity:      256M (100%)        256M (100%)        256M (100%)        256M (100%)        256M (100%)        256M (100%)   
[2024-07-21T19:49:24.168+0800][13.593s][gc,heap     ] GC(129)      Free:      116M (45%)          94M (37%)         202M (79%)         202M (79%)         202M (79%)          80M (31%)    
[2024-07-21T19:49:24.168+0800][13.593s][gc,heap     ] GC(129)      Used:      140M (55%)         162M (63%)          54M (21%)          54M (21%)         176M (69%)          54M (21%)    
[2024-07-21T19:49:24.168+0800][13.593s][gc,heap     ] GC(129)      Live:         -                 6M (3%)            6M (3%)            6M (3%)             -                  -          
[2024-07-21T19:49:24.168+0800][13.593s][gc,heap     ] GC(129) Allocated:         -                22M (9%)           36M (14%)          36M (14%)            -                  -          
[2024-07-21T19:49:24.168+0800][13.593s][gc,heap     ] GC(129)   Garbage:         -               133M (52%)          11M (4%)           11M (4%)             -                  -          
[2024-07-21T19:49:24.168+0800][13.593s][gc,heap     ] GC(129) Reclaimed:         -                  -               122M (48%)         122M (48%)            -                  -          
[2024-07-21T19:49:24.168+0800][13.593s][gc          ] GC(129) Garbage Collection (Allocation Rate) 140M(55%)->54M(21%)
[2024-07-21T19:49:24.240+0800][13.665s][gc,start    ] GC(130) Garbage Collection (Allocation Rate)
[2024-07-21T19:49:24.240+0800][13.665s][gc,task     ] GC(130) Using 2 workers
[2024-07-21T19:49:24.240+0800][13.665s][gc,phases   ] GC(130) Pause Mark Start 0.009ms
[2024-07-21T19:49:24.255+0800][13.680s][gc,phases   ] GC(130) Concurrent Mark 14.381ms
[2024-07-21T19:49:24.256+0800][13.680s][gc,phases   ] GC(130) Pause Mark End 0.012ms
[2024-07-21T19:49:24.256+0800][13.681s][gc,phases   ] GC(130) Concurrent Mark Free 0.002ms
[2024-07-21T19:49:24.257+0800][13.682s][gc,phases   ] GC(130) Concurrent Process Non-Strong References 1.143ms
[2024-07-21T19:49:24.257+0800][13.682s][gc,phases   ] GC(130) Concurrent Reset Relocation Set 0.001ms
[2024-07-21T19:49:24.259+0800][13.684s][gc,phases   ] GC(130) Concurrent Select Relocation Set 1.925ms
[2024-07-21T19:49:24.259+0800][13.684s][gc,phases   ] GC(130) Pause Relocate Start 0.006ms
[2024-07-21T19:49:24.260+0800][13.685s][gc,phases   ] GC(130) Concurrent Relocate 0.734ms
[2024-07-21T19:49:24.260+0800][13.685s][gc,load     ] GC(130) Load: 0.00/0.00/0.00
[2024-07-21T19:49:24.260+0800][13.685s][gc,mmu      ] GC(130) MMU: 2ms/96.3%, 5ms/98.5%, 10ms/99.2%, 20ms/99.6%, 50ms/99.8%, 100ms/99.9%
[2024-07-21T19:49:24.260+0800][13.685s][gc,marking  ] GC(130) Mark: 2 stripe(s), 2 proactive flush(es), 1 terminate flush(es), 0 completion(s), 0 continuation(s) 
[2024-07-21T19:49:24.260+0800][13.685s][gc,marking  ] GC(130) Mark Stack Usage: 32M
[2024-07-21T19:49:24.260+0800][13.685s][gc,nmethod  ] GC(130) NMethods: 468 registered, 0 unregistered
[2024-07-21T19:49:24.260+0800][13.685s][gc,metaspace] GC(130) Metaspace: 1M used, 1M committed, 1032M reserved
[2024-07-21T19:49:24.260+0800][13.685s][gc,ref      ] GC(130) Soft: 93 encountered, 0 discovered, 0 enqueued
[2024-07-21T19:49:24.260+0800][13.685s][gc,ref      ] GC(130) Weak: 131 encountered, 8 discovered, 0 enqueued
[2024-07-21T19:49:24.260+0800][13.685s][gc,ref      ] GC(130) Final: 0 encountered, 0 discovered, 0 enqueued
[2024-07-21T19:49:24.260+0800][13.685s][gc,ref      ] GC(130) Phantom: 184 encountered, 118 discovered, 0 enqueued
[2024-07-21T19:49:24.260+0800][13.685s][gc,reloc    ] GC(130) Small Pages: 5 / 10M, Empty: 2M, Relocated: 1M, In-Place: 0
[2024-07-21T19:49:24.260+0800][13.685s][gc,reloc    ] GC(130) Medium Pages: 1 / 8M, Empty: 0M, Relocated: 0M, In-Place: 0
[2024-07-21T19:49:24.260+0800][13.685s][gc,reloc    ] GC(130) Large Pages: 61 / 122M, Empty: 120M, Relocated: 0M, In-Place: 0
[2024-07-21T19:49:24.260+0800][13.685s][gc,reloc    ] GC(130) Forwarding Usage: 0M
[2024-07-21T19:49:24.260+0800][13.685s][gc,heap     ] GC(130) Min Capacity: 8M(3%)
[2024-07-21T19:49:24.260+0800][13.685s][gc,heap     ] GC(130) Max Capacity: 256M(100%)
[2024-07-21T19:49:24.260+0800][13.685s][gc,heap     ] GC(130) Soft Max Capacity: 256M(100%)
[2024-07-21T19:49:24.260+0800][13.685s][gc,heap     ] GC(130)                Mark Start          Mark End        Relocate Start      Relocate End           High               Low         
[2024-07-21T19:49:24.260+0800][13.685s][gc,heap     ] GC(130)  Capacity:      256M (100%)        256M (100%)        256M (100%)        256M (100%)        256M (100%)        256M (100%)   
[2024-07-21T19:49:24.260+0800][13.685s][gc,heap     ] GC(130)      Free:      116M (45%)          94M (37%)         202M (79%)         202M (79%)         202M (79%)          80M (31%)    
[2024-07-21T19:49:24.260+0800][13.685s][gc,heap     ] GC(130)      Used:      140M (55%)         162M (63%)          54M (21%)          54M (21%)         176M (69%)          54M (21%)    
[2024-07-21T19:49:24.260+0800][13.685s][gc,heap     ] GC(130)      Live:         -                 6M (3%)            6M (3%)            6M (3%)             -                  -          
[2024-07-21T19:49:24.260+0800][13.685s][gc,heap     ] GC(130) Allocated:         -                22M (9%)           36M (14%)          36M (14%)            -                  -          
[2024-07-21T19:49:24.260+0800][13.685s][gc,heap     ] GC(130)   Garbage:         -               133M (52%)          11M (4%)           11M (4%)             -                  -          
[2024-07-21T19:49:24.260+0800][13.685s][gc,heap     ] GC(130) Reclaimed:         -                  -               122M (48%)         122M (48%)            -                  -          
[2024-07-21T19:49:24.260+0800][13.685s][gc          ] GC(130) Garbage Collection (Allocation Rate) 140M(55%)->54M(21%)
[2024-07-21T19:49:24.348+0800][13.773s][gc,start    ] GC(131) Garbage Collection (Allocation Rate)
[2024-07-21T19:49:24.348+0800][13.773s][gc,task     ] GC(131) Using 2 workers
[2024-07-21T19:49:24.348+0800][13.773s][gc,phases   ] GC(131) Pause Mark Start 0.019ms
[2024-07-21T19:49:24.364+0800][13.789s][gc,phases   ] GC(131) Concurrent Mark 15.013ms
[2024-07-21T19:49:24.364+0800][13.789s][gc,phases   ] GC(131) Pause Mark End 0.016ms
[2024-07-21T19:49:24.364+0800][13.789s][gc,phases   ] GC(131) Concurrent Mark Free 0.001ms
[2024-07-21T19:49:24.366+0800][13.790s][gc,phases   ] GC(131) Concurrent Process Non-Strong References 1.500ms
[2024-07-21T19:49:24.366+0800][13.790s][gc,phases   ] GC(131) Concurrent Reset Relocation Set 0.001ms
[2024-07-21T19:49:24.368+0800][13.793s][gc,phases   ] GC(131) Concurrent Select Relocation Set 2.030ms
[2024-07-21T19:49:24.368+0800][13.793s][gc,phases   ] GC(131) Pause Relocate Start 0.016ms
[2024-07-21T19:49:24.369+0800][13.794s][gc,phases   ] GC(131) Concurrent Relocate 0.872ms
[2024-07-21T19:49:24.369+0800][13.794s][gc,load     ] GC(131) Load: 0.00/0.00/0.00
[2024-07-21T19:49:24.369+0800][13.794s][gc,mmu      ] GC(131) MMU: 2ms/96.3%, 5ms/98.5%, 10ms/99.2%, 20ms/99.6%, 50ms/99.8%, 100ms/99.9%
[2024-07-21T19:49:24.369+0800][13.794s][gc,marking  ] GC(131) Mark: 2 stripe(s), 2 proactive flush(es), 1 terminate flush(es), 0 completion(s), 0 continuation(s) 
[2024-07-21T19:49:24.369+0800][13.794s][gc,marking  ] GC(131) Mark Stack Usage: 32M
[2024-07-21T19:49:24.369+0800][13.794s][gc,nmethod  ] GC(131) NMethods: 468 registered, 0 unregistered
[2024-07-21T19:49:24.369+0800][13.794s][gc,metaspace] GC(131) Metaspace: 1M used, 1M committed, 1032M reserved
[2024-07-21T19:49:24.369+0800][13.794s][gc,ref      ] GC(131) Soft: 93 encountered, 0 discovered, 0 enqueued
[2024-07-21T19:49:24.369+0800][13.794s][gc,ref      ] GC(131) Weak: 131 encountered, 96 discovered, 0 enqueued
[2024-07-21T19:49:24.369+0800][13.794s][gc,ref      ] GC(131) Final: 0 encountered, 0 discovered, 0 enqueued
[2024-07-21T19:49:24.369+0800][13.794s][gc,ref      ] GC(131) Phantom: 184 encountered, 180 discovered, 0 enqueued
[2024-07-21T19:49:24.369+0800][13.794s][gc,reloc    ] GC(131) Small Pages: 5 / 10M, Empty: 2M, Relocated: 1M, In-Place: 0
[2024-07-21T19:49:24.369+0800][13.794s][gc,reloc    ] GC(131) Medium Pages: 1 / 8M, Empty: 0M, Relocated: 0M, In-Place: 0
[2024-07-21T19:49:24.369+0800][13.794s][gc,reloc    ] GC(131) Large Pages: 71 / 142M, Empty: 136M, Relocated: 0M, In-Place: 0
[2024-07-21T19:49:24.369+0800][13.794s][gc,reloc    ] GC(131) Forwarding Usage: 0M
[2024-07-21T19:49:24.369+0800][13.794s][gc,heap     ] GC(131) Min Capacity: 8M(3%)
[2024-07-21T19:49:24.369+0800][13.794s][gc,heap     ] GC(131) Max Capacity: 256M(100%)
[2024-07-21T19:49:24.369+0800][13.794s][gc,heap     ] GC(131) Soft Max Capacity: 256M(100%)
[2024-07-21T19:49:24.369+0800][13.794s][gc,heap     ] GC(131)                Mark Start          Mark End        Relocate Start      Relocate End           High               Low         
[2024-07-21T19:49:24.369+0800][13.794s][gc,heap     ] GC(131)  Capacity:      256M (100%)        256M (100%)        256M (100%)        256M (100%)        256M (100%)        256M (100%)   
[2024-07-21T19:49:24.369+0800][13.794s][gc,heap     ] GC(131)      Free:       96M (38%)          76M (30%)         198M (77%)         198M (77%)         198M (77%)          60M (23%)    
[2024-07-21T19:49:24.369+0800][13.794s][gc,heap     ] GC(131)      Used:      160M (62%)         180M (70%)          58M (23%)          58M (23%)         196M (77%)          58M (23%)    
[2024-07-21T19:49:24.369+0800][13.794s][gc,heap     ] GC(131)      Live:         -                10M (4%)           10M (4%)           10M (4%)             -                  -          
[2024-07-21T19:49:24.369+0800][13.794s][gc,heap     ] GC(131) Allocated:         -                20M (8%)           36M (14%)          36M (14%)            -                  -          
[2024-07-21T19:49:24.369+0800][13.794s][gc,heap     ] GC(131)   Garbage:         -               149M (58%)          11M (4%)           11M (4%)             -                  -          
[2024-07-21T19:49:24.369+0800][13.794s][gc,heap     ] GC(131) Reclaimed:         -                  -               138M (54%)         138M (54%)            -                  -          
[2024-07-21T19:49:24.369+0800][13.794s][gc          ] GC(131) Garbage Collection (Allocation Rate) 160M(62%)->58M(23%)
[2024-07-21T19:49:24.444+0800][13.869s][gc,start    ] GC(132) Garbage Collection (Allocation Rate)
[2024-07-21T19:49:24.444+0800][13.869s][gc,task     ] GC(132) Using 2 workers
[2024-07-21T19:49:24.444+0800][13.869s][gc,phases   ] GC(132) Pause Mark Start 0.009ms
[2024-07-21T19:49:24.460+0800][13.885s][gc,phases   ] GC(132) Concurrent Mark 15.472ms
[2024-07-21T19:49:24.460+0800][13.885s][gc,phases   ] GC(132) Pause Mark End 0.011ms
[2024-07-21T19:49:24.460+0800][13.885s][gc,phases   ] GC(132) Concurrent Mark Free 0.001ms
[2024-07-21T19:49:24.462+0800][13.886s][gc,phases   ] GC(132) Concurrent Process Non-Strong References 1.043ms
[2024-07-21T19:49:24.462+0800][13.886s][gc,phases   ] GC(132) Concurrent Reset Relocation Set 0.001ms
[2024-07-21T19:49:24.463+0800][13.888s][gc,phases   ] GC(132) Concurrent Select Relocation Set 1.581ms
[2024-07-21T19:49:24.463+0800][13.888s][gc,phases   ] GC(132) Pause Relocate Start 0.007ms
[2024-07-21T19:49:24.464+0800][13.889s][gc,phases   ] GC(132) Concurrent Relocate 0.751ms
[2024-07-21T19:49:24.464+0800][13.889s][gc,load     ] GC(132) Load: 0.00/0.00/0.00
[2024-07-21T19:49:24.464+0800][13.889s][gc,mmu      ] GC(132) MMU: 2ms/96.3%, 5ms/98.5%, 10ms/99.2%, 20ms/99.6%, 50ms/99.8%, 100ms/99.9%
[2024-07-21T19:49:24.464+0800][13.889s][gc,marking  ] GC(132) Mark: 2 stripe(s), 2 proactive flush(es), 1 terminate flush(es), 0 completion(s), 0 continuation(s) 
[2024-07-21T19:49:24.464+0800][13.889s][gc,marking  ] GC(132) Mark Stack Usage: 32M
[2024-07-21T19:49:24.464+0800][13.889s][gc,nmethod  ] GC(132) NMethods: 468 registered, 0 unregistered
[2024-07-21T19:49:24.464+0800][13.889s][gc,metaspace] GC(132) Metaspace: 1M used, 1M committed, 1032M reserved
[2024-07-21T19:49:24.464+0800][13.889s][gc,ref      ] GC(132) Soft: 93 encountered, 0 discovered, 0 enqueued
[2024-07-21T19:49:24.464+0800][13.889s][gc,ref      ] GC(132) Weak: 131 encountered, 110 discovered, 0 enqueued
[2024-07-21T19:49:24.464+0800][13.889s][gc,ref      ] GC(132) Final: 0 encountered, 0 discovered, 0 enqueued
[2024-07-21T19:49:24.464+0800][13.889s][gc,ref      ] GC(132) Phantom: 184 encountered, 104 discovered, 0 enqueued
[2024-07-21T19:49:24.464+0800][13.889s][gc,reloc    ] GC(132) Small Pages: 5 / 10M, Empty: 2M, Relocated: 1M, In-Place: 0
[2024-07-21T19:49:24.464+0800][13.889s][gc,reloc    ] GC(132) Medium Pages: 1 / 8M, Empty: 0M, Relocated: 0M, In-Place: 0
[2024-07-21T19:49:24.464+0800][13.889s][gc,reloc    ] GC(132) Large Pages: 62 / 124M, Empty: 120M, Relocated: 0M, In-Place: 0
[2024-07-21T19:49:24.464+0800][13.889s][gc,reloc    ] GC(132) Forwarding Usage: 0M
[2024-07-21T19:49:24.464+0800][13.889s][gc,heap     ] GC(132) Min Capacity: 8M(3%)
[2024-07-21T19:49:24.464+0800][13.889s][gc,heap     ] GC(132) Max Capacity: 256M(100%)
[2024-07-21T19:49:24.464+0800][13.889s][gc,heap     ] GC(132) Soft Max Capacity: 256M(100%)
[2024-07-21T19:49:24.465+0800][13.889s][gc,heap     ] GC(132)                Mark Start          Mark End        Relocate Start      Relocate End           High               Low         
[2024-07-21T19:49:24.465+0800][13.889s][gc,heap     ] GC(132)  Capacity:      256M (100%)        256M (100%)        256M (100%)        256M (100%)        256M (100%)        256M (100%)   
[2024-07-21T19:49:24.465+0800][13.889s][gc,heap     ] GC(132)      Free:      114M (45%)          92M (36%)         198M (77%)         198M (77%)         198M (77%)          76M (30%)    
[2024-07-21T19:49:24.465+0800][13.889s][gc,heap     ] GC(132)      Used:      142M (55%)         164M (64%)          58M (23%)          58M (23%)         180M (70%)          58M (23%)    
[2024-07-21T19:49:24.465+0800][13.889s][gc,heap     ] GC(132)      Live:         -                 8M (3%)            8M (3%)            8M (3%)             -                  -          
[2024-07-21T19:49:24.465+0800][13.889s][gc,heap     ] GC(132) Allocated:         -                22M (9%)           38M (15%)          38M (15%)            -                  -          
[2024-07-21T19:49:24.465+0800][13.889s][gc,heap     ] GC(132)   Garbage:         -               133M (52%)          11M (4%)           11M (4%)             -                  -          
[2024-07-21T19:49:24.465+0800][13.889s][gc,heap     ] GC(132) Reclaimed:         -                  -               122M (48%)         122M (48%)            -                  -          
[2024-07-21T19:49:24.465+0800][13.890s][gc          ] GC(132) Garbage Collection (Allocation Rate) 142M(55%)->58M(23%)
[2024-07-21T19:49:24.555+0800][13.980s][gc,start    ] GC(133) Garbage Collection (Allocation Rate)
[2024-07-21T19:49:24.555+0800][13.980s][gc,task     ] GC(133) Using 2 workers
[2024-07-21T19:49:24.555+0800][13.980s][gc,phases   ] GC(133) Pause Mark Start 0.013ms
[2024-07-21T19:49:24.571+0800][13.995s][gc,phases   ] GC(133) Concurrent Mark 15.180ms
[2024-07-21T19:49:24.571+0800][13.996s][gc,phases   ] GC(133) Pause Mark End 0.015ms
[2024-07-21T19:49:24.571+0800][13.996s][gc,phases   ] GC(133) Concurrent Mark Free 0.003ms
[2024-07-21T19:49:24.572+0800][13.997s][gc,phases   ] GC(133) Concurrent Process Non-Strong References 1.338ms
[2024-07-21T19:49:24.572+0800][13.997s][gc,phases   ] GC(133) Concurrent Reset Relocation Set 0.001ms
[2024-07-21T19:49:24.575+0800][14.000s][gc,phases   ] GC(133) Concurrent Select Relocation Set 3.058ms
[2024-07-21T19:49:24.575+0800][14.001s][gc,phases   ] GC(133) Pause Relocate Start 0.007ms
[2024-07-21T19:49:24.576+0800][14.002s][gc,phases   ] GC(133) Concurrent Relocate 1.010ms
[2024-07-21T19:49:24.577+0800][14.002s][gc,load     ] GC(133) Load: 0.00/0.00/0.00
[2024-07-21T19:49:24.577+0800][14.002s][gc,mmu      ] GC(133) MMU: 2ms/96.3%, 5ms/98.5%, 10ms/99.2%, 20ms/99.6%, 50ms/99.8%, 100ms/99.9%
[2024-07-21T19:49:24.577+0800][14.002s][gc,marking  ] GC(133) Mark: 2 stripe(s), 2 proactive flush(es), 1 terminate flush(es), 0 completion(s), 0 continuation(s) 
[2024-07-21T19:49:24.577+0800][14.002s][gc,marking  ] GC(133) Mark Stack Usage: 32M
[2024-07-21T19:49:24.577+0800][14.002s][gc,nmethod  ] GC(133) NMethods: 468 registered, 0 unregistered
[2024-07-21T19:49:24.577+0800][14.002s][gc,metaspace] GC(133) Metaspace: 1M used, 1M committed, 1032M reserved
[2024-07-21T19:49:24.577+0800][14.002s][gc,ref      ] GC(133) Soft: 93 encountered, 0 discovered, 0 enqueued
[2024-07-21T19:49:24.577+0800][14.002s][gc,ref      ] GC(133) Weak: 131 encountered, 97 discovered, 0 enqueued
[2024-07-21T19:49:24.577+0800][14.002s][gc,ref      ] GC(133) Final: 0 encountered, 0 discovered, 0 enqueued
[2024-07-21T19:49:24.577+0800][14.002s][gc,ref      ] GC(133) Phantom: 184 encountered, 102 discovered, 0 enqueued
[2024-07-21T19:49:24.577+0800][14.002s][gc,reloc    ] GC(133) Small Pages: 5 / 10M, Empty: 2M, Relocated: 1M, In-Place: 0
[2024-07-21T19:49:24.577+0800][14.002s][gc,reloc    ] GC(133) Medium Pages: 1 / 8M, Empty: 0M, Relocated: 0M, In-Place: 0
[2024-07-21T19:49:24.577+0800][14.002s][gc,reloc    ] GC(133) Large Pages: 72 / 144M, Empty: 142M, Relocated: 0M, In-Place: 0
[2024-07-21T19:49:24.577+0800][14.002s][gc,reloc    ] GC(133) Forwarding Usage: 0M
[2024-07-21T19:49:24.577+0800][14.002s][gc,heap     ] GC(133) Min Capacity: 8M(3%)
[2024-07-21T19:49:24.577+0800][14.002s][gc,heap     ] GC(133) Max Capacity: 256M(100%)
[2024-07-21T19:49:24.577+0800][14.002s][gc,heap     ] GC(133) Soft Max Capacity: 256M(100%)
[2024-07-21T19:49:24.577+0800][14.002s][gc,heap     ] GC(133)                Mark Start          Mark End        Relocate Start      Relocate End           High               Low         
[2024-07-21T19:49:24.577+0800][14.002s][gc,heap     ] GC(133)  Capacity:      256M (100%)        256M (100%)        256M (100%)        256M (100%)        256M (100%)        256M (100%)   
[2024-07-21T19:49:24.577+0800][14.002s][gc,heap     ] GC(133)      Free:       94M (37%)          72M (28%)         200M (78%)         200M (78%)         200M (78%)          56M (22%)    
[2024-07-21T19:49:24.577+0800][14.002s][gc,heap     ] GC(133)      Used:      162M (63%)         184M (72%)          56M (22%)          56M (22%)         200M (78%)          56M (22%)    
[2024-07-21T19:49:24.577+0800][14.002s][gc,heap     ] GC(133)      Live:         -                 6M (3%)            6M (3%)            6M (3%)             -                  -          
[2024-07-21T19:49:24.577+0800][14.002s][gc,heap     ] GC(133) Allocated:         -                22M (9%)           38M (15%)          38M (15%)            -                  -          
[2024-07-21T19:49:24.577+0800][14.002s][gc,heap     ] GC(133)   Garbage:         -               155M (61%)          11M (4%)           11M (4%)             -                  -          
[2024-07-21T19:49:24.577+0800][14.002s][gc,heap     ] GC(133) Reclaimed:         -                  -               144M (56%)         144M (56%)            -                  -          
[2024-07-21T19:49:24.577+0800][14.002s][gc          ] GC(133) Garbage Collection (Allocation Rate) 162M(63%)->56M(22%)
[2024-07-21T19:49:24.650+0800][14.075s][gc,start    ] GC(134) Garbage Collection (Allocation Rate)
[2024-07-21T19:49:24.650+0800][14.075s][gc,task     ] GC(134) Using 2 workers
[2024-07-21T19:49:24.650+0800][14.075s][gc,phases   ] GC(134) Pause Mark Start 0.009ms
[2024-07-21T19:49:24.666+0800][14.091s][gc,phases   ] GC(134) Concurrent Mark 15.406ms
[2024-07-21T19:49:24.666+0800][14.091s][gc,phases   ] GC(134) Pause Mark End 0.011ms
[2024-07-21T19:49:24.667+0800][14.091s][gc,phases   ] GC(134) Concurrent Mark Free 0.002ms
[2024-07-21T19:49:24.668+0800][14.093s][gc,phases   ] GC(134) Concurrent Process Non-Strong References 1.120ms
[2024-07-21T19:49:24.668+0800][14.093s][gc,phases   ] GC(134) Concurrent Reset Relocation Set 0.001ms
[2024-07-21T19:49:24.670+0800][14.094s][gc,phases   ] GC(134) Concurrent Select Relocation Set 1.782ms
[2024-07-21T19:49:24.670+0800][14.095s][gc,phases   ] GC(134) Pause Relocate Start 0.007ms
[2024-07-21T19:49:24.671+0800][14.095s][gc,phases   ] GC(134) Concurrent Relocate 0.788ms
[2024-07-21T19:49:24.671+0800][14.096s][gc,load     ] GC(134) Load: 0.00/0.00/0.00
[2024-07-21T19:49:24.671+0800][14.096s][gc,mmu      ] GC(134) MMU: 2ms/96.3%, 5ms/98.5%, 10ms/99.2%, 20ms/99.6%, 50ms/99.8%, 100ms/99.9%
[2024-07-21T19:49:24.671+0800][14.096s][gc,marking  ] GC(134) Mark: 2 stripe(s), 2 proactive flush(es), 1 terminate flush(es), 0 completion(s), 0 continuation(s) 
[2024-07-21T19:49:24.671+0800][14.096s][gc,marking  ] GC(134) Mark Stack Usage: 32M
[2024-07-21T19:49:24.671+0800][14.096s][gc,nmethod  ] GC(134) NMethods: 468 registered, 0 unregistered
[2024-07-21T19:49:24.671+0800][14.096s][gc,metaspace] GC(134) Metaspace: 1M used, 1M committed, 1032M reserved
[2024-07-21T19:49:24.671+0800][14.096s][gc,ref      ] GC(134) Soft: 93 encountered, 0 discovered, 0 enqueued
[2024-07-21T19:49:24.671+0800][14.096s][gc,ref      ] GC(134) Weak: 131 encountered, 0 discovered, 0 enqueued
[2024-07-21T19:49:24.671+0800][14.096s][gc,ref      ] GC(134) Final: 0 encountered, 0 discovered, 0 enqueued
[2024-07-21T19:49:24.671+0800][14.096s][gc,ref      ] GC(134) Phantom: 184 encountered, 118 discovered, 0 enqueued
[2024-07-21T19:49:24.671+0800][14.096s][gc,reloc    ] GC(134) Small Pages: 5 / 10M, Empty: 2M, Relocated: 1M, In-Place: 0
[2024-07-21T19:49:24.671+0800][14.096s][gc,reloc    ] GC(134) Medium Pages: 1 / 8M, Empty: 0M, Relocated: 0M, In-Place: 0
[2024-07-21T19:49:24.671+0800][14.096s][gc,reloc    ] GC(134) Large Pages: 62 / 124M, Empty: 122M, Relocated: 0M, In-Place: 0
[2024-07-21T19:49:24.671+0800][14.096s][gc,reloc    ] GC(134) Forwarding Usage: 0M
[2024-07-21T19:49:24.671+0800][14.096s][gc,heap     ] GC(134) Min Capacity: 8M(3%)
[2024-07-21T19:49:24.671+0800][14.096s][gc,heap     ] GC(134) Max Capacity: 256M(100%)
[2024-07-21T19:49:24.671+0800][14.096s][gc,heap     ] GC(134) Soft Max Capacity: 256M(100%)
[2024-07-21T19:49:24.671+0800][14.096s][gc,heap     ] GC(134)                Mark Start          Mark End        Relocate Start      Relocate End           High               Low         
[2024-07-21T19:49:24.671+0800][14.096s][gc,heap     ] GC(134)  Capacity:      256M (100%)        256M (100%)        256M (100%)        256M (100%)        256M (100%)        256M (100%)   
[2024-07-21T19:49:24.671+0800][14.096s][gc,heap     ] GC(134)      Free:      114M (45%)          92M (36%)         202M (79%)         202M (79%)         202M (79%)          78M (30%)    
[2024-07-21T19:49:24.671+0800][14.096s][gc,heap     ] GC(134)      Used:      142M (55%)         164M (64%)          54M (21%)          54M (21%)         178M (70%)          54M (21%)    
[2024-07-21T19:49:24.671+0800][14.096s][gc,heap     ] GC(134)      Live:         -                 6M (3%)            6M (3%)            6M (3%)             -                  -          
[2024-07-21T19:49:24.671+0800][14.096s][gc,heap     ] GC(134) Allocated:         -                22M (9%)           36M (14%)          36M (14%)            -                  -          
[2024-07-21T19:49:24.671+0800][14.096s][gc,heap     ] GC(134)   Garbage:         -               135M (53%)          11M (4%)           11M (4%)             -                  -          
[2024-07-21T19:49:24.671+0800][14.096s][gc,heap     ] GC(134) Reclaimed:         -                  -               124M (48%)         124M (48%)            -                  -          
[2024-07-21T19:49:24.671+0800][14.096s][gc          ] GC(134) Garbage Collection (Allocation Rate) 142M(55%)->54M(21%)
[2024-07-21T19:49:24.746+0800][14.170s][gc,start    ] GC(135) Garbage Collection (Allocation Rate)
[2024-07-21T19:49:24.746+0800][14.170s][gc,task     ] GC(135) Using 2 workers
[2024-07-21T19:49:24.746+0800][14.171s][gc,phases   ] GC(135) Pause Mark Start 0.011ms
[2024-07-21T19:49:24.762+0800][14.186s][gc,phases   ] GC(135) Concurrent Mark 15.463ms
[2024-07-21T19:49:24.762+0800][14.187s][gc,phases   ] GC(135) Pause Mark End 0.011ms
[2024-07-21T19:49:24.762+0800][14.187s][gc,phases   ] GC(135) Concurrent Mark Free 0.001ms
[2024-07-21T19:49:24.764+0800][14.188s][gc,phases   ] GC(135) Concurrent Process Non-Strong References 1.550ms
[2024-07-21T19:49:24.764+0800][14.188s][gc,phases   ] GC(135) Concurrent Reset Relocation Set 0.007ms
[2024-07-21T19:49:24.767+0800][14.192s][gc,phases   ] GC(135) Concurrent Select Relocation Set 2.995ms
[2024-07-21T19:49:24.767+0800][14.192s][gc,phases   ] GC(135) Pause Relocate Start 0.007ms
[2024-07-21T19:49:24.767+0800][14.193s][gc,phases   ] GC(135) Concurrent Relocate 0.800ms
[2024-07-21T19:49:24.767+0800][14.193s][gc,load     ] GC(135) Load: 0.00/0.00/0.00
[2024-07-21T19:49:24.767+0800][14.193s][gc,mmu      ] GC(135) MMU: 2ms/96.3%, 5ms/98.5%, 10ms/99.2%, 20ms/99.6%, 50ms/99.8%, 100ms/99.9%
[2024-07-21T19:49:24.767+0800][14.193s][gc,marking  ] GC(135) Mark: 2 stripe(s), 2 proactive flush(es), 1 terminate flush(es), 0 completion(s), 0 continuation(s) 
[2024-07-21T19:49:24.767+0800][14.193s][gc,marking  ] GC(135) Mark Stack Usage: 32M
[2024-07-21T19:49:24.767+0800][14.193s][gc,nmethod  ] GC(135) NMethods: 468 registered, 0 unregistered
[2024-07-21T19:49:24.767+0800][14.193s][gc,metaspace] GC(135) Metaspace: 1M used, 1M committed, 1032M reserved
[2024-07-21T19:49:24.767+0800][14.193s][gc,ref      ] GC(135) Soft: 93 encountered, 0 discovered, 0 enqueued
[2024-07-21T19:49:24.767+0800][14.193s][gc,ref      ] GC(135) Weak: 131 encountered, 96 discovered, 0 enqueued
[2024-07-21T19:49:24.767+0800][14.193s][gc,ref      ] GC(135) Final: 0 encountered, 0 discovered, 0 enqueued
[2024-07-21T19:49:24.767+0800][14.193s][gc,ref      ] GC(135) Phantom: 184 encountered, 180 discovered, 0 enqueued
[2024-07-21T19:49:24.767+0800][14.193s][gc,reloc    ] GC(135) Small Pages: 5 / 10M, Empty: 2M, Relocated: 1M, In-Place: 0
[2024-07-21T19:49:24.767+0800][14.193s][gc,reloc    ] GC(135) Medium Pages: 1 / 8M, Empty: 0M, Relocated: 0M, In-Place: 0
[2024-07-21T19:49:24.767+0800][14.193s][gc,reloc    ] GC(135) Large Pages: 61 / 122M, Empty: 120M, Relocated: 0M, In-Place: 0
[2024-07-21T19:49:24.767+0800][14.193s][gc,reloc    ] GC(135) Forwarding Usage: 0M
[2024-07-21T19:49:24.767+0800][14.193s][gc,heap     ] GC(135) Min Capacity: 8M(3%)
[2024-07-21T19:49:24.767+0800][14.193s][gc,heap     ] GC(135) Max Capacity: 256M(100%)
[2024-07-21T19:49:24.767+0800][14.193s][gc,heap     ] GC(135) Soft Max Capacity: 256M(100%)
[2024-07-21T19:49:24.767+0800][14.193s][gc,heap     ] GC(135)                Mark Start          Mark End        Relocate Start      Relocate End           High               Low         
[2024-07-21T19:49:24.767+0800][14.193s][gc,heap     ] GC(135)  Capacity:      256M (100%)        256M (100%)        256M (100%)        256M (100%)        256M (100%)        256M (100%)   
[2024-07-21T19:49:24.767+0800][14.193s][gc,heap     ] GC(135)      Free:      116M (45%)          96M (38%)         202M (79%)         202M (79%)         202M (79%)          80M (31%)    
[2024-07-21T19:49:24.767+0800][14.193s][gc,heap     ] GC(135)      Used:      140M (55%)         160M (62%)          54M (21%)          54M (21%)         176M (69%)          54M (21%)    
[2024-07-21T19:49:24.767+0800][14.193s][gc,heap     ] GC(135)      Live:         -                 6M (3%)            6M (3%)            6M (3%)             -                  -          
[2024-07-21T19:49:24.767+0800][14.193s][gc,heap     ] GC(135) Allocated:         -                20M (8%)           36M (14%)          36M (14%)            -                  -          
[2024-07-21T19:49:24.769+0800][14.193s][gc,heap     ] GC(135)   Garbage:         -               133M (52%)          11M (4%)           11M (4%)             -                  -          
[2024-07-21T19:49:24.769+0800][14.193s][gc,heap     ] GC(135) Reclaimed:         -                  -               122M (48%)         122M (48%)            -                  -          
[2024-07-21T19:49:24.769+0800][14.193s][gc          ] GC(135) Garbage Collection (Allocation Rate) 140M(55%)->54M(21%)
[2024-07-21T19:49:24.842+0800][14.267s][gc,start    ] GC(136) Garbage Collection (Allocation Rate)
[2024-07-21T19:49:24.842+0800][14.267s][gc,task     ] GC(136) Using 2 workers
[2024-07-21T19:49:24.842+0800][14.267s][gc,phases   ] GC(136) Pause Mark Start 0.009ms
[2024-07-21T19:49:24.858+0800][14.282s][gc,phases   ] GC(136) Concurrent Mark 15.041ms
[2024-07-21T19:49:24.858+0800][14.282s][gc,phases   ] GC(136) Pause Mark End 0.013ms
[2024-07-21T19:49:24.858+0800][14.282s][gc,phases   ] GC(136) Concurrent Mark Free 0.000ms
[2024-07-21T19:49:24.859+0800][14.284s][gc,phases   ] GC(136) Concurrent Process Non-Strong References 1.151ms
[2024-07-21T19:49:24.859+0800][14.284s][gc,phases   ] GC(136) Concurrent Reset Relocation Set 0.001ms
[2024-07-21T19:49:24.861+0800][14.286s][gc,phases   ] GC(136) Concurrent Select Relocation Set 1.818ms
[2024-07-21T19:49:24.861+0800][14.286s][gc,phases   ] GC(136) Pause Relocate Start 0.010ms
[2024-07-21T19:49:24.861+0800][14.287s][gc,phases   ] GC(136) Concurrent Relocate 0.766ms
[2024-07-21T19:49:24.861+0800][14.287s][gc,load     ] GC(136) Load: 0.00/0.00/0.00
[2024-07-21T19:49:24.861+0800][14.287s][gc,mmu      ] GC(136) MMU: 2ms/96.3%, 5ms/98.5%, 10ms/99.2%, 20ms/99.6%, 50ms/99.8%, 100ms/99.9%
[2024-07-21T19:49:24.861+0800][14.287s][gc,marking  ] GC(136) Mark: 2 stripe(s), 2 proactive flush(es), 1 terminate flush(es), 0 completion(s), 0 continuation(s) 
[2024-07-21T19:49:24.861+0800][14.287s][gc,marking  ] GC(136) Mark Stack Usage: 32M
[2024-07-21T19:49:24.861+0800][14.287s][gc,nmethod  ] GC(136) NMethods: 468 registered, 0 unregistered
[2024-07-21T19:49:24.861+0800][14.287s][gc,metaspace] GC(136) Metaspace: 1M used, 1M committed, 1032M reserved
[2024-07-21T19:49:24.861+0800][14.287s][gc,ref      ] GC(136) Soft: 93 encountered, 0 discovered, 0 enqueued
[2024-07-21T19:49:24.861+0800][14.287s][gc,ref      ] GC(136) Weak: 131 encountered, 96 discovered, 0 enqueued
[2024-07-21T19:49:24.861+0800][14.287s][gc,ref      ] GC(136) Final: 0 encountered, 0 discovered, 0 enqueued
[2024-07-21T19:49:24.861+0800][14.287s][gc,ref      ] GC(136) Phantom: 184 encountered, 179 discovered, 0 enqueued
[2024-07-21T19:49:24.861+0800][14.287s][gc,reloc    ] GC(136) Small Pages: 5 / 10M, Empty: 2M, Relocated: 1M, In-Place: 0
[2024-07-21T19:49:24.861+0800][14.287s][gc,reloc    ] GC(136) Medium Pages: 1 / 8M, Empty: 0M, Relocated: 0M, In-Place: 0
[2024-07-21T19:49:24.861+0800][14.287s][gc,reloc    ] GC(136) Large Pages: 61 / 122M, Empty: 120M, Relocated: 0M, In-Place: 0
[2024-07-21T19:49:24.861+0800][14.287s][gc,reloc    ] GC(136) Forwarding Usage: 0M
[2024-07-21T19:49:24.861+0800][14.287s][gc,heap     ] GC(136) Min Capacity: 8M(3%)
[2024-07-21T19:49:24.861+0800][14.287s][gc,heap     ] GC(136) Max Capacity: 256M(100%)
[2024-07-21T19:49:24.861+0800][14.287s][gc,heap     ] GC(136) Soft Max Capacity: 256M(100%)
[2024-07-21T19:49:24.861+0800][14.287s][gc,heap     ] GC(136)                Mark Start          Mark End        Relocate Start      Relocate End           High               Low         
[2024-07-21T19:49:24.861+0800][14.287s][gc,heap     ] GC(136)  Capacity:      256M (100%)        256M (100%)        256M (100%)        256M (100%)        256M (100%)        256M (100%)   
[2024-07-21T19:49:24.861+0800][14.287s][gc,heap     ] GC(136)      Free:      116M (45%)          96M (38%)         202M (79%)         202M (79%)         202M (79%)          80M (31%)    
[2024-07-21T19:49:24.861+0800][14.287s][gc,heap     ] GC(136)      Used:      140M (55%)         160M (62%)          54M (21%)          54M (21%)         176M (69%)          54M (21%)    
[2024-07-21T19:49:24.861+0800][14.287s][gc,heap     ] GC(136)      Live:         -                 6M (3%)            6M (3%)            6M (3%)             -                  -          
[2024-07-21T19:49:24.861+0800][14.287s][gc,heap     ] GC(136) Allocated:         -                20M (8%)           36M (14%)          36M (14%)            -                  -          
[2024-07-21T19:49:24.861+0800][14.287s][gc,heap     ] GC(136)   Garbage:         -               133M (52%)          11M (4%)           11M (4%)             -                  -          
[2024-07-21T19:49:24.863+0800][14.287s][gc,heap     ] GC(136) Reclaimed:         -                  -               122M (48%)         122M (48%)            -                  -          
[2024-07-21T19:49:24.863+0800][14.287s][gc          ] GC(136) Garbage Collection (Allocation Rate) 140M(55%)->54M(21%)
[2024-07-21T19:49:24.954+0800][14.378s][gc,start    ] GC(137) Garbage Collection (Allocation Rate)
[2024-07-21T19:49:24.954+0800][14.378s][gc,task     ] GC(137) Using 2 workers
[2024-07-21T19:49:24.954+0800][14.378s][gc,phases   ] GC(137) Pause Mark Start 0.011ms
[2024-07-21T19:49:24.969+0800][14.393s][gc,phases   ] GC(137) Concurrent Mark 14.754ms
[2024-07-21T19:49:24.969+0800][14.394s][gc,phases   ] GC(137) Pause Mark End 0.021ms
[2024-07-21T19:49:24.969+0800][14.394s][gc,phases   ] GC(137) Concurrent Mark Free 0.001ms
[2024-07-21T19:49:24.970+0800][14.395s][gc,phases   ] GC(137) Concurrent Process Non-Strong References 1.577ms
[2024-07-21T19:49:24.970+0800][14.395s][gc,phases   ] GC(137) Concurrent Reset Relocation Set 0.002ms
[2024-07-21T19:49:24.973+0800][14.398s][gc,phases   ] GC(137) Concurrent Select Relocation Set 2.640ms
[2024-07-21T19:49:24.973+0800][14.398s][gc,phases   ] GC(137) Pause Relocate Start 0.012ms
[2024-07-21T19:49:24.974+0800][14.400s][gc,phases   ] GC(137) Concurrent Relocate 1.174ms
[2024-07-21T19:49:24.974+0800][14.400s][gc,load     ] GC(137) Load: 0.00/0.00/0.00
[2024-07-21T19:49:24.974+0800][14.400s][gc,mmu      ] GC(137) MMU: 2ms/96.3%, 5ms/98.5%, 10ms/99.2%, 20ms/99.6%, 50ms/99.8%, 100ms/99.9%
[2024-07-21T19:49:24.974+0800][14.400s][gc,marking  ] GC(137) Mark: 2 stripe(s), 2 proactive flush(es), 1 terminate flush(es), 0 completion(s), 0 continuation(s) 
[2024-07-21T19:49:24.975+0800][14.400s][gc,marking  ] GC(137) Mark Stack Usage: 32M
[2024-07-21T19:49:24.975+0800][14.400s][gc,nmethod  ] GC(137) NMethods: 468 registered, 0 unregistered
[2024-07-21T19:49:24.975+0800][14.400s][gc,metaspace] GC(137) Metaspace: 1M used, 1M committed, 1032M reserved
[2024-07-21T19:49:24.975+0800][14.400s][gc,ref      ] GC(137) Soft: 93 encountered, 0 discovered, 0 enqueued
[2024-07-21T19:49:24.975+0800][14.400s][gc,ref      ] GC(137) Weak: 131 encountered, 110 discovered, 0 enqueued
[2024-07-21T19:49:24.975+0800][14.400s][gc,ref      ] GC(137) Final: 0 encountered, 0 discovered, 0 enqueued
[2024-07-21T19:49:24.975+0800][14.400s][gc,ref      ] GC(137) Phantom: 184 encountered, 125 discovered, 0 enqueued
[2024-07-21T19:49:24.975+0800][14.400s][gc,reloc    ] GC(137) Small Pages: 5 / 10M, Empty: 2M, Relocated: 1M, In-Place: 0
[2024-07-21T19:49:24.975+0800][14.400s][gc,reloc    ] GC(137) Medium Pages: 1 / 8M, Empty: 0M, Relocated: 0M, In-Place: 0
[2024-07-21T19:49:24.975+0800][14.400s][gc,reloc    ] GC(137) Large Pages: 71 / 142M, Empty: 136M, Relocated: 0M, In-Place: 0
[2024-07-21T19:49:24.975+0800][14.400s][gc,reloc    ] GC(137) Forwarding Usage: 0M
[2024-07-21T19:49:24.975+0800][14.400s][gc,heap     ] GC(137) Min Capacity: 8M(3%)
[2024-07-21T19:49:24.975+0800][14.400s][gc,heap     ] GC(137) Max Capacity: 256M(100%)
[2024-07-21T19:49:24.975+0800][14.400s][gc,heap     ] GC(137) Soft Max Capacity: 256M(100%)
[2024-07-21T19:49:24.975+0800][14.400s][gc,heap     ] GC(137)                Mark Start          Mark End        Relocate Start      Relocate End           High               Low         
[2024-07-21T19:49:24.975+0800][14.400s][gc,heap     ] GC(137)  Capacity:      256M (100%)        256M (100%)        256M (100%)        256M (100%)        256M (100%)        256M (100%)   
[2024-07-21T19:49:24.975+0800][14.400s][gc,heap     ] GC(137)      Free:       96M (38%)          76M (30%)         198M (77%)         198M (77%)         198M (77%)          60M (23%)    
[2024-07-21T19:49:24.975+0800][14.400s][gc,heap     ] GC(137)      Used:      160M (62%)         180M (70%)          58M (23%)          58M (23%)         196M (77%)          58M (23%)    
[2024-07-21T19:49:24.975+0800][14.400s][gc,heap     ] GC(137)      Live:         -                10M (4%)           10M (4%)           10M (4%)             -                  -          
[2024-07-21T19:49:24.975+0800][14.400s][gc,heap     ] GC(137) Allocated:         -                20M (8%)           36M (14%)          36M (14%)            -                  -          
[2024-07-21T19:49:24.975+0800][14.400s][gc,heap     ] GC(137)   Garbage:         -               149M (58%)          11M (4%)           11M (4%)             -                  -          
[2024-07-21T19:49:24.975+0800][14.400s][gc,heap     ] GC(137) Reclaimed:         -                  -               138M (54%)         138M (54%)            -                  -          
[2024-07-21T19:49:24.975+0800][14.400s][gc          ] GC(137) Garbage Collection (Allocation Rate) 160M(62%)->58M(23%)
[2024-07-21T19:49:25.047+0800][14.472s][gc,start    ] GC(138) Garbage Collection (Allocation Rate)
[2024-07-21T19:49:25.047+0800][14.472s][gc,task     ] GC(138) Using 2 workers
[2024-07-21T19:49:25.047+0800][14.472s][gc,phases   ] GC(138) Pause Mark Start 0.006ms
[2024-07-21T19:49:25.062+0800][14.487s][gc,phases   ] GC(138) Concurrent Mark 14.994ms
[2024-07-21T19:49:25.062+0800][14.487s][gc,phases   ] GC(138) Pause Mark End 0.011ms
[2024-07-21T19:49:25.062+0800][14.487s][gc,phases   ] GC(138) Concurrent Mark Free 0.002ms
[2024-07-21T19:49:25.064+0800][14.489s][gc,phases   ] GC(138) Concurrent Process Non-Strong References 1.089ms
[2024-07-21T19:49:25.064+0800][14.489s][gc,phases   ] GC(138) Concurrent Reset Relocation Set 0.001ms
[2024-07-21T19:49:25.065+0800][14.490s][gc,phases   ] GC(138) Concurrent Select Relocation Set 1.837ms
[2024-07-21T19:49:25.066+0800][14.491s][gc,phases   ] GC(138) Pause Relocate Start 0.006ms
[2024-07-21T19:49:25.066+0800][14.491s][gc,phases   ] GC(138) Concurrent Relocate 0.730ms
[2024-07-21T19:49:25.066+0800][14.491s][gc,load     ] GC(138) Load: 0.00/0.00/0.00
[2024-07-21T19:49:25.066+0800][14.491s][gc,mmu      ] GC(138) MMU: 2ms/96.3%, 5ms/98.5%, 10ms/99.2%, 20ms/99.6%, 50ms/99.8%, 100ms/99.9%
[2024-07-21T19:49:25.066+0800][14.491s][gc,marking  ] GC(138) Mark: 2 stripe(s), 2 proactive flush(es), 1 terminate flush(es), 0 completion(s), 0 continuation(s) 
[2024-07-21T19:49:25.067+0800][14.491s][gc,marking  ] GC(138) Mark Stack Usage: 32M
[2024-07-21T19:49:25.067+0800][14.492s][gc,nmethod  ] GC(138) NMethods: 468 registered, 0 unregistered
[2024-07-21T19:49:25.067+0800][14.492s][gc,metaspace] GC(138) Metaspace: 1M used, 1M committed, 1032M reserved
[2024-07-21T19:49:25.067+0800][14.492s][gc,ref      ] GC(138) Soft: 93 encountered, 0 discovered, 0 enqueued
[2024-07-21T19:49:25.067+0800][14.492s][gc,ref      ] GC(138) Weak: 131 encountered, 110 discovered, 0 enqueued
[2024-07-21T19:49:25.067+0800][14.492s][gc,ref      ] GC(138) Final: 0 encountered, 0 discovered, 0 enqueued
[2024-07-21T19:49:25.067+0800][14.492s][gc,ref      ] GC(138) Phantom: 184 encountered, 104 discovered, 0 enqueued
[2024-07-21T19:49:25.067+0800][14.492s][gc,reloc    ] GC(138) Small Pages: 5 / 10M, Empty: 2M, Relocated: 1M, In-Place: 0
[2024-07-21T19:49:25.067+0800][14.492s][gc,reloc    ] GC(138) Medium Pages: 1 / 8M, Empty: 0M, Relocated: 0M, In-Place: 0
[2024-07-21T19:49:25.067+0800][14.492s][gc,reloc    ] GC(138) Large Pages: 63 / 126M, Empty: 120M, Relocated: 0M, In-Place: 0
[2024-07-21T19:49:25.067+0800][14.492s][gc,reloc    ] GC(138) Forwarding Usage: 0M
[2024-07-21T19:49:25.067+0800][14.492s][gc,heap     ] GC(138) Min Capacity: 8M(3%)
[2024-07-21T19:49:25.067+0800][14.492s][gc,heap     ] GC(138) Max Capacity: 256M(100%)
[2024-07-21T19:49:25.067+0800][14.492s][gc,heap     ] GC(138) Soft Max Capacity: 256M(100%)
[2024-07-21T19:49:25.067+0800][14.492s][gc,heap     ] GC(138)                Mark Start          Mark End        Relocate Start      Relocate End           High               Low         
[2024-07-21T19:49:25.067+0800][14.492s][gc,heap     ] GC(138)  Capacity:      256M (100%)        256M (100%)        256M (100%)        256M (100%)        256M (100%)        256M (100%)   
[2024-07-21T19:49:25.067+0800][14.492s][gc,heap     ] GC(138)      Free:      112M (44%)          92M (36%)         198M (77%)         198M (77%)         198M (77%)          76M (30%)    
[2024-07-21T19:49:25.067+0800][14.492s][gc,heap     ] GC(138)      Used:      144M (56%)         164M (64%)          58M (23%)          58M (23%)         180M (70%)          58M (23%)    
[2024-07-21T19:49:25.067+0800][14.492s][gc,heap     ] GC(138)      Live:         -                10M (4%)           10M (4%)           10M (4%)             -                  -          
[2024-07-21T19:49:25.067+0800][14.492s][gc,heap     ] GC(138) Allocated:         -                20M (8%)           36M (14%)          36M (14%)            -                  -          
[2024-07-21T19:49:25.067+0800][14.492s][gc,heap     ] GC(138)   Garbage:         -               133M (52%)          11M (4%)           11M (4%)             -                  -          
[2024-07-21T19:49:25.067+0800][14.492s][gc,heap     ] GC(138) Reclaimed:         -                  -               122M (48%)         122M (48%)            -                  -          
[2024-07-21T19:49:25.067+0800][14.492s][gc          ] GC(138) Garbage Collection (Allocation Rate) 144M(56%)->58M(23%)
[2024-07-21T19:49:25.142+0800][14.567s][gc,start    ] GC(139) Garbage Collection (Allocation Rate)
[2024-07-21T19:49:25.142+0800][14.567s][gc,task     ] GC(139) Using 2 workers
[2024-07-21T19:49:25.142+0800][14.567s][gc,phases   ] GC(139) Pause Mark Start 0.006ms
[2024-07-21T19:49:25.158+0800][14.583s][gc,phases   ] GC(139) Concurrent Mark 15.497ms
[2024-07-21T19:49:25.158+0800][14.583s][gc,phases   ] GC(139) Pause Mark End 0.011ms
[2024-07-21T19:49:25.158+0800][14.583s][gc,phases   ] GC(139) Concurrent Mark Free 0.003ms
[2024-07-21T19:49:25.160+0800][14.585s][gc,phases   ] GC(139) Concurrent Process Non-Strong References 1.436ms
[2024-07-21T19:49:25.160+0800][14.585s][gc,phases   ] GC(139) Concurrent Reset Relocation Set 0.001ms
[2024-07-21T19:49:25.162+0800][14.587s][gc,phases   ] GC(139) Concurrent Select Relocation Set 2.097ms
[2024-07-21T19:49:25.162+0800][14.587s][gc,phases   ] GC(139) Pause Relocate Start 0.008ms
[2024-07-21T19:49:25.163+0800][14.588s][gc,phases   ] GC(139) Concurrent Relocate 0.878ms
[2024-07-21T19:49:25.163+0800][14.588s][gc,load     ] GC(139) Load: 0.00/0.00/0.00
[2024-07-21T19:49:25.163+0800][14.588s][gc,mmu      ] GC(139) MMU: 2ms/96.3%, 5ms/98.5%, 10ms/99.2%, 20ms/99.6%, 50ms/99.8%, 100ms/99.9%
[2024-07-21T19:49:25.163+0800][14.588s][gc,marking  ] GC(139) Mark: 2 stripe(s), 2 proactive flush(es), 1 terminate flush(es), 0 completion(s), 0 continuation(s) 
[2024-07-21T19:49:25.163+0800][14.588s][gc,marking  ] GC(139) Mark Stack Usage: 32M
[2024-07-21T19:49:25.163+0800][14.588s][gc,nmethod  ] GC(139) NMethods: 468 registered, 0 unregistered
[2024-07-21T19:49:25.163+0800][14.588s][gc,metaspace] GC(139) Metaspace: 1M used, 1M committed, 1032M reserved
[2024-07-21T19:49:25.163+0800][14.588s][gc,ref      ] GC(139) Soft: 93 encountered, 0 discovered, 0 enqueued
[2024-07-21T19:49:25.163+0800][14.588s][gc,ref      ] GC(139) Weak: 131 encountered, 0 discovered, 0 enqueued
[2024-07-21T19:49:25.163+0800][14.588s][gc,ref      ] GC(139) Final: 0 encountered, 0 discovered, 0 enqueued
[2024-07-21T19:49:25.163+0800][14.588s][gc,ref      ] GC(139) Phantom: 184 encountered, 143 discovered, 0 enqueued
[2024-07-21T19:49:25.163+0800][14.588s][gc,reloc    ] GC(139) Small Pages: 5 / 10M, Empty: 2M, Relocated: 1M, In-Place: 0
[2024-07-21T19:49:25.163+0800][14.588s][gc,reloc    ] GC(139) Medium Pages: 1 / 8M, Empty: 0M, Relocated: 0M, In-Place: 0
[2024-07-21T19:49:25.163+0800][14.588s][gc,reloc    ] GC(139) Large Pages: 61 / 122M, Empty: 120M, Relocated: 0M, In-Place: 0
[2024-07-21T19:49:25.163+0800][14.588s][gc,reloc    ] GC(139) Forwarding Usage: 0M
[2024-07-21T19:49:25.163+0800][14.588s][gc,heap     ] GC(139) Min Capacity: 8M(3%)
[2024-07-21T19:49:25.163+0800][14.588s][gc,heap     ] GC(139) Max Capacity: 256M(100%)
[2024-07-21T19:49:25.163+0800][14.588s][gc,heap     ] GC(139) Soft Max Capacity: 256M(100%)
[2024-07-21T19:49:25.163+0800][14.588s][gc,heap     ] GC(139)                Mark Start          Mark End        Relocate Start      Relocate End           High               Low         
[2024-07-21T19:49:25.163+0800][14.588s][gc,heap     ] GC(139)  Capacity:      256M (100%)        256M (100%)        256M (100%)        256M (100%)        256M (100%)        256M (100%)   
[2024-07-21T19:49:25.163+0800][14.588s][gc,heap     ] GC(139)      Free:      116M (45%)          90M (35%)         198M (77%)         198M (77%)         198M (77%)          76M (30%)    
[2024-07-21T19:49:25.163+0800][14.588s][gc,heap     ] GC(139)      Used:      140M (55%)         166M (65%)          58M (23%)          58M (23%)         180M (70%)          58M (23%)    
[2024-07-21T19:49:25.163+0800][14.588s][gc,heap     ] GC(139)      Live:         -                 6M (3%)            6M (3%)            6M (3%)             -                  -          
[2024-07-21T19:49:25.163+0800][14.588s][gc,heap     ] GC(139) Allocated:         -                26M (10%)          40M (16%)          40M (16%)            -                  -          
[2024-07-21T19:49:25.163+0800][14.589s][gc,heap     ] GC(139)   Garbage:         -               133M (52%)          11M (4%)           11M (4%)             -                  -          
[2024-07-21T19:49:25.164+0800][14.589s][gc,heap     ] GC(139) Reclaimed:         -                  -               122M (48%)         122M (48%)            -                  -          
[2024-07-21T19:49:25.164+0800][14.589s][gc          ] GC(139) Garbage Collection (Allocation Rate) 140M(55%)->58M(23%)
[2024-07-21T19:49:25.253+0800][14.677s][gc,start    ] GC(140) Garbage Collection (Allocation Rate)
[2024-07-21T19:49:25.253+0800][14.677s][gc,task     ] GC(140) Using 2 workers
[2024-07-21T19:49:25.253+0800][14.678s][gc,phases   ] GC(140) Pause Mark Start 0.008ms
[2024-07-21T19:49:25.268+0800][14.693s][gc,phases   ] GC(140) Concurrent Mark 15.315ms
[2024-07-21T19:49:25.268+0800][14.693s][gc,phases   ] GC(140) Pause Mark End 0.011ms
[2024-07-21T19:49:25.269+0800][14.694s][gc,phases   ] GC(140) Concurrent Mark Free 0.001ms
[2024-07-21T19:49:25.270+0800][14.695s][gc,phases   ] GC(140) Concurrent Process Non-Strong References 1.173ms
[2024-07-21T19:49:25.270+0800][14.695s][gc,phases   ] GC(140) Concurrent Reset Relocation Set 0.001ms
[2024-07-21T19:49:25.272+0800][14.697s][gc,phases   ] GC(140) Concurrent Select Relocation Set 1.890ms
[2024-07-21T19:49:25.272+0800][14.697s][gc,phases   ] GC(140) Pause Relocate Start 0.006ms
[2024-07-21T19:49:25.273+0800][14.698s][gc,phases   ] GC(140) Concurrent Relocate 0.774ms
[2024-07-21T19:49:25.273+0800][14.698s][gc,load     ] GC(140) Load: 0.00/0.00/0.00
[2024-07-21T19:49:25.273+0800][14.698s][gc,mmu      ] GC(140) MMU: 2ms/96.3%, 5ms/98.5%, 10ms/99.2%, 20ms/99.6%, 50ms/99.8%, 100ms/99.9%
[2024-07-21T19:49:25.273+0800][14.698s][gc,marking  ] GC(140) Mark: 2 stripe(s), 2 proactive flush(es), 1 terminate flush(es), 0 completion(s), 0 continuation(s) 
[2024-07-21T19:49:25.273+0800][14.698s][gc,marking  ] GC(140) Mark Stack Usage: 32M
[2024-07-21T19:49:25.273+0800][14.698s][gc,nmethod  ] GC(140) NMethods: 468 registered, 0 unregistered
[2024-07-21T19:49:25.273+0800][14.698s][gc,metaspace] GC(140) Metaspace: 1M used, 1M committed, 1032M reserved
[2024-07-21T19:49:25.273+0800][14.698s][gc,ref      ] GC(140) Soft: 93 encountered, 0 discovered, 0 enqueued
[2024-07-21T19:49:25.273+0800][14.698s][gc,ref      ] GC(140) Weak: 131 encountered, 96 discovered, 0 enqueued
[2024-07-21T19:49:25.273+0800][14.698s][gc,ref      ] GC(140) Final: 0 encountered, 0 discovered, 0 enqueued
[2024-07-21T19:49:25.273+0800][14.698s][gc,ref      ] GC(140) Phantom: 184 encountered, 179 discovered, 0 enqueued
[2024-07-21T19:49:25.273+0800][14.698s][gc,reloc    ] GC(140) Small Pages: 5 / 10M, Empty: 2M, Relocated: 1M, In-Place: 0
[2024-07-21T19:49:25.273+0800][14.698s][gc,reloc    ] GC(140) Medium Pages: 1 / 8M, Empty: 0M, Relocated: 0M, In-Place: 0
[2024-07-21T19:49:25.273+0800][14.698s][gc,reloc    ] GC(140) Large Pages: 73 / 146M, Empty: 144M, Relocated: 0M, In-Place: 0
[2024-07-21T19:49:25.273+0800][14.698s][gc,reloc    ] GC(140) Forwarding Usage: 0M
[2024-07-21T19:49:25.273+0800][14.698s][gc,heap     ] GC(140) Min Capacity: 8M(3%)
[2024-07-21T19:49:25.273+0800][14.698s][gc,heap     ] GC(140) Max Capacity: 256M(100%)
[2024-07-21T19:49:25.273+0800][14.698s][gc,heap     ] GC(140) Soft Max Capacity: 256M(100%)
[2024-07-21T19:49:25.273+0800][14.698s][gc,heap     ] GC(140)                Mark Start          Mark End        Relocate Start      Relocate End           High               Low         
[2024-07-21T19:49:25.273+0800][14.698s][gc,heap     ] GC(140)  Capacity:      256M (100%)        256M (100%)        256M (100%)        256M (100%)        256M (100%)        256M (100%)   
[2024-07-21T19:49:25.273+0800][14.698s][gc,heap     ] GC(140)      Free:       92M (36%)          70M (27%)         202M (79%)         202M (79%)         202M (79%)          56M (22%)    
[2024-07-21T19:49:25.273+0800][14.698s][gc,heap     ] GC(140)      Used:      164M (64%)         186M (73%)          54M (21%)          54M (21%)         200M (78%)          54M (21%)    
[2024-07-21T19:49:25.273+0800][14.698s][gc,heap     ] GC(140)      Live:         -                 6M (3%)            6M (3%)            6M (3%)             -                  -          
[2024-07-21T19:49:25.273+0800][14.698s][gc,heap     ] GC(140) Allocated:         -                22M (9%)           36M (14%)          36M (14%)            -                  -          
[2024-07-21T19:49:25.273+0800][14.698s][gc,heap     ] GC(140)   Garbage:         -               157M (61%)          11M (4%)           11M (4%)             -                  -          
[2024-07-21T19:49:25.273+0800][14.698s][gc,heap     ] GC(140) Reclaimed:         -                  -               146M (57%)         146M (57%)            -                  -          
[2024-07-21T19:49:25.273+0800][14.698s][gc          ] GC(140) Garbage Collection (Allocation Rate) 164M(64%)->54M(21%)
[2024-07-21T19:49:25.347+0800][14.772s][gc,start    ] GC(141) Garbage Collection (Allocation Rate)
[2024-07-21T19:49:25.347+0800][14.772s][gc,task     ] GC(141) Using 2 workers
[2024-07-21T19:49:25.347+0800][14.772s][gc,phases   ] GC(141) Pause Mark Start 0.007ms
[2024-07-21T19:49:25.363+0800][14.788s][gc,phases   ] GC(141) Concurrent Mark 15.190ms
[2024-07-21T19:49:25.363+0800][14.788s][gc,phases   ] GC(141) Pause Mark End 0.017ms
[2024-07-21T19:49:25.363+0800][14.788s][gc,phases   ] GC(141) Concurrent Mark Free 0.001ms
[2024-07-21T19:49:25.364+0800][14.789s][gc,phases   ] GC(141) Concurrent Process Non-Strong References 1.447ms
[2024-07-21T19:49:25.364+0800][14.789s][gc,phases   ] GC(141) Concurrent Reset Relocation Set 0.001ms
[2024-07-21T19:49:25.366+0800][14.791s][gc,phases   ] GC(141) Concurrent Select Relocation Set 1.800ms
[2024-07-21T19:49:25.366+0800][14.791s][gc,phases   ] GC(141) Pause Relocate Start 0.010ms
[2024-07-21T19:49:25.368+0800][14.792s][gc,phases   ] GC(141) Concurrent Relocate 0.896ms
[2024-07-21T19:49:25.368+0800][14.793s][gc,load     ] GC(141) Load: 0.00/0.00/0.00
[2024-07-21T19:49:25.368+0800][14.793s][gc,mmu      ] GC(141) MMU: 2ms/96.3%, 5ms/98.5%, 10ms/99.2%, 20ms/99.6%, 50ms/99.8%, 100ms/99.9%
[2024-07-21T19:49:25.368+0800][14.793s][gc,marking  ] GC(141) Mark: 2 stripe(s), 2 proactive flush(es), 1 terminate flush(es), 0 completion(s), 0 continuation(s) 
[2024-07-21T19:49:25.368+0800][14.793s][gc,marking  ] GC(141) Mark Stack Usage: 32M
[2024-07-21T19:49:25.368+0800][14.793s][gc,nmethod  ] GC(141) NMethods: 468 registered, 0 unregistered
[2024-07-21T19:49:25.368+0800][14.793s][gc,metaspace] GC(141) Metaspace: 1M used, 1M committed, 1032M reserved
[2024-07-21T19:49:25.368+0800][14.793s][gc,ref      ] GC(141) Soft: 93 encountered, 0 discovered, 0 enqueued
[2024-07-21T19:49:25.368+0800][14.793s][gc,ref      ] GC(141) Weak: 131 encountered, 96 discovered, 0 enqueued
[2024-07-21T19:49:25.368+0800][14.793s][gc,ref      ] GC(141) Final: 0 encountered, 0 discovered, 0 enqueued
[2024-07-21T19:49:25.368+0800][14.793s][gc,ref      ] GC(141) Phantom: 184 encountered, 180 discovered, 0 enqueued
[2024-07-21T19:49:25.368+0800][14.793s][gc,reloc    ] GC(141) Small Pages: 5 / 10M, Empty: 2M, Relocated: 1M, In-Place: 0
[2024-07-21T19:49:25.368+0800][14.793s][gc,reloc    ] GC(141) Medium Pages: 1 / 8M, Empty: 0M, Relocated: 0M, In-Place: 0
[2024-07-21T19:49:25.368+0800][14.793s][gc,reloc    ] GC(141) Large Pages: 61 / 122M, Empty: 120M, Relocated: 0M, In-Place: 0
[2024-07-21T19:49:25.368+0800][14.793s][gc,reloc    ] GC(141) Forwarding Usage: 0M
[2024-07-21T19:49:25.368+0800][14.793s][gc,heap     ] GC(141) Min Capacity: 8M(3%)
[2024-07-21T19:49:25.368+0800][14.793s][gc,heap     ] GC(141) Max Capacity: 256M(100%)
[2024-07-21T19:49:25.368+0800][14.793s][gc,heap     ] GC(141) Soft Max Capacity: 256M(100%)
[2024-07-21T19:49:25.368+0800][14.793s][gc,heap     ] GC(141)                Mark Start          Mark End        Relocate Start      Relocate End           High               Low         
[2024-07-21T19:49:25.368+0800][14.793s][gc,heap     ] GC(141)  Capacity:      256M (100%)        256M (100%)        256M (100%)        256M (100%)        256M (100%)        256M (100%)   
[2024-07-21T19:49:25.368+0800][14.793s][gc,heap     ] GC(141)      Free:      116M (45%)          96M (38%)         202M (79%)         202M (79%)         202M (79%)          80M (31%)    
[2024-07-21T19:49:25.368+0800][14.793s][gc,heap     ] GC(141)      Used:      140M (55%)         160M (62%)          54M (21%)          54M (21%)         176M (69%)          54M (21%)    
[2024-07-21T19:49:25.368+0800][14.793s][gc,heap     ] GC(141)      Live:         -                 6M (3%)            6M (3%)            6M (3%)             -                  -          
[2024-07-21T19:49:25.368+0800][14.793s][gc,heap     ] GC(141) Allocated:         -                20M (8%)           36M (14%)          36M (14%)            -                  -          
[2024-07-21T19:49:25.368+0800][14.793s][gc,heap     ] GC(141)   Garbage:         -               133M (52%)          11M (4%)           11M (4%)             -                  -          
[2024-07-21T19:49:25.368+0800][14.793s][gc,heap     ] GC(141) Reclaimed:         -                  -               122M (48%)         122M (48%)            -                  -          
[2024-07-21T19:49:25.368+0800][14.793s][gc          ] GC(141) Garbage Collection (Allocation Rate) 140M(55%)->54M(21%)
[2024-07-21T19:49:25.441+0800][14.866s][gc,start    ] GC(142) Garbage Collection (Allocation Rate)
[2024-07-21T19:49:25.441+0800][14.866s][gc,task     ] GC(142) Using 2 workers
[2024-07-21T19:49:25.441+0800][14.866s][gc,phases   ] GC(142) Pause Mark Start 0.005ms
[2024-07-21T19:49:25.456+0800][14.881s][gc,phases   ] GC(142) Concurrent Mark 14.950ms
[2024-07-21T19:49:25.456+0800][14.881s][gc,phases   ] GC(142) Pause Mark End 0.011ms
[2024-07-21T19:49:25.457+0800][14.882s][gc,phases   ] GC(142) Concurrent Mark Free 0.004ms
[2024-07-21T19:49:25.458+0800][14.883s][gc,phases   ] GC(142) Concurrent Process Non-Strong References 1.160ms
[2024-07-21T19:49:25.458+0800][14.883s][gc,phases   ] GC(142) Concurrent Reset Relocation Set 0.001ms
[2024-07-21T19:49:25.460+0800][14.885s][gc,phases   ] GC(142) Concurrent Select Relocation Set 1.666ms
[2024-07-21T19:49:25.460+0800][14.885s][gc,phases   ] GC(142) Pause Relocate Start 0.006ms
[2024-07-21T19:49:25.461+0800][14.886s][gc,phases   ] GC(142) Concurrent Relocate 0.825ms
[2024-07-21T19:49:25.461+0800][14.886s][gc,load     ] GC(142) Load: 0.00/0.00/0.00
[2024-07-21T19:49:25.461+0800][14.886s][gc,mmu      ] GC(142) MMU: 2ms/96.3%, 5ms/98.5%, 10ms/99.2%, 20ms/99.6%, 50ms/99.8%, 100ms/99.9%
[2024-07-21T19:49:25.461+0800][14.886s][gc,marking  ] GC(142) Mark: 2 stripe(s), 2 proactive flush(es), 1 terminate flush(es), 0 completion(s), 0 continuation(s) 
[2024-07-21T19:49:25.461+0800][14.886s][gc,marking  ] GC(142) Mark Stack Usage: 32M
[2024-07-21T19:49:25.461+0800][14.886s][gc,nmethod  ] GC(142) NMethods: 469 registered, 0 unregistered
[2024-07-21T19:49:25.461+0800][14.886s][gc,metaspace] GC(142) Metaspace: 1M used, 1M committed, 1032M reserved
[2024-07-21T19:49:25.461+0800][14.886s][gc,ref      ] GC(142) Soft: 93 encountered, 0 discovered, 0 enqueued
[2024-07-21T19:49:25.461+0800][14.886s][gc,ref      ] GC(142) Weak: 131 encountered, 110 discovered, 0 enqueued
[2024-07-21T19:49:25.461+0800][14.886s][gc,ref      ] GC(142) Final: 0 encountered, 0 discovered, 0 enqueued
[2024-07-21T19:49:25.461+0800][14.886s][gc,ref      ] GC(142) Phantom: 184 encountered, 125 discovered, 0 enqueued
[2024-07-21T19:49:25.461+0800][14.886s][gc,reloc    ] GC(142) Small Pages: 5 / 10M, Empty: 2M, Relocated: 1M, In-Place: 0
[2024-07-21T19:49:25.461+0800][14.886s][gc,reloc    ] GC(142) Medium Pages: 1 / 8M, Empty: 0M, Relocated: 0M, In-Place: 0
[2024-07-21T19:49:25.461+0800][14.886s][gc,reloc    ] GC(142) Large Pages: 60 / 120M, Empty: 118M, Relocated: 0M, In-Place: 0
[2024-07-21T19:49:25.461+0800][14.886s][gc,reloc    ] GC(142) Forwarding Usage: 0M
[2024-07-21T19:49:25.461+0800][14.886s][gc,heap     ] GC(142) Min Capacity: 8M(3%)
[2024-07-21T19:49:25.461+0800][14.886s][gc,heap     ] GC(142) Max Capacity: 256M(100%)
[2024-07-21T19:49:25.461+0800][14.886s][gc,heap     ] GC(142) Soft Max Capacity: 256M(100%)
[2024-07-21T19:49:25.461+0800][14.886s][gc,heap     ] GC(142)                Mark Start          Mark End        Relocate Start      Relocate End           High               Low         
[2024-07-21T19:49:25.461+0800][14.886s][gc,heap     ] GC(142)  Capacity:      256M (100%)        256M (100%)        256M (100%)        256M (100%)        256M (100%)        256M (100%)   
[2024-07-21T19:49:25.461+0800][14.886s][gc,heap     ] GC(142)      Free:      118M (46%)          94M (37%)         200M (78%)         200M (78%)         200M (78%)          80M (31%)    
[2024-07-21T19:49:25.461+0800][14.886s][gc,heap     ] GC(142)      Used:      138M (54%)         162M (63%)          56M (22%)          56M (22%)         176M (69%)          56M (22%)    
[2024-07-21T19:49:25.461+0800][14.886s][gc,heap     ] GC(142)      Live:         -                 6M (3%)            6M (3%)            6M (3%)             -                  -          
[2024-07-21T19:49:25.461+0800][14.886s][gc,heap     ] GC(142) Allocated:         -                24M (9%)           38M (15%)          38M (15%)            -                  -          
[2024-07-21T19:49:25.461+0800][14.886s][gc,heap     ] GC(142)   Garbage:         -               131M (51%)          11M (4%)           11M (4%)             -                  -          
[2024-07-21T19:49:25.461+0800][14.886s][gc,heap     ] GC(142) Reclaimed:         -                  -               120M (47%)         120M (47%)            -                  -          
[2024-07-21T19:49:25.461+0800][14.886s][gc          ] GC(142) Garbage Collection (Allocation Rate) 138M(54%)->56M(22%)
[2024-07-21T19:49:25.551+0800][14.975s][gc,start    ] GC(143) Garbage Collection (Allocation Rate)
[2024-07-21T19:49:25.551+0800][14.975s][gc,task     ] GC(143) Using 2 workers
[2024-07-21T19:49:25.551+0800][14.976s][gc,phases   ] GC(143) Pause Mark Start 0.013ms
[2024-07-21T19:49:25.566+0800][14.990s][gc,phases   ] GC(143) Concurrent Mark 14.686ms
[2024-07-21T19:49:25.566+0800][14.991s][gc,phases   ] GC(143) Pause Mark End 0.051ms
[2024-07-21T19:49:25.567+0800][14.991s][gc,phases   ] GC(143) Concurrent Mark Free 0.003ms
[2024-07-21T19:49:25.568+0800][14.993s][gc,phases   ] GC(143) Concurrent Process Non-Strong References 1.549ms
[2024-07-21T19:49:25.568+0800][14.993s][gc,phases   ] GC(143) Concurrent Reset Relocation Set 0.002ms
[2024-07-21T19:49:25.570+0800][14.995s][gc,phases   ] GC(143) Concurrent Select Relocation Set 2.145ms
[2024-07-21T19:49:25.571+0800][14.995s][gc,phases   ] GC(143) Pause Relocate Start 0.007ms
[2024-07-21T19:49:25.572+0800][14.996s][gc,phases   ] GC(143) Concurrent Relocate 0.769ms
[2024-07-21T19:49:25.572+0800][14.996s][gc,load     ] GC(143) Load: 0.00/0.00/0.00
[2024-07-21T19:49:25.572+0800][14.996s][gc,mmu      ] GC(143) MMU: 2ms/96.3%, 5ms/98.5%, 10ms/99.2%, 20ms/99.6%, 50ms/99.8%, 100ms/99.9%
[2024-07-21T19:49:25.572+0800][14.996s][gc,marking  ] GC(143) Mark: 2 stripe(s), 2 proactive flush(es), 1 terminate flush(es), 0 completion(s), 0 continuation(s) 
[2024-07-21T19:49:25.572+0800][14.996s][gc,marking  ] GC(143) Mark Stack Usage: 32M
[2024-07-21T19:49:25.572+0800][14.996s][gc,nmethod  ] GC(143) NMethods: 469 registered, 0 unregistered
[2024-07-21T19:49:25.572+0800][14.996s][gc,metaspace] GC(143) Metaspace: 1M used, 1M committed, 1032M reserved
[2024-07-21T19:49:25.572+0800][14.996s][gc,ref      ] GC(143) Soft: 93 encountered, 0 discovered, 0 enqueued
[2024-07-21T19:49:25.572+0800][14.996s][gc,ref      ] GC(143) Weak: 131 encountered, 110 discovered, 0 enqueued
[2024-07-21T19:49:25.572+0800][14.996s][gc,ref      ] GC(143) Final: 0 encountered, 0 discovered, 0 enqueued
[2024-07-21T19:49:25.572+0800][14.996s][gc,ref      ] GC(143) Phantom: 184 encountered, 125 discovered, 0 enqueued
[2024-07-21T19:49:25.572+0800][14.996s][gc,reloc    ] GC(143) Small Pages: 5 / 10M, Empty: 2M, Relocated: 1M, In-Place: 0
[2024-07-21T19:49:25.572+0800][14.996s][gc,reloc    ] GC(143) Medium Pages: 1 / 8M, Empty: 0M, Relocated: 0M, In-Place: 0
[2024-07-21T19:49:25.572+0800][14.996s][gc,reloc    ] GC(143) Large Pages: 72 / 144M, Empty: 138M, Relocated: 0M, In-Place: 0
[2024-07-21T19:49:25.572+0800][14.996s][gc,reloc    ] GC(143) Forwarding Usage: 0M
[2024-07-21T19:49:25.572+0800][14.996s][gc,heap     ] GC(143) Min Capacity: 8M(3%)
[2024-07-21T19:49:25.572+0800][14.996s][gc,heap     ] GC(143) Max Capacity: 256M(100%)
[2024-07-21T19:49:25.572+0800][14.996s][gc,heap     ] GC(143) Soft Max Capacity: 256M(100%)
[2024-07-21T19:49:25.572+0800][14.996s][gc,heap     ] GC(143)                Mark Start          Mark End        Relocate Start      Relocate End           High               Low         
[2024-07-21T19:49:25.572+0800][14.996s][gc,heap     ] GC(143)  Capacity:      256M (100%)        256M (100%)        256M (100%)        256M (100%)        256M (100%)        256M (100%)   
[2024-07-21T19:49:25.572+0800][14.996s][gc,heap     ] GC(143)      Free:       94M (37%)          76M (30%)         198M (77%)         198M (77%)         198M (77%)          58M (23%)    
[2024-07-21T19:49:25.572+0800][14.996s][gc,heap     ] GC(143)      Used:      162M (63%)         180M (70%)          58M (23%)          58M (23%)         198M (77%)          58M (23%)    
[2024-07-21T19:49:25.572+0800][14.996s][gc,heap     ] GC(143)      Live:         -                10M (4%)           10M (4%)           10M (4%)             -                  -          
[2024-07-21T19:49:25.572+0800][14.996s][gc,heap     ] GC(143) Allocated:         -                18M (7%)           36M (14%)          36M (14%)            -                  -          
[2024-07-21T19:49:25.572+0800][14.997s][gc,heap     ] GC(143)   Garbage:         -               151M (59%)          11M (4%)           11M (4%)             -                  -          
[2024-07-21T19:49:25.572+0800][14.997s][gc,heap     ] GC(143) Reclaimed:         -                  -               140M (55%)         140M (55%)            -                  -          
[2024-07-21T19:49:25.572+0800][14.997s][gc          ] GC(143) Garbage Collection (Allocation Rate) 162M(63%)->58M(23%)
[2024-07-21T19:49:25.645+0800][15.070s][gc,start    ] GC(144) Garbage Collection (Allocation Rate)
[2024-07-21T19:49:25.645+0800][15.070s][gc,task     ] GC(144) Using 2 workers
[2024-07-21T19:49:25.645+0800][15.070s][gc,phases   ] GC(144) Pause Mark Start 0.009ms
[2024-07-21T19:49:25.661+0800][15.085s][gc,phases   ] GC(144) Concurrent Mark 15.216ms
[2024-07-21T19:49:25.661+0800][15.086s][gc,phases   ] GC(144) Pause Mark End 0.011ms
[2024-07-21T19:49:25.661+0800][15.086s][gc,phases   ] GC(144) Concurrent Mark Free 0.001ms
[2024-07-21T19:49:25.662+0800][15.087s][gc,phases   ] GC(144) Concurrent Process Non-Strong References 1.165ms
[2024-07-21T19:49:25.662+0800][15.087s][gc,phases   ] GC(144) Concurrent Reset Relocation Set 0.001ms
[2024-07-21T19:49:25.664+0800][15.089s][gc,phases   ] GC(144) Concurrent Select Relocation Set 1.644ms
[2024-07-21T19:49:25.664+0800][15.089s][gc,phases   ] GC(144) Pause Relocate Start 0.006ms
[2024-07-21T19:49:25.665+0800][15.090s][gc,phases   ] GC(144) Concurrent Relocate 0.824ms
[2024-07-21T19:49:25.665+0800][15.090s][gc,load     ] GC(144) Load: 0.00/0.00/0.00
[2024-07-21T19:49:25.665+0800][15.090s][gc,mmu      ] GC(144) MMU: 2ms/96.3%, 5ms/98.5%, 10ms/99.2%, 20ms/99.6%, 50ms/99.8%, 100ms/99.9%
[2024-07-21T19:49:25.665+0800][15.090s][gc,marking  ] GC(144) Mark: 2 stripe(s), 2 proactive flush(es), 1 terminate flush(es), 0 completion(s), 0 continuation(s) 
[2024-07-21T19:49:25.665+0800][15.090s][gc,marking  ] GC(144) Mark Stack Usage: 32M
[2024-07-21T19:49:25.665+0800][15.090s][gc,nmethod  ] GC(144) NMethods: 469 registered, 0 unregistered
[2024-07-21T19:49:25.665+0800][15.090s][gc,metaspace] GC(144) Metaspace: 1M used, 1M committed, 1032M reserved
[2024-07-21T19:49:25.665+0800][15.090s][gc,ref      ] GC(144) Soft: 93 encountered, 0 discovered, 0 enqueued
[2024-07-21T19:49:25.665+0800][15.090s][gc,ref      ] GC(144) Weak: 131 encountered, 13 discovered, 0 enqueued
[2024-07-21T19:49:25.665+0800][15.090s][gc,ref      ] GC(144) Final: 0 encountered, 0 discovered, 0 enqueued
[2024-07-21T19:49:25.665+0800][15.090s][gc,ref      ] GC(144) Phantom: 184 encountered, 118 discovered, 0 enqueued
[2024-07-21T19:49:25.665+0800][15.090s][gc,reloc    ] GC(144) Small Pages: 5 / 10M, Empty: 2M, Relocated: 1M, In-Place: 0
[2024-07-21T19:49:25.665+0800][15.090s][gc,reloc    ] GC(144) Medium Pages: 1 / 8M, Empty: 0M, Relocated: 0M, In-Place: 0
[2024-07-21T19:49:25.665+0800][15.090s][gc,reloc    ] GC(144) Large Pages: 64 / 128M, Empty: 120M, Relocated: 0M, In-Place: 0
[2024-07-21T19:49:25.665+0800][15.090s][gc,reloc    ] GC(144) Forwarding Usage: 0M
[2024-07-21T19:49:25.665+0800][15.090s][gc,heap     ] GC(144) Min Capacity: 8M(3%)
[2024-07-21T19:49:25.665+0800][15.090s][gc,heap     ] GC(144) Max Capacity: 256M(100%)
[2024-07-21T19:49:25.665+0800][15.090s][gc,heap     ] GC(144) Soft Max Capacity: 256M(100%)
[2024-07-21T19:49:25.665+0800][15.090s][gc,heap     ] GC(144)                Mark Start          Mark End        Relocate Start      Relocate End           High               Low         
[2024-07-21T19:49:25.665+0800][15.090s][gc,heap     ] GC(144)  Capacity:      256M (100%)        256M (100%)        256M (100%)        256M (100%)        256M (100%)        256M (100%)   
[2024-07-21T19:49:25.665+0800][15.090s][gc,heap     ] GC(144)      Free:      110M (43%)          92M (36%)         198M (77%)         198M (77%)         198M (77%)          76M (30%)    
[2024-07-21T19:49:25.665+0800][15.090s][gc,heap     ] GC(144)      Used:      146M (57%)         164M (64%)          58M (23%)          58M (23%)         180M (70%)          58M (23%)    
[2024-07-21T19:49:25.665+0800][15.090s][gc,heap     ] GC(144)      Live:         -                12M (5%)           12M (5%)           12M (5%)             -                  -          
[2024-07-21T19:49:25.665+0800][15.090s][gc,heap     ] GC(144) Allocated:         -                18M (7%)           34M (13%)          34M (13%)            -                  -          
[2024-07-21T19:49:25.665+0800][15.090s][gc,heap     ] GC(144)   Garbage:         -               133M (52%)          11M (4%)           11M (4%)             -                  -          
[2024-07-21T19:49:25.666+0800][15.090s][gc,heap     ] GC(144) Reclaimed:         -                  -               122M (48%)         122M (48%)            -                  -          
[2024-07-21T19:49:25.666+0800][15.090s][gc          ] GC(144) Garbage Collection (Allocation Rate) 146M(57%)->58M(23%)
[2024-07-21T19:49:25.755+0800][15.179s][gc,start    ] GC(145) Garbage Collection (Allocation Rate)
[2024-07-21T19:49:25.755+0800][15.179s][gc,task     ] GC(145) Using 2 workers
[2024-07-21T19:49:25.755+0800][15.180s][gc,phases   ] GC(145) Pause Mark Start 0.019ms
[2024-07-21T19:49:25.770+0800][15.195s][gc,phases   ] GC(145) Concurrent Mark 15.076ms
[2024-07-21T19:49:25.770+0800][15.195s][gc,phases   ] GC(145) Pause Mark End 0.019ms
[2024-07-21T19:49:25.770+0800][15.196s][gc,phases   ] GC(145) Concurrent Mark Free 0.001ms
[2024-07-21T19:49:25.772+0800][15.197s][gc,phases   ] GC(145) Concurrent Process Non-Strong References 1.456ms
[2024-07-21T19:49:25.772+0800][15.197s][gc,phases   ] GC(145) Concurrent Reset Relocation Set 0.002ms
[2024-07-21T19:49:25.775+0800][15.200s][gc,phases   ] GC(145) Concurrent Select Relocation Set 2.961ms
[2024-07-21T19:49:25.775+0800][15.200s][gc,phases   ] GC(145) Pause Relocate Start 0.015ms
[2024-07-21T19:49:25.776+0800][15.201s][gc,phases   ] GC(145) Concurrent Relocate 0.889ms
[2024-07-21T19:49:25.776+0800][15.201s][gc,load     ] GC(145) Load: 0.00/0.00/0.00
[2024-07-21T19:49:25.776+0800][15.201s][gc,mmu      ] GC(145) MMU: 2ms/96.3%, 5ms/98.5%, 10ms/99.2%, 20ms/99.6%, 50ms/99.8%, 100ms/99.9%
[2024-07-21T19:49:25.776+0800][15.201s][gc,marking  ] GC(145) Mark: 2 stripe(s), 2 proactive flush(es), 1 terminate flush(es), 0 completion(s), 0 continuation(s) 
[2024-07-21T19:49:25.776+0800][15.202s][gc,marking  ] GC(145) Mark Stack Usage: 32M
[2024-07-21T19:49:25.776+0800][15.202s][gc,nmethod  ] GC(145) NMethods: 469 registered, 0 unregistered
[2024-07-21T19:49:25.776+0800][15.202s][gc,metaspace] GC(145) Metaspace: 1M used, 1M committed, 1032M reserved
[2024-07-21T19:49:25.776+0800][15.202s][gc,ref      ] GC(145) Soft: 93 encountered, 0 discovered, 0 enqueued
[2024-07-21T19:49:25.776+0800][15.202s][gc,ref      ] GC(145) Weak: 131 encountered, 95 discovered, 0 enqueued
[2024-07-21T19:49:25.776+0800][15.202s][gc,ref      ] GC(145) Final: 0 encountered, 0 discovered, 0 enqueued
[2024-07-21T19:49:25.776+0800][15.202s][gc,ref      ] GC(145) Phantom: 184 encountered, 180 discovered, 0 enqueued
[2024-07-21T19:49:25.776+0800][15.202s][gc,reloc    ] GC(145) Small Pages: 5 / 10M, Empty: 2M, Relocated: 1M, In-Place: 0
[2024-07-21T19:49:25.776+0800][15.202s][gc,reloc    ] GC(145) Medium Pages: 1 / 8M, Empty: 0M, Relocated: 0M, In-Place: 0
[2024-07-21T19:49:25.776+0800][15.202s][gc,reloc    ] GC(145) Large Pages: 72 / 144M, Empty: 142M, Relocated: 0M, In-Place: 0
[2024-07-21T19:49:25.776+0800][15.202s][gc,reloc    ] GC(145) Forwarding Usage: 0M
[2024-07-21T19:49:25.776+0800][15.202s][gc,heap     ] GC(145) Min Capacity: 8M(3%)
[2024-07-21T19:49:25.776+0800][15.202s][gc,heap     ] GC(145) Max Capacity: 256M(100%)
[2024-07-21T19:49:25.776+0800][15.202s][gc,heap     ] GC(145) Soft Max Capacity: 256M(100%)
[2024-07-21T19:49:25.776+0800][15.202s][gc,heap     ] GC(145)                Mark Start          Mark End        Relocate Start      Relocate End           High               Low         
[2024-07-21T19:49:25.776+0800][15.202s][gc,heap     ] GC(145)  Capacity:      256M (100%)        256M (100%)        256M (100%)        256M (100%)        256M (100%)        256M (100%)   
[2024-07-21T19:49:25.776+0800][15.202s][gc,heap     ] GC(145)      Free:       94M (37%)          72M (28%)         200M (78%)         200M (78%)         200M (78%)          56M (22%)    
[2024-07-21T19:49:25.776+0800][15.202s][gc,heap     ] GC(145)      Used:      162M (63%)         184M (72%)          56M (22%)          56M (22%)         200M (78%)          56M (22%)    
[2024-07-21T19:49:25.776+0800][15.202s][gc,heap     ] GC(145)      Live:         -                 6M (3%)            6M (3%)            6M (3%)             -                  -          
[2024-07-21T19:49:25.776+0800][15.202s][gc,heap     ] GC(145) Allocated:         -                22M (9%)           38M (15%)          38M (15%)            -                  -          
[2024-07-21T19:49:25.776+0800][15.202s][gc,heap     ] GC(145)   Garbage:         -               155M (61%)          11M (4%)           11M (4%)             -                  -          
[2024-07-21T19:49:25.776+0800][15.202s][gc,heap     ] GC(145) Reclaimed:         -                  -               144M (56%)         144M (56%)            -                  -          
[2024-07-21T19:49:25.777+0800][15.202s][gc          ] GC(145) Garbage Collection (Allocation Rate) 162M(63%)->56M(22%)
[2024-07-21T19:49:25.849+0800][15.273s][gc,start    ] GC(146) Garbage Collection (Allocation Rate)
[2024-07-21T19:49:25.849+0800][15.274s][gc,task     ] GC(146) Using 2 workers
[2024-07-21T19:49:25.849+0800][15.274s][gc,phases   ] GC(146) Pause Mark Start 0.012ms
[2024-07-21T19:49:25.865+0800][15.289s][gc,phases   ] GC(146) Concurrent Mark 15.242ms
[2024-07-21T19:49:25.865+0800][15.290s][gc,phases   ] GC(146) Pause Mark End 0.011ms
[2024-07-21T19:49:25.865+0800][15.290s][gc,phases   ] GC(146) Concurrent Mark Free 0.003ms
[2024-07-21T19:49:25.866+0800][15.291s][gc,phases   ] GC(146) Concurrent Process Non-Strong References 1.306ms
[2024-07-21T19:49:25.866+0800][15.291s][gc,phases   ] GC(146) Concurrent Reset Relocation Set 0.001ms
[2024-07-21T19:49:25.868+0800][15.293s][gc,phases   ] GC(146) Concurrent Select Relocation Set 1.739ms
[2024-07-21T19:49:25.868+0800][15.293s][gc,phases   ] GC(146) Pause Relocate Start 0.006ms
[2024-07-21T19:49:25.869+0800][15.294s][gc,phases   ] GC(146) Concurrent Relocate 0.746ms
[2024-07-21T19:49:25.869+0800][15.294s][gc,load     ] GC(146) Load: 0.00/0.00/0.00
[2024-07-21T19:49:25.869+0800][15.294s][gc,mmu      ] GC(146) MMU: 2ms/96.3%, 5ms/98.5%, 10ms/99.2%, 20ms/99.6%, 50ms/99.8%, 100ms/99.9%
[2024-07-21T19:49:25.869+0800][15.294s][gc,marking  ] GC(146) Mark: 2 stripe(s), 2 proactive flush(es), 1 terminate flush(es), 0 completion(s), 0 continuation(s) 
[2024-07-21T19:49:25.869+0800][15.294s][gc,marking  ] GC(146) Mark Stack Usage: 32M
[2024-07-21T19:49:25.869+0800][15.294s][gc,nmethod  ] GC(146) NMethods: 469 registered, 0 unregistered
[2024-07-21T19:49:25.869+0800][15.294s][gc,metaspace] GC(146) Metaspace: 1M used, 1M committed, 1032M reserved
[2024-07-21T19:49:25.869+0800][15.294s][gc,ref      ] GC(146) Soft: 93 encountered, 0 discovered, 0 enqueued
[2024-07-21T19:49:25.869+0800][15.294s][gc,ref      ] GC(146) Weak: 131 encountered, 96 discovered, 0 enqueued
[2024-07-21T19:49:25.869+0800][15.294s][gc,ref      ] GC(146) Final: 0 encountered, 0 discovered, 0 enqueued
[2024-07-21T19:49:25.869+0800][15.294s][gc,ref      ] GC(146) Phantom: 184 encountered, 179 discovered, 0 enqueued
[2024-07-21T19:49:25.869+0800][15.294s][gc,reloc    ] GC(146) Small Pages: 5 / 10M, Empty: 2M, Relocated: 1M, In-Place: 0
[2024-07-21T19:49:25.869+0800][15.294s][gc,reloc    ] GC(146) Medium Pages: 1 / 8M, Empty: 0M, Relocated: 0M, In-Place: 0
[2024-07-21T19:49:25.869+0800][15.294s][gc,reloc    ] GC(146) Large Pages: 63 / 126M, Empty: 124M, Relocated: 0M, In-Place: 0
[2024-07-21T19:49:25.869+0800][15.294s][gc,reloc    ] GC(146) Forwarding Usage: 0M
[2024-07-21T19:49:25.869+0800][15.294s][gc,heap     ] GC(146) Min Capacity: 8M(3%)
[2024-07-21T19:49:25.869+0800][15.294s][gc,heap     ] GC(146) Max Capacity: 256M(100%)
[2024-07-21T19:49:25.869+0800][15.294s][gc,heap     ] GC(146) Soft Max Capacity: 256M(100%)
[2024-07-21T19:49:25.869+0800][15.294s][gc,heap     ] GC(146)                Mark Start          Mark End        Relocate Start      Relocate End           High               Low         
[2024-07-21T19:49:25.869+0800][15.294s][gc,heap     ] GC(146)  Capacity:      256M (100%)        256M (100%)        256M (100%)        256M (100%)        256M (100%)        256M (100%)   
[2024-07-21T19:49:25.869+0800][15.295s][gc,heap     ] GC(146)      Free:      112M (44%)          92M (36%)         204M (80%)         204M (80%)         204M (80%)          78M (30%)    
[2024-07-21T19:49:25.869+0800][15.295s][gc,heap     ] GC(146)      Used:      144M (56%)         164M (64%)          52M (20%)          52M (20%)         178M (70%)          52M (20%)    
[2024-07-21T19:49:25.869+0800][15.295s][gc,heap     ] GC(146)      Live:         -                 6M (3%)            6M (3%)            6M (3%)             -                  -          
[2024-07-21T19:49:25.869+0800][15.295s][gc,heap     ] GC(146) Allocated:         -                20M (8%)           34M (13%)          34M (13%)            -                  -          
[2024-07-21T19:49:25.869+0800][15.295s][gc,heap     ] GC(146)   Garbage:         -               137M (54%)          11M (4%)           11M (4%)             -                  -          
[2024-07-21T19:49:25.869+0800][15.295s][gc,heap     ] GC(146) Reclaimed:         -                  -               126M (49%)         126M (49%)            -                  -          
[2024-07-21T19:49:25.869+0800][15.295s][gc          ] GC(146) Garbage Collection (Allocation Rate) 144M(56%)->52M(20%)
[2024-07-21T19:49:25.944+0800][15.369s][gc,start    ] GC(147) Garbage Collection (Allocation Rate)
[2024-07-21T19:49:25.944+0800][15.369s][gc,task     ] GC(147) Using 2 workers
[2024-07-21T19:49:25.944+0800][15.369s][gc,phases   ] GC(147) Pause Mark Start 0.010ms
[2024-07-21T19:49:25.960+0800][15.384s][gc,phases   ] GC(147) Concurrent Mark 15.257ms
[2024-07-21T19:49:25.960+0800][15.385s][gc,phases   ] GC(147) Pause Mark End 0.020ms
[2024-07-21T19:49:25.960+0800][15.385s][gc,phases   ] GC(147) Concurrent Mark Free 0.002ms
[2024-07-21T19:49:25.962+0800][15.387s][gc,phases   ] GC(147) Concurrent Process Non-Strong References 1.658ms
[2024-07-21T19:49:25.962+0800][15.387s][gc,phases   ] GC(147) Concurrent Reset Relocation Set 0.001ms
[2024-07-21T19:49:25.965+0800][15.390s][gc,phases   ] GC(147) Concurrent Select Relocation Set 2.945ms
[2024-07-21T19:49:25.965+0800][15.390s][gc,phases   ] GC(147) Pause Relocate Start 0.007ms
[2024-07-21T19:49:25.966+0800][15.391s][gc,phases   ] GC(147) Concurrent Relocate 0.914ms
[2024-07-21T19:49:25.966+0800][15.391s][gc,load     ] GC(147) Load: 0.00/0.00/0.00
[2024-07-21T19:49:25.966+0800][15.391s][gc,mmu      ] GC(147) MMU: 2ms/96.3%, 5ms/98.5%, 10ms/99.2%, 20ms/99.6%, 50ms/99.8%, 100ms/99.9%
[2024-07-21T19:49:25.966+0800][15.391s][gc,marking  ] GC(147) Mark: 2 stripe(s), 2 proactive flush(es), 1 terminate flush(es), 0 completion(s), 0 continuation(s) 
[2024-07-21T19:49:25.966+0800][15.391s][gc,marking  ] GC(147) Mark Stack Usage: 32M
[2024-07-21T19:49:25.966+0800][15.391s][gc,nmethod  ] GC(147) NMethods: 470 registered, 0 unregistered
[2024-07-21T19:49:25.966+0800][15.391s][gc,metaspace] GC(147) Metaspace: 1M used, 1M committed, 1032M reserved
[2024-07-21T19:49:25.966+0800][15.391s][gc,ref      ] GC(147) Soft: 93 encountered, 0 discovered, 0 enqueued
[2024-07-21T19:49:25.966+0800][15.391s][gc,ref      ] GC(147) Weak: 131 encountered, 96 discovered, 0 enqueued
[2024-07-21T19:49:25.966+0800][15.391s][gc,ref      ] GC(147) Final: 0 encountered, 0 discovered, 0 enqueued
[2024-07-21T19:49:25.966+0800][15.391s][gc,ref      ] GC(147) Phantom: 184 encountered, 104 discovered, 0 enqueued
[2024-07-21T19:49:25.966+0800][15.391s][gc,reloc    ] GC(147) Small Pages: 5 / 10M, Empty: 2M, Relocated: 1M, In-Place: 0
[2024-07-21T19:49:25.966+0800][15.391s][gc,reloc    ] GC(147) Medium Pages: 1 / 8M, Empty: 0M, Relocated: 0M, In-Place: 0
[2024-07-21T19:49:25.966+0800][15.391s][gc,reloc    ] GC(147) Large Pages: 60 / 120M, Empty: 118M, Relocated: 0M, In-Place: 0
[2024-07-21T19:49:25.966+0800][15.391s][gc,reloc    ] GC(147) Forwarding Usage: 0M
[2024-07-21T19:49:25.966+0800][15.391s][gc,heap     ] GC(147) Min Capacity: 8M(3%)
[2024-07-21T19:49:25.966+0800][15.391s][gc,heap     ] GC(147) Max Capacity: 256M(100%)
[2024-07-21T19:49:25.967+0800][15.391s][gc,heap     ] GC(147) Soft Max Capacity: 256M(100%)
[2024-07-21T19:49:25.967+0800][15.391s][gc,heap     ] GC(147)                Mark Start          Mark End        Relocate Start      Relocate End           High               Low         
[2024-07-21T19:49:25.967+0800][15.391s][gc,heap     ] GC(147)  Capacity:      256M (100%)        256M (100%)        256M (100%)        256M (100%)        256M (100%)        256M (100%)   
[2024-07-21T19:49:25.967+0800][15.391s][gc,heap     ] GC(147)      Free:      118M (46%)          98M (38%)         202M (79%)         202M (79%)         202M (79%)          82M (32%)    
[2024-07-21T19:49:25.967+0800][15.391s][gc,heap     ] GC(147)      Used:      138M (54%)         158M (62%)          54M (21%)          54M (21%)         174M (68%)          54M (21%)    
[2024-07-21T19:49:25.967+0800][15.391s][gc,heap     ] GC(147)      Live:         -                 6M (3%)            6M (3%)            6M (3%)             -                  -          
[2024-07-21T19:49:25.967+0800][15.391s][gc,heap     ] GC(147) Allocated:         -                20M (8%)           36M (14%)          36M (14%)            -                  -          
[2024-07-21T19:49:25.967+0800][15.391s][gc,heap     ] GC(147)   Garbage:         -               131M (51%)          11M (4%)           11M (4%)             -                  -          
[2024-07-21T19:49:25.967+0800][15.391s][gc,heap     ] GC(147) Reclaimed:         -                  -               120M (47%)         120M (47%)            -                  -          
[2024-07-21T19:49:25.967+0800][15.391s][gc          ] GC(147) Garbage Collection (Allocation Rate) 138M(54%)->54M(21%)
[2024-07-21T19:49:26.053+0800][15.477s][gc,start    ] GC(148) Garbage Collection (Allocation Rate)
[2024-07-21T19:49:26.053+0800][15.478s][gc,task     ] GC(148) Using 2 workers
[2024-07-21T19:49:26.053+0800][15.478s][gc,phases   ] GC(148) Pause Mark Start 0.006ms
[2024-07-21T19:49:26.069+0800][15.493s][gc,phases   ] GC(148) Concurrent Mark 15.522ms
[2024-07-21T19:49:26.069+0800][15.494s][gc,phases   ] GC(148) Pause Mark End 0.010ms
[2024-07-21T19:49:26.069+0800][15.494s][gc,phases   ] GC(148) Concurrent Mark Free 0.001ms
[2024-07-21T19:49:26.070+0800][15.495s][gc,phases   ] GC(148) Concurrent Process Non-Strong References 1.046ms
[2024-07-21T19:49:26.070+0800][15.495s][gc,phases   ] GC(148) Concurrent Reset Relocation Set 0.001ms
[2024-07-21T19:49:26.072+0800][15.497s][gc,phases   ] GC(148) Concurrent Select Relocation Set 1.900ms
[2024-07-21T19:49:26.073+0800][15.497s][gc,phases   ] GC(148) Pause Relocate Start 0.013ms
[2024-07-21T19:49:26.073+0800][15.498s][gc,phases   ] GC(148) Concurrent Relocate 0.840ms
[2024-07-21T19:49:26.074+0800][15.498s][gc,load     ] GC(148) Load: 0.00/0.00/0.00
[2024-07-21T19:49:26.074+0800][15.498s][gc,mmu      ] GC(148) MMU: 2ms/96.3%, 5ms/98.5%, 10ms/99.2%, 20ms/99.6%, 50ms/99.8%, 100ms/99.9%
[2024-07-21T19:49:26.074+0800][15.498s][gc,marking  ] GC(148) Mark: 2 stripe(s), 2 proactive flush(es), 1 terminate flush(es), 0 completion(s), 0 continuation(s) 
[2024-07-21T19:49:26.074+0800][15.498s][gc,marking  ] GC(148) Mark Stack Usage: 32M
[2024-07-21T19:49:26.074+0800][15.498s][gc,nmethod  ] GC(148) NMethods: 470 registered, 0 unregistered
[2024-07-21T19:49:26.074+0800][15.498s][gc,metaspace] GC(148) Metaspace: 1M used, 1M committed, 1032M reserved
[2024-07-21T19:49:26.074+0800][15.498s][gc,ref      ] GC(148) Soft: 93 encountered, 0 discovered, 0 enqueued
[2024-07-21T19:49:26.074+0800][15.498s][gc,ref      ] GC(148) Weak: 131 encountered, 110 discovered, 0 enqueued
[2024-07-21T19:49:26.074+0800][15.498s][gc,ref      ] GC(148) Final: 0 encountered, 0 discovered, 0 enqueued
[2024-07-21T19:49:26.074+0800][15.498s][gc,ref      ] GC(148) Phantom: 184 encountered, 123 discovered, 0 enqueued
[2024-07-21T19:49:26.074+0800][15.498s][gc,reloc    ] GC(148) Small Pages: 5 / 10M, Empty: 2M, Relocated: 1M, In-Place: 0
[2024-07-21T19:49:26.074+0800][15.498s][gc,reloc    ] GC(148) Medium Pages: 1 / 8M, Empty: 0M, Relocated: 0M, In-Place: 0
[2024-07-21T19:49:26.074+0800][15.498s][gc,reloc    ] GC(148) Large Pages: 72 / 144M, Empty: 136M, Relocated: 0M, In-Place: 0
[2024-07-21T19:49:26.074+0800][15.498s][gc,reloc    ] GC(148) Forwarding Usage: 0M
[2024-07-21T19:49:26.074+0800][15.498s][gc,heap     ] GC(148) Min Capacity: 8M(3%)
[2024-07-21T19:49:26.074+0800][15.498s][gc,heap     ] GC(148) Max Capacity: 256M(100%)
[2024-07-21T19:49:26.074+0800][15.498s][gc,heap     ] GC(148) Soft Max Capacity: 256M(100%)
[2024-07-21T19:49:26.074+0800][15.498s][gc,heap     ] GC(148)                Mark Start          Mark End        Relocate Start      Relocate End           High               Low         
[2024-07-21T19:49:26.074+0800][15.498s][gc,heap     ] GC(148)  Capacity:      256M (100%)        256M (100%)        256M (100%)        256M (100%)        256M (100%)        256M (100%)   
[2024-07-21T19:49:26.074+0800][15.498s][gc,heap     ] GC(148)      Free:       94M (37%)          74M (29%)         198M (77%)         198M (77%)         198M (77%)          60M (23%)    
[2024-07-21T19:49:26.074+0800][15.498s][gc,heap     ] GC(148)      Used:      162M (63%)         182M (71%)          58M (23%)          58M (23%)         196M (77%)          58M (23%)    
[2024-07-21T19:49:26.074+0800][15.499s][gc,heap     ] GC(148)      Live:         -                12M (5%)           12M (5%)           12M (5%)             -                  -          
[2024-07-21T19:49:26.074+0800][15.499s][gc,heap     ] GC(148) Allocated:         -                20M (8%)           34M (13%)          34M (13%)            -                  -          
[2024-07-21T19:49:26.074+0800][15.499s][gc,heap     ] GC(148)   Garbage:         -               149M (58%)          11M (4%)           11M (4%)             -                  -          
[2024-07-21T19:49:26.074+0800][15.499s][gc,heap     ] GC(148) Reclaimed:         -                  -               138M (54%)         138M (54%)            -                  -          
[2024-07-21T19:49:26.074+0800][15.499s][gc          ] GC(148) Garbage Collection (Allocation Rate) 162M(63%)->58M(23%)
[2024-07-21T19:49:26.149+0800][15.573s][gc,start    ] GC(149) Garbage Collection (Allocation Rate)
[2024-07-21T19:49:26.149+0800][15.573s][gc,task     ] GC(149) Using 2 workers
[2024-07-21T19:49:26.149+0800][15.574s][gc,phases   ] GC(149) Pause Mark Start 0.009ms
[2024-07-21T19:49:26.165+0800][15.589s][gc,phases   ] GC(149) Concurrent Mark 15.502ms
[2024-07-21T19:49:26.165+0800][15.590s][gc,phases   ] GC(149) Pause Mark End 0.021ms
[2024-07-21T19:49:26.165+0800][15.590s][gc,phases   ] GC(149) Concurrent Mark Free 0.001ms
[2024-07-21T19:49:26.167+0800][15.591s][gc,phases   ] GC(149) Concurrent Process Non-Strong References 1.418ms
[2024-07-21T19:49:26.167+0800][15.591s][gc,phases   ] GC(149) Concurrent Reset Relocation Set 0.002ms
[2024-07-21T19:49:26.169+0800][15.593s][gc,phases   ] GC(149) Concurrent Select Relocation Set 2.186ms
[2024-07-21T19:49:26.169+0800][15.593s][gc,phases   ] GC(149) Pause Relocate Start 0.009ms
[2024-07-21T19:49:26.170+0800][15.595s][gc,phases   ] GC(149) Concurrent Relocate 1.128ms
[2024-07-21T19:49:26.170+0800][15.595s][gc,load     ] GC(149) Load: 0.00/0.00/0.00
[2024-07-21T19:49:26.170+0800][15.595s][gc,mmu      ] GC(149) MMU: 2ms/96.3%, 5ms/98.5%, 10ms/99.2%, 20ms/99.6%, 50ms/99.8%, 100ms/99.9%
[2024-07-21T19:49:26.170+0800][15.595s][gc,marking  ] GC(149) Mark: 2 stripe(s), 2 proactive flush(es), 1 terminate flush(es), 0 completion(s), 0 continuation(s) 
[2024-07-21T19:49:26.170+0800][15.595s][gc,marking  ] GC(149) Mark Stack Usage: 32M
[2024-07-21T19:49:26.170+0800][15.595s][gc,nmethod  ] GC(149) NMethods: 470 registered, 0 unregistered
[2024-07-21T19:49:26.170+0800][15.595s][gc,metaspace] GC(149) Metaspace: 1M used, 1M committed, 1032M reserved
[2024-07-21T19:49:26.170+0800][15.595s][gc,ref      ] GC(149) Soft: 93 encountered, 0 discovered, 0 enqueued
[2024-07-21T19:49:26.170+0800][15.595s][gc,ref      ] GC(149) Weak: 131 encountered, 0 discovered, 0 enqueued
[2024-07-21T19:49:26.170+0800][15.595s][gc,ref      ] GC(149) Final: 0 encountered, 0 discovered, 0 enqueued
[2024-07-21T19:49:26.170+0800][15.595s][gc,ref      ] GC(149) Phantom: 184 encountered, 118 discovered, 0 enqueued
[2024-07-21T19:49:26.170+0800][15.595s][gc,reloc    ] GC(149) Small Pages: 5 / 10M, Empty: 2M, Relocated: 1M, In-Place: 0
[2024-07-21T19:49:26.170+0800][15.595s][gc,reloc    ] GC(149) Medium Pages: 1 / 8M, Empty: 0M, Relocated: 0M, In-Place: 0
[2024-07-21T19:49:26.170+0800][15.595s][gc,reloc    ] GC(149) Large Pages: 62 / 124M, Empty: 120M, Relocated: 0M, In-Place: 0
[2024-07-21T19:49:26.170+0800][15.595s][gc,reloc    ] GC(149) Forwarding Usage: 0M
[2024-07-21T19:49:26.170+0800][15.595s][gc,heap     ] GC(149) Min Capacity: 8M(3%)
[2024-07-21T19:49:26.170+0800][15.595s][gc,heap     ] GC(149) Max Capacity: 256M(100%)
[2024-07-21T19:49:26.170+0800][15.595s][gc,heap     ] GC(149) Soft Max Capacity: 256M(100%)
[2024-07-21T19:49:26.170+0800][15.595s][gc,heap     ] GC(149)                Mark Start          Mark End        Relocate Start      Relocate End           High               Low         
[2024-07-21T19:49:26.171+0800][15.595s][gc,heap     ] GC(149)  Capacity:      256M (100%)        256M (100%)        256M (100%)        256M (100%)        256M (100%)        256M (100%)   
[2024-07-21T19:49:26.171+0800][15.595s][gc,heap     ] GC(149)      Free:      114M (45%)          92M (36%)         198M (77%)         198M (77%)         198M (77%)          76M (30%)    
[2024-07-21T19:49:26.171+0800][15.595s][gc,heap     ] GC(149)      Used:      142M (55%)         164M (64%)          58M (23%)          58M (23%)         180M (70%)          58M (23%)    
[2024-07-21T19:49:26.171+0800][15.595s][gc,heap     ] GC(149)      Live:         -                 8M (3%)            8M (3%)            8M (3%)             -                  -          
[2024-07-21T19:49:26.171+0800][15.595s][gc,heap     ] GC(149) Allocated:         -                22M (9%)           38M (15%)          38M (15%)            -                  -          
[2024-07-21T19:49:26.171+0800][15.595s][gc,heap     ] GC(149)   Garbage:         -               133M (52%)          11M (4%)           11M (4%)             -                  -          
[2024-07-21T19:49:26.171+0800][15.595s][gc,heap     ] GC(149) Reclaimed:         -                  -               122M (48%)         122M (48%)            -                  -          
[2024-07-21T19:49:26.171+0800][15.595s][gc          ] GC(149) Garbage Collection (Allocation Rate) 142M(55%)->58M(23%)
[2024-07-21T19:49:26.244+0800][15.669s][gc,start    ] GC(150) Garbage Collection (Allocation Rate)
[2024-07-21T19:49:26.244+0800][15.669s][gc,task     ] GC(150) Using 2 workers
[2024-07-21T19:49:26.245+0800][15.669s][gc,phases   ] GC(150) Pause Mark Start 0.023ms
[2024-07-21T19:49:26.260+0800][15.685s][gc,phases   ] GC(150) Concurrent Mark 15.305ms
[2024-07-21T19:49:26.260+0800][15.685s][gc,phases   ] GC(150) Pause Mark End 0.011ms
[2024-07-21T19:49:26.261+0800][15.685s][gc,phases   ] GC(150) Concurrent Mark Free 0.002ms
[2024-07-21T19:49:26.262+0800][15.686s][gc,phases   ] GC(150) Concurrent Process Non-Strong References 1.076ms
[2024-07-21T19:49:26.262+0800][15.686s][gc,phases   ] GC(150) Concurrent Reset Relocation Set 0.001ms
[2024-07-21T19:49:26.263+0800][15.688s][gc,phases   ] GC(150) Concurrent Select Relocation Set 1.639ms
[2024-07-21T19:49:26.264+0800][15.688s][gc,phases   ] GC(150) Pause Relocate Start 0.006ms
[2024-07-21T19:49:26.264+0800][15.689s][gc,phases   ] GC(150) Concurrent Relocate 0.788ms
[2024-07-21T19:49:26.264+0800][15.689s][gc,load     ] GC(150) Load: 0.00/0.00/0.00
[2024-07-21T19:49:26.264+0800][15.689s][gc,mmu      ] GC(150) MMU: 2ms/96.3%, 5ms/98.5%, 10ms/99.2%, 20ms/99.6%, 50ms/99.8%, 100ms/99.9%
[2024-07-21T19:49:26.265+0800][15.689s][gc,marking  ] GC(150) Mark: 2 stripe(s), 2 proactive flush(es), 1 terminate flush(es), 0 completion(s), 0 continuation(s) 
[2024-07-21T19:49:26.265+0800][15.689s][gc,marking  ] GC(150) Mark Stack Usage: 32M
[2024-07-21T19:49:26.265+0800][15.689s][gc,nmethod  ] GC(150) NMethods: 470 registered, 0 unregistered
[2024-07-21T19:49:26.265+0800][15.689s][gc,metaspace] GC(150) Metaspace: 1M used, 1M committed, 1032M reserved
[2024-07-21T19:49:26.265+0800][15.689s][gc,ref      ] GC(150) Soft: 93 encountered, 0 discovered, 0 enqueued
[2024-07-21T19:49:26.265+0800][15.689s][gc,ref      ] GC(150) Weak: 131 encountered, 96 discovered, 0 enqueued
[2024-07-21T19:49:26.265+0800][15.689s][gc,ref      ] GC(150) Final: 0 encountered, 0 discovered, 0 enqueued
[2024-07-21T19:49:26.265+0800][15.689s][gc,ref      ] GC(150) Phantom: 184 encountered, 179 discovered, 0 enqueued
[2024-07-21T19:49:26.265+0800][15.689s][gc,reloc    ] GC(150) Small Pages: 5 / 10M, Empty: 2M, Relocated: 1M, In-Place: 0
[2024-07-21T19:49:26.265+0800][15.689s][gc,reloc    ] GC(150) Medium Pages: 1 / 8M, Empty: 0M, Relocated: 0M, In-Place: 0
[2024-07-21T19:49:26.265+0800][15.689s][gc,reloc    ] GC(150) Large Pages: 64 / 128M, Empty: 120M, Relocated: 0M, In-Place: 0
[2024-07-21T19:49:26.265+0800][15.689s][gc,reloc    ] GC(150) Forwarding Usage: 0M
[2024-07-21T19:49:26.265+0800][15.689s][gc,heap     ] GC(150) Min Capacity: 8M(3%)
[2024-07-21T19:49:26.265+0800][15.689s][gc,heap     ] GC(150) Max Capacity: 256M(100%)
[2024-07-21T19:49:26.265+0800][15.689s][gc,heap     ] GC(150) Soft Max Capacity: 256M(100%)
[2024-07-21T19:49:26.265+0800][15.689s][gc,heap     ] GC(150)                Mark Start          Mark End        Relocate Start      Relocate End           High               Low         
[2024-07-21T19:49:26.265+0800][15.689s][gc,heap     ] GC(150)  Capacity:      256M (100%)        256M (100%)        256M (100%)        256M (100%)        256M (100%)        256M (100%)   
[2024-07-21T19:49:26.265+0800][15.689s][gc,heap     ] GC(150)      Free:      110M (43%)          92M (36%)         198M (77%)         198M (77%)         198M (77%)          76M (30%)    
[2024-07-21T19:49:26.265+0800][15.689s][gc,heap     ] GC(150)      Used:      146M (57%)         164M (64%)          58M (23%)          58M (23%)         180M (70%)          58M (23%)    
[2024-07-21T19:49:26.265+0800][15.689s][gc,heap     ] GC(150)      Live:         -                12M (5%)           12M (5%)           12M (5%)             -                  -          
[2024-07-21T19:49:26.265+0800][15.689s][gc,heap     ] GC(150) Allocated:         -                18M (7%)           34M (13%)          34M (13%)            -                  -          
[2024-07-21T19:49:26.265+0800][15.689s][gc,heap     ] GC(150)   Garbage:         -               133M (52%)          11M (4%)           11M (4%)             -                  -          
[2024-07-21T19:49:26.265+0800][15.689s][gc,heap     ] GC(150) Reclaimed:         -                  -               122M (48%)         122M (48%)            -                  -          
[2024-07-21T19:49:26.265+0800][15.690s][gc          ] GC(150) Garbage Collection (Allocation Rate) 146M(57%)->58M(23%)
[2024-07-21T19:49:26.354+0800][15.779s][gc,start    ] GC(151) Garbage Collection (Allocation Rate)
[2024-07-21T19:49:26.354+0800][15.779s][gc,task     ] GC(151) Using 2 workers
[2024-07-21T19:49:26.355+0800][15.779s][gc,phases   ] GC(151) Pause Mark Start 0.010ms
[2024-07-21T19:49:26.370+0800][15.795s][gc,phases   ] GC(151) Concurrent Mark 15.610ms
[2024-07-21T19:49:26.370+0800][15.795s][gc,phases   ] GC(151) Pause Mark End 0.017ms
[2024-07-21T19:49:26.371+0800][15.795s][gc,phases   ] GC(151) Concurrent Mark Free 0.002ms
[2024-07-21T19:49:26.372+0800][15.797s][gc,phases   ] GC(151) Concurrent Process Non-Strong References 1.238ms
[2024-07-21T19:49:26.372+0800][15.797s][gc,phases   ] GC(151) Concurrent Reset Relocation Set 0.001ms
[2024-07-21T19:49:26.375+0800][15.800s][gc,phases   ] GC(151) Concurrent Select Relocation Set 3.246ms
[2024-07-21T19:49:26.375+0800][15.800s][gc,phases   ] GC(151) Pause Relocate Start 0.007ms
[2024-07-21T19:49:26.376+0800][15.801s][gc,phases   ] GC(151) Concurrent Relocate 0.820ms
[2024-07-21T19:49:26.376+0800][15.801s][gc,load     ] GC(151) Load: 0.00/0.00/0.00
[2024-07-21T19:49:26.376+0800][15.801s][gc,mmu      ] GC(151) MMU: 2ms/96.3%, 5ms/98.5%, 10ms/99.2%, 20ms/99.6%, 50ms/99.8%, 100ms/99.9%
[2024-07-21T19:49:26.376+0800][15.801s][gc,marking  ] GC(151) Mark: 2 stripe(s), 2 proactive flush(es), 1 terminate flush(es), 0 completion(s), 0 continuation(s) 
[2024-07-21T19:49:26.376+0800][15.801s][gc,marking  ] GC(151) Mark Stack Usage: 32M
[2024-07-21T19:49:26.376+0800][15.801s][gc,nmethod  ] GC(151) NMethods: 470 registered, 0 unregistered
[2024-07-21T19:49:26.376+0800][15.801s][gc,metaspace] GC(151) Metaspace: 1M used, 1M committed, 1032M reserved
[2024-07-21T19:49:26.377+0800][15.802s][gc,ref      ] GC(151) Soft: 93 encountered, 0 discovered, 0 enqueued
[2024-07-21T19:49:26.377+0800][15.802s][gc,ref      ] GC(151) Weak: 131 encountered, 96 discovered, 0 enqueued
[2024-07-21T19:49:26.377+0800][15.802s][gc,ref      ] GC(151) Final: 0 encountered, 0 discovered, 0 enqueued
[2024-07-21T19:49:26.377+0800][15.802s][gc,ref      ] GC(151) Phantom: 184 encountered, 180 discovered, 0 enqueued
[2024-07-21T19:49:26.377+0800][15.802s][gc,reloc    ] GC(151) Small Pages: 5 / 10M, Empty: 2M, Relocated: 1M, In-Place: 0
[2024-07-21T19:49:26.377+0800][15.802s][gc,reloc    ] GC(151) Medium Pages: 1 / 8M, Empty: 0M, Relocated: 0M, In-Place: 0
[2024-07-21T19:49:26.377+0800][15.802s][gc,reloc    ] GC(151) Large Pages: 72 / 144M, Empty: 142M, Relocated: 0M, In-Place: 0
[2024-07-21T19:49:26.377+0800][15.802s][gc,reloc    ] GC(151) Forwarding Usage: 0M
[2024-07-21T19:49:26.377+0800][15.802s][gc,heap     ] GC(151) Min Capacity: 8M(3%)
[2024-07-21T19:49:26.377+0800][15.802s][gc,heap     ] GC(151) Max Capacity: 256M(100%)
[2024-07-21T19:49:26.377+0800][15.802s][gc,heap     ] GC(151) Soft Max Capacity: 256M(100%)
[2024-07-21T19:49:26.377+0800][15.802s][gc,heap     ] GC(151)                Mark Start          Mark End        Relocate Start      Relocate End           High               Low         
[2024-07-21T19:49:26.377+0800][15.802s][gc,heap     ] GC(151)  Capacity:      256M (100%)        256M (100%)        256M (100%)        256M (100%)        256M (100%)        256M (100%)   
[2024-07-21T19:49:26.377+0800][15.802s][gc,heap     ] GC(151)      Free:       94M (37%)          72M (28%)         200M (78%)         200M (78%)         200M (78%)          56M (22%)    
[2024-07-21T19:49:26.377+0800][15.802s][gc,heap     ] GC(151)      Used:      162M (63%)         184M (72%)          56M (22%)          56M (22%)         200M (78%)          56M (22%)    
[2024-07-21T19:49:26.377+0800][15.802s][gc,heap     ] GC(151)      Live:         -                 6M (3%)            6M (3%)            6M (3%)             -                  -          
[2024-07-21T19:49:26.377+0800][15.802s][gc,heap     ] GC(151) Allocated:         -                22M (9%)           38M (15%)          38M (15%)            -                  -          
[2024-07-21T19:49:26.377+0800][15.802s][gc,heap     ] GC(151)   Garbage:         -               155M (61%)          11M (4%)           11M (4%)             -                  -          
[2024-07-21T19:49:26.377+0800][15.802s][gc,heap     ] GC(151) Reclaimed:         -                  -               144M (56%)         144M (56%)            -                  -          
[2024-07-21T19:49:26.377+0800][15.802s][gc          ] GC(151) Garbage Collection (Allocation Rate) 162M(63%)->56M(22%)
[2024-07-21T19:49:26.449+0800][15.874s][gc,start    ] GC(152) Garbage Collection (Allocation Rate)
[2024-07-21T19:49:26.449+0800][15.874s][gc,task     ] GC(152) Using 2 workers
[2024-07-21T19:49:26.449+0800][15.874s][gc,phases   ] GC(152) Pause Mark Start 0.008ms
[2024-07-21T19:49:26.465+0800][15.890s][gc,phases   ] GC(152) Concurrent Mark 15.406ms
[2024-07-21T19:49:26.465+0800][15.890s][gc,phases   ] GC(152) Pause Mark End 0.010ms
[2024-07-21T19:49:26.466+0800][15.891s][gc,phases   ] GC(152) Concurrent Mark Free 0.001ms
[2024-07-21T19:49:26.467+0800][15.892s][gc,phases   ] GC(152) Concurrent Process Non-Strong References 1.264ms
[2024-07-21T19:49:26.467+0800][15.892s][gc,phases   ] GC(152) Concurrent Reset Relocation Set 0.001ms
[2024-07-21T19:49:26.469+0800][15.894s][gc,phases   ] GC(152) Concurrent Select Relocation Set 1.898ms
[2024-07-21T19:49:26.469+0800][15.894s][gc,phases   ] GC(152) Pause Relocate Start 0.006ms
[2024-07-21T19:49:26.470+0800][15.895s][gc,phases   ] GC(152) Concurrent Relocate 0.792ms
[2024-07-21T19:49:26.470+0800][15.895s][gc,load     ] GC(152) Load: 0.00/0.00/0.00
[2024-07-21T19:49:26.470+0800][15.895s][gc,mmu      ] GC(152) MMU: 2ms/96.3%, 5ms/98.5%, 10ms/99.2%, 20ms/99.6%, 50ms/99.8%, 100ms/99.9%
[2024-07-21T19:49:26.470+0800][15.895s][gc,marking  ] GC(152) Mark: 2 stripe(s), 2 proactive flush(es), 1 terminate flush(es), 0 completion(s), 0 continuation(s) 
[2024-07-21T19:49:26.470+0800][15.895s][gc,marking  ] GC(152) Mark Stack Usage: 32M
[2024-07-21T19:49:26.470+0800][15.895s][gc,nmethod  ] GC(152) NMethods: 470 registered, 0 unregistered
[2024-07-21T19:49:26.470+0800][15.895s][gc,metaspace] GC(152) Metaspace: 1M used, 1M committed, 1032M reserved
[2024-07-21T19:49:26.470+0800][15.895s][gc,ref      ] GC(152) Soft: 93 encountered, 0 discovered, 0 enqueued
[2024-07-21T19:49:26.470+0800][15.895s][gc,ref      ] GC(152) Weak: 131 encountered, 110 discovered, 0 enqueued
[2024-07-21T19:49:26.470+0800][15.895s][gc,ref      ] GC(152) Final: 0 encountered, 0 discovered, 0 enqueued
[2024-07-21T19:49:26.470+0800][15.895s][gc,ref      ] GC(152) Phantom: 184 encountered, 126 discovered, 0 enqueued
[2024-07-21T19:49:26.470+0800][15.895s][gc,reloc    ] GC(152) Small Pages: 5 / 10M, Empty: 2M, Relocated: 1M, In-Place: 0
[2024-07-21T19:49:26.470+0800][15.895s][gc,reloc    ] GC(152) Medium Pages: 1 / 8M, Empty: 0M, Relocated: 0M, In-Place: 0
[2024-07-21T19:49:26.470+0800][15.895s][gc,reloc    ] GC(152) Large Pages: 63 / 126M, Empty: 124M, Relocated: 0M, In-Place: 0
[2024-07-21T19:49:26.470+0800][15.895s][gc,reloc    ] GC(152) Forwarding Usage: 0M
[2024-07-21T19:49:26.470+0800][15.895s][gc,heap     ] GC(152) Min Capacity: 8M(3%)
[2024-07-21T19:49:26.470+0800][15.895s][gc,heap     ] GC(152) Max Capacity: 256M(100%)
[2024-07-21T19:49:26.470+0800][15.895s][gc,heap     ] GC(152) Soft Max Capacity: 256M(100%)
[2024-07-21T19:49:26.470+0800][15.895s][gc,heap     ] GC(152)                Mark Start          Mark End        Relocate Start      Relocate End           High               Low         
[2024-07-21T19:49:26.470+0800][15.895s][gc,heap     ] GC(152)  Capacity:      256M (100%)        256M (100%)        256M (100%)        256M (100%)        256M (100%)        256M (100%)   
[2024-07-21T19:49:26.470+0800][15.895s][gc,heap     ] GC(152)      Free:      112M (44%)          90M (35%)         204M (80%)         204M (80%)         204M (80%)          78M (30%)    
[2024-07-21T19:49:26.470+0800][15.895s][gc,heap     ] GC(152)      Used:      144M (56%)         166M (65%)          52M (20%)          52M (20%)         178M (70%)          52M (20%)    
[2024-07-21T19:49:26.470+0800][15.895s][gc,heap     ] GC(152)      Live:         -                 6M (3%)            6M (3%)            6M (3%)             -                  -          
[2024-07-21T19:49:26.470+0800][15.895s][gc,heap     ] GC(152) Allocated:         -                22M (9%)           34M (13%)          34M (13%)            -                  -          
[2024-07-21T19:49:26.470+0800][15.895s][gc,heap     ] GC(152)   Garbage:         -               137M (54%)          11M (4%)           11M (4%)             -                  -          
[2024-07-21T19:49:26.470+0800][15.895s][gc,heap     ] GC(152) Reclaimed:         -                  -               126M (49%)         126M (49%)            -                  -          
[2024-07-21T19:49:26.470+0800][15.895s][gc          ] GC(152) Garbage Collection (Allocation Rate) 144M(56%)->52M(20%)
[2024-07-21T19:49:26.544+0800][15.969s][gc,start    ] GC(153) Garbage Collection (Allocation Rate)
[2024-07-21T19:49:26.544+0800][15.969s][gc,task     ] GC(153) Using 2 workers
[2024-07-21T19:49:26.545+0800][15.970s][gc,phases   ] GC(153) Pause Mark Start 0.018ms
[2024-07-21T19:49:26.560+0800][15.985s][gc,phases   ] GC(153) Concurrent Mark 15.224ms
[2024-07-21T19:49:26.560+0800][15.985s][gc,phases   ] GC(153) Pause Mark End 0.022ms
[2024-07-21T19:49:26.560+0800][15.985s][gc,phases   ] GC(153) Concurrent Mark Free 0.001ms
[2024-07-21T19:49:26.562+0800][15.987s][gc,phases   ] GC(153) Concurrent Process Non-Strong References 1.498ms
[2024-07-21T19:49:26.562+0800][15.987s][gc,phases   ] GC(153) Concurrent Reset Relocation Set 0.002ms
[2024-07-21T19:49:26.564+0800][15.989s][gc,phases   ] GC(153) Concurrent Select Relocation Set 1.943ms
[2024-07-21T19:49:26.564+0800][15.989s][gc,phases   ] GC(153) Pause Relocate Start 0.007ms
[2024-07-21T19:49:26.565+0800][15.990s][gc,phases   ] GC(153) Concurrent Relocate 0.982ms
[2024-07-21T19:49:26.565+0800][15.990s][gc,load     ] GC(153) Load: 0.00/0.00/0.00
[2024-07-21T19:49:26.565+0800][15.990s][gc,mmu      ] GC(153) MMU: 2ms/96.3%, 5ms/98.5%, 10ms/99.2%, 20ms/99.6%, 50ms/99.8%, 100ms/99.9%
[2024-07-21T19:49:26.565+0800][15.990s][gc,marking  ] GC(153) Mark: 2 stripe(s), 2 proactive flush(es), 1 terminate flush(es), 0 completion(s), 0 continuation(s) 
[2024-07-21T19:49:26.565+0800][15.990s][gc,marking  ] GC(153) Mark Stack Usage: 32M
[2024-07-21T19:49:26.565+0800][15.990s][gc,nmethod  ] GC(153) NMethods: 470 registered, 0 unregistered
[2024-07-21T19:49:26.565+0800][15.990s][gc,metaspace] GC(153) Metaspace: 1M used, 1M committed, 1032M reserved
[2024-07-21T19:49:26.565+0800][15.990s][gc,ref      ] GC(153) Soft: 93 encountered, 0 discovered, 0 enqueued
[2024-07-21T19:49:26.565+0800][15.990s][gc,ref      ] GC(153) Weak: 131 encountered, 109 discovered, 0 enqueued
[2024-07-21T19:49:26.565+0800][15.990s][gc,ref      ] GC(153) Final: 0 encountered, 0 discovered, 0 enqueued
[2024-07-21T19:49:26.565+0800][15.991s][gc,ref      ] GC(153) Phantom: 184 encountered, 95 discovered, 0 enqueued
[2024-07-21T19:49:26.565+0800][15.991s][gc,reloc    ] GC(153) Small Pages: 5 / 10M, Empty: 2M, Relocated: 1M, In-Place: 0
[2024-07-21T19:49:26.565+0800][15.991s][gc,reloc    ] GC(153) Medium Pages: 1 / 8M, Empty: 0M, Relocated: 0M, In-Place: 0
[2024-07-21T19:49:26.565+0800][15.991s][gc,reloc    ] GC(153) Large Pages: 61 / 122M, Empty: 120M, Relocated: 0M, In-Place: 0
[2024-07-21T19:49:26.565+0800][15.991s][gc,reloc    ] GC(153) Forwarding Usage: 0M
[2024-07-21T19:49:26.565+0800][15.991s][gc,heap     ] GC(153) Min Capacity: 8M(3%)
[2024-07-21T19:49:26.565+0800][15.991s][gc,heap     ] GC(153) Max Capacity: 256M(100%)
[2024-07-21T19:49:26.565+0800][15.991s][gc,heap     ] GC(153) Soft Max Capacity: 256M(100%)
[2024-07-21T19:49:26.565+0800][15.991s][gc,heap     ] GC(153)                Mark Start          Mark End        Relocate Start      Relocate End           High               Low         
[2024-07-21T19:49:26.565+0800][15.991s][gc,heap     ] GC(153)  Capacity:      256M (100%)        256M (100%)        256M (100%)        256M (100%)        256M (100%)        256M (100%)   
[2024-07-21T19:49:26.565+0800][15.991s][gc,heap     ] GC(153)      Free:      116M (45%)         100M (39%)         204M (80%)         204M (80%)         204M (80%)          82M (32%)    
[2024-07-21T19:49:26.565+0800][15.991s][gc,heap     ] GC(153)      Used:      140M (55%)         156M (61%)          52M (20%)          52M (20%)         174M (68%)          52M (20%)    
[2024-07-21T19:49:26.565+0800][15.991s][gc,heap     ] GC(153)      Live:         -                 6M (3%)            6M (3%)            6M (3%)             -                  -          
[2024-07-21T19:49:26.565+0800][15.991s][gc,heap     ] GC(153) Allocated:         -                16M (6%)           34M (13%)          34M (13%)            -                  -          
[2024-07-21T19:49:26.565+0800][15.991s][gc,heap     ] GC(153)   Garbage:         -               133M (52%)          11M (4%)           11M (4%)             -                  -          
[2024-07-21T19:49:26.565+0800][15.991s][gc,heap     ] GC(153) Reclaimed:         -                  -               122M (48%)         122M (48%)            -                  -          
[2024-07-21T19:49:26.565+0800][15.991s][gc          ] GC(153) Garbage Collection (Allocation Rate) 140M(55%)->52M(20%)
[2024-07-21T19:49:26.655+0800][16.079s][gc,start    ] GC(154) Garbage Collection (Allocation Rate)
[2024-07-21T19:49:26.655+0800][16.079s][gc,task     ] GC(154) Using 2 workers
[2024-07-21T19:49:26.655+0800][16.080s][gc,phases   ] GC(154) Pause Mark Start 0.006ms
[2024-07-21T19:49:26.670+0800][16.095s][gc,phases   ] GC(154) Concurrent Mark 15.213ms
[2024-07-21T19:49:26.670+0800][16.095s][gc,phases   ] GC(154) Pause Mark End 0.010ms
[2024-07-21T19:49:26.670+0800][16.095s][gc,phases   ] GC(154) Concurrent Mark Free 0.001ms
[2024-07-21T19:49:26.671+0800][16.096s][gc,phases   ] GC(154) Concurrent Process Non-Strong References 1.095ms
[2024-07-21T19:49:26.671+0800][16.096s][gc,phases   ] GC(154) Concurrent Reset Relocation Set 0.001ms
[2024-07-21T19:49:26.673+0800][16.098s][gc,phases   ] GC(154) Concurrent Select Relocation Set 1.920ms
[2024-07-21T19:49:26.673+0800][16.098s][gc,phases   ] GC(154) Pause Relocate Start 0.006ms
[2024-07-21T19:49:26.674+0800][16.100s][gc,phases   ] GC(154) Concurrent Relocate 1.029ms
[2024-07-21T19:49:26.674+0800][16.100s][gc,load     ] GC(154) Load: 0.00/0.00/0.00
[2024-07-21T19:49:26.674+0800][16.100s][gc,mmu      ] GC(154) MMU: 2ms/96.3%, 5ms/98.5%, 10ms/99.2%, 20ms/99.6%, 50ms/99.8%, 100ms/99.9%
[2024-07-21T19:49:26.674+0800][16.100s][gc,marking  ] GC(154) Mark: 2 stripe(s), 2 proactive flush(es), 1 terminate flush(es), 0 completion(s), 0 continuation(s) 
[2024-07-21T19:49:26.674+0800][16.100s][gc,marking  ] GC(154) Mark Stack Usage: 32M
[2024-07-21T19:49:26.674+0800][16.100s][gc,nmethod  ] GC(154) NMethods: 470 registered, 0 unregistered
[2024-07-21T19:49:26.674+0800][16.100s][gc,metaspace] GC(154) Metaspace: 1M used, 1M committed, 1032M reserved
[2024-07-21T19:49:26.674+0800][16.100s][gc,ref      ] GC(154) Soft: 93 encountered, 0 discovered, 0 enqueued
[2024-07-21T19:49:26.674+0800][16.100s][gc,ref      ] GC(154) Weak: 131 encountered, 46 discovered, 0 enqueued
[2024-07-21T19:49:26.674+0800][16.100s][gc,ref      ] GC(154) Final: 0 encountered, 0 discovered, 0 enqueued
[2024-07-21T19:49:26.674+0800][16.100s][gc,ref      ] GC(154) Phantom: 184 encountered, 118 discovered, 0 enqueued
[2024-07-21T19:49:26.674+0800][16.100s][gc,reloc    ] GC(154) Small Pages: 5 / 10M, Empty: 2M, Relocated: 1M, In-Place: 0
[2024-07-21T19:49:26.674+0800][16.100s][gc,reloc    ] GC(154) Medium Pages: 1 / 8M, Empty: 0M, Relocated: 0M, In-Place: 0
[2024-07-21T19:49:26.674+0800][16.100s][gc,reloc    ] GC(154) Large Pages: 70 / 140M, Empty: 134M, Relocated: 0M, In-Place: 0
[2024-07-21T19:49:26.674+0800][16.100s][gc,reloc    ] GC(154) Forwarding Usage: 0M
[2024-07-21T19:49:26.674+0800][16.100s][gc,heap     ] GC(154) Min Capacity: 8M(3%)
[2024-07-21T19:49:26.674+0800][16.100s][gc,heap     ] GC(154) Max Capacity: 256M(100%)
[2024-07-21T19:49:26.674+0800][16.100s][gc,heap     ] GC(154) Soft Max Capacity: 256M(100%)
[2024-07-21T19:49:26.674+0800][16.100s][gc,heap     ] GC(154)                Mark Start          Mark End        Relocate Start      Relocate End           High               Low         
[2024-07-21T19:49:26.675+0800][16.100s][gc,heap     ] GC(154)  Capacity:      256M (100%)        256M (100%)        256M (100%)        256M (100%)        256M (100%)        256M (100%)   
[2024-07-21T19:49:26.675+0800][16.100s][gc,heap     ] GC(154)      Free:       98M (38%)          78M (30%)         198M (77%)         198M (77%)         198M (77%)          62M (24%)    
[2024-07-21T19:49:26.675+0800][16.100s][gc,heap     ] GC(154)      Used:      158M (62%)         178M (70%)          58M (23%)          58M (23%)         194M (76%)          58M (23%)    
[2024-07-21T19:49:26.675+0800][16.100s][gc,heap     ] GC(154)      Live:         -                10M (4%)           10M (4%)           10M (4%)             -                  -          
[2024-07-21T19:49:26.675+0800][16.100s][gc,heap     ] GC(154) Allocated:         -                20M (8%)           36M (14%)          36M (14%)            -                  -          
[2024-07-21T19:49:26.675+0800][16.100s][gc,heap     ] GC(154)   Garbage:         -               147M (58%)          11M (4%)           11M (4%)             -                  -          
[2024-07-21T19:49:26.675+0800][16.100s][gc,heap     ] GC(154) Reclaimed:         -                  -               136M (53%)         136M (53%)            -                  -          
[2024-07-21T19:49:26.675+0800][16.100s][gc          ] GC(154) Garbage Collection (Allocation Rate) 158M(62%)->58M(23%)
[2024-07-21T19:49:26.748+0800][16.173s][gc,start    ] GC(155) Garbage Collection (Allocation Rate)
[2024-07-21T19:49:26.748+0800][16.173s][gc,task     ] GC(155) Using 2 workers
[2024-07-21T19:49:26.748+0800][16.173s][gc,phases   ] GC(155) Pause Mark Start 0.008ms
[2024-07-21T19:49:26.763+0800][16.188s][gc,phases   ] GC(155) Concurrent Mark 14.530ms
[2024-07-21T19:49:26.763+0800][16.188s][gc,phases   ] GC(155) Pause Mark End 0.011ms
[2024-07-21T19:49:26.763+0800][16.188s][gc,phases   ] GC(155) Concurrent Mark Free 0.001ms
[2024-07-21T19:49:26.764+0800][16.190s][gc,phases   ] GC(155) Concurrent Process Non-Strong References 1.439ms
[2024-07-21T19:49:26.764+0800][16.190s][gc,phases   ] GC(155) Concurrent Reset Relocation Set 0.001ms
[2024-07-21T19:49:26.766+0800][16.192s][gc,phases   ] GC(155) Concurrent Select Relocation Set 2.061ms
[2024-07-21T19:49:26.767+0800][16.192s][gc,phases   ] GC(155) Pause Relocate Start 0.018ms
[2024-07-21T19:49:26.768+0800][16.193s][gc,phases   ] GC(155) Concurrent Relocate 1.204ms
[2024-07-21T19:49:26.768+0800][16.193s][gc,load     ] GC(155) Load: 0.00/0.00/0.00
[2024-07-21T19:49:26.768+0800][16.193s][gc,mmu      ] GC(155) MMU: 2ms/96.3%, 5ms/98.5%, 10ms/99.2%, 20ms/99.6%, 50ms/99.8%, 100ms/99.9%
[2024-07-21T19:49:26.768+0800][16.193s][gc,marking  ] GC(155) Mark: 2 stripe(s), 2 proactive flush(es), 1 terminate flush(es), 0 completion(s), 0 continuation(s) 
[2024-07-21T19:49:26.768+0800][16.193s][gc,marking  ] GC(155) Mark Stack Usage: 32M
[2024-07-21T19:49:26.768+0800][16.193s][gc,nmethod  ] GC(155) NMethods: 470 registered, 0 unregistered
[2024-07-21T19:49:26.768+0800][16.193s][gc,metaspace] GC(155) Metaspace: 1M used, 1M committed, 1032M reserved
[2024-07-21T19:49:26.768+0800][16.193s][gc,ref      ] GC(155) Soft: 93 encountered, 0 discovered, 0 enqueued
[2024-07-21T19:49:26.768+0800][16.193s][gc,ref      ] GC(155) Weak: 131 encountered, 110 discovered, 0 enqueued
[2024-07-21T19:49:26.768+0800][16.194s][gc,ref      ] GC(155) Final: 0 encountered, 0 discovered, 0 enqueued
[2024-07-21T19:49:26.768+0800][16.194s][gc,ref      ] GC(155) Phantom: 184 encountered, 125 discovered, 0 enqueued
[2024-07-21T19:49:26.768+0800][16.194s][gc,reloc    ] GC(155) Small Pages: 5 / 10M, Empty: 2M, Relocated: 1M, In-Place: 0
[2024-07-21T19:49:26.768+0800][16.194s][gc,reloc    ] GC(155) Medium Pages: 1 / 8M, Empty: 0M, Relocated: 0M, In-Place: 0
[2024-07-21T19:49:26.768+0800][16.194s][gc,reloc    ] GC(155) Large Pages: 62 / 124M, Empty: 120M, Relocated: 0M, In-Place: 0
[2024-07-21T19:49:26.768+0800][16.194s][gc,reloc    ] GC(155) Forwarding Usage: 0M
[2024-07-21T19:49:26.768+0800][16.194s][gc,heap     ] GC(155) Min Capacity: 8M(3%)
[2024-07-21T19:49:26.768+0800][16.194s][gc,heap     ] GC(155) Max Capacity: 256M(100%)
[2024-07-21T19:49:26.768+0800][16.194s][gc,heap     ] GC(155) Soft Max Capacity: 256M(100%)
[2024-07-21T19:49:26.768+0800][16.194s][gc,heap     ] GC(155)                Mark Start          Mark End        Relocate Start      Relocate End           High               Low         
[2024-07-21T19:49:26.768+0800][16.194s][gc,heap     ] GC(155)  Capacity:      256M (100%)        256M (100%)        256M (100%)        256M (100%)        256M (100%)        256M (100%)   
[2024-07-21T19:49:26.768+0800][16.194s][gc,heap     ] GC(155)      Free:      114M (45%)          92M (36%)         198M (77%)         198M (77%)         198M (77%)          76M (30%)    
[2024-07-21T19:49:26.768+0800][16.194s][gc,heap     ] GC(155)      Used:      142M (55%)         164M (64%)          58M (23%)          58M (23%)         180M (70%)          58M (23%)    
[2024-07-21T19:49:26.768+0800][16.194s][gc,heap     ] GC(155)      Live:         -                 8M (3%)            8M (3%)            8M (3%)             -                  -          
[2024-07-21T19:49:26.768+0800][16.194s][gc,heap     ] GC(155) Allocated:         -                22M (9%)           38M (15%)          38M (15%)            -                  -          
[2024-07-21T19:49:26.768+0800][16.194s][gc,heap     ] GC(155)   Garbage:         -               133M (52%)          11M (4%)           11M (4%)             -                  -          
[2024-07-21T19:49:26.768+0800][16.194s][gc,heap     ] GC(155) Reclaimed:         -                  -               122M (48%)         122M (48%)            -                  -          
[2024-07-21T19:49:26.768+0800][16.194s][gc          ] GC(155) Garbage Collection (Allocation Rate) 142M(55%)->58M(23%)
[2024-07-21T19:49:26.844+0800][16.268s][gc,start    ] GC(156) Garbage Collection (Allocation Rate)
[2024-07-21T19:49:26.844+0800][16.268s][gc,task     ] GC(156) Using 2 workers
[2024-07-21T19:49:26.844+0800][16.269s][gc,phases   ] GC(156) Pause Mark Start 0.012ms
[2024-07-21T19:49:26.859+0800][16.284s][gc,phases   ] GC(156) Concurrent Mark 15.371ms
[2024-07-21T19:49:26.859+0800][16.284s][gc,phases   ] GC(156) Pause Mark End 0.013ms
[2024-07-21T19:49:26.859+0800][16.284s][gc,phases   ] GC(156) Concurrent Mark Free 0.001ms
[2024-07-21T19:49:26.860+0800][16.286s][gc,phases   ] GC(156) Concurrent Process Non-Strong References 1.367ms
[2024-07-21T19:49:26.861+0800][16.286s][gc,phases   ] GC(156) Concurrent Reset Relocation Set 0.001ms
[2024-07-21T19:49:26.863+0800][16.289s][gc,phases   ] GC(156) Concurrent Select Relocation Set 2.702ms
[2024-07-21T19:49:26.863+0800][16.289s][gc,phases   ] GC(156) Pause Relocate Start 0.007ms
[2024-07-21T19:49:26.864+0800][16.290s][gc,phases   ] GC(156) Concurrent Relocate 0.889ms
[2024-07-21T19:49:26.864+0800][16.290s][gc,load     ] GC(156) Load: 0.00/0.00/0.00
[2024-07-21T19:49:26.865+0800][16.290s][gc,mmu      ] GC(156) MMU: 2ms/96.3%, 5ms/98.5%, 10ms/99.2%, 20ms/99.6%, 50ms/99.8%, 100ms/99.9%
[2024-07-21T19:49:26.865+0800][16.290s][gc,marking  ] GC(156) Mark: 2 stripe(s), 2 proactive flush(es), 1 terminate flush(es), 0 completion(s), 0 continuation(s) 
[2024-07-21T19:49:26.865+0800][16.290s][gc,marking  ] GC(156) Mark Stack Usage: 32M
[2024-07-21T19:49:26.865+0800][16.290s][gc,nmethod  ] GC(156) NMethods: 470 registered, 0 unregistered
[2024-07-21T19:49:26.865+0800][16.290s][gc,metaspace] GC(156) Metaspace: 1M used, 1M committed, 1032M reserved
[2024-07-21T19:49:26.865+0800][16.290s][gc,ref      ] GC(156) Soft: 93 encountered, 0 discovered, 0 enqueued
[2024-07-21T19:49:26.865+0800][16.290s][gc,ref      ] GC(156) Weak: 131 encountered, 96 discovered, 0 enqueued
[2024-07-21T19:49:26.865+0800][16.290s][gc,ref      ] GC(156) Final: 0 encountered, 0 discovered, 0 enqueued
[2024-07-21T19:49:26.865+0800][16.290s][gc,ref      ] GC(156) Phantom: 184 encountered, 179 discovered, 0 enqueued
[2024-07-21T19:49:26.865+0800][16.290s][gc,reloc    ] GC(156) Small Pages: 5 / 10M, Empty: 2M, Relocated: 1M, In-Place: 0
[2024-07-21T19:49:26.865+0800][16.290s][gc,reloc    ] GC(156) Medium Pages: 1 / 8M, Empty: 0M, Relocated: 0M, In-Place: 0
[2024-07-21T19:49:26.865+0800][16.290s][gc,reloc    ] GC(156) Large Pages: 63 / 126M, Empty: 120M, Relocated: 0M, In-Place: 0
[2024-07-21T19:49:26.865+0800][16.290s][gc,reloc    ] GC(156) Forwarding Usage: 0M
[2024-07-21T19:49:26.865+0800][16.290s][gc,heap     ] GC(156) Min Capacity: 8M(3%)
[2024-07-21T19:49:26.865+0800][16.290s][gc,heap     ] GC(156) Max Capacity: 256M(100%)
[2024-07-21T19:49:26.865+0800][16.290s][gc,heap     ] GC(156) Soft Max Capacity: 256M(100%)
[2024-07-21T19:49:26.865+0800][16.290s][gc,heap     ] GC(156)                Mark Start          Mark End        Relocate Start      Relocate End           High               Low         
[2024-07-21T19:49:26.865+0800][16.290s][gc,heap     ] GC(156)  Capacity:      256M (100%)        256M (100%)        256M (100%)        256M (100%)        256M (100%)        256M (100%)   
[2024-07-21T19:49:26.865+0800][16.290s][gc,heap     ] GC(156)      Free:      112M (44%)          92M (36%)         198M (77%)         198M (77%)         198M (77%)          76M (30%)    
[2024-07-21T19:49:26.865+0800][16.290s][gc,heap     ] GC(156)      Used:      144M (56%)         164M (64%)          58M (23%)          58M (23%)         180M (70%)          58M (23%)    
[2024-07-21T19:49:26.865+0800][16.290s][gc,heap     ] GC(156)      Live:         -                10M (4%)           10M (4%)           10M (4%)             -                  -          
[2024-07-21T19:49:26.865+0800][16.290s][gc,heap     ] GC(156) Allocated:         -                20M (8%)           36M (14%)          36M (14%)            -                  -          
[2024-07-21T19:49:26.865+0800][16.290s][gc,heap     ] GC(156)   Garbage:         -               133M (52%)          11M (4%)           11M (4%)             -                  -          
[2024-07-21T19:49:26.865+0800][16.290s][gc,heap     ] GC(156) Reclaimed:         -                  -               122M (48%)         122M (48%)            -                  -          
[2024-07-21T19:49:26.865+0800][16.290s][gc          ] GC(156) Garbage Collection (Allocation Rate) 144M(56%)->58M(23%)
[2024-07-21T19:49:26.954+0800][16.379s][gc,start    ] GC(157) Garbage Collection (Allocation Rate)
[2024-07-21T19:49:26.955+0800][16.379s][gc,task     ] GC(157) Using 2 workers
[2024-07-21T19:49:26.955+0800][16.379s][gc,phases   ] GC(157) Pause Mark Start 0.013ms
[2024-07-21T19:49:26.970+0800][16.395s][gc,phases   ] GC(157) Concurrent Mark 15.341ms
[2024-07-21T19:49:26.970+0800][16.395s][gc,phases   ] GC(157) Pause Mark End 0.009ms
[2024-07-21T19:49:26.970+0800][16.395s][gc,phases   ] GC(157) Concurrent Mark Free 0.001ms
[2024-07-21T19:49:26.971+0800][16.396s][gc,phases   ] GC(157) Concurrent Process Non-Strong References 1.252ms
[2024-07-21T19:49:26.971+0800][16.396s][gc,phases   ] GC(157) Concurrent Reset Relocation Set 0.001ms
[2024-07-21T19:49:26.974+0800][16.399s][gc,phases   ] GC(157) Concurrent Select Relocation Set 2.810ms
[2024-07-21T19:49:26.975+0800][16.400s][gc,phases   ] GC(157) Pause Relocate Start 0.010ms
[2024-07-21T19:49:26.976+0800][16.401s][gc,phases   ] GC(157) Concurrent Relocate 0.980ms
[2024-07-21T19:49:26.976+0800][16.401s][gc,load     ] GC(157) Load: 0.00/0.00/0.00
[2024-07-21T19:49:26.976+0800][16.401s][gc,mmu      ] GC(157) MMU: 2ms/96.3%, 5ms/98.5%, 10ms/99.2%, 20ms/99.6%, 50ms/99.8%, 100ms/99.9%
[2024-07-21T19:49:26.976+0800][16.401s][gc,marking  ] GC(157) Mark: 2 stripe(s), 2 proactive flush(es), 1 terminate flush(es), 0 completion(s), 0 continuation(s) 
[2024-07-21T19:49:26.976+0800][16.401s][gc,marking  ] GC(157) Mark Stack Usage: 32M
[2024-07-21T19:49:26.976+0800][16.401s][gc,nmethod  ] GC(157) NMethods: 470 registered, 0 unregistered
[2024-07-21T19:49:26.976+0800][16.401s][gc,metaspace] GC(157) Metaspace: 1M used, 1M committed, 1032M reserved
[2024-07-21T19:49:26.976+0800][16.401s][gc,ref      ] GC(157) Soft: 93 encountered, 0 discovered, 0 enqueued
[2024-07-21T19:49:26.976+0800][16.401s][gc,ref      ] GC(157) Weak: 131 encountered, 0 discovered, 0 enqueued
[2024-07-21T19:49:26.976+0800][16.401s][gc,ref      ] GC(157) Final: 0 encountered, 0 discovered, 0 enqueued
[2024-07-21T19:49:26.976+0800][16.401s][gc,ref      ] GC(157) Phantom: 184 encountered, 72 discovered, 0 enqueued
[2024-07-21T19:49:26.976+0800][16.401s][gc,reloc    ] GC(157) Small Pages: 5 / 10M, Empty: 2M, Relocated: 1M, In-Place: 0
[2024-07-21T19:49:26.976+0800][16.401s][gc,reloc    ] GC(157) Medium Pages: 1 / 8M, Empty: 0M, Relocated: 0M, In-Place: 0
[2024-07-21T19:49:26.976+0800][16.401s][gc,reloc    ] GC(157) Large Pages: 72 / 144M, Empty: 142M, Relocated: 0M, In-Place: 0
[2024-07-21T19:49:26.976+0800][16.401s][gc,reloc    ] GC(157) Forwarding Usage: 0M
[2024-07-21T19:49:26.976+0800][16.401s][gc,heap     ] GC(157) Min Capacity: 8M(3%)
[2024-07-21T19:49:26.976+0800][16.401s][gc,heap     ] GC(157) Max Capacity: 256M(100%)
[2024-07-21T19:49:26.976+0800][16.401s][gc,heap     ] GC(157) Soft Max Capacity: 256M(100%)
[2024-07-21T19:49:26.976+0800][16.401s][gc,heap     ] GC(157)                Mark Start          Mark End        Relocate Start      Relocate End           High               Low         
[2024-07-21T19:49:26.976+0800][16.401s][gc,heap     ] GC(157)  Capacity:      256M (100%)        256M (100%)        256M (100%)        256M (100%)        256M (100%)        256M (100%)   
[2024-07-21T19:49:26.976+0800][16.401s][gc,heap     ] GC(157)      Free:       94M (37%)          70M (27%)         200M (78%)         200M (78%)         200M (78%)          56M (22%)    
[2024-07-21T19:49:26.976+0800][16.401s][gc,heap     ] GC(157)      Used:      162M (63%)         186M (73%)          56M (22%)          56M (22%)         200M (78%)          56M (22%)    
[2024-07-21T19:49:26.976+0800][16.401s][gc,heap     ] GC(157)      Live:         -                 6M (3%)            6M (3%)            6M (3%)             -                  -          
[2024-07-21T19:49:26.976+0800][16.401s][gc,heap     ] GC(157) Allocated:         -                24M (9%)           38M (15%)          38M (15%)            -                  -          
[2024-07-21T19:49:26.976+0800][16.401s][gc,heap     ] GC(157)   Garbage:         -               155M (61%)          11M (4%)           11M (4%)             -                  -          
[2024-07-21T19:49:26.976+0800][16.401s][gc,heap     ] GC(157) Reclaimed:         -                  -               144M (56%)         144M (56%)            -                  -          
[2024-07-21T19:49:26.976+0800][16.401s][gc          ] GC(157) Garbage Collection (Allocation Rate) 162M(63%)->56M(22%)
[2024-07-21T19:49:27.049+0800][16.474s][gc,start    ] GC(158) Garbage Collection (Allocation Rate)
[2024-07-21T19:49:27.049+0800][16.474s][gc,task     ] GC(158) Using 2 workers
[2024-07-21T19:49:27.049+0800][16.474s][gc,phases   ] GC(158) Pause Mark Start 0.006ms
[2024-07-21T19:49:27.065+0800][16.490s][gc,phases   ] GC(158) Concurrent Mark 15.393ms
[2024-07-21T19:49:27.065+0800][16.490s][gc,phases   ] GC(158) Pause Mark End 0.009ms
[2024-07-21T19:49:27.065+0800][16.490s][gc,phases   ] GC(158) Concurrent Mark Free 0.001ms
[2024-07-21T19:49:27.066+0800][16.491s][gc,phases   ] GC(158) Concurrent Process Non-Strong References 1.093ms
[2024-07-21T19:49:27.066+0800][16.491s][gc,phases   ] GC(158) Concurrent Reset Relocation Set 0.001ms
[2024-07-21T19:49:27.068+0800][16.493s][gc,phases   ] GC(158) Concurrent Select Relocation Set 1.858ms
[2024-07-21T19:49:27.068+0800][16.493s][gc,phases   ] GC(158) Pause Relocate Start 0.005ms
[2024-07-21T19:49:27.069+0800][16.494s][gc,phases   ] GC(158) Concurrent Relocate 0.793ms
[2024-07-21T19:49:27.069+0800][16.494s][gc,load     ] GC(158) Load: 0.00/0.00/0.00
[2024-07-21T19:49:27.069+0800][16.494s][gc,mmu      ] GC(158) MMU: 2ms/96.3%, 5ms/98.5%, 10ms/99.2%, 20ms/99.6%, 50ms/99.8%, 100ms/99.9%
[2024-07-21T19:49:27.069+0800][16.494s][gc,marking  ] GC(158) Mark: 2 stripe(s), 2 proactive flush(es), 1 terminate flush(es), 0 completion(s), 0 continuation(s) 
[2024-07-21T19:49:27.069+0800][16.494s][gc,marking  ] GC(158) Mark Stack Usage: 32M
[2024-07-21T19:49:27.069+0800][16.494s][gc,nmethod  ] GC(158) NMethods: 470 registered, 0 unregistered
[2024-07-21T19:49:27.069+0800][16.494s][gc,metaspace] GC(158) Metaspace: 1M used, 1M committed, 1032M reserved
[2024-07-21T19:49:27.069+0800][16.494s][gc,ref      ] GC(158) Soft: 93 encountered, 0 discovered, 0 enqueued
[2024-07-21T19:49:27.069+0800][16.494s][gc,ref      ] GC(158) Weak: 131 encountered, 107 discovered, 0 enqueued
[2024-07-21T19:49:27.069+0800][16.494s][gc,ref      ] GC(158) Final: 0 encountered, 0 discovered, 0 enqueued
[2024-07-21T19:49:27.069+0800][16.494s][gc,ref      ] GC(158) Phantom: 184 encountered, 119 discovered, 0 enqueued
[2024-07-21T19:49:27.069+0800][16.494s][gc,reloc    ] GC(158) Small Pages: 5 / 10M, Empty: 2M, Relocated: 1M, In-Place: 0
[2024-07-21T19:49:27.069+0800][16.494s][gc,reloc    ] GC(158) Medium Pages: 1 / 8M, Empty: 0M, Relocated: 0M, In-Place: 0
[2024-07-21T19:49:27.069+0800][16.494s][gc,reloc    ] GC(158) Large Pages: 63 / 126M, Empty: 124M, Relocated: 0M, In-Place: 0
[2024-07-21T19:49:27.069+0800][16.494s][gc,reloc    ] GC(158) Forwarding Usage: 0M
[2024-07-21T19:49:27.069+0800][16.494s][gc,heap     ] GC(158) Min Capacity: 8M(3%)
[2024-07-21T19:49:27.069+0800][16.494s][gc,heap     ] GC(158) Max Capacity: 256M(100%)
[2024-07-21T19:49:27.069+0800][16.494s][gc,heap     ] GC(158) Soft Max Capacity: 256M(100%)
[2024-07-21T19:49:27.069+0800][16.494s][gc,heap     ] GC(158)                Mark Start          Mark End        Relocate Start      Relocate End           High               Low         
[2024-07-21T19:49:27.069+0800][16.494s][gc,heap     ] GC(158)  Capacity:      256M (100%)        256M (100%)        256M (100%)        256M (100%)        256M (100%)        256M (100%)   
[2024-07-21T19:49:27.069+0800][16.494s][gc,heap     ] GC(158)      Free:      112M (44%)          94M (37%)         204M (80%)         204M (80%)         204M (80%)          78M (30%)    
[2024-07-21T19:49:27.069+0800][16.494s][gc,heap     ] GC(158)      Used:      144M (56%)         162M (63%)          52M (20%)          52M (20%)         178M (70%)          52M (20%)    
[2024-07-21T19:49:27.069+0800][16.494s][gc,heap     ] GC(158)      Live:         -                 6M (3%)            6M (3%)            6M (3%)             -                  -          
[2024-07-21T19:49:27.069+0800][16.494s][gc,heap     ] GC(158) Allocated:         -                18M (7%)           34M (13%)          34M (13%)            -                  -          
[2024-07-21T19:49:27.069+0800][16.494s][gc,heap     ] GC(158)   Garbage:         -               137M (54%)          11M (4%)           11M (4%)             -                  -          
[2024-07-21T19:49:27.069+0800][16.494s][gc,heap     ] GC(158) Reclaimed:         -                  -               126M (49%)         126M (49%)            -                  -          
[2024-07-21T19:49:27.069+0800][16.494s][gc          ] GC(158) Garbage Collection (Allocation Rate) 144M(56%)->52M(20%)
[2024-07-21T19:49:27.128+0800][16.554s][gc,heap,exit] Heap
[2024-07-21T19:49:27.129+0800][16.554s][gc,heap,exit]  ZHeap           used 112M, capacity 256M, max capacity 256M
[2024-07-21T19:49:27.129+0800][16.554s][gc,heap,exit]  Metaspace       used 1345K, committed 1472K, reserved 1056768K
[2024-07-21T19:49:27.129+0800][16.554s][gc,heap,exit]   class space    used 111K, committed 192K, reserved 1048576K
