[2024-07-21T19:50:23.679+0800][0.016s][gc,init] Initializing The Z Garbage Collector
[2024-07-21T19:50:23.679+0800][0.016s][gc,init] Version: 17.0.2+8-86 (release)
[2024-07-21T19:50:23.679+0800][0.016s][gc,init] NUMA Support: Disabled
[2024-07-21T19:50:23.679+0800][0.016s][gc,init] CPUs: 8 total, 8 available
[2024-07-21T19:50:23.679+0800][0.016s][gc,init] Memory: 16281M
[2024-07-21T19:50:23.679+0800][0.016s][gc,init] Large Page Support: Disabled
[2024-07-21T19:50:23.679+0800][0.016s][gc,init] GC Workers: 2 (dynamic)
[2024-07-21T19:50:23.680+0800][0.017s][gc,init] Address Space Type: Contiguous/Unrestricted/Complete
[2024-07-21T19:50:23.680+0800][0.017s][gc,init] Address Space Size: 16384M x 3 = 49152M
[2024-07-21T19:50:23.680+0800][0.017s][gc,init] Min Capacity: 8M
[2024-07-21T19:50:23.681+0800][0.018s][gc,init] Initial Capacity: 256M
[2024-07-21T19:50:23.681+0800][0.018s][gc,init] Max Capacity: 1024M
[2024-07-21T19:50:23.681+0800][0.018s][gc,init] Medium Page Size: 32M
[2024-07-21T19:50:23.681+0800][0.018s][gc,init] Pre-touch: Disabled
[2024-07-21T19:50:23.681+0800][0.018s][gc,init] Uncommit: Enabled
[2024-07-21T19:50:23.681+0800][0.018s][gc,init] Uncommit Delay: 300s
[2024-07-21T19:50:23.695+0800][0.032s][gc,init] Runtime Workers: 5
[2024-07-21T19:50:23.695+0800][0.033s][gc     ] Using The Z Garbage Collector
[2024-07-21T19:50:23.696+0800][0.033s][gc,metaspace] CDS archive(s) mapped at: [0x0000000800000000-0x0000000800bc0000-0x0000000800bc0000), size 12320768, SharedBaseAddress: 0x0000000800000000, ArchiveRelocationMode: 0.
[2024-07-21T19:50:23.696+0800][0.033s][gc,metaspace] Compressed class space mapped at: 0x0000000800c00000-0x0000000840c00000, reserved size: 1073741824
[2024-07-21T19:50:23.696+0800][0.033s][gc,metaspace] Narrow klass base: 0x0000000800000000, Narrow klass shift: 0, Narrow klass range: 0x100000000
[2024-07-21T19:50:24.033+0800][0.369s][gc,start    ] GC(0) Garbage Collection (Warmup)
[2024-07-21T19:50:24.033+0800][0.369s][gc,task     ] GC(0) Using 2 workers
[2024-07-21T19:50:24.033+0800][0.369s][gc,phases   ] GC(0) Pause Mark Start 0.007ms
[2024-07-21T19:50:24.049+0800][0.385s][gc,phases   ] GC(0) Concurrent Mark 15.614ms
[2024-07-21T19:50:24.049+0800][0.385s][gc,phases   ] GC(0) Pause Mark End 0.017ms
[2024-07-21T19:50:24.049+0800][0.386s][gc,phases   ] GC(0) Concurrent Mark Free 0.001ms
[2024-07-21T19:50:24.049+0800][0.386s][gc,phases   ] GC(0) Concurrent Process Non-Strong References 0.465ms
[2024-07-21T19:50:24.049+0800][0.386s][gc,phases   ] GC(0) Concurrent Reset Relocation Set 0.003ms
[2024-07-21T19:50:24.059+0800][0.396s][gc,phases   ] GC(0) Concurrent Select Relocation Set 9.522ms
[2024-07-21T19:50:24.059+0800][0.396s][gc,phases   ] GC(0) Pause Relocate Start 0.006ms
[2024-07-21T19:50:24.065+0800][0.402s][gc,phases   ] GC(0) Concurrent Relocate 6.159ms
[2024-07-21T19:50:24.066+0800][0.402s][gc,load     ] GC(0) Load: 0.00/0.00/0.00
[2024-07-21T19:50:24.066+0800][0.402s][gc,mmu      ] GC(0) MMU: 2ms/99.2%, 5ms/99.7%, 10ms/99.8%, 20ms/99.9%, 50ms/99.9%, 100ms/100.0%
[2024-07-21T19:50:24.066+0800][0.402s][gc,marking  ] GC(0) Mark: 2 stripe(s), 1 proactive flush(es), 1 terminate flush(es), 0 completion(s), 0 continuation(s) 
[2024-07-21T19:50:24.066+0800][0.402s][gc,marking  ] GC(0) Mark Stack Usage: 32M
[2024-07-21T19:50:24.066+0800][0.402s][gc,nmethod  ] GC(0) NMethods: 322 registered, 0 unregistered
[2024-07-21T19:50:24.066+0800][0.402s][gc,metaspace] GC(0) Metaspace: 1M used, 1M committed, 1032M reserved
[2024-07-21T19:50:24.066+0800][0.402s][gc,ref      ] GC(0) Soft: 53 encountered, 0 discovered, 0 enqueued
[2024-07-21T19:50:24.066+0800][0.402s][gc,ref      ] GC(0) Weak: 153 encountered, 110 discovered, 36 enqueued
[2024-07-21T19:50:24.066+0800][0.402s][gc,ref      ] GC(0) Final: 0 encountered, 0 discovered, 0 enqueued
[2024-07-21T19:50:24.066+0800][0.402s][gc,ref      ] GC(0) Phantom: 217 encountered, 150 discovered, 33 enqueued
[2024-07-21T19:50:24.066+0800][0.402s][gc,reloc    ] GC(0) Small Pages: 6 / 12M, Empty: 0M, Relocated: 1M, In-Place: 0
[2024-07-21T19:50:24.066+0800][0.402s][gc,reloc    ] GC(0) Medium Pages: 3 / 96M, Empty: 0M, Relocated: 10M, In-Place: 0
[2024-07-21T19:50:24.066+0800][0.402s][gc,reloc    ] GC(0) Large Pages: 0 / 0M, Empty: 0M, Relocated: 0M, In-Place: 0
[2024-07-21T19:50:24.066+0800][0.402s][gc,reloc    ] GC(0) Forwarding Usage: 0M
[2024-07-21T19:50:24.066+0800][0.402s][gc,heap     ] GC(0) Min Capacity: 8M(1%)
[2024-07-21T19:50:24.066+0800][0.402s][gc,heap     ] GC(0) Max Capacity: 1024M(100%)
[2024-07-21T19:50:24.066+0800][0.402s][gc,heap     ] GC(0) Soft Max Capacity: 1024M(100%)
[2024-07-21T19:50:24.066+0800][0.402s][gc,heap     ] GC(0)                Mark Start          Mark End        Relocate Start      Relocate End           High               Low         
[2024-07-21T19:50:24.066+0800][0.403s][gc,heap     ] GC(0)  Capacity:      256M (25%)         256M (25%)         256M (25%)         256M (25%)         256M (25%)         256M (25%)    
[2024-07-21T19:50:24.066+0800][0.403s][gc,heap     ] GC(0)      Free:      916M (89%)         884M (86%)         882M (86%)         952M (93%)         952M (93%)         850M (83%)    
[2024-07-21T19:50:24.066+0800][0.403s][gc,heap     ] GC(0)      Used:      108M (11%)         140M (14%)         142M (14%)          72M (7%)          174M (17%)          72M (7%)     
[2024-07-21T19:50:24.066+0800][0.403s][gc,heap     ] GC(0)      Live:         -                14M (1%)           14M (1%)           14M (1%)             -                  -          
[2024-07-21T19:50:24.066+0800][0.403s][gc,heap     ] GC(0) Allocated:         -                32M (3%)           34M (3%)           34M (3%)             -                  -          
[2024-07-21T19:50:24.066+0800][0.403s][gc,heap     ] GC(0)   Garbage:         -                93M (9%)           93M (9%)           23M (2%)             -                  -          
[2024-07-21T19:50:24.066+0800][0.403s][gc,heap     ] GC(0) Reclaimed:         -                  -                 0M (0%)           70M (7%)             -                  -          
[2024-07-21T19:50:24.066+0800][0.403s][gc          ] GC(0) Garbage Collection (Warmup) 108M(11%)->72M(7%)
[2024-07-21T19:50:24.432+0800][0.768s][gc,start    ] GC(1) Garbage Collection (Warmup)
[2024-07-21T19:50:24.432+0800][0.768s][gc,task     ] GC(1) Using 2 workers
[2024-07-21T19:50:24.432+0800][0.768s][gc,phases   ] GC(1) Pause Mark Start 0.007ms
[2024-07-21T19:50:24.448+0800][0.784s][gc,phases   ] GC(1) Concurrent Mark 15.674ms
[2024-07-21T19:50:24.448+0800][0.784s][gc,phases   ] GC(1) Pause Mark End 0.028ms
[2024-07-21T19:50:24.448+0800][0.784s][gc,phases   ] GC(1) Concurrent Mark Free 0.001ms
[2024-07-21T19:50:24.448+0800][0.785s][gc,phases   ] GC(1) Concurrent Process Non-Strong References 0.584ms
[2024-07-21T19:50:24.448+0800][0.785s][gc,phases   ] GC(1) Concurrent Reset Relocation Set 0.001ms
[2024-07-21T19:50:24.451+0800][0.788s][gc,phases   ] GC(1) Concurrent Select Relocation Set 2.871ms
[2024-07-21T19:50:24.452+0800][0.788s][gc,phases   ] GC(1) Pause Relocate Start 0.008ms
[2024-07-21T19:50:24.452+0800][0.789s][gc,phases   ] GC(1) Concurrent Relocate 0.559ms
[2024-07-21T19:50:24.452+0800][0.789s][gc,load     ] GC(1) Load: 0.00/0.00/0.00
[2024-07-21T19:50:24.452+0800][0.789s][gc,mmu      ] GC(1) MMU: 2ms/98.6%, 5ms/99.3%, 10ms/99.6%, 20ms/99.8%, 50ms/99.9%, 100ms/100.0%
[2024-07-21T19:50:24.452+0800][0.789s][gc,marking  ] GC(1) Mark: 2 stripe(s), 2 proactive flush(es), 1 terminate flush(es), 0 completion(s), 0 continuation(s) 
[2024-07-21T19:50:24.452+0800][0.789s][gc,marking  ] GC(1) Mark Stack Usage: 32M
[2024-07-21T19:50:24.452+0800][0.789s][gc,nmethod  ] GC(1) NMethods: 324 registered, 0 unregistered
[2024-07-21T19:50:24.452+0800][0.789s][gc,metaspace] GC(1) Metaspace: 1M used, 1M committed, 1032M reserved
[2024-07-21T19:50:24.452+0800][0.789s][gc,ref      ] GC(1) Soft: 53 encountered, 0 discovered, 0 enqueued
[2024-07-21T19:50:24.452+0800][0.789s][gc,ref      ] GC(1) Weak: 117 encountered, 64 discovered, 0 enqueued
[2024-07-21T19:50:24.452+0800][0.789s][gc,ref      ] GC(1) Final: 0 encountered, 0 discovered, 0 enqueued
[2024-07-21T19:50:24.453+0800][0.789s][gc,ref      ] GC(1) Phantom: 184 encountered, 180 discovered, 0 enqueued
[2024-07-21T19:50:24.453+0800][0.789s][gc,reloc    ] GC(1) Small Pages: 4 / 8M, Empty: 2M, Relocated: 0M, In-Place: 0
[2024-07-21T19:50:24.453+0800][0.789s][gc,reloc    ] GC(1) Medium Pages: 7 / 224M, Empty: 160M, Relocated: 1M, In-Place: 0
[2024-07-21T19:50:24.453+0800][0.789s][gc,reloc    ] GC(1) Large Pages: 0 / 0M, Empty: 0M, Relocated: 0M, In-Place: 0
[2024-07-21T19:50:24.453+0800][0.789s][gc,reloc    ] GC(1) Forwarding Usage: 0M
[2024-07-21T19:50:24.453+0800][0.789s][gc,heap     ] GC(1) Min Capacity: 8M(1%)
[2024-07-21T19:50:24.453+0800][0.789s][gc,heap     ] GC(1) Max Capacity: 1024M(100%)
[2024-07-21T19:50:24.453+0800][0.789s][gc,heap     ] GC(1) Soft Max Capacity: 1024M(100%)
[2024-07-21T19:50:24.453+0800][0.789s][gc,heap     ] GC(1)                Mark Start          Mark End        Relocate Start      Relocate End           High               Low         
[2024-07-21T19:50:24.453+0800][0.789s][gc,heap     ] GC(1)  Capacity:      256M (25%)         288M (28%)         288M (28%)         288M (28%)         288M (28%)         256M (25%)    
[2024-07-21T19:50:24.453+0800][0.789s][gc,heap     ] GC(1)      Free:      792M (77%)         758M (74%)         920M (90%)         952M (93%)         952M (93%)         758M (74%)    
[2024-07-21T19:50:24.453+0800][0.789s][gc,heap     ] GC(1)      Used:      232M (23%)         266M (26%)         104M (10%)          72M (7%)          266M (26%)          72M (7%)     
[2024-07-21T19:50:24.453+0800][0.789s][gc,heap     ] GC(1)      Live:         -                 5M (1%)            5M (1%)            5M (1%)             -                  -          
[2024-07-21T19:50:24.453+0800][0.789s][gc,heap     ] GC(1) Allocated:         -                34M (3%)           34M (3%)           34M (3%)             -                  -          
[2024-07-21T19:50:24.453+0800][0.789s][gc,heap     ] GC(1)   Garbage:         -               226M (22%)          64M (6%)           32M (3%)             -                  -          
[2024-07-21T19:50:24.453+0800][0.789s][gc,heap     ] GC(1) Reclaimed:         -                  -               162M (16%)         194M (19%)            -                  -          
[2024-07-21T19:50:24.453+0800][0.789s][gc          ] GC(1) Garbage Collection (Warmup) 232M(23%)->72M(7%)
[2024-07-21T19:50:24.939+0800][1.275s][gc,start    ] GC(2) Garbage Collection (Warmup)
[2024-07-21T19:50:24.939+0800][1.275s][gc,task     ] GC(2) Using 2 workers
[2024-07-21T19:50:24.939+0800][1.275s][gc,phases   ] GC(2) Pause Mark Start 0.008ms
[2024-07-21T19:50:24.955+0800][1.291s][gc,phases   ] GC(2) Concurrent Mark 15.382ms
[2024-07-21T19:50:24.955+0800][1.291s][gc,phases   ] GC(2) Pause Mark End 0.021ms
[2024-07-21T19:50:24.955+0800][1.291s][gc,phases   ] GC(2) Concurrent Mark Free 0.001ms
[2024-07-21T19:50:24.955+0800][1.292s][gc,phases   ] GC(2) Concurrent Process Non-Strong References 0.811ms
[2024-07-21T19:50:24.955+0800][1.292s][gc,phases   ] GC(2) Concurrent Reset Relocation Set 0.002ms
[2024-07-21T19:50:24.960+0800][1.297s][gc,phases   ] GC(2) Concurrent Select Relocation Set 5.061ms
[2024-07-21T19:50:24.961+0800][1.298s][gc,phases   ] GC(2) Pause Relocate Start 0.024ms
[2024-07-21T19:50:24.968+0800][1.305s][gc,phases   ] GC(2) Concurrent Relocate 7.379ms
[2024-07-21T19:50:24.968+0800][1.305s][gc,load     ] GC(2) Load: 0.00/0.00/0.00
[2024-07-21T19:50:24.968+0800][1.305s][gc,mmu      ] GC(2) MMU: 2ms/98.6%, 5ms/99.3%, 10ms/99.6%, 20ms/99.8%, 50ms/99.9%, 100ms/99.9%
[2024-07-21T19:50:24.968+0800][1.305s][gc,marking  ] GC(2) Mark: 2 stripe(s), 2 proactive flush(es), 1 terminate flush(es), 0 completion(s), 0 continuation(s) 
[2024-07-21T19:50:24.968+0800][1.305s][gc,marking  ] GC(2) Mark Stack Usage: 32M
[2024-07-21T19:50:24.968+0800][1.305s][gc,nmethod  ] GC(2) NMethods: 373 registered, 0 unregistered
[2024-07-21T19:50:24.968+0800][1.305s][gc,metaspace] GC(2) Metaspace: 1M used, 1M committed, 1032M reserved
[2024-07-21T19:50:24.968+0800][1.305s][gc,ref      ] GC(2) Soft: 93 encountered, 0 discovered, 0 enqueued
[2024-07-21T19:50:24.968+0800][1.305s][gc,ref      ] GC(2) Weak: 136 encountered, 77 discovered, 5 enqueued
[2024-07-21T19:50:24.968+0800][1.305s][gc,ref      ] GC(2) Final: 0 encountered, 0 discovered, 0 enqueued
[2024-07-21T19:50:24.968+0800][1.306s][gc,ref      ] GC(2) Phantom: 189 encountered, 181 discovered, 5 enqueued
[2024-07-21T19:50:24.969+0800][1.306s][gc,reloc    ] GC(2) Small Pages: 6 / 12M, Empty: 2M, Relocated: 1M, In-Place: 0
[2024-07-21T19:50:24.969+0800][1.306s][gc,reloc    ] GC(2) Medium Pages: 10 / 320M, Empty: 224M, Relocated: 11M, In-Place: 0
[2024-07-21T19:50:24.969+0800][1.306s][gc,reloc    ] GC(2) Large Pages: 0 / 0M, Empty: 0M, Relocated: 0M, In-Place: 0
[2024-07-21T19:50:24.969+0800][1.306s][gc,reloc    ] GC(2) Forwarding Usage: 0M
[2024-07-21T19:50:24.969+0800][1.306s][gc,heap     ] GC(2) Min Capacity: 8M(1%)
[2024-07-21T19:50:24.969+0800][1.306s][gc,heap     ] GC(2) Max Capacity: 1024M(100%)
[2024-07-21T19:50:24.969+0800][1.306s][gc,heap     ] GC(2) Soft Max Capacity: 1024M(100%)
[2024-07-21T19:50:24.969+0800][1.306s][gc,heap     ] GC(2)                Mark Start          Mark End        Relocate Start      Relocate End           High               Low         
[2024-07-21T19:50:24.969+0800][1.306s][gc,heap     ] GC(2)  Capacity:      352M (34%)         384M (38%)         384M (38%)         384M (38%)         384M (38%)         352M (34%)    
[2024-07-21T19:50:24.969+0800][1.306s][gc,heap     ] GC(2)      Free:      692M (68%)         658M (64%)         884M (86%)         952M (93%)         952M (93%)         658M (64%)    
[2024-07-21T19:50:24.969+0800][1.306s][gc,heap     ] GC(2)      Used:      332M (32%)         366M (36%)         140M (14%)          72M (7%)          366M (36%)          72M (7%)     
[2024-07-21T19:50:24.969+0800][1.306s][gc,heap     ] GC(2)      Live:         -                15M (2%)           15M (2%)           15M (2%)             -                  -          
[2024-07-21T19:50:24.969+0800][1.306s][gc,heap     ] GC(2) Allocated:         -                34M (3%)           34M (3%)           34M (3%)             -                  -          
[2024-07-21T19:50:24.969+0800][1.306s][gc,heap     ] GC(2)   Garbage:         -               316M (31%)          90M (9%)           22M (2%)             -                  -          
[2024-07-21T19:50:24.969+0800][1.306s][gc,heap     ] GC(2) Reclaimed:         -                  -               226M (22%)         294M (29%)            -                  -          
[2024-07-21T19:50:24.969+0800][1.306s][gc          ] GC(2) Garbage Collection (Warmup) 332M(32%)->72M(7%)
[2024-07-21T19:50:26.727+0800][3.064s][gc,start    ] GC(3) Garbage Collection (Allocation Rate)
[2024-07-21T19:50:26.727+0800][3.064s][gc,task     ] GC(3) Using 1 workers
[2024-07-21T19:50:26.727+0800][3.064s][gc,phases   ] GC(3) Pause Mark Start 0.007ms
[2024-07-21T19:50:26.733+0800][3.070s][gc,phases   ] GC(3) Concurrent Mark 5.696ms
[2024-07-21T19:50:26.733+0800][3.070s][gc,phases   ] GC(3) Pause Mark End 0.008ms
[2024-07-21T19:50:26.733+0800][3.070s][gc,phases   ] GC(3) Concurrent Mark Free 0.001ms
[2024-07-21T19:50:26.735+0800][3.071s][gc,phases   ] GC(3) Concurrent Process Non-Strong References 1.156ms
[2024-07-21T19:50:26.735+0800][3.071s][gc,phases   ] GC(3) Concurrent Reset Relocation Set 0.001ms
[2024-07-21T19:50:26.736+0800][3.073s][gc,phases   ] GC(3) Concurrent Select Relocation Set 1.744ms
[2024-07-21T19:50:26.737+0800][3.073s][gc,phases   ] GC(3) Pause Relocate Start 0.005ms
[2024-07-21T19:50:26.739+0800][3.076s][gc,phases   ] GC(3) Concurrent Relocate 2.069ms
[2024-07-21T19:50:26.739+0800][3.076s][gc,load     ] GC(3) Load: 0.00/0.00/0.00
[2024-07-21T19:50:26.739+0800][3.076s][gc,mmu      ] GC(3) MMU: 2ms/98.6%, 5ms/99.3%, 10ms/99.6%, 20ms/99.8%, 50ms/99.9%, 100ms/99.9%
[2024-07-21T19:50:26.739+0800][3.076s][gc,marking  ] GC(3) Mark: 1 stripe(s), 1 proactive flush(es), 1 terminate flush(es), 0 completion(s), 0 continuation(s) 
[2024-07-21T19:50:26.739+0800][3.076s][gc,marking  ] GC(3) Mark Stack Usage: 32M
[2024-07-21T19:50:26.739+0800][3.076s][gc,nmethod  ] GC(3) NMethods: 391 registered, 0 unregistered
[2024-07-21T19:50:26.739+0800][3.076s][gc,metaspace] GC(3) Metaspace: 1M used, 1M committed, 1032M reserved
[2024-07-21T19:50:26.739+0800][3.076s][gc,ref      ] GC(3) Soft: 93 encountered, 0 discovered, 0 enqueued
[2024-07-21T19:50:26.739+0800][3.076s][gc,ref      ] GC(3) Weak: 131 encountered, 107 discovered, 0 enqueued
[2024-07-21T19:50:26.739+0800][3.076s][gc,ref      ] GC(3) Final: 0 encountered, 0 discovered, 0 enqueued
[2024-07-21T19:50:26.739+0800][3.076s][gc,ref      ] GC(3) Phantom: 184 encountered, 98 discovered, 0 enqueued
[2024-07-21T19:50:26.739+0800][3.076s][gc,reloc    ] GC(3) Small Pages: 4 / 8M, Empty: 0M, Relocated: 1M, In-Place: 0
[2024-07-21T19:50:26.739+0800][3.076s][gc,reloc    ] GC(3) Medium Pages: 27 / 864M, Empty: 800M, Relocated: 10M, In-Place: 0
[2024-07-21T19:50:26.739+0800][3.076s][gc,reloc    ] GC(3) Large Pages: 0 / 0M, Empty: 0M, Relocated: 0M, In-Place: 0
[2024-07-21T19:50:26.739+0800][3.076s][gc,reloc    ] GC(3) Forwarding Usage: 0M
[2024-07-21T19:50:26.739+0800][3.076s][gc,heap     ] GC(3) Min Capacity: 8M(1%)
[2024-07-21T19:50:26.739+0800][3.076s][gc,heap     ] GC(3) Max Capacity: 1024M(100%)
[2024-07-21T19:50:26.739+0800][3.076s][gc,heap     ] GC(3) Soft Max Capacity: 1024M(100%)
[2024-07-21T19:50:26.739+0800][3.076s][gc,heap     ] GC(3)                Mark Start          Mark End        Relocate Start      Relocate End           High               Low         
[2024-07-21T19:50:26.739+0800][3.076s][gc,heap     ] GC(3)  Capacity:      896M (88%)         896M (88%)         896M (88%)         896M (88%)         896M (88%)         896M (88%)    
[2024-07-21T19:50:26.739+0800][3.076s][gc,heap     ] GC(3)      Free:      152M (15%)         152M (15%)         952M (93%)         986M (96%)         986M (96%)         152M (15%)    
[2024-07-21T19:50:26.739+0800][3.076s][gc,heap     ] GC(3)      Used:      872M (85%)         872M (85%)          72M (7%)           38M (4%)          872M (85%)          38M (4%)     
[2024-07-21T19:50:26.739+0800][3.076s][gc,heap     ] GC(3)      Live:         -                14M (1%)           14M (1%)           14M (1%)             -                  -          
[2024-07-21T19:50:26.739+0800][3.076s][gc,heap     ] GC(3) Allocated:         -                 0M (0%)            0M (0%)            0M (0%)             -                  -          
[2024-07-21T19:50:26.739+0800][3.076s][gc,heap     ] GC(3)   Garbage:         -               857M (84%)          57M (6%)           23M (2%)             -                  -          
[2024-07-21T19:50:26.739+0800][3.076s][gc,heap     ] GC(3) Reclaimed:         -                  -               800M (78%)         834M (81%)            -                  -          
[2024-07-21T19:50:26.739+0800][3.076s][gc          ] GC(3) Garbage Collection (Allocation Rate) 872M(85%)->38M(4%)
[2024-07-21T19:50:27.936+0800][4.273s][gc,start    ] GC(4) Garbage Collection (Allocation Rate)
[2024-07-21T19:50:27.936+0800][4.273s][gc,task     ] GC(4) Using 1 workers
[2024-07-21T19:50:27.936+0800][4.273s][gc,phases   ] GC(4) Pause Mark Start 0.006ms
[2024-07-21T19:50:27.941+0800][4.278s][gc,phases   ] GC(4) Concurrent Mark 4.657ms
[2024-07-21T19:50:27.941+0800][4.278s][gc,phases   ] GC(4) Pause Mark End 0.009ms
[2024-07-21T19:50:27.941+0800][4.278s][gc,phases   ] GC(4) Concurrent Mark Free 0.001ms
[2024-07-21T19:50:27.942+0800][4.279s][gc,phases   ] GC(4) Concurrent Process Non-Strong References 1.107ms
[2024-07-21T19:50:27.942+0800][4.279s][gc,phases   ] GC(4) Concurrent Reset Relocation Set 0.001ms
[2024-07-21T19:50:27.946+0800][4.282s][gc,phases   ] GC(4) Concurrent Select Relocation Set 3.265ms
[2024-07-21T19:50:27.946+0800][4.283s][gc,phases   ] GC(4) Pause Relocate Start 0.008ms
[2024-07-21T19:50:27.947+0800][4.284s][gc,phases   ] GC(4) Concurrent Relocate 1.031ms
[2024-07-21T19:50:27.947+0800][4.284s][gc,load     ] GC(4) Load: 0.00/0.00/0.00
[2024-07-21T19:50:27.947+0800][4.284s][gc,mmu      ] GC(4) MMU: 2ms/98.6%, 5ms/99.3%, 10ms/99.6%, 20ms/99.8%, 50ms/99.9%, 100ms/99.9%
[2024-07-21T19:50:27.947+0800][4.284s][gc,marking  ] GC(4) Mark: 1 stripe(s), 2 proactive flush(es), 1 terminate flush(es), 0 completion(s), 0 continuation(s) 
[2024-07-21T19:50:27.947+0800][4.284s][gc,marking  ] GC(4) Mark Stack Usage: 32M
[2024-07-21T19:50:27.947+0800][4.284s][gc,nmethod  ] GC(4) NMethods: 411 registered, 0 unregistered
[2024-07-21T19:50:27.947+0800][4.284s][gc,metaspace] GC(4) Metaspace: 1M used, 1M committed, 1032M reserved
[2024-07-21T19:50:27.947+0800][4.284s][gc,ref      ] GC(4) Soft: 93 encountered, 0 discovered, 0 enqueued
[2024-07-21T19:50:27.947+0800][4.284s][gc,ref      ] GC(4) Weak: 131 encountered, 107 discovered, 0 enqueued
[2024-07-21T19:50:27.947+0800][4.284s][gc,ref      ] GC(4) Final: 0 encountered, 0 discovered, 0 enqueued
[2024-07-21T19:50:27.947+0800][4.284s][gc,ref      ] GC(4) Phantom: 184 encountered, 98 discovered, 0 enqueued
[2024-07-21T19:50:27.947+0800][4.284s][gc,reloc    ] GC(4) Small Pages: 5 / 10M, Empty: 2M, Relocated: 1M, In-Place: 0
[2024-07-21T19:50:27.947+0800][4.284s][gc,reloc    ] GC(4) Medium Pages: 26 / 832M, Empty: 768M, Relocated: 1M, In-Place: 0
[2024-07-21T19:50:27.948+0800][4.284s][gc,reloc    ] GC(4) Large Pages: 0 / 0M, Empty: 0M, Relocated: 0M, In-Place: 0
[2024-07-21T19:50:27.948+0800][4.284s][gc,reloc    ] GC(4) Forwarding Usage: 0M
[2024-07-21T19:50:27.948+0800][4.284s][gc,heap     ] GC(4) Min Capacity: 8M(1%)
[2024-07-21T19:50:27.948+0800][4.284s][gc,heap     ] GC(4) Max Capacity: 1024M(100%)
[2024-07-21T19:50:27.948+0800][4.284s][gc,heap     ] GC(4) Soft Max Capacity: 1024M(100%)
[2024-07-21T19:50:27.948+0800][4.284s][gc,heap     ] GC(4)                Mark Start          Mark End        Relocate Start      Relocate End           High               Low         
[2024-07-21T19:50:27.948+0800][4.284s][gc,heap     ] GC(4)  Capacity:      896M (88%)         896M (88%)         896M (88%)         896M (88%)         896M (88%)         896M (88%)    
[2024-07-21T19:50:27.948+0800][4.284s][gc,heap     ] GC(4)      Free:      182M (18%)         148M (14%)         918M (90%)         952M (93%)         952M (93%)         148M (14%)    
[2024-07-21T19:50:27.948+0800][4.284s][gc,heap     ] GC(4)      Used:      842M (82%)         876M (86%)         106M (10%)          72M (7%)          876M (86%)          72M (7%)     
[2024-07-21T19:50:27.948+0800][4.284s][gc,heap     ] GC(4)      Live:         -                 5M (1%)            5M (1%)            5M (1%)             -                  -          
[2024-07-21T19:50:27.948+0800][4.284s][gc,heap     ] GC(4) Allocated:         -                34M (3%)           34M (3%)           34M (3%)             -                  -          
[2024-07-21T19:50:27.948+0800][4.284s][gc,heap     ] GC(4)   Garbage:         -               836M (82%)          66M (6%)           32M (3%)             -                  -          
[2024-07-21T19:50:27.948+0800][4.284s][gc,heap     ] GC(4) Reclaimed:         -                  -               770M (75%)         804M (79%)            -                  -          
[2024-07-21T19:50:27.948+0800][4.284s][gc          ] GC(4) Garbage Collection (Allocation Rate) 842M(82%)->72M(7%)
[2024-07-21T19:50:29.232+0800][5.568s][gc,start    ] GC(5) Garbage Collection (Allocation Rate)
[2024-07-21T19:50:29.232+0800][5.568s][gc,task     ] GC(5) Using 1 workers
[2024-07-21T19:50:29.232+0800][5.568s][gc,phases   ] GC(5) Pause Mark Start 0.007ms
[2024-07-21T19:50:29.235+0800][5.572s][gc,phases   ] GC(5) Concurrent Mark 3.963ms
[2024-07-21T19:50:29.236+0800][5.573s][gc,phases   ] GC(5) Pause Mark End 0.009ms
[2024-07-21T19:50:29.236+0800][5.573s][gc,phases   ] GC(5) Concurrent Mark Free 0.001ms
[2024-07-21T19:50:29.237+0800][5.574s][gc,phases   ] GC(5) Concurrent Process Non-Strong References 1.192ms
[2024-07-21T19:50:29.237+0800][5.574s][gc,phases   ] GC(5) Concurrent Reset Relocation Set 0.001ms
[2024-07-21T19:50:29.239+0800][5.576s][gc,phases   ] GC(5) Concurrent Select Relocation Set 1.821ms
[2024-07-21T19:50:29.239+0800][5.576s][gc,phases   ] GC(5) Pause Relocate Start 0.007ms
[2024-07-21T19:50:29.241+0800][5.578s][gc,phases   ] GC(5) Concurrent Relocate 2.123ms
[2024-07-21T19:50:29.241+0800][5.578s][gc,load     ] GC(5) Load: 0.00/0.00/0.00
[2024-07-21T19:50:29.241+0800][5.578s][gc,mmu      ] GC(5) MMU: 2ms/98.6%, 5ms/99.3%, 10ms/99.6%, 20ms/99.8%, 50ms/99.9%, 100ms/99.9%
[2024-07-21T19:50:29.242+0800][5.578s][gc,marking  ] GC(5) Mark: 1 stripe(s), 2 proactive flush(es), 1 terminate flush(es), 0 completion(s), 0 continuation(s) 
[2024-07-21T19:50:29.242+0800][5.578s][gc,marking  ] GC(5) Mark Stack Usage: 32M
[2024-07-21T19:50:29.242+0800][5.578s][gc,nmethod  ] GC(5) NMethods: 433 registered, 0 unregistered
[2024-07-21T19:50:29.242+0800][5.578s][gc,metaspace] GC(5) Metaspace: 1M used, 1M committed, 1032M reserved
[2024-07-21T19:50:29.242+0800][5.578s][gc,ref      ] GC(5) Soft: 93 encountered, 0 discovered, 0 enqueued
[2024-07-21T19:50:29.242+0800][5.579s][gc,ref      ] GC(5) Weak: 131 encountered, 107 discovered, 0 enqueued
[2024-07-21T19:50:29.242+0800][5.579s][gc,ref      ] GC(5) Final: 0 encountered, 0 discovered, 0 enqueued
[2024-07-21T19:50:29.242+0800][5.579s][gc,ref      ] GC(5) Phantom: 184 encountered, 98 discovered, 0 enqueued
[2024-07-21T19:50:29.242+0800][5.579s][gc,reloc    ] GC(5) Small Pages: 4 / 8M, Empty: 2M, Relocated: 0M, In-Place: 0
[2024-07-21T19:50:29.242+0800][5.579s][gc,reloc    ] GC(5) Medium Pages: 28 / 896M, Empty: 832M, Relocated: 11M, In-Place: 0
[2024-07-21T19:50:29.242+0800][5.579s][gc,reloc    ] GC(5) Large Pages: 0 / 0M, Empty: 0M, Relocated: 0M, In-Place: 0
[2024-07-21T19:50:29.242+0800][5.579s][gc,reloc    ] GC(5) Forwarding Usage: 0M
[2024-07-21T19:50:29.242+0800][5.579s][gc,heap     ] GC(5) Min Capacity: 8M(1%)
[2024-07-21T19:50:29.242+0800][5.579s][gc,heap     ] GC(5) Max Capacity: 1024M(100%)
[2024-07-21T19:50:29.242+0800][5.579s][gc,heap     ] GC(5) Soft Max Capacity: 1024M(100%)
[2024-07-21T19:50:29.242+0800][5.579s][gc,heap     ] GC(5)                Mark Start          Mark End        Relocate Start      Relocate End           High               Low         
[2024-07-21T19:50:29.242+0800][5.579s][gc,heap     ] GC(5)  Capacity:      928M (91%)         960M (94%)         960M (94%)         960M (94%)         960M (94%)         928M (91%)    
[2024-07-21T19:50:29.242+0800][5.579s][gc,heap     ] GC(5)      Free:      120M (12%)          88M (9%)          920M (90%)         952M (93%)         952M (93%)          86M (8%)     
[2024-07-21T19:50:29.242+0800][5.579s][gc,heap     ] GC(5)      Used:      904M (88%)         936M (91%)         104M (10%)          72M (7%)          938M (92%)          72M (7%)     
[2024-07-21T19:50:29.242+0800][5.579s][gc,heap     ] GC(5)      Live:         -                15M (2%)           15M (2%)           15M (2%)             -                  -          
[2024-07-21T19:50:29.242+0800][5.579s][gc,heap     ] GC(5) Allocated:         -                32M (3%)           34M (3%)           34M (3%)             -                  -          
[2024-07-21T19:50:29.242+0800][5.579s][gc,heap     ] GC(5)   Garbage:         -               888M (87%)          54M (5%)           22M (2%)             -                  -          
[2024-07-21T19:50:29.242+0800][5.579s][gc,heap     ] GC(5) Reclaimed:         -                  -               834M (81%)         866M (85%)            -                  -          
[2024-07-21T19:50:29.242+0800][5.579s][gc          ] GC(5) Garbage Collection (Allocation Rate) 904M(88%)->72M(7%)
[2024-07-21T19:50:30.337+0800][6.673s][gc,start    ] GC(6) Garbage Collection (Proactive)
[2024-07-21T19:50:30.337+0800][6.673s][gc,task     ] GC(6) Using 2 workers
[2024-07-21T19:50:30.337+0800][6.673s][gc,phases   ] GC(6) Pause Mark Start 0.008ms
[2024-07-21T19:50:30.353+0800][6.689s][gc,phases   ] GC(6) Concurrent Mark 15.560ms
[2024-07-21T19:50:30.353+0800][6.689s][gc,phases   ] GC(6) Pause Mark End 0.015ms
[2024-07-21T19:50:30.353+0800][6.689s][gc,phases   ] GC(6) Concurrent Mark Free 0.001ms
[2024-07-21T19:50:30.353+0800][6.690s][gc,phases   ] GC(6) Concurrent Process Non-Strong References 0.759ms
[2024-07-21T19:50:30.353+0800][6.690s][gc,phases   ] GC(6) Concurrent Reset Relocation Set 0.001ms
[2024-07-21T19:50:30.356+0800][6.693s][gc,phases   ] GC(6) Concurrent Select Relocation Set 3.197ms
[2024-07-21T19:50:30.357+0800][6.694s][gc,phases   ] GC(6) Pause Relocate Start 0.008ms
[2024-07-21T19:50:30.360+0800][6.697s][gc,phases   ] GC(6) Concurrent Relocate 3.119ms
[2024-07-21T19:50:30.360+0800][6.697s][gc,load     ] GC(6) Load: 0.00/0.00/0.00
[2024-07-21T19:50:30.360+0800][6.697s][gc,mmu      ] GC(6) MMU: 2ms/98.6%, 5ms/99.3%, 10ms/99.6%, 20ms/99.8%, 50ms/99.9%, 100ms/99.9%
[2024-07-21T19:50:30.360+0800][6.697s][gc,marking  ] GC(6) Mark: 2 stripe(s), 2 proactive flush(es), 1 terminate flush(es), 0 completion(s), 0 continuation(s) 
[2024-07-21T19:50:30.360+0800][6.697s][gc,marking  ] GC(6) Mark Stack Usage: 32M
[2024-07-21T19:50:30.360+0800][6.697s][gc,nmethod  ] GC(6) NMethods: 436 registered, 0 unregistered
[2024-07-21T19:50:30.360+0800][6.697s][gc,metaspace] GC(6) Metaspace: 1M used, 1M committed, 1032M reserved
[2024-07-21T19:50:30.360+0800][6.697s][gc,ref      ] GC(6) Soft: 93 encountered, 0 discovered, 0 enqueued
[2024-07-21T19:50:30.360+0800][6.697s][gc,ref      ] GC(6) Weak: 131 encountered, 0 discovered, 0 enqueued
[2024-07-21T19:50:30.360+0800][6.697s][gc,ref      ] GC(6) Final: 0 encountered, 0 discovered, 0 enqueued
[2024-07-21T19:50:30.360+0800][6.697s][gc,ref      ] GC(6) Phantom: 184 encountered, 119 discovered, 0 enqueued
[2024-07-21T19:50:30.360+0800][6.697s][gc,reloc    ] GC(6) Small Pages: 4 / 8M, Empty: 2M, Relocated: 0M, In-Place: 0
[2024-07-21T19:50:30.360+0800][6.697s][gc,reloc    ] GC(6) Medium Pages: 23 / 736M, Empty: 672M, Relocated: 13M, In-Place: 0
[2024-07-21T19:50:30.360+0800][6.697s][gc,reloc    ] GC(6) Large Pages: 0 / 0M, Empty: 0M, Relocated: 0M, In-Place: 0
[2024-07-21T19:50:30.360+0800][6.697s][gc,reloc    ] GC(6) Forwarding Usage: 0M
[2024-07-21T19:50:30.360+0800][6.697s][gc,heap     ] GC(6) Min Capacity: 8M(1%)
[2024-07-21T19:50:30.360+0800][6.697s][gc,heap     ] GC(6) Max Capacity: 1024M(100%)
[2024-07-21T19:50:30.360+0800][6.697s][gc,heap     ] GC(6) Soft Max Capacity: 1024M(100%)
[2024-07-21T19:50:30.360+0800][6.697s][gc,heap     ] GC(6)                Mark Start          Mark End        Relocate Start      Relocate End           High               Low         
[2024-07-21T19:50:30.360+0800][6.697s][gc,heap     ] GC(6)  Capacity:      960M (94%)         960M (94%)         960M (94%)         960M (94%)         960M (94%)         960M (94%)    
[2024-07-21T19:50:30.360+0800][6.697s][gc,heap     ] GC(6)      Free:      280M (27%)         246M (24%)         920M (90%)         952M (93%)         952M (93%)         246M (24%)    
[2024-07-21T19:50:30.360+0800][6.697s][gc,heap     ] GC(6)      Used:      744M (73%)         778M (76%)         104M (10%)          72M (7%)          778M (76%)          72M (7%)     
[2024-07-21T19:50:30.360+0800][6.697s][gc,heap     ] GC(6)      Live:         -                17M (2%)           17M (2%)           17M (2%)             -                  -          
[2024-07-21T19:50:30.360+0800][6.697s][gc,heap     ] GC(6) Allocated:         -                34M (3%)           34M (3%)           34M (3%)             -                  -          
[2024-07-21T19:50:30.360+0800][6.697s][gc,heap     ] GC(6)   Garbage:         -               726M (71%)          52M (5%)           20M (2%)             -                  -          
[2024-07-21T19:50:30.360+0800][6.697s][gc,heap     ] GC(6) Reclaimed:         -                  -               674M (66%)         706M (69%)            -                  -          
[2024-07-21T19:50:30.360+0800][6.697s][gc          ] GC(6) Garbage Collection (Proactive) 744M(73%)->72M(7%)
[2024-07-21T19:50:31.636+0800][7.972s][gc,start    ] GC(7) Garbage Collection (Allocation Rate)
[2024-07-21T19:50:31.636+0800][7.973s][gc,task     ] GC(7) Using 1 workers
[2024-07-21T19:50:31.636+0800][7.973s][gc,phases   ] GC(7) Pause Mark Start 0.013ms
[2024-07-21T19:50:31.640+0800][7.977s][gc,phases   ] GC(7) Concurrent Mark 3.814ms
[2024-07-21T19:50:31.641+0800][7.977s][gc,phases   ] GC(7) Pause Mark End 0.008ms
[2024-07-21T19:50:31.641+0800][7.977s][gc,phases   ] GC(7) Concurrent Mark Free 0.001ms
[2024-07-21T19:50:31.642+0800][7.978s][gc,phases   ] GC(7) Concurrent Process Non-Strong References 1.088ms
[2024-07-21T19:50:31.642+0800][7.978s][gc,phases   ] GC(7) Concurrent Reset Relocation Set 0.001ms
[2024-07-21T19:50:31.645+0800][7.981s][gc,phases   ] GC(7) Concurrent Select Relocation Set 2.690ms
[2024-07-21T19:50:31.645+0800][7.981s][gc,phases   ] GC(7) Pause Relocate Start 0.009ms
[2024-07-21T19:50:31.646+0800][7.982s][gc,phases   ] GC(7) Concurrent Relocate 0.794ms
[2024-07-21T19:50:31.646+0800][7.982s][gc,load     ] GC(7) Load: 0.00/0.00/0.00
[2024-07-21T19:50:31.646+0800][7.982s][gc,mmu      ] GC(7) MMU: 2ms/98.6%, 5ms/99.3%, 10ms/99.6%, 20ms/99.8%, 50ms/99.9%, 100ms/99.9%
[2024-07-21T19:50:31.646+0800][7.982s][gc,marking  ] GC(7) Mark: 1 stripe(s), 2 proactive flush(es), 1 terminate flush(es), 0 completion(s), 0 continuation(s) 
[2024-07-21T19:50:31.646+0800][7.982s][gc,marking  ] GC(7) Mark Stack Usage: 32M
[2024-07-21T19:50:31.646+0800][7.982s][gc,nmethod  ] GC(7) NMethods: 446 registered, 0 unregistered
[2024-07-21T19:50:31.646+0800][7.982s][gc,metaspace] GC(7) Metaspace: 1M used, 1M committed, 1032M reserved
[2024-07-21T19:50:31.646+0800][7.982s][gc,ref      ] GC(7) Soft: 93 encountered, 0 discovered, 0 enqueued
[2024-07-21T19:50:31.646+0800][7.982s][gc,ref      ] GC(7) Weak: 131 encountered, 107 discovered, 0 enqueued
[2024-07-21T19:50:31.646+0800][7.982s][gc,ref      ] GC(7) Final: 0 encountered, 0 discovered, 0 enqueued
[2024-07-21T19:50:31.646+0800][7.982s][gc,ref      ] GC(7) Phantom: 184 encountered, 98 discovered, 0 enqueued
[2024-07-21T19:50:31.646+0800][7.982s][gc,reloc    ] GC(7) Small Pages: 4 / 8M, Empty: 2M, Relocated: 0M, In-Place: 0
[2024-07-21T19:50:31.646+0800][7.982s][gc,reloc    ] GC(7) Medium Pages: 28 / 896M, Empty: 832M, Relocated: 1M, In-Place: 0
[2024-07-21T19:50:31.646+0800][7.982s][gc,reloc    ] GC(7) Large Pages: 0 / 0M, Empty: 0M, Relocated: 0M, In-Place: 0
[2024-07-21T19:50:31.646+0800][7.982s][gc,reloc    ] GC(7) Forwarding Usage: 0M
[2024-07-21T19:50:31.646+0800][7.982s][gc,heap     ] GC(7) Min Capacity: 8M(1%)
[2024-07-21T19:50:31.646+0800][7.983s][gc,heap     ] GC(7) Max Capacity: 1024M(100%)
[2024-07-21T19:50:31.646+0800][7.983s][gc,heap     ] GC(7) Soft Max Capacity: 1024M(100%)
[2024-07-21T19:50:31.646+0800][7.983s][gc,heap     ] GC(7)                Mark Start          Mark End        Relocate Start      Relocate End           High               Low         
[2024-07-21T19:50:31.646+0800][7.983s][gc,heap     ] GC(7)  Capacity:      960M (94%)         960M (94%)         960M (94%)         960M (94%)         960M (94%)         960M (94%)    
[2024-07-21T19:50:31.646+0800][7.983s][gc,heap     ] GC(7)      Free:      120M (12%)          86M (8%)          920M (90%)         952M (93%)         952M (93%)          86M (8%)     
[2024-07-21T19:50:31.646+0800][7.983s][gc,heap     ] GC(7)      Used:      904M (88%)         938M (92%)         104M (10%)          72M (7%)          938M (92%)          72M (7%)     
[2024-07-21T19:50:31.646+0800][7.983s][gc,heap     ] GC(7)      Live:         -                 5M (1%)            5M (1%)            5M (1%)             -                  -          
[2024-07-21T19:50:31.646+0800][7.983s][gc,heap     ] GC(7) Allocated:         -                34M (3%)           34M (3%)           34M (3%)             -                  -          
[2024-07-21T19:50:31.646+0800][7.983s][gc,heap     ] GC(7)   Garbage:         -               898M (88%)          64M (6%)           32M (3%)             -                  -          
[2024-07-21T19:50:31.646+0800][7.983s][gc,heap     ] GC(7) Reclaimed:         -                  -               834M (81%)         866M (85%)            -                  -          
[2024-07-21T19:50:31.646+0800][7.983s][gc          ] GC(7) Garbage Collection (Allocation Rate) 904M(88%)->72M(7%)
[2024-07-21T19:50:32.930+0800][9.266s][gc,start    ] GC(8) Garbage Collection (Allocation Rate)
[2024-07-21T19:50:32.930+0800][9.266s][gc,task     ] GC(8) Using 1 workers
[2024-07-21T19:50:32.930+0800][9.267s][gc,phases   ] GC(8) Pause Mark Start 0.009ms
[2024-07-21T19:50:32.934+0800][9.270s][gc,phases   ] GC(8) Concurrent Mark 3.557ms
[2024-07-21T19:50:32.934+0800][9.271s][gc,phases   ] GC(8) Pause Mark End 0.009ms
[2024-07-21T19:50:32.934+0800][9.271s][gc,phases   ] GC(8) Concurrent Mark Free 0.001ms
[2024-07-21T19:50:32.936+0800][9.272s][gc,phases   ] GC(8) Concurrent Process Non-Strong References 1.152ms
[2024-07-21T19:50:32.936+0800][9.272s][gc,phases   ] GC(8) Concurrent Reset Relocation Set 0.001ms
[2024-07-21T19:50:32.938+0800][9.274s][gc,phases   ] GC(8) Concurrent Select Relocation Set 2.112ms
[2024-07-21T19:50:32.938+0800][9.274s][gc,phases   ] GC(8) Pause Relocate Start 0.004ms
[2024-07-21T19:50:32.939+0800][9.275s][gc,phases   ] GC(8) Concurrent Relocate 1.072ms
[2024-07-21T19:50:32.939+0800][9.275s][gc,load     ] GC(8) Load: 0.00/0.00/0.00
[2024-07-21T19:50:32.939+0800][9.275s][gc,mmu      ] GC(8) MMU: 2ms/98.6%, 5ms/99.3%, 10ms/99.6%, 20ms/99.8%, 50ms/99.9%, 100ms/99.9%
[2024-07-21T19:50:32.939+0800][9.275s][gc,marking  ] GC(8) Mark: 1 stripe(s), 2 proactive flush(es), 1 terminate flush(es), 0 completion(s), 0 continuation(s) 
[2024-07-21T19:50:32.939+0800][9.276s][gc,marking  ] GC(8) Mark Stack Usage: 32M
[2024-07-21T19:50:32.939+0800][9.276s][gc,nmethod  ] GC(8) NMethods: 457 registered, 0 unregistered
[2024-07-21T19:50:32.939+0800][9.276s][gc,metaspace] GC(8) Metaspace: 1M used, 1M committed, 1032M reserved
[2024-07-21T19:50:32.939+0800][9.276s][gc,ref      ] GC(8) Soft: 93 encountered, 0 discovered, 0 enqueued
[2024-07-21T19:50:32.939+0800][9.276s][gc,ref      ] GC(8) Weak: 131 encountered, 107 discovered, 0 enqueued
[2024-07-21T19:50:32.939+0800][9.276s][gc,ref      ] GC(8) Final: 0 encountered, 0 discovered, 0 enqueued
[2024-07-21T19:50:32.939+0800][9.276s][gc,ref      ] GC(8) Phantom: 184 encountered, 98 discovered, 0 enqueued
[2024-07-21T19:50:32.939+0800][9.276s][gc,reloc    ] GC(8) Small Pages: 4 / 8M, Empty: 0M, Relocated: 1M, In-Place: 0
[2024-07-21T19:50:32.939+0800][9.276s][gc,reloc    ] GC(8) Medium Pages: 28 / 896M, Empty: 832M, Relocated: 1M, In-Place: 0
[2024-07-21T19:50:32.939+0800][9.276s][gc,reloc    ] GC(8) Large Pages: 0 / 0M, Empty: 0M, Relocated: 0M, In-Place: 0
[2024-07-21T19:50:32.939+0800][9.276s][gc,reloc    ] GC(8) Forwarding Usage: 0M
[2024-07-21T19:50:32.939+0800][9.276s][gc,heap     ] GC(8) Min Capacity: 8M(1%)
[2024-07-21T19:50:32.939+0800][9.276s][gc,heap     ] GC(8) Max Capacity: 1024M(100%)
[2024-07-21T19:50:32.939+0800][9.276s][gc,heap     ] GC(8) Soft Max Capacity: 1024M(100%)
[2024-07-21T19:50:32.939+0800][9.276s][gc,heap     ] GC(8)                Mark Start          Mark End        Relocate Start      Relocate End           High               Low         
[2024-07-21T19:50:32.939+0800][9.276s][gc,heap     ] GC(8)  Capacity:      960M (94%)         960M (94%)         960M (94%)         960M (94%)         960M (94%)         960M (94%)    
[2024-07-21T19:50:32.939+0800][9.276s][gc,heap     ] GC(8)      Free:      120M (12%)          86M (8%)          918M (90%)         952M (93%)         952M (93%)          86M (8%)     
[2024-07-21T19:50:32.940+0800][9.276s][gc,heap     ] GC(8)      Used:      904M (88%)         938M (92%)         106M (10%)          72M (7%)          938M (92%)          72M (7%)     
[2024-07-21T19:50:32.940+0800][9.276s][gc,heap     ] GC(8)      Live:         -                 5M (1%)            5M (1%)            5M (1%)             -                  -          
[2024-07-21T19:50:32.940+0800][9.276s][gc,heap     ] GC(8) Allocated:         -                34M (3%)           34M (3%)           34M (3%)             -                  -          
[2024-07-21T19:50:32.940+0800][9.276s][gc,heap     ] GC(8)   Garbage:         -               898M (88%)          66M (6%)           32M (3%)             -                  -          
[2024-07-21T19:50:32.940+0800][9.276s][gc,heap     ] GC(8) Reclaimed:         -                  -               832M (81%)         866M (85%)            -                  -          
[2024-07-21T19:50:32.940+0800][9.276s][gc          ] GC(8) Garbage Collection (Allocation Rate) 904M(88%)->72M(7%)
[2024-07-21T19:50:33.735+0800][10.071s][gc,stats    ] === Garbage Collection Statistics =======================================================================================================================
[2024-07-21T19:50:33.735+0800][10.072s][gc,stats    ]                                                              Last 10s              Last 10m              Last 10h                Total
[2024-07-21T19:50:33.735+0800][10.072s][gc,stats    ]                                                              Avg / Max             Avg / Max             Avg / Max             Avg / Max
[2024-07-21T19:50:33.735+0800][10.072s][gc,stats    ]   Collector: Garbage Collection Cycle                     17.913 / 32.949       17.913 / 32.949       17.913 / 32.949       17.913 / 32.949      ms
[2024-07-21T19:50:33.735+0800][10.072s][gc,stats    ]  Contention: Mark Segment Reset Contention                     0 / 1                 0 / 1                 0 / 1                 0 / 1           ops/s
[2024-07-21T19:50:33.735+0800][10.072s][gc,stats    ]  Contention: Mark SeqNum Reset Contention                      0 / 0                 0 / 0                 0 / 0                 0 / 0           ops/s
[2024-07-21T19:50:33.735+0800][10.072s][gc,stats    ]    Critical: Allocation Stall                                  0 / 0                 0 / 0                 0 / 0                 0 / 0           ops/s
[2024-07-21T19:50:33.735+0800][10.072s][gc,stats    ]    Critical: Allocation Stall                              0.000 / 0.000         0.000 / 0.000         0.000 / 0.000         0.000 / 0.000       ms
[2024-07-21T19:50:33.735+0800][10.072s][gc,stats    ]    Critical: GC Locker Stall                                   0 / 0                 0 / 0                 0 / 0                 0 / 0           ops/s
[2024-07-21T19:50:33.735+0800][10.072s][gc,stats    ]    Critical: GC Locker Stall                               0.000 / 0.000         0.000 / 0.000         0.000 / 0.000         0.000 / 0.000       ms
[2024-07-21T19:50:33.735+0800][10.072s][gc,stats    ]    Critical: Relocation Stall                                  0 / 0                 0 / 0                 0 / 0                 0 / 0           ops/s
[2024-07-21T19:50:33.735+0800][10.072s][gc,stats    ]    Critical: Relocation Stall                              0.000 / 0.000         0.000 / 0.000         0.000 / 0.000         0.000 / 0.000       ms
[2024-07-21T19:50:33.736+0800][10.072s][gc,stats    ]      Memory: Allocation Rate                                 608 / 676             608 / 676             608 / 676             608 / 676         MB/s
[2024-07-21T19:50:33.736+0800][10.072s][gc,stats    ]      Memory: Out Of Memory                                     0 / 0                 0 / 0                 0 / 0                 0 / 0           ops/s
[2024-07-21T19:50:33.736+0800][10.072s][gc,stats    ]      Memory: Page Cache Flush                                  0 / 0                 0 / 0                 0 / 0                 0 / 0           MB/s
[2024-07-21T19:50:33.736+0800][10.072s][gc,stats    ]      Memory: Page Cache Hit L1                                18 / 25               18 / 25               18 / 25               18 / 25          ops/s
[2024-07-21T19:50:33.736+0800][10.072s][gc,stats    ]      Memory: Page Cache Hit L2                                 0 / 0                 0 / 0                 0 / 0                 0 / 0           ops/s
[2024-07-21T19:50:33.736+0800][10.072s][gc,stats    ]      Memory: Page Cache Hit L3                                 1 / 15                1 / 15                1 / 15                1 / 15          ops/s
[2024-07-21T19:50:33.736+0800][10.072s][gc,stats    ]      Memory: Page Cache Miss                                   2 / 12                2 / 12                2 / 12                2 / 12          ops/s
[2024-07-21T19:50:33.736+0800][10.072s][gc,stats    ]      Memory: Uncommit                                          0 / 0                 0 / 0                 0 / 0                 0 / 0           MB/s
[2024-07-21T19:50:33.736+0800][10.072s][gc,stats    ]      Memory: Undo Object Allocation Failed                     0 / 0                 0 / 0                 0 / 0                 0 / 0           ops/s
[2024-07-21T19:50:33.736+0800][10.072s][gc,stats    ]      Memory: Undo Object Allocation Succeeded                  0 / 0                 0 / 0                 0 / 0                 0 / 0           ops/s
[2024-07-21T19:50:33.736+0800][10.072s][gc,stats    ]      Memory: Undo Page Allocation                              0 / 0                 0 / 0                 0 / 0                 0 / 0           ops/s
[2024-07-21T19:50:33.736+0800][10.072s][gc,stats    ]       Phase: Concurrent Mark                               9.324 / 15.674        9.324 / 15.674        9.324 / 15.674        9.324 / 15.674      ms
[2024-07-21T19:50:33.736+0800][10.072s][gc,stats    ]       Phase: Concurrent Mark Continue                      0.000 / 0.000         0.000 / 0.000         0.000 / 0.000         0.000 / 0.000       ms
[2024-07-21T19:50:33.736+0800][10.072s][gc,stats    ]       Phase: Concurrent Mark Free                          0.001 / 0.001         0.001 / 0.001         0.001 / 0.001         0.001 / 0.001       ms
[2024-07-21T19:50:33.736+0800][10.072s][gc,stats    ]       Phase: Concurrent Process Non-Strong References      0.924 / 1.192         0.924 / 1.192         0.924 / 1.192         0.924 / 1.192       ms
[2024-07-21T19:50:33.736+0800][10.072s][gc,stats    ]       Phase: Concurrent Relocate                           2.701 / 7.379         2.701 / 7.379         2.701 / 7.379         2.701 / 7.379       ms
[2024-07-21T19:50:33.736+0800][10.072s][gc,stats    ]       Phase: Concurrent Reset Relocation Set               0.001 / 0.003         0.001 / 0.003         0.001 / 0.003         0.001 / 0.003       ms
[2024-07-21T19:50:33.736+0800][10.072s][gc,stats    ]       Phase: Concurrent Select Relocation Set              3.587 / 9.522         3.587 / 9.522         3.587 / 9.522         3.587 / 9.522       ms
[2024-07-21T19:50:33.736+0800][10.072s][gc,stats    ]       Phase: Pause Mark End                                0.014 / 0.028         0.014 / 0.028         0.014 / 0.028         0.014 / 0.028       ms
[2024-07-21T19:50:33.736+0800][10.072s][gc,stats    ]       Phase: Pause Mark Start                              0.008 / 0.013         0.008 / 0.013         0.008 / 0.013         0.008 / 0.013       ms
[2024-07-21T19:50:33.736+0800][10.073s][gc,stats    ]       Phase: Pause Relocate Start                          0.009 / 0.024         0.009 / 0.024         0.009 / 0.024         0.009 / 0.024       ms
[2024-07-21T19:50:33.736+0800][10.073s][gc,stats    ]    Subphase: Concurrent Classes Purge                      0.084 / 0.147         0.084 / 0.147         0.084 / 0.147         0.084 / 0.147       ms
[2024-07-21T19:50:33.736+0800][10.073s][gc,stats    ]    Subphase: Concurrent Classes Unlink                     0.416 / 0.530         0.416 / 0.530         0.416 / 0.530         0.416 / 0.530       ms
[2024-07-21T19:50:33.736+0800][10.073s][gc,stats    ]    Subphase: Concurrent Mark                               6.974 / 15.153        6.974 / 15.153        6.974 / 15.153        6.974 / 15.153      ms
[2024-07-21T19:50:33.736+0800][10.073s][gc,stats    ]    Subphase: Concurrent Mark Try Flush                     0.114 / 0.247         0.114 / 0.247         0.114 / 0.247         0.114 / 0.247       ms
[2024-07-21T19:50:33.736+0800][10.073s][gc,stats    ]    Subphase: Concurrent Mark Try Terminate                 2.309 / 13.596        2.309 / 13.596        2.309 / 13.596        2.309 / 13.596      ms
[2024-07-21T19:50:33.736+0800][10.073s][gc,stats    ]    Subphase: Concurrent References Enqueue                 0.001 / 0.005         0.001 / 0.005         0.001 / 0.005         0.001 / 0.005       ms
[2024-07-21T19:50:33.736+0800][10.073s][gc,stats    ]    Subphase: Concurrent References Process                 0.093 / 0.126         0.093 / 0.126         0.093 / 0.126         0.093 / 0.126       ms
[2024-07-21T19:50:33.736+0800][10.073s][gc,stats    ]    Subphase: Concurrent Roots ClassLoaderDataGraph         0.065 / 0.164         0.065 / 0.164         0.065 / 0.164         0.065 / 0.164       ms
[2024-07-21T19:50:33.736+0800][10.073s][gc,stats    ]    Subphase: Concurrent Roots CodeCache                    0.000 / 0.000         0.000 / 0.000         0.000 / 0.000         0.000 / 0.000       ms
[2024-07-21T19:50:33.736+0800][10.073s][gc,stats    ]    Subphase: Concurrent Roots JavaThreads                  0.253 / 0.484         0.253 / 0.484         0.253 / 0.484         0.253 / 0.484       ms
[2024-07-21T19:50:33.736+0800][10.073s][gc,stats    ]    Subphase: Concurrent Roots OopStorageSet                0.018 / 0.049         0.018 / 0.049         0.018 / 0.049         0.018 / 0.049       ms
[2024-07-21T19:50:33.736+0800][10.073s][gc,stats    ]    Subphase: Concurrent Weak Roots OopStorageSet           0.129 / 0.294         0.129 / 0.294         0.129 / 0.294         0.129 / 0.294       ms
[2024-07-21T19:50:33.736+0800][10.073s][gc,stats    ]    Subphase: Pause Mark Try Complete                       0.000 / 0.000         0.000 / 0.000         0.000 / 0.000         0.000 / 0.000       ms
[2024-07-21T19:50:33.736+0800][10.073s][gc,stats    ]      System: Java Threads                                     13 / 13               13 / 13               13 / 13               13 / 13          threads
[2024-07-21T19:50:33.736+0800][10.073s][gc,stats    ] =========================================================================================================================================================
[2024-07-21T19:50:34.035+0800][10.372s][gc,start    ] GC(9) Garbage Collection (Proactive)
[2024-07-21T19:50:34.035+0800][10.372s][gc,task     ] GC(9) Using 2 workers
[2024-07-21T19:50:34.035+0800][10.372s][gc,phases   ] GC(9) Pause Mark Start 0.008ms
[2024-07-21T19:50:34.051+0800][10.388s][gc,phases   ] GC(9) Concurrent Mark 15.442ms
[2024-07-21T19:50:34.052+0800][10.388s][gc,phases   ] GC(9) Pause Mark End 0.041ms
[2024-07-21T19:50:34.052+0800][10.388s][gc,phases   ] GC(9) Concurrent Mark Free 0.002ms
[2024-07-21T19:50:34.052+0800][10.389s][gc,phases   ] GC(9) Concurrent Process Non-Strong References 0.848ms
[2024-07-21T19:50:34.052+0800][10.389s][gc,phases   ] GC(9) Concurrent Reset Relocation Set 0.001ms
[2024-07-21T19:50:34.056+0800][10.392s][gc,phases   ] GC(9) Concurrent Select Relocation Set 3.396ms
[2024-07-21T19:50:34.056+0800][10.393s][gc,phases   ] GC(9) Pause Relocate Start 0.015ms
[2024-07-21T19:50:34.059+0800][10.396s][gc,phases   ] GC(9) Concurrent Relocate 3.405ms
[2024-07-21T19:50:34.060+0800][10.397s][gc,load     ] GC(9) Load: 0.00/0.00/0.00
[2024-07-21T19:50:34.060+0800][10.397s][gc,mmu      ] GC(9) MMU: 2ms/98.0%, 5ms/98.9%, 10ms/99.4%, 20ms/99.7%, 50ms/99.9%, 100ms/99.9%
[2024-07-21T19:50:34.060+0800][10.397s][gc,marking  ] GC(9) Mark: 2 stripe(s), 2 proactive flush(es), 1 terminate flush(es), 0 completion(s), 0 continuation(s) 
[2024-07-21T19:50:34.060+0800][10.397s][gc,marking  ] GC(9) Mark Stack Usage: 32M
[2024-07-21T19:50:34.060+0800][10.397s][gc,nmethod  ] GC(9) NMethods: 457 registered, 0 unregistered
[2024-07-21T19:50:34.060+0800][10.397s][gc,metaspace] GC(9) Metaspace: 1M used, 1M committed, 1032M reserved
[2024-07-21T19:50:34.060+0800][10.397s][gc,ref      ] GC(9) Soft: 93 encountered, 0 discovered, 0 enqueued
[2024-07-21T19:50:34.060+0800][10.397s][gc,ref      ] GC(9) Weak: 131 encountered, 0 discovered, 0 enqueued
[2024-07-21T19:50:34.060+0800][10.397s][gc,ref      ] GC(9) Final: 0 encountered, 0 discovered, 0 enqueued
[2024-07-21T19:50:34.060+0800][10.397s][gc,ref      ] GC(9) Phantom: 184 encountered, 169 discovered, 0 enqueued
[2024-07-21T19:50:34.060+0800][10.397s][gc,reloc    ] GC(9) Small Pages: 4 / 8M, Empty: 2M, Relocated: 0M, In-Place: 0
[2024-07-21T19:50:34.060+0800][10.397s][gc,reloc    ] GC(9) Medium Pages: 24 / 768M, Empty: 704M, Relocated: 12M, In-Place: 0
[2024-07-21T19:50:34.060+0800][10.397s][gc,reloc    ] GC(9) Large Pages: 0 / 0M, Empty: 0M, Relocated: 0M, In-Place: 0
[2024-07-21T19:50:34.060+0800][10.397s][gc,reloc    ] GC(9) Forwarding Usage: 0M
[2024-07-21T19:50:34.060+0800][10.397s][gc,heap     ] GC(9) Min Capacity: 8M(1%)
[2024-07-21T19:50:34.060+0800][10.397s][gc,heap     ] GC(9) Max Capacity: 1024M(100%)
[2024-07-21T19:50:34.060+0800][10.397s][gc,heap     ] GC(9) Soft Max Capacity: 1024M(100%)
[2024-07-21T19:50:34.060+0800][10.397s][gc,heap     ] GC(9)                Mark Start          Mark End        Relocate Start      Relocate End           High               Low         
[2024-07-21T19:50:34.060+0800][10.397s][gc,heap     ] GC(9)  Capacity:      960M (94%)         960M (94%)         960M (94%)         960M (94%)         960M (94%)         960M (94%)    
[2024-07-21T19:50:34.060+0800][10.397s][gc,heap     ] GC(9)      Free:      248M (24%)         214M (21%)         920M (90%)         952M (93%)         952M (93%)         214M (21%)    
[2024-07-21T19:50:34.060+0800][10.397s][gc,heap     ] GC(9)      Used:      776M (76%)         810M (79%)         104M (10%)          72M (7%)          810M (79%)          72M (7%)     
[2024-07-21T19:50:34.060+0800][10.397s][gc,heap     ] GC(9)      Live:         -                16M (2%)           16M (2%)           16M (2%)             -                  -          
[2024-07-21T19:50:34.060+0800][10.397s][gc,heap     ] GC(9) Allocated:         -                34M (3%)           34M (3%)           34M (3%)             -                  -          
[2024-07-21T19:50:34.060+0800][10.397s][gc,heap     ] GC(9)   Garbage:         -               759M (74%)          53M (5%)           21M (2%)             -                  -          
[2024-07-21T19:50:34.060+0800][10.397s][gc,heap     ] GC(9) Reclaimed:         -                  -               706M (69%)         738M (72%)            -                  -          
[2024-07-21T19:50:34.060+0800][10.397s][gc          ] GC(9) Garbage Collection (Proactive) 776M(76%)->72M(7%)
[2024-07-21T19:50:35.334+0800][11.670s][gc,start    ] GC(10) Garbage Collection (Allocation Rate)
[2024-07-21T19:50:35.334+0800][11.670s][gc,task     ] GC(10) Using 1 workers
[2024-07-21T19:50:35.334+0800][11.670s][gc,phases   ] GC(10) Pause Mark Start 0.012ms
[2024-07-21T19:50:35.338+0800][11.675s][gc,phases   ] GC(10) Concurrent Mark 4.376ms
[2024-07-21T19:50:35.338+0800][11.675s][gc,phases   ] GC(10) Pause Mark End 0.027ms
[2024-07-21T19:50:35.338+0800][11.675s][gc,phases   ] GC(10) Concurrent Mark Free 0.001ms
[2024-07-21T19:50:35.339+0800][11.676s][gc,phases   ] GC(10) Concurrent Process Non-Strong References 1.129ms
[2024-07-21T19:50:35.339+0800][11.676s][gc,phases   ] GC(10) Concurrent Reset Relocation Set 0.001ms
[2024-07-21T19:50:35.341+0800][11.678s][gc,phases   ] GC(10) Concurrent Select Relocation Set 2.112ms
[2024-07-21T19:50:35.342+0800][11.679s][gc,phases   ] GC(10) Pause Relocate Start 0.029ms
[2024-07-21T19:50:35.344+0800][11.681s][gc,phases   ] GC(10) Concurrent Relocate 1.970ms
[2024-07-21T19:50:35.344+0800][11.681s][gc,load     ] GC(10) Load: 0.00/0.00/0.00
[2024-07-21T19:50:35.344+0800][11.681s][gc,mmu      ] GC(10) MMU: 2ms/98.0%, 5ms/98.9%, 10ms/99.3%, 20ms/99.7%, 50ms/99.9%, 100ms/99.9%
[2024-07-21T19:50:35.344+0800][11.681s][gc,marking  ] GC(10) Mark: 1 stripe(s), 2 proactive flush(es), 1 terminate flush(es), 0 completion(s), 0 continuation(s) 
[2024-07-21T19:50:35.344+0800][11.681s][gc,marking  ] GC(10) Mark Stack Usage: 32M
[2024-07-21T19:50:35.344+0800][11.681s][gc,nmethod  ] GC(10) NMethods: 462 registered, 0 unregistered
[2024-07-21T19:50:35.344+0800][11.681s][gc,metaspace] GC(10) Metaspace: 1M used, 1M committed, 1032M reserved
[2024-07-21T19:50:35.344+0800][11.681s][gc,ref      ] GC(10) Soft: 93 encountered, 0 discovered, 0 enqueued
[2024-07-21T19:50:35.344+0800][11.681s][gc,ref      ] GC(10) Weak: 131 encountered, 107 discovered, 0 enqueued
[2024-07-21T19:50:35.344+0800][11.681s][gc,ref      ] GC(10) Final: 0 encountered, 0 discovered, 0 enqueued
[2024-07-21T19:50:35.344+0800][11.681s][gc,ref      ] GC(10) Phantom: 184 encountered, 98 discovered, 0 enqueued
[2024-07-21T19:50:35.344+0800][11.681s][gc,reloc    ] GC(10) Small Pages: 4 / 8M, Empty: 2M, Relocated: 0M, In-Place: 0
[2024-07-21T19:50:35.344+0800][11.681s][gc,reloc    ] GC(10) Medium Pages: 28 / 896M, Empty: 832M, Relocated: 4M, In-Place: 0
[2024-07-21T19:50:35.344+0800][11.681s][gc,reloc    ] GC(10) Large Pages: 0 / 0M, Empty: 0M, Relocated: 0M, In-Place: 0
[2024-07-21T19:50:35.344+0800][11.681s][gc,reloc    ] GC(10) Forwarding Usage: 0M
[2024-07-21T19:50:35.344+0800][11.681s][gc,heap     ] GC(10) Min Capacity: 8M(1%)
[2024-07-21T19:50:35.344+0800][11.681s][gc,heap     ] GC(10) Max Capacity: 1024M(100%)
[2024-07-21T19:50:35.344+0800][11.681s][gc,heap     ] GC(10) Soft Max Capacity: 1024M(100%)
[2024-07-21T19:50:35.344+0800][11.681s][gc,heap     ] GC(10)                Mark Start          Mark End        Relocate Start      Relocate End           High               Low         
[2024-07-21T19:50:35.344+0800][11.681s][gc,heap     ] GC(10)  Capacity:      960M (94%)         960M (94%)         960M (94%)         960M (94%)         960M (94%)         960M (94%)    
[2024-07-21T19:50:35.344+0800][11.681s][gc,heap     ] GC(10)      Free:      120M (12%)          86M (8%)          920M (90%)         952M (93%)         952M (93%)          86M (8%)     
[2024-07-21T19:50:35.344+0800][11.681s][gc,heap     ] GC(10)      Used:      904M (88%)         938M (92%)         104M (10%)          72M (7%)          938M (92%)          72M (7%)     
[2024-07-21T19:50:35.344+0800][11.681s][gc,heap     ] GC(10)      Live:         -                 8M (1%)            8M (1%)            8M (1%)             -                  -          
[2024-07-21T19:50:35.344+0800][11.681s][gc,heap     ] GC(10) Allocated:         -                34M (3%)           34M (3%)           34M (3%)             -                  -          
[2024-07-21T19:50:35.344+0800][11.681s][gc,heap     ] GC(10)   Garbage:         -               895M (87%)          61M (6%)           29M (3%)             -                  -          
[2024-07-21T19:50:35.344+0800][11.681s][gc,heap     ] GC(10) Reclaimed:         -                  -               834M (81%)         866M (85%)            -                  -          
[2024-07-21T19:50:35.344+0800][11.681s][gc          ] GC(10) Garbage Collection (Allocation Rate) 904M(88%)->72M(7%)
[2024-07-21T19:50:36.628+0800][12.965s][gc,start    ] GC(11) Garbage Collection (Allocation Rate)
[2024-07-21T19:50:36.628+0800][12.965s][gc,task     ] GC(11) Using 1 workers
[2024-07-21T19:50:36.628+0800][12.965s][gc,phases   ] GC(11) Pause Mark Start 0.008ms
[2024-07-21T19:50:36.632+0800][12.969s][gc,phases   ] GC(11) Concurrent Mark 3.602ms
[2024-07-21T19:50:36.632+0800][12.969s][gc,phases   ] GC(11) Pause Mark End 0.008ms
[2024-07-21T19:50:36.633+0800][12.969s][gc,phases   ] GC(11) Concurrent Mark Free 0.001ms
[2024-07-21T19:50:36.634+0800][12.970s][gc,phases   ] GC(11) Concurrent Process Non-Strong References 1.125ms
[2024-07-21T19:50:36.634+0800][12.970s][gc,phases   ] GC(11) Concurrent Reset Relocation Set 0.001ms
[2024-07-21T19:50:36.636+0800][12.972s][gc,phases   ] GC(11) Concurrent Select Relocation Set 1.854ms
[2024-07-21T19:50:36.636+0800][12.972s][gc,phases   ] GC(11) Pause Relocate Start 0.004ms
[2024-07-21T19:50:36.637+0800][12.973s][gc,phases   ] GC(11) Concurrent Relocate 0.627ms
[2024-07-21T19:50:36.637+0800][12.973s][gc,load     ] GC(11) Load: 0.00/0.00/0.00
[2024-07-21T19:50:36.637+0800][12.973s][gc,mmu      ] GC(11) MMU: 2ms/98.0%, 5ms/98.9%, 10ms/99.3%, 20ms/99.7%, 50ms/99.9%, 100ms/99.9%
[2024-07-21T19:50:36.637+0800][12.973s][gc,marking  ] GC(11) Mark: 1 stripe(s), 2 proactive flush(es), 1 terminate flush(es), 0 completion(s), 0 continuation(s) 
[2024-07-21T19:50:36.637+0800][12.973s][gc,marking  ] GC(11) Mark Stack Usage: 32M
[2024-07-21T19:50:36.637+0800][12.973s][gc,nmethod  ] GC(11) NMethods: 463 registered, 0 unregistered
[2024-07-21T19:50:36.637+0800][12.973s][gc,metaspace] GC(11) Metaspace: 1M used, 1M committed, 1032M reserved
[2024-07-21T19:50:36.637+0800][12.973s][gc,ref      ] GC(11) Soft: 93 encountered, 0 discovered, 0 enqueued
[2024-07-21T19:50:36.637+0800][12.973s][gc,ref      ] GC(11) Weak: 131 encountered, 107 discovered, 0 enqueued
[2024-07-21T19:50:36.637+0800][12.973s][gc,ref      ] GC(11) Final: 0 encountered, 0 discovered, 0 enqueued
[2024-07-21T19:50:36.637+0800][12.973s][gc,ref      ] GC(11) Phantom: 184 encountered, 98 discovered, 0 enqueued
[2024-07-21T19:50:36.637+0800][12.973s][gc,reloc    ] GC(11) Small Pages: 4 / 8M, Empty: 2M, Relocated: 0M, In-Place: 0
[2024-07-21T19:50:36.637+0800][12.973s][gc,reloc    ] GC(11) Medium Pages: 28 / 896M, Empty: 832M, Relocated: 4M, In-Place: 0
[2024-07-21T19:50:36.637+0800][12.973s][gc,reloc    ] GC(11) Large Pages: 0 / 0M, Empty: 0M, Relocated: 0M, In-Place: 0
[2024-07-21T19:50:36.637+0800][12.973s][gc,reloc    ] GC(11) Forwarding Usage: 0M
[2024-07-21T19:50:36.637+0800][12.973s][gc,heap     ] GC(11) Min Capacity: 8M(1%)
[2024-07-21T19:50:36.637+0800][12.973s][gc,heap     ] GC(11) Max Capacity: 1024M(100%)
[2024-07-21T19:50:36.637+0800][12.973s][gc,heap     ] GC(11) Soft Max Capacity: 1024M(100%)
[2024-07-21T19:50:36.637+0800][12.973s][gc,heap     ] GC(11)                Mark Start          Mark End        Relocate Start      Relocate End           High               Low         
[2024-07-21T19:50:36.637+0800][12.973s][gc,heap     ] GC(11)  Capacity:      960M (94%)         960M (94%)         960M (94%)         960M (94%)         960M (94%)         960M (94%)    
[2024-07-21T19:50:36.637+0800][12.973s][gc,heap     ] GC(11)      Free:      120M (12%)          86M (8%)          920M (90%)         952M (93%)         952M (93%)          86M (8%)     
[2024-07-21T19:50:36.637+0800][12.973s][gc,heap     ] GC(11)      Used:      904M (88%)         938M (92%)         104M (10%)          72M (7%)          938M (92%)          72M (7%)     
[2024-07-21T19:50:36.637+0800][12.974s][gc,heap     ] GC(11)      Live:         -                 8M (1%)            8M (1%)            8M (1%)             -                  -          
[2024-07-21T19:50:36.637+0800][12.974s][gc,heap     ] GC(11) Allocated:         -                34M (3%)           34M (3%)           34M (3%)             -                  -          
[2024-07-21T19:50:36.637+0800][12.974s][gc,heap     ] GC(11)   Garbage:         -               895M (87%)          61M (6%)           29M (3%)             -                  -          
[2024-07-21T19:50:36.637+0800][12.974s][gc,heap     ] GC(11) Reclaimed:         -                  -               834M (81%)         866M (85%)            -                  -          
[2024-07-21T19:50:36.637+0800][12.974s][gc          ] GC(11) Garbage Collection (Allocation Rate) 904M(88%)->72M(7%)
[2024-07-21T19:50:37.829+0800][14.165s][gc,start    ] GC(12) Garbage Collection (Proactive)
[2024-07-21T19:50:37.829+0800][14.165s][gc,task     ] GC(12) Using 2 workers
[2024-07-21T19:50:37.829+0800][14.166s][gc,phases   ] GC(12) Pause Mark Start 0.012ms
[2024-07-21T19:50:37.845+0800][14.181s][gc,phases   ] GC(12) Concurrent Mark 15.440ms
[2024-07-21T19:50:37.845+0800][14.181s][gc,phases   ] GC(12) Pause Mark End 0.010ms
[2024-07-21T19:50:37.845+0800][14.182s][gc,phases   ] GC(12) Concurrent Mark Free 0.001ms
[2024-07-21T19:50:37.846+0800][14.183s][gc,phases   ] GC(12) Concurrent Process Non-Strong References 0.856ms
[2024-07-21T19:50:37.846+0800][14.183s][gc,phases   ] GC(12) Concurrent Reset Relocation Set 0.001ms
[2024-07-21T19:50:37.848+0800][14.184s][gc,phases   ] GC(12) Concurrent Select Relocation Set 1.861ms
[2024-07-21T19:50:37.848+0800][14.185s][gc,phases   ] GC(12) Pause Relocate Start 0.007ms
[2024-07-21T19:50:37.850+0800][14.186s][gc,phases   ] GC(12) Concurrent Relocate 1.379ms
[2024-07-21T19:50:37.850+0800][14.186s][gc,load     ] GC(12) Load: 0.00/0.00/0.00
[2024-07-21T19:50:37.850+0800][14.186s][gc,mmu      ] GC(12) MMU: 2ms/98.0%, 5ms/98.9%, 10ms/99.3%, 20ms/99.7%, 50ms/99.9%, 100ms/99.9%
[2024-07-21T19:50:37.850+0800][14.186s][gc,marking  ] GC(12) Mark: 2 stripe(s), 2 proactive flush(es), 1 terminate flush(es), 0 completion(s), 0 continuation(s) 
[2024-07-21T19:50:37.850+0800][14.186s][gc,marking  ] GC(12) Mark Stack Usage: 32M
[2024-07-21T19:50:37.850+0800][14.186s][gc,nmethod  ] GC(12) NMethods: 469 registered, 0 unregistered
[2024-07-21T19:50:37.850+0800][14.186s][gc,metaspace] GC(12) Metaspace: 1M used, 1M committed, 1032M reserved
[2024-07-21T19:50:37.850+0800][14.186s][gc,ref      ] GC(12) Soft: 93 encountered, 0 discovered, 0 enqueued
[2024-07-21T19:50:37.850+0800][14.186s][gc,ref      ] GC(12) Weak: 131 encountered, 0 discovered, 0 enqueued
[2024-07-21T19:50:37.850+0800][14.186s][gc,ref      ] GC(12) Final: 0 encountered, 0 discovered, 0 enqueued
[2024-07-21T19:50:37.850+0800][14.186s][gc,ref      ] GC(12) Phantom: 184 encountered, 142 discovered, 0 enqueued
[2024-07-21T19:50:37.850+0800][14.186s][gc,reloc    ] GC(12) Small Pages: 5 / 10M, Empty: 2M, Relocated: 1M, In-Place: 0
[2024-07-21T19:50:37.850+0800][14.186s][gc,reloc    ] GC(12) Medium Pages: 26 / 832M, Empty: 768M, Relocated: 4M, In-Place: 0
[2024-07-21T19:50:37.850+0800][14.186s][gc,reloc    ] GC(12) Large Pages: 0 / 0M, Empty: 0M, Relocated: 0M, In-Place: 0
[2024-07-21T19:50:37.850+0800][14.186s][gc,reloc    ] GC(12) Forwarding Usage: 0M
[2024-07-21T19:50:37.850+0800][14.186s][gc,heap     ] GC(12) Min Capacity: 8M(1%)
[2024-07-21T19:50:37.850+0800][14.186s][gc,heap     ] GC(12) Max Capacity: 1024M(100%)
[2024-07-21T19:50:37.850+0800][14.186s][gc,heap     ] GC(12) Soft Max Capacity: 1024M(100%)
[2024-07-21T19:50:37.850+0800][14.187s][gc,heap     ] GC(12)                Mark Start          Mark End        Relocate Start      Relocate End           High               Low         
[2024-07-21T19:50:37.850+0800][14.187s][gc,heap     ] GC(12)  Capacity:      960M (94%)         960M (94%)         960M (94%)         960M (94%)         960M (94%)         960M (94%)    
[2024-07-21T19:50:37.850+0800][14.187s][gc,heap     ] GC(12)      Free:      182M (18%)         148M (14%)         918M (90%)         952M (93%)         952M (93%)         148M (14%)    
[2024-07-21T19:50:37.850+0800][14.187s][gc,heap     ] GC(12)      Used:      842M (82%)         876M (86%)         106M (10%)          72M (7%)          876M (86%)          72M (7%)     
[2024-07-21T19:50:37.850+0800][14.187s][gc,heap     ] GC(12)      Live:         -                 8M (1%)            8M (1%)            8M (1%)             -                  -          
[2024-07-21T19:50:37.850+0800][14.187s][gc,heap     ] GC(12) Allocated:         -                34M (3%)           34M (3%)           33M (3%)             -                  -          
[2024-07-21T19:50:37.850+0800][14.187s][gc,heap     ] GC(12)   Garbage:         -               833M (81%)          63M (6%)           29M (3%)             -                  -          
[2024-07-21T19:50:37.850+0800][14.187s][gc,heap     ] GC(12) Reclaimed:         -                  -               770M (75%)         803M (79%)            -                  -          
[2024-07-21T19:50:37.850+0800][14.187s][gc          ] GC(12) Garbage Collection (Proactive) 842M(82%)->72M(7%)
[2024-07-21T19:50:39.127+0800][15.463s][gc,start    ] GC(13) Garbage Collection (Allocation Rate)
[2024-07-21T19:50:39.127+0800][15.463s][gc,task     ] GC(13) Using 1 workers
[2024-07-21T19:50:39.127+0800][15.463s][gc,phases   ] GC(13) Pause Mark Start 0.008ms
[2024-07-21T19:50:39.130+0800][15.467s][gc,phases   ] GC(13) Concurrent Mark 3.864ms
[2024-07-21T19:50:39.131+0800][15.467s][gc,phases   ] GC(13) Pause Mark End 0.009ms
[2024-07-21T19:50:39.131+0800][15.468s][gc,phases   ] GC(13) Concurrent Mark Free 0.001ms
[2024-07-21T19:50:39.132+0800][15.469s][gc,phases   ] GC(13) Concurrent Process Non-Strong References 1.162ms
[2024-07-21T19:50:39.132+0800][15.469s][gc,phases   ] GC(13) Concurrent Reset Relocation Set 0.001ms
[2024-07-21T19:50:39.134+0800][15.470s][gc,phases   ] GC(13) Concurrent Select Relocation Set 1.561ms
[2024-07-21T19:50:39.134+0800][15.471s][gc,phases   ] GC(13) Pause Relocate Start 0.004ms
[2024-07-21T19:50:39.135+0800][15.472s][gc,phases   ] GC(13) Concurrent Relocate 0.860ms
[2024-07-21T19:50:39.135+0800][15.472s][gc,load     ] GC(13) Load: 0.00/0.00/0.00
[2024-07-21T19:50:39.135+0800][15.472s][gc,mmu      ] GC(13) MMU: 2ms/98.0%, 5ms/98.9%, 10ms/99.3%, 20ms/99.7%, 50ms/99.9%, 100ms/99.9%
[2024-07-21T19:50:39.135+0800][15.472s][gc,marking  ] GC(13) Mark: 1 stripe(s), 2 proactive flush(es), 1 terminate flush(es), 0 completion(s), 0 continuation(s) 
[2024-07-21T19:50:39.135+0800][15.472s][gc,marking  ] GC(13) Mark Stack Usage: 32M
[2024-07-21T19:50:39.135+0800][15.472s][gc,nmethod  ] GC(13) NMethods: 470 registered, 0 unregistered
[2024-07-21T19:50:39.135+0800][15.472s][gc,metaspace] GC(13) Metaspace: 1M used, 1M committed, 1032M reserved
[2024-07-21T19:50:39.135+0800][15.472s][gc,ref      ] GC(13) Soft: 93 encountered, 0 discovered, 0 enqueued
[2024-07-21T19:50:39.135+0800][15.472s][gc,ref      ] GC(13) Weak: 131 encountered, 107 discovered, 0 enqueued
[2024-07-21T19:50:39.135+0800][15.472s][gc,ref      ] GC(13) Final: 0 encountered, 0 discovered, 0 enqueued
[2024-07-21T19:50:39.135+0800][15.472s][gc,ref      ] GC(13) Phantom: 184 encountered, 98 discovered, 0 enqueued
[2024-07-21T19:50:39.135+0800][15.472s][gc,reloc    ] GC(13) Small Pages: 4 / 8M, Empty: 0M, Relocated: 1M, In-Place: 0
[2024-07-21T19:50:39.135+0800][15.472s][gc,reloc    ] GC(13) Medium Pages: 28 / 896M, Empty: 832M, Relocated: 3M, In-Place: 0
[2024-07-21T19:50:39.135+0800][15.472s][gc,reloc    ] GC(13) Large Pages: 0 / 0M, Empty: 0M, Relocated: 0M, In-Place: 0
[2024-07-21T19:50:39.135+0800][15.472s][gc,reloc    ] GC(13) Forwarding Usage: 0M
[2024-07-21T19:50:39.135+0800][15.472s][gc,heap     ] GC(13) Min Capacity: 8M(1%)
[2024-07-21T19:50:39.135+0800][15.472s][gc,heap     ] GC(13) Max Capacity: 1024M(100%)
[2024-07-21T19:50:39.135+0800][15.472s][gc,heap     ] GC(13) Soft Max Capacity: 1024M(100%)
[2024-07-21T19:50:39.135+0800][15.472s][gc,heap     ] GC(13)                Mark Start          Mark End        Relocate Start      Relocate End           High               Low         
[2024-07-21T19:50:39.135+0800][15.472s][gc,heap     ] GC(13)  Capacity:      960M (94%)         960M (94%)         960M (94%)         960M (94%)         960M (94%)         960M (94%)    
[2024-07-21T19:50:39.135+0800][15.472s][gc,heap     ] GC(13)      Free:      120M (12%)          86M (8%)          918M (90%)         952M (93%)         952M (93%)          86M (8%)     
[2024-07-21T19:50:39.135+0800][15.472s][gc,heap     ] GC(13)      Used:      904M (88%)         938M (92%)         106M (10%)          72M (7%)          938M (92%)          72M (7%)     
[2024-07-21T19:50:39.135+0800][15.472s][gc,heap     ] GC(13)      Live:         -                 7M (1%)            7M (1%)            7M (1%)             -                  -          
[2024-07-21T19:50:39.135+0800][15.472s][gc,heap     ] GC(13) Allocated:         -                34M (3%)           34M (3%)           34M (3%)             -                  -          
[2024-07-21T19:50:39.135+0800][15.472s][gc,heap     ] GC(13)   Garbage:         -               896M (88%)          64M (6%)           30M (3%)             -                  -          
[2024-07-21T19:50:39.135+0800][15.472s][gc,heap     ] GC(13) Reclaimed:         -                  -               832M (81%)         866M (85%)            -                  -          
[2024-07-21T19:50:39.135+0800][15.472s][gc          ] GC(13) Garbage Collection (Allocation Rate) 904M(88%)->72M(7%)
[2024-07-21T19:50:40.434+0800][16.771s][gc,start    ] GC(14) Garbage Collection (Allocation Rate)
[2024-07-21T19:50:40.434+0800][16.771s][gc,task     ] GC(14) Using 1 workers
[2024-07-21T19:50:40.434+0800][16.771s][gc,phases   ] GC(14) Pause Mark Start 0.036ms
[2024-07-21T19:50:40.438+0800][16.775s][gc,phases   ] GC(14) Concurrent Mark 4.075ms
[2024-07-21T19:50:40.439+0800][16.775s][gc,phases   ] GC(14) Pause Mark End 0.013ms
[2024-07-21T19:50:40.439+0800][16.775s][gc,phases   ] GC(14) Concurrent Mark Free 0.002ms
[2024-07-21T19:50:40.440+0800][16.777s][gc,phases   ] GC(14) Concurrent Process Non-Strong References 1.435ms
[2024-07-21T19:50:40.440+0800][16.777s][gc,phases   ] GC(14) Concurrent Reset Relocation Set 0.003ms
[2024-07-21T19:50:40.443+0800][16.779s][gc,phases   ] GC(14) Concurrent Select Relocation Set 2.382ms
[2024-07-21T19:50:40.443+0800][16.780s][gc,phases   ] GC(14) Pause Relocate Start 0.008ms
[2024-07-21T19:50:40.443+0800][16.780s][gc,phases   ] GC(14) Concurrent Relocate 0.342ms
[2024-07-21T19:50:40.443+0800][16.780s][gc,load     ] GC(14) Load: 0.00/0.00/0.00
[2024-07-21T19:50:40.443+0800][16.780s][gc,mmu      ] GC(14) MMU: 2ms/98.0%, 5ms/98.9%, 10ms/99.3%, 20ms/99.7%, 50ms/99.9%, 100ms/99.9%
[2024-07-21T19:50:40.443+0800][16.780s][gc,marking  ] GC(14) Mark: 1 stripe(s), 2 proactive flush(es), 1 terminate flush(es), 0 completion(s), 0 continuation(s) 
[2024-07-21T19:50:40.443+0800][16.780s][gc,marking  ] GC(14) Mark Stack Usage: 32M
[2024-07-21T19:50:40.443+0800][16.780s][gc,nmethod  ] GC(14) NMethods: 471 registered, 0 unregistered
[2024-07-21T19:50:40.443+0800][16.780s][gc,metaspace] GC(14) Metaspace: 1M used, 1M committed, 1032M reserved
[2024-07-21T19:50:40.443+0800][16.780s][gc,ref      ] GC(14) Soft: 93 encountered, 0 discovered, 0 enqueued
[2024-07-21T19:50:40.443+0800][16.780s][gc,ref      ] GC(14) Weak: 131 encountered, 107 discovered, 0 enqueued
[2024-07-21T19:50:40.443+0800][16.780s][gc,ref      ] GC(14) Final: 0 encountered, 0 discovered, 0 enqueued
[2024-07-21T19:50:40.443+0800][16.780s][gc,ref      ] GC(14) Phantom: 184 encountered, 98 discovered, 0 enqueued
[2024-07-21T19:50:40.443+0800][16.780s][gc,reloc    ] GC(14) Small Pages: 4 / 8M, Empty: 2M, Relocated: 0M, In-Place: 0
[2024-07-21T19:50:40.443+0800][16.780s][gc,reloc    ] GC(14) Medium Pages: 28 / 896M, Empty: 832M, Relocated: 1M, In-Place: 0
[2024-07-21T19:50:40.444+0800][16.780s][gc,reloc    ] GC(14) Large Pages: 0 / 0M, Empty: 0M, Relocated: 0M, In-Place: 0
[2024-07-21T19:50:40.444+0800][16.780s][gc,reloc    ] GC(14) Forwarding Usage: 0M
[2024-07-21T19:50:40.444+0800][16.780s][gc,heap     ] GC(14) Min Capacity: 8M(1%)
[2024-07-21T19:50:40.444+0800][16.780s][gc,heap     ] GC(14) Max Capacity: 1024M(100%)
[2024-07-21T19:50:40.444+0800][16.780s][gc,heap     ] GC(14) Soft Max Capacity: 1024M(100%)
[2024-07-21T19:50:40.444+0800][16.780s][gc,heap     ] GC(14)                Mark Start          Mark End        Relocate Start      Relocate End           High               Low         
[2024-07-21T19:50:40.444+0800][16.780s][gc,heap     ] GC(14)  Capacity:      960M (94%)         960M (94%)         960M (94%)         960M (94%)         960M (94%)         960M (94%)    
[2024-07-21T19:50:40.444+0800][16.781s][gc,heap     ] GC(14)      Free:      120M (12%)          86M (8%)          920M (90%)         952M (93%)         952M (93%)          86M (8%)     
[2024-07-21T19:50:40.444+0800][16.781s][gc,heap     ] GC(14)      Used:      904M (88%)         938M (92%)         104M (10%)          72M (7%)          938M (92%)          72M (7%)     
[2024-07-21T19:50:40.444+0800][16.781s][gc,heap     ] GC(14)      Live:         -                 5M (1%)            5M (1%)            5M (1%)             -                  -          
[2024-07-21T19:50:40.444+0800][16.781s][gc,heap     ] GC(14) Allocated:         -                34M (3%)           34M (3%)           34M (3%)             -                  -          
[2024-07-21T19:50:40.444+0800][16.781s][gc,heap     ] GC(14)   Garbage:         -               898M (88%)          64M (6%)           32M (3%)             -                  -          
[2024-07-21T19:50:40.444+0800][16.781s][gc,heap     ] GC(14) Reclaimed:         -                  -               834M (81%)         866M (85%)            -                  -          
[2024-07-21T19:50:40.444+0800][16.781s][gc          ] GC(14) Garbage Collection (Allocation Rate) 904M(88%)->72M(7%)
[2024-07-21T19:50:40.547+0800][16.883s][gc,heap,exit] Heap
[2024-07-21T19:50:40.547+0800][16.883s][gc,heap,exit]  ZHeap           used 136M, capacity 960M, max capacity 1024M
[2024-07-21T19:50:40.547+0800][16.883s][gc,heap,exit]  Metaspace       used 1346K, committed 1472K, reserved 1056768K
[2024-07-21T19:50:40.547+0800][16.883s][gc,heap,exit]   class space    used 111K, committed 192K, reserved 1048576K
