[2024-07-25T19:05:17.045+0800][85.414s][gc,heap     ] GC(4571)      Free:        0M (0%)            0M (0%)            4M (25%)           4M (25%)           6M (38%)           0M (0%)     
[2024-07-25T19:05:17.045+0800][85.415s][gc,heap     ] GC(4571)      Used:       16M (100%)         16M (100%)         12M (75%)          12M (75%)          16M (100%)         10M (62%)    
[2024-07-25T19:05:17.045+0800][85.415s][gc,heap     ] GC(4571)      Live:         -                 8M (54%)           8M (54%)           8M (54%)            -                  -          
[2024-07-25T19:05:17.045+0800][85.415s][gc,heap     ] GC(4571) Allocated:         -                 0M (0%)            2M (12%)           2M (12%)            -                  -          
[2024-07-25T19:05:17.046+0800][85.416s][gc,heap     ] GC(4571)   Garbage:         -                 7M (46%)           1M (8%)            1M (8%)             -                  -          
[2024-07-25T19:05:17.046+0800][85.416s][gc,heap     ] GC(4571) Reclaimed:         -                  -                 6M (38%)           6M (38%)            -                  -          
[2024-07-25T19:05:17.047+0800][85.416s][gc          ] GC(4571) Garbage Collection (Allocation Stall) 16M(100%)->12M(75%)
[2024-07-25T19:05:17.047+0800][85.416s][gc,start    ] GC(4572) Garbage Collection (Allocation Stall)
[2024-07-25T19:05:17.047+0800][85.416s][gc,ref      ] GC(4572) Clearing All SoftReferences
[2024-07-25T19:05:17.047+0800][85.416s][gc,task     ] GC(4572) Using 1 workers
[2024-07-25T19:05:17.047+0800][85.416s][gc,phases   ] GC(4572) Pause Mark Start 0.007ms
[2024-07-25T19:05:17.053+0800][85.423s][gc,phases   ] GC(4572) Concurrent Mark 6.367ms
[2024-07-25T19:05:17.053+0800][85.423s][gc,phases   ] GC(4572) Pause Mark End 0.012ms
[2024-07-25T19:05:17.054+0800][85.423s][gc,phases   ] GC(4572) Concurrent Mark Free 0.001ms
[2024-07-25T19:05:17.056+0800][85.425s][gc,phases   ] GC(4572) Concurrent Process Non-Strong References 1.722ms
[2024-07-25T19:05:17.056+0800][85.425s][gc,phases   ] GC(4572) Concurrent Reset Relocation Set 0.001ms
[2024-07-25T19:05:17.059+0800][85.429s][gc          ] Allocation Stall (main) 20.794ms
[2024-07-25T19:05:17.059+0800][85.429s][gc,phases   ] GC(4572) Concurrent Select Relocation Set 3.928ms
[2024-07-25T19:05:17.060+0800][85.429s][gc,phases   ] GC(4572) Pause Relocate Start 0.022ms
[2024-07-25T19:05:17.060+0800][85.429s][gc,phases   ] GC(4572) Concurrent Relocate 0.140ms
[2024-07-25T19:05:17.060+0800][85.430s][gc,load     ] GC(4572) Load: 0.00/0.00/0.00
[2024-07-25T19:05:17.060+0800][85.430s][gc,mmu      ] GC(4572) MMU: 2ms/88.2%, 5ms/95.3%, 10ms/97.6%, 20ms/98.8%, 50ms/99.4%, 100ms/99.6%
[2024-07-25T19:05:17.060+0800][85.430s][gc,marking  ] GC(4572) Mark: 1 stripe(s), 1 proactive flush(es), 1 terminate flush(es), 0 completion(s), 0 continuation(s) 
[2024-07-25T19:05:17.060+0800][85.430s][gc,marking  ] GC(4572) Mark Stack Usage: 32M
[2024-07-25T19:05:17.060+0800][85.430s][gc,nmethod  ] GC(4572) NMethods: 535 registered, 0 unregistered
[2024-07-25T19:05:17.060+0800][85.430s][gc,metaspace] GC(4572) Metaspace: 1M used, 1M committed, 1088M reserved
[2024-07-25T19:05:17.060+0800][85.430s][gc,ref      ] GC(4572) Soft: 46 encountered, 25 discovered, 0 enqueued
[2024-07-25T19:05:17.060+0800][85.430s][gc,ref      ] GC(4572) Weak: 131 encountered, 107 discovered, 0 enqueued
[2024-07-25T19:05:17.060+0800][85.430s][gc,ref      ] GC(4572) Final: 0 encountered, 0 discovered, 0 enqueued
[2024-07-25T19:05:17.060+0800][85.430s][gc,ref      ] GC(4572) Phantom: 184 encountered, 98 discovered, 0 enqueued
[2024-07-25T19:05:17.061+0800][85.430s][gc,reloc    ] GC(4572) Small Pages: 4 / 8M, Empty: 2M, Relocated: 0M, In-Place: 0
[2024-07-25T19:05:17.061+0800][85.430s][gc,reloc    ] GC(4572) Large Pages: 4 / 8M, Empty: 4M, Relocated: 0M, In-Place: 0
[2024-07-25T19:05:17.061+0800][85.430s][gc,reloc    ] GC(4572) Forwarding Usage: 0M
[2024-07-25T19:05:17.061+0800][85.430s][gc,heap     ] GC(4572) Min Capacity: 8M(50%)
[2024-07-25T19:05:17.061+0800][85.430s][gc,heap     ] GC(4572) Max Capacity: 16M(100%)
[2024-07-25T19:05:17.061+0800][85.430s][gc,heap     ] GC(4572) Soft Max Capacity: 16M(100%)
[2024-07-25T19:05:17.061+0800][85.430s][gc,heap     ] GC(4572)                Mark Start          Mark End        Relocate Start      Relocate End           High               Low         
[2024-07-25T19:05:17.061+0800][85.430s][gc,heap     ] GC(4572)  Capacity:       16M (100%)         16M (100%)         16M (100%)         16M (100%)         16M (100%)         16M (100%)   
[2024-07-25T19:05:17.061+0800][85.430s][gc,heap     ] GC(4572)      Free:        0M (0%)            0M (0%)            2M (12%)           2M (12%)           6M (38%)           0M (0%)     
[2024-07-25T19:05:17.061+0800][85.430s][gc,heap     ] GC(4572)      Used:       16M (100%)         16M (100%)         14M (88%)          14M (88%)          16M (100%)         10M (62%)    
[2024-07-25T19:05:17.061+0800][85.430s][gc,heap     ] GC(4572)      Live:         -                 8M (54%)           8M (54%)           8M (54%)            -                  -          
[2024-07-25T19:05:17.061+0800][85.430s][gc,heap     ] GC(4572) Allocated:         -                 0M (0%)            4M (25%)           4M (25%)            -                  -          
[2024-07-25T19:05:17.061+0800][85.430s][gc,heap     ] GC(4572)   Garbage:         -                 7M (46%)           1M (8%)            1M (8%)             -                  -          
[2024-07-25T19:05:17.061+0800][85.430s][gc,heap     ] GC(4572) Reclaimed:         -                  -                 6M (38%)           6M (38%)            -                  -          
[2024-07-25T19:05:17.061+0800][85.430s][gc          ] GC(4572) Garbage Collection (Allocation Stall) 16M(100%)->14M(88%)
[2024-07-25T19:05:17.064+0800][85.433s][gc,start    ] GC(4573) Garbage Collection (Allocation Stall)
[2024-07-25T19:05:17.064+0800][85.433s][gc,ref      ] GC(4573) Clearing All SoftReferences
[2024-07-25T19:05:17.064+0800][85.433s][gc,task     ] GC(4573) Using 1 workers
[2024-07-25T19:05:17.064+0800][85.433s][gc,phases   ] GC(4573) Pause Mark Start 0.026ms
[2024-07-25T19:05:17.070+0800][85.439s][gc,phases   ] GC(4573) Concurrent Mark 5.913ms
[2024-07-25T19:05:17.071+0800][85.440s][gc,phases   ] GC(4573) Pause Mark End 0.011ms
[2024-07-25T19:05:17.071+0800][85.440s][gc,phases   ] GC(4573) Concurrent Mark Free 0.001ms
[2024-07-25T19:05:17.072+0800][85.442s][gc,phases   ] GC(4573) Concurrent Process Non-Strong References 1.697ms
[2024-07-25T19:05:17.072+0800][85.442s][gc,phases   ] GC(4573) Concurrent Reset Relocation Set 0.001ms
[2024-07-25T19:05:17.075+0800][85.445s][gc          ] Allocation Stall (main) 12.016ms
[2024-07-25T19:05:17.075+0800][85.445s][gc,phases   ] GC(4573) Concurrent Select Relocation Set 3.464ms
[2024-07-25T19:05:17.076+0800][85.446s][gc,phases   ] GC(4573) Pause Relocate Start 0.112ms
[2024-07-25T19:05:17.076+0800][85.446s][gc,phases   ] GC(4573) Concurrent Relocate 0.136ms
[2024-07-25T19:05:17.076+0800][85.446s][gc,load     ] GC(4573) Load: 0.00/0.00/0.00
[2024-07-25T19:05:17.077+0800][85.446s][gc,mmu      ] GC(4573) MMU: 2ms/88.2%, 5ms/95.3%, 10ms/97.6%, 20ms/98.8%, 50ms/99.4%, 100ms/99.6%
[2024-07-25T19:05:17.077+0800][85.446s][gc,marking  ] GC(4573) Mark: 1 stripe(s), 1 proactive flush(es), 1 terminate flush(es), 0 completion(s), 0 continuation(s) 
[2024-07-25T19:05:17.077+0800][85.446s][gc,marking  ] GC(4573) Mark Stack Usage: 32M
[2024-07-25T19:05:17.077+0800][85.446s][gc,nmethod  ] GC(4573) NMethods: 535 registered, 0 unregistered
[2024-07-25T19:05:17.077+0800][85.446s][gc,metaspace] GC(4573) Metaspace: 1M used, 1M committed, 1088M reserved
[2024-07-25T19:05:17.077+0800][85.446s][gc,ref      ] GC(4573) Soft: 46 encountered, 25 discovered, 0 enqueued
[2024-07-25T19:05:17.077+0800][85.447s][gc,ref      ] GC(4573) Weak: 131 encountered, 107 discovered, 0 enqueued
[2024-07-25T19:05:17.078+0800][85.447s][gc,ref      ] GC(4573) Final: 0 encountered, 0 discovered, 0 enqueued
[2024-07-25T19:05:17.078+0800][85.447s][gc,ref      ] GC(4573) Phantom: 184 encountered, 98 discovered, 0 enqueued
[2024-07-25T19:05:17.078+0800][85.447s][gc,reloc    ] GC(4573) Small Pages: 4 / 8M, Empty: 2M, Relocated: 0M, In-Place: 0
[2024-07-25T19:05:17.078+0800][85.447s][gc,reloc    ] GC(4573) Large Pages: 4 / 8M, Empty: 4M, Relocated: 0M, In-Place: 0
[2024-07-25T19:05:17.078+0800][85.447s][gc,reloc    ] GC(4573) Forwarding Usage: 0M
[2024-07-25T19:05:17.078+0800][85.447s][gc,heap     ] GC(4573) Min Capacity: 8M(50%)
[2024-07-25T19:05:17.078+0800][85.447s][gc,heap     ] GC(4573) Max Capacity: 16M(100%)
[2024-07-25T19:05:17.078+0800][85.447s][gc,heap     ] GC(4573) Soft Max Capacity: 16M(100%)
[2024-07-25T19:05:17.078+0800][85.447s][gc,heap     ] GC(4573)                Mark Start          Mark End        Relocate Start      Relocate End           High               Low         
[2024-07-25T19:05:17.078+0800][85.447s][gc,heap     ] GC(4573)  Capacity:       16M (100%)         16M (100%)         16M (100%)         16M (100%)         16M (100%)         16M (100%)   
[2024-07-25T19:05:17.078+0800][85.447s][gc,heap     ] GC(4573)      Free:        0M (0%)            0M (0%)            4M (25%)           4M (25%)           6M (38%)           0M (0%)     
[2024-07-25T19:05:17.078+0800][85.447s][gc,heap     ] GC(4573)      Used:       16M (100%)         16M (100%)         12M (75%)          12M (75%)          16M (100%)         10M (62%)    
[2024-07-25T19:05:17.078+0800][85.447s][gc,heap     ] GC(4573)      Live:         -                 8M (54%)           8M (54%)           8M (54%)            -                  -          
[2024-07-25T19:05:17.078+0800][85.447s][gc,heap     ] GC(4573) Allocated:         -                 0M (0%)            2M (12%)           2M (12%)            -                  -          
[2024-07-25T19:05:17.078+0800][85.447s][gc,heap     ] GC(4573)   Garbage:         -                 7M (46%)           1M (8%)            1M (8%)             -                  -          
[2024-07-25T19:05:17.078+0800][85.447s][gc,heap     ] GC(4573) Reclaimed:         -                  -                 6M (38%)           6M (38%)            -                  -          
[2024-07-25T19:05:17.078+0800][85.447s][gc          ] GC(4573) Garbage Collection (Allocation Stall) 16M(100%)->12M(75%)
[2024-07-25T19:05:17.081+0800][85.450s][gc,start    ] GC(4574) Garbage Collection (Allocation Stall)
[2024-07-25T19:05:17.081+0800][85.450s][gc,ref      ] GC(4574) Clearing All SoftReferences
[2024-07-25T19:05:17.081+0800][85.450s][gc,task     ] GC(4574) Using 1 workers
[2024-07-25T19:05:17.081+0800][85.451s][gc,phases   ] GC(4574) Pause Mark Start 0.012ms
[2024-07-25T19:05:17.087+0800][85.457s][gc,phases   ] GC(4574) Concurrent Mark 5.816ms
[2024-07-25T19:05:17.087+0800][85.457s][gc,phases   ] GC(4574) Pause Mark End 0.011ms
[2024-07-25T19:05:17.087+0800][85.457s][gc,phases   ] GC(4574) Concurrent Mark Free 0.001ms
[2024-07-25T19:05:17.089+0800][85.459s][gc,phases   ] GC(4574) Concurrent Process Non-Strong References 2.057ms
[2024-07-25T19:05:17.089+0800][85.459s][gc,phases   ] GC(4574) Concurrent Reset Relocation Set 0.001ms
[2024-07-25T19:05:17.093+0800][85.462s][gc          ] Allocation Stall (main) 12.091ms
[2024-07-25T19:05:17.093+0800][85.462s][gc,phases   ] GC(4574) Concurrent Select Relocation Set 3.322ms
[2024-07-25T19:05:17.093+0800][85.463s][gc,phases   ] GC(4574) Pause Relocate Start 0.009ms
[2024-07-25T19:05:17.093+0800][85.463s][gc,phases   ] GC(4574) Concurrent Relocate 0.056ms
[2024-07-25T19:05:17.093+0800][85.463s][gc,load     ] GC(4574) Load: 0.00/0.00/0.00
[2024-07-25T19:05:17.093+0800][85.463s][gc,mmu      ] GC(4574) MMU: 2ms/88.2%, 5ms/95.3%, 10ms/97.6%, 20ms/98.8%, 50ms/99.4%, 100ms/99.6%
[2024-07-25T19:05:17.093+0800][85.463s][gc,marking  ] GC(4574) Mark: 1 stripe(s), 1 proactive flush(es), 1 terminate flush(es), 0 completion(s), 0 continuation(s) 
[2024-07-25T19:05:17.093+0800][85.463s][gc,marking  ] GC(4574) Mark Stack Usage: 32M
[2024-07-25T19:05:17.093+0800][85.463s][gc,nmethod  ] GC(4574) NMethods: 535 registered, 0 unregistered
[2024-07-25T19:05:17.093+0800][85.463s][gc,metaspace] GC(4574) Metaspace: 1M used, 1M committed, 1088M reserved
[2024-07-25T19:05:17.093+0800][85.463s][gc,ref      ] GC(4574) Soft: 46 encountered, 25 discovered, 0 enqueued
[2024-07-25T19:05:17.093+0800][85.463s][gc,ref      ] GC(4574) Weak: 131 encountered, 107 discovered, 0 enqueued
[2024-07-25T19:05:17.093+0800][85.463s][gc,ref      ] GC(4574) Final: 0 encountered, 0 discovered, 0 enqueued
[2024-07-25T19:05:17.093+0800][85.463s][gc,ref      ] GC(4574) Phantom: 184 encountered, 98 discovered, 0 enqueued
[2024-07-25T19:05:17.093+0800][85.463s][gc,reloc    ] GC(4574) Small Pages: 4 / 8M, Empty: 2M, Relocated: 0M, In-Place: 0
[2024-07-25T19:05:17.094+0800][85.463s][gc,reloc    ] GC(4574) Large Pages: 4 / 8M, Empty: 4M, Relocated: 0M, In-Place: 0
[2024-07-25T19:05:17.094+0800][85.463s][gc,reloc    ] GC(4574) Forwarding Usage: 0M
[2024-07-25T19:05:17.094+0800][85.463s][gc,heap     ] GC(4574) Min Capacity: 8M(50%)
[2024-07-25T19:05:17.094+0800][85.463s][gc,heap     ] GC(4574) Max Capacity: 16M(100%)
[2024-07-25T19:05:17.094+0800][85.463s][gc,heap     ] GC(4574) Soft Max Capacity: 16M(100%)
[2024-07-25T19:05:17.094+0800][85.463s][gc,heap     ] GC(4574)                Mark Start          Mark End        Relocate Start      Relocate End           High               Low         
[2024-07-25T19:05:17.094+0800][85.463s][gc,heap     ] GC(4574)  Capacity:       16M (100%)         16M (100%)         16M (100%)         16M (100%)         16M (100%)         16M (100%)   
[2024-07-25T19:05:17.094+0800][85.463s][gc,heap     ] GC(4574)      Free:        0M (0%)            0M (0%)            2M (12%)           2M (12%)           6M (38%)           0M (0%)     
[2024-07-25T19:05:17.094+0800][85.463s][gc,heap     ] GC(4574)      Used:       16M (100%)         16M (100%)         14M (88%)          14M (88%)          16M (100%)         10M (62%)    
[2024-07-25T19:05:17.094+0800][85.463s][gc,heap     ] GC(4574)      Live:         -                 8M (54%)           8M (54%)           8M (54%)            -                  -          
[2024-07-25T19:05:17.094+0800][85.464s][gc,heap     ] GC(4574) Allocated:         -                 0M (0%)            4M (25%)           4M (25%)            -                  -          
[2024-07-25T19:05:17.094+0800][85.464s][gc,heap     ] GC(4574)   Garbage:         -                 7M (46%)           1M (8%)            1M (8%)             -                  -          
[2024-07-25T19:05:17.094+0800][85.464s][gc,heap     ] GC(4574) Reclaimed:         -                  -                 6M (38%)           6M (38%)            -                  -          
[2024-07-25T19:05:17.094+0800][85.464s][gc          ] GC(4574) Garbage Collection (Allocation Stall) 16M(100%)->14M(88%)
[2024-07-25T19:05:17.097+0800][85.466s][gc,start    ] GC(4575) Garbage Collection (Allocation Stall)
[2024-07-25T19:05:17.097+0800][85.467s][gc,ref      ] GC(4575) Clearing All SoftReferences
[2024-07-25T19:05:17.097+0800][85.467s][gc,task     ] GC(4575) Using 1 workers
[2024-07-25T19:05:17.097+0800][85.467s][gc,phases   ] GC(4575) Pause Mark Start 0.010ms
[2024-07-25T19:05:17.104+0800][85.473s][gc,phases   ] GC(4575) Concurrent Mark 5.934ms
[2024-07-25T19:05:17.104+0800][85.473s][gc,phases   ] GC(4575) Pause Mark End 0.011ms
[2024-07-25T19:05:17.104+0800][85.473s][gc,phases   ] GC(4575) Concurrent Mark Free 0.001ms
[2024-07-25T19:05:17.105+0800][85.475s][gc,phases   ] GC(4575) Concurrent Process Non-Strong References 1.671ms
[2024-07-25T19:05:17.105+0800][85.475s][gc,phases   ] GC(4575) Concurrent Reset Relocation Set 0.001ms
[2024-07-25T19:05:17.108+0800][85.478s][gc          ] Allocation Stall (main) 11.256ms
[2024-07-25T19:05:17.108+0800][85.478s][gc,phases   ] GC(4575) Concurrent Select Relocation Set 2.849ms
[2024-07-25T19:05:17.108+0800][85.478s][gc,phases   ] GC(4575) Pause Relocate Start 0.022ms
[2024-07-25T19:05:17.109+0800][85.478s][gc,phases   ] GC(4575) Concurrent Relocate 0.148ms
[2024-07-25T19:05:17.109+0800][85.479s][gc,load     ] GC(4575) Load: 0.00/0.00/0.00
[2024-07-25T19:05:17.109+0800][85.479s][gc,mmu      ] GC(4575) MMU: 2ms/88.2%, 5ms/95.3%, 10ms/97.6%, 20ms/98.8%, 50ms/99.4%, 100ms/99.6%
[2024-07-25T19:05:17.109+0800][85.479s][gc,marking  ] GC(4575) Mark: 1 stripe(s), 1 proactive flush(es), 1 terminate flush(es), 0 completion(s), 0 continuation(s) 
[2024-07-25T19:05:17.109+0800][85.479s][gc,marking  ] GC(4575) Mark Stack Usage: 32M
[2024-07-25T19:05:17.109+0800][85.479s][gc,nmethod  ] GC(4575) NMethods: 535 registered, 0 unregistered
[2024-07-25T19:05:17.109+0800][85.479s][gc,metaspace] GC(4575) Metaspace: 1M used, 1M committed, 1088M reserved
[2024-07-25T19:05:17.109+0800][85.479s][gc,ref      ] GC(4575) Soft: 46 encountered, 25 discovered, 0 enqueued
[2024-07-25T19:05:17.109+0800][85.479s][gc,ref      ] GC(4575) Weak: 131 encountered, 107 discovered, 0 enqueued
[2024-07-25T19:05:17.109+0800][85.479s][gc,ref      ] GC(4575) Final: 0 encountered, 0 discovered, 0 enqueued
[2024-07-25T19:05:17.109+0800][85.479s][gc,ref      ] GC(4575) Phantom: 184 encountered, 98 discovered, 0 enqueued
[2024-07-25T19:05:17.109+0800][85.479s][gc,reloc    ] GC(4575) Small Pages: 4 / 8M, Empty: 2M, Relocated: 0M, In-Place: 0
[2024-07-25T19:05:17.109+0800][85.479s][gc,reloc    ] GC(4575) Large Pages: 4 / 8M, Empty: 4M, Relocated: 0M, In-Place: 0
[2024-07-25T19:05:17.109+0800][85.479s][gc,reloc    ] GC(4575) Forwarding Usage: 0M
[2024-07-25T19:05:17.109+0800][85.479s][gc,heap     ] GC(4575) Min Capacity: 8M(50%)
[2024-07-25T19:05:17.109+0800][85.479s][gc,heap     ] GC(4575) Max Capacity: 16M(100%)
[2024-07-25T19:05:17.110+0800][85.479s][gc,heap     ] GC(4575) Soft Max Capacity: 16M(100%)
[2024-07-25T19:05:17.110+0800][85.479s][gc,heap     ] GC(4575)                Mark Start          Mark End        Relocate Start      Relocate End           High               Low         
[2024-07-25T19:05:17.110+0800][85.479s][gc,heap     ] GC(4575)  Capacity:       16M (100%)         16M (100%)         16M (100%)         16M (100%)         16M (100%)         16M (100%)   
[2024-07-25T19:05:17.110+0800][85.479s][gc,heap     ] GC(4575)      Free:        0M (0%)            0M (0%)            2M (12%)           2M (12%)           6M (38%)           0M (0%)     
[2024-07-25T19:05:17.110+0800][85.479s][gc,heap     ] GC(4575)      Used:       16M (100%)         16M (100%)         14M (88%)          14M (88%)          16M (100%)         10M (62%)    
[2024-07-25T19:05:17.110+0800][85.479s][gc,heap     ] GC(4575)      Live:         -                 8M (54%)           8M (54%)           8M (54%)            -                  -          
[2024-07-25T19:05:17.110+0800][85.479s][gc,heap     ] GC(4575) Allocated:         -                 0M (0%)            4M (25%)           4M (25%)            -                  -          
[2024-07-25T19:05:17.110+0800][85.480s][gc,heap     ] GC(4575)   Garbage:         -                 7M (46%)           1M (8%)            1M (8%)             -                  -          
[2024-07-25T19:05:17.110+0800][85.480s][gc,heap     ] GC(4575) Reclaimed:         -                  -                 6M (38%)           6M (38%)            -                  -          
[2024-07-25T19:05:17.110+0800][85.480s][gc          ] GC(4575) Garbage Collection (Allocation Stall) 16M(100%)->14M(88%)
[2024-07-25T19:05:17.112+0800][85.481s][gc,start    ] GC(4576) Garbage Collection (Allocation Rate)
[2024-07-25T19:05:17.112+0800][85.482s][gc,task     ] GC(4576) Using 1 workers
[2024-07-25T19:05:17.112+0800][85.482s][gc,phases   ] GC(4576) Pause Mark Start 0.009ms
[2024-07-25T19:05:17.119+0800][85.488s][gc,phases   ] GC(4576) Concurrent Mark 5.905ms
[2024-07-25T19:05:17.119+0800][85.488s][gc,phases   ] GC(4576) Pause Mark End 0.014ms
[2024-07-25T19:05:17.119+0800][85.488s][gc,phases   ] GC(4576) Concurrent Mark Free 0.001ms
[2024-07-25T19:05:17.120+0800][85.490s][gc,phases   ] GC(4576) Concurrent Process Non-Strong References 1.809ms
[2024-07-25T19:05:17.120+0800][85.490s][gc,phases   ] GC(4576) Concurrent Reset Relocation Set 0.001ms
[2024-07-25T19:05:17.124+0800][85.493s][gc          ] Allocation Stall (main) 9.796ms
[2024-07-25T19:05:17.124+0800][85.493s][gc,phases   ] GC(4576) Concurrent Select Relocation Set 3.108ms
[2024-07-25T19:05:17.124+0800][85.493s][gc,phases   ] GC(4576) Pause Relocate Start 0.009ms
[2024-07-25T19:05:17.126+0800][85.496s][gc          ] Allocation Stall (main) 0.293ms
[2024-07-25T19:05:17.126+0800][85.496s][gc,phases   ] GC(4576) Concurrent Relocate 2.082ms
[2024-07-25T19:05:17.126+0800][85.496s][gc,load     ] GC(4576) Load: 0.00/0.00/0.00
[2024-07-25T19:05:17.126+0800][85.496s][gc,mmu      ] GC(4576) MMU: 2ms/88.2%, 5ms/95.3%, 10ms/97.6%, 20ms/98.8%, 50ms/99.4%, 100ms/99.6%
[2024-07-25T19:05:17.126+0800][85.496s][gc,marking  ] GC(4576) Mark: 1 stripe(s), 1 proactive flush(es), 1 terminate flush(es), 0 completion(s), 0 continuation(s) 
[2024-07-25T19:05:17.126+0800][85.496s][gc,marking  ] GC(4576) Mark Stack Usage: 32M
[2024-07-25T19:05:17.126+0800][85.496s][gc,nmethod  ] GC(4576) NMethods: 535 registered, 0 unregistered
[2024-07-25T19:05:17.126+0800][85.496s][gc,metaspace] GC(4576) Metaspace: 1M used, 1M committed, 1088M reserved
[2024-07-25T19:05:17.126+0800][85.496s][gc,ref      ] GC(4576) Soft: 46 encountered, 25 discovered, 0 enqueued
[2024-07-25T19:05:17.126+0800][85.496s][gc,ref      ] GC(4576) Weak: 131 encountered, 107 discovered, 0 enqueued
[2024-07-25T19:05:17.126+0800][85.496s][gc,ref      ] GC(4576) Final: 0 encountered, 0 discovered, 0 enqueued
[2024-07-25T19:05:17.126+0800][85.496s][gc,ref      ] GC(4576) Phantom: 184 encountered, 98 discovered, 0 enqueued
[2024-07-25T19:05:17.126+0800][85.496s][gc,reloc    ] GC(4576) Small Pages: 4 / 8M, Empty: 0M, Relocated: 1M, In-Place: 1
[2024-07-25T19:05:17.126+0800][85.496s][gc,reloc    ] GC(4576) Large Pages: 4 / 8M, Empty: 4M, Relocated: 0M, In-Place: 0
[2024-07-25T19:05:17.126+0800][85.496s][gc,reloc    ] GC(4576) Forwarding Usage: 0M
[2024-07-25T19:05:17.126+0800][85.496s][gc,heap     ] GC(4576) Min Capacity: 8M(50%)
[2024-07-25T19:05:17.127+0800][85.496s][gc,heap     ] GC(4576) Max Capacity: 16M(100%)
[2024-07-25T19:05:17.127+0800][85.496s][gc,heap     ] GC(4576) Soft Max Capacity: 16M(100%)
[2024-07-25T19:05:17.127+0800][85.496s][gc,heap     ] GC(4576)                Mark Start          Mark End        Relocate Start      Relocate End           High               Low         
[2024-07-25T19:05:17.127+0800][85.496s][gc,heap     ] GC(4576)  Capacity:       16M (100%)         16M (100%)         16M (100%)         16M (100%)         16M (100%)         16M (100%)   
[2024-07-25T19:05:17.127+0800][85.496s][gc,heap     ] GC(4576)      Free:        0M (0%)            0M (0%)            0M (0%)            0M (0%)            4M (25%)           0M (0%)     
[2024-07-25T19:05:17.127+0800][85.496s][gc,heap     ] GC(4576)      Used:       16M (100%)         16M (100%)         16M (100%)         16M (100%)         16M (100%)         12M (75%)    
[2024-07-25T19:05:17.127+0800][85.496s][gc,heap     ] GC(4576)      Live:         -                 8M (54%)           8M (54%)           8M (54%)            -                  -          
[2024-07-25T19:05:17.127+0800][85.496s][gc,heap     ] GC(4576) Allocated:         -                 0M (0%)            4M (25%)           5M (37%)            -                  -          
[2024-07-25T19:05:17.127+0800][85.496s][gc,heap     ] GC(4576)   Garbage:         -                 7M (46%)           3M (21%)           1M (8%)             -                  -          
[2024-07-25T19:05:17.127+0800][85.497s][gc,heap     ] GC(4576) Reclaimed:         -                  -                 4M (25%)           5M (37%)            -                  -          
[2024-07-25T19:05:17.127+0800][85.497s][gc          ] GC(4576) Garbage Collection (Allocation Rate) 16M(100%)->16M(100%)
[2024-07-25T19:05:17.130+0800][85.499s][gc,start    ] GC(4577) Garbage Collection (Allocation Stall)
[2024-07-25T19:05:17.130+0800][85.499s][gc,ref      ] GC(4577) Clearing All SoftReferences
[2024-07-25T19:05:17.130+0800][85.499s][gc,task     ] GC(4577) Using 1 workers
[2024-07-25T19:05:17.130+0800][85.500s][gc,phases   ] GC(4577) Pause Mark Start 0.008ms
[2024-07-25T19:05:17.138+0800][85.507s][gc,phases   ] GC(4577) Concurrent Mark 7.678ms
[2024-07-25T19:05:17.138+0800][85.507s][gc,phases   ] GC(4577) Pause Mark End 0.009ms
[2024-07-25T19:05:17.138+0800][85.508s][gc,phases   ] GC(4577) Concurrent Mark Free 0.001ms
[2024-07-25T19:05:17.140+0800][85.509s][gc,phases   ] GC(4577) Concurrent Process Non-Strong References 1.875ms
[2024-07-25T19:05:17.140+0800][85.510s][gc,phases   ] GC(4577) Concurrent Reset Relocation Set 0.001ms
[2024-07-25T19:05:17.143+0800][85.512s][gc          ] Allocation Stall (main) 13.267ms
[2024-07-25T19:05:17.143+0800][85.513s][gc,phases   ] GC(4577) Concurrent Select Relocation Set 3.009ms
[2024-07-25T19:05:17.143+0800][85.513s][gc,phases   ] GC(4577) Pause Relocate Start 0.007ms
[2024-07-25T19:05:17.145+0800][85.515s][gc          ] Allocation Stall (main) 0.123ms
[2024-07-25T19:05:17.145+0800][85.515s][gc,phases   ] GC(4577) Concurrent Relocate 1.688ms
[2024-07-25T19:05:17.145+0800][85.515s][gc,load     ] GC(4577) Load: 0.00/0.00/0.00
[2024-07-25T19:05:17.145+0800][85.515s][gc,mmu      ] GC(4577) MMU: 2ms/88.2%, 5ms/95.3%, 10ms/97.6%, 20ms/98.8%, 50ms/99.4%, 100ms/99.6%
[2024-07-25T19:05:17.145+0800][85.515s][gc,marking  ] GC(4577) Mark: 1 stripe(s), 1 proactive flush(es), 1 terminate flush(es), 0 completion(s), 0 continuation(s) 
[2024-07-25T19:05:17.145+0800][85.515s][gc,marking  ] GC(4577) Mark Stack Usage: 32M
[2024-07-25T19:05:17.145+0800][85.515s][gc,nmethod  ] GC(4577) NMethods: 535 registered, 0 unregistered
[2024-07-25T19:05:17.145+0800][85.515s][gc,metaspace] GC(4577) Metaspace: 1M used, 1M committed, 1088M reserved
[2024-07-25T19:05:17.145+0800][85.515s][gc,ref      ] GC(4577) Soft: 46 encountered, 25 discovered, 0 enqueued
[2024-07-25T19:05:17.145+0800][85.515s][gc,ref      ] GC(4577) Weak: 131 encountered, 107 discovered, 0 enqueued
[2024-07-25T19:05:17.145+0800][85.515s][gc,ref      ] GC(4577) Final: 0 encountered, 0 discovered, 0 enqueued
[2024-07-25T19:05:17.145+0800][85.515s][gc,ref      ] GC(4577) Phantom: 184 encountered, 98 discovered, 0 enqueued
[2024-07-25T19:05:17.145+0800][85.515s][gc,reloc    ] GC(4577) Small Pages: 4 / 8M, Empty: 0M, Relocated: 1M, In-Place: 1
[2024-07-25T19:05:17.145+0800][85.515s][gc,reloc    ] GC(4577) Large Pages: 4 / 8M, Empty: 4M, Relocated: 0M, In-Place: 0
[2024-07-25T19:05:17.145+0800][85.515s][gc,reloc    ] GC(4577) Forwarding Usage: 0M
[2024-07-25T19:05:17.145+0800][85.515s][gc,heap     ] GC(4577) Min Capacity: 8M(50%)
[2024-07-25T19:05:17.145+0800][85.515s][gc,heap     ] GC(4577) Max Capacity: 16M(100%)
[2024-07-25T19:05:17.145+0800][85.515s][gc,heap     ] GC(4577) Soft Max Capacity: 16M(100%)
[2024-07-25T19:05:17.145+0800][85.515s][gc,heap     ] GC(4577)                Mark Start          Mark End        Relocate Start      Relocate End           High               Low         
[2024-07-25T19:05:17.145+0800][85.515s][gc,heap     ] GC(4577)  Capacity:       16M (100%)         16M (100%)         16M (100%)         16M (100%)         16M (100%)         16M (100%)   
[2024-07-25T19:05:17.145+0800][85.515s][gc,heap     ] GC(4577)      Free:        0M (0%)            0M (0%)            0M (0%)            0M (0%)            4M (25%)           0M (0%)     
[2024-07-25T19:05:17.145+0800][85.515s][gc,heap     ] GC(4577)      Used:       16M (100%)         16M (100%)         16M (100%)         16M (100%)         16M (100%)         12M (75%)    
[2024-07-25T19:05:17.146+0800][85.515s][gc,heap     ] GC(4577)      Live:         -                 8M (54%)           8M (54%)           8M (54%)            -                  -          
[2024-07-25T19:05:17.146+0800][85.515s][gc,heap     ] GC(4577) Allocated:         -                 0M (0%)            4M (25%)           6M (38%)            -                  -          
[2024-07-25T19:05:17.146+0800][85.515s][gc,heap     ] GC(4577)   Garbage:         -                 7M (46%)           3M (21%)           1M (8%)             -                  -          
[2024-07-25T19:05:17.146+0800][85.515s][gc,heap     ] GC(4577) Reclaimed:         -                  -                 4M (25%)           6M (38%)            -                  -          
[2024-07-25T19:05:17.146+0800][85.515s][gc          ] GC(4577) Garbage Collection (Allocation Stall) 16M(100%)->16M(100%)
[2024-07-25T19:05:17.149+0800][85.519s][gc,start    ] GC(4578) Garbage Collection (Allocation Stall)
[2024-07-25T19:05:17.149+0800][85.519s][gc,ref      ] GC(4578) Clearing All SoftReferences
[2024-07-25T19:05:17.149+0800][85.519s][gc,task     ] GC(4578) Using 1 workers
[2024-07-25T19:05:17.149+0800][85.519s][gc,phases   ] GC(4578) Pause Mark Start 0.008ms
[2024-07-25T19:05:17.158+0800][85.527s][gc,phases   ] GC(4578) Concurrent Mark 7.778ms
[2024-07-25T19:05:17.158+0800][85.527s][gc,phases   ] GC(4578) Pause Mark End 0.010ms
[2024-07-25T19:05:17.158+0800][85.527s][gc,phases   ] GC(4578) Concurrent Mark Free 0.001ms
[2024-07-25T19:05:17.159+0800][85.529s][gc,phases   ] GC(4578) Concurrent Process Non-Strong References 1.958ms
[2024-07-25T19:05:17.159+0800][85.529s][gc,phases   ] GC(4578) Concurrent Reset Relocation Set 0.001ms
[2024-07-25T19:05:17.162+0800][85.531s][gc,phases   ] GC(4578) Concurrent Select Relocation Set 2.387ms
[2024-07-25T19:05:17.162+0800][85.531s][gc          ] Allocation Stall (main) 13.029ms
[2024-07-25T19:05:17.162+0800][85.532s][gc,phases   ] GC(4578) Pause Relocate Start 0.008ms
[2024-07-25T19:05:17.162+0800][85.532s][gc,phases   ] GC(4578) Concurrent Relocate 0.120ms
[2024-07-25T19:05:17.162+0800][85.532s][gc,load     ] GC(4578) Load: 0.00/0.00/0.00
[2024-07-25T19:05:17.162+0800][85.532s][gc,mmu      ] GC(4578) MMU: 2ms/88.2%, 5ms/95.3%, 10ms/97.6%, 20ms/98.8%, 50ms/99.4%, 100ms/99.6%
[2024-07-25T19:05:17.162+0800][85.532s][gc,marking  ] GC(4578) Mark: 1 stripe(s), 1 proactive flush(es), 1 terminate flush(es), 0 completion(s), 0 continuation(s) 
[2024-07-25T19:05:17.162+0800][85.532s][gc,marking  ] GC(4578) Mark Stack Usage: 32M
[2024-07-25T19:05:17.162+0800][85.532s][gc,nmethod  ] GC(4578) NMethods: 535 registered, 0 unregistered
[2024-07-25T19:05:17.162+0800][85.532s][gc,metaspace] GC(4578) Metaspace: 1M used, 1M committed, 1088M reserved
[2024-07-25T19:05:17.162+0800][85.532s][gc,ref      ] GC(4578) Soft: 46 encountered, 25 discovered, 0 enqueued
[2024-07-25T19:05:17.162+0800][85.532s][gc,ref      ] GC(4578) Weak: 131 encountered, 107 discovered, 0 enqueued
[2024-07-25T19:05:17.162+0800][85.532s][gc,ref      ] GC(4578) Final: 0 encountered, 0 discovered, 0 enqueued
[2024-07-25T19:05:17.162+0800][85.532s][gc,ref      ] GC(4578) Phantom: 184 encountered, 98 discovered, 0 enqueued
[2024-07-25T19:05:17.162+0800][85.532s][gc,reloc    ] GC(4578) Small Pages: 4 / 8M, Empty: 2M, Relocated: 0M, In-Place: 0
[2024-07-25T19:05:17.162+0800][85.532s][gc,reloc    ] GC(4578) Large Pages: 4 / 8M, Empty: 4M, Relocated: 0M, In-Place: 0
[2024-07-25T19:05:17.162+0800][85.532s][gc,reloc    ] GC(4578) Forwarding Usage: 0M
[2024-07-25T19:05:17.162+0800][85.532s][gc,heap     ] GC(4578) Min Capacity: 8M(50%)
[2024-07-25T19:05:17.162+0800][85.532s][gc,heap     ] GC(4578) Max Capacity: 16M(100%)
[2024-07-25T19:05:17.162+0800][85.532s][gc,heap     ] GC(4578) Soft Max Capacity: 16M(100%)
[2024-07-25T19:05:17.163+0800][85.532s][gc,heap     ] GC(4578)                Mark Start          Mark End        Relocate Start      Relocate End           High               Low         
[2024-07-25T19:05:17.163+0800][85.532s][gc,heap     ] GC(4578)  Capacity:       16M (100%)         16M (100%)         16M (100%)         16M (100%)         16M (100%)         16M (100%)   
[2024-07-25T19:05:17.163+0800][85.532s][gc,heap     ] GC(4578)      Free:        0M (0%)            0M (0%)            4M (25%)           2M (12%)           6M (38%)           0M (0%)     
[2024-07-25T19:05:17.163+0800][85.532s][gc,heap     ] GC(4578)      Used:       16M (100%)         16M (100%)         12M (75%)          14M (88%)          16M (100%)         10M (62%)    
[2024-07-25T19:05:17.163+0800][85.532s][gc,heap     ] GC(4578)      Live:         -                 8M (54%)           8M (54%)           8M (54%)            -                  -          
[2024-07-25T19:05:17.163+0800][85.533s][gc,heap     ] GC(4578) Allocated:         -                 0M (0%)            2M (12%)           4M (25%)            -                  -          
[2024-07-25T19:05:17.163+0800][85.533s][gc,heap     ] GC(4578)   Garbage:         -                 7M (46%)           1M (8%)            1M (8%)             -                  -          
[2024-07-25T19:05:17.163+0800][85.533s][gc,heap     ] GC(4578) Reclaimed:         -                  -                 6M (38%)           6M (38%)            -                  -          
[2024-07-25T19:05:17.163+0800][85.533s][gc          ] GC(4578) Garbage Collection (Allocation Stall) 16M(100%)->14M(88%)
[2024-07-25T19:05:17.167+0800][85.536s][gc,start    ] GC(4579) Garbage Collection (Allocation Stall)
[2024-07-25T19:05:17.167+0800][85.536s][gc,ref      ] GC(4579) Clearing All SoftReferences
[2024-07-25T19:05:17.167+0800][85.536s][gc,task     ] GC(4579) Using 1 workers
[2024-07-25T19:05:17.167+0800][85.536s][gc,phases   ] GC(4579) Pause Mark Start 0.009ms
[2024-07-25T19:05:17.174+0800][85.543s][gc,phases   ] GC(4579) Concurrent Mark 6.595ms
[2024-07-25T19:05:17.174+0800][85.543s][gc,phases   ] GC(4579) Pause Mark End 0.010ms
[2024-07-25T19:05:17.174+0800][85.543s][gc,phases   ] GC(4579) Concurrent Mark Free 0.001ms
[2024-07-25T19:05:17.175+0800][85.545s][gc,phases   ] GC(4579) Concurrent Process Non-Strong References 1.556ms
[2024-07-25T19:05:17.175+0800][85.545s][gc,phases   ] GC(4579) Concurrent Reset Relocation Set 0.001ms
[2024-07-25T19:05:17.177+0800][85.547s][gc          ] Allocation Stall (main) 11.412ms
[2024-07-25T19:05:17.177+0800][85.547s][gc,phases   ] GC(4579) Concurrent Select Relocation Set 2.572ms
[2024-07-25T19:05:17.178+0800][85.547s][gc,phases   ] GC(4579) Pause Relocate Start 0.007ms
[2024-07-25T19:05:17.178+0800][85.548s][gc,phases   ] GC(4579) Concurrent Relocate 0.106ms
[2024-07-25T19:05:17.178+0800][85.548s][gc,load     ] GC(4579) Load: 0.00/0.00/0.00
[2024-07-25T19:05:17.178+0800][85.548s][gc,mmu      ] GC(4579) MMU: 2ms/88.2%, 5ms/95.3%, 10ms/97.6%, 20ms/98.8%, 50ms/99.4%, 100ms/99.6%
[2024-07-25T19:05:17.178+0800][85.548s][gc,marking  ] GC(4579) Mark: 1 stripe(s), 1 proactive flush(es), 1 terminate flush(es), 0 completion(s), 0 continuation(s) 
[2024-07-25T19:05:17.178+0800][85.548s][gc,marking  ] GC(4579) Mark Stack Usage: 32M
[2024-07-25T19:05:17.178+0800][85.548s][gc,nmethod  ] GC(4579) NMethods: 535 registered, 0 unregistered
[2024-07-25T19:05:17.178+0800][85.548s][gc,metaspace] GC(4579) Metaspace: 1M used, 1M committed, 1088M reserved
[2024-07-25T19:05:17.178+0800][85.548s][gc,ref      ] GC(4579) Soft: 46 encountered, 25 discovered, 0 enqueued
[2024-07-25T19:05:17.178+0800][85.548s][gc,ref      ] GC(4579) Weak: 131 encountered, 107 discovered, 0 enqueued
[2024-07-25T19:05:17.178+0800][85.548s][gc,ref      ] GC(4579) Final: 0 encountered, 0 discovered, 0 enqueued
[2024-07-25T19:05:17.178+0800][85.548s][gc,ref      ] GC(4579) Phantom: 184 encountered, 98 discovered, 0 enqueued
[2024-07-25T19:05:17.178+0800][85.548s][gc,reloc    ] GC(4579) Small Pages: 4 / 8M, Empty: 2M, Relocated: 0M, In-Place: 0
[2024-07-25T19:05:17.178+0800][85.548s][gc,reloc    ] GC(4579) Large Pages: 4 / 8M, Empty: 4M, Relocated: 0M, In-Place: 0
[2024-07-25T19:05:17.178+0800][85.548s][gc,reloc    ] GC(4579) Forwarding Usage: 0M
[2024-07-25T19:05:17.178+0800][85.548s][gc,heap     ] GC(4579) Min Capacity: 8M(50%)
[2024-07-25T19:05:17.178+0800][85.548s][gc,heap     ] GC(4579) Max Capacity: 16M(100%)
[2024-07-25T19:05:17.178+0800][85.548s][gc,heap     ] GC(4579) Soft Max Capacity: 16M(100%)
[2024-07-25T19:05:17.178+0800][85.548s][gc,heap     ] GC(4579)                Mark Start          Mark End        Relocate Start      Relocate End           High               Low         
[2024-07-25T19:05:17.178+0800][85.548s][gc,heap     ] GC(4579)  Capacity:       16M (100%)         16M (100%)         16M (100%)         16M (100%)         16M (100%)         16M (100%)   
[2024-07-25T19:05:17.178+0800][85.548s][gc,heap     ] GC(4579)      Free:        0M (0%)            0M (0%)            2M (12%)           2M (12%)           6M (38%)           0M (0%)     
[2024-07-25T19:05:17.178+0800][85.548s][gc,heap     ] GC(4579)      Used:       16M (100%)         16M (100%)         14M (88%)          14M (88%)          16M (100%)         10M (62%)    
[2024-07-25T19:05:17.178+0800][85.548s][gc,heap     ] GC(4579)      Live:         -                 8M (54%)           8M (54%)           8M (54%)            -                  -          
[2024-07-25T19:05:17.178+0800][85.548s][gc,heap     ] GC(4579) Allocated:         -                 0M (0%)            4M (25%)           4M (25%)            -                  -          
[2024-07-25T19:05:17.178+0800][85.548s][gc,heap     ] GC(4579)   Garbage:         -                 7M (46%)           1M (8%)            1M (8%)             -                  -          
[2024-07-25T19:05:17.178+0800][85.548s][gc,heap     ] GC(4579) Reclaimed:         -                  -                 6M (38%)           6M (38%)            -                  -          
[2024-07-25T19:05:17.178+0800][85.548s][gc          ] GC(4579) Garbage Collection (Allocation Stall) 16M(100%)->14M(88%)
[2024-07-25T19:05:17.181+0800][85.550s][gc,start    ] GC(4580) Garbage Collection (Allocation Stall)
[2024-07-25T19:05:17.181+0800][85.550s][gc,ref      ] GC(4580) Clearing All SoftReferences
[2024-07-25T19:05:17.181+0800][85.550s][gc,task     ] GC(4580) Using 1 workers
[2024-07-25T19:05:17.181+0800][85.550s][gc,phases   ] GC(4580) Pause Mark Start 0.008ms
[2024-07-25T19:05:17.187+0800][85.556s][gc,phases   ] GC(4580) Concurrent Mark 5.510ms
[2024-07-25T19:05:17.187+0800][85.556s][gc,phases   ] GC(4580) Pause Mark End 0.011ms
[2024-07-25T19:05:17.187+0800][85.556s][gc,phases   ] GC(4580) Concurrent Mark Free 0.001ms
[2024-07-25T19:05:17.189+0800][85.558s][gc,phases   ] GC(4580) Concurrent Process Non-Strong References 1.932ms
[2024-07-25T19:05:17.189+0800][85.558s][gc,phases   ] GC(4580) Concurrent Reset Relocation Set 0.001ms
[2024-07-25T19:05:17.192+0800][85.561s][gc          ] Allocation Stall (main) 10.892ms
[2024-07-25T19:05:17.192+0800][85.561s][gc,phases   ] GC(4580) Concurrent Select Relocation Set 2.602ms
[2024-07-25T19:05:17.192+0800][85.561s][gc,phases   ] GC(4580) Pause Relocate Start 0.009ms
[2024-07-25T19:05:17.192+0800][85.561s][gc,phases   ] GC(4580) Concurrent Relocate 0.039ms
[2024-07-25T19:05:17.192+0800][85.561s][gc,load     ] GC(4580) Load: 0.00/0.00/0.00
[2024-07-25T19:05:17.192+0800][85.561s][gc,mmu      ] GC(4580) MMU: 2ms/88.2%, 5ms/95.3%, 10ms/97.6%, 20ms/98.8%, 50ms/99.4%, 100ms/99.6%
[2024-07-25T19:05:17.192+0800][85.561s][gc,marking  ] GC(4580) Mark: 1 stripe(s), 1 proactive flush(es), 1 terminate flush(es), 0 completion(s), 0 continuation(s) 
[2024-07-25T19:05:17.192+0800][85.561s][gc,marking  ] GC(4580) Mark Stack Usage: 32M
[2024-07-25T19:05:17.192+0800][85.561s][gc,nmethod  ] GC(4580) NMethods: 535 registered, 0 unregistered
[2024-07-25T19:05:17.192+0800][85.561s][gc,metaspace] GC(4580) Metaspace: 1M used, 1M committed, 1088M reserved
[2024-07-25T19:05:17.192+0800][85.561s][gc,ref      ] GC(4580) Soft: 46 encountered, 25 discovered, 0 enqueued
[2024-07-25T19:05:17.192+0800][85.561s][gc,ref      ] GC(4580) Weak: 131 encountered, 107 discovered, 0 enqueued
[2024-07-25T19:05:17.192+0800][85.561s][gc,ref      ] GC(4580) Final: 0 encountered, 0 discovered, 0 enqueued
[2024-07-25T19:05:17.192+0800][85.561s][gc,ref      ] GC(4580) Phantom: 184 encountered, 98 discovered, 0 enqueued
[2024-07-25T19:05:17.192+0800][85.561s][gc,reloc    ] GC(4580) Small Pages: 4 / 8M, Empty: 2M, Relocated: 0M, In-Place: 0
[2024-07-25T19:05:17.192+0800][85.561s][gc,reloc    ] GC(4580) Large Pages: 4 / 8M, Empty: 4M, Relocated: 0M, In-Place: 0
[2024-07-25T19:05:17.192+0800][85.561s][gc,reloc    ] GC(4580) Forwarding Usage: 0M
[2024-07-25T19:05:17.192+0800][85.561s][gc,heap     ] GC(4580) Min Capacity: 8M(50%)
[2024-07-25T19:05:17.192+0800][85.561s][gc,heap     ] GC(4580) Max Capacity: 16M(100%)
[2024-07-25T19:05:17.192+0800][85.561s][gc,heap     ] GC(4580) Soft Max Capacity: 16M(100%)
[2024-07-25T19:05:17.192+0800][85.561s][gc,heap     ] GC(4580)                Mark Start          Mark End        Relocate Start      Relocate End           High               Low         
[2024-07-25T19:05:17.192+0800][85.561s][gc,heap     ] GC(4580)  Capacity:       16M (100%)         16M (100%)         16M (100%)         16M (100%)         16M (100%)         16M (100%)   
[2024-07-25T19:05:17.192+0800][85.562s][gc,heap     ] GC(4580)      Free:        0M (0%)            0M (0%)            4M (25%)           4M (25%)           6M (38%)           0M (0%)     
[2024-07-25T19:05:17.192+0800][85.562s][gc,heap     ] GC(4580)      Used:       16M (100%)         16M (100%)         12M (75%)          12M (75%)          16M (100%)         10M (62%)    
[2024-07-25T19:05:17.193+0800][85.562s][gc,heap     ] GC(4580)      Live:         -                 8M (54%)           8M (54%)           8M (54%)            -                  -          
[2024-07-25T19:05:17.193+0800][85.562s][gc,heap     ] GC(4580) Allocated:         -                 0M (0%)            2M (12%)           2M (12%)            -                  -          
[2024-07-25T19:05:17.193+0800][85.562s][gc,heap     ] GC(4580)   Garbage:         -                 7M (46%)           1M (8%)            1M (8%)             -                  -          
[2024-07-25T19:05:17.193+0800][85.562s][gc,heap     ] GC(4580) Reclaimed:         -                  -                 6M (38%)           6M (38%)            -                  -          
[2024-07-25T19:05:17.193+0800][85.562s][gc          ] GC(4580) Garbage Collection (Allocation Stall) 16M(100%)->12M(75%)
[2024-07-25T19:05:17.197+0800][85.566s][gc,start    ] GC(4581) Garbage Collection (Allocation Stall)
[2024-07-25T19:05:17.197+0800][85.566s][gc,ref      ] GC(4581) Clearing All SoftReferences
[2024-07-25T19:05:17.197+0800][85.566s][gc,task     ] GC(4581) Using 1 workers
[2024-07-25T19:05:17.197+0800][85.566s][gc,phases   ] GC(4581) Pause Mark Start 0.011ms
[2024-07-25T19:05:17.205+0800][85.574s][gc,phases   ] GC(4581) Concurrent Mark 7.871ms
[2024-07-25T19:05:17.205+0800][85.574s][gc,phases   ] GC(4581) Pause Mark End 0.011ms
[2024-07-25T19:05:17.205+0800][85.575s][gc,phases   ] GC(4581) Concurrent Mark Free 0.001ms
[2024-07-25T19:05:17.208+0800][85.577s][gc,phases   ] GC(4581) Concurrent Process Non-Strong References 2.500ms
[2024-07-25T19:05:17.208+0800][85.577s][gc,phases   ] GC(4581) Concurrent Reset Relocation Set 0.001ms
[2024-07-25T19:05:17.212+0800][85.581s][gc          ] Allocation Stall (main) 14.880ms
[2024-07-25T19:05:17.212+0800][85.581s][gc,phases   ] GC(4581) Concurrent Select Relocation Set 3.517ms
[2024-07-25T19:05:17.212+0800][85.581s][gc,phases   ] GC(4581) Pause Relocate Start 0.011ms
[2024-07-25T19:05:17.212+0800][85.581s][gc,phases   ] GC(4581) Concurrent Relocate 0.109ms
[2024-07-25T19:05:17.212+0800][85.581s][gc,load     ] GC(4581) Load: 0.00/0.00/0.00
[2024-07-25T19:05:17.212+0800][85.581s][gc,mmu      ] GC(4581) MMU: 2ms/88.2%, 5ms/95.3%, 10ms/97.6%, 20ms/98.8%, 50ms/99.4%, 100ms/99.6%
[2024-07-25T19:05:17.212+0800][85.581s][gc,marking  ] GC(4581) Mark: 1 stripe(s), 1 proactive flush(es), 1 terminate flush(es), 0 completion(s), 0 continuation(s) 
[2024-07-25T19:05:17.212+0800][85.581s][gc,marking  ] GC(4581) Mark Stack Usage: 32M
[2024-07-25T19:05:17.212+0800][85.582s][gc,nmethod  ] GC(4581) NMethods: 535 registered, 0 unregistered
[2024-07-25T19:05:17.212+0800][85.582s][gc,metaspace] GC(4581) Metaspace: 1M used, 1M committed, 1088M reserved
[2024-07-25T19:05:17.212+0800][85.582s][gc,ref      ] GC(4581) Soft: 46 encountered, 25 discovered, 0 enqueued
[2024-07-25T19:05:17.212+0800][85.582s][gc,ref      ] GC(4581) Weak: 131 encountered, 107 discovered, 0 enqueued
[2024-07-25T19:05:17.212+0800][85.582s][gc,ref      ] GC(4581) Final: 0 encountered, 0 discovered, 0 enqueued
[2024-07-25T19:05:17.213+0800][85.582s][gc,ref      ] GC(4581) Phantom: 184 encountered, 98 discovered, 0 enqueued
[2024-07-25T19:05:17.213+0800][85.582s][gc,reloc    ] GC(4581) Small Pages: 4 / 8M, Empty: 2M, Relocated: 0M, In-Place: 0
[2024-07-25T19:05:17.213+0800][85.582s][gc,reloc    ] GC(4581) Large Pages: 4 / 8M, Empty: 4M, Relocated: 0M, In-Place: 0
[2024-07-25T19:05:17.213+0800][85.582s][gc,reloc    ] GC(4581) Forwarding Usage: 0M
[2024-07-25T19:05:17.213+0800][85.582s][gc,heap     ] GC(4581) Min Capacity: 8M(50%)
[2024-07-25T19:05:17.213+0800][85.582s][gc,heap     ] GC(4581) Max Capacity: 16M(100%)
[2024-07-25T19:05:17.213+0800][85.582s][gc,heap     ] GC(4581) Soft Max Capacity: 16M(100%)
[2024-07-25T19:05:17.213+0800][85.582s][gc,heap     ] GC(4581)                Mark Start          Mark End        Relocate Start      Relocate End           High               Low         
[2024-07-25T19:05:17.213+0800][85.582s][gc,heap     ] GC(4581)  Capacity:       16M (100%)         16M (100%)         16M (100%)         16M (100%)         16M (100%)         16M (100%)   
[2024-07-25T19:05:17.213+0800][85.582s][gc,heap     ] GC(4581)      Free:        0M (0%)            0M (0%)            2M (12%)           2M (12%)           6M (38%)           0M (0%)     
[2024-07-25T19:05:17.213+0800][85.582s][gc,heap     ] GC(4581)      Used:       16M (100%)         16M (100%)         14M (88%)          14M (88%)          16M (100%)         10M (62%)    
[2024-07-25T19:05:17.213+0800][85.582s][gc,heap     ] GC(4581)      Live:         -                 8M (54%)           8M (54%)           8M (54%)            -                  -          
[2024-07-25T19:05:17.213+0800][85.582s][gc,heap     ] GC(4581) Allocated:         -                 0M (0%)            4M (25%)           4M (25%)            -                  -          
[2024-07-25T19:05:17.213+0800][85.582s][gc,heap     ] GC(4581)   Garbage:         -                 7M (46%)           1M (8%)            1M (8%)             -                  -          
[2024-07-25T19:05:17.213+0800][85.582s][gc,heap     ] GC(4581) Reclaimed:         -                  -                 6M (38%)           6M (38%)            -                  -          
[2024-07-25T19:05:17.213+0800][85.582s][gc          ] GC(4581) Garbage Collection (Allocation Stall) 16M(100%)->14M(88%)
[2024-07-25T19:05:17.218+0800][85.587s][gc,start    ] GC(4582) Garbage Collection (Allocation Stall)
[2024-07-25T19:05:17.218+0800][85.587s][gc,ref      ] GC(4582) Clearing All SoftReferences
[2024-07-25T19:05:17.218+0800][85.587s][gc,task     ] GC(4582) Using 1 workers
[2024-07-25T19:05:17.218+0800][85.587s][gc,phases   ] GC(4582) Pause Mark Start 0.009ms
[2024-07-25T19:05:17.227+0800][85.596s][gc,phases   ] GC(4582) Concurrent Mark 8.360ms
[2024-07-25T19:05:17.227+0800][85.596s][gc,phases   ] GC(4582) Pause Mark End 0.020ms
[2024-07-25T19:05:17.227+0800][85.596s][gc,phases   ] GC(4582) Concurrent Mark Free 0.002ms
[2024-07-25T19:05:17.229+0800][85.599s][gc,phases   ] GC(4582) Concurrent Process Non-Strong References 2.343ms
[2024-07-25T19:05:17.229+0800][85.599s][gc,phases   ] GC(4582) Concurrent Reset Relocation Set 0.001ms
[2024-07-25T19:05:17.233+0800][85.602s][gc          ] Allocation Stall (main) 15.334ms
[2024-07-25T19:05:17.233+0800][85.602s][gc,phases   ] GC(4582) Concurrent Select Relocation Set 3.543ms
[2024-07-25T19:05:17.233+0800][85.603s][gc,phases   ] GC(4582) Pause Relocate Start 0.011ms
[2024-07-25T19:05:17.234+0800][85.603s][gc,phases   ] GC(4582) Concurrent Relocate 0.077ms
[2024-07-25T19:05:17.234+0800][85.603s][gc,load     ] GC(4582) Load: 0.00/0.00/0.00
[2024-07-25T19:05:17.234+0800][85.603s][gc,mmu      ] GC(4582) MMU: 2ms/88.2%, 5ms/95.3%, 10ms/97.6%, 20ms/98.8%, 50ms/99.4%, 100ms/99.6%
[2024-07-25T19:05:17.234+0800][85.603s][gc,marking  ] GC(4582) Mark: 1 stripe(s), 1 proactive flush(es), 1 terminate flush(es), 0 completion(s), 0 continuation(s) 
[2024-07-25T19:05:17.234+0800][85.603s][gc,marking  ] GC(4582) Mark Stack Usage: 32M
[2024-07-25T19:05:17.234+0800][85.603s][gc,nmethod  ] GC(4582) NMethods: 535 registered, 0 unregistered
[2024-07-25T19:05:17.234+0800][85.603s][gc,metaspace] GC(4582) Metaspace: 1M used, 1M committed, 1088M reserved
[2024-07-25T19:05:17.234+0800][85.603s][gc,ref      ] GC(4582) Soft: 46 encountered, 25 discovered, 0 enqueued
[2024-07-25T19:05:17.234+0800][85.603s][gc,ref      ] GC(4582) Weak: 131 encountered, 107 discovered, 0 enqueued
[2024-07-25T19:05:17.234+0800][85.603s][gc,ref      ] GC(4582) Final: 0 encountered, 0 discovered, 0 enqueued
[2024-07-25T19:05:17.234+0800][85.603s][gc,ref      ] GC(4582) Phantom: 184 encountered, 98 discovered, 0 enqueued
[2024-07-25T19:05:17.234+0800][85.603s][gc,reloc    ] GC(4582) Small Pages: 4 / 8M, Empty: 2M, Relocated: 0M, In-Place: 0
[2024-07-25T19:05:17.234+0800][85.603s][gc,reloc    ] GC(4582) Large Pages: 4 / 8M, Empty: 4M, Relocated: 0M, In-Place: 0
[2024-07-25T19:05:17.234+0800][85.603s][gc,reloc    ] GC(4582) Forwarding Usage: 0M
[2024-07-25T19:05:17.234+0800][85.603s][gc,heap     ] GC(4582) Min Capacity: 8M(50%)
[2024-07-25T19:05:17.234+0800][85.604s][gc,heap     ] GC(4582) Max Capacity: 16M(100%)
[2024-07-25T19:05:17.234+0800][85.604s][gc,heap     ] GC(4582) Soft Max Capacity: 16M(100%)
[2024-07-25T19:05:17.234+0800][85.604s][gc,heap     ] GC(4582)                Mark Start          Mark End        Relocate Start      Relocate End           High               Low         
[2024-07-25T19:05:17.234+0800][85.604s][gc,heap     ] GC(4582)  Capacity:       16M (100%)         16M (100%)         16M (100%)         16M (100%)         16M (100%)         16M (100%)   
[2024-07-25T19:05:17.234+0800][85.604s][gc,heap     ] GC(4582)      Free:        0M (0%)            0M (0%)            2M (12%)           2M (12%)           6M (38%)           0M (0%)     
[2024-07-25T19:05:17.234+0800][85.604s][gc,heap     ] GC(4582)      Used:       16M (100%)         16M (100%)         14M (88%)          14M (88%)          16M (100%)         10M (62%)    
[2024-07-25T19:05:17.234+0800][85.604s][gc,heap     ] GC(4582)      Live:         -                 8M (54%)           8M (54%)           8M (54%)            -                  -          
[2024-07-25T19:05:17.234+0800][85.604s][gc,heap     ] GC(4582) Allocated:         -                 0M (0%)            4M (25%)           4M (25%)            -                  -          
[2024-07-25T19:05:17.235+0800][85.604s][gc,heap     ] GC(4582)   Garbage:         -                 7M (46%)           1M (8%)            1M (8%)             -                  -          
[2024-07-25T19:05:17.235+0800][85.604s][gc,heap     ] GC(4582) Reclaimed:         -                  -                 6M (38%)           6M (38%)            -                  -          
[2024-07-25T19:05:17.235+0800][85.604s][gc          ] GC(4582) Garbage Collection (Allocation Stall) 16M(100%)->14M(88%)
[2024-07-25T19:05:17.239+0800][85.608s][gc,start    ] GC(4583) Garbage Collection (Allocation Stall)
[2024-07-25T19:05:17.239+0800][85.608s][gc,ref      ] GC(4583) Clearing All SoftReferences
[2024-07-25T19:05:17.239+0800][85.608s][gc,task     ] GC(4583) Using 1 workers
[2024-07-25T19:05:17.239+0800][85.608s][gc,phases   ] GC(4583) Pause Mark Start 0.010ms
[2024-07-25T19:05:17.247+0800][85.617s][gc,phases   ] GC(4583) Concurrent Mark 8.155ms
[2024-07-25T19:05:17.247+0800][85.617s][gc,phases   ] GC(4583) Pause Mark End 0.015ms
[2024-07-25T19:05:17.248+0800][85.617s][gc,phases   ] GC(4583) Concurrent Mark Free 0.002ms
[2024-07-25T19:05:17.250+0800][85.619s][gc,phases   ] GC(4583) Concurrent Process Non-Strong References 2.058ms
[2024-07-25T19:05:17.250+0800][85.619s][gc,phases   ] GC(4583) Concurrent Reset Relocation Set 0.001ms
[2024-07-25T19:05:17.254+0800][85.623s][gc          ] Allocation Stall (main) 15.040ms
[2024-07-25T19:05:17.254+0800][85.623s][gc,phases   ] GC(4583) Concurrent Select Relocation Set 3.669ms
[2024-07-25T19:05:17.254+0800][85.623s][gc,phases   ] GC(4583) Pause Relocate Start 0.012ms
[2024-07-25T19:05:17.254+0800][85.624s][gc,phases   ] GC(4583) Concurrent Relocate 0.110ms
[2024-07-25T19:05:17.254+0800][85.624s][gc,load     ] GC(4583) Load: 0.00/0.00/0.00
[2024-07-25T19:05:17.254+0800][85.624s][gc,mmu      ] GC(4583) MMU: 2ms/88.2%, 5ms/95.3%, 10ms/97.6%, 20ms/98.8%, 50ms/99.4%, 100ms/99.6%
[2024-07-25T19:05:17.254+0800][85.624s][gc,marking  ] GC(4583) Mark: 1 stripe(s), 1 proactive flush(es), 1 terminate flush(es), 0 completion(s), 0 continuation(s) 
[2024-07-25T19:05:17.254+0800][85.624s][gc,marking  ] GC(4583) Mark Stack Usage: 32M
[2024-07-25T19:05:17.254+0800][85.624s][gc,nmethod  ] GC(4583) NMethods: 535 registered, 0 unregistered
[2024-07-25T19:05:17.255+0800][85.624s][gc,metaspace] GC(4583) Metaspace: 1M used, 1M committed, 1088M reserved
[2024-07-25T19:05:17.255+0800][85.624s][gc,ref      ] GC(4583) Soft: 46 encountered, 25 discovered, 0 enqueued
[2024-07-25T19:05:17.255+0800][85.624s][gc,ref      ] GC(4583) Weak: 131 encountered, 107 discovered, 0 enqueued
[2024-07-25T19:05:17.255+0800][85.624s][gc,ref      ] GC(4583) Final: 0 encountered, 0 discovered, 0 enqueued
[2024-07-25T19:05:17.255+0800][85.624s][gc,ref      ] GC(4583) Phantom: 184 encountered, 98 discovered, 0 enqueued
[2024-07-25T19:05:17.255+0800][85.624s][gc,reloc    ] GC(4583) Small Pages: 4 / 8M, Empty: 2M, Relocated: 0M, In-Place: 0
[2024-07-25T19:05:17.255+0800][85.624s][gc,reloc    ] GC(4583) Large Pages: 4 / 8M, Empty: 4M, Relocated: 0M, In-Place: 0
[2024-07-25T19:05:17.255+0800][85.624s][gc,reloc    ] GC(4583) Forwarding Usage: 0M
[2024-07-25T19:05:17.255+0800][85.624s][gc,heap     ] GC(4583) Min Capacity: 8M(50%)
[2024-07-25T19:05:17.255+0800][85.624s][gc,heap     ] GC(4583) Max Capacity: 16M(100%)
[2024-07-25T19:05:17.255+0800][85.624s][gc,heap     ] GC(4583) Soft Max Capacity: 16M(100%)
[2024-07-25T19:05:17.255+0800][85.624s][gc,heap     ] GC(4583)                Mark Start          Mark End        Relocate Start      Relocate End           High               Low         
[2024-07-25T19:05:17.255+0800][85.624s][gc,heap     ] GC(4583)  Capacity:       16M (100%)         16M (100%)         16M (100%)         16M (100%)         16M (100%)         16M (100%)   
[2024-07-25T19:05:17.255+0800][85.624s][gc,heap     ] GC(4583)      Free:        0M (0%)            0M (0%)            2M (12%)           2M (12%)           6M (38%)           0M (0%)     
[2024-07-25T19:05:17.255+0800][85.624s][gc,heap     ] GC(4583)      Used:       16M (100%)         16M (100%)         14M (88%)          14M (88%)          16M (100%)         10M (62%)    
[2024-07-25T19:05:17.255+0800][85.624s][gc,heap     ] GC(4583)      Live:         -                 8M (54%)           8M (54%)           8M (54%)            -                  -          
[2024-07-25T19:05:17.255+0800][85.624s][gc,heap     ] GC(4583) Allocated:         -                 0M (0%)            4M (25%)           4M (25%)            -                  -          
[2024-07-25T19:05:17.255+0800][85.624s][gc,heap     ] GC(4583)   Garbage:         -                 7M (46%)           1M (8%)            1M (8%)             -                  -          
[2024-07-25T19:05:17.255+0800][85.624s][gc,heap     ] GC(4583) Reclaimed:         -                  -                 6M (38%)           6M (38%)            -                  -          
[2024-07-25T19:05:17.255+0800][85.624s][gc          ] GC(4583) Garbage Collection (Allocation Stall) 16M(100%)->14M(88%)
[2024-07-25T19:05:17.261+0800][85.630s][gc,start    ] GC(4584) Garbage Collection (Allocation Stall)
[2024-07-25T19:05:17.261+0800][85.630s][gc,ref      ] GC(4584) Clearing All SoftReferences
[2024-07-25T19:05:17.261+0800][85.630s][gc,task     ] GC(4584) Using 1 workers
[2024-07-25T19:05:17.261+0800][85.630s][gc,phases   ] GC(4584) Pause Mark Start 0.011ms
[2024-07-25T19:05:17.267+0800][85.636s][gc,phases   ] GC(4584) Concurrent Mark 5.944ms
[2024-07-25T19:05:17.267+0800][85.636s][gc,phases   ] GC(4584) Pause Mark End 0.011ms
[2024-07-25T19:05:17.267+0800][85.637s][gc,phases   ] GC(4584) Concurrent Mark Free 0.001ms
[2024-07-25T19:05:17.269+0800][85.638s][gc,phases   ] GC(4584) Concurrent Process Non-Strong References 1.400ms
[2024-07-25T19:05:17.269+0800][85.638s][gc,phases   ] GC(4584) Concurrent Reset Relocation Set 0.001ms
[2024-07-25T19:05:17.271+0800][85.640s][gc          ] Allocation Stall (main) 10.466ms
[2024-07-25T19:05:17.271+0800][85.640s][gc,phases   ] GC(4584) Concurrent Select Relocation Set 2.293ms
[2024-07-25T19:05:17.271+0800][85.641s][gc,phases   ] GC(4584) Pause Relocate Start 0.009ms
[2024-07-25T19:05:17.271+0800][85.641s][gc,phases   ] GC(4584) Concurrent Relocate 0.115ms
[2024-07-25T19:05:17.272+0800][85.641s][gc,load     ] GC(4584) Load: 0.00/0.00/0.00
[2024-07-25T19:05:17.272+0800][85.641s][gc,mmu      ] GC(4584) MMU: 2ms/88.2%, 5ms/95.3%, 10ms/97.6%, 20ms/98.8%, 50ms/99.4%, 100ms/99.6%
[2024-07-25T19:05:17.272+0800][85.641s][gc,marking  ] GC(4584) Mark: 1 stripe(s), 1 proactive flush(es), 1 terminate flush(es), 0 completion(s), 0 continuation(s) 
[2024-07-25T19:05:17.272+0800][85.641s][gc,marking  ] GC(4584) Mark Stack Usage: 32M
[2024-07-25T19:05:17.272+0800][85.641s][gc,nmethod  ] GC(4584) NMethods: 535 registered, 0 unregistered
[2024-07-25T19:05:17.272+0800][85.641s][gc,metaspace] GC(4584) Metaspace: 1M used, 1M committed, 1088M reserved
[2024-07-25T19:05:17.272+0800][85.641s][gc,ref      ] GC(4584) Soft: 46 encountered, 25 discovered, 0 enqueued
[2024-07-25T19:05:17.272+0800][85.641s][gc,ref      ] GC(4584) Weak: 131 encountered, 107 discovered, 0 enqueued
[2024-07-25T19:05:17.272+0800][85.641s][gc,ref      ] GC(4584) Final: 0 encountered, 0 discovered, 0 enqueued
[2024-07-25T19:05:17.272+0800][85.641s][gc,ref      ] GC(4584) Phantom: 184 encountered, 98 discovered, 0 enqueued
[2024-07-25T19:05:17.272+0800][85.641s][gc,reloc    ] GC(4584) Small Pages: 4 / 8M, Empty: 2M, Relocated: 0M, In-Place: 0
[2024-07-25T19:05:17.272+0800][85.641s][gc,reloc    ] GC(4584) Large Pages: 4 / 8M, Empty: 4M, Relocated: 0M, In-Place: 0
[2024-07-25T19:05:17.272+0800][85.641s][gc,reloc    ] GC(4584) Forwarding Usage: 0M
[2024-07-25T19:05:17.272+0800][85.641s][gc,heap     ] GC(4584) Min Capacity: 8M(50%)
[2024-07-25T19:05:17.272+0800][85.641s][gc,heap     ] GC(4584) Max Capacity: 16M(100%)
[2024-07-25T19:05:17.272+0800][85.641s][gc,heap     ] GC(4584) Soft Max Capacity: 16M(100%)
[2024-07-25T19:05:17.272+0800][85.641s][gc,heap     ] GC(4584)                Mark Start          Mark End        Relocate Start      Relocate End           High               Low         
[2024-07-25T19:05:17.272+0800][85.641s][gc,heap     ] GC(4584)  Capacity:       16M (100%)         16M (100%)         16M (100%)         16M (100%)         16M (100%)         16M (100%)   
[2024-07-25T19:05:17.272+0800][85.641s][gc,heap     ] GC(4584)      Free:        0M (0%)            0M (0%)            2M (12%)           2M (12%)           6M (38%)           0M (0%)     
[2024-07-25T19:05:17.272+0800][85.641s][gc,heap     ] GC(4584)      Used:       16M (100%)         16M (100%)         14M (88%)          14M (88%)          16M (100%)         10M (62%)    
[2024-07-25T19:05:17.272+0800][85.641s][gc,heap     ] GC(4584)      Live:         -                 8M (54%)           8M (54%)           8M (54%)            -                  -          
[2024-07-25T19:05:17.272+0800][85.641s][gc,heap     ] GC(4584) Allocated:         -                 0M (0%)            4M (25%)           4M (25%)            -                  -          
[2024-07-25T19:05:17.272+0800][85.641s][gc,heap     ] GC(4584)   Garbage:         -                 7M (46%)           1M (8%)            1M (8%)             -                  -          
[2024-07-25T19:05:17.272+0800][85.641s][gc,heap     ] GC(4584) Reclaimed:         -                  -                 6M (38%)           6M (38%)            -                  -          
[2024-07-25T19:05:17.272+0800][85.641s][gc          ] GC(4584) Garbage Collection (Allocation Stall) 16M(100%)->14M(88%)
[2024-07-25T19:05:17.275+0800][85.644s][gc,start    ] GC(4585) Garbage Collection (Allocation Stall)
[2024-07-25T19:05:17.275+0800][85.644s][gc,ref      ] GC(4585) Clearing All SoftReferences
[2024-07-25T19:05:17.275+0800][85.645s][gc,task     ] GC(4585) Using 1 workers
[2024-07-25T19:05:17.275+0800][85.645s][gc,phases   ] GC(4585) Pause Mark Start 0.022ms
[2024-07-25T19:05:17.282+0800][85.652s][gc,phases   ] GC(4585) Concurrent Mark 6.770ms
[2024-07-25T19:05:17.283+0800][85.652s][gc,phases   ] GC(4585) Pause Mark End 0.011ms
[2024-07-25T19:05:17.283+0800][85.652s][gc,phases   ] GC(4585) Concurrent Mark Free 0.001ms
[2024-07-25T19:05:17.284+0800][85.654s][gc,phases   ] GC(4585) Concurrent Process Non-Strong References 1.669ms
[2024-07-25T19:05:17.284+0800][85.654s][gc,phases   ] GC(4585) Concurrent Reset Relocation Set 0.001ms
[2024-07-25T19:05:17.289+0800][85.658s][gc          ] Allocation Stall (main) 13.750ms
[2024-07-25T19:05:17.289+0800][85.658s][gc,phases   ] GC(4585) Concurrent Select Relocation Set 4.127ms
[2024-07-25T19:05:17.289+0800][85.658s][gc,phases   ] GC(4585) Pause Relocate Start 0.009ms
[2024-07-25T19:05:17.289+0800][85.658s][gc,phases   ] GC(4585) Concurrent Relocate 0.047ms
[2024-07-25T19:05:17.289+0800][85.658s][gc,load     ] GC(4585) Load: 0.00/0.00/0.00
[2024-07-25T19:05:17.289+0800][85.658s][gc,mmu      ] GC(4585) MMU: 2ms/88.2%, 5ms/95.3%, 10ms/97.6%, 20ms/98.8%, 50ms/99.4%, 100ms/99.6%
[2024-07-25T19:05:17.289+0800][85.659s][gc,marking  ] GC(4585) Mark: 1 stripe(s), 1 proactive flush(es), 1 terminate flush(es), 0 completion(s), 0 continuation(s) 
[2024-07-25T19:05:17.289+0800][85.659s][gc,marking  ] GC(4585) Mark Stack Usage: 32M
[2024-07-25T19:05:17.289+0800][85.659s][gc,nmethod  ] GC(4585) NMethods: 535 registered, 0 unregistered
[2024-07-25T19:05:17.289+0800][85.659s][gc,metaspace] GC(4585) Metaspace: 1M used, 1M committed, 1088M reserved
[2024-07-25T19:05:17.289+0800][85.659s][gc,ref      ] GC(4585) Soft: 46 encountered, 25 discovered, 0 enqueued
[2024-07-25T19:05:17.289+0800][85.659s][gc,ref      ] GC(4585) Weak: 131 encountered, 107 discovered, 0 enqueued
[2024-07-25T19:05:17.289+0800][85.659s][gc,ref      ] GC(4585) Final: 0 encountered, 0 discovered, 0 enqueued
[2024-07-25T19:05:17.289+0800][85.659s][gc,ref      ] GC(4585) Phantom: 184 encountered, 98 discovered, 0 enqueued
[2024-07-25T19:05:17.289+0800][85.659s][gc,reloc    ] GC(4585) Small Pages: 4 / 8M, Empty: 2M, Relocated: 0M, In-Place: 0
[2024-07-25T19:05:17.289+0800][85.659s][gc,reloc    ] GC(4585) Large Pages: 4 / 8M, Empty: 4M, Relocated: 0M, In-Place: 0
[2024-07-25T19:05:17.289+0800][85.659s][gc,reloc    ] GC(4585) Forwarding Usage: 0M
[2024-07-25T19:05:17.289+0800][85.659s][gc,heap     ] GC(4585) Min Capacity: 8M(50%)
[2024-07-25T19:05:17.289+0800][85.659s][gc,heap     ] GC(4585) Max Capacity: 16M(100%)
[2024-07-25T19:05:17.290+0800][85.659s][gc,heap     ] GC(4585) Soft Max Capacity: 16M(100%)
[2024-07-25T19:05:17.290+0800][85.659s][gc,heap     ] GC(4585)                Mark Start          Mark End        Relocate Start      Relocate End           High               Low         
[2024-07-25T19:05:17.290+0800][85.659s][gc,heap     ] GC(4585)  Capacity:       16M (100%)         16M (100%)         16M (100%)         16M (100%)         16M (100%)         16M (100%)   
[2024-07-25T19:05:17.290+0800][85.659s][gc,heap     ] GC(4585)      Free:        0M (0%)            0M (0%)            2M (12%)           2M (12%)           6M (38%)           0M (0%)     
[2024-07-25T19:05:17.290+0800][85.659s][gc,heap     ] GC(4585)      Used:       16M (100%)         16M (100%)         14M (88%)          14M (88%)          16M (100%)         10M (62%)    
[2024-07-25T19:05:17.290+0800][85.659s][gc,heap     ] GC(4585)      Live:         -                 8M (54%)           8M (54%)           8M (54%)            -                  -          
[2024-07-25T19:05:17.290+0800][85.659s][gc,heap     ] GC(4585) Allocated:         -                 0M (0%)            4M (25%)           4M (25%)            -                  -          
[2024-07-25T19:05:17.290+0800][85.659s][gc,heap     ] GC(4585)   Garbage:         -                 7M (46%)           1M (8%)            1M (8%)             -                  -          
[2024-07-25T19:05:17.290+0800][85.659s][gc,heap     ] GC(4585) Reclaimed:         -                  -                 6M (38%)           6M (38%)            -                  -          
[2024-07-25T19:05:17.290+0800][85.659s][gc          ] GC(4585) Garbage Collection (Allocation Stall) 16M(100%)->14M(88%)
[2024-07-25T19:05:17.295+0800][85.664s][gc,start    ] GC(4586) Garbage Collection (Allocation Stall)
[2024-07-25T19:05:17.295+0800][85.664s][gc,ref      ] GC(4586) Clearing All SoftReferences
[2024-07-25T19:05:17.295+0800][85.664s][gc,task     ] GC(4586) Using 1 workers
[2024-07-25T19:05:17.295+0800][85.664s][gc,phases   ] GC(4586) Pause Mark Start 0.008ms
[2024-07-25T19:05:17.301+0800][85.671s][gc,phases   ] GC(4586) Concurrent Mark 6.362ms
[2024-07-25T19:05:17.302+0800][85.671s][gc,phases   ] GC(4586) Pause Mark End 0.012ms
[2024-07-25T19:05:17.302+0800][85.671s][gc,phases   ] GC(4586) Concurrent Mark Free 0.001ms
[2024-07-25T19:05:17.303+0800][85.673s][gc,phases   ] GC(4586) Concurrent Process Non-Strong References 1.599ms
[2024-07-25T19:05:17.303+0800][85.673s][gc,phases   ] GC(4586) Concurrent Reset Relocation Set 0.001ms
[2024-07-25T19:05:17.306+0800][85.675s][gc          ] Allocation Stall (main) 11.315ms
[2024-07-25T19:05:17.306+0800][85.675s][gc,phases   ] GC(4586) Concurrent Select Relocation Set 2.596ms
[2024-07-25T19:05:17.306+0800][85.675s][gc,phases   ] GC(4586) Pause Relocate Start 0.009ms
[2024-07-25T19:05:17.306+0800][85.676s][gc,phases   ] GC(4586) Concurrent Relocate 0.090ms
[2024-07-25T19:05:17.306+0800][85.676s][gc,load     ] GC(4586) Load: 0.00/0.00/0.00
[2024-07-25T19:05:17.306+0800][85.676s][gc,mmu      ] GC(4586) MMU: 2ms/88.2%, 5ms/95.3%, 10ms/97.6%, 20ms/98.8%, 50ms/99.4%, 100ms/99.6%
[2024-07-25T19:05:17.307+0800][85.676s][gc,marking  ] GC(4586) Mark: 1 stripe(s), 1 proactive flush(es), 1 terminate flush(es), 0 completion(s), 0 continuation(s) 
[2024-07-25T19:05:17.307+0800][85.676s][gc,marking  ] GC(4586) Mark Stack Usage: 32M
[2024-07-25T19:05:17.307+0800][85.676s][gc,nmethod  ] GC(4586) NMethods: 535 registered, 0 unregistered
[2024-07-25T19:05:17.307+0800][85.676s][gc,metaspace] GC(4586) Metaspace: 1M used, 1M committed, 1088M reserved
[2024-07-25T19:05:17.307+0800][85.676s][gc,ref      ] GC(4586) Soft: 46 encountered, 25 discovered, 0 enqueued
[2024-07-25T19:05:17.307+0800][85.676s][gc,ref      ] GC(4586) Weak: 131 encountered, 107 discovered, 0 enqueued
[2024-07-25T19:05:17.307+0800][85.676s][gc,ref      ] GC(4586) Final: 0 encountered, 0 discovered, 0 enqueued
[2024-07-25T19:05:17.307+0800][85.676s][gc,ref      ] GC(4586) Phantom: 184 encountered, 98 discovered, 0 enqueued
[2024-07-25T19:05:17.307+0800][85.676s][gc,reloc    ] GC(4586) Small Pages: 4 / 8M, Empty: 2M, Relocated: 0M, In-Place: 0
[2024-07-25T19:05:17.307+0800][85.676s][gc,reloc    ] GC(4586) Large Pages: 4 / 8M, Empty: 4M, Relocated: 0M, In-Place: 0
[2024-07-25T19:05:17.307+0800][85.676s][gc,reloc    ] GC(4586) Forwarding Usage: 0M
[2024-07-25T19:05:17.307+0800][85.676s][gc,heap     ] GC(4586) Min Capacity: 8M(50%)
[2024-07-25T19:05:17.307+0800][85.676s][gc,heap     ] GC(4586) Max Capacity: 16M(100%)
[2024-07-25T19:05:17.307+0800][85.676s][gc,heap     ] GC(4586) Soft Max Capacity: 16M(100%)
[2024-07-25T19:05:17.307+0800][85.676s][gc,heap     ] GC(4586)                Mark Start          Mark End        Relocate Start      Relocate End           High               Low         
[2024-07-25T19:05:17.307+0800][85.676s][gc,heap     ] GC(4586)  Capacity:       16M (100%)         16M (100%)         16M (100%)         16M (100%)         16M (100%)         16M (100%)   
[2024-07-25T19:05:17.307+0800][85.676s][gc,heap     ] GC(4586)      Free:        0M (0%)            0M (0%)            2M (12%)           2M (12%)           6M (38%)           0M (0%)     
[2024-07-25T19:05:17.307+0800][85.676s][gc,heap     ] GC(4586)      Used:       16M (100%)         16M (100%)         14M (88%)          14M (88%)          16M (100%)         10M (62%)    
[2024-07-25T19:05:17.307+0800][85.676s][gc,heap     ] GC(4586)      Live:         -                 8M (54%)           8M (54%)           8M (54%)            -                  -          
[2024-07-25T19:05:17.307+0800][85.676s][gc,heap     ] GC(4586) Allocated:         -                 0M (0%)            4M (25%)           4M (25%)            -                  -          
[2024-07-25T19:05:17.307+0800][85.676s][gc,heap     ] GC(4586)   Garbage:         -                 7M (46%)           1M (8%)            1M (8%)             -                  -          
[2024-07-25T19:05:17.307+0800][85.676s][gc,heap     ] GC(4586) Reclaimed:         -                  -                 6M (38%)           6M (38%)            -                  -          
[2024-07-25T19:05:17.307+0800][85.676s][gc          ] GC(4586) Garbage Collection (Allocation Stall) 16M(100%)->14M(88%)
[2024-07-25T19:05:17.309+0800][85.678s][gc,start    ] GC(4587) Garbage Collection (Allocation Stall)
[2024-07-25T19:05:17.309+0800][85.679s][gc,ref      ] GC(4587) Clearing All SoftReferences
[2024-07-25T19:05:17.309+0800][85.679s][gc,task     ] GC(4587) Using 1 workers
[2024-07-25T19:05:17.309+0800][85.679s][gc,phases   ] GC(4587) Pause Mark Start 0.009ms
[2024-07-25T19:05:17.315+0800][85.685s][gc,phases   ] GC(4587) Concurrent Mark 5.812ms
[2024-07-25T19:05:17.316+0800][85.685s][gc,phases   ] GC(4587) Pause Mark End 0.011ms
[2024-07-25T19:05:17.316+0800][85.685s][gc,phases   ] GC(4587) Concurrent Mark Free 0.001ms
[2024-07-25T19:05:17.317+0800][85.687s][gc,phases   ] GC(4587) Concurrent Process Non-Strong References 1.778ms
[2024-07-25T19:05:17.318+0800][85.687s][gc,phases   ] GC(4587) Concurrent Reset Relocation Set 0.001ms
[2024-07-25T19:05:17.320+0800][85.690s][gc          ] Allocation Stall (main) 11.538ms
[2024-07-25T19:05:17.320+0800][85.690s][gc,phases   ] GC(4587) Concurrent Select Relocation Set 2.847ms
[2024-07-25T19:05:17.321+0800][85.690s][gc,phases   ] GC(4587) Pause Relocate Start 0.021ms
[2024-07-25T19:05:17.321+0800][85.691s][gc,phases   ] GC(4587) Concurrent Relocate 0.200ms
[2024-07-25T19:05:17.321+0800][85.691s][gc,load     ] GC(4587) Load: 0.00/0.00/0.00
[2024-07-25T19:05:17.321+0800][85.691s][gc,mmu      ] GC(4587) MMU: 2ms/88.2%, 5ms/95.3%, 10ms/97.6%, 20ms/98.8%, 50ms/99.4%, 100ms/99.6%
[2024-07-25T19:05:17.322+0800][85.691s][gc,marking  ] GC(4587) Mark: 1 stripe(s), 1 proactive flush(es), 1 terminate flush(es), 0 completion(s), 0 continuation(s) 
[2024-07-25T19:05:17.322+0800][85.691s][gc,marking  ] GC(4587) Mark Stack Usage: 32M
[2024-07-25T19:05:17.322+0800][85.691s][gc,nmethod  ] GC(4587) NMethods: 535 registered, 0 unregistered
[2024-07-25T19:05:17.322+0800][85.691s][gc,metaspace] GC(4587) Metaspace: 1M used, 1M committed, 1088M reserved
[2024-07-25T19:05:17.322+0800][85.691s][gc,ref      ] GC(4587) Soft: 46 encountered, 25 discovered, 0 enqueued
[2024-07-25T19:05:17.322+0800][85.691s][gc,ref      ] GC(4587) Weak: 131 encountered, 107 discovered, 0 enqueued
[2024-07-25T19:05:17.322+0800][85.691s][gc,ref      ] GC(4587) Final: 0 encountered, 0 discovered, 0 enqueued
[2024-07-25T19:05:17.322+0800][85.691s][gc,ref      ] GC(4587) Phantom: 184 encountered, 98 discovered, 0 enqueued
[2024-07-25T19:05:17.322+0800][85.691s][gc,reloc    ] GC(4587) Small Pages: 4 / 8M, Empty: 2M, Relocated: 0M, In-Place: 0
[2024-07-25T19:05:17.322+0800][85.691s][gc,reloc    ] GC(4587) Large Pages: 4 / 8M, Empty: 4M, Relocated: 0M, In-Place: 0
[2024-07-25T19:05:17.322+0800][85.691s][gc,reloc    ] GC(4587) Forwarding Usage: 0M
[2024-07-25T19:05:17.322+0800][85.691s][gc,heap     ] GC(4587) Min Capacity: 8M(50%)
[2024-07-25T19:05:17.322+0800][85.691s][gc,heap     ] GC(4587) Max Capacity: 16M(100%)
[2024-07-25T19:05:17.322+0800][85.691s][gc,heap     ] GC(4587) Soft Max Capacity: 16M(100%)
[2024-07-25T19:05:17.322+0800][85.691s][gc,heap     ] GC(4587)                Mark Start          Mark End        Relocate Start      Relocate End           High               Low         
[2024-07-25T19:05:17.322+0800][85.691s][gc,heap     ] GC(4587)  Capacity:       16M (100%)         16M (100%)         16M (100%)         16M (100%)         16M (100%)         16M (100%)   
[2024-07-25T19:05:17.322+0800][85.692s][gc,heap     ] GC(4587)      Free:        0M (0%)            0M (0%)            4M (25%)           4M (25%)           6M (38%)           0M (0%)     
[2024-07-25T19:05:17.322+0800][85.692s][gc,heap     ] GC(4587)      Used:       16M (100%)         16M (100%)         12M (75%)          12M (75%)          16M (100%)         10M (62%)    
[2024-07-25T19:05:17.322+0800][85.692s][gc,heap     ] GC(4587)      Live:         -                 8M (54%)           8M (54%)           8M (54%)            -                  -          
[2024-07-25T19:05:17.322+0800][85.692s][gc,heap     ] GC(4587) Allocated:         -                 0M (0%)            2M (12%)           2M (12%)            -                  -          
[2024-07-25T19:05:17.322+0800][85.692s][gc,heap     ] GC(4587)   Garbage:         -                 7M (46%)           1M (8%)            1M (8%)             -                  -          
[2024-07-25T19:05:17.322+0800][85.692s][gc,heap     ] GC(4587) Reclaimed:         -                  -                 6M (38%)           6M (38%)            -                  -          
[2024-07-25T19:05:17.322+0800][85.692s][gc          ] GC(4587) Garbage Collection (Allocation Stall) 16M(100%)->12M(75%)
[2024-07-25T19:05:17.327+0800][85.696s][gc,start    ] GC(4588) Garbage Collection (Allocation Stall)
[2024-07-25T19:05:17.327+0800][85.696s][gc,ref      ] GC(4588) Clearing All SoftReferences
[2024-07-25T19:05:17.327+0800][85.696s][gc,task     ] GC(4588) Using 1 workers
[2024-07-25T19:05:17.327+0800][85.696s][gc,phases   ] GC(4588) Pause Mark Start 0.007ms
[2024-07-25T19:05:17.332+0800][85.702s][gc,phases   ] GC(4588) Concurrent Mark 5.519ms
[2024-07-25T19:05:17.333+0800][85.702s][gc,phases   ] GC(4588) Pause Mark End 0.014ms
[2024-07-25T19:05:17.333+0800][85.702s][gc,phases   ] GC(4588) Concurrent Mark Free 0.001ms
[2024-07-25T19:05:17.335+0800][85.704s][gc,phases   ] GC(4588) Concurrent Process Non-Strong References 1.651ms
[2024-07-25T19:05:17.335+0800][85.704s][gc,phases   ] GC(4588) Concurrent Reset Relocation Set 0.001ms
[2024-07-25T19:05:17.337+0800][85.706s][gc          ] Allocation Stall (main) 10.175ms
[2024-07-25T19:05:17.337+0800][85.706s][gc,phases   ] GC(4588) Concurrent Select Relocation Set 2.320ms
[2024-07-25T19:05:17.337+0800][85.706s][gc,phases   ] GC(4588) Pause Relocate Start 0.009ms
[2024-07-25T19:05:17.337+0800][85.707s][gc,phases   ] GC(4588) Concurrent Relocate 0.121ms
[2024-07-25T19:05:17.337+0800][85.707s][gc,load     ] GC(4588) Load: 0.00/0.00/0.00
[2024-07-25T19:05:17.337+0800][85.707s][gc,mmu      ] GC(4588) MMU: 2ms/88.2%, 5ms/95.3%, 10ms/97.6%, 20ms/98.8%, 50ms/99.4%, 100ms/99.6%
[2024-07-25T19:05:17.337+0800][85.707s][gc,marking  ] GC(4588) Mark: 1 stripe(s), 1 proactive flush(es), 1 terminate flush(es), 0 completion(s), 0 continuation(s) 
[2024-07-25T19:05:17.337+0800][85.707s][gc,marking  ] GC(4588) Mark Stack Usage: 32M
[2024-07-25T19:05:17.337+0800][85.707s][gc,nmethod  ] GC(4588) NMethods: 535 registered, 0 unregistered
[2024-07-25T19:05:17.337+0800][85.707s][gc,metaspace] GC(4588) Metaspace: 1M used, 1M committed, 1088M reserved
[2024-07-25T19:05:17.337+0800][85.707s][gc,ref      ] GC(4588) Soft: 46 encountered, 25 discovered, 0 enqueued
[2024-07-25T19:05:17.337+0800][85.707s][gc,ref      ] GC(4588) Weak: 131 encountered, 107 discovered, 0 enqueued
[2024-07-25T19:05:17.337+0800][85.707s][gc,ref      ] GC(4588) Final: 0 encountered, 0 discovered, 0 enqueued
[2024-07-25T19:05:17.337+0800][85.707s][gc,ref      ] GC(4588) Phantom: 184 encountered, 98 discovered, 0 enqueued
[2024-07-25T19:05:17.337+0800][85.707s][gc,reloc    ] GC(4588) Small Pages: 4 / 8M, Empty: 2M, Relocated: 0M, In-Place: 0
[2024-07-25T19:05:17.337+0800][85.707s][gc,reloc    ] GC(4588) Large Pages: 4 / 8M, Empty: 4M, Relocated: 0M, In-Place: 0
[2024-07-25T19:05:17.338+0800][85.707s][gc,reloc    ] GC(4588) Forwarding Usage: 0M
[2024-07-25T19:05:17.338+0800][85.707s][gc,heap     ] GC(4588) Min Capacity: 8M(50%)
[2024-07-25T19:05:17.338+0800][85.707s][gc,heap     ] GC(4588) Max Capacity: 16M(100%)
[2024-07-25T19:05:17.338+0800][85.707s][gc,heap     ] GC(4588) Soft Max Capacity: 16M(100%)
[2024-07-25T19:05:17.338+0800][85.707s][gc,heap     ] GC(4588)                Mark Start          Mark End        Relocate Start      Relocate End           High               Low         
[2024-07-25T19:05:17.338+0800][85.707s][gc,heap     ] GC(4588)  Capacity:       16M (100%)         16M (100%)         16M (100%)         16M (100%)         16M (100%)         16M (100%)   
[2024-07-25T19:05:17.338+0800][85.707s][gc,heap     ] GC(4588)      Free:        0M (0%)            0M (0%)            2M (12%)           2M (12%)           6M (38%)           0M (0%)     
[2024-07-25T19:05:17.338+0800][85.707s][gc,heap     ] GC(4588)      Used:       16M (100%)         16M (100%)         14M (88%)          14M (88%)          16M (100%)         10M (62%)    
[2024-07-25T19:05:17.338+0800][85.707s][gc,heap     ] GC(4588)      Live:         -                 8M (54%)           8M (54%)           8M (54%)            -                  -          
[2024-07-25T19:05:17.338+0800][85.707s][gc,heap     ] GC(4588) Allocated:         -                 0M (0%)            4M (25%)           4M (25%)            -                  -          
[2024-07-25T19:05:17.338+0800][85.707s][gc,heap     ] GC(4588)   Garbage:         -                 7M (46%)           1M (8%)            1M (8%)             -                  -          
[2024-07-25T19:05:17.338+0800][85.707s][gc,heap     ] GC(4588) Reclaimed:         -                  -                 6M (38%)           6M (38%)            -                  -          
[2024-07-25T19:05:17.338+0800][85.707s][gc          ] GC(4588) Garbage Collection (Allocation Stall) 16M(100%)->14M(88%)
[2024-07-25T19:05:17.341+0800][85.710s][gc,start    ] GC(4589) Garbage Collection (Allocation Stall)
[2024-07-25T19:05:17.341+0800][85.710s][gc,ref      ] GC(4589) Clearing All SoftReferences
[2024-07-25T19:05:17.341+0800][85.710s][gc,task     ] GC(4589) Using 1 workers
[2024-07-25T19:05:17.341+0800][85.710s][gc,phases   ] GC(4589) Pause Mark Start 0.009ms
[2024-07-25T19:05:17.347+0800][85.716s][gc,phases   ] GC(4589) Concurrent Mark 5.695ms
[2024-07-25T19:05:17.347+0800][85.716s][gc,phases   ] GC(4589) Pause Mark End 0.010ms
[2024-07-25T19:05:17.347+0800][85.716s][gc,phases   ] GC(4589) Concurrent Mark Free 0.001ms
[2024-07-25T19:05:17.349+0800][85.718s][gc,phases   ] GC(4589) Concurrent Process Non-Strong References 1.539ms
[2024-07-25T19:05:17.349+0800][85.718s][gc,phases   ] GC(4589) Concurrent Reset Relocation Set 0.001ms
[2024-07-25T19:05:17.351+0800][85.720s][gc          ] Allocation Stall (main) 10.325ms
[2024-07-25T19:05:17.351+0800][85.721s][gc,phases   ] GC(4589) Concurrent Select Relocation Set 2.388ms
[2024-07-25T19:05:17.351+0800][85.721s][gc,phases   ] GC(4589) Pause Relocate Start 0.007ms
[2024-07-25T19:05:17.351+0800][85.721s][gc,phases   ] GC(4589) Concurrent Relocate 0.116ms
[2024-07-25T19:05:17.352+0800][85.721s][gc,load     ] GC(4589) Load: 0.00/0.00/0.00
[2024-07-25T19:05:17.352+0800][85.721s][gc,mmu      ] GC(4589) MMU: 2ms/88.2%, 5ms/95.3%, 10ms/97.6%, 20ms/98.8%, 50ms/99.4%, 100ms/99.6%
[2024-07-25T19:05:17.352+0800][85.721s][gc,marking  ] GC(4589) Mark: 1 stripe(s), 1 proactive flush(es), 1 terminate flush(es), 0 completion(s), 0 continuation(s) 
[2024-07-25T19:05:17.352+0800][85.721s][gc,marking  ] GC(4589) Mark Stack Usage: 32M
[2024-07-25T19:05:17.352+0800][85.721s][gc,nmethod  ] GC(4589) NMethods: 535 registered, 0 unregistered
[2024-07-25T19:05:17.352+0800][85.721s][gc,metaspace] GC(4589) Metaspace: 1M used, 1M committed, 1088M reserved
[2024-07-25T19:05:17.352+0800][85.721s][gc,ref      ] GC(4589) Soft: 46 encountered, 25 discovered, 0 enqueued
[2024-07-25T19:05:17.352+0800][85.721s][gc,ref      ] GC(4589) Weak: 131 encountered, 107 discovered, 0 enqueued
[2024-07-25T19:05:17.352+0800][85.721s][gc,ref      ] GC(4589) Final: 0 encountered, 0 discovered, 0 enqueued
[2024-07-25T19:05:17.352+0800][85.721s][gc,ref      ] GC(4589) Phantom: 184 encountered, 98 discovered, 0 enqueued
[2024-07-25T19:05:17.352+0800][85.721s][gc,reloc    ] GC(4589) Small Pages: 4 / 8M, Empty: 2M, Relocated: 0M, In-Place: 0
[2024-07-25T19:05:17.352+0800][85.721s][gc,reloc    ] GC(4589) Large Pages: 4 / 8M, Empty: 4M, Relocated: 0M, In-Place: 0
[2024-07-25T19:05:17.352+0800][85.721s][gc,reloc    ] GC(4589) Forwarding Usage: 0M
[2024-07-25T19:05:17.352+0800][85.721s][gc,heap     ] GC(4589) Min Capacity: 8M(50%)
[2024-07-25T19:05:17.352+0800][85.721s][gc,heap     ] GC(4589) Max Capacity: 16M(100%)
[2024-07-25T19:05:17.352+0800][85.721s][gc,heap     ] GC(4589) Soft Max Capacity: 16M(100%)
[2024-07-25T19:05:17.352+0800][85.721s][gc,heap     ] GC(4589)                Mark Start          Mark End        Relocate Start      Relocate End           High               Low         
[2024-07-25T19:05:17.352+0800][85.721s][gc,heap     ] GC(4589)  Capacity:       16M (100%)         16M (100%)         16M (100%)         16M (100%)         16M (100%)         16M (100%)   
[2024-07-25T19:05:17.352+0800][85.721s][gc,heap     ] GC(4589)      Free:        0M (0%)            0M (0%)            2M (12%)           2M (12%)           6M (38%)           0M (0%)     
[2024-07-25T19:05:17.352+0800][85.721s][gc,heap     ] GC(4589)      Used:       16M (100%)         16M (100%)         14M (88%)          14M (88%)          16M (100%)         10M (62%)    
[2024-07-25T19:05:17.352+0800][85.721s][gc,heap     ] GC(4589)      Live:         -                 8M (54%)           8M (54%)           8M (54%)            -                  -          
[2024-07-25T19:05:17.352+0800][85.722s][gc,heap     ] GC(4589) Allocated:         -                 0M (0%)            4M (25%)           4M (25%)            -                  -          
[2024-07-25T19:05:17.352+0800][85.722s][gc,heap     ] GC(4589)   Garbage:         -                 7M (46%)           1M (8%)            1M (8%)             -                  -          
[2024-07-25T19:05:17.352+0800][85.722s][gc,heap     ] GC(4589) Reclaimed:         -                  -                 6M (38%)           6M (38%)            -                  -          
[2024-07-25T19:05:17.352+0800][85.722s][gc          ] GC(4589) Garbage Collection (Allocation Stall) 16M(100%)->14M(88%)
[2024-07-25T19:05:17.356+0800][85.725s][gc,start    ] GC(4590) Garbage Collection (Allocation Stall)
[2024-07-25T19:05:17.356+0800][85.725s][gc,ref      ] GC(4590) Clearing All SoftReferences
[2024-07-25T19:05:17.356+0800][85.725s][gc,task     ] GC(4590) Using 1 workers
[2024-07-25T19:05:17.356+0800][85.726s][gc,phases   ] GC(4590) Pause Mark Start 0.007ms
[2024-07-25T19:05:17.362+0800][85.731s][gc,phases   ] GC(4590) Concurrent Mark 5.237ms
[2024-07-25T19:05:17.362+0800][85.731s][gc,phases   ] GC(4590) Pause Mark End 0.008ms
[2024-07-25T19:05:17.362+0800][85.731s][gc,phases   ] GC(4590) Concurrent Mark Free 0.001ms
[2024-07-25T19:05:17.364+0800][85.733s][gc,phases   ] GC(4590) Concurrent Process Non-Strong References 1.666ms
[2024-07-25T19:05:17.364+0800][85.733s][gc,phases   ] GC(4590) Concurrent Reset Relocation Set 0.006ms
[2024-07-25T19:05:17.366+0800][85.735s][gc          ] Allocation Stall (main) 10.206ms
[2024-07-25T19:05:17.366+0800][85.735s][gc,phases   ] GC(4590) Concurrent Select Relocation Set 2.470ms
[2024-07-25T19:05:17.366+0800][85.736s][gc,phases   ] GC(4590) Pause Relocate Start 0.007ms
[2024-07-25T19:05:17.367+0800][85.736s][gc,phases   ] GC(4590) Concurrent Relocate 0.188ms
[2024-07-25T19:05:17.367+0800][85.736s][gc,load     ] GC(4590) Load: 0.00/0.00/0.00
[2024-07-25T19:05:17.367+0800][85.736s][gc,mmu      ] GC(4590) MMU: 2ms/88.2%, 5ms/95.3%, 10ms/97.6%, 20ms/98.8%, 50ms/99.4%, 100ms/99.6%
[2024-07-25T19:05:17.367+0800][85.736s][gc,marking  ] GC(4590) Mark: 1 stripe(s), 1 proactive flush(es), 1 terminate flush(es), 0 completion(s), 0 continuation(s) 
[2024-07-25T19:05:17.367+0800][85.736s][gc,marking  ] GC(4590) Mark Stack Usage: 32M
[2024-07-25T19:05:17.367+0800][85.736s][gc,nmethod  ] GC(4590) NMethods: 535 registered, 0 unregistered
[2024-07-25T19:05:17.367+0800][85.736s][gc,metaspace] GC(4590) Metaspace: 1M used, 1M committed, 1088M reserved
[2024-07-25T19:05:17.367+0800][85.736s][gc,ref      ] GC(4590) Soft: 46 encountered, 25 discovered, 0 enqueued
[2024-07-25T19:05:17.367+0800][85.736s][gc,ref      ] GC(4590) Weak: 131 encountered, 107 discovered, 0 enqueued
[2024-07-25T19:05:17.367+0800][85.736s][gc,ref      ] GC(4590) Final: 0 encountered, 0 discovered, 0 enqueued
[2024-07-25T19:05:17.367+0800][85.736s][gc,ref      ] GC(4590) Phantom: 184 encountered, 98 discovered, 0 enqueued
[2024-07-25T19:05:17.367+0800][85.736s][gc,reloc    ] GC(4590) Small Pages: 4 / 8M, Empty: 2M, Relocated: 0M, In-Place: 0
[2024-07-25T19:05:17.367+0800][85.736s][gc,reloc    ] GC(4590) Large Pages: 4 / 8M, Empty: 4M, Relocated: 0M, In-Place: 0
[2024-07-25T19:05:17.367+0800][85.736s][gc,reloc    ] GC(4590) Forwarding Usage: 0M
[2024-07-25T19:05:17.367+0800][85.736s][gc,heap     ] GC(4590) Min Capacity: 8M(50%)
[2024-07-25T19:05:17.367+0800][85.736s][gc,heap     ] GC(4590) Max Capacity: 16M(100%)
[2024-07-25T19:05:17.367+0800][85.736s][gc,heap     ] GC(4590) Soft Max Capacity: 16M(100%)
[2024-07-25T19:05:17.367+0800][85.736s][gc,heap     ] GC(4590)                Mark Start          Mark End        Relocate Start      Relocate End           High               Low         
[2024-07-25T19:05:17.367+0800][85.736s][gc,heap     ] GC(4590)  Capacity:       16M (100%)         16M (100%)         16M (100%)         16M (100%)         16M (100%)         16M (100%)   
[2024-07-25T19:05:17.367+0800][85.736s][gc,heap     ] GC(4590)      Free:        0M (0%)            0M (0%)            2M (12%)           2M (12%)           6M (38%)           0M (0%)     
[2024-07-25T19:05:17.367+0800][85.736s][gc,heap     ] GC(4590)      Used:       16M (100%)         16M (100%)         14M (88%)          14M (88%)          16M (100%)         10M (62%)    
[2024-07-25T19:05:17.367+0800][85.736s][gc,heap     ] GC(4590)      Live:         -                 8M (54%)           8M (54%)           8M (54%)            -                  -          
[2024-07-25T19:05:17.367+0800][85.736s][gc,heap     ] GC(4590) Allocated:         -                 0M (0%)            4M (25%)           4M (25%)            -                  -          
[2024-07-25T19:05:17.367+0800][85.736s][gc,heap     ] GC(4590)   Garbage:         -                 7M (46%)           1M (8%)            1M (8%)             -                  -          
[2024-07-25T19:05:17.367+0800][85.736s][gc,heap     ] GC(4590) Reclaimed:         -                  -                 6M (38%)           6M (38%)            -                  -          
[2024-07-25T19:05:17.367+0800][85.737s][gc          ] GC(4590) Garbage Collection (Allocation Stall) 16M(100%)->14M(88%)
[2024-07-25T19:05:17.370+0800][85.739s][gc,start    ] GC(4591) Garbage Collection (Allocation Stall)
[2024-07-25T19:05:17.370+0800][85.739s][gc,ref      ] GC(4591) Clearing All SoftReferences
[2024-07-25T19:05:17.370+0800][85.739s][gc,task     ] GC(4591) Using 1 workers
[2024-07-25T19:05:17.370+0800][85.739s][gc,phases   ] GC(4591) Pause Mark Start 0.007ms
[2024-07-25T19:05:17.377+0800][85.746s][gc,phases   ] GC(4591) Concurrent Mark 6.349ms
[2024-07-25T19:05:17.377+0800][85.746s][gc,phases   ] GC(4591) Pause Mark End 0.010ms
[2024-07-25T19:05:17.377+0800][85.746s][gc,phases   ] GC(4591) Concurrent Mark Free 0.001ms
[2024-07-25T19:05:17.379+0800][85.748s][gc,phases   ] GC(4591) Concurrent Process Non-Strong References 1.822ms
[2024-07-25T19:05:17.379+0800][85.748s][gc,phases   ] GC(4591) Concurrent Reset Relocation Set 0.001ms
[2024-07-25T19:05:17.382+0800][85.751s][gc          ] Allocation Stall (main) 11.759ms
[2024-07-25T19:05:17.382+0800][85.751s][gc,phases   ] GC(4591) Concurrent Select Relocation Set 2.881ms
[2024-07-25T19:05:17.382+0800][85.751s][gc,phases   ] GC(4591) Pause Relocate Start 0.008ms
[2024-07-25T19:05:17.382+0800][85.752s][gc,phases   ] GC(4591) Concurrent Relocate 0.142ms
[2024-07-25T19:05:17.382+0800][85.752s][gc,load     ] GC(4591) Load: 0.00/0.00/0.00
[2024-07-25T19:05:17.382+0800][85.752s][gc,mmu      ] GC(4591) MMU: 2ms/88.2%, 5ms/95.3%, 10ms/97.6%, 20ms/98.8%, 50ms/99.4%, 100ms/99.6%
[2024-07-25T19:05:17.382+0800][85.752s][gc,marking  ] GC(4591) Mark: 1 stripe(s), 1 proactive flush(es), 1 terminate flush(es), 0 completion(s), 0 continuation(s) 
[2024-07-25T19:05:17.382+0800][85.752s][gc,marking  ] GC(4591) Mark Stack Usage: 32M
[2024-07-25T19:05:17.382+0800][85.752s][gc,nmethod  ] GC(4591) NMethods: 535 registered, 0 unregistered
[2024-07-25T19:05:17.382+0800][85.752s][gc,metaspace] GC(4591) Metaspace: 1M used, 1M committed, 1088M reserved
[2024-07-25T19:05:17.382+0800][85.752s][gc,ref      ] GC(4591) Soft: 46 encountered, 25 discovered, 0 enqueued
[2024-07-25T19:05:17.382+0800][85.752s][gc,ref      ] GC(4591) Weak: 131 encountered, 107 discovered, 0 enqueued
[2024-07-25T19:05:17.382+0800][85.752s][gc,ref      ] GC(4591) Final: 0 encountered, 0 discovered, 0 enqueued
[2024-07-25T19:05:17.382+0800][85.752s][gc,ref      ] GC(4591) Phantom: 184 encountered, 98 discovered, 0 enqueued
[2024-07-25T19:05:17.382+0800][85.752s][gc,reloc    ] GC(4591) Small Pages: 4 / 8M, Empty: 2M, Relocated: 0M, In-Place: 0
[2024-07-25T19:05:17.382+0800][85.752s][gc,reloc    ] GC(4591) Large Pages: 4 / 8M, Empty: 4M, Relocated: 0M, In-Place: 0
[2024-07-25T19:05:17.382+0800][85.752s][gc,reloc    ] GC(4591) Forwarding Usage: 0M
[2024-07-25T19:05:17.383+0800][85.752s][gc,heap     ] GC(4591) Min Capacity: 8M(50%)
[2024-07-25T19:05:17.383+0800][85.752s][gc,heap     ] GC(4591) Max Capacity: 16M(100%)
[2024-07-25T19:05:17.383+0800][85.752s][gc,heap     ] GC(4591) Soft Max Capacity: 16M(100%)
[2024-07-25T19:05:17.383+0800][85.752s][gc,heap     ] GC(4591)                Mark Start          Mark End        Relocate Start      Relocate End           High               Low         
[2024-07-25T19:05:17.383+0800][85.752s][gc,heap     ] GC(4591)  Capacity:       16M (100%)         16M (100%)         16M (100%)         16M (100%)         16M (100%)         16M (100%)   
[2024-07-25T19:05:17.383+0800][85.752s][gc,heap     ] GC(4591)      Free:        0M (0%)            0M (0%)            2M (12%)           2M (12%)           6M (38%)           0M (0%)     
[2024-07-25T19:05:17.383+0800][85.752s][gc,heap     ] GC(4591)      Used:       16M (100%)         16M (100%)         14M (88%)          14M (88%)          16M (100%)         10M (62%)    
[2024-07-25T19:05:17.383+0800][85.752s][gc,heap     ] GC(4591)      Live:         -                 8M (54%)           8M (54%)           8M (54%)            -                  -          
[2024-07-25T19:05:17.383+0800][85.752s][gc,heap     ] GC(4591) Allocated:         -                 0M (0%)            4M (25%)           4M (25%)            -                  -          
[2024-07-25T19:05:17.383+0800][85.752s][gc,heap     ] GC(4591)   Garbage:         -                 7M (46%)           1M (8%)            1M (8%)             -                  -          
[2024-07-25T19:05:17.383+0800][85.752s][gc,heap     ] GC(4591) Reclaimed:         -                  -                 6M (38%)           6M (38%)            -                  -          
[2024-07-25T19:05:17.383+0800][85.752s][gc          ] GC(4591) Garbage Collection (Allocation Stall) 16M(100%)->14M(88%)
[2024-07-25T19:05:17.386+0800][85.755s][gc,start    ] GC(4592) Garbage Collection (Allocation Stall)
[2024-07-25T19:05:17.386+0800][85.755s][gc,ref      ] GC(4592) Clearing All SoftReferences
[2024-07-25T19:05:17.386+0800][85.755s][gc,task     ] GC(4592) Using 1 workers
[2024-07-25T19:05:17.387+0800][85.756s][gc,phases   ] GC(4592) Pause Mark Start 0.009ms
[2024-07-25T19:05:17.393+0800][85.762s][gc,phases   ] GC(4592) Concurrent Mark 6.300ms
[2024-07-25T19:05:17.393+0800][85.762s][gc,phases   ] GC(4592) Pause Mark End 0.011ms
[2024-07-25T19:05:17.393+0800][85.762s][gc,phases   ] GC(4592) Concurrent Mark Free 0.001ms
[2024-07-25T19:05:17.395+0800][85.765s][gc,phases   ] GC(4592) Concurrent Process Non-Strong References 2.147ms
[2024-07-25T19:05:17.395+0800][85.765s][gc,phases   ] GC(4592) Concurrent Reset Relocation Set 0.001ms
[2024-07-25T19:05:17.399+0800][85.768s][gc          ] Allocation Stall (main) 12.741ms
[2024-07-25T19:05:17.399+0800][85.768s][gc,phases   ] GC(4592) Concurrent Select Relocation Set 3.374ms
[2024-07-25T19:05:17.399+0800][85.768s][gc,phases   ] GC(4592) Pause Relocate Start 0.010ms
[2024-07-25T19:05:17.400+0800][85.769s][gc,phases   ] GC(4592) Concurrent Relocate 0.177ms
[2024-07-25T19:05:17.400+0800][85.769s][gc,load     ] GC(4592) Load: 0.00/0.00/0.00
[2024-07-25T19:05:17.400+0800][85.769s][gc,mmu      ] GC(4592) MMU: 2ms/88.2%, 5ms/95.3%, 10ms/97.6%, 20ms/98.8%, 50ms/99.4%, 100ms/99.6%
[2024-07-25T19:05:17.400+0800][85.769s][gc,marking  ] GC(4592) Mark: 1 stripe(s), 1 proactive flush(es), 1 terminate flush(es), 0 completion(s), 0 continuation(s) 
[2024-07-25T19:05:17.400+0800][85.769s][gc,marking  ] GC(4592) Mark Stack Usage: 32M
[2024-07-25T19:05:17.400+0800][85.769s][gc,nmethod  ] GC(4592) NMethods: 535 registered, 0 unregistered
[2024-07-25T19:05:17.400+0800][85.769s][gc,metaspace] GC(4592) Metaspace: 1M used, 1M committed, 1088M reserved
[2024-07-25T19:05:17.400+0800][85.769s][gc,ref      ] GC(4592) Soft: 46 encountered, 25 discovered, 0 enqueued
[2024-07-25T19:05:17.400+0800][85.769s][gc,ref      ] GC(4592) Weak: 131 encountered, 107 discovered, 0 enqueued
[2024-07-25T19:05:17.400+0800][85.769s][gc,ref      ] GC(4592) Final: 0 encountered, 0 discovered, 0 enqueued
[2024-07-25T19:05:17.400+0800][85.769s][gc,ref      ] GC(4592) Phantom: 184 encountered, 98 discovered, 0 enqueued
[2024-07-25T19:05:17.400+0800][85.769s][gc,reloc    ] GC(4592) Small Pages: 4 / 8M, Empty: 2M, Relocated: 0M, In-Place: 0
[2024-07-25T19:05:17.400+0800][85.769s][gc,reloc    ] GC(4592) Large Pages: 4 / 8M, Empty: 4M, Relocated: 0M, In-Place: 0
[2024-07-25T19:05:17.400+0800][85.769s][gc,reloc    ] GC(4592) Forwarding Usage: 0M
[2024-07-25T19:05:17.400+0800][85.769s][gc,heap     ] GC(4592) Min Capacity: 8M(50%)
[2024-07-25T19:05:17.400+0800][85.769s][gc,heap     ] GC(4592) Max Capacity: 16M(100%)
[2024-07-25T19:05:17.400+0800][85.769s][gc,heap     ] GC(4592) Soft Max Capacity: 16M(100%)
[2024-07-25T19:05:17.400+0800][85.769s][gc,heap     ] GC(4592)                Mark Start          Mark End        Relocate Start      Relocate End           High               Low         
[2024-07-25T19:05:17.400+0800][85.769s][gc,heap     ] GC(4592)  Capacity:       16M (100%)         16M (100%)         16M (100%)         16M (100%)         16M (100%)         16M (100%)   
[2024-07-25T19:05:17.400+0800][85.769s][gc,heap     ] GC(4592)      Free:        0M (0%)            0M (0%)            2M (12%)           2M (12%)           6M (38%)           0M (0%)     
[2024-07-25T19:05:17.400+0800][85.769s][gc,heap     ] GC(4592)      Used:       16M (100%)         16M (100%)         14M (88%)          14M (88%)          16M (100%)         10M (62%)    
[2024-07-25T19:05:17.400+0800][85.769s][gc,heap     ] GC(4592)      Live:         -                 8M (54%)           8M (54%)           8M (54%)            -                  -          
[2024-07-25T19:05:17.400+0800][85.769s][gc,heap     ] GC(4592) Allocated:         -                 0M (0%)            4M (25%)           4M (25%)            -                  -          
[2024-07-25T19:05:17.400+0800][85.769s][gc,heap     ] GC(4592)   Garbage:         -                 7M (46%)           1M (8%)            1M (8%)             -                  -          
[2024-07-25T19:05:17.400+0800][85.769s][gc,heap     ] GC(4592) Reclaimed:         -                  -                 6M (38%)           6M (38%)            -                  -          
[2024-07-25T19:05:17.400+0800][85.770s][gc          ] GC(4592) Garbage Collection (Allocation Stall) 16M(100%)->14M(88%)
[2024-07-25T19:05:17.403+0800][85.772s][gc,start    ] GC(4593) Garbage Collection (Allocation Stall)
[2024-07-25T19:05:17.403+0800][85.772s][gc,ref      ] GC(4593) Clearing All SoftReferences
[2024-07-25T19:05:17.403+0800][85.772s][gc,task     ] GC(4593) Using 1 workers
[2024-07-25T19:05:17.403+0800][85.773s][gc,phases   ] GC(4593) Pause Mark Start 0.011ms
[2024-07-25T19:05:17.411+0800][85.781s][gc,phases   ] GC(4593) Concurrent Mark 7.895ms
[2024-07-25T19:05:17.411+0800][85.781s][gc,phases   ] GC(4593) Pause Mark End 0.014ms
[2024-07-25T19:05:17.411+0800][85.781s][gc,phases   ] GC(4593) Concurrent Mark Free 0.001ms
[2024-07-25T19:05:17.413+0800][85.783s][gc,phases   ] GC(4593) Concurrent Process Non-Strong References 2.093ms
[2024-07-25T19:05:17.413+0800][85.783s][gc,phases   ] GC(4593) Concurrent Reset Relocation Set 0.001ms
[2024-07-25T19:05:17.417+0800][85.787s][gc          ] Allocation Stall (main) 14.513ms
[2024-07-25T19:05:17.418+0800][85.787s][gc,phases   ] GC(4593) Concurrent Select Relocation Set 3.395ms
[2024-07-25T19:05:17.418+0800][85.787s][gc,phases   ] GC(4593) Pause Relocate Start 0.010ms
[2024-07-25T19:05:17.418+0800][85.787s][gc,phases   ] GC(4593) Concurrent Relocate 0.114ms
[2024-07-25T19:05:17.418+0800][85.787s][gc,load     ] GC(4593) Load: 0.00/0.00/0.00
[2024-07-25T19:05:17.418+0800][85.787s][gc,mmu      ] GC(4593) MMU: 2ms/88.2%, 5ms/95.3%, 10ms/97.6%, 20ms/98.8%, 50ms/99.4%, 100ms/99.6%
[2024-07-25T19:05:17.418+0800][85.787s][gc,marking  ] GC(4593) Mark: 1 stripe(s), 1 proactive flush(es), 1 terminate flush(es), 0 completion(s), 0 continuation(s) 
[2024-07-25T19:05:17.418+0800][85.787s][gc,marking  ] GC(4593) Mark Stack Usage: 32M
[2024-07-25T19:05:17.418+0800][85.787s][gc,nmethod  ] GC(4593) NMethods: 535 registered, 0 unregistered
[2024-07-25T19:05:17.418+0800][85.788s][gc,metaspace] GC(4593) Metaspace: 1M used, 1M committed, 1088M reserved
[2024-07-25T19:05:17.418+0800][85.788s][gc,ref      ] GC(4593) Soft: 46 encountered, 25 discovered, 0 enqueued
[2024-07-25T19:05:17.418+0800][85.788s][gc,ref      ] GC(4593) Weak: 131 encountered, 107 discovered, 0 enqueued
[2024-07-25T19:05:17.418+0800][85.788s][gc,ref      ] GC(4593) Final: 0 encountered, 0 discovered, 0 enqueued
[2024-07-25T19:05:17.418+0800][85.788s][gc,ref      ] GC(4593) Phantom: 184 encountered, 98 discovered, 0 enqueued
[2024-07-25T19:05:17.418+0800][85.788s][gc,reloc    ] GC(4593) Small Pages: 4 / 8M, Empty: 2M, Relocated: 0M, In-Place: 0
[2024-07-25T19:05:17.418+0800][85.788s][gc,reloc    ] GC(4593) Large Pages: 4 / 8M, Empty: 4M, Relocated: 0M, In-Place: 0
[2024-07-25T19:05:17.418+0800][85.788s][gc,reloc    ] GC(4593) Forwarding Usage: 0M
[2024-07-25T19:05:17.418+0800][85.788s][gc,heap     ] GC(4593) Min Capacity: 8M(50%)
[2024-07-25T19:05:17.418+0800][85.788s][gc,heap     ] GC(4593) Max Capacity: 16M(100%)
[2024-07-25T19:05:17.418+0800][85.788s][gc,heap     ] GC(4593) Soft Max Capacity: 16M(100%)
[2024-07-25T19:05:17.418+0800][85.788s][gc,heap     ] GC(4593)                Mark Start          Mark End        Relocate Start      Relocate End           High               Low         
[2024-07-25T19:05:17.418+0800][85.788s][gc,heap     ] GC(4593)  Capacity:       16M (100%)         16M (100%)         16M (100%)         16M (100%)         16M (100%)         16M (100%)   
[2024-07-25T19:05:17.418+0800][85.788s][gc,heap     ] GC(4593)      Free:        0M (0%)            0M (0%)            2M (12%)           2M (12%)           6M (38%)           0M (0%)     
[2024-07-25T19:05:17.418+0800][85.788s][gc,heap     ] GC(4593)      Used:       16M (100%)         16M (100%)         14M (88%)          14M (88%)          16M (100%)         10M (62%)    
[2024-07-25T19:05:17.418+0800][85.788s][gc,heap     ] GC(4593)      Live:         -                 8M (54%)           8M (54%)           8M (54%)            -                  -          
[2024-07-25T19:05:17.418+0800][85.788s][gc,heap     ] GC(4593) Allocated:         -                 0M (0%)            4M (25%)           4M (25%)            -                  -          
[2024-07-25T19:05:17.418+0800][85.788s][gc,heap     ] GC(4593)   Garbage:         -                 7M (46%)           1M (8%)            1M (8%)             -                  -          
[2024-07-25T19:05:17.418+0800][85.788s][gc,heap     ] GC(4593) Reclaimed:         -                  -                 6M (38%)           6M (38%)            -                  -          
[2024-07-25T19:05:17.418+0800][85.788s][gc          ] GC(4593) Garbage Collection (Allocation Stall) 16M(100%)->14M(88%)
[2024-07-25T19:05:17.422+0800][85.792s][gc,start    ] GC(4594) Garbage Collection (Allocation Stall)
[2024-07-25T19:05:17.422+0800][85.792s][gc,ref      ] GC(4594) Clearing All SoftReferences
[2024-07-25T19:05:17.422+0800][85.792s][gc,task     ] GC(4594) Using 1 workers
[2024-07-25T19:05:17.422+0800][85.792s][gc,phases   ] GC(4594) Pause Mark Start 0.011ms
[2024-07-25T19:05:17.431+0800][85.800s][gc,phases   ] GC(4594) Concurrent Mark 7.938ms
[2024-07-25T19:05:17.431+0800][85.800s][gc,phases   ] GC(4594) Pause Mark End 0.012ms
[2024-07-25T19:05:17.431+0800][85.800s][gc,phases   ] GC(4594) Concurrent Mark Free 0.002ms
[2024-07-25T19:05:17.434+0800][85.803s][gc,phases   ] GC(4594) Concurrent Process Non-Strong References 2.134ms
[2024-07-25T19:05:17.434+0800][85.803s][gc,phases   ] GC(4594) Concurrent Reset Relocation Set 0.001ms
[2024-07-25T19:05:17.437+0800][85.806s][gc          ] Allocation Stall (main) 14.842ms
[2024-07-25T19:05:17.437+0800][85.806s][gc,phases   ] GC(4594) Concurrent Select Relocation Set 3.750ms
[2024-07-25T19:05:17.437+0800][85.807s][gc,phases   ] GC(4594) Pause Relocate Start 0.011ms
[2024-07-25T19:05:17.437+0800][85.807s][gc,phases   ] GC(4594) Concurrent Relocate 0.058ms
[2024-07-25T19:05:17.437+0800][85.807s][gc,load     ] GC(4594) Load: 0.00/0.00/0.00
[2024-07-25T19:05:17.437+0800][85.807s][gc,mmu      ] GC(4594) MMU: 2ms/88.2%, 5ms/95.3%, 10ms/97.6%, 20ms/98.8%, 50ms/99.4%, 100ms/99.6%
[2024-07-25T19:05:17.437+0800][85.807s][gc,marking  ] GC(4594) Mark: 1 stripe(s), 1 proactive flush(es), 1 terminate flush(es), 0 completion(s), 0 continuation(s) 
[2024-07-25T19:05:17.438+0800][85.807s][gc,marking  ] GC(4594) Mark Stack Usage: 32M
[2024-07-25T19:05:17.438+0800][85.807s][gc,nmethod  ] GC(4594) NMethods: 535 registered, 0 unregistered
[2024-07-25T19:05:17.438+0800][85.807s][gc,metaspace] GC(4594) Metaspace: 1M used, 1M committed, 1088M reserved
[2024-07-25T19:05:17.438+0800][85.807s][gc,ref      ] GC(4594) Soft: 46 encountered, 25 discovered, 0 enqueued
[2024-07-25T19:05:17.438+0800][85.808s][gc,ref      ] GC(4594) Weak: 131 encountered, 107 discovered, 0 enqueued
[2024-07-25T19:05:17.438+0800][85.808s][gc,ref      ] GC(4594) Final: 0 encountered, 0 discovered, 0 enqueued
[2024-07-25T19:05:17.438+0800][85.808s][gc,ref      ] GC(4594) Phantom: 184 encountered, 98 discovered, 0 enqueued
[2024-07-25T19:05:17.438+0800][85.808s][gc,reloc    ] GC(4594) Small Pages: 4 / 8M, Empty: 2M, Relocated: 0M, In-Place: 0
[2024-07-25T19:05:17.438+0800][85.808s][gc,reloc    ] GC(4594) Large Pages: 4 / 8M, Empty: 4M, Relocated: 0M, In-Place: 0
[2024-07-25T19:05:17.438+0800][85.808s][gc,reloc    ] GC(4594) Forwarding Usage: 0M
[2024-07-25T19:05:17.438+0800][85.808s][gc,heap     ] GC(4594) Min Capacity: 8M(50%)
[2024-07-25T19:05:17.438+0800][85.808s][gc,heap     ] GC(4594) Max Capacity: 16M(100%)
[2024-07-25T19:05:17.438+0800][85.808s][gc,heap     ] GC(4594) Soft Max Capacity: 16M(100%)
[2024-07-25T19:05:17.438+0800][85.808s][gc,heap     ] GC(4594)                Mark Start          Mark End        Relocate Start      Relocate End           High               Low         
[2024-07-25T19:05:17.438+0800][85.808s][gc,heap     ] GC(4594)  Capacity:       16M (100%)         16M (100%)         16M (100%)         16M (100%)         16M (100%)         16M (100%)   
[2024-07-25T19:05:17.438+0800][85.808s][gc,heap     ] GC(4594)      Free:        0M (0%)            0M (0%)            2M (12%)           2M (12%)           6M (38%)           0M (0%)     
[2024-07-25T19:05:17.438+0800][85.808s][gc,heap     ] GC(4594)      Used:       16M (100%)         16M (100%)         14M (88%)          14M (88%)          16M (100%)         10M (62%)    
[2024-07-25T19:05:17.438+0800][85.808s][gc,heap     ] GC(4594)      Live:         -                 8M (54%)           8M (54%)           8M (54%)            -                  -          
[2024-07-25T19:05:17.438+0800][85.808s][gc,heap     ] GC(4594) Allocated:         -                 0M (0%)            4M (25%)           4M (25%)            -                  -          
[2024-07-25T19:05:17.439+0800][85.808s][gc,heap     ] GC(4594)   Garbage:         -                 7M (46%)           1M (8%)            1M (8%)             -                  -          
[2024-07-25T19:05:17.439+0800][85.808s][gc,heap     ] GC(4594) Reclaimed:         -                  -                 6M (38%)           6M (38%)            -                  -          
[2024-07-25T19:05:17.439+0800][85.808s][gc          ] GC(4594) Garbage Collection (Allocation Stall) 16M(100%)->14M(88%)
[2024-07-25T19:05:17.442+0800][85.811s][gc,start    ] GC(4595) Garbage Collection (Allocation Stall)
[2024-07-25T19:05:17.442+0800][85.812s][gc,ref      ] GC(4595) Clearing All SoftReferences
[2024-07-25T19:05:17.442+0800][85.812s][gc,task     ] GC(4595) Using 1 workers
[2024-07-25T19:05:17.442+0800][85.812s][gc,phases   ] GC(4595) Pause Mark Start 0.011ms
[2024-07-25T19:05:17.451+0800][85.820s][gc,phases   ] GC(4595) Concurrent Mark 8.060ms
[2024-07-25T19:05:17.451+0800][85.820s][gc,phases   ] GC(4595) Pause Mark End 0.014ms
[2024-07-25T19:05:17.451+0800][85.820s][gc,phases   ] GC(4595) Concurrent Mark Free 0.002ms
[2024-07-25T19:05:17.453+0800][85.823s][gc,phases   ] GC(4595) Concurrent Process Non-Strong References 2.247ms
[2024-07-25T19:05:17.454+0800][85.823s][gc,phases   ] GC(4595) Concurrent Reset Relocation Set 0.001ms
[2024-07-25T19:05:17.457+0800][85.826s][gc          ] Allocation Stall (main) 14.757ms
[2024-07-25T19:05:17.457+0800][85.826s][gc,phases   ] GC(4595) Concurrent Select Relocation Set 3.448ms
[2024-07-25T19:05:17.457+0800][85.826s][gc,phases   ] GC(4595) Pause Relocate Start 0.011ms
[2024-07-25T19:05:17.457+0800][85.827s][gc,phases   ] GC(4595) Concurrent Relocate 0.069ms
[2024-07-25T19:05:17.458+0800][85.827s][gc,load     ] GC(4595) Load: 0.00/0.00/0.00
[2024-07-25T19:05:17.458+0800][85.827s][gc,mmu      ] GC(4595) MMU: 2ms/88.2%, 5ms/95.3%, 10ms/97.6%, 20ms/98.8%, 50ms/99.4%, 100ms/99.6%
[2024-07-25T19:05:17.458+0800][85.827s][gc,marking  ] GC(4595) Mark: 1 stripe(s), 1 proactive flush(es), 1 terminate flush(es), 0 completion(s), 0 continuation(s) 
[2024-07-25T19:05:17.458+0800][85.827s][gc,marking  ] GC(4595) Mark Stack Usage: 32M
[2024-07-25T19:05:17.458+0800][85.827s][gc,nmethod  ] GC(4595) NMethods: 535 registered, 0 unregistered
[2024-07-25T19:05:17.458+0800][85.827s][gc,metaspace] GC(4595) Metaspace: 1M used, 1M committed, 1088M reserved
[2024-07-25T19:05:17.458+0800][85.827s][gc,ref      ] GC(4595) Soft: 46 encountered, 25 discovered, 0 enqueued
[2024-07-25T19:05:17.458+0800][85.827s][gc,ref      ] GC(4595) Weak: 131 encountered, 107 discovered, 0 enqueued
[2024-07-25T19:05:17.458+0800][85.827s][gc,ref      ] GC(4595) Final: 0 encountered, 0 discovered, 0 enqueued
[2024-07-25T19:05:17.458+0800][85.827s][gc,ref      ] GC(4595) Phantom: 184 encountered, 98 discovered, 0 enqueued
[2024-07-25T19:05:17.458+0800][85.827s][gc,reloc    ] GC(4595) Small Pages: 4 / 8M, Empty: 2M, Relocated: 0M, In-Place: 0
[2024-07-25T19:05:17.458+0800][85.827s][gc,reloc    ] GC(4595) Large Pages: 4 / 8M, Empty: 4M, Relocated: 0M, In-Place: 0
[2024-07-25T19:05:17.458+0800][85.827s][gc,reloc    ] GC(4595) Forwarding Usage: 0M
[2024-07-25T19:05:17.458+0800][85.827s][gc,heap     ] GC(4595) Min Capacity: 8M(50%)
[2024-07-25T19:05:17.458+0800][85.827s][gc,heap     ] GC(4595) Max Capacity: 16M(100%)
[2024-07-25T19:05:17.458+0800][85.827s][gc,heap     ] GC(4595) Soft Max Capacity: 16M(100%)
[2024-07-25T19:05:17.458+0800][85.827s][gc,heap     ] GC(4595)                Mark Start          Mark End        Relocate Start      Relocate End           High               Low         
[2024-07-25T19:05:17.458+0800][85.827s][gc,heap     ] GC(4595)  Capacity:       16M (100%)         16M (100%)         16M (100%)         16M (100%)         16M (100%)         16M (100%)   
[2024-07-25T19:05:17.458+0800][85.827s][gc,heap     ] GC(4595)      Free:        0M (0%)            0M (0%)            2M (12%)           2M (12%)           6M (38%)           0M (0%)     
[2024-07-25T19:05:17.458+0800][85.827s][gc,heap     ] GC(4595)      Used:       16M (100%)         16M (100%)         14M (88%)          14M (88%)          16M (100%)         10M (62%)    
[2024-07-25T19:05:17.458+0800][85.827s][gc,heap     ] GC(4595)      Live:         -                 8M (54%)           8M (54%)           8M (54%)            -                  -          
[2024-07-25T19:05:17.458+0800][85.827s][gc,heap     ] GC(4595) Allocated:         -                 0M (0%)            4M (25%)           4M (25%)            -                  -          
[2024-07-25T19:05:17.458+0800][85.827s][gc,heap     ] GC(4595)   Garbage:         -                 7M (46%)           1M (8%)            1M (8%)             -                  -          
[2024-07-25T19:05:17.458+0800][85.827s][gc,heap     ] GC(4595) Reclaimed:         -                  -                 6M (38%)           6M (38%)            -                  -          
[2024-07-25T19:05:17.458+0800][85.827s][gc          ] GC(4595) Garbage Collection (Allocation Stall) 16M(100%)->14M(88%)
[2024-07-25T19:05:17.463+0800][85.832s][gc,start    ] GC(4596) Garbage Collection (Allocation Stall)
[2024-07-25T19:05:17.463+0800][85.832s][gc,ref      ] GC(4596) Clearing All SoftReferences
[2024-07-25T19:05:17.463+0800][85.832s][gc,task     ] GC(4596) Using 1 workers
[2024-07-25T19:05:17.463+0800][85.832s][gc,phases   ] GC(4596) Pause Mark Start 0.007ms
[2024-07-25T19:05:17.469+0800][85.838s][gc,phases   ] GC(4596) Concurrent Mark 6.006ms
[2024-07-25T19:05:17.469+0800][85.838s][gc,phases   ] GC(4596) Pause Mark End 0.011ms
[2024-07-25T19:05:17.469+0800][85.838s][gc,phases   ] GC(4596) Concurrent Mark Free 0.001ms
[2024-07-25T19:05:17.471+0800][85.840s][gc,phases   ] GC(4596) Concurrent Process Non-Strong References 1.754ms
[2024-07-25T19:05:17.471+0800][85.840s][gc,phases   ] GC(4596) Concurrent Reset Relocation Set 0.001ms
[2024-07-25T19:05:17.474+0800][85.843s][gc          ] Allocation Stall (main) 11.573ms
[2024-07-25T19:05:17.474+0800][85.843s][gc,phases   ] GC(4596) Concurrent Select Relocation Set 3.018ms
[2024-07-25T19:05:17.474+0800][85.844s][gc,phases   ] GC(4596) Pause Relocate Start 0.011ms
[2024-07-25T19:05:17.474+0800][85.844s][gc,phases   ] GC(4596) Concurrent Relocate 0.049ms
[2024-07-25T19:05:17.474+0800][85.844s][gc,load     ] GC(4596) Load: 0.00/0.00/0.00
[2024-07-25T19:05:17.474+0800][85.844s][gc,mmu      ] GC(4596) MMU: 2ms/88.2%, 5ms/95.3%, 10ms/97.6%, 20ms/98.8%, 50ms/99.4%, 100ms/99.6%
[2024-07-25T19:05:17.474+0800][85.844s][gc,marking  ] GC(4596) Mark: 1 stripe(s), 1 proactive flush(es), 1 terminate flush(es), 0 completion(s), 0 continuation(s) 
[2024-07-25T19:05:17.474+0800][85.844s][gc,marking  ] GC(4596) Mark Stack Usage: 32M
[2024-07-25T19:05:17.474+0800][85.844s][gc,nmethod  ] GC(4596) NMethods: 535 registered, 0 unregistered
[2024-07-25T19:05:17.475+0800][85.844s][gc,metaspace] GC(4596) Metaspace: 1M used, 1M committed, 1088M reserved
[2024-07-25T19:05:17.475+0800][85.844s][gc,ref      ] GC(4596) Soft: 46 encountered, 25 discovered, 0 enqueued
[2024-07-25T19:05:17.475+0800][85.844s][gc,ref      ] GC(4596) Weak: 131 encountered, 107 discovered, 0 enqueued
[2024-07-25T19:05:17.475+0800][85.844s][gc,ref      ] GC(4596) Final: 0 encountered, 0 discovered, 0 enqueued
[2024-07-25T19:05:17.475+0800][85.844s][gc,ref      ] GC(4596) Phantom: 184 encountered, 98 discovered, 0 enqueued
[2024-07-25T19:05:17.475+0800][85.845s][gc,reloc    ] GC(4596) Small Pages: 4 / 8M, Empty: 2M, Relocated: 0M, In-Place: 0
[2024-07-25T19:05:17.475+0800][85.845s][gc,reloc    ] GC(4596) Large Pages: 4 / 8M, Empty: 4M, Relocated: 0M, In-Place: 0
[2024-07-25T19:05:17.475+0800][85.845s][gc,reloc    ] GC(4596) Forwarding Usage: 0M
[2024-07-25T19:05:17.475+0800][85.845s][gc,heap     ] GC(4596) Min Capacity: 8M(50%)
[2024-07-25T19:05:17.475+0800][85.845s][gc,heap     ] GC(4596) Max Capacity: 16M(100%)
[2024-07-25T19:05:17.475+0800][85.845s][gc,heap     ] GC(4596) Soft Max Capacity: 16M(100%)
[2024-07-25T19:05:17.476+0800][85.845s][gc,heap     ] GC(4596)                Mark Start          Mark End        Relocate Start      Relocate End           High               Low         
[2024-07-25T19:05:17.476+0800][85.845s][gc,heap     ] GC(4596)  Capacity:       16M (100%)         16M (100%)         16M (100%)         16M (100%)         16M (100%)         16M (100%)   
[2024-07-25T19:05:17.476+0800][85.845s][gc,heap     ] GC(4596)      Free:        0M (0%)            0M (0%)            4M (25%)           4M (25%)           6M (38%)           0M (0%)     
[2024-07-25T19:05:17.476+0800][85.845s][gc,heap     ] GC(4596)      Used:       16M (100%)         16M (100%)         12M (75%)          12M (75%)          16M (100%)         10M (62%)    
[2024-07-25T19:05:17.476+0800][85.845s][gc,heap     ] GC(4596)      Live:         -                 8M (54%)           8M (54%)           8M (54%)            -                  -          
[2024-07-25T19:05:17.476+0800][85.845s][gc,heap     ] GC(4596) Allocated:         -                 0M (0%)            2M (12%)           2M (12%)            -                  -          
[2024-07-25T19:05:17.476+0800][85.845s][gc,heap     ] GC(4596)   Garbage:         -                 7M (46%)           1M (8%)            1M (8%)             -                  -          
[2024-07-25T19:05:17.476+0800][85.846s][gc,heap     ] GC(4596) Reclaimed:         -                  -                 6M (38%)           6M (38%)            -                  -          
[2024-07-25T19:05:17.476+0800][85.846s][gc          ] GC(4596) Garbage Collection (Allocation Stall) 16M(100%)->12M(75%)
[2024-07-25T19:05:17.478+0800][85.847s][gc,start    ] GC(4597) Garbage Collection (Allocation Stall)
[2024-07-25T19:05:17.478+0800][85.847s][gc,ref      ] GC(4597) Clearing All SoftReferences
[2024-07-25T19:05:17.478+0800][85.847s][gc,task     ] GC(4597) Using 1 workers
[2024-07-25T19:05:17.478+0800][85.847s][gc,phases   ] GC(4597) Pause Mark Start 0.008ms
[2024-07-25T19:05:17.484+0800][85.853s][gc,phases   ] GC(4597) Concurrent Mark 5.881ms
[2024-07-25T19:05:17.484+0800][85.854s][gc,phases   ] GC(4597) Pause Mark End 0.010ms
[2024-07-25T19:05:17.484+0800][85.854s][gc,phases   ] GC(4597) Concurrent Mark Free 0.001ms
[2024-07-25T19:05:17.486+0800][85.855s][gc,phases   ] GC(4597) Concurrent Process Non-Strong References 1.599ms
[2024-07-25T19:05:17.486+0800][85.855s][gc,phases   ] GC(4597) Concurrent Reset Relocation Set 0.001ms
[2024-07-25T19:05:17.488+0800][85.858s][gc          ] Allocation Stall (main) 10.773ms
[2024-07-25T19:05:17.488+0800][85.858s][gc,phases   ] GC(4597) Concurrent Select Relocation Set 2.581ms
[2024-07-25T19:05:17.489+0800][85.858s][gc,phases   ] GC(4597) Pause Relocate Start 0.012ms
[2024-07-25T19:05:17.489+0800][85.858s][gc,phases   ] GC(4597) Concurrent Relocate 0.045ms
[2024-07-25T19:05:17.489+0800][85.858s][gc,load     ] GC(4597) Load: 0.00/0.00/0.00
[2024-07-25T19:05:17.489+0800][85.859s][gc,mmu      ] GC(4597) MMU: 2ms/88.2%, 5ms/95.3%, 10ms/97.6%, 20ms/98.8%, 50ms/99.4%, 100ms/99.6%
[2024-07-25T19:05:17.489+0800][85.859s][gc,marking  ] GC(4597) Mark: 1 stripe(s), 1 proactive flush(es), 1 terminate flush(es), 0 completion(s), 0 continuation(s) 
[2024-07-25T19:05:17.489+0800][85.859s][gc,marking  ] GC(4597) Mark Stack Usage: 32M
[2024-07-25T19:05:17.489+0800][85.859s][gc,nmethod  ] GC(4597) NMethods: 535 registered, 0 unregistered
[2024-07-25T19:05:17.489+0800][85.859s][gc,metaspace] GC(4597) Metaspace: 1M used, 1M committed, 1088M reserved
[2024-07-25T19:05:17.489+0800][85.859s][gc,ref      ] GC(4597) Soft: 46 encountered, 25 discovered, 0 enqueued
[2024-07-25T19:05:17.489+0800][85.859s][gc,ref      ] GC(4597) Weak: 131 encountered, 107 discovered, 0 enqueued
[2024-07-25T19:05:17.489+0800][85.859s][gc,ref      ] GC(4597) Final: 0 encountered, 0 discovered, 0 enqueued
[2024-07-25T19:05:17.489+0800][85.859s][gc,ref      ] GC(4597) Phantom: 184 encountered, 98 discovered, 0 enqueued
[2024-07-25T19:05:17.489+0800][85.859s][gc,reloc    ] GC(4597) Small Pages: 4 / 8M, Empty: 2M, Relocated: 0M, In-Place: 0
[2024-07-25T19:05:17.489+0800][85.859s][gc,reloc    ] GC(4597) Large Pages: 4 / 8M, Empty: 4M, Relocated: 0M, In-Place: 0
[2024-07-25T19:05:17.489+0800][85.859s][gc,reloc    ] GC(4597) Forwarding Usage: 0M
[2024-07-25T19:05:17.489+0800][85.859s][gc,heap     ] GC(4597) Min Capacity: 8M(50%)
[2024-07-25T19:05:17.489+0800][85.859s][gc,heap     ] GC(4597) Max Capacity: 16M(100%)
[2024-07-25T19:05:17.489+0800][85.859s][gc,heap     ] GC(4597) Soft Max Capacity: 16M(100%)
[2024-07-25T19:05:17.489+0800][85.859s][gc,heap     ] GC(4597)                Mark Start          Mark End        Relocate Start      Relocate End           High               Low         
[2024-07-25T19:05:17.489+0800][85.859s][gc,heap     ] GC(4597)  Capacity:       16M (100%)         16M (100%)         16M (100%)         16M (100%)         16M (100%)         16M (100%)   
[2024-07-25T19:05:17.489+0800][85.859s][gc,heap     ] GC(4597)      Free:        0M (0%)            0M (0%)            4M (25%)           4M (25%)           6M (38%)           0M (0%)     
[2024-07-25T19:05:17.489+0800][85.859s][gc,heap     ] GC(4597)      Used:       16M (100%)         16M (100%)         12M (75%)          12M (75%)          16M (100%)         10M (62%)    
[2024-07-25T19:05:17.489+0800][85.859s][gc,heap     ] GC(4597)      Live:         -                 8M (54%)           8M (54%)           8M (54%)            -                  -          
[2024-07-25T19:05:17.489+0800][85.859s][gc,heap     ] GC(4597) Allocated:         -                 0M (0%)            2M (12%)           2M (12%)            -                  -          
[2024-07-25T19:05:17.489+0800][85.859s][gc,heap     ] GC(4597)   Garbage:         -                 7M (46%)           1M (8%)            1M (8%)             -                  -          
[2024-07-25T19:05:17.490+0800][85.859s][gc,heap     ] GC(4597) Reclaimed:         -                  -                 6M (38%)           6M (38%)            -                  -          
[2024-07-25T19:05:17.490+0800][85.859s][gc          ] GC(4597) Garbage Collection (Allocation Stall) 16M(100%)->12M(75%)
[2024-07-25T19:05:17.495+0800][85.864s][gc,start    ] GC(4598) Garbage Collection (Allocation Stall)
[2024-07-25T19:05:17.495+0800][85.864s][gc,ref      ] GC(4598) Clearing All SoftReferences
[2024-07-25T19:05:17.495+0800][85.864s][gc,task     ] GC(4598) Using 1 workers
[2024-07-25T19:05:17.495+0800][85.864s][gc,phases   ] GC(4598) Pause Mark Start 0.007ms
[2024-07-25T19:05:17.501+0800][85.870s][gc,phases   ] GC(4598) Concurrent Mark 5.666ms
[2024-07-25T19:05:17.501+0800][85.870s][gc,phases   ] GC(4598) Pause Mark End 0.010ms
[2024-07-25T19:05:17.501+0800][85.870s][gc,phases   ] GC(4598) Concurrent Mark Free 0.001ms
[2024-07-25T19:05:17.504+0800][85.873s][gc,phases   ] GC(4598) Concurrent Process Non-Strong References 2.071ms
[2024-07-25T19:05:17.504+0800][85.873s][gc,phases   ] GC(4598) Concurrent Reset Relocation Set 0.002ms
[2024-07-25T19:05:17.508+0800][85.877s][gc          ] Allocation Stall (main) 12.575ms
[2024-07-25T19:05:17.508+0800][85.877s][gc,phases   ] GC(4598) Concurrent Select Relocation Set 3.966ms
[2024-07-25T19:05:17.508+0800][85.877s][gc,phases   ] GC(4598) Pause Relocate Start 0.009ms
[2024-07-25T19:05:17.508+0800][85.877s][gc,phases   ] GC(4598) Concurrent Relocate 0.043ms
[2024-07-25T19:05:17.508+0800][85.877s][gc,load     ] GC(4598) Load: 0.00/0.00/0.00
[2024-07-25T19:05:17.508+0800][85.877s][gc,mmu      ] GC(4598) MMU: 2ms/88.2%, 5ms/95.3%, 10ms/97.6%, 20ms/98.8%, 50ms/99.4%, 100ms/99.6%
[2024-07-25T19:05:17.508+0800][85.877s][gc,marking  ] GC(4598) Mark: 1 stripe(s), 1 proactive flush(es), 1 terminate flush(es), 0 completion(s), 0 continuation(s) 
[2024-07-25T19:05:17.508+0800][85.877s][gc,marking  ] GC(4598) Mark Stack Usage: 32M
[2024-07-25T19:05:17.508+0800][85.877s][gc,nmethod  ] GC(4598) NMethods: 535 registered, 0 unregistered
[2024-07-25T19:05:17.508+0800][85.878s][gc,metaspace] GC(4598) Metaspace: 1M used, 1M committed, 1088M reserved
[2024-07-25T19:05:17.508+0800][85.878s][gc,ref      ] GC(4598) Soft: 46 encountered, 25 discovered, 0 enqueued
[2024-07-25T19:05:17.508+0800][85.878s][gc,ref      ] GC(4598) Weak: 131 encountered, 107 discovered, 0 enqueued
[2024-07-25T19:05:17.508+0800][85.878s][gc,ref      ] GC(4598) Final: 0 encountered, 0 discovered, 0 enqueued
[2024-07-25T19:05:17.508+0800][85.878s][gc,ref      ] GC(4598) Phantom: 184 encountered, 98 discovered, 0 enqueued
[2024-07-25T19:05:17.508+0800][85.878s][gc,reloc    ] GC(4598) Small Pages: 4 / 8M, Empty: 2M, Relocated: 0M, In-Place: 0
[2024-07-25T19:05:17.508+0800][85.878s][gc,reloc    ] GC(4598) Large Pages: 4 / 8M, Empty: 4M, Relocated: 0M, In-Place: 0
[2024-07-25T19:05:17.508+0800][85.878s][gc,reloc    ] GC(4598) Forwarding Usage: 0M
[2024-07-25T19:05:17.508+0800][85.878s][gc,heap     ] GC(4598) Min Capacity: 8M(50%)
[2024-07-25T19:05:17.508+0800][85.878s][gc,heap     ] GC(4598) Max Capacity: 16M(100%)
[2024-07-25T19:05:17.509+0800][85.878s][gc,heap     ] GC(4598) Soft Max Capacity: 16M(100%)
[2024-07-25T19:05:17.509+0800][85.878s][gc,heap     ] GC(4598)                Mark Start          Mark End        Relocate Start      Relocate End           High               Low         
[2024-07-25T19:05:17.509+0800][85.878s][gc,heap     ] GC(4598)  Capacity:       16M (100%)         16M (100%)         16M (100%)         16M (100%)         16M (100%)         16M (100%)   
[2024-07-25T19:05:17.509+0800][85.878s][gc,heap     ] GC(4598)      Free:        0M (0%)            0M (0%)            2M (12%)           2M (12%)           6M (38%)           0M (0%)     
[2024-07-25T19:05:17.509+0800][85.878s][gc,heap     ] GC(4598)      Used:       16M (100%)         16M (100%)         14M (88%)          14M (88%)          16M (100%)         10M (62%)    
[2024-07-25T19:05:17.509+0800][85.879s][gc,heap     ] GC(4598)      Live:         -                 8M (54%)           8M (54%)           8M (54%)            -                  -          
[2024-07-25T19:05:17.509+0800][85.879s][gc,heap     ] GC(4598) Allocated:         -                 0M (0%)            4M (25%)           4M (25%)            -                  -          
[2024-07-25T19:05:17.509+0800][85.879s][gc,heap     ] GC(4598)   Garbage:         -                 7M (46%)           1M (8%)            1M (8%)             -                  -          
[2024-07-25T19:05:17.509+0800][85.879s][gc,heap     ] GC(4598) Reclaimed:         -                  -                 6M (38%)           6M (38%)            -                  -          
[2024-07-25T19:05:17.509+0800][85.879s][gc          ] GC(4598) Garbage Collection (Allocation Stall) 16M(100%)->14M(88%)
[2024-07-25T19:05:17.513+0800][85.882s][gc,start    ] GC(4599) Garbage Collection (Allocation Stall)
[2024-07-25T19:05:17.513+0800][85.882s][gc,ref      ] GC(4599) Clearing All SoftReferences
[2024-07-25T19:05:17.513+0800][85.882s][gc,task     ] GC(4599) Using 1 workers
[2024-07-25T19:05:17.513+0800][85.883s][gc,phases   ] GC(4599) Pause Mark Start 0.007ms
[2024-07-25T19:05:17.519+0800][85.889s][gc,phases   ] GC(4599) Concurrent Mark 6.116ms
[2024-07-25T19:05:17.520+0800][85.889s][gc,phases   ] GC(4599) Pause Mark End 0.012ms
[2024-07-25T19:05:17.520+0800][85.889s][gc,phases   ] GC(4599) Concurrent Mark Free 0.001ms
[2024-07-25T19:05:17.522+0800][85.891s][gc,phases   ] GC(4599) Concurrent Process Non-Strong References 1.777ms
[2024-07-25T19:05:17.522+0800][85.891s][gc,phases   ] GC(4599) Concurrent Reset Relocation Set 0.001ms
[2024-07-25T19:05:17.524+0800][85.893s][gc          ] Allocation Stall (main) 11.017ms
[2024-07-25T19:05:17.524+0800][85.893s][gc,phases   ] GC(4599) Concurrent Select Relocation Set 2.237ms
[2024-07-25T19:05:17.524+0800][85.893s][gc,phases   ] GC(4599) Pause Relocate Start 0.010ms
[2024-07-25T19:05:17.525+0800][85.894s][gc,phases   ] GC(4599) Concurrent Relocate 0.148ms
[2024-07-25T19:05:17.525+0800][85.894s][gc,load     ] GC(4599) Load: 0.00/0.00/0.00
[2024-07-25T19:05:17.525+0800][85.894s][gc,mmu      ] GC(4599) MMU: 2ms/88.2%, 5ms/95.3%, 10ms/97.6%, 20ms/98.8%, 50ms/99.4%, 100ms/99.6%
[2024-07-25T19:05:17.525+0800][85.894s][gc,marking  ] GC(4599) Mark: 1 stripe(s), 1 proactive flush(es), 1 terminate flush(es), 0 completion(s), 0 continuation(s) 
[2024-07-25T19:05:17.525+0800][85.894s][gc,marking  ] GC(4599) Mark Stack Usage: 32M
[2024-07-25T19:05:17.525+0800][85.894s][gc,nmethod  ] GC(4599) NMethods: 535 registered, 0 unregistered
[2024-07-25T19:05:17.525+0800][85.894s][gc,metaspace] GC(4599) Metaspace: 1M used, 1M committed, 1088M reserved
[2024-07-25T19:05:17.525+0800][85.894s][gc,ref      ] GC(4599) Soft: 46 encountered, 25 discovered, 0 enqueued
[2024-07-25T19:05:17.525+0800][85.894s][gc,ref      ] GC(4599) Weak: 131 encountered, 107 discovered, 0 enqueued
[2024-07-25T19:05:17.525+0800][85.894s][gc,ref      ] GC(4599) Final: 0 encountered, 0 discovered, 0 enqueued
[2024-07-25T19:05:17.525+0800][85.894s][gc,ref      ] GC(4599) Phantom: 184 encountered, 98 discovered, 0 enqueued
[2024-07-25T19:05:17.525+0800][85.894s][gc,reloc    ] GC(4599) Small Pages: 4 / 8M, Empty: 2M, Relocated: 0M, In-Place: 0
[2024-07-25T19:05:17.525+0800][85.894s][gc,reloc    ] GC(4599) Large Pages: 4 / 8M, Empty: 4M, Relocated: 0M, In-Place: 0
[2024-07-25T19:05:17.525+0800][85.894s][gc,reloc    ] GC(4599) Forwarding Usage: 0M
[2024-07-25T19:05:17.525+0800][85.894s][gc,heap     ] GC(4599) Min Capacity: 8M(50%)
[2024-07-25T19:05:17.525+0800][85.894s][gc,heap     ] GC(4599) Max Capacity: 16M(100%)
[2024-07-25T19:05:17.525+0800][85.894s][gc,heap     ] GC(4599) Soft Max Capacity: 16M(100%)
[2024-07-25T19:05:17.525+0800][85.894s][gc,heap     ] GC(4599)                Mark Start          Mark End        Relocate Start      Relocate End           High               Low         
[2024-07-25T19:05:17.525+0800][85.894s][gc,heap     ] GC(4599)  Capacity:       16M (100%)         16M (100%)         16M (100%)         16M (100%)         16M (100%)         16M (100%)   
[2024-07-25T19:05:17.525+0800][85.894s][gc,heap     ] GC(4599)      Free:        0M (0%)            0M (0%)            2M (12%)           2M (12%)           6M (38%)           0M (0%)     
[2024-07-25T19:05:17.525+0800][85.894s][gc,heap     ] GC(4599)      Used:       16M (100%)         16M (100%)         14M (88%)          14M (88%)          16M (100%)         10M (62%)    
[2024-07-25T19:05:17.525+0800][85.895s][gc,heap     ] GC(4599)      Live:         -                 8M (54%)           8M (54%)           8M (54%)            -                  -          
[2024-07-25T19:05:17.525+0800][85.895s][gc,heap     ] GC(4599) Allocated:         -                 0M (0%)            4M (25%)           4M (25%)            -                  -          
[2024-07-25T19:05:17.525+0800][85.895s][gc,heap     ] GC(4599)   Garbage:         -                 7M (46%)           1M (8%)            1M (8%)             -                  -          
[2024-07-25T19:05:17.525+0800][85.895s][gc,heap     ] GC(4599) Reclaimed:         -                  -                 6M (38%)           6M (38%)            -                  -          
[2024-07-25T19:05:17.526+0800][85.895s][gc          ] GC(4599) Garbage Collection (Allocation Stall) 16M(100%)->14M(88%)
[2024-07-25T19:05:17.527+0800][85.897s][gc,start    ] GC(4600) Garbage Collection (Allocation Stall)
[2024-07-25T19:05:17.527+0800][85.897s][gc,ref      ] GC(4600) Clearing All SoftReferences
[2024-07-25T19:05:17.527+0800][85.897s][gc,task     ] GC(4600) Using 1 workers
[2024-07-25T19:05:17.528+0800][85.897s][gc,phases   ] GC(4600) Pause Mark Start 0.009ms
[2024-07-25T19:05:17.533+0800][85.902s][gc,phases   ] GC(4600) Concurrent Mark 5.375ms
[2024-07-25T19:05:17.533+0800][85.903s][gc,phases   ] GC(4600) Pause Mark End 0.009ms
[2024-07-25T19:05:17.533+0800][85.903s][gc,phases   ] GC(4600) Concurrent Mark Free 0.001ms
[2024-07-25T19:05:17.535+0800][85.904s][gc,phases   ] GC(4600) Concurrent Process Non-Strong References 1.658ms
[2024-07-25T19:05:17.535+0800][85.904s][gc,phases   ] GC(4600) Concurrent Reset Relocation Set 0.001ms
[2024-07-25T19:05:17.539+0800][85.908s][gc          ] Allocation Stall (main) 11.447ms
[2024-07-25T19:05:17.539+0800][85.908s][gc,phases   ] GC(4600) Concurrent Select Relocation Set 3.517ms
[2024-07-25T19:05:17.539+0800][85.908s][gc,phases   ] GC(4600) Pause Relocate Start 0.009ms
[2024-07-25T19:05:17.539+0800][85.909s][gc,phases   ] GC(4600) Concurrent Relocate 0.151ms
[2024-07-25T19:05:17.539+0800][85.909s][gc,load     ] GC(4600) Load: 0.00/0.00/0.00
[2024-07-25T19:05:17.539+0800][85.909s][gc,mmu      ] GC(4600) MMU: 2ms/88.2%, 5ms/95.3%, 10ms/97.6%, 20ms/98.8%, 50ms/99.4%, 100ms/99.6%
[2024-07-25T19:05:17.539+0800][85.909s][gc,marking  ] GC(4600) Mark: 1 stripe(s), 1 proactive flush(es), 1 terminate flush(es), 0 completion(s), 0 continuation(s) 
[2024-07-25T19:05:17.539+0800][85.909s][gc,marking  ] GC(4600) Mark Stack Usage: 32M
[2024-07-25T19:05:17.539+0800][85.909s][gc,nmethod  ] GC(4600) NMethods: 535 registered, 0 unregistered
[2024-07-25T19:05:17.539+0800][85.909s][gc,metaspace] GC(4600) Metaspace: 1M used, 1M committed, 1088M reserved
[2024-07-25T19:05:17.539+0800][85.909s][gc,ref      ] GC(4600) Soft: 46 encountered, 25 discovered, 0 enqueued
[2024-07-25T19:05:17.539+0800][85.909s][gc,ref      ] GC(4600) Weak: 131 encountered, 107 discovered, 0 enqueued
[2024-07-25T19:05:17.539+0800][85.909s][gc,ref      ] GC(4600) Final: 0 encountered, 0 discovered, 0 enqueued
[2024-07-25T19:05:17.539+0800][85.909s][gc,ref      ] GC(4600) Phantom: 184 encountered, 98 discovered, 0 enqueued
[2024-07-25T19:05:17.539+0800][85.909s][gc,reloc    ] GC(4600) Small Pages: 4 / 8M, Empty: 2M, Relocated: 0M, In-Place: 0
[2024-07-25T19:05:17.540+0800][85.909s][gc,reloc    ] GC(4600) Large Pages: 4 / 8M, Empty: 4M, Relocated: 0M, In-Place: 0
[2024-07-25T19:05:17.540+0800][85.909s][gc,reloc    ] GC(4600) Forwarding Usage: 0M
[2024-07-25T19:05:17.540+0800][85.909s][gc,heap     ] GC(4600) Min Capacity: 8M(50%)
[2024-07-25T19:05:17.540+0800][85.909s][gc,heap     ] GC(4600) Max Capacity: 16M(100%)
[2024-07-25T19:05:17.540+0800][85.909s][gc,heap     ] GC(4600) Soft Max Capacity: 16M(100%)
[2024-07-25T19:05:17.540+0800][85.909s][gc,heap     ] GC(4600)                Mark Start          Mark End        Relocate Start      Relocate End           High               Low         
[2024-07-25T19:05:17.540+0800][85.909s][gc,heap     ] GC(4600)  Capacity:       16M (100%)         16M (100%)         16M (100%)         16M (100%)         16M (100%)         16M (100%)   
[2024-07-25T19:05:17.540+0800][85.909s][gc,heap     ] GC(4600)      Free:        0M (0%)            0M (0%)            2M (12%)           2M (12%)           6M (38%)           0M (0%)     
[2024-07-25T19:05:17.540+0800][85.909s][gc,heap     ] GC(4600)      Used:       16M (100%)         16M (100%)         14M (88%)          14M (88%)          16M (100%)         10M (62%)    
[2024-07-25T19:05:17.540+0800][85.909s][gc,heap     ] GC(4600)      Live:         -                 8M (54%)           8M (54%)           8M (54%)            -                  -          
[2024-07-25T19:05:17.540+0800][85.909s][gc,heap     ] GC(4600) Allocated:         -                 0M (0%)            4M (25%)           4M (25%)            -                  -          
[2024-07-25T19:05:17.540+0800][85.909s][gc,heap     ] GC(4600)   Garbage:         -                 7M (46%)           1M (8%)            1M (8%)             -                  -          
[2024-07-25T19:05:17.540+0800][85.909s][gc,heap     ] GC(4600) Reclaimed:         -                  -                 6M (38%)           6M (38%)            -                  -          
[2024-07-25T19:05:17.540+0800][85.909s][gc          ] GC(4600) Garbage Collection (Allocation Stall) 16M(100%)->14M(88%)
[2024-07-25T19:05:17.544+0800][85.913s][gc,start    ] GC(4601) Garbage Collection (Allocation Stall)
[2024-07-25T19:05:17.544+0800][85.913s][gc,ref      ] GC(4601) Clearing All SoftReferences
[2024-07-25T19:05:17.544+0800][85.913s][gc,task     ] GC(4601) Using 1 workers
[2024-07-25T19:05:17.544+0800][85.913s][gc,phases   ] GC(4601) Pause Mark Start 0.007ms
[2024-07-25T19:05:17.550+0800][85.919s][gc,phases   ] GC(4601) Concurrent Mark 5.621ms
[2024-07-25T19:05:17.550+0800][85.919s][gc,phases   ] GC(4601) Pause Mark End 0.010ms
[2024-07-25T19:05:17.550+0800][85.919s][gc,phases   ] GC(4601) Concurrent Mark Free 0.001ms
[2024-07-25T19:05:17.552+0800][85.921s][gc,phases   ] GC(4601) Concurrent Process Non-Strong References 1.613ms
[2024-07-25T19:05:17.552+0800][85.921s][gc,phases   ] GC(4601) Concurrent Reset Relocation Set 0.000ms
[2024-07-25T19:05:17.554+0800][85.923s][gc          ] Allocation Stall (main) 10.338ms
[2024-07-25T19:05:17.554+0800][85.923s][gc,phases   ] GC(4601) Concurrent Select Relocation Set 2.401ms
[2024-07-25T19:05:17.554+0800][85.924s][gc,phases   ] GC(4601) Pause Relocate Start 0.023ms
[2024-07-25T19:05:17.555+0800][85.924s][gc,phases   ] GC(4601) Concurrent Relocate 0.114ms
[2024-07-25T19:05:17.555+0800][85.924s][gc,load     ] GC(4601) Load: 0.00/0.00/0.00
[2024-07-25T19:05:17.555+0800][85.924s][gc,mmu      ] GC(4601) MMU: 2ms/88.2%, 5ms/95.3%, 10ms/97.6%, 20ms/98.8%, 50ms/99.4%, 100ms/99.6%
[2024-07-25T19:05:17.555+0800][85.924s][gc,marking  ] GC(4601) Mark: 1 stripe(s), 1 proactive flush(es), 1 terminate flush(es), 0 completion(s), 0 continuation(s) 
[2024-07-25T19:05:17.555+0800][85.924s][gc,marking  ] GC(4601) Mark Stack Usage: 32M
[2024-07-25T19:05:17.555+0800][85.924s][gc,nmethod  ] GC(4601) NMethods: 535 registered, 0 unregistered
[2024-07-25T19:05:17.555+0800][85.924s][gc,metaspace] GC(4601) Metaspace: 1M used, 1M committed, 1088M reserved
[2024-07-25T19:05:17.555+0800][85.924s][gc,ref      ] GC(4601) Soft: 46 encountered, 25 discovered, 0 enqueued
[2024-07-25T19:05:17.555+0800][85.924s][gc,ref      ] GC(4601) Weak: 131 encountered, 107 discovered, 0 enqueued
[2024-07-25T19:05:17.555+0800][85.924s][gc,ref      ] GC(4601) Final: 0 encountered, 0 discovered, 0 enqueued
[2024-07-25T19:05:17.555+0800][85.924s][gc,ref      ] GC(4601) Phantom: 184 encountered, 98 discovered, 0 enqueued
[2024-07-25T19:05:17.555+0800][85.924s][gc,reloc    ] GC(4601) Small Pages: 4 / 8M, Empty: 2M, Relocated: 0M, In-Place: 0
[2024-07-25T19:05:17.555+0800][85.924s][gc,reloc    ] GC(4601) Large Pages: 4 / 8M, Empty: 4M, Relocated: 0M, In-Place: 0
[2024-07-25T19:05:17.555+0800][85.924s][gc,reloc    ] GC(4601) Forwarding Usage: 0M
[2024-07-25T19:05:17.555+0800][85.924s][gc,heap     ] GC(4601) Min Capacity: 8M(50%)
[2024-07-25T19:05:17.555+0800][85.924s][gc,heap     ] GC(4601) Max Capacity: 16M(100%)
[2024-07-25T19:05:17.555+0800][85.924s][gc,heap     ] GC(4601) Soft Max Capacity: 16M(100%)
[2024-07-25T19:05:17.555+0800][85.924s][gc,heap     ] GC(4601)                Mark Start          Mark End        Relocate Start      Relocate End           High               Low         
[2024-07-25T19:05:17.555+0800][85.924s][gc,heap     ] GC(4601)  Capacity:       16M (100%)         16M (100%)         16M (100%)         16M (100%)         16M (100%)         16M (100%)   
[2024-07-25T19:05:17.555+0800][85.924s][gc,heap     ] GC(4601)      Free:        0M (0%)            0M (0%)            2M (12%)           2M (12%)           6M (38%)           0M (0%)     
[2024-07-25T19:05:17.555+0800][85.924s][gc,heap     ] GC(4601)      Used:       16M (100%)         16M (100%)         14M (88%)          14M (88%)          16M (100%)         10M (62%)    
[2024-07-25T19:05:17.555+0800][85.924s][gc,heap     ] GC(4601)      Live:         -                 8M (54%)           8M (54%)           8M (54%)            -                  -          
[2024-07-25T19:05:17.555+0800][85.924s][gc,heap     ] GC(4601) Allocated:         -                 0M (0%)            4M (25%)           4M (25%)            -                  -          
[2024-07-25T19:05:17.555+0800][85.924s][gc,heap     ] GC(4601)   Garbage:         -                 7M (46%)           1M (8%)            1M (8%)             -                  -          
[2024-07-25T19:05:17.555+0800][85.924s][gc,heap     ] GC(4601) Reclaimed:         -                  -                 6M (38%)           6M (38%)            -                  -          
[2024-07-25T19:05:17.555+0800][85.924s][gc          ] GC(4601) Garbage Collection (Allocation Stall) 16M(100%)->14M(88%)
[2024-07-25T19:05:17.558+0800][85.927s][gc,start    ] GC(4602) Garbage Collection (Allocation Stall)
[2024-07-25T19:05:17.558+0800][85.927s][gc,ref      ] GC(4602) Clearing All SoftReferences
[2024-07-25T19:05:17.558+0800][85.927s][gc,task     ] GC(4602) Using 1 workers
[2024-07-25T19:05:17.558+0800][85.927s][gc,phases   ] GC(4602) Pause Mark Start 0.009ms
[2024-07-25T19:05:17.563+0800][85.932s][gc,phases   ] GC(4602) Concurrent Mark 5.015ms
[2024-07-25T19:05:17.563+0800][85.932s][gc,phases   ] GC(4602) Pause Mark End 0.010ms
[2024-07-25T19:05:17.563+0800][85.933s][gc,phases   ] GC(4602) Concurrent Mark Free 0.001ms
[2024-07-25T19:05:17.565+0800][85.934s][gc,phases   ] GC(4602) Concurrent Process Non-Strong References 1.613ms
[2024-07-25T19:05:17.565+0800][85.934s][gc,phases   ] GC(4602) Concurrent Reset Relocation Set 0.001ms
[2024-07-25T19:05:17.568+0800][85.936s][gc          ] Allocation Stall (main) 9.558ms
[2024-07-25T19:05:17.568+0800][85.937s][gc,phases   ] GC(4602) Concurrent Select Relocation Set 2.237ms
[2024-07-25T19:05:17.568+0800][85.937s][gc,phases   ] GC(4602) Pause Relocate Start 0.006ms
[2024-07-25T19:05:17.568+0800][85.937s][gc,phases   ] GC(4602) Concurrent Relocate 0.112ms
[2024-07-25T19:05:17.568+0800][85.937s][gc,load     ] GC(4602) Load: 0.00/0.00/0.00
[2024-07-25T19:05:17.568+0800][85.937s][gc,mmu      ] GC(4602) MMU: 2ms/88.2%, 5ms/95.3%, 10ms/97.6%, 20ms/98.8%, 50ms/99.4%, 100ms/99.6%
[2024-07-25T19:05:17.568+0800][85.937s][gc,marking  ] GC(4602) Mark: 1 stripe(s), 1 proactive flush(es), 1 terminate flush(es), 0 completion(s), 0 continuation(s) 
[2024-07-25T19:05:17.568+0800][85.937s][gc,marking  ] GC(4602) Mark Stack Usage: 32M
[2024-07-25T19:05:17.568+0800][85.937s][gc,nmethod  ] GC(4602) NMethods: 535 registered, 0 unregistered
[2024-07-25T19:05:17.568+0800][85.937s][gc,metaspace] GC(4602) Metaspace: 1M used, 1M committed, 1088M reserved
[2024-07-25T19:05:17.568+0800][85.937s][gc,ref      ] GC(4602) Soft: 46 encountered, 25 discovered, 0 enqueued
[2024-07-25T19:05:17.568+0800][85.937s][gc,ref      ] GC(4602) Weak: 131 encountered, 107 discovered, 0 enqueued
[2024-07-25T19:05:17.568+0800][85.937s][gc,ref      ] GC(4602) Final: 0 encountered, 0 discovered, 0 enqueued
[2024-07-25T19:05:17.568+0800][85.937s][gc,ref      ] GC(4602) Phantom: 184 encountered, 98 discovered, 0 enqueued
[2024-07-25T19:05:17.568+0800][85.937s][gc,reloc    ] GC(4602) Small Pages: 4 / 8M, Empty: 2M, Relocated: 0M, In-Place: 0
[2024-07-25T19:05:17.568+0800][85.937s][gc,reloc    ] GC(4602) Large Pages: 4 / 8M, Empty: 4M, Relocated: 0M, In-Place: 0
[2024-07-25T19:05:17.568+0800][85.937s][gc,reloc    ] GC(4602) Forwarding Usage: 0M
[2024-07-25T19:05:17.568+0800][85.937s][gc,heap     ] GC(4602) Min Capacity: 8M(50%)
[2024-07-25T19:05:17.568+0800][85.937s][gc,heap     ] GC(4602) Max Capacity: 16M(100%)
[2024-07-25T19:05:17.568+0800][85.937s][gc,heap     ] GC(4602) Soft Max Capacity: 16M(100%)
[2024-07-25T19:05:17.568+0800][85.937s][gc,heap     ] GC(4602)                Mark Start          Mark End        Relocate Start      Relocate End           High               Low         
[2024-07-25T19:05:17.568+0800][85.937s][gc,heap     ] GC(4602)  Capacity:       16M (100%)         16M (100%)         16M (100%)         16M (100%)         16M (100%)         16M (100%)   
[2024-07-25T19:05:17.568+0800][85.937s][gc,heap     ] GC(4602)      Free:        0M (0%)            0M (0%)            2M (12%)           2M (12%)           6M (38%)           0M (0%)     
[2024-07-25T19:05:17.568+0800][85.937s][gc,heap     ] GC(4602)      Used:       16M (100%)         16M (100%)         14M (88%)          14M (88%)          16M (100%)         10M (62%)    
[2024-07-25T19:05:17.569+0800][85.938s][gc,heap     ] GC(4602)      Live:         -                 8M (54%)           8M (54%)           8M (54%)            -                  -          
[2024-07-25T19:05:17.569+0800][85.938s][gc,heap     ] GC(4602) Allocated:         -                 0M (0%)            4M (25%)           4M (25%)            -                  -          
[2024-07-25T19:05:17.569+0800][85.938s][gc,heap     ] GC(4602)   Garbage:         -                 7M (46%)           1M (8%)            1M (8%)             -                  -          
[2024-07-25T19:05:17.569+0800][85.938s][gc,heap     ] GC(4602) Reclaimed:         -                  -                 6M (38%)           6M (38%)            -                  -          
[2024-07-25T19:05:17.569+0800][85.938s][gc          ] GC(4602) Garbage Collection (Allocation Stall) 16M(100%)->14M(88%)
[2024-07-25T19:05:17.572+0800][85.941s][gc,start    ] GC(4603) Garbage Collection (Allocation Stall)
[2024-07-25T19:05:17.572+0800][85.941s][gc,ref      ] GC(4603) Clearing All SoftReferences
[2024-07-25T19:05:17.572+0800][85.941s][gc,task     ] GC(4603) Using 1 workers
[2024-07-25T19:05:17.572+0800][85.941s][gc,phases   ] GC(4603) Pause Mark Start 0.010ms
[2024-07-25T19:05:17.577+0800][85.946s][gc,phases   ] GC(4603) Concurrent Mark 5.172ms
[2024-07-25T19:05:17.577+0800][85.946s][gc,phases   ] GC(4603) Pause Mark End 0.008ms
[2024-07-25T19:05:17.577+0800][85.946s][gc,phases   ] GC(4603) Concurrent Mark Free 0.001ms
[2024-07-25T19:05:17.579+0800][85.948s][gc,phases   ] GC(4603) Concurrent Process Non-Strong References 1.633ms
[2024-07-25T19:05:17.579+0800][85.948s][gc,phases   ] GC(4603) Concurrent Reset Relocation Set 0.000ms
[2024-07-25T19:05:17.581+0800][85.951s][gc          ] Allocation Stall (main) 9.960ms
[2024-07-25T19:05:17.581+0800][85.951s][gc,phases   ] GC(4603) Concurrent Select Relocation Set 2.411ms
[2024-07-25T19:05:17.581+0800][85.951s][gc,phases   ] GC(4603) Pause Relocate Start 0.007ms
[2024-07-25T19:05:17.582+0800][85.951s][gc,phases   ] GC(4603) Concurrent Relocate 0.042ms
[2024-07-25T19:05:17.582+0800][85.951s][gc,load     ] GC(4603) Load: 0.00/0.00/0.00
[2024-07-25T19:05:17.582+0800][85.951s][gc,mmu      ] GC(4603) MMU: 2ms/88.2%, 5ms/95.3%, 10ms/97.6%, 20ms/98.8%, 50ms/99.4%, 100ms/99.6%
[2024-07-25T19:05:17.582+0800][85.951s][gc,marking  ] GC(4603) Mark: 1 stripe(s), 1 proactive flush(es), 1 terminate flush(es), 0 completion(s), 0 continuation(s) 
[2024-07-25T19:05:17.582+0800][85.951s][gc,marking  ] GC(4603) Mark Stack Usage: 32M
[2024-07-25T19:05:17.582+0800][85.951s][gc,nmethod  ] GC(4603) NMethods: 535 registered, 0 unregistered
[2024-07-25T19:05:17.582+0800][85.951s][gc,metaspace] GC(4603) Metaspace: 1M used, 1M committed, 1088M reserved
[2024-07-25T19:05:17.582+0800][85.951s][gc,ref      ] GC(4603) Soft: 46 encountered, 25 discovered, 0 enqueued
[2024-07-25T19:05:17.582+0800][85.951s][gc,ref      ] GC(4603) Weak: 131 encountered, 107 discovered, 0 enqueued
[2024-07-25T19:05:17.582+0800][85.951s][gc,ref      ] GC(4603) Final: 0 encountered, 0 discovered, 0 enqueued
[2024-07-25T19:05:17.582+0800][85.951s][gc,ref      ] GC(4603) Phantom: 184 encountered, 98 discovered, 0 enqueued
[2024-07-25T19:05:17.582+0800][85.951s][gc,reloc    ] GC(4603) Small Pages: 4 / 8M, Empty: 2M, Relocated: 0M, In-Place: 0
[2024-07-25T19:05:17.582+0800][85.951s][gc,reloc    ] GC(4603) Large Pages: 4 / 8M, Empty: 4M, Relocated: 0M, In-Place: 0
[2024-07-25T19:05:17.582+0800][85.951s][gc,reloc    ] GC(4603) Forwarding Usage: 0M
[2024-07-25T19:05:17.582+0800][85.951s][gc,heap     ] GC(4603) Min Capacity: 8M(50%)
[2024-07-25T19:05:17.582+0800][85.951s][gc,heap     ] GC(4603) Max Capacity: 16M(100%)
[2024-07-25T19:05:17.582+0800][85.951s][gc,heap     ] GC(4603) Soft Max Capacity: 16M(100%)
[2024-07-25T19:05:17.582+0800][85.951s][gc,heap     ] GC(4603)                Mark Start          Mark End        Relocate Start      Relocate End           High               Low         
[2024-07-25T19:05:17.582+0800][85.952s][gc,heap     ] GC(4603)  Capacity:       16M (100%)         16M (100%)         16M (100%)         16M (100%)         16M (100%)         16M (100%)   
[2024-07-25T19:05:17.582+0800][85.952s][gc,heap     ] GC(4603)      Free:        0M (0%)            0M (0%)            2M (12%)           2M (12%)           6M (38%)           0M (0%)     
[2024-07-25T19:05:17.582+0800][85.952s][gc,heap     ] GC(4603)      Used:       16M (100%)         16M (100%)         14M (88%)          14M (88%)          16M (100%)         10M (62%)    
[2024-07-25T19:05:17.582+0800][85.952s][gc,heap     ] GC(4603)      Live:         -                 8M (54%)           8M (54%)           8M (54%)            -                  -          
[2024-07-25T19:05:17.582+0800][85.952s][gc,heap     ] GC(4603) Allocated:         -                 0M (0%)            4M (25%)           4M (25%)            -                  -          
[2024-07-25T19:05:17.582+0800][85.952s][gc,heap     ] GC(4603)   Garbage:         -                 7M (46%)           1M (8%)            1M (8%)             -                  -          
[2024-07-25T19:05:17.582+0800][85.952s][gc,heap     ] GC(4603) Reclaimed:         -                  -                 6M (38%)           6M (38%)            -                  -          
[2024-07-25T19:05:17.582+0800][85.952s][gc          ] GC(4603) Garbage Collection (Allocation Stall) 16M(100%)->14M(88%)
[2024-07-25T19:05:17.585+0800][85.954s][gc,start    ] GC(4604) Garbage Collection (Allocation Stall)
[2024-07-25T19:05:17.585+0800][85.954s][gc,ref      ] GC(4604) Clearing All SoftReferences
[2024-07-25T19:05:17.585+0800][85.954s][gc,task     ] GC(4604) Using 1 workers
[2024-07-25T19:05:17.585+0800][85.954s][gc,phases   ] GC(4604) Pause Mark Start 0.005ms
[2024-07-25T19:05:17.590+0800][85.959s][gc,phases   ] GC(4604) Concurrent Mark 5.191ms
[2024-07-25T19:05:17.590+0800][85.959s][gc,phases   ] GC(4604) Pause Mark End 0.006ms
[2024-07-25T19:05:17.590+0800][85.959s][gc,phases   ] GC(4604) Concurrent Mark Free 0.001ms
[2024-07-25T19:05:17.592+0800][85.961s][gc,phases   ] GC(4604) Concurrent Process Non-Strong References 1.509ms
[2024-07-25T19:05:17.592+0800][85.961s][gc,phases   ] GC(4604) Concurrent Reset Relocation Set 0.001ms
[2024-07-25T19:05:17.595+0800][85.964s][gc          ] Allocation Stall (main) 9.822ms
[2024-07-25T19:05:17.595+0800][85.964s][gc,phases   ] GC(4604) Concurrent Select Relocation Set 2.488ms
[2024-07-25T19:05:17.595+0800][85.964s][gc,phases   ] GC(4604) Pause Relocate Start 0.005ms
[2024-07-25T19:05:17.595+0800][85.964s][gc,phases   ] GC(4604) Concurrent Relocate 0.136ms
[2024-07-25T19:05:17.595+0800][85.964s][gc,load     ] GC(4604) Load: 0.00/0.00/0.00
[2024-07-25T19:05:17.595+0800][85.964s][gc,mmu      ] GC(4604) MMU: 2ms/88.2%, 5ms/95.3%, 10ms/97.6%, 20ms/98.8%, 50ms/99.4%, 100ms/99.6%
[2024-07-25T19:05:17.595+0800][85.964s][gc,marking  ] GC(4604) Mark: 1 stripe(s), 1 proactive flush(es), 1 terminate flush(es), 0 completion(s), 0 continuation(s) 
[2024-07-25T19:05:17.595+0800][85.964s][gc,marking  ] GC(4604) Mark Stack Usage: 32M
[2024-07-25T19:05:17.595+0800][85.964s][gc,nmethod  ] GC(4604) NMethods: 535 registered, 0 unregistered
[2024-07-25T19:05:17.595+0800][85.964s][gc,metaspace] GC(4604) Metaspace: 1M used, 1M committed, 1088M reserved
[2024-07-25T19:05:17.595+0800][85.964s][gc,ref      ] GC(4604) Soft: 46 encountered, 25 discovered, 0 enqueued
[2024-07-25T19:05:17.595+0800][85.964s][gc,ref      ] GC(4604) Weak: 131 encountered, 107 discovered, 0 enqueued
[2024-07-25T19:05:17.595+0800][85.964s][gc,ref      ] GC(4604) Final: 0 encountered, 0 discovered, 0 enqueued
[2024-07-25T19:05:17.595+0800][85.964s][gc,ref      ] GC(4604) Phantom: 184 encountered, 98 discovered, 0 enqueued
[2024-07-25T19:05:17.595+0800][85.964s][gc,reloc    ] GC(4604) Small Pages: 4 / 8M, Empty: 2M, Relocated: 0M, In-Place: 0
[2024-07-25T19:05:17.595+0800][85.964s][gc,reloc    ] GC(4604) Large Pages: 4 / 8M, Empty: 4M, Relocated: 0M, In-Place: 0
[2024-07-25T19:05:17.595+0800][85.964s][gc,reloc    ] GC(4604) Forwarding Usage: 0M
[2024-07-25T19:05:17.595+0800][85.964s][gc,heap     ] GC(4604) Min Capacity: 8M(50%)
[2024-07-25T19:05:17.595+0800][85.964s][gc,heap     ] GC(4604) Max Capacity: 16M(100%)
[2024-07-25T19:05:17.595+0800][85.964s][gc,heap     ] GC(4604) Soft Max Capacity: 16M(100%)
[2024-07-25T19:05:17.595+0800][85.964s][gc,heap     ] GC(4604)                Mark Start          Mark End        Relocate Start      Relocate End           High               Low         
[2024-07-25T19:05:17.596+0800][85.964s][gc,heap     ] GC(4604)  Capacity:       16M (100%)         16M (100%)         16M (100%)         16M (100%)         16M (100%)         16M (100%)   
[2024-07-25T19:05:17.596+0800][85.964s][gc,heap     ] GC(4604)      Free:        0M (0%)            0M (0%)            2M (12%)           2M (12%)           6M (38%)           0M (0%)     
[2024-07-25T19:05:17.596+0800][85.965s][gc,heap     ] GC(4604)      Used:       16M (100%)         16M (100%)         14M (88%)          14M (88%)          16M (100%)         10M (62%)    
[2024-07-25T19:05:17.596+0800][85.965s][gc,heap     ] GC(4604)      Live:         -                 8M (54%)           8M (54%)           8M (54%)            -                  -          
[2024-07-25T19:05:17.596+0800][85.965s][gc,heap     ] GC(4604) Allocated:         -                 0M (0%)            4M (25%)           4M (25%)            -                  -          
[2024-07-25T19:05:17.596+0800][85.965s][gc,heap     ] GC(4604)   Garbage:         -                 7M (46%)           1M (8%)            1M (8%)             -                  -          
[2024-07-25T19:05:17.596+0800][85.965s][gc,heap     ] GC(4604) Reclaimed:         -                  -                 6M (38%)           6M (38%)            -                  -          
[2024-07-25T19:05:17.596+0800][85.965s][gc          ] GC(4604) Garbage Collection (Allocation Stall) 16M(100%)->14M(88%)
[2024-07-25T19:05:17.599+0800][85.968s][gc,start    ] GC(4605) Garbage Collection (Allocation Stall)
[2024-07-25T19:05:17.599+0800][85.968s][gc,ref      ] GC(4605) Clearing All SoftReferences
[2024-07-25T19:05:17.599+0800][85.968s][gc,task     ] GC(4605) Using 1 workers
[2024-07-25T19:05:17.599+0800][85.968s][gc,phases   ] GC(4605) Pause Mark Start 0.007ms
[2024-07-25T19:05:17.604+0800][85.973s][gc,phases   ] GC(4605) Concurrent Mark 4.862ms
[2024-07-25T19:05:17.604+0800][85.973s][gc,phases   ] GC(4605) Pause Mark End 0.007ms
[2024-07-25T19:05:17.604+0800][85.973s][gc,phases   ] GC(4605) Concurrent Mark Free 0.001ms
[2024-07-25T19:05:17.606+0800][85.975s][gc,phases   ] GC(4605) Concurrent Process Non-Strong References 1.349ms
[2024-07-25T19:05:17.606+0800][85.975s][gc,phases   ] GC(4605) Concurrent Reset Relocation Set 0.000ms
[2024-07-25T19:05:17.608+0800][85.977s][gc          ] Allocation Stall (main) 9.061ms
[2024-07-25T19:05:17.608+0800][85.977s][gc,phases   ] GC(4605) Concurrent Select Relocation Set 2.185ms
[2024-07-25T19:05:17.608+0800][85.977s][gc,phases   ] GC(4605) Pause Relocate Start 0.005ms
[2024-07-25T19:05:17.608+0800][85.977s][gc,phases   ] GC(4605) Concurrent Relocate 0.110ms
[2024-07-25T19:05:17.608+0800][85.977s][gc,load     ] GC(4605) Load: 0.00/0.00/0.00
[2024-07-25T19:05:17.608+0800][85.977s][gc,mmu      ] GC(4605) MMU: 2ms/88.2%, 5ms/95.3%, 10ms/97.6%, 20ms/98.8%, 50ms/99.4%, 100ms/99.6%
[2024-07-25T19:05:17.608+0800][85.977s][gc,marking  ] GC(4605) Mark: 1 stripe(s), 1 proactive flush(es), 1 terminate flush(es), 0 completion(s), 0 continuation(s) 
[2024-07-25T19:05:17.608+0800][85.977s][gc,marking  ] GC(4605) Mark Stack Usage: 32M
[2024-07-25T19:05:17.608+0800][85.977s][gc,nmethod  ] GC(4605) NMethods: 535 registered, 0 unregistered
[2024-07-25T19:05:17.608+0800][85.977s][gc,metaspace] GC(4605) Metaspace: 1M used, 1M committed, 1088M reserved
[2024-07-25T19:05:17.608+0800][85.977s][gc,ref      ] GC(4605) Soft: 46 encountered, 25 discovered, 0 enqueued
[2024-07-25T19:05:17.608+0800][85.977s][gc,ref      ] GC(4605) Weak: 131 encountered, 107 discovered, 0 enqueued
[2024-07-25T19:05:17.608+0800][85.978s][gc,ref      ] GC(4605) Final: 0 encountered, 0 discovered, 0 enqueued
[2024-07-25T19:05:17.608+0800][85.978s][gc,ref      ] GC(4605) Phantom: 184 encountered, 98 discovered, 0 enqueued
[2024-07-25T19:05:17.608+0800][85.978s][gc,reloc    ] GC(4605) Small Pages: 4 / 8M, Empty: 2M, Relocated: 0M, In-Place: 0
[2024-07-25T19:05:17.608+0800][85.978s][gc,reloc    ] GC(4605) Large Pages: 4 / 8M, Empty: 4M, Relocated: 0M, In-Place: 0
[2024-07-25T19:05:17.608+0800][85.978s][gc,reloc    ] GC(4605) Forwarding Usage: 0M
[2024-07-25T19:05:17.609+0800][85.978s][gc,heap     ] GC(4605) Min Capacity: 8M(50%)
[2024-07-25T19:05:17.609+0800][85.978s][gc,heap     ] GC(4605) Max Capacity: 16M(100%)
[2024-07-25T19:05:17.609+0800][85.978s][gc,heap     ] GC(4605) Soft Max Capacity: 16M(100%)
[2024-07-25T19:05:17.609+0800][85.978s][gc,heap     ] GC(4605)                Mark Start          Mark End        Relocate Start      Relocate End           High               Low         
[2024-07-25T19:05:17.609+0800][85.978s][gc,heap     ] GC(4605)  Capacity:       16M (100%)         16M (100%)         16M (100%)         16M (100%)         16M (100%)         16M (100%)   
[2024-07-25T19:05:17.609+0800][85.978s][gc,heap     ] GC(4605)      Free:        0M (0%)            0M (0%)            2M (12%)           2M (12%)           6M (38%)           0M (0%)     
[2024-07-25T19:05:17.609+0800][85.978s][gc,heap     ] GC(4605)      Used:       16M (100%)         16M (100%)         14M (88%)          14M (88%)          16M (100%)         10M (62%)    
[2024-07-25T19:05:17.609+0800][85.978s][gc,heap     ] GC(4605)      Live:         -                 8M (54%)           8M (54%)           8M (54%)            -                  -          
[2024-07-25T19:05:17.609+0800][85.978s][gc,heap     ] GC(4605) Allocated:         -                 0M (0%)            4M (25%)           4M (25%)            -                  -          
[2024-07-25T19:05:17.609+0800][85.978s][gc,heap     ] GC(4605)   Garbage:         -                 7M (46%)           1M (8%)            1M (8%)             -                  -          
[2024-07-25T19:05:17.609+0800][85.978s][gc,heap     ] GC(4605) Reclaimed:         -                  -                 6M (38%)           6M (38%)            -                  -          
[2024-07-25T19:05:17.609+0800][85.978s][gc          ] GC(4605) Garbage Collection (Allocation Stall) 16M(100%)->14M(88%)
[2024-07-25T19:05:17.612+0800][85.981s][gc,start    ] GC(4606) Garbage Collection (Allocation Rate)
[2024-07-25T19:05:17.612+0800][85.981s][gc,task     ] GC(4606) Using 1 workers
[2024-07-25T19:05:17.612+0800][85.981s][gc,phases   ] GC(4606) Pause Mark Start 0.008ms
[2024-07-25T19:05:17.617+0800][85.986s][gc,phases   ] GC(4606) Concurrent Mark 4.811ms
[2024-07-25T19:05:17.617+0800][85.986s][gc,phases   ] GC(4606) Pause Mark End 0.009ms
[2024-07-25T19:05:17.617+0800][85.986s][gc,phases   ] GC(4606) Concurrent Mark Free 0.001ms
[2024-07-25T19:05:17.619+0800][85.988s][gc,phases   ] GC(4606) Concurrent Process Non-Strong References 1.495ms
[2024-07-25T19:05:17.619+0800][85.988s][gc,phases   ] GC(4606) Concurrent Reset Relocation Set 0.000ms
[2024-07-25T19:05:17.621+0800][85.990s][gc          ] Allocation Stall (main) 9.227ms
[2024-07-25T19:05:17.621+0800][85.990s][gc,phases   ] GC(4606) Concurrent Select Relocation Set 2.337ms
[2024-07-25T19:05:17.621+0800][85.990s][gc,phases   ] GC(4606) Pause Relocate Start 0.005ms
[2024-07-25T19:05:17.621+0800][85.991s][gc,phases   ] GC(4606) Concurrent Relocate 0.106ms
[2024-07-25T19:05:17.622+0800][85.991s][gc,load     ] GC(4606) Load: 0.00/0.00/0.00
[2024-07-25T19:05:17.622+0800][85.991s][gc,mmu      ] GC(4606) MMU: 2ms/88.2%, 5ms/95.3%, 10ms/97.6%, 20ms/98.8%, 50ms/99.4%, 100ms/99.6%
[2024-07-25T19:05:17.622+0800][85.991s][gc,marking  ] GC(4606) Mark: 1 stripe(s), 1 proactive flush(es), 1 terminate flush(es), 0 completion(s), 0 continuation(s) 
[2024-07-25T19:05:17.622+0800][85.991s][gc,marking  ] GC(4606) Mark Stack Usage: 32M
[2024-07-25T19:05:17.622+0800][85.991s][gc,nmethod  ] GC(4606) NMethods: 535 registered, 0 unregistered
[2024-07-25T19:05:17.622+0800][85.991s][gc,metaspace] GC(4606) Metaspace: 1M used, 1M committed, 1088M reserved
[2024-07-25T19:05:17.622+0800][85.991s][gc,ref      ] GC(4606) Soft: 46 encountered, 25 discovered, 0 enqueued
[2024-07-25T19:05:17.622+0800][85.991s][gc,ref      ] GC(4606) Weak: 131 encountered, 107 discovered, 0 enqueued
[2024-07-25T19:05:17.622+0800][85.991s][gc,ref      ] GC(4606) Final: 0 encountered, 0 discovered, 0 enqueued
[2024-07-25T19:05:17.622+0800][85.991s][gc,ref      ] GC(4606) Phantom: 184 encountered, 98 discovered, 0 enqueued
[2024-07-25T19:05:17.622+0800][85.991s][gc,reloc    ] GC(4606) Small Pages: 4 / 8M, Empty: 2M, Relocated: 0M, In-Place: 0
[2024-07-25T19:05:17.622+0800][85.991s][gc,reloc    ] GC(4606) Large Pages: 4 / 8M, Empty: 4M, Relocated: 0M, In-Place: 0
[2024-07-25T19:05:17.622+0800][85.991s][gc,reloc    ] GC(4606) Forwarding Usage: 0M
[2024-07-25T19:05:17.622+0800][85.991s][gc,heap     ] GC(4606) Min Capacity: 8M(50%)
[2024-07-25T19:05:17.622+0800][85.991s][gc,heap     ] GC(4606) Max Capacity: 16M(100%)
[2024-07-25T19:05:17.622+0800][85.991s][gc,heap     ] GC(4606) Soft Max Capacity: 16M(100%)
[2024-07-25T19:05:17.622+0800][85.991s][gc,heap     ] GC(4606)                Mark Start          Mark End        Relocate Start      Relocate End           High               Low         
[2024-07-25T19:05:17.622+0800][85.991s][gc,heap     ] GC(4606)  Capacity:       16M (100%)         16M (100%)         16M (100%)         16M (100%)         16M (100%)         16M (100%)   
[2024-07-25T19:05:17.622+0800][85.991s][gc,heap     ] GC(4606)      Free:        0M (0%)            0M (0%)            2M (12%)           2M (12%)           6M (38%)           0M (0%)     
[2024-07-25T19:05:17.622+0800][85.991s][gc,heap     ] GC(4606)      Used:       16M (100%)         16M (100%)         14M (88%)          14M (88%)          16M (100%)         10M (62%)    
[2024-07-25T19:05:17.622+0800][85.991s][gc,heap     ] GC(4606)      Live:         -                 8M (54%)           8M (54%)           8M (54%)            -                  -          
[2024-07-25T19:05:17.622+0800][85.991s][gc,heap     ] GC(4606) Allocated:         -                 0M (0%)            4M (25%)           4M (25%)            -                  -          
[2024-07-25T19:05:17.622+0800][85.991s][gc,heap     ] GC(4606)   Garbage:         -                 7M (46%)           1M (8%)            1M (8%)             -                  -          
[2024-07-25T19:05:17.622+0800][85.991s][gc,heap     ] GC(4606) Reclaimed:         -                  -                 6M (38%)           6M (38%)            -                  -          
[2024-07-25T19:05:17.622+0800][85.991s][gc          ] GC(4606) Garbage Collection (Allocation Rate) 16M(100%)->14M(88%)
[2024-07-25T19:05:17.625+0800][85.994s][gc,start    ] GC(4607) Garbage Collection (Allocation Stall)
[2024-07-25T19:05:17.625+0800][85.994s][gc,ref      ] GC(4607) Clearing All SoftReferences
[2024-07-25T19:05:17.625+0800][85.994s][gc,task     ] GC(4607) Using 1 workers
[2024-07-25T19:05:17.625+0800][85.994s][gc,phases   ] GC(4607) Pause Mark Start 0.007ms
[2024-07-25T19:05:17.630+0800][85.999s][gc,phases   ] GC(4607) Concurrent Mark 5.016ms
[2024-07-25T19:05:17.630+0800][85.999s][gc,phases   ] GC(4607) Pause Mark End 0.007ms
[2024-07-25T19:05:17.630+0800][86.000s][gc,phases   ] GC(4607) Concurrent Mark Free 0.001ms
[2024-07-25T19:05:17.632+0800][86.001s][gc,phases   ] GC(4607) Concurrent Process Non-Strong References 1.477ms
[2024-07-25T19:05:17.632+0800][86.001s][gc,phases   ] GC(4607) Concurrent Reset Relocation Set 0.001ms
[2024-07-25T19:05:17.634+0800][86.003s][gc          ] Allocation Stall (main) 9.496ms
[2024-07-25T19:05:17.634+0800][86.004s][gc,phases   ] GC(4607) Concurrent Select Relocation Set 2.394ms
[2024-07-25T19:05:17.635+0800][86.004s][gc,phases   ] GC(4607) Pause Relocate Start 0.005ms
[2024-07-25T19:05:17.635+0800][86.004s][gc,phases   ] GC(4607) Concurrent Relocate 0.116ms
[2024-07-25T19:05:17.635+0800][86.004s][gc,load     ] GC(4607) Load: 0.00/0.00/0.00
[2024-07-25T19:05:17.635+0800][86.004s][gc,mmu      ] GC(4607) MMU: 2ms/88.2%, 5ms/95.3%, 10ms/97.6%, 20ms/98.8%, 50ms/99.4%, 100ms/99.6%
[2024-07-25T19:05:17.635+0800][86.004s][gc,marking  ] GC(4607) Mark: 1 stripe(s), 1 proactive flush(es), 1 terminate flush(es), 0 completion(s), 0 continuation(s) 
[2024-07-25T19:05:17.635+0800][86.004s][gc,marking  ] GC(4607) Mark Stack Usage: 32M
[2024-07-25T19:05:17.635+0800][86.004s][gc,nmethod  ] GC(4607) NMethods: 535 registered, 0 unregistered
[2024-07-25T19:05:17.635+0800][86.004s][gc,metaspace] GC(4607) Metaspace: 1M used, 1M committed, 1088M reserved
[2024-07-25T19:05:17.635+0800][86.004s][gc,ref      ] GC(4607) Soft: 46 encountered, 25 discovered, 0 enqueued
[2024-07-25T19:05:17.635+0800][86.004s][gc,ref      ] GC(4607) Weak: 131 encountered, 107 discovered, 0 enqueued
[2024-07-25T19:05:17.635+0800][86.004s][gc,ref      ] GC(4607) Final: 0 encountered, 0 discovered, 0 enqueued
[2024-07-25T19:05:17.635+0800][86.004s][gc,ref      ] GC(4607) Phantom: 184 encountered, 98 discovered, 0 enqueued
[2024-07-25T19:05:17.635+0800][86.004s][gc,reloc    ] GC(4607) Small Pages: 4 / 8M, Empty: 2M, Relocated: 0M, In-Place: 0
[2024-07-25T19:05:17.635+0800][86.004s][gc,reloc    ] GC(4607) Large Pages: 4 / 8M, Empty: 4M, Relocated: 0M, In-Place: 0
[2024-07-25T19:05:17.635+0800][86.004s][gc,reloc    ] GC(4607) Forwarding Usage: 0M
[2024-07-25T19:05:17.635+0800][86.004s][gc,heap     ] GC(4607) Min Capacity: 8M(50%)
[2024-07-25T19:05:17.635+0800][86.004s][gc,heap     ] GC(4607) Max Capacity: 16M(100%)
[2024-07-25T19:05:17.635+0800][86.004s][gc,heap     ] GC(4607) Soft Max Capacity: 16M(100%)
[2024-07-25T19:05:17.635+0800][86.004s][gc,heap     ] GC(4607)                Mark Start          Mark End        Relocate Start      Relocate End           High               Low         
[2024-07-25T19:05:17.635+0800][86.004s][gc,heap     ] GC(4607)  Capacity:       16M (100%)         16M (100%)         16M (100%)         16M (100%)         16M (100%)         16M (100%)   
[2024-07-25T19:05:17.635+0800][86.004s][gc,heap     ] GC(4607)      Free:        0M (0%)            0M (0%)            2M (12%)           2M (12%)           6M (38%)           0M (0%)     
[2024-07-25T19:05:17.635+0800][86.004s][gc,heap     ] GC(4607)      Used:       16M (100%)         16M (100%)         14M (88%)          14M (88%)          16M (100%)         10M (62%)    
[2024-07-25T19:05:17.635+0800][86.004s][gc,heap     ] GC(4607)      Live:         -                 8M (54%)           8M (54%)           8M (54%)            -                  -          
[2024-07-25T19:05:17.635+0800][86.005s][gc,heap     ] GC(4607) Allocated:         -                 0M (0%)            4M (25%)           4M (25%)            -                  -          
[2024-07-25T19:05:17.635+0800][86.005s][gc,heap     ] GC(4607)   Garbage:         -                 7M (46%)           1M (8%)            1M (8%)             -                  -          
[2024-07-25T19:05:17.635+0800][86.005s][gc,heap     ] GC(4607) Reclaimed:         -                  -                 6M (38%)           6M (38%)            -                  -          
[2024-07-25T19:05:17.635+0800][86.005s][gc          ] GC(4607) Garbage Collection (Allocation Stall) 16M(100%)->14M(88%)
[2024-07-25T19:05:17.640+0800][86.009s][gc,start    ] GC(4608) Garbage Collection (Allocation Stall)
[2024-07-25T19:05:17.640+0800][86.009s][gc,ref      ] GC(4608) Clearing All SoftReferences
[2024-07-25T19:05:17.640+0800][86.009s][gc,task     ] GC(4608) Using 1 workers
[2024-07-25T19:05:17.640+0800][86.009s][gc,phases   ] GC(4608) Pause Mark Start 0.007ms
[2024-07-25T19:05:17.646+0800][86.015s][gc,phases   ] GC(4608) Concurrent Mark 5.568ms
[2024-07-25T19:05:17.646+0800][86.015s][gc,phases   ] GC(4608) Pause Mark End 0.017ms
[2024-07-25T19:05:17.646+0800][86.015s][gc,phases   ] GC(4608) Concurrent Mark Free 0.001ms
[2024-07-25T19:05:17.648+0800][86.017s][gc,phases   ] GC(4608) Concurrent Process Non-Strong References 1.586ms
[2024-07-25T19:05:17.648+0800][86.017s][gc,phases   ] GC(4608) Concurrent Reset Relocation Set 0.001ms
[2024-07-25T19:05:17.650+0800][86.019s][gc          ] Allocation Stall (main) 10.143ms
[2024-07-25T19:05:17.650+0800][86.019s][gc,phases   ] GC(4608) Concurrent Select Relocation Set 2.127ms
[2024-07-25T19:05:17.650+0800][86.019s][gc,phases   ] GC(4608) Pause Relocate Start 0.009ms
[2024-07-25T19:05:17.650+0800][86.019s][gc,phases   ] GC(4608) Concurrent Relocate 0.109ms
[2024-07-25T19:05:17.650+0800][86.019s][gc,load     ] GC(4608) Load: 0.00/0.00/0.00
[2024-07-25T19:05:17.650+0800][86.019s][gc,mmu      ] GC(4608) MMU: 2ms/88.2%, 5ms/95.3%, 10ms/97.6%, 20ms/98.8%, 50ms/99.4%, 100ms/99.6%
[2024-07-25T19:05:17.650+0800][86.019s][gc,marking  ] GC(4608) Mark: 1 stripe(s), 1 proactive flush(es), 1 terminate flush(es), 0 completion(s), 0 continuation(s) 
[2024-07-25T19:05:17.650+0800][86.019s][gc,marking  ] GC(4608) Mark Stack Usage: 32M
[2024-07-25T19:05:17.650+0800][86.019s][gc,nmethod  ] GC(4608) NMethods: 535 registered, 0 unregistered
[2024-07-25T19:05:17.650+0800][86.019s][gc,metaspace] GC(4608) Metaspace: 1M used, 1M committed, 1088M reserved
[2024-07-25T19:05:17.650+0800][86.020s][gc,ref      ] GC(4608) Soft: 46 encountered, 25 discovered, 0 enqueued
[2024-07-25T19:05:17.650+0800][86.020s][gc,ref      ] GC(4608) Weak: 131 encountered, 107 discovered, 0 enqueued
[2024-07-25T19:05:17.650+0800][86.020s][gc,ref      ] GC(4608) Final: 0 encountered, 0 discovered, 0 enqueued
[2024-07-25T19:05:17.651+0800][86.020s][gc,ref      ] GC(4608) Phantom: 184 encountered, 98 discovered, 0 enqueued
[2024-07-25T19:05:17.651+0800][86.020s][gc,reloc    ] GC(4608) Small Pages: 4 / 8M, Empty: 2M, Relocated: 0M, In-Place: 0
[2024-07-25T19:05:17.651+0800][86.020s][gc,reloc    ] GC(4608) Large Pages: 4 / 8M, Empty: 4M, Relocated: 0M, In-Place: 0
[2024-07-25T19:05:17.651+0800][86.020s][gc,reloc    ] GC(4608) Forwarding Usage: 0M
[2024-07-25T19:05:17.651+0800][86.020s][gc,heap     ] GC(4608) Min Capacity: 8M(50%)
[2024-07-25T19:05:17.651+0800][86.020s][gc,heap     ] GC(4608) Max Capacity: 16M(100%)
[2024-07-25T19:05:17.651+0800][86.020s][gc,heap     ] GC(4608) Soft Max Capacity: 16M(100%)
[2024-07-25T19:05:17.651+0800][86.020s][gc,heap     ] GC(4608)                Mark Start          Mark End        Relocate Start      Relocate End           High               Low         
[2024-07-25T19:05:17.651+0800][86.020s][gc,heap     ] GC(4608)  Capacity:       16M (100%)         16M (100%)         16M (100%)         16M (100%)         16M (100%)         16M (100%)   
[2024-07-25T19:05:17.651+0800][86.020s][gc,heap     ] GC(4608)      Free:        0M (0%)            0M (0%)            2M (12%)           2M (12%)           6M (38%)           0M (0%)     
[2024-07-25T19:05:17.651+0800][86.020s][gc,heap     ] GC(4608)      Used:       16M (100%)         16M (100%)         14M (88%)          14M (88%)          16M (100%)         10M (62%)    
[2024-07-25T19:05:17.651+0800][86.020s][gc,heap     ] GC(4608)      Live:         -                 8M (54%)           8M (54%)           8M (54%)            -                  -          
[2024-07-25T19:05:17.651+0800][86.020s][gc,heap     ] GC(4608) Allocated:         -                 0M (0%)            4M (25%)           4M (25%)            -                  -          
[2024-07-25T19:05:17.651+0800][86.020s][gc,heap     ] GC(4608)   Garbage:         -                 7M (46%)           1M (8%)            1M (8%)             -                  -          
[2024-07-25T19:05:17.651+0800][86.020s][gc,heap     ] GC(4608) Reclaimed:         -                  -                 6M (38%)           6M (38%)            -                  -          
[2024-07-25T19:05:17.651+0800][86.020s][gc          ] GC(4608) Garbage Collection (Allocation Stall) 16M(100%)->14M(88%)
[2024-07-25T19:05:17.657+0800][86.026s][gc,start    ] GC(4609) Garbage Collection (Allocation Stall)
[2024-07-25T19:05:17.657+0800][86.026s][gc,ref      ] GC(4609) Clearing All SoftReferences
[2024-07-25T19:05:17.657+0800][86.026s][gc,task     ] GC(4609) Using 1 workers
[2024-07-25T19:05:17.657+0800][86.026s][gc,phases   ] GC(4609) Pause Mark Start 0.008ms
[2024-07-25T19:05:17.663+0800][86.032s][gc,phases   ] GC(4609) Concurrent Mark 6.289ms
[2024-07-25T19:05:17.664+0800][86.033s][gc,phases   ] GC(4609) Pause Mark End 0.016ms
[2024-07-25T19:05:17.664+0800][86.033s][gc,phases   ] GC(4609) Concurrent Mark Free 0.001ms
[2024-07-25T19:05:17.665+0800][86.035s][gc,phases   ] GC(4609) Concurrent Process Non-Strong References 1.784ms
[2024-07-25T19:05:17.665+0800][86.035s][gc,phases   ] GC(4609) Concurrent Reset Relocation Set 0.001ms
[2024-07-25T19:05:17.668+0800][86.037s][gc          ] Allocation Stall (main) 11.473ms
[2024-07-25T19:05:17.668+0800][86.037s][gc,phases   ] GC(4609) Concurrent Select Relocation Set 2.379ms
[2024-07-25T19:05:17.668+0800][86.037s][gc,phases   ] GC(4609) Pause Relocate Start 0.008ms
[2024-07-25T19:05:17.668+0800][86.038s][gc,phases   ] GC(4609) Concurrent Relocate 0.045ms
[2024-07-25T19:05:17.668+0800][86.038s][gc,load     ] GC(4609) Load: 0.00/0.00/0.00
[2024-07-25T19:05:17.668+0800][86.038s][gc,mmu      ] GC(4609) MMU: 2ms/88.2%, 5ms/95.3%, 10ms/97.6%, 20ms/98.8%, 50ms/99.4%, 100ms/99.6%
[2024-07-25T19:05:17.668+0800][86.038s][gc,marking  ] GC(4609) Mark: 1 stripe(s), 1 proactive flush(es), 1 terminate flush(es), 0 completion(s), 0 continuation(s) 
[2024-07-25T19:05:17.669+0800][86.038s][gc,marking  ] GC(4609) Mark Stack Usage: 32M
[2024-07-25T19:05:17.669+0800][86.038s][gc,nmethod  ] GC(4609) NMethods: 535 registered, 0 unregistered
[2024-07-25T19:05:17.669+0800][86.038s][gc,metaspace] GC(4609) Metaspace: 1M used, 1M committed, 1088M reserved
[2024-07-25T19:05:17.669+0800][86.038s][gc,ref      ] GC(4609) Soft: 46 encountered, 25 discovered, 0 enqueued
[2024-07-25T19:05:17.669+0800][86.038s][gc,ref      ] GC(4609) Weak: 131 encountered, 107 discovered, 0 enqueued
[2024-07-25T19:05:17.669+0800][86.038s][gc,ref      ] GC(4609) Final: 0 encountered, 0 discovered, 0 enqueued
[2024-07-25T19:05:17.669+0800][86.038s][gc,ref      ] GC(4609) Phantom: 184 encountered, 98 discovered, 0 enqueued
[2024-07-25T19:05:17.669+0800][86.038s][gc,reloc    ] GC(4609) Small Pages: 4 / 8M, Empty: 2M, Relocated: 0M, In-Place: 0
[2024-07-25T19:05:17.669+0800][86.038s][gc,reloc    ] GC(4609) Large Pages: 4 / 8M, Empty: 4M, Relocated: 0M, In-Place: 0
[2024-07-25T19:05:17.669+0800][86.038s][gc,reloc    ] GC(4609) Forwarding Usage: 0M
[2024-07-25T19:05:17.669+0800][86.038s][gc,heap     ] GC(4609) Min Capacity: 8M(50%)
[2024-07-25T19:05:17.669+0800][86.038s][gc,heap     ] GC(4609) Max Capacity: 16M(100%)
[2024-07-25T19:05:17.669+0800][86.038s][gc,heap     ] GC(4609) Soft Max Capacity: 16M(100%)
[2024-07-25T19:05:17.669+0800][86.038s][gc,heap     ] GC(4609)                Mark Start          Mark End        Relocate Start      Relocate End           High               Low         
[2024-07-25T19:05:17.669+0800][86.038s][gc,heap     ] GC(4609)  Capacity:       16M (100%)         16M (100%)         16M (100%)         16M (100%)         16M (100%)         16M (100%)   
[2024-07-25T19:05:17.669+0800][86.038s][gc,heap     ] GC(4609)      Free:        0M (0%)            0M (0%)            2M (12%)           2M (12%)           6M (38%)           0M (0%)     
[2024-07-25T19:05:17.669+0800][86.038s][gc,heap     ] GC(4609)      Used:       16M (100%)         16M (100%)         14M (88%)          14M (88%)          16M (100%)         10M (62%)    
[2024-07-25T19:05:17.669+0800][86.038s][gc,heap     ] GC(4609)      Live:         -                 8M (54%)           8M (54%)           8M (54%)            -                  -          
[2024-07-25T19:05:17.669+0800][86.038s][gc,heap     ] GC(4609) Allocated:         -                 0M (0%)            4M (25%)           4M (25%)            -                  -          
[2024-07-25T19:05:17.669+0800][86.038s][gc,heap     ] GC(4609)   Garbage:         -                 7M (46%)           1M (8%)            1M (8%)             -                  -          
[2024-07-25T19:05:17.669+0800][86.038s][gc,heap     ] GC(4609) Reclaimed:         -                  -                 6M (38%)           6M (38%)            -                  -          
[2024-07-25T19:05:17.669+0800][86.038s][gc          ] GC(4609) Garbage Collection (Allocation Stall) 16M(100%)->14M(88%)
[2024-07-25T19:05:17.673+0800][86.042s][gc,start    ] GC(4610) Garbage Collection (Allocation Stall)
[2024-07-25T19:05:17.673+0800][86.042s][gc,ref      ] GC(4610) Clearing All SoftReferences
[2024-07-25T19:05:17.673+0800][86.042s][gc,task     ] GC(4610) Using 1 workers
[2024-07-25T19:05:17.673+0800][86.042s][gc,phases   ] GC(4610) Pause Mark Start 0.007ms
[2024-07-25T19:05:17.680+0800][86.050s][gc,phases   ] GC(4610) Concurrent Mark 7.328ms
[2024-07-25T19:05:17.681+0800][86.050s][gc,phases   ] GC(4610) Pause Mark End 0.017ms
[2024-07-25T19:05:17.681+0800][86.050s][gc,phases   ] GC(4610) Concurrent Mark Free 0.001ms
[2024-07-25T19:05:17.682+0800][86.052s][gc,phases   ] GC(4610) Concurrent Process Non-Strong References 1.656ms
[2024-07-25T19:05:17.682+0800][86.052s][gc,phases   ] GC(4610) Concurrent Reset Relocation Set 0.001ms
[2024-07-25T19:05:17.685+0800][86.054s][gc          ] Allocation Stall (main) 12.482ms
[2024-07-25T19:05:17.685+0800][86.054s][gc,phases   ] GC(4610) Concurrent Select Relocation Set 2.751ms
[2024-07-25T19:05:17.685+0800][86.055s][gc,phases   ] GC(4610) Pause Relocate Start 0.009ms
[2024-07-25T19:05:17.686+0800][86.055s][gc,phases   ] GC(4610) Concurrent Relocate 0.140ms
[2024-07-25T19:05:17.686+0800][86.055s][gc,load     ] GC(4610) Load: 0.00/0.00/0.00
[2024-07-25T19:05:17.686+0800][86.055s][gc,mmu      ] GC(4610) MMU: 2ms/88.2%, 5ms/95.3%, 10ms/97.6%, 20ms/98.8%, 50ms/99.4%, 100ms/99.6%
[2024-07-25T19:05:17.686+0800][86.055s][gc,marking  ] GC(4610) Mark: 1 stripe(s), 1 proactive flush(es), 1 terminate flush(es), 0 completion(s), 0 continuation(s) 
[2024-07-25T19:05:17.686+0800][86.055s][gc,marking  ] GC(4610) Mark Stack Usage: 32M
[2024-07-25T19:05:17.686+0800][86.055s][gc,nmethod  ] GC(4610) NMethods: 535 registered, 0 unregistered
[2024-07-25T19:05:17.686+0800][86.055s][gc,metaspace] GC(4610) Metaspace: 1M used, 1M committed, 1088M reserved
[2024-07-25T19:05:17.686+0800][86.055s][gc,ref      ] GC(4610) Soft: 46 encountered, 25 discovered, 0 enqueued
[2024-07-25T19:05:17.686+0800][86.055s][gc,ref      ] GC(4610) Weak: 131 encountered, 107 discovered, 0 enqueued
[2024-07-25T19:05:17.686+0800][86.055s][gc,ref      ] GC(4610) Final: 0 encountered, 0 discovered, 0 enqueued
[2024-07-25T19:05:17.686+0800][86.055s][gc,ref      ] GC(4610) Phantom: 184 encountered, 98 discovered, 0 enqueued
[2024-07-25T19:05:17.686+0800][86.055s][gc,reloc    ] GC(4610) Small Pages: 4 / 8M, Empty: 2M, Relocated: 0M, In-Place: 0
[2024-07-25T19:05:17.686+0800][86.055s][gc,reloc    ] GC(4610) Large Pages: 4 / 8M, Empty: 4M, Relocated: 0M, In-Place: 0
[2024-07-25T19:05:17.686+0800][86.055s][gc,reloc    ] GC(4610) Forwarding Usage: 0M
[2024-07-25T19:05:17.686+0800][86.055s][gc,heap     ] GC(4610) Min Capacity: 8M(50%)
[2024-07-25T19:05:17.686+0800][86.055s][gc,heap     ] GC(4610) Max Capacity: 16M(100%)
[2024-07-25T19:05:17.686+0800][86.055s][gc,heap     ] GC(4610) Soft Max Capacity: 16M(100%)
[2024-07-25T19:05:17.686+0800][86.055s][gc,heap     ] GC(4610)                Mark Start          Mark End        Relocate Start      Relocate End           High               Low         
[2024-07-25T19:05:17.686+0800][86.055s][gc,heap     ] GC(4610)  Capacity:       16M (100%)         16M (100%)         16M (100%)         16M (100%)         16M (100%)         16M (100%)   
[2024-07-25T19:05:17.686+0800][86.055s][gc,heap     ] GC(4610)      Free:        0M (0%)            0M (0%)            4M (25%)           2M (12%)           6M (38%)           0M (0%)     
[2024-07-25T19:05:17.686+0800][86.055s][gc,heap     ] GC(4610)      Used:       16M (100%)         16M (100%)         12M (75%)          14M (88%)          16M (100%)         10M (62%)    
[2024-07-25T19:05:17.686+0800][86.055s][gc,heap     ] GC(4610)      Live:         -                 8M (54%)           8M (54%)           8M (54%)            -                  -          
[2024-07-25T19:05:17.686+0800][86.055s][gc,heap     ] GC(4610) Allocated:         -                 0M (0%)            2M (12%)           4M (25%)            -                  -          
[2024-07-25T19:05:17.686+0800][86.055s][gc,heap     ] GC(4610)   Garbage:         -                 7M (46%)           1M (8%)            1M (8%)             -                  -          
[2024-07-25T19:05:17.686+0800][86.055s][gc,heap     ] GC(4610) Reclaimed:         -                  -                 6M (38%)           6M (38%)            -                  -          
[2024-07-25T19:05:17.686+0800][86.055s][gc          ] GC(4610) Garbage Collection (Allocation Stall) 16M(100%)->14M(88%)
[2024-07-25T19:05:17.689+0800][86.058s][gc,start    ] GC(4611) Garbage Collection (Allocation Stall)
[2024-07-25T19:05:17.689+0800][86.058s][gc,ref      ] GC(4611) Clearing All SoftReferences
[2024-07-25T19:05:17.689+0800][86.058s][gc,task     ] GC(4611) Using 1 workers
[2024-07-25T19:05:17.689+0800][86.059s][gc,phases   ] GC(4611) Pause Mark Start 0.035ms
[2024-07-25T19:05:17.696+0800][86.065s][gc,phases   ] GC(4611) Concurrent Mark 6.127ms
[2024-07-25T19:05:17.696+0800][86.065s][gc,phases   ] GC(4611) Pause Mark End 0.011ms
[2024-07-25T19:05:17.696+0800][86.065s][gc,phases   ] GC(4611) Concurrent Mark Free 0.001ms
[2024-07-25T19:05:17.698+0800][86.067s][gc,phases   ] GC(4611) Concurrent Process Non-Strong References 1.805ms
[2024-07-25T19:05:17.698+0800][86.067s][gc,phases   ] GC(4611) Concurrent Reset Relocation Set 0.001ms
[2024-07-25T19:05:17.701+0800][86.070s][gc          ] Allocation Stall (main) 11.530ms
[2024-07-25T19:05:17.701+0800][86.070s][gc,phases   ] GC(4611) Concurrent Select Relocation Set 2.563ms
[2024-07-25T19:05:17.701+0800][86.070s][gc,phases   ] GC(4611) Pause Relocate Start 0.009ms
[2024-07-25T19:05:17.701+0800][86.070s][gc,phases   ] GC(4611) Concurrent Relocate 0.142ms
[2024-07-25T19:05:17.701+0800][86.070s][gc,load     ] GC(4611) Load: 0.00/0.00/0.00
[2024-07-25T19:05:17.701+0800][86.070s][gc,mmu      ] GC(4611) MMU: 2ms/88.2%, 5ms/95.3%, 10ms/97.6%, 20ms/98.8%, 50ms/99.4%, 100ms/99.6%
[2024-07-25T19:05:17.701+0800][86.071s][gc,marking  ] GC(4611) Mark: 1 stripe(s), 1 proactive flush(es), 1 terminate flush(es), 0 completion(s), 0 continuation(s) 
[2024-07-25T19:05:17.701+0800][86.071s][gc,marking  ] GC(4611) Mark Stack Usage: 32M
[2024-07-25T19:05:17.701+0800][86.071s][gc,nmethod  ] GC(4611) NMethods: 535 registered, 0 unregistered
[2024-07-25T19:05:17.701+0800][86.071s][gc,metaspace] GC(4611) Metaspace: 1M used, 1M committed, 1088M reserved
[2024-07-25T19:05:17.701+0800][86.071s][gc,ref      ] GC(4611) Soft: 46 encountered, 25 discovered, 0 enqueued
[2024-07-25T19:05:17.701+0800][86.071s][gc,ref      ] GC(4611) Weak: 131 encountered, 107 discovered, 0 enqueued
[2024-07-25T19:05:17.701+0800][86.071s][gc,ref      ] GC(4611) Final: 0 encountered, 0 discovered, 0 enqueued
[2024-07-25T19:05:17.701+0800][86.071s][gc,ref      ] GC(4611) Phantom: 184 encountered, 98 discovered, 0 enqueued
[2024-07-25T19:05:17.701+0800][86.071s][gc,reloc    ] GC(4611) Small Pages: 4 / 8M, Empty: 2M, Relocated: 0M, In-Place: 0
[2024-07-25T19:05:17.701+0800][86.071s][gc,reloc    ] GC(4611) Large Pages: 4 / 8M, Empty: 4M, Relocated: 0M, In-Place: 0
[2024-07-25T19:05:17.701+0800][86.071s][gc,reloc    ] GC(4611) Forwarding Usage: 0M
[2024-07-25T19:05:17.701+0800][86.071s][gc,heap     ] GC(4611) Min Capacity: 8M(50%)
[2024-07-25T19:05:17.701+0800][86.071s][gc,heap     ] GC(4611) Max Capacity: 16M(100%)
[2024-07-25T19:05:17.701+0800][86.071s][gc,heap     ] GC(4611) Soft Max Capacity: 16M(100%)
[2024-07-25T19:05:17.701+0800][86.071s][gc,heap     ] GC(4611)                Mark Start          Mark End        Relocate Start      Relocate End           High               Low         
[2024-07-25T19:05:17.701+0800][86.071s][gc,heap     ] GC(4611)  Capacity:       16M (100%)         16M (100%)         16M (100%)         16M (100%)         16M (100%)         16M (100%)   
[2024-07-25T19:05:17.701+0800][86.071s][gc,heap     ] GC(4611)      Free:        0M (0%)            0M (0%)            4M (25%)           2M (12%)           6M (38%)           0M (0%)     
[2024-07-25T19:05:17.701+0800][86.071s][gc,heap     ] GC(4611)      Used:       16M (100%)         16M (100%)         12M (75%)          14M (88%)          16M (100%)         10M (62%)    
[2024-07-25T19:05:17.702+0800][86.071s][gc,heap     ] GC(4611)      Live:         -                 8M (54%)           8M (54%)           8M (54%)            -                  -          
[2024-07-25T19:05:17.702+0800][86.071s][gc,heap     ] GC(4611) Allocated:         -                 0M (0%)            2M (12%)           4M (25%)            -                  -          
[2024-07-25T19:05:17.702+0800][86.072s][gc,heap     ] GC(4611)   Garbage:         -                 7M (46%)           1M (8%)            1M (8%)             -                  -          
[2024-07-25T19:05:17.702+0800][86.072s][gc,heap     ] GC(4611) Reclaimed:         -                  -                 6M (38%)           6M (38%)            -                  -          
[2024-07-25T19:05:17.702+0800][86.072s][gc          ] GC(4611) Garbage Collection (Allocation Stall) 16M(100%)->14M(88%)
[2024-07-25T19:05:17.705+0800][86.073s][gc,start    ] GC(4612) Garbage Collection (Allocation Stall)
[2024-07-25T19:05:17.705+0800][86.074s][gc,ref      ] GC(4612) Clearing All SoftReferences
[2024-07-25T19:05:17.705+0800][86.074s][gc,task     ] GC(4612) Using 1 workers
[2024-07-25T19:05:17.705+0800][86.074s][gc,phases   ] GC(4612) Pause Mark Start 0.007ms
[2024-07-25T19:05:17.712+0800][86.082s][gc,phases   ] GC(4612) Concurrent Mark 7.815ms
[2024-07-25T19:05:17.713+0800][86.082s][gc,phases   ] GC(4612) Pause Mark End 0.009ms
[2024-07-25T19:05:17.713+0800][86.082s][gc,phases   ] GC(4612) Concurrent Mark Free 0.001ms
[2024-07-25T19:05:17.715+0800][86.084s][gc,phases   ] GC(4612) Concurrent Process Non-Strong References 2.273ms
[2024-07-25T19:05:17.715+0800][86.084s][gc,phases   ] GC(4612) Concurrent Reset Relocation Set 0.001ms
[2024-07-25T19:05:17.718+0800][86.087s][gc          ] Allocation Stall (main) 13.660ms
[2024-07-25T19:05:17.718+0800][86.087s][gc,phases   ] GC(4612) Concurrent Select Relocation Set 2.984ms
[2024-07-25T19:05:17.718+0800][86.087s][gc,phases   ] GC(4612) Pause Relocate Start 0.009ms
[2024-07-25T19:05:17.718+0800][86.088s][gc,phases   ] GC(4612) Concurrent Relocate 0.094ms
[2024-07-25T19:05:17.719+0800][86.088s][gc,load     ] GC(4612) Load: 0.00/0.00/0.00
[2024-07-25T19:05:17.719+0800][86.088s][gc,mmu      ] GC(4612) MMU: 2ms/88.2%, 5ms/95.3%, 10ms/97.6%, 20ms/98.8%, 50ms/99.4%, 100ms/99.6%
[2024-07-25T19:05:17.719+0800][86.088s][gc,marking  ] GC(4612) Mark: 1 stripe(s), 1 proactive flush(es), 1 terminate flush(es), 0 completion(s), 0 continuation(s) 
[2024-07-25T19:05:17.719+0800][86.088s][gc,marking  ] GC(4612) Mark Stack Usage: 32M
[2024-07-25T19:05:17.719+0800][86.088s][gc,nmethod  ] GC(4612) NMethods: 535 registered, 0 unregistered
[2024-07-25T19:05:17.719+0800][86.088s][gc,metaspace] GC(4612) Metaspace: 1M used, 1M committed, 1088M reserved
[2024-07-25T19:05:17.719+0800][86.088s][gc,ref      ] GC(4612) Soft: 46 encountered, 25 discovered, 0 enqueued
[2024-07-25T19:05:17.719+0800][86.088s][gc,ref      ] GC(4612) Weak: 131 encountered, 107 discovered, 0 enqueued
[2024-07-25T19:05:17.719+0800][86.088s][gc,ref      ] GC(4612) Final: 0 encountered, 0 discovered, 0 enqueued
[2024-07-25T19:05:17.719+0800][86.088s][gc,ref      ] GC(4612) Phantom: 184 encountered, 98 discovered, 0 enqueued
[2024-07-25T19:05:17.719+0800][86.088s][gc,reloc    ] GC(4612) Small Pages: 4 / 8M, Empty: 2M, Relocated: 0M, In-Place: 0
[2024-07-25T19:05:17.719+0800][86.088s][gc,reloc    ] GC(4612) Large Pages: 4 / 8M, Empty: 4M, Relocated: 0M, In-Place: 0
[2024-07-25T19:05:17.719+0800][86.088s][gc,reloc    ] GC(4612) Forwarding Usage: 0M
[2024-07-25T19:05:17.719+0800][86.088s][gc,heap     ] GC(4612) Min Capacity: 8M(50%)
[2024-07-25T19:05:17.719+0800][86.088s][gc,heap     ] GC(4612) Max Capacity: 16M(100%)
[2024-07-25T19:05:17.719+0800][86.088s][gc,heap     ] GC(4612) Soft Max Capacity: 16M(100%)
[2024-07-25T19:05:17.719+0800][86.088s][gc,heap     ] GC(4612)                Mark Start          Mark End        Relocate Start      Relocate End           High               Low         
[2024-07-25T19:05:17.719+0800][86.088s][gc,heap     ] GC(4612)  Capacity:       16M (100%)         16M (100%)         16M (100%)         16M (100%)         16M (100%)         16M (100%)   
[2024-07-25T19:05:17.719+0800][86.088s][gc,heap     ] GC(4612)      Free:        0M (0%)            0M (0%)            2M (12%)           2M (12%)           6M (38%)           0M (0%)     
[2024-07-25T19:05:17.719+0800][86.088s][gc,heap     ] GC(4612)      Used:       16M (100%)         16M (100%)         14M (88%)          14M (88%)          16M (100%)         10M (62%)    
[2024-07-25T19:05:17.719+0800][86.088s][gc,heap     ] GC(4612)      Live:         -                 8M (54%)           8M (54%)           8M (54%)            -                  -          
[2024-07-25T19:05:17.719+0800][86.088s][gc,heap     ] GC(4612) Allocated:         -                 0M (0%)            4M (25%)           4M (25%)            -                  -          
[2024-07-25T19:05:17.719+0800][86.088s][gc,heap     ] GC(4612)   Garbage:         -                 7M (46%)           1M (8%)            1M (8%)             -                  -          
[2024-07-25T19:05:17.719+0800][86.088s][gc,heap     ] GC(4612) Reclaimed:         -                  -                 6M (38%)           6M (38%)            -                  -          
[2024-07-25T19:05:17.719+0800][86.088s][gc          ] GC(4612) Garbage Collection (Allocation Stall) 16M(100%)->14M(88%)
[2024-07-25T19:05:17.721+0800][86.090s][gc,start    ] GC(4613) Garbage Collection (Allocation Rate)
[2024-07-25T19:05:17.721+0800][86.090s][gc,task     ] GC(4613) Using 1 workers
[2024-07-25T19:05:17.721+0800][86.090s][gc,phases   ] GC(4613) Pause Mark Start 0.009ms
[2024-07-25T19:05:17.728+0800][86.097s][gc,phases   ] GC(4613) Concurrent Mark 7.013ms
[2024-07-25T19:05:17.728+0800][86.097s][gc,phases   ] GC(4613) Pause Mark End 0.012ms
[2024-07-25T19:05:17.728+0800][86.097s][gc,phases   ] GC(4613) Concurrent Mark Free 0.001ms
[2024-07-25T19:05:17.730+0800][86.099s][gc,phases   ] GC(4613) Concurrent Process Non-Strong References 1.829ms
[2024-07-25T19:05:17.730+0800][86.099s][gc,phases   ] GC(4613) Concurrent Reset Relocation Set 0.001ms
[2024-07-25T19:05:17.733+0800][86.102s][gc          ] Allocation Stall (main) 10.629ms
[2024-07-25T19:05:17.733+0800][86.103s][gc,phases   ] GC(4613) Concurrent Select Relocation Set 3.042ms
[2024-07-25T19:05:17.733+0800][86.103s][gc,phases   ] GC(4613) Pause Relocate Start 0.009ms
[2024-07-25T19:05:17.736+0800][86.105s][gc,phases   ] GC(4613) Concurrent Relocate 1.926ms
[2024-07-25T19:05:17.736+0800][86.105s][gc,load     ] GC(4613) Load: 0.00/0.00/0.00
[2024-07-25T19:05:17.736+0800][86.105s][gc,mmu      ] GC(4613) MMU: 2ms/88.2%, 5ms/95.3%, 10ms/97.6%, 20ms/98.8%, 50ms/99.4%, 100ms/99.6%
[2024-07-25T19:05:17.736+0800][86.105s][gc,marking  ] GC(4613) Mark: 1 stripe(s), 1 proactive flush(es), 1 terminate flush(es), 0 completion(s), 0 continuation(s) 
[2024-07-25T19:05:17.736+0800][86.105s][gc,marking  ] GC(4613) Mark Stack Usage: 32M
[2024-07-25T19:05:17.736+0800][86.105s][gc,nmethod  ] GC(4613) NMethods: 535 registered, 0 unregistered
[2024-07-25T19:05:17.736+0800][86.105s][gc,metaspace] GC(4613) Metaspace: 1M used, 1M committed, 1088M reserved
[2024-07-25T19:05:17.736+0800][86.105s][gc,ref      ] GC(4613) Soft: 46 encountered, 25 discovered, 0 enqueued
[2024-07-25T19:05:17.736+0800][86.105s][gc,ref      ] GC(4613) Weak: 131 encountered, 107 discovered, 0 enqueued
[2024-07-25T19:05:17.736+0800][86.105s][gc,ref      ] GC(4613) Final: 0 encountered, 0 discovered, 0 enqueued
[2024-07-25T19:05:17.736+0800][86.105s][gc,ref      ] GC(4613) Phantom: 184 encountered, 98 discovered, 0 enqueued
[2024-07-25T19:05:17.736+0800][86.105s][gc,reloc    ] GC(4613) Small Pages: 4 / 8M, Empty: 0M, Relocated: 1M, In-Place: 1
[2024-07-25T19:05:17.736+0800][86.105s][gc,reloc    ] GC(4613) Large Pages: 4 / 8M, Empty: 4M, Relocated: 0M, In-Place: 0
[2024-07-25T19:05:17.736+0800][86.105s][gc,reloc    ] GC(4613) Forwarding Usage: 0M
[2024-07-25T19:05:17.736+0800][86.105s][gc,heap     ] GC(4613) Min Capacity: 8M(50%)
[2024-07-25T19:05:17.736+0800][86.105s][gc,heap     ] GC(4613) Max Capacity: 16M(100%)
[2024-07-25T19:05:17.736+0800][86.105s][gc,heap     ] GC(4613) Soft Max Capacity: 16M(100%)
[2024-07-25T19:05:17.736+0800][86.105s][gc,heap     ] GC(4613)                Mark Start          Mark End        Relocate Start      Relocate End           High               Low         
[2024-07-25T19:05:17.736+0800][86.105s][gc,heap     ] GC(4613)  Capacity:       16M (100%)         16M (100%)         16M (100%)         16M (100%)         16M (100%)         16M (100%)   
[2024-07-25T19:05:17.736+0800][86.105s][gc,heap     ] GC(4613)      Free:        0M (0%)            0M (0%)            0M (0%)            2M (12%)           4M (25%)           0M (0%)     
[2024-07-25T19:05:17.736+0800][86.105s][gc,heap     ] GC(4613)      Used:       16M (100%)         16M (100%)         16M (100%)         14M (88%)          16M (100%)         12M (75%)    
[2024-07-25T19:05:17.736+0800][86.105s][gc,heap     ] GC(4613)      Live:         -                 8M (54%)           8M (54%)           8M (54%)            -                  -          
[2024-07-25T19:05:17.736+0800][86.105s][gc,heap     ] GC(4613) Allocated:         -                 0M (0%)            4M (25%)           3M (25%)            -                  -          
[2024-07-25T19:05:17.736+0800][86.105s][gc,heap     ] GC(4613)   Garbage:         -                 7M (46%)           3M (21%)           1M (8%)             -                  -          
[2024-07-25T19:05:17.736+0800][86.105s][gc,heap     ] GC(4613) Reclaimed:         -                  -                 4M (25%)           5M (37%)            -                  -          
[2024-07-25T19:05:17.736+0800][86.106s][gc          ] GC(4613) Garbage Collection (Allocation Rate) 16M(100%)->14M(88%)
[2024-07-25T19:05:17.741+0800][86.110s][gc,start    ] GC(4614) Garbage Collection (Allocation Stall)
[2024-07-25T19:05:17.741+0800][86.110s][gc,ref      ] GC(4614) Clearing All SoftReferences
[2024-07-25T19:05:17.741+0800][86.110s][gc,task     ] GC(4614) Using 1 workers
[2024-07-25T19:05:17.741+0800][86.110s][gc,phases   ] GC(4614) Pause Mark Start 0.009ms
[2024-07-25T19:05:17.751+0800][86.120s][gc,phases   ] GC(4614) Concurrent Mark 9.574ms
[2024-07-25T19:05:17.751+0800][86.120s][gc,phases   ] GC(4614) Pause Mark End 0.013ms
[2024-07-25T19:05:17.751+0800][86.120s][gc,phases   ] GC(4614) Concurrent Mark Free 0.001ms
[2024-07-25T19:05:17.754+0800][86.123s][gc,phases   ] GC(4614) Concurrent Process Non-Strong References 2.376ms
[2024-07-25T19:05:17.754+0800][86.123s][gc,phases   ] GC(4614) Concurrent Reset Relocation Set 0.002ms
[2024-07-25T19:05:17.756+0800][86.125s][gc          ] Allocation Stall (main) 15.488ms
[2024-07-25T19:05:17.757+0800][86.126s][gc,phases   ] GC(4614) Concurrent Select Relocation Set 2.734ms
[2024-07-25T19:05:17.757+0800][86.126s][gc,phases   ] GC(4614) Pause Relocate Start 0.008ms
[2024-07-25T19:05:17.759+0800][86.128s][gc,phases   ] GC(4614) Concurrent Relocate 1.793ms
[2024-07-25T19:05:17.759+0800][86.128s][gc,load     ] GC(4614) Load: 0.00/0.00/0.00
[2024-07-25T19:05:17.759+0800][86.128s][gc,mmu      ] GC(4614) MMU: 2ms/88.2%, 5ms/95.3%, 10ms/97.6%, 20ms/98.8%, 50ms/99.4%, 100ms/99.6%
[2024-07-25T19:05:17.759+0800][86.128s][gc,marking  ] GC(4614) Mark: 1 stripe(s), 1 proactive flush(es), 1 terminate flush(es), 0 completion(s), 0 continuation(s) 
[2024-07-25T19:05:17.759+0800][86.128s][gc,marking  ] GC(4614) Mark Stack Usage: 32M
[2024-07-25T19:05:17.759+0800][86.128s][gc,nmethod  ] GC(4614) NMethods: 535 registered, 0 unregistered
[2024-07-25T19:05:17.759+0800][86.128s][gc,metaspace] GC(4614) Metaspace: 1M used, 1M committed, 1088M reserved
[2024-07-25T19:05:17.759+0800][86.128s][gc,ref      ] GC(4614) Soft: 46 encountered, 25 discovered, 0 enqueued
[2024-07-25T19:05:17.759+0800][86.128s][gc,ref      ] GC(4614) Weak: 131 encountered, 107 discovered, 0 enqueued
[2024-07-25T19:05:17.759+0800][86.128s][gc,ref      ] GC(4614) Final: 0 encountered, 0 discovered, 0 enqueued
[2024-07-25T19:05:17.759+0800][86.128s][gc,ref      ] GC(4614) Phantom: 184 encountered, 98 discovered, 0 enqueued
[2024-07-25T19:05:17.759+0800][86.128s][gc,reloc    ] GC(4614) Small Pages: 4 / 8M, Empty: 0M, Relocated: 1M, In-Place: 0
[2024-07-25T19:05:17.759+0800][86.128s][gc,reloc    ] GC(4614) Large Pages: 4 / 8M, Empty: 4M, Relocated: 0M, In-Place: 0
[2024-07-25T19:05:17.759+0800][86.128s][gc,reloc    ] GC(4614) Forwarding Usage: 0M
[2024-07-25T19:05:17.759+0800][86.128s][gc,heap     ] GC(4614) Min Capacity: 8M(50%)
[2024-07-25T19:05:17.759+0800][86.128s][gc,heap     ] GC(4614) Max Capacity: 16M(100%)
[2024-07-25T19:05:17.759+0800][86.128s][gc,heap     ] GC(4614) Soft Max Capacity: 16M(100%)
[2024-07-25T19:05:17.759+0800][86.128s][gc,heap     ] GC(4614)                Mark Start          Mark End        Relocate Start      Relocate End           High               Low         
[2024-07-25T19:05:17.759+0800][86.128s][gc,heap     ] GC(4614)  Capacity:       16M (100%)         16M (100%)         16M (100%)         16M (100%)         16M (100%)         16M (100%)   
[2024-07-25T19:05:17.759+0800][86.128s][gc,heap     ] GC(4614)      Free:        0M (0%)            0M (0%)            0M (0%)            2M (12%)           4M (25%)           0M (0%)     
[2024-07-25T19:05:17.759+0800][86.128s][gc,heap     ] GC(4614)      Used:       16M (100%)         16M (100%)         16M (100%)         14M (88%)          16M (100%)         12M (75%)    
[2024-07-25T19:05:17.759+0800][86.128s][gc,heap     ] GC(4614)      Live:         -                 8M (54%)           8M (54%)           8M (54%)            -                  -          
[2024-07-25T19:05:17.759+0800][86.128s][gc,heap     ] GC(4614) Allocated:         -                 0M (0%)            4M (25%)           3M (25%)            -                  -          
[2024-07-25T19:05:17.759+0800][86.128s][gc,heap     ] GC(4614)   Garbage:         -                 7M (46%)           3M (21%)           1M (8%)             -                  -          
[2024-07-25T19:05:17.759+0800][86.129s][gc,heap     ] GC(4614) Reclaimed:         -                  -                 4M (25%)           5M (37%)            -                  -          
[2024-07-25T19:05:17.759+0800][86.129s][gc          ] GC(4614) Garbage Collection (Allocation Stall) 16M(100%)->14M(88%)
[2024-07-25T19:05:17.763+0800][86.132s][gc,start    ] GC(4615) Garbage Collection (Allocation Stall)
[2024-07-25T19:05:17.763+0800][86.132s][gc,ref      ] GC(4615) Clearing All SoftReferences
[2024-07-25T19:05:17.763+0800][86.132s][gc,task     ] GC(4615) Using 1 workers
[2024-07-25T19:05:17.763+0800][86.132s][gc,phases   ] GC(4615) Pause Mark Start 0.009ms
[2024-07-25T19:05:17.774+0800][86.143s][gc,phases   ] GC(4615) Concurrent Mark 10.982ms
[2024-07-25T19:05:17.774+0800][86.144s][gc,phases   ] GC(4615) Pause Mark End 0.016ms
[2024-07-25T19:05:17.774+0800][86.144s][gc,phases   ] GC(4615) Concurrent Mark Free 0.001ms
[2024-07-25T19:05:17.776+0800][86.146s][gc,phases   ] GC(4615) Concurrent Process Non-Strong References 2.376ms
[2024-07-25T19:05:17.776+0800][86.146s][gc,phases   ] GC(4615) Concurrent Reset Relocation Set 0.002ms
[2024-07-25T19:05:17.780+0800][86.150s][gc          ] Allocation Stall (main) 17.869ms
[2024-07-25T19:05:17.780+0800][86.150s][gc,phases   ] GC(4615) Concurrent Select Relocation Set 3.504ms
[2024-07-25T19:05:17.781+0800][86.150s][gc,phases   ] GC(4615) Pause Relocate Start 0.009ms
[2024-07-25T19:05:17.784+0800][86.153s][gc          ] Allocation Stall (main) 0.074ms
[2024-07-25T19:05:17.784+0800][86.153s][gc,phases   ] GC(4615) Concurrent Relocate 2.282ms
[2024-07-25T19:05:17.784+0800][86.153s][gc,load     ] GC(4615) Load: 0.00/0.00/0.00
[2024-07-25T19:05:17.784+0800][86.153s][gc,mmu      ] GC(4615) MMU: 2ms/88.2%, 5ms/95.3%, 10ms/97.6%, 20ms/98.8%, 50ms/99.4%, 100ms/99.6%
[2024-07-25T19:05:17.784+0800][86.153s][gc,marking  ] GC(4615) Mark: 1 stripe(s), 1 proactive flush(es), 1 terminate flush(es), 0 completion(s), 0 continuation(s) 
[2024-07-25T19:05:17.784+0800][86.153s][gc,marking  ] GC(4615) Mark Stack Usage: 32M
[2024-07-25T19:05:17.784+0800][86.153s][gc,nmethod  ] GC(4615) NMethods: 535 registered, 0 unregistered
[2024-07-25T19:05:17.784+0800][86.153s][gc,metaspace] GC(4615) Metaspace: 1M used, 1M committed, 1088M reserved
[2024-07-25T19:05:17.784+0800][86.153s][gc,ref      ] GC(4615) Soft: 46 encountered, 25 discovered, 0 enqueued
[2024-07-25T19:05:17.784+0800][86.153s][gc,ref      ] GC(4615) Weak: 131 encountered, 107 discovered, 0 enqueued
[2024-07-25T19:05:17.784+0800][86.153s][gc,ref      ] GC(4615) Final: 0 encountered, 0 discovered, 0 enqueued
[2024-07-25T19:05:17.784+0800][86.153s][gc,ref      ] GC(4615) Phantom: 184 encountered, 98 discovered, 0 enqueued
[2024-07-25T19:05:17.784+0800][86.153s][gc,reloc    ] GC(4615) Small Pages: 4 / 8M, Empty: 0M, Relocated: 1M, In-Place: 1
[2024-07-25T19:05:17.784+0800][86.153s][gc,reloc    ] GC(4615) Large Pages: 4 / 8M, Empty: 4M, Relocated: 0M, In-Place: 0
[2024-07-25T19:05:17.784+0800][86.153s][gc,reloc    ] GC(4615) Forwarding Usage: 0M
[2024-07-25T19:05:17.784+0800][86.153s][gc,heap     ] GC(4615) Min Capacity: 8M(50%)
[2024-07-25T19:05:17.784+0800][86.153s][gc,heap     ] GC(4615) Max Capacity: 16M(100%)
[2024-07-25T19:05:17.784+0800][86.153s][gc,heap     ] GC(4615) Soft Max Capacity: 16M(100%)
[2024-07-25T19:05:17.784+0800][86.153s][gc,heap     ] GC(4615)                Mark Start          Mark End        Relocate Start      Relocate End           High               Low         
[2024-07-25T19:05:17.784+0800][86.154s][gc,heap     ] GC(4615)  Capacity:       16M (100%)         16M (100%)         16M (100%)         16M (100%)         16M (100%)         16M (100%)   
[2024-07-25T19:05:17.784+0800][86.154s][gc,heap     ] GC(4615)      Free:        0M (0%)            0M (0%)            0M (0%)            0M (0%)            4M (25%)           0M (0%)     
[2024-07-25T19:05:17.784+0800][86.154s][gc,heap     ] GC(4615)      Used:       16M (100%)         16M (100%)         16M (100%)         16M (100%)         16M (100%)         12M (75%)    
[2024-07-25T19:05:17.784+0800][86.154s][gc,heap     ] GC(4615)      Live:         -                 8M (54%)           8M (54%)           8M (54%)            -                  -          
[2024-07-25T19:05:17.784+0800][86.154s][gc,heap     ] GC(4615) Allocated:         -                 0M (0%)            4M (25%)           5M (37%)            -                  -          
[2024-07-25T19:05:17.784+0800][86.154s][gc,heap     ] GC(4615)   Garbage:         -                 7M (46%)           3M (21%)           1M (8%)             -                  -          
[2024-07-25T19:05:17.784+0800][86.154s][gc,heap     ] GC(4615) Reclaimed:         -                  -                 4M (25%)           5M (37%)            -                  -          
[2024-07-25T19:05:17.784+0800][86.154s][gc          ] GC(4615) Garbage Collection (Allocation Stall) 16M(100%)->16M(100%)
[2024-07-25T19:05:17.786+0800][86.156s][gc,start    ] GC(4616) Garbage Collection (Allocation Stall)
[2024-07-25T19:05:17.786+0800][86.156s][gc,ref      ] GC(4616) Clearing All SoftReferences
[2024-07-25T19:05:17.786+0800][86.156s][gc,task     ] GC(4616) Using 1 workers
[2024-07-25T19:05:17.786+0800][86.156s][gc,phases   ] GC(4616) Pause Mark Start 0.011ms
[2024-07-25T19:05:17.802+0800][86.171s][gc,phases   ] GC(4616) Concurrent Mark 15.200ms
[2024-07-25T19:05:17.802+0800][86.171s][gc,phases   ] GC(4616) Pause Mark End 0.020ms
[2024-07-25T19:05:17.802+0800][86.171s][gc,phases   ] GC(4616) Concurrent Mark Free 0.001ms
[2024-07-25T19:05:17.805+0800][86.174s][gc,phases   ] GC(4616) Concurrent Process Non-Strong References 2.359ms
[2024-07-25T19:05:17.805+0800][86.174s][gc,phases   ] GC(4616) Concurrent Reset Relocation Set 0.002ms
[2024-07-25T19:05:17.809+0800][86.179s][gc          ] Allocation Stall (main) 23.073ms
[2024-07-25T19:05:17.810+0800][86.179s][gc,phases   ] GC(4616) Concurrent Select Relocation Set 4.748ms
[2024-07-25T19:05:17.810+0800][86.179s][gc,phases   ] GC(4616) Pause Relocate Start 0.010ms
[2024-07-25T19:05:17.812+0800][86.181s][gc          ] Allocation Stall (main) 1.548ms
[2024-07-25T19:05:17.812+0800][86.181s][gc,phases   ] GC(4616) Concurrent Relocate 2.411ms
[2024-07-25T19:05:17.813+0800][86.182s][gc,load     ] GC(4616) Load: 0.00/0.00/0.00
[2024-07-25T19:05:17.813+0800][86.182s][gc,mmu      ] GC(4616) MMU: 2ms/88.2%, 5ms/95.3%, 10ms/97.6%, 20ms/98.8%, 50ms/99.4%, 100ms/99.6%
[2024-07-25T19:05:17.813+0800][86.182s][gc,marking  ] GC(4616) Mark: 1 stripe(s), 1 proactive flush(es), 1 terminate flush(es), 0 completion(s), 0 continuation(s) 
[2024-07-25T19:05:17.813+0800][86.182s][gc,marking  ] GC(4616) Mark Stack Usage: 32M
[2024-07-25T19:05:17.813+0800][86.182s][gc,nmethod  ] GC(4616) NMethods: 535 registered, 0 unregistered
[2024-07-25T19:05:17.813+0800][86.182s][gc,metaspace] GC(4616) Metaspace: 1M used, 1M committed, 1088M reserved
[2024-07-25T19:05:17.813+0800][86.182s][gc,ref      ] GC(4616) Soft: 46 encountered, 25 discovered, 0 enqueued
[2024-07-25T19:05:17.813+0800][86.182s][gc,ref      ] GC(4616) Weak: 131 encountered, 107 discovered, 0 enqueued
[2024-07-25T19:05:17.813+0800][86.182s][gc,ref      ] GC(4616) Final: 0 encountered, 0 discovered, 0 enqueued
[2024-07-25T19:05:17.813+0800][86.182s][gc,ref      ] GC(4616) Phantom: 184 encountered, 98 discovered, 0 enqueued
[2024-07-25T19:05:17.813+0800][86.182s][gc,reloc    ] GC(4616) Small Pages: 4 / 8M, Empty: 0M, Relocated: 1M, In-Place: 1
[2024-07-25T19:05:17.813+0800][86.182s][gc,reloc    ] GC(4616) Large Pages: 4 / 8M, Empty: 4M, Relocated: 0M, In-Place: 0
[2024-07-25T19:05:17.813+0800][86.182s][gc,reloc    ] GC(4616) Forwarding Usage: 0M
[2024-07-25T19:05:17.813+0800][86.182s][gc,heap     ] GC(4616) Min Capacity: 8M(50%)
[2024-07-25T19:05:17.813+0800][86.183s][gc,heap     ] GC(4616) Max Capacity: 16M(100%)
[2024-07-25T19:05:17.813+0800][86.183s][gc,heap     ] GC(4616) Soft Max Capacity: 16M(100%)
[2024-07-25T19:05:17.813+0800][86.183s][gc,heap     ] GC(4616)                Mark Start          Mark End        Relocate Start      Relocate End           High               Low         
[2024-07-25T19:05:17.813+0800][86.183s][gc,heap     ] GC(4616)  Capacity:       16M (100%)         16M (100%)         16M (100%)         16M (100%)         16M (100%)         16M (100%)   
[2024-07-25T19:05:17.813+0800][86.183s][gc,heap     ] GC(4616)      Free:        0M (0%)            0M (0%)            0M (0%)            0M (0%)            4M (25%)           0M (0%)     
[2024-07-25T19:05:17.813+0800][86.183s][gc,heap     ] GC(4616)      Used:       16M (100%)         16M (100%)         16M (100%)         16M (100%)         16M (100%)         12M (75%)    
[2024-07-25T19:05:17.814+0800][86.183s][gc,heap     ] GC(4616)      Live:         -                 8M (54%)           8M (54%)           8M (54%)            -                  -          
[2024-07-25T19:05:17.814+0800][86.183s][gc,heap     ] GC(4616) Allocated:         -                 0M (0%)            4M (25%)           6M (38%)            -                  -          
[2024-07-25T19:05:17.814+0800][86.183s][gc,heap     ] GC(4616)   Garbage:         -                 7M (46%)           3M (21%)           1M (8%)             -                  -          
[2024-07-25T19:05:17.814+0800][86.183s][gc,heap     ] GC(4616) Reclaimed:         -                  -                 4M (25%)           6M (38%)            -                  -          
[2024-07-25T19:05:17.814+0800][86.183s][gc          ] GC(4616) Garbage Collection (Allocation Stall) 16M(100%)->16M(100%)
[2024-07-25T19:05:17.816+0800][86.185s][gc,start    ] GC(4617) Garbage Collection (Allocation Stall)
[2024-07-25T19:05:17.816+0800][86.185s][gc,ref      ] GC(4617) Clearing All SoftReferences
[2024-07-25T19:05:17.816+0800][86.185s][gc,task     ] GC(4617) Using 1 workers
[2024-07-25T19:05:17.816+0800][86.185s][gc,phases   ] GC(4617) Pause Mark Start 0.011ms
[2024-07-25T19:05:17.827+0800][86.196s][gc,phases   ] GC(4617) Concurrent Mark 10.628ms
[2024-07-25T19:05:17.827+0800][86.196s][gc,phases   ] GC(4617) Pause Mark End 0.013ms
[2024-07-25T19:05:17.827+0800][86.196s][gc,phases   ] GC(4617) Concurrent Mark Free 0.001ms
[2024-07-25T19:05:17.830+0800][86.199s][gc,phases   ] GC(4617) Concurrent Process Non-Strong References 2.512ms
[2024-07-25T19:05:17.830+0800][86.199s][gc,phases   ] GC(4617) Concurrent Reset Relocation Set 0.002ms
[2024-07-25T19:05:17.833+0800][86.203s][gc          ] Allocation Stall (main) 17.929ms
[2024-07-25T19:05:17.833+0800][86.203s][gc,phases   ] GC(4617) Concurrent Select Relocation Set 3.709ms
[2024-07-25T19:05:17.834+0800][86.203s][gc,phases   ] GC(4617) Pause Relocate Start 0.010ms
[2024-07-25T19:05:17.834+0800][86.203s][gc,phases   ] GC(4617) Concurrent Relocate 0.133ms
[2024-07-25T19:05:17.834+0800][86.203s][gc,load     ] GC(4617) Load: 0.00/0.00/0.00
[2024-07-25T19:05:17.834+0800][86.203s][gc,mmu      ] GC(4617) MMU: 2ms/88.2%, 5ms/95.3%, 10ms/97.6%, 20ms/98.8%, 50ms/99.4%, 100ms/99.6%
[2024-07-25T19:05:17.834+0800][86.203s][gc,marking  ] GC(4617) Mark: 1 stripe(s), 1 proactive flush(es), 1 terminate flush(es), 0 completion(s), 0 continuation(s) 
[2024-07-25T19:05:17.834+0800][86.203s][gc,marking  ] GC(4617) Mark Stack Usage: 32M
[2024-07-25T19:05:17.834+0800][86.204s][gc,nmethod  ] GC(4617) NMethods: 535 registered, 0 unregistered
[2024-07-25T19:05:17.834+0800][86.204s][gc,metaspace] GC(4617) Metaspace: 1M used, 1M committed, 1088M reserved
[2024-07-25T19:05:17.834+0800][86.204s][gc,ref      ] GC(4617) Soft: 46 encountered, 25 discovered, 0 enqueued
[2024-07-25T19:05:17.834+0800][86.204s][gc,ref      ] GC(4617) Weak: 131 encountered, 107 discovered, 0 enqueued
[2024-07-25T19:05:17.834+0800][86.204s][gc,ref      ] GC(4617) Final: 0 encountered, 0 discovered, 0 enqueued
[2024-07-25T19:05:17.834+0800][86.204s][gc,ref      ] GC(4617) Phantom: 184 encountered, 98 discovered, 0 enqueued
[2024-07-25T19:05:17.834+0800][86.204s][gc,reloc    ] GC(4617) Small Pages: 4 / 8M, Empty: 2M, Relocated: 0M, In-Place: 0
[2024-07-25T19:05:17.834+0800][86.204s][gc,reloc    ] GC(4617) Large Pages: 4 / 8M, Empty: 4M, Relocated: 0M, In-Place: 0
[2024-07-25T19:05:17.834+0800][86.204s][gc,reloc    ] GC(4617) Forwarding Usage: 0M
[2024-07-25T19:05:17.834+0800][86.204s][gc,heap     ] GC(4617) Min Capacity: 8M(50%)
[2024-07-25T19:05:17.834+0800][86.204s][gc,heap     ] GC(4617) Max Capacity: 16M(100%)
[2024-07-25T19:05:17.834+0800][86.204s][gc,heap     ] GC(4617) Soft Max Capacity: 16M(100%)
[2024-07-25T19:05:17.834+0800][86.204s][gc,heap     ] GC(4617)                Mark Start          Mark End        Relocate Start      Relocate End           High               Low         
[2024-07-25T19:05:17.835+0800][86.204s][gc,heap     ] GC(4617)  Capacity:       16M (100%)         16M (100%)         16M (100%)         16M (100%)         16M (100%)         16M (100%)   
[2024-07-25T19:05:17.835+0800][86.204s][gc,heap     ] GC(4617)      Free:        0M (0%)            0M (0%)            2M (12%)           2M (12%)           6M (38%)           0M (0%)     
[2024-07-25T19:05:17.835+0800][86.204s][gc,heap     ] GC(4617)      Used:       16M (100%)         16M (100%)         14M (88%)          14M (88%)          16M (100%)         10M (62%)    
[2024-07-25T19:05:17.835+0800][86.204s][gc,heap     ] GC(4617)      Live:         -                 8M (54%)           8M (54%)           8M (54%)            -                  -          
[2024-07-25T19:05:17.835+0800][86.204s][gc,heap     ] GC(4617) Allocated:         -                 0M (0%)            4M (25%)           4M (25%)            -                  -          
[2024-07-25T19:05:17.835+0800][86.204s][gc,heap     ] GC(4617)   Garbage:         -                 7M (46%)           1M (8%)            1M (8%)             -                  -          
[2024-07-25T19:05:17.835+0800][86.204s][gc,heap     ] GC(4617) Reclaimed:         -                  -                 6M (38%)           6M (38%)            -                  -          
[2024-07-25T19:05:17.835+0800][86.204s][gc          ] GC(4617) Garbage Collection (Allocation Stall) 16M(100%)->14M(88%)
[2024-07-25T19:05:17.838+0800][86.207s][gc,start    ] GC(4618) Garbage Collection (Allocation Stall)
[2024-07-25T19:05:17.838+0800][86.207s][gc,ref      ] GC(4618) Clearing All SoftReferences
[2024-07-25T19:05:17.838+0800][86.207s][gc,task     ] GC(4618) Using 1 workers
[2024-07-25T19:05:17.838+0800][86.208s][gc,phases   ] GC(4618) Pause Mark Start 0.015ms
[2024-07-25T19:05:17.854+0800][86.224s][gc,phases   ] GC(4618) Concurrent Mark 15.586ms
[2024-07-25T19:05:17.854+0800][86.224s][gc,phases   ] GC(4618) Pause Mark End 0.022ms
[2024-07-25T19:05:17.855+0800][86.224s][gc,phases   ] GC(4618) Concurrent Mark Free 0.003ms
[2024-07-25T19:05:17.858+0800][86.228s][gc,phases   ] GC(4618) Concurrent Process Non-Strong References 3.334ms
[2024-07-25T19:05:17.858+0800][86.228s][gc,phases   ] GC(4618) Concurrent Reset Relocation Set 0.001ms
[2024-07-25T19:05:17.865+0800][86.235s][gc          ] Allocation Stall (main) 27.408ms
[2024-07-25T19:05:17.865+0800][86.235s][gc,phases   ] GC(4618) Concurrent Select Relocation Set 6.975ms
[2024-07-25T19:05:17.866+0800][86.235s][gc,phases   ] GC(4618) Pause Relocate Start 0.021ms
[2024-07-25T19:05:17.866+0800][86.236s][gc,phases   ] GC(4618) Concurrent Relocate 0.137ms
[2024-07-25T19:05:17.866+0800][86.236s][gc,load     ] GC(4618) Load: 0.00/0.00/0.00
[2024-07-25T19:05:17.866+0800][86.236s][gc,mmu      ] GC(4618) MMU: 2ms/88.2%, 5ms/95.3%, 10ms/97.6%, 20ms/98.8%, 50ms/99.4%, 100ms/99.6%
[2024-07-25T19:05:17.866+0800][86.236s][gc,marking  ] GC(4618) Mark: 1 stripe(s), 1 proactive flush(es), 1 terminate flush(es), 0 completion(s), 0 continuation(s) 
[2024-07-25T19:05:17.867+0800][86.236s][gc,marking  ] GC(4618) Mark Stack Usage: 32M
[2024-07-25T19:05:17.867+0800][86.236s][gc,nmethod  ] GC(4618) NMethods: 535 registered, 0 unregistered
[2024-07-25T19:05:17.867+0800][86.236s][gc,metaspace] GC(4618) Metaspace: 1M used, 1M committed, 1088M reserved
[2024-07-25T19:05:17.867+0800][86.236s][gc,ref      ] GC(4618) Soft: 46 encountered, 25 discovered, 0 enqueued
[2024-07-25T19:05:17.867+0800][86.236s][gc,ref      ] GC(4618) Weak: 131 encountered, 107 discovered, 0 enqueued
[2024-07-25T19:05:17.867+0800][86.236s][gc,ref      ] GC(4618) Final: 0 encountered, 0 discovered, 0 enqueued
[2024-07-25T19:05:17.867+0800][86.236s][gc,ref      ] GC(4618) Phantom: 184 encountered, 98 discovered, 0 enqueued
[2024-07-25T19:05:17.867+0800][86.237s][gc,reloc    ] GC(4618) Small Pages: 4 / 8M, Empty: 2M, Relocated: 0M, In-Place: 0
[2024-07-25T19:05:17.867+0800][86.237s][gc,reloc    ] GC(4618) Large Pages: 4 / 8M, Empty: 4M, Relocated: 0M, In-Place: 0
[2024-07-25T19:05:17.867+0800][86.237s][gc,reloc    ] GC(4618) Forwarding Usage: 0M
[2024-07-25T19:05:17.868+0800][86.237s][gc,heap     ] GC(4618) Min Capacity: 8M(50%)
[2024-07-25T19:05:17.868+0800][86.237s][gc,heap     ] GC(4618) Max Capacity: 16M(100%)
[2024-07-25T19:05:17.868+0800][86.237s][gc,heap     ] GC(4618) Soft Max Capacity: 16M(100%)
[2024-07-25T19:05:17.868+0800][86.237s][gc,heap     ] GC(4618)                Mark Start          Mark End        Relocate Start      Relocate End           High               Low         
[2024-07-25T19:05:17.868+0800][86.237s][gc,heap     ] GC(4618)  Capacity:       16M (100%)         16M (100%)         16M (100%)         16M (100%)         16M (100%)         16M (100%)   
[2024-07-25T19:05:17.868+0800][86.237s][gc,heap     ] GC(4618)      Free:        0M (0%)            0M (0%)            4M (25%)           4M (25%)           6M (38%)           0M (0%)     
[2024-07-25T19:05:17.868+0800][86.237s][gc,heap     ] GC(4618)      Used:       16M (100%)         16M (100%)         12M (75%)          12M (75%)          16M (100%)         10M (62%)    
[2024-07-25T19:05:17.868+0800][86.237s][gc,heap     ] GC(4618)      Live:         -                 8M (54%)           8M (54%)           8M (54%)            -                  -          
[2024-07-25T19:05:17.868+0800][86.237s][gc,heap     ] GC(4618) Allocated:         -                 0M (0%)            2M (12%)           2M (12%)            -                  -          
[2024-07-25T19:05:17.868+0800][86.237s][gc,heap     ] GC(4618)   Garbage:         -                 7M (46%)           1M (8%)            1M (8%)             -                  -          
[2024-07-25T19:05:17.868+0800][86.237s][gc,heap     ] GC(4618) Reclaimed:         -                  -                 6M (38%)           6M (38%)            -                  -          
[2024-07-25T19:05:17.868+0800][86.237s][gc          ] GC(4618) Garbage Collection (Allocation Stall) 16M(100%)->12M(75%)
[2024-07-25T19:05:17.871+0800][86.240s][gc,start    ] GC(4619) Garbage Collection (Allocation Stall)
[2024-07-25T19:05:17.871+0800][86.240s][gc,ref      ] GC(4619) Clearing All SoftReferences
[2024-07-25T19:05:17.871+0800][86.240s][gc,task     ] GC(4619) Using 1 workers
[2024-07-25T19:05:17.871+0800][86.241s][gc,phases   ] GC(4619) Pause Mark Start 0.020ms
[2024-07-25T19:05:17.885+0800][86.255s][gc,phases   ] GC(4619) Concurrent Mark 13.897ms
[2024-07-25T19:05:17.886+0800][86.255s][gc,phases   ] GC(4619) Pause Mark End 0.027ms
[2024-07-25T19:05:17.886+0800][86.255s][gc,phases   ] GC(4619) Concurrent Mark Free 0.003ms
[2024-07-25T19:05:17.890+0800][86.259s][gc,phases   ] GC(4619) Concurrent Process Non-Strong References 3.963ms
[2024-07-25T19:05:17.890+0800][86.260s][gc,phases   ] GC(4619) Concurrent Reset Relocation Set 0.002ms
[2024-07-25T19:05:17.898+0800][86.268s][gc          ] Allocation Stall (main) 27.786ms
[2024-07-25T19:05:17.899+0800][86.268s][gc,phases   ] GC(4619) Concurrent Select Relocation Set 8.128ms
[2024-07-25T19:05:17.899+0800][86.268s][gc,phases   ] GC(4619) Pause Relocate Start 0.021ms
[2024-07-25T19:05:17.900+0800][86.269s][gc,phases   ] GC(4619) Concurrent Relocate 0.167ms
[2024-07-25T19:05:17.900+0800][86.269s][gc,load     ] GC(4619) Load: 0.00/0.00/0.00
[2024-07-25T19:05:17.900+0800][86.269s][gc,mmu      ] GC(4619) MMU: 2ms/88.2%, 5ms/95.3%, 10ms/97.6%, 20ms/98.8%, 50ms/99.4%, 100ms/99.6%
[2024-07-25T19:05:17.900+0800][86.269s][gc,marking  ] GC(4619) Mark: 1 stripe(s), 1 proactive flush(es), 1 terminate flush(es), 0 completion(s), 0 continuation(s) 
[2024-07-25T19:05:17.900+0800][86.269s][gc,marking  ] GC(4619) Mark Stack Usage: 32M
[2024-07-25T19:05:17.900+0800][86.269s][gc,nmethod  ] GC(4619) NMethods: 535 registered, 0 unregistered
[2024-07-25T19:05:17.900+0800][86.269s][gc,metaspace] GC(4619) Metaspace: 1M used, 1M committed, 1088M reserved
[2024-07-25T19:05:17.900+0800][86.269s][gc,ref      ] GC(4619) Soft: 46 encountered, 25 discovered, 0 enqueued
[2024-07-25T19:05:17.900+0800][86.270s][gc,ref      ] GC(4619) Weak: 131 encountered, 107 discovered, 0 enqueued
[2024-07-25T19:05:17.900+0800][86.270s][gc,ref      ] GC(4619) Final: 0 encountered, 0 discovered, 0 enqueued
[2024-07-25T19:05:17.900+0800][86.270s][gc,ref      ] GC(4619) Phantom: 184 encountered, 98 discovered, 0 enqueued
[2024-07-25T19:05:17.901+0800][86.270s][gc,reloc    ] GC(4619) Small Pages: 4 / 8M, Empty: 2M, Relocated: 0M, In-Place: 0
[2024-07-25T19:05:17.901+0800][86.270s][gc,reloc    ] GC(4619) Large Pages: 4 / 8M, Empty: 4M, Relocated: 0M, In-Place: 0
[2024-07-25T19:05:17.901+0800][86.270s][gc,reloc    ] GC(4619) Forwarding Usage: 0M
[2024-07-25T19:05:17.901+0800][86.270s][gc,heap     ] GC(4619) Min Capacity: 8M(50%)
[2024-07-25T19:05:17.901+0800][86.270s][gc,heap     ] GC(4619) Max Capacity: 16M(100%)
[2024-07-25T19:05:17.901+0800][86.270s][gc,heap     ] GC(4619) Soft Max Capacity: 16M(100%)
[2024-07-25T19:05:17.901+0800][86.270s][gc,heap     ] GC(4619)                Mark Start          Mark End        Relocate Start      Relocate End           High               Low         
[2024-07-25T19:05:17.901+0800][86.270s][gc,heap     ] GC(4619)  Capacity:       16M (100%)         16M (100%)         16M (100%)         16M (100%)         16M (100%)         16M (100%)   
[2024-07-25T19:05:17.901+0800][86.270s][gc,heap     ] GC(4619)      Free:        0M (0%)            0M (0%)            4M (25%)           4M (25%)           6M (38%)           0M (0%)     
[2024-07-25T19:05:17.901+0800][86.270s][gc,heap     ] GC(4619)      Used:       16M (100%)         16M (100%)         12M (75%)          12M (75%)          16M (100%)         10M (62%)    
[2024-07-25T19:05:17.901+0800][86.271s][gc,heap     ] GC(4619)      Live:         -                 8M (54%)           8M (54%)           8M (54%)            -                  -          
[2024-07-25T19:05:17.901+0800][86.271s][gc,heap     ] GC(4619) Allocated:         -                 0M (0%)            2M (12%)           2M (12%)            -                  -          
[2024-07-25T19:05:17.901+0800][86.271s][gc,heap     ] GC(4619)   Garbage:         -                 7M (46%)           1M (8%)            1M (8%)             -                  -          
[2024-07-25T19:05:17.902+0800][86.271s][gc,heap     ] GC(4619) Reclaimed:         -                  -                 6M (38%)           6M (38%)            -                  -          
[2024-07-25T19:05:17.902+0800][86.271s][gc          ] GC(4619) Garbage Collection (Allocation Stall) 16M(100%)->12M(75%)
[2024-07-25T19:05:17.905+0800][86.274s][gc,start    ] GC(4620) Garbage Collection (Allocation Stall)
[2024-07-25T19:05:17.905+0800][86.274s][gc,ref      ] GC(4620) Clearing All SoftReferences
[2024-07-25T19:05:17.905+0800][86.274s][gc,task     ] GC(4620) Using 1 workers
[2024-07-25T19:05:17.905+0800][86.274s][gc,phases   ] GC(4620) Pause Mark Start 0.019ms
[2024-07-25T19:05:17.920+0800][86.289s][gc,phases   ] GC(4620) Concurrent Mark 13.961ms
[2024-07-25T19:05:17.920+0800][86.289s][gc,phases   ] GC(4620) Pause Mark End 0.022ms
[2024-07-25T19:05:17.920+0800][86.289s][gc,phases   ] GC(4620) Concurrent Mark Free 0.003ms
[2024-07-25T19:05:17.923+0800][86.293s][gc,phases   ] GC(4620) Concurrent Process Non-Strong References 3.868ms
[2024-07-25T19:05:17.924+0800][86.293s][gc,phases   ] GC(4620) Concurrent Reset Relocation Set 0.002ms
[2024-07-25T19:05:17.934+0800][86.303s][gc          ] Allocation Stall (main) 29.087ms
[2024-07-25T19:05:17.934+0800][86.303s][gc,phases   ] GC(4620) Concurrent Select Relocation Set 9.237ms
[2024-07-25T19:05:17.934+0800][86.303s][gc,phases   ] GC(4620) Pause Relocate Start 0.022ms
[2024-07-25T19:05:17.934+0800][86.304s][gc,phases   ] GC(4620) Concurrent Relocate 0.114ms
[2024-07-25T19:05:17.934+0800][86.304s][gc,load     ] GC(4620) Load: 0.00/0.00/0.00
[2024-07-25T19:05:17.934+0800][86.304s][gc,mmu      ] GC(4620) MMU: 2ms/88.2%, 5ms/95.3%, 10ms/97.6%, 20ms/98.8%, 50ms/99.4%, 100ms/99.6%
[2024-07-25T19:05:17.934+0800][86.304s][gc,marking  ] GC(4620) Mark: 1 stripe(s), 1 proactive flush(es), 1 terminate flush(es), 0 completion(s), 0 continuation(s) 
[2024-07-25T19:05:17.934+0800][86.304s][gc,marking  ] GC(4620) Mark Stack Usage: 32M
[2024-07-25T19:05:17.934+0800][86.304s][gc,nmethod  ] GC(4620) NMethods: 535 registered, 0 unregistered
[2024-07-25T19:05:17.935+0800][86.304s][gc,metaspace] GC(4620) Metaspace: 1M used, 1M committed, 1088M reserved
[2024-07-25T19:05:17.935+0800][86.304s][gc,ref      ] GC(4620) Soft: 46 encountered, 25 discovered, 0 enqueued
[2024-07-25T19:05:17.935+0800][86.304s][gc,ref      ] GC(4620) Weak: 131 encountered, 107 discovered, 0 enqueued
[2024-07-25T19:05:17.935+0800][86.305s][gc,ref      ] GC(4620) Final: 0 encountered, 0 discovered, 0 enqueued
[2024-07-25T19:05:17.935+0800][86.305s][gc,ref      ] GC(4620) Phantom: 184 encountered, 98 discovered, 0 enqueued
[2024-07-25T19:05:17.935+0800][86.305s][gc,reloc    ] GC(4620) Small Pages: 4 / 8M, Empty: 2M, Relocated: 0M, In-Place: 0
[2024-07-25T19:05:17.935+0800][86.305s][gc,reloc    ] GC(4620) Large Pages: 4 / 8M, Empty: 4M, Relocated: 0M, In-Place: 0
[2024-07-25T19:05:17.935+0800][86.305s][gc,reloc    ] GC(4620) Forwarding Usage: 0M
[2024-07-25T19:05:17.935+0800][86.305s][gc,heap     ] GC(4620) Min Capacity: 8M(50%)
[2024-07-25T19:05:17.935+0800][86.305s][gc,heap     ] GC(4620) Max Capacity: 16M(100%)
[2024-07-25T19:05:17.935+0800][86.305s][gc,heap     ] GC(4620) Soft Max Capacity: 16M(100%)
[2024-07-25T19:05:17.936+0800][86.305s][gc,heap     ] GC(4620)                Mark Start          Mark End        Relocate Start      Relocate End           High               Low         
[2024-07-25T19:05:17.936+0800][86.305s][gc,heap     ] GC(4620)  Capacity:       16M (100%)         16M (100%)         16M (100%)         16M (100%)         16M (100%)         16M (100%)   
[2024-07-25T19:05:17.936+0800][86.305s][gc,heap     ] GC(4620)      Free:        0M (0%)            0M (0%)            2M (12%)           2M (12%)           6M (38%)           0M (0%)     
[2024-07-25T19:05:17.936+0800][86.305s][gc,heap     ] GC(4620)      Used:       16M (100%)         16M (100%)         14M (88%)          14M (88%)          16M (100%)         10M (62%)    
[2024-07-25T19:05:17.936+0800][86.306s][gc,heap     ] GC(4620)      Live:         -                 8M (54%)           8M (54%)           8M (54%)            -                  -          
[2024-07-25T19:05:17.936+0800][86.306s][gc,heap     ] GC(4620) Allocated:         -                 0M (0%)            4M (25%)           4M (25%)            -                  -          
[2024-07-25T19:05:17.936+0800][86.306s][gc,heap     ] GC(4620)   Garbage:         -                 7M (46%)           1M (8%)            1M (8%)             -                  -          
[2024-07-25T19:05:17.936+0800][86.306s][gc,heap     ] GC(4620) Reclaimed:         -                  -                 6M (38%)           6M (38%)            -                  -          
[2024-07-25T19:05:17.936+0800][86.306s][gc          ] GC(4620) Garbage Collection (Allocation Stall) 16M(100%)->14M(88%)
[2024-07-25T19:05:17.938+0800][86.308s][gc,start    ] GC(4621) Garbage Collection (Allocation Stall)
[2024-07-25T19:05:17.939+0800][86.308s][gc,ref      ] GC(4621) Clearing All SoftReferences
[2024-07-25T19:05:17.939+0800][86.308s][gc,task     ] GC(4621) Using 1 workers
[2024-07-25T19:05:17.939+0800][86.308s][gc,phases   ] GC(4621) Pause Mark Start 0.019ms
[2024-07-25T19:05:17.955+0800][86.324s][gc,phases   ] GC(4621) Concurrent Mark 16.052ms
[2024-07-25T19:05:17.955+0800][86.325s][gc,phases   ] GC(4621) Pause Mark End 0.021ms
[2024-07-25T19:05:17.955+0800][86.325s][gc,phases   ] GC(4621) Concurrent Mark Free 0.001ms
[2024-07-25T19:05:17.958+0800][86.327s][gc,phases   ] GC(4621) Concurrent Process Non-Strong References 2.189ms
[2024-07-25T19:05:17.958+0800][86.327s][gc,phases   ] GC(4621) Concurrent Reset Relocation Set 0.001ms
[2024-07-25T19:05:17.962+0800][86.332s][gc          ] Allocation Stall (main) 24.774ms
[2024-07-25T19:05:17.962+0800][86.332s][gc,phases   ] GC(4621) Concurrent Select Relocation Set 5.029ms
[2024-07-25T19:05:17.964+0800][86.333s][gc,phases   ] GC(4621) Pause Relocate Start 0.018ms
[2024-07-25T19:05:17.964+0800][86.333s][gc,phases   ] GC(4621) Concurrent Relocate 0.067ms
[2024-07-25T19:05:17.964+0800][86.333s][gc,load     ] GC(4621) Load: 0.00/0.00/0.00
[2024-07-25T19:05:17.964+0800][86.333s][gc,mmu      ] GC(4621) MMU: 2ms/88.2%, 5ms/95.3%, 10ms/97.6%, 20ms/98.8%, 50ms/99.4%, 100ms/99.6%
[2024-07-25T19:05:17.964+0800][86.333s][gc,marking  ] GC(4621) Mark: 1 stripe(s), 1 proactive flush(es), 1 terminate flush(es), 0 completion(s), 0 continuation(s) 
[2024-07-25T19:05:17.964+0800][86.333s][gc,marking  ] GC(4621) Mark Stack Usage: 32M
[2024-07-25T19:05:17.964+0800][86.333s][gc,nmethod  ] GC(4621) NMethods: 535 registered, 0 unregistered
[2024-07-25T19:05:17.964+0800][86.333s][gc,metaspace] GC(4621) Metaspace: 1M used, 1M committed, 1088M reserved
[2024-07-25T19:05:17.964+0800][86.333s][gc,ref      ] GC(4621) Soft: 46 encountered, 25 discovered, 0 enqueued
[2024-07-25T19:05:17.964+0800][86.333s][gc,ref      ] GC(4621) Weak: 131 encountered, 107 discovered, 0 enqueued
[2024-07-25T19:05:17.964+0800][86.334s][gc,ref      ] GC(4621) Final: 0 encountered, 0 discovered, 0 enqueued
[2024-07-25T19:05:17.964+0800][86.334s][gc,ref      ] GC(4621) Phantom: 184 encountered, 98 discovered, 0 enqueued
[2024-07-25T19:05:17.964+0800][86.334s][gc,reloc    ] GC(4621) Small Pages: 4 / 8M, Empty: 2M, Relocated: 0M, In-Place: 0
[2024-07-25T19:05:17.964+0800][86.334s][gc,reloc    ] GC(4621) Large Pages: 4 / 8M, Empty: 4M, Relocated: 0M, In-Place: 0
[2024-07-25T19:05:17.964+0800][86.334s][gc,reloc    ] GC(4621) Forwarding Usage: 0M
[2024-07-25T19:05:17.964+0800][86.334s][gc,heap     ] GC(4621) Min Capacity: 8M(50%)
[2024-07-25T19:05:17.964+0800][86.334s][gc,heap     ] GC(4621) Max Capacity: 16M(100%)
[2024-07-25T19:05:17.964+0800][86.334s][gc,heap     ] GC(4621) Soft Max Capacity: 16M(100%)
[2024-07-25T19:05:17.964+0800][86.334s][gc,heap     ] GC(4621)                Mark Start          Mark End        Relocate Start      Relocate End           High               Low         
[2024-07-25T19:05:17.964+0800][86.334s][gc,heap     ] GC(4621)  Capacity:       16M (100%)         16M (100%)         16M (100%)         16M (100%)         16M (100%)         16M (100%)   
[2024-07-25T19:05:17.964+0800][86.334s][gc,heap     ] GC(4621)      Free:        0M (0%)            0M (0%)            2M (12%)           2M (12%)           6M (38%)           0M (0%)     
[2024-07-25T19:05:17.964+0800][86.334s][gc,heap     ] GC(4621)      Used:       16M (100%)         16M (100%)         14M (88%)          14M (88%)          16M (100%)         10M (62%)    
[2024-07-25T19:05:17.964+0800][86.334s][gc,heap     ] GC(4621)      Live:         -                 8M (54%)           8M (54%)           8M (54%)            -                  -          
[2024-07-25T19:05:17.964+0800][86.334s][gc,heap     ] GC(4621) Allocated:         -                 0M (0%)            4M (25%)           4M (25%)            -                  -          
[2024-07-25T19:05:17.964+0800][86.334s][gc,heap     ] GC(4621)   Garbage:         -                 7M (46%)           1M (8%)            1M (8%)             -                  -          
[2024-07-25T19:05:17.964+0800][86.334s][gc,heap     ] GC(4621) Reclaimed:         -                  -                 6M (38%)           6M (38%)            -                  -          
[2024-07-25T19:05:17.964+0800][86.334s][gc          ] GC(4621) Garbage Collection (Allocation Stall) 16M(100%)->14M(88%)
[2024-07-25T19:05:17.968+0800][86.337s][gc,start    ] GC(4622) Garbage Collection (Allocation Stall)
[2024-07-25T19:05:17.968+0800][86.338s][gc,ref      ] GC(4622) Clearing All SoftReferences
[2024-07-25T19:05:17.968+0800][86.338s][gc,task     ] GC(4622) Using 1 workers
[2024-07-25T19:05:17.968+0800][86.338s][gc,phases   ] GC(4622) Pause Mark Start 0.011ms
[2024-07-25T19:05:17.976+0800][86.345s][gc,phases   ] GC(4622) Concurrent Mark 7.509ms
[2024-07-25T19:05:17.976+0800][86.345s][gc,phases   ] GC(4622) Pause Mark End 0.013ms
[2024-07-25T19:05:17.976+0800][86.346s][gc,phases   ] GC(4622) Concurrent Mark Free 0.001ms
[2024-07-25T19:05:17.977+0800][86.347s][gc,phases   ] GC(4622) Concurrent Process Non-Strong References 1.487ms
[2024-07-25T19:05:17.977+0800][86.347s][gc,phases   ] GC(4622) Concurrent Reset Relocation Set 0.001ms
[2024-07-25T19:05:17.981+0800][86.350s][gc          ] Allocation Stall (main) 12.764ms
[2024-07-25T19:05:17.981+0800][86.350s][gc,phases   ] GC(4622) Concurrent Select Relocation Set 2.957ms
[2024-07-25T19:05:17.981+0800][86.350s][gc,phases   ] GC(4622) Pause Relocate Start 0.007ms
[2024-07-25T19:05:17.981+0800][86.350s][gc,phases   ] GC(4622) Concurrent Relocate 0.038ms
[2024-07-25T19:05:17.981+0800][86.350s][gc,load     ] GC(4622) Load: 0.00/0.00/0.00
[2024-07-25T19:05:17.981+0800][86.351s][gc,mmu      ] GC(4622) MMU: 2ms/88.2%, 5ms/95.3%, 10ms/97.6%, 20ms/98.8%, 50ms/99.4%, 100ms/99.6%
[2024-07-25T19:05:17.981+0800][86.351s][gc,marking  ] GC(4622) Mark: 1 stripe(s), 1 proactive flush(es), 1 terminate flush(es), 0 completion(s), 0 continuation(s) 
[2024-07-25T19:05:17.981+0800][86.351s][gc,marking  ] GC(4622) Mark Stack Usage: 32M
[2024-07-25T19:05:17.981+0800][86.351s][gc,nmethod  ] GC(4622) NMethods: 535 registered, 0 unregistered
[2024-07-25T19:05:17.981+0800][86.351s][gc,metaspace] GC(4622) Metaspace: 1M used, 1M committed, 1088M reserved
[2024-07-25T19:05:17.981+0800][86.351s][gc,ref      ] GC(4622) Soft: 46 encountered, 25 discovered, 0 enqueued
[2024-07-25T19:05:17.981+0800][86.351s][gc,ref      ] GC(4622) Weak: 131 encountered, 107 discovered, 0 enqueued
[2024-07-25T19:05:17.981+0800][86.351s][gc,ref      ] GC(4622) Final: 0 encountered, 0 discovered, 0 enqueued
[2024-07-25T19:05:17.981+0800][86.351s][gc,ref      ] GC(4622) Phantom: 184 encountered, 98 discovered, 0 enqueued
[2024-07-25T19:05:17.981+0800][86.351s][gc,reloc    ] GC(4622) Small Pages: 4 / 8M, Empty: 2M, Relocated: 0M, In-Place: 0
[2024-07-25T19:05:17.981+0800][86.351s][gc,reloc    ] GC(4622) Large Pages: 4 / 8M, Empty: 4M, Relocated: 0M, In-Place: 0
[2024-07-25T19:05:17.981+0800][86.351s][gc,reloc    ] GC(4622) Forwarding Usage: 0M
[2024-07-25T19:05:17.981+0800][86.351s][gc,heap     ] GC(4622) Min Capacity: 8M(50%)
[2024-07-25T19:05:17.981+0800][86.351s][gc,heap     ] GC(4622) Max Capacity: 16M(100%)
[2024-07-25T19:05:17.981+0800][86.351s][gc,heap     ] GC(4622) Soft Max Capacity: 16M(100%)
[2024-07-25T19:05:17.981+0800][86.351s][gc,heap     ] GC(4622)                Mark Start          Mark End        Relocate Start      Relocate End           High               Low         
[2024-07-25T19:05:17.981+0800][86.351s][gc,heap     ] GC(4622)  Capacity:       16M (100%)         16M (100%)         16M (100%)         16M (100%)         16M (100%)         16M (100%)   
[2024-07-25T19:05:17.981+0800][86.351s][gc,heap     ] GC(4622)      Free:        0M (0%)            0M (0%)            4M (25%)           4M (25%)           6M (38%)           0M (0%)     
[2024-07-25T19:05:17.981+0800][86.351s][gc,heap     ] GC(4622)      Used:       16M (100%)         16M (100%)         12M (75%)          12M (75%)          16M (100%)         10M (62%)    
[2024-07-25T19:05:17.981+0800][86.351s][gc,heap     ] GC(4622)      Live:         -                 8M (54%)           8M (54%)           8M (54%)            -                  -          
[2024-07-25T19:05:17.981+0800][86.351s][gc,heap     ] GC(4622) Allocated:         -                 0M (0%)            2M (12%)           2M (12%)            -                  -          
[2024-07-25T19:05:17.981+0800][86.351s][gc,heap     ] GC(4622)   Garbage:         -                 7M (46%)           1M (8%)            1M (8%)             -                  -          
[2024-07-25T19:05:17.981+0800][86.351s][gc,heap     ] GC(4622) Reclaimed:         -                  -                 6M (38%)           6M (38%)            -                  -          
[2024-07-25T19:05:17.981+0800][86.351s][gc          ] GC(4622) Garbage Collection (Allocation Stall) 16M(100%)->12M(75%)
[2024-07-25T19:05:17.986+0800][86.355s][gc,start    ] GC(4623) Garbage Collection (Allocation Stall)
[2024-07-25T19:05:17.986+0800][86.355s][gc,ref      ] GC(4623) Clearing All SoftReferences
[2024-07-25T19:05:17.986+0800][86.355s][gc,task     ] GC(4623) Using 1 workers
[2024-07-25T19:05:17.986+0800][86.356s][gc,phases   ] GC(4623) Pause Mark Start 0.006ms
[2024-07-25T19:05:17.991+0800][86.361s][gc,phases   ] GC(4623) Concurrent Mark 5.016ms
[2024-07-25T19:05:17.991+0800][86.361s][gc,phases   ] GC(4623) Pause Mark End 0.008ms
[2024-07-25T19:05:17.991+0800][86.361s][gc,phases   ] GC(4623) Concurrent Mark Free 0.001ms
[2024-07-25T19:05:17.993+0800][86.363s][gc,phases   ] GC(4623) Concurrent Process Non-Strong References 1.713ms
[2024-07-25T19:05:17.993+0800][86.363s][gc,phases   ] GC(4623) Concurrent Reset Relocation Set 0.001ms
[2024-07-25T19:05:17.995+0800][86.365s][gc,phases   ] GC(4623) Concurrent Select Relocation Set 2.299ms
[2024-07-25T19:05:17.996+0800][86.365s][gc          ] Allocation Stall (main) 9.670ms
[2024-07-25T19:05:17.996+0800][86.365s][gc,phases   ] GC(4623) Pause Relocate Start 0.018ms
[2024-07-25T19:05:17.996+0800][86.365s][gc,phases   ] GC(4623) Concurrent Relocate 0.035ms
[2024-07-25T19:05:17.996+0800][86.365s][gc,load     ] GC(4623) Load: 0.00/0.00/0.00
[2024-07-25T19:05:17.996+0800][86.365s][gc,mmu      ] GC(4623) MMU: 2ms/88.2%, 5ms/95.3%, 10ms/97.6%, 20ms/98.8%, 50ms/99.4%, 100ms/99.6%
[2024-07-25T19:05:17.996+0800][86.365s][gc,marking  ] GC(4623) Mark: 1 stripe(s), 1 proactive flush(es), 1 terminate flush(es), 0 completion(s), 0 continuation(s) 
[2024-07-25T19:05:17.996+0800][86.365s][gc,marking  ] GC(4623) Mark Stack Usage: 32M
[2024-07-25T19:05:17.996+0800][86.365s][gc,nmethod  ] GC(4623) NMethods: 535 registered, 0 unregistered
[2024-07-25T19:05:17.996+0800][86.365s][gc,metaspace] GC(4623) Metaspace: 1M used, 1M committed, 1088M reserved
[2024-07-25T19:05:17.996+0800][86.366s][gc,ref      ] GC(4623) Soft: 46 encountered, 25 discovered, 0 enqueued
[2024-07-25T19:05:17.996+0800][86.366s][gc,ref      ] GC(4623) Weak: 131 encountered, 107 discovered, 0 enqueued
[2024-07-25T19:05:17.996+0800][86.366s][gc,ref      ] GC(4623) Final: 0 encountered, 0 discovered, 0 enqueued
[2024-07-25T19:05:17.996+0800][86.366s][gc,ref      ] GC(4623) Phantom: 184 encountered, 98 discovered, 0 enqueued
[2024-07-25T19:05:17.996+0800][86.366s][gc,reloc    ] GC(4623) Small Pages: 4 / 8M, Empty: 2M, Relocated: 0M, In-Place: 0
[2024-07-25T19:05:17.996+0800][86.366s][gc,reloc    ] GC(4623) Large Pages: 4 / 8M, Empty: 4M, Relocated: 0M, In-Place: 0
[2024-07-25T19:05:17.996+0800][86.366s][gc,reloc    ] GC(4623) Forwarding Usage: 0M
[2024-07-25T19:05:17.996+0800][86.366s][gc,heap     ] GC(4623) Min Capacity: 8M(50%)
[2024-07-25T19:05:17.996+0800][86.366s][gc,heap     ] GC(4623) Max Capacity: 16M(100%)
[2024-07-25T19:05:17.996+0800][86.366s][gc,heap     ] GC(4623) Soft Max Capacity: 16M(100%)
[2024-07-25T19:05:17.996+0800][86.366s][gc,heap     ] GC(4623)                Mark Start          Mark End        Relocate Start      Relocate End           High               Low         
[2024-07-25T19:05:17.996+0800][86.366s][gc,heap     ] GC(4623)  Capacity:       16M (100%)         16M (100%)         16M (100%)         16M (100%)         16M (100%)         16M (100%)   
[2024-07-25T19:05:17.996+0800][86.366s][gc,heap     ] GC(4623)      Free:        0M (0%)            0M (0%)            4M (25%)           4M (25%)           6M (38%)           0M (0%)     
[2024-07-25T19:05:17.996+0800][86.366s][gc,heap     ] GC(4623)      Used:       16M (100%)         16M (100%)         12M (75%)          12M (75%)          16M (100%)         10M (62%)    
[2024-07-25T19:05:17.996+0800][86.366s][gc,heap     ] GC(4623)      Live:         -                 8M (54%)           8M (54%)           8M (54%)            -                  -          
[2024-07-25T19:05:17.996+0800][86.366s][gc,heap     ] GC(4623) Allocated:         -                 0M (0%)            2M (12%)           2M (12%)            -                  -          
[2024-07-25T19:05:17.996+0800][86.366s][gc,heap     ] GC(4623)   Garbage:         -                 7M (46%)           1M (8%)            1M (8%)             -                  -          
[2024-07-25T19:05:17.996+0800][86.366s][gc,heap     ] GC(4623) Reclaimed:         -                  -                 6M (38%)           6M (38%)            -                  -          
[2024-07-25T19:05:17.996+0800][86.366s][gc          ] GC(4623) Garbage Collection (Allocation Stall) 16M(100%)->12M(75%)
[2024-07-25T19:05:17.999+0800][86.369s][gc,start    ] GC(4624) Garbage Collection (Allocation Stall)
[2024-07-25T19:05:17.999+0800][86.369s][gc,ref      ] GC(4624) Clearing All SoftReferences
[2024-07-25T19:05:17.999+0800][86.369s][gc,task     ] GC(4624) Using 1 workers
[2024-07-25T19:05:17.999+0800][86.369s][gc,phases   ] GC(4624) Pause Mark Start 0.005ms
[2024-07-25T19:05:18.005+0800][86.374s][gc,phases   ] GC(4624) Concurrent Mark 4.767ms
[2024-07-25T19:05:18.005+0800][86.374s][gc,phases   ] GC(4624) Pause Mark End 0.008ms
[2024-07-25T19:05:18.005+0800][86.374s][gc,phases   ] GC(4624) Concurrent Mark Free 0.001ms
[2024-07-25T19:05:18.006+0800][86.375s][gc,phases   ] GC(4624) Concurrent Process Non-Strong References 1.526ms
[2024-07-25T19:05:18.006+0800][86.376s][gc,phases   ] GC(4624) Concurrent Reset Relocation Set 0.001ms
[2024-07-25T19:05:18.008+0800][86.378s][gc          ] Allocation Stall (main) 9.577ms
[2024-07-25T19:05:18.009+0800][86.378s][gc,phases   ] GC(4624) Concurrent Select Relocation Set 2.617ms
[2024-07-25T19:05:18.009+0800][86.378s][gc,phases   ] GC(4624) Pause Relocate Start 0.006ms
[2024-07-25T19:05:18.009+0800][86.379s][gc,phases   ] GC(4624) Concurrent Relocate 0.075ms
[2024-07-25T19:05:18.009+0800][86.379s][gc,load     ] GC(4624) Load: 0.00/0.00/0.00
[2024-07-25T19:05:18.009+0800][86.379s][gc,mmu      ] GC(4624) MMU: 2ms/88.2%, 5ms/95.3%, 10ms/97.6%, 20ms/98.8%, 50ms/99.4%, 100ms/99.6%
[2024-07-25T19:05:18.009+0800][86.379s][gc,marking  ] GC(4624) Mark: 1 stripe(s), 1 proactive flush(es), 1 terminate flush(es), 0 completion(s), 0 continuation(s) 
[2024-07-25T19:05:18.009+0800][86.379s][gc,marking  ] GC(4624) Mark Stack Usage: 32M
[2024-07-25T19:05:18.009+0800][86.379s][gc,nmethod  ] GC(4624) NMethods: 535 registered, 0 unregistered
[2024-07-25T19:05:18.009+0800][86.379s][gc,metaspace] GC(4624) Metaspace: 1M used, 1M committed, 1088M reserved
[2024-07-25T19:05:18.009+0800][86.379s][gc,ref      ] GC(4624) Soft: 46 encountered, 25 discovered, 0 enqueued
[2024-07-25T19:05:18.009+0800][86.379s][gc,ref      ] GC(4624) Weak: 131 encountered, 107 discovered, 0 enqueued
[2024-07-25T19:05:18.009+0800][86.379s][gc,ref      ] GC(4624) Final: 0 encountered, 0 discovered, 0 enqueued
[2024-07-25T19:05:18.009+0800][86.379s][gc,ref      ] GC(4624) Phantom: 184 encountered, 98 discovered, 0 enqueued
[2024-07-25T19:05:18.009+0800][86.379s][gc,reloc    ] GC(4624) Small Pages: 4 / 8M, Empty: 2M, Relocated: 0M, In-Place: 0
[2024-07-25T19:05:18.009+0800][86.379s][gc,reloc    ] GC(4624) Large Pages: 4 / 8M, Empty: 4M, Relocated: 0M, In-Place: 0
[2024-07-25T19:05:18.009+0800][86.379s][gc,reloc    ] GC(4624) Forwarding Usage: 0M
[2024-07-25T19:05:18.009+0800][86.379s][gc,heap     ] GC(4624) Min Capacity: 8M(50%)
[2024-07-25T19:05:18.009+0800][86.379s][gc,heap     ] GC(4624) Max Capacity: 16M(100%)
[2024-07-25T19:05:18.009+0800][86.379s][gc,heap     ] GC(4624) Soft Max Capacity: 16M(100%)
[2024-07-25T19:05:18.009+0800][86.379s][gc,heap     ] GC(4624)                Mark Start          Mark End        Relocate Start      Relocate End           High               Low         
[2024-07-25T19:05:18.009+0800][86.379s][gc,heap     ] GC(4624)  Capacity:       16M (100%)         16M (100%)         16M (100%)         16M (100%)         16M (100%)         16M (100%)   
[2024-07-25T19:05:18.009+0800][86.379s][gc,heap     ] GC(4624)      Free:        0M (0%)            0M (0%)            2M (12%)           2M (12%)           6M (38%)           0M (0%)     
[2024-07-25T19:05:18.009+0800][86.379s][gc,heap     ] GC(4624)      Used:       16M (100%)         16M (100%)         14M (88%)          14M (88%)          16M (100%)         10M (62%)    
[2024-07-25T19:05:18.009+0800][86.379s][gc,heap     ] GC(4624)      Live:         -                 8M (54%)           8M (54%)           8M (54%)            -                  -          
[2024-07-25T19:05:18.009+0800][86.379s][gc,heap     ] GC(4624) Allocated:         -                 0M (0%)            4M (25%)           4M (25%)            -                  -          
[2024-07-25T19:05:18.009+0800][86.379s][gc,heap     ] GC(4624)   Garbage:         -                 7M (46%)           1M (8%)            1M (8%)             -                  -          
[2024-07-25T19:05:18.009+0800][86.379s][gc,heap     ] GC(4624) Reclaimed:         -                  -                 6M (38%)           6M (38%)            -                  -          
[2024-07-25T19:05:18.009+0800][86.379s][gc          ] GC(4624) Garbage Collection (Allocation Stall) 16M(100%)->14M(88%)
[2024-07-25T19:05:18.016+0800][86.385s][gc,start    ] GC(4625) Garbage Collection (Allocation Stall)
[2024-07-25T19:05:18.016+0800][86.385s][gc,ref      ] GC(4625) Clearing All SoftReferences
[2024-07-25T19:05:18.016+0800][86.385s][gc,task     ] GC(4625) Using 1 workers
[2024-07-25T19:05:18.016+0800][86.385s][gc,phases   ] GC(4625) Pause Mark Start 0.022ms
[2024-07-25T19:05:18.021+0800][86.390s][gc,phases   ] GC(4625) Concurrent Mark 4.991ms
[2024-07-25T19:05:18.021+0800][86.390s][gc,phases   ] GC(4625) Pause Mark End 0.007ms
[2024-07-25T19:05:18.021+0800][86.390s][gc,phases   ] GC(4625) Concurrent Mark Free 0.001ms
[2024-07-25T19:05:18.023+0800][86.392s][gc,phases   ] GC(4625) Concurrent Process Non-Strong References 1.580ms
[2024-07-25T19:05:18.023+0800][86.392s][gc,phases   ] GC(4625) Concurrent Reset Relocation Set 0.000ms
[2024-07-25T19:05:18.024+0800][86.394s][gc          ] Allocation Stall (main) 9.648ms
[2024-07-25T19:05:18.024+0800][86.394s][gc,phases   ] GC(4625) Concurrent Select Relocation Set 2.322ms
[2024-07-25T19:05:18.025+0800][86.395s][gc,phases   ] GC(4625) Pause Relocate Start 0.007ms
[2024-07-25T19:05:18.025+0800][86.395s][gc,phases   ] GC(4625) Concurrent Relocate 0.125ms
[2024-07-25T19:05:18.025+0800][86.395s][gc,load     ] GC(4625) Load: 0.00/0.00/0.00
[2024-07-25T19:05:18.025+0800][86.395s][gc,mmu      ] GC(4625) MMU: 2ms/88.2%, 5ms/95.3%, 10ms/97.6%, 20ms/98.8%, 50ms/99.4%, 100ms/99.6%
[2024-07-25T19:05:18.025+0800][86.395s][gc,marking  ] GC(4625) Mark: 1 stripe(s), 1 proactive flush(es), 1 terminate flush(es), 0 completion(s), 0 continuation(s) 
[2024-07-25T19:05:18.025+0800][86.395s][gc,marking  ] GC(4625) Mark Stack Usage: 32M
[2024-07-25T19:05:18.025+0800][86.395s][gc,nmethod  ] GC(4625) NMethods: 535 registered, 0 unregistered
[2024-07-25T19:05:18.025+0800][86.395s][gc,metaspace] GC(4625) Metaspace: 1M used, 1M committed, 1088M reserved
[2024-07-25T19:05:18.025+0800][86.395s][gc,ref      ] GC(4625) Soft: 46 encountered, 25 discovered, 0 enqueued
[2024-07-25T19:05:18.025+0800][86.395s][gc,ref      ] GC(4625) Weak: 131 encountered, 107 discovered, 0 enqueued
[2024-07-25T19:05:18.025+0800][86.395s][gc,ref      ] GC(4625) Final: 0 encountered, 0 discovered, 0 enqueued
[2024-07-25T19:05:18.025+0800][86.395s][gc,ref      ] GC(4625) Phantom: 184 encountered, 98 discovered, 0 enqueued
[2024-07-25T19:05:18.025+0800][86.395s][gc,reloc    ] GC(4625) Small Pages: 4 / 8M, Empty: 2M, Relocated: 0M, In-Place: 0
[2024-07-25T19:05:18.025+0800][86.395s][gc,reloc    ] GC(4625) Large Pages: 4 / 8M, Empty: 4M, Relocated: 0M, In-Place: 0
[2024-07-25T19:05:18.025+0800][86.395s][gc,reloc    ] GC(4625) Forwarding Usage: 0M
[2024-07-25T19:05:18.025+0800][86.395s][gc,heap     ] GC(4625) Min Capacity: 8M(50%)
[2024-07-25T19:05:18.025+0800][86.395s][gc,heap     ] GC(4625) Max Capacity: 16M(100%)
[2024-07-25T19:05:18.025+0800][86.395s][gc,heap     ] GC(4625) Soft Max Capacity: 16M(100%)
[2024-07-25T19:05:18.025+0800][86.395s][gc,heap     ] GC(4625)                Mark Start          Mark End        Relocate Start      Relocate End           High               Low         
[2024-07-25T19:05:18.025+0800][86.395s][gc,heap     ] GC(4625)  Capacity:       16M (100%)         16M (100%)         16M (100%)         16M (100%)         16M (100%)         16M (100%)   
[2024-07-25T19:05:18.025+0800][86.395s][gc,heap     ] GC(4625)      Free:        0M (0%)            0M (0%)            2M (12%)           2M (12%)           6M (38%)           0M (0%)     
[2024-07-25T19:05:18.026+0800][86.395s][gc,heap     ] GC(4625)      Used:       16M (100%)         16M (100%)         14M (88%)          14M (88%)          16M (100%)         10M (62%)    
[2024-07-25T19:05:18.026+0800][86.395s][gc,heap     ] GC(4625)      Live:         -                 8M (54%)           8M (54%)           8M (54%)            -                  -          
[2024-07-25T19:05:18.026+0800][86.395s][gc,heap     ] GC(4625) Allocated:         -                 0M (0%)            4M (25%)           4M (25%)            -                  -          
[2024-07-25T19:05:18.026+0800][86.395s][gc,heap     ] GC(4625)   Garbage:         -                 7M (46%)           1M (8%)            1M (8%)             -                  -          
[2024-07-25T19:05:18.026+0800][86.395s][gc,heap     ] GC(4625) Reclaimed:         -                  -                 6M (38%)           6M (38%)            -                  -          
[2024-07-25T19:05:18.026+0800][86.395s][gc          ] GC(4625) Garbage Collection (Allocation Stall) 16M(100%)->14M(88%)
[2024-07-25T19:05:18.029+0800][86.399s][gc,start    ] GC(4626) Garbage Collection (Allocation Stall)
[2024-07-25T19:05:18.029+0800][86.399s][gc,ref      ] GC(4626) Clearing All SoftReferences
[2024-07-25T19:05:18.029+0800][86.399s][gc,task     ] GC(4626) Using 1 workers
[2024-07-25T19:05:18.029+0800][86.399s][gc,phases   ] GC(4626) Pause Mark Start 0.009ms
[2024-07-25T19:05:18.035+0800][86.404s][gc,phases   ] GC(4626) Concurrent Mark 5.415ms
[2024-07-25T19:05:18.035+0800][86.405s][gc,phases   ] GC(4626) Pause Mark End 0.008ms
[2024-07-25T19:05:18.035+0800][86.405s][gc,phases   ] GC(4626) Concurrent Mark Free 0.001ms
[2024-07-25T19:05:18.037+0800][86.406s][gc,phases   ] GC(4626) Concurrent Process Non-Strong References 1.509ms
[2024-07-25T19:05:18.037+0800][86.406s][gc,phases   ] GC(4626) Concurrent Reset Relocation Set 0.003ms
[2024-07-25T19:05:18.039+0800][86.409s][gc          ] Allocation Stall (main) 10.209ms
[2024-07-25T19:05:18.039+0800][86.409s][gc,phases   ] GC(4626) Concurrent Select Relocation Set 2.529ms
[2024-07-25T19:05:18.039+0800][86.409s][gc,phases   ] GC(4626) Pause Relocate Start 0.006ms
[2024-07-25T19:05:18.039+0800][86.409s][gc,phases   ] GC(4626) Concurrent Relocate 0.036ms
[2024-07-25T19:05:18.039+0800][86.409s][gc,load     ] GC(4626) Load: 0.00/0.00/0.00
[2024-07-25T19:05:18.040+0800][86.409s][gc,mmu      ] GC(4626) MMU: 2ms/88.2%, 5ms/95.3%, 10ms/97.6%, 20ms/98.8%, 50ms/99.4%, 100ms/99.6%
[2024-07-25T19:05:18.040+0800][86.409s][gc,marking  ] GC(4626) Mark: 1 stripe(s), 1 proactive flush(es), 1 terminate flush(es), 0 completion(s), 0 continuation(s) 
[2024-07-25T19:05:18.040+0800][86.409s][gc,marking  ] GC(4626) Mark Stack Usage: 32M
[2024-07-25T19:05:18.040+0800][86.409s][gc,nmethod  ] GC(4626) NMethods: 535 registered, 0 unregistered
[2024-07-25T19:05:18.040+0800][86.409s][gc,metaspace] GC(4626) Metaspace: 1M used, 1M committed, 1088M reserved
[2024-07-25T19:05:18.040+0800][86.410s][gc,ref      ] GC(4626) Soft: 46 encountered, 25 discovered, 0 enqueued
[2024-07-25T19:05:18.040+0800][86.410s][gc,ref      ] GC(4626) Weak: 131 encountered, 107 discovered, 0 enqueued
[2024-07-25T19:05:18.040+0800][86.410s][gc,ref      ] GC(4626) Final: 0 encountered, 0 discovered, 0 enqueued
[2024-07-25T19:05:18.040+0800][86.410s][gc,ref      ] GC(4626) Phantom: 184 encountered, 98 discovered, 0 enqueued
[2024-07-25T19:05:18.040+0800][86.410s][gc,reloc    ] GC(4626) Small Pages: 4 / 8M, Empty: 2M, Relocated: 0M, In-Place: 0
[2024-07-25T19:05:18.040+0800][86.410s][gc,reloc    ] GC(4626) Large Pages: 4 / 8M, Empty: 4M, Relocated: 0M, In-Place: 0
[2024-07-25T19:05:18.040+0800][86.410s][gc,reloc    ] GC(4626) Forwarding Usage: 0M
[2024-07-25T19:05:18.040+0800][86.410s][gc,heap     ] GC(4626) Min Capacity: 8M(50%)
[2024-07-25T19:05:18.040+0800][86.410s][gc,heap     ] GC(4626) Max Capacity: 16M(100%)
[2024-07-25T19:05:18.040+0800][86.410s][gc,heap     ] GC(4626) Soft Max Capacity: 16M(100%)
[2024-07-25T19:05:18.040+0800][86.410s][gc,heap     ] GC(4626)                Mark Start          Mark End        Relocate Start      Relocate End           High               Low         
[2024-07-25T19:05:18.040+0800][86.410s][gc,heap     ] GC(4626)  Capacity:       16M (100%)         16M (100%)         16M (100%)         16M (100%)         16M (100%)         16M (100%)   
[2024-07-25T19:05:18.040+0800][86.410s][gc,heap     ] GC(4626)      Free:        0M (0%)            0M (0%)            4M (25%)           4M (25%)           6M (38%)           0M (0%)     
[2024-07-25T19:05:18.040+0800][86.410s][gc,heap     ] GC(4626)      Used:       16M (100%)         16M (100%)         12M (75%)          12M (75%)          16M (100%)         10M (62%)    
[2024-07-25T19:05:18.040+0800][86.410s][gc,heap     ] GC(4626)      Live:         -                 8M (54%)           8M (54%)           8M (54%)            -                  -          
[2024-07-25T19:05:18.040+0800][86.410s][gc,heap     ] GC(4626) Allocated:         -                 0M (0%)            2M (12%)           2M (12%)            -                  -          
[2024-07-25T19:05:18.040+0800][86.410s][gc,heap     ] GC(4626)   Garbage:         -                 7M (46%)           1M (8%)            1M (8%)             -                  -          
[2024-07-25T19:05:18.040+0800][86.410s][gc,heap     ] GC(4626) Reclaimed:         -                  -                 6M (38%)           6M (38%)            -                  -          
[2024-07-25T19:05:18.040+0800][86.410s][gc          ] GC(4626) Garbage Collection (Allocation Stall) 16M(100%)->12M(75%)
[2024-07-25T19:05:18.044+0800][86.413s][gc,start    ] GC(4627) Garbage Collection (Allocation Stall)
[2024-07-25T19:05:18.044+0800][86.413s][gc,ref      ] GC(4627) Clearing All SoftReferences
[2024-07-25T19:05:18.044+0800][86.413s][gc,task     ] GC(4627) Using 1 workers
[2024-07-25T19:05:18.044+0800][86.413s][gc,phases   ] GC(4627) Pause Mark Start 0.017ms
[2024-07-25T19:05:18.058+0800][86.427s][gc,phases   ] GC(4627) Concurrent Mark 13.736ms
[2024-07-25T19:05:18.058+0800][86.427s][gc,phases   ] GC(4627) Pause Mark End 0.021ms
[2024-07-25T19:05:18.058+0800][86.428s][gc,phases   ] GC(4627) Concurrent Mark Free 0.003ms
[2024-07-25T19:05:18.062+0800][86.432s][gc,phases   ] GC(4627) Concurrent Process Non-Strong References 3.782ms
[2024-07-25T19:05:18.062+0800][86.432s][gc,phases   ] GC(4627) Concurrent Reset Relocation Set 0.001ms
[2024-07-25T19:05:18.069+0800][86.438s][gc          ] Allocation Stall (main) 25.326ms
[2024-07-25T19:05:18.069+0800][86.438s][gc,phases   ] GC(4627) Concurrent Select Relocation Set 6.239ms
[2024-07-25T19:05:18.069+0800][86.439s][gc,phases   ] GC(4627) Pause Relocate Start 0.018ms
[2024-07-25T19:05:18.070+0800][86.439s][gc,phases   ] GC(4627) Concurrent Relocate 0.244ms
[2024-07-25T19:05:18.070+0800][86.439s][gc,load     ] GC(4627) Load: 0.00/0.00/0.00
[2024-07-25T19:05:18.070+0800][86.440s][gc,mmu      ] GC(4627) MMU: 2ms/88.2%, 5ms/95.3%, 10ms/97.6%, 20ms/98.8%, 50ms/99.4%, 100ms/99.6%
[2024-07-25T19:05:18.070+0800][86.440s][gc,marking  ] GC(4627) Mark: 1 stripe(s), 1 proactive flush(es), 1 terminate flush(es), 0 completion(s), 0 continuation(s) 
[2024-07-25T19:05:18.070+0800][86.440s][gc,marking  ] GC(4627) Mark Stack Usage: 32M
[2024-07-25T19:05:18.070+0800][86.440s][gc,nmethod  ] GC(4627) NMethods: 535 registered, 0 unregistered
[2024-07-25T19:05:18.070+0800][86.440s][gc,metaspace] GC(4627) Metaspace: 1M used, 1M committed, 1088M reserved
[2024-07-25T19:05:18.070+0800][86.440s][gc,ref      ] GC(4627) Soft: 46 encountered, 25 discovered, 0 enqueued
[2024-07-25T19:05:18.070+0800][86.440s][gc,ref      ] GC(4627) Weak: 131 encountered, 107 discovered, 0 enqueued
[2024-07-25T19:05:18.070+0800][86.440s][gc,ref      ] GC(4627) Final: 0 encountered, 0 discovered, 0 enqueued
[2024-07-25T19:05:18.070+0800][86.440s][gc,ref      ] GC(4627) Phantom: 184 encountered, 98 discovered, 0 enqueued
[2024-07-25T19:05:18.071+0800][86.440s][gc,reloc    ] GC(4627) Small Pages: 4 / 8M, Empty: 2M, Relocated: 0M, In-Place: 0
[2024-07-25T19:05:18.071+0800][86.440s][gc,reloc    ] GC(4627) Large Pages: 4 / 8M, Empty: 4M, Relocated: 0M, In-Place: 0
[2024-07-25T19:05:18.071+0800][86.440s][gc,reloc    ] GC(4627) Forwarding Usage: 0M
[2024-07-25T19:05:18.071+0800][86.440s][gc,heap     ] GC(4627) Min Capacity: 8M(50%)
[2024-07-25T19:05:18.071+0800][86.440s][gc,heap     ] GC(4627) Max Capacity: 16M(100%)
[2024-07-25T19:05:18.071+0800][86.440s][gc,heap     ] GC(4627) Soft Max Capacity: 16M(100%)
[2024-07-25T19:05:18.071+0800][86.440s][gc,heap     ] GC(4627)                Mark Start          Mark End        Relocate Start      Relocate End           High               Low         
[2024-07-25T19:05:18.071+0800][86.440s][gc,heap     ] GC(4627)  Capacity:       16M (100%)         16M (100%)         16M (100%)         16M (100%)         16M (100%)         16M (100%)   
[2024-07-25T19:05:18.071+0800][86.441s][gc,heap     ] GC(4627)      Free:        0M (0%)            0M (0%)            2M (12%)           2M (12%)           6M (38%)           0M (0%)     
[2024-07-25T19:05:18.071+0800][86.441s][gc,heap     ] GC(4627)      Used:       16M (100%)         16M (100%)         14M (88%)          14M (88%)          16M (100%)         10M (62%)    
[2024-07-25T19:05:18.071+0800][86.441s][gc,heap     ] GC(4627)      Live:         -                 8M (54%)           8M (54%)           8M (54%)            -                  -          
[2024-07-25T19:05:18.071+0800][86.441s][gc,heap     ] GC(4627) Allocated:         -                 0M (0%)            4M (25%)           4M (25%)            -                  -          
[2024-07-25T19:05:18.071+0800][86.441s][gc,heap     ] GC(4627)   Garbage:         -                 7M (46%)           1M (8%)            1M (8%)             -                  -          
[2024-07-25T19:05:18.071+0800][86.441s][gc,heap     ] GC(4627) Reclaimed:         -                  -                 6M (38%)           6M (38%)            -                  -          
[2024-07-25T19:05:18.071+0800][86.441s][gc          ] GC(4627) Garbage Collection (Allocation Stall) 16M(100%)->14M(88%)
[2024-07-25T19:05:18.075+0800][86.444s][gc,start    ] GC(4628) Garbage Collection (Allocation Stall)
[2024-07-25T19:05:18.075+0800][86.444s][gc,ref      ] GC(4628) Clearing All SoftReferences
[2024-07-25T19:05:18.075+0800][86.445s][gc,task     ] GC(4628) Using 1 workers
[2024-07-25T19:05:18.075+0800][86.445s][gc,phases   ] GC(4628) Pause Mark Start 0.024ms
[2024-07-25T19:05:18.096+0800][86.465s][gc,phases   ] GC(4628) Concurrent Mark 19.767ms
[2024-07-25T19:05:18.096+0800][86.465s][gc,phases   ] GC(4628) Pause Mark End 0.024ms
[2024-07-25T19:05:18.096+0800][86.465s][gc,phases   ] GC(4628) Concurrent Mark Free 0.003ms
[2024-07-25T19:05:18.100+0800][86.469s][gc,phases   ] GC(4628) Concurrent Process Non-Strong References 3.767ms
[2024-07-25T19:05:18.100+0800][86.469s][gc,phases   ] GC(4628) Concurrent Reset Relocation Set 0.001ms
[2024-07-25T19:05:18.107+0800][86.476s][gc          ] Allocation Stall (main) 31.935ms
[2024-07-25T19:05:18.107+0800][86.476s][gc,phases   ] GC(4628) Concurrent Select Relocation Set 6.648ms
[2024-07-25T19:05:18.107+0800][86.477s][gc,phases   ] GC(4628) Pause Relocate Start 0.020ms
[2024-07-25T19:05:18.108+0800][86.477s][gc,phases   ] GC(4628) Concurrent Relocate 0.191ms
[2024-07-25T19:05:18.108+0800][86.477s][gc,load     ] GC(4628) Load: 0.00/0.00/0.00
[2024-07-25T19:05:18.108+0800][86.478s][gc,mmu      ] GC(4628) MMU: 2ms/88.2%, 5ms/95.3%, 10ms/97.6%, 20ms/98.8%, 50ms/99.4%, 100ms/99.6%
[2024-07-25T19:05:18.108+0800][86.478s][gc,marking  ] GC(4628) Mark: 1 stripe(s), 1 proactive flush(es), 1 terminate flush(es), 0 completion(s), 0 continuation(s) 
[2024-07-25T19:05:18.108+0800][86.478s][gc,marking  ] GC(4628) Mark Stack Usage: 32M
[2024-07-25T19:05:18.108+0800][86.478s][gc,nmethod  ] GC(4628) NMethods: 535 registered, 0 unregistered
[2024-07-25T19:05:18.108+0800][86.478s][gc,metaspace] GC(4628) Metaspace: 1M used, 1M committed, 1088M reserved
[2024-07-25T19:05:18.108+0800][86.478s][gc,ref      ] GC(4628) Soft: 46 encountered, 25 discovered, 0 enqueued
[2024-07-25T19:05:18.108+0800][86.478s][gc,ref      ] GC(4628) Weak: 131 encountered, 107 discovered, 0 enqueued
[2024-07-25T19:05:18.109+0800][86.478s][gc,ref      ] GC(4628) Final: 0 encountered, 0 discovered, 0 enqueued
[2024-07-25T19:05:18.109+0800][86.478s][gc,ref      ] GC(4628) Phantom: 184 encountered, 98 discovered, 0 enqueued
[2024-07-25T19:05:18.109+0800][86.478s][gc,reloc    ] GC(4628) Small Pages: 4 / 8M, Empty: 2M, Relocated: 0M, In-Place: 0
[2024-07-25T19:05:18.109+0800][86.478s][gc,reloc    ] GC(4628) Large Pages: 4 / 8M, Empty: 4M, Relocated: 0M, In-Place: 0
[2024-07-25T19:05:18.109+0800][86.479s][gc,reloc    ] GC(4628) Forwarding Usage: 0M
[2024-07-25T19:05:18.109+0800][86.479s][gc,heap     ] GC(4628) Min Capacity: 8M(50%)
[2024-07-25T19:05:18.109+0800][86.479s][gc,heap     ] GC(4628) Max Capacity: 16M(100%)
[2024-07-25T19:05:18.109+0800][86.479s][gc,heap     ] GC(4628) Soft Max Capacity: 16M(100%)
[2024-07-25T19:05:18.109+0800][86.479s][gc,heap     ] GC(4628)                Mark Start          Mark End        Relocate Start      Relocate End           High               Low         
[2024-07-25T19:05:18.110+0800][86.479s][gc,heap     ] GC(4628)  Capacity:       16M (100%)         16M (100%)         16M (100%)         16M (100%)         16M (100%)         16M (100%)   
[2024-07-25T19:05:18.110+0800][86.479s][gc,heap     ] GC(4628)      Free:        0M (0%)            0M (0%)            2M (12%)           2M (12%)           6M (38%)           0M (0%)     
[2024-07-25T19:05:18.110+0800][86.479s][gc,heap     ] GC(4628)      Used:       16M (100%)         16M (100%)         14M (88%)          14M (88%)          16M (100%)         10M (62%)    
[2024-07-25T19:05:18.110+0800][86.479s][gc,heap     ] GC(4628)      Live:         -                 8M (54%)           8M (54%)           8M (54%)            -                  -          
[2024-07-25T19:05:18.110+0800][86.479s][gc,heap     ] GC(4628) Allocated:         -                 0M (0%)            4M (25%)           4M (25%)            -                  -          
[2024-07-25T19:05:18.110+0800][86.479s][gc,heap     ] GC(4628)   Garbage:         -                 7M (46%)           1M (8%)            1M (8%)             -                  -          
[2024-07-25T19:05:18.110+0800][86.479s][gc,heap     ] GC(4628) Reclaimed:         -                  -                 6M (38%)           6M (38%)            -                  -          
[2024-07-25T19:05:18.110+0800][86.479s][gc          ] GC(4628) Garbage Collection (Allocation Stall) 16M(100%)->14M(88%)
[2024-07-25T19:05:18.111+0800][86.480s][gc,start    ] GC(4629) Garbage Collection (Allocation Rate)
[2024-07-25T19:05:18.111+0800][86.480s][gc,task     ] GC(4629) Using 1 workers
[2024-07-25T19:05:18.111+0800][86.481s][gc,phases   ] GC(4629) Pause Mark Start 0.018ms
[2024-07-25T19:05:18.128+0800][86.497s][gc,phases   ] GC(4629) Concurrent Mark 15.955ms
[2024-07-25T19:05:18.128+0800][86.497s][gc,phases   ] GC(4629) Pause Mark End 0.020ms
[2024-07-25T19:05:18.128+0800][86.498s][gc,phases   ] GC(4629) Concurrent Mark Free 0.004ms
[2024-07-25T19:05:18.132+0800][86.502s][gc,phases   ] GC(4629) Concurrent Process Non-Strong References 3.937ms
[2024-07-25T19:05:18.132+0800][86.502s][gc,phases   ] GC(4629) Concurrent Reset Relocation Set 0.002ms
[2024-07-25T19:05:18.139+0800][86.508s][gc          ] Allocation Stall (main) 24.619ms
[2024-07-25T19:05:18.139+0800][86.508s][gc,phases   ] GC(4629) Concurrent Select Relocation Set 6.109ms
[2024-07-25T19:05:18.139+0800][86.508s][gc,phases   ] GC(4629) Pause Relocate Start 0.031ms
[2024-07-25T19:05:18.146+0800][86.515s][gc          ] Allocation Stall (main) 3.966ms
[2024-07-25T19:05:18.146+0800][86.515s][gc,phases   ] GC(4629) Concurrent Relocate 6.172ms
[2024-07-25T19:05:18.146+0800][86.515s][gc,load     ] GC(4629) Load: 0.00/0.00/0.00
[2024-07-25T19:05:18.146+0800][86.516s][gc,mmu      ] GC(4629) MMU: 2ms/88.2%, 5ms/95.3%, 10ms/97.6%, 20ms/98.8%, 50ms/99.4%, 100ms/99.6%
[2024-07-25T19:05:18.146+0800][86.516s][gc,marking  ] GC(4629) Mark: 1 stripe(s), 2 proactive flush(es), 1 terminate flush(es), 0 completion(s), 0 continuation(s) 
[2024-07-25T19:05:18.146+0800][86.516s][gc,marking  ] GC(4629) Mark Stack Usage: 32M
[2024-07-25T19:05:18.146+0800][86.516s][gc,nmethod  ] GC(4629) NMethods: 535 registered, 0 unregistered
[2024-07-25T19:05:18.147+0800][86.516s][gc,metaspace] GC(4629) Metaspace: 1M used, 1M committed, 1088M reserved
[2024-07-25T19:05:18.147+0800][86.516s][gc,ref      ] GC(4629) Soft: 46 encountered, 25 discovered, 0 enqueued
[2024-07-25T19:05:18.147+0800][86.516s][gc,ref      ] GC(4629) Weak: 131 encountered, 107 discovered, 0 enqueued
[2024-07-25T19:05:18.147+0800][86.516s][gc,ref      ] GC(4629) Final: 0 encountered, 0 discovered, 0 enqueued
[2024-07-25T19:05:18.147+0800][86.516s][gc,ref      ] GC(4629) Phantom: 184 encountered, 98 discovered, 0 enqueued
[2024-07-25T19:05:18.147+0800][86.516s][gc,reloc    ] GC(4629) Small Pages: 4 / 8M, Empty: 0M, Relocated: 1M, In-Place: 1
[2024-07-25T19:05:18.147+0800][86.516s][gc,reloc    ] GC(4629) Large Pages: 4 / 8M, Empty: 4M, Relocated: 0M, In-Place: 0
[2024-07-25T19:05:18.147+0800][86.516s][gc,reloc    ] GC(4629) Forwarding Usage: 0M
[2024-07-25T19:05:18.147+0800][86.516s][gc,heap     ] GC(4629) Min Capacity: 8M(50%)
[2024-07-25T19:05:18.147+0800][86.517s][gc,heap     ] GC(4629) Max Capacity: 16M(100%)
[2024-07-25T19:05:18.148+0800][86.517s][gc,heap     ] GC(4629) Soft Max Capacity: 16M(100%)
[2024-07-25T19:05:18.148+0800][86.517s][gc,heap     ] GC(4629)                Mark Start          Mark End        Relocate Start      Relocate End           High               Low         
[2024-07-25T19:05:18.148+0800][86.517s][gc,heap     ] GC(4629)  Capacity:       16M (100%)         16M (100%)         16M (100%)         16M (100%)         16M (100%)         16M (100%)   
[2024-07-25T19:05:18.148+0800][86.517s][gc,heap     ] GC(4629)      Free:        0M (0%)            0M (0%)            0M (0%)            0M (0%)            4M (25%)           0M (0%)     
[2024-07-25T19:05:18.148+0800][86.517s][gc,heap     ] GC(4629)      Used:       16M (100%)         16M (100%)         16M (100%)         16M (100%)         16M (100%)         12M (75%)    
[2024-07-25T19:05:18.148+0800][86.517s][gc,heap     ] GC(4629)      Live:         -                 8M (54%)           8M (54%)           8M (54%)            -                  -          
[2024-07-25T19:05:18.148+0800][86.517s][gc,heap     ] GC(4629) Allocated:         -                 0M (0%)            4M (25%)           5M (37%)            -                  -          
[2024-07-25T19:05:18.148+0800][86.517s][gc,heap     ] GC(4629)   Garbage:         -                 7M (46%)           3M (21%)           1M (8%)             -                  -          
[2024-07-25T19:05:18.148+0800][86.517s][gc,heap     ] GC(4629) Reclaimed:         -                  -                 4M (25%)           5M (37%)            -                  -          
[2024-07-25T19:05:18.148+0800][86.517s][gc          ] GC(4629) Garbage Collection (Allocation Rate) 16M(100%)->16M(100%)
[2024-07-25T19:05:18.151+0800][86.520s][gc,start    ] GC(4630) Garbage Collection (Allocation Stall)
[2024-07-25T19:05:18.151+0800][86.520s][gc,ref      ] GC(4630) Clearing All SoftReferences
[2024-07-25T19:05:18.151+0800][86.520s][gc,task     ] GC(4630) Using 1 workers
[2024-07-25T19:05:18.151+0800][86.521s][gc,phases   ] GC(4630) Pause Mark Start 0.018ms
[2024-07-25T19:05:18.174+0800][86.543s][gc,phases   ] GC(4630) Concurrent Mark 21.961ms
[2024-07-25T19:05:18.174+0800][86.543s][gc,phases   ] GC(4630) Pause Mark End 0.029ms
[2024-07-25T19:05:18.175+0800][86.544s][gc,phases   ] GC(4630) Concurrent Mark Free 0.004ms
[2024-07-25T19:05:18.179+0800][86.548s][gc,phases   ] GC(4630) Concurrent Process Non-Strong References 4.404ms
[2024-07-25T19:05:18.179+0800][86.548s][gc,phases   ] GC(4630) Concurrent Reset Relocation Set 0.004ms
[2024-07-25T19:05:18.185+0800][86.555s][gc          ] Allocation Stall (main) 34.699ms
[2024-07-25T19:05:18.185+0800][86.555s][gc,phases   ] GC(4630) Concurrent Select Relocation Set 6.487ms
[2024-07-25T19:05:18.186+0800][86.555s][gc,phases   ] GC(4630) Pause Relocate Start 0.021ms
[2024-07-25T19:05:18.193+0800][86.562s][gc,phases   ] GC(4630) Concurrent Relocate 6.438ms
[2024-07-25T19:05:18.193+0800][86.562s][gc          ] Allocation Stall (main) 4.779ms
[2024-07-25T19:05:18.193+0800][86.562s][gc,load     ] GC(4630) Load: 0.00/0.00/0.00
[2024-07-25T19:05:18.193+0800][86.563s][gc,mmu      ] GC(4630) MMU: 2ms/88.2%, 5ms/95.3%, 10ms/97.6%, 20ms/98.8%, 50ms/99.4%, 100ms/99.6%
[2024-07-25T19:05:18.193+0800][86.563s][gc,marking  ] GC(4630) Mark: 1 stripe(s), 1 proactive flush(es), 1 terminate flush(es), 0 completion(s), 0 continuation(s) 
[2024-07-25T19:05:18.193+0800][86.563s][gc,marking  ] GC(4630) Mark Stack Usage: 32M
[2024-07-25T19:05:18.194+0800][86.563s][gc,nmethod  ] GC(4630) NMethods: 535 registered, 0 unregistered
[2024-07-25T19:05:18.194+0800][86.563s][gc,metaspace] GC(4630) Metaspace: 1M used, 1M committed, 1088M reserved
[2024-07-25T19:05:18.194+0800][86.563s][gc,ref      ] GC(4630) Soft: 46 encountered, 25 discovered, 0 enqueued
[2024-07-25T19:05:18.194+0800][86.564s][gc,ref      ] GC(4630) Weak: 131 encountered, 107 discovered, 0 enqueued
[2024-07-25T19:05:18.194+0800][86.564s][gc,ref      ] GC(4630) Final: 0 encountered, 0 discovered, 0 enqueued
[2024-07-25T19:05:18.194+0800][86.564s][gc,ref      ] GC(4630) Phantom: 184 encountered, 98 discovered, 0 enqueued
[2024-07-25T19:05:18.194+0800][86.564s][gc,reloc    ] GC(4630) Small Pages: 4 / 8M, Empty: 0M, Relocated: 1M, In-Place: 1
[2024-07-25T19:05:18.194+0800][86.564s][gc,reloc    ] GC(4630) Large Pages: 4 / 8M, Empty: 4M, Relocated: 0M, In-Place: 0
[2024-07-25T19:05:18.194+0800][86.564s][gc,reloc    ] GC(4630) Forwarding Usage: 0M
[2024-07-25T19:05:18.194+0800][86.564s][gc,heap     ] GC(4630) Min Capacity: 8M(50%)
[2024-07-25T19:05:18.194+0800][86.564s][gc,heap     ] GC(4630) Max Capacity: 16M(100%)
[2024-07-25T19:05:18.194+0800][86.564s][gc,heap     ] GC(4630) Soft Max Capacity: 16M(100%)
[2024-07-25T19:05:18.195+0800][86.564s][gc,heap     ] GC(4630)                Mark Start          Mark End        Relocate Start      Relocate End           High               Low         
[2024-07-25T19:05:18.195+0800][86.564s][gc,heap     ] GC(4630)  Capacity:       16M (100%)         16M (100%)         16M (100%)         16M (100%)         16M (100%)         16M (100%)   
[2024-07-25T19:05:18.195+0800][86.564s][gc,heap     ] GC(4630)      Free:        0M (0%)            0M (0%)            0M (0%)            0M (0%)            4M (25%)           0M (0%)     
[2024-07-25T19:05:18.195+0800][86.564s][gc,heap     ] GC(4630)      Used:       16M (100%)         16M (100%)         16M (100%)         16M (100%)         16M (100%)         12M (75%)    
[2024-07-25T19:05:18.195+0800][86.565s][gc,heap     ] GC(4630)      Live:         -                 8M (54%)           8M (54%)           8M (54%)            -                  -          
[2024-07-25T19:05:18.195+0800][86.565s][gc,heap     ] GC(4630) Allocated:         -                 0M (0%)            4M (25%)           5M (37%)            -                  -          
[2024-07-25T19:05:18.195+0800][86.565s][gc,heap     ] GC(4630)   Garbage:         -                 7M (46%)           3M (21%)           1M (8%)             -                  -          
[2024-07-25T19:05:18.195+0800][86.565s][gc,heap     ] GC(4630) Reclaimed:         -                  -                 4M (25%)           5M (37%)            -                  -          
[2024-07-25T19:05:18.195+0800][86.565s][gc          ] GC(4630) Garbage Collection (Allocation Stall) 16M(100%)->16M(100%)
[2024-07-25T19:05:18.198+0800][86.567s][gc,start    ] GC(4631) Garbage Collection (Allocation Stall)
[2024-07-25T19:05:18.198+0800][86.568s][gc,ref      ] GC(4631) Clearing All SoftReferences
[2024-07-25T19:05:18.198+0800][86.568s][gc,task     ] GC(4631) Using 1 workers
[2024-07-25T19:05:18.198+0800][86.568s][gc,phases   ] GC(4631) Pause Mark Start 0.019ms
[2024-07-25T19:05:18.218+0800][86.587s][gc,phases   ] GC(4631) Concurrent Mark 19.080ms
[2024-07-25T19:05:18.218+0800][86.587s][gc,phases   ] GC(4631) Pause Mark End 0.017ms
[2024-07-25T19:05:18.218+0800][86.588s][gc,phases   ] GC(4631) Concurrent Mark Free 0.002ms
[2024-07-25T19:05:18.221+0800][86.591s][gc,phases   ] GC(4631) Concurrent Process Non-Strong References 2.816ms
[2024-07-25T19:05:18.221+0800][86.591s][gc,phases   ] GC(4631) Concurrent Reset Relocation Set 0.002ms
[2024-07-25T19:05:18.225+0800][86.594s][gc          ] Allocation Stall (main) 26.803ms
[2024-07-25T19:05:18.225+0800][86.594s][gc,phases   ] GC(4631) Concurrent Select Relocation Set 3.515ms
[2024-07-25T19:05:18.225+0800][86.594s][gc,phases   ] GC(4631) Pause Relocate Start 0.010ms
[2024-07-25T19:05:18.228+0800][86.597s][gc          ] Allocation Stall (main) 1.585ms
[2024-07-25T19:05:18.228+0800][86.597s][gc,phases   ] GC(4631) Concurrent Relocate 2.794ms
[2024-07-25T19:05:18.229+0800][86.598s][gc,load     ] GC(4631) Load: 0.00/0.00/0.00
[2024-07-25T19:05:18.229+0800][86.598s][gc,mmu      ] GC(4631) MMU: 2ms/88.2%, 5ms/95.3%, 10ms/97.6%, 20ms/98.8%, 50ms/99.4%, 100ms/99.6%
[2024-07-25T19:05:18.229+0800][86.598s][gc,marking  ] GC(4631) Mark: 1 stripe(s), 1 proactive flush(es), 1 terminate flush(es), 0 completion(s), 0 continuation(s) 
[2024-07-25T19:05:18.229+0800][86.598s][gc,marking  ] GC(4631) Mark Stack Usage: 32M
[2024-07-25T19:05:18.229+0800][86.598s][gc,nmethod  ] GC(4631) NMethods: 535 registered, 0 unregistered
[2024-07-25T19:05:18.229+0800][86.598s][gc,metaspace] GC(4631) Metaspace: 1M used, 1M committed, 1088M reserved
[2024-07-25T19:05:18.229+0800][86.598s][gc,ref      ] GC(4631) Soft: 46 encountered, 25 discovered, 0 enqueued
[2024-07-25T19:05:18.229+0800][86.598s][gc,ref      ] GC(4631) Weak: 131 encountered, 107 discovered, 0 enqueued
[2024-07-25T19:05:18.229+0800][86.598s][gc,ref      ] GC(4631) Final: 0 encountered, 0 discovered, 0 enqueued
[2024-07-25T19:05:18.229+0800][86.598s][gc,ref      ] GC(4631) Phantom: 184 encountered, 98 discovered, 0 enqueued
[2024-07-25T19:05:18.229+0800][86.598s][gc,reloc    ] GC(4631) Small Pages: 4 / 8M, Empty: 0M, Relocated: 1M, In-Place: 0
[2024-07-25T19:05:18.229+0800][86.598s][gc,reloc    ] GC(4631) Large Pages: 4 / 8M, Empty: 4M, Relocated: 0M, In-Place: 0
[2024-07-25T19:05:18.229+0800][86.598s][gc,reloc    ] GC(4631) Forwarding Usage: 0M
[2024-07-25T19:05:18.229+0800][86.598s][gc,heap     ] GC(4631) Min Capacity: 8M(50%)
[2024-07-25T19:05:18.229+0800][86.598s][gc,heap     ] GC(4631) Max Capacity: 16M(100%)
[2024-07-25T19:05:18.229+0800][86.598s][gc,heap     ] GC(4631) Soft Max Capacity: 16M(100%)
[2024-07-25T19:05:18.229+0800][86.598s][gc,heap     ] GC(4631)                Mark Start          Mark End        Relocate Start      Relocate End           High               Low         
[2024-07-25T19:05:18.229+0800][86.598s][gc,heap     ] GC(4631)  Capacity:       16M (100%)         16M (100%)         16M (100%)         16M (100%)         16M (100%)         16M (100%)   
[2024-07-25T19:05:18.229+0800][86.598s][gc,heap     ] GC(4631)      Free:        0M (0%)            0M (0%)            0M (0%)            0M (0%)            4M (25%)           0M (0%)     
[2024-07-25T19:05:18.229+0800][86.598s][gc,heap     ] GC(4631)      Used:       16M (100%)         16M (100%)         16M (100%)         16M (100%)         16M (100%)         12M (75%)    
[2024-07-25T19:05:18.229+0800][86.598s][gc,heap     ] GC(4631)      Live:         -                 8M (54%)           8M (54%)           8M (54%)            -                  -          
[2024-07-25T19:05:18.229+0800][86.599s][gc,heap     ] GC(4631) Allocated:         -                 0M (0%)            4M (25%)           5M (37%)            -                  -          
[2024-07-25T19:05:18.229+0800][86.599s][gc,heap     ] GC(4631)   Garbage:         -                 7M (46%)           3M (21%)           1M (8%)             -                  -          
[2024-07-25T19:05:18.229+0800][86.599s][gc,heap     ] GC(4631) Reclaimed:         -                  -                 4M (25%)           5M (37%)            -                  -          
[2024-07-25T19:05:18.229+0800][86.599s][gc          ] GC(4631) Garbage Collection (Allocation Stall) 16M(100%)->16M(100%)
[2024-07-25T19:05:18.232+0800][86.601s][gc,start    ] GC(4632) Garbage Collection (Allocation Stall)
[2024-07-25T19:05:18.232+0800][86.601s][gc,ref      ] GC(4632) Clearing All SoftReferences
[2024-07-25T19:05:18.232+0800][86.601s][gc,task     ] GC(4632) Using 1 workers
[2024-07-25T19:05:18.232+0800][86.601s][gc,phases   ] GC(4632) Pause Mark Start 0.009ms
[2024-07-25T19:05:18.240+0800][86.609s][gc,phases   ] GC(4632) Concurrent Mark 7.991ms
[2024-07-25T19:05:18.240+0800][86.609s][gc,phases   ] GC(4632) Pause Mark End 0.010ms
[2024-07-25T19:05:18.240+0800][86.610s][gc,phases   ] GC(4632) Concurrent Mark Free 0.001ms
[2024-07-25T19:05:18.242+0800][86.611s][gc,phases   ] GC(4632) Concurrent Process Non-Strong References 1.885ms
[2024-07-25T19:05:18.242+0800][86.611s][gc,phases   ] GC(4632) Concurrent Reset Relocation Set 0.001ms
[2024-07-25T19:05:18.245+0800][86.614s][gc          ] Allocation Stall (main) 12.942ms
[2024-07-25T19:05:18.245+0800][86.614s][gc,phases   ] GC(4632) Concurrent Select Relocation Set 2.300ms
[2024-07-25T19:05:18.245+0800][86.614s][gc,phases   ] GC(4632) Pause Relocate Start 0.023ms
[2024-07-25T19:05:18.247+0800][86.616s][gc,phases   ] GC(4632) Concurrent Relocate 1.548ms
[2024-07-25T19:05:18.247+0800][86.616s][gc,load     ] GC(4632) Load: 0.00/0.00/0.00
[2024-07-25T19:05:18.247+0800][86.616s][gc,mmu      ] GC(4632) MMU: 2ms/88.2%, 5ms/95.3%, 10ms/97.6%, 20ms/98.8%, 50ms/99.4%, 100ms/99.6%
[2024-07-25T19:05:18.247+0800][86.616s][gc,marking  ] GC(4632) Mark: 1 stripe(s), 1 proactive flush(es), 1 terminate flush(es), 0 completion(s), 0 continuation(s) 
[2024-07-25T19:05:18.247+0800][86.616s][gc,marking  ] GC(4632) Mark Stack Usage: 32M
[2024-07-25T19:05:18.247+0800][86.616s][gc,nmethod  ] GC(4632) NMethods: 535 registered, 0 unregistered
[2024-07-25T19:05:18.247+0800][86.616s][gc,metaspace] GC(4632) Metaspace: 1M used, 1M committed, 1088M reserved
[2024-07-25T19:05:18.247+0800][86.616s][gc,ref      ] GC(4632) Soft: 46 encountered, 25 discovered, 0 enqueued
[2024-07-25T19:05:18.247+0800][86.616s][gc,ref      ] GC(4632) Weak: 131 encountered, 107 discovered, 0 enqueued
[2024-07-25T19:05:18.247+0800][86.616s][gc,ref      ] GC(4632) Final: 0 encountered, 0 discovered, 0 enqueued
[2024-07-25T19:05:18.247+0800][86.616s][gc,ref      ] GC(4632) Phantom: 184 encountered, 98 discovered, 0 enqueued
[2024-07-25T19:05:18.247+0800][86.616s][gc,reloc    ] GC(4632) Small Pages: 4 / 8M, Empty: 0M, Relocated: 1M, In-Place: 0
[2024-07-25T19:05:18.247+0800][86.616s][gc,reloc    ] GC(4632) Large Pages: 4 / 8M, Empty: 4M, Relocated: 0M, In-Place: 0
[2024-07-25T19:05:18.247+0800][86.616s][gc,reloc    ] GC(4632) Forwarding Usage: 0M
[2024-07-25T19:05:18.247+0800][86.616s][gc,heap     ] GC(4632) Min Capacity: 8M(50%)
[2024-07-25T19:05:18.247+0800][86.616s][gc,heap     ] GC(4632) Max Capacity: 16M(100%)
[2024-07-25T19:05:18.247+0800][86.616s][gc,heap     ] GC(4632) Soft Max Capacity: 16M(100%)
[2024-07-25T19:05:18.247+0800][86.616s][gc,heap     ] GC(4632)                Mark Start          Mark End        Relocate Start      Relocate End           High               Low         
[2024-07-25T19:05:18.247+0800][86.616s][gc,heap     ] GC(4632)  Capacity:       16M (100%)         16M (100%)         16M (100%)         16M (100%)         16M (100%)         16M (100%)   
[2024-07-25T19:05:18.247+0800][86.616s][gc,heap     ] GC(4632)      Free:        0M (0%)            0M (0%)            0M (0%)            2M (12%)           4M (25%)           0M (0%)     
[2024-07-25T19:05:18.247+0800][86.616s][gc,heap     ] GC(4632)      Used:       16M (100%)         16M (100%)         16M (100%)         14M (88%)          16M (100%)         12M (75%)    
[2024-07-25T19:05:18.247+0800][86.616s][gc,heap     ] GC(4632)      Live:         -                 8M (54%)           8M (54%)           8M (54%)            -                  -          
[2024-07-25T19:05:18.247+0800][86.616s][gc,heap     ] GC(4632) Allocated:         -                 0M (0%)            4M (25%)           3M (25%)            -                  -          
[2024-07-25T19:05:18.247+0800][86.616s][gc,heap     ] GC(4632)   Garbage:         -                 7M (46%)           3M (21%)           1M (8%)             -                  -          
[2024-07-25T19:05:18.247+0800][86.616s][gc,heap     ] GC(4632) Reclaimed:         -                  -                 4M (25%)           5M (37%)            -                  -          
[2024-07-25T19:05:18.247+0800][86.616s][gc          ] GC(4632) Garbage Collection (Allocation Stall) 16M(100%)->14M(88%)
[2024-07-25T19:05:18.249+0800][86.618s][gc,start    ] GC(4633) Garbage Collection (Allocation Stall)
[2024-07-25T19:05:18.249+0800][86.618s][gc,ref      ] GC(4633) Clearing All SoftReferences
[2024-07-25T19:05:18.249+0800][86.618s][gc,task     ] GC(4633) Using 1 workers
[2024-07-25T19:05:18.249+0800][86.618s][gc,phases   ] GC(4633) Pause Mark Start 0.006ms
[2024-07-25T19:05:18.258+0800][86.627s][gc,phases   ] GC(4633) Concurrent Mark 8.918ms
[2024-07-25T19:05:18.258+0800][86.627s][gc,phases   ] GC(4633) Pause Mark End 0.013ms
[2024-07-25T19:05:18.258+0800][86.627s][gc,phases   ] GC(4633) Concurrent Mark Free 0.001ms
[2024-07-25T19:05:18.261+0800][86.630s][gc,phases   ] GC(4633) Concurrent Process Non-Strong References 2.179ms
[2024-07-25T19:05:18.261+0800][86.630s][gc,phases   ] GC(4633) Concurrent Reset Relocation Set 0.002ms
[2024-07-25T19:05:18.264+0800][86.633s][gc          ] Allocation Stall (main) 15.040ms
[2024-07-25T19:05:18.264+0800][86.633s][gc,phases   ] GC(4633) Concurrent Select Relocation Set 3.087ms
[2024-07-25T19:05:18.264+0800][86.633s][gc,phases   ] GC(4633) Pause Relocate Start 0.008ms
[2024-07-25T19:05:18.264+0800][86.633s][gc          ] Relocation Stall (main) 0.005ms
[2024-07-25T19:05:18.265+0800][86.635s][gc,phases   ] GC(4633) Concurrent Relocate 1.909ms
[2024-07-25T19:05:18.265+0800][86.635s][gc,load     ] GC(4633) Load: 0.00/0.00/0.00
[2024-07-25T19:05:18.265+0800][86.635s][gc,mmu      ] GC(4633) MMU: 2ms/88.2%, 5ms/95.3%, 10ms/97.6%, 20ms/98.8%, 50ms/99.4%, 100ms/99.6%
[2024-07-25T19:05:18.266+0800][86.635s][gc,marking  ] GC(4633) Mark: 1 stripe(s), 1 proactive flush(es), 1 terminate flush(es), 0 completion(s), 0 continuation(s) 
[2024-07-25T19:05:18.266+0800][86.635s][gc,marking  ] GC(4633) Mark Stack Usage: 32M
[2024-07-25T19:05:18.267+0800][86.636s][gc,nmethod  ] GC(4633) NMethods: 535 registered, 0 unregistered
[2024-07-25T19:05:18.267+0800][86.636s][gc,metaspace] GC(4633) Metaspace: 1M used, 1M committed, 1088M reserved
[2024-07-25T19:05:18.267+0800][86.636s][gc,ref      ] GC(4633) Soft: 46 encountered, 25 discovered, 0 enqueued
[2024-07-25T19:05:18.267+0800][86.636s][gc,ref      ] GC(4633) Weak: 131 encountered, 107 discovered, 0 enqueued
[2024-07-25T19:05:18.267+0800][86.636s][gc,ref      ] GC(4633) Final: 0 encountered, 0 discovered, 0 enqueued
[2024-07-25T19:05:18.267+0800][86.636s][gc,ref      ] GC(4633) Phantom: 184 encountered, 98 discovered, 0 enqueued
[2024-07-25T19:05:18.267+0800][86.636s][gc,reloc    ] GC(4633) Small Pages: 4 / 8M, Empty: 0M, Relocated: 1M, In-Place: 1
[2024-07-25T19:05:18.267+0800][86.636s][gc,reloc    ] GC(4633) Large Pages: 4 / 8M, Empty: 4M, Relocated: 0M, In-Place: 0
[2024-07-25T19:05:18.267+0800][86.636s][gc,reloc    ] GC(4633) Forwarding Usage: 0M
[2024-07-25T19:05:18.267+0800][86.636s][gc,heap     ] GC(4633) Min Capacity: 8M(50%)
[2024-07-25T19:05:18.267+0800][86.636s][gc,heap     ] GC(4633) Max Capacity: 16M(100%)
[2024-07-25T19:05:18.267+0800][86.636s][gc,heap     ] GC(4633) Soft Max Capacity: 16M(100%)
[2024-07-25T19:05:18.267+0800][86.636s][gc,heap     ] GC(4633)                Mark Start          Mark End        Relocate Start      Relocate End           High               Low         
[2024-07-25T19:05:18.267+0800][86.636s][gc,heap     ] GC(4633)  Capacity:       16M (100%)         16M (100%)         16M (100%)         16M (100%)         16M (100%)         16M (100%)   
[2024-07-25T19:05:18.267+0800][86.636s][gc,heap     ] GC(4633)      Free:        0M (0%)            0M (0%)            2M (12%)           2M (12%)           4M (25%)           0M (0%)     
[2024-07-25T19:05:18.267+0800][86.636s][gc,heap     ] GC(4633)      Used:       16M (100%)         16M (100%)         14M (88%)          14M (88%)          16M (100%)         12M (75%)    
[2024-07-25T19:05:18.267+0800][86.636s][gc,heap     ] GC(4633)      Live:         -                 8M (54%)           8M (54%)           8M (54%)            -                  -          
[2024-07-25T19:05:18.267+0800][86.636s][gc,heap     ] GC(4633) Allocated:         -                 0M (0%)            2M (12%)           3M (25%)            -                  -          
[2024-07-25T19:05:18.267+0800][86.636s][gc,heap     ] GC(4633)   Garbage:         -                 7M (46%)           3M (21%)           1M (8%)             -                  -          
[2024-07-25T19:05:18.267+0800][86.636s][gc,heap     ] GC(4633) Reclaimed:         -                  -                 4M (25%)           5M (37%)            -                  -          
[2024-07-25T19:05:18.267+0800][86.636s][gc          ] GC(4633) Garbage Collection (Allocation Stall) 16M(100%)->14M(88%)
[2024-07-25T19:05:18.271+0800][86.640s][gc,start    ] GC(4634) Garbage Collection (Allocation Stall)
[2024-07-25T19:05:18.271+0800][86.640s][gc,ref      ] GC(4634) Clearing All SoftReferences
[2024-07-25T19:05:18.271+0800][86.640s][gc,task     ] GC(4634) Using 1 workers
[2024-07-25T19:05:18.271+0800][86.640s][gc,phases   ] GC(4634) Pause Mark Start 0.009ms
[2024-07-25T19:05:18.282+0800][86.651s][gc,phases   ] GC(4634) Concurrent Mark 10.805ms
[2024-07-25T19:05:18.282+0800][86.651s][gc,phases   ] GC(4634) Pause Mark End 0.023ms
[2024-07-25T19:05:18.282+0800][86.651s][gc,phases   ] GC(4634) Concurrent Mark Free 0.001ms
[2024-07-25T19:05:18.284+0800][86.653s][gc,phases   ] GC(4634) Concurrent Process Non-Strong References 2.009ms
[2024-07-25T19:05:18.284+0800][86.653s][gc,phases   ] GC(4634) Concurrent Reset Relocation Set 0.002ms
[2024-07-25T19:05:18.287+0800][86.656s][gc          ] Allocation Stall (main) 16.874ms
[2024-07-25T19:05:18.287+0800][86.657s][gc,phases   ] GC(4634) Concurrent Select Relocation Set 3.271ms
[2024-07-25T19:05:18.287+0800][86.657s][gc,phases   ] GC(4634) Pause Relocate Start 0.020ms
[2024-07-25T19:05:18.290+0800][86.659s][gc          ] Allocation Stall (main) 0.311ms
[2024-07-25T19:05:18.290+0800][86.659s][gc,phases   ] GC(4634) Concurrent Relocate 2.484ms
[2024-07-25T19:05:18.290+0800][86.660s][gc,load     ] GC(4634) Load: 0.00/0.00/0.00
[2024-07-25T19:05:18.290+0800][86.660s][gc,mmu      ] GC(4634) MMU: 2ms/88.2%, 5ms/95.3%, 10ms/97.6%, 20ms/98.8%, 50ms/99.4%, 100ms/99.6%
[2024-07-25T19:05:18.290+0800][86.660s][gc,marking  ] GC(4634) Mark: 1 stripe(s), 1 proactive flush(es), 1 terminate flush(es), 0 completion(s), 0 continuation(s) 
[2024-07-25T19:05:18.290+0800][86.660s][gc,marking  ] GC(4634) Mark Stack Usage: 32M
[2024-07-25T19:05:18.290+0800][86.660s][gc,nmethod  ] GC(4634) NMethods: 535 registered, 0 unregistered
[2024-07-25T19:05:18.290+0800][86.660s][gc,metaspace] GC(4634) Metaspace: 1M used, 1M committed, 1088M reserved
[2024-07-25T19:05:18.290+0800][86.660s][gc,ref      ] GC(4634) Soft: 46 encountered, 25 discovered, 0 enqueued
[2024-07-25T19:05:18.291+0800][86.660s][gc,ref      ] GC(4634) Weak: 131 encountered, 107 discovered, 0 enqueued
[2024-07-25T19:05:18.291+0800][86.660s][gc,ref      ] GC(4634) Final: 0 encountered, 0 discovered, 0 enqueued
[2024-07-25T19:05:18.291+0800][86.660s][gc,ref      ] GC(4634) Phantom: 184 encountered, 98 discovered, 0 enqueued
[2024-07-25T19:05:18.291+0800][86.660s][gc,reloc    ] GC(4634) Small Pages: 4 / 8M, Empty: 0M, Relocated: 1M, In-Place: 1
[2024-07-25T19:05:18.291+0800][86.660s][gc,reloc    ] GC(4634) Large Pages: 4 / 8M, Empty: 4M, Relocated: 0M, In-Place: 0
[2024-07-25T19:05:18.291+0800][86.660s][gc,reloc    ] GC(4634) Forwarding Usage: 0M
[2024-07-25T19:05:18.291+0800][86.660s][gc,heap     ] GC(4634) Min Capacity: 8M(50%)
[2024-07-25T19:05:18.291+0800][86.660s][gc,heap     ] GC(4634) Max Capacity: 16M(100%)
[2024-07-25T19:05:18.291+0800][86.660s][gc,heap     ] GC(4634) Soft Max Capacity: 16M(100%)
[2024-07-25T19:05:18.291+0800][86.660s][gc,heap     ] GC(4634)                Mark Start          Mark End        Relocate Start      Relocate End           High               Low         
[2024-07-25T19:05:18.291+0800][86.660s][gc,heap     ] GC(4634)  Capacity:       16M (100%)         16M (100%)         16M (100%)         16M (100%)         16M (100%)         16M (100%)   
[2024-07-25T19:05:18.291+0800][86.660s][gc,heap     ] GC(4634)      Free:        0M (0%)            0M (0%)            0M (0%)            0M (0%)            4M (25%)           0M (0%)     
[2024-07-25T19:05:18.291+0800][86.661s][gc,heap     ] GC(4634)      Used:       16M (100%)         16M (100%)         16M (100%)         16M (100%)         16M (100%)         12M (75%)    
[2024-07-25T19:05:18.291+0800][86.661s][gc,heap     ] GC(4634)      Live:         -                 8M (54%)           8M (54%)           8M (54%)            -                  -          
[2024-07-25T19:05:18.291+0800][86.661s][gc,heap     ] GC(4634) Allocated:         -                 0M (0%)            4M (25%)           5M (37%)            -                  -          
[2024-07-25T19:05:18.291+0800][86.661s][gc,heap     ] GC(4634)   Garbage:         -                 7M (46%)           3M (21%)           1M (8%)             -                  -          
[2024-07-25T19:05:18.292+0800][86.661s][gc,heap     ] GC(4634) Reclaimed:         -                  -                 4M (25%)           5M (37%)            -                  -          
[2024-07-25T19:05:18.292+0800][86.661s][gc          ] GC(4634) Garbage Collection (Allocation Stall) 16M(100%)->16M(100%)
[2024-07-25T19:05:18.295+0800][86.664s][gc,start    ] GC(4635) Garbage Collection (Allocation Stall)
[2024-07-25T19:05:18.295+0800][86.664s][gc,ref      ] GC(4635) Clearing All SoftReferences
[2024-07-25T19:05:18.295+0800][86.664s][gc,task     ] GC(4635) Using 1 workers
[2024-07-25T19:05:18.295+0800][86.664s][gc,phases   ] GC(4635) Pause Mark Start 0.010ms
[2024-07-25T19:05:18.306+0800][86.675s][gc,phases   ] GC(4635) Concurrent Mark 10.652ms
[2024-07-25T19:05:18.306+0800][86.675s][gc,phases   ] GC(4635) Pause Mark End 0.015ms
[2024-07-25T19:05:18.306+0800][86.676s][gc,phases   ] GC(4635) Concurrent Mark Free 0.001ms
[2024-07-25T19:05:18.309+0800][86.678s][gc,phases   ] GC(4635) Concurrent Process Non-Strong References 2.470ms
[2024-07-25T19:05:18.309+0800][86.678s][gc,phases   ] GC(4635) Concurrent Reset Relocation Set 0.003ms
[2024-07-25T19:05:18.313+0800][86.682s][gc          ] Allocation Stall (main) 18.282ms
[2024-07-25T19:05:18.313+0800][86.682s][gc,phases   ] GC(4635) Concurrent Select Relocation Set 4.190ms
[2024-07-25T19:05:18.313+0800][86.683s][gc,phases   ] GC(4635) Pause Relocate Start 0.010ms
[2024-07-25T19:05:18.316+0800][86.685s][gc,phases   ] GC(4635) Concurrent Relocate 2.314ms
[2024-07-25T19:05:18.316+0800][86.685s][gc          ] Allocation Stall (main) 0.161ms
[2024-07-25T19:05:18.316+0800][86.685s][gc,load     ] GC(4635) Load: 0.00/0.00/0.00
[2024-07-25T19:05:18.316+0800][86.686s][gc,mmu      ] GC(4635) MMU: 2ms/88.2%, 5ms/95.3%, 10ms/97.6%, 20ms/98.8%, 50ms/99.4%, 100ms/99.6%
[2024-07-25T19:05:18.316+0800][86.686s][gc,marking  ] GC(4635) Mark: 1 stripe(s), 1 proactive flush(es), 1 terminate flush(es), 0 completion(s), 0 continuation(s) 
[2024-07-25T19:05:18.316+0800][86.686s][gc,marking  ] GC(4635) Mark Stack Usage: 32M
[2024-07-25T19:05:18.316+0800][86.686s][gc,nmethod  ] GC(4635) NMethods: 535 registered, 0 unregistered
[2024-07-25T19:05:18.316+0800][86.686s][gc,metaspace] GC(4635) Metaspace: 1M used, 1M committed, 1088M reserved
[2024-07-25T19:05:18.316+0800][86.686s][gc,ref      ] GC(4635) Soft: 46 encountered, 25 discovered, 0 enqueued
[2024-07-25T19:05:18.316+0800][86.686s][gc,ref      ] GC(4635) Weak: 131 encountered, 107 discovered, 0 enqueued
[2024-07-25T19:05:18.317+0800][86.686s][gc,ref      ] GC(4635) Final: 0 encountered, 0 discovered, 0 enqueued
[2024-07-25T19:05:18.317+0800][86.686s][gc,ref      ] GC(4635) Phantom: 184 encountered, 98 discovered, 0 enqueued
[2024-07-25T19:05:18.317+0800][86.686s][gc,reloc    ] GC(4635) Small Pages: 4 / 8M, Empty: 0M, Relocated: 1M, In-Place: 0
[2024-07-25T19:05:18.317+0800][86.686s][gc,reloc    ] GC(4635) Large Pages: 4 / 8M, Empty: 4M, Relocated: 0M, In-Place: 0
[2024-07-25T19:05:18.317+0800][86.686s][gc,reloc    ] GC(4635) Forwarding Usage: 0M
[2024-07-25T19:05:18.317+0800][86.686s][gc,heap     ] GC(4635) Min Capacity: 8M(50%)
[2024-07-25T19:05:18.317+0800][86.686s][gc,heap     ] GC(4635) Max Capacity: 16M(100%)
[2024-07-25T19:05:18.317+0800][86.686s][gc,heap     ] GC(4635) Soft Max Capacity: 16M(100%)
[2024-07-25T19:05:18.317+0800][86.686s][gc,heap     ] GC(4635)                Mark Start          Mark End        Relocate Start      Relocate End           High               Low         
[2024-07-25T19:05:18.317+0800][86.686s][gc,heap     ] GC(4635)  Capacity:       16M (100%)         16M (100%)         16M (100%)         16M (100%)         16M (100%)         16M (100%)   
[2024-07-25T19:05:18.317+0800][86.686s][gc,heap     ] GC(4635)      Free:        0M (0%)            0M (0%)            0M (0%)            0M (0%)            4M (25%)           0M (0%)     
[2024-07-25T19:05:18.317+0800][86.687s][gc,heap     ] GC(4635)      Used:       16M (100%)         16M (100%)         16M (100%)         16M (100%)         16M (100%)         12M (75%)    
[2024-07-25T19:05:18.317+0800][86.687s][gc,heap     ] GC(4635)      Live:         -                 8M (54%)           8M (54%)           8M (54%)            -                  -          
[2024-07-25T19:05:18.317+0800][86.687s][gc,heap     ] GC(4635) Allocated:         -                 0M (0%)            4M (25%)           5M (37%)            -                  -          
[2024-07-25T19:05:18.317+0800][86.687s][gc,heap     ] GC(4635)   Garbage:         -                 7M (46%)           3M (21%)           1M (8%)             -                  -          
[2024-07-25T19:05:18.317+0800][86.687s][gc,heap     ] GC(4635) Reclaimed:         -                  -                 4M (25%)           5M (37%)            -                  -          
[2024-07-25T19:05:18.317+0800][86.687s][gc          ] GC(4635) Garbage Collection (Allocation Stall) 16M(100%)->16M(100%)
[2024-07-25T19:05:18.319+0800][86.688s][gc,start    ] GC(4636) Garbage Collection (Allocation Stall)
[2024-07-25T19:05:18.319+0800][86.688s][gc,ref      ] GC(4636) Clearing All SoftReferences
[2024-07-25T19:05:18.319+0800][86.688s][gc,task     ] GC(4636) Using 1 workers
[2024-07-25T19:05:18.319+0800][86.688s][gc,phases   ] GC(4636) Pause Mark Start 0.009ms
[2024-07-25T19:05:18.331+0800][86.701s][gc,phases   ] GC(4636) Concurrent Mark 12.127ms
[2024-07-25T19:05:18.332+0800][86.701s][gc,phases   ] GC(4636) Pause Mark End 0.020ms
[2024-07-25T19:05:18.332+0800][86.701s][gc,phases   ] GC(4636) Concurrent Mark Free 0.001ms
[2024-07-25T19:05:18.334+0800][86.703s][gc,phases   ] GC(4636) Concurrent Process Non-Strong References 2.255ms
[2024-07-25T19:05:18.334+0800][86.703s][gc,phases   ] GC(4636) Concurrent Reset Relocation Set 0.002ms
[2024-07-25T19:05:18.338+0800][86.707s][gc          ] Allocation Stall (main) 18.821ms
[2024-07-25T19:05:18.338+0800][86.707s][gc,phases   ] GC(4636) Concurrent Select Relocation Set 3.696ms
[2024-07-25T19:05:18.338+0800][86.707s][gc,phases   ] GC(4636) Pause Relocate Start 0.012ms
[2024-07-25T19:05:18.340+0800][86.710s][gc,phases   ] GC(4636) Concurrent Relocate 2.186ms
[2024-07-25T19:05:18.340+0800][86.710s][gc          ] Allocation Stall (main) 0.792ms
[2024-07-25T19:05:18.341+0800][86.710s][gc,load     ] GC(4636) Load: 0.00/0.00/0.00
[2024-07-25T19:05:18.341+0800][86.710s][gc,mmu      ] GC(4636) MMU: 2ms/88.2%, 5ms/95.3%, 10ms/97.6%, 20ms/98.8%, 50ms/99.4%, 100ms/99.6%
[2024-07-25T19:05:18.341+0800][86.710s][gc,marking  ] GC(4636) Mark: 1 stripe(s), 1 proactive flush(es), 1 terminate flush(es), 0 completion(s), 0 continuation(s) 
[2024-07-25T19:05:18.341+0800][86.710s][gc,marking  ] GC(4636) Mark Stack Usage: 32M
[2024-07-25T19:05:18.341+0800][86.710s][gc,nmethod  ] GC(4636) NMethods: 535 registered, 0 unregistered
[2024-07-25T19:05:18.341+0800][86.710s][gc,metaspace] GC(4636) Metaspace: 1M used, 1M committed, 1088M reserved
[2024-07-25T19:05:18.341+0800][86.710s][gc,ref      ] GC(4636) Soft: 46 encountered, 25 discovered, 0 enqueued
[2024-07-25T19:05:18.341+0800][86.710s][gc,ref      ] GC(4636) Weak: 131 encountered, 107 discovered, 0 enqueued
[2024-07-25T19:05:18.341+0800][86.710s][gc,ref      ] GC(4636) Final: 0 encountered, 0 discovered, 0 enqueued
[2024-07-25T19:05:18.341+0800][86.710s][gc,ref      ] GC(4636) Phantom: 184 encountered, 98 discovered, 0 enqueued
[2024-07-25T19:05:18.341+0800][86.710s][gc,reloc    ] GC(4636) Small Pages: 4 / 8M, Empty: 0M, Relocated: 1M, In-Place: 1
[2024-07-25T19:05:18.341+0800][86.710s][gc,reloc    ] GC(4636) Large Pages: 4 / 8M, Empty: 4M, Relocated: 0M, In-Place: 0
[2024-07-25T19:05:18.341+0800][86.710s][gc,reloc    ] GC(4636) Forwarding Usage: 0M
[2024-07-25T19:05:18.341+0800][86.711s][gc,heap     ] GC(4636) Min Capacity: 8M(50%)
[2024-07-25T19:05:18.341+0800][86.711s][gc,heap     ] GC(4636) Max Capacity: 16M(100%)
[2024-07-25T19:05:18.341+0800][86.711s][gc,heap     ] GC(4636) Soft Max Capacity: 16M(100%)
[2024-07-25T19:05:18.341+0800][86.711s][gc,heap     ] GC(4636)                Mark Start          Mark End        Relocate Start      Relocate End           High               Low         
[2024-07-25T19:05:18.342+0800][86.711s][gc,heap     ] GC(4636)  Capacity:       16M (100%)         16M (100%)         16M (100%)         16M (100%)         16M (100%)         16M (100%)   
[2024-07-25T19:05:18.342+0800][86.711s][gc,heap     ] GC(4636)      Free:        0M (0%)            0M (0%)            0M (0%)            0M (0%)            4M (25%)           0M (0%)     
[2024-07-25T19:05:18.342+0800][86.711s][gc,heap     ] GC(4636)      Used:       16M (100%)         16M (100%)         16M (100%)         16M (100%)         16M (100%)         12M (75%)    
[2024-07-25T19:05:18.342+0800][86.711s][gc,heap     ] GC(4636)      Live:         -                 8M (54%)           8M (54%)           8M (54%)            -                  -          
[2024-07-25T19:05:18.342+0800][86.711s][gc,heap     ] GC(4636) Allocated:         -                 0M (0%)            4M (25%)           5M (37%)            -                  -          
[2024-07-25T19:05:18.342+0800][86.711s][gc,heap     ] GC(4636)   Garbage:         -                 7M (46%)           3M (21%)           1M (8%)             -                  -          
[2024-07-25T19:05:18.342+0800][86.711s][gc,heap     ] GC(4636) Reclaimed:         -                  -                 4M (25%)           5M (37%)            -                  -          
[2024-07-25T19:05:18.342+0800][86.711s][gc          ] GC(4636) Garbage Collection (Allocation Stall) 16M(100%)->16M(100%)
[2024-07-25T19:05:18.344+0800][86.713s][gc,start    ] GC(4637) Garbage Collection (Allocation Stall)
[2024-07-25T19:05:18.344+0800][86.713s][gc,ref      ] GC(4637) Clearing All SoftReferences
[2024-07-25T19:05:18.344+0800][86.713s][gc,task     ] GC(4637) Using 1 workers
[2024-07-25T19:05:18.344+0800][86.713s][gc,phases   ] GC(4637) Pause Mark Start 0.017ms
[2024-07-25T19:05:18.354+0800][86.724s][gc,phases   ] GC(4637) Concurrent Mark 10.241ms
[2024-07-25T19:05:18.354+0800][86.724s][gc,phases   ] GC(4637) Pause Mark End 0.013ms
[2024-07-25T19:05:18.354+0800][86.724s][gc,phases   ] GC(4637) Concurrent Mark Free 0.001ms
[2024-07-25T19:05:18.357+0800][86.726s][gc,phases   ] GC(4637) Concurrent Process Non-Strong References 2.202ms
[2024-07-25T19:05:18.357+0800][86.726s][gc,phases   ] GC(4637) Concurrent Reset Relocation Set 0.001ms
[2024-07-25T19:05:18.361+0800][86.731s][gc          ] Allocation Stall (main) 17.837ms
[2024-07-25T19:05:18.361+0800][86.731s][gc,phases   ] GC(4637) Concurrent Select Relocation Set 4.334ms
[2024-07-25T19:05:18.361+0800][86.731s][gc,phases   ] GC(4637) Pause Relocate Start 0.011ms
[2024-07-25T19:05:18.365+0800][86.734s][gc,phases   ] GC(4637) Concurrent Relocate 2.814ms
[2024-07-25T19:05:18.365+0800][86.734s][gc          ] Allocation Stall (main) 0.662ms
[2024-07-25T19:05:18.365+0800][86.734s][gc,load     ] GC(4637) Load: 0.00/0.00/0.00
[2024-07-25T19:05:18.365+0800][86.734s][gc,mmu      ] GC(4637) MMU: 2ms/88.2%, 5ms/95.3%, 10ms/97.6%, 20ms/98.8%, 50ms/99.4%, 100ms/99.6%
[2024-07-25T19:05:18.365+0800][86.734s][gc,marking  ] GC(4637) Mark: 1 stripe(s), 1 proactive flush(es), 1 terminate flush(es), 0 completion(s), 0 continuation(s) 
[2024-07-25T19:05:18.365+0800][86.734s][gc,marking  ] GC(4637) Mark Stack Usage: 32M
[2024-07-25T19:05:18.365+0800][86.735s][gc,nmethod  ] GC(4637) NMethods: 535 registered, 0 unregistered
[2024-07-25T19:05:18.365+0800][86.735s][gc,metaspace] GC(4637) Metaspace: 1M used, 1M committed, 1088M reserved
[2024-07-25T19:05:18.365+0800][86.735s][gc,ref      ] GC(4637) Soft: 46 encountered, 25 discovered, 0 enqueued
[2024-07-25T19:05:18.365+0800][86.735s][gc,ref      ] GC(4637) Weak: 131 encountered, 107 discovered, 0 enqueued
[2024-07-25T19:05:18.365+0800][86.735s][gc,ref      ] GC(4637) Final: 0 encountered, 0 discovered, 0 enqueued
[2024-07-25T19:05:18.365+0800][86.735s][gc,ref      ] GC(4637) Phantom: 184 encountered, 98 discovered, 0 enqueued
[2024-07-25T19:05:18.365+0800][86.735s][gc,reloc    ] GC(4637) Small Pages: 4 / 8M, Empty: 0M, Relocated: 1M, In-Place: 1
[2024-07-25T19:05:18.365+0800][86.735s][gc,reloc    ] GC(4637) Large Pages: 4 / 8M, Empty: 4M, Relocated: 0M, In-Place: 0
[2024-07-25T19:05:18.365+0800][86.735s][gc,reloc    ] GC(4637) Forwarding Usage: 0M
[2024-07-25T19:05:18.365+0800][86.735s][gc,heap     ] GC(4637) Min Capacity: 8M(50%)
[2024-07-25T19:05:18.365+0800][86.735s][gc,heap     ] GC(4637) Max Capacity: 16M(100%)
[2024-07-25T19:05:18.365+0800][86.735s][gc,heap     ] GC(4637) Soft Max Capacity: 16M(100%)
[2024-07-25T19:05:18.365+0800][86.735s][gc,heap     ] GC(4637)                Mark Start          Mark End        Relocate Start      Relocate End           High               Low         
[2024-07-25T19:05:18.365+0800][86.735s][gc,heap     ] GC(4637)  Capacity:       16M (100%)         16M (100%)         16M (100%)         16M (100%)         16M (100%)         16M (100%)   
[2024-07-25T19:05:18.366+0800][86.735s][gc,heap     ] GC(4637)      Free:        0M (0%)            0M (0%)            0M (0%)            0M (0%)            4M (25%)           0M (0%)     
[2024-07-25T19:05:18.366+0800][86.735s][gc,heap     ] GC(4637)      Used:       16M (100%)         16M (100%)         16M (100%)         16M (100%)         16M (100%)         12M (75%)    
[2024-07-25T19:05:18.366+0800][86.735s][gc,heap     ] GC(4637)      Live:         -                 8M (54%)           8M (54%)           8M (54%)            -                  -          
[2024-07-25T19:05:18.366+0800][86.735s][gc,heap     ] GC(4637) Allocated:         -                 0M (0%)            4M (25%)           5M (37%)            -                  -          
[2024-07-25T19:05:18.366+0800][86.735s][gc,heap     ] GC(4637)   Garbage:         -                 7M (46%)           3M (21%)           1M (8%)             -                  -          
[2024-07-25T19:05:18.366+0800][86.735s][gc,heap     ] GC(4637) Reclaimed:         -                  -                 4M (25%)           5M (37%)            -                  -          
[2024-07-25T19:05:18.366+0800][86.735s][gc          ] GC(4637) Garbage Collection (Allocation Stall) 16M(100%)->16M(100%)
[2024-07-25T19:05:18.368+0800][86.737s][gc,start    ] GC(4638) Garbage Collection (Allocation Stall)
[2024-07-25T19:05:18.368+0800][86.737s][gc,ref      ] GC(4638) Clearing All SoftReferences
[2024-07-25T19:05:18.368+0800][86.737s][gc,task     ] GC(4638) Using 1 workers
[2024-07-25T19:05:18.368+0800][86.737s][gc,phases   ] GC(4638) Pause Mark Start 0.009ms
[2024-07-25T19:05:18.379+0800][86.748s][gc,phases   ] GC(4638) Concurrent Mark 10.629ms
[2024-07-25T19:05:18.379+0800][86.748s][gc,phases   ] GC(4638) Pause Mark End 0.022ms
[2024-07-25T19:05:18.379+0800][86.748s][gc,phases   ] GC(4638) Concurrent Mark Free 0.002ms
[2024-07-25T19:05:18.381+0800][86.751s][gc,phases   ] GC(4638) Concurrent Process Non-Strong References 1.963ms
[2024-07-25T19:05:18.381+0800][86.751s][gc,phases   ] GC(4638) Concurrent Reset Relocation Set 0.001ms
[2024-07-25T19:05:18.384+0800][86.754s][gc          ] Allocation Stall (main) 16.638ms
[2024-07-25T19:05:18.384+0800][86.754s][gc,phases   ] GC(4638) Concurrent Select Relocation Set 3.215ms
[2024-07-25T19:05:18.385+0800][86.754s][gc,phases   ] GC(4638) Pause Relocate Start 0.043ms
[2024-07-25T19:05:18.387+0800][86.757s][gc,phases   ] GC(4638) Concurrent Relocate 2.089ms
[2024-07-25T19:05:18.387+0800][86.757s][gc,load     ] GC(4638) Load: 0.00/0.00/0.00
[2024-07-25T19:05:18.387+0800][86.757s][gc,mmu      ] GC(4638) MMU: 2ms/88.2%, 5ms/95.3%, 10ms/97.6%, 20ms/98.8%, 50ms/99.4%, 100ms/99.6%
[2024-07-25T19:05:18.387+0800][86.757s][gc,marking  ] GC(4638) Mark: 1 stripe(s), 1 proactive flush(es), 1 terminate flush(es), 0 completion(s), 0 continuation(s) 
[2024-07-25T19:05:18.387+0800][86.757s][gc,marking  ] GC(4638) Mark Stack Usage: 32M
[2024-07-25T19:05:18.387+0800][86.757s][gc,nmethod  ] GC(4638) NMethods: 535 registered, 0 unregistered
[2024-07-25T19:05:18.387+0800][86.757s][gc,metaspace] GC(4638) Metaspace: 1M used, 1M committed, 1088M reserved
[2024-07-25T19:05:18.387+0800][86.757s][gc,ref      ] GC(4638) Soft: 46 encountered, 25 discovered, 0 enqueued
[2024-07-25T19:05:18.388+0800][86.757s][gc,ref      ] GC(4638) Weak: 131 encountered, 107 discovered, 0 enqueued
[2024-07-25T19:05:18.388+0800][86.757s][gc,ref      ] GC(4638) Final: 0 encountered, 0 discovered, 0 enqueued
[2024-07-25T19:05:18.388+0800][86.757s][gc,ref      ] GC(4638) Phantom: 184 encountered, 98 discovered, 0 enqueued
[2024-07-25T19:05:18.388+0800][86.757s][gc,reloc    ] GC(4638) Small Pages: 4 / 8M, Empty: 0M, Relocated: 1M, In-Place: 0
[2024-07-25T19:05:18.388+0800][86.757s][gc,reloc    ] GC(4638) Large Pages: 4 / 8M, Empty: 4M, Relocated: 0M, In-Place: 0
[2024-07-25T19:05:18.388+0800][86.757s][gc,reloc    ] GC(4638) Forwarding Usage: 0M
[2024-07-25T19:05:18.388+0800][86.757s][gc,heap     ] GC(4638) Min Capacity: 8M(50%)
[2024-07-25T19:05:18.388+0800][86.757s][gc,heap     ] GC(4638) Max Capacity: 16M(100%)
[2024-07-25T19:05:18.388+0800][86.757s][gc,heap     ] GC(4638) Soft Max Capacity: 16M(100%)
[2024-07-25T19:05:18.388+0800][86.757s][gc,heap     ] GC(4638)                Mark Start          Mark End        Relocate Start      Relocate End           High               Low         
[2024-07-25T19:05:18.388+0800][86.757s][gc,heap     ] GC(4638)  Capacity:       16M (100%)         16M (100%)         16M (100%)         16M (100%)         16M (100%)         16M (100%)   
[2024-07-25T19:05:18.388+0800][86.757s][gc,heap     ] GC(4638)      Free:        0M (0%)            0M (0%)            2M (12%)           2M (12%)           4M (25%)           0M (0%)     
[2024-07-25T19:05:18.388+0800][86.758s][gc,heap     ] GC(4638)      Used:       16M (100%)         16M (100%)         14M (88%)          14M (88%)          16M (100%)         12M (75%)    
[2024-07-25T19:05:18.388+0800][86.758s][gc,heap     ] GC(4638)      Live:         -                 8M (54%)           8M (54%)           8M (54%)            -                  -          
[2024-07-25T19:05:18.388+0800][86.758s][gc,heap     ] GC(4638) Allocated:         -                 0M (0%)            2M (12%)           3M (25%)            -                  -          
[2024-07-25T19:05:18.388+0800][86.758s][gc,heap     ] GC(4638)   Garbage:         -                 7M (46%)           3M (21%)           1M (8%)             -                  -          
[2024-07-25T19:05:18.388+0800][86.758s][gc,heap     ] GC(4638) Reclaimed:         -                  -                 4M (25%)           5M (37%)            -                  -          
[2024-07-25T19:05:18.388+0800][86.758s][gc          ] GC(4638) Garbage Collection (Allocation Stall) 16M(100%)->14M(88%)
[2024-07-25T19:05:18.392+0800][86.761s][gc,start    ] GC(4639) Garbage Collection (Allocation Stall)
[2024-07-25T19:05:18.392+0800][86.761s][gc,ref      ] GC(4639) Clearing All SoftReferences
[2024-07-25T19:05:18.392+0800][86.761s][gc,task     ] GC(4639) Using 1 workers
[2024-07-25T19:05:18.392+0800][86.761s][gc,phases   ] GC(4639) Pause Mark Start 0.018ms
[2024-07-25T19:05:18.401+0800][86.771s][gc,phases   ] GC(4639) Concurrent Mark 9.539ms
[2024-07-25T19:05:18.401+0800][86.771s][gc,phases   ] GC(4639) Pause Mark End 0.012ms
[2024-07-25T19:05:18.401+0800][86.771s][gc,phases   ] GC(4639) Concurrent Mark Free 0.001ms
[2024-07-25T19:05:18.404+0800][86.773s][gc,phases   ] GC(4639) Concurrent Process Non-Strong References 1.993ms
[2024-07-25T19:05:18.404+0800][86.773s][gc,phases   ] GC(4639) Concurrent Reset Relocation Set 0.001ms
[2024-07-25T19:05:18.407+0800][86.776s][gc          ] Allocation Stall (main) 15.605ms
[2024-07-25T19:05:18.407+0800][86.776s][gc,phases   ] GC(4639) Concurrent Select Relocation Set 3.284ms
[2024-07-25T19:05:18.407+0800][86.776s][gc,phases   ] GC(4639) Pause Relocate Start 0.008ms
[2024-07-25T19:05:18.409+0800][86.779s][gc          ] Allocation Stall (main) 0.606ms
[2024-07-25T19:05:18.409+0800][86.779s][gc,phases   ] GC(4639) Concurrent Relocate 2.295ms
[2024-07-25T19:05:18.409+0800][86.779s][gc,load     ] GC(4639) Load: 0.00/0.00/0.00
[2024-07-25T19:05:18.409+0800][86.779s][gc,mmu      ] GC(4639) MMU: 2ms/88.2%, 5ms/95.3%, 10ms/97.6%, 20ms/98.8%, 50ms/99.4%, 100ms/99.6%
[2024-07-25T19:05:18.409+0800][86.779s][gc,marking  ] GC(4639) Mark: 1 stripe(s), 1 proactive flush(es), 1 terminate flush(es), 0 completion(s), 0 continuation(s) 
[2024-07-25T19:05:18.410+0800][86.779s][gc,marking  ] GC(4639) Mark Stack Usage: 32M
[2024-07-25T19:05:18.410+0800][86.779s][gc,nmethod  ] GC(4639) NMethods: 535 registered, 0 unregistered
[2024-07-25T19:05:18.410+0800][86.779s][gc,metaspace] GC(4639) Metaspace: 1M used, 1M committed, 1088M reserved
[2024-07-25T19:05:18.410+0800][86.779s][gc,ref      ] GC(4639) Soft: 46 encountered, 25 discovered, 0 enqueued
[2024-07-25T19:05:18.410+0800][86.779s][gc,ref      ] GC(4639) Weak: 131 encountered, 107 discovered, 0 enqueued
[2024-07-25T19:05:18.410+0800][86.779s][gc,ref      ] GC(4639) Final: 0 encountered, 0 discovered, 0 enqueued
[2024-07-25T19:05:18.410+0800][86.779s][gc,ref      ] GC(4639) Phantom: 184 encountered, 98 discovered, 0 enqueued
[2024-07-25T19:05:18.410+0800][86.779s][gc,reloc    ] GC(4639) Small Pages: 4 / 8M, Empty: 0M, Relocated: 1M, In-Place: 1
[2024-07-25T19:05:18.410+0800][86.779s][gc,reloc    ] GC(4639) Large Pages: 4 / 8M, Empty: 4M, Relocated: 0M, In-Place: 0
[2024-07-25T19:05:18.410+0800][86.779s][gc,reloc    ] GC(4639) Forwarding Usage: 0M
[2024-07-25T19:05:18.410+0800][86.779s][gc,heap     ] GC(4639) Min Capacity: 8M(50%)
[2024-07-25T19:05:18.410+0800][86.779s][gc,heap     ] GC(4639) Max Capacity: 16M(100%)
[2024-07-25T19:05:18.410+0800][86.779s][gc,heap     ] GC(4639) Soft Max Capacity: 16M(100%)
[2024-07-25T19:05:18.410+0800][86.779s][gc,heap     ] GC(4639)                Mark Start          Mark End        Relocate Start      Relocate End           High               Low         
[2024-07-25T19:05:18.410+0800][86.780s][gc,heap     ] GC(4639)  Capacity:       16M (100%)         16M (100%)         16M (100%)         16M (100%)         16M (100%)         16M (100%)   
[2024-07-25T19:05:18.410+0800][86.780s][gc,heap     ] GC(4639)      Free:        0M (0%)            0M (0%)            0M (0%)            0M (0%)            4M (25%)           0M (0%)     
[2024-07-25T19:05:18.410+0800][86.780s][gc,heap     ] GC(4639)      Used:       16M (100%)         16M (100%)         16M (100%)         16M (100%)         16M (100%)         12M (75%)    
[2024-07-25T19:05:18.410+0800][86.780s][gc,heap     ] GC(4639)      Live:         -                 8M (54%)           8M (54%)           8M (54%)            -                  -          
[2024-07-25T19:05:18.410+0800][86.780s][gc,heap     ] GC(4639) Allocated:         -                 0M (0%)            4M (25%)           5M (37%)            -                  -          
[2024-07-25T19:05:18.410+0800][86.780s][gc,heap     ] GC(4639)   Garbage:         -                 7M (46%)           3M (21%)           1M (8%)             -                  -          
[2024-07-25T19:05:18.410+0800][86.780s][gc,heap     ] GC(4639) Reclaimed:         -                  -                 4M (25%)           5M (37%)            -                  -          
[2024-07-25T19:05:18.410+0800][86.780s][gc          ] GC(4639) Garbage Collection (Allocation Stall) 16M(100%)->16M(100%)
[2024-07-25T19:05:18.412+0800][86.781s][gc,start    ] GC(4640) Garbage Collection (Allocation Stall)
[2024-07-25T19:05:18.412+0800][86.781s][gc,ref      ] GC(4640) Clearing All SoftReferences
[2024-07-25T19:05:18.412+0800][86.781s][gc,task     ] GC(4640) Using 1 workers
[2024-07-25T19:05:18.412+0800][86.782s][gc,phases   ] GC(4640) Pause Mark Start 0.009ms
[2024-07-25T19:05:18.421+0800][86.791s][gc,phases   ] GC(4640) Concurrent Mark 9.385ms
[2024-07-25T19:05:18.422+0800][86.791s][gc,phases   ] GC(4640) Pause Mark End 0.011ms
[2024-07-25T19:05:18.422+0800][86.791s][gc,phases   ] GC(4640) Concurrent Mark Free 0.002ms
[2024-07-25T19:05:18.424+0800][86.794s][gc,phases   ] GC(4640) Concurrent Process Non-Strong References 2.237ms
[2024-07-25T19:05:18.424+0800][86.794s][gc,phases   ] GC(4640) Concurrent Reset Relocation Set 0.002ms
[2024-07-25T19:05:18.428+0800][86.797s][gc          ] Allocation Stall (main) 16.105ms
[2024-07-25T19:05:18.428+0800][86.797s][gc,phases   ] GC(4640) Concurrent Select Relocation Set 3.677ms
[2024-07-25T19:05:18.428+0800][86.798s][gc,phases   ] GC(4640) Pause Relocate Start 0.009ms
[2024-07-25T19:05:18.430+0800][86.800s][gc          ] Allocation Stall (main) 0.783ms
[2024-07-25T19:05:18.430+0800][86.800s][gc,phases   ] GC(4640) Concurrent Relocate 2.037ms
[2024-07-25T19:05:18.431+0800][86.800s][gc,load     ] GC(4640) Load: 0.00/0.00/0.00
[2024-07-25T19:05:18.431+0800][86.800s][gc,mmu      ] GC(4640) MMU: 2ms/88.2%, 5ms/95.3%, 10ms/97.6%, 20ms/98.8%, 50ms/99.4%, 100ms/99.6%
[2024-07-25T19:05:18.431+0800][86.800s][gc,marking  ] GC(4640) Mark: 1 stripe(s), 1 proactive flush(es), 1 terminate flush(es), 0 completion(s), 0 continuation(s) 
[2024-07-25T19:05:18.431+0800][86.800s][gc,marking  ] GC(4640) Mark Stack Usage: 32M
[2024-07-25T19:05:18.431+0800][86.800s][gc,nmethod  ] GC(4640) NMethods: 535 registered, 0 unregistered
[2024-07-25T19:05:18.431+0800][86.800s][gc,metaspace] GC(4640) Metaspace: 1M used, 1M committed, 1088M reserved
[2024-07-25T19:05:18.431+0800][86.800s][gc,ref      ] GC(4640) Soft: 46 encountered, 25 discovered, 0 enqueued
[2024-07-25T19:05:18.431+0800][86.800s][gc,ref      ] GC(4640) Weak: 131 encountered, 107 discovered, 0 enqueued
[2024-07-25T19:05:18.431+0800][86.800s][gc,ref      ] GC(4640) Final: 0 encountered, 0 discovered, 0 enqueued
[2024-07-25T19:05:18.431+0800][86.801s][gc,ref      ] GC(4640) Phantom: 184 encountered, 98 discovered, 0 enqueued
[2024-07-25T19:05:18.431+0800][86.801s][gc,reloc    ] GC(4640) Small Pages: 4 / 8M, Empty: 0M, Relocated: 1M, In-Place: 0
[2024-07-25T19:05:18.431+0800][86.801s][gc,reloc    ] GC(4640) Large Pages: 4 / 8M, Empty: 4M, Relocated: 0M, In-Place: 0
[2024-07-25T19:05:18.432+0800][86.801s][gc,reloc    ] GC(4640) Forwarding Usage: 0M
[2024-07-25T19:05:18.432+0800][86.801s][gc,heap     ] GC(4640) Min Capacity: 8M(50%)
[2024-07-25T19:05:18.432+0800][86.801s][gc,heap     ] GC(4640) Max Capacity: 16M(100%)
[2024-07-25T19:05:18.432+0800][86.801s][gc,heap     ] GC(4640) Soft Max Capacity: 16M(100%)
[2024-07-25T19:05:18.432+0800][86.801s][gc,heap     ] GC(4640)                Mark Start          Mark End        Relocate Start      Relocate End           High               Low         
[2024-07-25T19:05:18.432+0800][86.801s][gc,heap     ] GC(4640)  Capacity:       16M (100%)         16M (100%)         16M (100%)         16M (100%)         16M (100%)         16M (100%)   
[2024-07-25T19:05:18.432+0800][86.801s][gc,heap     ] GC(4640)      Free:        0M (0%)            0M (0%)            0M (0%)            0M (0%)            4M (25%)           0M (0%)     
[2024-07-25T19:05:18.432+0800][86.801s][gc,heap     ] GC(4640)      Used:       16M (100%)         16M (100%)         16M (100%)         16M (100%)         16M (100%)         12M (75%)    
[2024-07-25T19:05:18.432+0800][86.801s][gc,heap     ] GC(4640)      Live:         -                 8M (54%)           8M (54%)           8M (54%)            -                  -          
[2024-07-25T19:05:18.432+0800][86.801s][gc,heap     ] GC(4640) Allocated:         -                 0M (0%)            4M (25%)           5M (37%)            -                  -          
[2024-07-25T19:05:18.432+0800][86.801s][gc,heap     ] GC(4640)   Garbage:         -                 7M (46%)           3M (21%)           1M (8%)             -                  -          
[2024-07-25T19:05:18.432+0800][86.801s][gc,heap     ] GC(4640) Reclaimed:         -                  -                 4M (25%)           5M (37%)            -                  -          
[2024-07-25T19:05:18.432+0800][86.801s][gc          ] GC(4640) Garbage Collection (Allocation Stall) 16M(100%)->16M(100%)
[2024-07-25T19:05:18.434+0800][86.803s][gc,start    ] GC(4641) Garbage Collection (Allocation Stall)
[2024-07-25T19:05:18.434+0800][86.803s][gc,ref      ] GC(4641) Clearing All SoftReferences
[2024-07-25T19:05:18.434+0800][86.803s][gc,task     ] GC(4641) Using 1 workers
[2024-07-25T19:05:18.434+0800][86.803s][gc,phases   ] GC(4641) Pause Mark Start 0.010ms
[2024-07-25T19:05:18.444+0800][86.813s][gc,phases   ] GC(4641) Concurrent Mark 9.657ms
[2024-07-25T19:05:18.444+0800][86.813s][gc,phases   ] GC(4641) Pause Mark End 0.013ms
[2024-07-25T19:05:18.444+0800][86.814s][gc,phases   ] GC(4641) Concurrent Mark Free 0.001ms
[2024-07-25T19:05:18.447+0800][86.816s][gc,phases   ] GC(4641) Concurrent Process Non-Strong References 2.435ms
[2024-07-25T19:05:18.447+0800][86.816s][gc,phases   ] GC(4641) Concurrent Reset Relocation Set 0.001ms
[2024-07-25T19:05:18.450+0800][86.819s][gc          ] Allocation Stall (main) 16.181ms
[2024-07-25T19:05:18.450+0800][86.819s][gc,phases   ] GC(4641) Concurrent Select Relocation Set 3.084ms
[2024-07-25T19:05:18.450+0800][86.819s][gc,phases   ] GC(4641) Pause Relocate Start 0.009ms
[2024-07-25T19:05:18.453+0800][86.822s][gc,phases   ] GC(4641) Concurrent Relocate 2.246ms
[2024-07-25T19:05:18.453+0800][86.822s][gc          ] Allocation Stall (main) 0.923ms
[2024-07-25T19:05:18.453+0800][86.822s][gc,load     ] GC(4641) Load: 0.00/0.00/0.00
[2024-07-25T19:05:18.453+0800][86.822s][gc,mmu      ] GC(4641) MMU: 2ms/88.2%, 5ms/95.3%, 10ms/97.6%, 20ms/98.8%, 50ms/99.4%, 100ms/99.6%
[2024-07-25T19:05:18.453+0800][86.822s][gc,marking  ] GC(4641) Mark: 1 stripe(s), 1 proactive flush(es), 1 terminate flush(es), 0 completion(s), 0 continuation(s) 
[2024-07-25T19:05:18.453+0800][86.822s][gc,marking  ] GC(4641) Mark Stack Usage: 32M
[2024-07-25T19:05:18.453+0800][86.822s][gc,nmethod  ] GC(4641) NMethods: 535 registered, 0 unregistered
[2024-07-25T19:05:18.453+0800][86.822s][gc,metaspace] GC(4641) Metaspace: 1M used, 1M committed, 1088M reserved
[2024-07-25T19:05:18.453+0800][86.822s][gc,ref      ] GC(4641) Soft: 46 encountered, 25 discovered, 0 enqueued
[2024-07-25T19:05:18.453+0800][86.822s][gc,ref      ] GC(4641) Weak: 131 encountered, 107 discovered, 0 enqueued
[2024-07-25T19:05:18.453+0800][86.822s][gc,ref      ] GC(4641) Final: 0 encountered, 0 discovered, 0 enqueued
[2024-07-25T19:05:18.453+0800][86.822s][gc,ref      ] GC(4641) Phantom: 184 encountered, 98 discovered, 0 enqueued
[2024-07-25T19:05:18.453+0800][86.822s][gc,reloc    ] GC(4641) Small Pages: 4 / 8M, Empty: 0M, Relocated: 1M, In-Place: 1
[2024-07-25T19:05:18.453+0800][86.823s][gc,reloc    ] GC(4641) Large Pages: 4 / 8M, Empty: 4M, Relocated: 0M, In-Place: 0
[2024-07-25T19:05:18.453+0800][86.823s][gc,reloc    ] GC(4641) Forwarding Usage: 0M
[2024-07-25T19:05:18.453+0800][86.823s][gc,heap     ] GC(4641) Min Capacity: 8M(50%)
[2024-07-25T19:05:18.454+0800][86.823s][gc,heap     ] GC(4641) Max Capacity: 16M(100%)
[2024-07-25T19:05:18.454+0800][86.823s][gc,heap     ] GC(4641) Soft Max Capacity: 16M(100%)
[2024-07-25T19:05:18.454+0800][86.823s][gc,heap     ] GC(4641)                Mark Start          Mark End        Relocate Start      Relocate End           High               Low         
[2024-07-25T19:05:18.454+0800][86.823s][gc,heap     ] GC(4641)  Capacity:       16M (100%)         16M (100%)         16M (100%)         16M (100%)         16M (100%)         16M (100%)   
[2024-07-25T19:05:18.454+0800][86.823s][gc,heap     ] GC(4641)      Free:        0M (0%)            0M (0%)            0M (0%)            0M (0%)            4M (25%)           0M (0%)     
[2024-07-25T19:05:18.454+0800][86.823s][gc,heap     ] GC(4641)      Used:       16M (100%)         16M (100%)         16M (100%)         16M (100%)         16M (100%)         12M (75%)    
[2024-07-25T19:05:18.454+0800][86.823s][gc,heap     ] GC(4641)      Live:         -                 8M (54%)           8M (54%)           8M (54%)            -                  -          
[2024-07-25T19:05:18.454+0800][86.823s][gc,heap     ] GC(4641) Allocated:         -                 0M (0%)            4M (25%)           6M (38%)            -                  -          
[2024-07-25T19:05:18.454+0800][86.823s][gc,heap     ] GC(4641)   Garbage:         -                 7M (46%)           3M (21%)           1M (8%)             -                  -          
[2024-07-25T19:05:18.454+0800][86.823s][gc,heap     ] GC(4641) Reclaimed:         -                  -                 4M (25%)           6M (38%)            -                  -          
[2024-07-25T19:05:18.454+0800][86.823s][gc          ] GC(4641) Garbage Collection (Allocation Stall) 16M(100%)->16M(100%)
[2024-07-25T19:05:18.456+0800][86.825s][gc,start    ] GC(4642) Garbage Collection (Allocation Stall)
[2024-07-25T19:05:18.456+0800][86.825s][gc,ref      ] GC(4642) Clearing All SoftReferences
[2024-07-25T19:05:18.456+0800][86.825s][gc,task     ] GC(4642) Using 1 workers
[2024-07-25T19:05:18.456+0800][86.825s][gc,phases   ] GC(4642) Pause Mark Start 0.009ms
[2024-07-25T19:05:18.467+0800][86.836s][gc,phases   ] GC(4642) Concurrent Mark 10.126ms
[2024-07-25T19:05:18.467+0800][86.836s][gc,phases   ] GC(4642) Pause Mark End 0.012ms
[2024-07-25T19:05:18.467+0800][86.836s][gc,phases   ] GC(4642) Concurrent Mark Free 0.001ms
[2024-07-25T19:05:18.470+0800][86.839s][gc,phases   ] GC(4642) Concurrent Process Non-Strong References 2.650ms
[2024-07-25T19:05:18.470+0800][86.839s][gc,phases   ] GC(4642) Concurrent Reset Relocation Set 0.002ms
[2024-07-25T19:05:18.473+0800][86.842s][gc,phases   ] GC(4642) Concurrent Select Relocation Set 3.279ms
[2024-07-25T19:05:18.473+0800][86.842s][gc          ] Allocation Stall (main) 17.165ms
[2024-07-25T19:05:18.473+0800][86.842s][gc,phases   ] GC(4642) Pause Relocate Start 0.009ms
[2024-07-25T19:05:18.474+0800][86.843s][gc,phases   ] GC(4642) Concurrent Relocate 0.164ms
[2024-07-25T19:05:18.474+0800][86.843s][gc,load     ] GC(4642) Load: 0.00/0.00/0.00
[2024-07-25T19:05:18.474+0800][86.843s][gc,mmu      ] GC(4642) MMU: 2ms/88.2%, 5ms/95.3%, 10ms/97.6%, 20ms/98.8%, 50ms/99.4%, 100ms/99.6%
[2024-07-25T19:05:18.474+0800][86.843s][gc,marking  ] GC(4642) Mark: 1 stripe(s), 1 proactive flush(es), 1 terminate flush(es), 0 completion(s), 0 continuation(s) 
[2024-07-25T19:05:18.474+0800][86.843s][gc,marking  ] GC(4642) Mark Stack Usage: 32M
[2024-07-25T19:05:18.474+0800][86.843s][gc,nmethod  ] GC(4642) NMethods: 535 registered, 0 unregistered
[2024-07-25T19:05:18.474+0800][86.843s][gc,metaspace] GC(4642) Metaspace: 1M used, 1M committed, 1088M reserved
[2024-07-25T19:05:18.474+0800][86.843s][gc,ref      ] GC(4642) Soft: 46 encountered, 25 discovered, 0 enqueued
[2024-07-25T19:05:18.474+0800][86.843s][gc,ref      ] GC(4642) Weak: 131 encountered, 107 discovered, 0 enqueued
[2024-07-25T19:05:18.474+0800][86.843s][gc,ref      ] GC(4642) Final: 0 encountered, 0 discovered, 0 enqueued
[2024-07-25T19:05:18.474+0800][86.843s][gc,ref      ] GC(4642) Phantom: 184 encountered, 98 discovered, 0 enqueued
[2024-07-25T19:05:18.474+0800][86.843s][gc,reloc    ] GC(4642) Small Pages: 4 / 8M, Empty: 2M, Relocated: 0M, In-Place: 0
[2024-07-25T19:05:18.474+0800][86.843s][gc,reloc    ] GC(4642) Large Pages: 4 / 8M, Empty: 4M, Relocated: 0M, In-Place: 0
[2024-07-25T19:05:18.474+0800][86.843s][gc,reloc    ] GC(4642) Forwarding Usage: 0M
[2024-07-25T19:05:18.474+0800][86.843s][gc,heap     ] GC(4642) Min Capacity: 8M(50%)
[2024-07-25T19:05:18.474+0800][86.843s][gc,heap     ] GC(4642) Max Capacity: 16M(100%)
[2024-07-25T19:05:18.475+0800][86.843s][gc,heap     ] GC(4642) Soft Max Capacity: 16M(100%)
[2024-07-25T19:05:18.475+0800][86.844s][gc,heap     ] GC(4642)                Mark Start          Mark End        Relocate Start      Relocate End           High               Low         
[2024-07-25T19:05:18.475+0800][86.844s][gc,heap     ] GC(4642)  Capacity:       16M (100%)         16M (100%)         16M (100%)         16M (100%)         16M (100%)         16M (100%)   
[2024-07-25T19:05:18.475+0800][86.844s][gc,heap     ] GC(4642)      Free:        0M (0%)            0M (0%)            4M (25%)           2M (12%)           6M (38%)           0M (0%)     
[2024-07-25T19:05:18.475+0800][86.844s][gc,heap     ] GC(4642)      Used:       16M (100%)         16M (100%)         12M (75%)          14M (88%)          16M (100%)         10M (62%)    
[2024-07-25T19:05:18.475+0800][86.844s][gc,heap     ] GC(4642)      Live:         -                 8M (54%)           8M (54%)           8M (54%)            -                  -          
[2024-07-25T19:05:18.475+0800][86.844s][gc,heap     ] GC(4642) Allocated:         -                 0M (0%)            2M (12%)           4M (25%)            -                  -          
[2024-07-25T19:05:18.475+0800][86.844s][gc,heap     ] GC(4642)   Garbage:         -                 7M (46%)           1M (8%)            1M (8%)             -                  -          
[2024-07-25T19:05:18.475+0800][86.844s][gc,heap     ] GC(4642) Reclaimed:         -                  -                 6M (38%)           6M (38%)            -                  -          
[2024-07-25T19:05:18.475+0800][86.844s][gc          ] GC(4642) Garbage Collection (Allocation Stall) 16M(100%)->14M(88%)
[2024-07-25T19:05:18.478+0800][86.847s][gc,start    ] GC(4643) Garbage Collection (Allocation Stall)
[2024-07-25T19:05:18.478+0800][86.847s][gc,ref      ] GC(4643) Clearing All SoftReferences
[2024-07-25T19:05:18.478+0800][86.847s][gc,task     ] GC(4643) Using 1 workers
[2024-07-25T19:05:18.478+0800][86.847s][gc,phases   ] GC(4643) Pause Mark Start 0.020ms
[2024-07-25T19:05:18.486+0800][86.856s][gc,phases   ] GC(4643) Concurrent Mark 9.042ms
[2024-07-25T19:05:18.488+0800][86.857s][gc,phases   ] GC(4643) Pause Mark End 0.012ms
[2024-07-25T19:05:18.488+0800][86.857s][gc,phases   ] GC(4643) Concurrent Mark Free 0.001ms
[2024-07-25T19:05:18.489+0800][86.859s][gc,phases   ] GC(4643) Concurrent Process Non-Strong References 2.318ms
[2024-07-25T19:05:18.489+0800][86.859s][gc,phases   ] GC(4643) Concurrent Reset Relocation Set 0.001ms
[2024-07-25T19:05:18.494+0800][86.863s][gc          ] Allocation Stall (main) 16.574ms
[2024-07-25T19:05:18.494+0800][86.863s][gc,phases   ] GC(4643) Concurrent Select Relocation Set 4.141ms
[2024-07-25T19:05:18.494+0800][86.864s][gc,phases   ] GC(4643) Pause Relocate Start 0.011ms
[2024-07-25T19:05:18.494+0800][86.864s][gc,phases   ] GC(4643) Concurrent Relocate 0.072ms
[2024-07-25T19:05:18.494+0800][86.864s][gc,load     ] GC(4643) Load: 0.00/0.00/0.00
[2024-07-25T19:05:18.494+0800][86.864s][gc,mmu      ] GC(4643) MMU: 2ms/88.2%, 5ms/95.3%, 10ms/97.6%, 20ms/98.8%, 50ms/99.4%, 100ms/99.6%
[2024-07-25T19:05:18.494+0800][86.864s][gc,marking  ] GC(4643) Mark: 1 stripe(s), 1 proactive flush(es), 1 terminate flush(es), 0 completion(s), 0 continuation(s) 
[2024-07-25T19:05:18.494+0800][86.864s][gc,marking  ] GC(4643) Mark Stack Usage: 32M
[2024-07-25T19:05:18.494+0800][86.864s][gc,nmethod  ] GC(4643) NMethods: 535 registered, 0 unregistered
[2024-07-25T19:05:18.494+0800][86.864s][gc,metaspace] GC(4643) Metaspace: 1M used, 1M committed, 1088M reserved
[2024-07-25T19:05:18.494+0800][86.864s][gc,ref      ] GC(4643) Soft: 46 encountered, 25 discovered, 0 enqueued
[2024-07-25T19:05:18.494+0800][86.864s][gc,ref      ] GC(4643) Weak: 131 encountered, 107 discovered, 0 enqueued
[2024-07-25T19:05:18.494+0800][86.864s][gc,ref      ] GC(4643) Final: 0 encountered, 0 discovered, 0 enqueued
[2024-07-25T19:05:18.494+0800][86.864s][gc,ref      ] GC(4643) Phantom: 184 encountered, 98 discovered, 0 enqueued
[2024-07-25T19:05:18.495+0800][86.864s][gc,reloc    ] GC(4643) Small Pages: 4 / 8M, Empty: 2M, Relocated: 0M, In-Place: 0
[2024-07-25T19:05:18.495+0800][86.865s][gc,reloc    ] GC(4643) Large Pages: 4 / 8M, Empty: 4M, Relocated: 0M, In-Place: 0
[2024-07-25T19:05:18.495+0800][86.865s][gc,reloc    ] GC(4643) Forwarding Usage: 0M
[2024-07-25T19:05:18.495+0800][86.865s][gc,heap     ] GC(4643) Min Capacity: 8M(50%)
[2024-07-25T19:05:18.495+0800][86.865s][gc,heap     ] GC(4643) Max Capacity: 16M(100%)
[2024-07-25T19:05:18.495+0800][86.865s][gc,heap     ] GC(4643) Soft Max Capacity: 16M(100%)
[2024-07-25T19:05:18.495+0800][86.865s][gc,heap     ] GC(4643)                Mark Start          Mark End        Relocate Start      Relocate End           High               Low         
[2024-07-25T19:05:18.495+0800][86.865s][gc,heap     ] GC(4643)  Capacity:       16M (100%)         16M (100%)         16M (100%)         16M (100%)         16M (100%)         16M (100%)   
[2024-07-25T19:05:18.495+0800][86.865s][gc,heap     ] GC(4643)      Free:        0M (0%)            0M (0%)            4M (25%)           4M (25%)           6M (38%)           0M (0%)     
[2024-07-25T19:05:18.495+0800][86.865s][gc,heap     ] GC(4643)      Used:       16M (100%)         16M (100%)         12M (75%)          12M (75%)          16M (100%)         10M (62%)    
[2024-07-25T19:05:18.495+0800][86.865s][gc,heap     ] GC(4643)      Live:         -                 8M (54%)           8M (54%)           8M (54%)            -                  -          
[2024-07-25T19:05:18.495+0800][86.865s][gc,heap     ] GC(4643) Allocated:         -                 0M (0%)            2M (12%)           2M (12%)            -                  -          
[2024-07-25T19:05:18.495+0800][86.865s][gc,heap     ] GC(4643)   Garbage:         -                 7M (46%)           1M (8%)            1M (8%)             -                  -          
[2024-07-25T19:05:18.495+0800][86.865s][gc,heap     ] GC(4643) Reclaimed:         -                  -                 6M (38%)           6M (38%)            -                  -          
[2024-07-25T19:05:18.495+0800][86.865s][gc          ] GC(4643) Garbage Collection (Allocation Stall) 16M(100%)->12M(75%)
[2024-07-25T19:05:18.501+0800][86.870s][gc,start    ] GC(4644) Garbage Collection (Allocation Stall)
[2024-07-25T19:05:18.501+0800][86.870s][gc,ref      ] GC(4644) Clearing All SoftReferences
[2024-07-25T19:05:18.501+0800][86.870s][gc,task     ] GC(4644) Using 1 workers
[2024-07-25T19:05:18.501+0800][86.870s][gc,phases   ] GC(4644) Pause Mark Start 0.011ms
[2024-07-25T19:05:18.510+0800][86.878s][gc,phases   ] GC(4644) Concurrent Mark 8.496ms
[2024-07-25T19:05:18.510+0800][86.879s][gc,phases   ] GC(4644) Pause Mark End 0.016ms
[2024-07-25T19:05:18.510+0800][86.879s][gc,phases   ] GC(4644) Concurrent Mark Free 0.001ms
[2024-07-25T19:05:18.512+0800][86.881s][gc,phases   ] GC(4644) Concurrent Process Non-Strong References 2.121ms
[2024-07-25T19:05:18.512+0800][86.881s][gc,phases   ] GC(4644) Concurrent Reset Relocation Set 0.001ms
[2024-07-25T19:05:18.515+0800][86.885s][gc          ] Allocation Stall (main) 15.120ms
[2024-07-25T19:05:18.515+0800][86.885s][gc,phases   ] GC(4644) Concurrent Select Relocation Set 3.469ms
[2024-07-25T19:05:18.516+0800][86.885s][gc,phases   ] GC(4644) Pause Relocate Start 0.011ms
[2024-07-25T19:05:18.516+0800][86.885s][gc,phases   ] GC(4644) Concurrent Relocate 0.066ms
[2024-07-25T19:05:18.516+0800][86.885s][gc,load     ] GC(4644) Load: 0.00/0.00/0.00
[2024-07-25T19:05:18.516+0800][86.885s][gc,mmu      ] GC(4644) MMU: 2ms/88.2%, 5ms/95.3%, 10ms/97.6%, 20ms/98.8%, 50ms/99.4%, 100ms/99.6%
[2024-07-25T19:05:18.516+0800][86.885s][gc,marking  ] GC(4644) Mark: 1 stripe(s), 1 proactive flush(es), 1 terminate flush(es), 0 completion(s), 0 continuation(s) 
[2024-07-25T19:05:18.516+0800][86.885s][gc,marking  ] GC(4644) Mark Stack Usage: 32M
[2024-07-25T19:05:18.516+0800][86.885s][gc,nmethod  ] GC(4644) NMethods: 535 registered, 0 unregistered
[2024-07-25T19:05:18.516+0800][86.885s][gc,metaspace] GC(4644) Metaspace: 1M used, 1M committed, 1088M reserved
[2024-07-25T19:05:18.516+0800][86.885s][gc,ref      ] GC(4644) Soft: 46 encountered, 25 discovered, 0 enqueued
[2024-07-25T19:05:18.517+0800][86.885s][gc,ref      ] GC(4644) Weak: 131 encountered, 107 discovered, 0 enqueued
[2024-07-25T19:05:18.517+0800][86.886s][gc,ref      ] GC(4644) Final: 0 encountered, 0 discovered, 0 enqueued
[2024-07-25T19:05:18.517+0800][86.886s][gc,ref      ] GC(4644) Phantom: 184 encountered, 98 discovered, 0 enqueued
[2024-07-25T19:05:18.517+0800][86.886s][gc,reloc    ] GC(4644) Small Pages: 4 / 8M, Empty: 2M, Relocated: 0M, In-Place: 0
[2024-07-25T19:05:18.517+0800][86.886s][gc,reloc    ] GC(4644) Large Pages: 4 / 8M, Empty: 4M, Relocated: 0M, In-Place: 0
[2024-07-25T19:05:18.517+0800][86.886s][gc,reloc    ] GC(4644) Forwarding Usage: 0M
[2024-07-25T19:05:18.517+0800][86.886s][gc,heap     ] GC(4644) Min Capacity: 8M(50%)
[2024-07-25T19:05:18.517+0800][86.886s][gc,heap     ] GC(4644) Max Capacity: 16M(100%)
[2024-07-25T19:05:18.517+0800][86.886s][gc,heap     ] GC(4644) Soft Max Capacity: 16M(100%)
[2024-07-25T19:05:18.517+0800][86.886s][gc,heap     ] GC(4644)                Mark Start          Mark End        Relocate Start      Relocate End           High               Low         
[2024-07-25T19:05:18.517+0800][86.886s][gc,heap     ] GC(4644)  Capacity:       16M (100%)         16M (100%)         16M (100%)         16M (100%)         16M (100%)         16M (100%)   
[2024-07-25T19:05:18.517+0800][86.886s][gc,heap     ] GC(4644)      Free:        0M (0%)            0M (0%)            4M (25%)           4M (25%)           6M (38%)           0M (0%)     
[2024-07-25T19:05:18.517+0800][86.886s][gc,heap     ] GC(4644)      Used:       16M (100%)         16M (100%)         12M (75%)          12M (75%)          16M (100%)         10M (62%)    
[2024-07-25T19:05:18.517+0800][86.886s][gc,heap     ] GC(4644)      Live:         -                 8M (54%)           8M (54%)           8M (54%)            -                  -          
[2024-07-25T19:05:18.517+0800][86.886s][gc,heap     ] GC(4644) Allocated:         -                 0M (0%)            2M (12%)           2M (12%)            -                  -          
[2024-07-25T19:05:18.517+0800][86.886s][gc,heap     ] GC(4644)   Garbage:         -                 7M (46%)           1M (8%)            1M (8%)             -                  -          
[2024-07-25T19:05:18.517+0800][86.886s][gc,heap     ] GC(4644) Reclaimed:         -                  -                 6M (38%)           6M (38%)            -                  -          
[2024-07-25T19:05:18.517+0800][86.886s][gc          ] GC(4644) Garbage Collection (Allocation Stall) 16M(100%)->12M(75%)
[2024-07-25T19:05:18.520+0800][86.889s][gc,start    ] GC(4645) Garbage Collection (Allocation Stall)
[2024-07-25T19:05:18.520+0800][86.889s][gc,ref      ] GC(4645) Clearing All SoftReferences
[2024-07-25T19:05:18.520+0800][86.889s][gc,task     ] GC(4645) Using 1 workers
[2024-07-25T19:05:18.520+0800][86.889s][gc,phases   ] GC(4645) Pause Mark Start 0.011ms
[2024-07-25T19:05:18.528+0800][86.898s][gc,phases   ] GC(4645) Concurrent Mark 8.940ms
[2024-07-25T19:05:18.529+0800][86.898s][gc,phases   ] GC(4645) Pause Mark End 0.015ms
[2024-07-25T19:05:18.529+0800][86.898s][gc,phases   ] GC(4645) Concurrent Mark Free 0.002ms
[2024-07-25T19:05:18.531+0800][86.900s][gc,phases   ] GC(4645) Concurrent Process Non-Strong References 2.013ms
[2024-07-25T19:05:18.531+0800][86.901s][gc,phases   ] GC(4645) Concurrent Reset Relocation Set 0.001ms
[2024-07-25T19:05:18.536+0800][86.906s][gc          ] Allocation Stall (main) 16.985ms
[2024-07-25T19:05:18.536+0800][86.906s][gc,phases   ] GC(4645) Concurrent Select Relocation Set 4.983ms
[2024-07-25T19:05:18.536+0800][86.906s][gc,phases   ] GC(4645) Pause Relocate Start 0.013ms
[2024-07-25T19:05:18.537+0800][86.906s][gc,phases   ] GC(4645) Concurrent Relocate 0.123ms
[2024-07-25T19:05:18.537+0800][86.906s][gc,load     ] GC(4645) Load: 0.00/0.00/0.00
[2024-07-25T19:05:18.537+0800][86.906s][gc,mmu      ] GC(4645) MMU: 2ms/88.2%, 5ms/95.3%, 10ms/97.6%, 20ms/98.8%, 50ms/99.4%, 100ms/99.6%
[2024-07-25T19:05:18.537+0800][86.906s][gc,marking  ] GC(4645) Mark: 1 stripe(s), 1 proactive flush(es), 1 terminate flush(es), 0 completion(s), 0 continuation(s) 
[2024-07-25T19:05:18.537+0800][86.907s][gc,marking  ] GC(4645) Mark Stack Usage: 32M
[2024-07-25T19:05:18.537+0800][86.907s][gc,nmethod  ] GC(4645) NMethods: 535 registered, 0 unregistered
[2024-07-25T19:05:18.537+0800][86.907s][gc,metaspace] GC(4645) Metaspace: 1M used, 1M committed, 1088M reserved
[2024-07-25T19:05:18.537+0800][86.907s][gc,ref      ] GC(4645) Soft: 46 encountered, 25 discovered, 0 enqueued
[2024-07-25T19:05:18.537+0800][86.907s][gc,ref      ] GC(4645) Weak: 131 encountered, 107 discovered, 0 enqueued
[2024-07-25T19:05:18.537+0800][86.907s][gc,ref      ] GC(4645) Final: 0 encountered, 0 discovered, 0 enqueued
[2024-07-25T19:05:18.537+0800][86.907s][gc,ref      ] GC(4645) Phantom: 184 encountered, 98 discovered, 0 enqueued
[2024-07-25T19:05:18.537+0800][86.907s][gc,reloc    ] GC(4645) Small Pages: 4 / 8M, Empty: 2M, Relocated: 0M, In-Place: 0
[2024-07-25T19:05:18.537+0800][86.907s][gc,reloc    ] GC(4645) Large Pages: 4 / 8M, Empty: 4M, Relocated: 0M, In-Place: 0
[2024-07-25T19:05:18.537+0800][86.907s][gc,reloc    ] GC(4645) Forwarding Usage: 0M
[2024-07-25T19:05:18.537+0800][86.907s][gc,heap     ] GC(4645) Min Capacity: 8M(50%)
[2024-07-25T19:05:18.537+0800][86.907s][gc,heap     ] GC(4645) Max Capacity: 16M(100%)
[2024-07-25T19:05:18.537+0800][86.907s][gc,heap     ] GC(4645) Soft Max Capacity: 16M(100%)
[2024-07-25T19:05:18.537+0800][86.907s][gc,heap     ] GC(4645)                Mark Start          Mark End        Relocate Start      Relocate End           High               Low         
[2024-07-25T19:05:18.537+0800][86.907s][gc,heap     ] GC(4645)  Capacity:       16M (100%)         16M (100%)         16M (100%)         16M (100%)         16M (100%)         16M (100%)   
[2024-07-25T19:05:18.537+0800][86.907s][gc,heap     ] GC(4645)      Free:        0M (0%)            0M (0%)            2M (12%)           2M (12%)           6M (38%)           0M (0%)     
[2024-07-25T19:05:18.537+0800][86.907s][gc,heap     ] GC(4645)      Used:       16M (100%)         16M (100%)         14M (88%)          14M (88%)          16M (100%)         10M (62%)    
[2024-07-25T19:05:18.537+0800][86.907s][gc,heap     ] GC(4645)      Live:         -                 8M (54%)           8M (54%)           8M (54%)            -                  -          
[2024-07-25T19:05:18.537+0800][86.907s][gc,heap     ] GC(4645) Allocated:         -                 0M (0%)            4M (25%)           4M (25%)            -                  -          
[2024-07-25T19:05:18.538+0800][86.907s][gc,heap     ] GC(4645)   Garbage:         -                 7M (46%)           1M (8%)            1M (8%)             -                  -          
[2024-07-25T19:05:18.538+0800][86.907s][gc,heap     ] GC(4645) Reclaimed:         -                  -                 6M (38%)           6M (38%)            -                  -          
[2024-07-25T19:05:18.538+0800][86.907s][gc          ] GC(4645) Garbage Collection (Allocation Stall) 16M(100%)->14M(88%)
[2024-07-25T19:05:18.540+0800][86.909s][gc,start    ] GC(4646) Garbage Collection (Allocation Stall)
[2024-07-25T19:05:18.540+0800][86.909s][gc,ref      ] GC(4646) Clearing All SoftReferences
[2024-07-25T19:05:18.540+0800][86.909s][gc,task     ] GC(4646) Using 1 workers
[2024-07-25T19:05:18.540+0800][86.910s][gc,phases   ] GC(4646) Pause Mark Start 0.011ms
[2024-07-25T19:05:18.549+0800][86.918s][gc,phases   ] GC(4646) Concurrent Mark 8.624ms
[2024-07-25T19:05:18.549+0800][86.919s][gc,phases   ] GC(4646) Pause Mark End 0.015ms
[2024-07-25T19:05:18.549+0800][86.919s][gc,phases   ] GC(4646) Concurrent Mark Free 0.001ms
[2024-07-25T19:05:18.552+0800][86.922s][gc,phases   ] GC(4646) Concurrent Process Non-Strong References 2.839ms
[2024-07-25T19:05:18.552+0800][86.922s][gc,phases   ] GC(4646) Concurrent Reset Relocation Set 0.001ms
[2024-07-25T19:05:18.556+0800][86.926s][gc          ] Allocation Stall (main) 16.291ms
[2024-07-25T19:05:18.556+0800][86.926s][gc,phases   ] GC(4646) Concurrent Select Relocation Set 3.783ms
[2024-07-25T19:05:18.557+0800][86.926s][gc,phases   ] GC(4646) Pause Relocate Start 0.018ms
[2024-07-25T19:05:18.557+0800][86.926s][gc,phases   ] GC(4646) Concurrent Relocate 0.067ms
[2024-07-25T19:05:18.557+0800][86.926s][gc,load     ] GC(4646) Load: 0.00/0.00/0.00
[2024-07-25T19:05:18.557+0800][86.926s][gc,mmu      ] GC(4646) MMU: 2ms/88.2%, 5ms/95.3%, 10ms/97.6%, 20ms/98.8%, 50ms/99.4%, 100ms/99.6%
[2024-07-25T19:05:18.557+0800][86.926s][gc,marking  ] GC(4646) Mark: 1 stripe(s), 1 proactive flush(es), 1 terminate flush(es), 0 completion(s), 0 continuation(s) 
[2024-07-25T19:05:18.557+0800][86.926s][gc,marking  ] GC(4646) Mark Stack Usage: 32M
[2024-07-25T19:05:18.557+0800][86.926s][gc,nmethod  ] GC(4646) NMethods: 535 registered, 0 unregistered
[2024-07-25T19:05:18.557+0800][86.926s][gc,metaspace] GC(4646) Metaspace: 1M used, 1M committed, 1088M reserved
[2024-07-25T19:05:18.557+0800][86.926s][gc,ref      ] GC(4646) Soft: 46 encountered, 25 discovered, 0 enqueued
[2024-07-25T19:05:18.557+0800][86.927s][gc,ref      ] GC(4646) Weak: 131 encountered, 107 discovered, 0 enqueued
[2024-07-25T19:05:18.557+0800][86.927s][gc,ref      ] GC(4646) Final: 0 encountered, 0 discovered, 0 enqueued
[2024-07-25T19:05:18.557+0800][86.927s][gc,ref      ] GC(4646) Phantom: 184 encountered, 98 discovered, 0 enqueued
[2024-07-25T19:05:18.557+0800][86.927s][gc,reloc    ] GC(4646) Small Pages: 4 / 8M, Empty: 2M, Relocated: 0M, In-Place: 0
[2024-07-25T19:05:18.557+0800][86.927s][gc,reloc    ] GC(4646) Large Pages: 4 / 8M, Empty: 4M, Relocated: 0M, In-Place: 0
[2024-07-25T19:05:18.557+0800][86.927s][gc,reloc    ] GC(4646) Forwarding Usage: 0M
[2024-07-25T19:05:18.557+0800][86.927s][gc,heap     ] GC(4646) Min Capacity: 8M(50%)
[2024-07-25T19:05:18.557+0800][86.927s][gc,heap     ] GC(4646) Max Capacity: 16M(100%)
[2024-07-25T19:05:18.557+0800][86.927s][gc,heap     ] GC(4646) Soft Max Capacity: 16M(100%)
[2024-07-25T19:05:18.557+0800][86.927s][gc,heap     ] GC(4646)                Mark Start          Mark End        Relocate Start      Relocate End           High               Low         
[2024-07-25T19:05:18.557+0800][86.927s][gc,heap     ] GC(4646)  Capacity:       16M (100%)         16M (100%)         16M (100%)         16M (100%)         16M (100%)         16M (100%)   
[2024-07-25T19:05:18.557+0800][86.927s][gc,heap     ] GC(4646)      Free:        0M (0%)            0M (0%)            4M (25%)           4M (25%)           6M (38%)           0M (0%)     
[2024-07-25T19:05:18.557+0800][86.927s][gc,heap     ] GC(4646)      Used:       16M (100%)         16M (100%)         12M (75%)          12M (75%)          16M (100%)         10M (62%)    
[2024-07-25T19:05:18.558+0800][86.927s][gc,heap     ] GC(4646)      Live:         -                 8M (54%)           8M (54%)           8M (54%)            -                  -          
[2024-07-25T19:05:18.558+0800][86.927s][gc,heap     ] GC(4646) Allocated:         -                 0M (0%)            2M (12%)           2M (12%)            -                  -          
[2024-07-25T19:05:18.558+0800][86.928s][gc,heap     ] GC(4646)   Garbage:         -                 7M (46%)           1M (8%)            1M (8%)             -                  -          
[2024-07-25T19:05:18.558+0800][86.928s][gc,heap     ] GC(4646) Reclaimed:         -                  -                 6M (38%)           6M (38%)            -                  -          
[2024-07-25T19:05:18.558+0800][86.928s][gc          ] GC(4646) Garbage Collection (Allocation Stall) 16M(100%)->12M(75%)
[2024-07-25T19:05:18.560+0800][86.929s][gc,start    ] GC(4647) Garbage Collection (Allocation Stall)
[2024-07-25T19:05:18.560+0800][86.929s][gc,ref      ] GC(4647) Clearing All SoftReferences
[2024-07-25T19:05:18.560+0800][86.929s][gc,task     ] GC(4647) Using 1 workers
[2024-07-25T19:05:18.560+0800][86.929s][gc,phases   ] GC(4647) Pause Mark Start 0.010ms
[2024-07-25T19:05:18.568+0800][86.937s][gc,phases   ] GC(4647) Concurrent Mark 7.908ms
[2024-07-25T19:05:18.568+0800][86.938s][gc,phases   ] GC(4647) Pause Mark End 0.015ms
[2024-07-25T19:05:18.568+0800][86.938s][gc,phases   ] GC(4647) Concurrent Mark Free 0.002ms
[2024-07-25T19:05:18.571+0800][86.940s][gc,phases   ] GC(4647) Concurrent Process Non-Strong References 2.207ms
[2024-07-25T19:05:18.571+0800][86.940s][gc,phases   ] GC(4647) Concurrent Reset Relocation Set 0.001ms
[2024-07-25T19:05:18.576+0800][86.945s][gc          ] Allocation Stall (main) 16.227ms
[2024-07-25T19:05:18.576+0800][86.945s][gc,phases   ] GC(4647) Concurrent Select Relocation Set 5.079ms
[2024-07-25T19:05:18.577+0800][86.946s][gc,phases   ] GC(4647) Pause Relocate Start 0.019ms
[2024-07-25T19:05:18.577+0800][86.946s][gc,phases   ] GC(4647) Concurrent Relocate 0.070ms
[2024-07-25T19:05:18.577+0800][86.946s][gc,load     ] GC(4647) Load: 0.00/0.00/0.00
[2024-07-25T19:05:18.577+0800][86.946s][gc,mmu      ] GC(4647) MMU: 2ms/88.2%, 5ms/95.3%, 10ms/97.6%, 20ms/98.8%, 50ms/99.4%, 100ms/99.6%
[2024-07-25T19:05:18.577+0800][86.946s][gc,marking  ] GC(4647) Mark: 1 stripe(s), 1 proactive flush(es), 1 terminate flush(es), 0 completion(s), 0 continuation(s) 
[2024-07-25T19:05:18.577+0800][86.946s][gc,marking  ] GC(4647) Mark Stack Usage: 32M
[2024-07-25T19:05:18.577+0800][86.946s][gc,nmethod  ] GC(4647) NMethods: 535 registered, 0 unregistered
[2024-07-25T19:05:18.577+0800][86.946s][gc,metaspace] GC(4647) Metaspace: 1M used, 1M committed, 1088M reserved
[2024-07-25T19:05:18.577+0800][86.946s][gc,ref      ] GC(4647) Soft: 46 encountered, 25 discovered, 0 enqueued
[2024-07-25T19:05:18.577+0800][86.947s][gc,ref      ] GC(4647) Weak: 131 encountered, 107 discovered, 0 enqueued
[2024-07-25T19:05:18.577+0800][86.947s][gc,ref      ] GC(4647) Final: 0 encountered, 0 discovered, 0 enqueued
[2024-07-25T19:05:18.577+0800][86.947s][gc,ref      ] GC(4647) Phantom: 184 encountered, 98 discovered, 0 enqueued
[2024-07-25T19:05:18.577+0800][86.947s][gc,reloc    ] GC(4647) Small Pages: 4 / 8M, Empty: 2M, Relocated: 0M, In-Place: 0
[2024-07-25T19:05:18.578+0800][86.947s][gc,reloc    ] GC(4647) Large Pages: 4 / 8M, Empty: 4M, Relocated: 0M, In-Place: 0
[2024-07-25T19:05:18.578+0800][86.947s][gc,reloc    ] GC(4647) Forwarding Usage: 0M
[2024-07-25T19:05:18.578+0800][86.947s][gc,heap     ] GC(4647) Min Capacity: 8M(50%)
[2024-07-25T19:05:18.578+0800][86.947s][gc,heap     ] GC(4647) Max Capacity: 16M(100%)
[2024-07-25T19:05:18.578+0800][86.947s][gc,heap     ] GC(4647) Soft Max Capacity: 16M(100%)
[2024-07-25T19:05:18.578+0800][86.947s][gc,heap     ] GC(4647)                Mark Start          Mark End        Relocate Start      Relocate End           High               Low         
[2024-07-25T19:05:18.578+0800][86.947s][gc,heap     ] GC(4647)  Capacity:       16M (100%)         16M (100%)         16M (100%)         16M (100%)         16M (100%)         16M (100%)   
[2024-07-25T19:05:18.578+0800][86.947s][gc,heap     ] GC(4647)      Free:        0M (0%)            0M (0%)            4M (25%)           4M (25%)           6M (38%)           0M (0%)     
[2024-07-25T19:05:18.578+0800][86.947s][gc,heap     ] GC(4647)      Used:       16M (100%)         16M (100%)         12M (75%)          12M (75%)          16M (100%)         10M (62%)    
[2024-07-25T19:05:18.578+0800][86.947s][gc,heap     ] GC(4647)      Live:         -                 8M (54%)           8M (54%)           8M (54%)            -                  -          
[2024-07-25T19:05:18.578+0800][86.947s][gc,heap     ] GC(4647) Allocated:         -                 0M (0%)            2M (12%)           2M (12%)            -                  -          
[2024-07-25T19:05:18.578+0800][86.947s][gc,heap     ] GC(4647)   Garbage:         -                 7M (46%)           1M (8%)            1M (8%)             -                  -          
[2024-07-25T19:05:18.578+0800][86.947s][gc,heap     ] GC(4647) Reclaimed:         -                  -                 6M (38%)           6M (38%)            -                  -          
[2024-07-25T19:05:18.578+0800][86.947s][gc          ] GC(4647) Garbage Collection (Allocation Stall) 16M(100%)->12M(75%)
[2024-07-25T19:05:18.581+0800][86.950s][gc,start    ] GC(4648) Garbage Collection (Allocation Stall)
[2024-07-25T19:05:18.581+0800][86.950s][gc,ref      ] GC(4648) Clearing All SoftReferences
[2024-07-25T19:05:18.581+0800][86.950s][gc,task     ] GC(4648) Using 1 workers
[2024-07-25T19:05:18.581+0800][86.950s][gc,phases   ] GC(4648) Pause Mark Start 0.011ms
[2024-07-25T19:05:18.592+0800][86.961s][gc,phases   ] GC(4648) Concurrent Mark 11.181ms
[2024-07-25T19:05:18.592+0800][86.962s][gc,phases   ] GC(4648) Pause Mark End 0.013ms
[2024-07-25T19:05:18.593+0800][86.962s][gc,phases   ] GC(4648) Concurrent Mark Free 0.002ms
[2024-07-25T19:05:18.595+0800][86.964s][gc,phases   ] GC(4648) Concurrent Process Non-Strong References 1.918ms
[2024-07-25T19:05:18.595+0800][86.964s][gc,phases   ] GC(4648) Concurrent Reset Relocation Set 0.001ms
[2024-07-25T19:05:18.598+0800][86.967s][gc          ] Allocation Stall (main) 17.737ms
[2024-07-25T19:05:18.598+0800][86.967s][gc,phases   ] GC(4648) Concurrent Select Relocation Set 3.530ms
[2024-07-25T19:05:18.598+0800][86.968s][gc,phases   ] GC(4648) Pause Relocate Start 0.009ms
[2024-07-25T19:05:18.599+0800][86.968s][gc,phases   ] GC(4648) Concurrent Relocate 0.132ms
[2024-07-25T19:05:18.599+0800][86.968s][gc,load     ] GC(4648) Load: 0.00/0.00/0.00
[2024-07-25T19:05:18.599+0800][86.968s][gc,mmu      ] GC(4648) MMU: 2ms/88.2%, 5ms/95.3%, 10ms/97.6%, 20ms/98.8%, 50ms/99.4%, 100ms/99.6%
[2024-07-25T19:05:18.599+0800][86.968s][gc,marking  ] GC(4648) Mark: 1 stripe(s), 1 proactive flush(es), 1 terminate flush(es), 0 completion(s), 0 continuation(s) 
[2024-07-25T19:05:18.599+0800][86.968s][gc,marking  ] GC(4648) Mark Stack Usage: 32M
[2024-07-25T19:05:18.599+0800][86.968s][gc,nmethod  ] GC(4648) NMethods: 535 registered, 0 unregistered
[2024-07-25T19:05:18.599+0800][86.968s][gc,metaspace] GC(4648) Metaspace: 1M used, 1M committed, 1088M reserved
[2024-07-25T19:05:18.599+0800][86.968s][gc,ref      ] GC(4648) Soft: 46 encountered, 25 discovered, 0 enqueued
[2024-07-25T19:05:18.599+0800][86.968s][gc,ref      ] GC(4648) Weak: 131 encountered, 107 discovered, 0 enqueued
[2024-07-25T19:05:18.599+0800][86.968s][gc,ref      ] GC(4648) Final: 0 encountered, 0 discovered, 0 enqueued
[2024-07-25T19:05:18.599+0800][86.968s][gc,ref      ] GC(4648) Phantom: 184 encountered, 98 discovered, 0 enqueued
[2024-07-25T19:05:18.599+0800][86.968s][gc,reloc    ] GC(4648) Small Pages: 4 / 8M, Empty: 2M, Relocated: 0M, In-Place: 0
[2024-07-25T19:05:18.599+0800][86.968s][gc,reloc    ] GC(4648) Large Pages: 4 / 8M, Empty: 4M, Relocated: 0M, In-Place: 0
[2024-07-25T19:05:18.599+0800][86.968s][gc,reloc    ] GC(4648) Forwarding Usage: 0M
[2024-07-25T19:05:18.599+0800][86.968s][gc,heap     ] GC(4648) Min Capacity: 8M(50%)
[2024-07-25T19:05:18.599+0800][86.968s][gc,heap     ] GC(4648) Max Capacity: 16M(100%)
[2024-07-25T19:05:18.599+0800][86.968s][gc,heap     ] GC(4648) Soft Max Capacity: 16M(100%)
[2024-07-25T19:05:18.599+0800][86.968s][gc,heap     ] GC(4648)                Mark Start          Mark End        Relocate Start      Relocate End           High               Low         
[2024-07-25T19:05:18.599+0800][86.968s][gc,heap     ] GC(4648)  Capacity:       16M (100%)         16M (100%)         16M (100%)         16M (100%)         16M (100%)         16M (100%)   
[2024-07-25T19:05:18.599+0800][86.968s][gc,heap     ] GC(4648)      Free:        0M (0%)            0M (0%)            2M (12%)           2M (12%)           6M (38%)           0M (0%)     
[2024-07-25T19:05:18.599+0800][86.968s][gc,heap     ] GC(4648)      Used:       16M (100%)         16M (100%)         14M (88%)          14M (88%)          16M (100%)         10M (62%)    
[2024-07-25T19:05:18.599+0800][86.969s][gc,heap     ] GC(4648)      Live:         -                 8M (54%)           8M (54%)           8M (54%)            -                  -          
[2024-07-25T19:05:18.599+0800][86.969s][gc,heap     ] GC(4648) Allocated:         -                 0M (0%)            4M (25%)           4M (25%)            -                  -          
[2024-07-25T19:05:18.599+0800][86.969s][gc,heap     ] GC(4648)   Garbage:         -                 7M (46%)           1M (8%)            1M (8%)             -                  -          
[2024-07-25T19:05:18.599+0800][86.969s][gc,heap     ] GC(4648) Reclaimed:         -                  -                 6M (38%)           6M (38%)            -                  -          
[2024-07-25T19:05:18.599+0800][86.969s][gc          ] GC(4648) Garbage Collection (Allocation Stall) 16M(100%)->14M(88%)
[2024-07-25T19:05:18.603+0800][86.972s][gc,start    ] GC(4649) Garbage Collection (Allocation Stall)
[2024-07-25T19:05:18.603+0800][86.972s][gc,ref      ] GC(4649) Clearing All SoftReferences
[2024-07-25T19:05:18.603+0800][86.972s][gc,task     ] GC(4649) Using 1 workers
[2024-07-25T19:05:18.603+0800][86.972s][gc,phases   ] GC(4649) Pause Mark Start 0.007ms
[2024-07-25T19:05:18.609+0800][86.978s][gc,phases   ] GC(4649) Concurrent Mark 5.335ms
[2024-07-25T19:05:18.609+0800][86.978s][gc,phases   ] GC(4649) Pause Mark End 0.028ms
[2024-07-25T19:05:18.609+0800][86.978s][gc,phases   ] GC(4649) Concurrent Mark Free 0.001ms
[2024-07-25T19:05:18.611+0800][86.980s][gc,phases   ] GC(4649) Concurrent Process Non-Strong References 1.703ms
[2024-07-25T19:05:18.611+0800][86.980s][gc,phases   ] GC(4649) Concurrent Reset Relocation Set 0.001ms
[2024-07-25T19:05:18.613+0800][86.982s][gc          ] Allocation Stall (main) 10.198ms
[2024-07-25T19:05:18.613+0800][86.982s][gc,phases   ] GC(4649) Concurrent Select Relocation Set 2.362ms
[2024-07-25T19:05:18.613+0800][86.982s][gc,phases   ] GC(4649) Pause Relocate Start 0.009ms
[2024-07-25T19:05:18.613+0800][86.983s][gc,phases   ] GC(4649) Concurrent Relocate 0.148ms
[2024-07-25T19:05:18.614+0800][86.983s][gc,load     ] GC(4649) Load: 0.00/0.00/0.00
[2024-07-25T19:05:18.614+0800][86.983s][gc,mmu      ] GC(4649) MMU: 2ms/88.2%, 5ms/95.3%, 10ms/97.6%, 20ms/98.8%, 50ms/99.4%, 100ms/99.6%
[2024-07-25T19:05:18.614+0800][86.983s][gc,marking  ] GC(4649) Mark: 1 stripe(s), 1 proactive flush(es), 1 terminate flush(es), 0 completion(s), 0 continuation(s) 
[2024-07-25T19:05:18.614+0800][86.983s][gc,marking  ] GC(4649) Mark Stack Usage: 32M
[2024-07-25T19:05:18.614+0800][86.983s][gc,nmethod  ] GC(4649) NMethods: 535 registered, 0 unregistered
[2024-07-25T19:05:18.614+0800][86.983s][gc,metaspace] GC(4649) Metaspace: 1M used, 1M committed, 1088M reserved
[2024-07-25T19:05:18.614+0800][86.983s][gc,ref      ] GC(4649) Soft: 46 encountered, 25 discovered, 0 enqueued
[2024-07-25T19:05:18.614+0800][86.983s][gc,ref      ] GC(4649) Weak: 131 encountered, 107 discovered, 0 enqueued
[2024-07-25T19:05:18.614+0800][86.983s][gc,ref      ] GC(4649) Final: 0 encountered, 0 discovered, 0 enqueued
[2024-07-25T19:05:18.614+0800][86.983s][gc,ref      ] GC(4649) Phantom: 184 encountered, 98 discovered, 0 enqueued
[2024-07-25T19:05:18.614+0800][86.983s][gc,reloc    ] GC(4649) Small Pages: 4 / 8M, Empty: 2M, Relocated: 0M, In-Place: 0
[2024-07-25T19:05:18.614+0800][86.983s][gc,reloc    ] GC(4649) Large Pages: 4 / 8M, Empty: 4M, Relocated: 0M, In-Place: 0
[2024-07-25T19:05:18.614+0800][86.983s][gc,reloc    ] GC(4649) Forwarding Usage: 0M
[2024-07-25T19:05:18.614+0800][86.983s][gc,heap     ] GC(4649) Min Capacity: 8M(50%)
[2024-07-25T19:05:18.614+0800][86.983s][gc,heap     ] GC(4649) Max Capacity: 16M(100%)
[2024-07-25T19:05:18.614+0800][86.983s][gc,heap     ] GC(4649) Soft Max Capacity: 16M(100%)
[2024-07-25T19:05:18.614+0800][86.983s][gc,heap     ] GC(4649)                Mark Start          Mark End        Relocate Start      Relocate End           High               Low         
[2024-07-25T19:05:18.614+0800][86.983s][gc,heap     ] GC(4649)  Capacity:       16M (100%)         16M (100%)         16M (100%)         16M (100%)         16M (100%)         16M (100%)   
[2024-07-25T19:05:18.614+0800][86.983s][gc,heap     ] GC(4649)      Free:        0M (0%)            0M (0%)            2M (12%)           2M (12%)           6M (38%)           0M (0%)     
[2024-07-25T19:05:18.614+0800][86.983s][gc,heap     ] GC(4649)      Used:       16M (100%)         16M (100%)         14M (88%)          14M (88%)          16M (100%)         10M (62%)    
[2024-07-25T19:05:18.614+0800][86.983s][gc,heap     ] GC(4649)      Live:         -                 8M (54%)           8M (54%)           8M (54%)            -                  -          
[2024-07-25T19:05:18.614+0800][86.983s][gc,heap     ] GC(4649) Allocated:         -                 0M (0%)            4M (25%)           4M (25%)            -                  -          
[2024-07-25T19:05:18.614+0800][86.983s][gc,heap     ] GC(4649)   Garbage:         -                 7M (46%)           1M (8%)            1M (8%)             -                  -          
[2024-07-25T19:05:18.614+0800][86.983s][gc,heap     ] GC(4649) Reclaimed:         -                  -                 6M (38%)           6M (38%)            -                  -          
[2024-07-25T19:05:18.614+0800][86.983s][gc          ] GC(4649) Garbage Collection (Allocation Stall) 16M(100%)->14M(88%)
[2024-07-25T19:05:18.617+0800][86.986s][gc,start    ] GC(4650) Garbage Collection (Allocation Stall)
[2024-07-25T19:05:18.617+0800][86.986s][gc,ref      ] GC(4650) Clearing All SoftReferences
[2024-07-25T19:05:18.617+0800][86.986s][gc,task     ] GC(4650) Using 1 workers
[2024-07-25T19:05:18.617+0800][86.986s][gc,phases   ] GC(4650) Pause Mark Start 0.008ms
[2024-07-25T19:05:18.624+0800][86.993s][gc,phases   ] GC(4650) Concurrent Mark 6.877ms
[2024-07-25T19:05:18.624+0800][86.993s][gc,phases   ] GC(4650) Pause Mark End 0.012ms
[2024-07-25T19:05:18.624+0800][86.994s][gc,phases   ] GC(4650) Concurrent Mark Free 0.001ms
[2024-07-25T19:05:18.627+0800][86.996s][gc,phases   ] GC(4650) Concurrent Process Non-Strong References 2.354ms
[2024-07-25T19:05:18.627+0800][86.996s][gc,phases   ] GC(4650) Concurrent Reset Relocation Set 0.001ms
[2024-07-25T19:05:18.630+0800][87.000s][gc          ] Allocation Stall (main) 13.616ms
[2024-07-25T19:05:18.630+0800][87.000s][gc,phases   ] GC(4650) Concurrent Select Relocation Set 3.603ms
[2024-07-25T19:05:18.631+0800][87.000s][gc,phases   ] GC(4650) Pause Relocate Start 0.010ms
[2024-07-25T19:05:18.631+0800][87.000s][gc,phases   ] GC(4650) Concurrent Relocate 0.104ms
[2024-07-25T19:05:18.631+0800][87.000s][gc,load     ] GC(4650) Load: 0.00/0.00/0.00
[2024-07-25T19:05:18.631+0800][87.000s][gc,mmu      ] GC(4650) MMU: 2ms/88.2%, 5ms/95.3%, 10ms/97.6%, 20ms/98.8%, 50ms/99.4%, 100ms/99.6%
[2024-07-25T19:05:18.631+0800][87.000s][gc,marking  ] GC(4650) Mark: 1 stripe(s), 1 proactive flush(es), 1 terminate flush(es), 0 completion(s), 0 continuation(s) 
[2024-07-25T19:05:18.631+0800][87.000s][gc,marking  ] GC(4650) Mark Stack Usage: 32M
[2024-07-25T19:05:18.631+0800][87.000s][gc,nmethod  ] GC(4650) NMethods: 535 registered, 0 unregistered
[2024-07-25T19:05:18.631+0800][87.000s][gc,metaspace] GC(4650) Metaspace: 1M used, 1M committed, 1088M reserved
[2024-07-25T19:05:18.631+0800][87.000s][gc,ref      ] GC(4650) Soft: 46 encountered, 25 discovered, 0 enqueued
[2024-07-25T19:05:18.631+0800][87.000s][gc,ref      ] GC(4650) Weak: 131 encountered, 107 discovered, 0 enqueued
[2024-07-25T19:05:18.631+0800][87.000s][gc,ref      ] GC(4650) Final: 0 encountered, 0 discovered, 0 enqueued
[2024-07-25T19:05:18.631+0800][87.001s][gc,ref      ] GC(4650) Phantom: 184 encountered, 98 discovered, 0 enqueued
[2024-07-25T19:05:18.631+0800][87.001s][gc,reloc    ] GC(4650) Small Pages: 4 / 8M, Empty: 2M, Relocated: 0M, In-Place: 0
[2024-07-25T19:05:18.631+0800][87.001s][gc,reloc    ] GC(4650) Large Pages: 4 / 8M, Empty: 4M, Relocated: 0M, In-Place: 0
[2024-07-25T19:05:18.631+0800][87.001s][gc,reloc    ] GC(4650) Forwarding Usage: 0M
[2024-07-25T19:05:18.631+0800][87.001s][gc,heap     ] GC(4650) Min Capacity: 8M(50%)
[2024-07-25T19:05:18.631+0800][87.001s][gc,heap     ] GC(4650) Max Capacity: 16M(100%)
[2024-07-25T19:05:18.631+0800][87.001s][gc,heap     ] GC(4650) Soft Max Capacity: 16M(100%)
[2024-07-25T19:05:18.631+0800][87.001s][gc,heap     ] GC(4650)                Mark Start          Mark End        Relocate Start      Relocate End           High               Low         
[2024-07-25T19:05:18.631+0800][87.001s][gc,heap     ] GC(4650)  Capacity:       16M (100%)         16M (100%)         16M (100%)         16M (100%)         16M (100%)         16M (100%)   
[2024-07-25T19:05:18.631+0800][87.001s][gc,heap     ] GC(4650)      Free:        0M (0%)            0M (0%)            2M (12%)           2M (12%)           6M (38%)           0M (0%)     
[2024-07-25T19:05:18.631+0800][87.001s][gc,heap     ] GC(4650)      Used:       16M (100%)         16M (100%)         14M (88%)          14M (88%)          16M (100%)         10M (62%)    
[2024-07-25T19:05:18.631+0800][87.001s][gc,heap     ] GC(4650)      Live:         -                 8M (54%)           8M (54%)           8M (54%)            -                  -          
[2024-07-25T19:05:18.631+0800][87.001s][gc,heap     ] GC(4650) Allocated:         -                 0M (0%)            4M (25%)           4M (25%)            -                  -          
[2024-07-25T19:05:18.631+0800][87.001s][gc,heap     ] GC(4650)   Garbage:         -                 7M (46%)           1M (8%)            1M (8%)             -                  -          
[2024-07-25T19:05:18.631+0800][87.001s][gc,heap     ] GC(4650) Reclaimed:         -                  -                 6M (38%)           6M (38%)            -                  -          
[2024-07-25T19:05:18.631+0800][87.001s][gc          ] GC(4650) Garbage Collection (Allocation Stall) 16M(100%)->14M(88%)
[2024-07-25T19:05:18.636+0800][87.005s][gc,start    ] GC(4651) Garbage Collection (Allocation Stall)
[2024-07-25T19:05:18.636+0800][87.006s][gc,ref      ] GC(4651) Clearing All SoftReferences
[2024-07-25T19:05:18.636+0800][87.006s][gc,task     ] GC(4651) Using 1 workers
[2024-07-25T19:05:18.636+0800][87.006s][gc,phases   ] GC(4651) Pause Mark Start 0.009ms
[2024-07-25T19:05:18.645+0800][87.014s][gc,phases   ] GC(4651) Concurrent Mark 7.728ms
[2024-07-25T19:05:18.645+0800][87.014s][gc,phases   ] GC(4651) Pause Mark End 0.012ms
[2024-07-25T19:05:18.645+0800][87.014s][gc,phases   ] GC(4651) Concurrent Mark Free 0.002ms
[2024-07-25T19:05:18.647+0800][87.016s][gc,phases   ] GC(4651) Concurrent Process Non-Strong References 2.246ms
[2024-07-25T19:05:18.647+0800][87.016s][gc,phases   ] GC(4651) Concurrent Reset Relocation Set 0.001ms
[2024-07-25T19:05:18.650+0800][87.020s][gc          ] Allocation Stall (main) 14.292ms
[2024-07-25T19:05:18.650+0800][87.020s][gc,phases   ] GC(4651) Concurrent Select Relocation Set 3.259ms
[2024-07-25T19:05:18.651+0800][87.020s][gc,phases   ] GC(4651) Pause Relocate Start 0.008ms
[2024-07-25T19:05:18.651+0800][87.020s][gc,phases   ] GC(4651) Concurrent Relocate 0.147ms
[2024-07-25T19:05:18.651+0800][87.020s][gc,load     ] GC(4651) Load: 0.00/0.00/0.00
[2024-07-25T19:05:18.651+0800][87.020s][gc,mmu      ] GC(4651) MMU: 2ms/88.2%, 5ms/95.3%, 10ms/97.6%, 20ms/98.8%, 50ms/99.4%, 100ms/99.6%
[2024-07-25T19:05:18.651+0800][87.020s][gc,marking  ] GC(4651) Mark: 1 stripe(s), 1 proactive flush(es), 1 terminate flush(es), 0 completion(s), 0 continuation(s) 
[2024-07-25T19:05:18.651+0800][87.020s][gc,marking  ] GC(4651) Mark Stack Usage: 32M
[2024-07-25T19:05:18.651+0800][87.020s][gc,nmethod  ] GC(4651) NMethods: 535 registered, 0 unregistered
[2024-07-25T19:05:18.651+0800][87.020s][gc,metaspace] GC(4651) Metaspace: 1M used, 1M committed, 1088M reserved
[2024-07-25T19:05:18.651+0800][87.020s][gc,ref      ] GC(4651) Soft: 46 encountered, 25 discovered, 0 enqueued
[2024-07-25T19:05:18.651+0800][87.021s][gc,ref      ] GC(4651) Weak: 131 encountered, 107 discovered, 0 enqueued
[2024-07-25T19:05:18.651+0800][87.021s][gc,ref      ] GC(4651) Final: 0 encountered, 0 discovered, 0 enqueued
[2024-07-25T19:05:18.651+0800][87.021s][gc,ref      ] GC(4651) Phantom: 184 encountered, 98 discovered, 0 enqueued
[2024-07-25T19:05:18.651+0800][87.021s][gc,reloc    ] GC(4651) Small Pages: 4 / 8M, Empty: 2M, Relocated: 0M, In-Place: 0
[2024-07-25T19:05:18.651+0800][87.021s][gc,reloc    ] GC(4651) Large Pages: 4 / 8M, Empty: 4M, Relocated: 0M, In-Place: 0
[2024-07-25T19:05:18.651+0800][87.021s][gc,reloc    ] GC(4651) Forwarding Usage: 0M
[2024-07-25T19:05:18.651+0800][87.021s][gc,heap     ] GC(4651) Min Capacity: 8M(50%)
[2024-07-25T19:05:18.652+0800][87.021s][gc,heap     ] GC(4651) Max Capacity: 16M(100%)
[2024-07-25T19:05:18.652+0800][87.021s][gc,heap     ] GC(4651) Soft Max Capacity: 16M(100%)
[2024-07-25T19:05:18.652+0800][87.021s][gc,heap     ] GC(4651)                Mark Start          Mark End        Relocate Start      Relocate End           High               Low         
[2024-07-25T19:05:18.652+0800][87.021s][gc,heap     ] GC(4651)  Capacity:       16M (100%)         16M (100%)         16M (100%)         16M (100%)         16M (100%)         16M (100%)   
[2024-07-25T19:05:18.652+0800][87.021s][gc,heap     ] GC(4651)      Free:        0M (0%)            0M (0%)            4M (25%)           2M (12%)           6M (38%)           0M (0%)     
[2024-07-25T19:05:18.652+0800][87.021s][gc,heap     ] GC(4651)      Used:       16M (100%)         16M (100%)         12M (75%)          14M (88%)          16M (100%)         10M (62%)    
[2024-07-25T19:05:18.652+0800][87.021s][gc,heap     ] GC(4651)      Live:         -                 8M (54%)           8M (54%)           8M (54%)            -                  -          
[2024-07-25T19:05:18.652+0800][87.021s][gc,heap     ] GC(4651) Allocated:         -                 0M (0%)            2M (12%)           4M (25%)            -                  -          
[2024-07-25T19:05:18.652+0800][87.021s][gc,heap     ] GC(4651)   Garbage:         -                 7M (46%)           1M (8%)            1M (8%)             -                  -          
[2024-07-25T19:05:18.652+0800][87.021s][gc,heap     ] GC(4651) Reclaimed:         -                  -                 6M (38%)           6M (38%)            -                  -          
[2024-07-25T19:05:18.652+0800][87.021s][gc          ] GC(4651) Garbage Collection (Allocation Stall) 16M(100%)->14M(88%)
[2024-07-25T19:05:18.655+0800][87.024s][gc,start    ] GC(4652) Garbage Collection (Allocation Stall)
[2024-07-25T19:05:18.655+0800][87.024s][gc,ref      ] GC(4652) Clearing All SoftReferences
[2024-07-25T19:05:18.655+0800][87.024s][gc,task     ] GC(4652) Using 1 workers
[2024-07-25T19:05:18.655+0800][87.025s][gc,phases   ] GC(4652) Pause Mark Start 0.012ms
[2024-07-25T19:05:18.663+0800][87.032s][gc,phases   ] GC(4652) Concurrent Mark 7.321ms
[2024-07-25T19:05:18.663+0800][87.032s][gc,phases   ] GC(4652) Pause Mark End 0.013ms
[2024-07-25T19:05:18.663+0800][87.032s][gc,phases   ] GC(4652) Concurrent Mark Free 0.001ms
[2024-07-25T19:05:18.665+0800][87.034s][gc,phases   ] GC(4652) Concurrent Process Non-Strong References 1.976ms
[2024-07-25T19:05:18.665+0800][87.034s][gc,phases   ] GC(4652) Concurrent Reset Relocation Set 0.001ms
[2024-07-25T19:05:18.669+0800][87.038s][gc          ] Allocation Stall (main) 13.854ms
[2024-07-25T19:05:18.669+0800][87.038s][gc,phases   ] GC(4652) Concurrent Select Relocation Set 3.529ms
[2024-07-25T19:05:18.669+0800][87.038s][gc,phases   ] GC(4652) Pause Relocate Start 0.009ms
[2024-07-25T19:05:18.669+0800][87.039s][gc,phases   ] GC(4652) Concurrent Relocate 0.137ms
[2024-07-25T19:05:18.669+0800][87.039s][gc,load     ] GC(4652) Load: 0.00/0.00/0.00
[2024-07-25T19:05:18.669+0800][87.039s][gc,mmu      ] GC(4652) MMU: 2ms/88.2%, 5ms/95.3%, 10ms/97.6%, 20ms/98.8%, 50ms/99.4%, 100ms/99.6%
[2024-07-25T19:05:18.669+0800][87.039s][gc,marking  ] GC(4652) Mark: 1 stripe(s), 1 proactive flush(es), 1 terminate flush(es), 0 completion(s), 0 continuation(s) 
[2024-07-25T19:05:18.669+0800][87.039s][gc,marking  ] GC(4652) Mark Stack Usage: 32M
[2024-07-25T19:05:18.669+0800][87.039s][gc,nmethod  ] GC(4652) NMethods: 535 registered, 0 unregistered
[2024-07-25T19:05:18.669+0800][87.039s][gc,metaspace] GC(4652) Metaspace: 1M used, 1M committed, 1088M reserved
[2024-07-25T19:05:18.669+0800][87.039s][gc,ref      ] GC(4652) Soft: 46 encountered, 25 discovered, 0 enqueued
[2024-07-25T19:05:18.669+0800][87.039s][gc,ref      ] GC(4652) Weak: 131 encountered, 107 discovered, 0 enqueued
[2024-07-25T19:05:18.669+0800][87.039s][gc,ref      ] GC(4652) Final: 0 encountered, 0 discovered, 0 enqueued
[2024-07-25T19:05:18.669+0800][87.039s][gc,ref      ] GC(4652) Phantom: 184 encountered, 98 discovered, 0 enqueued
[2024-07-25T19:05:18.669+0800][87.039s][gc,reloc    ] GC(4652) Small Pages: 4 / 8M, Empty: 2M, Relocated: 0M, In-Place: 0
[2024-07-25T19:05:18.669+0800][87.039s][gc,reloc    ] GC(4652) Large Pages: 4 / 8M, Empty: 4M, Relocated: 0M, In-Place: 0
[2024-07-25T19:05:18.670+0800][87.039s][gc,reloc    ] GC(4652) Forwarding Usage: 0M
[2024-07-25T19:05:18.670+0800][87.039s][gc,heap     ] GC(4652) Min Capacity: 8M(50%)
[2024-07-25T19:05:18.670+0800][87.039s][gc,heap     ] GC(4652) Max Capacity: 16M(100%)
[2024-07-25T19:05:18.670+0800][87.039s][gc,heap     ] GC(4652) Soft Max Capacity: 16M(100%)
[2024-07-25T19:05:18.670+0800][87.039s][gc,heap     ] GC(4652)                Mark Start          Mark End        Relocate Start      Relocate End           High               Low         
[2024-07-25T19:05:18.670+0800][87.039s][gc,heap     ] GC(4652)  Capacity:       16M (100%)         16M (100%)         16M (100%)         16M (100%)         16M (100%)         16M (100%)   
[2024-07-25T19:05:18.670+0800][87.039s][gc,heap     ] GC(4652)      Free:        0M (0%)            0M (0%)            2M (12%)           2M (12%)           6M (38%)           0M (0%)     
[2024-07-25T19:05:18.670+0800][87.039s][gc,heap     ] GC(4652)      Used:       16M (100%)         16M (100%)         14M (88%)          14M (88%)          16M (100%)         10M (62%)    
[2024-07-25T19:05:18.670+0800][87.039s][gc,heap     ] GC(4652)      Live:         -                 8M (54%)           8M (54%)           8M (54%)            -                  -          
[2024-07-25T19:05:18.670+0800][87.039s][gc,heap     ] GC(4652) Allocated:         -                 0M (0%)            4M (25%)           4M (25%)            -                  -          
[2024-07-25T19:05:18.670+0800][87.039s][gc,heap     ] GC(4652)   Garbage:         -                 7M (46%)           1M (8%)            1M (8%)             -                  -          
[2024-07-25T19:05:18.670+0800][87.039s][gc,heap     ] GC(4652) Reclaimed:         -                  -                 6M (38%)           6M (38%)            -                  -          
[2024-07-25T19:05:18.670+0800][87.039s][gc          ] GC(4652) Garbage Collection (Allocation Stall) 16M(100%)->14M(88%)
[2024-07-25T19:05:18.673+0800][87.042s][gc,start    ] GC(4653) Garbage Collection (Allocation Stall)
[2024-07-25T19:05:18.673+0800][87.042s][gc,ref      ] GC(4653) Clearing All SoftReferences
[2024-07-25T19:05:18.673+0800][87.042s][gc,task     ] GC(4653) Using 1 workers
[2024-07-25T19:05:18.673+0800][87.042s][gc,phases   ] GC(4653) Pause Mark Start 0.009ms
[2024-07-25T19:05:18.681+0800][87.050s][gc,phases   ] GC(4653) Concurrent Mark 7.306ms
[2024-07-25T19:05:18.681+0800][87.050s][gc,phases   ] GC(4653) Pause Mark End 0.011ms
[2024-07-25T19:05:18.681+0800][87.050s][gc,phases   ] GC(4653) Concurrent Mark Free 0.002ms
[2024-07-25T19:05:18.683+0800][87.052s][gc,phases   ] GC(4653) Concurrent Process Non-Strong References 2.171ms
[2024-07-25T19:05:18.683+0800][87.052s][gc,phases   ] GC(4653) Concurrent Reset Relocation Set 0.001ms
[2024-07-25T19:05:18.687+0800][87.056s][gc          ] Allocation Stall (main) 13.697ms
[2024-07-25T19:05:18.687+0800][87.056s][gc,phases   ] GC(4653) Concurrent Select Relocation Set 3.530ms
[2024-07-25T19:05:18.687+0800][87.056s][gc,phases   ] GC(4653) Pause Relocate Start 0.009ms
[2024-07-25T19:05:18.687+0800][87.056s][gc,phases   ] GC(4653) Concurrent Relocate 0.110ms
[2024-07-25T19:05:18.687+0800][87.056s][gc,load     ] GC(4653) Load: 0.00/0.00/0.00
[2024-07-25T19:05:18.688+0800][87.056s][gc,mmu      ] GC(4653) MMU: 2ms/88.2%, 5ms/95.3%, 10ms/97.6%, 20ms/98.8%, 50ms/99.4%, 100ms/99.6%
[2024-07-25T19:05:18.688+0800][87.056s][gc,marking  ] GC(4653) Mark: 1 stripe(s), 1 proactive flush(es), 1 terminate flush(es), 0 completion(s), 0 continuation(s) 
[2024-07-25T19:05:18.688+0800][87.057s][gc,marking  ] GC(4653) Mark Stack Usage: 32M
[2024-07-25T19:05:18.688+0800][87.057s][gc,nmethod  ] GC(4653) NMethods: 535 registered, 0 unregistered
[2024-07-25T19:05:18.688+0800][87.057s][gc,metaspace] GC(4653) Metaspace: 1M used, 1M committed, 1088M reserved
[2024-07-25T19:05:18.688+0800][87.057s][gc,ref      ] GC(4653) Soft: 46 encountered, 25 discovered, 0 enqueued
[2024-07-25T19:05:18.688+0800][87.057s][gc,ref      ] GC(4653) Weak: 131 encountered, 107 discovered, 0 enqueued
[2024-07-25T19:05:18.688+0800][87.057s][gc,ref      ] GC(4653) Final: 0 encountered, 0 discovered, 0 enqueued
[2024-07-25T19:05:18.688+0800][87.057s][gc,ref      ] GC(4653) Phantom: 184 encountered, 98 discovered, 0 enqueued
[2024-07-25T19:05:18.688+0800][87.057s][gc,reloc    ] GC(4653) Small Pages: 4 / 8M, Empty: 2M, Relocated: 0M, In-Place: 0
[2024-07-25T19:05:18.688+0800][87.057s][gc,reloc    ] GC(4653) Large Pages: 4 / 8M, Empty: 4M, Relocated: 0M, In-Place: 0
[2024-07-25T19:05:18.688+0800][87.057s][gc,reloc    ] GC(4653) Forwarding Usage: 0M
[2024-07-25T19:05:18.688+0800][87.057s][gc,heap     ] GC(4653) Min Capacity: 8M(50%)
[2024-07-25T19:05:18.688+0800][87.057s][gc,heap     ] GC(4653) Max Capacity: 16M(100%)
[2024-07-25T19:05:18.688+0800][87.057s][gc,heap     ] GC(4653) Soft Max Capacity: 16M(100%)
[2024-07-25T19:05:18.688+0800][87.057s][gc,heap     ] GC(4653)                Mark Start          Mark End        Relocate Start      Relocate End           High               Low         
[2024-07-25T19:05:18.688+0800][87.057s][gc,heap     ] GC(4653)  Capacity:       16M (100%)         16M (100%)         16M (100%)         16M (100%)         16M (100%)         16M (100%)   
[2024-07-25T19:05:18.688+0800][87.057s][gc,heap     ] GC(4653)      Free:        0M (0%)            0M (0%)            2M (12%)           2M (12%)           6M (38%)           0M (0%)     
[2024-07-25T19:05:18.688+0800][87.057s][gc,heap     ] GC(4653)      Used:       16M (100%)         16M (100%)         14M (88%)          14M (88%)          16M (100%)         10M (62%)    
[2024-07-25T19:05:18.688+0800][87.057s][gc,heap     ] GC(4653)      Live:         -                 8M (54%)           8M (54%)           8M (54%)            -                  -          
[2024-07-25T19:05:18.688+0800][87.057s][gc,heap     ] GC(4653) Allocated:         -                 0M (0%)            4M (25%)           4M (25%)            -                  -          
[2024-07-25T19:05:18.688+0800][87.057s][gc,heap     ] GC(4653)   Garbage:         -                 7M (46%)           1M (8%)            1M (8%)             -                  -          
[2024-07-25T19:05:18.688+0800][87.057s][gc,heap     ] GC(4653) Reclaimed:         -                  -                 6M (38%)           6M (38%)            -                  -          
[2024-07-25T19:05:18.688+0800][87.057s][gc          ] GC(4653) Garbage Collection (Allocation Stall) 16M(100%)->14M(88%)
[2024-07-25T19:05:18.691+0800][87.060s][gc,start    ] GC(4654) Garbage Collection (Allocation Stall)
[2024-07-25T19:05:18.691+0800][87.060s][gc,ref      ] GC(4654) Clearing All SoftReferences
[2024-07-25T19:05:18.691+0800][87.060s][gc,task     ] GC(4654) Using 1 workers
[2024-07-25T19:05:18.691+0800][87.060s][gc,phases   ] GC(4654) Pause Mark Start 0.009ms
[2024-07-25T19:05:18.698+0800][87.067s][gc,phases   ] GC(4654) Concurrent Mark 7.213ms
[2024-07-25T19:05:18.698+0800][87.068s][gc,phases   ] GC(4654) Pause Mark End 0.017ms
[2024-07-25T19:05:18.698+0800][87.068s][gc,phases   ] GC(4654) Concurrent Mark Free 0.002ms
[2024-07-25T19:05:18.701+0800][87.070s][gc,phases   ] GC(4654) Concurrent Process Non-Strong References 2.128ms
[2024-07-25T19:05:18.701+0800][87.070s][gc,phases   ] GC(4654) Concurrent Reset Relocation Set 0.001ms
[2024-07-25T19:05:18.705+0800][87.073s][gc          ] Allocation Stall (main) 13.819ms
[2024-07-25T19:05:18.705+0800][87.074s][gc,phases   ] GC(4654) Concurrent Select Relocation Set 3.476ms
[2024-07-25T19:05:18.705+0800][87.074s][gc,phases   ] GC(4654) Pause Relocate Start 0.014ms
[2024-07-25T19:05:18.705+0800][87.074s][gc,phases   ] GC(4654) Concurrent Relocate 0.118ms
[2024-07-25T19:05:18.705+0800][87.074s][gc,load     ] GC(4654) Load: 0.00/0.00/0.00
[2024-07-25T19:05:18.705+0800][87.074s][gc,mmu      ] GC(4654) MMU: 2ms/88.2%, 5ms/95.3%, 10ms/97.6%, 20ms/98.8%, 50ms/99.4%, 100ms/99.6%
[2024-07-25T19:05:18.705+0800][87.074s][gc,marking  ] GC(4654) Mark: 1 stripe(s), 1 proactive flush(es), 1 terminate flush(es), 0 completion(s), 0 continuation(s) 
[2024-07-25T19:05:18.705+0800][87.074s][gc,marking  ] GC(4654) Mark Stack Usage: 32M
[2024-07-25T19:05:18.705+0800][87.075s][gc,nmethod  ] GC(4654) NMethods: 535 registered, 0 unregistered
[2024-07-25T19:05:18.705+0800][87.075s][gc,metaspace] GC(4654) Metaspace: 1M used, 1M committed, 1088M reserved
[2024-07-25T19:05:18.705+0800][87.075s][gc,ref      ] GC(4654) Soft: 46 encountered, 25 discovered, 0 enqueued
[2024-07-25T19:05:18.705+0800][87.075s][gc,ref      ] GC(4654) Weak: 131 encountered, 107 discovered, 0 enqueued
[2024-07-25T19:05:18.705+0800][87.075s][gc,ref      ] GC(4654) Final: 0 encountered, 0 discovered, 0 enqueued
[2024-07-25T19:05:18.705+0800][87.075s][gc,ref      ] GC(4654) Phantom: 184 encountered, 98 discovered, 0 enqueued
[2024-07-25T19:05:18.705+0800][87.075s][gc,reloc    ] GC(4654) Small Pages: 4 / 8M, Empty: 2M, Relocated: 0M, In-Place: 0
[2024-07-25T19:05:18.705+0800][87.075s][gc,reloc    ] GC(4654) Large Pages: 4 / 8M, Empty: 4M, Relocated: 0M, In-Place: 0
[2024-07-25T19:05:18.705+0800][87.075s][gc,reloc    ] GC(4654) Forwarding Usage: 0M
[2024-07-25T19:05:18.705+0800][87.075s][gc,heap     ] GC(4654) Min Capacity: 8M(50%)
[2024-07-25T19:05:18.705+0800][87.075s][gc,heap     ] GC(4654) Max Capacity: 16M(100%)
[2024-07-25T19:05:18.705+0800][87.075s][gc,heap     ] GC(4654) Soft Max Capacity: 16M(100%)
[2024-07-25T19:05:18.705+0800][87.075s][gc,heap     ] GC(4654)                Mark Start          Mark End        Relocate Start      Relocate End           High               Low         
[2024-07-25T19:05:18.705+0800][87.075s][gc,heap     ] GC(4654)  Capacity:       16M (100%)         16M (100%)         16M (100%)         16M (100%)         16M (100%)         16M (100%)   
[2024-07-25T19:05:18.705+0800][87.075s][gc,heap     ] GC(4654)      Free:        0M (0%)            0M (0%)            2M (12%)           2M (12%)           6M (38%)           0M (0%)     
[2024-07-25T19:05:18.705+0800][87.075s][gc,heap     ] GC(4654)      Used:       16M (100%)         16M (100%)         14M (88%)          14M (88%)          16M (100%)         10M (62%)    
[2024-07-25T19:05:18.705+0800][87.075s][gc,heap     ] GC(4654)      Live:         -                 8M (54%)           8M (54%)           8M (54%)            -                  -          
[2024-07-25T19:05:18.705+0800][87.075s][gc,heap     ] GC(4654) Allocated:         -                 0M (0%)            4M (25%)           4M (25%)            -                  -          
[2024-07-25T19:05:18.705+0800][87.075s][gc,heap     ] GC(4654)   Garbage:         -                 7M (46%)           1M (8%)            1M (8%)             -                  -          
[2024-07-25T19:05:18.705+0800][87.075s][gc,heap     ] GC(4654) Reclaimed:         -                  -                 6M (38%)           6M (38%)            -                  -          
[2024-07-25T19:05:18.705+0800][87.075s][gc          ] GC(4654) Garbage Collection (Allocation Stall) 16M(100%)->14M(88%)
[2024-07-25T19:05:18.709+0800][87.078s][gc,start    ] GC(4655) Garbage Collection (Allocation Stall)
[2024-07-25T19:05:18.709+0800][87.078s][gc,ref      ] GC(4655) Clearing All SoftReferences
[2024-07-25T19:05:18.709+0800][87.078s][gc,task     ] GC(4655) Using 1 workers
[2024-07-25T19:05:18.709+0800][87.078s][gc,phases   ] GC(4655) Pause Mark Start 0.024ms
[2024-07-25T19:05:18.717+0800][87.086s][gc,phases   ] GC(4655) Concurrent Mark 7.655ms
[2024-07-25T19:05:18.717+0800][87.086s][gc,phases   ] GC(4655) Pause Mark End 0.013ms
[2024-07-25T19:05:18.717+0800][87.086s][gc,phases   ] GC(4655) Concurrent Mark Free 0.001ms
[2024-07-25T19:05:18.719+0800][87.088s][gc,phases   ] GC(4655) Concurrent Process Non-Strong References 2.189ms
[2024-07-25T19:05:18.719+0800][87.089s][gc,phases   ] GC(4655) Concurrent Reset Relocation Set 0.001ms
[2024-07-25T19:05:18.723+0800][87.092s][gc          ] Allocation Stall (main) 14.750ms
[2024-07-25T19:05:18.723+0800][87.092s][gc,phases   ] GC(4655) Concurrent Select Relocation Set 3.860ms
[2024-07-25T19:05:18.724+0800][87.093s][gc,phases   ] GC(4655) Pause Relocate Start 0.025ms
[2024-07-25T19:05:18.724+0800][87.093s][gc,phases   ] GC(4655) Concurrent Relocate 0.071ms
[2024-07-25T19:05:18.724+0800][87.093s][gc,load     ] GC(4655) Load: 0.00/0.00/0.00
[2024-07-25T19:05:18.724+0800][87.093s][gc,mmu      ] GC(4655) MMU: 2ms/88.2%, 5ms/95.3%, 10ms/97.6%, 20ms/98.8%, 50ms/99.4%, 100ms/99.6%
[2024-07-25T19:05:18.724+0800][87.093s][gc,marking  ] GC(4655) Mark: 1 stripe(s), 1 proactive flush(es), 1 terminate flush(es), 0 completion(s), 0 continuation(s) 
[2024-07-25T19:05:18.724+0800][87.093s][gc,marking  ] GC(4655) Mark Stack Usage: 32M
[2024-07-25T19:05:18.724+0800][87.093s][gc,nmethod  ] GC(4655) NMethods: 535 registered, 0 unregistered
[2024-07-25T19:05:18.724+0800][87.093s][gc,metaspace] GC(4655) Metaspace: 1M used, 1M committed, 1088M reserved
[2024-07-25T19:05:18.724+0800][87.093s][gc,ref      ] GC(4655) Soft: 46 encountered, 25 discovered, 0 enqueued
[2024-07-25T19:05:18.724+0800][87.093s][gc,ref      ] GC(4655) Weak: 131 encountered, 107 discovered, 0 enqueued
[2024-07-25T19:05:18.724+0800][87.093s][gc,ref      ] GC(4655) Final: 0 encountered, 0 discovered, 0 enqueued
[2024-07-25T19:05:18.724+0800][87.093s][gc,ref      ] GC(4655) Phantom: 184 encountered, 98 discovered, 0 enqueued
[2024-07-25T19:05:18.724+0800][87.093s][gc,reloc    ] GC(4655) Small Pages: 4 / 8M, Empty: 2M, Relocated: 0M, In-Place: 0
[2024-07-25T19:05:18.724+0800][87.093s][gc,reloc    ] GC(4655) Large Pages: 4 / 8M, Empty: 4M, Relocated: 0M, In-Place: 0
[2024-07-25T19:05:18.724+0800][87.093s][gc,reloc    ] GC(4655) Forwarding Usage: 0M
[2024-07-25T19:05:18.724+0800][87.094s][gc,heap     ] GC(4655) Min Capacity: 8M(50%)
[2024-07-25T19:05:18.724+0800][87.094s][gc,heap     ] GC(4655) Max Capacity: 16M(100%)
[2024-07-25T19:05:18.724+0800][87.094s][gc,heap     ] GC(4655) Soft Max Capacity: 16M(100%)
[2024-07-25T19:05:18.724+0800][87.094s][gc,heap     ] GC(4655)                Mark Start          Mark End        Relocate Start      Relocate End           High               Low         
[2024-07-25T19:05:18.724+0800][87.094s][gc,heap     ] GC(4655)  Capacity:       16M (100%)         16M (100%)         16M (100%)         16M (100%)         16M (100%)         16M (100%)   
[2024-07-25T19:05:18.724+0800][87.094s][gc,heap     ] GC(4655)      Free:        0M (0%)            0M (0%)            2M (12%)           2M (12%)           6M (38%)           0M (0%)     
[2024-07-25T19:05:18.724+0800][87.094s][gc,heap     ] GC(4655)      Used:       16M (100%)         16M (100%)         14M (88%)          14M (88%)          16M (100%)         10M (62%)    
[2024-07-25T19:05:18.724+0800][87.094s][gc,heap     ] GC(4655)      Live:         -                 8M (54%)           8M (54%)           8M (54%)            -                  -          
[2024-07-25T19:05:18.725+0800][87.094s][gc,heap     ] GC(4655) Allocated:         -                 0M (0%)            4M (25%)           4M (25%)            -                  -          
[2024-07-25T19:05:18.725+0800][87.094s][gc,heap     ] GC(4655)   Garbage:         -                 7M (46%)           1M (8%)            1M (8%)             -                  -          
[2024-07-25T19:05:18.725+0800][87.094s][gc,heap     ] GC(4655) Reclaimed:         -                  -                 6M (38%)           6M (38%)            -                  -          
[2024-07-25T19:05:18.725+0800][87.094s][gc          ] GC(4655) Garbage Collection (Allocation Stall) 16M(100%)->14M(88%)
[2024-07-25T19:05:18.728+0800][87.097s][gc,start    ] GC(4656) Garbage Collection (Allocation Stall)
[2024-07-25T19:05:18.728+0800][87.097s][gc,ref      ] GC(4656) Clearing All SoftReferences
[2024-07-25T19:05:18.728+0800][87.097s][gc,task     ] GC(4656) Using 1 workers
[2024-07-25T19:05:18.728+0800][87.097s][gc,phases   ] GC(4656) Pause Mark Start 0.009ms
[2024-07-25T19:05:18.735+0800][87.105s][gc,phases   ] GC(4656) Concurrent Mark 7.114ms
[2024-07-25T19:05:18.735+0800][87.105s][gc,phases   ] GC(4656) Pause Mark End 0.014ms
[2024-07-25T19:05:18.736+0800][87.105s][gc,phases   ] GC(4656) Concurrent Mark Free 0.003ms
[2024-07-25T19:05:18.738+0800][87.107s][gc,phases   ] GC(4656) Concurrent Process Non-Strong References 2.341ms
[2024-07-25T19:05:18.738+0800][87.107s][gc,phases   ] GC(4656) Concurrent Reset Relocation Set 0.001ms
[2024-07-25T19:05:18.741+0800][87.111s][gc          ] Allocation Stall (main) 13.833ms
[2024-07-25T19:05:18.741+0800][87.111s][gc,phases   ] GC(4656) Concurrent Select Relocation Set 3.354ms
[2024-07-25T19:05:18.742+0800][87.111s][gc,phases   ] GC(4656) Pause Relocate Start 0.020ms
[2024-07-25T19:05:18.742+0800][87.111s][gc,phases   ] GC(4656) Concurrent Relocate 0.080ms
[2024-07-25T19:05:18.742+0800][87.112s][gc,load     ] GC(4656) Load: 0.00/0.00/0.00
[2024-07-25T19:05:18.742+0800][87.112s][gc,mmu      ] GC(4656) MMU: 2ms/88.2%, 5ms/95.3%, 10ms/97.6%, 20ms/98.8%, 50ms/99.4%, 100ms/99.6%
[2024-07-25T19:05:18.742+0800][87.112s][gc,marking  ] GC(4656) Mark: 1 stripe(s), 1 proactive flush(es), 1 terminate flush(es), 0 completion(s), 0 continuation(s) 
[2024-07-25T19:05:18.742+0800][87.112s][gc,marking  ] GC(4656) Mark Stack Usage: 32M
[2024-07-25T19:05:18.743+0800][87.112s][gc,nmethod  ] GC(4656) NMethods: 535 registered, 0 unregistered
[2024-07-25T19:05:18.743+0800][87.112s][gc,metaspace] GC(4656) Metaspace: 1M used, 1M committed, 1088M reserved
[2024-07-25T19:05:18.743+0800][87.112s][gc,ref      ] GC(4656) Soft: 46 encountered, 25 discovered, 0 enqueued
[2024-07-25T19:05:18.743+0800][87.112s][gc,ref      ] GC(4656) Weak: 131 encountered, 107 discovered, 0 enqueued
[2024-07-25T19:05:18.743+0800][87.112s][gc,ref      ] GC(4656) Final: 0 encountered, 0 discovered, 0 enqueued
[2024-07-25T19:05:18.743+0800][87.112s][gc,ref      ] GC(4656) Phantom: 184 encountered, 98 discovered, 0 enqueued
[2024-07-25T19:05:18.743+0800][87.112s][gc,reloc    ] GC(4656) Small Pages: 4 / 8M, Empty: 2M, Relocated: 0M, In-Place: 0
[2024-07-25T19:05:18.743+0800][87.112s][gc,reloc    ] GC(4656) Large Pages: 4 / 8M, Empty: 4M, Relocated: 0M, In-Place: 0
[2024-07-25T19:05:18.743+0800][87.112s][gc,reloc    ] GC(4656) Forwarding Usage: 0M
[2024-07-25T19:05:18.743+0800][87.112s][gc,heap     ] GC(4656) Min Capacity: 8M(50%)
[2024-07-25T19:05:18.743+0800][87.112s][gc,heap     ] GC(4656) Max Capacity: 16M(100%)
[2024-07-25T19:05:18.743+0800][87.112s][gc,heap     ] GC(4656) Soft Max Capacity: 16M(100%)
[2024-07-25T19:05:18.743+0800][87.112s][gc,heap     ] GC(4656)                Mark Start          Mark End        Relocate Start      Relocate End           High               Low         
[2024-07-25T19:05:18.743+0800][87.112s][gc,heap     ] GC(4656)  Capacity:       16M (100%)         16M (100%)         16M (100%)         16M (100%)         16M (100%)         16M (100%)   
[2024-07-25T19:05:18.743+0800][87.112s][gc,heap     ] GC(4656)      Free:        0M (0%)            0M (0%)            2M (12%)           2M (12%)           6M (38%)           0M (0%)     
[2024-07-25T19:05:18.743+0800][87.112s][gc,heap     ] GC(4656)      Used:       16M (100%)         16M (100%)         14M (88%)          14M (88%)          16M (100%)         10M (62%)    
[2024-07-25T19:05:18.743+0800][87.112s][gc,heap     ] GC(4656)      Live:         -                 8M (54%)           8M (54%)           8M (54%)            -                  -          
[2024-07-25T19:05:18.743+0800][87.112s][gc,heap     ] GC(4656) Allocated:         -                 0M (0%)            4M (25%)           4M (25%)            -                  -          
[2024-07-25T19:05:18.743+0800][87.113s][gc,heap     ] GC(4656)   Garbage:         -                 7M (46%)           1M (8%)            1M (8%)             -                  -          
[2024-07-25T19:05:18.743+0800][87.113s][gc,heap     ] GC(4656) Reclaimed:         -                  -                 6M (38%)           6M (38%)            -                  -          
[2024-07-25T19:05:18.743+0800][87.113s][gc          ] GC(4656) Garbage Collection (Allocation Stall) 16M(100%)->14M(88%)
[2024-07-25T19:05:18.746+0800][87.115s][gc,start    ] GC(4657) Garbage Collection (Allocation Stall)
[2024-07-25T19:05:18.746+0800][87.115s][gc,ref      ] GC(4657) Clearing All SoftReferences
[2024-07-25T19:05:18.746+0800][87.115s][gc,task     ] GC(4657) Using 1 workers
[2024-07-25T19:05:18.746+0800][87.115s][gc,phases   ] GC(4657) Pause Mark Start 0.010ms
[2024-07-25T19:05:18.754+0800][87.123s][gc,phases   ] GC(4657) Concurrent Mark 7.995ms
[2024-07-25T19:05:18.754+0800][87.124s][gc,phases   ] GC(4657) Pause Mark End 0.015ms
[2024-07-25T19:05:18.754+0800][87.124s][gc,phases   ] GC(4657) Concurrent Mark Free 0.002ms
[2024-07-25T19:05:18.757+0800][87.126s][gc,phases   ] GC(4657) Concurrent Process Non-Strong References 1.961ms
[2024-07-25T19:05:18.757+0800][87.126s][gc,phases   ] GC(4657) Concurrent Reset Relocation Set 0.001ms
[2024-07-25T19:05:18.763+0800][87.132s][gc          ] Allocation Stall (main) 17.559ms
[2024-07-25T19:05:18.763+0800][87.133s][gc,phases   ] GC(4657) Concurrent Select Relocation Set 6.627ms
[2024-07-25T19:05:18.763+0800][87.133s][gc,phases   ] GC(4657) Pause Relocate Start 0.011ms
[2024-07-25T19:05:18.763+0800][87.133s][gc,phases   ] GC(4657) Concurrent Relocate 0.024ms
[2024-07-25T19:05:18.763+0800][87.133s][gc,load     ] GC(4657) Load: 0.00/0.00/0.00
[2024-07-25T19:05:18.763+0800][87.133s][gc,mmu      ] GC(4657) MMU: 2ms/88.2%, 5ms/95.3%, 10ms/97.6%, 20ms/98.8%, 50ms/99.4%, 100ms/99.6%
[2024-07-25T19:05:18.763+0800][87.133s][gc,marking  ] GC(4657) Mark: 1 stripe(s), 1 proactive flush(es), 1 terminate flush(es), 0 completion(s), 0 continuation(s) 
[2024-07-25T19:05:18.763+0800][87.133s][gc,marking  ] GC(4657) Mark Stack Usage: 32M
[2024-07-25T19:05:18.763+0800][87.133s][gc,nmethod  ] GC(4657) NMethods: 535 registered, 0 unregistered
[2024-07-25T19:05:18.764+0800][87.133s][gc,metaspace] GC(4657) Metaspace: 1M used, 1M committed, 1088M reserved
[2024-07-25T19:05:18.764+0800][87.133s][gc,ref      ] GC(4657) Soft: 46 encountered, 25 discovered, 0 enqueued
[2024-07-25T19:05:18.764+0800][87.133s][gc,ref      ] GC(4657) Weak: 131 encountered, 107 discovered, 0 enqueued
[2024-07-25T19:05:18.764+0800][87.133s][gc,ref      ] GC(4657) Final: 0 encountered, 0 discovered, 0 enqueued
[2024-07-25T19:05:18.764+0800][87.133s][gc,ref      ] GC(4657) Phantom: 184 encountered, 98 discovered, 0 enqueued
[2024-07-25T19:05:18.764+0800][87.133s][gc,reloc    ] GC(4657) Small Pages: 4 / 8M, Empty: 2M, Relocated: 0M, In-Place: 0
[2024-07-25T19:05:18.764+0800][87.133s][gc,reloc    ] GC(4657) Large Pages: 4 / 8M, Empty: 4M, Relocated: 0M, In-Place: 0
[2024-07-25T19:05:18.764+0800][87.134s][gc,reloc    ] GC(4657) Forwarding Usage: 0M
[2024-07-25T19:05:18.764+0800][87.134s][gc,heap     ] GC(4657) Min Capacity: 8M(50%)
[2024-07-25T19:05:18.764+0800][87.134s][gc,heap     ] GC(4657) Max Capacity: 16M(100%)
[2024-07-25T19:05:18.764+0800][87.134s][gc,heap     ] GC(4657) Soft Max Capacity: 16M(100%)
[2024-07-25T19:05:18.764+0800][87.134s][gc,heap     ] GC(4657)                Mark Start          Mark End        Relocate Start      Relocate End           High               Low         
[2024-07-25T19:05:18.764+0800][87.134s][gc,heap     ] GC(4657)  Capacity:       16M (100%)         16M (100%)         16M (100%)         16M (100%)         16M (100%)         16M (100%)   
[2024-07-25T19:05:18.764+0800][87.134s][gc,heap     ] GC(4657)      Free:        0M (0%)            0M (0%)            2M (12%)           2M (12%)           6M (38%)           0M (0%)     
[2024-07-25T19:05:18.764+0800][87.134s][gc,heap     ] GC(4657)      Used:       16M (100%)         16M (100%)         14M (88%)          14M (88%)          16M (100%)         10M (62%)    
[2024-07-25T19:05:18.764+0800][87.134s][gc,heap     ] GC(4657)      Live:         -                 8M (54%)           8M (54%)           8M (54%)            -                  -          
[2024-07-25T19:05:18.764+0800][87.134s][gc,heap     ] GC(4657) Allocated:         -                 0M (0%)            4M (25%)           4M (25%)            -                  -          
[2024-07-25T19:05:18.764+0800][87.134s][gc,heap     ] GC(4657)   Garbage:         -                 7M (46%)           1M (8%)            1M (8%)             -                  -          
[2024-07-25T19:05:18.764+0800][87.134s][gc,heap     ] GC(4657) Reclaimed:         -                  -                 6M (38%)           6M (38%)            -                  -          
[2024-07-25T19:05:18.764+0800][87.134s][gc          ] GC(4657) Garbage Collection (Allocation Stall) 16M(100%)->14M(88%)
[2024-07-25T19:05:18.767+0800][87.136s][gc,start    ] GC(4658) Garbage Collection (Allocation Stall)
[2024-07-25T19:05:18.767+0800][87.136s][gc,ref      ] GC(4658) Clearing All SoftReferences
[2024-07-25T19:05:18.767+0800][87.137s][gc,task     ] GC(4658) Using 1 workers
[2024-07-25T19:05:18.767+0800][87.137s][gc,phases   ] GC(4658) Pause Mark Start 0.030ms
[2024-07-25T19:05:18.776+0800][87.145s][gc,phases   ] GC(4658) Concurrent Mark 8.101ms
[2024-07-25T19:05:18.776+0800][87.145s][gc,phases   ] GC(4658) Pause Mark End 0.014ms
[2024-07-25T19:05:18.776+0800][87.145s][gc,phases   ] GC(4658) Concurrent Mark Free 0.001ms
[2024-07-25T19:05:18.779+0800][87.148s][gc,phases   ] GC(4658) Concurrent Process Non-Strong References 2.226ms
[2024-07-25T19:05:18.779+0800][87.148s][gc,phases   ] GC(4658) Concurrent Reset Relocation Set 0.001ms
[2024-07-25T19:05:18.783+0800][87.152s][gc          ] Allocation Stall (main) 15.650ms
[2024-07-25T19:05:18.783+0800][87.152s][gc,phases   ] GC(4658) Concurrent Select Relocation Set 4.004ms
[2024-07-25T19:05:18.783+0800][87.152s][gc,phases   ] GC(4658) Pause Relocate Start 0.013ms
[2024-07-25T19:05:18.783+0800][87.152s][gc,phases   ] GC(4658) Concurrent Relocate 0.056ms
[2024-07-25T19:05:18.783+0800][87.152s][gc,load     ] GC(4658) Load: 0.00/0.00/0.00
[2024-07-25T19:05:18.783+0800][87.153s][gc,mmu      ] GC(4658) MMU: 2ms/88.2%, 5ms/95.3%, 10ms/97.6%, 20ms/98.8%, 50ms/99.4%, 100ms/99.6%
[2024-07-25T19:05:18.783+0800][87.153s][gc,marking  ] GC(4658) Mark: 1 stripe(s), 1 proactive flush(es), 1 terminate flush(es), 0 completion(s), 0 continuation(s) 
[2024-07-25T19:05:18.783+0800][87.153s][gc,marking  ] GC(4658) Mark Stack Usage: 32M
[2024-07-25T19:05:18.783+0800][87.153s][gc,nmethod  ] GC(4658) NMethods: 535 registered, 0 unregistered
[2024-07-25T19:05:18.783+0800][87.153s][gc,metaspace] GC(4658) Metaspace: 1M used, 1M committed, 1088M reserved
[2024-07-25T19:05:18.783+0800][87.153s][gc,ref      ] GC(4658) Soft: 46 encountered, 25 discovered, 0 enqueued
[2024-07-25T19:05:18.784+0800][87.153s][gc,ref      ] GC(4658) Weak: 131 encountered, 107 discovered, 0 enqueued
[2024-07-25T19:05:18.784+0800][87.153s][gc,ref      ] GC(4658) Final: 0 encountered, 0 discovered, 0 enqueued
[2024-07-25T19:05:18.784+0800][87.153s][gc,ref      ] GC(4658) Phantom: 184 encountered, 98 discovered, 0 enqueued
[2024-07-25T19:05:18.784+0800][87.153s][gc,reloc    ] GC(4658) Small Pages: 4 / 8M, Empty: 2M, Relocated: 0M, In-Place: 0
[2024-07-25T19:05:18.784+0800][87.153s][gc,reloc    ] GC(4658) Large Pages: 4 / 8M, Empty: 4M, Relocated: 0M, In-Place: 0
[2024-07-25T19:05:18.784+0800][87.153s][gc,reloc    ] GC(4658) Forwarding Usage: 0M
[2024-07-25T19:05:18.784+0800][87.153s][gc,heap     ] GC(4658) Min Capacity: 8M(50%)
[2024-07-25T19:05:18.784+0800][87.153s][gc,heap     ] GC(4658) Max Capacity: 16M(100%)
[2024-07-25T19:05:18.784+0800][87.153s][gc,heap     ] GC(4658) Soft Max Capacity: 16M(100%)
[2024-07-25T19:05:18.784+0800][87.153s][gc,heap     ] GC(4658)                Mark Start          Mark End        Relocate Start      Relocate End           High               Low         
[2024-07-25T19:05:18.784+0800][87.153s][gc,heap     ] GC(4658)  Capacity:       16M (100%)         16M (100%)         16M (100%)         16M (100%)         16M (100%)         16M (100%)   
[2024-07-25T19:05:18.784+0800][87.153s][gc,heap     ] GC(4658)      Free:        0M (0%)            0M (0%)            2M (12%)           2M (12%)           6M (38%)           0M (0%)     
[2024-07-25T19:05:18.784+0800][87.153s][gc,heap     ] GC(4658)      Used:       16M (100%)         16M (100%)         14M (88%)          14M (88%)          16M (100%)         10M (62%)    
[2024-07-25T19:05:18.784+0800][87.154s][gc,heap     ] GC(4658)      Live:         -                 8M (54%)           8M (54%)           8M (54%)            -                  -          
[2024-07-25T19:05:18.784+0800][87.154s][gc,heap     ] GC(4658) Allocated:         -                 0M (0%)            4M (25%)           4M (25%)            -                  -          
[2024-07-25T19:05:18.785+0800][87.154s][gc,heap     ] GC(4658)   Garbage:         -                 7M (46%)           1M (8%)            1M (8%)             -                  -          
[2024-07-25T19:05:18.785+0800][87.154s][gc,heap     ] GC(4658) Reclaimed:         -                  -                 6M (38%)           6M (38%)            -                  -          
[2024-07-25T19:05:18.785+0800][87.154s][gc          ] GC(4658) Garbage Collection (Allocation Stall) 16M(100%)->14M(88%)
[2024-07-25T19:05:18.788+0800][87.157s][gc,start    ] GC(4659) Garbage Collection (Allocation Stall)
[2024-07-25T19:05:18.788+0800][87.157s][gc,ref      ] GC(4659) Clearing All SoftReferences
[2024-07-25T19:05:18.788+0800][87.157s][gc,task     ] GC(4659) Using 1 workers
[2024-07-25T19:05:18.788+0800][87.157s][gc,phases   ] GC(4659) Pause Mark Start 0.010ms
[2024-07-25T19:05:18.796+0800][87.165s][gc,phases   ] GC(4659) Concurrent Mark 7.933ms
[2024-07-25T19:05:18.796+0800][87.165s][gc,phases   ] GC(4659) Pause Mark End 0.014ms
[2024-07-25T19:05:18.796+0800][87.166s][gc,phases   ] GC(4659) Concurrent Mark Free 0.001ms
[2024-07-25T19:05:18.799+0800][87.168s][gc,phases   ] GC(4659) Concurrent Process Non-Strong References 2.169ms
[2024-07-25T19:05:18.799+0800][87.168s][gc,phases   ] GC(4659) Concurrent Reset Relocation Set 0.001ms
[2024-07-25T19:05:18.802+0800][87.172s][gc          ] Allocation Stall (main) 14.814ms
[2024-07-25T19:05:18.803+0800][87.172s][gc,phases   ] GC(4659) Concurrent Select Relocation Set 3.740ms
[2024-07-25T19:05:18.803+0800][87.172s][gc,phases   ] GC(4659) Pause Relocate Start 0.011ms
[2024-07-25T19:05:18.803+0800][87.172s][gc,phases   ] GC(4659) Concurrent Relocate 0.055ms
[2024-07-25T19:05:18.803+0800][87.172s][gc,load     ] GC(4659) Load: 0.00/0.00/0.00
[2024-07-25T19:05:18.803+0800][87.172s][gc,mmu      ] GC(4659) MMU: 2ms/88.2%, 5ms/95.3%, 10ms/97.6%, 20ms/98.8%, 50ms/99.4%, 100ms/99.6%
[2024-07-25T19:05:18.803+0800][87.172s][gc,marking  ] GC(4659) Mark: 1 stripe(s), 1 proactive flush(es), 1 terminate flush(es), 0 completion(s), 0 continuation(s) 
[2024-07-25T19:05:18.803+0800][87.172s][gc,marking  ] GC(4659) Mark Stack Usage: 32M
[2024-07-25T19:05:18.803+0800][87.173s][gc,nmethod  ] GC(4659) NMethods: 535 registered, 0 unregistered
[2024-07-25T19:05:18.803+0800][87.173s][gc,metaspace] GC(4659) Metaspace: 1M used, 1M committed, 1088M reserved
[2024-07-25T19:05:18.803+0800][87.173s][gc,ref      ] GC(4659) Soft: 46 encountered, 25 discovered, 0 enqueued
[2024-07-25T19:05:18.803+0800][87.173s][gc,ref      ] GC(4659) Weak: 131 encountered, 107 discovered, 0 enqueued
[2024-07-25T19:05:18.803+0800][87.173s][gc,ref      ] GC(4659) Final: 0 encountered, 0 discovered, 0 enqueued
[2024-07-25T19:05:18.803+0800][87.173s][gc,ref      ] GC(4659) Phantom: 184 encountered, 98 discovered, 0 enqueued
[2024-07-25T19:05:18.803+0800][87.173s][gc,reloc    ] GC(4659) Small Pages: 4 / 8M, Empty: 2M, Relocated: 0M, In-Place: 0
[2024-07-25T19:05:18.804+0800][87.173s][gc,reloc    ] GC(4659) Large Pages: 4 / 8M, Empty: 4M, Relocated: 0M, In-Place: 0
[2024-07-25T19:05:18.804+0800][87.173s][gc,reloc    ] GC(4659) Forwarding Usage: 0M
[2024-07-25T19:05:18.804+0800][87.173s][gc,heap     ] GC(4659) Min Capacity: 8M(50%)
[2024-07-25T19:05:18.804+0800][87.173s][gc,heap     ] GC(4659) Max Capacity: 16M(100%)
[2024-07-25T19:05:18.804+0800][87.173s][gc,heap     ] GC(4659) Soft Max Capacity: 16M(100%)
[2024-07-25T19:05:18.804+0800][87.173s][gc,heap     ] GC(4659)                Mark Start          Mark End        Relocate Start      Relocate End           High               Low         
[2024-07-25T19:05:18.804+0800][87.173s][gc,heap     ] GC(4659)  Capacity:       16M (100%)         16M (100%)         16M (100%)         16M (100%)         16M (100%)         16M (100%)   
[2024-07-25T19:05:18.804+0800][87.173s][gc,heap     ] GC(4659)      Free:        0M (0%)            0M (0%)            2M (12%)           2M (12%)           6M (38%)           0M (0%)     
[2024-07-25T19:05:18.804+0800][87.173s][gc,heap     ] GC(4659)      Used:       16M (100%)         16M (100%)         14M (88%)          14M (88%)          16M (100%)         10M (62%)    
[2024-07-25T19:05:18.804+0800][87.173s][gc,heap     ] GC(4659)      Live:         -                 8M (54%)           8M (54%)           8M (54%)            -                  -          
[2024-07-25T19:05:18.804+0800][87.173s][gc,heap     ] GC(4659) Allocated:         -                 0M (0%)            4M (25%)           4M (25%)            -                  -          
[2024-07-25T19:05:18.804+0800][87.173s][gc,heap     ] GC(4659)   Garbage:         -                 7M (46%)           1M (8%)            1M (8%)             -                  -          
[2024-07-25T19:05:18.804+0800][87.173s][gc,heap     ] GC(4659) Reclaimed:         -                  -                 6M (38%)           6M (38%)            -                  -          
[2024-07-25T19:05:18.804+0800][87.173s][gc          ] GC(4659) Garbage Collection (Allocation Stall) 16M(100%)->14M(88%)
[2024-07-25T19:05:18.809+0800][87.178s][gc,start    ] GC(4660) Garbage Collection (Allocation Stall)
[2024-07-25T19:05:18.809+0800][87.178s][gc,ref      ] GC(4660) Clearing All SoftReferences
[2024-07-25T19:05:18.809+0800][87.178s][gc,task     ] GC(4660) Using 1 workers
[2024-07-25T19:05:18.809+0800][87.178s][gc,phases   ] GC(4660) Pause Mark Start 0.009ms
[2024-07-25T19:05:18.817+0800][87.186s][gc,phases   ] GC(4660) Concurrent Mark 7.144ms
[2024-07-25T19:05:18.817+0800][87.186s][gc,phases   ] GC(4660) Pause Mark End 0.012ms
[2024-07-25T19:05:18.817+0800][87.186s][gc,phases   ] GC(4660) Concurrent Mark Free 0.001ms
[2024-07-25T19:05:18.819+0800][87.188s][gc,phases   ] GC(4660) Concurrent Process Non-Strong References 2.012ms
[2024-07-25T19:05:18.819+0800][87.188s][gc,phases   ] GC(4660) Concurrent Reset Relocation Set 0.001ms
[2024-07-25T19:05:18.822+0800][87.192s][gc,phases   ] GC(4660) Concurrent Select Relocation Set 3.389ms
[2024-07-25T19:05:18.822+0800][87.192s][gc          ] Allocation Stall (main) 13.451ms
[2024-07-25T19:05:18.822+0800][87.192s][gc,phases   ] GC(4660) Pause Relocate Start 0.007ms
[2024-07-25T19:05:18.823+0800][87.192s][gc,phases   ] GC(4660) Concurrent Relocate 0.059ms
[2024-07-25T19:05:18.823+0800][87.192s][gc,load     ] GC(4660) Load: 0.00/0.00/0.00
[2024-07-25T19:05:18.823+0800][87.192s][gc,mmu      ] GC(4660) MMU: 2ms/88.2%, 5ms/95.3%, 10ms/97.6%, 20ms/98.8%, 50ms/99.4%, 100ms/99.6%
[2024-07-25T19:05:18.823+0800][87.192s][gc,marking  ] GC(4660) Mark: 1 stripe(s), 1 proactive flush(es), 1 terminate flush(es), 0 completion(s), 0 continuation(s) 
[2024-07-25T19:05:18.823+0800][87.192s][gc,marking  ] GC(4660) Mark Stack Usage: 32M
[2024-07-25T19:05:18.823+0800][87.192s][gc,nmethod  ] GC(4660) NMethods: 535 registered, 0 unregistered
[2024-07-25T19:05:18.823+0800][87.192s][gc,metaspace] GC(4660) Metaspace: 1M used, 1M committed, 1088M reserved
[2024-07-25T19:05:18.823+0800][87.192s][gc,ref      ] GC(4660) Soft: 46 encountered, 25 discovered, 0 enqueued
[2024-07-25T19:05:18.823+0800][87.192s][gc,ref      ] GC(4660) Weak: 131 encountered, 107 discovered, 0 enqueued
[2024-07-25T19:05:18.823+0800][87.192s][gc,ref      ] GC(4660) Final: 0 encountered, 0 discovered, 0 enqueued
[2024-07-25T19:05:18.823+0800][87.192s][gc,ref      ] GC(4660) Phantom: 184 encountered, 98 discovered, 0 enqueued
[2024-07-25T19:05:18.823+0800][87.192s][gc,reloc    ] GC(4660) Small Pages: 4 / 8M, Empty: 2M, Relocated: 0M, In-Place: 0
[2024-07-25T19:05:18.823+0800][87.192s][gc,reloc    ] GC(4660) Large Pages: 4 / 8M, Empty: 4M, Relocated: 0M, In-Place: 0
[2024-07-25T19:05:18.823+0800][87.192s][gc,reloc    ] GC(4660) Forwarding Usage: 0M
[2024-07-25T19:05:18.823+0800][87.192s][gc,heap     ] GC(4660) Min Capacity: 8M(50%)
[2024-07-25T19:05:18.823+0800][87.192s][gc,heap     ] GC(4660) Max Capacity: 16M(100%)
[2024-07-25T19:05:18.823+0800][87.193s][gc,heap     ] GC(4660) Soft Max Capacity: 16M(100%)
[2024-07-25T19:05:18.823+0800][87.193s][gc,heap     ] GC(4660)                Mark Start          Mark End        Relocate Start      Relocate End           High               Low         
[2024-07-25T19:05:18.823+0800][87.193s][gc,heap     ] GC(4660)  Capacity:       16M (100%)         16M (100%)         16M (100%)         16M (100%)         16M (100%)         16M (100%)   
[2024-07-25T19:05:18.823+0800][87.193s][gc,heap     ] GC(4660)      Free:        0M (0%)            0M (0%)            4M (25%)           4M (25%)           6M (38%)           0M (0%)     
[2024-07-25T19:05:18.823+0800][87.193s][gc,heap     ] GC(4660)      Used:       16M (100%)         16M (100%)         12M (75%)          12M (75%)          16M (100%)         10M (62%)    
[2024-07-25T19:05:18.823+0800][87.193s][gc,heap     ] GC(4660)      Live:         -                 8M (54%)           8M (54%)           8M (54%)            -                  -          
[2024-07-25T19:05:18.823+0800][87.193s][gc,heap     ] GC(4660) Allocated:         -                 0M (0%)            2M (12%)           2M (12%)            -                  -          
[2024-07-25T19:05:18.823+0800][87.193s][gc,heap     ] GC(4660)   Garbage:         -                 7M (46%)           1M (8%)            1M (8%)             -                  -          
[2024-07-25T19:05:18.824+0800][87.193s][gc,heap     ] GC(4660) Reclaimed:         -                  -                 6M (38%)           6M (38%)            -                  -          
[2024-07-25T19:05:18.824+0800][87.193s][gc          ] GC(4660) Garbage Collection (Allocation Stall) 16M(100%)->12M(75%)
[2024-07-25T19:05:18.827+0800][87.196s][gc,start    ] GC(4661) Garbage Collection (Allocation Stall)
[2024-07-25T19:05:18.827+0800][87.196s][gc,ref      ] GC(4661) Clearing All SoftReferences
[2024-07-25T19:05:18.827+0800][87.196s][gc,task     ] GC(4661) Using 1 workers
[2024-07-25T19:05:18.827+0800][87.196s][gc,phases   ] GC(4661) Pause Mark Start 0.010ms
[2024-07-25T19:05:18.835+0800][87.204s][gc,phases   ] GC(4661) Concurrent Mark 7.165ms
[2024-07-25T19:05:18.835+0800][87.204s][gc,phases   ] GC(4661) Pause Mark End 0.010ms
[2024-07-25T19:05:18.835+0800][87.204s][gc,phases   ] GC(4661) Concurrent Mark Free 0.001ms
[2024-07-25T19:05:18.837+0800][87.206s][gc,phases   ] GC(4661) Concurrent Process Non-Strong References 2.014ms
[2024-07-25T19:05:18.837+0800][87.206s][gc,phases   ] GC(4661) Concurrent Reset Relocation Set 0.001ms
[2024-07-25T19:05:18.841+0800][87.210s][gc,phases   ] GC(4661) Concurrent Select Relocation Set 3.244ms
[2024-07-25T19:05:18.841+0800][87.210s][gc          ] Allocation Stall (main) 13.482ms
[2024-07-25T19:05:18.841+0800][87.210s][gc,phases   ] GC(4661) Pause Relocate Start 0.008ms
[2024-07-25T19:05:18.841+0800][87.210s][gc,phases   ] GC(4661) Concurrent Relocate 0.032ms
[2024-07-25T19:05:18.841+0800][87.210s][gc,load     ] GC(4661) Load: 0.00/0.00/0.00
[2024-07-25T19:05:18.841+0800][87.210s][gc,mmu      ] GC(4661) MMU: 2ms/88.2%, 5ms/95.3%, 10ms/97.6%, 20ms/98.8%, 50ms/99.4%, 100ms/99.6%
[2024-07-25T19:05:18.841+0800][87.210s][gc,marking  ] GC(4661) Mark: 1 stripe(s), 1 proactive flush(es), 1 terminate flush(es), 0 completion(s), 0 continuation(s) 
[2024-07-25T19:05:18.841+0800][87.210s][gc,marking  ] GC(4661) Mark Stack Usage: 32M
[2024-07-25T19:05:18.841+0800][87.210s][gc,nmethod  ] GC(4661) NMethods: 535 registered, 0 unregistered
[2024-07-25T19:05:18.841+0800][87.210s][gc,metaspace] GC(4661) Metaspace: 1M used, 1M committed, 1088M reserved
[2024-07-25T19:05:18.841+0800][87.210s][gc,ref      ] GC(4661) Soft: 46 encountered, 25 discovered, 0 enqueued
[2024-07-25T19:05:18.841+0800][87.210s][gc,ref      ] GC(4661) Weak: 131 encountered, 107 discovered, 0 enqueued
[2024-07-25T19:05:18.841+0800][87.210s][gc,ref      ] GC(4661) Final: 0 encountered, 0 discovered, 0 enqueued
[2024-07-25T19:05:18.841+0800][87.210s][gc,ref      ] GC(4661) Phantom: 184 encountered, 98 discovered, 0 enqueued
[2024-07-25T19:05:18.841+0800][87.210s][gc,reloc    ] GC(4661) Small Pages: 4 / 8M, Empty: 2M, Relocated: 0M, In-Place: 0
[2024-07-25T19:05:18.841+0800][87.210s][gc,reloc    ] GC(4661) Large Pages: 4 / 8M, Empty: 4M, Relocated: 0M, In-Place: 0
[2024-07-25T19:05:18.841+0800][87.210s][gc,reloc    ] GC(4661) Forwarding Usage: 0M
[2024-07-25T19:05:18.841+0800][87.210s][gc,heap     ] GC(4661) Min Capacity: 8M(50%)
[2024-07-25T19:05:18.841+0800][87.210s][gc,heap     ] GC(4661) Max Capacity: 16M(100%)
[2024-07-25T19:05:18.841+0800][87.211s][gc,heap     ] GC(4661) Soft Max Capacity: 16M(100%)
[2024-07-25T19:05:18.841+0800][87.211s][gc,heap     ] GC(4661)                Mark Start          Mark End        Relocate Start      Relocate End           High               Low         
[2024-07-25T19:05:18.841+0800][87.211s][gc,heap     ] GC(4661)  Capacity:       16M (100%)         16M (100%)         16M (100%)         16M (100%)         16M (100%)         16M (100%)   
[2024-07-25T19:05:18.841+0800][87.211s][gc,heap     ] GC(4661)      Free:        0M (0%)            0M (0%)            4M (25%)           4M (25%)           6M (38%)           0M (0%)     
[2024-07-25T19:05:18.841+0800][87.211s][gc,heap     ] GC(4661)      Used:       16M (100%)         16M (100%)         12M (75%)          12M (75%)          16M (100%)         10M (62%)    
[2024-07-25T19:05:18.841+0800][87.211s][gc,heap     ] GC(4661)      Live:         -                 8M (54%)           8M (54%)           8M (54%)            -                  -          
[2024-07-25T19:05:18.841+0800][87.211s][gc,heap     ] GC(4661) Allocated:         -                 0M (0%)            2M (12%)           2M (12%)            -                  -          
[2024-07-25T19:05:18.841+0800][87.211s][gc,heap     ] GC(4661)   Garbage:         -                 7M (46%)           1M (8%)            1M (8%)             -                  -          
[2024-07-25T19:05:18.842+0800][87.211s][gc,heap     ] GC(4661) Reclaimed:         -                  -                 6M (38%)           6M (38%)            -                  -          
[2024-07-25T19:05:18.842+0800][87.211s][gc          ] GC(4661) Garbage Collection (Allocation Stall) 16M(100%)->12M(75%)
[2024-07-25T19:05:18.845+0800][87.214s][gc,start    ] GC(4662) Garbage Collection (Allocation Stall)
[2024-07-25T19:05:18.845+0800][87.214s][gc,ref      ] GC(4662) Clearing All SoftReferences
[2024-07-25T19:05:18.845+0800][87.214s][gc,task     ] GC(4662) Using 1 workers
[2024-07-25T19:05:18.846+0800][87.215s][gc,phases   ] GC(4662) Pause Mark Start 0.017ms
[2024-07-25T19:05:18.859+0800][87.229s][gc,phases   ] GC(4662) Concurrent Mark 13.645ms
[2024-07-25T19:05:18.860+0800][87.229s][gc,phases   ] GC(4662) Pause Mark End 0.029ms
[2024-07-25T19:05:18.860+0800][87.229s][gc,phases   ] GC(4662) Concurrent Mark Free 0.003ms
[2024-07-25T19:05:18.864+0800][87.233s][gc,phases   ] GC(4662) Concurrent Process Non-Strong References 4.096ms
[2024-07-25T19:05:18.864+0800][87.234s][gc,phases   ] GC(4662) Concurrent Reset Relocation Set 0.002ms
[2024-07-25T19:05:18.871+0800][87.240s][gc          ] Allocation Stall (main) 25.870ms
[2024-07-25T19:05:18.871+0800][87.240s][gc,phases   ] GC(4662) Concurrent Select Relocation Set 6.359ms
[2024-07-25T19:05:18.871+0800][87.241s][gc,phases   ] GC(4662) Pause Relocate Start 0.019ms
[2024-07-25T19:05:18.872+0800][87.241s][gc,phases   ] GC(4662) Concurrent Relocate 0.323ms
[2024-07-25T19:05:18.873+0800][87.242s][gc,load     ] GC(4662) Load: 0.00/0.00/0.00
[2024-07-25T19:05:18.873+0800][87.242s][gc,mmu      ] GC(4662) MMU: 2ms/88.2%, 5ms/95.3%, 10ms/97.6%, 20ms/98.8%, 50ms/99.4%, 100ms/99.6%
[2024-07-25T19:05:18.873+0800][87.242s][gc,marking  ] GC(4662) Mark: 1 stripe(s), 1 proactive flush(es), 1 terminate flush(es), 0 completion(s), 0 continuation(s) 
[2024-07-25T19:05:18.873+0800][87.242s][gc,marking  ] GC(4662) Mark Stack Usage: 32M
[2024-07-25T19:05:18.873+0800][87.242s][gc,nmethod  ] GC(4662) NMethods: 535 registered, 0 unregistered
[2024-07-25T19:05:18.873+0800][87.242s][gc,metaspace] GC(4662) Metaspace: 1M used, 1M committed, 1088M reserved
[2024-07-25T19:05:18.873+0800][87.242s][gc,ref      ] GC(4662) Soft: 46 encountered, 25 discovered, 0 enqueued
[2024-07-25T19:05:18.873+0800][87.242s][gc,ref      ] GC(4662) Weak: 131 encountered, 107 discovered, 0 enqueued
[2024-07-25T19:05:18.874+0800][87.243s][gc,ref      ] GC(4662) Final: 0 encountered, 0 discovered, 0 enqueued
[2024-07-25T19:05:18.874+0800][87.243s][gc,ref      ] GC(4662) Phantom: 184 encountered, 98 discovered, 0 enqueued
[2024-07-25T19:05:18.874+0800][87.243s][gc,reloc    ] GC(4662) Small Pages: 4 / 8M, Empty: 2M, Relocated: 0M, In-Place: 0
[2024-07-25T19:05:18.874+0800][87.243s][gc,reloc    ] GC(4662) Large Pages: 4 / 8M, Empty: 4M, Relocated: 0M, In-Place: 0
[2024-07-25T19:05:18.874+0800][87.243s][gc,reloc    ] GC(4662) Forwarding Usage: 0M
[2024-07-25T19:05:18.874+0800][87.243s][gc,heap     ] GC(4662) Min Capacity: 8M(50%)
[2024-07-25T19:05:18.874+0800][87.243s][gc,heap     ] GC(4662) Max Capacity: 16M(100%)
[2024-07-25T19:05:18.874+0800][87.243s][gc,heap     ] GC(4662) Soft Max Capacity: 16M(100%)
[2024-07-25T19:05:18.874+0800][87.243s][gc,heap     ] GC(4662)                Mark Start          Mark End        Relocate Start      Relocate End           High               Low         
[2024-07-25T19:05:18.875+0800][87.244s][gc,heap     ] GC(4662)  Capacity:       16M (100%)         16M (100%)         16M (100%)         16M (100%)         16M (100%)         16M (100%)   
[2024-07-25T19:05:18.875+0800][87.244s][gc,heap     ] GC(4662)      Free:        0M (0%)            0M (0%)            2M (12%)           2M (12%)           6M (38%)           0M (0%)     
[2024-07-25T19:05:18.875+0800][87.244s][gc,heap     ] GC(4662)      Used:       16M (100%)         16M (100%)         14M (88%)          14M (88%)          16M (100%)         10M (62%)    
[2024-07-25T19:05:18.875+0800][87.244s][gc,heap     ] GC(4662)      Live:         -                 8M (54%)           8M (54%)           8M (54%)            -                  -          
[2024-07-25T19:05:18.875+0800][87.244s][gc,heap     ] GC(4662) Allocated:         -                 0M (0%)            4M (25%)           4M (25%)            -                  -          
[2024-07-25T19:05:18.875+0800][87.244s][gc,heap     ] GC(4662)   Garbage:         -                 7M (46%)           1M (8%)            1M (8%)             -                  -          
[2024-07-25T19:05:18.875+0800][87.244s][gc,heap     ] GC(4662) Reclaimed:         -                  -                 6M (38%)           6M (38%)            -                  -          
[2024-07-25T19:05:18.875+0800][87.244s][gc          ] GC(4662) Garbage Collection (Allocation Stall) 16M(100%)->14M(88%)
[2024-07-25T19:05:18.875+0800][87.245s][gc,start    ] GC(4663) Garbage Collection (Allocation Stall)
[2024-07-25T19:05:18.876+0800][87.245s][gc,ref      ] GC(4663) Clearing All SoftReferences
[2024-07-25T19:05:18.876+0800][87.245s][gc,task     ] GC(4663) Using 1 workers
[2024-07-25T19:05:18.876+0800][87.245s][gc,phases   ] GC(4663) Pause Mark Start 0.017ms
[2024-07-25T19:05:18.889+0800][87.258s][gc,phases   ] GC(4663) Concurrent Mark 12.923ms
[2024-07-25T19:05:18.889+0800][87.259s][gc,phases   ] GC(4663) Pause Mark End 0.021ms
[2024-07-25T19:05:18.890+0800][87.259s][gc,phases   ] GC(4663) Concurrent Mark Free 0.004ms
[2024-07-25T19:05:18.893+0800][87.263s][gc,phases   ] GC(4663) Concurrent Process Non-Strong References 3.588ms
[2024-07-25T19:05:18.894+0800][87.263s][gc,phases   ] GC(4663) Concurrent Reset Relocation Set 0.002ms
[2024-07-25T19:05:18.899+0800][87.269s][gc          ] Allocation Stall (main) 24.917ms
[2024-07-25T19:05:18.899+0800][87.269s][gc,phases   ] GC(4663) Concurrent Select Relocation Set 5.816ms
[2024-07-25T19:05:18.900+0800][87.269s][gc,phases   ] GC(4663) Pause Relocate Start 0.039ms
[2024-07-25T19:05:18.900+0800][87.270s][gc,phases   ] GC(4663) Concurrent Relocate 0.149ms
[2024-07-25T19:05:18.900+0800][87.270s][gc,load     ] GC(4663) Load: 0.00/0.00/0.00
[2024-07-25T19:05:18.900+0800][87.270s][gc,mmu      ] GC(4663) MMU: 2ms/88.2%, 5ms/95.3%, 10ms/97.6%, 20ms/98.8%, 50ms/99.4%, 100ms/99.6%
[2024-07-25T19:05:18.900+0800][87.270s][gc,marking  ] GC(4663) Mark: 1 stripe(s), 1 proactive flush(es), 1 terminate flush(es), 0 completion(s), 0 continuation(s) 
[2024-07-25T19:05:18.900+0800][87.270s][gc,marking  ] GC(4663) Mark Stack Usage: 32M
[2024-07-25T19:05:18.900+0800][87.270s][gc,nmethod  ] GC(4663) NMethods: 535 registered, 0 unregistered
[2024-07-25T19:05:18.900+0800][87.270s][gc,metaspace] GC(4663) Metaspace: 1M used, 1M committed, 1088M reserved
[2024-07-25T19:05:18.901+0800][87.270s][gc,ref      ] GC(4663) Soft: 46 encountered, 25 discovered, 0 enqueued
[2024-07-25T19:05:18.901+0800][87.270s][gc,ref      ] GC(4663) Weak: 131 encountered, 107 discovered, 0 enqueued
[2024-07-25T19:05:18.901+0800][87.270s][gc,ref      ] GC(4663) Final: 0 encountered, 0 discovered, 0 enqueued
[2024-07-25T19:05:18.901+0800][87.270s][gc,ref      ] GC(4663) Phantom: 184 encountered, 98 discovered, 0 enqueued
[2024-07-25T19:05:18.901+0800][87.270s][gc,reloc    ] GC(4663) Small Pages: 4 / 8M, Empty: 2M, Relocated: 0M, In-Place: 0
[2024-07-25T19:05:18.901+0800][87.271s][gc,reloc    ] GC(4663) Large Pages: 4 / 8M, Empty: 4M, Relocated: 0M, In-Place: 0
[2024-07-25T19:05:18.901+0800][87.271s][gc,reloc    ] GC(4663) Forwarding Usage: 0M
[2024-07-25T19:05:18.901+0800][87.271s][gc,heap     ] GC(4663) Min Capacity: 8M(50%)
[2024-07-25T19:05:18.901+0800][87.271s][gc,heap     ] GC(4663) Max Capacity: 16M(100%)
[2024-07-25T19:05:18.901+0800][87.271s][gc,heap     ] GC(4663) Soft Max Capacity: 16M(100%)
[2024-07-25T19:05:18.901+0800][87.271s][gc,heap     ] GC(4663)                Mark Start          Mark End        Relocate Start      Relocate End           High               Low         
[2024-07-25T19:05:18.901+0800][87.271s][gc,heap     ] GC(4663)  Capacity:       16M (100%)         16M (100%)         16M (100%)         16M (100%)         16M (100%)         16M (100%)   
[2024-07-25T19:05:18.901+0800][87.271s][gc,heap     ] GC(4663)      Free:        0M (0%)            0M (0%)            2M (12%)           2M (12%)           6M (38%)           0M (0%)     
[2024-07-25T19:05:18.901+0800][87.271s][gc,heap     ] GC(4663)      Used:       16M (100%)         16M (100%)         14M (88%)          14M (88%)          16M (100%)         10M (62%)    
[2024-07-25T19:05:18.901+0800][87.271s][gc,heap     ] GC(4663)      Live:         -                 8M (54%)           8M (54%)           8M (54%)            -                  -          
[2024-07-25T19:05:18.902+0800][87.271s][gc,heap     ] GC(4663) Allocated:         -                 0M (0%)            4M (25%)           4M (25%)            -                  -          
[2024-07-25T19:05:18.902+0800][87.271s][gc,heap     ] GC(4663)   Garbage:         -                 7M (46%)           1M (8%)            1M (8%)             -                  -          
[2024-07-25T19:05:18.902+0800][87.271s][gc,heap     ] GC(4663) Reclaimed:         -                  -                 6M (38%)           6M (38%)            -                  -          
[2024-07-25T19:05:18.902+0800][87.271s][gc          ] GC(4663) Garbage Collection (Allocation Stall) 16M(100%)->14M(88%)
[2024-07-25T19:05:18.905+0800][87.274s][gc,start    ] GC(4664) Garbage Collection (Allocation Stall)
[2024-07-25T19:05:18.905+0800][87.275s][gc,ref      ] GC(4664) Clearing All SoftReferences
[2024-07-25T19:05:18.905+0800][87.275s][gc,task     ] GC(4664) Using 1 workers
[2024-07-25T19:05:18.905+0800][87.275s][gc,phases   ] GC(4664) Pause Mark Start 0.016ms
[2024-07-25T19:05:18.925+0800][87.295s][gc,phases   ] GC(4664) Concurrent Mark 19.417ms
[2024-07-25T19:05:18.926+0800][87.295s][gc,phases   ] GC(4664) Pause Mark End 0.081ms
[2024-07-25T19:05:18.926+0800][87.295s][gc,phases   ] GC(4664) Concurrent Mark Free 0.003ms
[2024-07-25T19:05:18.931+0800][87.300s][gc,phases   ] GC(4664) Concurrent Process Non-Strong References 4.568ms
[2024-07-25T19:05:18.931+0800][87.300s][gc,phases   ] GC(4664) Concurrent Reset Relocation Set 0.002ms
[2024-07-25T19:05:18.938+0800][87.307s][gc          ] Allocation Stall (main) 32.910ms
[2024-07-25T19:05:18.938+0800][87.307s][gc,phases   ] GC(4664) Concurrent Select Relocation Set 7.024ms
[2024-07-25T19:05:18.939+0800][87.308s][gc,phases   ] GC(4664) Pause Relocate Start 0.042ms
[2024-07-25T19:05:18.939+0800][87.308s][gc,phases   ] GC(4664) Concurrent Relocate 0.124ms
[2024-07-25T19:05:18.939+0800][87.309s][gc,load     ] GC(4664) Load: 0.00/0.00/0.00
[2024-07-25T19:05:18.939+0800][87.309s][gc,mmu      ] GC(4664) MMU: 2ms/88.2%, 5ms/95.3%, 10ms/97.6%, 20ms/98.8%, 50ms/99.4%, 100ms/99.6%
[2024-07-25T19:05:18.940+0800][87.309s][gc,marking  ] GC(4664) Mark: 1 stripe(s), 1 proactive flush(es), 1 terminate flush(es), 0 completion(s), 0 continuation(s) 
[2024-07-25T19:05:18.940+0800][87.309s][gc,marking  ] GC(4664) Mark Stack Usage: 32M
[2024-07-25T19:05:18.940+0800][87.309s][gc,nmethod  ] GC(4664) NMethods: 535 registered, 0 unregistered
[2024-07-25T19:05:18.940+0800][87.309s][gc,metaspace] GC(4664) Metaspace: 1M used, 1M committed, 1088M reserved
[2024-07-25T19:05:18.940+0800][87.309s][gc,ref      ] GC(4664) Soft: 46 encountered, 25 discovered, 0 enqueued
[2024-07-25T19:05:18.940+0800][87.309s][gc,ref      ] GC(4664) Weak: 131 encountered, 107 discovered, 0 enqueued
[2024-07-25T19:05:18.940+0800][87.309s][gc,ref      ] GC(4664) Final: 0 encountered, 0 discovered, 0 enqueued
[2024-07-25T19:05:18.940+0800][87.309s][gc,ref      ] GC(4664) Phantom: 184 encountered, 98 discovered, 0 enqueued
[2024-07-25T19:05:18.940+0800][87.310s][gc,reloc    ] GC(4664) Small Pages: 4 / 8M, Empty: 2M, Relocated: 0M, In-Place: 0
[2024-07-25T19:05:18.940+0800][87.310s][gc,reloc    ] GC(4664) Large Pages: 4 / 8M, Empty: 4M, Relocated: 0M, In-Place: 0
[2024-07-25T19:05:18.940+0800][87.310s][gc,reloc    ] GC(4664) Forwarding Usage: 0M
[2024-07-25T19:05:18.941+0800][87.310s][gc,heap     ] GC(4664) Min Capacity: 8M(50%)
[2024-07-25T19:05:18.941+0800][87.310s][gc,heap     ] GC(4664) Max Capacity: 16M(100%)
[2024-07-25T19:05:18.941+0800][87.310s][gc,heap     ] GC(4664) Soft Max Capacity: 16M(100%)
[2024-07-25T19:05:18.941+0800][87.310s][gc,heap     ] GC(4664)                Mark Start          Mark End        Relocate Start      Relocate End           High               Low         
[2024-07-25T19:05:18.941+0800][87.310s][gc,heap     ] GC(4664)  Capacity:       16M (100%)         16M (100%)         16M (100%)         16M (100%)         16M (100%)         16M (100%)   
[2024-07-25T19:05:18.941+0800][87.310s][gc,heap     ] GC(4664)      Free:        0M (0%)            0M (0%)            4M (25%)           4M (25%)           6M (38%)           0M (0%)     
[2024-07-25T19:05:18.942+0800][87.311s][gc,heap     ] GC(4664)      Used:       16M (100%)         16M (100%)         12M (75%)          12M (75%)          16M (100%)         10M (62%)    
[2024-07-25T19:05:18.942+0800][87.311s][gc,heap     ] GC(4664)      Live:         -                 8M (54%)           8M (54%)           8M (54%)            -                  -          
[2024-07-25T19:05:18.942+0800][87.311s][gc,heap     ] GC(4664) Allocated:         -                 0M (0%)            2M (12%)           2M (12%)            -                  -          
[2024-07-25T19:05:18.942+0800][87.311s][gc,heap     ] GC(4664)   Garbage:         -                 7M (46%)           1M (8%)            1M (8%)             -                  -          
[2024-07-25T19:05:18.942+0800][87.311s][gc,heap     ] GC(4664) Reclaimed:         -                  -                 6M (38%)           6M (38%)            -                  -          
[2024-07-25T19:05:18.942+0800][87.311s][gc          ] GC(4664) Garbage Collection (Allocation Stall) 16M(100%)->12M(75%)
[2024-07-25T19:05:18.943+0800][87.312s][gc,start    ] GC(4665) Garbage Collection (Allocation Stall)
[2024-07-25T19:05:18.943+0800][87.312s][gc,ref      ] GC(4665) Clearing All SoftReferences
[2024-07-25T19:05:18.943+0800][87.312s][gc,task     ] GC(4665) Using 1 workers
[2024-07-25T19:05:18.943+0800][87.312s][gc,phases   ] GC(4665) Pause Mark Start 0.019ms
[2024-07-25T19:05:18.954+0800][87.323s][gc,phases   ] GC(4665) Concurrent Mark 10.868ms
[2024-07-25T19:05:18.954+0800][87.324s][gc,phases   ] GC(4665) Pause Mark End 0.016ms
[2024-07-25T19:05:18.955+0800][87.324s][gc,phases   ] GC(4665) Concurrent Mark Free 0.002ms
[2024-07-25T19:05:18.957+0800][87.326s][gc,phases   ] GC(4665) Concurrent Process Non-Strong References 2.314ms
[2024-07-25T19:05:18.957+0800][87.326s][gc,phases   ] GC(4665) Concurrent Reset Relocation Set 0.001ms
[2024-07-25T19:05:18.961+0800][87.330s][gc          ] Allocation Stall (main) 18.647ms
[2024-07-25T19:05:18.961+0800][87.330s][gc,phases   ] GC(4665) Concurrent Select Relocation Set 4.092ms
[2024-07-25T19:05:18.961+0800][87.331s][gc,phases   ] GC(4665) Pause Relocate Start 0.012ms
[2024-07-25T19:05:18.962+0800][87.331s][gc,phases   ] GC(4665) Concurrent Relocate 0.057ms
[2024-07-25T19:05:18.962+0800][87.331s][gc,load     ] GC(4665) Load: 0.00/0.00/0.00
[2024-07-25T19:05:18.962+0800][87.331s][gc,mmu      ] GC(4665) MMU: 2ms/88.2%, 5ms/95.3%, 10ms/97.6%, 20ms/98.8%, 50ms/99.4%, 100ms/99.6%
[2024-07-25T19:05:18.962+0800][87.331s][gc,marking  ] GC(4665) Mark: 1 stripe(s), 1 proactive flush(es), 1 terminate flush(es), 0 completion(s), 0 continuation(s) 
[2024-07-25T19:05:18.962+0800][87.331s][gc,marking  ] GC(4665) Mark Stack Usage: 32M
[2024-07-25T19:05:18.962+0800][87.331s][gc,nmethod  ] GC(4665) NMethods: 535 registered, 0 unregistered
[2024-07-25T19:05:18.962+0800][87.331s][gc,metaspace] GC(4665) Metaspace: 1M used, 1M committed, 1088M reserved
[2024-07-25T19:05:18.962+0800][87.331s][gc,ref      ] GC(4665) Soft: 46 encountered, 25 discovered, 0 enqueued
[2024-07-25T19:05:18.962+0800][87.331s][gc,ref      ] GC(4665) Weak: 131 encountered, 107 discovered, 0 enqueued
[2024-07-25T19:05:18.962+0800][87.331s][gc,ref      ] GC(4665) Final: 0 encountered, 0 discovered, 0 enqueued
[2024-07-25T19:05:18.962+0800][87.331s][gc,ref      ] GC(4665) Phantom: 184 encountered, 98 discovered, 0 enqueued
[2024-07-25T19:05:18.962+0800][87.331s][gc,reloc    ] GC(4665) Small Pages: 4 / 8M, Empty: 2M, Relocated: 0M, In-Place: 0
[2024-07-25T19:05:18.962+0800][87.331s][gc,reloc    ] GC(4665) Large Pages: 4 / 8M, Empty: 4M, Relocated: 0M, In-Place: 0
[2024-07-25T19:05:18.962+0800][87.331s][gc,reloc    ] GC(4665) Forwarding Usage: 0M
[2024-07-25T19:05:18.962+0800][87.331s][gc,heap     ] GC(4665) Min Capacity: 8M(50%)
[2024-07-25T19:05:18.962+0800][87.331s][gc,heap     ] GC(4665) Max Capacity: 16M(100%)
[2024-07-25T19:05:18.962+0800][87.331s][gc,heap     ] GC(4665) Soft Max Capacity: 16M(100%)
[2024-07-25T19:05:18.962+0800][87.332s][gc,heap     ] GC(4665)                Mark Start          Mark End        Relocate Start      Relocate End           High               Low         
[2024-07-25T19:05:18.962+0800][87.332s][gc,heap     ] GC(4665)  Capacity:       16M (100%)         16M (100%)         16M (100%)         16M (100%)         16M (100%)         16M (100%)   
[2024-07-25T19:05:18.963+0800][87.332s][gc,heap     ] GC(4665)      Free:        0M (0%)            0M (0%)            2M (12%)           2M (12%)           6M (38%)           0M (0%)     
[2024-07-25T19:05:18.963+0800][87.332s][gc,heap     ] GC(4665)      Used:       16M (100%)         16M (100%)         14M (88%)          14M (88%)          16M (100%)         10M (62%)    
[2024-07-25T19:05:18.963+0800][87.332s][gc,heap     ] GC(4665)      Live:         -                 8M (54%)           8M (54%)           8M (54%)            -                  -          
[2024-07-25T19:05:18.963+0800][87.332s][gc,heap     ] GC(4665) Allocated:         -                 0M (0%)            4M (25%)           4M (25%)            -                  -          
[2024-07-25T19:05:18.963+0800][87.332s][gc,heap     ] GC(4665)   Garbage:         -                 7M (46%)           1M (8%)            1M (8%)             -                  -          
[2024-07-25T19:05:18.963+0800][87.332s][gc,heap     ] GC(4665) Reclaimed:         -                  -                 6M (38%)           6M (38%)            -                  -          
[2024-07-25T19:05:18.963+0800][87.332s][gc          ] GC(4665) Garbage Collection (Allocation Stall) 16M(100%)->14M(88%)
[2024-07-25T19:05:18.967+0800][87.336s][gc,start    ] GC(4666) Garbage Collection (Allocation Stall)
[2024-07-25T19:05:18.967+0800][87.336s][gc,ref      ] GC(4666) Clearing All SoftReferences
[2024-07-25T19:05:18.967+0800][87.336s][gc,task     ] GC(4666) Using 1 workers
[2024-07-25T19:05:18.967+0800][87.336s][gc,phases   ] GC(4666) Pause Mark Start 0.009ms
[2024-07-25T19:05:18.975+0800][87.345s][gc,phases   ] GC(4666) Concurrent Mark 8.359ms
[2024-07-25T19:05:18.976+0800][87.345s][gc,phases   ] GC(4666) Pause Mark End 0.030ms
[2024-07-25T19:05:18.976+0800][87.345s][gc,phases   ] GC(4666) Concurrent Mark Free 0.001ms
[2024-07-25T19:05:18.977+0800][87.347s][gc,phases   ] GC(4666) Concurrent Process Non-Strong References 1.464ms
[2024-07-25T19:05:18.977+0800][87.347s][gc,phases   ] GC(4666) Concurrent Reset Relocation Set 0.001ms
[2024-07-25T19:05:18.987+0800][87.356s][gc,phases   ] GC(4666) Concurrent Select Relocation Set 9.562ms
[2024-07-25T19:05:18.987+0800][87.356s][gc          ] Allocation Stall (main) 20.205ms
[2024-07-25T19:05:18.987+0800][87.357s][gc,phases   ] GC(4666) Pause Relocate Start 0.008ms
[2024-07-25T19:05:18.987+0800][87.357s][gc,phases   ] GC(4666) Concurrent Relocate 0.028ms
[2024-07-25T19:05:18.987+0800][87.357s][gc,load     ] GC(4666) Load: 0.00/0.00/0.00
[2024-07-25T19:05:18.987+0800][87.357s][gc,mmu      ] GC(4666) MMU: 2ms/88.2%, 5ms/95.3%, 10ms/97.6%, 20ms/98.8%, 50ms/99.4%, 100ms/99.6%
[2024-07-25T19:05:18.987+0800][87.357s][gc,marking  ] GC(4666) Mark: 1 stripe(s), 1 proactive flush(es), 1 terminate flush(es), 0 completion(s), 0 continuation(s) 
[2024-07-25T19:05:18.987+0800][87.357s][gc,marking  ] GC(4666) Mark Stack Usage: 32M
[2024-07-25T19:05:18.987+0800][87.357s][gc,nmethod  ] GC(4666) NMethods: 535 registered, 0 unregistered
[2024-07-25T19:05:18.988+0800][87.358s][gc,metaspace] GC(4666) Metaspace: 1M used, 1M committed, 1088M reserved
[2024-07-25T19:05:18.989+0800][87.358s][gc,ref      ] GC(4666) Soft: 46 encountered, 25 discovered, 0 enqueued
[2024-07-25T19:05:18.989+0800][87.358s][gc,ref      ] GC(4666) Weak: 131 encountered, 107 discovered, 0 enqueued
[2024-07-25T19:05:18.989+0800][87.358s][gc,ref      ] GC(4666) Final: 0 encountered, 0 discovered, 0 enqueued
[2024-07-25T19:05:18.989+0800][87.358s][gc,ref      ] GC(4666) Phantom: 184 encountered, 98 discovered, 0 enqueued
[2024-07-25T19:05:18.989+0800][87.358s][gc,reloc    ] GC(4666) Small Pages: 4 / 8M, Empty: 2M, Relocated: 0M, In-Place: 0
[2024-07-25T19:05:18.989+0800][87.358s][gc,reloc    ] GC(4666) Large Pages: 4 / 8M, Empty: 4M, Relocated: 0M, In-Place: 0
[2024-07-25T19:05:18.989+0800][87.358s][gc,reloc    ] GC(4666) Forwarding Usage: 0M
[2024-07-25T19:05:18.989+0800][87.358s][gc,heap     ] GC(4666) Min Capacity: 8M(50%)
[2024-07-25T19:05:18.989+0800][87.358s][gc,heap     ] GC(4666) Max Capacity: 16M(100%)
[2024-07-25T19:05:18.989+0800][87.358s][gc,heap     ] GC(4666) Soft Max Capacity: 16M(100%)
[2024-07-25T19:05:18.989+0800][87.358s][gc,heap     ] GC(4666)                Mark Start          Mark End        Relocate Start      Relocate End           High               Low         
[2024-07-25T19:05:18.989+0800][87.358s][gc,heap     ] GC(4666)  Capacity:       16M (100%)         16M (100%)         16M (100%)         16M (100%)         16M (100%)         16M (100%)   
[2024-07-25T19:05:18.989+0800][87.358s][gc,heap     ] GC(4666)      Free:        0M (0%)            0M (0%)            4M (25%)           4M (25%)           6M (38%)           0M (0%)     
[2024-07-25T19:05:18.989+0800][87.358s][gc,heap     ] GC(4666)      Used:       16M (100%)         16M (100%)         12M (75%)          12M (75%)          16M (100%)         10M (62%)    
[2024-07-25T19:05:18.989+0800][87.358s][gc,heap     ] GC(4666)      Live:         -                 8M (54%)           8M (54%)           8M (54%)            -                  -          
[2024-07-25T19:05:18.989+0800][87.358s][gc,heap     ] GC(4666) Allocated:         -                 0M (0%)            2M (12%)           2M (12%)            -                  -          
[2024-07-25T19:05:18.989+0800][87.358s][gc,heap     ] GC(4666)   Garbage:         -                 7M (46%)           1M (8%)            1M (8%)             -                  -          
[2024-07-25T19:05:18.989+0800][87.358s][gc,heap     ] GC(4666) Reclaimed:         -                  -                 6M (38%)           6M (38%)            -                  -          
[2024-07-25T19:05:18.989+0800][87.358s][gc          ] GC(4666) Garbage Collection (Allocation Stall) 16M(100%)->12M(75%)
[2024-07-25T19:05:18.992+0800][87.361s][gc,start    ] GC(4667) Garbage Collection (Allocation Stall)
[2024-07-25T19:05:18.992+0800][87.361s][gc,ref      ] GC(4667) Clearing All SoftReferences
[2024-07-25T19:05:18.992+0800][87.361s][gc,task     ] GC(4667) Using 1 workers
[2024-07-25T19:05:18.992+0800][87.362s][gc,phases   ] GC(4667) Pause Mark Start 0.007ms
[2024-07-25T19:05:18.997+0800][87.366s][gc,phases   ] GC(4667) Concurrent Mark 4.791ms
[2024-07-25T19:05:18.997+0800][87.367s][gc,phases   ] GC(4667) Pause Mark End 0.010ms
[2024-07-25T19:05:18.997+0800][87.367s][gc,phases   ] GC(4667) Concurrent Mark Free 0.001ms
[2024-07-25T19:05:18.999+0800][87.368s][gc,phases   ] GC(4667) Concurrent Process Non-Strong References 1.173ms
[2024-07-25T19:05:18.999+0800][87.368s][gc,phases   ] GC(4667) Concurrent Reset Relocation Set 0.000ms
[2024-07-25T19:05:19.002+0800][87.371s][gc          ] Allocation Stall (main) 9.992ms
[2024-07-25T19:05:19.002+0800][87.371s][gc,phases   ] GC(4667) Concurrent Select Relocation Set 3.278ms
[2024-07-25T19:05:19.002+0800][87.371s][gc,phases   ] GC(4667) Pause Relocate Start 0.025ms
[2024-07-25T19:05:19.002+0800][87.372s][gc,phases   ] GC(4667) Concurrent Relocate 0.045ms
[2024-07-25T19:05:19.002+0800][87.372s][gc,load     ] GC(4667) Load: 0.00/0.00/0.00
[2024-07-25T19:05:19.002+0800][87.372s][gc,mmu      ] GC(4667) MMU: 2ms/88.2%, 5ms/95.3%, 10ms/97.6%, 20ms/98.8%, 50ms/99.4%, 100ms/99.6%
[2024-07-25T19:05:19.002+0800][87.372s][gc,marking  ] GC(4667) Mark: 1 stripe(s), 1 proactive flush(es), 1 terminate flush(es), 0 completion(s), 0 continuation(s) 
[2024-07-25T19:05:19.002+0800][87.372s][gc,marking  ] GC(4667) Mark Stack Usage: 32M
[2024-07-25T19:05:19.002+0800][87.372s][gc,nmethod  ] GC(4667) NMethods: 535 registered, 0 unregistered
[2024-07-25T19:05:19.002+0800][87.372s][gc,metaspace] GC(4667) Metaspace: 1M used, 1M committed, 1088M reserved
[2024-07-25T19:05:19.002+0800][87.372s][gc,ref      ] GC(4667) Soft: 46 encountered, 25 discovered, 0 enqueued
[2024-07-25T19:05:19.002+0800][87.372s][gc,ref      ] GC(4667) Weak: 131 encountered, 107 discovered, 0 enqueued
[2024-07-25T19:05:19.002+0800][87.372s][gc,ref      ] GC(4667) Final: 0 encountered, 0 discovered, 0 enqueued
[2024-07-25T19:05:19.002+0800][87.372s][gc,ref      ] GC(4667) Phantom: 184 encountered, 98 discovered, 0 enqueued
[2024-07-25T19:05:19.002+0800][87.372s][gc,reloc    ] GC(4667) Small Pages: 4 / 8M, Empty: 2M, Relocated: 0M, In-Place: 0
[2024-07-25T19:05:19.002+0800][87.372s][gc,reloc    ] GC(4667) Large Pages: 4 / 8M, Empty: 4M, Relocated: 0M, In-Place: 0
[2024-07-25T19:05:19.002+0800][87.372s][gc,reloc    ] GC(4667) Forwarding Usage: 0M
[2024-07-25T19:05:19.002+0800][87.372s][gc,heap     ] GC(4667) Min Capacity: 8M(50%)
[2024-07-25T19:05:19.002+0800][87.372s][gc,heap     ] GC(4667) Max Capacity: 16M(100%)
[2024-07-25T19:05:19.002+0800][87.372s][gc,heap     ] GC(4667) Soft Max Capacity: 16M(100%)
[2024-07-25T19:05:19.002+0800][87.372s][gc,heap     ] GC(4667)                Mark Start          Mark End        Relocate Start      Relocate End           High               Low         
[2024-07-25T19:05:19.002+0800][87.372s][gc,heap     ] GC(4667)  Capacity:       16M (100%)         16M (100%)         16M (100%)         16M (100%)         16M (100%)         16M (100%)   
[2024-07-25T19:05:19.003+0800][87.372s][gc,heap     ] GC(4667)      Free:        0M (0%)            0M (0%)            4M (25%)           4M (25%)           6M (38%)           0M (0%)     
[2024-07-25T19:05:19.003+0800][87.372s][gc,heap     ] GC(4667)      Used:       16M (100%)         16M (100%)         12M (75%)          12M (75%)          16M (100%)         10M (62%)    
[2024-07-25T19:05:19.003+0800][87.372s][gc,heap     ] GC(4667)      Live:         -                 8M (54%)           8M (54%)           8M (54%)            -                  -          
[2024-07-25T19:05:19.003+0800][87.372s][gc,heap     ] GC(4667) Allocated:         -                 0M (0%)            2M (12%)           2M (12%)            -                  -          
[2024-07-25T19:05:19.003+0800][87.372s][gc,heap     ] GC(4667)   Garbage:         -                 7M (46%)           1M (8%)            1M (8%)             -                  -          
[2024-07-25T19:05:19.003+0800][87.372s][gc,heap     ] GC(4667) Reclaimed:         -                  -                 6M (38%)           6M (38%)            -                  -          
[2024-07-25T19:05:19.003+0800][87.372s][gc          ] GC(4667) Garbage Collection (Allocation Stall) 16M(100%)->12M(75%)
[2024-07-25T19:05:19.007+0800][87.376s][gc,start    ] GC(4668) Garbage Collection (Allocation Stall)
[2024-07-25T19:05:19.007+0800][87.376s][gc,ref      ] GC(4668) Clearing All SoftReferences
[2024-07-25T19:05:19.007+0800][87.376s][gc,task     ] GC(4668) Using 1 workers
[2024-07-25T19:05:19.007+0800][87.376s][gc,phases   ] GC(4668) Pause Mark Start 0.009ms
[2024-07-25T19:05:19.013+0800][87.383s][gc,phases   ] GC(4668) Concurrent Mark 6.164ms
[2024-07-25T19:05:19.013+0800][87.383s][gc,phases   ] GC(4668) Pause Mark End 0.010ms
[2024-07-25T19:05:19.014+0800][87.383s][gc,phases   ] GC(4668) Concurrent Mark Free 0.001ms
[2024-07-25T19:05:19.015+0800][87.384s][gc,phases   ] GC(4668) Concurrent Process Non-Strong References 1.309ms
[2024-07-25T19:05:19.015+0800][87.384s][gc,phases   ] GC(4668) Concurrent Reset Relocation Set 0.001ms
[2024-07-25T19:05:19.017+0800][87.387s][gc          ] Allocation Stall (main) 10.575ms
[2024-07-25T19:05:19.018+0800][87.387s][gc,phases   ] GC(4668) Concurrent Select Relocation Set 2.364ms
[2024-07-25T19:05:19.018+0800][87.387s][gc,phases   ] GC(4668) Pause Relocate Start 0.007ms
[2024-07-25T19:05:19.018+0800][87.387s][gc,phases   ] GC(4668) Concurrent Relocate 0.030ms
[2024-07-25T19:05:19.018+0800][87.387s][gc,load     ] GC(4668) Load: 0.00/0.00/0.00
[2024-07-25T19:05:19.018+0800][87.387s][gc,mmu      ] GC(4668) MMU: 2ms/88.2%, 5ms/95.3%, 10ms/97.6%, 20ms/98.8%, 50ms/99.4%, 100ms/99.6%
[2024-07-25T19:05:19.018+0800][87.387s][gc,marking  ] GC(4668) Mark: 1 stripe(s), 1 proactive flush(es), 1 terminate flush(es), 0 completion(s), 0 continuation(s) 
[2024-07-25T19:05:19.018+0800][87.387s][gc,marking  ] GC(4668) Mark Stack Usage: 32M
[2024-07-25T19:05:19.018+0800][87.387s][gc,nmethod  ] GC(4668) NMethods: 535 registered, 0 unregistered
[2024-07-25T19:05:19.018+0800][87.387s][gc,metaspace] GC(4668) Metaspace: 1M used, 1M committed, 1088M reserved
[2024-07-25T19:05:19.018+0800][87.387s][gc,ref      ] GC(4668) Soft: 46 encountered, 25 discovered, 0 enqueued
[2024-07-25T19:05:19.018+0800][87.387s][gc,ref      ] GC(4668) Weak: 131 encountered, 107 discovered, 0 enqueued
[2024-07-25T19:05:19.018+0800][87.387s][gc,ref      ] GC(4668) Final: 0 encountered, 0 discovered, 0 enqueued
[2024-07-25T19:05:19.018+0800][87.387s][gc,ref      ] GC(4668) Phantom: 184 encountered, 98 discovered, 0 enqueued
[2024-07-25T19:05:19.018+0800][87.387s][gc,reloc    ] GC(4668) Small Pages: 4 / 8M, Empty: 2M, Relocated: 0M, In-Place: 0
[2024-07-25T19:05:19.018+0800][87.387s][gc,reloc    ] GC(4668) Large Pages: 4 / 8M, Empty: 4M, Relocated: 0M, In-Place: 0
[2024-07-25T19:05:19.018+0800][87.387s][gc,reloc    ] GC(4668) Forwarding Usage: 0M
[2024-07-25T19:05:19.018+0800][87.387s][gc,heap     ] GC(4668) Min Capacity: 8M(50%)
[2024-07-25T19:05:19.018+0800][87.387s][gc,heap     ] GC(4668) Max Capacity: 16M(100%)
[2024-07-25T19:05:19.018+0800][87.387s][gc,heap     ] GC(4668) Soft Max Capacity: 16M(100%)
[2024-07-25T19:05:19.018+0800][87.387s][gc,heap     ] GC(4668)                Mark Start          Mark End        Relocate Start      Relocate End           High               Low         
[2024-07-25T19:05:19.018+0800][87.387s][gc,heap     ] GC(4668)  Capacity:       16M (100%)         16M (100%)         16M (100%)         16M (100%)         16M (100%)         16M (100%)   
[2024-07-25T19:05:19.018+0800][87.387s][gc,heap     ] GC(4668)      Free:        0M (0%)            0M (0%)            4M (25%)           4M (25%)           6M (38%)           0M (0%)     
[2024-07-25T19:05:19.018+0800][87.388s][gc,heap     ] GC(4668)      Used:       16M (100%)         16M (100%)         12M (75%)          12M (75%)          16M (100%)         10M (62%)    
[2024-07-25T19:05:19.018+0800][87.388s][gc,heap     ] GC(4668)      Live:         -                 8M (54%)           8M (54%)           8M (54%)            -                  -          
[2024-07-25T19:05:19.018+0800][87.388s][gc,heap     ] GC(4668) Allocated:         -                 0M (0%)            2M (12%)           2M (12%)            -                  -          
[2024-07-25T19:05:19.018+0800][87.388s][gc,heap     ] GC(4668)   Garbage:         -                 7M (46%)           1M (8%)            1M (8%)             -                  -          
[2024-07-25T19:05:19.018+0800][87.388s][gc,heap     ] GC(4668) Reclaimed:         -                  -                 6M (38%)           6M (38%)            -                  -          
[2024-07-25T19:05:19.018+0800][87.388s][gc          ] GC(4668) Garbage Collection (Allocation Stall) 16M(100%)->12M(75%)
[2024-07-25T19:05:19.022+0800][87.391s][gc,start    ] GC(4669) Garbage Collection (Allocation Stall)
[2024-07-25T19:05:19.022+0800][87.391s][gc,ref      ] GC(4669) Clearing All SoftReferences
[2024-07-25T19:05:19.022+0800][87.391s][gc,task     ] GC(4669) Using 1 workers
[2024-07-25T19:05:19.022+0800][87.391s][gc,phases   ] GC(4669) Pause Mark Start 0.007ms
[2024-07-25T19:05:19.027+0800][87.397s][gc,phases   ] GC(4669) Concurrent Mark 5.300ms
[2024-07-25T19:05:19.028+0800][87.397s][gc,phases   ] GC(4669) Pause Mark End 0.030ms
[2024-07-25T19:05:19.028+0800][87.397s][gc,phases   ] GC(4669) Concurrent Mark Free 0.001ms
[2024-07-25T19:05:19.029+0800][87.398s][gc,phases   ] GC(4669) Concurrent Process Non-Strong References 1.065ms
[2024-07-25T19:05:19.029+0800][87.398s][gc,phases   ] GC(4669) Concurrent Reset Relocation Set 0.001ms
[2024-07-25T19:05:19.031+0800][87.400s][gc          ] Allocation Stall (main) 9.094ms
[2024-07-25T19:05:19.031+0800][87.400s][gc,phases   ] GC(4669) Concurrent Select Relocation Set 2.188ms
[2024-07-25T19:05:19.031+0800][87.400s][gc,phases   ] GC(4669) Pause Relocate Start 0.007ms
[2024-07-25T19:05:19.031+0800][87.401s][gc,phases   ] GC(4669) Concurrent Relocate 0.032ms
[2024-07-25T19:05:19.031+0800][87.401s][gc,load     ] GC(4669) Load: 0.00/0.00/0.00
[2024-07-25T19:05:19.031+0800][87.401s][gc,mmu      ] GC(4669) MMU: 2ms/88.2%, 5ms/95.3%, 10ms/97.6%, 20ms/98.8%, 50ms/99.4%, 100ms/99.6%
[2024-07-25T19:05:19.031+0800][87.401s][gc,marking  ] GC(4669) Mark: 1 stripe(s), 1 proactive flush(es), 1 terminate flush(es), 0 completion(s), 0 continuation(s) 
[2024-07-25T19:05:19.031+0800][87.401s][gc,marking  ] GC(4669) Mark Stack Usage: 32M
[2024-07-25T19:05:19.031+0800][87.401s][gc,nmethod  ] GC(4669) NMethods: 535 registered, 0 unregistered
[2024-07-25T19:05:19.031+0800][87.401s][gc,metaspace] GC(4669) Metaspace: 1M used, 1M committed, 1088M reserved
[2024-07-25T19:05:19.031+0800][87.401s][gc,ref      ] GC(4669) Soft: 46 encountered, 25 discovered, 0 enqueued
[2024-07-25T19:05:19.031+0800][87.401s][gc,ref      ] GC(4669) Weak: 131 encountered, 107 discovered, 0 enqueued
[2024-07-25T19:05:19.031+0800][87.401s][gc,ref      ] GC(4669) Final: 0 encountered, 0 discovered, 0 enqueued
[2024-07-25T19:05:19.031+0800][87.401s][gc,ref      ] GC(4669) Phantom: 184 encountered, 98 discovered, 0 enqueued
[2024-07-25T19:05:19.031+0800][87.401s][gc,reloc    ] GC(4669) Small Pages: 4 / 8M, Empty: 2M, Relocated: 0M, In-Place: 0
[2024-07-25T19:05:19.031+0800][87.401s][gc,reloc    ] GC(4669) Large Pages: 4 / 8M, Empty: 4M, Relocated: 0M, In-Place: 0
[2024-07-25T19:05:19.031+0800][87.401s][gc,reloc    ] GC(4669) Forwarding Usage: 0M
[2024-07-25T19:05:19.032+0800][87.401s][gc,heap     ] GC(4669) Min Capacity: 8M(50%)
[2024-07-25T19:05:19.032+0800][87.401s][gc,heap     ] GC(4669) Max Capacity: 16M(100%)
[2024-07-25T19:05:19.032+0800][87.401s][gc,heap     ] GC(4669) Soft Max Capacity: 16M(100%)
[2024-07-25T19:05:19.032+0800][87.401s][gc,heap     ] GC(4669)                Mark Start          Mark End        Relocate Start      Relocate End           High               Low         
[2024-07-25T19:05:19.032+0800][87.401s][gc,heap     ] GC(4669)  Capacity:       16M (100%)         16M (100%)         16M (100%)         16M (100%)         16M (100%)         16M (100%)   
[2024-07-25T19:05:19.032+0800][87.401s][gc,heap     ] GC(4669)      Free:        0M (0%)            0M (0%)            2M (12%)           2M (12%)           6M (38%)           0M (0%)     
[2024-07-25T19:05:19.032+0800][87.401s][gc,heap     ] GC(4669)      Used:       16M (100%)         16M (100%)         14M (88%)          14M (88%)          16M (100%)         10M (62%)    
[2024-07-25T19:05:19.032+0800][87.401s][gc,heap     ] GC(4669)      Live:         -                 8M (54%)           8M (54%)           8M (54%)            -                  -          
[2024-07-25T19:05:19.032+0800][87.401s][gc,heap     ] GC(4669) Allocated:         -                 0M (0%)            4M (25%)           4M (25%)            -                  -          
[2024-07-25T19:05:19.032+0800][87.401s][gc,heap     ] GC(4669)   Garbage:         -                 7M (46%)           1M (8%)            1M (8%)             -                  -          
[2024-07-25T19:05:19.032+0800][87.401s][gc,heap     ] GC(4669) Reclaimed:         -                  -                 6M (38%)           6M (38%)            -                  -          
[2024-07-25T19:05:19.032+0800][87.401s][gc          ] GC(4669) Garbage Collection (Allocation Stall) 16M(100%)->14M(88%)
[2024-07-25T19:05:19.036+0800][87.405s][gc,start    ] GC(4670) Garbage Collection (Allocation Stall)
[2024-07-25T19:05:19.036+0800][87.405s][gc,ref      ] GC(4670) Clearing All SoftReferences
[2024-07-25T19:05:19.036+0800][87.405s][gc,task     ] GC(4670) Using 1 workers
[2024-07-25T19:05:19.036+0800][87.405s][gc,phases   ] GC(4670) Pause Mark Start 0.005ms
[2024-07-25T19:05:19.041+0800][87.410s][gc,phases   ] GC(4670) Concurrent Mark 4.417ms
[2024-07-25T19:05:19.041+0800][87.410s][gc,phases   ] GC(4670) Pause Mark End 0.009ms
[2024-07-25T19:05:19.041+0800][87.410s][gc,phases   ] GC(4670) Concurrent Mark Free 0.001ms
[2024-07-25T19:05:19.042+0800][87.411s][gc,phases   ] GC(4670) Concurrent Process Non-Strong References 1.479ms
[2024-07-25T19:05:19.042+0800][87.411s][gc,phases   ] GC(4670) Concurrent Reset Relocation Set 0.001ms
[2024-07-25T19:05:19.044+0800][87.413s][gc          ] Allocation Stall (main) 8.501ms
[2024-07-25T19:05:19.044+0800][87.414s][gc,phases   ] GC(4670) Concurrent Select Relocation Set 2.072ms
[2024-07-25T19:05:19.045+0800][87.414s][gc,phases   ] GC(4670) Pause Relocate Start 0.010ms
[2024-07-25T19:05:19.045+0800][87.414s][gc,phases   ] GC(4670) Concurrent Relocate 0.023ms
[2024-07-25T19:05:19.045+0800][87.414s][gc,load     ] GC(4670) Load: 0.00/0.00/0.00
[2024-07-25T19:05:19.045+0800][87.414s][gc,mmu      ] GC(4670) MMU: 2ms/88.2%, 5ms/95.3%, 10ms/97.6%, 20ms/98.8%, 50ms/99.4%, 100ms/99.6%
[2024-07-25T19:05:19.045+0800][87.414s][gc,marking  ] GC(4670) Mark: 1 stripe(s), 1 proactive flush(es), 1 terminate flush(es), 0 completion(s), 0 continuation(s) 
[2024-07-25T19:05:19.045+0800][87.414s][gc,marking  ] GC(4670) Mark Stack Usage: 32M
[2024-07-25T19:05:19.045+0800][87.414s][gc,nmethod  ] GC(4670) NMethods: 535 registered, 0 unregistered
[2024-07-25T19:05:19.045+0800][87.414s][gc,metaspace] GC(4670) Metaspace: 1M used, 1M committed, 1088M reserved
[2024-07-25T19:05:19.045+0800][87.414s][gc,ref      ] GC(4670) Soft: 46 encountered, 25 discovered, 0 enqueued
[2024-07-25T19:05:19.045+0800][87.414s][gc,ref      ] GC(4670) Weak: 131 encountered, 107 discovered, 0 enqueued
[2024-07-25T19:05:19.045+0800][87.414s][gc,ref      ] GC(4670) Final: 0 encountered, 0 discovered, 0 enqueued
[2024-07-25T19:05:19.045+0800][87.414s][gc,ref      ] GC(4670) Phantom: 184 encountered, 98 discovered, 0 enqueued
[2024-07-25T19:05:19.045+0800][87.414s][gc,reloc    ] GC(4670) Small Pages: 4 / 8M, Empty: 2M, Relocated: 0M, In-Place: 0
[2024-07-25T19:05:19.045+0800][87.414s][gc,reloc    ] GC(4670) Large Pages: 4 / 8M, Empty: 4M, Relocated: 0M, In-Place: 0
[2024-07-25T19:05:19.045+0800][87.414s][gc,reloc    ] GC(4670) Forwarding Usage: 0M
[2024-07-25T19:05:19.045+0800][87.414s][gc,heap     ] GC(4670) Min Capacity: 8M(50%)
[2024-07-25T19:05:19.045+0800][87.414s][gc,heap     ] GC(4670) Max Capacity: 16M(100%)
[2024-07-25T19:05:19.045+0800][87.414s][gc,heap     ] GC(4670) Soft Max Capacity: 16M(100%)
[2024-07-25T19:05:19.045+0800][87.414s][gc,heap     ] GC(4670)                Mark Start          Mark End        Relocate Start      Relocate End           High               Low         
[2024-07-25T19:05:19.045+0800][87.414s][gc,heap     ] GC(4670)  Capacity:       16M (100%)         16M (100%)         16M (100%)         16M (100%)         16M (100%)         16M (100%)   
[2024-07-25T19:05:19.045+0800][87.414s][gc,heap     ] GC(4670)      Free:        0M (0%)            0M (0%)            4M (25%)           4M (25%)           6M (38%)           0M (0%)     
[2024-07-25T19:05:19.045+0800][87.414s][gc,heap     ] GC(4670)      Used:       16M (100%)         16M (100%)         12M (75%)          12M (75%)          16M (100%)         10M (62%)    
[2024-07-25T19:05:19.045+0800][87.414s][gc,heap     ] GC(4670)      Live:         -                 8M (54%)           8M (54%)           8M (54%)            -                  -          
[2024-07-25T19:05:19.045+0800][87.414s][gc,heap     ] GC(4670) Allocated:         -                 0M (0%)            2M (12%)           2M (12%)            -                  -          
[2024-07-25T19:05:19.045+0800][87.414s][gc,heap     ] GC(4670)   Garbage:         -                 7M (46%)           1M (8%)            1M (8%)             -                  -          
[2024-07-25T19:05:19.045+0800][87.414s][gc,heap     ] GC(4670) Reclaimed:         -                  -                 6M (38%)           6M (38%)            -                  -          
[2024-07-25T19:05:19.045+0800][87.414s][gc          ] GC(4670) Garbage Collection (Allocation Stall) 16M(100%)->12M(75%)
[2024-07-25T19:05:19.049+0800][87.418s][gc,start    ] GC(4671) Garbage Collection (Allocation Stall)
[2024-07-25T19:05:19.049+0800][87.418s][gc,ref      ] GC(4671) Clearing All SoftReferences
[2024-07-25T19:05:19.049+0800][87.418s][gc,task     ] GC(4671) Using 1 workers
[2024-07-25T19:05:19.049+0800][87.418s][gc,phases   ] GC(4671) Pause Mark Start 0.005ms
[2024-07-25T19:05:19.054+0800][87.423s][gc,phases   ] GC(4671) Concurrent Mark 5.104ms
[2024-07-25T19:05:19.055+0800][87.424s][gc,phases   ] GC(4671) Pause Mark End 0.008ms
[2024-07-25T19:05:19.055+0800][87.424s][gc,phases   ] GC(4671) Concurrent Mark Free 0.001ms
[2024-07-25T19:05:19.056+0800][87.425s][gc,phases   ] GC(4671) Concurrent Process Non-Strong References 1.239ms
[2024-07-25T19:05:19.056+0800][87.425s][gc,phases   ] GC(4671) Concurrent Reset Relocation Set 0.001ms
[2024-07-25T19:05:19.058+0800][87.428s][gc          ] Allocation Stall (main) 9.438ms
[2024-07-25T19:05:19.058+0800][87.428s][gc,phases   ] GC(4671) Concurrent Select Relocation Set 2.503ms
[2024-07-25T19:05:19.058+0800][87.428s][gc,phases   ] GC(4671) Pause Relocate Start 0.006ms
[2024-07-25T19:05:19.058+0800][87.428s][gc,phases   ] GC(4671) Concurrent Relocate 0.093ms
[2024-07-25T19:05:19.058+0800][87.428s][gc,load     ] GC(4671) Load: 0.00/0.00/0.00
[2024-07-25T19:05:19.058+0800][87.428s][gc,mmu      ] GC(4671) MMU: 2ms/88.2%, 5ms/95.3%, 10ms/97.6%, 20ms/98.8%, 50ms/99.4%, 100ms/99.6%
[2024-07-25T19:05:19.058+0800][87.428s][gc,marking  ] GC(4671) Mark: 1 stripe(s), 1 proactive flush(es), 1 terminate flush(es), 0 completion(s), 0 continuation(s) 
[2024-07-25T19:05:19.058+0800][87.428s][gc,marking  ] GC(4671) Mark Stack Usage: 32M
[2024-07-25T19:05:19.058+0800][87.428s][gc,nmethod  ] GC(4671) NMethods: 535 registered, 0 unregistered
[2024-07-25T19:05:19.058+0800][87.428s][gc,metaspace] GC(4671) Metaspace: 1M used, 1M committed, 1088M reserved
[2024-07-25T19:05:19.058+0800][87.428s][gc,ref      ] GC(4671) Soft: 46 encountered, 25 discovered, 0 enqueued
[2024-07-25T19:05:19.058+0800][87.428s][gc,ref      ] GC(4671) Weak: 131 encountered, 107 discovered, 0 enqueued
[2024-07-25T19:05:19.058+0800][87.428s][gc,ref      ] GC(4671) Final: 0 encountered, 0 discovered, 0 enqueued
[2024-07-25T19:05:19.058+0800][87.428s][gc,ref      ] GC(4671) Phantom: 184 encountered, 98 discovered, 0 enqueued
[2024-07-25T19:05:19.059+0800][87.428s][gc,reloc    ] GC(4671) Small Pages: 4 / 8M, Empty: 2M, Relocated: 0M, In-Place: 0
[2024-07-25T19:05:19.059+0800][87.428s][gc,reloc    ] GC(4671) Large Pages: 4 / 8M, Empty: 4M, Relocated: 0M, In-Place: 0
[2024-07-25T19:05:19.059+0800][87.428s][gc,reloc    ] GC(4671) Forwarding Usage: 0M
[2024-07-25T19:05:19.059+0800][87.428s][gc,heap     ] GC(4671) Min Capacity: 8M(50%)
[2024-07-25T19:05:19.059+0800][87.428s][gc,heap     ] GC(4671) Max Capacity: 16M(100%)
[2024-07-25T19:05:19.059+0800][87.428s][gc,heap     ] GC(4671) Soft Max Capacity: 16M(100%)
[2024-07-25T19:05:19.059+0800][87.428s][gc,heap     ] GC(4671)                Mark Start          Mark End        Relocate Start      Relocate End           High               Low         
[2024-07-25T19:05:19.059+0800][87.428s][gc,heap     ] GC(4671)  Capacity:       16M (100%)         16M (100%)         16M (100%)         16M (100%)         16M (100%)         16M (100%)   
[2024-07-25T19:05:19.059+0800][87.428s][gc,heap     ] GC(4671)      Free:        0M (0%)            0M (0%)            4M (25%)           4M (25%)           6M (38%)           0M (0%)     
[2024-07-25T19:05:19.059+0800][87.428s][gc,heap     ] GC(4671)      Used:       16M (100%)         16M (100%)         12M (75%)          12M (75%)          16M (100%)         10M (62%)    
[2024-07-25T19:05:19.059+0800][87.428s][gc,heap     ] GC(4671)      Live:         -                 8M (54%)           8M (54%)           8M (54%)            -                  -          
[2024-07-25T19:05:19.059+0800][87.428s][gc,heap     ] GC(4671) Allocated:         -                 0M (0%)            2M (12%)           2M (12%)            -                  -          
[2024-07-25T19:05:19.059+0800][87.428s][gc,heap     ] GC(4671)   Garbage:         -                 7M (46%)           1M (8%)            1M (8%)             -                  -          
[2024-07-25T19:05:19.059+0800][87.428s][gc,heap     ] GC(4671) Reclaimed:         -                  -                 6M (38%)           6M (38%)            -                  -          
[2024-07-25T19:05:19.059+0800][87.429s][gc          ] GC(4671) Garbage Collection (Allocation Stall) 16M(100%)->12M(75%)
[2024-07-25T19:05:19.062+0800][87.431s][gc,start    ] GC(4672) Garbage Collection (Allocation Stall)
[2024-07-25T19:05:19.062+0800][87.431s][gc,ref      ] GC(4672) Clearing All SoftReferences
[2024-07-25T19:05:19.062+0800][87.431s][gc,task     ] GC(4672) Using 1 workers
[2024-07-25T19:05:19.062+0800][87.432s][gc,phases   ] GC(4672) Pause Mark Start 0.026ms
[2024-07-25T19:05:19.069+0800][87.438s][gc,phases   ] GC(4672) Concurrent Mark 6.690ms
[2024-07-25T19:05:19.069+0800][87.439s][gc,phases   ] GC(4672) Pause Mark End 0.009ms
[2024-07-25T19:05:19.069+0800][87.439s][gc,phases   ] GC(4672) Concurrent Mark Free 0.001ms
[2024-07-25T19:05:19.072+0800][87.441s][gc,phases   ] GC(4672) Concurrent Process Non-Strong References 2.055ms
[2024-07-25T19:05:19.072+0800][87.441s][gc,phases   ] GC(4672) Concurrent Reset Relocation Set 0.001ms
[2024-07-25T19:05:19.074+0800][87.444s][gc          ] Allocation Stall (main) 12.733ms
[2024-07-25T19:05:19.075+0800][87.444s][gc,phases   ] GC(4672) Concurrent Select Relocation Set 3.300ms
[2024-07-25T19:05:19.075+0800][87.444s][gc,phases   ] GC(4672) Pause Relocate Start 0.009ms
[2024-07-25T19:05:19.075+0800][87.445s][gc,phases   ] GC(4672) Concurrent Relocate 0.141ms
[2024-07-25T19:05:19.075+0800][87.445s][gc,load     ] GC(4672) Load: 0.00/0.00/0.00
[2024-07-25T19:05:19.075+0800][87.445s][gc,mmu      ] GC(4672) MMU: 2ms/88.2%, 5ms/95.3%, 10ms/97.6%, 20ms/98.8%, 50ms/99.4%, 100ms/99.6%
[2024-07-25T19:05:19.075+0800][87.445s][gc,marking  ] GC(4672) Mark: 1 stripe(s), 1 proactive flush(es), 1 terminate flush(es), 0 completion(s), 0 continuation(s) 
[2024-07-25T19:05:19.075+0800][87.445s][gc,marking  ] GC(4672) Mark Stack Usage: 32M
[2024-07-25T19:05:19.075+0800][87.445s][gc,nmethod  ] GC(4672) NMethods: 535 registered, 0 unregistered
[2024-07-25T19:05:19.075+0800][87.445s][gc,metaspace] GC(4672) Metaspace: 1M used, 1M committed, 1088M reserved
[2024-07-25T19:05:19.075+0800][87.445s][gc,ref      ] GC(4672) Soft: 46 encountered, 25 discovered, 0 enqueued
[2024-07-25T19:05:19.075+0800][87.445s][gc,ref      ] GC(4672) Weak: 131 encountered, 107 discovered, 0 enqueued
[2024-07-25T19:05:19.075+0800][87.445s][gc,ref      ] GC(4672) Final: 0 encountered, 0 discovered, 0 enqueued
[2024-07-25T19:05:19.075+0800][87.445s][gc,ref      ] GC(4672) Phantom: 184 encountered, 98 discovered, 0 enqueued
[2024-07-25T19:05:19.075+0800][87.445s][gc,reloc    ] GC(4672) Small Pages: 4 / 8M, Empty: 2M, Relocated: 0M, In-Place: 0
[2024-07-25T19:05:19.076+0800][87.445s][gc,reloc    ] GC(4672) Large Pages: 4 / 8M, Empty: 4M, Relocated: 0M, In-Place: 0
[2024-07-25T19:05:19.076+0800][87.445s][gc,reloc    ] GC(4672) Forwarding Usage: 0M
[2024-07-25T19:05:19.076+0800][87.445s][gc,heap     ] GC(4672) Min Capacity: 8M(50%)
[2024-07-25T19:05:19.076+0800][87.445s][gc,heap     ] GC(4672) Max Capacity: 16M(100%)
[2024-07-25T19:05:19.076+0800][87.445s][gc,heap     ] GC(4672) Soft Max Capacity: 16M(100%)
[2024-07-25T19:05:19.076+0800][87.445s][gc,heap     ] GC(4672)                Mark Start          Mark End        Relocate Start      Relocate End           High               Low         
[2024-07-25T19:05:19.076+0800][87.445s][gc,heap     ] GC(4672)  Capacity:       16M (100%)         16M (100%)         16M (100%)         16M (100%)         16M (100%)         16M (100%)   
[2024-07-25T19:05:19.076+0800][87.445s][gc,heap     ] GC(4672)      Free:        0M (0%)            0M (0%)            2M (12%)           2M (12%)           6M (38%)           0M (0%)     
[2024-07-25T19:05:19.076+0800][87.445s][gc,heap     ] GC(4672)      Used:       16M (100%)         16M (100%)         14M (88%)          14M (88%)          16M (100%)         10M (62%)    
[2024-07-25T19:05:19.076+0800][87.445s][gc,heap     ] GC(4672)      Live:         -                 8M (54%)           8M (54%)           8M (54%)            -                  -          
[2024-07-25T19:05:19.076+0800][87.446s][gc,heap     ] GC(4672) Allocated:         -                 0M (0%)            4M (25%)           4M (25%)            -                  -          
[2024-07-25T19:05:19.076+0800][87.446s][gc,heap     ] GC(4672)   Garbage:         -                 7M (46%)           1M (8%)            1M (8%)             -                  -          
[2024-07-25T19:05:19.076+0800][87.446s][gc,heap     ] GC(4672) Reclaimed:         -                  -                 6M (38%)           6M (38%)            -                  -          
[2024-07-25T19:05:19.076+0800][87.446s][gc          ] GC(4672) Garbage Collection (Allocation Stall) 16M(100%)->14M(88%)
[2024-07-25T19:05:19.080+0800][87.449s][gc,start    ] GC(4673) Garbage Collection (Allocation Stall)
[2024-07-25T19:05:19.080+0800][87.449s][gc,ref      ] GC(4673) Clearing All SoftReferences
[2024-07-25T19:05:19.080+0800][87.449s][gc,task     ] GC(4673) Using 1 workers
[2024-07-25T19:05:19.080+0800][87.449s][gc,phases   ] GC(4673) Pause Mark Start 0.007ms
[2024-07-25T19:05:19.086+0800][87.456s][gc,phases   ] GC(4673) Concurrent Mark 6.548ms
[2024-07-25T19:05:19.086+0800][87.456s][gc,phases   ] GC(4673) Pause Mark End 0.010ms
[2024-07-25T19:05:19.087+0800][87.456s][gc,phases   ] GC(4673) Concurrent Mark Free 0.001ms
[2024-07-25T19:05:19.089+0800][87.458s][gc,phases   ] GC(4673) Concurrent Process Non-Strong References 1.721ms
[2024-07-25T19:05:19.089+0800][87.458s][gc,phases   ] GC(4673) Concurrent Reset Relocation Set 0.001ms
[2024-07-25T19:05:19.091+0800][87.461s][gc          ] Allocation Stall (main) 11.920ms
[2024-07-25T19:05:19.091+0800][87.461s][gc,phases   ] GC(4673) Concurrent Select Relocation Set 2.989ms
[2024-07-25T19:05:19.092+0800][87.461s][gc,phases   ] GC(4673) Pause Relocate Start 0.010ms
[2024-07-25T19:05:19.092+0800][87.462s][gc,phases   ] GC(4673) Concurrent Relocate 0.129ms
[2024-07-25T19:05:19.092+0800][87.462s][gc,load     ] GC(4673) Load: 0.00/0.00/0.00
[2024-07-25T19:05:19.092+0800][87.462s][gc,mmu      ] GC(4673) MMU: 2ms/88.2%, 5ms/95.3%, 10ms/97.6%, 20ms/98.8%, 50ms/99.4%, 100ms/99.6%
[2024-07-25T19:05:19.092+0800][87.462s][gc,marking  ] GC(4673) Mark: 1 stripe(s), 1 proactive flush(es), 1 terminate flush(es), 0 completion(s), 0 continuation(s) 
[2024-07-25T19:05:19.092+0800][87.462s][gc,marking  ] GC(4673) Mark Stack Usage: 32M
[2024-07-25T19:05:19.092+0800][87.462s][gc,nmethod  ] GC(4673) NMethods: 535 registered, 0 unregistered
[2024-07-25T19:05:19.092+0800][87.462s][gc,metaspace] GC(4673) Metaspace: 1M used, 1M committed, 1088M reserved
[2024-07-25T19:05:19.092+0800][87.462s][gc,ref      ] GC(4673) Soft: 46 encountered, 25 discovered, 0 enqueued
[2024-07-25T19:05:19.092+0800][87.462s][gc,ref      ] GC(4673) Weak: 131 encountered, 107 discovered, 0 enqueued
[2024-07-25T19:05:19.092+0800][87.462s][gc,ref      ] GC(4673) Final: 0 encountered, 0 discovered, 0 enqueued
[2024-07-25T19:05:19.092+0800][87.462s][gc,ref      ] GC(4673) Phantom: 184 encountered, 98 discovered, 0 enqueued
[2024-07-25T19:05:19.092+0800][87.462s][gc,reloc    ] GC(4673) Small Pages: 4 / 8M, Empty: 2M, Relocated: 0M, In-Place: 0
[2024-07-25T19:05:19.092+0800][87.462s][gc,reloc    ] GC(4673) Large Pages: 4 / 8M, Empty: 4M, Relocated: 0M, In-Place: 0
[2024-07-25T19:05:19.092+0800][87.462s][gc,reloc    ] GC(4673) Forwarding Usage: 0M
[2024-07-25T19:05:19.092+0800][87.462s][gc,heap     ] GC(4673) Min Capacity: 8M(50%)
[2024-07-25T19:05:19.092+0800][87.462s][gc,heap     ] GC(4673) Max Capacity: 16M(100%)
[2024-07-25T19:05:19.092+0800][87.462s][gc,heap     ] GC(4673) Soft Max Capacity: 16M(100%)
[2024-07-25T19:05:19.092+0800][87.462s][gc,heap     ] GC(4673)                Mark Start          Mark End        Relocate Start      Relocate End           High               Low         
[2024-07-25T19:05:19.093+0800][87.462s][gc,heap     ] GC(4673)  Capacity:       16M (100%)         16M (100%)         16M (100%)         16M (100%)         16M (100%)         16M (100%)   
[2024-07-25T19:05:19.093+0800][87.462s][gc,heap     ] GC(4673)      Free:        0M (0%)            0M (0%)            2M (12%)           2M (12%)           6M (38%)           0M (0%)     
[2024-07-25T19:05:19.093+0800][87.462s][gc,heap     ] GC(4673)      Used:       16M (100%)         16M (100%)         14M (88%)          14M (88%)          16M (100%)         10M (62%)    
[2024-07-25T19:05:19.093+0800][87.462s][gc,heap     ] GC(4673)      Live:         -                 8M (54%)           8M (54%)           8M (54%)            -                  -          
[2024-07-25T19:05:19.093+0800][87.462s][gc,heap     ] GC(4673) Allocated:         -                 0M (0%)            4M (25%)           4M (25%)            -                  -          
[2024-07-25T19:05:19.093+0800][87.462s][gc,heap     ] GC(4673)   Garbage:         -                 7M (46%)           1M (8%)            1M (8%)             -                  -          
[2024-07-25T19:05:19.093+0800][87.462s][gc,heap     ] GC(4673) Reclaimed:         -                  -                 6M (38%)           6M (38%)            -                  -          
[2024-07-25T19:05:19.093+0800][87.462s][gc          ] GC(4673) Garbage Collection (Allocation Stall) 16M(100%)->14M(88%)
[2024-07-25T19:05:19.096+0800][87.465s][gc,start    ] GC(4674) Garbage Collection (Allocation Stall)
[2024-07-25T19:05:19.096+0800][87.465s][gc,ref      ] GC(4674) Clearing All SoftReferences
[2024-07-25T19:05:19.096+0800][87.465s][gc,task     ] GC(4674) Using 1 workers
[2024-07-25T19:05:19.096+0800][87.466s][gc,phases   ] GC(4674) Pause Mark Start 0.009ms
[2024-07-25T19:05:19.103+0800][87.472s][gc,phases   ] GC(4674) Concurrent Mark 6.338ms
[2024-07-25T19:05:19.103+0800][87.472s][gc,phases   ] GC(4674) Pause Mark End 0.009ms
[2024-07-25T19:05:19.103+0800][87.472s][gc,phases   ] GC(4674) Concurrent Mark Free 0.001ms
[2024-07-25T19:05:19.105+0800][87.474s][gc,phases   ] GC(4674) Concurrent Process Non-Strong References 1.929ms
[2024-07-25T19:05:19.105+0800][87.474s][gc,phases   ] GC(4674) Concurrent Reset Relocation Set 0.001ms
[2024-07-25T19:05:19.109+0800][87.478s][gc          ] Allocation Stall (main) 12.794ms
[2024-07-25T19:05:19.109+0800][87.478s][gc,phases   ] GC(4674) Concurrent Select Relocation Set 3.744ms
[2024-07-25T19:05:19.109+0800][87.478s][gc,phases   ] GC(4674) Pause Relocate Start 0.009ms
[2024-07-25T19:05:19.109+0800][87.479s][gc,phases   ] GC(4674) Concurrent Relocate 0.140ms
[2024-07-25T19:05:19.109+0800][87.479s][gc,load     ] GC(4674) Load: 0.00/0.00/0.00
[2024-07-25T19:05:19.109+0800][87.479s][gc,mmu      ] GC(4674) MMU: 2ms/88.2%, 5ms/95.3%, 10ms/97.6%, 20ms/98.8%, 50ms/99.4%, 100ms/99.6%
[2024-07-25T19:05:19.109+0800][87.479s][gc,marking  ] GC(4674) Mark: 1 stripe(s), 1 proactive flush(es), 1 terminate flush(es), 0 completion(s), 0 continuation(s) 
[2024-07-25T19:05:19.109+0800][87.479s][gc,marking  ] GC(4674) Mark Stack Usage: 32M
[2024-07-25T19:05:19.109+0800][87.479s][gc,nmethod  ] GC(4674) NMethods: 535 registered, 0 unregistered
[2024-07-25T19:05:19.109+0800][87.479s][gc,metaspace] GC(4674) Metaspace: 1M used, 1M committed, 1088M reserved
[2024-07-25T19:05:19.109+0800][87.479s][gc,ref      ] GC(4674) Soft: 46 encountered, 25 discovered, 0 enqueued
[2024-07-25T19:05:19.109+0800][87.479s][gc,ref      ] GC(4674) Weak: 131 encountered, 107 discovered, 0 enqueued
[2024-07-25T19:05:19.109+0800][87.479s][gc,ref      ] GC(4674) Final: 0 encountered, 0 discovered, 0 enqueued
[2024-07-25T19:05:19.109+0800][87.479s][gc,ref      ] GC(4674) Phantom: 184 encountered, 98 discovered, 0 enqueued
[2024-07-25T19:05:19.109+0800][87.479s][gc,reloc    ] GC(4674) Small Pages: 4 / 8M, Empty: 2M, Relocated: 0M, In-Place: 0
[2024-07-25T19:05:19.110+0800][87.479s][gc,reloc    ] GC(4674) Large Pages: 4 / 8M, Empty: 4M, Relocated: 0M, In-Place: 0
[2024-07-25T19:05:19.110+0800][87.479s][gc,reloc    ] GC(4674) Forwarding Usage: 0M
[2024-07-25T19:05:19.110+0800][87.479s][gc,heap     ] GC(4674) Min Capacity: 8M(50%)
[2024-07-25T19:05:19.110+0800][87.479s][gc,heap     ] GC(4674) Max Capacity: 16M(100%)
[2024-07-25T19:05:19.110+0800][87.479s][gc,heap     ] GC(4674) Soft Max Capacity: 16M(100%)
[2024-07-25T19:05:19.110+0800][87.479s][gc,heap     ] GC(4674)                Mark Start          Mark End        Relocate Start      Relocate End           High               Low         
[2024-07-25T19:05:19.110+0800][87.479s][gc,heap     ] GC(4674)  Capacity:       16M (100%)         16M (100%)         16M (100%)         16M (100%)         16M (100%)         16M (100%)   
[2024-07-25T19:05:19.110+0800][87.479s][gc,heap     ] GC(4674)      Free:        0M (0%)            0M (0%)            2M (12%)           2M (12%)           6M (38%)           0M (0%)     
[2024-07-25T19:05:19.110+0800][87.479s][gc,heap     ] GC(4674)      Used:       16M (100%)         16M (100%)         14M (88%)          14M (88%)          16M (100%)         10M (62%)    
[2024-07-25T19:05:19.110+0800][87.479s][gc,heap     ] GC(4674)      Live:         -                 8M (54%)           8M (54%)           8M (54%)            -                  -          
[2024-07-25T19:05:19.110+0800][87.480s][gc,heap     ] GC(4674) Allocated:         -                 0M (0%)            4M (25%)           4M (25%)            -                  -          
[2024-07-25T19:05:19.110+0800][87.480s][gc,heap     ] GC(4674)   Garbage:         -                 7M (46%)           1M (8%)            1M (8%)             -                  -          
[2024-07-25T19:05:19.110+0800][87.480s][gc,heap     ] GC(4674) Reclaimed:         -                  -                 6M (38%)           6M (38%)            -                  -          
[2024-07-25T19:05:19.110+0800][87.480s][gc          ] GC(4674) Garbage Collection (Allocation Stall) 16M(100%)->14M(88%)
[2024-07-25T19:05:19.113+0800][87.482s][gc,start    ] GC(4675) Garbage Collection (Allocation Stall)
[2024-07-25T19:05:19.113+0800][87.482s][gc,ref      ] GC(4675) Clearing All SoftReferences
[2024-07-25T19:05:19.113+0800][87.482s][gc,task     ] GC(4675) Using 1 workers
[2024-07-25T19:05:19.114+0800][87.483s][gc,phases   ] GC(4675) Pause Mark Start 0.009ms
[2024-07-25T19:05:19.120+0800][87.490s][gc,phases   ] GC(4675) Concurrent Mark 6.887ms
[2024-07-25T19:05:19.120+0800][87.490s][gc,phases   ] GC(4675) Pause Mark End 0.010ms
[2024-07-25T19:05:19.120+0800][87.490s][gc,phases   ] GC(4675) Concurrent Mark Free 0.001ms
[2024-07-25T19:05:19.123+0800][87.492s][gc,phases   ] GC(4675) Concurrent Process Non-Strong References 2.043ms
[2024-07-25T19:05:19.123+0800][87.492s][gc,phases   ] GC(4675) Concurrent Reset Relocation Set 0.001ms
[2024-07-25T19:05:19.126+0800][87.496s][gc          ] Allocation Stall (main) 13.258ms
[2024-07-25T19:05:19.127+0800][87.496s][gc,phases   ] GC(4675) Concurrent Select Relocation Set 3.443ms
[2024-07-25T19:05:19.127+0800][87.496s][gc,phases   ] GC(4675) Pause Relocate Start 0.008ms
[2024-07-25T19:05:19.127+0800][87.496s][gc,phases   ] GC(4675) Concurrent Relocate 0.133ms
[2024-07-25T19:05:19.127+0800][87.496s][gc,load     ] GC(4675) Load: 0.00/0.00/0.00
[2024-07-25T19:05:19.127+0800][87.496s][gc,mmu      ] GC(4675) MMU: 2ms/88.2%, 5ms/95.3%, 10ms/97.6%, 20ms/98.8%, 50ms/99.4%, 100ms/99.6%
[2024-07-25T19:05:19.127+0800][87.496s][gc,marking  ] GC(4675) Mark: 1 stripe(s), 1 proactive flush(es), 1 terminate flush(es), 0 completion(s), 0 continuation(s) 
[2024-07-25T19:05:19.127+0800][87.496s][gc,marking  ] GC(4675) Mark Stack Usage: 32M
[2024-07-25T19:05:19.127+0800][87.496s][gc,nmethod  ] GC(4675) NMethods: 535 registered, 0 unregistered
[2024-07-25T19:05:19.127+0800][87.496s][gc,metaspace] GC(4675) Metaspace: 1M used, 1M committed, 1088M reserved
[2024-07-25T19:05:19.127+0800][87.496s][gc,ref      ] GC(4675) Soft: 46 encountered, 25 discovered, 0 enqueued
[2024-07-25T19:05:19.127+0800][87.496s][gc,ref      ] GC(4675) Weak: 131 encountered, 107 discovered, 0 enqueued
[2024-07-25T19:05:19.127+0800][87.496s][gc,ref      ] GC(4675) Final: 0 encountered, 0 discovered, 0 enqueued
[2024-07-25T19:05:19.127+0800][87.496s][gc,ref      ] GC(4675) Phantom: 184 encountered, 98 discovered, 0 enqueued
[2024-07-25T19:05:19.127+0800][87.496s][gc,reloc    ] GC(4675) Small Pages: 4 / 8M, Empty: 2M, Relocated: 0M, In-Place: 0
[2024-07-25T19:05:19.127+0800][87.496s][gc,reloc    ] GC(4675) Large Pages: 4 / 8M, Empty: 4M, Relocated: 0M, In-Place: 0
[2024-07-25T19:05:19.127+0800][87.496s][gc,reloc    ] GC(4675) Forwarding Usage: 0M
[2024-07-25T19:05:19.127+0800][87.497s][gc,heap     ] GC(4675) Min Capacity: 8M(50%)
[2024-07-25T19:05:19.128+0800][87.497s][gc,heap     ] GC(4675) Max Capacity: 16M(100%)
[2024-07-25T19:05:19.128+0800][87.497s][gc,heap     ] GC(4675) Soft Max Capacity: 16M(100%)
[2024-07-25T19:05:19.128+0800][87.497s][gc,heap     ] GC(4675)                Mark Start          Mark End        Relocate Start      Relocate End           High               Low         
[2024-07-25T19:05:19.128+0800][87.497s][gc,heap     ] GC(4675)  Capacity:       16M (100%)         16M (100%)         16M (100%)         16M (100%)         16M (100%)         16M (100%)   
[2024-07-25T19:05:19.128+0800][87.497s][gc,heap     ] GC(4675)      Free:        0M (0%)            0M (0%)            4M (25%)           2M (12%)           6M (38%)           0M (0%)     
[2024-07-25T19:05:19.128+0800][87.497s][gc,heap     ] GC(4675)      Used:       16M (100%)         16M (100%)         12M (75%)          14M (88%)          16M (100%)         10M (62%)    
[2024-07-25T19:05:19.128+0800][87.497s][gc,heap     ] GC(4675)      Live:         -                 8M (54%)           8M (54%)           8M (54%)            -                  -          
[2024-07-25T19:05:19.128+0800][87.497s][gc,heap     ] GC(4675) Allocated:         -                 0M (0%)            2M (12%)           4M (25%)            -                  -          
[2024-07-25T19:05:19.128+0800][87.497s][gc,heap     ] GC(4675)   Garbage:         -                 7M (46%)           1M (8%)            1M (8%)             -                  -          
[2024-07-25T19:05:19.128+0800][87.497s][gc,heap     ] GC(4675) Reclaimed:         -                  -                 6M (38%)           6M (38%)            -                  -          
[2024-07-25T19:05:19.128+0800][87.497s][gc          ] GC(4675) Garbage Collection (Allocation Stall) 16M(100%)->14M(88%)
[2024-07-25T19:05:19.131+0800][87.500s][gc,start    ] GC(4676) Garbage Collection (Allocation Stall)
[2024-07-25T19:05:19.131+0800][87.500s][gc,ref      ] GC(4676) Clearing All SoftReferences
[2024-07-25T19:05:19.131+0800][87.500s][gc,task     ] GC(4676) Using 1 workers
[2024-07-25T19:05:19.131+0800][87.500s][gc,phases   ] GC(4676) Pause Mark Start 0.009ms
[2024-07-25T19:05:19.138+0800][87.507s][gc,phases   ] GC(4676) Concurrent Mark 6.510ms
[2024-07-25T19:05:19.138+0800][87.507s][gc,phases   ] GC(4676) Pause Mark End 0.010ms
[2024-07-25T19:05:19.138+0800][87.507s][gc,phases   ] GC(4676) Concurrent Mark Free 0.001ms
[2024-07-25T19:05:19.140+0800][87.509s][gc,phases   ] GC(4676) Concurrent Process Non-Strong References 2.041ms
[2024-07-25T19:05:19.140+0800][87.509s][gc,phases   ] GC(4676) Concurrent Reset Relocation Set 0.001ms
[2024-07-25T19:05:19.144+0800][87.513s][gc          ] Allocation Stall (main) 12.995ms
[2024-07-25T19:05:19.144+0800][87.513s][gc,phases   ] GC(4676) Concurrent Select Relocation Set 3.456ms
[2024-07-25T19:05:19.144+0800][87.513s][gc,phases   ] GC(4676) Pause Relocate Start 0.011ms
[2024-07-25T19:05:19.144+0800][87.513s][gc,phases   ] GC(4676) Concurrent Relocate 0.044ms
[2024-07-25T19:05:19.144+0800][87.513s][gc,load     ] GC(4676) Load: 0.00/0.00/0.00
[2024-07-25T19:05:19.144+0800][87.513s][gc,mmu      ] GC(4676) MMU: 2ms/88.2%, 5ms/95.3%, 10ms/97.6%, 20ms/98.8%, 50ms/99.4%, 100ms/99.6%
[2024-07-25T19:05:19.144+0800][87.513s][gc,marking  ] GC(4676) Mark: 1 stripe(s), 1 proactive flush(es), 1 terminate flush(es), 0 completion(s), 0 continuation(s) 
[2024-07-25T19:05:19.144+0800][87.514s][gc,marking  ] GC(4676) Mark Stack Usage: 32M
[2024-07-25T19:05:19.144+0800][87.514s][gc,nmethod  ] GC(4676) NMethods: 535 registered, 0 unregistered
[2024-07-25T19:05:19.144+0800][87.514s][gc,metaspace] GC(4676) Metaspace: 1M used, 1M committed, 1088M reserved
[2024-07-25T19:05:19.144+0800][87.514s][gc,ref      ] GC(4676) Soft: 46 encountered, 25 discovered, 0 enqueued
[2024-07-25T19:05:19.144+0800][87.514s][gc,ref      ] GC(4676) Weak: 131 encountered, 107 discovered, 0 enqueued
[2024-07-25T19:05:19.144+0800][87.514s][gc,ref      ] GC(4676) Final: 0 encountered, 0 discovered, 0 enqueued
[2024-07-25T19:05:19.144+0800][87.514s][gc,ref      ] GC(4676) Phantom: 184 encountered, 98 discovered, 0 enqueued
[2024-07-25T19:05:19.144+0800][87.514s][gc,reloc    ] GC(4676) Small Pages: 4 / 8M, Empty: 2M, Relocated: 0M, In-Place: 0
[2024-07-25T19:05:19.144+0800][87.514s][gc,reloc    ] GC(4676) Large Pages: 4 / 8M, Empty: 4M, Relocated: 0M, In-Place: 0
[2024-07-25T19:05:19.145+0800][87.514s][gc,reloc    ] GC(4676) Forwarding Usage: 0M
[2024-07-25T19:05:19.145+0800][87.514s][gc,heap     ] GC(4676) Min Capacity: 8M(50%)
[2024-07-25T19:05:19.145+0800][87.514s][gc,heap     ] GC(4676) Max Capacity: 16M(100%)
[2024-07-25T19:05:19.145+0800][87.514s][gc,heap     ] GC(4676) Soft Max Capacity: 16M(100%)
[2024-07-25T19:05:19.145+0800][87.514s][gc,heap     ] GC(4676)                Mark Start          Mark End        Relocate Start      Relocate End           High               Low         
[2024-07-25T19:05:19.145+0800][87.514s][gc,heap     ] GC(4676)  Capacity:       16M (100%)         16M (100%)         16M (100%)         16M (100%)         16M (100%)         16M (100%)   
[2024-07-25T19:05:19.145+0800][87.514s][gc,heap     ] GC(4676)      Free:        0M (0%)            0M (0%)            2M (12%)           2M (12%)           6M (38%)           0M (0%)     
[2024-07-25T19:05:19.145+0800][87.514s][gc,heap     ] GC(4676)      Used:       16M (100%)         16M (100%)         14M (88%)          14M (88%)          16M (100%)         10M (62%)    
[2024-07-25T19:05:19.145+0800][87.514s][gc,heap     ] GC(4676)      Live:         -                 8M (54%)           8M (54%)           8M (54%)            -                  -          
[2024-07-25T19:05:19.145+0800][87.514s][gc,heap     ] GC(4676) Allocated:         -                 0M (0%)            4M (25%)           4M (25%)            -                  -          
[2024-07-25T19:05:19.145+0800][87.514s][gc,heap     ] GC(4676)   Garbage:         -                 7M (46%)           1M (8%)            1M (8%)             -                  -          
[2024-07-25T19:05:19.145+0800][87.514s][gc,heap     ] GC(4676) Reclaimed:         -                  -                 6M (38%)           6M (38%)            -                  -          
[2024-07-25T19:05:19.145+0800][87.514s][gc          ] GC(4676) Garbage Collection (Allocation Stall) 16M(100%)->14M(88%)
[2024-07-25T19:05:19.149+0800][87.518s][gc,start    ] GC(4677) Garbage Collection (Allocation Stall)
[2024-07-25T19:05:19.149+0800][87.518s][gc,ref      ] GC(4677) Clearing All SoftReferences
[2024-07-25T19:05:19.149+0800][87.518s][gc,task     ] GC(4677) Using 1 workers
[2024-07-25T19:05:19.149+0800][87.518s][gc,phases   ] GC(4677) Pause Mark Start 0.010ms
[2024-07-25T19:05:19.156+0800][87.525s][gc,phases   ] GC(4677) Concurrent Mark 6.885ms
[2024-07-25T19:05:19.156+0800][87.525s][gc,phases   ] GC(4677) Pause Mark End 0.027ms
[2024-07-25T19:05:19.156+0800][87.525s][gc,phases   ] GC(4677) Concurrent Mark Free 0.005ms
[2024-07-25T19:05:19.158+0800][87.528s][gc,phases   ] GC(4677) Concurrent Process Non-Strong References 2.315ms
[2024-07-25T19:05:19.158+0800][87.528s][gc,phases   ] GC(4677) Concurrent Reset Relocation Set 0.001ms
[2024-07-25T19:05:19.161+0800][87.531s][gc          ] Allocation Stall (main) 12.921ms
[2024-07-25T19:05:19.161+0800][87.531s][gc,phases   ] GC(4677) Concurrent Select Relocation Set 2.850ms
[2024-07-25T19:05:19.162+0800][87.531s][gc,phases   ] GC(4677) Pause Relocate Start 0.011ms
[2024-07-25T19:05:19.162+0800][87.531s][gc,phases   ] GC(4677) Concurrent Relocate 0.100ms
[2024-07-25T19:05:19.162+0800][87.531s][gc,load     ] GC(4677) Load: 0.00/0.00/0.00
[2024-07-25T19:05:19.162+0800][87.531s][gc,mmu      ] GC(4677) MMU: 2ms/88.2%, 5ms/95.3%, 10ms/97.6%, 20ms/98.8%, 50ms/99.4%, 100ms/99.6%
[2024-07-25T19:05:19.162+0800][87.531s][gc,marking  ] GC(4677) Mark: 1 stripe(s), 1 proactive flush(es), 1 terminate flush(es), 0 completion(s), 0 continuation(s) 
[2024-07-25T19:05:19.162+0800][87.532s][gc,marking  ] GC(4677) Mark Stack Usage: 32M
[2024-07-25T19:05:19.162+0800][87.532s][gc,nmethod  ] GC(4677) NMethods: 535 registered, 0 unregistered
[2024-07-25T19:05:19.162+0800][87.532s][gc,metaspace] GC(4677) Metaspace: 1M used, 1M committed, 1088M reserved
[2024-07-25T19:05:19.162+0800][87.532s][gc,ref      ] GC(4677) Soft: 46 encountered, 25 discovered, 0 enqueued
[2024-07-25T19:05:19.162+0800][87.532s][gc,ref      ] GC(4677) Weak: 131 encountered, 107 discovered, 0 enqueued
[2024-07-25T19:05:19.162+0800][87.532s][gc,ref      ] GC(4677) Final: 0 encountered, 0 discovered, 0 enqueued
[2024-07-25T19:05:19.162+0800][87.532s][gc,ref      ] GC(4677) Phantom: 184 encountered, 98 discovered, 0 enqueued
[2024-07-25T19:05:19.162+0800][87.532s][gc,reloc    ] GC(4677) Small Pages: 4 / 8M, Empty: 2M, Relocated: 0M, In-Place: 0
[2024-07-25T19:05:19.162+0800][87.532s][gc,reloc    ] GC(4677) Large Pages: 4 / 8M, Empty: 4M, Relocated: 0M, In-Place: 0
[2024-07-25T19:05:19.162+0800][87.532s][gc,reloc    ] GC(4677) Forwarding Usage: 0M
[2024-07-25T19:05:19.162+0800][87.532s][gc,heap     ] GC(4677) Min Capacity: 8M(50%)
[2024-07-25T19:05:19.162+0800][87.532s][gc,heap     ] GC(4677) Max Capacity: 16M(100%)
[2024-07-25T19:05:19.162+0800][87.532s][gc,heap     ] GC(4677) Soft Max Capacity: 16M(100%)
[2024-07-25T19:05:19.162+0800][87.532s][gc,heap     ] GC(4677)                Mark Start          Mark End        Relocate Start      Relocate End           High               Low         
[2024-07-25T19:05:19.162+0800][87.532s][gc,heap     ] GC(4677)  Capacity:       16M (100%)         16M (100%)         16M (100%)         16M (100%)         16M (100%)         16M (100%)   
[2024-07-25T19:05:19.163+0800][87.532s][gc,heap     ] GC(4677)      Free:        0M (0%)            0M (0%)            4M (25%)           2M (12%)           6M (38%)           0M (0%)     
[2024-07-25T19:05:19.163+0800][87.532s][gc,heap     ] GC(4677)      Used:       16M (100%)         16M (100%)         12M (75%)          14M (88%)          16M (100%)         10M (62%)    
[2024-07-25T19:05:19.163+0800][87.532s][gc,heap     ] GC(4677)      Live:         -                 8M (54%)           8M (54%)           8M (54%)            -                  -          
[2024-07-25T19:05:19.163+0800][87.532s][gc,heap     ] GC(4677) Allocated:         -                 0M (0%)            2M (12%)           4M (25%)            -                  -          
[2024-07-25T19:05:19.163+0800][87.532s][gc,heap     ] GC(4677)   Garbage:         -                 7M (46%)           1M (8%)            1M (8%)             -                  -          
[2024-07-25T19:05:19.163+0800][87.532s][gc,heap     ] GC(4677) Reclaimed:         -                  -                 6M (38%)           6M (38%)            -                  -          
[2024-07-25T19:05:19.163+0800][87.532s][gc          ] GC(4677) Garbage Collection (Allocation Stall) 16M(100%)->14M(88%)
[2024-07-25T19:05:19.165+0800][87.534s][gc,start    ] GC(4678) Garbage Collection (Allocation Stall)
[2024-07-25T19:05:19.165+0800][87.534s][gc,ref      ] GC(4678) Clearing All SoftReferences
[2024-07-25T19:05:19.165+0800][87.534s][gc,task     ] GC(4678) Using 1 workers
[2024-07-25T19:05:19.165+0800][87.534s][gc,phases   ] GC(4678) Pause Mark Start 0.009ms
[2024-07-25T19:05:19.172+0800][87.541s][gc,phases   ] GC(4678) Concurrent Mark 6.530ms
[2024-07-25T19:05:19.172+0800][87.541s][gc,phases   ] GC(4678) Pause Mark End 0.014ms
[2024-07-25T19:05:19.172+0800][87.541s][gc,phases   ] GC(4678) Concurrent Mark Free 0.002ms
[2024-07-25T19:05:19.174+0800][87.543s][gc,phases   ] GC(4678) Concurrent Process Non-Strong References 1.888ms
[2024-07-25T19:05:19.174+0800][87.543s][gc,phases   ] GC(4678) Concurrent Reset Relocation Set 0.002ms
[2024-07-25T19:05:19.178+0800][87.548s][gc          ] Allocation Stall (main) 13.527ms
[2024-07-25T19:05:19.178+0800][87.548s][gc,phases   ] GC(4678) Concurrent Select Relocation Set 4.263ms
[2024-07-25T19:05:19.179+0800][87.548s][gc,phases   ] GC(4678) Pause Relocate Start 0.014ms
[2024-07-25T19:05:19.179+0800][87.548s][gc,phases   ] GC(4678) Concurrent Relocate 0.067ms
[2024-07-25T19:05:19.179+0800][87.548s][gc,load     ] GC(4678) Load: 0.00/0.00/0.00
[2024-07-25T19:05:19.179+0800][87.548s][gc,mmu      ] GC(4678) MMU: 2ms/88.2%, 5ms/95.3%, 10ms/97.6%, 20ms/98.8%, 50ms/99.4%, 100ms/99.6%
[2024-07-25T19:05:19.179+0800][87.548s][gc,marking  ] GC(4678) Mark: 1 stripe(s), 1 proactive flush(es), 1 terminate flush(es), 0 completion(s), 0 continuation(s) 
[2024-07-25T19:05:19.179+0800][87.548s][gc,marking  ] GC(4678) Mark Stack Usage: 32M
[2024-07-25T19:05:19.179+0800][87.548s][gc,nmethod  ] GC(4678) NMethods: 535 registered, 0 unregistered
[2024-07-25T19:05:19.179+0800][87.548s][gc,metaspace] GC(4678) Metaspace: 1M used, 1M committed, 1088M reserved
[2024-07-25T19:05:19.179+0800][87.549s][gc,ref      ] GC(4678) Soft: 46 encountered, 25 discovered, 0 enqueued
[2024-07-25T19:05:19.179+0800][87.549s][gc,ref      ] GC(4678) Weak: 131 encountered, 107 discovered, 0 enqueued
[2024-07-25T19:05:19.179+0800][87.549s][gc,ref      ] GC(4678) Final: 0 encountered, 0 discovered, 0 enqueued
[2024-07-25T19:05:19.179+0800][87.549s][gc,ref      ] GC(4678) Phantom: 184 encountered, 98 discovered, 0 enqueued
[2024-07-25T19:05:19.179+0800][87.549s][gc,reloc    ] GC(4678) Small Pages: 4 / 8M, Empty: 2M, Relocated: 0M, In-Place: 0
[2024-07-25T19:05:19.179+0800][87.549s][gc,reloc    ] GC(4678) Large Pages: 4 / 8M, Empty: 4M, Relocated: 0M, In-Place: 0
[2024-07-25T19:05:19.179+0800][87.549s][gc,reloc    ] GC(4678) Forwarding Usage: 0M
[2024-07-25T19:05:19.179+0800][87.549s][gc,heap     ] GC(4678) Min Capacity: 8M(50%)
[2024-07-25T19:05:19.179+0800][87.549s][gc,heap     ] GC(4678) Max Capacity: 16M(100%)
[2024-07-25T19:05:19.179+0800][87.549s][gc,heap     ] GC(4678) Soft Max Capacity: 16M(100%)
[2024-07-25T19:05:19.180+0800][87.549s][gc,heap     ] GC(4678)                Mark Start          Mark End        Relocate Start      Relocate End           High               Low         
[2024-07-25T19:05:19.180+0800][87.549s][gc,heap     ] GC(4678)  Capacity:       16M (100%)         16M (100%)         16M (100%)         16M (100%)         16M (100%)         16M (100%)   
[2024-07-25T19:05:19.180+0800][87.549s][gc,heap     ] GC(4678)      Free:        0M (0%)            0M (0%)            2M (12%)           2M (12%)           6M (38%)           0M (0%)     
[2024-07-25T19:05:19.180+0800][87.549s][gc,heap     ] GC(4678)      Used:       16M (100%)         16M (100%)         14M (88%)          14M (88%)          16M (100%)         10M (62%)    
[2024-07-25T19:05:19.180+0800][87.549s][gc,heap     ] GC(4678)      Live:         -                 8M (54%)           8M (54%)           8M (54%)            -                  -          
[2024-07-25T19:05:19.180+0800][87.549s][gc,heap     ] GC(4678) Allocated:         -                 0M (0%)            4M (25%)           4M (25%)            -                  -          
[2024-07-25T19:05:19.180+0800][87.549s][gc,heap     ] GC(4678)   Garbage:         -                 7M (46%)           1M (8%)            1M (8%)             -                  -          
[2024-07-25T19:05:19.180+0800][87.549s][gc,heap     ] GC(4678) Reclaimed:         -                  -                 6M (38%)           6M (38%)            -                  -          
[2024-07-25T19:05:19.180+0800][87.549s][gc          ] GC(4678) Garbage Collection (Allocation Stall) 16M(100%)->14M(88%)
[2024-07-25T19:05:19.183+0800][87.552s][gc,start    ] GC(4679) Garbage Collection (Allocation Stall)
[2024-07-25T19:05:19.183+0800][87.552s][gc,ref      ] GC(4679) Clearing All SoftReferences
[2024-07-25T19:05:19.183+0800][87.552s][gc,task     ] GC(4679) Using 1 workers
[2024-07-25T19:05:19.183+0800][87.552s][gc,phases   ] GC(4679) Pause Mark Start 0.008ms
[2024-07-25T19:05:19.190+0800][87.559s][gc,phases   ] GC(4679) Concurrent Mark 6.539ms
[2024-07-25T19:05:19.190+0800][87.559s][gc,phases   ] GC(4679) Pause Mark End 0.014ms
[2024-07-25T19:05:19.190+0800][87.559s][gc,phases   ] GC(4679) Concurrent Mark Free 0.002ms
[2024-07-25T19:05:19.193+0800][87.562s][gc,phases   ] GC(4679) Concurrent Process Non-Strong References 2.772ms
[2024-07-25T19:05:19.193+0800][87.562s][gc,phases   ] GC(4679) Concurrent Reset Relocation Set 0.001ms
[2024-07-25T19:05:19.196+0800][87.565s][gc          ] Allocation Stall (main) 13.226ms
[2024-07-25T19:05:19.196+0800][87.565s][gc,phases   ] GC(4679) Concurrent Select Relocation Set 2.954ms
[2024-07-25T19:05:19.196+0800][87.566s][gc,phases   ] GC(4679) Pause Relocate Start 0.009ms
[2024-07-25T19:05:19.196+0800][87.566s][gc,phases   ] GC(4679) Concurrent Relocate 0.127ms
[2024-07-25T19:05:19.197+0800][87.566s][gc,load     ] GC(4679) Load: 0.00/0.00/0.00
[2024-07-25T19:05:19.197+0800][87.566s][gc,mmu      ] GC(4679) MMU: 2ms/88.2%, 5ms/95.3%, 10ms/97.6%, 20ms/98.8%, 50ms/99.4%, 100ms/99.6%
[2024-07-25T19:05:19.197+0800][87.566s][gc,marking  ] GC(4679) Mark: 1 stripe(s), 1 proactive flush(es), 1 terminate flush(es), 0 completion(s), 0 continuation(s) 
[2024-07-25T19:05:19.197+0800][87.566s][gc,marking  ] GC(4679) Mark Stack Usage: 32M
[2024-07-25T19:05:19.197+0800][87.566s][gc,nmethod  ] GC(4679) NMethods: 535 registered, 0 unregistered
[2024-07-25T19:05:19.197+0800][87.566s][gc,metaspace] GC(4679) Metaspace: 1M used, 1M committed, 1088M reserved
[2024-07-25T19:05:19.197+0800][87.566s][gc,ref      ] GC(4679) Soft: 46 encountered, 25 discovered, 0 enqueued
[2024-07-25T19:05:19.197+0800][87.566s][gc,ref      ] GC(4679) Weak: 131 encountered, 107 discovered, 0 enqueued
[2024-07-25T19:05:19.197+0800][87.566s][gc,ref      ] GC(4679) Final: 0 encountered, 0 discovered, 0 enqueued
[2024-07-25T19:05:19.197+0800][87.566s][gc,ref      ] GC(4679) Phantom: 184 encountered, 98 discovered, 0 enqueued
[2024-07-25T19:05:19.197+0800][87.566s][gc,reloc    ] GC(4679) Small Pages: 4 / 8M, Empty: 2M, Relocated: 0M, In-Place: 0
[2024-07-25T19:05:19.197+0800][87.566s][gc,reloc    ] GC(4679) Large Pages: 4 / 8M, Empty: 4M, Relocated: 0M, In-Place: 0
[2024-07-25T19:05:19.197+0800][87.566s][gc,reloc    ] GC(4679) Forwarding Usage: 0M
[2024-07-25T19:05:19.197+0800][87.566s][gc,heap     ] GC(4679) Min Capacity: 8M(50%)
[2024-07-25T19:05:19.197+0800][87.566s][gc,heap     ] GC(4679) Max Capacity: 16M(100%)
[2024-07-25T19:05:19.197+0800][87.566s][gc,heap     ] GC(4679) Soft Max Capacity: 16M(100%)
[2024-07-25T19:05:19.197+0800][87.566s][gc,heap     ] GC(4679)                Mark Start          Mark End        Relocate Start      Relocate End           High               Low         
[2024-07-25T19:05:19.197+0800][87.566s][gc,heap     ] GC(4679)  Capacity:       16M (100%)         16M (100%)         16M (100%)         16M (100%)         16M (100%)         16M (100%)   
[2024-07-25T19:05:19.197+0800][87.566s][gc,heap     ] GC(4679)      Free:        0M (0%)            0M (0%)            2M (12%)           2M (12%)           6M (38%)           0M (0%)     
[2024-07-25T19:05:19.197+0800][87.566s][gc,heap     ] GC(4679)      Used:       16M (100%)         16M (100%)         14M (88%)          14M (88%)          16M (100%)         10M (62%)    
[2024-07-25T19:05:19.197+0800][87.567s][gc,heap     ] GC(4679)      Live:         -                 8M (54%)           8M (54%)           8M (54%)            -                  -          
[2024-07-25T19:05:19.197+0800][87.567s][gc,heap     ] GC(4679) Allocated:         -                 0M (0%)            4M (25%)           4M (25%)            -                  -          
[2024-07-25T19:05:19.197+0800][87.567s][gc,heap     ] GC(4679)   Garbage:         -                 7M (46%)           1M (8%)            1M (8%)             -                  -          
[2024-07-25T19:05:19.197+0800][87.567s][gc,heap     ] GC(4679) Reclaimed:         -                  -                 6M (38%)           6M (38%)            -                  -          
[2024-07-25T19:05:19.197+0800][87.567s][gc          ] GC(4679) Garbage Collection (Allocation Stall) 16M(100%)->14M(88%)
[2024-07-25T19:05:19.201+0800][87.570s][gc,start    ] GC(4680) Garbage Collection (Allocation Stall)
[2024-07-25T19:05:19.201+0800][87.570s][gc,ref      ] GC(4680) Clearing All SoftReferences
[2024-07-25T19:05:19.201+0800][87.570s][gc,task     ] GC(4680) Using 1 workers
[2024-07-25T19:05:19.201+0800][87.570s][gc,phases   ] GC(4680) Pause Mark Start 0.008ms
[2024-07-25T19:05:19.211+0800][87.580s][gc,phases   ] GC(4680) Concurrent Mark 9.472ms
[2024-07-25T19:05:19.211+0800][87.580s][gc,phases   ] GC(4680) Pause Mark End 0.013ms
[2024-07-25T19:05:19.211+0800][87.580s][gc,phases   ] GC(4680) Concurrent Mark Free 0.002ms
[2024-07-25T19:05:19.213+0800][87.582s][gc,phases   ] GC(4680) Concurrent Process Non-Strong References 1.937ms
[2024-07-25T19:05:19.213+0800][87.582s][gc,phases   ] GC(4680) Concurrent Reset Relocation Set 0.001ms
[2024-07-25T19:05:19.217+0800][87.586s][gc          ] Allocation Stall (main) 16.229ms
[2024-07-25T19:05:19.217+0800][87.586s][gc,phases   ] GC(4680) Concurrent Select Relocation Set 3.947ms
[2024-07-25T19:05:19.217+0800][87.586s][gc,phases   ] GC(4680) Pause Relocate Start 0.010ms
[2024-07-25T19:05:19.218+0800][87.587s][gc,phases   ] GC(4680) Concurrent Relocate 0.058ms
[2024-07-25T19:05:19.218+0800][87.587s][gc,load     ] GC(4680) Load: 0.00/0.00/0.00
[2024-07-25T19:05:19.218+0800][87.587s][gc,mmu      ] GC(4680) MMU: 2ms/88.2%, 5ms/95.3%, 10ms/97.6%, 20ms/98.8%, 50ms/99.4%, 100ms/99.6%
[2024-07-25T19:05:19.218+0800][87.587s][gc,marking  ] GC(4680) Mark: 1 stripe(s), 1 proactive flush(es), 1 terminate flush(es), 0 completion(s), 0 continuation(s) 
[2024-07-25T19:05:19.218+0800][87.587s][gc,marking  ] GC(4680) Mark Stack Usage: 32M
[2024-07-25T19:05:19.218+0800][87.587s][gc,nmethod  ] GC(4680) NMethods: 535 registered, 0 unregistered
[2024-07-25T19:05:19.218+0800][87.587s][gc,metaspace] GC(4680) Metaspace: 1M used, 1M committed, 1088M reserved
[2024-07-25T19:05:19.218+0800][87.587s][gc,ref      ] GC(4680) Soft: 46 encountered, 25 discovered, 0 enqueued
[2024-07-25T19:05:19.218+0800][87.587s][gc,ref      ] GC(4680) Weak: 131 encountered, 107 discovered, 0 enqueued
[2024-07-25T19:05:19.218+0800][87.587s][gc,ref      ] GC(4680) Final: 0 encountered, 0 discovered, 0 enqueued
[2024-07-25T19:05:19.218+0800][87.587s][gc,ref      ] GC(4680) Phantom: 184 encountered, 98 discovered, 0 enqueued
[2024-07-25T19:05:19.218+0800][87.587s][gc,reloc    ] GC(4680) Small Pages: 4 / 8M, Empty: 2M, Relocated: 0M, In-Place: 0
[2024-07-25T19:05:19.218+0800][87.587s][gc,reloc    ] GC(4680) Large Pages: 4 / 8M, Empty: 4M, Relocated: 0M, In-Place: 0
[2024-07-25T19:05:19.218+0800][87.587s][gc,reloc    ] GC(4680) Forwarding Usage: 0M
[2024-07-25T19:05:19.218+0800][87.587s][gc,heap     ] GC(4680) Min Capacity: 8M(50%)
[2024-07-25T19:05:19.218+0800][87.587s][gc,heap     ] GC(4680) Max Capacity: 16M(100%)
[2024-07-25T19:05:19.218+0800][87.587s][gc,heap     ] GC(4680) Soft Max Capacity: 16M(100%)
[2024-07-25T19:05:19.218+0800][87.587s][gc,heap     ] GC(4680)                Mark Start          Mark End        Relocate Start      Relocate End           High               Low         
[2024-07-25T19:05:19.218+0800][87.587s][gc,heap     ] GC(4680)  Capacity:       16M (100%)         16M (100%)         16M (100%)         16M (100%)         16M (100%)         16M (100%)   
[2024-07-25T19:05:19.218+0800][87.587s][gc,heap     ] GC(4680)      Free:        0M (0%)            0M (0%)            4M (25%)           2M (12%)           6M (38%)           0M (0%)     
[2024-07-25T19:05:19.218+0800][87.587s][gc,heap     ] GC(4680)      Used:       16M (100%)         16M (100%)         12M (75%)          14M (88%)          16M (100%)         10M (62%)    
[2024-07-25T19:05:19.218+0800][87.587s][gc,heap     ] GC(4680)      Live:         -                 8M (54%)           8M (54%)           8M (54%)            -                  -          
[2024-07-25T19:05:19.218+0800][87.587s][gc,heap     ] GC(4680) Allocated:         -                 0M (0%)            2M (12%)           4M (25%)            -                  -          
[2024-07-25T19:05:19.218+0800][87.587s][gc,heap     ] GC(4680)   Garbage:         -                 7M (46%)           1M (8%)            1M (8%)             -                  -          
[2024-07-25T19:05:19.218+0800][87.588s][gc,heap     ] GC(4680) Reclaimed:         -                  -                 6M (38%)           6M (38%)            -                  -          
[2024-07-25T19:05:19.219+0800][87.588s][gc          ] GC(4680) Garbage Collection (Allocation Stall) 16M(100%)->14M(88%)
[2024-07-25T19:05:19.222+0800][87.591s][gc,start    ] GC(4681) Garbage Collection (Allocation Stall)
[2024-07-25T19:05:19.222+0800][87.591s][gc,ref      ] GC(4681) Clearing All SoftReferences
[2024-07-25T19:05:19.222+0800][87.591s][gc,task     ] GC(4681) Using 1 workers
[2024-07-25T19:05:19.222+0800][87.591s][gc,phases   ] GC(4681) Pause Mark Start 0.016ms
[2024-07-25T19:05:19.229+0800][87.598s][gc,phases   ] GC(4681) Concurrent Mark 6.981ms
[2024-07-25T19:05:19.230+0800][87.599s][gc,phases   ] GC(4681) Pause Mark End 0.012ms
[2024-07-25T19:05:19.230+0800][87.599s][gc,phases   ] GC(4681) Concurrent Mark Free 0.002ms
[2024-07-25T19:05:19.232+0800][87.601s][gc,phases   ] GC(4681) Concurrent Process Non-Strong References 1.865ms
[2024-07-25T19:05:19.232+0800][87.601s][gc,phases   ] GC(4681) Concurrent Reset Relocation Set 0.001ms
[2024-07-25T19:05:19.236+0800][87.605s][gc          ] Allocation Stall (main) 14.658ms
[2024-07-25T19:05:19.236+0800][87.605s][gc,phases   ] GC(4681) Concurrent Select Relocation Set 4.674ms
[2024-07-25T19:05:19.237+0800][87.606s][gc,phases   ] GC(4681) Pause Relocate Start 0.010ms
[2024-07-25T19:05:19.237+0800][87.606s][gc,phases   ] GC(4681) Concurrent Relocate 0.039ms
[2024-07-25T19:05:19.237+0800][87.606s][gc,load     ] GC(4681) Load: 0.00/0.00/0.00
[2024-07-25T19:05:19.237+0800][87.606s][gc,mmu      ] GC(4681) MMU: 2ms/88.2%, 5ms/95.3%, 10ms/97.6%, 20ms/98.8%, 50ms/99.4%, 100ms/99.6%
[2024-07-25T19:05:19.237+0800][87.606s][gc,marking  ] GC(4681) Mark: 1 stripe(s), 1 proactive flush(es), 1 terminate flush(es), 0 completion(s), 0 continuation(s) 
[2024-07-25T19:05:19.237+0800][87.606s][gc,marking  ] GC(4681) Mark Stack Usage: 32M
[2024-07-25T19:05:19.237+0800][87.606s][gc,nmethod  ] GC(4681) NMethods: 535 registered, 0 unregistered
[2024-07-25T19:05:19.237+0800][87.606s][gc,metaspace] GC(4681) Metaspace: 1M used, 1M committed, 1088M reserved
[2024-07-25T19:05:19.237+0800][87.606s][gc,ref      ] GC(4681) Soft: 46 encountered, 25 discovered, 0 enqueued
[2024-07-25T19:05:19.237+0800][87.606s][gc,ref      ] GC(4681) Weak: 131 encountered, 107 discovered, 0 enqueued
[2024-07-25T19:05:19.237+0800][87.606s][gc,ref      ] GC(4681) Final: 0 encountered, 0 discovered, 0 enqueued
[2024-07-25T19:05:19.237+0800][87.606s][gc,ref      ] GC(4681) Phantom: 184 encountered, 98 discovered, 0 enqueued
[2024-07-25T19:05:19.237+0800][87.606s][gc,reloc    ] GC(4681) Small Pages: 4 / 8M, Empty: 2M, Relocated: 0M, In-Place: 0
[2024-07-25T19:05:19.237+0800][87.606s][gc,reloc    ] GC(4681) Large Pages: 4 / 8M, Empty: 4M, Relocated: 0M, In-Place: 0
[2024-07-25T19:05:19.237+0800][87.606s][gc,reloc    ] GC(4681) Forwarding Usage: 0M
[2024-07-25T19:05:19.237+0800][87.606s][gc,heap     ] GC(4681) Min Capacity: 8M(50%)
[2024-07-25T19:05:19.237+0800][87.606s][gc,heap     ] GC(4681) Max Capacity: 16M(100%)
[2024-07-25T19:05:19.237+0800][87.606s][gc,heap     ] GC(4681) Soft Max Capacity: 16M(100%)
[2024-07-25T19:05:19.237+0800][87.606s][gc,heap     ] GC(4681)                Mark Start          Mark End        Relocate Start      Relocate End           High               Low         
[2024-07-25T19:05:19.237+0800][87.606s][gc,heap     ] GC(4681)  Capacity:       16M (100%)         16M (100%)         16M (100%)         16M (100%)         16M (100%)         16M (100%)   
[2024-07-25T19:05:19.237+0800][87.606s][gc,heap     ] GC(4681)      Free:        0M (0%)            0M (0%)            4M (25%)           2M (12%)           6M (38%)           0M (0%)     
[2024-07-25T19:05:19.237+0800][87.607s][gc,heap     ] GC(4681)      Used:       16M (100%)         16M (100%)         12M (75%)          14M (88%)          16M (100%)         10M (62%)    
[2024-07-25T19:05:19.237+0800][87.607s][gc,heap     ] GC(4681)      Live:         -                 8M (54%)           8M (54%)           8M (54%)            -                  -          
[2024-07-25T19:05:19.237+0800][87.607s][gc,heap     ] GC(4681) Allocated:         -                 0M (0%)            2M (12%)           4M (25%)            -                  -          
[2024-07-25T19:05:19.238+0800][87.607s][gc,heap     ] GC(4681)   Garbage:         -                 7M (46%)           1M (8%)            1M (8%)             -                  -          
[2024-07-25T19:05:19.238+0800][87.607s][gc,heap     ] GC(4681) Reclaimed:         -                  -                 6M (38%)           6M (38%)            -                  -          
[2024-07-25T19:05:19.238+0800][87.607s][gc          ] GC(4681) Garbage Collection (Allocation Stall) 16M(100%)->14M(88%)
[2024-07-25T19:05:19.242+0800][87.611s][gc,start    ] GC(4682) Garbage Collection (Allocation Stall)
[2024-07-25T19:05:19.242+0800][87.611s][gc,ref      ] GC(4682) Clearing All SoftReferences
[2024-07-25T19:05:19.242+0800][87.611s][gc,task     ] GC(4682) Using 1 workers
[2024-07-25T19:05:19.242+0800][87.611s][gc,phases   ] GC(4682) Pause Mark Start 0.013ms
[2024-07-25T19:05:19.249+0800][87.618s][gc,phases   ] GC(4682) Concurrent Mark 6.649ms
[2024-07-25T19:05:19.249+0800][87.618s][gc,phases   ] GC(4682) Pause Mark End 0.017ms
[2024-07-25T19:05:19.249+0800][87.618s][gc,phases   ] GC(4682) Concurrent Mark Free 0.002ms
[2024-07-25T19:05:19.251+0800][87.620s][gc,phases   ] GC(4682) Concurrent Process Non-Strong References 1.934ms
[2024-07-25T19:05:19.251+0800][87.620s][gc,phases   ] GC(4682) Concurrent Reset Relocation Set 0.001ms
[2024-07-25T19:05:19.254+0800][87.623s][gc          ] Allocation Stall (main) 12.623ms
[2024-07-25T19:05:19.254+0800][87.623s][gc,phases   ] GC(4682) Concurrent Select Relocation Set 2.920ms
[2024-07-25T19:05:19.255+0800][87.624s][gc,phases   ] GC(4682) Pause Relocate Start 0.010ms
[2024-07-25T19:05:19.255+0800][87.624s][gc,phases   ] GC(4682) Concurrent Relocate 0.131ms
[2024-07-25T19:05:19.255+0800][87.624s][gc,load     ] GC(4682) Load: 0.00/0.00/0.00
[2024-07-25T19:05:19.255+0800][87.624s][gc,mmu      ] GC(4682) MMU: 2ms/88.2%, 5ms/95.3%, 10ms/97.6%, 20ms/98.8%, 50ms/99.4%, 100ms/99.6%
[2024-07-25T19:05:19.255+0800][87.624s][gc,marking  ] GC(4682) Mark: 1 stripe(s), 1 proactive flush(es), 1 terminate flush(es), 0 completion(s), 0 continuation(s) 
[2024-07-25T19:05:19.255+0800][87.624s][gc,marking  ] GC(4682) Mark Stack Usage: 32M
[2024-07-25T19:05:19.255+0800][87.624s][gc,nmethod  ] GC(4682) NMethods: 535 registered, 0 unregistered
[2024-07-25T19:05:19.255+0800][87.624s][gc,metaspace] GC(4682) Metaspace: 1M used, 1M committed, 1088M reserved
[2024-07-25T19:05:19.255+0800][87.624s][gc,ref      ] GC(4682) Soft: 46 encountered, 25 discovered, 0 enqueued
[2024-07-25T19:05:19.255+0800][87.624s][gc,ref      ] GC(4682) Weak: 131 encountered, 107 discovered, 0 enqueued
[2024-07-25T19:05:19.255+0800][87.624s][gc,ref      ] GC(4682) Final: 0 encountered, 0 discovered, 0 enqueued
[2024-07-25T19:05:19.255+0800][87.624s][gc,ref      ] GC(4682) Phantom: 184 encountered, 98 discovered, 0 enqueued
[2024-07-25T19:05:19.255+0800][87.624s][gc,reloc    ] GC(4682) Small Pages: 4 / 8M, Empty: 2M, Relocated: 0M, In-Place: 0
[2024-07-25T19:05:19.255+0800][87.624s][gc,reloc    ] GC(4682) Large Pages: 4 / 8M, Empty: 4M, Relocated: 0M, In-Place: 0
[2024-07-25T19:05:19.255+0800][87.624s][gc,reloc    ] GC(4682) Forwarding Usage: 0M
[2024-07-25T19:05:19.255+0800][87.624s][gc,heap     ] GC(4682) Min Capacity: 8M(50%)
[2024-07-25T19:05:19.255+0800][87.624s][gc,heap     ] GC(4682) Max Capacity: 16M(100%)
[2024-07-25T19:05:19.255+0800][87.624s][gc,heap     ] GC(4682) Soft Max Capacity: 16M(100%)
[2024-07-25T19:05:19.255+0800][87.624s][gc,heap     ] GC(4682)                Mark Start          Mark End        Relocate Start      Relocate End           High               Low         
[2024-07-25T19:05:19.255+0800][87.624s][gc,heap     ] GC(4682)  Capacity:       16M (100%)         16M (100%)         16M (100%)         16M (100%)         16M (100%)         16M (100%)   
[2024-07-25T19:05:19.255+0800][87.624s][gc,heap     ] GC(4682)      Free:        0M (0%)            0M (0%)            2M (12%)           2M (12%)           6M (38%)           0M (0%)     
[2024-07-25T19:05:19.255+0800][87.624s][gc,heap     ] GC(4682)      Used:       16M (100%)         16M (100%)         14M (88%)          14M (88%)          16M (100%)         10M (62%)    
[2024-07-25T19:05:19.255+0800][87.625s][gc,heap     ] GC(4682)      Live:         -                 8M (54%)           8M (54%)           8M (54%)            -                  -          
[2024-07-25T19:05:19.255+0800][87.625s][gc,heap     ] GC(4682) Allocated:         -                 0M (0%)            4M (25%)           4M (25%)            -                  -          
[2024-07-25T19:05:19.255+0800][87.625s][gc,heap     ] GC(4682)   Garbage:         -                 7M (46%)           1M (8%)            1M (8%)             -                  -          
[2024-07-25T19:05:19.256+0800][87.625s][gc,heap     ] GC(4682) Reclaimed:         -                  -                 6M (38%)           6M (38%)            -                  -          
[2024-07-25T19:05:19.256+0800][87.625s][gc          ] GC(4682) Garbage Collection (Allocation Stall) 16M(100%)->14M(88%)
[2024-07-25T19:05:19.259+0800][87.628s][gc,start    ] GC(4683) Garbage Collection (Allocation Stall)
[2024-07-25T19:05:19.259+0800][87.628s][gc,ref      ] GC(4683) Clearing All SoftReferences
[2024-07-25T19:05:19.259+0800][87.628s][gc,task     ] GC(4683) Using 1 workers
[2024-07-25T19:05:19.259+0800][87.628s][gc,phases   ] GC(4683) Pause Mark Start 0.008ms
[2024-07-25T19:05:19.266+0800][87.635s][gc,phases   ] GC(4683) Concurrent Mark 6.656ms
[2024-07-25T19:05:19.266+0800][87.635s][gc,phases   ] GC(4683) Pause Mark End 0.010ms
[2024-07-25T19:05:19.266+0800][87.635s][gc,phases   ] GC(4683) Concurrent Mark Free 0.001ms
[2024-07-25T19:05:19.268+0800][87.637s][gc,phases   ] GC(4683) Concurrent Process Non-Strong References 1.861ms
[2024-07-25T19:05:19.268+0800][87.637s][gc,phases   ] GC(4683) Concurrent Reset Relocation Set 0.001ms
[2024-07-25T19:05:19.271+0800][87.640s][gc          ] Allocation Stall (main) 12.445ms
[2024-07-25T19:05:19.271+0800][87.640s][gc,phases   ] GC(4683) Concurrent Select Relocation Set 3.098ms
[2024-07-25T19:05:19.271+0800][87.641s][gc,phases   ] GC(4683) Pause Relocate Start 0.018ms
[2024-07-25T19:05:19.272+0800][87.641s][gc,phases   ] GC(4683) Concurrent Relocate 0.148ms
[2024-07-25T19:05:19.272+0800][87.641s][gc,load     ] GC(4683) Load: 0.00/0.00/0.00
[2024-07-25T19:05:19.272+0800][87.641s][gc,mmu      ] GC(4683) MMU: 2ms/88.2%, 5ms/95.3%, 10ms/97.6%, 20ms/98.8%, 50ms/99.4%, 100ms/99.6%
[2024-07-25T19:05:19.272+0800][87.641s][gc,marking  ] GC(4683) Mark: 1 stripe(s), 1 proactive flush(es), 1 terminate flush(es), 0 completion(s), 0 continuation(s) 
[2024-07-25T19:05:19.272+0800][87.641s][gc,marking  ] GC(4683) Mark Stack Usage: 32M
[2024-07-25T19:05:19.272+0800][87.641s][gc,nmethod  ] GC(4683) NMethods: 535 registered, 0 unregistered
[2024-07-25T19:05:19.272+0800][87.641s][gc,metaspace] GC(4683) Metaspace: 1M used, 1M committed, 1088M reserved
[2024-07-25T19:05:19.272+0800][87.641s][gc,ref      ] GC(4683) Soft: 46 encountered, 25 discovered, 0 enqueued
[2024-07-25T19:05:19.272+0800][87.641s][gc,ref      ] GC(4683) Weak: 131 encountered, 107 discovered, 0 enqueued
[2024-07-25T19:05:19.272+0800][87.641s][gc,ref      ] GC(4683) Final: 0 encountered, 0 discovered, 0 enqueued
[2024-07-25T19:05:19.272+0800][87.641s][gc,ref      ] GC(4683) Phantom: 184 encountered, 98 discovered, 0 enqueued
[2024-07-25T19:05:19.272+0800][87.641s][gc,reloc    ] GC(4683) Small Pages: 4 / 8M, Empty: 2M, Relocated: 0M, In-Place: 0
[2024-07-25T19:05:19.272+0800][87.641s][gc,reloc    ] GC(4683) Large Pages: 4 / 8M, Empty: 4M, Relocated: 0M, In-Place: 0
[2024-07-25T19:05:19.272+0800][87.641s][gc,reloc    ] GC(4683) Forwarding Usage: 0M
[2024-07-25T19:05:19.272+0800][87.641s][gc,heap     ] GC(4683) Min Capacity: 8M(50%)
[2024-07-25T19:05:19.272+0800][87.641s][gc,heap     ] GC(4683) Max Capacity: 16M(100%)
[2024-07-25T19:05:19.272+0800][87.641s][gc,heap     ] GC(4683) Soft Max Capacity: 16M(100%)
[2024-07-25T19:05:19.272+0800][87.641s][gc,heap     ] GC(4683)                Mark Start          Mark End        Relocate Start      Relocate End           High               Low         
[2024-07-25T19:05:19.272+0800][87.641s][gc,heap     ] GC(4683)  Capacity:       16M (100%)         16M (100%)         16M (100%)         16M (100%)         16M (100%)         16M (100%)   
[2024-07-25T19:05:19.272+0800][87.641s][gc,heap     ] GC(4683)      Free:        0M (0%)            0M (0%)            2M (12%)           2M (12%)           6M (38%)           0M (0%)     
[2024-07-25T19:05:19.272+0800][87.641s][gc,heap     ] GC(4683)      Used:       16M (100%)         16M (100%)         14M (88%)          14M (88%)          16M (100%)         10M (62%)    
[2024-07-25T19:05:19.272+0800][87.641s][gc,heap     ] GC(4683)      Live:         -                 8M (54%)           8M (54%)           8M (54%)            -                  -          
[2024-07-25T19:05:19.272+0800][87.641s][gc,heap     ] GC(4683) Allocated:         -                 0M (0%)            4M (25%)           4M (25%)            -                  -          
[2024-07-25T19:05:19.272+0800][87.642s][gc,heap     ] GC(4683)   Garbage:         -                 7M (46%)           1M (8%)            1M (8%)             -                  -          
[2024-07-25T19:05:19.272+0800][87.642s][gc,heap     ] GC(4683) Reclaimed:         -                  -                 6M (38%)           6M (38%)            -                  -          
[2024-07-25T19:05:19.272+0800][87.642s][gc          ] GC(4683) Garbage Collection (Allocation Stall) 16M(100%)->14M(88%)
[2024-07-25T19:05:19.275+0800][87.644s][gc,start    ] GC(4684) Garbage Collection (Allocation Stall)
[2024-07-25T19:05:19.275+0800][87.644s][gc,ref      ] GC(4684) Clearing All SoftReferences
[2024-07-25T19:05:19.275+0800][87.644s][gc,task     ] GC(4684) Using 1 workers
[2024-07-25T19:05:19.275+0800][87.644s][gc,phases   ] GC(4684) Pause Mark Start 0.016ms
[2024-07-25T19:05:19.282+0800][87.651s][gc,phases   ] GC(4684) Concurrent Mark 6.583ms
[2024-07-25T19:05:19.282+0800][87.651s][gc,phases   ] GC(4684) Pause Mark End 0.016ms
[2024-07-25T19:05:19.282+0800][87.651s][gc,phases   ] GC(4684) Concurrent Mark Free 0.001ms
[2024-07-25T19:05:19.284+0800][87.653s][gc,phases   ] GC(4684) Concurrent Process Non-Strong References 1.981ms
[2024-07-25T19:05:19.284+0800][87.654s][gc,phases   ] GC(4684) Concurrent Reset Relocation Set 0.001ms
[2024-07-25T19:05:19.288+0800][87.657s][gc          ] Allocation Stall (main) 13.116ms
[2024-07-25T19:05:19.288+0800][87.657s][gc,phases   ] GC(4684) Concurrent Select Relocation Set 3.678ms
[2024-07-25T19:05:19.288+0800][87.657s][gc,phases   ] GC(4684) Pause Relocate Start 0.009ms
[2024-07-25T19:05:19.288+0800][87.658s][gc,phases   ] GC(4684) Concurrent Relocate 0.112ms
[2024-07-25T19:05:19.289+0800][87.658s][gc,load     ] GC(4684) Load: 0.00/0.00/0.00
[2024-07-25T19:05:19.289+0800][87.658s][gc,mmu      ] GC(4684) MMU: 2ms/88.2%, 5ms/95.3%, 10ms/97.6%, 20ms/98.8%, 50ms/99.4%, 100ms/99.6%
[2024-07-25T19:05:19.289+0800][87.658s][gc,marking  ] GC(4684) Mark: 1 stripe(s), 1 proactive flush(es), 1 terminate flush(es), 0 completion(s), 0 continuation(s) 
[2024-07-25T19:05:19.289+0800][87.658s][gc,marking  ] GC(4684) Mark Stack Usage: 32M
[2024-07-25T19:05:19.289+0800][87.658s][gc,nmethod  ] GC(4684) NMethods: 535 registered, 0 unregistered
[2024-07-25T19:05:19.289+0800][87.658s][gc,metaspace] GC(4684) Metaspace: 1M used, 1M committed, 1088M reserved
[2024-07-25T19:05:19.289+0800][87.658s][gc,ref      ] GC(4684) Soft: 46 encountered, 25 discovered, 0 enqueued
[2024-07-25T19:05:19.289+0800][87.658s][gc,ref      ] GC(4684) Weak: 131 encountered, 107 discovered, 0 enqueued
[2024-07-25T19:05:19.289+0800][87.658s][gc,ref      ] GC(4684) Final: 0 encountered, 0 discovered, 0 enqueued
[2024-07-25T19:05:19.289+0800][87.658s][gc,ref      ] GC(4684) Phantom: 184 encountered, 98 discovered, 0 enqueued
[2024-07-25T19:05:19.289+0800][87.658s][gc,reloc    ] GC(4684) Small Pages: 4 / 8M, Empty: 2M, Relocated: 0M, In-Place: 0
[2024-07-25T19:05:19.289+0800][87.658s][gc,reloc    ] GC(4684) Large Pages: 4 / 8M, Empty: 4M, Relocated: 0M, In-Place: 0
[2024-07-25T19:05:19.289+0800][87.658s][gc,reloc    ] GC(4684) Forwarding Usage: 0M
[2024-07-25T19:05:19.289+0800][87.658s][gc,heap     ] GC(4684) Min Capacity: 8M(50%)
[2024-07-25T19:05:19.289+0800][87.658s][gc,heap     ] GC(4684) Max Capacity: 16M(100%)
[2024-07-25T19:05:19.289+0800][87.658s][gc,heap     ] GC(4684) Soft Max Capacity: 16M(100%)
[2024-07-25T19:05:19.289+0800][87.658s][gc,heap     ] GC(4684)                Mark Start          Mark End        Relocate Start      Relocate End           High               Low         
[2024-07-25T19:05:19.289+0800][87.658s][gc,heap     ] GC(4684)  Capacity:       16M (100%)         16M (100%)         16M (100%)         16M (100%)         16M (100%)         16M (100%)   
[2024-07-25T19:05:19.289+0800][87.658s][gc,heap     ] GC(4684)      Free:        0M (0%)            0M (0%)            2M (12%)           2M (12%)           6M (38%)           0M (0%)     
[2024-07-25T19:05:19.289+0800][87.658s][gc,heap     ] GC(4684)      Used:       16M (100%)         16M (100%)         14M (88%)          14M (88%)          16M (100%)         10M (62%)    
[2024-07-25T19:05:19.289+0800][87.659s][gc,heap     ] GC(4684)      Live:         -                 8M (54%)           8M (54%)           8M (54%)            -                  -          
[2024-07-25T19:05:19.289+0800][87.659s][gc,heap     ] GC(4684) Allocated:         -                 0M (0%)            4M (25%)           4M (25%)            -                  -          
[2024-07-25T19:05:19.289+0800][87.659s][gc,heap     ] GC(4684)   Garbage:         -                 7M (46%)           1M (8%)            1M (8%)             -                  -          
[2024-07-25T19:05:19.289+0800][87.659s][gc,heap     ] GC(4684) Reclaimed:         -                  -                 6M (38%)           6M (38%)            -                  -          
[2024-07-25T19:05:19.289+0800][87.659s][gc          ] GC(4684) Garbage Collection (Allocation Stall) 16M(100%)->14M(88%)
[2024-07-25T19:05:19.292+0800][87.661s][gc,start    ] GC(4685) Garbage Collection (Allocation Stall)
[2024-07-25T19:05:19.292+0800][87.661s][gc,ref      ] GC(4685) Clearing All SoftReferences
[2024-07-25T19:05:19.292+0800][87.661s][gc,task     ] GC(4685) Using 1 workers
[2024-07-25T19:05:19.292+0800][87.661s][gc,phases   ] GC(4685) Pause Mark Start 0.010ms
[2024-07-25T19:05:19.300+0800][87.669s][gc,phases   ] GC(4685) Concurrent Mark 7.752ms
[2024-07-25T19:05:19.300+0800][87.670s][gc,phases   ] GC(4685) Pause Mark End 0.014ms
[2024-07-25T19:05:19.300+0800][87.670s][gc,phases   ] GC(4685) Concurrent Mark Free 0.001ms
[2024-07-25T19:05:19.303+0800][87.672s][gc,phases   ] GC(4685) Concurrent Process Non-Strong References 2.393ms
[2024-07-25T19:05:19.303+0800][87.672s][gc,phases   ] GC(4685) Concurrent Reset Relocation Set 0.001ms
[2024-07-25T19:05:19.307+0800][87.676s][gc          ] Allocation Stall (main) 14.997ms
[2024-07-25T19:05:19.307+0800][87.676s][gc,phases   ] GC(4685) Concurrent Select Relocation Set 3.782ms
[2024-07-25T19:05:19.307+0800][87.676s][gc,phases   ] GC(4685) Pause Relocate Start 0.009ms
[2024-07-25T19:05:19.308+0800][87.677s][gc,phases   ] GC(4685) Concurrent Relocate 0.114ms
[2024-07-25T19:05:19.308+0800][87.677s][gc,load     ] GC(4685) Load: 0.00/0.00/0.00
[2024-07-25T19:05:19.308+0800][87.677s][gc,mmu      ] GC(4685) MMU: 2ms/88.2%, 5ms/95.3%, 10ms/97.6%, 20ms/98.8%, 50ms/99.4%, 100ms/99.6%
[2024-07-25T19:05:19.308+0800][87.677s][gc,marking  ] GC(4685) Mark: 1 stripe(s), 1 proactive flush(es), 1 terminate flush(es), 0 completion(s), 0 continuation(s) 
[2024-07-25T19:05:19.308+0800][87.677s][gc,marking  ] GC(4685) Mark Stack Usage: 32M
[2024-07-25T19:05:19.308+0800][87.677s][gc,nmethod  ] GC(4685) NMethods: 535 registered, 0 unregistered
[2024-07-25T19:05:19.308+0800][87.677s][gc,metaspace] GC(4685) Metaspace: 1M used, 1M committed, 1088M reserved
[2024-07-25T19:05:19.308+0800][87.677s][gc,ref      ] GC(4685) Soft: 46 encountered, 25 discovered, 0 enqueued
[2024-07-25T19:05:19.308+0800][87.677s][gc,ref      ] GC(4685) Weak: 131 encountered, 107 discovered, 0 enqueued
[2024-07-25T19:05:19.308+0800][87.677s][gc,ref      ] GC(4685) Final: 0 encountered, 0 discovered, 0 enqueued
[2024-07-25T19:05:19.308+0800][87.677s][gc,ref      ] GC(4685) Phantom: 184 encountered, 98 discovered, 0 enqueued
[2024-07-25T19:05:19.308+0800][87.677s][gc,reloc    ] GC(4685) Small Pages: 4 / 8M, Empty: 2M, Relocated: 0M, In-Place: 0
[2024-07-25T19:05:19.308+0800][87.677s][gc,reloc    ] GC(4685) Large Pages: 4 / 8M, Empty: 4M, Relocated: 0M, In-Place: 0
[2024-07-25T19:05:19.308+0800][87.677s][gc,reloc    ] GC(4685) Forwarding Usage: 0M
[2024-07-25T19:05:19.308+0800][87.677s][gc,heap     ] GC(4685) Min Capacity: 8M(50%)
[2024-07-25T19:05:19.308+0800][87.677s][gc,heap     ] GC(4685) Max Capacity: 16M(100%)
[2024-07-25T19:05:19.308+0800][87.677s][gc,heap     ] GC(4685) Soft Max Capacity: 16M(100%)
[2024-07-25T19:05:19.308+0800][87.677s][gc,heap     ] GC(4685)                Mark Start          Mark End        Relocate Start      Relocate End           High               Low         
[2024-07-25T19:05:19.308+0800][87.677s][gc,heap     ] GC(4685)  Capacity:       16M (100%)         16M (100%)         16M (100%)         16M (100%)         16M (100%)         16M (100%)   
[2024-07-25T19:05:19.308+0800][87.677s][gc,heap     ] GC(4685)      Free:        0M (0%)            0M (0%)            2M (12%)           2M (12%)           6M (38%)           0M (0%)     
[2024-07-25T19:05:19.308+0800][87.678s][gc,heap     ] GC(4685)      Used:       16M (100%)         16M (100%)         14M (88%)          14M (88%)          16M (100%)         10M (62%)    
[2024-07-25T19:05:19.308+0800][87.678s][gc,heap     ] GC(4685)      Live:         -                 8M (54%)           8M (54%)           8M (54%)            -                  -          
[2024-07-25T19:05:19.308+0800][87.678s][gc,heap     ] GC(4685) Allocated:         -                 0M (0%)            4M (25%)           4M (25%)            -                  -          
[2024-07-25T19:05:19.308+0800][87.678s][gc,heap     ] GC(4685)   Garbage:         -                 7M (46%)           1M (8%)            1M (8%)             -                  -          
[2024-07-25T19:05:19.308+0800][87.678s][gc,heap     ] GC(4685) Reclaimed:         -                  -                 6M (38%)           6M (38%)            -                  -          
[2024-07-25T19:05:19.308+0800][87.678s][gc          ] GC(4685) Garbage Collection (Allocation Stall) 16M(100%)->14M(88%)
[2024-07-25T19:05:19.311+0800][87.680s][gc,start    ] GC(4686) Garbage Collection (Allocation Stall)
[2024-07-25T19:05:19.311+0800][87.680s][gc,ref      ] GC(4686) Clearing All SoftReferences
[2024-07-25T19:05:19.311+0800][87.680s][gc,task     ] GC(4686) Using 1 workers
[2024-07-25T19:05:19.311+0800][87.680s][gc,phases   ] GC(4686) Pause Mark Start 0.010ms
[2024-07-25T19:05:19.319+0800][87.688s][gc,phases   ] GC(4686) Concurrent Mark 7.546ms
[2024-07-25T19:05:19.319+0800][87.688s][gc,phases   ] GC(4686) Pause Mark End 0.012ms
[2024-07-25T19:05:19.319+0800][87.689s][gc,phases   ] GC(4686) Concurrent Mark Free 0.001ms
[2024-07-25T19:05:19.322+0800][87.691s][gc,phases   ] GC(4686) Concurrent Process Non-Strong References 2.248ms
[2024-07-25T19:05:19.322+0800][87.691s][gc,phases   ] GC(4686) Concurrent Reset Relocation Set 0.001ms
[2024-07-25T19:05:19.325+0800][87.695s][gc          ] Allocation Stall (main) 14.598ms
[2024-07-25T19:05:19.325+0800][87.695s][gc,phases   ] GC(4686) Concurrent Select Relocation Set 3.744ms
[2024-07-25T19:05:19.326+0800][87.695s][gc,phases   ] GC(4686) Pause Relocate Start 0.012ms
[2024-07-25T19:05:19.326+0800][87.695s][gc,phases   ] GC(4686) Concurrent Relocate 0.161ms
[2024-07-25T19:05:19.326+0800][87.695s][gc,load     ] GC(4686) Load: 0.00/0.00/0.00
[2024-07-25T19:05:19.326+0800][87.695s][gc,mmu      ] GC(4686) MMU: 2ms/88.2%, 5ms/95.3%, 10ms/97.6%, 20ms/98.8%, 50ms/99.4%, 100ms/99.6%
[2024-07-25T19:05:19.326+0800][87.696s][gc,marking  ] GC(4686) Mark: 1 stripe(s), 1 proactive flush(es), 1 terminate flush(es), 0 completion(s), 0 continuation(s) 
[2024-07-25T19:05:19.326+0800][87.696s][gc,marking  ] GC(4686) Mark Stack Usage: 32M
[2024-07-25T19:05:19.326+0800][87.696s][gc,nmethod  ] GC(4686) NMethods: 535 registered, 0 unregistered
[2024-07-25T19:05:19.326+0800][87.696s][gc,metaspace] GC(4686) Metaspace: 1M used, 1M committed, 1088M reserved
[2024-07-25T19:05:19.326+0800][87.696s][gc,ref      ] GC(4686) Soft: 46 encountered, 25 discovered, 0 enqueued
[2024-07-25T19:05:19.326+0800][87.696s][gc,ref      ] GC(4686) Weak: 131 encountered, 107 discovered, 0 enqueued
[2024-07-25T19:05:19.326+0800][87.696s][gc,ref      ] GC(4686) Final: 0 encountered, 0 discovered, 0 enqueued
[2024-07-25T19:05:19.326+0800][87.696s][gc,ref      ] GC(4686) Phantom: 184 encountered, 98 discovered, 0 enqueued
[2024-07-25T19:05:19.326+0800][87.696s][gc,reloc    ] GC(4686) Small Pages: 4 / 8M, Empty: 2M, Relocated: 0M, In-Place: 0
[2024-07-25T19:05:19.326+0800][87.696s][gc,reloc    ] GC(4686) Large Pages: 4 / 8M, Empty: 4M, Relocated: 0M, In-Place: 0
[2024-07-25T19:05:19.326+0800][87.696s][gc,reloc    ] GC(4686) Forwarding Usage: 0M
[2024-07-25T19:05:19.327+0800][87.696s][gc,heap     ] GC(4686) Min Capacity: 8M(50%)
[2024-07-25T19:05:19.327+0800][87.696s][gc,heap     ] GC(4686) Max Capacity: 16M(100%)
[2024-07-25T19:05:19.327+0800][87.696s][gc,heap     ] GC(4686) Soft Max Capacity: 16M(100%)
[2024-07-25T19:05:19.327+0800][87.696s][gc,heap     ] GC(4686)                Mark Start          Mark End        Relocate Start      Relocate End           High               Low         
[2024-07-25T19:05:19.327+0800][87.696s][gc,heap     ] GC(4686)  Capacity:       16M (100%)         16M (100%)         16M (100%)         16M (100%)         16M (100%)         16M (100%)   
[2024-07-25T19:05:19.327+0800][87.696s][gc,heap     ] GC(4686)      Free:        0M (0%)            0M (0%)            2M (12%)           2M (12%)           6M (38%)           0M (0%)     
[2024-07-25T19:05:19.327+0800][87.696s][gc,heap     ] GC(4686)      Used:       16M (100%)         16M (100%)         14M (88%)          14M (88%)          16M (100%)         10M (62%)    
[2024-07-25T19:05:19.327+0800][87.696s][gc,heap     ] GC(4686)      Live:         -                 8M (54%)           8M (54%)           8M (54%)            -                  -          
[2024-07-25T19:05:19.327+0800][87.696s][gc,heap     ] GC(4686) Allocated:         -                 0M (0%)            4M (25%)           4M (25%)            -                  -          
[2024-07-25T19:05:19.327+0800][87.696s][gc,heap     ] GC(4686)   Garbage:         -                 7M (46%)           1M (8%)            1M (8%)             -                  -          
[2024-07-25T19:05:19.327+0800][87.696s][gc,heap     ] GC(4686) Reclaimed:         -                  -                 6M (38%)           6M (38%)            -                  -          
[2024-07-25T19:05:19.327+0800][87.696s][gc          ] GC(4686) Garbage Collection (Allocation Stall) 16M(100%)->14M(88%)
[2024-07-25T19:05:19.330+0800][87.699s][gc,start    ] GC(4687) Garbage Collection (Allocation Stall)
[2024-07-25T19:05:19.330+0800][87.699s][gc,ref      ] GC(4687) Clearing All SoftReferences
[2024-07-25T19:05:19.330+0800][87.699s][gc,task     ] GC(4687) Using 1 workers
[2024-07-25T19:05:19.330+0800][87.699s][gc,phases   ] GC(4687) Pause Mark Start 0.011ms
[2024-07-25T19:05:19.338+0800][87.707s][gc,phases   ] GC(4687) Concurrent Mark 7.975ms
[2024-07-25T19:05:19.338+0800][87.708s][gc,phases   ] GC(4687) Pause Mark End 0.010ms
[2024-07-25T19:05:19.338+0800][87.708s][gc,phases   ] GC(4687) Concurrent Mark Free 0.001ms
[2024-07-25T19:05:19.341+0800][87.710s][gc,phases   ] GC(4687) Concurrent Process Non-Strong References 2.225ms
[2024-07-25T19:05:19.341+0800][87.710s][gc,phases   ] GC(4687) Concurrent Reset Relocation Set 0.001ms
[2024-07-25T19:05:19.345+0800][87.714s][gc          ] Allocation Stall (main) 14.894ms
[2024-07-25T19:05:19.345+0800][87.714s][gc,phases   ] GC(4687) Concurrent Select Relocation Set 3.707ms
[2024-07-25T19:05:19.345+0800][87.714s][gc,phases   ] GC(4687) Pause Relocate Start 0.009ms
[2024-07-25T19:05:19.345+0800][87.715s][gc,phases   ] GC(4687) Concurrent Relocate 0.107ms
[2024-07-25T19:05:19.346+0800][87.715s][gc,load     ] GC(4687) Load: 0.00/0.00/0.00
[2024-07-25T19:05:19.346+0800][87.715s][gc,mmu      ] GC(4687) MMU: 2ms/88.2%, 5ms/95.3%, 10ms/97.6%, 20ms/98.8%, 50ms/99.4%, 100ms/99.6%
[2024-07-25T19:05:19.346+0800][87.715s][gc,marking  ] GC(4687) Mark: 1 stripe(s), 1 proactive flush(es), 1 terminate flush(es), 0 completion(s), 0 continuation(s) 
[2024-07-25T19:05:19.346+0800][87.715s][gc,marking  ] GC(4687) Mark Stack Usage: 32M
[2024-07-25T19:05:19.346+0800][87.715s][gc,nmethod  ] GC(4687) NMethods: 535 registered, 0 unregistered
[2024-07-25T19:05:19.346+0800][87.715s][gc,metaspace] GC(4687) Metaspace: 1M used, 1M committed, 1088M reserved
[2024-07-25T19:05:19.346+0800][87.715s][gc,ref      ] GC(4687) Soft: 46 encountered, 25 discovered, 0 enqueued
[2024-07-25T19:05:19.346+0800][87.715s][gc,ref      ] GC(4687) Weak: 131 encountered, 107 discovered, 0 enqueued
[2024-07-25T19:05:19.346+0800][87.715s][gc,ref      ] GC(4687) Final: 0 encountered, 0 discovered, 0 enqueued
[2024-07-25T19:05:19.346+0800][87.715s][gc,ref      ] GC(4687) Phantom: 184 encountered, 98 discovered, 0 enqueued
[2024-07-25T19:05:19.346+0800][87.715s][gc,reloc    ] GC(4687) Small Pages: 4 / 8M, Empty: 2M, Relocated: 0M, In-Place: 0
[2024-07-25T19:05:19.346+0800][87.715s][gc,reloc    ] GC(4687) Large Pages: 4 / 8M, Empty: 4M, Relocated: 0M, In-Place: 0
[2024-07-25T19:05:19.346+0800][87.715s][gc,reloc    ] GC(4687) Forwarding Usage: 0M
[2024-07-25T19:05:19.346+0800][87.715s][gc,heap     ] GC(4687) Min Capacity: 8M(50%)
[2024-07-25T19:05:19.346+0800][87.715s][gc,heap     ] GC(4687) Max Capacity: 16M(100%)
[2024-07-25T19:05:19.346+0800][87.715s][gc,heap     ] GC(4687) Soft Max Capacity: 16M(100%)
[2024-07-25T19:05:19.346+0800][87.715s][gc,heap     ] GC(4687)                Mark Start          Mark End        Relocate Start      Relocate End           High               Low         
[2024-07-25T19:05:19.346+0800][87.715s][gc,heap     ] GC(4687)  Capacity:       16M (100%)         16M (100%)         16M (100%)         16M (100%)         16M (100%)         16M (100%)   
[2024-07-25T19:05:19.346+0800][87.715s][gc,heap     ] GC(4687)      Free:        0M (0%)            0M (0%)            2M (12%)           2M (12%)           6M (38%)           0M (0%)     
[2024-07-25T19:05:19.346+0800][87.715s][gc,heap     ] GC(4687)      Used:       16M (100%)         16M (100%)         14M (88%)          14M (88%)          16M (100%)         10M (62%)    
[2024-07-25T19:05:19.346+0800][87.715s][gc,heap     ] GC(4687)      Live:         -                 8M (54%)           8M (54%)           8M (54%)            -                  -          
[2024-07-25T19:05:19.346+0800][87.715s][gc,heap     ] GC(4687) Allocated:         -                 0M (0%)            4M (25%)           4M (25%)            -                  -          
[2024-07-25T19:05:19.346+0800][87.715s][gc,heap     ] GC(4687)   Garbage:         -                 7M (46%)           1M (8%)            1M (8%)             -                  -          
[2024-07-25T19:05:19.346+0800][87.715s][gc,heap     ] GC(4687) Reclaimed:         -                  -                 6M (38%)           6M (38%)            -                  -          
[2024-07-25T19:05:19.346+0800][87.716s][gc          ] GC(4687) Garbage Collection (Allocation Stall) 16M(100%)->14M(88%)
[2024-07-25T19:05:19.349+0800][87.718s][gc,start    ] GC(4688) Garbage Collection (Allocation Stall)
[2024-07-25T19:05:19.349+0800][87.718s][gc,ref      ] GC(4688) Clearing All SoftReferences
[2024-07-25T19:05:19.349+0800][87.718s][gc,task     ] GC(4688) Using 1 workers
[2024-07-25T19:05:19.349+0800][87.719s][gc,phases   ] GC(4688) Pause Mark Start 0.012ms
[2024-07-25T19:05:19.357+0800][87.726s][gc,phases   ] GC(4688) Concurrent Mark 7.680ms
[2024-07-25T19:05:19.357+0800][87.727s][gc,phases   ] GC(4688) Pause Mark End 0.022ms
[2024-07-25T19:05:19.358+0800][87.727s][gc,phases   ] GC(4688) Concurrent Mark Free 0.002ms
[2024-07-25T19:05:19.360+0800][87.729s][gc,phases   ] GC(4688) Concurrent Process Non-Strong References 2.118ms
[2024-07-25T19:05:19.360+0800][87.729s][gc,phases   ] GC(4688) Concurrent Reset Relocation Set 0.001ms
[2024-07-25T19:05:19.365+0800][87.734s][gc          ] Allocation Stall (main) 16.178ms
[2024-07-25T19:05:19.365+0800][87.734s][gc,phases   ] GC(4688) Concurrent Select Relocation Set 5.267ms
[2024-07-25T19:05:19.366+0800][87.735s][gc,phases   ] GC(4688) Pause Relocate Start 0.011ms
[2024-07-25T19:05:19.366+0800][87.735s][gc,phases   ] GC(4688) Concurrent Relocate 0.049ms
[2024-07-25T19:05:19.366+0800][87.735s][gc,load     ] GC(4688) Load: 0.00/0.00/0.00
[2024-07-25T19:05:19.366+0800][87.735s][gc,mmu      ] GC(4688) MMU: 2ms/88.2%, 5ms/95.3%, 10ms/97.6%, 20ms/98.8%, 50ms/99.4%, 100ms/99.6%
[2024-07-25T19:05:19.366+0800][87.735s][gc,marking  ] GC(4688) Mark: 1 stripe(s), 1 proactive flush(es), 1 terminate flush(es), 0 completion(s), 0 continuation(s) 
[2024-07-25T19:05:19.366+0800][87.735s][gc,marking  ] GC(4688) Mark Stack Usage: 32M
[2024-07-25T19:05:19.366+0800][87.735s][gc,nmethod  ] GC(4688) NMethods: 535 registered, 0 unregistered
[2024-07-25T19:05:19.366+0800][87.735s][gc,metaspace] GC(4688) Metaspace: 1M used, 1M committed, 1088M reserved
[2024-07-25T19:05:19.366+0800][87.735s][gc,ref      ] GC(4688) Soft: 46 encountered, 25 discovered, 0 enqueued
[2024-07-25T19:05:19.366+0800][87.735s][gc,ref      ] GC(4688) Weak: 131 encountered, 107 discovered, 0 enqueued
[2024-07-25T19:05:19.366+0800][87.735s][gc,ref      ] GC(4688) Final: 0 encountered, 0 discovered, 0 enqueued
[2024-07-25T19:05:19.366+0800][87.735s][gc,ref      ] GC(4688) Phantom: 184 encountered, 98 discovered, 0 enqueued
[2024-07-25T19:05:19.366+0800][87.735s][gc,reloc    ] GC(4688) Small Pages: 4 / 8M, Empty: 2M, Relocated: 0M, In-Place: 0
[2024-07-25T19:05:19.366+0800][87.735s][gc,reloc    ] GC(4688) Large Pages: 4 / 8M, Empty: 4M, Relocated: 0M, In-Place: 0
[2024-07-25T19:05:19.366+0800][87.735s][gc,reloc    ] GC(4688) Forwarding Usage: 0M
[2024-07-25T19:05:19.366+0800][87.735s][gc,heap     ] GC(4688) Min Capacity: 8M(50%)
[2024-07-25T19:05:19.366+0800][87.735s][gc,heap     ] GC(4688) Max Capacity: 16M(100%)
[2024-07-25T19:05:19.366+0800][87.735s][gc,heap     ] GC(4688) Soft Max Capacity: 16M(100%)
[2024-07-25T19:05:19.366+0800][87.735s][gc,heap     ] GC(4688)                Mark Start          Mark End        Relocate Start      Relocate End           High               Low         
[2024-07-25T19:05:19.366+0800][87.735s][gc,heap     ] GC(4688)  Capacity:       16M (100%)         16M (100%)         16M (100%)         16M (100%)         16M (100%)         16M (100%)   
[2024-07-25T19:05:19.366+0800][87.736s][gc,heap     ] GC(4688)      Free:        0M (0%)            0M (0%)            2M (12%)           2M (12%)           6M (38%)           0M (0%)     
[2024-07-25T19:05:19.366+0800][87.736s][gc,heap     ] GC(4688)      Used:       16M (100%)         16M (100%)         14M (88%)          14M (88%)          16M (100%)         10M (62%)    
[2024-07-25T19:05:19.366+0800][87.736s][gc,heap     ] GC(4688)      Live:         -                 8M (54%)           8M (54%)           8M (54%)            -                  -          
[2024-07-25T19:05:19.366+0800][87.736s][gc,heap     ] GC(4688) Allocated:         -                 0M (0%)            4M (25%)           4M (25%)            -                  -          
[2024-07-25T19:05:19.366+0800][87.736s][gc,heap     ] GC(4688)   Garbage:         -                 7M (46%)           1M (8%)            1M (8%)             -                  -          
[2024-07-25T19:05:19.366+0800][87.736s][gc,heap     ] GC(4688) Reclaimed:         -                  -                 6M (38%)           6M (38%)            -                  -          
[2024-07-25T19:05:19.366+0800][87.736s][gc          ] GC(4688) Garbage Collection (Allocation Stall) 16M(100%)->14M(88%)
[2024-07-25T19:05:19.369+0800][87.738s][gc,start    ] GC(4689) Garbage Collection (Allocation Stall)
[2024-07-25T19:05:19.369+0800][87.738s][gc,ref      ] GC(4689) Clearing All SoftReferences
[2024-07-25T19:05:19.369+0800][87.738s][gc,task     ] GC(4689) Using 1 workers
[2024-07-25T19:05:19.369+0800][87.739s][gc,phases   ] GC(4689) Pause Mark Start 0.008ms
[2024-07-25T19:05:19.375+0800][87.745s][gc,phases   ] GC(4689) Concurrent Mark 6.290ms
[2024-07-25T19:05:19.376+0800][87.745s][gc,phases   ] GC(4689) Pause Mark End 0.042ms
[2024-07-25T19:05:19.376+0800][87.746s][gc,phases   ] GC(4689) Concurrent Mark Free 0.001ms
[2024-07-25T19:05:19.378+0800][87.748s][gc,phases   ] GC(4689) Concurrent Process Non-Strong References 2.075ms
[2024-07-25T19:05:19.378+0800][87.748s][gc,phases   ] GC(4689) Concurrent Reset Relocation Set 0.001ms
[2024-07-25T19:05:19.381+0800][87.750s][gc          ] Allocation Stall (main) 12.130ms
[2024-07-25T19:05:19.381+0800][87.751s][gc,phases   ] GC(4689) Concurrent Select Relocation Set 2.768ms
[2024-07-25T19:05:19.381+0800][87.751s][gc,phases   ] GC(4689) Pause Relocate Start 0.009ms
[2024-07-25T19:05:19.381+0800][87.751s][gc,phases   ] GC(4689) Concurrent Relocate 0.122ms
[2024-07-25T19:05:19.381+0800][87.751s][gc,load     ] GC(4689) Load: 0.00/0.00/0.00
[2024-07-25T19:05:19.381+0800][87.751s][gc,mmu      ] GC(4689) MMU: 2ms/88.2%, 5ms/95.3%, 10ms/97.6%, 20ms/98.8%, 50ms/99.4%, 100ms/99.6%
[2024-07-25T19:05:19.381+0800][87.751s][gc,marking  ] GC(4689) Mark: 1 stripe(s), 1 proactive flush(es), 1 terminate flush(es), 0 completion(s), 0 continuation(s) 
[2024-07-25T19:05:19.381+0800][87.751s][gc,marking  ] GC(4689) Mark Stack Usage: 32M
[2024-07-25T19:05:19.381+0800][87.751s][gc,nmethod  ] GC(4689) NMethods: 535 registered, 0 unregistered
[2024-07-25T19:05:19.381+0800][87.751s][gc,metaspace] GC(4689) Metaspace: 1M used, 1M committed, 1088M reserved
[2024-07-25T19:05:19.382+0800][87.751s][gc,ref      ] GC(4689) Soft: 46 encountered, 25 discovered, 0 enqueued
[2024-07-25T19:05:19.382+0800][87.751s][gc,ref      ] GC(4689) Weak: 131 encountered, 107 discovered, 0 enqueued
[2024-07-25T19:05:19.382+0800][87.751s][gc,ref      ] GC(4689) Final: 0 encountered, 0 discovered, 0 enqueued
[2024-07-25T19:05:19.382+0800][87.751s][gc,ref      ] GC(4689) Phantom: 184 encountered, 98 discovered, 0 enqueued
[2024-07-25T19:05:19.382+0800][87.751s][gc,reloc    ] GC(4689) Small Pages: 4 / 8M, Empty: 2M, Relocated: 0M, In-Place: 0
[2024-07-25T19:05:19.382+0800][87.751s][gc,reloc    ] GC(4689) Large Pages: 4 / 8M, Empty: 4M, Relocated: 0M, In-Place: 0
[2024-07-25T19:05:19.382+0800][87.751s][gc,reloc    ] GC(4689) Forwarding Usage: 0M
[2024-07-25T19:05:19.382+0800][87.751s][gc,heap     ] GC(4689) Min Capacity: 8M(50%)
[2024-07-25T19:05:19.382+0800][87.751s][gc,heap     ] GC(4689) Max Capacity: 16M(100%)
[2024-07-25T19:05:19.382+0800][87.751s][gc,heap     ] GC(4689) Soft Max Capacity: 16M(100%)
[2024-07-25T19:05:19.382+0800][87.752s][gc,heap     ] GC(4689)                Mark Start          Mark End        Relocate Start      Relocate End           High               Low         
[2024-07-25T19:05:19.382+0800][87.752s][gc,heap     ] GC(4689)  Capacity:       16M (100%)         16M (100%)         16M (100%)         16M (100%)         16M (100%)         16M (100%)   
[2024-07-25T19:05:19.382+0800][87.752s][gc,heap     ] GC(4689)      Free:        0M (0%)            0M (0%)            2M (12%)           2M (12%)           6M (38%)           0M (0%)     
[2024-07-25T19:05:19.382+0800][87.752s][gc,heap     ] GC(4689)      Used:       16M (100%)         16M (100%)         14M (88%)          14M (88%)          16M (100%)         10M (62%)    
[2024-07-25T19:05:19.382+0800][87.752s][gc,heap     ] GC(4689)      Live:         -                 8M (54%)           8M (54%)           8M (54%)            -                  -          
[2024-07-25T19:05:19.382+0800][87.752s][gc,heap     ] GC(4689) Allocated:         -                 0M (0%)            4M (25%)           4M (25%)            -                  -          
[2024-07-25T19:05:19.382+0800][87.752s][gc,heap     ] GC(4689)   Garbage:         -                 7M (46%)           1M (8%)            1M (8%)             -                  -          
[2024-07-25T19:05:19.382+0800][87.752s][gc,heap     ] GC(4689) Reclaimed:         -                  -                 6M (38%)           6M (38%)            -                  -          
[2024-07-25T19:05:19.382+0800][87.752s][gc          ] GC(4689) Garbage Collection (Allocation Stall) 16M(100%)->14M(88%)
[2024-07-25T19:05:19.385+0800][87.754s][gc,start    ] GC(4690) Garbage Collection (Allocation Stall)
[2024-07-25T19:05:19.385+0800][87.754s][gc,ref      ] GC(4690) Clearing All SoftReferences
[2024-07-25T19:05:19.385+0800][87.755s][gc,task     ] GC(4690) Using 1 workers
[2024-07-25T19:05:19.385+0800][87.755s][gc,phases   ] GC(4690) Pause Mark Start 0.008ms
[2024-07-25T19:05:19.392+0800][87.761s][gc,phases   ] GC(4690) Concurrent Mark 6.701ms
[2024-07-25T19:05:19.393+0800][87.762s][gc,phases   ] GC(4690) Pause Mark End 0.012ms
[2024-07-25T19:05:19.393+0800][87.762s][gc,phases   ] GC(4690) Concurrent Mark Free 0.001ms
[2024-07-25T19:05:19.394+0800][87.763s][gc,phases   ] GC(4690) Concurrent Process Non-Strong References 1.450ms
[2024-07-25T19:05:19.394+0800][87.763s][gc,phases   ] GC(4690) Concurrent Reset Relocation Set 0.001ms
[2024-07-25T19:05:19.396+0800][87.766s][gc          ] Allocation Stall (main) 11.268ms
[2024-07-25T19:05:19.396+0800][87.766s][gc,phases   ] GC(4690) Concurrent Select Relocation Set 2.250ms
[2024-07-25T19:05:19.396+0800][87.766s][gc,phases   ] GC(4690) Pause Relocate Start 0.008ms
[2024-07-25T19:05:19.396+0800][87.766s][gc,phases   ] GC(4690) Concurrent Relocate 0.106ms
[2024-07-25T19:05:19.396+0800][87.766s][gc,load     ] GC(4690) Load: 0.00/0.00/0.00
[2024-07-25T19:05:19.396+0800][87.766s][gc,mmu      ] GC(4690) MMU: 2ms/88.2%, 5ms/95.3%, 10ms/97.6%, 20ms/98.8%, 50ms/99.4%, 100ms/99.6%
[2024-07-25T19:05:19.396+0800][87.766s][gc,marking  ] GC(4690) Mark: 1 stripe(s), 1 proactive flush(es), 1 terminate flush(es), 0 completion(s), 0 continuation(s) 
[2024-07-25T19:05:19.396+0800][87.766s][gc,marking  ] GC(4690) Mark Stack Usage: 32M
[2024-07-25T19:05:19.396+0800][87.766s][gc,nmethod  ] GC(4690) NMethods: 535 registered, 0 unregistered
[2024-07-25T19:05:19.396+0800][87.766s][gc,metaspace] GC(4690) Metaspace: 1M used, 1M committed, 1088M reserved
[2024-07-25T19:05:19.396+0800][87.766s][gc,ref      ] GC(4690) Soft: 46 encountered, 25 discovered, 0 enqueued
[2024-07-25T19:05:19.397+0800][87.766s][gc,ref      ] GC(4690) Weak: 131 encountered, 107 discovered, 0 enqueued
[2024-07-25T19:05:19.397+0800][87.766s][gc,ref      ] GC(4690) Final: 0 encountered, 0 discovered, 0 enqueued
[2024-07-25T19:05:19.397+0800][87.766s][gc,ref      ] GC(4690) Phantom: 184 encountered, 98 discovered, 0 enqueued
[2024-07-25T19:05:19.397+0800][87.766s][gc,reloc    ] GC(4690) Small Pages: 4 / 8M, Empty: 2M, Relocated: 0M, In-Place: 0
[2024-07-25T19:05:19.397+0800][87.766s][gc,reloc    ] GC(4690) Large Pages: 4 / 8M, Empty: 4M, Relocated: 0M, In-Place: 0
[2024-07-25T19:05:19.397+0800][87.766s][gc,reloc    ] GC(4690) Forwarding Usage: 0M
[2024-07-25T19:05:19.397+0800][87.766s][gc,heap     ] GC(4690) Min Capacity: 8M(50%)
[2024-07-25T19:05:19.397+0800][87.766s][gc,heap     ] GC(4690) Max Capacity: 16M(100%)
[2024-07-25T19:05:19.397+0800][87.766s][gc,heap     ] GC(4690) Soft Max Capacity: 16M(100%)
[2024-07-25T19:05:19.397+0800][87.766s][gc,heap     ] GC(4690)                Mark Start          Mark End        Relocate Start      Relocate End           High               Low         
[2024-07-25T19:05:19.397+0800][87.766s][gc,heap     ] GC(4690)  Capacity:       16M (100%)         16M (100%)         16M (100%)         16M (100%)         16M (100%)         16M (100%)   
[2024-07-25T19:05:19.397+0800][87.766s][gc,heap     ] GC(4690)      Free:        0M (0%)            0M (0%)            2M (12%)           2M (12%)           6M (38%)           0M (0%)     
[2024-07-25T19:05:19.397+0800][87.767s][gc,heap     ] GC(4690)      Used:       16M (100%)         16M (100%)         14M (88%)          14M (88%)          16M (100%)         10M (62%)    
[2024-07-25T19:05:19.397+0800][87.767s][gc,heap     ] GC(4690)      Live:         -                 8M (54%)           8M (54%)           8M (54%)            -                  -          
[2024-07-25T19:05:19.397+0800][87.767s][gc,heap     ] GC(4690) Allocated:         -                 0M (0%)            4M (25%)           4M (25%)            -                  -          
[2024-07-25T19:05:19.397+0800][87.767s][gc,heap     ] GC(4690)   Garbage:         -                 7M (46%)           1M (8%)            1M (8%)             -                  -          
[2024-07-25T19:05:19.397+0800][87.767s][gc,heap     ] GC(4690) Reclaimed:         -                  -                 6M (38%)           6M (38%)            -                  -          
[2024-07-25T19:05:19.397+0800][87.767s][gc          ] GC(4690) Garbage Collection (Allocation Stall) 16M(100%)->14M(88%)
[2024-07-25T19:05:19.400+0800][87.770s][gc,start    ] GC(4691) Garbage Collection (Allocation Stall)
[2024-07-25T19:05:19.400+0800][87.770s][gc,ref      ] GC(4691) Clearing All SoftReferences
[2024-07-25T19:05:19.400+0800][87.770s][gc,task     ] GC(4691) Using 1 workers
[2024-07-25T19:05:19.400+0800][87.770s][gc,phases   ] GC(4691) Pause Mark Start 0.010ms
[2024-07-25T19:05:19.406+0800][87.775s][gc,phases   ] GC(4691) Concurrent Mark 5.199ms
[2024-07-25T19:05:19.406+0800][87.775s][gc,phases   ] GC(4691) Pause Mark End 0.011ms
[2024-07-25T19:05:19.406+0800][87.775s][gc,phases   ] GC(4691) Concurrent Mark Free 0.001ms
[2024-07-25T19:05:19.409+0800][87.778s][gc,phases   ] GC(4691) Concurrent Process Non-Strong References 2.698ms
[2024-07-25T19:05:19.409+0800][87.778s][gc,phases   ] GC(4691) Concurrent Reset Relocation Set 0.001ms
[2024-07-25T19:05:19.412+0800][87.782s][gc          ] Allocation Stall (main) 12.429ms
[2024-07-25T19:05:19.412+0800][87.782s][gc,phases   ] GC(4691) Concurrent Select Relocation Set 3.534ms
[2024-07-25T19:05:19.412+0800][87.782s][gc,phases   ] GC(4691) Pause Relocate Start 0.009ms
[2024-07-25T19:05:19.413+0800][87.782s][gc,phases   ] GC(4691) Concurrent Relocate 0.051ms
[2024-07-25T19:05:19.413+0800][87.782s][gc,load     ] GC(4691) Load: 0.00/0.00/0.00
[2024-07-25T19:05:19.413+0800][87.782s][gc,mmu      ] GC(4691) MMU: 2ms/88.2%, 5ms/95.3%, 10ms/97.6%, 20ms/98.8%, 50ms/99.4%, 100ms/99.6%
[2024-07-25T19:05:19.413+0800][87.782s][gc,marking  ] GC(4691) Mark: 1 stripe(s), 1 proactive flush(es), 1 terminate flush(es), 0 completion(s), 0 continuation(s) 
[2024-07-25T19:05:19.413+0800][87.783s][gc,marking  ] GC(4691) Mark Stack Usage: 32M
[2024-07-25T19:05:19.413+0800][87.783s][gc,nmethod  ] GC(4691) NMethods: 535 registered, 0 unregistered
[2024-07-25T19:05:19.413+0800][87.783s][gc,metaspace] GC(4691) Metaspace: 1M used, 1M committed, 1088M reserved
[2024-07-25T19:05:19.413+0800][87.783s][gc,ref      ] GC(4691) Soft: 46 encountered, 25 discovered, 0 enqueued
[2024-07-25T19:05:19.413+0800][87.783s][gc,ref      ] GC(4691) Weak: 131 encountered, 107 discovered, 0 enqueued
[2024-07-25T19:05:19.413+0800][87.783s][gc,ref      ] GC(4691) Final: 0 encountered, 0 discovered, 0 enqueued
[2024-07-25T19:05:19.413+0800][87.783s][gc,ref      ] GC(4691) Phantom: 184 encountered, 98 discovered, 0 enqueued
[2024-07-25T19:05:19.413+0800][87.783s][gc,reloc    ] GC(4691) Small Pages: 4 / 8M, Empty: 2M, Relocated: 0M, In-Place: 0
[2024-07-25T19:05:19.413+0800][87.783s][gc,reloc    ] GC(4691) Large Pages: 4 / 8M, Empty: 4M, Relocated: 0M, In-Place: 0
[2024-07-25T19:05:19.413+0800][87.783s][gc,reloc    ] GC(4691) Forwarding Usage: 0M
[2024-07-25T19:05:19.413+0800][87.783s][gc,heap     ] GC(4691) Min Capacity: 8M(50%)
[2024-07-25T19:05:19.413+0800][87.783s][gc,heap     ] GC(4691) Max Capacity: 16M(100%)
[2024-07-25T19:05:19.413+0800][87.783s][gc,heap     ] GC(4691) Soft Max Capacity: 16M(100%)
[2024-07-25T19:05:19.413+0800][87.783s][gc,heap     ] GC(4691)                Mark Start          Mark End        Relocate Start      Relocate End           High               Low         
[2024-07-25T19:05:19.413+0800][87.783s][gc,heap     ] GC(4691)  Capacity:       16M (100%)         16M (100%)         16M (100%)         16M (100%)         16M (100%)         16M (100%)   
[2024-07-25T19:05:19.413+0800][87.783s][gc,heap     ] GC(4691)      Free:        0M (0%)            0M (0%)            2M (12%)           2M (12%)           6M (38%)           0M (0%)     
[2024-07-25T19:05:19.413+0800][87.783s][gc,heap     ] GC(4691)      Used:       16M (100%)         16M (100%)         14M (88%)          14M (88%)          16M (100%)         10M (62%)    
[2024-07-25T19:05:19.413+0800][87.783s][gc,heap     ] GC(4691)      Live:         -                 8M (54%)           8M (54%)           8M (54%)            -                  -          
[2024-07-25T19:05:19.413+0800][87.783s][gc,heap     ] GC(4691) Allocated:         -                 0M (0%)            4M (25%)           4M (25%)            -                  -          
[2024-07-25T19:05:19.413+0800][87.783s][gc,heap     ] GC(4691)   Garbage:         -                 7M (46%)           1M (8%)            1M (8%)             -                  -          
[2024-07-25T19:05:19.413+0800][87.783s][gc,heap     ] GC(4691) Reclaimed:         -                  -                 6M (38%)           6M (38%)            -                  -          
[2024-07-25T19:05:19.413+0800][87.783s][gc          ] GC(4691) Garbage Collection (Allocation Stall) 16M(100%)->14M(88%)
[2024-07-25T19:05:19.417+0800][87.786s][gc,start    ] GC(4692) Garbage Collection (Allocation Stall)
[2024-07-25T19:05:19.417+0800][87.787s][gc,ref      ] GC(4692) Clearing All SoftReferences
[2024-07-25T19:05:19.417+0800][87.787s][gc,task     ] GC(4692) Using 1 workers
[2024-07-25T19:05:19.417+0800][87.787s][gc,phases   ] GC(4692) Pause Mark Start 0.009ms
[2024-07-25T19:05:19.423+0800][87.793s][gc,phases   ] GC(4692) Concurrent Mark 6.428ms
[2024-07-25T19:05:19.424+0800][87.793s][gc,phases   ] GC(4692) Pause Mark End 0.015ms
[2024-07-25T19:05:19.424+0800][87.793s][gc,phases   ] GC(4692) Concurrent Mark Free 0.001ms
[2024-07-25T19:05:19.426+0800][87.796s][gc,phases   ] GC(4692) Concurrent Process Non-Strong References 2.102ms
[2024-07-25T19:05:19.426+0800][87.796s][gc,phases   ] GC(4692) Concurrent Reset Relocation Set 0.001ms
[2024-07-25T19:05:19.430+0800][87.799s][gc          ] Allocation Stall (main) 12.467ms
[2024-07-25T19:05:19.430+0800][87.799s][gc,phases   ] GC(4692) Concurrent Select Relocation Set 3.073ms
[2024-07-25T19:05:19.430+0800][87.799s][gc,phases   ] GC(4692) Pause Relocate Start 0.009ms
[2024-07-25T19:05:19.430+0800][87.799s][gc,phases   ] GC(4692) Concurrent Relocate 0.054ms
[2024-07-25T19:05:19.430+0800][87.799s][gc,load     ] GC(4692) Load: 0.00/0.00/0.00
[2024-07-25T19:05:19.430+0800][87.799s][gc,mmu      ] GC(4692) MMU: 2ms/88.2%, 5ms/95.3%, 10ms/97.6%, 20ms/98.8%, 50ms/99.4%, 100ms/99.6%
[2024-07-25T19:05:19.430+0800][87.799s][gc,marking  ] GC(4692) Mark: 1 stripe(s), 1 proactive flush(es), 1 terminate flush(es), 0 completion(s), 0 continuation(s) 
[2024-07-25T19:05:19.430+0800][87.799s][gc,marking  ] GC(4692) Mark Stack Usage: 32M
[2024-07-25T19:05:19.430+0800][87.799s][gc,nmethod  ] GC(4692) NMethods: 535 registered, 0 unregistered
[2024-07-25T19:05:19.430+0800][87.799s][gc,metaspace] GC(4692) Metaspace: 1M used, 1M committed, 1088M reserved
[2024-07-25T19:05:19.430+0800][87.799s][gc,ref      ] GC(4692) Soft: 46 encountered, 25 discovered, 0 enqueued
[2024-07-25T19:05:19.430+0800][87.800s][gc,ref      ] GC(4692) Weak: 131 encountered, 107 discovered, 0 enqueued
[2024-07-25T19:05:19.430+0800][87.800s][gc,ref      ] GC(4692) Final: 0 encountered, 0 discovered, 0 enqueued
[2024-07-25T19:05:19.430+0800][87.800s][gc,ref      ] GC(4692) Phantom: 184 encountered, 98 discovered, 0 enqueued
[2024-07-25T19:05:19.430+0800][87.800s][gc,reloc    ] GC(4692) Small Pages: 4 / 8M, Empty: 2M, Relocated: 0M, In-Place: 0
[2024-07-25T19:05:19.430+0800][87.800s][gc,reloc    ] GC(4692) Large Pages: 4 / 8M, Empty: 4M, Relocated: 0M, In-Place: 0
[2024-07-25T19:05:19.430+0800][87.800s][gc,reloc    ] GC(4692) Forwarding Usage: 0M
[2024-07-25T19:05:19.430+0800][87.800s][gc,heap     ] GC(4692) Min Capacity: 8M(50%)
[2024-07-25T19:05:19.430+0800][87.800s][gc,heap     ] GC(4692) Max Capacity: 16M(100%)
[2024-07-25T19:05:19.430+0800][87.800s][gc,heap     ] GC(4692) Soft Max Capacity: 16M(100%)
[2024-07-25T19:05:19.430+0800][87.800s][gc,heap     ] GC(4692)                Mark Start          Mark End        Relocate Start      Relocate End           High               Low         
[2024-07-25T19:05:19.430+0800][87.800s][gc,heap     ] GC(4692)  Capacity:       16M (100%)         16M (100%)         16M (100%)         16M (100%)         16M (100%)         16M (100%)   
[2024-07-25T19:05:19.430+0800][87.800s][gc,heap     ] GC(4692)      Free:        0M (0%)            0M (0%)            2M (12%)           2M (12%)           6M (38%)           0M (0%)     
[2024-07-25T19:05:19.430+0800][87.800s][gc,heap     ] GC(4692)      Used:       16M (100%)         16M (100%)         14M (88%)          14M (88%)          16M (100%)         10M (62%)    
[2024-07-25T19:05:19.430+0800][87.800s][gc,heap     ] GC(4692)      Live:         -                 8M (54%)           8M (54%)           8M (54%)            -                  -          
[2024-07-25T19:05:19.430+0800][87.800s][gc,heap     ] GC(4692) Allocated:         -                 0M (0%)            4M (25%)           4M (25%)            -                  -          
[2024-07-25T19:05:19.430+0800][87.800s][gc,heap     ] GC(4692)   Garbage:         -                 7M (46%)           1M (8%)            1M (8%)             -                  -          
[2024-07-25T19:05:19.430+0800][87.800s][gc,heap     ] GC(4692) Reclaimed:         -                  -                 6M (38%)           6M (38%)            -                  -          
[2024-07-25T19:05:19.430+0800][87.800s][gc          ] GC(4692) Garbage Collection (Allocation Stall) 16M(100%)->14M(88%)
[2024-07-25T19:05:19.433+0800][87.802s][gc,start    ] GC(4693) Garbage Collection (Allocation Stall)
[2024-07-25T19:05:19.433+0800][87.803s][gc,ref      ] GC(4693) Clearing All SoftReferences
[2024-07-25T19:05:19.433+0800][87.803s][gc,task     ] GC(4693) Using 1 workers
[2024-07-25T19:05:19.434+0800][87.803s][gc,phases   ] GC(4693) Pause Mark Start 0.009ms
[2024-07-25T19:05:19.439+0800][87.809s][gc,phases   ] GC(4693) Concurrent Mark 6.114ms
[2024-07-25T19:05:19.439+0800][87.809s][gc,phases   ] GC(4693) Pause Mark End 0.016ms
[2024-07-25T19:05:19.440+0800][87.809s][gc,phases   ] GC(4693) Concurrent Mark Free 0.001ms
[2024-07-25T19:05:19.443+0800][87.812s][gc,phases   ] GC(4693) Concurrent Process Non-Strong References 2.914ms
[2024-07-25T19:05:19.443+0800][87.812s][gc,phases   ] GC(4693) Concurrent Reset Relocation Set 0.001ms
[2024-07-25T19:05:19.446+0800][87.815s][gc          ] Allocation Stall (main) 12.653ms
[2024-07-25T19:05:19.446+0800][87.815s][gc,phases   ] GC(4693) Concurrent Select Relocation Set 2.640ms
[2024-07-25T19:05:19.446+0800][87.815s][gc,phases   ] GC(4693) Pause Relocate Start 0.022ms
[2024-07-25T19:05:19.446+0800][87.816s][gc,phases   ] GC(4693) Concurrent Relocate 0.152ms
[2024-07-25T19:05:19.446+0800][87.816s][gc,load     ] GC(4693) Load: 0.00/0.00/0.00
[2024-07-25T19:05:19.446+0800][87.816s][gc,mmu      ] GC(4693) MMU: 2ms/88.2%, 5ms/95.3%, 10ms/97.6%, 20ms/98.8%, 50ms/99.4%, 100ms/99.6%
[2024-07-25T19:05:19.446+0800][87.816s][gc,marking  ] GC(4693) Mark: 1 stripe(s), 1 proactive flush(es), 1 terminate flush(es), 0 completion(s), 0 continuation(s) 
[2024-07-25T19:05:19.446+0800][87.816s][gc,marking  ] GC(4693) Mark Stack Usage: 32M
[2024-07-25T19:05:19.446+0800][87.816s][gc,nmethod  ] GC(4693) NMethods: 535 registered, 0 unregistered
[2024-07-25T19:05:19.446+0800][87.816s][gc,metaspace] GC(4693) Metaspace: 1M used, 1M committed, 1088M reserved
[2024-07-25T19:05:19.446+0800][87.816s][gc,ref      ] GC(4693) Soft: 46 encountered, 25 discovered, 0 enqueued
[2024-07-25T19:05:19.446+0800][87.816s][gc,ref      ] GC(4693) Weak: 131 encountered, 107 discovered, 0 enqueued
[2024-07-25T19:05:19.446+0800][87.816s][gc,ref      ] GC(4693) Final: 0 encountered, 0 discovered, 0 enqueued
[2024-07-25T19:05:19.446+0800][87.816s][gc,ref      ] GC(4693) Phantom: 184 encountered, 98 discovered, 0 enqueued
[2024-07-25T19:05:19.447+0800][87.816s][gc,reloc    ] GC(4693) Small Pages: 4 / 8M, Empty: 2M, Relocated: 0M, In-Place: 0
[2024-07-25T19:05:19.447+0800][87.816s][gc,reloc    ] GC(4693) Large Pages: 4 / 8M, Empty: 4M, Relocated: 0M, In-Place: 0
[2024-07-25T19:05:19.447+0800][87.816s][gc,reloc    ] GC(4693) Forwarding Usage: 0M
[2024-07-25T19:05:19.447+0800][87.816s][gc,heap     ] GC(4693) Min Capacity: 8M(50%)
[2024-07-25T19:05:19.447+0800][87.816s][gc,heap     ] GC(4693) Max Capacity: 16M(100%)
[2024-07-25T19:05:19.447+0800][87.816s][gc,heap     ] GC(4693) Soft Max Capacity: 16M(100%)
[2024-07-25T19:05:19.447+0800][87.816s][gc,heap     ] GC(4693)                Mark Start          Mark End        Relocate Start      Relocate End           High               Low         
[2024-07-25T19:05:19.447+0800][87.817s][gc,heap     ] GC(4693)  Capacity:       16M (100%)         16M (100%)         16M (100%)         16M (100%)         16M (100%)         16M (100%)   
[2024-07-25T19:05:19.447+0800][87.817s][gc,heap     ] GC(4693)      Free:        0M (0%)            0M (0%)            4M (25%)           2M (12%)           6M (38%)           0M (0%)     
[2024-07-25T19:05:19.447+0800][87.817s][gc,heap     ] GC(4693)      Used:       16M (100%)         16M (100%)         12M (75%)          14M (88%)          16M (100%)         10M (62%)    
[2024-07-25T19:05:19.447+0800][87.817s][gc,heap     ] GC(4693)      Live:         -                 8M (54%)           8M (54%)           8M (54%)            -                  -          
[2024-07-25T19:05:19.447+0800][87.817s][gc,heap     ] GC(4693) Allocated:         -                 0M (0%)            2M (12%)           4M (25%)            -                  -          
[2024-07-25T19:05:19.447+0800][87.817s][gc,heap     ] GC(4693)   Garbage:         -                 7M (46%)           1M (8%)            1M (8%)             -                  -          
[2024-07-25T19:05:19.447+0800][87.817s][gc,heap     ] GC(4693) Reclaimed:         -                  -                 6M (38%)           6M (38%)            -                  -          
[2024-07-25T19:05:19.447+0800][87.817s][gc          ] GC(4693) Garbage Collection (Allocation Stall) 16M(100%)->14M(88%)
[2024-07-25T19:05:19.451+0800][87.820s][gc,start    ] GC(4694) Garbage Collection (Allocation Stall)
[2024-07-25T19:05:19.451+0800][87.820s][gc,ref      ] GC(4694) Clearing All SoftReferences
[2024-07-25T19:05:19.451+0800][87.820s][gc,task     ] GC(4694) Using 1 workers
[2024-07-25T19:05:19.451+0800][87.821s][gc,phases   ] GC(4694) Pause Mark Start 0.007ms
[2024-07-25T19:05:19.459+0800][87.828s][gc,phases   ] GC(4694) Concurrent Mark 6.806ms
[2024-07-25T19:05:19.459+0800][87.828s][gc,phases   ] GC(4694) Pause Mark End 0.012ms
[2024-07-25T19:05:19.459+0800][87.828s][gc,phases   ] GC(4694) Concurrent Mark Free 0.001ms
[2024-07-25T19:05:19.460+0800][87.830s][gc,phases   ] GC(4694) Concurrent Process Non-Strong References 1.594ms
[2024-07-25T19:05:19.460+0800][87.830s][gc,phases   ] GC(4694) Concurrent Reset Relocation Set 0.001ms
[2024-07-25T19:05:19.463+0800][87.832s][gc,phases   ] GC(4694) Concurrent Select Relocation Set 2.767ms
[2024-07-25T19:05:19.463+0800][87.832s][gc          ] Allocation Stall (main) 12.085ms
[2024-07-25T19:05:19.463+0800][87.833s][gc,phases   ] GC(4694) Pause Relocate Start 0.007ms
[2024-07-25T19:05:19.463+0800][87.833s][gc,phases   ] GC(4694) Concurrent Relocate 0.129ms
[2024-07-25T19:05:19.463+0800][87.833s][gc,load     ] GC(4694) Load: 0.00/0.00/0.00
[2024-07-25T19:05:19.463+0800][87.833s][gc,mmu      ] GC(4694) MMU: 2ms/88.2%, 5ms/95.3%, 10ms/97.6%, 20ms/98.8%, 50ms/99.4%, 100ms/99.6%
[2024-07-25T19:05:19.463+0800][87.833s][gc,marking  ] GC(4694) Mark: 1 stripe(s), 1 proactive flush(es), 1 terminate flush(es), 0 completion(s), 0 continuation(s) 
[2024-07-25T19:05:19.463+0800][87.833s][gc,marking  ] GC(4694) Mark Stack Usage: 32M
[2024-07-25T19:05:19.463+0800][87.833s][gc,nmethod  ] GC(4694) NMethods: 535 registered, 0 unregistered
[2024-07-25T19:05:19.463+0800][87.833s][gc,metaspace] GC(4694) Metaspace: 1M used, 1M committed, 1088M reserved
[2024-07-25T19:05:19.463+0800][87.833s][gc,ref      ] GC(4694) Soft: 46 encountered, 25 discovered, 0 enqueued
[2024-07-25T19:05:19.463+0800][87.833s][gc,ref      ] GC(4694) Weak: 131 encountered, 107 discovered, 0 enqueued
[2024-07-25T19:05:19.463+0800][87.833s][gc,ref      ] GC(4694) Final: 0 encountered, 0 discovered, 0 enqueued
[2024-07-25T19:05:19.463+0800][87.833s][gc,ref      ] GC(4694) Phantom: 184 encountered, 98 discovered, 0 enqueued
[2024-07-25T19:05:19.463+0800][87.833s][gc,reloc    ] GC(4694) Small Pages: 4 / 8M, Empty: 2M, Relocated: 0M, In-Place: 0
[2024-07-25T19:05:19.463+0800][87.833s][gc,reloc    ] GC(4694) Large Pages: 4 / 8M, Empty: 4M, Relocated: 0M, In-Place: 0
[2024-07-25T19:05:19.463+0800][87.833s][gc,reloc    ] GC(4694) Forwarding Usage: 0M
[2024-07-25T19:05:19.463+0800][87.833s][gc,heap     ] GC(4694) Min Capacity: 8M(50%)
[2024-07-25T19:05:19.464+0800][87.833s][gc,heap     ] GC(4694) Max Capacity: 16M(100%)
[2024-07-25T19:05:19.464+0800][87.833s][gc,heap     ] GC(4694) Soft Max Capacity: 16M(100%)
[2024-07-25T19:05:19.464+0800][87.833s][gc,heap     ] GC(4694)                Mark Start          Mark End        Relocate Start      Relocate End           High               Low         
[2024-07-25T19:05:19.464+0800][87.833s][gc,heap     ] GC(4694)  Capacity:       16M (100%)         16M (100%)         16M (100%)         16M (100%)         16M (100%)         16M (100%)   
[2024-07-25T19:05:19.464+0800][87.833s][gc,heap     ] GC(4694)      Free:        0M (0%)            0M (0%)            4M (25%)           2M (12%)           6M (38%)           0M (0%)     
[2024-07-25T19:05:19.464+0800][87.833s][gc,heap     ] GC(4694)      Used:       16M (100%)         16M (100%)         12M (75%)          14M (88%)          16M (100%)         10M (62%)    
[2024-07-25T19:05:19.464+0800][87.833s][gc,heap     ] GC(4694)      Live:         -                 8M (54%)           8M (54%)           8M (54%)            -                  -          
[2024-07-25T19:05:19.464+0800][87.834s][gc,heap     ] GC(4694) Allocated:         -                 0M (0%)            2M (12%)           4M (25%)            -                  -          
[2024-07-25T19:05:19.464+0800][87.834s][gc,heap     ] GC(4694)   Garbage:         -                 7M (46%)           1M (8%)            1M (8%)             -                  -          
[2024-07-25T19:05:19.464+0800][87.834s][gc,heap     ] GC(4694) Reclaimed:         -                  -                 6M (38%)           6M (38%)            -                  -          
[2024-07-25T19:05:19.464+0800][87.834s][gc          ] GC(4694) Garbage Collection (Allocation Stall) 16M(100%)->14M(88%)
[2024-07-25T19:05:19.468+0800][87.837s][gc,start    ] GC(4695) Garbage Collection (Allocation Stall)
[2024-07-25T19:05:19.469+0800][87.838s][gc,ref      ] GC(4695) Clearing All SoftReferences
[2024-07-25T19:05:19.469+0800][87.838s][gc,task     ] GC(4695) Using 1 workers
[2024-07-25T19:05:19.469+0800][87.838s][gc,phases   ] GC(4695) Pause Mark Start 0.010ms
[2024-07-25T19:05:19.474+0800][87.844s][gc,phases   ] GC(4695) Concurrent Mark 5.723ms
[2024-07-25T19:05:19.474+0800][87.844s][gc,phases   ] GC(4695) Pause Mark End 0.023ms
[2024-07-25T19:05:19.474+0800][87.844s][gc,phases   ] GC(4695) Concurrent Mark Free 0.001ms
[2024-07-25T19:05:19.476+0800][87.846s][gc,phases   ] GC(4695) Concurrent Process Non-Strong References 1.750ms
[2024-07-25T19:05:19.476+0800][87.846s][gc,phases   ] GC(4695) Concurrent Reset Relocation Set 0.001ms
[2024-07-25T19:05:19.479+0800][87.849s][gc          ] Allocation Stall (main) 11.282ms
[2024-07-25T19:05:19.480+0800][87.849s][gc,phases   ] GC(4695) Concurrent Select Relocation Set 2.885ms
[2024-07-25T19:05:19.480+0800][87.849s][gc,phases   ] GC(4695) Pause Relocate Start 0.008ms
[2024-07-25T19:05:19.480+0800][87.849s][gc,phases   ] GC(4695) Concurrent Relocate 0.080ms
[2024-07-25T19:05:19.480+0800][87.849s][gc,load     ] GC(4695) Load: 0.00/0.00/0.00
[2024-07-25T19:05:19.480+0800][87.849s][gc,mmu      ] GC(4695) MMU: 2ms/88.2%, 5ms/95.3%, 10ms/97.6%, 20ms/98.8%, 50ms/99.4%, 100ms/99.6%
[2024-07-25T19:05:19.480+0800][87.849s][gc,marking  ] GC(4695) Mark: 1 stripe(s), 1 proactive flush(es), 1 terminate flush(es), 0 completion(s), 0 continuation(s) 
[2024-07-25T19:05:19.480+0800][87.849s][gc,marking  ] GC(4695) Mark Stack Usage: 32M
[2024-07-25T19:05:19.480+0800][87.849s][gc,nmethod  ] GC(4695) NMethods: 535 registered, 0 unregistered
[2024-07-25T19:05:19.480+0800][87.849s][gc,metaspace] GC(4695) Metaspace: 1M used, 1M committed, 1088M reserved
[2024-07-25T19:05:19.480+0800][87.849s][gc,ref      ] GC(4695) Soft: 46 encountered, 25 discovered, 0 enqueued
[2024-07-25T19:05:19.480+0800][87.849s][gc,ref      ] GC(4695) Weak: 131 encountered, 107 discovered, 0 enqueued
[2024-07-25T19:05:19.480+0800][87.849s][gc,ref      ] GC(4695) Final: 0 encountered, 0 discovered, 0 enqueued
[2024-07-25T19:05:19.480+0800][87.849s][gc,ref      ] GC(4695) Phantom: 184 encountered, 98 discovered, 0 enqueued
[2024-07-25T19:05:19.480+0800][87.849s][gc,reloc    ] GC(4695) Small Pages: 4 / 8M, Empty: 2M, Relocated: 0M, In-Place: 0
[2024-07-25T19:05:19.480+0800][87.849s][gc,reloc    ] GC(4695) Large Pages: 4 / 8M, Empty: 4M, Relocated: 0M, In-Place: 0
[2024-07-25T19:05:19.480+0800][87.849s][gc,reloc    ] GC(4695) Forwarding Usage: 0M
[2024-07-25T19:05:19.480+0800][87.850s][gc,heap     ] GC(4695) Min Capacity: 8M(50%)
[2024-07-25T19:05:19.480+0800][87.850s][gc,heap     ] GC(4695) Max Capacity: 16M(100%)
[2024-07-25T19:05:19.480+0800][87.850s][gc,heap     ] GC(4695) Soft Max Capacity: 16M(100%)
[2024-07-25T19:05:19.480+0800][87.850s][gc,heap     ] GC(4695)                Mark Start          Mark End        Relocate Start      Relocate End           High               Low         
[2024-07-25T19:05:19.480+0800][87.850s][gc,heap     ] GC(4695)  Capacity:       16M (100%)         16M (100%)         16M (100%)         16M (100%)         16M (100%)         16M (100%)   
[2024-07-25T19:05:19.480+0800][87.850s][gc,heap     ] GC(4695)      Free:        0M (0%)            0M (0%)            2M (12%)           2M (12%)           6M (38%)           0M (0%)     
[2024-07-25T19:05:19.480+0800][87.850s][gc,heap     ] GC(4695)      Used:       16M (100%)         16M (100%)         14M (88%)          14M (88%)          16M (100%)         10M (62%)    
[2024-07-25T19:05:19.480+0800][87.850s][gc,heap     ] GC(4695)      Live:         -                 8M (54%)           8M (54%)           8M (54%)            -                  -          
[2024-07-25T19:05:19.480+0800][87.850s][gc,heap     ] GC(4695) Allocated:         -                 0M (0%)            4M (25%)           4M (25%)            -                  -          
[2024-07-25T19:05:19.480+0800][87.850s][gc,heap     ] GC(4695)   Garbage:         -                 7M (46%)           1M (8%)            1M (8%)             -                  -          
[2024-07-25T19:05:19.480+0800][87.850s][gc,heap     ] GC(4695) Reclaimed:         -                  -                 6M (38%)           6M (38%)            -                  -          
[2024-07-25T19:05:19.480+0800][87.850s][gc          ] GC(4695) Garbage Collection (Allocation Stall) 16M(100%)->14M(88%)
[2024-07-25T19:05:19.484+0800][87.853s][gc,start    ] GC(4696) Garbage Collection (Allocation Stall)
[2024-07-25T19:05:19.484+0800][87.854s][gc,ref      ] GC(4696) Clearing All SoftReferences
[2024-07-25T19:05:19.484+0800][87.854s][gc,task     ] GC(4696) Using 1 workers
[2024-07-25T19:05:19.484+0800][87.854s][gc,phases   ] GC(4696) Pause Mark Start 0.008ms
[2024-07-25T19:05:19.490+0800][87.860s][gc,phases   ] GC(4696) Concurrent Mark 5.803ms
[2024-07-25T19:05:19.490+0800][87.860s][gc,phases   ] GC(4696) Pause Mark End 0.008ms
[2024-07-25T19:05:19.490+0800][87.860s][gc,phases   ] GC(4696) Concurrent Mark Free 0.001ms
[2024-07-25T19:05:19.492+0800][87.862s][gc,phases   ] GC(4696) Concurrent Process Non-Strong References 1.806ms
[2024-07-25T19:05:19.492+0800][87.862s][gc,phases   ] GC(4696) Concurrent Reset Relocation Set 0.001ms
[2024-07-25T19:05:19.495+0800][87.865s][gc          ] Allocation Stall (main) 11.337ms
[2024-07-25T19:05:19.495+0800][87.865s][gc,phases   ] GC(4696) Concurrent Select Relocation Set 3.053ms
[2024-07-25T19:05:19.495+0800][87.865s][gc,phases   ] GC(4696) Pause Relocate Start 0.007ms
[2024-07-25T19:05:19.496+0800][87.865s][gc,phases   ] GC(4696) Concurrent Relocate 0.128ms
[2024-07-25T19:05:19.496+0800][87.865s][gc,load     ] GC(4696) Load: 0.00/0.00/0.00
[2024-07-25T19:05:19.496+0800][87.865s][gc,mmu      ] GC(4696) MMU: 2ms/88.2%, 5ms/95.3%, 10ms/97.6%, 20ms/98.8%, 50ms/99.4%, 100ms/99.6%
[2024-07-25T19:05:19.496+0800][87.865s][gc,marking  ] GC(4696) Mark: 1 stripe(s), 1 proactive flush(es), 1 terminate flush(es), 0 completion(s), 0 continuation(s) 
[2024-07-25T19:05:19.496+0800][87.865s][gc,marking  ] GC(4696) Mark Stack Usage: 32M
[2024-07-25T19:05:19.496+0800][87.865s][gc,nmethod  ] GC(4696) NMethods: 535 registered, 0 unregistered
[2024-07-25T19:05:19.496+0800][87.865s][gc,metaspace] GC(4696) Metaspace: 1M used, 1M committed, 1088M reserved
[2024-07-25T19:05:19.496+0800][87.865s][gc,ref      ] GC(4696) Soft: 46 encountered, 25 discovered, 0 enqueued
[2024-07-25T19:05:19.496+0800][87.865s][gc,ref      ] GC(4696) Weak: 131 encountered, 107 discovered, 0 enqueued
[2024-07-25T19:05:19.496+0800][87.865s][gc,ref      ] GC(4696) Final: 0 encountered, 0 discovered, 0 enqueued
[2024-07-25T19:05:19.496+0800][87.866s][gc,ref      ] GC(4696) Phantom: 184 encountered, 98 discovered, 0 enqueued
[2024-07-25T19:05:19.496+0800][87.866s][gc,reloc    ] GC(4696) Small Pages: 4 / 8M, Empty: 2M, Relocated: 0M, In-Place: 0
[2024-07-25T19:05:19.496+0800][87.866s][gc,reloc    ] GC(4696) Large Pages: 4 / 8M, Empty: 4M, Relocated: 0M, In-Place: 0
[2024-07-25T19:05:19.496+0800][87.866s][gc,reloc    ] GC(4696) Forwarding Usage: 0M
[2024-07-25T19:05:19.496+0800][87.866s][gc,heap     ] GC(4696) Min Capacity: 8M(50%)
[2024-07-25T19:05:19.496+0800][87.866s][gc,heap     ] GC(4696) Max Capacity: 16M(100%)
[2024-07-25T19:05:19.496+0800][87.866s][gc,heap     ] GC(4696) Soft Max Capacity: 16M(100%)
[2024-07-25T19:05:19.496+0800][87.866s][gc,heap     ] GC(4696)                Mark Start          Mark End        Relocate Start      Relocate End           High               Low         
[2024-07-25T19:05:19.496+0800][87.866s][gc,heap     ] GC(4696)  Capacity:       16M (100%)         16M (100%)         16M (100%)         16M (100%)         16M (100%)         16M (100%)   
[2024-07-25T19:05:19.496+0800][87.866s][gc,heap     ] GC(4696)      Free:        0M (0%)            0M (0%)            2M (12%)           2M (12%)           6M (38%)           0M (0%)     
[2024-07-25T19:05:19.496+0800][87.866s][gc,heap     ] GC(4696)      Used:       16M (100%)         16M (100%)         14M (88%)          14M (88%)          16M (100%)         10M (62%)    
[2024-07-25T19:05:19.496+0800][87.866s][gc,heap     ] GC(4696)      Live:         -                 8M (54%)           8M (54%)           8M (54%)            -                  -          
[2024-07-25T19:05:19.496+0800][87.866s][gc,heap     ] GC(4696) Allocated:         -                 0M (0%)            4M (25%)           4M (25%)            -                  -          
[2024-07-25T19:05:19.496+0800][87.866s][gc,heap     ] GC(4696)   Garbage:         -                 7M (46%)           1M (8%)            1M (8%)             -                  -          
[2024-07-25T19:05:19.496+0800][87.866s][gc,heap     ] GC(4696) Reclaimed:         -                  -                 6M (38%)           6M (38%)            -                  -          
[2024-07-25T19:05:19.496+0800][87.866s][gc          ] GC(4696) Garbage Collection (Allocation Stall) 16M(100%)->14M(88%)
[2024-07-25T19:05:19.500+0800][87.869s][gc,start    ] GC(4697) Garbage Collection (Allocation Stall)
[2024-07-25T19:05:19.500+0800][87.869s][gc,ref      ] GC(4697) Clearing All SoftReferences
[2024-07-25T19:05:19.500+0800][87.869s][gc,task     ] GC(4697) Using 1 workers
[2024-07-25T19:05:19.500+0800][87.869s][gc,phases   ] GC(4697) Pause Mark Start 0.009ms
[2024-07-25T19:05:19.505+0800][87.875s][gc,phases   ] GC(4697) Concurrent Mark 6.022ms
[2024-07-25T19:05:19.505+0800][87.875s][gc,phases   ] GC(4697) Pause Mark End 0.009ms
[2024-07-25T19:05:19.506+0800][87.875s][gc,phases   ] GC(4697) Concurrent Mark Free 0.001ms
[2024-07-25T19:05:19.508+0800][87.877s][gc,phases   ] GC(4697) Concurrent Process Non-Strong References 1.850ms
[2024-07-25T19:05:19.508+0800][87.877s][gc,phases   ] GC(4697) Concurrent Reset Relocation Set 0.001ms
[2024-07-25T19:05:19.511+0800][87.880s][gc          ] Allocation Stall (main) 11.437ms
[2024-07-25T19:05:19.511+0800][87.880s][gc,phases   ] GC(4697) Concurrent Select Relocation Set 2.800ms
[2024-07-25T19:05:19.511+0800][87.880s][gc,phases   ] GC(4697) Pause Relocate Start 0.006ms
[2024-07-25T19:05:19.511+0800][87.880s][gc,phases   ] GC(4697) Concurrent Relocate 0.123ms
[2024-07-25T19:05:19.511+0800][87.881s][gc,load     ] GC(4697) Load: 0.00/0.00/0.00
[2024-07-25T19:05:19.511+0800][87.881s][gc,mmu      ] GC(4697) MMU: 2ms/88.2%, 5ms/95.3%, 10ms/97.6%, 20ms/98.8%, 50ms/99.4%, 100ms/99.6%
[2024-07-25T19:05:19.511+0800][87.881s][gc,marking  ] GC(4697) Mark: 1 stripe(s), 1 proactive flush(es), 1 terminate flush(es), 0 completion(s), 0 continuation(s) 
[2024-07-25T19:05:19.511+0800][87.881s][gc,marking  ] GC(4697) Mark Stack Usage: 32M
[2024-07-25T19:05:19.511+0800][87.881s][gc,nmethod  ] GC(4697) NMethods: 535 registered, 0 unregistered
[2024-07-25T19:05:19.511+0800][87.881s][gc,metaspace] GC(4697) Metaspace: 1M used, 1M committed, 1088M reserved
[2024-07-25T19:05:19.511+0800][87.881s][gc,ref      ] GC(4697) Soft: 46 encountered, 25 discovered, 0 enqueued
[2024-07-25T19:05:19.511+0800][87.881s][gc,ref      ] GC(4697) Weak: 131 encountered, 107 discovered, 0 enqueued
[2024-07-25T19:05:19.511+0800][87.881s][gc,ref      ] GC(4697) Final: 0 encountered, 0 discovered, 0 enqueued
[2024-07-25T19:05:19.511+0800][87.881s][gc,ref      ] GC(4697) Phantom: 184 encountered, 98 discovered, 0 enqueued
[2024-07-25T19:05:19.511+0800][87.881s][gc,reloc    ] GC(4697) Small Pages: 4 / 8M, Empty: 2M, Relocated: 0M, In-Place: 0
[2024-07-25T19:05:19.511+0800][87.881s][gc,reloc    ] GC(4697) Large Pages: 4 / 8M, Empty: 4M, Relocated: 0M, In-Place: 0
[2024-07-25T19:05:19.511+0800][87.881s][gc,reloc    ] GC(4697) Forwarding Usage: 0M
[2024-07-25T19:05:19.511+0800][87.881s][gc,heap     ] GC(4697) Min Capacity: 8M(50%)
[2024-07-25T19:05:19.511+0800][87.881s][gc,heap     ] GC(4697) Max Capacity: 16M(100%)
[2024-07-25T19:05:19.511+0800][87.881s][gc,heap     ] GC(4697) Soft Max Capacity: 16M(100%)
[2024-07-25T19:05:19.512+0800][87.881s][gc,heap     ] GC(4697)                Mark Start          Mark End        Relocate Start      Relocate End           High               Low         
[2024-07-25T19:05:19.512+0800][87.881s][gc,heap     ] GC(4697)  Capacity:       16M (100%)         16M (100%)         16M (100%)         16M (100%)         16M (100%)         16M (100%)   
[2024-07-25T19:05:19.512+0800][87.881s][gc,heap     ] GC(4697)      Free:        0M (0%)            0M (0%)            4M (25%)           2M (12%)           6M (38%)           0M (0%)     
[2024-07-25T19:05:19.512+0800][87.881s][gc,heap     ] GC(4697)      Used:       16M (100%)         16M (100%)         12M (75%)          14M (88%)          16M (100%)         10M (62%)    
[2024-07-25T19:05:19.512+0800][87.881s][gc,heap     ] GC(4697)      Live:         -                 8M (54%)           8M (54%)           8M (54%)            -                  -          
[2024-07-25T19:05:19.512+0800][87.881s][gc,heap     ] GC(4697) Allocated:         -                 0M (0%)            2M (12%)           4M (25%)            -                  -          
[2024-07-25T19:05:19.512+0800][87.881s][gc,heap     ] GC(4697)   Garbage:         -                 7M (46%)           1M (8%)            1M (8%)             -                  -          
[2024-07-25T19:05:19.512+0800][87.881s][gc,heap     ] GC(4697) Reclaimed:         -                  -                 6M (38%)           6M (38%)            -                  -          
[2024-07-25T19:05:19.512+0800][87.881s][gc          ] GC(4697) Garbage Collection (Allocation Stall) 16M(100%)->14M(88%)
[2024-07-25T19:05:19.515+0800][87.884s][gc,start    ] GC(4698) Garbage Collection (Allocation Rate)
[2024-07-25T19:05:19.515+0800][87.884s][gc,task     ] GC(4698) Using 1 workers
[2024-07-25T19:05:19.515+0800][87.885s][gc,phases   ] GC(4698) Pause Mark Start 0.009ms
[2024-07-25T19:05:19.522+0800][87.891s][gc,phases   ] GC(4698) Concurrent Mark 5.998ms
[2024-07-25T19:05:19.522+0800][87.891s][gc,phases   ] GC(4698) Pause Mark End 0.011ms
[2024-07-25T19:05:19.522+0800][87.891s][gc,phases   ] GC(4698) Concurrent Mark Free 0.001ms
[2024-07-25T19:05:19.524+0800][87.893s][gc,phases   ] GC(4698) Concurrent Process Non-Strong References 2.078ms
[2024-07-25T19:05:19.524+0800][87.893s][gc,phases   ] GC(4698) Concurrent Reset Relocation Set 0.001ms
[2024-07-25T19:05:19.527+0800][87.896s][gc          ] Allocation Stall (main) 12.089ms
[2024-07-25T19:05:19.527+0800][87.896s][gc,phases   ] GC(4698) Concurrent Select Relocation Set 3.212ms
[2024-07-25T19:05:19.527+0800][87.897s][gc,phases   ] GC(4698) Pause Relocate Start 0.008ms
[2024-07-25T19:05:19.528+0800][87.897s][gc,phases   ] GC(4698) Concurrent Relocate 0.141ms
[2024-07-25T19:05:19.528+0800][87.897s][gc,load     ] GC(4698) Load: 0.00/0.00/0.00
[2024-07-25T19:05:19.528+0800][87.897s][gc,mmu      ] GC(4698) MMU: 2ms/88.2%, 5ms/95.3%, 10ms/97.6%, 20ms/98.8%, 50ms/99.4%, 100ms/99.6%
[2024-07-25T19:05:19.528+0800][87.897s][gc,marking  ] GC(4698) Mark: 1 stripe(s), 1 proactive flush(es), 1 terminate flush(es), 0 completion(s), 0 continuation(s) 
[2024-07-25T19:05:19.528+0800][87.897s][gc,marking  ] GC(4698) Mark Stack Usage: 32M
[2024-07-25T19:05:19.528+0800][87.897s][gc,nmethod  ] GC(4698) NMethods: 535 registered, 0 unregistered
[2024-07-25T19:05:19.528+0800][87.897s][gc,metaspace] GC(4698) Metaspace: 1M used, 1M committed, 1088M reserved
[2024-07-25T19:05:19.528+0800][87.897s][gc,ref      ] GC(4698) Soft: 46 encountered, 25 discovered, 0 enqueued
[2024-07-25T19:05:19.528+0800][87.897s][gc,ref      ] GC(4698) Weak: 131 encountered, 107 discovered, 0 enqueued
[2024-07-25T19:05:19.528+0800][87.897s][gc,ref      ] GC(4698) Final: 0 encountered, 0 discovered, 0 enqueued
[2024-07-25T19:05:19.528+0800][87.897s][gc,ref      ] GC(4698) Phantom: 184 encountered, 98 discovered, 0 enqueued
[2024-07-25T19:05:19.528+0800][87.897s][gc,reloc    ] GC(4698) Small Pages: 4 / 8M, Empty: 2M, Relocated: 0M, In-Place: 0
[2024-07-25T19:05:19.528+0800][87.897s][gc,reloc    ] GC(4698) Large Pages: 4 / 8M, Empty: 4M, Relocated: 0M, In-Place: 0
[2024-07-25T19:05:19.528+0800][87.897s][gc,reloc    ] GC(4698) Forwarding Usage: 0M
[2024-07-25T19:05:19.528+0800][87.897s][gc,heap     ] GC(4698) Min Capacity: 8M(50%)
[2024-07-25T19:05:19.528+0800][87.897s][gc,heap     ] GC(4698) Max Capacity: 16M(100%)
[2024-07-25T19:05:19.528+0800][87.898s][gc,heap     ] GC(4698) Soft Max Capacity: 16M(100%)
[2024-07-25T19:05:19.528+0800][87.898s][gc,heap     ] GC(4698)                Mark Start          Mark End        Relocate Start      Relocate End           High               Low         
[2024-07-25T19:05:19.528+0800][87.898s][gc,heap     ] GC(4698)  Capacity:       16M (100%)         16M (100%)         16M (100%)         16M (100%)         16M (100%)         16M (100%)   
[2024-07-25T19:05:19.528+0800][87.898s][gc,heap     ] GC(4698)      Free:        0M (0%)            0M (0%)            2M (12%)           2M (12%)           6M (38%)           0M (0%)     
[2024-07-25T19:05:19.528+0800][87.898s][gc,heap     ] GC(4698)      Used:       16M (100%)         16M (100%)         14M (88%)          14M (88%)          16M (100%)         10M (62%)    
[2024-07-25T19:05:19.528+0800][87.898s][gc,heap     ] GC(4698)      Live:         -                 8M (54%)           8M (54%)           8M (54%)            -                  -          
[2024-07-25T19:05:19.528+0800][87.898s][gc,heap     ] GC(4698) Allocated:         -                 0M (0%)            4M (25%)           4M (25%)            -                  -          
[2024-07-25T19:05:19.528+0800][87.898s][gc,heap     ] GC(4698)   Garbage:         -                 7M (46%)           1M (8%)            1M (8%)             -                  -          
[2024-07-25T19:05:19.528+0800][87.898s][gc,heap     ] GC(4698) Reclaimed:         -                  -                 6M (38%)           6M (38%)            -                  -          
[2024-07-25T19:05:19.528+0800][87.898s][gc          ] GC(4698) Garbage Collection (Allocation Rate) 16M(100%)->14M(88%)
[2024-07-25T19:05:19.532+0800][87.901s][gc,start    ] GC(4699) Garbage Collection (Allocation Stall)
[2024-07-25T19:05:19.532+0800][87.901s][gc,ref      ] GC(4699) Clearing All SoftReferences
[2024-07-25T19:05:19.532+0800][87.901s][gc,task     ] GC(4699) Using 1 workers
[2024-07-25T19:05:19.532+0800][87.902s][gc,phases   ] GC(4699) Pause Mark Start 0.010ms
[2024-07-25T19:05:19.540+0800][87.909s][gc,phases   ] GC(4699) Concurrent Mark 7.116ms
[2024-07-25T19:05:19.540+0800][87.909s][gc,phases   ] GC(4699) Pause Mark End 0.009ms
[2024-07-25T19:05:19.540+0800][87.909s][gc,phases   ] GC(4699) Concurrent Mark Free 0.001ms
[2024-07-25T19:05:19.542+0800][87.911s][gc,phases   ] GC(4699) Concurrent Process Non-Strong References 2.047ms
[2024-07-25T19:05:19.542+0800][87.911s][gc,phases   ] GC(4699) Concurrent Reset Relocation Set 0.001ms
[2024-07-25T19:05:19.546+0800][87.915s][gc          ] Allocation Stall (main) 13.568ms
[2024-07-25T19:05:19.546+0800][87.915s][gc,phases   ] GC(4699) Concurrent Select Relocation Set 3.297ms
[2024-07-25T19:05:19.546+0800][87.915s][gc,phases   ] GC(4699) Pause Relocate Start 0.008ms
[2024-07-25T19:05:19.546+0800][87.915s][gc,phases   ] GC(4699) Concurrent Relocate 0.061ms
[2024-07-25T19:05:19.546+0800][87.915s][gc,load     ] GC(4699) Load: 0.00/0.00/0.00
[2024-07-25T19:05:19.546+0800][87.915s][gc,mmu      ] GC(4699) MMU: 2ms/88.2%, 5ms/95.3%, 10ms/97.6%, 20ms/98.8%, 50ms/99.4%, 100ms/99.6%
[2024-07-25T19:05:19.546+0800][87.915s][gc,marking  ] GC(4699) Mark: 1 stripe(s), 1 proactive flush(es), 1 terminate flush(es), 0 completion(s), 0 continuation(s) 
[2024-07-25T19:05:19.546+0800][87.915s][gc,marking  ] GC(4699) Mark Stack Usage: 32M
[2024-07-25T19:05:19.546+0800][87.915s][gc,nmethod  ] GC(4699) NMethods: 535 registered, 0 unregistered
[2024-07-25T19:05:19.546+0800][87.915s][gc,metaspace] GC(4699) Metaspace: 1M used, 1M committed, 1088M reserved
[2024-07-25T19:05:19.546+0800][87.915s][gc,ref      ] GC(4699) Soft: 46 encountered, 25 discovered, 0 enqueued
[2024-07-25T19:05:19.546+0800][87.916s][gc,ref      ] GC(4699) Weak: 131 encountered, 107 discovered, 0 enqueued
[2024-07-25T19:05:19.546+0800][87.916s][gc,ref      ] GC(4699) Final: 0 encountered, 0 discovered, 0 enqueued
[2024-07-25T19:05:19.546+0800][87.916s][gc,ref      ] GC(4699) Phantom: 184 encountered, 98 discovered, 0 enqueued
[2024-07-25T19:05:19.546+0800][87.916s][gc,reloc    ] GC(4699) Small Pages: 4 / 8M, Empty: 2M, Relocated: 0M, In-Place: 0
[2024-07-25T19:05:19.546+0800][87.916s][gc,reloc    ] GC(4699) Large Pages: 4 / 8M, Empty: 4M, Relocated: 0M, In-Place: 0
[2024-07-25T19:05:19.546+0800][87.916s][gc,reloc    ] GC(4699) Forwarding Usage: 0M
[2024-07-25T19:05:19.546+0800][87.916s][gc,heap     ] GC(4699) Min Capacity: 8M(50%)
[2024-07-25T19:05:19.546+0800][87.916s][gc,heap     ] GC(4699) Max Capacity: 16M(100%)
[2024-07-25T19:05:19.546+0800][87.916s][gc,heap     ] GC(4699) Soft Max Capacity: 16M(100%)
[2024-07-25T19:05:19.546+0800][87.916s][gc,heap     ] GC(4699)                Mark Start          Mark End        Relocate Start      Relocate End           High               Low         
[2024-07-25T19:05:19.546+0800][87.916s][gc,heap     ] GC(4699)  Capacity:       16M (100%)         16M (100%)         16M (100%)         16M (100%)         16M (100%)         16M (100%)   
[2024-07-25T19:05:19.546+0800][87.916s][gc,heap     ] GC(4699)      Free:        0M (0%)            0M (0%)            2M (12%)           2M (12%)           6M (38%)           0M (0%)     
[2024-07-25T19:05:19.547+0800][87.916s][gc,heap     ] GC(4699)      Used:       16M (100%)         16M (100%)         14M (88%)          14M (88%)          16M (100%)         10M (62%)    
[2024-07-25T19:05:19.547+0800][87.916s][gc,heap     ] GC(4699)      Live:         -                 8M (54%)           8M (54%)           8M (54%)            -                  -          
[2024-07-25T19:05:19.547+0800][87.916s][gc,heap     ] GC(4699) Allocated:         -                 0M (0%)            4M (25%)           4M (25%)            -                  -          
[2024-07-25T19:05:19.547+0800][87.916s][gc,heap     ] GC(4699)   Garbage:         -                 7M (46%)           1M (8%)            1M (8%)             -                  -          
[2024-07-25T19:05:19.547+0800][87.916s][gc,heap     ] GC(4699) Reclaimed:         -                  -                 6M (38%)           6M (38%)            -                  -          
[2024-07-25T19:05:19.547+0800][87.916s][gc          ] GC(4699) Garbage Collection (Allocation Stall) 16M(100%)->14M(88%)
[2024-07-25T19:05:19.550+0800][87.919s][gc,start    ] GC(4700) Garbage Collection (Allocation Stall)
[2024-07-25T19:05:19.550+0800][87.919s][gc,ref      ] GC(4700) Clearing All SoftReferences
[2024-07-25T19:05:19.550+0800][87.919s][gc,task     ] GC(4700) Using 1 workers
[2024-07-25T19:05:19.550+0800][87.919s][gc,phases   ] GC(4700) Pause Mark Start 0.009ms
[2024-07-25T19:05:19.557+0800][87.926s][gc,phases   ] GC(4700) Concurrent Mark 6.773ms
[2024-07-25T19:05:19.557+0800][87.926s][gc,phases   ] GC(4700) Pause Mark End 0.013ms
[2024-07-25T19:05:19.557+0800][87.927s][gc,phases   ] GC(4700) Concurrent Mark Free 0.001ms
[2024-07-25T19:05:19.559+0800][87.929s][gc,phases   ] GC(4700) Concurrent Process Non-Strong References 1.927ms
[2024-07-25T19:05:19.559+0800][87.929s][gc,phases   ] GC(4700) Concurrent Reset Relocation Set 0.001ms
[2024-07-25T19:05:19.562+0800][87.932s][gc          ] Allocation Stall (main) 12.729ms
[2024-07-25T19:05:19.562+0800][87.932s][gc,phases   ] GC(4700) Concurrent Select Relocation Set 3.214ms
[2024-07-25T19:05:19.563+0800][87.932s][gc,phases   ] GC(4700) Pause Relocate Start 0.013ms
[2024-07-25T19:05:19.563+0800][87.932s][gc,phases   ] GC(4700) Concurrent Relocate 0.067ms
[2024-07-25T19:05:19.563+0800][87.933s][gc,load     ] GC(4700) Load: 0.00/0.00/0.00
[2024-07-25T19:05:19.563+0800][87.933s][gc,mmu      ] GC(4700) MMU: 2ms/88.2%, 5ms/95.3%, 10ms/97.6%, 20ms/98.8%, 50ms/99.4%, 100ms/99.6%
[2024-07-25T19:05:19.563+0800][87.933s][gc,marking  ] GC(4700) Mark: 1 stripe(s), 1 proactive flush(es), 1 terminate flush(es), 0 completion(s), 0 continuation(s) 
[2024-07-25T19:05:19.563+0800][87.933s][gc,marking  ] GC(4700) Mark Stack Usage: 32M
[2024-07-25T19:05:19.563+0800][87.933s][gc,nmethod  ] GC(4700) NMethods: 535 registered, 0 unregistered
[2024-07-25T19:05:19.563+0800][87.933s][gc,metaspace] GC(4700) Metaspace: 1M used, 1M committed, 1088M reserved
[2024-07-25T19:05:19.563+0800][87.933s][gc,ref      ] GC(4700) Soft: 46 encountered, 25 discovered, 0 enqueued
[2024-07-25T19:05:19.563+0800][87.933s][gc,ref      ] GC(4700) Weak: 131 encountered, 107 discovered, 0 enqueued
[2024-07-25T19:05:19.563+0800][87.933s][gc,ref      ] GC(4700) Final: 0 encountered, 0 discovered, 0 enqueued
[2024-07-25T19:05:19.563+0800][87.933s][gc,ref      ] GC(4700) Phantom: 184 encountered, 98 discovered, 0 enqueued
[2024-07-25T19:05:19.563+0800][87.933s][gc,reloc    ] GC(4700) Small Pages: 4 / 8M, Empty: 2M, Relocated: 0M, In-Place: 0
[2024-07-25T19:05:19.563+0800][87.933s][gc,reloc    ] GC(4700) Large Pages: 4 / 8M, Empty: 4M, Relocated: 0M, In-Place: 0
[2024-07-25T19:05:19.563+0800][87.933s][gc,reloc    ] GC(4700) Forwarding Usage: 0M
[2024-07-25T19:05:19.563+0800][87.933s][gc,heap     ] GC(4700) Min Capacity: 8M(50%)
[2024-07-25T19:05:19.563+0800][87.933s][gc,heap     ] GC(4700) Max Capacity: 16M(100%)
[2024-07-25T19:05:19.563+0800][87.933s][gc,heap     ] GC(4700) Soft Max Capacity: 16M(100%)
[2024-07-25T19:05:19.564+0800][87.933s][gc,heap     ] GC(4700)                Mark Start          Mark End        Relocate Start      Relocate End           High               Low         
[2024-07-25T19:05:19.564+0800][87.933s][gc,heap     ] GC(4700)  Capacity:       16M (100%)         16M (100%)         16M (100%)         16M (100%)         16M (100%)         16M (100%)   
[2024-07-25T19:05:19.564+0800][87.933s][gc,heap     ] GC(4700)      Free:        0M (0%)            0M (0%)            2M (12%)           2M (12%)           6M (38%)           0M (0%)     
[2024-07-25T19:05:19.564+0800][87.933s][gc,heap     ] GC(4700)      Used:       16M (100%)         16M (100%)         14M (88%)          14M (88%)          16M (100%)         10M (62%)    
[2024-07-25T19:05:19.564+0800][87.933s][gc,heap     ] GC(4700)      Live:         -                 8M (54%)           8M (54%)           8M (54%)            -                  -          
[2024-07-25T19:05:19.564+0800][87.933s][gc,heap     ] GC(4700) Allocated:         -                 0M (0%)            4M (25%)           4M (25%)            -                  -          
[2024-07-25T19:05:19.564+0800][87.933s][gc,heap     ] GC(4700)   Garbage:         -                 7M (46%)           1M (8%)            1M (8%)             -                  -          
[2024-07-25T19:05:19.564+0800][87.933s][gc,heap     ] GC(4700) Reclaimed:         -                  -                 6M (38%)           6M (38%)            -                  -          
[2024-07-25T19:05:19.564+0800][87.933s][gc          ] GC(4700) Garbage Collection (Allocation Stall) 16M(100%)->14M(88%)
[2024-07-25T19:05:19.567+0800][87.936s][gc,start    ] GC(4701) Garbage Collection (Allocation Stall)
[2024-07-25T19:05:19.567+0800][87.936s][gc,ref      ] GC(4701) Clearing All SoftReferences
[2024-07-25T19:05:19.567+0800][87.936s][gc,task     ] GC(4701) Using 1 workers
[2024-07-25T19:05:19.567+0800][87.937s][gc,phases   ] GC(4701) Pause Mark Start 0.010ms
[2024-07-25T19:05:19.574+0800][87.944s][gc,phases   ] GC(4701) Concurrent Mark 7.028ms
[2024-07-25T19:05:19.574+0800][87.944s][gc,phases   ] GC(4701) Pause Mark End 0.035ms
[2024-07-25T19:05:19.575+0800][87.944s][gc,phases   ] GC(4701) Concurrent Mark Free 0.002ms
[2024-07-25T19:05:19.577+0800][87.946s][gc,phases   ] GC(4701) Concurrent Process Non-Strong References 1.920ms
[2024-07-25T19:05:19.577+0800][87.946s][gc,phases   ] GC(4701) Concurrent Reset Relocation Set 0.001ms
[2024-07-25T19:05:19.580+0800][87.949s][gc          ] Allocation Stall (main) 13.006ms
[2024-07-25T19:05:19.580+0800][87.949s][gc,phases   ] GC(4701) Concurrent Select Relocation Set 2.891ms
[2024-07-25T19:05:19.580+0800][87.949s][gc,phases   ] GC(4701) Pause Relocate Start 0.025ms
[2024-07-25T19:05:19.580+0800][87.950s][gc,phases   ] GC(4701) Concurrent Relocate 0.104ms
[2024-07-25T19:05:19.580+0800][87.950s][gc,load     ] GC(4701) Load: 0.00/0.00/0.00
[2024-07-25T19:05:19.580+0800][87.950s][gc,mmu      ] GC(4701) MMU: 2ms/88.2%, 5ms/95.3%, 10ms/97.6%, 20ms/98.8%, 50ms/99.4%, 100ms/99.6%
[2024-07-25T19:05:19.580+0800][87.950s][gc,marking  ] GC(4701) Mark: 1 stripe(s), 1 proactive flush(es), 1 terminate flush(es), 0 completion(s), 0 continuation(s) 
[2024-07-25T19:05:19.580+0800][87.950s][gc,marking  ] GC(4701) Mark Stack Usage: 32M
[2024-07-25T19:05:19.580+0800][87.950s][gc,nmethod  ] GC(4701) NMethods: 535 registered, 0 unregistered
[2024-07-25T19:05:19.580+0800][87.950s][gc,metaspace] GC(4701) Metaspace: 1M used, 1M committed, 1088M reserved
[2024-07-25T19:05:19.580+0800][87.950s][gc,ref      ] GC(4701) Soft: 46 encountered, 25 discovered, 0 enqueued
[2024-07-25T19:05:19.580+0800][87.950s][gc,ref      ] GC(4701) Weak: 131 encountered, 107 discovered, 0 enqueued
[2024-07-25T19:05:19.580+0800][87.950s][gc,ref      ] GC(4701) Final: 0 encountered, 0 discovered, 0 enqueued
[2024-07-25T19:05:19.580+0800][87.950s][gc,ref      ] GC(4701) Phantom: 184 encountered, 98 discovered, 0 enqueued
[2024-07-25T19:05:19.581+0800][87.950s][gc,reloc    ] GC(4701) Small Pages: 4 / 8M, Empty: 2M, Relocated: 0M, In-Place: 0
[2024-07-25T19:05:19.581+0800][87.950s][gc,reloc    ] GC(4701) Large Pages: 4 / 8M, Empty: 4M, Relocated: 0M, In-Place: 0
[2024-07-25T19:05:19.581+0800][87.950s][gc,reloc    ] GC(4701) Forwarding Usage: 0M
[2024-07-25T19:05:19.581+0800][87.950s][gc,heap     ] GC(4701) Min Capacity: 8M(50%)
[2024-07-25T19:05:19.581+0800][87.950s][gc,heap     ] GC(4701) Max Capacity: 16M(100%)
[2024-07-25T19:05:19.581+0800][87.950s][gc,heap     ] GC(4701) Soft Max Capacity: 16M(100%)
[2024-07-25T19:05:19.581+0800][87.950s][gc,heap     ] GC(4701)                Mark Start          Mark End        Relocate Start      Relocate End           High               Low         
[2024-07-25T19:05:19.581+0800][87.950s][gc,heap     ] GC(4701)  Capacity:       16M (100%)         16M (100%)         16M (100%)         16M (100%)         16M (100%)         16M (100%)   
[2024-07-25T19:05:19.581+0800][87.950s][gc,heap     ] GC(4701)      Free:        0M (0%)            0M (0%)            2M (12%)           2M (12%)           6M (38%)           0M (0%)     
[2024-07-25T19:05:19.581+0800][87.950s][gc,heap     ] GC(4701)      Used:       16M (100%)         16M (100%)         14M (88%)          14M (88%)          16M (100%)         10M (62%)    
[2024-07-25T19:05:19.581+0800][87.950s][gc,heap     ] GC(4701)      Live:         -                 8M (54%)           8M (54%)           8M (54%)            -                  -          
[2024-07-25T19:05:19.581+0800][87.950s][gc,heap     ] GC(4701) Allocated:         -                 0M (0%)            4M (25%)           4M (25%)            -                  -          
[2024-07-25T19:05:19.581+0800][87.950s][gc,heap     ] GC(4701)   Garbage:         -                 7M (46%)           1M (8%)            1M (8%)             -                  -          
[2024-07-25T19:05:19.581+0800][87.950s][gc,heap     ] GC(4701) Reclaimed:         -                  -                 6M (38%)           6M (38%)            -                  -          
[2024-07-25T19:05:19.581+0800][87.950s][gc          ] GC(4701) Garbage Collection (Allocation Stall) 16M(100%)->14M(88%)
[2024-07-25T19:05:19.584+0800][87.953s][gc,start    ] GC(4702) Garbage Collection (Allocation Stall)
[2024-07-25T19:05:19.584+0800][87.953s][gc,ref      ] GC(4702) Clearing All SoftReferences
[2024-07-25T19:05:19.584+0800][87.953s][gc,task     ] GC(4702) Using 1 workers
[2024-07-25T19:05:19.584+0800][87.953s][gc,phases   ] GC(4702) Pause Mark Start 0.008ms
[2024-07-25T19:05:19.591+0800][87.960s][gc,phases   ] GC(4702) Concurrent Mark 6.807ms
[2024-07-25T19:05:19.591+0800][87.961s][gc,phases   ] GC(4702) Pause Mark End 0.012ms
[2024-07-25T19:05:19.591+0800][87.961s][gc,phases   ] GC(4702) Concurrent Mark Free 0.001ms
[2024-07-25T19:05:19.594+0800][87.963s][gc,phases   ] GC(4702) Concurrent Process Non-Strong References 2.346ms
[2024-07-25T19:05:19.594+0800][87.963s][gc,phases   ] GC(4702) Concurrent Reset Relocation Set 0.001ms
[2024-07-25T19:05:19.597+0800][87.966s][gc          ] Allocation Stall (main) 12.839ms
[2024-07-25T19:05:19.597+0800][87.966s][gc,phases   ] GC(4702) Concurrent Select Relocation Set 2.947ms
[2024-07-25T19:05:19.597+0800][87.966s][gc,phases   ] GC(4702) Pause Relocate Start 0.024ms
[2024-07-25T19:05:19.597+0800][87.967s][gc,phases   ] GC(4702) Concurrent Relocate 0.043ms
[2024-07-25T19:05:19.597+0800][87.967s][gc,load     ] GC(4702) Load: 0.00/0.00/0.00
[2024-07-25T19:05:19.597+0800][87.967s][gc,mmu      ] GC(4702) MMU: 2ms/88.2%, 5ms/95.3%, 10ms/97.6%, 20ms/98.8%, 50ms/99.4%, 100ms/99.6%
[2024-07-25T19:05:19.598+0800][87.967s][gc,marking  ] GC(4702) Mark: 1 stripe(s), 1 proactive flush(es), 1 terminate flush(es), 0 completion(s), 0 continuation(s) 
[2024-07-25T19:05:19.598+0800][87.967s][gc,marking  ] GC(4702) Mark Stack Usage: 32M
[2024-07-25T19:05:19.598+0800][87.967s][gc,nmethod  ] GC(4702) NMethods: 535 registered, 0 unregistered
[2024-07-25T19:05:19.598+0800][87.967s][gc,metaspace] GC(4702) Metaspace: 1M used, 1M committed, 1088M reserved
[2024-07-25T19:05:19.598+0800][87.967s][gc,ref      ] GC(4702) Soft: 46 encountered, 25 discovered, 0 enqueued
[2024-07-25T19:05:19.598+0800][87.967s][gc,ref      ] GC(4702) Weak: 131 encountered, 107 discovered, 0 enqueued
[2024-07-25T19:05:19.598+0800][87.967s][gc,ref      ] GC(4702) Final: 0 encountered, 0 discovered, 0 enqueued
[2024-07-25T19:05:19.598+0800][87.967s][gc,ref      ] GC(4702) Phantom: 184 encountered, 98 discovered, 0 enqueued
[2024-07-25T19:05:19.598+0800][87.967s][gc,reloc    ] GC(4702) Small Pages: 4 / 8M, Empty: 2M, Relocated: 0M, In-Place: 0
[2024-07-25T19:05:19.598+0800][87.967s][gc,reloc    ] GC(4702) Large Pages: 4 / 8M, Empty: 4M, Relocated: 0M, In-Place: 0
[2024-07-25T19:05:19.598+0800][87.967s][gc,reloc    ] GC(4702) Forwarding Usage: 0M
[2024-07-25T19:05:19.598+0800][87.967s][gc,heap     ] GC(4702) Min Capacity: 8M(50%)
[2024-07-25T19:05:19.598+0800][87.967s][gc,heap     ] GC(4702) Max Capacity: 16M(100%)
[2024-07-25T19:05:19.598+0800][87.967s][gc,heap     ] GC(4702) Soft Max Capacity: 16M(100%)
[2024-07-25T19:05:19.598+0800][87.967s][gc,heap     ] GC(4702)                Mark Start          Mark End        Relocate Start      Relocate End           High               Low         
[2024-07-25T19:05:19.598+0800][87.967s][gc,heap     ] GC(4702)  Capacity:       16M (100%)         16M (100%)         16M (100%)         16M (100%)         16M (100%)         16M (100%)   
[2024-07-25T19:05:19.598+0800][87.967s][gc,heap     ] GC(4702)      Free:        0M (0%)            0M (0%)            2M (12%)           2M (12%)           6M (38%)           0M (0%)     
[2024-07-25T19:05:19.598+0800][87.967s][gc,heap     ] GC(4702)      Used:       16M (100%)         16M (100%)         14M (88%)          14M (88%)          16M (100%)         10M (62%)    
[2024-07-25T19:05:19.598+0800][87.967s][gc,heap     ] GC(4702)      Live:         -                 8M (54%)           8M (54%)           8M (54%)            -                  -          
[2024-07-25T19:05:19.598+0800][87.967s][gc,heap     ] GC(4702) Allocated:         -                 0M (0%)            4M (25%)           4M (25%)            -                  -          
[2024-07-25T19:05:19.598+0800][87.967s][gc,heap     ] GC(4702)   Garbage:         -                 7M (46%)           1M (8%)            1M (8%)             -                  -          
[2024-07-25T19:05:19.598+0800][87.967s][gc,heap     ] GC(4702) Reclaimed:         -                  -                 6M (38%)           6M (38%)            -                  -          
[2024-07-25T19:05:19.598+0800][87.967s][gc          ] GC(4702) Garbage Collection (Allocation Stall) 16M(100%)->14M(88%)
[2024-07-25T19:05:19.602+0800][87.971s][gc,start    ] GC(4703) Garbage Collection (Allocation Stall)
[2024-07-25T19:05:19.602+0800][87.971s][gc,ref      ] GC(4703) Clearing All SoftReferences
[2024-07-25T19:05:19.602+0800][87.971s][gc,task     ] GC(4703) Using 1 workers
[2024-07-25T19:05:19.602+0800][87.971s][gc,phases   ] GC(4703) Pause Mark Start 0.012ms
[2024-07-25T19:05:19.608+0800][87.978s][gc,phases   ] GC(4703) Concurrent Mark 6.311ms
[2024-07-25T19:05:19.609+0800][87.978s][gc,phases   ] GC(4703) Pause Mark End 0.023ms
[2024-07-25T19:05:19.609+0800][87.978s][gc,phases   ] GC(4703) Concurrent Mark Free 0.002ms
[2024-07-25T19:05:19.611+0800][87.980s][gc,phases   ] GC(4703) Concurrent Process Non-Strong References 1.901ms
[2024-07-25T19:05:19.611+0800][87.980s][gc,phases   ] GC(4703) Concurrent Reset Relocation Set 0.001ms
[2024-07-25T19:05:19.613+0800][87.983s][gc          ] Allocation Stall (main) 12.040ms
[2024-07-25T19:05:19.613+0800][87.983s][gc,phases   ] GC(4703) Concurrent Select Relocation Set 2.821ms
[2024-07-25T19:05:19.614+0800][87.983s][gc,phases   ] GC(4703) Pause Relocate Start 0.012ms
[2024-07-25T19:05:19.614+0800][87.984s][gc,phases   ] GC(4703) Concurrent Relocate 0.267ms
[2024-07-25T19:05:19.614+0800][87.984s][gc,load     ] GC(4703) Load: 0.00/0.00/0.00
[2024-07-25T19:05:19.614+0800][87.984s][gc,mmu      ] GC(4703) MMU: 2ms/88.2%, 5ms/95.3%, 10ms/97.6%, 20ms/98.8%, 50ms/99.4%, 100ms/99.6%
[2024-07-25T19:05:19.614+0800][87.984s][gc,marking  ] GC(4703) Mark: 1 stripe(s), 1 proactive flush(es), 1 terminate flush(es), 0 completion(s), 0 continuation(s) 
[2024-07-25T19:05:19.614+0800][87.984s][gc,marking  ] GC(4703) Mark Stack Usage: 32M
[2024-07-25T19:05:19.615+0800][87.984s][gc,nmethod  ] GC(4703) NMethods: 535 registered, 0 unregistered
[2024-07-25T19:05:19.615+0800][87.984s][gc,metaspace] GC(4703) Metaspace: 1M used, 1M committed, 1088M reserved
[2024-07-25T19:05:19.615+0800][87.984s][gc,ref      ] GC(4703) Soft: 46 encountered, 25 discovered, 0 enqueued
[2024-07-25T19:05:19.615+0800][87.984s][gc,ref      ] GC(4703) Weak: 131 encountered, 107 discovered, 0 enqueued
[2024-07-25T19:05:19.615+0800][87.984s][gc,ref      ] GC(4703) Final: 0 encountered, 0 discovered, 0 enqueued
[2024-07-25T19:05:19.615+0800][87.984s][gc,ref      ] GC(4703) Phantom: 184 encountered, 98 discovered, 0 enqueued
[2024-07-25T19:05:19.615+0800][87.984s][gc,reloc    ] GC(4703) Small Pages: 4 / 8M, Empty: 2M, Relocated: 0M, In-Place: 0
[2024-07-25T19:05:19.615+0800][87.984s][gc,reloc    ] GC(4703) Large Pages: 4 / 8M, Empty: 4M, Relocated: 0M, In-Place: 0
[2024-07-25T19:05:19.615+0800][87.984s][gc,reloc    ] GC(4703) Forwarding Usage: 0M
[2024-07-25T19:05:19.615+0800][87.984s][gc,heap     ] GC(4703) Min Capacity: 8M(50%)
[2024-07-25T19:05:19.615+0800][87.984s][gc,heap     ] GC(4703) Max Capacity: 16M(100%)
[2024-07-25T19:05:19.615+0800][87.984s][gc,heap     ] GC(4703) Soft Max Capacity: 16M(100%)
[2024-07-25T19:05:19.615+0800][87.984s][gc,heap     ] GC(4703)                Mark Start          Mark End        Relocate Start      Relocate End           High               Low         
[2024-07-25T19:05:19.615+0800][87.984s][gc,heap     ] GC(4703)  Capacity:       16M (100%)         16M (100%)         16M (100%)         16M (100%)         16M (100%)         16M (100%)   
[2024-07-25T19:05:19.615+0800][87.984s][gc,heap     ] GC(4703)      Free:        0M (0%)            0M (0%)            4M (25%)           2M (12%)           6M (38%)           0M (0%)     
[2024-07-25T19:05:19.615+0800][87.984s][gc,heap     ] GC(4703)      Used:       16M (100%)         16M (100%)         12M (75%)          14M (88%)          16M (100%)         10M (62%)    
[2024-07-25T19:05:19.615+0800][87.984s][gc,heap     ] GC(4703)      Live:         -                 8M (54%)           8M (54%)           8M (54%)            -                  -          
[2024-07-25T19:05:19.615+0800][87.984s][gc,heap     ] GC(4703) Allocated:         -                 0M (0%)            2M (12%)           4M (25%)            -                  -          
[2024-07-25T19:05:19.615+0800][87.984s][gc,heap     ] GC(4703)   Garbage:         -                 7M (46%)           1M (8%)            1M (8%)             -                  -          
[2024-07-25T19:05:19.615+0800][87.984s][gc,heap     ] GC(4703) Reclaimed:         -                  -                 6M (38%)           6M (38%)            -                  -          
[2024-07-25T19:05:19.615+0800][87.984s][gc          ] GC(4703) Garbage Collection (Allocation Stall) 16M(100%)->14M(88%)
[2024-07-25T19:05:19.618+0800][87.987s][gc,start    ] GC(4704) Garbage Collection (Allocation Stall)
[2024-07-25T19:05:19.618+0800][87.987s][gc,ref      ] GC(4704) Clearing All SoftReferences
[2024-07-25T19:05:19.618+0800][87.987s][gc,task     ] GC(4704) Using 1 workers
[2024-07-25T19:05:19.618+0800][87.987s][gc,phases   ] GC(4704) Pause Mark Start 0.008ms
[2024-07-25T19:05:19.624+0800][87.993s][gc,phases   ] GC(4704) Concurrent Mark 5.724ms
[2024-07-25T19:05:19.624+0800][87.993s][gc,phases   ] GC(4704) Pause Mark End 0.030ms
[2024-07-25T19:05:19.624+0800][87.994s][gc,phases   ] GC(4704) Concurrent Mark Free 0.002ms
[2024-07-25T19:05:19.627+0800][87.996s][gc,phases   ] GC(4704) Concurrent Process Non-Strong References 2.210ms
[2024-07-25T19:05:19.627+0800][87.996s][gc,phases   ] GC(4704) Concurrent Reset Relocation Set 0.001ms
[2024-07-25T19:05:19.630+0800][87.999s][gc          ] Allocation Stall (main) 12.083ms
[2024-07-25T19:05:19.630+0800][87.999s][gc,phases   ] GC(4704) Concurrent Select Relocation Set 3.114ms
[2024-07-25T19:05:19.630+0800][87.999s][gc,phases   ] GC(4704) Pause Relocate Start 0.009ms
[2024-07-25T19:05:19.630+0800][88.000s][gc,phases   ] GC(4704) Concurrent Relocate 0.132ms
[2024-07-25T19:05:19.630+0800][88.000s][gc,load     ] GC(4704) Load: 0.00/0.00/0.00
[2024-07-25T19:05:19.630+0800][88.000s][gc,mmu      ] GC(4704) MMU: 2ms/88.2%, 5ms/95.3%, 10ms/97.6%, 20ms/98.8%, 50ms/99.4%, 100ms/99.6%
[2024-07-25T19:05:19.630+0800][88.000s][gc,marking  ] GC(4704) Mark: 1 stripe(s), 1 proactive flush(es), 1 terminate flush(es), 0 completion(s), 0 continuation(s) 
[2024-07-25T19:05:19.630+0800][88.000s][gc,marking  ] GC(4704) Mark Stack Usage: 32M
[2024-07-25T19:05:19.630+0800][88.000s][gc,nmethod  ] GC(4704) NMethods: 535 registered, 0 unregistered
[2024-07-25T19:05:19.631+0800][88.000s][gc,metaspace] GC(4704) Metaspace: 1M used, 1M committed, 1088M reserved
[2024-07-25T19:05:19.631+0800][88.000s][gc,ref      ] GC(4704) Soft: 46 encountered, 25 discovered, 0 enqueued
[2024-07-25T19:05:19.631+0800][88.000s][gc,ref      ] GC(4704) Weak: 131 encountered, 107 discovered, 0 enqueued
[2024-07-25T19:05:19.631+0800][88.000s][gc,ref      ] GC(4704) Final: 0 encountered, 0 discovered, 0 enqueued
[2024-07-25T19:05:19.631+0800][88.000s][gc,ref      ] GC(4704) Phantom: 184 encountered, 98 discovered, 0 enqueued
[2024-07-25T19:05:19.631+0800][88.000s][gc,reloc    ] GC(4704) Small Pages: 4 / 8M, Empty: 2M, Relocated: 0M, In-Place: 0
[2024-07-25T19:05:19.631+0800][88.000s][gc,reloc    ] GC(4704) Large Pages: 4 / 8M, Empty: 4M, Relocated: 0M, In-Place: 0
[2024-07-25T19:05:19.631+0800][88.000s][gc,reloc    ] GC(4704) Forwarding Usage: 0M
[2024-07-25T19:05:19.631+0800][88.000s][gc,heap     ] GC(4704) Min Capacity: 8M(50%)
[2024-07-25T19:05:19.631+0800][88.000s][gc,heap     ] GC(4704) Max Capacity: 16M(100%)
[2024-07-25T19:05:19.631+0800][88.000s][gc,heap     ] GC(4704) Soft Max Capacity: 16M(100%)
[2024-07-25T19:05:19.631+0800][88.000s][gc,heap     ] GC(4704)                Mark Start          Mark End        Relocate Start      Relocate End           High               Low         
[2024-07-25T19:05:19.631+0800][88.000s][gc,heap     ] GC(4704)  Capacity:       16M (100%)         16M (100%)         16M (100%)         16M (100%)         16M (100%)         16M (100%)   
[2024-07-25T19:05:19.631+0800][88.000s][gc,heap     ] GC(4704)      Free:        0M (0%)            0M (0%)            2M (12%)           2M (12%)           6M (38%)           0M (0%)     
[2024-07-25T19:05:19.631+0800][88.000s][gc,heap     ] GC(4704)      Used:       16M (100%)         16M (100%)         14M (88%)          14M (88%)          16M (100%)         10M (62%)    
[2024-07-25T19:05:19.631+0800][88.000s][gc,heap     ] GC(4704)      Live:         -                 8M (54%)           8M (54%)           8M (54%)            -                  -          
[2024-07-25T19:05:19.631+0800][88.000s][gc,heap     ] GC(4704) Allocated:         -                 0M (0%)            4M (25%)           4M (25%)            -                  -          
[2024-07-25T19:05:19.631+0800][88.001s][gc,heap     ] GC(4704)   Garbage:         -                 7M (46%)           1M (8%)            1M (8%)             -                  -          
[2024-07-25T19:05:19.631+0800][88.001s][gc,heap     ] GC(4704) Reclaimed:         -                  -                 6M (38%)           6M (38%)            -                  -          
[2024-07-25T19:05:19.631+0800][88.001s][gc          ] GC(4704) Garbage Collection (Allocation Stall) 16M(100%)->14M(88%)
[2024-07-25T19:05:19.636+0800][88.005s][gc,start    ] GC(4705) Garbage Collection (Allocation Stall)
[2024-07-25T19:05:19.636+0800][88.005s][gc,ref      ] GC(4705) Clearing All SoftReferences
[2024-07-25T19:05:19.636+0800][88.005s][gc,task     ] GC(4705) Using 1 workers
[2024-07-25T19:05:19.636+0800][88.005s][gc,phases   ] GC(4705) Pause Mark Start 0.008ms
[2024-07-25T19:05:19.643+0800][88.012s][gc,phases   ] GC(4705) Concurrent Mark 6.664ms
[2024-07-25T19:05:19.643+0800][88.012s][gc,phases   ] GC(4705) Pause Mark End 0.011ms
[2024-07-25T19:05:19.643+0800][88.012s][gc,phases   ] GC(4705) Concurrent Mark Free 0.001ms
[2024-07-25T19:05:19.645+0800][88.014s][gc,phases   ] GC(4705) Concurrent Process Non-Strong References 1.606ms
[2024-07-25T19:05:19.645+0800][88.014s][gc,phases   ] GC(4705) Concurrent Reset Relocation Set 0.001ms
[2024-07-25T19:05:19.648+0800][88.017s][gc          ] Allocation Stall (main) 12.087ms
[2024-07-25T19:05:19.648+0800][88.017s][gc,phases   ] GC(4705) Concurrent Select Relocation Set 3.112ms
[2024-07-25T19:05:19.648+0800][88.017s][gc,phases   ] GC(4705) Pause Relocate Start 0.008ms
[2024-07-25T19:05:19.648+0800][88.018s][gc,phases   ] GC(4705) Concurrent Relocate 0.087ms
[2024-07-25T19:05:19.648+0800][88.018s][gc,load     ] GC(4705) Load: 0.00/0.00/0.00
[2024-07-25T19:05:19.648+0800][88.018s][gc,mmu      ] GC(4705) MMU: 2ms/88.2%, 5ms/95.3%, 10ms/97.6%, 20ms/98.8%, 50ms/99.4%, 100ms/99.6%
[2024-07-25T19:05:19.648+0800][88.018s][gc,marking  ] GC(4705) Mark: 1 stripe(s), 1 proactive flush(es), 1 terminate flush(es), 0 completion(s), 0 continuation(s) 
[2024-07-25T19:05:19.648+0800][88.018s][gc,marking  ] GC(4705) Mark Stack Usage: 32M
[2024-07-25T19:05:19.648+0800][88.018s][gc,nmethod  ] GC(4705) NMethods: 535 registered, 0 unregistered
[2024-07-25T19:05:19.648+0800][88.018s][gc,metaspace] GC(4705) Metaspace: 1M used, 1M committed, 1088M reserved
[2024-07-25T19:05:19.648+0800][88.018s][gc,ref      ] GC(4705) Soft: 46 encountered, 25 discovered, 0 enqueued
[2024-07-25T19:05:19.648+0800][88.018s][gc,ref      ] GC(4705) Weak: 131 encountered, 107 discovered, 0 enqueued
[2024-07-25T19:05:19.648+0800][88.018s][gc,ref      ] GC(4705) Final: 0 encountered, 0 discovered, 0 enqueued
[2024-07-25T19:05:19.648+0800][88.018s][gc,ref      ] GC(4705) Phantom: 184 encountered, 98 discovered, 0 enqueued
[2024-07-25T19:05:19.649+0800][88.018s][gc,reloc    ] GC(4705) Small Pages: 4 / 8M, Empty: 2M, Relocated: 0M, In-Place: 0
[2024-07-25T19:05:19.649+0800][88.018s][gc,reloc    ] GC(4705) Large Pages: 4 / 8M, Empty: 4M, Relocated: 0M, In-Place: 0
[2024-07-25T19:05:19.649+0800][88.018s][gc,reloc    ] GC(4705) Forwarding Usage: 0M
[2024-07-25T19:05:19.649+0800][88.018s][gc,heap     ] GC(4705) Min Capacity: 8M(50%)
[2024-07-25T19:05:19.649+0800][88.018s][gc,heap     ] GC(4705) Max Capacity: 16M(100%)
[2024-07-25T19:05:19.649+0800][88.018s][gc,heap     ] GC(4705) Soft Max Capacity: 16M(100%)
[2024-07-25T19:05:19.649+0800][88.018s][gc,heap     ] GC(4705)                Mark Start          Mark End        Relocate Start      Relocate End           High               Low         
[2024-07-25T19:05:19.649+0800][88.018s][gc,heap     ] GC(4705)  Capacity:       16M (100%)         16M (100%)         16M (100%)         16M (100%)         16M (100%)         16M (100%)   
[2024-07-25T19:05:19.649+0800][88.018s][gc,heap     ] GC(4705)      Free:        0M (0%)            0M (0%)            2M (12%)           2M (12%)           6M (38%)           0M (0%)     
[2024-07-25T19:05:19.649+0800][88.018s][gc,heap     ] GC(4705)      Used:       16M (100%)         16M (100%)         14M (88%)          14M (88%)          16M (100%)         10M (62%)    
[2024-07-25T19:05:19.649+0800][88.018s][gc,heap     ] GC(4705)      Live:         -                 8M (54%)           8M (54%)           8M (54%)            -                  -          
[2024-07-25T19:05:19.649+0800][88.018s][gc,heap     ] GC(4705) Allocated:         -                 0M (0%)            4M (25%)           4M (25%)            -                  -          
[2024-07-25T19:05:19.649+0800][88.018s][gc,heap     ] GC(4705)   Garbage:         -                 7M (46%)           1M (8%)            1M (8%)             -                  -          
[2024-07-25T19:05:19.649+0800][88.018s][gc,heap     ] GC(4705) Reclaimed:         -                  -                 6M (38%)           6M (38%)            -                  -          
[2024-07-25T19:05:19.649+0800][88.018s][gc          ] GC(4705) Garbage Collection (Allocation Stall) 16M(100%)->14M(88%)
[2024-07-25T19:05:19.652+0800][88.021s][gc,start    ] GC(4706) Garbage Collection (Allocation Stall)
[2024-07-25T19:05:19.652+0800][88.021s][gc,ref      ] GC(4706) Clearing All SoftReferences
[2024-07-25T19:05:19.652+0800][88.021s][gc,task     ] GC(4706) Using 1 workers
[2024-07-25T19:05:19.652+0800][88.021s][gc,phases   ] GC(4706) Pause Mark Start 0.007ms
[2024-07-25T19:05:19.659+0800][88.028s][gc,phases   ] GC(4706) Concurrent Mark 7.023ms
[2024-07-25T19:05:19.659+0800][88.028s][gc,phases   ] GC(4706) Pause Mark End 0.010ms
[2024-07-25T19:05:19.659+0800][88.028s][gc,phases   ] GC(4706) Concurrent Mark Free 0.001ms
[2024-07-25T19:05:19.661+0800][88.030s][gc,phases   ] GC(4706) Concurrent Process Non-Strong References 1.620ms
[2024-07-25T19:05:19.661+0800][88.030s][gc,phases   ] GC(4706) Concurrent Reset Relocation Set 0.001ms
[2024-07-25T19:05:19.663+0800][88.033s][gc          ] Allocation Stall (main) 11.792ms
[2024-07-25T19:05:19.663+0800][88.033s][gc,phases   ] GC(4706) Concurrent Select Relocation Set 2.504ms
[2024-07-25T19:05:19.663+0800][88.033s][gc,phases   ] GC(4706) Pause Relocate Start 0.013ms
[2024-07-25T19:05:19.664+0800][88.033s][gc,phases   ] GC(4706) Concurrent Relocate 0.122ms
[2024-07-25T19:05:19.664+0800][88.033s][gc,load     ] GC(4706) Load: 0.00/0.00/0.00
[2024-07-25T19:05:19.664+0800][88.033s][gc,mmu      ] GC(4706) MMU: 2ms/88.2%, 5ms/95.3%, 10ms/97.6%, 20ms/98.8%, 50ms/99.4%, 100ms/99.6%
[2024-07-25T19:05:19.664+0800][88.033s][gc,marking  ] GC(4706) Mark: 1 stripe(s), 1 proactive flush(es), 1 terminate flush(es), 0 completion(s), 0 continuation(s) 
[2024-07-25T19:05:19.664+0800][88.033s][gc,marking  ] GC(4706) Mark Stack Usage: 32M
[2024-07-25T19:05:19.664+0800][88.033s][gc,nmethod  ] GC(4706) NMethods: 535 registered, 0 unregistered
[2024-07-25T19:05:19.664+0800][88.033s][gc,metaspace] GC(4706) Metaspace: 1M used, 1M committed, 1088M reserved
[2024-07-25T19:05:19.664+0800][88.033s][gc,ref      ] GC(4706) Soft: 46 encountered, 25 discovered, 0 enqueued
[2024-07-25T19:05:19.664+0800][88.033s][gc,ref      ] GC(4706) Weak: 131 encountered, 107 discovered, 0 enqueued
[2024-07-25T19:05:19.664+0800][88.033s][gc,ref      ] GC(4706) Final: 0 encountered, 0 discovered, 0 enqueued
[2024-07-25T19:05:19.664+0800][88.033s][gc,ref      ] GC(4706) Phantom: 184 encountered, 98 discovered, 0 enqueued
[2024-07-25T19:05:19.664+0800][88.033s][gc,reloc    ] GC(4706) Small Pages: 4 / 8M, Empty: 2M, Relocated: 0M, In-Place: 0
[2024-07-25T19:05:19.664+0800][88.033s][gc,reloc    ] GC(4706) Large Pages: 4 / 8M, Empty: 4M, Relocated: 0M, In-Place: 0
[2024-07-25T19:05:19.664+0800][88.033s][gc,reloc    ] GC(4706) Forwarding Usage: 0M
[2024-07-25T19:05:19.664+0800][88.033s][gc,heap     ] GC(4706) Min Capacity: 8M(50%)
[2024-07-25T19:05:19.664+0800][88.033s][gc,heap     ] GC(4706) Max Capacity: 16M(100%)
[2024-07-25T19:05:19.664+0800][88.033s][gc,heap     ] GC(4706) Soft Max Capacity: 16M(100%)
[2024-07-25T19:05:19.664+0800][88.033s][gc,heap     ] GC(4706)                Mark Start          Mark End        Relocate Start      Relocate End           High               Low         
[2024-07-25T19:05:19.664+0800][88.033s][gc,heap     ] GC(4706)  Capacity:       16M (100%)         16M (100%)         16M (100%)         16M (100%)         16M (100%)         16M (100%)   
[2024-07-25T19:05:19.664+0800][88.033s][gc,heap     ] GC(4706)      Free:        0M (0%)            0M (0%)            2M (12%)           2M (12%)           6M (38%)           0M (0%)     
[2024-07-25T19:05:19.664+0800][88.033s][gc,heap     ] GC(4706)      Used:       16M (100%)         16M (100%)         14M (88%)          14M (88%)          16M (100%)         10M (62%)    
[2024-07-25T19:05:19.664+0800][88.034s][gc,heap     ] GC(4706)      Live:         -                 8M (54%)           8M (54%)           8M (54%)            -                  -          
[2024-07-25T19:05:19.664+0800][88.034s][gc,heap     ] GC(4706) Allocated:         -                 0M (0%)            4M (25%)           4M (25%)            -                  -          
[2024-07-25T19:05:19.664+0800][88.034s][gc,heap     ] GC(4706)   Garbage:         -                 7M (46%)           1M (8%)            1M (8%)             -                  -          
[2024-07-25T19:05:19.664+0800][88.034s][gc,heap     ] GC(4706) Reclaimed:         -                  -                 6M (38%)           6M (38%)            -                  -          
[2024-07-25T19:05:19.664+0800][88.034s][gc          ] GC(4706) Garbage Collection (Allocation Stall) 16M(100%)->14M(88%)
[2024-07-25T19:05:19.667+0800][88.036s][gc,start    ] GC(4707) Garbage Collection (Allocation Stall)
[2024-07-25T19:05:19.667+0800][88.037s][gc,ref      ] GC(4707) Clearing All SoftReferences
[2024-07-25T19:05:19.667+0800][88.037s][gc,task     ] GC(4707) Using 1 workers
[2024-07-25T19:05:19.667+0800][88.037s][gc,phases   ] GC(4707) Pause Mark Start 0.024ms
[2024-07-25T19:05:19.673+0800][88.042s][gc,phases   ] GC(4707) Concurrent Mark 5.259ms
[2024-07-25T19:05:19.673+0800][88.042s][gc,phases   ] GC(4707) Pause Mark End 0.009ms
[2024-07-25T19:05:19.673+0800][88.042s][gc,phases   ] GC(4707) Concurrent Mark Free 0.001ms
[2024-07-25T19:05:19.675+0800][88.044s][gc,phases   ] GC(4707) Concurrent Process Non-Strong References 1.549ms
[2024-07-25T19:05:19.675+0800][88.044s][gc,phases   ] GC(4707) Concurrent Reset Relocation Set 0.001ms
[2024-07-25T19:05:19.677+0800][88.046s][gc          ] Allocation Stall (main) 10.121ms
[2024-07-25T19:05:19.677+0800][88.047s][gc,phases   ] GC(4707) Concurrent Select Relocation Set 2.577ms
[2024-07-25T19:05:19.678+0800][88.047s][gc,phases   ] GC(4707) Pause Relocate Start 0.009ms
[2024-07-25T19:05:19.678+0800][88.047s][gc,phases   ] GC(4707) Concurrent Relocate 0.103ms
[2024-07-25T19:05:19.678+0800][88.047s][gc,load     ] GC(4707) Load: 0.00/0.00/0.00
[2024-07-25T19:05:19.678+0800][88.047s][gc,mmu      ] GC(4707) MMU: 2ms/88.2%, 5ms/95.3%, 10ms/97.6%, 20ms/98.8%, 50ms/99.4%, 100ms/99.6%
[2024-07-25T19:05:19.678+0800][88.047s][gc,marking  ] GC(4707) Mark: 1 stripe(s), 1 proactive flush(es), 1 terminate flush(es), 0 completion(s), 0 continuation(s) 
[2024-07-25T19:05:19.678+0800][88.047s][gc,marking  ] GC(4707) Mark Stack Usage: 32M
[2024-07-25T19:05:19.678+0800][88.047s][gc,nmethod  ] GC(4707) NMethods: 535 registered, 0 unregistered
[2024-07-25T19:05:19.678+0800][88.047s][gc,metaspace] GC(4707) Metaspace: 1M used, 1M committed, 1088M reserved
[2024-07-25T19:05:19.678+0800][88.047s][gc,ref      ] GC(4707) Soft: 46 encountered, 25 discovered, 0 enqueued
[2024-07-25T19:05:19.678+0800][88.047s][gc,ref      ] GC(4707) Weak: 131 encountered, 107 discovered, 0 enqueued
[2024-07-25T19:05:19.678+0800][88.047s][gc,ref      ] GC(4707) Final: 0 encountered, 0 discovered, 0 enqueued
[2024-07-25T19:05:19.678+0800][88.048s][gc,ref      ] GC(4707) Phantom: 184 encountered, 98 discovered, 0 enqueued
[2024-07-25T19:05:19.678+0800][88.048s][gc,reloc    ] GC(4707) Small Pages: 4 / 8M, Empty: 2M, Relocated: 0M, In-Place: 0
[2024-07-25T19:05:19.678+0800][88.048s][gc,reloc    ] GC(4707) Large Pages: 4 / 8M, Empty: 4M, Relocated: 0M, In-Place: 0
[2024-07-25T19:05:19.678+0800][88.048s][gc,reloc    ] GC(4707) Forwarding Usage: 0M
[2024-07-25T19:05:19.678+0800][88.048s][gc,heap     ] GC(4707) Min Capacity: 8M(50%)
[2024-07-25T19:05:19.678+0800][88.048s][gc,heap     ] GC(4707) Max Capacity: 16M(100%)
[2024-07-25T19:05:19.678+0800][88.048s][gc,heap     ] GC(4707) Soft Max Capacity: 16M(100%)
[2024-07-25T19:05:19.678+0800][88.048s][gc,heap     ] GC(4707)                Mark Start          Mark End        Relocate Start      Relocate End           High               Low         
[2024-07-25T19:05:19.678+0800][88.048s][gc,heap     ] GC(4707)  Capacity:       16M (100%)         16M (100%)         16M (100%)         16M (100%)         16M (100%)         16M (100%)   
[2024-07-25T19:05:19.678+0800][88.048s][gc,heap     ] GC(4707)      Free:        0M (0%)            0M (0%)            2M (12%)           2M (12%)           6M (38%)           0M (0%)     
[2024-07-25T19:05:19.678+0800][88.048s][gc,heap     ] GC(4707)      Used:       16M (100%)         16M (100%)         14M (88%)          14M (88%)          16M (100%)         10M (62%)    
[2024-07-25T19:05:19.678+0800][88.048s][gc,heap     ] GC(4707)      Live:         -                 8M (54%)           8M (54%)           8M (54%)            -                  -          
[2024-07-25T19:05:19.678+0800][88.048s][gc,heap     ] GC(4707) Allocated:         -                 0M (0%)            4M (25%)           4M (25%)            -                  -          
[2024-07-25T19:05:19.678+0800][88.048s][gc,heap     ] GC(4707)   Garbage:         -                 7M (46%)           1M (8%)            1M (8%)             -                  -          
[2024-07-25T19:05:19.678+0800][88.048s][gc,heap     ] GC(4707) Reclaimed:         -                  -                 6M (38%)           6M (38%)            -                  -          
[2024-07-25T19:05:19.679+0800][88.048s][gc          ] GC(4707) Garbage Collection (Allocation Stall) 16M(100%)->14M(88%)
[2024-07-25T19:05:19.682+0800][88.051s][gc,start    ] GC(4708) Garbage Collection (Allocation Stall)
[2024-07-25T19:05:19.682+0800][88.051s][gc,ref      ] GC(4708) Clearing All SoftReferences
[2024-07-25T19:05:19.682+0800][88.052s][gc,task     ] GC(4708) Using 1 workers
[2024-07-25T19:05:19.682+0800][88.052s][gc,phases   ] GC(4708) Pause Mark Start 0.011ms
[2024-07-25T19:05:19.690+0800][88.059s][gc,phases   ] GC(4708) Concurrent Mark 7.665ms
[2024-07-25T19:05:19.690+0800][88.060s][gc,phases   ] GC(4708) Pause Mark End 0.014ms
[2024-07-25T19:05:19.690+0800][88.060s][gc,phases   ] GC(4708) Concurrent Mark Free 0.002ms
[2024-07-25T19:05:19.693+0800][88.062s][gc,phases   ] GC(4708) Concurrent Process Non-Strong References 2.317ms
[2024-07-25T19:05:19.693+0800][88.062s][gc,phases   ] GC(4708) Concurrent Reset Relocation Set 0.001ms
[2024-07-25T19:05:19.696+0800][88.066s][gc          ] Allocation Stall (main) 14.441ms
[2024-07-25T19:05:19.697+0800][88.066s][gc,phases   ] GC(4708) Concurrent Select Relocation Set 3.465ms
[2024-07-25T19:05:19.697+0800][88.066s][gc,phases   ] GC(4708) Pause Relocate Start 0.009ms
[2024-07-25T19:05:19.697+0800][88.066s][gc,phases   ] GC(4708) Concurrent Relocate 0.170ms
[2024-07-25T19:05:19.697+0800][88.067s][gc,load     ] GC(4708) Load: 0.00/0.00/0.00
[2024-07-25T19:05:19.697+0800][88.067s][gc,mmu      ] GC(4708) MMU: 2ms/88.2%, 5ms/95.3%, 10ms/97.6%, 20ms/98.8%, 50ms/99.4%, 100ms/99.6%
[2024-07-25T19:05:19.697+0800][88.067s][gc,marking  ] GC(4708) Mark: 1 stripe(s), 1 proactive flush(es), 1 terminate flush(es), 0 completion(s), 0 continuation(s) 
[2024-07-25T19:05:19.697+0800][88.067s][gc,marking  ] GC(4708) Mark Stack Usage: 32M
[2024-07-25T19:05:19.697+0800][88.067s][gc,nmethod  ] GC(4708) NMethods: 535 registered, 0 unregistered
[2024-07-25T19:05:19.697+0800][88.067s][gc,metaspace] GC(4708) Metaspace: 1M used, 1M committed, 1088M reserved
[2024-07-25T19:05:19.697+0800][88.067s][gc,ref      ] GC(4708) Soft: 46 encountered, 25 discovered, 0 enqueued
[2024-07-25T19:05:19.697+0800][88.067s][gc,ref      ] GC(4708) Weak: 131 encountered, 107 discovered, 0 enqueued
[2024-07-25T19:05:19.697+0800][88.067s][gc,ref      ] GC(4708) Final: 0 encountered, 0 discovered, 0 enqueued
[2024-07-25T19:05:19.697+0800][88.067s][gc,ref      ] GC(4708) Phantom: 184 encountered, 98 discovered, 0 enqueued
[2024-07-25T19:05:19.697+0800][88.067s][gc,reloc    ] GC(4708) Small Pages: 4 / 8M, Empty: 2M, Relocated: 0M, In-Place: 0
[2024-07-25T19:05:19.697+0800][88.067s][gc,reloc    ] GC(4708) Large Pages: 4 / 8M, Empty: 4M, Relocated: 0M, In-Place: 0
[2024-07-25T19:05:19.697+0800][88.067s][gc,reloc    ] GC(4708) Forwarding Usage: 0M
[2024-07-25T19:05:19.697+0800][88.067s][gc,heap     ] GC(4708) Min Capacity: 8M(50%)
[2024-07-25T19:05:19.698+0800][88.067s][gc,heap     ] GC(4708) Max Capacity: 16M(100%)
[2024-07-25T19:05:19.698+0800][88.067s][gc,heap     ] GC(4708) Soft Max Capacity: 16M(100%)
[2024-07-25T19:05:19.698+0800][88.067s][gc,heap     ] GC(4708)                Mark Start          Mark End        Relocate Start      Relocate End           High               Low         
[2024-07-25T19:05:19.698+0800][88.067s][gc,heap     ] GC(4708)  Capacity:       16M (100%)         16M (100%)         16M (100%)         16M (100%)         16M (100%)         16M (100%)   
[2024-07-25T19:05:19.698+0800][88.067s][gc,heap     ] GC(4708)      Free:        0M (0%)            0M (0%)            2M (12%)           2M (12%)           6M (38%)           0M (0%)     
[2024-07-25T19:05:19.698+0800][88.067s][gc,heap     ] GC(4708)      Used:       16M (100%)         16M (100%)         14M (88%)          14M (88%)          16M (100%)         10M (62%)    
[2024-07-25T19:05:19.698+0800][88.067s][gc,heap     ] GC(4708)      Live:         -                 8M (54%)           8M (54%)           8M (54%)            -                  -          
[2024-07-25T19:05:19.698+0800][88.067s][gc,heap     ] GC(4708) Allocated:         -                 0M (0%)            4M (25%)           4M (25%)            -                  -          
[2024-07-25T19:05:19.698+0800][88.067s][gc,heap     ] GC(4708)   Garbage:         -                 7M (46%)           1M (8%)            1M (8%)             -                  -          
[2024-07-25T19:05:19.698+0800][88.067s][gc,heap     ] GC(4708) Reclaimed:         -                  -                 6M (38%)           6M (38%)            -                  -          
[2024-07-25T19:05:19.698+0800][88.067s][gc          ] GC(4708) Garbage Collection (Allocation Stall) 16M(100%)->14M(88%)
[2024-07-25T19:05:19.702+0800][88.071s][gc,start    ] GC(4709) Garbage Collection (Allocation Stall)
[2024-07-25T19:05:19.702+0800][88.072s][gc,ref      ] GC(4709) Clearing All SoftReferences
[2024-07-25T19:05:19.702+0800][88.072s][gc,task     ] GC(4709) Using 1 workers
[2024-07-25T19:05:19.702+0800][88.072s][gc,phases   ] GC(4709) Pause Mark Start 0.011ms
[2024-07-25T19:05:19.711+0800][88.080s][gc,phases   ] GC(4709) Concurrent Mark 8.309ms
[2024-07-25T19:05:19.711+0800][88.080s][gc,phases   ] GC(4709) Pause Mark End 0.014ms
[2024-07-25T19:05:19.711+0800][88.080s][gc,phases   ] GC(4709) Concurrent Mark Free 0.001ms
[2024-07-25T19:05:19.714+0800][88.083s][gc,phases   ] GC(4709) Concurrent Process Non-Strong References 2.328ms
[2024-07-25T19:05:19.714+0800][88.083s][gc,phases   ] GC(4709) Concurrent Reset Relocation Set 0.001ms
[2024-07-25T19:05:19.718+0800][88.087s][gc          ] Allocation Stall (main) 15.251ms
[2024-07-25T19:05:19.718+0800][88.087s][gc,phases   ] GC(4709) Concurrent Select Relocation Set 3.775ms
[2024-07-25T19:05:19.718+0800][88.087s][gc,phases   ] GC(4709) Pause Relocate Start 0.010ms
[2024-07-25T19:05:19.718+0800][88.087s][gc,phases   ] GC(4709) Concurrent Relocate 0.112ms
[2024-07-25T19:05:19.718+0800][88.087s][gc,load     ] GC(4709) Load: 0.00/0.00/0.00
[2024-07-25T19:05:19.718+0800][88.087s][gc,mmu      ] GC(4709) MMU: 2ms/88.2%, 5ms/95.3%, 10ms/97.6%, 20ms/98.8%, 50ms/99.4%, 100ms/99.6%
[2024-07-25T19:05:19.718+0800][88.087s][gc,marking  ] GC(4709) Mark: 1 stripe(s), 1 proactive flush(es), 1 terminate flush(es), 0 completion(s), 0 continuation(s) 
[2024-07-25T19:05:19.719+0800][88.088s][gc,marking  ] GC(4709) Mark Stack Usage: 32M
[2024-07-25T19:05:19.719+0800][88.088s][gc,nmethod  ] GC(4709) NMethods: 535 registered, 0 unregistered
[2024-07-25T19:05:19.719+0800][88.088s][gc,metaspace] GC(4709) Metaspace: 1M used, 1M committed, 1088M reserved
[2024-07-25T19:05:19.719+0800][88.088s][gc,ref      ] GC(4709) Soft: 46 encountered, 25 discovered, 0 enqueued
[2024-07-25T19:05:19.719+0800][88.088s][gc,ref      ] GC(4709) Weak: 131 encountered, 107 discovered, 0 enqueued
[2024-07-25T19:05:19.719+0800][88.088s][gc,ref      ] GC(4709) Final: 0 encountered, 0 discovered, 0 enqueued
[2024-07-25T19:05:19.719+0800][88.088s][gc,ref      ] GC(4709) Phantom: 184 encountered, 98 discovered, 0 enqueued
[2024-07-25T19:05:19.719+0800][88.088s][gc,reloc    ] GC(4709) Small Pages: 4 / 8M, Empty: 2M, Relocated: 0M, In-Place: 0
[2024-07-25T19:05:19.719+0800][88.088s][gc,reloc    ] GC(4709) Large Pages: 4 / 8M, Empty: 4M, Relocated: 0M, In-Place: 0
[2024-07-25T19:05:19.719+0800][88.088s][gc,reloc    ] GC(4709) Forwarding Usage: 0M
[2024-07-25T19:05:19.719+0800][88.088s][gc,heap     ] GC(4709) Min Capacity: 8M(50%)
[2024-07-25T19:05:19.719+0800][88.088s][gc,heap     ] GC(4709) Max Capacity: 16M(100%)
[2024-07-25T19:05:19.719+0800][88.088s][gc,heap     ] GC(4709) Soft Max Capacity: 16M(100%)
[2024-07-25T19:05:19.719+0800][88.088s][gc,heap     ] GC(4709)                Mark Start          Mark End        Relocate Start      Relocate End           High               Low         
[2024-07-25T19:05:19.719+0800][88.088s][gc,heap     ] GC(4709)  Capacity:       16M (100%)         16M (100%)         16M (100%)         16M (100%)         16M (100%)         16M (100%)   
[2024-07-25T19:05:19.719+0800][88.088s][gc,heap     ] GC(4709)      Free:        0M (0%)            0M (0%)            2M (12%)           2M (12%)           6M (38%)           0M (0%)     
[2024-07-25T19:05:19.719+0800][88.088s][gc,heap     ] GC(4709)      Used:       16M (100%)         16M (100%)         14M (88%)          14M (88%)          16M (100%)         10M (62%)    
[2024-07-25T19:05:19.719+0800][88.088s][gc,heap     ] GC(4709)      Live:         -                 8M (54%)           8M (54%)           8M (54%)            -                  -          
[2024-07-25T19:05:19.719+0800][88.088s][gc,heap     ] GC(4709) Allocated:         -                 0M (0%)            4M (25%)           4M (25%)            -                  -          
[2024-07-25T19:05:19.719+0800][88.088s][gc,heap     ] GC(4709)   Garbage:         -                 7M (46%)           1M (8%)            1M (8%)             -                  -          
[2024-07-25T19:05:19.719+0800][88.088s][gc,heap     ] GC(4709) Reclaimed:         -                  -                 6M (38%)           6M (38%)            -                  -          
[2024-07-25T19:05:19.719+0800][88.088s][gc          ] GC(4709) Garbage Collection (Allocation Stall) 16M(100%)->14M(88%)
[2024-07-25T19:05:19.723+0800][88.092s][gc,start    ] GC(4710) Garbage Collection (Allocation Stall)
[2024-07-25T19:05:19.723+0800][88.092s][gc,ref      ] GC(4710) Clearing All SoftReferences
[2024-07-25T19:05:19.723+0800][88.092s][gc,task     ] GC(4710) Using 1 workers
[2024-07-25T19:05:19.723+0800][88.092s][gc,phases   ] GC(4710) Pause Mark Start 0.010ms
[2024-07-25T19:05:19.731+0800][88.100s][gc,phases   ] GC(4710) Concurrent Mark 7.825ms
[2024-07-25T19:05:19.731+0800][88.100s][gc,phases   ] GC(4710) Pause Mark End 0.014ms
[2024-07-25T19:05:19.731+0800][88.100s][gc,phases   ] GC(4710) Concurrent Mark Free 0.001ms
[2024-07-25T19:05:19.734+0800][88.103s][gc,phases   ] GC(4710) Concurrent Process Non-Strong References 2.288ms
[2024-07-25T19:05:19.734+0800][88.103s][gc,phases   ] GC(4710) Concurrent Reset Relocation Set 0.001ms
[2024-07-25T19:05:19.737+0800][88.107s][gc          ] Allocation Stall (main) 15.057ms
[2024-07-25T19:05:19.737+0800][88.107s][gc,phases   ] GC(4710) Concurrent Select Relocation Set 3.811ms
[2024-07-25T19:05:19.737+0800][88.107s][gc,phases   ] GC(4710) Pause Relocate Start 0.010ms
[2024-07-25T19:05:19.738+0800][88.107s][gc,phases   ] GC(4710) Concurrent Relocate 0.051ms
[2024-07-25T19:05:19.738+0800][88.107s][gc,load     ] GC(4710) Load: 0.00/0.00/0.00
[2024-07-25T19:05:19.738+0800][88.107s][gc,mmu      ] GC(4710) MMU: 2ms/88.2%, 5ms/95.3%, 10ms/97.6%, 20ms/98.8%, 50ms/99.4%, 100ms/99.6%
[2024-07-25T19:05:19.738+0800][88.107s][gc,marking  ] GC(4710) Mark: 1 stripe(s), 1 proactive flush(es), 1 terminate flush(es), 0 completion(s), 0 continuation(s) 
[2024-07-25T19:05:19.738+0800][88.108s][gc,marking  ] GC(4710) Mark Stack Usage: 32M
[2024-07-25T19:05:19.738+0800][88.108s][gc,nmethod  ] GC(4710) NMethods: 535 registered, 0 unregistered
[2024-07-25T19:05:19.738+0800][88.108s][gc,metaspace] GC(4710) Metaspace: 1M used, 1M committed, 1088M reserved
[2024-07-25T19:05:19.738+0800][88.108s][gc,ref      ] GC(4710) Soft: 46 encountered, 25 discovered, 0 enqueued
[2024-07-25T19:05:19.738+0800][88.108s][gc,ref      ] GC(4710) Weak: 131 encountered, 107 discovered, 0 enqueued
[2024-07-25T19:05:19.738+0800][88.108s][gc,ref      ] GC(4710) Final: 0 encountered, 0 discovered, 0 enqueued
[2024-07-25T19:05:19.738+0800][88.108s][gc,ref      ] GC(4710) Phantom: 184 encountered, 98 discovered, 0 enqueued
[2024-07-25T19:05:19.738+0800][88.108s][gc,reloc    ] GC(4710) Small Pages: 4 / 8M, Empty: 2M, Relocated: 0M, In-Place: 0
[2024-07-25T19:05:19.738+0800][88.108s][gc,reloc    ] GC(4710) Large Pages: 4 / 8M, Empty: 4M, Relocated: 0M, In-Place: 0
[2024-07-25T19:05:19.738+0800][88.108s][gc,reloc    ] GC(4710) Forwarding Usage: 0M
[2024-07-25T19:05:19.738+0800][88.108s][gc,heap     ] GC(4710) Min Capacity: 8M(50%)
[2024-07-25T19:05:19.738+0800][88.108s][gc,heap     ] GC(4710) Max Capacity: 16M(100%)
[2024-07-25T19:05:19.738+0800][88.108s][gc,heap     ] GC(4710) Soft Max Capacity: 16M(100%)
[2024-07-25T19:05:19.738+0800][88.108s][gc,heap     ] GC(4710)                Mark Start          Mark End        Relocate Start      Relocate End           High               Low         
[2024-07-25T19:05:19.738+0800][88.108s][gc,heap     ] GC(4710)  Capacity:       16M (100%)         16M (100%)         16M (100%)         16M (100%)         16M (100%)         16M (100%)   
[2024-07-25T19:05:19.738+0800][88.108s][gc,heap     ] GC(4710)      Free:        0M (0%)            0M (0%)            2M (12%)           2M (12%)           6M (38%)           0M (0%)     
[2024-07-25T19:05:19.738+0800][88.108s][gc,heap     ] GC(4710)      Used:       16M (100%)         16M (100%)         14M (88%)          14M (88%)          16M (100%)         10M (62%)    
[2024-07-25T19:05:19.738+0800][88.108s][gc,heap     ] GC(4710)      Live:         -                 8M (54%)           8M (54%)           8M (54%)            -                  -          
[2024-07-25T19:05:19.738+0800][88.108s][gc,heap     ] GC(4710) Allocated:         -                 0M (0%)            4M (25%)           4M (25%)            -                  -          
[2024-07-25T19:05:19.738+0800][88.108s][gc,heap     ] GC(4710)   Garbage:         -                 7M (46%)           1M (8%)            1M (8%)             -                  -          
[2024-07-25T19:05:19.738+0800][88.108s][gc,heap     ] GC(4710) Reclaimed:         -                  -                 6M (38%)           6M (38%)            -                  -          
[2024-07-25T19:05:19.739+0800][88.108s][gc          ] GC(4710) Garbage Collection (Allocation Stall) 16M(100%)->14M(88%)
[2024-07-25T19:05:19.742+0800][88.112s][gc,start    ] GC(4711) Garbage Collection (Allocation Stall)
[2024-07-25T19:05:19.742+0800][88.112s][gc,ref      ] GC(4711) Clearing All SoftReferences
[2024-07-25T19:05:19.742+0800][88.112s][gc,task     ] GC(4711) Using 1 workers
[2024-07-25T19:05:19.743+0800][88.112s][gc,phases   ] GC(4711) Pause Mark Start 0.011ms
[2024-07-25T19:05:19.750+0800][88.120s][gc,phases   ] GC(4711) Concurrent Mark 7.992ms
[2024-07-25T19:05:19.751+0800][88.120s][gc,phases   ] GC(4711) Pause Mark End 0.015ms
[2024-07-25T19:05:19.751+0800][88.120s][gc,phases   ] GC(4711) Concurrent Mark Free 0.002ms
[2024-07-25T19:05:19.753+0800][88.123s][gc,phases   ] GC(4711) Concurrent Process Non-Strong References 2.397ms
[2024-07-25T19:05:19.753+0800][88.123s][gc,phases   ] GC(4711) Concurrent Reset Relocation Set 0.001ms
[2024-07-25T19:05:19.757+0800][88.126s][gc          ] Allocation Stall (main) 14.225ms
[2024-07-25T19:05:19.757+0800][88.126s][gc,phases   ] GC(4711) Concurrent Select Relocation Set 2.717ms
[2024-07-25T19:05:19.757+0800][88.126s][gc,phases   ] GC(4711) Pause Relocate Start 0.011ms
[2024-07-25T19:05:19.757+0800][88.126s][gc,phases   ] GC(4711) Concurrent Relocate 0.049ms
[2024-07-25T19:05:19.757+0800][88.126s][gc,load     ] GC(4711) Load: 0.00/0.00/0.00
[2024-07-25T19:05:19.757+0800][88.126s][gc,mmu      ] GC(4711) MMU: 2ms/88.2%, 5ms/95.3%, 10ms/97.6%, 20ms/98.8%, 50ms/99.4%, 100ms/99.6%
[2024-07-25T19:05:19.757+0800][88.126s][gc,marking  ] GC(4711) Mark: 1 stripe(s), 1 proactive flush(es), 1 terminate flush(es), 0 completion(s), 0 continuation(s) 
[2024-07-25T19:05:19.757+0800][88.126s][gc,marking  ] GC(4711) Mark Stack Usage: 32M
[2024-07-25T19:05:19.757+0800][88.126s][gc,nmethod  ] GC(4711) NMethods: 535 registered, 0 unregistered
[2024-07-25T19:05:19.757+0800][88.126s][gc,metaspace] GC(4711) Metaspace: 1M used, 1M committed, 1088M reserved
[2024-07-25T19:05:19.757+0800][88.126s][gc,ref      ] GC(4711) Soft: 46 encountered, 25 discovered, 0 enqueued
[2024-07-25T19:05:19.757+0800][88.127s][gc,ref      ] GC(4711) Weak: 131 encountered, 107 discovered, 0 enqueued
[2024-07-25T19:05:19.757+0800][88.127s][gc,ref      ] GC(4711) Final: 0 encountered, 0 discovered, 0 enqueued
[2024-07-25T19:05:19.757+0800][88.127s][gc,ref      ] GC(4711) Phantom: 184 encountered, 98 discovered, 0 enqueued
[2024-07-25T19:05:19.757+0800][88.127s][gc,reloc    ] GC(4711) Small Pages: 4 / 8M, Empty: 2M, Relocated: 0M, In-Place: 0
[2024-07-25T19:05:19.757+0800][88.127s][gc,reloc    ] GC(4711) Large Pages: 4 / 8M, Empty: 4M, Relocated: 0M, In-Place: 0
[2024-07-25T19:05:19.757+0800][88.127s][gc,reloc    ] GC(4711) Forwarding Usage: 0M
[2024-07-25T19:05:19.757+0800][88.127s][gc,heap     ] GC(4711) Min Capacity: 8M(50%)
[2024-07-25T19:05:19.757+0800][88.127s][gc,heap     ] GC(4711) Max Capacity: 16M(100%)
[2024-07-25T19:05:19.757+0800][88.127s][gc,heap     ] GC(4711) Soft Max Capacity: 16M(100%)
[2024-07-25T19:05:19.757+0800][88.127s][gc,heap     ] GC(4711)                Mark Start          Mark End        Relocate Start      Relocate End           High               Low         
[2024-07-25T19:05:19.757+0800][88.127s][gc,heap     ] GC(4711)  Capacity:       16M (100%)         16M (100%)         16M (100%)         16M (100%)         16M (100%)         16M (100%)   
[2024-07-25T19:05:19.757+0800][88.127s][gc,heap     ] GC(4711)      Free:        0M (0%)            0M (0%)            4M (25%)           4M (25%)           6M (38%)           0M (0%)     
[2024-07-25T19:05:19.757+0800][88.127s][gc,heap     ] GC(4711)      Used:       16M (100%)         16M (100%)         12M (75%)          12M (75%)          16M (100%)         10M (62%)    
[2024-07-25T19:05:19.757+0800][88.127s][gc,heap     ] GC(4711)      Live:         -                 8M (54%)           8M (54%)           8M (54%)            -                  -          
[2024-07-25T19:05:19.757+0800][88.127s][gc,heap     ] GC(4711) Allocated:         -                 0M (0%)            2M (12%)           2M (12%)            -                  -          
[2024-07-25T19:05:19.757+0800][88.127s][gc,heap     ] GC(4711)   Garbage:         -                 7M (46%)           1M (8%)            1M (8%)             -                  -          
[2024-07-25T19:05:19.757+0800][88.127s][gc,heap     ] GC(4711) Reclaimed:         -                  -                 6M (38%)           6M (38%)            -                  -          
[2024-07-25T19:05:19.757+0800][88.127s][gc          ] GC(4711) Garbage Collection (Allocation Stall) 16M(100%)->12M(75%)
[2024-07-25T19:05:19.761+0800][88.130s][gc,start    ] GC(4712) Garbage Collection (Allocation Stall)
[2024-07-25T19:05:19.761+0800][88.130s][gc,ref      ] GC(4712) Clearing All SoftReferences
[2024-07-25T19:05:19.761+0800][88.130s][gc,task     ] GC(4712) Using 1 workers
[2024-07-25T19:05:19.761+0800][88.130s][gc,phases   ] GC(4712) Pause Mark Start 0.007ms
[2024-07-25T19:05:19.768+0800][88.137s][gc,phases   ] GC(4712) Concurrent Mark 6.543ms
[2024-07-25T19:05:19.768+0800][88.137s][gc,phases   ] GC(4712) Pause Mark End 0.011ms
[2024-07-25T19:05:19.768+0800][88.137s][gc,phases   ] GC(4712) Concurrent Mark Free 0.001ms
[2024-07-25T19:05:19.770+0800][88.139s][gc,phases   ] GC(4712) Concurrent Process Non-Strong References 1.675ms
[2024-07-25T19:05:19.770+0800][88.139s][gc,phases   ] GC(4712) Concurrent Reset Relocation Set 0.001ms
[2024-07-25T19:05:19.772+0800][88.142s][gc          ] Allocation Stall (main) 11.723ms
[2024-07-25T19:05:19.772+0800][88.142s][gc,phases   ] GC(4712) Concurrent Select Relocation Set 2.725ms
[2024-07-25T19:05:19.773+0800][88.142s][gc,phases   ] GC(4712) Pause Relocate Start 0.011ms
[2024-07-25T19:05:19.773+0800][88.142s][gc,phases   ] GC(4712) Concurrent Relocate 0.042ms
[2024-07-25T19:05:19.773+0800][88.142s][gc,load     ] GC(4712) Load: 0.00/0.00/0.00
[2024-07-25T19:05:19.773+0800][88.142s][gc,mmu      ] GC(4712) MMU: 2ms/88.2%, 5ms/95.3%, 10ms/97.6%, 20ms/98.8%, 50ms/99.4%, 100ms/99.6%
[2024-07-25T19:05:19.773+0800][88.142s][gc,marking  ] GC(4712) Mark: 1 stripe(s), 1 proactive flush(es), 1 terminate flush(es), 0 completion(s), 0 continuation(s) 
[2024-07-25T19:05:19.773+0800][88.142s][gc,marking  ] GC(4712) Mark Stack Usage: 32M
[2024-07-25T19:05:19.773+0800][88.142s][gc,nmethod  ] GC(4712) NMethods: 535 registered, 0 unregistered
[2024-07-25T19:05:19.773+0800][88.143s][gc,metaspace] GC(4712) Metaspace: 1M used, 1M committed, 1088M reserved
[2024-07-25T19:05:19.773+0800][88.143s][gc,ref      ] GC(4712) Soft: 46 encountered, 25 discovered, 0 enqueued
[2024-07-25T19:05:19.773+0800][88.143s][gc,ref      ] GC(4712) Weak: 131 encountered, 107 discovered, 0 enqueued
[2024-07-25T19:05:19.773+0800][88.143s][gc,ref      ] GC(4712) Final: 0 encountered, 0 discovered, 0 enqueued
[2024-07-25T19:05:19.773+0800][88.143s][gc,ref      ] GC(4712) Phantom: 184 encountered, 98 discovered, 0 enqueued
[2024-07-25T19:05:19.773+0800][88.143s][gc,reloc    ] GC(4712) Small Pages: 4 / 8M, Empty: 2M, Relocated: 0M, In-Place: 0
[2024-07-25T19:05:19.773+0800][88.143s][gc,reloc    ] GC(4712) Large Pages: 4 / 8M, Empty: 4M, Relocated: 0M, In-Place: 0
[2024-07-25T19:05:19.773+0800][88.143s][gc,reloc    ] GC(4712) Forwarding Usage: 0M
[2024-07-25T19:05:19.773+0800][88.143s][gc,heap     ] GC(4712) Min Capacity: 8M(50%)
[2024-07-25T19:05:19.773+0800][88.143s][gc,heap     ] GC(4712) Max Capacity: 16M(100%)
[2024-07-25T19:05:19.774+0800][88.143s][gc,heap     ] GC(4712) Soft Max Capacity: 16M(100%)
[2024-07-25T19:05:19.774+0800][88.143s][gc,heap     ] GC(4712)                Mark Start          Mark End        Relocate Start      Relocate End           High               Low         
[2024-07-25T19:05:19.774+0800][88.143s][gc,heap     ] GC(4712)  Capacity:       16M (100%)         16M (100%)         16M (100%)         16M (100%)         16M (100%)         16M (100%)   
[2024-07-25T19:05:19.774+0800][88.143s][gc,heap     ] GC(4712)      Free:        0M (0%)            0M (0%)            4M (25%)           4M (25%)           6M (38%)           0M (0%)     
[2024-07-25T19:05:19.774+0800][88.143s][gc,heap     ] GC(4712)      Used:       16M (100%)         16M (100%)         12M (75%)          12M (75%)          16M (100%)         10M (62%)    
[2024-07-25T19:05:19.774+0800][88.143s][gc,heap     ] GC(4712)      Live:         -                 8M (54%)           8M (54%)           8M (54%)            -                  -          
[2024-07-25T19:05:19.774+0800][88.143s][gc,heap     ] GC(4712) Allocated:         -                 0M (0%)            2M (12%)           2M (12%)            -                  -          
[2024-07-25T19:05:19.774+0800][88.143s][gc,heap     ] GC(4712)   Garbage:         -                 7M (46%)           1M (8%)            1M (8%)             -                  -          
[2024-07-25T19:05:19.774+0800][88.143s][gc,heap     ] GC(4712) Reclaimed:         -                  -                 6M (38%)           6M (38%)            -                  -          
[2024-07-25T19:05:19.774+0800][88.143s][gc          ] GC(4712) Garbage Collection (Allocation Stall) 16M(100%)->12M(75%)
[2024-07-25T19:05:19.778+0800][88.147s][gc,start    ] GC(4713) Garbage Collection (Allocation Stall)
[2024-07-25T19:05:19.778+0800][88.147s][gc,ref      ] GC(4713) Clearing All SoftReferences
[2024-07-25T19:05:19.778+0800][88.147s][gc,task     ] GC(4713) Using 1 workers
[2024-07-25T19:05:19.778+0800][88.148s][gc,phases   ] GC(4713) Pause Mark Start 0.010ms
[2024-07-25T19:05:19.784+0800][88.154s][gc,phases   ] GC(4713) Concurrent Mark 6.176ms
[2024-07-25T19:05:19.785+0800][88.154s][gc,phases   ] GC(4713) Pause Mark End 0.012ms
[2024-07-25T19:05:19.785+0800][88.154s][gc,phases   ] GC(4713) Concurrent Mark Free 0.001ms
[2024-07-25T19:05:19.787+0800][88.156s][gc,phases   ] GC(4713) Concurrent Process Non-Strong References 1.941ms
[2024-07-25T19:05:19.787+0800][88.156s][gc,phases   ] GC(4713) Concurrent Reset Relocation Set 0.001ms
[2024-07-25T19:05:19.789+0800][88.159s][gc          ] Allocation Stall (main) 11.550ms
[2024-07-25T19:05:19.789+0800][88.159s][gc,phases   ] GC(4713) Concurrent Select Relocation Set 2.509ms
[2024-07-25T19:05:19.790+0800][88.159s][gc,phases   ] GC(4713) Pause Relocate Start 0.033ms
[2024-07-25T19:05:19.790+0800][88.159s][gc,phases   ] GC(4713) Concurrent Relocate 0.034ms
[2024-07-25T19:05:19.790+0800][88.159s][gc,load     ] GC(4713) Load: 0.00/0.00/0.00
[2024-07-25T19:05:19.790+0800][88.159s][gc,mmu      ] GC(4713) MMU: 2ms/88.2%, 5ms/95.3%, 10ms/97.6%, 20ms/98.8%, 50ms/99.4%, 100ms/99.6%
[2024-07-25T19:05:19.790+0800][88.159s][gc,marking  ] GC(4713) Mark: 1 stripe(s), 1 proactive flush(es), 1 terminate flush(es), 0 completion(s), 0 continuation(s) 
[2024-07-25T19:05:19.790+0800][88.159s][gc,marking  ] GC(4713) Mark Stack Usage: 32M
[2024-07-25T19:05:19.790+0800][88.159s][gc,nmethod  ] GC(4713) NMethods: 535 registered, 0 unregistered
[2024-07-25T19:05:19.790+0800][88.159s][gc,metaspace] GC(4713) Metaspace: 1M used, 1M committed, 1088M reserved
[2024-07-25T19:05:19.790+0800][88.159s][gc,ref      ] GC(4713) Soft: 46 encountered, 25 discovered, 0 enqueued
[2024-07-25T19:05:19.790+0800][88.159s][gc,ref      ] GC(4713) Weak: 131 encountered, 107 discovered, 0 enqueued
[2024-07-25T19:05:19.790+0800][88.159s][gc,ref      ] GC(4713) Final: 0 encountered, 0 discovered, 0 enqueued
[2024-07-25T19:05:19.790+0800][88.159s][gc,ref      ] GC(4713) Phantom: 184 encountered, 98 discovered, 0 enqueued
[2024-07-25T19:05:19.790+0800][88.159s][gc,reloc    ] GC(4713) Small Pages: 4 / 8M, Empty: 2M, Relocated: 0M, In-Place: 0
[2024-07-25T19:05:19.790+0800][88.159s][gc,reloc    ] GC(4713) Large Pages: 4 / 8M, Empty: 4M, Relocated: 0M, In-Place: 0
[2024-07-25T19:05:19.790+0800][88.160s][gc,reloc    ] GC(4713) Forwarding Usage: 0M
[2024-07-25T19:05:19.790+0800][88.160s][gc,heap     ] GC(4713) Min Capacity: 8M(50%)
[2024-07-25T19:05:19.790+0800][88.160s][gc,heap     ] GC(4713) Max Capacity: 16M(100%)
[2024-07-25T19:05:19.790+0800][88.160s][gc,heap     ] GC(4713) Soft Max Capacity: 16M(100%)
[2024-07-25T19:05:19.790+0800][88.160s][gc,heap     ] GC(4713)                Mark Start          Mark End        Relocate Start      Relocate End           High               Low         
[2024-07-25T19:05:19.790+0800][88.160s][gc,heap     ] GC(4713)  Capacity:       16M (100%)         16M (100%)         16M (100%)         16M (100%)         16M (100%)         16M (100%)   
[2024-07-25T19:05:19.790+0800][88.160s][gc,heap     ] GC(4713)      Free:        0M (0%)            0M (0%)            4M (25%)           4M (25%)           6M (38%)           0M (0%)     
[2024-07-25T19:05:19.790+0800][88.160s][gc,heap     ] GC(4713)      Used:       16M (100%)         16M (100%)         12M (75%)          12M (75%)          16M (100%)         10M (62%)    
[2024-07-25T19:05:19.791+0800][88.160s][gc,heap     ] GC(4713)      Live:         -                 8M (54%)           8M (54%)           8M (54%)            -                  -          
[2024-07-25T19:05:19.791+0800][88.160s][gc,heap     ] GC(4713) Allocated:         -                 0M (0%)            2M (12%)           2M (12%)            -                  -          
[2024-07-25T19:05:19.791+0800][88.160s][gc,heap     ] GC(4713)   Garbage:         -                 7M (46%)           1M (8%)            1M (8%)             -                  -          
[2024-07-25T19:05:19.791+0800][88.160s][gc,heap     ] GC(4713) Reclaimed:         -                  -                 6M (38%)           6M (38%)            -                  -          
[2024-07-25T19:05:19.791+0800][88.160s][gc          ] GC(4713) Garbage Collection (Allocation Stall) 16M(100%)->12M(75%)
[2024-07-25T19:05:19.795+0800][88.164s][gc,start    ] GC(4714) Garbage Collection (Allocation Stall)
[2024-07-25T19:05:19.795+0800][88.165s][gc,ref      ] GC(4714) Clearing All SoftReferences
[2024-07-25T19:05:19.795+0800][88.165s][gc,task     ] GC(4714) Using 1 workers
[2024-07-25T19:05:19.795+0800][88.165s][gc,phases   ] GC(4714) Pause Mark Start 0.008ms
[2024-07-25T19:05:19.802+0800][88.171s][gc,phases   ] GC(4714) Concurrent Mark 6.308ms
[2024-07-25T19:05:19.802+0800][88.171s][gc,phases   ] GC(4714) Pause Mark End 0.012ms
[2024-07-25T19:05:19.802+0800][88.171s][gc,phases   ] GC(4714) Concurrent Mark Free 0.001ms
[2024-07-25T19:05:19.804+0800][88.173s][gc,phases   ] GC(4714) Concurrent Process Non-Strong References 1.695ms
[2024-07-25T19:05:19.804+0800][88.173s][gc,phases   ] GC(4714) Concurrent Reset Relocation Set 0.001ms
[2024-07-25T19:05:19.808+0800][88.177s][gc          ] Allocation Stall (main) 12.947ms
[2024-07-25T19:05:19.808+0800][88.177s][gc,phases   ] GC(4714) Concurrent Select Relocation Set 4.226ms
[2024-07-25T19:05:19.809+0800][88.178s][gc,phases   ] GC(4714) Pause Relocate Start 0.011ms
[2024-07-25T19:05:19.809+0800][88.178s][gc,phases   ] GC(4714) Concurrent Relocate 0.101ms
[2024-07-25T19:05:19.809+0800][88.178s][gc,load     ] GC(4714) Load: 0.00/0.00/0.00
[2024-07-25T19:05:19.809+0800][88.178s][gc,mmu      ] GC(4714) MMU: 2ms/88.2%, 5ms/95.3%, 10ms/97.6%, 20ms/98.8%, 50ms/99.4%, 100ms/99.6%
[2024-07-25T19:05:19.809+0800][88.178s][gc,marking  ] GC(4714) Mark: 1 stripe(s), 1 proactive flush(es), 1 terminate flush(es), 0 completion(s), 0 continuation(s) 
[2024-07-25T19:05:19.809+0800][88.178s][gc,marking  ] GC(4714) Mark Stack Usage: 32M
[2024-07-25T19:05:19.809+0800][88.178s][gc,nmethod  ] GC(4714) NMethods: 535 registered, 0 unregistered
[2024-07-25T19:05:19.809+0800][88.178s][gc,metaspace] GC(4714) Metaspace: 1M used, 1M committed, 1088M reserved
[2024-07-25T19:05:19.809+0800][88.178s][gc,ref      ] GC(4714) Soft: 46 encountered, 25 discovered, 0 enqueued
[2024-07-25T19:05:19.809+0800][88.178s][gc,ref      ] GC(4714) Weak: 131 encountered, 107 discovered, 0 enqueued
[2024-07-25T19:05:19.809+0800][88.178s][gc,ref      ] GC(4714) Final: 0 encountered, 0 discovered, 0 enqueued
[2024-07-25T19:05:19.809+0800][88.178s][gc,ref      ] GC(4714) Phantom: 184 encountered, 98 discovered, 0 enqueued
[2024-07-25T19:05:19.809+0800][88.178s][gc,reloc    ] GC(4714) Small Pages: 4 / 8M, Empty: 2M, Relocated: 0M, In-Place: 0
[2024-07-25T19:05:19.809+0800][88.179s][gc,reloc    ] GC(4714) Large Pages: 4 / 8M, Empty: 4M, Relocated: 0M, In-Place: 0
[2024-07-25T19:05:19.809+0800][88.179s][gc,reloc    ] GC(4714) Forwarding Usage: 0M
[2024-07-25T19:05:19.809+0800][88.179s][gc,heap     ] GC(4714) Min Capacity: 8M(50%)
[2024-07-25T19:05:19.809+0800][88.179s][gc,heap     ] GC(4714) Max Capacity: 16M(100%)
[2024-07-25T19:05:19.810+0800][88.179s][gc,heap     ] GC(4714) Soft Max Capacity: 16M(100%)
[2024-07-25T19:05:19.810+0800][88.179s][gc,heap     ] GC(4714)                Mark Start          Mark End        Relocate Start      Relocate End           High               Low         
[2024-07-25T19:05:19.810+0800][88.179s][gc,heap     ] GC(4714)  Capacity:       16M (100%)         16M (100%)         16M (100%)         16M (100%)         16M (100%)         16M (100%)   
[2024-07-25T19:05:19.810+0800][88.179s][gc,heap     ] GC(4714)      Free:        0M (0%)            0M (0%)            4M (25%)           2M (12%)           6M (38%)           0M (0%)     
[2024-07-25T19:05:19.810+0800][88.179s][gc,heap     ] GC(4714)      Used:       16M (100%)         16M (100%)         12M (75%)          14M (88%)          16M (100%)         10M (62%)    
[2024-07-25T19:05:19.810+0800][88.179s][gc,heap     ] GC(4714)      Live:         -                 8M (54%)           8M (54%)           8M (54%)            -                  -          
[2024-07-25T19:05:19.810+0800][88.179s][gc,heap     ] GC(4714) Allocated:         -                 0M (0%)            2M (12%)           4M (25%)            -                  -          
[2024-07-25T19:05:19.810+0800][88.179s][gc,heap     ] GC(4714)   Garbage:         -                 7M (46%)           1M (8%)            1M (8%)             -                  -          
[2024-07-25T19:05:19.810+0800][88.179s][gc,heap     ] GC(4714) Reclaimed:         -                  -                 6M (38%)           6M (38%)            -                  -          
[2024-07-25T19:05:19.810+0800][88.179s][gc          ] GC(4714) Garbage Collection (Allocation Stall) 16M(100%)->14M(88%)
[2024-07-25T19:05:19.814+0800][88.183s][gc,start    ] GC(4715) Garbage Collection (Allocation Stall)
[2024-07-25T19:05:19.814+0800][88.183s][gc,ref      ] GC(4715) Clearing All SoftReferences
[2024-07-25T19:05:19.814+0800][88.183s][gc,task     ] GC(4715) Using 1 workers
[2024-07-25T19:05:19.814+0800][88.183s][gc,phases   ] GC(4715) Pause Mark Start 0.008ms
[2024-07-25T19:05:19.820+0800][88.189s][gc,phases   ] GC(4715) Concurrent Mark 6.352ms
[2024-07-25T19:05:19.821+0800][88.190s][gc,phases   ] GC(4715) Pause Mark End 0.012ms
[2024-07-25T19:05:19.821+0800][88.190s][gc,phases   ] GC(4715) Concurrent Mark Free 0.001ms
[2024-07-25T19:05:19.822+0800][88.192s][gc,phases   ] GC(4715) Concurrent Process Non-Strong References 1.694ms
[2024-07-25T19:05:19.822+0800][88.192s][gc,phases   ] GC(4715) Concurrent Reset Relocation Set 0.001ms
[2024-07-25T19:05:19.826+0800][88.196s][gc          ] Allocation Stall (main) 12.802ms
[2024-07-25T19:05:19.827+0800][88.196s][gc,phases   ] GC(4715) Concurrent Select Relocation Set 3.999ms
[2024-07-25T19:05:19.827+0800][88.196s][gc,phases   ] GC(4715) Pause Relocate Start 0.008ms
[2024-07-25T19:05:19.827+0800][88.196s][gc,phases   ] GC(4715) Concurrent Relocate 0.091ms
[2024-07-25T19:05:19.827+0800][88.196s][gc,load     ] GC(4715) Load: 0.00/0.00/0.00
[2024-07-25T19:05:19.827+0800][88.196s][gc,mmu      ] GC(4715) MMU: 2ms/88.2%, 5ms/95.3%, 10ms/97.6%, 20ms/98.8%, 50ms/99.4%, 100ms/99.6%
[2024-07-25T19:05:19.827+0800][88.196s][gc,marking  ] GC(4715) Mark: 1 stripe(s), 1 proactive flush(es), 1 terminate flush(es), 0 completion(s), 0 continuation(s) 
[2024-07-25T19:05:19.827+0800][88.196s][gc,marking  ] GC(4715) Mark Stack Usage: 32M
[2024-07-25T19:05:19.827+0800][88.196s][gc,nmethod  ] GC(4715) NMethods: 535 registered, 0 unregistered
[2024-07-25T19:05:19.827+0800][88.196s][gc,metaspace] GC(4715) Metaspace: 1M used, 1M committed, 1088M reserved
[2024-07-25T19:05:19.827+0800][88.196s][gc,ref      ] GC(4715) Soft: 46 encountered, 25 discovered, 0 enqueued
[2024-07-25T19:05:19.827+0800][88.196s][gc,ref      ] GC(4715) Weak: 131 encountered, 107 discovered, 0 enqueued
[2024-07-25T19:05:19.827+0800][88.196s][gc,ref      ] GC(4715) Final: 0 encountered, 0 discovered, 0 enqueued
[2024-07-25T19:05:19.827+0800][88.196s][gc,ref      ] GC(4715) Phantom: 184 encountered, 98 discovered, 0 enqueued
[2024-07-25T19:05:19.827+0800][88.196s][gc,reloc    ] GC(4715) Small Pages: 4 / 8M, Empty: 2M, Relocated: 0M, In-Place: 0
[2024-07-25T19:05:19.827+0800][88.196s][gc,reloc    ] GC(4715) Large Pages: 4 / 8M, Empty: 4M, Relocated: 0M, In-Place: 0
[2024-07-25T19:05:19.827+0800][88.196s][gc,reloc    ] GC(4715) Forwarding Usage: 0M
[2024-07-25T19:05:19.827+0800][88.196s][gc,heap     ] GC(4715) Min Capacity: 8M(50%)
[2024-07-25T19:05:19.827+0800][88.196s][gc,heap     ] GC(4715) Max Capacity: 16M(100%)
[2024-07-25T19:05:19.827+0800][88.196s][gc,heap     ] GC(4715) Soft Max Capacity: 16M(100%)
[2024-07-25T19:05:19.827+0800][88.197s][gc,heap     ] GC(4715)                Mark Start          Mark End        Relocate Start      Relocate End           High               Low         
[2024-07-25T19:05:19.827+0800][88.197s][gc,heap     ] GC(4715)  Capacity:       16M (100%)         16M (100%)         16M (100%)         16M (100%)         16M (100%)         16M (100%)   
[2024-07-25T19:05:19.827+0800][88.197s][gc,heap     ] GC(4715)      Free:        0M (0%)            0M (0%)            2M (12%)           2M (12%)           6M (38%)           0M (0%)     
[2024-07-25T19:05:19.827+0800][88.197s][gc,heap     ] GC(4715)      Used:       16M (100%)         16M (100%)         14M (88%)          14M (88%)          16M (100%)         10M (62%)    
[2024-07-25T19:05:19.827+0800][88.197s][gc,heap     ] GC(4715)      Live:         -                 8M (54%)           8M (54%)           8M (54%)            -                  -          
[2024-07-25T19:05:19.827+0800][88.197s][gc,heap     ] GC(4715) Allocated:         -                 0M (0%)            4M (25%)           4M (25%)            -                  -          
[2024-07-25T19:05:19.827+0800][88.197s][gc,heap     ] GC(4715)   Garbage:         -                 7M (46%)           1M (8%)            1M (8%)             -                  -          
[2024-07-25T19:05:19.828+0800][88.197s][gc,heap     ] GC(4715) Reclaimed:         -                  -                 6M (38%)           6M (38%)            -                  -          
[2024-07-25T19:05:19.828+0800][88.197s][gc          ] GC(4715) Garbage Collection (Allocation Stall) 16M(100%)->14M(88%)
[2024-07-25T19:05:19.831+0800][88.200s][gc,start    ] GC(4716) Garbage Collection (Allocation Stall)
[2024-07-25T19:05:19.831+0800][88.200s][gc,ref      ] GC(4716) Clearing All SoftReferences
[2024-07-25T19:05:19.831+0800][88.200s][gc,task     ] GC(4716) Using 1 workers
[2024-07-25T19:05:19.831+0800][88.200s][gc,phases   ] GC(4716) Pause Mark Start 0.008ms
[2024-07-25T19:05:19.837+0800][88.206s][gc,phases   ] GC(4716) Concurrent Mark 6.167ms
[2024-07-25T19:05:19.837+0800][88.207s][gc,phases   ] GC(4716) Pause Mark End 0.012ms
[2024-07-25T19:05:19.838+0800][88.207s][gc,phases   ] GC(4716) Concurrent Mark Free 0.001ms
[2024-07-25T19:05:19.839+0800][88.208s][gc,phases   ] GC(4716) Concurrent Process Non-Strong References 1.674ms
[2024-07-25T19:05:19.839+0800][88.209s][gc,phases   ] GC(4716) Concurrent Reset Relocation Set 0.001ms
[2024-07-25T19:05:19.843+0800][88.212s][gc          ] Allocation Stall (main) 12.458ms
[2024-07-25T19:05:19.843+0800][88.212s][gc,phases   ] GC(4716) Concurrent Select Relocation Set 3.818ms
[2024-07-25T19:05:19.843+0800][88.213s][gc,phases   ] GC(4716) Pause Relocate Start 0.009ms
[2024-07-25T19:05:19.844+0800][88.213s][gc,phases   ] GC(4716) Concurrent Relocate 0.141ms
[2024-07-25T19:05:19.844+0800][88.213s][gc,load     ] GC(4716) Load: 0.00/0.00/0.00
[2024-07-25T19:05:19.844+0800][88.213s][gc,mmu      ] GC(4716) MMU: 2ms/88.2%, 5ms/95.3%, 10ms/97.6%, 20ms/98.8%, 50ms/99.4%, 100ms/99.6%
[2024-07-25T19:05:19.844+0800][88.213s][gc,marking  ] GC(4716) Mark: 1 stripe(s), 1 proactive flush(es), 1 terminate flush(es), 0 completion(s), 0 continuation(s) 
[2024-07-25T19:05:19.844+0800][88.213s][gc,marking  ] GC(4716) Mark Stack Usage: 32M
[2024-07-25T19:05:19.844+0800][88.213s][gc,nmethod  ] GC(4716) NMethods: 535 registered, 0 unregistered
[2024-07-25T19:05:19.844+0800][88.213s][gc,metaspace] GC(4716) Metaspace: 1M used, 1M committed, 1088M reserved
[2024-07-25T19:05:19.844+0800][88.213s][gc,ref      ] GC(4716) Soft: 46 encountered, 25 discovered, 0 enqueued
[2024-07-25T19:05:19.844+0800][88.213s][gc,ref      ] GC(4716) Weak: 131 encountered, 107 discovered, 0 enqueued
[2024-07-25T19:05:19.844+0800][88.213s][gc,ref      ] GC(4716) Final: 0 encountered, 0 discovered, 0 enqueued
[2024-07-25T19:05:19.844+0800][88.213s][gc,ref      ] GC(4716) Phantom: 184 encountered, 98 discovered, 0 enqueued
[2024-07-25T19:05:19.844+0800][88.213s][gc,reloc    ] GC(4716) Small Pages: 4 / 8M, Empty: 2M, Relocated: 0M, In-Place: 0
[2024-07-25T19:05:19.844+0800][88.213s][gc,reloc    ] GC(4716) Large Pages: 4 / 8M, Empty: 4M, Relocated: 0M, In-Place: 0
[2024-07-25T19:05:19.844+0800][88.213s][gc,reloc    ] GC(4716) Forwarding Usage: 0M
[2024-07-25T19:05:19.844+0800][88.213s][gc,heap     ] GC(4716) Min Capacity: 8M(50%)
[2024-07-25T19:05:19.844+0800][88.213s][gc,heap     ] GC(4716) Max Capacity: 16M(100%)
[2024-07-25T19:05:19.844+0800][88.213s][gc,heap     ] GC(4716) Soft Max Capacity: 16M(100%)
[2024-07-25T19:05:19.844+0800][88.213s][gc,heap     ] GC(4716)                Mark Start          Mark End        Relocate Start      Relocate End           High               Low         
[2024-07-25T19:05:19.844+0800][88.213s][gc,heap     ] GC(4716)  Capacity:       16M (100%)         16M (100%)         16M (100%)         16M (100%)         16M (100%)         16M (100%)   
[2024-07-25T19:05:19.844+0800][88.213s][gc,heap     ] GC(4716)      Free:        0M (0%)            0M (0%)            2M (12%)           2M (12%)           6M (38%)           0M (0%)     
[2024-07-25T19:05:19.844+0800][88.213s][gc,heap     ] GC(4716)      Used:       16M (100%)         16M (100%)         14M (88%)          14M (88%)          16M (100%)         10M (62%)    
[2024-07-25T19:05:19.844+0800][88.213s][gc,heap     ] GC(4716)      Live:         -                 8M (54%)           8M (54%)           8M (54%)            -                  -          
[2024-07-25T19:05:19.844+0800][88.213s][gc,heap     ] GC(4716) Allocated:         -                 0M (0%)            4M (25%)           4M (25%)            -                  -          
[2024-07-25T19:05:19.844+0800][88.213s][gc,heap     ] GC(4716)   Garbage:         -                 7M (46%)           1M (8%)            1M (8%)             -                  -          
[2024-07-25T19:05:19.844+0800][88.213s][gc,heap     ] GC(4716) Reclaimed:         -                  -                 6M (38%)           6M (38%)            -                  -          
[2024-07-25T19:05:19.844+0800][88.213s][gc          ] GC(4716) Garbage Collection (Allocation Stall) 16M(100%)->14M(88%)
[2024-07-25T19:05:19.848+0800][88.217s][gc,start    ] GC(4717) Garbage Collection (Allocation Stall)
[2024-07-25T19:05:19.848+0800][88.217s][gc,ref      ] GC(4717) Clearing All SoftReferences
[2024-07-25T19:05:19.848+0800][88.217s][gc,task     ] GC(4717) Using 1 workers
[2024-07-25T19:05:19.848+0800][88.217s][gc,phases   ] GC(4717) Pause Mark Start 0.008ms
[2024-07-25T19:05:19.855+0800][88.224s][gc,phases   ] GC(4717) Concurrent Mark 6.464ms
[2024-07-25T19:05:19.855+0800][88.224s][gc,phases   ] GC(4717) Pause Mark End 0.012ms
[2024-07-25T19:05:19.855+0800][88.224s][gc,phases   ] GC(4717) Concurrent Mark Free 0.001ms
[2024-07-25T19:05:19.857+0800][88.226s][gc,phases   ] GC(4717) Concurrent Process Non-Strong References 1.787ms
[2024-07-25T19:05:19.857+0800][88.226s][gc,phases   ] GC(4717) Concurrent Reset Relocation Set 0.001ms
[2024-07-25T19:05:19.860+0800][88.230s][gc          ] Allocation Stall (main) 13.558ms
[2024-07-25T19:05:19.861+0800][88.230s][gc,phases   ] GC(4717) Concurrent Select Relocation Set 2.847ms
[2024-07-25T19:05:19.861+0800][88.231s][gc,phases   ] GC(4717) Pause Relocate Start 0.011ms
[2024-07-25T19:05:19.861+0800][88.231s][gc,phases   ] GC(4717) Concurrent Relocate 0.046ms
[2024-07-25T19:05:19.862+0800][88.231s][gc,load     ] GC(4717) Load: 0.00/0.00/0.00
[2024-07-25T19:05:19.862+0800][88.231s][gc,mmu      ] GC(4717) MMU: 2ms/88.2%, 5ms/95.3%, 10ms/97.6%, 20ms/98.8%, 50ms/99.4%, 100ms/99.6%
[2024-07-25T19:05:19.862+0800][88.231s][gc,marking  ] GC(4717) Mark: 1 stripe(s), 1 proactive flush(es), 1 terminate flush(es), 0 completion(s), 0 continuation(s) 
[2024-07-25T19:05:19.862+0800][88.231s][gc,marking  ] GC(4717) Mark Stack Usage: 32M
[2024-07-25T19:05:19.862+0800][88.231s][gc,nmethod  ] GC(4717) NMethods: 535 registered, 0 unregistered
[2024-07-25T19:05:19.862+0800][88.231s][gc,metaspace] GC(4717) Metaspace: 1M used, 1M committed, 1088M reserved
[2024-07-25T19:05:19.862+0800][88.231s][gc,ref      ] GC(4717) Soft: 46 encountered, 25 discovered, 0 enqueued
[2024-07-25T19:05:19.862+0800][88.231s][gc,ref      ] GC(4717) Weak: 131 encountered, 107 discovered, 0 enqueued
[2024-07-25T19:05:19.862+0800][88.231s][gc,ref      ] GC(4717) Final: 0 encountered, 0 discovered, 0 enqueued
[2024-07-25T19:05:19.862+0800][88.231s][gc,ref      ] GC(4717) Phantom: 184 encountered, 98 discovered, 0 enqueued
[2024-07-25T19:05:19.862+0800][88.231s][gc,reloc    ] GC(4717) Small Pages: 4 / 8M, Empty: 2M, Relocated: 0M, In-Place: 0
[2024-07-25T19:05:19.862+0800][88.231s][gc,reloc    ] GC(4717) Large Pages: 4 / 8M, Empty: 4M, Relocated: 0M, In-Place: 0
[2024-07-25T19:05:19.862+0800][88.231s][gc,reloc    ] GC(4717) Forwarding Usage: 0M
[2024-07-25T19:05:19.862+0800][88.231s][gc,heap     ] GC(4717) Min Capacity: 8M(50%)
[2024-07-25T19:05:19.862+0800][88.231s][gc,heap     ] GC(4717) Max Capacity: 16M(100%)
[2024-07-25T19:05:19.862+0800][88.231s][gc,heap     ] GC(4717) Soft Max Capacity: 16M(100%)
[2024-07-25T19:05:19.862+0800][88.232s][gc,heap     ] GC(4717)                Mark Start          Mark End        Relocate Start      Relocate End           High               Low         
[2024-07-25T19:05:19.862+0800][88.232s][gc,heap     ] GC(4717)  Capacity:       16M (100%)         16M (100%)         16M (100%)         16M (100%)         16M (100%)         16M (100%)   
[2024-07-25T19:05:19.862+0800][88.232s][gc,heap     ] GC(4717)      Free:        0M (0%)            0M (0%)            2M (12%)           2M (12%)           6M (38%)           0M (0%)     
[2024-07-25T19:05:19.862+0800][88.232s][gc,heap     ] GC(4717)      Used:       16M (100%)         16M (100%)         14M (88%)          14M (88%)          16M (100%)         10M (62%)    
[2024-07-25T19:05:19.862+0800][88.232s][gc,heap     ] GC(4717)      Live:         -                 8M (54%)           8M (54%)           8M (54%)            -                  -          
[2024-07-25T19:05:19.862+0800][88.232s][gc,heap     ] GC(4717) Allocated:         -                 0M (0%)            4M (25%)           4M (25%)            -                  -          
[2024-07-25T19:05:19.862+0800][88.232s][gc,heap     ] GC(4717)   Garbage:         -                 7M (46%)           1M (8%)            1M (8%)             -                  -          
[2024-07-25T19:05:19.862+0800][88.232s][gc,heap     ] GC(4717) Reclaimed:         -                  -                 6M (38%)           6M (38%)            -                  -          
[2024-07-25T19:05:19.862+0800][88.232s][gc          ] GC(4717) Garbage Collection (Allocation Stall) 16M(100%)->14M(88%)
[2024-07-25T19:05:19.865+0800][88.234s][gc,start    ] GC(4718) Garbage Collection (Allocation Stall)
[2024-07-25T19:05:19.865+0800][88.234s][gc,ref      ] GC(4718) Clearing All SoftReferences
[2024-07-25T19:05:19.865+0800][88.234s][gc,task     ] GC(4718) Using 1 workers
[2024-07-25T19:05:19.865+0800][88.234s][gc,phases   ] GC(4718) Pause Mark Start 0.008ms
[2024-07-25T19:05:19.871+0800][88.240s][gc,phases   ] GC(4718) Concurrent Mark 5.824ms
[2024-07-25T19:05:19.871+0800][88.240s][gc,phases   ] GC(4718) Pause Mark End 0.010ms
[2024-07-25T19:05:19.871+0800][88.241s][gc,phases   ] GC(4718) Concurrent Mark Free 0.001ms
[2024-07-25T19:05:19.874+0800][88.243s][gc,phases   ] GC(4718) Concurrent Process Non-Strong References 2.205ms
[2024-07-25T19:05:19.874+0800][88.243s][gc,phases   ] GC(4718) Concurrent Reset Relocation Set 0.001ms
[2024-07-25T19:05:19.877+0800][88.246s][gc          ] Allocation Stall (main) 12.328ms
[2024-07-25T19:05:19.877+0800][88.246s][gc,phases   ] GC(4718) Concurrent Select Relocation Set 3.479ms
[2024-07-25T19:05:19.877+0800][88.247s][gc,phases   ] GC(4718) Pause Relocate Start 0.009ms
[2024-07-25T19:05:19.878+0800][88.247s][gc,phases   ] GC(4718) Concurrent Relocate 0.047ms
[2024-07-25T19:05:19.878+0800][88.247s][gc,load     ] GC(4718) Load: 0.00/0.00/0.00
[2024-07-25T19:05:19.878+0800][88.247s][gc,mmu      ] GC(4718) MMU: 2ms/88.2%, 5ms/95.3%, 10ms/97.6%, 20ms/98.8%, 50ms/99.4%, 100ms/99.6%
[2024-07-25T19:05:19.878+0800][88.247s][gc,marking  ] GC(4718) Mark: 1 stripe(s), 1 proactive flush(es), 1 terminate flush(es), 0 completion(s), 0 continuation(s) 
[2024-07-25T19:05:19.878+0800][88.247s][gc,marking  ] GC(4718) Mark Stack Usage: 32M
[2024-07-25T19:05:19.878+0800][88.247s][gc,nmethod  ] GC(4718) NMethods: 535 registered, 0 unregistered
[2024-07-25T19:05:19.878+0800][88.247s][gc,metaspace] GC(4718) Metaspace: 1M used, 1M committed, 1088M reserved
[2024-07-25T19:05:19.878+0800][88.247s][gc,ref      ] GC(4718) Soft: 46 encountered, 25 discovered, 0 enqueued
[2024-07-25T19:05:19.878+0800][88.247s][gc,ref      ] GC(4718) Weak: 131 encountered, 107 discovered, 0 enqueued
[2024-07-25T19:05:19.878+0800][88.247s][gc,ref      ] GC(4718) Final: 0 encountered, 0 discovered, 0 enqueued
[2024-07-25T19:05:19.878+0800][88.247s][gc,ref      ] GC(4718) Phantom: 184 encountered, 98 discovered, 0 enqueued
[2024-07-25T19:05:19.878+0800][88.247s][gc,reloc    ] GC(4718) Small Pages: 4 / 8M, Empty: 2M, Relocated: 0M, In-Place: 0
[2024-07-25T19:05:19.878+0800][88.247s][gc,reloc    ] GC(4718) Large Pages: 4 / 8M, Empty: 4M, Relocated: 0M, In-Place: 0
[2024-07-25T19:05:19.878+0800][88.247s][gc,reloc    ] GC(4718) Forwarding Usage: 0M
[2024-07-25T19:05:19.878+0800][88.247s][gc,heap     ] GC(4718) Min Capacity: 8M(50%)
[2024-07-25T19:05:19.878+0800][88.247s][gc,heap     ] GC(4718) Max Capacity: 16M(100%)
[2024-07-25T19:05:19.878+0800][88.247s][gc,heap     ] GC(4718) Soft Max Capacity: 16M(100%)
[2024-07-25T19:05:19.878+0800][88.247s][gc,heap     ] GC(4718)                Mark Start          Mark End        Relocate Start      Relocate End           High               Low         
[2024-07-25T19:05:19.878+0800][88.247s][gc,heap     ] GC(4718)  Capacity:       16M (100%)         16M (100%)         16M (100%)         16M (100%)         16M (100%)         16M (100%)   
[2024-07-25T19:05:19.878+0800][88.247s][gc,heap     ] GC(4718)      Free:        0M (0%)            0M (0%)            2M (12%)           2M (12%)           6M (38%)           0M (0%)     
[2024-07-25T19:05:19.878+0800][88.247s][gc,heap     ] GC(4718)      Used:       16M (100%)         16M (100%)         14M (88%)          14M (88%)          16M (100%)         10M (62%)    
[2024-07-25T19:05:19.878+0800][88.247s][gc,heap     ] GC(4718)      Live:         -                 8M (54%)           8M (54%)           8M (54%)            -                  -          
[2024-07-25T19:05:19.878+0800][88.247s][gc,heap     ] GC(4718) Allocated:         -                 0M (0%)            4M (25%)           4M (25%)            -                  -          
[2024-07-25T19:05:19.878+0800][88.247s][gc,heap     ] GC(4718)   Garbage:         -                 7M (46%)           1M (8%)            1M (8%)             -                  -          
[2024-07-25T19:05:19.878+0800][88.247s][gc,heap     ] GC(4718) Reclaimed:         -                  -                 6M (38%)           6M (38%)            -                  -          
[2024-07-25T19:05:19.878+0800][88.247s][gc          ] GC(4718) Garbage Collection (Allocation Stall) 16M(100%)->14M(88%)
[2024-07-25T19:05:19.881+0800][88.250s][gc,start    ] GC(4719) Garbage Collection (Allocation Stall)
[2024-07-25T19:05:19.881+0800][88.250s][gc,ref      ] GC(4719) Clearing All SoftReferences
[2024-07-25T19:05:19.881+0800][88.250s][gc,task     ] GC(4719) Using 1 workers
[2024-07-25T19:05:19.881+0800][88.250s][gc,phases   ] GC(4719) Pause Mark Start 0.009ms
[2024-07-25T19:05:19.887+0800][88.256s][gc,phases   ] GC(4719) Concurrent Mark 6.204ms
[2024-07-25T19:05:19.887+0800][88.257s][gc,phases   ] GC(4719) Pause Mark End 0.010ms
[2024-07-25T19:05:19.887+0800][88.257s][gc,phases   ] GC(4719) Concurrent Mark Free 0.001ms
[2024-07-25T19:05:19.890+0800][88.259s][gc,phases   ] GC(4719) Concurrent Process Non-Strong References 1.900ms
[2024-07-25T19:05:19.890+0800][88.259s][gc,phases   ] GC(4719) Concurrent Reset Relocation Set 0.001ms
[2024-07-25T19:05:19.892+0800][88.262s][gc          ] Allocation Stall (main) 11.628ms
[2024-07-25T19:05:19.892+0800][88.262s][gc,phases   ] GC(4719) Concurrent Select Relocation Set 2.871ms
[2024-07-25T19:05:19.892+0800][88.262s][gc,phases   ] GC(4719) Pause Relocate Start 0.008ms
[2024-07-25T19:05:19.892+0800][88.262s][gc,phases   ] GC(4719) Concurrent Relocate 0.092ms
[2024-07-25T19:05:19.893+0800][88.262s][gc,load     ] GC(4719) Load: 0.00/0.00/0.00
[2024-07-25T19:05:19.893+0800][88.262s][gc,mmu      ] GC(4719) MMU: 2ms/88.2%, 5ms/95.3%, 10ms/97.6%, 20ms/98.8%, 50ms/99.4%, 100ms/99.6%
[2024-07-25T19:05:19.893+0800][88.262s][gc,marking  ] GC(4719) Mark: 1 stripe(s), 1 proactive flush(es), 1 terminate flush(es), 0 completion(s), 0 continuation(s) 
[2024-07-25T19:05:19.893+0800][88.262s][gc,marking  ] GC(4719) Mark Stack Usage: 32M
[2024-07-25T19:05:19.893+0800][88.262s][gc,nmethod  ] GC(4719) NMethods: 535 registered, 0 unregistered
[2024-07-25T19:05:19.893+0800][88.262s][gc,metaspace] GC(4719) Metaspace: 1M used, 1M committed, 1088M reserved
[2024-07-25T19:05:19.893+0800][88.262s][gc,ref      ] GC(4719) Soft: 46 encountered, 25 discovered, 0 enqueued
[2024-07-25T19:05:19.893+0800][88.262s][gc,ref      ] GC(4719) Weak: 131 encountered, 107 discovered, 0 enqueued
[2024-07-25T19:05:19.893+0800][88.262s][gc,ref      ] GC(4719) Final: 0 encountered, 0 discovered, 0 enqueued
[2024-07-25T19:05:19.893+0800][88.263s][gc,ref      ] GC(4719) Phantom: 184 encountered, 98 discovered, 0 enqueued
[2024-07-25T19:05:19.893+0800][88.263s][gc,reloc    ] GC(4719) Small Pages: 4 / 8M, Empty: 2M, Relocated: 0M, In-Place: 0
[2024-07-25T19:05:19.893+0800][88.263s][gc,reloc    ] GC(4719) Large Pages: 4 / 8M, Empty: 4M, Relocated: 0M, In-Place: 0
[2024-07-25T19:05:19.893+0800][88.263s][gc,reloc    ] GC(4719) Forwarding Usage: 0M
[2024-07-25T19:05:19.893+0800][88.263s][gc,heap     ] GC(4719) Min Capacity: 8M(50%)
[2024-07-25T19:05:19.893+0800][88.263s][gc,heap     ] GC(4719) Max Capacity: 16M(100%)
[2024-07-25T19:05:19.893+0800][88.263s][gc,heap     ] GC(4719) Soft Max Capacity: 16M(100%)
[2024-07-25T19:05:19.893+0800][88.263s][gc,heap     ] GC(4719)                Mark Start          Mark End        Relocate Start      Relocate End           High               Low         
[2024-07-25T19:05:19.893+0800][88.263s][gc,heap     ] GC(4719)  Capacity:       16M (100%)         16M (100%)         16M (100%)         16M (100%)         16M (100%)         16M (100%)   
[2024-07-25T19:05:19.893+0800][88.263s][gc,heap     ] GC(4719)      Free:        0M (0%)            0M (0%)            2M (12%)           2M (12%)           6M (38%)           0M (0%)     
[2024-07-25T19:05:19.893+0800][88.263s][gc,heap     ] GC(4719)      Used:       16M (100%)         16M (100%)         14M (88%)          14M (88%)          16M (100%)         10M (62%)    
[2024-07-25T19:05:19.894+0800][88.263s][gc,heap     ] GC(4719)      Live:         -                 8M (54%)           8M (54%)           8M (54%)            -                  -          
[2024-07-25T19:05:19.894+0800][88.263s][gc,heap     ] GC(4719) Allocated:         -                 0M (0%)            4M (25%)           4M (25%)            -                  -          
[2024-07-25T19:05:19.894+0800][88.263s][gc,heap     ] GC(4719)   Garbage:         -                 7M (46%)           1M (8%)            1M (8%)             -                  -          
[2024-07-25T19:05:19.894+0800][88.263s][gc,heap     ] GC(4719) Reclaimed:         -                  -                 6M (38%)           6M (38%)            -                  -          
[2024-07-25T19:05:19.894+0800][88.263s][gc          ] GC(4719) Garbage Collection (Allocation Stall) 16M(100%)->14M(88%)
[2024-07-25T19:05:19.896+0800][88.265s][gc,start    ] GC(4720) Garbage Collection (Allocation Stall)
[2024-07-25T19:05:19.896+0800][88.265s][gc,ref      ] GC(4720) Clearing All SoftReferences
[2024-07-25T19:05:19.896+0800][88.265s][gc,task     ] GC(4720) Using 1 workers
[2024-07-25T19:05:19.896+0800][88.265s][gc,phases   ] GC(4720) Pause Mark Start 0.008ms
[2024-07-25T19:05:19.902+0800][88.271s][gc,phases   ] GC(4720) Concurrent Mark 5.866ms
[2024-07-25T19:05:19.902+0800][88.271s][gc,phases   ] GC(4720) Pause Mark End 0.009ms
[2024-07-25T19:05:19.902+0800][88.271s][gc,phases   ] GC(4720) Concurrent Mark Free 0.001ms
[2024-07-25T19:05:19.903+0800][88.273s][gc,phases   ] GC(4720) Concurrent Process Non-Strong References 1.957ms
[2024-07-25T19:05:19.903+0800][88.273s][gc,phases   ] GC(4720) Concurrent Reset Relocation Set 0.001ms
[2024-07-25T19:05:19.906+0800][88.276s][gc          ] Allocation Stall (main) 11.356ms
[2024-07-25T19:05:19.906+0800][88.276s][gc,phases   ] GC(4720) Concurrent Select Relocation Set 2.790ms
[2024-07-25T19:05:19.907+0800][88.276s][gc,phases   ] GC(4720) Pause Relocate Start 0.007ms
[2024-07-25T19:05:19.907+0800][88.276s][gc,phases   ] GC(4720) Concurrent Relocate 0.041ms
[2024-07-25T19:05:19.907+0800][88.276s][gc,load     ] GC(4720) Load: 0.00/0.00/0.00
[2024-07-25T19:05:19.907+0800][88.276s][gc,mmu      ] GC(4720) MMU: 2ms/88.2%, 5ms/95.3%, 10ms/97.6%, 20ms/98.8%, 50ms/99.4%, 100ms/99.6%
[2024-07-25T19:05:19.907+0800][88.276s][gc,marking  ] GC(4720) Mark: 1 stripe(s), 1 proactive flush(es), 1 terminate flush(es), 0 completion(s), 0 continuation(s) 
[2024-07-25T19:05:19.907+0800][88.276s][gc,marking  ] GC(4720) Mark Stack Usage: 32M
[2024-07-25T19:05:19.907+0800][88.276s][gc,nmethod  ] GC(4720) NMethods: 535 registered, 0 unregistered
[2024-07-25T19:05:19.907+0800][88.276s][gc,metaspace] GC(4720) Metaspace: 1M used, 1M committed, 1088M reserved
[2024-07-25T19:05:19.907+0800][88.276s][gc,ref      ] GC(4720) Soft: 46 encountered, 25 discovered, 0 enqueued
[2024-07-25T19:05:19.907+0800][88.276s][gc,ref      ] GC(4720) Weak: 131 encountered, 107 discovered, 0 enqueued
[2024-07-25T19:05:19.907+0800][88.277s][gc,ref      ] GC(4720) Final: 0 encountered, 0 discovered, 0 enqueued
[2024-07-25T19:05:19.907+0800][88.277s][gc,ref      ] GC(4720) Phantom: 184 encountered, 98 discovered, 0 enqueued
[2024-07-25T19:05:19.907+0800][88.277s][gc,reloc    ] GC(4720) Small Pages: 4 / 8M, Empty: 2M, Relocated: 0M, In-Place: 0
[2024-07-25T19:05:19.907+0800][88.277s][gc,reloc    ] GC(4720) Large Pages: 4 / 8M, Empty: 4M, Relocated: 0M, In-Place: 0
[2024-07-25T19:05:19.907+0800][88.277s][gc,reloc    ] GC(4720) Forwarding Usage: 0M
[2024-07-25T19:05:19.907+0800][88.277s][gc,heap     ] GC(4720) Min Capacity: 8M(50%)
[2024-07-25T19:05:19.907+0800][88.277s][gc,heap     ] GC(4720) Max Capacity: 16M(100%)
[2024-07-25T19:05:19.907+0800][88.277s][gc,heap     ] GC(4720) Soft Max Capacity: 16M(100%)
[2024-07-25T19:05:19.907+0800][88.277s][gc,heap     ] GC(4720)                Mark Start          Mark End        Relocate Start      Relocate End           High               Low         
[2024-07-25T19:05:19.907+0800][88.277s][gc,heap     ] GC(4720)  Capacity:       16M (100%)         16M (100%)         16M (100%)         16M (100%)         16M (100%)         16M (100%)   
[2024-07-25T19:05:19.907+0800][88.277s][gc,heap     ] GC(4720)      Free:        0M (0%)            0M (0%)            2M (12%)           2M (12%)           6M (38%)           0M (0%)     
[2024-07-25T19:05:19.907+0800][88.277s][gc,heap     ] GC(4720)      Used:       16M (100%)         16M (100%)         14M (88%)          14M (88%)          16M (100%)         10M (62%)    
[2024-07-25T19:05:19.907+0800][88.277s][gc,heap     ] GC(4720)      Live:         -                 8M (54%)           8M (54%)           8M (54%)            -                  -          
[2024-07-25T19:05:19.907+0800][88.277s][gc,heap     ] GC(4720) Allocated:         -                 0M (0%)            4M (25%)           4M (25%)            -                  -          
[2024-07-25T19:05:19.907+0800][88.277s][gc,heap     ] GC(4720)   Garbage:         -                 7M (46%)           1M (8%)            1M (8%)             -                  -          
[2024-07-25T19:05:19.907+0800][88.277s][gc,heap     ] GC(4720) Reclaimed:         -                  -                 6M (38%)           6M (38%)            -                  -          
[2024-07-25T19:05:19.907+0800][88.277s][gc          ] GC(4720) Garbage Collection (Allocation Stall) 16M(100%)->14M(88%)
[2024-07-25T19:05:19.910+0800][88.279s][gc,start    ] GC(4721) Garbage Collection (Allocation Rate)
[2024-07-25T19:05:19.910+0800][88.280s][gc,task     ] GC(4721) Using 1 workers
[2024-07-25T19:05:19.910+0800][88.280s][gc,phases   ] GC(4721) Pause Mark Start 0.008ms
[2024-07-25T19:05:19.917+0800][88.286s][gc,phases   ] GC(4721) Concurrent Mark 6.065ms
[2024-07-25T19:05:19.917+0800][88.286s][gc,phases   ] GC(4721) Pause Mark End 0.009ms
[2024-07-25T19:05:19.917+0800][88.286s][gc,phases   ] GC(4721) Concurrent Mark Free 0.001ms
[2024-07-25T19:05:19.919+0800][88.288s][gc,phases   ] GC(4721) Concurrent Process Non-Strong References 1.842ms
[2024-07-25T19:05:19.919+0800][88.288s][gc,phases   ] GC(4721) Concurrent Reset Relocation Set 0.001ms
[2024-07-25T19:05:19.922+0800][88.291s][gc          ] Allocation Stall (main) 9.357ms
[2024-07-25T19:05:19.922+0800][88.291s][gc,phases   ] GC(4721) Concurrent Select Relocation Set 2.648ms
[2024-07-25T19:05:19.922+0800][88.291s][gc,phases   ] GC(4721) Pause Relocate Start 0.008ms
[2024-07-25T19:05:19.924+0800][88.293s][gc,phases   ] GC(4721) Concurrent Relocate 1.744ms
[2024-07-25T19:05:19.924+0800][88.293s][gc,load     ] GC(4721) Load: 0.00/0.00/0.00
[2024-07-25T19:05:19.924+0800][88.293s][gc,mmu      ] GC(4721) MMU: 2ms/88.2%, 5ms/95.3%, 10ms/97.6%, 20ms/98.8%, 50ms/99.4%, 100ms/99.6%
[2024-07-25T19:05:19.924+0800][88.293s][gc,marking  ] GC(4721) Mark: 1 stripe(s), 1 proactive flush(es), 1 terminate flush(es), 0 completion(s), 0 continuation(s) 
[2024-07-25T19:05:19.924+0800][88.293s][gc,marking  ] GC(4721) Mark Stack Usage: 32M
[2024-07-25T19:05:19.924+0800][88.293s][gc,nmethod  ] GC(4721) NMethods: 535 registered, 0 unregistered
[2024-07-25T19:05:19.924+0800][88.293s][gc,metaspace] GC(4721) Metaspace: 1M used, 1M committed, 1088M reserved
[2024-07-25T19:05:19.924+0800][88.293s][gc,ref      ] GC(4721) Soft: 46 encountered, 25 discovered, 0 enqueued
[2024-07-25T19:05:19.924+0800][88.293s][gc,ref      ] GC(4721) Weak: 131 encountered, 107 discovered, 0 enqueued
[2024-07-25T19:05:19.924+0800][88.293s][gc,ref      ] GC(4721) Final: 0 encountered, 0 discovered, 0 enqueued
[2024-07-25T19:05:19.924+0800][88.293s][gc,ref      ] GC(4721) Phantom: 184 encountered, 98 discovered, 0 enqueued
[2024-07-25T19:05:19.924+0800][88.293s][gc,reloc    ] GC(4721) Small Pages: 4 / 8M, Empty: 0M, Relocated: 1M, In-Place: 1
[2024-07-25T19:05:19.924+0800][88.293s][gc,reloc    ] GC(4721) Large Pages: 4 / 8M, Empty: 4M, Relocated: 0M, In-Place: 0
[2024-07-25T19:05:19.924+0800][88.293s][gc,reloc    ] GC(4721) Forwarding Usage: 0M
[2024-07-25T19:05:19.924+0800][88.293s][gc,heap     ] GC(4721) Min Capacity: 8M(50%)
[2024-07-25T19:05:19.924+0800][88.293s][gc,heap     ] GC(4721) Max Capacity: 16M(100%)
[2024-07-25T19:05:19.924+0800][88.293s][gc,heap     ] GC(4721) Soft Max Capacity: 16M(100%)
[2024-07-25T19:05:19.924+0800][88.293s][gc,heap     ] GC(4721)                Mark Start          Mark End        Relocate Start      Relocate End           High               Low         
[2024-07-25T19:05:19.924+0800][88.293s][gc,heap     ] GC(4721)  Capacity:       16M (100%)         16M (100%)         16M (100%)         16M (100%)         16M (100%)         16M (100%)   
[2024-07-25T19:05:19.924+0800][88.293s][gc,heap     ] GC(4721)      Free:        0M (0%)            0M (0%)            0M (0%)            2M (12%)           4M (25%)           0M (0%)     
[2024-07-25T19:05:19.924+0800][88.293s][gc,heap     ] GC(4721)      Used:       16M (100%)         16M (100%)         16M (100%)         14M (88%)          16M (100%)         12M (75%)    
[2024-07-25T19:05:19.924+0800][88.294s][gc,heap     ] GC(4721)      Live:         -                 8M (54%)           8M (54%)           8M (54%)            -                  -          
[2024-07-25T19:05:19.924+0800][88.294s][gc,heap     ] GC(4721) Allocated:         -                 0M (0%)            4M (25%)           3M (25%)            -                  -          
[2024-07-25T19:05:19.924+0800][88.294s][gc,heap     ] GC(4721)   Garbage:         -                 7M (46%)           3M (21%)           1M (8%)             -                  -          
[2024-07-25T19:05:19.924+0800][88.294s][gc,heap     ] GC(4721) Reclaimed:         -                  -                 4M (25%)           5M (37%)            -                  -          
[2024-07-25T19:05:19.924+0800][88.294s][gc          ] GC(4721) Garbage Collection (Allocation Rate) 16M(100%)->14M(88%)
[2024-07-25T19:05:19.926+0800][88.295s][gc,start    ] GC(4722) Garbage Collection (Allocation Stall)
[2024-07-25T19:05:19.926+0800][88.295s][gc,ref      ] GC(4722) Clearing All SoftReferences
[2024-07-25T19:05:19.926+0800][88.295s][gc,task     ] GC(4722) Using 1 workers
[2024-07-25T19:05:19.926+0800][88.295s][gc,phases   ] GC(4722) Pause Mark Start 0.008ms
[2024-07-25T19:05:19.934+0800][88.303s][gc,phases   ] GC(4722) Concurrent Mark 7.744ms
[2024-07-25T19:05:19.934+0800][88.303s][gc,phases   ] GC(4722) Pause Mark End 0.010ms
[2024-07-25T19:05:19.934+0800][88.304s][gc,phases   ] GC(4722) Concurrent Mark Free 0.001ms
[2024-07-25T19:05:19.936+0800][88.305s][gc,phases   ] GC(4722) Concurrent Process Non-Strong References 1.843ms
[2024-07-25T19:05:19.936+0800][88.306s][gc,phases   ] GC(4722) Concurrent Reset Relocation Set 0.001ms
[2024-07-25T19:05:19.939+0800][88.308s][gc          ] Allocation Stall (main) 12.935ms
[2024-07-25T19:05:19.939+0800][88.308s][gc,phases   ] GC(4722) Concurrent Select Relocation Set 2.624ms
[2024-07-25T19:05:19.939+0800][88.308s][gc,phases   ] GC(4722) Pause Relocate Start 0.007ms
[2024-07-25T19:05:19.941+0800][88.310s][gc          ] Allocation Stall (main) 0.206ms
[2024-07-25T19:05:19.941+0800][88.310s][gc,phases   ] GC(4722) Concurrent Relocate 1.760ms
[2024-07-25T19:05:19.941+0800][88.310s][gc,load     ] GC(4722) Load: 0.00/0.00/0.00
[2024-07-25T19:05:19.941+0800][88.310s][gc,mmu      ] GC(4722) MMU: 2ms/88.2%, 5ms/95.3%, 10ms/97.6%, 20ms/98.8%, 50ms/99.4%, 100ms/99.6%
[2024-07-25T19:05:19.941+0800][88.311s][gc,marking  ] GC(4722) Mark: 1 stripe(s), 1 proactive flush(es), 1 terminate flush(es), 0 completion(s), 0 continuation(s) 
[2024-07-25T19:05:19.941+0800][88.311s][gc,marking  ] GC(4722) Mark Stack Usage: 32M
[2024-07-25T19:05:19.941+0800][88.311s][gc,nmethod  ] GC(4722) NMethods: 535 registered, 0 unregistered
[2024-07-25T19:05:19.941+0800][88.311s][gc,metaspace] GC(4722) Metaspace: 1M used, 1M committed, 1088M reserved
[2024-07-25T19:05:19.941+0800][88.311s][gc,ref      ] GC(4722) Soft: 46 encountered, 25 discovered, 0 enqueued
[2024-07-25T19:05:19.941+0800][88.311s][gc,ref      ] GC(4722) Weak: 131 encountered, 107 discovered, 0 enqueued
[2024-07-25T19:05:19.941+0800][88.311s][gc,ref      ] GC(4722) Final: 0 encountered, 0 discovered, 0 enqueued
[2024-07-25T19:05:19.941+0800][88.311s][gc,ref      ] GC(4722) Phantom: 184 encountered, 98 discovered, 0 enqueued
[2024-07-25T19:05:19.941+0800][88.311s][gc,reloc    ] GC(4722) Small Pages: 4 / 8M, Empty: 0M, Relocated: 1M, In-Place: 1
[2024-07-25T19:05:19.941+0800][88.311s][gc,reloc    ] GC(4722) Large Pages: 4 / 8M, Empty: 4M, Relocated: 0M, In-Place: 0
[2024-07-25T19:05:19.941+0800][88.311s][gc,reloc    ] GC(4722) Forwarding Usage: 0M
[2024-07-25T19:05:19.941+0800][88.311s][gc,heap     ] GC(4722) Min Capacity: 8M(50%)
[2024-07-25T19:05:19.941+0800][88.311s][gc,heap     ] GC(4722) Max Capacity: 16M(100%)
[2024-07-25T19:05:19.941+0800][88.311s][gc,heap     ] GC(4722) Soft Max Capacity: 16M(100%)
[2024-07-25T19:05:19.941+0800][88.311s][gc,heap     ] GC(4722)                Mark Start          Mark End        Relocate Start      Relocate End           High               Low         
[2024-07-25T19:05:19.942+0800][88.311s][gc,heap     ] GC(4722)  Capacity:       16M (100%)         16M (100%)         16M (100%)         16M (100%)         16M (100%)         16M (100%)   
[2024-07-25T19:05:19.942+0800][88.311s][gc,heap     ] GC(4722)      Free:        0M (0%)            0M (0%)            0M (0%)            0M (0%)            4M (25%)           0M (0%)     
[2024-07-25T19:05:19.942+0800][88.311s][gc,heap     ] GC(4722)      Used:       16M (100%)         16M (100%)         16M (100%)         16M (100%)         16M (100%)         12M (75%)    
[2024-07-25T19:05:19.942+0800][88.311s][gc,heap     ] GC(4722)      Live:         -                 8M (54%)           8M (54%)           8M (54%)            -                  -          
[2024-07-25T19:05:19.942+0800][88.311s][gc,heap     ] GC(4722) Allocated:         -                 0M (0%)            4M (25%)           6M (38%)            -                  -          
[2024-07-25T19:05:19.942+0800][88.311s][gc,heap     ] GC(4722)   Garbage:         -                 7M (46%)           3M (21%)           1M (8%)             -                  -          
[2024-07-25T19:05:19.942+0800][88.311s][gc,heap     ] GC(4722) Reclaimed:         -                  -                 4M (25%)           6M (38%)            -                  -          
[2024-07-25T19:05:19.942+0800][88.311s][gc          ] GC(4722) Garbage Collection (Allocation Stall) 16M(100%)->16M(100%)
[2024-07-25T19:05:19.945+0800][88.314s][gc,start    ] GC(4723) Garbage Collection (Allocation Stall)
[2024-07-25T19:05:19.945+0800][88.314s][gc,ref      ] GC(4723) Clearing All SoftReferences
[2024-07-25T19:05:19.945+0800][88.314s][gc,task     ] GC(4723) Using 1 workers
[2024-07-25T19:05:19.945+0800][88.314s][gc,phases   ] GC(4723) Pause Mark Start 0.009ms
[2024-07-25T19:05:19.954+0800][88.323s][gc,phases   ] GC(4723) Concurrent Mark 8.258ms
[2024-07-25T19:05:19.954+0800][88.323s][gc,phases   ] GC(4723) Pause Mark End 0.011ms
[2024-07-25T19:05:19.954+0800][88.323s][gc,phases   ] GC(4723) Concurrent Mark Free 0.001ms
[2024-07-25T19:05:19.956+0800][88.325s][gc,phases   ] GC(4723) Concurrent Process Non-Strong References 1.804ms
[2024-07-25T19:05:19.956+0800][88.325s][gc,phases   ] GC(4723) Concurrent Reset Relocation Set 0.001ms
[2024-07-25T19:05:19.959+0800][88.328s][gc          ] Allocation Stall (main) 13.752ms
[2024-07-25T19:05:19.959+0800][88.328s][gc,phases   ] GC(4723) Concurrent Select Relocation Set 3.027ms
[2024-07-25T19:05:19.959+0800][88.328s][gc,phases   ] GC(4723) Pause Relocate Start 0.008ms
[2024-07-25T19:05:19.959+0800][88.328s][gc,phases   ] GC(4723) Concurrent Relocate 0.121ms
[2024-07-25T19:05:19.959+0800][88.329s][gc,load     ] GC(4723) Load: 0.00/0.00/0.00
[2024-07-25T19:05:19.959+0800][88.329s][gc,mmu      ] GC(4723) MMU: 2ms/88.2%, 5ms/95.3%, 10ms/97.6%, 20ms/98.8%, 50ms/99.4%, 100ms/99.6%
[2024-07-25T19:05:19.959+0800][88.329s][gc,marking  ] GC(4723) Mark: 1 stripe(s), 1 proactive flush(es), 1 terminate flush(es), 0 completion(s), 0 continuation(s) 
[2024-07-25T19:05:19.959+0800][88.329s][gc,marking  ] GC(4723) Mark Stack Usage: 32M
[2024-07-25T19:05:19.959+0800][88.329s][gc,nmethod  ] GC(4723) NMethods: 535 registered, 0 unregistered
[2024-07-25T19:05:19.959+0800][88.329s][gc,metaspace] GC(4723) Metaspace: 1M used, 1M committed, 1088M reserved
[2024-07-25T19:05:19.959+0800][88.329s][gc,ref      ] GC(4723) Soft: 46 encountered, 25 discovered, 0 enqueued
[2024-07-25T19:05:19.959+0800][88.329s][gc,ref      ] GC(4723) Weak: 131 encountered, 107 discovered, 0 enqueued
[2024-07-25T19:05:19.959+0800][88.329s][gc,ref      ] GC(4723) Final: 0 encountered, 0 discovered, 0 enqueued
[2024-07-25T19:05:19.959+0800][88.329s][gc,ref      ] GC(4723) Phantom: 184 encountered, 98 discovered, 0 enqueued
[2024-07-25T19:05:19.959+0800][88.329s][gc,reloc    ] GC(4723) Small Pages: 4 / 8M, Empty: 2M, Relocated: 0M, In-Place: 0
[2024-07-25T19:05:19.959+0800][88.329s][gc,reloc    ] GC(4723) Large Pages: 4 / 8M, Empty: 4M, Relocated: 0M, In-Place: 0
[2024-07-25T19:05:19.959+0800][88.329s][gc,reloc    ] GC(4723) Forwarding Usage: 0M
[2024-07-25T19:05:19.959+0800][88.329s][gc,heap     ] GC(4723) Min Capacity: 8M(50%)
[2024-07-25T19:05:19.960+0800][88.329s][gc,heap     ] GC(4723) Max Capacity: 16M(100%)
[2024-07-25T19:05:19.960+0800][88.329s][gc,heap     ] GC(4723) Soft Max Capacity: 16M(100%)
[2024-07-25T19:05:19.960+0800][88.329s][gc,heap     ] GC(4723)                Mark Start          Mark End        Relocate Start      Relocate End           High               Low         
[2024-07-25T19:05:19.960+0800][88.329s][gc,heap     ] GC(4723)  Capacity:       16M (100%)         16M (100%)         16M (100%)         16M (100%)         16M (100%)         16M (100%)   
[2024-07-25T19:05:19.960+0800][88.329s][gc,heap     ] GC(4723)      Free:        0M (0%)            0M (0%)            2M (12%)           2M (12%)           6M (38%)           0M (0%)     
[2024-07-25T19:05:19.960+0800][88.329s][gc,heap     ] GC(4723)      Used:       16M (100%)         16M (100%)         14M (88%)          14M (88%)          16M (100%)         10M (62%)    
[2024-07-25T19:05:19.960+0800][88.329s][gc,heap     ] GC(4723)      Live:         -                 8M (54%)           8M (54%)           8M (54%)            -                  -          
[2024-07-25T19:05:19.960+0800][88.329s][gc,heap     ] GC(4723) Allocated:         -                 0M (0%)            4M (25%)           4M (25%)            -                  -          
[2024-07-25T19:05:19.960+0800][88.329s][gc,heap     ] GC(4723)   Garbage:         -                 7M (46%)           1M (8%)            1M (8%)             -                  -          
[2024-07-25T19:05:19.960+0800][88.329s][gc,heap     ] GC(4723) Reclaimed:         -                  -                 6M (38%)           6M (38%)            -                  -          
[2024-07-25T19:05:19.960+0800][88.329s][gc          ] GC(4723) Garbage Collection (Allocation Stall) 16M(100%)->14M(88%)
[2024-07-25T19:05:19.963+0800][88.332s][gc,start    ] GC(4724) Garbage Collection (Allocation Stall)
[2024-07-25T19:05:19.963+0800][88.332s][gc,ref      ] GC(4724) Clearing All SoftReferences
[2024-07-25T19:05:19.963+0800][88.332s][gc,task     ] GC(4724) Using 1 workers
[2024-07-25T19:05:19.963+0800][88.332s][gc,phases   ] GC(4724) Pause Mark Start 0.008ms
[2024-07-25T19:05:19.970+0800][88.340s][gc,phases   ] GC(4724) Concurrent Mark 7.054ms
[2024-07-25T19:05:19.970+0800][88.340s][gc,phases   ] GC(4724) Pause Mark End 0.011ms
[2024-07-25T19:05:19.970+0800][88.340s][gc,phases   ] GC(4724) Concurrent Mark Free 0.001ms
[2024-07-25T19:05:19.972+0800][88.342s][gc,phases   ] GC(4724) Concurrent Process Non-Strong References 1.719ms
[2024-07-25T19:05:19.972+0800][88.342s][gc,phases   ] GC(4724) Concurrent Reset Relocation Set 0.001ms
[2024-07-25T19:05:19.977+0800][88.346s][gc          ] Allocation Stall (main) 14.289ms
[2024-07-25T19:05:19.977+0800][88.346s][gc,phases   ] GC(4724) Concurrent Select Relocation Set 4.695ms
[2024-07-25T19:05:19.978+0800][88.347s][gc,phases   ] GC(4724) Pause Relocate Start 0.010ms
[2024-07-25T19:05:19.978+0800][88.347s][gc,phases   ] GC(4724) Concurrent Relocate 0.053ms
[2024-07-25T19:05:19.978+0800][88.347s][gc,load     ] GC(4724) Load: 0.00/0.00/0.00
[2024-07-25T19:05:19.978+0800][88.347s][gc,mmu      ] GC(4724) MMU: 2ms/88.2%, 5ms/95.3%, 10ms/97.6%, 20ms/98.8%, 50ms/99.4%, 100ms/99.6%
[2024-07-25T19:05:19.978+0800][88.347s][gc,marking  ] GC(4724) Mark: 1 stripe(s), 1 proactive flush(es), 1 terminate flush(es), 0 completion(s), 0 continuation(s) 
[2024-07-25T19:05:19.978+0800][88.347s][gc,marking  ] GC(4724) Mark Stack Usage: 32M
[2024-07-25T19:05:19.978+0800][88.347s][gc,nmethod  ] GC(4724) NMethods: 535 registered, 0 unregistered
[2024-07-25T19:05:19.978+0800][88.347s][gc,metaspace] GC(4724) Metaspace: 1M used, 1M committed, 1088M reserved
[2024-07-25T19:05:19.978+0800][88.347s][gc,ref      ] GC(4724) Soft: 46 encountered, 25 discovered, 0 enqueued
[2024-07-25T19:05:19.978+0800][88.347s][gc,ref      ] GC(4724) Weak: 131 encountered, 107 discovered, 0 enqueued
[2024-07-25T19:05:19.978+0800][88.347s][gc,ref      ] GC(4724) Final: 0 encountered, 0 discovered, 0 enqueued
[2024-07-25T19:05:19.978+0800][88.347s][gc,ref      ] GC(4724) Phantom: 184 encountered, 98 discovered, 0 enqueued
[2024-07-25T19:05:19.978+0800][88.347s][gc,reloc    ] GC(4724) Small Pages: 4 / 8M, Empty: 2M, Relocated: 0M, In-Place: 0
[2024-07-25T19:05:19.978+0800][88.347s][gc,reloc    ] GC(4724) Large Pages: 4 / 8M, Empty: 4M, Relocated: 0M, In-Place: 0
[2024-07-25T19:05:19.978+0800][88.347s][gc,reloc    ] GC(4724) Forwarding Usage: 0M
[2024-07-25T19:05:19.978+0800][88.347s][gc,heap     ] GC(4724) Min Capacity: 8M(50%)
[2024-07-25T19:05:19.978+0800][88.347s][gc,heap     ] GC(4724) Max Capacity: 16M(100%)
[2024-07-25T19:05:19.978+0800][88.347s][gc,heap     ] GC(4724) Soft Max Capacity: 16M(100%)
[2024-07-25T19:05:19.978+0800][88.347s][gc,heap     ] GC(4724)                Mark Start          Mark End        Relocate Start      Relocate End           High               Low         
[2024-07-25T19:05:19.978+0800][88.347s][gc,heap     ] GC(4724)  Capacity:       16M (100%)         16M (100%)         16M (100%)         16M (100%)         16M (100%)         16M (100%)   
[2024-07-25T19:05:19.978+0800][88.348s][gc,heap     ] GC(4724)      Free:        0M (0%)            0M (0%)            2M (12%)           2M (12%)           6M (38%)           0M (0%)     
[2024-07-25T19:05:19.979+0800][88.348s][gc,heap     ] GC(4724)      Used:       16M (100%)         16M (100%)         14M (88%)          14M (88%)          16M (100%)         10M (62%)    
[2024-07-25T19:05:19.979+0800][88.348s][gc,heap     ] GC(4724)      Live:         -                 8M (54%)           8M (54%)           8M (54%)            -                  -          
[2024-07-25T19:05:19.979+0800][88.348s][gc,heap     ] GC(4724) Allocated:         -                 0M (0%)            4M (25%)           4M (25%)            -                  -          
[2024-07-25T19:05:19.979+0800][88.348s][gc,heap     ] GC(4724)   Garbage:         -                 7M (46%)           1M (8%)            1M (8%)             -                  -          
[2024-07-25T19:05:19.979+0800][88.348s][gc,heap     ] GC(4724) Reclaimed:         -                  -                 6M (38%)           6M (38%)            -                  -          
[2024-07-25T19:05:19.979+0800][88.348s][gc          ] GC(4724) Garbage Collection (Allocation Stall) 16M(100%)->14M(88%)
[2024-07-25T19:05:19.982+0800][88.351s][gc,start    ] GC(4725) Garbage Collection (Allocation Stall)
[2024-07-25T19:05:19.982+0800][88.351s][gc,ref      ] GC(4725) Clearing All SoftReferences
[2024-07-25T19:05:19.982+0800][88.351s][gc,task     ] GC(4725) Using 1 workers
[2024-07-25T19:05:19.982+0800][88.351s][gc,phases   ] GC(4725) Pause Mark Start 0.007ms
[2024-07-25T19:05:19.987+0800][88.356s][gc,phases   ] GC(4725) Concurrent Mark 5.221ms
[2024-07-25T19:05:19.987+0800][88.356s][gc,phases   ] GC(4725) Pause Mark End 0.018ms
[2024-07-25T19:05:19.987+0800][88.356s][gc,phases   ] GC(4725) Concurrent Mark Free 0.001ms
[2024-07-25T19:05:19.989+0800][88.358s][gc,phases   ] GC(4725) Concurrent Process Non-Strong References 1.803ms
[2024-07-25T19:05:19.989+0800][88.358s][gc,phases   ] GC(4725) Concurrent Reset Relocation Set 0.001ms
[2024-07-25T19:05:19.993+0800][88.362s][gc          ] Allocation Stall (main) 11.241ms
[2024-07-25T19:05:19.993+0800][88.362s][gc,phases   ] GC(4725) Concurrent Select Relocation Set 3.463ms
[2024-07-25T19:05:19.993+0800][88.362s][gc,phases   ] GC(4725) Pause Relocate Start 0.010ms
[2024-07-25T19:05:19.993+0800][88.362s][gc,phases   ] GC(4725) Concurrent Relocate 0.049ms
[2024-07-25T19:05:19.993+0800][88.362s][gc,load     ] GC(4725) Load: 0.00/0.00/0.00
[2024-07-25T19:05:19.993+0800][88.362s][gc,mmu      ] GC(4725) MMU: 2ms/88.2%, 5ms/95.3%, 10ms/97.6%, 20ms/98.8%, 50ms/99.4%, 100ms/99.6%
[2024-07-25T19:05:19.993+0800][88.363s][gc,marking  ] GC(4725) Mark: 1 stripe(s), 1 proactive flush(es), 1 terminate flush(es), 0 completion(s), 0 continuation(s) 
[2024-07-25T19:05:19.994+0800][88.363s][gc,marking  ] GC(4725) Mark Stack Usage: 32M
[2024-07-25T19:05:19.994+0800][88.363s][gc,nmethod  ] GC(4725) NMethods: 535 registered, 0 unregistered
[2024-07-25T19:05:19.994+0800][88.363s][gc,metaspace] GC(4725) Metaspace: 1M used, 1M committed, 1088M reserved
[2024-07-25T19:05:19.994+0800][88.363s][gc,ref      ] GC(4725) Soft: 46 encountered, 25 discovered, 0 enqueued
[2024-07-25T19:05:19.994+0800][88.363s][gc,ref      ] GC(4725) Weak: 131 encountered, 107 discovered, 0 enqueued
[2024-07-25T19:05:19.994+0800][88.363s][gc,ref      ] GC(4725) Final: 0 encountered, 0 discovered, 0 enqueued
[2024-07-25T19:05:19.994+0800][88.363s][gc,ref      ] GC(4725) Phantom: 184 encountered, 98 discovered, 0 enqueued
[2024-07-25T19:05:19.994+0800][88.363s][gc,reloc    ] GC(4725) Small Pages: 4 / 8M, Empty: 2M, Relocated: 0M, In-Place: 0
[2024-07-25T19:05:19.994+0800][88.363s][gc,reloc    ] GC(4725) Large Pages: 4 / 8M, Empty: 4M, Relocated: 0M, In-Place: 0
[2024-07-25T19:05:19.994+0800][88.363s][gc,reloc    ] GC(4725) Forwarding Usage: 0M
[2024-07-25T19:05:19.994+0800][88.363s][gc,heap     ] GC(4725) Min Capacity: 8M(50%)
[2024-07-25T19:05:19.994+0800][88.363s][gc,heap     ] GC(4725) Max Capacity: 16M(100%)
[2024-07-25T19:05:19.994+0800][88.363s][gc,heap     ] GC(4725) Soft Max Capacity: 16M(100%)
[2024-07-25T19:05:19.994+0800][88.363s][gc,heap     ] GC(4725)                Mark Start          Mark End        Relocate Start      Relocate End           High               Low         
[2024-07-25T19:05:19.994+0800][88.363s][gc,heap     ] GC(4725)  Capacity:       16M (100%)         16M (100%)         16M (100%)         16M (100%)         16M (100%)         16M (100%)   
[2024-07-25T19:05:19.994+0800][88.363s][gc,heap     ] GC(4725)      Free:        0M (0%)            0M (0%)            2M (12%)           2M (12%)           6M (38%)           0M (0%)     
[2024-07-25T19:05:19.994+0800][88.363s][gc,heap     ] GC(4725)      Used:       16M (100%)         16M (100%)         14M (88%)          14M (88%)          16M (100%)         10M (62%)    
[2024-07-25T19:05:19.994+0800][88.363s][gc,heap     ] GC(4725)      Live:         -                 8M (54%)           8M (54%)           8M (54%)            -                  -          
[2024-07-25T19:05:19.994+0800][88.363s][gc,heap     ] GC(4725) Allocated:         -                 0M (0%)            4M (25%)           4M (25%)            -                  -          
[2024-07-25T19:05:19.994+0800][88.363s][gc,heap     ] GC(4725)   Garbage:         -                 7M (46%)           1M (8%)            1M (8%)             -                  -          
[2024-07-25T19:05:19.994+0800][88.363s][gc,heap     ] GC(4725) Reclaimed:         -                  -                 6M (38%)           6M (38%)            -                  -          
[2024-07-25T19:05:19.994+0800][88.363s][gc          ] GC(4725) Garbage Collection (Allocation Stall) 16M(100%)->14M(88%)
[2024-07-25T19:05:19.997+0800][88.366s][gc,start    ] GC(4726) Garbage Collection (Allocation Stall)
[2024-07-25T19:05:19.997+0800][88.366s][gc,ref      ] GC(4726) Clearing All SoftReferences
[2024-07-25T19:05:19.997+0800][88.366s][gc,task     ] GC(4726) Using 1 workers
[2024-07-25T19:05:19.997+0800][88.366s][gc,phases   ] GC(4726) Pause Mark Start 0.011ms
[2024-07-25T19:05:20.004+0800][88.373s][gc,phases   ] GC(4726) Concurrent Mark 6.953ms
[2024-07-25T19:05:20.004+0800][88.373s][gc,phases   ] GC(4726) Pause Mark End 0.011ms
[2024-07-25T19:05:20.004+0800][88.373s][gc,phases   ] GC(4726) Concurrent Mark Free 0.001ms
[2024-07-25T19:05:20.006+0800][88.375s][gc,phases   ] GC(4726) Concurrent Process Non-Strong References 1.474ms
[2024-07-25T19:05:20.006+0800][88.375s][gc,phases   ] GC(4726) Concurrent Reset Relocation Set 0.001ms
[2024-07-25T19:05:20.010+0800][88.379s][gc          ] Allocation Stall (main) 13.065ms
[2024-07-25T19:05:20.010+0800][88.379s][gc,phases   ] GC(4726) Concurrent Select Relocation Set 3.915ms
[2024-07-25T19:05:20.010+0800][88.379s][gc,phases   ] GC(4726) Pause Relocate Start 0.009ms
[2024-07-25T19:05:20.010+0800][88.379s][gc,phases   ] GC(4726) Concurrent Relocate 0.100ms
[2024-07-25T19:05:20.010+0800][88.379s][gc,load     ] GC(4726) Load: 0.00/0.00/0.00
[2024-07-25T19:05:20.010+0800][88.379s][gc,mmu      ] GC(4726) MMU: 2ms/88.2%, 5ms/95.3%, 10ms/97.6%, 20ms/98.8%, 50ms/99.4%, 100ms/99.6%
[2024-07-25T19:05:20.010+0800][88.379s][gc,marking  ] GC(4726) Mark: 1 stripe(s), 1 proactive flush(es), 1 terminate flush(es), 0 completion(s), 0 continuation(s) 
[2024-07-25T19:05:20.010+0800][88.380s][gc,marking  ] GC(4726) Mark Stack Usage: 32M
[2024-07-25T19:05:20.011+0800][88.380s][gc,nmethod  ] GC(4726) NMethods: 535 registered, 0 unregistered
[2024-07-25T19:05:20.011+0800][88.380s][gc,metaspace] GC(4726) Metaspace: 1M used, 1M committed, 1088M reserved
[2024-07-25T19:05:20.011+0800][88.380s][gc,ref      ] GC(4726) Soft: 46 encountered, 25 discovered, 0 enqueued
[2024-07-25T19:05:20.011+0800][88.380s][gc,ref      ] GC(4726) Weak: 131 encountered, 107 discovered, 0 enqueued
[2024-07-25T19:05:20.011+0800][88.380s][gc,ref      ] GC(4726) Final: 0 encountered, 0 discovered, 0 enqueued
[2024-07-25T19:05:20.011+0800][88.380s][gc,ref      ] GC(4726) Phantom: 184 encountered, 98 discovered, 0 enqueued
[2024-07-25T19:05:20.011+0800][88.380s][gc,reloc    ] GC(4726) Small Pages: 4 / 8M, Empty: 2M, Relocated: 0M, In-Place: 0
[2024-07-25T19:05:20.011+0800][88.380s][gc,reloc    ] GC(4726) Large Pages: 4 / 8M, Empty: 4M, Relocated: 0M, In-Place: 0
[2024-07-25T19:05:20.011+0800][88.380s][gc,reloc    ] GC(4726) Forwarding Usage: 0M
[2024-07-25T19:05:20.011+0800][88.380s][gc,heap     ] GC(4726) Min Capacity: 8M(50%)
[2024-07-25T19:05:20.011+0800][88.380s][gc,heap     ] GC(4726) Max Capacity: 16M(100%)
[2024-07-25T19:05:20.011+0800][88.380s][gc,heap     ] GC(4726) Soft Max Capacity: 16M(100%)
[2024-07-25T19:05:20.011+0800][88.380s][gc,heap     ] GC(4726)                Mark Start          Mark End        Relocate Start      Relocate End           High               Low         
[2024-07-25T19:05:20.011+0800][88.380s][gc,heap     ] GC(4726)  Capacity:       16M (100%)         16M (100%)         16M (100%)         16M (100%)         16M (100%)         16M (100%)   
[2024-07-25T19:05:20.011+0800][88.380s][gc,heap     ] GC(4726)      Free:        0M (0%)            0M (0%)            2M (12%)           2M (12%)           6M (38%)           0M (0%)     
[2024-07-25T19:05:20.011+0800][88.380s][gc,heap     ] GC(4726)      Used:       16M (100%)         16M (100%)         14M (88%)          14M (88%)          16M (100%)         10M (62%)    
[2024-07-25T19:05:20.011+0800][88.380s][gc,heap     ] GC(4726)      Live:         -                 8M (54%)           8M (54%)           8M (54%)            -                  -          
[2024-07-25T19:05:20.011+0800][88.380s][gc,heap     ] GC(4726) Allocated:         -                 0M (0%)            4M (25%)           4M (25%)            -                  -          
[2024-07-25T19:05:20.011+0800][88.380s][gc,heap     ] GC(4726)   Garbage:         -                 7M (46%)           1M (8%)            1M (8%)             -                  -          
[2024-07-25T19:05:20.011+0800][88.380s][gc,heap     ] GC(4726) Reclaimed:         -                  -                 6M (38%)           6M (38%)            -                  -          
[2024-07-25T19:05:20.011+0800][88.380s][gc          ] GC(4726) Garbage Collection (Allocation Stall) 16M(100%)->14M(88%)
[2024-07-25T19:05:20.014+0800][88.383s][gc,start    ] GC(4727) Garbage Collection (Allocation Stall)
[2024-07-25T19:05:20.014+0800][88.383s][gc,ref      ] GC(4727) Clearing All SoftReferences
[2024-07-25T19:05:20.014+0800][88.383s][gc,task     ] GC(4727) Using 1 workers
[2024-07-25T19:05:20.014+0800][88.383s][gc,phases   ] GC(4727) Pause Mark Start 0.012ms
[2024-07-25T19:05:20.020+0800][88.389s][gc,phases   ] GC(4727) Concurrent Mark 6.232ms
[2024-07-25T19:05:20.020+0800][88.389s][gc,phases   ] GC(4727) Pause Mark End 0.014ms
[2024-07-25T19:05:20.021+0800][88.390s][gc,phases   ] GC(4727) Concurrent Mark Free 0.002ms
[2024-07-25T19:05:20.022+0800][88.391s][gc,phases   ] GC(4727) Concurrent Process Non-Strong References 1.680ms
[2024-07-25T19:05:20.022+0800][88.391s][gc,phases   ] GC(4727) Concurrent Reset Relocation Set 0.001ms
[2024-07-25T19:05:20.027+0800][88.396s][gc          ] Allocation Stall (main) 12.923ms
[2024-07-25T19:05:20.027+0800][88.396s][gc,phases   ] GC(4727) Concurrent Select Relocation Set 4.189ms
[2024-07-25T19:05:20.027+0800][88.396s][gc,phases   ] GC(4727) Pause Relocate Start 0.009ms
[2024-07-25T19:05:20.027+0800][88.396s][gc,phases   ] GC(4727) Concurrent Relocate 0.141ms
[2024-07-25T19:05:20.027+0800][88.396s][gc,load     ] GC(4727) Load: 0.00/0.00/0.00
[2024-07-25T19:05:20.027+0800][88.396s][gc,mmu      ] GC(4727) MMU: 2ms/88.2%, 5ms/95.3%, 10ms/97.6%, 20ms/98.8%, 50ms/99.4%, 100ms/99.6%
[2024-07-25T19:05:20.027+0800][88.396s][gc,marking  ] GC(4727) Mark: 1 stripe(s), 1 proactive flush(es), 1 terminate flush(es), 0 completion(s), 0 continuation(s) 
[2024-07-25T19:05:20.027+0800][88.396s][gc,marking  ] GC(4727) Mark Stack Usage: 32M
[2024-07-25T19:05:20.027+0800][88.396s][gc,nmethod  ] GC(4727) NMethods: 535 registered, 0 unregistered
[2024-07-25T19:05:20.028+0800][88.397s][gc,metaspace] GC(4727) Metaspace: 1M used, 1M committed, 1088M reserved
[2024-07-25T19:05:20.028+0800][88.397s][gc,ref      ] GC(4727) Soft: 46 encountered, 25 discovered, 0 enqueued
[2024-07-25T19:05:20.028+0800][88.397s][gc,ref      ] GC(4727) Weak: 131 encountered, 107 discovered, 0 enqueued
[2024-07-25T19:05:20.028+0800][88.397s][gc,ref      ] GC(4727) Final: 0 encountered, 0 discovered, 0 enqueued
[2024-07-25T19:05:20.028+0800][88.397s][gc,ref      ] GC(4727) Phantom: 184 encountered, 98 discovered, 0 enqueued
[2024-07-25T19:05:20.028+0800][88.397s][gc,reloc    ] GC(4727) Small Pages: 4 / 8M, Empty: 2M, Relocated: 0M, In-Place: 0
[2024-07-25T19:05:20.028+0800][88.397s][gc,reloc    ] GC(4727) Large Pages: 4 / 8M, Empty: 4M, Relocated: 0M, In-Place: 0
[2024-07-25T19:05:20.028+0800][88.397s][gc,reloc    ] GC(4727) Forwarding Usage: 0M
[2024-07-25T19:05:20.028+0800][88.397s][gc,heap     ] GC(4727) Min Capacity: 8M(50%)
[2024-07-25T19:05:20.028+0800][88.397s][gc,heap     ] GC(4727) Max Capacity: 16M(100%)
[2024-07-25T19:05:20.028+0800][88.397s][gc,heap     ] GC(4727) Soft Max Capacity: 16M(100%)
[2024-07-25T19:05:20.028+0800][88.397s][gc,heap     ] GC(4727)                Mark Start          Mark End        Relocate Start      Relocate End           High               Low         
[2024-07-25T19:05:20.028+0800][88.397s][gc,heap     ] GC(4727)  Capacity:       16M (100%)         16M (100%)         16M (100%)         16M (100%)         16M (100%)         16M (100%)   
[2024-07-25T19:05:20.028+0800][88.397s][gc,heap     ] GC(4727)      Free:        0M (0%)            0M (0%)            2M (12%)           2M (12%)           6M (38%)           0M (0%)     
[2024-07-25T19:05:20.028+0800][88.397s][gc,heap     ] GC(4727)      Used:       16M (100%)         16M (100%)         14M (88%)          14M (88%)          16M (100%)         10M (62%)    
[2024-07-25T19:05:20.028+0800][88.397s][gc,heap     ] GC(4727)      Live:         -                 8M (54%)           8M (54%)           8M (54%)            -                  -          
[2024-07-25T19:05:20.028+0800][88.397s][gc,heap     ] GC(4727) Allocated:         -                 0M (0%)            4M (25%)           4M (25%)            -                  -          
[2024-07-25T19:05:20.028+0800][88.397s][gc,heap     ] GC(4727)   Garbage:         -                 7M (46%)           1M (8%)            1M (8%)             -                  -          
[2024-07-25T19:05:20.028+0800][88.397s][gc,heap     ] GC(4727) Reclaimed:         -                  -                 6M (38%)           6M (38%)            -                  -          
[2024-07-25T19:05:20.028+0800][88.397s][gc          ] GC(4727) Garbage Collection (Allocation Stall) 16M(100%)->14M(88%)
[2024-07-25T19:05:20.030+0800][88.399s][gc,start    ] GC(4728) Garbage Collection (Allocation Stall)
[2024-07-25T19:05:20.030+0800][88.399s][gc,ref      ] GC(4728) Clearing All SoftReferences
[2024-07-25T19:05:20.030+0800][88.399s][gc,task     ] GC(4728) Using 1 workers
[2024-07-25T19:05:20.030+0800][88.399s][gc,phases   ] GC(4728) Pause Mark Start 0.008ms
[2024-07-25T19:05:20.036+0800][88.405s][gc,phases   ] GC(4728) Concurrent Mark 6.043ms
[2024-07-25T19:05:20.036+0800][88.405s][gc,phases   ] GC(4728) Pause Mark End 0.016ms
[2024-07-25T19:05:20.036+0800][88.405s][gc,phases   ] GC(4728) Concurrent Mark Free 0.001ms
[2024-07-25T19:05:20.038+0800][88.407s][gc,phases   ] GC(4728) Concurrent Process Non-Strong References 1.804ms
[2024-07-25T19:05:20.038+0800][88.407s][gc,phases   ] GC(4728) Concurrent Reset Relocation Set 0.002ms
[2024-07-25T19:05:20.042+0800][88.411s][gc          ] Allocation Stall (main) 12.655ms
[2024-07-25T19:05:20.042+0800][88.411s][gc,phases   ] GC(4728) Concurrent Select Relocation Set 3.963ms
[2024-07-25T19:05:20.043+0800][88.412s][gc,phases   ] GC(4728) Pause Relocate Start 0.009ms
[2024-07-25T19:05:20.043+0800][88.412s][gc,phases   ] GC(4728) Concurrent Relocate 0.122ms
[2024-07-25T19:05:20.043+0800][88.412s][gc,load     ] GC(4728) Load: 0.00/0.00/0.00
[2024-07-25T19:05:20.043+0800][88.412s][gc,mmu      ] GC(4728) MMU: 2ms/88.2%, 5ms/95.3%, 10ms/97.6%, 20ms/98.8%, 50ms/99.4%, 100ms/99.6%
[2024-07-25T19:05:20.043+0800][88.412s][gc,marking  ] GC(4728) Mark: 1 stripe(s), 1 proactive flush(es), 1 terminate flush(es), 0 completion(s), 0 continuation(s) 
[2024-07-25T19:05:20.043+0800][88.412s][gc,marking  ] GC(4728) Mark Stack Usage: 32M
[2024-07-25T19:05:20.043+0800][88.412s][gc,nmethod  ] GC(4728) NMethods: 535 registered, 0 unregistered
[2024-07-25T19:05:20.043+0800][88.412s][gc,metaspace] GC(4728) Metaspace: 1M used, 1M committed, 1088M reserved
[2024-07-25T19:05:20.043+0800][88.412s][gc,ref      ] GC(4728) Soft: 46 encountered, 25 discovered, 0 enqueued
[2024-07-25T19:05:20.043+0800][88.412s][gc,ref      ] GC(4728) Weak: 131 encountered, 107 discovered, 0 enqueued
[2024-07-25T19:05:20.043+0800][88.412s][gc,ref      ] GC(4728) Final: 0 encountered, 0 discovered, 0 enqueued
[2024-07-25T19:05:20.043+0800][88.412s][gc,ref      ] GC(4728) Phantom: 184 encountered, 98 discovered, 0 enqueued
[2024-07-25T19:05:20.043+0800][88.412s][gc,reloc    ] GC(4728) Small Pages: 4 / 8M, Empty: 2M, Relocated: 0M, In-Place: 0
[2024-07-25T19:05:20.043+0800][88.412s][gc,reloc    ] GC(4728) Large Pages: 4 / 8M, Empty: 4M, Relocated: 0M, In-Place: 0
[2024-07-25T19:05:20.043+0800][88.412s][gc,reloc    ] GC(4728) Forwarding Usage: 0M
[2024-07-25T19:05:20.043+0800][88.412s][gc,heap     ] GC(4728) Min Capacity: 8M(50%)
[2024-07-25T19:05:20.043+0800][88.412s][gc,heap     ] GC(4728) Max Capacity: 16M(100%)
[2024-07-25T19:05:20.043+0800][88.412s][gc,heap     ] GC(4728) Soft Max Capacity: 16M(100%)
[2024-07-25T19:05:20.043+0800][88.412s][gc,heap     ] GC(4728)                Mark Start          Mark End        Relocate Start      Relocate End           High               Low         
[2024-07-25T19:05:20.043+0800][88.412s][gc,heap     ] GC(4728)  Capacity:       16M (100%)         16M (100%)         16M (100%)         16M (100%)         16M (100%)         16M (100%)   
[2024-07-25T19:05:20.043+0800][88.412s][gc,heap     ] GC(4728)      Free:        0M (0%)            0M (0%)            2M (12%)           2M (12%)           6M (38%)           0M (0%)     
[2024-07-25T19:05:20.043+0800][88.412s][gc,heap     ] GC(4728)      Used:       16M (100%)         16M (100%)         14M (88%)          14M (88%)          16M (100%)         10M (62%)    
[2024-07-25T19:05:20.043+0800][88.412s][gc,heap     ] GC(4728)      Live:         -                 8M (54%)           8M (54%)           8M (54%)            -                  -          
[2024-07-25T19:05:20.043+0800][88.412s][gc,heap     ] GC(4728) Allocated:         -                 0M (0%)            4M (25%)           4M (25%)            -                  -          
[2024-07-25T19:05:20.043+0800][88.412s][gc,heap     ] GC(4728)   Garbage:         -                 7M (46%)           1M (8%)            1M (8%)             -                  -          
[2024-07-25T19:05:20.043+0800][88.413s][gc,heap     ] GC(4728) Reclaimed:         -                  -                 6M (38%)           6M (38%)            -                  -          
[2024-07-25T19:05:20.044+0800][88.413s][gc          ] GC(4728) Garbage Collection (Allocation Stall) 16M(100%)->14M(88%)
[2024-07-25T19:05:20.047+0800][88.416s][gc,start    ] GC(4729) Garbage Collection (Allocation Stall)
[2024-07-25T19:05:20.047+0800][88.416s][gc,ref      ] GC(4729) Clearing All SoftReferences
[2024-07-25T19:05:20.047+0800][88.416s][gc,task     ] GC(4729) Using 1 workers
[2024-07-25T19:05:20.047+0800][88.416s][gc,phases   ] GC(4729) Pause Mark Start 0.008ms
[2024-07-25T19:05:20.053+0800][88.422s][gc,phases   ] GC(4729) Concurrent Mark 6.383ms
[2024-07-25T19:05:20.053+0800][88.423s][gc,phases   ] GC(4729) Pause Mark End 0.012ms
[2024-07-25T19:05:20.053+0800][88.423s][gc,phases   ] GC(4729) Concurrent Mark Free 0.001ms
[2024-07-25T19:05:20.055+0800][88.424s][gc,phases   ] GC(4729) Concurrent Process Non-Strong References 1.592ms
[2024-07-25T19:05:20.055+0800][88.424s][gc,phases   ] GC(4729) Concurrent Reset Relocation Set 0.001ms
[2024-07-25T19:05:20.059+0800][88.429s][gc          ] Allocation Stall (main) 12.870ms
[2024-07-25T19:05:20.059+0800][88.429s][gc,phases   ] GC(4729) Concurrent Select Relocation Set 4.088ms
[2024-07-25T19:05:20.059+0800][88.429s][gc,phases   ] GC(4729) Pause Relocate Start 0.010ms
[2024-07-25T19:05:20.060+0800][88.429s][gc,phases   ] GC(4729) Concurrent Relocate 0.099ms
[2024-07-25T19:05:20.060+0800][88.429s][gc,load     ] GC(4729) Load: 0.00/0.00/0.00
[2024-07-25T19:05:20.060+0800][88.429s][gc,mmu      ] GC(4729) MMU: 2ms/88.2%, 5ms/95.3%, 10ms/97.6%, 20ms/98.8%, 50ms/99.4%, 100ms/99.6%
[2024-07-25T19:05:20.060+0800][88.429s][gc,marking  ] GC(4729) Mark: 1 stripe(s), 1 proactive flush(es), 1 terminate flush(es), 0 completion(s), 0 continuation(s) 
[2024-07-25T19:05:20.060+0800][88.429s][gc,marking  ] GC(4729) Mark Stack Usage: 32M
[2024-07-25T19:05:20.060+0800][88.429s][gc,nmethod  ] GC(4729) NMethods: 535 registered, 0 unregistered
[2024-07-25T19:05:20.060+0800][88.429s][gc,metaspace] GC(4729) Metaspace: 1M used, 1M committed, 1088M reserved
[2024-07-25T19:05:20.060+0800][88.429s][gc,ref      ] GC(4729) Soft: 46 encountered, 25 discovered, 0 enqueued
[2024-07-25T19:05:20.060+0800][88.429s][gc,ref      ] GC(4729) Weak: 131 encountered, 107 discovered, 0 enqueued
[2024-07-25T19:05:20.060+0800][88.429s][gc,ref      ] GC(4729) Final: 0 encountered, 0 discovered, 0 enqueued
[2024-07-25T19:05:20.060+0800][88.429s][gc,ref      ] GC(4729) Phantom: 184 encountered, 98 discovered, 0 enqueued
[2024-07-25T19:05:20.060+0800][88.429s][gc,reloc    ] GC(4729) Small Pages: 4 / 8M, Empty: 2M, Relocated: 0M, In-Place: 0
[2024-07-25T19:05:20.060+0800][88.429s][gc,reloc    ] GC(4729) Large Pages: 4 / 8M, Empty: 4M, Relocated: 0M, In-Place: 0
[2024-07-25T19:05:20.060+0800][88.429s][gc,reloc    ] GC(4729) Forwarding Usage: 0M
[2024-07-25T19:05:20.060+0800][88.429s][gc,heap     ] GC(4729) Min Capacity: 8M(50%)
[2024-07-25T19:05:20.060+0800][88.429s][gc,heap     ] GC(4729) Max Capacity: 16M(100%)
[2024-07-25T19:05:20.060+0800][88.430s][gc,heap     ] GC(4729) Soft Max Capacity: 16M(100%)
[2024-07-25T19:05:20.060+0800][88.430s][gc,heap     ] GC(4729)                Mark Start          Mark End        Relocate Start      Relocate End           High               Low         
[2024-07-25T19:05:20.060+0800][88.430s][gc,heap     ] GC(4729)  Capacity:       16M (100%)         16M (100%)         16M (100%)         16M (100%)         16M (100%)         16M (100%)   
[2024-07-25T19:05:20.060+0800][88.430s][gc,heap     ] GC(4729)      Free:        0M (0%)            0M (0%)            2M (12%)           2M (12%)           6M (38%)           0M (0%)     
[2024-07-25T19:05:20.060+0800][88.430s][gc,heap     ] GC(4729)      Used:       16M (100%)         16M (100%)         14M (88%)          14M (88%)          16M (100%)         10M (62%)    
[2024-07-25T19:05:20.060+0800][88.430s][gc,heap     ] GC(4729)      Live:         -                 8M (54%)           8M (54%)           8M (54%)            -                  -          
[2024-07-25T19:05:20.060+0800][88.430s][gc,heap     ] GC(4729) Allocated:         -                 0M (0%)            4M (25%)           4M (25%)            -                  -          
[2024-07-25T19:05:20.060+0800][88.430s][gc,heap     ] GC(4729)   Garbage:         -                 7M (46%)           1M (8%)            1M (8%)             -                  -          
[2024-07-25T19:05:20.060+0800][88.430s][gc,heap     ] GC(4729) Reclaimed:         -                  -                 6M (38%)           6M (38%)            -                  -          
[2024-07-25T19:05:20.060+0800][88.430s][gc          ] GC(4729) Garbage Collection (Allocation Stall) 16M(100%)->14M(88%)
[2024-07-25T19:05:20.064+0800][88.433s][gc,start    ] GC(4730) Garbage Collection (Allocation Stall)
[2024-07-25T19:05:20.064+0800][88.433s][gc,ref      ] GC(4730) Clearing All SoftReferences
[2024-07-25T19:05:20.064+0800][88.433s][gc,task     ] GC(4730) Using 1 workers
[2024-07-25T19:05:20.064+0800][88.433s][gc,phases   ] GC(4730) Pause Mark Start 0.009ms
[2024-07-25T19:05:20.070+0800][88.439s][gc,phases   ] GC(4730) Concurrent Mark 5.942ms
[2024-07-25T19:05:20.071+0800][88.440s][gc,phases   ] GC(4730) Pause Mark End 0.009ms
[2024-07-25T19:05:20.071+0800][88.440s][gc,phases   ] GC(4730) Concurrent Mark Free 0.001ms
[2024-07-25T19:05:20.072+0800][88.441s][gc,phases   ] GC(4730) Concurrent Process Non-Strong References 1.439ms
[2024-07-25T19:05:20.072+0800][88.441s][gc,phases   ] GC(4730) Concurrent Reset Relocation Set 0.001ms
[2024-07-25T19:05:20.075+0800][88.444s][gc          ] Allocation Stall (main) 11.441ms
[2024-07-25T19:05:20.075+0800][88.445s][gc,phases   ] GC(4730) Concurrent Select Relocation Set 3.350ms
[2024-07-25T19:05:20.075+0800][88.445s][gc,phases   ] GC(4730) Pause Relocate Start 0.008ms
[2024-07-25T19:05:20.075+0800][88.445s][gc,phases   ] GC(4730) Concurrent Relocate 0.043ms
[2024-07-25T19:05:20.075+0800][88.445s][gc,load     ] GC(4730) Load: 0.00/0.00/0.00
[2024-07-25T19:05:20.075+0800][88.445s][gc,mmu      ] GC(4730) MMU: 2ms/88.2%, 5ms/95.3%, 10ms/97.6%, 20ms/98.8%, 50ms/99.4%, 100ms/99.6%
[2024-07-25T19:05:20.075+0800][88.445s][gc,marking  ] GC(4730) Mark: 1 stripe(s), 1 proactive flush(es), 1 terminate flush(es), 0 completion(s), 0 continuation(s) 
[2024-07-25T19:05:20.075+0800][88.445s][gc,marking  ] GC(4730) Mark Stack Usage: 32M
[2024-07-25T19:05:20.075+0800][88.445s][gc,nmethod  ] GC(4730) NMethods: 535 registered, 0 unregistered
[2024-07-25T19:05:20.075+0800][88.445s][gc,metaspace] GC(4730) Metaspace: 1M used, 1M committed, 1088M reserved
[2024-07-25T19:05:20.075+0800][88.445s][gc,ref      ] GC(4730) Soft: 46 encountered, 25 discovered, 0 enqueued
[2024-07-25T19:05:20.075+0800][88.445s][gc,ref      ] GC(4730) Weak: 131 encountered, 107 discovered, 0 enqueued
[2024-07-25T19:05:20.075+0800][88.445s][gc,ref      ] GC(4730) Final: 0 encountered, 0 discovered, 0 enqueued
[2024-07-25T19:05:20.076+0800][88.445s][gc,ref      ] GC(4730) Phantom: 184 encountered, 98 discovered, 0 enqueued
[2024-07-25T19:05:20.076+0800][88.445s][gc,reloc    ] GC(4730) Small Pages: 4 / 8M, Empty: 2M, Relocated: 0M, In-Place: 0
[2024-07-25T19:05:20.076+0800][88.445s][gc,reloc    ] GC(4730) Large Pages: 4 / 8M, Empty: 4M, Relocated: 0M, In-Place: 0
[2024-07-25T19:05:20.076+0800][88.445s][gc,reloc    ] GC(4730) Forwarding Usage: 0M
[2024-07-25T19:05:20.076+0800][88.445s][gc,heap     ] GC(4730) Min Capacity: 8M(50%)
[2024-07-25T19:05:20.076+0800][88.445s][gc,heap     ] GC(4730) Max Capacity: 16M(100%)
[2024-07-25T19:05:20.076+0800][88.445s][gc,heap     ] GC(4730) Soft Max Capacity: 16M(100%)
[2024-07-25T19:05:20.076+0800][88.445s][gc,heap     ] GC(4730)                Mark Start          Mark End        Relocate Start      Relocate End           High               Low         
[2024-07-25T19:05:20.076+0800][88.445s][gc,heap     ] GC(4730)  Capacity:       16M (100%)         16M (100%)         16M (100%)         16M (100%)         16M (100%)         16M (100%)   
[2024-07-25T19:05:20.076+0800][88.445s][gc,heap     ] GC(4730)      Free:        0M (0%)            0M (0%)            2M (12%)           2M (12%)           6M (38%)           0M (0%)     
[2024-07-25T19:05:20.076+0800][88.445s][gc,heap     ] GC(4730)      Used:       16M (100%)         16M (100%)         14M (88%)          14M (88%)          16M (100%)         10M (62%)    
[2024-07-25T19:05:20.076+0800][88.445s][gc,heap     ] GC(4730)      Live:         -                 8M (54%)           8M (54%)           8M (54%)            -                  -          
[2024-07-25T19:05:20.076+0800][88.445s][gc,heap     ] GC(4730) Allocated:         -                 0M (0%)            4M (25%)           4M (25%)            -                  -          
[2024-07-25T19:05:20.076+0800][88.446s][gc,heap     ] GC(4730)   Garbage:         -                 7M (46%)           1M (8%)            1M (8%)             -                  -          
[2024-07-25T19:05:20.076+0800][88.446s][gc,heap     ] GC(4730) Reclaimed:         -                  -                 6M (38%)           6M (38%)            -                  -          
[2024-07-25T19:05:20.076+0800][88.446s][gc          ] GC(4730) Garbage Collection (Allocation Stall) 16M(100%)->14M(88%)
[2024-07-25T19:05:20.078+0800][88.447s][gc,start    ] GC(4731) Garbage Collection (Allocation Stall)
[2024-07-25T19:05:20.078+0800][88.447s][gc,ref      ] GC(4731) Clearing All SoftReferences
[2024-07-25T19:05:20.078+0800][88.448s][gc,task     ] GC(4731) Using 1 workers
[2024-07-25T19:05:20.079+0800][88.448s][gc,phases   ] GC(4731) Pause Mark Start 0.007ms
[2024-07-25T19:05:20.084+0800][88.453s][gc,phases   ] GC(4731) Concurrent Mark 5.771ms
[2024-07-25T19:05:20.084+0800][88.454s][gc,phases   ] GC(4731) Pause Mark End 0.009ms
[2024-07-25T19:05:20.084+0800][88.454s][gc,phases   ] GC(4731) Concurrent Mark Free 0.001ms
[2024-07-25T19:05:20.086+0800][88.455s][gc,phases   ] GC(4731) Concurrent Process Non-Strong References 1.502ms
[2024-07-25T19:05:20.086+0800][88.455s][gc,phases   ] GC(4731) Concurrent Reset Relocation Set 0.001ms
[2024-07-25T19:05:20.088+0800][88.458s][gc,phases   ] GC(4731) Concurrent Select Relocation Set 2.434ms
[2024-07-25T19:05:20.088+0800][88.458s][gc          ] Allocation Stall (main) 10.389ms
[2024-07-25T19:05:20.088+0800][88.458s][gc,phases   ] GC(4731) Pause Relocate Start 0.006ms
[2024-07-25T19:05:20.089+0800][88.458s][gc,phases   ] GC(4731) Concurrent Relocate 0.081ms
[2024-07-25T19:05:20.089+0800][88.458s][gc,load     ] GC(4731) Load: 0.00/0.00/0.00
[2024-07-25T19:05:20.089+0800][88.458s][gc,mmu      ] GC(4731) MMU: 2ms/88.2%, 5ms/95.3%, 10ms/97.6%, 20ms/98.8%, 50ms/99.4%, 100ms/99.6%
[2024-07-25T19:05:20.089+0800][88.458s][gc,marking  ] GC(4731) Mark: 1 stripe(s), 1 proactive flush(es), 1 terminate flush(es), 0 completion(s), 0 continuation(s) 
[2024-07-25T19:05:20.089+0800][88.458s][gc,marking  ] GC(4731) Mark Stack Usage: 32M
[2024-07-25T19:05:20.089+0800][88.458s][gc,nmethod  ] GC(4731) NMethods: 535 registered, 0 unregistered
[2024-07-25T19:05:20.089+0800][88.458s][gc,metaspace] GC(4731) Metaspace: 1M used, 1M committed, 1088M reserved
[2024-07-25T19:05:20.089+0800][88.458s][gc,ref      ] GC(4731) Soft: 46 encountered, 25 discovered, 0 enqueued
[2024-07-25T19:05:20.089+0800][88.458s][gc,ref      ] GC(4731) Weak: 131 encountered, 107 discovered, 0 enqueued
[2024-07-25T19:05:20.089+0800][88.458s][gc,ref      ] GC(4731) Final: 0 encountered, 0 discovered, 0 enqueued
[2024-07-25T19:05:20.089+0800][88.458s][gc,ref      ] GC(4731) Phantom: 184 encountered, 98 discovered, 0 enqueued
[2024-07-25T19:05:20.089+0800][88.458s][gc,reloc    ] GC(4731) Small Pages: 4 / 8M, Empty: 2M, Relocated: 0M, In-Place: 0
[2024-07-25T19:05:20.089+0800][88.459s][gc,reloc    ] GC(4731) Large Pages: 4 / 8M, Empty: 4M, Relocated: 0M, In-Place: 0
[2024-07-25T19:05:20.089+0800][88.459s][gc,reloc    ] GC(4731) Forwarding Usage: 0M
[2024-07-25T19:05:20.089+0800][88.459s][gc,heap     ] GC(4731) Min Capacity: 8M(50%)
[2024-07-25T19:05:20.089+0800][88.459s][gc,heap     ] GC(4731) Max Capacity: 16M(100%)
[2024-07-25T19:05:20.089+0800][88.459s][gc,heap     ] GC(4731) Soft Max Capacity: 16M(100%)
[2024-07-25T19:05:20.089+0800][88.459s][gc,heap     ] GC(4731)                Mark Start          Mark End        Relocate Start      Relocate End           High               Low         
[2024-07-25T19:05:20.089+0800][88.459s][gc,heap     ] GC(4731)  Capacity:       16M (100%)         16M (100%)         16M (100%)         16M (100%)         16M (100%)         16M (100%)   
[2024-07-25T19:05:20.089+0800][88.459s][gc,heap     ] GC(4731)      Free:        0M (0%)            0M (0%)            4M (25%)           4M (25%)           6M (38%)           0M (0%)     
[2024-07-25T19:05:20.089+0800][88.459s][gc,heap     ] GC(4731)      Used:       16M (100%)         16M (100%)         12M (75%)          12M (75%)          16M (100%)         10M (62%)    
[2024-07-25T19:05:20.089+0800][88.459s][gc,heap     ] GC(4731)      Live:         -                 8M (54%)           8M (54%)           8M (54%)            -                  -          
[2024-07-25T19:05:20.089+0800][88.459s][gc,heap     ] GC(4731) Allocated:         -                 0M (0%)            2M (12%)           2M (12%)            -                  -          
[2024-07-25T19:05:20.089+0800][88.459s][gc,heap     ] GC(4731)   Garbage:         -                 7M (46%)           1M (8%)            1M (8%)             -                  -          
[2024-07-25T19:05:20.089+0800][88.459s][gc,heap     ] GC(4731) Reclaimed:         -                  -                 6M (38%)           6M (38%)            -                  -          
[2024-07-25T19:05:20.089+0800][88.459s][gc          ] GC(4731) Garbage Collection (Allocation Stall) 16M(100%)->12M(75%)
[2024-07-25T19:05:20.094+0800][88.463s][gc,start    ] GC(4732) Garbage Collection (Allocation Stall)
[2024-07-25T19:05:20.094+0800][88.463s][gc,ref      ] GC(4732) Clearing All SoftReferences
[2024-07-25T19:05:20.094+0800][88.463s][gc,task     ] GC(4732) Using 1 workers
[2024-07-25T19:05:20.094+0800][88.463s][gc,phases   ] GC(4732) Pause Mark Start 0.007ms
[2024-07-25T19:05:20.099+0800][88.468s][gc,phases   ] GC(4732) Concurrent Mark 5.139ms
[2024-07-25T19:05:20.099+0800][88.468s][gc,phases   ] GC(4732) Pause Mark End 0.007ms
[2024-07-25T19:05:20.099+0800][88.468s][gc,phases   ] GC(4732) Concurrent Mark Free 0.001ms
[2024-07-25T19:05:20.100+0800][88.469s][gc,phases   ] GC(4732) Concurrent Process Non-Strong References 1.243ms
[2024-07-25T19:05:20.100+0800][88.469s][gc,phases   ] GC(4732) Concurrent Reset Relocation Set 0.001ms
[2024-07-25T19:05:20.103+0800][88.472s][gc,phases   ] GC(4732) Concurrent Select Relocation Set 2.358ms
[2024-07-25T19:05:20.103+0800][88.472s][gc          ] Allocation Stall (main) 9.354ms
[2024-07-25T19:05:20.103+0800][88.472s][gc,phases   ] GC(4732) Pause Relocate Start 0.004ms
[2024-07-25T19:05:20.103+0800][88.472s][gc,phases   ] GC(4732) Concurrent Relocate 0.126ms
[2024-07-25T19:05:20.103+0800][88.472s][gc,load     ] GC(4732) Load: 0.00/0.00/0.00
[2024-07-25T19:05:20.103+0800][88.472s][gc,mmu      ] GC(4732) MMU: 2ms/88.2%, 5ms/95.3%, 10ms/97.6%, 20ms/98.8%, 50ms/99.4%, 100ms/99.6%
[2024-07-25T19:05:20.103+0800][88.472s][gc,marking  ] GC(4732) Mark: 1 stripe(s), 1 proactive flush(es), 1 terminate flush(es), 0 completion(s), 0 continuation(s) 
[2024-07-25T19:05:20.103+0800][88.472s][gc,marking  ] GC(4732) Mark Stack Usage: 32M
[2024-07-25T19:05:20.103+0800][88.472s][gc,nmethod  ] GC(4732) NMethods: 535 registered, 0 unregistered
[2024-07-25T19:05:20.103+0800][88.473s][gc,metaspace] GC(4732) Metaspace: 1M used, 1M committed, 1088M reserved
[2024-07-25T19:05:20.103+0800][88.473s][gc,ref      ] GC(4732) Soft: 46 encountered, 25 discovered, 0 enqueued
[2024-07-25T19:05:20.103+0800][88.473s][gc,ref      ] GC(4732) Weak: 131 encountered, 107 discovered, 0 enqueued
[2024-07-25T19:05:20.103+0800][88.473s][gc,ref      ] GC(4732) Final: 0 encountered, 0 discovered, 0 enqueued
[2024-07-25T19:05:20.103+0800][88.473s][gc,ref      ] GC(4732) Phantom: 184 encountered, 98 discovered, 0 enqueued
[2024-07-25T19:05:20.103+0800][88.473s][gc,reloc    ] GC(4732) Small Pages: 4 / 8M, Empty: 2M, Relocated: 0M, In-Place: 0
[2024-07-25T19:05:20.103+0800][88.473s][gc,reloc    ] GC(4732) Large Pages: 4 / 8M, Empty: 4M, Relocated: 0M, In-Place: 0
[2024-07-25T19:05:20.103+0800][88.473s][gc,reloc    ] GC(4732) Forwarding Usage: 0M
[2024-07-25T19:05:20.103+0800][88.473s][gc,heap     ] GC(4732) Min Capacity: 8M(50%)
[2024-07-25T19:05:20.103+0800][88.473s][gc,heap     ] GC(4732) Max Capacity: 16M(100%)
[2024-07-25T19:05:20.103+0800][88.473s][gc,heap     ] GC(4732) Soft Max Capacity: 16M(100%)
[2024-07-25T19:05:20.103+0800][88.473s][gc,heap     ] GC(4732)                Mark Start          Mark End        Relocate Start      Relocate End           High               Low         
[2024-07-25T19:05:20.103+0800][88.473s][gc,heap     ] GC(4732)  Capacity:       16M (100%)         16M (100%)         16M (100%)         16M (100%)         16M (100%)         16M (100%)   
[2024-07-25T19:05:20.103+0800][88.473s][gc,heap     ] GC(4732)      Free:        0M (0%)            0M (0%)            4M (25%)           2M (12%)           6M (38%)           0M (0%)     
[2024-07-25T19:05:20.103+0800][88.473s][gc,heap     ] GC(4732)      Used:       16M (100%)         16M (100%)         12M (75%)          14M (88%)          16M (100%)         10M (62%)    
[2024-07-25T19:05:20.103+0800][88.473s][gc,heap     ] GC(4732)      Live:         -                 8M (54%)           8M (54%)           8M (54%)            -                  -          
[2024-07-25T19:05:20.103+0800][88.473s][gc,heap     ] GC(4732) Allocated:         -                 0M (0%)            2M (12%)           4M (25%)            -                  -          
[2024-07-25T19:05:20.103+0800][88.473s][gc,heap     ] GC(4732)   Garbage:         -                 7M (46%)           1M (8%)            1M (8%)             -                  -          
[2024-07-25T19:05:20.103+0800][88.473s][gc,heap     ] GC(4732) Reclaimed:         -                  -                 6M (38%)           6M (38%)            -                  -          
[2024-07-25T19:05:20.103+0800][88.473s][gc          ] GC(4732) Garbage Collection (Allocation Stall) 16M(100%)->14M(88%)
[2024-07-25T19:05:20.107+0800][88.476s][gc,start    ] GC(4733) Garbage Collection (Allocation Stall)
[2024-07-25T19:05:20.107+0800][88.477s][gc,ref      ] GC(4733) Clearing All SoftReferences
[2024-07-25T19:05:20.107+0800][88.477s][gc,task     ] GC(4733) Using 1 workers
[2024-07-25T19:05:20.107+0800][88.477s][gc,phases   ] GC(4733) Pause Mark Start 0.006ms
[2024-07-25T19:05:20.113+0800][88.482s][gc,phases   ] GC(4733) Concurrent Mark 5.073ms
[2024-07-25T19:05:20.113+0800][88.482s][gc,phases   ] GC(4733) Pause Mark End 0.006ms
[2024-07-25T19:05:20.113+0800][88.482s][gc,phases   ] GC(4733) Concurrent Mark Free 0.001ms
[2024-07-25T19:05:20.115+0800][88.484s][gc,phases   ] GC(4733) Concurrent Process Non-Strong References 1.624ms
[2024-07-25T19:05:20.115+0800][88.484s][gc,phases   ] GC(4733) Concurrent Reset Relocation Set 0.000ms
[2024-07-25T19:05:20.117+0800][88.486s][gc          ] Allocation Stall (main) 9.567ms
[2024-07-25T19:05:20.117+0800][88.486s][gc,phases   ] GC(4733) Concurrent Select Relocation Set 2.325ms
[2024-07-25T19:05:20.117+0800][88.486s][gc,phases   ] GC(4733) Pause Relocate Start 0.006ms
[2024-07-25T19:05:20.117+0800][88.486s][gc,phases   ] GC(4733) Concurrent Relocate 0.107ms
[2024-07-25T19:05:20.117+0800][88.487s][gc,load     ] GC(4733) Load: 0.00/0.00/0.00
[2024-07-25T19:05:20.117+0800][88.487s][gc,mmu      ] GC(4733) MMU: 2ms/88.2%, 5ms/95.3%, 10ms/97.6%, 20ms/98.8%, 50ms/99.4%, 100ms/99.6%
[2024-07-25T19:05:20.117+0800][88.487s][gc,marking  ] GC(4733) Mark: 1 stripe(s), 1 proactive flush(es), 1 terminate flush(es), 0 completion(s), 0 continuation(s) 
[2024-07-25T19:05:20.117+0800][88.487s][gc,marking  ] GC(4733) Mark Stack Usage: 32M
[2024-07-25T19:05:20.117+0800][88.487s][gc,nmethod  ] GC(4733) NMethods: 535 registered, 0 unregistered
[2024-07-25T19:05:20.117+0800][88.487s][gc,metaspace] GC(4733) Metaspace: 1M used, 1M committed, 1088M reserved
[2024-07-25T19:05:20.117+0800][88.487s][gc,ref      ] GC(4733) Soft: 46 encountered, 25 discovered, 0 enqueued
[2024-07-25T19:05:20.117+0800][88.487s][gc,ref      ] GC(4733) Weak: 131 encountered, 107 discovered, 0 enqueued
[2024-07-25T19:05:20.117+0800][88.487s][gc,ref      ] GC(4733) Final: 0 encountered, 0 discovered, 0 enqueued
[2024-07-25T19:05:20.117+0800][88.487s][gc,ref      ] GC(4733) Phantom: 184 encountered, 98 discovered, 0 enqueued
[2024-07-25T19:05:20.117+0800][88.487s][gc,reloc    ] GC(4733) Small Pages: 4 / 8M, Empty: 2M, Relocated: 0M, In-Place: 0
[2024-07-25T19:05:20.117+0800][88.487s][gc,reloc    ] GC(4733) Large Pages: 4 / 8M, Empty: 4M, Relocated: 0M, In-Place: 0
[2024-07-25T19:05:20.117+0800][88.487s][gc,reloc    ] GC(4733) Forwarding Usage: 0M
[2024-07-25T19:05:20.117+0800][88.487s][gc,heap     ] GC(4733) Min Capacity: 8M(50%)
[2024-07-25T19:05:20.117+0800][88.487s][gc,heap     ] GC(4733) Max Capacity: 16M(100%)
[2024-07-25T19:05:20.117+0800][88.487s][gc,heap     ] GC(4733) Soft Max Capacity: 16M(100%)
[2024-07-25T19:05:20.117+0800][88.487s][gc,heap     ] GC(4733)                Mark Start          Mark End        Relocate Start      Relocate End           High               Low         
[2024-07-25T19:05:20.117+0800][88.487s][gc,heap     ] GC(4733)  Capacity:       16M (100%)         16M (100%)         16M (100%)         16M (100%)         16M (100%)         16M (100%)   
[2024-07-25T19:05:20.117+0800][88.487s][gc,heap     ] GC(4733)      Free:        0M (0%)            0M (0%)            2M (12%)           2M (12%)           6M (38%)           0M (0%)     
[2024-07-25T19:05:20.117+0800][88.487s][gc,heap     ] GC(4733)      Used:       16M (100%)         16M (100%)         14M (88%)          14M (88%)          16M (100%)         10M (62%)    
[2024-07-25T19:05:20.117+0800][88.487s][gc,heap     ] GC(4733)      Live:         -                 8M (54%)           8M (54%)           8M (54%)            -                  -          
[2024-07-25T19:05:20.117+0800][88.487s][gc,heap     ] GC(4733) Allocated:         -                 0M (0%)            4M (25%)           4M (25%)            -                  -          
[2024-07-25T19:05:20.118+0800][88.487s][gc,heap     ] GC(4733)   Garbage:         -                 7M (46%)           1M (8%)            1M (8%)             -                  -          
[2024-07-25T19:05:20.118+0800][88.487s][gc,heap     ] GC(4733) Reclaimed:         -                  -                 6M (38%)           6M (38%)            -                  -          
[2024-07-25T19:05:20.118+0800][88.487s][gc          ] GC(4733) Garbage Collection (Allocation Stall) 16M(100%)->14M(88%)
[2024-07-25T19:05:20.121+0800][88.490s][gc,start    ] GC(4734) Garbage Collection (Allocation Rate)
[2024-07-25T19:05:20.121+0800][88.490s][gc,task     ] GC(4734) Using 1 workers
[2024-07-25T19:05:20.121+0800][88.491s][gc,phases   ] GC(4734) Pause Mark Start 0.007ms
[2024-07-25T19:05:20.126+0800][88.495s][gc,phases   ] GC(4734) Concurrent Mark 4.790ms
[2024-07-25T19:05:20.126+0800][88.496s][gc,phases   ] GC(4734) Pause Mark End 0.008ms
[2024-07-25T19:05:20.126+0800][88.496s][gc,phases   ] GC(4734) Concurrent Mark Free 0.001ms
[2024-07-25T19:05:20.128+0800][88.497s][gc,phases   ] GC(4734) Concurrent Process Non-Strong References 1.347ms
[2024-07-25T19:05:20.128+0800][88.497s][gc,phases   ] GC(4734) Concurrent Reset Relocation Set 0.000ms
[2024-07-25T19:05:20.130+0800][88.499s][gc          ] Allocation Stall (main) 8.747ms
[2024-07-25T19:05:20.130+0800][88.499s][gc,phases   ] GC(4734) Concurrent Select Relocation Set 1.939ms
[2024-07-25T19:05:20.130+0800][88.499s][gc,phases   ] GC(4734) Pause Relocate Start 0.005ms
[2024-07-25T19:05:20.130+0800][88.499s][gc,phases   ] GC(4734) Concurrent Relocate 0.105ms
[2024-07-25T19:05:20.130+0800][88.500s][gc,load     ] GC(4734) Load: 0.00/0.00/0.00
[2024-07-25T19:05:20.130+0800][88.500s][gc,mmu      ] GC(4734) MMU: 2ms/88.2%, 5ms/95.3%, 10ms/97.6%, 20ms/98.8%, 50ms/99.4%, 100ms/99.6%
[2024-07-25T19:05:20.130+0800][88.500s][gc,marking  ] GC(4734) Mark: 1 stripe(s), 1 proactive flush(es), 1 terminate flush(es), 0 completion(s), 0 continuation(s) 
[2024-07-25T19:05:20.130+0800][88.500s][gc,marking  ] GC(4734) Mark Stack Usage: 32M
[2024-07-25T19:05:20.130+0800][88.500s][gc,nmethod  ] GC(4734) NMethods: 535 registered, 0 unregistered
[2024-07-25T19:05:20.130+0800][88.500s][gc,metaspace] GC(4734) Metaspace: 1M used, 1M committed, 1088M reserved
[2024-07-25T19:05:20.130+0800][88.500s][gc,ref      ] GC(4734) Soft: 46 encountered, 25 discovered, 0 enqueued
[2024-07-25T19:05:20.130+0800][88.500s][gc,ref      ] GC(4734) Weak: 131 encountered, 107 discovered, 0 enqueued
[2024-07-25T19:05:20.130+0800][88.500s][gc,ref      ] GC(4734) Final: 0 encountered, 0 discovered, 0 enqueued
[2024-07-25T19:05:20.130+0800][88.500s][gc,ref      ] GC(4734) Phantom: 184 encountered, 98 discovered, 0 enqueued
[2024-07-25T19:05:20.130+0800][88.500s][gc,reloc    ] GC(4734) Small Pages: 4 / 8M, Empty: 2M, Relocated: 0M, In-Place: 0
[2024-07-25T19:05:20.130+0800][88.500s][gc,reloc    ] GC(4734) Large Pages: 4 / 8M, Empty: 4M, Relocated: 0M, In-Place: 0
[2024-07-25T19:05:20.130+0800][88.500s][gc,reloc    ] GC(4734) Forwarding Usage: 0M
[2024-07-25T19:05:20.130+0800][88.500s][gc,heap     ] GC(4734) Min Capacity: 8M(50%)
[2024-07-25T19:05:20.130+0800][88.500s][gc,heap     ] GC(4734) Max Capacity: 16M(100%)
[2024-07-25T19:05:20.130+0800][88.500s][gc,heap     ] GC(4734) Soft Max Capacity: 16M(100%)
[2024-07-25T19:05:20.130+0800][88.500s][gc,heap     ] GC(4734)                Mark Start          Mark End        Relocate Start      Relocate End           High               Low         
[2024-07-25T19:05:20.130+0800][88.500s][gc,heap     ] GC(4734)  Capacity:       16M (100%)         16M (100%)         16M (100%)         16M (100%)         16M (100%)         16M (100%)   
[2024-07-25T19:05:20.130+0800][88.500s][gc,heap     ] GC(4734)      Free:        0M (0%)            0M (0%)            2M (12%)           2M (12%)           6M (38%)           0M (0%)     
[2024-07-25T19:05:20.130+0800][88.500s][gc,heap     ] GC(4734)      Used:       16M (100%)         16M (100%)         14M (88%)          14M (88%)          16M (100%)         10M (62%)    
[2024-07-25T19:05:20.130+0800][88.500s][gc,heap     ] GC(4734)      Live:         -                 8M (54%)           8M (54%)           8M (54%)            -                  -          
[2024-07-25T19:05:20.130+0800][88.500s][gc,heap     ] GC(4734) Allocated:         -                 0M (0%)            4M (25%)           4M (25%)            -                  -          
[2024-07-25T19:05:20.130+0800][88.500s][gc,heap     ] GC(4734)   Garbage:         -                 7M (46%)           1M (8%)            1M (8%)             -                  -          
[2024-07-25T19:05:20.131+0800][88.500s][gc,heap     ] GC(4734) Reclaimed:         -                  -                 6M (38%)           6M (38%)            -                  -          
[2024-07-25T19:05:20.131+0800][88.500s][gc          ] GC(4734) Garbage Collection (Allocation Rate) 16M(100%)->14M(88%)
[2024-07-25T19:05:20.135+0800][88.504s][gc,start    ] GC(4735) Garbage Collection (Allocation Stall)
[2024-07-25T19:05:20.135+0800][88.504s][gc,ref      ] GC(4735) Clearing All SoftReferences
[2024-07-25T19:05:20.135+0800][88.505s][gc,task     ] GC(4735) Using 1 workers
[2024-07-25T19:05:20.135+0800][88.505s][gc,phases   ] GC(4735) Pause Mark Start 0.015ms
[2024-07-25T19:05:20.141+0800][88.510s][gc,phases   ] GC(4735) Concurrent Mark 5.200ms
[2024-07-25T19:05:20.141+0800][88.510s][gc,phases   ] GC(4735) Pause Mark End 0.008ms
[2024-07-25T19:05:20.141+0800][88.510s][gc,phases   ] GC(4735) Concurrent Mark Free 0.001ms
[2024-07-25T19:05:20.143+0800][88.512s][gc,phases   ] GC(4735) Concurrent Process Non-Strong References 1.465ms
[2024-07-25T19:05:20.143+0800][88.512s][gc,phases   ] GC(4735) Concurrent Reset Relocation Set 0.001ms
[2024-07-25T19:05:20.146+0800][88.515s][gc          ] Allocation Stall (main) 10.674ms
[2024-07-25T19:05:20.146+0800][88.515s][gc,phases   ] GC(4735) Concurrent Select Relocation Set 3.200ms
[2024-07-25T19:05:20.146+0800][88.515s][gc,phases   ] GC(4735) Pause Relocate Start 0.024ms
[2024-07-25T19:05:20.146+0800][88.515s][gc,phases   ] GC(4735) Concurrent Relocate 0.061ms
[2024-07-25T19:05:20.146+0800][88.515s][gc,load     ] GC(4735) Load: 0.00/0.00/0.00
[2024-07-25T19:05:20.146+0800][88.515s][gc,mmu      ] GC(4735) MMU: 2ms/88.2%, 5ms/95.3%, 10ms/97.6%, 20ms/98.8%, 50ms/99.4%, 100ms/99.6%
[2024-07-25T19:05:20.146+0800][88.516s][gc,marking  ] GC(4735) Mark: 1 stripe(s), 1 proactive flush(es), 1 terminate flush(es), 0 completion(s), 0 continuation(s) 
[2024-07-25T19:05:20.146+0800][88.516s][gc,marking  ] GC(4735) Mark Stack Usage: 32M
[2024-07-25T19:05:20.146+0800][88.516s][gc,nmethod  ] GC(4735) NMethods: 535 registered, 0 unregistered
[2024-07-25T19:05:20.146+0800][88.516s][gc,metaspace] GC(4735) Metaspace: 1M used, 1M committed, 1088M reserved
[2024-07-25T19:05:20.146+0800][88.516s][gc,ref      ] GC(4735) Soft: 46 encountered, 25 discovered, 0 enqueued
[2024-07-25T19:05:20.146+0800][88.516s][gc,ref      ] GC(4735) Weak: 131 encountered, 107 discovered, 0 enqueued
[2024-07-25T19:05:20.146+0800][88.516s][gc,ref      ] GC(4735) Final: 0 encountered, 0 discovered, 0 enqueued
[2024-07-25T19:05:20.146+0800][88.516s][gc,ref      ] GC(4735) Phantom: 184 encountered, 98 discovered, 0 enqueued
[2024-07-25T19:05:20.146+0800][88.516s][gc,reloc    ] GC(4735) Small Pages: 4 / 8M, Empty: 2M, Relocated: 0M, In-Place: 0
[2024-07-25T19:05:20.146+0800][88.516s][gc,reloc    ] GC(4735) Large Pages: 4 / 8M, Empty: 4M, Relocated: 0M, In-Place: 0
[2024-07-25T19:05:20.146+0800][88.516s][gc,reloc    ] GC(4735) Forwarding Usage: 0M
[2024-07-25T19:05:20.146+0800][88.516s][gc,heap     ] GC(4735) Min Capacity: 8M(50%)
[2024-07-25T19:05:20.146+0800][88.516s][gc,heap     ] GC(4735) Max Capacity: 16M(100%)
[2024-07-25T19:05:20.146+0800][88.516s][gc,heap     ] GC(4735) Soft Max Capacity: 16M(100%)
[2024-07-25T19:05:20.146+0800][88.516s][gc,heap     ] GC(4735)                Mark Start          Mark End        Relocate Start      Relocate End           High               Low         
[2024-07-25T19:05:20.146+0800][88.516s][gc,heap     ] GC(4735)  Capacity:       16M (100%)         16M (100%)         16M (100%)         16M (100%)         16M (100%)         16M (100%)   
[2024-07-25T19:05:20.147+0800][88.516s][gc,heap     ] GC(4735)      Free:        0M (0%)            0M (0%)            2M (12%)           2M (12%)           6M (38%)           0M (0%)     
[2024-07-25T19:05:20.147+0800][88.516s][gc,heap     ] GC(4735)      Used:       16M (100%)         16M (100%)         14M (88%)          14M (88%)          16M (100%)         10M (62%)    
[2024-07-25T19:05:20.147+0800][88.516s][gc,heap     ] GC(4735)      Live:         -                 8M (54%)           8M (54%)           8M (54%)            -                  -          
[2024-07-25T19:05:20.147+0800][88.516s][gc,heap     ] GC(4735) Allocated:         -                 0M (0%)            4M (25%)           4M (25%)            -                  -          
[2024-07-25T19:05:20.147+0800][88.516s][gc,heap     ] GC(4735)   Garbage:         -                 7M (46%)           1M (8%)            1M (8%)             -                  -          
[2024-07-25T19:05:20.147+0800][88.516s][gc,heap     ] GC(4735) Reclaimed:         -                  -                 6M (38%)           6M (38%)            -                  -          
[2024-07-25T19:05:20.147+0800][88.516s][gc          ] GC(4735) Garbage Collection (Allocation Stall) 16M(100%)->14M(88%)
[2024-07-25T19:05:20.150+0800][88.519s][gc,start    ] GC(4736) Garbage Collection (Allocation Stall)
[2024-07-25T19:05:20.150+0800][88.519s][gc,ref      ] GC(4736) Clearing All SoftReferences
[2024-07-25T19:05:20.150+0800][88.519s][gc,task     ] GC(4736) Using 1 workers
[2024-07-25T19:05:20.150+0800][88.520s][gc,phases   ] GC(4736) Pause Mark Start 0.010ms
[2024-07-25T19:05:20.157+0800][88.526s][gc,phases   ] GC(4736) Concurrent Mark 5.997ms
[2024-07-25T19:05:20.157+0800][88.526s][gc,phases   ] GC(4736) Pause Mark End 0.009ms
[2024-07-25T19:05:20.157+0800][88.526s][gc,phases   ] GC(4736) Concurrent Mark Free 0.001ms
[2024-07-25T19:05:20.158+0800][88.528s][gc,phases   ] GC(4736) Concurrent Process Non-Strong References 1.776ms
[2024-07-25T19:05:20.159+0800][88.528s][gc,phases   ] GC(4736) Concurrent Reset Relocation Set 0.001ms
[2024-07-25T19:05:20.162+0800][88.531s][gc          ] Allocation Stall (main) 11.794ms
[2024-07-25T19:05:20.162+0800][88.531s][gc,phases   ] GC(4736) Concurrent Select Relocation Set 3.067ms
[2024-07-25T19:05:20.162+0800][88.531s][gc,phases   ] GC(4736) Pause Relocate Start 0.010ms
[2024-07-25T19:05:20.162+0800][88.531s][gc,phases   ] GC(4736) Concurrent Relocate 0.053ms
[2024-07-25T19:05:20.162+0800][88.531s][gc,load     ] GC(4736) Load: 0.00/0.00/0.00
[2024-07-25T19:05:20.162+0800][88.532s][gc,mmu      ] GC(4736) MMU: 2ms/88.2%, 5ms/95.3%, 10ms/97.6%, 20ms/98.8%, 50ms/99.4%, 100ms/99.6%
[2024-07-25T19:05:20.162+0800][88.532s][gc,marking  ] GC(4736) Mark: 1 stripe(s), 1 proactive flush(es), 1 terminate flush(es), 0 completion(s), 0 continuation(s) 
[2024-07-25T19:05:20.162+0800][88.532s][gc,marking  ] GC(4736) Mark Stack Usage: 32M
[2024-07-25T19:05:20.162+0800][88.532s][gc,nmethod  ] GC(4736) NMethods: 535 registered, 0 unregistered
[2024-07-25T19:05:20.162+0800][88.532s][gc,metaspace] GC(4736) Metaspace: 1M used, 1M committed, 1088M reserved
[2024-07-25T19:05:20.162+0800][88.532s][gc,ref      ] GC(4736) Soft: 46 encountered, 25 discovered, 0 enqueued
[2024-07-25T19:05:20.162+0800][88.532s][gc,ref      ] GC(4736) Weak: 131 encountered, 107 discovered, 0 enqueued
[2024-07-25T19:05:20.162+0800][88.532s][gc,ref      ] GC(4736) Final: 0 encountered, 0 discovered, 0 enqueued
[2024-07-25T19:05:20.162+0800][88.532s][gc,ref      ] GC(4736) Phantom: 184 encountered, 98 discovered, 0 enqueued
[2024-07-25T19:05:20.162+0800][88.532s][gc,reloc    ] GC(4736) Small Pages: 4 / 8M, Empty: 2M, Relocated: 0M, In-Place: 0
[2024-07-25T19:05:20.162+0800][88.532s][gc,reloc    ] GC(4736) Large Pages: 4 / 8M, Empty: 4M, Relocated: 0M, In-Place: 0
[2024-07-25T19:05:20.162+0800][88.532s][gc,reloc    ] GC(4736) Forwarding Usage: 0M
[2024-07-25T19:05:20.162+0800][88.532s][gc,heap     ] GC(4736) Min Capacity: 8M(50%)
[2024-07-25T19:05:20.162+0800][88.532s][gc,heap     ] GC(4736) Max Capacity: 16M(100%)
[2024-07-25T19:05:20.162+0800][88.532s][gc,heap     ] GC(4736) Soft Max Capacity: 16M(100%)
[2024-07-25T19:05:20.162+0800][88.532s][gc,heap     ] GC(4736)                Mark Start          Mark End        Relocate Start      Relocate End           High               Low         
[2024-07-25T19:05:20.163+0800][88.532s][gc,heap     ] GC(4736)  Capacity:       16M (100%)         16M (100%)         16M (100%)         16M (100%)         16M (100%)         16M (100%)   
[2024-07-25T19:05:20.163+0800][88.532s][gc,heap     ] GC(4736)      Free:        0M (0%)            0M (0%)            4M (25%)           4M (25%)           6M (38%)           0M (0%)     
[2024-07-25T19:05:20.163+0800][88.532s][gc,heap     ] GC(4736)      Used:       16M (100%)         16M (100%)         12M (75%)          12M (75%)          16M (100%)         10M (62%)    
[2024-07-25T19:05:20.163+0800][88.532s][gc,heap     ] GC(4736)      Live:         -                 8M (54%)           8M (54%)           8M (54%)            -                  -          
[2024-07-25T19:05:20.163+0800][88.532s][gc,heap     ] GC(4736) Allocated:         -                 0M (0%)            2M (12%)           2M (12%)            -                  -          
[2024-07-25T19:05:20.163+0800][88.532s][gc,heap     ] GC(4736)   Garbage:         -                 7M (46%)           1M (8%)            1M (8%)             -                  -          
[2024-07-25T19:05:20.163+0800][88.532s][gc,heap     ] GC(4736) Reclaimed:         -                  -                 6M (38%)           6M (38%)            -                  -          
[2024-07-25T19:05:20.163+0800][88.532s][gc          ] GC(4736) Garbage Collection (Allocation Stall) 16M(100%)->12M(75%)
[2024-07-25T19:05:20.166+0800][88.535s][gc,start    ] GC(4737) Garbage Collection (Allocation Stall)
[2024-07-25T19:05:20.166+0800][88.535s][gc,ref      ] GC(4737) Clearing All SoftReferences
[2024-07-25T19:05:20.166+0800][88.535s][gc,task     ] GC(4737) Using 1 workers
[2024-07-25T19:05:20.166+0800][88.535s][gc,phases   ] GC(4737) Pause Mark Start 0.009ms
[2024-07-25T19:05:20.174+0800][88.543s][gc,phases   ] GC(4737) Concurrent Mark 7.663ms
[2024-07-25T19:05:20.174+0800][88.543s][gc,phases   ] GC(4737) Pause Mark End 0.015ms
[2024-07-25T19:05:20.174+0800][88.543s][gc,phases   ] GC(4737) Concurrent Mark Free 0.001ms
[2024-07-25T19:05:20.176+0800][88.546s][gc,phases   ] GC(4737) Concurrent Process Non-Strong References 2.172ms
[2024-07-25T19:05:20.176+0800][88.546s][gc,phases   ] GC(4737) Concurrent Reset Relocation Set 0.001ms
[2024-07-25T19:05:20.179+0800][88.549s][gc          ] Allocation Stall (main) 13.927ms
[2024-07-25T19:05:20.180+0800][88.549s][gc,phases   ] GC(4737) Concurrent Select Relocation Set 3.261ms
[2024-07-25T19:05:20.180+0800][88.549s][gc,phases   ] GC(4737) Pause Relocate Start 0.015ms
[2024-07-25T19:05:20.180+0800][88.549s][gc,phases   ] GC(4737) Concurrent Relocate 0.052ms
[2024-07-25T19:05:20.180+0800][88.550s][gc,load     ] GC(4737) Load: 0.00/0.00/0.00
[2024-07-25T19:05:20.180+0800][88.550s][gc,mmu      ] GC(4737) MMU: 2ms/88.2%, 5ms/95.3%, 10ms/97.6%, 20ms/98.8%, 50ms/99.4%, 100ms/99.6%
[2024-07-25T19:05:20.180+0800][88.550s][gc,marking  ] GC(4737) Mark: 1 stripe(s), 1 proactive flush(es), 1 terminate flush(es), 0 completion(s), 0 continuation(s) 
[2024-07-25T19:05:20.180+0800][88.550s][gc,marking  ] GC(4737) Mark Stack Usage: 32M
[2024-07-25T19:05:20.180+0800][88.550s][gc,nmethod  ] GC(4737) NMethods: 535 registered, 0 unregistered
[2024-07-25T19:05:20.180+0800][88.550s][gc,metaspace] GC(4737) Metaspace: 1M used, 1M committed, 1088M reserved
[2024-07-25T19:05:20.180+0800][88.550s][gc,ref      ] GC(4737) Soft: 46 encountered, 25 discovered, 0 enqueued
[2024-07-25T19:05:20.180+0800][88.550s][gc,ref      ] GC(4737) Weak: 131 encountered, 107 discovered, 0 enqueued
[2024-07-25T19:05:20.180+0800][88.550s][gc,ref      ] GC(4737) Final: 0 encountered, 0 discovered, 0 enqueued
[2024-07-25T19:05:20.180+0800][88.550s][gc,ref      ] GC(4737) Phantom: 184 encountered, 98 discovered, 0 enqueued
[2024-07-25T19:05:20.180+0800][88.550s][gc,reloc    ] GC(4737) Small Pages: 4 / 8M, Empty: 2M, Relocated: 0M, In-Place: 0
[2024-07-25T19:05:20.180+0800][88.550s][gc,reloc    ] GC(4737) Large Pages: 4 / 8M, Empty: 4M, Relocated: 0M, In-Place: 0
[2024-07-25T19:05:20.180+0800][88.550s][gc,reloc    ] GC(4737) Forwarding Usage: 0M
[2024-07-25T19:05:20.180+0800][88.550s][gc,heap     ] GC(4737) Min Capacity: 8M(50%)
[2024-07-25T19:05:20.180+0800][88.550s][gc,heap     ] GC(4737) Max Capacity: 16M(100%)
[2024-07-25T19:05:20.180+0800][88.550s][gc,heap     ] GC(4737) Soft Max Capacity: 16M(100%)
[2024-07-25T19:05:20.180+0800][88.550s][gc,heap     ] GC(4737)                Mark Start          Mark End        Relocate Start      Relocate End           High               Low         
[2024-07-25T19:05:20.181+0800][88.550s][gc,heap     ] GC(4737)  Capacity:       16M (100%)         16M (100%)         16M (100%)         16M (100%)         16M (100%)         16M (100%)   
[2024-07-25T19:05:20.181+0800][88.550s][gc,heap     ] GC(4737)      Free:        0M (0%)            0M (0%)            2M (12%)           2M (12%)           6M (38%)           0M (0%)     
[2024-07-25T19:05:20.181+0800][88.550s][gc,heap     ] GC(4737)      Used:       16M (100%)         16M (100%)         14M (88%)          14M (88%)          16M (100%)         10M (62%)    
[2024-07-25T19:05:20.181+0800][88.550s][gc,heap     ] GC(4737)      Live:         -                 8M (54%)           8M (54%)           8M (54%)            -                  -          
[2024-07-25T19:05:20.181+0800][88.550s][gc,heap     ] GC(4737) Allocated:         -                 0M (0%)            4M (25%)           4M (25%)            -                  -          
[2024-07-25T19:05:20.181+0800][88.550s][gc,heap     ] GC(4737)   Garbage:         -                 7M (46%)           1M (8%)            1M (8%)             -                  -          
[2024-07-25T19:05:20.181+0800][88.550s][gc,heap     ] GC(4737) Reclaimed:         -                  -                 6M (38%)           6M (38%)            -                  -          
[2024-07-25T19:05:20.181+0800][88.550s][gc          ] GC(4737) Garbage Collection (Allocation Stall) 16M(100%)->14M(88%)
[2024-07-25T19:05:20.186+0800][88.555s][gc,start    ] GC(4738) Garbage Collection (Allocation Stall)
[2024-07-25T19:05:20.186+0800][88.555s][gc,ref      ] GC(4738) Clearing All SoftReferences
[2024-07-25T19:05:20.186+0800][88.555s][gc,task     ] GC(4738) Using 1 workers
[2024-07-25T19:05:20.186+0800][88.556s][gc,phases   ] GC(4738) Pause Mark Start 0.009ms
[2024-07-25T19:05:20.193+0800][88.563s][gc,phases   ] GC(4738) Concurrent Mark 6.969ms
[2024-07-25T19:05:20.193+0800][88.563s][gc,phases   ] GC(4738) Pause Mark End 0.010ms
[2024-07-25T19:05:20.193+0800][88.563s][gc,phases   ] GC(4738) Concurrent Mark Free 0.001ms
[2024-07-25T19:05:20.195+0800][88.564s][gc,phases   ] GC(4738) Concurrent Process Non-Strong References 1.592ms
[2024-07-25T19:05:20.195+0800][88.565s][gc,phases   ] GC(4738) Concurrent Reset Relocation Set 0.001ms
[2024-07-25T19:05:20.198+0800][88.568s][gc          ] Allocation Stall (main) 12.754ms
[2024-07-25T19:05:20.199+0800][88.568s][gc,phases   ] GC(4738) Concurrent Select Relocation Set 3.542ms
[2024-07-25T19:05:20.199+0800][88.568s][gc,phases   ] GC(4738) Pause Relocate Start 0.008ms
[2024-07-25T19:05:20.199+0800][88.568s][gc,phases   ] GC(4738) Concurrent Relocate 0.060ms
[2024-07-25T19:05:20.199+0800][88.569s][gc,load     ] GC(4738) Load: 0.00/0.00/0.00
[2024-07-25T19:05:20.199+0800][88.569s][gc,mmu      ] GC(4738) MMU: 2ms/88.2%, 5ms/95.3%, 10ms/97.6%, 20ms/98.8%, 50ms/99.4%, 100ms/99.6%
[2024-07-25T19:05:20.199+0800][88.569s][gc,marking  ] GC(4738) Mark: 1 stripe(s), 1 proactive flush(es), 1 terminate flush(es), 0 completion(s), 0 continuation(s) 
[2024-07-25T19:05:20.199+0800][88.569s][gc,marking  ] GC(4738) Mark Stack Usage: 32M
[2024-07-25T19:05:20.199+0800][88.569s][gc,nmethod  ] GC(4738) NMethods: 535 registered, 0 unregistered
[2024-07-25T19:05:20.199+0800][88.569s][gc,metaspace] GC(4738) Metaspace: 1M used, 1M committed, 1088M reserved
[2024-07-25T19:05:20.199+0800][88.569s][gc,ref      ] GC(4738) Soft: 46 encountered, 25 discovered, 0 enqueued
[2024-07-25T19:05:20.199+0800][88.569s][gc,ref      ] GC(4738) Weak: 131 encountered, 107 discovered, 0 enqueued
[2024-07-25T19:05:20.199+0800][88.569s][gc,ref      ] GC(4738) Final: 0 encountered, 0 discovered, 0 enqueued
[2024-07-25T19:05:20.199+0800][88.569s][gc,ref      ] GC(4738) Phantom: 184 encountered, 98 discovered, 0 enqueued
[2024-07-25T19:05:20.199+0800][88.569s][gc,reloc    ] GC(4738) Small Pages: 4 / 8M, Empty: 2M, Relocated: 0M, In-Place: 0
[2024-07-25T19:05:20.199+0800][88.569s][gc,reloc    ] GC(4738) Large Pages: 4 / 8M, Empty: 4M, Relocated: 0M, In-Place: 0
[2024-07-25T19:05:20.199+0800][88.569s][gc,reloc    ] GC(4738) Forwarding Usage: 0M
[2024-07-25T19:05:20.199+0800][88.569s][gc,heap     ] GC(4738) Min Capacity: 8M(50%)
[2024-07-25T19:05:20.199+0800][88.569s][gc,heap     ] GC(4738) Max Capacity: 16M(100%)
[2024-07-25T19:05:20.199+0800][88.569s][gc,heap     ] GC(4738) Soft Max Capacity: 16M(100%)
[2024-07-25T19:05:20.199+0800][88.569s][gc,heap     ] GC(4738)                Mark Start          Mark End        Relocate Start      Relocate End           High               Low         
[2024-07-25T19:05:20.199+0800][88.569s][gc,heap     ] GC(4738)  Capacity:       16M (100%)         16M (100%)         16M (100%)         16M (100%)         16M (100%)         16M (100%)   
[2024-07-25T19:05:20.199+0800][88.569s][gc,heap     ] GC(4738)      Free:        0M (0%)            0M (0%)            2M (12%)           2M (12%)           6M (38%)           0M (0%)     
[2024-07-25T19:05:20.199+0800][88.569s][gc,heap     ] GC(4738)      Used:       16M (100%)         16M (100%)         14M (88%)          14M (88%)          16M (100%)         10M (62%)    
[2024-07-25T19:05:20.199+0800][88.569s][gc,heap     ] GC(4738)      Live:         -                 8M (54%)           8M (54%)           8M (54%)            -                  -          
[2024-07-25T19:05:20.199+0800][88.569s][gc,heap     ] GC(4738) Allocated:         -                 0M (0%)            4M (25%)           4M (25%)            -                  -          
[2024-07-25T19:05:20.199+0800][88.569s][gc,heap     ] GC(4738)   Garbage:         -                 7M (46%)           1M (8%)            1M (8%)             -                  -          
[2024-07-25T19:05:20.199+0800][88.569s][gc,heap     ] GC(4738) Reclaimed:         -                  -                 6M (38%)           6M (38%)            -                  -          
[2024-07-25T19:05:20.199+0800][88.569s][gc          ] GC(4738) Garbage Collection (Allocation Stall) 16M(100%)->14M(88%)
[2024-07-25T19:05:20.206+0800][88.575s][gc,start    ] GC(4739) Garbage Collection (Allocation Stall)
[2024-07-25T19:05:20.206+0800][88.575s][gc,ref      ] GC(4739) Clearing All SoftReferences
[2024-07-25T19:05:20.206+0800][88.575s][gc,task     ] GC(4739) Using 1 workers
[2024-07-25T19:05:20.206+0800][88.575s][gc,phases   ] GC(4739) Pause Mark Start 0.013ms
[2024-07-25T19:05:20.214+0800][88.583s][gc,phases   ] GC(4739) Concurrent Mark 7.652ms
[2024-07-25T19:05:20.214+0800][88.583s][gc,phases   ] GC(4739) Pause Mark End 0.053ms
[2024-07-25T19:05:20.214+0800][88.583s][gc,phases   ] GC(4739) Concurrent Mark Free 0.001ms
[2024-07-25T19:05:20.216+0800][88.585s][gc,phases   ] GC(4739) Concurrent Process Non-Strong References 1.625ms
[2024-07-25T19:05:20.216+0800][88.585s][gc,phases   ] GC(4739) Concurrent Reset Relocation Set 0.001ms
[2024-07-25T19:05:20.219+0800][88.589s][gc          ] Allocation Stall (main) 13.918ms
[2024-07-25T19:05:20.219+0800][88.589s][gc,phases   ] GC(4739) Concurrent Select Relocation Set 3.855ms
[2024-07-25T19:05:20.221+0800][88.590s][gc,phases   ] GC(4739) Pause Relocate Start 0.011ms
[2024-07-25T19:05:20.221+0800][88.591s][gc,phases   ] GC(4739) Concurrent Relocate 0.027ms
[2024-07-25T19:05:20.221+0800][88.591s][gc,load     ] GC(4739) Load: 0.00/0.00/0.00
[2024-07-25T19:05:20.221+0800][88.591s][gc,mmu      ] GC(4739) MMU: 2ms/88.2%, 5ms/95.3%, 10ms/97.6%, 20ms/98.8%, 50ms/99.4%, 100ms/99.6%
[2024-07-25T19:05:20.221+0800][88.591s][gc,marking  ] GC(4739) Mark: 1 stripe(s), 1 proactive flush(es), 1 terminate flush(es), 0 completion(s), 0 continuation(s) 
[2024-07-25T19:05:20.221+0800][88.591s][gc,marking  ] GC(4739) Mark Stack Usage: 32M
[2024-07-25T19:05:20.221+0800][88.591s][gc,nmethod  ] GC(4739) NMethods: 535 registered, 0 unregistered
[2024-07-25T19:05:20.221+0800][88.591s][gc,metaspace] GC(4739) Metaspace: 1M used, 1M committed, 1088M reserved
[2024-07-25T19:05:20.221+0800][88.591s][gc,ref      ] GC(4739) Soft: 46 encountered, 25 discovered, 0 enqueued
[2024-07-25T19:05:20.221+0800][88.591s][gc,ref      ] GC(4739) Weak: 131 encountered, 107 discovered, 0 enqueued
[2024-07-25T19:05:20.221+0800][88.591s][gc,ref      ] GC(4739) Final: 0 encountered, 0 discovered, 0 enqueued
[2024-07-25T19:05:20.221+0800][88.591s][gc,ref      ] GC(4739) Phantom: 184 encountered, 98 discovered, 0 enqueued
[2024-07-25T19:05:20.221+0800][88.591s][gc,reloc    ] GC(4739) Small Pages: 4 / 8M, Empty: 2M, Relocated: 0M, In-Place: 0
[2024-07-25T19:05:20.221+0800][88.591s][gc,reloc    ] GC(4739) Large Pages: 4 / 8M, Empty: 4M, Relocated: 0M, In-Place: 0
[2024-07-25T19:05:20.221+0800][88.591s][gc,reloc    ] GC(4739) Forwarding Usage: 0M
[2024-07-25T19:05:20.221+0800][88.591s][gc,heap     ] GC(4739) Min Capacity: 8M(50%)
[2024-07-25T19:05:20.221+0800][88.591s][gc,heap     ] GC(4739) Max Capacity: 16M(100%)
[2024-07-25T19:05:20.221+0800][88.591s][gc,heap     ] GC(4739) Soft Max Capacity: 16M(100%)
[2024-07-25T19:05:20.221+0800][88.591s][gc,heap     ] GC(4739)                Mark Start          Mark End        Relocate Start      Relocate End           High               Low         
[2024-07-25T19:05:20.221+0800][88.591s][gc,heap     ] GC(4739)  Capacity:       16M (100%)         16M (100%)         16M (100%)         16M (100%)         16M (100%)         16M (100%)   
[2024-07-25T19:05:20.221+0800][88.591s][gc,heap     ] GC(4739)      Free:        0M (0%)            0M (0%)            4M (25%)           4M (25%)           6M (38%)           0M (0%)     
[2024-07-25T19:05:20.221+0800][88.591s][gc,heap     ] GC(4739)      Used:       16M (100%)         16M (100%)         12M (75%)          12M (75%)          16M (100%)         10M (62%)    
[2024-07-25T19:05:20.221+0800][88.591s][gc,heap     ] GC(4739)      Live:         -                 8M (54%)           8M (54%)           8M (54%)            -                  -          
[2024-07-25T19:05:20.221+0800][88.591s][gc,heap     ] GC(4739) Allocated:         -                 0M (0%)            2M (12%)           2M (12%)            -                  -          
[2024-07-25T19:05:20.221+0800][88.591s][gc,heap     ] GC(4739)   Garbage:         -                 7M (46%)           1M (8%)            1M (8%)             -                  -          
[2024-07-25T19:05:20.222+0800][88.591s][gc,heap     ] GC(4739) Reclaimed:         -                  -                 6M (38%)           6M (38%)            -                  -          
[2024-07-25T19:05:20.222+0800][88.591s][gc          ] GC(4739) Garbage Collection (Allocation Stall) 16M(100%)->12M(75%)
[2024-07-25T19:05:20.225+0800][88.595s][gc,start    ] GC(4740) Garbage Collection (Allocation Stall)
[2024-07-25T19:05:20.225+0800][88.595s][gc,ref      ] GC(4740) Clearing All SoftReferences
[2024-07-25T19:05:20.225+0800][88.595s][gc,task     ] GC(4740) Using 1 workers
[2024-07-25T19:05:20.225+0800][88.595s][gc,phases   ] GC(4740) Pause Mark Start 0.065ms
[2024-07-25T19:05:20.233+0800][88.603s][gc,phases   ] GC(4740) Concurrent Mark 7.607ms
[2024-07-25T19:05:20.233+0800][88.603s][gc,phases   ] GC(4740) Pause Mark End 0.011ms
[2024-07-25T19:05:20.233+0800][88.603s][gc,phases   ] GC(4740) Concurrent Mark Free 0.001ms
[2024-07-25T19:05:20.235+0800][88.604s][gc,phases   ] GC(4740) Concurrent Process Non-Strong References 1.394ms
[2024-07-25T19:05:20.235+0800][88.605s][gc,phases   ] GC(4740) Concurrent Reset Relocation Set 0.001ms
[2024-07-25T19:05:20.238+0800][88.608s][gc          ] Allocation Stall (main) 13.052ms
[2024-07-25T19:05:20.238+0800][88.608s][gc,phases   ] GC(4740) Concurrent Select Relocation Set 3.008ms
[2024-07-25T19:05:20.239+0800][88.608s][gc,phases   ] GC(4740) Pause Relocate Start 0.010ms
[2024-07-25T19:05:20.239+0800][88.608s][gc,phases   ] GC(4740) Concurrent Relocate 0.050ms
[2024-07-25T19:05:20.239+0800][88.608s][gc,load     ] GC(4740) Load: 0.00/0.00/0.00
[2024-07-25T19:05:20.239+0800][88.608s][gc,mmu      ] GC(4740) MMU: 2ms/88.2%, 5ms/95.3%, 10ms/97.6%, 20ms/98.8%, 50ms/99.4%, 100ms/99.6%
[2024-07-25T19:05:20.239+0800][88.608s][gc,marking  ] GC(4740) Mark: 1 stripe(s), 1 proactive flush(es), 1 terminate flush(es), 0 completion(s), 0 continuation(s) 
[2024-07-25T19:05:20.239+0800][88.608s][gc,marking  ] GC(4740) Mark Stack Usage: 32M
[2024-07-25T19:05:20.239+0800][88.608s][gc,nmethod  ] GC(4740) NMethods: 535 registered, 0 unregistered
[2024-07-25T19:05:20.239+0800][88.608s][gc,metaspace] GC(4740) Metaspace: 1M used, 1M committed, 1088M reserved
[2024-07-25T19:05:20.239+0800][88.609s][gc,ref      ] GC(4740) Soft: 46 encountered, 25 discovered, 0 enqueued
[2024-07-25T19:05:20.239+0800][88.609s][gc,ref      ] GC(4740) Weak: 131 encountered, 107 discovered, 0 enqueued
[2024-07-25T19:05:20.239+0800][88.609s][gc,ref      ] GC(4740) Final: 0 encountered, 0 discovered, 0 enqueued
[2024-07-25T19:05:20.239+0800][88.609s][gc,ref      ] GC(4740) Phantom: 184 encountered, 98 discovered, 0 enqueued
[2024-07-25T19:05:20.239+0800][88.609s][gc,reloc    ] GC(4740) Small Pages: 4 / 8M, Empty: 2M, Relocated: 0M, In-Place: 0
[2024-07-25T19:05:20.239+0800][88.609s][gc,reloc    ] GC(4740) Large Pages: 4 / 8M, Empty: 4M, Relocated: 0M, In-Place: 0
[2024-07-25T19:05:20.239+0800][88.609s][gc,reloc    ] GC(4740) Forwarding Usage: 0M
[2024-07-25T19:05:20.239+0800][88.609s][gc,heap     ] GC(4740) Min Capacity: 8M(50%)
[2024-07-25T19:05:20.239+0800][88.609s][gc,heap     ] GC(4740) Max Capacity: 16M(100%)
[2024-07-25T19:05:20.239+0800][88.609s][gc,heap     ] GC(4740) Soft Max Capacity: 16M(100%)
[2024-07-25T19:05:20.239+0800][88.609s][gc,heap     ] GC(4740)                Mark Start          Mark End        Relocate Start      Relocate End           High               Low         
[2024-07-25T19:05:20.239+0800][88.609s][gc,heap     ] GC(4740)  Capacity:       16M (100%)         16M (100%)         16M (100%)         16M (100%)         16M (100%)         16M (100%)   
[2024-07-25T19:05:20.239+0800][88.609s][gc,heap     ] GC(4740)      Free:        0M (0%)            0M (0%)            4M (25%)           4M (25%)           6M (38%)           0M (0%)     
[2024-07-25T19:05:20.239+0800][88.609s][gc,heap     ] GC(4740)      Used:       16M (100%)         16M (100%)         12M (75%)          12M (75%)          16M (100%)         10M (62%)    
[2024-07-25T19:05:20.239+0800][88.609s][gc,heap     ] GC(4740)      Live:         -                 8M (54%)           8M (54%)           8M (54%)            -                  -          
[2024-07-25T19:05:20.239+0800][88.609s][gc,heap     ] GC(4740) Allocated:         -                 0M (0%)            2M (12%)           2M (12%)            -                  -          
[2024-07-25T19:05:20.239+0800][88.609s][gc,heap     ] GC(4740)   Garbage:         -                 7M (46%)           1M (8%)            1M (8%)             -                  -          
[2024-07-25T19:05:20.239+0800][88.609s][gc,heap     ] GC(4740) Reclaimed:         -                  -                 6M (38%)           6M (38%)            -                  -          
[2024-07-25T19:05:20.240+0800][88.609s][gc          ] GC(4740) Garbage Collection (Allocation Stall) 16M(100%)->12M(75%)
[2024-07-25T19:05:20.242+0800][88.612s][gc,start    ] GC(4741) Garbage Collection (Allocation Stall)
[2024-07-25T19:05:20.242+0800][88.612s][gc,ref      ] GC(4741) Clearing All SoftReferences
[2024-07-25T19:05:20.242+0800][88.612s][gc,task     ] GC(4741) Using 1 workers
[2024-07-25T19:05:20.242+0800][88.612s][gc,phases   ] GC(4741) Pause Mark Start 0.021ms
[2024-07-25T19:05:20.250+0800][88.619s][gc,phases   ] GC(4741) Concurrent Mark 6.828ms
[2024-07-25T19:05:20.250+0800][88.619s][gc,phases   ] GC(4741) Pause Mark End 0.011ms
[2024-07-25T19:05:20.250+0800][88.619s][gc,phases   ] GC(4741) Concurrent Mark Free 0.001ms
[2024-07-25T19:05:20.251+0800][88.621s][gc,phases   ] GC(4741) Concurrent Process Non-Strong References 1.848ms
[2024-07-25T19:05:20.251+0800][88.621s][gc,phases   ] GC(4741) Concurrent Reset Relocation Set 0.001ms
[2024-07-25T19:05:20.256+0800][88.625s][gc          ] Allocation Stall (main) 13.297ms
[2024-07-25T19:05:20.256+0800][88.625s][gc,phases   ] GC(4741) Concurrent Select Relocation Set 3.492ms
[2024-07-25T19:05:20.256+0800][88.625s][gc,phases   ] GC(4741) Pause Relocate Start 0.009ms
[2024-07-25T19:05:20.256+0800][88.625s][gc,phases   ] GC(4741) Concurrent Relocate 0.098ms
[2024-07-25T19:05:20.256+0800][88.625s][gc,load     ] GC(4741) Load: 0.00/0.00/0.00
[2024-07-25T19:05:20.256+0800][88.625s][gc,mmu      ] GC(4741) MMU: 2ms/88.2%, 5ms/95.3%, 10ms/97.6%, 20ms/98.8%, 50ms/99.4%, 100ms/99.6%
[2024-07-25T19:05:20.256+0800][88.625s][gc,marking  ] GC(4741) Mark: 1 stripe(s), 1 proactive flush(es), 1 terminate flush(es), 0 completion(s), 0 continuation(s) 
[2024-07-25T19:05:20.256+0800][88.625s][gc,marking  ] GC(4741) Mark Stack Usage: 32M
[2024-07-25T19:05:20.256+0800][88.626s][gc,nmethod  ] GC(4741) NMethods: 535 registered, 0 unregistered
[2024-07-25T19:05:20.256+0800][88.626s][gc,metaspace] GC(4741) Metaspace: 1M used, 1M committed, 1088M reserved
[2024-07-25T19:05:20.256+0800][88.626s][gc,ref      ] GC(4741) Soft: 46 encountered, 25 discovered, 0 enqueued
[2024-07-25T19:05:20.256+0800][88.626s][gc,ref      ] GC(4741) Weak: 131 encountered, 107 discovered, 0 enqueued
[2024-07-25T19:05:20.256+0800][88.626s][gc,ref      ] GC(4741) Final: 0 encountered, 0 discovered, 0 enqueued
[2024-07-25T19:05:20.256+0800][88.626s][gc,ref      ] GC(4741) Phantom: 184 encountered, 98 discovered, 0 enqueued
[2024-07-25T19:05:20.256+0800][88.626s][gc,reloc    ] GC(4741) Small Pages: 4 / 8M, Empty: 2M, Relocated: 0M, In-Place: 0
[2024-07-25T19:05:20.256+0800][88.626s][gc,reloc    ] GC(4741) Large Pages: 4 / 8M, Empty: 4M, Relocated: 0M, In-Place: 0
[2024-07-25T19:05:20.256+0800][88.626s][gc,reloc    ] GC(4741) Forwarding Usage: 0M
[2024-07-25T19:05:20.256+0800][88.626s][gc,heap     ] GC(4741) Min Capacity: 8M(50%)
[2024-07-25T19:05:20.256+0800][88.626s][gc,heap     ] GC(4741) Max Capacity: 16M(100%)
[2024-07-25T19:05:20.256+0800][88.626s][gc,heap     ] GC(4741) Soft Max Capacity: 16M(100%)
[2024-07-25T19:05:20.256+0800][88.626s][gc,heap     ] GC(4741)                Mark Start          Mark End        Relocate Start      Relocate End           High               Low         
[2024-07-25T19:05:20.256+0800][88.626s][gc,heap     ] GC(4741)  Capacity:       16M (100%)         16M (100%)         16M (100%)         16M (100%)         16M (100%)         16M (100%)   
[2024-07-25T19:05:20.256+0800][88.626s][gc,heap     ] GC(4741)      Free:        0M (0%)            0M (0%)            2M (12%)           2M (12%)           6M (38%)           0M (0%)     
[2024-07-25T19:05:20.256+0800][88.626s][gc,heap     ] GC(4741)      Used:       16M (100%)         16M (100%)         14M (88%)          14M (88%)          16M (100%)         10M (62%)    
[2024-07-25T19:05:20.256+0800][88.626s][gc,heap     ] GC(4741)      Live:         -                 8M (54%)           8M (54%)           8M (54%)            -                  -          
[2024-07-25T19:05:20.256+0800][88.626s][gc,heap     ] GC(4741) Allocated:         -                 0M (0%)            4M (25%)           4M (25%)            -                  -          
[2024-07-25T19:05:20.256+0800][88.626s][gc,heap     ] GC(4741)   Garbage:         -                 7M (46%)           1M (8%)            1M (8%)             -                  -          
[2024-07-25T19:05:20.256+0800][88.626s][gc,heap     ] GC(4741) Reclaimed:         -                  -                 6M (38%)           6M (38%)            -                  -          
[2024-07-25T19:05:20.256+0800][88.626s][gc          ] GC(4741) Garbage Collection (Allocation Stall) 16M(100%)->14M(88%)
[2024-07-25T19:05:20.261+0800][88.630s][gc,start    ] GC(4742) Garbage Collection (Allocation Stall)
[2024-07-25T19:05:20.261+0800][88.630s][gc,ref      ] GC(4742) Clearing All SoftReferences
[2024-07-25T19:05:20.261+0800][88.630s][gc,task     ] GC(4742) Using 1 workers
[2024-07-25T19:05:20.261+0800][88.630s][gc,phases   ] GC(4742) Pause Mark Start 0.008ms
[2024-07-25T19:05:20.268+0800][88.637s][gc,phases   ] GC(4742) Concurrent Mark 6.607ms
[2024-07-25T19:05:20.268+0800][88.637s][gc,phases   ] GC(4742) Pause Mark End 0.012ms
[2024-07-25T19:05:20.268+0800][88.637s][gc,phases   ] GC(4742) Concurrent Mark Free 0.001ms
[2024-07-25T19:05:20.270+0800][88.639s][gc,phases   ] GC(4742) Concurrent Process Non-Strong References 1.812ms
[2024-07-25T19:05:20.270+0800][88.639s][gc,phases   ] GC(4742) Concurrent Reset Relocation Set 0.001ms
[2024-07-25T19:05:20.273+0800][88.642s][gc          ] Allocation Stall (main) 12.400ms
[2024-07-25T19:05:20.273+0800][88.642s][gc,phases   ] GC(4742) Concurrent Select Relocation Set 3.011ms
[2024-07-25T19:05:20.273+0800][88.642s][gc,phases   ] GC(4742) Pause Relocate Start 0.011ms
[2024-07-25T19:05:20.273+0800][88.642s][gc,phases   ] GC(4742) Concurrent Relocate 0.122ms
[2024-07-25T19:05:20.273+0800][88.643s][gc,load     ] GC(4742) Load: 0.00/0.00/0.00
[2024-07-25T19:05:20.273+0800][88.643s][gc,mmu      ] GC(4742) MMU: 2ms/88.2%, 5ms/95.3%, 10ms/97.6%, 20ms/98.8%, 50ms/99.4%, 100ms/99.6%
[2024-07-25T19:05:20.274+0800][88.643s][gc,marking  ] GC(4742) Mark: 1 stripe(s), 1 proactive flush(es), 1 terminate flush(es), 0 completion(s), 0 continuation(s) 
[2024-07-25T19:05:20.274+0800][88.643s][gc,marking  ] GC(4742) Mark Stack Usage: 32M
[2024-07-25T19:05:20.274+0800][88.643s][gc,nmethod  ] GC(4742) NMethods: 535 registered, 0 unregistered
[2024-07-25T19:05:20.274+0800][88.643s][gc,metaspace] GC(4742) Metaspace: 1M used, 1M committed, 1088M reserved
[2024-07-25T19:05:20.274+0800][88.643s][gc,ref      ] GC(4742) Soft: 46 encountered, 25 discovered, 0 enqueued
[2024-07-25T19:05:20.274+0800][88.643s][gc,ref      ] GC(4742) Weak: 131 encountered, 107 discovered, 0 enqueued
[2024-07-25T19:05:20.274+0800][88.643s][gc,ref      ] GC(4742) Final: 0 encountered, 0 discovered, 0 enqueued
[2024-07-25T19:05:20.274+0800][88.643s][gc,ref      ] GC(4742) Phantom: 184 encountered, 98 discovered, 0 enqueued
[2024-07-25T19:05:20.274+0800][88.643s][gc,reloc    ] GC(4742) Small Pages: 4 / 8M, Empty: 2M, Relocated: 0M, In-Place: 0
[2024-07-25T19:05:20.274+0800][88.643s][gc,reloc    ] GC(4742) Large Pages: 4 / 8M, Empty: 4M, Relocated: 0M, In-Place: 0
[2024-07-25T19:05:20.274+0800][88.643s][gc,reloc    ] GC(4742) Forwarding Usage: 0M
[2024-07-25T19:05:20.274+0800][88.643s][gc,heap     ] GC(4742) Min Capacity: 8M(50%)
[2024-07-25T19:05:20.274+0800][88.643s][gc,heap     ] GC(4742) Max Capacity: 16M(100%)
[2024-07-25T19:05:20.274+0800][88.643s][gc,heap     ] GC(4742) Soft Max Capacity: 16M(100%)
[2024-07-25T19:05:20.274+0800][88.643s][gc,heap     ] GC(4742)                Mark Start          Mark End        Relocate Start      Relocate End           High               Low         
[2024-07-25T19:05:20.274+0800][88.643s][gc,heap     ] GC(4742)  Capacity:       16M (100%)         16M (100%)         16M (100%)         16M (100%)         16M (100%)         16M (100%)   
[2024-07-25T19:05:20.274+0800][88.643s][gc,heap     ] GC(4742)      Free:        0M (0%)            0M (0%)            2M (12%)           2M (12%)           6M (38%)           0M (0%)     
[2024-07-25T19:05:20.274+0800][88.643s][gc,heap     ] GC(4742)      Used:       16M (100%)         16M (100%)         14M (88%)          14M (88%)          16M (100%)         10M (62%)    
[2024-07-25T19:05:20.274+0800][88.643s][gc,heap     ] GC(4742)      Live:         -                 8M (54%)           8M (54%)           8M (54%)            -                  -          
[2024-07-25T19:05:20.274+0800][88.643s][gc,heap     ] GC(4742) Allocated:         -                 0M (0%)            4M (25%)           4M (25%)            -                  -          
[2024-07-25T19:05:20.274+0800][88.643s][gc,heap     ] GC(4742)   Garbage:         -                 7M (46%)           1M (8%)            1M (8%)             -                  -          
[2024-07-25T19:05:20.274+0800][88.643s][gc,heap     ] GC(4742) Reclaimed:         -                  -                 6M (38%)           6M (38%)            -                  -          
[2024-07-25T19:05:20.274+0800][88.644s][gc          ] GC(4742) Garbage Collection (Allocation Stall) 16M(100%)->14M(88%)
[2024-07-25T19:05:20.277+0800][88.646s][gc,start    ] GC(4743) Garbage Collection (Allocation Stall)
[2024-07-25T19:05:20.277+0800][88.646s][gc,ref      ] GC(4743) Clearing All SoftReferences
[2024-07-25T19:05:20.277+0800][88.646s][gc,task     ] GC(4743) Using 1 workers
[2024-07-25T19:05:20.277+0800][88.646s][gc,phases   ] GC(4743) Pause Mark Start 0.008ms
[2024-07-25T19:05:20.283+0800][88.652s][gc,phases   ] GC(4743) Concurrent Mark 6.167ms
[2024-07-25T19:05:20.284+0800][88.653s][gc,phases   ] GC(4743) Pause Mark End 0.009ms
[2024-07-25T19:05:20.284+0800][88.653s][gc,phases   ] GC(4743) Concurrent Mark Free 0.001ms
[2024-07-25T19:05:20.285+0800][88.655s][gc,phases   ] GC(4743) Concurrent Process Non-Strong References 1.803ms
[2024-07-25T19:05:20.286+0800][88.655s][gc,phases   ] GC(4743) Concurrent Reset Relocation Set 0.001ms
[2024-07-25T19:05:20.288+0800][88.657s][gc          ] Allocation Stall (main) 11.449ms
[2024-07-25T19:05:20.288+0800][88.657s][gc,phases   ] GC(4743) Concurrent Select Relocation Set 2.730ms
[2024-07-25T19:05:20.289+0800][88.658s][gc,phases   ] GC(4743) Pause Relocate Start 0.008ms
[2024-07-25T19:05:20.289+0800][88.658s][gc,phases   ] GC(4743) Concurrent Relocate 0.136ms
[2024-07-25T19:05:20.289+0800][88.658s][gc,load     ] GC(4743) Load: 0.00/0.00/0.00
[2024-07-25T19:05:20.289+0800][88.658s][gc,mmu      ] GC(4743) MMU: 2ms/88.2%, 5ms/95.3%, 10ms/97.6%, 20ms/98.8%, 50ms/99.4%, 100ms/99.6%
[2024-07-25T19:05:20.289+0800][88.658s][gc,marking  ] GC(4743) Mark: 1 stripe(s), 1 proactive flush(es), 1 terminate flush(es), 0 completion(s), 0 continuation(s) 
[2024-07-25T19:05:20.289+0800][88.658s][gc,marking  ] GC(4743) Mark Stack Usage: 32M
[2024-07-25T19:05:20.289+0800][88.658s][gc,nmethod  ] GC(4743) NMethods: 535 registered, 0 unregistered
[2024-07-25T19:05:20.289+0800][88.658s][gc,metaspace] GC(4743) Metaspace: 1M used, 1M committed, 1088M reserved
[2024-07-25T19:05:20.289+0800][88.658s][gc,ref      ] GC(4743) Soft: 46 encountered, 25 discovered, 0 enqueued
[2024-07-25T19:05:20.289+0800][88.658s][gc,ref      ] GC(4743) Weak: 131 encountered, 107 discovered, 0 enqueued
[2024-07-25T19:05:20.289+0800][88.658s][gc,ref      ] GC(4743) Final: 0 encountered, 0 discovered, 0 enqueued
[2024-07-25T19:05:20.289+0800][88.658s][gc,ref      ] GC(4743) Phantom: 184 encountered, 98 discovered, 0 enqueued
[2024-07-25T19:05:20.289+0800][88.658s][gc,reloc    ] GC(4743) Small Pages: 4 / 8M, Empty: 2M, Relocated: 0M, In-Place: 0
[2024-07-25T19:05:20.289+0800][88.658s][gc,reloc    ] GC(4743) Large Pages: 4 / 8M, Empty: 4M, Relocated: 0M, In-Place: 0
[2024-07-25T19:05:20.289+0800][88.658s][gc,reloc    ] GC(4743) Forwarding Usage: 0M
[2024-07-25T19:05:20.289+0800][88.658s][gc,heap     ] GC(4743) Min Capacity: 8M(50%)
[2024-07-25T19:05:20.289+0800][88.658s][gc,heap     ] GC(4743) Max Capacity: 16M(100%)
[2024-07-25T19:05:20.289+0800][88.658s][gc,heap     ] GC(4743) Soft Max Capacity: 16M(100%)
[2024-07-25T19:05:20.289+0800][88.658s][gc,heap     ] GC(4743)                Mark Start          Mark End        Relocate Start      Relocate End           High               Low         
[2024-07-25T19:05:20.289+0800][88.658s][gc,heap     ] GC(4743)  Capacity:       16M (100%)         16M (100%)         16M (100%)         16M (100%)         16M (100%)         16M (100%)   
[2024-07-25T19:05:20.289+0800][88.658s][gc,heap     ] GC(4743)      Free:        0M (0%)            0M (0%)            2M (12%)           2M (12%)           6M (38%)           0M (0%)     
[2024-07-25T19:05:20.289+0800][88.658s][gc,heap     ] GC(4743)      Used:       16M (100%)         16M (100%)         14M (88%)          14M (88%)          16M (100%)         10M (62%)    
[2024-07-25T19:05:20.289+0800][88.659s][gc,heap     ] GC(4743)      Live:         -                 8M (54%)           8M (54%)           8M (54%)            -                  -          
[2024-07-25T19:05:20.289+0800][88.659s][gc,heap     ] GC(4743) Allocated:         -                 0M (0%)            4M (25%)           4M (25%)            -                  -          
[2024-07-25T19:05:20.289+0800][88.659s][gc,heap     ] GC(4743)   Garbage:         -                 7M (46%)           1M (8%)            1M (8%)             -                  -          
[2024-07-25T19:05:20.289+0800][88.659s][gc,heap     ] GC(4743) Reclaimed:         -                  -                 6M (38%)           6M (38%)            -                  -          
[2024-07-25T19:05:20.290+0800][88.659s][gc          ] GC(4743) Garbage Collection (Allocation Stall) 16M(100%)->14M(88%)
[2024-07-25T19:05:20.294+0800][88.663s][gc,start    ] GC(4744) Garbage Collection (Allocation Stall)
[2024-07-25T19:05:20.294+0800][88.663s][gc,ref      ] GC(4744) Clearing All SoftReferences
[2024-07-25T19:05:20.294+0800][88.663s][gc,task     ] GC(4744) Using 1 workers
[2024-07-25T19:05:20.294+0800][88.663s][gc,phases   ] GC(4744) Pause Mark Start 0.011ms
[2024-07-25T19:05:20.301+0800][88.670s][gc,phases   ] GC(4744) Concurrent Mark 6.453ms
[2024-07-25T19:05:20.301+0800][88.670s][gc,phases   ] GC(4744) Pause Mark End 0.010ms
[2024-07-25T19:05:20.301+0800][88.670s][gc,phases   ] GC(4744) Concurrent Mark Free 0.001ms
[2024-07-25T19:05:20.303+0800][88.672s][gc,phases   ] GC(4744) Concurrent Process Non-Strong References 1.832ms
[2024-07-25T19:05:20.303+0800][88.672s][gc,phases   ] GC(4744) Concurrent Reset Relocation Set 0.001ms
[2024-07-25T19:05:20.305+0800][88.675s][gc          ] Allocation Stall (main) 12.125ms
[2024-07-25T19:05:20.306+0800][88.675s][gc,phases   ] GC(4744) Concurrent Select Relocation Set 3.011ms
[2024-07-25T19:05:20.306+0800][88.675s][gc,phases   ] GC(4744) Pause Relocate Start 0.006ms
[2024-07-25T19:05:20.306+0800][88.676s][gc,phases   ] GC(4744) Concurrent Relocate 0.093ms
[2024-07-25T19:05:20.306+0800][88.676s][gc,load     ] GC(4744) Load: 0.00/0.00/0.00
[2024-07-25T19:05:20.306+0800][88.676s][gc,mmu      ] GC(4744) MMU: 2ms/88.2%, 5ms/95.3%, 10ms/97.6%, 20ms/98.8%, 50ms/99.4%, 100ms/99.6%
[2024-07-25T19:05:20.306+0800][88.676s][gc,marking  ] GC(4744) Mark: 1 stripe(s), 1 proactive flush(es), 1 terminate flush(es), 0 completion(s), 0 continuation(s) 
[2024-07-25T19:05:20.306+0800][88.676s][gc,marking  ] GC(4744) Mark Stack Usage: 32M
[2024-07-25T19:05:20.306+0800][88.676s][gc,nmethod  ] GC(4744) NMethods: 535 registered, 0 unregistered
[2024-07-25T19:05:20.306+0800][88.676s][gc,metaspace] GC(4744) Metaspace: 1M used, 1M committed, 1088M reserved
[2024-07-25T19:05:20.306+0800][88.676s][gc,ref      ] GC(4744) Soft: 46 encountered, 25 discovered, 0 enqueued
[2024-07-25T19:05:20.306+0800][88.676s][gc,ref      ] GC(4744) Weak: 131 encountered, 107 discovered, 0 enqueued
[2024-07-25T19:05:20.306+0800][88.676s][gc,ref      ] GC(4744) Final: 0 encountered, 0 discovered, 0 enqueued
[2024-07-25T19:05:20.306+0800][88.676s][gc,ref      ] GC(4744) Phantom: 184 encountered, 98 discovered, 0 enqueued
[2024-07-25T19:05:20.306+0800][88.676s][gc,reloc    ] GC(4744) Small Pages: 4 / 8M, Empty: 2M, Relocated: 0M, In-Place: 0
[2024-07-25T19:05:20.306+0800][88.676s][gc,reloc    ] GC(4744) Large Pages: 4 / 8M, Empty: 4M, Relocated: 0M, In-Place: 0
[2024-07-25T19:05:20.306+0800][88.676s][gc,reloc    ] GC(4744) Forwarding Usage: 0M
[2024-07-25T19:05:20.306+0800][88.676s][gc,heap     ] GC(4744) Min Capacity: 8M(50%)
[2024-07-25T19:05:20.306+0800][88.676s][gc,heap     ] GC(4744) Max Capacity: 16M(100%)
[2024-07-25T19:05:20.306+0800][88.676s][gc,heap     ] GC(4744) Soft Max Capacity: 16M(100%)
[2024-07-25T19:05:20.306+0800][88.676s][gc,heap     ] GC(4744)                Mark Start          Mark End        Relocate Start      Relocate End           High               Low         
[2024-07-25T19:05:20.306+0800][88.676s][gc,heap     ] GC(4744)  Capacity:       16M (100%)         16M (100%)         16M (100%)         16M (100%)         16M (100%)         16M (100%)   
[2024-07-25T19:05:20.306+0800][88.676s][gc,heap     ] GC(4744)      Free:        0M (0%)            0M (0%)            2M (12%)           2M (12%)           6M (38%)           0M (0%)     
[2024-07-25T19:05:20.306+0800][88.676s][gc,heap     ] GC(4744)      Used:       16M (100%)         16M (100%)         14M (88%)          14M (88%)          16M (100%)         10M (62%)    
[2024-07-25T19:05:20.306+0800][88.676s][gc,heap     ] GC(4744)      Live:         -                 8M (54%)           8M (54%)           8M (54%)            -                  -          
[2024-07-25T19:05:20.306+0800][88.676s][gc,heap     ] GC(4744) Allocated:         -                 0M (0%)            4M (25%)           4M (25%)            -                  -          
[2024-07-25T19:05:20.306+0800][88.676s][gc,heap     ] GC(4744)   Garbage:         -                 7M (46%)           1M (8%)            1M (8%)             -                  -          
[2024-07-25T19:05:20.306+0800][88.676s][gc,heap     ] GC(4744) Reclaimed:         -                  -                 6M (38%)           6M (38%)            -                  -          
[2024-07-25T19:05:20.307+0800][88.676s][gc          ] GC(4744) Garbage Collection (Allocation Stall) 16M(100%)->14M(88%)
[2024-07-25T19:05:20.309+0800][88.679s][gc,start    ] GC(4745) Garbage Collection (Allocation Rate)
[2024-07-25T19:05:20.309+0800][88.679s][gc,task     ] GC(4745) Using 1 workers
[2024-07-25T19:05:20.309+0800][88.679s][gc,phases   ] GC(4745) Pause Mark Start 0.009ms
[2024-07-25T19:05:20.316+0800][88.685s][gc,phases   ] GC(4745) Concurrent Mark 6.035ms
[2024-07-25T19:05:20.316+0800][88.685s][gc,phases   ] GC(4745) Pause Mark End 0.009ms
[2024-07-25T19:05:20.316+0800][88.685s][gc,phases   ] GC(4745) Concurrent Mark Free 0.001ms
[2024-07-25T19:05:20.318+0800][88.687s][gc,phases   ] GC(4745) Concurrent Process Non-Strong References 1.907ms
[2024-07-25T19:05:20.318+0800][88.687s][gc,phases   ] GC(4745) Concurrent Reset Relocation Set 0.001ms
[2024-07-25T19:05:20.321+0800][88.690s][gc          ] Allocation Stall (main) 10.188ms
[2024-07-25T19:05:20.321+0800][88.690s][gc,phases   ] GC(4745) Concurrent Select Relocation Set 3.051ms
[2024-07-25T19:05:20.322+0800][88.690s][gc,phases   ] GC(4745) Pause Relocate Start 0.007ms
[2024-07-25T19:05:20.323+0800][88.692s][gc          ] Allocation Stall (main) 0.362ms
[2024-07-25T19:05:20.323+0800][88.692s][gc,phases   ] GC(4745) Concurrent Relocate 1.874ms
[2024-07-25T19:05:20.323+0800][88.693s][gc,load     ] GC(4745) Load: 0.00/0.00/0.00
[2024-07-25T19:05:20.323+0800][88.693s][gc,mmu      ] GC(4745) MMU: 2ms/88.2%, 5ms/95.3%, 10ms/97.6%, 20ms/98.8%, 50ms/99.4%, 100ms/99.6%
[2024-07-25T19:05:20.323+0800][88.693s][gc,marking  ] GC(4745) Mark: 1 stripe(s), 1 proactive flush(es), 1 terminate flush(es), 0 completion(s), 0 continuation(s) 
[2024-07-25T19:05:20.323+0800][88.693s][gc,marking  ] GC(4745) Mark Stack Usage: 32M
[2024-07-25T19:05:20.323+0800][88.693s][gc,nmethod  ] GC(4745) NMethods: 535 registered, 0 unregistered
[2024-07-25T19:05:20.323+0800][88.693s][gc,metaspace] GC(4745) Metaspace: 1M used, 1M committed, 1088M reserved
[2024-07-25T19:05:20.323+0800][88.693s][gc,ref      ] GC(4745) Soft: 46 encountered, 25 discovered, 0 enqueued
[2024-07-25T19:05:20.323+0800][88.693s][gc,ref      ] GC(4745) Weak: 131 encountered, 107 discovered, 0 enqueued
[2024-07-25T19:05:20.324+0800][88.693s][gc,ref      ] GC(4745) Final: 0 encountered, 0 discovered, 0 enqueued
[2024-07-25T19:05:20.324+0800][88.693s][gc,ref      ] GC(4745) Phantom: 184 encountered, 98 discovered, 0 enqueued
[2024-07-25T19:05:20.324+0800][88.693s][gc,reloc    ] GC(4745) Small Pages: 4 / 8M, Empty: 0M, Relocated: 1M, In-Place: 1
[2024-07-25T19:05:20.324+0800][88.693s][gc,reloc    ] GC(4745) Large Pages: 4 / 8M, Empty: 4M, Relocated: 0M, In-Place: 0
[2024-07-25T19:05:20.324+0800][88.693s][gc,reloc    ] GC(4745) Forwarding Usage: 0M
[2024-07-25T19:05:20.324+0800][88.693s][gc,heap     ] GC(4745) Min Capacity: 8M(50%)
[2024-07-25T19:05:20.324+0800][88.693s][gc,heap     ] GC(4745) Max Capacity: 16M(100%)
[2024-07-25T19:05:20.324+0800][88.693s][gc,heap     ] GC(4745) Soft Max Capacity: 16M(100%)
[2024-07-25T19:05:20.324+0800][88.693s][gc,heap     ] GC(4745)                Mark Start          Mark End        Relocate Start      Relocate End           High               Low         
[2024-07-25T19:05:20.324+0800][88.693s][gc,heap     ] GC(4745)  Capacity:       16M (100%)         16M (100%)         16M (100%)         16M (100%)         16M (100%)         16M (100%)   
[2024-07-25T19:05:20.324+0800][88.693s][gc,heap     ] GC(4745)      Free:        0M (0%)            0M (0%)            0M (0%)            0M (0%)            4M (25%)           0M (0%)     
[2024-07-25T19:05:20.324+0800][88.693s][gc,heap     ] GC(4745)      Used:       16M (100%)         16M (100%)         16M (100%)         16M (100%)         16M (100%)         12M (75%)    
[2024-07-25T19:05:20.324+0800][88.693s][gc,heap     ] GC(4745)      Live:         -                 8M (54%)           8M (54%)           8M (54%)            -                  -          
[2024-07-25T19:05:20.324+0800][88.693s][gc,heap     ] GC(4745) Allocated:         -                 0M (0%)            4M (25%)           6M (38%)            -                  -          
[2024-07-25T19:05:20.324+0800][88.693s][gc,heap     ] GC(4745)   Garbage:         -                 7M (46%)           3M (21%)           1M (8%)             -                  -          
[2024-07-25T19:05:20.324+0800][88.693s][gc,heap     ] GC(4745) Reclaimed:         -                  -                 4M (25%)           6M (38%)            -                  -          
[2024-07-25T19:05:20.324+0800][88.693s][gc          ] GC(4745) Garbage Collection (Allocation Rate) 16M(100%)->16M(100%)
[2024-07-25T19:05:20.326+0800][88.696s][gc,start    ] GC(4746) Garbage Collection (Allocation Stall)
[2024-07-25T19:05:20.326+0800][88.696s][gc,ref      ] GC(4746) Clearing All SoftReferences
[2024-07-25T19:05:20.326+0800][88.696s][gc,task     ] GC(4746) Using 1 workers
[2024-07-25T19:05:20.326+0800][88.696s][gc,phases   ] GC(4746) Pause Mark Start 0.010ms
[2024-07-25T19:05:20.337+0800][88.706s][gc,phases   ] GC(4746) Concurrent Mark 9.968ms
[2024-07-25T19:05:20.337+0800][88.706s][gc,phases   ] GC(4746) Pause Mark End 0.010ms
[2024-07-25T19:05:20.337+0800][88.706s][gc,phases   ] GC(4746) Concurrent Mark Free 0.002ms
[2024-07-25T19:05:20.339+0800][88.709s][gc,phases   ] GC(4746) Concurrent Process Non-Strong References 2.333ms
[2024-07-25T19:05:20.339+0800][88.709s][gc,phases   ] GC(4746) Concurrent Reset Relocation Set 0.005ms
[2024-07-25T19:05:20.342+0800][88.712s][gc          ] Allocation Stall (main) 16.797ms
[2024-07-25T19:05:20.343+0800][88.712s][gc,phases   ] GC(4746) Concurrent Select Relocation Set 3.525ms
[2024-07-25T19:05:20.343+0800][88.712s][gc,phases   ] GC(4746) Pause Relocate Start 0.010ms
[2024-07-25T19:05:20.343+0800][88.713s][gc,phases   ] GC(4746) Concurrent Relocate 0.143ms
[2024-07-25T19:05:20.343+0800][88.713s][gc,load     ] GC(4746) Load: 0.00/0.00/0.00
[2024-07-25T19:05:20.343+0800][88.713s][gc,mmu      ] GC(4746) MMU: 2ms/88.2%, 5ms/95.3%, 10ms/97.6%, 20ms/98.8%, 50ms/99.4%, 100ms/99.6%
[2024-07-25T19:05:20.343+0800][88.713s][gc,marking  ] GC(4746) Mark: 1 stripe(s), 1 proactive flush(es), 1 terminate flush(es), 0 completion(s), 0 continuation(s) 
[2024-07-25T19:05:20.343+0800][88.713s][gc,marking  ] GC(4746) Mark Stack Usage: 32M
[2024-07-25T19:05:20.343+0800][88.713s][gc,nmethod  ] GC(4746) NMethods: 535 registered, 0 unregistered
[2024-07-25T19:05:20.343+0800][88.713s][gc,metaspace] GC(4746) Metaspace: 1M used, 1M committed, 1088M reserved
[2024-07-25T19:05:20.343+0800][88.713s][gc,ref      ] GC(4746) Soft: 46 encountered, 25 discovered, 0 enqueued
[2024-07-25T19:05:20.343+0800][88.713s][gc,ref      ] GC(4746) Weak: 131 encountered, 107 discovered, 0 enqueued
[2024-07-25T19:05:20.343+0800][88.713s][gc,ref      ] GC(4746) Final: 0 encountered, 0 discovered, 0 enqueued
[2024-07-25T19:05:20.343+0800][88.713s][gc,ref      ] GC(4746) Phantom: 184 encountered, 98 discovered, 0 enqueued
[2024-07-25T19:05:20.343+0800][88.713s][gc,reloc    ] GC(4746) Small Pages: 4 / 8M, Empty: 2M, Relocated: 0M, In-Place: 0
[2024-07-25T19:05:20.343+0800][88.713s][gc,reloc    ] GC(4746) Large Pages: 4 / 8M, Empty: 4M, Relocated: 0M, In-Place: 0
[2024-07-25T19:05:20.344+0800][88.713s][gc,reloc    ] GC(4746) Forwarding Usage: 0M
[2024-07-25T19:05:20.344+0800][88.713s][gc,heap     ] GC(4746) Min Capacity: 8M(50%)
[2024-07-25T19:05:20.344+0800][88.713s][gc,heap     ] GC(4746) Max Capacity: 16M(100%)
[2024-07-25T19:05:20.344+0800][88.713s][gc,heap     ] GC(4746) Soft Max Capacity: 16M(100%)
[2024-07-25T19:05:20.344+0800][88.713s][gc,heap     ] GC(4746)                Mark Start          Mark End        Relocate Start      Relocate End           High               Low         
[2024-07-25T19:05:20.344+0800][88.713s][gc,heap     ] GC(4746)  Capacity:       16M (100%)         16M (100%)         16M (100%)         16M (100%)         16M (100%)         16M (100%)   
[2024-07-25T19:05:20.344+0800][88.714s][gc,heap     ] GC(4746)      Free:        0M (0%)            0M (0%)            2M (12%)           2M (12%)           6M (38%)           0M (0%)     
[2024-07-25T19:05:20.344+0800][88.714s][gc,heap     ] GC(4746)      Used:       16M (100%)         16M (100%)         14M (88%)          14M (88%)          16M (100%)         10M (62%)    
[2024-07-25T19:05:20.344+0800][88.714s][gc,heap     ] GC(4746)      Live:         -                 8M (54%)           8M (54%)           8M (54%)            -                  -          
[2024-07-25T19:05:20.344+0800][88.714s][gc,heap     ] GC(4746) Allocated:         -                 0M (0%)            4M (25%)           4M (25%)            -                  -          
[2024-07-25T19:05:20.344+0800][88.714s][gc,heap     ] GC(4746)   Garbage:         -                 7M (46%)           1M (8%)            1M (8%)             -                  -          
[2024-07-25T19:05:20.344+0800][88.714s][gc,heap     ] GC(4746) Reclaimed:         -                  -                 6M (38%)           6M (38%)            -                  -          
[2024-07-25T19:05:20.344+0800][88.714s][gc          ] GC(4746) Garbage Collection (Allocation Stall) 16M(100%)->14M(88%)
[2024-07-25T19:05:20.347+0800][88.717s][gc,start    ] GC(4747) Garbage Collection (Allocation Stall)
[2024-07-25T19:05:20.347+0800][88.717s][gc,ref      ] GC(4747) Clearing All SoftReferences
[2024-07-25T19:05:20.347+0800][88.717s][gc,task     ] GC(4747) Using 1 workers
[2024-07-25T19:05:20.347+0800][88.717s][gc,phases   ] GC(4747) Pause Mark Start 0.010ms
[2024-07-25T19:05:20.356+0800][88.726s][gc,phases   ] GC(4747) Concurrent Mark 8.589ms
[2024-07-25T19:05:20.356+0800][88.726s][gc,phases   ] GC(4747) Pause Mark End 0.009ms
[2024-07-25T19:05:20.356+0800][88.726s][gc,phases   ] GC(4747) Concurrent Mark Free 0.001ms
[2024-07-25T19:05:20.358+0800][88.727s][gc,phases   ] GC(4747) Concurrent Process Non-Strong References 1.675ms
[2024-07-25T19:05:20.358+0800][88.728s][gc,phases   ] GC(4747) Concurrent Reset Relocation Set 0.001ms
[2024-07-25T19:05:20.361+0800][88.730s][gc          ] Allocation Stall (main) 13.932ms
[2024-07-25T19:05:20.361+0800][88.730s][gc,phases   ] GC(4747) Concurrent Select Relocation Set 2.871ms
[2024-07-25T19:05:20.361+0800][88.731s][gc,phases   ] GC(4747) Pause Relocate Start 0.008ms
[2024-07-25T19:05:20.362+0800][88.731s][gc,phases   ] GC(4747) Concurrent Relocate 0.150ms
[2024-07-25T19:05:20.362+0800][88.731s][gc,load     ] GC(4747) Load: 0.00/0.00/0.00
[2024-07-25T19:05:20.362+0800][88.731s][gc,mmu      ] GC(4747) MMU: 2ms/88.2%, 5ms/95.3%, 10ms/97.6%, 20ms/98.8%, 50ms/99.4%, 100ms/99.6%
[2024-07-25T19:05:20.362+0800][88.731s][gc,marking  ] GC(4747) Mark: 1 stripe(s), 1 proactive flush(es), 1 terminate flush(es), 0 completion(s), 0 continuation(s) 
[2024-07-25T19:05:20.362+0800][88.731s][gc,marking  ] GC(4747) Mark Stack Usage: 32M
[2024-07-25T19:05:20.362+0800][88.731s][gc,nmethod  ] GC(4747) NMethods: 535 registered, 0 unregistered
[2024-07-25T19:05:20.362+0800][88.731s][gc,metaspace] GC(4747) Metaspace: 1M used, 1M committed, 1088M reserved
[2024-07-25T19:05:20.362+0800][88.731s][gc,ref      ] GC(4747) Soft: 46 encountered, 25 discovered, 0 enqueued
[2024-07-25T19:05:20.362+0800][88.731s][gc,ref      ] GC(4747) Weak: 131 encountered, 107 discovered, 0 enqueued
[2024-07-25T19:05:20.362+0800][88.731s][gc,ref      ] GC(4747) Final: 0 encountered, 0 discovered, 0 enqueued
[2024-07-25T19:05:20.362+0800][88.731s][gc,ref      ] GC(4747) Phantom: 184 encountered, 98 discovered, 0 enqueued
[2024-07-25T19:05:20.362+0800][88.731s][gc,reloc    ] GC(4747) Small Pages: 4 / 8M, Empty: 2M, Relocated: 0M, In-Place: 0
[2024-07-25T19:05:20.362+0800][88.731s][gc,reloc    ] GC(4747) Large Pages: 4 / 8M, Empty: 4M, Relocated: 0M, In-Place: 0
[2024-07-25T19:05:20.362+0800][88.731s][gc,reloc    ] GC(4747) Forwarding Usage: 0M
[2024-07-25T19:05:20.362+0800][88.731s][gc,heap     ] GC(4747) Min Capacity: 8M(50%)
[2024-07-25T19:05:20.362+0800][88.731s][gc,heap     ] GC(4747) Max Capacity: 16M(100%)
[2024-07-25T19:05:20.362+0800][88.731s][gc,heap     ] GC(4747) Soft Max Capacity: 16M(100%)
[2024-07-25T19:05:20.362+0800][88.731s][gc,heap     ] GC(4747)                Mark Start          Mark End        Relocate Start      Relocate End           High               Low         
[2024-07-25T19:05:20.362+0800][88.731s][gc,heap     ] GC(4747)  Capacity:       16M (100%)         16M (100%)         16M (100%)         16M (100%)         16M (100%)         16M (100%)   
[2024-07-25T19:05:20.362+0800][88.731s][gc,heap     ] GC(4747)      Free:        0M (0%)            0M (0%)            2M (12%)           2M (12%)           6M (38%)           0M (0%)     
[2024-07-25T19:05:20.362+0800][88.731s][gc,heap     ] GC(4747)      Used:       16M (100%)         16M (100%)         14M (88%)          14M (88%)          16M (100%)         10M (62%)    
[2024-07-25T19:05:20.362+0800][88.732s][gc,heap     ] GC(4747)      Live:         -                 8M (54%)           8M (54%)           8M (54%)            -                  -          
[2024-07-25T19:05:20.362+0800][88.732s][gc,heap     ] GC(4747) Allocated:         -                 0M (0%)            4M (25%)           4M (25%)            -                  -          
[2024-07-25T19:05:20.362+0800][88.732s][gc,heap     ] GC(4747)   Garbage:         -                 7M (46%)           1M (8%)            1M (8%)             -                  -          
[2024-07-25T19:05:20.362+0800][88.732s][gc,heap     ] GC(4747) Reclaimed:         -                  -                 6M (38%)           6M (38%)            -                  -          
[2024-07-25T19:05:20.362+0800][88.732s][gc          ] GC(4747) Garbage Collection (Allocation Stall) 16M(100%)->14M(88%)
[2024-07-25T19:05:20.365+0800][88.734s][gc,start    ] GC(4748) Garbage Collection (Allocation Stall)
[2024-07-25T19:05:20.365+0800][88.734s][gc,ref      ] GC(4748) Clearing All SoftReferences
[2024-07-25T19:05:20.365+0800][88.734s][gc,task     ] GC(4748) Using 1 workers
[2024-07-25T19:05:20.365+0800][88.734s][gc,phases   ] GC(4748) Pause Mark Start 0.009ms
[2024-07-25T19:05:20.373+0800][88.743s][gc,phases   ] GC(4748) Concurrent Mark 8.411ms
[2024-07-25T19:05:20.374+0800][88.743s][gc,phases   ] GC(4748) Pause Mark End 0.013ms
[2024-07-25T19:05:20.374+0800][88.743s][gc,phases   ] GC(4748) Concurrent Mark Free 0.001ms
[2024-07-25T19:05:20.376+0800][88.745s][gc,phases   ] GC(4748) Concurrent Process Non-Strong References 1.766ms
[2024-07-25T19:05:20.376+0800][88.745s][gc,phases   ] GC(4748) Concurrent Reset Relocation Set 0.001ms
[2024-07-25T19:05:20.378+0800][88.747s][gc          ] Allocation Stall (main) 13.273ms
[2024-07-25T19:05:20.378+0800][88.747s][gc,phases   ] GC(4748) Concurrent Select Relocation Set 2.219ms
[2024-07-25T19:05:20.378+0800][88.747s][gc,phases   ] GC(4748) Pause Relocate Start 0.012ms
[2024-07-25T19:05:20.378+0800][88.748s][gc,phases   ] GC(4748) Concurrent Relocate 0.046ms
[2024-07-25T19:05:20.378+0800][88.748s][gc,load     ] GC(4748) Load: 0.00/0.00/0.00
[2024-07-25T19:05:20.378+0800][88.748s][gc,mmu      ] GC(4748) MMU: 2ms/88.2%, 5ms/95.3%, 10ms/97.6%, 20ms/98.8%, 50ms/99.4%, 100ms/99.6%
[2024-07-25T19:05:20.379+0800][88.748s][gc,marking  ] GC(4748) Mark: 1 stripe(s), 1 proactive flush(es), 1 terminate flush(es), 0 completion(s), 0 continuation(s) 
[2024-07-25T19:05:20.379+0800][88.748s][gc,marking  ] GC(4748) Mark Stack Usage: 32M
[2024-07-25T19:05:20.379+0800][88.748s][gc,nmethod  ] GC(4748) NMethods: 535 registered, 0 unregistered
[2024-07-25T19:05:20.379+0800][88.748s][gc,metaspace] GC(4748) Metaspace: 1M used, 1M committed, 1088M reserved
[2024-07-25T19:05:20.379+0800][88.748s][gc,ref      ] GC(4748) Soft: 46 encountered, 25 discovered, 0 enqueued
[2024-07-25T19:05:20.379+0800][88.748s][gc,ref      ] GC(4748) Weak: 131 encountered, 107 discovered, 0 enqueued
[2024-07-25T19:05:20.379+0800][88.748s][gc,ref      ] GC(4748) Final: 0 encountered, 0 discovered, 0 enqueued
[2024-07-25T19:05:20.379+0800][88.748s][gc,ref      ] GC(4748) Phantom: 184 encountered, 98 discovered, 0 enqueued
[2024-07-25T19:05:20.379+0800][88.748s][gc,reloc    ] GC(4748) Small Pages: 4 / 8M, Empty: 2M, Relocated: 0M, In-Place: 0
[2024-07-25T19:05:20.379+0800][88.748s][gc,reloc    ] GC(4748) Large Pages: 4 / 8M, Empty: 4M, Relocated: 0M, In-Place: 0
[2024-07-25T19:05:20.379+0800][88.748s][gc,reloc    ] GC(4748) Forwarding Usage: 0M
[2024-07-25T19:05:20.379+0800][88.748s][gc,heap     ] GC(4748) Min Capacity: 8M(50%)
[2024-07-25T19:05:20.379+0800][88.748s][gc,heap     ] GC(4748) Max Capacity: 16M(100%)
[2024-07-25T19:05:20.379+0800][88.748s][gc,heap     ] GC(4748) Soft Max Capacity: 16M(100%)
[2024-07-25T19:05:20.379+0800][88.748s][gc,heap     ] GC(4748)                Mark Start          Mark End        Relocate Start      Relocate End           High               Low         
[2024-07-25T19:05:20.379+0800][88.748s][gc,heap     ] GC(4748)  Capacity:       16M (100%)         16M (100%)         16M (100%)         16M (100%)         16M (100%)         16M (100%)   
[2024-07-25T19:05:20.379+0800][88.748s][gc,heap     ] GC(4748)      Free:        0M (0%)            0M (0%)            2M (12%)           2M (12%)           6M (38%)           0M (0%)     
[2024-07-25T19:05:20.379+0800][88.748s][gc,heap     ] GC(4748)      Used:       16M (100%)         16M (100%)         14M (88%)          14M (88%)          16M (100%)         10M (62%)    
[2024-07-25T19:05:20.379+0800][88.748s][gc,heap     ] GC(4748)      Live:         -                 8M (54%)           8M (54%)           8M (54%)            -                  -          
[2024-07-25T19:05:20.379+0800][88.748s][gc,heap     ] GC(4748) Allocated:         -                 0M (0%)            4M (25%)           4M (25%)            -                  -          
[2024-07-25T19:05:20.379+0800][88.748s][gc,heap     ] GC(4748)   Garbage:         -                 7M (46%)           1M (8%)            1M (8%)             -                  -          
[2024-07-25T19:05:20.379+0800][88.749s][gc,heap     ] GC(4748) Reclaimed:         -                  -                 6M (38%)           6M (38%)            -                  -          
[2024-07-25T19:05:20.379+0800][88.749s][gc          ] GC(4748) Garbage Collection (Allocation Stall) 16M(100%)->14M(88%)
[2024-07-25T19:05:20.383+0800][88.752s][gc,start    ] GC(4749) Garbage Collection (Allocation Stall)
[2024-07-25T19:05:20.383+0800][88.752s][gc,ref      ] GC(4749) Clearing All SoftReferences
[2024-07-25T19:05:20.383+0800][88.752s][gc,task     ] GC(4749) Using 1 workers
[2024-07-25T19:05:20.383+0800][88.752s][gc,phases   ] GC(4749) Pause Mark Start 0.011ms
[2024-07-25T19:05:20.390+0800][88.759s][gc,phases   ] GC(4749) Concurrent Mark 6.585ms
[2024-07-25T19:05:20.390+0800][88.759s][gc,phases   ] GC(4749) Pause Mark End 0.017ms
[2024-07-25T19:05:20.390+0800][88.759s][gc,phases   ] GC(4749) Concurrent Mark Free 0.001ms
[2024-07-25T19:05:20.392+0800][88.762s][gc,phases   ] GC(4749) Concurrent Process Non-Strong References 2.432ms
[2024-07-25T19:05:20.393+0800][88.762s][gc,phases   ] GC(4749) Concurrent Reset Relocation Set 0.002ms
[2024-07-25T19:05:20.395+0800][88.765s][gc          ] Allocation Stall (main) 12.934ms
[2024-07-25T19:05:20.395+0800][88.765s][gc,phases   ] GC(4749) Concurrent Select Relocation Set 2.803ms
[2024-07-25T19:05:20.396+0800][88.765s][gc,phases   ] GC(4749) Pause Relocate Start 0.009ms
[2024-07-25T19:05:20.396+0800][88.765s][gc,phases   ] GC(4749) Concurrent Relocate 0.082ms
[2024-07-25T19:05:20.396+0800][88.766s][gc,load     ] GC(4749) Load: 0.00/0.00/0.00
[2024-07-25T19:05:20.396+0800][88.766s][gc,mmu      ] GC(4749) MMU: 2ms/88.2%, 5ms/95.3%, 10ms/97.6%, 20ms/98.8%, 50ms/99.4%, 100ms/99.6%
[2024-07-25T19:05:20.396+0800][88.766s][gc,marking  ] GC(4749) Mark: 1 stripe(s), 1 proactive flush(es), 1 terminate flush(es), 0 completion(s), 0 continuation(s) 
[2024-07-25T19:05:20.396+0800][88.766s][gc,marking  ] GC(4749) Mark Stack Usage: 32M
[2024-07-25T19:05:20.396+0800][88.766s][gc,nmethod  ] GC(4749) NMethods: 535 registered, 0 unregistered
[2024-07-25T19:05:20.396+0800][88.766s][gc,metaspace] GC(4749) Metaspace: 1M used, 1M committed, 1088M reserved
[2024-07-25T19:05:20.396+0800][88.766s][gc,ref      ] GC(4749) Soft: 46 encountered, 25 discovered, 0 enqueued
[2024-07-25T19:05:20.396+0800][88.766s][gc,ref      ] GC(4749) Weak: 131 encountered, 107 discovered, 0 enqueued
[2024-07-25T19:05:20.396+0800][88.766s][gc,ref      ] GC(4749) Final: 0 encountered, 0 discovered, 0 enqueued
[2024-07-25T19:05:20.396+0800][88.766s][gc,ref      ] GC(4749) Phantom: 184 encountered, 98 discovered, 0 enqueued
[2024-07-25T19:05:20.396+0800][88.766s][gc,reloc    ] GC(4749) Small Pages: 4 / 8M, Empty: 2M, Relocated: 0M, In-Place: 0
[2024-07-25T19:05:20.396+0800][88.766s][gc,reloc    ] GC(4749) Large Pages: 4 / 8M, Empty: 4M, Relocated: 0M, In-Place: 0
[2024-07-25T19:05:20.396+0800][88.766s][gc,reloc    ] GC(4749) Forwarding Usage: 0M
[2024-07-25T19:05:20.396+0800][88.766s][gc,heap     ] GC(4749) Min Capacity: 8M(50%)
[2024-07-25T19:05:20.396+0800][88.766s][gc,heap     ] GC(4749) Max Capacity: 16M(100%)
[2024-07-25T19:05:20.396+0800][88.766s][gc,heap     ] GC(4749) Soft Max Capacity: 16M(100%)
[2024-07-25T19:05:20.396+0800][88.766s][gc,heap     ] GC(4749)                Mark Start          Mark End        Relocate Start      Relocate End           High               Low         
[2024-07-25T19:05:20.396+0800][88.766s][gc,heap     ] GC(4749)  Capacity:       16M (100%)         16M (100%)         16M (100%)         16M (100%)         16M (100%)         16M (100%)   
[2024-07-25T19:05:20.396+0800][88.766s][gc,heap     ] GC(4749)      Free:        0M (0%)            0M (0%)            2M (12%)           2M (12%)           6M (38%)           0M (0%)     
[2024-07-25T19:05:20.396+0800][88.766s][gc,heap     ] GC(4749)      Used:       16M (100%)         16M (100%)         14M (88%)          14M (88%)          16M (100%)         10M (62%)    
[2024-07-25T19:05:20.396+0800][88.766s][gc,heap     ] GC(4749)      Live:         -                 8M (54%)           8M (54%)           8M (54%)            -                  -          
[2024-07-25T19:05:20.396+0800][88.766s][gc,heap     ] GC(4749) Allocated:         -                 0M (0%)            4M (25%)           4M (25%)            -                  -          
[2024-07-25T19:05:20.396+0800][88.766s][gc,heap     ] GC(4749)   Garbage:         -                 7M (46%)           1M (8%)            1M (8%)             -                  -          
[2024-07-25T19:05:20.396+0800][88.766s][gc,heap     ] GC(4749) Reclaimed:         -                  -                 6M (38%)           6M (38%)            -                  -          
[2024-07-25T19:05:20.396+0800][88.766s][gc          ] GC(4749) Garbage Collection (Allocation Stall) 16M(100%)->14M(88%)
[2024-07-25T19:05:20.400+0800][88.769s][gc,start    ] GC(4750) Garbage Collection (Allocation Stall)
[2024-07-25T19:05:20.400+0800][88.769s][gc,ref      ] GC(4750) Clearing All SoftReferences
[2024-07-25T19:05:20.400+0800][88.769s][gc,task     ] GC(4750) Using 1 workers
[2024-07-25T19:05:20.400+0800][88.770s][gc,phases   ] GC(4750) Pause Mark Start 0.007ms
[2024-07-25T19:05:20.409+0800][88.778s][gc,phases   ] GC(4750) Concurrent Mark 8.149ms
[2024-07-25T19:05:20.409+0800][88.778s][gc,phases   ] GC(4750) Pause Mark End 0.011ms
[2024-07-25T19:05:20.409+0800][88.778s][gc,phases   ] GC(4750) Concurrent Mark Free 0.001ms
[2024-07-25T19:05:20.410+0800][88.780s][gc,phases   ] GC(4750) Concurrent Process Non-Strong References 1.695ms
[2024-07-25T19:05:20.410+0800][88.780s][gc,phases   ] GC(4750) Concurrent Reset Relocation Set 0.001ms
[2024-07-25T19:05:20.413+0800][88.782s][gc          ] Allocation Stall (main) 13.059ms
[2024-07-25T19:05:20.413+0800][88.782s][gc,phases   ] GC(4750) Concurrent Select Relocation Set 2.438ms
[2024-07-25T19:05:20.414+0800][88.783s][gc,phases   ] GC(4750) Pause Relocate Start 0.009ms
[2024-07-25T19:05:20.414+0800][88.783s][gc,phases   ] GC(4750) Concurrent Relocate 0.094ms
[2024-07-25T19:05:20.414+0800][88.783s][gc,load     ] GC(4750) Load: 0.00/0.00/0.00
[2024-07-25T19:05:20.414+0800][88.783s][gc,mmu      ] GC(4750) MMU: 2ms/88.2%, 5ms/95.3%, 10ms/97.6%, 20ms/98.8%, 50ms/99.4%, 100ms/99.6%
[2024-07-25T19:05:20.414+0800][88.783s][gc,marking  ] GC(4750) Mark: 1 stripe(s), 1 proactive flush(es), 1 terminate flush(es), 0 completion(s), 0 continuation(s) 
[2024-07-25T19:05:20.414+0800][88.783s][gc,marking  ] GC(4750) Mark Stack Usage: 32M
[2024-07-25T19:05:20.414+0800][88.783s][gc,nmethod  ] GC(4750) NMethods: 535 registered, 0 unregistered
[2024-07-25T19:05:20.414+0800][88.783s][gc,metaspace] GC(4750) Metaspace: 1M used, 1M committed, 1088M reserved
[2024-07-25T19:05:20.414+0800][88.783s][gc,ref      ] GC(4750) Soft: 46 encountered, 25 discovered, 0 enqueued
[2024-07-25T19:05:20.414+0800][88.783s][gc,ref      ] GC(4750) Weak: 131 encountered, 107 discovered, 0 enqueued
[2024-07-25T19:05:20.414+0800][88.783s][gc,ref      ] GC(4750) Final: 0 encountered, 0 discovered, 0 enqueued
[2024-07-25T19:05:20.414+0800][88.783s][gc,ref      ] GC(4750) Phantom: 184 encountered, 98 discovered, 0 enqueued
[2024-07-25T19:05:20.414+0800][88.783s][gc,reloc    ] GC(4750) Small Pages: 4 / 8M, Empty: 2M, Relocated: 0M, In-Place: 0
[2024-07-25T19:05:20.414+0800][88.783s][gc,reloc    ] GC(4750) Large Pages: 4 / 8M, Empty: 4M, Relocated: 0M, In-Place: 0
[2024-07-25T19:05:20.414+0800][88.783s][gc,reloc    ] GC(4750) Forwarding Usage: 0M
[2024-07-25T19:05:20.414+0800][88.783s][gc,heap     ] GC(4750) Min Capacity: 8M(50%)
[2024-07-25T19:05:20.414+0800][88.783s][gc,heap     ] GC(4750) Max Capacity: 16M(100%)
[2024-07-25T19:05:20.414+0800][88.783s][gc,heap     ] GC(4750) Soft Max Capacity: 16M(100%)
[2024-07-25T19:05:20.414+0800][88.783s][gc,heap     ] GC(4750)                Mark Start          Mark End        Relocate Start      Relocate End           High               Low         
[2024-07-25T19:05:20.414+0800][88.783s][gc,heap     ] GC(4750)  Capacity:       16M (100%)         16M (100%)         16M (100%)         16M (100%)         16M (100%)         16M (100%)   
[2024-07-25T19:05:20.414+0800][88.783s][gc,heap     ] GC(4750)      Free:        0M (0%)            0M (0%)            2M (12%)           2M (12%)           6M (38%)           0M (0%)     
[2024-07-25T19:05:20.414+0800][88.783s][gc,heap     ] GC(4750)      Used:       16M (100%)         16M (100%)         14M (88%)          14M (88%)          16M (100%)         10M (62%)    
[2024-07-25T19:05:20.414+0800][88.783s][gc,heap     ] GC(4750)      Live:         -                 8M (54%)           8M (54%)           8M (54%)            -                  -          
[2024-07-25T19:05:20.414+0800][88.783s][gc,heap     ] GC(4750) Allocated:         -                 0M (0%)            4M (25%)           4M (25%)            -                  -          
[2024-07-25T19:05:20.414+0800][88.783s][gc,heap     ] GC(4750)   Garbage:         -                 7M (46%)           1M (8%)            1M (8%)             -                  -          
[2024-07-25T19:05:20.414+0800][88.783s][gc,heap     ] GC(4750) Reclaimed:         -                  -                 6M (38%)           6M (38%)            -                  -          
[2024-07-25T19:05:20.414+0800][88.783s][gc          ] GC(4750) Garbage Collection (Allocation Stall) 16M(100%)->14M(88%)
[2024-07-25T19:05:20.419+0800][88.788s][gc,start    ] GC(4751) Garbage Collection (Allocation Stall)
[2024-07-25T19:05:20.419+0800][88.788s][gc,ref      ] GC(4751) Clearing All SoftReferences
[2024-07-25T19:05:20.419+0800][88.788s][gc,task     ] GC(4751) Using 1 workers
[2024-07-25T19:05:20.419+0800][88.788s][gc,phases   ] GC(4751) Pause Mark Start 0.009ms
[2024-07-25T19:05:20.426+0800][88.795s][gc,phases   ] GC(4751) Concurrent Mark 6.935ms
[2024-07-25T19:05:20.426+0800][88.795s][gc,phases   ] GC(4751) Pause Mark End 0.011ms
[2024-07-25T19:05:20.426+0800][88.795s][gc,phases   ] GC(4751) Concurrent Mark Free 0.001ms
[2024-07-25T19:05:20.428+0800][88.797s][gc,phases   ] GC(4751) Concurrent Process Non-Strong References 1.817ms
[2024-07-25T19:05:20.428+0800][88.797s][gc,phases   ] GC(4751) Concurrent Reset Relocation Set 0.001ms
[2024-07-25T19:05:20.431+0800][88.800s][gc          ] Allocation Stall (main) 12.303ms
[2024-07-25T19:05:20.431+0800][88.800s][gc,phases   ] GC(4751) Concurrent Select Relocation Set 2.801ms
[2024-07-25T19:05:20.431+0800][88.800s][gc,phases   ] GC(4751) Pause Relocate Start 0.013ms
[2024-07-25T19:05:20.431+0800][88.800s][gc,phases   ] GC(4751) Concurrent Relocate 0.107ms
[2024-07-25T19:05:20.431+0800][88.801s][gc,load     ] GC(4751) Load: 0.00/0.00/0.00
[2024-07-25T19:05:20.431+0800][88.801s][gc,mmu      ] GC(4751) MMU: 2ms/88.2%, 5ms/95.3%, 10ms/97.6%, 20ms/98.8%, 50ms/99.4%, 100ms/99.6%
[2024-07-25T19:05:20.431+0800][88.801s][gc,marking  ] GC(4751) Mark: 1 stripe(s), 1 proactive flush(es), 1 terminate flush(es), 0 completion(s), 0 continuation(s) 
[2024-07-25T19:05:20.431+0800][88.801s][gc,marking  ] GC(4751) Mark Stack Usage: 32M
[2024-07-25T19:05:20.431+0800][88.801s][gc,nmethod  ] GC(4751) NMethods: 535 registered, 0 unregistered
[2024-07-25T19:05:20.431+0800][88.801s][gc,metaspace] GC(4751) Metaspace: 1M used, 1M committed, 1088M reserved
[2024-07-25T19:05:20.431+0800][88.801s][gc,ref      ] GC(4751) Soft: 46 encountered, 25 discovered, 0 enqueued
[2024-07-25T19:05:20.431+0800][88.801s][gc,ref      ] GC(4751) Weak: 131 encountered, 107 discovered, 0 enqueued
[2024-07-25T19:05:20.431+0800][88.801s][gc,ref      ] GC(4751) Final: 0 encountered, 0 discovered, 0 enqueued
[2024-07-25T19:05:20.431+0800][88.801s][gc,ref      ] GC(4751) Phantom: 184 encountered, 98 discovered, 0 enqueued
[2024-07-25T19:05:20.431+0800][88.801s][gc,reloc    ] GC(4751) Small Pages: 4 / 8M, Empty: 2M, Relocated: 0M, In-Place: 0
[2024-07-25T19:05:20.431+0800][88.801s][gc,reloc    ] GC(4751) Large Pages: 4 / 8M, Empty: 4M, Relocated: 0M, In-Place: 0
[2024-07-25T19:05:20.431+0800][88.801s][gc,reloc    ] GC(4751) Forwarding Usage: 0M
[2024-07-25T19:05:20.432+0800][88.801s][gc,heap     ] GC(4751) Min Capacity: 8M(50%)
[2024-07-25T19:05:20.432+0800][88.801s][gc,heap     ] GC(4751) Max Capacity: 16M(100%)
[2024-07-25T19:05:20.432+0800][88.801s][gc,heap     ] GC(4751) Soft Max Capacity: 16M(100%)
[2024-07-25T19:05:20.432+0800][88.801s][gc,heap     ] GC(4751)                Mark Start          Mark End        Relocate Start      Relocate End           High               Low         
[2024-07-25T19:05:20.432+0800][88.801s][gc,heap     ] GC(4751)  Capacity:       16M (100%)         16M (100%)         16M (100%)         16M (100%)         16M (100%)         16M (100%)   
[2024-07-25T19:05:20.432+0800][88.801s][gc,heap     ] GC(4751)      Free:        0M (0%)            0M (0%)            2M (12%)           2M (12%)           6M (38%)           0M (0%)     
[2024-07-25T19:05:20.432+0800][88.801s][gc,heap     ] GC(4751)      Used:       16M (100%)         16M (100%)         14M (88%)          14M (88%)          16M (100%)         10M (62%)    
[2024-07-25T19:05:20.432+0800][88.801s][gc,heap     ] GC(4751)      Live:         -                 8M (54%)           8M (54%)           8M (54%)            -                  -          
[2024-07-25T19:05:20.432+0800][88.801s][gc,heap     ] GC(4751) Allocated:         -                 0M (0%)            4M (25%)           4M (25%)            -                  -          
[2024-07-25T19:05:20.432+0800][88.801s][gc,heap     ] GC(4751)   Garbage:         -                 7M (46%)           1M (8%)            1M (8%)             -                  -          
[2024-07-25T19:05:20.432+0800][88.801s][gc,heap     ] GC(4751) Reclaimed:         -                  -                 6M (38%)           6M (38%)            -                  -          
[2024-07-25T19:05:20.432+0800][88.801s][gc          ] GC(4751) Garbage Collection (Allocation Stall) 16M(100%)->14M(88%)
[2024-07-25T19:05:20.435+0800][88.804s][gc,start    ] GC(4752) Garbage Collection (Allocation Stall)
[2024-07-25T19:05:20.435+0800][88.804s][gc,ref      ] GC(4752) Clearing All SoftReferences
[2024-07-25T19:05:20.435+0800][88.804s][gc,task     ] GC(4752) Using 1 workers
[2024-07-25T19:05:20.435+0800][88.804s][gc,phases   ] GC(4752) Pause Mark Start 0.013ms
[2024-07-25T19:05:20.441+0800][88.811s][gc,phases   ] GC(4752) Concurrent Mark 6.410ms
[2024-07-25T19:05:20.442+0800][88.811s][gc,phases   ] GC(4752) Pause Mark End 0.033ms
[2024-07-25T19:05:20.442+0800][88.811s][gc,phases   ] GC(4752) Concurrent Mark Free 0.001ms
[2024-07-25T19:05:20.444+0800][88.813s][gc,phases   ] GC(4752) Concurrent Process Non-Strong References 1.606ms
[2024-07-25T19:05:20.444+0800][88.813s][gc,phases   ] GC(4752) Concurrent Reset Relocation Set 0.001ms
[2024-07-25T19:05:20.446+0800][88.815s][gc          ] Allocation Stall (main) 11.392ms
[2024-07-25T19:05:20.446+0800][88.815s][gc,phases   ] GC(4752) Concurrent Select Relocation Set 2.460ms
[2024-07-25T19:05:20.446+0800][88.815s][gc,phases   ] GC(4752) Pause Relocate Start 0.012ms
[2024-07-25T19:05:20.446+0800][88.816s][gc,phases   ] GC(4752) Concurrent Relocate 0.091ms
[2024-07-25T19:05:20.447+0800][88.816s][gc,load     ] GC(4752) Load: 0.00/0.00/0.00
[2024-07-25T19:05:20.447+0800][88.816s][gc,mmu      ] GC(4752) MMU: 2ms/88.2%, 5ms/95.3%, 10ms/97.6%, 20ms/98.8%, 50ms/99.4%, 100ms/99.6%
[2024-07-25T19:05:20.447+0800][88.816s][gc,marking  ] GC(4752) Mark: 1 stripe(s), 1 proactive flush(es), 1 terminate flush(es), 0 completion(s), 0 continuation(s) 
[2024-07-25T19:05:20.447+0800][88.816s][gc,marking  ] GC(4752) Mark Stack Usage: 32M
[2024-07-25T19:05:20.447+0800][88.816s][gc,nmethod  ] GC(4752) NMethods: 535 registered, 0 unregistered
[2024-07-25T19:05:20.447+0800][88.816s][gc,metaspace] GC(4752) Metaspace: 1M used, 1M committed, 1088M reserved
[2024-07-25T19:05:20.447+0800][88.816s][gc,ref      ] GC(4752) Soft: 46 encountered, 25 discovered, 0 enqueued
[2024-07-25T19:05:20.447+0800][88.816s][gc,ref      ] GC(4752) Weak: 131 encountered, 107 discovered, 0 enqueued
[2024-07-25T19:05:20.447+0800][88.816s][gc,ref      ] GC(4752) Final: 0 encountered, 0 discovered, 0 enqueued
[2024-07-25T19:05:20.447+0800][88.816s][gc,ref      ] GC(4752) Phantom: 184 encountered, 98 discovered, 0 enqueued
[2024-07-25T19:05:20.447+0800][88.816s][gc,reloc    ] GC(4752) Small Pages: 4 / 8M, Empty: 2M, Relocated: 0M, In-Place: 0
[2024-07-25T19:05:20.447+0800][88.816s][gc,reloc    ] GC(4752) Large Pages: 4 / 8M, Empty: 4M, Relocated: 0M, In-Place: 0
[2024-07-25T19:05:20.447+0800][88.816s][gc,reloc    ] GC(4752) Forwarding Usage: 0M
[2024-07-25T19:05:20.447+0800][88.816s][gc,heap     ] GC(4752) Min Capacity: 8M(50%)
[2024-07-25T19:05:20.447+0800][88.816s][gc,heap     ] GC(4752) Max Capacity: 16M(100%)
[2024-07-25T19:05:20.447+0800][88.816s][gc,heap     ] GC(4752) Soft Max Capacity: 16M(100%)
[2024-07-25T19:05:20.447+0800][88.816s][gc,heap     ] GC(4752)                Mark Start          Mark End        Relocate Start      Relocate End           High               Low         
[2024-07-25T19:05:20.447+0800][88.816s][gc,heap     ] GC(4752)  Capacity:       16M (100%)         16M (100%)         16M (100%)         16M (100%)         16M (100%)         16M (100%)   
[2024-07-25T19:05:20.447+0800][88.816s][gc,heap     ] GC(4752)      Free:        0M (0%)            0M (0%)            2M (12%)           2M (12%)           6M (38%)           0M (0%)     
[2024-07-25T19:05:20.447+0800][88.816s][gc,heap     ] GC(4752)      Used:       16M (100%)         16M (100%)         14M (88%)          14M (88%)          16M (100%)         10M (62%)    
[2024-07-25T19:05:20.447+0800][88.816s][gc,heap     ] GC(4752)      Live:         -                 8M (54%)           8M (54%)           8M (54%)            -                  -          
[2024-07-25T19:05:20.447+0800][88.816s][gc,heap     ] GC(4752) Allocated:         -                 0M (0%)            4M (25%)           4M (25%)            -                  -          
[2024-07-25T19:05:20.447+0800][88.816s][gc,heap     ] GC(4752)   Garbage:         -                 7M (46%)           1M (8%)            1M (8%)             -                  -          
[2024-07-25T19:05:20.447+0800][88.816s][gc,heap     ] GC(4752) Reclaimed:         -                  -                 6M (38%)           6M (38%)            -                  -          
[2024-07-25T19:05:20.447+0800][88.816s][gc          ] GC(4752) Garbage Collection (Allocation Stall) 16M(100%)->14M(88%)
[2024-07-25T19:05:20.451+0800][88.820s][gc,start    ] GC(4753) Garbage Collection (Allocation Stall)
[2024-07-25T19:05:20.451+0800][88.820s][gc,ref      ] GC(4753) Clearing All SoftReferences
[2024-07-25T19:05:20.451+0800][88.820s][gc,task     ] GC(4753) Using 1 workers
[2024-07-25T19:05:20.451+0800][88.820s][gc,phases   ] GC(4753) Pause Mark Start 0.008ms
[2024-07-25T19:05:20.458+0800][88.827s][gc,phases   ] GC(4753) Concurrent Mark 6.639ms
[2024-07-25T19:05:20.458+0800][88.827s][gc,phases   ] GC(4753) Pause Mark End 0.036ms
[2024-07-25T19:05:20.458+0800][88.827s][gc,phases   ] GC(4753) Concurrent Mark Free 0.002ms
[2024-07-25T19:05:20.459+0800][88.829s][gc,phases   ] GC(4753) Concurrent Process Non-Strong References 1.882ms
[2024-07-25T19:05:20.459+0800][88.829s][gc,phases   ] GC(4753) Concurrent Reset Relocation Set 0.001ms
[2024-07-25T19:05:20.462+0800][88.832s][gc          ] Allocation Stall (main) 12.379ms
[2024-07-25T19:05:20.462+0800][88.832s][gc,phases   ] GC(4753) Concurrent Select Relocation Set 2.929ms
[2024-07-25T19:05:20.463+0800][88.832s][gc,phases   ] GC(4753) Pause Relocate Start 0.013ms
[2024-07-25T19:05:20.463+0800][88.833s][gc,phases   ] GC(4753) Concurrent Relocate 0.053ms
[2024-07-25T19:05:20.463+0800][88.833s][gc,load     ] GC(4753) Load: 0.00/0.00/0.00
[2024-07-25T19:05:20.463+0800][88.833s][gc,mmu      ] GC(4753) MMU: 2ms/88.2%, 5ms/95.3%, 10ms/97.6%, 20ms/98.8%, 50ms/99.4%, 100ms/99.6%
[2024-07-25T19:05:20.463+0800][88.833s][gc,marking  ] GC(4753) Mark: 1 stripe(s), 1 proactive flush(es), 1 terminate flush(es), 0 completion(s), 0 continuation(s) 
[2024-07-25T19:05:20.463+0800][88.833s][gc,marking  ] GC(4753) Mark Stack Usage: 32M
[2024-07-25T19:05:20.463+0800][88.833s][gc,nmethod  ] GC(4753) NMethods: 535 registered, 0 unregistered
[2024-07-25T19:05:20.463+0800][88.833s][gc,metaspace] GC(4753) Metaspace: 1M used, 1M committed, 1088M reserved
[2024-07-25T19:05:20.463+0800][88.833s][gc,ref      ] GC(4753) Soft: 46 encountered, 25 discovered, 0 enqueued
[2024-07-25T19:05:20.463+0800][88.833s][gc,ref      ] GC(4753) Weak: 131 encountered, 107 discovered, 0 enqueued
[2024-07-25T19:05:20.463+0800][88.833s][gc,ref      ] GC(4753) Final: 0 encountered, 0 discovered, 0 enqueued
[2024-07-25T19:05:20.463+0800][88.833s][gc,ref      ] GC(4753) Phantom: 184 encountered, 98 discovered, 0 enqueued
[2024-07-25T19:05:20.463+0800][88.833s][gc,reloc    ] GC(4753) Small Pages: 4 / 8M, Empty: 2M, Relocated: 0M, In-Place: 0
[2024-07-25T19:05:20.463+0800][88.833s][gc,reloc    ] GC(4753) Large Pages: 4 / 8M, Empty: 4M, Relocated: 0M, In-Place: 0
[2024-07-25T19:05:20.463+0800][88.833s][gc,reloc    ] GC(4753) Forwarding Usage: 0M
[2024-07-25T19:05:20.463+0800][88.833s][gc,heap     ] GC(4753) Min Capacity: 8M(50%)
[2024-07-25T19:05:20.463+0800][88.833s][gc,heap     ] GC(4753) Max Capacity: 16M(100%)
[2024-07-25T19:05:20.463+0800][88.833s][gc,heap     ] GC(4753) Soft Max Capacity: 16M(100%)
[2024-07-25T19:05:20.464+0800][88.833s][gc,heap     ] GC(4753)                Mark Start          Mark End        Relocate Start      Relocate End           High               Low         
[2024-07-25T19:05:20.464+0800][88.833s][gc,heap     ] GC(4753)  Capacity:       16M (100%)         16M (100%)         16M (100%)         16M (100%)         16M (100%)         16M (100%)   
[2024-07-25T19:05:20.464+0800][88.833s][gc,heap     ] GC(4753)      Free:        0M (0%)            0M (0%)            4M (25%)           4M (25%)           6M (38%)           0M (0%)     
[2024-07-25T19:05:20.464+0800][88.833s][gc,heap     ] GC(4753)      Used:       16M (100%)         16M (100%)         12M (75%)          12M (75%)          16M (100%)         10M (62%)    
[2024-07-25T19:05:20.464+0800][88.833s][gc,heap     ] GC(4753)      Live:         -                 8M (54%)           8M (54%)           8M (54%)            -                  -          
[2024-07-25T19:05:20.464+0800][88.833s][gc,heap     ] GC(4753) Allocated:         -                 0M (0%)            2M (12%)           2M (12%)            -                  -          
[2024-07-25T19:05:20.464+0800][88.834s][gc,heap     ] GC(4753)   Garbage:         -                 7M (46%)           1M (8%)            1M (8%)             -                  -          
[2024-07-25T19:05:20.464+0800][88.834s][gc,heap     ] GC(4753) Reclaimed:         -                  -                 6M (38%)           6M (38%)            -                  -          
[2024-07-25T19:05:20.464+0800][88.834s][gc          ] GC(4753) Garbage Collection (Allocation Stall) 16M(100%)->12M(75%)
[2024-07-25T19:05:20.470+0800][88.839s][gc,start    ] GC(4754) Garbage Collection (Allocation Stall)
[2024-07-25T19:05:20.470+0800][88.839s][gc,ref      ] GC(4754) Clearing All SoftReferences
[2024-07-25T19:05:20.470+0800][88.839s][gc,task     ] GC(4754) Using 1 workers
[2024-07-25T19:05:20.470+0800][88.839s][gc,phases   ] GC(4754) Pause Mark Start 0.007ms
[2024-07-25T19:05:20.476+0800][88.845s][gc,phases   ] GC(4754) Concurrent Mark 6.155ms
[2024-07-25T19:05:20.476+0800][88.845s][gc,phases   ] GC(4754) Pause Mark End 0.011ms
[2024-07-25T19:05:20.476+0800][88.845s][gc,phases   ] GC(4754) Concurrent Mark Free 0.001ms
[2024-07-25T19:05:20.478+0800][88.847s][gc,phases   ] GC(4754) Concurrent Process Non-Strong References 1.617ms
[2024-07-25T19:05:20.478+0800][88.847s][gc,phases   ] GC(4754) Concurrent Reset Relocation Set 0.001ms
[2024-07-25T19:05:20.481+0800][88.850s][gc          ] Allocation Stall (main) 11.117ms
[2024-07-25T19:05:20.481+0800][88.850s][gc,phases   ] GC(4754) Concurrent Select Relocation Set 2.593ms
[2024-07-25T19:05:20.481+0800][88.850s][gc,phases   ] GC(4754) Pause Relocate Start 0.006ms
[2024-07-25T19:05:20.481+0800][88.850s][gc,phases   ] GC(4754) Concurrent Relocate 0.142ms
[2024-07-25T19:05:20.481+0800][88.850s][gc,load     ] GC(4754) Load: 0.00/0.00/0.00
[2024-07-25T19:05:20.481+0800][88.850s][gc,mmu      ] GC(4754) MMU: 2ms/88.2%, 5ms/95.3%, 10ms/97.6%, 20ms/98.8%, 50ms/99.4%, 100ms/99.6%
[2024-07-25T19:05:20.481+0800][88.850s][gc,marking  ] GC(4754) Mark: 1 stripe(s), 1 proactive flush(es), 1 terminate flush(es), 0 completion(s), 0 continuation(s) 
[2024-07-25T19:05:20.481+0800][88.850s][gc,marking  ] GC(4754) Mark Stack Usage: 32M
[2024-07-25T19:05:20.481+0800][88.850s][gc,nmethod  ] GC(4754) NMethods: 535 registered, 0 unregistered
[2024-07-25T19:05:20.481+0800][88.850s][gc,metaspace] GC(4754) Metaspace: 1M used, 1M committed, 1088M reserved
[2024-07-25T19:05:20.481+0800][88.850s][gc,ref      ] GC(4754) Soft: 46 encountered, 25 discovered, 0 enqueued
[2024-07-25T19:05:20.481+0800][88.850s][gc,ref      ] GC(4754) Weak: 131 encountered, 107 discovered, 0 enqueued
[2024-07-25T19:05:20.481+0800][88.850s][gc,ref      ] GC(4754) Final: 0 encountered, 0 discovered, 0 enqueued
[2024-07-25T19:05:20.481+0800][88.850s][gc,ref      ] GC(4754) Phantom: 184 encountered, 98 discovered, 0 enqueued
[2024-07-25T19:05:20.481+0800][88.850s][gc,reloc    ] GC(4754) Small Pages: 4 / 8M, Empty: 2M, Relocated: 0M, In-Place: 0
[2024-07-25T19:05:20.481+0800][88.850s][gc,reloc    ] GC(4754) Large Pages: 4 / 8M, Empty: 4M, Relocated: 0M, In-Place: 0
[2024-07-25T19:05:20.481+0800][88.850s][gc,reloc    ] GC(4754) Forwarding Usage: 0M
[2024-07-25T19:05:20.481+0800][88.850s][gc,heap     ] GC(4754) Min Capacity: 8M(50%)
[2024-07-25T19:05:20.481+0800][88.850s][gc,heap     ] GC(4754) Max Capacity: 16M(100%)
[2024-07-25T19:05:20.481+0800][88.850s][gc,heap     ] GC(4754) Soft Max Capacity: 16M(100%)
[2024-07-25T19:05:20.481+0800][88.850s][gc,heap     ] GC(4754)                Mark Start          Mark End        Relocate Start      Relocate End           High               Low         
[2024-07-25T19:05:20.481+0800][88.850s][gc,heap     ] GC(4754)  Capacity:       16M (100%)         16M (100%)         16M (100%)         16M (100%)         16M (100%)         16M (100%)   
[2024-07-25T19:05:20.481+0800][88.851s][gc,heap     ] GC(4754)      Free:        0M (0%)            0M (0%)            2M (12%)           2M (12%)           6M (38%)           0M (0%)     
[2024-07-25T19:05:20.481+0800][88.851s][gc,heap     ] GC(4754)      Used:       16M (100%)         16M (100%)         14M (88%)          14M (88%)          16M (100%)         10M (62%)    
[2024-07-25T19:05:20.481+0800][88.851s][gc,heap     ] GC(4754)      Live:         -                 8M (54%)           8M (54%)           8M (54%)            -                  -          
[2024-07-25T19:05:20.481+0800][88.851s][gc,heap     ] GC(4754) Allocated:         -                 0M (0%)            4M (25%)           4M (25%)            -                  -          
[2024-07-25T19:05:20.481+0800][88.851s][gc,heap     ] GC(4754)   Garbage:         -                 7M (46%)           1M (8%)            1M (8%)             -                  -          
[2024-07-25T19:05:20.481+0800][88.851s][gc,heap     ] GC(4754) Reclaimed:         -                  -                 6M (38%)           6M (38%)            -                  -          
[2024-07-25T19:05:20.481+0800][88.851s][gc          ] GC(4754) Garbage Collection (Allocation Stall) 16M(100%)->14M(88%)
[2024-07-25T19:05:20.484+0800][88.853s][gc,start    ] GC(4755) Garbage Collection (Allocation Stall)
[2024-07-25T19:05:20.484+0800][88.853s][gc,ref      ] GC(4755) Clearing All SoftReferences
[2024-07-25T19:05:20.484+0800][88.853s][gc,task     ] GC(4755) Using 1 workers
[2024-07-25T19:05:20.484+0800][88.853s][gc,phases   ] GC(4755) Pause Mark Start 0.009ms
[2024-07-25T19:05:20.490+0800][88.859s][gc,phases   ] GC(4755) Concurrent Mark 5.537ms
[2024-07-25T19:05:20.490+0800][88.859s][gc,phases   ] GC(4755) Pause Mark End 0.010ms
[2024-07-25T19:05:20.490+0800][88.859s][gc,phases   ] GC(4755) Concurrent Mark Free 0.001ms
[2024-07-25T19:05:20.491+0800][88.860s][gc,phases   ] GC(4755) Concurrent Process Non-Strong References 1.550ms
[2024-07-25T19:05:20.491+0800][88.860s][gc,phases   ] GC(4755) Concurrent Reset Relocation Set 0.001ms
[2024-07-25T19:05:20.493+0800][88.863s][gc          ] Allocation Stall (main) 10.486ms
[2024-07-25T19:05:20.493+0800][88.863s][gc,phases   ] GC(4755) Concurrent Select Relocation Set 2.651ms
[2024-07-25T19:05:20.494+0800][88.863s][gc,phases   ] GC(4755) Pause Relocate Start 0.006ms
[2024-07-25T19:05:20.494+0800][88.864s][gc,phases   ] GC(4755) Concurrent Relocate 0.128ms
[2024-07-25T19:05:20.494+0800][88.864s][gc,load     ] GC(4755) Load: 0.00/0.00/0.00
[2024-07-25T19:05:20.494+0800][88.864s][gc,mmu      ] GC(4755) MMU: 2ms/88.2%, 5ms/95.3%, 10ms/97.6%, 20ms/98.8%, 50ms/99.4%, 100ms/99.6%
[2024-07-25T19:05:20.494+0800][88.864s][gc,marking  ] GC(4755) Mark: 1 stripe(s), 1 proactive flush(es), 1 terminate flush(es), 0 completion(s), 0 continuation(s) 
[2024-07-25T19:05:20.494+0800][88.864s][gc,marking  ] GC(4755) Mark Stack Usage: 32M
[2024-07-25T19:05:20.494+0800][88.864s][gc,nmethod  ] GC(4755) NMethods: 535 registered, 0 unregistered
[2024-07-25T19:05:20.494+0800][88.864s][gc,metaspace] GC(4755) Metaspace: 1M used, 1M committed, 1088M reserved
[2024-07-25T19:05:20.494+0800][88.864s][gc,ref      ] GC(4755) Soft: 46 encountered, 25 discovered, 0 enqueued
[2024-07-25T19:05:20.494+0800][88.864s][gc,ref      ] GC(4755) Weak: 131 encountered, 107 discovered, 0 enqueued
[2024-07-25T19:05:20.494+0800][88.864s][gc,ref      ] GC(4755) Final: 0 encountered, 0 discovered, 0 enqueued
[2024-07-25T19:05:20.494+0800][88.864s][gc,ref      ] GC(4755) Phantom: 184 encountered, 98 discovered, 0 enqueued
[2024-07-25T19:05:20.494+0800][88.864s][gc,reloc    ] GC(4755) Small Pages: 4 / 8M, Empty: 2M, Relocated: 0M, In-Place: 0
[2024-07-25T19:05:20.494+0800][88.864s][gc,reloc    ] GC(4755) Large Pages: 4 / 8M, Empty: 4M, Relocated: 0M, In-Place: 0
[2024-07-25T19:05:20.494+0800][88.864s][gc,reloc    ] GC(4755) Forwarding Usage: 0M
[2024-07-25T19:05:20.494+0800][88.864s][gc,heap     ] GC(4755) Min Capacity: 8M(50%)
[2024-07-25T19:05:20.494+0800][88.864s][gc,heap     ] GC(4755) Max Capacity: 16M(100%)
[2024-07-25T19:05:20.494+0800][88.864s][gc,heap     ] GC(4755) Soft Max Capacity: 16M(100%)
[2024-07-25T19:05:20.494+0800][88.864s][gc,heap     ] GC(4755)                Mark Start          Mark End        Relocate Start      Relocate End           High               Low         
[2024-07-25T19:05:20.494+0800][88.864s][gc,heap     ] GC(4755)  Capacity:       16M (100%)         16M (100%)         16M (100%)         16M (100%)         16M (100%)         16M (100%)   
[2024-07-25T19:05:20.494+0800][88.864s][gc,heap     ] GC(4755)      Free:        0M (0%)            0M (0%)            2M (12%)           2M (12%)           6M (38%)           0M (0%)     
[2024-07-25T19:05:20.494+0800][88.864s][gc,heap     ] GC(4755)      Used:       16M (100%)         16M (100%)         14M (88%)          14M (88%)          16M (100%)         10M (62%)    
[2024-07-25T19:05:20.494+0800][88.864s][gc,heap     ] GC(4755)      Live:         -                 8M (54%)           8M (54%)           8M (54%)            -                  -          
[2024-07-25T19:05:20.494+0800][88.864s][gc,heap     ] GC(4755) Allocated:         -                 0M (0%)            4M (25%)           4M (25%)            -                  -          
[2024-07-25T19:05:20.494+0800][88.864s][gc,heap     ] GC(4755)   Garbage:         -                 7M (46%)           1M (8%)            1M (8%)             -                  -          
[2024-07-25T19:05:20.494+0800][88.864s][gc,heap     ] GC(4755) Reclaimed:         -                  -                 6M (38%)           6M (38%)            -                  -          
[2024-07-25T19:05:20.494+0800][88.864s][gc          ] GC(4755) Garbage Collection (Allocation Stall) 16M(100%)->14M(88%)
[2024-07-25T19:05:20.499+0800][88.868s][gc,start    ] GC(4756) Garbage Collection (Allocation Stall)
[2024-07-25T19:05:20.499+0800][88.868s][gc,ref      ] GC(4756) Clearing All SoftReferences
[2024-07-25T19:05:20.499+0800][88.868s][gc,task     ] GC(4756) Using 1 workers
[2024-07-25T19:05:20.499+0800][88.868s][gc,phases   ] GC(4756) Pause Mark Start 0.008ms
[2024-07-25T19:05:20.505+0800][88.874s][gc,phases   ] GC(4756) Concurrent Mark 5.629ms
[2024-07-25T19:05:20.505+0800][88.874s][gc,phases   ] GC(4756) Pause Mark End 0.008ms
[2024-07-25T19:05:20.505+0800][88.874s][gc,phases   ] GC(4756) Concurrent Mark Free 0.001ms
[2024-07-25T19:05:20.507+0800][88.875s][gc,phases   ] GC(4756) Concurrent Process Non-Strong References 1.644ms
[2024-07-25T19:05:20.507+0800][88.876s][gc,phases   ] GC(4756) Concurrent Reset Relocation Set 0.001ms
[2024-07-25T19:05:20.508+0800][88.878s][gc          ] Allocation Stall (main) 10.226ms
[2024-07-25T19:05:20.509+0800][88.878s][gc,phases   ] GC(4756) Concurrent Select Relocation Set 2.317ms
[2024-07-25T19:05:20.509+0800][88.878s][gc,phases   ] GC(4756) Pause Relocate Start 0.006ms
[2024-07-25T19:05:20.509+0800][88.878s][gc,phases   ] GC(4756) Concurrent Relocate 0.031ms
[2024-07-25T19:05:20.509+0800][88.878s][gc,load     ] GC(4756) Load: 0.00/0.00/0.00
[2024-07-25T19:05:20.509+0800][88.878s][gc,mmu      ] GC(4756) MMU: 2ms/88.2%, 5ms/95.3%, 10ms/97.6%, 20ms/98.8%, 50ms/99.4%, 100ms/99.6%
[2024-07-25T19:05:20.509+0800][88.878s][gc,marking  ] GC(4756) Mark: 1 stripe(s), 1 proactive flush(es), 1 terminate flush(es), 0 completion(s), 0 continuation(s) 
[2024-07-25T19:05:20.509+0800][88.878s][gc,marking  ] GC(4756) Mark Stack Usage: 32M
[2024-07-25T19:05:20.509+0800][88.878s][gc,nmethod  ] GC(4756) NMethods: 535 registered, 0 unregistered
[2024-07-25T19:05:20.509+0800][88.878s][gc,metaspace] GC(4756) Metaspace: 1M used, 1M committed, 1088M reserved
[2024-07-25T19:05:20.509+0800][88.878s][gc,ref      ] GC(4756) Soft: 46 encountered, 25 discovered, 0 enqueued
[2024-07-25T19:05:20.509+0800][88.878s][gc,ref      ] GC(4756) Weak: 131 encountered, 107 discovered, 0 enqueued
[2024-07-25T19:05:20.509+0800][88.878s][gc,ref      ] GC(4756) Final: 0 encountered, 0 discovered, 0 enqueued
[2024-07-25T19:05:20.509+0800][88.879s][gc,ref      ] GC(4756) Phantom: 184 encountered, 98 discovered, 0 enqueued
[2024-07-25T19:05:20.509+0800][88.879s][gc,reloc    ] GC(4756) Small Pages: 4 / 8M, Empty: 2M, Relocated: 0M, In-Place: 0
[2024-07-25T19:05:20.509+0800][88.879s][gc,reloc    ] GC(4756) Large Pages: 4 / 8M, Empty: 4M, Relocated: 0M, In-Place: 0
[2024-07-25T19:05:20.509+0800][88.879s][gc,reloc    ] GC(4756) Forwarding Usage: 0M
[2024-07-25T19:05:20.509+0800][88.879s][gc,heap     ] GC(4756) Min Capacity: 8M(50%)
[2024-07-25T19:05:20.509+0800][88.879s][gc,heap     ] GC(4756) Max Capacity: 16M(100%)
[2024-07-25T19:05:20.509+0800][88.879s][gc,heap     ] GC(4756) Soft Max Capacity: 16M(100%)
[2024-07-25T19:05:20.509+0800][88.879s][gc,heap     ] GC(4756)                Mark Start          Mark End        Relocate Start      Relocate End           High               Low         
[2024-07-25T19:05:20.509+0800][88.879s][gc,heap     ] GC(4756)  Capacity:       16M (100%)         16M (100%)         16M (100%)         16M (100%)         16M (100%)         16M (100%)   
[2024-07-25T19:05:20.509+0800][88.879s][gc,heap     ] GC(4756)      Free:        0M (0%)            0M (0%)            2M (12%)           2M (12%)           6M (38%)           0M (0%)     
[2024-07-25T19:05:20.509+0800][88.879s][gc,heap     ] GC(4756)      Used:       16M (100%)         16M (100%)         14M (88%)          14M (88%)          16M (100%)         10M (62%)    
[2024-07-25T19:05:20.509+0800][88.879s][gc,heap     ] GC(4756)      Live:         -                 8M (54%)           8M (54%)           8M (54%)            -                  -          
[2024-07-25T19:05:20.509+0800][88.879s][gc,heap     ] GC(4756) Allocated:         -                 0M (0%)            4M (25%)           4M (25%)            -                  -          
[2024-07-25T19:05:20.509+0800][88.879s][gc,heap     ] GC(4756)   Garbage:         -                 7M (46%)           1M (8%)            1M (8%)             -                  -          
[2024-07-25T19:05:20.509+0800][88.879s][gc,heap     ] GC(4756) Reclaimed:         -                  -                 6M (38%)           6M (38%)            -                  -          
[2024-07-25T19:05:20.509+0800][88.879s][gc          ] GC(4756) Garbage Collection (Allocation Stall) 16M(100%)->14M(88%)
[2024-07-25T19:05:20.512+0800][88.881s][gc,start    ] GC(4757) Garbage Collection (Allocation Rate)
[2024-07-25T19:05:20.512+0800][88.881s][gc,task     ] GC(4757) Using 1 workers
[2024-07-25T19:05:20.512+0800][88.882s][gc,phases   ] GC(4757) Pause Mark Start 0.009ms
[2024-07-25T19:05:20.518+0800][88.887s][gc,phases   ] GC(4757) Concurrent Mark 5.775ms
[2024-07-25T19:05:20.518+0800][88.888s][gc,phases   ] GC(4757) Pause Mark End 0.010ms
[2024-07-25T19:05:20.518+0800][88.888s][gc,phases   ] GC(4757) Concurrent Mark Free 0.001ms
[2024-07-25T19:05:20.520+0800][88.890s][gc,phases   ] GC(4757) Concurrent Process Non-Strong References 1.875ms
[2024-07-25T19:05:20.520+0800][88.890s][gc,phases   ] GC(4757) Concurrent Reset Relocation Set 0.001ms
[2024-07-25T19:05:20.523+0800][88.893s][gc          ] Allocation Stall (main) 9.461ms
[2024-07-25T19:05:20.523+0800][88.893s][gc,phases   ] GC(4757) Concurrent Select Relocation Set 2.923ms
[2024-07-25T19:05:20.523+0800][88.893s][gc,phases   ] GC(4757) Pause Relocate Start 0.007ms
[2024-07-25T19:05:20.525+0800][88.895s][gc          ] Allocation Stall (main) 0.541ms
[2024-07-25T19:05:20.525+0800][88.895s][gc,phases   ] GC(4757) Concurrent Relocate 1.797ms
[2024-07-25T19:05:20.525+0800][88.895s][gc,load     ] GC(4757) Load: 0.00/0.00/0.00
[2024-07-25T19:05:20.525+0800][88.895s][gc,mmu      ] GC(4757) MMU: 2ms/88.2%, 5ms/95.3%, 10ms/97.6%, 20ms/98.8%, 50ms/99.4%, 100ms/99.6%
[2024-07-25T19:05:20.525+0800][88.895s][gc,marking  ] GC(4757) Mark: 1 stripe(s), 1 proactive flush(es), 1 terminate flush(es), 0 completion(s), 0 continuation(s) 
[2024-07-25T19:05:20.526+0800][88.895s][gc,marking  ] GC(4757) Mark Stack Usage: 32M
[2024-07-25T19:05:20.526+0800][88.895s][gc,nmethod  ] GC(4757) NMethods: 535 registered, 0 unregistered
[2024-07-25T19:05:20.526+0800][88.895s][gc,metaspace] GC(4757) Metaspace: 1M used, 1M committed, 1088M reserved
[2024-07-25T19:05:20.526+0800][88.895s][gc,ref      ] GC(4757) Soft: 46 encountered, 25 discovered, 0 enqueued
[2024-07-25T19:05:20.526+0800][88.895s][gc,ref      ] GC(4757) Weak: 131 encountered, 107 discovered, 0 enqueued
[2024-07-25T19:05:20.526+0800][88.895s][gc,ref      ] GC(4757) Final: 0 encountered, 0 discovered, 0 enqueued
[2024-07-25T19:05:20.526+0800][88.895s][gc,ref      ] GC(4757) Phantom: 184 encountered, 98 discovered, 0 enqueued
[2024-07-25T19:05:20.526+0800][88.895s][gc,reloc    ] GC(4757) Small Pages: 4 / 8M, Empty: 0M, Relocated: 1M, In-Place: 1
[2024-07-25T19:05:20.526+0800][88.895s][gc,reloc    ] GC(4757) Large Pages: 4 / 8M, Empty: 4M, Relocated: 0M, In-Place: 0
[2024-07-25T19:05:20.526+0800][88.895s][gc,reloc    ] GC(4757) Forwarding Usage: 0M
[2024-07-25T19:05:20.526+0800][88.895s][gc,heap     ] GC(4757) Min Capacity: 8M(50%)
[2024-07-25T19:05:20.526+0800][88.895s][gc,heap     ] GC(4757) Max Capacity: 16M(100%)
[2024-07-25T19:05:20.526+0800][88.895s][gc,heap     ] GC(4757) Soft Max Capacity: 16M(100%)
[2024-07-25T19:05:20.526+0800][88.895s][gc,heap     ] GC(4757)                Mark Start          Mark End        Relocate Start      Relocate End           High               Low         
[2024-07-25T19:05:20.526+0800][88.896s][gc,heap     ] GC(4757)  Capacity:       16M (100%)         16M (100%)         16M (100%)         16M (100%)         16M (100%)         16M (100%)   
[2024-07-25T19:05:20.526+0800][88.896s][gc,heap     ] GC(4757)      Free:        0M (0%)            0M (0%)            0M (0%)            0M (0%)            4M (25%)           0M (0%)     
[2024-07-25T19:05:20.526+0800][88.896s][gc,heap     ] GC(4757)      Used:       16M (100%)         16M (100%)         16M (100%)         16M (100%)         16M (100%)         12M (75%)    
[2024-07-25T19:05:20.526+0800][88.896s][gc,heap     ] GC(4757)      Live:         -                 8M (54%)           8M (54%)           8M (54%)            -                  -          
[2024-07-25T19:05:20.526+0800][88.896s][gc,heap     ] GC(4757) Allocated:         -                 0M (0%)            4M (25%)           6M (38%)            -                  -          
[2024-07-25T19:05:20.526+0800][88.896s][gc,heap     ] GC(4757)   Garbage:         -                 7M (46%)           3M (21%)           1M (8%)             -                  -          
[2024-07-25T19:05:20.526+0800][88.896s][gc,heap     ] GC(4757) Reclaimed:         -                  -                 4M (25%)           6M (38%)            -                  -          
[2024-07-25T19:05:20.526+0800][88.896s][gc          ] GC(4757) Garbage Collection (Allocation Rate) 16M(100%)->16M(100%)
[2024-07-25T19:05:20.528+0800][88.897s][gc,start    ] GC(4758) Garbage Collection (Allocation Stall)
[2024-07-25T19:05:20.528+0800][88.897s][gc,ref      ] GC(4758) Clearing All SoftReferences
[2024-07-25T19:05:20.528+0800][88.897s][gc,task     ] GC(4758) Using 1 workers
[2024-07-25T19:05:20.528+0800][88.898s][gc,phases   ] GC(4758) Pause Mark Start 0.009ms
[2024-07-25T19:05:20.537+0800][88.906s][gc,phases   ] GC(4758) Concurrent Mark 8.304ms
[2024-07-25T19:05:20.537+0800][88.906s][gc,phases   ] GC(4758) Pause Mark End 0.009ms
[2024-07-25T19:05:20.537+0800][88.906s][gc,phases   ] GC(4758) Concurrent Mark Free 0.001ms
[2024-07-25T19:05:20.539+0800][88.908s][gc,phases   ] GC(4758) Concurrent Process Non-Strong References 2.013ms
[2024-07-25T19:05:20.539+0800][88.908s][gc,phases   ] GC(4758) Concurrent Reset Relocation Set 0.002ms
[2024-07-25T19:05:20.542+0800][88.911s][gc          ] Allocation Stall (main) 14.173ms
[2024-07-25T19:05:20.542+0800][88.912s][gc,phases   ] GC(4758) Concurrent Select Relocation Set 3.135ms
[2024-07-25T19:05:20.542+0800][88.912s][gc,phases   ] GC(4758) Pause Relocate Start 0.007ms
[2024-07-25T19:05:20.543+0800][88.912s][gc,phases   ] GC(4758) Concurrent Relocate 0.112ms
[2024-07-25T19:05:20.543+0800][88.912s][gc,load     ] GC(4758) Load: 0.00/0.00/0.00
[2024-07-25T19:05:20.543+0800][88.912s][gc,mmu      ] GC(4758) MMU: 2ms/88.2%, 5ms/95.3%, 10ms/97.6%, 20ms/98.8%, 50ms/99.4%, 100ms/99.6%
[2024-07-25T19:05:20.543+0800][88.912s][gc,marking  ] GC(4758) Mark: 1 stripe(s), 1 proactive flush(es), 1 terminate flush(es), 0 completion(s), 0 continuation(s) 
[2024-07-25T19:05:20.543+0800][88.912s][gc,marking  ] GC(4758) Mark Stack Usage: 32M
[2024-07-25T19:05:20.543+0800][88.912s][gc,nmethod  ] GC(4758) NMethods: 535 registered, 0 unregistered
[2024-07-25T19:05:20.543+0800][88.912s][gc,metaspace] GC(4758) Metaspace: 1M used, 1M committed, 1088M reserved
[2024-07-25T19:05:20.543+0800][88.912s][gc,ref      ] GC(4758) Soft: 46 encountered, 25 discovered, 0 enqueued
[2024-07-25T19:05:20.543+0800][88.912s][gc,ref      ] GC(4758) Weak: 131 encountered, 107 discovered, 0 enqueued
[2024-07-25T19:05:20.543+0800][88.912s][gc,ref      ] GC(4758) Final: 0 encountered, 0 discovered, 0 enqueued
[2024-07-25T19:05:20.543+0800][88.912s][gc,ref      ] GC(4758) Phantom: 184 encountered, 98 discovered, 0 enqueued
[2024-07-25T19:05:20.543+0800][88.912s][gc,reloc    ] GC(4758) Small Pages: 4 / 8M, Empty: 2M, Relocated: 0M, In-Place: 0
[2024-07-25T19:05:20.543+0800][88.912s][gc,reloc    ] GC(4758) Large Pages: 4 / 8M, Empty: 4M, Relocated: 0M, In-Place: 0
[2024-07-25T19:05:20.543+0800][88.912s][gc,reloc    ] GC(4758) Forwarding Usage: 0M
[2024-07-25T19:05:20.543+0800][88.912s][gc,heap     ] GC(4758) Min Capacity: 8M(50%)
[2024-07-25T19:05:20.543+0800][88.912s][gc,heap     ] GC(4758) Max Capacity: 16M(100%)
[2024-07-25T19:05:20.543+0800][88.913s][gc,heap     ] GC(4758) Soft Max Capacity: 16M(100%)
[2024-07-25T19:05:20.543+0800][88.913s][gc,heap     ] GC(4758)                Mark Start          Mark End        Relocate Start      Relocate End           High               Low         
[2024-07-25T19:05:20.543+0800][88.913s][gc,heap     ] GC(4758)  Capacity:       16M (100%)         16M (100%)         16M (100%)         16M (100%)         16M (100%)         16M (100%)   
[2024-07-25T19:05:20.543+0800][88.913s][gc,heap     ] GC(4758)      Free:        0M (0%)            0M (0%)            2M (12%)           2M (12%)           6M (38%)           0M (0%)     
[2024-07-25T19:05:20.543+0800][88.913s][gc,heap     ] GC(4758)      Used:       16M (100%)         16M (100%)         14M (88%)          14M (88%)          16M (100%)         10M (62%)    
[2024-07-25T19:05:20.543+0800][88.913s][gc,heap     ] GC(4758)      Live:         -                 8M (54%)           8M (54%)           8M (54%)            -                  -          
[2024-07-25T19:05:20.543+0800][88.913s][gc,heap     ] GC(4758) Allocated:         -                 0M (0%)            4M (25%)           4M (25%)            -                  -          
[2024-07-25T19:05:20.543+0800][88.913s][gc,heap     ] GC(4758)   Garbage:         -                 7M (46%)           1M (8%)            1M (8%)             -                  -          
[2024-07-25T19:05:20.543+0800][88.913s][gc,heap     ] GC(4758) Reclaimed:         -                  -                 6M (38%)           6M (38%)            -                  -          
[2024-07-25T19:05:20.543+0800][88.913s][gc          ] GC(4758) Garbage Collection (Allocation Stall) 16M(100%)->14M(88%)
[2024-07-25T19:05:20.546+0800][88.915s][gc,start    ] GC(4759) Garbage Collection (Allocation Stall)
[2024-07-25T19:05:20.546+0800][88.915s][gc,ref      ] GC(4759) Clearing All SoftReferences
[2024-07-25T19:05:20.546+0800][88.915s][gc,task     ] GC(4759) Using 1 workers
[2024-07-25T19:05:20.546+0800][88.915s][gc,phases   ] GC(4759) Pause Mark Start 0.009ms
[2024-07-25T19:05:20.554+0800][88.923s][gc,phases   ] GC(4759) Concurrent Mark 7.386ms
[2024-07-25T19:05:20.554+0800][88.923s][gc,phases   ] GC(4759) Pause Mark End 0.008ms
[2024-07-25T19:05:20.554+0800][88.923s][gc,phases   ] GC(4759) Concurrent Mark Free 0.001ms
[2024-07-25T19:05:20.556+0800][88.925s][gc,phases   ] GC(4759) Concurrent Process Non-Strong References 1.842ms
[2024-07-25T19:05:20.556+0800][88.925s][gc,phases   ] GC(4759) Concurrent Reset Relocation Set 0.001ms
[2024-07-25T19:05:20.559+0800][88.928s][gc          ] Allocation Stall (main) 13.092ms
[2024-07-25T19:05:20.559+0800][88.928s][gc,phases   ] GC(4759) Concurrent Select Relocation Set 3.110ms
[2024-07-25T19:05:20.559+0800][88.928s][gc,phases   ] GC(4759) Pause Relocate Start 0.007ms
[2024-07-25T19:05:20.560+0800][88.929s][gc,phases   ] GC(4759) Concurrent Relocate 0.134ms
[2024-07-25T19:05:20.560+0800][88.929s][gc,load     ] GC(4759) Load: 0.00/0.00/0.00
[2024-07-25T19:05:20.560+0800][88.929s][gc,mmu      ] GC(4759) MMU: 2ms/88.2%, 5ms/95.3%, 10ms/97.6%, 20ms/98.8%, 50ms/99.4%, 100ms/99.6%
[2024-07-25T19:05:20.560+0800][88.929s][gc,marking  ] GC(4759) Mark: 1 stripe(s), 1 proactive flush(es), 1 terminate flush(es), 0 completion(s), 0 continuation(s) 
[2024-07-25T19:05:20.560+0800][88.929s][gc,marking  ] GC(4759) Mark Stack Usage: 32M
[2024-07-25T19:05:20.560+0800][88.929s][gc,nmethod  ] GC(4759) NMethods: 535 registered, 0 unregistered
[2024-07-25T19:05:20.560+0800][88.929s][gc,metaspace] GC(4759) Metaspace: 1M used, 1M committed, 1088M reserved
[2024-07-25T19:05:20.560+0800][88.929s][gc,ref      ] GC(4759) Soft: 46 encountered, 25 discovered, 0 enqueued
[2024-07-25T19:05:20.560+0800][88.929s][gc,ref      ] GC(4759) Weak: 131 encountered, 107 discovered, 0 enqueued
[2024-07-25T19:05:20.560+0800][88.929s][gc,ref      ] GC(4759) Final: 0 encountered, 0 discovered, 0 enqueued
[2024-07-25T19:05:20.560+0800][88.929s][gc,ref      ] GC(4759) Phantom: 184 encountered, 98 discovered, 0 enqueued
[2024-07-25T19:05:20.560+0800][88.929s][gc,reloc    ] GC(4759) Small Pages: 4 / 8M, Empty: 2M, Relocated: 0M, In-Place: 0
[2024-07-25T19:05:20.560+0800][88.929s][gc,reloc    ] GC(4759) Large Pages: 4 / 8M, Empty: 4M, Relocated: 0M, In-Place: 0
[2024-07-25T19:05:20.560+0800][88.929s][gc,reloc    ] GC(4759) Forwarding Usage: 0M
[2024-07-25T19:05:20.560+0800][88.929s][gc,heap     ] GC(4759) Min Capacity: 8M(50%)
[2024-07-25T19:05:20.560+0800][88.929s][gc,heap     ] GC(4759) Max Capacity: 16M(100%)
[2024-07-25T19:05:20.560+0800][88.929s][gc,heap     ] GC(4759) Soft Max Capacity: 16M(100%)
[2024-07-25T19:05:20.560+0800][88.929s][gc,heap     ] GC(4759)                Mark Start          Mark End        Relocate Start      Relocate End           High               Low         
[2024-07-25T19:05:20.560+0800][88.929s][gc,heap     ] GC(4759)  Capacity:       16M (100%)         16M (100%)         16M (100%)         16M (100%)         16M (100%)         16M (100%)   
[2024-07-25T19:05:20.560+0800][88.929s][gc,heap     ] GC(4759)      Free:        0M (0%)            0M (0%)            2M (12%)           2M (12%)           6M (38%)           0M (0%)     
[2024-07-25T19:05:20.560+0800][88.929s][gc,heap     ] GC(4759)      Used:       16M (100%)         16M (100%)         14M (88%)          14M (88%)          16M (100%)         10M (62%)    
[2024-07-25T19:05:20.560+0800][88.929s][gc,heap     ] GC(4759)      Live:         -                 8M (54%)           8M (54%)           8M (54%)            -                  -          
[2024-07-25T19:05:20.560+0800][88.929s][gc,heap     ] GC(4759) Allocated:         -                 0M (0%)            4M (25%)           4M (25%)            -                  -          
[2024-07-25T19:05:20.560+0800][88.929s][gc,heap     ] GC(4759)   Garbage:         -                 7M (46%)           1M (8%)            1M (8%)             -                  -          
[2024-07-25T19:05:20.560+0800][88.929s][gc,heap     ] GC(4759) Reclaimed:         -                  -                 6M (38%)           6M (38%)            -                  -          
[2024-07-25T19:05:20.560+0800][88.929s][gc          ] GC(4759) Garbage Collection (Allocation Stall) 16M(100%)->14M(88%)
[2024-07-25T19:05:20.565+0800][88.934s][gc,start    ] GC(4760) Garbage Collection (Allocation Stall)
[2024-07-25T19:05:20.565+0800][88.934s][gc,ref      ] GC(4760) Clearing All SoftReferences
[2024-07-25T19:05:20.565+0800][88.934s][gc,task     ] GC(4760) Using 1 workers
[2024-07-25T19:05:20.565+0800][88.934s][gc,phases   ] GC(4760) Pause Mark Start 0.010ms
[2024-07-25T19:05:20.573+0800][88.942s][gc,phases   ] GC(4760) Concurrent Mark 7.694ms
[2024-07-25T19:05:20.573+0800][88.942s][gc,phases   ] GC(4760) Pause Mark End 0.014ms
[2024-07-25T19:05:20.573+0800][88.942s][gc,phases   ] GC(4760) Concurrent Mark Free 0.002ms
[2024-07-25T19:05:20.575+0800][88.944s][gc,phases   ] GC(4760) Concurrent Process Non-Strong References 2.096ms
[2024-07-25T19:05:20.575+0800][88.945s][gc,phases   ] GC(4760) Concurrent Reset Relocation Set 0.001ms
[2024-07-25T19:05:20.578+0800][88.948s][gc          ] Allocation Stall (main) 13.930ms
[2024-07-25T19:05:20.578+0800][88.948s][gc,phases   ] GC(4760) Concurrent Select Relocation Set 3.073ms
[2024-07-25T19:05:20.578+0800][88.948s][gc,phases   ] GC(4760) Pause Relocate Start 0.010ms
[2024-07-25T19:05:20.578+0800][88.948s][gc,phases   ] GC(4760) Concurrent Relocate 0.057ms
[2024-07-25T19:05:20.579+0800][88.948s][gc,load     ] GC(4760) Load: 0.00/0.00/0.00
[2024-07-25T19:05:20.579+0800][88.948s][gc,mmu      ] GC(4760) MMU: 2ms/88.2%, 5ms/95.3%, 10ms/97.6%, 20ms/98.8%, 50ms/99.4%, 100ms/99.6%
[2024-07-25T19:05:20.579+0800][88.948s][gc,marking  ] GC(4760) Mark: 1 stripe(s), 1 proactive flush(es), 1 terminate flush(es), 0 completion(s), 0 continuation(s) 
[2024-07-25T19:05:20.579+0800][88.949s][gc,marking  ] GC(4760) Mark Stack Usage: 32M
[2024-07-25T19:05:20.579+0800][88.949s][gc,nmethod  ] GC(4760) NMethods: 535 registered, 0 unregistered
[2024-07-25T19:05:20.579+0800][88.949s][gc,metaspace] GC(4760) Metaspace: 1M used, 1M committed, 1088M reserved
[2024-07-25T19:05:20.579+0800][88.949s][gc,ref      ] GC(4760) Soft: 46 encountered, 25 discovered, 0 enqueued
[2024-07-25T19:05:20.579+0800][88.949s][gc,ref      ] GC(4760) Weak: 131 encountered, 107 discovered, 0 enqueued
[2024-07-25T19:05:20.579+0800][88.949s][gc,ref      ] GC(4760) Final: 0 encountered, 0 discovered, 0 enqueued
[2024-07-25T19:05:20.579+0800][88.949s][gc,ref      ] GC(4760) Phantom: 184 encountered, 98 discovered, 0 enqueued
[2024-07-25T19:05:20.579+0800][88.949s][gc,reloc    ] GC(4760) Small Pages: 4 / 8M, Empty: 2M, Relocated: 0M, In-Place: 0
[2024-07-25T19:05:20.579+0800][88.949s][gc,reloc    ] GC(4760) Large Pages: 4 / 8M, Empty: 4M, Relocated: 0M, In-Place: 0
[2024-07-25T19:05:20.579+0800][88.949s][gc,reloc    ] GC(4760) Forwarding Usage: 0M
[2024-07-25T19:05:20.579+0800][88.949s][gc,heap     ] GC(4760) Min Capacity: 8M(50%)
[2024-07-25T19:05:20.579+0800][88.949s][gc,heap     ] GC(4760) Max Capacity: 16M(100%)
[2024-07-25T19:05:20.579+0800][88.949s][gc,heap     ] GC(4760) Soft Max Capacity: 16M(100%)
[2024-07-25T19:05:20.579+0800][88.949s][gc,heap     ] GC(4760)                Mark Start          Mark End        Relocate Start      Relocate End           High               Low         
[2024-07-25T19:05:20.579+0800][88.949s][gc,heap     ] GC(4760)  Capacity:       16M (100%)         16M (100%)         16M (100%)         16M (100%)         16M (100%)         16M (100%)   
[2024-07-25T19:05:20.579+0800][88.949s][gc,heap     ] GC(4760)      Free:        0M (0%)            0M (0%)            2M (12%)           2M (12%)           6M (38%)           0M (0%)     
[2024-07-25T19:05:20.579+0800][88.949s][gc,heap     ] GC(4760)      Used:       16M (100%)         16M (100%)         14M (88%)          14M (88%)          16M (100%)         10M (62%)    
[2024-07-25T19:05:20.579+0800][88.949s][gc,heap     ] GC(4760)      Live:         -                 8M (54%)           8M (54%)           8M (54%)            -                  -          
[2024-07-25T19:05:20.579+0800][88.949s][gc,heap     ] GC(4760) Allocated:         -                 0M (0%)            4M (25%)           4M (25%)            -                  -          
[2024-07-25T19:05:20.579+0800][88.949s][gc,heap     ] GC(4760)   Garbage:         -                 7M (46%)           1M (8%)            1M (8%)             -                  -          
[2024-07-25T19:05:20.579+0800][88.949s][gc,heap     ] GC(4760) Reclaimed:         -                  -                 6M (38%)           6M (38%)            -                  -          
[2024-07-25T19:05:20.579+0800][88.949s][gc          ] GC(4760) Garbage Collection (Allocation Stall) 16M(100%)->14M(88%)
[2024-07-25T19:05:20.583+0800][88.952s][gc,start    ] GC(4761) Garbage Collection (Allocation Stall)
[2024-07-25T19:05:20.583+0800][88.953s][gc,ref      ] GC(4761) Clearing All SoftReferences
[2024-07-25T19:05:20.583+0800][88.953s][gc,task     ] GC(4761) Using 1 workers
[2024-07-25T19:05:20.583+0800][88.953s][gc,phases   ] GC(4761) Pause Mark Start 0.010ms
[2024-07-25T19:05:20.592+0800][88.961s][gc,phases   ] GC(4761) Concurrent Mark 8.298ms
[2024-07-25T19:05:20.592+0800][88.961s][gc,phases   ] GC(4761) Pause Mark End 0.013ms
[2024-07-25T19:05:20.592+0800][88.962s][gc,phases   ] GC(4761) Concurrent Mark Free 0.001ms
[2024-07-25T19:05:20.594+0800][88.963s][gc,phases   ] GC(4761) Concurrent Process Non-Strong References 1.699ms
[2024-07-25T19:05:20.594+0800][88.963s][gc,phases   ] GC(4761) Concurrent Reset Relocation Set 0.001ms
[2024-07-25T19:05:20.596+0800][88.966s][gc          ] Allocation Stall (main) 13.625ms
[2024-07-25T19:05:20.596+0800][88.966s][gc,phases   ] GC(4761) Concurrent Select Relocation Set 2.645ms
[2024-07-25T19:05:20.597+0800][88.966s][gc,phases   ] GC(4761) Pause Relocate Start 0.013ms
[2024-07-25T19:05:20.597+0800][88.967s][gc,phases   ] GC(4761) Concurrent Relocate 0.119ms
[2024-07-25T19:05:20.597+0800][88.967s][gc,load     ] GC(4761) Load: 0.00/0.00/0.00
[2024-07-25T19:05:20.597+0800][88.967s][gc,mmu      ] GC(4761) MMU: 2ms/88.2%, 5ms/95.3%, 10ms/97.6%, 20ms/98.8%, 50ms/99.4%, 100ms/99.6%
[2024-07-25T19:05:20.597+0800][88.967s][gc,marking  ] GC(4761) Mark: 1 stripe(s), 1 proactive flush(es), 1 terminate flush(es), 0 completion(s), 0 continuation(s) 
[2024-07-25T19:05:20.597+0800][88.967s][gc,marking  ] GC(4761) Mark Stack Usage: 32M
[2024-07-25T19:05:20.597+0800][88.967s][gc,nmethod  ] GC(4761) NMethods: 535 registered, 0 unregistered
[2024-07-25T19:05:20.597+0800][88.967s][gc,metaspace] GC(4761) Metaspace: 1M used, 1M committed, 1088M reserved
[2024-07-25T19:05:20.597+0800][88.967s][gc,ref      ] GC(4761) Soft: 46 encountered, 25 discovered, 0 enqueued
[2024-07-25T19:05:20.597+0800][88.967s][gc,ref      ] GC(4761) Weak: 131 encountered, 107 discovered, 0 enqueued
[2024-07-25T19:05:20.597+0800][88.967s][gc,ref      ] GC(4761) Final: 0 encountered, 0 discovered, 0 enqueued
[2024-07-25T19:05:20.597+0800][88.967s][gc,ref      ] GC(4761) Phantom: 184 encountered, 98 discovered, 0 enqueued
[2024-07-25T19:05:20.597+0800][88.967s][gc,reloc    ] GC(4761) Small Pages: 4 / 8M, Empty: 2M, Relocated: 0M, In-Place: 0
[2024-07-25T19:05:20.597+0800][88.967s][gc,reloc    ] GC(4761) Large Pages: 4 / 8M, Empty: 4M, Relocated: 0M, In-Place: 0
[2024-07-25T19:05:20.597+0800][88.967s][gc,reloc    ] GC(4761) Forwarding Usage: 0M
[2024-07-25T19:05:20.597+0800][88.967s][gc,heap     ] GC(4761) Min Capacity: 8M(50%)
[2024-07-25T19:05:20.597+0800][88.967s][gc,heap     ] GC(4761) Max Capacity: 16M(100%)
[2024-07-25T19:05:20.597+0800][88.967s][gc,heap     ] GC(4761) Soft Max Capacity: 16M(100%)
[2024-07-25T19:05:20.597+0800][88.967s][gc,heap     ] GC(4761)                Mark Start          Mark End        Relocate Start      Relocate End           High               Low         
[2024-07-25T19:05:20.597+0800][88.967s][gc,heap     ] GC(4761)  Capacity:       16M (100%)         16M (100%)         16M (100%)         16M (100%)         16M (100%)         16M (100%)   
[2024-07-25T19:05:20.597+0800][88.967s][gc,heap     ] GC(4761)      Free:        0M (0%)            0M (0%)            2M (12%)           2M (12%)           6M (38%)           0M (0%)     
[2024-07-25T19:05:20.597+0800][88.967s][gc,heap     ] GC(4761)      Used:       16M (100%)         16M (100%)         14M (88%)          14M (88%)          16M (100%)         10M (62%)    
[2024-07-25T19:05:20.597+0800][88.967s][gc,heap     ] GC(4761)      Live:         -                 8M (54%)           8M (54%)           8M (54%)            -                  -          
[2024-07-25T19:05:20.597+0800][88.967s][gc,heap     ] GC(4761) Allocated:         -                 0M (0%)            4M (25%)           4M (25%)            -                  -          
[2024-07-25T19:05:20.597+0800][88.967s][gc,heap     ] GC(4761)   Garbage:         -                 7M (46%)           1M (8%)            1M (8%)             -                  -          
[2024-07-25T19:05:20.597+0800][88.967s][gc,heap     ] GC(4761) Reclaimed:         -                  -                 6M (38%)           6M (38%)            -                  -          
[2024-07-25T19:05:20.597+0800][88.967s][gc          ] GC(4761) Garbage Collection (Allocation Stall) 16M(100%)->14M(88%)
[2024-07-25T19:05:20.601+0800][88.970s][gc,start    ] GC(4762) Garbage Collection (Allocation Stall)
[2024-07-25T19:05:20.601+0800][88.971s][gc,ref      ] GC(4762) Clearing All SoftReferences
[2024-07-25T19:05:20.601+0800][88.971s][gc,task     ] GC(4762) Using 1 workers
[2024-07-25T19:05:20.601+0800][88.971s][gc,phases   ] GC(4762) Pause Mark Start 0.052ms
[2024-07-25T19:05:20.607+0800][88.977s][gc,phases   ] GC(4762) Concurrent Mark 6.279ms
[2024-07-25T19:05:20.608+0800][88.977s][gc,phases   ] GC(4762) Pause Mark End 0.048ms
[2024-07-25T19:05:20.608+0800][88.978s][gc,phases   ] GC(4762) Concurrent Mark Free 0.002ms
[2024-07-25T19:05:20.611+0800][88.980s][gc,phases   ] GC(4762) Concurrent Process Non-Strong References 2.141ms
[2024-07-25T19:05:20.611+0800][88.980s][gc,phases   ] GC(4762) Concurrent Reset Relocation Set 0.001ms
[2024-07-25T19:05:20.613+0800][88.982s][gc          ] Allocation Stall (main) 11.965ms
[2024-07-25T19:05:20.613+0800][88.982s][gc,phases   ] GC(4762) Concurrent Select Relocation Set 2.491ms
[2024-07-25T19:05:20.613+0800][88.983s][gc,phases   ] GC(4762) Pause Relocate Start 0.010ms
[2024-07-25T19:05:20.613+0800][88.983s][gc,phases   ] GC(4762) Concurrent Relocate 0.142ms
[2024-07-25T19:05:20.613+0800][88.983s][gc,load     ] GC(4762) Load: 0.00/0.00/0.00
[2024-07-25T19:05:20.613+0800][88.983s][gc,mmu      ] GC(4762) MMU: 2ms/88.2%, 5ms/95.3%, 10ms/97.6%, 20ms/98.8%, 50ms/99.4%, 100ms/99.6%
[2024-07-25T19:05:20.613+0800][88.983s][gc,marking  ] GC(4762) Mark: 1 stripe(s), 1 proactive flush(es), 1 terminate flush(es), 0 completion(s), 0 continuation(s) 
[2024-07-25T19:05:20.613+0800][88.983s][gc,marking  ] GC(4762) Mark Stack Usage: 32M
[2024-07-25T19:05:20.613+0800][88.983s][gc,nmethod  ] GC(4762) NMethods: 535 registered, 0 unregistered
[2024-07-25T19:05:20.613+0800][88.983s][gc,metaspace] GC(4762) Metaspace: 1M used, 1M committed, 1088M reserved
[2024-07-25T19:05:20.613+0800][88.983s][gc,ref      ] GC(4762) Soft: 46 encountered, 25 discovered, 0 enqueued
[2024-07-25T19:05:20.613+0800][88.983s][gc,ref      ] GC(4762) Weak: 131 encountered, 107 discovered, 0 enqueued
[2024-07-25T19:05:20.613+0800][88.983s][gc,ref      ] GC(4762) Final: 0 encountered, 0 discovered, 0 enqueued
[2024-07-25T19:05:20.613+0800][88.983s][gc,ref      ] GC(4762) Phantom: 184 encountered, 98 discovered, 0 enqueued
[2024-07-25T19:05:20.613+0800][88.983s][gc,reloc    ] GC(4762) Small Pages: 4 / 8M, Empty: 2M, Relocated: 0M, In-Place: 0
[2024-07-25T19:05:20.613+0800][88.983s][gc,reloc    ] GC(4762) Large Pages: 4 / 8M, Empty: 4M, Relocated: 0M, In-Place: 0
[2024-07-25T19:05:20.613+0800][88.983s][gc,reloc    ] GC(4762) Forwarding Usage: 0M
[2024-07-25T19:05:20.614+0800][88.983s][gc,heap     ] GC(4762) Min Capacity: 8M(50%)
[2024-07-25T19:05:20.614+0800][88.983s][gc,heap     ] GC(4762) Max Capacity: 16M(100%)
[2024-07-25T19:05:20.614+0800][88.983s][gc,heap     ] GC(4762) Soft Max Capacity: 16M(100%)
[2024-07-25T19:05:20.614+0800][88.983s][gc,heap     ] GC(4762)                Mark Start          Mark End        Relocate Start      Relocate End           High               Low         
[2024-07-25T19:05:20.614+0800][88.983s][gc,heap     ] GC(4762)  Capacity:       16M (100%)         16M (100%)         16M (100%)         16M (100%)         16M (100%)         16M (100%)   
[2024-07-25T19:05:20.615+0800][88.983s][gc,heap     ] GC(4762)      Free:        0M (0%)            0M (0%)            2M (12%)           2M (12%)           6M (38%)           0M (0%)     
[2024-07-25T19:05:20.615+0800][88.983s][gc,heap     ] GC(4762)      Used:       16M (100%)         16M (100%)         14M (88%)          14M (88%)          16M (100%)         10M (62%)    
[2024-07-25T19:05:20.615+0800][88.984s][gc,heap     ] GC(4762)      Live:         -                 8M (54%)           8M (54%)           8M (54%)            -                  -          
[2024-07-25T19:05:20.615+0800][88.984s][gc,heap     ] GC(4762) Allocated:         -                 0M (0%)            4M (25%)           4M (25%)            -                  -          
[2024-07-25T19:05:20.615+0800][88.984s][gc,heap     ] GC(4762)   Garbage:         -                 7M (46%)           1M (8%)            1M (8%)             -                  -          
[2024-07-25T19:05:20.615+0800][88.984s][gc,heap     ] GC(4762) Reclaimed:         -                  -                 6M (38%)           6M (38%)            -                  -          
[2024-07-25T19:05:20.615+0800][88.984s][gc          ] GC(4762) Garbage Collection (Allocation Stall) 16M(100%)->14M(88%)
[2024-07-25T19:05:20.618+0800][88.988s][gc,start    ] GC(4763) Garbage Collection (Allocation Stall)
[2024-07-25T19:05:20.618+0800][88.988s][gc,ref      ] GC(4763) Clearing All SoftReferences
[2024-07-25T19:05:20.618+0800][88.988s][gc,task     ] GC(4763) Using 1 workers
[2024-07-25T19:05:20.618+0800][88.988s][gc,phases   ] GC(4763) Pause Mark Start 0.025ms
[2024-07-25T19:05:20.626+0800][88.995s][gc,phases   ] GC(4763) Concurrent Mark 7.035ms
[2024-07-25T19:05:20.626+0800][88.995s][gc,phases   ] GC(4763) Pause Mark End 0.012ms
[2024-07-25T19:05:20.627+0800][88.996s][gc,phases   ] GC(4763) Concurrent Mark Free 0.001ms
[2024-07-25T19:05:20.628+0800][88.997s][gc,phases   ] GC(4763) Concurrent Process Non-Strong References 1.583ms
[2024-07-25T19:05:20.628+0800][88.997s][gc,phases   ] GC(4763) Concurrent Reset Relocation Set 0.001ms
[2024-07-25T19:05:20.631+0800][89.000s][gc          ] Allocation Stall (main) 12.756ms
[2024-07-25T19:05:20.631+0800][89.000s][gc,phases   ] GC(4763) Concurrent Select Relocation Set 3.169ms
[2024-07-25T19:05:20.632+0800][89.001s][gc,phases   ] GC(4763) Pause Relocate Start 0.009ms
[2024-07-25T19:05:20.632+0800][89.001s][gc,phases   ] GC(4763) Concurrent Relocate 0.130ms
[2024-07-25T19:05:20.632+0800][89.001s][gc,load     ] GC(4763) Load: 0.00/0.00/0.00
[2024-07-25T19:05:20.632+0800][89.001s][gc,mmu      ] GC(4763) MMU: 2ms/88.2%, 5ms/95.3%, 10ms/97.6%, 20ms/98.8%, 50ms/99.4%, 100ms/99.6%
[2024-07-25T19:05:20.632+0800][89.001s][gc,marking  ] GC(4763) Mark: 1 stripe(s), 1 proactive flush(es), 1 terminate flush(es), 0 completion(s), 0 continuation(s) 
[2024-07-25T19:05:20.632+0800][89.001s][gc,marking  ] GC(4763) Mark Stack Usage: 32M
[2024-07-25T19:05:20.632+0800][89.001s][gc,nmethod  ] GC(4763) NMethods: 535 registered, 0 unregistered
[2024-07-25T19:05:20.632+0800][89.001s][gc,metaspace] GC(4763) Metaspace: 1M used, 1M committed, 1088M reserved
[2024-07-25T19:05:20.632+0800][89.001s][gc,ref      ] GC(4763) Soft: 46 encountered, 25 discovered, 0 enqueued
[2024-07-25T19:05:20.632+0800][89.001s][gc,ref      ] GC(4763) Weak: 131 encountered, 107 discovered, 0 enqueued
[2024-07-25T19:05:20.632+0800][89.001s][gc,ref      ] GC(4763) Final: 0 encountered, 0 discovered, 0 enqueued
[2024-07-25T19:05:20.632+0800][89.001s][gc,ref      ] GC(4763) Phantom: 184 encountered, 98 discovered, 0 enqueued
[2024-07-25T19:05:20.632+0800][89.001s][gc,reloc    ] GC(4763) Small Pages: 4 / 8M, Empty: 2M, Relocated: 0M, In-Place: 0
[2024-07-25T19:05:20.632+0800][89.001s][gc,reloc    ] GC(4763) Large Pages: 4 / 8M, Empty: 4M, Relocated: 0M, In-Place: 0
[2024-07-25T19:05:20.632+0800][89.001s][gc,reloc    ] GC(4763) Forwarding Usage: 0M
[2024-07-25T19:05:20.632+0800][89.001s][gc,heap     ] GC(4763) Min Capacity: 8M(50%)
[2024-07-25T19:05:20.632+0800][89.001s][gc,heap     ] GC(4763) Max Capacity: 16M(100%)
[2024-07-25T19:05:20.632+0800][89.001s][gc,heap     ] GC(4763) Soft Max Capacity: 16M(100%)
[2024-07-25T19:05:20.632+0800][89.001s][gc,heap     ] GC(4763)                Mark Start          Mark End        Relocate Start      Relocate End           High               Low         
[2024-07-25T19:05:20.632+0800][89.001s][gc,heap     ] GC(4763)  Capacity:       16M (100%)         16M (100%)         16M (100%)         16M (100%)         16M (100%)         16M (100%)   
[2024-07-25T19:05:20.632+0800][89.001s][gc,heap     ] GC(4763)      Free:        0M (0%)            0M (0%)            2M (12%)           2M (12%)           6M (38%)           0M (0%)     
[2024-07-25T19:05:20.632+0800][89.001s][gc,heap     ] GC(4763)      Used:       16M (100%)         16M (100%)         14M (88%)          14M (88%)          16M (100%)         10M (62%)    
[2024-07-25T19:05:20.632+0800][89.001s][gc,heap     ] GC(4763)      Live:         -                 8M (54%)           8M (54%)           8M (54%)            -                  -          
[2024-07-25T19:05:20.632+0800][89.001s][gc,heap     ] GC(4763) Allocated:         -                 0M (0%)            4M (25%)           4M (25%)            -                  -          
[2024-07-25T19:05:20.632+0800][89.001s][gc,heap     ] GC(4763)   Garbage:         -                 7M (46%)           1M (8%)            1M (8%)             -                  -          
[2024-07-25T19:05:20.632+0800][89.001s][gc,heap     ] GC(4763) Reclaimed:         -                  -                 6M (38%)           6M (38%)            -                  -          
[2024-07-25T19:05:20.632+0800][89.001s][gc          ] GC(4763) Garbage Collection (Allocation Stall) 16M(100%)->14M(88%)
[2024-07-25T19:05:20.637+0800][89.006s][gc,start    ] GC(4764) Garbage Collection (Allocation Stall)
[2024-07-25T19:05:20.637+0800][89.006s][gc,ref      ] GC(4764) Clearing All SoftReferences
[2024-07-25T19:05:20.637+0800][89.006s][gc,task     ] GC(4764) Using 1 workers
[2024-07-25T19:05:20.637+0800][89.006s][gc,phases   ] GC(4764) Pause Mark Start 0.007ms
[2024-07-25T19:05:20.644+0800][89.013s][gc,phases   ] GC(4764) Concurrent Mark 7.067ms
[2024-07-25T19:05:20.644+0800][89.013s][gc,phases   ] GC(4764) Pause Mark End 0.012ms
[2024-07-25T19:05:20.644+0800][89.013s][gc,phases   ] GC(4764) Concurrent Mark Free 0.001ms
[2024-07-25T19:05:20.646+0800][89.015s][gc,phases   ] GC(4764) Concurrent Process Non-Strong References 1.738ms
[2024-07-25T19:05:20.646+0800][89.015s][gc,phases   ] GC(4764) Concurrent Reset Relocation Set 0.001ms
[2024-07-25T19:05:20.649+0800][89.018s][gc          ] Allocation Stall (main) 12.442ms
[2024-07-25T19:05:20.649+0800][89.018s][gc,phases   ] GC(4764) Concurrent Select Relocation Set 2.863ms
[2024-07-25T19:05:20.649+0800][89.018s][gc,phases   ] GC(4764) Pause Relocate Start 0.009ms
[2024-07-25T19:05:20.650+0800][89.019s][gc,phases   ] GC(4764) Concurrent Relocate 0.064ms
[2024-07-25T19:05:20.650+0800][89.019s][gc,load     ] GC(4764) Load: 0.00/0.00/0.00
[2024-07-25T19:05:20.650+0800][89.019s][gc,mmu      ] GC(4764) MMU: 2ms/88.2%, 5ms/95.3%, 10ms/97.6%, 20ms/98.8%, 50ms/99.4%, 100ms/99.6%
[2024-07-25T19:05:20.650+0800][89.019s][gc,marking  ] GC(4764) Mark: 1 stripe(s), 1 proactive flush(es), 1 terminate flush(es), 0 completion(s), 0 continuation(s) 
[2024-07-25T19:05:20.650+0800][89.019s][gc,marking  ] GC(4764) Mark Stack Usage: 32M
[2024-07-25T19:05:20.650+0800][89.019s][gc,nmethod  ] GC(4764) NMethods: 535 registered, 0 unregistered
[2024-07-25T19:05:20.650+0800][89.019s][gc,metaspace] GC(4764) Metaspace: 1M used, 1M committed, 1088M reserved
[2024-07-25T19:05:20.650+0800][89.019s][gc,ref      ] GC(4764) Soft: 46 encountered, 25 discovered, 0 enqueued
[2024-07-25T19:05:20.650+0800][89.019s][gc,ref      ] GC(4764) Weak: 131 encountered, 107 discovered, 0 enqueued
[2024-07-25T19:05:20.650+0800][89.019s][gc,ref      ] GC(4764) Final: 0 encountered, 0 discovered, 0 enqueued
[2024-07-25T19:05:20.650+0800][89.019s][gc,ref      ] GC(4764) Phantom: 184 encountered, 98 discovered, 0 enqueued
[2024-07-25T19:05:20.650+0800][89.019s][gc,reloc    ] GC(4764) Small Pages: 4 / 8M, Empty: 2M, Relocated: 0M, In-Place: 0
[2024-07-25T19:05:20.650+0800][89.019s][gc,reloc    ] GC(4764) Large Pages: 4 / 8M, Empty: 4M, Relocated: 0M, In-Place: 0
[2024-07-25T19:05:20.650+0800][89.019s][gc,reloc    ] GC(4764) Forwarding Usage: 0M
[2024-07-25T19:05:20.650+0800][89.019s][gc,heap     ] GC(4764) Min Capacity: 8M(50%)
[2024-07-25T19:05:20.650+0800][89.019s][gc,heap     ] GC(4764) Max Capacity: 16M(100%)
[2024-07-25T19:05:20.650+0800][89.019s][gc,heap     ] GC(4764) Soft Max Capacity: 16M(100%)
[2024-07-25T19:05:20.650+0800][89.019s][gc,heap     ] GC(4764)                Mark Start          Mark End        Relocate Start      Relocate End           High               Low         
[2024-07-25T19:05:20.650+0800][89.019s][gc,heap     ] GC(4764)  Capacity:       16M (100%)         16M (100%)         16M (100%)         16M (100%)         16M (100%)         16M (100%)   
[2024-07-25T19:05:20.650+0800][89.019s][gc,heap     ] GC(4764)      Free:        0M (0%)            0M (0%)            2M (12%)           2M (12%)           6M (38%)           0M (0%)     
[2024-07-25T19:05:20.650+0800][89.019s][gc,heap     ] GC(4764)      Used:       16M (100%)         16M (100%)         14M (88%)          14M (88%)          16M (100%)         10M (62%)    
[2024-07-25T19:05:20.650+0800][89.019s][gc,heap     ] GC(4764)      Live:         -                 8M (54%)           8M (54%)           8M (54%)            -                  -          
[2024-07-25T19:05:20.650+0800][89.019s][gc,heap     ] GC(4764) Allocated:         -                 0M (0%)            4M (25%)           4M (25%)            -                  -          
[2024-07-25T19:05:20.650+0800][89.019s][gc,heap     ] GC(4764)   Garbage:         -                 7M (46%)           1M (8%)            1M (8%)             -                  -          
[2024-07-25T19:05:20.650+0800][89.019s][gc,heap     ] GC(4764) Reclaimed:         -                  -                 6M (38%)           6M (38%)            -                  -          
[2024-07-25T19:05:20.650+0800][89.019s][gc          ] GC(4764) Garbage Collection (Allocation Stall) 16M(100%)->14M(88%)
[2024-07-25T19:05:20.654+0800][89.023s][gc,start    ] GC(4765) Garbage Collection (Allocation Stall)
[2024-07-25T19:05:20.654+0800][89.023s][gc,ref      ] GC(4765) Clearing All SoftReferences
[2024-07-25T19:05:20.654+0800][89.023s][gc,task     ] GC(4765) Using 1 workers
[2024-07-25T19:05:20.654+0800][89.023s][gc,phases   ] GC(4765) Pause Mark Start 0.015ms
[2024-07-25T19:05:20.661+0800][89.030s][gc,phases   ] GC(4765) Concurrent Mark 7.111ms
[2024-07-25T19:05:20.661+0800][89.030s][gc,phases   ] GC(4765) Pause Mark End 0.012ms
[2024-07-25T19:05:20.662+0800][89.031s][gc,phases   ] GC(4765) Concurrent Mark Free 0.001ms
[2024-07-25T19:05:20.663+0800][89.032s][gc,phases   ] GC(4765) Concurrent Process Non-Strong References 1.802ms
[2024-07-25T19:05:20.664+0800][89.032s][gc,phases   ] GC(4765) Concurrent Reset Relocation Set 0.001ms
[2024-07-25T19:05:20.667+0800][89.036s][gc          ] Allocation Stall (main) 13.117ms
[2024-07-25T19:05:20.667+0800][89.036s][gc,phases   ] GC(4765) Concurrent Select Relocation Set 3.255ms
[2024-07-25T19:05:20.667+0800][89.036s][gc,phases   ] GC(4765) Pause Relocate Start 0.008ms
[2024-07-25T19:05:20.667+0800][89.036s][gc,phases   ] GC(4765) Concurrent Relocate 0.119ms
[2024-07-25T19:05:20.667+0800][89.036s][gc,load     ] GC(4765) Load: 0.00/0.00/0.00
[2024-07-25T19:05:20.667+0800][89.036s][gc,mmu      ] GC(4765) MMU: 2ms/88.2%, 5ms/95.3%, 10ms/97.6%, 20ms/98.8%, 50ms/99.4%, 100ms/99.6%
[2024-07-25T19:05:20.667+0800][89.036s][gc,marking  ] GC(4765) Mark: 1 stripe(s), 1 proactive flush(es), 1 terminate flush(es), 0 completion(s), 0 continuation(s) 
[2024-07-25T19:05:20.667+0800][89.036s][gc,marking  ] GC(4765) Mark Stack Usage: 32M
[2024-07-25T19:05:20.667+0800][89.036s][gc,nmethod  ] GC(4765) NMethods: 535 registered, 0 unregistered
[2024-07-25T19:05:20.668+0800][89.036s][gc,metaspace] GC(4765) Metaspace: 1M used, 1M committed, 1088M reserved
[2024-07-25T19:05:20.668+0800][89.036s][gc,ref      ] GC(4765) Soft: 46 encountered, 25 discovered, 0 enqueued
[2024-07-25T19:05:20.668+0800][89.037s][gc,ref      ] GC(4765) Weak: 131 encountered, 107 discovered, 0 enqueued
[2024-07-25T19:05:20.668+0800][89.037s][gc,ref      ] GC(4765) Final: 0 encountered, 0 discovered, 0 enqueued
[2024-07-25T19:05:20.668+0800][89.037s][gc,ref      ] GC(4765) Phantom: 184 encountered, 98 discovered, 0 enqueued
[2024-07-25T19:05:20.668+0800][89.037s][gc,reloc    ] GC(4765) Small Pages: 4 / 8M, Empty: 2M, Relocated: 0M, In-Place: 0
[2024-07-25T19:05:20.668+0800][89.037s][gc,reloc    ] GC(4765) Large Pages: 4 / 8M, Empty: 4M, Relocated: 0M, In-Place: 0
[2024-07-25T19:05:20.668+0800][89.037s][gc,reloc    ] GC(4765) Forwarding Usage: 0M
[2024-07-25T19:05:20.668+0800][89.037s][gc,heap     ] GC(4765) Min Capacity: 8M(50%)
[2024-07-25T19:05:20.668+0800][89.037s][gc,heap     ] GC(4765) Max Capacity: 16M(100%)
[2024-07-25T19:05:20.668+0800][89.037s][gc,heap     ] GC(4765) Soft Max Capacity: 16M(100%)
[2024-07-25T19:05:20.668+0800][89.037s][gc,heap     ] GC(4765)                Mark Start          Mark End        Relocate Start      Relocate End           High               Low         
[2024-07-25T19:05:20.668+0800][89.037s][gc,heap     ] GC(4765)  Capacity:       16M (100%)         16M (100%)         16M (100%)         16M (100%)         16M (100%)         16M (100%)   
[2024-07-25T19:05:20.668+0800][89.037s][gc,heap     ] GC(4765)      Free:        0M (0%)            0M (0%)            2M (12%)           2M (12%)           6M (38%)           0M (0%)     
[2024-07-25T19:05:20.668+0800][89.037s][gc,heap     ] GC(4765)      Used:       16M (100%)         16M (100%)         14M (88%)          14M (88%)          16M (100%)         10M (62%)    
[2024-07-25T19:05:20.668+0800][89.037s][gc,heap     ] GC(4765)      Live:         -                 8M (54%)           8M (54%)           8M (54%)            -                  -          
[2024-07-25T19:05:20.668+0800][89.037s][gc,heap     ] GC(4765) Allocated:         -                 0M (0%)            4M (25%)           4M (25%)            -                  -          
[2024-07-25T19:05:20.668+0800][89.037s][gc,heap     ] GC(4765)   Garbage:         -                 7M (46%)           1M (8%)            1M (8%)             -                  -          
[2024-07-25T19:05:20.668+0800][89.037s][gc,heap     ] GC(4765) Reclaimed:         -                  -                 6M (38%)           6M (38%)            -                  -          
[2024-07-25T19:05:20.668+0800][89.037s][gc          ] GC(4765) Garbage Collection (Allocation Stall) 16M(100%)->14M(88%)
[2024-07-25T19:05:20.671+0800][89.040s][gc,start    ] GC(4766) Garbage Collection (Allocation Stall)
[2024-07-25T19:05:20.671+0800][89.040s][gc,ref      ] GC(4766) Clearing All SoftReferences
[2024-07-25T19:05:20.671+0800][89.040s][gc,task     ] GC(4766) Using 1 workers
[2024-07-25T19:05:20.671+0800][89.040s][gc,phases   ] GC(4766) Pause Mark Start 0.007ms
[2024-07-25T19:05:20.677+0800][89.046s][gc,phases   ] GC(4766) Concurrent Mark 6.428ms
[2024-07-25T19:05:20.678+0800][89.047s][gc,phases   ] GC(4766) Pause Mark End 0.011ms
[2024-07-25T19:05:20.678+0800][89.047s][gc,phases   ] GC(4766) Concurrent Mark Free 0.001ms
[2024-07-25T19:05:20.680+0800][89.048s][gc,phases   ] GC(4766) Concurrent Process Non-Strong References 1.682ms
[2024-07-25T19:05:20.680+0800][89.049s][gc,phases   ] GC(4766) Concurrent Reset Relocation Set 0.001ms
[2024-07-25T19:05:20.682+0800][89.051s][gc          ] Allocation Stall (main) 11.677ms
[2024-07-25T19:05:20.682+0800][89.051s][gc,phases   ] GC(4766) Concurrent Select Relocation Set 2.843ms
[2024-07-25T19:05:20.683+0800][89.052s][gc,phases   ] GC(4766) Pause Relocate Start 0.006ms
[2024-07-25T19:05:20.683+0800][89.052s][gc,phases   ] GC(4766) Concurrent Relocate 0.133ms
[2024-07-25T19:05:20.683+0800][89.052s][gc,load     ] GC(4766) Load: 0.00/0.00/0.00
[2024-07-25T19:05:20.683+0800][89.052s][gc,mmu      ] GC(4766) MMU: 2ms/88.2%, 5ms/95.3%, 10ms/97.6%, 20ms/98.8%, 50ms/99.4%, 100ms/99.6%
[2024-07-25T19:05:20.683+0800][89.052s][gc,marking  ] GC(4766) Mark: 1 stripe(s), 1 proactive flush(es), 1 terminate flush(es), 0 completion(s), 0 continuation(s) 
[2024-07-25T19:05:20.683+0800][89.052s][gc,marking  ] GC(4766) Mark Stack Usage: 32M
[2024-07-25T19:05:20.683+0800][89.052s][gc,nmethod  ] GC(4766) NMethods: 535 registered, 0 unregistered
[2024-07-25T19:05:20.683+0800][89.052s][gc,metaspace] GC(4766) Metaspace: 1M used, 1M committed, 1088M reserved
[2024-07-25T19:05:20.683+0800][89.052s][gc,ref      ] GC(4766) Soft: 46 encountered, 25 discovered, 0 enqueued
[2024-07-25T19:05:20.683+0800][89.052s][gc,ref      ] GC(4766) Weak: 131 encountered, 107 discovered, 0 enqueued
[2024-07-25T19:05:20.683+0800][89.052s][gc,ref      ] GC(4766) Final: 0 encountered, 0 discovered, 0 enqueued
[2024-07-25T19:05:20.683+0800][89.052s][gc,ref      ] GC(4766) Phantom: 184 encountered, 98 discovered, 0 enqueued
[2024-07-25T19:05:20.683+0800][89.052s][gc,reloc    ] GC(4766) Small Pages: 4 / 8M, Empty: 2M, Relocated: 0M, In-Place: 0
[2024-07-25T19:05:20.683+0800][89.052s][gc,reloc    ] GC(4766) Large Pages: 4 / 8M, Empty: 4M, Relocated: 0M, In-Place: 0
[2024-07-25T19:05:20.683+0800][89.052s][gc,reloc    ] GC(4766) Forwarding Usage: 0M
[2024-07-25T19:05:20.683+0800][89.052s][gc,heap     ] GC(4766) Min Capacity: 8M(50%)
[2024-07-25T19:05:20.683+0800][89.052s][gc,heap     ] GC(4766) Max Capacity: 16M(100%)
[2024-07-25T19:05:20.683+0800][89.052s][gc,heap     ] GC(4766) Soft Max Capacity: 16M(100%)
[2024-07-25T19:05:20.683+0800][89.052s][gc,heap     ] GC(4766)                Mark Start          Mark End        Relocate Start      Relocate End           High               Low         
[2024-07-25T19:05:20.683+0800][89.052s][gc,heap     ] GC(4766)  Capacity:       16M (100%)         16M (100%)         16M (100%)         16M (100%)         16M (100%)         16M (100%)   
[2024-07-25T19:05:20.683+0800][89.052s][gc,heap     ] GC(4766)      Free:        0M (0%)            0M (0%)            2M (12%)           2M (12%)           6M (38%)           0M (0%)     
[2024-07-25T19:05:20.683+0800][89.052s][gc,heap     ] GC(4766)      Used:       16M (100%)         16M (100%)         14M (88%)          14M (88%)          16M (100%)         10M (62%)    
[2024-07-25T19:05:20.683+0800][89.052s][gc,heap     ] GC(4766)      Live:         -                 8M (54%)           8M (54%)           8M (54%)            -                  -          
[2024-07-25T19:05:20.683+0800][89.052s][gc,heap     ] GC(4766) Allocated:         -                 0M (0%)            4M (25%)           4M (25%)            -                  -          
[2024-07-25T19:05:20.683+0800][89.052s][gc,heap     ] GC(4766)   Garbage:         -                 7M (46%)           1M (8%)            1M (8%)             -                  -          
[2024-07-25T19:05:20.684+0800][89.053s][gc,heap     ] GC(4766) Reclaimed:         -                  -                 6M (38%)           6M (38%)            -                  -          
[2024-07-25T19:05:20.684+0800][89.053s][gc          ] GC(4766) Garbage Collection (Allocation Stall) 16M(100%)->14M(88%)
[2024-07-25T19:05:20.687+0800][89.056s][gc,start    ] GC(4767) Garbage Collection (Allocation Stall)
[2024-07-25T19:05:20.687+0800][89.056s][gc,ref      ] GC(4767) Clearing All SoftReferences
[2024-07-25T19:05:20.687+0800][89.056s][gc,task     ] GC(4767) Using 1 workers
[2024-07-25T19:05:20.687+0800][89.056s][gc,phases   ] GC(4767) Pause Mark Start 0.010ms
[2024-07-25T19:05:20.694+0800][89.063s][gc,phases   ] GC(4767) Concurrent Mark 6.494ms
[2024-07-25T19:05:20.694+0800][89.063s][gc,phases   ] GC(4767) Pause Mark End 0.011ms
[2024-07-25T19:05:20.694+0800][89.063s][gc,phases   ] GC(4767) Concurrent Mark Free 0.001ms
[2024-07-25T19:05:20.696+0800][89.065s][gc,phases   ] GC(4767) Concurrent Process Non-Strong References 1.743ms
[2024-07-25T19:05:20.696+0800][89.065s][gc,phases   ] GC(4767) Concurrent Reset Relocation Set 0.001ms
[2024-07-25T19:05:20.699+0800][89.068s][gc          ] Allocation Stall (main) 11.720ms
[2024-07-25T19:05:20.699+0800][89.068s][gc,phases   ] GC(4767) Concurrent Select Relocation Set 2.704ms
[2024-07-25T19:05:20.699+0800][89.068s][gc,phases   ] GC(4767) Pause Relocate Start 0.007ms
[2024-07-25T19:05:20.699+0800][89.068s][gc,phases   ] GC(4767) Concurrent Relocate 0.125ms
[2024-07-25T19:05:20.699+0800][89.068s][gc,load     ] GC(4767) Load: 0.00/0.00/0.00
[2024-07-25T19:05:20.699+0800][89.068s][gc,mmu      ] GC(4767) MMU: 2ms/88.2%, 5ms/95.3%, 10ms/97.6%, 20ms/98.8%, 50ms/99.4%, 100ms/99.6%
[2024-07-25T19:05:20.699+0800][89.068s][gc,marking  ] GC(4767) Mark: 1 stripe(s), 1 proactive flush(es), 1 terminate flush(es), 0 completion(s), 0 continuation(s) 
[2024-07-25T19:05:20.699+0800][89.068s][gc,marking  ] GC(4767) Mark Stack Usage: 32M
[2024-07-25T19:05:20.699+0800][89.068s][gc,nmethod  ] GC(4767) NMethods: 535 registered, 0 unregistered
[2024-07-25T19:05:20.699+0800][89.068s][gc,metaspace] GC(4767) Metaspace: 1M used, 1M committed, 1088M reserved
[2024-07-25T19:05:20.699+0800][89.068s][gc,ref      ] GC(4767) Soft: 46 encountered, 25 discovered, 0 enqueued
[2024-07-25T19:05:20.699+0800][89.068s][gc,ref      ] GC(4767) Weak: 131 encountered, 107 discovered, 0 enqueued
[2024-07-25T19:05:20.699+0800][89.068s][gc,ref      ] GC(4767) Final: 0 encountered, 0 discovered, 0 enqueued
[2024-07-25T19:05:20.699+0800][89.068s][gc,ref      ] GC(4767) Phantom: 184 encountered, 98 discovered, 0 enqueued
[2024-07-25T19:05:20.699+0800][89.068s][gc,reloc    ] GC(4767) Small Pages: 4 / 8M, Empty: 2M, Relocated: 0M, In-Place: 0
[2024-07-25T19:05:20.699+0800][89.068s][gc,reloc    ] GC(4767) Large Pages: 4 / 8M, Empty: 4M, Relocated: 0M, In-Place: 0
[2024-07-25T19:05:20.699+0800][89.068s][gc,reloc    ] GC(4767) Forwarding Usage: 0M
[2024-07-25T19:05:20.699+0800][89.068s][gc,heap     ] GC(4767) Min Capacity: 8M(50%)
[2024-07-25T19:05:20.699+0800][89.068s][gc,heap     ] GC(4767) Max Capacity: 16M(100%)
[2024-07-25T19:05:20.699+0800][89.068s][gc,heap     ] GC(4767) Soft Max Capacity: 16M(100%)
[2024-07-25T19:05:20.700+0800][89.068s][gc,heap     ] GC(4767)                Mark Start          Mark End        Relocate Start      Relocate End           High               Low         
[2024-07-25T19:05:20.700+0800][89.069s][gc,heap     ] GC(4767)  Capacity:       16M (100%)         16M (100%)         16M (100%)         16M (100%)         16M (100%)         16M (100%)   
[2024-07-25T19:05:20.700+0800][89.069s][gc,heap     ] GC(4767)      Free:        0M (0%)            0M (0%)            4M (25%)           2M (12%)           6M (38%)           0M (0%)     
[2024-07-25T19:05:20.700+0800][89.069s][gc,heap     ] GC(4767)      Used:       16M (100%)         16M (100%)         12M (75%)          14M (88%)          16M (100%)         10M (62%)    
[2024-07-25T19:05:20.700+0800][89.069s][gc,heap     ] GC(4767)      Live:         -                 8M (54%)           8M (54%)           8M (54%)            -                  -          
[2024-07-25T19:05:20.700+0800][89.069s][gc,heap     ] GC(4767) Allocated:         -                 0M (0%)            2M (12%)           4M (25%)            -                  -          
[2024-07-25T19:05:20.700+0800][89.069s][gc,heap     ] GC(4767)   Garbage:         -                 7M (46%)           1M (8%)            1M (8%)             -                  -          
[2024-07-25T19:05:20.700+0800][89.069s][gc,heap     ] GC(4767) Reclaimed:         -                  -                 6M (38%)           6M (38%)            -                  -          
[2024-07-25T19:05:20.700+0800][89.069s][gc          ] GC(4767) Garbage Collection (Allocation Stall) 16M(100%)->14M(88%)
[2024-07-25T19:05:20.703+0800][89.072s][gc,start    ] GC(4768) Garbage Collection (Allocation Stall)
[2024-07-25T19:05:20.703+0800][89.072s][gc,ref      ] GC(4768) Clearing All SoftReferences
[2024-07-25T19:05:20.703+0800][89.072s][gc,task     ] GC(4768) Using 1 workers
[2024-07-25T19:05:20.703+0800][89.072s][gc,phases   ] GC(4768) Pause Mark Start 0.009ms
[2024-07-25T19:05:20.710+0800][89.079s][gc,phases   ] GC(4768) Concurrent Mark 6.301ms
[2024-07-25T19:05:20.710+0800][89.079s][gc,phases   ] GC(4768) Pause Mark End 0.011ms
[2024-07-25T19:05:20.710+0800][89.079s][gc,phases   ] GC(4768) Concurrent Mark Free 0.001ms
[2024-07-25T19:05:20.712+0800][89.081s][gc,phases   ] GC(4768) Concurrent Process Non-Strong References 1.787ms
[2024-07-25T19:05:20.712+0800][89.081s][gc,phases   ] GC(4768) Concurrent Reset Relocation Set 0.001ms
[2024-07-25T19:05:20.714+0800][89.083s][gc          ] Allocation Stall (main) 11.425ms
[2024-07-25T19:05:20.714+0800][89.083s][gc,phases   ] GC(4768) Concurrent Select Relocation Set 2.598ms
[2024-07-25T19:05:20.714+0800][89.084s][gc,phases   ] GC(4768) Pause Relocate Start 0.007ms
[2024-07-25T19:05:20.715+0800][89.084s][gc,phases   ] GC(4768) Concurrent Relocate 0.061ms
[2024-07-25T19:05:20.715+0800][89.084s][gc,load     ] GC(4768) Load: 0.00/0.00/0.00
[2024-07-25T19:05:20.715+0800][89.084s][gc,mmu      ] GC(4768) MMU: 2ms/88.2%, 5ms/95.3%, 10ms/97.6%, 20ms/98.8%, 50ms/99.4%, 100ms/99.6%
[2024-07-25T19:05:20.715+0800][89.084s][gc,marking  ] GC(4768) Mark: 1 stripe(s), 1 proactive flush(es), 1 terminate flush(es), 0 completion(s), 0 continuation(s) 
[2024-07-25T19:05:20.715+0800][89.084s][gc,marking  ] GC(4768) Mark Stack Usage: 32M
[2024-07-25T19:05:20.715+0800][89.084s][gc,nmethod  ] GC(4768) NMethods: 535 registered, 0 unregistered
[2024-07-25T19:05:20.715+0800][89.084s][gc,metaspace] GC(4768) Metaspace: 1M used, 1M committed, 1088M reserved
[2024-07-25T19:05:20.715+0800][89.084s][gc,ref      ] GC(4768) Soft: 46 encountered, 25 discovered, 0 enqueued
[2024-07-25T19:05:20.715+0800][89.084s][gc,ref      ] GC(4768) Weak: 131 encountered, 107 discovered, 0 enqueued
[2024-07-25T19:05:20.715+0800][89.084s][gc,ref      ] GC(4768) Final: 0 encountered, 0 discovered, 0 enqueued
[2024-07-25T19:05:20.715+0800][89.084s][gc,ref      ] GC(4768) Phantom: 184 encountered, 98 discovered, 0 enqueued
[2024-07-25T19:05:20.715+0800][89.084s][gc,reloc    ] GC(4768) Small Pages: 4 / 8M, Empty: 2M, Relocated: 0M, In-Place: 0
[2024-07-25T19:05:20.715+0800][89.084s][gc,reloc    ] GC(4768) Large Pages: 4 / 8M, Empty: 4M, Relocated: 0M, In-Place: 0
[2024-07-25T19:05:20.715+0800][89.084s][gc,reloc    ] GC(4768) Forwarding Usage: 0M
[2024-07-25T19:05:20.715+0800][89.084s][gc,heap     ] GC(4768) Min Capacity: 8M(50%)
[2024-07-25T19:05:20.715+0800][89.084s][gc,heap     ] GC(4768) Max Capacity: 16M(100%)
[2024-07-25T19:05:20.715+0800][89.084s][gc,heap     ] GC(4768) Soft Max Capacity: 16M(100%)
[2024-07-25T19:05:20.715+0800][89.084s][gc,heap     ] GC(4768)                Mark Start          Mark End        Relocate Start      Relocate End           High               Low         
[2024-07-25T19:05:20.715+0800][89.084s][gc,heap     ] GC(4768)  Capacity:       16M (100%)         16M (100%)         16M (100%)         16M (100%)         16M (100%)         16M (100%)   
[2024-07-25T19:05:20.715+0800][89.084s][gc,heap     ] GC(4768)      Free:        0M (0%)            0M (0%)            2M (12%)           2M (12%)           6M (38%)           0M (0%)     
[2024-07-25T19:05:20.715+0800][89.084s][gc,heap     ] GC(4768)      Used:       16M (100%)         16M (100%)         14M (88%)          14M (88%)          16M (100%)         10M (62%)    
[2024-07-25T19:05:20.715+0800][89.084s][gc,heap     ] GC(4768)      Live:         -                 8M (54%)           8M (54%)           8M (54%)            -                  -          
[2024-07-25T19:05:20.715+0800][89.084s][gc,heap     ] GC(4768) Allocated:         -                 0M (0%)            4M (25%)           4M (25%)            -                  -          
[2024-07-25T19:05:20.715+0800][89.084s][gc,heap     ] GC(4768)   Garbage:         -                 7M (46%)           1M (8%)            1M (8%)             -                  -          
[2024-07-25T19:05:20.715+0800][89.084s][gc,heap     ] GC(4768) Reclaimed:         -                  -                 6M (38%)           6M (38%)            -                  -          
[2024-07-25T19:05:20.715+0800][89.084s][gc          ] GC(4768) Garbage Collection (Allocation Stall) 16M(100%)->14M(88%)
[2024-07-25T19:05:20.718+0800][89.087s][gc,start    ] GC(4769) Garbage Collection (Allocation Rate)
[2024-07-25T19:05:20.718+0800][89.087s][gc,task     ] GC(4769) Using 1 workers
[2024-07-25T19:05:20.718+0800][89.087s][gc,phases   ] GC(4769) Pause Mark Start 0.009ms
[2024-07-25T19:05:20.724+0800][89.094s][gc,phases   ] GC(4769) Concurrent Mark 6.257ms
[2024-07-25T19:05:20.725+0800][89.094s][gc,phases   ] GC(4769) Pause Mark End 0.010ms
[2024-07-25T19:05:20.725+0800][89.094s][gc,phases   ] GC(4769) Concurrent Mark Free 0.001ms
[2024-07-25T19:05:20.726+0800][89.096s][gc,phases   ] GC(4769) Concurrent Process Non-Strong References 1.723ms
[2024-07-25T19:05:20.726+0800][89.096s][gc,phases   ] GC(4769) Concurrent Reset Relocation Set 0.001ms
[2024-07-25T19:05:20.729+0800][89.098s][gc          ] Allocation Stall (main) 10.656ms
[2024-07-25T19:05:20.729+0800][89.099s][gc,phases   ] GC(4769) Concurrent Select Relocation Set 2.859ms
[2024-07-25T19:05:20.730+0800][89.099s][gc,phases   ] GC(4769) Pause Relocate Start 0.007ms
[2024-07-25T19:05:20.731+0800][89.101s][gc          ] Allocation Stall (main) 0.619ms
[2024-07-25T19:05:20.731+0800][89.101s][gc,phases   ] GC(4769) Concurrent Relocate 1.717ms
[2024-07-25T19:05:20.732+0800][89.101s][gc,load     ] GC(4769) Load: 0.00/0.00/0.00
[2024-07-25T19:05:20.732+0800][89.101s][gc,mmu      ] GC(4769) MMU: 2ms/88.2%, 5ms/95.3%, 10ms/97.6%, 20ms/98.8%, 50ms/99.4%, 100ms/99.6%
[2024-07-25T19:05:20.732+0800][89.101s][gc,marking  ] GC(4769) Mark: 1 stripe(s), 1 proactive flush(es), 1 terminate flush(es), 0 completion(s), 0 continuation(s) 
[2024-07-25T19:05:20.732+0800][89.101s][gc,marking  ] GC(4769) Mark Stack Usage: 32M
[2024-07-25T19:05:20.732+0800][89.101s][gc,nmethod  ] GC(4769) NMethods: 535 registered, 0 unregistered
[2024-07-25T19:05:20.732+0800][89.101s][gc,metaspace] GC(4769) Metaspace: 1M used, 1M committed, 1088M reserved
[2024-07-25T19:05:20.732+0800][89.101s][gc,ref      ] GC(4769) Soft: 46 encountered, 25 discovered, 0 enqueued
[2024-07-25T19:05:20.732+0800][89.101s][gc,ref      ] GC(4769) Weak: 131 encountered, 107 discovered, 0 enqueued
[2024-07-25T19:05:20.732+0800][89.101s][gc,ref      ] GC(4769) Final: 0 encountered, 0 discovered, 0 enqueued
[2024-07-25T19:05:20.732+0800][89.101s][gc,ref      ] GC(4769) Phantom: 184 encountered, 98 discovered, 0 enqueued
[2024-07-25T19:05:20.732+0800][89.101s][gc,reloc    ] GC(4769) Small Pages: 4 / 8M, Empty: 0M, Relocated: 1M, In-Place: 1
[2024-07-25T19:05:20.732+0800][89.101s][gc,reloc    ] GC(4769) Large Pages: 4 / 8M, Empty: 4M, Relocated: 0M, In-Place: 0
[2024-07-25T19:05:20.732+0800][89.101s][gc,reloc    ] GC(4769) Forwarding Usage: 0M
[2024-07-25T19:05:20.732+0800][89.101s][gc,heap     ] GC(4769) Min Capacity: 8M(50%)
[2024-07-25T19:05:20.732+0800][89.101s][gc,heap     ] GC(4769) Max Capacity: 16M(100%)
[2024-07-25T19:05:20.732+0800][89.101s][gc,heap     ] GC(4769) Soft Max Capacity: 16M(100%)
[2024-07-25T19:05:20.732+0800][89.101s][gc,heap     ] GC(4769)                Mark Start          Mark End        Relocate Start      Relocate End           High               Low         
[2024-07-25T19:05:20.732+0800][89.101s][gc,heap     ] GC(4769)  Capacity:       16M (100%)         16M (100%)         16M (100%)         16M (100%)         16M (100%)         16M (100%)   
[2024-07-25T19:05:20.732+0800][89.101s][gc,heap     ] GC(4769)      Free:        0M (0%)            0M (0%)            0M (0%)            0M (0%)            4M (25%)           0M (0%)     
[2024-07-25T19:05:20.732+0800][89.101s][gc,heap     ] GC(4769)      Used:       16M (100%)         16M (100%)         16M (100%)         16M (100%)         16M (100%)         12M (75%)    
[2024-07-25T19:05:20.732+0800][89.101s][gc,heap     ] GC(4769)      Live:         -                 8M (54%)           8M (54%)           8M (54%)            -                  -          
[2024-07-25T19:05:20.732+0800][89.101s][gc,heap     ] GC(4769) Allocated:         -                 0M (0%)            4M (25%)           6M (38%)            -                  -          
[2024-07-25T19:05:20.732+0800][89.101s][gc,heap     ] GC(4769)   Garbage:         -                 7M (46%)           3M (21%)           1M (8%)             -                  -          
[2024-07-25T19:05:20.732+0800][89.101s][gc,heap     ] GC(4769) Reclaimed:         -                  -                 4M (25%)           6M (38%)            -                  -          
[2024-07-25T19:05:20.732+0800][89.101s][gc          ] GC(4769) Garbage Collection (Allocation Rate) 16M(100%)->16M(100%)
[2024-07-25T19:05:20.734+0800][89.103s][gc,start    ] GC(4770) Garbage Collection (Allocation Stall)
[2024-07-25T19:05:20.734+0800][89.103s][gc,ref      ] GC(4770) Clearing All SoftReferences
[2024-07-25T19:05:20.734+0800][89.103s][gc,task     ] GC(4770) Using 1 workers
[2024-07-25T19:05:20.734+0800][89.103s][gc,phases   ] GC(4770) Pause Mark Start 0.010ms
[2024-07-25T19:05:20.743+0800][89.112s][gc,phases   ] GC(4770) Concurrent Mark 8.242ms
[2024-07-25T19:05:20.743+0800][89.112s][gc,phases   ] GC(4770) Pause Mark End 0.011ms
[2024-07-25T19:05:20.743+0800][89.112s][gc,phases   ] GC(4770) Concurrent Mark Free 0.001ms
[2024-07-25T19:05:20.745+0800][89.114s][gc,phases   ] GC(4770) Concurrent Process Non-Strong References 1.872ms
[2024-07-25T19:05:20.745+0800][89.114s][gc,phases   ] GC(4770) Concurrent Reset Relocation Set 0.002ms
[2024-07-25T19:05:20.748+0800][89.117s][gc          ] Allocation Stall (main) 13.764ms
[2024-07-25T19:05:20.748+0800][89.117s][gc,phases   ] GC(4770) Concurrent Select Relocation Set 2.829ms
[2024-07-25T19:05:20.748+0800][89.117s][gc,phases   ] GC(4770) Pause Relocate Start 0.007ms
[2024-07-25T19:05:20.748+0800][89.117s][gc,phases   ] GC(4770) Concurrent Relocate 0.121ms
[2024-07-25T19:05:20.748+0800][89.117s][gc,load     ] GC(4770) Load: 0.00/0.00/0.00
[2024-07-25T19:05:20.748+0800][89.117s][gc,mmu      ] GC(4770) MMU: 2ms/88.2%, 5ms/95.3%, 10ms/97.6%, 20ms/98.8%, 50ms/99.4%, 100ms/99.6%
[2024-07-25T19:05:20.748+0800][89.117s][gc,marking  ] GC(4770) Mark: 1 stripe(s), 1 proactive flush(es), 1 terminate flush(es), 0 completion(s), 0 continuation(s) 
[2024-07-25T19:05:20.748+0800][89.117s][gc,marking  ] GC(4770) Mark Stack Usage: 32M
[2024-07-25T19:05:20.748+0800][89.117s][gc,nmethod  ] GC(4770) NMethods: 535 registered, 0 unregistered
[2024-07-25T19:05:20.748+0800][89.117s][gc,metaspace] GC(4770) Metaspace: 1M used, 1M committed, 1088M reserved
[2024-07-25T19:05:20.748+0800][89.117s][gc,ref      ] GC(4770) Soft: 46 encountered, 25 discovered, 0 enqueued
[2024-07-25T19:05:20.748+0800][89.118s][gc,ref      ] GC(4770) Weak: 131 encountered, 107 discovered, 0 enqueued
[2024-07-25T19:05:20.748+0800][89.118s][gc,ref      ] GC(4770) Final: 0 encountered, 0 discovered, 0 enqueued
[2024-07-25T19:05:20.748+0800][89.118s][gc,ref      ] GC(4770) Phantom: 184 encountered, 98 discovered, 0 enqueued
[2024-07-25T19:05:20.748+0800][89.118s][gc,reloc    ] GC(4770) Small Pages: 4 / 8M, Empty: 2M, Relocated: 0M, In-Place: 0
[2024-07-25T19:05:20.748+0800][89.118s][gc,reloc    ] GC(4770) Large Pages: 4 / 8M, Empty: 4M, Relocated: 0M, In-Place: 0
[2024-07-25T19:05:20.749+0800][89.118s][gc,reloc    ] GC(4770) Forwarding Usage: 0M
[2024-07-25T19:05:20.749+0800][89.118s][gc,heap     ] GC(4770) Min Capacity: 8M(50%)
[2024-07-25T19:05:20.749+0800][89.118s][gc,heap     ] GC(4770) Max Capacity: 16M(100%)
[2024-07-25T19:05:20.749+0800][89.118s][gc,heap     ] GC(4770) Soft Max Capacity: 16M(100%)
[2024-07-25T19:05:20.749+0800][89.118s][gc,heap     ] GC(4770)                Mark Start          Mark End        Relocate Start      Relocate End           High               Low         
[2024-07-25T19:05:20.749+0800][89.118s][gc,heap     ] GC(4770)  Capacity:       16M (100%)         16M (100%)         16M (100%)         16M (100%)         16M (100%)         16M (100%)   
[2024-07-25T19:05:20.749+0800][89.118s][gc,heap     ] GC(4770)      Free:        0M (0%)            0M (0%)            2M (12%)           2M (12%)           6M (38%)           0M (0%)     
[2024-07-25T19:05:20.749+0800][89.118s][gc,heap     ] GC(4770)      Used:       16M (100%)         16M (100%)         14M (88%)          14M (88%)          16M (100%)         10M (62%)    
[2024-07-25T19:05:20.749+0800][89.118s][gc,heap     ] GC(4770)      Live:         -                 8M (54%)           8M (54%)           8M (54%)            -                  -          
[2024-07-25T19:05:20.749+0800][89.118s][gc,heap     ] GC(4770) Allocated:         -                 0M (0%)            4M (25%)           4M (25%)            -                  -          
[2024-07-25T19:05:20.749+0800][89.118s][gc,heap     ] GC(4770)   Garbage:         -                 7M (46%)           1M (8%)            1M (8%)             -                  -          
[2024-07-25T19:05:20.749+0800][89.118s][gc,heap     ] GC(4770) Reclaimed:         -                  -                 6M (38%)           6M (38%)            -                  -          
[2024-07-25T19:05:20.749+0800][89.118s][gc          ] GC(4770) Garbage Collection (Allocation Stall) 16M(100%)->14M(88%)
[2024-07-25T19:05:20.752+0800][89.121s][gc,start    ] GC(4771) Garbage Collection (Allocation Stall)
[2024-07-25T19:05:20.752+0800][89.121s][gc,ref      ] GC(4771) Clearing All SoftReferences
[2024-07-25T19:05:20.752+0800][89.121s][gc,task     ] GC(4771) Using 1 workers
[2024-07-25T19:05:20.752+0800][89.121s][gc,phases   ] GC(4771) Pause Mark Start 0.009ms
[2024-07-25T19:05:20.759+0800][89.129s][gc,phases   ] GC(4771) Concurrent Mark 7.039ms
[2024-07-25T19:05:20.760+0800][89.129s][gc,phases   ] GC(4771) Pause Mark End 0.031ms
[2024-07-25T19:05:20.760+0800][89.129s][gc,phases   ] GC(4771) Concurrent Mark Free 0.001ms
[2024-07-25T19:05:20.762+0800][89.131s][gc,phases   ] GC(4771) Concurrent Process Non-Strong References 1.858ms
[2024-07-25T19:05:20.762+0800][89.131s][gc,phases   ] GC(4771) Concurrent Reset Relocation Set 0.001ms
[2024-07-25T19:05:20.764+0800][89.134s][gc          ] Allocation Stall (main) 12.586ms
[2024-07-25T19:05:20.764+0800][89.134s][gc,phases   ] GC(4771) Concurrent Select Relocation Set 2.861ms
[2024-07-25T19:05:20.765+0800][89.134s][gc,phases   ] GC(4771) Pause Relocate Start 0.007ms
[2024-07-25T19:05:20.765+0800][89.134s][gc,phases   ] GC(4771) Concurrent Relocate 0.089ms
[2024-07-25T19:05:20.765+0800][89.134s][gc,load     ] GC(4771) Load: 0.00/0.00/0.00
[2024-07-25T19:05:20.765+0800][89.134s][gc,mmu      ] GC(4771) MMU: 2ms/88.2%, 5ms/95.3%, 10ms/97.6%, 20ms/98.8%, 50ms/99.4%, 100ms/99.6%
[2024-07-25T19:05:20.765+0800][89.134s][gc,marking  ] GC(4771) Mark: 1 stripe(s), 1 proactive flush(es), 1 terminate flush(es), 0 completion(s), 0 continuation(s) 
[2024-07-25T19:05:20.765+0800][89.134s][gc,marking  ] GC(4771) Mark Stack Usage: 32M
[2024-07-25T19:05:20.765+0800][89.134s][gc,nmethod  ] GC(4771) NMethods: 535 registered, 0 unregistered
[2024-07-25T19:05:20.765+0800][89.134s][gc,metaspace] GC(4771) Metaspace: 1M used, 1M committed, 1088M reserved
[2024-07-25T19:05:20.765+0800][89.134s][gc,ref      ] GC(4771) Soft: 46 encountered, 25 discovered, 0 enqueued
[2024-07-25T19:05:20.765+0800][89.134s][gc,ref      ] GC(4771) Weak: 131 encountered, 107 discovered, 0 enqueued
[2024-07-25T19:05:20.765+0800][89.134s][gc,ref      ] GC(4771) Final: 0 encountered, 0 discovered, 0 enqueued
[2024-07-25T19:05:20.765+0800][89.134s][gc,ref      ] GC(4771) Phantom: 184 encountered, 98 discovered, 0 enqueued
[2024-07-25T19:05:20.765+0800][89.134s][gc,reloc    ] GC(4771) Small Pages: 4 / 8M, Empty: 2M, Relocated: 0M, In-Place: 0
[2024-07-25T19:05:20.765+0800][89.134s][gc,reloc    ] GC(4771) Large Pages: 4 / 8M, Empty: 4M, Relocated: 0M, In-Place: 0
[2024-07-25T19:05:20.765+0800][89.134s][gc,reloc    ] GC(4771) Forwarding Usage: 0M
[2024-07-25T19:05:20.765+0800][89.134s][gc,heap     ] GC(4771) Min Capacity: 8M(50%)
[2024-07-25T19:05:20.765+0800][89.134s][gc,heap     ] GC(4771) Max Capacity: 16M(100%)
[2024-07-25T19:05:20.765+0800][89.134s][gc,heap     ] GC(4771) Soft Max Capacity: 16M(100%)
[2024-07-25T19:05:20.765+0800][89.134s][gc,heap     ] GC(4771)                Mark Start          Mark End        Relocate Start      Relocate End           High               Low         
[2024-07-25T19:05:20.765+0800][89.134s][gc,heap     ] GC(4771)  Capacity:       16M (100%)         16M (100%)         16M (100%)         16M (100%)         16M (100%)         16M (100%)   
[2024-07-25T19:05:20.765+0800][89.135s][gc,heap     ] GC(4771)      Free:        0M (0%)            0M (0%)            2M (12%)           2M (12%)           6M (38%)           0M (0%)     
[2024-07-25T19:05:20.765+0800][89.135s][gc,heap     ] GC(4771)      Used:       16M (100%)         16M (100%)         14M (88%)          14M (88%)          16M (100%)         10M (62%)    
[2024-07-25T19:05:20.765+0800][89.135s][gc,heap     ] GC(4771)      Live:         -                 8M (54%)           8M (54%)           8M (54%)            -                  -          
[2024-07-25T19:05:20.765+0800][89.135s][gc,heap     ] GC(4771) Allocated:         -                 0M (0%)            4M (25%)           4M (25%)            -                  -          
[2024-07-25T19:05:20.765+0800][89.135s][gc,heap     ] GC(4771)   Garbage:         -                 7M (46%)           1M (8%)            1M (8%)             -                  -          
[2024-07-25T19:05:20.765+0800][89.135s][gc,heap     ] GC(4771) Reclaimed:         -                  -                 6M (38%)           6M (38%)            -                  -          
[2024-07-25T19:05:20.765+0800][89.135s][gc          ] GC(4771) Garbage Collection (Allocation Stall) 16M(100%)->14M(88%)
[2024-07-25T19:05:20.769+0800][89.138s][gc,start    ] GC(4772) Garbage Collection (Allocation Stall)
[2024-07-25T19:05:20.769+0800][89.138s][gc,ref      ] GC(4772) Clearing All SoftReferences
[2024-07-25T19:05:20.769+0800][89.138s][gc,task     ] GC(4772) Using 1 workers
[2024-07-25T19:05:20.769+0800][89.138s][gc,phases   ] GC(4772) Pause Mark Start 0.009ms
[2024-07-25T19:05:20.777+0800][89.146s][gc,phases   ] GC(4772) Concurrent Mark 7.481ms
[2024-07-25T19:05:20.777+0800][89.146s][gc,phases   ] GC(4772) Pause Mark End 0.012ms
[2024-07-25T19:05:20.777+0800][89.146s][gc,phases   ] GC(4772) Concurrent Mark Free 0.001ms
[2024-07-25T19:05:20.779+0800][89.148s][gc,phases   ] GC(4772) Concurrent Process Non-Strong References 1.939ms
[2024-07-25T19:05:20.779+0800][89.148s][gc,phases   ] GC(4772) Concurrent Reset Relocation Set 0.001ms
[2024-07-25T19:05:20.781+0800][89.151s][gc          ] Allocation Stall (main) 13.084ms
[2024-07-25T19:05:20.781+0800][89.151s][gc,phases   ] GC(4772) Concurrent Select Relocation Set 2.726ms
[2024-07-25T19:05:20.781+0800][89.151s][gc,phases   ] GC(4772) Pause Relocate Start 0.008ms
[2024-07-25T19:05:20.781+0800][89.151s][gc,phases   ] GC(4772) Concurrent Relocate 0.040ms
[2024-07-25T19:05:20.782+0800][89.151s][gc,load     ] GC(4772) Load: 0.00/0.00/0.00
[2024-07-25T19:05:20.782+0800][89.151s][gc,mmu      ] GC(4772) MMU: 2ms/88.2%, 5ms/95.3%, 10ms/97.6%, 20ms/98.8%, 50ms/99.4%, 100ms/99.6%
[2024-07-25T19:05:20.782+0800][89.151s][gc,marking  ] GC(4772) Mark: 1 stripe(s), 1 proactive flush(es), 1 terminate flush(es), 0 completion(s), 0 continuation(s) 
[2024-07-25T19:05:20.782+0800][89.151s][gc,marking  ] GC(4772) Mark Stack Usage: 32M
[2024-07-25T19:05:20.782+0800][89.151s][gc,nmethod  ] GC(4772) NMethods: 535 registered, 0 unregistered
[2024-07-25T19:05:20.782+0800][89.151s][gc,metaspace] GC(4772) Metaspace: 1M used, 1M committed, 1088M reserved
[2024-07-25T19:05:20.782+0800][89.152s][gc,ref      ] GC(4772) Soft: 46 encountered, 25 discovered, 0 enqueued
[2024-07-25T19:05:20.782+0800][89.152s][gc,ref      ] GC(4772) Weak: 131 encountered, 107 discovered, 0 enqueued
[2024-07-25T19:05:20.782+0800][89.152s][gc,ref      ] GC(4772) Final: 0 encountered, 0 discovered, 0 enqueued
[2024-07-25T19:05:20.782+0800][89.152s][gc,ref      ] GC(4772) Phantom: 184 encountered, 98 discovered, 0 enqueued
[2024-07-25T19:05:20.782+0800][89.152s][gc,reloc    ] GC(4772) Small Pages: 4 / 8M, Empty: 2M, Relocated: 0M, In-Place: 0
[2024-07-25T19:05:20.782+0800][89.152s][gc,reloc    ] GC(4772) Large Pages: 4 / 8M, Empty: 4M, Relocated: 0M, In-Place: 0
[2024-07-25T19:05:20.782+0800][89.152s][gc,reloc    ] GC(4772) Forwarding Usage: 0M
[2024-07-25T19:05:20.782+0800][89.152s][gc,heap     ] GC(4772) Min Capacity: 8M(50%)
[2024-07-25T19:05:20.782+0800][89.152s][gc,heap     ] GC(4772) Max Capacity: 16M(100%)
[2024-07-25T19:05:20.782+0800][89.152s][gc,heap     ] GC(4772) Soft Max Capacity: 16M(100%)
[2024-07-25T19:05:20.782+0800][89.152s][gc,heap     ] GC(4772)                Mark Start          Mark End        Relocate Start      Relocate End           High               Low         
[2024-07-25T19:05:20.782+0800][89.152s][gc,heap     ] GC(4772)  Capacity:       16M (100%)         16M (100%)         16M (100%)         16M (100%)         16M (100%)         16M (100%)   
[2024-07-25T19:05:20.782+0800][89.152s][gc,heap     ] GC(4772)      Free:        0M (0%)            0M (0%)            2M (12%)           2M (12%)           6M (38%)           0M (0%)     
[2024-07-25T19:05:20.782+0800][89.152s][gc,heap     ] GC(4772)      Used:       16M (100%)         16M (100%)         14M (88%)          14M (88%)          16M (100%)         10M (62%)    
[2024-07-25T19:05:20.782+0800][89.152s][gc,heap     ] GC(4772)      Live:         -                 8M (54%)           8M (54%)           8M (54%)            -                  -          
[2024-07-25T19:05:20.782+0800][89.152s][gc,heap     ] GC(4772) Allocated:         -                 0M (0%)            4M (25%)           4M (25%)            -                  -          
[2024-07-25T19:05:20.782+0800][89.152s][gc,heap     ] GC(4772)   Garbage:         -                 7M (46%)           1M (8%)            1M (8%)             -                  -          
[2024-07-25T19:05:20.782+0800][89.152s][gc,heap     ] GC(4772) Reclaimed:         -                  -                 6M (38%)           6M (38%)            -                  -          
[2024-07-25T19:05:20.782+0800][89.152s][gc          ] GC(4772) Garbage Collection (Allocation Stall) 16M(100%)->14M(88%)
[2024-07-25T19:05:20.785+0800][89.154s][gc,start    ] GC(4773) Garbage Collection (Allocation Stall)
[2024-07-25T19:05:20.785+0800][89.154s][gc,ref      ] GC(4773) Clearing All SoftReferences
[2024-07-25T19:05:20.785+0800][89.155s][gc,task     ] GC(4773) Using 1 workers
[2024-07-25T19:05:20.785+0800][89.155s][gc,phases   ] GC(4773) Pause Mark Start 0.007ms
[2024-07-25T19:05:20.790+0800][89.160s][gc,phases   ] GC(4773) Concurrent Mark 5.529ms
[2024-07-25T19:05:20.791+0800][89.160s][gc,phases   ] GC(4773) Pause Mark End 0.011ms
[2024-07-25T19:05:20.791+0800][89.160s][gc,phases   ] GC(4773) Concurrent Mark Free 0.001ms
[2024-07-25T19:05:20.793+0800][89.162s][gc,phases   ] GC(4773) Concurrent Process Non-Strong References 1.570ms
[2024-07-25T19:05:20.793+0800][89.162s][gc,phases   ] GC(4773) Concurrent Reset Relocation Set 0.001ms
[2024-07-25T19:05:20.795+0800][89.165s][gc          ] Allocation Stall (main) 10.577ms
[2024-07-25T19:05:20.795+0800][89.165s][gc,phases   ] GC(4773) Concurrent Select Relocation Set 2.892ms
[2024-07-25T19:05:20.796+0800][89.165s][gc,phases   ] GC(4773) Pause Relocate Start 0.024ms
[2024-07-25T19:05:20.796+0800][89.166s][gc,phases   ] GC(4773) Concurrent Relocate 0.138ms
[2024-07-25T19:05:20.796+0800][89.166s][gc,load     ] GC(4773) Load: 0.00/0.00/0.00
[2024-07-25T19:05:20.796+0800][89.166s][gc,mmu      ] GC(4773) MMU: 2ms/88.2%, 5ms/95.3%, 10ms/97.6%, 20ms/98.8%, 50ms/99.4%, 100ms/99.6%
[2024-07-25T19:05:20.796+0800][89.166s][gc,marking  ] GC(4773) Mark: 1 stripe(s), 1 proactive flush(es), 1 terminate flush(es), 0 completion(s), 0 continuation(s) 
[2024-07-25T19:05:20.796+0800][89.166s][gc,marking  ] GC(4773) Mark Stack Usage: 32M
[2024-07-25T19:05:20.796+0800][89.166s][gc,nmethod  ] GC(4773) NMethods: 535 registered, 0 unregistered
[2024-07-25T19:05:20.796+0800][89.166s][gc,metaspace] GC(4773) Metaspace: 1M used, 1M committed, 1088M reserved
[2024-07-25T19:05:20.796+0800][89.166s][gc,ref      ] GC(4773) Soft: 46 encountered, 25 discovered, 0 enqueued
[2024-07-25T19:05:20.796+0800][89.166s][gc,ref      ] GC(4773) Weak: 131 encountered, 107 discovered, 0 enqueued
[2024-07-25T19:05:20.796+0800][89.166s][gc,ref      ] GC(4773) Final: 0 encountered, 0 discovered, 0 enqueued
[2024-07-25T19:05:20.796+0800][89.166s][gc,ref      ] GC(4773) Phantom: 184 encountered, 98 discovered, 0 enqueued
[2024-07-25T19:05:20.797+0800][89.166s][gc,reloc    ] GC(4773) Small Pages: 4 / 8M, Empty: 2M, Relocated: 0M, In-Place: 0
[2024-07-25T19:05:20.797+0800][89.166s][gc,reloc    ] GC(4773) Large Pages: 4 / 8M, Empty: 4M, Relocated: 0M, In-Place: 0
[2024-07-25T19:05:20.797+0800][89.166s][gc,reloc    ] GC(4773) Forwarding Usage: 0M
[2024-07-25T19:05:20.797+0800][89.166s][gc,heap     ] GC(4773) Min Capacity: 8M(50%)
[2024-07-25T19:05:20.797+0800][89.166s][gc,heap     ] GC(4773) Max Capacity: 16M(100%)
[2024-07-25T19:05:20.797+0800][89.167s][gc,heap     ] GC(4773) Soft Max Capacity: 16M(100%)
[2024-07-25T19:05:20.797+0800][89.167s][gc,heap     ] GC(4773)                Mark Start          Mark End        Relocate Start      Relocate End           High               Low         
[2024-07-25T19:05:20.797+0800][89.167s][gc,heap     ] GC(4773)  Capacity:       16M (100%)         16M (100%)         16M (100%)         16M (100%)         16M (100%)         16M (100%)   
[2024-07-25T19:05:20.797+0800][89.167s][gc,heap     ] GC(4773)      Free:        0M (0%)            0M (0%)            4M (25%)           2M (12%)           6M (38%)           0M (0%)     
[2024-07-25T19:05:20.797+0800][89.167s][gc,heap     ] GC(4773)      Used:       16M (100%)         16M (100%)         12M (75%)          14M (88%)          16M (100%)         10M (62%)    
[2024-07-25T19:05:20.797+0800][89.167s][gc,heap     ] GC(4773)      Live:         -                 8M (54%)           8M (54%)           8M (54%)            -                  -          
[2024-07-25T19:05:20.797+0800][89.167s][gc,heap     ] GC(4773) Allocated:         -                 0M (0%)            2M (12%)           4M (25%)            -                  -          
[2024-07-25T19:05:20.797+0800][89.167s][gc,heap     ] GC(4773)   Garbage:         -                 7M (46%)           1M (8%)            1M (8%)             -                  -          
[2024-07-25T19:05:20.797+0800][89.167s][gc,heap     ] GC(4773) Reclaimed:         -                  -                 6M (38%)           6M (38%)            -                  -          
[2024-07-25T19:05:20.797+0800][89.167s][gc          ] GC(4773) Garbage Collection (Allocation Stall) 16M(100%)->14M(88%)
[2024-07-25T19:05:20.800+0800][89.169s][gc,start    ] GC(4774) Garbage Collection (Allocation Stall)
[2024-07-25T19:05:20.800+0800][89.169s][gc,ref      ] GC(4774) Clearing All SoftReferences
[2024-07-25T19:05:20.800+0800][89.170s][gc,task     ] GC(4774) Using 1 workers
[2024-07-25T19:05:20.800+0800][89.170s][gc,phases   ] GC(4774) Pause Mark Start 0.007ms
[2024-07-25T19:05:20.808+0800][89.177s][gc,phases   ] GC(4774) Concurrent Mark 7.299ms
[2024-07-25T19:05:20.808+0800][89.177s][gc,phases   ] GC(4774) Pause Mark End 0.036ms
[2024-07-25T19:05:20.808+0800][89.177s][gc,phases   ] GC(4774) Concurrent Mark Free 0.001ms
[2024-07-25T19:05:20.810+0800][89.180s][gc,phases   ] GC(4774) Concurrent Process Non-Strong References 2.063ms
[2024-07-25T19:05:20.811+0800][89.180s][gc,phases   ] GC(4774) Concurrent Reset Relocation Set 0.001ms
[2024-07-25T19:05:20.815+0800][89.184s][gc          ] Allocation Stall (main) 14.262ms
[2024-07-25T19:05:20.815+0800][89.184s][gc,phases   ] GC(4774) Concurrent Select Relocation Set 3.876ms
[2024-07-25T19:05:20.815+0800][89.184s][gc,phases   ] GC(4774) Pause Relocate Start 0.008ms
[2024-07-25T19:05:20.815+0800][89.184s][gc,phases   ] GC(4774) Concurrent Relocate 0.114ms
[2024-07-25T19:05:20.815+0800][89.184s][gc,load     ] GC(4774) Load: 0.00/0.00/0.00
[2024-07-25T19:05:20.815+0800][89.184s][gc,mmu      ] GC(4774) MMU: 2ms/88.2%, 5ms/95.3%, 10ms/97.6%, 20ms/98.8%, 50ms/99.4%, 100ms/99.6%
[2024-07-25T19:05:20.815+0800][89.184s][gc,marking  ] GC(4774) Mark: 1 stripe(s), 1 proactive flush(es), 1 terminate flush(es), 0 completion(s), 0 continuation(s) 
[2024-07-25T19:05:20.815+0800][89.184s][gc,marking  ] GC(4774) Mark Stack Usage: 32M
[2024-07-25T19:05:20.815+0800][89.184s][gc,nmethod  ] GC(4774) NMethods: 535 registered, 0 unregistered
[2024-07-25T19:05:20.815+0800][89.184s][gc,metaspace] GC(4774) Metaspace: 1M used, 1M committed, 1088M reserved
[2024-07-25T19:05:20.815+0800][89.184s][gc,ref      ] GC(4774) Soft: 46 encountered, 25 discovered, 0 enqueued
[2024-07-25T19:05:20.815+0800][89.184s][gc,ref      ] GC(4774) Weak: 131 encountered, 107 discovered, 0 enqueued
[2024-07-25T19:05:20.815+0800][89.184s][gc,ref      ] GC(4774) Final: 0 encountered, 0 discovered, 0 enqueued
[2024-07-25T19:05:20.815+0800][89.184s][gc,ref      ] GC(4774) Phantom: 184 encountered, 98 discovered, 0 enqueued
[2024-07-25T19:05:20.815+0800][89.184s][gc,reloc    ] GC(4774) Small Pages: 4 / 8M, Empty: 2M, Relocated: 0M, In-Place: 0
[2024-07-25T19:05:20.815+0800][89.184s][gc,reloc    ] GC(4774) Large Pages: 4 / 8M, Empty: 4M, Relocated: 0M, In-Place: 0
[2024-07-25T19:05:20.815+0800][89.185s][gc,reloc    ] GC(4774) Forwarding Usage: 0M
[2024-07-25T19:05:20.815+0800][89.185s][gc,heap     ] GC(4774) Min Capacity: 8M(50%)
[2024-07-25T19:05:20.815+0800][89.185s][gc,heap     ] GC(4774) Max Capacity: 16M(100%)
[2024-07-25T19:05:20.815+0800][89.185s][gc,heap     ] GC(4774) Soft Max Capacity: 16M(100%)
[2024-07-25T19:05:20.816+0800][89.185s][gc,heap     ] GC(4774)                Mark Start          Mark End        Relocate Start      Relocate End           High               Low         
[2024-07-25T19:05:20.816+0800][89.185s][gc,heap     ] GC(4774)  Capacity:       16M (100%)         16M (100%)         16M (100%)         16M (100%)         16M (100%)         16M (100%)   
[2024-07-25T19:05:20.816+0800][89.185s][gc,heap     ] GC(4774)      Free:        0M (0%)            0M (0%)            2M (12%)           2M (12%)           6M (38%)           0M (0%)     
[2024-07-25T19:05:20.816+0800][89.185s][gc,heap     ] GC(4774)      Used:       16M (100%)         16M (100%)         14M (88%)          14M (88%)          16M (100%)         10M (62%)    
[2024-07-25T19:05:20.816+0800][89.185s][gc,heap     ] GC(4774)      Live:         -                 8M (54%)           8M (54%)           8M (54%)            -                  -          
[2024-07-25T19:05:20.816+0800][89.185s][gc,heap     ] GC(4774) Allocated:         -                 0M (0%)            4M (25%)           4M (25%)            -                  -          
[2024-07-25T19:05:20.816+0800][89.185s][gc,heap     ] GC(4774)   Garbage:         -                 7M (46%)           1M (8%)            1M (8%)             -                  -          
[2024-07-25T19:05:20.816+0800][89.185s][gc,heap     ] GC(4774) Reclaimed:         -                  -                 6M (38%)           6M (38%)            -                  -          
[2024-07-25T19:05:20.816+0800][89.185s][gc          ] GC(4774) Garbage Collection (Allocation Stall) 16M(100%)->14M(88%)
[2024-07-25T19:05:20.820+0800][89.189s][gc,start    ] GC(4775) Garbage Collection (Allocation Stall)
[2024-07-25T19:05:20.820+0800][89.189s][gc,ref      ] GC(4775) Clearing All SoftReferences
[2024-07-25T19:05:20.820+0800][89.189s][gc,task     ] GC(4775) Using 1 workers
[2024-07-25T19:05:20.820+0800][89.189s][gc,phases   ] GC(4775) Pause Mark Start 0.019ms
[2024-07-25T19:05:20.827+0800][89.196s][gc,phases   ] GC(4775) Concurrent Mark 6.806ms
[2024-07-25T19:05:20.827+0800][89.196s][gc,phases   ] GC(4775) Pause Mark End 0.011ms
[2024-07-25T19:05:20.827+0800][89.196s][gc,phases   ] GC(4775) Concurrent Mark Free 0.001ms
[2024-07-25T19:05:20.829+0800][89.198s][gc,phases   ] GC(4775) Concurrent Process Non-Strong References 1.698ms
[2024-07-25T19:05:20.829+0800][89.198s][gc,phases   ] GC(4775) Concurrent Reset Relocation Set 0.001ms
[2024-07-25T19:05:20.832+0800][89.201s][gc          ] Allocation Stall (main) 12.049ms
[2024-07-25T19:05:20.832+0800][89.201s][gc,phases   ] GC(4775) Concurrent Select Relocation Set 2.864ms
[2024-07-25T19:05:20.832+0800][89.201s][gc,phases   ] GC(4775) Pause Relocate Start 0.013ms
[2024-07-25T19:05:20.832+0800][89.201s][gc,phases   ] GC(4775) Concurrent Relocate 0.146ms
[2024-07-25T19:05:20.832+0800][89.201s][gc,load     ] GC(4775) Load: 0.00/0.00/0.00
[2024-07-25T19:05:20.832+0800][89.201s][gc,mmu      ] GC(4775) MMU: 2ms/88.2%, 5ms/95.3%, 10ms/97.6%, 20ms/98.8%, 50ms/99.4%, 100ms/99.6%
[2024-07-25T19:05:20.832+0800][89.201s][gc,marking  ] GC(4775) Mark: 1 stripe(s), 1 proactive flush(es), 1 terminate flush(es), 0 completion(s), 0 continuation(s) 
[2024-07-25T19:05:20.832+0800][89.201s][gc,marking  ] GC(4775) Mark Stack Usage: 32M
[2024-07-25T19:05:20.832+0800][89.201s][gc,nmethod  ] GC(4775) NMethods: 535 registered, 0 unregistered
[2024-07-25T19:05:20.832+0800][89.202s][gc,metaspace] GC(4775) Metaspace: 1M used, 1M committed, 1088M reserved
[2024-07-25T19:05:20.832+0800][89.202s][gc,ref      ] GC(4775) Soft: 46 encountered, 25 discovered, 0 enqueued
[2024-07-25T19:05:20.832+0800][89.202s][gc,ref      ] GC(4775) Weak: 131 encountered, 107 discovered, 0 enqueued
[2024-07-25T19:05:20.832+0800][89.202s][gc,ref      ] GC(4775) Final: 0 encountered, 0 discovered, 0 enqueued
[2024-07-25T19:05:20.832+0800][89.202s][gc,ref      ] GC(4775) Phantom: 184 encountered, 98 discovered, 0 enqueued
[2024-07-25T19:05:20.833+0800][89.202s][gc,reloc    ] GC(4775) Small Pages: 4 / 8M, Empty: 2M, Relocated: 0M, In-Place: 0
[2024-07-25T19:05:20.833+0800][89.202s][gc,reloc    ] GC(4775) Large Pages: 4 / 8M, Empty: 4M, Relocated: 0M, In-Place: 0
[2024-07-25T19:05:20.833+0800][89.202s][gc,reloc    ] GC(4775) Forwarding Usage: 0M
[2024-07-25T19:05:20.833+0800][89.202s][gc,heap     ] GC(4775) Min Capacity: 8M(50%)
[2024-07-25T19:05:20.833+0800][89.202s][gc,heap     ] GC(4775) Max Capacity: 16M(100%)
[2024-07-25T19:05:20.833+0800][89.202s][gc,heap     ] GC(4775) Soft Max Capacity: 16M(100%)
[2024-07-25T19:05:20.833+0800][89.202s][gc,heap     ] GC(4775)                Mark Start          Mark End        Relocate Start      Relocate End           High               Low         
[2024-07-25T19:05:20.833+0800][89.202s][gc,heap     ] GC(4775)  Capacity:       16M (100%)         16M (100%)         16M (100%)         16M (100%)         16M (100%)         16M (100%)   
[2024-07-25T19:05:20.833+0800][89.202s][gc,heap     ] GC(4775)      Free:        0M (0%)            0M (0%)            2M (12%)           2M (12%)           6M (38%)           0M (0%)     
[2024-07-25T19:05:20.833+0800][89.202s][gc,heap     ] GC(4775)      Used:       16M (100%)         16M (100%)         14M (88%)          14M (88%)          16M (100%)         10M (62%)    
[2024-07-25T19:05:20.833+0800][89.202s][gc,heap     ] GC(4775)      Live:         -                 8M (54%)           8M (54%)           8M (54%)            -                  -          
[2024-07-25T19:05:20.833+0800][89.202s][gc,heap     ] GC(4775) Allocated:         -                 0M (0%)            4M (25%)           4M (25%)            -                  -          
[2024-07-25T19:05:20.833+0800][89.202s][gc,heap     ] GC(4775)   Garbage:         -                 7M (46%)           1M (8%)            1M (8%)             -                  -          
[2024-07-25T19:05:20.833+0800][89.202s][gc,heap     ] GC(4775) Reclaimed:         -                  -                 6M (38%)           6M (38%)            -                  -          
[2024-07-25T19:05:20.833+0800][89.202s][gc          ] GC(4775) Garbage Collection (Allocation Stall) 16M(100%)->14M(88%)
[2024-07-25T19:05:20.837+0800][89.206s][gc,start    ] GC(4776) Garbage Collection (Allocation Stall)
[2024-07-25T19:05:20.837+0800][89.206s][gc,ref      ] GC(4776) Clearing All SoftReferences
[2024-07-25T19:05:20.837+0800][89.206s][gc,task     ] GC(4776) Using 1 workers
[2024-07-25T19:05:20.837+0800][89.206s][gc,phases   ] GC(4776) Pause Mark Start 0.007ms
[2024-07-25T19:05:20.844+0800][89.213s][gc,phases   ] GC(4776) Concurrent Mark 7.228ms
[2024-07-25T19:05:20.844+0800][89.213s][gc,phases   ] GC(4776) Pause Mark End 0.011ms
[2024-07-25T19:05:20.844+0800][89.214s][gc,phases   ] GC(4776) Concurrent Mark Free 0.001ms
[2024-07-25T19:05:20.847+0800][89.216s][gc,phases   ] GC(4776) Concurrent Process Non-Strong References 2.189ms
[2024-07-25T19:05:20.847+0800][89.216s][gc,phases   ] GC(4776) Concurrent Reset Relocation Set 0.001ms
[2024-07-25T19:05:20.849+0800][89.218s][gc          ] Allocation Stall (main) 12.293ms
[2024-07-25T19:05:20.849+0800][89.218s][gc,phases   ] GC(4776) Concurrent Select Relocation Set 2.141ms
[2024-07-25T19:05:20.849+0800][89.218s][gc,phases   ] GC(4776) Pause Relocate Start 0.011ms
[2024-07-25T19:05:20.850+0800][89.219s][gc,phases   ] GC(4776) Concurrent Relocate 0.147ms
[2024-07-25T19:05:20.850+0800][89.219s][gc,load     ] GC(4776) Load: 0.00/0.00/0.00
[2024-07-25T19:05:20.850+0800][89.219s][gc,mmu      ] GC(4776) MMU: 2ms/88.2%, 5ms/95.3%, 10ms/97.6%, 20ms/98.8%, 50ms/99.4%, 100ms/99.6%
[2024-07-25T19:05:20.850+0800][89.219s][gc,marking  ] GC(4776) Mark: 1 stripe(s), 1 proactive flush(es), 1 terminate flush(es), 0 completion(s), 0 continuation(s) 
[2024-07-25T19:05:20.850+0800][89.219s][gc,marking  ] GC(4776) Mark Stack Usage: 32M
[2024-07-25T19:05:20.850+0800][89.219s][gc,nmethod  ] GC(4776) NMethods: 535 registered, 0 unregistered
[2024-07-25T19:05:20.850+0800][89.219s][gc,metaspace] GC(4776) Metaspace: 1M used, 1M committed, 1088M reserved
[2024-07-25T19:05:20.850+0800][89.219s][gc,ref      ] GC(4776) Soft: 46 encountered, 25 discovered, 0 enqueued
[2024-07-25T19:05:20.850+0800][89.219s][gc,ref      ] GC(4776) Weak: 131 encountered, 107 discovered, 0 enqueued
[2024-07-25T19:05:20.850+0800][89.219s][gc,ref      ] GC(4776) Final: 0 encountered, 0 discovered, 0 enqueued
[2024-07-25T19:05:20.850+0800][89.219s][gc,ref      ] GC(4776) Phantom: 184 encountered, 98 discovered, 0 enqueued
[2024-07-25T19:05:20.850+0800][89.219s][gc,reloc    ] GC(4776) Small Pages: 4 / 8M, Empty: 2M, Relocated: 0M, In-Place: 0
[2024-07-25T19:05:20.850+0800][89.219s][gc,reloc    ] GC(4776) Large Pages: 4 / 8M, Empty: 4M, Relocated: 0M, In-Place: 0
[2024-07-25T19:05:20.850+0800][89.219s][gc,reloc    ] GC(4776) Forwarding Usage: 0M
[2024-07-25T19:05:20.850+0800][89.219s][gc,heap     ] GC(4776) Min Capacity: 8M(50%)
[2024-07-25T19:05:20.850+0800][89.219s][gc,heap     ] GC(4776) Max Capacity: 16M(100%)
[2024-07-25T19:05:20.850+0800][89.219s][gc,heap     ] GC(4776) Soft Max Capacity: 16M(100%)
[2024-07-25T19:05:20.850+0800][89.219s][gc,heap     ] GC(4776)                Mark Start          Mark End        Relocate Start      Relocate End           High               Low         
[2024-07-25T19:05:20.850+0800][89.219s][gc,heap     ] GC(4776)  Capacity:       16M (100%)         16M (100%)         16M (100%)         16M (100%)         16M (100%)         16M (100%)   
[2024-07-25T19:05:20.850+0800][89.219s][gc,heap     ] GC(4776)      Free:        0M (0%)            0M (0%)            4M (25%)           2M (12%)           6M (38%)           0M (0%)     
[2024-07-25T19:05:20.850+0800][89.219s][gc,heap     ] GC(4776)      Used:       16M (100%)         16M (100%)         12M (75%)          14M (88%)          16M (100%)         10M (62%)    
[2024-07-25T19:05:20.850+0800][89.219s][gc,heap     ] GC(4776)      Live:         -                 8M (54%)           8M (54%)           8M (54%)            -                  -          
[2024-07-25T19:05:20.850+0800][89.219s][gc,heap     ] GC(4776) Allocated:         -                 0M (0%)            2M (12%)           4M (25%)            -                  -          
[2024-07-25T19:05:20.850+0800][89.219s][gc,heap     ] GC(4776)   Garbage:         -                 7M (46%)           1M (8%)            1M (8%)             -                  -          
[2024-07-25T19:05:20.850+0800][89.219s][gc,heap     ] GC(4776) Reclaimed:         -                  -                 6M (38%)           6M (38%)            -                  -          
[2024-07-25T19:05:20.850+0800][89.219s][gc          ] GC(4776) Garbage Collection (Allocation Stall) 16M(100%)->14M(88%)
[2024-07-25T19:05:20.856+0800][89.225s][gc,start    ] GC(4777) Garbage Collection (Allocation Stall)
[2024-07-25T19:05:20.856+0800][89.225s][gc,ref      ] GC(4777) Clearing All SoftReferences
[2024-07-25T19:05:20.856+0800][89.225s][gc,task     ] GC(4777) Using 1 workers
[2024-07-25T19:05:20.856+0800][89.225s][gc,phases   ] GC(4777) Pause Mark Start 0.015ms
[2024-07-25T19:05:20.863+0800][89.232s][gc,phases   ] GC(4777) Concurrent Mark 6.582ms
[2024-07-25T19:05:20.863+0800][89.232s][gc,phases   ] GC(4777) Pause Mark End 0.011ms
[2024-07-25T19:05:20.863+0800][89.232s][gc,phases   ] GC(4777) Concurrent Mark Free 0.003ms
[2024-07-25T19:05:20.865+0800][89.234s][gc,phases   ] GC(4777) Concurrent Process Non-Strong References 1.538ms
[2024-07-25T19:05:20.865+0800][89.234s][gc,phases   ] GC(4777) Concurrent Reset Relocation Set 0.001ms
[2024-07-25T19:05:20.868+0800][89.237s][gc          ] Allocation Stall (main) 12.184ms
[2024-07-25T19:05:20.868+0800][89.237s][gc,phases   ] GC(4777) Concurrent Select Relocation Set 3.061ms
[2024-07-25T19:05:20.868+0800][89.238s][gc,phases   ] GC(4777) Pause Relocate Start 0.010ms
[2024-07-25T19:05:20.868+0800][89.238s][gc,phases   ] GC(4777) Concurrent Relocate 0.040ms
[2024-07-25T19:05:20.869+0800][89.238s][gc,load     ] GC(4777) Load: 0.00/0.00/0.00
[2024-07-25T19:05:20.869+0800][89.238s][gc,mmu      ] GC(4777) MMU: 2ms/88.2%, 5ms/95.3%, 10ms/97.6%, 20ms/98.8%, 50ms/99.4%, 100ms/99.6%
[2024-07-25T19:05:20.869+0800][89.238s][gc,marking  ] GC(4777) Mark: 1 stripe(s), 1 proactive flush(es), 1 terminate flush(es), 0 completion(s), 0 continuation(s) 
[2024-07-25T19:05:20.869+0800][89.238s][gc,marking  ] GC(4777) Mark Stack Usage: 32M
[2024-07-25T19:05:20.869+0800][89.238s][gc,nmethod  ] GC(4777) NMethods: 535 registered, 0 unregistered
[2024-07-25T19:05:20.869+0800][89.238s][gc,metaspace] GC(4777) Metaspace: 1M used, 1M committed, 1088M reserved
[2024-07-25T19:05:20.869+0800][89.238s][gc,ref      ] GC(4777) Soft: 46 encountered, 25 discovered, 0 enqueued
[2024-07-25T19:05:20.869+0800][89.238s][gc,ref      ] GC(4777) Weak: 131 encountered, 107 discovered, 0 enqueued
[2024-07-25T19:05:20.869+0800][89.238s][gc,ref      ] GC(4777) Final: 0 encountered, 0 discovered, 0 enqueued
[2024-07-25T19:05:20.869+0800][89.238s][gc,ref      ] GC(4777) Phantom: 184 encountered, 98 discovered, 0 enqueued
[2024-07-25T19:05:20.869+0800][89.238s][gc,reloc    ] GC(4777) Small Pages: 4 / 8M, Empty: 2M, Relocated: 0M, In-Place: 0
[2024-07-25T19:05:20.869+0800][89.238s][gc,reloc    ] GC(4777) Large Pages: 4 / 8M, Empty: 4M, Relocated: 0M, In-Place: 0
[2024-07-25T19:05:20.869+0800][89.238s][gc,reloc    ] GC(4777) Forwarding Usage: 0M
[2024-07-25T19:05:20.869+0800][89.238s][gc,heap     ] GC(4777) Min Capacity: 8M(50%)
[2024-07-25T19:05:20.869+0800][89.238s][gc,heap     ] GC(4777) Max Capacity: 16M(100%)
[2024-07-25T19:05:20.869+0800][89.238s][gc,heap     ] GC(4777) Soft Max Capacity: 16M(100%)
[2024-07-25T19:05:20.869+0800][89.238s][gc,heap     ] GC(4777)                Mark Start          Mark End        Relocate Start      Relocate End           High               Low         
[2024-07-25T19:05:20.869+0800][89.238s][gc,heap     ] GC(4777)  Capacity:       16M (100%)         16M (100%)         16M (100%)         16M (100%)         16M (100%)         16M (100%)   
[2024-07-25T19:05:20.869+0800][89.238s][gc,heap     ] GC(4777)      Free:        0M (0%)            0M (0%)            4M (25%)           4M (25%)           6M (38%)           0M (0%)     
[2024-07-25T19:05:20.869+0800][89.238s][gc,heap     ] GC(4777)      Used:       16M (100%)         16M (100%)         12M (75%)          12M (75%)          16M (100%)         10M (62%)    
[2024-07-25T19:05:20.869+0800][89.238s][gc,heap     ] GC(4777)      Live:         -                 8M (54%)           8M (54%)           8M (54%)            -                  -          
[2024-07-25T19:05:20.869+0800][89.238s][gc,heap     ] GC(4777) Allocated:         -                 0M (0%)            2M (12%)           2M (12%)            -                  -          
[2024-07-25T19:05:20.869+0800][89.238s][gc,heap     ] GC(4777)   Garbage:         -                 7M (46%)           1M (8%)            1M (8%)             -                  -          
[2024-07-25T19:05:20.869+0800][89.238s][gc,heap     ] GC(4777) Reclaimed:         -                  -                 6M (38%)           6M (38%)            -                  -          
[2024-07-25T19:05:20.869+0800][89.238s][gc          ] GC(4777) Garbage Collection (Allocation Stall) 16M(100%)->12M(75%)
[2024-07-25T19:05:20.873+0800][89.242s][gc,start    ] GC(4778) Garbage Collection (Allocation Stall)
[2024-07-25T19:05:20.873+0800][89.242s][gc,ref      ] GC(4778) Clearing All SoftReferences
[2024-07-25T19:05:20.873+0800][89.242s][gc,task     ] GC(4778) Using 1 workers
[2024-07-25T19:05:20.873+0800][89.242s][gc,phases   ] GC(4778) Pause Mark Start 0.009ms
[2024-07-25T19:05:20.880+0800][89.249s][gc,phases   ] GC(4778) Concurrent Mark 6.661ms
[2024-07-25T19:05:20.880+0800][89.249s][gc,phases   ] GC(4778) Pause Mark End 0.012ms
[2024-07-25T19:05:20.880+0800][89.249s][gc,phases   ] GC(4778) Concurrent Mark Free 0.001ms
[2024-07-25T19:05:20.882+0800][89.251s][gc,phases   ] GC(4778) Concurrent Process Non-Strong References 1.905ms
[2024-07-25T19:05:20.882+0800][89.251s][gc,phases   ] GC(4778) Concurrent Reset Relocation Set 0.001ms
[2024-07-25T19:05:20.885+0800][89.254s][gc          ] Allocation Stall (main) 12.466ms
[2024-07-25T19:05:20.885+0800][89.254s][gc,phases   ] GC(4778) Concurrent Select Relocation Set 3.012ms
[2024-07-25T19:05:20.885+0800][89.255s][gc,phases   ] GC(4778) Pause Relocate Start 0.009ms
[2024-07-25T19:05:20.886+0800][89.255s][gc,phases   ] GC(4778) Concurrent Relocate 0.110ms
[2024-07-25T19:05:20.886+0800][89.255s][gc,load     ] GC(4778) Load: 0.00/0.00/0.00
[2024-07-25T19:05:20.886+0800][89.255s][gc,mmu      ] GC(4778) MMU: 2ms/88.2%, 5ms/95.3%, 10ms/97.6%, 20ms/98.8%, 50ms/99.4%, 100ms/99.6%
[2024-07-25T19:05:20.886+0800][89.255s][gc,marking  ] GC(4778) Mark: 1 stripe(s), 1 proactive flush(es), 1 terminate flush(es), 0 completion(s), 0 continuation(s) 
[2024-07-25T19:05:20.886+0800][89.255s][gc,marking  ] GC(4778) Mark Stack Usage: 32M
[2024-07-25T19:05:20.886+0800][89.255s][gc,nmethod  ] GC(4778) NMethods: 535 registered, 0 unregistered
[2024-07-25T19:05:20.886+0800][89.255s][gc,metaspace] GC(4778) Metaspace: 1M used, 1M committed, 1088M reserved
[2024-07-25T19:05:20.886+0800][89.255s][gc,ref      ] GC(4778) Soft: 46 encountered, 25 discovered, 0 enqueued
[2024-07-25T19:05:20.886+0800][89.255s][gc,ref      ] GC(4778) Weak: 131 encountered, 107 discovered, 0 enqueued
[2024-07-25T19:05:20.886+0800][89.255s][gc,ref      ] GC(4778) Final: 0 encountered, 0 discovered, 0 enqueued
[2024-07-25T19:05:20.886+0800][89.255s][gc,ref      ] GC(4778) Phantom: 184 encountered, 98 discovered, 0 enqueued
[2024-07-25T19:05:20.886+0800][89.255s][gc,reloc    ] GC(4778) Small Pages: 4 / 8M, Empty: 2M, Relocated: 0M, In-Place: 0
[2024-07-25T19:05:20.886+0800][89.255s][gc,reloc    ] GC(4778) Large Pages: 4 / 8M, Empty: 4M, Relocated: 0M, In-Place: 0
[2024-07-25T19:05:20.886+0800][89.255s][gc,reloc    ] GC(4778) Forwarding Usage: 0M
[2024-07-25T19:05:20.886+0800][89.255s][gc,heap     ] GC(4778) Min Capacity: 8M(50%)
[2024-07-25T19:05:20.886+0800][89.255s][gc,heap     ] GC(4778) Max Capacity: 16M(100%)
[2024-07-25T19:05:20.886+0800][89.255s][gc,heap     ] GC(4778) Soft Max Capacity: 16M(100%)
[2024-07-25T19:05:20.886+0800][89.255s][gc,heap     ] GC(4778)                Mark Start          Mark End        Relocate Start      Relocate End           High               Low         
[2024-07-25T19:05:20.886+0800][89.255s][gc,heap     ] GC(4778)  Capacity:       16M (100%)         16M (100%)         16M (100%)         16M (100%)         16M (100%)         16M (100%)   
[2024-07-25T19:05:20.886+0800][89.255s][gc,heap     ] GC(4778)      Free:        0M (0%)            0M (0%)            2M (12%)           2M (12%)           6M (38%)           0M (0%)     
[2024-07-25T19:05:20.886+0800][89.256s][gc,heap     ] GC(4778)      Used:       16M (100%)         16M (100%)         14M (88%)          14M (88%)          16M (100%)         10M (62%)    
[2024-07-25T19:05:20.886+0800][89.256s][gc,heap     ] GC(4778)      Live:         -                 8M (54%)           8M (54%)           8M (54%)            -                  -          
[2024-07-25T19:05:20.886+0800][89.256s][gc,heap     ] GC(4778) Allocated:         -                 0M (0%)            4M (25%)           4M (25%)            -                  -          
[2024-07-25T19:05:20.886+0800][89.256s][gc,heap     ] GC(4778)   Garbage:         -                 7M (46%)           1M (8%)            1M (8%)             -                  -          
[2024-07-25T19:05:20.886+0800][89.256s][gc,heap     ] GC(4778) Reclaimed:         -                  -                 6M (38%)           6M (38%)            -                  -          
[2024-07-25T19:05:20.886+0800][89.256s][gc          ] GC(4778) Garbage Collection (Allocation Stall) 16M(100%)->14M(88%)
[2024-07-25T19:05:20.889+0800][89.258s][gc,start    ] GC(4779) Garbage Collection (Allocation Stall)
[2024-07-25T19:05:20.889+0800][89.258s][gc,ref      ] GC(4779) Clearing All SoftReferences
[2024-07-25T19:05:20.889+0800][89.258s][gc,task     ] GC(4779) Using 1 workers
[2024-07-25T19:05:20.889+0800][89.258s][gc,phases   ] GC(4779) Pause Mark Start 0.007ms
[2024-07-25T19:05:20.896+0800][89.265s][gc,phases   ] GC(4779) Concurrent Mark 6.768ms
[2024-07-25T19:05:20.896+0800][89.265s][gc,phases   ] GC(4779) Pause Mark End 0.011ms
[2024-07-25T19:05:20.896+0800][89.265s][gc,phases   ] GC(4779) Concurrent Mark Free 0.001ms
[2024-07-25T19:05:20.898+0800][89.267s][gc,phases   ] GC(4779) Concurrent Process Non-Strong References 1.716ms
[2024-07-25T19:05:20.898+0800][89.267s][gc,phases   ] GC(4779) Concurrent Reset Relocation Set 0.001ms
[2024-07-25T19:05:20.901+0800][89.270s][gc          ] Allocation Stall (main) 12.092ms
[2024-07-25T19:05:20.901+0800][89.270s][gc,phases   ] GC(4779) Concurrent Select Relocation Set 2.917ms
[2024-07-25T19:05:20.901+0800][89.270s][gc,phases   ] GC(4779) Pause Relocate Start 0.006ms
[2024-07-25T19:05:20.901+0800][89.270s][gc,phases   ] GC(4779) Concurrent Relocate 0.114ms
[2024-07-25T19:05:20.901+0800][89.271s][gc,load     ] GC(4779) Load: 0.00/0.00/0.00
[2024-07-25T19:05:20.901+0800][89.271s][gc,mmu      ] GC(4779) MMU: 2ms/88.2%, 5ms/95.3%, 10ms/97.6%, 20ms/98.8%, 50ms/99.4%, 100ms/99.6%
[2024-07-25T19:05:20.901+0800][89.271s][gc,marking  ] GC(4779) Mark: 1 stripe(s), 1 proactive flush(es), 1 terminate flush(es), 0 completion(s), 0 continuation(s) 
[2024-07-25T19:05:20.901+0800][89.271s][gc,marking  ] GC(4779) Mark Stack Usage: 32M
[2024-07-25T19:05:20.901+0800][89.271s][gc,nmethod  ] GC(4779) NMethods: 535 registered, 0 unregistered
[2024-07-25T19:05:20.901+0800][89.271s][gc,metaspace] GC(4779) Metaspace: 1M used, 1M committed, 1088M reserved
[2024-07-25T19:05:20.901+0800][89.271s][gc,ref      ] GC(4779) Soft: 46 encountered, 25 discovered, 0 enqueued
[2024-07-25T19:05:20.901+0800][89.271s][gc,ref      ] GC(4779) Weak: 131 encountered, 107 discovered, 0 enqueued
[2024-07-25T19:05:20.901+0800][89.271s][gc,ref      ] GC(4779) Final: 0 encountered, 0 discovered, 0 enqueued
[2024-07-25T19:05:20.901+0800][89.271s][gc,ref      ] GC(4779) Phantom: 184 encountered, 98 discovered, 0 enqueued
[2024-07-25T19:05:20.901+0800][89.271s][gc,reloc    ] GC(4779) Small Pages: 4 / 8M, Empty: 2M, Relocated: 0M, In-Place: 0
[2024-07-25T19:05:20.901+0800][89.271s][gc,reloc    ] GC(4779) Large Pages: 4 / 8M, Empty: 4M, Relocated: 0M, In-Place: 0
[2024-07-25T19:05:20.901+0800][89.271s][gc,reloc    ] GC(4779) Forwarding Usage: 0M
[2024-07-25T19:05:20.901+0800][89.271s][gc,heap     ] GC(4779) Min Capacity: 8M(50%)
[2024-07-25T19:05:20.901+0800][89.271s][gc,heap     ] GC(4779) Max Capacity: 16M(100%)
[2024-07-25T19:05:20.902+0800][89.271s][gc,heap     ] GC(4779) Soft Max Capacity: 16M(100%)
[2024-07-25T19:05:20.902+0800][89.271s][gc,heap     ] GC(4779)                Mark Start          Mark End        Relocate Start      Relocate End           High               Low         
[2024-07-25T19:05:20.902+0800][89.271s][gc,heap     ] GC(4779)  Capacity:       16M (100%)         16M (100%)         16M (100%)         16M (100%)         16M (100%)         16M (100%)   
[2024-07-25T19:05:20.902+0800][89.271s][gc,heap     ] GC(4779)      Free:        0M (0%)            0M (0%)            2M (12%)           2M (12%)           6M (38%)           0M (0%)     
[2024-07-25T19:05:20.902+0800][89.271s][gc,heap     ] GC(4779)      Used:       16M (100%)         16M (100%)         14M (88%)          14M (88%)          16M (100%)         10M (62%)    
[2024-07-25T19:05:20.902+0800][89.271s][gc,heap     ] GC(4779)      Live:         -                 8M (54%)           8M (54%)           8M (54%)            -                  -          
[2024-07-25T19:05:20.902+0800][89.271s][gc,heap     ] GC(4779) Allocated:         -                 0M (0%)            4M (25%)           4M (25%)            -                  -          
[2024-07-25T19:05:20.902+0800][89.271s][gc,heap     ] GC(4779)   Garbage:         -                 7M (46%)           1M (8%)            1M (8%)             -                  -          
[2024-07-25T19:05:20.902+0800][89.271s][gc,heap     ] GC(4779) Reclaimed:         -                  -                 6M (38%)           6M (38%)            -                  -          
[2024-07-25T19:05:20.902+0800][89.271s][gc          ] GC(4779) Garbage Collection (Allocation Stall) 16M(100%)->14M(88%)
[2024-07-25T19:05:20.905+0800][89.274s][gc,start    ] GC(4780) Garbage Collection (Allocation Stall)
[2024-07-25T19:05:20.905+0800][89.274s][gc,ref      ] GC(4780) Clearing All SoftReferences
[2024-07-25T19:05:20.905+0800][89.274s][gc,task     ] GC(4780) Using 1 workers
[2024-07-25T19:05:20.905+0800][89.275s][gc,phases   ] GC(4780) Pause Mark Start 0.011ms
[2024-07-25T19:05:20.913+0800][89.283s][gc,phases   ] GC(4780) Concurrent Mark 7.804ms
[2024-07-25T19:05:20.913+0800][89.283s][gc,phases   ] GC(4780) Pause Mark End 0.014ms
[2024-07-25T19:05:20.914+0800][89.283s][gc,phases   ] GC(4780) Concurrent Mark Free 0.002ms
[2024-07-25T19:05:20.916+0800][89.285s][gc,phases   ] GC(4780) Concurrent Process Non-Strong References 2.109ms
[2024-07-25T19:05:20.916+0800][89.285s][gc,phases   ] GC(4780) Concurrent Reset Relocation Set 0.001ms
[2024-07-25T19:05:20.920+0800][89.289s][gc          ] Allocation Stall (main) 14.694ms
[2024-07-25T19:05:20.920+0800][89.289s][gc,phases   ] GC(4780) Concurrent Select Relocation Set 3.701ms
[2024-07-25T19:05:20.920+0800][89.289s][gc,phases   ] GC(4780) Pause Relocate Start 0.009ms
[2024-07-25T19:05:20.920+0800][89.289s][gc,phases   ] GC(4780) Concurrent Relocate 0.110ms
[2024-07-25T19:05:20.920+0800][89.290s][gc,load     ] GC(4780) Load: 0.00/0.00/0.00
[2024-07-25T19:05:20.920+0800][89.290s][gc,mmu      ] GC(4780) MMU: 2ms/88.2%, 5ms/95.3%, 10ms/97.6%, 20ms/98.8%, 50ms/99.4%, 100ms/99.6%
[2024-07-25T19:05:20.920+0800][89.290s][gc,marking  ] GC(4780) Mark: 1 stripe(s), 1 proactive flush(es), 1 terminate flush(es), 0 completion(s), 0 continuation(s) 
[2024-07-25T19:05:20.920+0800][89.290s][gc,marking  ] GC(4780) Mark Stack Usage: 32M
[2024-07-25T19:05:20.920+0800][89.290s][gc,nmethod  ] GC(4780) NMethods: 535 registered, 0 unregistered
[2024-07-25T19:05:20.920+0800][89.290s][gc,metaspace] GC(4780) Metaspace: 1M used, 1M committed, 1088M reserved
[2024-07-25T19:05:20.920+0800][89.290s][gc,ref      ] GC(4780) Soft: 46 encountered, 25 discovered, 0 enqueued
[2024-07-25T19:05:20.920+0800][89.290s][gc,ref      ] GC(4780) Weak: 131 encountered, 107 discovered, 0 enqueued
[2024-07-25T19:05:20.920+0800][89.290s][gc,ref      ] GC(4780) Final: 0 encountered, 0 discovered, 0 enqueued
[2024-07-25T19:05:20.920+0800][89.290s][gc,ref      ] GC(4780) Phantom: 184 encountered, 98 discovered, 0 enqueued
[2024-07-25T19:05:20.920+0800][89.290s][gc,reloc    ] GC(4780) Small Pages: 4 / 8M, Empty: 2M, Relocated: 0M, In-Place: 0
[2024-07-25T19:05:20.921+0800][89.290s][gc,reloc    ] GC(4780) Large Pages: 4 / 8M, Empty: 4M, Relocated: 0M, In-Place: 0
[2024-07-25T19:05:20.921+0800][89.290s][gc,reloc    ] GC(4780) Forwarding Usage: 0M
[2024-07-25T19:05:20.921+0800][89.290s][gc,heap     ] GC(4780) Min Capacity: 8M(50%)
[2024-07-25T19:05:20.921+0800][89.290s][gc,heap     ] GC(4780) Max Capacity: 16M(100%)
[2024-07-25T19:05:20.921+0800][89.290s][gc,heap     ] GC(4780) Soft Max Capacity: 16M(100%)
[2024-07-25T19:05:20.921+0800][89.290s][gc,heap     ] GC(4780)                Mark Start          Mark End        Relocate Start      Relocate End           High               Low         
[2024-07-25T19:05:20.921+0800][89.290s][gc,heap     ] GC(4780)  Capacity:       16M (100%)         16M (100%)         16M (100%)         16M (100%)         16M (100%)         16M (100%)   
[2024-07-25T19:05:20.921+0800][89.290s][gc,heap     ] GC(4780)      Free:        0M (0%)            0M (0%)            2M (12%)           2M (12%)           6M (38%)           0M (0%)     
[2024-07-25T19:05:20.921+0800][89.290s][gc,heap     ] GC(4780)      Used:       16M (100%)         16M (100%)         14M (88%)          14M (88%)          16M (100%)         10M (62%)    
[2024-07-25T19:05:20.921+0800][89.290s][gc,heap     ] GC(4780)      Live:         -                 8M (54%)           8M (54%)           8M (54%)            -                  -          
[2024-07-25T19:05:20.921+0800][89.290s][gc,heap     ] GC(4780) Allocated:         -                 0M (0%)            4M (25%)           4M (25%)            -                  -          
[2024-07-25T19:05:20.921+0800][89.290s][gc,heap     ] GC(4780)   Garbage:         -                 7M (46%)           1M (8%)            1M (8%)             -                  -          
[2024-07-25T19:05:20.921+0800][89.290s][gc,heap     ] GC(4780) Reclaimed:         -                  -                 6M (38%)           6M (38%)            -                  -          
[2024-07-25T19:05:20.921+0800][89.290s][gc          ] GC(4780) Garbage Collection (Allocation Stall) 16M(100%)->14M(88%)
[2024-07-25T19:05:20.922+0800][89.291s][gc,start    ] GC(4781) Garbage Collection (Allocation Rate)
[2024-07-25T19:05:20.922+0800][89.291s][gc,task     ] GC(4781) Using 1 workers
[2024-07-25T19:05:20.922+0800][89.292s][gc,phases   ] GC(4781) Pause Mark Start 0.018ms
[2024-07-25T19:05:20.931+0800][89.300s][gc,phases   ] GC(4781) Concurrent Mark 7.682ms
[2024-07-25T19:05:20.931+0800][89.300s][gc,phases   ] GC(4781) Pause Mark End 0.028ms
[2024-07-25T19:05:20.931+0800][89.300s][gc,phases   ] GC(4781) Concurrent Mark Free 0.001ms
[2024-07-25T19:05:20.933+0800][89.302s][gc,phases   ] GC(4781) Concurrent Process Non-Strong References 2.224ms
[2024-07-25T19:05:20.933+0800][89.302s][gc,phases   ] GC(4781) Concurrent Reset Relocation Set 0.001ms
[2024-07-25T19:05:20.937+0800][89.306s][gc          ] Allocation Stall (main) 12.804ms
[2024-07-25T19:05:20.937+0800][89.306s][gc,phases   ] GC(4781) Concurrent Select Relocation Set 3.518ms
[2024-07-25T19:05:20.937+0800][89.306s][gc,phases   ] GC(4781) Pause Relocate Start 0.009ms
[2024-07-25T19:05:20.940+0800][89.309s][gc          ] Allocation Stall (main) 0.913ms
[2024-07-25T19:05:20.940+0800][89.309s][gc,phases   ] GC(4781) Concurrent Relocate 2.195ms
[2024-07-25T19:05:20.940+0800][89.309s][gc,load     ] GC(4781) Load: 0.00/0.00/0.00
[2024-07-25T19:05:20.940+0800][89.309s][gc,mmu      ] GC(4781) MMU: 2ms/88.2%, 5ms/95.3%, 10ms/97.6%, 20ms/98.8%, 50ms/99.4%, 100ms/99.6%
[2024-07-25T19:05:20.940+0800][89.309s][gc,marking  ] GC(4781) Mark: 1 stripe(s), 1 proactive flush(es), 1 terminate flush(es), 0 completion(s), 0 continuation(s) 
[2024-07-25T19:05:20.940+0800][89.309s][gc,marking  ] GC(4781) Mark Stack Usage: 32M
[2024-07-25T19:05:20.940+0800][89.309s][gc,nmethod  ] GC(4781) NMethods: 535 registered, 0 unregistered
[2024-07-25T19:05:20.940+0800][89.309s][gc,metaspace] GC(4781) Metaspace: 1M used, 1M committed, 1088M reserved
[2024-07-25T19:05:20.940+0800][89.309s][gc,ref      ] GC(4781) Soft: 46 encountered, 25 discovered, 0 enqueued
[2024-07-25T19:05:20.940+0800][89.309s][gc,ref      ] GC(4781) Weak: 131 encountered, 107 discovered, 0 enqueued
[2024-07-25T19:05:20.940+0800][89.309s][gc,ref      ] GC(4781) Final: 0 encountered, 0 discovered, 0 enqueued
[2024-07-25T19:05:20.940+0800][89.309s][gc,ref      ] GC(4781) Phantom: 184 encountered, 98 discovered, 0 enqueued
[2024-07-25T19:05:20.940+0800][89.309s][gc,reloc    ] GC(4781) Small Pages: 4 / 8M, Empty: 0M, Relocated: 1M, In-Place: 1
[2024-07-25T19:05:20.940+0800][89.309s][gc,reloc    ] GC(4781) Large Pages: 4 / 8M, Empty: 4M, Relocated: 0M, In-Place: 0
[2024-07-25T19:05:20.940+0800][89.309s][gc,reloc    ] GC(4781) Forwarding Usage: 0M
[2024-07-25T19:05:20.940+0800][89.309s][gc,heap     ] GC(4781) Min Capacity: 8M(50%)
[2024-07-25T19:05:20.940+0800][89.309s][gc,heap     ] GC(4781) Max Capacity: 16M(100%)
[2024-07-25T19:05:20.940+0800][89.309s][gc,heap     ] GC(4781) Soft Max Capacity: 16M(100%)
[2024-07-25T19:05:20.940+0800][89.309s][gc,heap     ] GC(4781)                Mark Start          Mark End        Relocate Start      Relocate End           High               Low         
[2024-07-25T19:05:20.940+0800][89.309s][gc,heap     ] GC(4781)  Capacity:       16M (100%)         16M (100%)         16M (100%)         16M (100%)         16M (100%)         16M (100%)   
[2024-07-25T19:05:20.940+0800][89.309s][gc,heap     ] GC(4781)      Free:        0M (0%)            0M (0%)            0M (0%)            0M (0%)            4M (25%)           0M (0%)     
[2024-07-25T19:05:20.941+0800][89.310s][gc,heap     ] GC(4781)      Used:       16M (100%)         16M (100%)         16M (100%)         16M (100%)         16M (100%)         12M (75%)    
[2024-07-25T19:05:20.941+0800][89.310s][gc,heap     ] GC(4781)      Live:         -                 8M (54%)           8M (54%)           8M (54%)            -                  -          
[2024-07-25T19:05:20.941+0800][89.310s][gc,heap     ] GC(4781) Allocated:         -                 0M (0%)            4M (25%)           5M (37%)            -                  -          
[2024-07-25T19:05:20.941+0800][89.310s][gc,heap     ] GC(4781)   Garbage:         -                 7M (46%)           3M (21%)           1M (8%)             -                  -          
[2024-07-25T19:05:20.941+0800][89.310s][gc,heap     ] GC(4781) Reclaimed:         -                  -                 4M (25%)           5M (37%)            -                  -          
[2024-07-25T19:05:20.941+0800][89.310s][gc          ] GC(4781) Garbage Collection (Allocation Rate) 16M(100%)->16M(100%)
[2024-07-25T19:05:20.945+0800][89.314s][gc,start    ] GC(4782) Garbage Collection (Allocation Stall)
[2024-07-25T19:05:20.945+0800][89.314s][gc,ref      ] GC(4782) Clearing All SoftReferences
[2024-07-25T19:05:20.945+0800][89.314s][gc,task     ] GC(4782) Using 1 workers
[2024-07-25T19:05:20.945+0800][89.314s][gc,phases   ] GC(4782) Pause Mark Start 0.011ms
[2024-07-25T19:05:20.956+0800][89.325s][gc,phases   ] GC(4782) Concurrent Mark 11.017ms
[2024-07-25T19:05:20.957+0800][89.326s][gc,phases   ] GC(4782) Pause Mark End 0.025ms
[2024-07-25T19:05:20.957+0800][89.326s][gc,phases   ] GC(4782) Concurrent Mark Free 0.001ms
[2024-07-25T19:05:20.959+0800][89.328s][gc,phases   ] GC(4782) Concurrent Process Non-Strong References 2.272ms
[2024-07-25T19:05:20.959+0800][89.328s][gc,phases   ] GC(4782) Concurrent Reset Relocation Set 0.001ms
[2024-07-25T19:05:20.962+0800][89.331s][gc          ] Allocation Stall (main) 17.159ms
[2024-07-25T19:05:20.962+0800][89.331s][gc,phases   ] GC(4782) Concurrent Select Relocation Set 3.042ms
[2024-07-25T19:05:20.962+0800][89.331s][gc,phases   ] GC(4782) Pause Relocate Start 0.007ms
[2024-07-25T19:05:20.964+0800][89.333s][gc          ] Allocation Stall (main) 0.440ms
[2024-07-25T19:05:20.964+0800][89.333s][gc,phases   ] GC(4782) Concurrent Relocate 1.895ms
[2024-07-25T19:05:20.964+0800][89.333s][gc,load     ] GC(4782) Load: 0.00/0.00/0.00
[2024-07-25T19:05:20.964+0800][89.333s][gc,mmu      ] GC(4782) MMU: 2ms/88.2%, 5ms/95.3%, 10ms/97.6%, 20ms/98.8%, 50ms/99.4%, 100ms/99.6%
[2024-07-25T19:05:20.964+0800][89.333s][gc,marking  ] GC(4782) Mark: 1 stripe(s), 1 proactive flush(es), 1 terminate flush(es), 0 completion(s), 0 continuation(s) 
[2024-07-25T19:05:20.965+0800][89.334s][gc,marking  ] GC(4782) Mark Stack Usage: 32M
[2024-07-25T19:05:20.965+0800][89.334s][gc,nmethod  ] GC(4782) NMethods: 535 registered, 0 unregistered
[2024-07-25T19:05:20.965+0800][89.334s][gc,metaspace] GC(4782) Metaspace: 1M used, 1M committed, 1088M reserved
[2024-07-25T19:05:20.965+0800][89.334s][gc,ref      ] GC(4782) Soft: 46 encountered, 25 discovered, 0 enqueued
[2024-07-25T19:05:20.965+0800][89.334s][gc,ref      ] GC(4782) Weak: 131 encountered, 107 discovered, 0 enqueued
[2024-07-25T19:05:20.965+0800][89.334s][gc,ref      ] GC(4782) Final: 0 encountered, 0 discovered, 0 enqueued
[2024-07-25T19:05:20.965+0800][89.334s][gc,ref      ] GC(4782) Phantom: 184 encountered, 98 discovered, 0 enqueued
[2024-07-25T19:05:20.965+0800][89.334s][gc,reloc    ] GC(4782) Small Pages: 4 / 8M, Empty: 0M, Relocated: 1M, In-Place: 1
[2024-07-25T19:05:20.965+0800][89.334s][gc,reloc    ] GC(4782) Large Pages: 4 / 8M, Empty: 4M, Relocated: 0M, In-Place: 0
[2024-07-25T19:05:20.965+0800][89.334s][gc,reloc    ] GC(4782) Forwarding Usage: 0M
[2024-07-25T19:05:20.965+0800][89.334s][gc,heap     ] GC(4782) Min Capacity: 8M(50%)
[2024-07-25T19:05:20.965+0800][89.334s][gc,heap     ] GC(4782) Max Capacity: 16M(100%)
[2024-07-25T19:05:20.965+0800][89.334s][gc,heap     ] GC(4782) Soft Max Capacity: 16M(100%)
[2024-07-25T19:05:20.965+0800][89.334s][gc,heap     ] GC(4782)                Mark Start          Mark End        Relocate Start      Relocate End           High               Low         
[2024-07-25T19:05:20.965+0800][89.334s][gc,heap     ] GC(4782)  Capacity:       16M (100%)         16M (100%)         16M (100%)         16M (100%)         16M (100%)         16M (100%)   
[2024-07-25T19:05:20.965+0800][89.334s][gc,heap     ] GC(4782)      Free:        0M (0%)            0M (0%)            0M (0%)            0M (0%)            4M (25%)           0M (0%)     
[2024-07-25T19:05:20.965+0800][89.334s][gc,heap     ] GC(4782)      Used:       16M (100%)         16M (100%)         16M (100%)         16M (100%)         16M (100%)         12M (75%)    
[2024-07-25T19:05:20.965+0800][89.334s][gc,heap     ] GC(4782)      Live:         -                 8M (54%)           8M (54%)           8M (54%)            -                  -          
[2024-07-25T19:05:20.965+0800][89.334s][gc,heap     ] GC(4782) Allocated:         -                 0M (0%)            4M (25%)           6M (38%)            -                  -          
[2024-07-25T19:05:20.965+0800][89.334s][gc,heap     ] GC(4782)   Garbage:         -                 7M (46%)           3M (21%)           1M (8%)             -                  -          
[2024-07-25T19:05:20.965+0800][89.334s][gc,heap     ] GC(4782) Reclaimed:         -                  -                 4M (25%)           6M (38%)            -                  -          
[2024-07-25T19:05:20.965+0800][89.334s][gc          ] GC(4782) Garbage Collection (Allocation Stall) 16M(100%)->16M(100%)
[2024-07-25T19:05:20.967+0800][89.336s][gc,start    ] GC(4783) Garbage Collection (Allocation Stall)
[2024-07-25T19:05:20.967+0800][89.336s][gc,ref      ] GC(4783) Clearing All SoftReferences
[2024-07-25T19:05:20.967+0800][89.336s][gc,task     ] GC(4783) Using 1 workers
[2024-07-25T19:05:20.967+0800][89.336s][gc,phases   ] GC(4783) Pause Mark Start 0.011ms
[2024-07-25T19:05:20.977+0800][89.346s][gc,phases   ] GC(4783) Concurrent Mark 9.983ms
[2024-07-25T19:05:20.977+0800][89.347s][gc,phases   ] GC(4783) Pause Mark End 0.012ms
[2024-07-25T19:05:20.978+0800][89.347s][gc,phases   ] GC(4783) Concurrent Mark Free 0.002ms
[2024-07-25T19:05:20.980+0800][89.349s][gc,phases   ] GC(4783) Concurrent Process Non-Strong References 2.502ms
[2024-07-25T19:05:20.980+0800][89.349s][gc,phases   ] GC(4783) Concurrent Reset Relocation Set 0.002ms
[2024-07-25T19:05:20.983+0800][89.352s][gc          ] Allocation Stall (main) 16.698ms
[2024-07-25T19:05:20.983+0800][89.353s][gc,phases   ] GC(4783) Concurrent Select Relocation Set 3.193ms
[2024-07-25T19:05:20.983+0800][89.353s][gc,phases   ] GC(4783) Pause Relocate Start 0.008ms
[2024-07-25T19:05:20.984+0800][89.353s][gc,phases   ] GC(4783) Concurrent Relocate 0.051ms
[2024-07-25T19:05:20.984+0800][89.353s][gc,load     ] GC(4783) Load: 0.00/0.00/0.00
[2024-07-25T19:05:20.984+0800][89.353s][gc,mmu      ] GC(4783) MMU: 2ms/88.2%, 5ms/95.3%, 10ms/97.6%, 20ms/98.8%, 50ms/99.4%, 100ms/99.6%
[2024-07-25T19:05:20.984+0800][89.353s][gc,marking  ] GC(4783) Mark: 1 stripe(s), 1 proactive flush(es), 1 terminate flush(es), 0 completion(s), 0 continuation(s) 
[2024-07-25T19:05:20.984+0800][89.353s][gc,marking  ] GC(4783) Mark Stack Usage: 32M
[2024-07-25T19:05:20.984+0800][89.353s][gc,nmethod  ] GC(4783) NMethods: 535 registered, 0 unregistered
[2024-07-25T19:05:20.984+0800][89.353s][gc,metaspace] GC(4783) Metaspace: 1M used, 1M committed, 1088M reserved
[2024-07-25T19:05:20.984+0800][89.353s][gc,ref      ] GC(4783) Soft: 46 encountered, 25 discovered, 0 enqueued
[2024-07-25T19:05:20.984+0800][89.353s][gc,ref      ] GC(4783) Weak: 131 encountered, 107 discovered, 0 enqueued
[2024-07-25T19:05:20.984+0800][89.353s][gc,ref      ] GC(4783) Final: 0 encountered, 0 discovered, 0 enqueued
[2024-07-25T19:05:20.984+0800][89.353s][gc,ref      ] GC(4783) Phantom: 184 encountered, 98 discovered, 0 enqueued
[2024-07-25T19:05:20.984+0800][89.353s][gc,reloc    ] GC(4783) Small Pages: 4 / 8M, Empty: 2M, Relocated: 0M, In-Place: 0
[2024-07-25T19:05:20.984+0800][89.353s][gc,reloc    ] GC(4783) Large Pages: 4 / 8M, Empty: 4M, Relocated: 0M, In-Place: 0
[2024-07-25T19:05:20.984+0800][89.353s][gc,reloc    ] GC(4783) Forwarding Usage: 0M
[2024-07-25T19:05:20.984+0800][89.354s][gc,heap     ] GC(4783) Min Capacity: 8M(50%)
[2024-07-25T19:05:20.984+0800][89.354s][gc,heap     ] GC(4783) Max Capacity: 16M(100%)
[2024-07-25T19:05:20.984+0800][89.354s][gc,heap     ] GC(4783) Soft Max Capacity: 16M(100%)
[2024-07-25T19:05:20.984+0800][89.354s][gc,heap     ] GC(4783)                Mark Start          Mark End        Relocate Start      Relocate End           High               Low         
[2024-07-25T19:05:20.984+0800][89.354s][gc,heap     ] GC(4783)  Capacity:       16M (100%)         16M (100%)         16M (100%)         16M (100%)         16M (100%)         16M (100%)   
[2024-07-25T19:05:20.984+0800][89.354s][gc,heap     ] GC(4783)      Free:        0M (0%)            0M (0%)            2M (12%)           2M (12%)           6M (38%)           0M (0%)     
[2024-07-25T19:05:20.984+0800][89.354s][gc,heap     ] GC(4783)      Used:       16M (100%)         16M (100%)         14M (88%)          14M (88%)          16M (100%)         10M (62%)    
[2024-07-25T19:05:20.984+0800][89.354s][gc,heap     ] GC(4783)      Live:         -                 8M (54%)           8M (54%)           8M (54%)            -                  -          
[2024-07-25T19:05:20.984+0800][89.354s][gc,heap     ] GC(4783) Allocated:         -                 0M (0%)            4M (25%)           4M (25%)            -                  -          
[2024-07-25T19:05:20.984+0800][89.354s][gc,heap     ] GC(4783)   Garbage:         -                 7M (46%)           1M (8%)            1M (8%)             -                  -          
[2024-07-25T19:05:20.985+0800][89.354s][gc,heap     ] GC(4783) Reclaimed:         -                  -                 6M (38%)           6M (38%)            -                  -          
[2024-07-25T19:05:20.985+0800][89.354s][gc          ] GC(4783) Garbage Collection (Allocation Stall) 16M(100%)->14M(88%)
[2024-07-25T19:05:20.988+0800][89.357s][gc,start    ] GC(4784) Garbage Collection (Allocation Stall)
[2024-07-25T19:05:20.988+0800][89.357s][gc,ref      ] GC(4784) Clearing All SoftReferences
[2024-07-25T19:05:20.988+0800][89.357s][gc,task     ] GC(4784) Using 1 workers
[2024-07-25T19:05:20.988+0800][89.357s][gc,phases   ] GC(4784) Pause Mark Start 0.011ms
[2024-07-25T19:05:20.997+0800][89.367s][gc,phases   ] GC(4784) Concurrent Mark 9.160ms
[2024-07-25T19:05:20.998+0800][89.367s][gc,phases   ] GC(4784) Pause Mark End 0.013ms
[2024-07-25T19:05:20.998+0800][89.367s][gc,phases   ] GC(4784) Concurrent Mark Free 0.001ms
[2024-07-25T19:05:21.000+0800][89.369s][gc,phases   ] GC(4784) Concurrent Process Non-Strong References 2.179ms
[2024-07-25T19:05:21.000+0800][89.369s][gc,phases   ] GC(4784) Concurrent Reset Relocation Set 0.001ms
[2024-07-25T19:05:21.003+0800][89.373s][gc          ] Allocation Stall (main) 15.625ms
[2024-07-25T19:05:21.003+0800][89.373s][gc,phases   ] GC(4784) Concurrent Select Relocation Set 3.286ms
[2024-07-25T19:05:21.003+0800][89.373s][gc,phases   ] GC(4784) Pause Relocate Start 0.009ms
[2024-07-25T19:05:21.004+0800][89.373s][gc,phases   ] GC(4784) Concurrent Relocate 0.058ms
[2024-07-25T19:05:21.004+0800][89.373s][gc,load     ] GC(4784) Load: 0.00/0.00/0.00
[2024-07-25T19:05:21.004+0800][89.373s][gc,mmu      ] GC(4784) MMU: 2ms/88.2%, 5ms/95.3%, 10ms/97.6%, 20ms/98.8%, 50ms/99.4%, 100ms/99.6%
[2024-07-25T19:05:21.004+0800][89.373s][gc,marking  ] GC(4784) Mark: 1 stripe(s), 1 proactive flush(es), 1 terminate flush(es), 0 completion(s), 0 continuation(s) 
[2024-07-25T19:05:21.004+0800][89.373s][gc,marking  ] GC(4784) Mark Stack Usage: 32M
[2024-07-25T19:05:21.004+0800][89.373s][gc,nmethod  ] GC(4784) NMethods: 535 registered, 0 unregistered
[2024-07-25T19:05:21.004+0800][89.373s][gc,metaspace] GC(4784) Metaspace: 1M used, 1M committed, 1088M reserved
[2024-07-25T19:05:21.004+0800][89.373s][gc,ref      ] GC(4784) Soft: 46 encountered, 25 discovered, 0 enqueued
[2024-07-25T19:05:21.004+0800][89.373s][gc,ref      ] GC(4784) Weak: 131 encountered, 107 discovered, 0 enqueued
[2024-07-25T19:05:21.004+0800][89.373s][gc,ref      ] GC(4784) Final: 0 encountered, 0 discovered, 0 enqueued
[2024-07-25T19:05:21.004+0800][89.373s][gc,ref      ] GC(4784) Phantom: 184 encountered, 98 discovered, 0 enqueued
[2024-07-25T19:05:21.004+0800][89.373s][gc,reloc    ] GC(4784) Small Pages: 4 / 8M, Empty: 2M, Relocated: 0M, In-Place: 0
[2024-07-25T19:05:21.004+0800][89.373s][gc,reloc    ] GC(4784) Large Pages: 4 / 8M, Empty: 4M, Relocated: 0M, In-Place: 0
[2024-07-25T19:05:21.004+0800][89.373s][gc,reloc    ] GC(4784) Forwarding Usage: 0M
[2024-07-25T19:05:21.004+0800][89.373s][gc,heap     ] GC(4784) Min Capacity: 8M(50%)
[2024-07-25T19:05:21.004+0800][89.373s][gc,heap     ] GC(4784) Max Capacity: 16M(100%)
[2024-07-25T19:05:21.004+0800][89.373s][gc,heap     ] GC(4784) Soft Max Capacity: 16M(100%)
[2024-07-25T19:05:21.004+0800][89.373s][gc,heap     ] GC(4784)                Mark Start          Mark End        Relocate Start      Relocate End           High               Low         
[2024-07-25T19:05:21.004+0800][89.374s][gc,heap     ] GC(4784)  Capacity:       16M (100%)         16M (100%)         16M (100%)         16M (100%)         16M (100%)         16M (100%)   
[2024-07-25T19:05:21.004+0800][89.374s][gc,heap     ] GC(4784)      Free:        0M (0%)            0M (0%)            2M (12%)           2M (12%)           6M (38%)           0M (0%)     
[2024-07-25T19:05:21.004+0800][89.374s][gc,heap     ] GC(4784)      Used:       16M (100%)         16M (100%)         14M (88%)          14M (88%)          16M (100%)         10M (62%)    
[2024-07-25T19:05:21.004+0800][89.374s][gc,heap     ] GC(4784)      Live:         -                 8M (54%)           8M (54%)           8M (54%)            -                  -          
[2024-07-25T19:05:21.004+0800][89.374s][gc,heap     ] GC(4784) Allocated:         -                 0M (0%)            4M (25%)           4M (25%)            -                  -          
[2024-07-25T19:05:21.004+0800][89.374s][gc,heap     ] GC(4784)   Garbage:         -                 7M (46%)           1M (8%)            1M (8%)             -                  -          
[2024-07-25T19:05:21.004+0800][89.374s][gc,heap     ] GC(4784) Reclaimed:         -                  -                 6M (38%)           6M (38%)            -                  -          
[2024-07-25T19:05:21.004+0800][89.374s][gc          ] GC(4784) Garbage Collection (Allocation Stall) 16M(100%)->14M(88%)
[2024-07-25T19:05:21.009+0800][89.378s][gc,start    ] GC(4785) Garbage Collection (Allocation Stall)
[2024-07-25T19:05:21.009+0800][89.378s][gc,ref      ] GC(4785) Clearing All SoftReferences
[2024-07-25T19:05:21.009+0800][89.378s][gc,task     ] GC(4785) Using 1 workers
[2024-07-25T19:05:21.009+0800][89.378s][gc,phases   ] GC(4785) Pause Mark Start 0.007ms
[2024-07-25T19:05:21.014+0800][89.384s][gc,phases   ] GC(4785) Concurrent Mark 5.541ms
[2024-07-25T19:05:21.015+0800][89.384s][gc,phases   ] GC(4785) Pause Mark End 0.030ms
[2024-07-25T19:05:21.015+0800][89.384s][gc,phases   ] GC(4785) Concurrent Mark Free 0.001ms
[2024-07-25T19:05:21.016+0800][89.386s][gc,phases   ] GC(4785) Concurrent Process Non-Strong References 1.595ms
[2024-07-25T19:05:21.016+0800][89.386s][gc,phases   ] GC(4785) Concurrent Reset Relocation Set 0.000ms
[2024-07-25T19:05:21.019+0800][89.388s][gc          ] Allocation Stall (main) 10.404ms
[2024-07-25T19:05:21.019+0800][89.388s][gc,phases   ] GC(4785) Concurrent Select Relocation Set 2.546ms
[2024-07-25T19:05:21.019+0800][89.389s][gc,phases   ] GC(4785) Pause Relocate Start 0.008ms
[2024-07-25T19:05:21.019+0800][89.389s][gc,phases   ] GC(4785) Concurrent Relocate 0.041ms
[2024-07-25T19:05:21.019+0800][89.389s][gc,load     ] GC(4785) Load: 0.00/0.00/0.00
[2024-07-25T19:05:21.020+0800][89.389s][gc,mmu      ] GC(4785) MMU: 2ms/88.2%, 5ms/95.3%, 10ms/97.6%, 20ms/98.8%, 50ms/99.4%, 100ms/99.6%
[2024-07-25T19:05:21.020+0800][89.389s][gc,marking  ] GC(4785) Mark: 1 stripe(s), 1 proactive flush(es), 1 terminate flush(es), 0 completion(s), 0 continuation(s) 
[2024-07-25T19:05:21.020+0800][89.389s][gc,marking  ] GC(4785) Mark Stack Usage: 32M
[2024-07-25T19:05:21.020+0800][89.389s][gc,nmethod  ] GC(4785) NMethods: 535 registered, 0 unregistered
[2024-07-25T19:05:21.020+0800][89.389s][gc,metaspace] GC(4785) Metaspace: 1M used, 1M committed, 1088M reserved
[2024-07-25T19:05:21.020+0800][89.389s][gc,ref      ] GC(4785) Soft: 46 encountered, 25 discovered, 0 enqueued
[2024-07-25T19:05:21.020+0800][89.389s][gc,ref      ] GC(4785) Weak: 131 encountered, 107 discovered, 0 enqueued
[2024-07-25T19:05:21.020+0800][89.389s][gc,ref      ] GC(4785) Final: 0 encountered, 0 discovered, 0 enqueued
[2024-07-25T19:05:21.020+0800][89.389s][gc,ref      ] GC(4785) Phantom: 184 encountered, 98 discovered, 0 enqueued
[2024-07-25T19:05:21.020+0800][89.389s][gc,reloc    ] GC(4785) Small Pages: 4 / 8M, Empty: 2M, Relocated: 0M, In-Place: 0
[2024-07-25T19:05:21.020+0800][89.389s][gc,reloc    ] GC(4785) Large Pages: 4 / 8M, Empty: 4M, Relocated: 0M, In-Place: 0
[2024-07-25T19:05:21.020+0800][89.389s][gc,reloc    ] GC(4785) Forwarding Usage: 0M
[2024-07-25T19:05:21.020+0800][89.389s][gc,heap     ] GC(4785) Min Capacity: 8M(50%)
[2024-07-25T19:05:21.020+0800][89.389s][gc,heap     ] GC(4785) Max Capacity: 16M(100%)
[2024-07-25T19:05:21.020+0800][89.389s][gc,heap     ] GC(4785) Soft Max Capacity: 16M(100%)
[2024-07-25T19:05:21.020+0800][89.389s][gc,heap     ] GC(4785)                Mark Start          Mark End        Relocate Start      Relocate End           High               Low         
[2024-07-25T19:05:21.020+0800][89.389s][gc,heap     ] GC(4785)  Capacity:       16M (100%)         16M (100%)         16M (100%)         16M (100%)         16M (100%)         16M (100%)   
[2024-07-25T19:05:21.020+0800][89.389s][gc,heap     ] GC(4785)      Free:        0M (0%)            0M (0%)            2M (12%)           2M (12%)           6M (38%)           0M (0%)     
[2024-07-25T19:05:21.020+0800][89.389s][gc,heap     ] GC(4785)      Used:       16M (100%)         16M (100%)         14M (88%)          14M (88%)          16M (100%)         10M (62%)    
[2024-07-25T19:05:21.020+0800][89.389s][gc,heap     ] GC(4785)      Live:         -                 8M (54%)           8M (54%)           8M (54%)            -                  -          
[2024-07-25T19:05:21.020+0800][89.390s][gc,heap     ] GC(4785) Allocated:         -                 0M (0%)            4M (25%)           4M (25%)            -                  -          
[2024-07-25T19:05:21.020+0800][89.390s][gc,heap     ] GC(4785)   Garbage:         -                 7M (46%)           1M (8%)            1M (8%)             -                  -          
[2024-07-25T19:05:21.020+0800][89.390s][gc,heap     ] GC(4785) Reclaimed:         -                  -                 6M (38%)           6M (38%)            -                  -          
[2024-07-25T19:05:21.020+0800][89.390s][gc          ] GC(4785) Garbage Collection (Allocation Stall) 16M(100%)->14M(88%)
[2024-07-25T19:05:21.024+0800][89.393s][gc,start    ] GC(4786) Garbage Collection (Allocation Stall)
[2024-07-25T19:05:21.024+0800][89.393s][gc,ref      ] GC(4786) Clearing All SoftReferences
[2024-07-25T19:05:21.024+0800][89.393s][gc,task     ] GC(4786) Using 1 workers
[2024-07-25T19:05:21.024+0800][89.394s][gc,phases   ] GC(4786) Pause Mark Start 0.009ms
[2024-07-25T19:05:21.031+0800][89.400s][gc,phases   ] GC(4786) Concurrent Mark 6.298ms
[2024-07-25T19:05:21.031+0800][89.400s][gc,phases   ] GC(4786) Pause Mark End 0.016ms
[2024-07-25T19:05:21.031+0800][89.400s][gc,phases   ] GC(4786) Concurrent Mark Free 0.001ms
[2024-07-25T19:05:21.033+0800][89.402s][gc,phases   ] GC(4786) Concurrent Process Non-Strong References 2.057ms
[2024-07-25T19:05:21.033+0800][89.403s][gc,phases   ] GC(4786) Concurrent Reset Relocation Set 0.001ms
[2024-07-25T19:05:21.038+0800][89.407s][gc          ] Allocation Stall (main) 14.269ms
[2024-07-25T19:05:21.038+0800][89.407s][gc,phases   ] GC(4786) Concurrent Select Relocation Set 4.701ms
[2024-07-25T19:05:21.038+0800][89.408s][gc,phases   ] GC(4786) Pause Relocate Start 0.010ms
[2024-07-25T19:05:21.038+0800][89.408s][gc,phases   ] GC(4786) Concurrent Relocate 0.046ms
[2024-07-25T19:05:21.038+0800][89.408s][gc,load     ] GC(4786) Load: 0.00/0.00/0.00
[2024-07-25T19:05:21.039+0800][89.408s][gc,mmu      ] GC(4786) MMU: 2ms/88.2%, 5ms/95.3%, 10ms/97.6%, 20ms/98.8%, 50ms/99.4%, 100ms/99.6%
[2024-07-25T19:05:21.039+0800][89.408s][gc,marking  ] GC(4786) Mark: 1 stripe(s), 1 proactive flush(es), 1 terminate flush(es), 0 completion(s), 0 continuation(s) 
[2024-07-25T19:05:21.039+0800][89.408s][gc,marking  ] GC(4786) Mark Stack Usage: 32M
[2024-07-25T19:05:21.039+0800][89.408s][gc,nmethod  ] GC(4786) NMethods: 535 registered, 0 unregistered
[2024-07-25T19:05:21.039+0800][89.408s][gc,metaspace] GC(4786) Metaspace: 1M used, 1M committed, 1088M reserved
[2024-07-25T19:05:21.039+0800][89.408s][gc,ref      ] GC(4786) Soft: 46 encountered, 25 discovered, 0 enqueued
[2024-07-25T19:05:21.039+0800][89.408s][gc,ref      ] GC(4786) Weak: 131 encountered, 107 discovered, 0 enqueued
[2024-07-25T19:05:21.039+0800][89.408s][gc,ref      ] GC(4786) Final: 0 encountered, 0 discovered, 0 enqueued
[2024-07-25T19:05:21.039+0800][89.408s][gc,ref      ] GC(4786) Phantom: 184 encountered, 98 discovered, 0 enqueued
[2024-07-25T19:05:21.039+0800][89.408s][gc,reloc    ] GC(4786) Small Pages: 4 / 8M, Empty: 2M, Relocated: 0M, In-Place: 0
[2024-07-25T19:05:21.039+0800][89.408s][gc,reloc    ] GC(4786) Large Pages: 4 / 8M, Empty: 4M, Relocated: 0M, In-Place: 0
[2024-07-25T19:05:21.039+0800][89.408s][gc,reloc    ] GC(4786) Forwarding Usage: 0M
[2024-07-25T19:05:21.039+0800][89.408s][gc,heap     ] GC(4786) Min Capacity: 8M(50%)
[2024-07-25T19:05:21.039+0800][89.408s][gc,heap     ] GC(4786) Max Capacity: 16M(100%)
[2024-07-25T19:05:21.039+0800][89.408s][gc,heap     ] GC(4786) Soft Max Capacity: 16M(100%)
[2024-07-25T19:05:21.039+0800][89.408s][gc,heap     ] GC(4786)                Mark Start          Mark End        Relocate Start      Relocate End           High               Low         
[2024-07-25T19:05:21.039+0800][89.408s][gc,heap     ] GC(4786)  Capacity:       16M (100%)         16M (100%)         16M (100%)         16M (100%)         16M (100%)         16M (100%)   
[2024-07-25T19:05:21.039+0800][89.409s][gc,heap     ] GC(4786)      Free:        0M (0%)            0M (0%)            2M (12%)           2M (12%)           6M (38%)           0M (0%)     
[2024-07-25T19:05:21.039+0800][89.409s][gc,heap     ] GC(4786)      Used:       16M (100%)         16M (100%)         14M (88%)          14M (88%)          16M (100%)         10M (62%)    
[2024-07-25T19:05:21.039+0800][89.409s][gc,heap     ] GC(4786)      Live:         -                 8M (54%)           8M (54%)           8M (54%)            -                  -          
[2024-07-25T19:05:21.039+0800][89.409s][gc,heap     ] GC(4786) Allocated:         -                 0M (0%)            4M (25%)           4M (25%)            -                  -          
[2024-07-25T19:05:21.039+0800][89.409s][gc,heap     ] GC(4786)   Garbage:         -                 7M (46%)           1M (8%)            1M (8%)             -                  -          
[2024-07-25T19:05:21.039+0800][89.409s][gc,heap     ] GC(4786) Reclaimed:         -                  -                 6M (38%)           6M (38%)            -                  -          
[2024-07-25T19:05:21.039+0800][89.409s][gc          ] GC(4786) Garbage Collection (Allocation Stall) 16M(100%)->14M(88%)
[2024-07-25T19:05:21.044+0800][89.413s][gc,start    ] GC(4787) Garbage Collection (Allocation Stall)
[2024-07-25T19:05:21.044+0800][89.413s][gc,ref      ] GC(4787) Clearing All SoftReferences
[2024-07-25T19:05:21.044+0800][89.413s][gc,task     ] GC(4787) Using 1 workers
[2024-07-25T19:05:21.044+0800][89.413s][gc,phases   ] GC(4787) Pause Mark Start 0.012ms
[2024-07-25T19:05:21.053+0800][89.422s][gc,phases   ] GC(4787) Concurrent Mark 8.797ms
[2024-07-25T19:05:21.053+0800][89.422s][gc,phases   ] GC(4787) Pause Mark End 0.010ms
[2024-07-25T19:05:21.053+0800][89.422s][gc,phases   ] GC(4787) Concurrent Mark Free 0.001ms
[2024-07-25T19:05:21.055+0800][89.424s][gc,phases   ] GC(4787) Concurrent Process Non-Strong References 1.456ms
[2024-07-25T19:05:21.055+0800][89.424s][gc,phases   ] GC(4787) Concurrent Reset Relocation Set 0.001ms
[2024-07-25T19:05:21.059+0800][89.429s][gc          ] Allocation Stall (main) 15.533ms
[2024-07-25T19:05:21.059+0800][89.429s][gc,phases   ] GC(4787) Concurrent Select Relocation Set 4.556ms
[2024-07-25T19:05:21.059+0800][89.429s][gc,phases   ] GC(4787) Pause Relocate Start 0.013ms
[2024-07-25T19:05:21.060+0800][89.429s][gc,phases   ] GC(4787) Concurrent Relocate 0.042ms
[2024-07-25T19:05:21.060+0800][89.429s][gc,load     ] GC(4787) Load: 0.00/0.00/0.00
[2024-07-25T19:05:21.060+0800][89.429s][gc,mmu      ] GC(4787) MMU: 2ms/88.2%, 5ms/95.3%, 10ms/97.6%, 20ms/98.8%, 50ms/99.4%, 100ms/99.6%
[2024-07-25T19:05:21.060+0800][89.429s][gc,marking  ] GC(4787) Mark: 1 stripe(s), 1 proactive flush(es), 1 terminate flush(es), 0 completion(s), 0 continuation(s) 
[2024-07-25T19:05:21.060+0800][89.429s][gc,marking  ] GC(4787) Mark Stack Usage: 32M
[2024-07-25T19:05:21.060+0800][89.429s][gc,nmethod  ] GC(4787) NMethods: 535 registered, 0 unregistered
[2024-07-25T19:05:21.060+0800][89.429s][gc,metaspace] GC(4787) Metaspace: 1M used, 1M committed, 1088M reserved
[2024-07-25T19:05:21.060+0800][89.429s][gc,ref      ] GC(4787) Soft: 46 encountered, 25 discovered, 0 enqueued
[2024-07-25T19:05:21.060+0800][89.429s][gc,ref      ] GC(4787) Weak: 131 encountered, 107 discovered, 0 enqueued
[2024-07-25T19:05:21.060+0800][89.429s][gc,ref      ] GC(4787) Final: 0 encountered, 0 discovered, 0 enqueued
[2024-07-25T19:05:21.060+0800][89.429s][gc,ref      ] GC(4787) Phantom: 184 encountered, 98 discovered, 0 enqueued
[2024-07-25T19:05:21.060+0800][89.429s][gc,reloc    ] GC(4787) Small Pages: 4 / 8M, Empty: 2M, Relocated: 0M, In-Place: 0
[2024-07-25T19:05:21.060+0800][89.429s][gc,reloc    ] GC(4787) Large Pages: 4 / 8M, Empty: 4M, Relocated: 0M, In-Place: 0
[2024-07-25T19:05:21.060+0800][89.429s][gc,reloc    ] GC(4787) Forwarding Usage: 0M
[2024-07-25T19:05:21.060+0800][89.429s][gc,heap     ] GC(4787) Min Capacity: 8M(50%)
[2024-07-25T19:05:21.060+0800][89.429s][gc,heap     ] GC(4787) Max Capacity: 16M(100%)
[2024-07-25T19:05:21.060+0800][89.429s][gc,heap     ] GC(4787) Soft Max Capacity: 16M(100%)
[2024-07-25T19:05:21.060+0800][89.429s][gc,heap     ] GC(4787)                Mark Start          Mark End        Relocate Start      Relocate End           High               Low         
[2024-07-25T19:05:21.060+0800][89.429s][gc,heap     ] GC(4787)  Capacity:       16M (100%)         16M (100%)         16M (100%)         16M (100%)         16M (100%)         16M (100%)   
[2024-07-25T19:05:21.060+0800][89.429s][gc,heap     ] GC(4787)      Free:        0M (0%)            0M (0%)            2M (12%)           2M (12%)           6M (38%)           0M (0%)     
[2024-07-25T19:05:21.060+0800][89.429s][gc,heap     ] GC(4787)      Used:       16M (100%)         16M (100%)         14M (88%)          14M (88%)          16M (100%)         10M (62%)    
[2024-07-25T19:05:21.060+0800][89.429s][gc,heap     ] GC(4787)      Live:         -                 8M (54%)           8M (54%)           8M (54%)            -                  -          
[2024-07-25T19:05:21.060+0800][89.430s][gc,heap     ] GC(4787) Allocated:         -                 0M (0%)            4M (25%)           4M (25%)            -                  -          
[2024-07-25T19:05:21.060+0800][89.430s][gc,heap     ] GC(4787)   Garbage:         -                 7M (46%)           1M (8%)            1M (8%)             -                  -          
[2024-07-25T19:05:21.060+0800][89.430s][gc,heap     ] GC(4787) Reclaimed:         -                  -                 6M (38%)           6M (38%)            -                  -          
[2024-07-25T19:05:21.060+0800][89.430s][gc          ] GC(4787) Garbage Collection (Allocation Stall) 16M(100%)->14M(88%)
[2024-07-25T19:05:21.064+0800][89.433s][gc,start    ] GC(4788) Garbage Collection (Allocation Stall)
[2024-07-25T19:05:21.064+0800][89.433s][gc,ref      ] GC(4788) Clearing All SoftReferences
[2024-07-25T19:05:21.064+0800][89.433s][gc,task     ] GC(4788) Using 1 workers
[2024-07-25T19:05:21.064+0800][89.433s][gc,phases   ] GC(4788) Pause Mark Start 0.008ms
[2024-07-25T19:05:21.071+0800][89.440s][gc,phases   ] GC(4788) Concurrent Mark 6.300ms
[2024-07-25T19:05:21.071+0800][89.440s][gc,phases   ] GC(4788) Pause Mark End 0.011ms
[2024-07-25T19:05:21.071+0800][89.440s][gc,phases   ] GC(4788) Concurrent Mark Free 0.001ms
[2024-07-25T19:05:21.072+0800][89.442s][gc,phases   ] GC(4788) Concurrent Process Non-Strong References 1.626ms
[2024-07-25T19:05:21.072+0800][89.442s][gc,phases   ] GC(4788) Concurrent Reset Relocation Set 0.001ms
[2024-07-25T19:05:21.076+0800][89.445s][gc          ] Allocation Stall (main) 12.434ms
[2024-07-25T19:05:21.077+0800][89.446s][gc,phases   ] GC(4788) Concurrent Select Relocation Set 3.662ms
[2024-07-25T19:05:21.077+0800][89.446s][gc,phases   ] GC(4788) Pause Relocate Start 0.009ms
[2024-07-25T19:05:21.077+0800][89.446s][gc,phases   ] GC(4788) Concurrent Relocate 0.097ms
[2024-07-25T19:05:21.077+0800][89.446s][gc,load     ] GC(4788) Load: 0.00/0.00/0.00
[2024-07-25T19:05:21.077+0800][89.446s][gc,mmu      ] GC(4788) MMU: 2ms/88.2%, 5ms/95.3%, 10ms/97.6%, 20ms/98.8%, 50ms/99.4%, 100ms/99.6%
[2024-07-25T19:05:21.077+0800][89.446s][gc,marking  ] GC(4788) Mark: 1 stripe(s), 1 proactive flush(es), 1 terminate flush(es), 0 completion(s), 0 continuation(s) 
[2024-07-25T19:05:21.077+0800][89.446s][gc,marking  ] GC(4788) Mark Stack Usage: 32M
[2024-07-25T19:05:21.077+0800][89.446s][gc,nmethod  ] GC(4788) NMethods: 535 registered, 0 unregistered
[2024-07-25T19:05:21.077+0800][89.446s][gc,metaspace] GC(4788) Metaspace: 1M used, 1M committed, 1088M reserved
[2024-07-25T19:05:21.077+0800][89.446s][gc,ref      ] GC(4788) Soft: 46 encountered, 25 discovered, 0 enqueued
[2024-07-25T19:05:21.077+0800][89.446s][gc,ref      ] GC(4788) Weak: 131 encountered, 107 discovered, 0 enqueued
[2024-07-25T19:05:21.077+0800][89.446s][gc,ref      ] GC(4788) Final: 0 encountered, 0 discovered, 0 enqueued
[2024-07-25T19:05:21.077+0800][89.446s][gc,ref      ] GC(4788) Phantom: 184 encountered, 98 discovered, 0 enqueued
[2024-07-25T19:05:21.077+0800][89.446s][gc,reloc    ] GC(4788) Small Pages: 4 / 8M, Empty: 2M, Relocated: 0M, In-Place: 0
[2024-07-25T19:05:21.077+0800][89.446s][gc,reloc    ] GC(4788) Large Pages: 4 / 8M, Empty: 4M, Relocated: 0M, In-Place: 0
[2024-07-25T19:05:21.077+0800][89.446s][gc,reloc    ] GC(4788) Forwarding Usage: 0M
[2024-07-25T19:05:21.077+0800][89.446s][gc,heap     ] GC(4788) Min Capacity: 8M(50%)
[2024-07-25T19:05:21.077+0800][89.446s][gc,heap     ] GC(4788) Max Capacity: 16M(100%)
[2024-07-25T19:05:21.077+0800][89.446s][gc,heap     ] GC(4788) Soft Max Capacity: 16M(100%)
[2024-07-25T19:05:21.077+0800][89.446s][gc,heap     ] GC(4788)                Mark Start          Mark End        Relocate Start      Relocate End           High               Low         
[2024-07-25T19:05:21.077+0800][89.446s][gc,heap     ] GC(4788)  Capacity:       16M (100%)         16M (100%)         16M (100%)         16M (100%)         16M (100%)         16M (100%)   
[2024-07-25T19:05:21.077+0800][89.446s][gc,heap     ] GC(4788)      Free:        0M (0%)            0M (0%)            2M (12%)           2M (12%)           6M (38%)           0M (0%)     
[2024-07-25T19:05:21.077+0800][89.447s][gc,heap     ] GC(4788)      Used:       16M (100%)         16M (100%)         14M (88%)          14M (88%)          16M (100%)         10M (62%)    
[2024-07-25T19:05:21.077+0800][89.447s][gc,heap     ] GC(4788)      Live:         -                 8M (54%)           8M (54%)           8M (54%)            -                  -          
[2024-07-25T19:05:21.077+0800][89.447s][gc,heap     ] GC(4788) Allocated:         -                 0M (0%)            4M (25%)           4M (25%)            -                  -          
[2024-07-25T19:05:21.077+0800][89.447s][gc,heap     ] GC(4788)   Garbage:         -                 7M (46%)           1M (8%)            1M (8%)             -                  -          
[2024-07-25T19:05:21.077+0800][89.447s][gc,heap     ] GC(4788) Reclaimed:         -                  -                 6M (38%)           6M (38%)            -                  -          
[2024-07-25T19:05:21.077+0800][89.447s][gc          ] GC(4788) Garbage Collection (Allocation Stall) 16M(100%)->14M(88%)
[2024-07-25T19:05:21.080+0800][89.449s][gc,start    ] GC(4789) Garbage Collection (Allocation Stall)
[2024-07-25T19:05:21.080+0800][89.449s][gc,ref      ] GC(4789) Clearing All SoftReferences
[2024-07-25T19:05:21.080+0800][89.449s][gc,task     ] GC(4789) Using 1 workers
[2024-07-25T19:05:21.080+0800][89.449s][gc,phases   ] GC(4789) Pause Mark Start 0.008ms
[2024-07-25T19:05:21.086+0800][89.455s][gc,phases   ] GC(4789) Concurrent Mark 5.741ms
[2024-07-25T19:05:21.086+0800][89.455s][gc,phases   ] GC(4789) Pause Mark End 0.011ms
[2024-07-25T19:05:21.086+0800][89.455s][gc,phases   ] GC(4789) Concurrent Mark Free 0.001ms
[2024-07-25T19:05:21.088+0800][89.457s][gc,phases   ] GC(4789) Concurrent Process Non-Strong References 1.726ms
[2024-07-25T19:05:21.088+0800][89.457s][gc,phases   ] GC(4789) Concurrent Reset Relocation Set 0.001ms
[2024-07-25T19:05:21.092+0800][89.461s][gc          ] Allocation Stall (main) 12.230ms
[2024-07-25T19:05:21.092+0800][89.461s][gc,phases   ] GC(4789) Concurrent Select Relocation Set 3.987ms
[2024-07-25T19:05:21.092+0800][89.461s][gc,phases   ] GC(4789) Pause Relocate Start 0.009ms
[2024-07-25T19:05:21.092+0800][89.462s][gc,phases   ] GC(4789) Concurrent Relocate 0.059ms
[2024-07-25T19:05:21.092+0800][89.462s][gc,load     ] GC(4789) Load: 0.00/0.00/0.00
[2024-07-25T19:05:21.092+0800][89.462s][gc,mmu      ] GC(4789) MMU: 2ms/88.2%, 5ms/95.3%, 10ms/97.6%, 20ms/98.8%, 50ms/99.4%, 100ms/99.6%
[2024-07-25T19:05:21.093+0800][89.462s][gc,marking  ] GC(4789) Mark: 1 stripe(s), 1 proactive flush(es), 1 terminate flush(es), 0 completion(s), 0 continuation(s) 
[2024-07-25T19:05:21.093+0800][89.462s][gc,marking  ] GC(4789) Mark Stack Usage: 32M
[2024-07-25T19:05:21.093+0800][89.462s][gc,nmethod  ] GC(4789) NMethods: 535 registered, 0 unregistered
[2024-07-25T19:05:21.093+0800][89.462s][gc,metaspace] GC(4789) Metaspace: 1M used, 1M committed, 1088M reserved
[2024-07-25T19:05:21.093+0800][89.462s][gc,ref      ] GC(4789) Soft: 46 encountered, 25 discovered, 0 enqueued
[2024-07-25T19:05:21.093+0800][89.462s][gc,ref      ] GC(4789) Weak: 131 encountered, 107 discovered, 0 enqueued
[2024-07-25T19:05:21.093+0800][89.462s][gc,ref      ] GC(4789) Final: 0 encountered, 0 discovered, 0 enqueued
[2024-07-25T19:05:21.093+0800][89.462s][gc,ref      ] GC(4789) Phantom: 184 encountered, 98 discovered, 0 enqueued
[2024-07-25T19:05:21.093+0800][89.462s][gc,reloc    ] GC(4789) Small Pages: 4 / 8M, Empty: 2M, Relocated: 0M, In-Place: 0
[2024-07-25T19:05:21.093+0800][89.462s][gc,reloc    ] GC(4789) Large Pages: 4 / 8M, Empty: 4M, Relocated: 0M, In-Place: 0
[2024-07-25T19:05:21.093+0800][89.462s][gc,reloc    ] GC(4789) Forwarding Usage: 0M
[2024-07-25T19:05:21.093+0800][89.462s][gc,heap     ] GC(4789) Min Capacity: 8M(50%)
[2024-07-25T19:05:21.093+0800][89.462s][gc,heap     ] GC(4789) Max Capacity: 16M(100%)
[2024-07-25T19:05:21.093+0800][89.462s][gc,heap     ] GC(4789) Soft Max Capacity: 16M(100%)
[2024-07-25T19:05:21.093+0800][89.462s][gc,heap     ] GC(4789)                Mark Start          Mark End        Relocate Start      Relocate End           High               Low         
[2024-07-25T19:05:21.093+0800][89.462s][gc,heap     ] GC(4789)  Capacity:       16M (100%)         16M (100%)         16M (100%)         16M (100%)         16M (100%)         16M (100%)   
[2024-07-25T19:05:21.093+0800][89.462s][gc,heap     ] GC(4789)      Free:        0M (0%)            0M (0%)            2M (12%)           2M (12%)           6M (38%)           0M (0%)     
[2024-07-25T19:05:21.093+0800][89.462s][gc,heap     ] GC(4789)      Used:       16M (100%)         16M (100%)         14M (88%)          14M (88%)          16M (100%)         10M (62%)    
[2024-07-25T19:05:21.093+0800][89.462s][gc,heap     ] GC(4789)      Live:         -                 8M (54%)           8M (54%)           8M (54%)            -                  -          
[2024-07-25T19:05:21.093+0800][89.463s][gc,heap     ] GC(4789) Allocated:         -                 0M (0%)            4M (25%)           4M (25%)            -                  -          
[2024-07-25T19:05:21.093+0800][89.463s][gc,heap     ] GC(4789)   Garbage:         -                 7M (46%)           1M (8%)            1M (8%)             -                  -          
[2024-07-25T19:05:21.093+0800][89.463s][gc,heap     ] GC(4789) Reclaimed:         -                  -                 6M (38%)           6M (38%)            -                  -          
[2024-07-25T19:05:21.093+0800][89.463s][gc          ] GC(4789) Garbage Collection (Allocation Stall) 16M(100%)->14M(88%)
[2024-07-25T19:05:21.096+0800][89.465s][gc,start    ] GC(4790) Garbage Collection (Allocation Stall)
[2024-07-25T19:05:21.096+0800][89.465s][gc,ref      ] GC(4790) Clearing All SoftReferences
[2024-07-25T19:05:21.096+0800][89.465s][gc,task     ] GC(4790) Using 1 workers
[2024-07-25T19:05:21.096+0800][89.465s][gc,phases   ] GC(4790) Pause Mark Start 0.008ms
[2024-07-25T19:05:21.102+0800][89.471s][gc,phases   ] GC(4790) Concurrent Mark 5.692ms
[2024-07-25T19:05:21.102+0800][89.471s][gc,phases   ] GC(4790) Pause Mark End 0.009ms
[2024-07-25T19:05:21.102+0800][89.472s][gc,phases   ] GC(4790) Concurrent Mark Free 0.001ms
[2024-07-25T19:05:21.104+0800][89.473s][gc,phases   ] GC(4790) Concurrent Process Non-Strong References 1.707ms
[2024-07-25T19:05:21.104+0800][89.473s][gc,phases   ] GC(4790) Concurrent Reset Relocation Set 0.001ms
[2024-07-25T19:05:21.107+0800][89.476s][gc          ] Allocation Stall (main) 11.206ms
[2024-07-25T19:05:21.107+0800][89.476s][gc,phases   ] GC(4790) Concurrent Select Relocation Set 3.016ms
[2024-07-25T19:05:21.107+0800][89.477s][gc,phases   ] GC(4790) Pause Relocate Start 0.013ms
[2024-07-25T19:05:21.107+0800][89.477s][gc,phases   ] GC(4790) Concurrent Relocate 0.210ms
[2024-07-25T19:05:21.108+0800][89.477s][gc,load     ] GC(4790) Load: 0.00/0.00/0.00
[2024-07-25T19:05:21.108+0800][89.477s][gc,mmu      ] GC(4790) MMU: 2ms/88.2%, 5ms/95.3%, 10ms/97.6%, 20ms/98.8%, 50ms/99.4%, 100ms/99.6%
[2024-07-25T19:05:21.108+0800][89.477s][gc,marking  ] GC(4790) Mark: 1 stripe(s), 1 proactive flush(es), 1 terminate flush(es), 0 completion(s), 0 continuation(s) 
[2024-07-25T19:05:21.108+0800][89.477s][gc,marking  ] GC(4790) Mark Stack Usage: 32M
[2024-07-25T19:05:21.108+0800][89.477s][gc,nmethod  ] GC(4790) NMethods: 535 registered, 0 unregistered
[2024-07-25T19:05:21.108+0800][89.477s][gc,metaspace] GC(4790) Metaspace: 1M used, 1M committed, 1088M reserved
[2024-07-25T19:05:21.108+0800][89.477s][gc,ref      ] GC(4790) Soft: 46 encountered, 25 discovered, 0 enqueued
[2024-07-25T19:05:21.108+0800][89.477s][gc,ref      ] GC(4790) Weak: 131 encountered, 107 discovered, 0 enqueued
[2024-07-25T19:05:21.108+0800][89.477s][gc,ref      ] GC(4790) Final: 0 encountered, 0 discovered, 0 enqueued
[2024-07-25T19:05:21.108+0800][89.477s][gc,ref      ] GC(4790) Phantom: 184 encountered, 98 discovered, 0 enqueued
[2024-07-25T19:05:21.108+0800][89.477s][gc,reloc    ] GC(4790) Small Pages: 4 / 8M, Empty: 2M, Relocated: 0M, In-Place: 0
[2024-07-25T19:05:21.108+0800][89.477s][gc,reloc    ] GC(4790) Large Pages: 4 / 8M, Empty: 4M, Relocated: 0M, In-Place: 0
[2024-07-25T19:05:21.108+0800][89.477s][gc,reloc    ] GC(4790) Forwarding Usage: 0M
[2024-07-25T19:05:21.108+0800][89.477s][gc,heap     ] GC(4790) Min Capacity: 8M(50%)
[2024-07-25T19:05:21.108+0800][89.477s][gc,heap     ] GC(4790) Max Capacity: 16M(100%)
[2024-07-25T19:05:21.108+0800][89.477s][gc,heap     ] GC(4790) Soft Max Capacity: 16M(100%)
[2024-07-25T19:05:21.108+0800][89.478s][gc,heap     ] GC(4790)                Mark Start          Mark End        Relocate Start      Relocate End           High               Low         
[2024-07-25T19:05:21.108+0800][89.478s][gc,heap     ] GC(4790)  Capacity:       16M (100%)         16M (100%)         16M (100%)         16M (100%)         16M (100%)         16M (100%)   
[2024-07-25T19:05:21.108+0800][89.478s][gc,heap     ] GC(4790)      Free:        0M (0%)            0M (0%)            2M (12%)           2M (12%)           6M (38%)           0M (0%)     
[2024-07-25T19:05:21.108+0800][89.478s][gc,heap     ] GC(4790)      Used:       16M (100%)         16M (100%)         14M (88%)          14M (88%)          16M (100%)         10M (62%)    
[2024-07-25T19:05:21.108+0800][89.478s][gc,heap     ] GC(4790)      Live:         -                 8M (54%)           8M (54%)           8M (54%)            -                  -          
[2024-07-25T19:05:21.108+0800][89.478s][gc,heap     ] GC(4790) Allocated:         -                 0M (0%)            4M (25%)           4M (25%)            -                  -          
[2024-07-25T19:05:21.108+0800][89.478s][gc,heap     ] GC(4790)   Garbage:         -                 7M (46%)           1M (8%)            1M (8%)             -                  -          
[2024-07-25T19:05:21.108+0800][89.478s][gc,heap     ] GC(4790) Reclaimed:         -                  -                 6M (38%)           6M (38%)            -                  -          
[2024-07-25T19:05:21.108+0800][89.478s][gc          ] GC(4790) Garbage Collection (Allocation Stall) 16M(100%)->14M(88%)
[2024-07-25T19:05:21.111+0800][89.480s][gc,start    ] GC(4791) Garbage Collection (Allocation Stall)
[2024-07-25T19:05:21.111+0800][89.480s][gc,ref      ] GC(4791) Clearing All SoftReferences
[2024-07-25T19:05:21.111+0800][89.480s][gc,task     ] GC(4791) Using 1 workers
[2024-07-25T19:05:21.111+0800][89.480s][gc,phases   ] GC(4791) Pause Mark Start 0.007ms
[2024-07-25T19:05:21.118+0800][89.487s][gc,phases   ] GC(4791) Concurrent Mark 6.295ms
[2024-07-25T19:05:21.118+0800][89.487s][gc,phases   ] GC(4791) Pause Mark End 0.007ms
[2024-07-25T19:05:21.118+0800][89.487s][gc,phases   ] GC(4791) Concurrent Mark Free 0.001ms
[2024-07-25T19:05:21.120+0800][89.489s][gc,phases   ] GC(4791) Concurrent Process Non-Strong References 1.741ms
[2024-07-25T19:05:21.120+0800][89.489s][gc,phases   ] GC(4791) Concurrent Reset Relocation Set 0.001ms
[2024-07-25T19:05:21.122+0800][89.492s][gc,phases   ] GC(4791) Concurrent Select Relocation Set 2.773ms
[2024-07-25T19:05:21.123+0800][89.492s][gc          ] Allocation Stall (main) 11.655ms
[2024-07-25T19:05:21.123+0800][89.492s][gc,phases   ] GC(4791) Pause Relocate Start 0.006ms
[2024-07-25T19:05:21.123+0800][89.492s][gc,phases   ] GC(4791) Concurrent Relocate 0.122ms
[2024-07-25T19:05:21.123+0800][89.492s][gc,load     ] GC(4791) Load: 0.00/0.00/0.00
[2024-07-25T19:05:21.123+0800][89.492s][gc,mmu      ] GC(4791) MMU: 2ms/88.2%, 5ms/95.3%, 10ms/97.6%, 20ms/98.8%, 50ms/99.4%, 100ms/99.6%
[2024-07-25T19:05:21.123+0800][89.492s][gc,marking  ] GC(4791) Mark: 1 stripe(s), 1 proactive flush(es), 1 terminate flush(es), 0 completion(s), 0 continuation(s) 
[2024-07-25T19:05:21.123+0800][89.492s][gc,marking  ] GC(4791) Mark Stack Usage: 32M
[2024-07-25T19:05:21.123+0800][89.492s][gc,nmethod  ] GC(4791) NMethods: 535 registered, 0 unregistered
[2024-07-25T19:05:21.123+0800][89.492s][gc,metaspace] GC(4791) Metaspace: 1M used, 1M committed, 1088M reserved
[2024-07-25T19:05:21.123+0800][89.493s][gc,ref      ] GC(4791) Soft: 46 encountered, 25 discovered, 0 enqueued
[2024-07-25T19:05:21.123+0800][89.493s][gc,ref      ] GC(4791) Weak: 131 encountered, 107 discovered, 0 enqueued
[2024-07-25T19:05:21.123+0800][89.493s][gc,ref      ] GC(4791) Final: 0 encountered, 0 discovered, 0 enqueued
[2024-07-25T19:05:21.123+0800][89.493s][gc,ref      ] GC(4791) Phantom: 184 encountered, 98 discovered, 0 enqueued
[2024-07-25T19:05:21.123+0800][89.493s][gc,reloc    ] GC(4791) Small Pages: 4 / 8M, Empty: 2M, Relocated: 0M, In-Place: 0
[2024-07-25T19:05:21.123+0800][89.493s][gc,reloc    ] GC(4791) Large Pages: 4 / 8M, Empty: 4M, Relocated: 0M, In-Place: 0
[2024-07-25T19:05:21.123+0800][89.493s][gc,reloc    ] GC(4791) Forwarding Usage: 0M
[2024-07-25T19:05:21.123+0800][89.493s][gc,heap     ] GC(4791) Min Capacity: 8M(50%)
[2024-07-25T19:05:21.123+0800][89.493s][gc,heap     ] GC(4791) Max Capacity: 16M(100%)
[2024-07-25T19:05:21.123+0800][89.493s][gc,heap     ] GC(4791) Soft Max Capacity: 16M(100%)
[2024-07-25T19:05:21.123+0800][89.493s][gc,heap     ] GC(4791)                Mark Start          Mark End        Relocate Start      Relocate End           High               Low         
[2024-07-25T19:05:21.123+0800][89.493s][gc,heap     ] GC(4791)  Capacity:       16M (100%)         16M (100%)         16M (100%)         16M (100%)         16M (100%)         16M (100%)   
[2024-07-25T19:05:21.123+0800][89.493s][gc,heap     ] GC(4791)      Free:        0M (0%)            0M (0%)            4M (25%)           2M (12%)           6M (38%)           0M (0%)     
[2024-07-25T19:05:21.124+0800][89.493s][gc,heap     ] GC(4791)      Used:       16M (100%)         16M (100%)         12M (75%)          14M (88%)          16M (100%)         10M (62%)    
[2024-07-25T19:05:21.124+0800][89.493s][gc,heap     ] GC(4791)      Live:         -                 8M (54%)           8M (54%)           8M (54%)            -                  -          
[2024-07-25T19:05:21.124+0800][89.493s][gc,heap     ] GC(4791) Allocated:         -                 0M (0%)            2M (12%)           4M (25%)            -                  -          
[2024-07-25T19:05:21.124+0800][89.493s][gc,heap     ] GC(4791)   Garbage:         -                 7M (46%)           1M (8%)            1M (8%)             -                  -          
[2024-07-25T19:05:21.124+0800][89.493s][gc,heap     ] GC(4791) Reclaimed:         -                  -                 6M (38%)           6M (38%)            -                  -          
[2024-07-25T19:05:21.124+0800][89.493s][gc          ] GC(4791) Garbage Collection (Allocation Stall) 16M(100%)->14M(88%)
[2024-07-25T19:05:21.125+0800][89.494s][gc,start    ] GC(4792) Garbage Collection (Allocation Rate)
[2024-07-25T19:05:21.125+0800][89.494s][gc,task     ] GC(4792) Using 1 workers
[2024-07-25T19:05:21.125+0800][89.494s][gc,phases   ] GC(4792) Pause Mark Start 0.007ms
[2024-07-25T19:05:21.131+0800][89.500s][gc,phases   ] GC(4792) Concurrent Mark 6.265ms
[2024-07-25T19:05:21.131+0800][89.501s][gc,phases   ] GC(4792) Pause Mark End 0.008ms
[2024-07-25T19:05:21.131+0800][89.501s][gc,phases   ] GC(4792) Concurrent Mark Free 0.001ms
[2024-07-25T19:05:21.133+0800][89.502s][gc,phases   ] GC(4792) Concurrent Process Non-Strong References 1.694ms
[2024-07-25T19:05:21.133+0800][89.503s][gc,phases   ] GC(4792) Concurrent Reset Relocation Set 0.001ms
[2024-07-25T19:05:21.135+0800][89.505s][gc          ] Allocation Stall (main) 9.976ms
[2024-07-25T19:05:21.136+0800][89.505s][gc,phases   ] GC(4792) Concurrent Select Relocation Set 2.900ms
[2024-07-25T19:05:21.136+0800][89.506s][gc,phases   ] GC(4792) Pause Relocate Start 0.006ms
[2024-07-25T19:05:21.138+0800][89.508s][gc,phases   ] GC(4792) Concurrent Relocate 1.805ms
[2024-07-25T19:05:21.138+0800][89.508s][gc,load     ] GC(4792) Load: 0.00/0.00/0.00
[2024-07-25T19:05:21.138+0800][89.508s][gc,mmu      ] GC(4792) MMU: 2ms/88.2%, 5ms/95.3%, 10ms/97.6%, 20ms/98.8%, 50ms/99.4%, 100ms/99.6%
[2024-07-25T19:05:21.138+0800][89.508s][gc,marking  ] GC(4792) Mark: 1 stripe(s), 2 proactive flush(es), 1 terminate flush(es), 0 completion(s), 0 continuation(s) 
[2024-07-25T19:05:21.138+0800][89.508s][gc,marking  ] GC(4792) Mark Stack Usage: 32M
[2024-07-25T19:05:21.138+0800][89.508s][gc,nmethod  ] GC(4792) NMethods: 535 registered, 0 unregistered
[2024-07-25T19:05:21.138+0800][89.508s][gc,metaspace] GC(4792) Metaspace: 1M used, 1M committed, 1088M reserved
[2024-07-25T19:05:21.138+0800][89.508s][gc,ref      ] GC(4792) Soft: 46 encountered, 25 discovered, 0 enqueued
[2024-07-25T19:05:21.138+0800][89.508s][gc,ref      ] GC(4792) Weak: 131 encountered, 107 discovered, 0 enqueued
[2024-07-25T19:05:21.138+0800][89.508s][gc,ref      ] GC(4792) Final: 0 encountered, 0 discovered, 0 enqueued
[2024-07-25T19:05:21.138+0800][89.508s][gc,ref      ] GC(4792) Phantom: 184 encountered, 98 discovered, 0 enqueued
[2024-07-25T19:05:21.138+0800][89.508s][gc,reloc    ] GC(4792) Small Pages: 4 / 8M, Empty: 0M, Relocated: 1M, In-Place: 0
[2024-07-25T19:05:21.138+0800][89.508s][gc,reloc    ] GC(4792) Large Pages: 3 / 6M, Empty: 4M, Relocated: 0M, In-Place: 0
[2024-07-25T19:05:21.138+0800][89.508s][gc,reloc    ] GC(4792) Forwarding Usage: 0M
[2024-07-25T19:05:21.138+0800][89.508s][gc,heap     ] GC(4792) Min Capacity: 8M(50%)
[2024-07-25T19:05:21.138+0800][89.508s][gc,heap     ] GC(4792) Max Capacity: 16M(100%)
[2024-07-25T19:05:21.138+0800][89.508s][gc,heap     ] GC(4792) Soft Max Capacity: 16M(100%)
[2024-07-25T19:05:21.138+0800][89.508s][gc,heap     ] GC(4792)                Mark Start          Mark End        Relocate Start      Relocate End           High               Low         
[2024-07-25T19:05:21.138+0800][89.508s][gc,heap     ] GC(4792)  Capacity:       16M (100%)         16M (100%)         16M (100%)         16M (100%)         16M (100%)         16M (100%)   
[2024-07-25T19:05:21.138+0800][89.508s][gc,heap     ] GC(4792)      Free:        2M (12%)           0M (0%)            2M (12%)           2M (12%)           4M (25%)           0M (0%)     
[2024-07-25T19:05:21.138+0800][89.508s][gc,heap     ] GC(4792)      Used:       14M (88%)          16M (100%)         14M (88%)          14M (88%)          16M (100%)         12M (75%)    
[2024-07-25T19:05:21.138+0800][89.508s][gc,heap     ] GC(4792)      Live:         -                 6M (42%)           6M (42%)           6M (42%)            -                  -          
[2024-07-25T19:05:21.138+0800][89.508s][gc,heap     ] GC(4792) Allocated:         -                 2M (12%)           4M (25%)           6M (38%)            -                  -          
[2024-07-25T19:05:21.138+0800][89.508s][gc,heap     ] GC(4792)   Garbage:         -                 7M (46%)           3M (21%)           1M (8%)             -                  -          
[2024-07-25T19:05:21.138+0800][89.508s][gc,heap     ] GC(4792) Reclaimed:         -                  -                 4M (25%)           6M (38%)            -                  -          
[2024-07-25T19:05:21.138+0800][89.508s][gc          ] GC(4792) Garbage Collection (Allocation Rate) 14M(88%)->14M(88%)
[2024-07-25T19:05:21.144+0800][89.513s][gc,start    ] GC(4793) Garbage Collection (Allocation Stall)
[2024-07-25T19:05:21.144+0800][89.513s][gc,ref      ] GC(4793) Clearing All SoftReferences
[2024-07-25T19:05:21.144+0800][89.513s][gc,task     ] GC(4793) Using 1 workers
[2024-07-25T19:05:21.144+0800][89.513s][gc,phases   ] GC(4793) Pause Mark Start 0.008ms
[2024-07-25T19:05:21.152+0800][89.521s][gc,phases   ] GC(4793) Concurrent Mark 8.067ms
[2024-07-25T19:05:21.152+0800][89.521s][gc,phases   ] GC(4793) Pause Mark End 0.010ms
[2024-07-25T19:05:21.152+0800][89.521s][gc,phases   ] GC(4793) Concurrent Mark Free 0.001ms
[2024-07-25T19:05:21.154+0800][89.523s][gc,phases   ] GC(4793) Concurrent Process Non-Strong References 1.956ms
[2024-07-25T19:05:21.154+0800][89.523s][gc,phases   ] GC(4793) Concurrent Reset Relocation Set 0.002ms
[2024-07-25T19:05:21.156+0800][89.526s][gc          ] Allocation Stall (main) 13.683ms
[2024-07-25T19:05:21.157+0800][89.526s][gc,phases   ] GC(4793) Concurrent Select Relocation Set 2.946ms
[2024-07-25T19:05:21.157+0800][89.527s][gc,phases   ] GC(4793) Pause Relocate Start 0.008ms
[2024-07-25T19:05:21.158+0800][89.527s][gc,phases   ] GC(4793) Concurrent Relocate 0.136ms
[2024-07-25T19:05:21.158+0800][89.527s][gc,load     ] GC(4793) Load: 0.00/0.00/0.00
[2024-07-25T19:05:21.158+0800][89.527s][gc,mmu      ] GC(4793) MMU: 2ms/88.2%, 5ms/95.3%, 10ms/97.6%, 20ms/98.8%, 50ms/99.4%, 100ms/99.6%
[2024-07-25T19:05:21.158+0800][89.527s][gc,marking  ] GC(4793) Mark: 1 stripe(s), 1 proactive flush(es), 1 terminate flush(es), 0 completion(s), 0 continuation(s) 
[2024-07-25T19:05:21.158+0800][89.527s][gc,marking  ] GC(4793) Mark Stack Usage: 32M
[2024-07-25T19:05:21.158+0800][89.527s][gc,nmethod  ] GC(4793) NMethods: 535 registered, 0 unregistered
[2024-07-25T19:05:21.158+0800][89.527s][gc,metaspace] GC(4793) Metaspace: 1M used, 1M committed, 1088M reserved
[2024-07-25T19:05:21.158+0800][89.527s][gc,ref      ] GC(4793) Soft: 46 encountered, 25 discovered, 0 enqueued
[2024-07-25T19:05:21.158+0800][89.527s][gc,ref      ] GC(4793) Weak: 131 encountered, 107 discovered, 0 enqueued
[2024-07-25T19:05:21.158+0800][89.527s][gc,ref      ] GC(4793) Final: 0 encountered, 0 discovered, 0 enqueued
[2024-07-25T19:05:21.158+0800][89.527s][gc,ref      ] GC(4793) Phantom: 184 encountered, 98 discovered, 0 enqueued
[2024-07-25T19:05:21.158+0800][89.527s][gc,reloc    ] GC(4793) Small Pages: 4 / 8M, Empty: 2M, Relocated: 0M, In-Place: 0
[2024-07-25T19:05:21.158+0800][89.527s][gc,reloc    ] GC(4793) Large Pages: 4 / 8M, Empty: 4M, Relocated: 0M, In-Place: 0
[2024-07-25T19:05:21.158+0800][89.527s][gc,reloc    ] GC(4793) Forwarding Usage: 0M
[2024-07-25T19:05:21.158+0800][89.527s][gc,heap     ] GC(4793) Min Capacity: 8M(50%)
[2024-07-25T19:05:21.158+0800][89.527s][gc,heap     ] GC(4793) Max Capacity: 16M(100%)
[2024-07-25T19:05:21.158+0800][89.527s][gc,heap     ] GC(4793) Soft Max Capacity: 16M(100%)
[2024-07-25T19:05:21.158+0800][89.527s][gc,heap     ] GC(4793)                Mark Start          Mark End        Relocate Start      Relocate End           High               Low         
[2024-07-25T19:05:21.158+0800][89.527s][gc,heap     ] GC(4793)  Capacity:       16M (100%)         16M (100%)         16M (100%)         16M (100%)         16M (100%)         16M (100%)   
[2024-07-25T19:05:21.158+0800][89.527s][gc,heap     ] GC(4793)      Free:        0M (0%)            0M (0%)            4M (25%)           2M (12%)           6M (38%)           0M (0%)     
[2024-07-25T19:05:21.158+0800][89.527s][gc,heap     ] GC(4793)      Used:       16M (100%)         16M (100%)         12M (75%)          14M (88%)          16M (100%)         10M (62%)    
[2024-07-25T19:05:21.158+0800][89.527s][gc,heap     ] GC(4793)      Live:         -                 8M (54%)           8M (54%)           8M (54%)            -                  -          
[2024-07-25T19:05:21.158+0800][89.528s][gc,heap     ] GC(4793) Allocated:         -                 0M (0%)            2M (12%)           4M (25%)            -                  -          
[2024-07-25T19:05:21.158+0800][89.528s][gc,heap     ] GC(4793)   Garbage:         -                 7M (46%)           1M (8%)            1M (8%)             -                  -          
[2024-07-25T19:05:21.158+0800][89.528s][gc,heap     ] GC(4793) Reclaimed:         -                  -                 6M (38%)           6M (38%)            -                  -          
[2024-07-25T19:05:21.158+0800][89.528s][gc          ] GC(4793) Garbage Collection (Allocation Stall) 16M(100%)->14M(88%)
[2024-07-25T19:05:21.162+0800][89.531s][gc,start    ] GC(4794) Garbage Collection (Allocation Stall)
[2024-07-25T19:05:21.162+0800][89.531s][gc,ref      ] GC(4794) Clearing All SoftReferences
[2024-07-25T19:05:21.162+0800][89.531s][gc,task     ] GC(4794) Using 1 workers
[2024-07-25T19:05:21.162+0800][89.531s][gc,phases   ] GC(4794) Pause Mark Start 0.024ms
[2024-07-25T19:05:21.169+0800][89.538s][gc,phases   ] GC(4794) Concurrent Mark 6.969ms
[2024-07-25T19:05:21.169+0800][89.538s][gc,phases   ] GC(4794) Pause Mark End 0.009ms
[2024-07-25T19:05:21.169+0800][89.538s][gc,phases   ] GC(4794) Concurrent Mark Free 0.001ms
[2024-07-25T19:05:21.171+0800][89.540s][gc,phases   ] GC(4794) Concurrent Process Non-Strong References 1.820ms
[2024-07-25T19:05:21.171+0800][89.540s][gc,phases   ] GC(4794) Concurrent Reset Relocation Set 0.001ms
[2024-07-25T19:05:21.173+0800][89.543s][gc          ] Allocation Stall (main) 12.467ms
[2024-07-25T19:05:21.173+0800][89.543s][gc,phases   ] GC(4794) Concurrent Select Relocation Set 2.870ms
[2024-07-25T19:05:21.173+0800][89.543s][gc,phases   ] GC(4794) Pause Relocate Start 0.007ms
[2024-07-25T19:05:21.175+0800][89.544s][gc,phases   ] GC(4794) Concurrent Relocate 0.052ms
[2024-07-25T19:05:21.175+0800][89.544s][gc,load     ] GC(4794) Load: 0.00/0.00/0.00
[2024-07-25T19:05:21.175+0800][89.544s][gc,mmu      ] GC(4794) MMU: 2ms/88.2%, 5ms/95.3%, 10ms/97.6%, 20ms/98.8%, 50ms/99.4%, 100ms/99.6%
[2024-07-25T19:05:21.175+0800][89.544s][gc,marking  ] GC(4794) Mark: 1 stripe(s), 1 proactive flush(es), 1 terminate flush(es), 0 completion(s), 0 continuation(s) 
[2024-07-25T19:05:21.175+0800][89.544s][gc,marking  ] GC(4794) Mark Stack Usage: 32M
[2024-07-25T19:05:21.175+0800][89.544s][gc,nmethod  ] GC(4794) NMethods: 535 registered, 0 unregistered
[2024-07-25T19:05:21.175+0800][89.544s][gc,metaspace] GC(4794) Metaspace: 1M used, 1M committed, 1088M reserved
[2024-07-25T19:05:21.175+0800][89.544s][gc,ref      ] GC(4794) Soft: 46 encountered, 25 discovered, 0 enqueued
[2024-07-25T19:05:21.175+0800][89.544s][gc,ref      ] GC(4794) Weak: 131 encountered, 107 discovered, 0 enqueued
[2024-07-25T19:05:21.175+0800][89.544s][gc,ref      ] GC(4794) Final: 0 encountered, 0 discovered, 0 enqueued
[2024-07-25T19:05:21.175+0800][89.544s][gc,ref      ] GC(4794) Phantom: 184 encountered, 98 discovered, 0 enqueued
[2024-07-25T19:05:21.175+0800][89.544s][gc,reloc    ] GC(4794) Small Pages: 4 / 8M, Empty: 2M, Relocated: 0M, In-Place: 0
[2024-07-25T19:05:21.175+0800][89.544s][gc,reloc    ] GC(4794) Large Pages: 4 / 8M, Empty: 4M, Relocated: 0M, In-Place: 0
[2024-07-25T19:05:21.175+0800][89.544s][gc,reloc    ] GC(4794) Forwarding Usage: 0M
[2024-07-25T19:05:21.175+0800][89.544s][gc,heap     ] GC(4794) Min Capacity: 8M(50%)
[2024-07-25T19:05:21.175+0800][89.544s][gc,heap     ] GC(4794) Max Capacity: 16M(100%)
[2024-07-25T19:05:21.175+0800][89.544s][gc,heap     ] GC(4794) Soft Max Capacity: 16M(100%)
[2024-07-25T19:05:21.175+0800][89.544s][gc,heap     ] GC(4794)                Mark Start          Mark End        Relocate Start      Relocate End           High               Low         
[2024-07-25T19:05:21.175+0800][89.544s][gc,heap     ] GC(4794)  Capacity:       16M (100%)         16M (100%)         16M (100%)         16M (100%)         16M (100%)         16M (100%)   
[2024-07-25T19:05:21.175+0800][89.544s][gc,heap     ] GC(4794)      Free:        0M (0%)            0M (0%)            2M (12%)           2M (12%)           6M (38%)           0M (0%)     
[2024-07-25T19:05:21.175+0800][89.544s][gc,heap     ] GC(4794)      Used:       16M (100%)         16M (100%)         14M (88%)          14M (88%)          16M (100%)         10M (62%)    
[2024-07-25T19:05:21.175+0800][89.544s][gc,heap     ] GC(4794)      Live:         -                 8M (54%)           8M (54%)           8M (54%)            -                  -          
[2024-07-25T19:05:21.175+0800][89.544s][gc,heap     ] GC(4794) Allocated:         -                 0M (0%)            4M (25%)           4M (25%)            -                  -          
[2024-07-25T19:05:21.175+0800][89.544s][gc,heap     ] GC(4794)   Garbage:         -                 7M (46%)           1M (8%)            1M (8%)             -                  -          
[2024-07-25T19:05:21.175+0800][89.544s][gc,heap     ] GC(4794) Reclaimed:         -                  -                 6M (38%)           6M (38%)            -                  -          
[2024-07-25T19:05:21.175+0800][89.544s][gc          ] GC(4794) Garbage Collection (Allocation Stall) 16M(100%)->14M(88%)
[2024-07-25T19:05:21.179+0800][89.548s][gc,start    ] GC(4795) Garbage Collection (Allocation Stall)
[2024-07-25T19:05:21.179+0800][89.548s][gc,ref      ] GC(4795) Clearing All SoftReferences
[2024-07-25T19:05:21.179+0800][89.548s][gc,task     ] GC(4795) Using 1 workers
[2024-07-25T19:05:21.179+0800][89.548s][gc,phases   ] GC(4795) Pause Mark Start 0.012ms
[2024-07-25T19:05:21.187+0800][89.556s][gc,phases   ] GC(4795) Concurrent Mark 7.690ms
[2024-07-25T19:05:21.187+0800][89.556s][gc,phases   ] GC(4795) Pause Mark End 0.021ms
[2024-07-25T19:05:21.187+0800][89.556s][gc,phases   ] GC(4795) Concurrent Mark Free 0.002ms
[2024-07-25T19:05:21.189+0800][89.559s][gc,phases   ] GC(4795) Concurrent Process Non-Strong References 2.619ms
[2024-07-25T19:05:21.189+0800][89.559s][gc,phases   ] GC(4795) Concurrent Reset Relocation Set 0.001ms
[2024-07-25T19:05:21.193+0800][89.563s][gc          ] Allocation Stall (main) 15.014ms
[2024-07-25T19:05:21.193+0800][89.563s][gc,phases   ] GC(4795) Concurrent Select Relocation Set 3.542ms
[2024-07-25T19:05:21.193+0800][89.563s][gc,phases   ] GC(4795) Pause Relocate Start 0.012ms
[2024-07-25T19:05:21.194+0800][89.563s][gc,phases   ] GC(4795) Concurrent Relocate 0.073ms
[2024-07-25T19:05:21.194+0800][89.563s][gc,load     ] GC(4795) Load: 0.00/0.00/0.00
[2024-07-25T19:05:21.194+0800][89.563s][gc,mmu      ] GC(4795) MMU: 2ms/88.2%, 5ms/95.3%, 10ms/97.6%, 20ms/98.8%, 50ms/99.4%, 100ms/99.6%
[2024-07-25T19:05:21.194+0800][89.563s][gc,marking  ] GC(4795) Mark: 1 stripe(s), 1 proactive flush(es), 1 terminate flush(es), 0 completion(s), 0 continuation(s) 
[2024-07-25T19:05:21.194+0800][89.564s][gc,marking  ] GC(4795) Mark Stack Usage: 32M
[2024-07-25T19:05:21.194+0800][89.564s][gc,nmethod  ] GC(4795) NMethods: 535 registered, 0 unregistered
[2024-07-25T19:05:21.194+0800][89.564s][gc,metaspace] GC(4795) Metaspace: 1M used, 1M committed, 1088M reserved
[2024-07-25T19:05:21.194+0800][89.564s][gc,ref      ] GC(4795) Soft: 46 encountered, 25 discovered, 0 enqueued
[2024-07-25T19:05:21.194+0800][89.564s][gc,ref      ] GC(4795) Weak: 131 encountered, 107 discovered, 0 enqueued
[2024-07-25T19:05:21.194+0800][89.564s][gc,ref      ] GC(4795) Final: 0 encountered, 0 discovered, 0 enqueued
[2024-07-25T19:05:21.194+0800][89.564s][gc,ref      ] GC(4795) Phantom: 184 encountered, 98 discovered, 0 enqueued
[2024-07-25T19:05:21.194+0800][89.564s][gc,reloc    ] GC(4795) Small Pages: 4 / 8M, Empty: 2M, Relocated: 0M, In-Place: 0
[2024-07-25T19:05:21.194+0800][89.564s][gc,reloc    ] GC(4795) Large Pages: 4 / 8M, Empty: 4M, Relocated: 0M, In-Place: 0
[2024-07-25T19:05:21.194+0800][89.564s][gc,reloc    ] GC(4795) Forwarding Usage: 0M
[2024-07-25T19:05:21.194+0800][89.564s][gc,heap     ] GC(4795) Min Capacity: 8M(50%)
[2024-07-25T19:05:21.194+0800][89.564s][gc,heap     ] GC(4795) Max Capacity: 16M(100%)
[2024-07-25T19:05:21.194+0800][89.564s][gc,heap     ] GC(4795) Soft Max Capacity: 16M(100%)
[2024-07-25T19:05:21.194+0800][89.564s][gc,heap     ] GC(4795)                Mark Start          Mark End        Relocate Start      Relocate End           High               Low         
[2024-07-25T19:05:21.194+0800][89.564s][gc,heap     ] GC(4795)  Capacity:       16M (100%)         16M (100%)         16M (100%)         16M (100%)         16M (100%)         16M (100%)   
[2024-07-25T19:05:21.194+0800][89.564s][gc,heap     ] GC(4795)      Free:        0M (0%)            0M (0%)            4M (25%)           4M (25%)           6M (38%)           0M (0%)     
[2024-07-25T19:05:21.194+0800][89.564s][gc,heap     ] GC(4795)      Used:       16M (100%)         16M (100%)         12M (75%)          12M (75%)          16M (100%)         10M (62%)    
[2024-07-25T19:05:21.194+0800][89.564s][gc,heap     ] GC(4795)      Live:         -                 8M (54%)           8M (54%)           8M (54%)            -                  -          
[2024-07-25T19:05:21.194+0800][89.564s][gc,heap     ] GC(4795) Allocated:         -                 0M (0%)            2M (12%)           2M (12%)            -                  -          
[2024-07-25T19:05:21.194+0800][89.564s][gc,heap     ] GC(4795)   Garbage:         -                 7M (46%)           1M (8%)            1M (8%)             -                  -          
[2024-07-25T19:05:21.194+0800][89.564s][gc,heap     ] GC(4795) Reclaimed:         -                  -                 6M (38%)           6M (38%)            -                  -          
[2024-07-25T19:05:21.195+0800][89.564s][gc          ] GC(4795) Garbage Collection (Allocation Stall) 16M(100%)->12M(75%)
[2024-07-25T19:05:21.198+0800][89.567s][gc,start    ] GC(4796) Garbage Collection (Allocation Stall)
[2024-07-25T19:05:21.198+0800][89.567s][gc,ref      ] GC(4796) Clearing All SoftReferences
[2024-07-25T19:05:21.198+0800][89.568s][gc,task     ] GC(4796) Using 1 workers
[2024-07-25T19:05:21.198+0800][89.568s][gc,phases   ] GC(4796) Pause Mark Start 0.011ms
[2024-07-25T19:05:21.207+0800][89.576s][gc,phases   ] GC(4796) Concurrent Mark 8.614ms
[2024-07-25T19:05:21.207+0800][89.577s][gc,phases   ] GC(4796) Pause Mark End 0.018ms
[2024-07-25T19:05:21.207+0800][89.577s][gc,phases   ] GC(4796) Concurrent Mark Free 0.002ms
[2024-07-25T19:05:21.210+0800][89.579s][gc,phases   ] GC(4796) Concurrent Process Non-Strong References 1.721ms
[2024-07-25T19:05:21.210+0800][89.579s][gc,phases   ] GC(4796) Concurrent Reset Relocation Set 0.001ms
[2024-07-25T19:05:21.212+0800][89.582s][gc          ] Allocation Stall (main) 14.848ms
[2024-07-25T19:05:21.212+0800][89.582s][gc,phases   ] GC(4796) Concurrent Select Relocation Set 3.330ms
[2024-07-25T19:05:21.213+0800][89.582s][gc,phases   ] GC(4796) Pause Relocate Start 0.026ms
[2024-07-25T19:05:21.214+0800][89.583s][gc,phases   ] GC(4796) Concurrent Relocate 0.108ms
[2024-07-25T19:05:21.214+0800][89.583s][gc,load     ] GC(4796) Load: 0.00/0.00/0.00
[2024-07-25T19:05:21.214+0800][89.583s][gc,mmu      ] GC(4796) MMU: 2ms/88.2%, 5ms/95.3%, 10ms/97.6%, 20ms/98.8%, 50ms/99.4%, 100ms/99.6%
[2024-07-25T19:05:21.214+0800][89.583s][gc,marking  ] GC(4796) Mark: 1 stripe(s), 1 proactive flush(es), 1 terminate flush(es), 0 completion(s), 0 continuation(s) 
[2024-07-25T19:05:21.214+0800][89.583s][gc,marking  ] GC(4796) Mark Stack Usage: 32M
[2024-07-25T19:05:21.214+0800][89.583s][gc,nmethod  ] GC(4796) NMethods: 535 registered, 0 unregistered
[2024-07-25T19:05:21.214+0800][89.583s][gc,metaspace] GC(4796) Metaspace: 1M used, 1M committed, 1088M reserved
[2024-07-25T19:05:21.214+0800][89.583s][gc,ref      ] GC(4796) Soft: 46 encountered, 25 discovered, 0 enqueued
[2024-07-25T19:05:21.214+0800][89.583s][gc,ref      ] GC(4796) Weak: 131 encountered, 107 discovered, 0 enqueued
[2024-07-25T19:05:21.214+0800][89.583s][gc,ref      ] GC(4796) Final: 0 encountered, 0 discovered, 0 enqueued
[2024-07-25T19:05:21.214+0800][89.583s][gc,ref      ] GC(4796) Phantom: 184 encountered, 98 discovered, 0 enqueued
[2024-07-25T19:05:21.214+0800][89.583s][gc,reloc    ] GC(4796) Small Pages: 4 / 8M, Empty: 2M, Relocated: 0M, In-Place: 0
[2024-07-25T19:05:21.214+0800][89.583s][gc,reloc    ] GC(4796) Large Pages: 4 / 8M, Empty: 4M, Relocated: 0M, In-Place: 0
[2024-07-25T19:05:21.214+0800][89.583s][gc,reloc    ] GC(4796) Forwarding Usage: 0M
[2024-07-25T19:05:21.214+0800][89.583s][gc,heap     ] GC(4796) Min Capacity: 8M(50%)
[2024-07-25T19:05:21.214+0800][89.583s][gc,heap     ] GC(4796) Max Capacity: 16M(100%)
[2024-07-25T19:05:21.214+0800][89.583s][gc,heap     ] GC(4796) Soft Max Capacity: 16M(100%)
[2024-07-25T19:05:21.214+0800][89.583s][gc,heap     ] GC(4796)                Mark Start          Mark End        Relocate Start      Relocate End           High               Low         
[2024-07-25T19:05:21.214+0800][89.583s][gc,heap     ] GC(4796)  Capacity:       16M (100%)         16M (100%)         16M (100%)         16M (100%)         16M (100%)         16M (100%)   
[2024-07-25T19:05:21.214+0800][89.583s][gc,heap     ] GC(4796)      Free:        0M (0%)            0M (0%)            2M (12%)           2M (12%)           6M (38%)           0M (0%)     
[2024-07-25T19:05:21.214+0800][89.583s][gc,heap     ] GC(4796)      Used:       16M (100%)         16M (100%)         14M (88%)          14M (88%)          16M (100%)         10M (62%)    
[2024-07-25T19:05:21.214+0800][89.583s][gc,heap     ] GC(4796)      Live:         -                 8M (54%)           8M (54%)           8M (54%)            -                  -          
[2024-07-25T19:05:21.214+0800][89.583s][gc,heap     ] GC(4796) Allocated:         -                 0M (0%)            4M (25%)           4M (25%)            -                  -          
[2024-07-25T19:05:21.214+0800][89.583s][gc,heap     ] GC(4796)   Garbage:         -                 7M (46%)           1M (8%)            1M (8%)             -                  -          
[2024-07-25T19:05:21.214+0800][89.583s][gc,heap     ] GC(4796) Reclaimed:         -                  -                 6M (38%)           6M (38%)            -                  -          
[2024-07-25T19:05:21.214+0800][89.583s][gc          ] GC(4796) Garbage Collection (Allocation Stall) 16M(100%)->14M(88%)
[2024-07-25T19:05:21.217+0800][89.586s][gc,start    ] GC(4797) Garbage Collection (Allocation Stall)
[2024-07-25T19:05:21.217+0800][89.587s][gc,ref      ] GC(4797) Clearing All SoftReferences
[2024-07-25T19:05:21.217+0800][89.587s][gc,task     ] GC(4797) Using 1 workers
[2024-07-25T19:05:21.217+0800][89.587s][gc,phases   ] GC(4797) Pause Mark Start 0.007ms
[2024-07-25T19:05:21.226+0800][89.596s][gc,phases   ] GC(4797) Concurrent Mark 8.754ms
[2024-07-25T19:05:21.226+0800][89.596s][gc,phases   ] GC(4797) Pause Mark End 0.011ms
[2024-07-25T19:05:21.226+0800][89.596s][gc,phases   ] GC(4797) Concurrent Mark Free 0.001ms
[2024-07-25T19:05:21.228+0800][89.597s][gc,phases   ] GC(4797) Concurrent Process Non-Strong References 1.526ms
[2024-07-25T19:05:21.228+0800][89.597s][gc,phases   ] GC(4797) Concurrent Reset Relocation Set 0.001ms
[2024-07-25T19:05:21.231+0800][89.600s][gc,phases   ] GC(4797) Concurrent Select Relocation Set 2.821ms
[2024-07-25T19:05:21.231+0800][89.600s][gc          ] Allocation Stall (main) 13.878ms
[2024-07-25T19:05:21.231+0800][89.600s][gc,phases   ] GC(4797) Pause Relocate Start 0.009ms
[2024-07-25T19:05:21.231+0800][89.601s][gc,phases   ] GC(4797) Concurrent Relocate 0.090ms
[2024-07-25T19:05:21.231+0800][89.601s][gc,load     ] GC(4797) Load: 0.00/0.00/0.00
[2024-07-25T19:05:21.231+0800][89.601s][gc,mmu      ] GC(4797) MMU: 2ms/88.2%, 5ms/95.3%, 10ms/97.6%, 20ms/98.8%, 50ms/99.4%, 100ms/99.6%
[2024-07-25T19:05:21.231+0800][89.601s][gc,marking  ] GC(4797) Mark: 1 stripe(s), 1 proactive flush(es), 1 terminate flush(es), 0 completion(s), 0 continuation(s) 
[2024-07-25T19:05:21.231+0800][89.601s][gc,marking  ] GC(4797) Mark Stack Usage: 32M
[2024-07-25T19:05:21.231+0800][89.601s][gc,nmethod  ] GC(4797) NMethods: 535 registered, 0 unregistered
[2024-07-25T19:05:21.231+0800][89.601s][gc,metaspace] GC(4797) Metaspace: 1M used, 1M committed, 1088M reserved
[2024-07-25T19:05:21.231+0800][89.601s][gc,ref      ] GC(4797) Soft: 46 encountered, 25 discovered, 0 enqueued
[2024-07-25T19:05:21.231+0800][89.601s][gc,ref      ] GC(4797) Weak: 131 encountered, 107 discovered, 0 enqueued
[2024-07-25T19:05:21.231+0800][89.601s][gc,ref      ] GC(4797) Final: 0 encountered, 0 discovered, 0 enqueued
[2024-07-25T19:05:21.231+0800][89.601s][gc,ref      ] GC(4797) Phantom: 184 encountered, 98 discovered, 0 enqueued
[2024-07-25T19:05:21.231+0800][89.601s][gc,reloc    ] GC(4797) Small Pages: 4 / 8M, Empty: 2M, Relocated: 0M, In-Place: 0
[2024-07-25T19:05:21.231+0800][89.601s][gc,reloc    ] GC(4797) Large Pages: 4 / 8M, Empty: 4M, Relocated: 0M, In-Place: 0
[2024-07-25T19:05:21.231+0800][89.601s][gc,reloc    ] GC(4797) Forwarding Usage: 0M
[2024-07-25T19:05:21.231+0800][89.601s][gc,heap     ] GC(4797) Min Capacity: 8M(50%)
[2024-07-25T19:05:21.231+0800][89.601s][gc,heap     ] GC(4797) Max Capacity: 16M(100%)
[2024-07-25T19:05:21.231+0800][89.601s][gc,heap     ] GC(4797) Soft Max Capacity: 16M(100%)
[2024-07-25T19:05:21.231+0800][89.601s][gc,heap     ] GC(4797)                Mark Start          Mark End        Relocate Start      Relocate End           High               Low         
[2024-07-25T19:05:21.231+0800][89.601s][gc,heap     ] GC(4797)  Capacity:       16M (100%)         16M (100%)         16M (100%)         16M (100%)         16M (100%)         16M (100%)   
[2024-07-25T19:05:21.231+0800][89.601s][gc,heap     ] GC(4797)      Free:        0M (0%)            0M (0%)            4M (25%)           2M (12%)           6M (38%)           0M (0%)     
[2024-07-25T19:05:21.231+0800][89.601s][gc,heap     ] GC(4797)      Used:       16M (100%)         16M (100%)         12M (75%)          14M (88%)          16M (100%)         10M (62%)    
[2024-07-25T19:05:21.231+0800][89.601s][gc,heap     ] GC(4797)      Live:         -                 8M (54%)           8M (54%)           8M (54%)            -                  -          
[2024-07-25T19:05:21.231+0800][89.601s][gc,heap     ] GC(4797) Allocated:         -                 0M (0%)            2M (12%)           4M (25%)            -                  -          
[2024-07-25T19:05:21.231+0800][89.601s][gc,heap     ] GC(4797)   Garbage:         -                 7M (46%)           1M (8%)            1M (8%)             -                  -          
[2024-07-25T19:05:21.231+0800][89.601s][gc,heap     ] GC(4797) Reclaimed:         -                  -                 6M (38%)           6M (38%)            -                  -          
[2024-07-25T19:05:21.231+0800][89.601s][gc          ] GC(4797) Garbage Collection (Allocation Stall) 16M(100%)->14M(88%)
[2024-07-25T19:05:21.237+0800][89.607s][gc,start    ] GC(4798) Garbage Collection (Allocation Stall)
[2024-07-25T19:05:21.237+0800][89.607s][gc,ref      ] GC(4798) Clearing All SoftReferences
[2024-07-25T19:05:21.237+0800][89.607s][gc,task     ] GC(4798) Using 1 workers
[2024-07-25T19:05:21.237+0800][89.607s][gc,phases   ] GC(4798) Pause Mark Start 0.009ms
[2024-07-25T19:05:21.243+0800][89.613s][gc,phases   ] GC(4798) Concurrent Mark 6.338ms
[2024-07-25T19:05:21.243+0800][89.613s][gc,phases   ] GC(4798) Pause Mark End 0.010ms
[2024-07-25T19:05:21.244+0800][89.613s][gc,phases   ] GC(4798) Concurrent Mark Free 0.001ms
[2024-07-25T19:05:21.245+0800][89.615s][gc,phases   ] GC(4798) Concurrent Process Non-Strong References 1.597ms
[2024-07-25T19:05:21.245+0800][89.615s][gc,phases   ] GC(4798) Concurrent Reset Relocation Set 0.001ms
[2024-07-25T19:05:21.250+0800][89.619s][gc          ] Allocation Stall (main) 12.053ms
[2024-07-25T19:05:21.250+0800][89.619s][gc,phases   ] GC(4798) Concurrent Select Relocation Set 3.406ms
[2024-07-25T19:05:21.250+0800][89.619s][gc,phases   ] GC(4798) Pause Relocate Start 0.023ms
[2024-07-25T19:05:21.250+0800][89.619s][gc,phases   ] GC(4798) Concurrent Relocate 0.047ms
[2024-07-25T19:05:21.250+0800][89.619s][gc,load     ] GC(4798) Load: 0.00/0.00/0.00
[2024-07-25T19:05:21.250+0800][89.619s][gc,mmu      ] GC(4798) MMU: 2ms/88.2%, 5ms/95.3%, 10ms/97.6%, 20ms/98.8%, 50ms/99.4%, 100ms/99.6%
[2024-07-25T19:05:21.250+0800][89.619s][gc,marking  ] GC(4798) Mark: 1 stripe(s), 1 proactive flush(es), 1 terminate flush(es), 0 completion(s), 0 continuation(s) 
[2024-07-25T19:05:21.250+0800][89.619s][gc,marking  ] GC(4798) Mark Stack Usage: 32M
[2024-07-25T19:05:21.250+0800][89.619s][gc,nmethod  ] GC(4798) NMethods: 535 registered, 0 unregistered
[2024-07-25T19:05:21.250+0800][89.619s][gc,metaspace] GC(4798) Metaspace: 1M used, 1M committed, 1088M reserved
[2024-07-25T19:05:21.250+0800][89.619s][gc,ref      ] GC(4798) Soft: 46 encountered, 25 discovered, 0 enqueued
[2024-07-25T19:05:21.250+0800][89.619s][gc,ref      ] GC(4798) Weak: 131 encountered, 107 discovered, 0 enqueued
[2024-07-25T19:05:21.250+0800][89.619s][gc,ref      ] GC(4798) Final: 0 encountered, 0 discovered, 0 enqueued
[2024-07-25T19:05:21.250+0800][89.619s][gc,ref      ] GC(4798) Phantom: 184 encountered, 98 discovered, 0 enqueued
[2024-07-25T19:05:21.250+0800][89.619s][gc,reloc    ] GC(4798) Small Pages: 4 / 8M, Empty: 2M, Relocated: 0M, In-Place: 0
[2024-07-25T19:05:21.250+0800][89.619s][gc,reloc    ] GC(4798) Large Pages: 4 / 8M, Empty: 4M, Relocated: 0M, In-Place: 0
[2024-07-25T19:05:21.250+0800][89.620s][gc,reloc    ] GC(4798) Forwarding Usage: 0M
[2024-07-25T19:05:21.250+0800][89.620s][gc,heap     ] GC(4798) Min Capacity: 8M(50%)
[2024-07-25T19:05:21.250+0800][89.620s][gc,heap     ] GC(4798) Max Capacity: 16M(100%)
[2024-07-25T19:05:21.250+0800][89.620s][gc,heap     ] GC(4798) Soft Max Capacity: 16M(100%)
[2024-07-25T19:05:21.250+0800][89.620s][gc,heap     ] GC(4798)                Mark Start          Mark End        Relocate Start      Relocate End           High               Low         
[2024-07-25T19:05:21.250+0800][89.620s][gc,heap     ] GC(4798)  Capacity:       16M (100%)         16M (100%)         16M (100%)         16M (100%)         16M (100%)         16M (100%)   
[2024-07-25T19:05:21.250+0800][89.620s][gc,heap     ] GC(4798)      Free:        0M (0%)            0M (0%)            4M (25%)           4M (25%)           6M (38%)           0M (0%)     
[2024-07-25T19:05:21.250+0800][89.620s][gc,heap     ] GC(4798)      Used:       16M (100%)         16M (100%)         12M (75%)          12M (75%)          16M (100%)         10M (62%)    
[2024-07-25T19:05:21.250+0800][89.620s][gc,heap     ] GC(4798)      Live:         -                 8M (54%)           8M (54%)           8M (54%)            -                  -          
[2024-07-25T19:05:21.250+0800][89.620s][gc,heap     ] GC(4798) Allocated:         -                 0M (0%)            2M (12%)           2M (12%)            -                  -          
[2024-07-25T19:05:21.250+0800][89.620s][gc,heap     ] GC(4798)   Garbage:         -                 7M (46%)           1M (8%)            1M (8%)             -                  -          
[2024-07-25T19:05:21.250+0800][89.620s][gc,heap     ] GC(4798) Reclaimed:         -                  -                 6M (38%)           6M (38%)            -                  -          
[2024-07-25T19:05:21.250+0800][89.620s][gc          ] GC(4798) Garbage Collection (Allocation Stall) 16M(100%)->12M(75%)
[2024-07-25T19:05:21.253+0800][89.623s][gc,start    ] GC(4799) Garbage Collection (Allocation Stall)
[2024-07-25T19:05:21.253+0800][89.623s][gc,ref      ] GC(4799) Clearing All SoftReferences
[2024-07-25T19:05:21.253+0800][89.623s][gc,task     ] GC(4799) Using 1 workers
[2024-07-25T19:05:21.253+0800][89.623s][gc,phases   ] GC(4799) Pause Mark Start 0.006ms
[2024-07-25T19:05:21.261+0800][89.630s][gc,phases   ] GC(4799) Concurrent Mark 7.165ms
[2024-07-25T19:05:21.261+0800][89.630s][gc,phases   ] GC(4799) Pause Mark End 0.011ms
[2024-07-25T19:05:21.261+0800][89.630s][gc,phases   ] GC(4799) Concurrent Mark Free 0.001ms
[2024-07-25T19:05:21.263+0800][89.632s][gc,phases   ] GC(4799) Concurrent Process Non-Strong References 1.763ms
[2024-07-25T19:05:21.263+0800][89.632s][gc,phases   ] GC(4799) Concurrent Reset Relocation Set 0.001ms
[2024-07-25T19:05:21.266+0800][89.635s][gc          ] Allocation Stall (main) 12.593ms
[2024-07-25T19:05:21.266+0800][89.635s][gc,phases   ] GC(4799) Concurrent Select Relocation Set 2.962ms
[2024-07-25T19:05:21.266+0800][89.635s][gc,phases   ] GC(4799) Pause Relocate Start 0.009ms
[2024-07-25T19:05:21.266+0800][89.635s][gc,phases   ] GC(4799) Concurrent Relocate 0.046ms
[2024-07-25T19:05:21.266+0800][89.636s][gc,load     ] GC(4799) Load: 0.00/0.00/0.00
[2024-07-25T19:05:21.267+0800][89.636s][gc,mmu      ] GC(4799) MMU: 2ms/88.2%, 5ms/95.3%, 10ms/97.6%, 20ms/98.8%, 50ms/99.4%, 100ms/99.6%
[2024-07-25T19:05:21.267+0800][89.636s][gc,marking  ] GC(4799) Mark: 1 stripe(s), 1 proactive flush(es), 1 terminate flush(es), 0 completion(s), 0 continuation(s) 
[2024-07-25T19:05:21.267+0800][89.636s][gc,marking  ] GC(4799) Mark Stack Usage: 32M
[2024-07-25T19:05:21.267+0800][89.636s][gc,nmethod  ] GC(4799) NMethods: 535 registered, 0 unregistered
[2024-07-25T19:05:21.267+0800][89.636s][gc,metaspace] GC(4799) Metaspace: 1M used, 1M committed, 1088M reserved
[2024-07-25T19:05:21.267+0800][89.636s][gc,ref      ] GC(4799) Soft: 46 encountered, 25 discovered, 0 enqueued
[2024-07-25T19:05:21.267+0800][89.636s][gc,ref      ] GC(4799) Weak: 131 encountered, 107 discovered, 0 enqueued
[2024-07-25T19:05:21.267+0800][89.636s][gc,ref      ] GC(4799) Final: 0 encountered, 0 discovered, 0 enqueued
[2024-07-25T19:05:21.267+0800][89.636s][gc,ref      ] GC(4799) Phantom: 184 encountered, 98 discovered, 0 enqueued
[2024-07-25T19:05:21.267+0800][89.636s][gc,reloc    ] GC(4799) Small Pages: 4 / 8M, Empty: 2M, Relocated: 0M, In-Place: 0
[2024-07-25T19:05:21.267+0800][89.636s][gc,reloc    ] GC(4799) Large Pages: 4 / 8M, Empty: 4M, Relocated: 0M, In-Place: 0
[2024-07-25T19:05:21.267+0800][89.636s][gc,reloc    ] GC(4799) Forwarding Usage: 0M
[2024-07-25T19:05:21.267+0800][89.636s][gc,heap     ] GC(4799) Min Capacity: 8M(50%)
[2024-07-25T19:05:21.267+0800][89.636s][gc,heap     ] GC(4799) Max Capacity: 16M(100%)
[2024-07-25T19:05:21.267+0800][89.636s][gc,heap     ] GC(4799) Soft Max Capacity: 16M(100%)
[2024-07-25T19:05:21.267+0800][89.636s][gc,heap     ] GC(4799)                Mark Start          Mark End        Relocate Start      Relocate End           High               Low         
[2024-07-25T19:05:21.267+0800][89.636s][gc,heap     ] GC(4799)  Capacity:       16M (100%)         16M (100%)         16M (100%)         16M (100%)         16M (100%)         16M (100%)   
[2024-07-25T19:05:21.267+0800][89.636s][gc,heap     ] GC(4799)      Free:        0M (0%)            0M (0%)            4M (25%)           4M (25%)           6M (38%)           0M (0%)     
[2024-07-25T19:05:21.267+0800][89.636s][gc,heap     ] GC(4799)      Used:       16M (100%)         16M (100%)         12M (75%)          12M (75%)          16M (100%)         10M (62%)    
[2024-07-25T19:05:21.267+0800][89.636s][gc,heap     ] GC(4799)      Live:         -                 8M (54%)           8M (54%)           8M (54%)            -                  -          
[2024-07-25T19:05:21.267+0800][89.636s][gc,heap     ] GC(4799) Allocated:         -                 0M (0%)            2M (12%)           2M (12%)            -                  -          
[2024-07-25T19:05:21.267+0800][89.636s][gc,heap     ] GC(4799)   Garbage:         -                 7M (46%)           1M (8%)            1M (8%)             -                  -          
[2024-07-25T19:05:21.267+0800][89.636s][gc,heap     ] GC(4799) Reclaimed:         -                  -                 6M (38%)           6M (38%)            -                  -          
[2024-07-25T19:05:21.267+0800][89.636s][gc          ] GC(4799) Garbage Collection (Allocation Stall) 16M(100%)->12M(75%)
[2024-07-25T19:05:21.270+0800][89.639s][gc,start    ] GC(4800) Garbage Collection (Allocation Stall)
[2024-07-25T19:05:21.270+0800][89.639s][gc,ref      ] GC(4800) Clearing All SoftReferences
[2024-07-25T19:05:21.270+0800][89.639s][gc,task     ] GC(4800) Using 1 workers
[2024-07-25T19:05:21.270+0800][89.639s][gc,phases   ] GC(4800) Pause Mark Start 0.008ms
[2024-07-25T19:05:21.276+0800][89.645s][gc,phases   ] GC(4800) Concurrent Mark 6.381ms
[2024-07-25T19:05:21.276+0800][89.646s][gc,phases   ] GC(4800) Pause Mark End 0.012ms
[2024-07-25T19:05:21.276+0800][89.646s][gc,phases   ] GC(4800) Concurrent Mark Free 0.001ms
[2024-07-25T19:05:21.278+0800][89.648s][gc,phases   ] GC(4800) Concurrent Process Non-Strong References 1.791ms
[2024-07-25T19:05:21.278+0800][89.648s][gc,phases   ] GC(4800) Concurrent Reset Relocation Set 0.001ms
[2024-07-25T19:05:21.281+0800][89.651s][gc          ] Allocation Stall (main) 11.957ms
[2024-07-25T19:05:21.281+0800][89.651s][gc,phases   ] GC(4800) Concurrent Select Relocation Set 3.005ms
[2024-07-25T19:05:21.281+0800][89.651s][gc,phases   ] GC(4800) Pause Relocate Start 0.010ms
[2024-07-25T19:05:21.282+0800][89.651s][gc,phases   ] GC(4800) Concurrent Relocate 0.053ms
[2024-07-25T19:05:21.282+0800][89.651s][gc,load     ] GC(4800) Load: 0.00/0.00/0.00
[2024-07-25T19:05:21.282+0800][89.651s][gc,mmu      ] GC(4800) MMU: 2ms/88.2%, 5ms/95.3%, 10ms/97.6%, 20ms/98.8%, 50ms/99.4%, 100ms/99.6%
[2024-07-25T19:05:21.282+0800][89.651s][gc,marking  ] GC(4800) Mark: 1 stripe(s), 1 proactive flush(es), 1 terminate flush(es), 0 completion(s), 0 continuation(s) 
[2024-07-25T19:05:21.282+0800][89.651s][gc,marking  ] GC(4800) Mark Stack Usage: 32M
[2024-07-25T19:05:21.282+0800][89.651s][gc,nmethod  ] GC(4800) NMethods: 535 registered, 0 unregistered
[2024-07-25T19:05:21.282+0800][89.651s][gc,metaspace] GC(4800) Metaspace: 1M used, 1M committed, 1088M reserved
[2024-07-25T19:05:21.282+0800][89.651s][gc,ref      ] GC(4800) Soft: 46 encountered, 25 discovered, 0 enqueued
[2024-07-25T19:05:21.282+0800][89.651s][gc,ref      ] GC(4800) Weak: 131 encountered, 107 discovered, 0 enqueued
[2024-07-25T19:05:21.282+0800][89.651s][gc,ref      ] GC(4800) Final: 0 encountered, 0 discovered, 0 enqueued
[2024-07-25T19:05:21.282+0800][89.651s][gc,ref      ] GC(4800) Phantom: 184 encountered, 98 discovered, 0 enqueued
[2024-07-25T19:05:21.282+0800][89.651s][gc,reloc    ] GC(4800) Small Pages: 4 / 8M, Empty: 2M, Relocated: 0M, In-Place: 0
[2024-07-25T19:05:21.282+0800][89.651s][gc,reloc    ] GC(4800) Large Pages: 4 / 8M, Empty: 4M, Relocated: 0M, In-Place: 0
[2024-07-25T19:05:21.282+0800][89.651s][gc,reloc    ] GC(4800) Forwarding Usage: 0M
[2024-07-25T19:05:21.282+0800][89.651s][gc,heap     ] GC(4800) Min Capacity: 8M(50%)
[2024-07-25T19:05:21.282+0800][89.651s][gc,heap     ] GC(4800) Max Capacity: 16M(100%)
[2024-07-25T19:05:21.282+0800][89.652s][gc,heap     ] GC(4800) Soft Max Capacity: 16M(100%)
[2024-07-25T19:05:21.282+0800][89.652s][gc,heap     ] GC(4800)                Mark Start          Mark End        Relocate Start      Relocate End           High               Low         
[2024-07-25T19:05:21.282+0800][89.652s][gc,heap     ] GC(4800)  Capacity:       16M (100%)         16M (100%)         16M (100%)         16M (100%)         16M (100%)         16M (100%)   
[2024-07-25T19:05:21.282+0800][89.652s][gc,heap     ] GC(4800)      Free:        0M (0%)            0M (0%)            2M (12%)           2M (12%)           6M (38%)           0M (0%)     
[2024-07-25T19:05:21.282+0800][89.652s][gc,heap     ] GC(4800)      Used:       16M (100%)         16M (100%)         14M (88%)          14M (88%)          16M (100%)         10M (62%)    
[2024-07-25T19:05:21.282+0800][89.652s][gc,heap     ] GC(4800)      Live:         -                 8M (54%)           8M (54%)           8M (54%)            -                  -          
[2024-07-25T19:05:21.282+0800][89.652s][gc,heap     ] GC(4800) Allocated:         -                 0M (0%)            4M (25%)           4M (25%)            -                  -          
[2024-07-25T19:05:21.282+0800][89.652s][gc,heap     ] GC(4800)   Garbage:         -                 7M (46%)           1M (8%)            1M (8%)             -                  -          
[2024-07-25T19:05:21.282+0800][89.652s][gc,heap     ] GC(4800) Reclaimed:         -                  -                 6M (38%)           6M (38%)            -                  -          
[2024-07-25T19:05:21.282+0800][89.652s][gc          ] GC(4800) Garbage Collection (Allocation Stall) 16M(100%)->14M(88%)
[2024-07-25T19:05:21.285+0800][89.654s][gc,start    ] GC(4801) Garbage Collection (Allocation Stall)
[2024-07-25T19:05:21.285+0800][89.654s][gc,ref      ] GC(4801) Clearing All SoftReferences
[2024-07-25T19:05:21.285+0800][89.654s][gc,task     ] GC(4801) Using 1 workers
[2024-07-25T19:05:21.285+0800][89.654s][gc,phases   ] GC(4801) Pause Mark Start 0.008ms
[2024-07-25T19:05:21.292+0800][89.661s][gc,phases   ] GC(4801) Concurrent Mark 6.762ms
[2024-07-25T19:05:21.292+0800][89.661s][gc,phases   ] GC(4801) Pause Mark End 0.012ms
[2024-07-25T19:05:21.292+0800][89.661s][gc,phases   ] GC(4801) Concurrent Mark Free 0.001ms
[2024-07-25T19:05:21.294+0800][89.664s][gc,phases   ] GC(4801) Concurrent Process Non-Strong References 2.033ms
[2024-07-25T19:05:21.294+0800][89.664s][gc,phases   ] GC(4801) Concurrent Reset Relocation Set 0.001ms
[2024-07-25T19:05:21.297+0800][89.667s][gc          ] Allocation Stall (main) 12.570ms
[2024-07-25T19:05:21.297+0800][89.667s][gc,phases   ] GC(4801) Concurrent Select Relocation Set 3.024ms
[2024-07-25T19:05:21.297+0800][89.667s][gc,phases   ] GC(4801) Pause Relocate Start 0.010ms
[2024-07-25T19:05:21.298+0800][89.667s][gc,phases   ] GC(4801) Concurrent Relocate 0.037ms
[2024-07-25T19:05:21.298+0800][89.667s][gc,load     ] GC(4801) Load: 0.00/0.00/0.00
[2024-07-25T19:05:21.298+0800][89.667s][gc,mmu      ] GC(4801) MMU: 2ms/88.2%, 5ms/95.3%, 10ms/97.6%, 20ms/98.8%, 50ms/99.4%, 100ms/99.6%
[2024-07-25T19:05:21.298+0800][89.667s][gc,marking  ] GC(4801) Mark: 1 stripe(s), 1 proactive flush(es), 1 terminate flush(es), 0 completion(s), 0 continuation(s) 
[2024-07-25T19:05:21.298+0800][89.667s][gc,marking  ] GC(4801) Mark Stack Usage: 32M
[2024-07-25T19:05:21.298+0800][89.667s][gc,nmethod  ] GC(4801) NMethods: 535 registered, 0 unregistered
[2024-07-25T19:05:21.298+0800][89.667s][gc,metaspace] GC(4801) Metaspace: 1M used, 1M committed, 1088M reserved
[2024-07-25T19:05:21.298+0800][89.667s][gc,ref      ] GC(4801) Soft: 46 encountered, 25 discovered, 0 enqueued
[2024-07-25T19:05:21.298+0800][89.667s][gc,ref      ] GC(4801) Weak: 131 encountered, 107 discovered, 0 enqueued
[2024-07-25T19:05:21.298+0800][89.667s][gc,ref      ] GC(4801) Final: 0 encountered, 0 discovered, 0 enqueued
[2024-07-25T19:05:21.298+0800][89.667s][gc,ref      ] GC(4801) Phantom: 184 encountered, 98 discovered, 0 enqueued
[2024-07-25T19:05:21.298+0800][89.667s][gc,reloc    ] GC(4801) Small Pages: 4 / 8M, Empty: 2M, Relocated: 0M, In-Place: 0
[2024-07-25T19:05:21.298+0800][89.667s][gc,reloc    ] GC(4801) Large Pages: 4 / 8M, Empty: 4M, Relocated: 0M, In-Place: 0
[2024-07-25T19:05:21.298+0800][89.667s][gc,reloc    ] GC(4801) Forwarding Usage: 0M
[2024-07-25T19:05:21.298+0800][89.667s][gc,heap     ] GC(4801) Min Capacity: 8M(50%)
[2024-07-25T19:05:21.298+0800][89.667s][gc,heap     ] GC(4801) Max Capacity: 16M(100%)
[2024-07-25T19:05:21.298+0800][89.667s][gc,heap     ] GC(4801) Soft Max Capacity: 16M(100%)
[2024-07-25T19:05:21.298+0800][89.667s][gc,heap     ] GC(4801)                Mark Start          Mark End        Relocate Start      Relocate End           High               Low         
[2024-07-25T19:05:21.298+0800][89.668s][gc,heap     ] GC(4801)  Capacity:       16M (100%)         16M (100%)         16M (100%)         16M (100%)         16M (100%)         16M (100%)   
[2024-07-25T19:05:21.298+0800][89.668s][gc,heap     ] GC(4801)      Free:        0M (0%)            0M (0%)            4M (25%)           4M (25%)           6M (38%)           0M (0%)     
[2024-07-25T19:05:21.298+0800][89.668s][gc,heap     ] GC(4801)      Used:       16M (100%)         16M (100%)         12M (75%)          12M (75%)          16M (100%)         10M (62%)    
[2024-07-25T19:05:21.298+0800][89.668s][gc,heap     ] GC(4801)      Live:         -                 8M (54%)           8M (54%)           8M (54%)            -                  -          
[2024-07-25T19:05:21.298+0800][89.668s][gc,heap     ] GC(4801) Allocated:         -                 0M (0%)            2M (12%)           2M (12%)            -                  -          
[2024-07-25T19:05:21.298+0800][89.668s][gc,heap     ] GC(4801)   Garbage:         -                 7M (46%)           1M (8%)            1M (8%)             -                  -          
[2024-07-25T19:05:21.298+0800][89.668s][gc,heap     ] GC(4801) Reclaimed:         -                  -                 6M (38%)           6M (38%)            -                  -          
[2024-07-25T19:05:21.298+0800][89.668s][gc          ] GC(4801) Garbage Collection (Allocation Stall) 16M(100%)->12M(75%)
[2024-07-25T19:05:21.303+0800][89.672s][gc,start    ] GC(4802) Garbage Collection (Allocation Stall)
[2024-07-25T19:05:21.303+0800][89.672s][gc,ref      ] GC(4802) Clearing All SoftReferences
[2024-07-25T19:05:21.304+0800][89.673s][gc,task     ] GC(4802) Using 1 workers
[2024-07-25T19:05:21.304+0800][89.673s][gc,phases   ] GC(4802) Pause Mark Start 0.011ms
[2024-07-25T19:05:21.312+0800][89.681s][gc,phases   ] GC(4802) Concurrent Mark 8.056ms
[2024-07-25T19:05:21.312+0800][89.681s][gc,phases   ] GC(4802) Pause Mark End 0.013ms
[2024-07-25T19:05:21.312+0800][89.681s][gc,phases   ] GC(4802) Concurrent Mark Free 0.001ms
[2024-07-25T19:05:21.314+0800][89.684s][gc,phases   ] GC(4802) Concurrent Process Non-Strong References 2.267ms
[2024-07-25T19:05:21.314+0800][89.684s][gc,phases   ] GC(4802) Concurrent Reset Relocation Set 0.001ms
[2024-07-25T19:05:21.318+0800][89.687s][gc          ] Allocation Stall (main) 14.870ms
[2024-07-25T19:05:21.318+0800][89.687s][gc,phases   ] GC(4802) Concurrent Select Relocation Set 3.442ms
[2024-07-25T19:05:21.318+0800][89.687s][gc,phases   ] GC(4802) Pause Relocate Start 0.009ms
[2024-07-25T19:05:21.318+0800][89.688s][gc,phases   ] GC(4802) Concurrent Relocate 0.100ms
[2024-07-25T19:05:21.319+0800][89.688s][gc,load     ] GC(4802) Load: 0.00/0.00/0.00
[2024-07-25T19:05:21.319+0800][89.688s][gc,mmu      ] GC(4802) MMU: 2ms/88.2%, 5ms/95.3%, 10ms/97.6%, 20ms/98.8%, 50ms/99.4%, 100ms/99.6%
[2024-07-25T19:05:21.319+0800][89.688s][gc,marking  ] GC(4802) Mark: 1 stripe(s), 1 proactive flush(es), 1 terminate flush(es), 0 completion(s), 0 continuation(s) 
[2024-07-25T19:05:21.319+0800][89.688s][gc,marking  ] GC(4802) Mark Stack Usage: 32M
[2024-07-25T19:05:21.319+0800][89.688s][gc,nmethod  ] GC(4802) NMethods: 535 registered, 0 unregistered
[2024-07-25T19:05:21.319+0800][89.688s][gc,metaspace] GC(4802) Metaspace: 1M used, 1M committed, 1088M reserved
[2024-07-25T19:05:21.319+0800][89.688s][gc,ref      ] GC(4802) Soft: 46 encountered, 25 discovered, 0 enqueued
[2024-07-25T19:05:21.319+0800][89.688s][gc,ref      ] GC(4802) Weak: 131 encountered, 107 discovered, 0 enqueued
[2024-07-25T19:05:21.319+0800][89.688s][gc,ref      ] GC(4802) Final: 0 encountered, 0 discovered, 0 enqueued
[2024-07-25T19:05:21.319+0800][89.688s][gc,ref      ] GC(4802) Phantom: 184 encountered, 98 discovered, 0 enqueued
[2024-07-25T19:05:21.319+0800][89.688s][gc,reloc    ] GC(4802) Small Pages: 4 / 8M, Empty: 2M, Relocated: 0M, In-Place: 0
[2024-07-25T19:05:21.319+0800][89.688s][gc,reloc    ] GC(4802) Large Pages: 4 / 8M, Empty: 4M, Relocated: 0M, In-Place: 0
[2024-07-25T19:05:21.319+0800][89.688s][gc,reloc    ] GC(4802) Forwarding Usage: 0M
[2024-07-25T19:05:21.319+0800][89.688s][gc,heap     ] GC(4802) Min Capacity: 8M(50%)
[2024-07-25T19:05:21.319+0800][89.688s][gc,heap     ] GC(4802) Max Capacity: 16M(100%)
[2024-07-25T19:05:21.319+0800][89.688s][gc,heap     ] GC(4802) Soft Max Capacity: 16M(100%)
[2024-07-25T19:05:21.319+0800][89.688s][gc,heap     ] GC(4802)                Mark Start          Mark End        Relocate Start      Relocate End           High               Low         
[2024-07-25T19:05:21.319+0800][89.688s][gc,heap     ] GC(4802)  Capacity:       16M (100%)         16M (100%)         16M (100%)         16M (100%)         16M (100%)         16M (100%)   
[2024-07-25T19:05:21.319+0800][89.688s][gc,heap     ] GC(4802)      Free:        0M (0%)            0M (0%)            2M (12%)           2M (12%)           6M (38%)           0M (0%)     
[2024-07-25T19:05:21.319+0800][89.688s][gc,heap     ] GC(4802)      Used:       16M (100%)         16M (100%)         14M (88%)          14M (88%)          16M (100%)         10M (62%)    
[2024-07-25T19:05:21.319+0800][89.689s][gc,heap     ] GC(4802)      Live:         -                 8M (54%)           8M (54%)           8M (54%)            -                  -          
[2024-07-25T19:05:21.319+0800][89.689s][gc,heap     ] GC(4802) Allocated:         -                 0M (0%)            4M (25%)           4M (25%)            -                  -          
[2024-07-25T19:05:21.319+0800][89.689s][gc,heap     ] GC(4802)   Garbage:         -                 7M (46%)           1M (8%)            1M (8%)             -                  -          
[2024-07-25T19:05:21.319+0800][89.689s][gc,heap     ] GC(4802) Reclaimed:         -                  -                 6M (38%)           6M (38%)            -                  -          
[2024-07-25T19:05:21.319+0800][89.689s][gc          ] GC(4802) Garbage Collection (Allocation Stall) 16M(100%)->14M(88%)
[2024-07-25T19:05:21.324+0800][89.693s][gc,start    ] GC(4803) Garbage Collection (Allocation Stall)
[2024-07-25T19:05:21.324+0800][89.693s][gc,ref      ] GC(4803) Clearing All SoftReferences
[2024-07-25T19:05:21.324+0800][89.693s][gc,task     ] GC(4803) Using 1 workers
[2024-07-25T19:05:21.324+0800][89.693s][gc,phases   ] GC(4803) Pause Mark Start 0.010ms
[2024-07-25T19:05:21.332+0800][89.701s][gc,phases   ] GC(4803) Concurrent Mark 7.803ms
[2024-07-25T19:05:21.332+0800][89.701s][gc,phases   ] GC(4803) Pause Mark End 0.013ms
[2024-07-25T19:05:21.332+0800][89.702s][gc,phases   ] GC(4803) Concurrent Mark Free 0.001ms
[2024-07-25T19:05:21.335+0800][89.704s][gc,phases   ] GC(4803) Concurrent Process Non-Strong References 2.125ms
[2024-07-25T19:05:21.335+0800][89.704s][gc,phases   ] GC(4803) Concurrent Reset Relocation Set 0.001ms
[2024-07-25T19:05:21.338+0800][89.707s][gc          ] Allocation Stall (main) 14.430ms
[2024-07-25T19:05:21.339+0800][89.707s][gc,phases   ] GC(4803) Concurrent Select Relocation Set 3.543ms
[2024-07-25T19:05:21.339+0800][89.708s][gc,phases   ] GC(4803) Pause Relocate Start 0.009ms
[2024-07-25T19:05:21.339+0800][89.708s][gc,phases   ] GC(4803) Concurrent Relocate 0.089ms
[2024-07-25T19:05:21.339+0800][89.708s][gc,load     ] GC(4803) Load: 0.00/0.00/0.00
[2024-07-25T19:05:21.339+0800][89.708s][gc,mmu      ] GC(4803) MMU: 2ms/88.2%, 5ms/95.3%, 10ms/97.6%, 20ms/98.8%, 50ms/99.4%, 100ms/99.6%
[2024-07-25T19:05:21.339+0800][89.708s][gc,marking  ] GC(4803) Mark: 1 stripe(s), 1 proactive flush(es), 1 terminate flush(es), 0 completion(s), 0 continuation(s) 
[2024-07-25T19:05:21.339+0800][89.708s][gc,marking  ] GC(4803) Mark Stack Usage: 32M
[2024-07-25T19:05:21.339+0800][89.708s][gc,nmethod  ] GC(4803) NMethods: 535 registered, 0 unregistered
[2024-07-25T19:05:21.339+0800][89.708s][gc,metaspace] GC(4803) Metaspace: 1M used, 1M committed, 1088M reserved
[2024-07-25T19:05:21.339+0800][89.708s][gc,ref      ] GC(4803) Soft: 46 encountered, 25 discovered, 0 enqueued
[2024-07-25T19:05:21.339+0800][89.708s][gc,ref      ] GC(4803) Weak: 131 encountered, 107 discovered, 0 enqueued
[2024-07-25T19:05:21.339+0800][89.709s][gc,ref      ] GC(4803) Final: 0 encountered, 0 discovered, 0 enqueued
[2024-07-25T19:05:21.339+0800][89.709s][gc,ref      ] GC(4803) Phantom: 184 encountered, 98 discovered, 0 enqueued
[2024-07-25T19:05:21.339+0800][89.709s][gc,reloc    ] GC(4803) Small Pages: 4 / 8M, Empty: 2M, Relocated: 0M, In-Place: 0
[2024-07-25T19:05:21.339+0800][89.709s][gc,reloc    ] GC(4803) Large Pages: 4 / 8M, Empty: 4M, Relocated: 0M, In-Place: 0
[2024-07-25T19:05:21.339+0800][89.709s][gc,reloc    ] GC(4803) Forwarding Usage: 0M
[2024-07-25T19:05:21.339+0800][89.709s][gc,heap     ] GC(4803) Min Capacity: 8M(50%)
[2024-07-25T19:05:21.339+0800][89.709s][gc,heap     ] GC(4803) Max Capacity: 16M(100%)
[2024-07-25T19:05:21.339+0800][89.709s][gc,heap     ] GC(4803) Soft Max Capacity: 16M(100%)
[2024-07-25T19:05:21.339+0800][89.709s][gc,heap     ] GC(4803)                Mark Start          Mark End        Relocate Start      Relocate End           High               Low         
[2024-07-25T19:05:21.340+0800][89.709s][gc,heap     ] GC(4803)  Capacity:       16M (100%)         16M (100%)         16M (100%)         16M (100%)         16M (100%)         16M (100%)   
[2024-07-25T19:05:21.340+0800][89.709s][gc,heap     ] GC(4803)      Free:        0M (0%)            0M (0%)            4M (25%)           4M (25%)           6M (38%)           0M (0%)     
[2024-07-25T19:05:21.340+0800][89.709s][gc,heap     ] GC(4803)      Used:       16M (100%)         16M (100%)         12M (75%)          12M (75%)          16M (100%)         10M (62%)    
[2024-07-25T19:05:21.340+0800][89.709s][gc,heap     ] GC(4803)      Live:         -                 8M (54%)           8M (54%)           8M (54%)            -                  -          
[2024-07-25T19:05:21.340+0800][89.709s][gc,heap     ] GC(4803) Allocated:         -                 0M (0%)            2M (12%)           2M (12%)            -                  -          
[2024-07-25T19:05:21.340+0800][89.709s][gc,heap     ] GC(4803)   Garbage:         -                 7M (46%)           1M (8%)            1M (8%)             -                  -          
[2024-07-25T19:05:21.340+0800][89.709s][gc,heap     ] GC(4803) Reclaimed:         -                  -                 6M (38%)           6M (38%)            -                  -          
[2024-07-25T19:05:21.340+0800][89.709s][gc          ] GC(4803) Garbage Collection (Allocation Stall) 16M(100%)->12M(75%)
[2024-07-25T19:05:21.343+0800][89.712s][gc,start    ] GC(4804) Garbage Collection (Allocation Stall)
[2024-07-25T19:05:21.343+0800][89.712s][gc,ref      ] GC(4804) Clearing All SoftReferences
[2024-07-25T19:05:21.343+0800][89.712s][gc,task     ] GC(4804) Using 1 workers
[2024-07-25T19:05:21.343+0800][89.713s][gc,phases   ] GC(4804) Pause Mark Start 0.011ms
[2024-07-25T19:05:21.352+0800][89.721s][gc,phases   ] GC(4804) Concurrent Mark 7.976ms
[2024-07-25T19:05:21.352+0800][89.721s][gc,phases   ] GC(4804) Pause Mark End 0.020ms
[2024-07-25T19:05:21.352+0800][89.721s][gc,phases   ] GC(4804) Concurrent Mark Free 0.001ms
[2024-07-25T19:05:21.354+0800][89.723s][gc,phases   ] GC(4804) Concurrent Process Non-Strong References 2.311ms
[2024-07-25T19:05:21.355+0800][89.724s][gc,phases   ] GC(4804) Concurrent Reset Relocation Set 0.001ms
[2024-07-25T19:05:21.358+0800][89.727s][gc          ] Allocation Stall (main) 15.226ms
[2024-07-25T19:05:21.358+0800][89.727s][gc,phases   ] GC(4804) Concurrent Select Relocation Set 3.811ms
[2024-07-25T19:05:21.359+0800][89.728s][gc,phases   ] GC(4804) Pause Relocate Start 0.013ms
[2024-07-25T19:05:21.359+0800][89.728s][gc,phases   ] GC(4804) Concurrent Relocate 0.067ms
[2024-07-25T19:05:21.359+0800][89.728s][gc,load     ] GC(4804) Load: 0.00/0.00/0.00
[2024-07-25T19:05:21.359+0800][89.728s][gc,mmu      ] GC(4804) MMU: 2ms/88.2%, 5ms/95.3%, 10ms/97.6%, 20ms/98.8%, 50ms/99.4%, 100ms/99.6%
[2024-07-25T19:05:21.359+0800][89.728s][gc,marking  ] GC(4804) Mark: 1 stripe(s), 1 proactive flush(es), 1 terminate flush(es), 0 completion(s), 0 continuation(s) 
[2024-07-25T19:05:21.359+0800][89.728s][gc,marking  ] GC(4804) Mark Stack Usage: 32M
[2024-07-25T19:05:21.359+0800][89.728s][gc,nmethod  ] GC(4804) NMethods: 535 registered, 0 unregistered
[2024-07-25T19:05:21.359+0800][89.728s][gc,metaspace] GC(4804) Metaspace: 1M used, 1M committed, 1088M reserved
[2024-07-25T19:05:21.359+0800][89.728s][gc,ref      ] GC(4804) Soft: 46 encountered, 25 discovered, 0 enqueued
[2024-07-25T19:05:21.359+0800][89.728s][gc,ref      ] GC(4804) Weak: 131 encountered, 107 discovered, 0 enqueued
[2024-07-25T19:05:21.359+0800][89.728s][gc,ref      ] GC(4804) Final: 0 encountered, 0 discovered, 0 enqueued
[2024-07-25T19:05:21.359+0800][89.728s][gc,ref      ] GC(4804) Phantom: 184 encountered, 98 discovered, 0 enqueued
[2024-07-25T19:05:21.359+0800][89.728s][gc,reloc    ] GC(4804) Small Pages: 4 / 8M, Empty: 2M, Relocated: 0M, In-Place: 0
[2024-07-25T19:05:21.359+0800][89.728s][gc,reloc    ] GC(4804) Large Pages: 4 / 8M, Empty: 4M, Relocated: 0M, In-Place: 0
[2024-07-25T19:05:21.359+0800][89.728s][gc,reloc    ] GC(4804) Forwarding Usage: 0M
[2024-07-25T19:05:21.359+0800][89.728s][gc,heap     ] GC(4804) Min Capacity: 8M(50%)
[2024-07-25T19:05:21.359+0800][89.729s][gc,heap     ] GC(4804) Max Capacity: 16M(100%)
[2024-07-25T19:05:21.360+0800][89.729s][gc,heap     ] GC(4804) Soft Max Capacity: 16M(100%)
[2024-07-25T19:05:21.360+0800][89.729s][gc,heap     ] GC(4804)                Mark Start          Mark End        Relocate Start      Relocate End           High               Low         
[2024-07-25T19:05:21.360+0800][89.729s][gc,heap     ] GC(4804)  Capacity:       16M (100%)         16M (100%)         16M (100%)         16M (100%)         16M (100%)         16M (100%)   
[2024-07-25T19:05:21.360+0800][89.729s][gc,heap     ] GC(4804)      Free:        0M (0%)            0M (0%)            4M (25%)           4M (25%)           6M (38%)           0M (0%)     
[2024-07-25T19:05:21.360+0800][89.729s][gc,heap     ] GC(4804)      Used:       16M (100%)         16M (100%)         12M (75%)          12M (75%)          16M (100%)         10M (62%)    
[2024-07-25T19:05:21.360+0800][89.729s][gc,heap     ] GC(4804)      Live:         -                 8M (54%)           8M (54%)           8M (54%)            -                  -          
[2024-07-25T19:05:21.360+0800][89.729s][gc,heap     ] GC(4804) Allocated:         -                 0M (0%)            2M (12%)           2M (12%)            -                  -          
[2024-07-25T19:05:21.360+0800][89.729s][gc,heap     ] GC(4804)   Garbage:         -                 7M (46%)           1M (8%)            1M (8%)             -                  -          
[2024-07-25T19:05:21.360+0800][89.729s][gc,heap     ] GC(4804) Reclaimed:         -                  -                 6M (38%)           6M (38%)            -                  -          
[2024-07-25T19:05:21.360+0800][89.729s][gc          ] GC(4804) Garbage Collection (Allocation Stall) 16M(100%)->12M(75%)
[2024-07-25T19:05:21.362+0800][89.731s][gc,start    ] GC(4805) Garbage Collection (Allocation Stall)
[2024-07-25T19:05:21.362+0800][89.731s][gc,ref      ] GC(4805) Clearing All SoftReferences
[2024-07-25T19:05:21.362+0800][89.731s][gc,task     ] GC(4805) Using 1 workers
[2024-07-25T19:05:21.362+0800][89.731s][gc,phases   ] GC(4805) Pause Mark Start 0.010ms
[2024-07-25T19:05:21.370+0800][89.739s][gc,phases   ] GC(4805) Concurrent Mark 7.970ms
[2024-07-25T19:05:21.370+0800][89.739s][gc,phases   ] GC(4805) Pause Mark End 0.011ms
[2024-07-25T19:05:21.370+0800][89.739s][gc,phases   ] GC(4805) Concurrent Mark Free 0.001ms
[2024-07-25T19:05:21.373+0800][89.742s][gc,phases   ] GC(4805) Concurrent Process Non-Strong References 2.261ms
[2024-07-25T19:05:21.373+0800][89.742s][gc,phases   ] GC(4805) Concurrent Reset Relocation Set 0.001ms
[2024-07-25T19:05:21.376+0800][89.745s][gc          ] Allocation Stall (main) 14.652ms
[2024-07-25T19:05:21.376+0800][89.745s][gc,phases   ] GC(4805) Concurrent Select Relocation Set 3.502ms
[2024-07-25T19:05:21.377+0800][89.746s][gc,phases   ] GC(4805) Pause Relocate Start 0.010ms
[2024-07-25T19:05:21.377+0800][89.746s][gc,phases   ] GC(4805) Concurrent Relocate 0.151ms
[2024-07-25T19:05:21.377+0800][89.746s][gc,load     ] GC(4805) Load: 0.00/0.00/0.00
[2024-07-25T19:05:21.377+0800][89.746s][gc,mmu      ] GC(4805) MMU: 2ms/88.2%, 5ms/95.3%, 10ms/97.6%, 20ms/98.8%, 50ms/99.4%, 100ms/99.6%
[2024-07-25T19:05:21.377+0800][89.746s][gc,marking  ] GC(4805) Mark: 1 stripe(s), 1 proactive flush(es), 1 terminate flush(es), 0 completion(s), 0 continuation(s) 
[2024-07-25T19:05:21.377+0800][89.746s][gc,marking  ] GC(4805) Mark Stack Usage: 32M
[2024-07-25T19:05:21.377+0800][89.746s][gc,nmethod  ] GC(4805) NMethods: 535 registered, 0 unregistered
[2024-07-25T19:05:21.377+0800][89.746s][gc,metaspace] GC(4805) Metaspace: 1M used, 1M committed, 1088M reserved
[2024-07-25T19:05:21.377+0800][89.746s][gc,ref      ] GC(4805) Soft: 46 encountered, 25 discovered, 0 enqueued
[2024-07-25T19:05:21.377+0800][89.746s][gc,ref      ] GC(4805) Weak: 131 encountered, 107 discovered, 0 enqueued
[2024-07-25T19:05:21.377+0800][89.746s][gc,ref      ] GC(4805) Final: 0 encountered, 0 discovered, 0 enqueued
[2024-07-25T19:05:21.377+0800][89.746s][gc,ref      ] GC(4805) Phantom: 184 encountered, 98 discovered, 0 enqueued
[2024-07-25T19:05:21.377+0800][89.746s][gc,reloc    ] GC(4805) Small Pages: 4 / 8M, Empty: 2M, Relocated: 0M, In-Place: 0
[2024-07-25T19:05:21.377+0800][89.746s][gc,reloc    ] GC(4805) Large Pages: 4 / 8M, Empty: 4M, Relocated: 0M, In-Place: 0
[2024-07-25T19:05:21.377+0800][89.746s][gc,reloc    ] GC(4805) Forwarding Usage: 0M
[2024-07-25T19:05:21.377+0800][89.747s][gc,heap     ] GC(4805) Min Capacity: 8M(50%)
[2024-07-25T19:05:21.377+0800][89.747s][gc,heap     ] GC(4805) Max Capacity: 16M(100%)
[2024-07-25T19:05:21.377+0800][89.747s][gc,heap     ] GC(4805) Soft Max Capacity: 16M(100%)
[2024-07-25T19:05:21.377+0800][89.747s][gc,heap     ] GC(4805)                Mark Start          Mark End        Relocate Start      Relocate End           High               Low         
[2024-07-25T19:05:21.377+0800][89.747s][gc,heap     ] GC(4805)  Capacity:       16M (100%)         16M (100%)         16M (100%)         16M (100%)         16M (100%)         16M (100%)   
[2024-07-25T19:05:21.377+0800][89.747s][gc,heap     ] GC(4805)      Free:        0M (0%)            0M (0%)            4M (25%)           2M (12%)           6M (38%)           0M (0%)     
[2024-07-25T19:05:21.377+0800][89.747s][gc,heap     ] GC(4805)      Used:       16M (100%)         16M (100%)         12M (75%)          14M (88%)          16M (100%)         10M (62%)    
[2024-07-25T19:05:21.377+0800][89.747s][gc,heap     ] GC(4805)      Live:         -                 8M (54%)           8M (54%)           8M (54%)            -                  -          
[2024-07-25T19:05:21.377+0800][89.747s][gc,heap     ] GC(4805) Allocated:         -                 0M (0%)            2M (12%)           4M (25%)            -                  -          
[2024-07-25T19:05:21.377+0800][89.747s][gc,heap     ] GC(4805)   Garbage:         -                 7M (46%)           1M (8%)            1M (8%)             -                  -          
[2024-07-25T19:05:21.377+0800][89.747s][gc,heap     ] GC(4805) Reclaimed:         -                  -                 6M (38%)           6M (38%)            -                  -          
[2024-07-25T19:05:21.377+0800][89.747s][gc          ] GC(4805) Garbage Collection (Allocation Stall) 16M(100%)->14M(88%)
[2024-07-25T19:05:21.380+0800][89.749s][gc,start    ] GC(4806) Garbage Collection (Allocation Stall)
[2024-07-25T19:05:21.380+0800][89.749s][gc,ref      ] GC(4806) Clearing All SoftReferences
[2024-07-25T19:05:21.381+0800][89.750s][gc,task     ] GC(4806) Using 1 workers
[2024-07-25T19:05:21.381+0800][89.750s][gc,phases   ] GC(4806) Pause Mark Start 0.013ms
[2024-07-25T19:05:21.388+0800][89.758s][gc,phases   ] GC(4806) Concurrent Mark 7.584ms
[2024-07-25T19:05:21.388+0800][89.758s][gc,phases   ] GC(4806) Pause Mark End 0.012ms
[2024-07-25T19:05:21.388+0800][89.758s][gc,phases   ] GC(4806) Concurrent Mark Free 0.001ms
[2024-07-25T19:05:21.391+0800][89.760s][gc,phases   ] GC(4806) Concurrent Process Non-Strong References 2.236ms
[2024-07-25T19:05:21.391+0800][89.760s][gc,phases   ] GC(4806) Concurrent Reset Relocation Set 0.001ms
[2024-07-25T19:05:21.394+0800][89.764s][gc          ] Allocation Stall (main) 14.352ms
[2024-07-25T19:05:21.394+0800][89.764s][gc,phases   ] GC(4806) Concurrent Select Relocation Set 3.375ms
[2024-07-25T19:05:21.394+0800][89.764s][gc,phases   ] GC(4806) Pause Relocate Start 0.010ms
[2024-07-25T19:05:21.395+0800][89.764s][gc,phases   ] GC(4806) Concurrent Relocate 0.167ms
[2024-07-25T19:05:21.395+0800][89.764s][gc,load     ] GC(4806) Load: 0.00/0.00/0.00
[2024-07-25T19:05:21.395+0800][89.764s][gc,mmu      ] GC(4806) MMU: 2ms/88.2%, 5ms/95.3%, 10ms/97.6%, 20ms/98.8%, 50ms/99.4%, 100ms/99.6%
[2024-07-25T19:05:21.395+0800][89.764s][gc,marking  ] GC(4806) Mark: 1 stripe(s), 1 proactive flush(es), 1 terminate flush(es), 0 completion(s), 0 continuation(s) 
[2024-07-25T19:05:21.395+0800][89.764s][gc,marking  ] GC(4806) Mark Stack Usage: 32M
[2024-07-25T19:05:21.395+0800][89.764s][gc,nmethod  ] GC(4806) NMethods: 535 registered, 0 unregistered
[2024-07-25T19:05:21.395+0800][89.764s][gc,metaspace] GC(4806) Metaspace: 1M used, 1M committed, 1088M reserved
[2024-07-25T19:05:21.395+0800][89.765s][gc,ref      ] GC(4806) Soft: 46 encountered, 25 discovered, 0 enqueued
[2024-07-25T19:05:21.395+0800][89.765s][gc,ref      ] GC(4806) Weak: 131 encountered, 107 discovered, 0 enqueued
[2024-07-25T19:05:21.395+0800][89.765s][gc,ref      ] GC(4806) Final: 0 encountered, 0 discovered, 0 enqueued
[2024-07-25T19:05:21.395+0800][89.765s][gc,ref      ] GC(4806) Phantom: 184 encountered, 98 discovered, 0 enqueued
[2024-07-25T19:05:21.395+0800][89.765s][gc,reloc    ] GC(4806) Small Pages: 4 / 8M, Empty: 2M, Relocated: 0M, In-Place: 0
[2024-07-25T19:05:21.395+0800][89.765s][gc,reloc    ] GC(4806) Large Pages: 4 / 8M, Empty: 4M, Relocated: 0M, In-Place: 0
[2024-07-25T19:05:21.395+0800][89.765s][gc,reloc    ] GC(4806) Forwarding Usage: 0M
[2024-07-25T19:05:21.395+0800][89.765s][gc,heap     ] GC(4806) Min Capacity: 8M(50%)
[2024-07-25T19:05:21.395+0800][89.765s][gc,heap     ] GC(4806) Max Capacity: 16M(100%)
[2024-07-25T19:05:21.395+0800][89.765s][gc,heap     ] GC(4806) Soft Max Capacity: 16M(100%)
[2024-07-25T19:05:21.395+0800][89.765s][gc,heap     ] GC(4806)                Mark Start          Mark End        Relocate Start      Relocate End           High               Low         
[2024-07-25T19:05:21.395+0800][89.765s][gc,heap     ] GC(4806)  Capacity:       16M (100%)         16M (100%)         16M (100%)         16M (100%)         16M (100%)         16M (100%)   
[2024-07-25T19:05:21.395+0800][89.765s][gc,heap     ] GC(4806)      Free:        0M (0%)            0M (0%)            2M (12%)           2M (12%)           6M (38%)           0M (0%)     
[2024-07-25T19:05:21.395+0800][89.765s][gc,heap     ] GC(4806)      Used:       16M (100%)         16M (100%)         14M (88%)          14M (88%)          16M (100%)         10M (62%)    
[2024-07-25T19:05:21.395+0800][89.765s][gc,heap     ] GC(4806)      Live:         -                 8M (54%)           8M (54%)           8M (54%)            -                  -          
[2024-07-25T19:05:21.396+0800][89.765s][gc,heap     ] GC(4806) Allocated:         -                 0M (0%)            4M (25%)           4M (25%)            -                  -          
[2024-07-25T19:05:21.396+0800][89.765s][gc,heap     ] GC(4806)   Garbage:         -                 7M (46%)           1M (8%)            1M (8%)             -                  -          
[2024-07-25T19:05:21.396+0800][89.765s][gc,heap     ] GC(4806) Reclaimed:         -                  -                 6M (38%)           6M (38%)            -                  -          
[2024-07-25T19:05:21.396+0800][89.765s][gc          ] GC(4806) Garbage Collection (Allocation Stall) 16M(100%)->14M(88%)
[2024-07-25T19:05:21.399+0800][89.768s][gc,start    ] GC(4807) Garbage Collection (Allocation Stall)
[2024-07-25T19:05:21.399+0800][89.768s][gc,ref      ] GC(4807) Clearing All SoftReferences
[2024-07-25T19:05:21.399+0800][89.768s][gc,task     ] GC(4807) Using 1 workers
[2024-07-25T19:05:21.400+0800][89.769s][gc,phases   ] GC(4807) Pause Mark Start 0.016ms
[2024-07-25T19:05:21.407+0800][89.776s][gc,phases   ] GC(4807) Concurrent Mark 7.561ms
[2024-07-25T19:05:21.407+0800][89.776s][gc,phases   ] GC(4807) Pause Mark End 0.015ms
[2024-07-25T19:05:21.408+0800][89.777s][gc,phases   ] GC(4807) Concurrent Mark Free 0.002ms
[2024-07-25T19:05:21.410+0800][89.779s][gc,phases   ] GC(4807) Concurrent Process Non-Strong References 2.312ms
[2024-07-25T19:05:21.410+0800][89.779s][gc,phases   ] GC(4807) Concurrent Reset Relocation Set 0.001ms
[2024-07-25T19:05:21.414+0800][89.783s][gc          ] Allocation Stall (main) 14.559ms
[2024-07-25T19:05:21.414+0800][89.783s][gc,phases   ] GC(4807) Concurrent Select Relocation Set 3.638ms
[2024-07-25T19:05:21.414+0800][89.783s][gc,phases   ] GC(4807) Pause Relocate Start 0.015ms
[2024-07-25T19:05:21.414+0800][89.783s][gc,phases   ] GC(4807) Concurrent Relocate 0.120ms
[2024-07-25T19:05:21.415+0800][89.784s][gc,load     ] GC(4807) Load: 0.00/0.00/0.00
[2024-07-25T19:05:21.415+0800][89.784s][gc,mmu      ] GC(4807) MMU: 2ms/88.2%, 5ms/95.3%, 10ms/97.6%, 20ms/98.8%, 50ms/99.4%, 100ms/99.6%
[2024-07-25T19:05:21.415+0800][89.784s][gc,marking  ] GC(4807) Mark: 1 stripe(s), 1 proactive flush(es), 1 terminate flush(es), 0 completion(s), 0 continuation(s) 
[2024-07-25T19:05:21.415+0800][89.784s][gc,marking  ] GC(4807) Mark Stack Usage: 32M
[2024-07-25T19:05:21.415+0800][89.784s][gc,nmethod  ] GC(4807) NMethods: 535 registered, 0 unregistered
[2024-07-25T19:05:21.415+0800][89.784s][gc,metaspace] GC(4807) Metaspace: 1M used, 1M committed, 1088M reserved
[2024-07-25T19:05:21.415+0800][89.784s][gc,ref      ] GC(4807) Soft: 46 encountered, 25 discovered, 0 enqueued
[2024-07-25T19:05:21.415+0800][89.784s][gc,ref      ] GC(4807) Weak: 131 encountered, 107 discovered, 0 enqueued
[2024-07-25T19:05:21.415+0800][89.784s][gc,ref      ] GC(4807) Final: 0 encountered, 0 discovered, 0 enqueued
[2024-07-25T19:05:21.415+0800][89.784s][gc,ref      ] GC(4807) Phantom: 184 encountered, 98 discovered, 0 enqueued
[2024-07-25T19:05:21.415+0800][89.784s][gc,reloc    ] GC(4807) Small Pages: 4 / 8M, Empty: 2M, Relocated: 0M, In-Place: 0
[2024-07-25T19:05:21.415+0800][89.784s][gc,reloc    ] GC(4807) Large Pages: 4 / 8M, Empty: 4M, Relocated: 0M, In-Place: 0
[2024-07-25T19:05:21.415+0800][89.784s][gc,reloc    ] GC(4807) Forwarding Usage: 0M
[2024-07-25T19:05:21.415+0800][89.784s][gc,heap     ] GC(4807) Min Capacity: 8M(50%)
[2024-07-25T19:05:21.415+0800][89.784s][gc,heap     ] GC(4807) Max Capacity: 16M(100%)
[2024-07-25T19:05:21.415+0800][89.784s][gc,heap     ] GC(4807) Soft Max Capacity: 16M(100%)
[2024-07-25T19:05:21.415+0800][89.784s][gc,heap     ] GC(4807)                Mark Start          Mark End        Relocate Start      Relocate End           High               Low         
[2024-07-25T19:05:21.415+0800][89.784s][gc,heap     ] GC(4807)  Capacity:       16M (100%)         16M (100%)         16M (100%)         16M (100%)         16M (100%)         16M (100%)   
[2024-07-25T19:05:21.415+0800][89.784s][gc,heap     ] GC(4807)      Free:        0M (0%)            0M (0%)            4M (25%)           2M (12%)           6M (38%)           0M (0%)     
[2024-07-25T19:05:21.415+0800][89.784s][gc,heap     ] GC(4807)      Used:       16M (100%)         16M (100%)         12M (75%)          14M (88%)          16M (100%)         10M (62%)    
[2024-07-25T19:05:21.415+0800][89.784s][gc,heap     ] GC(4807)      Live:         -                 8M (54%)           8M (54%)           8M (54%)            -                  -          
[2024-07-25T19:05:21.415+0800][89.784s][gc,heap     ] GC(4807) Allocated:         -                 0M (0%)            2M (12%)           4M (25%)            -                  -          
[2024-07-25T19:05:21.415+0800][89.784s][gc,heap     ] GC(4807)   Garbage:         -                 7M (46%)           1M (8%)            1M (8%)             -                  -          
[2024-07-25T19:05:21.415+0800][89.784s][gc,heap     ] GC(4807) Reclaimed:         -                  -                 6M (38%)           6M (38%)            -                  -          
[2024-07-25T19:05:21.415+0800][89.784s][gc          ] GC(4807) Garbage Collection (Allocation Stall) 16M(100%)->14M(88%)
[2024-07-25T19:05:21.418+0800][89.787s][gc,start    ] GC(4808) Garbage Collection (Allocation Stall)
[2024-07-25T19:05:21.418+0800][89.787s][gc,ref      ] GC(4808) Clearing All SoftReferences
[2024-07-25T19:05:21.418+0800][89.787s][gc,task     ] GC(4808) Using 1 workers
[2024-07-25T19:05:21.418+0800][89.787s][gc,phases   ] GC(4808) Pause Mark Start 0.010ms
[2024-07-25T19:05:21.426+0800][89.795s][gc,phases   ] GC(4808) Concurrent Mark 7.557ms
[2024-07-25T19:05:21.426+0800][89.795s][gc,phases   ] GC(4808) Pause Mark End 0.013ms
[2024-07-25T19:05:21.426+0800][89.795s][gc,phases   ] GC(4808) Concurrent Mark Free 0.001ms
[2024-07-25T19:05:21.428+0800][89.796s][gc,phases   ] GC(4808) Concurrent Process Non-Strong References 1.460ms
[2024-07-25T19:05:21.428+0800][89.797s][gc,phases   ] GC(4808) Concurrent Reset Relocation Set 0.001ms
[2024-07-25T19:05:21.430+0800][89.799s][gc          ] Allocation Stall (main) 12.318ms
[2024-07-25T19:05:21.430+0800][89.799s][gc,phases   ] GC(4808) Concurrent Select Relocation Set 2.416ms
[2024-07-25T19:05:21.430+0800][89.799s][gc,phases   ] GC(4808) Pause Relocate Start 0.007ms
[2024-07-25T19:05:21.430+0800][89.799s][gc,phases   ] GC(4808) Concurrent Relocate 0.094ms
[2024-07-25T19:05:21.431+0800][89.800s][gc,load     ] GC(4808) Load: 0.00/0.00/0.00
[2024-07-25T19:05:21.431+0800][89.800s][gc,mmu      ] GC(4808) MMU: 2ms/88.2%, 5ms/95.3%, 10ms/97.6%, 20ms/98.8%, 50ms/99.4%, 100ms/99.6%
[2024-07-25T19:05:21.431+0800][89.800s][gc,marking  ] GC(4808) Mark: 1 stripe(s), 1 proactive flush(es), 1 terminate flush(es), 0 completion(s), 0 continuation(s) 
[2024-07-25T19:05:21.431+0800][89.800s][gc,marking  ] GC(4808) Mark Stack Usage: 32M
[2024-07-25T19:05:21.431+0800][89.800s][gc,nmethod  ] GC(4808) NMethods: 535 registered, 0 unregistered
[2024-07-25T19:05:21.431+0800][89.800s][gc,metaspace] GC(4808) Metaspace: 1M used, 1M committed, 1088M reserved
[2024-07-25T19:05:21.431+0800][89.800s][gc,ref      ] GC(4808) Soft: 46 encountered, 25 discovered, 0 enqueued
[2024-07-25T19:05:21.431+0800][89.800s][gc,ref      ] GC(4808) Weak: 131 encountered, 107 discovered, 0 enqueued
[2024-07-25T19:05:21.431+0800][89.800s][gc,ref      ] GC(4808) Final: 0 encountered, 0 discovered, 0 enqueued
[2024-07-25T19:05:21.431+0800][89.800s][gc,ref      ] GC(4808) Phantom: 184 encountered, 98 discovered, 0 enqueued
[2024-07-25T19:05:21.431+0800][89.800s][gc,reloc    ] GC(4808) Small Pages: 4 / 8M, Empty: 2M, Relocated: 0M, In-Place: 0
[2024-07-25T19:05:21.431+0800][89.800s][gc,reloc    ] GC(4808) Large Pages: 4 / 8M, Empty: 4M, Relocated: 0M, In-Place: 0
[2024-07-25T19:05:21.431+0800][89.800s][gc,reloc    ] GC(4808) Forwarding Usage: 0M
[2024-07-25T19:05:21.431+0800][89.800s][gc,heap     ] GC(4808) Min Capacity: 8M(50%)
[2024-07-25T19:05:21.431+0800][89.800s][gc,heap     ] GC(4808) Max Capacity: 16M(100%)
[2024-07-25T19:05:21.431+0800][89.800s][gc,heap     ] GC(4808) Soft Max Capacity: 16M(100%)
[2024-07-25T19:05:21.431+0800][89.800s][gc,heap     ] GC(4808)                Mark Start          Mark End        Relocate Start      Relocate End           High               Low         
[2024-07-25T19:05:21.431+0800][89.800s][gc,heap     ] GC(4808)  Capacity:       16M (100%)         16M (100%)         16M (100%)         16M (100%)         16M (100%)         16M (100%)   
[2024-07-25T19:05:21.431+0800][89.800s][gc,heap     ] GC(4808)      Free:        0M (0%)            0M (0%)            2M (12%)           2M (12%)           6M (38%)           0M (0%)     
[2024-07-25T19:05:21.431+0800][89.800s][gc,heap     ] GC(4808)      Used:       16M (100%)         16M (100%)         14M (88%)          14M (88%)          16M (100%)         10M (62%)    
[2024-07-25T19:05:21.431+0800][89.800s][gc,heap     ] GC(4808)      Live:         -                 8M (54%)           8M (54%)           8M (54%)            -                  -          
[2024-07-25T19:05:21.431+0800][89.800s][gc,heap     ] GC(4808) Allocated:         -                 0M (0%)            4M (25%)           4M (25%)            -                  -          
[2024-07-25T19:05:21.431+0800][89.800s][gc,heap     ] GC(4808)   Garbage:         -                 7M (46%)           1M (8%)            1M (8%)             -                  -          
[2024-07-25T19:05:21.431+0800][89.800s][gc,heap     ] GC(4808) Reclaimed:         -                  -                 6M (38%)           6M (38%)            -                  -          
[2024-07-25T19:05:21.431+0800][89.800s][gc          ] GC(4808) Garbage Collection (Allocation Stall) 16M(100%)->14M(88%)
[2024-07-25T19:05:21.434+0800][89.803s][gc,start    ] GC(4809) Garbage Collection (Allocation Stall)
[2024-07-25T19:05:21.434+0800][89.803s][gc,ref      ] GC(4809) Clearing All SoftReferences
[2024-07-25T19:05:21.434+0800][89.803s][gc,task     ] GC(4809) Using 1 workers
[2024-07-25T19:05:21.434+0800][89.803s][gc,phases   ] GC(4809) Pause Mark Start 0.008ms
[2024-07-25T19:05:21.442+0800][89.811s][gc,phases   ] GC(4809) Concurrent Mark 7.520ms
[2024-07-25T19:05:21.442+0800][89.811s][gc,phases   ] GC(4809) Pause Mark End 0.019ms
[2024-07-25T19:05:21.442+0800][89.811s][gc,phases   ] GC(4809) Concurrent Mark Free 0.001ms
[2024-07-25T19:05:21.444+0800][89.813s][gc,phases   ] GC(4809) Concurrent Process Non-Strong References 1.678ms
[2024-07-25T19:05:21.444+0800][89.813s][gc,phases   ] GC(4809) Concurrent Reset Relocation Set 0.001ms
[2024-07-25T19:05:21.447+0800][89.816s][gc          ] Allocation Stall (main) 13.305ms
[2024-07-25T19:05:21.447+0800][89.816s][gc,phases   ] GC(4809) Concurrent Select Relocation Set 2.924ms
[2024-07-25T19:05:21.447+0800][89.816s][gc,phases   ] GC(4809) Pause Relocate Start 0.013ms
[2024-07-25T19:05:21.448+0800][89.817s][gc,phases   ] GC(4809) Concurrent Relocate 0.055ms
[2024-07-25T19:05:21.448+0800][89.817s][gc,load     ] GC(4809) Load: 0.00/0.00/0.00
[2024-07-25T19:05:21.448+0800][89.817s][gc,mmu      ] GC(4809) MMU: 2ms/88.2%, 5ms/95.3%, 10ms/97.6%, 20ms/98.8%, 50ms/99.4%, 100ms/99.6%
[2024-07-25T19:05:21.448+0800][89.817s][gc,marking  ] GC(4809) Mark: 1 stripe(s), 1 proactive flush(es), 1 terminate flush(es), 0 completion(s), 0 continuation(s) 
[2024-07-25T19:05:21.448+0800][89.817s][gc,marking  ] GC(4809) Mark Stack Usage: 32M
[2024-07-25T19:05:21.448+0800][89.817s][gc,nmethod  ] GC(4809) NMethods: 535 registered, 0 unregistered
[2024-07-25T19:05:21.448+0800][89.817s][gc,metaspace] GC(4809) Metaspace: 1M used, 1M committed, 1088M reserved
[2024-07-25T19:05:21.448+0800][89.817s][gc,ref      ] GC(4809) Soft: 46 encountered, 25 discovered, 0 enqueued
[2024-07-25T19:05:21.448+0800][89.817s][gc,ref      ] GC(4809) Weak: 131 encountered, 107 discovered, 0 enqueued
[2024-07-25T19:05:21.448+0800][89.817s][gc,ref      ] GC(4809) Final: 0 encountered, 0 discovered, 0 enqueued
[2024-07-25T19:05:21.448+0800][89.817s][gc,ref      ] GC(4809) Phantom: 184 encountered, 98 discovered, 0 enqueued
[2024-07-25T19:05:21.448+0800][89.817s][gc,reloc    ] GC(4809) Small Pages: 4 / 8M, Empty: 2M, Relocated: 0M, In-Place: 0
[2024-07-25T19:05:21.448+0800][89.817s][gc,reloc    ] GC(4809) Large Pages: 4 / 8M, Empty: 4M, Relocated: 0M, In-Place: 0
[2024-07-25T19:05:21.448+0800][89.817s][gc,reloc    ] GC(4809) Forwarding Usage: 0M
[2024-07-25T19:05:21.448+0800][89.817s][gc,heap     ] GC(4809) Min Capacity: 8M(50%)
[2024-07-25T19:05:21.448+0800][89.817s][gc,heap     ] GC(4809) Max Capacity: 16M(100%)
[2024-07-25T19:05:21.448+0800][89.817s][gc,heap     ] GC(4809) Soft Max Capacity: 16M(100%)
[2024-07-25T19:05:21.448+0800][89.817s][gc,heap     ] GC(4809)                Mark Start          Mark End        Relocate Start      Relocate End           High               Low         
[2024-07-25T19:05:21.448+0800][89.817s][gc,heap     ] GC(4809)  Capacity:       16M (100%)         16M (100%)         16M (100%)         16M (100%)         16M (100%)         16M (100%)   
[2024-07-25T19:05:21.448+0800][89.817s][gc,heap     ] GC(4809)      Free:        0M (0%)            0M (0%)            4M (25%)           4M (25%)           6M (38%)           0M (0%)     
[2024-07-25T19:05:21.448+0800][89.817s][gc,heap     ] GC(4809)      Used:       16M (100%)         16M (100%)         12M (75%)          12M (75%)          16M (100%)         10M (62%)    
[2024-07-25T19:05:21.448+0800][89.817s][gc,heap     ] GC(4809)      Live:         -                 8M (54%)           8M (54%)           8M (54%)            -                  -          
[2024-07-25T19:05:21.448+0800][89.817s][gc,heap     ] GC(4809) Allocated:         -                 0M (0%)            2M (12%)           2M (12%)            -                  -          
[2024-07-25T19:05:21.448+0800][89.817s][gc,heap     ] GC(4809)   Garbage:         -                 7M (46%)           1M (8%)            1M (8%)             -                  -          
[2024-07-25T19:05:21.448+0800][89.817s][gc,heap     ] GC(4809) Reclaimed:         -                  -                 6M (38%)           6M (38%)            -                  -          
[2024-07-25T19:05:21.449+0800][89.818s][gc          ] GC(4809) Garbage Collection (Allocation Stall) 16M(100%)->12M(75%)
[2024-07-25T19:05:21.453+0800][89.822s][gc,start    ] GC(4810) Garbage Collection (Allocation Stall)
[2024-07-25T19:05:21.453+0800][89.822s][gc,ref      ] GC(4810) Clearing All SoftReferences
[2024-07-25T19:05:21.453+0800][89.822s][gc,task     ] GC(4810) Using 1 workers
[2024-07-25T19:05:21.453+0800][89.822s][gc,phases   ] GC(4810) Pause Mark Start 0.006ms
[2024-07-25T19:05:21.459+0800][89.828s][gc,phases   ] GC(4810) Concurrent Mark 6.338ms
[2024-07-25T19:05:21.459+0800][89.828s][gc,phases   ] GC(4810) Pause Mark End 0.011ms
[2024-07-25T19:05:21.460+0800][89.829s][gc,phases   ] GC(4810) Concurrent Mark Free 0.001ms
[2024-07-25T19:05:21.462+0800][89.831s][gc,phases   ] GC(4810) Concurrent Process Non-Strong References 2.138ms
[2024-07-25T19:05:21.462+0800][89.831s][gc,phases   ] GC(4810) Concurrent Reset Relocation Set 0.001ms
[2024-07-25T19:05:21.464+0800][89.833s][gc          ] Allocation Stall (main) 11.834ms
[2024-07-25T19:05:21.464+0800][89.833s][gc,phases   ] GC(4810) Concurrent Select Relocation Set 2.596ms
[2024-07-25T19:05:21.464+0800][89.834s][gc,phases   ] GC(4810) Pause Relocate Start 0.029ms
[2024-07-25T19:05:21.464+0800][89.834s][gc,phases   ] GC(4810) Concurrent Relocate 0.089ms
[2024-07-25T19:05:21.464+0800][89.834s][gc,load     ] GC(4810) Load: 0.00/0.00/0.00
[2024-07-25T19:05:21.464+0800][89.834s][gc,mmu      ] GC(4810) MMU: 2ms/88.2%, 5ms/95.3%, 10ms/97.6%, 20ms/98.8%, 50ms/99.4%, 100ms/99.6%
[2024-07-25T19:05:21.464+0800][89.834s][gc,marking  ] GC(4810) Mark: 1 stripe(s), 1 proactive flush(es), 1 terminate flush(es), 0 completion(s), 0 continuation(s) 
[2024-07-25T19:05:21.464+0800][89.834s][gc,marking  ] GC(4810) Mark Stack Usage: 32M
[2024-07-25T19:05:21.464+0800][89.834s][gc,nmethod  ] GC(4810) NMethods: 535 registered, 0 unregistered
[2024-07-25T19:05:21.464+0800][89.834s][gc,metaspace] GC(4810) Metaspace: 1M used, 1M committed, 1088M reserved
[2024-07-25T19:05:21.465+0800][89.834s][gc,ref      ] GC(4810) Soft: 46 encountered, 25 discovered, 0 enqueued
[2024-07-25T19:05:21.465+0800][89.834s][gc,ref      ] GC(4810) Weak: 131 encountered, 107 discovered, 0 enqueued
[2024-07-25T19:05:21.465+0800][89.834s][gc,ref      ] GC(4810) Final: 0 encountered, 0 discovered, 0 enqueued
[2024-07-25T19:05:21.465+0800][89.834s][gc,ref      ] GC(4810) Phantom: 184 encountered, 98 discovered, 0 enqueued
[2024-07-25T19:05:21.465+0800][89.834s][gc,reloc    ] GC(4810) Small Pages: 4 / 8M, Empty: 2M, Relocated: 0M, In-Place: 0
[2024-07-25T19:05:21.465+0800][89.834s][gc,reloc    ] GC(4810) Large Pages: 4 / 8M, Empty: 4M, Relocated: 0M, In-Place: 0
[2024-07-25T19:05:21.465+0800][89.834s][gc,reloc    ] GC(4810) Forwarding Usage: 0M
[2024-07-25T19:05:21.465+0800][89.834s][gc,heap     ] GC(4810) Min Capacity: 8M(50%)
[2024-07-25T19:05:21.465+0800][89.834s][gc,heap     ] GC(4810) Max Capacity: 16M(100%)
[2024-07-25T19:05:21.465+0800][89.834s][gc,heap     ] GC(4810) Soft Max Capacity: 16M(100%)
[2024-07-25T19:05:21.465+0800][89.834s][gc,heap     ] GC(4810)                Mark Start          Mark End        Relocate Start      Relocate End           High               Low         
[2024-07-25T19:05:21.465+0800][89.834s][gc,heap     ] GC(4810)  Capacity:       16M (100%)         16M (100%)         16M (100%)         16M (100%)         16M (100%)         16M (100%)   
[2024-07-25T19:05:21.465+0800][89.834s][gc,heap     ] GC(4810)      Free:        0M (0%)            0M (0%)            2M (12%)           2M (12%)           6M (38%)           0M (0%)     
[2024-07-25T19:05:21.465+0800][89.834s][gc,heap     ] GC(4810)      Used:       16M (100%)         16M (100%)         14M (88%)          14M (88%)          16M (100%)         10M (62%)    
[2024-07-25T19:05:21.465+0800][89.834s][gc,heap     ] GC(4810)      Live:         -                 8M (54%)           8M (54%)           8M (54%)            -                  -          
[2024-07-25T19:05:21.465+0800][89.835s][gc,heap     ] GC(4810) Allocated:         -                 0M (0%)            4M (25%)           4M (25%)            -                  -          
[2024-07-25T19:05:21.465+0800][89.835s][gc,heap     ] GC(4810)   Garbage:         -                 7M (46%)           1M (8%)            1M (8%)             -                  -          
[2024-07-25T19:05:21.465+0800][89.835s][gc,heap     ] GC(4810) Reclaimed:         -                  -                 6M (38%)           6M (38%)            -                  -          
[2024-07-25T19:05:21.465+0800][89.835s][gc          ] GC(4810) Garbage Collection (Allocation Stall) 16M(100%)->14M(88%)
[2024-07-25T19:05:21.468+0800][89.837s][gc,start    ] GC(4811) Garbage Collection (Allocation Stall)
[2024-07-25T19:05:21.468+0800][89.837s][gc,ref      ] GC(4811) Clearing All SoftReferences
[2024-07-25T19:05:21.468+0800][89.837s][gc,task     ] GC(4811) Using 1 workers
[2024-07-25T19:05:21.468+0800][89.837s][gc,phases   ] GC(4811) Pause Mark Start 0.008ms
[2024-07-25T19:05:21.476+0800][89.845s][gc,phases   ] GC(4811) Concurrent Mark 7.524ms
[2024-07-25T19:05:21.476+0800][89.845s][gc,phases   ] GC(4811) Pause Mark End 0.011ms
[2024-07-25T19:05:21.476+0800][89.845s][gc,phases   ] GC(4811) Concurrent Mark Free 0.001ms
[2024-07-25T19:05:21.477+0800][89.847s][gc,phases   ] GC(4811) Concurrent Process Non-Strong References 1.642ms
[2024-07-25T19:05:21.477+0800][89.847s][gc,phases   ] GC(4811) Concurrent Reset Relocation Set 0.001ms
[2024-07-25T19:05:21.480+0800][89.850s][gc          ] Allocation Stall (main) 12.471ms
[2024-07-25T19:05:21.481+0800][89.850s][gc,phases   ] GC(4811) Concurrent Select Relocation Set 2.600ms
[2024-07-25T19:05:21.481+0800][89.850s][gc,phases   ] GC(4811) Pause Relocate Start 0.008ms
[2024-07-25T19:05:21.481+0800][89.850s][gc,phases   ] GC(4811) Concurrent Relocate 0.089ms
[2024-07-25T19:05:21.481+0800][89.850s][gc,load     ] GC(4811) Load: 0.00/0.00/0.00
[2024-07-25T19:05:21.481+0800][89.850s][gc,mmu      ] GC(4811) MMU: 2ms/88.2%, 5ms/95.3%, 10ms/97.6%, 20ms/98.8%, 50ms/99.4%, 100ms/99.6%
[2024-07-25T19:05:21.481+0800][89.850s][gc,marking  ] GC(4811) Mark: 1 stripe(s), 1 proactive flush(es), 1 terminate flush(es), 0 completion(s), 0 continuation(s) 
[2024-07-25T19:05:21.481+0800][89.850s][gc,marking  ] GC(4811) Mark Stack Usage: 32M
[2024-07-25T19:05:21.481+0800][89.850s][gc,nmethod  ] GC(4811) NMethods: 535 registered, 0 unregistered
[2024-07-25T19:05:21.481+0800][89.850s][gc,metaspace] GC(4811) Metaspace: 1M used, 1M committed, 1088M reserved
[2024-07-25T19:05:21.481+0800][89.851s][gc,ref      ] GC(4811) Soft: 46 encountered, 25 discovered, 0 enqueued
[2024-07-25T19:05:21.481+0800][89.851s][gc,ref      ] GC(4811) Weak: 131 encountered, 107 discovered, 0 enqueued
[2024-07-25T19:05:21.481+0800][89.851s][gc,ref      ] GC(4811) Final: 0 encountered, 0 discovered, 0 enqueued
[2024-07-25T19:05:21.481+0800][89.851s][gc,ref      ] GC(4811) Phantom: 184 encountered, 98 discovered, 0 enqueued
[2024-07-25T19:05:21.481+0800][89.851s][gc,reloc    ] GC(4811) Small Pages: 4 / 8M, Empty: 2M, Relocated: 0M, In-Place: 0
[2024-07-25T19:05:21.481+0800][89.851s][gc,reloc    ] GC(4811) Large Pages: 4 / 8M, Empty: 4M, Relocated: 0M, In-Place: 0
[2024-07-25T19:05:21.481+0800][89.851s][gc,reloc    ] GC(4811) Forwarding Usage: 0M
[2024-07-25T19:05:21.481+0800][89.851s][gc,heap     ] GC(4811) Min Capacity: 8M(50%)
[2024-07-25T19:05:21.481+0800][89.851s][gc,heap     ] GC(4811) Max Capacity: 16M(100%)
[2024-07-25T19:05:21.481+0800][89.851s][gc,heap     ] GC(4811) Soft Max Capacity: 16M(100%)
[2024-07-25T19:05:21.481+0800][89.851s][gc,heap     ] GC(4811)                Mark Start          Mark End        Relocate Start      Relocate End           High               Low         
[2024-07-25T19:05:21.481+0800][89.851s][gc,heap     ] GC(4811)  Capacity:       16M (100%)         16M (100%)         16M (100%)         16M (100%)         16M (100%)         16M (100%)   
[2024-07-25T19:05:21.481+0800][89.851s][gc,heap     ] GC(4811)      Free:        0M (0%)            0M (0%)            4M (25%)           2M (12%)           6M (38%)           0M (0%)     
[2024-07-25T19:05:21.481+0800][89.851s][gc,heap     ] GC(4811)      Used:       16M (100%)         16M (100%)         12M (75%)          14M (88%)          16M (100%)         10M (62%)    
[2024-07-25T19:05:21.481+0800][89.851s][gc,heap     ] GC(4811)      Live:         -                 8M (54%)           8M (54%)           8M (54%)            -                  -          
[2024-07-25T19:05:21.481+0800][89.851s][gc,heap     ] GC(4811) Allocated:         -                 0M (0%)            2M (12%)           4M (25%)            -                  -          
[2024-07-25T19:05:21.481+0800][89.851s][gc,heap     ] GC(4811)   Garbage:         -                 7M (46%)           1M (8%)            1M (8%)             -                  -          
[2024-07-25T19:05:21.481+0800][89.851s][gc,heap     ] GC(4811) Reclaimed:         -                  -                 6M (38%)           6M (38%)            -                  -          
[2024-07-25T19:05:21.482+0800][89.851s][gc          ] GC(4811) Garbage Collection (Allocation Stall) 16M(100%)->14M(88%)
[2024-07-25T19:05:21.484+0800][89.853s][gc,start    ] GC(4812) Garbage Collection (Allocation Stall)
[2024-07-25T19:05:21.484+0800][89.853s][gc,ref      ] GC(4812) Clearing All SoftReferences
[2024-07-25T19:05:21.484+0800][89.853s][gc,task     ] GC(4812) Using 1 workers
[2024-07-25T19:05:21.484+0800][89.853s][gc,phases   ] GC(4812) Pause Mark Start 0.014ms
[2024-07-25T19:05:21.489+0800][89.858s][gc,phases   ] GC(4812) Concurrent Mark 5.068ms
[2024-07-25T19:05:21.489+0800][89.859s][gc,phases   ] GC(4812) Pause Mark End 0.018ms
[2024-07-25T19:05:21.489+0800][89.859s][gc,phases   ] GC(4812) Concurrent Mark Free 0.001ms
[2024-07-25T19:05:21.491+0800][89.861s][gc,phases   ] GC(4812) Concurrent Process Non-Strong References 2.240ms
[2024-07-25T19:05:21.491+0800][89.861s][gc,phases   ] GC(4812) Concurrent Reset Relocation Set 0.001ms
[2024-07-25T19:05:21.494+0800][89.864s][gc          ] Allocation Stall (main) 10.850ms
[2024-07-25T19:05:21.494+0800][89.864s][gc,phases   ] GC(4812) Concurrent Select Relocation Set 2.753ms
[2024-07-25T19:05:21.495+0800][89.864s][gc,phases   ] GC(4812) Pause Relocate Start 0.011ms
[2024-07-25T19:05:21.495+0800][89.864s][gc,phases   ] GC(4812) Concurrent Relocate 0.116ms
[2024-07-25T19:05:21.495+0800][89.865s][gc,load     ] GC(4812) Load: 0.00/0.00/0.00
[2024-07-25T19:05:21.495+0800][89.865s][gc,mmu      ] GC(4812) MMU: 2ms/88.2%, 5ms/95.3%, 10ms/97.6%, 20ms/98.8%, 50ms/99.4%, 100ms/99.6%
[2024-07-25T19:05:21.495+0800][89.865s][gc,marking  ] GC(4812) Mark: 1 stripe(s), 1 proactive flush(es), 1 terminate flush(es), 0 completion(s), 0 continuation(s) 
[2024-07-25T19:05:21.495+0800][89.865s][gc,marking  ] GC(4812) Mark Stack Usage: 32M
[2024-07-25T19:05:21.495+0800][89.865s][gc,nmethod  ] GC(4812) NMethods: 535 registered, 0 unregistered
[2024-07-25T19:05:21.495+0800][89.865s][gc,metaspace] GC(4812) Metaspace: 1M used, 1M committed, 1088M reserved
[2024-07-25T19:05:21.495+0800][89.865s][gc,ref      ] GC(4812) Soft: 46 encountered, 25 discovered, 0 enqueued
[2024-07-25T19:05:21.495+0800][89.865s][gc,ref      ] GC(4812) Weak: 131 encountered, 107 discovered, 0 enqueued
[2024-07-25T19:05:21.495+0800][89.865s][gc,ref      ] GC(4812) Final: 0 encountered, 0 discovered, 0 enqueued
[2024-07-25T19:05:21.495+0800][89.865s][gc,ref      ] GC(4812) Phantom: 184 encountered, 98 discovered, 0 enqueued
[2024-07-25T19:05:21.495+0800][89.865s][gc,reloc    ] GC(4812) Small Pages: 4 / 8M, Empty: 2M, Relocated: 0M, In-Place: 0
[2024-07-25T19:05:21.495+0800][89.865s][gc,reloc    ] GC(4812) Large Pages: 4 / 8M, Empty: 4M, Relocated: 0M, In-Place: 0
[2024-07-25T19:05:21.495+0800][89.865s][gc,reloc    ] GC(4812) Forwarding Usage: 0M
[2024-07-25T19:05:21.495+0800][89.865s][gc,heap     ] GC(4812) Min Capacity: 8M(50%)
[2024-07-25T19:05:21.495+0800][89.865s][gc,heap     ] GC(4812) Max Capacity: 16M(100%)
[2024-07-25T19:05:21.495+0800][89.865s][gc,heap     ] GC(4812) Soft Max Capacity: 16M(100%)
[2024-07-25T19:05:21.495+0800][89.865s][gc,heap     ] GC(4812)                Mark Start          Mark End        Relocate Start      Relocate End           High               Low         
[2024-07-25T19:05:21.495+0800][89.865s][gc,heap     ] GC(4812)  Capacity:       16M (100%)         16M (100%)         16M (100%)         16M (100%)         16M (100%)         16M (100%)   
[2024-07-25T19:05:21.495+0800][89.865s][gc,heap     ] GC(4812)      Free:        0M (0%)            0M (0%)            2M (12%)           2M (12%)           6M (38%)           0M (0%)     
[2024-07-25T19:05:21.495+0800][89.865s][gc,heap     ] GC(4812)      Used:       16M (100%)         16M (100%)         14M (88%)          14M (88%)          16M (100%)         10M (62%)    
[2024-07-25T19:05:21.496+0800][89.865s][gc,heap     ] GC(4812)      Live:         -                 8M (54%)           8M (54%)           8M (54%)            -                  -          
[2024-07-25T19:05:21.496+0800][89.865s][gc,heap     ] GC(4812) Allocated:         -                 0M (0%)            4M (25%)           4M (25%)            -                  -          
[2024-07-25T19:05:21.496+0800][89.865s][gc,heap     ] GC(4812)   Garbage:         -                 7M (46%)           1M (8%)            1M (8%)             -                  -          
[2024-07-25T19:05:21.496+0800][89.865s][gc,heap     ] GC(4812) Reclaimed:         -                  -                 6M (38%)           6M (38%)            -                  -          
[2024-07-25T19:05:21.496+0800][89.865s][gc          ] GC(4812) Garbage Collection (Allocation Stall) 16M(100%)->14M(88%)
[2024-07-25T19:05:21.500+0800][89.869s][gc,start    ] GC(4813) Garbage Collection (Allocation Stall)
[2024-07-25T19:05:21.500+0800][89.869s][gc,ref      ] GC(4813) Clearing All SoftReferences
[2024-07-25T19:05:21.500+0800][89.869s][gc,task     ] GC(4813) Using 1 workers
[2024-07-25T19:05:21.500+0800][89.869s][gc,phases   ] GC(4813) Pause Mark Start 0.018ms
[2024-07-25T19:05:21.506+0800][89.875s][gc,phases   ] GC(4813) Concurrent Mark 5.851ms
[2024-07-25T19:05:21.506+0800][89.876s][gc,phases   ] GC(4813) Pause Mark End 0.012ms
[2024-07-25T19:05:21.506+0800][89.876s][gc,phases   ] GC(4813) Concurrent Mark Free 0.001ms
[2024-07-25T19:05:21.508+0800][89.878s][gc,phases   ] GC(4813) Concurrent Process Non-Strong References 1.796ms
[2024-07-25T19:05:21.508+0800][89.878s][gc,phases   ] GC(4813) Concurrent Reset Relocation Set 0.001ms
[2024-07-25T19:05:21.511+0800][89.880s][gc          ] Allocation Stall (main) 10.907ms
[2024-07-25T19:05:21.511+0800][89.880s][gc,phases   ] GC(4813) Concurrent Select Relocation Set 2.433ms
[2024-07-25T19:05:21.511+0800][89.880s][gc,phases   ] GC(4813) Pause Relocate Start 0.008ms
[2024-07-25T19:05:21.511+0800][89.881s][gc,phases   ] GC(4813) Concurrent Relocate 0.109ms
[2024-07-25T19:05:21.511+0800][89.881s][gc,load     ] GC(4813) Load: 0.00/0.00/0.00
[2024-07-25T19:05:21.511+0800][89.881s][gc,mmu      ] GC(4813) MMU: 2ms/88.2%, 5ms/95.3%, 10ms/97.6%, 20ms/98.8%, 50ms/99.4%, 100ms/99.6%
[2024-07-25T19:05:21.511+0800][89.881s][gc,marking  ] GC(4813) Mark: 1 stripe(s), 1 proactive flush(es), 1 terminate flush(es), 0 completion(s), 0 continuation(s) 
[2024-07-25T19:05:21.511+0800][89.881s][gc,marking  ] GC(4813) Mark Stack Usage: 32M
[2024-07-25T19:05:21.511+0800][89.881s][gc,nmethod  ] GC(4813) NMethods: 535 registered, 0 unregistered
[2024-07-25T19:05:21.511+0800][89.881s][gc,metaspace] GC(4813) Metaspace: 1M used, 1M committed, 1088M reserved
[2024-07-25T19:05:21.511+0800][89.881s][gc,ref      ] GC(4813) Soft: 46 encountered, 25 discovered, 0 enqueued
[2024-07-25T19:05:21.511+0800][89.881s][gc,ref      ] GC(4813) Weak: 131 encountered, 107 discovered, 0 enqueued
[2024-07-25T19:05:21.511+0800][89.881s][gc,ref      ] GC(4813) Final: 0 encountered, 0 discovered, 0 enqueued
[2024-07-25T19:05:21.511+0800][89.881s][gc,ref      ] GC(4813) Phantom: 184 encountered, 98 discovered, 0 enqueued
[2024-07-25T19:05:21.511+0800][89.881s][gc,reloc    ] GC(4813) Small Pages: 4 / 8M, Empty: 2M, Relocated: 0M, In-Place: 0
[2024-07-25T19:05:21.511+0800][89.881s][gc,reloc    ] GC(4813) Large Pages: 4 / 8M, Empty: 4M, Relocated: 0M, In-Place: 0
[2024-07-25T19:05:21.512+0800][89.881s][gc,reloc    ] GC(4813) Forwarding Usage: 0M
[2024-07-25T19:05:21.512+0800][89.881s][gc,heap     ] GC(4813) Min Capacity: 8M(50%)
[2024-07-25T19:05:21.512+0800][89.881s][gc,heap     ] GC(4813) Max Capacity: 16M(100%)
[2024-07-25T19:05:21.512+0800][89.881s][gc,heap     ] GC(4813) Soft Max Capacity: 16M(100%)
[2024-07-25T19:05:21.512+0800][89.881s][gc,heap     ] GC(4813)                Mark Start          Mark End        Relocate Start      Relocate End           High               Low         
[2024-07-25T19:05:21.512+0800][89.881s][gc,heap     ] GC(4813)  Capacity:       16M (100%)         16M (100%)         16M (100%)         16M (100%)         16M (100%)         16M (100%)   
[2024-07-25T19:05:21.512+0800][89.881s][gc,heap     ] GC(4813)      Free:        0M (0%)            0M (0%)            2M (12%)           2M (12%)           6M (38%)           0M (0%)     
[2024-07-25T19:05:21.512+0800][89.881s][gc,heap     ] GC(4813)      Used:       16M (100%)         16M (100%)         14M (88%)          14M (88%)          16M (100%)         10M (62%)    
[2024-07-25T19:05:21.512+0800][89.881s][gc,heap     ] GC(4813)      Live:         -                 8M (54%)           8M (54%)           8M (54%)            -                  -          
[2024-07-25T19:05:21.512+0800][89.881s][gc,heap     ] GC(4813) Allocated:         -                 0M (0%)            4M (25%)           4M (25%)            -                  -          
[2024-07-25T19:05:21.512+0800][89.881s][gc,heap     ] GC(4813)   Garbage:         -                 7M (46%)           1M (8%)            1M (8%)             -                  -          
[2024-07-25T19:05:21.512+0800][89.881s][gc,heap     ] GC(4813) Reclaimed:         -                  -                 6M (38%)           6M (38%)            -                  -          
[2024-07-25T19:05:21.512+0800][89.881s][gc          ] GC(4813) Garbage Collection (Allocation Stall) 16M(100%)->14M(88%)
[2024-07-25T19:05:21.514+0800][89.883s][gc,start    ] GC(4814) Garbage Collection (Allocation Rate)
[2024-07-25T19:05:21.514+0800][89.883s][gc,task     ] GC(4814) Using 1 workers
[2024-07-25T19:05:21.514+0800][89.883s][gc,phases   ] GC(4814) Pause Mark Start 0.008ms
[2024-07-25T19:05:21.520+0800][89.889s][gc,phases   ] GC(4814) Concurrent Mark 5.584ms
[2024-07-25T19:05:21.520+0800][89.889s][gc,phases   ] GC(4814) Pause Mark End 0.008ms
[2024-07-25T19:05:21.520+0800][89.889s][gc,phases   ] GC(4814) Concurrent Mark Free 0.001ms
[2024-07-25T19:05:21.522+0800][89.891s][gc,phases   ] GC(4814) Concurrent Process Non-Strong References 1.698ms
[2024-07-25T19:05:21.522+0800][89.891s][gc,phases   ] GC(4814) Concurrent Reset Relocation Set 0.001ms
[2024-07-25T19:05:21.525+0800][89.894s][gc          ] Allocation Stall (main) 9.154ms
[2024-07-25T19:05:21.525+0800][89.894s][gc,phases   ] GC(4814) Concurrent Select Relocation Set 2.944ms
[2024-07-25T19:05:21.525+0800][89.894s][gc,phases   ] GC(4814) Pause Relocate Start 0.008ms
[2024-07-25T19:05:21.526+0800][89.896s][gc,phases   ] GC(4814) Concurrent Relocate 1.568ms
[2024-07-25T19:05:21.527+0800][89.896s][gc,load     ] GC(4814) Load: 0.00/0.00/0.00
[2024-07-25T19:05:21.527+0800][89.896s][gc,mmu      ] GC(4814) MMU: 2ms/88.2%, 5ms/95.3%, 10ms/97.6%, 20ms/98.8%, 50ms/99.4%, 100ms/99.6%
[2024-07-25T19:05:21.527+0800][89.896s][gc,marking  ] GC(4814) Mark: 1 stripe(s), 1 proactive flush(es), 1 terminate flush(es), 0 completion(s), 0 continuation(s) 
[2024-07-25T19:05:21.527+0800][89.896s][gc,marking  ] GC(4814) Mark Stack Usage: 32M
[2024-07-25T19:05:21.527+0800][89.896s][gc,nmethod  ] GC(4814) NMethods: 535 registered, 0 unregistered
[2024-07-25T19:05:21.527+0800][89.896s][gc,metaspace] GC(4814) Metaspace: 1M used, 1M committed, 1088M reserved
[2024-07-25T19:05:21.527+0800][89.896s][gc,ref      ] GC(4814) Soft: 46 encountered, 25 discovered, 0 enqueued
[2024-07-25T19:05:21.527+0800][89.896s][gc,ref      ] GC(4814) Weak: 131 encountered, 107 discovered, 0 enqueued
[2024-07-25T19:05:21.527+0800][89.896s][gc,ref      ] GC(4814) Final: 0 encountered, 0 discovered, 0 enqueued
[2024-07-25T19:05:21.527+0800][89.896s][gc,ref      ] GC(4814) Phantom: 184 encountered, 98 discovered, 0 enqueued
[2024-07-25T19:05:21.527+0800][89.896s][gc,reloc    ] GC(4814) Small Pages: 4 / 8M, Empty: 0M, Relocated: 1M, In-Place: 1
[2024-07-25T19:05:21.527+0800][89.896s][gc,reloc    ] GC(4814) Large Pages: 4 / 8M, Empty: 4M, Relocated: 0M, In-Place: 0
[2024-07-25T19:05:21.527+0800][89.896s][gc,reloc    ] GC(4814) Forwarding Usage: 0M
[2024-07-25T19:05:21.527+0800][89.896s][gc,heap     ] GC(4814) Min Capacity: 8M(50%)
[2024-07-25T19:05:21.527+0800][89.897s][gc,heap     ] GC(4814) Max Capacity: 16M(100%)
[2024-07-25T19:05:21.527+0800][89.897s][gc,heap     ] GC(4814) Soft Max Capacity: 16M(100%)
[2024-07-25T19:05:21.527+0800][89.897s][gc,heap     ] GC(4814)                Mark Start          Mark End        Relocate Start      Relocate End           High               Low         
[2024-07-25T19:05:21.527+0800][89.897s][gc,heap     ] GC(4814)  Capacity:       16M (100%)         16M (100%)         16M (100%)         16M (100%)         16M (100%)         16M (100%)   
[2024-07-25T19:05:21.527+0800][89.897s][gc,heap     ] GC(4814)      Free:        0M (0%)            0M (0%)            0M (0%)            2M (12%)           4M (25%)           0M (0%)     
[2024-07-25T19:05:21.527+0800][89.897s][gc,heap     ] GC(4814)      Used:       16M (100%)         16M (100%)         16M (100%)         14M (88%)          16M (100%)         12M (75%)    
[2024-07-25T19:05:21.527+0800][89.897s][gc,heap     ] GC(4814)      Live:         -                 8M (54%)           8M (54%)           8M (54%)            -                  -          
[2024-07-25T19:05:21.527+0800][89.897s][gc,heap     ] GC(4814) Allocated:         -                 0M (0%)            4M (25%)           3M (25%)            -                  -          
[2024-07-25T19:05:21.527+0800][89.897s][gc,heap     ] GC(4814)   Garbage:         -                 7M (46%)           3M (21%)           1M (8%)             -                  -          
[2024-07-25T19:05:21.527+0800][89.897s][gc,heap     ] GC(4814) Reclaimed:         -                  -                 4M (25%)           5M (37%)            -                  -          
[2024-07-25T19:05:21.527+0800][89.897s][gc          ] GC(4814) Garbage Collection (Allocation Rate) 16M(100%)->14M(88%)
[2024-07-25T19:05:21.529+0800][89.899s][gc,start    ] GC(4815) Garbage Collection (Allocation Stall)
[2024-07-25T19:05:21.529+0800][89.899s][gc,ref      ] GC(4815) Clearing All SoftReferences
[2024-07-25T19:05:21.529+0800][89.899s][gc,task     ] GC(4815) Using 1 workers
[2024-07-25T19:05:21.529+0800][89.899s][gc,phases   ] GC(4815) Pause Mark Start 0.007ms
[2024-07-25T19:05:21.536+0800][89.905s][gc,phases   ] GC(4815) Concurrent Mark 6.588ms
[2024-07-25T19:05:21.536+0800][89.906s][gc,phases   ] GC(4815) Pause Mark End 0.009ms
[2024-07-25T19:05:21.536+0800][89.906s][gc,phases   ] GC(4815) Concurrent Mark Free 0.001ms
[2024-07-25T19:05:21.538+0800][89.908s][gc,phases   ] GC(4815) Concurrent Process Non-Strong References 1.818ms
[2024-07-25T19:05:21.538+0800][89.908s][gc,phases   ] GC(4815) Concurrent Reset Relocation Set 0.002ms
[2024-07-25T19:05:21.541+0800][89.911s][gc          ] Allocation Stall (main) 12.064ms
[2024-07-25T19:05:21.541+0800][89.911s][gc,phases   ] GC(4815) Concurrent Select Relocation Set 2.921ms
[2024-07-25T19:05:21.541+0800][89.911s][gc,phases   ] GC(4815) Pause Relocate Start 0.007ms
[2024-07-25T19:05:21.543+0800][89.912s][gc,phases   ] GC(4815) Concurrent Relocate 1.477ms
[2024-07-25T19:05:21.543+0800][89.912s][gc,load     ] GC(4815) Load: 0.00/0.00/0.00
[2024-07-25T19:05:21.543+0800][89.912s][gc,mmu      ] GC(4815) MMU: 2ms/88.2%, 5ms/95.3%, 10ms/97.6%, 20ms/98.8%, 50ms/99.4%, 100ms/99.6%
[2024-07-25T19:05:21.543+0800][89.912s][gc,marking  ] GC(4815) Mark: 1 stripe(s), 1 proactive flush(es), 1 terminate flush(es), 0 completion(s), 0 continuation(s) 
[2024-07-25T19:05:21.543+0800][89.913s][gc,marking  ] GC(4815) Mark Stack Usage: 32M
[2024-07-25T19:05:21.543+0800][89.913s][gc,nmethod  ] GC(4815) NMethods: 535 registered, 0 unregistered
[2024-07-25T19:05:21.543+0800][89.913s][gc,metaspace] GC(4815) Metaspace: 1M used, 1M committed, 1088M reserved
[2024-07-25T19:05:21.543+0800][89.913s][gc,ref      ] GC(4815) Soft: 46 encountered, 25 discovered, 0 enqueued
[2024-07-25T19:05:21.543+0800][89.913s][gc,ref      ] GC(4815) Weak: 131 encountered, 107 discovered, 0 enqueued
[2024-07-25T19:05:21.543+0800][89.913s][gc,ref      ] GC(4815) Final: 0 encountered, 0 discovered, 0 enqueued
[2024-07-25T19:05:21.543+0800][89.913s][gc,ref      ] GC(4815) Phantom: 184 encountered, 98 discovered, 0 enqueued
[2024-07-25T19:05:21.543+0800][89.913s][gc,reloc    ] GC(4815) Small Pages: 4 / 8M, Empty: 0M, Relocated: 1M, In-Place: 1
[2024-07-25T19:05:21.543+0800][89.913s][gc,reloc    ] GC(4815) Large Pages: 4 / 8M, Empty: 4M, Relocated: 0M, In-Place: 0
[2024-07-25T19:05:21.543+0800][89.913s][gc,reloc    ] GC(4815) Forwarding Usage: 0M
[2024-07-25T19:05:21.543+0800][89.913s][gc,heap     ] GC(4815) Min Capacity: 8M(50%)
[2024-07-25T19:05:21.543+0800][89.913s][gc,heap     ] GC(4815) Max Capacity: 16M(100%)
[2024-07-25T19:05:21.543+0800][89.913s][gc,heap     ] GC(4815) Soft Max Capacity: 16M(100%)
[2024-07-25T19:05:21.543+0800][89.913s][gc,heap     ] GC(4815)                Mark Start          Mark End        Relocate Start      Relocate End           High               Low         
[2024-07-25T19:05:21.543+0800][89.913s][gc,heap     ] GC(4815)  Capacity:       16M (100%)         16M (100%)         16M (100%)         16M (100%)         16M (100%)         16M (100%)   
[2024-07-25T19:05:21.543+0800][89.913s][gc,heap     ] GC(4815)      Free:        0M (0%)            0M (0%)            0M (0%)            0M (0%)            4M (25%)           0M (0%)     
[2024-07-25T19:05:21.543+0800][89.913s][gc,heap     ] GC(4815)      Used:       16M (100%)         16M (100%)         16M (100%)         16M (100%)         16M (100%)         12M (75%)    
[2024-07-25T19:05:21.543+0800][89.913s][gc,heap     ] GC(4815)      Live:         -                 8M (54%)           8M (54%)           8M (54%)            -                  -          
[2024-07-25T19:05:21.543+0800][89.913s][gc,heap     ] GC(4815) Allocated:         -                 0M (0%)            4M (25%)           5M (37%)            -                  -          
[2024-07-25T19:05:21.543+0800][89.913s][gc,heap     ] GC(4815)   Garbage:         -                 7M (46%)           3M (21%)           1M (8%)             -                  -          
[2024-07-25T19:05:21.543+0800][89.913s][gc,heap     ] GC(4815) Reclaimed:         -                  -                 4M (25%)           5M (37%)            -                  -          
[2024-07-25T19:05:21.543+0800][89.913s][gc          ] GC(4815) Garbage Collection (Allocation Stall) 16M(100%)->16M(100%)
[2024-07-25T19:05:21.546+0800][89.915s][gc,start    ] GC(4816) Garbage Collection (Allocation Stall)
[2024-07-25T19:05:21.546+0800][89.915s][gc,ref      ] GC(4816) Clearing All SoftReferences
[2024-07-25T19:05:21.546+0800][89.915s][gc,task     ] GC(4816) Using 1 workers
[2024-07-25T19:05:21.546+0800][89.915s][gc,phases   ] GC(4816) Pause Mark Start 0.009ms
[2024-07-25T19:05:21.553+0800][89.922s][gc,phases   ] GC(4816) Concurrent Mark 7.126ms
[2024-07-25T19:05:21.553+0800][89.922s][gc,phases   ] GC(4816) Pause Mark End 0.010ms
[2024-07-25T19:05:21.553+0800][89.922s][gc,phases   ] GC(4816) Concurrent Mark Free 0.001ms
[2024-07-25T19:05:21.555+0800][89.924s][gc,phases   ] GC(4816) Concurrent Process Non-Strong References 1.723ms
[2024-07-25T19:05:21.555+0800][89.924s][gc,phases   ] GC(4816) Concurrent Reset Relocation Set 0.001ms
[2024-07-25T19:05:21.558+0800][89.927s][gc          ] Allocation Stall (main) 12.146ms
[2024-07-25T19:05:21.558+0800][89.927s][gc,phases   ] GC(4816) Concurrent Select Relocation Set 2.580ms
[2024-07-25T19:05:21.558+0800][89.927s][gc,phases   ] GC(4816) Pause Relocate Start 0.006ms
[2024-07-25T19:05:21.560+0800][89.929s][gc,phases   ] GC(4816) Concurrent Relocate 1.511ms
[2024-07-25T19:05:21.560+0800][89.929s][gc,load     ] GC(4816) Load: 0.00/0.00/0.00
[2024-07-25T19:05:21.560+0800][89.929s][gc,mmu      ] GC(4816) MMU: 2ms/88.2%, 5ms/95.3%, 10ms/97.6%, 20ms/98.8%, 50ms/99.4%, 100ms/99.6%
[2024-07-25T19:05:21.560+0800][89.929s][gc,marking  ] GC(4816) Mark: 1 stripe(s), 1 proactive flush(es), 1 terminate flush(es), 0 completion(s), 0 continuation(s) 
[2024-07-25T19:05:21.560+0800][89.929s][gc,marking  ] GC(4816) Mark Stack Usage: 32M
[2024-07-25T19:05:21.560+0800][89.929s][gc,nmethod  ] GC(4816) NMethods: 535 registered, 0 unregistered
[2024-07-25T19:05:21.560+0800][89.929s][gc,metaspace] GC(4816) Metaspace: 1M used, 1M committed, 1088M reserved
[2024-07-25T19:05:21.560+0800][89.929s][gc,ref      ] GC(4816) Soft: 46 encountered, 25 discovered, 0 enqueued
[2024-07-25T19:05:21.560+0800][89.929s][gc,ref      ] GC(4816) Weak: 131 encountered, 107 discovered, 0 enqueued
[2024-07-25T19:05:21.560+0800][89.929s][gc,ref      ] GC(4816) Final: 0 encountered, 0 discovered, 0 enqueued
[2024-07-25T19:05:21.560+0800][89.929s][gc,ref      ] GC(4816) Phantom: 184 encountered, 98 discovered, 0 enqueued
[2024-07-25T19:05:21.560+0800][89.929s][gc,reloc    ] GC(4816) Small Pages: 4 / 8M, Empty: 0M, Relocated: 1M, In-Place: 1
[2024-07-25T19:05:21.560+0800][89.929s][gc,reloc    ] GC(4816) Large Pages: 4 / 8M, Empty: 4M, Relocated: 0M, In-Place: 0
[2024-07-25T19:05:21.560+0800][89.929s][gc,reloc    ] GC(4816) Forwarding Usage: 0M
[2024-07-25T19:05:21.560+0800][89.929s][gc,heap     ] GC(4816) Min Capacity: 8M(50%)
[2024-07-25T19:05:21.560+0800][89.929s][gc,heap     ] GC(4816) Max Capacity: 16M(100%)
[2024-07-25T19:05:21.560+0800][89.929s][gc,heap     ] GC(4816) Soft Max Capacity: 16M(100%)
[2024-07-25T19:05:21.560+0800][89.929s][gc,heap     ] GC(4816)                Mark Start          Mark End        Relocate Start      Relocate End           High               Low         
[2024-07-25T19:05:21.560+0800][89.929s][gc,heap     ] GC(4816)  Capacity:       16M (100%)         16M (100%)         16M (100%)         16M (100%)         16M (100%)         16M (100%)   
[2024-07-25T19:05:21.651+0800][90.020s][gc,heap     ] GC(4816)      Free:        0M (0%)            0M (0%)            0M (0%)            2M (12%)           4M (25%)           0M (0%)     
[2024-07-25T19:05:21.652+0800][90.021s][gc,heap     ] GC(4816)      Used:       16M (100%)         16M (100%)         16M (100%)         14M (88%)          16M (100%)         12M (75%)    
[2024-07-25T19:05:21.652+0800][90.021s][gc,heap     ] GC(4816)      Live:         -                 8M (54%)           8M (54%)           8M (54%)            -                  -          
[2024-07-25T19:05:21.652+0800][90.021s][gc,heap     ] GC(4816) Allocated:         -                 0M (0%)            4M (25%)           4M (25%)            -                  -          
[2024-07-25T19:05:21.652+0800][90.021s][gc,heap     ] GC(4816)   Garbage:         -                 7M (46%)           3M (21%)           1M (8%)             -                  -          
[2024-07-25T19:05:21.652+0800][90.021s][gc,heap     ] GC(4816) Reclaimed:         -                  -                 4M (25%)           6M (38%)            -                  -          
[2024-07-25T19:05:21.652+0800][90.021s][gc          ] GC(4816) Garbage Collection (Allocation Stall) 16M(100%)->14M(88%)
[2024-07-25T19:05:21.652+0800][90.021s][gc,start    ] GC(4817) Garbage Collection (Allocation Stall)
[2024-07-25T19:05:21.652+0800][90.021s][gc,ref      ] GC(4817) Clearing All SoftReferences
[2024-07-25T19:05:21.652+0800][90.021s][gc,task     ] GC(4817) Using 1 workers
[2024-07-25T19:05:21.652+0800][90.021s][gc,phases   ] GC(4817) Pause Mark Start 0.009ms
[2024-07-25T19:05:21.661+0800][90.031s][gc,phases   ] GC(4817) Concurrent Mark 9.283ms
[2024-07-25T19:05:21.661+0800][90.031s][gc,phases   ] GC(4817) Pause Mark End 0.012ms
[2024-07-25T19:05:21.661+0800][90.031s][gc,phases   ] GC(4817) Concurrent Mark Free 0.002ms
[2024-07-25T19:05:21.664+0800][90.033s][gc,phases   ] GC(4817) Concurrent Process Non-Strong References 2.310ms
[2024-07-25T19:05:21.664+0800][90.033s][gc,phases   ] GC(4817) Concurrent Reset Relocation Set 0.001ms
[2024-07-25T19:05:21.666+0800][90.036s][gc          ] Allocation Stall (main) 103.276ms
[2024-07-25T19:05:21.666+0800][90.036s][gc,phases   ] GC(4817) Concurrent Select Relocation Set 2.605ms
[2024-07-25T19:05:21.667+0800][90.036s][gc,phases   ] GC(4817) Pause Relocate Start 0.011ms
[2024-07-25T19:05:21.667+0800][90.037s][gc,phases   ] GC(4817) Concurrent Relocate 0.112ms
[2024-07-25T19:05:21.667+0800][90.037s][gc,load     ] GC(4817) Load: 0.00/0.00/0.00
[2024-07-25T19:05:21.667+0800][90.037s][gc,mmu      ] GC(4817) MMU: 2ms/88.2%, 5ms/95.3%, 10ms/97.6%, 20ms/98.8%, 50ms/99.4%, 100ms/99.6%
[2024-07-25T19:05:21.667+0800][90.037s][gc,marking  ] GC(4817) Mark: 1 stripe(s), 1 proactive flush(es), 1 terminate flush(es), 0 completion(s), 0 continuation(s) 
[2024-07-25T19:05:21.667+0800][90.037s][gc,marking  ] GC(4817) Mark Stack Usage: 32M
[2024-07-25T19:05:21.667+0800][90.037s][gc,nmethod  ] GC(4817) NMethods: 535 registered, 0 unregistered
[2024-07-25T19:05:21.667+0800][90.037s][gc,metaspace] GC(4817) Metaspace: 1M used, 1M committed, 1088M reserved
[2024-07-25T19:05:21.667+0800][90.037s][gc,ref      ] GC(4817) Soft: 46 encountered, 25 discovered, 0 enqueued
[2024-07-25T19:05:21.667+0800][90.037s][gc,ref      ] GC(4817) Weak: 131 encountered, 107 discovered, 0 enqueued
[2024-07-25T19:05:21.667+0800][90.037s][gc,ref      ] GC(4817) Final: 0 encountered, 0 discovered, 0 enqueued
[2024-07-25T19:05:21.667+0800][90.037s][gc,ref      ] GC(4817) Phantom: 184 encountered, 98 discovered, 0 enqueued
[2024-07-25T19:05:21.667+0800][90.037s][gc,reloc    ] GC(4817) Small Pages: 4 / 8M, Empty: 2M, Relocated: 0M, In-Place: 0
[2024-07-25T19:05:21.667+0800][90.037s][gc,reloc    ] GC(4817) Large Pages: 4 / 8M, Empty: 4M, Relocated: 0M, In-Place: 0
[2024-07-25T19:05:21.667+0800][90.037s][gc,reloc    ] GC(4817) Forwarding Usage: 0M
[2024-07-25T19:05:21.667+0800][90.037s][gc,heap     ] GC(4817) Min Capacity: 8M(50%)
[2024-07-25T19:05:21.667+0800][90.037s][gc,heap     ] GC(4817) Max Capacity: 16M(100%)
[2024-07-25T19:05:21.667+0800][90.037s][gc,heap     ] GC(4817) Soft Max Capacity: 16M(100%)
[2024-07-25T19:05:21.667+0800][90.037s][gc,heap     ] GC(4817)                Mark Start          Mark End        Relocate Start      Relocate End           High               Low         
[2024-07-25T19:05:21.667+0800][90.037s][gc,heap     ] GC(4817)  Capacity:       16M (100%)         16M (100%)         16M (100%)         16M (100%)         16M (100%)         16M (100%)   
[2024-07-25T19:05:21.667+0800][90.037s][gc,heap     ] GC(4817)      Free:        0M (0%)            0M (0%)            4M (25%)           2M (12%)           6M (38%)           0M (0%)     
[2024-07-25T19:05:21.667+0800][90.037s][gc,heap     ] GC(4817)      Used:       16M (100%)         16M (100%)         12M (75%)          14M (88%)          16M (100%)         10M (62%)    
[2024-07-25T19:05:21.667+0800][90.037s][gc,heap     ] GC(4817)      Live:         -                 8M (54%)           8M (54%)           8M (54%)            -                  -          
[2024-07-25T19:05:21.667+0800][90.037s][gc,heap     ] GC(4817) Allocated:         -                 0M (0%)            2M (12%)           4M (25%)            -                  -          
[2024-07-25T19:05:21.667+0800][90.037s][gc,heap     ] GC(4817)   Garbage:         -                 7M (46%)           1M (8%)            1M (8%)             -                  -          
[2024-07-25T19:05:21.667+0800][90.037s][gc,heap     ] GC(4817) Reclaimed:         -                  -                 6M (38%)           6M (38%)            -                  -          
[2024-07-25T19:05:21.667+0800][90.037s][gc          ] GC(4817) Garbage Collection (Allocation Stall) 16M(100%)->14M(88%)
[2024-07-25T19:05:21.671+0800][90.040s][gc,start    ] GC(4818) Garbage Collection (Allocation Stall)
[2024-07-25T19:05:21.671+0800][90.041s][gc,ref      ] GC(4818) Clearing All SoftReferences
[2024-07-25T19:05:21.671+0800][90.041s][gc,task     ] GC(4818) Using 1 workers
[2024-07-25T19:05:21.671+0800][90.041s][gc,phases   ] GC(4818) Pause Mark Start 0.009ms
[2024-07-25T19:05:21.679+0800][90.049s][gc,phases   ] GC(4818) Concurrent Mark 8.089ms
[2024-07-25T19:05:21.679+0800][90.049s][gc,phases   ] GC(4818) Pause Mark End 0.015ms
[2024-07-25T19:05:21.680+0800][90.049s][gc,phases   ] GC(4818) Concurrent Mark Free 0.001ms
[2024-07-25T19:05:21.681+0800][90.051s][gc,phases   ] GC(4818) Concurrent Process Non-Strong References 1.635ms
[2024-07-25T19:05:21.681+0800][90.051s][gc,phases   ] GC(4818) Concurrent Reset Relocation Set 0.001ms
[2024-07-25T19:05:21.684+0800][90.053s][gc          ] Allocation Stall (main) 13.041ms
[2024-07-25T19:05:21.684+0800][90.053s][gc,phases   ] GC(4818) Concurrent Select Relocation Set 2.350ms
[2024-07-25T19:05:21.684+0800][90.054s][gc,phases   ] GC(4818) Pause Relocate Start 0.009ms
[2024-07-25T19:05:21.684+0800][90.054s][gc,phases   ] GC(4818) Concurrent Relocate 0.041ms
[2024-07-25T19:05:21.684+0800][90.054s][gc,load     ] GC(4818) Load: 0.00/0.00/0.00
[2024-07-25T19:05:21.684+0800][90.054s][gc,mmu      ] GC(4818) MMU: 2ms/88.2%, 5ms/95.3%, 10ms/97.6%, 20ms/98.8%, 50ms/99.4%, 100ms/99.6%
[2024-07-25T19:05:21.684+0800][90.054s][gc,marking  ] GC(4818) Mark: 1 stripe(s), 1 proactive flush(es), 1 terminate flush(es), 0 completion(s), 0 continuation(s) 
[2024-07-25T19:05:21.684+0800][90.054s][gc,marking  ] GC(4818) Mark Stack Usage: 32M
[2024-07-25T19:05:21.684+0800][90.054s][gc,nmethod  ] GC(4818) NMethods: 535 registered, 0 unregistered
[2024-07-25T19:05:21.684+0800][90.054s][gc,metaspace] GC(4818) Metaspace: 1M used, 1M committed, 1088M reserved
[2024-07-25T19:05:21.684+0800][90.054s][gc,ref      ] GC(4818) Soft: 46 encountered, 25 discovered, 0 enqueued
[2024-07-25T19:05:21.684+0800][90.054s][gc,ref      ] GC(4818) Weak: 131 encountered, 107 discovered, 0 enqueued
[2024-07-25T19:05:21.685+0800][90.054s][gc,ref      ] GC(4818) Final: 0 encountered, 0 discovered, 0 enqueued
[2024-07-25T19:05:21.685+0800][90.054s][gc,ref      ] GC(4818) Phantom: 184 encountered, 98 discovered, 0 enqueued
[2024-07-25T19:05:21.685+0800][90.054s][gc,reloc    ] GC(4818) Small Pages: 4 / 8M, Empty: 2M, Relocated: 0M, In-Place: 0
[2024-07-25T19:05:21.685+0800][90.054s][gc,reloc    ] GC(4818) Large Pages: 4 / 8M, Empty: 4M, Relocated: 0M, In-Place: 0
[2024-07-25T19:05:21.685+0800][90.054s][gc,reloc    ] GC(4818) Forwarding Usage: 0M
[2024-07-25T19:05:21.685+0800][90.054s][gc,heap     ] GC(4818) Min Capacity: 8M(50%)
[2024-07-25T19:05:21.685+0800][90.054s][gc,heap     ] GC(4818) Max Capacity: 16M(100%)
[2024-07-25T19:05:21.685+0800][90.054s][gc,heap     ] GC(4818) Soft Max Capacity: 16M(100%)
[2024-07-25T19:05:21.685+0800][90.054s][gc,heap     ] GC(4818)                Mark Start          Mark End        Relocate Start      Relocate End           High               Low         
[2024-07-25T19:05:21.685+0800][90.054s][gc,heap     ] GC(4818)  Capacity:       16M (100%)         16M (100%)         16M (100%)         16M (100%)         16M (100%)         16M (100%)   
[2024-07-25T19:05:21.685+0800][90.054s][gc,heap     ] GC(4818)      Free:        0M (0%)            0M (0%)            4M (25%)           4M (25%)           6M (38%)           0M (0%)     
[2024-07-25T19:05:21.685+0800][90.054s][gc,heap     ] GC(4818)      Used:       16M (100%)         16M (100%)         12M (75%)          12M (75%)          16M (100%)         10M (62%)    
[2024-07-25T19:05:21.685+0800][90.054s][gc,heap     ] GC(4818)      Live:         -                 8M (54%)           8M (54%)           8M (54%)            -                  -          
[2024-07-25T19:05:21.685+0800][90.055s][gc,heap     ] GC(4818) Allocated:         -                 0M (0%)            2M (12%)           2M (12%)            -                  -          
[2024-07-25T19:05:21.685+0800][90.055s][gc,heap     ] GC(4818)   Garbage:         -                 7M (46%)           1M (8%)            1M (8%)             -                  -          
[2024-07-25T19:05:21.685+0800][90.055s][gc,heap     ] GC(4818) Reclaimed:         -                  -                 6M (38%)           6M (38%)            -                  -          
[2024-07-25T19:05:21.685+0800][90.055s][gc          ] GC(4818) Garbage Collection (Allocation Stall) 16M(100%)->12M(75%)
[2024-07-25T19:05:21.688+0800][90.057s][gc,start    ] GC(4819) Garbage Collection (Allocation Stall)
[2024-07-25T19:05:21.688+0800][90.058s][gc,ref      ] GC(4819) Clearing All SoftReferences
[2024-07-25T19:05:21.688+0800][90.058s][gc,task     ] GC(4819) Using 1 workers
[2024-07-25T19:05:21.688+0800][90.058s][gc,phases   ] GC(4819) Pause Mark Start 0.008ms
[2024-07-25T19:05:21.695+0800][90.064s][gc,phases   ] GC(4819) Concurrent Mark 6.436ms
[2024-07-25T19:05:21.695+0800][90.064s][gc,phases   ] GC(4819) Pause Mark End 0.013ms
[2024-07-25T19:05:21.695+0800][90.065s][gc,phases   ] GC(4819) Concurrent Mark Free 0.001ms
[2024-07-25T19:05:21.697+0800][90.066s][gc,phases   ] GC(4819) Concurrent Process Non-Strong References 1.737ms
[2024-07-25T19:05:21.697+0800][90.066s][gc,phases   ] GC(4819) Concurrent Reset Relocation Set 0.001ms
[2024-07-25T19:05:21.700+0800][90.070s][gc          ] Allocation Stall (main) 12.752ms
[2024-07-25T19:05:21.701+0800][90.070s][gc,phases   ] GC(4819) Concurrent Select Relocation Set 3.745ms
[2024-07-25T19:05:21.701+0800][90.071s][gc,phases   ] GC(4819) Pause Relocate Start 0.016ms
[2024-07-25T19:05:21.701+0800][90.071s][gc,phases   ] GC(4819) Concurrent Relocate 0.102ms
[2024-07-25T19:05:21.701+0800][90.071s][gc,load     ] GC(4819) Load: 0.00/0.00/0.00
[2024-07-25T19:05:21.701+0800][90.071s][gc,mmu      ] GC(4819) MMU: 2ms/88.2%, 5ms/95.3%, 10ms/97.6%, 20ms/98.8%, 50ms/99.4%, 100ms/99.6%
[2024-07-25T19:05:21.701+0800][90.071s][gc,marking  ] GC(4819) Mark: 1 stripe(s), 1 proactive flush(es), 1 terminate flush(es), 0 completion(s), 0 continuation(s) 
[2024-07-25T19:05:21.701+0800][90.071s][gc,marking  ] GC(4819) Mark Stack Usage: 32M
[2024-07-25T19:05:21.701+0800][90.071s][gc,nmethod  ] GC(4819) NMethods: 535 registered, 0 unregistered
[2024-07-25T19:05:21.701+0800][90.071s][gc,metaspace] GC(4819) Metaspace: 1M used, 1M committed, 1088M reserved
[2024-07-25T19:05:21.701+0800][90.071s][gc,ref      ] GC(4819) Soft: 46 encountered, 25 discovered, 0 enqueued
[2024-07-25T19:05:21.702+0800][90.071s][gc,ref      ] GC(4819) Weak: 131 encountered, 107 discovered, 0 enqueued
[2024-07-25T19:05:21.702+0800][90.071s][gc,ref      ] GC(4819) Final: 0 encountered, 0 discovered, 0 enqueued
[2024-07-25T19:05:21.702+0800][90.071s][gc,ref      ] GC(4819) Phantom: 184 encountered, 98 discovered, 0 enqueued
[2024-07-25T19:05:21.702+0800][90.071s][gc,reloc    ] GC(4819) Small Pages: 4 / 8M, Empty: 2M, Relocated: 0M, In-Place: 0
[2024-07-25T19:05:21.702+0800][90.071s][gc,reloc    ] GC(4819) Large Pages: 4 / 8M, Empty: 4M, Relocated: 0M, In-Place: 0
[2024-07-25T19:05:21.702+0800][90.071s][gc,reloc    ] GC(4819) Forwarding Usage: 0M
[2024-07-25T19:05:21.702+0800][90.071s][gc,heap     ] GC(4819) Min Capacity: 8M(50%)
[2024-07-25T19:05:21.702+0800][90.071s][gc,heap     ] GC(4819) Max Capacity: 16M(100%)
[2024-07-25T19:05:21.702+0800][90.072s][gc,heap     ] GC(4819) Soft Max Capacity: 16M(100%)
[2024-07-25T19:05:21.702+0800][90.072s][gc,heap     ] GC(4819)                Mark Start          Mark End        Relocate Start      Relocate End           High               Low         
[2024-07-25T19:05:21.702+0800][90.072s][gc,heap     ] GC(4819)  Capacity:       16M (100%)         16M (100%)         16M (100%)         16M (100%)         16M (100%)         16M (100%)   
[2024-07-25T19:05:21.702+0800][90.072s][gc,heap     ] GC(4819)      Free:        0M (0%)            0M (0%)            4M (25%)           4M (25%)           6M (38%)           0M (0%)     
[2024-07-25T19:05:21.702+0800][90.072s][gc,heap     ] GC(4819)      Used:       16M (100%)         16M (100%)         12M (75%)          12M (75%)          16M (100%)         10M (62%)    
[2024-07-25T19:05:21.702+0800][90.072s][gc,heap     ] GC(4819)      Live:         -                 8M (54%)           8M (54%)           8M (54%)            -                  -          
[2024-07-25T19:05:21.702+0800][90.072s][gc,heap     ] GC(4819) Allocated:         -                 0M (0%)            2M (12%)           2M (12%)            -                  -          
[2024-07-25T19:05:21.702+0800][90.072s][gc,heap     ] GC(4819)   Garbage:         -                 7M (46%)           1M (8%)            1M (8%)             -                  -          
[2024-07-25T19:05:21.702+0800][90.072s][gc,heap     ] GC(4819) Reclaimed:         -                  -                 6M (38%)           6M (38%)            -                  -          
[2024-07-25T19:05:21.702+0800][90.072s][gc          ] GC(4819) Garbage Collection (Allocation Stall) 16M(100%)->12M(75%)
[2024-07-25T19:05:21.707+0800][90.076s][gc,start    ] GC(4820) Garbage Collection (Allocation Stall)
[2024-07-25T19:05:21.707+0800][90.077s][gc,ref      ] GC(4820) Clearing All SoftReferences
[2024-07-25T19:05:21.707+0800][90.077s][gc,task     ] GC(4820) Using 1 workers
[2024-07-25T19:05:21.707+0800][90.077s][gc,phases   ] GC(4820) Pause Mark Start 0.021ms
[2024-07-25T19:05:21.710+0800][90.079s][gc,stats    ] === Garbage Collection Statistics =======================================================================================================================
[2024-07-25T19:05:21.710+0800][90.079s][gc,stats    ]                                                              Last 10s              Last 10m              Last 10h                Total
[2024-07-25T19:05:21.710+0800][90.080s][gc,stats    ]                                                              Avg / Max             Avg / Max             Avg / Max             Avg / Max
[2024-07-25T19:05:21.710+0800][90.080s][gc,stats    ]   Collector: Garbage Collection Cycle                     15.251 / 42.248       14.678 / 68.233       14.678 / 68.233       14.678 / 68.233      ms
[2024-07-25T19:05:21.710+0800][90.080s][gc,stats    ]  Contention: Mark Segment Reset Contention                     0 / 0                 0 / 0                 0 / 0                 0 / 0           ops/s
[2024-07-25T19:05:21.710+0800][90.080s][gc,stats    ]  Contention: Mark SeqNum Reset Contention                      0 / 0                 0 / 0                 0 / 0                 0 / 0           ops/s
[2024-07-25T19:05:21.710+0800][90.080s][gc,stats    ]    Critical: Allocation Stall                                 59 / 67               60 / 73               60 / 73               60 / 73          ops/s
[2024-07-25T19:05:21.710+0800][90.080s][gc,stats    ]    Critical: Allocation Stall                             12.535 / 103.276      12.127 / 112.353      12.127 / 112.353      12.127 / 112.353     ms
[2024-07-25T19:05:21.710+0800][90.080s][gc,stats    ]    Critical: GC Locker Stall                                   0 / 0                 0 / 0                 0 / 0                 0 / 0           ops/s
[2024-07-25T19:05:21.710+0800][90.080s][gc,stats    ]    Critical: GC Locker Stall                               0.000 / 0.000         0.000 / 0.000         0.000 / 0.000         0.000 / 0.000       ms
[2024-07-25T19:05:21.710+0800][90.080s][gc,stats    ]    Critical: Relocation Stall                                  0 / 1                 0 / 7                 0 / 7                 0 / 7           ops/s
[2024-07-25T19:05:21.710+0800][90.080s][gc,stats    ]    Critical: Relocation Stall                              0.003 / 0.005         0.127 / 2.282         0.127 / 2.282         0.127 / 2.282       ms
[2024-07-25T19:05:21.710+0800][90.080s][gc,stats    ]      Memory: Allocation Rate                                 312 / 360             321 / 378             321 / 378             321 / 378         MB/s
[2024-07-25T19:05:21.710+0800][90.080s][gc,stats    ]      Memory: Out Of Memory                                     0 / 0                 0 / 0                 0 / 0                 0 / 0           ops/s
[2024-07-25T19:05:21.710+0800][90.080s][gc,stats    ]      Memory: Page Cache Flush                                 25 / 68               30 / 102              30 / 102              30 / 102         MB/s
[2024-07-25T19:05:21.710+0800][90.080s][gc,stats    ]      Memory: Page Cache Hit L1                               135 / 174             136 / 183             136 / 183             136 / 183         ops/s
[2024-07-25T19:05:21.710+0800][90.080s][gc,stats    ]      Memory: Page Cache Hit L2                                 0 / 0                 0 / 0                 0 / 0                 0 / 0           ops/s
[2024-07-25T19:05:21.710+0800][90.080s][gc,stats    ]      Memory: Page Cache Hit L3                                12 / 34               15 / 53               15 / 53               15 / 53          ops/s
[2024-07-25T19:05:21.710+0800][90.080s][gc,stats    ]      Memory: Page Cache Miss                                  12 / 34               15 / 51               15 / 51               15 / 51          ops/s
[2024-07-25T19:05:21.711+0800][90.080s][gc,stats    ]      Memory: Uncommit                                          0 / 0                 0 / 0                 0 / 0                 0 / 0           MB/s
[2024-07-25T19:05:21.711+0800][90.080s][gc,stats    ]      Memory: Undo Object Allocation Failed                     0 / 0                 0 / 0                 0 / 0                 0 / 0           ops/s
[2024-07-25T19:05:21.711+0800][90.080s][gc,stats    ]      Memory: Undo Object Allocation Succeeded                  0 / 1                 0 / 4                 0 / 4                 0 / 4           ops/s
[2024-07-25T19:05:21.711+0800][90.080s][gc,stats    ]      Memory: Undo Page Allocation                              0 / 0                 0 / 0                 0 / 0                 0 / 0           ops/s
[2024-07-25T19:05:21.711+0800][90.080s][gc,stats    ]       Phase: Concurrent Mark                               7.831 / 21.961        7.492 / 32.798        7.492 / 32.798        7.492 / 32.798      ms
[2024-07-25T19:05:21.711+0800][90.080s][gc,stats    ]       Phase: Concurrent Mark Continue                      0.000 / 0.000         0.000 / 0.000         0.000 / 0.000         0.000 / 0.000       ms
[2024-07-25T19:05:21.711+0800][90.081s][gc,stats    ]       Phase: Concurrent Mark Free                          0.001 / 0.006         0.001 / 0.082         0.001 / 0.082         0.001 / 0.082       ms
[2024-07-25T19:05:21.711+0800][90.081s][gc,stats    ]       Phase: Concurrent Process Non-Strong References      2.037 / 4.568         1.939 / 22.487        1.939 / 22.487        1.939 / 22.487      ms
[2024-07-25T19:05:21.711+0800][90.081s][gc,stats    ]       Phase: Concurrent Relocate                           0.596 / 6.438         0.620 / 6.438         0.620 / 6.438         0.620 / 6.438       ms
[2024-07-25T19:05:21.711+0800][90.081s][gc,stats    ]       Phase: Concurrent Reset Relocation Set               0.001 / 0.025         0.001 / 0.025         0.001 / 0.025         0.001 / 0.025       ms
[2024-07-25T19:05:21.711+0800][90.081s][gc,stats    ]       Phase: Concurrent Select Relocation Set              3.371 / 9.562         3.250 / 47.347        3.250 / 47.347        3.250 / 47.347      ms
[2024-07-25T19:05:21.711+0800][90.081s][gc,stats    ]       Phase: Pause Mark End                                0.014 / 0.081         0.014 / 0.121         0.014 / 0.121         0.014 / 0.121       ms
[2024-07-25T19:05:21.711+0800][90.081s][gc,stats    ]       Phase: Pause Mark Start                              0.011 / 0.065         0.011 / 0.235         0.011 / 0.235         0.011 / 0.235       ms
[2024-07-25T19:05:21.711+0800][90.081s][gc,stats    ]       Phase: Pause Relocate Start                          0.011 / 0.112         0.011 / 0.194         0.011 / 0.194         0.011 / 0.194       ms
[2024-07-25T19:05:21.711+0800][90.081s][gc,stats    ]    Subphase: Concurrent Classes Purge                      0.157 / 0.396         0.152 / 1.897         0.152 / 1.897         0.152 / 1.897       ms
[2024-07-25T19:05:21.712+0800][90.081s][gc,stats    ]    Subphase: Concurrent Classes Unlink                     1.017 / 2.684         0.959 / 3.910         0.959 / 3.910         0.959 / 3.910       ms
[2024-07-25T19:05:21.712+0800][90.081s][gc,stats    ]    Subphase: Concurrent Mark                               6.732 / 19.903        6.428 / 31.149        6.428 / 31.149        6.428 / 31.149      ms
[2024-07-25T19:05:21.712+0800][90.081s][gc,stats    ]    Subphase: Concurrent Mark Try Flush                     0.171 / 0.945         0.161 / 5.899         0.161 / 5.899         0.161 / 5.899       ms
[2024-07-25T19:05:21.712+0800][90.081s][gc,stats    ]    Subphase: Concurrent Mark Try Terminate                 0.078 / 0.949         0.073 / 0.949         0.073 / 0.949         0.073 / 0.949       ms
[2024-07-25T19:05:21.712+0800][90.081s][gc,stats    ]    Subphase: Concurrent References Enqueue                 0.000 / 0.002         0.000 / 0.019         0.000 / 0.019         0.000 / 0.019       ms
[2024-07-25T19:05:21.712+0800][90.081s][gc,stats    ]    Subphase: Concurrent References Process                 0.155 / 0.415         0.147 / 1.453         0.147 / 1.453         0.147 / 1.453       ms
[2024-07-25T19:05:21.712+0800][90.081s][gc,stats    ]    Subphase: Concurrent Roots ClassLoaderDataGraph         0.137 / 1.014         0.134 / 5.478         0.134 / 5.478         0.134 / 5.478       ms
[2024-07-25T19:05:21.712+0800][90.081s][gc,stats    ]    Subphase: Concurrent Roots CodeCache                    0.000 / 0.000         0.000 / 0.000         0.000 / 0.000         0.000 / 0.000       ms
[2024-07-25T19:05:21.712+0800][90.081s][gc,stats    ]    Subphase: Concurrent Roots JavaThreads                  0.667 / 1.972         0.649 / 10.693        0.649 / 10.693        0.649 / 10.693      ms
[2024-07-25T19:05:21.712+0800][90.081s][gc,stats    ]    Subphase: Concurrent Roots OopStorageSet                0.018 / 0.137         0.017 / 0.163         0.017 / 0.163         0.017 / 0.163       ms
[2024-07-25T19:05:21.712+0800][90.081s][gc,stats    ]    Subphase: Concurrent Weak Roots OopStorageSet           0.407 / 1.404         0.387 / 1.404         0.387 / 1.404         0.387 / 1.404       ms
[2024-07-25T19:05:21.712+0800][90.081s][gc,stats    ]    Subphase: Pause Mark Try Complete                       0.000 / 0.000         0.000 / 0.000         0.000 / 0.000         0.000 / 0.000       ms
[2024-07-25T19:05:21.712+0800][90.081s][gc,stats    ]      System: Java Threads                                     13 / 13               13 / 15               13 / 15               13 / 15          threads
[2024-07-25T19:05:21.712+0800][90.082s][gc,stats    ] =========================================================================================================================================================
[2024-07-25T19:05:21.716+0800][90.085s][gc,phases   ] GC(4820) Concurrent Mark 7.658ms
[2024-07-25T19:05:21.716+0800][90.085s][gc,phases   ] GC(4820) Pause Mark End 0.012ms
[2024-07-25T19:05:21.716+0800][90.085s][gc,phases   ] GC(4820) Concurrent Mark Free 0.001ms
[2024-07-25T19:05:21.718+0800][90.087s][gc,phases   ] GC(4820) Concurrent Process Non-Strong References 1.932ms
[2024-07-25T19:05:21.718+0800][90.087s][gc,phases   ] GC(4820) Concurrent Reset Relocation Set 0.001ms
[2024-07-25T19:05:21.721+0800][90.090s][gc          ] Allocation Stall (main) 13.655ms
[2024-07-25T19:05:21.721+0800][90.090s][gc,phases   ] GC(4820) Concurrent Select Relocation Set 2.971ms
[2024-07-25T19:05:21.721+0800][90.090s][gc,phases   ] GC(4820) Pause Relocate Start 0.016ms
[2024-07-25T19:05:21.721+0800][90.091s][gc,phases   ] GC(4820) Concurrent Relocate 0.126ms
[2024-07-25T19:05:21.721+0800][90.091s][gc,load     ] GC(4820) Load: 0.00/0.00/0.00
[2024-07-25T19:05:21.721+0800][90.091s][gc,mmu      ] GC(4820) MMU: 2ms/88.2%, 5ms/95.3%, 10ms/97.6%, 20ms/98.8%, 50ms/99.4%, 100ms/99.6%
[2024-07-25T19:05:21.721+0800][90.091s][gc,marking  ] GC(4820) Mark: 1 stripe(s), 1 proactive flush(es), 1 terminate flush(es), 0 completion(s), 0 continuation(s) 
[2024-07-25T19:05:21.721+0800][90.091s][gc,marking  ] GC(4820) Mark Stack Usage: 32M
[2024-07-25T19:05:21.721+0800][90.091s][gc,nmethod  ] GC(4820) NMethods: 535 registered, 0 unregistered
[2024-07-25T19:05:21.721+0800][90.091s][gc,metaspace] GC(4820) Metaspace: 1M used, 1M committed, 1088M reserved
[2024-07-25T19:05:21.721+0800][90.091s][gc,ref      ] GC(4820) Soft: 46 encountered, 25 discovered, 0 enqueued
[2024-07-25T19:05:21.721+0800][90.091s][gc,ref      ] GC(4820) Weak: 131 encountered, 107 discovered, 0 enqueued
[2024-07-25T19:05:21.721+0800][90.091s][gc,ref      ] GC(4820) Final: 0 encountered, 0 discovered, 0 enqueued
[2024-07-25T19:05:21.721+0800][90.091s][gc,ref      ] GC(4820) Phantom: 184 encountered, 98 discovered, 0 enqueued
[2024-07-25T19:05:21.722+0800][90.091s][gc,reloc    ] GC(4820) Small Pages: 4 / 8M, Empty: 2M, Relocated: 0M, In-Place: 0
[2024-07-25T19:05:21.722+0800][90.091s][gc,reloc    ] GC(4820) Large Pages: 4 / 8M, Empty: 4M, Relocated: 0M, In-Place: 0
[2024-07-25T19:05:21.722+0800][90.091s][gc,reloc    ] GC(4820) Forwarding Usage: 0M
[2024-07-25T19:05:21.722+0800][90.091s][gc,heap     ] GC(4820) Min Capacity: 8M(50%)
[2024-07-25T19:05:21.722+0800][90.091s][gc,heap     ] GC(4820) Max Capacity: 16M(100%)
[2024-07-25T19:05:21.722+0800][90.091s][gc,heap     ] GC(4820) Soft Max Capacity: 16M(100%)
[2024-07-25T19:05:21.722+0800][90.091s][gc,heap     ] GC(4820)                Mark Start          Mark End        Relocate Start      Relocate End           High               Low         
[2024-07-25T19:05:21.722+0800][90.091s][gc,heap     ] GC(4820)  Capacity:       16M (100%)         16M (100%)         16M (100%)         16M (100%)         16M (100%)         16M (100%)   
[2024-07-25T19:05:21.722+0800][90.091s][gc,heap     ] GC(4820)      Free:        0M (0%)            0M (0%)            4M (25%)           2M (12%)           6M (38%)           0M (0%)     
[2024-07-25T19:05:21.722+0800][90.091s][gc,heap     ] GC(4820)      Used:       16M (100%)         16M (100%)         12M (75%)          14M (88%)          16M (100%)         10M (62%)    
[2024-07-25T19:05:21.722+0800][90.091s][gc,heap     ] GC(4820)      Live:         -                 8M (54%)           8M (54%)           8M (54%)            -                  -          
[2024-07-25T19:05:21.722+0800][90.091s][gc,heap     ] GC(4820) Allocated:         -                 0M (0%)            2M (12%)           4M (25%)            -                  -          
[2024-07-25T19:05:21.722+0800][90.091s][gc,heap     ] GC(4820)   Garbage:         -                 7M (46%)           1M (8%)            1M (8%)             -                  -          
[2024-07-25T19:05:21.722+0800][90.091s][gc,heap     ] GC(4820) Reclaimed:         -                  -                 6M (38%)           6M (38%)            -                  -          
[2024-07-25T19:05:21.722+0800][90.091s][gc          ] GC(4820) Garbage Collection (Allocation Stall) 16M(100%)->14M(88%)
[2024-07-25T19:05:21.726+0800][90.095s][gc,start    ] GC(4821) Garbage Collection (Allocation Stall)
[2024-07-25T19:05:21.726+0800][90.095s][gc,ref      ] GC(4821) Clearing All SoftReferences
[2024-07-25T19:05:21.726+0800][90.095s][gc,task     ] GC(4821) Using 1 workers
[2024-07-25T19:05:21.726+0800][90.096s][gc,phases   ] GC(4821) Pause Mark Start 0.025ms
[2024-07-25T19:05:21.733+0800][90.102s][gc,phases   ] GC(4821) Concurrent Mark 6.288ms
[2024-07-25T19:05:21.733+0800][90.102s][gc,phases   ] GC(4821) Pause Mark End 0.009ms
[2024-07-25T19:05:21.733+0800][90.102s][gc,phases   ] GC(4821) Concurrent Mark Free 0.001ms
[2024-07-25T19:05:21.735+0800][90.104s][gc,phases   ] GC(4821) Concurrent Process Non-Strong References 1.859ms
[2024-07-25T19:05:21.735+0800][90.104s][gc,phases   ] GC(4821) Concurrent Reset Relocation Set 0.002ms
[2024-07-25T19:05:21.738+0800][90.107s][gc          ] Allocation Stall (main) 12.252ms
[2024-07-25T19:05:21.739+0800][90.108s][gc,phases   ] GC(4821) Concurrent Select Relocation Set 3.218ms
[2024-07-25T19:05:21.739+0800][90.108s][gc,phases   ] GC(4821) Pause Relocate Start 0.010ms
[2024-07-25T19:05:21.739+0800][90.108s][gc,phases   ] GC(4821) Concurrent Relocate 0.147ms
[2024-07-25T19:05:21.739+0800][90.108s][gc,load     ] GC(4821) Load: 0.00/0.00/0.00
[2024-07-25T19:05:21.739+0800][90.108s][gc,mmu      ] GC(4821) MMU: 2ms/88.2%, 5ms/95.3%, 10ms/97.6%, 20ms/98.8%, 50ms/99.4%, 100ms/99.6%
[2024-07-25T19:05:21.739+0800][90.108s][gc,marking  ] GC(4821) Mark: 1 stripe(s), 1 proactive flush(es), 1 terminate flush(es), 0 completion(s), 0 continuation(s) 
[2024-07-25T19:05:21.739+0800][90.108s][gc,marking  ] GC(4821) Mark Stack Usage: 32M
[2024-07-25T19:05:21.739+0800][90.108s][gc,nmethod  ] GC(4821) NMethods: 535 registered, 0 unregistered
[2024-07-25T19:05:21.739+0800][90.108s][gc,metaspace] GC(4821) Metaspace: 1M used, 1M committed, 1088M reserved
[2024-07-25T19:05:21.739+0800][90.108s][gc,ref      ] GC(4821) Soft: 46 encountered, 25 discovered, 0 enqueued
[2024-07-25T19:05:21.739+0800][90.108s][gc,ref      ] GC(4821) Weak: 131 encountered, 107 discovered, 0 enqueued
[2024-07-25T19:05:21.739+0800][90.109s][gc,ref      ] GC(4821) Final: 0 encountered, 0 discovered, 0 enqueued
[2024-07-25T19:05:21.739+0800][90.109s][gc,ref      ] GC(4821) Phantom: 184 encountered, 98 discovered, 0 enqueued
[2024-07-25T19:05:21.739+0800][90.109s][gc,reloc    ] GC(4821) Small Pages: 4 / 8M, Empty: 2M, Relocated: 0M, In-Place: 0
[2024-07-25T19:05:21.739+0800][90.109s][gc,reloc    ] GC(4821) Large Pages: 4 / 8M, Empty: 4M, Relocated: 0M, In-Place: 0
[2024-07-25T19:05:21.739+0800][90.109s][gc,reloc    ] GC(4821) Forwarding Usage: 0M
[2024-07-25T19:05:21.739+0800][90.109s][gc,heap     ] GC(4821) Min Capacity: 8M(50%)
[2024-07-25T19:05:21.739+0800][90.109s][gc,heap     ] GC(4821) Max Capacity: 16M(100%)
[2024-07-25T19:05:21.739+0800][90.109s][gc,heap     ] GC(4821) Soft Max Capacity: 16M(100%)
[2024-07-25T19:05:21.739+0800][90.109s][gc,heap     ] GC(4821)                Mark Start          Mark End        Relocate Start      Relocate End           High               Low         
[2024-07-25T19:05:21.739+0800][90.109s][gc,heap     ] GC(4821)  Capacity:       16M (100%)         16M (100%)         16M (100%)         16M (100%)         16M (100%)         16M (100%)   
[2024-07-25T19:05:21.739+0800][90.109s][gc,heap     ] GC(4821)      Free:        0M (0%)            0M (0%)            4M (25%)           2M (12%)           6M (38%)           0M (0%)     
[2024-07-25T19:05:21.739+0800][90.109s][gc,heap     ] GC(4821)      Used:       16M (100%)         16M (100%)         12M (75%)          14M (88%)          16M (100%)         10M (62%)    
[2024-07-25T19:05:21.740+0800][90.109s][gc,heap     ] GC(4821)      Live:         -                 8M (54%)           8M (54%)           8M (54%)            -                  -          
[2024-07-25T19:05:21.740+0800][90.109s][gc,heap     ] GC(4821) Allocated:         -                 0M (0%)            2M (12%)           4M (25%)            -                  -          
[2024-07-25T19:05:21.740+0800][90.109s][gc,heap     ] GC(4821)   Garbage:         -                 7M (46%)           1M (8%)            1M (8%)             -                  -          
[2024-07-25T19:05:21.740+0800][90.109s][gc,heap     ] GC(4821) Reclaimed:         -                  -                 6M (38%)           6M (38%)            -                  -          
[2024-07-25T19:05:21.740+0800][90.109s][gc          ] GC(4821) Garbage Collection (Allocation Stall) 16M(100%)->14M(88%)
[2024-07-25T19:05:21.743+0800][90.112s][gc,start    ] GC(4822) Garbage Collection (Allocation Stall)
[2024-07-25T19:05:21.743+0800][90.112s][gc,ref      ] GC(4822) Clearing All SoftReferences
[2024-07-25T19:05:21.743+0800][90.112s][gc,task     ] GC(4822) Using 1 workers
[2024-07-25T19:05:21.743+0800][90.113s][gc,phases   ] GC(4822) Pause Mark Start 0.011ms
[2024-07-25T19:05:21.751+0800][90.120s][gc,phases   ] GC(4822) Concurrent Mark 7.713ms
[2024-07-25T19:05:21.751+0800][90.121s][gc,phases   ] GC(4822) Pause Mark End 0.011ms
[2024-07-25T19:05:21.751+0800][90.121s][gc,phases   ] GC(4822) Concurrent Mark Free 0.001ms
[2024-07-25T19:05:21.754+0800][90.123s][gc,phases   ] GC(4822) Concurrent Process Non-Strong References 2.273ms
[2024-07-25T19:05:21.754+0800][90.123s][gc,phases   ] GC(4822) Concurrent Reset Relocation Set 0.001ms
[2024-07-25T19:05:21.757+0800][90.127s][gc          ] Allocation Stall (main) 14.616ms
[2024-07-25T19:05:21.757+0800][90.127s][gc,phases   ] GC(4822) Concurrent Select Relocation Set 3.643ms
[2024-07-25T19:05:21.758+0800][90.127s][gc,phases   ] GC(4822) Pause Relocate Start 0.010ms
[2024-07-25T19:05:21.758+0800][90.127s][gc,phases   ] GC(4822) Concurrent Relocate 0.154ms
[2024-07-25T19:05:21.758+0800][90.128s][gc,load     ] GC(4822) Load: 0.00/0.00/0.00
[2024-07-25T19:05:21.758+0800][90.128s][gc,mmu      ] GC(4822) MMU: 2ms/88.2%, 5ms/95.3%, 10ms/97.6%, 20ms/98.8%, 50ms/99.4%, 100ms/99.6%
[2024-07-25T19:05:21.758+0800][90.128s][gc,marking  ] GC(4822) Mark: 1 stripe(s), 1 proactive flush(es), 1 terminate flush(es), 0 completion(s), 0 continuation(s) 
[2024-07-25T19:05:21.758+0800][90.128s][gc,marking  ] GC(4822) Mark Stack Usage: 32M
[2024-07-25T19:05:21.758+0800][90.128s][gc,nmethod  ] GC(4822) NMethods: 535 registered, 0 unregistered
[2024-07-25T19:05:21.758+0800][90.128s][gc,metaspace] GC(4822) Metaspace: 1M used, 1M committed, 1088M reserved
[2024-07-25T19:05:21.758+0800][90.128s][gc,ref      ] GC(4822) Soft: 46 encountered, 25 discovered, 0 enqueued
[2024-07-25T19:05:21.758+0800][90.128s][gc,ref      ] GC(4822) Weak: 131 encountered, 107 discovered, 0 enqueued
[2024-07-25T19:05:21.758+0800][90.128s][gc,ref      ] GC(4822) Final: 0 encountered, 0 discovered, 0 enqueued
[2024-07-25T19:05:21.758+0800][90.128s][gc,ref      ] GC(4822) Phantom: 184 encountered, 98 discovered, 0 enqueued
[2024-07-25T19:05:21.758+0800][90.128s][gc,reloc    ] GC(4822) Small Pages: 4 / 8M, Empty: 2M, Relocated: 0M, In-Place: 0
[2024-07-25T19:05:21.758+0800][90.128s][gc,reloc    ] GC(4822) Large Pages: 4 / 8M, Empty: 4M, Relocated: 0M, In-Place: 0
[2024-07-25T19:05:21.758+0800][90.128s][gc,reloc    ] GC(4822) Forwarding Usage: 0M
[2024-07-25T19:05:21.758+0800][90.128s][gc,heap     ] GC(4822) Min Capacity: 8M(50%)
[2024-07-25T19:05:21.758+0800][90.128s][gc,heap     ] GC(4822) Max Capacity: 16M(100%)
[2024-07-25T19:05:21.758+0800][90.128s][gc,heap     ] GC(4822) Soft Max Capacity: 16M(100%)
[2024-07-25T19:05:21.758+0800][90.128s][gc,heap     ] GC(4822)                Mark Start          Mark End        Relocate Start      Relocate End           High               Low         
[2024-07-25T19:05:21.758+0800][90.128s][gc,heap     ] GC(4822)  Capacity:       16M (100%)         16M (100%)         16M (100%)         16M (100%)         16M (100%)         16M (100%)   
[2024-07-25T19:05:21.758+0800][90.128s][gc,heap     ] GC(4822)      Free:        0M (0%)            0M (0%)            4M (25%)           2M (12%)           6M (38%)           0M (0%)     
[2024-07-25T19:05:21.758+0800][90.128s][gc,heap     ] GC(4822)      Used:       16M (100%)         16M (100%)         12M (75%)          14M (88%)          16M (100%)         10M (62%)    
[2024-07-25T19:05:21.758+0800][90.128s][gc,heap     ] GC(4822)      Live:         -                 8M (54%)           8M (54%)           8M (54%)            -                  -          
[2024-07-25T19:05:21.758+0800][90.128s][gc,heap     ] GC(4822) Allocated:         -                 0M (0%)            2M (12%)           4M (25%)            -                  -          
[2024-07-25T19:05:21.758+0800][90.128s][gc,heap     ] GC(4822)   Garbage:         -                 7M (46%)           1M (8%)            1M (8%)             -                  -          
[2024-07-25T19:05:21.758+0800][90.128s][gc,heap     ] GC(4822) Reclaimed:         -                  -                 6M (38%)           6M (38%)            -                  -          
[2024-07-25T19:05:21.760+0800][90.128s][gc          ] GC(4822) Garbage Collection (Allocation Stall) 16M(100%)->14M(88%)
[2024-07-25T19:05:21.764+0800][90.133s][gc,start    ] GC(4823) Garbage Collection (Allocation Stall)
[2024-07-25T19:05:21.764+0800][90.133s][gc,ref      ] GC(4823) Clearing All SoftReferences
[2024-07-25T19:05:21.764+0800][90.133s][gc,task     ] GC(4823) Using 1 workers
[2024-07-25T19:05:21.764+0800][90.133s][gc,phases   ] GC(4823) Pause Mark Start 0.014ms
[2024-07-25T19:05:21.772+0800][90.141s][gc,phases   ] GC(4823) Concurrent Mark 7.168ms
[2024-07-25T19:05:21.772+0800][90.141s][gc,phases   ] GC(4823) Pause Mark End 0.013ms
[2024-07-25T19:05:21.772+0800][90.141s][gc,phases   ] GC(4823) Concurrent Mark Free 0.002ms
[2024-07-25T19:05:21.774+0800][90.143s][gc,phases   ] GC(4823) Concurrent Process Non-Strong References 2.341ms
[2024-07-25T19:05:21.774+0800][90.143s][gc,phases   ] GC(4823) Concurrent Reset Relocation Set 0.001ms
[2024-07-25T19:05:21.777+0800][90.147s][gc          ] Allocation Stall (main) 14.150ms
[2024-07-25T19:05:21.777+0800][90.147s][gc,phases   ] GC(4823) Concurrent Select Relocation Set 3.468ms
[2024-07-25T19:05:21.778+0800][90.147s][gc,phases   ] GC(4823) Pause Relocate Start 0.011ms
[2024-07-25T19:05:21.778+0800][90.148s][gc,phases   ] GC(4823) Concurrent Relocate 0.142ms
[2024-07-25T19:05:21.778+0800][90.148s][gc,load     ] GC(4823) Load: 0.00/0.00/0.00
[2024-07-25T19:05:21.778+0800][90.148s][gc,mmu      ] GC(4823) MMU: 2ms/88.2%, 5ms/95.3%, 10ms/97.6%, 20ms/98.8%, 50ms/99.4%, 100ms/99.6%
[2024-07-25T19:05:21.778+0800][90.148s][gc,marking  ] GC(4823) Mark: 1 stripe(s), 1 proactive flush(es), 1 terminate flush(es), 0 completion(s), 0 continuation(s) 
[2024-07-25T19:05:21.778+0800][90.148s][gc,marking  ] GC(4823) Mark Stack Usage: 32M
[2024-07-25T19:05:21.778+0800][90.148s][gc,nmethod  ] GC(4823) NMethods: 535 registered, 0 unregistered
[2024-07-25T19:05:21.778+0800][90.148s][gc,metaspace] GC(4823) Metaspace: 1M used, 1M committed, 1088M reserved
[2024-07-25T19:05:21.778+0800][90.148s][gc,ref      ] GC(4823) Soft: 46 encountered, 25 discovered, 0 enqueued
[2024-07-25T19:05:21.778+0800][90.148s][gc,ref      ] GC(4823) Weak: 131 encountered, 107 discovered, 0 enqueued
[2024-07-25T19:05:21.778+0800][90.148s][gc,ref      ] GC(4823) Final: 0 encountered, 0 discovered, 0 enqueued
[2024-07-25T19:05:21.778+0800][90.148s][gc,ref      ] GC(4823) Phantom: 184 encountered, 98 discovered, 0 enqueued
[2024-07-25T19:05:21.778+0800][90.148s][gc,reloc    ] GC(4823) Small Pages: 4 / 8M, Empty: 2M, Relocated: 0M, In-Place: 0
[2024-07-25T19:05:21.778+0800][90.148s][gc,reloc    ] GC(4823) Large Pages: 4 / 8M, Empty: 4M, Relocated: 0M, In-Place: 0
[2024-07-25T19:05:21.778+0800][90.148s][gc,reloc    ] GC(4823) Forwarding Usage: 0M
[2024-07-25T19:05:21.779+0800][90.148s][gc,heap     ] GC(4823) Min Capacity: 8M(50%)
[2024-07-25T19:05:21.779+0800][90.148s][gc,heap     ] GC(4823) Max Capacity: 16M(100%)
[2024-07-25T19:05:21.779+0800][90.148s][gc,heap     ] GC(4823) Soft Max Capacity: 16M(100%)
[2024-07-25T19:05:21.779+0800][90.148s][gc,heap     ] GC(4823)                Mark Start          Mark End        Relocate Start      Relocate End           High               Low         
[2024-07-25T19:05:21.779+0800][90.148s][gc,heap     ] GC(4823)  Capacity:       16M (100%)         16M (100%)         16M (100%)         16M (100%)         16M (100%)         16M (100%)   
[2024-07-25T19:05:21.779+0800][90.148s][gc,heap     ] GC(4823)      Free:        0M (0%)            0M (0%)            4M (25%)           4M (25%)           6M (38%)           0M (0%)     
[2024-07-25T19:05:21.779+0800][90.148s][gc,heap     ] GC(4823)      Used:       16M (100%)         16M (100%)         12M (75%)          12M (75%)          16M (100%)         10M (62%)    
[2024-07-25T19:05:21.779+0800][90.148s][gc,heap     ] GC(4823)      Live:         -                 8M (54%)           8M (54%)           8M (54%)            -                  -          
[2024-07-25T19:05:21.779+0800][90.148s][gc,heap     ] GC(4823) Allocated:         -                 0M (0%)            2M (12%)           2M (12%)            -                  -          
[2024-07-25T19:05:21.779+0800][90.148s][gc,heap     ] GC(4823)   Garbage:         -                 7M (46%)           1M (8%)            1M (8%)             -                  -          
[2024-07-25T19:05:21.779+0800][90.149s][gc,heap     ] GC(4823) Reclaimed:         -                  -                 6M (38%)           6M (38%)            -                  -          
[2024-07-25T19:05:21.779+0800][90.149s][gc          ] GC(4823) Garbage Collection (Allocation Stall) 16M(100%)->12M(75%)
[2024-07-25T19:05:21.782+0800][90.151s][gc,start    ] GC(4824) Garbage Collection (Allocation Stall)
[2024-07-25T19:05:21.782+0800][90.151s][gc,ref      ] GC(4824) Clearing All SoftReferences
[2024-07-25T19:05:21.782+0800][90.151s][gc,task     ] GC(4824) Using 1 workers
[2024-07-25T19:05:21.782+0800][90.151s][gc,phases   ] GC(4824) Pause Mark Start 0.010ms
[2024-07-25T19:05:21.790+0800][90.159s][gc,phases   ] GC(4824) Concurrent Mark 7.964ms
[2024-07-25T19:05:21.791+0800][90.160s][gc,phases   ] GC(4824) Pause Mark End 0.013ms
[2024-07-25T19:05:21.791+0800][90.160s][gc,phases   ] GC(4824) Concurrent Mark Free 0.001ms
[2024-07-25T19:05:21.793+0800][90.162s][gc,phases   ] GC(4824) Concurrent Process Non-Strong References 2.192ms
[2024-07-25T19:05:21.793+0800][90.162s][gc,phases   ] GC(4824) Concurrent Reset Relocation Set 0.001ms
[2024-07-25T19:05:21.797+0800][90.166s][gc          ] Allocation Stall (main) 14.527ms
[2024-07-25T19:05:21.797+0800][90.166s][gc,phases   ] GC(4824) Concurrent Select Relocation Set 3.524ms
[2024-07-25T19:05:21.797+0800][90.166s][gc,phases   ] GC(4824) Pause Relocate Start 0.009ms
[2024-07-25T19:05:21.797+0800][90.166s][gc,phases   ] GC(4824) Concurrent Relocate 0.129ms
[2024-07-25T19:05:21.797+0800][90.166s][gc,load     ] GC(4824) Load: 0.00/0.00/0.00
[2024-07-25T19:05:21.797+0800][90.166s][gc,mmu      ] GC(4824) MMU: 2ms/88.2%, 5ms/95.3%, 10ms/97.6%, 20ms/98.8%, 50ms/99.4%, 100ms/99.6%
[2024-07-25T19:05:21.797+0800][90.166s][gc,marking  ] GC(4824) Mark: 1 stripe(s), 1 proactive flush(es), 1 terminate flush(es), 0 completion(s), 0 continuation(s) 
[2024-07-25T19:05:21.797+0800][90.166s][gc,marking  ] GC(4824) Mark Stack Usage: 32M
[2024-07-25T19:05:21.797+0800][90.166s][gc,nmethod  ] GC(4824) NMethods: 535 registered, 0 unregistered
[2024-07-25T19:05:21.797+0800][90.167s][gc,metaspace] GC(4824) Metaspace: 1M used, 1M committed, 1088M reserved
[2024-07-25T19:05:21.797+0800][90.167s][gc,ref      ] GC(4824) Soft: 46 encountered, 25 discovered, 0 enqueued
[2024-07-25T19:05:21.797+0800][90.167s][gc,ref      ] GC(4824) Weak: 131 encountered, 107 discovered, 0 enqueued
[2024-07-25T19:05:21.797+0800][90.167s][gc,ref      ] GC(4824) Final: 0 encountered, 0 discovered, 0 enqueued
[2024-07-25T19:05:21.797+0800][90.167s][gc,ref      ] GC(4824) Phantom: 184 encountered, 98 discovered, 0 enqueued
[2024-07-25T19:05:21.797+0800][90.167s][gc,reloc    ] GC(4824) Small Pages: 4 / 8M, Empty: 2M, Relocated: 0M, In-Place: 0
[2024-07-25T19:05:21.797+0800][90.167s][gc,reloc    ] GC(4824) Large Pages: 4 / 8M, Empty: 4M, Relocated: 0M, In-Place: 0
[2024-07-25T19:05:21.797+0800][90.167s][gc,reloc    ] GC(4824) Forwarding Usage: 0M
[2024-07-25T19:05:21.798+0800][90.167s][gc,heap     ] GC(4824) Min Capacity: 8M(50%)
[2024-07-25T19:05:21.798+0800][90.167s][gc,heap     ] GC(4824) Max Capacity: 16M(100%)
[2024-07-25T19:05:21.798+0800][90.167s][gc,heap     ] GC(4824) Soft Max Capacity: 16M(100%)
[2024-07-25T19:05:21.798+0800][90.167s][gc,heap     ] GC(4824)                Mark Start          Mark End        Relocate Start      Relocate End           High               Low         
[2024-07-25T19:05:21.798+0800][90.167s][gc,heap     ] GC(4824)  Capacity:       16M (100%)         16M (100%)         16M (100%)         16M (100%)         16M (100%)         16M (100%)   
[2024-07-25T19:05:21.798+0800][90.167s][gc,heap     ] GC(4824)      Free:        0M (0%)            0M (0%)            4M (25%)           2M (12%)           6M (38%)           0M (0%)     
[2024-07-25T19:05:21.798+0800][90.167s][gc,heap     ] GC(4824)      Used:       16M (100%)         16M (100%)         12M (75%)          14M (88%)          16M (100%)         10M (62%)    
[2024-07-25T19:05:21.798+0800][90.167s][gc,heap     ] GC(4824)      Live:         -                 8M (54%)           8M (54%)           8M (54%)            -                  -          
[2024-07-25T19:05:21.798+0800][90.167s][gc,heap     ] GC(4824) Allocated:         -                 0M (0%)            2M (12%)           4M (25%)            -                  -          
[2024-07-25T19:05:21.798+0800][90.167s][gc,heap     ] GC(4824)   Garbage:         -                 7M (46%)           1M (8%)            1M (8%)             -                  -          
[2024-07-25T19:05:21.798+0800][90.167s][gc,heap     ] GC(4824) Reclaimed:         -                  -                 6M (38%)           6M (38%)            -                  -          
[2024-07-25T19:05:21.798+0800][90.167s][gc          ] GC(4824) Garbage Collection (Allocation Stall) 16M(100%)->14M(88%)
[2024-07-25T19:05:21.802+0800][90.171s][gc,start    ] GC(4825) Garbage Collection (Allocation Stall)
[2024-07-25T19:05:21.802+0800][90.171s][gc,ref      ] GC(4825) Clearing All SoftReferences
[2024-07-25T19:05:21.802+0800][90.171s][gc,task     ] GC(4825) Using 1 workers
[2024-07-25T19:05:21.802+0800][90.171s][gc,phases   ] GC(4825) Pause Mark Start 0.025ms
[2024-07-25T19:05:21.809+0800][90.178s][gc,phases   ] GC(4825) Concurrent Mark 6.336ms
[2024-07-25T19:05:21.809+0800][90.178s][gc,phases   ] GC(4825) Pause Mark End 0.010ms
[2024-07-25T19:05:21.809+0800][90.178s][gc,phases   ] GC(4825) Concurrent Mark Free 0.001ms
[2024-07-25T19:05:21.811+0800][90.180s][gc,phases   ] GC(4825) Concurrent Process Non-Strong References 1.839ms
[2024-07-25T19:05:21.811+0800][90.180s][gc,phases   ] GC(4825) Concurrent Reset Relocation Set 0.001ms
[2024-07-25T19:05:21.814+0800][90.183s][gc          ] Allocation Stall (main) 11.856ms
[2024-07-25T19:05:21.814+0800][90.183s][gc,phases   ] GC(4825) Concurrent Select Relocation Set 2.782ms
[2024-07-25T19:05:21.814+0800][90.183s][gc,phases   ] GC(4825) Pause Relocate Start 0.007ms
[2024-07-25T19:05:21.814+0800][90.183s][gc,phases   ] GC(4825) Concurrent Relocate 0.167ms
[2024-07-25T19:05:21.814+0800][90.184s][gc,load     ] GC(4825) Load: 0.00/0.00/0.00
[2024-07-25T19:05:21.814+0800][90.184s][gc,mmu      ] GC(4825) MMU: 2ms/88.2%, 5ms/95.3%, 10ms/97.6%, 20ms/98.8%, 50ms/99.4%, 100ms/99.6%
[2024-07-25T19:05:21.814+0800][90.184s][gc,marking  ] GC(4825) Mark: 1 stripe(s), 1 proactive flush(es), 1 terminate flush(es), 0 completion(s), 0 continuation(s) 
[2024-07-25T19:05:21.814+0800][90.184s][gc,marking  ] GC(4825) Mark Stack Usage: 32M
[2024-07-25T19:05:21.814+0800][90.184s][gc,nmethod  ] GC(4825) NMethods: 535 registered, 0 unregistered
[2024-07-25T19:05:21.814+0800][90.184s][gc,metaspace] GC(4825) Metaspace: 1M used, 1M committed, 1088M reserved
[2024-07-25T19:05:21.814+0800][90.184s][gc,ref      ] GC(4825) Soft: 46 encountered, 25 discovered, 0 enqueued
[2024-07-25T19:05:21.815+0800][90.184s][gc,ref      ] GC(4825) Weak: 131 encountered, 107 discovered, 0 enqueued
[2024-07-25T19:05:21.815+0800][90.184s][gc,ref      ] GC(4825) Final: 0 encountered, 0 discovered, 0 enqueued
[2024-07-25T19:05:21.815+0800][90.184s][gc,ref      ] GC(4825) Phantom: 184 encountered, 98 discovered, 0 enqueued
[2024-07-25T19:05:21.815+0800][90.184s][gc,reloc    ] GC(4825) Small Pages: 4 / 8M, Empty: 2M, Relocated: 0M, In-Place: 0
[2024-07-25T19:05:21.815+0800][90.184s][gc,reloc    ] GC(4825) Large Pages: 4 / 8M, Empty: 4M, Relocated: 0M, In-Place: 0
[2024-07-25T19:05:21.815+0800][90.184s][gc,reloc    ] GC(4825) Forwarding Usage: 0M
[2024-07-25T19:05:21.815+0800][90.184s][gc,heap     ] GC(4825) Min Capacity: 8M(50%)
[2024-07-25T19:05:21.815+0800][90.184s][gc,heap     ] GC(4825) Max Capacity: 16M(100%)
[2024-07-25T19:05:21.815+0800][90.184s][gc,heap     ] GC(4825) Soft Max Capacity: 16M(100%)
[2024-07-25T19:05:21.815+0800][90.184s][gc,heap     ] GC(4825)                Mark Start          Mark End        Relocate Start      Relocate End           High               Low         
[2024-07-25T19:05:21.815+0800][90.184s][gc,heap     ] GC(4825)  Capacity:       16M (100%)         16M (100%)         16M (100%)         16M (100%)         16M (100%)         16M (100%)   
[2024-07-25T19:05:21.815+0800][90.184s][gc,heap     ] GC(4825)      Free:        0M (0%)            0M (0%)            4M (25%)           2M (12%)           6M (38%)           0M (0%)     
[2024-07-25T19:05:21.815+0800][90.184s][gc,heap     ] GC(4825)      Used:       16M (100%)         16M (100%)         12M (75%)          14M (88%)          16M (100%)         10M (62%)    
[2024-07-25T19:05:21.815+0800][90.184s][gc,heap     ] GC(4825)      Live:         -                 8M (54%)           8M (54%)           8M (54%)            -                  -          
[2024-07-25T19:05:21.815+0800][90.184s][gc,heap     ] GC(4825) Allocated:         -                 0M (0%)            2M (12%)           4M (25%)            -                  -          
[2024-07-25T19:05:21.815+0800][90.184s][gc,heap     ] GC(4825)   Garbage:         -                 7M (46%)           1M (8%)            1M (8%)             -                  -          
[2024-07-25T19:05:21.815+0800][90.184s][gc,heap     ] GC(4825) Reclaimed:         -                  -                 6M (38%)           6M (38%)            -                  -          
[2024-07-25T19:05:21.815+0800][90.184s][gc          ] GC(4825) Garbage Collection (Allocation Stall) 16M(100%)->14M(88%)
[2024-07-25T19:05:21.818+0800][90.187s][gc,start    ] GC(4826) Garbage Collection (Allocation Stall)
[2024-07-25T19:05:21.818+0800][90.187s][gc,ref      ] GC(4826) Clearing All SoftReferences
[2024-07-25T19:05:21.818+0800][90.187s][gc,task     ] GC(4826) Using 1 workers
[2024-07-25T19:05:21.818+0800][90.187s][gc,phases   ] GC(4826) Pause Mark Start 0.011ms
[2024-07-25T19:05:21.824+0800][90.194s][gc,phases   ] GC(4826) Concurrent Mark 6.414ms
[2024-07-25T19:05:21.824+0800][90.194s][gc,phases   ] GC(4826) Pause Mark End 0.009ms
[2024-07-25T19:05:21.824+0800][90.194s][gc,phases   ] GC(4826) Concurrent Mark Free 0.001ms
[2024-07-25T19:05:21.826+0800][90.196s][gc,phases   ] GC(4826) Concurrent Process Non-Strong References 1.691ms
[2024-07-25T19:05:21.826+0800][90.196s][gc,phases   ] GC(4826) Concurrent Reset Relocation Set 0.001ms
[2024-07-25T19:05:21.829+0800][90.199s][gc          ] Allocation Stall (main) 11.879ms
[2024-07-25T19:05:21.829+0800][90.199s][gc,phases   ] GC(4826) Concurrent Select Relocation Set 2.840ms
[2024-07-25T19:05:21.829+0800][90.199s][gc,phases   ] GC(4826) Pause Relocate Start 0.008ms
[2024-07-25T19:05:21.829+0800][90.199s][gc,phases   ] GC(4826) Concurrent Relocate 0.128ms
[2024-07-25T19:05:21.829+0800][90.199s][gc,load     ] GC(4826) Load: 0.00/0.00/0.00
[2024-07-25T19:05:21.829+0800][90.199s][gc,mmu      ] GC(4826) MMU: 2ms/88.2%, 5ms/95.3%, 10ms/97.6%, 20ms/98.8%, 50ms/99.4%, 100ms/99.6%
[2024-07-25T19:05:21.829+0800][90.199s][gc,marking  ] GC(4826) Mark: 1 stripe(s), 1 proactive flush(es), 1 terminate flush(es), 0 completion(s), 0 continuation(s) 
[2024-07-25T19:05:21.829+0800][90.199s][gc,marking  ] GC(4826) Mark Stack Usage: 32M
[2024-07-25T19:05:21.829+0800][90.199s][gc,nmethod  ] GC(4826) NMethods: 535 registered, 0 unregistered
[2024-07-25T19:05:21.829+0800][90.199s][gc,metaspace] GC(4826) Metaspace: 1M used, 1M committed, 1088M reserved
[2024-07-25T19:05:21.829+0800][90.199s][gc,ref      ] GC(4826) Soft: 46 encountered, 25 discovered, 0 enqueued
[2024-07-25T19:05:21.830+0800][90.199s][gc,ref      ] GC(4826) Weak: 131 encountered, 107 discovered, 0 enqueued
[2024-07-25T19:05:21.830+0800][90.199s][gc,ref      ] GC(4826) Final: 0 encountered, 0 discovered, 0 enqueued
[2024-07-25T19:05:21.830+0800][90.199s][gc,ref      ] GC(4826) Phantom: 184 encountered, 98 discovered, 0 enqueued
[2024-07-25T19:05:21.830+0800][90.199s][gc,reloc    ] GC(4826) Small Pages: 4 / 8M, Empty: 2M, Relocated: 0M, In-Place: 0
[2024-07-25T19:05:21.830+0800][90.200s][gc,reloc    ] GC(4826) Large Pages: 4 / 8M, Empty: 4M, Relocated: 0M, In-Place: 0
[2024-07-25T19:05:21.830+0800][90.200s][gc,reloc    ] GC(4826) Forwarding Usage: 0M
[2024-07-25T19:05:21.830+0800][90.200s][gc,heap     ] GC(4826) Min Capacity: 8M(50%)
[2024-07-25T19:05:21.830+0800][90.200s][gc,heap     ] GC(4826) Max Capacity: 16M(100%)
[2024-07-25T19:05:21.830+0800][90.200s][gc,heap     ] GC(4826) Soft Max Capacity: 16M(100%)
[2024-07-25T19:05:21.830+0800][90.200s][gc,heap     ] GC(4826)                Mark Start          Mark End        Relocate Start      Relocate End           High               Low         
[2024-07-25T19:05:21.830+0800][90.200s][gc,heap     ] GC(4826)  Capacity:       16M (100%)         16M (100%)         16M (100%)         16M (100%)         16M (100%)         16M (100%)   
[2024-07-25T19:05:21.830+0800][90.200s][gc,heap     ] GC(4826)      Free:        0M (0%)            0M (0%)            4M (25%)           2M (12%)           6M (38%)           0M (0%)     
[2024-07-25T19:05:21.830+0800][90.200s][gc,heap     ] GC(4826)      Used:       16M (100%)         16M (100%)         12M (75%)          14M (88%)          16M (100%)         10M (62%)    
[2024-07-25T19:05:21.830+0800][90.200s][gc,heap     ] GC(4826)      Live:         -                 8M (54%)           8M (54%)           8M (54%)            -                  -          
[2024-07-25T19:05:21.830+0800][90.200s][gc,heap     ] GC(4826) Allocated:         -                 0M (0%)            2M (12%)           4M (25%)            -                  -          
[2024-07-25T19:05:21.830+0800][90.200s][gc,heap     ] GC(4826)   Garbage:         -                 7M (46%)           1M (8%)            1M (8%)             -                  -          
[2024-07-25T19:05:21.830+0800][90.200s][gc,heap     ] GC(4826) Reclaimed:         -                  -                 6M (38%)           6M (38%)            -                  -          
[2024-07-25T19:05:21.830+0800][90.200s][gc          ] GC(4826) Garbage Collection (Allocation Stall) 16M(100%)->14M(88%)
[2024-07-25T19:05:21.835+0800][90.204s][gc,start    ] GC(4827) Garbage Collection (Allocation Stall)
[2024-07-25T19:05:21.835+0800][90.204s][gc,ref      ] GC(4827) Clearing All SoftReferences
[2024-07-25T19:05:21.835+0800][90.204s][gc,task     ] GC(4827) Using 1 workers
[2024-07-25T19:05:21.835+0800][90.204s][gc,phases   ] GC(4827) Pause Mark Start 0.008ms
[2024-07-25T19:05:21.841+0800][90.211s][gc,phases   ] GC(4827) Concurrent Mark 6.457ms
[2024-07-25T19:05:21.841+0800][90.211s][gc,phases   ] GC(4827) Pause Mark End 0.009ms
[2024-07-25T19:05:21.841+0800][90.211s][gc,phases   ] GC(4827) Concurrent Mark Free 0.001ms
[2024-07-25T19:05:21.844+0800][90.213s][gc,phases   ] GC(4827) Concurrent Process Non-Strong References 1.969ms
[2024-07-25T19:05:21.844+0800][90.213s][gc,phases   ] GC(4827) Concurrent Reset Relocation Set 0.001ms
[2024-07-25T19:05:21.846+0800][90.216s][gc          ] Allocation Stall (main) 12.007ms
[2024-07-25T19:05:21.846+0800][90.216s][gc,phases   ] GC(4827) Concurrent Select Relocation Set 2.717ms
[2024-07-25T19:05:21.846+0800][90.216s][gc,phases   ] GC(4827) Pause Relocate Start 0.008ms
[2024-07-25T19:05:21.847+0800][90.216s][gc,phases   ] GC(4827) Concurrent Relocate 0.043ms
[2024-07-25T19:05:21.847+0800][90.216s][gc,load     ] GC(4827) Load: 0.00/0.00/0.00
[2024-07-25T19:05:21.847+0800][90.216s][gc,mmu      ] GC(4827) MMU: 2ms/88.2%, 5ms/95.3%, 10ms/97.6%, 20ms/98.8%, 50ms/99.4%, 100ms/99.6%
[2024-07-25T19:05:21.847+0800][90.216s][gc,marking  ] GC(4827) Mark: 1 stripe(s), 1 proactive flush(es), 1 terminate flush(es), 0 completion(s), 0 continuation(s) 
[2024-07-25T19:05:21.847+0800][90.216s][gc,marking  ] GC(4827) Mark Stack Usage: 32M
[2024-07-25T19:05:21.847+0800][90.216s][gc,nmethod  ] GC(4827) NMethods: 535 registered, 0 unregistered
[2024-07-25T19:05:21.847+0800][90.216s][gc,metaspace] GC(4827) Metaspace: 1M used, 1M committed, 1088M reserved
[2024-07-25T19:05:21.847+0800][90.216s][gc,ref      ] GC(4827) Soft: 46 encountered, 25 discovered, 0 enqueued
[2024-07-25T19:05:21.847+0800][90.217s][gc,ref      ] GC(4827) Weak: 131 encountered, 107 discovered, 0 enqueued
[2024-07-25T19:05:21.847+0800][90.217s][gc,ref      ] GC(4827) Final: 0 encountered, 0 discovered, 0 enqueued
[2024-07-25T19:05:21.847+0800][90.217s][gc,ref      ] GC(4827) Phantom: 184 encountered, 98 discovered, 0 enqueued
[2024-07-25T19:05:21.847+0800][90.217s][gc,reloc    ] GC(4827) Small Pages: 4 / 8M, Empty: 2M, Relocated: 0M, In-Place: 0
[2024-07-25T19:05:21.847+0800][90.217s][gc,reloc    ] GC(4827) Large Pages: 4 / 8M, Empty: 4M, Relocated: 0M, In-Place: 0
[2024-07-25T19:05:21.847+0800][90.217s][gc,reloc    ] GC(4827) Forwarding Usage: 0M
[2024-07-25T19:05:21.847+0800][90.217s][gc,heap     ] GC(4827) Min Capacity: 8M(50%)
[2024-07-25T19:05:21.847+0800][90.217s][gc,heap     ] GC(4827) Max Capacity: 16M(100%)
[2024-07-25T19:05:21.847+0800][90.217s][gc,heap     ] GC(4827) Soft Max Capacity: 16M(100%)
[2024-07-25T19:05:21.847+0800][90.217s][gc,heap     ] GC(4827)                Mark Start          Mark End        Relocate Start      Relocate End           High               Low         
[2024-07-25T19:05:21.847+0800][90.217s][gc,heap     ] GC(4827)  Capacity:       16M (100%)         16M (100%)         16M (100%)         16M (100%)         16M (100%)         16M (100%)   
[2024-07-25T19:05:21.847+0800][90.217s][gc,heap     ] GC(4827)      Free:        0M (0%)            0M (0%)            4M (25%)           4M (25%)           6M (38%)           0M (0%)     
[2024-07-25T19:05:21.847+0800][90.217s][gc,heap     ] GC(4827)      Used:       16M (100%)         16M (100%)         12M (75%)          12M (75%)          16M (100%)         10M (62%)    
[2024-07-25T19:05:21.847+0800][90.217s][gc,heap     ] GC(4827)      Live:         -                 8M (54%)           8M (54%)           8M (54%)            -                  -          
[2024-07-25T19:05:21.847+0800][90.217s][gc,heap     ] GC(4827) Allocated:         -                 0M (0%)            2M (12%)           2M (12%)            -                  -          
[2024-07-25T19:05:21.847+0800][90.217s][gc,heap     ] GC(4827)   Garbage:         -                 7M (46%)           1M (8%)            1M (8%)             -                  -          
[2024-07-25T19:05:21.847+0800][90.217s][gc,heap     ] GC(4827) Reclaimed:         -                  -                 6M (38%)           6M (38%)            -                  -          
[2024-07-25T19:05:21.847+0800][90.217s][gc          ] GC(4827) Garbage Collection (Allocation Stall) 16M(100%)->12M(75%)
[2024-07-25T19:05:21.851+0800][90.221s][gc,start    ] GC(4828) Garbage Collection (Allocation Stall)
[2024-07-25T19:05:21.851+0800][90.221s][gc,ref      ] GC(4828) Clearing All SoftReferences
[2024-07-25T19:05:21.851+0800][90.221s][gc,task     ] GC(4828) Using 1 workers
[2024-07-25T19:05:21.851+0800][90.221s][gc,phases   ] GC(4828) Pause Mark Start 0.025ms
[2024-07-25T19:05:21.858+0800][90.227s][gc,phases   ] GC(4828) Concurrent Mark 6.313ms
[2024-07-25T19:05:21.858+0800][90.227s][gc,phases   ] GC(4828) Pause Mark End 0.011ms
[2024-07-25T19:05:21.858+0800][90.228s][gc,phases   ] GC(4828) Concurrent Mark Free 0.002ms
[2024-07-25T19:05:21.861+0800][90.230s][gc,phases   ] GC(4828) Concurrent Process Non-Strong References 1.934ms
[2024-07-25T19:05:21.861+0800][90.230s][gc,phases   ] GC(4828) Concurrent Reset Relocation Set 0.001ms
[2024-07-25T19:05:21.863+0800][90.232s][gc          ] Allocation Stall (main) 11.950ms
[2024-07-25T19:05:21.863+0800][90.232s][gc,phases   ] GC(4828) Concurrent Select Relocation Set 2.792ms
[2024-07-25T19:05:21.864+0800][90.233s][gc,phases   ] GC(4828) Pause Relocate Start 0.009ms
[2024-07-25T19:05:21.864+0800][90.233s][gc,phases   ] GC(4828) Concurrent Relocate 0.126ms
[2024-07-25T19:05:21.864+0800][90.233s][gc,load     ] GC(4828) Load: 0.00/0.00/0.00
[2024-07-25T19:05:21.864+0800][90.233s][gc,mmu      ] GC(4828) MMU: 2ms/88.2%, 5ms/95.3%, 10ms/97.6%, 20ms/98.8%, 50ms/99.4%, 100ms/99.6%
[2024-07-25T19:05:21.864+0800][90.233s][gc,marking  ] GC(4828) Mark: 1 stripe(s), 1 proactive flush(es), 1 terminate flush(es), 0 completion(s), 0 continuation(s) 
[2024-07-25T19:05:21.864+0800][90.233s][gc,marking  ] GC(4828) Mark Stack Usage: 32M
[2024-07-25T19:05:21.864+0800][90.233s][gc,nmethod  ] GC(4828) NMethods: 535 registered, 0 unregistered
[2024-07-25T19:05:21.864+0800][90.233s][gc,metaspace] GC(4828) Metaspace: 1M used, 1M committed, 1088M reserved
[2024-07-25T19:05:21.864+0800][90.233s][gc,ref      ] GC(4828) Soft: 46 encountered, 25 discovered, 0 enqueued
[2024-07-25T19:05:21.864+0800][90.233s][gc,ref      ] GC(4828) Weak: 131 encountered, 107 discovered, 0 enqueued
[2024-07-25T19:05:21.864+0800][90.233s][gc,ref      ] GC(4828) Final: 0 encountered, 0 discovered, 0 enqueued
[2024-07-25T19:05:21.864+0800][90.233s][gc,ref      ] GC(4828) Phantom: 184 encountered, 98 discovered, 0 enqueued
[2024-07-25T19:05:21.864+0800][90.233s][gc,reloc    ] GC(4828) Small Pages: 4 / 8M, Empty: 2M, Relocated: 0M, In-Place: 0
[2024-07-25T19:05:21.864+0800][90.233s][gc,reloc    ] GC(4828) Large Pages: 4 / 8M, Empty: 4M, Relocated: 0M, In-Place: 0
[2024-07-25T19:05:21.864+0800][90.233s][gc,reloc    ] GC(4828) Forwarding Usage: 0M
[2024-07-25T19:05:21.864+0800][90.233s][gc,heap     ] GC(4828) Min Capacity: 8M(50%)
[2024-07-25T19:05:21.864+0800][90.233s][gc,heap     ] GC(4828) Max Capacity: 16M(100%)
[2024-07-25T19:05:21.864+0800][90.233s][gc,heap     ] GC(4828) Soft Max Capacity: 16M(100%)
[2024-07-25T19:05:21.864+0800][90.233s][gc,heap     ] GC(4828)                Mark Start          Mark End        Relocate Start      Relocate End           High               Low         
[2024-07-25T19:05:21.864+0800][90.233s][gc,heap     ] GC(4828)  Capacity:       16M (100%)         16M (100%)         16M (100%)         16M (100%)         16M (100%)         16M (100%)   
[2024-07-25T19:05:21.864+0800][90.234s][gc,heap     ] GC(4828)      Free:        0M (0%)            0M (0%)            4M (25%)           2M (12%)           6M (38%)           0M (0%)     
[2024-07-25T19:05:21.864+0800][90.234s][gc,heap     ] GC(4828)      Used:       16M (100%)         16M (100%)         12M (75%)          14M (88%)          16M (100%)         10M (62%)    
[2024-07-25T19:05:21.864+0800][90.234s][gc,heap     ] GC(4828)      Live:         -                 8M (54%)           8M (54%)           8M (54%)            -                  -          
[2024-07-25T19:05:21.864+0800][90.234s][gc,heap     ] GC(4828) Allocated:         -                 0M (0%)            2M (12%)           4M (25%)            -                  -          
[2024-07-25T19:05:21.865+0800][90.234s][gc,heap     ] GC(4828)   Garbage:         -                 7M (46%)           1M (8%)            1M (8%)             -                  -          
[2024-07-25T19:05:21.865+0800][90.234s][gc,heap     ] GC(4828) Reclaimed:         -                  -                 6M (38%)           6M (38%)            -                  -          
[2024-07-25T19:05:21.865+0800][90.234s][gc          ] GC(4828) Garbage Collection (Allocation Stall) 16M(100%)->14M(88%)
[2024-07-25T19:05:21.868+0800][90.237s][gc,start    ] GC(4829) Garbage Collection (Allocation Stall)
[2024-07-25T19:05:21.868+0800][90.237s][gc,ref      ] GC(4829) Clearing All SoftReferences
[2024-07-25T19:05:21.868+0800][90.237s][gc,task     ] GC(4829) Using 1 workers
[2024-07-25T19:05:21.868+0800][90.237s][gc,phases   ] GC(4829) Pause Mark Start 0.007ms
[2024-07-25T19:05:21.876+0800][90.245s][gc,phases   ] GC(4829) Concurrent Mark 7.492ms
[2024-07-25T19:05:21.876+0800][90.245s][gc,phases   ] GC(4829) Pause Mark End 0.015ms
[2024-07-25T19:05:21.876+0800][90.245s][gc,phases   ] GC(4829) Concurrent Mark Free 0.001ms
[2024-07-25T19:05:21.878+0800][90.247s][gc,phases   ] GC(4829) Concurrent Process Non-Strong References 1.668ms
[2024-07-25T19:05:21.878+0800][90.247s][gc,phases   ] GC(4829) Concurrent Reset Relocation Set 0.001ms
[2024-07-25T19:05:21.882+0800][90.251s][gc          ] Allocation Stall (main) 14.034ms
[2024-07-25T19:05:21.882+0800][90.251s][gc,phases   ] GC(4829) Concurrent Select Relocation Set 3.897ms
[2024-07-25T19:05:21.882+0800][90.251s][gc,phases   ] GC(4829) Pause Relocate Start 0.012ms
[2024-07-25T19:05:21.882+0800][90.251s][gc,phases   ] GC(4829) Concurrent Relocate 0.051ms
[2024-07-25T19:05:21.882+0800][90.251s][gc,load     ] GC(4829) Load: 0.00/0.00/0.00
[2024-07-25T19:05:21.882+0800][90.251s][gc,mmu      ] GC(4829) MMU: 2ms/88.2%, 5ms/95.3%, 10ms/97.6%, 20ms/98.8%, 50ms/99.4%, 100ms/99.6%
[2024-07-25T19:05:21.882+0800][90.251s][gc,marking  ] GC(4829) Mark: 1 stripe(s), 1 proactive flush(es), 1 terminate flush(es), 0 completion(s), 0 continuation(s) 
[2024-07-25T19:05:21.882+0800][90.251s][gc,marking  ] GC(4829) Mark Stack Usage: 32M
[2024-07-25T19:05:21.882+0800][90.252s][gc,nmethod  ] GC(4829) NMethods: 535 registered, 0 unregistered
[2024-07-25T19:05:21.882+0800][90.252s][gc,metaspace] GC(4829) Metaspace: 1M used, 1M committed, 1088M reserved
[2024-07-25T19:05:21.882+0800][90.252s][gc,ref      ] GC(4829) Soft: 46 encountered, 25 discovered, 0 enqueued
[2024-07-25T19:05:21.883+0800][90.252s][gc,ref      ] GC(4829) Weak: 131 encountered, 107 discovered, 0 enqueued
[2024-07-25T19:05:21.883+0800][90.252s][gc,ref      ] GC(4829) Final: 0 encountered, 0 discovered, 0 enqueued
[2024-07-25T19:05:21.883+0800][90.252s][gc,ref      ] GC(4829) Phantom: 184 encountered, 98 discovered, 0 enqueued
[2024-07-25T19:05:21.883+0800][90.252s][gc,reloc    ] GC(4829) Small Pages: 4 / 8M, Empty: 2M, Relocated: 0M, In-Place: 0
[2024-07-25T19:05:21.883+0800][90.252s][gc,reloc    ] GC(4829) Large Pages: 4 / 8M, Empty: 4M, Relocated: 0M, In-Place: 0
[2024-07-25T19:05:21.883+0800][90.252s][gc,reloc    ] GC(4829) Forwarding Usage: 0M
[2024-07-25T19:05:21.883+0800][90.252s][gc,heap     ] GC(4829) Min Capacity: 8M(50%)
[2024-07-25T19:05:21.883+0800][90.252s][gc,heap     ] GC(4829) Max Capacity: 16M(100%)
[2024-07-25T19:05:21.883+0800][90.252s][gc,heap     ] GC(4829) Soft Max Capacity: 16M(100%)
[2024-07-25T19:05:21.883+0800][90.252s][gc,heap     ] GC(4829)                Mark Start          Mark End        Relocate Start      Relocate End           High               Low         
[2024-07-25T19:05:21.883+0800][90.252s][gc,heap     ] GC(4829)  Capacity:       16M (100%)         16M (100%)         16M (100%)         16M (100%)         16M (100%)         16M (100%)   
[2024-07-25T19:05:21.883+0800][90.252s][gc,heap     ] GC(4829)      Free:        0M (0%)            0M (0%)            4M (25%)           4M (25%)           6M (38%)           0M (0%)     
[2024-07-25T19:05:21.883+0800][90.252s][gc,heap     ] GC(4829)      Used:       16M (100%)         16M (100%)         12M (75%)          12M (75%)          16M (100%)         10M (62%)    
[2024-07-25T19:05:21.883+0800][90.252s][gc,heap     ] GC(4829)      Live:         -                 8M (54%)           8M (54%)           8M (54%)            -                  -          
[2024-07-25T19:05:21.883+0800][90.252s][gc,heap     ] GC(4829) Allocated:         -                 0M (0%)            2M (12%)           2M (12%)            -                  -          
[2024-07-25T19:05:21.883+0800][90.252s][gc,heap     ] GC(4829)   Garbage:         -                 7M (46%)           1M (8%)            1M (8%)             -                  -          
[2024-07-25T19:05:21.883+0800][90.252s][gc,heap     ] GC(4829) Reclaimed:         -                  -                 6M (38%)           6M (38%)            -                  -          
[2024-07-25T19:05:21.883+0800][90.252s][gc          ] GC(4829) Garbage Collection (Allocation Stall) 16M(100%)->12M(75%)
[2024-07-25T19:05:21.887+0800][90.256s][gc,start    ] GC(4830) Garbage Collection (Allocation Stall)
[2024-07-25T19:05:21.887+0800][90.256s][gc,ref      ] GC(4830) Clearing All SoftReferences
[2024-07-25T19:05:21.887+0800][90.256s][gc,task     ] GC(4830) Using 1 workers
[2024-07-25T19:05:21.887+0800][90.256s][gc,phases   ] GC(4830) Pause Mark Start 0.010ms
[2024-07-25T19:05:21.895+0800][90.264s][gc,phases   ] GC(4830) Concurrent Mark 7.730ms
[2024-07-25T19:05:21.895+0800][90.264s][gc,phases   ] GC(4830) Pause Mark End 0.010ms
[2024-07-25T19:05:21.895+0800][90.264s][gc,phases   ] GC(4830) Concurrent Mark Free 0.001ms
[2024-07-25T19:05:21.897+0800][90.266s][gc,phases   ] GC(4830) Concurrent Process Non-Strong References 1.500ms
[2024-07-25T19:05:21.897+0800][90.266s][gc,phases   ] GC(4830) Concurrent Reset Relocation Set 0.001ms
[2024-07-25T19:05:21.900+0800][90.269s][gc          ] Allocation Stall (main) 13.434ms
[2024-07-25T19:05:21.900+0800][90.269s][gc,phases   ] GC(4830) Concurrent Select Relocation Set 3.235ms
[2024-07-25T19:05:21.900+0800][90.269s][gc,phases   ] GC(4830) Pause Relocate Start 0.022ms
[2024-07-25T19:05:21.901+0800][90.270s][gc,phases   ] GC(4830) Concurrent Relocate 0.064ms
[2024-07-25T19:05:21.901+0800][90.270s][gc,load     ] GC(4830) Load: 0.00/0.00/0.00
[2024-07-25T19:05:21.901+0800][90.270s][gc,mmu      ] GC(4830) MMU: 2ms/88.2%, 5ms/95.3%, 10ms/97.6%, 20ms/98.8%, 50ms/99.4%, 100ms/99.6%
[2024-07-25T19:05:21.901+0800][90.270s][gc,marking  ] GC(4830) Mark: 1 stripe(s), 1 proactive flush(es), 1 terminate flush(es), 0 completion(s), 0 continuation(s) 
[2024-07-25T19:05:21.901+0800][90.270s][gc,marking  ] GC(4830) Mark Stack Usage: 32M
[2024-07-25T19:05:21.901+0800][90.270s][gc,nmethod  ] GC(4830) NMethods: 535 registered, 0 unregistered
[2024-07-25T19:05:21.901+0800][90.270s][gc,metaspace] GC(4830) Metaspace: 1M used, 1M committed, 1088M reserved
[2024-07-25T19:05:21.901+0800][90.270s][gc,ref      ] GC(4830) Soft: 46 encountered, 25 discovered, 0 enqueued
[2024-07-25T19:05:21.901+0800][90.270s][gc,ref      ] GC(4830) Weak: 131 encountered, 107 discovered, 0 enqueued
[2024-07-25T19:05:21.901+0800][90.270s][gc,ref      ] GC(4830) Final: 0 encountered, 0 discovered, 0 enqueued
[2024-07-25T19:05:21.901+0800][90.270s][gc,ref      ] GC(4830) Phantom: 184 encountered, 98 discovered, 0 enqueued
[2024-07-25T19:05:21.901+0800][90.270s][gc,reloc    ] GC(4830) Small Pages: 4 / 8M, Empty: 2M, Relocated: 0M, In-Place: 0
[2024-07-25T19:05:21.901+0800][90.270s][gc,reloc    ] GC(4830) Large Pages: 4 / 8M, Empty: 4M, Relocated: 0M, In-Place: 0
[2024-07-25T19:05:21.901+0800][90.270s][gc,reloc    ] GC(4830) Forwarding Usage: 0M
[2024-07-25T19:05:21.901+0800][90.270s][gc,heap     ] GC(4830) Min Capacity: 8M(50%)
[2024-07-25T19:05:21.901+0800][90.270s][gc,heap     ] GC(4830) Max Capacity: 16M(100%)
[2024-07-25T19:05:21.901+0800][90.270s][gc,heap     ] GC(4830) Soft Max Capacity: 16M(100%)
[2024-07-25T19:05:21.901+0800][90.270s][gc,heap     ] GC(4830)                Mark Start          Mark End        Relocate Start      Relocate End           High               Low         
[2024-07-25T19:05:21.901+0800][90.270s][gc,heap     ] GC(4830)  Capacity:       16M (100%)         16M (100%)         16M (100%)         16M (100%)         16M (100%)         16M (100%)   
[2024-07-25T19:05:21.901+0800][90.270s][gc,heap     ] GC(4830)      Free:        0M (0%)            0M (0%)            4M (25%)           4M (25%)           6M (38%)           0M (0%)     
[2024-07-25T19:05:21.901+0800][90.270s][gc,heap     ] GC(4830)      Used:       16M (100%)         16M (100%)         12M (75%)          12M (75%)          16M (100%)         10M (62%)    
[2024-07-25T19:05:21.901+0800][90.270s][gc,heap     ] GC(4830)      Live:         -                 8M (54%)           8M (54%)           8M (54%)            -                  -          
[2024-07-25T19:05:21.901+0800][90.270s][gc,heap     ] GC(4830) Allocated:         -                 0M (0%)            2M (12%)           2M (12%)            -                  -          
[2024-07-25T19:05:21.901+0800][90.270s][gc,heap     ] GC(4830)   Garbage:         -                 7M (46%)           1M (8%)            1M (8%)             -                  -          
[2024-07-25T19:05:21.901+0800][90.271s][gc,heap     ] GC(4830) Reclaimed:         -                  -                 6M (38%)           6M (38%)            -                  -          
[2024-07-25T19:05:21.901+0800][90.271s][gc          ] GC(4830) Garbage Collection (Allocation Stall) 16M(100%)->12M(75%)
[2024-07-25T19:05:21.905+0800][90.274s][gc,start    ] GC(4831) Garbage Collection (Allocation Stall)
[2024-07-25T19:05:21.905+0800][90.274s][gc,ref      ] GC(4831) Clearing All SoftReferences
[2024-07-25T19:05:21.905+0800][90.274s][gc,task     ] GC(4831) Using 1 workers
[2024-07-25T19:05:21.905+0800][90.274s][gc,phases   ] GC(4831) Pause Mark Start 0.014ms
[2024-07-25T19:05:21.912+0800][90.281s][gc,phases   ] GC(4831) Concurrent Mark 6.955ms
[2024-07-25T19:05:21.912+0800][90.282s][gc,phases   ] GC(4831) Pause Mark End 0.012ms
[2024-07-25T19:05:21.913+0800][90.282s][gc,phases   ] GC(4831) Concurrent Mark Free 0.001ms
[2024-07-25T19:05:21.914+0800][90.283s][gc,phases   ] GC(4831) Concurrent Process Non-Strong References 1.644ms
[2024-07-25T19:05:21.914+0800][90.283s][gc,phases   ] GC(4831) Concurrent Reset Relocation Set 0.001ms
[2024-07-25T19:05:21.918+0800][90.287s][gc          ] Allocation Stall (main) 13.608ms
[2024-07-25T19:05:21.918+0800][90.287s][gc,phases   ] GC(4831) Concurrent Select Relocation Set 3.834ms
[2024-07-25T19:05:21.919+0800][90.288s][gc,phases   ] GC(4831) Pause Relocate Start 0.028ms
[2024-07-25T19:05:21.919+0800][90.288s][gc,phases   ] GC(4831) Concurrent Relocate 0.128ms
[2024-07-25T19:05:21.919+0800][90.288s][gc,load     ] GC(4831) Load: 0.00/0.00/0.00
[2024-07-25T19:05:21.919+0800][90.288s][gc,mmu      ] GC(4831) MMU: 2ms/88.2%, 5ms/95.3%, 10ms/97.6%, 20ms/98.8%, 50ms/99.4%, 100ms/99.6%
[2024-07-25T19:05:21.919+0800][90.288s][gc,marking  ] GC(4831) Mark: 1 stripe(s), 1 proactive flush(es), 1 terminate flush(es), 0 completion(s), 0 continuation(s) 
[2024-07-25T19:05:21.919+0800][90.288s][gc,marking  ] GC(4831) Mark Stack Usage: 32M
[2024-07-25T19:05:21.919+0800][90.288s][gc,nmethod  ] GC(4831) NMethods: 535 registered, 0 unregistered
[2024-07-25T19:05:21.919+0800][90.288s][gc,metaspace] GC(4831) Metaspace: 1M used, 1M committed, 1088M reserved
[2024-07-25T19:05:21.919+0800][90.288s][gc,ref      ] GC(4831) Soft: 46 encountered, 25 discovered, 0 enqueued
[2024-07-25T19:05:21.919+0800][90.288s][gc,ref      ] GC(4831) Weak: 131 encountered, 107 discovered, 0 enqueued
[2024-07-25T19:05:21.919+0800][90.288s][gc,ref      ] GC(4831) Final: 0 encountered, 0 discovered, 0 enqueued
[2024-07-25T19:05:21.919+0800][90.288s][gc,ref      ] GC(4831) Phantom: 184 encountered, 98 discovered, 0 enqueued
[2024-07-25T19:05:21.919+0800][90.288s][gc,reloc    ] GC(4831) Small Pages: 4 / 8M, Empty: 2M, Relocated: 0M, In-Place: 0
[2024-07-25T19:05:21.919+0800][90.288s][gc,reloc    ] GC(4831) Large Pages: 4 / 8M, Empty: 4M, Relocated: 0M, In-Place: 0
[2024-07-25T19:05:21.919+0800][90.288s][gc,reloc    ] GC(4831) Forwarding Usage: 0M
[2024-07-25T19:05:21.919+0800][90.288s][gc,heap     ] GC(4831) Min Capacity: 8M(50%)
[2024-07-25T19:05:21.919+0800][90.288s][gc,heap     ] GC(4831) Max Capacity: 16M(100%)
[2024-07-25T19:05:21.919+0800][90.288s][gc,heap     ] GC(4831) Soft Max Capacity: 16M(100%)
[2024-07-25T19:05:21.919+0800][90.288s][gc,heap     ] GC(4831)                Mark Start          Mark End        Relocate Start      Relocate End           High               Low         
[2024-07-25T19:05:21.919+0800][90.288s][gc,heap     ] GC(4831)  Capacity:       16M (100%)         16M (100%)         16M (100%)         16M (100%)         16M (100%)         16M (100%)   
[2024-07-25T19:05:21.919+0800][90.288s][gc,heap     ] GC(4831)      Free:        0M (0%)            0M (0%)            4M (25%)           2M (12%)           6M (38%)           0M (0%)     
[2024-07-25T19:05:21.919+0800][90.288s][gc,heap     ] GC(4831)      Used:       16M (100%)         16M (100%)         12M (75%)          14M (88%)          16M (100%)         10M (62%)    
[2024-07-25T19:05:21.919+0800][90.288s][gc,heap     ] GC(4831)      Live:         -                 8M (54%)           8M (54%)           8M (54%)            -                  -          
[2024-07-25T19:05:21.919+0800][90.289s][gc,heap     ] GC(4831) Allocated:         -                 0M (0%)            2M (12%)           4M (25%)            -                  -          
[2024-07-25T19:05:21.919+0800][90.289s][gc,heap     ] GC(4831)   Garbage:         -                 7M (46%)           1M (8%)            1M (8%)             -                  -          
[2024-07-25T19:05:21.919+0800][90.289s][gc,heap     ] GC(4831) Reclaimed:         -                  -                 6M (38%)           6M (38%)            -                  -          
[2024-07-25T19:05:21.919+0800][90.289s][gc          ] GC(4831) Garbage Collection (Allocation Stall) 16M(100%)->14M(88%)
[2024-07-25T19:05:21.921+0800][90.290s][gc,start    ] GC(4832) Garbage Collection (Allocation Rate)
[2024-07-25T19:05:21.921+0800][90.290s][gc,task     ] GC(4832) Using 1 workers
[2024-07-25T19:05:21.921+0800][90.290s][gc,phases   ] GC(4832) Pause Mark Start 0.009ms
[2024-07-25T19:05:21.928+0800][90.298s][gc,phases   ] GC(4832) Concurrent Mark 7.636ms
[2024-07-25T19:05:21.929+0800][90.298s][gc,phases   ] GC(4832) Pause Mark End 0.011ms
[2024-07-25T19:05:21.929+0800][90.298s][gc,phases   ] GC(4832) Concurrent Mark Free 0.001ms
[2024-07-25T19:05:21.930+0800][90.300s][gc,phases   ] GC(4832) Concurrent Process Non-Strong References 1.641ms
[2024-07-25T19:05:21.930+0800][90.300s][gc,phases   ] GC(4832) Concurrent Reset Relocation Set 0.001ms
[2024-07-25T19:05:21.933+0800][90.302s][gc          ] Allocation Stall (main) 12.148ms
[2024-07-25T19:05:21.933+0800][90.302s][gc,phases   ] GC(4832) Concurrent Select Relocation Set 2.662ms
[2024-07-25T19:05:21.934+0800][90.303s][gc,phases   ] GC(4832) Pause Relocate Start 0.011ms
[2024-07-25T19:05:21.934+0800][90.303s][gc,phases   ] GC(4832) Concurrent Relocate 0.043ms
[2024-07-25T19:05:21.934+0800][90.303s][gc,load     ] GC(4832) Load: 0.00/0.00/0.00
[2024-07-25T19:05:21.934+0800][90.303s][gc,mmu      ] GC(4832) MMU: 2ms/88.2%, 5ms/95.3%, 10ms/97.6%, 20ms/98.8%, 50ms/99.4%, 100ms/99.6%
[2024-07-25T19:05:21.934+0800][90.303s][gc,marking  ] GC(4832) Mark: 1 stripe(s), 2 proactive flush(es), 1 terminate flush(es), 0 completion(s), 0 continuation(s) 
[2024-07-25T19:05:21.934+0800][90.303s][gc,marking  ] GC(4832) Mark Stack Usage: 32M
[2024-07-25T19:05:21.934+0800][90.303s][gc,nmethod  ] GC(4832) NMethods: 535 registered, 0 unregistered
[2024-07-25T19:05:21.934+0800][90.303s][gc,metaspace] GC(4832) Metaspace: 1M used, 1M committed, 1088M reserved
[2024-07-25T19:05:21.934+0800][90.303s][gc,ref      ] GC(4832) Soft: 46 encountered, 25 discovered, 0 enqueued
[2024-07-25T19:05:21.934+0800][90.303s][gc,ref      ] GC(4832) Weak: 131 encountered, 107 discovered, 0 enqueued
[2024-07-25T19:05:21.934+0800][90.303s][gc,ref      ] GC(4832) Final: 0 encountered, 0 discovered, 0 enqueued
[2024-07-25T19:05:21.934+0800][90.303s][gc,ref      ] GC(4832) Phantom: 184 encountered, 98 discovered, 0 enqueued
[2024-07-25T19:05:21.934+0800][90.303s][gc,reloc    ] GC(4832) Small Pages: 4 / 8M, Empty: 2M, Relocated: 0M, In-Place: 0
[2024-07-25T19:05:21.934+0800][90.303s][gc,reloc    ] GC(4832) Large Pages: 4 / 8M, Empty: 4M, Relocated: 0M, In-Place: 0
[2024-07-25T19:05:21.934+0800][90.303s][gc,reloc    ] GC(4832) Forwarding Usage: 0M
[2024-07-25T19:05:21.934+0800][90.303s][gc,heap     ] GC(4832) Min Capacity: 8M(50%)
[2024-07-25T19:05:21.934+0800][90.303s][gc,heap     ] GC(4832) Max Capacity: 16M(100%)
[2024-07-25T19:05:21.934+0800][90.303s][gc,heap     ] GC(4832) Soft Max Capacity: 16M(100%)
[2024-07-25T19:05:21.934+0800][90.303s][gc,heap     ] GC(4832)                Mark Start          Mark End        Relocate Start      Relocate End           High               Low         
[2024-07-25T19:05:21.934+0800][90.303s][gc,heap     ] GC(4832)  Capacity:       16M (100%)         16M (100%)         16M (100%)         16M (100%)         16M (100%)         16M (100%)   
[2024-07-25T19:05:21.934+0800][90.304s][gc,heap     ] GC(4832)      Free:        0M (0%)            0M (0%)            4M (25%)           4M (25%)           6M (38%)           0M (0%)     
[2024-07-25T19:05:21.934+0800][90.304s][gc,heap     ] GC(4832)      Used:       16M (100%)         16M (100%)         12M (75%)          12M (75%)          16M (100%)         10M (62%)    
[2024-07-25T19:05:21.934+0800][90.304s][gc,heap     ] GC(4832)      Live:         -                 8M (54%)           8M (54%)           8M (54%)            -                  -          
[2024-07-25T19:05:21.934+0800][90.304s][gc,heap     ] GC(4832) Allocated:         -                 0M (0%)            2M (12%)           2M (12%)            -                  -          
[2024-07-25T19:05:21.934+0800][90.304s][gc,heap     ] GC(4832)   Garbage:         -                 7M (46%)           1M (8%)            1M (8%)             -                  -          
[2024-07-25T19:05:21.934+0800][90.304s][gc,heap     ] GC(4832) Reclaimed:         -                  -                 6M (38%)           6M (38%)            -                  -          
[2024-07-25T19:05:21.934+0800][90.304s][gc          ] GC(4832) Garbage Collection (Allocation Rate) 16M(100%)->12M(75%)
[2024-07-25T19:05:21.940+0800][90.309s][gc,start    ] GC(4833) Garbage Collection (Allocation Stall)
[2024-07-25T19:05:21.940+0800][90.309s][gc,ref      ] GC(4833) Clearing All SoftReferences
[2024-07-25T19:05:21.940+0800][90.309s][gc,task     ] GC(4833) Using 1 workers
[2024-07-25T19:05:21.940+0800][90.309s][gc,phases   ] GC(4833) Pause Mark Start 0.009ms
[2024-07-25T19:05:21.946+0800][90.315s][gc,phases   ] GC(4833) Concurrent Mark 6.133ms
[2024-07-25T19:05:21.946+0800][90.316s][gc,phases   ] GC(4833) Pause Mark End 0.012ms
[2024-07-25T19:05:21.946+0800][90.316s][gc,phases   ] GC(4833) Concurrent Mark Free 0.001ms
[2024-07-25T19:05:21.949+0800][90.318s][gc,phases   ] GC(4833) Concurrent Process Non-Strong References 2.180ms
[2024-07-25T19:05:21.949+0800][90.318s][gc,phases   ] GC(4833) Concurrent Reset Relocation Set 0.001ms
[2024-07-25T19:05:21.951+0800][90.321s][gc          ] Allocation Stall (main) 11.904ms
[2024-07-25T19:05:21.952+0800][90.321s][gc,phases   ] GC(4833) Concurrent Select Relocation Set 2.820ms
[2024-07-25T19:05:21.952+0800][90.321s][gc,phases   ] GC(4833) Pause Relocate Start 0.018ms
[2024-07-25T19:05:21.952+0800][90.321s][gc,phases   ] GC(4833) Concurrent Relocate 0.051ms
[2024-07-25T19:05:21.952+0800][90.321s][gc,load     ] GC(4833) Load: 0.00/0.00/0.00
[2024-07-25T19:05:21.952+0800][90.321s][gc,mmu      ] GC(4833) MMU: 2ms/88.2%, 5ms/95.3%, 10ms/97.6%, 20ms/98.8%, 50ms/99.4%, 100ms/99.6%
[2024-07-25T19:05:21.952+0800][90.321s][gc,marking  ] GC(4833) Mark: 1 stripe(s), 1 proactive flush(es), 1 terminate flush(es), 0 completion(s), 0 continuation(s) 
[2024-07-25T19:05:21.952+0800][90.322s][gc,marking  ] GC(4833) Mark Stack Usage: 32M
[2024-07-25T19:05:21.952+0800][90.322s][gc,nmethod  ] GC(4833) NMethods: 535 registered, 0 unregistered
[2024-07-25T19:05:21.952+0800][90.322s][gc,metaspace] GC(4833) Metaspace: 1M used, 1M committed, 1088M reserved
[2024-07-25T19:05:21.952+0800][90.322s][gc,ref      ] GC(4833) Soft: 46 encountered, 25 discovered, 0 enqueued
[2024-07-25T19:05:21.952+0800][90.322s][gc,ref      ] GC(4833) Weak: 131 encountered, 107 discovered, 0 enqueued
[2024-07-25T19:05:21.952+0800][90.322s][gc,ref      ] GC(4833) Final: 0 encountered, 0 discovered, 0 enqueued
[2024-07-25T19:05:21.952+0800][90.322s][gc,ref      ] GC(4833) Phantom: 184 encountered, 98 discovered, 0 enqueued
[2024-07-25T19:05:21.952+0800][90.322s][gc,reloc    ] GC(4833) Small Pages: 4 / 8M, Empty: 2M, Relocated: 0M, In-Place: 0
[2024-07-25T19:05:21.953+0800][90.322s][gc,reloc    ] GC(4833) Large Pages: 4 / 8M, Empty: 4M, Relocated: 0M, In-Place: 0
[2024-07-25T19:05:21.953+0800][90.322s][gc,reloc    ] GC(4833) Forwarding Usage: 0M
[2024-07-25T19:05:21.953+0800][90.322s][gc,heap     ] GC(4833) Min Capacity: 8M(50%)
[2024-07-25T19:05:21.953+0800][90.322s][gc,heap     ] GC(4833) Max Capacity: 16M(100%)
[2024-07-25T19:05:21.953+0800][90.322s][gc,heap     ] GC(4833) Soft Max Capacity: 16M(100%)
[2024-07-25T19:05:21.953+0800][90.322s][gc,heap     ] GC(4833)                Mark Start          Mark End        Relocate Start      Relocate End           High               Low         
[2024-07-25T19:05:21.953+0800][90.322s][gc,heap     ] GC(4833)  Capacity:       16M (100%)         16M (100%)         16M (100%)         16M (100%)         16M (100%)         16M (100%)   
[2024-07-25T19:05:21.953+0800][90.322s][gc,heap     ] GC(4833)      Free:        0M (0%)            0M (0%)            4M (25%)           4M (25%)           6M (38%)           0M (0%)     
[2024-07-25T19:05:21.953+0800][90.322s][gc,heap     ] GC(4833)      Used:       16M (100%)         16M (100%)         12M (75%)          12M (75%)          16M (100%)         10M (62%)    
[2024-07-25T19:05:21.953+0800][90.322s][gc,heap     ] GC(4833)      Live:         -                 8M (54%)           8M (54%)           8M (54%)            -                  -          
[2024-07-25T19:05:21.953+0800][90.322s][gc,heap     ] GC(4833) Allocated:         -                 0M (0%)            2M (12%)           2M (12%)            -                  -          
[2024-07-25T19:05:21.953+0800][90.322s][gc,heap     ] GC(4833)   Garbage:         -                 7M (46%)           1M (8%)            1M (8%)             -                  -          
[2024-07-25T19:05:21.953+0800][90.322s][gc,heap     ] GC(4833) Reclaimed:         -                  -                 6M (38%)           6M (38%)            -                  -          
[2024-07-25T19:05:21.953+0800][90.322s][gc          ] GC(4833) Garbage Collection (Allocation Stall) 16M(100%)->12M(75%)
[2024-07-25T19:05:21.956+0800][90.325s][gc,start    ] GC(4834) Garbage Collection (Allocation Stall)
[2024-07-25T19:05:21.956+0800][90.325s][gc,ref      ] GC(4834) Clearing All SoftReferences
[2024-07-25T19:05:21.956+0800][90.325s][gc,task     ] GC(4834) Using 1 workers
[2024-07-25T19:05:21.956+0800][90.325s][gc,phases   ] GC(4834) Pause Mark Start 0.008ms
[2024-07-25T19:05:21.963+0800][90.332s][gc,phases   ] GC(4834) Concurrent Mark 6.740ms
[2024-07-25T19:05:21.963+0800][90.332s][gc,phases   ] GC(4834) Pause Mark End 0.011ms
[2024-07-25T19:05:21.963+0800][90.332s][gc,phases   ] GC(4834) Concurrent Mark Free 0.001ms
[2024-07-25T19:05:21.965+0800][90.334s][gc,phases   ] GC(4834) Concurrent Process Non-Strong References 1.758ms
[2024-07-25T19:05:21.965+0800][90.334s][gc,phases   ] GC(4834) Concurrent Reset Relocation Set 0.001ms
[2024-07-25T19:05:21.968+0800][90.337s][gc,phases   ] GC(4834) Concurrent Select Relocation Set 2.692ms
[2024-07-25T19:05:21.968+0800][90.337s][gc          ] Allocation Stall (main) 12.030ms
[2024-07-25T19:05:21.968+0800][90.337s][gc,phases   ] GC(4834) Pause Relocate Start 0.010ms
[2024-07-25T19:05:21.968+0800][90.338s][gc,phases   ] GC(4834) Concurrent Relocate 0.118ms
[2024-07-25T19:05:21.968+0800][90.338s][gc,load     ] GC(4834) Load: 0.00/0.00/0.00
[2024-07-25T19:05:21.968+0800][90.338s][gc,mmu      ] GC(4834) MMU: 2ms/88.2%, 5ms/95.3%, 10ms/97.6%, 20ms/98.8%, 50ms/99.4%, 100ms/99.6%
[2024-07-25T19:05:21.968+0800][90.338s][gc,marking  ] GC(4834) Mark: 1 stripe(s), 1 proactive flush(es), 1 terminate flush(es), 0 completion(s), 0 continuation(s) 
[2024-07-25T19:05:21.968+0800][90.338s][gc,marking  ] GC(4834) Mark Stack Usage: 32M
[2024-07-25T19:05:21.968+0800][90.338s][gc,nmethod  ] GC(4834) NMethods: 535 registered, 0 unregistered
[2024-07-25T19:05:21.968+0800][90.338s][gc,metaspace] GC(4834) Metaspace: 1M used, 1M committed, 1088M reserved
[2024-07-25T19:05:21.968+0800][90.338s][gc,ref      ] GC(4834) Soft: 46 encountered, 25 discovered, 0 enqueued
[2024-07-25T19:05:21.968+0800][90.338s][gc,ref      ] GC(4834) Weak: 131 encountered, 107 discovered, 0 enqueued
[2024-07-25T19:05:21.968+0800][90.338s][gc,ref      ] GC(4834) Final: 0 encountered, 0 discovered, 0 enqueued
[2024-07-25T19:05:21.968+0800][90.338s][gc,ref      ] GC(4834) Phantom: 184 encountered, 98 discovered, 0 enqueued
[2024-07-25T19:05:21.968+0800][90.338s][gc,reloc    ] GC(4834) Small Pages: 4 / 8M, Empty: 2M, Relocated: 0M, In-Place: 0
[2024-07-25T19:05:21.968+0800][90.338s][gc,reloc    ] GC(4834) Large Pages: 4 / 8M, Empty: 4M, Relocated: 0M, In-Place: 0
[2024-07-25T19:05:21.969+0800][90.338s][gc,reloc    ] GC(4834) Forwarding Usage: 0M
[2024-07-25T19:05:21.969+0800][90.338s][gc,heap     ] GC(4834) Min Capacity: 8M(50%)
[2024-07-25T19:05:21.969+0800][90.338s][gc,heap     ] GC(4834) Max Capacity: 16M(100%)
[2024-07-25T19:05:21.969+0800][90.338s][gc,heap     ] GC(4834) Soft Max Capacity: 16M(100%)
[2024-07-25T19:05:21.969+0800][90.338s][gc,heap     ] GC(4834)                Mark Start          Mark End        Relocate Start      Relocate End           High               Low         
[2024-07-25T19:05:21.969+0800][90.338s][gc,heap     ] GC(4834)  Capacity:       16M (100%)         16M (100%)         16M (100%)         16M (100%)         16M (100%)         16M (100%)   
[2024-07-25T19:05:21.969+0800][90.338s][gc,heap     ] GC(4834)      Free:        0M (0%)            0M (0%)            4M (25%)           2M (12%)           6M (38%)           0M (0%)     
[2024-07-25T19:05:21.969+0800][90.338s][gc,heap     ] GC(4834)      Used:       16M (100%)         16M (100%)         12M (75%)          14M (88%)          16M (100%)         10M (62%)    
[2024-07-25T19:05:21.969+0800][90.338s][gc,heap     ] GC(4834)      Live:         -                 8M (54%)           8M (54%)           8M (54%)            -                  -          
[2024-07-25T19:05:21.969+0800][90.338s][gc,heap     ] GC(4834) Allocated:         -                 0M (0%)            2M (12%)           4M (25%)            -                  -          
[2024-07-25T19:05:21.969+0800][90.338s][gc,heap     ] GC(4834)   Garbage:         -                 7M (46%)           1M (8%)            1M (8%)             -                  -          
[2024-07-25T19:05:21.969+0800][90.338s][gc,heap     ] GC(4834) Reclaimed:         -                  -                 6M (38%)           6M (38%)            -                  -          
[2024-07-25T19:05:21.969+0800][90.338s][gc          ] GC(4834) Garbage Collection (Allocation Stall) 16M(100%)->14M(88%)
[2024-07-25T19:05:21.973+0800][90.342s][gc,start    ] GC(4835) Garbage Collection (Allocation Stall)
[2024-07-25T19:05:21.973+0800][90.342s][gc,ref      ] GC(4835) Clearing All SoftReferences
[2024-07-25T19:05:21.973+0800][90.342s][gc,task     ] GC(4835) Using 1 workers
[2024-07-25T19:05:21.973+0800][90.342s][gc,phases   ] GC(4835) Pause Mark Start 0.009ms
[2024-07-25T19:05:21.979+0800][90.348s][gc,phases   ] GC(4835) Concurrent Mark 6.000ms
[2024-07-25T19:05:21.979+0800][90.349s][gc,phases   ] GC(4835) Pause Mark End 0.011ms
[2024-07-25T19:05:21.979+0800][90.349s][gc,phases   ] GC(4835) Concurrent Mark Free 0.001ms
[2024-07-25T19:05:21.982+0800][90.351s][gc,phases   ] GC(4835) Concurrent Process Non-Strong References 1.870ms
[2024-07-25T19:05:21.982+0800][90.351s][gc,phases   ] GC(4835) Concurrent Reset Relocation Set 0.001ms
[2024-07-25T19:05:21.984+0800][90.353s][gc          ] Allocation Stall (main) 11.355ms
[2024-07-25T19:05:21.984+0800][90.353s][gc,phases   ] GC(4835) Concurrent Select Relocation Set 2.589ms
[2024-07-25T19:05:21.984+0800][90.354s][gc,phases   ] GC(4835) Pause Relocate Start 0.009ms
[2024-07-25T19:05:21.984+0800][90.354s][gc,phases   ] GC(4835) Concurrent Relocate 0.051ms
[2024-07-25T19:05:21.984+0800][90.354s][gc,load     ] GC(4835) Load: 0.00/0.00/0.00
[2024-07-25T19:05:21.984+0800][90.354s][gc,mmu      ] GC(4835) MMU: 2ms/88.2%, 5ms/95.3%, 10ms/97.6%, 20ms/98.8%, 50ms/99.4%, 100ms/99.6%
[2024-07-25T19:05:21.984+0800][90.354s][gc,marking  ] GC(4835) Mark: 1 stripe(s), 1 proactive flush(es), 1 terminate flush(es), 0 completion(s), 0 continuation(s) 
[2024-07-25T19:05:21.984+0800][90.354s][gc,marking  ] GC(4835) Mark Stack Usage: 32M
[2024-07-25T19:05:21.985+0800][90.354s][gc,nmethod  ] GC(4835) NMethods: 535 registered, 0 unregistered
[2024-07-25T19:05:21.985+0800][90.354s][gc,metaspace] GC(4835) Metaspace: 1M used, 1M committed, 1088M reserved
[2024-07-25T19:05:21.985+0800][90.354s][gc,ref      ] GC(4835) Soft: 46 encountered, 25 discovered, 0 enqueued
[2024-07-25T19:05:21.985+0800][90.354s][gc,ref      ] GC(4835) Weak: 131 encountered, 107 discovered, 0 enqueued
[2024-07-25T19:05:21.985+0800][90.354s][gc,ref      ] GC(4835) Final: 0 encountered, 0 discovered, 0 enqueued
[2024-07-25T19:05:21.985+0800][90.354s][gc,ref      ] GC(4835) Phantom: 184 encountered, 98 discovered, 0 enqueued
[2024-07-25T19:05:21.985+0800][90.354s][gc,reloc    ] GC(4835) Small Pages: 4 / 8M, Empty: 2M, Relocated: 0M, In-Place: 0
[2024-07-25T19:05:21.985+0800][90.354s][gc,reloc    ] GC(4835) Large Pages: 4 / 8M, Empty: 4M, Relocated: 0M, In-Place: 0
[2024-07-25T19:05:21.985+0800][90.354s][gc,reloc    ] GC(4835) Forwarding Usage: 0M
[2024-07-25T19:05:21.985+0800][90.354s][gc,heap     ] GC(4835) Min Capacity: 8M(50%)
[2024-07-25T19:05:21.985+0800][90.354s][gc,heap     ] GC(4835) Max Capacity: 16M(100%)
[2024-07-25T19:05:21.985+0800][90.354s][gc,heap     ] GC(4835) Soft Max Capacity: 16M(100%)
[2024-07-25T19:05:21.985+0800][90.354s][gc,heap     ] GC(4835)                Mark Start          Mark End        Relocate Start      Relocate End           High               Low         
[2024-07-25T19:05:21.985+0800][90.354s][gc,heap     ] GC(4835)  Capacity:       16M (100%)         16M (100%)         16M (100%)         16M (100%)         16M (100%)         16M (100%)   
[2024-07-25T19:05:21.985+0800][90.354s][gc,heap     ] GC(4835)      Free:        0M (0%)            0M (0%)            4M (25%)           4M (25%)           6M (38%)           0M (0%)     
[2024-07-25T19:05:21.985+0800][90.354s][gc,heap     ] GC(4835)      Used:       16M (100%)         16M (100%)         12M (75%)          12M (75%)          16M (100%)         10M (62%)    
[2024-07-25T19:05:21.985+0800][90.354s][gc,heap     ] GC(4835)      Live:         -                 8M (54%)           8M (54%)           8M (54%)            -                  -          
[2024-07-25T19:05:21.985+0800][90.354s][gc,heap     ] GC(4835) Allocated:         -                 0M (0%)            2M (12%)           2M (12%)            -                  -          
[2024-07-25T19:05:21.985+0800][90.354s][gc,heap     ] GC(4835)   Garbage:         -                 7M (46%)           1M (8%)            1M (8%)             -                  -          
[2024-07-25T19:05:21.985+0800][90.354s][gc,heap     ] GC(4835) Reclaimed:         -                  -                 6M (38%)           6M (38%)            -                  -          
[2024-07-25T19:05:21.985+0800][90.354s][gc          ] GC(4835) Garbage Collection (Allocation Stall) 16M(100%)->12M(75%)
[2024-07-25T19:05:21.989+0800][90.358s][gc,start    ] GC(4836) Garbage Collection (Allocation Stall)
[2024-07-25T19:05:21.989+0800][90.358s][gc,ref      ] GC(4836) Clearing All SoftReferences
[2024-07-25T19:05:21.989+0800][90.358s][gc,task     ] GC(4836) Using 1 workers
[2024-07-25T19:05:21.989+0800][90.358s][gc,phases   ] GC(4836) Pause Mark Start 0.009ms
[2024-07-25T19:05:21.995+0800][90.364s][gc,phases   ] GC(4836) Concurrent Mark 5.728ms
[2024-07-25T19:05:21.995+0800][90.364s][gc,phases   ] GC(4836) Pause Mark End 0.010ms
[2024-07-25T19:05:21.995+0800][90.365s][gc,phases   ] GC(4836) Concurrent Mark Free 0.001ms
[2024-07-25T19:05:21.997+0800][90.366s][gc,phases   ] GC(4836) Concurrent Process Non-Strong References 1.625ms
[2024-07-25T19:05:21.997+0800][90.366s][gc,phases   ] GC(4836) Concurrent Reset Relocation Set 0.001ms
[2024-07-25T19:05:21.999+0800][90.369s][gc          ] Allocation Stall (main) 10.629ms
[2024-07-25T19:05:21.999+0800][90.369s][gc,phases   ] GC(4836) Concurrent Select Relocation Set 2.555ms
[2024-07-25T19:05:22.000+0800][90.369s][gc,phases   ] GC(4836) Pause Relocate Start 0.011ms
[2024-07-25T19:05:22.000+0800][90.369s][gc,phases   ] GC(4836) Concurrent Relocate 0.093ms
[2024-07-25T19:05:22.000+0800][90.369s][gc,load     ] GC(4836) Load: 0.00/0.00/0.00
[2024-07-25T19:05:22.000+0800][90.369s][gc,mmu      ] GC(4836) MMU: 2ms/88.2%, 5ms/95.3%, 10ms/97.6%, 20ms/98.8%, 50ms/99.4%, 100ms/99.6%
[2024-07-25T19:05:22.000+0800][90.369s][gc,marking  ] GC(4836) Mark: 1 stripe(s), 1 proactive flush(es), 1 terminate flush(es), 0 completion(s), 0 continuation(s) 
[2024-07-25T19:05:22.000+0800][90.369s][gc,marking  ] GC(4836) Mark Stack Usage: 32M
[2024-07-25T19:05:22.000+0800][90.369s][gc,nmethod  ] GC(4836) NMethods: 535 registered, 0 unregistered
[2024-07-25T19:05:22.000+0800][90.369s][gc,metaspace] GC(4836) Metaspace: 1M used, 1M committed, 1088M reserved
[2024-07-25T19:05:22.000+0800][90.369s][gc,ref      ] GC(4836) Soft: 46 encountered, 25 discovered, 0 enqueued
[2024-07-25T19:05:22.000+0800][90.369s][gc,ref      ] GC(4836) Weak: 131 encountered, 107 discovered, 0 enqueued
[2024-07-25T19:05:22.000+0800][90.370s][gc,ref      ] GC(4836) Final: 0 encountered, 0 discovered, 0 enqueued
[2024-07-25T19:05:22.000+0800][90.370s][gc,ref      ] GC(4836) Phantom: 184 encountered, 98 discovered, 0 enqueued
[2024-07-25T19:05:22.000+0800][90.370s][gc,reloc    ] GC(4836) Small Pages: 4 / 8M, Empty: 2M, Relocated: 0M, In-Place: 0
[2024-07-25T19:05:22.000+0800][90.370s][gc,reloc    ] GC(4836) Large Pages: 4 / 8M, Empty: 4M, Relocated: 0M, In-Place: 0
[2024-07-25T19:05:22.000+0800][90.370s][gc,reloc    ] GC(4836) Forwarding Usage: 0M
[2024-07-25T19:05:22.000+0800][90.370s][gc,heap     ] GC(4836) Min Capacity: 8M(50%)
[2024-07-25T19:05:22.000+0800][90.370s][gc,heap     ] GC(4836) Max Capacity: 16M(100%)
[2024-07-25T19:05:22.000+0800][90.370s][gc,heap     ] GC(4836) Soft Max Capacity: 16M(100%)
[2024-07-25T19:05:22.000+0800][90.370s][gc,heap     ] GC(4836)                Mark Start          Mark End        Relocate Start      Relocate End           High               Low         
[2024-07-25T19:05:22.000+0800][90.370s][gc,heap     ] GC(4836)  Capacity:       16M (100%)         16M (100%)         16M (100%)         16M (100%)         16M (100%)         16M (100%)   
[2024-07-25T19:05:22.000+0800][90.370s][gc,heap     ] GC(4836)      Free:        0M (0%)            0M (0%)            4M (25%)           4M (25%)           6M (38%)           0M (0%)     
[2024-07-25T19:05:22.000+0800][90.370s][gc,heap     ] GC(4836)      Used:       16M (100%)         16M (100%)         12M (75%)          12M (75%)          16M (100%)         10M (62%)    
[2024-07-25T19:05:22.000+0800][90.370s][gc,heap     ] GC(4836)      Live:         -                 8M (54%)           8M (54%)           8M (54%)            -                  -          
[2024-07-25T19:05:22.000+0800][90.370s][gc,heap     ] GC(4836) Allocated:         -                 0M (0%)            2M (12%)           2M (12%)            -                  -          
[2024-07-25T19:05:22.000+0800][90.370s][gc,heap     ] GC(4836)   Garbage:         -                 7M (46%)           1M (8%)            1M (8%)             -                  -          
[2024-07-25T19:05:22.000+0800][90.370s][gc,heap     ] GC(4836) Reclaimed:         -                  -                 6M (38%)           6M (38%)            -                  -          
[2024-07-25T19:05:22.001+0800][90.370s][gc          ] GC(4836) Garbage Collection (Allocation Stall) 16M(100%)->12M(75%)
[2024-07-25T19:05:22.005+0800][90.374s][gc,start    ] GC(4837) Garbage Collection (Allocation Stall)
[2024-07-25T19:05:22.005+0800][90.374s][gc,ref      ] GC(4837) Clearing All SoftReferences
[2024-07-25T19:05:22.005+0800][90.374s][gc,task     ] GC(4837) Using 1 workers
[2024-07-25T19:05:22.005+0800][90.375s][gc,phases   ] GC(4837) Pause Mark Start 0.008ms
[2024-07-25T19:05:22.011+0800][90.380s][gc,phases   ] GC(4837) Concurrent Mark 5.834ms
[2024-07-25T19:05:22.011+0800][90.381s][gc,phases   ] GC(4837) Pause Mark End 0.010ms
[2024-07-25T19:05:22.011+0800][90.381s][gc,phases   ] GC(4837) Concurrent Mark Free 0.001ms
[2024-07-25T19:05:22.013+0800][90.383s][gc,phases   ] GC(4837) Concurrent Process Non-Strong References 1.752ms
[2024-07-25T19:05:22.013+0800][90.383s][gc,phases   ] GC(4837) Concurrent Reset Relocation Set 0.001ms
[2024-07-25T19:05:22.016+0800][90.385s][gc          ] Allocation Stall (main) 11.199ms
[2024-07-25T19:05:22.016+0800][90.386s][gc,phases   ] GC(4837) Concurrent Select Relocation Set 2.873ms
[2024-07-25T19:05:22.016+0800][90.386s][gc,phases   ] GC(4837) Pause Relocate Start 0.007ms
[2024-07-25T19:05:22.016+0800][90.386s][gc,phases   ] GC(4837) Concurrent Relocate 0.038ms
[2024-07-25T19:05:22.017+0800][90.386s][gc,load     ] GC(4837) Load: 0.00/0.00/0.00
[2024-07-25T19:05:22.017+0800][90.386s][gc,mmu      ] GC(4837) MMU: 2ms/88.2%, 5ms/95.3%, 10ms/97.6%, 20ms/98.8%, 50ms/99.4%, 100ms/99.6%
[2024-07-25T19:05:22.017+0800][90.386s][gc,marking  ] GC(4837) Mark: 1 stripe(s), 1 proactive flush(es), 1 terminate flush(es), 0 completion(s), 0 continuation(s) 
[2024-07-25T19:05:22.017+0800][90.386s][gc,marking  ] GC(4837) Mark Stack Usage: 32M
[2024-07-25T19:05:22.017+0800][90.386s][gc,nmethod  ] GC(4837) NMethods: 535 registered, 0 unregistered
[2024-07-25T19:05:22.017+0800][90.386s][gc,metaspace] GC(4837) Metaspace: 1M used, 1M committed, 1088M reserved
[2024-07-25T19:05:22.017+0800][90.386s][gc,ref      ] GC(4837) Soft: 46 encountered, 25 discovered, 0 enqueued
[2024-07-25T19:05:22.017+0800][90.386s][gc,ref      ] GC(4837) Weak: 131 encountered, 107 discovered, 0 enqueued
[2024-07-25T19:05:22.017+0800][90.386s][gc,ref      ] GC(4837) Final: 0 encountered, 0 discovered, 0 enqueued
[2024-07-25T19:05:22.017+0800][90.386s][gc,ref      ] GC(4837) Phantom: 184 encountered, 98 discovered, 0 enqueued
[2024-07-25T19:05:22.017+0800][90.386s][gc,reloc    ] GC(4837) Small Pages: 4 / 8M, Empty: 2M, Relocated: 0M, In-Place: 0
[2024-07-25T19:05:22.017+0800][90.386s][gc,reloc    ] GC(4837) Large Pages: 4 / 8M, Empty: 4M, Relocated: 0M, In-Place: 0
[2024-07-25T19:05:22.017+0800][90.386s][gc,reloc    ] GC(4837) Forwarding Usage: 0M
[2024-07-25T19:05:22.017+0800][90.386s][gc,heap     ] GC(4837) Min Capacity: 8M(50%)
[2024-07-25T19:05:22.017+0800][90.386s][gc,heap     ] GC(4837) Max Capacity: 16M(100%)
[2024-07-25T19:05:22.017+0800][90.386s][gc,heap     ] GC(4837) Soft Max Capacity: 16M(100%)
[2024-07-25T19:05:22.017+0800][90.386s][gc,heap     ] GC(4837)                Mark Start          Mark End        Relocate Start      Relocate End           High               Low         
[2024-07-25T19:05:22.017+0800][90.386s][gc,heap     ] GC(4837)  Capacity:       16M (100%)         16M (100%)         16M (100%)         16M (100%)         16M (100%)         16M (100%)   
[2024-07-25T19:05:22.017+0800][90.386s][gc,heap     ] GC(4837)      Free:        0M (0%)            0M (0%)            2M (12%)           2M (12%)           6M (38%)           0M (0%)     
[2024-07-25T19:05:22.017+0800][90.386s][gc,heap     ] GC(4837)      Used:       16M (100%)         16M (100%)         14M (88%)          14M (88%)          16M (100%)         10M (62%)    
[2024-07-25T19:05:22.017+0800][90.387s][gc,heap     ] GC(4837)      Live:         -                 8M (54%)           8M (54%)           8M (54%)            -                  -          
[2024-07-25T19:05:22.017+0800][90.387s][gc,heap     ] GC(4837) Allocated:         -                 0M (0%)            4M (25%)           4M (25%)            -                  -          
[2024-07-25T19:05:22.017+0800][90.387s][gc,heap     ] GC(4837)   Garbage:         -                 7M (46%)           1M (8%)            1M (8%)             -                  -          
[2024-07-25T19:05:22.017+0800][90.387s][gc,heap     ] GC(4837) Reclaimed:         -                  -                 6M (38%)           6M (38%)            -                  -          
[2024-07-25T19:05:22.017+0800][90.387s][gc          ] GC(4837) Garbage Collection (Allocation Stall) 16M(100%)->14M(88%)
[2024-07-25T19:05:22.021+0800][90.390s][gc,start    ] GC(4838) Garbage Collection (Allocation Stall)
[2024-07-25T19:05:22.021+0800][90.390s][gc,ref      ] GC(4838) Clearing All SoftReferences
[2024-07-25T19:05:22.021+0800][90.390s][gc,task     ] GC(4838) Using 1 workers
[2024-07-25T19:05:22.021+0800][90.391s][gc,phases   ] GC(4838) Pause Mark Start 0.008ms
[2024-07-25T19:05:22.027+0800][90.396s][gc,phases   ] GC(4838) Concurrent Mark 5.725ms
[2024-07-25T19:05:22.028+0800][90.397s][gc,phases   ] GC(4838) Pause Mark End 0.041ms
[2024-07-25T19:05:22.028+0800][90.397s][gc,phases   ] GC(4838) Concurrent Mark Free 0.001ms
[2024-07-25T19:05:22.030+0800][90.399s][gc,phases   ] GC(4838) Concurrent Process Non-Strong References 2.108ms
[2024-07-25T19:05:22.030+0800][90.399s][gc,phases   ] GC(4838) Concurrent Reset Relocation Set 0.001ms
[2024-07-25T19:05:22.033+0800][90.402s][gc          ] Allocation Stall (main) 11.760ms
[2024-07-25T19:05:22.033+0800][90.402s][gc,phases   ] GC(4838) Concurrent Select Relocation Set 3.026ms
[2024-07-25T19:05:22.033+0800][90.402s][gc,phases   ] GC(4838) Pause Relocate Start 0.007ms
[2024-07-25T19:05:22.033+0800][90.402s][gc,phases   ] GC(4838) Concurrent Relocate 0.129ms
[2024-07-25T19:05:22.033+0800][90.403s][gc,load     ] GC(4838) Load: 0.00/0.00/0.00
[2024-07-25T19:05:22.034+0800][90.403s][gc,mmu      ] GC(4838) MMU: 2ms/88.2%, 5ms/95.3%, 10ms/97.6%, 20ms/98.8%, 50ms/99.4%, 100ms/99.6%
[2024-07-25T19:05:22.034+0800][90.403s][gc,marking  ] GC(4838) Mark: 1 stripe(s), 1 proactive flush(es), 1 terminate flush(es), 0 completion(s), 0 continuation(s) 
[2024-07-25T19:05:22.034+0800][90.403s][gc,marking  ] GC(4838) Mark Stack Usage: 32M
[2024-07-25T19:05:22.034+0800][90.403s][gc,nmethod  ] GC(4838) NMethods: 535 registered, 0 unregistered
[2024-07-25T19:05:22.034+0800][90.403s][gc,metaspace] GC(4838) Metaspace: 1M used, 1M committed, 1088M reserved
[2024-07-25T19:05:22.034+0800][90.403s][gc,ref      ] GC(4838) Soft: 46 encountered, 25 discovered, 0 enqueued
[2024-07-25T19:05:22.034+0800][90.403s][gc,ref      ] GC(4838) Weak: 131 encountered, 107 discovered, 0 enqueued
[2024-07-25T19:05:22.034+0800][90.403s][gc,ref      ] GC(4838) Final: 0 encountered, 0 discovered, 0 enqueued
[2024-07-25T19:05:22.034+0800][90.403s][gc,ref      ] GC(4838) Phantom: 184 encountered, 98 discovered, 0 enqueued
[2024-07-25T19:05:22.034+0800][90.403s][gc,reloc    ] GC(4838) Small Pages: 4 / 8M, Empty: 2M, Relocated: 0M, In-Place: 0
[2024-07-25T19:05:22.034+0800][90.403s][gc,reloc    ] GC(4838) Large Pages: 4 / 8M, Empty: 4M, Relocated: 0M, In-Place: 0
[2024-07-25T19:05:22.034+0800][90.403s][gc,reloc    ] GC(4838) Forwarding Usage: 0M
[2024-07-25T19:05:22.034+0800][90.403s][gc,heap     ] GC(4838) Min Capacity: 8M(50%)
[2024-07-25T19:05:22.034+0800][90.403s][gc,heap     ] GC(4838) Max Capacity: 16M(100%)
[2024-07-25T19:05:22.034+0800][90.403s][gc,heap     ] GC(4838) Soft Max Capacity: 16M(100%)
[2024-07-25T19:05:22.034+0800][90.403s][gc,heap     ] GC(4838)                Mark Start          Mark End        Relocate Start      Relocate End           High               Low         
[2024-07-25T19:05:22.034+0800][90.403s][gc,heap     ] GC(4838)  Capacity:       16M (100%)         16M (100%)         16M (100%)         16M (100%)         16M (100%)         16M (100%)   
[2024-07-25T19:05:22.034+0800][90.403s][gc,heap     ] GC(4838)      Free:        0M (0%)            0M (0%)            4M (25%)           2M (12%)           6M (38%)           0M (0%)     
[2024-07-25T19:05:22.034+0800][90.403s][gc,heap     ] GC(4838)      Used:       16M (100%)         16M (100%)         12M (75%)          14M (88%)          16M (100%)         10M (62%)    
[2024-07-25T19:05:22.034+0800][90.403s][gc,heap     ] GC(4838)      Live:         -                 8M (54%)           8M (54%)           8M (54%)            -                  -          
[2024-07-25T19:05:22.034+0800][90.403s][gc,heap     ] GC(4838) Allocated:         -                 0M (0%)            2M (12%)           4M (25%)            -                  -          
[2024-07-25T19:05:22.034+0800][90.403s][gc,heap     ] GC(4838)   Garbage:         -                 7M (46%)           1M (8%)            1M (8%)             -                  -          
[2024-07-25T19:05:22.034+0800][90.403s][gc,heap     ] GC(4838) Reclaimed:         -                  -                 6M (38%)           6M (38%)            -                  -          
[2024-07-25T19:05:22.034+0800][90.403s][gc          ] GC(4838) Garbage Collection (Allocation Stall) 16M(100%)->14M(88%)
[2024-07-25T19:05:22.037+0800][90.406s][gc,start    ] GC(4839) Garbage Collection (Allocation Stall)
[2024-07-25T19:05:22.037+0800][90.406s][gc,ref      ] GC(4839) Clearing All SoftReferences
[2024-07-25T19:05:22.037+0800][90.406s][gc,task     ] GC(4839) Using 1 workers
[2024-07-25T19:05:22.037+0800][90.406s][gc,phases   ] GC(4839) Pause Mark Start 0.010ms
[2024-07-25T19:05:22.044+0800][90.413s][gc,phases   ] GC(4839) Concurrent Mark 6.813ms
[2024-07-25T19:05:22.044+0800][90.413s][gc,phases   ] GC(4839) Pause Mark End 0.010ms
[2024-07-25T19:05:22.044+0800][90.413s][gc,phases   ] GC(4839) Concurrent Mark Free 0.001ms
[2024-07-25T19:05:22.046+0800][90.416s][gc,phases   ] GC(4839) Concurrent Process Non-Strong References 2.043ms
[2024-07-25T19:05:22.047+0800][90.416s][gc,phases   ] GC(4839) Concurrent Reset Relocation Set 0.001ms
[2024-07-25T19:05:22.050+0800][90.419s][gc          ] Allocation Stall (main) 12.879ms
[2024-07-25T19:05:22.050+0800][90.419s][gc,phases   ] GC(4839) Concurrent Select Relocation Set 3.150ms
[2024-07-25T19:05:22.050+0800][90.419s][gc,phases   ] GC(4839) Pause Relocate Start 0.008ms
[2024-07-25T19:05:22.050+0800][90.419s][gc,phases   ] GC(4839) Concurrent Relocate 0.139ms
[2024-07-25T19:05:22.050+0800][90.419s][gc,load     ] GC(4839) Load: 0.00/0.00/0.00
[2024-07-25T19:05:22.050+0800][90.419s][gc,mmu      ] GC(4839) MMU: 2ms/88.2%, 5ms/95.3%, 10ms/97.6%, 20ms/98.8%, 50ms/99.4%, 100ms/99.6%
[2024-07-25T19:05:22.050+0800][90.419s][gc,marking  ] GC(4839) Mark: 1 stripe(s), 1 proactive flush(es), 1 terminate flush(es), 0 completion(s), 0 continuation(s) 
[2024-07-25T19:05:22.050+0800][90.420s][gc,marking  ] GC(4839) Mark Stack Usage: 32M
[2024-07-25T19:05:22.050+0800][90.420s][gc,nmethod  ] GC(4839) NMethods: 535 registered, 0 unregistered
[2024-07-25T19:05:22.050+0800][90.420s][gc,metaspace] GC(4839) Metaspace: 1M used, 1M committed, 1088M reserved
[2024-07-25T19:05:22.050+0800][90.420s][gc,ref      ] GC(4839) Soft: 46 encountered, 25 discovered, 0 enqueued
[2024-07-25T19:05:22.051+0800][90.420s][gc,ref      ] GC(4839) Weak: 131 encountered, 107 discovered, 0 enqueued
[2024-07-25T19:05:22.051+0800][90.420s][gc,ref      ] GC(4839) Final: 0 encountered, 0 discovered, 0 enqueued
[2024-07-25T19:05:22.051+0800][90.420s][gc,ref      ] GC(4839) Phantom: 184 encountered, 98 discovered, 0 enqueued
[2024-07-25T19:05:22.051+0800][90.420s][gc,reloc    ] GC(4839) Small Pages: 4 / 8M, Empty: 2M, Relocated: 0M, In-Place: 0
[2024-07-25T19:05:22.051+0800][90.420s][gc,reloc    ] GC(4839) Large Pages: 4 / 8M, Empty: 4M, Relocated: 0M, In-Place: 0
[2024-07-25T19:05:22.051+0800][90.420s][gc,reloc    ] GC(4839) Forwarding Usage: 0M
[2024-07-25T19:05:22.051+0800][90.420s][gc,heap     ] GC(4839) Min Capacity: 8M(50%)
[2024-07-25T19:05:22.051+0800][90.420s][gc,heap     ] GC(4839) Max Capacity: 16M(100%)
[2024-07-25T19:05:22.051+0800][90.420s][gc,heap     ] GC(4839) Soft Max Capacity: 16M(100%)
[2024-07-25T19:05:22.051+0800][90.420s][gc,heap     ] GC(4839)                Mark Start          Mark End        Relocate Start      Relocate End           High               Low         
[2024-07-25T19:05:22.051+0800][90.420s][gc,heap     ] GC(4839)  Capacity:       16M (100%)         16M (100%)         16M (100%)         16M (100%)         16M (100%)         16M (100%)   
[2024-07-25T19:05:22.051+0800][90.420s][gc,heap     ] GC(4839)      Free:        0M (0%)            0M (0%)            2M (12%)           2M (12%)           6M (38%)           0M (0%)     
[2024-07-25T19:05:22.051+0800][90.420s][gc,heap     ] GC(4839)      Used:       16M (100%)         16M (100%)         14M (88%)          14M (88%)          16M (100%)         10M (62%)    
[2024-07-25T19:05:22.051+0800][90.420s][gc,heap     ] GC(4839)      Live:         -                 8M (54%)           8M (54%)           8M (54%)            -                  -          
[2024-07-25T19:05:22.051+0800][90.420s][gc,heap     ] GC(4839) Allocated:         -                 0M (0%)            4M (25%)           4M (25%)            -                  -          
[2024-07-25T19:05:22.051+0800][90.420s][gc,heap     ] GC(4839)   Garbage:         -                 7M (46%)           1M (8%)            1M (8%)             -                  -          
[2024-07-25T19:05:22.051+0800][90.420s][gc,heap     ] GC(4839) Reclaimed:         -                  -                 6M (38%)           6M (38%)            -                  -          
[2024-07-25T19:05:22.051+0800][90.420s][gc          ] GC(4839) Garbage Collection (Allocation Stall) 16M(100%)->14M(88%)
[2024-07-25T19:05:22.054+0800][90.423s][gc,start    ] GC(4840) Garbage Collection (Allocation Stall)
[2024-07-25T19:05:22.054+0800][90.423s][gc,ref      ] GC(4840) Clearing All SoftReferences
[2024-07-25T19:05:22.054+0800][90.423s][gc,task     ] GC(4840) Using 1 workers
[2024-07-25T19:05:22.054+0800][90.423s][gc,phases   ] GC(4840) Pause Mark Start 0.009ms
[2024-07-25T19:05:22.060+0800][90.430s][gc,phases   ] GC(4840) Concurrent Mark 6.621ms
[2024-07-25T19:05:22.060+0800][90.430s][gc,phases   ] GC(4840) Pause Mark End 0.010ms
[2024-07-25T19:05:22.060+0800][90.430s][gc,phases   ] GC(4840) Concurrent Mark Free 0.001ms
[2024-07-25T19:05:22.062+0800][90.432s][gc,phases   ] GC(4840) Concurrent Process Non-Strong References 1.859ms
[2024-07-25T19:05:22.062+0800][90.432s][gc,phases   ] GC(4840) Concurrent Reset Relocation Set 0.001ms
[2024-07-25T19:05:22.065+0800][90.435s][gc          ] Allocation Stall (main) 12.454ms
[2024-07-25T19:05:22.065+0800][90.435s][gc,phases   ] GC(4840) Concurrent Select Relocation Set 3.049ms
[2024-07-25T19:05:22.067+0800][90.436s][gc,phases   ] GC(4840) Pause Relocate Start 0.007ms
[2024-07-25T19:05:22.067+0800][90.436s][gc,phases   ] GC(4840) Concurrent Relocate 0.080ms
[2024-07-25T19:05:22.067+0800][90.436s][gc,load     ] GC(4840) Load: 0.00/0.00/0.00
[2024-07-25T19:05:22.067+0800][90.436s][gc,mmu      ] GC(4840) MMU: 2ms/88.2%, 5ms/95.3%, 10ms/97.6%, 20ms/98.8%, 50ms/99.4%, 100ms/99.6%
[2024-07-25T19:05:22.067+0800][90.436s][gc,marking  ] GC(4840) Mark: 1 stripe(s), 1 proactive flush(es), 1 terminate flush(es), 0 completion(s), 0 continuation(s) 
[2024-07-25T19:05:22.067+0800][90.436s][gc,marking  ] GC(4840) Mark Stack Usage: 32M
[2024-07-25T19:05:22.067+0800][90.436s][gc,nmethod  ] GC(4840) NMethods: 535 registered, 0 unregistered
[2024-07-25T19:05:22.067+0800][90.436s][gc,metaspace] GC(4840) Metaspace: 1M used, 1M committed, 1088M reserved
[2024-07-25T19:05:22.067+0800][90.436s][gc,ref      ] GC(4840) Soft: 46 encountered, 25 discovered, 0 enqueued
[2024-07-25T19:05:22.067+0800][90.436s][gc,ref      ] GC(4840) Weak: 131 encountered, 107 discovered, 0 enqueued
[2024-07-25T19:05:22.067+0800][90.436s][gc,ref      ] GC(4840) Final: 0 encountered, 0 discovered, 0 enqueued
[2024-07-25T19:05:22.067+0800][90.436s][gc,ref      ] GC(4840) Phantom: 184 encountered, 98 discovered, 0 enqueued
[2024-07-25T19:05:22.067+0800][90.436s][gc,reloc    ] GC(4840) Small Pages: 4 / 8M, Empty: 2M, Relocated: 0M, In-Place: 0
[2024-07-25T19:05:22.067+0800][90.436s][gc,reloc    ] GC(4840) Large Pages: 4 / 8M, Empty: 4M, Relocated: 0M, In-Place: 0
[2024-07-25T19:05:22.067+0800][90.436s][gc,reloc    ] GC(4840) Forwarding Usage: 0M
[2024-07-25T19:05:22.067+0800][90.436s][gc,heap     ] GC(4840) Min Capacity: 8M(50%)
[2024-07-25T19:05:22.067+0800][90.436s][gc,heap     ] GC(4840) Max Capacity: 16M(100%)
[2024-07-25T19:05:22.067+0800][90.436s][gc,heap     ] GC(4840) Soft Max Capacity: 16M(100%)
[2024-07-25T19:05:22.067+0800][90.436s][gc,heap     ] GC(4840)                Mark Start          Mark End        Relocate Start      Relocate End           High               Low         
[2024-07-25T19:05:22.067+0800][90.436s][gc,heap     ] GC(4840)  Capacity:       16M (100%)         16M (100%)         16M (100%)         16M (100%)         16M (100%)         16M (100%)   
[2024-07-25T19:05:22.068+0800][90.437s][gc,heap     ] GC(4840)      Free:        0M (0%)            0M (0%)            4M (25%)           2M (12%)           6M (38%)           0M (0%)     
[2024-07-25T19:05:22.068+0800][90.437s][gc,heap     ] GC(4840)      Used:       16M (100%)         16M (100%)         12M (75%)          14M (88%)          16M (100%)         10M (62%)    
[2024-07-25T19:05:22.068+0800][90.437s][gc,heap     ] GC(4840)      Live:         -                 8M (54%)           8M (54%)           8M (54%)            -                  -          
[2024-07-25T19:05:22.068+0800][90.437s][gc,heap     ] GC(4840) Allocated:         -                 0M (0%)            2M (12%)           4M (25%)            -                  -          
[2024-07-25T19:05:22.068+0800][90.437s][gc,heap     ] GC(4840)   Garbage:         -                 7M (46%)           1M (8%)            1M (8%)             -                  -          
[2024-07-25T19:05:22.068+0800][90.437s][gc,heap     ] GC(4840) Reclaimed:         -                  -                 6M (38%)           6M (38%)            -                  -          
[2024-07-25T19:05:22.068+0800][90.437s][gc          ] GC(4840) Garbage Collection (Allocation Stall) 16M(100%)->14M(88%)
[2024-07-25T19:05:22.070+0800][90.439s][gc,start    ] GC(4841) Garbage Collection (Allocation Stall)
[2024-07-25T19:05:22.070+0800][90.439s][gc,ref      ] GC(4841) Clearing All SoftReferences
[2024-07-25T19:05:22.070+0800][90.439s][gc,task     ] GC(4841) Using 1 workers
[2024-07-25T19:05:22.070+0800][90.439s][gc,phases   ] GC(4841) Pause Mark Start 0.005ms
[2024-07-25T19:05:22.076+0800][90.445s][gc,phases   ] GC(4841) Concurrent Mark 5.563ms
[2024-07-25T19:05:22.076+0800][90.445s][gc,phases   ] GC(4841) Pause Mark End 0.007ms
[2024-07-25T19:05:22.076+0800][90.445s][gc,phases   ] GC(4841) Concurrent Mark Free 0.001ms
[2024-07-25T19:05:22.078+0800][90.447s][gc,phases   ] GC(4841) Concurrent Process Non-Strong References 1.828ms
[2024-07-25T19:05:22.078+0800][90.447s][gc,phases   ] GC(4841) Concurrent Reset Relocation Set 0.001ms
[2024-07-25T19:05:22.081+0800][90.450s][gc,phases   ] GC(4841) Concurrent Select Relocation Set 2.935ms
[2024-07-25T19:05:22.081+0800][90.450s][gc          ] Allocation Stall (main) 11.020ms
[2024-07-25T19:05:22.081+0800][90.450s][gc,phases   ] GC(4841) Pause Relocate Start 0.006ms
[2024-07-25T19:05:22.082+0800][90.451s][gc,phases   ] GC(4841) Concurrent Relocate 0.044ms
[2024-07-25T19:05:22.082+0800][90.451s][gc,load     ] GC(4841) Load: 0.00/0.00/0.00
[2024-07-25T19:05:22.082+0800][90.451s][gc,mmu      ] GC(4841) MMU: 2ms/88.2%, 5ms/95.3%, 10ms/97.6%, 20ms/98.8%, 50ms/99.4%, 100ms/99.6%
[2024-07-25T19:05:22.082+0800][90.451s][gc,marking  ] GC(4841) Mark: 1 stripe(s), 1 proactive flush(es), 1 terminate flush(es), 0 completion(s), 0 continuation(s) 
[2024-07-25T19:05:22.082+0800][90.451s][gc,marking  ] GC(4841) Mark Stack Usage: 32M
[2024-07-25T19:05:22.082+0800][90.451s][gc,nmethod  ] GC(4841) NMethods: 535 registered, 0 unregistered
[2024-07-25T19:05:22.082+0800][90.451s][gc,metaspace] GC(4841) Metaspace: 1M used, 1M committed, 1088M reserved
[2024-07-25T19:05:22.082+0800][90.451s][gc,ref      ] GC(4841) Soft: 46 encountered, 25 discovered, 0 enqueued
[2024-07-25T19:05:22.082+0800][90.451s][gc,ref      ] GC(4841) Weak: 131 encountered, 107 discovered, 0 enqueued
[2024-07-25T19:05:22.082+0800][90.451s][gc,ref      ] GC(4841) Final: 0 encountered, 0 discovered, 0 enqueued
[2024-07-25T19:05:22.082+0800][90.451s][gc,ref      ] GC(4841) Phantom: 184 encountered, 98 discovered, 0 enqueued
[2024-07-25T19:05:22.082+0800][90.451s][gc,reloc    ] GC(4841) Small Pages: 4 / 8M, Empty: 2M, Relocated: 0M, In-Place: 0
[2024-07-25T19:05:22.082+0800][90.451s][gc,reloc    ] GC(4841) Large Pages: 4 / 8M, Empty: 4M, Relocated: 0M, In-Place: 0
[2024-07-25T19:05:22.082+0800][90.451s][gc,reloc    ] GC(4841) Forwarding Usage: 0M
[2024-07-25T19:05:22.082+0800][90.451s][gc,heap     ] GC(4841) Min Capacity: 8M(50%)
[2024-07-25T19:05:22.082+0800][90.451s][gc,heap     ] GC(4841) Max Capacity: 16M(100%)
[2024-07-25T19:05:22.082+0800][90.451s][gc,heap     ] GC(4841) Soft Max Capacity: 16M(100%)
[2024-07-25T19:05:22.082+0800][90.451s][gc,heap     ] GC(4841)                Mark Start          Mark End        Relocate Start      Relocate End           High               Low         
[2024-07-25T19:05:22.082+0800][90.451s][gc,heap     ] GC(4841)  Capacity:       16M (100%)         16M (100%)         16M (100%)         16M (100%)         16M (100%)         16M (100%)   
[2024-07-25T19:05:22.082+0800][90.451s][gc,heap     ] GC(4841)      Free:        0M (0%)            0M (0%)            4M (25%)           4M (25%)           6M (38%)           0M (0%)     
[2024-07-25T19:05:22.082+0800][90.451s][gc,heap     ] GC(4841)      Used:       16M (100%)         16M (100%)         12M (75%)          12M (75%)          16M (100%)         10M (62%)    
[2024-07-25T19:05:22.082+0800][90.451s][gc,heap     ] GC(4841)      Live:         -                 8M (54%)           8M (54%)           8M (54%)            -                  -          
[2024-07-25T19:05:22.082+0800][90.451s][gc,heap     ] GC(4841) Allocated:         -                 0M (0%)            2M (12%)           2M (12%)            -                  -          
[2024-07-25T19:05:22.082+0800][90.451s][gc,heap     ] GC(4841)   Garbage:         -                 7M (46%)           1M (8%)            1M (8%)             -                  -          
[2024-07-25T19:05:22.082+0800][90.451s][gc,heap     ] GC(4841) Reclaimed:         -                  -                 6M (38%)           6M (38%)            -                  -          
[2024-07-25T19:05:22.082+0800][90.451s][gc          ] GC(4841) Garbage Collection (Allocation Stall) 16M(100%)->12M(75%)
[2024-07-25T19:05:22.085+0800][90.454s][gc,start    ] GC(4842) Garbage Collection (Allocation Stall)
[2024-07-25T19:05:22.085+0800][90.454s][gc,ref      ] GC(4842) Clearing All SoftReferences
[2024-07-25T19:05:22.085+0800][90.454s][gc,task     ] GC(4842) Using 1 workers
[2024-07-25T19:05:22.085+0800][90.454s][gc,phases   ] GC(4842) Pause Mark Start 0.007ms
[2024-07-25T19:05:22.091+0800][90.460s][gc,phases   ] GC(4842) Concurrent Mark 5.807ms
[2024-07-25T19:05:22.092+0800][90.461s][gc,phases   ] GC(4842) Pause Mark End 0.011ms
[2024-07-25T19:05:22.092+0800][90.461s][gc,phases   ] GC(4842) Concurrent Mark Free 0.001ms
[2024-07-25T19:05:22.093+0800][90.462s][gc,phases   ] GC(4842) Concurrent Process Non-Strong References 1.520ms
[2024-07-25T19:05:22.093+0800][90.462s][gc,phases   ] GC(4842) Concurrent Reset Relocation Set 0.001ms
[2024-07-25T19:05:22.096+0800][90.465s][gc          ] Allocation Stall (main) 10.535ms
[2024-07-25T19:05:22.096+0800][90.465s][gc,phases   ] GC(4842) Concurrent Select Relocation Set 2.442ms
[2024-07-25T19:05:22.096+0800][90.465s][gc,phases   ] GC(4842) Pause Relocate Start 0.011ms
[2024-07-25T19:05:22.096+0800][90.465s][gc,phases   ] GC(4842) Concurrent Relocate 0.092ms
[2024-07-25T19:05:22.096+0800][90.465s][gc,load     ] GC(4842) Load: 0.00/0.00/0.00
[2024-07-25T19:05:22.096+0800][90.465s][gc,mmu      ] GC(4842) MMU: 2ms/88.2%, 5ms/95.3%, 10ms/97.6%, 20ms/98.8%, 50ms/99.4%, 100ms/99.6%
[2024-07-25T19:05:22.096+0800][90.465s][gc,marking  ] GC(4842) Mark: 1 stripe(s), 1 proactive flush(es), 1 terminate flush(es), 0 completion(s), 0 continuation(s) 
[2024-07-25T19:05:22.096+0800][90.465s][gc,marking  ] GC(4842) Mark Stack Usage: 32M
[2024-07-25T19:05:22.096+0800][90.465s][gc,nmethod  ] GC(4842) NMethods: 535 registered, 0 unregistered
[2024-07-25T19:05:22.096+0800][90.465s][gc,metaspace] GC(4842) Metaspace: 1M used, 1M committed, 1088M reserved
[2024-07-25T19:05:22.096+0800][90.465s][gc,ref      ] GC(4842) Soft: 46 encountered, 25 discovered, 0 enqueued
[2024-07-25T19:05:22.096+0800][90.465s][gc,ref      ] GC(4842) Weak: 131 encountered, 107 discovered, 0 enqueued
[2024-07-25T19:05:22.096+0800][90.465s][gc,ref      ] GC(4842) Final: 0 encountered, 0 discovered, 0 enqueued
[2024-07-25T19:05:22.096+0800][90.465s][gc,ref      ] GC(4842) Phantom: 184 encountered, 98 discovered, 0 enqueued
[2024-07-25T19:05:22.096+0800][90.465s][gc,reloc    ] GC(4842) Small Pages: 4 / 8M, Empty: 2M, Relocated: 0M, In-Place: 0
[2024-07-25T19:05:22.096+0800][90.465s][gc,reloc    ] GC(4842) Large Pages: 4 / 8M, Empty: 4M, Relocated: 0M, In-Place: 0
[2024-07-25T19:05:22.097+0800][90.466s][gc,reloc    ] GC(4842) Forwarding Usage: 0M
[2024-07-25T19:05:22.097+0800][90.466s][gc,heap     ] GC(4842) Min Capacity: 8M(50%)
[2024-07-25T19:05:22.097+0800][90.466s][gc,heap     ] GC(4842) Max Capacity: 16M(100%)
[2024-07-25T19:05:22.097+0800][90.466s][gc,heap     ] GC(4842) Soft Max Capacity: 16M(100%)
[2024-07-25T19:05:22.097+0800][90.466s][gc,heap     ] GC(4842)                Mark Start          Mark End        Relocate Start      Relocate End           High               Low         
[2024-07-25T19:05:22.097+0800][90.466s][gc,heap     ] GC(4842)  Capacity:       16M (100%)         16M (100%)         16M (100%)         16M (100%)         16M (100%)         16M (100%)   
[2024-07-25T19:05:22.097+0800][90.466s][gc,heap     ] GC(4842)      Free:        0M (0%)            0M (0%)            2M (12%)           2M (12%)           6M (38%)           0M (0%)     
[2024-07-25T19:05:22.097+0800][90.466s][gc,heap     ] GC(4842)      Used:       16M (100%)         16M (100%)         14M (88%)          14M (88%)          16M (100%)         10M (62%)    
[2024-07-25T19:05:22.097+0800][90.466s][gc,heap     ] GC(4842)      Live:         -                 8M (54%)           8M (54%)           8M (54%)            -                  -          
[2024-07-25T19:05:22.097+0800][90.466s][gc,heap     ] GC(4842) Allocated:         -                 0M (0%)            4M (25%)           4M (25%)            -                  -          
[2024-07-25T19:05:22.097+0800][90.466s][gc,heap     ] GC(4842)   Garbage:         -                 7M (46%)           1M (8%)            1M (8%)             -                  -          
[2024-07-25T19:05:22.097+0800][90.466s][gc,heap     ] GC(4842) Reclaimed:         -                  -                 6M (38%)           6M (38%)            -                  -          
[2024-07-25T19:05:22.097+0800][90.466s][gc          ] GC(4842) Garbage Collection (Allocation Stall) 16M(100%)->14M(88%)
[2024-07-25T19:05:22.101+0800][90.470s][gc,start    ] GC(4843) Garbage Collection (Allocation Stall)
[2024-07-25T19:05:22.101+0800][90.470s][gc,ref      ] GC(4843) Clearing All SoftReferences
[2024-07-25T19:05:22.101+0800][90.470s][gc,task     ] GC(4843) Using 1 workers
[2024-07-25T19:05:22.101+0800][90.470s][gc,phases   ] GC(4843) Pause Mark Start 0.009ms
[2024-07-25T19:05:22.106+0800][90.475s][gc,phases   ] GC(4843) Concurrent Mark 5.320ms
[2024-07-25T19:05:22.106+0800][90.476s][gc,phases   ] GC(4843) Pause Mark End 0.054ms
[2024-07-25T19:05:22.106+0800][90.476s][gc,phases   ] GC(4843) Concurrent Mark Free 0.004ms
[2024-07-25T19:05:22.109+0800][90.478s][gc,phases   ] GC(4843) Concurrent Process Non-Strong References 2.208ms
[2024-07-25T19:05:22.109+0800][90.478s][gc,phases   ] GC(4843) Concurrent Reset Relocation Set 0.001ms
[2024-07-25T19:05:22.112+0800][90.481s][gc          ] Allocation Stall (main) 11.925ms
[2024-07-25T19:05:22.113+0800][90.482s][gc,phases   ] GC(4843) Concurrent Select Relocation Set 3.297ms
[2024-07-25T19:05:22.113+0800][90.482s][gc,phases   ] GC(4843) Pause Relocate Start 0.013ms
[2024-07-25T19:05:22.113+0800][90.482s][gc,phases   ] GC(4843) Concurrent Relocate 0.117ms
[2024-07-25T19:05:22.113+0800][90.482s][gc,load     ] GC(4843) Load: 0.00/0.00/0.00
[2024-07-25T19:05:22.113+0800][90.482s][gc,mmu      ] GC(4843) MMU: 2ms/88.2%, 5ms/95.3%, 10ms/97.6%, 20ms/98.8%, 50ms/99.4%, 100ms/99.6%
[2024-07-25T19:05:22.113+0800][90.482s][gc,marking  ] GC(4843) Mark: 1 stripe(s), 1 proactive flush(es), 1 terminate flush(es), 0 completion(s), 0 continuation(s) 
[2024-07-25T19:05:22.113+0800][90.482s][gc,marking  ] GC(4843) Mark Stack Usage: 32M
[2024-07-25T19:05:22.113+0800][90.482s][gc,nmethod  ] GC(4843) NMethods: 535 registered, 0 unregistered
[2024-07-25T19:05:22.113+0800][90.482s][gc,metaspace] GC(4843) Metaspace: 1M used, 1M committed, 1088M reserved
[2024-07-25T19:05:22.113+0800][90.482s][gc,ref      ] GC(4843) Soft: 46 encountered, 25 discovered, 0 enqueued
[2024-07-25T19:05:22.113+0800][90.482s][gc,ref      ] GC(4843) Weak: 131 encountered, 107 discovered, 0 enqueued
[2024-07-25T19:05:22.113+0800][90.482s][gc,ref      ] GC(4843) Final: 0 encountered, 0 discovered, 0 enqueued
[2024-07-25T19:05:22.113+0800][90.482s][gc,ref      ] GC(4843) Phantom: 184 encountered, 98 discovered, 0 enqueued
[2024-07-25T19:05:22.113+0800][90.482s][gc,reloc    ] GC(4843) Small Pages: 4 / 8M, Empty: 2M, Relocated: 0M, In-Place: 0
[2024-07-25T19:05:22.113+0800][90.482s][gc,reloc    ] GC(4843) Large Pages: 4 / 8M, Empty: 4M, Relocated: 0M, In-Place: 0
[2024-07-25T19:05:22.113+0800][90.482s][gc,reloc    ] GC(4843) Forwarding Usage: 0M
[2024-07-25T19:05:22.113+0800][90.482s][gc,heap     ] GC(4843) Min Capacity: 8M(50%)
[2024-07-25T19:05:22.113+0800][90.482s][gc,heap     ] GC(4843) Max Capacity: 16M(100%)
[2024-07-25T19:05:22.113+0800][90.482s][gc,heap     ] GC(4843) Soft Max Capacity: 16M(100%)
[2024-07-25T19:05:22.113+0800][90.482s][gc,heap     ] GC(4843)                Mark Start          Mark End        Relocate Start      Relocate End           High               Low         
[2024-07-25T19:05:22.113+0800][90.482s][gc,heap     ] GC(4843)  Capacity:       16M (100%)         16M (100%)         16M (100%)         16M (100%)         16M (100%)         16M (100%)   
[2024-07-25T19:05:22.113+0800][90.482s][gc,heap     ] GC(4843)      Free:        0M (0%)            0M (0%)            2M (12%)           2M (12%)           6M (38%)           0M (0%)     
[2024-07-25T19:05:22.113+0800][90.483s][gc,heap     ] GC(4843)      Used:       16M (100%)         16M (100%)         14M (88%)          14M (88%)          16M (100%)         10M (62%)    
[2024-07-25T19:05:22.113+0800][90.483s][gc,heap     ] GC(4843)      Live:         -                 8M (54%)           8M (54%)           8M (54%)            -                  -          
[2024-07-25T19:05:22.113+0800][90.483s][gc,heap     ] GC(4843) Allocated:         -                 0M (0%)            4M (25%)           4M (25%)            -                  -          
[2024-07-25T19:05:22.113+0800][90.483s][gc,heap     ] GC(4843)   Garbage:         -                 7M (46%)           1M (8%)            1M (8%)             -                  -          
[2024-07-25T19:05:22.113+0800][90.483s][gc,heap     ] GC(4843) Reclaimed:         -                  -                 6M (38%)           6M (38%)            -                  -          
[2024-07-25T19:05:22.113+0800][90.483s][gc          ] GC(4843) Garbage Collection (Allocation Stall) 16M(100%)->14M(88%)
[2024-07-25T19:05:22.117+0800][90.486s][gc,start    ] GC(4844) Garbage Collection (Allocation Stall)
[2024-07-25T19:05:22.117+0800][90.486s][gc,ref      ] GC(4844) Clearing All SoftReferences
[2024-07-25T19:05:22.117+0800][90.486s][gc,task     ] GC(4844) Using 1 workers
[2024-07-25T19:05:22.117+0800][90.486s][gc,phases   ] GC(4844) Pause Mark Start 0.006ms
[2024-07-25T19:05:22.124+0800][90.493s][gc,phases   ] GC(4844) Concurrent Mark 6.890ms
[2024-07-25T19:05:22.124+0800][90.494s][gc,phases   ] GC(4844) Pause Mark End 0.025ms
[2024-07-25T19:05:22.124+0800][90.494s][gc,phases   ] GC(4844) Concurrent Mark Free 0.001ms
[2024-07-25T19:05:22.127+0800][90.496s][gc,phases   ] GC(4844) Concurrent Process Non-Strong References 2.139ms
[2024-07-25T19:05:22.127+0800][90.496s][gc,phases   ] GC(4844) Concurrent Reset Relocation Set 0.001ms
[2024-07-25T19:05:22.130+0800][90.500s][gc          ] Allocation Stall (main) 13.454ms
[2024-07-25T19:05:22.130+0800][90.500s][gc,phases   ] GC(4844) Concurrent Select Relocation Set 3.417ms
[2024-07-25T19:05:22.130+0800][90.500s][gc,phases   ] GC(4844) Pause Relocate Start 0.016ms
[2024-07-25T19:05:22.130+0800][90.500s][gc,phases   ] GC(4844) Concurrent Relocate 0.051ms
[2024-07-25T19:05:22.130+0800][90.500s][gc,load     ] GC(4844) Load: 0.00/0.00/0.00
[2024-07-25T19:05:22.130+0800][90.500s][gc,mmu      ] GC(4844) MMU: 2ms/88.2%, 5ms/95.3%, 10ms/97.6%, 20ms/98.8%, 50ms/99.4%, 100ms/99.6%
[2024-07-25T19:05:22.130+0800][90.500s][gc,marking  ] GC(4844) Mark: 1 stripe(s), 1 proactive flush(es), 1 terminate flush(es), 0 completion(s), 0 continuation(s) 
[2024-07-25T19:05:22.130+0800][90.500s][gc,marking  ] GC(4844) Mark Stack Usage: 32M
[2024-07-25T19:05:22.131+0800][90.500s][gc,nmethod  ] GC(4844) NMethods: 535 registered, 0 unregistered
[2024-07-25T19:05:22.131+0800][90.500s][gc,metaspace] GC(4844) Metaspace: 1M used, 1M committed, 1088M reserved
[2024-07-25T19:05:22.131+0800][90.500s][gc,ref      ] GC(4844) Soft: 46 encountered, 25 discovered, 0 enqueued
[2024-07-25T19:05:22.131+0800][90.500s][gc,ref      ] GC(4844) Weak: 131 encountered, 107 discovered, 0 enqueued
[2024-07-25T19:05:22.131+0800][90.500s][gc,ref      ] GC(4844) Final: 0 encountered, 0 discovered, 0 enqueued
[2024-07-25T19:05:22.131+0800][90.501s][gc,ref      ] GC(4844) Phantom: 184 encountered, 98 discovered, 0 enqueued
[2024-07-25T19:05:22.131+0800][90.501s][gc,reloc    ] GC(4844) Small Pages: 4 / 8M, Empty: 2M, Relocated: 0M, In-Place: 0
[2024-07-25T19:05:22.131+0800][90.501s][gc,reloc    ] GC(4844) Large Pages: 4 / 8M, Empty: 4M, Relocated: 0M, In-Place: 0
[2024-07-25T19:05:22.131+0800][90.501s][gc,reloc    ] GC(4844) Forwarding Usage: 0M
[2024-07-25T19:05:22.131+0800][90.501s][gc,heap     ] GC(4844) Min Capacity: 8M(50%)
[2024-07-25T19:05:22.131+0800][90.501s][gc,heap     ] GC(4844) Max Capacity: 16M(100%)
[2024-07-25T19:05:22.131+0800][90.501s][gc,heap     ] GC(4844) Soft Max Capacity: 16M(100%)
[2024-07-25T19:05:22.131+0800][90.501s][gc,heap     ] GC(4844)                Mark Start          Mark End        Relocate Start      Relocate End           High               Low         
[2024-07-25T19:05:22.131+0800][90.501s][gc,heap     ] GC(4844)  Capacity:       16M (100%)         16M (100%)         16M (100%)         16M (100%)         16M (100%)         16M (100%)   
[2024-07-25T19:05:22.131+0800][90.501s][gc,heap     ] GC(4844)      Free:        0M (0%)            0M (0%)            2M (12%)           2M (12%)           6M (38%)           0M (0%)     
[2024-07-25T19:05:22.131+0800][90.501s][gc,heap     ] GC(4844)      Used:       16M (100%)         16M (100%)         14M (88%)          14M (88%)          16M (100%)         10M (62%)    
[2024-07-25T19:05:22.131+0800][90.501s][gc,heap     ] GC(4844)      Live:         -                 8M (54%)           8M (54%)           8M (54%)            -                  -          
[2024-07-25T19:05:22.131+0800][90.501s][gc,heap     ] GC(4844) Allocated:         -                 0M (0%)            4M (25%)           4M (25%)            -                  -          
[2024-07-25T19:05:22.131+0800][90.501s][gc,heap     ] GC(4844)   Garbage:         -                 7M (46%)           1M (8%)            1M (8%)             -                  -          
[2024-07-25T19:05:22.131+0800][90.501s][gc,heap     ] GC(4844) Reclaimed:         -                  -                 6M (38%)           6M (38%)            -                  -          
[2024-07-25T19:05:22.131+0800][90.501s][gc          ] GC(4844) Garbage Collection (Allocation Stall) 16M(100%)->14M(88%)
[2024-07-25T19:05:22.134+0800][90.503s][gc,start    ] GC(4845) Garbage Collection (Allocation Stall)
[2024-07-25T19:05:22.134+0800][90.503s][gc,ref      ] GC(4845) Clearing All SoftReferences
[2024-07-25T19:05:22.134+0800][90.503s][gc,task     ] GC(4845) Using 1 workers
[2024-07-25T19:05:22.134+0800][90.503s][gc,phases   ] GC(4845) Pause Mark Start 0.007ms
[2024-07-25T19:05:22.141+0800][90.510s][gc,phases   ] GC(4845) Concurrent Mark 6.700ms
[2024-07-25T19:05:22.141+0800][90.510s][gc,phases   ] GC(4845) Pause Mark End 0.023ms
[2024-07-25T19:05:22.141+0800][90.510s][gc,phases   ] GC(4845) Concurrent Mark Free 0.001ms
[2024-07-25T19:05:22.143+0800][90.512s][gc,phases   ] GC(4845) Concurrent Process Non-Strong References 1.812ms
[2024-07-25T19:05:22.143+0800][90.512s][gc,phases   ] GC(4845) Concurrent Reset Relocation Set 0.001ms
[2024-07-25T19:05:22.146+0800][90.515s][gc          ] Allocation Stall (main) 11.807ms
[2024-07-25T19:05:22.146+0800][90.515s][gc,phases   ] GC(4845) Concurrent Select Relocation Set 2.433ms
[2024-07-25T19:05:22.146+0800][90.515s][gc,phases   ] GC(4845) Pause Relocate Start 0.008ms
[2024-07-25T19:05:22.146+0800][90.515s][gc,phases   ] GC(4845) Concurrent Relocate 0.049ms
[2024-07-25T19:05:22.146+0800][90.515s][gc,load     ] GC(4845) Load: 0.00/0.00/0.00
[2024-07-25T19:05:22.146+0800][90.515s][gc,mmu      ] GC(4845) MMU: 2ms/88.2%, 5ms/95.3%, 10ms/97.6%, 20ms/98.8%, 50ms/99.4%, 100ms/99.6%
[2024-07-25T19:05:22.146+0800][90.515s][gc,marking  ] GC(4845) Mark: 1 stripe(s), 1 proactive flush(es), 1 terminate flush(es), 0 completion(s), 0 continuation(s) 
[2024-07-25T19:05:22.146+0800][90.515s][gc,marking  ] GC(4845) Mark Stack Usage: 32M
[2024-07-25T19:05:22.147+0800][90.516s][gc,nmethod  ] GC(4845) NMethods: 535 registered, 0 unregistered
[2024-07-25T19:05:22.147+0800][90.516s][gc,metaspace] GC(4845) Metaspace: 1M used, 1M committed, 1088M reserved
[2024-07-25T19:05:22.147+0800][90.516s][gc,ref      ] GC(4845) Soft: 46 encountered, 25 discovered, 0 enqueued
[2024-07-25T19:05:22.147+0800][90.516s][gc,ref      ] GC(4845) Weak: 131 encountered, 107 discovered, 0 enqueued
[2024-07-25T19:05:22.147+0800][90.516s][gc,ref      ] GC(4845) Final: 0 encountered, 0 discovered, 0 enqueued
[2024-07-25T19:05:22.147+0800][90.516s][gc,ref      ] GC(4845) Phantom: 184 encountered, 98 discovered, 0 enqueued
[2024-07-25T19:05:22.147+0800][90.516s][gc,reloc    ] GC(4845) Small Pages: 4 / 8M, Empty: 2M, Relocated: 0M, In-Place: 0
[2024-07-25T19:05:22.147+0800][90.516s][gc,reloc    ] GC(4845) Large Pages: 4 / 8M, Empty: 4M, Relocated: 0M, In-Place: 0
[2024-07-25T19:05:22.147+0800][90.516s][gc,reloc    ] GC(4845) Forwarding Usage: 0M
[2024-07-25T19:05:22.147+0800][90.516s][gc,heap     ] GC(4845) Min Capacity: 8M(50%)
[2024-07-25T19:05:22.147+0800][90.516s][gc,heap     ] GC(4845) Max Capacity: 16M(100%)
[2024-07-25T19:05:22.147+0800][90.516s][gc,heap     ] GC(4845) Soft Max Capacity: 16M(100%)
[2024-07-25T19:05:22.147+0800][90.516s][gc,heap     ] GC(4845)                Mark Start          Mark End        Relocate Start      Relocate End           High               Low         
[2024-07-25T19:05:22.147+0800][90.516s][gc,heap     ] GC(4845)  Capacity:       16M (100%)         16M (100%)         16M (100%)         16M (100%)         16M (100%)         16M (100%)   
[2024-07-25T19:05:22.147+0800][90.516s][gc,heap     ] GC(4845)      Free:        0M (0%)            0M (0%)            4M (25%)           4M (25%)           6M (38%)           0M (0%)     
[2024-07-25T19:05:22.147+0800][90.516s][gc,heap     ] GC(4845)      Used:       16M (100%)         16M (100%)         12M (75%)          12M (75%)          16M (100%)         10M (62%)    
[2024-07-25T19:05:22.147+0800][90.516s][gc,heap     ] GC(4845)      Live:         -                 8M (54%)           8M (54%)           8M (54%)            -                  -          
[2024-07-25T19:05:22.147+0800][90.516s][gc,heap     ] GC(4845) Allocated:         -                 0M (0%)            2M (12%)           2M (12%)            -                  -          
[2024-07-25T19:05:22.147+0800][90.516s][gc,heap     ] GC(4845)   Garbage:         -                 7M (46%)           1M (8%)            1M (8%)             -                  -          
[2024-07-25T19:05:22.147+0800][90.516s][gc,heap     ] GC(4845) Reclaimed:         -                  -                 6M (38%)           6M (38%)            -                  -          
[2024-07-25T19:05:22.147+0800][90.516s][gc          ] GC(4845) Garbage Collection (Allocation Stall) 16M(100%)->12M(75%)
[2024-07-25T19:05:22.151+0800][90.520s][gc,start    ] GC(4846) Garbage Collection (Allocation Stall)
[2024-07-25T19:05:22.151+0800][90.520s][gc,ref      ] GC(4846) Clearing All SoftReferences
[2024-07-25T19:05:22.151+0800][90.520s][gc,task     ] GC(4846) Using 1 workers
[2024-07-25T19:05:22.151+0800][90.520s][gc,phases   ] GC(4846) Pause Mark Start 0.008ms
[2024-07-25T19:05:22.157+0800][90.527s][gc,phases   ] GC(4846) Concurrent Mark 6.475ms
[2024-07-25T19:05:22.158+0800][90.527s][gc,phases   ] GC(4846) Pause Mark End 0.012ms
[2024-07-25T19:05:22.158+0800][90.527s][gc,phases   ] GC(4846) Concurrent Mark Free 0.001ms
[2024-07-25T19:05:22.160+0800][90.529s][gc,phases   ] GC(4846) Concurrent Process Non-Strong References 1.857ms
[2024-07-25T19:05:22.160+0800][90.529s][gc,phases   ] GC(4846) Concurrent Reset Relocation Set 0.001ms
[2024-07-25T19:05:22.163+0800][90.532s][gc          ] Allocation Stall (main) 12.070ms
[2024-07-25T19:05:22.163+0800][90.532s][gc,phases   ] GC(4846) Concurrent Select Relocation Set 2.830ms
[2024-07-25T19:05:22.163+0800][90.532s][gc,phases   ] GC(4846) Pause Relocate Start 0.011ms
[2024-07-25T19:05:22.163+0800][90.532s][gc,phases   ] GC(4846) Concurrent Relocate 0.126ms
[2024-07-25T19:05:22.163+0800][90.532s][gc,load     ] GC(4846) Load: 0.00/0.00/0.00
[2024-07-25T19:05:22.163+0800][90.532s][gc,mmu      ] GC(4846) MMU: 2ms/88.2%, 5ms/95.3%, 10ms/97.6%, 20ms/98.8%, 50ms/99.4%, 100ms/99.6%
[2024-07-25T19:05:22.163+0800][90.532s][gc,marking  ] GC(4846) Mark: 1 stripe(s), 1 proactive flush(es), 1 terminate flush(es), 0 completion(s), 0 continuation(s) 
[2024-07-25T19:05:22.163+0800][90.532s][gc,marking  ] GC(4846) Mark Stack Usage: 32M
[2024-07-25T19:05:22.163+0800][90.532s][gc,nmethod  ] GC(4846) NMethods: 535 registered, 0 unregistered
[2024-07-25T19:05:22.163+0800][90.532s][gc,metaspace] GC(4846) Metaspace: 1M used, 1M committed, 1088M reserved
[2024-07-25T19:05:22.163+0800][90.532s][gc,ref      ] GC(4846) Soft: 46 encountered, 25 discovered, 0 enqueued
[2024-07-25T19:05:22.163+0800][90.532s][gc,ref      ] GC(4846) Weak: 131 encountered, 107 discovered, 0 enqueued
[2024-07-25T19:05:22.163+0800][90.532s][gc,ref      ] GC(4846) Final: 0 encountered, 0 discovered, 0 enqueued
[2024-07-25T19:05:22.163+0800][90.533s][gc,ref      ] GC(4846) Phantom: 184 encountered, 98 discovered, 0 enqueued
[2024-07-25T19:05:22.163+0800][90.533s][gc,reloc    ] GC(4846) Small Pages: 4 / 8M, Empty: 2M, Relocated: 0M, In-Place: 0
[2024-07-25T19:05:22.163+0800][90.533s][gc,reloc    ] GC(4846) Large Pages: 4 / 8M, Empty: 4M, Relocated: 0M, In-Place: 0
[2024-07-25T19:05:22.163+0800][90.533s][gc,reloc    ] GC(4846) Forwarding Usage: 0M
[2024-07-25T19:05:22.163+0800][90.533s][gc,heap     ] GC(4846) Min Capacity: 8M(50%)
[2024-07-25T19:05:22.163+0800][90.533s][gc,heap     ] GC(4846) Max Capacity: 16M(100%)
[2024-07-25T19:05:22.164+0800][90.533s][gc,heap     ] GC(4846) Soft Max Capacity: 16M(100%)
[2024-07-25T19:05:22.164+0800][90.533s][gc,heap     ] GC(4846)                Mark Start          Mark End        Relocate Start      Relocate End           High               Low         
[2024-07-25T19:05:22.164+0800][90.533s][gc,heap     ] GC(4846)  Capacity:       16M (100%)         16M (100%)         16M (100%)         16M (100%)         16M (100%)         16M (100%)   
[2024-07-25T19:05:22.164+0800][90.533s][gc,heap     ] GC(4846)      Free:        0M (0%)            0M (0%)            4M (25%)           2M (12%)           6M (38%)           0M (0%)     
[2024-07-25T19:05:22.164+0800][90.533s][gc,heap     ] GC(4846)      Used:       16M (100%)         16M (100%)         12M (75%)          14M (88%)          16M (100%)         10M (62%)    
[2024-07-25T19:05:22.164+0800][90.533s][gc,heap     ] GC(4846)      Live:         -                 8M (54%)           8M (54%)           8M (54%)            -                  -          
[2024-07-25T19:05:22.164+0800][90.533s][gc,heap     ] GC(4846) Allocated:         -                 0M (0%)            2M (12%)           4M (25%)            -                  -          
[2024-07-25T19:05:22.164+0800][90.533s][gc,heap     ] GC(4846)   Garbage:         -                 7M (46%)           1M (8%)            1M (8%)             -                  -          
[2024-07-25T19:05:22.164+0800][90.533s][gc,heap     ] GC(4846) Reclaimed:         -                  -                 6M (38%)           6M (38%)            -                  -          
[2024-07-25T19:05:22.164+0800][90.533s][gc          ] GC(4846) Garbage Collection (Allocation Stall) 16M(100%)->14M(88%)
[2024-07-25T19:05:22.167+0800][90.536s][gc,start    ] GC(4847) Garbage Collection (Allocation Stall)
[2024-07-25T19:05:22.167+0800][90.536s][gc,ref      ] GC(4847) Clearing All SoftReferences
[2024-07-25T19:05:22.167+0800][90.536s][gc,task     ] GC(4847) Using 1 workers
[2024-07-25T19:05:22.167+0800][90.536s][gc,phases   ] GC(4847) Pause Mark Start 0.008ms
[2024-07-25T19:05:22.175+0800][90.544s][gc,phases   ] GC(4847) Concurrent Mark 7.393ms
[2024-07-25T19:05:22.175+0800][90.544s][gc,phases   ] GC(4847) Pause Mark End 0.011ms
[2024-07-25T19:05:22.175+0800][90.544s][gc,phases   ] GC(4847) Concurrent Mark Free 0.001ms
[2024-07-25T19:05:22.177+0800][90.546s][gc,phases   ] GC(4847) Concurrent Process Non-Strong References 1.830ms
[2024-07-25T19:05:22.177+0800][90.546s][gc,phases   ] GC(4847) Concurrent Reset Relocation Set 0.001ms
[2024-07-25T19:05:22.179+0800][90.549s][gc          ] Allocation Stall (main) 12.798ms
[2024-07-25T19:05:22.179+0800][90.549s][gc,phases   ] GC(4847) Concurrent Select Relocation Set 2.740ms
[2024-07-25T19:05:22.180+0800][90.549s][gc,phases   ] GC(4847) Pause Relocate Start 0.008ms
[2024-07-25T19:05:22.180+0800][90.549s][gc,phases   ] GC(4847) Concurrent Relocate 0.120ms
[2024-07-25T19:05:22.180+0800][90.549s][gc,load     ] GC(4847) Load: 0.00/0.00/0.00
[2024-07-25T19:05:22.180+0800][90.549s][gc,mmu      ] GC(4847) MMU: 2ms/88.2%, 5ms/95.3%, 10ms/97.6%, 20ms/98.8%, 50ms/99.4%, 100ms/99.6%
[2024-07-25T19:05:22.180+0800][90.549s][gc,marking  ] GC(4847) Mark: 1 stripe(s), 1 proactive flush(es), 1 terminate flush(es), 0 completion(s), 0 continuation(s) 
[2024-07-25T19:05:22.180+0800][90.549s][gc,marking  ] GC(4847) Mark Stack Usage: 32M
[2024-07-25T19:05:22.180+0800][90.549s][gc,nmethod  ] GC(4847) NMethods: 535 registered, 0 unregistered
[2024-07-25T19:05:22.180+0800][90.549s][gc,metaspace] GC(4847) Metaspace: 1M used, 1M committed, 1088M reserved
[2024-07-25T19:05:22.180+0800][90.549s][gc,ref      ] GC(4847) Soft: 46 encountered, 25 discovered, 0 enqueued
[2024-07-25T19:05:22.180+0800][90.549s][gc,ref      ] GC(4847) Weak: 131 encountered, 107 discovered, 0 enqueued
[2024-07-25T19:05:22.180+0800][90.549s][gc,ref      ] GC(4847) Final: 0 encountered, 0 discovered, 0 enqueued
[2024-07-25T19:05:22.180+0800][90.549s][gc,ref      ] GC(4847) Phantom: 184 encountered, 98 discovered, 0 enqueued
[2024-07-25T19:05:22.180+0800][90.549s][gc,reloc    ] GC(4847) Small Pages: 4 / 8M, Empty: 2M, Relocated: 0M, In-Place: 0
[2024-07-25T19:05:22.180+0800][90.549s][gc,reloc    ] GC(4847) Large Pages: 4 / 8M, Empty: 4M, Relocated: 0M, In-Place: 0
[2024-07-25T19:05:22.180+0800][90.549s][gc,reloc    ] GC(4847) Forwarding Usage: 0M
[2024-07-25T19:05:22.180+0800][90.550s][gc,heap     ] GC(4847) Min Capacity: 8M(50%)
[2024-07-25T19:05:22.180+0800][90.550s][gc,heap     ] GC(4847) Max Capacity: 16M(100%)
[2024-07-25T19:05:22.180+0800][90.550s][gc,heap     ] GC(4847) Soft Max Capacity: 16M(100%)
[2024-07-25T19:05:22.180+0800][90.550s][gc,heap     ] GC(4847)                Mark Start          Mark End        Relocate Start      Relocate End           High               Low         
[2024-07-25T19:05:22.180+0800][90.550s][gc,heap     ] GC(4847)  Capacity:       16M (100%)         16M (100%)         16M (100%)         16M (100%)         16M (100%)         16M (100%)   
[2024-07-25T19:05:22.181+0800][90.550s][gc,heap     ] GC(4847)      Free:        0M (0%)            0M (0%)            2M (12%)           2M (12%)           6M (38%)           0M (0%)     
[2024-07-25T19:05:22.181+0800][90.550s][gc,heap     ] GC(4847)      Used:       16M (100%)         16M (100%)         14M (88%)          14M (88%)          16M (100%)         10M (62%)    
[2024-07-25T19:05:22.181+0800][90.550s][gc,heap     ] GC(4847)      Live:         -                 8M (54%)           8M (54%)           8M (54%)            -                  -          
[2024-07-25T19:05:22.181+0800][90.550s][gc,heap     ] GC(4847) Allocated:         -                 0M (0%)            4M (25%)           4M (25%)            -                  -          
[2024-07-25T19:05:22.181+0800][90.550s][gc,heap     ] GC(4847)   Garbage:         -                 7M (46%)           1M (8%)            1M (8%)             -                  -          
[2024-07-25T19:05:22.181+0800][90.550s][gc,heap     ] GC(4847) Reclaimed:         -                  -                 6M (38%)           6M (38%)            -                  -          
[2024-07-25T19:05:22.181+0800][90.550s][gc          ] GC(4847) Garbage Collection (Allocation Stall) 16M(100%)->14M(88%)
[2024-07-25T19:05:22.186+0800][90.555s][gc,start    ] GC(4848) Garbage Collection (Allocation Stall)
[2024-07-25T19:05:22.186+0800][90.555s][gc,ref      ] GC(4848) Clearing All SoftReferences
[2024-07-25T19:05:22.186+0800][90.555s][gc,task     ] GC(4848) Using 1 workers
[2024-07-25T19:05:22.186+0800][90.555s][gc,phases   ] GC(4848) Pause Mark Start 0.008ms
[2024-07-25T19:05:22.192+0800][90.561s][gc,phases   ] GC(4848) Concurrent Mark 6.246ms
[2024-07-25T19:05:22.192+0800][90.562s][gc,phases   ] GC(4848) Pause Mark End 0.014ms
[2024-07-25T19:05:22.193+0800][90.562s][gc,phases   ] GC(4848) Concurrent Mark Free 0.001ms
[2024-07-25T19:05:22.195+0800][90.564s][gc,phases   ] GC(4848) Concurrent Process Non-Strong References 1.837ms
[2024-07-25T19:05:22.195+0800][90.564s][gc,phases   ] GC(4848) Concurrent Reset Relocation Set 0.001ms
[2024-07-25T19:05:22.197+0800][90.566s][gc          ] Allocation Stall (main) 11.588ms
[2024-07-25T19:05:22.197+0800][90.566s][gc,phases   ] GC(4848) Concurrent Select Relocation Set 2.650ms
[2024-07-25T19:05:22.198+0800][90.567s][gc,phases   ] GC(4848) Pause Relocate Start 0.013ms
[2024-07-25T19:05:22.198+0800][90.567s][gc,phases   ] GC(4848) Concurrent Relocate 0.109ms
[2024-07-25T19:05:22.198+0800][90.567s][gc,load     ] GC(4848) Load: 0.00/0.00/0.00
[2024-07-25T19:05:22.198+0800][90.567s][gc,mmu      ] GC(4848) MMU: 2ms/88.2%, 5ms/95.3%, 10ms/97.6%, 20ms/98.8%, 50ms/99.4%, 100ms/99.6%
[2024-07-25T19:05:22.198+0800][90.567s][gc,marking  ] GC(4848) Mark: 1 stripe(s), 1 proactive flush(es), 1 terminate flush(es), 0 completion(s), 0 continuation(s) 
[2024-07-25T19:05:22.198+0800][90.567s][gc,marking  ] GC(4848) Mark Stack Usage: 32M
[2024-07-25T19:05:22.198+0800][90.567s][gc,nmethod  ] GC(4848) NMethods: 535 registered, 0 unregistered
[2024-07-25T19:05:22.198+0800][90.567s][gc,metaspace] GC(4848) Metaspace: 1M used, 1M committed, 1088M reserved
[2024-07-25T19:05:22.198+0800][90.567s][gc,ref      ] GC(4848) Soft: 46 encountered, 25 discovered, 0 enqueued
[2024-07-25T19:05:22.198+0800][90.567s][gc,ref      ] GC(4848) Weak: 131 encountered, 107 discovered, 0 enqueued
[2024-07-25T19:05:22.198+0800][90.567s][gc,ref      ] GC(4848) Final: 0 encountered, 0 discovered, 0 enqueued
[2024-07-25T19:05:22.198+0800][90.567s][gc,ref      ] GC(4848) Phantom: 184 encountered, 98 discovered, 0 enqueued
[2024-07-25T19:05:22.198+0800][90.567s][gc,reloc    ] GC(4848) Small Pages: 4 / 8M, Empty: 2M, Relocated: 0M, In-Place: 0
[2024-07-25T19:05:22.198+0800][90.567s][gc,reloc    ] GC(4848) Large Pages: 4 / 8M, Empty: 4M, Relocated: 0M, In-Place: 0
[2024-07-25T19:05:22.198+0800][90.567s][gc,reloc    ] GC(4848) Forwarding Usage: 0M
[2024-07-25T19:05:22.198+0800][90.567s][gc,heap     ] GC(4848) Min Capacity: 8M(50%)
[2024-07-25T19:05:22.198+0800][90.567s][gc,heap     ] GC(4848) Max Capacity: 16M(100%)
[2024-07-25T19:05:22.198+0800][90.567s][gc,heap     ] GC(4848) Soft Max Capacity: 16M(100%)
[2024-07-25T19:05:22.198+0800][90.567s][gc,heap     ] GC(4848)                Mark Start          Mark End        Relocate Start      Relocate End           High               Low         
[2024-07-25T19:05:22.198+0800][90.567s][gc,heap     ] GC(4848)  Capacity:       16M (100%)         16M (100%)         16M (100%)         16M (100%)         16M (100%)         16M (100%)   
[2024-07-25T19:05:22.198+0800][90.567s][gc,heap     ] GC(4848)      Free:        0M (0%)            0M (0%)            2M (12%)           2M (12%)           6M (38%)           0M (0%)     
[2024-07-25T19:05:22.198+0800][90.567s][gc,heap     ] GC(4848)      Used:       16M (100%)         16M (100%)         14M (88%)          14M (88%)          16M (100%)         10M (62%)    
[2024-07-25T19:05:22.198+0800][90.568s][gc,heap     ] GC(4848)      Live:         -                 8M (54%)           8M (54%)           8M (54%)            -                  -          
[2024-07-25T19:05:22.198+0800][90.568s][gc,heap     ] GC(4848) Allocated:         -                 0M (0%)            4M (25%)           4M (25%)            -                  -          
[2024-07-25T19:05:22.198+0800][90.568s][gc,heap     ] GC(4848)   Garbage:         -                 7M (46%)           1M (8%)            1M (8%)             -                  -          
[2024-07-25T19:05:22.198+0800][90.568s][gc,heap     ] GC(4848) Reclaimed:         -                  -                 6M (38%)           6M (38%)            -                  -          
[2024-07-25T19:05:22.198+0800][90.568s][gc          ] GC(4848) Garbage Collection (Allocation Stall) 16M(100%)->14M(88%)
[2024-07-25T19:05:22.202+0800][90.571s][gc,start    ] GC(4849) Garbage Collection (Allocation Stall)
[2024-07-25T19:05:22.202+0800][90.571s][gc,ref      ] GC(4849) Clearing All SoftReferences
[2024-07-25T19:05:22.202+0800][90.571s][gc,task     ] GC(4849) Using 1 workers
[2024-07-25T19:05:22.202+0800][90.571s][gc,phases   ] GC(4849) Pause Mark Start 0.009ms
[2024-07-25T19:05:22.209+0800][90.578s][gc,phases   ] GC(4849) Concurrent Mark 7.193ms
[2024-07-25T19:05:22.209+0800][90.579s][gc,phases   ] GC(4849) Pause Mark End 0.011ms
[2024-07-25T19:05:22.210+0800][90.579s][gc,phases   ] GC(4849) Concurrent Mark Free 0.001ms
[2024-07-25T19:05:22.212+0800][90.581s][gc,phases   ] GC(4849) Concurrent Process Non-Strong References 1.947ms
[2024-07-25T19:05:22.212+0800][90.581s][gc,phases   ] GC(4849) Concurrent Reset Relocation Set 0.001ms
[2024-07-25T19:05:22.215+0800][90.584s][gc          ] Allocation Stall (main) 13.646ms
[2024-07-25T19:05:22.215+0800][90.584s][gc,phases   ] GC(4849) Concurrent Select Relocation Set 3.563ms
[2024-07-25T19:05:22.215+0800][90.585s][gc,phases   ] GC(4849) Pause Relocate Start 0.012ms
[2024-07-25T19:05:22.215+0800][90.585s][gc,phases   ] GC(4849) Concurrent Relocate 0.137ms
[2024-07-25T19:05:22.215+0800][90.585s][gc,load     ] GC(4849) Load: 0.00/0.00/0.00
[2024-07-25T19:05:22.215+0800][90.585s][gc,mmu      ] GC(4849) MMU: 2ms/88.2%, 5ms/95.3%, 10ms/97.6%, 20ms/98.8%, 50ms/99.4%, 100ms/99.6%
[2024-07-25T19:05:22.215+0800][90.585s][gc,marking  ] GC(4849) Mark: 1 stripe(s), 1 proactive flush(es), 1 terminate flush(es), 0 completion(s), 0 continuation(s) 
[2024-07-25T19:05:22.215+0800][90.585s][gc,marking  ] GC(4849) Mark Stack Usage: 32M
[2024-07-25T19:05:22.215+0800][90.585s][gc,nmethod  ] GC(4849) NMethods: 535 registered, 0 unregistered
[2024-07-25T19:05:22.216+0800][90.585s][gc,metaspace] GC(4849) Metaspace: 1M used, 1M committed, 1088M reserved
[2024-07-25T19:05:22.216+0800][90.585s][gc,ref      ] GC(4849) Soft: 46 encountered, 25 discovered, 0 enqueued
[2024-07-25T19:05:22.216+0800][90.585s][gc,ref      ] GC(4849) Weak: 131 encountered, 107 discovered, 0 enqueued
[2024-07-25T19:05:22.216+0800][90.586s][gc,ref      ] GC(4849) Final: 0 encountered, 0 discovered, 0 enqueued
[2024-07-25T19:05:22.216+0800][90.586s][gc,ref      ] GC(4849) Phantom: 184 encountered, 98 discovered, 0 enqueued
[2024-07-25T19:05:22.216+0800][90.586s][gc,reloc    ] GC(4849) Small Pages: 4 / 8M, Empty: 2M, Relocated: 0M, In-Place: 0
[2024-07-25T19:05:22.216+0800][90.586s][gc,reloc    ] GC(4849) Large Pages: 4 / 8M, Empty: 4M, Relocated: 0M, In-Place: 0
[2024-07-25T19:05:22.216+0800][90.586s][gc,reloc    ] GC(4849) Forwarding Usage: 0M
[2024-07-25T19:05:22.216+0800][90.586s][gc,heap     ] GC(4849) Min Capacity: 8M(50%)
[2024-07-25T19:05:22.216+0800][90.586s][gc,heap     ] GC(4849) Max Capacity: 16M(100%)
[2024-07-25T19:05:22.216+0800][90.586s][gc,heap     ] GC(4849) Soft Max Capacity: 16M(100%)
[2024-07-25T19:05:22.216+0800][90.586s][gc,heap     ] GC(4849)                Mark Start          Mark End        Relocate Start      Relocate End           High               Low         
[2024-07-25T19:05:22.216+0800][90.586s][gc,heap     ] GC(4849)  Capacity:       16M (100%)         16M (100%)         16M (100%)         16M (100%)         16M (100%)         16M (100%)   
[2024-07-25T19:05:22.216+0800][90.586s][gc,heap     ] GC(4849)      Free:        0M (0%)            0M (0%)            4M (25%)           4M (25%)           6M (38%)           0M (0%)     
[2024-07-25T19:05:22.216+0800][90.586s][gc,heap     ] GC(4849)      Used:       16M (100%)         16M (100%)         12M (75%)          12M (75%)          16M (100%)         10M (62%)    
[2024-07-25T19:05:22.216+0800][90.586s][gc,heap     ] GC(4849)      Live:         -                 8M (54%)           8M (54%)           8M (54%)            -                  -          
[2024-07-25T19:05:22.216+0800][90.586s][gc,heap     ] GC(4849) Allocated:         -                 0M (0%)            2M (12%)           2M (12%)            -                  -          
[2024-07-25T19:05:22.216+0800][90.586s][gc,heap     ] GC(4849)   Garbage:         -                 7M (46%)           1M (8%)            1M (8%)             -                  -          
[2024-07-25T19:05:22.216+0800][90.586s][gc,heap     ] GC(4849) Reclaimed:         -                  -                 6M (38%)           6M (38%)            -                  -          
[2024-07-25T19:05:22.216+0800][90.586s][gc          ] GC(4849) Garbage Collection (Allocation Stall) 16M(100%)->12M(75%)
[2024-07-25T19:05:22.218+0800][90.588s][gc,start    ] GC(4850) Garbage Collection (Allocation Rate)
[2024-07-25T19:05:22.218+0800][90.588s][gc,task     ] GC(4850) Using 1 workers
[2024-07-25T19:05:22.218+0800][90.588s][gc,phases   ] GC(4850) Pause Mark Start 0.011ms
[2024-07-25T19:05:22.227+0800][90.596s][gc,phases   ] GC(4850) Concurrent Mark 8.031ms
[2024-07-25T19:05:22.227+0800][90.596s][gc,phases   ] GC(4850) Pause Mark End 0.014ms
[2024-07-25T19:05:22.227+0800][90.596s][gc,phases   ] GC(4850) Concurrent Mark Free 0.001ms
[2024-07-25T19:05:22.229+0800][90.599s][gc,phases   ] GC(4850) Concurrent Process Non-Strong References 2.236ms
[2024-07-25T19:05:22.229+0800][90.599s][gc,phases   ] GC(4850) Concurrent Reset Relocation Set 0.001ms
[2024-07-25T19:05:22.233+0800][90.602s][gc          ] Allocation Stall (main) 14.042ms
[2024-07-25T19:05:22.233+0800][90.603s][gc,phases   ] GC(4850) Concurrent Select Relocation Set 3.757ms
[2024-07-25T19:05:22.233+0800][90.603s][gc,phases   ] GC(4850) Pause Relocate Start 0.010ms
[2024-07-25T19:05:22.236+0800][90.605s][gc,phases   ] GC(4850) Concurrent Relocate 2.227ms
[2024-07-25T19:05:22.236+0800][90.605s][gc          ] Allocation Stall (main) 0.209ms
[2024-07-25T19:05:22.236+0800][90.605s][gc,load     ] GC(4850) Load: 0.00/0.00/0.00
[2024-07-25T19:05:22.236+0800][90.606s][gc,mmu      ] GC(4850) MMU: 2ms/88.2%, 5ms/95.3%, 10ms/97.6%, 20ms/98.8%, 50ms/99.4%, 100ms/99.6%
[2024-07-25T19:05:22.236+0800][90.606s][gc,marking  ] GC(4850) Mark: 1 stripe(s), 1 proactive flush(es), 1 terminate flush(es), 0 completion(s), 0 continuation(s) 
[2024-07-25T19:05:22.236+0800][90.606s][gc,marking  ] GC(4850) Mark Stack Usage: 32M
[2024-07-25T19:05:22.236+0800][90.606s][gc,nmethod  ] GC(4850) NMethods: 535 registered, 0 unregistered
[2024-07-25T19:05:22.236+0800][90.606s][gc,metaspace] GC(4850) Metaspace: 1M used, 1M committed, 1088M reserved
[2024-07-25T19:05:22.236+0800][90.606s][gc,ref      ] GC(4850) Soft: 46 encountered, 25 discovered, 0 enqueued
[2024-07-25T19:05:22.236+0800][90.606s][gc,ref      ] GC(4850) Weak: 131 encountered, 107 discovered, 0 enqueued
[2024-07-25T19:05:22.237+0800][90.606s][gc,ref      ] GC(4850) Final: 0 encountered, 0 discovered, 0 enqueued
[2024-07-25T19:05:22.237+0800][90.606s][gc,ref      ] GC(4850) Phantom: 184 encountered, 98 discovered, 0 enqueued
[2024-07-25T19:05:22.237+0800][90.606s][gc,reloc    ] GC(4850) Small Pages: 4 / 8M, Empty: 0M, Relocated: 1M, In-Place: 1
[2024-07-25T19:05:22.237+0800][90.606s][gc,reloc    ] GC(4850) Large Pages: 4 / 8M, Empty: 4M, Relocated: 0M, In-Place: 0
[2024-07-25T19:05:22.237+0800][90.606s][gc,reloc    ] GC(4850) Forwarding Usage: 0M
[2024-07-25T19:05:22.237+0800][90.606s][gc,heap     ] GC(4850) Min Capacity: 8M(50%)
[2024-07-25T19:05:22.237+0800][90.606s][gc,heap     ] GC(4850) Max Capacity: 16M(100%)
[2024-07-25T19:05:22.237+0800][90.606s][gc,heap     ] GC(4850) Soft Max Capacity: 16M(100%)
[2024-07-25T19:05:22.237+0800][90.606s][gc,heap     ] GC(4850)                Mark Start          Mark End        Relocate Start      Relocate End           High               Low         
[2024-07-25T19:05:22.237+0800][90.606s][gc,heap     ] GC(4850)  Capacity:       16M (100%)         16M (100%)         16M (100%)         16M (100%)         16M (100%)         16M (100%)   
[2024-07-25T19:05:22.237+0800][90.606s][gc,heap     ] GC(4850)      Free:        0M (0%)            0M (0%)            0M (0%)            0M (0%)            4M (25%)           0M (0%)     
[2024-07-25T19:05:22.237+0800][90.606s][gc,heap     ] GC(4850)      Used:       16M (100%)         16M (100%)         16M (100%)         16M (100%)         16M (100%)         12M (75%)    
[2024-07-25T19:05:22.237+0800][90.606s][gc,heap     ] GC(4850)      Live:         -                 8M (54%)           8M (54%)           8M (54%)            -                  -          
[2024-07-25T19:05:22.237+0800][90.606s][gc,heap     ] GC(4850) Allocated:         -                 0M (0%)            4M (25%)           5M (37%)            -                  -          
[2024-07-25T19:05:22.237+0800][90.606s][gc,heap     ] GC(4850)   Garbage:         -                 7M (46%)           3M (21%)           1M (8%)             -                  -          
[2024-07-25T19:05:22.237+0800][90.606s][gc,heap     ] GC(4850) Reclaimed:         -                  -                 4M (25%)           5M (37%)            -                  -          
[2024-07-25T19:05:22.237+0800][90.606s][gc          ] GC(4850) Garbage Collection (Allocation Rate) 16M(100%)->16M(100%)
[2024-07-25T19:05:22.240+0800][90.609s][gc,start    ] GC(4851) Garbage Collection (Allocation Stall)
[2024-07-25T19:05:22.240+0800][90.609s][gc,ref      ] GC(4851) Clearing All SoftReferences
[2024-07-25T19:05:22.240+0800][90.609s][gc,task     ] GC(4851) Using 1 workers
[2024-07-25T19:05:22.240+0800][90.609s][gc,phases   ] GC(4851) Pause Mark Start 0.010ms
[2024-07-25T19:05:22.251+0800][90.620s][gc,phases   ] GC(4851) Concurrent Mark 10.792ms
[2024-07-25T19:05:22.251+0800][90.621s][gc,phases   ] GC(4851) Pause Mark End 0.014ms
[2024-07-25T19:05:22.251+0800][90.621s][gc,phases   ] GC(4851) Concurrent Mark Free 0.001ms
[2024-07-25T19:05:22.254+0800][90.623s][gc,phases   ] GC(4851) Concurrent Process Non-Strong References 2.526ms
[2024-07-25T19:05:22.254+0800][90.623s][gc,phases   ] GC(4851) Concurrent Reset Relocation Set 0.002ms
[2024-07-25T19:05:22.258+0800][90.627s][gc          ] Allocation Stall (main) 18.115ms
[2024-07-25T19:05:22.258+0800][90.627s][gc,phases   ] GC(4851) Concurrent Select Relocation Set 3.844ms
[2024-07-25T19:05:22.258+0800][90.627s][gc,phases   ] GC(4851) Pause Relocate Start 0.010ms
[2024-07-25T19:05:22.261+0800][90.630s][gc          ] Allocation Stall (main) 0.793ms
[2024-07-25T19:05:22.261+0800][90.630s][gc,phases   ] GC(4851) Concurrent Relocate 2.325ms
[2024-07-25T19:05:22.261+0800][90.630s][gc,load     ] GC(4851) Load: 0.00/0.00/0.00
[2024-07-25T19:05:22.261+0800][90.630s][gc,mmu      ] GC(4851) MMU: 2ms/88.2%, 5ms/95.3%, 10ms/97.6%, 20ms/98.8%, 50ms/99.4%, 100ms/99.6%
[2024-07-25T19:05:22.261+0800][90.630s][gc,marking  ] GC(4851) Mark: 1 stripe(s), 1 proactive flush(es), 1 terminate flush(es), 0 completion(s), 0 continuation(s) 
[2024-07-25T19:05:22.261+0800][90.630s][gc,marking  ] GC(4851) Mark Stack Usage: 32M
[2024-07-25T19:05:22.261+0800][90.630s][gc,nmethod  ] GC(4851) NMethods: 535 registered, 0 unregistered
[2024-07-25T19:05:22.261+0800][90.630s][gc,metaspace] GC(4851) Metaspace: 1M used, 1M committed, 1088M reserved
[2024-07-25T19:05:22.261+0800][90.630s][gc,ref      ] GC(4851) Soft: 46 encountered, 25 discovered, 0 enqueued
[2024-07-25T19:05:22.261+0800][90.630s][gc,ref      ] GC(4851) Weak: 131 encountered, 107 discovered, 0 enqueued
[2024-07-25T19:05:22.261+0800][90.630s][gc,ref      ] GC(4851) Final: 0 encountered, 0 discovered, 0 enqueued
[2024-07-25T19:05:22.261+0800][90.630s][gc,ref      ] GC(4851) Phantom: 184 encountered, 98 discovered, 0 enqueued
[2024-07-25T19:05:22.261+0800][90.631s][gc,reloc    ] GC(4851) Small Pages: 4 / 8M, Empty: 0M, Relocated: 1M, In-Place: 1
[2024-07-25T19:05:22.261+0800][90.631s][gc,reloc    ] GC(4851) Large Pages: 4 / 8M, Empty: 4M, Relocated: 0M, In-Place: 0
[2024-07-25T19:05:22.261+0800][90.631s][gc,reloc    ] GC(4851) Forwarding Usage: 0M
[2024-07-25T19:05:22.261+0800][90.631s][gc,heap     ] GC(4851) Min Capacity: 8M(50%)
[2024-07-25T19:05:22.261+0800][90.631s][gc,heap     ] GC(4851) Max Capacity: 16M(100%)
[2024-07-25T19:05:22.261+0800][90.631s][gc,heap     ] GC(4851) Soft Max Capacity: 16M(100%)
[2024-07-25T19:05:22.261+0800][90.631s][gc,heap     ] GC(4851)                Mark Start          Mark End        Relocate Start      Relocate End           High               Low         
[2024-07-25T19:05:22.261+0800][90.631s][gc,heap     ] GC(4851)  Capacity:       16M (100%)         16M (100%)         16M (100%)         16M (100%)         16M (100%)         16M (100%)   
[2024-07-25T19:05:22.261+0800][90.631s][gc,heap     ] GC(4851)      Free:        0M (0%)            0M (0%)            0M (0%)            0M (0%)            4M (25%)           0M (0%)     
[2024-07-25T19:05:22.261+0800][90.631s][gc,heap     ] GC(4851)      Used:       16M (100%)         16M (100%)         16M (100%)         16M (100%)         16M (100%)         12M (75%)    
[2024-07-25T19:05:22.262+0800][90.631s][gc,heap     ] GC(4851)      Live:         -                 8M (54%)           8M (54%)           8M (54%)            -                  -          
[2024-07-25T19:05:22.262+0800][90.631s][gc,heap     ] GC(4851) Allocated:         -                 0M (0%)            4M (25%)           6M (38%)            -                  -          
[2024-07-25T19:05:22.262+0800][90.631s][gc,heap     ] GC(4851)   Garbage:         -                 7M (46%)           3M (21%)           1M (8%)             -                  -          
[2024-07-25T19:05:22.262+0800][90.631s][gc,heap     ] GC(4851) Reclaimed:         -                  -                 4M (25%)           6M (38%)            -                  -          
[2024-07-25T19:05:22.262+0800][90.631s][gc          ] GC(4851) Garbage Collection (Allocation Stall) 16M(100%)->16M(100%)
[2024-07-25T19:05:22.265+0800][90.634s][gc,start    ] GC(4852) Garbage Collection (Allocation Stall)
[2024-07-25T19:05:22.265+0800][90.634s][gc,ref      ] GC(4852) Clearing All SoftReferences
[2024-07-25T19:05:22.265+0800][90.634s][gc,task     ] GC(4852) Using 1 workers
[2024-07-25T19:05:22.265+0800][90.634s][gc,phases   ] GC(4852) Pause Mark Start 0.010ms
[2024-07-25T19:05:22.276+0800][90.646s][gc,phases   ] GC(4852) Concurrent Mark 11.006ms
[2024-07-25T19:05:22.276+0800][90.646s][gc,phases   ] GC(4852) Pause Mark End 0.014ms
[2024-07-25T19:05:22.276+0800][90.646s][gc,phases   ] GC(4852) Concurrent Mark Free 0.001ms
[2024-07-25T19:05:22.279+0800][90.648s][gc,phases   ] GC(4852) Concurrent Process Non-Strong References 2.461ms
[2024-07-25T19:05:22.279+0800][90.648s][gc,phases   ] GC(4852) Concurrent Reset Relocation Set 0.002ms
[2024-07-25T19:05:22.282+0800][90.652s][gc          ] Allocation Stall (main) 17.868ms
[2024-07-25T19:05:22.282+0800][90.652s][gc,phases   ] GC(4852) Concurrent Select Relocation Set 3.470ms
[2024-07-25T19:05:22.283+0800][90.652s][gc,phases   ] GC(4852) Pause Relocate Start 0.011ms
[2024-07-25T19:05:22.283+0800][90.652s][gc,phases   ] GC(4852) Concurrent Relocate 0.059ms
[2024-07-25T19:05:22.283+0800][90.652s][gc,load     ] GC(4852) Load: 0.00/0.00/0.00
[2024-07-25T19:05:22.283+0800][90.653s][gc,mmu      ] GC(4852) MMU: 2ms/88.2%, 5ms/95.3%, 10ms/97.6%, 20ms/98.8%, 50ms/99.4%, 100ms/99.6%
[2024-07-25T19:05:22.283+0800][90.653s][gc,marking  ] GC(4852) Mark: 1 stripe(s), 1 proactive flush(es), 1 terminate flush(es), 0 completion(s), 0 continuation(s) 
[2024-07-25T19:05:22.283+0800][90.653s][gc,marking  ] GC(4852) Mark Stack Usage: 32M
[2024-07-25T19:05:22.283+0800][90.653s][gc,nmethod  ] GC(4852) NMethods: 535 registered, 0 unregistered
[2024-07-25T19:05:22.283+0800][90.653s][gc,metaspace] GC(4852) Metaspace: 1M used, 1M committed, 1088M reserved
[2024-07-25T19:05:22.283+0800][90.653s][gc,ref      ] GC(4852) Soft: 46 encountered, 25 discovered, 0 enqueued
[2024-07-25T19:05:22.283+0800][90.653s][gc,ref      ] GC(4852) Weak: 131 encountered, 107 discovered, 0 enqueued
[2024-07-25T19:05:22.283+0800][90.653s][gc,ref      ] GC(4852) Final: 0 encountered, 0 discovered, 0 enqueued
[2024-07-25T19:05:22.283+0800][90.653s][gc,ref      ] GC(4852) Phantom: 184 encountered, 98 discovered, 0 enqueued
[2024-07-25T19:05:22.283+0800][90.653s][gc,reloc    ] GC(4852) Small Pages: 4 / 8M, Empty: 2M, Relocated: 0M, In-Place: 0
[2024-07-25T19:05:22.283+0800][90.653s][gc,reloc    ] GC(4852) Large Pages: 4 / 8M, Empty: 4M, Relocated: 0M, In-Place: 0
[2024-07-25T19:05:22.283+0800][90.653s][gc,reloc    ] GC(4852) Forwarding Usage: 0M
[2024-07-25T19:05:22.283+0800][90.653s][gc,heap     ] GC(4852) Min Capacity: 8M(50%)
[2024-07-25T19:05:22.283+0800][90.653s][gc,heap     ] GC(4852) Max Capacity: 16M(100%)
[2024-07-25T19:05:22.283+0800][90.653s][gc,heap     ] GC(4852) Soft Max Capacity: 16M(100%)
[2024-07-25T19:05:22.283+0800][90.653s][gc,heap     ] GC(4852)                Mark Start          Mark End        Relocate Start      Relocate End           High               Low         
[2024-07-25T19:05:22.283+0800][90.653s][gc,heap     ] GC(4852)  Capacity:       16M (100%)         16M (100%)         16M (100%)         16M (100%)         16M (100%)         16M (100%)   
[2024-07-25T19:05:22.283+0800][90.653s][gc,heap     ] GC(4852)      Free:        0M (0%)            0M (0%)            2M (12%)           2M (12%)           6M (38%)           0M (0%)     
[2024-07-25T19:05:22.283+0800][90.653s][gc,heap     ] GC(4852)      Used:       16M (100%)         16M (100%)         14M (88%)          14M (88%)          16M (100%)         10M (62%)    
[2024-07-25T19:05:22.283+0800][90.653s][gc,heap     ] GC(4852)      Live:         -                 8M (54%)           8M (54%)           8M (54%)            -                  -          
[2024-07-25T19:05:22.284+0800][90.653s][gc,heap     ] GC(4852) Allocated:         -                 0M (0%)            4M (25%)           4M (25%)            -                  -          
[2024-07-25T19:05:22.284+0800][90.653s][gc,heap     ] GC(4852)   Garbage:         -                 7M (46%)           1M (8%)            1M (8%)             -                  -          
[2024-07-25T19:05:22.284+0800][90.653s][gc,heap     ] GC(4852) Reclaimed:         -                  -                 6M (38%)           6M (38%)            -                  -          
[2024-07-25T19:05:22.284+0800][90.653s][gc          ] GC(4852) Garbage Collection (Allocation Stall) 16M(100%)->14M(88%)
[2024-07-25T19:05:22.287+0800][90.656s][gc,start    ] GC(4853) Garbage Collection (Allocation Stall)
[2024-07-25T19:05:22.287+0800][90.656s][gc,ref      ] GC(4853) Clearing All SoftReferences
[2024-07-25T19:05:22.287+0800][90.657s][gc,task     ] GC(4853) Using 1 workers
[2024-07-25T19:05:22.287+0800][90.657s][gc,phases   ] GC(4853) Pause Mark Start 0.010ms
[2024-07-25T19:05:22.297+0800][90.666s][gc,phases   ] GC(4853) Concurrent Mark 9.456ms
[2024-07-25T19:05:22.297+0800][90.667s][gc,phases   ] GC(4853) Pause Mark End 0.015ms
[2024-07-25T19:05:22.297+0800][90.667s][gc,phases   ] GC(4853) Concurrent Mark Free 0.002ms
[2024-07-25T19:05:22.300+0800][90.669s][gc,phases   ] GC(4853) Concurrent Process Non-Strong References 2.195ms
[2024-07-25T19:05:22.300+0800][90.669s][gc,phases   ] GC(4853) Concurrent Reset Relocation Set 0.001ms
[2024-07-25T19:05:22.304+0800][90.673s][gc,phases   ] GC(4853) Concurrent Select Relocation Set 4.179ms
[2024-07-25T19:05:22.304+0800][90.673s][gc          ] Allocation Stall (main) 16.950ms
[2024-07-25T19:05:22.304+0800][90.674s][gc,phases   ] GC(4853) Pause Relocate Start 0.012ms
[2024-07-25T19:05:22.304+0800][90.674s][gc,phases   ] GC(4853) Concurrent Relocate 0.147ms
[2024-07-25T19:05:22.304+0800][90.674s][gc,load     ] GC(4853) Load: 0.00/0.00/0.00
[2024-07-25T19:05:22.304+0800][90.674s][gc,mmu      ] GC(4853) MMU: 2ms/88.2%, 5ms/95.3%, 10ms/97.6%, 20ms/98.8%, 50ms/99.4%, 100ms/99.6%
[2024-07-25T19:05:22.304+0800][90.674s][gc,marking  ] GC(4853) Mark: 1 stripe(s), 1 proactive flush(es), 1 terminate flush(es), 0 completion(s), 0 continuation(s) 
[2024-07-25T19:05:22.304+0800][90.674s][gc,marking  ] GC(4853) Mark Stack Usage: 32M
[2024-07-25T19:05:22.304+0800][90.674s][gc,nmethod  ] GC(4853) NMethods: 535 registered, 0 unregistered
[2024-07-25T19:05:22.305+0800][90.674s][gc,metaspace] GC(4853) Metaspace: 1M used, 1M committed, 1088M reserved
[2024-07-25T19:05:22.305+0800][90.674s][gc,ref      ] GC(4853) Soft: 46 encountered, 25 discovered, 0 enqueued
[2024-07-25T19:05:22.305+0800][90.674s][gc,ref      ] GC(4853) Weak: 131 encountered, 107 discovered, 0 enqueued
[2024-07-25T19:05:22.305+0800][90.674s][gc,ref      ] GC(4853) Final: 0 encountered, 0 discovered, 0 enqueued
[2024-07-25T19:05:22.305+0800][90.674s][gc,ref      ] GC(4853) Phantom: 184 encountered, 98 discovered, 0 enqueued
[2024-07-25T19:05:22.305+0800][90.674s][gc,reloc    ] GC(4853) Small Pages: 4 / 8M, Empty: 2M, Relocated: 0M, In-Place: 0
[2024-07-25T19:05:22.305+0800][90.674s][gc,reloc    ] GC(4853) Large Pages: 4 / 8M, Empty: 4M, Relocated: 0M, In-Place: 0
[2024-07-25T19:05:22.305+0800][90.674s][gc,reloc    ] GC(4853) Forwarding Usage: 0M
[2024-07-25T19:05:22.305+0800][90.674s][gc,heap     ] GC(4853) Min Capacity: 8M(50%)
[2024-07-25T19:05:22.305+0800][90.675s][gc,heap     ] GC(4853) Max Capacity: 16M(100%)
[2024-07-25T19:05:22.305+0800][90.675s][gc,heap     ] GC(4853) Soft Max Capacity: 16M(100%)
[2024-07-25T19:05:22.305+0800][90.675s][gc,heap     ] GC(4853)                Mark Start          Mark End        Relocate Start      Relocate End           High               Low         
[2024-07-25T19:05:22.305+0800][90.675s][gc,heap     ] GC(4853)  Capacity:       16M (100%)         16M (100%)         16M (100%)         16M (100%)         16M (100%)         16M (100%)   
[2024-07-25T19:05:22.305+0800][90.675s][gc,heap     ] GC(4853)      Free:        0M (0%)            0M (0%)            4M (25%)           2M (12%)           6M (38%)           0M (0%)     
[2024-07-25T19:05:22.305+0800][90.675s][gc,heap     ] GC(4853)      Used:       16M (100%)         16M (100%)         12M (75%)          14M (88%)          16M (100%)         10M (62%)    
[2024-07-25T19:05:22.305+0800][90.675s][gc,heap     ] GC(4853)      Live:         -                 8M (54%)           8M (54%)           8M (54%)            -                  -          
[2024-07-25T19:05:22.305+0800][90.675s][gc,heap     ] GC(4853) Allocated:         -                 0M (0%)            2M (12%)           4M (25%)            -                  -          
[2024-07-25T19:05:22.305+0800][90.675s][gc,heap     ] GC(4853)   Garbage:         -                 7M (46%)           1M (8%)            1M (8%)             -                  -          
[2024-07-25T19:05:22.305+0800][90.675s][gc,heap     ] GC(4853) Reclaimed:         -                  -                 6M (38%)           6M (38%)            -                  -          
[2024-07-25T19:05:22.305+0800][90.675s][gc          ] GC(4853) Garbage Collection (Allocation Stall) 16M(100%)->14M(88%)
[2024-07-25T19:05:22.309+0800][90.678s][gc,start    ] GC(4854) Garbage Collection (Allocation Stall)
[2024-07-25T19:05:22.309+0800][90.679s][gc,ref      ] GC(4854) Clearing All SoftReferences
[2024-07-25T19:05:22.309+0800][90.679s][gc,task     ] GC(4854) Using 1 workers
[2024-07-25T19:05:22.309+0800][90.679s][gc,phases   ] GC(4854) Pause Mark Start 0.011ms
[2024-07-25T19:05:22.318+0800][90.687s][gc,phases   ] GC(4854) Concurrent Mark 8.088ms
[2024-07-25T19:05:22.318+0800][90.687s][gc,phases   ] GC(4854) Pause Mark End 0.016ms
[2024-07-25T19:05:22.318+0800][90.687s][gc,phases   ] GC(4854) Concurrent Mark Free 0.002ms
[2024-07-25T19:05:22.320+0800][90.690s][gc,phases   ] GC(4854) Concurrent Process Non-Strong References 2.352ms
[2024-07-25T19:05:22.320+0800][90.690s][gc,phases   ] GC(4854) Concurrent Reset Relocation Set 0.001ms
[2024-07-25T19:05:22.325+0800][90.694s][gc          ] Allocation Stall (main) 15.508ms
[2024-07-25T19:05:22.325+0800][90.694s][gc,phases   ] GC(4854) Concurrent Select Relocation Set 3.932ms
[2024-07-25T19:05:22.325+0800][90.694s][gc,phases   ] GC(4854) Pause Relocate Start 0.014ms
[2024-07-25T19:05:22.325+0800][90.695s][gc,phases   ] GC(4854) Concurrent Relocate 0.114ms
[2024-07-25T19:05:22.325+0800][90.695s][gc,load     ] GC(4854) Load: 0.00/0.00/0.00
[2024-07-25T19:05:22.325+0800][90.695s][gc,mmu      ] GC(4854) MMU: 2ms/88.2%, 5ms/95.3%, 10ms/97.6%, 20ms/98.8%, 50ms/99.4%, 100ms/99.6%
[2024-07-25T19:05:22.325+0800][90.695s][gc,marking  ] GC(4854) Mark: 1 stripe(s), 1 proactive flush(es), 1 terminate flush(es), 0 completion(s), 0 continuation(s) 
[2024-07-25T19:05:22.325+0800][90.695s][gc,marking  ] GC(4854) Mark Stack Usage: 32M
[2024-07-25T19:05:22.325+0800][90.695s][gc,nmethod  ] GC(4854) NMethods: 535 registered, 0 unregistered
[2024-07-25T19:05:22.325+0800][90.695s][gc,metaspace] GC(4854) Metaspace: 1M used, 1M committed, 1088M reserved
[2024-07-25T19:05:22.325+0800][90.695s][gc,ref      ] GC(4854) Soft: 46 encountered, 25 discovered, 0 enqueued
[2024-07-25T19:05:22.326+0800][90.695s][gc,ref      ] GC(4854) Weak: 131 encountered, 107 discovered, 0 enqueued
[2024-07-25T19:05:22.326+0800][90.695s][gc,ref      ] GC(4854) Final: 0 encountered, 0 discovered, 0 enqueued
[2024-07-25T19:05:22.326+0800][90.695s][gc,ref      ] GC(4854) Phantom: 184 encountered, 98 discovered, 0 enqueued
[2024-07-25T19:05:22.326+0800][90.695s][gc,reloc    ] GC(4854) Small Pages: 4 / 8M, Empty: 2M, Relocated: 0M, In-Place: 0
[2024-07-25T19:05:22.326+0800][90.695s][gc,reloc    ] GC(4854) Large Pages: 4 / 8M, Empty: 4M, Relocated: 0M, In-Place: 0
[2024-07-25T19:05:22.326+0800][90.695s][gc,reloc    ] GC(4854) Forwarding Usage: 0M
[2024-07-25T19:05:22.326+0800][90.695s][gc,heap     ] GC(4854) Min Capacity: 8M(50%)
[2024-07-25T19:05:22.326+0800][90.695s][gc,heap     ] GC(4854) Max Capacity: 16M(100%)
[2024-07-25T19:05:22.326+0800][90.695s][gc,heap     ] GC(4854) Soft Max Capacity: 16M(100%)
[2024-07-25T19:05:22.326+0800][90.695s][gc,heap     ] GC(4854)                Mark Start          Mark End        Relocate Start      Relocate End           High               Low         
[2024-07-25T19:05:22.326+0800][90.695s][gc,heap     ] GC(4854)  Capacity:       16M (100%)         16M (100%)         16M (100%)         16M (100%)         16M (100%)         16M (100%)   
[2024-07-25T19:05:22.326+0800][90.695s][gc,heap     ] GC(4854)      Free:        0M (0%)            0M (0%)            2M (12%)           2M (12%)           6M (38%)           0M (0%)     
[2024-07-25T19:05:22.326+0800][90.695s][gc,heap     ] GC(4854)      Used:       16M (100%)         16M (100%)         14M (88%)          14M (88%)          16M (100%)         10M (62%)    
[2024-07-25T19:05:22.326+0800][90.695s][gc,heap     ] GC(4854)      Live:         -                 8M (54%)           8M (54%)           8M (54%)            -                  -          
[2024-07-25T19:05:22.326+0800][90.696s][gc,heap     ] GC(4854) Allocated:         -                 0M (0%)            4M (25%)           4M (25%)            -                  -          
[2024-07-25T19:05:22.326+0800][90.696s][gc,heap     ] GC(4854)   Garbage:         -                 7M (46%)           1M (8%)            1M (8%)             -                  -          
[2024-07-25T19:05:22.326+0800][90.696s][gc,heap     ] GC(4854) Reclaimed:         -                  -                 6M (38%)           6M (38%)            -                  -          
[2024-07-25T19:05:22.326+0800][90.696s][gc          ] GC(4854) Garbage Collection (Allocation Stall) 16M(100%)->14M(88%)
[2024-07-25T19:05:22.329+0800][90.698s][gc,start    ] GC(4855) Garbage Collection (Allocation Stall)
[2024-07-25T19:05:22.329+0800][90.698s][gc,ref      ] GC(4855) Clearing All SoftReferences
[2024-07-25T19:05:22.329+0800][90.698s][gc,task     ] GC(4855) Using 1 workers
[2024-07-25T19:05:22.329+0800][90.698s][gc,phases   ] GC(4855) Pause Mark Start 0.017ms
[2024-07-25T19:05:22.338+0800][90.707s][gc,phases   ] GC(4855) Concurrent Mark 8.251ms
[2024-07-25T19:05:22.338+0800][90.707s][gc,phases   ] GC(4855) Pause Mark End 0.015ms
[2024-07-25T19:05:22.338+0800][90.707s][gc,phases   ] GC(4855) Concurrent Mark Free 0.002ms
[2024-07-25T19:05:22.340+0800][90.710s][gc,phases   ] GC(4855) Concurrent Process Non-Strong References 2.489ms
[2024-07-25T19:05:22.341+0800][90.710s][gc,phases   ] GC(4855) Concurrent Reset Relocation Set 0.001ms
[2024-07-25T19:05:22.345+0800][90.714s][gc          ] Allocation Stall (main) 16.069ms
[2024-07-25T19:05:22.345+0800][90.714s][gc,phases   ] GC(4855) Concurrent Select Relocation Set 4.151ms
[2024-07-25T19:05:22.345+0800][90.715s][gc,phases   ] GC(4855) Pause Relocate Start 0.017ms
[2024-07-25T19:05:22.345+0800][90.715s][gc,phases   ] GC(4855) Concurrent Relocate 0.079ms
[2024-07-25T19:05:22.345+0800][90.715s][gc,load     ] GC(4855) Load: 0.00/0.00/0.00
[2024-07-25T19:05:22.346+0800][90.715s][gc,mmu      ] GC(4855) MMU: 2ms/88.2%, 5ms/95.3%, 10ms/97.6%, 20ms/98.8%, 50ms/99.4%, 100ms/99.6%
[2024-07-25T19:05:22.346+0800][90.715s][gc,marking  ] GC(4855) Mark: 1 stripe(s), 1 proactive flush(es), 1 terminate flush(es), 0 completion(s), 0 continuation(s) 
[2024-07-25T19:05:22.346+0800][90.715s][gc,marking  ] GC(4855) Mark Stack Usage: 32M
[2024-07-25T19:05:22.346+0800][90.715s][gc,nmethod  ] GC(4855) NMethods: 535 registered, 0 unregistered
[2024-07-25T19:05:22.346+0800][90.715s][gc,metaspace] GC(4855) Metaspace: 1M used, 1M committed, 1088M reserved
[2024-07-25T19:05:22.346+0800][90.715s][gc,ref      ] GC(4855) Soft: 46 encountered, 25 discovered, 0 enqueued
[2024-07-25T19:05:22.346+0800][90.715s][gc,ref      ] GC(4855) Weak: 131 encountered, 107 discovered, 0 enqueued
[2024-07-25T19:05:22.346+0800][90.715s][gc,ref      ] GC(4855) Final: 0 encountered, 0 discovered, 0 enqueued
[2024-07-25T19:05:22.346+0800][90.715s][gc,ref      ] GC(4855) Phantom: 184 encountered, 98 discovered, 0 enqueued
[2024-07-25T19:05:22.346+0800][90.715s][gc,reloc    ] GC(4855) Small Pages: 4 / 8M, Empty: 2M, Relocated: 0M, In-Place: 0
[2024-07-25T19:05:22.346+0800][90.715s][gc,reloc    ] GC(4855) Large Pages: 4 / 8M, Empty: 4M, Relocated: 0M, In-Place: 0
[2024-07-25T19:05:22.346+0800][90.715s][gc,reloc    ] GC(4855) Forwarding Usage: 0M
[2024-07-25T19:05:22.346+0800][90.715s][gc,heap     ] GC(4855) Min Capacity: 8M(50%)
[2024-07-25T19:05:22.346+0800][90.715s][gc,heap     ] GC(4855) Max Capacity: 16M(100%)
[2024-07-25T19:05:22.346+0800][90.715s][gc,heap     ] GC(4855) Soft Max Capacity: 16M(100%)
[2024-07-25T19:05:22.346+0800][90.715s][gc,heap     ] GC(4855)                Mark Start          Mark End        Relocate Start      Relocate End           High               Low         
[2024-07-25T19:05:22.346+0800][90.716s][gc,heap     ] GC(4855)  Capacity:       16M (100%)         16M (100%)         16M (100%)         16M (100%)         16M (100%)         16M (100%)   
[2024-07-25T19:05:22.346+0800][90.716s][gc,heap     ] GC(4855)      Free:        0M (0%)            0M (0%)            2M (12%)           2M (12%)           6M (38%)           0M (0%)     
[2024-07-25T19:05:22.346+0800][90.716s][gc,heap     ] GC(4855)      Used:       16M (100%)         16M (100%)         14M (88%)          14M (88%)          16M (100%)         10M (62%)    
[2024-07-25T19:05:22.346+0800][90.716s][gc,heap     ] GC(4855)      Live:         -                 8M (54%)           8M (54%)           8M (54%)            -                  -          
[2024-07-25T19:05:22.346+0800][90.716s][gc,heap     ] GC(4855) Allocated:         -                 0M (0%)            4M (25%)           4M (25%)            -                  -          
[2024-07-25T19:05:22.346+0800][90.716s][gc,heap     ] GC(4855)   Garbage:         -                 7M (46%)           1M (8%)            1M (8%)             -                  -          
[2024-07-25T19:05:22.346+0800][90.716s][gc,heap     ] GC(4855) Reclaimed:         -                  -                 6M (38%)           6M (38%)            -                  -          
[2024-07-25T19:05:22.346+0800][90.716s][gc          ] GC(4855) Garbage Collection (Allocation Stall) 16M(100%)->14M(88%)
[2024-07-25T19:05:22.350+0800][90.719s][gc,start    ] GC(4856) Garbage Collection (Allocation Stall)
[2024-07-25T19:05:22.350+0800][90.719s][gc,ref      ] GC(4856) Clearing All SoftReferences
[2024-07-25T19:05:22.350+0800][90.719s][gc,task     ] GC(4856) Using 1 workers
[2024-07-25T19:05:22.351+0800][90.719s][gc,phases   ] GC(4856) Pause Mark Start 0.010ms
[2024-07-25T19:05:22.359+0800][90.728s][gc,phases   ] GC(4856) Concurrent Mark 8.559ms
[2024-07-25T19:05:22.359+0800][90.728s][gc,phases   ] GC(4856) Pause Mark End 0.013ms
[2024-07-25T19:05:22.359+0800][90.729s][gc,phases   ] GC(4856) Concurrent Mark Free 0.002ms
[2024-07-25T19:05:22.361+0800][90.731s][gc,phases   ] GC(4856) Concurrent Process Non-Strong References 2.104ms
[2024-07-25T19:05:22.361+0800][90.731s][gc,phases   ] GC(4856) Concurrent Reset Relocation Set 0.001ms
[2024-07-25T19:05:22.366+0800][90.735s][gc          ] Allocation Stall (main) 15.468ms
[2024-07-25T19:05:22.366+0800][90.735s][gc,phases   ] GC(4856) Concurrent Select Relocation Set 3.780ms
[2024-07-25T19:05:22.366+0800][90.735s][gc,phases   ] GC(4856) Pause Relocate Start 0.012ms
[2024-07-25T19:05:22.366+0800][90.735s][gc,phases   ] GC(4856) Concurrent Relocate 0.116ms
[2024-07-25T19:05:22.366+0800][90.735s][gc,load     ] GC(4856) Load: 0.00/0.00/0.00
[2024-07-25T19:05:22.366+0800][90.735s][gc,mmu      ] GC(4856) MMU: 2ms/88.2%, 5ms/95.3%, 10ms/97.6%, 20ms/98.8%, 50ms/99.4%, 100ms/99.6%
[2024-07-25T19:05:22.366+0800][90.736s][gc,marking  ] GC(4856) Mark: 1 stripe(s), 1 proactive flush(es), 1 terminate flush(es), 0 completion(s), 0 continuation(s) 
[2024-07-25T19:05:22.367+0800][90.736s][gc,marking  ] GC(4856) Mark Stack Usage: 32M
[2024-07-25T19:05:22.367+0800][90.736s][gc,nmethod  ] GC(4856) NMethods: 535 registered, 0 unregistered
[2024-07-25T19:05:22.367+0800][90.736s][gc,metaspace] GC(4856) Metaspace: 1M used, 1M committed, 1088M reserved
[2024-07-25T19:05:22.367+0800][90.736s][gc,ref      ] GC(4856) Soft: 46 encountered, 25 discovered, 0 enqueued
[2024-07-25T19:05:22.367+0800][90.736s][gc,ref      ] GC(4856) Weak: 131 encountered, 107 discovered, 0 enqueued
[2024-07-25T19:05:22.367+0800][90.736s][gc,ref      ] GC(4856) Final: 0 encountered, 0 discovered, 0 enqueued
[2024-07-25T19:05:22.367+0800][90.736s][gc,ref      ] GC(4856) Phantom: 184 encountered, 98 discovered, 0 enqueued
[2024-07-25T19:05:22.367+0800][90.736s][gc,reloc    ] GC(4856) Small Pages: 4 / 8M, Empty: 2M, Relocated: 0M, In-Place: 0
[2024-07-25T19:05:22.367+0800][90.736s][gc,reloc    ] GC(4856) Large Pages: 4 / 8M, Empty: 4M, Relocated: 0M, In-Place: 0
[2024-07-25T19:05:22.367+0800][90.736s][gc,reloc    ] GC(4856) Forwarding Usage: 0M
[2024-07-25T19:05:22.367+0800][90.736s][gc,heap     ] GC(4856) Min Capacity: 8M(50%)
[2024-07-25T19:05:22.367+0800][90.736s][gc,heap     ] GC(4856) Max Capacity: 16M(100%)
[2024-07-25T19:05:22.367+0800][90.736s][gc,heap     ] GC(4856) Soft Max Capacity: 16M(100%)
[2024-07-25T19:05:22.367+0800][90.736s][gc,heap     ] GC(4856)                Mark Start          Mark End        Relocate Start      Relocate End           High               Low         
[2024-07-25T19:05:22.367+0800][90.736s][gc,heap     ] GC(4856)  Capacity:       16M (100%)         16M (100%)         16M (100%)         16M (100%)         16M (100%)         16M (100%)   
[2024-07-25T19:05:22.367+0800][90.736s][gc,heap     ] GC(4856)      Free:        0M (0%)            0M (0%)            2M (12%)           2M (12%)           6M (38%)           0M (0%)     
[2024-07-25T19:05:22.367+0800][90.736s][gc,heap     ] GC(4856)      Used:       16M (100%)         16M (100%)         14M (88%)          14M (88%)          16M (100%)         10M (62%)    
[2024-07-25T19:05:22.367+0800][90.736s][gc,heap     ] GC(4856)      Live:         -                 8M (54%)           8M (54%)           8M (54%)            -                  -          
[2024-07-25T19:05:22.367+0800][90.736s][gc,heap     ] GC(4856) Allocated:         -                 0M (0%)            4M (25%)           4M (25%)            -                  -          
[2024-07-25T19:05:22.367+0800][90.736s][gc,heap     ] GC(4856)   Garbage:         -                 7M (46%)           1M (8%)            1M (8%)             -                  -          
[2024-07-25T19:05:22.367+0800][90.736s][gc,heap     ] GC(4856) Reclaimed:         -                  -                 6M (38%)           6M (38%)            -                  -          
[2024-07-25T19:05:22.367+0800][90.736s][gc          ] GC(4856) Garbage Collection (Allocation Stall) 16M(100%)->14M(88%)
[2024-07-25T19:05:22.371+0800][90.740s][gc,start    ] GC(4857) Garbage Collection (Allocation Stall)
[2024-07-25T19:05:22.371+0800][90.740s][gc,ref      ] GC(4857) Clearing All SoftReferences
[2024-07-25T19:05:22.371+0800][90.740s][gc,task     ] GC(4857) Using 1 workers
[2024-07-25T19:05:22.371+0800][90.740s][gc,phases   ] GC(4857) Pause Mark Start 0.010ms
[2024-07-25T19:05:22.379+0800][90.748s][gc,phases   ] GC(4857) Concurrent Mark 8.037ms
[2024-07-25T19:05:22.379+0800][90.748s][gc,phases   ] GC(4857) Pause Mark End 0.014ms
[2024-07-25T19:05:22.379+0800][90.749s][gc,phases   ] GC(4857) Concurrent Mark Free 0.001ms
[2024-07-25T19:05:22.382+0800][90.751s][gc,phases   ] GC(4857) Concurrent Process Non-Strong References 2.304ms
[2024-07-25T19:05:22.382+0800][90.751s][gc,phases   ] GC(4857) Concurrent Reset Relocation Set 0.001ms
[2024-07-25T19:05:22.386+0800][90.756s][gc          ] Allocation Stall (main) 16.444ms
[2024-07-25T19:05:22.387+0800][90.756s][gc,phases   ] GC(4857) Concurrent Select Relocation Set 5.122ms
[2024-07-25T19:05:22.387+0800][90.756s][gc,phases   ] GC(4857) Pause Relocate Start 0.009ms
[2024-07-25T19:05:22.387+0800][90.757s][gc,phases   ] GC(4857) Concurrent Relocate 0.056ms
[2024-07-25T19:05:22.387+0800][90.757s][gc,load     ] GC(4857) Load: 0.00/0.00/0.00
[2024-07-25T19:05:22.387+0800][90.757s][gc,mmu      ] GC(4857) MMU: 2ms/88.2%, 5ms/95.3%, 10ms/97.6%, 20ms/98.8%, 50ms/99.4%, 100ms/99.6%
[2024-07-25T19:05:22.387+0800][90.757s][gc,marking  ] GC(4857) Mark: 1 stripe(s), 1 proactive flush(es), 1 terminate flush(es), 0 completion(s), 0 continuation(s) 
[2024-07-25T19:05:22.387+0800][90.757s][gc,marking  ] GC(4857) Mark Stack Usage: 32M
[2024-07-25T19:05:22.387+0800][90.757s][gc,nmethod  ] GC(4857) NMethods: 535 registered, 0 unregistered
[2024-07-25T19:05:22.387+0800][90.757s][gc,metaspace] GC(4857) Metaspace: 1M used, 1M committed, 1088M reserved
[2024-07-25T19:05:22.387+0800][90.757s][gc,ref      ] GC(4857) Soft: 46 encountered, 25 discovered, 0 enqueued
[2024-07-25T19:05:22.387+0800][90.757s][gc,ref      ] GC(4857) Weak: 131 encountered, 107 discovered, 0 enqueued
[2024-07-25T19:05:22.387+0800][90.757s][gc,ref      ] GC(4857) Final: 0 encountered, 0 discovered, 0 enqueued
[2024-07-25T19:05:22.388+0800][90.757s][gc,ref      ] GC(4857) Phantom: 184 encountered, 98 discovered, 0 enqueued
[2024-07-25T19:05:22.388+0800][90.757s][gc,reloc    ] GC(4857) Small Pages: 4 / 8M, Empty: 2M, Relocated: 0M, In-Place: 0
[2024-07-25T19:05:22.388+0800][90.757s][gc,reloc    ] GC(4857) Large Pages: 4 / 8M, Empty: 4M, Relocated: 0M, In-Place: 0
[2024-07-25T19:05:22.388+0800][90.757s][gc,reloc    ] GC(4857) Forwarding Usage: 0M
[2024-07-25T19:05:22.388+0800][90.757s][gc,heap     ] GC(4857) Min Capacity: 8M(50%)
[2024-07-25T19:05:22.388+0800][90.757s][gc,heap     ] GC(4857) Max Capacity: 16M(100%)
[2024-07-25T19:05:22.388+0800][90.757s][gc,heap     ] GC(4857) Soft Max Capacity: 16M(100%)
[2024-07-25T19:05:22.388+0800][90.758s][gc,heap     ] GC(4857)                Mark Start          Mark End        Relocate Start      Relocate End           High               Low         
[2024-07-25T19:05:22.388+0800][90.758s][gc,heap     ] GC(4857)  Capacity:       16M (100%)         16M (100%)         16M (100%)         16M (100%)         16M (100%)         16M (100%)   
[2024-07-25T19:05:22.388+0800][90.758s][gc,heap     ] GC(4857)      Free:        0M (0%)            0M (0%)            2M (12%)           2M (12%)           6M (38%)           0M (0%)     
[2024-07-25T19:05:22.388+0800][90.758s][gc,heap     ] GC(4857)      Used:       16M (100%)         16M (100%)         14M (88%)          14M (88%)          16M (100%)         10M (62%)    
[2024-07-25T19:05:22.388+0800][90.758s][gc,heap     ] GC(4857)      Live:         -                 8M (54%)           8M (54%)           8M (54%)            -                  -          
[2024-07-25T19:05:22.388+0800][90.758s][gc,heap     ] GC(4857) Allocated:         -                 0M (0%)            4M (25%)           4M (25%)            -                  -          
[2024-07-25T19:05:22.388+0800][90.758s][gc,heap     ] GC(4857)   Garbage:         -                 7M (46%)           1M (8%)            1M (8%)             -                  -          
[2024-07-25T19:05:22.388+0800][90.758s][gc,heap     ] GC(4857) Reclaimed:         -                  -                 6M (38%)           6M (38%)            -                  -          
[2024-07-25T19:05:22.388+0800][90.758s][gc          ] GC(4857) Garbage Collection (Allocation Stall) 16M(100%)->14M(88%)
[2024-07-25T19:05:22.391+0800][90.760s][gc,start    ] GC(4858) Garbage Collection (Allocation Stall)
[2024-07-25T19:05:22.391+0800][90.760s][gc,ref      ] GC(4858) Clearing All SoftReferences
[2024-07-25T19:05:22.391+0800][90.761s][gc,task     ] GC(4858) Using 1 workers
[2024-07-25T19:05:22.391+0800][90.761s][gc,phases   ] GC(4858) Pause Mark Start 0.008ms
[2024-07-25T19:05:22.397+0800][90.767s][gc,phases   ] GC(4858) Concurrent Mark 6.219ms
[2024-07-25T19:05:22.398+0800][90.767s][gc,phases   ] GC(4858) Pause Mark End 0.010ms
[2024-07-25T19:05:22.398+0800][90.767s][gc,phases   ] GC(4858) Concurrent Mark Free 0.001ms
[2024-07-25T19:05:22.400+0800][90.769s][gc,phases   ] GC(4858) Concurrent Process Non-Strong References 1.737ms
[2024-07-25T19:05:22.400+0800][90.769s][gc,phases   ] GC(4858) Concurrent Reset Relocation Set 0.001ms
[2024-07-25T19:05:22.402+0800][90.772s][gc          ] Allocation Stall (main) 11.564ms
[2024-07-25T19:05:22.402+0800][90.772s][gc,phases   ] GC(4858) Concurrent Select Relocation Set 2.894ms
[2024-07-25T19:05:22.403+0800][90.772s][gc,phases   ] GC(4858) Pause Relocate Start 0.007ms
[2024-07-25T19:05:22.403+0800][90.772s][gc,phases   ] GC(4858) Concurrent Relocate 0.127ms
[2024-07-25T19:05:22.403+0800][90.773s][gc,load     ] GC(4858) Load: 0.00/0.00/0.00
[2024-07-25T19:05:22.403+0800][90.773s][gc,mmu      ] GC(4858) MMU: 2ms/88.2%, 5ms/95.3%, 10ms/97.6%, 20ms/98.8%, 50ms/99.4%, 100ms/99.6%
[2024-07-25T19:05:22.403+0800][90.773s][gc,marking  ] GC(4858) Mark: 1 stripe(s), 1 proactive flush(es), 1 terminate flush(es), 0 completion(s), 0 continuation(s) 
[2024-07-25T19:05:22.403+0800][90.773s][gc,marking  ] GC(4858) Mark Stack Usage: 32M
[2024-07-25T19:05:22.403+0800][90.773s][gc,nmethod  ] GC(4858) NMethods: 535 registered, 0 unregistered
[2024-07-25T19:05:22.403+0800][90.773s][gc,metaspace] GC(4858) Metaspace: 1M used, 1M committed, 1088M reserved
[2024-07-25T19:05:22.403+0800][90.773s][gc,ref      ] GC(4858) Soft: 46 encountered, 25 discovered, 0 enqueued
[2024-07-25T19:05:22.403+0800][90.773s][gc,ref      ] GC(4858) Weak: 131 encountered, 107 discovered, 0 enqueued
[2024-07-25T19:05:22.403+0800][90.773s][gc,ref      ] GC(4858) Final: 0 encountered, 0 discovered, 0 enqueued
[2024-07-25T19:05:22.403+0800][90.773s][gc,ref      ] GC(4858) Phantom: 184 encountered, 98 discovered, 0 enqueued
[2024-07-25T19:05:22.403+0800][90.773s][gc,reloc    ] GC(4858) Small Pages: 4 / 8M, Empty: 2M, Relocated: 0M, In-Place: 0
[2024-07-25T19:05:22.403+0800][90.773s][gc,reloc    ] GC(4858) Large Pages: 4 / 8M, Empty: 4M, Relocated: 0M, In-Place: 0
[2024-07-25T19:05:22.403+0800][90.773s][gc,reloc    ] GC(4858) Forwarding Usage: 0M
[2024-07-25T19:05:22.403+0800][90.773s][gc,heap     ] GC(4858) Min Capacity: 8M(50%)
[2024-07-25T19:05:22.403+0800][90.773s][gc,heap     ] GC(4858) Max Capacity: 16M(100%)
[2024-07-25T19:05:22.403+0800][90.773s][gc,heap     ] GC(4858) Soft Max Capacity: 16M(100%)
[2024-07-25T19:05:22.403+0800][90.773s][gc,heap     ] GC(4858)                Mark Start          Mark End        Relocate Start      Relocate End           High               Low         
[2024-07-25T19:05:22.403+0800][90.773s][gc,heap     ] GC(4858)  Capacity:       16M (100%)         16M (100%)         16M (100%)         16M (100%)         16M (100%)         16M (100%)   
[2024-07-25T19:05:22.403+0800][90.773s][gc,heap     ] GC(4858)      Free:        0M (0%)            0M (0%)            2M (12%)           2M (12%)           6M (38%)           0M (0%)     
[2024-07-25T19:05:22.403+0800][90.773s][gc,heap     ] GC(4858)      Used:       16M (100%)         16M (100%)         14M (88%)          14M (88%)          16M (100%)         10M (62%)    
[2024-07-25T19:05:22.403+0800][90.773s][gc,heap     ] GC(4858)      Live:         -                 8M (54%)           8M (54%)           8M (54%)            -                  -          
[2024-07-25T19:05:22.403+0800][90.773s][gc,heap     ] GC(4858) Allocated:         -                 0M (0%)            4M (25%)           4M (25%)            -                  -          
[2024-07-25T19:05:22.403+0800][90.773s][gc,heap     ] GC(4858)   Garbage:         -                 7M (46%)           1M (8%)            1M (8%)             -                  -          
[2024-07-25T19:05:22.403+0800][90.773s][gc,heap     ] GC(4858) Reclaimed:         -                  -                 6M (38%)           6M (38%)            -                  -          
[2024-07-25T19:05:22.403+0800][90.773s][gc          ] GC(4858) Garbage Collection (Allocation Stall) 16M(100%)->14M(88%)
[2024-07-25T19:05:22.406+0800][90.775s][gc,start    ] GC(4859) Garbage Collection (Allocation Stall)
[2024-07-25T19:05:22.406+0800][90.776s][gc,ref      ] GC(4859) Clearing All SoftReferences
[2024-07-25T19:05:22.406+0800][90.776s][gc,task     ] GC(4859) Using 1 workers
[2024-07-25T19:05:22.406+0800][90.776s][gc,phases   ] GC(4859) Pause Mark Start 0.012ms
[2024-07-25T19:05:22.412+0800][90.781s][gc,phases   ] GC(4859) Concurrent Mark 5.403ms
[2024-07-25T19:05:22.412+0800][90.781s][gc,phases   ] GC(4859) Pause Mark End 0.009ms
[2024-07-25T19:05:22.412+0800][90.781s][gc,phases   ] GC(4859) Concurrent Mark Free 0.001ms
[2024-07-25T19:05:22.414+0800][90.783s][gc,phases   ] GC(4859) Concurrent Process Non-Strong References 1.635ms
[2024-07-25T19:05:22.414+0800][90.783s][gc,phases   ] GC(4859) Concurrent Reset Relocation Set 0.001ms
[2024-07-25T19:05:22.416+0800][90.785s][gc          ] Allocation Stall (main) 10.115ms
[2024-07-25T19:05:22.416+0800][90.785s][gc,phases   ] GC(4859) Concurrent Select Relocation Set 2.298ms
[2024-07-25T19:05:22.417+0800][90.786s][gc,phases   ] GC(4859) Pause Relocate Start 0.006ms
[2024-07-25T19:05:22.417+0800][90.786s][gc,phases   ] GC(4859) Concurrent Relocate 0.118ms
[2024-07-25T19:05:22.417+0800][90.786s][gc,load     ] GC(4859) Load: 0.00/0.00/0.00
[2024-07-25T19:05:22.417+0800][90.786s][gc,mmu      ] GC(4859) MMU: 2ms/88.2%, 5ms/95.3%, 10ms/97.6%, 20ms/98.8%, 50ms/99.4%, 100ms/99.6%
[2024-07-25T19:05:22.417+0800][90.786s][gc,marking  ] GC(4859) Mark: 1 stripe(s), 1 proactive flush(es), 1 terminate flush(es), 0 completion(s), 0 continuation(s) 
[2024-07-25T19:05:22.417+0800][90.786s][gc,marking  ] GC(4859) Mark Stack Usage: 32M
[2024-07-25T19:05:22.417+0800][90.786s][gc,nmethod  ] GC(4859) NMethods: 535 registered, 0 unregistered
[2024-07-25T19:05:22.417+0800][90.786s][gc,metaspace] GC(4859) Metaspace: 1M used, 1M committed, 1088M reserved
[2024-07-25T19:05:22.417+0800][90.786s][gc,ref      ] GC(4859) Soft: 46 encountered, 25 discovered, 0 enqueued
[2024-07-25T19:05:22.417+0800][90.786s][gc,ref      ] GC(4859) Weak: 131 encountered, 107 discovered, 0 enqueued
[2024-07-25T19:05:22.417+0800][90.786s][gc,ref      ] GC(4859) Final: 0 encountered, 0 discovered, 0 enqueued
[2024-07-25T19:05:22.417+0800][90.786s][gc,ref      ] GC(4859) Phantom: 184 encountered, 98 discovered, 0 enqueued
[2024-07-25T19:05:22.417+0800][90.786s][gc,reloc    ] GC(4859) Small Pages: 4 / 8M, Empty: 2M, Relocated: 0M, In-Place: 0
[2024-07-25T19:05:22.417+0800][90.786s][gc,reloc    ] GC(4859) Large Pages: 4 / 8M, Empty: 4M, Relocated: 0M, In-Place: 0
[2024-07-25T19:05:22.417+0800][90.786s][gc,reloc    ] GC(4859) Forwarding Usage: 0M
[2024-07-25T19:05:22.417+0800][90.786s][gc,heap     ] GC(4859) Min Capacity: 8M(50%)
[2024-07-25T19:05:22.417+0800][90.786s][gc,heap     ] GC(4859) Max Capacity: 16M(100%)
[2024-07-25T19:05:22.417+0800][90.786s][gc,heap     ] GC(4859) Soft Max Capacity: 16M(100%)
[2024-07-25T19:05:22.417+0800][90.786s][gc,heap     ] GC(4859)                Mark Start          Mark End        Relocate Start      Relocate End           High               Low         
[2024-07-25T19:05:22.417+0800][90.786s][gc,heap     ] GC(4859)  Capacity:       16M (100%)         16M (100%)         16M (100%)         16M (100%)         16M (100%)         16M (100%)   
[2024-07-25T19:05:22.417+0800][90.786s][gc,heap     ] GC(4859)      Free:        0M (0%)            0M (0%)            4M (25%)           2M (12%)           6M (38%)           0M (0%)     
[2024-07-25T19:05:22.417+0800][90.786s][gc,heap     ] GC(4859)      Used:       16M (100%)         16M (100%)         12M (75%)          14M (88%)          16M (100%)         10M (62%)    
[2024-07-25T19:05:22.417+0800][90.786s][gc,heap     ] GC(4859)      Live:         -                 8M (54%)           8M (54%)           8M (54%)            -                  -          
[2024-07-25T19:05:22.417+0800][90.786s][gc,heap     ] GC(4859) Allocated:         -                 0M (0%)            2M (12%)           4M (25%)            -                  -          
[2024-07-25T19:05:22.417+0800][90.786s][gc,heap     ] GC(4859)   Garbage:         -                 7M (46%)           1M (8%)            1M (8%)             -                  -          
[2024-07-25T19:05:22.417+0800][90.786s][gc,heap     ] GC(4859) Reclaimed:         -                  -                 6M (38%)           6M (38%)            -                  -          
[2024-07-25T19:05:22.417+0800][90.786s][gc          ] GC(4859) Garbage Collection (Allocation Stall) 16M(100%)->14M(88%)
[2024-07-25T19:05:22.420+0800][90.789s][gc,start    ] GC(4860) Garbage Collection (Allocation Rate)
[2024-07-25T19:05:22.420+0800][90.789s][gc,task     ] GC(4860) Using 1 workers
[2024-07-25T19:05:22.420+0800][90.789s][gc,phases   ] GC(4860) Pause Mark Start 0.009ms
[2024-07-25T19:05:22.425+0800][90.795s][gc,phases   ] GC(4860) Concurrent Mark 5.375ms
[2024-07-25T19:05:22.425+0800][90.795s][gc,phases   ] GC(4860) Pause Mark End 0.011ms
[2024-07-25T19:05:22.425+0800][90.795s][gc,phases   ] GC(4860) Concurrent Mark Free 0.001ms
[2024-07-25T19:05:22.427+0800][90.796s][gc,phases   ] GC(4860) Concurrent Process Non-Strong References 1.463ms
[2024-07-25T19:05:22.427+0800][90.796s][gc,phases   ] GC(4860) Concurrent Reset Relocation Set 0.001ms
[2024-07-25T19:05:22.429+0800][90.799s][gc          ] Allocation Stall (main) 9.060ms
[2024-07-25T19:05:22.429+0800][90.799s][gc,phases   ] GC(4860) Concurrent Select Relocation Set 2.378ms
[2024-07-25T19:05:22.429+0800][90.799s][gc,phases   ] GC(4860) Pause Relocate Start 0.006ms
[2024-07-25T19:05:22.431+0800][90.800s][gc,phases   ] GC(4860) Concurrent Relocate 1.486ms
[2024-07-25T19:05:22.431+0800][90.801s][gc,load     ] GC(4860) Load: 0.00/0.00/0.00
[2024-07-25T19:05:22.431+0800][90.801s][gc,mmu      ] GC(4860) MMU: 2ms/88.2%, 5ms/95.3%, 10ms/97.6%, 20ms/98.8%, 50ms/99.4%, 100ms/99.6%
[2024-07-25T19:05:22.431+0800][90.801s][gc,marking  ] GC(4860) Mark: 1 stripe(s), 1 proactive flush(es), 1 terminate flush(es), 0 completion(s), 0 continuation(s) 
[2024-07-25T19:05:22.431+0800][90.801s][gc,marking  ] GC(4860) Mark Stack Usage: 32M
[2024-07-25T19:05:22.431+0800][90.801s][gc,nmethod  ] GC(4860) NMethods: 535 registered, 0 unregistered
[2024-07-25T19:05:22.431+0800][90.801s][gc,metaspace] GC(4860) Metaspace: 1M used, 1M committed, 1088M reserved
[2024-07-25T19:05:22.431+0800][90.801s][gc,ref      ] GC(4860) Soft: 46 encountered, 25 discovered, 0 enqueued
[2024-07-25T19:05:22.431+0800][90.801s][gc,ref      ] GC(4860) Weak: 131 encountered, 107 discovered, 0 enqueued
[2024-07-25T19:05:22.431+0800][90.801s][gc,ref      ] GC(4860) Final: 0 encountered, 0 discovered, 0 enqueued
[2024-07-25T19:05:22.431+0800][90.801s][gc,ref      ] GC(4860) Phantom: 184 encountered, 98 discovered, 0 enqueued
[2024-07-25T19:05:22.431+0800][90.801s][gc,reloc    ] GC(4860) Small Pages: 4 / 8M, Empty: 0M, Relocated: 1M, In-Place: 1
[2024-07-25T19:05:22.431+0800][90.801s][gc,reloc    ] GC(4860) Large Pages: 4 / 8M, Empty: 4M, Relocated: 0M, In-Place: 0
[2024-07-25T19:05:22.431+0800][90.801s][gc,reloc    ] GC(4860) Forwarding Usage: 0M
[2024-07-25T19:05:22.431+0800][90.801s][gc,heap     ] GC(4860) Min Capacity: 8M(50%)
[2024-07-25T19:05:22.431+0800][90.801s][gc,heap     ] GC(4860) Max Capacity: 16M(100%)
[2024-07-25T19:05:22.431+0800][90.801s][gc,heap     ] GC(4860) Soft Max Capacity: 16M(100%)
[2024-07-25T19:05:22.431+0800][90.801s][gc,heap     ] GC(4860)                Mark Start          Mark End        Relocate Start      Relocate End           High               Low         
[2024-07-25T19:05:22.431+0800][90.801s][gc,heap     ] GC(4860)  Capacity:       16M (100%)         16M (100%)         16M (100%)         16M (100%)         16M (100%)         16M (100%)   
[2024-07-25T19:05:22.431+0800][90.801s][gc,heap     ] GC(4860)      Free:        0M (0%)            0M (0%)            0M (0%)            2M (12%)           4M (25%)           0M (0%)     
[2024-07-25T19:05:22.431+0800][90.801s][gc,heap     ] GC(4860)      Used:       16M (100%)         16M (100%)         16M (100%)         14M (88%)          16M (100%)         12M (75%)    
[2024-07-25T19:05:22.431+0800][90.801s][gc,heap     ] GC(4860)      Live:         -                 8M (54%)           8M (54%)           8M (54%)            -                  -          
[2024-07-25T19:05:22.431+0800][90.801s][gc,heap     ] GC(4860) Allocated:         -                 0M (0%)            4M (25%)           4M (25%)            -                  -          
[2024-07-25T19:05:22.431+0800][90.801s][gc,heap     ] GC(4860)   Garbage:         -                 7M (46%)           3M (21%)           1M (8%)             -                  -          
[2024-07-25T19:05:22.431+0800][90.801s][gc,heap     ] GC(4860) Reclaimed:         -                  -                 4M (25%)           6M (38%)            -                  -          
[2024-07-25T19:05:22.431+0800][90.801s][gc          ] GC(4860) Garbage Collection (Allocation Rate) 16M(100%)->14M(88%)
[2024-07-25T19:05:22.434+0800][90.804s][gc,start    ] GC(4861) Garbage Collection (Allocation Stall)
[2024-07-25T19:05:22.434+0800][90.804s][gc,ref      ] GC(4861) Clearing All SoftReferences
[2024-07-25T19:05:22.434+0800][90.804s][gc,task     ] GC(4861) Using 1 workers
[2024-07-25T19:05:22.435+0800][90.804s][gc,phases   ] GC(4861) Pause Mark Start 0.013ms
[2024-07-25T19:05:22.441+0800][90.810s][gc,phases   ] GC(4861) Concurrent Mark 6.230ms
[2024-07-25T19:05:22.441+0800][90.810s][gc,phases   ] GC(4861) Pause Mark End 0.009ms
[2024-07-25T19:05:22.441+0800][90.810s][gc,phases   ] GC(4861) Concurrent Mark Free 0.001ms
[2024-07-25T19:05:22.443+0800][90.812s][gc,phases   ] GC(4861) Concurrent Process Non-Strong References 1.685ms
[2024-07-25T19:05:22.443+0800][90.812s][gc,phases   ] GC(4861) Concurrent Reset Relocation Set 0.001ms
[2024-07-25T19:05:22.445+0800][90.815s][gc          ] Allocation Stall (main) 11.498ms
[2024-07-25T19:05:22.446+0800][90.815s][gc,phases   ] GC(4861) Concurrent Select Relocation Set 2.857ms
[2024-07-25T19:05:22.446+0800][90.815s][gc,phases   ] GC(4861) Pause Relocate Start 0.006ms
[2024-07-25T19:05:22.446+0800][90.816s][gc,phases   ] GC(4861) Concurrent Relocate 0.119ms
[2024-07-25T19:05:22.446+0800][90.816s][gc,load     ] GC(4861) Load: 0.00/0.00/0.00
[2024-07-25T19:05:22.446+0800][90.816s][gc,mmu      ] GC(4861) MMU: 2ms/88.2%, 5ms/95.3%, 10ms/97.6%, 20ms/98.8%, 50ms/99.4%, 100ms/99.6%
[2024-07-25T19:05:22.446+0800][90.816s][gc,marking  ] GC(4861) Mark: 1 stripe(s), 1 proactive flush(es), 1 terminate flush(es), 0 completion(s), 0 continuation(s) 
[2024-07-25T19:05:22.446+0800][90.816s][gc,marking  ] GC(4861) Mark Stack Usage: 32M
[2024-07-25T19:05:22.446+0800][90.816s][gc,nmethod  ] GC(4861) NMethods: 535 registered, 0 unregistered
[2024-07-25T19:05:22.446+0800][90.816s][gc,metaspace] GC(4861) Metaspace: 1M used, 1M committed, 1088M reserved
[2024-07-25T19:05:22.446+0800][90.816s][gc,ref      ] GC(4861) Soft: 46 encountered, 25 discovered, 0 enqueued
[2024-07-25T19:05:22.446+0800][90.816s][gc,ref      ] GC(4861) Weak: 131 encountered, 107 discovered, 0 enqueued
[2024-07-25T19:05:22.446+0800][90.816s][gc,ref      ] GC(4861) Final: 0 encountered, 0 discovered, 0 enqueued
[2024-07-25T19:05:22.446+0800][90.816s][gc,ref      ] GC(4861) Phantom: 184 encountered, 98 discovered, 0 enqueued
[2024-07-25T19:05:22.446+0800][90.816s][gc,reloc    ] GC(4861) Small Pages: 4 / 8M, Empty: 2M, Relocated: 0M, In-Place: 0
[2024-07-25T19:05:22.446+0800][90.816s][gc,reloc    ] GC(4861) Large Pages: 4 / 8M, Empty: 4M, Relocated: 0M, In-Place: 0
[2024-07-25T19:05:22.446+0800][90.816s][gc,reloc    ] GC(4861) Forwarding Usage: 0M
[2024-07-25T19:05:22.446+0800][90.816s][gc,heap     ] GC(4861) Min Capacity: 8M(50%)
[2024-07-25T19:05:22.446+0800][90.816s][gc,heap     ] GC(4861) Max Capacity: 16M(100%)
[2024-07-25T19:05:22.446+0800][90.816s][gc,heap     ] GC(4861) Soft Max Capacity: 16M(100%)
[2024-07-25T19:05:22.446+0800][90.816s][gc,heap     ] GC(4861)                Mark Start          Mark End        Relocate Start      Relocate End           High               Low         
[2024-07-25T19:05:22.446+0800][90.816s][gc,heap     ] GC(4861)  Capacity:       16M (100%)         16M (100%)         16M (100%)         16M (100%)         16M (100%)         16M (100%)   
[2024-07-25T19:05:22.446+0800][90.816s][gc,heap     ] GC(4861)      Free:        0M (0%)            0M (0%)            2M (12%)           2M (12%)           6M (38%)           0M (0%)     
[2024-07-25T19:05:22.446+0800][90.816s][gc,heap     ] GC(4861)      Used:       16M (100%)         16M (100%)         14M (88%)          14M (88%)          16M (100%)         10M (62%)    
[2024-07-25T19:05:22.446+0800][90.816s][gc,heap     ] GC(4861)      Live:         -                 8M (54%)           8M (54%)           8M (54%)            -                  -          
[2024-07-25T19:05:22.446+0800][90.816s][gc,heap     ] GC(4861) Allocated:         -                 0M (0%)            4M (25%)           4M (25%)            -                  -          
[2024-07-25T19:05:22.446+0800][90.816s][gc,heap     ] GC(4861)   Garbage:         -                 7M (46%)           1M (8%)            1M (8%)             -                  -          
[2024-07-25T19:05:22.446+0800][90.816s][gc,heap     ] GC(4861) Reclaimed:         -                  -                 6M (38%)           6M (38%)            -                  -          
[2024-07-25T19:05:22.446+0800][90.816s][gc          ] GC(4861) Garbage Collection (Allocation Stall) 16M(100%)->14M(88%)
[2024-07-25T19:05:22.451+0800][90.820s][gc,start    ] GC(4862) Garbage Collection (Allocation Stall)
[2024-07-25T19:05:22.451+0800][90.820s][gc,ref      ] GC(4862) Clearing All SoftReferences
[2024-07-25T19:05:22.451+0800][90.820s][gc,task     ] GC(4862) Using 1 workers
[2024-07-25T19:05:22.451+0800][90.821s][gc,phases   ] GC(4862) Pause Mark Start 0.007ms
[2024-07-25T19:05:22.456+0800][90.826s][gc,phases   ] GC(4862) Concurrent Mark 5.450ms
[2024-07-25T19:05:22.457+0800][90.826s][gc,phases   ] GC(4862) Pause Mark End 0.008ms
[2024-07-25T19:05:22.457+0800][90.826s][gc,phases   ] GC(4862) Concurrent Mark Free 0.001ms
[2024-07-25T19:05:22.459+0800][90.828s][gc,phases   ] GC(4862) Concurrent Process Non-Strong References 1.805ms
[2024-07-25T19:05:22.459+0800][90.828s][gc,phases   ] GC(4862) Concurrent Reset Relocation Set 0.001ms
[2024-07-25T19:05:22.461+0800][90.831s][gc          ] Allocation Stall (main) 10.444ms
[2024-07-25T19:05:22.461+0800][90.831s][gc,phases   ] GC(4862) Concurrent Select Relocation Set 2.551ms
[2024-07-25T19:05:22.461+0800][90.831s][gc,phases   ] GC(4862) Pause Relocate Start 0.006ms
[2024-07-25T19:05:22.462+0800][90.831s][gc,phases   ] GC(4862) Concurrent Relocate 0.090ms
[2024-07-25T19:05:22.462+0800][90.831s][gc,load     ] GC(4862) Load: 0.00/0.00/0.00
[2024-07-25T19:05:22.462+0800][90.831s][gc,mmu      ] GC(4862) MMU: 2ms/88.2%, 5ms/95.3%, 10ms/97.6%, 20ms/98.8%, 50ms/99.4%, 100ms/99.6%
[2024-07-25T19:05:22.462+0800][90.831s][gc,marking  ] GC(4862) Mark: 1 stripe(s), 1 proactive flush(es), 1 terminate flush(es), 0 completion(s), 0 continuation(s) 
[2024-07-25T19:05:22.462+0800][90.831s][gc,marking  ] GC(4862) Mark Stack Usage: 32M
[2024-07-25T19:05:22.462+0800][90.831s][gc,nmethod  ] GC(4862) NMethods: 535 registered, 0 unregistered
[2024-07-25T19:05:22.462+0800][90.831s][gc,metaspace] GC(4862) Metaspace: 1M used, 1M committed, 1088M reserved
[2024-07-25T19:05:22.462+0800][90.831s][gc,ref      ] GC(4862) Soft: 46 encountered, 25 discovered, 0 enqueued
[2024-07-25T19:05:22.462+0800][90.831s][gc,ref      ] GC(4862) Weak: 131 encountered, 107 discovered, 0 enqueued
[2024-07-25T19:05:22.462+0800][90.832s][gc,ref      ] GC(4862) Final: 0 encountered, 0 discovered, 0 enqueued
[2024-07-25T19:05:22.462+0800][90.832s][gc,ref      ] GC(4862) Phantom: 184 encountered, 98 discovered, 0 enqueued
[2024-07-25T19:05:22.462+0800][90.832s][gc,reloc    ] GC(4862) Small Pages: 4 / 8M, Empty: 2M, Relocated: 0M, In-Place: 0
[2024-07-25T19:05:22.462+0800][90.832s][gc,reloc    ] GC(4862) Large Pages: 4 / 8M, Empty: 4M, Relocated: 0M, In-Place: 0
[2024-07-25T19:05:22.462+0800][90.832s][gc,reloc    ] GC(4862) Forwarding Usage: 0M
[2024-07-25T19:05:22.462+0800][90.832s][gc,heap     ] GC(4862) Min Capacity: 8M(50%)
[2024-07-25T19:05:22.462+0800][90.832s][gc,heap     ] GC(4862) Max Capacity: 16M(100%)
[2024-07-25T19:05:22.462+0800][90.832s][gc,heap     ] GC(4862) Soft Max Capacity: 16M(100%)
[2024-07-25T19:05:22.462+0800][90.832s][gc,heap     ] GC(4862)                Mark Start          Mark End        Relocate Start      Relocate End           High               Low         
[2024-07-25T19:05:22.462+0800][90.832s][gc,heap     ] GC(4862)  Capacity:       16M (100%)         16M (100%)         16M (100%)         16M (100%)         16M (100%)         16M (100%)   
[2024-07-25T19:05:22.462+0800][90.832s][gc,heap     ] GC(4862)      Free:        0M (0%)            0M (0%)            2M (12%)           2M (12%)           6M (38%)           0M (0%)     
[2024-07-25T19:05:22.462+0800][90.832s][gc,heap     ] GC(4862)      Used:       16M (100%)         16M (100%)         14M (88%)          14M (88%)          16M (100%)         10M (62%)    
[2024-07-25T19:05:22.462+0800][90.832s][gc,heap     ] GC(4862)      Live:         -                 8M (54%)           8M (54%)           8M (54%)            -                  -          
[2024-07-25T19:05:22.462+0800][90.832s][gc,heap     ] GC(4862) Allocated:         -                 0M (0%)            4M (25%)           4M (25%)            -                  -          
[2024-07-25T19:05:22.462+0800][90.832s][gc,heap     ] GC(4862)   Garbage:         -                 7M (46%)           1M (8%)            1M (8%)             -                  -          
[2024-07-25T19:05:22.462+0800][90.832s][gc,heap     ] GC(4862) Reclaimed:         -                  -                 6M (38%)           6M (38%)            -                  -          
[2024-07-25T19:05:22.462+0800][90.832s][gc          ] GC(4862) Garbage Collection (Allocation Stall) 16M(100%)->14M(88%)
[2024-07-25T19:05:22.466+0800][90.835s][gc,start    ] GC(4863) Garbage Collection (Allocation Stall)
[2024-07-25T19:05:22.466+0800][90.835s][gc,ref      ] GC(4863) Clearing All SoftReferences
[2024-07-25T19:05:22.466+0800][90.835s][gc,task     ] GC(4863) Using 1 workers
[2024-07-25T19:05:22.466+0800][90.835s][gc,phases   ] GC(4863) Pause Mark Start 0.009ms
[2024-07-25T19:05:22.472+0800][90.841s][gc,phases   ] GC(4863) Concurrent Mark 5.815ms
[2024-07-25T19:05:22.472+0800][90.841s][gc,phases   ] GC(4863) Pause Mark End 0.009ms
[2024-07-25T19:05:22.472+0800][90.841s][gc,phases   ] GC(4863) Concurrent Mark Free 0.001ms
[2024-07-25T19:05:22.473+0800][90.843s][gc,phases   ] GC(4863) Concurrent Process Non-Strong References 1.692ms
[2024-07-25T19:05:22.473+0800][90.843s][gc,phases   ] GC(4863) Concurrent Reset Relocation Set 0.001ms
[2024-07-25T19:05:22.476+0800][90.846s][gc          ] Allocation Stall (main) 11.333ms
[2024-07-25T19:05:22.476+0800][90.846s][gc,phases   ] GC(4863) Concurrent Select Relocation Set 2.974ms
[2024-07-25T19:05:22.476+0800][90.846s][gc,phases   ] GC(4863) Pause Relocate Start 0.007ms
[2024-07-25T19:05:22.477+0800][90.846s][gc,phases   ] GC(4863) Concurrent Relocate 0.056ms
[2024-07-25T19:05:22.477+0800][90.846s][gc,load     ] GC(4863) Load: 0.00/0.00/0.00
[2024-07-25T19:05:22.477+0800][90.846s][gc,mmu      ] GC(4863) MMU: 2ms/88.2%, 5ms/95.3%, 10ms/97.6%, 20ms/98.8%, 50ms/99.4%, 100ms/99.6%
[2024-07-25T19:05:22.477+0800][90.846s][gc,marking  ] GC(4863) Mark: 1 stripe(s), 1 proactive flush(es), 1 terminate flush(es), 0 completion(s), 0 continuation(s) 
[2024-07-25T19:05:22.477+0800][90.846s][gc,marking  ] GC(4863) Mark Stack Usage: 32M
[2024-07-25T19:05:22.477+0800][90.846s][gc,nmethod  ] GC(4863) NMethods: 535 registered, 0 unregistered
[2024-07-25T19:05:22.477+0800][90.846s][gc,metaspace] GC(4863) Metaspace: 1M used, 1M committed, 1088M reserved
[2024-07-25T19:05:22.477+0800][90.846s][gc,ref      ] GC(4863) Soft: 46 encountered, 25 discovered, 0 enqueued
[2024-07-25T19:05:22.477+0800][90.846s][gc,ref      ] GC(4863) Weak: 131 encountered, 107 discovered, 0 enqueued
[2024-07-25T19:05:22.477+0800][90.846s][gc,ref      ] GC(4863) Final: 0 encountered, 0 discovered, 0 enqueued
[2024-07-25T19:05:22.477+0800][90.846s][gc,ref      ] GC(4863) Phantom: 184 encountered, 98 discovered, 0 enqueued
[2024-07-25T19:05:22.477+0800][90.847s][gc,reloc    ] GC(4863) Small Pages: 4 / 8M, Empty: 2M, Relocated: 0M, In-Place: 0
[2024-07-25T19:05:22.477+0800][90.847s][gc,reloc    ] GC(4863) Large Pages: 4 / 8M, Empty: 4M, Relocated: 0M, In-Place: 0
[2024-07-25T19:05:22.477+0800][90.847s][gc,reloc    ] GC(4863) Forwarding Usage: 0M
[2024-07-25T19:05:22.477+0800][90.847s][gc,heap     ] GC(4863) Min Capacity: 8M(50%)
[2024-07-25T19:05:22.477+0800][90.847s][gc,heap     ] GC(4863) Max Capacity: 16M(100%)
[2024-07-25T19:05:22.477+0800][90.847s][gc,heap     ] GC(4863) Soft Max Capacity: 16M(100%)
[2024-07-25T19:05:22.477+0800][90.847s][gc,heap     ] GC(4863)                Mark Start          Mark End        Relocate Start      Relocate End           High               Low         
[2024-07-25T19:05:22.477+0800][90.847s][gc,heap     ] GC(4863)  Capacity:       16M (100%)         16M (100%)         16M (100%)         16M (100%)         16M (100%)         16M (100%)   
[2024-07-25T19:05:22.477+0800][90.847s][gc,heap     ] GC(4863)      Free:        0M (0%)            0M (0%)            2M (12%)           2M (12%)           6M (38%)           0M (0%)     
[2024-07-25T19:05:22.477+0800][90.847s][gc,heap     ] GC(4863)      Used:       16M (100%)         16M (100%)         14M (88%)          14M (88%)          16M (100%)         10M (62%)    
[2024-07-25T19:05:22.477+0800][90.847s][gc,heap     ] GC(4863)      Live:         -                 8M (54%)           8M (54%)           8M (54%)            -                  -          
[2024-07-25T19:05:22.477+0800][90.847s][gc,heap     ] GC(4863) Allocated:         -                 0M (0%)            4M (25%)           4M (25%)            -                  -          
[2024-07-25T19:05:22.477+0800][90.847s][gc,heap     ] GC(4863)   Garbage:         -                 7M (46%)           1M (8%)            1M (8%)             -                  -          
[2024-07-25T19:05:22.477+0800][90.847s][gc,heap     ] GC(4863) Reclaimed:         -                  -                 6M (38%)           6M (38%)            -                  -          
[2024-07-25T19:05:22.477+0800][90.847s][gc          ] GC(4863) Garbage Collection (Allocation Stall) 16M(100%)->14M(88%)
[2024-07-25T19:05:22.481+0800][90.850s][gc,start    ] GC(4864) Garbage Collection (Allocation Stall)
[2024-07-25T19:05:22.481+0800][90.850s][gc,ref      ] GC(4864) Clearing All SoftReferences
[2024-07-25T19:05:22.481+0800][90.850s][gc,task     ] GC(4864) Using 1 workers
[2024-07-25T19:05:22.481+0800][90.850s][gc,phases   ] GC(4864) Pause Mark Start 0.008ms
[2024-07-25T19:05:22.486+0800][90.856s][gc,phases   ] GC(4864) Concurrent Mark 5.898ms
[2024-07-25T19:05:22.486+0800][90.856s][gc,phases   ] GC(4864) Pause Mark End 0.011ms
[2024-07-25T19:05:22.486+0800][90.856s][gc,phases   ] GC(4864) Concurrent Mark Free 0.001ms
[2024-07-25T19:05:22.488+0800][90.858s][gc,phases   ] GC(4864) Concurrent Process Non-Strong References 1.944ms
[2024-07-25T19:05:22.488+0800][90.858s][gc,phases   ] GC(4864) Concurrent Reset Relocation Set 0.001ms
[2024-07-25T19:05:22.491+0800][90.861s][gc          ] Allocation Stall (main) 11.468ms
[2024-07-25T19:05:22.491+0800][90.861s][gc,phases   ] GC(4864) Concurrent Select Relocation Set 2.776ms
[2024-07-25T19:05:22.492+0800][90.861s][gc,phases   ] GC(4864) Pause Relocate Start 0.013ms
[2024-07-25T19:05:22.492+0800][90.861s][gc,phases   ] GC(4864) Concurrent Relocate 0.040ms
[2024-07-25T19:05:22.492+0800][90.861s][gc,load     ] GC(4864) Load: 0.00/0.00/0.00
[2024-07-25T19:05:22.492+0800][90.861s][gc,mmu      ] GC(4864) MMU: 2ms/88.2%, 5ms/95.3%, 10ms/97.6%, 20ms/98.8%, 50ms/99.4%, 100ms/99.6%
[2024-07-25T19:05:22.492+0800][90.861s][gc,marking  ] GC(4864) Mark: 1 stripe(s), 1 proactive flush(es), 1 terminate flush(es), 0 completion(s), 0 continuation(s) 
[2024-07-25T19:05:22.492+0800][90.862s][gc,marking  ] GC(4864) Mark Stack Usage: 32M
[2024-07-25T19:05:22.492+0800][90.862s][gc,nmethod  ] GC(4864) NMethods: 535 registered, 0 unregistered
[2024-07-25T19:05:22.492+0800][90.862s][gc,metaspace] GC(4864) Metaspace: 1M used, 1M committed, 1088M reserved
[2024-07-25T19:05:22.492+0800][90.862s][gc,ref      ] GC(4864) Soft: 46 encountered, 25 discovered, 0 enqueued
[2024-07-25T19:05:22.492+0800][90.862s][gc,ref      ] GC(4864) Weak: 131 encountered, 107 discovered, 0 enqueued
[2024-07-25T19:05:22.492+0800][90.862s][gc,ref      ] GC(4864) Final: 0 encountered, 0 discovered, 0 enqueued
[2024-07-25T19:05:22.492+0800][90.862s][gc,ref      ] GC(4864) Phantom: 184 encountered, 98 discovered, 0 enqueued
[2024-07-25T19:05:22.492+0800][90.862s][gc,reloc    ] GC(4864) Small Pages: 4 / 8M, Empty: 2M, Relocated: 0M, In-Place: 0
[2024-07-25T19:05:22.492+0800][90.862s][gc,reloc    ] GC(4864) Large Pages: 4 / 8M, Empty: 4M, Relocated: 0M, In-Place: 0
[2024-07-25T19:05:22.492+0800][90.862s][gc,reloc    ] GC(4864) Forwarding Usage: 0M
[2024-07-25T19:05:22.492+0800][90.862s][gc,heap     ] GC(4864) Min Capacity: 8M(50%)
[2024-07-25T19:05:22.492+0800][90.862s][gc,heap     ] GC(4864) Max Capacity: 16M(100%)
[2024-07-25T19:05:22.492+0800][90.862s][gc,heap     ] GC(4864) Soft Max Capacity: 16M(100%)
[2024-07-25T19:05:22.492+0800][90.862s][gc,heap     ] GC(4864)                Mark Start          Mark End        Relocate Start      Relocate End           High               Low         
[2024-07-25T19:05:22.492+0800][90.862s][gc,heap     ] GC(4864)  Capacity:       16M (100%)         16M (100%)         16M (100%)         16M (100%)         16M (100%)         16M (100%)   
[2024-07-25T19:05:22.492+0800][90.862s][gc,heap     ] GC(4864)      Free:        0M (0%)            0M (0%)            2M (12%)           2M (12%)           6M (38%)           0M (0%)     
[2024-07-25T19:05:22.492+0800][90.862s][gc,heap     ] GC(4864)      Used:       16M (100%)         16M (100%)         14M (88%)          14M (88%)          16M (100%)         10M (62%)    
[2024-07-25T19:05:22.492+0800][90.862s][gc,heap     ] GC(4864)      Live:         -                 8M (54%)           8M (54%)           8M (54%)            -                  -          
[2024-07-25T19:05:22.492+0800][90.862s][gc,heap     ] GC(4864) Allocated:         -                 0M (0%)            4M (25%)           4M (25%)            -                  -          
[2024-07-25T19:05:22.492+0800][90.862s][gc,heap     ] GC(4864)   Garbage:         -                 7M (46%)           1M (8%)            1M (8%)             -                  -          
[2024-07-25T19:05:22.492+0800][90.862s][gc,heap     ] GC(4864) Reclaimed:         -                  -                 6M (38%)           6M (38%)            -                  -          
[2024-07-25T19:05:22.492+0800][90.862s][gc          ] GC(4864) Garbage Collection (Allocation Stall) 16M(100%)->14M(88%)
[2024-07-25T19:05:22.498+0800][90.867s][gc,start    ] GC(4865) Garbage Collection (Allocation Stall)
[2024-07-25T19:05:22.498+0800][90.867s][gc,ref      ] GC(4865) Clearing All SoftReferences
[2024-07-25T19:05:22.498+0800][90.867s][gc,task     ] GC(4865) Using 1 workers
[2024-07-25T19:05:22.498+0800][90.868s][gc,phases   ] GC(4865) Pause Mark Start 0.009ms
[2024-07-25T19:05:22.504+0800][90.873s][gc,phases   ] GC(4865) Concurrent Mark 5.753ms
[2024-07-25T19:05:22.504+0800][90.874s][gc,phases   ] GC(4865) Pause Mark End 0.011ms
[2024-07-25T19:05:22.504+0800][90.874s][gc,phases   ] GC(4865) Concurrent Mark Free 0.001ms
[2024-07-25T19:05:22.507+0800][90.876s][gc,phases   ] GC(4865) Concurrent Process Non-Strong References 2.022ms
[2024-07-25T19:05:22.507+0800][90.876s][gc,phases   ] GC(4865) Concurrent Reset Relocation Set 0.001ms
[2024-07-25T19:05:22.511+0800][90.880s][gc          ] Allocation Stall (main) 12.297ms
[2024-07-25T19:05:22.511+0800][90.880s][gc,phases   ] GC(4865) Concurrent Select Relocation Set 3.593ms
[2024-07-25T19:05:22.511+0800][90.880s][gc,phases   ] GC(4865) Pause Relocate Start 0.009ms
[2024-07-25T19:05:22.511+0800][90.880s][gc,phases   ] GC(4865) Concurrent Relocate 0.057ms
[2024-07-25T19:05:22.511+0800][90.880s][gc,load     ] GC(4865) Load: 0.00/0.00/0.00
[2024-07-25T19:05:22.511+0800][90.880s][gc,mmu      ] GC(4865) MMU: 2ms/88.2%, 5ms/95.3%, 10ms/97.6%, 20ms/98.8%, 50ms/99.4%, 100ms/99.6%
[2024-07-25T19:05:22.511+0800][90.880s][gc,marking  ] GC(4865) Mark: 1 stripe(s), 1 proactive flush(es), 1 terminate flush(es), 0 completion(s), 0 continuation(s) 
[2024-07-25T19:05:22.511+0800][90.880s][gc,marking  ] GC(4865) Mark Stack Usage: 32M
[2024-07-25T19:05:22.511+0800][90.880s][gc,nmethod  ] GC(4865) NMethods: 535 registered, 0 unregistered
[2024-07-25T19:05:22.511+0800][90.880s][gc,metaspace] GC(4865) Metaspace: 1M used, 1M committed, 1088M reserved
[2024-07-25T19:05:22.511+0800][90.880s][gc,ref      ] GC(4865) Soft: 46 encountered, 25 discovered, 0 enqueued
[2024-07-25T19:05:22.511+0800][90.880s][gc,ref      ] GC(4865) Weak: 131 encountered, 107 discovered, 0 enqueued
[2024-07-25T19:05:22.511+0800][90.880s][gc,ref      ] GC(4865) Final: 0 encountered, 0 discovered, 0 enqueued
[2024-07-25T19:05:22.511+0800][90.880s][gc,ref      ] GC(4865) Phantom: 184 encountered, 98 discovered, 0 enqueued
[2024-07-25T19:05:22.511+0800][90.880s][gc,reloc    ] GC(4865) Small Pages: 4 / 8M, Empty: 2M, Relocated: 0M, In-Place: 0
[2024-07-25T19:05:22.511+0800][90.880s][gc,reloc    ] GC(4865) Large Pages: 4 / 8M, Empty: 4M, Relocated: 0M, In-Place: 0
[2024-07-25T19:05:22.511+0800][90.880s][gc,reloc    ] GC(4865) Forwarding Usage: 0M
[2024-07-25T19:05:22.511+0800][90.880s][gc,heap     ] GC(4865) Min Capacity: 8M(50%)
[2024-07-25T19:05:22.511+0800][90.880s][gc,heap     ] GC(4865) Max Capacity: 16M(100%)
[2024-07-25T19:05:22.511+0800][90.880s][gc,heap     ] GC(4865) Soft Max Capacity: 16M(100%)
[2024-07-25T19:05:22.511+0800][90.881s][gc,heap     ] GC(4865)                Mark Start          Mark End        Relocate Start      Relocate End           High               Low         
[2024-07-25T19:05:22.511+0800][90.881s][gc,heap     ] GC(4865)  Capacity:       16M (100%)         16M (100%)         16M (100%)         16M (100%)         16M (100%)         16M (100%)   
[2024-07-25T19:05:22.512+0800][90.881s][gc,heap     ] GC(4865)      Free:        0M (0%)            0M (0%)            2M (12%)           2M (12%)           6M (38%)           0M (0%)     
[2024-07-25T19:05:22.512+0800][90.881s][gc,heap     ] GC(4865)      Used:       16M (100%)         16M (100%)         14M (88%)          14M (88%)          16M (100%)         10M (62%)    
[2024-07-25T19:05:22.512+0800][90.881s][gc,heap     ] GC(4865)      Live:         -                 8M (54%)           8M (54%)           8M (54%)            -                  -          
[2024-07-25T19:05:22.512+0800][90.881s][gc,heap     ] GC(4865) Allocated:         -                 0M (0%)            4M (25%)           4M (25%)            -                  -          
[2024-07-25T19:05:22.512+0800][90.881s][gc,heap     ] GC(4865)   Garbage:         -                 7M (46%)           1M (8%)            1M (8%)             -                  -          
[2024-07-25T19:05:22.512+0800][90.881s][gc,heap     ] GC(4865) Reclaimed:         -                  -                 6M (38%)           6M (38%)            -                  -          
[2024-07-25T19:05:22.512+0800][90.881s][gc          ] GC(4865) Garbage Collection (Allocation Stall) 16M(100%)->14M(88%)
[2024-07-25T19:05:22.516+0800][90.885s][gc,start    ] GC(4866) Garbage Collection (Allocation Stall)
[2024-07-25T19:05:22.516+0800][90.885s][gc,ref      ] GC(4866) Clearing All SoftReferences
[2024-07-25T19:05:22.516+0800][90.885s][gc,task     ] GC(4866) Using 1 workers
[2024-07-25T19:05:22.516+0800][90.885s][gc,phases   ] GC(4866) Pause Mark Start 0.012ms
[2024-07-25T19:05:22.522+0800][90.891s][gc,phases   ] GC(4866) Concurrent Mark 6.272ms
[2024-07-25T19:05:22.522+0800][90.891s][gc,phases   ] GC(4866) Pause Mark End 0.015ms
[2024-07-25T19:05:22.523+0800][90.892s][gc,phases   ] GC(4866) Concurrent Mark Free 0.001ms
[2024-07-25T19:05:22.525+0800][90.894s][gc,phases   ] GC(4866) Concurrent Process Non-Strong References 2.166ms
[2024-07-25T19:05:22.525+0800][90.894s][gc,phases   ] GC(4866) Concurrent Reset Relocation Set 0.001ms
[2024-07-25T19:05:22.528+0800][90.897s][gc          ] Allocation Stall (main) 12.496ms
[2024-07-25T19:05:22.528+0800][90.897s][gc,phases   ] GC(4866) Concurrent Select Relocation Set 3.196ms
[2024-07-25T19:05:22.528+0800][90.897s][gc,phases   ] GC(4866) Pause Relocate Start 0.009ms
[2024-07-25T19:05:22.529+0800][90.898s][gc,phases   ] GC(4866) Concurrent Relocate 0.071ms
[2024-07-25T19:05:22.529+0800][90.898s][gc,load     ] GC(4866) Load: 0.00/0.00/0.00
[2024-07-25T19:05:22.529+0800][90.898s][gc,mmu      ] GC(4866) MMU: 2ms/88.2%, 5ms/95.3%, 10ms/97.6%, 20ms/98.8%, 50ms/99.4%, 100ms/99.6%
[2024-07-25T19:05:22.529+0800][90.898s][gc,marking  ] GC(4866) Mark: 1 stripe(s), 1 proactive flush(es), 1 terminate flush(es), 0 completion(s), 0 continuation(s) 
[2024-07-25T19:05:22.529+0800][90.898s][gc,marking  ] GC(4866) Mark Stack Usage: 32M
[2024-07-25T19:05:22.529+0800][90.898s][gc,nmethod  ] GC(4866) NMethods: 535 registered, 0 unregistered
[2024-07-25T19:05:22.529+0800][90.898s][gc,metaspace] GC(4866) Metaspace: 1M used, 1M committed, 1088M reserved
[2024-07-25T19:05:22.529+0800][90.898s][gc,ref      ] GC(4866) Soft: 46 encountered, 25 discovered, 0 enqueued
[2024-07-25T19:05:22.529+0800][90.898s][gc,ref      ] GC(4866) Weak: 131 encountered, 107 discovered, 0 enqueued
[2024-07-25T19:05:22.529+0800][90.898s][gc,ref      ] GC(4866) Final: 0 encountered, 0 discovered, 0 enqueued
[2024-07-25T19:05:22.529+0800][90.898s][gc,ref      ] GC(4866) Phantom: 184 encountered, 98 discovered, 0 enqueued
[2024-07-25T19:05:22.529+0800][90.898s][gc,reloc    ] GC(4866) Small Pages: 4 / 8M, Empty: 2M, Relocated: 0M, In-Place: 0
[2024-07-25T19:05:22.529+0800][90.898s][gc,reloc    ] GC(4866) Large Pages: 4 / 8M, Empty: 4M, Relocated: 0M, In-Place: 0
[2024-07-25T19:05:22.529+0800][90.898s][gc,reloc    ] GC(4866) Forwarding Usage: 0M
[2024-07-25T19:05:22.529+0800][90.898s][gc,heap     ] GC(4866) Min Capacity: 8M(50%)
[2024-07-25T19:05:22.529+0800][90.898s][gc,heap     ] GC(4866) Max Capacity: 16M(100%)
[2024-07-25T19:05:22.529+0800][90.898s][gc,heap     ] GC(4866) Soft Max Capacity: 16M(100%)
[2024-07-25T19:05:22.529+0800][90.898s][gc,heap     ] GC(4866)                Mark Start          Mark End        Relocate Start      Relocate End           High               Low         
[2024-07-25T19:05:22.529+0800][90.898s][gc,heap     ] GC(4866)  Capacity:       16M (100%)         16M (100%)         16M (100%)         16M (100%)         16M (100%)         16M (100%)   
[2024-07-25T19:05:22.529+0800][90.898s][gc,heap     ] GC(4866)      Free:        0M (0%)            0M (0%)            2M (12%)           2M (12%)           6M (38%)           0M (0%)     
[2024-07-25T19:05:22.529+0800][90.898s][gc,heap     ] GC(4866)      Used:       16M (100%)         16M (100%)         14M (88%)          14M (88%)          16M (100%)         10M (62%)    
[2024-07-25T19:05:22.529+0800][90.898s][gc,heap     ] GC(4866)      Live:         -                 8M (54%)           8M (54%)           8M (54%)            -                  -          
[2024-07-25T19:05:22.529+0800][90.898s][gc,heap     ] GC(4866) Allocated:         -                 0M (0%)            4M (25%)           4M (25%)            -                  -          
[2024-07-25T19:05:22.529+0800][90.898s][gc,heap     ] GC(4866)   Garbage:         -                 7M (46%)           1M (8%)            1M (8%)             -                  -          
[2024-07-25T19:05:22.529+0800][90.898s][gc,heap     ] GC(4866) Reclaimed:         -                  -                 6M (38%)           6M (38%)            -                  -          
[2024-07-25T19:05:22.529+0800][90.898s][gc          ] GC(4866) Garbage Collection (Allocation Stall) 16M(100%)->14M(88%)
[2024-07-25T19:05:22.532+0800][90.901s][gc,start    ] GC(4867) Garbage Collection (Allocation Stall)
[2024-07-25T19:05:22.532+0800][90.901s][gc,ref      ] GC(4867) Clearing All SoftReferences
[2024-07-25T19:05:22.532+0800][90.901s][gc,task     ] GC(4867) Using 1 workers
[2024-07-25T19:05:22.532+0800][90.901s][gc,phases   ] GC(4867) Pause Mark Start 0.008ms
[2024-07-25T19:05:22.539+0800][90.908s][gc,phases   ] GC(4867) Concurrent Mark 7.140ms
[2024-07-25T19:05:22.540+0800][90.909s][gc,phases   ] GC(4867) Pause Mark End 0.015ms
[2024-07-25T19:05:22.540+0800][90.909s][gc,phases   ] GC(4867) Concurrent Mark Free 0.002ms
[2024-07-25T19:05:22.542+0800][90.911s][gc,phases   ] GC(4867) Concurrent Process Non-Strong References 1.888ms
[2024-07-25T19:05:22.542+0800][90.911s][gc,phases   ] GC(4867) Concurrent Reset Relocation Set 0.001ms
[2024-07-25T19:05:22.545+0800][90.914s][gc,phases   ] GC(4867) Concurrent Select Relocation Set 2.869ms
[2024-07-25T19:05:22.545+0800][90.914s][gc          ] Allocation Stall (main) 12.769ms
[2024-07-25T19:05:22.545+0800][90.914s][gc,phases   ] GC(4867) Pause Relocate Start 0.047ms
[2024-07-25T19:05:22.545+0800][90.914s][gc,phases   ] GC(4867) Concurrent Relocate 0.052ms
[2024-07-25T19:05:22.545+0800][90.914s][gc,load     ] GC(4867) Load: 0.00/0.00/0.00
[2024-07-25T19:05:22.545+0800][90.914s][gc,mmu      ] GC(4867) MMU: 2ms/88.2%, 5ms/95.3%, 10ms/97.6%, 20ms/98.8%, 50ms/99.4%, 100ms/99.6%
[2024-07-25T19:05:22.545+0800][90.914s][gc,marking  ] GC(4867) Mark: 1 stripe(s), 1 proactive flush(es), 1 terminate flush(es), 0 completion(s), 0 continuation(s) 
[2024-07-25T19:05:22.545+0800][90.914s][gc,marking  ] GC(4867) Mark Stack Usage: 32M
[2024-07-25T19:05:22.545+0800][90.914s][gc,nmethod  ] GC(4867) NMethods: 535 registered, 0 unregistered
[2024-07-25T19:05:22.546+0800][90.915s][gc,metaspace] GC(4867) Metaspace: 1M used, 1M committed, 1088M reserved
[2024-07-25T19:05:22.546+0800][90.915s][gc,ref      ] GC(4867) Soft: 46 encountered, 25 discovered, 0 enqueued
[2024-07-25T19:05:22.546+0800][90.915s][gc,ref      ] GC(4867) Weak: 131 encountered, 107 discovered, 0 enqueued
[2024-07-25T19:05:22.546+0800][90.915s][gc,ref      ] GC(4867) Final: 0 encountered, 0 discovered, 0 enqueued
[2024-07-25T19:05:22.546+0800][90.915s][gc,ref      ] GC(4867) Phantom: 184 encountered, 98 discovered, 0 enqueued
[2024-07-25T19:05:22.546+0800][90.915s][gc,reloc    ] GC(4867) Small Pages: 4 / 8M, Empty: 2M, Relocated: 0M, In-Place: 0
[2024-07-25T19:05:22.546+0800][90.915s][gc,reloc    ] GC(4867) Large Pages: 4 / 8M, Empty: 4M, Relocated: 0M, In-Place: 0
[2024-07-25T19:05:22.546+0800][90.915s][gc,reloc    ] GC(4867) Forwarding Usage: 0M
[2024-07-25T19:05:22.546+0800][90.915s][gc,heap     ] GC(4867) Min Capacity: 8M(50%)
[2024-07-25T19:05:22.546+0800][90.915s][gc,heap     ] GC(4867) Max Capacity: 16M(100%)
[2024-07-25T19:05:22.546+0800][90.915s][gc,heap     ] GC(4867) Soft Max Capacity: 16M(100%)
[2024-07-25T19:05:22.546+0800][90.915s][gc,heap     ] GC(4867)                Mark Start          Mark End        Relocate Start      Relocate End           High               Low         
[2024-07-25T19:05:22.546+0800][90.915s][gc,heap     ] GC(4867)  Capacity:       16M (100%)         16M (100%)         16M (100%)         16M (100%)         16M (100%)         16M (100%)   
[2024-07-25T19:05:22.546+0800][90.915s][gc,heap     ] GC(4867)      Free:        0M (0%)            0M (0%)            4M (25%)           4M (25%)           6M (38%)           0M (0%)     
[2024-07-25T19:05:22.546+0800][90.915s][gc,heap     ] GC(4867)      Used:       16M (100%)         16M (100%)         12M (75%)          12M (75%)          16M (100%)         10M (62%)    
[2024-07-25T19:05:22.546+0800][90.915s][gc,heap     ] GC(4867)      Live:         -                 8M (54%)           8M (54%)           8M (54%)            -                  -          
[2024-07-25T19:05:22.546+0800][90.915s][gc,heap     ] GC(4867) Allocated:         -                 0M (0%)            2M (12%)           2M (12%)            -                  -          
[2024-07-25T19:05:22.546+0800][90.915s][gc,heap     ] GC(4867)   Garbage:         -                 7M (46%)           1M (8%)            1M (8%)             -                  -          
[2024-07-25T19:05:22.546+0800][90.915s][gc,heap     ] GC(4867) Reclaimed:         -                  -                 6M (38%)           6M (38%)            -                  -          
[2024-07-25T19:05:22.546+0800][90.915s][gc          ] GC(4867) Garbage Collection (Allocation Stall) 16M(100%)->12M(75%)
[2024-07-25T19:05:22.550+0800][90.919s][gc,start    ] GC(4868) Garbage Collection (Allocation Stall)
[2024-07-25T19:05:22.550+0800][90.919s][gc,ref      ] GC(4868) Clearing All SoftReferences
[2024-07-25T19:05:22.550+0800][90.919s][gc,task     ] GC(4868) Using 1 workers
[2024-07-25T19:05:22.550+0800][90.919s][gc,phases   ] GC(4868) Pause Mark Start 0.008ms
[2024-07-25T19:05:22.556+0800][90.925s][gc,phases   ] GC(4868) Concurrent Mark 6.338ms
[2024-07-25T19:05:22.556+0800][90.925s][gc,phases   ] GC(4868) Pause Mark End 0.030ms
[2024-07-25T19:05:22.556+0800][90.926s][gc,phases   ] GC(4868) Concurrent Mark Free 0.002ms
[2024-07-25T19:05:22.558+0800][90.928s][gc,phases   ] GC(4868) Concurrent Process Non-Strong References 1.908ms
[2024-07-25T19:05:22.558+0800][90.928s][gc,phases   ] GC(4868) Concurrent Reset Relocation Set 0.001ms
[2024-07-25T19:05:22.561+0800][90.931s][gc          ] Allocation Stall (main) 12.254ms
[2024-07-25T19:05:22.561+0800][90.931s][gc,phases   ] GC(4868) Concurrent Select Relocation Set 3.051ms
[2024-07-25T19:05:22.561+0800][90.931s][gc,phases   ] GC(4868) Pause Relocate Start 0.009ms
[2024-07-25T19:05:22.562+0800][90.931s][gc,phases   ] GC(4868) Concurrent Relocate 0.095ms
[2024-07-25T19:05:22.562+0800][90.931s][gc,load     ] GC(4868) Load: 0.00/0.00/0.00
[2024-07-25T19:05:22.562+0800][90.931s][gc,mmu      ] GC(4868) MMU: 2ms/88.2%, 5ms/95.3%, 10ms/97.6%, 20ms/98.8%, 50ms/99.4%, 100ms/99.6%
[2024-07-25T19:05:22.562+0800][90.931s][gc,marking  ] GC(4868) Mark: 1 stripe(s), 1 proactive flush(es), 1 terminate flush(es), 0 completion(s), 0 continuation(s) 
[2024-07-25T19:05:22.562+0800][90.931s][gc,marking  ] GC(4868) Mark Stack Usage: 32M
[2024-07-25T19:05:22.562+0800][90.931s][gc,nmethod  ] GC(4868) NMethods: 535 registered, 0 unregistered
[2024-07-25T19:05:22.562+0800][90.931s][gc,metaspace] GC(4868) Metaspace: 1M used, 1M committed, 1088M reserved
[2024-07-25T19:05:22.562+0800][90.931s][gc,ref      ] GC(4868) Soft: 46 encountered, 25 discovered, 0 enqueued
[2024-07-25T19:05:22.562+0800][90.931s][gc,ref      ] GC(4868) Weak: 131 encountered, 107 discovered, 0 enqueued
[2024-07-25T19:05:22.562+0800][90.932s][gc,ref      ] GC(4868) Final: 0 encountered, 0 discovered, 0 enqueued
[2024-07-25T19:05:22.562+0800][90.932s][gc,ref      ] GC(4868) Phantom: 184 encountered, 98 discovered, 0 enqueued
[2024-07-25T19:05:22.562+0800][90.932s][gc,reloc    ] GC(4868) Small Pages: 4 / 8M, Empty: 2M, Relocated: 0M, In-Place: 0
[2024-07-25T19:05:22.562+0800][90.932s][gc,reloc    ] GC(4868) Large Pages: 4 / 8M, Empty: 4M, Relocated: 0M, In-Place: 0
[2024-07-25T19:05:22.562+0800][90.932s][gc,reloc    ] GC(4868) Forwarding Usage: 0M
[2024-07-25T19:05:22.562+0800][90.932s][gc,heap     ] GC(4868) Min Capacity: 8M(50%)
[2024-07-25T19:05:22.562+0800][90.932s][gc,heap     ] GC(4868) Max Capacity: 16M(100%)
[2024-07-25T19:05:22.562+0800][90.932s][gc,heap     ] GC(4868) Soft Max Capacity: 16M(100%)
[2024-07-25T19:05:22.562+0800][90.932s][gc,heap     ] GC(4868)                Mark Start          Mark End        Relocate Start      Relocate End           High               Low         
[2024-07-25T19:05:22.562+0800][90.932s][gc,heap     ] GC(4868)  Capacity:       16M (100%)         16M (100%)         16M (100%)         16M (100%)         16M (100%)         16M (100%)   
[2024-07-25T19:05:22.562+0800][90.932s][gc,heap     ] GC(4868)      Free:        0M (0%)            0M (0%)            2M (12%)           2M (12%)           6M (38%)           0M (0%)     
[2024-07-25T19:05:22.562+0800][90.932s][gc,heap     ] GC(4868)      Used:       16M (100%)         16M (100%)         14M (88%)          14M (88%)          16M (100%)         10M (62%)    
[2024-07-25T19:05:22.562+0800][90.932s][gc,heap     ] GC(4868)      Live:         -                 8M (54%)           8M (54%)           8M (54%)            -                  -          
[2024-07-25T19:05:22.562+0800][90.932s][gc,heap     ] GC(4868) Allocated:         -                 0M (0%)            4M (25%)           4M (25%)            -                  -          
[2024-07-25T19:05:22.562+0800][90.932s][gc,heap     ] GC(4868)   Garbage:         -                 7M (46%)           1M (8%)            1M (8%)             -                  -          
[2024-07-25T19:05:22.562+0800][90.932s][gc,heap     ] GC(4868) Reclaimed:         -                  -                 6M (38%)           6M (38%)            -                  -          
[2024-07-25T19:05:22.562+0800][90.932s][gc          ] GC(4868) Garbage Collection (Allocation Stall) 16M(100%)->14M(88%)
[2024-07-25T19:05:22.566+0800][90.935s][gc,start    ] GC(4869) Garbage Collection (Allocation Stall)
[2024-07-25T19:05:22.566+0800][90.935s][gc,ref      ] GC(4869) Clearing All SoftReferences
[2024-07-25T19:05:22.566+0800][90.935s][gc,task     ] GC(4869) Using 1 workers
[2024-07-25T19:05:22.566+0800][90.935s][gc,phases   ] GC(4869) Pause Mark Start 0.009ms
[2024-07-25T19:05:22.573+0800][90.942s][gc,phases   ] GC(4869) Concurrent Mark 6.189ms
[2024-07-25T19:05:22.573+0800][90.942s][gc,phases   ] GC(4869) Pause Mark End 0.019ms
[2024-07-25T19:05:22.573+0800][90.942s][gc,phases   ] GC(4869) Concurrent Mark Free 0.003ms
[2024-07-25T19:05:22.575+0800][90.944s][gc,phases   ] GC(4869) Concurrent Process Non-Strong References 2.137ms
[2024-07-25T19:05:22.575+0800][90.944s][gc,phases   ] GC(4869) Concurrent Reset Relocation Set 0.001ms
[2024-07-25T19:05:22.578+0800][90.947s][gc          ] Allocation Stall (main) 12.185ms
[2024-07-25T19:05:22.578+0800][90.947s][gc,phases   ] GC(4869) Concurrent Select Relocation Set 2.849ms
[2024-07-25T19:05:22.578+0800][90.948s][gc,phases   ] GC(4869) Pause Relocate Start 0.009ms
[2024-07-25T19:05:22.578+0800][90.948s][gc,phases   ] GC(4869) Concurrent Relocate 0.092ms
[2024-07-25T19:05:22.578+0800][90.948s][gc,load     ] GC(4869) Load: 0.00/0.00/0.00
[2024-07-25T19:05:22.578+0800][90.948s][gc,mmu      ] GC(4869) MMU: 2ms/88.2%, 5ms/95.3%, 10ms/97.6%, 20ms/98.8%, 50ms/99.4%, 100ms/99.6%
[2024-07-25T19:05:22.578+0800][90.948s][gc,marking  ] GC(4869) Mark: 1 stripe(s), 1 proactive flush(es), 1 terminate flush(es), 0 completion(s), 0 continuation(s) 
[2024-07-25T19:05:22.578+0800][90.948s][gc,marking  ] GC(4869) Mark Stack Usage: 32M
[2024-07-25T19:05:22.579+0800][90.948s][gc,nmethod  ] GC(4869) NMethods: 535 registered, 0 unregistered
[2024-07-25T19:05:22.579+0800][90.948s][gc,metaspace] GC(4869) Metaspace: 1M used, 1M committed, 1088M reserved
[2024-07-25T19:05:22.579+0800][90.948s][gc,ref      ] GC(4869) Soft: 46 encountered, 25 discovered, 0 enqueued
[2024-07-25T19:05:22.579+0800][90.948s][gc,ref      ] GC(4869) Weak: 131 encountered, 107 discovered, 0 enqueued
[2024-07-25T19:05:22.579+0800][90.948s][gc,ref      ] GC(4869) Final: 0 encountered, 0 discovered, 0 enqueued
[2024-07-25T19:05:22.579+0800][90.948s][gc,ref      ] GC(4869) Phantom: 184 encountered, 98 discovered, 0 enqueued
[2024-07-25T19:05:22.579+0800][90.948s][gc,reloc    ] GC(4869) Small Pages: 4 / 8M, Empty: 2M, Relocated: 0M, In-Place: 0
[2024-07-25T19:05:22.579+0800][90.948s][gc,reloc    ] GC(4869) Large Pages: 4 / 8M, Empty: 4M, Relocated: 0M, In-Place: 0
[2024-07-25T19:05:22.579+0800][90.948s][gc,reloc    ] GC(4869) Forwarding Usage: 0M
[2024-07-25T19:05:22.579+0800][90.948s][gc,heap     ] GC(4869) Min Capacity: 8M(50%)
[2024-07-25T19:05:22.579+0800][90.948s][gc,heap     ] GC(4869) Max Capacity: 16M(100%)
[2024-07-25T19:05:22.579+0800][90.948s][gc,heap     ] GC(4869) Soft Max Capacity: 16M(100%)
[2024-07-25T19:05:22.579+0800][90.948s][gc,heap     ] GC(4869)                Mark Start          Mark End        Relocate Start      Relocate End           High               Low         
[2024-07-25T19:05:22.579+0800][90.948s][gc,heap     ] GC(4869)  Capacity:       16M (100%)         16M (100%)         16M (100%)         16M (100%)         16M (100%)         16M (100%)   
[2024-07-25T19:05:22.579+0800][90.948s][gc,heap     ] GC(4869)      Free:        0M (0%)            0M (0%)            2M (12%)           2M (12%)           6M (38%)           0M (0%)     
[2024-07-25T19:05:22.579+0800][90.948s][gc,heap     ] GC(4869)      Used:       16M (100%)         16M (100%)         14M (88%)          14M (88%)          16M (100%)         10M (62%)    
[2024-07-25T19:05:22.579+0800][90.949s][gc,heap     ] GC(4869)      Live:         -                 8M (54%)           8M (54%)           8M (54%)            -                  -          
[2024-07-25T19:05:22.579+0800][90.949s][gc,heap     ] GC(4869) Allocated:         -                 0M (0%)            4M (25%)           4M (25%)            -                  -          
[2024-07-25T19:05:22.579+0800][90.949s][gc,heap     ] GC(4869)   Garbage:         -                 7M (46%)           1M (8%)            1M (8%)             -                  -          
[2024-07-25T19:05:22.579+0800][90.949s][gc,heap     ] GC(4869) Reclaimed:         -                  -                 6M (38%)           6M (38%)            -                  -          
[2024-07-25T19:05:22.579+0800][90.949s][gc          ] GC(4869) Garbage Collection (Allocation Stall) 16M(100%)->14M(88%)
[2024-07-25T19:05:22.583+0800][90.952s][gc,start    ] GC(4870) Garbage Collection (Allocation Stall)
[2024-07-25T19:05:22.583+0800][90.952s][gc,ref      ] GC(4870) Clearing All SoftReferences
[2024-07-25T19:05:22.583+0800][90.952s][gc,task     ] GC(4870) Using 1 workers
[2024-07-25T19:05:22.583+0800][90.952s][gc,phases   ] GC(4870) Pause Mark Start 0.008ms
[2024-07-25T19:05:22.590+0800][90.959s][gc,phases   ] GC(4870) Concurrent Mark 6.625ms
[2024-07-25T19:05:22.590+0800][90.959s][gc,phases   ] GC(4870) Pause Mark End 0.015ms
[2024-07-25T19:05:22.590+0800][90.960s][gc,phases   ] GC(4870) Concurrent Mark Free 0.001ms
[2024-07-25T19:05:22.592+0800][90.962s][gc,phases   ] GC(4870) Concurrent Process Non-Strong References 2.077ms
[2024-07-25T19:05:22.592+0800][90.962s][gc,phases   ] GC(4870) Concurrent Reset Relocation Set 0.001ms
[2024-07-25T19:05:22.595+0800][90.965s][gc          ] Allocation Stall (main) 12.645ms
[2024-07-25T19:05:22.595+0800][90.965s][gc,phases   ] GC(4870) Concurrent Select Relocation Set 3.090ms
[2024-07-25T19:05:22.595+0800][90.965s][gc,phases   ] GC(4870) Pause Relocate Start 0.008ms
[2024-07-25T19:05:22.596+0800][90.965s][gc,phases   ] GC(4870) Concurrent Relocate 0.095ms
[2024-07-25T19:05:22.596+0800][90.965s][gc,load     ] GC(4870) Load: 0.00/0.00/0.00
[2024-07-25T19:05:22.596+0800][90.965s][gc,mmu      ] GC(4870) MMU: 2ms/88.2%, 5ms/95.3%, 10ms/97.6%, 20ms/98.8%, 50ms/99.4%, 100ms/99.6%
[2024-07-25T19:05:22.596+0800][90.965s][gc,marking  ] GC(4870) Mark: 1 stripe(s), 1 proactive flush(es), 1 terminate flush(es), 0 completion(s), 0 continuation(s) 
[2024-07-25T19:05:22.596+0800][90.965s][gc,marking  ] GC(4870) Mark Stack Usage: 32M
[2024-07-25T19:05:22.596+0800][90.965s][gc,nmethod  ] GC(4870) NMethods: 535 registered, 0 unregistered
[2024-07-25T19:05:22.596+0800][90.965s][gc,metaspace] GC(4870) Metaspace: 1M used, 1M committed, 1088M reserved
[2024-07-25T19:05:22.596+0800][90.965s][gc,ref      ] GC(4870) Soft: 46 encountered, 25 discovered, 0 enqueued
[2024-07-25T19:05:22.596+0800][90.966s][gc,ref      ] GC(4870) Weak: 131 encountered, 107 discovered, 0 enqueued
[2024-07-25T19:05:22.596+0800][90.966s][gc,ref      ] GC(4870) Final: 0 encountered, 0 discovered, 0 enqueued
[2024-07-25T19:05:22.596+0800][90.966s][gc,ref      ] GC(4870) Phantom: 184 encountered, 98 discovered, 0 enqueued
[2024-07-25T19:05:22.596+0800][90.966s][gc,reloc    ] GC(4870) Small Pages: 4 / 8M, Empty: 2M, Relocated: 0M, In-Place: 0
[2024-07-25T19:05:22.596+0800][90.966s][gc,reloc    ] GC(4870) Large Pages: 4 / 8M, Empty: 4M, Relocated: 0M, In-Place: 0
[2024-07-25T19:05:22.596+0800][90.966s][gc,reloc    ] GC(4870) Forwarding Usage: 0M
[2024-07-25T19:05:22.596+0800][90.966s][gc,heap     ] GC(4870) Min Capacity: 8M(50%)
[2024-07-25T19:05:22.596+0800][90.966s][gc,heap     ] GC(4870) Max Capacity: 16M(100%)
[2024-07-25T19:05:22.596+0800][90.966s][gc,heap     ] GC(4870) Soft Max Capacity: 16M(100%)
[2024-07-25T19:05:22.596+0800][90.966s][gc,heap     ] GC(4870)                Mark Start          Mark End        Relocate Start      Relocate End           High               Low         
[2024-07-25T19:05:22.596+0800][90.966s][gc,heap     ] GC(4870)  Capacity:       16M (100%)         16M (100%)         16M (100%)         16M (100%)         16M (100%)         16M (100%)   
[2024-07-25T19:05:22.596+0800][90.966s][gc,heap     ] GC(4870)      Free:        0M (0%)            0M (0%)            2M (12%)           2M (12%)           6M (38%)           0M (0%)     
[2024-07-25T19:05:22.596+0800][90.966s][gc,heap     ] GC(4870)      Used:       16M (100%)         16M (100%)         14M (88%)          14M (88%)          16M (100%)         10M (62%)    
[2024-07-25T19:05:22.596+0800][90.966s][gc,heap     ] GC(4870)      Live:         -                 8M (54%)           8M (54%)           8M (54%)            -                  -          
[2024-07-25T19:05:22.596+0800][90.966s][gc,heap     ] GC(4870) Allocated:         -                 0M (0%)            4M (25%)           4M (25%)            -                  -          
[2024-07-25T19:05:22.596+0800][90.966s][gc,heap     ] GC(4870)   Garbage:         -                 7M (46%)           1M (8%)            1M (8%)             -                  -          
[2024-07-25T19:05:22.596+0800][90.966s][gc,heap     ] GC(4870) Reclaimed:         -                  -                 6M (38%)           6M (38%)            -                  -          
[2024-07-25T19:05:22.596+0800][90.966s][gc          ] GC(4870) Garbage Collection (Allocation Stall) 16M(100%)->14M(88%)
[2024-07-25T19:05:22.600+0800][90.969s][gc,start    ] GC(4871) Garbage Collection (Allocation Stall)
[2024-07-25T19:05:22.600+0800][90.970s][gc,ref      ] GC(4871) Clearing All SoftReferences
[2024-07-25T19:05:22.600+0800][90.970s][gc,task     ] GC(4871) Using 1 workers
[2024-07-25T19:05:22.600+0800][90.970s][gc,phases   ] GC(4871) Pause Mark Start 0.009ms
[2024-07-25T19:05:22.607+0800][90.976s][gc,phases   ] GC(4871) Concurrent Mark 5.942ms
[2024-07-25T19:05:22.607+0800][90.976s][gc,phases   ] GC(4871) Pause Mark End 0.036ms
[2024-07-25T19:05:22.607+0800][90.976s][gc,phases   ] GC(4871) Concurrent Mark Free 0.003ms
[2024-07-25T19:05:22.608+0800][90.978s][gc,phases   ] GC(4871) Concurrent Process Non-Strong References 1.783ms
[2024-07-25T19:05:22.608+0800][90.978s][gc,phases   ] GC(4871) Concurrent Reset Relocation Set 0.001ms
[2024-07-25T19:05:22.611+0800][90.981s][gc          ] Allocation Stall (main) 11.182ms
[2024-07-25T19:05:22.612+0800][90.981s][gc,phases   ] GC(4871) Concurrent Select Relocation Set 2.616ms
[2024-07-25T19:05:22.612+0800][90.981s][gc,phases   ] GC(4871) Pause Relocate Start 0.008ms
[2024-07-25T19:05:22.612+0800][90.981s][gc,phases   ] GC(4871) Concurrent Relocate 0.042ms
[2024-07-25T19:05:22.612+0800][90.981s][gc,load     ] GC(4871) Load: 0.00/0.00/0.00
[2024-07-25T19:05:22.612+0800][90.981s][gc,mmu      ] GC(4871) MMU: 2ms/88.2%, 5ms/95.3%, 10ms/97.6%, 20ms/98.8%, 50ms/99.4%, 100ms/99.6%
[2024-07-25T19:05:22.612+0800][90.981s][gc,marking  ] GC(4871) Mark: 1 stripe(s), 1 proactive flush(es), 1 terminate flush(es), 0 completion(s), 0 continuation(s) 
[2024-07-25T19:05:22.612+0800][90.981s][gc,marking  ] GC(4871) Mark Stack Usage: 32M
[2024-07-25T19:05:22.612+0800][90.981s][gc,nmethod  ] GC(4871) NMethods: 535 registered, 0 unregistered
[2024-07-25T19:05:22.612+0800][90.981s][gc,metaspace] GC(4871) Metaspace: 1M used, 1M committed, 1088M reserved
[2024-07-25T19:05:22.612+0800][90.981s][gc,ref      ] GC(4871) Soft: 46 encountered, 25 discovered, 0 enqueued
[2024-07-25T19:05:22.612+0800][90.981s][gc,ref      ] GC(4871) Weak: 131 encountered, 107 discovered, 0 enqueued
[2024-07-25T19:05:22.612+0800][90.981s][gc,ref      ] GC(4871) Final: 0 encountered, 0 discovered, 0 enqueued
[2024-07-25T19:05:22.612+0800][90.981s][gc,ref      ] GC(4871) Phantom: 184 encountered, 98 discovered, 0 enqueued
[2024-07-25T19:05:22.612+0800][90.981s][gc,reloc    ] GC(4871) Small Pages: 4 / 8M, Empty: 2M, Relocated: 0M, In-Place: 0
[2024-07-25T19:05:22.612+0800][90.981s][gc,reloc    ] GC(4871) Large Pages: 4 / 8M, Empty: 4M, Relocated: 0M, In-Place: 0
[2024-07-25T19:05:22.612+0800][90.981s][gc,reloc    ] GC(4871) Forwarding Usage: 0M
[2024-07-25T19:05:22.612+0800][90.981s][gc,heap     ] GC(4871) Min Capacity: 8M(50%)
[2024-07-25T19:05:22.612+0800][90.981s][gc,heap     ] GC(4871) Max Capacity: 16M(100%)
[2024-07-25T19:05:22.612+0800][90.981s][gc,heap     ] GC(4871) Soft Max Capacity: 16M(100%)
[2024-07-25T19:05:22.612+0800][90.981s][gc,heap     ] GC(4871)                Mark Start          Mark End        Relocate Start      Relocate End           High               Low         
[2024-07-25T19:05:22.612+0800][90.981s][gc,heap     ] GC(4871)  Capacity:       16M (100%)         16M (100%)         16M (100%)         16M (100%)         16M (100%)         16M (100%)   
[2024-07-25T19:05:22.612+0800][90.982s][gc,heap     ] GC(4871)      Free:        0M (0%)            0M (0%)            2M (12%)           2M (12%)           6M (38%)           0M (0%)     
[2024-07-25T19:05:22.612+0800][90.982s][gc,heap     ] GC(4871)      Used:       16M (100%)         16M (100%)         14M (88%)          14M (88%)          16M (100%)         10M (62%)    
[2024-07-25T19:05:22.612+0800][90.982s][gc,heap     ] GC(4871)      Live:         -                 8M (54%)           8M (54%)           8M (54%)            -                  -          
[2024-07-25T19:05:22.612+0800][90.982s][gc,heap     ] GC(4871) Allocated:         -                 0M (0%)            4M (25%)           4M (25%)            -                  -          
[2024-07-25T19:05:22.612+0800][90.982s][gc,heap     ] GC(4871)   Garbage:         -                 7M (46%)           1M (8%)            1M (8%)             -                  -          
[2024-07-25T19:05:22.612+0800][90.982s][gc,heap     ] GC(4871) Reclaimed:         -                  -                 6M (38%)           6M (38%)            -                  -          
[2024-07-25T19:05:22.612+0800][90.982s][gc          ] GC(4871) Garbage Collection (Allocation Stall) 16M(100%)->14M(88%)
[2024-07-25T19:05:22.616+0800][90.984s][gc,start    ] GC(4872) Garbage Collection (Allocation Stall)
[2024-07-25T19:05:22.616+0800][90.985s][gc,ref      ] GC(4872) Clearing All SoftReferences
[2024-07-25T19:05:22.616+0800][90.985s][gc,task     ] GC(4872) Using 1 workers
[2024-07-25T19:05:22.616+0800][90.985s][gc,phases   ] GC(4872) Pause Mark Start 0.009ms
[2024-07-25T19:05:22.621+0800][90.991s][gc,phases   ] GC(4872) Concurrent Mark 6.005ms
[2024-07-25T19:05:22.621+0800][90.991s][gc,phases   ] GC(4872) Pause Mark End 0.009ms
[2024-07-25T19:05:22.622+0800][90.991s][gc,phases   ] GC(4872) Concurrent Mark Free 0.001ms
[2024-07-25T19:05:22.624+0800][90.993s][gc,phases   ] GC(4872) Concurrent Process Non-Strong References 1.948ms
[2024-07-25T19:05:22.624+0800][90.993s][gc,phases   ] GC(4872) Concurrent Reset Relocation Set 0.001ms
[2024-07-25T19:05:22.626+0800][90.996s][gc          ] Allocation Stall (main) 11.474ms
[2024-07-25T19:05:22.626+0800][90.996s][gc,phases   ] GC(4872) Concurrent Select Relocation Set 2.640ms
[2024-07-25T19:05:22.627+0800][90.996s][gc,phases   ] GC(4872) Pause Relocate Start 0.008ms
[2024-07-25T19:05:22.627+0800][90.996s][gc,phases   ] GC(4872) Concurrent Relocate 0.121ms
[2024-07-25T19:05:22.627+0800][90.996s][gc,load     ] GC(4872) Load: 0.00/0.00/0.00
[2024-07-25T19:05:22.627+0800][90.997s][gc,mmu      ] GC(4872) MMU: 2ms/88.2%, 5ms/95.3%, 10ms/97.6%, 20ms/98.8%, 50ms/99.4%, 100ms/99.6%
[2024-07-25T19:05:22.627+0800][90.997s][gc,marking  ] GC(4872) Mark: 1 stripe(s), 1 proactive flush(es), 1 terminate flush(es), 0 completion(s), 0 continuation(s) 
[2024-07-25T19:05:22.627+0800][90.997s][gc,marking  ] GC(4872) Mark Stack Usage: 32M
[2024-07-25T19:05:22.627+0800][90.997s][gc,nmethod  ] GC(4872) NMethods: 535 registered, 0 unregistered
[2024-07-25T19:05:22.627+0800][90.997s][gc,metaspace] GC(4872) Metaspace: 1M used, 1M committed, 1088M reserved
[2024-07-25T19:05:22.627+0800][90.997s][gc,ref      ] GC(4872) Soft: 46 encountered, 25 discovered, 0 enqueued
[2024-07-25T19:05:22.627+0800][90.997s][gc,ref      ] GC(4872) Weak: 131 encountered, 107 discovered, 0 enqueued
[2024-07-25T19:05:22.627+0800][90.997s][gc,ref      ] GC(4872) Final: 0 encountered, 0 discovered, 0 enqueued
[2024-07-25T19:05:22.627+0800][90.997s][gc,ref      ] GC(4872) Phantom: 184 encountered, 98 discovered, 0 enqueued
[2024-07-25T19:05:22.627+0800][90.997s][gc,reloc    ] GC(4872) Small Pages: 4 / 8M, Empty: 2M, Relocated: 0M, In-Place: 0
[2024-07-25T19:05:22.627+0800][90.997s][gc,reloc    ] GC(4872) Large Pages: 4 / 8M, Empty: 4M, Relocated: 0M, In-Place: 0
[2024-07-25T19:05:22.627+0800][90.997s][gc,reloc    ] GC(4872) Forwarding Usage: 0M
[2024-07-25T19:05:22.627+0800][90.997s][gc,heap     ] GC(4872) Min Capacity: 8M(50%)
[2024-07-25T19:05:22.627+0800][90.997s][gc,heap     ] GC(4872) Max Capacity: 16M(100%)
[2024-07-25T19:05:22.627+0800][90.997s][gc,heap     ] GC(4872) Soft Max Capacity: 16M(100%)
[2024-07-25T19:05:22.627+0800][90.997s][gc,heap     ] GC(4872)                Mark Start          Mark End        Relocate Start      Relocate End           High               Low         
[2024-07-25T19:05:22.627+0800][90.997s][gc,heap     ] GC(4872)  Capacity:       16M (100%)         16M (100%)         16M (100%)         16M (100%)         16M (100%)         16M (100%)   
[2024-07-25T19:05:22.627+0800][90.997s][gc,heap     ] GC(4872)      Free:        0M (0%)            0M (0%)            2M (12%)           2M (12%)           6M (38%)           0M (0%)     
[2024-07-25T19:05:22.628+0800][90.997s][gc,heap     ] GC(4872)      Used:       16M (100%)         16M (100%)         14M (88%)          14M (88%)          16M (100%)         10M (62%)    
[2024-07-25T19:05:22.628+0800][90.997s][gc,heap     ] GC(4872)      Live:         -                 8M (54%)           8M (54%)           8M (54%)            -                  -          
[2024-07-25T19:05:22.628+0800][90.997s][gc,heap     ] GC(4872) Allocated:         -                 0M (0%)            4M (25%)           4M (25%)            -                  -          
[2024-07-25T19:05:22.628+0800][90.997s][gc,heap     ] GC(4872)   Garbage:         -                 7M (46%)           1M (8%)            1M (8%)             -                  -          
[2024-07-25T19:05:22.628+0800][90.997s][gc,heap     ] GC(4872) Reclaimed:         -                  -                 6M (38%)           6M (38%)            -                  -          
[2024-07-25T19:05:22.628+0800][90.997s][gc          ] GC(4872) Garbage Collection (Allocation Stall) 16M(100%)->14M(88%)
[2024-07-25T19:05:22.631+0800][91.000s][gc,start    ] GC(4873) Garbage Collection (Allocation Stall)
[2024-07-25T19:05:22.631+0800][91.000s][gc,ref      ] GC(4873) Clearing All SoftReferences
[2024-07-25T19:05:22.631+0800][91.000s][gc,task     ] GC(4873) Using 1 workers
[2024-07-25T19:05:22.631+0800][91.001s][gc,phases   ] GC(4873) Pause Mark Start 0.008ms
[2024-07-25T19:05:22.638+0800][91.007s][gc,phases   ] GC(4873) Concurrent Mark 6.239ms
[2024-07-25T19:05:22.638+0800][91.007s][gc,phases   ] GC(4873) Pause Mark End 0.009ms
[2024-07-25T19:05:22.638+0800][91.007s][gc,phases   ] GC(4873) Concurrent Mark Free 0.001ms
[2024-07-25T19:05:22.639+0800][91.009s][gc,phases   ] GC(4873) Concurrent Process Non-Strong References 1.639ms
[2024-07-25T19:05:22.640+0800][91.009s][gc,phases   ] GC(4873) Concurrent Reset Relocation Set 0.001ms
[2024-07-25T19:05:22.642+0800][91.012s][gc          ] Allocation Stall (main) 11.658ms
[2024-07-25T19:05:22.643+0800][91.012s][gc,phases   ] GC(4873) Concurrent Select Relocation Set 3.019ms
[2024-07-25T19:05:22.643+0800][91.012s][gc,phases   ] GC(4873) Pause Relocate Start 0.008ms
[2024-07-25T19:05:22.643+0800][91.012s][gc,phases   ] GC(4873) Concurrent Relocate 0.127ms
[2024-07-25T19:05:22.643+0800][91.013s][gc,load     ] GC(4873) Load: 0.00/0.00/0.00
[2024-07-25T19:05:22.643+0800][91.013s][gc,mmu      ] GC(4873) MMU: 2ms/88.2%, 5ms/95.3%, 10ms/97.6%, 20ms/98.8%, 50ms/99.4%, 100ms/99.6%
[2024-07-25T19:05:22.643+0800][91.013s][gc,marking  ] GC(4873) Mark: 1 stripe(s), 1 proactive flush(es), 1 terminate flush(es), 0 completion(s), 0 continuation(s) 
[2024-07-25T19:05:22.643+0800][91.013s][gc,marking  ] GC(4873) Mark Stack Usage: 32M
[2024-07-25T19:05:22.643+0800][91.013s][gc,nmethod  ] GC(4873) NMethods: 535 registered, 0 unregistered
[2024-07-25T19:05:22.643+0800][91.013s][gc,metaspace] GC(4873) Metaspace: 1M used, 1M committed, 1088M reserved
[2024-07-25T19:05:22.643+0800][91.013s][gc,ref      ] GC(4873) Soft: 46 encountered, 25 discovered, 0 enqueued
[2024-07-25T19:05:22.643+0800][91.013s][gc,ref      ] GC(4873) Weak: 131 encountered, 107 discovered, 0 enqueued
[2024-07-25T19:05:22.643+0800][91.013s][gc,ref      ] GC(4873) Final: 0 encountered, 0 discovered, 0 enqueued
[2024-07-25T19:05:22.643+0800][91.013s][gc,ref      ] GC(4873) Phantom: 184 encountered, 98 discovered, 0 enqueued
[2024-07-25T19:05:22.643+0800][91.013s][gc,reloc    ] GC(4873) Small Pages: 4 / 8M, Empty: 2M, Relocated: 0M, In-Place: 0
[2024-07-25T19:05:22.643+0800][91.013s][gc,reloc    ] GC(4873) Large Pages: 4 / 8M, Empty: 4M, Relocated: 0M, In-Place: 0
[2024-07-25T19:05:22.643+0800][91.013s][gc,reloc    ] GC(4873) Forwarding Usage: 0M
[2024-07-25T19:05:22.643+0800][91.013s][gc,heap     ] GC(4873) Min Capacity: 8M(50%)
[2024-07-25T19:05:22.643+0800][91.013s][gc,heap     ] GC(4873) Max Capacity: 16M(100%)
[2024-07-25T19:05:22.643+0800][91.013s][gc,heap     ] GC(4873) Soft Max Capacity: 16M(100%)
[2024-07-25T19:05:22.643+0800][91.013s][gc,heap     ] GC(4873)                Mark Start          Mark End        Relocate Start      Relocate End           High               Low         
[2024-07-25T19:05:22.643+0800][91.013s][gc,heap     ] GC(4873)  Capacity:       16M (100%)         16M (100%)         16M (100%)         16M (100%)         16M (100%)         16M (100%)   
[2024-07-25T19:05:22.643+0800][91.013s][gc,heap     ] GC(4873)      Free:        0M (0%)            0M (0%)            2M (12%)           2M (12%)           6M (38%)           0M (0%)     
[2024-07-25T19:05:22.644+0800][91.013s][gc,heap     ] GC(4873)      Used:       16M (100%)         16M (100%)         14M (88%)          14M (88%)          16M (100%)         10M (62%)    
[2024-07-25T19:05:22.644+0800][91.013s][gc,heap     ] GC(4873)      Live:         -                 8M (54%)           8M (54%)           8M (54%)            -                  -          
[2024-07-25T19:05:22.644+0800][91.013s][gc,heap     ] GC(4873) Allocated:         -                 0M (0%)            4M (25%)           4M (25%)            -                  -          
[2024-07-25T19:05:22.644+0800][91.013s][gc,heap     ] GC(4873)   Garbage:         -                 7M (46%)           1M (8%)            1M (8%)             -                  -          
[2024-07-25T19:05:22.644+0800][91.013s][gc,heap     ] GC(4873) Reclaimed:         -                  -                 6M (38%)           6M (38%)            -                  -          
[2024-07-25T19:05:22.644+0800][91.013s][gc          ] GC(4873) Garbage Collection (Allocation Stall) 16M(100%)->14M(88%)
[2024-07-25T19:05:22.647+0800][91.016s][gc,start    ] GC(4874) Garbage Collection (Allocation Stall)
[2024-07-25T19:05:22.647+0800][91.016s][gc,ref      ] GC(4874) Clearing All SoftReferences
[2024-07-25T19:05:22.647+0800][91.016s][gc,task     ] GC(4874) Using 1 workers
[2024-07-25T19:05:22.647+0800][91.017s][gc,phases   ] GC(4874) Pause Mark Start 0.009ms
[2024-07-25T19:05:22.655+0800][91.024s][gc,phases   ] GC(4874) Concurrent Mark 6.780ms
[2024-07-25T19:05:22.655+0800][91.024s][gc,phases   ] GC(4874) Pause Mark End 0.011ms
[2024-07-25T19:05:22.655+0800][91.024s][gc,phases   ] GC(4874) Concurrent Mark Free 0.001ms
[2024-07-25T19:05:22.657+0800][91.026s][gc,phases   ] GC(4874) Concurrent Process Non-Strong References 2.019ms
[2024-07-25T19:05:22.657+0800][91.026s][gc,phases   ] GC(4874) Concurrent Reset Relocation Set 0.001ms
[2024-07-25T19:05:22.660+0800][91.029s][gc          ] Allocation Stall (main) 13.085ms
[2024-07-25T19:05:22.660+0800][91.029s][gc,phases   ] GC(4874) Concurrent Select Relocation Set 3.377ms
[2024-07-25T19:05:22.660+0800][91.030s][gc,phases   ] GC(4874) Pause Relocate Start 0.009ms
[2024-07-25T19:05:22.660+0800][91.030s][gc,phases   ] GC(4874) Concurrent Relocate 0.092ms
[2024-07-25T19:05:22.661+0800][91.030s][gc,load     ] GC(4874) Load: 0.00/0.00/0.00
[2024-07-25T19:05:22.661+0800][91.030s][gc,mmu      ] GC(4874) MMU: 2ms/88.2%, 5ms/95.3%, 10ms/97.6%, 20ms/98.8%, 50ms/99.4%, 100ms/99.6%
[2024-07-25T19:05:22.661+0800][91.030s][gc,marking  ] GC(4874) Mark: 1 stripe(s), 1 proactive flush(es), 1 terminate flush(es), 0 completion(s), 0 continuation(s) 
[2024-07-25T19:05:22.661+0800][91.030s][gc,marking  ] GC(4874) Mark Stack Usage: 32M
[2024-07-25T19:05:22.661+0800][91.030s][gc,nmethod  ] GC(4874) NMethods: 535 registered, 0 unregistered
[2024-07-25T19:05:22.661+0800][91.030s][gc,metaspace] GC(4874) Metaspace: 1M used, 1M committed, 1088M reserved
[2024-07-25T19:05:22.661+0800][91.030s][gc,ref      ] GC(4874) Soft: 46 encountered, 25 discovered, 0 enqueued
[2024-07-25T19:05:22.661+0800][91.030s][gc,ref      ] GC(4874) Weak: 131 encountered, 107 discovered, 0 enqueued
[2024-07-25T19:05:22.661+0800][91.030s][gc,ref      ] GC(4874) Final: 0 encountered, 0 discovered, 0 enqueued
[2024-07-25T19:05:22.661+0800][91.030s][gc,ref      ] GC(4874) Phantom: 184 encountered, 98 discovered, 0 enqueued
[2024-07-25T19:05:22.661+0800][91.030s][gc,reloc    ] GC(4874) Small Pages: 4 / 8M, Empty: 2M, Relocated: 0M, In-Place: 0
[2024-07-25T19:05:22.661+0800][91.030s][gc,reloc    ] GC(4874) Large Pages: 4 / 8M, Empty: 4M, Relocated: 0M, In-Place: 0
[2024-07-25T19:05:22.661+0800][91.030s][gc,reloc    ] GC(4874) Forwarding Usage: 0M
[2024-07-25T19:05:22.661+0800][91.030s][gc,heap     ] GC(4874) Min Capacity: 8M(50%)
[2024-07-25T19:05:22.661+0800][91.030s][gc,heap     ] GC(4874) Max Capacity: 16M(100%)
[2024-07-25T19:05:22.661+0800][91.030s][gc,heap     ] GC(4874) Soft Max Capacity: 16M(100%)
[2024-07-25T19:05:22.661+0800][91.030s][gc,heap     ] GC(4874)                Mark Start          Mark End        Relocate Start      Relocate End           High               Low         
[2024-07-25T19:05:22.661+0800][91.031s][gc,heap     ] GC(4874)  Capacity:       16M (100%)         16M (100%)         16M (100%)         16M (100%)         16M (100%)         16M (100%)   
[2024-07-25T19:05:22.661+0800][91.031s][gc,heap     ] GC(4874)      Free:        0M (0%)            0M (0%)            2M (12%)           2M (12%)           6M (38%)           0M (0%)     
[2024-07-25T19:05:22.661+0800][91.031s][gc,heap     ] GC(4874)      Used:       16M (100%)         16M (100%)         14M (88%)          14M (88%)          16M (100%)         10M (62%)    
[2024-07-25T19:05:22.661+0800][91.031s][gc,heap     ] GC(4874)      Live:         -                 8M (54%)           8M (54%)           8M (54%)            -                  -          
[2024-07-25T19:05:22.661+0800][91.031s][gc,heap     ] GC(4874) Allocated:         -                 0M (0%)            4M (25%)           4M (25%)            -                  -          
[2024-07-25T19:05:22.661+0800][91.031s][gc,heap     ] GC(4874)   Garbage:         -                 7M (46%)           1M (8%)            1M (8%)             -                  -          
[2024-07-25T19:05:22.661+0800][91.031s][gc,heap     ] GC(4874) Reclaimed:         -                  -                 6M (38%)           6M (38%)            -                  -          
[2024-07-25T19:05:22.661+0800][91.031s][gc          ] GC(4874) Garbage Collection (Allocation Stall) 16M(100%)->14M(88%)
[2024-07-25T19:05:22.665+0800][91.034s][gc,start    ] GC(4875) Garbage Collection (Allocation Stall)
[2024-07-25T19:05:22.665+0800][91.034s][gc,ref      ] GC(4875) Clearing All SoftReferences
[2024-07-25T19:05:22.665+0800][91.034s][gc,task     ] GC(4875) Using 1 workers
[2024-07-25T19:05:22.665+0800][91.035s][gc,phases   ] GC(4875) Pause Mark Start 0.009ms
[2024-07-25T19:05:22.673+0800][91.042s][gc,phases   ] GC(4875) Concurrent Mark 7.028ms
[2024-07-25T19:05:22.673+0800][91.042s][gc,phases   ] GC(4875) Pause Mark End 0.012ms
[2024-07-25T19:05:22.673+0800][91.042s][gc,phases   ] GC(4875) Concurrent Mark Free 0.001ms
[2024-07-25T19:05:22.675+0800][91.044s][gc,phases   ] GC(4875) Concurrent Process Non-Strong References 1.950ms
[2024-07-25T19:05:22.675+0800][91.044s][gc,phases   ] GC(4875) Concurrent Reset Relocation Set 0.001ms
[2024-07-25T19:05:22.678+0800][91.047s][gc          ] Allocation Stall (main) 12.952ms
[2024-07-25T19:05:22.678+0800][91.047s][gc,phases   ] GC(4875) Concurrent Select Relocation Set 2.992ms
[2024-07-25T19:05:22.678+0800][91.047s][gc,phases   ] GC(4875) Pause Relocate Start 0.012ms
[2024-07-25T19:05:22.678+0800][91.048s][gc,phases   ] GC(4875) Concurrent Relocate 0.109ms
[2024-07-25T19:05:22.678+0800][91.048s][gc,load     ] GC(4875) Load: 0.00/0.00/0.00
[2024-07-25T19:05:22.678+0800][91.048s][gc,mmu      ] GC(4875) MMU: 2ms/88.2%, 5ms/95.3%, 10ms/97.6%, 20ms/98.8%, 50ms/99.4%, 100ms/99.6%
[2024-07-25T19:05:22.678+0800][91.048s][gc,marking  ] GC(4875) Mark: 1 stripe(s), 1 proactive flush(es), 1 terminate flush(es), 0 completion(s), 0 continuation(s) 
[2024-07-25T19:05:22.678+0800][91.048s][gc,marking  ] GC(4875) Mark Stack Usage: 32M
[2024-07-25T19:05:22.678+0800][91.048s][gc,nmethod  ] GC(4875) NMethods: 535 registered, 0 unregistered
[2024-07-25T19:05:22.678+0800][91.048s][gc,metaspace] GC(4875) Metaspace: 1M used, 1M committed, 1088M reserved
[2024-07-25T19:05:22.678+0800][91.048s][gc,ref      ] GC(4875) Soft: 46 encountered, 25 discovered, 0 enqueued
[2024-07-25T19:05:22.678+0800][91.048s][gc,ref      ] GC(4875) Weak: 131 encountered, 107 discovered, 0 enqueued
[2024-07-25T19:05:22.678+0800][91.048s][gc,ref      ] GC(4875) Final: 0 encountered, 0 discovered, 0 enqueued
[2024-07-25T19:05:22.678+0800][91.048s][gc,ref      ] GC(4875) Phantom: 184 encountered, 98 discovered, 0 enqueued
[2024-07-25T19:05:22.678+0800][91.048s][gc,reloc    ] GC(4875) Small Pages: 4 / 8M, Empty: 2M, Relocated: 0M, In-Place: 0
[2024-07-25T19:05:22.678+0800][91.048s][gc,reloc    ] GC(4875) Large Pages: 4 / 8M, Empty: 4M, Relocated: 0M, In-Place: 0
[2024-07-25T19:05:22.679+0800][91.048s][gc,reloc    ] GC(4875) Forwarding Usage: 0M
[2024-07-25T19:05:22.679+0800][91.048s][gc,heap     ] GC(4875) Min Capacity: 8M(50%)
[2024-07-25T19:05:22.679+0800][91.048s][gc,heap     ] GC(4875) Max Capacity: 16M(100%)
[2024-07-25T19:05:22.679+0800][91.048s][gc,heap     ] GC(4875) Soft Max Capacity: 16M(100%)
[2024-07-25T19:05:22.679+0800][91.048s][gc,heap     ] GC(4875)                Mark Start          Mark End        Relocate Start      Relocate End           High               Low         
[2024-07-25T19:05:22.679+0800][91.048s][gc,heap     ] GC(4875)  Capacity:       16M (100%)         16M (100%)         16M (100%)         16M (100%)         16M (100%)         16M (100%)   
[2024-07-25T19:05:22.679+0800][91.048s][gc,heap     ] GC(4875)      Free:        0M (0%)            0M (0%)            2M (12%)           2M (12%)           6M (38%)           0M (0%)     
[2024-07-25T19:05:22.679+0800][91.048s][gc,heap     ] GC(4875)      Used:       16M (100%)         16M (100%)         14M (88%)          14M (88%)          16M (100%)         10M (62%)    
[2024-07-25T19:05:22.679+0800][91.048s][gc,heap     ] GC(4875)      Live:         -                 8M (54%)           8M (54%)           8M (54%)            -                  -          
[2024-07-25T19:05:22.679+0800][91.048s][gc,heap     ] GC(4875) Allocated:         -                 0M (0%)            4M (25%)           4M (25%)            -                  -          
[2024-07-25T19:05:22.679+0800][91.048s][gc,heap     ] GC(4875)   Garbage:         -                 7M (46%)           1M (8%)            1M (8%)             -                  -          
[2024-07-25T19:05:22.679+0800][91.048s][gc,heap     ] GC(4875) Reclaimed:         -                  -                 6M (38%)           6M (38%)            -                  -          
[2024-07-25T19:05:22.679+0800][91.048s][gc          ] GC(4875) Garbage Collection (Allocation Stall) 16M(100%)->14M(88%)
[2024-07-25T19:05:22.683+0800][91.052s][gc,start    ] GC(4876) Garbage Collection (Allocation Stall)
[2024-07-25T19:05:22.683+0800][91.053s][gc,ref      ] GC(4876) Clearing All SoftReferences
[2024-07-25T19:05:22.683+0800][91.053s][gc,task     ] GC(4876) Using 1 workers
[2024-07-25T19:05:22.683+0800][91.053s][gc,phases   ] GC(4876) Pause Mark Start 0.008ms
[2024-07-25T19:05:22.693+0800][91.062s][gc,phases   ] GC(4876) Concurrent Mark 9.337ms
[2024-07-25T19:05:22.693+0800][91.062s][gc,phases   ] GC(4876) Pause Mark End 0.012ms
[2024-07-25T19:05:22.693+0800][91.063s][gc,phases   ] GC(4876) Concurrent Mark Free 0.001ms
[2024-07-25T19:05:22.695+0800][91.064s][gc,phases   ] GC(4876) Concurrent Process Non-Strong References 1.864ms
[2024-07-25T19:05:22.695+0800][91.064s][gc,phases   ] GC(4876) Concurrent Reset Relocation Set 0.001ms
[2024-07-25T19:05:22.699+0800][91.069s][gc,phases   ] GC(4876) Concurrent Select Relocation Set 4.021ms
[2024-07-25T19:05:22.699+0800][91.069s][gc          ] Allocation Stall (main) 16.171ms
[2024-07-25T19:05:22.699+0800][91.069s][gc,phases   ] GC(4876) Pause Relocate Start 0.010ms
[2024-07-25T19:05:22.700+0800][91.069s][gc,phases   ] GC(4876) Concurrent Relocate 0.145ms
[2024-07-25T19:05:22.700+0800][91.069s][gc,load     ] GC(4876) Load: 0.00/0.00/0.00
[2024-07-25T19:05:22.700+0800][91.069s][gc,mmu      ] GC(4876) MMU: 2ms/88.2%, 5ms/95.3%, 10ms/97.6%, 20ms/98.8%, 50ms/99.4%, 100ms/99.6%
[2024-07-25T19:05:22.700+0800][91.069s][gc,marking  ] GC(4876) Mark: 1 stripe(s), 1 proactive flush(es), 1 terminate flush(es), 0 completion(s), 0 continuation(s) 
[2024-07-25T19:05:22.700+0800][91.069s][gc,marking  ] GC(4876) Mark Stack Usage: 32M
[2024-07-25T19:05:22.700+0800][91.069s][gc,nmethod  ] GC(4876) NMethods: 535 registered, 0 unregistered
[2024-07-25T19:05:22.700+0800][91.069s][gc,metaspace] GC(4876) Metaspace: 1M used, 1M committed, 1088M reserved
[2024-07-25T19:05:22.700+0800][91.069s][gc,ref      ] GC(4876) Soft: 46 encountered, 25 discovered, 0 enqueued
[2024-07-25T19:05:22.700+0800][91.069s][gc,ref      ] GC(4876) Weak: 131 encountered, 107 discovered, 0 enqueued
[2024-07-25T19:05:22.700+0800][91.069s][gc,ref      ] GC(4876) Final: 0 encountered, 0 discovered, 0 enqueued
[2024-07-25T19:05:22.700+0800][91.069s][gc,ref      ] GC(4876) Phantom: 184 encountered, 98 discovered, 0 enqueued
[2024-07-25T19:05:22.700+0800][91.069s][gc,reloc    ] GC(4876) Small Pages: 4 / 8M, Empty: 2M, Relocated: 0M, In-Place: 0
[2024-07-25T19:05:22.700+0800][91.069s][gc,reloc    ] GC(4876) Large Pages: 4 / 8M, Empty: 4M, Relocated: 0M, In-Place: 0
[2024-07-25T19:05:22.700+0800][91.070s][gc,reloc    ] GC(4876) Forwarding Usage: 0M
[2024-07-25T19:05:22.700+0800][91.070s][gc,heap     ] GC(4876) Min Capacity: 8M(50%)
[2024-07-25T19:05:22.700+0800][91.070s][gc,heap     ] GC(4876) Max Capacity: 16M(100%)
[2024-07-25T19:05:22.700+0800][91.070s][gc,heap     ] GC(4876) Soft Max Capacity: 16M(100%)
[2024-07-25T19:05:22.700+0800][91.070s][gc,heap     ] GC(4876)                Mark Start          Mark End        Relocate Start      Relocate End           High               Low         
[2024-07-25T19:05:22.700+0800][91.070s][gc,heap     ] GC(4876)  Capacity:       16M (100%)         16M (100%)         16M (100%)         16M (100%)         16M (100%)         16M (100%)   
[2024-07-25T19:05:22.700+0800][91.070s][gc,heap     ] GC(4876)      Free:        0M (0%)            0M (0%)            4M (25%)           2M (12%)           6M (38%)           0M (0%)     
[2024-07-25T19:05:22.700+0800][91.070s][gc,heap     ] GC(4876)      Used:       16M (100%)         16M (100%)         12M (75%)          14M (88%)          16M (100%)         10M (62%)    
[2024-07-25T19:05:22.700+0800][91.070s][gc,heap     ] GC(4876)      Live:         -                 8M (54%)           8M (54%)           8M (54%)            -                  -          
[2024-07-25T19:05:22.700+0800][91.070s][gc,heap     ] GC(4876) Allocated:         -                 0M (0%)            2M (12%)           4M (25%)            -                  -          
[2024-07-25T19:05:22.700+0800][91.070s][gc,heap     ] GC(4876)   Garbage:         -                 7M (46%)           1M (8%)            1M (8%)             -                  -          
[2024-07-25T19:05:22.700+0800][91.070s][gc,heap     ] GC(4876) Reclaimed:         -                  -                 6M (38%)           6M (38%)            -                  -          
[2024-07-25T19:05:22.700+0800][91.070s][gc          ] GC(4876) Garbage Collection (Allocation Stall) 16M(100%)->14M(88%)
[2024-07-25T19:05:22.704+0800][91.073s][gc,start    ] GC(4877) Garbage Collection (Allocation Stall)
[2024-07-25T19:05:22.704+0800][91.073s][gc,ref      ] GC(4877) Clearing All SoftReferences
[2024-07-25T19:05:22.704+0800][91.073s][gc,task     ] GC(4877) Using 1 workers
[2024-07-25T19:05:22.704+0800][91.073s][gc,phases   ] GC(4877) Pause Mark Start 0.011ms
[2024-07-25T19:05:22.711+0800][91.080s][gc,phases   ] GC(4877) Concurrent Mark 6.522ms
[2024-07-25T19:05:22.711+0800][91.080s][gc,phases   ] GC(4877) Pause Mark End 0.016ms
[2024-07-25T19:05:22.711+0800][91.081s][gc,phases   ] GC(4877) Concurrent Mark Free 0.001ms
[2024-07-25T19:05:22.713+0800][91.082s][gc,phases   ] GC(4877) Concurrent Process Non-Strong References 1.710ms
[2024-07-25T19:05:22.713+0800][91.082s][gc,phases   ] GC(4877) Concurrent Reset Relocation Set 0.001ms
[2024-07-25T19:05:22.716+0800][91.085s][gc          ] Allocation Stall (main) 12.065ms
[2024-07-25T19:05:22.716+0800][91.085s][gc,phases   ] GC(4877) Concurrent Select Relocation Set 2.899ms
[2024-07-25T19:05:22.716+0800][91.086s][gc,phases   ] GC(4877) Pause Relocate Start 0.011ms
[2024-07-25T19:05:22.716+0800][91.086s][gc,phases   ] GC(4877) Concurrent Relocate 0.107ms
[2024-07-25T19:05:22.716+0800][91.086s][gc,load     ] GC(4877) Load: 0.00/0.00/0.00
[2024-07-25T19:05:22.716+0800][91.086s][gc,mmu      ] GC(4877) MMU: 2ms/88.2%, 5ms/95.3%, 10ms/97.6%, 20ms/98.8%, 50ms/99.4%, 100ms/99.6%
[2024-07-25T19:05:22.716+0800][91.086s][gc,marking  ] GC(4877) Mark: 1 stripe(s), 1 proactive flush(es), 1 terminate flush(es), 0 completion(s), 0 continuation(s) 
[2024-07-25T19:05:22.716+0800][91.086s][gc,marking  ] GC(4877) Mark Stack Usage: 32M
[2024-07-25T19:05:22.717+0800][91.086s][gc,nmethod  ] GC(4877) NMethods: 535 registered, 0 unregistered
[2024-07-25T19:05:22.717+0800][91.086s][gc,metaspace] GC(4877) Metaspace: 1M used, 1M committed, 1088M reserved
[2024-07-25T19:05:22.717+0800][91.086s][gc,ref      ] GC(4877) Soft: 46 encountered, 25 discovered, 0 enqueued
[2024-07-25T19:05:22.717+0800][91.086s][gc,ref      ] GC(4877) Weak: 131 encountered, 107 discovered, 0 enqueued
[2024-07-25T19:05:22.717+0800][91.086s][gc,ref      ] GC(4877) Final: 0 encountered, 0 discovered, 0 enqueued
[2024-07-25T19:05:22.717+0800][91.086s][gc,ref      ] GC(4877) Phantom: 184 encountered, 98 discovered, 0 enqueued
[2024-07-25T19:05:22.717+0800][91.086s][gc,reloc    ] GC(4877) Small Pages: 4 / 8M, Empty: 2M, Relocated: 0M, In-Place: 0
[2024-07-25T19:05:22.717+0800][91.086s][gc,reloc    ] GC(4877) Large Pages: 4 / 8M, Empty: 4M, Relocated: 0M, In-Place: 0
[2024-07-25T19:05:22.717+0800][91.086s][gc,reloc    ] GC(4877) Forwarding Usage: 0M
[2024-07-25T19:05:22.717+0800][91.086s][gc,heap     ] GC(4877) Min Capacity: 8M(50%)
[2024-07-25T19:05:22.717+0800][91.086s][gc,heap     ] GC(4877) Max Capacity: 16M(100%)
[2024-07-25T19:05:22.717+0800][91.086s][gc,heap     ] GC(4877) Soft Max Capacity: 16M(100%)
[2024-07-25T19:05:22.717+0800][91.086s][gc,heap     ] GC(4877)                Mark Start          Mark End        Relocate Start      Relocate End           High               Low         
[2024-07-25T19:05:22.717+0800][91.086s][gc,heap     ] GC(4877)  Capacity:       16M (100%)         16M (100%)         16M (100%)         16M (100%)         16M (100%)         16M (100%)   
[2024-07-25T19:05:22.717+0800][91.086s][gc,heap     ] GC(4877)      Free:        0M (0%)            0M (0%)            2M (12%)           2M (12%)           6M (38%)           0M (0%)     
[2024-07-25T19:05:22.717+0800][91.087s][gc,heap     ] GC(4877)      Used:       16M (100%)         16M (100%)         14M (88%)          14M (88%)          16M (100%)         10M (62%)    
[2024-07-25T19:05:22.717+0800][91.087s][gc,heap     ] GC(4877)      Live:         -                 8M (54%)           8M (54%)           8M (54%)            -                  -          
[2024-07-25T19:05:22.717+0800][91.087s][gc,heap     ] GC(4877) Allocated:         -                 0M (0%)            4M (25%)           4M (25%)            -                  -          
[2024-07-25T19:05:22.717+0800][91.087s][gc,heap     ] GC(4877)   Garbage:         -                 7M (46%)           1M (8%)            1M (8%)             -                  -          
[2024-07-25T19:05:22.717+0800][91.087s][gc,heap     ] GC(4877) Reclaimed:         -                  -                 6M (38%)           6M (38%)            -                  -          
[2024-07-25T19:05:22.717+0800][91.087s][gc          ] GC(4877) Garbage Collection (Allocation Stall) 16M(100%)->14M(88%)
[2024-07-25T19:05:22.720+0800][91.089s][gc,start    ] GC(4878) Garbage Collection (Allocation Stall)
[2024-07-25T19:05:22.720+0800][91.089s][gc,ref      ] GC(4878) Clearing All SoftReferences
[2024-07-25T19:05:22.720+0800][91.089s][gc,task     ] GC(4878) Using 1 workers
[2024-07-25T19:05:22.720+0800][91.090s][gc,phases   ] GC(4878) Pause Mark Start 0.015ms
[2024-07-25T19:05:22.727+0800][91.096s][gc,phases   ] GC(4878) Concurrent Mark 6.629ms
[2024-07-25T19:05:22.727+0800][91.097s][gc,phases   ] GC(4878) Pause Mark End 0.011ms
[2024-07-25T19:05:22.727+0800][91.097s][gc,phases   ] GC(4878) Concurrent Mark Free 0.001ms
[2024-07-25T19:05:22.729+0800][91.099s][gc,phases   ] GC(4878) Concurrent Process Non-Strong References 1.813ms
[2024-07-25T19:05:22.729+0800][91.099s][gc,phases   ] GC(4878) Concurrent Reset Relocation Set 0.001ms
[2024-07-25T19:05:22.733+0800][91.103s][gc          ] Allocation Stall (main) 13.329ms
[2024-07-25T19:05:22.733+0800][91.103s][gc,phases   ] GC(4878) Concurrent Select Relocation Set 3.962ms
[2024-07-25T19:05:22.734+0800][91.103s][gc,phases   ] GC(4878) Pause Relocate Start 0.011ms
[2024-07-25T19:05:22.734+0800][91.103s][gc,phases   ] GC(4878) Concurrent Relocate 0.041ms
[2024-07-25T19:05:22.734+0800][91.103s][gc,load     ] GC(4878) Load: 0.00/0.00/0.00
[2024-07-25T19:05:22.734+0800][91.103s][gc,mmu      ] GC(4878) MMU: 2ms/88.2%, 5ms/95.3%, 10ms/97.6%, 20ms/98.8%, 50ms/99.4%, 100ms/99.6%
[2024-07-25T19:05:22.734+0800][91.103s][gc,marking  ] GC(4878) Mark: 1 stripe(s), 1 proactive flush(es), 1 terminate flush(es), 0 completion(s), 0 continuation(s) 
[2024-07-25T19:05:22.734+0800][91.103s][gc,marking  ] GC(4878) Mark Stack Usage: 32M
[2024-07-25T19:05:22.734+0800][91.103s][gc,nmethod  ] GC(4878) NMethods: 535 registered, 0 unregistered
[2024-07-25T19:05:22.734+0800][91.103s][gc,metaspace] GC(4878) Metaspace: 1M used, 1M committed, 1088M reserved
[2024-07-25T19:05:22.734+0800][91.103s][gc,ref      ] GC(4878) Soft: 46 encountered, 25 discovered, 0 enqueued
[2024-07-25T19:05:22.734+0800][91.103s][gc,ref      ] GC(4878) Weak: 131 encountered, 107 discovered, 0 enqueued
[2024-07-25T19:05:22.734+0800][91.103s][gc,ref      ] GC(4878) Final: 0 encountered, 0 discovered, 0 enqueued
[2024-07-25T19:05:22.734+0800][91.103s][gc,ref      ] GC(4878) Phantom: 184 encountered, 98 discovered, 0 enqueued
[2024-07-25T19:05:22.734+0800][91.103s][gc,reloc    ] GC(4878) Small Pages: 4 / 8M, Empty: 2M, Relocated: 0M, In-Place: 0
[2024-07-25T19:05:22.734+0800][91.103s][gc,reloc    ] GC(4878) Large Pages: 4 / 8M, Empty: 4M, Relocated: 0M, In-Place: 0
[2024-07-25T19:05:22.734+0800][91.103s][gc,reloc    ] GC(4878) Forwarding Usage: 0M
[2024-07-25T19:05:22.734+0800][91.103s][gc,heap     ] GC(4878) Min Capacity: 8M(50%)
[2024-07-25T19:05:22.734+0800][91.103s][gc,heap     ] GC(4878) Max Capacity: 16M(100%)
[2024-07-25T19:05:22.734+0800][91.103s][gc,heap     ] GC(4878) Soft Max Capacity: 16M(100%)
[2024-07-25T19:05:22.734+0800][91.103s][gc,heap     ] GC(4878)                Mark Start          Mark End        Relocate Start      Relocate End           High               Low         
[2024-07-25T19:05:22.734+0800][91.104s][gc,heap     ] GC(4878)  Capacity:       16M (100%)         16M (100%)         16M (100%)         16M (100%)         16M (100%)         16M (100%)   
[2024-07-25T19:05:22.734+0800][91.104s][gc,heap     ] GC(4878)      Free:        0M (0%)            0M (0%)            2M (12%)           2M (12%)           6M (38%)           0M (0%)     
[2024-07-25T19:05:22.734+0800][91.104s][gc,heap     ] GC(4878)      Used:       16M (100%)         16M (100%)         14M (88%)          14M (88%)          16M (100%)         10M (62%)    
[2024-07-25T19:05:22.734+0800][91.104s][gc,heap     ] GC(4878)      Live:         -                 8M (54%)           8M (54%)           8M (54%)            -                  -          
[2024-07-25T19:05:22.734+0800][91.104s][gc,heap     ] GC(4878) Allocated:         -                 0M (0%)            4M (25%)           4M (25%)            -                  -          
[2024-07-25T19:05:22.734+0800][91.104s][gc,heap     ] GC(4878)   Garbage:         -                 7M (46%)           1M (8%)            1M (8%)             -                  -          
[2024-07-25T19:05:22.734+0800][91.104s][gc,heap     ] GC(4878) Reclaimed:         -                  -                 6M (38%)           6M (38%)            -                  -          
[2024-07-25T19:05:22.734+0800][91.104s][gc          ] GC(4878) Garbage Collection (Allocation Stall) 16M(100%)->14M(88%)
[2024-07-25T19:05:22.738+0800][91.107s][gc,start    ] GC(4879) Garbage Collection (Allocation Stall)
[2024-07-25T19:05:22.738+0800][91.107s][gc,ref      ] GC(4879) Clearing All SoftReferences
[2024-07-25T19:05:22.738+0800][91.107s][gc,task     ] GC(4879) Using 1 workers
[2024-07-25T19:05:22.738+0800][91.107s][gc,phases   ] GC(4879) Pause Mark Start 0.008ms
[2024-07-25T19:05:22.745+0800][91.114s][gc,phases   ] GC(4879) Concurrent Mark 6.927ms
[2024-07-25T19:05:22.745+0800][91.114s][gc,phases   ] GC(4879) Pause Mark End 0.019ms
[2024-07-25T19:05:22.745+0800][91.115s][gc,phases   ] GC(4879) Concurrent Mark Free 0.001ms
[2024-07-25T19:05:22.747+0800][91.117s][gc,phases   ] GC(4879) Concurrent Process Non-Strong References 1.978ms
[2024-07-25T19:05:22.747+0800][91.117s][gc,phases   ] GC(4879) Concurrent Reset Relocation Set 0.001ms
[2024-07-25T19:05:22.750+0800][91.119s][gc          ] Allocation Stall (main) 12.272ms
[2024-07-25T19:05:22.750+0800][91.119s][gc,phases   ] GC(4879) Concurrent Select Relocation Set 2.526ms
[2024-07-25T19:05:22.750+0800][91.119s][gc,phases   ] GC(4879) Pause Relocate Start 0.012ms
[2024-07-25T19:05:22.750+0800][91.120s][gc,phases   ] GC(4879) Concurrent Relocate 0.088ms
[2024-07-25T19:05:22.750+0800][91.120s][gc,load     ] GC(4879) Load: 0.00/0.00/0.00
[2024-07-25T19:05:22.750+0800][91.120s][gc,mmu      ] GC(4879) MMU: 2ms/88.2%, 5ms/95.3%, 10ms/97.6%, 20ms/98.8%, 50ms/99.4%, 100ms/99.6%
[2024-07-25T19:05:22.750+0800][91.120s][gc,marking  ] GC(4879) Mark: 1 stripe(s), 1 proactive flush(es), 1 terminate flush(es), 0 completion(s), 0 continuation(s) 
[2024-07-25T19:05:22.750+0800][91.120s][gc,marking  ] GC(4879) Mark Stack Usage: 32M
[2024-07-25T19:05:22.751+0800][91.120s][gc,nmethod  ] GC(4879) NMethods: 535 registered, 0 unregistered
[2024-07-25T19:05:22.751+0800][91.120s][gc,metaspace] GC(4879) Metaspace: 1M used, 1M committed, 1088M reserved
[2024-07-25T19:05:22.751+0800][91.120s][gc,ref      ] GC(4879) Soft: 46 encountered, 25 discovered, 0 enqueued
[2024-07-25T19:05:22.751+0800][91.120s][gc,ref      ] GC(4879) Weak: 131 encountered, 107 discovered, 0 enqueued
[2024-07-25T19:05:22.751+0800][91.120s][gc,ref      ] GC(4879) Final: 0 encountered, 0 discovered, 0 enqueued
[2024-07-25T19:05:22.751+0800][91.120s][gc,ref      ] GC(4879) Phantom: 184 encountered, 98 discovered, 0 enqueued
[2024-07-25T19:05:22.751+0800][91.120s][gc,reloc    ] GC(4879) Small Pages: 4 / 8M, Empty: 2M, Relocated: 0M, In-Place: 0
[2024-07-25T19:05:22.751+0800][91.120s][gc,reloc    ] GC(4879) Large Pages: 4 / 8M, Empty: 4M, Relocated: 0M, In-Place: 0
[2024-07-25T19:05:22.751+0800][91.120s][gc,reloc    ] GC(4879) Forwarding Usage: 0M
[2024-07-25T19:05:22.751+0800][91.120s][gc,heap     ] GC(4879) Min Capacity: 8M(50%)
[2024-07-25T19:05:22.751+0800][91.120s][gc,heap     ] GC(4879) Max Capacity: 16M(100%)
[2024-07-25T19:05:22.751+0800][91.120s][gc,heap     ] GC(4879) Soft Max Capacity: 16M(100%)
[2024-07-25T19:05:22.751+0800][91.120s][gc,heap     ] GC(4879)                Mark Start          Mark End        Relocate Start      Relocate End           High               Low         
[2024-07-25T19:05:22.751+0800][91.120s][gc,heap     ] GC(4879)  Capacity:       16M (100%)         16M (100%)         16M (100%)         16M (100%)         16M (100%)         16M (100%)   
[2024-07-25T19:05:22.751+0800][91.120s][gc,heap     ] GC(4879)      Free:        0M (0%)            0M (0%)            2M (12%)           2M (12%)           6M (38%)           0M (0%)     
[2024-07-25T19:05:22.751+0800][91.120s][gc,heap     ] GC(4879)      Used:       16M (100%)         16M (100%)         14M (88%)          14M (88%)          16M (100%)         10M (62%)    
[2024-07-25T19:05:22.751+0800][91.120s][gc,heap     ] GC(4879)      Live:         -                 8M (54%)           8M (54%)           8M (54%)            -                  -          
[2024-07-25T19:05:22.751+0800][91.120s][gc,heap     ] GC(4879) Allocated:         -                 0M (0%)            4M (25%)           4M (25%)            -                  -          
[2024-07-25T19:05:22.751+0800][91.120s][gc,heap     ] GC(4879)   Garbage:         -                 7M (46%)           1M (8%)            1M (8%)             -                  -          
[2024-07-25T19:05:22.751+0800][91.120s][gc,heap     ] GC(4879) Reclaimed:         -                  -                 6M (38%)           6M (38%)            -                  -          
[2024-07-25T19:05:22.751+0800][91.121s][gc          ] GC(4879) Garbage Collection (Allocation Stall) 16M(100%)->14M(88%)
[2024-07-25T19:05:22.757+0800][91.126s][gc,start    ] GC(4880) Garbage Collection (Allocation Stall)
[2024-07-25T19:05:22.757+0800][91.126s][gc,ref      ] GC(4880) Clearing All SoftReferences
[2024-07-25T19:05:22.757+0800][91.126s][gc,task     ] GC(4880) Using 1 workers
[2024-07-25T19:05:22.757+0800][91.126s][gc,phases   ] GC(4880) Pause Mark Start 0.021ms
[2024-07-25T19:05:22.764+0800][91.133s][gc,phases   ] GC(4880) Concurrent Mark 6.443ms
[2024-07-25T19:05:22.764+0800][91.133s][gc,phases   ] GC(4880) Pause Mark End 0.010ms
[2024-07-25T19:05:22.764+0800][91.133s][gc,phases   ] GC(4880) Concurrent Mark Free 0.001ms
[2024-07-25T19:05:22.766+0800][91.135s][gc,phases   ] GC(4880) Concurrent Process Non-Strong References 1.675ms
[2024-07-25T19:05:22.766+0800][91.135s][gc,phases   ] GC(4880) Concurrent Reset Relocation Set 0.001ms
[2024-07-25T19:05:22.768+0800][91.137s][gc          ] Allocation Stall (main) 11.351ms
[2024-07-25T19:05:22.768+0800][91.137s][gc,phases   ] GC(4880) Concurrent Select Relocation Set 2.255ms
[2024-07-25T19:05:22.768+0800][91.138s][gc,phases   ] GC(4880) Pause Relocate Start 0.013ms
[2024-07-25T19:05:22.769+0800][91.138s][gc,phases   ] GC(4880) Concurrent Relocate 0.032ms
[2024-07-25T19:05:22.769+0800][91.138s][gc,load     ] GC(4880) Load: 0.00/0.00/0.00
[2024-07-25T19:05:22.769+0800][91.138s][gc,mmu      ] GC(4880) MMU: 2ms/88.2%, 5ms/95.3%, 10ms/97.6%, 20ms/98.8%, 50ms/99.4%, 100ms/99.6%
[2024-07-25T19:05:22.769+0800][91.138s][gc,marking  ] GC(4880) Mark: 1 stripe(s), 1 proactive flush(es), 1 terminate flush(es), 0 completion(s), 0 continuation(s) 
[2024-07-25T19:05:22.769+0800][91.138s][gc,marking  ] GC(4880) Mark Stack Usage: 32M
[2024-07-25T19:05:22.769+0800][91.138s][gc,nmethod  ] GC(4880) NMethods: 535 registered, 0 unregistered
[2024-07-25T19:05:22.769+0800][91.138s][gc,metaspace] GC(4880) Metaspace: 1M used, 1M committed, 1088M reserved
[2024-07-25T19:05:22.769+0800][91.138s][gc,ref      ] GC(4880) Soft: 46 encountered, 25 discovered, 0 enqueued
[2024-07-25T19:05:22.769+0800][91.138s][gc,ref      ] GC(4880) Weak: 131 encountered, 107 discovered, 0 enqueued
[2024-07-25T19:05:22.769+0800][91.138s][gc,ref      ] GC(4880) Final: 0 encountered, 0 discovered, 0 enqueued
[2024-07-25T19:05:22.769+0800][91.138s][gc,ref      ] GC(4880) Phantom: 184 encountered, 98 discovered, 0 enqueued
[2024-07-25T19:05:22.769+0800][91.138s][gc,reloc    ] GC(4880) Small Pages: 4 / 8M, Empty: 2M, Relocated: 0M, In-Place: 0
[2024-07-25T19:05:22.769+0800][91.138s][gc,reloc    ] GC(4880) Large Pages: 4 / 8M, Empty: 4M, Relocated: 0M, In-Place: 0
[2024-07-25T19:05:22.769+0800][91.138s][gc,reloc    ] GC(4880) Forwarding Usage: 0M
[2024-07-25T19:05:22.769+0800][91.138s][gc,heap     ] GC(4880) Min Capacity: 8M(50%)
[2024-07-25T19:05:22.769+0800][91.138s][gc,heap     ] GC(4880) Max Capacity: 16M(100%)
[2024-07-25T19:05:22.769+0800][91.138s][gc,heap     ] GC(4880) Soft Max Capacity: 16M(100%)
[2024-07-25T19:05:22.769+0800][91.138s][gc,heap     ] GC(4880)                Mark Start          Mark End        Relocate Start      Relocate End           High               Low         
[2024-07-25T19:05:22.769+0800][91.138s][gc,heap     ] GC(4880)  Capacity:       16M (100%)         16M (100%)         16M (100%)         16M (100%)         16M (100%)         16M (100%)   
[2024-07-25T19:05:22.769+0800][91.138s][gc,heap     ] GC(4880)      Free:        0M (0%)            0M (0%)            4M (25%)           4M (25%)           6M (38%)           0M (0%)     
[2024-07-25T19:05:22.769+0800][91.138s][gc,heap     ] GC(4880)      Used:       16M (100%)         16M (100%)         12M (75%)          12M (75%)          16M (100%)         10M (62%)    
[2024-07-25T19:05:22.769+0800][91.138s][gc,heap     ] GC(4880)      Live:         -                 8M (54%)           8M (54%)           8M (54%)            -                  -          
[2024-07-25T19:05:22.769+0800][91.138s][gc,heap     ] GC(4880) Allocated:         -                 0M (0%)            2M (12%)           2M (12%)            -                  -          
[2024-07-25T19:05:22.769+0800][91.138s][gc,heap     ] GC(4880)   Garbage:         -                 7M (46%)           1M (8%)            1M (8%)             -                  -          
[2024-07-25T19:05:22.769+0800][91.138s][gc,heap     ] GC(4880) Reclaimed:         -                  -                 6M (38%)           6M (38%)            -                  -          
[2024-07-25T19:05:22.769+0800][91.138s][gc          ] GC(4880) Garbage Collection (Allocation Stall) 16M(100%)->12M(75%)
[2024-07-25T19:05:22.774+0800][91.143s][gc,start    ] GC(4881) Garbage Collection (Allocation Stall)
[2024-07-25T19:05:22.774+0800][91.143s][gc,ref      ] GC(4881) Clearing All SoftReferences
[2024-07-25T19:05:22.774+0800][91.143s][gc,task     ] GC(4881) Using 1 workers
[2024-07-25T19:05:22.774+0800][91.143s][gc,phases   ] GC(4881) Pause Mark Start 0.008ms
[2024-07-25T19:05:22.780+0800][91.150s][gc,phases   ] GC(4881) Concurrent Mark 6.071ms
[2024-07-25T19:05:22.780+0800][91.150s][gc,phases   ] GC(4881) Pause Mark End 0.012ms
[2024-07-25T19:05:22.781+0800][91.150s][gc,phases   ] GC(4881) Concurrent Mark Free 0.001ms
[2024-07-25T19:05:22.783+0800][91.152s][gc,phases   ] GC(4881) Concurrent Process Non-Strong References 2.189ms
[2024-07-25T19:05:22.783+0800][91.152s][gc,phases   ] GC(4881) Concurrent Reset Relocation Set 0.001ms
[2024-07-25T19:05:22.785+0800][91.155s][gc          ] Allocation Stall (main) 11.766ms
[2024-07-25T19:05:22.785+0800][91.155s][gc,phases   ] GC(4881) Concurrent Select Relocation Set 2.398ms
[2024-07-25T19:05:22.786+0800][91.155s][gc,phases   ] GC(4881) Pause Relocate Start 0.014ms
[2024-07-25T19:05:22.786+0800][91.155s][gc,phases   ] GC(4881) Concurrent Relocate 0.087ms
[2024-07-25T19:05:22.786+0800][91.155s][gc,load     ] GC(4881) Load: 0.00/0.00/0.00
[2024-07-25T19:05:22.786+0800][91.155s][gc,mmu      ] GC(4881) MMU: 2ms/88.2%, 5ms/95.3%, 10ms/97.6%, 20ms/98.8%, 50ms/99.4%, 100ms/99.6%
[2024-07-25T19:05:22.786+0800][91.155s][gc,marking  ] GC(4881) Mark: 1 stripe(s), 1 proactive flush(es), 1 terminate flush(es), 0 completion(s), 0 continuation(s) 
[2024-07-25T19:05:22.786+0800][91.155s][gc,marking  ] GC(4881) Mark Stack Usage: 32M
[2024-07-25T19:05:22.786+0800][91.155s][gc,nmethod  ] GC(4881) NMethods: 535 registered, 0 unregistered
[2024-07-25T19:05:22.786+0800][91.155s][gc,metaspace] GC(4881) Metaspace: 1M used, 1M committed, 1088M reserved
[2024-07-25T19:05:22.786+0800][91.155s][gc,ref      ] GC(4881) Soft: 46 encountered, 25 discovered, 0 enqueued
[2024-07-25T19:05:22.786+0800][91.155s][gc,ref      ] GC(4881) Weak: 131 encountered, 107 discovered, 0 enqueued
[2024-07-25T19:05:22.786+0800][91.155s][gc,ref      ] GC(4881) Final: 0 encountered, 0 discovered, 0 enqueued
[2024-07-25T19:05:22.786+0800][91.155s][gc,ref      ] GC(4881) Phantom: 184 encountered, 98 discovered, 0 enqueued
[2024-07-25T19:05:22.786+0800][91.155s][gc,reloc    ] GC(4881) Small Pages: 4 / 8M, Empty: 2M, Relocated: 0M, In-Place: 0
[2024-07-25T19:05:22.786+0800][91.156s][gc,reloc    ] GC(4881) Large Pages: 4 / 8M, Empty: 4M, Relocated: 0M, In-Place: 0
[2024-07-25T19:05:22.786+0800][91.156s][gc,reloc    ] GC(4881) Forwarding Usage: 0M
[2024-07-25T19:05:22.786+0800][91.156s][gc,heap     ] GC(4881) Min Capacity: 8M(50%)
[2024-07-25T19:05:22.786+0800][91.156s][gc,heap     ] GC(4881) Max Capacity: 16M(100%)
[2024-07-25T19:05:22.786+0800][91.156s][gc,heap     ] GC(4881) Soft Max Capacity: 16M(100%)
[2024-07-25T19:05:22.786+0800][91.156s][gc,heap     ] GC(4881)                Mark Start          Mark End        Relocate Start      Relocate End           High               Low         
[2024-07-25T19:05:22.786+0800][91.156s][gc,heap     ] GC(4881)  Capacity:       16M (100%)         16M (100%)         16M (100%)         16M (100%)         16M (100%)         16M (100%)   
[2024-07-25T19:05:22.786+0800][91.156s][gc,heap     ] GC(4881)      Free:        0M (0%)            0M (0%)            2M (12%)           2M (12%)           6M (38%)           0M (0%)     
[2024-07-25T19:05:22.787+0800][91.156s][gc,heap     ] GC(4881)      Used:       16M (100%)         16M (100%)         14M (88%)          14M (88%)          16M (100%)         10M (62%)    
[2024-07-25T19:05:22.787+0800][91.156s][gc,heap     ] GC(4881)      Live:         -                 8M (54%)           8M (54%)           8M (54%)            -                  -          
[2024-07-25T19:05:22.787+0800][91.156s][gc,heap     ] GC(4881) Allocated:         -                 0M (0%)            4M (25%)           4M (25%)            -                  -          
[2024-07-25T19:05:22.787+0800][91.156s][gc,heap     ] GC(4881)   Garbage:         -                 7M (46%)           1M (8%)            1M (8%)             -                  -          
[2024-07-25T19:05:22.787+0800][91.156s][gc,heap     ] GC(4881) Reclaimed:         -                  -                 6M (38%)           6M (38%)            -                  -          
[2024-07-25T19:05:22.787+0800][91.156s][gc          ] GC(4881) Garbage Collection (Allocation Stall) 16M(100%)->14M(88%)
[2024-07-25T19:05:22.790+0800][91.159s][gc,start    ] GC(4882) Garbage Collection (Allocation Stall)
[2024-07-25T19:05:22.790+0800][91.159s][gc,ref      ] GC(4882) Clearing All SoftReferences
[2024-07-25T19:05:22.790+0800][91.159s][gc,task     ] GC(4882) Using 1 workers
[2024-07-25T19:05:22.790+0800][91.159s][gc,phases   ] GC(4882) Pause Mark Start 0.009ms
[2024-07-25T19:05:22.798+0800][91.167s][gc,phases   ] GC(4882) Concurrent Mark 8.091ms
[2024-07-25T19:05:22.798+0800][91.168s][gc,phases   ] GC(4882) Pause Mark End 0.014ms
[2024-07-25T19:05:22.798+0800][91.168s][gc,phases   ] GC(4882) Concurrent Mark Free 0.001ms
[2024-07-25T19:05:22.800+0800][91.169s][gc,phases   ] GC(4882) Concurrent Process Non-Strong References 1.330ms
[2024-07-25T19:05:22.800+0800][91.169s][gc,phases   ] GC(4882) Concurrent Reset Relocation Set 0.001ms
[2024-07-25T19:05:22.803+0800][91.173s][gc          ] Allocation Stall (main) 14.283ms
[2024-07-25T19:05:22.804+0800][91.173s][gc,phases   ] GC(4882) Concurrent Select Relocation Set 3.599ms
[2024-07-25T19:05:22.804+0800][91.173s][gc,phases   ] GC(4882) Pause Relocate Start 0.009ms
[2024-07-25T19:05:22.804+0800][91.173s][gc,phases   ] GC(4882) Concurrent Relocate 0.049ms
[2024-07-25T19:05:22.804+0800][91.173s][gc,load     ] GC(4882) Load: 0.00/0.00/0.00
[2024-07-25T19:05:22.804+0800][91.173s][gc,mmu      ] GC(4882) MMU: 2ms/88.2%, 5ms/95.3%, 10ms/97.6%, 20ms/98.8%, 50ms/99.4%, 100ms/99.6%
[2024-07-25T19:05:22.804+0800][91.173s][gc,marking  ] GC(4882) Mark: 1 stripe(s), 1 proactive flush(es), 1 terminate flush(es), 0 completion(s), 0 continuation(s) 
[2024-07-25T19:05:22.804+0800][91.173s][gc,marking  ] GC(4882) Mark Stack Usage: 32M
[2024-07-25T19:05:22.804+0800][91.173s][gc,nmethod  ] GC(4882) NMethods: 535 registered, 0 unregistered
[2024-07-25T19:05:22.804+0800][91.173s][gc,metaspace] GC(4882) Metaspace: 1M used, 1M committed, 1088M reserved
[2024-07-25T19:05:22.804+0800][91.173s][gc,ref      ] GC(4882) Soft: 46 encountered, 25 discovered, 0 enqueued
[2024-07-25T19:05:22.804+0800][91.173s][gc,ref      ] GC(4882) Weak: 131 encountered, 107 discovered, 0 enqueued
[2024-07-25T19:05:22.804+0800][91.173s][gc,ref      ] GC(4882) Final: 0 encountered, 0 discovered, 0 enqueued
[2024-07-25T19:05:22.804+0800][91.173s][gc,ref      ] GC(4882) Phantom: 184 encountered, 98 discovered, 0 enqueued
[2024-07-25T19:05:22.804+0800][91.173s][gc,reloc    ] GC(4882) Small Pages: 4 / 8M, Empty: 2M, Relocated: 0M, In-Place: 0
[2024-07-25T19:05:22.804+0800][91.173s][gc,reloc    ] GC(4882) Large Pages: 4 / 8M, Empty: 4M, Relocated: 0M, In-Place: 0
[2024-07-25T19:05:22.804+0800][91.174s][gc,reloc    ] GC(4882) Forwarding Usage: 0M
[2024-07-25T19:05:22.804+0800][91.174s][gc,heap     ] GC(4882) Min Capacity: 8M(50%)
[2024-07-25T19:05:22.804+0800][91.174s][gc,heap     ] GC(4882) Max Capacity: 16M(100%)
[2024-07-25T19:05:22.804+0800][91.174s][gc,heap     ] GC(4882) Soft Max Capacity: 16M(100%)
[2024-07-25T19:05:22.804+0800][91.174s][gc,heap     ] GC(4882)                Mark Start          Mark End        Relocate Start      Relocate End           High               Low         
[2024-07-25T19:05:22.804+0800][91.174s][gc,heap     ] GC(4882)  Capacity:       16M (100%)         16M (100%)         16M (100%)         16M (100%)         16M (100%)         16M (100%)   
[2024-07-25T19:05:22.804+0800][91.174s][gc,heap     ] GC(4882)      Free:        0M (0%)            0M (0%)            4M (25%)           4M (25%)           6M (38%)           0M (0%)     
[2024-07-25T19:05:22.804+0800][91.174s][gc,heap     ] GC(4882)      Used:       16M (100%)         16M (100%)         12M (75%)          12M (75%)          16M (100%)         10M (62%)    
[2024-07-25T19:05:22.804+0800][91.174s][gc,heap     ] GC(4882)      Live:         -                 8M (54%)           8M (54%)           8M (54%)            -                  -          
[2024-07-25T19:05:22.804+0800][91.174s][gc,heap     ] GC(4882) Allocated:         -                 0M (0%)            2M (12%)           2M (12%)            -                  -          
[2024-07-25T19:05:22.805+0800][91.174s][gc,heap     ] GC(4882)   Garbage:         -                 7M (46%)           1M (8%)            1M (8%)             -                  -          
[2024-07-25T19:05:22.805+0800][91.174s][gc,heap     ] GC(4882) Reclaimed:         -                  -                 6M (38%)           6M (38%)            -                  -          
[2024-07-25T19:05:22.805+0800][91.174s][gc          ] GC(4882) Garbage Collection (Allocation Stall) 16M(100%)->12M(75%)
[2024-07-25T19:05:22.809+0800][91.178s][gc,start    ] GC(4883) Garbage Collection (Allocation Stall)
[2024-07-25T19:05:22.809+0800][91.178s][gc,ref      ] GC(4883) Clearing All SoftReferences
[2024-07-25T19:05:22.809+0800][91.178s][gc,task     ] GC(4883) Using 1 workers
[2024-07-25T19:05:22.809+0800][91.178s][gc,phases   ] GC(4883) Pause Mark Start 0.008ms
[2024-07-25T19:05:22.815+0800][91.184s][gc,phases   ] GC(4883) Concurrent Mark 5.400ms
[2024-07-25T19:05:22.815+0800][91.184s][gc,phases   ] GC(4883) Pause Mark End 0.011ms
[2024-07-25T19:05:22.815+0800][91.184s][gc,phases   ] GC(4883) Concurrent Mark Free 0.003ms
[2024-07-25T19:05:22.816+0800][91.185s][gc,phases   ] GC(4883) Concurrent Process Non-Strong References 1.352ms
[2024-07-25T19:05:22.817+0800][91.185s][gc,phases   ] GC(4883) Concurrent Reset Relocation Set 0.001ms
[2024-07-25T19:05:22.819+0800][91.188s][gc          ] Allocation Stall (main) 10.090ms
[2024-07-25T19:05:22.819+0800][91.188s][gc,phases   ] GC(4883) Concurrent Select Relocation Set 2.688ms
[2024-07-25T19:05:22.819+0800][91.188s][gc,phases   ] GC(4883) Pause Relocate Start 0.006ms
[2024-07-25T19:05:22.820+0800][91.189s][gc,phases   ] GC(4883) Concurrent Relocate 0.136ms
[2024-07-25T19:05:22.820+0800][91.189s][gc,load     ] GC(4883) Load: 0.00/0.00/0.00
[2024-07-25T19:05:22.820+0800][91.189s][gc,mmu      ] GC(4883) MMU: 2ms/88.2%, 5ms/95.3%, 10ms/97.6%, 20ms/98.8%, 50ms/99.4%, 100ms/99.6%
[2024-07-25T19:05:22.820+0800][91.189s][gc,marking  ] GC(4883) Mark: 1 stripe(s), 1 proactive flush(es), 1 terminate flush(es), 0 completion(s), 0 continuation(s) 
[2024-07-25T19:05:22.820+0800][91.189s][gc,marking  ] GC(4883) Mark Stack Usage: 32M
[2024-07-25T19:05:22.820+0800][91.189s][gc,nmethod  ] GC(4883) NMethods: 535 registered, 0 unregistered
[2024-07-25T19:05:22.820+0800][91.189s][gc,metaspace] GC(4883) Metaspace: 1M used, 1M committed, 1088M reserved
[2024-07-25T19:05:22.820+0800][91.189s][gc,ref      ] GC(4883) Soft: 46 encountered, 25 discovered, 0 enqueued
[2024-07-25T19:05:22.820+0800][91.189s][gc,ref      ] GC(4883) Weak: 131 encountered, 107 discovered, 0 enqueued
[2024-07-25T19:05:22.820+0800][91.189s][gc,ref      ] GC(4883) Final: 0 encountered, 0 discovered, 0 enqueued
[2024-07-25T19:05:22.820+0800][91.189s][gc,ref      ] GC(4883) Phantom: 184 encountered, 98 discovered, 0 enqueued
[2024-07-25T19:05:22.820+0800][91.189s][gc,reloc    ] GC(4883) Small Pages: 4 / 8M, Empty: 2M, Relocated: 0M, In-Place: 0
[2024-07-25T19:05:22.820+0800][91.189s][gc,reloc    ] GC(4883) Large Pages: 4 / 8M, Empty: 4M, Relocated: 0M, In-Place: 0
[2024-07-25T19:05:22.820+0800][91.189s][gc,reloc    ] GC(4883) Forwarding Usage: 0M
[2024-07-25T19:05:22.820+0800][91.189s][gc,heap     ] GC(4883) Min Capacity: 8M(50%)
[2024-07-25T19:05:22.820+0800][91.189s][gc,heap     ] GC(4883) Max Capacity: 16M(100%)
[2024-07-25T19:05:22.820+0800][91.189s][gc,heap     ] GC(4883) Soft Max Capacity: 16M(100%)
[2024-07-25T19:05:22.820+0800][91.189s][gc,heap     ] GC(4883)                Mark Start          Mark End        Relocate Start      Relocate End           High               Low         
[2024-07-25T19:05:22.820+0800][91.189s][gc,heap     ] GC(4883)  Capacity:       16M (100%)         16M (100%)         16M (100%)         16M (100%)         16M (100%)         16M (100%)   
[2024-07-25T19:05:22.820+0800][91.189s][gc,heap     ] GC(4883)      Free:        0M (0%)            0M (0%)            2M (12%)           2M (12%)           6M (38%)           0M (0%)     
[2024-07-25T19:05:22.820+0800][91.189s][gc,heap     ] GC(4883)      Used:       16M (100%)         16M (100%)         14M (88%)          14M (88%)          16M (100%)         10M (62%)    
[2024-07-25T19:05:22.820+0800][91.189s][gc,heap     ] GC(4883)      Live:         -                 8M (54%)           8M (54%)           8M (54%)            -                  -          
[2024-07-25T19:05:22.820+0800][91.189s][gc,heap     ] GC(4883) Allocated:         -                 0M (0%)            4M (25%)           4M (25%)            -                  -          
[2024-07-25T19:05:22.820+0800][91.189s][gc,heap     ] GC(4883)   Garbage:         -                 7M (46%)           1M (8%)            1M (8%)             -                  -          
[2024-07-25T19:05:22.820+0800][91.189s][gc,heap     ] GC(4883) Reclaimed:         -                  -                 6M (38%)           6M (38%)            -                  -          
[2024-07-25T19:05:22.820+0800][91.189s][gc          ] GC(4883) Garbage Collection (Allocation Stall) 16M(100%)->14M(88%)
[2024-07-25T19:05:22.823+0800][91.192s][gc,start    ] GC(4884) Garbage Collection (Allocation Stall)
[2024-07-25T19:05:22.823+0800][91.192s][gc,ref      ] GC(4884) Clearing All SoftReferences
[2024-07-25T19:05:22.823+0800][91.192s][gc,task     ] GC(4884) Using 1 workers
[2024-07-25T19:05:22.823+0800][91.192s][gc,phases   ] GC(4884) Pause Mark Start 0.008ms
[2024-07-25T19:05:22.829+0800][91.197s][gc,phases   ] GC(4884) Concurrent Mark 5.378ms
[2024-07-25T19:05:22.829+0800][91.198s][gc,phases   ] GC(4884) Pause Mark End 0.010ms
[2024-07-25T19:05:22.829+0800][91.198s][gc,phases   ] GC(4884) Concurrent Mark Free 0.001ms
[2024-07-25T19:05:22.830+0800][91.199s][gc,phases   ] GC(4884) Concurrent Process Non-Strong References 1.574ms
[2024-07-25T19:05:22.830+0800][91.199s][gc,phases   ] GC(4884) Concurrent Reset Relocation Set 0.001ms
[2024-07-25T19:05:22.833+0800][91.202s][gc          ] Allocation Stall (main) 10.336ms
[2024-07-25T19:05:22.833+0800][91.202s][gc,phases   ] GC(4884) Concurrent Select Relocation Set 2.600ms
[2024-07-25T19:05:22.833+0800][91.202s][gc,phases   ] GC(4884) Pause Relocate Start 0.006ms
[2024-07-25T19:05:22.833+0800][91.202s][gc,phases   ] GC(4884) Concurrent Relocate 0.113ms
[2024-07-25T19:05:22.833+0800][91.202s][gc,load     ] GC(4884) Load: 0.00/0.00/0.00
[2024-07-25T19:05:22.834+0800][91.202s][gc,mmu      ] GC(4884) MMU: 2ms/88.2%, 5ms/95.3%, 10ms/97.6%, 20ms/98.8%, 50ms/99.4%, 100ms/99.6%
[2024-07-25T19:05:22.834+0800][91.202s][gc,marking  ] GC(4884) Mark: 1 stripe(s), 1 proactive flush(es), 1 terminate flush(es), 0 completion(s), 0 continuation(s) 
[2024-07-25T19:05:22.834+0800][91.203s][gc,marking  ] GC(4884) Mark Stack Usage: 32M
[2024-07-25T19:05:22.834+0800][91.203s][gc,nmethod  ] GC(4884) NMethods: 535 registered, 0 unregistered
[2024-07-25T19:05:22.834+0800][91.203s][gc,metaspace] GC(4884) Metaspace: 1M used, 1M committed, 1088M reserved
[2024-07-25T19:05:22.834+0800][91.203s][gc,ref      ] GC(4884) Soft: 46 encountered, 25 discovered, 0 enqueued
[2024-07-25T19:05:22.834+0800][91.203s][gc,ref      ] GC(4884) Weak: 131 encountered, 107 discovered, 0 enqueued
[2024-07-25T19:05:22.834+0800][91.203s][gc,ref      ] GC(4884) Final: 0 encountered, 0 discovered, 0 enqueued
[2024-07-25T19:05:22.834+0800][91.203s][gc,ref      ] GC(4884) Phantom: 184 encountered, 98 discovered, 0 enqueued
[2024-07-25T19:05:22.834+0800][91.203s][gc,reloc    ] GC(4884) Small Pages: 4 / 8M, Empty: 2M, Relocated: 0M, In-Place: 0
[2024-07-25T19:05:22.834+0800][91.203s][gc,reloc    ] GC(4884) Large Pages: 4 / 8M, Empty: 4M, Relocated: 0M, In-Place: 0
[2024-07-25T19:05:22.834+0800][91.203s][gc,reloc    ] GC(4884) Forwarding Usage: 0M
[2024-07-25T19:05:22.834+0800][91.203s][gc,heap     ] GC(4884) Min Capacity: 8M(50%)
[2024-07-25T19:05:22.834+0800][91.203s][gc,heap     ] GC(4884) Max Capacity: 16M(100%)
[2024-07-25T19:05:22.834+0800][91.203s][gc,heap     ] GC(4884) Soft Max Capacity: 16M(100%)
[2024-07-25T19:05:22.834+0800][91.203s][gc,heap     ] GC(4884)                Mark Start          Mark End        Relocate Start      Relocate End           High               Low         
[2024-07-25T19:05:22.834+0800][91.203s][gc,heap     ] GC(4884)  Capacity:       16M (100%)         16M (100%)         16M (100%)         16M (100%)         16M (100%)         16M (100%)   
[2024-07-25T19:05:22.834+0800][91.203s][gc,heap     ] GC(4884)      Free:        0M (0%)            0M (0%)            2M (12%)           2M (12%)           6M (38%)           0M (0%)     
[2024-07-25T19:05:22.834+0800][91.203s][gc,heap     ] GC(4884)      Used:       16M (100%)         16M (100%)         14M (88%)          14M (88%)          16M (100%)         10M (62%)    
[2024-07-25T19:05:22.834+0800][91.203s][gc,heap     ] GC(4884)      Live:         -                 8M (54%)           8M (54%)           8M (54%)            -                  -          
[2024-07-25T19:05:22.834+0800][91.203s][gc,heap     ] GC(4884) Allocated:         -                 0M (0%)            4M (25%)           4M (25%)            -                  -          
[2024-07-25T19:05:22.834+0800][91.203s][gc,heap     ] GC(4884)   Garbage:         -                 7M (46%)           1M (8%)            1M (8%)             -                  -          
[2024-07-25T19:05:22.834+0800][91.203s][gc,heap     ] GC(4884) Reclaimed:         -                  -                 6M (38%)           6M (38%)            -                  -          
[2024-07-25T19:05:22.834+0800][91.203s][gc          ] GC(4884) Garbage Collection (Allocation Stall) 16M(100%)->14M(88%)
[2024-07-25T19:05:22.836+0800][91.206s][gc,start    ] GC(4885) Garbage Collection (Allocation Stall)
[2024-07-25T19:05:22.836+0800][91.206s][gc,ref      ] GC(4885) Clearing All SoftReferences
[2024-07-25T19:05:22.836+0800][91.206s][gc,task     ] GC(4885) Using 1 workers
[2024-07-25T19:05:22.837+0800][91.206s][gc,phases   ] GC(4885) Pause Mark Start 0.008ms
[2024-07-25T19:05:22.843+0800][91.212s][gc,phases   ] GC(4885) Concurrent Mark 5.651ms
[2024-07-25T19:05:22.843+0800][91.212s][gc,phases   ] GC(4885) Pause Mark End 0.010ms
[2024-07-25T19:05:22.843+0800][91.212s][gc,phases   ] GC(4885) Concurrent Mark Free 0.001ms
[2024-07-25T19:05:22.845+0800][91.214s][gc,phases   ] GC(4885) Concurrent Process Non-Strong References 1.723ms
[2024-07-25T19:05:22.845+0800][91.214s][gc,phases   ] GC(4885) Concurrent Reset Relocation Set 0.000ms
[2024-07-25T19:05:22.846+0800][91.216s][gc          ] Allocation Stall (main) 10.601ms
[2024-07-25T19:05:22.846+0800][91.216s][gc,phases   ] GC(4885) Concurrent Select Relocation Set 2.445ms
[2024-07-25T19:05:22.847+0800][91.216s][gc,phases   ] GC(4885) Pause Relocate Start 0.006ms
[2024-07-25T19:05:22.847+0800][91.217s][gc,phases   ] GC(4885) Concurrent Relocate 0.131ms
[2024-07-25T19:05:22.847+0800][91.217s][gc,load     ] GC(4885) Load: 0.00/0.00/0.00
[2024-07-25T19:05:22.847+0800][91.217s][gc,mmu      ] GC(4885) MMU: 2ms/88.2%, 5ms/95.3%, 10ms/97.6%, 20ms/98.8%, 50ms/99.4%, 100ms/99.6%
[2024-07-25T19:05:22.847+0800][91.217s][gc,marking  ] GC(4885) Mark: 1 stripe(s), 1 proactive flush(es), 1 terminate flush(es), 0 completion(s), 0 continuation(s) 
[2024-07-25T19:05:22.847+0800][91.217s][gc,marking  ] GC(4885) Mark Stack Usage: 32M
[2024-07-25T19:05:22.847+0800][91.217s][gc,nmethod  ] GC(4885) NMethods: 535 registered, 0 unregistered
[2024-07-25T19:05:22.847+0800][91.217s][gc,metaspace] GC(4885) Metaspace: 1M used, 1M committed, 1088M reserved
[2024-07-25T19:05:22.847+0800][91.217s][gc,ref      ] GC(4885) Soft: 46 encountered, 25 discovered, 0 enqueued
[2024-07-25T19:05:22.847+0800][91.217s][gc,ref      ] GC(4885) Weak: 131 encountered, 107 discovered, 0 enqueued
[2024-07-25T19:05:22.847+0800][91.217s][gc,ref      ] GC(4885) Final: 0 encountered, 0 discovered, 0 enqueued
[2024-07-25T19:05:22.847+0800][91.217s][gc,ref      ] GC(4885) Phantom: 184 encountered, 98 discovered, 0 enqueued
[2024-07-25T19:05:22.847+0800][91.217s][gc,reloc    ] GC(4885) Small Pages: 4 / 8M, Empty: 2M, Relocated: 0M, In-Place: 0
[2024-07-25T19:05:22.847+0800][91.217s][gc,reloc    ] GC(4885) Large Pages: 4 / 8M, Empty: 4M, Relocated: 0M, In-Place: 0
[2024-07-25T19:05:22.847+0800][91.217s][gc,reloc    ] GC(4885) Forwarding Usage: 0M
[2024-07-25T19:05:22.847+0800][91.217s][gc,heap     ] GC(4885) Min Capacity: 8M(50%)
[2024-07-25T19:05:22.847+0800][91.217s][gc,heap     ] GC(4885) Max Capacity: 16M(100%)
[2024-07-25T19:05:22.847+0800][91.217s][gc,heap     ] GC(4885) Soft Max Capacity: 16M(100%)
[2024-07-25T19:05:22.847+0800][91.217s][gc,heap     ] GC(4885)                Mark Start          Mark End        Relocate Start      Relocate End           High               Low         
[2024-07-25T19:05:22.847+0800][91.217s][gc,heap     ] GC(4885)  Capacity:       16M (100%)         16M (100%)         16M (100%)         16M (100%)         16M (100%)         16M (100%)   
[2024-07-25T19:05:22.847+0800][91.217s][gc,heap     ] GC(4885)      Free:        0M (0%)            0M (0%)            2M (12%)           2M (12%)           6M (38%)           0M (0%)     
[2024-07-25T19:05:22.847+0800][91.217s][gc,heap     ] GC(4885)      Used:       16M (100%)         16M (100%)         14M (88%)          14M (88%)          16M (100%)         10M (62%)    
[2024-07-25T19:05:22.847+0800][91.217s][gc,heap     ] GC(4885)      Live:         -                 8M (54%)           8M (54%)           8M (54%)            -                  -          
[2024-07-25T19:05:22.847+0800][91.217s][gc,heap     ] GC(4885) Allocated:         -                 0M (0%)            4M (25%)           4M (25%)            -                  -          
[2024-07-25T19:05:22.847+0800][91.217s][gc,heap     ] GC(4885)   Garbage:         -                 7M (46%)           1M (8%)            1M (8%)             -                  -          
[2024-07-25T19:05:22.847+0800][91.217s][gc,heap     ] GC(4885) Reclaimed:         -                  -                 6M (38%)           6M (38%)            -                  -          
[2024-07-25T19:05:22.847+0800][91.217s][gc          ] GC(4885) Garbage Collection (Allocation Stall) 16M(100%)->14M(88%)
[2024-07-25T19:05:22.851+0800][91.221s][gc,start    ] GC(4886) Garbage Collection (Allocation Stall)
[2024-07-25T19:05:22.851+0800][91.221s][gc,ref      ] GC(4886) Clearing All SoftReferences
[2024-07-25T19:05:22.851+0800][91.221s][gc,task     ] GC(4886) Using 1 workers
[2024-07-25T19:05:22.851+0800][91.221s][gc,phases   ] GC(4886) Pause Mark Start 0.008ms
[2024-07-25T19:05:22.857+0800][91.226s][gc,phases   ] GC(4886) Concurrent Mark 5.284ms
[2024-07-25T19:05:22.857+0800][91.226s][gc,phases   ] GC(4886) Pause Mark End 0.009ms
[2024-07-25T19:05:22.857+0800][91.227s][gc,phases   ] GC(4886) Concurrent Mark Free 0.001ms
[2024-07-25T19:05:22.858+0800][91.228s][gc,phases   ] GC(4886) Concurrent Process Non-Strong References 1.527ms
[2024-07-25T19:05:22.858+0800][91.228s][gc,phases   ] GC(4886) Concurrent Reset Relocation Set 0.001ms
[2024-07-25T19:05:22.861+0800][91.230s][gc          ] Allocation Stall (main) 9.945ms
[2024-07-25T19:05:22.861+0800][91.231s][gc,phases   ] GC(4886) Concurrent Select Relocation Set 2.389ms
[2024-07-25T19:05:22.861+0800][91.231s][gc,phases   ] GC(4886) Pause Relocate Start 0.008ms
[2024-07-25T19:05:22.862+0800][91.231s][gc,phases   ] GC(4886) Concurrent Relocate 0.086ms
[2024-07-25T19:05:22.862+0800][91.231s][gc,load     ] GC(4886) Load: 0.00/0.00/0.00
[2024-07-25T19:05:22.862+0800][91.231s][gc,mmu      ] GC(4886) MMU: 2ms/88.2%, 5ms/95.3%, 10ms/97.6%, 20ms/98.8%, 50ms/99.4%, 100ms/99.6%
[2024-07-25T19:05:22.862+0800][91.231s][gc,marking  ] GC(4886) Mark: 1 stripe(s), 1 proactive flush(es), 1 terminate flush(es), 0 completion(s), 0 continuation(s) 
[2024-07-25T19:05:22.862+0800][91.231s][gc,marking  ] GC(4886) Mark Stack Usage: 32M
[2024-07-25T19:05:22.862+0800][91.231s][gc,nmethod  ] GC(4886) NMethods: 535 registered, 0 unregistered
[2024-07-25T19:05:22.862+0800][91.231s][gc,metaspace] GC(4886) Metaspace: 1M used, 1M committed, 1088M reserved
[2024-07-25T19:05:22.862+0800][91.231s][gc,ref      ] GC(4886) Soft: 46 encountered, 25 discovered, 0 enqueued
[2024-07-25T19:05:22.862+0800][91.231s][gc,ref      ] GC(4886) Weak: 131 encountered, 107 discovered, 0 enqueued
[2024-07-25T19:05:22.862+0800][91.231s][gc,ref      ] GC(4886) Final: 0 encountered, 0 discovered, 0 enqueued
[2024-07-25T19:05:22.862+0800][91.231s][gc,ref      ] GC(4886) Phantom: 184 encountered, 98 discovered, 0 enqueued
[2024-07-25T19:05:22.862+0800][91.231s][gc,reloc    ] GC(4886) Small Pages: 4 / 8M, Empty: 2M, Relocated: 0M, In-Place: 0
[2024-07-25T19:05:22.862+0800][91.231s][gc,reloc    ] GC(4886) Large Pages: 4 / 8M, Empty: 4M, Relocated: 0M, In-Place: 0
[2024-07-25T19:05:22.862+0800][91.231s][gc,reloc    ] GC(4886) Forwarding Usage: 0M
[2024-07-25T19:05:22.862+0800][91.231s][gc,heap     ] GC(4886) Min Capacity: 8M(50%)
[2024-07-25T19:05:22.862+0800][91.231s][gc,heap     ] GC(4886) Max Capacity: 16M(100%)
[2024-07-25T19:05:22.862+0800][91.231s][gc,heap     ] GC(4886) Soft Max Capacity: 16M(100%)
[2024-07-25T19:05:22.862+0800][91.231s][gc,heap     ] GC(4886)                Mark Start          Mark End        Relocate Start      Relocate End           High               Low         
[2024-07-25T19:05:22.862+0800][91.231s][gc,heap     ] GC(4886)  Capacity:       16M (100%)         16M (100%)         16M (100%)         16M (100%)         16M (100%)         16M (100%)   
[2024-07-25T19:05:22.862+0800][91.231s][gc,heap     ] GC(4886)      Free:        0M (0%)            0M (0%)            2M (12%)           2M (12%)           6M (38%)           0M (0%)     
[2024-07-25T19:05:22.862+0800][91.231s][gc,heap     ] GC(4886)      Used:       16M (100%)         16M (100%)         14M (88%)          14M (88%)          16M (100%)         10M (62%)    
[2024-07-25T19:05:22.862+0800][91.231s][gc,heap     ] GC(4886)      Live:         -                 8M (54%)           8M (54%)           8M (54%)            -                  -          
[2024-07-25T19:05:22.862+0800][91.231s][gc,heap     ] GC(4886) Allocated:         -                 0M (0%)            4M (25%)           4M (25%)            -                  -          
[2024-07-25T19:05:22.862+0800][91.231s][gc,heap     ] GC(4886)   Garbage:         -                 7M (46%)           1M (8%)            1M (8%)             -                  -          
[2024-07-25T19:05:22.862+0800][91.232s][gc,heap     ] GC(4886) Reclaimed:         -                  -                 6M (38%)           6M (38%)            -                  -          
[2024-07-25T19:05:22.862+0800][91.232s][gc          ] GC(4886) Garbage Collection (Allocation Stall) 16M(100%)->14M(88%)
[2024-07-25T19:05:22.867+0800][91.236s][gc,start    ] GC(4887) Garbage Collection (Allocation Stall)
[2024-07-25T19:05:22.867+0800][91.236s][gc,ref      ] GC(4887) Clearing All SoftReferences
[2024-07-25T19:05:22.867+0800][91.236s][gc,task     ] GC(4887) Using 1 workers
[2024-07-25T19:05:22.867+0800][91.236s][gc,phases   ] GC(4887) Pause Mark Start 0.008ms
[2024-07-25T19:05:22.872+0800][91.242s][gc,phases   ] GC(4887) Concurrent Mark 5.569ms
[2024-07-25T19:05:22.873+0800][91.242s][gc,phases   ] GC(4887) Pause Mark End 0.009ms
[2024-07-25T19:05:22.873+0800][91.242s][gc,phases   ] GC(4887) Concurrent Mark Free 0.001ms
[2024-07-25T19:05:22.874+0800][91.244s][gc,phases   ] GC(4887) Concurrent Process Non-Strong References 1.624ms
[2024-07-25T19:05:22.874+0800][91.244s][gc,phases   ] GC(4887) Concurrent Reset Relocation Set 0.001ms
[2024-07-25T19:05:22.877+0800][91.246s][gc          ] Allocation Stall (main) 10.030ms
[2024-07-25T19:05:22.877+0800][91.246s][gc,phases   ] GC(4887) Concurrent Select Relocation Set 2.275ms
[2024-07-25T19:05:22.877+0800][91.246s][gc,phases   ] GC(4887) Pause Relocate Start 0.006ms
[2024-07-25T19:05:22.877+0800][91.246s][gc,phases   ] GC(4887) Concurrent Relocate 0.117ms
[2024-07-25T19:05:22.877+0800][91.246s][gc,load     ] GC(4887) Load: 0.00/0.00/0.00
[2024-07-25T19:05:22.877+0800][91.246s][gc,mmu      ] GC(4887) MMU: 2ms/88.2%, 5ms/95.3%, 10ms/97.6%, 20ms/98.8%, 50ms/99.4%, 100ms/99.6%
[2024-07-25T19:05:22.877+0800][91.246s][gc,marking  ] GC(4887) Mark: 1 stripe(s), 1 proactive flush(es), 1 terminate flush(es), 0 completion(s), 0 continuation(s) 
[2024-07-25T19:05:22.877+0800][91.246s][gc,marking  ] GC(4887) Mark Stack Usage: 32M
[2024-07-25T19:05:22.877+0800][91.247s][gc,nmethod  ] GC(4887) NMethods: 535 registered, 0 unregistered
[2024-07-25T19:05:22.877+0800][91.247s][gc,metaspace] GC(4887) Metaspace: 1M used, 1M committed, 1088M reserved
[2024-07-25T19:05:22.877+0800][91.247s][gc,ref      ] GC(4887) Soft: 46 encountered, 25 discovered, 0 enqueued
[2024-07-25T19:05:22.877+0800][91.247s][gc,ref      ] GC(4887) Weak: 131 encountered, 107 discovered, 0 enqueued
[2024-07-25T19:05:22.877+0800][91.247s][gc,ref      ] GC(4887) Final: 0 encountered, 0 discovered, 0 enqueued
[2024-07-25T19:05:22.877+0800][91.247s][gc,ref      ] GC(4887) Phantom: 184 encountered, 98 discovered, 0 enqueued
[2024-07-25T19:05:22.877+0800][91.247s][gc,reloc    ] GC(4887) Small Pages: 4 / 8M, Empty: 2M, Relocated: 0M, In-Place: 0
[2024-07-25T19:05:22.877+0800][91.247s][gc,reloc    ] GC(4887) Large Pages: 4 / 8M, Empty: 4M, Relocated: 0M, In-Place: 0
[2024-07-25T19:05:22.877+0800][91.247s][gc,reloc    ] GC(4887) Forwarding Usage: 0M
[2024-07-25T19:05:22.877+0800][91.247s][gc,heap     ] GC(4887) Min Capacity: 8M(50%)
[2024-07-25T19:05:22.877+0800][91.247s][gc,heap     ] GC(4887) Max Capacity: 16M(100%)
[2024-07-25T19:05:22.877+0800][91.247s][gc,heap     ] GC(4887) Soft Max Capacity: 16M(100%)
[2024-07-25T19:05:22.878+0800][91.247s][gc,heap     ] GC(4887)                Mark Start          Mark End        Relocate Start      Relocate End           High               Low         
[2024-07-25T19:05:22.878+0800][91.247s][gc,heap     ] GC(4887)  Capacity:       16M (100%)         16M (100%)         16M (100%)         16M (100%)         16M (100%)         16M (100%)   
[2024-07-25T19:05:22.878+0800][91.247s][gc,heap     ] GC(4887)      Free:        0M (0%)            0M (0%)            2M (12%)           2M (12%)           6M (38%)           0M (0%)     
[2024-07-25T19:05:22.878+0800][91.247s][gc,heap     ] GC(4887)      Used:       16M (100%)         16M (100%)         14M (88%)          14M (88%)          16M (100%)         10M (62%)    
[2024-07-25T19:05:22.878+0800][91.247s][gc,heap     ] GC(4887)      Live:         -                 8M (54%)           8M (54%)           8M (54%)            -                  -          
[2024-07-25T19:05:22.878+0800][91.247s][gc,heap     ] GC(4887) Allocated:         -                 0M (0%)            4M (25%)           4M (25%)            -                  -          
[2024-07-25T19:05:22.878+0800][91.247s][gc,heap     ] GC(4887)   Garbage:         -                 7M (46%)           1M (8%)            1M (8%)             -                  -          
[2024-07-25T19:05:22.878+0800][91.247s][gc,heap     ] GC(4887) Reclaimed:         -                  -                 6M (38%)           6M (38%)            -                  -          
[2024-07-25T19:05:22.878+0800][91.247s][gc          ] GC(4887) Garbage Collection (Allocation Stall) 16M(100%)->14M(88%)
[2024-07-25T19:05:22.881+0800][91.250s][gc,start    ] GC(4888) Garbage Collection (Allocation Stall)
[2024-07-25T19:05:22.881+0800][91.250s][gc,ref      ] GC(4888) Clearing All SoftReferences
[2024-07-25T19:05:22.881+0800][91.250s][gc,task     ] GC(4888) Using 1 workers
[2024-07-25T19:05:22.881+0800][91.250s][gc,phases   ] GC(4888) Pause Mark Start 0.009ms
[2024-07-25T19:05:22.887+0800][91.256s][gc,phases   ] GC(4888) Concurrent Mark 5.479ms
[2024-07-25T19:05:22.887+0800][91.256s][gc,phases   ] GC(4888) Pause Mark End 0.009ms
[2024-07-25T19:05:22.887+0800][91.256s][gc,phases   ] GC(4888) Concurrent Mark Free 0.001ms
[2024-07-25T19:05:22.888+0800][91.258s][gc,phases   ] GC(4888) Concurrent Process Non-Strong References 1.567ms
[2024-07-25T19:05:22.889+0800][91.258s][gc,phases   ] GC(4888) Concurrent Reset Relocation Set 0.001ms
[2024-07-25T19:05:22.891+0800][91.261s][gc          ] Allocation Stall (main) 10.832ms
[2024-07-25T19:05:22.892+0800][91.261s][gc,phases   ] GC(4888) Concurrent Select Relocation Set 3.006ms
[2024-07-25T19:05:22.892+0800][91.261s][gc,phases   ] GC(4888) Pause Relocate Start 0.008ms
[2024-07-25T19:05:22.892+0800][91.261s][gc,phases   ] GC(4888) Concurrent Relocate 0.123ms
[2024-07-25T19:05:22.892+0800][91.261s][gc,load     ] GC(4888) Load: 0.00/0.00/0.00
[2024-07-25T19:05:22.892+0800][91.261s][gc,mmu      ] GC(4888) MMU: 2ms/88.2%, 5ms/95.3%, 10ms/97.6%, 20ms/98.8%, 50ms/99.4%, 100ms/99.6%
[2024-07-25T19:05:22.892+0800][91.262s][gc,marking  ] GC(4888) Mark: 1 stripe(s), 1 proactive flush(es), 1 terminate flush(es), 0 completion(s), 0 continuation(s) 
[2024-07-25T19:05:22.892+0800][91.262s][gc,marking  ] GC(4888) Mark Stack Usage: 32M
[2024-07-25T19:05:22.892+0800][91.262s][gc,nmethod  ] GC(4888) NMethods: 535 registered, 0 unregistered
[2024-07-25T19:05:22.892+0800][91.262s][gc,metaspace] GC(4888) Metaspace: 1M used, 1M committed, 1088M reserved
[2024-07-25T19:05:22.892+0800][91.262s][gc,ref      ] GC(4888) Soft: 46 encountered, 25 discovered, 0 enqueued
[2024-07-25T19:05:22.892+0800][91.262s][gc,ref      ] GC(4888) Weak: 131 encountered, 107 discovered, 0 enqueued
[2024-07-25T19:05:22.892+0800][91.262s][gc,ref      ] GC(4888) Final: 0 encountered, 0 discovered, 0 enqueued
[2024-07-25T19:05:22.892+0800][91.262s][gc,ref      ] GC(4888) Phantom: 184 encountered, 98 discovered, 0 enqueued
[2024-07-25T19:05:22.892+0800][91.262s][gc,reloc    ] GC(4888) Small Pages: 4 / 8M, Empty: 2M, Relocated: 0M, In-Place: 0
[2024-07-25T19:05:22.892+0800][91.262s][gc,reloc    ] GC(4888) Large Pages: 4 / 8M, Empty: 4M, Relocated: 0M, In-Place: 0
[2024-07-25T19:05:22.892+0800][91.262s][gc,reloc    ] GC(4888) Forwarding Usage: 0M
[2024-07-25T19:05:22.892+0800][91.262s][gc,heap     ] GC(4888) Min Capacity: 8M(50%)
[2024-07-25T19:05:22.892+0800][91.262s][gc,heap     ] GC(4888) Max Capacity: 16M(100%)
[2024-07-25T19:05:22.892+0800][91.262s][gc,heap     ] GC(4888) Soft Max Capacity: 16M(100%)
[2024-07-25T19:05:22.892+0800][91.262s][gc,heap     ] GC(4888)                Mark Start          Mark End        Relocate Start      Relocate End           High               Low         
[2024-07-25T19:05:22.892+0800][91.262s][gc,heap     ] GC(4888)  Capacity:       16M (100%)         16M (100%)         16M (100%)         16M (100%)         16M (100%)         16M (100%)   
[2024-07-25T19:05:22.893+0800][91.262s][gc,heap     ] GC(4888)      Free:        0M (0%)            0M (0%)            2M (12%)           2M (12%)           6M (38%)           0M (0%)     
[2024-07-25T19:05:22.893+0800][91.262s][gc,heap     ] GC(4888)      Used:       16M (100%)         16M (100%)         14M (88%)          14M (88%)          16M (100%)         10M (62%)    
[2024-07-25T19:05:22.893+0800][91.262s][gc,heap     ] GC(4888)      Live:         -                 8M (54%)           8M (54%)           8M (54%)            -                  -          
[2024-07-25T19:05:22.893+0800][91.262s][gc,heap     ] GC(4888) Allocated:         -                 0M (0%)            4M (25%)           4M (25%)            -                  -          
[2024-07-25T19:05:22.893+0800][91.262s][gc,heap     ] GC(4888)   Garbage:         -                 7M (46%)           1M (8%)            1M (8%)             -                  -          
[2024-07-25T19:05:22.893+0800][91.262s][gc,heap     ] GC(4888) Reclaimed:         -                  -                 6M (38%)           6M (38%)            -                  -          
[2024-07-25T19:05:22.893+0800][91.262s][gc          ] GC(4888) Garbage Collection (Allocation Stall) 16M(100%)->14M(88%)
[2024-07-25T19:05:22.898+0800][91.267s][gc,start    ] GC(4889) Garbage Collection (Allocation Stall)
[2024-07-25T19:05:22.898+0800][91.267s][gc,ref      ] GC(4889) Clearing All SoftReferences
[2024-07-25T19:05:22.898+0800][91.267s][gc,task     ] GC(4889) Using 1 workers
[2024-07-25T19:05:22.898+0800][91.268s][gc,phases   ] GC(4889) Pause Mark Start 0.009ms
[2024-07-25T19:05:22.906+0800][91.276s][gc,phases   ] GC(4889) Concurrent Mark 7.830ms
[2024-07-25T19:05:22.906+0800][91.276s][gc,phases   ] GC(4889) Pause Mark End 0.014ms
[2024-07-25T19:05:22.907+0800][91.276s][gc,phases   ] GC(4889) Concurrent Mark Free 0.002ms
[2024-07-25T19:05:22.909+0800][91.278s][gc,phases   ] GC(4889) Concurrent Process Non-Strong References 2.293ms
[2024-07-25T19:05:22.909+0800][91.278s][gc,phases   ] GC(4889) Concurrent Reset Relocation Set 0.001ms
[2024-07-25T19:05:22.915+0800][91.284s][gc          ] Allocation Stall (main) 16.923ms
[2024-07-25T19:05:22.915+0800][91.284s][gc,phases   ] GC(4889) Concurrent Select Relocation Set 5.638ms
[2024-07-25T19:05:22.915+0800][91.285s][gc,phases   ] GC(4889) Pause Relocate Start 0.013ms
[2024-07-25T19:05:22.915+0800][91.285s][gc,phases   ] GC(4889) Concurrent Relocate 0.063ms
[2024-07-25T19:05:22.915+0800][91.285s][gc,load     ] GC(4889) Load: 0.00/0.00/0.00
[2024-07-25T19:05:22.915+0800][91.285s][gc,mmu      ] GC(4889) MMU: 2ms/88.2%, 5ms/95.3%, 10ms/97.6%, 20ms/98.8%, 50ms/99.4%, 100ms/99.6%
[2024-07-25T19:05:22.915+0800][91.285s][gc,marking  ] GC(4889) Mark: 1 stripe(s), 1 proactive flush(es), 1 terminate flush(es), 0 completion(s), 0 continuation(s) 
[2024-07-25T19:05:22.915+0800][91.285s][gc,marking  ] GC(4889) Mark Stack Usage: 32M
[2024-07-25T19:05:22.915+0800][91.285s][gc,nmethod  ] GC(4889) NMethods: 535 registered, 0 unregistered
[2024-07-25T19:05:22.916+0800][91.285s][gc,metaspace] GC(4889) Metaspace: 1M used, 1M committed, 1088M reserved
[2024-07-25T19:05:22.916+0800][91.285s][gc,ref      ] GC(4889) Soft: 46 encountered, 25 discovered, 0 enqueued
[2024-07-25T19:05:22.916+0800][91.285s][gc,ref      ] GC(4889) Weak: 131 encountered, 107 discovered, 0 enqueued
[2024-07-25T19:05:22.916+0800][91.285s][gc,ref      ] GC(4889) Final: 0 encountered, 0 discovered, 0 enqueued
[2024-07-25T19:05:22.916+0800][91.285s][gc,ref      ] GC(4889) Phantom: 184 encountered, 98 discovered, 0 enqueued
[2024-07-25T19:05:22.916+0800][91.285s][gc,reloc    ] GC(4889) Small Pages: 4 / 8M, Empty: 2M, Relocated: 0M, In-Place: 0
[2024-07-25T19:05:22.916+0800][91.285s][gc,reloc    ] GC(4889) Large Pages: 4 / 8M, Empty: 4M, Relocated: 0M, In-Place: 0
[2024-07-25T19:05:22.916+0800][91.285s][gc,reloc    ] GC(4889) Forwarding Usage: 0M
[2024-07-25T19:05:22.916+0800][91.285s][gc,heap     ] GC(4889) Min Capacity: 8M(50%)
[2024-07-25T19:05:22.916+0800][91.285s][gc,heap     ] GC(4889) Max Capacity: 16M(100%)
[2024-07-25T19:05:22.916+0800][91.286s][gc,heap     ] GC(4889) Soft Max Capacity: 16M(100%)
[2024-07-25T19:05:22.916+0800][91.286s][gc,heap     ] GC(4889)                Mark Start          Mark End        Relocate Start      Relocate End           High               Low         
[2024-07-25T19:05:22.916+0800][91.286s][gc,heap     ] GC(4889)  Capacity:       16M (100%)         16M (100%)         16M (100%)         16M (100%)         16M (100%)         16M (100%)   
[2024-07-25T19:05:22.916+0800][91.286s][gc,heap     ] GC(4889)      Free:        0M (0%)            0M (0%)            2M (12%)           2M (12%)           6M (38%)           0M (0%)     
[2024-07-25T19:05:22.916+0800][91.286s][gc,heap     ] GC(4889)      Used:       16M (100%)         16M (100%)         14M (88%)          14M (88%)          16M (100%)         10M (62%)    
[2024-07-25T19:05:22.916+0800][91.286s][gc,heap     ] GC(4889)      Live:         -                 8M (54%)           8M (54%)           8M (54%)            -                  -          
[2024-07-25T19:05:22.916+0800][91.286s][gc,heap     ] GC(4889) Allocated:         -                 0M (0%)            4M (25%)           4M (25%)            -                  -          
[2024-07-25T19:05:22.916+0800][91.286s][gc,heap     ] GC(4889)   Garbage:         -                 7M (46%)           1M (8%)            1M (8%)             -                  -          
[2024-07-25T19:05:22.916+0800][91.286s][gc,heap     ] GC(4889) Reclaimed:         -                  -                 6M (38%)           6M (38%)            -                  -          
[2024-07-25T19:05:22.916+0800][91.286s][gc          ] GC(4889) Garbage Collection (Allocation Stall) 16M(100%)->14M(88%)
[2024-07-25T19:05:22.919+0800][91.288s][gc,start    ] GC(4890) Garbage Collection (Allocation Rate)
[2024-07-25T19:05:22.919+0800][91.288s][gc,task     ] GC(4890) Using 1 workers
[2024-07-25T19:05:22.919+0800][91.289s][gc,phases   ] GC(4890) Pause Mark Start 0.011ms
[2024-07-25T19:05:22.927+0800][91.297s][gc,phases   ] GC(4890) Concurrent Mark 7.848ms
[2024-07-25T19:05:22.927+0800][91.297s][gc,phases   ] GC(4890) Pause Mark End 0.016ms
[2024-07-25T19:05:22.927+0800][91.297s][gc,phases   ] GC(4890) Concurrent Mark Free 0.002ms
[2024-07-25T19:05:22.929+0800][91.299s][gc,phases   ] GC(4890) Concurrent Process Non-Strong References 2.004ms
[2024-07-25T19:05:22.929+0800][91.299s][gc,phases   ] GC(4890) Concurrent Reset Relocation Set 0.001ms
[2024-07-25T19:05:22.933+0800][91.302s][gc          ] Allocation Stall (main) 14.207ms
[2024-07-25T19:05:22.933+0800][91.303s][gc,phases   ] GC(4890) Concurrent Select Relocation Set 3.482ms
[2024-07-25T19:05:22.934+0800][91.303s][gc,phases   ] GC(4890) Pause Relocate Start 0.017ms
[2024-07-25T19:05:22.934+0800][91.303s][gc,phases   ] GC(4890) Concurrent Relocate 0.063ms
[2024-07-25T19:05:22.934+0800][91.303s][gc,load     ] GC(4890) Load: 0.00/0.00/0.00
[2024-07-25T19:05:22.934+0800][91.303s][gc,mmu      ] GC(4890) MMU: 2ms/88.2%, 5ms/95.3%, 10ms/97.6%, 20ms/98.8%, 50ms/99.4%, 100ms/99.6%
[2024-07-25T19:05:22.934+0800][91.303s][gc,marking  ] GC(4890) Mark: 1 stripe(s), 1 proactive flush(es), 1 terminate flush(es), 0 completion(s), 0 continuation(s) 
[2024-07-25T19:05:22.934+0800][91.303s][gc,marking  ] GC(4890) Mark Stack Usage: 32M
[2024-07-25T19:05:22.934+0800][91.303s][gc,nmethod  ] GC(4890) NMethods: 535 registered, 0 unregistered
[2024-07-25T19:05:22.934+0800][91.303s][gc,metaspace] GC(4890) Metaspace: 1M used, 1M committed, 1088M reserved
[2024-07-25T19:05:22.934+0800][91.303s][gc,ref      ] GC(4890) Soft: 46 encountered, 25 discovered, 0 enqueued
[2024-07-25T19:05:22.934+0800][91.304s][gc,ref      ] GC(4890) Weak: 131 encountered, 107 discovered, 0 enqueued
[2024-07-25T19:05:22.934+0800][91.304s][gc,ref      ] GC(4890) Final: 0 encountered, 0 discovered, 0 enqueued
[2024-07-25T19:05:22.934+0800][91.304s][gc,ref      ] GC(4890) Phantom: 184 encountered, 98 discovered, 0 enqueued
[2024-07-25T19:05:22.934+0800][91.304s][gc,reloc    ] GC(4890) Small Pages: 4 / 8M, Empty: 2M, Relocated: 0M, In-Place: 0
[2024-07-25T19:05:22.934+0800][91.304s][gc,reloc    ] GC(4890) Large Pages: 4 / 8M, Empty: 4M, Relocated: 0M, In-Place: 0
[2024-07-25T19:05:22.934+0800][91.304s][gc,reloc    ] GC(4890) Forwarding Usage: 0M
[2024-07-25T19:05:22.934+0800][91.304s][gc,heap     ] GC(4890) Min Capacity: 8M(50%)
[2024-07-25T19:05:22.934+0800][91.304s][gc,heap     ] GC(4890) Max Capacity: 16M(100%)
[2024-07-25T19:05:22.934+0800][91.304s][gc,heap     ] GC(4890) Soft Max Capacity: 16M(100%)
[2024-07-25T19:05:22.934+0800][91.304s][gc,heap     ] GC(4890)                Mark Start          Mark End        Relocate Start      Relocate End           High               Low         
[2024-07-25T19:05:22.934+0800][91.304s][gc,heap     ] GC(4890)  Capacity:       16M (100%)         16M (100%)         16M (100%)         16M (100%)         16M (100%)         16M (100%)   
[2024-07-25T19:05:22.934+0800][91.304s][gc,heap     ] GC(4890)      Free:        0M (0%)            0M (0%)            4M (25%)           4M (25%)           6M (38%)           0M (0%)     
[2024-07-25T19:05:22.935+0800][91.304s][gc,heap     ] GC(4890)      Used:       16M (100%)         16M (100%)         12M (75%)          12M (75%)          16M (100%)         10M (62%)    
[2024-07-25T19:05:22.935+0800][91.304s][gc,heap     ] GC(4890)      Live:         -                 8M (54%)           8M (54%)           8M (54%)            -                  -          
[2024-07-25T19:05:22.935+0800][91.304s][gc,heap     ] GC(4890) Allocated:         -                 0M (0%)            2M (12%)           2M (12%)            -                  -          
[2024-07-25T19:05:22.935+0800][91.304s][gc,heap     ] GC(4890)   Garbage:         -                 7M (46%)           1M (8%)            1M (8%)             -                  -          
[2024-07-25T19:05:22.935+0800][91.304s][gc,heap     ] GC(4890) Reclaimed:         -                  -                 6M (38%)           6M (38%)            -                  -          
[2024-07-25T19:05:22.935+0800][91.304s][gc          ] GC(4890) Garbage Collection (Allocation Rate) 16M(100%)->12M(75%)
[2024-07-25T19:05:22.938+0800][91.308s][gc,start    ] GC(4891) Garbage Collection (Allocation Stall)
[2024-07-25T19:05:22.938+0800][91.308s][gc,ref      ] GC(4891) Clearing All SoftReferences
[2024-07-25T19:05:22.938+0800][91.308s][gc,task     ] GC(4891) Using 1 workers
[2024-07-25T19:05:22.938+0800][91.308s][gc,phases   ] GC(4891) Pause Mark Start 0.010ms
[2024-07-25T19:05:22.946+0800][91.315s][gc,phases   ] GC(4891) Concurrent Mark 7.182ms
[2024-07-25T19:05:22.946+0800][91.315s][gc,phases   ] GC(4891) Pause Mark End 0.014ms
[2024-07-25T19:05:22.946+0800][91.316s][gc,phases   ] GC(4891) Concurrent Mark Free 0.002ms
[2024-07-25T19:05:22.949+0800][91.318s][gc,phases   ] GC(4891) Concurrent Process Non-Strong References 2.103ms
[2024-07-25T19:05:22.949+0800][91.318s][gc,phases   ] GC(4891) Concurrent Reset Relocation Set 0.001ms
[2024-07-25T19:05:22.952+0800][91.322s][gc,phases   ] GC(4891) Concurrent Select Relocation Set 3.650ms
[2024-07-25T19:05:22.952+0800][91.322s][gc          ] Allocation Stall (main) 14.171ms
[2024-07-25T19:05:22.952+0800][91.322s][gc,phases   ] GC(4891) Pause Relocate Start 0.030ms
[2024-07-25T19:05:22.953+0800][91.323s][gc,phases   ] GC(4891) Concurrent Relocate 0.163ms
[2024-07-25T19:05:22.953+0800][91.323s][gc,load     ] GC(4891) Load: 0.00/0.00/0.00
[2024-07-25T19:05:22.953+0800][91.323s][gc,mmu      ] GC(4891) MMU: 2ms/88.2%, 5ms/95.3%, 10ms/97.6%, 20ms/98.8%, 50ms/99.4%, 100ms/99.6%
[2024-07-25T19:05:22.953+0800][91.323s][gc,marking  ] GC(4891) Mark: 1 stripe(s), 1 proactive flush(es), 1 terminate flush(es), 0 completion(s), 0 continuation(s) 
[2024-07-25T19:05:22.953+0800][91.323s][gc,marking  ] GC(4891) Mark Stack Usage: 32M
[2024-07-25T19:05:22.953+0800][91.323s][gc,nmethod  ] GC(4891) NMethods: 535 registered, 0 unregistered
[2024-07-25T19:05:22.953+0800][91.323s][gc,metaspace] GC(4891) Metaspace: 1M used, 1M committed, 1088M reserved
[2024-07-25T19:05:22.953+0800][91.323s][gc,ref      ] GC(4891) Soft: 46 encountered, 25 discovered, 0 enqueued
[2024-07-25T19:05:22.953+0800][91.323s][gc,ref      ] GC(4891) Weak: 131 encountered, 107 discovered, 0 enqueued
[2024-07-25T19:05:22.953+0800][91.323s][gc,ref      ] GC(4891) Final: 0 encountered, 0 discovered, 0 enqueued
[2024-07-25T19:05:22.953+0800][91.323s][gc,ref      ] GC(4891) Phantom: 184 encountered, 98 discovered, 0 enqueued
[2024-07-25T19:05:22.953+0800][91.323s][gc,reloc    ] GC(4891) Small Pages: 4 / 8M, Empty: 2M, Relocated: 0M, In-Place: 0
[2024-07-25T19:05:22.953+0800][91.323s][gc,reloc    ] GC(4891) Large Pages: 4 / 8M, Empty: 4M, Relocated: 0M, In-Place: 0
[2024-07-25T19:05:22.954+0800][91.323s][gc,reloc    ] GC(4891) Forwarding Usage: 0M
[2024-07-25T19:05:22.954+0800][91.323s][gc,heap     ] GC(4891) Min Capacity: 8M(50%)
[2024-07-25T19:05:22.954+0800][91.323s][gc,heap     ] GC(4891) Max Capacity: 16M(100%)
[2024-07-25T19:05:22.954+0800][91.323s][gc,heap     ] GC(4891) Soft Max Capacity: 16M(100%)
[2024-07-25T19:05:22.954+0800][91.323s][gc,heap     ] GC(4891)                Mark Start          Mark End        Relocate Start      Relocate End           High               Low         
[2024-07-25T19:05:22.954+0800][91.323s][gc,heap     ] GC(4891)  Capacity:       16M (100%)         16M (100%)         16M (100%)         16M (100%)         16M (100%)         16M (100%)   
[2024-07-25T19:05:22.954+0800][91.323s][gc,heap     ] GC(4891)      Free:        0M (0%)            0M (0%)            4M (25%)           4M (25%)           6M (38%)           0M (0%)     
[2024-07-25T19:05:22.954+0800][91.324s][gc,heap     ] GC(4891)      Used:       16M (100%)         16M (100%)         12M (75%)          12M (75%)          16M (100%)         10M (62%)    
[2024-07-25T19:05:22.954+0800][91.324s][gc,heap     ] GC(4891)      Live:         -                 8M (54%)           8M (54%)           8M (54%)            -                  -          
[2024-07-25T19:05:22.954+0800][91.324s][gc,heap     ] GC(4891) Allocated:         -                 0M (0%)            2M (12%)           2M (12%)            -                  -          
[2024-07-25T19:05:22.954+0800][91.324s][gc,heap     ] GC(4891)   Garbage:         -                 7M (46%)           1M (8%)            1M (8%)             -                  -          
[2024-07-25T19:05:22.954+0800][91.324s][gc,heap     ] GC(4891) Reclaimed:         -                  -                 6M (38%)           6M (38%)            -                  -          
[2024-07-25T19:05:22.954+0800][91.324s][gc          ] GC(4891) Garbage Collection (Allocation Stall) 16M(100%)->12M(75%)
[2024-07-25T19:05:22.958+0800][91.327s][gc,start    ] GC(4892) Garbage Collection (Allocation Stall)
[2024-07-25T19:05:22.958+0800][91.327s][gc,ref      ] GC(4892) Clearing All SoftReferences
[2024-07-25T19:05:22.958+0800][91.328s][gc,task     ] GC(4892) Using 1 workers
[2024-07-25T19:05:22.958+0800][91.328s][gc,phases   ] GC(4892) Pause Mark Start 0.011ms
[2024-07-25T19:05:22.965+0800][91.335s][gc,phases   ] GC(4892) Concurrent Mark 7.378ms
[2024-07-25T19:05:22.966+0800][91.335s][gc,phases   ] GC(4892) Pause Mark End 0.015ms
[2024-07-25T19:05:22.966+0800][91.336s][gc,phases   ] GC(4892) Concurrent Mark Free 0.002ms
[2024-07-25T19:05:22.969+0800][91.338s][gc,phases   ] GC(4892) Concurrent Process Non-Strong References 2.278ms
[2024-07-25T19:05:22.969+0800][91.338s][gc,phases   ] GC(4892) Concurrent Reset Relocation Set 0.001ms
[2024-07-25T19:05:22.972+0800][91.342s][gc,phases   ] GC(4892) Concurrent Select Relocation Set 3.548ms
[2024-07-25T19:05:22.972+0800][91.342s][gc          ] Allocation Stall (main) 14.329ms
[2024-07-25T19:05:22.972+0800][91.342s][gc,phases   ] GC(4892) Pause Relocate Start 0.017ms
[2024-07-25T19:05:22.972+0800][91.342s][gc,phases   ] GC(4892) Concurrent Relocate 0.063ms
[2024-07-25T19:05:22.973+0800][91.342s][gc,load     ] GC(4892) Load: 0.00/0.00/0.00
[2024-07-25T19:05:22.973+0800][91.342s][gc,mmu      ] GC(4892) MMU: 2ms/88.2%, 5ms/95.3%, 10ms/97.6%, 20ms/98.8%, 50ms/99.4%, 100ms/99.6%
[2024-07-25T19:05:22.973+0800][91.342s][gc,marking  ] GC(4892) Mark: 1 stripe(s), 1 proactive flush(es), 1 terminate flush(es), 0 completion(s), 0 continuation(s) 
[2024-07-25T19:05:22.973+0800][91.343s][gc,marking  ] GC(4892) Mark Stack Usage: 32M
[2024-07-25T19:05:22.973+0800][91.343s][gc,nmethod  ] GC(4892) NMethods: 535 registered, 0 unregistered
[2024-07-25T19:05:22.973+0800][91.343s][gc,metaspace] GC(4892) Metaspace: 1M used, 1M committed, 1088M reserved
[2024-07-25T19:05:22.973+0800][91.343s][gc,ref      ] GC(4892) Soft: 46 encountered, 25 discovered, 0 enqueued
[2024-07-25T19:05:22.973+0800][91.343s][gc,ref      ] GC(4892) Weak: 131 encountered, 107 discovered, 0 enqueued
[2024-07-25T19:05:22.973+0800][91.343s][gc,ref      ] GC(4892) Final: 0 encountered, 0 discovered, 0 enqueued
[2024-07-25T19:05:22.973+0800][91.343s][gc,ref      ] GC(4892) Phantom: 184 encountered, 98 discovered, 0 enqueued
[2024-07-25T19:05:22.973+0800][91.343s][gc,reloc    ] GC(4892) Small Pages: 4 / 8M, Empty: 2M, Relocated: 0M, In-Place: 0
[2024-07-25T19:05:22.973+0800][91.343s][gc,reloc    ] GC(4892) Large Pages: 4 / 8M, Empty: 4M, Relocated: 0M, In-Place: 0
[2024-07-25T19:05:22.973+0800][91.343s][gc,reloc    ] GC(4892) Forwarding Usage: 0M
[2024-07-25T19:05:22.973+0800][91.343s][gc,heap     ] GC(4892) Min Capacity: 8M(50%)
[2024-07-25T19:05:22.973+0800][91.343s][gc,heap     ] GC(4892) Max Capacity: 16M(100%)
[2024-07-25T19:05:22.973+0800][91.343s][gc,heap     ] GC(4892) Soft Max Capacity: 16M(100%)
[2024-07-25T19:05:22.973+0800][91.343s][gc,heap     ] GC(4892)                Mark Start          Mark End        Relocate Start      Relocate End           High               Low         
[2024-07-25T19:05:22.973+0800][91.343s][gc,heap     ] GC(4892)  Capacity:       16M (100%)         16M (100%)         16M (100%)         16M (100%)         16M (100%)         16M (100%)   
[2024-07-25T19:05:22.973+0800][91.343s][gc,heap     ] GC(4892)      Free:        0M (0%)            0M (0%)            4M (25%)           4M (25%)           6M (38%)           0M (0%)     
[2024-07-25T19:05:22.973+0800][91.343s][gc,heap     ] GC(4892)      Used:       16M (100%)         16M (100%)         12M (75%)          12M (75%)          16M (100%)         10M (62%)    
[2024-07-25T19:05:22.973+0800][91.343s][gc,heap     ] GC(4892)      Live:         -                 8M (54%)           8M (54%)           8M (54%)            -                  -          
[2024-07-25T19:05:22.973+0800][91.343s][gc,heap     ] GC(4892) Allocated:         -                 0M (0%)            2M (12%)           2M (12%)            -                  -          
[2024-07-25T19:05:22.974+0800][91.343s][gc,heap     ] GC(4892)   Garbage:         -                 7M (46%)           1M (8%)            1M (8%)             -                  -          
[2024-07-25T19:05:22.974+0800][91.343s][gc,heap     ] GC(4892) Reclaimed:         -                  -                 6M (38%)           6M (38%)            -                  -          
[2024-07-25T19:05:22.974+0800][91.343s][gc          ] GC(4892) Garbage Collection (Allocation Stall) 16M(100%)->12M(75%)
[2024-07-25T19:05:22.980+0800][91.349s][gc,start    ] GC(4893) Garbage Collection (Allocation Stall)
[2024-07-25T19:05:22.980+0800][91.349s][gc,ref      ] GC(4893) Clearing All SoftReferences
[2024-07-25T19:05:22.980+0800][91.349s][gc,task     ] GC(4893) Using 1 workers
[2024-07-25T19:05:22.980+0800][91.349s][gc,phases   ] GC(4893) Pause Mark Start 0.009ms
[2024-07-25T19:05:22.988+0800][91.357s][gc,phases   ] GC(4893) Concurrent Mark 8.023ms
[2024-07-25T19:05:22.988+0800][91.357s][gc,phases   ] GC(4893) Pause Mark End 0.013ms
[2024-07-25T19:05:22.988+0800][91.357s][gc,phases   ] GC(4893) Concurrent Mark Free 0.001ms
[2024-07-25T19:05:22.991+0800][91.360s][gc,phases   ] GC(4893) Concurrent Process Non-Strong References 2.860ms
[2024-07-25T19:05:22.991+0800][91.360s][gc,phases   ] GC(4893) Concurrent Reset Relocation Set 0.004ms
[2024-07-25T19:05:22.994+0800][91.364s][gc          ] Allocation Stall (main) 15.329ms
[2024-07-25T19:05:22.994+0800][91.364s][gc,phases   ] GC(4893) Concurrent Select Relocation Set 3.415ms
[2024-07-25T19:05:22.994+0800][91.364s][gc,phases   ] GC(4893) Pause Relocate Start 0.010ms
[2024-07-25T19:05:22.995+0800][91.364s][gc,phases   ] GC(4893) Concurrent Relocate 0.069ms
[2024-07-25T19:05:22.995+0800][91.364s][gc,load     ] GC(4893) Load: 0.00/0.00/0.00
[2024-07-25T19:05:22.995+0800][91.364s][gc,mmu      ] GC(4893) MMU: 2ms/88.2%, 5ms/95.3%, 10ms/97.6%, 20ms/98.8%, 50ms/99.4%, 100ms/99.6%
[2024-07-25T19:05:22.995+0800][91.364s][gc,marking  ] GC(4893) Mark: 1 stripe(s), 1 proactive flush(es), 1 terminate flush(es), 0 completion(s), 0 continuation(s) 
[2024-07-25T19:05:22.995+0800][91.365s][gc,marking  ] GC(4893) Mark Stack Usage: 32M
[2024-07-25T19:05:22.995+0800][91.365s][gc,nmethod  ] GC(4893) NMethods: 535 registered, 0 unregistered
[2024-07-25T19:05:22.995+0800][91.365s][gc,metaspace] GC(4893) Metaspace: 1M used, 1M committed, 1088M reserved
[2024-07-25T19:05:22.995+0800][91.365s][gc,ref      ] GC(4893) Soft: 46 encountered, 25 discovered, 0 enqueued
[2024-07-25T19:05:22.995+0800][91.365s][gc,ref      ] GC(4893) Weak: 131 encountered, 107 discovered, 0 enqueued
[2024-07-25T19:05:22.995+0800][91.365s][gc,ref      ] GC(4893) Final: 0 encountered, 0 discovered, 0 enqueued
[2024-07-25T19:05:22.995+0800][91.365s][gc,ref      ] GC(4893) Phantom: 184 encountered, 98 discovered, 0 enqueued
[2024-07-25T19:05:22.995+0800][91.365s][gc,reloc    ] GC(4893) Small Pages: 4 / 8M, Empty: 2M, Relocated: 0M, In-Place: 0
[2024-07-25T19:05:22.995+0800][91.365s][gc,reloc    ] GC(4893) Large Pages: 4 / 8M, Empty: 4M, Relocated: 0M, In-Place: 0
[2024-07-25T19:05:22.995+0800][91.365s][gc,reloc    ] GC(4893) Forwarding Usage: 0M
[2024-07-25T19:05:22.995+0800][91.365s][gc,heap     ] GC(4893) Min Capacity: 8M(50%)
[2024-07-25T19:05:22.995+0800][91.365s][gc,heap     ] GC(4893) Max Capacity: 16M(100%)
[2024-07-25T19:05:22.995+0800][91.365s][gc,heap     ] GC(4893) Soft Max Capacity: 16M(100%)
[2024-07-25T19:05:22.995+0800][91.365s][gc,heap     ] GC(4893)                Mark Start          Mark End        Relocate Start      Relocate End           High               Low         
[2024-07-25T19:05:22.995+0800][91.365s][gc,heap     ] GC(4893)  Capacity:       16M (100%)         16M (100%)         16M (100%)         16M (100%)         16M (100%)         16M (100%)   
[2024-07-25T19:05:22.995+0800][91.365s][gc,heap     ] GC(4893)      Free:        0M (0%)            0M (0%)            2M (12%)           2M (12%)           6M (38%)           0M (0%)     
[2024-07-25T19:05:22.995+0800][91.365s][gc,heap     ] GC(4893)      Used:       16M (100%)         16M (100%)         14M (88%)          14M (88%)          16M (100%)         10M (62%)    
[2024-07-25T19:05:22.995+0800][91.365s][gc,heap     ] GC(4893)      Live:         -                 8M (54%)           8M (54%)           8M (54%)            -                  -          
[2024-07-25T19:05:22.995+0800][91.365s][gc,heap     ] GC(4893) Allocated:         -                 0M (0%)            4M (25%)           4M (25%)            -                  -          
[2024-07-25T19:05:22.995+0800][91.365s][gc,heap     ] GC(4893)   Garbage:         -                 7M (46%)           1M (8%)            1M (8%)             -                  -          
[2024-07-25T19:05:22.995+0800][91.365s][gc,heap     ] GC(4893) Reclaimed:         -                  -                 6M (38%)           6M (38%)            -                  -          
[2024-07-25T19:05:22.995+0800][91.365s][gc          ] GC(4893) Garbage Collection (Allocation Stall) 16M(100%)->14M(88%)
[2024-07-25T19:05:22.999+0800][91.368s][gc,start    ] GC(4894) Garbage Collection (Allocation Stall)
[2024-07-25T19:05:22.999+0800][91.369s][gc,ref      ] GC(4894) Clearing All SoftReferences
[2024-07-25T19:05:22.999+0800][91.369s][gc,task     ] GC(4894) Using 1 workers
[2024-07-25T19:05:22.999+0800][91.369s][gc,phases   ] GC(4894) Pause Mark Start 0.010ms
[2024-07-25T19:05:23.007+0800][91.377s][gc,phases   ] GC(4894) Concurrent Mark 7.664ms
[2024-07-25T19:05:23.007+0800][91.377s][gc,phases   ] GC(4894) Pause Mark End 0.014ms
[2024-07-25T19:05:23.008+0800][91.377s][gc,phases   ] GC(4894) Concurrent Mark Free 0.002ms
[2024-07-25T19:05:23.010+0800][91.379s][gc,phases   ] GC(4894) Concurrent Process Non-Strong References 2.102ms
[2024-07-25T19:05:23.010+0800][91.379s][gc,phases   ] GC(4894) Concurrent Reset Relocation Set 0.001ms
[2024-07-25T19:05:23.013+0800][91.383s][gc          ] Allocation Stall (main) 14.392ms
[2024-07-25T19:05:23.013+0800][91.383s][gc,phases   ] GC(4894) Concurrent Select Relocation Set 3.565ms
[2024-07-25T19:05:23.014+0800][91.383s][gc,phases   ] GC(4894) Pause Relocate Start 0.010ms
[2024-07-25T19:05:23.014+0800][91.383s][gc,phases   ] GC(4894) Concurrent Relocate 0.043ms
[2024-07-25T19:05:23.014+0800][91.383s][gc,load     ] GC(4894) Load: 0.00/0.00/0.00
[2024-07-25T19:05:23.014+0800][91.383s][gc,mmu      ] GC(4894) MMU: 2ms/88.2%, 5ms/95.3%, 10ms/97.6%, 20ms/98.8%, 50ms/99.4%, 100ms/99.6%
[2024-07-25T19:05:23.014+0800][91.383s][gc,marking  ] GC(4894) Mark: 1 stripe(s), 1 proactive flush(es), 1 terminate flush(es), 0 completion(s), 0 continuation(s) 
[2024-07-25T19:05:23.014+0800][91.384s][gc,marking  ] GC(4894) Mark Stack Usage: 32M
[2024-07-25T19:05:23.014+0800][91.384s][gc,nmethod  ] GC(4894) NMethods: 535 registered, 0 unregistered
[2024-07-25T19:05:23.014+0800][91.384s][gc,metaspace] GC(4894) Metaspace: 1M used, 1M committed, 1088M reserved
[2024-07-25T19:05:23.014+0800][91.384s][gc,ref      ] GC(4894) Soft: 46 encountered, 25 discovered, 0 enqueued
[2024-07-25T19:05:23.014+0800][91.384s][gc,ref      ] GC(4894) Weak: 131 encountered, 107 discovered, 0 enqueued
[2024-07-25T19:05:23.014+0800][91.384s][gc,ref      ] GC(4894) Final: 0 encountered, 0 discovered, 0 enqueued
[2024-07-25T19:05:23.014+0800][91.384s][gc,ref      ] GC(4894) Phantom: 184 encountered, 98 discovered, 0 enqueued
[2024-07-25T19:05:23.014+0800][91.384s][gc,reloc    ] GC(4894) Small Pages: 4 / 8M, Empty: 2M, Relocated: 0M, In-Place: 0
[2024-07-25T19:05:23.014+0800][91.384s][gc,reloc    ] GC(4894) Large Pages: 4 / 8M, Empty: 4M, Relocated: 0M, In-Place: 0
[2024-07-25T19:05:23.014+0800][91.384s][gc,reloc    ] GC(4894) Forwarding Usage: 0M
[2024-07-25T19:05:23.014+0800][91.384s][gc,heap     ] GC(4894) Min Capacity: 8M(50%)
[2024-07-25T19:05:23.014+0800][91.384s][gc,heap     ] GC(4894) Max Capacity: 16M(100%)
[2024-07-25T19:05:23.014+0800][91.384s][gc,heap     ] GC(4894) Soft Max Capacity: 16M(100%)
[2024-07-25T19:05:23.014+0800][91.384s][gc,heap     ] GC(4894)                Mark Start          Mark End        Relocate Start      Relocate End           High               Low         
[2024-07-25T19:05:23.015+0800][91.384s][gc,heap     ] GC(4894)  Capacity:       16M (100%)         16M (100%)         16M (100%)         16M (100%)         16M (100%)         16M (100%)   
[2024-07-25T19:05:23.015+0800][91.384s][gc,heap     ] GC(4894)      Free:        0M (0%)            0M (0%)            2M (12%)           2M (12%)           6M (38%)           0M (0%)     
[2024-07-25T19:05:23.015+0800][91.384s][gc,heap     ] GC(4894)      Used:       16M (100%)         16M (100%)         14M (88%)          14M (88%)          16M (100%)         10M (62%)    
[2024-07-25T19:05:23.015+0800][91.384s][gc,heap     ] GC(4894)      Live:         -                 8M (54%)           8M (54%)           8M (54%)            -                  -          
[2024-07-25T19:05:23.015+0800][91.384s][gc,heap     ] GC(4894) Allocated:         -                 0M (0%)            4M (25%)           4M (25%)            -                  -          
[2024-07-25T19:05:23.015+0800][91.384s][gc,heap     ] GC(4894)   Garbage:         -                 7M (46%)           1M (8%)            1M (8%)             -                  -          
[2024-07-25T19:05:23.015+0800][91.384s][gc,heap     ] GC(4894) Reclaimed:         -                  -                 6M (38%)           6M (38%)            -                  -          
[2024-07-25T19:05:23.015+0800][91.384s][gc          ] GC(4894) Garbage Collection (Allocation Stall) 16M(100%)->14M(88%)
[2024-07-25T19:05:23.019+0800][91.388s][gc,start    ] GC(4895) Garbage Collection (Allocation Stall)
[2024-07-25T19:05:23.019+0800][91.388s][gc,ref      ] GC(4895) Clearing All SoftReferences
[2024-07-25T19:05:23.019+0800][91.389s][gc,task     ] GC(4895) Using 1 workers
[2024-07-25T19:05:23.019+0800][91.389s][gc,phases   ] GC(4895) Pause Mark Start 0.010ms
[2024-07-25T19:05:23.027+0800][91.396s][gc,phases   ] GC(4895) Concurrent Mark 7.278ms
[2024-07-25T19:05:23.027+0800][91.396s][gc,phases   ] GC(4895) Pause Mark End 0.013ms
[2024-07-25T19:05:23.027+0800][91.397s][gc,phases   ] GC(4895) Concurrent Mark Free 0.001ms
[2024-07-25T19:05:23.029+0800][91.399s][gc,phases   ] GC(4895) Concurrent Process Non-Strong References 2.171ms
[2024-07-25T19:05:23.029+0800][91.399s][gc,phases   ] GC(4895) Concurrent Reset Relocation Set 0.001ms
[2024-07-25T19:05:23.033+0800][91.402s][gc          ] Allocation Stall (main) 13.786ms
[2024-07-25T19:05:23.033+0800][91.402s][gc,phases   ] GC(4895) Concurrent Select Relocation Set 3.273ms
[2024-07-25T19:05:23.033+0800][91.402s][gc,phases   ] GC(4895) Pause Relocate Start 0.009ms
[2024-07-25T19:05:23.033+0800][91.403s][gc,phases   ] GC(4895) Concurrent Relocate 0.107ms
[2024-07-25T19:05:23.033+0800][91.403s][gc,load     ] GC(4895) Load: 0.00/0.00/0.00
[2024-07-25T19:05:23.033+0800][91.403s][gc,mmu      ] GC(4895) MMU: 2ms/88.2%, 5ms/95.3%, 10ms/97.6%, 20ms/98.8%, 50ms/99.4%, 100ms/99.6%
[2024-07-25T19:05:23.033+0800][91.403s][gc,marking  ] GC(4895) Mark: 1 stripe(s), 1 proactive flush(es), 1 terminate flush(es), 0 completion(s), 0 continuation(s) 
[2024-07-25T19:05:23.033+0800][91.403s][gc,marking  ] GC(4895) Mark Stack Usage: 32M
[2024-07-25T19:05:23.033+0800][91.403s][gc,nmethod  ] GC(4895) NMethods: 535 registered, 0 unregistered
[2024-07-25T19:05:23.033+0800][91.403s][gc,metaspace] GC(4895) Metaspace: 1M used, 1M committed, 1088M reserved
[2024-07-25T19:05:23.033+0800][91.403s][gc,ref      ] GC(4895) Soft: 46 encountered, 25 discovered, 0 enqueued
[2024-07-25T19:05:23.034+0800][91.403s][gc,ref      ] GC(4895) Weak: 131 encountered, 107 discovered, 0 enqueued
[2024-07-25T19:05:23.034+0800][91.403s][gc,ref      ] GC(4895) Final: 0 encountered, 0 discovered, 0 enqueued
[2024-07-25T19:05:23.034+0800][91.403s][gc,ref      ] GC(4895) Phantom: 184 encountered, 98 discovered, 0 enqueued
[2024-07-25T19:05:23.034+0800][91.403s][gc,reloc    ] GC(4895) Small Pages: 4 / 8M, Empty: 2M, Relocated: 0M, In-Place: 0
[2024-07-25T19:05:23.034+0800][91.403s][gc,reloc    ] GC(4895) Large Pages: 4 / 8M, Empty: 4M, Relocated: 0M, In-Place: 0
[2024-07-25T19:05:23.034+0800][91.403s][gc,reloc    ] GC(4895) Forwarding Usage: 0M
[2024-07-25T19:05:23.034+0800][91.403s][gc,heap     ] GC(4895) Min Capacity: 8M(50%)
[2024-07-25T19:05:23.034+0800][91.403s][gc,heap     ] GC(4895) Max Capacity: 16M(100%)
[2024-07-25T19:05:23.034+0800][91.403s][gc,heap     ] GC(4895) Soft Max Capacity: 16M(100%)
[2024-07-25T19:05:23.034+0800][91.403s][gc,heap     ] GC(4895)                Mark Start          Mark End        Relocate Start      Relocate End           High               Low         
[2024-07-25T19:05:23.034+0800][91.403s][gc,heap     ] GC(4895)  Capacity:       16M (100%)         16M (100%)         16M (100%)         16M (100%)         16M (100%)         16M (100%)   
[2024-07-25T19:05:23.034+0800][91.403s][gc,heap     ] GC(4895)      Free:        0M (0%)            0M (0%)            2M (12%)           2M (12%)           6M (38%)           0M (0%)     
[2024-07-25T19:05:23.034+0800][91.403s][gc,heap     ] GC(4895)      Used:       16M (100%)         16M (100%)         14M (88%)          14M (88%)          16M (100%)         10M (62%)    
[2024-07-25T19:05:23.034+0800][91.403s][gc,heap     ] GC(4895)      Live:         -                 8M (54%)           8M (54%)           8M (54%)            -                  -          
[2024-07-25T19:05:23.034+0800][91.404s][gc,heap     ] GC(4895) Allocated:         -                 0M (0%)            4M (25%)           4M (25%)            -                  -          
[2024-07-25T19:05:23.034+0800][91.404s][gc,heap     ] GC(4895)   Garbage:         -                 7M (46%)           1M (8%)            1M (8%)             -                  -          
[2024-07-25T19:05:23.034+0800][91.404s][gc,heap     ] GC(4895) Reclaimed:         -                  -                 6M (38%)           6M (38%)            -                  -          
[2024-07-25T19:05:23.034+0800][91.404s][gc          ] GC(4895) Garbage Collection (Allocation Stall) 16M(100%)->14M(88%)
[2024-07-25T19:05:23.038+0800][91.407s][gc,start    ] GC(4896) Garbage Collection (Allocation Stall)
[2024-07-25T19:05:23.038+0800][91.408s][gc,ref      ] GC(4896) Clearing All SoftReferences
[2024-07-25T19:05:23.038+0800][91.408s][gc,task     ] GC(4896) Using 1 workers
[2024-07-25T19:05:23.038+0800][91.408s][gc,phases   ] GC(4896) Pause Mark Start 0.010ms
[2024-07-25T19:05:23.046+0800][91.415s][gc,phases   ] GC(4896) Concurrent Mark 7.437ms
[2024-07-25T19:05:23.046+0800][91.415s][gc,phases   ] GC(4896) Pause Mark End 0.013ms
[2024-07-25T19:05:23.046+0800][91.416s][gc,phases   ] GC(4896) Concurrent Mark Free 0.001ms
[2024-07-25T19:05:23.048+0800][91.418s][gc,phases   ] GC(4896) Concurrent Process Non-Strong References 2.191ms
[2024-07-25T19:05:23.048+0800][91.418s][gc,phases   ] GC(4896) Concurrent Reset Relocation Set 0.001ms
[2024-07-25T19:05:23.052+0800][91.421s][gc          ] Allocation Stall (main) 14.153ms
[2024-07-25T19:05:23.053+0800][91.422s][gc,phases   ] GC(4896) Concurrent Select Relocation Set 3.523ms
[2024-07-25T19:05:23.053+0800][91.422s][gc,phases   ] GC(4896) Pause Relocate Start 0.009ms
[2024-07-25T19:05:23.053+0800][91.422s][gc,phases   ] GC(4896) Concurrent Relocate 0.043ms
[2024-07-25T19:05:23.053+0800][91.422s][gc,load     ] GC(4896) Load: 0.00/0.00/0.00
[2024-07-25T19:05:23.053+0800][91.422s][gc,mmu      ] GC(4896) MMU: 2ms/88.2%, 5ms/95.3%, 10ms/97.6%, 20ms/98.8%, 50ms/99.4%, 100ms/99.6%
[2024-07-25T19:05:23.053+0800][91.422s][gc,marking  ] GC(4896) Mark: 1 stripe(s), 1 proactive flush(es), 1 terminate flush(es), 0 completion(s), 0 continuation(s) 
[2024-07-25T19:05:23.053+0800][91.422s][gc,marking  ] GC(4896) Mark Stack Usage: 32M
[2024-07-25T19:05:23.053+0800][91.422s][gc,nmethod  ] GC(4896) NMethods: 535 registered, 0 unregistered
[2024-07-25T19:05:23.053+0800][91.422s][gc,metaspace] GC(4896) Metaspace: 1M used, 1M committed, 1088M reserved
[2024-07-25T19:05:23.053+0800][91.422s][gc,ref      ] GC(4896) Soft: 46 encountered, 25 discovered, 0 enqueued
[2024-07-25T19:05:23.053+0800][91.422s][gc,ref      ] GC(4896) Weak: 131 encountered, 107 discovered, 0 enqueued
[2024-07-25T19:05:23.053+0800][91.422s][gc,ref      ] GC(4896) Final: 0 encountered, 0 discovered, 0 enqueued
[2024-07-25T19:05:23.053+0800][91.422s][gc,ref      ] GC(4896) Phantom: 184 encountered, 98 discovered, 0 enqueued
[2024-07-25T19:05:23.053+0800][91.422s][gc,reloc    ] GC(4896) Small Pages: 4 / 8M, Empty: 2M, Relocated: 0M, In-Place: 0
[2024-07-25T19:05:23.053+0800][91.422s][gc,reloc    ] GC(4896) Large Pages: 4 / 8M, Empty: 4M, Relocated: 0M, In-Place: 0
[2024-07-25T19:05:23.053+0800][91.422s][gc,reloc    ] GC(4896) Forwarding Usage: 0M
[2024-07-25T19:05:23.053+0800][91.423s][gc,heap     ] GC(4896) Min Capacity: 8M(50%)
[2024-07-25T19:05:23.053+0800][91.423s][gc,heap     ] GC(4896) Max Capacity: 16M(100%)
[2024-07-25T19:05:23.053+0800][91.423s][gc,heap     ] GC(4896) Soft Max Capacity: 16M(100%)
[2024-07-25T19:05:23.053+0800][91.423s][gc,heap     ] GC(4896)                Mark Start          Mark End        Relocate Start      Relocate End           High               Low         
[2024-07-25T19:05:23.053+0800][91.423s][gc,heap     ] GC(4896)  Capacity:       16M (100%)         16M (100%)         16M (100%)         16M (100%)         16M (100%)         16M (100%)   
[2024-07-25T19:05:23.053+0800][91.423s][gc,heap     ] GC(4896)      Free:        0M (0%)            0M (0%)            2M (12%)           2M (12%)           6M (38%)           0M (0%)     
[2024-07-25T19:05:23.053+0800][91.423s][gc,heap     ] GC(4896)      Used:       16M (100%)         16M (100%)         14M (88%)          14M (88%)          16M (100%)         10M (62%)    
[2024-07-25T19:05:23.053+0800][91.423s][gc,heap     ] GC(4896)      Live:         -                 8M (54%)           8M (54%)           8M (54%)            -                  -          
[2024-07-25T19:05:23.053+0800][91.423s][gc,heap     ] GC(4896) Allocated:         -                 0M (0%)            4M (25%)           4M (25%)            -                  -          
[2024-07-25T19:05:23.053+0800][91.423s][gc,heap     ] GC(4896)   Garbage:         -                 7M (46%)           1M (8%)            1M (8%)             -                  -          
[2024-07-25T19:05:23.053+0800][91.423s][gc,heap     ] GC(4896) Reclaimed:         -                  -                 6M (38%)           6M (38%)            -                  -          
[2024-07-25T19:05:23.053+0800][91.423s][gc          ] GC(4896) Garbage Collection (Allocation Stall) 16M(100%)->14M(88%)
[2024-07-25T19:05:23.055+0800][91.424s][gc,start    ] GC(4897) Garbage Collection (Allocation Stall)
[2024-07-25T19:05:23.055+0800][91.424s][gc,ref      ] GC(4897) Clearing All SoftReferences
[2024-07-25T19:05:23.055+0800][91.425s][gc,task     ] GC(4897) Using 1 workers
[2024-07-25T19:05:23.055+0800][91.425s][gc,phases   ] GC(4897) Pause Mark Start 0.011ms
[2024-07-25T19:05:23.063+0800][91.432s][gc,phases   ] GC(4897) Concurrent Mark 7.177ms
[2024-07-25T19:05:23.063+0800][91.432s][gc,phases   ] GC(4897) Pause Mark End 0.011ms
[2024-07-25T19:05:23.063+0800][91.432s][gc,phases   ] GC(4897) Concurrent Mark Free 0.001ms
[2024-07-25T19:05:23.065+0800][91.434s][gc,phases   ] GC(4897) Concurrent Process Non-Strong References 2.000ms
[2024-07-25T19:05:23.065+0800][91.435s][gc,phases   ] GC(4897) Concurrent Reset Relocation Set 0.001ms
[2024-07-25T19:05:23.069+0800][91.438s][gc          ] Allocation Stall (main) 14.134ms
[2024-07-25T19:05:23.070+0800][91.439s][gc,phases   ] GC(4897) Concurrent Select Relocation Set 3.877ms
[2024-07-25T19:05:23.070+0800][91.439s][gc,phases   ] GC(4897) Pause Relocate Start 0.010ms
[2024-07-25T19:05:23.070+0800][91.439s][gc,phases   ] GC(4897) Concurrent Relocate 0.153ms
[2024-07-25T19:05:23.070+0800][91.439s][gc,load     ] GC(4897) Load: 0.00/0.00/0.00
[2024-07-25T19:05:23.070+0800][91.439s][gc,mmu      ] GC(4897) MMU: 2ms/88.2%, 5ms/95.3%, 10ms/97.6%, 20ms/98.8%, 50ms/99.4%, 100ms/99.6%
[2024-07-25T19:05:23.070+0800][91.439s][gc,marking  ] GC(4897) Mark: 1 stripe(s), 1 proactive flush(es), 1 terminate flush(es), 0 completion(s), 0 continuation(s) 
[2024-07-25T19:05:23.070+0800][91.439s][gc,marking  ] GC(4897) Mark Stack Usage: 32M
[2024-07-25T19:05:23.070+0800][91.439s][gc,nmethod  ] GC(4897) NMethods: 535 registered, 0 unregistered
[2024-07-25T19:05:23.070+0800][91.439s][gc,metaspace] GC(4897) Metaspace: 1M used, 1M committed, 1088M reserved
[2024-07-25T19:05:23.071+0800][91.440s][gc,ref      ] GC(4897) Soft: 46 encountered, 25 discovered, 0 enqueued
[2024-07-25T19:05:23.071+0800][91.440s][gc,ref      ] GC(4897) Weak: 131 encountered, 107 discovered, 0 enqueued
[2024-07-25T19:05:23.071+0800][91.440s][gc,ref      ] GC(4897) Final: 0 encountered, 0 discovered, 0 enqueued
[2024-07-25T19:05:23.071+0800][91.440s][gc,ref      ] GC(4897) Phantom: 184 encountered, 98 discovered, 0 enqueued
[2024-07-25T19:05:23.071+0800][91.440s][gc,reloc    ] GC(4897) Small Pages: 4 / 8M, Empty: 2M, Relocated: 0M, In-Place: 0
[2024-07-25T19:05:23.071+0800][91.440s][gc,reloc    ] GC(4897) Large Pages: 4 / 8M, Empty: 4M, Relocated: 0M, In-Place: 0
[2024-07-25T19:05:23.071+0800][91.440s][gc,reloc    ] GC(4897) Forwarding Usage: 0M
[2024-07-25T19:05:23.071+0800][91.440s][gc,heap     ] GC(4897) Min Capacity: 8M(50%)
[2024-07-25T19:05:23.071+0800][91.440s][gc,heap     ] GC(4897) Max Capacity: 16M(100%)
[2024-07-25T19:05:23.071+0800][91.440s][gc,heap     ] GC(4897) Soft Max Capacity: 16M(100%)
[2024-07-25T19:05:23.071+0800][91.440s][gc,heap     ] GC(4897)                Mark Start          Mark End        Relocate Start      Relocate End           High               Low         
[2024-07-25T19:05:23.071+0800][91.440s][gc,heap     ] GC(4897)  Capacity:       16M (100%)         16M (100%)         16M (100%)         16M (100%)         16M (100%)         16M (100%)   
[2024-07-25T19:05:23.071+0800][91.440s][gc,heap     ] GC(4897)      Free:        0M (0%)            0M (0%)            2M (12%)           2M (12%)           6M (38%)           0M (0%)     
[2024-07-25T19:05:23.071+0800][91.440s][gc,heap     ] GC(4897)      Used:       16M (100%)         16M (100%)         14M (88%)          14M (88%)          16M (100%)         10M (62%)    
[2024-07-25T19:05:23.071+0800][91.440s][gc,heap     ] GC(4897)      Live:         -                 8M (54%)           8M (54%)           8M (54%)            -                  -          
[2024-07-25T19:05:23.071+0800][91.440s][gc,heap     ] GC(4897) Allocated:         -                 0M (0%)            4M (25%)           4M (25%)            -                  -          
[2024-07-25T19:05:23.071+0800][91.440s][gc,heap     ] GC(4897)   Garbage:         -                 7M (46%)           1M (8%)            1M (8%)             -                  -          
[2024-07-25T19:05:23.071+0800][91.440s][gc,heap     ] GC(4897) Reclaimed:         -                  -                 6M (38%)           6M (38%)            -                  -          
[2024-07-25T19:05:23.071+0800][91.440s][gc          ] GC(4897) Garbage Collection (Allocation Stall) 16M(100%)->14M(88%)
[2024-07-25T19:05:23.075+0800][91.444s][gc,start    ] GC(4898) Garbage Collection (Allocation Stall)
[2024-07-25T19:05:23.075+0800][91.444s][gc,ref      ] GC(4898) Clearing All SoftReferences
[2024-07-25T19:05:23.075+0800][91.444s][gc,task     ] GC(4898) Using 1 workers
[2024-07-25T19:05:23.075+0800][91.444s][gc,phases   ] GC(4898) Pause Mark Start 0.011ms
[2024-07-25T19:05:23.083+0800][91.452s][gc,phases   ] GC(4898) Concurrent Mark 7.384ms
[2024-07-25T19:05:23.083+0800][91.452s][gc,phases   ] GC(4898) Pause Mark End 0.014ms
[2024-07-25T19:05:23.083+0800][91.452s][gc,phases   ] GC(4898) Concurrent Mark Free 0.001ms
[2024-07-25T19:05:23.085+0800][91.454s][gc,phases   ] GC(4898) Concurrent Process Non-Strong References 2.271ms
[2024-07-25T19:05:23.085+0800][91.454s][gc,phases   ] GC(4898) Concurrent Reset Relocation Set 0.001ms
[2024-07-25T19:05:23.089+0800][91.458s][gc          ] Allocation Stall (main) 14.430ms
[2024-07-25T19:05:23.089+0800][91.458s][gc,phases   ] GC(4898) Concurrent Select Relocation Set 3.735ms
[2024-07-25T19:05:23.089+0800][91.458s][gc,phases   ] GC(4898) Pause Relocate Start 0.009ms
[2024-07-25T19:05:23.090+0800][91.459s][gc,phases   ] GC(4898) Concurrent Relocate 0.103ms
[2024-07-25T19:05:23.090+0800][91.459s][gc,load     ] GC(4898) Load: 0.00/0.00/0.00
[2024-07-25T19:05:23.090+0800][91.459s][gc,mmu      ] GC(4898) MMU: 2ms/88.2%, 5ms/95.3%, 10ms/97.6%, 20ms/98.8%, 50ms/99.4%, 100ms/99.6%
[2024-07-25T19:05:23.090+0800][91.459s][gc,marking  ] GC(4898) Mark: 1 stripe(s), 1 proactive flush(es), 1 terminate flush(es), 0 completion(s), 0 continuation(s) 
[2024-07-25T19:05:23.090+0800][91.459s][gc,marking  ] GC(4898) Mark Stack Usage: 32M
[2024-07-25T19:05:23.090+0800][91.459s][gc,nmethod  ] GC(4898) NMethods: 535 registered, 0 unregistered
[2024-07-25T19:05:23.090+0800][91.459s][gc,metaspace] GC(4898) Metaspace: 1M used, 1M committed, 1088M reserved
[2024-07-25T19:05:23.090+0800][91.459s][gc,ref      ] GC(4898) Soft: 46 encountered, 25 discovered, 0 enqueued
[2024-07-25T19:05:23.090+0800][91.459s][gc,ref      ] GC(4898) Weak: 131 encountered, 107 discovered, 0 enqueued
[2024-07-25T19:05:23.090+0800][91.459s][gc,ref      ] GC(4898) Final: 0 encountered, 0 discovered, 0 enqueued
[2024-07-25T19:05:23.090+0800][91.459s][gc,ref      ] GC(4898) Phantom: 184 encountered, 98 discovered, 0 enqueued
[2024-07-25T19:05:23.090+0800][91.459s][gc,reloc    ] GC(4898) Small Pages: 4 / 8M, Empty: 2M, Relocated: 0M, In-Place: 0
[2024-07-25T19:05:23.090+0800][91.459s][gc,reloc    ] GC(4898) Large Pages: 4 / 8M, Empty: 4M, Relocated: 0M, In-Place: 0
[2024-07-25T19:05:23.090+0800][91.459s][gc,reloc    ] GC(4898) Forwarding Usage: 0M
[2024-07-25T19:05:23.090+0800][91.459s][gc,heap     ] GC(4898) Min Capacity: 8M(50%)
[2024-07-25T19:05:23.090+0800][91.459s][gc,heap     ] GC(4898) Max Capacity: 16M(100%)
[2024-07-25T19:05:23.090+0800][91.459s][gc,heap     ] GC(4898) Soft Max Capacity: 16M(100%)
[2024-07-25T19:05:23.090+0800][91.459s][gc,heap     ] GC(4898)                Mark Start          Mark End        Relocate Start      Relocate End           High               Low         
[2024-07-25T19:05:23.091+0800][91.460s][gc,heap     ] GC(4898)  Capacity:       16M (100%)         16M (100%)         16M (100%)         16M (100%)         16M (100%)         16M (100%)   
[2024-07-25T19:05:23.091+0800][91.460s][gc,heap     ] GC(4898)      Free:        0M (0%)            0M (0%)            2M (12%)           2M (12%)           6M (38%)           0M (0%)     
[2024-07-25T19:05:23.091+0800][91.460s][gc,heap     ] GC(4898)      Used:       16M (100%)         16M (100%)         14M (88%)          14M (88%)          16M (100%)         10M (62%)    
[2024-07-25T19:05:23.091+0800][91.460s][gc,heap     ] GC(4898)      Live:         -                 8M (54%)           8M (54%)           8M (54%)            -                  -          
[2024-07-25T19:05:23.091+0800][91.460s][gc,heap     ] GC(4898) Allocated:         -                 0M (0%)            4M (25%)           4M (25%)            -                  -          
[2024-07-25T19:05:23.091+0800][91.460s][gc,heap     ] GC(4898)   Garbage:         -                 7M (46%)           1M (8%)            1M (8%)             -                  -          
[2024-07-25T19:05:23.091+0800][91.460s][gc,heap     ] GC(4898) Reclaimed:         -                  -                 6M (38%)           6M (38%)            -                  -          
[2024-07-25T19:05:23.091+0800][91.460s][gc          ] GC(4898) Garbage Collection (Allocation Stall) 16M(100%)->14M(88%)
[2024-07-25T19:05:23.094+0800][91.463s][gc,start    ] GC(4899) Garbage Collection (Allocation Stall)
[2024-07-25T19:05:23.094+0800][91.463s][gc,ref      ] GC(4899) Clearing All SoftReferences
[2024-07-25T19:05:23.094+0800][91.463s][gc,task     ] GC(4899) Using 1 workers
[2024-07-25T19:05:23.094+0800][91.463s][gc,phases   ] GC(4899) Pause Mark Start 0.011ms
[2024-07-25T19:05:23.102+0800][91.471s][gc,phases   ] GC(4899) Concurrent Mark 7.430ms
[2024-07-25T19:05:23.102+0800][91.471s][gc,phases   ] GC(4899) Pause Mark End 0.013ms
[2024-07-25T19:05:23.102+0800][91.471s][gc,phases   ] GC(4899) Concurrent Mark Free 0.001ms
[2024-07-25T19:05:23.104+0800][91.473s][gc,phases   ] GC(4899) Concurrent Process Non-Strong References 2.260ms
[2024-07-25T19:05:23.105+0800][91.474s][gc,phases   ] GC(4899) Concurrent Reset Relocation Set 0.001ms
[2024-07-25T19:05:23.108+0800][91.477s][gc          ] Allocation Stall (main) 13.946ms
[2024-07-25T19:05:23.108+0800][91.477s][gc,phases   ] GC(4899) Concurrent Select Relocation Set 3.044ms
[2024-07-25T19:05:23.108+0800][91.477s][gc,phases   ] GC(4899) Pause Relocate Start 0.008ms
[2024-07-25T19:05:23.108+0800][91.477s][gc,phases   ] GC(4899) Concurrent Relocate 0.049ms
[2024-07-25T19:05:23.108+0800][91.477s][gc,load     ] GC(4899) Load: 0.00/0.00/0.00
[2024-07-25T19:05:23.108+0800][91.477s][gc,mmu      ] GC(4899) MMU: 2ms/88.2%, 5ms/95.3%, 10ms/97.6%, 20ms/98.8%, 50ms/99.4%, 100ms/99.6%
[2024-07-25T19:05:23.108+0800][91.477s][gc,marking  ] GC(4899) Mark: 1 stripe(s), 1 proactive flush(es), 1 terminate flush(es), 0 completion(s), 0 continuation(s) 
[2024-07-25T19:05:23.108+0800][91.477s][gc,marking  ] GC(4899) Mark Stack Usage: 32M
[2024-07-25T19:05:23.108+0800][91.477s][gc,nmethod  ] GC(4899) NMethods: 535 registered, 0 unregistered
[2024-07-25T19:05:23.108+0800][91.477s][gc,metaspace] GC(4899) Metaspace: 1M used, 1M committed, 1088M reserved
[2024-07-25T19:05:23.108+0800][91.477s][gc,ref      ] GC(4899) Soft: 46 encountered, 25 discovered, 0 enqueued
[2024-07-25T19:05:23.108+0800][91.477s][gc,ref      ] GC(4899) Weak: 131 encountered, 107 discovered, 0 enqueued
[2024-07-25T19:05:23.108+0800][91.477s][gc,ref      ] GC(4899) Final: 0 encountered, 0 discovered, 0 enqueued
[2024-07-25T19:05:23.108+0800][91.477s][gc,ref      ] GC(4899) Phantom: 184 encountered, 98 discovered, 0 enqueued
[2024-07-25T19:05:23.108+0800][91.477s][gc,reloc    ] GC(4899) Small Pages: 4 / 8M, Empty: 2M, Relocated: 0M, In-Place: 0
[2024-07-25T19:05:23.108+0800][91.477s][gc,reloc    ] GC(4899) Large Pages: 4 / 8M, Empty: 4M, Relocated: 0M, In-Place: 0
[2024-07-25T19:05:23.108+0800][91.477s][gc,reloc    ] GC(4899) Forwarding Usage: 0M
[2024-07-25T19:05:23.108+0800][91.477s][gc,heap     ] GC(4899) Min Capacity: 8M(50%)
[2024-07-25T19:05:23.108+0800][91.477s][gc,heap     ] GC(4899) Max Capacity: 16M(100%)
[2024-07-25T19:05:23.109+0800][91.478s][gc,heap     ] GC(4899) Soft Max Capacity: 16M(100%)
[2024-07-25T19:05:23.109+0800][91.478s][gc,heap     ] GC(4899)                Mark Start          Mark End        Relocate Start      Relocate End           High               Low         
[2024-07-25T19:05:23.109+0800][91.478s][gc,heap     ] GC(4899)  Capacity:       16M (100%)         16M (100%)         16M (100%)         16M (100%)         16M (100%)         16M (100%)   
[2024-07-25T19:05:23.109+0800][91.478s][gc,heap     ] GC(4899)      Free:        0M (0%)            0M (0%)            4M (25%)           4M (25%)           6M (38%)           0M (0%)     
[2024-07-25T19:05:23.109+0800][91.478s][gc,heap     ] GC(4899)      Used:       16M (100%)         16M (100%)         12M (75%)          12M (75%)          16M (100%)         10M (62%)    
[2024-07-25T19:05:23.109+0800][91.478s][gc,heap     ] GC(4899)      Live:         -                 8M (54%)           8M (54%)           8M (54%)            -                  -          
[2024-07-25T19:05:23.109+0800][91.478s][gc,heap     ] GC(4899) Allocated:         -                 0M (0%)            2M (12%)           2M (12%)            -                  -          
[2024-07-25T19:05:23.109+0800][91.478s][gc,heap     ] GC(4899)   Garbage:         -                 7M (46%)           1M (8%)            1M (8%)             -                  -          
[2024-07-25T19:05:23.109+0800][91.478s][gc,heap     ] GC(4899) Reclaimed:         -                  -                 6M (38%)           6M (38%)            -                  -          
[2024-07-25T19:05:23.109+0800][91.478s][gc          ] GC(4899) Garbage Collection (Allocation Stall) 16M(100%)->12M(75%)
[2024-07-25T19:05:23.112+0800][91.481s][gc,start    ] GC(4900) Garbage Collection (Allocation Stall)
[2024-07-25T19:05:23.112+0800][91.481s][gc,ref      ] GC(4900) Clearing All SoftReferences
[2024-07-25T19:05:23.112+0800][91.481s][gc,task     ] GC(4900) Using 1 workers
[2024-07-25T19:05:23.112+0800][91.481s][gc,phases   ] GC(4900) Pause Mark Start 0.006ms
[2024-07-25T19:05:23.118+0800][91.487s][gc,phases   ] GC(4900) Concurrent Mark 5.978ms
[2024-07-25T19:05:23.118+0800][91.487s][gc,phases   ] GC(4900) Pause Mark End 0.009ms
[2024-07-25T19:05:23.118+0800][91.487s][gc,phases   ] GC(4900) Concurrent Mark Free 0.001ms
[2024-07-25T19:05:23.121+0800][91.490s][gc,phases   ] GC(4900) Concurrent Process Non-Strong References 2.511ms
[2024-07-25T19:05:23.121+0800][91.490s][gc,phases   ] GC(4900) Concurrent Reset Relocation Set 0.001ms
[2024-07-25T19:05:23.125+0800][91.494s][gc          ] Allocation Stall (main) 13.113ms
[2024-07-25T19:05:23.125+0800][91.494s][gc,phases   ] GC(4900) Concurrent Select Relocation Set 3.996ms
[2024-07-25T19:05:23.125+0800][91.494s][gc,phases   ] GC(4900) Pause Relocate Start 0.009ms
[2024-07-25T19:05:23.125+0800][91.494s][gc,phases   ] GC(4900) Concurrent Relocate 0.052ms
[2024-07-25T19:05:23.125+0800][91.494s][gc,load     ] GC(4900) Load: 0.00/0.00/0.00
[2024-07-25T19:05:23.126+0800][91.495s][gc,mmu      ] GC(4900) MMU: 2ms/88.2%, 5ms/95.3%, 10ms/97.6%, 20ms/98.8%, 50ms/99.4%, 100ms/99.6%
[2024-07-25T19:05:23.126+0800][91.495s][gc,marking  ] GC(4900) Mark: 1 stripe(s), 1 proactive flush(es), 1 terminate flush(es), 0 completion(s), 0 continuation(s) 
[2024-07-25T19:05:23.126+0800][91.495s][gc,marking  ] GC(4900) Mark Stack Usage: 32M
[2024-07-25T19:05:23.126+0800][91.495s][gc,nmethod  ] GC(4900) NMethods: 535 registered, 0 unregistered
[2024-07-25T19:05:23.126+0800][91.495s][gc,metaspace] GC(4900) Metaspace: 1M used, 1M committed, 1088M reserved
[2024-07-25T19:05:23.126+0800][91.495s][gc,ref      ] GC(4900) Soft: 46 encountered, 25 discovered, 0 enqueued
[2024-07-25T19:05:23.126+0800][91.495s][gc,ref      ] GC(4900) Weak: 131 encountered, 107 discovered, 0 enqueued
[2024-07-25T19:05:23.126+0800][91.495s][gc,ref      ] GC(4900) Final: 0 encountered, 0 discovered, 0 enqueued
[2024-07-25T19:05:23.126+0800][91.495s][gc,ref      ] GC(4900) Phantom: 184 encountered, 98 discovered, 0 enqueued
[2024-07-25T19:05:23.126+0800][91.495s][gc,reloc    ] GC(4900) Small Pages: 4 / 8M, Empty: 2M, Relocated: 0M, In-Place: 0
[2024-07-25T19:05:23.126+0800][91.495s][gc,reloc    ] GC(4900) Large Pages: 4 / 8M, Empty: 4M, Relocated: 0M, In-Place: 0
[2024-07-25T19:05:23.126+0800][91.495s][gc,reloc    ] GC(4900) Forwarding Usage: 0M
[2024-07-25T19:05:23.126+0800][91.495s][gc,heap     ] GC(4900) Min Capacity: 8M(50%)
[2024-07-25T19:05:23.126+0800][91.495s][gc,heap     ] GC(4900) Max Capacity: 16M(100%)
[2024-07-25T19:05:23.126+0800][91.495s][gc,heap     ] GC(4900) Soft Max Capacity: 16M(100%)
[2024-07-25T19:05:23.126+0800][91.495s][gc,heap     ] GC(4900)                Mark Start          Mark End        Relocate Start      Relocate End           High               Low         
[2024-07-25T19:05:23.126+0800][91.495s][gc,heap     ] GC(4900)  Capacity:       16M (100%)         16M (100%)         16M (100%)         16M (100%)         16M (100%)         16M (100%)   
[2024-07-25T19:05:23.126+0800][91.495s][gc,heap     ] GC(4900)      Free:        0M (0%)            0M (0%)            2M (12%)           2M (12%)           6M (38%)           0M (0%)     
[2024-07-25T19:05:23.126+0800][91.495s][gc,heap     ] GC(4900)      Used:       16M (100%)         16M (100%)         14M (88%)          14M (88%)          16M (100%)         10M (62%)    
[2024-07-25T19:05:23.126+0800][91.495s][gc,heap     ] GC(4900)      Live:         -                 8M (54%)           8M (54%)           8M (54%)            -                  -          
[2024-07-25T19:05:23.126+0800][91.495s][gc,heap     ] GC(4900) Allocated:         -                 0M (0%)            4M (25%)           4M (25%)            -                  -          
[2024-07-25T19:05:23.126+0800][91.495s][gc,heap     ] GC(4900)   Garbage:         -                 7M (46%)           1M (8%)            1M (8%)             -                  -          
[2024-07-25T19:05:23.126+0800][91.495s][gc,heap     ] GC(4900) Reclaimed:         -                  -                 6M (38%)           6M (38%)            -                  -          
[2024-07-25T19:05:23.126+0800][91.495s][gc          ] GC(4900) Garbage Collection (Allocation Stall) 16M(100%)->14M(88%)
[2024-07-25T19:05:23.131+0800][91.500s][gc,start    ] GC(4901) Garbage Collection (Allocation Stall)
[2024-07-25T19:05:23.131+0800][91.500s][gc,ref      ] GC(4901) Clearing All SoftReferences
[2024-07-25T19:05:23.131+0800][91.500s][gc,task     ] GC(4901) Using 1 workers
[2024-07-25T19:05:23.131+0800][91.500s][gc,phases   ] GC(4901) Pause Mark Start 0.007ms
[2024-07-25T19:05:23.137+0800][91.506s][gc,phases   ] GC(4901) Concurrent Mark 6.408ms
[2024-07-25T19:05:23.138+0800][91.507s][gc,phases   ] GC(4901) Pause Mark End 0.011ms
[2024-07-25T19:05:23.138+0800][91.507s][gc,phases   ] GC(4901) Concurrent Mark Free 0.001ms
[2024-07-25T19:05:23.140+0800][91.509s][gc,phases   ] GC(4901) Concurrent Process Non-Strong References 1.854ms
[2024-07-25T19:05:23.140+0800][91.509s][gc,phases   ] GC(4901) Concurrent Reset Relocation Set 0.001ms
[2024-07-25T19:05:23.143+0800][91.512s][gc          ] Allocation Stall (main) 12.568ms
[2024-07-25T19:05:23.143+0800][91.512s][gc,phases   ] GC(4901) Concurrent Select Relocation Set 3.431ms
[2024-07-25T19:05:23.143+0800][91.512s][gc,phases   ] GC(4901) Pause Relocate Start 0.010ms
[2024-07-25T19:05:23.144+0800][91.513s][gc,phases   ] GC(4901) Concurrent Relocate 0.117ms
[2024-07-25T19:05:23.144+0800][91.513s][gc,load     ] GC(4901) Load: 0.00/0.00/0.00
[2024-07-25T19:05:23.144+0800][91.513s][gc,mmu      ] GC(4901) MMU: 2ms/88.2%, 5ms/95.3%, 10ms/97.6%, 20ms/98.8%, 50ms/99.4%, 100ms/99.6%
[2024-07-25T19:05:23.144+0800][91.513s][gc,marking  ] GC(4901) Mark: 1 stripe(s), 1 proactive flush(es), 1 terminate flush(es), 0 completion(s), 0 continuation(s) 
[2024-07-25T19:05:23.144+0800][91.513s][gc,marking  ] GC(4901) Mark Stack Usage: 32M
[2024-07-25T19:05:23.144+0800][91.513s][gc,nmethod  ] GC(4901) NMethods: 535 registered, 0 unregistered
[2024-07-25T19:05:23.144+0800][91.513s][gc,metaspace] GC(4901) Metaspace: 1M used, 1M committed, 1088M reserved
[2024-07-25T19:05:23.144+0800][91.513s][gc,ref      ] GC(4901) Soft: 46 encountered, 25 discovered, 0 enqueued
[2024-07-25T19:05:23.144+0800][91.513s][gc,ref      ] GC(4901) Weak: 131 encountered, 107 discovered, 0 enqueued
[2024-07-25T19:05:23.144+0800][91.513s][gc,ref      ] GC(4901) Final: 0 encountered, 0 discovered, 0 enqueued
[2024-07-25T19:05:23.144+0800][91.513s][gc,ref      ] GC(4901) Phantom: 184 encountered, 98 discovered, 0 enqueued
[2024-07-25T19:05:23.144+0800][91.513s][gc,reloc    ] GC(4901) Small Pages: 4 / 8M, Empty: 2M, Relocated: 0M, In-Place: 0
[2024-07-25T19:05:23.144+0800][91.513s][gc,reloc    ] GC(4901) Large Pages: 4 / 8M, Empty: 4M, Relocated: 0M, In-Place: 0
[2024-07-25T19:05:23.144+0800][91.513s][gc,reloc    ] GC(4901) Forwarding Usage: 0M
[2024-07-25T19:05:23.144+0800][91.513s][gc,heap     ] GC(4901) Min Capacity: 8M(50%)
[2024-07-25T19:05:23.144+0800][91.513s][gc,heap     ] GC(4901) Max Capacity: 16M(100%)
[2024-07-25T19:05:23.144+0800][91.513s][gc,heap     ] GC(4901) Soft Max Capacity: 16M(100%)
[2024-07-25T19:05:23.144+0800][91.513s][gc,heap     ] GC(4901)                Mark Start          Mark End        Relocate Start      Relocate End           High               Low         
[2024-07-25T19:05:23.144+0800][91.513s][gc,heap     ] GC(4901)  Capacity:       16M (100%)         16M (100%)         16M (100%)         16M (100%)         16M (100%)         16M (100%)   
[2024-07-25T19:05:23.144+0800][91.513s][gc,heap     ] GC(4901)      Free:        0M (0%)            0M (0%)            2M (12%)           2M (12%)           6M (38%)           0M (0%)     
[2024-07-25T19:05:23.144+0800][91.513s][gc,heap     ] GC(4901)      Used:       16M (100%)         16M (100%)         14M (88%)          14M (88%)          16M (100%)         10M (62%)    
[2024-07-25T19:05:23.144+0800][91.513s][gc,heap     ] GC(4901)      Live:         -                 8M (54%)           8M (54%)           8M (54%)            -                  -          
[2024-07-25T19:05:23.144+0800][91.513s][gc,heap     ] GC(4901) Allocated:         -                 0M (0%)            4M (25%)           4M (25%)            -                  -          
[2024-07-25T19:05:23.144+0800][91.513s][gc,heap     ] GC(4901)   Garbage:         -                 7M (46%)           1M (8%)            1M (8%)             -                  -          
[2024-07-25T19:05:23.144+0800][91.513s][gc,heap     ] GC(4901) Reclaimed:         -                  -                 6M (38%)           6M (38%)            -                  -          
[2024-07-25T19:05:23.144+0800][91.513s][gc          ] GC(4901) Garbage Collection (Allocation Stall) 16M(100%)->14M(88%)
[2024-07-25T19:05:23.146+0800][91.515s][gc,start    ] GC(4902) Garbage Collection (Allocation Stall)
[2024-07-25T19:05:23.146+0800][91.515s][gc,ref      ] GC(4902) Clearing All SoftReferences
[2024-07-25T19:05:23.146+0800][91.515s][gc,task     ] GC(4902) Using 1 workers
[2024-07-25T19:05:23.146+0800][91.515s][gc,phases   ] GC(4902) Pause Mark Start 0.009ms
[2024-07-25T19:05:23.152+0800][91.522s][gc,phases   ] GC(4902) Concurrent Mark 6.005ms
[2024-07-25T19:05:23.152+0800][91.522s][gc,phases   ] GC(4902) Pause Mark End 0.011ms
[2024-07-25T19:05:23.152+0800][91.522s][gc,phases   ] GC(4902) Concurrent Mark Free 0.001ms
[2024-07-25T19:05:23.154+0800][91.523s][gc,phases   ] GC(4902) Concurrent Process Non-Strong References 1.585ms
[2024-07-25T19:05:23.154+0800][91.524s][gc,phases   ] GC(4902) Concurrent Reset Relocation Set 0.001ms
[2024-07-25T19:05:23.158+0800][91.528s][gc          ] Allocation Stall (main) 12.979ms
[2024-07-25T19:05:23.158+0800][91.528s][gc,phases   ] GC(4902) Concurrent Select Relocation Set 4.569ms
[2024-07-25T19:05:23.159+0800][91.528s][gc,phases   ] GC(4902) Pause Relocate Start 0.011ms
[2024-07-25T19:05:23.159+0800][91.529s][gc,phases   ] GC(4902) Concurrent Relocate 0.102ms
[2024-07-25T19:05:23.159+0800][91.529s][gc,load     ] GC(4902) Load: 0.00/0.00/0.00
[2024-07-25T19:05:23.159+0800][91.529s][gc,mmu      ] GC(4902) MMU: 2ms/88.2%, 5ms/95.3%, 10ms/97.6%, 20ms/98.8%, 50ms/99.4%, 100ms/99.6%
[2024-07-25T19:05:23.159+0800][91.529s][gc,marking  ] GC(4902) Mark: 1 stripe(s), 1 proactive flush(es), 1 terminate flush(es), 0 completion(s), 0 continuation(s) 
[2024-07-25T19:05:23.159+0800][91.529s][gc,marking  ] GC(4902) Mark Stack Usage: 32M
[2024-07-25T19:05:23.159+0800][91.529s][gc,nmethod  ] GC(4902) NMethods: 535 registered, 0 unregistered
[2024-07-25T19:05:23.159+0800][91.529s][gc,metaspace] GC(4902) Metaspace: 1M used, 1M committed, 1088M reserved
[2024-07-25T19:05:23.159+0800][91.529s][gc,ref      ] GC(4902) Soft: 46 encountered, 25 discovered, 0 enqueued
[2024-07-25T19:05:23.159+0800][91.529s][gc,ref      ] GC(4902) Weak: 131 encountered, 107 discovered, 0 enqueued
[2024-07-25T19:05:23.159+0800][91.529s][gc,ref      ] GC(4902) Final: 0 encountered, 0 discovered, 0 enqueued
[2024-07-25T19:05:23.159+0800][91.529s][gc,ref      ] GC(4902) Phantom: 184 encountered, 98 discovered, 0 enqueued
[2024-07-25T19:05:23.159+0800][91.529s][gc,reloc    ] GC(4902) Small Pages: 4 / 8M, Empty: 2M, Relocated: 0M, In-Place: 0
[2024-07-25T19:05:23.159+0800][91.529s][gc,reloc    ] GC(4902) Large Pages: 4 / 8M, Empty: 4M, Relocated: 0M, In-Place: 0
[2024-07-25T19:05:23.159+0800][91.529s][gc,reloc    ] GC(4902) Forwarding Usage: 0M
[2024-07-25T19:05:23.159+0800][91.529s][gc,heap     ] GC(4902) Min Capacity: 8M(50%)
[2024-07-25T19:05:23.159+0800][91.529s][gc,heap     ] GC(4902) Max Capacity: 16M(100%)
[2024-07-25T19:05:23.159+0800][91.529s][gc,heap     ] GC(4902) Soft Max Capacity: 16M(100%)
[2024-07-25T19:05:23.159+0800][91.529s][gc,heap     ] GC(4902)                Mark Start          Mark End        Relocate Start      Relocate End           High               Low         
[2024-07-25T19:05:23.159+0800][91.529s][gc,heap     ] GC(4902)  Capacity:       16M (100%)         16M (100%)         16M (100%)         16M (100%)         16M (100%)         16M (100%)   
[2024-07-25T19:05:23.159+0800][91.529s][gc,heap     ] GC(4902)      Free:        0M (0%)            0M (0%)            2M (12%)           2M (12%)           6M (38%)           0M (0%)     
[2024-07-25T19:05:23.160+0800][91.529s][gc,heap     ] GC(4902)      Used:       16M (100%)         16M (100%)         14M (88%)          14M (88%)          16M (100%)         10M (62%)    
[2024-07-25T19:05:23.160+0800][91.529s][gc,heap     ] GC(4902)      Live:         -                 8M (54%)           8M (54%)           8M (54%)            -                  -          
[2024-07-25T19:05:23.160+0800][91.529s][gc,heap     ] GC(4902) Allocated:         -                 0M (0%)            4M (25%)           4M (25%)            -                  -          
[2024-07-25T19:05:23.160+0800][91.529s][gc,heap     ] GC(4902)   Garbage:         -                 7M (46%)           1M (8%)            1M (8%)             -                  -          
[2024-07-25T19:05:23.160+0800][91.529s][gc,heap     ] GC(4902) Reclaimed:         -                  -                 6M (38%)           6M (38%)            -                  -          
[2024-07-25T19:05:23.160+0800][91.529s][gc          ] GC(4902) Garbage Collection (Allocation Stall) 16M(100%)->14M(88%)
[2024-07-25T19:05:23.165+0800][91.534s][gc,start    ] GC(4903) Garbage Collection (Allocation Stall)
[2024-07-25T19:05:23.165+0800][91.534s][gc,ref      ] GC(4903) Clearing All SoftReferences
[2024-07-25T19:05:23.165+0800][91.534s][gc,task     ] GC(4903) Using 1 workers
[2024-07-25T19:05:23.165+0800][91.535s][gc,phases   ] GC(4903) Pause Mark Start 0.008ms
[2024-07-25T19:05:23.172+0800][91.542s][gc,phases   ] GC(4903) Concurrent Mark 6.915ms
[2024-07-25T19:05:23.172+0800][91.542s][gc,phases   ] GC(4903) Pause Mark End 0.012ms
[2024-07-25T19:05:23.172+0800][91.542s][gc,phases   ] GC(4903) Concurrent Mark Free 0.001ms
[2024-07-25T19:05:23.175+0800][91.544s][gc,phases   ] GC(4903) Concurrent Process Non-Strong References 2.110ms
[2024-07-25T19:05:23.175+0800][91.544s][gc,phases   ] GC(4903) Concurrent Reset Relocation Set 0.001ms
[2024-07-25T19:05:23.177+0800][91.547s][gc          ] Allocation Stall (main) 12.394ms
[2024-07-25T19:05:23.177+0800][91.547s][gc,phases   ] GC(4903) Concurrent Select Relocation Set 2.671ms
[2024-07-25T19:05:23.177+0800][91.547s][gc,phases   ] GC(4903) Pause Relocate Start 0.009ms
[2024-07-25T19:05:23.177+0800][91.547s][gc,phases   ] GC(4903) Concurrent Relocate 0.057ms
[2024-07-25T19:05:23.178+0800][91.547s][gc,load     ] GC(4903) Load: 0.00/0.00/0.00
[2024-07-25T19:05:23.178+0800][91.547s][gc,mmu      ] GC(4903) MMU: 2ms/88.2%, 5ms/95.3%, 10ms/97.6%, 20ms/98.8%, 50ms/99.4%, 100ms/99.6%
[2024-07-25T19:05:23.178+0800][91.547s][gc,marking  ] GC(4903) Mark: 1 stripe(s), 1 proactive flush(es), 1 terminate flush(es), 0 completion(s), 0 continuation(s) 
[2024-07-25T19:05:23.178+0800][91.547s][gc,marking  ] GC(4903) Mark Stack Usage: 32M
[2024-07-25T19:05:23.178+0800][91.547s][gc,nmethod  ] GC(4903) NMethods: 535 registered, 0 unregistered
[2024-07-25T19:05:23.178+0800][91.547s][gc,metaspace] GC(4903) Metaspace: 1M used, 1M committed, 1088M reserved
[2024-07-25T19:05:23.178+0800][91.547s][gc,ref      ] GC(4903) Soft: 46 encountered, 25 discovered, 0 enqueued
[2024-07-25T19:05:23.178+0800][91.547s][gc,ref      ] GC(4903) Weak: 131 encountered, 107 discovered, 0 enqueued
[2024-07-25T19:05:23.178+0800][91.547s][gc,ref      ] GC(4903) Final: 0 encountered, 0 discovered, 0 enqueued
[2024-07-25T19:05:23.178+0800][91.548s][gc,ref      ] GC(4903) Phantom: 184 encountered, 98 discovered, 0 enqueued
[2024-07-25T19:05:23.178+0800][91.548s][gc,reloc    ] GC(4903) Small Pages: 4 / 8M, Empty: 2M, Relocated: 0M, In-Place: 0
[2024-07-25T19:05:23.178+0800][91.548s][gc,reloc    ] GC(4903) Large Pages: 4 / 8M, Empty: 4M, Relocated: 0M, In-Place: 0
[2024-07-25T19:05:23.178+0800][91.548s][gc,reloc    ] GC(4903) Forwarding Usage: 0M
[2024-07-25T19:05:23.178+0800][91.548s][gc,heap     ] GC(4903) Min Capacity: 8M(50%)
[2024-07-25T19:05:23.178+0800][91.548s][gc,heap     ] GC(4903) Max Capacity: 16M(100%)
[2024-07-25T19:05:23.178+0800][91.548s][gc,heap     ] GC(4903) Soft Max Capacity: 16M(100%)
[2024-07-25T19:05:23.178+0800][91.548s][gc,heap     ] GC(4903)                Mark Start          Mark End        Relocate Start      Relocate End           High               Low         
[2024-07-25T19:05:23.178+0800][91.548s][gc,heap     ] GC(4903)  Capacity:       16M (100%)         16M (100%)         16M (100%)         16M (100%)         16M (100%)         16M (100%)   
[2024-07-25T19:05:23.178+0800][91.548s][gc,heap     ] GC(4903)      Free:        0M (0%)            0M (0%)            2M (12%)           2M (12%)           6M (38%)           0M (0%)     
[2024-07-25T19:05:23.178+0800][91.548s][gc,heap     ] GC(4903)      Used:       16M (100%)         16M (100%)         14M (88%)          14M (88%)          16M (100%)         10M (62%)    
[2024-07-25T19:05:23.178+0800][91.548s][gc,heap     ] GC(4903)      Live:         -                 8M (54%)           8M (54%)           8M (54%)            -                  -          
[2024-07-25T19:05:23.178+0800][91.548s][gc,heap     ] GC(4903) Allocated:         -                 0M (0%)            4M (25%)           4M (25%)            -                  -          
[2024-07-25T19:05:23.178+0800][91.548s][gc,heap     ] GC(4903)   Garbage:         -                 7M (46%)           1M (8%)            1M (8%)             -                  -          
[2024-07-25T19:05:23.178+0800][91.548s][gc,heap     ] GC(4903) Reclaimed:         -                  -                 6M (38%)           6M (38%)            -                  -          
[2024-07-25T19:05:23.178+0800][91.548s][gc          ] GC(4903) Garbage Collection (Allocation Stall) 16M(100%)->14M(88%)
[2024-07-25T19:05:23.182+0800][91.551s][gc,start    ] GC(4904) Garbage Collection (Allocation Stall)
[2024-07-25T19:05:23.182+0800][91.552s][gc,ref      ] GC(4904) Clearing All SoftReferences
[2024-07-25T19:05:23.182+0800][91.552s][gc,task     ] GC(4904) Using 1 workers
[2024-07-25T19:05:23.182+0800][91.552s][gc,phases   ] GC(4904) Pause Mark Start 0.020ms
[2024-07-25T19:05:23.189+0800][91.558s][gc,phases   ] GC(4904) Concurrent Mark 6.364ms
[2024-07-25T19:05:23.189+0800][91.559s][gc,phases   ] GC(4904) Pause Mark End 0.017ms
[2024-07-25T19:05:23.189+0800][91.559s][gc,phases   ] GC(4904) Concurrent Mark Free 0.002ms
[2024-07-25T19:05:23.191+0800][91.561s][gc,phases   ] GC(4904) Concurrent Process Non-Strong References 1.991ms
[2024-07-25T19:05:23.192+0800][91.561s][gc,phases   ] GC(4904) Concurrent Reset Relocation Set 0.001ms
[2024-07-25T19:05:23.195+0800][91.564s][gc          ] Allocation Stall (main) 12.919ms
[2024-07-25T19:05:23.195+0800][91.564s][gc,phases   ] GC(4904) Concurrent Select Relocation Set 3.025ms
[2024-07-25T19:05:23.196+0800][91.565s][gc,phases   ] GC(4904) Pause Relocate Start 0.009ms
[2024-07-25T19:05:23.196+0800][91.565s][gc,phases   ] GC(4904) Concurrent Relocate 0.097ms
[2024-07-25T19:05:23.196+0800][91.565s][gc,load     ] GC(4904) Load: 0.00/0.00/0.00
[2024-07-25T19:05:23.196+0800][91.565s][gc,mmu      ] GC(4904) MMU: 2ms/88.2%, 5ms/95.3%, 10ms/97.6%, 20ms/98.8%, 50ms/99.4%, 100ms/99.6%
[2024-07-25T19:05:23.196+0800][91.565s][gc,marking  ] GC(4904) Mark: 1 stripe(s), 1 proactive flush(es), 1 terminate flush(es), 0 completion(s), 0 continuation(s) 
[2024-07-25T19:05:23.196+0800][91.565s][gc,marking  ] GC(4904) Mark Stack Usage: 32M
[2024-07-25T19:05:23.196+0800][91.565s][gc,nmethod  ] GC(4904) NMethods: 535 registered, 0 unregistered
[2024-07-25T19:05:23.196+0800][91.565s][gc,metaspace] GC(4904) Metaspace: 1M used, 1M committed, 1088M reserved
[2024-07-25T19:05:23.196+0800][91.565s][gc,ref      ] GC(4904) Soft: 46 encountered, 25 discovered, 0 enqueued
[2024-07-25T19:05:23.196+0800][91.565s][gc,ref      ] GC(4904) Weak: 131 encountered, 107 discovered, 0 enqueued
[2024-07-25T19:05:23.196+0800][91.565s][gc,ref      ] GC(4904) Final: 0 encountered, 0 discovered, 0 enqueued
[2024-07-25T19:05:23.196+0800][91.565s][gc,ref      ] GC(4904) Phantom: 184 encountered, 98 discovered, 0 enqueued
[2024-07-25T19:05:23.196+0800][91.565s][gc,reloc    ] GC(4904) Small Pages: 4 / 8M, Empty: 2M, Relocated: 0M, In-Place: 0
[2024-07-25T19:05:23.196+0800][91.565s][gc,reloc    ] GC(4904) Large Pages: 4 / 8M, Empty: 4M, Relocated: 0M, In-Place: 0
[2024-07-25T19:05:23.196+0800][91.565s][gc,reloc    ] GC(4904) Forwarding Usage: 0M
[2024-07-25T19:05:23.196+0800][91.565s][gc,heap     ] GC(4904) Min Capacity: 8M(50%)
[2024-07-25T19:05:23.196+0800][91.565s][gc,heap     ] GC(4904) Max Capacity: 16M(100%)
[2024-07-25T19:05:23.196+0800][91.565s][gc,heap     ] GC(4904) Soft Max Capacity: 16M(100%)
[2024-07-25T19:05:23.196+0800][91.565s][gc,heap     ] GC(4904)                Mark Start          Mark End        Relocate Start      Relocate End           High               Low         
[2024-07-25T19:05:23.196+0800][91.565s][gc,heap     ] GC(4904)  Capacity:       16M (100%)         16M (100%)         16M (100%)         16M (100%)         16M (100%)         16M (100%)   
[2024-07-25T19:05:23.196+0800][91.565s][gc,heap     ] GC(4904)      Free:        0M (0%)            0M (0%)            2M (12%)           2M (12%)           6M (38%)           0M (0%)     
[2024-07-25T19:05:23.196+0800][91.565s][gc,heap     ] GC(4904)      Used:       16M (100%)         16M (100%)         14M (88%)          14M (88%)          16M (100%)         10M (62%)    
[2024-07-25T19:05:23.196+0800][91.565s][gc,heap     ] GC(4904)      Live:         -                 8M (54%)           8M (54%)           8M (54%)            -                  -          
[2024-07-25T19:05:23.196+0800][91.566s][gc,heap     ] GC(4904) Allocated:         -                 0M (0%)            4M (25%)           4M (25%)            -                  -          
[2024-07-25T19:05:23.196+0800][91.566s][gc,heap     ] GC(4904)   Garbage:         -                 7M (46%)           1M (8%)            1M (8%)             -                  -          
[2024-07-25T19:05:23.196+0800][91.566s][gc,heap     ] GC(4904) Reclaimed:         -                  -                 6M (38%)           6M (38%)            -                  -          
[2024-07-25T19:05:23.196+0800][91.566s][gc          ] GC(4904) Garbage Collection (Allocation Stall) 16M(100%)->14M(88%)
[2024-07-25T19:05:23.199+0800][91.568s][gc,start    ] GC(4905) Garbage Collection (Allocation Stall)
[2024-07-25T19:05:23.199+0800][91.568s][gc,ref      ] GC(4905) Clearing All SoftReferences
[2024-07-25T19:05:23.199+0800][91.568s][gc,task     ] GC(4905) Using 1 workers
[2024-07-25T19:05:23.199+0800][91.569s][gc,phases   ] GC(4905) Pause Mark Start 0.008ms
[2024-07-25T19:05:23.207+0800][91.576s][gc,phases   ] GC(4905) Concurrent Mark 7.510ms
[2024-07-25T19:05:23.207+0800][91.576s][gc,phases   ] GC(4905) Pause Mark End 0.013ms
[2024-07-25T19:05:23.207+0800][91.577s][gc,phases   ] GC(4905) Concurrent Mark Free 0.002ms
[2024-07-25T19:05:23.209+0800][91.578s][gc,phases   ] GC(4905) Concurrent Process Non-Strong References 1.844ms
[2024-07-25T19:05:23.209+0800][91.579s][gc,phases   ] GC(4905) Concurrent Reset Relocation Set 0.001ms
[2024-07-25T19:05:23.212+0800][91.581s][gc          ] Allocation Stall (main) 13.198ms
[2024-07-25T19:05:23.212+0800][91.582s][gc,phases   ] GC(4905) Concurrent Select Relocation Set 2.934ms
[2024-07-25T19:05:23.212+0800][91.582s][gc,phases   ] GC(4905) Pause Relocate Start 0.009ms
[2024-07-25T19:05:23.212+0800][91.582s][gc,phases   ] GC(4905) Concurrent Relocate 0.127ms
[2024-07-25T19:05:23.212+0800][91.582s][gc,load     ] GC(4905) Load: 0.00/0.00/0.00
[2024-07-25T19:05:23.212+0800][91.582s][gc,mmu      ] GC(4905) MMU: 2ms/88.2%, 5ms/95.3%, 10ms/97.6%, 20ms/98.8%, 50ms/99.4%, 100ms/99.6%
[2024-07-25T19:05:23.212+0800][91.582s][gc,marking  ] GC(4905) Mark: 1 stripe(s), 1 proactive flush(es), 1 terminate flush(es), 0 completion(s), 0 continuation(s) 
[2024-07-25T19:05:23.212+0800][91.582s][gc,marking  ] GC(4905) Mark Stack Usage: 32M
[2024-07-25T19:05:23.212+0800][91.582s][gc,nmethod  ] GC(4905) NMethods: 535 registered, 0 unregistered
[2024-07-25T19:05:23.213+0800][91.582s][gc,metaspace] GC(4905) Metaspace: 1M used, 1M committed, 1088M reserved
[2024-07-25T19:05:23.213+0800][91.582s][gc,ref      ] GC(4905) Soft: 46 encountered, 25 discovered, 0 enqueued
[2024-07-25T19:05:23.213+0800][91.582s][gc,ref      ] GC(4905) Weak: 131 encountered, 107 discovered, 0 enqueued
[2024-07-25T19:05:23.213+0800][91.582s][gc,ref      ] GC(4905) Final: 0 encountered, 0 discovered, 0 enqueued
[2024-07-25T19:05:23.213+0800][91.582s][gc,ref      ] GC(4905) Phantom: 184 encountered, 98 discovered, 0 enqueued
[2024-07-25T19:05:23.213+0800][91.582s][gc,reloc    ] GC(4905) Small Pages: 4 / 8M, Empty: 2M, Relocated: 0M, In-Place: 0
[2024-07-25T19:05:23.213+0800][91.582s][gc,reloc    ] GC(4905) Large Pages: 4 / 8M, Empty: 4M, Relocated: 0M, In-Place: 0
[2024-07-25T19:05:23.213+0800][91.582s][gc,reloc    ] GC(4905) Forwarding Usage: 0M
[2024-07-25T19:05:23.213+0800][91.583s][gc,heap     ] GC(4905) Min Capacity: 8M(50%)
[2024-07-25T19:05:23.213+0800][91.583s][gc,heap     ] GC(4905) Max Capacity: 16M(100%)
[2024-07-25T19:05:23.213+0800][91.583s][gc,heap     ] GC(4905) Soft Max Capacity: 16M(100%)
[2024-07-25T19:05:23.213+0800][91.583s][gc,heap     ] GC(4905)                Mark Start          Mark End        Relocate Start      Relocate End           High               Low         
[2024-07-25T19:05:23.213+0800][91.583s][gc,heap     ] GC(4905)  Capacity:       16M (100%)         16M (100%)         16M (100%)         16M (100%)         16M (100%)         16M (100%)   
[2024-07-25T19:05:23.213+0800][91.583s][gc,heap     ] GC(4905)      Free:        0M (0%)            0M (0%)            2M (12%)           2M (12%)           6M (38%)           0M (0%)     
[2024-07-25T19:05:23.213+0800][91.583s][gc,heap     ] GC(4905)      Used:       16M (100%)         16M (100%)         14M (88%)          14M (88%)          16M (100%)         10M (62%)    
[2024-07-25T19:05:23.213+0800][91.583s][gc,heap     ] GC(4905)      Live:         -                 8M (54%)           8M (54%)           8M (54%)            -                  -          
[2024-07-25T19:05:23.213+0800][91.583s][gc,heap     ] GC(4905) Allocated:         -                 0M (0%)            4M (25%)           4M (25%)            -                  -          
[2024-07-25T19:05:23.213+0800][91.583s][gc,heap     ] GC(4905)   Garbage:         -                 7M (46%)           1M (8%)            1M (8%)             -                  -          
[2024-07-25T19:05:23.213+0800][91.583s][gc,heap     ] GC(4905) Reclaimed:         -                  -                 6M (38%)           6M (38%)            -                  -          
[2024-07-25T19:05:23.213+0800][91.583s][gc          ] GC(4905) Garbage Collection (Allocation Stall) 16M(100%)->14M(88%)
[2024-07-25T19:05:23.218+0800][91.587s][gc,start    ] GC(4906) Garbage Collection (Allocation Rate)
[2024-07-25T19:05:23.218+0800][91.587s][gc,task     ] GC(4906) Using 1 workers
[2024-07-25T19:05:23.218+0800][91.587s][gc,phases   ] GC(4906) Pause Mark Start 0.010ms
[2024-07-25T19:05:23.224+0800][91.594s][gc,phases   ] GC(4906) Concurrent Mark 6.601ms
[2024-07-25T19:05:23.224+0800][91.594s][gc,phases   ] GC(4906) Pause Mark End 0.011ms
[2024-07-25T19:05:23.224+0800][91.594s][gc,phases   ] GC(4906) Concurrent Mark Free 0.001ms
[2024-07-25T19:05:23.226+0800][91.596s][gc,phases   ] GC(4906) Concurrent Process Non-Strong References 1.783ms
[2024-07-25T19:05:23.226+0800][91.596s][gc,phases   ] GC(4906) Concurrent Reset Relocation Set 0.001ms
[2024-07-25T19:05:23.229+0800][91.599s][gc          ] Allocation Stall (main) 11.925ms
[2024-07-25T19:05:23.229+0800][91.599s][gc,phases   ] GC(4906) Concurrent Select Relocation Set 2.934ms
[2024-07-25T19:05:23.229+0800][91.599s][gc,phases   ] GC(4906) Pause Relocate Start 0.019ms
[2024-07-25T19:05:23.230+0800][91.599s][gc,phases   ] GC(4906) Concurrent Relocate 0.069ms
[2024-07-25T19:05:23.230+0800][91.599s][gc,load     ] GC(4906) Load: 0.00/0.00/0.00
[2024-07-25T19:05:23.230+0800][91.599s][gc,mmu      ] GC(4906) MMU: 2ms/88.2%, 5ms/95.3%, 10ms/97.6%, 20ms/98.8%, 50ms/99.4%, 100ms/99.6%
[2024-07-25T19:05:23.230+0800][91.600s][gc,marking  ] GC(4906) Mark: 1 stripe(s), 1 proactive flush(es), 1 terminate flush(es), 0 completion(s), 0 continuation(s) 
[2024-07-25T19:05:23.230+0800][91.600s][gc,marking  ] GC(4906) Mark Stack Usage: 32M
[2024-07-25T19:05:23.230+0800][91.600s][gc,nmethod  ] GC(4906) NMethods: 535 registered, 0 unregistered
[2024-07-25T19:05:23.230+0800][91.600s][gc,metaspace] GC(4906) Metaspace: 1M used, 1M committed, 1088M reserved
[2024-07-25T19:05:23.230+0800][91.600s][gc,ref      ] GC(4906) Soft: 46 encountered, 25 discovered, 0 enqueued
[2024-07-25T19:05:23.230+0800][91.600s][gc,ref      ] GC(4906) Weak: 131 encountered, 107 discovered, 0 enqueued
[2024-07-25T19:05:23.230+0800][91.600s][gc,ref      ] GC(4906) Final: 0 encountered, 0 discovered, 0 enqueued
[2024-07-25T19:05:23.230+0800][91.600s][gc,ref      ] GC(4906) Phantom: 184 encountered, 98 discovered, 0 enqueued
[2024-07-25T19:05:23.230+0800][91.600s][gc,reloc    ] GC(4906) Small Pages: 4 / 8M, Empty: 2M, Relocated: 0M, In-Place: 0
[2024-07-25T19:05:23.230+0800][91.600s][gc,reloc    ] GC(4906) Large Pages: 4 / 8M, Empty: 4M, Relocated: 0M, In-Place: 0
[2024-07-25T19:05:23.230+0800][91.600s][gc,reloc    ] GC(4906) Forwarding Usage: 0M
[2024-07-25T19:05:23.230+0800][91.600s][gc,heap     ] GC(4906) Min Capacity: 8M(50%)
[2024-07-25T19:05:23.230+0800][91.600s][gc,heap     ] GC(4906) Max Capacity: 16M(100%)
[2024-07-25T19:05:23.230+0800][91.600s][gc,heap     ] GC(4906) Soft Max Capacity: 16M(100%)
[2024-07-25T19:05:23.230+0800][91.600s][gc,heap     ] GC(4906)                Mark Start          Mark End        Relocate Start      Relocate End           High               Low         
[2024-07-25T19:05:23.230+0800][91.600s][gc,heap     ] GC(4906)  Capacity:       16M (100%)         16M (100%)         16M (100%)         16M (100%)         16M (100%)         16M (100%)   
[2024-07-25T19:05:23.230+0800][91.600s][gc,heap     ] GC(4906)      Free:        0M (0%)            0M (0%)            2M (12%)           2M (12%)           6M (38%)           0M (0%)     
[2024-07-25T19:05:23.230+0800][91.600s][gc,heap     ] GC(4906)      Used:       16M (100%)         16M (100%)         14M (88%)          14M (88%)          16M (100%)         10M (62%)    
[2024-07-25T19:05:23.230+0800][91.600s][gc,heap     ] GC(4906)      Live:         -                 8M (54%)           8M (54%)           8M (54%)            -                  -          
[2024-07-25T19:05:23.230+0800][91.600s][gc,heap     ] GC(4906) Allocated:         -                 0M (0%)            4M (25%)           4M (25%)            -                  -          
[2024-07-25T19:05:23.230+0800][91.600s][gc,heap     ] GC(4906)   Garbage:         -                 7M (46%)           1M (8%)            1M (8%)             -                  -          
[2024-07-25T19:05:23.230+0800][91.600s][gc,heap     ] GC(4906) Reclaimed:         -                  -                 6M (38%)           6M (38%)            -                  -          
[2024-07-25T19:05:23.230+0800][91.600s][gc          ] GC(4906) Garbage Collection (Allocation Rate) 16M(100%)->14M(88%)
[2024-07-25T19:05:23.234+0800][91.603s][gc,start    ] GC(4907) Garbage Collection (Allocation Stall)
[2024-07-25T19:05:23.234+0800][91.603s][gc,ref      ] GC(4907) Clearing All SoftReferences
[2024-07-25T19:05:23.234+0800][91.603s][gc,task     ] GC(4907) Using 1 workers
[2024-07-25T19:05:23.234+0800][91.604s][gc,phases   ] GC(4907) Pause Mark Start 0.007ms
[2024-07-25T19:05:23.241+0800][91.610s][gc,phases   ] GC(4907) Concurrent Mark 6.440ms
[2024-07-25T19:05:23.241+0800][91.610s][gc,phases   ] GC(4907) Pause Mark End 0.012ms
[2024-07-25T19:05:23.241+0800][91.610s][gc,phases   ] GC(4907) Concurrent Mark Free 0.001ms
[2024-07-25T19:05:23.242+0800][91.612s][gc,phases   ] GC(4907) Concurrent Process Non-Strong References 1.722ms
[2024-07-25T19:05:23.242+0800][91.612s][gc,phases   ] GC(4907) Concurrent Reset Relocation Set 0.001ms
[2024-07-25T19:05:23.245+0800][91.615s][gc          ] Allocation Stall (main) 11.519ms
[2024-07-25T19:05:23.245+0800][91.615s][gc,phases   ] GC(4907) Concurrent Select Relocation Set 2.562ms
[2024-07-25T19:05:23.246+0800][91.615s][gc,phases   ] GC(4907) Pause Relocate Start 0.006ms
[2024-07-25T19:05:23.246+0800][91.615s][gc,phases   ] GC(4907) Concurrent Relocate 0.050ms
[2024-07-25T19:05:23.246+0800][91.615s][gc,load     ] GC(4907) Load: 0.00/0.00/0.00
[2024-07-25T19:05:23.246+0800][91.615s][gc,mmu      ] GC(4907) MMU: 2ms/88.2%, 5ms/95.3%, 10ms/97.6%, 20ms/98.8%, 50ms/99.4%, 100ms/99.6%
[2024-07-25T19:05:23.246+0800][91.615s][gc,marking  ] GC(4907) Mark: 1 stripe(s), 1 proactive flush(es), 1 terminate flush(es), 0 completion(s), 0 continuation(s) 
[2024-07-25T19:05:23.246+0800][91.615s][gc,marking  ] GC(4907) Mark Stack Usage: 32M
[2024-07-25T19:05:23.246+0800][91.615s][gc,nmethod  ] GC(4907) NMethods: 535 registered, 0 unregistered
[2024-07-25T19:05:23.246+0800][91.615s][gc,metaspace] GC(4907) Metaspace: 1M used, 1M committed, 1088M reserved
[2024-07-25T19:05:23.246+0800][91.615s][gc,ref      ] GC(4907) Soft: 46 encountered, 25 discovered, 0 enqueued
[2024-07-25T19:05:23.246+0800][91.615s][gc,ref      ] GC(4907) Weak: 131 encountered, 107 discovered, 0 enqueued
[2024-07-25T19:05:23.246+0800][91.615s][gc,ref      ] GC(4907) Final: 0 encountered, 0 discovered, 0 enqueued
[2024-07-25T19:05:23.246+0800][91.615s][gc,ref      ] GC(4907) Phantom: 184 encountered, 98 discovered, 0 enqueued
[2024-07-25T19:05:23.246+0800][91.615s][gc,reloc    ] GC(4907) Small Pages: 4 / 8M, Empty: 2M, Relocated: 0M, In-Place: 0
[2024-07-25T19:05:23.246+0800][91.616s][gc,reloc    ] GC(4907) Large Pages: 4 / 8M, Empty: 4M, Relocated: 0M, In-Place: 0
[2024-07-25T19:05:23.246+0800][91.616s][gc,reloc    ] GC(4907) Forwarding Usage: 0M
[2024-07-25T19:05:23.246+0800][91.616s][gc,heap     ] GC(4907) Min Capacity: 8M(50%)
[2024-07-25T19:05:23.246+0800][91.616s][gc,heap     ] GC(4907) Max Capacity: 16M(100%)
[2024-07-25T19:05:23.246+0800][91.616s][gc,heap     ] GC(4907) Soft Max Capacity: 16M(100%)
[2024-07-25T19:05:23.246+0800][91.616s][gc,heap     ] GC(4907)                Mark Start          Mark End        Relocate Start      Relocate End           High               Low         
[2024-07-25T19:05:23.246+0800][91.616s][gc,heap     ] GC(4907)  Capacity:       16M (100%)         16M (100%)         16M (100%)         16M (100%)         16M (100%)         16M (100%)   
[2024-07-25T19:05:23.246+0800][91.616s][gc,heap     ] GC(4907)      Free:        0M (0%)            0M (0%)            2M (12%)           2M (12%)           6M (38%)           0M (0%)     
[2024-07-25T19:05:23.246+0800][91.616s][gc,heap     ] GC(4907)      Used:       16M (100%)         16M (100%)         14M (88%)          14M (88%)          16M (100%)         10M (62%)    
[2024-07-25T19:05:23.246+0800][91.616s][gc,heap     ] GC(4907)      Live:         -                 8M (54%)           8M (54%)           8M (54%)            -                  -          
[2024-07-25T19:05:23.246+0800][91.616s][gc,heap     ] GC(4907) Allocated:         -                 0M (0%)            4M (25%)           4M (25%)            -                  -          
[2024-07-25T19:05:23.246+0800][91.616s][gc,heap     ] GC(4907)   Garbage:         -                 7M (46%)           1M (8%)            1M (8%)             -                  -          
[2024-07-25T19:05:23.246+0800][91.616s][gc,heap     ] GC(4907) Reclaimed:         -                  -                 6M (38%)           6M (38%)            -                  -          
[2024-07-25T19:05:23.246+0800][91.616s][gc          ] GC(4907) Garbage Collection (Allocation Stall) 16M(100%)->14M(88%)
[2024-07-25T19:05:23.250+0800][91.619s][gc,start    ] GC(4908) Garbage Collection (Allocation Stall)
[2024-07-25T19:05:23.250+0800][91.620s][gc,ref      ] GC(4908) Clearing All SoftReferences
[2024-07-25T19:05:23.250+0800][91.620s][gc,task     ] GC(4908) Using 1 workers
[2024-07-25T19:05:23.250+0800][91.620s][gc,phases   ] GC(4908) Pause Mark Start 0.008ms
[2024-07-25T19:05:23.256+0800][91.626s][gc,phases   ] GC(4908) Concurrent Mark 5.950ms
[2024-07-25T19:05:23.256+0800][91.626s][gc,phases   ] GC(4908) Pause Mark End 0.012ms
[2024-07-25T19:05:23.256+0800][91.626s][gc,phases   ] GC(4908) Concurrent Mark Free 0.001ms
[2024-07-25T19:05:23.259+0800][91.628s][gc,phases   ] GC(4908) Concurrent Process Non-Strong References 1.813ms
[2024-07-25T19:05:23.259+0800][91.628s][gc,phases   ] GC(4908) Concurrent Reset Relocation Set 0.001ms
[2024-07-25T19:05:23.261+0800][91.631s][gc,phases   ] GC(4908) Concurrent Select Relocation Set 2.687ms
[2024-07-25T19:05:23.261+0800][91.631s][gc          ] Allocation Stall (main) 11.207ms
[2024-07-25T19:05:23.262+0800][91.631s][gc,phases   ] GC(4908) Pause Relocate Start 0.006ms
[2024-07-25T19:05:23.262+0800][91.631s][gc,phases   ] GC(4908) Concurrent Relocate 0.046ms
[2024-07-25T19:05:23.262+0800][91.631s][gc,load     ] GC(4908) Load: 0.00/0.00/0.00
[2024-07-25T19:05:23.262+0800][91.631s][gc,mmu      ] GC(4908) MMU: 2ms/88.2%, 5ms/95.3%, 10ms/97.6%, 20ms/98.8%, 50ms/99.4%, 100ms/99.6%
[2024-07-25T19:05:23.262+0800][91.631s][gc,marking  ] GC(4908) Mark: 1 stripe(s), 1 proactive flush(es), 1 terminate flush(es), 0 completion(s), 0 continuation(s) 
[2024-07-25T19:05:23.262+0800][91.631s][gc,marking  ] GC(4908) Mark Stack Usage: 32M
[2024-07-25T19:05:23.262+0800][91.631s][gc,nmethod  ] GC(4908) NMethods: 535 registered, 0 unregistered
[2024-07-25T19:05:23.262+0800][91.631s][gc,metaspace] GC(4908) Metaspace: 1M used, 1M committed, 1088M reserved
[2024-07-25T19:05:23.262+0800][91.631s][gc,ref      ] GC(4908) Soft: 46 encountered, 25 discovered, 0 enqueued
[2024-07-25T19:05:23.262+0800][91.631s][gc,ref      ] GC(4908) Weak: 131 encountered, 107 discovered, 0 enqueued
[2024-07-25T19:05:23.262+0800][91.631s][gc,ref      ] GC(4908) Final: 0 encountered, 0 discovered, 0 enqueued
[2024-07-25T19:05:23.262+0800][91.631s][gc,ref      ] GC(4908) Phantom: 184 encountered, 98 discovered, 0 enqueued
[2024-07-25T19:05:23.262+0800][91.631s][gc,reloc    ] GC(4908) Small Pages: 4 / 8M, Empty: 2M, Relocated: 0M, In-Place: 0
[2024-07-25T19:05:23.262+0800][91.631s][gc,reloc    ] GC(4908) Large Pages: 4 / 8M, Empty: 4M, Relocated: 0M, In-Place: 0
[2024-07-25T19:05:23.262+0800][91.631s][gc,reloc    ] GC(4908) Forwarding Usage: 0M
[2024-07-25T19:05:23.262+0800][91.632s][gc,heap     ] GC(4908) Min Capacity: 8M(50%)
[2024-07-25T19:05:23.262+0800][91.632s][gc,heap     ] GC(4908) Max Capacity: 16M(100%)
[2024-07-25T19:05:23.262+0800][91.632s][gc,heap     ] GC(4908) Soft Max Capacity: 16M(100%)
[2024-07-25T19:05:23.262+0800][91.632s][gc,heap     ] GC(4908)                Mark Start          Mark End        Relocate Start      Relocate End           High               Low         
[2024-07-25T19:05:23.262+0800][91.632s][gc,heap     ] GC(4908)  Capacity:       16M (100%)         16M (100%)         16M (100%)         16M (100%)         16M (100%)         16M (100%)   
[2024-07-25T19:05:23.262+0800][91.632s][gc,heap     ] GC(4908)      Free:        0M (0%)            0M (0%)            4M (25%)           4M (25%)           6M (38%)           0M (0%)     
[2024-07-25T19:05:23.262+0800][91.632s][gc,heap     ] GC(4908)      Used:       16M (100%)         16M (100%)         12M (75%)          12M (75%)          16M (100%)         10M (62%)    
[2024-07-25T19:05:23.262+0800][91.632s][gc,heap     ] GC(4908)      Live:         -                 8M (54%)           8M (54%)           8M (54%)            -                  -          
[2024-07-25T19:05:23.263+0800][91.632s][gc,heap     ] GC(4908) Allocated:         -                 0M (0%)            2M (12%)           2M (12%)            -                  -          
[2024-07-25T19:05:23.263+0800][91.632s][gc,heap     ] GC(4908)   Garbage:         -                 7M (46%)           1M (8%)            1M (8%)             -                  -          
[2024-07-25T19:05:23.263+0800][91.632s][gc,heap     ] GC(4908) Reclaimed:         -                  -                 6M (38%)           6M (38%)            -                  -          
[2024-07-25T19:05:23.263+0800][91.632s][gc          ] GC(4908) Garbage Collection (Allocation Stall) 16M(100%)->12M(75%)
[2024-07-25T19:05:23.266+0800][91.635s][gc,start    ] GC(4909) Garbage Collection (Allocation Stall)
[2024-07-25T19:05:23.266+0800][91.635s][gc,ref      ] GC(4909) Clearing All SoftReferences
[2024-07-25T19:05:23.266+0800][91.635s][gc,task     ] GC(4909) Using 1 workers
[2024-07-25T19:05:23.266+0800][91.635s][gc,phases   ] GC(4909) Pause Mark Start 0.008ms
[2024-07-25T19:05:23.272+0800][91.641s][gc,phases   ] GC(4909) Concurrent Mark 5.693ms
[2024-07-25T19:05:23.272+0800][91.641s][gc,phases   ] GC(4909) Pause Mark End 0.008ms
[2024-07-25T19:05:23.272+0800][91.641s][gc,phases   ] GC(4909) Concurrent Mark Free 0.001ms
[2024-07-25T19:05:23.274+0800][91.643s][gc,phases   ] GC(4909) Concurrent Process Non-Strong References 1.707ms
[2024-07-25T19:05:23.274+0800][91.643s][gc,phases   ] GC(4909) Concurrent Reset Relocation Set 0.001ms
[2024-07-25T19:05:23.276+0800][91.646s][gc          ] Allocation Stall (main) 10.905ms
[2024-07-25T19:05:23.276+0800][91.646s][gc,phases   ] GC(4909) Concurrent Select Relocation Set 2.818ms
[2024-07-25T19:05:23.277+0800][91.646s][gc,phases   ] GC(4909) Pause Relocate Start 0.008ms
[2024-07-25T19:05:23.277+0800][91.646s][gc,phases   ] GC(4909) Concurrent Relocate 0.045ms
[2024-07-25T19:05:23.277+0800][91.646s][gc,load     ] GC(4909) Load: 0.00/0.00/0.00
[2024-07-25T19:05:23.277+0800][91.646s][gc,mmu      ] GC(4909) MMU: 2ms/88.2%, 5ms/95.3%, 10ms/97.6%, 20ms/98.8%, 50ms/99.4%, 100ms/99.6%
[2024-07-25T19:05:23.277+0800][91.646s][gc,marking  ] GC(4909) Mark: 1 stripe(s), 1 proactive flush(es), 1 terminate flush(es), 0 completion(s), 0 continuation(s) 
[2024-07-25T19:05:23.277+0800][91.646s][gc,marking  ] GC(4909) Mark Stack Usage: 32M
[2024-07-25T19:05:23.277+0800][91.646s][gc,nmethod  ] GC(4909) NMethods: 535 registered, 0 unregistered
[2024-07-25T19:05:23.277+0800][91.646s][gc,metaspace] GC(4909) Metaspace: 1M used, 1M committed, 1088M reserved
[2024-07-25T19:05:23.277+0800][91.646s][gc,ref      ] GC(4909) Soft: 46 encountered, 25 discovered, 0 enqueued
[2024-07-25T19:05:23.277+0800][91.646s][gc,ref      ] GC(4909) Weak: 131 encountered, 107 discovered, 0 enqueued
[2024-07-25T19:05:23.277+0800][91.646s][gc,ref      ] GC(4909) Final: 0 encountered, 0 discovered, 0 enqueued
[2024-07-25T19:05:23.277+0800][91.646s][gc,ref      ] GC(4909) Phantom: 184 encountered, 98 discovered, 0 enqueued
[2024-07-25T19:05:23.277+0800][91.646s][gc,reloc    ] GC(4909) Small Pages: 4 / 8M, Empty: 2M, Relocated: 0M, In-Place: 0
[2024-07-25T19:05:23.277+0800][91.646s][gc,reloc    ] GC(4909) Large Pages: 4 / 8M, Empty: 4M, Relocated: 0M, In-Place: 0
[2024-07-25T19:05:23.277+0800][91.647s][gc,reloc    ] GC(4909) Forwarding Usage: 0M
[2024-07-25T19:05:23.277+0800][91.647s][gc,heap     ] GC(4909) Min Capacity: 8M(50%)
[2024-07-25T19:05:23.277+0800][91.647s][gc,heap     ] GC(4909) Max Capacity: 16M(100%)
[2024-07-25T19:05:23.277+0800][91.647s][gc,heap     ] GC(4909) Soft Max Capacity: 16M(100%)
[2024-07-25T19:05:23.277+0800][91.647s][gc,heap     ] GC(4909)                Mark Start          Mark End        Relocate Start      Relocate End           High               Low         
[2024-07-25T19:05:23.277+0800][91.647s][gc,heap     ] GC(4909)  Capacity:       16M (100%)         16M (100%)         16M (100%)         16M (100%)         16M (100%)         16M (100%)   
[2024-07-25T19:05:23.277+0800][91.647s][gc,heap     ] GC(4909)      Free:        0M (0%)            0M (0%)            2M (12%)           2M (12%)           6M (38%)           0M (0%)     
[2024-07-25T19:05:23.277+0800][91.647s][gc,heap     ] GC(4909)      Used:       16M (100%)         16M (100%)         14M (88%)          14M (88%)          16M (100%)         10M (62%)    
[2024-07-25T19:05:23.277+0800][91.647s][gc,heap     ] GC(4909)      Live:         -                 8M (54%)           8M (54%)           8M (54%)            -                  -          
[2024-07-25T19:05:23.277+0800][91.647s][gc,heap     ] GC(4909) Allocated:         -                 0M (0%)            4M (25%)           4M (25%)            -                  -          
[2024-07-25T19:05:23.277+0800][91.647s][gc,heap     ] GC(4909)   Garbage:         -                 7M (46%)           1M (8%)            1M (8%)             -                  -          
[2024-07-25T19:05:23.277+0800][91.647s][gc,heap     ] GC(4909) Reclaimed:         -                  -                 6M (38%)           6M (38%)            -                  -          
[2024-07-25T19:05:23.277+0800][91.647s][gc          ] GC(4909) Garbage Collection (Allocation Stall) 16M(100%)->14M(88%)
[2024-07-25T19:05:23.280+0800][91.650s][gc,start    ] GC(4910) Garbage Collection (Allocation Stall)
[2024-07-25T19:05:23.280+0800][91.650s][gc,ref      ] GC(4910) Clearing All SoftReferences
[2024-07-25T19:05:23.280+0800][91.650s][gc,task     ] GC(4910) Using 1 workers
[2024-07-25T19:05:23.280+0800][91.650s][gc,phases   ] GC(4910) Pause Mark Start 0.011ms
[2024-07-25T19:05:23.286+0800][91.656s][gc,phases   ] GC(4910) Concurrent Mark 6.047ms
[2024-07-25T19:05:23.287+0800][91.656s][gc,phases   ] GC(4910) Pause Mark End 0.009ms
[2024-07-25T19:05:23.287+0800][91.656s][gc,phases   ] GC(4910) Concurrent Mark Free 0.001ms
[2024-07-25T19:05:23.288+0800][91.658s][gc,phases   ] GC(4910) Concurrent Process Non-Strong References 1.694ms
[2024-07-25T19:05:23.288+0800][91.658s][gc,phases   ] GC(4910) Concurrent Reset Relocation Set 0.001ms
[2024-07-25T19:05:23.291+0800][91.661s][gc          ] Allocation Stall (main) 11.198ms
[2024-07-25T19:05:23.291+0800][91.661s][gc,phases   ] GC(4910) Concurrent Select Relocation Set 2.638ms
[2024-07-25T19:05:23.291+0800][91.661s][gc,phases   ] GC(4910) Pause Relocate Start 0.007ms
[2024-07-25T19:05:23.291+0800][91.661s][gc,phases   ] GC(4910) Concurrent Relocate 0.042ms
[2024-07-25T19:05:23.292+0800][91.661s][gc,load     ] GC(4910) Load: 0.00/0.00/0.00
[2024-07-25T19:05:23.292+0800][91.661s][gc,mmu      ] GC(4910) MMU: 2ms/88.2%, 5ms/95.3%, 10ms/97.6%, 20ms/98.8%, 50ms/99.4%, 100ms/99.6%
[2024-07-25T19:05:23.292+0800][91.661s][gc,marking  ] GC(4910) Mark: 1 stripe(s), 1 proactive flush(es), 1 terminate flush(es), 0 completion(s), 0 continuation(s) 
[2024-07-25T19:05:23.292+0800][91.661s][gc,marking  ] GC(4910) Mark Stack Usage: 32M
[2024-07-25T19:05:23.292+0800][91.661s][gc,nmethod  ] GC(4910) NMethods: 535 registered, 0 unregistered
[2024-07-25T19:05:23.292+0800][91.661s][gc,metaspace] GC(4910) Metaspace: 1M used, 1M committed, 1088M reserved
[2024-07-25T19:05:23.292+0800][91.661s][gc,ref      ] GC(4910) Soft: 46 encountered, 25 discovered, 0 enqueued
[2024-07-25T19:05:23.292+0800][91.661s][gc,ref      ] GC(4910) Weak: 131 encountered, 107 discovered, 0 enqueued
[2024-07-25T19:05:23.292+0800][91.661s][gc,ref      ] GC(4910) Final: 0 encountered, 0 discovered, 0 enqueued
[2024-07-25T19:05:23.292+0800][91.662s][gc,ref      ] GC(4910) Phantom: 184 encountered, 98 discovered, 0 enqueued
[2024-07-25T19:05:23.292+0800][91.662s][gc,reloc    ] GC(4910) Small Pages: 4 / 8M, Empty: 2M, Relocated: 0M, In-Place: 0
[2024-07-25T19:05:23.292+0800][91.662s][gc,reloc    ] GC(4910) Large Pages: 4 / 8M, Empty: 4M, Relocated: 0M, In-Place: 0
[2024-07-25T19:05:23.292+0800][91.662s][gc,reloc    ] GC(4910) Forwarding Usage: 0M
[2024-07-25T19:05:23.292+0800][91.662s][gc,heap     ] GC(4910) Min Capacity: 8M(50%)
[2024-07-25T19:05:23.292+0800][91.662s][gc,heap     ] GC(4910) Max Capacity: 16M(100%)
[2024-07-25T19:05:23.292+0800][91.662s][gc,heap     ] GC(4910) Soft Max Capacity: 16M(100%)
[2024-07-25T19:05:23.292+0800][91.662s][gc,heap     ] GC(4910)                Mark Start          Mark End        Relocate Start      Relocate End           High               Low         
[2024-07-25T19:05:23.292+0800][91.662s][gc,heap     ] GC(4910)  Capacity:       16M (100%)         16M (100%)         16M (100%)         16M (100%)         16M (100%)         16M (100%)   
[2024-07-25T19:05:23.292+0800][91.662s][gc,heap     ] GC(4910)      Free:        0M (0%)            0M (0%)            2M (12%)           2M (12%)           6M (38%)           0M (0%)     
[2024-07-25T19:05:23.292+0800][91.662s][gc,heap     ] GC(4910)      Used:       16M (100%)         16M (100%)         14M (88%)          14M (88%)          16M (100%)         10M (62%)    
[2024-07-25T19:05:23.292+0800][91.662s][gc,heap     ] GC(4910)      Live:         -                 8M (54%)           8M (54%)           8M (54%)            -                  -          
[2024-07-25T19:05:23.292+0800][91.662s][gc,heap     ] GC(4910) Allocated:         -                 0M (0%)            4M (25%)           4M (25%)            -                  -          
[2024-07-25T19:05:23.292+0800][91.662s][gc,heap     ] GC(4910)   Garbage:         -                 7M (46%)           1M (8%)            1M (8%)             -                  -          
[2024-07-25T19:05:23.292+0800][91.662s][gc,heap     ] GC(4910) Reclaimed:         -                  -                 6M (38%)           6M (38%)            -                  -          
[2024-07-25T19:05:23.292+0800][91.662s][gc          ] GC(4910) Garbage Collection (Allocation Stall) 16M(100%)->14M(88%)
[2024-07-25T19:05:23.296+0800][91.665s][gc,start    ] GC(4911) Garbage Collection (Allocation Stall)
[2024-07-25T19:05:23.296+0800][91.665s][gc,ref      ] GC(4911) Clearing All SoftReferences
[2024-07-25T19:05:23.296+0800][91.665s][gc,task     ] GC(4911) Using 1 workers
[2024-07-25T19:05:23.296+0800][91.666s][gc,phases   ] GC(4911) Pause Mark Start 0.008ms
[2024-07-25T19:05:23.302+0800][91.672s][gc,phases   ] GC(4911) Concurrent Mark 6.054ms
[2024-07-25T19:05:23.302+0800][91.672s][gc,phases   ] GC(4911) Pause Mark End 0.008ms
[2024-07-25T19:05:23.302+0800][91.672s][gc,phases   ] GC(4911) Concurrent Mark Free 0.001ms
[2024-07-25T19:05:23.305+0800][91.674s][gc,phases   ] GC(4911) Concurrent Process Non-Strong References 1.817ms
[2024-07-25T19:05:23.305+0800][91.674s][gc,phases   ] GC(4911) Concurrent Reset Relocation Set 0.001ms
[2024-07-25T19:05:23.307+0800][91.676s][gc          ] Allocation Stall (main) 11.131ms
[2024-07-25T19:05:23.308+0800][91.677s][gc,phases   ] GC(4911) Concurrent Select Relocation Set 2.603ms
[2024-07-25T19:05:23.308+0800][91.677s][gc,phases   ] GC(4911) Pause Relocate Start 0.006ms
[2024-07-25T19:05:23.308+0800][91.677s][gc,phases   ] GC(4911) Concurrent Relocate 0.121ms
[2024-07-25T19:05:23.308+0800][91.677s][gc,load     ] GC(4911) Load: 0.00/0.00/0.00
[2024-07-25T19:05:23.308+0800][91.677s][gc,mmu      ] GC(4911) MMU: 2ms/88.2%, 5ms/95.3%, 10ms/97.6%, 20ms/98.8%, 50ms/99.4%, 100ms/99.6%
[2024-07-25T19:05:23.308+0800][91.677s][gc,marking  ] GC(4911) Mark: 1 stripe(s), 1 proactive flush(es), 1 terminate flush(es), 0 completion(s), 0 continuation(s) 
[2024-07-25T19:05:23.308+0800][91.677s][gc,marking  ] GC(4911) Mark Stack Usage: 32M
[2024-07-25T19:05:23.308+0800][91.677s][gc,nmethod  ] GC(4911) NMethods: 535 registered, 0 unregistered
[2024-07-25T19:05:23.308+0800][91.677s][gc,metaspace] GC(4911) Metaspace: 1M used, 1M committed, 1088M reserved
[2024-07-25T19:05:23.308+0800][91.677s][gc,ref      ] GC(4911) Soft: 46 encountered, 25 discovered, 0 enqueued
[2024-07-25T19:05:23.308+0800][91.677s][gc,ref      ] GC(4911) Weak: 131 encountered, 107 discovered, 0 enqueued
[2024-07-25T19:05:23.308+0800][91.677s][gc,ref      ] GC(4911) Final: 0 encountered, 0 discovered, 0 enqueued
[2024-07-25T19:05:23.308+0800][91.677s][gc,ref      ] GC(4911) Phantom: 184 encountered, 98 discovered, 0 enqueued
[2024-07-25T19:05:23.308+0800][91.677s][gc,reloc    ] GC(4911) Small Pages: 4 / 8M, Empty: 2M, Relocated: 0M, In-Place: 0
[2024-07-25T19:05:23.308+0800][91.677s][gc,reloc    ] GC(4911) Large Pages: 4 / 8M, Empty: 4M, Relocated: 0M, In-Place: 0
[2024-07-25T19:05:23.308+0800][91.677s][gc,reloc    ] GC(4911) Forwarding Usage: 0M
[2024-07-25T19:05:23.308+0800][91.677s][gc,heap     ] GC(4911) Min Capacity: 8M(50%)
[2024-07-25T19:05:23.308+0800][91.677s][gc,heap     ] GC(4911) Max Capacity: 16M(100%)
[2024-07-25T19:05:23.308+0800][91.677s][gc,heap     ] GC(4911) Soft Max Capacity: 16M(100%)
[2024-07-25T19:05:23.308+0800][91.677s][gc,heap     ] GC(4911)                Mark Start          Mark End        Relocate Start      Relocate End           High               Low         
[2024-07-25T19:05:23.308+0800][91.678s][gc,heap     ] GC(4911)  Capacity:       16M (100%)         16M (100%)         16M (100%)         16M (100%)         16M (100%)         16M (100%)   
[2024-07-25T19:05:23.308+0800][91.678s][gc,heap     ] GC(4911)      Free:        0M (0%)            0M (0%)            2M (12%)           2M (12%)           6M (38%)           0M (0%)     
[2024-07-25T19:05:23.308+0800][91.678s][gc,heap     ] GC(4911)      Used:       16M (100%)         16M (100%)         14M (88%)          14M (88%)          16M (100%)         10M (62%)    
[2024-07-25T19:05:23.308+0800][91.678s][gc,heap     ] GC(4911)      Live:         -                 8M (54%)           8M (54%)           8M (54%)            -                  -          
[2024-07-25T19:05:23.308+0800][91.678s][gc,heap     ] GC(4911) Allocated:         -                 0M (0%)            4M (25%)           4M (25%)            -                  -          
[2024-07-25T19:05:23.308+0800][91.678s][gc,heap     ] GC(4911)   Garbage:         -                 7M (46%)           1M (8%)            1M (8%)             -                  -          
[2024-07-25T19:05:23.308+0800][91.678s][gc,heap     ] GC(4911) Reclaimed:         -                  -                 6M (38%)           6M (38%)            -                  -          
[2024-07-25T19:05:23.308+0800][91.678s][gc          ] GC(4911) Garbage Collection (Allocation Stall) 16M(100%)->14M(88%)
[2024-07-25T19:05:23.310+0800][91.679s][gc,start    ] GC(4912) Garbage Collection (Allocation Rate)
[2024-07-25T19:05:23.310+0800][91.679s][gc,task     ] GC(4912) Using 1 workers
[2024-07-25T19:05:23.310+0800][91.679s][gc,phases   ] GC(4912) Pause Mark Start 0.009ms
[2024-07-25T19:05:23.315+0800][91.685s][gc,phases   ] GC(4912) Concurrent Mark 5.919ms
[2024-07-25T19:05:23.316+0800][91.685s][gc,phases   ] GC(4912) Pause Mark End 0.008ms
[2024-07-25T19:05:23.316+0800][91.685s][gc,phases   ] GC(4912) Concurrent Mark Free 0.001ms
[2024-07-25T19:05:23.318+0800][91.687s][gc,phases   ] GC(4912) Concurrent Process Non-Strong References 1.683ms
[2024-07-25T19:05:23.318+0800][91.687s][gc,phases   ] GC(4912) Concurrent Reset Relocation Set 0.001ms
[2024-07-25T19:05:23.320+0800][91.690s][gc          ] Allocation Stall (main) 9.511ms
[2024-07-25T19:05:23.320+0800][91.690s][gc,phases   ] GC(4912) Concurrent Select Relocation Set 2.561ms
[2024-07-25T19:05:23.321+0800][91.690s][gc,phases   ] GC(4912) Pause Relocate Start 0.009ms
[2024-07-25T19:05:23.322+0800][91.692s][gc          ] Allocation Stall (main) 0.464ms
[2024-07-25T19:05:23.322+0800][91.692s][gc,phases   ] GC(4912) Concurrent Relocate 1.710ms
[2024-07-25T19:05:23.322+0800][91.692s][gc,load     ] GC(4912) Load: 0.00/0.00/0.00
[2024-07-25T19:05:23.322+0800][91.692s][gc,mmu      ] GC(4912) MMU: 2ms/88.2%, 5ms/95.3%, 10ms/97.6%, 20ms/98.8%, 50ms/99.4%, 100ms/99.6%
[2024-07-25T19:05:23.322+0800][91.692s][gc,marking  ] GC(4912) Mark: 1 stripe(s), 1 proactive flush(es), 1 terminate flush(es), 0 completion(s), 0 continuation(s) 
[2024-07-25T19:05:23.322+0800][91.692s][gc,marking  ] GC(4912) Mark Stack Usage: 32M
[2024-07-25T19:05:23.322+0800][91.692s][gc,nmethod  ] GC(4912) NMethods: 535 registered, 0 unregistered
[2024-07-25T19:05:23.322+0800][91.692s][gc,metaspace] GC(4912) Metaspace: 1M used, 1M committed, 1088M reserved
[2024-07-25T19:05:23.322+0800][91.692s][gc,ref      ] GC(4912) Soft: 46 encountered, 25 discovered, 0 enqueued
[2024-07-25T19:05:23.322+0800][91.692s][gc,ref      ] GC(4912) Weak: 131 encountered, 107 discovered, 0 enqueued
[2024-07-25T19:05:23.322+0800][91.692s][gc,ref      ] GC(4912) Final: 0 encountered, 0 discovered, 0 enqueued
[2024-07-25T19:05:23.323+0800][91.692s][gc,ref      ] GC(4912) Phantom: 184 encountered, 98 discovered, 0 enqueued
[2024-07-25T19:05:23.323+0800][91.692s][gc,reloc    ] GC(4912) Small Pages: 4 / 8M, Empty: 0M, Relocated: 1M, In-Place: 1
[2024-07-25T19:05:23.323+0800][91.692s][gc,reloc    ] GC(4912) Large Pages: 4 / 8M, Empty: 4M, Relocated: 0M, In-Place: 0
[2024-07-25T19:05:23.323+0800][91.692s][gc,reloc    ] GC(4912) Forwarding Usage: 0M
[2024-07-25T19:05:23.323+0800][91.692s][gc,heap     ] GC(4912) Min Capacity: 8M(50%)
[2024-07-25T19:05:23.323+0800][91.692s][gc,heap     ] GC(4912) Max Capacity: 16M(100%)
[2024-07-25T19:05:23.323+0800][91.692s][gc,heap     ] GC(4912) Soft Max Capacity: 16M(100%)
[2024-07-25T19:05:23.323+0800][91.692s][gc,heap     ] GC(4912)                Mark Start          Mark End        Relocate Start      Relocate End           High               Low         
[2024-07-25T19:05:23.323+0800][91.693s][gc,heap     ] GC(4912)  Capacity:       16M (100%)         16M (100%)         16M (100%)         16M (100%)         16M (100%)         16M (100%)   
[2024-07-25T19:05:23.323+0800][91.693s][gc,heap     ] GC(4912)      Free:        0M (0%)            0M (0%)            0M (0%)            0M (0%)            4M (25%)           0M (0%)     
[2024-07-25T19:05:23.323+0800][91.693s][gc,heap     ] GC(4912)      Used:       16M (100%)         16M (100%)         16M (100%)         16M (100%)         16M (100%)         12M (75%)    
[2024-07-25T19:05:23.323+0800][91.693s][gc,heap     ] GC(4912)      Live:         -                 8M (54%)           8M (54%)           8M (54%)            -                  -          
[2024-07-25T19:05:23.323+0800][91.693s][gc,heap     ] GC(4912) Allocated:         -                 0M (0%)            4M (25%)           5M (37%)            -                  -          
[2024-07-25T19:05:23.323+0800][91.693s][gc,heap     ] GC(4912)   Garbage:         -                 7M (46%)           3M (21%)           1M (8%)             -                  -          
[2024-07-25T19:05:23.323+0800][91.693s][gc,heap     ] GC(4912) Reclaimed:         -                  -                 4M (25%)           5M (37%)            -                  -          
[2024-07-25T19:05:23.323+0800][91.693s][gc          ] GC(4912) Garbage Collection (Allocation Rate) 16M(100%)->16M(100%)
[2024-07-25T19:05:23.325+0800][91.695s][gc,start    ] GC(4913) Garbage Collection (Allocation Stall)
[2024-07-25T19:05:23.325+0800][91.695s][gc,ref      ] GC(4913) Clearing All SoftReferences
[2024-07-25T19:05:23.325+0800][91.695s][gc,task     ] GC(4913) Using 1 workers
[2024-07-25T19:05:23.325+0800][91.695s][gc,phases   ] GC(4913) Pause Mark Start 0.017ms
[2024-07-25T19:05:23.337+0800][91.706s][gc,phases   ] GC(4913) Concurrent Mark 10.758ms
[2024-07-25T19:05:23.337+0800][91.706s][gc,phases   ] GC(4913) Pause Mark End 0.014ms
[2024-07-25T19:05:23.337+0800][91.706s][gc,phases   ] GC(4913) Concurrent Mark Free 0.003ms
[2024-07-25T19:05:23.340+0800][91.709s][gc,phases   ] GC(4913) Concurrent Process Non-Strong References 2.378ms
[2024-07-25T19:05:23.340+0800][91.709s][gc,phases   ] GC(4913) Concurrent Reset Relocation Set 0.002ms
[2024-07-25T19:05:23.345+0800][91.715s][gc          ] Allocation Stall (main) 20.093ms
[2024-07-25T19:05:23.346+0800][91.715s][gc,phases   ] GC(4913) Concurrent Select Relocation Set 5.800ms
[2024-07-25T19:05:23.346+0800][91.715s][gc,phases   ] GC(4913) Pause Relocate Start 0.010ms
[2024-07-25T19:05:23.348+0800][91.718s][gc          ] Allocation Stall (main) 0.302ms
[2024-07-25T19:05:23.348+0800][91.718s][gc,phases   ] GC(4913) Concurrent Relocate 2.483ms
[2024-07-25T19:05:23.348+0800][91.718s][gc,load     ] GC(4913) Load: 0.00/0.00/0.00
[2024-07-25T19:05:23.348+0800][91.718s][gc,mmu      ] GC(4913) MMU: 2ms/88.2%, 5ms/95.3%, 10ms/97.6%, 20ms/98.8%, 50ms/99.4%, 100ms/99.6%
[2024-07-25T19:05:23.348+0800][91.718s][gc,marking  ] GC(4913) Mark: 1 stripe(s), 1 proactive flush(es), 1 terminate flush(es), 0 completion(s), 0 continuation(s) 
[2024-07-25T19:05:23.348+0800][91.718s][gc,marking  ] GC(4913) Mark Stack Usage: 32M
[2024-07-25T19:05:23.348+0800][91.718s][gc,nmethod  ] GC(4913) NMethods: 535 registered, 0 unregistered
[2024-07-25T19:05:23.348+0800][91.718s][gc,metaspace] GC(4913) Metaspace: 1M used, 1M committed, 1088M reserved
[2024-07-25T19:05:23.348+0800][91.718s][gc,ref      ] GC(4913) Soft: 46 encountered, 25 discovered, 0 enqueued
[2024-07-25T19:05:23.348+0800][91.718s][gc,ref      ] GC(4913) Weak: 131 encountered, 107 discovered, 0 enqueued
[2024-07-25T19:05:23.348+0800][91.718s][gc,ref      ] GC(4913) Final: 0 encountered, 0 discovered, 0 enqueued
[2024-07-25T19:05:23.348+0800][91.718s][gc,ref      ] GC(4913) Phantom: 184 encountered, 98 discovered, 0 enqueued
[2024-07-25T19:05:23.348+0800][91.718s][gc,reloc    ] GC(4913) Small Pages: 4 / 8M, Empty: 0M, Relocated: 1M, In-Place: 1
[2024-07-25T19:05:23.348+0800][91.718s][gc,reloc    ] GC(4913) Large Pages: 4 / 8M, Empty: 4M, Relocated: 0M, In-Place: 0
[2024-07-25T19:05:23.348+0800][91.718s][gc,reloc    ] GC(4913) Forwarding Usage: 0M
[2024-07-25T19:05:23.349+0800][91.718s][gc,heap     ] GC(4913) Min Capacity: 8M(50%)
[2024-07-25T19:05:23.349+0800][91.718s][gc,heap     ] GC(4913) Max Capacity: 16M(100%)
[2024-07-25T19:05:23.349+0800][91.718s][gc,heap     ] GC(4913) Soft Max Capacity: 16M(100%)
[2024-07-25T19:05:23.349+0800][91.718s][gc,heap     ] GC(4913)                Mark Start          Mark End        Relocate Start      Relocate End           High               Low         
[2024-07-25T19:05:23.349+0800][91.718s][gc,heap     ] GC(4913)  Capacity:       16M (100%)         16M (100%)         16M (100%)         16M (100%)         16M (100%)         16M (100%)   
[2024-07-25T19:05:23.349+0800][91.718s][gc,heap     ] GC(4913)      Free:        0M (0%)            0M (0%)            0M (0%)            0M (0%)            4M (25%)           0M (0%)     
[2024-07-25T19:05:23.349+0800][91.718s][gc,heap     ] GC(4913)      Used:       16M (100%)         16M (100%)         16M (100%)         16M (100%)         16M (100%)         12M (75%)    
[2024-07-25T19:05:23.349+0800][91.719s][gc,heap     ] GC(4913)      Live:         -                 8M (54%)           8M (54%)           8M (54%)            -                  -          
[2024-07-25T19:05:23.349+0800][91.719s][gc,heap     ] GC(4913) Allocated:         -                 0M (0%)            4M (25%)           5M (37%)            -                  -          
[2024-07-25T19:05:23.349+0800][91.719s][gc,heap     ] GC(4913)   Garbage:         -                 7M (46%)           3M (21%)           1M (8%)             -                  -          
[2024-07-25T19:05:23.349+0800][91.719s][gc,heap     ] GC(4913) Reclaimed:         -                  -                 4M (25%)           5M (37%)            -                  -          
[2024-07-25T19:05:23.349+0800][91.719s][gc          ] GC(4913) Garbage Collection (Allocation Stall) 16M(100%)->16M(100%)
[2024-07-25T19:05:23.351+0800][91.720s][gc,start    ] GC(4914) Garbage Collection (Allocation Stall)
[2024-07-25T19:05:23.352+0800][91.721s][gc,ref      ] GC(4914) Clearing All SoftReferences
[2024-07-25T19:05:23.352+0800][91.721s][gc,task     ] GC(4914) Using 1 workers
[2024-07-25T19:05:23.352+0800][91.721s][gc,phases   ] GC(4914) Pause Mark Start 0.008ms
[2024-07-25T19:05:23.362+0800][91.731s][gc,phases   ] GC(4914) Concurrent Mark 9.745ms
[2024-07-25T19:05:23.362+0800][91.731s][gc,phases   ] GC(4914) Pause Mark End 0.010ms
[2024-07-25T19:05:23.362+0800][91.731s][gc,phases   ] GC(4914) Concurrent Mark Free 0.001ms
[2024-07-25T19:05:23.363+0800][91.732s][gc,phases   ] GC(4914) Concurrent Process Non-Strong References 1.592ms
[2024-07-25T19:05:23.363+0800][91.733s][gc,phases   ] GC(4914) Concurrent Reset Relocation Set 0.001ms
[2024-07-25T19:05:23.366+0800][91.736s][gc          ] Allocation Stall (main) 15.943ms
[2024-07-25T19:05:23.367+0800][91.736s][gc,phases   ] GC(4914) Concurrent Select Relocation Set 3.835ms
[2024-07-25T19:05:23.368+0800][91.737s][gc,phases   ] GC(4914) Pause Relocate Start 0.010ms
[2024-07-25T19:05:23.368+0800][91.738s][gc,phases   ] GC(4914) Concurrent Relocate 1.544ms
[2024-07-25T19:05:23.369+0800][91.738s][gc,load     ] GC(4914) Load: 0.00/0.00/0.00
[2024-07-25T19:05:23.369+0800][91.739s][gc,mmu      ] GC(4914) MMU: 2ms/88.2%, 5ms/95.3%, 10ms/97.6%, 20ms/98.8%, 50ms/99.4%, 100ms/99.6%
[2024-07-25T19:05:23.369+0800][91.739s][gc,marking  ] GC(4914) Mark: 1 stripe(s), 1 proactive flush(es), 1 terminate flush(es), 0 completion(s), 0 continuation(s) 
[2024-07-25T19:05:23.369+0800][91.739s][gc,marking  ] GC(4914) Mark Stack Usage: 32M
[2024-07-25T19:05:23.369+0800][91.739s][gc,nmethod  ] GC(4914) NMethods: 535 registered, 0 unregistered
[2024-07-25T19:05:23.369+0800][91.739s][gc,metaspace] GC(4914) Metaspace: 1M used, 1M committed, 1088M reserved
[2024-07-25T19:05:23.369+0800][91.739s][gc,ref      ] GC(4914) Soft: 46 encountered, 25 discovered, 0 enqueued
[2024-07-25T19:05:23.369+0800][91.739s][gc,ref      ] GC(4914) Weak: 131 encountered, 107 discovered, 0 enqueued
[2024-07-25T19:05:23.369+0800][91.739s][gc,ref      ] GC(4914) Final: 0 encountered, 0 discovered, 0 enqueued
[2024-07-25T19:05:23.369+0800][91.739s][gc,ref      ] GC(4914) Phantom: 184 encountered, 98 discovered, 0 enqueued
[2024-07-25T19:05:23.369+0800][91.739s][gc,reloc    ] GC(4914) Small Pages: 4 / 8M, Empty: 0M, Relocated: 1M, In-Place: 1
[2024-07-25T19:05:23.369+0800][91.739s][gc,reloc    ] GC(4914) Large Pages: 4 / 8M, Empty: 4M, Relocated: 0M, In-Place: 0
[2024-07-25T19:05:23.369+0800][91.739s][gc,reloc    ] GC(4914) Forwarding Usage: 0M
[2024-07-25T19:05:23.369+0800][91.739s][gc,heap     ] GC(4914) Min Capacity: 8M(50%)
[2024-07-25T19:05:23.369+0800][91.739s][gc,heap     ] GC(4914) Max Capacity: 16M(100%)
[2024-07-25T19:05:23.369+0800][91.739s][gc,heap     ] GC(4914) Soft Max Capacity: 16M(100%)
[2024-07-25T19:05:23.369+0800][91.739s][gc,heap     ] GC(4914)                Mark Start          Mark End        Relocate Start      Relocate End           High               Low         
[2024-07-25T19:05:23.369+0800][91.739s][gc,heap     ] GC(4914)  Capacity:       16M (100%)         16M (100%)         16M (100%)         16M (100%)         16M (100%)         16M (100%)   
[2024-07-25T19:05:23.369+0800][91.739s][gc,heap     ] GC(4914)      Free:        0M (0%)            0M (0%)            2M (12%)           2M (12%)           4M (25%)           0M (0%)     
[2024-07-25T19:05:23.369+0800][91.739s][gc,heap     ] GC(4914)      Used:       16M (100%)         16M (100%)         14M (88%)          14M (88%)          16M (100%)         12M (75%)    
[2024-07-25T19:05:23.369+0800][91.739s][gc,heap     ] GC(4914)      Live:         -                 8M (54%)           8M (54%)           8M (54%)            -                  -          
[2024-07-25T19:05:23.369+0800][91.739s][gc,heap     ] GC(4914) Allocated:         -                 0M (0%)            2M (12%)           3M (25%)            -                  -          
[2024-07-25T19:05:23.369+0800][91.739s][gc,heap     ] GC(4914)   Garbage:         -                 7M (46%)           3M (21%)           1M (8%)             -                  -          
[2024-07-25T19:05:23.369+0800][91.739s][gc,heap     ] GC(4914) Reclaimed:         -                  -                 4M (25%)           5M (37%)            -                  -          
[2024-07-25T19:05:23.369+0800][91.739s][gc          ] GC(4914) Garbage Collection (Allocation Stall) 16M(100%)->14M(88%)
[2024-07-25T19:05:23.372+0800][91.742s][gc,start    ] GC(4915) Garbage Collection (Allocation Stall)
[2024-07-25T19:05:23.372+0800][91.742s][gc,ref      ] GC(4915) Clearing All SoftReferences
[2024-07-25T19:05:23.372+0800][91.742s][gc,task     ] GC(4915) Using 1 workers
[2024-07-25T19:05:23.373+0800][91.742s][gc,phases   ] GC(4915) Pause Mark Start 0.058ms
[2024-07-25T19:05:23.382+0800][91.752s][gc,phases   ] GC(4915) Concurrent Mark 9.269ms
[2024-07-25T19:05:23.382+0800][91.752s][gc,phases   ] GC(4915) Pause Mark End 0.011ms
[2024-07-25T19:05:23.382+0800][91.752s][gc,phases   ] GC(4915) Concurrent Mark Free 0.001ms
[2024-07-25T19:05:23.384+0800][91.754s][gc,phases   ] GC(4915) Concurrent Process Non-Strong References 1.950ms
[2024-07-25T19:05:23.384+0800][91.754s][gc,phases   ] GC(4915) Concurrent Reset Relocation Set 0.001ms
[2024-07-25T19:05:23.387+0800][91.757s][gc          ] Allocation Stall (main) 15.063ms
[2024-07-25T19:05:23.387+0800][91.757s][gc,phases   ] GC(4915) Concurrent Select Relocation Set 2.754ms
[2024-07-25T19:05:23.387+0800][91.757s][gc,phases   ] GC(4915) Pause Relocate Start 0.009ms
[2024-07-25T19:05:23.390+0800][91.759s][gc          ] Allocation Stall (main) 0.085ms
[2024-07-25T19:05:23.390+0800][91.759s][gc,phases   ] GC(4915) Concurrent Relocate 2.492ms
[2024-07-25T19:05:23.390+0800][91.760s][gc,load     ] GC(4915) Load: 0.00/0.00/0.00
[2024-07-25T19:05:23.390+0800][91.760s][gc,mmu      ] GC(4915) MMU: 2ms/88.2%, 5ms/95.3%, 10ms/97.6%, 20ms/98.8%, 50ms/99.4%, 100ms/99.6%
[2024-07-25T19:05:23.390+0800][91.760s][gc,marking  ] GC(4915) Mark: 1 stripe(s), 1 proactive flush(es), 1 terminate flush(es), 0 completion(s), 0 continuation(s) 
[2024-07-25T19:05:23.390+0800][91.760s][gc,marking  ] GC(4915) Mark Stack Usage: 32M
[2024-07-25T19:05:23.390+0800][91.760s][gc,nmethod  ] GC(4915) NMethods: 535 registered, 0 unregistered
[2024-07-25T19:05:23.390+0800][91.760s][gc,metaspace] GC(4915) Metaspace: 1M used, 1M committed, 1088M reserved
[2024-07-25T19:05:23.390+0800][91.760s][gc,ref      ] GC(4915) Soft: 46 encountered, 25 discovered, 0 enqueued
[2024-07-25T19:05:23.391+0800][91.760s][gc,ref      ] GC(4915) Weak: 131 encountered, 107 discovered, 0 enqueued
[2024-07-25T19:05:23.391+0800][91.760s][gc,ref      ] GC(4915) Final: 0 encountered, 0 discovered, 0 enqueued
[2024-07-25T19:05:23.391+0800][91.760s][gc,ref      ] GC(4915) Phantom: 184 encountered, 98 discovered, 0 enqueued
[2024-07-25T19:05:23.391+0800][91.760s][gc,reloc    ] GC(4915) Small Pages: 4 / 8M, Empty: 0M, Relocated: 1M, In-Place: 0
[2024-07-25T19:05:23.391+0800][91.760s][gc,reloc    ] GC(4915) Large Pages: 4 / 8M, Empty: 4M, Relocated: 0M, In-Place: 0
[2024-07-25T19:05:23.391+0800][91.760s][gc,reloc    ] GC(4915) Forwarding Usage: 0M
[2024-07-25T19:05:23.391+0800][91.760s][gc,heap     ] GC(4915) Min Capacity: 8M(50%)
[2024-07-25T19:05:23.391+0800][91.760s][gc,heap     ] GC(4915) Max Capacity: 16M(100%)
[2024-07-25T19:05:23.391+0800][91.760s][gc,heap     ] GC(4915) Soft Max Capacity: 16M(100%)
[2024-07-25T19:05:23.391+0800][91.760s][gc,heap     ] GC(4915)                Mark Start          Mark End        Relocate Start      Relocate End           High               Low         
[2024-07-25T19:05:23.391+0800][91.760s][gc,heap     ] GC(4915)  Capacity:       16M (100%)         16M (100%)         16M (100%)         16M (100%)         16M (100%)         16M (100%)   
[2024-07-25T19:05:23.391+0800][91.760s][gc,heap     ] GC(4915)      Free:        0M (0%)            0M (0%)            0M (0%)            0M (0%)            4M (25%)           0M (0%)     
[2024-07-25T19:05:23.391+0800][91.760s][gc,heap     ] GC(4915)      Used:       16M (100%)         16M (100%)         16M (100%)         16M (100%)         16M (100%)         12M (75%)    
[2024-07-25T19:05:23.391+0800][91.761s][gc,heap     ] GC(4915)      Live:         -                 8M (54%)           8M (54%)           8M (54%)            -                  -          
[2024-07-25T19:05:23.391+0800][91.761s][gc,heap     ] GC(4915) Allocated:         -                 0M (0%)            4M (25%)           5M (37%)            -                  -          
[2024-07-25T19:05:23.391+0800][91.761s][gc,heap     ] GC(4915)   Garbage:         -                 7M (46%)           3M (21%)           1M (8%)             -                  -          
[2024-07-25T19:05:23.391+0800][91.761s][gc,heap     ] GC(4915) Reclaimed:         -                  -                 4M (25%)           5M (37%)            -                  -          
[2024-07-25T19:05:23.391+0800][91.761s][gc          ] GC(4915) Garbage Collection (Allocation Stall) 16M(100%)->16M(100%)
[2024-07-25T19:05:23.393+0800][91.762s][gc,start    ] GC(4916) Garbage Collection (Allocation Stall)
[2024-07-25T19:05:23.393+0800][91.762s][gc,ref      ] GC(4916) Clearing All SoftReferences
[2024-07-25T19:05:23.393+0800][91.762s][gc,task     ] GC(4916) Using 1 workers
[2024-07-25T19:05:23.393+0800][91.762s][gc,phases   ] GC(4916) Pause Mark Start 0.009ms
[2024-07-25T19:05:23.402+0800][91.771s][gc,phases   ] GC(4916) Concurrent Mark 8.910ms
[2024-07-25T19:05:23.402+0800][91.772s][gc,phases   ] GC(4916) Pause Mark End 0.014ms
[2024-07-25T19:05:23.402+0800][91.772s][gc,phases   ] GC(4916) Concurrent Mark Free 0.001ms
[2024-07-25T19:05:23.405+0800][91.774s][gc,phases   ] GC(4916) Concurrent Process Non-Strong References 2.367ms
[2024-07-25T19:05:23.405+0800][91.774s][gc,phases   ] GC(4916) Concurrent Reset Relocation Set 0.002ms
[2024-07-25T19:05:23.408+0800][91.778s][gc          ] Allocation Stall (main) 15.772ms
[2024-07-25T19:05:23.408+0800][91.778s][gc,phases   ] GC(4916) Concurrent Select Relocation Set 3.571ms
[2024-07-25T19:05:23.409+0800][91.778s][gc,phases   ] GC(4916) Pause Relocate Start 0.027ms
[2024-07-25T19:05:23.411+0800][91.780s][gc,phases   ] GC(4916) Concurrent Relocate 1.841ms
[2024-07-25T19:05:23.411+0800][91.780s][gc,load     ] GC(4916) Load: 0.00/0.00/0.00
[2024-07-25T19:05:23.411+0800][91.780s][gc,mmu      ] GC(4916) MMU: 2ms/88.2%, 5ms/95.3%, 10ms/97.6%, 20ms/98.8%, 50ms/99.4%, 100ms/99.6%
[2024-07-25T19:05:23.411+0800][91.780s][gc,marking  ] GC(4916) Mark: 1 stripe(s), 1 proactive flush(es), 1 terminate flush(es), 0 completion(s), 0 continuation(s) 
[2024-07-25T19:05:23.411+0800][91.780s][gc,marking  ] GC(4916) Mark Stack Usage: 32M
[2024-07-25T19:05:23.411+0800][91.780s][gc,nmethod  ] GC(4916) NMethods: 535 registered, 0 unregistered
[2024-07-25T19:05:23.411+0800][91.780s][gc,metaspace] GC(4916) Metaspace: 1M used, 1M committed, 1088M reserved
[2024-07-25T19:05:23.411+0800][91.780s][gc,ref      ] GC(4916) Soft: 46 encountered, 25 discovered, 0 enqueued
[2024-07-25T19:05:23.411+0800][91.781s][gc,ref      ] GC(4916) Weak: 131 encountered, 107 discovered, 0 enqueued
[2024-07-25T19:05:23.411+0800][91.781s][gc,ref      ] GC(4916) Final: 0 encountered, 0 discovered, 0 enqueued
[2024-07-25T19:05:23.411+0800][91.781s][gc,ref      ] GC(4916) Phantom: 184 encountered, 98 discovered, 0 enqueued
[2024-07-25T19:05:23.411+0800][91.781s][gc,reloc    ] GC(4916) Small Pages: 4 / 8M, Empty: 0M, Relocated: 1M, In-Place: 1
[2024-07-25T19:05:23.411+0800][91.781s][gc,reloc    ] GC(4916) Large Pages: 4 / 8M, Empty: 4M, Relocated: 0M, In-Place: 0
[2024-07-25T19:05:23.411+0800][91.781s][gc,reloc    ] GC(4916) Forwarding Usage: 0M
[2024-07-25T19:05:23.411+0800][91.781s][gc,heap     ] GC(4916) Min Capacity: 8M(50%)
[2024-07-25T19:05:23.411+0800][91.781s][gc,heap     ] GC(4916) Max Capacity: 16M(100%)
[2024-07-25T19:05:23.411+0800][91.781s][gc,heap     ] GC(4916) Soft Max Capacity: 16M(100%)
[2024-07-25T19:05:23.411+0800][91.781s][gc,heap     ] GC(4916)                Mark Start          Mark End        Relocate Start      Relocate End           High               Low         
[2024-07-25T19:05:23.411+0800][91.781s][gc,heap     ] GC(4916)  Capacity:       16M (100%)         16M (100%)         16M (100%)         16M (100%)         16M (100%)         16M (100%)   
[2024-07-25T19:05:23.411+0800][91.781s][gc,heap     ] GC(4916)      Free:        0M (0%)            0M (0%)            2M (12%)           2M (12%)           4M (25%)           0M (0%)     
[2024-07-25T19:05:23.411+0800][91.781s][gc,heap     ] GC(4916)      Used:       16M (100%)         16M (100%)         14M (88%)          14M (88%)          16M (100%)         12M (75%)    
[2024-07-25T19:05:23.412+0800][91.781s][gc,heap     ] GC(4916)      Live:         -                 8M (54%)           8M (54%)           8M (54%)            -                  -          
[2024-07-25T19:05:23.412+0800][91.781s][gc,heap     ] GC(4916) Allocated:         -                 0M (0%)            2M (12%)           3M (25%)            -                  -          
[2024-07-25T19:05:23.412+0800][91.781s][gc,heap     ] GC(4916)   Garbage:         -                 7M (46%)           3M (21%)           1M (8%)             -                  -          
[2024-07-25T19:05:23.412+0800][91.781s][gc,heap     ] GC(4916) Reclaimed:         -                  -                 4M (25%)           5M (37%)            -                  -          
[2024-07-25T19:05:23.412+0800][91.781s][gc          ] GC(4916) Garbage Collection (Allocation Stall) 16M(100%)->14M(88%)
[2024-07-25T19:05:23.414+0800][91.783s][gc,start    ] GC(4917) Garbage Collection (Allocation Stall)
[2024-07-25T19:05:23.414+0800][91.783s][gc,ref      ] GC(4917) Clearing All SoftReferences
[2024-07-25T19:05:23.414+0800][91.783s][gc,task     ] GC(4917) Using 1 workers
[2024-07-25T19:05:23.414+0800][91.783s][gc,phases   ] GC(4917) Pause Mark Start 0.008ms
[2024-07-25T19:05:23.424+0800][91.794s][gc,phases   ] GC(4917) Concurrent Mark 10.266ms
[2024-07-25T19:05:23.424+0800][91.794s][gc,phases   ] GC(4917) Pause Mark End 0.009ms
[2024-07-25T19:05:23.424+0800][91.794s][gc,phases   ] GC(4917) Concurrent Mark Free 0.001ms
[2024-07-25T19:05:23.426+0800][91.796s][gc,phases   ] GC(4917) Concurrent Process Non-Strong References 1.889ms
[2024-07-25T19:05:23.427+0800][91.796s][gc,phases   ] GC(4917) Concurrent Reset Relocation Set 0.004ms
[2024-07-25T19:05:23.430+0800][91.799s][gc          ] Allocation Stall (main) 15.966ms
[2024-07-25T19:05:23.430+0800][91.799s][gc,phases   ] GC(4917) Concurrent Select Relocation Set 3.103ms
[2024-07-25T19:05:23.430+0800][91.799s][gc,phases   ] GC(4917) Pause Relocate Start 0.008ms
[2024-07-25T19:05:23.432+0800][91.801s][gc,phases   ] GC(4917) Concurrent Relocate 1.624ms
[2024-07-25T19:05:23.432+0800][91.801s][gc,load     ] GC(4917) Load: 0.00/0.00/0.00
[2024-07-25T19:05:23.432+0800][91.801s][gc,mmu      ] GC(4917) MMU: 2ms/88.2%, 5ms/95.3%, 10ms/97.6%, 20ms/98.8%, 50ms/99.4%, 100ms/99.6%
[2024-07-25T19:05:23.432+0800][91.801s][gc,marking  ] GC(4917) Mark: 1 stripe(s), 1 proactive flush(es), 1 terminate flush(es), 0 completion(s), 0 continuation(s) 
[2024-07-25T19:05:23.432+0800][91.801s][gc,marking  ] GC(4917) Mark Stack Usage: 32M
[2024-07-25T19:05:23.432+0800][91.801s][gc,nmethod  ] GC(4917) NMethods: 535 registered, 0 unregistered
[2024-07-25T19:05:23.432+0800][91.801s][gc,metaspace] GC(4917) Metaspace: 1M used, 1M committed, 1088M reserved
[2024-07-25T19:05:23.432+0800][91.801s][gc,ref      ] GC(4917) Soft: 46 encountered, 25 discovered, 0 enqueued
[2024-07-25T19:05:23.432+0800][91.801s][gc,ref      ] GC(4917) Weak: 131 encountered, 107 discovered, 0 enqueued
[2024-07-25T19:05:23.432+0800][91.801s][gc,ref      ] GC(4917) Final: 0 encountered, 0 discovered, 0 enqueued
[2024-07-25T19:05:23.432+0800][91.801s][gc,ref      ] GC(4917) Phantom: 184 encountered, 98 discovered, 0 enqueued
[2024-07-25T19:05:23.432+0800][91.801s][gc,reloc    ] GC(4917) Small Pages: 4 / 8M, Empty: 0M, Relocated: 1M, In-Place: 0
[2024-07-25T19:05:23.432+0800][91.801s][gc,reloc    ] GC(4917) Large Pages: 4 / 8M, Empty: 4M, Relocated: 0M, In-Place: 0
[2024-07-25T19:05:23.432+0800][91.801s][gc,reloc    ] GC(4917) Forwarding Usage: 0M
[2024-07-25T19:05:23.432+0800][91.801s][gc,heap     ] GC(4917) Min Capacity: 8M(50%)
[2024-07-25T19:05:23.433+0800][91.801s][gc,heap     ] GC(4917) Max Capacity: 16M(100%)
[2024-07-25T19:05:23.433+0800][91.802s][gc,heap     ] GC(4917) Soft Max Capacity: 16M(100%)
[2024-07-25T19:05:23.433+0800][91.802s][gc,heap     ] GC(4917)                Mark Start          Mark End        Relocate Start      Relocate End           High               Low         
[2024-07-25T19:05:23.433+0800][91.802s][gc,heap     ] GC(4917)  Capacity:       16M (100%)         16M (100%)         16M (100%)         16M (100%)         16M (100%)         16M (100%)   
[2024-07-25T19:05:23.433+0800][91.802s][gc,heap     ] GC(4917)      Free:        0M (0%)            0M (0%)            0M (0%)            2M (12%)           4M (25%)           0M (0%)     
[2024-07-25T19:05:23.433+0800][91.802s][gc,heap     ] GC(4917)      Used:       16M (100%)         16M (100%)         16M (100%)         14M (88%)          16M (100%)         12M (75%)    
[2024-07-25T19:05:23.433+0800][91.802s][gc,heap     ] GC(4917)      Live:         -                 8M (54%)           8M (54%)           8M (54%)            -                  -          
[2024-07-25T19:05:23.433+0800][91.802s][gc,heap     ] GC(4917) Allocated:         -                 0M (0%)            4M (25%)           3M (25%)            -                  -          
[2024-07-25T19:05:23.433+0800][91.802s][gc,heap     ] GC(4917)   Garbage:         -                 7M (46%)           3M (21%)           1M (8%)             -                  -          
[2024-07-25T19:05:23.433+0800][91.802s][gc,heap     ] GC(4917) Reclaimed:         -                  -                 4M (25%)           5M (37%)            -                  -          
[2024-07-25T19:05:23.433+0800][91.802s][gc          ] GC(4917) Garbage Collection (Allocation Stall) 16M(100%)->14M(88%)
[2024-07-25T19:05:23.436+0800][91.805s][gc,start    ] GC(4918) Garbage Collection (Allocation Stall)
[2024-07-25T19:05:23.436+0800][91.805s][gc,ref      ] GC(4918) Clearing All SoftReferences
[2024-07-25T19:05:23.436+0800][91.805s][gc,task     ] GC(4918) Using 1 workers
[2024-07-25T19:05:23.436+0800][91.805s][gc,phases   ] GC(4918) Pause Mark Start 0.009ms
[2024-07-25T19:05:23.444+0800][91.814s][gc,phases   ] GC(4918) Concurrent Mark 8.096ms
[2024-07-25T19:05:23.444+0800][91.814s][gc,phases   ] GC(4918) Pause Mark End 0.010ms
[2024-07-25T19:05:23.444+0800][91.814s][gc,phases   ] GC(4918) Concurrent Mark Free 0.001ms
[2024-07-25T19:05:23.446+0800][91.816s][gc,phases   ] GC(4918) Concurrent Process Non-Strong References 1.665ms
[2024-07-25T19:05:23.446+0800][91.816s][gc,phases   ] GC(4918) Concurrent Reset Relocation Set 0.001ms
[2024-07-25T19:05:23.448+0800][91.818s][gc          ] Allocation Stall (main) 12.576ms
[2024-07-25T19:05:23.448+0800][91.818s][gc,phases   ] GC(4918) Concurrent Select Relocation Set 2.154ms
[2024-07-25T19:05:23.448+0800][91.818s][gc,phases   ] GC(4918) Pause Relocate Start 0.005ms
[2024-07-25T19:05:23.450+0800][91.819s][gc          ] Allocation Stall (main) 0.301ms
[2024-07-25T19:05:23.450+0800][91.820s][gc,phases   ] GC(4918) Concurrent Relocate 1.525ms
[2024-07-25T19:05:23.450+0800][91.820s][gc,load     ] GC(4918) Load: 0.00/0.00/0.00
[2024-07-25T19:05:23.450+0800][91.820s][gc,mmu      ] GC(4918) MMU: 2ms/88.2%, 5ms/95.3%, 10ms/97.6%, 20ms/98.8%, 50ms/99.4%, 100ms/99.6%
[2024-07-25T19:05:23.450+0800][91.820s][gc,marking  ] GC(4918) Mark: 1 stripe(s), 1 proactive flush(es), 1 terminate flush(es), 0 completion(s), 0 continuation(s) 
[2024-07-25T19:05:23.450+0800][91.820s][gc,marking  ] GC(4918) Mark Stack Usage: 32M
[2024-07-25T19:05:23.450+0800][91.820s][gc,nmethod  ] GC(4918) NMethods: 535 registered, 0 unregistered
[2024-07-25T19:05:23.450+0800][91.820s][gc,metaspace] GC(4918) Metaspace: 1M used, 1M committed, 1088M reserved
[2024-07-25T19:05:23.450+0800][91.820s][gc,ref      ] GC(4918) Soft: 46 encountered, 25 discovered, 0 enqueued
[2024-07-25T19:05:23.450+0800][91.820s][gc,ref      ] GC(4918) Weak: 131 encountered, 107 discovered, 0 enqueued
[2024-07-25T19:05:23.450+0800][91.820s][gc,ref      ] GC(4918) Final: 0 encountered, 0 discovered, 0 enqueued
[2024-07-25T19:05:23.450+0800][91.820s][gc,ref      ] GC(4918) Phantom: 184 encountered, 98 discovered, 0 enqueued
[2024-07-25T19:05:23.450+0800][91.820s][gc,reloc    ] GC(4918) Small Pages: 4 / 8M, Empty: 0M, Relocated: 1M, In-Place: 1
[2024-07-25T19:05:23.451+0800][91.820s][gc,reloc    ] GC(4918) Large Pages: 4 / 8M, Empty: 4M, Relocated: 0M, In-Place: 0
[2024-07-25T19:05:23.451+0800][91.820s][gc,reloc    ] GC(4918) Forwarding Usage: 0M
[2024-07-25T19:05:23.451+0800][91.820s][gc,heap     ] GC(4918) Min Capacity: 8M(50%)
[2024-07-25T19:05:23.451+0800][91.820s][gc,heap     ] GC(4918) Max Capacity: 16M(100%)
[2024-07-25T19:05:23.451+0800][91.820s][gc,heap     ] GC(4918) Soft Max Capacity: 16M(100%)
[2024-07-25T19:05:23.451+0800][91.820s][gc,heap     ] GC(4918)                Mark Start          Mark End        Relocate Start      Relocate End           High               Low         
[2024-07-25T19:05:23.451+0800][91.820s][gc,heap     ] GC(4918)  Capacity:       16M (100%)         16M (100%)         16M (100%)         16M (100%)         16M (100%)         16M (100%)   
[2024-07-25T19:05:23.451+0800][91.820s][gc,heap     ] GC(4918)      Free:        0M (0%)            0M (0%)            0M (0%)            0M (0%)            4M (25%)           0M (0%)     
[2024-07-25T19:05:23.451+0800][91.820s][gc,heap     ] GC(4918)      Used:       16M (100%)         16M (100%)         16M (100%)         16M (100%)         16M (100%)         12M (75%)    
[2024-07-25T19:05:23.451+0800][91.820s][gc,heap     ] GC(4918)      Live:         -                 8M (54%)           8M (54%)           8M (54%)            -                  -          
[2024-07-25T19:05:23.451+0800][91.820s][gc,heap     ] GC(4918) Allocated:         -                 0M (0%)            4M (25%)           6M (38%)            -                  -          
[2024-07-25T19:05:23.451+0800][91.820s][gc,heap     ] GC(4918)   Garbage:         -                 7M (46%)           3M (21%)           1M (8%)             -                  -          
[2024-07-25T19:05:23.451+0800][91.821s][gc,heap     ] GC(4918) Reclaimed:         -                  -                 4M (25%)           6M (38%)            -                  -          
[2024-07-25T19:05:23.451+0800][91.821s][gc          ] GC(4918) Garbage Collection (Allocation Stall) 16M(100%)->16M(100%)
[2024-07-25T19:05:23.453+0800][91.822s][gc,start    ] GC(4919) Garbage Collection (Allocation Stall)
[2024-07-25T19:05:23.453+0800][91.822s][gc,ref      ] GC(4919) Clearing All SoftReferences
[2024-07-25T19:05:23.453+0800][91.822s][gc,task     ] GC(4919) Using 1 workers
[2024-07-25T19:05:23.453+0800][91.823s][gc,phases   ] GC(4919) Pause Mark Start 0.007ms
[2024-07-25T19:05:23.460+0800][91.830s][gc,phases   ] GC(4919) Concurrent Mark 7.025ms
[2024-07-25T19:05:23.460+0800][91.830s][gc,phases   ] GC(4919) Pause Mark End 0.009ms
[2024-07-25T19:05:23.460+0800][91.830s][gc,phases   ] GC(4919) Concurrent Mark Free 0.001ms
[2024-07-25T19:05:23.462+0800][91.832s][gc,phases   ] GC(4919) Concurrent Process Non-Strong References 1.638ms
[2024-07-25T19:05:23.462+0800][91.832s][gc,phases   ] GC(4919) Concurrent Reset Relocation Set 0.001ms
[2024-07-25T19:05:23.465+0800][91.834s][gc          ] Allocation Stall (main) 11.767ms
[2024-07-25T19:05:23.465+0800][91.834s][gc,phases   ] GC(4919) Concurrent Select Relocation Set 2.434ms
[2024-07-25T19:05:23.465+0800][91.834s][gc,phases   ] GC(4919) Pause Relocate Start 0.009ms
[2024-07-25T19:05:23.465+0800][91.834s][gc,phases   ] GC(4919) Concurrent Relocate 0.033ms
[2024-07-25T19:05:23.465+0800][91.835s][gc,load     ] GC(4919) Load: 0.00/0.00/0.00
[2024-07-25T19:05:23.465+0800][91.835s][gc,mmu      ] GC(4919) MMU: 2ms/88.2%, 5ms/95.3%, 10ms/97.6%, 20ms/98.8%, 50ms/99.4%, 100ms/99.6%
[2024-07-25T19:05:23.465+0800][91.835s][gc,marking  ] GC(4919) Mark: 1 stripe(s), 1 proactive flush(es), 1 terminate flush(es), 0 completion(s), 0 continuation(s) 
[2024-07-25T19:05:23.465+0800][91.835s][gc,marking  ] GC(4919) Mark Stack Usage: 32M
[2024-07-25T19:05:23.465+0800][91.835s][gc,nmethod  ] GC(4919) NMethods: 535 registered, 0 unregistered
[2024-07-25T19:05:23.465+0800][91.835s][gc,metaspace] GC(4919) Metaspace: 1M used, 1M committed, 1088M reserved
[2024-07-25T19:05:23.465+0800][91.835s][gc,ref      ] GC(4919) Soft: 46 encountered, 25 discovered, 0 enqueued
[2024-07-25T19:05:23.465+0800][91.835s][gc,ref      ] GC(4919) Weak: 131 encountered, 107 discovered, 0 enqueued
[2024-07-25T19:05:23.465+0800][91.835s][gc,ref      ] GC(4919) Final: 0 encountered, 0 discovered, 0 enqueued
[2024-07-25T19:05:23.465+0800][91.835s][gc,ref      ] GC(4919) Phantom: 184 encountered, 98 discovered, 0 enqueued
[2024-07-25T19:05:23.465+0800][91.835s][gc,reloc    ] GC(4919) Small Pages: 4 / 8M, Empty: 2M, Relocated: 0M, In-Place: 0
[2024-07-25T19:05:23.465+0800][91.835s][gc,reloc    ] GC(4919) Large Pages: 4 / 8M, Empty: 4M, Relocated: 0M, In-Place: 0
[2024-07-25T19:05:23.465+0800][91.835s][gc,reloc    ] GC(4919) Forwarding Usage: 0M
[2024-07-25T19:05:23.465+0800][91.835s][gc,heap     ] GC(4919) Min Capacity: 8M(50%)
[2024-07-25T19:05:23.465+0800][91.835s][gc,heap     ] GC(4919) Max Capacity: 16M(100%)
[2024-07-25T19:05:23.465+0800][91.835s][gc,heap     ] GC(4919) Soft Max Capacity: 16M(100%)
[2024-07-25T19:05:23.465+0800][91.835s][gc,heap     ] GC(4919)                Mark Start          Mark End        Relocate Start      Relocate End           High               Low         
[2024-07-25T19:05:23.465+0800][91.835s][gc,heap     ] GC(4919)  Capacity:       16M (100%)         16M (100%)         16M (100%)         16M (100%)         16M (100%)         16M (100%)   
[2024-07-25T19:05:23.465+0800][91.835s][gc,heap     ] GC(4919)      Free:        0M (0%)            0M (0%)            2M (12%)           2M (12%)           6M (38%)           0M (0%)     
[2024-07-25T19:05:23.465+0800][91.835s][gc,heap     ] GC(4919)      Used:       16M (100%)         16M (100%)         14M (88%)          14M (88%)          16M (100%)         10M (62%)    
[2024-07-25T19:05:23.465+0800][91.835s][gc,heap     ] GC(4919)      Live:         -                 8M (54%)           8M (54%)           8M (54%)            -                  -          
[2024-07-25T19:05:23.465+0800][91.835s][gc,heap     ] GC(4919) Allocated:         -                 0M (0%)            4M (25%)           4M (25%)            -                  -          
[2024-07-25T19:05:23.465+0800][91.835s][gc,heap     ] GC(4919)   Garbage:         -                 7M (46%)           1M (8%)            1M (8%)             -                  -          
[2024-07-25T19:05:23.466+0800][91.835s][gc,heap     ] GC(4919) Reclaimed:         -                  -                 6M (38%)           6M (38%)            -                  -          
[2024-07-25T19:05:23.466+0800][91.835s][gc          ] GC(4919) Garbage Collection (Allocation Stall) 16M(100%)->14M(88%)
[2024-07-25T19:05:23.469+0800][91.838s][gc,start    ] GC(4920) Garbage Collection (Allocation Stall)
[2024-07-25T19:05:23.469+0800][91.838s][gc,ref      ] GC(4920) Clearing All SoftReferences
[2024-07-25T19:05:23.469+0800][91.838s][gc,task     ] GC(4920) Using 1 workers
[2024-07-25T19:05:23.469+0800][91.839s][gc,phases   ] GC(4920) Pause Mark Start 0.007ms
[2024-07-25T19:05:23.475+0800][91.844s][gc,phases   ] GC(4920) Concurrent Mark 5.544ms
[2024-07-25T19:05:23.475+0800][91.844s][gc,phases   ] GC(4920) Pause Mark End 0.008ms
[2024-07-25T19:05:23.475+0800][91.844s][gc,phases   ] GC(4920) Concurrent Mark Free 0.001ms
[2024-07-25T19:05:23.477+0800][91.846s][gc,phases   ] GC(4920) Concurrent Process Non-Strong References 1.526ms
[2024-07-25T19:05:23.477+0800][91.846s][gc,phases   ] GC(4920) Concurrent Reset Relocation Set 0.001ms
[2024-07-25T19:05:23.478+0800][91.848s][gc          ] Allocation Stall (main) 9.911ms
[2024-07-25T19:05:23.478+0800][91.848s][gc,phases   ] GC(4920) Concurrent Select Relocation Set 2.142ms
[2024-07-25T19:05:23.479+0800][91.848s][gc,phases   ] GC(4920) Pause Relocate Start 0.006ms
[2024-07-25T19:05:23.479+0800][91.849s][gc,phases   ] GC(4920) Concurrent Relocate 0.128ms
[2024-07-25T19:05:23.479+0800][91.849s][gc,load     ] GC(4920) Load: 0.00/0.00/0.00
[2024-07-25T19:05:23.479+0800][91.849s][gc,mmu      ] GC(4920) MMU: 2ms/88.2%, 5ms/95.3%, 10ms/97.6%, 20ms/98.8%, 50ms/99.4%, 100ms/99.6%
[2024-07-25T19:05:23.479+0800][91.849s][gc,marking  ] GC(4920) Mark: 1 stripe(s), 1 proactive flush(es), 1 terminate flush(es), 0 completion(s), 0 continuation(s) 
[2024-07-25T19:05:23.479+0800][91.849s][gc,marking  ] GC(4920) Mark Stack Usage: 32M
[2024-07-25T19:05:23.479+0800][91.849s][gc,nmethod  ] GC(4920) NMethods: 535 registered, 0 unregistered
[2024-07-25T19:05:23.479+0800][91.849s][gc,metaspace] GC(4920) Metaspace: 1M used, 1M committed, 1088M reserved
[2024-07-25T19:05:23.479+0800][91.849s][gc,ref      ] GC(4920) Soft: 46 encountered, 25 discovered, 0 enqueued
[2024-07-25T19:05:23.479+0800][91.849s][gc,ref      ] GC(4920) Weak: 131 encountered, 107 discovered, 0 enqueued
[2024-07-25T19:05:23.479+0800][91.849s][gc,ref      ] GC(4920) Final: 0 encountered, 0 discovered, 0 enqueued
[2024-07-25T19:05:23.479+0800][91.849s][gc,ref      ] GC(4920) Phantom: 184 encountered, 98 discovered, 0 enqueued
[2024-07-25T19:05:23.479+0800][91.849s][gc,reloc    ] GC(4920) Small Pages: 4 / 8M, Empty: 2M, Relocated: 0M, In-Place: 0
[2024-07-25T19:05:23.479+0800][91.849s][gc,reloc    ] GC(4920) Large Pages: 4 / 8M, Empty: 4M, Relocated: 0M, In-Place: 0
[2024-07-25T19:05:23.479+0800][91.849s][gc,reloc    ] GC(4920) Forwarding Usage: 0M
[2024-07-25T19:05:23.479+0800][91.849s][gc,heap     ] GC(4920) Min Capacity: 8M(50%)
[2024-07-25T19:05:23.479+0800][91.849s][gc,heap     ] GC(4920) Max Capacity: 16M(100%)
[2024-07-25T19:05:23.479+0800][91.849s][gc,heap     ] GC(4920) Soft Max Capacity: 16M(100%)
[2024-07-25T19:05:23.479+0800][91.849s][gc,heap     ] GC(4920)                Mark Start          Mark End        Relocate Start      Relocate End           High               Low         
[2024-07-25T19:05:23.479+0800][91.849s][gc,heap     ] GC(4920)  Capacity:       16M (100%)         16M (100%)         16M (100%)         16M (100%)         16M (100%)         16M (100%)   
[2024-07-25T19:05:23.479+0800][91.849s][gc,heap     ] GC(4920)      Free:        0M (0%)            0M (0%)            2M (12%)           2M (12%)           6M (38%)           0M (0%)     
[2024-07-25T19:05:23.479+0800][91.849s][gc,heap     ] GC(4920)      Used:       16M (100%)         16M (100%)         14M (88%)          14M (88%)          16M (100%)         10M (62%)    
[2024-07-25T19:05:23.479+0800][91.849s][gc,heap     ] GC(4920)      Live:         -                 8M (54%)           8M (54%)           8M (54%)            -                  -          
[2024-07-25T19:05:23.479+0800][91.849s][gc,heap     ] GC(4920) Allocated:         -                 0M (0%)            4M (25%)           4M (25%)            -                  -          
[2024-07-25T19:05:23.479+0800][91.849s][gc,heap     ] GC(4920)   Garbage:         -                 7M (46%)           1M (8%)            1M (8%)             -                  -          
[2024-07-25T19:05:23.480+0800][91.849s][gc,heap     ] GC(4920) Reclaimed:         -                  -                 6M (38%)           6M (38%)            -                  -          
[2024-07-25T19:05:23.480+0800][91.849s][gc          ] GC(4920) Garbage Collection (Allocation Stall) 16M(100%)->14M(88%)
[2024-07-25T19:05:23.484+0800][91.853s][gc,start    ] GC(4921) Garbage Collection (Allocation Stall)
[2024-07-25T19:05:23.484+0800][91.853s][gc,ref      ] GC(4921) Clearing All SoftReferences
[2024-07-25T19:05:23.484+0800][91.853s][gc,task     ] GC(4921) Using 1 workers
[2024-07-25T19:05:23.484+0800][91.853s][gc,phases   ] GC(4921) Pause Mark Start 0.008ms
[2024-07-25T19:05:23.489+0800][91.858s][gc,phases   ] GC(4921) Concurrent Mark 5.119ms
[2024-07-25T19:05:23.489+0800][91.858s][gc,phases   ] GC(4921) Pause Mark End 0.008ms
[2024-07-25T19:05:23.489+0800][91.858s][gc,phases   ] GC(4921) Concurrent Mark Free 0.001ms
[2024-07-25T19:05:23.491+0800][91.860s][gc,phases   ] GC(4921) Concurrent Process Non-Strong References 1.718ms
[2024-07-25T19:05:23.491+0800][91.860s][gc,phases   ] GC(4921) Concurrent Reset Relocation Set 0.000ms
[2024-07-25T19:05:23.492+0800][91.862s][gc          ] Allocation Stall (main) 9.653ms
[2024-07-25T19:05:23.492+0800][91.862s][gc,phases   ] GC(4921) Concurrent Select Relocation Set 2.051ms
[2024-07-25T19:05:23.493+0800][91.862s][gc,phases   ] GC(4921) Pause Relocate Start 0.005ms
[2024-07-25T19:05:23.493+0800][91.863s][gc,phases   ] GC(4921) Concurrent Relocate 0.127ms
[2024-07-25T19:05:23.493+0800][91.863s][gc,load     ] GC(4921) Load: 0.00/0.00/0.00
[2024-07-25T19:05:23.493+0800][91.863s][gc,mmu      ] GC(4921) MMU: 2ms/88.2%, 5ms/95.3%, 10ms/97.6%, 20ms/98.8%, 50ms/99.4%, 100ms/99.6%
[2024-07-25T19:05:23.493+0800][91.863s][gc,marking  ] GC(4921) Mark: 1 stripe(s), 1 proactive flush(es), 1 terminate flush(es), 0 completion(s), 0 continuation(s) 
[2024-07-25T19:05:23.493+0800][91.863s][gc,marking  ] GC(4921) Mark Stack Usage: 32M
[2024-07-25T19:05:23.493+0800][91.863s][gc,nmethod  ] GC(4921) NMethods: 535 registered, 0 unregistered
[2024-07-25T19:05:23.493+0800][91.863s][gc,metaspace] GC(4921) Metaspace: 1M used, 1M committed, 1088M reserved
[2024-07-25T19:05:23.493+0800][91.863s][gc,ref      ] GC(4921) Soft: 46 encountered, 25 discovered, 0 enqueued
[2024-07-25T19:05:23.493+0800][91.863s][gc,ref      ] GC(4921) Weak: 131 encountered, 107 discovered, 0 enqueued
[2024-07-25T19:05:23.493+0800][91.863s][gc,ref      ] GC(4921) Final: 0 encountered, 0 discovered, 0 enqueued
[2024-07-25T19:05:23.493+0800][91.863s][gc,ref      ] GC(4921) Phantom: 184 encountered, 98 discovered, 0 enqueued
[2024-07-25T19:05:23.493+0800][91.863s][gc,reloc    ] GC(4921) Small Pages: 4 / 8M, Empty: 2M, Relocated: 0M, In-Place: 0
[2024-07-25T19:05:23.493+0800][91.863s][gc,reloc    ] GC(4921) Large Pages: 4 / 8M, Empty: 4M, Relocated: 0M, In-Place: 0
[2024-07-25T19:05:23.493+0800][91.863s][gc,reloc    ] GC(4921) Forwarding Usage: 0M
[2024-07-25T19:05:23.493+0800][91.863s][gc,heap     ] GC(4921) Min Capacity: 8M(50%)
[2024-07-25T19:05:23.493+0800][91.863s][gc,heap     ] GC(4921) Max Capacity: 16M(100%)
[2024-07-25T19:05:23.493+0800][91.863s][gc,heap     ] GC(4921) Soft Max Capacity: 16M(100%)
[2024-07-25T19:05:23.493+0800][91.863s][gc,heap     ] GC(4921)                Mark Start          Mark End        Relocate Start      Relocate End           High               Low         
[2024-07-25T19:05:23.493+0800][91.863s][gc,heap     ] GC(4921)  Capacity:       16M (100%)         16M (100%)         16M (100%)         16M (100%)         16M (100%)         16M (100%)   
[2024-07-25T19:05:23.493+0800][91.863s][gc,heap     ] GC(4921)      Free:        0M (0%)            0M (0%)            2M (12%)           2M (12%)           6M (38%)           0M (0%)     
[2024-07-25T19:05:23.493+0800][91.863s][gc,heap     ] GC(4921)      Used:       16M (100%)         16M (100%)         14M (88%)          14M (88%)          16M (100%)         10M (62%)    
[2024-07-25T19:05:23.493+0800][91.863s][gc,heap     ] GC(4921)      Live:         -                 8M (54%)           8M (54%)           8M (54%)            -                  -          
[2024-07-25T19:05:23.493+0800][91.863s][gc,heap     ] GC(4921) Allocated:         -                 0M (0%)            4M (25%)           4M (25%)            -                  -          
[2024-07-25T19:05:23.493+0800][91.863s][gc,heap     ] GC(4921)   Garbage:         -                 7M (46%)           1M (8%)            1M (8%)             -                  -          
[2024-07-25T19:05:23.493+0800][91.863s][gc,heap     ] GC(4921) Reclaimed:         -                  -                 6M (38%)           6M (38%)            -                  -          
[2024-07-25T19:05:23.493+0800][91.863s][gc          ] GC(4921) Garbage Collection (Allocation Stall) 16M(100%)->14M(88%)
[2024-07-25T19:05:23.498+0800][91.867s][gc,start    ] GC(4922) Garbage Collection (Allocation Stall)
[2024-07-25T19:05:23.498+0800][91.867s][gc,ref      ] GC(4922) Clearing All SoftReferences
[2024-07-25T19:05:23.498+0800][91.867s][gc,task     ] GC(4922) Using 1 workers
[2024-07-25T19:05:23.498+0800][91.867s][gc,phases   ] GC(4922) Pause Mark Start 0.007ms
[2024-07-25T19:05:23.503+0800][91.872s][gc,phases   ] GC(4922) Concurrent Mark 4.928ms
[2024-07-25T19:05:23.503+0800][91.872s][gc,phases   ] GC(4922) Pause Mark End 0.008ms
[2024-07-25T19:05:23.503+0800][91.872s][gc,phases   ] GC(4922) Concurrent Mark Free 0.001ms
[2024-07-25T19:05:23.504+0800][91.874s][gc,phases   ] GC(4922) Concurrent Process Non-Strong References 1.453ms
[2024-07-25T19:05:23.504+0800][91.874s][gc,phases   ] GC(4922) Concurrent Reset Relocation Set 0.000ms
[2024-07-25T19:05:23.507+0800][91.876s][gc          ] Allocation Stall (main) 9.302ms
[2024-07-25T19:05:23.507+0800][91.876s][gc,phases   ] GC(4922) Concurrent Select Relocation Set 2.379ms
[2024-07-25T19:05:23.507+0800][91.876s][gc,phases   ] GC(4922) Pause Relocate Start 0.008ms
[2024-07-25T19:05:23.507+0800][91.876s][gc,phases   ] GC(4922) Concurrent Relocate 0.083ms
[2024-07-25T19:05:23.507+0800][91.876s][gc,load     ] GC(4922) Load: 0.00/0.00/0.00
[2024-07-25T19:05:23.507+0800][91.876s][gc,mmu      ] GC(4922) MMU: 2ms/88.2%, 5ms/95.3%, 10ms/97.6%, 20ms/98.8%, 50ms/99.4%, 100ms/99.6%
[2024-07-25T19:05:23.507+0800][91.876s][gc,marking  ] GC(4922) Mark: 1 stripe(s), 1 proactive flush(es), 1 terminate flush(es), 0 completion(s), 0 continuation(s) 
[2024-07-25T19:05:23.507+0800][91.877s][gc,marking  ] GC(4922) Mark Stack Usage: 32M
[2024-07-25T19:05:23.507+0800][91.877s][gc,nmethod  ] GC(4922) NMethods: 535 registered, 0 unregistered
[2024-07-25T19:05:23.507+0800][91.877s][gc,metaspace] GC(4922) Metaspace: 1M used, 1M committed, 1088M reserved
[2024-07-25T19:05:23.507+0800][91.877s][gc,ref      ] GC(4922) Soft: 46 encountered, 25 discovered, 0 enqueued
[2024-07-25T19:05:23.507+0800][91.877s][gc,ref      ] GC(4922) Weak: 131 encountered, 107 discovered, 0 enqueued
[2024-07-25T19:05:23.507+0800][91.877s][gc,ref      ] GC(4922) Final: 0 encountered, 0 discovered, 0 enqueued
[2024-07-25T19:05:23.507+0800][91.877s][gc,ref      ] GC(4922) Phantom: 184 encountered, 98 discovered, 0 enqueued
[2024-07-25T19:05:23.507+0800][91.877s][gc,reloc    ] GC(4922) Small Pages: 4 / 8M, Empty: 2M, Relocated: 0M, In-Place: 0
[2024-07-25T19:05:23.507+0800][91.877s][gc,reloc    ] GC(4922) Large Pages: 4 / 8M, Empty: 4M, Relocated: 0M, In-Place: 0
[2024-07-25T19:05:23.507+0800][91.877s][gc,reloc    ] GC(4922) Forwarding Usage: 0M
[2024-07-25T19:05:23.507+0800][91.877s][gc,heap     ] GC(4922) Min Capacity: 8M(50%)
[2024-07-25T19:05:23.507+0800][91.877s][gc,heap     ] GC(4922) Max Capacity: 16M(100%)
[2024-07-25T19:05:23.508+0800][91.877s][gc,heap     ] GC(4922) Soft Max Capacity: 16M(100%)
[2024-07-25T19:05:23.508+0800][91.877s][gc,heap     ] GC(4922)                Mark Start          Mark End        Relocate Start      Relocate End           High               Low         
[2024-07-25T19:05:23.508+0800][91.877s][gc,heap     ] GC(4922)  Capacity:       16M (100%)         16M (100%)         16M (100%)         16M (100%)         16M (100%)         16M (100%)   
[2024-07-25T19:05:23.508+0800][91.877s][gc,heap     ] GC(4922)      Free:        0M (0%)            0M (0%)            2M (12%)           2M (12%)           6M (38%)           0M (0%)     
[2024-07-25T19:05:23.508+0800][91.877s][gc,heap     ] GC(4922)      Used:       16M (100%)         16M (100%)         14M (88%)          14M (88%)          16M (100%)         10M (62%)    
[2024-07-25T19:05:23.508+0800][91.877s][gc,heap     ] GC(4922)      Live:         -                 8M (54%)           8M (54%)           8M (54%)            -                  -          
[2024-07-25T19:05:23.508+0800][91.877s][gc,heap     ] GC(4922) Allocated:         -                 0M (0%)            4M (25%)           4M (25%)            -                  -          
[2024-07-25T19:05:23.508+0800][91.877s][gc,heap     ] GC(4922)   Garbage:         -                 7M (46%)           1M (8%)            1M (8%)             -                  -          
[2024-07-25T19:05:23.508+0800][91.877s][gc,heap     ] GC(4922) Reclaimed:         -                  -                 6M (38%)           6M (38%)            -                  -          
[2024-07-25T19:05:23.508+0800][91.877s][gc          ] GC(4922) Garbage Collection (Allocation Stall) 16M(100%)->14M(88%)
[2024-07-25T19:05:23.510+0800][91.879s][gc,start    ] GC(4923) Garbage Collection (Allocation Rate)
[2024-07-25T19:05:23.510+0800][91.879s][gc,task     ] GC(4923) Using 1 workers
[2024-07-25T19:05:23.510+0800][91.879s][gc,phases   ] GC(4923) Pause Mark Start 0.007ms
[2024-07-25T19:05:23.515+0800][91.884s][gc,phases   ] GC(4923) Concurrent Mark 4.959ms
[2024-07-25T19:05:23.515+0800][91.885s][gc,phases   ] GC(4923) Pause Mark End 0.025ms
[2024-07-25T19:05:23.515+0800][91.885s][gc,phases   ] GC(4923) Concurrent Mark Free 0.001ms
[2024-07-25T19:05:23.517+0800][91.886s][gc,phases   ] GC(4923) Concurrent Process Non-Strong References 1.607ms
[2024-07-25T19:05:23.517+0800][91.886s][gc,phases   ] GC(4923) Concurrent Reset Relocation Set 0.001ms
[2024-07-25T19:05:23.519+0800][91.888s][gc          ] Allocation Stall (main) 8.515ms
[2024-07-25T19:05:23.519+0800][91.889s][gc,phases   ] GC(4923) Concurrent Select Relocation Set 2.155ms
[2024-07-25T19:05:23.519+0800][91.889s][gc,phases   ] GC(4923) Pause Relocate Start 0.006ms
[2024-07-25T19:05:23.521+0800][91.890s][gc          ] Allocation Stall (main) 0.126ms
[2024-07-25T19:05:23.521+0800][91.890s][gc,phases   ] GC(4923) Concurrent Relocate 1.440ms
[2024-07-25T19:05:23.521+0800][91.890s][gc,load     ] GC(4923) Load: 0.00/0.00/0.00
[2024-07-25T19:05:23.521+0800][91.890s][gc,mmu      ] GC(4923) MMU: 2ms/88.2%, 5ms/95.3%, 10ms/97.6%, 20ms/98.8%, 50ms/99.4%, 100ms/99.6%
[2024-07-25T19:05:23.521+0800][91.890s][gc,marking  ] GC(4923) Mark: 1 stripe(s), 1 proactive flush(es), 1 terminate flush(es), 0 completion(s), 0 continuation(s) 
[2024-07-25T19:05:23.521+0800][91.890s][gc,marking  ] GC(4923) Mark Stack Usage: 32M
[2024-07-25T19:05:23.521+0800][91.890s][gc,nmethod  ] GC(4923) NMethods: 535 registered, 0 unregistered
[2024-07-25T19:05:23.521+0800][91.891s][gc,metaspace] GC(4923) Metaspace: 1M used, 1M committed, 1088M reserved
[2024-07-25T19:05:23.521+0800][91.891s][gc,ref      ] GC(4923) Soft: 46 encountered, 25 discovered, 0 enqueued
[2024-07-25T19:05:23.521+0800][91.891s][gc,ref      ] GC(4923) Weak: 131 encountered, 107 discovered, 0 enqueued
[2024-07-25T19:05:23.521+0800][91.891s][gc,ref      ] GC(4923) Final: 0 encountered, 0 discovered, 0 enqueued
[2024-07-25T19:05:23.521+0800][91.891s][gc,ref      ] GC(4923) Phantom: 184 encountered, 98 discovered, 0 enqueued
[2024-07-25T19:05:23.521+0800][91.891s][gc,reloc    ] GC(4923) Small Pages: 4 / 8M, Empty: 0M, Relocated: 1M, In-Place: 1
[2024-07-25T19:05:23.521+0800][91.891s][gc,reloc    ] GC(4923) Large Pages: 4 / 8M, Empty: 4M, Relocated: 0M, In-Place: 0
[2024-07-25T19:05:23.521+0800][91.891s][gc,reloc    ] GC(4923) Forwarding Usage: 0M
[2024-07-25T19:05:23.521+0800][91.891s][gc,heap     ] GC(4923) Min Capacity: 8M(50%)
[2024-07-25T19:05:23.521+0800][91.891s][gc,heap     ] GC(4923) Max Capacity: 16M(100%)
[2024-07-25T19:05:23.521+0800][91.891s][gc,heap     ] GC(4923) Soft Max Capacity: 16M(100%)
[2024-07-25T19:05:23.521+0800][91.891s][gc,heap     ] GC(4923)                Mark Start          Mark End        Relocate Start      Relocate End           High               Low         
[2024-07-25T19:05:23.521+0800][91.891s][gc,heap     ] GC(4923)  Capacity:       16M (100%)         16M (100%)         16M (100%)         16M (100%)         16M (100%)         16M (100%)   
[2024-07-25T19:05:23.521+0800][91.891s][gc,heap     ] GC(4923)      Free:        0M (0%)            0M (0%)            0M (0%)            0M (0%)            4M (25%)           0M (0%)     
[2024-07-25T19:05:23.521+0800][91.891s][gc,heap     ] GC(4923)      Used:       16M (100%)         16M (100%)         16M (100%)         16M (100%)         16M (100%)         12M (75%)    
[2024-07-25T19:05:23.521+0800][91.891s][gc,heap     ] GC(4923)      Live:         -                 8M (54%)           8M (54%)           8M (54%)            -                  -          
[2024-07-25T19:05:23.521+0800][91.891s][gc,heap     ] GC(4923) Allocated:         -                 0M (0%)            4M (25%)           6M (38%)            -                  -          
[2024-07-25T19:05:23.522+0800][91.891s][gc,heap     ] GC(4923)   Garbage:         -                 7M (46%)           3M (21%)           1M (8%)             -                  -          
[2024-07-25T19:05:23.522+0800][91.891s][gc,heap     ] GC(4923) Reclaimed:         -                  -                 4M (25%)           6M (38%)            -                  -          
[2024-07-25T19:05:23.522+0800][91.891s][gc          ] GC(4923) Garbage Collection (Allocation Rate) 16M(100%)->16M(100%)
[2024-07-25T19:05:23.523+0800][91.892s][gc,start    ] GC(4924) Garbage Collection (Allocation Stall)
[2024-07-25T19:05:23.523+0800][91.892s][gc,ref      ] GC(4924) Clearing All SoftReferences
[2024-07-25T19:05:23.523+0800][91.892s][gc,task     ] GC(4924) Using 1 workers
[2024-07-25T19:05:23.523+0800][91.893s][gc,phases   ] GC(4924) Pause Mark Start 0.007ms
[2024-07-25T19:05:23.530+0800][91.899s][gc,phases   ] GC(4924) Concurrent Mark 6.775ms
[2024-07-25T19:05:23.530+0800][91.900s][gc,phases   ] GC(4924) Pause Mark End 0.010ms
[2024-07-25T19:05:23.530+0800][91.900s][gc,phases   ] GC(4924) Concurrent Mark Free 0.001ms
[2024-07-25T19:05:23.532+0800][91.902s][gc,phases   ] GC(4924) Concurrent Process Non-Strong References 1.872ms
[2024-07-25T19:05:23.532+0800][91.902s][gc,phases   ] GC(4924) Concurrent Reset Relocation Set 0.001ms
[2024-07-25T19:05:23.534+0800][91.904s][gc          ] Allocation Stall (main) 11.818ms
[2024-07-25T19:05:23.535+0800][91.904s][gc,phases   ] GC(4924) Concurrent Select Relocation Set 2.428ms
[2024-07-25T19:05:23.535+0800][91.904s][gc,phases   ] GC(4924) Pause Relocate Start 0.005ms
[2024-07-25T19:05:23.535+0800][91.905s][gc,phases   ] GC(4924) Concurrent Relocate 0.120ms
[2024-07-25T19:05:23.535+0800][91.905s][gc,load     ] GC(4924) Load: 0.00/0.00/0.00
[2024-07-25T19:05:23.535+0800][91.905s][gc,mmu      ] GC(4924) MMU: 2ms/88.2%, 5ms/95.3%, 10ms/97.6%, 20ms/98.8%, 50ms/99.4%, 100ms/99.6%
[2024-07-25T19:05:23.535+0800][91.905s][gc,marking  ] GC(4924) Mark: 1 stripe(s), 1 proactive flush(es), 1 terminate flush(es), 0 completion(s), 0 continuation(s) 
[2024-07-25T19:05:23.535+0800][91.905s][gc,marking  ] GC(4924) Mark Stack Usage: 32M
[2024-07-25T19:05:23.535+0800][91.905s][gc,nmethod  ] GC(4924) NMethods: 535 registered, 0 unregistered
[2024-07-25T19:05:23.535+0800][91.905s][gc,metaspace] GC(4924) Metaspace: 1M used, 1M committed, 1088M reserved
[2024-07-25T19:05:23.535+0800][91.905s][gc,ref      ] GC(4924) Soft: 46 encountered, 25 discovered, 0 enqueued
[2024-07-25T19:05:23.535+0800][91.905s][gc,ref      ] GC(4924) Weak: 131 encountered, 107 discovered, 0 enqueued
[2024-07-25T19:05:23.535+0800][91.905s][gc,ref      ] GC(4924) Final: 0 encountered, 0 discovered, 0 enqueued
[2024-07-25T19:05:23.535+0800][91.905s][gc,ref      ] GC(4924) Phantom: 184 encountered, 98 discovered, 0 enqueued
[2024-07-25T19:05:23.535+0800][91.905s][gc,reloc    ] GC(4924) Small Pages: 4 / 8M, Empty: 2M, Relocated: 0M, In-Place: 0
[2024-07-25T19:05:23.535+0800][91.905s][gc,reloc    ] GC(4924) Large Pages: 4 / 8M, Empty: 4M, Relocated: 0M, In-Place: 0
[2024-07-25T19:05:23.535+0800][91.905s][gc,reloc    ] GC(4924) Forwarding Usage: 0M
[2024-07-25T19:05:23.535+0800][91.905s][gc,heap     ] GC(4924) Min Capacity: 8M(50%)
[2024-07-25T19:05:23.535+0800][91.905s][gc,heap     ] GC(4924) Max Capacity: 16M(100%)
[2024-07-25T19:05:23.535+0800][91.905s][gc,heap     ] GC(4924) Soft Max Capacity: 16M(100%)
[2024-07-25T19:05:23.535+0800][91.905s][gc,heap     ] GC(4924)                Mark Start          Mark End        Relocate Start      Relocate End           High               Low         
[2024-07-25T19:05:23.535+0800][91.905s][gc,heap     ] GC(4924)  Capacity:       16M (100%)         16M (100%)         16M (100%)         16M (100%)         16M (100%)         16M (100%)   
[2024-07-25T19:05:23.535+0800][91.905s][gc,heap     ] GC(4924)      Free:        0M (0%)            0M (0%)            2M (12%)           2M (12%)           6M (38%)           0M (0%)     
[2024-07-25T19:05:23.536+0800][91.905s][gc,heap     ] GC(4924)      Used:       16M (100%)         16M (100%)         14M (88%)          14M (88%)          16M (100%)         10M (62%)    
[2024-07-25T19:05:23.536+0800][91.905s][gc,heap     ] GC(4924)      Live:         -                 8M (54%)           8M (54%)           8M (54%)            -                  -          
[2024-07-25T19:05:23.536+0800][91.905s][gc,heap     ] GC(4924) Allocated:         -                 0M (0%)            4M (25%)           4M (25%)            -                  -          
[2024-07-25T19:05:23.536+0800][91.905s][gc,heap     ] GC(4924)   Garbage:         -                 7M (46%)           1M (8%)            1M (8%)             -                  -          
[2024-07-25T19:05:23.536+0800][91.905s][gc,heap     ] GC(4924) Reclaimed:         -                  -                 6M (38%)           6M (38%)            -                  -          
[2024-07-25T19:05:23.536+0800][91.905s][gc          ] GC(4924) Garbage Collection (Allocation Stall) 16M(100%)->14M(88%)
[2024-07-25T19:05:23.539+0800][91.908s][gc,start    ] GC(4925) Garbage Collection (Allocation Stall)
[2024-07-25T19:05:23.539+0800][91.908s][gc,ref      ] GC(4925) Clearing All SoftReferences
[2024-07-25T19:05:23.539+0800][91.909s][gc,task     ] GC(4925) Using 1 workers
[2024-07-25T19:05:23.540+0800][91.909s][gc,phases   ] GC(4925) Pause Mark Start 0.011ms
[2024-07-25T19:05:23.548+0800][91.918s][gc,phases   ] GC(4925) Concurrent Mark 9.163ms
[2024-07-25T19:05:23.549+0800][91.918s][gc,phases   ] GC(4925) Pause Mark End 0.015ms
[2024-07-25T19:05:23.549+0800][91.918s][gc,phases   ] GC(4925) Concurrent Mark Free 0.002ms
[2024-07-25T19:05:23.551+0800][91.921s][gc,phases   ] GC(4925) Concurrent Process Non-Strong References 2.349ms
[2024-07-25T19:05:23.552+0800][91.921s][gc,phases   ] GC(4925) Concurrent Reset Relocation Set 0.001ms
[2024-07-25T19:05:23.555+0800][91.925s][gc          ] Allocation Stall (main) 16.252ms
[2024-07-25T19:05:23.555+0800][91.925s][gc,phases   ] GC(4925) Concurrent Select Relocation Set 3.604ms
[2024-07-25T19:05:23.556+0800][91.925s][gc,phases   ] GC(4925) Pause Relocate Start 0.014ms
[2024-07-25T19:05:23.556+0800][91.925s][gc,phases   ] GC(4925) Concurrent Relocate 0.115ms
[2024-07-25T19:05:23.556+0800][91.925s][gc,load     ] GC(4925) Load: 0.00/0.00/0.00
[2024-07-25T19:05:23.556+0800][91.925s][gc,mmu      ] GC(4925) MMU: 2ms/88.2%, 5ms/95.3%, 10ms/97.6%, 20ms/98.8%, 50ms/99.4%, 100ms/99.6%
[2024-07-25T19:05:23.556+0800][91.925s][gc,marking  ] GC(4925) Mark: 1 stripe(s), 1 proactive flush(es), 1 terminate flush(es), 0 completion(s), 0 continuation(s) 
[2024-07-25T19:05:23.556+0800][91.925s][gc,marking  ] GC(4925) Mark Stack Usage: 32M
[2024-07-25T19:05:23.556+0800][91.925s][gc,nmethod  ] GC(4925) NMethods: 535 registered, 0 unregistered
[2024-07-25T19:05:23.556+0800][91.926s][gc,metaspace] GC(4925) Metaspace: 1M used, 1M committed, 1088M reserved
[2024-07-25T19:05:23.556+0800][91.926s][gc,ref      ] GC(4925) Soft: 46 encountered, 25 discovered, 0 enqueued
[2024-07-25T19:05:23.556+0800][91.926s][gc,ref      ] GC(4925) Weak: 131 encountered, 107 discovered, 0 enqueued
[2024-07-25T19:05:23.556+0800][91.926s][gc,ref      ] GC(4925) Final: 0 encountered, 0 discovered, 0 enqueued
[2024-07-25T19:05:23.556+0800][91.926s][gc,ref      ] GC(4925) Phantom: 184 encountered, 98 discovered, 0 enqueued
[2024-07-25T19:05:23.556+0800][91.926s][gc,reloc    ] GC(4925) Small Pages: 4 / 8M, Empty: 2M, Relocated: 0M, In-Place: 0
[2024-07-25T19:05:23.556+0800][91.926s][gc,reloc    ] GC(4925) Large Pages: 4 / 8M, Empty: 4M, Relocated: 0M, In-Place: 0
[2024-07-25T19:05:23.556+0800][91.926s][gc,reloc    ] GC(4925) Forwarding Usage: 0M
[2024-07-25T19:05:23.557+0800][91.926s][gc,heap     ] GC(4925) Min Capacity: 8M(50%)
[2024-07-25T19:05:23.557+0800][91.926s][gc,heap     ] GC(4925) Max Capacity: 16M(100%)
[2024-07-25T19:05:23.557+0800][91.926s][gc,heap     ] GC(4925) Soft Max Capacity: 16M(100%)
[2024-07-25T19:05:23.557+0800][91.926s][gc,heap     ] GC(4925)                Mark Start          Mark End        Relocate Start      Relocate End           High               Low         
[2024-07-25T19:05:23.557+0800][91.926s][gc,heap     ] GC(4925)  Capacity:       16M (100%)         16M (100%)         16M (100%)         16M (100%)         16M (100%)         16M (100%)   
[2024-07-25T19:05:23.557+0800][91.926s][gc,heap     ] GC(4925)      Free:        0M (0%)            0M (0%)            2M (12%)           2M (12%)           6M (38%)           0M (0%)     
[2024-07-25T19:05:23.557+0800][91.926s][gc,heap     ] GC(4925)      Used:       16M (100%)         16M (100%)         14M (88%)          14M (88%)          16M (100%)         10M (62%)    
[2024-07-25T19:05:23.557+0800][91.926s][gc,heap     ] GC(4925)      Live:         -                 8M (54%)           8M (54%)           8M (54%)            -                  -          
[2024-07-25T19:05:23.557+0800][91.926s][gc,heap     ] GC(4925) Allocated:         -                 0M (0%)            4M (25%)           4M (25%)            -                  -          
[2024-07-25T19:05:23.557+0800][91.926s][gc,heap     ] GC(4925)   Garbage:         -                 7M (46%)           1M (8%)            1M (8%)             -                  -          
[2024-07-25T19:05:23.557+0800][91.926s][gc,heap     ] GC(4925) Reclaimed:         -                  -                 6M (38%)           6M (38%)            -                  -          
[2024-07-25T19:05:23.557+0800][91.926s][gc          ] GC(4925) Garbage Collection (Allocation Stall) 16M(100%)->14M(88%)
[2024-07-25T19:05:23.560+0800][91.929s][gc,start    ] GC(4926) Garbage Collection (Allocation Stall)
[2024-07-25T19:05:23.560+0800][91.929s][gc,ref      ] GC(4926) Clearing All SoftReferences
[2024-07-25T19:05:23.560+0800][91.929s][gc,task     ] GC(4926) Using 1 workers
[2024-07-25T19:05:23.560+0800][91.929s][gc,phases   ] GC(4926) Pause Mark Start 0.010ms
[2024-07-25T19:05:23.567+0800][91.937s][gc,phases   ] GC(4926) Concurrent Mark 7.370ms
[2024-07-25T19:05:23.568+0800][91.937s][gc,phases   ] GC(4926) Pause Mark End 0.012ms
[2024-07-25T19:05:23.568+0800][91.937s][gc,phases   ] GC(4926) Concurrent Mark Free 0.001ms
[2024-07-25T19:05:23.570+0800][91.939s][gc,phases   ] GC(4926) Concurrent Process Non-Strong References 1.937ms
[2024-07-25T19:05:23.570+0800][91.939s][gc,phases   ] GC(4926) Concurrent Reset Relocation Set 0.001ms
[2024-07-25T19:05:23.573+0800][91.943s][gc          ] Allocation Stall (main) 14.008ms
[2024-07-25T19:05:23.574+0800][91.943s][gc,phases   ] GC(4926) Concurrent Select Relocation Set 3.758ms
[2024-07-25T19:05:23.574+0800][91.943s][gc,phases   ] GC(4926) Pause Relocate Start 0.008ms
[2024-07-25T19:05:23.574+0800][91.943s][gc,phases   ] GC(4926) Concurrent Relocate 0.048ms
[2024-07-25T19:05:23.574+0800][91.943s][gc,load     ] GC(4926) Load: 0.00/0.00/0.00
[2024-07-25T19:05:23.574+0800][91.944s][gc,mmu      ] GC(4926) MMU: 2ms/88.2%, 5ms/95.3%, 10ms/97.6%, 20ms/98.8%, 50ms/99.4%, 100ms/99.6%
[2024-07-25T19:05:23.574+0800][91.944s][gc,marking  ] GC(4926) Mark: 1 stripe(s), 1 proactive flush(es), 1 terminate flush(es), 0 completion(s), 0 continuation(s) 
[2024-07-25T19:05:23.574+0800][91.944s][gc,marking  ] GC(4926) Mark Stack Usage: 32M
[2024-07-25T19:05:23.574+0800][91.944s][gc,nmethod  ] GC(4926) NMethods: 535 registered, 0 unregistered
[2024-07-25T19:05:23.574+0800][91.944s][gc,metaspace] GC(4926) Metaspace: 1M used, 1M committed, 1088M reserved
[2024-07-25T19:05:23.574+0800][91.944s][gc,ref      ] GC(4926) Soft: 46 encountered, 25 discovered, 0 enqueued
[2024-07-25T19:05:23.574+0800][91.944s][gc,ref      ] GC(4926) Weak: 131 encountered, 107 discovered, 0 enqueued
[2024-07-25T19:05:23.574+0800][91.944s][gc,ref      ] GC(4926) Final: 0 encountered, 0 discovered, 0 enqueued
[2024-07-25T19:05:23.574+0800][91.944s][gc,ref      ] GC(4926) Phantom: 184 encountered, 98 discovered, 0 enqueued
[2024-07-25T19:05:23.574+0800][91.944s][gc,reloc    ] GC(4926) Small Pages: 4 / 8M, Empty: 2M, Relocated: 0M, In-Place: 0
[2024-07-25T19:05:23.574+0800][91.944s][gc,reloc    ] GC(4926) Large Pages: 4 / 8M, Empty: 4M, Relocated: 0M, In-Place: 0
[2024-07-25T19:05:23.574+0800][91.944s][gc,reloc    ] GC(4926) Forwarding Usage: 0M
[2024-07-25T19:05:23.574+0800][91.944s][gc,heap     ] GC(4926) Min Capacity: 8M(50%)
[2024-07-25T19:05:23.574+0800][91.944s][gc,heap     ] GC(4926) Max Capacity: 16M(100%)
[2024-07-25T19:05:23.574+0800][91.944s][gc,heap     ] GC(4926) Soft Max Capacity: 16M(100%)
[2024-07-25T19:05:23.574+0800][91.944s][gc,heap     ] GC(4926)                Mark Start          Mark End        Relocate Start      Relocate End           High               Low         
[2024-07-25T19:05:23.574+0800][91.944s][gc,heap     ] GC(4926)  Capacity:       16M (100%)         16M (100%)         16M (100%)         16M (100%)         16M (100%)         16M (100%)   
[2024-07-25T19:05:23.574+0800][91.944s][gc,heap     ] GC(4926)      Free:        0M (0%)            0M (0%)            2M (12%)           2M (12%)           6M (38%)           0M (0%)     
[2024-07-25T19:05:23.575+0800][91.944s][gc,heap     ] GC(4926)      Used:       16M (100%)         16M (100%)         14M (88%)          14M (88%)          16M (100%)         10M (62%)    
[2024-07-25T19:05:23.575+0800][91.944s][gc,heap     ] GC(4926)      Live:         -                 8M (54%)           8M (54%)           8M (54%)            -                  -          
[2024-07-25T19:05:23.575+0800][91.944s][gc,heap     ] GC(4926) Allocated:         -                 0M (0%)            4M (25%)           4M (25%)            -                  -          
[2024-07-25T19:05:23.575+0800][91.944s][gc,heap     ] GC(4926)   Garbage:         -                 7M (46%)           1M (8%)            1M (8%)             -                  -          
[2024-07-25T19:05:23.575+0800][91.944s][gc,heap     ] GC(4926) Reclaimed:         -                  -                 6M (38%)           6M (38%)            -                  -          
[2024-07-25T19:05:23.575+0800][91.944s][gc          ] GC(4926) Garbage Collection (Allocation Stall) 16M(100%)->14M(88%)
[2024-07-25T19:05:23.578+0800][91.947s][gc,start    ] GC(4927) Garbage Collection (Allocation Stall)
[2024-07-25T19:05:23.578+0800][91.947s][gc,ref      ] GC(4927) Clearing All SoftReferences
[2024-07-25T19:05:23.578+0800][91.947s][gc,task     ] GC(4927) Using 1 workers
[2024-07-25T19:05:23.578+0800][91.947s][gc,phases   ] GC(4927) Pause Mark Start 0.007ms
[2024-07-25T19:05:23.584+0800][91.954s][gc,phases   ] GC(4927) Concurrent Mark 6.243ms
[2024-07-25T19:05:23.584+0800][91.954s][gc,phases   ] GC(4927) Pause Mark End 0.011ms
[2024-07-25T19:05:23.584+0800][91.954s][gc,phases   ] GC(4927) Concurrent Mark Free 0.001ms
[2024-07-25T19:05:23.586+0800][91.956s][gc,phases   ] GC(4927) Concurrent Process Non-Strong References 1.737ms
[2024-07-25T19:05:23.586+0800][91.956s][gc,phases   ] GC(4927) Concurrent Reset Relocation Set 0.001ms
[2024-07-25T19:05:23.591+0800][91.960s][gc          ] Allocation Stall (main) 12.960ms
[2024-07-25T19:05:23.591+0800][91.960s][gc,phases   ] GC(4927) Concurrent Select Relocation Set 4.321ms
[2024-07-25T19:05:23.591+0800][91.960s][gc,phases   ] GC(4927) Pause Relocate Start 0.008ms
[2024-07-25T19:05:23.591+0800][91.961s][gc,phases   ] GC(4927) Concurrent Relocate 0.124ms
[2024-07-25T19:05:23.591+0800][91.961s][gc,load     ] GC(4927) Load: 0.00/0.00/0.00
[2024-07-25T19:05:23.591+0800][91.961s][gc,mmu      ] GC(4927) MMU: 2ms/88.2%, 5ms/95.3%, 10ms/97.6%, 20ms/98.8%, 50ms/99.4%, 100ms/99.6%
[2024-07-25T19:05:23.591+0800][91.961s][gc,marking  ] GC(4927) Mark: 1 stripe(s), 1 proactive flush(es), 1 terminate flush(es), 0 completion(s), 0 continuation(s) 
[2024-07-25T19:05:23.591+0800][91.961s][gc,marking  ] GC(4927) Mark Stack Usage: 32M
[2024-07-25T19:05:23.591+0800][91.961s][gc,nmethod  ] GC(4927) NMethods: 535 registered, 0 unregistered
[2024-07-25T19:05:23.591+0800][91.961s][gc,metaspace] GC(4927) Metaspace: 1M used, 1M committed, 1088M reserved
[2024-07-25T19:05:23.591+0800][91.961s][gc,ref      ] GC(4927) Soft: 46 encountered, 25 discovered, 0 enqueued
[2024-07-25T19:05:23.591+0800][91.961s][gc,ref      ] GC(4927) Weak: 131 encountered, 107 discovered, 0 enqueued
[2024-07-25T19:05:23.591+0800][91.961s][gc,ref      ] GC(4927) Final: 0 encountered, 0 discovered, 0 enqueued
[2024-07-25T19:05:23.591+0800][91.961s][gc,ref      ] GC(4927) Phantom: 184 encountered, 98 discovered, 0 enqueued
[2024-07-25T19:05:23.591+0800][91.961s][gc,reloc    ] GC(4927) Small Pages: 4 / 8M, Empty: 2M, Relocated: 0M, In-Place: 0
[2024-07-25T19:05:23.591+0800][91.961s][gc,reloc    ] GC(4927) Large Pages: 4 / 8M, Empty: 4M, Relocated: 0M, In-Place: 0
[2024-07-25T19:05:23.592+0800][91.961s][gc,reloc    ] GC(4927) Forwarding Usage: 0M
[2024-07-25T19:05:23.592+0800][91.961s][gc,heap     ] GC(4927) Min Capacity: 8M(50%)
[2024-07-25T19:05:23.592+0800][91.961s][gc,heap     ] GC(4927) Max Capacity: 16M(100%)
[2024-07-25T19:05:23.592+0800][91.961s][gc,heap     ] GC(4927) Soft Max Capacity: 16M(100%)
[2024-07-25T19:05:23.592+0800][91.961s][gc,heap     ] GC(4927)                Mark Start          Mark End        Relocate Start      Relocate End           High               Low         
[2024-07-25T19:05:23.592+0800][91.961s][gc,heap     ] GC(4927)  Capacity:       16M (100%)         16M (100%)         16M (100%)         16M (100%)         16M (100%)         16M (100%)   
[2024-07-25T19:05:23.592+0800][91.961s][gc,heap     ] GC(4927)      Free:        0M (0%)            0M (0%)            2M (12%)           2M (12%)           6M (38%)           0M (0%)     
[2024-07-25T19:05:23.592+0800][91.961s][gc,heap     ] GC(4927)      Used:       16M (100%)         16M (100%)         14M (88%)          14M (88%)          16M (100%)         10M (62%)    
[2024-07-25T19:05:23.592+0800][91.961s][gc,heap     ] GC(4927)      Live:         -                 8M (54%)           8M (54%)           8M (54%)            -                  -          
[2024-07-25T19:05:23.592+0800][91.961s][gc,heap     ] GC(4927) Allocated:         -                 0M (0%)            4M (25%)           4M (25%)            -                  -          
[2024-07-25T19:05:23.592+0800][91.961s][gc,heap     ] GC(4927)   Garbage:         -                 7M (46%)           1M (8%)            1M (8%)             -                  -          
[2024-07-25T19:05:23.592+0800][91.961s][gc,heap     ] GC(4927) Reclaimed:         -                  -                 6M (38%)           6M (38%)            -                  -          
[2024-07-25T19:05:23.592+0800][91.961s][gc          ] GC(4927) Garbage Collection (Allocation Stall) 16M(100%)->14M(88%)
[2024-07-25T19:05:23.596+0800][91.965s][gc,start    ] GC(4928) Garbage Collection (Allocation Stall)
[2024-07-25T19:05:23.596+0800][91.965s][gc,ref      ] GC(4928) Clearing All SoftReferences
[2024-07-25T19:05:23.596+0800][91.965s][gc,task     ] GC(4928) Using 1 workers
[2024-07-25T19:05:23.596+0800][91.965s][gc,phases   ] GC(4928) Pause Mark Start 0.008ms
[2024-07-25T19:05:23.602+0800][91.971s][gc,phases   ] GC(4928) Concurrent Mark 5.483ms
[2024-07-25T19:05:23.602+0800][91.971s][gc,phases   ] GC(4928) Pause Mark End 0.017ms
[2024-07-25T19:05:23.602+0800][91.971s][gc,phases   ] GC(4928) Concurrent Mark Free 0.001ms
[2024-07-25T19:05:23.604+0800][91.974s][gc,phases   ] GC(4928) Concurrent Process Non-Strong References 2.175ms
[2024-07-25T19:05:23.604+0800][91.974s][gc,phases   ] GC(4928) Concurrent Reset Relocation Set 0.002ms
[2024-07-25T19:05:23.608+0800][91.977s][gc          ] Allocation Stall (main) 12.175ms
[2024-07-25T19:05:23.608+0800][91.977s][gc,phases   ] GC(4928) Concurrent Select Relocation Set 3.504ms
[2024-07-25T19:05:23.608+0800][91.977s][gc,phases   ] GC(4928) Pause Relocate Start 0.009ms
[2024-07-25T19:05:23.608+0800][91.978s][gc,phases   ] GC(4928) Concurrent Relocate 0.089ms
[2024-07-25T19:05:23.608+0800][91.978s][gc,load     ] GC(4928) Load: 0.00/0.00/0.00
[2024-07-25T19:05:23.608+0800][91.978s][gc,mmu      ] GC(4928) MMU: 2ms/88.2%, 5ms/95.3%, 10ms/97.6%, 20ms/98.8%, 50ms/99.4%, 100ms/99.6%
[2024-07-25T19:05:23.608+0800][91.978s][gc,marking  ] GC(4928) Mark: 1 stripe(s), 1 proactive flush(es), 1 terminate flush(es), 0 completion(s), 0 continuation(s) 
[2024-07-25T19:05:23.608+0800][91.978s][gc,marking  ] GC(4928) Mark Stack Usage: 32M
[2024-07-25T19:05:23.608+0800][91.978s][gc,nmethod  ] GC(4928) NMethods: 535 registered, 0 unregistered
[2024-07-25T19:05:23.608+0800][91.978s][gc,metaspace] GC(4928) Metaspace: 1M used, 1M committed, 1088M reserved
[2024-07-25T19:05:23.608+0800][91.978s][gc,ref      ] GC(4928) Soft: 46 encountered, 25 discovered, 0 enqueued
[2024-07-25T19:05:23.609+0800][91.978s][gc,ref      ] GC(4928) Weak: 131 encountered, 107 discovered, 0 enqueued
[2024-07-25T19:05:23.609+0800][91.978s][gc,ref      ] GC(4928) Final: 0 encountered, 0 discovered, 0 enqueued
[2024-07-25T19:05:23.609+0800][91.978s][gc,ref      ] GC(4928) Phantom: 184 encountered, 98 discovered, 0 enqueued
[2024-07-25T19:05:23.609+0800][91.978s][gc,reloc    ] GC(4928) Small Pages: 4 / 8M, Empty: 2M, Relocated: 0M, In-Place: 0
[2024-07-25T19:05:23.609+0800][91.978s][gc,reloc    ] GC(4928) Large Pages: 4 / 8M, Empty: 4M, Relocated: 0M, In-Place: 0
[2024-07-25T19:05:23.609+0800][91.978s][gc,reloc    ] GC(4928) Forwarding Usage: 0M
[2024-07-25T19:05:23.609+0800][91.978s][gc,heap     ] GC(4928) Min Capacity: 8M(50%)
[2024-07-25T19:05:23.609+0800][91.978s][gc,heap     ] GC(4928) Max Capacity: 16M(100%)
[2024-07-25T19:05:23.609+0800][91.978s][gc,heap     ] GC(4928) Soft Max Capacity: 16M(100%)
[2024-07-25T19:05:23.609+0800][91.978s][gc,heap     ] GC(4928)                Mark Start          Mark End        Relocate Start      Relocate End           High               Low         
[2024-07-25T19:05:23.609+0800][91.978s][gc,heap     ] GC(4928)  Capacity:       16M (100%)         16M (100%)         16M (100%)         16M (100%)         16M (100%)         16M (100%)   
[2024-07-25T19:05:23.609+0800][91.978s][gc,heap     ] GC(4928)      Free:        0M (0%)            0M (0%)            2M (12%)           2M (12%)           6M (38%)           0M (0%)     
[2024-07-25T19:05:23.609+0800][91.978s][gc,heap     ] GC(4928)      Used:       16M (100%)         16M (100%)         14M (88%)          14M (88%)          16M (100%)         10M (62%)    
[2024-07-25T19:05:23.609+0800][91.978s][gc,heap     ] GC(4928)      Live:         -                 8M (54%)           8M (54%)           8M (54%)            -                  -          
[2024-07-25T19:05:23.609+0800][91.978s][gc,heap     ] GC(4928) Allocated:         -                 0M (0%)            4M (25%)           4M (25%)            -                  -          
[2024-07-25T19:05:23.609+0800][91.978s][gc,heap     ] GC(4928)   Garbage:         -                 7M (46%)           1M (8%)            1M (8%)             -                  -          
[2024-07-25T19:05:23.609+0800][91.978s][gc,heap     ] GC(4928) Reclaimed:         -                  -                 6M (38%)           6M (38%)            -                  -          
[2024-07-25T19:05:23.609+0800][91.978s][gc          ] GC(4928) Garbage Collection (Allocation Stall) 16M(100%)->14M(88%)
[2024-07-25T19:05:23.610+0800][91.979s][gc,start    ] GC(4929) Garbage Collection (Allocation Rate)
[2024-07-25T19:05:23.610+0800][91.979s][gc,task     ] GC(4929) Using 1 workers
[2024-07-25T19:05:23.610+0800][91.979s][gc,phases   ] GC(4929) Pause Mark Start 0.011ms
[2024-07-25T19:05:23.616+0800][91.985s][gc,phases   ] GC(4929) Concurrent Mark 5.284ms
[2024-07-25T19:05:23.616+0800][91.985s][gc,phases   ] GC(4929) Pause Mark End 0.011ms
[2024-07-25T19:05:23.616+0800][91.985s][gc,phases   ] GC(4929) Concurrent Mark Free 0.001ms
[2024-07-25T19:05:23.618+0800][91.987s][gc,phases   ] GC(4929) Concurrent Process Non-Strong References 2.360ms
[2024-07-25T19:05:23.618+0800][91.988s][gc,phases   ] GC(4929) Concurrent Reset Relocation Set 0.001ms
[2024-07-25T19:05:23.621+0800][91.990s][gc          ] Allocation Stall (main) 9.192ms
[2024-07-25T19:05:23.621+0800][91.990s][gc,phases   ] GC(4929) Concurrent Select Relocation Set 2.756ms
[2024-07-25T19:05:23.621+0800][91.991s][gc,phases   ] GC(4929) Pause Relocate Start 0.014ms
[2024-07-25T19:05:23.625+0800][91.994s][gc          ] Allocation Stall (main) 2.049ms
[2024-07-25T19:05:23.625+0800][91.994s][gc,phases   ] GC(4929) Concurrent Relocate 3.323ms
[2024-07-25T19:05:23.625+0800][91.994s][gc,load     ] GC(4929) Load: 0.00/0.00/0.00
[2024-07-25T19:05:23.625+0800][91.994s][gc,mmu      ] GC(4929) MMU: 2ms/88.2%, 5ms/95.3%, 10ms/97.6%, 20ms/98.8%, 50ms/99.4%, 100ms/99.6%
[2024-07-25T19:05:23.625+0800][91.994s][gc,marking  ] GC(4929) Mark: 1 stripe(s), 1 proactive flush(es), 1 terminate flush(es), 0 completion(s), 0 continuation(s) 
[2024-07-25T19:05:23.625+0800][91.994s][gc,marking  ] GC(4929) Mark Stack Usage: 32M
[2024-07-25T19:05:23.625+0800][91.994s][gc,nmethod  ] GC(4929) NMethods: 535 registered, 0 unregistered
[2024-07-25T19:05:23.625+0800][91.994s][gc,metaspace] GC(4929) Metaspace: 1M used, 1M committed, 1088M reserved
[2024-07-25T19:05:23.625+0800][91.994s][gc,ref      ] GC(4929) Soft: 46 encountered, 25 discovered, 0 enqueued
[2024-07-25T19:05:23.625+0800][91.995s][gc,ref      ] GC(4929) Weak: 131 encountered, 107 discovered, 0 enqueued
[2024-07-25T19:05:23.625+0800][91.995s][gc,ref      ] GC(4929) Final: 0 encountered, 0 discovered, 0 enqueued
[2024-07-25T19:05:23.625+0800][91.995s][gc,ref      ] GC(4929) Phantom: 184 encountered, 98 discovered, 0 enqueued
[2024-07-25T19:05:23.625+0800][91.995s][gc,reloc    ] GC(4929) Small Pages: 4 / 8M, Empty: 0M, Relocated: 1M, In-Place: 1
[2024-07-25T19:05:23.625+0800][91.995s][gc,reloc    ] GC(4929) Large Pages: 4 / 8M, Empty: 4M, Relocated: 0M, In-Place: 0
[2024-07-25T19:05:23.625+0800][91.995s][gc,reloc    ] GC(4929) Forwarding Usage: 0M
[2024-07-25T19:05:23.625+0800][91.995s][gc,heap     ] GC(4929) Min Capacity: 8M(50%)
[2024-07-25T19:05:23.625+0800][91.995s][gc,heap     ] GC(4929) Max Capacity: 16M(100%)
[2024-07-25T19:05:23.626+0800][91.995s][gc,heap     ] GC(4929) Soft Max Capacity: 16M(100%)
[2024-07-25T19:05:23.626+0800][91.995s][gc,heap     ] GC(4929)                Mark Start          Mark End        Relocate Start      Relocate End           High               Low         
[2024-07-25T19:05:23.626+0800][91.995s][gc,heap     ] GC(4929)  Capacity:       16M (100%)         16M (100%)         16M (100%)         16M (100%)         16M (100%)         16M (100%)   
[2024-07-25T19:05:23.626+0800][91.995s][gc,heap     ] GC(4929)      Free:        0M (0%)            0M (0%)            0M (0%)            0M (0%)            4M (25%)           0M (0%)     
[2024-07-25T19:05:23.626+0800][91.995s][gc,heap     ] GC(4929)      Used:       16M (100%)         16M (100%)         16M (100%)         16M (100%)         16M (100%)         12M (75%)    
[2024-07-25T19:05:23.626+0800][91.995s][gc,heap     ] GC(4929)      Live:         -                 8M (54%)           8M (54%)           8M (54%)            -                  -          
[2024-07-25T19:05:23.626+0800][91.995s][gc,heap     ] GC(4929) Allocated:         -                 0M (0%)            4M (25%)           6M (38%)            -                  -          
[2024-07-25T19:05:23.626+0800][91.995s][gc,heap     ] GC(4929)   Garbage:         -                 7M (46%)           3M (21%)           1M (8%)             -                  -          
[2024-07-25T19:05:23.626+0800][91.995s][gc,heap     ] GC(4929) Reclaimed:         -                  -                 4M (25%)           6M (38%)            -                  -          
[2024-07-25T19:05:23.626+0800][91.995s][gc          ] GC(4929) Garbage Collection (Allocation Rate) 16M(100%)->16M(100%)
[2024-07-25T19:05:23.628+0800][91.997s][gc,start    ] GC(4930) Garbage Collection (Allocation Stall)
[2024-07-25T19:05:23.628+0800][91.997s][gc,ref      ] GC(4930) Clearing All SoftReferences
[2024-07-25T19:05:23.628+0800][91.997s][gc,task     ] GC(4930) Using 1 workers
[2024-07-25T19:05:23.628+0800][91.997s][gc,phases   ] GC(4930) Pause Mark Start 0.008ms
[2024-07-25T19:05:23.636+0800][92.005s][gc,phases   ] GC(4930) Concurrent Mark 8.275ms
[2024-07-25T19:05:23.636+0800][92.006s][gc,phases   ] GC(4930) Pause Mark End 0.011ms
[2024-07-25T19:05:23.637+0800][92.006s][gc,phases   ] GC(4930) Concurrent Mark Free 0.001ms
[2024-07-25T19:05:23.639+0800][92.008s][gc,phases   ] GC(4930) Concurrent Process Non-Strong References 2.477ms
[2024-07-25T19:05:23.639+0800][92.008s][gc,phases   ] GC(4930) Concurrent Reset Relocation Set 0.002ms
[2024-07-25T19:05:23.643+0800][92.012s][gc          ] Allocation Stall (main) 15.057ms
[2024-07-25T19:05:23.643+0800][92.012s][gc,phases   ] GC(4930) Concurrent Select Relocation Set 3.538ms
[2024-07-25T19:05:23.643+0800][92.012s][gc,phases   ] GC(4930) Pause Relocate Start 0.009ms
[2024-07-25T19:05:23.643+0800][92.012s][gc,phases   ] GC(4930) Concurrent Relocate 0.097ms
[2024-07-25T19:05:23.643+0800][92.012s][gc,load     ] GC(4930) Load: 0.00/0.00/0.00
[2024-07-25T19:05:23.643+0800][92.012s][gc,mmu      ] GC(4930) MMU: 2ms/88.2%, 5ms/95.3%, 10ms/97.6%, 20ms/98.8%, 50ms/99.4%, 100ms/99.6%
[2024-07-25T19:05:23.643+0800][92.012s][gc,marking  ] GC(4930) Mark: 1 stripe(s), 1 proactive flush(es), 1 terminate flush(es), 0 completion(s), 0 continuation(s) 
[2024-07-25T19:05:23.643+0800][92.012s][gc,marking  ] GC(4930) Mark Stack Usage: 32M
[2024-07-25T19:05:23.643+0800][92.012s][gc,nmethod  ] GC(4930) NMethods: 535 registered, 0 unregistered
[2024-07-25T19:05:23.643+0800][92.012s][gc,metaspace] GC(4930) Metaspace: 1M used, 1M committed, 1088M reserved
[2024-07-25T19:05:23.643+0800][92.012s][gc,ref      ] GC(4930) Soft: 46 encountered, 25 discovered, 0 enqueued
[2024-07-25T19:05:23.643+0800][92.012s][gc,ref      ] GC(4930) Weak: 131 encountered, 107 discovered, 0 enqueued
[2024-07-25T19:05:23.643+0800][92.012s][gc,ref      ] GC(4930) Final: 0 encountered, 0 discovered, 0 enqueued
[2024-07-25T19:05:23.643+0800][92.013s][gc,ref      ] GC(4930) Phantom: 184 encountered, 98 discovered, 0 enqueued
[2024-07-25T19:05:23.643+0800][92.013s][gc,reloc    ] GC(4930) Small Pages: 4 / 8M, Empty: 2M, Relocated: 0M, In-Place: 0
[2024-07-25T19:05:23.643+0800][92.013s][gc,reloc    ] GC(4930) Large Pages: 4 / 8M, Empty: 4M, Relocated: 0M, In-Place: 0
[2024-07-25T19:05:23.643+0800][92.013s][gc,reloc    ] GC(4930) Forwarding Usage: 0M
[2024-07-25T19:05:23.643+0800][92.013s][gc,heap     ] GC(4930) Min Capacity: 8M(50%)
[2024-07-25T19:05:23.643+0800][92.013s][gc,heap     ] GC(4930) Max Capacity: 16M(100%)
[2024-07-25T19:05:23.643+0800][92.013s][gc,heap     ] GC(4930) Soft Max Capacity: 16M(100%)
[2024-07-25T19:05:23.643+0800][92.013s][gc,heap     ] GC(4930)                Mark Start          Mark End        Relocate Start      Relocate End           High               Low         
[2024-07-25T19:05:23.644+0800][92.013s][gc,heap     ] GC(4930)  Capacity:       16M (100%)         16M (100%)         16M (100%)         16M (100%)         16M (100%)         16M (100%)   
[2024-07-25T19:05:23.644+0800][92.013s][gc,heap     ] GC(4930)      Free:        0M (0%)            0M (0%)            2M (12%)           2M (12%)           6M (38%)           0M (0%)     
[2024-07-25T19:05:23.644+0800][92.013s][gc,heap     ] GC(4930)      Used:       16M (100%)         16M (100%)         14M (88%)          14M (88%)          16M (100%)         10M (62%)    
[2024-07-25T19:05:23.644+0800][92.013s][gc,heap     ] GC(4930)      Live:         -                 8M (54%)           8M (54%)           8M (54%)            -                  -          
[2024-07-25T19:05:23.644+0800][92.013s][gc,heap     ] GC(4930) Allocated:         -                 0M (0%)            4M (25%)           4M (25%)            -                  -          
[2024-07-25T19:05:23.644+0800][92.013s][gc,heap     ] GC(4930)   Garbage:         -                 7M (46%)           1M (8%)            1M (8%)             -                  -          
[2024-07-25T19:05:23.644+0800][92.013s][gc,heap     ] GC(4930) Reclaimed:         -                  -                 6M (38%)           6M (38%)            -                  -          
[2024-07-25T19:05:23.644+0800][92.013s][gc          ] GC(4930) Garbage Collection (Allocation Stall) 16M(100%)->14M(88%)
[2024-07-25T19:05:23.647+0800][92.016s][gc,start    ] GC(4931) Garbage Collection (Allocation Stall)
[2024-07-25T19:05:23.647+0800][92.016s][gc,ref      ] GC(4931) Clearing All SoftReferences
[2024-07-25T19:05:23.647+0800][92.016s][gc,task     ] GC(4931) Using 1 workers
[2024-07-25T19:05:23.647+0800][92.016s][gc,phases   ] GC(4931) Pause Mark Start 0.008ms
[2024-07-25T19:05:23.654+0800][92.023s][gc,phases   ] GC(4931) Concurrent Mark 7.174ms
[2024-07-25T19:05:23.654+0800][92.024s][gc,phases   ] GC(4931) Pause Mark End 0.011ms
[2024-07-25T19:05:23.654+0800][92.024s][gc,phases   ] GC(4931) Concurrent Mark Free 0.001ms
[2024-07-25T19:05:23.657+0800][92.026s][gc,phases   ] GC(4931) Concurrent Process Non-Strong References 2.248ms
[2024-07-25T19:05:23.657+0800][92.026s][gc,phases   ] GC(4931) Concurrent Reset Relocation Set 0.001ms
[2024-07-25T19:05:23.660+0800][92.029s][gc          ] Allocation Stall (main) 13.196ms
[2024-07-25T19:05:23.660+0800][92.029s][gc,phases   ] GC(4931) Concurrent Select Relocation Set 2.938ms
[2024-07-25T19:05:23.660+0800][92.029s][gc,phases   ] GC(4931) Pause Relocate Start 0.008ms
[2024-07-25T19:05:23.660+0800][92.030s][gc,phases   ] GC(4931) Concurrent Relocate 0.118ms
[2024-07-25T19:05:23.660+0800][92.030s][gc,load     ] GC(4931) Load: 0.00/0.00/0.00
[2024-07-25T19:05:23.660+0800][92.030s][gc,mmu      ] GC(4931) MMU: 2ms/88.2%, 5ms/95.3%, 10ms/97.6%, 20ms/98.8%, 50ms/99.4%, 100ms/99.6%
[2024-07-25T19:05:23.660+0800][92.030s][gc,marking  ] GC(4931) Mark: 1 stripe(s), 1 proactive flush(es), 1 terminate flush(es), 0 completion(s), 0 continuation(s) 
[2024-07-25T19:05:23.660+0800][92.030s][gc,marking  ] GC(4931) Mark Stack Usage: 32M
[2024-07-25T19:05:23.660+0800][92.030s][gc,nmethod  ] GC(4931) NMethods: 535 registered, 0 unregistered
[2024-07-25T19:05:23.660+0800][92.030s][gc,metaspace] GC(4931) Metaspace: 1M used, 1M committed, 1088M reserved
[2024-07-25T19:05:23.660+0800][92.030s][gc,ref      ] GC(4931) Soft: 46 encountered, 25 discovered, 0 enqueued
[2024-07-25T19:05:23.660+0800][92.030s][gc,ref      ] GC(4931) Weak: 131 encountered, 107 discovered, 0 enqueued
[2024-07-25T19:05:23.660+0800][92.030s][gc,ref      ] GC(4931) Final: 0 encountered, 0 discovered, 0 enqueued
[2024-07-25T19:05:23.660+0800][92.030s][gc,ref      ] GC(4931) Phantom: 184 encountered, 98 discovered, 0 enqueued
[2024-07-25T19:05:23.660+0800][92.030s][gc,reloc    ] GC(4931) Small Pages: 4 / 8M, Empty: 2M, Relocated: 0M, In-Place: 0
[2024-07-25T19:05:23.660+0800][92.030s][gc,reloc    ] GC(4931) Large Pages: 4 / 8M, Empty: 4M, Relocated: 0M, In-Place: 0
[2024-07-25T19:05:23.660+0800][92.030s][gc,reloc    ] GC(4931) Forwarding Usage: 0M
[2024-07-25T19:05:23.660+0800][92.030s][gc,heap     ] GC(4931) Min Capacity: 8M(50%)
[2024-07-25T19:05:23.660+0800][92.030s][gc,heap     ] GC(4931) Max Capacity: 16M(100%)
[2024-07-25T19:05:23.660+0800][92.030s][gc,heap     ] GC(4931) Soft Max Capacity: 16M(100%)
[2024-07-25T19:05:23.660+0800][92.030s][gc,heap     ] GC(4931)                Mark Start          Mark End        Relocate Start      Relocate End           High               Low         
[2024-07-25T19:05:23.660+0800][92.030s][gc,heap     ] GC(4931)  Capacity:       16M (100%)         16M (100%)         16M (100%)         16M (100%)         16M (100%)         16M (100%)   
[2024-07-25T19:05:23.660+0800][92.030s][gc,heap     ] GC(4931)      Free:        0M (0%)            0M (0%)            2M (12%)           2M (12%)           6M (38%)           0M (0%)     
[2024-07-25T19:05:23.660+0800][92.030s][gc,heap     ] GC(4931)      Used:       16M (100%)         16M (100%)         14M (88%)          14M (88%)          16M (100%)         10M (62%)    
[2024-07-25T19:05:23.660+0800][92.030s][gc,heap     ] GC(4931)      Live:         -                 8M (54%)           8M (54%)           8M (54%)            -                  -          
[2024-07-25T19:05:23.660+0800][92.030s][gc,heap     ] GC(4931) Allocated:         -                 0M (0%)            4M (25%)           4M (25%)            -                  -          
[2024-07-25T19:05:23.660+0800][92.030s][gc,heap     ] GC(4931)   Garbage:         -                 7M (46%)           1M (8%)            1M (8%)             -                  -          
[2024-07-25T19:05:23.660+0800][92.030s][gc,heap     ] GC(4931) Reclaimed:         -                  -                 6M (38%)           6M (38%)            -                  -          
[2024-07-25T19:05:23.660+0800][92.030s][gc          ] GC(4931) Garbage Collection (Allocation Stall) 16M(100%)->14M(88%)
[2024-07-25T19:05:23.665+0800][92.034s][gc,start    ] GC(4932) Garbage Collection (Allocation Stall)
[2024-07-25T19:05:23.665+0800][92.034s][gc,ref      ] GC(4932) Clearing All SoftReferences
[2024-07-25T19:05:23.665+0800][92.034s][gc,task     ] GC(4932) Using 1 workers
[2024-07-25T19:05:23.665+0800][92.034s][gc,phases   ] GC(4932) Pause Mark Start 0.008ms
[2024-07-25T19:05:23.670+0800][92.040s][gc,phases   ] GC(4932) Concurrent Mark 5.627ms
[2024-07-25T19:05:23.670+0800][92.040s][gc,phases   ] GC(4932) Pause Mark End 0.009ms
[2024-07-25T19:05:23.670+0800][92.040s][gc,phases   ] GC(4932) Concurrent Mark Free 0.001ms
[2024-07-25T19:05:23.672+0800][92.041s][gc,phases   ] GC(4932) Concurrent Process Non-Strong References 1.508ms
[2024-07-25T19:05:23.672+0800][92.041s][gc,phases   ] GC(4932) Concurrent Reset Relocation Set 0.001ms
[2024-07-25T19:05:23.674+0800][92.044s][gc          ] Allocation Stall (main) 10.527ms
[2024-07-25T19:05:23.674+0800][92.044s][gc,phases   ] GC(4932) Concurrent Select Relocation Set 2.676ms
[2024-07-25T19:05:23.675+0800][92.044s][gc,phases   ] GC(4932) Pause Relocate Start 0.008ms
[2024-07-25T19:05:23.675+0800][92.044s][gc,phases   ] GC(4932) Concurrent Relocate 0.045ms
[2024-07-25T19:05:23.675+0800][92.044s][gc,load     ] GC(4932) Load: 0.00/0.00/0.00
[2024-07-25T19:05:23.675+0800][92.044s][gc,mmu      ] GC(4932) MMU: 2ms/88.2%, 5ms/95.3%, 10ms/97.6%, 20ms/98.8%, 50ms/99.4%, 100ms/99.6%
[2024-07-25T19:05:23.675+0800][92.044s][gc,marking  ] GC(4932) Mark: 1 stripe(s), 1 proactive flush(es), 1 terminate flush(es), 0 completion(s), 0 continuation(s) 
[2024-07-25T19:05:23.675+0800][92.044s][gc,marking  ] GC(4932) Mark Stack Usage: 32M
[2024-07-25T19:05:23.675+0800][92.045s][gc,nmethod  ] GC(4932) NMethods: 535 registered, 0 unregistered
[2024-07-25T19:05:23.675+0800][92.045s][gc,metaspace] GC(4932) Metaspace: 1M used, 1M committed, 1088M reserved
[2024-07-25T19:05:23.675+0800][92.045s][gc,ref      ] GC(4932) Soft: 46 encountered, 25 discovered, 0 enqueued
[2024-07-25T19:05:23.675+0800][92.045s][gc,ref      ] GC(4932) Weak: 131 encountered, 107 discovered, 0 enqueued
[2024-07-25T19:05:23.675+0800][92.045s][gc,ref      ] GC(4932) Final: 0 encountered, 0 discovered, 0 enqueued
[2024-07-25T19:05:23.675+0800][92.045s][gc,ref      ] GC(4932) Phantom: 184 encountered, 98 discovered, 0 enqueued
[2024-07-25T19:05:23.675+0800][92.045s][gc,reloc    ] GC(4932) Small Pages: 4 / 8M, Empty: 2M, Relocated: 0M, In-Place: 0
[2024-07-25T19:05:23.675+0800][92.045s][gc,reloc    ] GC(4932) Large Pages: 4 / 8M, Empty: 4M, Relocated: 0M, In-Place: 0
[2024-07-25T19:05:23.675+0800][92.045s][gc,reloc    ] GC(4932) Forwarding Usage: 0M
[2024-07-25T19:05:23.675+0800][92.045s][gc,heap     ] GC(4932) Min Capacity: 8M(50%)
[2024-07-25T19:05:23.675+0800][92.045s][gc,heap     ] GC(4932) Max Capacity: 16M(100%)
[2024-07-25T19:05:23.675+0800][92.045s][gc,heap     ] GC(4932) Soft Max Capacity: 16M(100%)
[2024-07-25T19:05:23.675+0800][92.045s][gc,heap     ] GC(4932)                Mark Start          Mark End        Relocate Start      Relocate End           High               Low         
[2024-07-25T19:05:23.675+0800][92.045s][gc,heap     ] GC(4932)  Capacity:       16M (100%)         16M (100%)         16M (100%)         16M (100%)         16M (100%)         16M (100%)   
[2024-07-25T19:05:23.675+0800][92.045s][gc,heap     ] GC(4932)      Free:        0M (0%)            0M (0%)            2M (12%)           2M (12%)           6M (38%)           0M (0%)     
[2024-07-25T19:05:23.676+0800][92.045s][gc,heap     ] GC(4932)      Used:       16M (100%)         16M (100%)         14M (88%)          14M (88%)          16M (100%)         10M (62%)    
[2024-07-25T19:05:23.676+0800][92.045s][gc,heap     ] GC(4932)      Live:         -                 8M (54%)           8M (54%)           8M (54%)            -                  -          
[2024-07-25T19:05:23.676+0800][92.045s][gc,heap     ] GC(4932) Allocated:         -                 0M (0%)            4M (25%)           4M (25%)            -                  -          
[2024-07-25T19:05:23.676+0800][92.045s][gc,heap     ] GC(4932)   Garbage:         -                 7M (46%)           1M (8%)            1M (8%)             -                  -          
[2024-07-25T19:05:23.676+0800][92.045s][gc,heap     ] GC(4932) Reclaimed:         -                  -                 6M (38%)           6M (38%)            -                  -          
[2024-07-25T19:05:23.676+0800][92.045s][gc          ] GC(4932) Garbage Collection (Allocation Stall) 16M(100%)->14M(88%)
[2024-07-25T19:05:23.679+0800][92.048s][gc,start    ] GC(4933) Garbage Collection (Allocation Stall)
[2024-07-25T19:05:23.679+0800][92.048s][gc,ref      ] GC(4933) Clearing All SoftReferences
[2024-07-25T19:05:23.679+0800][92.048s][gc,task     ] GC(4933) Using 1 workers
[2024-07-25T19:05:23.679+0800][92.048s][gc,phases   ] GC(4933) Pause Mark Start 0.007ms
[2024-07-25T19:05:23.686+0800][92.056s][gc,phases   ] GC(4933) Concurrent Mark 7.209ms
[2024-07-25T19:05:23.687+0800][92.056s][gc,phases   ] GC(4933) Pause Mark End 0.013ms
[2024-07-25T19:05:23.687+0800][92.056s][gc,phases   ] GC(4933) Concurrent Mark Free 0.002ms
[2024-07-25T19:05:23.690+0800][92.059s][gc,phases   ] GC(4933) Concurrent Process Non-Strong References 2.340ms
[2024-07-25T19:05:23.690+0800][92.059s][gc,phases   ] GC(4933) Concurrent Reset Relocation Set 0.001ms
[2024-07-25T19:05:23.693+0800][92.062s][gc          ] Allocation Stall (main) 13.971ms
[2024-07-25T19:05:23.693+0800][92.062s][gc,phases   ] GC(4933) Concurrent Select Relocation Set 3.562ms
[2024-07-25T19:05:23.693+0800][92.062s][gc,phases   ] GC(4933) Pause Relocate Start 0.010ms
[2024-07-25T19:05:23.693+0800][92.063s][gc,phases   ] GC(4933) Concurrent Relocate 0.168ms
[2024-07-25T19:05:23.693+0800][92.063s][gc,load     ] GC(4933) Load: 0.00/0.00/0.00
[2024-07-25T19:05:23.694+0800][92.063s][gc,mmu      ] GC(4933) MMU: 2ms/88.2%, 5ms/95.3%, 10ms/97.6%, 20ms/98.8%, 50ms/99.4%, 100ms/99.6%
[2024-07-25T19:05:23.694+0800][92.063s][gc,marking  ] GC(4933) Mark: 1 stripe(s), 1 proactive flush(es), 1 terminate flush(es), 0 completion(s), 0 continuation(s) 
[2024-07-25T19:05:23.694+0800][92.063s][gc,marking  ] GC(4933) Mark Stack Usage: 32M
[2024-07-25T19:05:23.694+0800][92.063s][gc,nmethod  ] GC(4933) NMethods: 535 registered, 0 unregistered
[2024-07-25T19:05:23.694+0800][92.063s][gc,metaspace] GC(4933) Metaspace: 1M used, 1M committed, 1088M reserved
[2024-07-25T19:05:23.694+0800][92.063s][gc,ref      ] GC(4933) Soft: 46 encountered, 25 discovered, 0 enqueued
[2024-07-25T19:05:23.694+0800][92.063s][gc,ref      ] GC(4933) Weak: 131 encountered, 107 discovered, 0 enqueued
[2024-07-25T19:05:23.694+0800][92.063s][gc,ref      ] GC(4933) Final: 0 encountered, 0 discovered, 0 enqueued
[2024-07-25T19:05:23.694+0800][92.063s][gc,ref      ] GC(4933) Phantom: 184 encountered, 98 discovered, 0 enqueued
[2024-07-25T19:05:23.694+0800][92.063s][gc,reloc    ] GC(4933) Small Pages: 4 / 8M, Empty: 2M, Relocated: 0M, In-Place: 0
[2024-07-25T19:05:23.694+0800][92.063s][gc,reloc    ] GC(4933) Large Pages: 4 / 8M, Empty: 4M, Relocated: 0M, In-Place: 0
[2024-07-25T19:05:23.694+0800][92.063s][gc,reloc    ] GC(4933) Forwarding Usage: 0M
[2024-07-25T19:05:23.694+0800][92.063s][gc,heap     ] GC(4933) Min Capacity: 8M(50%)
[2024-07-25T19:05:23.694+0800][92.063s][gc,heap     ] GC(4933) Max Capacity: 16M(100%)
[2024-07-25T19:05:23.694+0800][92.063s][gc,heap     ] GC(4933) Soft Max Capacity: 16M(100%)
[2024-07-25T19:05:23.694+0800][92.063s][gc,heap     ] GC(4933)                Mark Start          Mark End        Relocate Start      Relocate End           High               Low         
[2024-07-25T19:05:23.694+0800][92.064s][gc,heap     ] GC(4933)  Capacity:       16M (100%)         16M (100%)         16M (100%)         16M (100%)         16M (100%)         16M (100%)   
[2024-07-25T19:05:23.694+0800][92.064s][gc,heap     ] GC(4933)      Free:        0M (0%)            0M (0%)            2M (12%)           2M (12%)           6M (38%)           0M (0%)     
[2024-07-25T19:05:23.694+0800][92.064s][gc,heap     ] GC(4933)      Used:       16M (100%)         16M (100%)         14M (88%)          14M (88%)          16M (100%)         10M (62%)    
[2024-07-25T19:05:23.694+0800][92.064s][gc,heap     ] GC(4933)      Live:         -                 8M (54%)           8M (54%)           8M (54%)            -                  -          
[2024-07-25T19:05:23.694+0800][92.064s][gc,heap     ] GC(4933) Allocated:         -                 0M (0%)            4M (25%)           4M (25%)            -                  -          
[2024-07-25T19:05:23.694+0800][92.064s][gc,heap     ] GC(4933)   Garbage:         -                 7M (46%)           1M (8%)            1M (8%)             -                  -          
[2024-07-25T19:05:23.694+0800][92.064s][gc,heap     ] GC(4933) Reclaimed:         -                  -                 6M (38%)           6M (38%)            -                  -          
[2024-07-25T19:05:23.694+0800][92.064s][gc          ] GC(4933) Garbage Collection (Allocation Stall) 16M(100%)->14M(88%)
[2024-07-25T19:05:23.699+0800][92.068s][gc,start    ] GC(4934) Garbage Collection (Allocation Stall)
[2024-07-25T19:05:23.699+0800][92.068s][gc,ref      ] GC(4934) Clearing All SoftReferences
[2024-07-25T19:05:23.699+0800][92.068s][gc,task     ] GC(4934) Using 1 workers
[2024-07-25T19:05:23.699+0800][92.068s][gc,phases   ] GC(4934) Pause Mark Start 0.010ms
[2024-07-25T19:05:23.708+0800][92.077s][gc,phases   ] GC(4934) Concurrent Mark 8.490ms
[2024-07-25T19:05:23.708+0800][92.077s][gc,phases   ] GC(4934) Pause Mark End 0.013ms
[2024-07-25T19:05:23.708+0800][92.077s][gc,phases   ] GC(4934) Concurrent Mark Free 0.002ms
[2024-07-25T19:05:23.711+0800][92.080s][gc,phases   ] GC(4934) Concurrent Process Non-Strong References 2.312ms
[2024-07-25T19:05:23.711+0800][92.080s][gc,phases   ] GC(4934) Concurrent Reset Relocation Set 0.001ms
[2024-07-25T19:05:23.714+0800][92.083s][gc          ] Allocation Stall (main) 15.334ms
[2024-07-25T19:05:23.714+0800][92.083s][gc,phases   ] GC(4934) Concurrent Select Relocation Set 3.527ms
[2024-07-25T19:05:23.714+0800][92.084s][gc,phases   ] GC(4934) Pause Relocate Start 0.010ms
[2024-07-25T19:05:23.715+0800][92.084s][gc,phases   ] GC(4934) Concurrent Relocate 0.153ms
[2024-07-25T19:05:23.715+0800][92.084s][gc,load     ] GC(4934) Load: 0.00/0.00/0.00
[2024-07-25T19:05:23.715+0800][92.084s][gc,mmu      ] GC(4934) MMU: 2ms/88.2%, 5ms/95.3%, 10ms/97.6%, 20ms/98.8%, 50ms/99.4%, 100ms/99.6%
[2024-07-25T19:05:23.715+0800][92.084s][gc,marking  ] GC(4934) Mark: 1 stripe(s), 1 proactive flush(es), 1 terminate flush(es), 0 completion(s), 0 continuation(s) 
[2024-07-25T19:05:23.715+0800][92.084s][gc,marking  ] GC(4934) Mark Stack Usage: 32M
[2024-07-25T19:05:23.715+0800][92.084s][gc,nmethod  ] GC(4934) NMethods: 535 registered, 0 unregistered
[2024-07-25T19:05:23.715+0800][92.084s][gc,metaspace] GC(4934) Metaspace: 1M used, 1M committed, 1088M reserved
[2024-07-25T19:05:23.715+0800][92.084s][gc,ref      ] GC(4934) Soft: 46 encountered, 25 discovered, 0 enqueued
[2024-07-25T19:05:23.715+0800][92.084s][gc,ref      ] GC(4934) Weak: 131 encountered, 107 discovered, 0 enqueued
[2024-07-25T19:05:23.715+0800][92.084s][gc,ref      ] GC(4934) Final: 0 encountered, 0 discovered, 0 enqueued
[2024-07-25T19:05:23.715+0800][92.084s][gc,ref      ] GC(4934) Phantom: 184 encountered, 98 discovered, 0 enqueued
[2024-07-25T19:05:23.715+0800][92.084s][gc,reloc    ] GC(4934) Small Pages: 4 / 8M, Empty: 2M, Relocated: 0M, In-Place: 0
[2024-07-25T19:05:23.715+0800][92.084s][gc,reloc    ] GC(4934) Large Pages: 4 / 8M, Empty: 4M, Relocated: 0M, In-Place: 0
[2024-07-25T19:05:23.715+0800][92.084s][gc,reloc    ] GC(4934) Forwarding Usage: 0M
[2024-07-25T19:05:23.715+0800][92.084s][gc,heap     ] GC(4934) Min Capacity: 8M(50%)
[2024-07-25T19:05:23.715+0800][92.084s][gc,heap     ] GC(4934) Max Capacity: 16M(100%)
[2024-07-25T19:05:23.715+0800][92.085s][gc,heap     ] GC(4934) Soft Max Capacity: 16M(100%)
[2024-07-25T19:05:23.715+0800][92.085s][gc,heap     ] GC(4934)                Mark Start          Mark End        Relocate Start      Relocate End           High               Low         
[2024-07-25T19:05:23.715+0800][92.085s][gc,heap     ] GC(4934)  Capacity:       16M (100%)         16M (100%)         16M (100%)         16M (100%)         16M (100%)         16M (100%)   
[2024-07-25T19:05:23.715+0800][92.085s][gc,heap     ] GC(4934)      Free:        0M (0%)            0M (0%)            2M (12%)           2M (12%)           6M (38%)           0M (0%)     
[2024-07-25T19:05:23.715+0800][92.085s][gc,heap     ] GC(4934)      Used:       16M (100%)         16M (100%)         14M (88%)          14M (88%)          16M (100%)         10M (62%)    
[2024-07-25T19:05:23.715+0800][92.085s][gc,heap     ] GC(4934)      Live:         -                 8M (54%)           8M (54%)           8M (54%)            -                  -          
[2024-07-25T19:05:23.715+0800][92.085s][gc,heap     ] GC(4934) Allocated:         -                 0M (0%)            4M (25%)           4M (25%)            -                  -          
[2024-07-25T19:05:23.715+0800][92.085s][gc,heap     ] GC(4934)   Garbage:         -                 7M (46%)           1M (8%)            1M (8%)             -                  -          
[2024-07-25T19:05:23.715+0800][92.085s][gc,heap     ] GC(4934) Reclaimed:         -                  -                 6M (38%)           6M (38%)            -                  -          
[2024-07-25T19:05:23.715+0800][92.085s][gc          ] GC(4934) Garbage Collection (Allocation Stall) 16M(100%)->14M(88%)
[2024-07-25T19:05:23.719+0800][92.088s][gc,start    ] GC(4935) Garbage Collection (Allocation Stall)
[2024-07-25T19:05:23.719+0800][92.088s][gc,ref      ] GC(4935) Clearing All SoftReferences
[2024-07-25T19:05:23.719+0800][92.088s][gc,task     ] GC(4935) Using 1 workers
[2024-07-25T19:05:23.719+0800][92.089s][gc,phases   ] GC(4935) Pause Mark Start 0.011ms
[2024-07-25T19:05:23.727+0800][92.096s][gc,phases   ] GC(4935) Concurrent Mark 7.640ms
[2024-07-25T19:05:23.727+0800][92.097s][gc,phases   ] GC(4935) Pause Mark End 0.013ms
[2024-07-25T19:05:23.727+0800][92.097s][gc,phases   ] GC(4935) Concurrent Mark Free 0.001ms
[2024-07-25T19:05:23.730+0800][92.099s][gc,phases   ] GC(4935) Concurrent Process Non-Strong References 2.343ms
[2024-07-25T19:05:23.730+0800][92.099s][gc,phases   ] GC(4935) Concurrent Reset Relocation Set 0.001ms
[2024-07-25T19:05:23.733+0800][92.103s][gc          ] Allocation Stall (main) 14.593ms
[2024-07-25T19:05:23.734+0800][92.103s][gc,phases   ] GC(4935) Concurrent Select Relocation Set 3.701ms
[2024-07-25T19:05:23.734+0800][92.103s][gc,phases   ] GC(4935) Pause Relocate Start 0.012ms
[2024-07-25T19:05:23.734+0800][92.103s][gc,phases   ] GC(4935) Concurrent Relocate 0.140ms
[2024-07-25T19:05:23.734+0800][92.104s][gc,load     ] GC(4935) Load: 0.00/0.00/0.00
[2024-07-25T19:05:23.734+0800][92.104s][gc,mmu      ] GC(4935) MMU: 2ms/88.2%, 5ms/95.3%, 10ms/97.6%, 20ms/98.8%, 50ms/99.4%, 100ms/99.6%
[2024-07-25T19:05:23.734+0800][92.104s][gc,marking  ] GC(4935) Mark: 1 stripe(s), 1 proactive flush(es), 1 terminate flush(es), 0 completion(s), 0 continuation(s) 
[2024-07-25T19:05:23.734+0800][92.104s][gc,marking  ] GC(4935) Mark Stack Usage: 32M
[2024-07-25T19:05:23.734+0800][92.104s][gc,nmethod  ] GC(4935) NMethods: 535 registered, 0 unregistered
[2024-07-25T19:05:23.734+0800][92.104s][gc,metaspace] GC(4935) Metaspace: 1M used, 1M committed, 1088M reserved
[2024-07-25T19:05:23.734+0800][92.104s][gc,ref      ] GC(4935) Soft: 46 encountered, 25 discovered, 0 enqueued
[2024-07-25T19:05:23.734+0800][92.104s][gc,ref      ] GC(4935) Weak: 131 encountered, 107 discovered, 0 enqueued
[2024-07-25T19:05:23.734+0800][92.104s][gc,ref      ] GC(4935) Final: 0 encountered, 0 discovered, 0 enqueued
[2024-07-25T19:05:23.735+0800][92.104s][gc,ref      ] GC(4935) Phantom: 184 encountered, 98 discovered, 0 enqueued
[2024-07-25T19:05:23.735+0800][92.104s][gc,reloc    ] GC(4935) Small Pages: 4 / 8M, Empty: 2M, Relocated: 0M, In-Place: 0
[2024-07-25T19:05:23.735+0800][92.104s][gc,reloc    ] GC(4935) Large Pages: 4 / 8M, Empty: 4M, Relocated: 0M, In-Place: 0
[2024-07-25T19:05:23.735+0800][92.104s][gc,reloc    ] GC(4935) Forwarding Usage: 0M
[2024-07-25T19:05:23.735+0800][92.104s][gc,heap     ] GC(4935) Min Capacity: 8M(50%)
[2024-07-25T19:05:23.735+0800][92.104s][gc,heap     ] GC(4935) Max Capacity: 16M(100%)
[2024-07-25T19:05:23.735+0800][92.104s][gc,heap     ] GC(4935) Soft Max Capacity: 16M(100%)
[2024-07-25T19:05:23.735+0800][92.104s][gc,heap     ] GC(4935)                Mark Start          Mark End        Relocate Start      Relocate End           High               Low         
[2024-07-25T19:05:23.735+0800][92.104s][gc,heap     ] GC(4935)  Capacity:       16M (100%)         16M (100%)         16M (100%)         16M (100%)         16M (100%)         16M (100%)   
[2024-07-25T19:05:23.735+0800][92.104s][gc,heap     ] GC(4935)      Free:        0M (0%)            0M (0%)            2M (12%)           2M (12%)           6M (38%)           0M (0%)     
[2024-07-25T19:05:23.735+0800][92.104s][gc,heap     ] GC(4935)      Used:       16M (100%)         16M (100%)         14M (88%)          14M (88%)          16M (100%)         10M (62%)    
[2024-07-25T19:05:23.735+0800][92.104s][gc,heap     ] GC(4935)      Live:         -                 8M (54%)           8M (54%)           8M (54%)            -                  -          
[2024-07-25T19:05:23.735+0800][92.104s][gc,heap     ] GC(4935) Allocated:         -                 0M (0%)            4M (25%)           4M (25%)            -                  -          
[2024-07-25T19:05:23.735+0800][92.104s][gc,heap     ] GC(4935)   Garbage:         -                 7M (46%)           1M (8%)            1M (8%)             -                  -          
[2024-07-25T19:05:23.735+0800][92.104s][gc,heap     ] GC(4935) Reclaimed:         -                  -                 6M (38%)           6M (38%)            -                  -          
[2024-07-25T19:05:23.735+0800][92.104s][gc          ] GC(4935) Garbage Collection (Allocation Stall) 16M(100%)->14M(88%)
[2024-07-25T19:05:23.738+0800][92.107s][gc,start    ] GC(4936) Garbage Collection (Allocation Stall)
[2024-07-25T19:05:23.738+0800][92.107s][gc,ref      ] GC(4936) Clearing All SoftReferences
[2024-07-25T19:05:23.738+0800][92.107s][gc,task     ] GC(4936) Using 1 workers
[2024-07-25T19:05:23.738+0800][92.108s][gc,phases   ] GC(4936) Pause Mark Start 0.026ms
[2024-07-25T19:05:23.745+0800][92.114s][gc,phases   ] GC(4936) Concurrent Mark 6.384ms
[2024-07-25T19:05:23.745+0800][92.114s][gc,phases   ] GC(4936) Pause Mark End 0.010ms
[2024-07-25T19:05:23.745+0800][92.114s][gc,phases   ] GC(4936) Concurrent Mark Free 0.001ms
[2024-07-25T19:05:23.747+0800][92.116s][gc,phases   ] GC(4936) Concurrent Process Non-Strong References 1.672ms
[2024-07-25T19:05:23.747+0800][92.116s][gc,phases   ] GC(4936) Concurrent Reset Relocation Set 0.000ms
[2024-07-25T19:05:23.750+0800][92.119s][gc          ] Allocation Stall (main) 11.955ms
[2024-07-25T19:05:23.750+0800][92.119s][gc,phases   ] GC(4936) Concurrent Select Relocation Set 3.020ms
[2024-07-25T19:05:23.750+0800][92.119s][gc,phases   ] GC(4936) Pause Relocate Start 0.008ms
[2024-07-25T19:05:23.750+0800][92.120s][gc,phases   ] GC(4936) Concurrent Relocate 0.139ms
[2024-07-25T19:05:23.750+0800][92.120s][gc,load     ] GC(4936) Load: 0.00/0.00/0.00
[2024-07-25T19:05:23.750+0800][92.120s][gc,mmu      ] GC(4936) MMU: 2ms/88.2%, 5ms/95.3%, 10ms/97.6%, 20ms/98.8%, 50ms/99.4%, 100ms/99.6%
[2024-07-25T19:05:23.750+0800][92.120s][gc,marking  ] GC(4936) Mark: 1 stripe(s), 1 proactive flush(es), 1 terminate flush(es), 0 completion(s), 0 continuation(s) 
[2024-07-25T19:05:23.750+0800][92.120s][gc,marking  ] GC(4936) Mark Stack Usage: 32M
[2024-07-25T19:05:23.751+0800][92.120s][gc,nmethod  ] GC(4936) NMethods: 535 registered, 0 unregistered
[2024-07-25T19:05:23.751+0800][92.120s][gc,metaspace] GC(4936) Metaspace: 1M used, 1M committed, 1088M reserved
[2024-07-25T19:05:23.751+0800][92.120s][gc,ref      ] GC(4936) Soft: 46 encountered, 25 discovered, 0 enqueued
[2024-07-25T19:05:23.751+0800][92.120s][gc,ref      ] GC(4936) Weak: 131 encountered, 107 discovered, 0 enqueued
[2024-07-25T19:05:23.751+0800][92.120s][gc,ref      ] GC(4936) Final: 0 encountered, 0 discovered, 0 enqueued
[2024-07-25T19:05:23.751+0800][92.120s][gc,ref      ] GC(4936) Phantom: 184 encountered, 98 discovered, 0 enqueued
[2024-07-25T19:05:23.751+0800][92.120s][gc,reloc    ] GC(4936) Small Pages: 4 / 8M, Empty: 2M, Relocated: 0M, In-Place: 0
[2024-07-25T19:05:23.751+0800][92.120s][gc,reloc    ] GC(4936) Large Pages: 4 / 8M, Empty: 4M, Relocated: 0M, In-Place: 0
[2024-07-25T19:05:23.751+0800][92.120s][gc,reloc    ] GC(4936) Forwarding Usage: 0M
[2024-07-25T19:05:23.751+0800][92.120s][gc,heap     ] GC(4936) Min Capacity: 8M(50%)
[2024-07-25T19:05:23.751+0800][92.120s][gc,heap     ] GC(4936) Max Capacity: 16M(100%)
[2024-07-25T19:05:23.751+0800][92.120s][gc,heap     ] GC(4936) Soft Max Capacity: 16M(100%)
[2024-07-25T19:05:23.751+0800][92.120s][gc,heap     ] GC(4936)                Mark Start          Mark End        Relocate Start      Relocate End           High               Low         
[2024-07-25T19:05:23.751+0800][92.120s][gc,heap     ] GC(4936)  Capacity:       16M (100%)         16M (100%)         16M (100%)         16M (100%)         16M (100%)         16M (100%)   
[2024-07-25T19:05:23.751+0800][92.120s][gc,heap     ] GC(4936)      Free:        0M (0%)            0M (0%)            2M (12%)           2M (12%)           6M (38%)           0M (0%)     
[2024-07-25T19:05:23.751+0800][92.120s][gc,heap     ] GC(4936)      Used:       16M (100%)         16M (100%)         14M (88%)          14M (88%)          16M (100%)         10M (62%)    
[2024-07-25T19:05:23.751+0800][92.120s][gc,heap     ] GC(4936)      Live:         -                 8M (54%)           8M (54%)           8M (54%)            -                  -          
[2024-07-25T19:05:23.751+0800][92.120s][gc,heap     ] GC(4936) Allocated:         -                 0M (0%)            4M (25%)           4M (25%)            -                  -          
[2024-07-25T19:05:23.751+0800][92.120s][gc,heap     ] GC(4936)   Garbage:         -                 7M (46%)           1M (8%)            1M (8%)             -                  -          
[2024-07-25T19:05:23.751+0800][92.120s][gc,heap     ] GC(4936) Reclaimed:         -                  -                 6M (38%)           6M (38%)            -                  -          
[2024-07-25T19:05:23.751+0800][92.120s][gc          ] GC(4936) Garbage Collection (Allocation Stall) 16M(100%)->14M(88%)
[2024-07-25T19:05:23.754+0800][92.123s][gc,start    ] GC(4937) Garbage Collection (Allocation Stall)
[2024-07-25T19:05:23.754+0800][92.123s][gc,ref      ] GC(4937) Clearing All SoftReferences
[2024-07-25T19:05:23.754+0800][92.123s][gc,task     ] GC(4937) Using 1 workers
[2024-07-25T19:05:23.754+0800][92.123s][gc,phases   ] GC(4937) Pause Mark Start 0.008ms
[2024-07-25T19:05:23.761+0800][92.130s][gc,phases   ] GC(4937) Concurrent Mark 6.615ms
[2024-07-25T19:05:23.761+0800][92.130s][gc,phases   ] GC(4937) Pause Mark End 0.012ms
[2024-07-25T19:05:23.761+0800][92.130s][gc,phases   ] GC(4937) Concurrent Mark Free 0.002ms
[2024-07-25T19:05:23.763+0800][92.132s][gc,phases   ] GC(4937) Concurrent Process Non-Strong References 1.662ms
[2024-07-25T19:05:23.763+0800][92.132s][gc,phases   ] GC(4937) Concurrent Reset Relocation Set 0.001ms
[2024-07-25T19:05:23.766+0800][92.135s][gc          ] Allocation Stall (main) 12.045ms
[2024-07-25T19:05:23.766+0800][92.135s][gc,phases   ] GC(4937) Concurrent Select Relocation Set 3.007ms
[2024-07-25T19:05:23.766+0800][92.135s][gc,phases   ] GC(4937) Pause Relocate Start 0.013ms
[2024-07-25T19:05:23.766+0800][92.136s][gc,phases   ] GC(4937) Concurrent Relocate 0.104ms
[2024-07-25T19:05:23.766+0800][92.136s][gc,load     ] GC(4937) Load: 0.00/0.00/0.00
[2024-07-25T19:05:23.766+0800][92.136s][gc,mmu      ] GC(4937) MMU: 2ms/88.2%, 5ms/95.3%, 10ms/97.6%, 20ms/98.8%, 50ms/99.4%, 100ms/99.6%
[2024-07-25T19:05:23.766+0800][92.136s][gc,marking  ] GC(4937) Mark: 1 stripe(s), 1 proactive flush(es), 1 terminate flush(es), 0 completion(s), 0 continuation(s) 
[2024-07-25T19:05:23.766+0800][92.136s][gc,marking  ] GC(4937) Mark Stack Usage: 32M
[2024-07-25T19:05:23.766+0800][92.136s][gc,nmethod  ] GC(4937) NMethods: 535 registered, 0 unregistered
[2024-07-25T19:05:23.767+0800][92.136s][gc,metaspace] GC(4937) Metaspace: 1M used, 1M committed, 1088M reserved
[2024-07-25T19:05:23.767+0800][92.136s][gc,ref      ] GC(4937) Soft: 46 encountered, 25 discovered, 0 enqueued
[2024-07-25T19:05:23.767+0800][92.136s][gc,ref      ] GC(4937) Weak: 131 encountered, 107 discovered, 0 enqueued
[2024-07-25T19:05:23.767+0800][92.136s][gc,ref      ] GC(4937) Final: 0 encountered, 0 discovered, 0 enqueued
[2024-07-25T19:05:23.767+0800][92.136s][gc,ref      ] GC(4937) Phantom: 184 encountered, 98 discovered, 0 enqueued
[2024-07-25T19:05:23.767+0800][92.136s][gc,reloc    ] GC(4937) Small Pages: 4 / 8M, Empty: 2M, Relocated: 0M, In-Place: 0
[2024-07-25T19:05:23.767+0800][92.136s][gc,reloc    ] GC(4937) Large Pages: 4 / 8M, Empty: 4M, Relocated: 0M, In-Place: 0
[2024-07-25T19:05:23.767+0800][92.136s][gc,reloc    ] GC(4937) Forwarding Usage: 0M
[2024-07-25T19:05:23.767+0800][92.136s][gc,heap     ] GC(4937) Min Capacity: 8M(50%)
[2024-07-25T19:05:23.767+0800][92.136s][gc,heap     ] GC(4937) Max Capacity: 16M(100%)
[2024-07-25T19:05:23.767+0800][92.136s][gc,heap     ] GC(4937) Soft Max Capacity: 16M(100%)
[2024-07-25T19:05:23.767+0800][92.137s][gc,heap     ] GC(4937)                Mark Start          Mark End        Relocate Start      Relocate End           High               Low         
[2024-07-25T19:05:23.767+0800][92.137s][gc,heap     ] GC(4937)  Capacity:       16M (100%)         16M (100%)         16M (100%)         16M (100%)         16M (100%)         16M (100%)   
[2024-07-25T19:05:23.767+0800][92.137s][gc,heap     ] GC(4937)      Free:        0M (0%)            0M (0%)            2M (12%)           2M (12%)           6M (38%)           0M (0%)     
[2024-07-25T19:05:23.767+0800][92.137s][gc,heap     ] GC(4937)      Used:       16M (100%)         16M (100%)         14M (88%)          14M (88%)          16M (100%)         10M (62%)    
[2024-07-25T19:05:23.767+0800][92.137s][gc,heap     ] GC(4937)      Live:         -                 8M (54%)           8M (54%)           8M (54%)            -                  -          
[2024-07-25T19:05:23.767+0800][92.137s][gc,heap     ] GC(4937) Allocated:         -                 0M (0%)            4M (25%)           4M (25%)            -                  -          
[2024-07-25T19:05:23.767+0800][92.137s][gc,heap     ] GC(4937)   Garbage:         -                 7M (46%)           1M (8%)            1M (8%)             -                  -          
[2024-07-25T19:05:23.767+0800][92.137s][gc,heap     ] GC(4937) Reclaimed:         -                  -                 6M (38%)           6M (38%)            -                  -          
[2024-07-25T19:05:23.767+0800][92.137s][gc          ] GC(4937) Garbage Collection (Allocation Stall) 16M(100%)->14M(88%)
[2024-07-25T19:05:23.771+0800][92.140s][gc,start    ] GC(4938) Garbage Collection (Allocation Stall)
[2024-07-25T19:05:23.771+0800][92.140s][gc,ref      ] GC(4938) Clearing All SoftReferences
[2024-07-25T19:05:23.771+0800][92.140s][gc,task     ] GC(4938) Using 1 workers
[2024-07-25T19:05:23.771+0800][92.141s][gc,phases   ] GC(4938) Pause Mark Start 0.011ms
[2024-07-25T19:05:23.777+0800][92.147s][gc,phases   ] GC(4938) Concurrent Mark 6.313ms
[2024-07-25T19:05:23.778+0800][92.147s][gc,phases   ] GC(4938) Pause Mark End 0.012ms
[2024-07-25T19:05:23.778+0800][92.147s][gc,phases   ] GC(4938) Concurrent Mark Free 0.001ms
[2024-07-25T19:05:23.779+0800][92.149s][gc,phases   ] GC(4938) Concurrent Process Non-Strong References 1.729ms
[2024-07-25T19:05:23.780+0800][92.149s][gc,phases   ] GC(4938) Concurrent Reset Relocation Set 0.001ms
[2024-07-25T19:05:23.783+0800][92.152s][gc          ] Allocation Stall (main) 11.954ms
[2024-07-25T19:05:23.783+0800][92.152s][gc,phases   ] GC(4938) Concurrent Select Relocation Set 3.060ms
[2024-07-25T19:05:23.783+0800][92.152s][gc,phases   ] GC(4938) Pause Relocate Start 0.010ms
[2024-07-25T19:05:23.783+0800][92.153s][gc,phases   ] GC(4938) Concurrent Relocate 0.042ms
[2024-07-25T19:05:23.783+0800][92.153s][gc,load     ] GC(4938) Load: 0.00/0.00/0.00
[2024-07-25T19:05:23.783+0800][92.153s][gc,mmu      ] GC(4938) MMU: 2ms/88.2%, 5ms/95.3%, 10ms/97.6%, 20ms/98.8%, 50ms/99.4%, 100ms/99.6%
[2024-07-25T19:05:23.783+0800][92.153s][gc,marking  ] GC(4938) Mark: 1 stripe(s), 1 proactive flush(es), 1 terminate flush(es), 0 completion(s), 0 continuation(s) 
[2024-07-25T19:05:23.783+0800][92.153s][gc,marking  ] GC(4938) Mark Stack Usage: 32M
[2024-07-25T19:05:23.783+0800][92.153s][gc,nmethod  ] GC(4938) NMethods: 535 registered, 0 unregistered
[2024-07-25T19:05:23.783+0800][92.153s][gc,metaspace] GC(4938) Metaspace: 1M used, 1M committed, 1088M reserved
[2024-07-25T19:05:23.783+0800][92.153s][gc,ref      ] GC(4938) Soft: 46 encountered, 25 discovered, 0 enqueued
[2024-07-25T19:05:23.783+0800][92.153s][gc,ref      ] GC(4938) Weak: 131 encountered, 107 discovered, 0 enqueued
[2024-07-25T19:05:23.783+0800][92.153s][gc,ref      ] GC(4938) Final: 0 encountered, 0 discovered, 0 enqueued
[2024-07-25T19:05:23.783+0800][92.153s][gc,ref      ] GC(4938) Phantom: 184 encountered, 98 discovered, 0 enqueued
[2024-07-25T19:05:23.783+0800][92.153s][gc,reloc    ] GC(4938) Small Pages: 4 / 8M, Empty: 2M, Relocated: 0M, In-Place: 0
[2024-07-25T19:05:23.783+0800][92.153s][gc,reloc    ] GC(4938) Large Pages: 4 / 8M, Empty: 4M, Relocated: 0M, In-Place: 0
[2024-07-25T19:05:23.783+0800][92.153s][gc,reloc    ] GC(4938) Forwarding Usage: 0M
[2024-07-25T19:05:23.783+0800][92.153s][gc,heap     ] GC(4938) Min Capacity: 8M(50%)
[2024-07-25T19:05:23.783+0800][92.153s][gc,heap     ] GC(4938) Max Capacity: 16M(100%)
[2024-07-25T19:05:23.783+0800][92.153s][gc,heap     ] GC(4938) Soft Max Capacity: 16M(100%)
[2024-07-25T19:05:23.784+0800][92.153s][gc,heap     ] GC(4938)                Mark Start          Mark End        Relocate Start      Relocate End           High               Low         
[2024-07-25T19:05:23.784+0800][92.153s][gc,heap     ] GC(4938)  Capacity:       16M (100%)         16M (100%)         16M (100%)         16M (100%)         16M (100%)         16M (100%)   
[2024-07-25T19:05:23.784+0800][92.153s][gc,heap     ] GC(4938)      Free:        0M (0%)            0M (0%)            4M (25%)           4M (25%)           6M (38%)           0M (0%)     
[2024-07-25T19:05:23.784+0800][92.153s][gc,heap     ] GC(4938)      Used:       16M (100%)         16M (100%)         12M (75%)          12M (75%)          16M (100%)         10M (62%)    
[2024-07-25T19:05:23.784+0800][92.153s][gc,heap     ] GC(4938)      Live:         -                 8M (54%)           8M (54%)           8M (54%)            -                  -          
[2024-07-25T19:05:23.784+0800][92.153s][gc,heap     ] GC(4938) Allocated:         -                 0M (0%)            2M (12%)           2M (12%)            -                  -          
[2024-07-25T19:05:23.784+0800][92.153s][gc,heap     ] GC(4938)   Garbage:         -                 7M (46%)           1M (8%)            1M (8%)             -                  -          
[2024-07-25T19:05:23.784+0800][92.153s][gc,heap     ] GC(4938) Reclaimed:         -                  -                 6M (38%)           6M (38%)            -                  -          
[2024-07-25T19:05:23.784+0800][92.153s][gc          ] GC(4938) Garbage Collection (Allocation Stall) 16M(100%)->12M(75%)
[2024-07-25T19:05:23.787+0800][92.156s][gc,start    ] GC(4939) Garbage Collection (Allocation Stall)
[2024-07-25T19:05:23.787+0800][92.156s][gc,ref      ] GC(4939) Clearing All SoftReferences
[2024-07-25T19:05:23.787+0800][92.156s][gc,task     ] GC(4939) Using 1 workers
[2024-07-25T19:05:23.787+0800][92.157s][gc,phases   ] GC(4939) Pause Mark Start 0.030ms
[2024-07-25T19:05:23.794+0800][92.163s][gc,phases   ] GC(4939) Concurrent Mark 6.741ms
[2024-07-25T19:05:23.794+0800][92.164s][gc,phases   ] GC(4939) Pause Mark End 0.011ms
[2024-07-25T19:05:23.794+0800][92.164s][gc,phases   ] GC(4939) Concurrent Mark Free 0.001ms
[2024-07-25T19:05:23.796+0800][92.166s][gc,phases   ] GC(4939) Concurrent Process Non-Strong References 1.745ms
[2024-07-25T19:05:23.796+0800][92.166s][gc,phases   ] GC(4939) Concurrent Reset Relocation Set 0.001ms
[2024-07-25T19:05:23.798+0800][92.168s][gc          ] Allocation Stall (main) 11.922ms
[2024-07-25T19:05:23.799+0800][92.168s][gc,phases   ] GC(4939) Concurrent Select Relocation Set 2.584ms
[2024-07-25T19:05:23.799+0800][92.168s][gc,phases   ] GC(4939) Pause Relocate Start 0.009ms
[2024-07-25T19:05:23.799+0800][92.169s][gc,phases   ] GC(4939) Concurrent Relocate 0.043ms
[2024-07-25T19:05:23.799+0800][92.169s][gc,load     ] GC(4939) Load: 0.00/0.00/0.00
[2024-07-25T19:05:23.799+0800][92.169s][gc,mmu      ] GC(4939) MMU: 2ms/88.2%, 5ms/95.3%, 10ms/97.6%, 20ms/98.8%, 50ms/99.4%, 100ms/99.6%
[2024-07-25T19:05:23.799+0800][92.169s][gc,marking  ] GC(4939) Mark: 1 stripe(s), 1 proactive flush(es), 1 terminate flush(es), 0 completion(s), 0 continuation(s) 
[2024-07-25T19:05:23.799+0800][92.169s][gc,marking  ] GC(4939) Mark Stack Usage: 32M
[2024-07-25T19:05:23.799+0800][92.169s][gc,nmethod  ] GC(4939) NMethods: 535 registered, 0 unregistered
[2024-07-25T19:05:23.799+0800][92.169s][gc,metaspace] GC(4939) Metaspace: 1M used, 1M committed, 1088M reserved
[2024-07-25T19:05:23.799+0800][92.169s][gc,ref      ] GC(4939) Soft: 46 encountered, 25 discovered, 0 enqueued
[2024-07-25T19:05:23.799+0800][92.169s][gc,ref      ] GC(4939) Weak: 131 encountered, 107 discovered, 0 enqueued
[2024-07-25T19:05:23.799+0800][92.169s][gc,ref      ] GC(4939) Final: 0 encountered, 0 discovered, 0 enqueued
[2024-07-25T19:05:23.799+0800][92.169s][gc,ref      ] GC(4939) Phantom: 184 encountered, 98 discovered, 0 enqueued
[2024-07-25T19:05:23.800+0800][92.169s][gc,reloc    ] GC(4939) Small Pages: 4 / 8M, Empty: 2M, Relocated: 0M, In-Place: 0
[2024-07-25T19:05:23.800+0800][92.169s][gc,reloc    ] GC(4939) Large Pages: 4 / 8M, Empty: 4M, Relocated: 0M, In-Place: 0
[2024-07-25T19:05:23.800+0800][92.169s][gc,reloc    ] GC(4939) Forwarding Usage: 0M
[2024-07-25T19:05:23.800+0800][92.169s][gc,heap     ] GC(4939) Min Capacity: 8M(50%)
[2024-07-25T19:05:23.800+0800][92.169s][gc,heap     ] GC(4939) Max Capacity: 16M(100%)
[2024-07-25T19:05:23.800+0800][92.169s][gc,heap     ] GC(4939) Soft Max Capacity: 16M(100%)
[2024-07-25T19:05:23.800+0800][92.169s][gc,heap     ] GC(4939)                Mark Start          Mark End        Relocate Start      Relocate End           High               Low         
[2024-07-25T19:05:23.800+0800][92.169s][gc,heap     ] GC(4939)  Capacity:       16M (100%)         16M (100%)         16M (100%)         16M (100%)         16M (100%)         16M (100%)   
[2024-07-25T19:05:23.800+0800][92.169s][gc,heap     ] GC(4939)      Free:        0M (0%)            0M (0%)            2M (12%)           2M (12%)           6M (38%)           0M (0%)     
[2024-07-25T19:05:23.800+0800][92.169s][gc,heap     ] GC(4939)      Used:       16M (100%)         16M (100%)         14M (88%)          14M (88%)          16M (100%)         10M (62%)    
[2024-07-25T19:05:23.800+0800][92.170s][gc,heap     ] GC(4939)      Live:         -                 8M (54%)           8M (54%)           8M (54%)            -                  -          
[2024-07-25T19:05:23.800+0800][92.170s][gc,heap     ] GC(4939) Allocated:         -                 0M (0%)            4M (25%)           4M (25%)            -                  -          
[2024-07-25T19:05:23.800+0800][92.170s][gc,heap     ] GC(4939)   Garbage:         -                 7M (46%)           1M (8%)            1M (8%)             -                  -          
[2024-07-25T19:05:23.800+0800][92.170s][gc,heap     ] GC(4939) Reclaimed:         -                  -                 6M (38%)           6M (38%)            -                  -          
[2024-07-25T19:05:23.800+0800][92.170s][gc          ] GC(4939) Garbage Collection (Allocation Stall) 16M(100%)->14M(88%)
[2024-07-25T19:05:23.803+0800][92.172s][gc,start    ] GC(4940) Garbage Collection (Allocation Stall)
[2024-07-25T19:05:23.803+0800][92.172s][gc,ref      ] GC(4940) Clearing All SoftReferences
[2024-07-25T19:05:23.803+0800][92.172s][gc,task     ] GC(4940) Using 1 workers
[2024-07-25T19:05:23.803+0800][92.172s][gc,phases   ] GC(4940) Pause Mark Start 0.008ms
[2024-07-25T19:05:23.812+0800][92.181s][gc,phases   ] GC(4940) Concurrent Mark 8.433ms
[2024-07-25T19:05:23.812+0800][92.181s][gc,phases   ] GC(4940) Pause Mark End 0.025ms
[2024-07-25T19:05:23.812+0800][92.181s][gc,phases   ] GC(4940) Concurrent Mark Free 0.001ms
[2024-07-25T19:05:23.814+0800][92.183s][gc,phases   ] GC(4940) Concurrent Process Non-Strong References 2.003ms
[2024-07-25T19:05:23.814+0800][92.183s][gc,phases   ] GC(4940) Concurrent Reset Relocation Set 0.001ms
[2024-07-25T19:05:23.817+0800][92.186s][gc          ] Allocation Stall (main) 14.080ms
[2024-07-25T19:05:23.817+0800][92.186s][gc,phases   ] GC(4940) Concurrent Select Relocation Set 2.873ms
[2024-07-25T19:05:23.817+0800][92.186s][gc,phases   ] GC(4940) Pause Relocate Start 0.009ms
[2024-07-25T19:05:23.818+0800][92.187s][gc,phases   ] GC(4940) Concurrent Relocate 0.055ms
[2024-07-25T19:05:23.818+0800][92.187s][gc,load     ] GC(4940) Load: 0.00/0.00/0.00
[2024-07-25T19:05:23.818+0800][92.187s][gc,mmu      ] GC(4940) MMU: 2ms/88.2%, 5ms/95.3%, 10ms/97.6%, 20ms/98.8%, 50ms/99.4%, 100ms/99.6%
[2024-07-25T19:05:23.818+0800][92.187s][gc,marking  ] GC(4940) Mark: 1 stripe(s), 1 proactive flush(es), 1 terminate flush(es), 0 completion(s), 0 continuation(s) 
[2024-07-25T19:05:23.818+0800][92.187s][gc,marking  ] GC(4940) Mark Stack Usage: 32M
[2024-07-25T19:05:23.818+0800][92.187s][gc,nmethod  ] GC(4940) NMethods: 535 registered, 0 unregistered
[2024-07-25T19:05:23.818+0800][92.187s][gc,metaspace] GC(4940) Metaspace: 1M used, 1M committed, 1088M reserved
[2024-07-25T19:05:23.818+0800][92.187s][gc,ref      ] GC(4940) Soft: 46 encountered, 25 discovered, 0 enqueued
[2024-07-25T19:05:23.818+0800][92.187s][gc,ref      ] GC(4940) Weak: 131 encountered, 107 discovered, 0 enqueued
[2024-07-25T19:05:23.818+0800][92.187s][gc,ref      ] GC(4940) Final: 0 encountered, 0 discovered, 0 enqueued
[2024-07-25T19:05:23.818+0800][92.187s][gc,ref      ] GC(4940) Phantom: 184 encountered, 98 discovered, 0 enqueued
[2024-07-25T19:05:23.818+0800][92.187s][gc,reloc    ] GC(4940) Small Pages: 4 / 8M, Empty: 2M, Relocated: 0M, In-Place: 0
[2024-07-25T19:05:23.818+0800][92.187s][gc,reloc    ] GC(4940) Large Pages: 4 / 8M, Empty: 4M, Relocated: 0M, In-Place: 0
[2024-07-25T19:05:23.818+0800][92.187s][gc,reloc    ] GC(4940) Forwarding Usage: 0M
[2024-07-25T19:05:23.818+0800][92.187s][gc,heap     ] GC(4940) Min Capacity: 8M(50%)
[2024-07-25T19:05:23.818+0800][92.187s][gc,heap     ] GC(4940) Max Capacity: 16M(100%)
[2024-07-25T19:05:23.818+0800][92.187s][gc,heap     ] GC(4940) Soft Max Capacity: 16M(100%)
[2024-07-25T19:05:23.818+0800][92.187s][gc,heap     ] GC(4940)                Mark Start          Mark End        Relocate Start      Relocate End           High               Low         
[2024-07-25T19:05:23.818+0800][92.187s][gc,heap     ] GC(4940)  Capacity:       16M (100%)         16M (100%)         16M (100%)         16M (100%)         16M (100%)         16M (100%)   
[2024-07-25T19:05:23.818+0800][92.187s][gc,heap     ] GC(4940)      Free:        0M (0%)            0M (0%)            2M (12%)           2M (12%)           6M (38%)           0M (0%)     
[2024-07-25T19:05:23.818+0800][92.187s][gc,heap     ] GC(4940)      Used:       16M (100%)         16M (100%)         14M (88%)          14M (88%)          16M (100%)         10M (62%)    
[2024-07-25T19:05:23.818+0800][92.187s][gc,heap     ] GC(4940)      Live:         -                 8M (54%)           8M (54%)           8M (54%)            -                  -          
[2024-07-25T19:05:23.818+0800][92.187s][gc,heap     ] GC(4940) Allocated:         -                 0M (0%)            4M (25%)           4M (25%)            -                  -          
[2024-07-25T19:05:23.818+0800][92.187s][gc,heap     ] GC(4940)   Garbage:         -                 7M (46%)           1M (8%)            1M (8%)             -                  -          
[2024-07-25T19:05:23.819+0800][92.187s][gc,heap     ] GC(4940) Reclaimed:         -                  -                 6M (38%)           6M (38%)            -                  -          
[2024-07-25T19:05:23.819+0800][92.188s][gc          ] GC(4940) Garbage Collection (Allocation Stall) 16M(100%)->14M(88%)
[2024-07-25T19:05:23.822+0800][92.191s][gc,start    ] GC(4941) Garbage Collection (Allocation Rate)
[2024-07-25T19:05:23.822+0800][92.191s][gc,task     ] GC(4941) Using 1 workers
[2024-07-25T19:05:23.822+0800][92.191s][gc,phases   ] GC(4941) Pause Mark Start 0.010ms
[2024-07-25T19:05:23.829+0800][92.198s][gc,phases   ] GC(4941) Concurrent Mark 6.797ms
[2024-07-25T19:05:23.829+0800][92.198s][gc,phases   ] GC(4941) Pause Mark End 0.015ms
[2024-07-25T19:05:23.829+0800][92.198s][gc,phases   ] GC(4941) Concurrent Mark Free 0.001ms
[2024-07-25T19:05:23.831+0800][92.200s][gc,phases   ] GC(4941) Concurrent Process Non-Strong References 1.951ms
[2024-07-25T19:05:23.831+0800][92.200s][gc,phases   ] GC(4941) Concurrent Reset Relocation Set 0.001ms
[2024-07-25T19:05:23.834+0800][92.203s][gc          ] Allocation Stall (main) 11.639ms
[2024-07-25T19:05:23.834+0800][92.203s][gc,phases   ] GC(4941) Concurrent Select Relocation Set 2.757ms
[2024-07-25T19:05:23.834+0800][92.203s][gc,phases   ] GC(4941) Pause Relocate Start 0.014ms
[2024-07-25T19:05:23.834+0800][92.203s][gc,phases   ] GC(4941) Concurrent Relocate 0.081ms
[2024-07-25T19:05:23.834+0800][92.203s][gc,load     ] GC(4941) Load: 0.00/0.00/0.00
[2024-07-25T19:05:23.835+0800][92.203s][gc,mmu      ] GC(4941) MMU: 2ms/88.2%, 5ms/95.3%, 10ms/97.6%, 20ms/98.8%, 50ms/99.4%, 100ms/99.6%
[2024-07-25T19:05:23.835+0800][92.204s][gc,marking  ] GC(4941) Mark: 1 stripe(s), 2 proactive flush(es), 1 terminate flush(es), 0 completion(s), 0 continuation(s) 
[2024-07-25T19:05:23.835+0800][92.204s][gc,marking  ] GC(4941) Mark Stack Usage: 32M
[2024-07-25T19:05:23.835+0800][92.204s][gc,nmethod  ] GC(4941) NMethods: 535 registered, 0 unregistered
[2024-07-25T19:05:23.835+0800][92.204s][gc,metaspace] GC(4941) Metaspace: 1M used, 1M committed, 1088M reserved
[2024-07-25T19:05:23.835+0800][92.204s][gc,ref      ] GC(4941) Soft: 46 encountered, 25 discovered, 0 enqueued
[2024-07-25T19:05:23.835+0800][92.204s][gc,ref      ] GC(4941) Weak: 131 encountered, 107 discovered, 0 enqueued
[2024-07-25T19:05:23.835+0800][92.204s][gc,ref      ] GC(4941) Final: 0 encountered, 0 discovered, 0 enqueued
[2024-07-25T19:05:23.835+0800][92.204s][gc,ref      ] GC(4941) Phantom: 184 encountered, 98 discovered, 0 enqueued
[2024-07-25T19:05:23.835+0800][92.204s][gc,reloc    ] GC(4941) Small Pages: 4 / 8M, Empty: 2M, Relocated: 0M, In-Place: 0
[2024-07-25T19:05:23.835+0800][92.204s][gc,reloc    ] GC(4941) Large Pages: 4 / 8M, Empty: 4M, Relocated: 0M, In-Place: 0
[2024-07-25T19:05:23.835+0800][92.204s][gc,reloc    ] GC(4941) Forwarding Usage: 0M
[2024-07-25T19:05:23.835+0800][92.204s][gc,heap     ] GC(4941) Min Capacity: 8M(50%)
[2024-07-25T19:05:23.835+0800][92.204s][gc,heap     ] GC(4941) Max Capacity: 16M(100%)
[2024-07-25T19:05:23.835+0800][92.204s][gc,heap     ] GC(4941) Soft Max Capacity: 16M(100%)
[2024-07-25T19:05:23.835+0800][92.204s][gc,heap     ] GC(4941)                Mark Start          Mark End        Relocate Start      Relocate End           High               Low         
[2024-07-25T19:05:23.835+0800][92.204s][gc,heap     ] GC(4941)  Capacity:       16M (100%)         16M (100%)         16M (100%)         16M (100%)         16M (100%)         16M (100%)   
[2024-07-25T19:05:23.835+0800][92.204s][gc,heap     ] GC(4941)      Free:        0M (0%)            0M (0%)            4M (25%)           4M (25%)           6M (38%)           0M (0%)     
[2024-07-25T19:05:23.835+0800][92.204s][gc,heap     ] GC(4941)      Used:       16M (100%)         16M (100%)         12M (75%)          12M (75%)          16M (100%)         10M (62%)    
[2024-07-25T19:05:23.835+0800][92.204s][gc,heap     ] GC(4941)      Live:         -                 8M (54%)           8M (54%)           8M (54%)            -                  -          
[2024-07-25T19:05:23.835+0800][92.204s][gc,heap     ] GC(4941) Allocated:         -                 0M (0%)            2M (12%)           2M (12%)            -                  -          
[2024-07-25T19:05:23.835+0800][92.204s][gc,heap     ] GC(4941)   Garbage:         -                 7M (46%)           1M (8%)            1M (8%)             -                  -          
[2024-07-25T19:05:23.835+0800][92.204s][gc,heap     ] GC(4941) Reclaimed:         -                  -                 6M (38%)           6M (38%)            -                  -          
[2024-07-25T19:05:23.835+0800][92.204s][gc          ] GC(4941) Garbage Collection (Allocation Rate) 16M(100%)->12M(75%)
[2024-07-25T19:05:23.843+0800][92.212s][gc,start    ] GC(4942) Garbage Collection (Allocation Stall)
[2024-07-25T19:05:23.843+0800][92.212s][gc,ref      ] GC(4942) Clearing All SoftReferences
[2024-07-25T19:05:23.843+0800][92.212s][gc,task     ] GC(4942) Using 1 workers
[2024-07-25T19:05:23.843+0800][92.212s][gc,phases   ] GC(4942) Pause Mark Start 0.008ms
[2024-07-25T19:05:23.850+0800][92.218s][gc,phases   ] GC(4942) Concurrent Mark 6.550ms
[2024-07-25T19:05:23.850+0800][92.219s][gc,phases   ] GC(4942) Pause Mark End 0.012ms
[2024-07-25T19:05:23.850+0800][92.219s][gc,phases   ] GC(4942) Concurrent Mark Free 0.001ms
[2024-07-25T19:05:23.852+0800][92.221s][gc,phases   ] GC(4942) Concurrent Process Non-Strong References 1.778ms
[2024-07-25T19:05:23.852+0800][92.221s][gc,phases   ] GC(4942) Concurrent Reset Relocation Set 0.001ms
[2024-07-25T19:05:23.856+0800][92.225s][gc          ] Allocation Stall (main) 13.594ms
[2024-07-25T19:05:23.856+0800][92.225s][gc,phases   ] GC(4942) Concurrent Select Relocation Set 4.402ms
[2024-07-25T19:05:23.856+0800][92.225s][gc,phases   ] GC(4942) Pause Relocate Start 0.014ms
[2024-07-25T19:05:23.857+0800][92.226s][gc,phases   ] GC(4942) Concurrent Relocate 0.114ms
[2024-07-25T19:05:23.857+0800][92.226s][gc,load     ] GC(4942) Load: 0.00/0.00/0.00
[2024-07-25T19:05:23.857+0800][92.226s][gc,mmu      ] GC(4942) MMU: 2ms/88.2%, 5ms/95.3%, 10ms/97.6%, 20ms/98.8%, 50ms/99.4%, 100ms/99.6%
[2024-07-25T19:05:23.857+0800][92.226s][gc,marking  ] GC(4942) Mark: 1 stripe(s), 1 proactive flush(es), 1 terminate flush(es), 0 completion(s), 0 continuation(s) 
[2024-07-25T19:05:23.857+0800][92.226s][gc,marking  ] GC(4942) Mark Stack Usage: 32M
[2024-07-25T19:05:23.857+0800][92.226s][gc,nmethod  ] GC(4942) NMethods: 535 registered, 0 unregistered
[2024-07-25T19:05:23.857+0800][92.226s][gc,metaspace] GC(4942) Metaspace: 1M used, 1M committed, 1088M reserved
[2024-07-25T19:05:23.857+0800][92.226s][gc,ref      ] GC(4942) Soft: 46 encountered, 25 discovered, 0 enqueued
[2024-07-25T19:05:23.857+0800][92.226s][gc,ref      ] GC(4942) Weak: 131 encountered, 107 discovered, 0 enqueued
[2024-07-25T19:05:23.857+0800][92.226s][gc,ref      ] GC(4942) Final: 0 encountered, 0 discovered, 0 enqueued
[2024-07-25T19:05:23.857+0800][92.226s][gc,ref      ] GC(4942) Phantom: 184 encountered, 98 discovered, 0 enqueued
[2024-07-25T19:05:23.857+0800][92.226s][gc,reloc    ] GC(4942) Small Pages: 4 / 8M, Empty: 2M, Relocated: 0M, In-Place: 0
[2024-07-25T19:05:23.857+0800][92.226s][gc,reloc    ] GC(4942) Large Pages: 4 / 8M, Empty: 4M, Relocated: 0M, In-Place: 0
[2024-07-25T19:05:23.857+0800][92.226s][gc,reloc    ] GC(4942) Forwarding Usage: 0M
[2024-07-25T19:05:23.857+0800][92.226s][gc,heap     ] GC(4942) Min Capacity: 8M(50%)
[2024-07-25T19:05:23.857+0800][92.226s][gc,heap     ] GC(4942) Max Capacity: 16M(100%)
[2024-07-25T19:05:23.857+0800][92.226s][gc,heap     ] GC(4942) Soft Max Capacity: 16M(100%)
[2024-07-25T19:05:23.857+0800][92.226s][gc,heap     ] GC(4942)                Mark Start          Mark End        Relocate Start      Relocate End           High               Low         
[2024-07-25T19:05:23.857+0800][92.226s][gc,heap     ] GC(4942)  Capacity:       16M (100%)         16M (100%)         16M (100%)         16M (100%)         16M (100%)         16M (100%)   
[2024-07-25T19:05:23.857+0800][92.226s][gc,heap     ] GC(4942)      Free:        0M (0%)            0M (0%)            2M (12%)           2M (12%)           6M (38%)           0M (0%)     
[2024-07-25T19:05:23.857+0800][92.226s][gc,heap     ] GC(4942)      Used:       16M (100%)         16M (100%)         14M (88%)          14M (88%)          16M (100%)         10M (62%)    
[2024-07-25T19:05:23.858+0800][92.226s][gc,heap     ] GC(4942)      Live:         -                 8M (54%)           8M (54%)           8M (54%)            -                  -          
[2024-07-25T19:05:23.858+0800][92.227s][gc,heap     ] GC(4942) Allocated:         -                 0M (0%)            4M (25%)           4M (25%)            -                  -          
[2024-07-25T19:05:23.858+0800][92.227s][gc,heap     ] GC(4942)   Garbage:         -                 7M (46%)           1M (8%)            1M (8%)             -                  -          
[2024-07-25T19:05:23.858+0800][92.227s][gc,heap     ] GC(4942) Reclaimed:         -                  -                 6M (38%)           6M (38%)            -                  -          
[2024-07-25T19:05:23.858+0800][92.227s][gc          ] GC(4942) Garbage Collection (Allocation Stall) 16M(100%)->14M(88%)
[2024-07-25T19:05:23.863+0800][92.232s][gc,start    ] GC(4943) Garbage Collection (Allocation Stall)
[2024-07-25T19:05:23.863+0800][92.232s][gc,ref      ] GC(4943) Clearing All SoftReferences
[2024-07-25T19:05:23.863+0800][92.232s][gc,task     ] GC(4943) Using 1 workers
[2024-07-25T19:05:23.863+0800][92.232s][gc,phases   ] GC(4943) Pause Mark Start 0.009ms
[2024-07-25T19:05:23.869+0800][92.238s][gc,phases   ] GC(4943) Concurrent Mark 6.015ms
[2024-07-25T19:05:23.869+0800][92.238s][gc,phases   ] GC(4943) Pause Mark End 0.011ms
[2024-07-25T19:05:23.869+0800][92.238s][gc,phases   ] GC(4943) Concurrent Mark Free 0.001ms
[2024-07-25T19:05:23.871+0800][92.240s][gc,phases   ] GC(4943) Concurrent Process Non-Strong References 1.724ms
[2024-07-25T19:05:23.871+0800][92.240s][gc,phases   ] GC(4943) Concurrent Reset Relocation Set 0.001ms
[2024-07-25T19:05:23.874+0800][92.243s][gc          ] Allocation Stall (main) 11.769ms
[2024-07-25T19:05:23.874+0800][92.243s][gc,phases   ] GC(4943) Concurrent Select Relocation Set 3.220ms
[2024-07-25T19:05:23.874+0800][92.244s][gc,phases   ] GC(4943) Pause Relocate Start 0.009ms
[2024-07-25T19:05:23.875+0800][92.244s][gc,phases   ] GC(4943) Concurrent Relocate 0.092ms
[2024-07-25T19:05:23.875+0800][92.244s][gc,load     ] GC(4943) Load: 0.00/0.00/0.00
[2024-07-25T19:05:23.875+0800][92.244s][gc,mmu      ] GC(4943) MMU: 2ms/88.2%, 5ms/95.3%, 10ms/97.6%, 20ms/98.8%, 50ms/99.4%, 100ms/99.6%
[2024-07-25T19:05:23.875+0800][92.244s][gc,marking  ] GC(4943) Mark: 1 stripe(s), 1 proactive flush(es), 1 terminate flush(es), 0 completion(s), 0 continuation(s) 
[2024-07-25T19:05:23.875+0800][92.244s][gc,marking  ] GC(4943) Mark Stack Usage: 32M
[2024-07-25T19:05:23.875+0800][92.244s][gc,nmethod  ] GC(4943) NMethods: 535 registered, 0 unregistered
[2024-07-25T19:05:23.875+0800][92.244s][gc,metaspace] GC(4943) Metaspace: 1M used, 1M committed, 1088M reserved
[2024-07-25T19:05:23.875+0800][92.244s][gc,ref      ] GC(4943) Soft: 46 encountered, 25 discovered, 0 enqueued
[2024-07-25T19:05:23.875+0800][92.244s][gc,ref      ] GC(4943) Weak: 131 encountered, 107 discovered, 0 enqueued
[2024-07-25T19:05:23.875+0800][92.244s][gc,ref      ] GC(4943) Final: 0 encountered, 0 discovered, 0 enqueued
[2024-07-25T19:05:23.875+0800][92.244s][gc,ref      ] GC(4943) Phantom: 184 encountered, 98 discovered, 0 enqueued
[2024-07-25T19:05:23.875+0800][92.244s][gc,reloc    ] GC(4943) Small Pages: 4 / 8M, Empty: 2M, Relocated: 0M, In-Place: 0
[2024-07-25T19:05:23.875+0800][92.244s][gc,reloc    ] GC(4943) Large Pages: 4 / 8M, Empty: 4M, Relocated: 0M, In-Place: 0
[2024-07-25T19:05:23.875+0800][92.244s][gc,reloc    ] GC(4943) Forwarding Usage: 0M
[2024-07-25T19:05:23.875+0800][92.244s][gc,heap     ] GC(4943) Min Capacity: 8M(50%)
[2024-07-25T19:05:23.875+0800][92.244s][gc,heap     ] GC(4943) Max Capacity: 16M(100%)
[2024-07-25T19:05:23.875+0800][92.244s][gc,heap     ] GC(4943) Soft Max Capacity: 16M(100%)
[2024-07-25T19:05:23.875+0800][92.244s][gc,heap     ] GC(4943)                Mark Start          Mark End        Relocate Start      Relocate End           High               Low         
[2024-07-25T19:05:23.875+0800][92.244s][gc,heap     ] GC(4943)  Capacity:       16M (100%)         16M (100%)         16M (100%)         16M (100%)         16M (100%)         16M (100%)   
[2024-07-25T19:05:23.875+0800][92.244s][gc,heap     ] GC(4943)      Free:        0M (0%)            0M (0%)            2M (12%)           2M (12%)           6M (38%)           0M (0%)     
[2024-07-25T19:05:23.875+0800][92.244s][gc,heap     ] GC(4943)      Used:       16M (100%)         16M (100%)         14M (88%)          14M (88%)          16M (100%)         10M (62%)    
[2024-07-25T19:05:23.875+0800][92.244s][gc,heap     ] GC(4943)      Live:         -                 8M (54%)           8M (54%)           8M (54%)            -                  -          
[2024-07-25T19:05:23.875+0800][92.244s][gc,heap     ] GC(4943) Allocated:         -                 0M (0%)            4M (25%)           4M (25%)            -                  -          
[2024-07-25T19:05:23.875+0800][92.244s][gc,heap     ] GC(4943)   Garbage:         -                 7M (46%)           1M (8%)            1M (8%)             -                  -          
[2024-07-25T19:05:23.875+0800][92.244s][gc,heap     ] GC(4943) Reclaimed:         -                  -                 6M (38%)           6M (38%)            -                  -          
[2024-07-25T19:05:23.875+0800][92.245s][gc          ] GC(4943) Garbage Collection (Allocation Stall) 16M(100%)->14M(88%)
[2024-07-25T19:05:23.880+0800][92.249s][gc,start    ] GC(4944) Garbage Collection (Allocation Stall)
[2024-07-25T19:05:23.880+0800][92.249s][gc,ref      ] GC(4944) Clearing All SoftReferences
[2024-07-25T19:05:23.880+0800][92.249s][gc,task     ] GC(4944) Using 1 workers
[2024-07-25T19:05:23.880+0800][92.249s][gc,phases   ] GC(4944) Pause Mark Start 0.010ms
[2024-07-25T19:05:23.888+0800][92.257s][gc,phases   ] GC(4944) Concurrent Mark 7.617ms
[2024-07-25T19:05:23.888+0800][92.257s][gc,phases   ] GC(4944) Pause Mark End 0.014ms
[2024-07-25T19:05:23.888+0800][92.258s][gc,phases   ] GC(4944) Concurrent Mark Free 0.001ms
[2024-07-25T19:05:23.891+0800][92.260s][gc,phases   ] GC(4944) Concurrent Process Non-Strong References 2.801ms
[2024-07-25T19:05:23.891+0800][92.260s][gc,phases   ] GC(4944) Concurrent Reset Relocation Set 0.001ms
[2024-07-25T19:05:23.895+0800][92.264s][gc          ] Allocation Stall (main) 15.061ms
[2024-07-25T19:05:23.895+0800][92.264s][gc,phases   ] GC(4944) Concurrent Select Relocation Set 3.621ms
[2024-07-25T19:05:23.895+0800][92.264s][gc,phases   ] GC(4944) Pause Relocate Start 0.010ms
[2024-07-25T19:05:23.896+0800][92.265s][gc,phases   ] GC(4944) Concurrent Relocate 0.161ms
[2024-07-25T19:05:23.896+0800][92.265s][gc,load     ] GC(4944) Load: 0.00/0.00/0.00
[2024-07-25T19:05:23.896+0800][92.265s][gc,mmu      ] GC(4944) MMU: 2ms/88.2%, 5ms/95.3%, 10ms/97.6%, 20ms/98.8%, 50ms/99.4%, 100ms/99.6%
[2024-07-25T19:05:23.896+0800][92.265s][gc,marking  ] GC(4944) Mark: 1 stripe(s), 1 proactive flush(es), 1 terminate flush(es), 0 completion(s), 0 continuation(s) 
[2024-07-25T19:05:23.896+0800][92.265s][gc,marking  ] GC(4944) Mark Stack Usage: 32M
[2024-07-25T19:05:23.896+0800][92.265s][gc,nmethod  ] GC(4944) NMethods: 535 registered, 0 unregistered
[2024-07-25T19:05:23.896+0800][92.265s][gc,metaspace] GC(4944) Metaspace: 1M used, 1M committed, 1088M reserved
[2024-07-25T19:05:23.896+0800][92.265s][gc,ref      ] GC(4944) Soft: 46 encountered, 25 discovered, 0 enqueued
[2024-07-25T19:05:23.896+0800][92.265s][gc,ref      ] GC(4944) Weak: 131 encountered, 107 discovered, 0 enqueued
[2024-07-25T19:05:23.896+0800][92.265s][gc,ref      ] GC(4944) Final: 0 encountered, 0 discovered, 0 enqueued
[2024-07-25T19:05:23.896+0800][92.265s][gc,ref      ] GC(4944) Phantom: 184 encountered, 98 discovered, 0 enqueued
[2024-07-25T19:05:23.896+0800][92.265s][gc,reloc    ] GC(4944) Small Pages: 4 / 8M, Empty: 2M, Relocated: 0M, In-Place: 0
[2024-07-25T19:05:23.896+0800][92.265s][gc,reloc    ] GC(4944) Large Pages: 4 / 8M, Empty: 4M, Relocated: 0M, In-Place: 0
[2024-07-25T19:05:23.896+0800][92.265s][gc,reloc    ] GC(4944) Forwarding Usage: 0M
[2024-07-25T19:05:23.896+0800][92.265s][gc,heap     ] GC(4944) Min Capacity: 8M(50%)
[2024-07-25T19:05:23.896+0800][92.265s][gc,heap     ] GC(4944) Max Capacity: 16M(100%)
[2024-07-25T19:05:23.896+0800][92.265s][gc,heap     ] GC(4944) Soft Max Capacity: 16M(100%)
[2024-07-25T19:05:23.896+0800][92.265s][gc,heap     ] GC(4944)                Mark Start          Mark End        Relocate Start      Relocate End           High               Low         
[2024-07-25T19:05:23.896+0800][92.265s][gc,heap     ] GC(4944)  Capacity:       16M (100%)         16M (100%)         16M (100%)         16M (100%)         16M (100%)         16M (100%)   
[2024-07-25T19:05:23.896+0800][92.265s][gc,heap     ] GC(4944)      Free:        0M (0%)            0M (0%)            2M (12%)           2M (12%)           6M (38%)           0M (0%)     
[2024-07-25T19:05:23.896+0800][92.265s][gc,heap     ] GC(4944)      Used:       16M (100%)         16M (100%)         14M (88%)          14M (88%)          16M (100%)         10M (62%)    
[2024-07-25T19:05:23.896+0800][92.266s][gc,heap     ] GC(4944)      Live:         -                 8M (54%)           8M (54%)           8M (54%)            -                  -          
[2024-07-25T19:05:23.896+0800][92.266s][gc,heap     ] GC(4944) Allocated:         -                 0M (0%)            4M (25%)           4M (25%)            -                  -          
[2024-07-25T19:05:23.896+0800][92.266s][gc,heap     ] GC(4944)   Garbage:         -                 7M (46%)           1M (8%)            1M (8%)             -                  -          
[2024-07-25T19:05:23.896+0800][92.266s][gc,heap     ] GC(4944) Reclaimed:         -                  -                 6M (38%)           6M (38%)            -                  -          
[2024-07-25T19:05:23.896+0800][92.266s][gc          ] GC(4944) Garbage Collection (Allocation Stall) 16M(100%)->14M(88%)
[2024-07-25T19:05:23.899+0800][92.268s][gc,start    ] GC(4945) Garbage Collection (Allocation Stall)
[2024-07-25T19:05:23.899+0800][92.268s][gc,ref      ] GC(4945) Clearing All SoftReferences
[2024-07-25T19:05:23.899+0800][92.268s][gc,task     ] GC(4945) Using 1 workers
[2024-07-25T19:05:23.899+0800][92.268s][gc,phases   ] GC(4945) Pause Mark Start 0.012ms
[2024-07-25T19:05:23.908+0800][92.277s][gc,phases   ] GC(4945) Concurrent Mark 8.175ms
[2024-07-25T19:05:23.908+0800][92.277s][gc,phases   ] GC(4945) Pause Mark End 0.012ms
[2024-07-25T19:05:23.908+0800][92.277s][gc,phases   ] GC(4945) Concurrent Mark Free 0.001ms
[2024-07-25T19:05:23.910+0800][92.280s][gc,phases   ] GC(4945) Concurrent Process Non-Strong References 2.276ms
[2024-07-25T19:05:23.910+0800][92.280s][gc,phases   ] GC(4945) Concurrent Reset Relocation Set 0.001ms
[2024-07-25T19:05:23.914+0800][92.283s][gc          ] Allocation Stall (main) 15.186ms
[2024-07-25T19:05:23.914+0800][92.283s][gc,phases   ] GC(4945) Concurrent Select Relocation Set 3.543ms
[2024-07-25T19:05:23.914+0800][92.284s][gc,phases   ] GC(4945) Pause Relocate Start 0.012ms
[2024-07-25T19:05:23.915+0800][92.284s][gc,phases   ] GC(4945) Concurrent Relocate 0.057ms
[2024-07-25T19:05:23.915+0800][92.284s][gc,load     ] GC(4945) Load: 0.00/0.00/0.00
[2024-07-25T19:05:23.915+0800][92.284s][gc,mmu      ] GC(4945) MMU: 2ms/88.2%, 5ms/95.3%, 10ms/97.6%, 20ms/98.8%, 50ms/99.4%, 100ms/99.6%
[2024-07-25T19:05:23.915+0800][92.284s][gc,marking  ] GC(4945) Mark: 1 stripe(s), 1 proactive flush(es), 1 terminate flush(es), 0 completion(s), 0 continuation(s) 
[2024-07-25T19:05:23.915+0800][92.284s][gc,marking  ] GC(4945) Mark Stack Usage: 32M
[2024-07-25T19:05:23.915+0800][92.284s][gc,nmethod  ] GC(4945) NMethods: 535 registered, 0 unregistered
[2024-07-25T19:05:23.915+0800][92.284s][gc,metaspace] GC(4945) Metaspace: 1M used, 1M committed, 1088M reserved
[2024-07-25T19:05:23.915+0800][92.284s][gc,ref      ] GC(4945) Soft: 46 encountered, 25 discovered, 0 enqueued
[2024-07-25T19:05:23.915+0800][92.284s][gc,ref      ] GC(4945) Weak: 131 encountered, 107 discovered, 0 enqueued
[2024-07-25T19:05:23.915+0800][92.284s][gc,ref      ] GC(4945) Final: 0 encountered, 0 discovered, 0 enqueued
[2024-07-25T19:05:23.915+0800][92.284s][gc,ref      ] GC(4945) Phantom: 184 encountered, 98 discovered, 0 enqueued
[2024-07-25T19:05:23.915+0800][92.284s][gc,reloc    ] GC(4945) Small Pages: 4 / 8M, Empty: 2M, Relocated: 0M, In-Place: 0
[2024-07-25T19:05:23.915+0800][92.284s][gc,reloc    ] GC(4945) Large Pages: 4 / 8M, Empty: 4M, Relocated: 0M, In-Place: 0
[2024-07-25T19:05:23.916+0800][92.285s][gc,reloc    ] GC(4945) Forwarding Usage: 0M
[2024-07-25T19:05:23.916+0800][92.285s][gc,heap     ] GC(4945) Min Capacity: 8M(50%)
[2024-07-25T19:05:23.916+0800][92.285s][gc,heap     ] GC(4945) Max Capacity: 16M(100%)
[2024-07-25T19:05:23.916+0800][92.285s][gc,heap     ] GC(4945) Soft Max Capacity: 16M(100%)
[2024-07-25T19:05:23.916+0800][92.285s][gc,heap     ] GC(4945)                Mark Start          Mark End        Relocate Start      Relocate End           High               Low         
[2024-07-25T19:05:23.916+0800][92.285s][gc,heap     ] GC(4945)  Capacity:       16M (100%)         16M (100%)         16M (100%)         16M (100%)         16M (100%)         16M (100%)   
[2024-07-25T19:05:23.916+0800][92.285s][gc,heap     ] GC(4945)      Free:        0M (0%)            0M (0%)            2M (12%)           2M (12%)           6M (38%)           0M (0%)     
[2024-07-25T19:05:23.916+0800][92.285s][gc,heap     ] GC(4945)      Used:       16M (100%)         16M (100%)         14M (88%)          14M (88%)          16M (100%)         10M (62%)    
[2024-07-25T19:05:23.916+0800][92.285s][gc,heap     ] GC(4945)      Live:         -                 8M (54%)           8M (54%)           8M (54%)            -                  -          
[2024-07-25T19:05:23.916+0800][92.285s][gc,heap     ] GC(4945) Allocated:         -                 0M (0%)            4M (25%)           4M (25%)            -                  -          
[2024-07-25T19:05:23.916+0800][92.285s][gc,heap     ] GC(4945)   Garbage:         -                 7M (46%)           1M (8%)            1M (8%)             -                  -          
[2024-07-25T19:05:23.916+0800][92.285s][gc,heap     ] GC(4945) Reclaimed:         -                  -                 6M (38%)           6M (38%)            -                  -          
[2024-07-25T19:05:23.916+0800][92.285s][gc          ] GC(4945) Garbage Collection (Allocation Stall) 16M(100%)->14M(88%)
[2024-07-25T19:05:23.919+0800][92.288s][gc,start    ] GC(4946) Garbage Collection (Allocation Stall)
[2024-07-25T19:05:23.919+0800][92.288s][gc,ref      ] GC(4946) Clearing All SoftReferences
[2024-07-25T19:05:23.919+0800][92.288s][gc,task     ] GC(4946) Using 1 workers
[2024-07-25T19:05:23.919+0800][92.288s][gc,phases   ] GC(4946) Pause Mark Start 0.008ms
[2024-07-25T19:05:23.927+0800][92.296s][gc,phases   ] GC(4946) Concurrent Mark 7.531ms
[2024-07-25T19:05:23.927+0800][92.296s][gc,phases   ] GC(4946) Pause Mark End 0.012ms
[2024-07-25T19:05:23.927+0800][92.296s][gc,phases   ] GC(4946) Concurrent Mark Free 0.001ms
[2024-07-25T19:05:23.929+0800][92.298s][gc,phases   ] GC(4946) Concurrent Process Non-Strong References 2.245ms
[2024-07-25T19:05:23.930+0800][92.299s][gc,phases   ] GC(4946) Concurrent Reset Relocation Set 0.001ms
[2024-07-25T19:05:23.933+0800][92.302s][gc          ] Allocation Stall (main) 14.368ms
[2024-07-25T19:05:23.935+0800][92.304s][gc,phases   ] GC(4946) Concurrent Select Relocation Set 4.995ms
[2024-07-25T19:05:23.935+0800][92.304s][gc,phases   ] GC(4946) Pause Relocate Start 0.010ms
[2024-07-25T19:05:23.936+0800][92.305s][gc,phases   ] GC(4946) Concurrent Relocate 0.148ms
[2024-07-25T19:05:23.936+0800][92.305s][gc,load     ] GC(4946) Load: 0.00/0.00/0.00
[2024-07-25T19:05:23.936+0800][92.305s][gc,mmu      ] GC(4946) MMU: 2ms/88.2%, 5ms/95.3%, 10ms/97.6%, 20ms/98.8%, 50ms/99.4%, 100ms/99.6%
[2024-07-25T19:05:23.936+0800][92.305s][gc,marking  ] GC(4946) Mark: 1 stripe(s), 1 proactive flush(es), 1 terminate flush(es), 0 completion(s), 0 continuation(s) 
[2024-07-25T19:05:23.936+0800][92.305s][gc,marking  ] GC(4946) Mark Stack Usage: 32M
[2024-07-25T19:05:23.936+0800][92.305s][gc,nmethod  ] GC(4946) NMethods: 535 registered, 0 unregistered
[2024-07-25T19:05:23.936+0800][92.305s][gc,metaspace] GC(4946) Metaspace: 1M used, 1M committed, 1088M reserved
[2024-07-25T19:05:23.936+0800][92.305s][gc,ref      ] GC(4946) Soft: 46 encountered, 25 discovered, 0 enqueued
[2024-07-25T19:05:23.936+0800][92.305s][gc,ref      ] GC(4946) Weak: 131 encountered, 107 discovered, 0 enqueued
[2024-07-25T19:05:23.936+0800][92.305s][gc,ref      ] GC(4946) Final: 0 encountered, 0 discovered, 0 enqueued
[2024-07-25T19:05:23.936+0800][92.305s][gc,ref      ] GC(4946) Phantom: 184 encountered, 98 discovered, 0 enqueued
[2024-07-25T19:05:23.936+0800][92.305s][gc,reloc    ] GC(4946) Small Pages: 4 / 8M, Empty: 2M, Relocated: 0M, In-Place: 0
[2024-07-25T19:05:23.936+0800][92.305s][gc,reloc    ] GC(4946) Large Pages: 4 / 8M, Empty: 4M, Relocated: 0M, In-Place: 0
[2024-07-25T19:05:23.936+0800][92.305s][gc,reloc    ] GC(4946) Forwarding Usage: 0M
[2024-07-25T19:05:23.936+0800][92.305s][gc,heap     ] GC(4946) Min Capacity: 8M(50%)
[2024-07-25T19:05:23.937+0800][92.306s][gc,heap     ] GC(4946) Max Capacity: 16M(100%)
[2024-07-25T19:05:23.937+0800][92.306s][gc,heap     ] GC(4946) Soft Max Capacity: 16M(100%)
[2024-07-25T19:05:23.937+0800][92.306s][gc,heap     ] GC(4946)                Mark Start          Mark End        Relocate Start      Relocate End           High               Low         
[2024-07-25T19:05:23.937+0800][92.306s][gc,heap     ] GC(4946)  Capacity:       16M (100%)         16M (100%)         16M (100%)         16M (100%)         16M (100%)         16M (100%)   
[2024-07-25T19:05:23.937+0800][92.306s][gc,heap     ] GC(4946)      Free:        0M (0%)            0M (0%)            0M (0%)            0M (0%)            6M (38%)           0M (0%)     
[2024-07-25T19:05:23.937+0800][92.306s][gc,heap     ] GC(4946)      Used:       16M (100%)         16M (100%)         16M (100%)         16M (100%)         16M (100%)         10M (62%)    
[2024-07-25T19:05:23.937+0800][92.306s][gc,heap     ] GC(4946)      Live:         -                 8M (54%)           8M (54%)           8M (54%)            -                  -          
[2024-07-25T19:05:23.937+0800][92.306s][gc,heap     ] GC(4946) Allocated:         -                 0M (0%)            6M (38%)           6M (38%)            -                  -          
[2024-07-25T19:05:23.937+0800][92.306s][gc,heap     ] GC(4946)   Garbage:         -                 7M (46%)           1M (8%)            1M (8%)             -                  -          
[2024-07-25T19:05:23.937+0800][92.306s][gc,heap     ] GC(4946) Reclaimed:         -                  -                 6M (38%)           6M (38%)            -                  -          
[2024-07-25T19:05:23.937+0800][92.306s][gc          ] GC(4946) Garbage Collection (Allocation Stall) 16M(100%)->16M(100%)
[2024-07-25T19:05:23.938+0800][92.307s][gc,start    ] GC(4947) Garbage Collection (Allocation Stall)
[2024-07-25T19:05:23.938+0800][92.307s][gc,ref      ] GC(4947) Clearing All SoftReferences
[2024-07-25T19:05:23.938+0800][92.307s][gc,task     ] GC(4947) Using 1 workers
[2024-07-25T19:05:23.938+0800][92.307s][gc,phases   ] GC(4947) Pause Mark Start 0.010ms
[2024-07-25T19:05:23.949+0800][92.318s][gc,phases   ] GC(4947) Concurrent Mark 11.172ms
[2024-07-25T19:05:23.949+0800][92.318s][gc,phases   ] GC(4947) Pause Mark End 0.017ms
[2024-07-25T19:05:23.950+0800][92.319s][gc,phases   ] GC(4947) Concurrent Mark Free 0.002ms
[2024-07-25T19:05:23.952+0800][92.321s][gc,phases   ] GC(4947) Concurrent Process Non-Strong References 2.240ms
[2024-07-25T19:05:23.952+0800][92.321s][gc,phases   ] GC(4947) Concurrent Reset Relocation Set 0.001ms
[2024-07-25T19:05:23.956+0800][92.325s][gc          ] Allocation Stall (main) 18.614ms
[2024-07-25T19:05:23.956+0800][92.325s][gc,phases   ] GC(4947) Concurrent Select Relocation Set 4.231ms
[2024-07-25T19:05:23.957+0800][92.326s][gc,phases   ] GC(4947) Pause Relocate Start 0.014ms
[2024-07-25T19:05:23.957+0800][92.326s][gc,phases   ] GC(4947) Concurrent Relocate 0.067ms
[2024-07-25T19:05:23.957+0800][92.326s][gc,load     ] GC(4947) Load: 0.00/0.00/0.00
[2024-07-25T19:05:23.957+0800][92.326s][gc,mmu      ] GC(4947) MMU: 2ms/88.2%, 5ms/95.3%, 10ms/97.6%, 20ms/98.8%, 50ms/99.4%, 100ms/99.6%
[2024-07-25T19:05:23.957+0800][92.326s][gc,marking  ] GC(4947) Mark: 1 stripe(s), 1 proactive flush(es), 1 terminate flush(es), 0 completion(s), 0 continuation(s) 
[2024-07-25T19:05:23.957+0800][92.326s][gc,marking  ] GC(4947) Mark Stack Usage: 32M
[2024-07-25T19:05:23.957+0800][92.326s][gc,nmethod  ] GC(4947) NMethods: 535 registered, 0 unregistered
[2024-07-25T19:05:23.957+0800][92.326s][gc,metaspace] GC(4947) Metaspace: 1M used, 1M committed, 1088M reserved
[2024-07-25T19:05:23.957+0800][92.326s][gc,ref      ] GC(4947) Soft: 46 encountered, 25 discovered, 0 enqueued
[2024-07-25T19:05:23.957+0800][92.326s][gc,ref      ] GC(4947) Weak: 131 encountered, 107 discovered, 0 enqueued
[2024-07-25T19:05:23.957+0800][92.326s][gc,ref      ] GC(4947) Final: 0 encountered, 0 discovered, 0 enqueued
[2024-07-25T19:05:23.957+0800][92.326s][gc,ref      ] GC(4947) Phantom: 184 encountered, 98 discovered, 0 enqueued
[2024-07-25T19:05:23.957+0800][92.326s][gc,reloc    ] GC(4947) Small Pages: 4 / 8M, Empty: 2M, Relocated: 0M, In-Place: 0
[2024-07-25T19:05:23.957+0800][92.326s][gc,reloc    ] GC(4947) Large Pages: 4 / 8M, Empty: 4M, Relocated: 0M, In-Place: 0
[2024-07-25T19:05:23.957+0800][92.326s][gc,reloc    ] GC(4947) Forwarding Usage: 0M
[2024-07-25T19:05:23.957+0800][92.326s][gc,heap     ] GC(4947) Min Capacity: 8M(50%)
[2024-07-25T19:05:23.957+0800][92.326s][gc,heap     ] GC(4947) Max Capacity: 16M(100%)
[2024-07-25T19:05:23.958+0800][92.327s][gc,heap     ] GC(4947) Soft Max Capacity: 16M(100%)
[2024-07-25T19:05:23.958+0800][92.327s][gc,heap     ] GC(4947)                Mark Start          Mark End        Relocate Start      Relocate End           High               Low         
[2024-07-25T19:05:23.958+0800][92.327s][gc,heap     ] GC(4947)  Capacity:       16M (100%)         16M (100%)         16M (100%)         16M (100%)         16M (100%)         16M (100%)   
[2024-07-25T19:05:23.958+0800][92.327s][gc,heap     ] GC(4947)      Free:        0M (0%)            0M (0%)            2M (12%)           2M (12%)           6M (38%)           0M (0%)     
[2024-07-25T19:05:23.958+0800][92.327s][gc,heap     ] GC(4947)      Used:       16M (100%)         16M (100%)         14M (88%)          14M (88%)          16M (100%)         10M (62%)    
[2024-07-25T19:05:23.958+0800][92.327s][gc,heap     ] GC(4947)      Live:         -                 8M (54%)           8M (54%)           8M (54%)            -                  -          
[2024-07-25T19:05:23.958+0800][92.327s][gc,heap     ] GC(4947) Allocated:         -                 0M (0%)            4M (25%)           4M (25%)            -                  -          
[2024-07-25T19:05:23.958+0800][92.327s][gc,heap     ] GC(4947)   Garbage:         -                 7M (46%)           1M (8%)            1M (8%)             -                  -          
[2024-07-25T19:05:23.958+0800][92.327s][gc,heap     ] GC(4947) Reclaimed:         -                  -                 6M (38%)           6M (38%)            -                  -          
[2024-07-25T19:05:23.958+0800][92.327s][gc          ] GC(4947) Garbage Collection (Allocation Stall) 16M(100%)->14M(88%)
[2024-07-25T19:05:23.962+0800][92.331s][gc,start    ] GC(4948) Garbage Collection (Allocation Stall)
[2024-07-25T19:05:23.962+0800][92.331s][gc,ref      ] GC(4948) Clearing All SoftReferences
[2024-07-25T19:05:23.962+0800][92.331s][gc,task     ] GC(4948) Using 1 workers
[2024-07-25T19:05:23.962+0800][92.331s][gc,phases   ] GC(4948) Pause Mark Start 0.012ms
[2024-07-25T19:05:23.970+0800][92.339s][gc,phases   ] GC(4948) Concurrent Mark 7.567ms
[2024-07-25T19:05:23.970+0800][92.339s][gc,phases   ] GC(4948) Pause Mark End 0.017ms
[2024-07-25T19:05:23.970+0800][92.339s][gc,phases   ] GC(4948) Concurrent Mark Free 0.002ms
[2024-07-25T19:05:23.973+0800][92.341s][gc,phases   ] GC(4948) Concurrent Process Non-Strong References 2.300ms
[2024-07-25T19:05:23.973+0800][92.342s][gc,phases   ] GC(4948) Concurrent Reset Relocation Set 0.001ms
[2024-07-25T19:05:23.978+0800][92.347s][gc          ] Allocation Stall (main) 16.034ms
[2024-07-25T19:05:23.978+0800][92.347s][gc,phases   ] GC(4948) Concurrent Select Relocation Set 4.997ms
[2024-07-25T19:05:23.978+0800][92.347s][gc,phases   ] GC(4948) Pause Relocate Start 0.021ms
[2024-07-25T19:05:23.978+0800][92.347s][gc,phases   ] GC(4948) Concurrent Relocate 0.056ms
[2024-07-25T19:05:23.978+0800][92.347s][gc,load     ] GC(4948) Load: 0.00/0.00/0.00
[2024-07-25T19:05:23.978+0800][92.347s][gc,mmu      ] GC(4948) MMU: 2ms/88.2%, 5ms/95.3%, 10ms/97.6%, 20ms/98.8%, 50ms/99.4%, 100ms/99.6%
[2024-07-25T19:05:23.978+0800][92.347s][gc,marking  ] GC(4948) Mark: 1 stripe(s), 1 proactive flush(es), 1 terminate flush(es), 0 completion(s), 0 continuation(s) 
[2024-07-25T19:05:23.978+0800][92.347s][gc,marking  ] GC(4948) Mark Stack Usage: 32M
[2024-07-25T19:05:23.978+0800][92.348s][gc,nmethod  ] GC(4948) NMethods: 535 registered, 0 unregistered
[2024-07-25T19:05:23.978+0800][92.348s][gc,metaspace] GC(4948) Metaspace: 1M used, 1M committed, 1088M reserved
[2024-07-25T19:05:23.978+0800][92.348s][gc,ref      ] GC(4948) Soft: 46 encountered, 25 discovered, 0 enqueued
[2024-07-25T19:05:23.979+0800][92.348s][gc,ref      ] GC(4948) Weak: 131 encountered, 107 discovered, 0 enqueued
[2024-07-25T19:05:23.979+0800][92.348s][gc,ref      ] GC(4948) Final: 0 encountered, 0 discovered, 0 enqueued
[2024-07-25T19:05:23.979+0800][92.348s][gc,ref      ] GC(4948) Phantom: 184 encountered, 98 discovered, 0 enqueued
[2024-07-25T19:05:23.979+0800][92.348s][gc,reloc    ] GC(4948) Small Pages: 4 / 8M, Empty: 2M, Relocated: 0M, In-Place: 0
[2024-07-25T19:05:23.979+0800][92.348s][gc,reloc    ] GC(4948) Large Pages: 4 / 8M, Empty: 4M, Relocated: 0M, In-Place: 0
[2024-07-25T19:05:23.979+0800][92.348s][gc,reloc    ] GC(4948) Forwarding Usage: 0M
[2024-07-25T19:05:23.979+0800][92.348s][gc,heap     ] GC(4948) Min Capacity: 8M(50%)
[2024-07-25T19:05:23.979+0800][92.348s][gc,heap     ] GC(4948) Max Capacity: 16M(100%)
[2024-07-25T19:05:23.979+0800][92.348s][gc,heap     ] GC(4948) Soft Max Capacity: 16M(100%)
[2024-07-25T19:05:23.979+0800][92.348s][gc,heap     ] GC(4948)                Mark Start          Mark End        Relocate Start      Relocate End           High               Low         
[2024-07-25T19:05:23.979+0800][92.348s][gc,heap     ] GC(4948)  Capacity:       16M (100%)         16M (100%)         16M (100%)         16M (100%)         16M (100%)         16M (100%)   
[2024-07-25T19:05:23.979+0800][92.348s][gc,heap     ] GC(4948)      Free:        0M (0%)            0M (0%)            4M (25%)           4M (25%)           6M (38%)           0M (0%)     
[2024-07-25T19:05:23.979+0800][92.348s][gc,heap     ] GC(4948)      Used:       16M (100%)         16M (100%)         12M (75%)          12M (75%)          16M (100%)         10M (62%)    
[2024-07-25T19:05:23.979+0800][92.348s][gc,heap     ] GC(4948)      Live:         -                 8M (54%)           8M (54%)           8M (54%)            -                  -          
[2024-07-25T19:05:23.979+0800][92.348s][gc,heap     ] GC(4948) Allocated:         -                 0M (0%)            2M (12%)           2M (12%)            -                  -          
[2024-07-25T19:05:23.979+0800][92.348s][gc,heap     ] GC(4948)   Garbage:         -                 7M (46%)           1M (8%)            1M (8%)             -                  -          
[2024-07-25T19:05:23.979+0800][92.349s][gc,heap     ] GC(4948) Reclaimed:         -                  -                 6M (38%)           6M (38%)            -                  -          
[2024-07-25T19:05:23.979+0800][92.349s][gc          ] GC(4948) Garbage Collection (Allocation Stall) 16M(100%)->12M(75%)
[2024-07-25T19:05:23.982+0800][92.351s][gc,start    ] GC(4949) Garbage Collection (Allocation Stall)
[2024-07-25T19:05:23.982+0800][92.352s][gc,ref      ] GC(4949) Clearing All SoftReferences
[2024-07-25T19:05:23.982+0800][92.352s][gc,task     ] GC(4949) Using 1 workers
[2024-07-25T19:05:23.983+0800][92.352s][gc,phases   ] GC(4949) Pause Mark Start 0.015ms
[2024-07-25T19:05:23.992+0800][92.361s][gc,phases   ] GC(4949) Concurrent Mark 9.117ms
[2024-07-25T19:05:23.992+0800][92.361s][gc,phases   ] GC(4949) Pause Mark End 0.016ms
[2024-07-25T19:05:23.992+0800][92.361s][gc,phases   ] GC(4949) Concurrent Mark Free 0.005ms
[2024-07-25T19:05:23.994+0800][92.364s][gc,phases   ] GC(4949) Concurrent Process Non-Strong References 2.167ms
[2024-07-25T19:05:23.994+0800][92.364s][gc,phases   ] GC(4949) Concurrent Reset Relocation Set 0.001ms
[2024-07-25T19:05:23.998+0800][92.367s][gc          ] Allocation Stall (main) 15.879ms
[2024-07-25T19:05:23.998+0800][92.367s][gc,phases   ] GC(4949) Concurrent Select Relocation Set 3.617ms
[2024-07-25T19:05:23.998+0800][92.368s][gc,phases   ] GC(4949) Pause Relocate Start 0.013ms
[2024-07-25T19:05:23.999+0800][92.368s][gc,phases   ] GC(4949) Concurrent Relocate 0.078ms
[2024-07-25T19:05:23.999+0800][92.368s][gc,load     ] GC(4949) Load: 0.00/0.00/0.00
[2024-07-25T19:05:23.999+0800][92.368s][gc,mmu      ] GC(4949) MMU: 2ms/88.2%, 5ms/95.3%, 10ms/97.6%, 20ms/98.8%, 50ms/99.4%, 100ms/99.6%
[2024-07-25T19:05:23.999+0800][92.368s][gc,marking  ] GC(4949) Mark: 1 stripe(s), 1 proactive flush(es), 1 terminate flush(es), 0 completion(s), 0 continuation(s) 
[2024-07-25T19:05:23.999+0800][92.368s][gc,marking  ] GC(4949) Mark Stack Usage: 32M
[2024-07-25T19:05:23.999+0800][92.368s][gc,nmethod  ] GC(4949) NMethods: 535 registered, 0 unregistered
[2024-07-25T19:05:23.999+0800][92.368s][gc,metaspace] GC(4949) Metaspace: 1M used, 1M committed, 1088M reserved
[2024-07-25T19:05:23.999+0800][92.368s][gc,ref      ] GC(4949) Soft: 46 encountered, 25 discovered, 0 enqueued
[2024-07-25T19:05:23.999+0800][92.368s][gc,ref      ] GC(4949) Weak: 131 encountered, 107 discovered, 0 enqueued
[2024-07-25T19:05:23.999+0800][92.368s][gc,ref      ] GC(4949) Final: 0 encountered, 0 discovered, 0 enqueued
[2024-07-25T19:05:23.999+0800][92.368s][gc,ref      ] GC(4949) Phantom: 184 encountered, 98 discovered, 0 enqueued
[2024-07-25T19:05:23.999+0800][92.368s][gc,reloc    ] GC(4949) Small Pages: 4 / 8M, Empty: 2M, Relocated: 0M, In-Place: 0
[2024-07-25T19:05:23.999+0800][92.368s][gc,reloc    ] GC(4949) Large Pages: 4 / 8M, Empty: 4M, Relocated: 0M, In-Place: 0
[2024-07-25T19:05:23.999+0800][92.368s][gc,reloc    ] GC(4949) Forwarding Usage: 0M
[2024-07-25T19:05:23.999+0800][92.368s][gc,heap     ] GC(4949) Min Capacity: 8M(50%)
[2024-07-25T19:05:23.999+0800][92.369s][gc,heap     ] GC(4949) Max Capacity: 16M(100%)
[2024-07-25T19:05:23.999+0800][92.369s][gc,heap     ] GC(4949) Soft Max Capacity: 16M(100%)
[2024-07-25T19:05:23.999+0800][92.369s][gc,heap     ] GC(4949)                Mark Start          Mark End        Relocate Start      Relocate End           High               Low         
[2024-07-25T19:05:23.999+0800][92.369s][gc,heap     ] GC(4949)  Capacity:       16M (100%)         16M (100%)         16M (100%)         16M (100%)         16M (100%)         16M (100%)   
[2024-07-25T19:05:23.999+0800][92.369s][gc,heap     ] GC(4949)      Free:        0M (0%)            0M (0%)            2M (12%)           2M (12%)           6M (38%)           0M (0%)     
[2024-07-25T19:05:23.999+0800][92.369s][gc,heap     ] GC(4949)      Used:       16M (100%)         16M (100%)         14M (88%)          14M (88%)          16M (100%)         10M (62%)    
[2024-07-25T19:05:23.999+0800][92.369s][gc,heap     ] GC(4949)      Live:         -                 8M (54%)           8M (54%)           8M (54%)            -                  -          
[2024-07-25T19:05:23.999+0800][92.369s][gc,heap     ] GC(4949) Allocated:         -                 0M (0%)            4M (25%)           4M (25%)            -                  -          
[2024-07-25T19:05:24.000+0800][92.369s][gc,heap     ] GC(4949)   Garbage:         -                 7M (46%)           1M (8%)            1M (8%)             -                  -          
[2024-07-25T19:05:24.000+0800][92.369s][gc,heap     ] GC(4949) Reclaimed:         -                  -                 6M (38%)           6M (38%)            -                  -          
[2024-07-25T19:05:24.000+0800][92.369s][gc          ] GC(4949) Garbage Collection (Allocation Stall) 16M(100%)->14M(88%)
[2024-07-25T19:05:24.004+0800][92.373s][gc,start    ] GC(4950) Garbage Collection (Allocation Stall)
[2024-07-25T19:05:24.004+0800][92.373s][gc,ref      ] GC(4950) Clearing All SoftReferences
[2024-07-25T19:05:24.004+0800][92.373s][gc,task     ] GC(4950) Using 1 workers
[2024-07-25T19:05:24.004+0800][92.373s][gc,phases   ] GC(4950) Pause Mark Start 0.010ms
[2024-07-25T19:05:24.013+0800][92.382s][gc,phases   ] GC(4950) Concurrent Mark 8.556ms
[2024-07-25T19:05:24.013+0800][92.382s][gc,phases   ] GC(4950) Pause Mark End 0.015ms
[2024-07-25T19:05:24.013+0800][92.382s][gc,phases   ] GC(4950) Concurrent Mark Free 0.002ms
[2024-07-25T19:05:24.016+0800][92.385s][gc,phases   ] GC(4950) Concurrent Process Non-Strong References 2.182ms
[2024-07-25T19:05:24.016+0800][92.385s][gc,phases   ] GC(4950) Concurrent Reset Relocation Set 0.001ms
[2024-07-25T19:05:24.022+0800][92.391s][gc          ] Allocation Stall (main) 18.227ms
[2024-07-25T19:05:24.022+0800][92.391s][gc,phases   ] GC(4950) Concurrent Select Relocation Set 6.387ms
[2024-07-25T19:05:24.022+0800][92.391s][gc,phases   ] GC(4950) Pause Relocate Start 0.013ms
[2024-07-25T19:05:24.022+0800][92.392s][gc,phases   ] GC(4950) Concurrent Relocate 0.064ms
[2024-07-25T19:05:24.023+0800][92.392s][gc,load     ] GC(4950) Load: 0.00/0.00/0.00
[2024-07-25T19:05:24.023+0800][92.392s][gc,mmu      ] GC(4950) MMU: 2ms/88.2%, 5ms/95.3%, 10ms/97.6%, 20ms/98.8%, 50ms/99.4%, 100ms/99.6%
[2024-07-25T19:05:24.023+0800][92.392s][gc,marking  ] GC(4950) Mark: 1 stripe(s), 1 proactive flush(es), 1 terminate flush(es), 0 completion(s), 0 continuation(s) 
[2024-07-25T19:05:24.023+0800][92.392s][gc,marking  ] GC(4950) Mark Stack Usage: 32M
[2024-07-25T19:05:24.023+0800][92.392s][gc,nmethod  ] GC(4950) NMethods: 535 registered, 0 unregistered
[2024-07-25T19:05:24.023+0800][92.392s][gc,metaspace] GC(4950) Metaspace: 1M used, 1M committed, 1088M reserved
[2024-07-25T19:05:24.023+0800][92.392s][gc,ref      ] GC(4950) Soft: 46 encountered, 25 discovered, 0 enqueued
[2024-07-25T19:05:24.023+0800][92.392s][gc,ref      ] GC(4950) Weak: 131 encountered, 107 discovered, 0 enqueued
[2024-07-25T19:05:24.023+0800][92.392s][gc,ref      ] GC(4950) Final: 0 encountered, 0 discovered, 0 enqueued
[2024-07-25T19:05:24.023+0800][92.392s][gc,ref      ] GC(4950) Phantom: 184 encountered, 98 discovered, 0 enqueued
[2024-07-25T19:05:24.023+0800][92.392s][gc,reloc    ] GC(4950) Small Pages: 4 / 8M, Empty: 2M, Relocated: 0M, In-Place: 0
[2024-07-25T19:05:24.023+0800][92.393s][gc,reloc    ] GC(4950) Large Pages: 4 / 8M, Empty: 4M, Relocated: 0M, In-Place: 0
[2024-07-25T19:05:24.023+0800][92.393s][gc,reloc    ] GC(4950) Forwarding Usage: 0M
[2024-07-25T19:05:24.023+0800][92.393s][gc,heap     ] GC(4950) Min Capacity: 8M(50%)
[2024-07-25T19:05:24.023+0800][92.393s][gc,heap     ] GC(4950) Max Capacity: 16M(100%)
[2024-07-25T19:05:24.023+0800][92.393s][gc,heap     ] GC(4950) Soft Max Capacity: 16M(100%)
[2024-07-25T19:05:24.024+0800][92.393s][gc,heap     ] GC(4950)                Mark Start          Mark End        Relocate Start      Relocate End           High               Low         
[2024-07-25T19:05:24.024+0800][92.393s][gc,heap     ] GC(4950)  Capacity:       16M (100%)         16M (100%)         16M (100%)         16M (100%)         16M (100%)         16M (100%)   
[2024-07-25T19:05:24.024+0800][92.393s][gc,heap     ] GC(4950)      Free:        0M (0%)            0M (0%)            4M (25%)           4M (25%)           6M (38%)           0M (0%)     
[2024-07-25T19:05:24.024+0800][92.393s][gc,heap     ] GC(4950)      Used:       16M (100%)         16M (100%)         12M (75%)          12M (75%)          16M (100%)         10M (62%)    
[2024-07-25T19:05:24.024+0800][92.393s][gc,heap     ] GC(4950)      Live:         -                 8M (54%)           8M (54%)           8M (54%)            -                  -          
[2024-07-25T19:05:24.024+0800][92.393s][gc,heap     ] GC(4950) Allocated:         -                 0M (0%)            2M (12%)           2M (12%)            -                  -          
[2024-07-25T19:05:24.024+0800][92.393s][gc,heap     ] GC(4950)   Garbage:         -                 7M (46%)           1M (8%)            1M (8%)             -                  -          
[2024-07-25T19:05:24.024+0800][92.393s][gc,heap     ] GC(4950) Reclaimed:         -                  -                 6M (38%)           6M (38%)            -                  -          
[2024-07-25T19:05:24.024+0800][92.393s][gc          ] GC(4950) Garbage Collection (Allocation Stall) 16M(100%)->12M(75%)
[2024-07-25T19:05:24.027+0800][92.396s][gc,start    ] GC(4951) Garbage Collection (Allocation Stall)
[2024-07-25T19:05:24.027+0800][92.396s][gc,ref      ] GC(4951) Clearing All SoftReferences
[2024-07-25T19:05:24.027+0800][92.396s][gc,task     ] GC(4951) Using 1 workers
[2024-07-25T19:05:24.027+0800][92.396s][gc,phases   ] GC(4951) Pause Mark Start 0.009ms
[2024-07-25T19:05:24.035+0800][92.405s][gc,phases   ] GC(4951) Concurrent Mark 8.196ms
[2024-07-25T19:05:24.035+0800][92.405s][gc,phases   ] GC(4951) Pause Mark End 0.015ms
[2024-07-25T19:05:24.035+0800][92.405s][gc,phases   ] GC(4951) Concurrent Mark Free 0.002ms
[2024-07-25T19:05:24.038+0800][92.407s][gc,phases   ] GC(4951) Concurrent Process Non-Strong References 1.965ms
[2024-07-25T19:05:24.038+0800][92.407s][gc,phases   ] GC(4951) Concurrent Reset Relocation Set 0.001ms
[2024-07-25T19:05:24.043+0800][92.412s][gc          ] Allocation Stall (main) 15.817ms
[2024-07-25T19:05:24.043+0800][92.412s][gc,phases   ] GC(4951) Concurrent Select Relocation Set 4.733ms
[2024-07-25T19:05:24.043+0800][92.412s][gc,phases   ] GC(4951) Pause Relocate Start 0.015ms
[2024-07-25T19:05:24.043+0800][92.412s][gc,phases   ] GC(4951) Concurrent Relocate 0.057ms
[2024-07-25T19:05:24.044+0800][92.412s][gc,load     ] GC(4951) Load: 0.00/0.00/0.00
[2024-07-25T19:05:24.044+0800][92.413s][gc,mmu      ] GC(4951) MMU: 2ms/88.2%, 5ms/95.3%, 10ms/97.6%, 20ms/98.8%, 50ms/99.4%, 100ms/99.6%
[2024-07-25T19:05:24.044+0800][92.413s][gc,marking  ] GC(4951) Mark: 1 stripe(s), 1 proactive flush(es), 1 terminate flush(es), 0 completion(s), 0 continuation(s) 
[2024-07-25T19:05:24.044+0800][92.413s][gc,marking  ] GC(4951) Mark Stack Usage: 32M
[2024-07-25T19:05:24.044+0800][92.413s][gc,nmethod  ] GC(4951) NMethods: 535 registered, 0 unregistered
[2024-07-25T19:05:24.044+0800][92.413s][gc,metaspace] GC(4951) Metaspace: 1M used, 1M committed, 1088M reserved
[2024-07-25T19:05:24.044+0800][92.413s][gc,ref      ] GC(4951) Soft: 46 encountered, 25 discovered, 0 enqueued
[2024-07-25T19:05:24.044+0800][92.413s][gc,ref      ] GC(4951) Weak: 131 encountered, 107 discovered, 0 enqueued
[2024-07-25T19:05:24.044+0800][92.413s][gc,ref      ] GC(4951) Final: 0 encountered, 0 discovered, 0 enqueued
[2024-07-25T19:05:24.044+0800][92.413s][gc,ref      ] GC(4951) Phantom: 184 encountered, 98 discovered, 0 enqueued
[2024-07-25T19:05:24.044+0800][92.413s][gc,reloc    ] GC(4951) Small Pages: 4 / 8M, Empty: 2M, Relocated: 0M, In-Place: 0
[2024-07-25T19:05:24.044+0800][92.413s][gc,reloc    ] GC(4951) Large Pages: 4 / 8M, Empty: 4M, Relocated: 0M, In-Place: 0
[2024-07-25T19:05:24.044+0800][92.413s][gc,reloc    ] GC(4951) Forwarding Usage: 0M
[2024-07-25T19:05:24.044+0800][92.413s][gc,heap     ] GC(4951) Min Capacity: 8M(50%)
[2024-07-25T19:05:24.044+0800][92.413s][gc,heap     ] GC(4951) Max Capacity: 16M(100%)
[2024-07-25T19:05:24.044+0800][92.413s][gc,heap     ] GC(4951) Soft Max Capacity: 16M(100%)
[2024-07-25T19:05:24.044+0800][92.413s][gc,heap     ] GC(4951)                Mark Start          Mark End        Relocate Start      Relocate End           High               Low         
[2024-07-25T19:05:24.044+0800][92.413s][gc,heap     ] GC(4951)  Capacity:       16M (100%)         16M (100%)         16M (100%)         16M (100%)         16M (100%)         16M (100%)   
[2024-07-25T19:05:24.044+0800][92.413s][gc,heap     ] GC(4951)      Free:        0M (0%)            0M (0%)            2M (12%)           2M (12%)           6M (38%)           0M (0%)     
[2024-07-25T19:05:24.044+0800][92.413s][gc,heap     ] GC(4951)      Used:       16M (100%)         16M (100%)         14M (88%)          14M (88%)          16M (100%)         10M (62%)    
[2024-07-25T19:05:24.044+0800][92.413s][gc,heap     ] GC(4951)      Live:         -                 8M (54%)           8M (54%)           8M (54%)            -                  -          
[2024-07-25T19:05:24.044+0800][92.413s][gc,heap     ] GC(4951) Allocated:         -                 0M (0%)            4M (25%)           4M (25%)            -                  -          
[2024-07-25T19:05:24.044+0800][92.413s][gc,heap     ] GC(4951)   Garbage:         -                 7M (46%)           1M (8%)            1M (8%)             -                  -          
[2024-07-25T19:05:24.044+0800][92.413s][gc,heap     ] GC(4951) Reclaimed:         -                  -                 6M (38%)           6M (38%)            -                  -          
[2024-07-25T19:05:24.044+0800][92.413s][gc          ] GC(4951) Garbage Collection (Allocation Stall) 16M(100%)->14M(88%)
[2024-07-25T19:05:24.048+0800][92.417s][gc,start    ] GC(4952) Garbage Collection (Allocation Stall)
[2024-07-25T19:05:24.048+0800][92.417s][gc,ref      ] GC(4952) Clearing All SoftReferences
[2024-07-25T19:05:24.048+0800][92.417s][gc,task     ] GC(4952) Using 1 workers
[2024-07-25T19:05:24.048+0800][92.417s][gc,phases   ] GC(4952) Pause Mark Start 0.010ms
[2024-07-25T19:05:24.056+0800][92.425s][gc,phases   ] GC(4952) Concurrent Mark 8.310ms
[2024-07-25T19:05:24.056+0800][92.426s][gc,phases   ] GC(4952) Pause Mark End 0.015ms
[2024-07-25T19:05:24.057+0800][92.426s][gc,phases   ] GC(4952) Concurrent Mark Free 0.003ms
[2024-07-25T19:05:24.059+0800][92.428s][gc,phases   ] GC(4952) Concurrent Process Non-Strong References 2.094ms
[2024-07-25T19:05:24.059+0800][92.428s][gc,phases   ] GC(4952) Concurrent Reset Relocation Set 0.001ms
[2024-07-25T19:05:24.063+0800][92.432s][gc          ] Allocation Stall (main) 15.050ms
[2024-07-25T19:05:24.063+0800][92.432s][gc,phases   ] GC(4952) Concurrent Select Relocation Set 3.599ms
[2024-07-25T19:05:24.063+0800][92.432s][gc,phases   ] GC(4952) Pause Relocate Start 0.010ms
[2024-07-25T19:05:24.063+0800][92.432s][gc,phases   ] GC(4952) Concurrent Relocate 0.082ms
[2024-07-25T19:05:24.063+0800][92.432s][gc,load     ] GC(4952) Load: 0.00/0.00/0.00
[2024-07-25T19:05:24.063+0800][92.432s][gc,mmu      ] GC(4952) MMU: 2ms/88.2%, 5ms/95.3%, 10ms/97.6%, 20ms/98.8%, 50ms/99.4%, 100ms/99.6%
[2024-07-25T19:05:24.063+0800][92.433s][gc,marking  ] GC(4952) Mark: 1 stripe(s), 1 proactive flush(es), 1 terminate flush(es), 0 completion(s), 0 continuation(s) 
[2024-07-25T19:05:24.064+0800][92.433s][gc,marking  ] GC(4952) Mark Stack Usage: 32M
[2024-07-25T19:05:24.064+0800][92.433s][gc,nmethod  ] GC(4952) NMethods: 535 registered, 0 unregistered
[2024-07-25T19:05:24.064+0800][92.433s][gc,metaspace] GC(4952) Metaspace: 1M used, 1M committed, 1088M reserved
[2024-07-25T19:05:24.064+0800][92.433s][gc,ref      ] GC(4952) Soft: 46 encountered, 25 discovered, 0 enqueued
[2024-07-25T19:05:24.064+0800][92.433s][gc,ref      ] GC(4952) Weak: 131 encountered, 107 discovered, 0 enqueued
[2024-07-25T19:05:24.064+0800][92.433s][gc,ref      ] GC(4952) Final: 0 encountered, 0 discovered, 0 enqueued
[2024-07-25T19:05:24.064+0800][92.433s][gc,ref      ] GC(4952) Phantom: 184 encountered, 98 discovered, 0 enqueued
[2024-07-25T19:05:24.064+0800][92.433s][gc,reloc    ] GC(4952) Small Pages: 4 / 8M, Empty: 2M, Relocated: 0M, In-Place: 0
[2024-07-25T19:05:24.064+0800][92.433s][gc,reloc    ] GC(4952) Large Pages: 4 / 8M, Empty: 4M, Relocated: 0M, In-Place: 0
[2024-07-25T19:05:24.064+0800][92.433s][gc,reloc    ] GC(4952) Forwarding Usage: 0M
[2024-07-25T19:05:24.064+0800][92.433s][gc,heap     ] GC(4952) Min Capacity: 8M(50%)
[2024-07-25T19:05:24.064+0800][92.433s][gc,heap     ] GC(4952) Max Capacity: 16M(100%)
[2024-07-25T19:05:24.064+0800][92.433s][gc,heap     ] GC(4952) Soft Max Capacity: 16M(100%)
[2024-07-25T19:05:24.064+0800][92.433s][gc,heap     ] GC(4952)                Mark Start          Mark End        Relocate Start      Relocate End           High               Low         
[2024-07-25T19:05:24.064+0800][92.433s][gc,heap     ] GC(4952)  Capacity:       16M (100%)         16M (100%)         16M (100%)         16M (100%)         16M (100%)         16M (100%)   
[2024-07-25T19:05:24.064+0800][92.434s][gc,heap     ] GC(4952)      Free:        0M (0%)            0M (0%)            2M (12%)           2M (12%)           6M (38%)           0M (0%)     
[2024-07-25T19:05:24.064+0800][92.434s][gc,heap     ] GC(4952)      Used:       16M (100%)         16M (100%)         14M (88%)          14M (88%)          16M (100%)         10M (62%)    
[2024-07-25T19:05:24.065+0800][92.434s][gc,heap     ] GC(4952)      Live:         -                 8M (54%)           8M (54%)           8M (54%)            -                  -          
[2024-07-25T19:05:24.065+0800][92.434s][gc,heap     ] GC(4952) Allocated:         -                 0M (0%)            4M (25%)           4M (25%)            -                  -          
[2024-07-25T19:05:24.065+0800][92.434s][gc,heap     ] GC(4952)   Garbage:         -                 7M (46%)           1M (8%)            1M (8%)             -                  -          
[2024-07-25T19:05:24.065+0800][92.434s][gc,heap     ] GC(4952) Reclaimed:         -                  -                 6M (38%)           6M (38%)            -                  -          
[2024-07-25T19:05:24.065+0800][92.434s][gc          ] GC(4952) Garbage Collection (Allocation Stall) 16M(100%)->14M(88%)
[2024-07-25T19:05:24.067+0800][92.436s][gc,start    ] GC(4953) Garbage Collection (Allocation Stall)
[2024-07-25T19:05:24.067+0800][92.436s][gc,ref      ] GC(4953) Clearing All SoftReferences
[2024-07-25T19:05:24.067+0800][92.436s][gc,task     ] GC(4953) Using 1 workers
[2024-07-25T19:05:24.067+0800][92.436s][gc,phases   ] GC(4953) Pause Mark Start 0.009ms
[2024-07-25T19:05:24.075+0800][92.444s][gc,phases   ] GC(4953) Concurrent Mark 8.213ms
[2024-07-25T19:05:24.075+0800][92.444s][gc,phases   ] GC(4953) Pause Mark End 0.014ms
[2024-07-25T19:05:24.075+0800][92.445s][gc,phases   ] GC(4953) Concurrent Mark Free 0.002ms
[2024-07-25T19:05:24.077+0800][92.446s][gc,phases   ] GC(4953) Concurrent Process Non-Strong References 1.759ms
[2024-07-25T19:05:24.077+0800][92.446s][gc,phases   ] GC(4953) Concurrent Reset Relocation Set 0.001ms
[2024-07-25T19:05:24.081+0800][92.450s][gc          ] Allocation Stall (main) 14.779ms
[2024-07-25T19:05:24.081+0800][92.450s][gc,phases   ] GC(4953) Concurrent Select Relocation Set 3.901ms
[2024-07-25T19:05:24.082+0800][92.451s][gc,phases   ] GC(4953) Pause Relocate Start 0.012ms
[2024-07-25T19:05:24.082+0800][92.451s][gc,phases   ] GC(4953) Concurrent Relocate 0.061ms
[2024-07-25T19:05:24.082+0800][92.451s][gc,load     ] GC(4953) Load: 0.00/0.00/0.00
[2024-07-25T19:05:24.082+0800][92.451s][gc,mmu      ] GC(4953) MMU: 2ms/88.2%, 5ms/95.3%, 10ms/97.6%, 20ms/98.8%, 50ms/99.4%, 100ms/99.6%
[2024-07-25T19:05:24.082+0800][92.451s][gc,marking  ] GC(4953) Mark: 1 stripe(s), 1 proactive flush(es), 1 terminate flush(es), 0 completion(s), 0 continuation(s) 
[2024-07-25T19:05:24.082+0800][92.451s][gc,marking  ] GC(4953) Mark Stack Usage: 32M
[2024-07-25T19:05:24.082+0800][92.451s][gc,nmethod  ] GC(4953) NMethods: 535 registered, 0 unregistered
[2024-07-25T19:05:24.082+0800][92.451s][gc,metaspace] GC(4953) Metaspace: 1M used, 1M committed, 1088M reserved
[2024-07-25T19:05:24.082+0800][92.451s][gc,ref      ] GC(4953) Soft: 46 encountered, 25 discovered, 0 enqueued
[2024-07-25T19:05:24.082+0800][92.451s][gc,ref      ] GC(4953) Weak: 131 encountered, 107 discovered, 0 enqueued
[2024-07-25T19:05:24.082+0800][92.451s][gc,ref      ] GC(4953) Final: 0 encountered, 0 discovered, 0 enqueued
[2024-07-25T19:05:24.082+0800][92.451s][gc,ref      ] GC(4953) Phantom: 184 encountered, 98 discovered, 0 enqueued
[2024-07-25T19:05:24.082+0800][92.451s][gc,reloc    ] GC(4953) Small Pages: 4 / 8M, Empty: 2M, Relocated: 0M, In-Place: 0
[2024-07-25T19:05:24.082+0800][92.451s][gc,reloc    ] GC(4953) Large Pages: 4 / 8M, Empty: 4M, Relocated: 0M, In-Place: 0
[2024-07-25T19:05:24.082+0800][92.452s][gc,reloc    ] GC(4953) Forwarding Usage: 0M
[2024-07-25T19:05:24.082+0800][92.452s][gc,heap     ] GC(4953) Min Capacity: 8M(50%)
[2024-07-25T19:05:24.082+0800][92.452s][gc,heap     ] GC(4953) Max Capacity: 16M(100%)
[2024-07-25T19:05:24.083+0800][92.452s][gc,heap     ] GC(4953) Soft Max Capacity: 16M(100%)
[2024-07-25T19:05:24.083+0800][92.452s][gc,heap     ] GC(4953)                Mark Start          Mark End        Relocate Start      Relocate End           High               Low         
[2024-07-25T19:05:24.083+0800][92.452s][gc,heap     ] GC(4953)  Capacity:       16M (100%)         16M (100%)         16M (100%)         16M (100%)         16M (100%)         16M (100%)   
[2024-07-25T19:05:24.083+0800][92.452s][gc,heap     ] GC(4953)      Free:        0M (0%)            0M (0%)            2M (12%)           2M (12%)           6M (38%)           0M (0%)     
[2024-07-25T19:05:24.083+0800][92.452s][gc,heap     ] GC(4953)      Used:       16M (100%)         16M (100%)         14M (88%)          14M (88%)          16M (100%)         10M (62%)    
[2024-07-25T19:05:24.083+0800][92.452s][gc,heap     ] GC(4953)      Live:         -                 8M (54%)           8M (54%)           8M (54%)            -                  -          
[2024-07-25T19:05:24.083+0800][92.452s][gc,heap     ] GC(4953) Allocated:         -                 0M (0%)            4M (25%)           4M (25%)            -                  -          
[2024-07-25T19:05:24.083+0800][92.452s][gc,heap     ] GC(4953)   Garbage:         -                 7M (46%)           1M (8%)            1M (8%)             -                  -          
[2024-07-25T19:05:24.083+0800][92.452s][gc,heap     ] GC(4953) Reclaimed:         -                  -                 6M (38%)           6M (38%)            -                  -          
[2024-07-25T19:05:24.083+0800][92.452s][gc          ] GC(4953) Garbage Collection (Allocation Stall) 16M(100%)->14M(88%)
[2024-07-25T19:05:24.087+0800][92.456s][gc,start    ] GC(4954) Garbage Collection (Allocation Stall)
[2024-07-25T19:05:24.087+0800][92.456s][gc,ref      ] GC(4954) Clearing All SoftReferences
[2024-07-25T19:05:24.087+0800][92.456s][gc,task     ] GC(4954) Using 1 workers
[2024-07-25T19:05:24.087+0800][92.456s][gc,phases   ] GC(4954) Pause Mark Start 0.011ms
[2024-07-25T19:05:24.095+0800][92.464s][gc,phases   ] GC(4954) Concurrent Mark 7.571ms
[2024-07-25T19:05:24.095+0800][92.464s][gc,phases   ] GC(4954) Pause Mark End 0.015ms
[2024-07-25T19:05:24.095+0800][92.464s][gc,phases   ] GC(4954) Concurrent Mark Free 0.001ms
[2024-07-25T19:05:24.097+0800][92.466s][gc,phases   ] GC(4954) Concurrent Process Non-Strong References 1.923ms
[2024-07-25T19:05:24.097+0800][92.466s][gc,phases   ] GC(4954) Concurrent Reset Relocation Set 0.001ms
[2024-07-25T19:05:24.100+0800][92.469s][gc          ] Allocation Stall (main) 13.728ms
[2024-07-25T19:05:24.100+0800][92.470s][gc,phases   ] GC(4954) Concurrent Select Relocation Set 3.384ms
[2024-07-25T19:05:24.101+0800][92.470s][gc,phases   ] GC(4954) Pause Relocate Start 0.008ms
[2024-07-25T19:05:24.101+0800][92.470s][gc,phases   ] GC(4954) Concurrent Relocate 0.054ms
[2024-07-25T19:05:24.101+0800][92.470s][gc,load     ] GC(4954) Load: 0.00/0.00/0.00
[2024-07-25T19:05:24.101+0800][92.470s][gc,mmu      ] GC(4954) MMU: 2ms/88.2%, 5ms/95.3%, 10ms/97.6%, 20ms/98.8%, 50ms/99.4%, 100ms/99.6%
[2024-07-25T19:05:24.101+0800][92.470s][gc,marking  ] GC(4954) Mark: 1 stripe(s), 1 proactive flush(es), 1 terminate flush(es), 0 completion(s), 0 continuation(s) 
[2024-07-25T19:05:24.101+0800][92.470s][gc,marking  ] GC(4954) Mark Stack Usage: 32M
[2024-07-25T19:05:24.101+0800][92.470s][gc,nmethod  ] GC(4954) NMethods: 535 registered, 0 unregistered
[2024-07-25T19:05:24.101+0800][92.470s][gc,metaspace] GC(4954) Metaspace: 1M used, 1M committed, 1088M reserved
[2024-07-25T19:05:24.101+0800][92.470s][gc,ref      ] GC(4954) Soft: 46 encountered, 25 discovered, 0 enqueued
[2024-07-25T19:05:24.101+0800][92.470s][gc,ref      ] GC(4954) Weak: 131 encountered, 107 discovered, 0 enqueued
[2024-07-25T19:05:24.101+0800][92.470s][gc,ref      ] GC(4954) Final: 0 encountered, 0 discovered, 0 enqueued
[2024-07-25T19:05:24.101+0800][92.470s][gc,ref      ] GC(4954) Phantom: 184 encountered, 98 discovered, 0 enqueued
[2024-07-25T19:05:24.101+0800][92.470s][gc,reloc    ] GC(4954) Small Pages: 4 / 8M, Empty: 2M, Relocated: 0M, In-Place: 0
[2024-07-25T19:05:24.101+0800][92.470s][gc,reloc    ] GC(4954) Large Pages: 4 / 8M, Empty: 4M, Relocated: 0M, In-Place: 0
[2024-07-25T19:05:24.101+0800][92.470s][gc,reloc    ] GC(4954) Forwarding Usage: 0M
[2024-07-25T19:05:24.101+0800][92.470s][gc,heap     ] GC(4954) Min Capacity: 8M(50%)
[2024-07-25T19:05:24.101+0800][92.470s][gc,heap     ] GC(4954) Max Capacity: 16M(100%)
[2024-07-25T19:05:24.101+0800][92.470s][gc,heap     ] GC(4954) Soft Max Capacity: 16M(100%)
[2024-07-25T19:05:24.101+0800][92.470s][gc,heap     ] GC(4954)                Mark Start          Mark End        Relocate Start      Relocate End           High               Low         
[2024-07-25T19:05:24.101+0800][92.471s][gc,heap     ] GC(4954)  Capacity:       16M (100%)         16M (100%)         16M (100%)         16M (100%)         16M (100%)         16M (100%)   
[2024-07-25T19:05:24.101+0800][92.471s][gc,heap     ] GC(4954)      Free:        0M (0%)            0M (0%)            2M (12%)           2M (12%)           6M (38%)           0M (0%)     
[2024-07-25T19:05:24.102+0800][92.471s][gc,heap     ] GC(4954)      Used:       16M (100%)         16M (100%)         14M (88%)          14M (88%)          16M (100%)         10M (62%)    
[2024-07-25T19:05:24.102+0800][92.471s][gc,heap     ] GC(4954)      Live:         -                 8M (54%)           8M (54%)           8M (54%)            -                  -          
[2024-07-25T19:05:24.102+0800][92.471s][gc,heap     ] GC(4954) Allocated:         -                 0M (0%)            4M (25%)           4M (25%)            -                  -          
[2024-07-25T19:05:24.102+0800][92.471s][gc,heap     ] GC(4954)   Garbage:         -                 7M (46%)           1M (8%)            1M (8%)             -                  -          
[2024-07-25T19:05:24.102+0800][92.471s][gc,heap     ] GC(4954) Reclaimed:         -                  -                 6M (38%)           6M (38%)            -                  -          
[2024-07-25T19:05:24.102+0800][92.471s][gc          ] GC(4954) Garbage Collection (Allocation Stall) 16M(100%)->14M(88%)
[2024-07-25T19:05:24.105+0800][92.474s][gc,start    ] GC(4955) Garbage Collection (Allocation Stall)
[2024-07-25T19:05:24.105+0800][92.474s][gc,ref      ] GC(4955) Clearing All SoftReferences
[2024-07-25T19:05:24.105+0800][92.474s][gc,task     ] GC(4955) Using 1 workers
[2024-07-25T19:05:24.105+0800][92.474s][gc,phases   ] GC(4955) Pause Mark Start 0.009ms
[2024-07-25T19:05:24.112+0800][92.481s][gc,phases   ] GC(4955) Concurrent Mark 7.173ms
[2024-07-25T19:05:24.112+0800][92.481s][gc,phases   ] GC(4955) Pause Mark End 0.014ms
[2024-07-25T19:05:24.113+0800][92.482s][gc,phases   ] GC(4955) Concurrent Mark Free 0.001ms
[2024-07-25T19:05:24.114+0800][92.484s][gc,phases   ] GC(4955) Concurrent Process Non-Strong References 1.878ms
[2024-07-25T19:05:24.114+0800][92.484s][gc,phases   ] GC(4955) Concurrent Reset Relocation Set 0.001ms
[2024-07-25T19:05:24.118+0800][92.487s][gc          ] Allocation Stall (main) 13.252ms
[2024-07-25T19:05:24.118+0800][92.487s][gc,phases   ] GC(4955) Concurrent Select Relocation Set 3.315ms
[2024-07-25T19:05:24.118+0800][92.487s][gc,phases   ] GC(4955) Pause Relocate Start 0.009ms
[2024-07-25T19:05:24.118+0800][92.487s][gc,phases   ] GC(4955) Concurrent Relocate 0.038ms
[2024-07-25T19:05:24.118+0800][92.487s][gc,load     ] GC(4955) Load: 0.00/0.00/0.00
[2024-07-25T19:05:24.118+0800][92.488s][gc,mmu      ] GC(4955) MMU: 2ms/88.2%, 5ms/95.3%, 10ms/97.6%, 20ms/98.8%, 50ms/99.4%, 100ms/99.6%
[2024-07-25T19:05:24.118+0800][92.488s][gc,marking  ] GC(4955) Mark: 1 stripe(s), 1 proactive flush(es), 1 terminate flush(es), 0 completion(s), 0 continuation(s) 
[2024-07-25T19:05:24.118+0800][92.488s][gc,marking  ] GC(4955) Mark Stack Usage: 32M
[2024-07-25T19:05:24.118+0800][92.488s][gc,nmethod  ] GC(4955) NMethods: 535 registered, 0 unregistered
[2024-07-25T19:05:24.118+0800][92.488s][gc,metaspace] GC(4955) Metaspace: 1M used, 1M committed, 1088M reserved
[2024-07-25T19:05:24.118+0800][92.488s][gc,ref      ] GC(4955) Soft: 46 encountered, 25 discovered, 0 enqueued
[2024-07-25T19:05:24.118+0800][92.488s][gc,ref      ] GC(4955) Weak: 131 encountered, 107 discovered, 0 enqueued
[2024-07-25T19:05:24.118+0800][92.488s][gc,ref      ] GC(4955) Final: 0 encountered, 0 discovered, 0 enqueued
[2024-07-25T19:05:24.118+0800][92.488s][gc,ref      ] GC(4955) Phantom: 184 encountered, 98 discovered, 0 enqueued
[2024-07-25T19:05:24.118+0800][92.488s][gc,reloc    ] GC(4955) Small Pages: 4 / 8M, Empty: 2M, Relocated: 0M, In-Place: 0
[2024-07-25T19:05:24.119+0800][92.488s][gc,reloc    ] GC(4955) Large Pages: 4 / 8M, Empty: 4M, Relocated: 0M, In-Place: 0
[2024-07-25T19:05:24.119+0800][92.488s][gc,reloc    ] GC(4955) Forwarding Usage: 0M
[2024-07-25T19:05:24.119+0800][92.488s][gc,heap     ] GC(4955) Min Capacity: 8M(50%)
[2024-07-25T19:05:24.119+0800][92.488s][gc,heap     ] GC(4955) Max Capacity: 16M(100%)
[2024-07-25T19:05:24.119+0800][92.488s][gc,heap     ] GC(4955) Soft Max Capacity: 16M(100%)
[2024-07-25T19:05:24.119+0800][92.488s][gc,heap     ] GC(4955)                Mark Start          Mark End        Relocate Start      Relocate End           High               Low         
[2024-07-25T19:05:24.119+0800][92.488s][gc,heap     ] GC(4955)  Capacity:       16M (100%)         16M (100%)         16M (100%)         16M (100%)         16M (100%)         16M (100%)   
[2024-07-25T19:05:24.119+0800][92.488s][gc,heap     ] GC(4955)      Free:        0M (0%)            0M (0%)            2M (12%)           2M (12%)           6M (38%)           0M (0%)     
[2024-07-25T19:05:24.119+0800][92.488s][gc,heap     ] GC(4955)      Used:       16M (100%)         16M (100%)         14M (88%)          14M (88%)          16M (100%)         10M (62%)    
[2024-07-25T19:05:24.119+0800][92.488s][gc,heap     ] GC(4955)      Live:         -                 8M (54%)           8M (54%)           8M (54%)            -                  -          
[2024-07-25T19:05:24.119+0800][92.488s][gc,heap     ] GC(4955) Allocated:         -                 0M (0%)            4M (25%)           4M (25%)            -                  -          
[2024-07-25T19:05:24.119+0800][92.488s][gc,heap     ] GC(4955)   Garbage:         -                 7M (46%)           1M (8%)            1M (8%)             -                  -          
[2024-07-25T19:05:24.119+0800][92.488s][gc,heap     ] GC(4955) Reclaimed:         -                  -                 6M (38%)           6M (38%)            -                  -          
[2024-07-25T19:05:24.119+0800][92.488s][gc          ] GC(4955) Garbage Collection (Allocation Stall) 16M(100%)->14M(88%)
[2024-07-25T19:05:24.123+0800][92.492s][gc,start    ] GC(4956) Garbage Collection (Allocation Stall)
[2024-07-25T19:05:24.123+0800][92.492s][gc,ref      ] GC(4956) Clearing All SoftReferences
[2024-07-25T19:05:24.123+0800][92.492s][gc,task     ] GC(4956) Using 1 workers
[2024-07-25T19:05:24.123+0800][92.492s][gc,phases   ] GC(4956) Pause Mark Start 0.009ms
[2024-07-25T19:05:24.131+0800][92.500s][gc,phases   ] GC(4956) Concurrent Mark 7.531ms
[2024-07-25T19:05:24.131+0800][92.500s][gc,phases   ] GC(4956) Pause Mark End 0.011ms
[2024-07-25T19:05:24.131+0800][92.500s][gc,phases   ] GC(4956) Concurrent Mark Free 0.001ms
[2024-07-25T19:05:24.133+0800][92.502s][gc,phases   ] GC(4956) Concurrent Process Non-Strong References 2.005ms
[2024-07-25T19:05:24.133+0800][92.502s][gc,phases   ] GC(4956) Concurrent Reset Relocation Set 0.001ms
[2024-07-25T19:05:24.137+0800][92.506s][gc,phases   ] GC(4956) Concurrent Select Relocation Set 3.665ms
[2024-07-25T19:05:24.137+0800][92.506s][gc          ] Allocation Stall (main) 14.163ms
[2024-07-25T19:05:24.137+0800][92.506s][gc,phases   ] GC(4956) Pause Relocate Start 0.009ms
[2024-07-25T19:05:24.137+0800][92.507s][gc,phases   ] GC(4956) Concurrent Relocate 0.157ms
[2024-07-25T19:05:24.137+0800][92.507s][gc,load     ] GC(4956) Load: 0.00/0.00/0.00
[2024-07-25T19:05:24.138+0800][92.507s][gc,mmu      ] GC(4956) MMU: 2ms/88.2%, 5ms/95.3%, 10ms/97.6%, 20ms/98.8%, 50ms/99.4%, 100ms/99.6%
[2024-07-25T19:05:24.138+0800][92.507s][gc,marking  ] GC(4956) Mark: 1 stripe(s), 1 proactive flush(es), 1 terminate flush(es), 0 completion(s), 0 continuation(s) 
[2024-07-25T19:05:24.138+0800][92.507s][gc,marking  ] GC(4956) Mark Stack Usage: 32M
[2024-07-25T19:05:24.138+0800][92.507s][gc,nmethod  ] GC(4956) NMethods: 535 registered, 0 unregistered
[2024-07-25T19:05:24.138+0800][92.507s][gc,metaspace] GC(4956) Metaspace: 1M used, 1M committed, 1088M reserved
[2024-07-25T19:05:24.138+0800][92.507s][gc,ref      ] GC(4956) Soft: 46 encountered, 25 discovered, 0 enqueued
[2024-07-25T19:05:24.138+0800][92.507s][gc,ref      ] GC(4956) Weak: 131 encountered, 107 discovered, 0 enqueued
[2024-07-25T19:05:24.138+0800][92.507s][gc,ref      ] GC(4956) Final: 0 encountered, 0 discovered, 0 enqueued
[2024-07-25T19:05:24.138+0800][92.507s][gc,ref      ] GC(4956) Phantom: 184 encountered, 98 discovered, 0 enqueued
[2024-07-25T19:05:24.138+0800][92.507s][gc,reloc    ] GC(4956) Small Pages: 4 / 8M, Empty: 2M, Relocated: 0M, In-Place: 0
[2024-07-25T19:05:24.138+0800][92.507s][gc,reloc    ] GC(4956) Large Pages: 4 / 8M, Empty: 4M, Relocated: 0M, In-Place: 0
[2024-07-25T19:05:24.138+0800][92.507s][gc,reloc    ] GC(4956) Forwarding Usage: 0M
[2024-07-25T19:05:24.138+0800][92.507s][gc,heap     ] GC(4956) Min Capacity: 8M(50%)
[2024-07-25T19:05:24.138+0800][92.507s][gc,heap     ] GC(4956) Max Capacity: 16M(100%)
[2024-07-25T19:05:24.138+0800][92.507s][gc,heap     ] GC(4956) Soft Max Capacity: 16M(100%)
[2024-07-25T19:05:24.138+0800][92.507s][gc,heap     ] GC(4956)                Mark Start          Mark End        Relocate Start      Relocate End           High               Low         
[2024-07-25T19:05:24.138+0800][92.507s][gc,heap     ] GC(4956)  Capacity:       16M (100%)         16M (100%)         16M (100%)         16M (100%)         16M (100%)         16M (100%)   
[2024-07-25T19:05:24.138+0800][92.508s][gc,heap     ] GC(4956)      Free:        0M (0%)            0M (0%)            4M (25%)           4M (25%)           6M (38%)           0M (0%)     
[2024-07-25T19:05:24.138+0800][92.508s][gc,heap     ] GC(4956)      Used:       16M (100%)         16M (100%)         12M (75%)          12M (75%)          16M (100%)         10M (62%)    
[2024-07-25T19:05:24.138+0800][92.508s][gc,heap     ] GC(4956)      Live:         -                 8M (54%)           8M (54%)           8M (54%)            -                  -          
[2024-07-25T19:05:24.138+0800][92.508s][gc,heap     ] GC(4956) Allocated:         -                 0M (0%)            2M (12%)           2M (12%)            -                  -          
[2024-07-25T19:05:24.138+0800][92.508s][gc,heap     ] GC(4956)   Garbage:         -                 7M (46%)           1M (8%)            1M (8%)             -                  -          
[2024-07-25T19:05:24.138+0800][92.508s][gc,heap     ] GC(4956) Reclaimed:         -                  -                 6M (38%)           6M (38%)            -                  -          
[2024-07-25T19:05:24.138+0800][92.508s][gc          ] GC(4956) Garbage Collection (Allocation Stall) 16M(100%)->12M(75%)
[2024-07-25T19:05:24.143+0800][92.512s][gc,start    ] GC(4957) Garbage Collection (Allocation Stall)
[2024-07-25T19:05:24.143+0800][92.512s][gc,ref      ] GC(4957) Clearing All SoftReferences
[2024-07-25T19:05:24.143+0800][92.512s][gc,task     ] GC(4957) Using 1 workers
[2024-07-25T19:05:24.143+0800][92.512s][gc,phases   ] GC(4957) Pause Mark Start 0.009ms
[2024-07-25T19:05:24.151+0800][92.520s][gc,phases   ] GC(4957) Concurrent Mark 7.890ms
[2024-07-25T19:05:24.151+0800][92.521s][gc,phases   ] GC(4957) Pause Mark End 0.013ms
[2024-07-25T19:05:24.151+0800][92.521s][gc,phases   ] GC(4957) Concurrent Mark Free 0.001ms
[2024-07-25T19:05:24.154+0800][92.523s][gc,phases   ] GC(4957) Concurrent Process Non-Strong References 2.171ms
[2024-07-25T19:05:24.154+0800][92.523s][gc,phases   ] GC(4957) Concurrent Reset Relocation Set 0.001ms
[2024-07-25T19:05:24.157+0800][92.527s][gc          ] Allocation Stall (main) 14.529ms
[2024-07-25T19:05:24.157+0800][92.527s][gc,phases   ] GC(4957) Concurrent Select Relocation Set 3.557ms
[2024-07-25T19:05:24.157+0800][92.527s][gc,phases   ] GC(4957) Pause Relocate Start 0.010ms
[2024-07-25T19:05:24.158+0800][92.527s][gc,phases   ] GC(4957) Concurrent Relocate 0.058ms
[2024-07-25T19:05:24.158+0800][92.527s][gc,load     ] GC(4957) Load: 0.00/0.00/0.00
[2024-07-25T19:05:24.158+0800][92.527s][gc,mmu      ] GC(4957) MMU: 2ms/88.2%, 5ms/95.3%, 10ms/97.6%, 20ms/98.8%, 50ms/99.4%, 100ms/99.6%
[2024-07-25T19:05:24.158+0800][92.527s][gc,marking  ] GC(4957) Mark: 1 stripe(s), 1 proactive flush(es), 1 terminate flush(es), 0 completion(s), 0 continuation(s) 
[2024-07-25T19:05:24.158+0800][92.527s][gc,marking  ] GC(4957) Mark Stack Usage: 32M
[2024-07-25T19:05:24.158+0800][92.527s][gc,nmethod  ] GC(4957) NMethods: 535 registered, 0 unregistered
[2024-07-25T19:05:24.158+0800][92.527s][gc,metaspace] GC(4957) Metaspace: 1M used, 1M committed, 1088M reserved
[2024-07-25T19:05:24.158+0800][92.527s][gc,ref      ] GC(4957) Soft: 46 encountered, 25 discovered, 0 enqueued
[2024-07-25T19:05:24.158+0800][92.527s][gc,ref      ] GC(4957) Weak: 131 encountered, 107 discovered, 0 enqueued
[2024-07-25T19:05:24.158+0800][92.527s][gc,ref      ] GC(4957) Final: 0 encountered, 0 discovered, 0 enqueued
[2024-07-25T19:05:24.158+0800][92.527s][gc,ref      ] GC(4957) Phantom: 184 encountered, 98 discovered, 0 enqueued
[2024-07-25T19:05:24.158+0800][92.527s][gc,reloc    ] GC(4957) Small Pages: 4 / 8M, Empty: 2M, Relocated: 0M, In-Place: 0
[2024-07-25T19:05:24.158+0800][92.528s][gc,reloc    ] GC(4957) Large Pages: 4 / 8M, Empty: 4M, Relocated: 0M, In-Place: 0
[2024-07-25T19:05:24.158+0800][92.528s][gc,reloc    ] GC(4957) Forwarding Usage: 0M
[2024-07-25T19:05:24.158+0800][92.528s][gc,heap     ] GC(4957) Min Capacity: 8M(50%)
[2024-07-25T19:05:24.158+0800][92.528s][gc,heap     ] GC(4957) Max Capacity: 16M(100%)
[2024-07-25T19:05:24.158+0800][92.528s][gc,heap     ] GC(4957) Soft Max Capacity: 16M(100%)
[2024-07-25T19:05:24.158+0800][92.528s][gc,heap     ] GC(4957)                Mark Start          Mark End        Relocate Start      Relocate End           High               Low         
[2024-07-25T19:05:24.158+0800][92.528s][gc,heap     ] GC(4957)  Capacity:       16M (100%)         16M (100%)         16M (100%)         16M (100%)         16M (100%)         16M (100%)   
[2024-07-25T19:05:24.158+0800][92.528s][gc,heap     ] GC(4957)      Free:        0M (0%)            0M (0%)            2M (12%)           2M (12%)           6M (38%)           0M (0%)     
[2024-07-25T19:05:24.158+0800][92.528s][gc,heap     ] GC(4957)      Used:       16M (100%)         16M (100%)         14M (88%)          14M (88%)          16M (100%)         10M (62%)    
[2024-07-25T19:05:24.159+0800][92.528s][gc,heap     ] GC(4957)      Live:         -                 8M (54%)           8M (54%)           8M (54%)            -                  -          
[2024-07-25T19:05:24.159+0800][92.528s][gc,heap     ] GC(4957) Allocated:         -                 0M (0%)            4M (25%)           4M (25%)            -                  -          
[2024-07-25T19:05:24.159+0800][92.528s][gc,heap     ] GC(4957)   Garbage:         -                 7M (46%)           1M (8%)            1M (8%)             -                  -          
[2024-07-25T19:05:24.159+0800][92.528s][gc,heap     ] GC(4957) Reclaimed:         -                  -                 6M (38%)           6M (38%)            -                  -          
[2024-07-25T19:05:24.159+0800][92.528s][gc          ] GC(4957) Garbage Collection (Allocation Stall) 16M(100%)->14M(88%)
[2024-07-25T19:05:24.161+0800][92.530s][gc,start    ] GC(4958) Garbage Collection (Allocation Stall)
[2024-07-25T19:05:24.161+0800][92.530s][gc,ref      ] GC(4958) Clearing All SoftReferences
[2024-07-25T19:05:24.161+0800][92.530s][gc,task     ] GC(4958) Using 1 workers
[2024-07-25T19:05:24.161+0800][92.530s][gc,phases   ] GC(4958) Pause Mark Start 0.009ms
[2024-07-25T19:05:24.169+0800][92.538s][gc,phases   ] GC(4958) Concurrent Mark 7.879ms
[2024-07-25T19:05:24.169+0800][92.538s][gc,phases   ] GC(4958) Pause Mark End 0.013ms
[2024-07-25T19:05:24.169+0800][92.538s][gc,phases   ] GC(4958) Concurrent Mark Free 0.002ms
[2024-07-25T19:05:24.171+0800][92.541s][gc,phases   ] GC(4958) Concurrent Process Non-Strong References 2.240ms
[2024-07-25T19:05:24.171+0800][92.541s][gc,phases   ] GC(4958) Concurrent Reset Relocation Set 0.001ms
[2024-07-25T19:05:24.175+0800][92.544s][gc          ] Allocation Stall (main) 14.667ms
[2024-07-25T19:05:24.175+0800][92.544s][gc,phases   ] GC(4958) Concurrent Select Relocation Set 3.652ms
[2024-07-25T19:05:24.175+0800][92.545s][gc,phases   ] GC(4958) Pause Relocate Start 0.009ms
[2024-07-25T19:05:24.175+0800][92.545s][gc,phases   ] GC(4958) Concurrent Relocate 0.109ms
[2024-07-25T19:05:24.175+0800][92.545s][gc,load     ] GC(4958) Load: 0.00/0.00/0.00
[2024-07-25T19:05:24.175+0800][92.545s][gc,mmu      ] GC(4958) MMU: 2ms/88.2%, 5ms/95.3%, 10ms/97.6%, 20ms/98.8%, 50ms/99.4%, 100ms/99.6%
[2024-07-25T19:05:24.175+0800][92.545s][gc,marking  ] GC(4958) Mark: 1 stripe(s), 1 proactive flush(es), 1 terminate flush(es), 0 completion(s), 0 continuation(s) 
[2024-07-25T19:05:24.175+0800][92.545s][gc,marking  ] GC(4958) Mark Stack Usage: 32M
[2024-07-25T19:05:24.175+0800][92.545s][gc,nmethod  ] GC(4958) NMethods: 535 registered, 0 unregistered
[2024-07-25T19:05:24.175+0800][92.545s][gc,metaspace] GC(4958) Metaspace: 1M used, 1M committed, 1088M reserved
[2024-07-25T19:05:24.175+0800][92.545s][gc,ref      ] GC(4958) Soft: 46 encountered, 25 discovered, 0 enqueued
[2024-07-25T19:05:24.175+0800][92.545s][gc,ref      ] GC(4958) Weak: 131 encountered, 107 discovered, 0 enqueued
[2024-07-25T19:05:24.175+0800][92.545s][gc,ref      ] GC(4958) Final: 0 encountered, 0 discovered, 0 enqueued
[2024-07-25T19:05:24.175+0800][92.545s][gc,ref      ] GC(4958) Phantom: 184 encountered, 98 discovered, 0 enqueued
[2024-07-25T19:05:24.175+0800][92.545s][gc,reloc    ] GC(4958) Small Pages: 4 / 8M, Empty: 2M, Relocated: 0M, In-Place: 0
[2024-07-25T19:05:24.175+0800][92.545s][gc,reloc    ] GC(4958) Large Pages: 4 / 8M, Empty: 4M, Relocated: 0M, In-Place: 0
[2024-07-25T19:05:24.177+0800][92.545s][gc,reloc    ] GC(4958) Forwarding Usage: 0M
[2024-07-25T19:05:24.177+0800][92.546s][gc,heap     ] GC(4958) Min Capacity: 8M(50%)
[2024-07-25T19:05:24.177+0800][92.546s][gc,heap     ] GC(4958) Max Capacity: 16M(100%)
[2024-07-25T19:05:24.177+0800][92.546s][gc,heap     ] GC(4958) Soft Max Capacity: 16M(100%)
[2024-07-25T19:05:24.177+0800][92.546s][gc,heap     ] GC(4958)                Mark Start          Mark End        Relocate Start      Relocate End           High               Low         
[2024-07-25T19:05:24.177+0800][92.546s][gc,heap     ] GC(4958)  Capacity:       16M (100%)         16M (100%)         16M (100%)         16M (100%)         16M (100%)         16M (100%)   
[2024-07-25T19:05:24.177+0800][92.546s][gc,heap     ] GC(4958)      Free:        0M (0%)            0M (0%)            2M (12%)           2M (12%)           6M (38%)           0M (0%)     
[2024-07-25T19:05:24.177+0800][92.546s][gc,heap     ] GC(4958)      Used:       16M (100%)         16M (100%)         14M (88%)          14M (88%)          16M (100%)         10M (62%)    
[2024-07-25T19:05:24.177+0800][92.546s][gc,heap     ] GC(4958)      Live:         -                 8M (54%)           8M (54%)           8M (54%)            -                  -          
[2024-07-25T19:05:24.177+0800][92.546s][gc,heap     ] GC(4958) Allocated:         -                 0M (0%)            4M (25%)           4M (25%)            -                  -          
[2024-07-25T19:05:24.177+0800][92.546s][gc,heap     ] GC(4958)   Garbage:         -                 7M (46%)           1M (8%)            1M (8%)             -                  -          
[2024-07-25T19:05:24.177+0800][92.546s][gc,heap     ] GC(4958) Reclaimed:         -                  -                 6M (38%)           6M (38%)            -                  -          
[2024-07-25T19:05:24.177+0800][92.546s][gc          ] GC(4958) Garbage Collection (Allocation Stall) 16M(100%)->14M(88%)
[2024-07-25T19:05:24.180+0800][92.549s][gc,start    ] GC(4959) Garbage Collection (Allocation Stall)
[2024-07-25T19:05:24.180+0800][92.549s][gc,ref      ] GC(4959) Clearing All SoftReferences
[2024-07-25T19:05:24.180+0800][92.549s][gc,task     ] GC(4959) Using 1 workers
[2024-07-25T19:05:24.180+0800][92.549s][gc,phases   ] GC(4959) Pause Mark Start 0.012ms
[2024-07-25T19:05:24.188+0800][92.557s][gc,phases   ] GC(4959) Concurrent Mark 7.898ms
[2024-07-25T19:05:24.188+0800][92.557s][gc,phases   ] GC(4959) Pause Mark End 0.015ms
[2024-07-25T19:05:24.189+0800][92.557s][gc,phases   ] GC(4959) Concurrent Mark Free 0.002ms
[2024-07-25T19:05:24.191+0800][92.560s][gc,phases   ] GC(4959) Concurrent Process Non-Strong References 2.162ms
[2024-07-25T19:05:24.191+0800][92.560s][gc,phases   ] GC(4959) Concurrent Reset Relocation Set 0.001ms
[2024-07-25T19:05:24.195+0800][92.564s][gc          ] Allocation Stall (main) 14.914ms
[2024-07-25T19:05:24.195+0800][92.564s][gc,phases   ] GC(4959) Concurrent Select Relocation Set 3.826ms
[2024-07-25T19:05:24.195+0800][92.564s][gc,phases   ] GC(4959) Pause Relocate Start 0.011ms
[2024-07-25T19:05:24.195+0800][92.564s][gc,phases   ] GC(4959) Concurrent Relocate 0.116ms
[2024-07-25T19:05:24.195+0800][92.564s][gc,load     ] GC(4959) Load: 0.00/0.00/0.00
[2024-07-25T19:05:24.195+0800][92.564s][gc,mmu      ] GC(4959) MMU: 2ms/88.2%, 5ms/95.3%, 10ms/97.6%, 20ms/98.8%, 50ms/99.4%, 100ms/99.6%
[2024-07-25T19:05:24.195+0800][92.564s][gc,marking  ] GC(4959) Mark: 1 stripe(s), 1 proactive flush(es), 1 terminate flush(es), 0 completion(s), 0 continuation(s) 
[2024-07-25T19:05:24.196+0800][92.564s][gc,marking  ] GC(4959) Mark Stack Usage: 32M
[2024-07-25T19:05:24.196+0800][92.565s][gc,nmethod  ] GC(4959) NMethods: 535 registered, 0 unregistered
[2024-07-25T19:05:24.196+0800][92.565s][gc,metaspace] GC(4959) Metaspace: 1M used, 1M committed, 1088M reserved
[2024-07-25T19:05:24.196+0800][92.565s][gc,ref      ] GC(4959) Soft: 46 encountered, 25 discovered, 0 enqueued
[2024-07-25T19:05:24.196+0800][92.565s][gc,ref      ] GC(4959) Weak: 131 encountered, 107 discovered, 0 enqueued
[2024-07-25T19:05:24.196+0800][92.565s][gc,ref      ] GC(4959) Final: 0 encountered, 0 discovered, 0 enqueued
[2024-07-25T19:05:24.196+0800][92.565s][gc,ref      ] GC(4959) Phantom: 184 encountered, 98 discovered, 0 enqueued
[2024-07-25T19:05:24.196+0800][92.565s][gc,reloc    ] GC(4959) Small Pages: 4 / 8M, Empty: 2M, Relocated: 0M, In-Place: 0
[2024-07-25T19:05:24.196+0800][92.565s][gc,reloc    ] GC(4959) Large Pages: 4 / 8M, Empty: 4M, Relocated: 0M, In-Place: 0
[2024-07-25T19:05:24.196+0800][92.565s][gc,reloc    ] GC(4959) Forwarding Usage: 0M
[2024-07-25T19:05:24.196+0800][92.565s][gc,heap     ] GC(4959) Min Capacity: 8M(50%)
[2024-07-25T19:05:24.196+0800][92.565s][gc,heap     ] GC(4959) Max Capacity: 16M(100%)
[2024-07-25T19:05:24.196+0800][92.565s][gc,heap     ] GC(4959) Soft Max Capacity: 16M(100%)
[2024-07-25T19:05:24.196+0800][92.565s][gc,heap     ] GC(4959)                Mark Start          Mark End        Relocate Start      Relocate End           High               Low         
[2024-07-25T19:05:24.196+0800][92.565s][gc,heap     ] GC(4959)  Capacity:       16M (100%)         16M (100%)         16M (100%)         16M (100%)         16M (100%)         16M (100%)   
[2024-07-25T19:05:24.196+0800][92.565s][gc,heap     ] GC(4959)      Free:        0M (0%)            0M (0%)            2M (12%)           2M (12%)           6M (38%)           0M (0%)     
[2024-07-25T19:05:24.196+0800][92.565s][gc,heap     ] GC(4959)      Used:       16M (100%)         16M (100%)         14M (88%)          14M (88%)          16M (100%)         10M (62%)    
[2024-07-25T19:05:24.196+0800][92.565s][gc,heap     ] GC(4959)      Live:         -                 8M (54%)           8M (54%)           8M (54%)            -                  -          
[2024-07-25T19:05:24.196+0800][92.565s][gc,heap     ] GC(4959) Allocated:         -                 0M (0%)            4M (25%)           4M (25%)            -                  -          
[2024-07-25T19:05:24.196+0800][92.565s][gc,heap     ] GC(4959)   Garbage:         -                 7M (46%)           1M (8%)            1M (8%)             -                  -          
[2024-07-25T19:05:24.196+0800][92.565s][gc,heap     ] GC(4959) Reclaimed:         -                  -                 6M (38%)           6M (38%)            -                  -          
[2024-07-25T19:05:24.196+0800][92.565s][gc          ] GC(4959) Garbage Collection (Allocation Stall) 16M(100%)->14M(88%)
[2024-07-25T19:05:24.199+0800][92.568s][gc,start    ] GC(4960) Garbage Collection (Allocation Stall)
[2024-07-25T19:05:24.199+0800][92.568s][gc,ref      ] GC(4960) Clearing All SoftReferences
[2024-07-25T19:05:24.199+0800][92.568s][gc,task     ] GC(4960) Using 1 workers
[2024-07-25T19:05:24.199+0800][92.568s][gc,phases   ] GC(4960) Pause Mark Start 0.011ms
[2024-07-25T19:05:24.209+0800][92.578s][gc,phases   ] GC(4960) Concurrent Mark 10.259ms
[2024-07-25T19:05:24.209+0800][92.578s][gc,phases   ] GC(4960) Pause Mark End 0.016ms
[2024-07-25T19:05:24.209+0800][92.579s][gc,phases   ] GC(4960) Concurrent Mark Free 0.002ms
[2024-07-25T19:05:24.212+0800][92.581s][gc,phases   ] GC(4960) Concurrent Process Non-Strong References 2.131ms
[2024-07-25T19:05:24.212+0800][92.581s][gc,phases   ] GC(4960) Concurrent Reset Relocation Set 0.001ms
[2024-07-25T19:05:24.215+0800][92.584s][gc          ] Allocation Stall (main) 16.966ms
[2024-07-25T19:05:24.215+0800][92.585s][gc,phases   ] GC(4960) Concurrent Select Relocation Set 3.572ms
[2024-07-25T19:05:24.215+0800][92.585s][gc,phases   ] GC(4960) Pause Relocate Start 0.011ms
[2024-07-25T19:05:24.216+0800][92.585s][gc,phases   ] GC(4960) Concurrent Relocate 0.081ms
[2024-07-25T19:05:24.216+0800][92.585s][gc,load     ] GC(4960) Load: 0.00/0.00/0.00
[2024-07-25T19:05:24.216+0800][92.585s][gc,mmu      ] GC(4960) MMU: 2ms/88.2%, 5ms/95.3%, 10ms/97.6%, 20ms/98.8%, 50ms/99.4%, 100ms/99.6%
[2024-07-25T19:05:24.216+0800][92.585s][gc,marking  ] GC(4960) Mark: 1 stripe(s), 1 proactive flush(es), 1 terminate flush(es), 0 completion(s), 0 continuation(s) 
[2024-07-25T19:05:24.216+0800][92.585s][gc,marking  ] GC(4960) Mark Stack Usage: 32M
[2024-07-25T19:05:24.216+0800][92.585s][gc,nmethod  ] GC(4960) NMethods: 535 registered, 0 unregistered
[2024-07-25T19:05:24.216+0800][92.585s][gc,metaspace] GC(4960) Metaspace: 1M used, 1M committed, 1088M reserved
[2024-07-25T19:05:24.216+0800][92.585s][gc,ref      ] GC(4960) Soft: 46 encountered, 25 discovered, 0 enqueued
[2024-07-25T19:05:24.216+0800][92.585s][gc,ref      ] GC(4960) Weak: 131 encountered, 107 discovered, 0 enqueued
[2024-07-25T19:05:24.216+0800][92.586s][gc,ref      ] GC(4960) Final: 0 encountered, 0 discovered, 0 enqueued
[2024-07-25T19:05:24.216+0800][92.586s][gc,ref      ] GC(4960) Phantom: 184 encountered, 98 discovered, 0 enqueued
[2024-07-25T19:05:24.216+0800][92.586s][gc,reloc    ] GC(4960) Small Pages: 4 / 8M, Empty: 2M, Relocated: 0M, In-Place: 0
[2024-07-25T19:05:24.216+0800][92.586s][gc,reloc    ] GC(4960) Large Pages: 4 / 8M, Empty: 4M, Relocated: 0M, In-Place: 0
[2024-07-25T19:05:24.216+0800][92.586s][gc,reloc    ] GC(4960) Forwarding Usage: 0M
[2024-07-25T19:05:24.216+0800][92.586s][gc,heap     ] GC(4960) Min Capacity: 8M(50%)
[2024-07-25T19:05:24.216+0800][92.586s][gc,heap     ] GC(4960) Max Capacity: 16M(100%)
[2024-07-25T19:05:24.216+0800][92.586s][gc,heap     ] GC(4960) Soft Max Capacity: 16M(100%)
[2024-07-25T19:05:24.216+0800][92.586s][gc,heap     ] GC(4960)                Mark Start          Mark End        Relocate Start      Relocate End           High               Low         
[2024-07-25T19:05:24.216+0800][92.586s][gc,heap     ] GC(4960)  Capacity:       16M (100%)         16M (100%)         16M (100%)         16M (100%)         16M (100%)         16M (100%)   
[2024-07-25T19:05:24.216+0800][92.586s][gc,heap     ] GC(4960)      Free:        0M (0%)            0M (0%)            2M (12%)           2M (12%)           6M (38%)           0M (0%)     
[2024-07-25T19:05:24.216+0800][92.586s][gc,heap     ] GC(4960)      Used:       16M (100%)         16M (100%)         14M (88%)          14M (88%)          16M (100%)         10M (62%)    
[2024-07-25T19:05:24.216+0800][92.586s][gc,heap     ] GC(4960)      Live:         -                 8M (54%)           8M (54%)           8M (54%)            -                  -          
[2024-07-25T19:05:24.216+0800][92.586s][gc,heap     ] GC(4960) Allocated:         -                 0M (0%)            4M (25%)           4M (25%)            -                  -          
[2024-07-25T19:05:24.216+0800][92.586s][gc,heap     ] GC(4960)   Garbage:         -                 7M (46%)           1M (8%)            1M (8%)             -                  -          
[2024-07-25T19:05:24.217+0800][92.586s][gc,heap     ] GC(4960) Reclaimed:         -                  -                 6M (38%)           6M (38%)            -                  -          
[2024-07-25T19:05:24.217+0800][92.586s][gc          ] GC(4960) Garbage Collection (Allocation Stall) 16M(100%)->14M(88%)
[2024-07-25T19:05:24.220+0800][92.589s][gc,start    ] GC(4961) Garbage Collection (Allocation Stall)
[2024-07-25T19:05:24.220+0800][92.589s][gc,ref      ] GC(4961) Clearing All SoftReferences
[2024-07-25T19:05:24.220+0800][92.589s][gc,task     ] GC(4961) Using 1 workers
[2024-07-25T19:05:24.221+0800][92.590s][gc,phases   ] GC(4961) Pause Mark Start 0.011ms
[2024-07-25T19:05:24.229+0800][92.598s][gc,phases   ] GC(4961) Concurrent Mark 8.716ms
[2024-07-25T19:05:24.229+0800][92.599s][gc,phases   ] GC(4961) Pause Mark End 0.015ms
[2024-07-25T19:05:24.229+0800][92.599s][gc,phases   ] GC(4961) Concurrent Mark Free 0.002ms
[2024-07-25T19:05:24.232+0800][92.601s][gc,phases   ] GC(4961) Concurrent Process Non-Strong References 2.282ms
[2024-07-25T19:05:24.232+0800][92.601s][gc,phases   ] GC(4961) Concurrent Reset Relocation Set 0.001ms
[2024-07-25T19:05:24.236+0800][92.605s][gc          ] Allocation Stall (main) 16.023ms
[2024-07-25T19:05:24.236+0800][92.605s][gc,phases   ] GC(4961) Concurrent Select Relocation Set 4.005ms
[2024-07-25T19:05:24.236+0800][92.606s][gc,phases   ] GC(4961) Pause Relocate Start 0.013ms
[2024-07-25T19:05:24.236+0800][92.606s][gc,phases   ] GC(4961) Concurrent Relocate 0.117ms
[2024-07-25T19:05:24.236+0800][92.606s][gc,load     ] GC(4961) Load: 0.00/0.00/0.00
[2024-07-25T19:05:24.236+0800][92.606s][gc,mmu      ] GC(4961) MMU: 2ms/88.2%, 5ms/95.3%, 10ms/97.6%, 20ms/98.8%, 50ms/99.4%, 100ms/99.6%
[2024-07-25T19:05:24.236+0800][92.606s][gc,marking  ] GC(4961) Mark: 1 stripe(s), 1 proactive flush(es), 1 terminate flush(es), 0 completion(s), 0 continuation(s) 
[2024-07-25T19:05:24.237+0800][92.606s][gc,marking  ] GC(4961) Mark Stack Usage: 32M
[2024-07-25T19:05:24.237+0800][92.606s][gc,nmethod  ] GC(4961) NMethods: 535 registered, 0 unregistered
[2024-07-25T19:05:24.237+0800][92.606s][gc,metaspace] GC(4961) Metaspace: 1M used, 1M committed, 1088M reserved
[2024-07-25T19:05:24.237+0800][92.606s][gc,ref      ] GC(4961) Soft: 46 encountered, 25 discovered, 0 enqueued
[2024-07-25T19:05:24.237+0800][92.606s][gc,ref      ] GC(4961) Weak: 131 encountered, 107 discovered, 0 enqueued
[2024-07-25T19:05:24.237+0800][92.606s][gc,ref      ] GC(4961) Final: 0 encountered, 0 discovered, 0 enqueued
[2024-07-25T19:05:24.237+0800][92.606s][gc,ref      ] GC(4961) Phantom: 184 encountered, 98 discovered, 0 enqueued
[2024-07-25T19:05:24.237+0800][92.607s][gc,reloc    ] GC(4961) Small Pages: 4 / 8M, Empty: 2M, Relocated: 0M, In-Place: 0
[2024-07-25T19:05:24.237+0800][92.607s][gc,reloc    ] GC(4961) Large Pages: 4 / 8M, Empty: 4M, Relocated: 0M, In-Place: 0
[2024-07-25T19:05:24.237+0800][92.607s][gc,reloc    ] GC(4961) Forwarding Usage: 0M
[2024-07-25T19:05:24.237+0800][92.607s][gc,heap     ] GC(4961) Min Capacity: 8M(50%)
[2024-07-25T19:05:24.237+0800][92.607s][gc,heap     ] GC(4961) Max Capacity: 16M(100%)
[2024-07-25T19:05:24.237+0800][92.607s][gc,heap     ] GC(4961) Soft Max Capacity: 16M(100%)
[2024-07-25T19:05:24.237+0800][92.607s][gc,heap     ] GC(4961)                Mark Start          Mark End        Relocate Start      Relocate End           High               Low         
[2024-07-25T19:05:24.237+0800][92.607s][gc,heap     ] GC(4961)  Capacity:       16M (100%)         16M (100%)         16M (100%)         16M (100%)         16M (100%)         16M (100%)   
[2024-07-25T19:05:24.237+0800][92.607s][gc,heap     ] GC(4961)      Free:        0M (0%)            0M (0%)            2M (12%)           2M (12%)           6M (38%)           0M (0%)     
[2024-07-25T19:05:24.237+0800][92.607s][gc,heap     ] GC(4961)      Used:       16M (100%)         16M (100%)         14M (88%)          14M (88%)          16M (100%)         10M (62%)    
[2024-07-25T19:05:24.237+0800][92.607s][gc,heap     ] GC(4961)      Live:         -                 8M (54%)           8M (54%)           8M (54%)            -                  -          
[2024-07-25T19:05:24.237+0800][92.607s][gc,heap     ] GC(4961) Allocated:         -                 0M (0%)            4M (25%)           4M (25%)            -                  -          
[2024-07-25T19:05:24.237+0800][92.607s][gc,heap     ] GC(4961)   Garbage:         -                 7M (46%)           1M (8%)            1M (8%)             -                  -          
[2024-07-25T19:05:24.237+0800][92.607s][gc,heap     ] GC(4961) Reclaimed:         -                  -                 6M (38%)           6M (38%)            -                  -          
[2024-07-25T19:05:24.237+0800][92.607s][gc          ] GC(4961) Garbage Collection (Allocation Stall) 16M(100%)->14M(88%)
[2024-07-25T19:05:24.240+0800][92.610s][gc,start    ] GC(4962) Garbage Collection (Allocation Stall)
[2024-07-25T19:05:24.240+0800][92.610s][gc,ref      ] GC(4962) Clearing All SoftReferences
[2024-07-25T19:05:24.240+0800][92.610s][gc,task     ] GC(4962) Using 1 workers
[2024-07-25T19:05:24.240+0800][92.610s][gc,phases   ] GC(4962) Pause Mark Start 0.010ms
[2024-07-25T19:05:24.249+0800][92.618s][gc,phases   ] GC(4962) Concurrent Mark 7.739ms
[2024-07-25T19:05:24.249+0800][92.618s][gc,phases   ] GC(4962) Pause Mark End 0.015ms
[2024-07-25T19:05:24.249+0800][92.618s][gc,phases   ] GC(4962) Concurrent Mark Free 0.002ms
[2024-07-25T19:05:24.251+0800][92.621s][gc,phases   ] GC(4962) Concurrent Process Non-Strong References 2.646ms
[2024-07-25T19:05:24.251+0800][92.621s][gc,phases   ] GC(4962) Concurrent Reset Relocation Set 0.001ms
[2024-07-25T19:05:24.255+0800][92.625s][gc          ] Allocation Stall (main) 15.480ms
[2024-07-25T19:05:24.256+0800][92.625s][gc,phases   ] GC(4962) Concurrent Select Relocation Set 4.007ms
[2024-07-25T19:05:24.256+0800][92.625s][gc,phases   ] GC(4962) Pause Relocate Start 0.020ms
[2024-07-25T19:05:24.256+0800][92.626s][gc,phases   ] GC(4962) Concurrent Relocate 0.139ms
[2024-07-25T19:05:24.256+0800][92.626s][gc,load     ] GC(4962) Load: 0.00/0.00/0.00
[2024-07-25T19:05:24.256+0800][92.626s][gc,mmu      ] GC(4962) MMU: 2ms/88.2%, 5ms/95.3%, 10ms/97.6%, 20ms/98.8%, 50ms/99.4%, 100ms/99.6%
[2024-07-25T19:05:24.256+0800][92.626s][gc,marking  ] GC(4962) Mark: 1 stripe(s), 1 proactive flush(es), 1 terminate flush(es), 0 completion(s), 0 continuation(s) 
[2024-07-25T19:05:24.256+0800][92.626s][gc,marking  ] GC(4962) Mark Stack Usage: 32M
[2024-07-25T19:05:24.256+0800][92.626s][gc,nmethod  ] GC(4962) NMethods: 535 registered, 0 unregistered
[2024-07-25T19:05:24.256+0800][92.626s][gc,metaspace] GC(4962) Metaspace: 1M used, 1M committed, 1088M reserved
[2024-07-25T19:05:24.256+0800][92.626s][gc,ref      ] GC(4962) Soft: 46 encountered, 25 discovered, 0 enqueued
[2024-07-25T19:05:24.256+0800][92.626s][gc,ref      ] GC(4962) Weak: 131 encountered, 107 discovered, 0 enqueued
[2024-07-25T19:05:24.256+0800][92.626s][gc,ref      ] GC(4962) Final: 0 encountered, 0 discovered, 0 enqueued
[2024-07-25T19:05:24.257+0800][92.626s][gc,ref      ] GC(4962) Phantom: 184 encountered, 98 discovered, 0 enqueued
[2024-07-25T19:05:24.257+0800][92.626s][gc,reloc    ] GC(4962) Small Pages: 4 / 8M, Empty: 2M, Relocated: 0M, In-Place: 0
[2024-07-25T19:05:24.257+0800][92.626s][gc,reloc    ] GC(4962) Large Pages: 4 / 8M, Empty: 4M, Relocated: 0M, In-Place: 0
[2024-07-25T19:05:24.257+0800][92.626s][gc,reloc    ] GC(4962) Forwarding Usage: 0M
[2024-07-25T19:05:24.257+0800][92.627s][gc,heap     ] GC(4962) Min Capacity: 8M(50%)
[2024-07-25T19:05:24.257+0800][92.627s][gc,heap     ] GC(4962) Max Capacity: 16M(100%)
[2024-07-25T19:05:24.257+0800][92.627s][gc,heap     ] GC(4962) Soft Max Capacity: 16M(100%)
[2024-07-25T19:05:24.257+0800][92.627s][gc,heap     ] GC(4962)                Mark Start          Mark End        Relocate Start      Relocate End           High               Low         
[2024-07-25T19:05:24.257+0800][92.627s][gc,heap     ] GC(4962)  Capacity:       16M (100%)         16M (100%)         16M (100%)         16M (100%)         16M (100%)         16M (100%)   
[2024-07-25T19:05:24.257+0800][92.627s][gc,heap     ] GC(4962)      Free:        0M (0%)            0M (0%)            4M (25%)           4M (25%)           6M (38%)           0M (0%)     
[2024-07-25T19:05:24.257+0800][92.627s][gc,heap     ] GC(4962)      Used:       16M (100%)         16M (100%)         12M (75%)          12M (75%)          16M (100%)         10M (62%)    
[2024-07-25T19:05:24.257+0800][92.627s][gc,heap     ] GC(4962)      Live:         -                 8M (54%)           8M (54%)           8M (54%)            -                  -          
[2024-07-25T19:05:24.257+0800][92.627s][gc,heap     ] GC(4962) Allocated:         -                 0M (0%)            2M (12%)           2M (12%)            -                  -          
[2024-07-25T19:05:24.257+0800][92.627s][gc,heap     ] GC(4962)   Garbage:         -                 7M (46%)           1M (8%)            1M (8%)             -                  -          
[2024-07-25T19:05:24.257+0800][92.627s][gc,heap     ] GC(4962) Reclaimed:         -                  -                 6M (38%)           6M (38%)            -                  -          
[2024-07-25T19:05:24.257+0800][92.627s][gc          ] GC(4962) Garbage Collection (Allocation Stall) 16M(100%)->12M(75%)
[2024-07-25T19:05:24.261+0800][92.630s][gc,start    ] GC(4963) Garbage Collection (Allocation Stall)
[2024-07-25T19:05:24.261+0800][92.630s][gc,ref      ] GC(4963) Clearing All SoftReferences
[2024-07-25T19:05:24.261+0800][92.630s][gc,task     ] GC(4963) Using 1 workers
[2024-07-25T19:05:24.261+0800][92.631s][gc,phases   ] GC(4963) Pause Mark Start 0.013ms
[2024-07-25T19:05:24.269+0800][92.639s][gc,phases   ] GC(4963) Concurrent Mark 8.001ms
[2024-07-25T19:05:24.269+0800][92.639s][gc,phases   ] GC(4963) Pause Mark End 0.015ms
[2024-07-25T19:05:24.269+0800][92.639s][gc,phases   ] GC(4963) Concurrent Mark Free 0.002ms
[2024-07-25T19:05:24.273+0800][92.642s][gc,phases   ] GC(4963) Concurrent Process Non-Strong References 2.568ms
[2024-07-25T19:05:24.273+0800][92.642s][gc,phases   ] GC(4963) Concurrent Reset Relocation Set 0.001ms
[2024-07-25T19:05:24.278+0800][92.648s][gc          ] Allocation Stall (main) 17.925ms
[2024-07-25T19:05:24.278+0800][92.648s][gc,phases   ] GC(4963) Concurrent Select Relocation Set 6.221ms
[2024-07-25T19:05:24.279+0800][92.648s][gc,phases   ] GC(4963) Pause Relocate Start 0.012ms
[2024-07-25T19:05:24.279+0800][92.649s][gc,phases   ] GC(4963) Concurrent Relocate 0.047ms
[2024-07-25T19:05:24.279+0800][92.649s][gc,load     ] GC(4963) Load: 0.00/0.00/0.00
[2024-07-25T19:05:24.279+0800][92.649s][gc,mmu      ] GC(4963) MMU: 2ms/88.2%, 5ms/95.3%, 10ms/97.6%, 20ms/98.8%, 50ms/99.4%, 100ms/99.6%
[2024-07-25T19:05:24.279+0800][92.649s][gc,marking  ] GC(4963) Mark: 1 stripe(s), 1 proactive flush(es), 1 terminate flush(es), 0 completion(s), 0 continuation(s) 
[2024-07-25T19:05:24.279+0800][92.649s][gc,marking  ] GC(4963) Mark Stack Usage: 32M
[2024-07-25T19:05:24.279+0800][92.649s][gc,nmethod  ] GC(4963) NMethods: 535 registered, 0 unregistered
[2024-07-25T19:05:24.279+0800][92.649s][gc,metaspace] GC(4963) Metaspace: 1M used, 1M committed, 1088M reserved
[2024-07-25T19:05:24.279+0800][92.649s][gc,ref      ] GC(4963) Soft: 46 encountered, 25 discovered, 0 enqueued
[2024-07-25T19:05:24.279+0800][92.649s][gc,ref      ] GC(4963) Weak: 131 encountered, 107 discovered, 0 enqueued
[2024-07-25T19:05:24.279+0800][92.649s][gc,ref      ] GC(4963) Final: 0 encountered, 0 discovered, 0 enqueued
[2024-07-25T19:05:24.279+0800][92.649s][gc,ref      ] GC(4963) Phantom: 184 encountered, 98 discovered, 0 enqueued
[2024-07-25T19:05:24.279+0800][92.649s][gc,reloc    ] GC(4963) Small Pages: 4 / 8M, Empty: 2M, Relocated: 0M, In-Place: 0
[2024-07-25T19:05:24.279+0800][92.649s][gc,reloc    ] GC(4963) Large Pages: 4 / 8M, Empty: 4M, Relocated: 0M, In-Place: 0
[2024-07-25T19:05:24.279+0800][92.649s][gc,reloc    ] GC(4963) Forwarding Usage: 0M
[2024-07-25T19:05:24.279+0800][92.649s][gc,heap     ] GC(4963) Min Capacity: 8M(50%)
[2024-07-25T19:05:24.279+0800][92.649s][gc,heap     ] GC(4963) Max Capacity: 16M(100%)
[2024-07-25T19:05:24.279+0800][92.649s][gc,heap     ] GC(4963) Soft Max Capacity: 16M(100%)
[2024-07-25T19:05:24.279+0800][92.649s][gc,heap     ] GC(4963)                Mark Start          Mark End        Relocate Start      Relocate End           High               Low         
[2024-07-25T19:05:24.280+0800][92.649s][gc,heap     ] GC(4963)  Capacity:       16M (100%)         16M (100%)         16M (100%)         16M (100%)         16M (100%)         16M (100%)   
[2024-07-25T19:05:24.280+0800][92.649s][gc,heap     ] GC(4963)      Free:        0M (0%)            0M (0%)            2M (12%)           2M (12%)           6M (38%)           0M (0%)     
[2024-07-25T19:05:24.280+0800][92.650s][gc,heap     ] GC(4963)      Used:       16M (100%)         16M (100%)         14M (88%)          14M (88%)          16M (100%)         10M (62%)    
[2024-07-25T19:05:24.280+0800][92.650s][gc,heap     ] GC(4963)      Live:         -                 8M (54%)           8M (54%)           8M (54%)            -                  -          
[2024-07-25T19:05:24.280+0800][92.650s][gc,heap     ] GC(4963) Allocated:         -                 0M (0%)            4M (25%)           4M (25%)            -                  -          
[2024-07-25T19:05:24.280+0800][92.650s][gc,heap     ] GC(4963)   Garbage:         -                 7M (46%)           1M (8%)            1M (8%)             -                  -          
[2024-07-25T19:05:24.280+0800][92.650s][gc,heap     ] GC(4963) Reclaimed:         -                  -                 6M (38%)           6M (38%)            -                  -          
[2024-07-25T19:05:24.280+0800][92.650s][gc          ] GC(4963) Garbage Collection (Allocation Stall) 16M(100%)->14M(88%)
[2024-07-25T19:05:24.283+0800][92.652s][gc,start    ] GC(4964) Garbage Collection (Allocation Stall)
[2024-07-25T19:05:24.283+0800][92.652s][gc,ref      ] GC(4964) Clearing All SoftReferences
[2024-07-25T19:05:24.283+0800][92.652s][gc,task     ] GC(4964) Using 1 workers
[2024-07-25T19:05:24.283+0800][92.652s][gc,phases   ] GC(4964) Pause Mark Start 0.009ms
[2024-07-25T19:05:24.290+0800][92.659s][gc,phases   ] GC(4964) Concurrent Mark 7.111ms
[2024-07-25T19:05:24.290+0800][92.659s][gc,phases   ] GC(4964) Pause Mark End 0.035ms
[2024-07-25T19:05:24.290+0800][92.660s][gc,phases   ] GC(4964) Concurrent Mark Free 0.001ms
[2024-07-25T19:05:24.292+0800][92.661s][gc,phases   ] GC(4964) Concurrent Process Non-Strong References 1.740ms
[2024-07-25T19:05:24.292+0800][92.661s][gc,phases   ] GC(4964) Concurrent Reset Relocation Set 0.001ms
[2024-07-25T19:05:24.294+0800][92.664s][gc          ] Allocation Stall (main) 12.826ms
[2024-07-25T19:05:24.295+0800][92.664s][gc,phases   ] GC(4964) Concurrent Select Relocation Set 3.016ms
[2024-07-25T19:05:24.295+0800][92.665s][gc,phases   ] GC(4964) Pause Relocate Start 0.008ms
[2024-07-25T19:05:24.295+0800][92.665s][gc,phases   ] GC(4964) Concurrent Relocate 0.025ms
[2024-07-25T19:05:24.295+0800][92.665s][gc,load     ] GC(4964) Load: 0.00/0.00/0.00
[2024-07-25T19:05:24.295+0800][92.665s][gc,mmu      ] GC(4964) MMU: 2ms/88.2%, 5ms/95.3%, 10ms/97.6%, 20ms/98.8%, 50ms/99.4%, 100ms/99.6%
[2024-07-25T19:05:24.295+0800][92.665s][gc,marking  ] GC(4964) Mark: 1 stripe(s), 1 proactive flush(es), 1 terminate flush(es), 0 completion(s), 0 continuation(s) 
[2024-07-25T19:05:24.295+0800][92.665s][gc,marking  ] GC(4964) Mark Stack Usage: 32M
[2024-07-25T19:05:24.295+0800][92.665s][gc,nmethod  ] GC(4964) NMethods: 535 registered, 0 unregistered
[2024-07-25T19:05:24.295+0800][92.665s][gc,metaspace] GC(4964) Metaspace: 1M used, 1M committed, 1088M reserved
[2024-07-25T19:05:24.295+0800][92.665s][gc,ref      ] GC(4964) Soft: 46 encountered, 25 discovered, 0 enqueued
[2024-07-25T19:05:24.295+0800][92.665s][gc,ref      ] GC(4964) Weak: 131 encountered, 107 discovered, 0 enqueued
[2024-07-25T19:05:24.295+0800][92.665s][gc,ref      ] GC(4964) Final: 0 encountered, 0 discovered, 0 enqueued
[2024-07-25T19:05:24.295+0800][92.665s][gc,ref      ] GC(4964) Phantom: 184 encountered, 98 discovered, 0 enqueued
[2024-07-25T19:05:24.295+0800][92.665s][gc,reloc    ] GC(4964) Small Pages: 4 / 8M, Empty: 2M, Relocated: 0M, In-Place: 0
[2024-07-25T19:05:24.295+0800][92.665s][gc,reloc    ] GC(4964) Large Pages: 4 / 8M, Empty: 4M, Relocated: 0M, In-Place: 0
[2024-07-25T19:05:24.295+0800][92.665s][gc,reloc    ] GC(4964) Forwarding Usage: 0M
[2024-07-25T19:05:24.295+0800][92.665s][gc,heap     ] GC(4964) Min Capacity: 8M(50%)
[2024-07-25T19:05:24.295+0800][92.665s][gc,heap     ] GC(4964) Max Capacity: 16M(100%)
[2024-07-25T19:05:24.295+0800][92.665s][gc,heap     ] GC(4964) Soft Max Capacity: 16M(100%)
[2024-07-25T19:05:24.295+0800][92.665s][gc,heap     ] GC(4964)                Mark Start          Mark End        Relocate Start      Relocate End           High               Low         
[2024-07-25T19:05:24.295+0800][92.665s][gc,heap     ] GC(4964)  Capacity:       16M (100%)         16M (100%)         16M (100%)         16M (100%)         16M (100%)         16M (100%)   
[2024-07-25T19:05:24.295+0800][92.665s][gc,heap     ] GC(4964)      Free:        0M (0%)            0M (0%)            2M (12%)           2M (12%)           6M (38%)           0M (0%)     
[2024-07-25T19:05:24.295+0800][92.665s][gc,heap     ] GC(4964)      Used:       16M (100%)         16M (100%)         14M (88%)          14M (88%)          16M (100%)         10M (62%)    
[2024-07-25T19:05:24.295+0800][92.665s][gc,heap     ] GC(4964)      Live:         -                 8M (54%)           8M (54%)           8M (54%)            -                  -          
[2024-07-25T19:05:24.295+0800][92.665s][gc,heap     ] GC(4964) Allocated:         -                 0M (0%)            4M (25%)           4M (25%)            -                  -          
[2024-07-25T19:05:24.295+0800][92.665s][gc,heap     ] GC(4964)   Garbage:         -                 7M (46%)           1M (8%)            1M (8%)             -                  -          
[2024-07-25T19:05:24.295+0800][92.665s][gc,heap     ] GC(4964) Reclaimed:         -                  -                 6M (38%)           6M (38%)            -                  -          
[2024-07-25T19:05:24.295+0800][92.665s][gc          ] GC(4964) Garbage Collection (Allocation Stall) 16M(100%)->14M(88%)
[2024-07-25T19:05:24.300+0800][92.669s][gc,start    ] GC(4965) Garbage Collection (Allocation Stall)
[2024-07-25T19:05:24.300+0800][92.669s][gc,ref      ] GC(4965) Clearing All SoftReferences
[2024-07-25T19:05:24.300+0800][92.669s][gc,task     ] GC(4965) Using 1 workers
[2024-07-25T19:05:24.300+0800][92.669s][gc,phases   ] GC(4965) Pause Mark Start 0.020ms
[2024-07-25T19:05:24.305+0800][92.674s][gc,phases   ] GC(4965) Concurrent Mark 4.731ms
[2024-07-25T19:05:24.305+0800][92.674s][gc,phases   ] GC(4965) Pause Mark End 0.014ms
[2024-07-25T19:05:24.305+0800][92.674s][gc,phases   ] GC(4965) Concurrent Mark Free 0.001ms
[2024-07-25T19:05:24.307+0800][92.676s][gc,phases   ] GC(4965) Concurrent Process Non-Strong References 1.958ms
[2024-07-25T19:05:24.307+0800][92.676s][gc,phases   ] GC(4965) Concurrent Reset Relocation Set 0.001ms
[2024-07-25T19:05:24.309+0800][92.678s][gc          ] Allocation Stall (main) 9.456ms
[2024-07-25T19:05:24.309+0800][92.678s][gc,phases   ] GC(4965) Concurrent Select Relocation Set 2.176ms
[2024-07-25T19:05:24.309+0800][92.678s][gc,phases   ] GC(4965) Pause Relocate Start 0.011ms
[2024-07-25T19:05:24.309+0800][92.678s][gc,phases   ] GC(4965) Concurrent Relocate 0.031ms
[2024-07-25T19:05:24.309+0800][92.678s][gc,load     ] GC(4965) Load: 0.00/0.00/0.00
[2024-07-25T19:05:24.309+0800][92.678s][gc,mmu      ] GC(4965) MMU: 2ms/88.2%, 5ms/95.3%, 10ms/97.6%, 20ms/98.8%, 50ms/99.4%, 100ms/99.6%
[2024-07-25T19:05:24.309+0800][92.678s][gc,marking  ] GC(4965) Mark: 1 stripe(s), 1 proactive flush(es), 1 terminate flush(es), 0 completion(s), 0 continuation(s) 
[2024-07-25T19:05:24.309+0800][92.679s][gc,marking  ] GC(4965) Mark Stack Usage: 32M
[2024-07-25T19:05:24.309+0800][92.679s][gc,nmethod  ] GC(4965) NMethods: 535 registered, 0 unregistered
[2024-07-25T19:05:24.309+0800][92.679s][gc,metaspace] GC(4965) Metaspace: 1M used, 1M committed, 1088M reserved
[2024-07-25T19:05:24.309+0800][92.679s][gc,ref      ] GC(4965) Soft: 46 encountered, 25 discovered, 0 enqueued
[2024-07-25T19:05:24.309+0800][92.679s][gc,ref      ] GC(4965) Weak: 131 encountered, 107 discovered, 0 enqueued
[2024-07-25T19:05:24.309+0800][92.679s][gc,ref      ] GC(4965) Final: 0 encountered, 0 discovered, 0 enqueued
[2024-07-25T19:05:24.309+0800][92.679s][gc,ref      ] GC(4965) Phantom: 184 encountered, 98 discovered, 0 enqueued
[2024-07-25T19:05:24.309+0800][92.679s][gc,reloc    ] GC(4965) Small Pages: 4 / 8M, Empty: 2M, Relocated: 0M, In-Place: 0
[2024-07-25T19:05:24.309+0800][92.679s][gc,reloc    ] GC(4965) Large Pages: 4 / 8M, Empty: 4M, Relocated: 0M, In-Place: 0
[2024-07-25T19:05:24.309+0800][92.679s][gc,reloc    ] GC(4965) Forwarding Usage: 0M
[2024-07-25T19:05:24.309+0800][92.679s][gc,heap     ] GC(4965) Min Capacity: 8M(50%)
[2024-07-25T19:05:24.309+0800][92.679s][gc,heap     ] GC(4965) Max Capacity: 16M(100%)
[2024-07-25T19:05:24.309+0800][92.679s][gc,heap     ] GC(4965) Soft Max Capacity: 16M(100%)
[2024-07-25T19:05:24.309+0800][92.679s][gc,heap     ] GC(4965)                Mark Start          Mark End        Relocate Start      Relocate End           High               Low         
[2024-07-25T19:05:24.309+0800][92.679s][gc,heap     ] GC(4965)  Capacity:       16M (100%)         16M (100%)         16M (100%)         16M (100%)         16M (100%)         16M (100%)   
[2024-07-25T19:05:24.309+0800][92.679s][gc,heap     ] GC(4965)      Free:        0M (0%)            0M (0%)            4M (25%)           2M (12%)           6M (38%)           0M (0%)     
[2024-07-25T19:05:24.309+0800][92.679s][gc,heap     ] GC(4965)      Used:       16M (100%)         16M (100%)         12M (75%)          14M (88%)          16M (100%)         10M (62%)    
[2024-07-25T19:05:24.309+0800][92.679s][gc,heap     ] GC(4965)      Live:         -                 8M (54%)           8M (54%)           8M (54%)            -                  -          
[2024-07-25T19:05:24.309+0800][92.679s][gc,heap     ] GC(4965) Allocated:         -                 0M (0%)            2M (12%)           4M (25%)            -                  -          
[2024-07-25T19:05:24.309+0800][92.679s][gc,heap     ] GC(4965)   Garbage:         -                 7M (46%)           1M (8%)            1M (8%)             -                  -          
[2024-07-25T19:05:24.310+0800][92.679s][gc,heap     ] GC(4965) Reclaimed:         -                  -                 6M (38%)           6M (38%)            -                  -          
[2024-07-25T19:05:24.310+0800][92.679s][gc          ] GC(4965) Garbage Collection (Allocation Stall) 16M(100%)->14M(88%)
[2024-07-25T19:05:24.313+0800][92.682s][gc,start    ] GC(4966) Garbage Collection (Allocation Stall)
[2024-07-25T19:05:24.313+0800][92.682s][gc,ref      ] GC(4966) Clearing All SoftReferences
[2024-07-25T19:05:24.313+0800][92.682s][gc,task     ] GC(4966) Using 1 workers
[2024-07-25T19:05:24.313+0800][92.682s][gc,phases   ] GC(4966) Pause Mark Start 0.007ms
[2024-07-25T19:05:24.318+0800][92.687s][gc,phases   ] GC(4966) Concurrent Mark 4.781ms
[2024-07-25T19:05:24.318+0800][92.687s][gc,phases   ] GC(4966) Pause Mark End 0.008ms
[2024-07-25T19:05:24.318+0800][92.687s][gc,phases   ] GC(4966) Concurrent Mark Free 0.001ms
[2024-07-25T19:05:24.320+0800][92.689s][gc,phases   ] GC(4966) Concurrent Process Non-Strong References 1.511ms
[2024-07-25T19:05:24.320+0800][92.689s][gc,phases   ] GC(4966) Concurrent Reset Relocation Set 0.001ms
[2024-07-25T19:05:24.323+0800][92.692s][gc          ] Allocation Stall (main) 9.556ms
[2024-07-25T19:05:24.323+0800][92.692s][gc,phases   ] GC(4966) Concurrent Select Relocation Set 2.598ms
[2024-07-25T19:05:24.323+0800][92.692s][gc,phases   ] GC(4966) Pause Relocate Start 0.008ms
[2024-07-25T19:05:24.323+0800][92.692s][gc,phases   ] GC(4966) Concurrent Relocate 0.225ms
[2024-07-25T19:05:24.323+0800][92.692s][gc,load     ] GC(4966) Load: 0.00/0.00/0.00
[2024-07-25T19:05:24.323+0800][92.692s][gc,mmu      ] GC(4966) MMU: 2ms/88.2%, 5ms/95.3%, 10ms/97.6%, 20ms/98.8%, 50ms/99.4%, 100ms/99.6%
[2024-07-25T19:05:24.323+0800][92.692s][gc,marking  ] GC(4966) Mark: 1 stripe(s), 1 proactive flush(es), 1 terminate flush(es), 0 completion(s), 0 continuation(s) 
[2024-07-25T19:05:24.323+0800][92.693s][gc,marking  ] GC(4966) Mark Stack Usage: 32M
[2024-07-25T19:05:24.323+0800][92.693s][gc,nmethod  ] GC(4966) NMethods: 535 registered, 0 unregistered
[2024-07-25T19:05:24.323+0800][92.693s][gc,metaspace] GC(4966) Metaspace: 1M used, 1M committed, 1088M reserved
[2024-07-25T19:05:24.323+0800][92.693s][gc,ref      ] GC(4966) Soft: 46 encountered, 25 discovered, 0 enqueued
[2024-07-25T19:05:24.323+0800][92.693s][gc,ref      ] GC(4966) Weak: 131 encountered, 107 discovered, 0 enqueued
[2024-07-25T19:05:24.323+0800][92.693s][gc,ref      ] GC(4966) Final: 0 encountered, 0 discovered, 0 enqueued
[2024-07-25T19:05:24.323+0800][92.693s][gc,ref      ] GC(4966) Phantom: 184 encountered, 98 discovered, 0 enqueued
[2024-07-25T19:05:24.323+0800][92.693s][gc,reloc    ] GC(4966) Small Pages: 4 / 8M, Empty: 2M, Relocated: 0M, In-Place: 0
[2024-07-25T19:05:24.323+0800][92.693s][gc,reloc    ] GC(4966) Large Pages: 4 / 8M, Empty: 4M, Relocated: 0M, In-Place: 0
[2024-07-25T19:05:24.323+0800][92.693s][gc,reloc    ] GC(4966) Forwarding Usage: 0M
[2024-07-25T19:05:24.323+0800][92.693s][gc,heap     ] GC(4966) Min Capacity: 8M(50%)
[2024-07-25T19:05:24.323+0800][92.693s][gc,heap     ] GC(4966) Max Capacity: 16M(100%)
[2024-07-25T19:05:24.323+0800][92.693s][gc,heap     ] GC(4966) Soft Max Capacity: 16M(100%)
[2024-07-25T19:05:24.323+0800][92.693s][gc,heap     ] GC(4966)                Mark Start          Mark End        Relocate Start      Relocate End           High               Low         
[2024-07-25T19:05:24.323+0800][92.693s][gc,heap     ] GC(4966)  Capacity:       16M (100%)         16M (100%)         16M (100%)         16M (100%)         16M (100%)         16M (100%)   
[2024-07-25T19:05:24.323+0800][92.693s][gc,heap     ] GC(4966)      Free:        0M (0%)            0M (0%)            2M (12%)           2M (12%)           6M (38%)           0M (0%)     
[2024-07-25T19:05:24.324+0800][92.693s][gc,heap     ] GC(4966)      Used:       16M (100%)         16M (100%)         14M (88%)          14M (88%)          16M (100%)         10M (62%)    
[2024-07-25T19:05:24.324+0800][92.693s][gc,heap     ] GC(4966)      Live:         -                 8M (54%)           8M (54%)           8M (54%)            -                  -          
[2024-07-25T19:05:24.324+0800][92.693s][gc,heap     ] GC(4966) Allocated:         -                 0M (0%)            4M (25%)           4M (25%)            -                  -          
[2024-07-25T19:05:24.324+0800][92.693s][gc,heap     ] GC(4966)   Garbage:         -                 7M (46%)           1M (8%)            1M (8%)             -                  -          
[2024-07-25T19:05:24.324+0800][92.693s][gc,heap     ] GC(4966) Reclaimed:         -                  -                 6M (38%)           6M (38%)            -                  -          
[2024-07-25T19:05:24.324+0800][92.693s][gc          ] GC(4966) Garbage Collection (Allocation Stall) 16M(100%)->14M(88%)
[2024-07-25T19:05:24.327+0800][92.696s][gc,start    ] GC(4967) Garbage Collection (Allocation Stall)
[2024-07-25T19:05:24.327+0800][92.696s][gc,ref      ] GC(4967) Clearing All SoftReferences
[2024-07-25T19:05:24.327+0800][92.696s][gc,task     ] GC(4967) Using 1 workers
[2024-07-25T19:05:24.327+0800][92.697s][gc,phases   ] GC(4967) Pause Mark Start 0.007ms
[2024-07-25T19:05:24.332+0800][92.702s][gc,phases   ] GC(4967) Concurrent Mark 4.927ms
[2024-07-25T19:05:24.333+0800][92.702s][gc,phases   ] GC(4967) Pause Mark End 0.021ms
[2024-07-25T19:05:24.333+0800][92.702s][gc,phases   ] GC(4967) Concurrent Mark Free 0.001ms
[2024-07-25T19:05:24.334+0800][92.703s][gc,phases   ] GC(4967) Concurrent Process Non-Strong References 1.551ms
[2024-07-25T19:05:24.334+0800][92.703s][gc,phases   ] GC(4967) Concurrent Reset Relocation Set 0.001ms
[2024-07-25T19:05:24.337+0800][92.706s][gc          ] Allocation Stall (main) 9.833ms
[2024-07-25T19:05:24.337+0800][92.706s][gc,phases   ] GC(4967) Concurrent Select Relocation Set 2.707ms
[2024-07-25T19:05:24.337+0800][92.706s][gc,phases   ] GC(4967) Pause Relocate Start 0.008ms
[2024-07-25T19:05:24.337+0800][92.707s][gc,phases   ] GC(4967) Concurrent Relocate 0.039ms
[2024-07-25T19:05:24.337+0800][92.707s][gc,load     ] GC(4967) Load: 0.00/0.00/0.00
[2024-07-25T19:05:24.338+0800][92.707s][gc,mmu      ] GC(4967) MMU: 2ms/88.2%, 5ms/95.3%, 10ms/97.6%, 20ms/98.8%, 50ms/99.4%, 100ms/99.6%
[2024-07-25T19:05:24.338+0800][92.707s][gc,marking  ] GC(4967) Mark: 1 stripe(s), 1 proactive flush(es), 1 terminate flush(es), 0 completion(s), 0 continuation(s) 
[2024-07-25T19:05:24.338+0800][92.707s][gc,marking  ] GC(4967) Mark Stack Usage: 32M
[2024-07-25T19:05:24.338+0800][92.707s][gc,nmethod  ] GC(4967) NMethods: 535 registered, 0 unregistered
[2024-07-25T19:05:24.338+0800][92.707s][gc,metaspace] GC(4967) Metaspace: 1M used, 1M committed, 1088M reserved
[2024-07-25T19:05:24.338+0800][92.707s][gc,ref      ] GC(4967) Soft: 46 encountered, 25 discovered, 0 enqueued
[2024-07-25T19:05:24.338+0800][92.707s][gc,ref      ] GC(4967) Weak: 131 encountered, 107 discovered, 0 enqueued
[2024-07-25T19:05:24.338+0800][92.707s][gc,ref      ] GC(4967) Final: 0 encountered, 0 discovered, 0 enqueued
[2024-07-25T19:05:24.338+0800][92.707s][gc,ref      ] GC(4967) Phantom: 184 encountered, 98 discovered, 0 enqueued
[2024-07-25T19:05:24.338+0800][92.707s][gc,reloc    ] GC(4967) Small Pages: 4 / 8M, Empty: 2M, Relocated: 0M, In-Place: 0
[2024-07-25T19:05:24.338+0800][92.707s][gc,reloc    ] GC(4967) Large Pages: 4 / 8M, Empty: 4M, Relocated: 0M, In-Place: 0
[2024-07-25T19:05:24.338+0800][92.707s][gc,reloc    ] GC(4967) Forwarding Usage: 0M
[2024-07-25T19:05:24.338+0800][92.707s][gc,heap     ] GC(4967) Min Capacity: 8M(50%)
[2024-07-25T19:05:24.338+0800][92.707s][gc,heap     ] GC(4967) Max Capacity: 16M(100%)
[2024-07-25T19:05:24.338+0800][92.707s][gc,heap     ] GC(4967) Soft Max Capacity: 16M(100%)
[2024-07-25T19:05:24.338+0800][92.707s][gc,heap     ] GC(4967)                Mark Start          Mark End        Relocate Start      Relocate End           High               Low         
[2024-07-25T19:05:24.338+0800][92.707s][gc,heap     ] GC(4967)  Capacity:       16M (100%)         16M (100%)         16M (100%)         16M (100%)         16M (100%)         16M (100%)   
[2024-07-25T19:05:24.338+0800][92.707s][gc,heap     ] GC(4967)      Free:        0M (0%)            0M (0%)            2M (12%)           2M (12%)           6M (38%)           0M (0%)     
[2024-07-25T19:05:24.338+0800][92.707s][gc,heap     ] GC(4967)      Used:       16M (100%)         16M (100%)         14M (88%)          14M (88%)          16M (100%)         10M (62%)    
[2024-07-25T19:05:24.338+0800][92.707s][gc,heap     ] GC(4967)      Live:         -                 8M (54%)           8M (54%)           8M (54%)            -                  -          
[2024-07-25T19:05:24.338+0800][92.707s][gc,heap     ] GC(4967) Allocated:         -                 0M (0%)            4M (25%)           4M (25%)            -                  -          
[2024-07-25T19:05:24.338+0800][92.707s][gc,heap     ] GC(4967)   Garbage:         -                 7M (46%)           1M (8%)            1M (8%)             -                  -          
[2024-07-25T19:05:24.338+0800][92.707s][gc,heap     ] GC(4967) Reclaimed:         -                  -                 6M (38%)           6M (38%)            -                  -          
[2024-07-25T19:05:24.338+0800][92.707s][gc          ] GC(4967) Garbage Collection (Allocation Stall) 16M(100%)->14M(88%)
[2024-07-25T19:05:24.341+0800][92.710s][gc,start    ] GC(4968) Garbage Collection (Allocation Stall)
[2024-07-25T19:05:24.341+0800][92.710s][gc,ref      ] GC(4968) Clearing All SoftReferences
[2024-07-25T19:05:24.341+0800][92.710s][gc,task     ] GC(4968) Using 1 workers
[2024-07-25T19:05:24.341+0800][92.710s][gc,phases   ] GC(4968) Pause Mark Start 0.008ms
[2024-07-25T19:05:24.347+0800][92.716s][gc,phases   ] GC(4968) Concurrent Mark 5.415ms
[2024-07-25T19:05:24.347+0800][92.716s][gc,phases   ] GC(4968) Pause Mark End 0.007ms
[2024-07-25T19:05:24.347+0800][92.716s][gc,phases   ] GC(4968) Concurrent Mark Free 0.001ms
[2024-07-25T19:05:24.349+0800][92.718s][gc,phases   ] GC(4968) Concurrent Process Non-Strong References 1.943ms
[2024-07-25T19:05:24.349+0800][92.718s][gc,phases   ] GC(4968) Concurrent Reset Relocation Set 0.001ms
[2024-07-25T19:05:24.352+0800][92.721s][gc          ] Allocation Stall (main) 11.242ms
[2024-07-25T19:05:24.352+0800][92.721s][gc,phases   ] GC(4968) Concurrent Select Relocation Set 3.170ms
[2024-07-25T19:05:24.352+0800][92.721s][gc,phases   ] GC(4968) Pause Relocate Start 0.007ms
[2024-07-25T19:05:24.352+0800][92.722s][gc,phases   ] GC(4968) Concurrent Relocate 0.101ms
[2024-07-25T19:05:24.353+0800][92.722s][gc,load     ] GC(4968) Load: 0.00/0.00/0.00
[2024-07-25T19:05:24.353+0800][92.722s][gc,mmu      ] GC(4968) MMU: 2ms/88.2%, 5ms/95.3%, 10ms/97.6%, 20ms/98.8%, 50ms/99.4%, 100ms/99.6%
[2024-07-25T19:05:24.353+0800][92.722s][gc,marking  ] GC(4968) Mark: 1 stripe(s), 1 proactive flush(es), 1 terminate flush(es), 0 completion(s), 0 continuation(s) 
[2024-07-25T19:05:24.353+0800][92.722s][gc,marking  ] GC(4968) Mark Stack Usage: 32M
[2024-07-25T19:05:24.353+0800][92.722s][gc,nmethod  ] GC(4968) NMethods: 535 registered, 0 unregistered
[2024-07-25T19:05:24.353+0800][92.722s][gc,metaspace] GC(4968) Metaspace: 1M used, 1M committed, 1088M reserved
[2024-07-25T19:05:24.353+0800][92.722s][gc,ref      ] GC(4968) Soft: 46 encountered, 25 discovered, 0 enqueued
[2024-07-25T19:05:24.353+0800][92.722s][gc,ref      ] GC(4968) Weak: 131 encountered, 107 discovered, 0 enqueued
[2024-07-25T19:05:24.353+0800][92.722s][gc,ref      ] GC(4968) Final: 0 encountered, 0 discovered, 0 enqueued
[2024-07-25T19:05:24.353+0800][92.722s][gc,ref      ] GC(4968) Phantom: 184 encountered, 98 discovered, 0 enqueued
[2024-07-25T19:05:24.353+0800][92.722s][gc,reloc    ] GC(4968) Small Pages: 4 / 8M, Empty: 2M, Relocated: 0M, In-Place: 0
[2024-07-25T19:05:24.353+0800][92.722s][gc,reloc    ] GC(4968) Large Pages: 4 / 8M, Empty: 4M, Relocated: 0M, In-Place: 0
[2024-07-25T19:05:24.353+0800][92.722s][gc,reloc    ] GC(4968) Forwarding Usage: 0M
[2024-07-25T19:05:24.353+0800][92.722s][gc,heap     ] GC(4968) Min Capacity: 8M(50%)
[2024-07-25T19:05:24.353+0800][92.722s][gc,heap     ] GC(4968) Max Capacity: 16M(100%)
[2024-07-25T19:05:24.353+0800][92.722s][gc,heap     ] GC(4968) Soft Max Capacity: 16M(100%)
[2024-07-25T19:05:24.353+0800][92.722s][gc,heap     ] GC(4968)                Mark Start          Mark End        Relocate Start      Relocate End           High               Low         
[2024-07-25T19:05:24.353+0800][92.722s][gc,heap     ] GC(4968)  Capacity:       16M (100%)         16M (100%)         16M (100%)         16M (100%)         16M (100%)         16M (100%)   
[2024-07-25T19:05:24.353+0800][92.722s][gc,heap     ] GC(4968)      Free:        0M (0%)            0M (0%)            4M (25%)           2M (12%)           6M (38%)           0M (0%)     
[2024-07-25T19:05:24.353+0800][92.722s][gc,heap     ] GC(4968)      Used:       16M (100%)         16M (100%)         12M (75%)          14M (88%)          16M (100%)         10M (62%)    
[2024-07-25T19:05:24.353+0800][92.722s][gc,heap     ] GC(4968)      Live:         -                 8M (54%)           8M (54%)           8M (54%)            -                  -          
[2024-07-25T19:05:24.353+0800][92.722s][gc,heap     ] GC(4968) Allocated:         -                 0M (0%)            2M (12%)           4M (25%)            -                  -          
[2024-07-25T19:05:24.353+0800][92.722s][gc,heap     ] GC(4968)   Garbage:         -                 7M (46%)           1M (8%)            1M (8%)             -                  -          
[2024-07-25T19:05:24.353+0800][92.722s][gc,heap     ] GC(4968) Reclaimed:         -                  -                 6M (38%)           6M (38%)            -                  -          
[2024-07-25T19:05:24.353+0800][92.722s][gc          ] GC(4968) Garbage Collection (Allocation Stall) 16M(100%)->14M(88%)
[2024-07-25T19:05:24.356+0800][92.725s][gc,start    ] GC(4969) Garbage Collection (Allocation Stall)
[2024-07-25T19:05:24.356+0800][92.725s][gc,ref      ] GC(4969) Clearing All SoftReferences
[2024-07-25T19:05:24.356+0800][92.725s][gc,task     ] GC(4969) Using 1 workers
[2024-07-25T19:05:24.356+0800][92.725s][gc,phases   ] GC(4969) Pause Mark Start 0.010ms
[2024-07-25T19:05:24.364+0800][92.733s][gc,phases   ] GC(4969) Concurrent Mark 7.123ms
[2024-07-25T19:05:24.364+0800][92.733s][gc,phases   ] GC(4969) Pause Mark End 0.011ms
[2024-07-25T19:05:24.364+0800][92.733s][gc,phases   ] GC(4969) Concurrent Mark Free 0.001ms
[2024-07-25T19:05:24.366+0800][92.735s][gc,phases   ] GC(4969) Concurrent Process Non-Strong References 2.192ms
[2024-07-25T19:05:24.366+0800][92.735s][gc,phases   ] GC(4969) Concurrent Reset Relocation Set 0.001ms
[2024-07-25T19:05:24.370+0800][92.739s][gc          ] Allocation Stall (main) 13.629ms
[2024-07-25T19:05:24.370+0800][92.739s][gc,phases   ] GC(4969) Concurrent Select Relocation Set 3.487ms
[2024-07-25T19:05:24.370+0800][92.739s][gc,phases   ] GC(4969) Pause Relocate Start 0.009ms
[2024-07-25T19:05:24.370+0800][92.739s][gc,phases   ] GC(4969) Concurrent Relocate 0.160ms
[2024-07-25T19:05:24.370+0800][92.739s][gc,load     ] GC(4969) Load: 0.00/0.00/0.00
[2024-07-25T19:05:24.370+0800][92.739s][gc,mmu      ] GC(4969) MMU: 2ms/88.2%, 5ms/95.3%, 10ms/97.6%, 20ms/98.8%, 50ms/99.4%, 100ms/99.6%
[2024-07-25T19:05:24.371+0800][92.739s][gc,marking  ] GC(4969) Mark: 1 stripe(s), 1 proactive flush(es), 1 terminate flush(es), 0 completion(s), 0 continuation(s) 
[2024-07-25T19:05:24.371+0800][92.740s][gc,marking  ] GC(4969) Mark Stack Usage: 32M
[2024-07-25T19:05:24.371+0800][92.740s][gc,nmethod  ] GC(4969) NMethods: 535 registered, 0 unregistered
[2024-07-25T19:05:24.371+0800][92.740s][gc,metaspace] GC(4969) Metaspace: 1M used, 1M committed, 1088M reserved
[2024-07-25T19:05:24.371+0800][92.740s][gc,ref      ] GC(4969) Soft: 46 encountered, 25 discovered, 0 enqueued
[2024-07-25T19:05:24.371+0800][92.740s][gc,ref      ] GC(4969) Weak: 131 encountered, 107 discovered, 0 enqueued
[2024-07-25T19:05:24.371+0800][92.740s][gc,ref      ] GC(4969) Final: 0 encountered, 0 discovered, 0 enqueued
[2024-07-25T19:05:24.371+0800][92.740s][gc,ref      ] GC(4969) Phantom: 184 encountered, 98 discovered, 0 enqueued
[2024-07-25T19:05:24.371+0800][92.740s][gc,reloc    ] GC(4969) Small Pages: 4 / 8M, Empty: 2M, Relocated: 0M, In-Place: 0
[2024-07-25T19:05:24.371+0800][92.740s][gc,reloc    ] GC(4969) Large Pages: 4 / 8M, Empty: 4M, Relocated: 0M, In-Place: 0
[2024-07-25T19:05:24.371+0800][92.740s][gc,reloc    ] GC(4969) Forwarding Usage: 0M
[2024-07-25T19:05:24.371+0800][92.740s][gc,heap     ] GC(4969) Min Capacity: 8M(50%)
[2024-07-25T19:05:24.371+0800][92.740s][gc,heap     ] GC(4969) Max Capacity: 16M(100%)
[2024-07-25T19:05:24.371+0800][92.740s][gc,heap     ] GC(4969) Soft Max Capacity: 16M(100%)
[2024-07-25T19:05:24.371+0800][92.740s][gc,heap     ] GC(4969)                Mark Start          Mark End        Relocate Start      Relocate End           High               Low         
[2024-07-25T19:05:24.371+0800][92.740s][gc,heap     ] GC(4969)  Capacity:       16M (100%)         16M (100%)         16M (100%)         16M (100%)         16M (100%)         16M (100%)   
[2024-07-25T19:05:24.371+0800][92.740s][gc,heap     ] GC(4969)      Free:        0M (0%)            0M (0%)            2M (12%)           2M (12%)           6M (38%)           0M (0%)     
[2024-07-25T19:05:24.371+0800][92.740s][gc,heap     ] GC(4969)      Used:       16M (100%)         16M (100%)         14M (88%)          14M (88%)          16M (100%)         10M (62%)    
[2024-07-25T19:05:24.371+0800][92.740s][gc,heap     ] GC(4969)      Live:         -                 8M (54%)           8M (54%)           8M (54%)            -                  -          
[2024-07-25T19:05:24.371+0800][92.740s][gc,heap     ] GC(4969) Allocated:         -                 0M (0%)            4M (25%)           4M (25%)            -                  -          
[2024-07-25T19:05:24.371+0800][92.740s][gc,heap     ] GC(4969)   Garbage:         -                 7M (46%)           1M (8%)            1M (8%)             -                  -          
[2024-07-25T19:05:24.371+0800][92.740s][gc,heap     ] GC(4969) Reclaimed:         -                  -                 6M (38%)           6M (38%)            -                  -          
[2024-07-25T19:05:24.371+0800][92.740s][gc          ] GC(4969) Garbage Collection (Allocation Stall) 16M(100%)->14M(88%)
[2024-07-25T19:05:24.374+0800][92.743s][gc,start    ] GC(4970) Garbage Collection (Allocation Stall)
[2024-07-25T19:05:24.374+0800][92.743s][gc,ref      ] GC(4970) Clearing All SoftReferences
[2024-07-25T19:05:24.374+0800][92.743s][gc,task     ] GC(4970) Using 1 workers
[2024-07-25T19:05:24.374+0800][92.743s][gc,phases   ] GC(4970) Pause Mark Start 0.010ms
[2024-07-25T19:05:24.382+0800][92.751s][gc,phases   ] GC(4970) Concurrent Mark 7.532ms
[2024-07-25T19:05:24.382+0800][92.751s][gc,phases   ] GC(4970) Pause Mark End 0.012ms
[2024-07-25T19:05:24.382+0800][92.751s][gc,phases   ] GC(4970) Concurrent Mark Free 0.001ms
[2024-07-25T19:05:24.385+0800][92.754s][gc,phases   ] GC(4970) Concurrent Process Non-Strong References 2.276ms
[2024-07-25T19:05:24.385+0800][92.754s][gc,phases   ] GC(4970) Concurrent Reset Relocation Set 0.001ms
[2024-07-25T19:05:24.388+0800][92.757s][gc          ] Allocation Stall (main) 14.237ms
[2024-07-25T19:05:24.388+0800][92.757s][gc,phases   ] GC(4970) Concurrent Select Relocation Set 3.359ms
[2024-07-25T19:05:24.388+0800][92.757s][gc,phases   ] GC(4970) Pause Relocate Start 0.009ms
[2024-07-25T19:05:24.389+0800][92.758s][gc,phases   ] GC(4970) Concurrent Relocate 0.153ms
[2024-07-25T19:05:24.389+0800][92.758s][gc,load     ] GC(4970) Load: 0.00/0.00/0.00
[2024-07-25T19:05:24.389+0800][92.758s][gc,mmu      ] GC(4970) MMU: 2ms/88.2%, 5ms/95.3%, 10ms/97.6%, 20ms/98.8%, 50ms/99.4%, 100ms/99.6%
[2024-07-25T19:05:24.389+0800][92.758s][gc,marking  ] GC(4970) Mark: 1 stripe(s), 1 proactive flush(es), 1 terminate flush(es), 0 completion(s), 0 continuation(s) 
[2024-07-25T19:05:24.389+0800][92.758s][gc,marking  ] GC(4970) Mark Stack Usage: 32M
[2024-07-25T19:05:24.389+0800][92.758s][gc,nmethod  ] GC(4970) NMethods: 535 registered, 0 unregistered
[2024-07-25T19:05:24.389+0800][92.758s][gc,metaspace] GC(4970) Metaspace: 1M used, 1M committed, 1088M reserved
[2024-07-25T19:05:24.389+0800][92.758s][gc,ref      ] GC(4970) Soft: 46 encountered, 25 discovered, 0 enqueued
[2024-07-25T19:05:24.389+0800][92.758s][gc,ref      ] GC(4970) Weak: 131 encountered, 107 discovered, 0 enqueued
[2024-07-25T19:05:24.389+0800][92.758s][gc,ref      ] GC(4970) Final: 0 encountered, 0 discovered, 0 enqueued
[2024-07-25T19:05:24.389+0800][92.758s][gc,ref      ] GC(4970) Phantom: 184 encountered, 98 discovered, 0 enqueued
[2024-07-25T19:05:24.389+0800][92.758s][gc,reloc    ] GC(4970) Small Pages: 4 / 8M, Empty: 2M, Relocated: 0M, In-Place: 0
[2024-07-25T19:05:24.389+0800][92.758s][gc,reloc    ] GC(4970) Large Pages: 4 / 8M, Empty: 4M, Relocated: 0M, In-Place: 0
[2024-07-25T19:05:24.389+0800][92.758s][gc,reloc    ] GC(4970) Forwarding Usage: 0M
[2024-07-25T19:05:24.389+0800][92.758s][gc,heap     ] GC(4970) Min Capacity: 8M(50%)
[2024-07-25T19:05:24.389+0800][92.758s][gc,heap     ] GC(4970) Max Capacity: 16M(100%)
[2024-07-25T19:05:24.389+0800][92.758s][gc,heap     ] GC(4970) Soft Max Capacity: 16M(100%)
[2024-07-25T19:05:24.389+0800][92.758s][gc,heap     ] GC(4970)                Mark Start          Mark End        Relocate Start      Relocate End           High               Low         
[2024-07-25T19:05:24.389+0800][92.758s][gc,heap     ] GC(4970)  Capacity:       16M (100%)         16M (100%)         16M (100%)         16M (100%)         16M (100%)         16M (100%)   
[2024-07-25T19:05:24.389+0800][92.758s][gc,heap     ] GC(4970)      Free:        0M (0%)            0M (0%)            2M (12%)           2M (12%)           6M (38%)           0M (0%)     
[2024-07-25T19:05:24.389+0800][92.758s][gc,heap     ] GC(4970)      Used:       16M (100%)         16M (100%)         14M (88%)          14M (88%)          16M (100%)         10M (62%)    
[2024-07-25T19:05:24.389+0800][92.758s][gc,heap     ] GC(4970)      Live:         -                 8M (54%)           8M (54%)           8M (54%)            -                  -          
[2024-07-25T19:05:24.389+0800][92.758s][gc,heap     ] GC(4970) Allocated:         -                 0M (0%)            4M (25%)           4M (25%)            -                  -          
[2024-07-25T19:05:24.389+0800][92.758s][gc,heap     ] GC(4970)   Garbage:         -                 7M (46%)           1M (8%)            1M (8%)             -                  -          
[2024-07-25T19:05:24.390+0800][92.759s][gc,heap     ] GC(4970) Reclaimed:         -                  -                 6M (38%)           6M (38%)            -                  -          
[2024-07-25T19:05:24.390+0800][92.759s][gc          ] GC(4970) Garbage Collection (Allocation Stall) 16M(100%)->14M(88%)
[2024-07-25T19:05:24.393+0800][92.762s][gc,start    ] GC(4971) Garbage Collection (Allocation Stall)
[2024-07-25T19:05:24.393+0800][92.762s][gc,ref      ] GC(4971) Clearing All SoftReferences
[2024-07-25T19:05:24.393+0800][92.762s][gc,task     ] GC(4971) Using 1 workers
[2024-07-25T19:05:24.393+0800][92.762s][gc,phases   ] GC(4971) Pause Mark Start 0.010ms
[2024-07-25T19:05:24.402+0800][92.771s][gc,phases   ] GC(4971) Concurrent Mark 8.312ms
[2024-07-25T19:05:24.402+0800][92.771s][gc,phases   ] GC(4971) Pause Mark End 0.025ms
[2024-07-25T19:05:24.402+0800][92.771s][gc,phases   ] GC(4971) Concurrent Mark Free 0.002ms
[2024-07-25T19:05:24.404+0800][92.773s][gc,phases   ] GC(4971) Concurrent Process Non-Strong References 2.361ms
[2024-07-25T19:05:24.405+0800][92.774s][gc,phases   ] GC(4971) Concurrent Reset Relocation Set 0.001ms
[2024-07-25T19:05:24.408+0800][92.777s][gc          ] Allocation Stall (main) 15.348ms
[2024-07-25T19:05:24.408+0800][92.777s][gc,phases   ] GC(4971) Concurrent Select Relocation Set 3.514ms
[2024-07-25T19:05:24.408+0800][92.777s][gc,phases   ] GC(4971) Pause Relocate Start 0.014ms
[2024-07-25T19:05:24.409+0800][92.778s][gc,phases   ] GC(4971) Concurrent Relocate 0.089ms
[2024-07-25T19:05:24.409+0800][92.778s][gc,load     ] GC(4971) Load: 0.00/0.00/0.00
[2024-07-25T19:05:24.409+0800][92.778s][gc,mmu      ] GC(4971) MMU: 2ms/88.2%, 5ms/95.3%, 10ms/97.6%, 20ms/98.8%, 50ms/99.4%, 100ms/99.6%
[2024-07-25T19:05:24.409+0800][92.778s][gc,marking  ] GC(4971) Mark: 1 stripe(s), 1 proactive flush(es), 1 terminate flush(es), 0 completion(s), 0 continuation(s) 
[2024-07-25T19:05:24.409+0800][92.778s][gc,marking  ] GC(4971) Mark Stack Usage: 32M
[2024-07-25T19:05:24.409+0800][92.778s][gc,nmethod  ] GC(4971) NMethods: 535 registered, 0 unregistered
[2024-07-25T19:05:24.409+0800][92.778s][gc,metaspace] GC(4971) Metaspace: 1M used, 1M committed, 1088M reserved
[2024-07-25T19:05:24.409+0800][92.778s][gc,ref      ] GC(4971) Soft: 46 encountered, 25 discovered, 0 enqueued
[2024-07-25T19:05:24.409+0800][92.778s][gc,ref      ] GC(4971) Weak: 131 encountered, 107 discovered, 0 enqueued
[2024-07-25T19:05:24.409+0800][92.778s][gc,ref      ] GC(4971) Final: 0 encountered, 0 discovered, 0 enqueued
[2024-07-25T19:05:24.409+0800][92.778s][gc,ref      ] GC(4971) Phantom: 184 encountered, 98 discovered, 0 enqueued
[2024-07-25T19:05:24.409+0800][92.778s][gc,reloc    ] GC(4971) Small Pages: 4 / 8M, Empty: 2M, Relocated: 0M, In-Place: 0
[2024-07-25T19:05:24.409+0800][92.778s][gc,reloc    ] GC(4971) Large Pages: 4 / 8M, Empty: 4M, Relocated: 0M, In-Place: 0
[2024-07-25T19:05:24.409+0800][92.778s][gc,reloc    ] GC(4971) Forwarding Usage: 0M
[2024-07-25T19:05:24.409+0800][92.778s][gc,heap     ] GC(4971) Min Capacity: 8M(50%)
[2024-07-25T19:05:24.409+0800][92.779s][gc,heap     ] GC(4971) Max Capacity: 16M(100%)
[2024-07-25T19:05:24.410+0800][92.779s][gc,heap     ] GC(4971) Soft Max Capacity: 16M(100%)
[2024-07-25T19:05:24.410+0800][92.779s][gc,heap     ] GC(4971)                Mark Start          Mark End        Relocate Start      Relocate End           High               Low         
[2024-07-25T19:05:24.410+0800][92.779s][gc,heap     ] GC(4971)  Capacity:       16M (100%)         16M (100%)         16M (100%)         16M (100%)         16M (100%)         16M (100%)   
[2024-07-25T19:05:24.410+0800][92.779s][gc,heap     ] GC(4971)      Free:        0M (0%)            0M (0%)            2M (12%)           2M (12%)           6M (38%)           0M (0%)     
[2024-07-25T19:05:24.410+0800][92.779s][gc,heap     ] GC(4971)      Used:       16M (100%)         16M (100%)         14M (88%)          14M (88%)          16M (100%)         10M (62%)    
[2024-07-25T19:05:24.410+0800][92.779s][gc,heap     ] GC(4971)      Live:         -                 8M (54%)           8M (54%)           8M (54%)            -                  -          
[2024-07-25T19:05:24.410+0800][92.779s][gc,heap     ] GC(4971) Allocated:         -                 0M (0%)            4M (25%)           4M (25%)            -                  -          
[2024-07-25T19:05:24.410+0800][92.779s][gc,heap     ] GC(4971)   Garbage:         -                 7M (46%)           1M (8%)            1M (8%)             -                  -          
[2024-07-25T19:05:24.410+0800][92.779s][gc,heap     ] GC(4971) Reclaimed:         -                  -                 6M (38%)           6M (38%)            -                  -          
[2024-07-25T19:05:24.410+0800][92.779s][gc          ] GC(4971) Garbage Collection (Allocation Stall) 16M(100%)->14M(88%)
[2024-07-25T19:05:24.413+0800][92.782s][gc,start    ] GC(4972) Garbage Collection (Allocation Rate)
[2024-07-25T19:05:24.413+0800][92.782s][gc,task     ] GC(4972) Using 1 workers
[2024-07-25T19:05:24.413+0800][92.782s][gc,phases   ] GC(4972) Pause Mark Start 0.011ms
[2024-07-25T19:05:24.421+0800][92.790s][gc,phases   ] GC(4972) Concurrent Mark 7.723ms
[2024-07-25T19:05:24.421+0800][92.790s][gc,phases   ] GC(4972) Pause Mark End 0.025ms
[2024-07-25T19:05:24.421+0800][92.790s][gc,phases   ] GC(4972) Concurrent Mark Free 0.002ms
[2024-07-25T19:05:24.424+0800][92.793s][gc,phases   ] GC(4972) Concurrent Process Non-Strong References 2.350ms
[2024-07-25T19:05:24.424+0800][92.793s][gc,phases   ] GC(4972) Concurrent Reset Relocation Set 0.001ms
[2024-07-25T19:05:24.429+0800][92.798s][gc          ] Allocation Stall (main) 15.606ms
[2024-07-25T19:05:24.429+0800][92.798s][gc,phases   ] GC(4972) Concurrent Select Relocation Set 5.565ms
[2024-07-25T19:05:24.430+0800][92.799s][gc,phases   ] GC(4972) Pause Relocate Start 0.018ms
[2024-07-25T19:05:24.432+0800][92.801s][gc,phases   ] GC(4972) Concurrent Relocate 2.350ms
[2024-07-25T19:05:24.432+0800][92.801s][gc          ] Allocation Stall (main) 1.417ms
[2024-07-25T19:05:24.432+0800][92.801s][gc,load     ] GC(4972) Load: 0.00/0.00/0.00
[2024-07-25T19:05:24.433+0800][92.802s][gc,mmu      ] GC(4972) MMU: 2ms/88.2%, 5ms/95.3%, 10ms/97.6%, 20ms/98.8%, 50ms/99.4%, 100ms/99.6%
[2024-07-25T19:05:24.433+0800][92.802s][gc,marking  ] GC(4972) Mark: 1 stripe(s), 1 proactive flush(es), 1 terminate flush(es), 0 completion(s), 0 continuation(s) 
[2024-07-25T19:05:24.433+0800][92.802s][gc,marking  ] GC(4972) Mark Stack Usage: 32M
[2024-07-25T19:05:24.433+0800][92.802s][gc,nmethod  ] GC(4972) NMethods: 535 registered, 0 unregistered
[2024-07-25T19:05:24.433+0800][92.802s][gc,metaspace] GC(4972) Metaspace: 1M used, 1M committed, 1088M reserved
[2024-07-25T19:05:24.433+0800][92.802s][gc,ref      ] GC(4972) Soft: 46 encountered, 25 discovered, 0 enqueued
[2024-07-25T19:05:24.433+0800][92.802s][gc,ref      ] GC(4972) Weak: 131 encountered, 107 discovered, 0 enqueued
[2024-07-25T19:05:24.433+0800][92.802s][gc,ref      ] GC(4972) Final: 0 encountered, 0 discovered, 0 enqueued
[2024-07-25T19:05:24.433+0800][92.802s][gc,ref      ] GC(4972) Phantom: 184 encountered, 98 discovered, 0 enqueued
[2024-07-25T19:05:24.433+0800][92.802s][gc,reloc    ] GC(4972) Small Pages: 4 / 8M, Empty: 0M, Relocated: 1M, In-Place: 1
[2024-07-25T19:05:24.433+0800][92.802s][gc,reloc    ] GC(4972) Large Pages: 4 / 8M, Empty: 4M, Relocated: 0M, In-Place: 0
[2024-07-25T19:05:24.433+0800][92.802s][gc,reloc    ] GC(4972) Forwarding Usage: 0M
[2024-07-25T19:05:24.433+0800][92.802s][gc,heap     ] GC(4972) Min Capacity: 8M(50%)
[2024-07-25T19:05:24.433+0800][92.802s][gc,heap     ] GC(4972) Max Capacity: 16M(100%)
[2024-07-25T19:05:24.433+0800][92.802s][gc,heap     ] GC(4972) Soft Max Capacity: 16M(100%)
[2024-07-25T19:05:24.433+0800][92.802s][gc,heap     ] GC(4972)                Mark Start          Mark End        Relocate Start      Relocate End           High               Low         
[2024-07-25T19:05:24.433+0800][92.802s][gc,heap     ] GC(4972)  Capacity:       16M (100%)         16M (100%)         16M (100%)         16M (100%)         16M (100%)         16M (100%)   
[2024-07-25T19:05:24.433+0800][92.803s][gc,heap     ] GC(4972)      Free:        0M (0%)            0M (0%)            0M (0%)            0M (0%)            4M (25%)           0M (0%)     
[2024-07-25T19:05:24.434+0800][92.803s][gc,heap     ] GC(4972)      Used:       16M (100%)         16M (100%)         16M (100%)         16M (100%)         16M (100%)         12M (75%)    
[2024-07-25T19:05:24.434+0800][92.803s][gc,heap     ] GC(4972)      Live:         -                 8M (54%)           8M (54%)           8M (54%)            -                  -          
[2024-07-25T19:05:24.434+0800][92.803s][gc,heap     ] GC(4972) Allocated:         -                 0M (0%)            4M (25%)           6M (38%)            -                  -          
[2024-07-25T19:05:24.434+0800][92.803s][gc,heap     ] GC(4972)   Garbage:         -                 7M (46%)           3M (21%)           1M (8%)             -                  -          
[2024-07-25T19:05:24.434+0800][92.803s][gc,heap     ] GC(4972) Reclaimed:         -                  -                 4M (25%)           6M (38%)            -                  -          
[2024-07-25T19:05:24.434+0800][92.803s][gc          ] GC(4972) Garbage Collection (Allocation Rate) 16M(100%)->16M(100%)
[2024-07-25T19:05:24.436+0800][92.805s][gc,start    ] GC(4973) Garbage Collection (Allocation Stall)
[2024-07-25T19:05:24.436+0800][92.805s][gc,ref      ] GC(4973) Clearing All SoftReferences
[2024-07-25T19:05:24.436+0800][92.805s][gc,task     ] GC(4973) Using 1 workers
[2024-07-25T19:05:24.437+0800][92.806s][gc,phases   ] GC(4973) Pause Mark Start 0.019ms
[2024-07-25T19:05:24.451+0800][92.820s][gc,phases   ] GC(4973) Concurrent Mark 13.838ms
[2024-07-25T19:05:24.451+0800][92.820s][gc,phases   ] GC(4973) Pause Mark End 0.016ms
[2024-07-25T19:05:24.451+0800][92.820s][gc,phases   ] GC(4973) Concurrent Mark Free 0.002ms
[2024-07-25T19:05:24.454+0800][92.823s][gc,phases   ] GC(4973) Concurrent Process Non-Strong References 2.563ms
[2024-07-25T19:05:24.454+0800][92.823s][gc,phases   ] GC(4973) Concurrent Reset Relocation Set 0.002ms
[2024-07-25T19:05:24.458+0800][92.828s][gc          ] Allocation Stall (main) 22.459ms
[2024-07-25T19:05:24.459+0800][92.828s][gc,phases   ] GC(4973) Concurrent Select Relocation Set 5.052ms
[2024-07-25T19:05:24.459+0800][92.828s][gc,phases   ] GC(4973) Pause Relocate Start 0.011ms
[2024-07-25T19:05:24.459+0800][92.828s][gc,phases   ] GC(4973) Concurrent Relocate 0.120ms
[2024-07-25T19:05:24.459+0800][92.829s][gc,load     ] GC(4973) Load: 0.00/0.00/0.00
[2024-07-25T19:05:24.459+0800][92.829s][gc,mmu      ] GC(4973) MMU: 2ms/88.2%, 5ms/95.3%, 10ms/97.6%, 20ms/98.8%, 50ms/99.4%, 100ms/99.6%
[2024-07-25T19:05:24.459+0800][92.829s][gc,marking  ] GC(4973) Mark: 1 stripe(s), 1 proactive flush(es), 1 terminate flush(es), 0 completion(s), 0 continuation(s) 
[2024-07-25T19:05:24.459+0800][92.829s][gc,marking  ] GC(4973) Mark Stack Usage: 32M
[2024-07-25T19:05:24.459+0800][92.829s][gc,nmethod  ] GC(4973) NMethods: 535 registered, 0 unregistered
[2024-07-25T19:05:24.459+0800][92.829s][gc,metaspace] GC(4973) Metaspace: 1M used, 1M committed, 1088M reserved
[2024-07-25T19:05:24.459+0800][92.829s][gc,ref      ] GC(4973) Soft: 46 encountered, 25 discovered, 0 enqueued
[2024-07-25T19:05:24.459+0800][92.829s][gc,ref      ] GC(4973) Weak: 131 encountered, 107 discovered, 0 enqueued
[2024-07-25T19:05:24.459+0800][92.829s][gc,ref      ] GC(4973) Final: 0 encountered, 0 discovered, 0 enqueued
[2024-07-25T19:05:24.459+0800][92.829s][gc,ref      ] GC(4973) Phantom: 184 encountered, 98 discovered, 0 enqueued
[2024-07-25T19:05:24.459+0800][92.829s][gc,reloc    ] GC(4973) Small Pages: 4 / 8M, Empty: 2M, Relocated: 0M, In-Place: 0
[2024-07-25T19:05:24.459+0800][92.829s][gc,reloc    ] GC(4973) Large Pages: 4 / 8M, Empty: 4M, Relocated: 0M, In-Place: 0
[2024-07-25T19:05:24.459+0800][92.829s][gc,reloc    ] GC(4973) Forwarding Usage: 0M
[2024-07-25T19:05:24.459+0800][92.829s][gc,heap     ] GC(4973) Min Capacity: 8M(50%)
[2024-07-25T19:05:24.459+0800][92.829s][gc,heap     ] GC(4973) Max Capacity: 16M(100%)
[2024-07-25T19:05:24.459+0800][92.829s][gc,heap     ] GC(4973) Soft Max Capacity: 16M(100%)
[2024-07-25T19:05:24.459+0800][92.829s][gc,heap     ] GC(4973)                Mark Start          Mark End        Relocate Start      Relocate End           High               Low         
[2024-07-25T19:05:24.460+0800][92.829s][gc,heap     ] GC(4973)  Capacity:       16M (100%)         16M (100%)         16M (100%)         16M (100%)         16M (100%)         16M (100%)   
[2024-07-25T19:05:24.460+0800][92.830s][gc,heap     ] GC(4973)      Free:        0M (0%)            0M (0%)            2M (12%)           2M (12%)           6M (38%)           0M (0%)     
[2024-07-25T19:05:24.460+0800][92.830s][gc,heap     ] GC(4973)      Used:       16M (100%)         16M (100%)         14M (88%)          14M (88%)          16M (100%)         10M (62%)    
[2024-07-25T19:05:24.460+0800][92.830s][gc,heap     ] GC(4973)      Live:         -                 8M (54%)           8M (54%)           8M (54%)            -                  -          
[2024-07-25T19:05:24.460+0800][92.830s][gc,heap     ] GC(4973) Allocated:         -                 0M (0%)            4M (25%)           4M (25%)            -                  -          
[2024-07-25T19:05:24.460+0800][92.830s][gc,heap     ] GC(4973)   Garbage:         -                 7M (46%)           1M (8%)            1M (8%)             -                  -          
[2024-07-25T19:05:24.460+0800][92.830s][gc,heap     ] GC(4973) Reclaimed:         -                  -                 6M (38%)           6M (38%)            -                  -          
[2024-07-25T19:05:24.460+0800][92.830s][gc          ] GC(4973) Garbage Collection (Allocation Stall) 16M(100%)->14M(88%)
[2024-07-25T19:05:24.464+0800][92.833s][gc,start    ] GC(4974) Garbage Collection (Allocation Stall)
[2024-07-25T19:05:24.464+0800][92.833s][gc,ref      ] GC(4974) Clearing All SoftReferences
[2024-07-25T19:05:24.464+0800][92.833s][gc,task     ] GC(4974) Using 1 workers
[2024-07-25T19:05:24.464+0800][92.833s][gc,phases   ] GC(4974) Pause Mark Start 0.011ms
[2024-07-25T19:05:24.475+0800][92.844s][gc,phases   ] GC(4974) Concurrent Mark 10.783ms
[2024-07-25T19:05:24.475+0800][92.844s][gc,phases   ] GC(4974) Pause Mark End 0.015ms
[2024-07-25T19:05:24.475+0800][92.844s][gc,phases   ] GC(4974) Concurrent Mark Free 0.002ms
[2024-07-25T19:05:24.477+0800][92.847s][gc,phases   ] GC(4974) Concurrent Process Non-Strong References 2.374ms
[2024-07-25T19:05:24.478+0800][92.847s][gc,phases   ] GC(4974) Concurrent Reset Relocation Set 0.002ms
[2024-07-25T19:05:24.481+0800][92.850s][gc          ] Allocation Stall (main) 17.834ms
[2024-07-25T19:05:24.481+0800][92.850s][gc,phases   ] GC(4974) Concurrent Select Relocation Set 3.485ms
[2024-07-25T19:05:24.481+0800][92.851s][gc,phases   ] GC(4974) Pause Relocate Start 0.012ms
[2024-07-25T19:05:24.482+0800][92.851s][gc,phases   ] GC(4974) Concurrent Relocate 0.113ms
[2024-07-25T19:05:24.482+0800][92.851s][gc,load     ] GC(4974) Load: 0.00/0.00/0.00
[2024-07-25T19:05:24.482+0800][92.851s][gc,mmu      ] GC(4974) MMU: 2ms/88.2%, 5ms/95.3%, 10ms/97.6%, 20ms/98.8%, 50ms/99.4%, 100ms/99.6%
[2024-07-25T19:05:24.482+0800][92.851s][gc,marking  ] GC(4974) Mark: 1 stripe(s), 1 proactive flush(es), 1 terminate flush(es), 0 completion(s), 0 continuation(s) 
[2024-07-25T19:05:24.482+0800][92.851s][gc,marking  ] GC(4974) Mark Stack Usage: 32M
[2024-07-25T19:05:24.482+0800][92.851s][gc,nmethod  ] GC(4974) NMethods: 535 registered, 0 unregistered
[2024-07-25T19:05:24.482+0800][92.851s][gc,metaspace] GC(4974) Metaspace: 1M used, 1M committed, 1088M reserved
[2024-07-25T19:05:24.482+0800][92.851s][gc,ref      ] GC(4974) Soft: 46 encountered, 25 discovered, 0 enqueued
[2024-07-25T19:05:24.482+0800][92.851s][gc,ref      ] GC(4974) Weak: 131 encountered, 107 discovered, 0 enqueued
[2024-07-25T19:05:24.482+0800][92.851s][gc,ref      ] GC(4974) Final: 0 encountered, 0 discovered, 0 enqueued
[2024-07-25T19:05:24.482+0800][92.851s][gc,ref      ] GC(4974) Phantom: 184 encountered, 98 discovered, 0 enqueued
[2024-07-25T19:05:24.482+0800][92.852s][gc,reloc    ] GC(4974) Small Pages: 4 / 8M, Empty: 2M, Relocated: 0M, In-Place: 0
[2024-07-25T19:05:24.482+0800][92.852s][gc,reloc    ] GC(4974) Large Pages: 4 / 8M, Empty: 4M, Relocated: 0M, In-Place: 0
[2024-07-25T19:05:24.482+0800][92.852s][gc,reloc    ] GC(4974) Forwarding Usage: 0M
[2024-07-25T19:05:24.483+0800][92.852s][gc,heap     ] GC(4974) Min Capacity: 8M(50%)
[2024-07-25T19:05:24.483+0800][92.852s][gc,heap     ] GC(4974) Max Capacity: 16M(100%)
[2024-07-25T19:05:24.483+0800][92.852s][gc,heap     ] GC(4974) Soft Max Capacity: 16M(100%)
[2024-07-25T19:05:24.483+0800][92.852s][gc,heap     ] GC(4974)                Mark Start          Mark End        Relocate Start      Relocate End           High               Low         
[2024-07-25T19:05:24.483+0800][92.852s][gc,heap     ] GC(4974)  Capacity:       16M (100%)         16M (100%)         16M (100%)         16M (100%)         16M (100%)         16M (100%)   
[2024-07-25T19:05:24.483+0800][92.852s][gc,heap     ] GC(4974)      Free:        0M (0%)            0M (0%)            2M (12%)           2M (12%)           6M (38%)           0M (0%)     
[2024-07-25T19:05:24.483+0800][92.852s][gc,heap     ] GC(4974)      Used:       16M (100%)         16M (100%)         14M (88%)          14M (88%)          16M (100%)         10M (62%)    
[2024-07-25T19:05:24.483+0800][92.852s][gc,heap     ] GC(4974)      Live:         -                 8M (54%)           8M (54%)           8M (54%)            -                  -          
[2024-07-25T19:05:24.483+0800][92.852s][gc,heap     ] GC(4974) Allocated:         -                 0M (0%)            4M (25%)           4M (25%)            -                  -          
[2024-07-25T19:05:24.483+0800][92.852s][gc,heap     ] GC(4974)   Garbage:         -                 7M (46%)           1M (8%)            1M (8%)             -                  -          
[2024-07-25T19:05:24.483+0800][92.852s][gc,heap     ] GC(4974) Reclaimed:         -                  -                 6M (38%)           6M (38%)            -                  -          
[2024-07-25T19:05:24.483+0800][92.852s][gc          ] GC(4974) Garbage Collection (Allocation Stall) 16M(100%)->14M(88%)
[2024-07-25T19:05:24.485+0800][92.855s][gc,start    ] GC(4975) Garbage Collection (Allocation Stall)
[2024-07-25T19:05:24.485+0800][92.855s][gc,ref      ] GC(4975) Clearing All SoftReferences
[2024-07-25T19:05:24.485+0800][92.855s][gc,task     ] GC(4975) Using 1 workers
[2024-07-25T19:05:24.486+0800][92.855s][gc,phases   ] GC(4975) Pause Mark Start 0.033ms
[2024-07-25T19:05:24.496+0800][92.865s][gc,phases   ] GC(4975) Concurrent Mark 10.382ms
[2024-07-25T19:05:24.496+0800][92.866s][gc,phases   ] GC(4975) Pause Mark End 0.033ms
[2024-07-25T19:05:24.497+0800][92.866s][gc,phases   ] GC(4975) Concurrent Mark Free 0.002ms
[2024-07-25T19:05:24.499+0800][92.868s][gc,phases   ] GC(4975) Concurrent Process Non-Strong References 2.108ms
[2024-07-25T19:05:24.499+0800][92.868s][gc,phases   ] GC(4975) Concurrent Reset Relocation Set 0.001ms
[2024-07-25T19:05:24.502+0800][92.871s][gc          ] Allocation Stall (main) 16.743ms
[2024-07-25T19:05:24.502+0800][92.871s][gc,phases   ] GC(4975) Concurrent Select Relocation Set 3.199ms
[2024-07-25T19:05:24.502+0800][92.871s][gc,phases   ] GC(4975) Pause Relocate Start 0.010ms
[2024-07-25T19:05:24.503+0800][92.872s][gc,phases   ] GC(4975) Concurrent Relocate 0.113ms
[2024-07-25T19:05:24.503+0800][92.872s][gc,load     ] GC(4975) Load: 0.00/0.00/0.00
[2024-07-25T19:05:24.503+0800][92.872s][gc,mmu      ] GC(4975) MMU: 2ms/88.2%, 5ms/95.3%, 10ms/97.6%, 20ms/98.8%, 50ms/99.4%, 100ms/99.6%
[2024-07-25T19:05:24.503+0800][92.872s][gc,marking  ] GC(4975) Mark: 1 stripe(s), 1 proactive flush(es), 1 terminate flush(es), 0 completion(s), 0 continuation(s) 
[2024-07-25T19:05:24.503+0800][92.872s][gc,marking  ] GC(4975) Mark Stack Usage: 32M
[2024-07-25T19:05:24.503+0800][92.872s][gc,nmethod  ] GC(4975) NMethods: 535 registered, 0 unregistered
[2024-07-25T19:05:24.503+0800][92.872s][gc,metaspace] GC(4975) Metaspace: 1M used, 1M committed, 1088M reserved
[2024-07-25T19:05:24.503+0800][92.872s][gc,ref      ] GC(4975) Soft: 46 encountered, 25 discovered, 0 enqueued
[2024-07-25T19:05:24.503+0800][92.872s][gc,ref      ] GC(4975) Weak: 131 encountered, 107 discovered, 0 enqueued
[2024-07-25T19:05:24.503+0800][92.872s][gc,ref      ] GC(4975) Final: 0 encountered, 0 discovered, 0 enqueued
[2024-07-25T19:05:24.503+0800][92.872s][gc,ref      ] GC(4975) Phantom: 184 encountered, 98 discovered, 0 enqueued
[2024-07-25T19:05:24.503+0800][92.872s][gc,reloc    ] GC(4975) Small Pages: 4 / 8M, Empty: 2M, Relocated: 0M, In-Place: 0
[2024-07-25T19:05:24.503+0800][92.872s][gc,reloc    ] GC(4975) Large Pages: 4 / 8M, Empty: 4M, Relocated: 0M, In-Place: 0
[2024-07-25T19:05:24.503+0800][92.872s][gc,reloc    ] GC(4975) Forwarding Usage: 0M
[2024-07-25T19:05:24.503+0800][92.872s][gc,heap     ] GC(4975) Min Capacity: 8M(50%)
[2024-07-25T19:05:24.503+0800][92.872s][gc,heap     ] GC(4975) Max Capacity: 16M(100%)
[2024-07-25T19:05:24.503+0800][92.872s][gc,heap     ] GC(4975) Soft Max Capacity: 16M(100%)
[2024-07-25T19:05:24.503+0800][92.872s][gc,heap     ] GC(4975)                Mark Start          Mark End        Relocate Start      Relocate End           High               Low         
[2024-07-25T19:05:24.503+0800][92.872s][gc,heap     ] GC(4975)  Capacity:       16M (100%)         16M (100%)         16M (100%)         16M (100%)         16M (100%)         16M (100%)   
[2024-07-25T19:05:24.503+0800][92.872s][gc,heap     ] GC(4975)      Free:        0M (0%)            0M (0%)            2M (12%)           2M (12%)           6M (38%)           0M (0%)     
[2024-07-25T19:05:24.503+0800][92.872s][gc,heap     ] GC(4975)      Used:       16M (100%)         16M (100%)         14M (88%)          14M (88%)          16M (100%)         10M (62%)    
[2024-07-25T19:05:24.503+0800][92.872s][gc,heap     ] GC(4975)      Live:         -                 8M (54%)           8M (54%)           8M (54%)            -                  -          
[2024-07-25T19:05:24.503+0800][92.872s][gc,heap     ] GC(4975) Allocated:         -                 0M (0%)            4M (25%)           4M (25%)            -                  -          
[2024-07-25T19:05:24.503+0800][92.872s][gc,heap     ] GC(4975)   Garbage:         -                 7M (46%)           1M (8%)            1M (8%)             -                  -          
[2024-07-25T19:05:24.503+0800][92.872s][gc,heap     ] GC(4975) Reclaimed:         -                  -                 6M (38%)           6M (38%)            -                  -          
[2024-07-25T19:05:24.503+0800][92.873s][gc          ] GC(4975) Garbage Collection (Allocation Stall) 16M(100%)->14M(88%)
[2024-07-25T19:05:24.508+0800][92.877s][gc,start    ] GC(4976) Garbage Collection (Allocation Stall)
[2024-07-25T19:05:24.508+0800][92.877s][gc,ref      ] GC(4976) Clearing All SoftReferences
[2024-07-25T19:05:24.508+0800][92.877s][gc,task     ] GC(4976) Using 1 workers
[2024-07-25T19:05:24.508+0800][92.877s][gc,phases   ] GC(4976) Pause Mark Start 0.009ms
[2024-07-25T19:05:24.514+0800][92.883s][gc,phases   ] GC(4976) Concurrent Mark 5.738ms
[2024-07-25T19:05:24.514+0800][92.883s][gc,phases   ] GC(4976) Pause Mark End 0.025ms
[2024-07-25T19:05:24.514+0800][92.883s][gc,phases   ] GC(4976) Concurrent Mark Free 0.001ms
[2024-07-25T19:05:24.515+0800][92.885s][gc,phases   ] GC(4976) Concurrent Process Non-Strong References 1.517ms
[2024-07-25T19:05:24.515+0800][92.885s][gc,phases   ] GC(4976) Concurrent Reset Relocation Set 0.001ms
[2024-07-25T19:05:24.518+0800][92.887s][gc          ] Allocation Stall (main) 10.140ms
[2024-07-25T19:05:24.518+0800][92.887s][gc,phases   ] GC(4976) Concurrent Select Relocation Set 2.232ms
[2024-07-25T19:05:24.518+0800][92.887s][gc,phases   ] GC(4976) Pause Relocate Start 0.005ms
[2024-07-25T19:05:24.518+0800][92.887s][gc,phases   ] GC(4976) Concurrent Relocate 0.036ms
[2024-07-25T19:05:24.518+0800][92.887s][gc,load     ] GC(4976) Load: 0.00/0.00/0.00
[2024-07-25T19:05:24.518+0800][92.887s][gc,mmu      ] GC(4976) MMU: 2ms/88.2%, 5ms/95.3%, 10ms/97.6%, 20ms/98.8%, 50ms/99.4%, 100ms/99.6%
[2024-07-25T19:05:24.518+0800][92.887s][gc,marking  ] GC(4976) Mark: 1 stripe(s), 1 proactive flush(es), 1 terminate flush(es), 0 completion(s), 0 continuation(s) 
[2024-07-25T19:05:24.518+0800][92.888s][gc,marking  ] GC(4976) Mark Stack Usage: 32M
[2024-07-25T19:05:24.518+0800][92.888s][gc,nmethod  ] GC(4976) NMethods: 535 registered, 0 unregistered
[2024-07-25T19:05:24.518+0800][92.888s][gc,metaspace] GC(4976) Metaspace: 1M used, 1M committed, 1088M reserved
[2024-07-25T19:05:24.518+0800][92.888s][gc,ref      ] GC(4976) Soft: 46 encountered, 25 discovered, 0 enqueued
[2024-07-25T19:05:24.518+0800][92.888s][gc,ref      ] GC(4976) Weak: 131 encountered, 107 discovered, 0 enqueued
[2024-07-25T19:05:24.518+0800][92.888s][gc,ref      ] GC(4976) Final: 0 encountered, 0 discovered, 0 enqueued
[2024-07-25T19:05:24.518+0800][92.888s][gc,ref      ] GC(4976) Phantom: 184 encountered, 98 discovered, 0 enqueued
[2024-07-25T19:05:24.518+0800][92.888s][gc,reloc    ] GC(4976) Small Pages: 4 / 8M, Empty: 2M, Relocated: 0M, In-Place: 0
[2024-07-25T19:05:24.518+0800][92.888s][gc,reloc    ] GC(4976) Large Pages: 4 / 8M, Empty: 4M, Relocated: 0M, In-Place: 0
[2024-07-25T19:05:24.518+0800][92.888s][gc,reloc    ] GC(4976) Forwarding Usage: 0M
[2024-07-25T19:05:24.518+0800][92.888s][gc,heap     ] GC(4976) Min Capacity: 8M(50%)
[2024-07-25T19:05:24.518+0800][92.888s][gc,heap     ] GC(4976) Max Capacity: 16M(100%)
[2024-07-25T19:05:24.518+0800][92.888s][gc,heap     ] GC(4976) Soft Max Capacity: 16M(100%)
[2024-07-25T19:05:24.518+0800][92.888s][gc,heap     ] GC(4976)                Mark Start          Mark End        Relocate Start      Relocate End           High               Low         
[2024-07-25T19:05:24.518+0800][92.888s][gc,heap     ] GC(4976)  Capacity:       16M (100%)         16M (100%)         16M (100%)         16M (100%)         16M (100%)         16M (100%)   
[2024-07-25T19:05:24.518+0800][92.888s][gc,heap     ] GC(4976)      Free:        0M (0%)            0M (0%)            2M (12%)           2M (12%)           6M (38%)           0M (0%)     
[2024-07-25T19:05:24.518+0800][92.888s][gc,heap     ] GC(4976)      Used:       16M (100%)         16M (100%)         14M (88%)          14M (88%)          16M (100%)         10M (62%)    
[2024-07-25T19:05:24.518+0800][92.888s][gc,heap     ] GC(4976)      Live:         -                 8M (54%)           8M (54%)           8M (54%)            -                  -          
[2024-07-25T19:05:24.519+0800][92.888s][gc,heap     ] GC(4976) Allocated:         -                 0M (0%)            4M (25%)           4M (25%)            -                  -          
[2024-07-25T19:05:24.519+0800][92.888s][gc,heap     ] GC(4976)   Garbage:         -                 7M (46%)           1M (8%)            1M (8%)             -                  -          
[2024-07-25T19:05:24.519+0800][92.888s][gc,heap     ] GC(4976) Reclaimed:         -                  -                 6M (38%)           6M (38%)            -                  -          
[2024-07-25T19:05:24.519+0800][92.888s][gc          ] GC(4976) Garbage Collection (Allocation Stall) 16M(100%)->14M(88%)
[2024-07-25T19:05:24.522+0800][92.891s][gc,start    ] GC(4977) Garbage Collection (Allocation Stall)
[2024-07-25T19:05:24.522+0800][92.891s][gc,ref      ] GC(4977) Clearing All SoftReferences
[2024-07-25T19:05:24.522+0800][92.891s][gc,task     ] GC(4977) Using 1 workers
[2024-07-25T19:05:24.522+0800][92.891s][gc,phases   ] GC(4977) Pause Mark Start 0.025ms
[2024-07-25T19:05:24.528+0800][92.897s][gc,phases   ] GC(4977) Concurrent Mark 5.875ms
[2024-07-25T19:05:24.528+0800][92.898s][gc,phases   ] GC(4977) Pause Mark End 0.009ms
[2024-07-25T19:05:24.528+0800][92.898s][gc,phases   ] GC(4977) Concurrent Mark Free 0.001ms
[2024-07-25T19:05:24.530+0800][92.899s][gc,phases   ] GC(4977) Concurrent Process Non-Strong References 1.477ms
[2024-07-25T19:05:24.530+0800][92.899s][gc,phases   ] GC(4977) Concurrent Reset Relocation Set 0.001ms
[2024-07-25T19:05:24.532+0800][92.902s][gc          ] Allocation Stall (main) 10.715ms
[2024-07-25T19:05:24.533+0800][92.902s][gc,phases   ] GC(4977) Concurrent Select Relocation Set 2.581ms
[2024-07-25T19:05:24.533+0800][92.902s][gc,phases   ] GC(4977) Pause Relocate Start 0.005ms
[2024-07-25T19:05:24.533+0800][92.902s][gc,phases   ] GC(4977) Concurrent Relocate 0.143ms
[2024-07-25T19:05:24.533+0800][92.902s][gc,load     ] GC(4977) Load: 0.00/0.00/0.00
[2024-07-25T19:05:24.533+0800][92.902s][gc,mmu      ] GC(4977) MMU: 2ms/88.2%, 5ms/95.3%, 10ms/97.6%, 20ms/98.8%, 50ms/99.4%, 100ms/99.6%
[2024-07-25T19:05:24.533+0800][92.902s][gc,marking  ] GC(4977) Mark: 1 stripe(s), 1 proactive flush(es), 1 terminate flush(es), 0 completion(s), 0 continuation(s) 
[2024-07-25T19:05:24.533+0800][92.902s][gc,marking  ] GC(4977) Mark Stack Usage: 32M
[2024-07-25T19:05:24.533+0800][92.902s][gc,nmethod  ] GC(4977) NMethods: 535 registered, 0 unregistered
[2024-07-25T19:05:24.533+0800][92.902s][gc,metaspace] GC(4977) Metaspace: 1M used, 1M committed, 1088M reserved
[2024-07-25T19:05:24.533+0800][92.902s][gc,ref      ] GC(4977) Soft: 46 encountered, 25 discovered, 0 enqueued
[2024-07-25T19:05:24.533+0800][92.903s][gc,ref      ] GC(4977) Weak: 131 encountered, 107 discovered, 0 enqueued
[2024-07-25T19:05:24.533+0800][92.903s][gc,ref      ] GC(4977) Final: 0 encountered, 0 discovered, 0 enqueued
[2024-07-25T19:05:24.533+0800][92.903s][gc,ref      ] GC(4977) Phantom: 184 encountered, 98 discovered, 0 enqueued
[2024-07-25T19:05:24.533+0800][92.903s][gc,reloc    ] GC(4977) Small Pages: 4 / 8M, Empty: 2M, Relocated: 0M, In-Place: 0
[2024-07-25T19:05:24.533+0800][92.903s][gc,reloc    ] GC(4977) Large Pages: 4 / 8M, Empty: 4M, Relocated: 0M, In-Place: 0
[2024-07-25T19:05:24.533+0800][92.903s][gc,reloc    ] GC(4977) Forwarding Usage: 0M
[2024-07-25T19:05:24.533+0800][92.903s][gc,heap     ] GC(4977) Min Capacity: 8M(50%)
[2024-07-25T19:05:24.533+0800][92.903s][gc,heap     ] GC(4977) Max Capacity: 16M(100%)
[2024-07-25T19:05:24.533+0800][92.903s][gc,heap     ] GC(4977) Soft Max Capacity: 16M(100%)
[2024-07-25T19:05:24.533+0800][92.903s][gc,heap     ] GC(4977)                Mark Start          Mark End        Relocate Start      Relocate End           High               Low         
[2024-07-25T19:05:24.533+0800][92.903s][gc,heap     ] GC(4977)  Capacity:       16M (100%)         16M (100%)         16M (100%)         16M (100%)         16M (100%)         16M (100%)   
[2024-07-25T19:05:24.533+0800][92.903s][gc,heap     ] GC(4977)      Free:        0M (0%)            0M (0%)            2M (12%)           2M (12%)           6M (38%)           0M (0%)     
[2024-07-25T19:05:24.533+0800][92.903s][gc,heap     ] GC(4977)      Used:       16M (100%)         16M (100%)         14M (88%)          14M (88%)          16M (100%)         10M (62%)    
[2024-07-25T19:05:24.533+0800][92.903s][gc,heap     ] GC(4977)      Live:         -                 8M (54%)           8M (54%)           8M (54%)            -                  -          
[2024-07-25T19:05:24.533+0800][92.903s][gc,heap     ] GC(4977) Allocated:         -                 0M (0%)            4M (25%)           4M (25%)            -                  -          
[2024-07-25T19:05:24.533+0800][92.903s][gc,heap     ] GC(4977)   Garbage:         -                 7M (46%)           1M (8%)            1M (8%)             -                  -          
[2024-07-25T19:05:24.533+0800][92.903s][gc,heap     ] GC(4977) Reclaimed:         -                  -                 6M (38%)           6M (38%)            -                  -          
[2024-07-25T19:05:24.533+0800][92.903s][gc          ] GC(4977) Garbage Collection (Allocation Stall) 16M(100%)->14M(88%)
[2024-07-25T19:05:24.537+0800][92.906s][gc,start    ] GC(4978) Garbage Collection (Allocation Stall)
[2024-07-25T19:05:24.537+0800][92.906s][gc,ref      ] GC(4978) Clearing All SoftReferences
[2024-07-25T19:05:24.537+0800][92.906s][gc,task     ] GC(4978) Using 1 workers
[2024-07-25T19:05:24.537+0800][92.907s][gc,phases   ] GC(4978) Pause Mark Start 0.010ms
[2024-07-25T19:05:24.545+0800][92.915s][gc,phases   ] GC(4978) Concurrent Mark 7.916ms
[2024-07-25T19:05:24.545+0800][92.915s][gc,phases   ] GC(4978) Pause Mark End 0.013ms
[2024-07-25T19:05:24.546+0800][92.915s][gc,phases   ] GC(4978) Concurrent Mark Free 0.002ms
[2024-07-25T19:05:24.548+0800][92.917s][gc,phases   ] GC(4978) Concurrent Process Non-Strong References 2.087ms
[2024-07-25T19:05:24.548+0800][92.917s][gc,phases   ] GC(4978) Concurrent Reset Relocation Set 0.001ms
[2024-07-25T19:05:24.552+0800][92.921s][gc          ] Allocation Stall (main) 14.771ms
[2024-07-25T19:05:24.552+0800][92.921s][gc,phases   ] GC(4978) Concurrent Select Relocation Set 3.707ms
[2024-07-25T19:05:24.552+0800][92.921s][gc,phases   ] GC(4978) Pause Relocate Start 0.009ms
[2024-07-25T19:05:24.552+0800][92.921s][gc,phases   ] GC(4978) Concurrent Relocate 0.113ms
[2024-07-25T19:05:24.552+0800][92.922s][gc,load     ] GC(4978) Load: 0.00/0.00/0.00
[2024-07-25T19:05:24.553+0800][92.922s][gc,mmu      ] GC(4978) MMU: 2ms/88.2%, 5ms/95.3%, 10ms/97.6%, 20ms/98.8%, 50ms/99.4%, 100ms/99.6%
[2024-07-25T19:05:24.553+0800][92.922s][gc,marking  ] GC(4978) Mark: 1 stripe(s), 1 proactive flush(es), 1 terminate flush(es), 0 completion(s), 0 continuation(s) 
[2024-07-25T19:05:24.553+0800][92.922s][gc,marking  ] GC(4978) Mark Stack Usage: 32M
[2024-07-25T19:05:24.553+0800][92.922s][gc,nmethod  ] GC(4978) NMethods: 535 registered, 0 unregistered
[2024-07-25T19:05:24.553+0800][92.922s][gc,metaspace] GC(4978) Metaspace: 1M used, 1M committed, 1088M reserved
[2024-07-25T19:05:24.553+0800][92.922s][gc,ref      ] GC(4978) Soft: 46 encountered, 25 discovered, 0 enqueued
[2024-07-25T19:05:24.553+0800][92.922s][gc,ref      ] GC(4978) Weak: 131 encountered, 107 discovered, 0 enqueued
[2024-07-25T19:05:24.553+0800][92.922s][gc,ref      ] GC(4978) Final: 0 encountered, 0 discovered, 0 enqueued
[2024-07-25T19:05:24.553+0800][92.922s][gc,ref      ] GC(4978) Phantom: 184 encountered, 98 discovered, 0 enqueued
[2024-07-25T19:05:24.553+0800][92.922s][gc,reloc    ] GC(4978) Small Pages: 4 / 8M, Empty: 2M, Relocated: 0M, In-Place: 0
[2024-07-25T19:05:24.553+0800][92.922s][gc,reloc    ] GC(4978) Large Pages: 4 / 8M, Empty: 4M, Relocated: 0M, In-Place: 0
[2024-07-25T19:05:24.553+0800][92.922s][gc,reloc    ] GC(4978) Forwarding Usage: 0M
[2024-07-25T19:05:24.553+0800][92.922s][gc,heap     ] GC(4978) Min Capacity: 8M(50%)
[2024-07-25T19:05:24.553+0800][92.922s][gc,heap     ] GC(4978) Max Capacity: 16M(100%)
[2024-07-25T19:05:24.553+0800][92.922s][gc,heap     ] GC(4978) Soft Max Capacity: 16M(100%)
[2024-07-25T19:05:24.553+0800][92.922s][gc,heap     ] GC(4978)                Mark Start          Mark End        Relocate Start      Relocate End           High               Low         
[2024-07-25T19:05:24.553+0800][92.922s][gc,heap     ] GC(4978)  Capacity:       16M (100%)         16M (100%)         16M (100%)         16M (100%)         16M (100%)         16M (100%)   
[2024-07-25T19:05:24.553+0800][92.922s][gc,heap     ] GC(4978)      Free:        0M (0%)            0M (0%)            2M (12%)           2M (12%)           6M (38%)           0M (0%)     
[2024-07-25T19:05:24.553+0800][92.922s][gc,heap     ] GC(4978)      Used:       16M (100%)         16M (100%)         14M (88%)          14M (88%)          16M (100%)         10M (62%)    
[2024-07-25T19:05:24.553+0800][92.922s][gc,heap     ] GC(4978)      Live:         -                 8M (54%)           8M (54%)           8M (54%)            -                  -          
[2024-07-25T19:05:24.553+0800][92.922s][gc,heap     ] GC(4978) Allocated:         -                 0M (0%)            4M (25%)           4M (25%)            -                  -          
[2024-07-25T19:05:24.553+0800][92.922s][gc,heap     ] GC(4978)   Garbage:         -                 7M (46%)           1M (8%)            1M (8%)             -                  -          
[2024-07-25T19:05:24.553+0800][92.922s][gc,heap     ] GC(4978) Reclaimed:         -                  -                 6M (38%)           6M (38%)            -                  -          
[2024-07-25T19:05:24.553+0800][92.922s][gc          ] GC(4978) Garbage Collection (Allocation Stall) 16M(100%)->14M(88%)
[2024-07-25T19:05:24.556+0800][92.925s][gc,start    ] GC(4979) Garbage Collection (Allocation Stall)
[2024-07-25T19:05:24.556+0800][92.925s][gc,ref      ] GC(4979) Clearing All SoftReferences
[2024-07-25T19:05:24.556+0800][92.925s][gc,task     ] GC(4979) Using 1 workers
[2024-07-25T19:05:24.556+0800][92.925s][gc,phases   ] GC(4979) Pause Mark Start 0.010ms
[2024-07-25T19:05:24.564+0800][92.934s][gc,phases   ] GC(4979) Concurrent Mark 8.068ms
[2024-07-25T19:05:24.564+0800][92.934s][gc,phases   ] GC(4979) Pause Mark End 0.011ms
[2024-07-25T19:05:24.564+0800][92.934s][gc,phases   ] GC(4979) Concurrent Mark Free 0.001ms
[2024-07-25T19:05:24.567+0800][92.936s][gc,phases   ] GC(4979) Concurrent Process Non-Strong References 2.429ms
[2024-07-25T19:05:24.567+0800][92.936s][gc,phases   ] GC(4979) Concurrent Reset Relocation Set 0.001ms
[2024-07-25T19:05:24.571+0800][92.940s][gc          ] Allocation Stall (main) 15.072ms
[2024-07-25T19:05:24.571+0800][92.940s][gc,phases   ] GC(4979) Concurrent Select Relocation Set 3.524ms
[2024-07-25T19:05:24.571+0800][92.940s][gc,phases   ] GC(4979) Pause Relocate Start 0.010ms
[2024-07-25T19:05:24.571+0800][92.940s][gc,phases   ] GC(4979) Concurrent Relocate 0.064ms
[2024-07-25T19:05:24.571+0800][92.941s][gc,load     ] GC(4979) Load: 0.00/0.00/0.00
[2024-07-25T19:05:24.571+0800][92.941s][gc,mmu      ] GC(4979) MMU: 2ms/88.2%, 5ms/95.3%, 10ms/97.6%, 20ms/98.8%, 50ms/99.4%, 100ms/99.6%
[2024-07-25T19:05:24.571+0800][92.941s][gc,marking  ] GC(4979) Mark: 1 stripe(s), 1 proactive flush(es), 1 terminate flush(es), 0 completion(s), 0 continuation(s) 
[2024-07-25T19:05:24.571+0800][92.941s][gc,marking  ] GC(4979) Mark Stack Usage: 32M
[2024-07-25T19:05:24.571+0800][92.941s][gc,nmethod  ] GC(4979) NMethods: 535 registered, 0 unregistered
[2024-07-25T19:05:24.571+0800][92.941s][gc,metaspace] GC(4979) Metaspace: 1M used, 1M committed, 1088M reserved
[2024-07-25T19:05:24.571+0800][92.941s][gc,ref      ] GC(4979) Soft: 46 encountered, 25 discovered, 0 enqueued
[2024-07-25T19:05:24.571+0800][92.941s][gc,ref      ] GC(4979) Weak: 131 encountered, 107 discovered, 0 enqueued
[2024-07-25T19:05:24.571+0800][92.941s][gc,ref      ] GC(4979) Final: 0 encountered, 0 discovered, 0 enqueued
[2024-07-25T19:05:24.571+0800][92.941s][gc,ref      ] GC(4979) Phantom: 184 encountered, 98 discovered, 0 enqueued
[2024-07-25T19:05:24.571+0800][92.941s][gc,reloc    ] GC(4979) Small Pages: 4 / 8M, Empty: 2M, Relocated: 0M, In-Place: 0
[2024-07-25T19:05:24.571+0800][92.941s][gc,reloc    ] GC(4979) Large Pages: 4 / 8M, Empty: 4M, Relocated: 0M, In-Place: 0
[2024-07-25T19:05:24.571+0800][92.941s][gc,reloc    ] GC(4979) Forwarding Usage: 0M
[2024-07-25T19:05:24.571+0800][92.941s][gc,heap     ] GC(4979) Min Capacity: 8M(50%)
[2024-07-25T19:05:24.571+0800][92.941s][gc,heap     ] GC(4979) Max Capacity: 16M(100%)
[2024-07-25T19:05:24.571+0800][92.941s][gc,heap     ] GC(4979) Soft Max Capacity: 16M(100%)
[2024-07-25T19:05:24.571+0800][92.941s][gc,heap     ] GC(4979)                Mark Start          Mark End        Relocate Start      Relocate End           High               Low         
[2024-07-25T19:05:24.571+0800][92.941s][gc,heap     ] GC(4979)  Capacity:       16M (100%)         16M (100%)         16M (100%)         16M (100%)         16M (100%)         16M (100%)   
[2024-07-25T19:05:24.571+0800][92.941s][gc,heap     ] GC(4979)      Free:        0M (0%)            0M (0%)            2M (12%)           2M (12%)           6M (38%)           0M (0%)     
[2024-07-25T19:05:24.571+0800][92.941s][gc,heap     ] GC(4979)      Used:       16M (100%)         16M (100%)         14M (88%)          14M (88%)          16M (100%)         10M (62%)    
[2024-07-25T19:05:24.571+0800][92.941s][gc,heap     ] GC(4979)      Live:         -                 8M (54%)           8M (54%)           8M (54%)            -                  -          
[2024-07-25T19:05:24.571+0800][92.941s][gc,heap     ] GC(4979) Allocated:         -                 0M (0%)            4M (25%)           4M (25%)            -                  -          
[2024-07-25T19:05:24.572+0800][92.941s][gc,heap     ] GC(4979)   Garbage:         -                 7M (46%)           1M (8%)            1M (8%)             -                  -          
[2024-07-25T19:05:24.572+0800][92.941s][gc,heap     ] GC(4979) Reclaimed:         -                  -                 6M (38%)           6M (38%)            -                  -          
[2024-07-25T19:05:24.572+0800][92.941s][gc          ] GC(4979) Garbage Collection (Allocation Stall) 16M(100%)->14M(88%)
[2024-07-25T19:05:24.578+0800][92.947s][gc,start    ] GC(4980) Garbage Collection (Allocation Stall)
[2024-07-25T19:05:24.578+0800][92.947s][gc,ref      ] GC(4980) Clearing All SoftReferences
[2024-07-25T19:05:24.578+0800][92.947s][gc,task     ] GC(4980) Using 1 workers
[2024-07-25T19:05:24.578+0800][92.947s][gc,phases   ] GC(4980) Pause Mark Start 0.011ms
[2024-07-25T19:05:24.585+0800][92.955s][gc,phases   ] GC(4980) Concurrent Mark 7.528ms
[2024-07-25T19:05:24.585+0800][92.955s][gc,phases   ] GC(4980) Pause Mark End 0.012ms
[2024-07-25T19:05:24.585+0800][92.955s][gc,phases   ] GC(4980) Concurrent Mark Free 0.001ms
[2024-07-25T19:05:24.587+0800][92.957s][gc,phases   ] GC(4980) Concurrent Process Non-Strong References 2.119ms
[2024-07-25T19:05:24.588+0800][92.957s][gc,phases   ] GC(4980) Concurrent Reset Relocation Set 0.001ms
[2024-07-25T19:05:24.591+0800][92.961s][gc          ] Allocation Stall (main) 14.422ms
[2024-07-25T19:05:24.591+0800][92.961s][gc,phases   ] GC(4980) Concurrent Select Relocation Set 3.704ms
[2024-07-25T19:05:24.592+0800][92.961s][gc,phases   ] GC(4980) Pause Relocate Start 0.012ms
[2024-07-25T19:05:24.592+0800][92.962s][gc,phases   ] GC(4980) Concurrent Relocate 0.115ms
[2024-07-25T19:05:24.592+0800][92.962s][gc,load     ] GC(4980) Load: 0.00/0.00/0.00
[2024-07-25T19:05:24.592+0800][92.962s][gc,mmu      ] GC(4980) MMU: 2ms/88.2%, 5ms/95.3%, 10ms/97.6%, 20ms/98.8%, 50ms/99.4%, 100ms/99.6%
[2024-07-25T19:05:24.592+0800][92.962s][gc,marking  ] GC(4980) Mark: 1 stripe(s), 1 proactive flush(es), 1 terminate flush(es), 0 completion(s), 0 continuation(s) 
[2024-07-25T19:05:24.592+0800][92.962s][gc,marking  ] GC(4980) Mark Stack Usage: 32M
[2024-07-25T19:05:24.592+0800][92.962s][gc,nmethod  ] GC(4980) NMethods: 535 registered, 0 unregistered
[2024-07-25T19:05:24.592+0800][92.962s][gc,metaspace] GC(4980) Metaspace: 1M used, 1M committed, 1088M reserved
[2024-07-25T19:05:24.592+0800][92.962s][gc,ref      ] GC(4980) Soft: 46 encountered, 25 discovered, 0 enqueued
[2024-07-25T19:05:24.592+0800][92.962s][gc,ref      ] GC(4980) Weak: 131 encountered, 107 discovered, 0 enqueued
[2024-07-25T19:05:24.592+0800][92.962s][gc,ref      ] GC(4980) Final: 0 encountered, 0 discovered, 0 enqueued
[2024-07-25T19:05:24.592+0800][92.962s][gc,ref      ] GC(4980) Phantom: 184 encountered, 98 discovered, 0 enqueued
[2024-07-25T19:05:24.592+0800][92.962s][gc,reloc    ] GC(4980) Small Pages: 4 / 8M, Empty: 2M, Relocated: 0M, In-Place: 0
[2024-07-25T19:05:24.592+0800][92.962s][gc,reloc    ] GC(4980) Large Pages: 4 / 8M, Empty: 4M, Relocated: 0M, In-Place: 0
[2024-07-25T19:05:24.592+0800][92.962s][gc,reloc    ] GC(4980) Forwarding Usage: 0M
[2024-07-25T19:05:24.592+0800][92.962s][gc,heap     ] GC(4980) Min Capacity: 8M(50%)
[2024-07-25T19:05:24.592+0800][92.962s][gc,heap     ] GC(4980) Max Capacity: 16M(100%)
[2024-07-25T19:05:24.592+0800][92.962s][gc,heap     ] GC(4980) Soft Max Capacity: 16M(100%)
[2024-07-25T19:05:24.592+0800][92.962s][gc,heap     ] GC(4980)                Mark Start          Mark End        Relocate Start      Relocate End           High               Low         
[2024-07-25T19:05:24.593+0800][92.962s][gc,heap     ] GC(4980)  Capacity:       16M (100%)         16M (100%)         16M (100%)         16M (100%)         16M (100%)         16M (100%)   
[2024-07-25T19:05:24.593+0800][92.962s][gc,heap     ] GC(4980)      Free:        0M (0%)            0M (0%)            2M (12%)           2M (12%)           6M (38%)           0M (0%)     
[2024-07-25T19:05:24.593+0800][92.962s][gc,heap     ] GC(4980)      Used:       16M (100%)         16M (100%)         14M (88%)          14M (88%)          16M (100%)         10M (62%)    
[2024-07-25T19:05:24.593+0800][92.962s][gc,heap     ] GC(4980)      Live:         -                 8M (54%)           8M (54%)           8M (54%)            -                  -          
[2024-07-25T19:05:24.593+0800][92.963s][gc,heap     ] GC(4980) Allocated:         -                 0M (0%)            4M (25%)           4M (25%)            -                  -          
[2024-07-25T19:05:24.593+0800][92.963s][gc,heap     ] GC(4980)   Garbage:         -                 7M (46%)           1M (8%)            1M (8%)             -                  -          
[2024-07-25T19:05:24.593+0800][92.963s][gc,heap     ] GC(4980) Reclaimed:         -                  -                 6M (38%)           6M (38%)            -                  -          
[2024-07-25T19:05:24.593+0800][92.963s][gc          ] GC(4980) Garbage Collection (Allocation Stall) 16M(100%)->14M(88%)
[2024-07-25T19:05:24.597+0800][92.966s][gc,start    ] GC(4981) Garbage Collection (Allocation Stall)
[2024-07-25T19:05:24.597+0800][92.966s][gc,ref      ] GC(4981) Clearing All SoftReferences
[2024-07-25T19:05:24.597+0800][92.966s][gc,task     ] GC(4981) Using 1 workers
[2024-07-25T19:05:24.597+0800][92.966s][gc,phases   ] GC(4981) Pause Mark Start 0.010ms
[2024-07-25T19:05:24.604+0800][92.974s][gc,phases   ] GC(4981) Concurrent Mark 7.468ms
[2024-07-25T19:05:24.604+0800][92.974s][gc,phases   ] GC(4981) Pause Mark End 0.014ms
[2024-07-25T19:05:24.604+0800][92.974s][gc,phases   ] GC(4981) Concurrent Mark Free 0.001ms
[2024-07-25T19:05:24.606+0800][92.976s][gc,phases   ] GC(4981) Concurrent Process Non-Strong References 2.164ms
[2024-07-25T19:05:24.607+0800][92.976s][gc,phases   ] GC(4981) Concurrent Reset Relocation Set 0.001ms
[2024-07-25T19:05:24.610+0800][92.980s][gc          ] Allocation Stall (main) 14.106ms
[2024-07-25T19:05:24.610+0800][92.980s][gc,phases   ] GC(4981) Concurrent Select Relocation Set 3.422ms
[2024-07-25T19:05:24.610+0800][92.980s][gc,phases   ] GC(4981) Pause Relocate Start 0.010ms
[2024-07-25T19:05:24.611+0800][92.980s][gc,phases   ] GC(4981) Concurrent Relocate 0.120ms
[2024-07-25T19:05:24.611+0800][92.980s][gc,load     ] GC(4981) Load: 0.00/0.00/0.00
[2024-07-25T19:05:24.611+0800][92.980s][gc,mmu      ] GC(4981) MMU: 2ms/88.2%, 5ms/95.3%, 10ms/97.6%, 20ms/98.8%, 50ms/99.4%, 100ms/99.6%
[2024-07-25T19:05:24.611+0800][92.980s][gc,marking  ] GC(4981) Mark: 1 stripe(s), 1 proactive flush(es), 1 terminate flush(es), 0 completion(s), 0 continuation(s) 
[2024-07-25T19:05:24.611+0800][92.980s][gc,marking  ] GC(4981) Mark Stack Usage: 32M
[2024-07-25T19:05:24.611+0800][92.981s][gc,nmethod  ] GC(4981) NMethods: 535 registered, 0 unregistered
[2024-07-25T19:05:24.611+0800][92.981s][gc,metaspace] GC(4981) Metaspace: 1M used, 1M committed, 1088M reserved
[2024-07-25T19:05:24.611+0800][92.981s][gc,ref      ] GC(4981) Soft: 46 encountered, 25 discovered, 0 enqueued
[2024-07-25T19:05:24.611+0800][92.981s][gc,ref      ] GC(4981) Weak: 131 encountered, 107 discovered, 0 enqueued
[2024-07-25T19:05:24.611+0800][92.981s][gc,ref      ] GC(4981) Final: 0 encountered, 0 discovered, 0 enqueued
[2024-07-25T19:05:24.611+0800][92.981s][gc,ref      ] GC(4981) Phantom: 184 encountered, 98 discovered, 0 enqueued
[2024-07-25T19:05:24.611+0800][92.981s][gc,reloc    ] GC(4981) Small Pages: 4 / 8M, Empty: 2M, Relocated: 0M, In-Place: 0
[2024-07-25T19:05:24.611+0800][92.981s][gc,reloc    ] GC(4981) Large Pages: 4 / 8M, Empty: 4M, Relocated: 0M, In-Place: 0
[2024-07-25T19:05:24.611+0800][92.981s][gc,reloc    ] GC(4981) Forwarding Usage: 0M
[2024-07-25T19:05:24.611+0800][92.981s][gc,heap     ] GC(4981) Min Capacity: 8M(50%)
[2024-07-25T19:05:24.611+0800][92.981s][gc,heap     ] GC(4981) Max Capacity: 16M(100%)
[2024-07-25T19:05:24.611+0800][92.981s][gc,heap     ] GC(4981) Soft Max Capacity: 16M(100%)
[2024-07-25T19:05:24.611+0800][92.981s][gc,heap     ] GC(4981)                Mark Start          Mark End        Relocate Start      Relocate End           High               Low         
[2024-07-25T19:05:24.611+0800][92.981s][gc,heap     ] GC(4981)  Capacity:       16M (100%)         16M (100%)         16M (100%)         16M (100%)         16M (100%)         16M (100%)   
[2024-07-25T19:05:24.611+0800][92.981s][gc,heap     ] GC(4981)      Free:        0M (0%)            0M (0%)            2M (12%)           2M (12%)           6M (38%)           0M (0%)     
[2024-07-25T19:05:24.611+0800][92.981s][gc,heap     ] GC(4981)      Used:       16M (100%)         16M (100%)         14M (88%)          14M (88%)          16M (100%)         10M (62%)    
[2024-07-25T19:05:24.611+0800][92.981s][gc,heap     ] GC(4981)      Live:         -                 8M (54%)           8M (54%)           8M (54%)            -                  -          
[2024-07-25T19:05:24.611+0800][92.981s][gc,heap     ] GC(4981) Allocated:         -                 0M (0%)            4M (25%)           4M (25%)            -                  -          
[2024-07-25T19:05:24.611+0800][92.981s][gc,heap     ] GC(4981)   Garbage:         -                 7M (46%)           1M (8%)            1M (8%)             -                  -          
[2024-07-25T19:05:24.611+0800][92.981s][gc,heap     ] GC(4981) Reclaimed:         -                  -                 6M (38%)           6M (38%)            -                  -          
[2024-07-25T19:05:24.612+0800][92.981s][gc          ] GC(4981) Garbage Collection (Allocation Stall) 16M(100%)->14M(88%)
[2024-07-25T19:05:24.614+0800][92.983s][gc,start    ] GC(4982) Garbage Collection (Allocation Stall)
[2024-07-25T19:05:24.614+0800][92.983s][gc,ref      ] GC(4982) Clearing All SoftReferences
[2024-07-25T19:05:24.614+0800][92.983s][gc,task     ] GC(4982) Using 1 workers
[2024-07-25T19:05:24.614+0800][92.983s][gc,phases   ] GC(4982) Pause Mark Start 0.009ms
[2024-07-25T19:05:24.622+0800][92.991s][gc,phases   ] GC(4982) Concurrent Mark 7.621ms
[2024-07-25T19:05:24.622+0800][92.991s][gc,phases   ] GC(4982) Pause Mark End 0.022ms
[2024-07-25T19:05:24.622+0800][92.991s][gc,phases   ] GC(4982) Concurrent Mark Free 0.002ms
[2024-07-25T19:05:24.624+0800][92.994s][gc,phases   ] GC(4982) Concurrent Process Non-Strong References 2.236ms
[2024-07-25T19:05:24.625+0800][92.994s][gc,phases   ] GC(4982) Concurrent Reset Relocation Set 0.001ms
[2024-07-25T19:05:24.628+0800][92.997s][gc          ] Allocation Stall (main) 14.489ms
[2024-07-25T19:05:24.628+0800][92.997s][gc,phases   ] GC(4982) Concurrent Select Relocation Set 3.602ms
[2024-07-25T19:05:24.628+0800][92.998s][gc,phases   ] GC(4982) Pause Relocate Start 0.011ms
[2024-07-25T19:05:24.629+0800][92.998s][gc,phases   ] GC(4982) Concurrent Relocate 0.065ms
[2024-07-25T19:05:24.629+0800][92.998s][gc,load     ] GC(4982) Load: 0.00/0.00/0.00
[2024-07-25T19:05:24.629+0800][92.998s][gc,mmu      ] GC(4982) MMU: 2ms/88.2%, 5ms/95.3%, 10ms/97.6%, 20ms/98.8%, 50ms/99.4%, 100ms/99.6%
[2024-07-25T19:05:24.629+0800][92.998s][gc,marking  ] GC(4982) Mark: 1 stripe(s), 1 proactive flush(es), 1 terminate flush(es), 0 completion(s), 0 continuation(s) 
[2024-07-25T19:05:24.629+0800][92.998s][gc,marking  ] GC(4982) Mark Stack Usage: 32M
[2024-07-25T19:05:24.629+0800][92.998s][gc,nmethod  ] GC(4982) NMethods: 535 registered, 0 unregistered
[2024-07-25T19:05:24.629+0800][92.998s][gc,metaspace] GC(4982) Metaspace: 1M used, 1M committed, 1088M reserved
[2024-07-25T19:05:24.629+0800][92.998s][gc,ref      ] GC(4982) Soft: 46 encountered, 25 discovered, 0 enqueued
[2024-07-25T19:05:24.629+0800][92.998s][gc,ref      ] GC(4982) Weak: 131 encountered, 107 discovered, 0 enqueued
[2024-07-25T19:05:24.629+0800][92.998s][gc,ref      ] GC(4982) Final: 0 encountered, 0 discovered, 0 enqueued
[2024-07-25T19:05:24.629+0800][92.998s][gc,ref      ] GC(4982) Phantom: 184 encountered, 98 discovered, 0 enqueued
[2024-07-25T19:05:24.629+0800][92.998s][gc,reloc    ] GC(4982) Small Pages: 4 / 8M, Empty: 2M, Relocated: 0M, In-Place: 0
[2024-07-25T19:05:24.629+0800][92.998s][gc,reloc    ] GC(4982) Large Pages: 4 / 8M, Empty: 4M, Relocated: 0M, In-Place: 0
[2024-07-25T19:05:24.629+0800][92.998s][gc,reloc    ] GC(4982) Forwarding Usage: 0M
[2024-07-25T19:05:24.629+0800][92.998s][gc,heap     ] GC(4982) Min Capacity: 8M(50%)
[2024-07-25T19:05:24.629+0800][92.998s][gc,heap     ] GC(4982) Max Capacity: 16M(100%)
[2024-07-25T19:05:24.629+0800][92.998s][gc,heap     ] GC(4982) Soft Max Capacity: 16M(100%)
[2024-07-25T19:05:24.629+0800][92.998s][gc,heap     ] GC(4982)                Mark Start          Mark End        Relocate Start      Relocate End           High               Low         
[2024-07-25T19:05:24.629+0800][92.999s][gc,heap     ] GC(4982)  Capacity:       16M (100%)         16M (100%)         16M (100%)         16M (100%)         16M (100%)         16M (100%)   
[2024-07-25T19:05:24.629+0800][92.999s][gc,heap     ] GC(4982)      Free:        0M (0%)            0M (0%)            4M (25%)           4M (25%)           6M (38%)           0M (0%)     
[2024-07-25T19:05:24.629+0800][92.999s][gc,heap     ] GC(4982)      Used:       16M (100%)         16M (100%)         12M (75%)          12M (75%)          16M (100%)         10M (62%)    
[2024-07-25T19:05:24.630+0800][92.999s][gc,heap     ] GC(4982)      Live:         -                 8M (54%)           8M (54%)           8M (54%)            -                  -          
[2024-07-25T19:05:24.630+0800][92.999s][gc,heap     ] GC(4982) Allocated:         -                 0M (0%)            2M (12%)           2M (12%)            -                  -          
[2024-07-25T19:05:24.630+0800][92.999s][gc,heap     ] GC(4982)   Garbage:         -                 7M (46%)           1M (8%)            1M (8%)             -                  -          
[2024-07-25T19:05:24.630+0800][92.999s][gc,heap     ] GC(4982) Reclaimed:         -                  -                 6M (38%)           6M (38%)            -                  -          
[2024-07-25T19:05:24.630+0800][92.999s][gc          ] GC(4982) Garbage Collection (Allocation Stall) 16M(100%)->12M(75%)
[2024-07-25T19:05:24.635+0800][93.004s][gc,start    ] GC(4983) Garbage Collection (Allocation Stall)
[2024-07-25T19:05:24.635+0800][93.004s][gc,ref      ] GC(4983) Clearing All SoftReferences
[2024-07-25T19:05:24.635+0800][93.004s][gc,task     ] GC(4983) Using 1 workers
[2024-07-25T19:05:24.635+0800][93.004s][gc,phases   ] GC(4983) Pause Mark Start 0.011ms
[2024-07-25T19:05:24.644+0800][93.013s][gc,phases   ] GC(4983) Concurrent Mark 8.770ms
[2024-07-25T19:05:24.644+0800][93.013s][gc,phases   ] GC(4983) Pause Mark End 0.015ms
[2024-07-25T19:05:24.644+0800][93.013s][gc,phases   ] GC(4983) Concurrent Mark Free 0.001ms
[2024-07-25T19:05:24.647+0800][93.016s][gc,phases   ] GC(4983) Concurrent Process Non-Strong References 2.225ms
[2024-07-25T19:05:24.647+0800][93.016s][gc,phases   ] GC(4983) Concurrent Reset Relocation Set 0.001ms
[2024-07-25T19:05:24.651+0800][93.020s][gc          ] Allocation Stall (main) 16.092ms
[2024-07-25T19:05:24.651+0800][93.020s][gc,phases   ] GC(4983) Concurrent Select Relocation Set 4.128ms
[2024-07-25T19:05:24.651+0800][93.020s][gc,phases   ] GC(4983) Pause Relocate Start 0.027ms
[2024-07-25T19:05:24.652+0800][93.021s][gc,phases   ] GC(4983) Concurrent Relocate 0.130ms
[2024-07-25T19:05:24.652+0800][93.021s][gc,load     ] GC(4983) Load: 0.00/0.00/0.00
[2024-07-25T19:05:24.652+0800][93.021s][gc,mmu      ] GC(4983) MMU: 2ms/88.2%, 5ms/95.3%, 10ms/97.6%, 20ms/98.8%, 50ms/99.4%, 100ms/99.6%
[2024-07-25T19:05:24.652+0800][93.021s][gc,marking  ] GC(4983) Mark: 1 stripe(s), 1 proactive flush(es), 1 terminate flush(es), 0 completion(s), 0 continuation(s) 
[2024-07-25T19:05:24.652+0800][93.021s][gc,marking  ] GC(4983) Mark Stack Usage: 32M
[2024-07-25T19:05:24.652+0800][93.021s][gc,nmethod  ] GC(4983) NMethods: 535 registered, 0 unregistered
[2024-07-25T19:05:24.652+0800][93.021s][gc,metaspace] GC(4983) Metaspace: 1M used, 1M committed, 1088M reserved
[2024-07-25T19:05:24.652+0800][93.021s][gc,ref      ] GC(4983) Soft: 46 encountered, 25 discovered, 0 enqueued
[2024-07-25T19:05:24.652+0800][93.021s][gc,ref      ] GC(4983) Weak: 131 encountered, 107 discovered, 0 enqueued
[2024-07-25T19:05:24.652+0800][93.021s][gc,ref      ] GC(4983) Final: 0 encountered, 0 discovered, 0 enqueued
[2024-07-25T19:05:24.652+0800][93.021s][gc,ref      ] GC(4983) Phantom: 184 encountered, 98 discovered, 0 enqueued
[2024-07-25T19:05:24.652+0800][93.021s][gc,reloc    ] GC(4983) Small Pages: 4 / 8M, Empty: 2M, Relocated: 0M, In-Place: 0
[2024-07-25T19:05:24.652+0800][93.021s][gc,reloc    ] GC(4983) Large Pages: 4 / 8M, Empty: 4M, Relocated: 0M, In-Place: 0
[2024-07-25T19:05:24.652+0800][93.021s][gc,reloc    ] GC(4983) Forwarding Usage: 0M
[2024-07-25T19:05:24.652+0800][93.021s][gc,heap     ] GC(4983) Min Capacity: 8M(50%)
[2024-07-25T19:05:24.652+0800][93.021s][gc,heap     ] GC(4983) Max Capacity: 16M(100%)
[2024-07-25T19:05:24.652+0800][93.022s][gc,heap     ] GC(4983) Soft Max Capacity: 16M(100%)
[2024-07-25T19:05:24.652+0800][93.022s][gc,heap     ] GC(4983)                Mark Start          Mark End        Relocate Start      Relocate End           High               Low         
[2024-07-25T19:05:24.652+0800][93.022s][gc,heap     ] GC(4983)  Capacity:       16M (100%)         16M (100%)         16M (100%)         16M (100%)         16M (100%)         16M (100%)   
[2024-07-25T19:05:24.653+0800][93.022s][gc,heap     ] GC(4983)      Free:        0M (0%)            0M (0%)            2M (12%)           2M (12%)           6M (38%)           0M (0%)     
[2024-07-25T19:05:24.653+0800][93.022s][gc,heap     ] GC(4983)      Used:       16M (100%)         16M (100%)         14M (88%)          14M (88%)          16M (100%)         10M (62%)    
[2024-07-25T19:05:24.653+0800][93.022s][gc,heap     ] GC(4983)      Live:         -                 8M (54%)           8M (54%)           8M (54%)            -                  -          
[2024-07-25T19:05:24.653+0800][93.022s][gc,heap     ] GC(4983) Allocated:         -                 0M (0%)            4M (25%)           4M (25%)            -                  -          
[2024-07-25T19:05:24.653+0800][93.022s][gc,heap     ] GC(4983)   Garbage:         -                 7M (46%)           1M (8%)            1M (8%)             -                  -          
[2024-07-25T19:05:24.653+0800][93.022s][gc,heap     ] GC(4983) Reclaimed:         -                  -                 6M (38%)           6M (38%)            -                  -          
[2024-07-25T19:05:24.653+0800][93.022s][gc          ] GC(4983) Garbage Collection (Allocation Stall) 16M(100%)->14M(88%)
[2024-07-25T19:05:24.655+0800][93.025s][gc,start    ] GC(4984) Garbage Collection (Allocation Stall)
[2024-07-25T19:05:24.656+0800][93.025s][gc,ref      ] GC(4984) Clearing All SoftReferences
[2024-07-25T19:05:24.656+0800][93.025s][gc,task     ] GC(4984) Using 1 workers
[2024-07-25T19:05:24.656+0800][93.025s][gc,phases   ] GC(4984) Pause Mark Start 0.012ms
[2024-07-25T19:05:24.664+0800][93.033s][gc,phases   ] GC(4984) Concurrent Mark 8.283ms
[2024-07-25T19:05:24.664+0800][93.034s][gc,phases   ] GC(4984) Pause Mark End 0.015ms
[2024-07-25T19:05:24.664+0800][93.034s][gc,phases   ] GC(4984) Concurrent Mark Free 0.002ms
[2024-07-25T19:05:24.667+0800][93.036s][gc,phases   ] GC(4984) Concurrent Process Non-Strong References 2.337ms
[2024-07-25T19:05:24.667+0800][93.036s][gc,phases   ] GC(4984) Concurrent Reset Relocation Set 0.003ms
[2024-07-25T19:05:24.671+0800][93.041s][gc          ] Allocation Stall (main) 16.054ms
[2024-07-25T19:05:24.671+0800][93.041s][gc,phases   ] GC(4984) Concurrent Select Relocation Set 4.250ms
[2024-07-25T19:05:24.671+0800][93.041s][gc,phases   ] GC(4984) Pause Relocate Start 0.016ms
[2024-07-25T19:05:24.671+0800][93.041s][gc,phases   ] GC(4984) Concurrent Relocate 0.120ms
[2024-07-25T19:05:24.672+0800][93.041s][gc,load     ] GC(4984) Load: 0.00/0.00/0.00
[2024-07-25T19:05:24.672+0800][93.041s][gc,mmu      ] GC(4984) MMU: 2ms/88.2%, 5ms/95.3%, 10ms/97.6%, 20ms/98.8%, 50ms/99.4%, 100ms/99.6%
[2024-07-25T19:05:24.672+0800][93.042s][gc,marking  ] GC(4984) Mark: 1 stripe(s), 1 proactive flush(es), 1 terminate flush(es), 0 completion(s), 0 continuation(s) 
[2024-07-25T19:05:24.672+0800][93.042s][gc,marking  ] GC(4984) Mark Stack Usage: 32M
[2024-07-25T19:05:24.672+0800][93.042s][gc,nmethod  ] GC(4984) NMethods: 535 registered, 0 unregistered
[2024-07-25T19:05:24.672+0800][93.042s][gc,metaspace] GC(4984) Metaspace: 1M used, 1M committed, 1088M reserved
[2024-07-25T19:05:24.672+0800][93.042s][gc,ref      ] GC(4984) Soft: 46 encountered, 25 discovered, 0 enqueued
[2024-07-25T19:05:24.672+0800][93.042s][gc,ref      ] GC(4984) Weak: 131 encountered, 107 discovered, 0 enqueued
[2024-07-25T19:05:24.672+0800][93.042s][gc,ref      ] GC(4984) Final: 0 encountered, 0 discovered, 0 enqueued
[2024-07-25T19:05:24.672+0800][93.042s][gc,ref      ] GC(4984) Phantom: 184 encountered, 98 discovered, 0 enqueued
[2024-07-25T19:05:24.672+0800][93.042s][gc,reloc    ] GC(4984) Small Pages: 4 / 8M, Empty: 2M, Relocated: 0M, In-Place: 0
[2024-07-25T19:05:24.672+0800][93.042s][gc,reloc    ] GC(4984) Large Pages: 4 / 8M, Empty: 4M, Relocated: 0M, In-Place: 0
[2024-07-25T19:05:24.672+0800][93.042s][gc,reloc    ] GC(4984) Forwarding Usage: 0M
[2024-07-25T19:05:24.672+0800][93.042s][gc,heap     ] GC(4984) Min Capacity: 8M(50%)
[2024-07-25T19:05:24.672+0800][93.042s][gc,heap     ] GC(4984) Max Capacity: 16M(100%)
[2024-07-25T19:05:24.672+0800][93.042s][gc,heap     ] GC(4984) Soft Max Capacity: 16M(100%)
[2024-07-25T19:05:24.672+0800][93.042s][gc,heap     ] GC(4984)                Mark Start          Mark End        Relocate Start      Relocate End           High               Low         
[2024-07-25T19:05:24.672+0800][93.042s][gc,heap     ] GC(4984)  Capacity:       16M (100%)         16M (100%)         16M (100%)         16M (100%)         16M (100%)         16M (100%)   
[2024-07-25T19:05:24.672+0800][93.042s][gc,heap     ] GC(4984)      Free:        0M (0%)            0M (0%)            2M (12%)           2M (12%)           6M (38%)           0M (0%)     
[2024-07-25T19:05:24.672+0800][93.042s][gc,heap     ] GC(4984)      Used:       16M (100%)         16M (100%)         14M (88%)          14M (88%)          16M (100%)         10M (62%)    
[2024-07-25T19:05:24.672+0800][93.042s][gc,heap     ] GC(4984)      Live:         -                 8M (54%)           8M (54%)           8M (54%)            -                  -          
[2024-07-25T19:05:24.672+0800][93.042s][gc,heap     ] GC(4984) Allocated:         -                 0M (0%)            4M (25%)           4M (25%)            -                  -          
[2024-07-25T19:05:24.672+0800][93.042s][gc,heap     ] GC(4984)   Garbage:         -                 7M (46%)           1M (8%)            1M (8%)             -                  -          
[2024-07-25T19:05:24.673+0800][93.042s][gc,heap     ] GC(4984) Reclaimed:         -                  -                 6M (38%)           6M (38%)            -                  -          
[2024-07-25T19:05:24.673+0800][93.042s][gc          ] GC(4984) Garbage Collection (Allocation Stall) 16M(100%)->14M(88%)
[2024-07-25T19:05:24.675+0800][93.044s][gc,start    ] GC(4985) Garbage Collection (Allocation Stall)
[2024-07-25T19:05:24.675+0800][93.044s][gc,ref      ] GC(4985) Clearing All SoftReferences
[2024-07-25T19:05:24.675+0800][93.044s][gc,task     ] GC(4985) Using 1 workers
[2024-07-25T19:05:24.675+0800][93.045s][gc,phases   ] GC(4985) Pause Mark Start 0.016ms
[2024-07-25T19:05:24.683+0800][93.053s][gc,phases   ] GC(4985) Concurrent Mark 8.015ms
[2024-07-25T19:05:24.683+0800][93.053s][gc,phases   ] GC(4985) Pause Mark End 0.023ms
[2024-07-25T19:05:24.683+0800][93.053s][gc,phases   ] GC(4985) Concurrent Mark Free 0.002ms
[2024-07-25T19:05:24.686+0800][93.056s][gc,phases   ] GC(4985) Concurrent Process Non-Strong References 2.269ms
[2024-07-25T19:05:24.686+0800][93.056s][gc,phases   ] GC(4985) Concurrent Reset Relocation Set 0.001ms
[2024-07-25T19:05:24.691+0800][93.060s][gc          ] Allocation Stall (main) 15.660ms
[2024-07-25T19:05:24.691+0800][93.060s][gc,phases   ] GC(4985) Concurrent Select Relocation Set 4.267ms
[2024-07-25T19:05:24.691+0800][93.060s][gc,phases   ] GC(4985) Pause Relocate Start 0.011ms
[2024-07-25T19:05:24.691+0800][93.061s][gc,phases   ] GC(4985) Concurrent Relocate 0.070ms
[2024-07-25T19:05:24.691+0800][93.061s][gc,load     ] GC(4985) Load: 0.00/0.00/0.00
[2024-07-25T19:05:24.691+0800][93.061s][gc,mmu      ] GC(4985) MMU: 2ms/88.2%, 5ms/95.3%, 10ms/97.6%, 20ms/98.8%, 50ms/99.4%, 100ms/99.6%
[2024-07-25T19:05:24.691+0800][93.061s][gc,marking  ] GC(4985) Mark: 1 stripe(s), 1 proactive flush(es), 1 terminate flush(es), 0 completion(s), 0 continuation(s) 
[2024-07-25T19:05:24.691+0800][93.061s][gc,marking  ] GC(4985) Mark Stack Usage: 32M
[2024-07-25T19:05:24.691+0800][93.061s][gc,nmethod  ] GC(4985) NMethods: 535 registered, 0 unregistered
[2024-07-25T19:05:24.691+0800][93.061s][gc,metaspace] GC(4985) Metaspace: 1M used, 1M committed, 1088M reserved
[2024-07-25T19:05:24.691+0800][93.061s][gc,ref      ] GC(4985) Soft: 46 encountered, 25 discovered, 0 enqueued
[2024-07-25T19:05:24.691+0800][93.061s][gc,ref      ] GC(4985) Weak: 131 encountered, 107 discovered, 0 enqueued
[2024-07-25T19:05:24.691+0800][93.061s][gc,ref      ] GC(4985) Final: 0 encountered, 0 discovered, 0 enqueued
[2024-07-25T19:05:24.691+0800][93.061s][gc,ref      ] GC(4985) Phantom: 184 encountered, 98 discovered, 0 enqueued
[2024-07-25T19:05:24.691+0800][93.061s][gc,reloc    ] GC(4985) Small Pages: 4 / 8M, Empty: 2M, Relocated: 0M, In-Place: 0
[2024-07-25T19:05:24.691+0800][93.061s][gc,reloc    ] GC(4985) Large Pages: 4 / 8M, Empty: 4M, Relocated: 0M, In-Place: 0
[2024-07-25T19:05:24.691+0800][93.061s][gc,reloc    ] GC(4985) Forwarding Usage: 0M
[2024-07-25T19:05:24.691+0800][93.061s][gc,heap     ] GC(4985) Min Capacity: 8M(50%)
[2024-07-25T19:05:24.691+0800][93.061s][gc,heap     ] GC(4985) Max Capacity: 16M(100%)
[2024-07-25T19:05:24.691+0800][93.061s][gc,heap     ] GC(4985) Soft Max Capacity: 16M(100%)
[2024-07-25T19:05:24.691+0800][93.061s][gc,heap     ] GC(4985)                Mark Start          Mark End        Relocate Start      Relocate End           High               Low         
[2024-07-25T19:05:24.691+0800][93.061s][gc,heap     ] GC(4985)  Capacity:       16M (100%)         16M (100%)         16M (100%)         16M (100%)         16M (100%)         16M (100%)   
[2024-07-25T19:05:24.691+0800][93.061s][gc,heap     ] GC(4985)      Free:        0M (0%)            0M (0%)            4M (25%)           4M (25%)           6M (38%)           0M (0%)     
[2024-07-25T19:05:24.691+0800][93.061s][gc,heap     ] GC(4985)      Used:       16M (100%)         16M (100%)         12M (75%)          12M (75%)          16M (100%)         10M (62%)    
[2024-07-25T19:05:24.691+0800][93.061s][gc,heap     ] GC(4985)      Live:         -                 8M (54%)           8M (54%)           8M (54%)            -                  -          
[2024-07-25T19:05:24.691+0800][93.061s][gc,heap     ] GC(4985) Allocated:         -                 0M (0%)            2M (12%)           2M (12%)            -                  -          
[2024-07-25T19:05:24.692+0800][93.061s][gc,heap     ] GC(4985)   Garbage:         -                 7M (46%)           1M (8%)            1M (8%)             -                  -          
[2024-07-25T19:05:24.692+0800][93.061s][gc,heap     ] GC(4985) Reclaimed:         -                  -                 6M (38%)           6M (38%)            -                  -          
[2024-07-25T19:05:24.692+0800][93.062s][gc          ] GC(4985) Garbage Collection (Allocation Stall) 16M(100%)->12M(75%)
[2024-07-25T19:05:24.696+0800][93.065s][gc,start    ] GC(4986) Garbage Collection (Allocation Stall)
[2024-07-25T19:05:24.696+0800][93.065s][gc,ref      ] GC(4986) Clearing All SoftReferences
[2024-07-25T19:05:24.696+0800][93.065s][gc,task     ] GC(4986) Using 1 workers
[2024-07-25T19:05:24.696+0800][93.065s][gc,phases   ] GC(4986) Pause Mark Start 0.013ms
[2024-07-25T19:05:24.704+0800][93.073s][gc,phases   ] GC(4986) Concurrent Mark 8.227ms
[2024-07-25T19:05:24.704+0800][93.074s][gc,phases   ] GC(4986) Pause Mark End 0.022ms
[2024-07-25T19:05:24.704+0800][93.074s][gc,phases   ] GC(4986) Concurrent Mark Free 0.002ms
[2024-07-25T19:05:24.707+0800][93.077s][gc,phases   ] GC(4986) Concurrent Process Non-Strong References 2.647ms
[2024-07-25T19:05:24.707+0800][93.077s][gc,phases   ] GC(4986) Concurrent Reset Relocation Set 0.001ms
[2024-07-25T19:05:24.711+0800][93.081s][gc          ] Allocation Stall (main) 16.600ms
[2024-07-25T19:05:24.711+0800][93.081s][gc,phases   ] GC(4986) Concurrent Select Relocation Set 4.583ms
[2024-07-25T19:05:24.712+0800][93.082s][gc,phases   ] GC(4986) Pause Relocate Start 0.011ms
[2024-07-25T19:05:24.712+0800][93.082s][gc,phases   ] GC(4986) Concurrent Relocate 0.125ms
[2024-07-25T19:05:24.712+0800][93.082s][gc,load     ] GC(4986) Load: 0.00/0.00/0.00
[2024-07-25T19:05:24.712+0800][93.082s][gc,mmu      ] GC(4986) MMU: 2ms/88.2%, 5ms/95.3%, 10ms/97.6%, 20ms/98.8%, 50ms/99.4%, 100ms/99.6%
[2024-07-25T19:05:24.712+0800][93.082s][gc,marking  ] GC(4986) Mark: 1 stripe(s), 1 proactive flush(es), 1 terminate flush(es), 0 completion(s), 0 continuation(s) 
[2024-07-25T19:05:24.712+0800][93.082s][gc,marking  ] GC(4986) Mark Stack Usage: 32M
[2024-07-25T19:05:24.712+0800][93.082s][gc,nmethod  ] GC(4986) NMethods: 535 registered, 0 unregistered
[2024-07-25T19:05:24.713+0800][93.082s][gc,metaspace] GC(4986) Metaspace: 1M used, 1M committed, 1088M reserved
[2024-07-25T19:05:24.713+0800][93.082s][gc,ref      ] GC(4986) Soft: 46 encountered, 25 discovered, 0 enqueued
[2024-07-25T19:05:24.713+0800][93.082s][gc,ref      ] GC(4986) Weak: 131 encountered, 107 discovered, 0 enqueued
[2024-07-25T19:05:24.713+0800][93.082s][gc,ref      ] GC(4986) Final: 0 encountered, 0 discovered, 0 enqueued
[2024-07-25T19:05:24.713+0800][93.083s][gc,ref      ] GC(4986) Phantom: 184 encountered, 98 discovered, 0 enqueued
[2024-07-25T19:05:24.713+0800][93.083s][gc,reloc    ] GC(4986) Small Pages: 4 / 8M, Empty: 2M, Relocated: 0M, In-Place: 0
[2024-07-25T19:05:24.713+0800][93.083s][gc,reloc    ] GC(4986) Large Pages: 4 / 8M, Empty: 4M, Relocated: 0M, In-Place: 0
[2024-07-25T19:05:24.713+0800][93.083s][gc,reloc    ] GC(4986) Forwarding Usage: 0M
[2024-07-25T19:05:24.713+0800][93.083s][gc,heap     ] GC(4986) Min Capacity: 8M(50%)
[2024-07-25T19:05:24.713+0800][93.083s][gc,heap     ] GC(4986) Max Capacity: 16M(100%)
[2024-07-25T19:05:24.713+0800][93.083s][gc,heap     ] GC(4986) Soft Max Capacity: 16M(100%)
[2024-07-25T19:05:24.713+0800][93.083s][gc,heap     ] GC(4986)                Mark Start          Mark End        Relocate Start      Relocate End           High               Low         
[2024-07-25T19:05:24.713+0800][93.083s][gc,heap     ] GC(4986)  Capacity:       16M (100%)         16M (100%)         16M (100%)         16M (100%)         16M (100%)         16M (100%)   
[2024-07-25T19:05:24.713+0800][93.083s][gc,heap     ] GC(4986)      Free:        0M (0%)            0M (0%)            4M (25%)           2M (12%)           6M (38%)           0M (0%)     
[2024-07-25T19:05:24.713+0800][93.083s][gc,heap     ] GC(4986)      Used:       16M (100%)         16M (100%)         12M (75%)          14M (88%)          16M (100%)         10M (62%)    
[2024-07-25T19:05:24.713+0800][93.083s][gc,heap     ] GC(4986)      Live:         -                 8M (54%)           8M (54%)           8M (54%)            -                  -          
[2024-07-25T19:05:24.713+0800][93.083s][gc,heap     ] GC(4986) Allocated:         -                 0M (0%)            2M (12%)           4M (25%)            -                  -          
[2024-07-25T19:05:24.713+0800][93.083s][gc,heap     ] GC(4986)   Garbage:         -                 7M (46%)           1M (8%)            1M (8%)             -                  -          
[2024-07-25T19:05:24.713+0800][93.083s][gc,heap     ] GC(4986) Reclaimed:         -                  -                 6M (38%)           6M (38%)            -                  -          
[2024-07-25T19:05:24.713+0800][93.083s][gc          ] GC(4986) Garbage Collection (Allocation Stall) 16M(100%)->14M(88%)
[2024-07-25T19:05:24.717+0800][93.086s][gc,start    ] GC(4987) Garbage Collection (Allocation Stall)
[2024-07-25T19:05:24.717+0800][93.086s][gc,ref      ] GC(4987) Clearing All SoftReferences
[2024-07-25T19:05:24.717+0800][93.086s][gc,task     ] GC(4987) Using 1 workers
[2024-07-25T19:05:24.717+0800][93.086s][gc,phases   ] GC(4987) Pause Mark Start 0.012ms
[2024-07-25T19:05:24.725+0800][93.094s][gc,phases   ] GC(4987) Concurrent Mark 8.355ms
[2024-07-25T19:05:24.726+0800][93.095s][gc,phases   ] GC(4987) Pause Mark End 0.014ms
[2024-07-25T19:05:24.726+0800][93.095s][gc,phases   ] GC(4987) Concurrent Mark Free 0.002ms
[2024-07-25T19:05:24.728+0800][93.097s][gc,phases   ] GC(4987) Concurrent Process Non-Strong References 2.181ms
[2024-07-25T19:05:24.728+0800][93.097s][gc,phases   ] GC(4987) Concurrent Reset Relocation Set 0.001ms
[2024-07-25T19:05:24.731+0800][93.101s][gc          ] Allocation Stall (main) 15.127ms
[2024-07-25T19:05:24.731+0800][93.101s][gc,phases   ] GC(4987) Concurrent Select Relocation Set 3.481ms
[2024-07-25T19:05:24.732+0800][93.101s][gc,phases   ] GC(4987) Pause Relocate Start 0.011ms
[2024-07-25T19:05:24.732+0800][93.101s][gc,phases   ] GC(4987) Concurrent Relocate 0.131ms
[2024-07-25T19:05:24.732+0800][93.101s][gc,load     ] GC(4987) Load: 0.00/0.00/0.00
[2024-07-25T19:05:24.732+0800][93.101s][gc,mmu      ] GC(4987) MMU: 2ms/88.2%, 5ms/95.3%, 10ms/97.6%, 20ms/98.8%, 50ms/99.4%, 100ms/99.6%
[2024-07-25T19:05:24.732+0800][93.101s][gc,marking  ] GC(4987) Mark: 1 stripe(s), 1 proactive flush(es), 1 terminate flush(es), 0 completion(s), 0 continuation(s) 
[2024-07-25T19:05:24.732+0800][93.101s][gc,marking  ] GC(4987) Mark Stack Usage: 32M
[2024-07-25T19:05:24.732+0800][93.102s][gc,nmethod  ] GC(4987) NMethods: 535 registered, 0 unregistered
[2024-07-25T19:05:24.732+0800][93.102s][gc,metaspace] GC(4987) Metaspace: 1M used, 1M committed, 1088M reserved
[2024-07-25T19:05:24.732+0800][93.102s][gc,ref      ] GC(4987) Soft: 46 encountered, 25 discovered, 0 enqueued
[2024-07-25T19:05:24.732+0800][93.102s][gc,ref      ] GC(4987) Weak: 131 encountered, 107 discovered, 0 enqueued
[2024-07-25T19:05:24.732+0800][93.102s][gc,ref      ] GC(4987) Final: 0 encountered, 0 discovered, 0 enqueued
[2024-07-25T19:05:24.732+0800][93.102s][gc,ref      ] GC(4987) Phantom: 184 encountered, 98 discovered, 0 enqueued
[2024-07-25T19:05:24.732+0800][93.102s][gc,reloc    ] GC(4987) Small Pages: 4 / 8M, Empty: 2M, Relocated: 0M, In-Place: 0
[2024-07-25T19:05:24.732+0800][93.102s][gc,reloc    ] GC(4987) Large Pages: 4 / 8M, Empty: 4M, Relocated: 0M, In-Place: 0
[2024-07-25T19:05:24.732+0800][93.102s][gc,reloc    ] GC(4987) Forwarding Usage: 0M
[2024-07-25T19:05:24.732+0800][93.102s][gc,heap     ] GC(4987) Min Capacity: 8M(50%)
[2024-07-25T19:05:24.733+0800][93.102s][gc,heap     ] GC(4987) Max Capacity: 16M(100%)
[2024-07-25T19:05:24.733+0800][93.102s][gc,heap     ] GC(4987) Soft Max Capacity: 16M(100%)
[2024-07-25T19:05:24.733+0800][93.102s][gc,heap     ] GC(4987)                Mark Start          Mark End        Relocate Start      Relocate End           High               Low         
[2024-07-25T19:05:24.733+0800][93.102s][gc,heap     ] GC(4987)  Capacity:       16M (100%)         16M (100%)         16M (100%)         16M (100%)         16M (100%)         16M (100%)   
[2024-07-25T19:05:24.733+0800][93.102s][gc,heap     ] GC(4987)      Free:        0M (0%)            0M (0%)            2M (12%)           2M (12%)           6M (38%)           0M (0%)     
[2024-07-25T19:05:24.733+0800][93.102s][gc,heap     ] GC(4987)      Used:       16M (100%)         16M (100%)         14M (88%)          14M (88%)          16M (100%)         10M (62%)    
[2024-07-25T19:05:24.733+0800][93.102s][gc,heap     ] GC(4987)      Live:         -                 8M (54%)           8M (54%)           8M (54%)            -                  -          
[2024-07-25T19:05:24.733+0800][93.102s][gc,heap     ] GC(4987) Allocated:         -                 0M (0%)            4M (25%)           4M (25%)            -                  -          
[2024-07-25T19:05:24.733+0800][93.102s][gc,heap     ] GC(4987)   Garbage:         -                 7M (46%)           1M (8%)            1M (8%)             -                  -          
[2024-07-25T19:05:24.733+0800][93.102s][gc,heap     ] GC(4987) Reclaimed:         -                  -                 6M (38%)           6M (38%)            -                  -          
[2024-07-25T19:05:24.733+0800][93.102s][gc          ] GC(4987) Garbage Collection (Allocation Stall) 16M(100%)->14M(88%)
[2024-07-25T19:05:24.736+0800][93.105s][gc,start    ] GC(4988) Garbage Collection (Allocation Stall)
[2024-07-25T19:05:24.736+0800][93.105s][gc,ref      ] GC(4988) Clearing All SoftReferences
[2024-07-25T19:05:24.736+0800][93.105s][gc,task     ] GC(4988) Using 1 workers
[2024-07-25T19:05:24.736+0800][93.105s][gc,phases   ] GC(4988) Pause Mark Start 0.010ms
[2024-07-25T19:05:24.747+0800][93.116s][gc,phases   ] GC(4988) Concurrent Mark 10.422ms
[2024-07-25T19:05:24.747+0800][93.116s][gc,phases   ] GC(4988) Pause Mark End 0.015ms
[2024-07-25T19:05:24.747+0800][93.116s][gc,phases   ] GC(4988) Concurrent Mark Free 0.001ms
[2024-07-25T19:05:24.749+0800][93.119s][gc,phases   ] GC(4988) Concurrent Process Non-Strong References 2.334ms
[2024-07-25T19:05:24.749+0800][93.119s][gc,phases   ] GC(4988) Concurrent Reset Relocation Set 0.001ms
[2024-07-25T19:05:24.754+0800][93.123s][gc          ] Allocation Stall (main) 17.778ms
[2024-07-25T19:05:24.754+0800][93.123s][gc,phases   ] GC(4988) Concurrent Select Relocation Set 3.931ms
[2024-07-25T19:05:24.754+0800][93.123s][gc,phases   ] GC(4988) Pause Relocate Start 0.009ms
[2024-07-25T19:05:24.754+0800][93.123s][gc,phases   ] GC(4988) Concurrent Relocate 0.136ms
[2024-07-25T19:05:24.754+0800][93.124s][gc,load     ] GC(4988) Load: 0.00/0.00/0.00
[2024-07-25T19:05:24.754+0800][93.124s][gc,mmu      ] GC(4988) MMU: 2ms/88.2%, 5ms/95.3%, 10ms/97.6%, 20ms/98.8%, 50ms/99.4%, 100ms/99.6%
[2024-07-25T19:05:24.754+0800][93.124s][gc,marking  ] GC(4988) Mark: 1 stripe(s), 1 proactive flush(es), 1 terminate flush(es), 0 completion(s), 0 continuation(s) 
[2024-07-25T19:05:24.754+0800][93.124s][gc,marking  ] GC(4988) Mark Stack Usage: 32M
[2024-07-25T19:05:24.754+0800][93.124s][gc,nmethod  ] GC(4988) NMethods: 535 registered, 0 unregistered
[2024-07-25T19:05:24.754+0800][93.124s][gc,metaspace] GC(4988) Metaspace: 1M used, 1M committed, 1088M reserved
[2024-07-25T19:05:24.754+0800][93.124s][gc,ref      ] GC(4988) Soft: 46 encountered, 25 discovered, 0 enqueued
[2024-07-25T19:05:24.754+0800][93.124s][gc,ref      ] GC(4988) Weak: 131 encountered, 107 discovered, 0 enqueued
[2024-07-25T19:05:24.754+0800][93.124s][gc,ref      ] GC(4988) Final: 0 encountered, 0 discovered, 0 enqueued
[2024-07-25T19:05:24.754+0800][93.124s][gc,ref      ] GC(4988) Phantom: 184 encountered, 98 discovered, 0 enqueued
[2024-07-25T19:05:24.754+0800][93.124s][gc,reloc    ] GC(4988) Small Pages: 4 / 8M, Empty: 2M, Relocated: 0M, In-Place: 0
[2024-07-25T19:05:24.754+0800][93.124s][gc,reloc    ] GC(4988) Large Pages: 4 / 8M, Empty: 4M, Relocated: 0M, In-Place: 0
[2024-07-25T19:05:24.755+0800][93.124s][gc,reloc    ] GC(4988) Forwarding Usage: 0M
[2024-07-25T19:05:24.755+0800][93.124s][gc,heap     ] GC(4988) Min Capacity: 8M(50%)
[2024-07-25T19:05:24.755+0800][93.124s][gc,heap     ] GC(4988) Max Capacity: 16M(100%)
[2024-07-25T19:05:24.755+0800][93.124s][gc,heap     ] GC(4988) Soft Max Capacity: 16M(100%)
[2024-07-25T19:05:24.755+0800][93.124s][gc,heap     ] GC(4988)                Mark Start          Mark End        Relocate Start      Relocate End           High               Low         
[2024-07-25T19:05:24.755+0800][93.124s][gc,heap     ] GC(4988)  Capacity:       16M (100%)         16M (100%)         16M (100%)         16M (100%)         16M (100%)         16M (100%)   
[2024-07-25T19:05:24.755+0800][93.124s][gc,heap     ] GC(4988)      Free:        0M (0%)            0M (0%)            2M (12%)           2M (12%)           6M (38%)           0M (0%)     
[2024-07-25T19:05:24.755+0800][93.124s][gc,heap     ] GC(4988)      Used:       16M (100%)         16M (100%)         14M (88%)          14M (88%)          16M (100%)         10M (62%)    
[2024-07-25T19:05:24.755+0800][93.125s][gc,heap     ] GC(4988)      Live:         -                 8M (54%)           8M (54%)           8M (54%)            -                  -          
[2024-07-25T19:05:24.755+0800][93.125s][gc,heap     ] GC(4988) Allocated:         -                 0M (0%)            4M (25%)           4M (25%)            -                  -          
[2024-07-25T19:05:24.755+0800][93.125s][gc,heap     ] GC(4988)   Garbage:         -                 7M (46%)           1M (8%)            1M (8%)             -                  -          
[2024-07-25T19:05:24.755+0800][93.125s][gc,heap     ] GC(4988) Reclaimed:         -                  -                 6M (38%)           6M (38%)            -                  -          
[2024-07-25T19:05:24.755+0800][93.125s][gc          ] GC(4988) Garbage Collection (Allocation Stall) 16M(100%)->14M(88%)
[2024-07-25T19:05:24.757+0800][93.126s][gc,start    ] GC(4989) Garbage Collection (Allocation Stall)
[2024-07-25T19:05:24.757+0800][93.126s][gc,ref      ] GC(4989) Clearing All SoftReferences
[2024-07-25T19:05:24.757+0800][93.126s][gc,task     ] GC(4989) Using 1 workers
[2024-07-25T19:05:24.757+0800][93.127s][gc,phases   ] GC(4989) Pause Mark Start 0.011ms
[2024-07-25T19:05:24.765+0800][93.135s][gc,phases   ] GC(4989) Concurrent Mark 8.143ms
[2024-07-25T19:05:24.765+0800][93.135s][gc,phases   ] GC(4989) Pause Mark End 0.013ms
[2024-07-25T19:05:24.766+0800][93.135s][gc,phases   ] GC(4989) Concurrent Mark Free 0.001ms
[2024-07-25T19:05:24.768+0800][93.138s][gc,phases   ] GC(4989) Concurrent Process Non-Strong References 2.259ms
[2024-07-25T19:05:24.768+0800][93.138s][gc,phases   ] GC(4989) Concurrent Reset Relocation Set 0.001ms
[2024-07-25T19:05:24.772+0800][93.142s][gc          ] Allocation Stall (main) 15.562ms
[2024-07-25T19:05:24.772+0800][93.142s][gc,phases   ] GC(4989) Concurrent Select Relocation Set 4.175ms
[2024-07-25T19:05:24.772+0800][93.142s][gc,phases   ] GC(4989) Pause Relocate Start 0.010ms
[2024-07-25T19:05:24.773+0800][93.142s][gc,phases   ] GC(4989) Concurrent Relocate 0.049ms
[2024-07-25T19:05:24.773+0800][93.143s][gc,load     ] GC(4989) Load: 0.00/0.00/0.00
[2024-07-25T19:05:24.773+0800][93.143s][gc,mmu      ] GC(4989) MMU: 2ms/88.2%, 5ms/95.3%, 10ms/97.6%, 20ms/98.8%, 50ms/99.4%, 100ms/99.6%
[2024-07-25T19:05:24.773+0800][93.143s][gc,marking  ] GC(4989) Mark: 1 stripe(s), 1 proactive flush(es), 1 terminate flush(es), 0 completion(s), 0 continuation(s) 
[2024-07-25T19:05:24.773+0800][93.143s][gc,marking  ] GC(4989) Mark Stack Usage: 32M
[2024-07-25T19:05:24.773+0800][93.143s][gc,nmethod  ] GC(4989) NMethods: 535 registered, 0 unregistered
[2024-07-25T19:05:24.773+0800][93.143s][gc,metaspace] GC(4989) Metaspace: 1M used, 1M committed, 1088M reserved
[2024-07-25T19:05:24.773+0800][93.143s][gc,ref      ] GC(4989) Soft: 46 encountered, 25 discovered, 0 enqueued
[2024-07-25T19:05:24.773+0800][93.143s][gc,ref      ] GC(4989) Weak: 131 encountered, 107 discovered, 0 enqueued
[2024-07-25T19:05:24.773+0800][93.143s][gc,ref      ] GC(4989) Final: 0 encountered, 0 discovered, 0 enqueued
[2024-07-25T19:05:24.773+0800][93.143s][gc,ref      ] GC(4989) Phantom: 184 encountered, 98 discovered, 0 enqueued
[2024-07-25T19:05:24.773+0800][93.143s][gc,reloc    ] GC(4989) Small Pages: 4 / 8M, Empty: 2M, Relocated: 0M, In-Place: 0
[2024-07-25T19:05:24.773+0800][93.143s][gc,reloc    ] GC(4989) Large Pages: 4 / 8M, Empty: 4M, Relocated: 0M, In-Place: 0
[2024-07-25T19:05:24.773+0800][93.143s][gc,reloc    ] GC(4989) Forwarding Usage: 0M
[2024-07-25T19:05:24.773+0800][93.143s][gc,heap     ] GC(4989) Min Capacity: 8M(50%)
[2024-07-25T19:05:24.774+0800][93.143s][gc,heap     ] GC(4989) Max Capacity: 16M(100%)
[2024-07-25T19:05:24.774+0800][93.143s][gc,heap     ] GC(4989) Soft Max Capacity: 16M(100%)
[2024-07-25T19:05:24.774+0800][93.143s][gc,heap     ] GC(4989)                Mark Start          Mark End        Relocate Start      Relocate End           High               Low         
[2024-07-25T19:05:24.774+0800][93.143s][gc,heap     ] GC(4989)  Capacity:       16M (100%)         16M (100%)         16M (100%)         16M (100%)         16M (100%)         16M (100%)   
[2024-07-25T19:05:24.774+0800][93.144s][gc,heap     ] GC(4989)      Free:        0M (0%)            0M (0%)            2M (12%)           2M (12%)           6M (38%)           0M (0%)     
[2024-07-25T19:05:24.774+0800][93.144s][gc,heap     ] GC(4989)      Used:       16M (100%)         16M (100%)         14M (88%)          14M (88%)          16M (100%)         10M (62%)    
[2024-07-25T19:05:24.774+0800][93.144s][gc,heap     ] GC(4989)      Live:         -                 8M (54%)           8M (54%)           8M (54%)            -                  -          
[2024-07-25T19:05:24.774+0800][93.144s][gc,heap     ] GC(4989) Allocated:         -                 0M (0%)            4M (25%)           4M (25%)            -                  -          
[2024-07-25T19:05:24.774+0800][93.144s][gc,heap     ] GC(4989)   Garbage:         -                 7M (46%)           1M (8%)            1M (8%)             -                  -          
[2024-07-25T19:05:24.774+0800][93.144s][gc,heap     ] GC(4989) Reclaimed:         -                  -                 6M (38%)           6M (38%)            -                  -          
[2024-07-25T19:05:24.774+0800][93.144s][gc          ] GC(4989) Garbage Collection (Allocation Stall) 16M(100%)->14M(88%)
[2024-07-25T19:05:24.778+0800][93.147s][gc,start    ] GC(4990) Garbage Collection (Allocation Stall)
[2024-07-25T19:05:24.778+0800][93.147s][gc,ref      ] GC(4990) Clearing All SoftReferences
[2024-07-25T19:05:24.778+0800][93.147s][gc,task     ] GC(4990) Using 1 workers
[2024-07-25T19:05:24.778+0800][93.148s][gc,phases   ] GC(4990) Pause Mark Start 0.010ms
[2024-07-25T19:05:24.787+0800][93.156s][gc,phases   ] GC(4990) Concurrent Mark 8.171ms
[2024-07-25T19:05:24.787+0800][93.156s][gc,phases   ] GC(4990) Pause Mark End 0.011ms
[2024-07-25T19:05:24.787+0800][93.156s][gc,phases   ] GC(4990) Concurrent Mark Free 0.002ms
[2024-07-25T19:05:24.789+0800][93.159s][gc,phases   ] GC(4990) Concurrent Process Non-Strong References 2.422ms
[2024-07-25T19:05:24.789+0800][93.159s][gc,phases   ] GC(4990) Concurrent Reset Relocation Set 0.001ms
[2024-07-25T19:05:24.793+0800][93.163s][gc          ] Allocation Stall (main) 15.420ms
[2024-07-25T19:05:24.794+0800][93.163s][gc,phases   ] GC(4990) Concurrent Select Relocation Set 3.823ms
[2024-07-25T19:05:24.794+0800][93.163s][gc,phases   ] GC(4990) Pause Relocate Start 0.011ms
[2024-07-25T19:05:24.794+0800][93.163s][gc,phases   ] GC(4990) Concurrent Relocate 0.152ms
[2024-07-25T19:05:24.794+0800][93.163s][gc,load     ] GC(4990) Load: 0.00/0.00/0.00
[2024-07-25T19:05:24.794+0800][93.164s][gc,mmu      ] GC(4990) MMU: 2ms/88.2%, 5ms/95.3%, 10ms/97.6%, 20ms/98.8%, 50ms/99.4%, 100ms/99.6%
[2024-07-25T19:05:24.794+0800][93.164s][gc,marking  ] GC(4990) Mark: 1 stripe(s), 1 proactive flush(es), 1 terminate flush(es), 0 completion(s), 0 continuation(s) 
[2024-07-25T19:05:24.794+0800][93.164s][gc,marking  ] GC(4990) Mark Stack Usage: 32M
[2024-07-25T19:05:24.794+0800][93.164s][gc,nmethod  ] GC(4990) NMethods: 535 registered, 0 unregistered
[2024-07-25T19:05:24.794+0800][93.164s][gc,metaspace] GC(4990) Metaspace: 1M used, 1M committed, 1088M reserved
[2024-07-25T19:05:24.794+0800][93.164s][gc,ref      ] GC(4990) Soft: 46 encountered, 25 discovered, 0 enqueued
[2024-07-25T19:05:24.794+0800][93.164s][gc,ref      ] GC(4990) Weak: 131 encountered, 107 discovered, 0 enqueued
[2024-07-25T19:05:24.794+0800][93.164s][gc,ref      ] GC(4990) Final: 0 encountered, 0 discovered, 0 enqueued
[2024-07-25T19:05:24.794+0800][93.164s][gc,ref      ] GC(4990) Phantom: 184 encountered, 98 discovered, 0 enqueued
[2024-07-25T19:05:24.794+0800][93.164s][gc,reloc    ] GC(4990) Small Pages: 4 / 8M, Empty: 2M, Relocated: 0M, In-Place: 0
[2024-07-25T19:05:24.794+0800][93.164s][gc,reloc    ] GC(4990) Large Pages: 4 / 8M, Empty: 4M, Relocated: 0M, In-Place: 0
[2024-07-25T19:05:24.794+0800][93.164s][gc,reloc    ] GC(4990) Forwarding Usage: 0M
[2024-07-25T19:05:24.794+0800][93.164s][gc,heap     ] GC(4990) Min Capacity: 8M(50%)
[2024-07-25T19:05:24.794+0800][93.164s][gc,heap     ] GC(4990) Max Capacity: 16M(100%)
[2024-07-25T19:05:24.794+0800][93.164s][gc,heap     ] GC(4990) Soft Max Capacity: 16M(100%)
[2024-07-25T19:05:24.794+0800][93.164s][gc,heap     ] GC(4990)                Mark Start          Mark End        Relocate Start      Relocate End           High               Low         
[2024-07-25T19:05:24.794+0800][93.164s][gc,heap     ] GC(4990)  Capacity:       16M (100%)         16M (100%)         16M (100%)         16M (100%)         16M (100%)         16M (100%)   
[2024-07-25T19:05:24.794+0800][93.164s][gc,heap     ] GC(4990)      Free:        0M (0%)            0M (0%)            2M (12%)           2M (12%)           6M (38%)           0M (0%)     
[2024-07-25T19:05:24.794+0800][93.164s][gc,heap     ] GC(4990)      Used:       16M (100%)         16M (100%)         14M (88%)          14M (88%)          16M (100%)         10M (62%)    
[2024-07-25T19:05:24.794+0800][93.164s][gc,heap     ] GC(4990)      Live:         -                 8M (54%)           8M (54%)           8M (54%)            -                  -          
[2024-07-25T19:05:24.794+0800][93.164s][gc,heap     ] GC(4990) Allocated:         -                 0M (0%)            4M (25%)           4M (25%)            -                  -          
[2024-07-25T19:05:24.794+0800][93.164s][gc,heap     ] GC(4990)   Garbage:         -                 7M (46%)           1M (8%)            1M (8%)             -                  -          
[2024-07-25T19:05:24.794+0800][93.164s][gc,heap     ] GC(4990) Reclaimed:         -                  -                 6M (38%)           6M (38%)            -                  -          
[2024-07-25T19:05:24.795+0800][93.164s][gc          ] GC(4990) Garbage Collection (Allocation Stall) 16M(100%)->14M(88%)
[2024-07-25T19:05:24.800+0800][93.169s][gc,start    ] GC(4991) Garbage Collection (Allocation Stall)
[2024-07-25T19:05:24.800+0800][93.169s][gc,ref      ] GC(4991) Clearing All SoftReferences
[2024-07-25T19:05:24.800+0800][93.169s][gc,task     ] GC(4991) Using 1 workers
[2024-07-25T19:05:24.800+0800][93.169s][gc,phases   ] GC(4991) Pause Mark Start 0.011ms
[2024-07-25T19:05:24.808+0800][93.177s][gc,phases   ] GC(4991) Concurrent Mark 7.926ms
[2024-07-25T19:05:24.808+0800][93.177s][gc,phases   ] GC(4991) Pause Mark End 0.012ms
[2024-07-25T19:05:24.808+0800][93.178s][gc,phases   ] GC(4991) Concurrent Mark Free 0.001ms
[2024-07-25T19:05:24.811+0800][93.180s][gc,phases   ] GC(4991) Concurrent Process Non-Strong References 2.268ms
[2024-07-25T19:05:24.811+0800][93.180s][gc,phases   ] GC(4991) Concurrent Reset Relocation Set 0.001ms
[2024-07-25T19:05:24.814+0800][93.184s][gc          ] Allocation Stall (main) 15.121ms
[2024-07-25T19:05:24.815+0800][93.184s][gc,phases   ] GC(4991) Concurrent Select Relocation Set 3.785ms
[2024-07-25T19:05:24.815+0800][93.184s][gc,phases   ] GC(4991) Pause Relocate Start 0.011ms
[2024-07-25T19:05:24.815+0800][93.184s][gc,phases   ] GC(4991) Concurrent Relocate 0.146ms
[2024-07-25T19:05:24.815+0800][93.185s][gc,load     ] GC(4991) Load: 0.00/0.00/0.00
[2024-07-25T19:05:24.815+0800][93.185s][gc,mmu      ] GC(4991) MMU: 2ms/88.2%, 5ms/95.3%, 10ms/97.6%, 20ms/98.8%, 50ms/99.4%, 100ms/99.6%
[2024-07-25T19:05:24.815+0800][93.185s][gc,marking  ] GC(4991) Mark: 1 stripe(s), 1 proactive flush(es), 1 terminate flush(es), 0 completion(s), 0 continuation(s) 
[2024-07-25T19:05:24.815+0800][93.185s][gc,marking  ] GC(4991) Mark Stack Usage: 32M
[2024-07-25T19:05:24.815+0800][93.185s][gc,nmethod  ] GC(4991) NMethods: 535 registered, 0 unregistered
[2024-07-25T19:05:24.816+0800][93.185s][gc,metaspace] GC(4991) Metaspace: 1M used, 1M committed, 1088M reserved
[2024-07-25T19:05:24.816+0800][93.185s][gc,ref      ] GC(4991) Soft: 46 encountered, 25 discovered, 0 enqueued
[2024-07-25T19:05:24.816+0800][93.185s][gc,ref      ] GC(4991) Weak: 131 encountered, 107 discovered, 0 enqueued
[2024-07-25T19:05:24.816+0800][93.185s][gc,ref      ] GC(4991) Final: 0 encountered, 0 discovered, 0 enqueued
[2024-07-25T19:05:24.816+0800][93.185s][gc,ref      ] GC(4991) Phantom: 184 encountered, 98 discovered, 0 enqueued
[2024-07-25T19:05:24.816+0800][93.185s][gc,reloc    ] GC(4991) Small Pages: 4 / 8M, Empty: 2M, Relocated: 0M, In-Place: 0
[2024-07-25T19:05:24.816+0800][93.185s][gc,reloc    ] GC(4991) Large Pages: 4 / 8M, Empty: 4M, Relocated: 0M, In-Place: 0
[2024-07-25T19:05:24.816+0800][93.185s][gc,reloc    ] GC(4991) Forwarding Usage: 0M
[2024-07-25T19:05:24.816+0800][93.185s][gc,heap     ] GC(4991) Min Capacity: 8M(50%)
[2024-07-25T19:05:24.816+0800][93.185s][gc,heap     ] GC(4991) Max Capacity: 16M(100%)
[2024-07-25T19:05:24.816+0800][93.185s][gc,heap     ] GC(4991) Soft Max Capacity: 16M(100%)
[2024-07-25T19:05:24.816+0800][93.185s][gc,heap     ] GC(4991)                Mark Start          Mark End        Relocate Start      Relocate End           High               Low         
[2024-07-25T19:05:24.816+0800][93.185s][gc,heap     ] GC(4991)  Capacity:       16M (100%)         16M (100%)         16M (100%)         16M (100%)         16M (100%)         16M (100%)   
[2024-07-25T19:05:24.816+0800][93.185s][gc,heap     ] GC(4991)      Free:        0M (0%)            0M (0%)            2M (12%)           2M (12%)           6M (38%)           0M (0%)     
[2024-07-25T19:05:24.816+0800][93.185s][gc,heap     ] GC(4991)      Used:       16M (100%)         16M (100%)         14M (88%)          14M (88%)          16M (100%)         10M (62%)    
[2024-07-25T19:05:24.816+0800][93.185s][gc,heap     ] GC(4991)      Live:         -                 8M (54%)           8M (54%)           8M (54%)            -                  -          
[2024-07-25T19:05:24.816+0800][93.185s][gc,heap     ] GC(4991) Allocated:         -                 0M (0%)            4M (25%)           4M (25%)            -                  -          
[2024-07-25T19:05:24.816+0800][93.185s][gc,heap     ] GC(4991)   Garbage:         -                 7M (46%)           1M (8%)            1M (8%)             -                  -          
[2024-07-25T19:05:24.816+0800][93.185s][gc,heap     ] GC(4991) Reclaimed:         -                  -                 6M (38%)           6M (38%)            -                  -          
[2024-07-25T19:05:24.816+0800][93.185s][gc          ] GC(4991) Garbage Collection (Allocation Stall) 16M(100%)->14M(88%)
[2024-07-25T19:05:24.819+0800][93.188s][gc,start    ] GC(4992) Garbage Collection (Allocation Rate)
[2024-07-25T19:05:24.819+0800][93.188s][gc,task     ] GC(4992) Using 1 workers
[2024-07-25T19:05:24.819+0800][93.188s][gc,phases   ] GC(4992) Pause Mark Start 0.010ms
[2024-07-25T19:05:24.827+0800][93.197s][gc,phases   ] GC(4992) Concurrent Mark 8.277ms
[2024-07-25T19:05:24.828+0800][93.197s][gc,phases   ] GC(4992) Pause Mark End 0.015ms
[2024-07-25T19:05:24.828+0800][93.197s][gc,phases   ] GC(4992) Concurrent Mark Free 0.001ms
[2024-07-25T19:05:24.830+0800][93.200s][gc,phases   ] GC(4992) Concurrent Process Non-Strong References 2.480ms
[2024-07-25T19:05:24.830+0800][93.200s][gc,phases   ] GC(4992) Concurrent Reset Relocation Set 0.001ms
[2024-07-25T19:05:24.834+0800][93.204s][gc          ] Allocation Stall (main) 14.097ms
[2024-07-25T19:05:24.834+0800][93.204s][gc,phases   ] GC(4992) Concurrent Select Relocation Set 4.025ms
[2024-07-25T19:05:24.835+0800][93.204s][gc,phases   ] GC(4992) Pause Relocate Start 0.013ms
[2024-07-25T19:05:24.837+0800][93.206s][gc,phases   ] GC(4992) Concurrent Relocate 2.308ms
[2024-07-25T19:05:24.837+0800][93.207s][gc          ] Allocation Stall (main) 0.579ms
[2024-07-25T19:05:24.837+0800][93.207s][gc,load     ] GC(4992) Load: 0.00/0.00/0.00
[2024-07-25T19:05:24.838+0800][93.207s][gc,mmu      ] GC(4992) MMU: 2ms/88.2%, 5ms/95.3%, 10ms/97.6%, 20ms/98.8%, 50ms/99.4%, 100ms/99.6%
[2024-07-25T19:05:24.838+0800][93.207s][gc,marking  ] GC(4992) Mark: 1 stripe(s), 1 proactive flush(es), 1 terminate flush(es), 0 completion(s), 0 continuation(s) 
[2024-07-25T19:05:24.838+0800][93.207s][gc,marking  ] GC(4992) Mark Stack Usage: 32M
[2024-07-25T19:05:24.838+0800][93.207s][gc,nmethod  ] GC(4992) NMethods: 535 registered, 0 unregistered
[2024-07-25T19:05:24.838+0800][93.207s][gc,metaspace] GC(4992) Metaspace: 1M used, 1M committed, 1088M reserved
[2024-07-25T19:05:24.838+0800][93.207s][gc,ref      ] GC(4992) Soft: 46 encountered, 25 discovered, 0 enqueued
[2024-07-25T19:05:24.838+0800][93.207s][gc,ref      ] GC(4992) Weak: 131 encountered, 107 discovered, 0 enqueued
[2024-07-25T19:05:24.838+0800][93.207s][gc,ref      ] GC(4992) Final: 0 encountered, 0 discovered, 0 enqueued
[2024-07-25T19:05:24.838+0800][93.207s][gc,ref      ] GC(4992) Phantom: 184 encountered, 98 discovered, 0 enqueued
[2024-07-25T19:05:24.838+0800][93.207s][gc,reloc    ] GC(4992) Small Pages: 4 / 8M, Empty: 0M, Relocated: 1M, In-Place: 1
[2024-07-25T19:05:24.838+0800][93.207s][gc,reloc    ] GC(4992) Large Pages: 4 / 8M, Empty: 4M, Relocated: 0M, In-Place: 0
[2024-07-25T19:05:24.838+0800][93.207s][gc,reloc    ] GC(4992) Forwarding Usage: 0M
[2024-07-25T19:05:24.838+0800][93.208s][gc,heap     ] GC(4992) Min Capacity: 8M(50%)
[2024-07-25T19:05:24.838+0800][93.208s][gc,heap     ] GC(4992) Max Capacity: 16M(100%)
[2024-07-25T19:05:24.838+0800][93.208s][gc,heap     ] GC(4992) Soft Max Capacity: 16M(100%)
[2024-07-25T19:05:24.838+0800][93.208s][gc,heap     ] GC(4992)                Mark Start          Mark End        Relocate Start      Relocate End           High               Low         
[2024-07-25T19:05:24.838+0800][93.208s][gc,heap     ] GC(4992)  Capacity:       16M (100%)         16M (100%)         16M (100%)         16M (100%)         16M (100%)         16M (100%)   
[2024-07-25T19:05:24.839+0800][93.208s][gc,heap     ] GC(4992)      Free:        0M (0%)            0M (0%)            0M (0%)            0M (0%)            4M (25%)           0M (0%)     
[2024-07-25T19:05:24.839+0800][93.208s][gc,heap     ] GC(4992)      Used:       16M (100%)         16M (100%)         16M (100%)         16M (100%)         16M (100%)         12M (75%)    
[2024-07-25T19:05:24.839+0800][93.208s][gc,heap     ] GC(4992)      Live:         -                 8M (54%)           8M (54%)           8M (54%)            -                  -          
[2024-07-25T19:05:24.839+0800][93.208s][gc,heap     ] GC(4992) Allocated:         -                 0M (0%)            4M (25%)           5M (37%)            -                  -          
[2024-07-25T19:05:24.839+0800][93.208s][gc,heap     ] GC(4992)   Garbage:         -                 7M (46%)           3M (21%)           1M (8%)             -                  -          
[2024-07-25T19:05:24.839+0800][93.208s][gc,heap     ] GC(4992) Reclaimed:         -                  -                 4M (25%)           5M (37%)            -                  -          
[2024-07-25T19:05:24.839+0800][93.208s][gc          ] GC(4992) Garbage Collection (Allocation Rate) 16M(100%)->16M(100%)
[2024-07-25T19:05:24.842+0800][93.211s][gc,start    ] GC(4993) Garbage Collection (Allocation Stall)
[2024-07-25T19:05:24.842+0800][93.211s][gc,ref      ] GC(4993) Clearing All SoftReferences
[2024-07-25T19:05:24.842+0800][93.211s][gc,task     ] GC(4993) Using 1 workers
[2024-07-25T19:05:24.842+0800][93.211s][gc,phases   ] GC(4993) Pause Mark Start 0.010ms
[2024-07-25T19:05:24.854+0800][93.223s][gc,phases   ] GC(4993) Concurrent Mark 11.883ms
[2024-07-25T19:05:24.854+0800][93.223s][gc,phases   ] GC(4993) Pause Mark End 0.017ms
[2024-07-25T19:05:24.854+0800][93.224s][gc,phases   ] GC(4993) Concurrent Mark Free 0.002ms
[2024-07-25T19:05:24.858+0800][93.227s][gc,phases   ] GC(4993) Concurrent Process Non-Strong References 3.148ms
[2024-07-25T19:05:24.858+0800][93.227s][gc,phases   ] GC(4993) Concurrent Reset Relocation Set 0.002ms
[2024-07-25T19:05:24.861+0800][93.230s][gc          ] Allocation Stall (main) 19.512ms
[2024-07-25T19:05:24.861+0800][93.231s][gc,phases   ] GC(4993) Concurrent Select Relocation Set 3.534ms
[2024-07-25T19:05:24.862+0800][93.231s][gc,phases   ] GC(4993) Pause Relocate Start 0.021ms
[2024-07-25T19:05:24.866+0800][93.235s][gc,phases   ] GC(4993) Concurrent Relocate 3.793ms
[2024-07-25T19:05:24.866+0800][93.235s][gc          ] Allocation Stall (main) 1.000ms
[2024-07-25T19:05:24.866+0800][93.235s][gc,load     ] GC(4993) Load: 0.00/0.00/0.00
[2024-07-25T19:05:24.866+0800][93.235s][gc,mmu      ] GC(4993) MMU: 2ms/88.2%, 5ms/95.3%, 10ms/97.6%, 20ms/98.8%, 50ms/99.4%, 100ms/99.6%
[2024-07-25T19:05:24.866+0800][93.235s][gc,marking  ] GC(4993) Mark: 1 stripe(s), 1 proactive flush(es), 1 terminate flush(es), 0 completion(s), 0 continuation(s) 
[2024-07-25T19:05:24.866+0800][93.235s][gc,marking  ] GC(4993) Mark Stack Usage: 32M
[2024-07-25T19:05:24.866+0800][93.235s][gc,nmethod  ] GC(4993) NMethods: 535 registered, 0 unregistered
[2024-07-25T19:05:24.866+0800][93.236s][gc,metaspace] GC(4993) Metaspace: 1M used, 1M committed, 1088M reserved
[2024-07-25T19:05:24.866+0800][93.236s][gc,ref      ] GC(4993) Soft: 46 encountered, 25 discovered, 0 enqueued
[2024-07-25T19:05:24.866+0800][93.236s][gc,ref      ] GC(4993) Weak: 131 encountered, 107 discovered, 0 enqueued
[2024-07-25T19:05:24.866+0800][93.236s][gc,ref      ] GC(4993) Final: 0 encountered, 0 discovered, 0 enqueued
[2024-07-25T19:05:24.867+0800][93.236s][gc,ref      ] GC(4993) Phantom: 184 encountered, 98 discovered, 0 enqueued
[2024-07-25T19:05:24.867+0800][93.236s][gc,reloc    ] GC(4993) Small Pages: 4 / 8M, Empty: 0M, Relocated: 1M, In-Place: 0
[2024-07-25T19:05:24.867+0800][93.236s][gc,reloc    ] GC(4993) Large Pages: 4 / 8M, Empty: 4M, Relocated: 0M, In-Place: 0
[2024-07-25T19:05:24.867+0800][93.236s][gc,reloc    ] GC(4993) Forwarding Usage: 0M
[2024-07-25T19:05:24.867+0800][93.236s][gc,heap     ] GC(4993) Min Capacity: 8M(50%)
[2024-07-25T19:05:24.867+0800][93.236s][gc,heap     ] GC(4993) Max Capacity: 16M(100%)
[2024-07-25T19:05:24.867+0800][93.236s][gc,heap     ] GC(4993) Soft Max Capacity: 16M(100%)
[2024-07-25T19:05:24.867+0800][93.236s][gc,heap     ] GC(4993)                Mark Start          Mark End        Relocate Start      Relocate End           High               Low         
[2024-07-25T19:05:24.867+0800][93.236s][gc,heap     ] GC(4993)  Capacity:       16M (100%)         16M (100%)         16M (100%)         16M (100%)         16M (100%)         16M (100%)   
[2024-07-25T19:05:24.867+0800][93.236s][gc,heap     ] GC(4993)      Free:        0M (0%)            0M (0%)            0M (0%)            0M (0%)            4M (25%)           0M (0%)     
[2024-07-25T19:05:24.867+0800][93.236s][gc,heap     ] GC(4993)      Used:       16M (100%)         16M (100%)         16M (100%)         16M (100%)         16M (100%)         12M (75%)    
[2024-07-25T19:05:24.867+0800][93.236s][gc,heap     ] GC(4993)      Live:         -                 8M (54%)           8M (54%)           8M (54%)            -                  -          
[2024-07-25T19:05:24.867+0800][93.236s][gc,heap     ] GC(4993) Allocated:         -                 0M (0%)            4M (25%)           5M (37%)            -                  -          
[2024-07-25T19:05:24.867+0800][93.236s][gc,heap     ] GC(4993)   Garbage:         -                 7M (46%)           3M (21%)           1M (8%)             -                  -          
[2024-07-25T19:05:24.867+0800][93.236s][gc,heap     ] GC(4993) Reclaimed:         -                  -                 4M (25%)           5M (37%)            -                  -          
[2024-07-25T19:05:24.867+0800][93.236s][gc          ] GC(4993) Garbage Collection (Allocation Stall) 16M(100%)->16M(100%)
[2024-07-25T19:05:24.869+0800][93.238s][gc,start    ] GC(4994) Garbage Collection (Allocation Stall)
[2024-07-25T19:05:24.869+0800][93.238s][gc,ref      ] GC(4994) Clearing All SoftReferences
[2024-07-25T19:05:24.869+0800][93.238s][gc,task     ] GC(4994) Using 1 workers
[2024-07-25T19:05:24.869+0800][93.238s][gc,phases   ] GC(4994) Pause Mark Start 0.011ms
[2024-07-25T19:05:24.896+0800][93.264s][gc,phases   ] GC(4994) Concurrent Mark 25.969ms
[2024-07-25T19:05:24.896+0800][93.265s][gc,phases   ] GC(4994) Pause Mark End 0.015ms
[2024-07-25T19:05:24.896+0800][93.265s][gc,phases   ] GC(4994) Concurrent Mark Free 0.001ms
[2024-07-25T19:05:24.898+0800][93.268s][gc,phases   ] GC(4994) Concurrent Process Non-Strong References 2.803ms
[2024-07-25T19:05:24.898+0800][93.268s][gc,phases   ] GC(4994) Concurrent Reset Relocation Set 0.002ms
[2024-07-25T19:05:24.903+0800][93.273s][gc          ] Allocation Stall (main) 35.272ms
[2024-07-25T19:05:24.903+0800][93.273s][gc,phases   ] GC(4994) Concurrent Select Relocation Set 5.452ms
[2024-07-25T19:05:24.904+0800][93.274s][gc,phases   ] GC(4994) Pause Relocate Start 0.012ms
[2024-07-25T19:05:24.908+0800][93.277s][gc,phases   ] GC(4994) Concurrent Relocate 3.588ms
[2024-07-25T19:05:24.908+0800][93.277s][gc          ] Allocation Stall (main) 1.904ms
[2024-07-25T19:05:24.908+0800][93.277s][gc,load     ] GC(4994) Load: 0.00/0.00/0.00
[2024-07-25T19:05:24.908+0800][93.278s][gc,mmu      ] GC(4994) MMU: 2ms/88.2%, 5ms/95.3%, 10ms/97.6%, 20ms/98.8%, 50ms/99.4%, 100ms/99.6%
[2024-07-25T19:05:24.908+0800][93.278s][gc,marking  ] GC(4994) Mark: 1 stripe(s), 1 proactive flush(es), 1 terminate flush(es), 0 completion(s), 0 continuation(s) 
[2024-07-25T19:05:24.908+0800][93.278s][gc,marking  ] GC(4994) Mark Stack Usage: 32M
[2024-07-25T19:05:24.908+0800][93.278s][gc,nmethod  ] GC(4994) NMethods: 535 registered, 0 unregistered
[2024-07-25T19:05:24.908+0800][93.278s][gc,metaspace] GC(4994) Metaspace: 1M used, 1M committed, 1088M reserved
[2024-07-25T19:05:24.908+0800][93.278s][gc,ref      ] GC(4994) Soft: 46 encountered, 25 discovered, 0 enqueued
[2024-07-25T19:05:24.908+0800][93.278s][gc,ref      ] GC(4994) Weak: 131 encountered, 107 discovered, 0 enqueued
[2024-07-25T19:05:24.908+0800][93.278s][gc,ref      ] GC(4994) Final: 0 encountered, 0 discovered, 0 enqueued
[2024-07-25T19:05:24.908+0800][93.278s][gc,ref      ] GC(4994) Phantom: 184 encountered, 98 discovered, 0 enqueued
[2024-07-25T19:05:24.908+0800][93.278s][gc,reloc    ] GC(4994) Small Pages: 4 / 8M, Empty: 0M, Relocated: 1M, In-Place: 0
[2024-07-25T19:05:24.908+0800][93.278s][gc,reloc    ] GC(4994) Large Pages: 4 / 8M, Empty: 4M, Relocated: 0M, In-Place: 0
[2024-07-25T19:05:24.908+0800][93.278s][gc,reloc    ] GC(4994) Forwarding Usage: 0M
[2024-07-25T19:05:24.908+0800][93.278s][gc,heap     ] GC(4994) Min Capacity: 8M(50%)
[2024-07-25T19:05:24.908+0800][93.278s][gc,heap     ] GC(4994) Max Capacity: 16M(100%)
[2024-07-25T19:05:24.908+0800][93.278s][gc,heap     ] GC(4994) Soft Max Capacity: 16M(100%)
[2024-07-25T19:05:24.908+0800][93.278s][gc,heap     ] GC(4994)                Mark Start          Mark End        Relocate Start      Relocate End           High               Low         
[2024-07-25T19:05:24.909+0800][93.278s][gc,heap     ] GC(4994)  Capacity:       16M (100%)         16M (100%)         16M (100%)         16M (100%)         16M (100%)         16M (100%)   
[2024-07-25T19:05:24.909+0800][93.278s][gc,heap     ] GC(4994)      Free:        0M (0%)            0M (0%)            0M (0%)            0M (0%)            4M (25%)           0M (0%)     
[2024-07-25T19:05:24.909+0800][93.278s][gc,heap     ] GC(4994)      Used:       16M (100%)         16M (100%)         16M (100%)         16M (100%)         16M (100%)         12M (75%)    
[2024-07-25T19:05:24.909+0800][93.278s][gc,heap     ] GC(4994)      Live:         -                 8M (54%)           8M (54%)           8M (54%)            -                  -          
[2024-07-25T19:05:24.909+0800][93.279s][gc,heap     ] GC(4994) Allocated:         -                 0M (0%)            4M (25%)           5M (37%)            -                  -          
[2024-07-25T19:05:24.909+0800][93.279s][gc,heap     ] GC(4994)   Garbage:         -                 7M (46%)           3M (21%)           1M (8%)             -                  -          
[2024-07-25T19:05:24.909+0800][93.279s][gc,heap     ] GC(4994) Reclaimed:         -                  -                 4M (25%)           5M (37%)            -                  -          
[2024-07-25T19:05:24.909+0800][93.279s][gc          ] GC(4994) Garbage Collection (Allocation Stall) 16M(100%)->16M(100%)
[2024-07-25T19:05:24.910+0800][93.279s][gc,start    ] GC(4995) Garbage Collection (Allocation Stall)
[2024-07-25T19:05:24.910+0800][93.279s][gc,ref      ] GC(4995) Clearing All SoftReferences
[2024-07-25T19:05:24.910+0800][93.280s][gc,task     ] GC(4995) Using 1 workers
[2024-07-25T19:05:24.910+0800][93.280s][gc,phases   ] GC(4995) Pause Mark Start 0.010ms
[2024-07-25T19:05:24.923+0800][93.292s][gc,phases   ] GC(4995) Concurrent Mark 12.526ms
[2024-07-25T19:05:24.923+0800][93.293s][gc,phases   ] GC(4995) Pause Mark End 0.017ms
[2024-07-25T19:05:24.923+0800][93.293s][gc,phases   ] GC(4995) Concurrent Mark Free 0.001ms
[2024-07-25T19:05:24.926+0800][93.295s][gc,phases   ] GC(4995) Concurrent Process Non-Strong References 2.300ms
[2024-07-25T19:05:24.926+0800][93.295s][gc,phases   ] GC(4995) Concurrent Reset Relocation Set 0.002ms
[2024-07-25T19:05:24.930+0800][93.299s][gc          ] Allocation Stall (main) 18.597ms
[2024-07-25T19:05:24.930+0800][93.299s][gc,phases   ] GC(4995) Concurrent Select Relocation Set 3.874ms
[2024-07-25T19:05:24.930+0800][93.299s][gc,phases   ] GC(4995) Pause Relocate Start 0.011ms
[2024-07-25T19:05:24.932+0800][93.302s][gc          ] Allocation Stall (main) 0.578ms
[2024-07-25T19:05:24.932+0800][93.302s][gc,phases   ] GC(4995) Concurrent Relocate 2.024ms
[2024-07-25T19:05:24.933+0800][93.302s][gc,load     ] GC(4995) Load: 0.00/0.00/0.00
[2024-07-25T19:05:24.933+0800][93.302s][gc,mmu      ] GC(4995) MMU: 2ms/88.2%, 5ms/95.3%, 10ms/97.6%, 20ms/98.8%, 50ms/99.4%, 100ms/99.6%
[2024-07-25T19:05:24.933+0800][93.302s][gc,marking  ] GC(4995) Mark: 1 stripe(s), 1 proactive flush(es), 1 terminate flush(es), 0 completion(s), 0 continuation(s) 
[2024-07-25T19:05:24.933+0800][93.302s][gc,marking  ] GC(4995) Mark Stack Usage: 32M
[2024-07-25T19:05:24.933+0800][93.302s][gc,nmethod  ] GC(4995) NMethods: 535 registered, 0 unregistered
[2024-07-25T19:05:24.933+0800][93.302s][gc,metaspace] GC(4995) Metaspace: 1M used, 1M committed, 1088M reserved
[2024-07-25T19:05:24.933+0800][93.302s][gc,ref      ] GC(4995) Soft: 46 encountered, 25 discovered, 0 enqueued
[2024-07-25T19:05:24.933+0800][93.302s][gc,ref      ] GC(4995) Weak: 131 encountered, 107 discovered, 0 enqueued
[2024-07-25T19:05:24.933+0800][93.302s][gc,ref      ] GC(4995) Final: 0 encountered, 0 discovered, 0 enqueued
[2024-07-25T19:05:24.933+0800][93.302s][gc,ref      ] GC(4995) Phantom: 184 encountered, 98 discovered, 0 enqueued
[2024-07-25T19:05:24.933+0800][93.302s][gc,reloc    ] GC(4995) Small Pages: 4 / 8M, Empty: 0M, Relocated: 1M, In-Place: 1
[2024-07-25T19:05:24.933+0800][93.302s][gc,reloc    ] GC(4995) Large Pages: 4 / 8M, Empty: 4M, Relocated: 0M, In-Place: 0
[2024-07-25T19:05:24.933+0800][93.302s][gc,reloc    ] GC(4995) Forwarding Usage: 0M
[2024-07-25T19:05:24.933+0800][93.302s][gc,heap     ] GC(4995) Min Capacity: 8M(50%)
[2024-07-25T19:05:24.933+0800][93.302s][gc,heap     ] GC(4995) Max Capacity: 16M(100%)
[2024-07-25T19:05:24.933+0800][93.302s][gc,heap     ] GC(4995) Soft Max Capacity: 16M(100%)
[2024-07-25T19:05:24.933+0800][93.302s][gc,heap     ] GC(4995)                Mark Start          Mark End        Relocate Start      Relocate End           High               Low         
[2024-07-25T19:05:24.933+0800][93.302s][gc,heap     ] GC(4995)  Capacity:       16M (100%)         16M (100%)         16M (100%)         16M (100%)         16M (100%)         16M (100%)   
[2024-07-25T19:05:24.933+0800][93.303s][gc,heap     ] GC(4995)      Free:        0M (0%)            0M (0%)            0M (0%)            0M (0%)            4M (25%)           0M (0%)     
[2024-07-25T19:05:24.933+0800][93.303s][gc,heap     ] GC(4995)      Used:       16M (100%)         16M (100%)         16M (100%)         16M (100%)         16M (100%)         12M (75%)    
[2024-07-25T19:05:24.933+0800][93.303s][gc,heap     ] GC(4995)      Live:         -                 8M (54%)           8M (54%)           8M (54%)            -                  -          
[2024-07-25T19:05:24.933+0800][93.303s][gc,heap     ] GC(4995) Allocated:         -                 0M (0%)            4M (25%)           5M (37%)            -                  -          
[2024-07-25T19:05:24.933+0800][93.303s][gc,heap     ] GC(4995)   Garbage:         -                 7M (46%)           3M (21%)           1M (8%)             -                  -          
[2024-07-25T19:05:24.933+0800][93.303s][gc,heap     ] GC(4995) Reclaimed:         -                  -                 4M (25%)           5M (37%)            -                  -          
[2024-07-25T19:05:24.933+0800][93.303s][gc          ] GC(4995) Garbage Collection (Allocation Stall) 16M(100%)->16M(100%)
[2024-07-25T19:05:24.935+0800][93.304s][gc,start    ] GC(4996) Garbage Collection (Allocation Stall)
[2024-07-25T19:05:24.935+0800][93.304s][gc,ref      ] GC(4996) Clearing All SoftReferences
[2024-07-25T19:05:24.935+0800][93.304s][gc,task     ] GC(4996) Using 1 workers
[2024-07-25T19:05:24.935+0800][93.304s][gc,phases   ] GC(4996) Pause Mark Start 0.007ms
[2024-07-25T19:05:24.943+0800][93.313s][gc,phases   ] GC(4996) Concurrent Mark 8.277ms
[2024-07-25T19:05:24.944+0800][93.313s][gc,phases   ] GC(4996) Pause Mark End 0.032ms
[2024-07-25T19:05:24.944+0800][93.313s][gc,phases   ] GC(4996) Concurrent Mark Free 0.001ms
[2024-07-25T19:05:24.945+0800][93.314s][gc,phases   ] GC(4996) Concurrent Process Non-Strong References 1.374ms
[2024-07-25T19:05:24.945+0800][93.314s][gc,phases   ] GC(4996) Concurrent Reset Relocation Set 0.001ms
[2024-07-25T19:05:24.947+0800][93.317s][gc          ] Allocation Stall (main) 12.630ms
[2024-07-25T19:05:24.947+0800][93.317s][gc,phases   ] GC(4996) Concurrent Select Relocation Set 2.293ms
[2024-07-25T19:05:24.948+0800][93.317s][gc,phases   ] GC(4996) Pause Relocate Start 0.008ms
[2024-07-25T19:05:24.949+0800][93.319s][gc,phases   ] GC(4996) Concurrent Relocate 1.775ms
[2024-07-25T19:05:24.950+0800][93.319s][gc,load     ] GC(4996) Load: 0.00/0.00/0.00
[2024-07-25T19:05:24.950+0800][93.319s][gc,mmu      ] GC(4996) MMU: 2ms/88.2%, 5ms/95.3%, 10ms/97.6%, 20ms/98.8%, 50ms/99.4%, 100ms/99.6%
[2024-07-25T19:05:24.950+0800][93.319s][gc,marking  ] GC(4996) Mark: 1 stripe(s), 1 proactive flush(es), 1 terminate flush(es), 0 completion(s), 0 continuation(s) 
[2024-07-25T19:05:24.950+0800][93.319s][gc,marking  ] GC(4996) Mark Stack Usage: 32M
[2024-07-25T19:05:24.950+0800][93.319s][gc,nmethod  ] GC(4996) NMethods: 535 registered, 0 unregistered
[2024-07-25T19:05:24.950+0800][93.319s][gc,metaspace] GC(4996) Metaspace: 1M used, 1M committed, 1088M reserved
[2024-07-25T19:05:24.950+0800][93.319s][gc,ref      ] GC(4996) Soft: 46 encountered, 25 discovered, 0 enqueued
[2024-07-25T19:05:24.950+0800][93.319s][gc,ref      ] GC(4996) Weak: 131 encountered, 107 discovered, 0 enqueued
[2024-07-25T19:05:24.950+0800][93.319s][gc,ref      ] GC(4996) Final: 0 encountered, 0 discovered, 0 enqueued
[2024-07-25T19:05:24.950+0800][93.319s][gc,ref      ] GC(4996) Phantom: 184 encountered, 98 discovered, 0 enqueued
[2024-07-25T19:05:24.950+0800][93.319s][gc,reloc    ] GC(4996) Small Pages: 4 / 8M, Empty: 0M, Relocated: 1M, In-Place: 1
[2024-07-25T19:05:24.950+0800][93.319s][gc,reloc    ] GC(4996) Large Pages: 4 / 8M, Empty: 4M, Relocated: 0M, In-Place: 0
[2024-07-25T19:05:24.950+0800][93.319s][gc,reloc    ] GC(4996) Forwarding Usage: 0M
[2024-07-25T19:05:24.950+0800][93.319s][gc,heap     ] GC(4996) Min Capacity: 8M(50%)
[2024-07-25T19:05:24.950+0800][93.319s][gc,heap     ] GC(4996) Max Capacity: 16M(100%)
[2024-07-25T19:05:24.950+0800][93.319s][gc,heap     ] GC(4996) Soft Max Capacity: 16M(100%)
[2024-07-25T19:05:24.950+0800][93.319s][gc,heap     ] GC(4996)                Mark Start          Mark End        Relocate Start      Relocate End           High               Low         
[2024-07-25T19:05:24.950+0800][93.319s][gc,heap     ] GC(4996)  Capacity:       16M (100%)         16M (100%)         16M (100%)         16M (100%)         16M (100%)         16M (100%)   
[2024-07-25T19:05:24.950+0800][93.319s][gc,heap     ] GC(4996)      Free:        0M (0%)            0M (0%)            0M (0%)            2M (12%)           4M (25%)           0M (0%)     
[2024-07-25T19:05:24.950+0800][93.320s][gc,heap     ] GC(4996)      Used:       16M (100%)         16M (100%)         16M (100%)         14M (88%)          16M (100%)         12M (75%)    
[2024-07-25T19:05:24.950+0800][93.320s][gc,heap     ] GC(4996)      Live:         -                 8M (54%)           8M (54%)           8M (54%)            -                  -          
[2024-07-25T19:05:24.950+0800][93.320s][gc,heap     ] GC(4996) Allocated:         -                 0M (0%)            4M (25%)           3M (25%)            -                  -          
[2024-07-25T19:05:24.950+0800][93.320s][gc,heap     ] GC(4996)   Garbage:         -                 7M (46%)           3M (21%)           1M (8%)             -                  -          
[2024-07-25T19:05:24.950+0800][93.320s][gc,heap     ] GC(4996) Reclaimed:         -                  -                 4M (25%)           5M (37%)            -                  -          
[2024-07-25T19:05:24.950+0800][93.320s][gc          ] GC(4996) Garbage Collection (Allocation Stall) 16M(100%)->14M(88%)
[2024-07-25T19:05:24.953+0800][93.322s][gc,start    ] GC(4997) Garbage Collection (Allocation Stall)
[2024-07-25T19:05:24.953+0800][93.322s][gc,ref      ] GC(4997) Clearing All SoftReferences
[2024-07-25T19:05:24.953+0800][93.322s][gc,task     ] GC(4997) Using 1 workers
[2024-07-25T19:05:24.953+0800][93.322s][gc,phases   ] GC(4997) Pause Mark Start 0.007ms
[2024-07-25T19:05:24.962+0800][93.331s][gc,phases   ] GC(4997) Concurrent Mark 8.716ms
[2024-07-25T19:05:24.962+0800][93.331s][gc,phases   ] GC(4997) Pause Mark End 0.012ms
[2024-07-25T19:05:24.963+0800][93.331s][gc,phases   ] GC(4997) Concurrent Mark Free 0.001ms
[2024-07-25T19:05:24.964+0800][93.333s][gc,phases   ] GC(4997) Concurrent Process Non-Strong References 1.706ms
[2024-07-25T19:05:24.964+0800][93.333s][gc,phases   ] GC(4997) Concurrent Reset Relocation Set 0.001ms
[2024-07-25T19:05:24.966+0800][93.336s][gc          ] Allocation Stall (main) 13.773ms
[2024-07-25T19:05:24.966+0800][93.336s][gc,phases   ] GC(4997) Concurrent Select Relocation Set 2.671ms
[2024-07-25T19:05:24.967+0800][93.336s][gc,phases   ] GC(4997) Pause Relocate Start 0.007ms
[2024-07-25T19:05:24.968+0800][93.338s][gc,phases   ] GC(4997) Concurrent Relocate 1.739ms
[2024-07-25T19:05:24.968+0800][93.338s][gc,load     ] GC(4997) Load: 0.00/0.00/0.00
[2024-07-25T19:05:24.968+0800][93.338s][gc,mmu      ] GC(4997) MMU: 2ms/88.2%, 5ms/95.3%, 10ms/97.6%, 20ms/98.8%, 50ms/99.4%, 100ms/99.6%
[2024-07-25T19:05:24.968+0800][93.338s][gc,marking  ] GC(4997) Mark: 1 stripe(s), 1 proactive flush(es), 1 terminate flush(es), 0 completion(s), 0 continuation(s) 
[2024-07-25T19:05:24.968+0800][93.338s][gc,marking  ] GC(4997) Mark Stack Usage: 32M
[2024-07-25T19:05:24.969+0800][93.338s][gc,nmethod  ] GC(4997) NMethods: 535 registered, 0 unregistered
[2024-07-25T19:05:24.969+0800][93.338s][gc,metaspace] GC(4997) Metaspace: 1M used, 1M committed, 1088M reserved
[2024-07-25T19:05:24.969+0800][93.338s][gc,ref      ] GC(4997) Soft: 46 encountered, 25 discovered, 0 enqueued
[2024-07-25T19:05:24.969+0800][93.338s][gc,ref      ] GC(4997) Weak: 131 encountered, 107 discovered, 0 enqueued
[2024-07-25T19:05:24.969+0800][93.338s][gc,ref      ] GC(4997) Final: 0 encountered, 0 discovered, 0 enqueued
[2024-07-25T19:05:24.969+0800][93.338s][gc,ref      ] GC(4997) Phantom: 184 encountered, 98 discovered, 0 enqueued
[2024-07-25T19:05:24.969+0800][93.338s][gc,reloc    ] GC(4997) Small Pages: 4 / 8M, Empty: 0M, Relocated: 1M, In-Place: 1
[2024-07-25T19:05:24.969+0800][93.338s][gc,reloc    ] GC(4997) Large Pages: 4 / 8M, Empty: 4M, Relocated: 0M, In-Place: 0
[2024-07-25T19:05:24.969+0800][93.338s][gc,reloc    ] GC(4997) Forwarding Usage: 0M
[2024-07-25T19:05:24.969+0800][93.338s][gc,heap     ] GC(4997) Min Capacity: 8M(50%)
[2024-07-25T19:05:24.969+0800][93.338s][gc,heap     ] GC(4997) Max Capacity: 16M(100%)
[2024-07-25T19:05:24.969+0800][93.338s][gc,heap     ] GC(4997) Soft Max Capacity: 16M(100%)
[2024-07-25T19:05:24.969+0800][93.339s][gc,heap     ] GC(4997)                Mark Start          Mark End        Relocate Start      Relocate End           High               Low         
[2024-07-25T19:05:24.969+0800][93.339s][gc,heap     ] GC(4997)  Capacity:       16M (100%)         16M (100%)         16M (100%)         16M (100%)         16M (100%)         16M (100%)   
[2024-07-25T19:05:24.969+0800][93.339s][gc,heap     ] GC(4997)      Free:        0M (0%)            0M (0%)            0M (0%)            2M (12%)           4M (25%)           0M (0%)     
[2024-07-25T19:05:24.969+0800][93.339s][gc,heap     ] GC(4997)      Used:       16M (100%)         16M (100%)         16M (100%)         14M (88%)          16M (100%)         12M (75%)    
[2024-07-25T19:05:24.969+0800][93.339s][gc,heap     ] GC(4997)      Live:         -                 8M (54%)           8M (54%)           8M (54%)            -                  -          
[2024-07-25T19:05:24.969+0800][93.339s][gc,heap     ] GC(4997) Allocated:         -                 0M (0%)            4M (25%)           3M (25%)            -                  -          
[2024-07-25T19:05:24.969+0800][93.339s][gc,heap     ] GC(4997)   Garbage:         -                 7M (46%)           3M (21%)           1M (8%)             -                  -          
[2024-07-25T19:05:24.969+0800][93.339s][gc,heap     ] GC(4997) Reclaimed:         -                  -                 4M (25%)           5M (37%)            -                  -          
[2024-07-25T19:05:24.969+0800][93.339s][gc          ] GC(4997) Garbage Collection (Allocation Stall) 16M(100%)->14M(88%)
[2024-07-25T19:05:24.973+0800][93.342s][gc,start    ] GC(4998) Garbage Collection (Allocation Stall)
[2024-07-25T19:05:24.973+0800][93.342s][gc,ref      ] GC(4998) Clearing All SoftReferences
[2024-07-25T19:05:24.973+0800][93.342s][gc,task     ] GC(4998) Using 1 workers
[2024-07-25T19:05:24.973+0800][93.343s][gc,phases   ] GC(4998) Pause Mark Start 0.007ms
[2024-07-25T19:05:24.982+0800][93.351s][gc,phases   ] GC(4998) Concurrent Mark 8.187ms
[2024-07-25T19:05:24.982+0800][93.351s][gc,phases   ] GC(4998) Pause Mark End 0.011ms
[2024-07-25T19:05:24.982+0800][93.351s][gc,phases   ] GC(4998) Concurrent Mark Free 0.001ms
[2024-07-25T19:05:24.983+0800][93.353s][gc,phases   ] GC(4998) Concurrent Process Non-Strong References 1.754ms
[2024-07-25T19:05:24.983+0800][93.353s][gc,phases   ] GC(4998) Concurrent Reset Relocation Set 0.001ms
[2024-07-25T19:05:24.986+0800][93.356s][gc          ] Allocation Stall (main) 13.314ms
[2024-07-25T19:05:24.987+0800][93.356s][gc,phases   ] GC(4998) Concurrent Select Relocation Set 2.770ms
[2024-07-25T19:05:24.987+0800][93.356s][gc,phases   ] GC(4998) Pause Relocate Start 0.007ms
[2024-07-25T19:05:24.988+0800][93.358s][gc,phases   ] GC(4998) Concurrent Relocate 1.712ms
[2024-07-25T19:05:24.988+0800][93.358s][gc,load     ] GC(4998) Load: 0.00/0.00/0.00
[2024-07-25T19:05:24.988+0800][93.358s][gc,mmu      ] GC(4998) MMU: 2ms/88.2%, 5ms/95.3%, 10ms/97.6%, 20ms/98.8%, 50ms/99.4%, 100ms/99.6%
[2024-07-25T19:05:24.988+0800][93.358s][gc,marking  ] GC(4998) Mark: 1 stripe(s), 1 proactive flush(es), 1 terminate flush(es), 0 completion(s), 0 continuation(s) 
[2024-07-25T19:05:24.988+0800][93.358s][gc,marking  ] GC(4998) Mark Stack Usage: 32M
[2024-07-25T19:05:24.988+0800][93.358s][gc,nmethod  ] GC(4998) NMethods: 535 registered, 0 unregistered
[2024-07-25T19:05:24.988+0800][93.358s][gc,metaspace] GC(4998) Metaspace: 1M used, 1M committed, 1088M reserved
[2024-07-25T19:05:24.989+0800][93.358s][gc,ref      ] GC(4998) Soft: 46 encountered, 25 discovered, 0 enqueued
[2024-07-25T19:05:24.989+0800][93.358s][gc,ref      ] GC(4998) Weak: 131 encountered, 107 discovered, 0 enqueued
[2024-07-25T19:05:24.989+0800][93.358s][gc,ref      ] GC(4998) Final: 0 encountered, 0 discovered, 0 enqueued
[2024-07-25T19:05:24.989+0800][93.358s][gc,ref      ] GC(4998) Phantom: 184 encountered, 98 discovered, 0 enqueued
[2024-07-25T19:05:24.989+0800][93.358s][gc,reloc    ] GC(4998) Small Pages: 4 / 8M, Empty: 0M, Relocated: 1M, In-Place: 1
[2024-07-25T19:05:24.989+0800][93.358s][gc,reloc    ] GC(4998) Large Pages: 4 / 8M, Empty: 4M, Relocated: 0M, In-Place: 0
[2024-07-25T19:05:24.989+0800][93.358s][gc,reloc    ] GC(4998) Forwarding Usage: 0M
[2024-07-25T19:05:24.989+0800][93.358s][gc,heap     ] GC(4998) Min Capacity: 8M(50%)
[2024-07-25T19:05:24.989+0800][93.358s][gc,heap     ] GC(4998) Max Capacity: 16M(100%)
[2024-07-25T19:05:24.989+0800][93.358s][gc,heap     ] GC(4998) Soft Max Capacity: 16M(100%)
[2024-07-25T19:05:24.989+0800][93.358s][gc,heap     ] GC(4998)                Mark Start          Mark End        Relocate Start      Relocate End           High               Low         
[2024-07-25T19:05:24.989+0800][93.358s][gc,heap     ] GC(4998)  Capacity:       16M (100%)         16M (100%)         16M (100%)         16M (100%)         16M (100%)         16M (100%)   
[2024-07-25T19:05:24.989+0800][93.358s][gc,heap     ] GC(4998)      Free:        0M (0%)            0M (0%)            0M (0%)            2M (12%)           4M (25%)           0M (0%)     
[2024-07-25T19:05:24.989+0800][93.358s][gc,heap     ] GC(4998)      Used:       16M (100%)         16M (100%)         16M (100%)         14M (88%)          16M (100%)         12M (75%)    
[2024-07-25T19:05:24.989+0800][93.358s][gc,heap     ] GC(4998)      Live:         -                 8M (54%)           8M (54%)           8M (54%)            -                  -          
[2024-07-25T19:05:24.989+0800][93.358s][gc,heap     ] GC(4998) Allocated:         -                 0M (0%)            4M (25%)           3M (25%)            -                  -          
[2024-07-25T19:05:24.989+0800][93.358s][gc,heap     ] GC(4998)   Garbage:         -                 7M (46%)           3M (21%)           1M (8%)             -                  -          
[2024-07-25T19:05:24.989+0800][93.358s][gc,heap     ] GC(4998) Reclaimed:         -                  -                 4M (25%)           5M (37%)            -                  -          
[2024-07-25T19:05:24.989+0800][93.358s][gc          ] GC(4998) Garbage Collection (Allocation Stall) 16M(100%)->14M(88%)
[2024-07-25T19:05:24.993+0800][93.362s][gc,start    ] GC(4999) Garbage Collection (Allocation Stall)
[2024-07-25T19:05:24.993+0800][93.362s][gc,ref      ] GC(4999) Clearing All SoftReferences
[2024-07-25T19:05:24.993+0800][93.362s][gc,task     ] GC(4999) Using 1 workers
[2024-07-25T19:05:24.993+0800][93.362s][gc,phases   ] GC(4999) Pause Mark Start 0.007ms
[2024-07-25T19:05:25.001+0800][93.371s][gc,phases   ] GC(4999) Concurrent Mark 8.186ms
[2024-07-25T19:05:25.001+0800][93.371s][gc,phases   ] GC(4999) Pause Mark End 0.010ms
[2024-07-25T19:05:25.002+0800][93.371s][gc,phases   ] GC(4999) Concurrent Mark Free 0.001ms
[2024-07-25T19:05:25.004+0800][93.373s][gc,phases   ] GC(4999) Concurrent Process Non-Strong References 2.155ms
[2024-07-25T19:05:25.004+0800][93.373s][gc,phases   ] GC(4999) Concurrent Reset Relocation Set 0.002ms
[2024-07-25T19:05:25.007+0800][93.376s][gc          ] Allocation Stall (main) 14.258ms
[2024-07-25T19:05:25.007+0800][93.377s][gc,phases   ] GC(4999) Concurrent Select Relocation Set 3.157ms
[2024-07-25T19:05:25.007+0800][93.377s][gc,phases   ] GC(4999) Pause Relocate Start 0.008ms
[2024-07-25T19:05:25.009+0800][93.379s][gc,phases   ] GC(4999) Concurrent Relocate 1.751ms
[2024-07-25T19:05:25.009+0800][93.379s][gc,load     ] GC(4999) Load: 0.00/0.00/0.00
[2024-07-25T19:05:25.009+0800][93.379s][gc,mmu      ] GC(4999) MMU: 2ms/88.2%, 5ms/95.3%, 10ms/97.6%, 20ms/98.8%, 50ms/99.4%, 100ms/99.6%
[2024-07-25T19:05:25.009+0800][93.379s][gc,marking  ] GC(4999) Mark: 1 stripe(s), 1 proactive flush(es), 1 terminate flush(es), 0 completion(s), 0 continuation(s) 
[2024-07-25T19:05:25.009+0800][93.379s][gc,marking  ] GC(4999) Mark Stack Usage: 32M
[2024-07-25T19:05:25.009+0800][93.379s][gc,nmethod  ] GC(4999) NMethods: 535 registered, 0 unregistered
[2024-07-25T19:05:25.009+0800][93.379s][gc,metaspace] GC(4999) Metaspace: 1M used, 1M committed, 1088M reserved
[2024-07-25T19:05:25.009+0800][93.379s][gc,ref      ] GC(4999) Soft: 46 encountered, 25 discovered, 0 enqueued
[2024-07-25T19:05:25.010+0800][93.379s][gc,ref      ] GC(4999) Weak: 131 encountered, 107 discovered, 0 enqueued
[2024-07-25T19:05:25.010+0800][93.379s][gc,ref      ] GC(4999) Final: 0 encountered, 0 discovered, 0 enqueued
[2024-07-25T19:05:25.010+0800][93.379s][gc,ref      ] GC(4999) Phantom: 184 encountered, 98 discovered, 0 enqueued
[2024-07-25T19:05:25.010+0800][93.379s][gc,reloc    ] GC(4999) Small Pages: 4 / 8M, Empty: 0M, Relocated: 1M, In-Place: 0
[2024-07-25T19:05:25.010+0800][93.379s][gc,reloc    ] GC(4999) Large Pages: 4 / 8M, Empty: 4M, Relocated: 0M, In-Place: 0
[2024-07-25T19:05:25.010+0800][93.379s][gc,reloc    ] GC(4999) Forwarding Usage: 0M
[2024-07-25T19:05:25.010+0800][93.379s][gc,heap     ] GC(4999) Min Capacity: 8M(50%)
[2024-07-25T19:05:25.010+0800][93.379s][gc,heap     ] GC(4999) Max Capacity: 16M(100%)
[2024-07-25T19:05:25.010+0800][93.379s][gc,heap     ] GC(4999) Soft Max Capacity: 16M(100%)
[2024-07-25T19:05:25.010+0800][93.379s][gc,heap     ] GC(4999)                Mark Start          Mark End        Relocate Start      Relocate End           High               Low         
[2024-07-25T19:05:25.010+0800][93.379s][gc,heap     ] GC(4999)  Capacity:       16M (100%)         16M (100%)         16M (100%)         16M (100%)         16M (100%)         16M (100%)   
[2024-07-25T19:05:25.010+0800][93.379s][gc,heap     ] GC(4999)      Free:        0M (0%)            0M (0%)            0M (0%)            2M (12%)           4M (25%)           0M (0%)     
[2024-07-25T19:05:25.010+0800][93.379s][gc,heap     ] GC(4999)      Used:       16M (100%)         16M (100%)         16M (100%)         14M (88%)          16M (100%)         12M (75%)    
[2024-07-25T19:05:25.010+0800][93.379s][gc,heap     ] GC(4999)      Live:         -                 8M (54%)           8M (54%)           8M (54%)            -                  -          
[2024-07-25T19:05:25.010+0800][93.379s][gc,heap     ] GC(4999) Allocated:         -                 0M (0%)            4M (25%)           3M (25%)            -                  -          
[2024-07-25T19:05:25.010+0800][93.379s][gc,heap     ] GC(4999)   Garbage:         -                 7M (46%)           3M (21%)           1M (8%)             -                  -          
[2024-07-25T19:05:25.010+0800][93.379s][gc,heap     ] GC(4999) Reclaimed:         -                  -                 4M (25%)           5M (37%)            -                  -          
[2024-07-25T19:05:25.010+0800][93.379s][gc          ] GC(4999) Garbage Collection (Allocation Stall) 16M(100%)->14M(88%)
[2024-07-25T19:05:25.011+0800][93.380s][gc,heap,exit] Heap
[2024-07-25T19:05:25.011+0800][93.380s][gc,heap,exit]  ZHeap           used 14M, capacity 16M, max capacity 16M
[2024-07-25T19:05:25.011+0800][93.380s][gc,heap,exit]  Metaspace       used 1419K, committed 1536K, reserved 1114112K
[2024-07-25T19:05:25.011+0800][93.380s][gc,heap,exit]   class space    used 119K, committed 192K, reserved 1048576K
