[2024-07-24T19:24:01.985+0800][0.010s][gc,init] Initializing The Z Garbage Collector
[2024-07-24T19:24:01.985+0800][0.010s][gc,init] Version: 17.0.12+8-LTS-286 (release)
[2024-07-24T19:24:01.985+0800][0.010s][gc,init] NUMA Support: Disabled
[2024-07-24T19:24:01.985+0800][0.010s][gc,init] CPUs: 8 total, 8 available
[2024-07-24T19:24:01.986+0800][0.010s][gc,init] Memory: 16281M
[2024-07-24T19:24:01.986+0800][0.011s][gc,init] Large Page Support: Disabled
[2024-07-24T19:24:01.986+0800][0.011s][gc,init] GC Workers: 2 (dynamic)
[2024-07-24T19:24:01.986+0800][0.011s][gc,init] Address Space Type: Contiguous/Unrestricted/Complete
[2024-07-24T19:24:01.986+0800][0.011s][gc,init] Address Space Size: 32768M x 3 = 98304M
[2024-07-24T19:24:01.988+0800][0.013s][gc,init] Min Capacity: 2048M
[2024-07-24T19:24:01.988+0800][0.013s][gc,init] Initial Capacity: 2048M
[2024-07-24T19:24:01.988+0800][0.013s][gc,init] Max Capacity: 2048M
[2024-07-24T19:24:01.988+0800][0.013s][gc,init] Medium Page Size: 32M
[2024-07-24T19:24:01.988+0800][0.013s][gc,init] Pre-touch: Disabled
[2024-07-24T19:24:01.988+0800][0.013s][gc,init] Uncommit: Implicitly Disabled (-Xms equals -Xmx)
[2024-07-24T19:24:02.079+0800][0.104s][gc,init] Runtime Workers: 5
[2024-07-24T19:24:02.080+0800][0.105s][gc     ] Using The Z Garbage Collector
[2024-07-24T19:24:02.089+0800][0.114s][gc,metaspace] CDS archive(s) mapped at: [0x0000028bb4000000-0x0000028bb4bd0000-0x0000028bb4bd0000), size 12386304, SharedBaseAddress: 0x0000028bb4000000, ArchiveRelocationMode: 1.
[2024-07-24T19:24:02.089+0800][0.114s][gc,metaspace] Compressed class space mapped at: 0x0000028bb5000000-0x0000028bf5000000, reserved size: 1073741824
[2024-07-24T19:24:02.089+0800][0.114s][gc,metaspace] Narrow klass base: 0x0000028bb4000000, Narrow klass shift: 0, Narrow klass range: 0x100000000
[2024-07-24T19:24:02.713+0800][0.738s][gc,start    ] GC(0) Garbage Collection (Warmup)
[2024-07-24T19:24:02.713+0800][0.738s][gc,task     ] GC(0) Using 2 workers
[2024-07-24T19:24:02.713+0800][0.738s][gc,phases   ] GC(0) Pause Mark Start 0.006ms
[2024-07-24T19:24:02.722+0800][0.747s][gc,phases   ] GC(0) Concurrent Mark 8.767ms
[2024-07-24T19:24:02.722+0800][0.747s][gc,phases   ] GC(0) Pause Mark End 0.022ms
[2024-07-24T19:24:02.722+0800][0.747s][gc,phases   ] GC(0) Concurrent Mark Free 0.001ms
[2024-07-24T19:24:02.723+0800][0.748s][gc,phases   ] GC(0) Concurrent Process Non-Strong References 0.729ms
[2024-07-24T19:24:02.723+0800][0.748s][gc,phases   ] GC(0) Concurrent Reset Relocation Set 0.000ms
[2024-07-24T19:24:02.732+0800][0.757s][gc,phases   ] GC(0) Concurrent Select Relocation Set 8.304ms
[2024-07-24T19:24:02.732+0800][0.757s][gc,phases   ] GC(0) Pause Relocate Start 0.006ms
[2024-07-24T19:24:02.733+0800][0.758s][gc,phases   ] GC(0) Concurrent Relocate 1.491ms
[2024-07-24T19:24:02.734+0800][0.758s][gc,load     ] GC(0) Load: 0.00/0.00/0.00
[2024-07-24T19:24:02.734+0800][0.758s][gc,mmu      ] GC(0) MMU: 2ms/98.9%, 5ms/99.6%, 10ms/99.7%, 20ms/99.8%, 50ms/99.9%, 100ms/100.0%
[2024-07-24T19:24:02.734+0800][0.758s][gc,marking  ] GC(0) Mark: 2 stripe(s), 2 proactive flush(es), 1 terminate flush(es), 0 completion(s), 0 continuation(s) 
[2024-07-24T19:24:02.734+0800][0.758s][gc,marking  ] GC(0) Mark Stack Usage: 32M
[2024-07-24T19:24:02.734+0800][0.758s][gc,nmethod  ] GC(0) NMethods: 208 registered, 0 unregistered
[2024-07-24T19:24:02.734+0800][0.758s][gc,metaspace] GC(0) Metaspace: 0M used, 0M committed, 1088M reserved
[2024-07-24T19:24:02.734+0800][0.758s][gc,ref      ] GC(0) Soft: 93 encountered, 0 discovered, 0 enqueued
[2024-07-24T19:24:02.734+0800][0.759s][gc,ref      ] GC(0) Weak: 233 encountered, 132 discovered, 44 enqueued
[2024-07-24T19:24:02.734+0800][0.759s][gc,ref      ] GC(0) Final: 0 encountered, 0 discovered, 0 enqueued
[2024-07-24T19:24:02.734+0800][0.759s][gc,ref      ] GC(0) Phantom: 15 encountered, 14 discovered, 14 enqueued
[2024-07-24T19:24:02.734+0800][0.759s][gc,reloc    ] GC(0) Small Pages: 4 / 8M, Empty: 0M, Relocated: 1M, In-Place: 0
[2024-07-24T19:24:02.734+0800][0.759s][gc,reloc    ] GC(0) Medium Pages: 8 / 256M, Empty: 224M, Relocated: 0M, In-Place: 0
[2024-07-24T19:24:02.734+0800][0.759s][gc,reloc    ] GC(0) Large Pages: 0 / 0M, Empty: 0M, Relocated: 0M, In-Place: 0
[2024-07-24T19:24:02.734+0800][0.759s][gc,reloc    ] GC(0) Forwarding Usage: 0M
[2024-07-24T19:24:02.734+0800][0.759s][gc,heap     ] GC(0) Min Capacity: 2048M(100%)
[2024-07-24T19:24:02.734+0800][0.759s][gc,heap     ] GC(0) Max Capacity: 2048M(100%)
[2024-07-24T19:24:02.734+0800][0.759s][gc,heap     ] GC(0) Soft Max Capacity: 2048M(100%)
[2024-07-24T19:24:02.734+0800][0.759s][gc,heap     ] GC(0)                Mark Start          Mark End        Relocate Start      Relocate End           High               Low         
[2024-07-24T19:24:02.734+0800][0.759s][gc,heap     ] GC(0)  Capacity:     2048M (100%)       2048M (100%)       2048M (100%)       2048M (100%)       2048M (100%)       2048M (100%)   
[2024-07-24T19:24:02.734+0800][0.759s][gc,heap     ] GC(0)      Free:     1784M (87%)        1750M (85%)        1974M (96%)        1978M (97%)        1978M (97%)        1750M (85%)    
[2024-07-24T19:24:02.734+0800][0.759s][gc,heap     ] GC(0)      Used:      264M (13%)         298M (15%)          74M (4%)           70M (3%)          298M (15%)          70M (3%)     
[2024-07-24T19:24:02.734+0800][0.759s][gc,heap     ] GC(0)      Live:         -                10M (1%)           10M (1%)           10M (1%)             -                  -          
[2024-07-24T19:24:02.734+0800][0.759s][gc,heap     ] GC(0) Allocated:         -                34M (2%)           34M (2%)           34M (2%)             -                  -          
[2024-07-24T19:24:02.734+0800][0.759s][gc,heap     ] GC(0)   Garbage:         -               253M (12%)          29M (1%)           25M (1%)             -                  -          
[2024-07-24T19:24:02.734+0800][0.759s][gc,heap     ] GC(0) Reclaimed:         -                  -               224M (11%)         228M (11%)            -                  -          
[2024-07-24T19:24:02.734+0800][0.759s][gc          ] GC(0) Garbage Collection (Warmup) 264M(13%)->70M(3%)
[2024-07-24T19:24:03.415+0800][1.439s][gc,start    ] GC(1) Garbage Collection (Warmup)
[2024-07-24T19:24:03.415+0800][1.439s][gc,task     ] GC(1) Using 2 workers
[2024-07-24T19:24:03.415+0800][1.440s][gc,phases   ] GC(1) Pause Mark Start 0.018ms
[2024-07-24T19:24:03.431+0800][1.455s][gc,phases   ] GC(1) Concurrent Mark 15.340ms
[2024-07-24T19:24:03.431+0800][1.455s][gc,phases   ] GC(1) Pause Mark End 0.010ms
[2024-07-24T19:24:03.431+0800][1.455s][gc,phases   ] GC(1) Concurrent Mark Free 0.001ms
[2024-07-24T19:24:03.431+0800][1.456s][gc,phases   ] GC(1) Concurrent Process Non-Strong References 0.765ms
[2024-07-24T19:24:03.431+0800][1.456s][gc,phases   ] GC(1) Concurrent Reset Relocation Set 0.001ms
[2024-07-24T19:24:03.433+0800][1.458s][gc,phases   ] GC(1) Concurrent Select Relocation Set 1.637ms
[2024-07-24T19:24:03.433+0800][1.458s][gc,phases   ] GC(1) Pause Relocate Start 0.005ms
[2024-07-24T19:24:03.435+0800][1.460s][gc,phases   ] GC(1) Concurrent Relocate 1.424ms
[2024-07-24T19:24:03.435+0800][1.460s][gc,load     ] GC(1) Load: 0.00/0.00/0.00
[2024-07-24T19:24:03.435+0800][1.460s][gc,mmu      ] GC(1) MMU: 2ms/98.9%, 5ms/99.6%, 10ms/99.7%, 20ms/99.8%, 50ms/99.9%, 100ms/100.0%
[2024-07-24T19:24:03.435+0800][1.460s][gc,marking  ] GC(1) Mark: 2 stripe(s), 2 proactive flush(es), 1 terminate flush(es), 0 completion(s), 0 continuation(s) 
[2024-07-24T19:24:03.435+0800][1.460s][gc,marking  ] GC(1) Mark Stack Usage: 32M
[2024-07-24T19:24:03.435+0800][1.460s][gc,nmethod  ] GC(1) NMethods: 217 registered, 0 unregistered
[2024-07-24T19:24:03.435+0800][1.460s][gc,metaspace] GC(1) Metaspace: 0M used, 0M committed, 1088M reserved
[2024-07-24T19:24:03.435+0800][1.460s][gc,ref      ] GC(1) Soft: 93 encountered, 0 discovered, 0 enqueued
[2024-07-24T19:24:03.435+0800][1.460s][gc,ref      ] GC(1) Weak: 189 encountered, 109 discovered, 0 enqueued
[2024-07-24T19:24:03.435+0800][1.460s][gc,ref      ] GC(1) Final: 0 encountered, 0 discovered, 0 enqueued
[2024-07-24T19:24:03.435+0800][1.460s][gc,ref      ] GC(1) Phantom: 1 encountered, 0 discovered, 0 enqueued
[2024-07-24T19:24:03.435+0800][1.460s][gc,reloc    ] GC(1) Small Pages: 4 / 8M, Empty: 2M, Relocated: 1M, In-Place: 0
[2024-07-24T19:24:03.435+0800][1.460s][gc,reloc    ] GC(1) Medium Pages: 13 / 416M, Empty: 384M, Relocated: 0M, In-Place: 0
[2024-07-24T19:24:03.435+0800][1.460s][gc,reloc    ] GC(1) Large Pages: 0 / 0M, Empty: 0M, Relocated: 0M, In-Place: 0
[2024-07-24T19:24:03.435+0800][1.460s][gc,reloc    ] GC(1) Forwarding Usage: 0M
[2024-07-24T19:24:03.435+0800][1.460s][gc,heap     ] GC(1) Min Capacity: 2048M(100%)
[2024-07-24T19:24:03.435+0800][1.460s][gc,heap     ] GC(1) Max Capacity: 2048M(100%)
[2024-07-24T19:24:03.435+0800][1.460s][gc,heap     ] GC(1) Soft Max Capacity: 2048M(100%)
[2024-07-24T19:24:03.435+0800][1.460s][gc,heap     ] GC(1)                Mark Start          Mark End        Relocate Start      Relocate End           High               Low         
[2024-07-24T19:24:03.435+0800][1.460s][gc,heap     ] GC(1)  Capacity:     2048M (100%)       2048M (100%)       2048M (100%)       2048M (100%)       2048M (100%)       2048M (100%)   
[2024-07-24T19:24:03.435+0800][1.460s][gc,heap     ] GC(1)      Free:     1624M (79%)        1590M (78%)        1976M (96%)        1980M (97%)        1980M (97%)        1590M (78%)    
[2024-07-24T19:24:03.435+0800][1.460s][gc,heap     ] GC(1)      Used:      424M (21%)         458M (22%)          72M (4%)           68M (3%)          458M (22%)          68M (3%)     
[2024-07-24T19:24:03.435+0800][1.460s][gc,heap     ] GC(1)      Live:         -                 2M (0%)            2M (0%)            2M (0%)             -                  -          
[2024-07-24T19:24:03.435+0800][1.460s][gc,heap     ] GC(1) Allocated:         -                34M (2%)           34M (2%)           34M (2%)             -                  -          
[2024-07-24T19:24:03.435+0800][1.460s][gc,heap     ] GC(1)   Garbage:         -               421M (21%)          35M (2%)           31M (2%)             -                  -          
[2024-07-24T19:24:03.435+0800][1.460s][gc,heap     ] GC(1) Reclaimed:         -                  -               386M (19%)         390M (19%)            -                  -          
[2024-07-24T19:24:03.435+0800][1.460s][gc          ] GC(1) Garbage Collection (Warmup) 424M(21%)->68M(3%)
[2024-07-24T19:24:04.514+0800][2.538s][gc,start    ] GC(2) Garbage Collection (Warmup)
[2024-07-24T19:24:04.514+0800][2.538s][gc,task     ] GC(2) Using 2 workers
[2024-07-24T19:24:04.514+0800][2.539s][gc,phases   ] GC(2) Pause Mark Start 0.008ms
[2024-07-24T19:24:04.529+0800][2.554s][gc,phases   ] GC(2) Concurrent Mark 14.940ms
[2024-07-24T19:24:04.529+0800][2.554s][gc,phases   ] GC(2) Pause Mark End 0.026ms
[2024-07-24T19:24:04.529+0800][2.554s][gc,phases   ] GC(2) Concurrent Mark Free 0.002ms
[2024-07-24T19:24:04.530+0800][2.555s][gc,phases   ] GC(2) Concurrent Process Non-Strong References 0.706ms
[2024-07-24T19:24:04.530+0800][2.555s][gc,phases   ] GC(2) Concurrent Reset Relocation Set 0.001ms
[2024-07-24T19:24:04.532+0800][2.557s][gc,phases   ] GC(2) Concurrent Select Relocation Set 1.722ms
[2024-07-24T19:24:04.532+0800][2.557s][gc,phases   ] GC(2) Pause Relocate Start 0.007ms
[2024-07-24T19:24:04.534+0800][2.559s][gc,phases   ] GC(2) Concurrent Relocate 1.768ms
[2024-07-24T19:24:04.534+0800][2.559s][gc,load     ] GC(2) Load: 0.00/0.00/0.00
[2024-07-24T19:24:04.534+0800][2.559s][gc,mmu      ] GC(2) MMU: 2ms/98.7%, 5ms/99.3%, 10ms/99.7%, 20ms/99.8%, 50ms/99.9%, 100ms/100.0%
[2024-07-24T19:24:04.534+0800][2.559s][gc,marking  ] GC(2) Mark: 2 stripe(s), 1 proactive flush(es), 1 terminate flush(es), 0 completion(s), 0 continuation(s) 
[2024-07-24T19:24:04.534+0800][2.559s][gc,marking  ] GC(2) Mark Stack Usage: 32M
[2024-07-24T19:24:04.534+0800][2.559s][gc,nmethod  ] GC(2) NMethods: 224 registered, 0 unregistered
[2024-07-24T19:24:04.534+0800][2.559s][gc,metaspace] GC(2) Metaspace: 0M used, 0M committed, 1088M reserved
[2024-07-24T19:24:04.534+0800][2.559s][gc,ref      ] GC(2) Soft: 93 encountered, 0 discovered, 0 enqueued
[2024-07-24T19:24:04.534+0800][2.559s][gc,ref      ] GC(2) Weak: 189 encountered, 41 discovered, 0 enqueued
[2024-07-24T19:24:04.534+0800][2.559s][gc,ref      ] GC(2) Final: 0 encountered, 0 discovered, 0 enqueued
[2024-07-24T19:24:04.534+0800][2.559s][gc,ref      ] GC(2) Phantom: 1 encountered, 0 discovered, 0 enqueued
[2024-07-24T19:24:04.534+0800][2.559s][gc,reloc    ] GC(2) Small Pages: 3 / 6M, Empty: 0M, Relocated: 1M, In-Place: 0
[2024-07-24T19:24:04.534+0800][2.559s][gc,reloc    ] GC(2) Medium Pages: 20 / 640M, Empty: 608M, Relocated: 0M, In-Place: 0
[2024-07-24T19:24:04.534+0800][2.559s][gc,reloc    ] GC(2) Large Pages: 0 / 0M, Empty: 0M, Relocated: 0M, In-Place: 0
[2024-07-24T19:24:04.534+0800][2.559s][gc,reloc    ] GC(2) Forwarding Usage: 0M
[2024-07-24T19:24:04.534+0800][2.559s][gc,heap     ] GC(2) Min Capacity: 2048M(100%)
[2024-07-24T19:24:04.534+0800][2.559s][gc,heap     ] GC(2) Max Capacity: 2048M(100%)
[2024-07-24T19:24:04.534+0800][2.559s][gc,heap     ] GC(2) Soft Max Capacity: 2048M(100%)
[2024-07-24T19:24:04.534+0800][2.559s][gc,heap     ] GC(2)                Mark Start          Mark End        Relocate Start      Relocate End           High               Low         
[2024-07-24T19:24:04.534+0800][2.559s][gc,heap     ] GC(2)  Capacity:     2048M (100%)       2048M (100%)       2048M (100%)       2048M (100%)       2048M (100%)       2048M (100%)   
[2024-07-24T19:24:04.534+0800][2.559s][gc,heap     ] GC(2)      Free:     1402M (68%)        1368M (67%)        1976M (96%)        1978M (97%)        1978M (97%)        1368M (67%)    
[2024-07-24T19:24:04.534+0800][2.559s][gc,heap     ] GC(2)      Used:      646M (32%)         680M (33%)          72M (4%)           70M (3%)          680M (33%)          70M (3%)     
[2024-07-24T19:24:04.535+0800][2.559s][gc,heap     ] GC(2)      Live:         -                11M (1%)           11M (1%)           11M (1%)             -                  -          
[2024-07-24T19:24:04.535+0800][2.559s][gc,heap     ] GC(2) Allocated:         -                34M (2%)           34M (2%)           34M (2%)             -                  -          
[2024-07-24T19:24:04.535+0800][2.559s][gc,heap     ] GC(2)   Garbage:         -               634M (31%)          26M (1%)           24M (1%)             -                  -          
[2024-07-24T19:24:04.535+0800][2.559s][gc,heap     ] GC(2) Reclaimed:         -                  -               608M (30%)         610M (30%)            -                  -          
[2024-07-24T19:24:04.535+0800][2.559s][gc          ] GC(2) Garbage Collection (Warmup) 646M(32%)->70M(3%)
[2024-07-24T19:24:05.614+0800][3.638s][gc,start    ] GC(3) Garbage Collection (Timer)
[2024-07-24T19:24:05.614+0800][3.638s][gc,task     ] GC(3) Using 2 workers
[2024-07-24T19:24:05.614+0800][3.639s][gc,phases   ] GC(3) Pause Mark Start 0.010ms
[2024-07-24T19:24:05.676+0800][3.700s][gc,phases   ] GC(3) Concurrent Mark 17.676ms
[2024-07-24T19:24:05.676+0800][3.701s][gc,phases   ] GC(3) Pause Mark End 0.010ms
[2024-07-24T19:24:05.676+0800][3.701s][gc,phases   ] GC(3) Concurrent Mark Free 0.001ms
[2024-07-24T19:24:05.677+0800][3.702s][gc,phases   ] GC(3) Concurrent Process Non-Strong References 0.885ms
[2024-07-24T19:24:05.677+0800][3.702s][gc,phases   ] GC(3) Concurrent Reset Relocation Set 0.001ms
[2024-07-24T19:24:05.679+0800][3.703s][gc,phases   ] GC(3) Concurrent Select Relocation Set 1.783ms
[2024-07-24T19:24:05.679+0800][3.704s][gc,phases   ] GC(3) Pause Relocate Start 0.006ms
[2024-07-24T19:24:05.685+0800][3.710s][gc,phases   ] GC(3) Concurrent Relocate 5.899ms
[2024-07-24T19:24:05.685+0800][3.710s][gc,load     ] GC(3) Load: 0.00/0.00/0.00
[2024-07-24T19:24:05.685+0800][3.710s][gc,mmu      ] GC(3) MMU: 2ms/98.7%, 5ms/99.3%, 10ms/99.7%, 20ms/99.8%, 50ms/99.9%, 100ms/100.0%
[2024-07-24T19:24:05.685+0800][3.710s][gc,marking  ] GC(3) Mark: 2 stripe(s), 2 proactive flush(es), 1 terminate flush(es), 0 completion(s), 0 continuation(s) 
[2024-07-24T19:24:05.685+0800][3.710s][gc,marking  ] GC(3) Mark Stack Usage: 32M
[2024-07-24T19:24:05.685+0800][3.710s][gc,nmethod  ] GC(3) NMethods: 234 registered, 0 unregistered
[2024-07-24T19:24:05.685+0800][3.710s][gc,metaspace] GC(3) Metaspace: 0M used, 0M committed, 1088M reserved
[2024-07-24T19:24:05.686+0800][3.710s][gc,ref      ] GC(3) Soft: 93 encountered, 0 discovered, 0 enqueued
[2024-07-24T19:24:05.686+0800][3.710s][gc,ref      ] GC(3) Weak: 189 encountered, 0 discovered, 0 enqueued
[2024-07-24T19:24:05.686+0800][3.710s][gc,ref      ] GC(3) Final: 0 encountered, 0 discovered, 0 enqueued
[2024-07-24T19:24:05.686+0800][3.710s][gc,ref      ] GC(3) Phantom: 1 encountered, 0 discovered, 0 enqueued
[2024-07-24T19:24:05.686+0800][3.710s][gc,reloc    ] GC(3) Small Pages: 3 / 6M, Empty: 0M, Relocated: 1M, In-Place: 0
[2024-07-24T19:24:05.686+0800][3.710s][gc,reloc    ] GC(3) Medium Pages: 23 / 736M, Empty: 672M, Relocated: 10M, In-Place: 0
[2024-07-24T19:24:05.686+0800][3.710s][gc,reloc    ] GC(3) Large Pages: 0 / 0M, Empty: 0M, Relocated: 0M, In-Place: 0
[2024-07-24T19:24:05.686+0800][3.710s][gc,reloc    ] GC(3) Forwarding Usage: 0M
[2024-07-24T19:24:05.686+0800][3.710s][gc,heap     ] GC(3) Min Capacity: 2048M(100%)
[2024-07-24T19:24:05.686+0800][3.710s][gc,heap     ] GC(3) Max Capacity: 2048M(100%)
[2024-07-24T19:24:05.686+0800][3.710s][gc,heap     ] GC(3) Soft Max Capacity: 2048M(100%)
[2024-07-24T19:24:05.686+0800][3.710s][gc,heap     ] GC(3)                Mark Start          Mark End        Relocate Start      Relocate End           High               Low         
[2024-07-24T19:24:05.686+0800][3.710s][gc,heap     ] GC(3)  Capacity:     2048M (100%)       2048M (100%)       2048M (100%)       2048M (100%)       2048M (100%)       2048M (100%)   
[2024-07-24T19:24:05.686+0800][3.710s][gc,heap     ] GC(3)      Free:     1306M (64%)        1272M (62%)        1944M (95%)        1980M (97%)        1980M (97%)        1272M (62%)    
[2024-07-24T19:24:05.686+0800][3.710s][gc,heap     ] GC(3)      Used:      742M (36%)         776M (38%)         104M (5%)           68M (3%)          776M (38%)          68M (3%)     
[2024-07-24T19:24:05.686+0800][3.710s][gc,heap     ] GC(3)      Live:         -                11M (1%)           11M (1%)           11M (1%)             -                  -          
[2024-07-24T19:24:05.686+0800][3.710s][gc,heap     ] GC(3) Allocated:         -                34M (2%)           34M (2%)           33M (2%)             -                  -          
[2024-07-24T19:24:05.686+0800][3.710s][gc,heap     ] GC(3)   Garbage:         -               730M (36%)          58M (3%)           22M (1%)             -                  -          
[2024-07-24T19:24:05.686+0800][3.710s][gc,heap     ] GC(3) Reclaimed:         -                  -               672M (33%)         707M (35%)            -                  -          
[2024-07-24T19:24:05.686+0800][3.710s][gc          ] GC(3) Garbage Collection (Timer) 742M(36%)->68M(3%)
[2024-07-24T19:24:06.727+0800][4.751s][gc,start    ] GC(4) Garbage Collection (Timer)
[2024-07-24T19:24:06.727+0800][4.752s][gc,task     ] GC(4) Using 2 workers
[2024-07-24T19:24:06.727+0800][4.752s][gc,phases   ] GC(4) Pause Mark Start 0.014ms
[2024-07-24T19:24:06.742+0800][4.767s][gc,phases   ] GC(4) Concurrent Mark 14.934ms
[2024-07-24T19:24:06.743+0800][4.767s][gc,phases   ] GC(4) Pause Mark End 0.015ms
[2024-07-24T19:24:06.743+0800][4.767s][gc,phases   ] GC(4) Concurrent Mark Free 0.001ms
[2024-07-24T19:24:06.744+0800][4.768s][gc,phases   ] GC(4) Concurrent Process Non-Strong References 0.653ms
[2024-07-24T19:24:06.744+0800][4.768s][gc,phases   ] GC(4) Concurrent Reset Relocation Set 0.001ms
[2024-07-24T19:24:06.745+0800][4.770s][gc,phases   ] GC(4) Concurrent Select Relocation Set 1.510ms
[2024-07-24T19:24:06.745+0800][4.770s][gc,phases   ] GC(4) Pause Relocate Start 0.006ms
[2024-07-24T19:24:06.752+0800][4.777s][gc,phases   ] GC(4) Concurrent Relocate 7.373ms
[2024-07-24T19:24:06.753+0800][4.777s][gc,load     ] GC(4) Load: 0.00/0.00/0.00
[2024-07-24T19:24:06.753+0800][4.777s][gc,mmu      ] GC(4) MMU: 2ms/98.7%, 5ms/99.3%, 10ms/99.7%, 20ms/99.8%, 50ms/99.9%, 100ms/100.0%
[2024-07-24T19:24:06.753+0800][4.777s][gc,marking  ] GC(4) Mark: 2 stripe(s), 2 proactive flush(es), 1 terminate flush(es), 0 completion(s), 0 continuation(s) 
[2024-07-24T19:24:06.753+0800][4.777s][gc,marking  ] GC(4) Mark Stack Usage: 32M
[2024-07-24T19:24:06.753+0800][4.777s][gc,nmethod  ] GC(4) NMethods: 252 registered, 0 unregistered
[2024-07-24T19:24:06.753+0800][4.778s][gc,metaspace] GC(4) Metaspace: 0M used, 0M committed, 1088M reserved
[2024-07-24T19:24:06.753+0800][4.778s][gc,ref      ] GC(4) Soft: 93 encountered, 0 discovered, 0 enqueued
[2024-07-24T19:24:06.753+0800][4.778s][gc,ref      ] GC(4) Weak: 189 encountered, 157 discovered, 0 enqueued
[2024-07-24T19:24:06.753+0800][4.778s][gc,ref      ] GC(4) Final: 0 encountered, 0 discovered, 0 enqueued
[2024-07-24T19:24:06.753+0800][4.778s][gc,ref      ] GC(4) Phantom: 1 encountered, 0 discovered, 0 enqueued
[2024-07-24T19:24:06.753+0800][4.778s][gc,reloc    ] GC(4) Small Pages: 3 / 6M, Empty: 0M, Relocated: 1M, In-Place: 0
[2024-07-24T19:24:06.753+0800][4.778s][gc,reloc    ] GC(4) Medium Pages: 23 / 736M, Empty: 672M, Relocated: 13M, In-Place: 0
[2024-07-24T19:24:06.753+0800][4.778s][gc,reloc    ] GC(4) Large Pages: 0 / 0M, Empty: 0M, Relocated: 0M, In-Place: 0
[2024-07-24T19:24:06.753+0800][4.778s][gc,reloc    ] GC(4) Forwarding Usage: 0M
[2024-07-24T19:24:06.753+0800][4.778s][gc,heap     ] GC(4) Min Capacity: 2048M(100%)
[2024-07-24T19:24:06.753+0800][4.778s][gc,heap     ] GC(4) Max Capacity: 2048M(100%)
[2024-07-24T19:24:06.753+0800][4.778s][gc,heap     ] GC(4) Soft Max Capacity: 2048M(100%)
[2024-07-24T19:24:06.753+0800][4.778s][gc,heap     ] GC(4)                Mark Start          Mark End        Relocate Start      Relocate End           High               Low         
[2024-07-24T19:24:06.753+0800][4.778s][gc,heap     ] GC(4)  Capacity:     2048M (100%)       2048M (100%)       2048M (100%)       2048M (100%)       2048M (100%)       2048M (100%)   
[2024-07-24T19:24:06.753+0800][4.778s][gc,heap     ] GC(4)      Free:     1306M (64%)        1272M (62%)        1944M (95%)        1976M (96%)        1976M (96%)        1272M (62%)    
[2024-07-24T19:24:06.753+0800][4.778s][gc,heap     ] GC(4)      Used:      742M (36%)         776M (38%)         104M (5%)           72M (4%)          776M (38%)          72M (4%)     
[2024-07-24T19:24:06.753+0800][4.778s][gc,heap     ] GC(4)      Live:         -                14M (1%)           14M (1%)           14M (1%)             -                  -          
[2024-07-24T19:24:06.753+0800][4.778s][gc,heap     ] GC(4) Allocated:         -                34M (2%)           34M (2%)           37M (2%)             -                  -          
[2024-07-24T19:24:06.753+0800][4.778s][gc,heap     ] GC(4)   Garbage:         -               727M (36%)          55M (3%)           19M (1%)             -                  -          
[2024-07-24T19:24:06.753+0800][4.778s][gc,heap     ] GC(4) Reclaimed:         -                  -               672M (33%)         707M (35%)            -                  -          
[2024-07-24T19:24:06.753+0800][4.778s][gc          ] GC(4) Garbage Collection (Timer) 742M(36%)->72M(4%)
[2024-07-24T19:24:07.815+0800][5.840s][gc,start    ] GC(5) Garbage Collection (Timer)
[2024-07-24T19:24:07.815+0800][5.840s][gc,task     ] GC(5) Using 2 workers
[2024-07-24T19:24:07.816+0800][5.841s][gc,phases   ] GC(5) Pause Mark Start 0.009ms
[2024-07-24T19:24:07.831+0800][5.856s][gc,phases   ] GC(5) Concurrent Mark 15.152ms
[2024-07-24T19:24:07.832+0800][5.856s][gc,phases   ] GC(5) Pause Mark End 0.010ms
[2024-07-24T19:24:07.832+0800][5.856s][gc,phases   ] GC(5) Concurrent Mark Free 0.001ms
[2024-07-24T19:24:07.833+0800][5.857s][gc,phases   ] GC(5) Concurrent Process Non-Strong References 0.852ms
[2024-07-24T19:24:07.833+0800][5.857s][gc,phases   ] GC(5) Concurrent Reset Relocation Set 0.001ms
[2024-07-24T19:24:07.834+0800][5.859s][gc,phases   ] GC(5) Concurrent Select Relocation Set 1.903ms
[2024-07-24T19:24:07.835+0800][5.860s][gc,phases   ] GC(5) Pause Relocate Start 0.012ms
[2024-07-24T19:24:07.836+0800][5.861s][gc,phases   ] GC(5) Concurrent Relocate 1.569ms
[2024-07-24T19:24:07.836+0800][5.861s][gc,load     ] GC(5) Load: 0.00/0.00/0.00
[2024-07-24T19:24:07.836+0800][5.861s][gc,mmu      ] GC(5) MMU: 2ms/98.7%, 5ms/99.3%, 10ms/99.7%, 20ms/99.8%, 50ms/99.9%, 100ms/100.0%
[2024-07-24T19:24:07.836+0800][5.861s][gc,marking  ] GC(5) Mark: 2 stripe(s), 2 proactive flush(es), 1 terminate flush(es), 0 completion(s), 0 continuation(s) 
[2024-07-24T19:24:07.837+0800][5.861s][gc,marking  ] GC(5) Mark Stack Usage: 32M
[2024-07-24T19:24:07.837+0800][5.861s][gc,nmethod  ] GC(5) NMethods: 264 registered, 0 unregistered
[2024-07-24T19:24:07.837+0800][5.861s][gc,metaspace] GC(5) Metaspace: 0M used, 0M committed, 1088M reserved
[2024-07-24T19:24:07.837+0800][5.861s][gc,ref      ] GC(5) Soft: 93 encountered, 0 discovered, 0 enqueued
[2024-07-24T19:24:07.837+0800][5.861s][gc,ref      ] GC(5) Weak: 189 encountered, 0 discovered, 0 enqueued
[2024-07-24T19:24:07.837+0800][5.861s][gc,ref      ] GC(5) Final: 0 encountered, 0 discovered, 0 enqueued
[2024-07-24T19:24:07.837+0800][5.861s][gc,ref      ] GC(5) Phantom: 1 encountered, 0 discovered, 0 enqueued
[2024-07-24T19:24:07.837+0800][5.861s][gc,reloc    ] GC(5) Small Pages: 4 / 8M, Empty: 0M, Relocated: 1M, In-Place: 0
[2024-07-24T19:24:07.837+0800][5.861s][gc,reloc    ] GC(5) Medium Pages: 24 / 768M, Empty: 736M, Relocated: 0M, In-Place: 0
[2024-07-24T19:24:07.837+0800][5.861s][gc,reloc    ] GC(5) Large Pages: 0 / 0M, Empty: 0M, Relocated: 0M, In-Place: 0
[2024-07-24T19:24:07.837+0800][5.862s][gc,reloc    ] GC(5) Forwarding Usage: 0M
[2024-07-24T19:24:07.837+0800][5.862s][gc,heap     ] GC(5) Min Capacity: 2048M(100%)
[2024-07-24T19:24:07.837+0800][5.862s][gc,heap     ] GC(5) Max Capacity: 2048M(100%)
[2024-07-24T19:24:07.837+0800][5.862s][gc,heap     ] GC(5) Soft Max Capacity: 2048M(100%)
[2024-07-24T19:24:07.837+0800][5.862s][gc,heap     ] GC(5)                Mark Start          Mark End        Relocate Start      Relocate End           High               Low         
[2024-07-24T19:24:07.837+0800][5.862s][gc,heap     ] GC(5)  Capacity:     2048M (100%)       2048M (100%)       2048M (100%)       2048M (100%)       2048M (100%)       2048M (100%)   
[2024-07-24T19:24:07.837+0800][5.862s][gc,heap     ] GC(5)      Free:     1272M (62%)        1238M (60%)        1974M (96%)        1978M (97%)        1978M (97%)        1238M (60%)    
[2024-07-24T19:24:07.837+0800][5.862s][gc,heap     ] GC(5)      Used:      776M (38%)         810M (40%)          74M (4%)           70M (3%)          810M (40%)          70M (3%)     
[2024-07-24T19:24:07.837+0800][5.862s][gc,heap     ] GC(5)      Live:         -                 5M (0%)            5M (0%)            5M (0%)             -                  -          
[2024-07-24T19:24:07.837+0800][5.862s][gc,heap     ] GC(5) Allocated:         -                34M (2%)           34M (2%)           33M (2%)             -                  -          
[2024-07-24T19:24:07.837+0800][5.862s][gc,heap     ] GC(5)   Garbage:         -               770M (38%)          34M (2%)           30M (2%)             -                  -          
[2024-07-24T19:24:07.837+0800][5.862s][gc,heap     ] GC(5) Reclaimed:         -                  -               736M (36%)         739M (36%)            -                  -          
[2024-07-24T19:24:07.837+0800][5.862s][gc          ] GC(5) Garbage Collection (Timer) 776M(38%)->70M(3%)
[2024-07-24T19:24:08.914+0800][6.939s][gc,start    ] GC(6) Garbage Collection (Timer)
[2024-07-24T19:24:08.914+0800][6.939s][gc,task     ] GC(6) Using 2 workers
[2024-07-24T19:24:08.915+0800][6.939s][gc,phases   ] GC(6) Pause Mark Start 0.006ms
[2024-07-24T19:24:08.930+0800][6.955s][gc,phases   ] GC(6) Concurrent Mark 15.408ms
[2024-07-24T19:24:08.931+0800][6.955s][gc,phases   ] GC(6) Pause Mark End 0.010ms
[2024-07-24T19:24:08.931+0800][6.955s][gc,phases   ] GC(6) Concurrent Mark Free 0.001ms
[2024-07-24T19:24:08.931+0800][6.956s][gc,phases   ] GC(6) Concurrent Process Non-Strong References 0.887ms
[2024-07-24T19:24:08.931+0800][6.956s][gc,phases   ] GC(6) Concurrent Reset Relocation Set 0.001ms
[2024-07-24T19:24:08.934+0800][6.959s][gc,phases   ] GC(6) Concurrent Select Relocation Set 2.211ms
[2024-07-24T19:24:08.934+0800][6.959s][gc,phases   ] GC(6) Pause Relocate Start 0.007ms
[2024-07-24T19:24:08.935+0800][6.960s][gc,phases   ] GC(6) Concurrent Relocate 0.801ms
[2024-07-24T19:24:08.935+0800][6.960s][gc,load     ] GC(6) Load: 0.00/0.00/0.00
[2024-07-24T19:24:08.935+0800][6.960s][gc,mmu      ] GC(6) MMU: 2ms/98.7%, 5ms/99.3%, 10ms/99.7%, 20ms/99.8%, 50ms/99.9%, 100ms/100.0%
[2024-07-24T19:24:08.935+0800][6.960s][gc,marking  ] GC(6) Mark: 2 stripe(s), 2 proactive flush(es), 1 terminate flush(es), 0 completion(s), 0 continuation(s) 
[2024-07-24T19:24:08.935+0800][6.960s][gc,marking  ] GC(6) Mark Stack Usage: 32M
[2024-07-24T19:24:08.935+0800][6.960s][gc,nmethod  ] GC(6) NMethods: 277 registered, 0 unregistered
[2024-07-24T19:24:08.935+0800][6.960s][gc,metaspace] GC(6) Metaspace: 0M used, 0M committed, 1088M reserved
[2024-07-24T19:24:08.935+0800][6.960s][gc,ref      ] GC(6) Soft: 93 encountered, 0 discovered, 0 enqueued
[2024-07-24T19:24:08.935+0800][6.960s][gc,ref      ] GC(6) Weak: 189 encountered, 160 discovered, 0 enqueued
[2024-07-24T19:24:08.935+0800][6.960s][gc,ref      ] GC(6) Final: 0 encountered, 0 discovered, 0 enqueued
[2024-07-24T19:24:08.935+0800][6.960s][gc,ref      ] GC(6) Phantom: 1 encountered, 0 discovered, 0 enqueued
[2024-07-24T19:24:08.935+0800][6.960s][gc,reloc    ] GC(6) Small Pages: 3 / 6M, Empty: 0M, Relocated: 1M, In-Place: 0
[2024-07-24T19:24:08.935+0800][6.960s][gc,reloc    ] GC(6) Medium Pages: 24 / 768M, Empty: 736M, Relocated: 0M, In-Place: 0
[2024-07-24T19:24:08.935+0800][6.960s][gc,reloc    ] GC(6) Large Pages: 0 / 0M, Empty: 0M, Relocated: 0M, In-Place: 0
[2024-07-24T19:24:08.935+0800][6.960s][gc,reloc    ] GC(6) Forwarding Usage: 0M
[2024-07-24T19:24:08.935+0800][6.960s][gc,heap     ] GC(6) Min Capacity: 2048M(100%)
[2024-07-24T19:24:08.935+0800][6.960s][gc,heap     ] GC(6) Max Capacity: 2048M(100%)
[2024-07-24T19:24:08.935+0800][6.960s][gc,heap     ] GC(6) Soft Max Capacity: 2048M(100%)
[2024-07-24T19:24:08.935+0800][6.960s][gc,heap     ] GC(6)                Mark Start          Mark End        Relocate Start      Relocate End           High               Low         
[2024-07-24T19:24:08.935+0800][6.960s][gc,heap     ] GC(6)  Capacity:     2048M (100%)       2048M (100%)       2048M (100%)       2048M (100%)       2048M (100%)       2048M (100%)   
[2024-07-24T19:24:08.935+0800][6.960s][gc,heap     ] GC(6)      Free:     1274M (62%)        1240M (61%)        1976M (96%)        1978M (97%)        1978M (97%)        1240M (61%)    
[2024-07-24T19:24:08.935+0800][6.960s][gc,heap     ] GC(6)      Used:      774M (38%)         808M (39%)          72M (4%)           70M (3%)          808M (39%)          70M (3%)     
[2024-07-24T19:24:08.935+0800][6.960s][gc,heap     ] GC(6)      Live:         -                 2M (0%)            2M (0%)            2M (0%)             -                  -          
[2024-07-24T19:24:08.935+0800][6.960s][gc,heap     ] GC(6) Allocated:         -                34M (2%)           34M (2%)           34M (2%)             -                  -          
[2024-07-24T19:24:08.935+0800][6.960s][gc,heap     ] GC(6)   Garbage:         -               771M (38%)          35M (2%)           33M (2%)             -                  -          
[2024-07-24T19:24:08.935+0800][6.960s][gc,heap     ] GC(6) Reclaimed:         -                  -               736M (36%)         738M (36%)            -                  -          
[2024-07-24T19:24:08.935+0800][6.960s][gc          ] GC(6) Garbage Collection (Timer) 774M(38%)->70M(3%)
[2024-07-24T19:24:10.027+0800][8.052s][gc,start    ] GC(7) Garbage Collection (Timer)
[2024-07-24T19:24:10.027+0800][8.052s][gc,task     ] GC(7) Using 2 workers
[2024-07-24T19:24:10.027+0800][8.053s][gc,phases   ] GC(7) Pause Mark Start 0.011ms
[2024-07-24T19:24:10.043+0800][8.068s][gc,phases   ] GC(7) Concurrent Mark 15.009ms
[2024-07-24T19:24:10.043+0800][8.068s][gc,phases   ] GC(7) Pause Mark End 0.010ms
[2024-07-24T19:24:10.044+0800][8.068s][gc,phases   ] GC(7) Concurrent Mark Free 0.001ms
[2024-07-24T19:24:10.044+0800][8.069s][gc,phases   ] GC(7) Concurrent Process Non-Strong References 0.856ms
[2024-07-24T19:24:10.044+0800][8.069s][gc,phases   ] GC(7) Concurrent Reset Relocation Set 0.001ms
[2024-07-24T19:24:10.046+0800][8.071s][gc,phases   ] GC(7) Concurrent Select Relocation Set 1.711ms
[2024-07-24T19:24:10.046+0800][8.071s][gc,phases   ] GC(7) Pause Relocate Start 0.006ms
[2024-07-24T19:24:10.048+0800][8.072s][gc,phases   ] GC(7) Concurrent Relocate 0.999ms
[2024-07-24T19:24:10.048+0800][8.072s][gc,load     ] GC(7) Load: 0.00/0.00/0.00
[2024-07-24T19:24:10.048+0800][8.072s][gc,mmu      ] GC(7) MMU: 2ms/98.7%, 5ms/99.3%, 10ms/99.7%, 20ms/99.8%, 50ms/99.9%, 100ms/100.0%
[2024-07-24T19:24:10.048+0800][8.073s][gc,marking  ] GC(7) Mark: 2 stripe(s), 2 proactive flush(es), 1 terminate flush(es), 0 completion(s), 0 continuation(s) 
[2024-07-24T19:24:10.048+0800][8.073s][gc,marking  ] GC(7) Mark Stack Usage: 32M
[2024-07-24T19:24:10.048+0800][8.073s][gc,nmethod  ] GC(7) NMethods: 277 registered, 0 unregistered
[2024-07-24T19:24:10.048+0800][8.073s][gc,metaspace] GC(7) Metaspace: 0M used, 0M committed, 1088M reserved
[2024-07-24T19:24:10.048+0800][8.073s][gc,ref      ] GC(7) Soft: 93 encountered, 0 discovered, 0 enqueued
[2024-07-24T19:24:10.048+0800][8.073s][gc,ref      ] GC(7) Weak: 189 encountered, 0 discovered, 0 enqueued
[2024-07-24T19:24:10.048+0800][8.073s][gc,ref      ] GC(7) Final: 0 encountered, 0 discovered, 0 enqueued
[2024-07-24T19:24:10.048+0800][8.073s][gc,ref      ] GC(7) Phantom: 1 encountered, 0 discovered, 0 enqueued
[2024-07-24T19:24:10.048+0800][8.073s][gc,reloc    ] GC(7) Small Pages: 3 / 6M, Empty: 2M, Relocated: 1M, In-Place: 0
[2024-07-24T19:24:10.048+0800][8.073s][gc,reloc    ] GC(7) Medium Pages: 24 / 768M, Empty: 736M, Relocated: 0M, In-Place: 0
[2024-07-24T19:24:10.048+0800][8.073s][gc,reloc    ] GC(7) Large Pages: 0 / 0M, Empty: 0M, Relocated: 0M, In-Place: 0
[2024-07-24T19:24:10.048+0800][8.073s][gc,reloc    ] GC(7) Forwarding Usage: 0M
[2024-07-24T19:24:10.048+0800][8.073s][gc,heap     ] GC(7) Min Capacity: 2048M(100%)
[2024-07-24T19:24:10.048+0800][8.073s][gc,heap     ] GC(7) Max Capacity: 2048M(100%)
[2024-07-24T19:24:10.048+0800][8.073s][gc,heap     ] GC(7) Soft Max Capacity: 2048M(100%)
[2024-07-24T19:24:10.048+0800][8.073s][gc,heap     ] GC(7)                Mark Start          Mark End        Relocate Start      Relocate End           High               Low         
[2024-07-24T19:24:10.048+0800][8.073s][gc,heap     ] GC(7)  Capacity:     2048M (100%)       2048M (100%)       2048M (100%)       2048M (100%)       2048M (100%)       2048M (100%)   
[2024-07-24T19:24:10.048+0800][8.073s][gc,heap     ] GC(7)      Free:     1274M (62%)        1240M (61%)        1978M (97%)        1978M (97%)        1978M (97%)        1240M (61%)    
[2024-07-24T19:24:10.048+0800][8.073s][gc,heap     ] GC(7)      Used:      774M (38%)         808M (39%)          70M (3%)           70M (3%)          808M (39%)          70M (3%)     
[2024-07-24T19:24:10.048+0800][8.073s][gc,heap     ] GC(7)      Live:         -                 5M (0%)            5M (0%)            5M (0%)             -                  -          
[2024-07-24T19:24:10.048+0800][8.073s][gc,heap     ] GC(7) Allocated:         -                34M (2%)           34M (2%)           33M (2%)             -                  -          
[2024-07-24T19:24:10.048+0800][8.073s][gc,heap     ] GC(7)   Garbage:         -               768M (38%)          30M (2%)           30M (2%)             -                  -          
[2024-07-24T19:24:10.048+0800][8.073s][gc,heap     ] GC(7) Reclaimed:         -                  -               738M (36%)         737M (36%)            -                  -          
[2024-07-24T19:24:10.048+0800][8.073s][gc          ] GC(7) Garbage Collection (Timer) 774M(38%)->70M(3%)
[2024-07-24T19:24:11.125+0800][9.149s][gc,start    ] GC(8) Garbage Collection (Timer)
[2024-07-24T19:24:11.125+0800][9.150s][gc,task     ] GC(8) Using 2 workers
[2024-07-24T19:24:11.125+0800][9.150s][gc,phases   ] GC(8) Pause Mark Start 0.008ms
[2024-07-24T19:24:11.141+0800][9.165s][gc,phases   ] GC(8) Concurrent Mark 15.436ms
[2024-07-24T19:24:11.141+0800][9.166s][gc,phases   ] GC(8) Pause Mark End 0.051ms
[2024-07-24T19:24:11.141+0800][9.166s][gc,phases   ] GC(8) Concurrent Mark Free 0.004ms
[2024-07-24T19:24:11.142+0800][9.167s][gc,phases   ] GC(8) Concurrent Process Non-Strong References 0.794ms
[2024-07-24T19:24:11.142+0800][9.167s][gc,phases   ] GC(8) Concurrent Reset Relocation Set 0.001ms
[2024-07-24T19:24:11.143+0800][9.169s][gc,phases   ] GC(8) Concurrent Select Relocation Set 1.805ms
[2024-07-24T19:24:11.144+0800][9.169s][gc,phases   ] GC(8) Pause Relocate Start 0.006ms
[2024-07-24T19:24:11.145+0800][9.170s][gc,phases   ] GC(8) Concurrent Relocate 1.297ms
[2024-07-24T19:24:11.145+0800][9.170s][gc,load     ] GC(8) Load: 0.00/0.00/0.00
[2024-07-24T19:24:11.145+0800][9.170s][gc,mmu      ] GC(8) MMU: 2ms/97.5%, 5ms/98.9%, 10ms/99.4%, 20ms/99.7%, 50ms/99.9%, 100ms/99.9%
[2024-07-24T19:24:11.145+0800][9.170s][gc,marking  ] GC(8) Mark: 2 stripe(s), 2 proactive flush(es), 1 terminate flush(es), 0 completion(s), 0 continuation(s) 
[2024-07-24T19:24:11.145+0800][9.170s][gc,marking  ] GC(8) Mark Stack Usage: 32M
[2024-07-24T19:24:11.145+0800][9.171s][gc,nmethod  ] GC(8) NMethods: 289 registered, 0 unregistered
[2024-07-24T19:24:11.145+0800][9.171s][gc,metaspace] GC(8) Metaspace: 0M used, 0M committed, 1088M reserved
[2024-07-24T19:24:11.145+0800][9.171s][gc,ref      ] GC(8) Soft: 93 encountered, 0 discovered, 0 enqueued
[2024-07-24T19:24:11.145+0800][9.171s][gc,ref      ] GC(8) Weak: 189 encountered, 15 discovered, 0 enqueued
[2024-07-24T19:24:11.145+0800][9.171s][gc,ref      ] GC(8) Final: 0 encountered, 0 discovered, 0 enqueued
[2024-07-24T19:24:11.145+0800][9.171s][gc,ref      ] GC(8) Phantom: 1 encountered, 0 discovered, 0 enqueued
[2024-07-24T19:24:11.145+0800][9.171s][gc,reloc    ] GC(8) Small Pages: 3 / 6M, Empty: 0M, Relocated: 1M, In-Place: 0
[2024-07-24T19:24:11.145+0800][9.171s][gc,reloc    ] GC(8) Medium Pages: 24 / 768M, Empty: 736M, Relocated: 0M, In-Place: 0
[2024-07-24T19:24:11.145+0800][9.171s][gc,reloc    ] GC(8) Large Pages: 0 / 0M, Empty: 0M, Relocated: 0M, In-Place: 0
[2024-07-24T19:24:11.145+0800][9.171s][gc,reloc    ] GC(8) Forwarding Usage: 0M
[2024-07-24T19:24:11.145+0800][9.171s][gc,heap     ] GC(8) Min Capacity: 2048M(100%)
[2024-07-24T19:24:11.145+0800][9.171s][gc,heap     ] GC(8) Max Capacity: 2048M(100%)
[2024-07-24T19:24:11.145+0800][9.171s][gc,heap     ] GC(8) Soft Max Capacity: 2048M(100%)
[2024-07-24T19:24:11.145+0800][9.171s][gc,heap     ] GC(8)                Mark Start          Mark End        Relocate Start      Relocate End           High               Low         
[2024-07-24T19:24:11.145+0800][9.171s][gc,heap     ] GC(8)  Capacity:     2048M (100%)       2048M (100%)       2048M (100%)       2048M (100%)       2048M (100%)       2048M (100%)   
[2024-07-24T19:24:11.145+0800][9.171s][gc,heap     ] GC(8)      Free:     1274M (62%)        1240M (61%)        1976M (96%)        1978M (97%)        1978M (97%)        1240M (61%)    
[2024-07-24T19:24:11.145+0800][9.171s][gc,heap     ] GC(8)      Used:      774M (38%)         808M (39%)          72M (4%)           70M (3%)          808M (39%)          70M (3%)     
[2024-07-24T19:24:11.145+0800][9.171s][gc,heap     ] GC(8)      Live:         -                 4M (0%)            4M (0%)            4M (0%)             -                  -          
[2024-07-24T19:24:11.145+0800][9.171s][gc,heap     ] GC(8) Allocated:         -                34M (2%)           34M (2%)           34M (2%)             -                  -          
[2024-07-24T19:24:11.145+0800][9.171s][gc,heap     ] GC(8)   Garbage:         -               769M (38%)          33M (2%)           31M (2%)             -                  -          
[2024-07-24T19:24:11.145+0800][9.171s][gc,heap     ] GC(8) Reclaimed:         -                  -               736M (36%)         738M (36%)            -                  -          
[2024-07-24T19:24:11.145+0800][9.171s][gc          ] GC(8) Garbage Collection (Timer) 774M(38%)->70M(3%)
[2024-07-24T19:24:12.116+0800][10.140s][gc,stats    ] === Garbage Collection Statistics =======================================================================================================================
[2024-07-24T19:24:12.116+0800][10.140s][gc,stats    ]                                                              Last 10s              Last 10m              Last 10h                Total
[2024-07-24T19:24:12.116+0800][10.140s][gc,stats    ]                                                              Avg / Max             Avg / Max             Avg / Max             Avg / Max
[2024-07-24T19:24:12.116+0800][10.140s][gc,stats    ]   Collector: Garbage Collection Cycle                     27.069 / 71.765       27.069 / 71.765       27.069 / 71.765       27.069 / 71.765      ms
[2024-07-24T19:24:12.116+0800][10.140s][gc,stats    ]  Contention: Mark Segment Reset Contention                     0 / 2                 0 / 2                 0 / 2                 0 / 2           ops/s
[2024-07-24T19:24:12.116+0800][10.140s][gc,stats    ]  Contention: Mark SeqNum Reset Contention                      0 / 0                 0 / 0                 0 / 0                 0 / 0           ops/s
[2024-07-24T19:24:12.116+0800][10.141s][gc,stats    ]    Critical: Allocation Stall                                  0 / 0                 0 / 0                 0 / 0                 0 / 0           ops/s
[2024-07-24T19:24:12.116+0800][10.141s][gc,stats    ]    Critical: Allocation Stall                              0.000 / 0.000         0.000 / 0.000         0.000 / 0.000         0.000 / 0.000       ms
[2024-07-24T19:24:12.116+0800][10.141s][gc,stats    ]    Critical: GC Locker Stall                                   0 / 0                 0 / 0                 0 / 0                 0 / 0           ops/s
[2024-07-24T19:24:12.116+0800][10.141s][gc,stats    ]    Critical: GC Locker Stall                               0.000 / 0.000         0.000 / 0.000         0.000 / 0.000         0.000 / 0.000       ms
[2024-07-24T19:24:12.116+0800][10.141s][gc,stats    ]    Critical: Relocation Stall                                  0 / 0                 0 / 0                 0 / 0                 0 / 0           ops/s
[2024-07-24T19:24:12.116+0800][10.141s][gc,stats    ]    Critical: Relocation Stall                              0.000 / 0.000         0.000 / 0.000         0.000 / 0.000         0.000 / 0.000       ms
[2024-07-24T19:24:12.116+0800][10.141s][gc,stats    ]      Memory: Allocation Rate                                 630 / 706             630 / 706             630 / 706             630 / 706         MB/s
[2024-07-24T19:24:12.116+0800][10.141s][gc,stats    ]      Memory: Out Of Memory                                     0 / 0                 0 / 0                 0 / 0                 0 / 0           ops/s
[2024-07-24T19:24:12.116+0800][10.141s][gc,stats    ]      Memory: Page Cache Flush                                  0 / 0                 0 / 0                 0 / 0                 0 / 0           MB/s
[2024-07-24T19:24:12.116+0800][10.141s][gc,stats    ]      Memory: Page Cache Hit L1                                19 / 26               19 / 26               19 / 26               19 / 26          ops/s
[2024-07-24T19:24:12.116+0800][10.141s][gc,stats    ]      Memory: Page Cache Hit L2                                 0 / 0                 0 / 0                 0 / 0                 0 / 0           ops/s
[2024-07-24T19:24:12.116+0800][10.141s][gc,stats    ]      Memory: Page Cache Hit L3                                 3 / 16                3 / 16                3 / 16                3 / 16          ops/s
[2024-07-24T19:24:12.116+0800][10.141s][gc,stats    ]      Memory: Page Cache Miss                                   0 / 1                 0 / 1                 0 / 1                 0 / 1           ops/s
[2024-07-24T19:24:12.116+0800][10.141s][gc,stats    ]      Memory: Uncommit                                          0 / 0                 0 / 0                 0 / 0                 0 / 0           MB/s
[2024-07-24T19:24:12.116+0800][10.141s][gc,stats    ]      Memory: Undo Object Allocation Failed                     0 / 0                 0 / 0                 0 / 0                 0 / 0           ops/s
[2024-07-24T19:24:12.116+0800][10.141s][gc,stats    ]      Memory: Undo Object Allocation Succeeded                  0 / 1                 0 / 1                 0 / 1                 0 / 1           ops/s
[2024-07-24T19:24:12.116+0800][10.141s][gc,stats    ]      Memory: Undo Page Allocation                              0 / 0                 0 / 0                 0 / 0                 0 / 0           ops/s
[2024-07-24T19:24:12.116+0800][10.141s][gc,stats    ]       Phase: Concurrent Mark                              14.740 / 17.676       14.740 / 17.676       14.740 / 17.676       14.740 / 17.676      ms
[2024-07-24T19:24:12.116+0800][10.141s][gc,stats    ]       Phase: Concurrent Mark Continue                      0.000 / 0.000         0.000 / 0.000         0.000 / 0.000         0.000 / 0.000       ms
[2024-07-24T19:24:12.116+0800][10.141s][gc,stats    ]       Phase: Concurrent Mark Free                          0.001 / 0.004         0.001 / 0.004         0.001 / 0.004         0.001 / 0.004       ms
[2024-07-24T19:24:12.116+0800][10.141s][gc,stats    ]       Phase: Concurrent Process Non-Strong References      0.792 / 0.887         0.792 / 0.887         0.792 / 0.887         0.792 / 0.887       ms
[2024-07-24T19:24:12.116+0800][10.141s][gc,stats    ]       Phase: Concurrent Relocate                           2.513 / 7.373         2.513 / 7.373         2.513 / 7.373         2.513 / 7.373       ms
[2024-07-24T19:24:12.116+0800][10.141s][gc,stats    ]       Phase: Concurrent Reset Relocation Set               0.001 / 0.001         0.001 / 0.001         0.001 / 0.001         0.001 / 0.001       ms
[2024-07-24T19:24:12.116+0800][10.141s][gc,stats    ]       Phase: Concurrent Select Relocation Set              2.510 / 8.304         2.510 / 8.304         2.510 / 8.304         2.510 / 8.304       ms
[2024-07-24T19:24:12.116+0800][10.141s][gc,stats    ]       Phase: Pause Mark End                                0.018 / 0.051         0.018 / 0.051         0.018 / 0.051         0.018 / 0.051       ms
[2024-07-24T19:24:12.116+0800][10.141s][gc,stats    ]       Phase: Pause Mark Start                              0.010 / 0.018         0.010 / 0.018         0.010 / 0.018         0.010 / 0.018       ms
[2024-07-24T19:24:12.116+0800][10.141s][gc,stats    ]       Phase: Pause Relocate Start                          0.007 / 0.012         0.007 / 0.012         0.007 / 0.012         0.007 / 0.012       ms
[2024-07-24T19:24:12.116+0800][10.141s][gc,stats    ]    Subphase: Concurrent Classes Purge                      0.095 / 0.142         0.095 / 0.142         0.095 / 0.142         0.095 / 0.142       ms
[2024-07-24T19:24:12.116+0800][10.141s][gc,stats    ]    Subphase: Concurrent Classes Unlink                     0.233 / 0.322         0.233 / 0.322         0.233 / 0.322         0.233 / 0.322       ms
[2024-07-24T19:24:12.116+0800][10.141s][gc,stats    ]    Subphase: Concurrent Mark                               8.201 / 17.223        8.201 / 17.223        8.201 / 17.223        8.201 / 17.223      ms
[2024-07-24T19:24:12.116+0800][10.141s][gc,stats    ]    Subphase: Concurrent Mark Try Flush                     0.118 / 0.148         0.118 / 0.148         0.118 / 0.148         0.118 / 0.148       ms
[2024-07-24T19:24:12.117+0800][10.141s][gc,stats    ]    Subphase: Concurrent Mark Try Terminate                 4.229 / 15.739        4.229 / 15.739        4.229 / 15.739        4.229 / 15.739      ms
[2024-07-24T19:24:12.117+0800][10.141s][gc,stats    ]    Subphase: Concurrent References Enqueue                 0.001 / 0.003         0.001 / 0.003         0.001 / 0.003         0.001 / 0.003       ms
[2024-07-24T19:24:12.117+0800][10.141s][gc,stats    ]    Subphase: Concurrent References Process                 0.101 / 0.121         0.101 / 0.121         0.101 / 0.121         0.101 / 0.121       ms
[2024-07-24T19:24:12.117+0800][10.141s][gc,stats    ]    Subphase: Concurrent Roots ClassLoaderDataGraph         0.077 / 0.231         0.077 / 0.231         0.077 / 0.231         0.077 / 0.231       ms
[2024-07-24T19:24:12.117+0800][10.141s][gc,stats    ]    Subphase: Concurrent Roots CodeCache                    0.000 / 0.000         0.000 / 0.000         0.000 / 0.000         0.000 / 0.000       ms
[2024-07-24T19:24:12.117+0800][10.141s][gc,stats    ]    Subphase: Concurrent Roots JavaThreads                  0.103 / 0.180         0.103 / 0.180         0.103 / 0.180         0.103 / 0.180       ms
[2024-07-24T19:24:12.117+0800][10.141s][gc,stats    ]    Subphase: Concurrent Roots OopStorageSet                0.021 / 0.051         0.021 / 0.051         0.021 / 0.051         0.021 / 0.051       ms
[2024-07-24T19:24:12.117+0800][10.141s][gc,stats    ]    Subphase: Concurrent Weak Roots OopStorageSet           0.129 / 0.163         0.129 / 0.163         0.129 / 0.163         0.129 / 0.163       ms
[2024-07-24T19:24:12.117+0800][10.141s][gc,stats    ]    Subphase: Pause Mark Try Complete                       0.000 / 0.000         0.000 / 0.000         0.000 / 0.000         0.000 / 0.000       ms
[2024-07-24T19:24:12.117+0800][10.141s][gc,stats    ]      System: Java Threads                                     12 / 12               12 / 12               12 / 12               12 / 12          threads
[2024-07-24T19:24:12.117+0800][10.141s][gc,stats    ] =========================================================================================================================================================
[2024-07-24T19:24:12.226+0800][10.250s][gc,start    ] GC(9) Garbage Collection (Timer)
[2024-07-24T19:24:12.226+0800][10.250s][gc,task     ] GC(9) Using 2 workers
[2024-07-24T19:24:12.226+0800][10.250s][gc,phases   ] GC(9) Pause Mark Start 0.007ms
[2024-07-24T19:24:12.242+0800][10.266s][gc,phases   ] GC(9) Concurrent Mark 15.749ms
[2024-07-24T19:24:12.242+0800][10.266s][gc,phases   ] GC(9) Pause Mark End 0.009ms
[2024-07-24T19:24:12.242+0800][10.267s][gc,phases   ] GC(9) Concurrent Mark Free 0.001ms
[2024-07-24T19:24:12.243+0800][10.268s][gc,phases   ] GC(9) Concurrent Process Non-Strong References 0.960ms
[2024-07-24T19:24:12.243+0800][10.268s][gc,phases   ] GC(9) Concurrent Reset Relocation Set 0.001ms
[2024-07-24T19:24:12.245+0800][10.269s][gc,phases   ] GC(9) Concurrent Select Relocation Set 1.894ms
[2024-07-24T19:24:12.245+0800][10.270s][gc,phases   ] GC(9) Pause Relocate Start 0.005ms
[2024-07-24T19:24:12.246+0800][10.271s][gc,phases   ] GC(9) Concurrent Relocate 0.966ms
[2024-07-24T19:24:12.246+0800][10.271s][gc,load     ] GC(9) Load: 0.00/0.00/0.00
[2024-07-24T19:24:12.246+0800][10.271s][gc,mmu      ] GC(9) MMU: 2ms/97.5%, 5ms/98.9%, 10ms/99.4%, 20ms/99.7%, 50ms/99.9%, 100ms/99.9%
[2024-07-24T19:24:12.246+0800][10.271s][gc,marking  ] GC(9) Mark: 2 stripe(s), 2 proactive flush(es), 1 terminate flush(es), 0 completion(s), 0 continuation(s) 
[2024-07-24T19:24:12.246+0800][10.271s][gc,marking  ] GC(9) Mark Stack Usage: 32M
[2024-07-24T19:24:12.246+0800][10.271s][gc,nmethod  ] GC(9) NMethods: 289 registered, 0 unregistered
[2024-07-24T19:24:12.246+0800][10.271s][gc,metaspace] GC(9) Metaspace: 0M used, 0M committed, 1088M reserved
[2024-07-24T19:24:12.246+0800][10.271s][gc,ref      ] GC(9) Soft: 93 encountered, 0 discovered, 0 enqueued
[2024-07-24T19:24:12.246+0800][10.271s][gc,ref      ] GC(9) Weak: 189 encountered, 0 discovered, 0 enqueued
[2024-07-24T19:24:12.246+0800][10.271s][gc,ref      ] GC(9) Final: 0 encountered, 0 discovered, 0 enqueued
[2024-07-24T19:24:12.247+0800][10.271s][gc,ref      ] GC(9) Phantom: 1 encountered, 0 discovered, 0 enqueued
[2024-07-24T19:24:12.247+0800][10.271s][gc,reloc    ] GC(9) Small Pages: 3 / 6M, Empty: 2M, Relocated: 1M, In-Place: 0
[2024-07-24T19:24:12.247+0800][10.271s][gc,reloc    ] GC(9) Medium Pages: 24 / 768M, Empty: 736M, Relocated: 0M, In-Place: 0
[2024-07-24T19:24:12.247+0800][10.271s][gc,reloc    ] GC(9) Large Pages: 0 / 0M, Empty: 0M, Relocated: 0M, In-Place: 0
[2024-07-24T19:24:12.247+0800][10.271s][gc,reloc    ] GC(9) Forwarding Usage: 0M
[2024-07-24T19:24:12.247+0800][10.271s][gc,heap     ] GC(9) Min Capacity: 2048M(100%)
[2024-07-24T19:24:12.247+0800][10.271s][gc,heap     ] GC(9) Max Capacity: 2048M(100%)
[2024-07-24T19:24:12.247+0800][10.271s][gc,heap     ] GC(9) Soft Max Capacity: 2048M(100%)
[2024-07-24T19:24:12.247+0800][10.271s][gc,heap     ] GC(9)                Mark Start          Mark End        Relocate Start      Relocate End           High               Low         
[2024-07-24T19:24:12.247+0800][10.271s][gc,heap     ] GC(9)  Capacity:     2048M (100%)       2048M (100%)       2048M (100%)       2048M (100%)       2048M (100%)       2048M (100%)   
[2024-07-24T19:24:12.247+0800][10.271s][gc,heap     ] GC(9)      Free:     1274M (62%)        1240M (61%)        1978M (97%)        1978M (97%)        1978M (97%)        1240M (61%)    
[2024-07-24T19:24:12.247+0800][10.271s][gc,heap     ] GC(9)      Used:      774M (38%)         808M (39%)          70M (3%)           70M (3%)          808M (39%)          70M (3%)     
[2024-07-24T19:24:12.247+0800][10.271s][gc,heap     ] GC(9)      Live:         -                 3M (0%)            3M (0%)            3M (0%)             -                  -          
[2024-07-24T19:24:12.247+0800][10.271s][gc,heap     ] GC(9) Allocated:         -                34M (2%)           34M (2%)           33M (2%)             -                  -          
[2024-07-24T19:24:12.247+0800][10.271s][gc,heap     ] GC(9)   Garbage:         -               770M (38%)          32M (2%)           32M (2%)             -                  -          
[2024-07-24T19:24:12.247+0800][10.271s][gc,heap     ] GC(9) Reclaimed:         -                  -               738M (36%)         737M (36%)            -                  -          
[2024-07-24T19:24:12.247+0800][10.271s][gc          ] GC(9) Garbage Collection (Timer) 774M(38%)->70M(3%)
[2024-07-24T19:24:13.312+0800][11.337s][gc,start    ] GC(10) Garbage Collection (Timer)
[2024-07-24T19:24:13.312+0800][11.337s][gc,task     ] GC(10) Using 2 workers
[2024-07-24T19:24:13.312+0800][11.337s][gc,phases   ] GC(10) Pause Mark Start 0.012ms
[2024-07-24T19:24:13.328+0800][11.352s][gc,phases   ] GC(10) Concurrent Mark 15.361ms
[2024-07-24T19:24:13.328+0800][11.353s][gc,phases   ] GC(10) Pause Mark End 0.011ms
[2024-07-24T19:24:13.328+0800][11.353s][gc,phases   ] GC(10) Concurrent Mark Free 0.004ms
[2024-07-24T19:24:13.329+0800][11.354s][gc,phases   ] GC(10) Concurrent Process Non-Strong References 0.934ms
[2024-07-24T19:24:13.329+0800][11.354s][gc,phases   ] GC(10) Concurrent Reset Relocation Set 0.001ms
[2024-07-24T19:24:13.331+0800][11.356s][gc,phases   ] GC(10) Concurrent Select Relocation Set 1.477ms
[2024-07-24T19:24:13.331+0800][11.356s][gc,phases   ] GC(10) Pause Relocate Start 0.006ms
[2024-07-24T19:24:13.332+0800][11.357s][gc,phases   ] GC(10) Concurrent Relocate 0.908ms
[2024-07-24T19:24:13.332+0800][11.357s][gc,load     ] GC(10) Load: 0.00/0.00/0.00
[2024-07-24T19:24:13.332+0800][11.357s][gc,mmu      ] GC(10) MMU: 2ms/97.5%, 5ms/98.9%, 10ms/99.4%, 20ms/99.7%, 50ms/99.9%, 100ms/99.9%
[2024-07-24T19:24:13.332+0800][11.357s][gc,marking  ] GC(10) Mark: 2 stripe(s), 2 proactive flush(es), 1 terminate flush(es), 0 completion(s), 0 continuation(s) 
[2024-07-24T19:24:13.332+0800][11.357s][gc,marking  ] GC(10) Mark Stack Usage: 32M
[2024-07-24T19:24:13.332+0800][11.357s][gc,nmethod  ] GC(10) NMethods: 302 registered, 0 unregistered
[2024-07-24T19:24:13.332+0800][11.357s][gc,metaspace] GC(10) Metaspace: 0M used, 0M committed, 1088M reserved
[2024-07-24T19:24:13.332+0800][11.357s][gc,ref      ] GC(10) Soft: 93 encountered, 0 discovered, 0 enqueued
[2024-07-24T19:24:13.332+0800][11.357s][gc,ref      ] GC(10) Weak: 189 encountered, 0 discovered, 0 enqueued
[2024-07-24T19:24:13.332+0800][11.357s][gc,ref      ] GC(10) Final: 0 encountered, 0 discovered, 0 enqueued
[2024-07-24T19:24:13.332+0800][11.357s][gc,ref      ] GC(10) Phantom: 1 encountered, 0 discovered, 0 enqueued
[2024-07-24T19:24:13.332+0800][11.357s][gc,reloc    ] GC(10) Small Pages: 3 / 6M, Empty: 0M, Relocated: 1M, In-Place: 0
[2024-07-24T19:24:13.332+0800][11.357s][gc,reloc    ] GC(10) Medium Pages: 24 / 768M, Empty: 736M, Relocated: 0M, In-Place: 0
[2024-07-24T19:24:13.332+0800][11.357s][gc,reloc    ] GC(10) Large Pages: 0 / 0M, Empty: 0M, Relocated: 0M, In-Place: 0
[2024-07-24T19:24:13.332+0800][11.357s][gc,reloc    ] GC(10) Forwarding Usage: 0M
[2024-07-24T19:24:13.333+0800][11.357s][gc,heap     ] GC(10) Min Capacity: 2048M(100%)
[2024-07-24T19:24:13.333+0800][11.357s][gc,heap     ] GC(10) Max Capacity: 2048M(100%)
[2024-07-24T19:24:13.333+0800][11.357s][gc,heap     ] GC(10) Soft Max Capacity: 2048M(100%)
[2024-07-24T19:24:13.333+0800][11.357s][gc,heap     ] GC(10)                Mark Start          Mark End        Relocate Start      Relocate End           High               Low         
[2024-07-24T19:24:13.333+0800][11.357s][gc,heap     ] GC(10)  Capacity:     2048M (100%)       2048M (100%)       2048M (100%)       2048M (100%)       2048M (100%)       2048M (100%)   
[2024-07-24T19:24:13.333+0800][11.357s][gc,heap     ] GC(10)      Free:     1274M (62%)        1240M (61%)        1976M (96%)        1978M (97%)        1978M (97%)        1240M (61%)    
[2024-07-24T19:24:13.333+0800][11.357s][gc,heap     ] GC(10)      Used:      774M (38%)         808M (39%)          72M (4%)           70M (3%)          808M (39%)          70M (3%)     
[2024-07-24T19:24:13.333+0800][11.357s][gc,heap     ] GC(10)      Live:         -                 2M (0%)            2M (0%)            2M (0%)             -                  -          
[2024-07-24T19:24:13.333+0800][11.357s][gc,heap     ] GC(10) Allocated:         -                34M (2%)           34M (2%)           34M (2%)             -                  -          
[2024-07-24T19:24:13.333+0800][11.357s][gc,heap     ] GC(10)   Garbage:         -               771M (38%)          35M (2%)           33M (2%)             -                  -          
[2024-07-24T19:24:13.333+0800][11.357s][gc,heap     ] GC(10) Reclaimed:         -                  -               736M (36%)         738M (36%)            -                  -          
[2024-07-24T19:24:13.333+0800][11.357s][gc          ] GC(10) Garbage Collection (Timer) 774M(38%)->70M(3%)
[2024-07-24T19:24:14.426+0800][12.450s][gc,start    ] GC(11) Garbage Collection (Timer)
[2024-07-24T19:24:14.426+0800][12.451s][gc,task     ] GC(11) Using 2 workers
[2024-07-24T19:24:14.426+0800][12.451s][gc,phases   ] GC(11) Pause Mark Start 0.009ms
[2024-07-24T19:24:14.441+0800][12.466s][gc,phases   ] GC(11) Concurrent Mark 14.489ms
[2024-07-24T19:24:14.441+0800][12.466s][gc,phases   ] GC(11) Pause Mark End 0.014ms
[2024-07-24T19:24:14.441+0800][12.466s][gc,phases   ] GC(11) Concurrent Mark Free 0.002ms
[2024-07-24T19:24:14.442+0800][12.467s][gc,phases   ] GC(11) Concurrent Process Non-Strong References 0.980ms
[2024-07-24T19:24:14.442+0800][12.467s][gc,phases   ] GC(11) Concurrent Reset Relocation Set 0.001ms
[2024-07-24T19:24:14.444+0800][12.469s][gc,phases   ] GC(11) Concurrent Select Relocation Set 1.869ms
[2024-07-24T19:24:14.444+0800][12.469s][gc,phases   ] GC(11) Pause Relocate Start 0.006ms
[2024-07-24T19:24:14.445+0800][12.470s][gc,phases   ] GC(11) Concurrent Relocate 0.914ms
[2024-07-24T19:24:14.445+0800][12.470s][gc,load     ] GC(11) Load: 0.00/0.00/0.00
[2024-07-24T19:24:14.445+0800][12.470s][gc,mmu      ] GC(11) MMU: 2ms/97.5%, 5ms/98.9%, 10ms/99.4%, 20ms/99.7%, 50ms/99.9%, 100ms/99.9%
[2024-07-24T19:24:14.445+0800][12.470s][gc,marking  ] GC(11) Mark: 2 stripe(s), 2 proactive flush(es), 1 terminate flush(es), 0 completion(s), 0 continuation(s) 
[2024-07-24T19:24:14.445+0800][12.470s][gc,marking  ] GC(11) Mark Stack Usage: 32M
[2024-07-24T19:24:14.445+0800][12.470s][gc,nmethod  ] GC(11) NMethods: 303 registered, 0 unregistered
[2024-07-24T19:24:14.445+0800][12.470s][gc,metaspace] GC(11) Metaspace: 0M used, 0M committed, 1088M reserved
[2024-07-24T19:24:14.445+0800][12.470s][gc,ref      ] GC(11) Soft: 93 encountered, 0 discovered, 0 enqueued
[2024-07-24T19:24:14.445+0800][12.470s][gc,ref      ] GC(11) Weak: 189 encountered, 0 discovered, 0 enqueued
[2024-07-24T19:24:14.445+0800][12.470s][gc,ref      ] GC(11) Final: 0 encountered, 0 discovered, 0 enqueued
[2024-07-24T19:24:14.445+0800][12.470s][gc,ref      ] GC(11) Phantom: 1 encountered, 0 discovered, 0 enqueued
[2024-07-24T19:24:14.445+0800][12.470s][gc,reloc    ] GC(11) Small Pages: 3 / 6M, Empty: 2M, Relocated: 1M, In-Place: 0
[2024-07-24T19:24:14.445+0800][12.470s][gc,reloc    ] GC(11) Medium Pages: 24 / 768M, Empty: 736M, Relocated: 0M, In-Place: 0
[2024-07-24T19:24:14.445+0800][12.470s][gc,reloc    ] GC(11) Large Pages: 0 / 0M, Empty: 0M, Relocated: 0M, In-Place: 0
[2024-07-24T19:24:14.445+0800][12.470s][gc,reloc    ] GC(11) Forwarding Usage: 0M
[2024-07-24T19:24:14.445+0800][12.470s][gc,heap     ] GC(11) Min Capacity: 2048M(100%)
[2024-07-24T19:24:14.445+0800][12.470s][gc,heap     ] GC(11) Max Capacity: 2048M(100%)
[2024-07-24T19:24:14.445+0800][12.470s][gc,heap     ] GC(11) Soft Max Capacity: 2048M(100%)
[2024-07-24T19:24:14.445+0800][12.470s][gc,heap     ] GC(11)                Mark Start          Mark End        Relocate Start      Relocate End           High               Low         
[2024-07-24T19:24:14.445+0800][12.470s][gc,heap     ] GC(11)  Capacity:     2048M (100%)       2048M (100%)       2048M (100%)       2048M (100%)       2048M (100%)       2048M (100%)   
[2024-07-24T19:24:14.445+0800][12.470s][gc,heap     ] GC(11)      Free:     1274M (62%)        1240M (61%)        1978M (97%)        1978M (97%)        1978M (97%)        1240M (61%)    
[2024-07-24T19:24:14.445+0800][12.470s][gc,heap     ] GC(11)      Used:      774M (38%)         808M (39%)          70M (3%)           70M (3%)          808M (39%)          70M (3%)     
[2024-07-24T19:24:14.446+0800][12.470s][gc,heap     ] GC(11)      Live:         -                 4M (0%)            4M (0%)            4M (0%)             -                  -          
[2024-07-24T19:24:14.446+0800][12.470s][gc,heap     ] GC(11) Allocated:         -                34M (2%)           34M (2%)           34M (2%)             -                  -          
[2024-07-24T19:24:14.446+0800][12.470s][gc,heap     ] GC(11)   Garbage:         -               769M (38%)          31M (2%)           31M (2%)             -                  -          
[2024-07-24T19:24:14.446+0800][12.470s][gc,heap     ] GC(11) Reclaimed:         -                  -               738M (36%)         738M (36%)            -                  -          
[2024-07-24T19:24:14.446+0800][12.471s][gc          ] GC(11) Garbage Collection (Timer) 774M(38%)->70M(3%)
[2024-07-24T19:24:15.515+0800][13.540s][gc,start    ] GC(12) Garbage Collection (Timer)
[2024-07-24T19:24:15.516+0800][13.540s][gc,task     ] GC(12) Using 2 workers
[2024-07-24T19:24:15.516+0800][13.541s][gc,phases   ] GC(12) Pause Mark Start 0.015ms
[2024-07-24T19:24:15.532+0800][13.556s][gc,phases   ] GC(12) Concurrent Mark 15.125ms
[2024-07-24T19:24:15.532+0800][13.556s][gc,phases   ] GC(12) Pause Mark End 0.021ms
[2024-07-24T19:24:15.532+0800][13.557s][gc,phases   ] GC(12) Concurrent Mark Free 0.003ms
[2024-07-24T19:24:15.533+0800][13.558s][gc,phases   ] GC(12) Concurrent Process Non-Strong References 1.013ms
[2024-07-24T19:24:15.533+0800][13.558s][gc,phases   ] GC(12) Concurrent Reset Relocation Set 0.001ms
[2024-07-24T19:24:15.535+0800][13.560s][gc,phases   ] GC(12) Concurrent Select Relocation Set 2.073ms
[2024-07-24T19:24:15.535+0800][13.560s][gc,phases   ] GC(12) Pause Relocate Start 0.006ms
[2024-07-24T19:24:15.536+0800][13.561s][gc,phases   ] GC(12) Concurrent Relocate 0.909ms
[2024-07-24T19:24:15.536+0800][13.561s][gc,load     ] GC(12) Load: 0.00/0.00/0.00
[2024-07-24T19:24:15.536+0800][13.561s][gc,mmu      ] GC(12) MMU: 2ms/97.5%, 5ms/98.9%, 10ms/99.4%, 20ms/99.7%, 50ms/99.9%, 100ms/99.9%
[2024-07-24T19:24:15.536+0800][13.561s][gc,marking  ] GC(12) Mark: 2 stripe(s), 2 proactive flush(es), 1 terminate flush(es), 0 completion(s), 0 continuation(s) 
[2024-07-24T19:24:15.536+0800][13.561s][gc,marking  ] GC(12) Mark Stack Usage: 32M
[2024-07-24T19:24:15.536+0800][13.561s][gc,nmethod  ] GC(12) NMethods: 316 registered, 0 unregistered
[2024-07-24T19:24:15.536+0800][13.561s][gc,metaspace] GC(12) Metaspace: 0M used, 0M committed, 1088M reserved
[2024-07-24T19:24:15.536+0800][13.561s][gc,ref      ] GC(12) Soft: 93 encountered, 0 discovered, 0 enqueued
[2024-07-24T19:24:15.536+0800][13.561s][gc,ref      ] GC(12) Weak: 189 encountered, 0 discovered, 0 enqueued
[2024-07-24T19:24:15.536+0800][13.561s][gc,ref      ] GC(12) Final: 0 encountered, 0 discovered, 0 enqueued
[2024-07-24T19:24:15.536+0800][13.561s][gc,ref      ] GC(12) Phantom: 1 encountered, 0 discovered, 0 enqueued
[2024-07-24T19:24:15.536+0800][13.561s][gc,reloc    ] GC(12) Small Pages: 3 / 6M, Empty: 2M, Relocated: 1M, In-Place: 0
[2024-07-24T19:24:15.536+0800][13.561s][gc,reloc    ] GC(12) Medium Pages: 24 / 768M, Empty: 736M, Relocated: 0M, In-Place: 0
[2024-07-24T19:24:15.536+0800][13.561s][gc,reloc    ] GC(12) Large Pages: 0 / 0M, Empty: 0M, Relocated: 0M, In-Place: 0
[2024-07-24T19:24:15.536+0800][13.561s][gc,reloc    ] GC(12) Forwarding Usage: 0M
[2024-07-24T19:24:15.536+0800][13.561s][gc,heap     ] GC(12) Min Capacity: 2048M(100%)
[2024-07-24T19:24:15.536+0800][13.561s][gc,heap     ] GC(12) Max Capacity: 2048M(100%)
[2024-07-24T19:24:15.536+0800][13.561s][gc,heap     ] GC(12) Soft Max Capacity: 2048M(100%)
[2024-07-24T19:24:15.536+0800][13.561s][gc,heap     ] GC(12)                Mark Start          Mark End        Relocate Start      Relocate End           High               Low         
[2024-07-24T19:24:15.536+0800][13.561s][gc,heap     ] GC(12)  Capacity:     2048M (100%)       2048M (100%)       2048M (100%)       2048M (100%)       2048M (100%)       2048M (100%)   
[2024-07-24T19:24:15.536+0800][13.561s][gc,heap     ] GC(12)      Free:     1274M (62%)        1240M (61%)        1978M (97%)        1978M (97%)        1978M (97%)        1240M (61%)    
[2024-07-24T19:24:15.536+0800][13.561s][gc,heap     ] GC(12)      Used:      774M (38%)         808M (39%)          70M (3%)           70M (3%)          808M (39%)          70M (3%)     
[2024-07-24T19:24:15.536+0800][13.561s][gc,heap     ] GC(12)      Live:         -                 5M (0%)            5M (0%)            5M (0%)             -                  -          
[2024-07-24T19:24:15.536+0800][13.562s][gc,heap     ] GC(12) Allocated:         -                34M (2%)           34M (2%)           34M (2%)             -                  -          
[2024-07-24T19:24:15.536+0800][13.562s][gc,heap     ] GC(12)   Garbage:         -               768M (38%)          30M (2%)           30M (2%)             -                  -          
[2024-07-24T19:24:15.536+0800][13.562s][gc,heap     ] GC(12) Reclaimed:         -                  -               738M (36%)         738M (36%)            -                  -          
[2024-07-24T19:24:15.536+0800][13.562s][gc          ] GC(12) Garbage Collection (Timer) 774M(38%)->70M(3%)
[2024-07-24T19:24:16.613+0800][14.637s][gc,start    ] GC(13) Garbage Collection (Timer)
[2024-07-24T19:24:16.613+0800][14.638s][gc,task     ] GC(13) Using 2 workers
[2024-07-24T19:24:16.613+0800][14.638s][gc,phases   ] GC(13) Pause Mark Start 0.009ms
[2024-07-24T19:24:16.628+0800][14.653s][gc,phases   ] GC(13) Concurrent Mark 14.810ms
[2024-07-24T19:24:16.628+0800][14.653s][gc,phases   ] GC(13) Pause Mark End 0.017ms
[2024-07-24T19:24:16.628+0800][14.653s][gc,phases   ] GC(13) Concurrent Mark Free 0.001ms
[2024-07-24T19:24:16.629+0800][14.654s][gc,phases   ] GC(13) Concurrent Process Non-Strong References 0.664ms
[2024-07-24T19:24:16.629+0800][14.654s][gc,phases   ] GC(13) Concurrent Reset Relocation Set 0.001ms
[2024-07-24T19:24:16.631+0800][14.656s][gc,phases   ] GC(13) Concurrent Select Relocation Set 2.532ms
[2024-07-24T19:24:16.631+0800][14.656s][gc,phases   ] GC(13) Pause Relocate Start 0.008ms
[2024-07-24T19:24:16.633+0800][14.658s][gc,phases   ] GC(13) Concurrent Relocate 1.337ms
[2024-07-24T19:24:16.633+0800][14.658s][gc,load     ] GC(13) Load: 0.00/0.00/0.00
[2024-07-24T19:24:16.633+0800][14.658s][gc,mmu      ] GC(13) MMU: 2ms/97.5%, 5ms/98.9%, 10ms/99.4%, 20ms/99.7%, 50ms/99.9%, 100ms/99.9%
[2024-07-24T19:24:16.633+0800][14.658s][gc,marking  ] GC(13) Mark: 2 stripe(s), 2 proactive flush(es), 1 terminate flush(es), 0 completion(s), 0 continuation(s) 
[2024-07-24T19:24:16.634+0800][14.658s][gc,marking  ] GC(13) Mark Stack Usage: 32M
[2024-07-24T19:24:16.634+0800][14.658s][gc,nmethod  ] GC(13) NMethods: 317 registered, 0 unregistered
[2024-07-24T19:24:16.634+0800][14.658s][gc,metaspace] GC(13) Metaspace: 0M used, 0M committed, 1088M reserved
[2024-07-24T19:24:16.634+0800][14.658s][gc,ref      ] GC(13) Soft: 93 encountered, 0 discovered, 0 enqueued
[2024-07-24T19:24:16.634+0800][14.658s][gc,ref      ] GC(13) Weak: 189 encountered, 41 discovered, 0 enqueued
[2024-07-24T19:24:16.634+0800][14.658s][gc,ref      ] GC(13) Final: 0 encountered, 0 discovered, 0 enqueued
[2024-07-24T19:24:16.634+0800][14.658s][gc,ref      ] GC(13) Phantom: 1 encountered, 0 discovered, 0 enqueued
[2024-07-24T19:24:16.634+0800][14.658s][gc,reloc    ] GC(13) Small Pages: 3 / 6M, Empty: 2M, Relocated: 1M, In-Place: 0
[2024-07-24T19:24:16.634+0800][14.658s][gc,reloc    ] GC(13) Medium Pages: 23 / 736M, Empty: 704M, Relocated: 0M, In-Place: 0
[2024-07-24T19:24:16.634+0800][14.658s][gc,reloc    ] GC(13) Large Pages: 0 / 0M, Empty: 0M, Relocated: 0M, In-Place: 0
[2024-07-24T19:24:16.634+0800][14.658s][gc,reloc    ] GC(13) Forwarding Usage: 0M
[2024-07-24T19:24:16.634+0800][14.659s][gc,heap     ] GC(13) Min Capacity: 2048M(100%)
[2024-07-24T19:24:16.634+0800][14.659s][gc,heap     ] GC(13) Max Capacity: 2048M(100%)
[2024-07-24T19:24:16.634+0800][14.659s][gc,heap     ] GC(13) Soft Max Capacity: 2048M(100%)
[2024-07-24T19:24:16.634+0800][14.659s][gc,heap     ] GC(13)                Mark Start          Mark End        Relocate Start      Relocate End           High               Low         
[2024-07-24T19:24:16.634+0800][14.659s][gc,heap     ] GC(13)  Capacity:     2048M (100%)       2048M (100%)       2048M (100%)       2048M (100%)       2048M (100%)       2048M (100%)   
[2024-07-24T19:24:16.634+0800][14.659s][gc,heap     ] GC(13)      Free:     1306M (64%)        1272M (62%)        1978M (97%)        1978M (97%)        1978M (97%)        1272M (62%)    
[2024-07-24T19:24:16.634+0800][14.659s][gc,heap     ] GC(13)      Used:      742M (36%)         776M (38%)          70M (3%)           70M (3%)          776M (38%)          70M (3%)     
[2024-07-24T19:24:16.634+0800][14.659s][gc,heap     ] GC(13)      Live:         -                 4M (0%)            4M (0%)            4M (0%)             -                  -          
[2024-07-24T19:24:16.634+0800][14.659s][gc,heap     ] GC(13) Allocated:         -                34M (2%)           34M (2%)           34M (2%)             -                  -          
[2024-07-24T19:24:16.634+0800][14.659s][gc,heap     ] GC(13)   Garbage:         -               737M (36%)          31M (2%)           31M (2%)             -                  -          
[2024-07-24T19:24:16.634+0800][14.659s][gc,heap     ] GC(13) Reclaimed:         -                  -               706M (34%)         706M (34%)            -                  -          
[2024-07-24T19:24:16.634+0800][14.659s][gc          ] GC(13) Garbage Collection (Timer) 742M(36%)->70M(3%)
[2024-07-24T19:24:17.716+0800][15.740s][gc,start    ] GC(14) Garbage Collection (Timer)
[2024-07-24T19:24:17.716+0800][15.741s][gc,task     ] GC(14) Using 2 workers
[2024-07-24T19:24:17.716+0800][15.741s][gc,phases   ] GC(14) Pause Mark Start 0.015ms
[2024-07-24T19:24:17.732+0800][15.756s][gc,phases   ] GC(14) Concurrent Mark 15.405ms
[2024-07-24T19:24:17.732+0800][15.757s][gc,phases   ] GC(14) Pause Mark End 0.017ms
[2024-07-24T19:24:17.732+0800][15.757s][gc,phases   ] GC(14) Concurrent Mark Free 0.001ms
[2024-07-24T19:24:17.733+0800][15.757s][gc,phases   ] GC(14) Concurrent Process Non-Strong References 0.620ms
[2024-07-24T19:24:17.733+0800][15.757s][gc,phases   ] GC(14) Concurrent Reset Relocation Set 0.001ms
[2024-07-24T19:24:17.736+0800][15.760s][gc,phases   ] GC(14) Concurrent Select Relocation Set 3.038ms
[2024-07-24T19:24:17.736+0800][15.761s][gc,phases   ] GC(14) Pause Relocate Start 0.020ms
[2024-07-24T19:24:17.738+0800][15.763s][gc,phases   ] GC(14) Concurrent Relocate 1.831ms
[2024-07-24T19:24:17.738+0800][15.763s][gc,load     ] GC(14) Load: 0.00/0.00/0.00
[2024-07-24T19:24:17.738+0800][15.763s][gc,mmu      ] GC(14) MMU: 2ms/97.5%, 5ms/98.9%, 10ms/99.4%, 20ms/99.7%, 50ms/99.9%, 100ms/99.9%
[2024-07-24T19:24:17.738+0800][15.763s][gc,marking  ] GC(14) Mark: 2 stripe(s), 2 proactive flush(es), 1 terminate flush(es), 0 completion(s), 0 continuation(s) 
[2024-07-24T19:24:17.738+0800][15.763s][gc,marking  ] GC(14) Mark Stack Usage: 32M
[2024-07-24T19:24:17.738+0800][15.763s][gc,nmethod  ] GC(14) NMethods: 317 registered, 0 unregistered
[2024-07-24T19:24:17.738+0800][15.763s][gc,metaspace] GC(14) Metaspace: 0M used, 0M committed, 1088M reserved
[2024-07-24T19:24:17.738+0800][15.763s][gc,ref      ] GC(14) Soft: 93 encountered, 0 discovered, 0 enqueued
[2024-07-24T19:24:17.738+0800][15.763s][gc,ref      ] GC(14) Weak: 189 encountered, 0 discovered, 0 enqueued
[2024-07-24T19:24:17.738+0800][15.763s][gc,ref      ] GC(14) Final: 0 encountered, 0 discovered, 0 enqueued
[2024-07-24T19:24:17.738+0800][15.763s][gc,ref      ] GC(14) Phantom: 1 encountered, 0 discovered, 0 enqueued
[2024-07-24T19:24:17.738+0800][15.763s][gc,reloc    ] GC(14) Small Pages: 3 / 6M, Empty: 2M, Relocated: 1M, In-Place: 0
[2024-07-24T19:24:17.738+0800][15.763s][gc,reloc    ] GC(14) Medium Pages: 20 / 640M, Empty: 608M, Relocated: 0M, In-Place: 0
[2024-07-24T19:24:17.738+0800][15.763s][gc,reloc    ] GC(14) Large Pages: 0 / 0M, Empty: 0M, Relocated: 0M, In-Place: 0
[2024-07-24T19:24:17.738+0800][15.763s][gc,reloc    ] GC(14) Forwarding Usage: 0M
[2024-07-24T19:24:17.738+0800][15.763s][gc,heap     ] GC(14) Min Capacity: 2048M(100%)
[2024-07-24T19:24:17.738+0800][15.763s][gc,heap     ] GC(14) Max Capacity: 2048M(100%)
[2024-07-24T19:24:17.738+0800][15.763s][gc,heap     ] GC(14) Soft Max Capacity: 2048M(100%)
[2024-07-24T19:24:17.738+0800][15.763s][gc,heap     ] GC(14)                Mark Start          Mark End        Relocate Start      Relocate End           High               Low         
[2024-07-24T19:24:17.738+0800][15.763s][gc,heap     ] GC(14)  Capacity:     2048M (100%)       2048M (100%)       2048M (100%)       2048M (100%)       2048M (100%)       2048M (100%)   
[2024-07-24T19:24:17.738+0800][15.763s][gc,heap     ] GC(14)      Free:     1402M (68%)        1368M (67%)        1978M (97%)        1978M (97%)        1978M (97%)        1368M (67%)    
[2024-07-24T19:24:17.738+0800][15.763s][gc,heap     ] GC(14)      Used:      646M (32%)         680M (33%)          70M (3%)           70M (3%)          680M (33%)          70M (3%)     
[2024-07-24T19:24:17.738+0800][15.763s][gc,heap     ] GC(14)      Live:         -                13M (1%)           13M (1%)           13M (1%)             -                  -          
[2024-07-24T19:24:17.738+0800][15.763s][gc,heap     ] GC(14) Allocated:         -                34M (2%)           34M (2%)           34M (2%)             -                  -          
[2024-07-24T19:24:17.738+0800][15.763s][gc,heap     ] GC(14)   Garbage:         -               632M (31%)          22M (1%)           22M (1%)             -                  -          
[2024-07-24T19:24:17.738+0800][15.763s][gc,heap     ] GC(14) Reclaimed:         -                  -               610M (30%)         610M (30%)            -                  -          
[2024-07-24T19:24:17.738+0800][15.763s][gc          ] GC(14) Garbage Collection (Timer) 646M(32%)->70M(3%)
[2024-07-24T19:24:18.818+0800][16.842s][gc,start    ] GC(15) Garbage Collection (Timer)
[2024-07-24T19:24:18.818+0800][16.843s][gc,task     ] GC(15) Using 2 workers
[2024-07-24T19:24:18.818+0800][16.843s][gc,phases   ] GC(15) Pause Mark Start 0.038ms
[2024-07-24T19:24:18.833+0800][16.858s][gc,phases   ] GC(15) Concurrent Mark 14.732ms
[2024-07-24T19:24:18.834+0800][16.858s][gc,phases   ] GC(15) Pause Mark End 0.025ms
[2024-07-24T19:24:18.834+0800][16.859s][gc,phases   ] GC(15) Concurrent Mark Free 0.001ms
[2024-07-24T19:24:18.835+0800][16.860s][gc,phases   ] GC(15) Concurrent Process Non-Strong References 1.080ms
[2024-07-24T19:24:18.835+0800][16.860s][gc,phases   ] GC(15) Concurrent Reset Relocation Set 0.001ms
[2024-07-24T19:24:18.839+0800][16.864s][gc,phases   ] GC(15) Concurrent Select Relocation Set 3.872ms
[2024-07-24T19:24:18.839+0800][16.864s][gc,phases   ] GC(15) Pause Relocate Start 0.007ms
[2024-07-24T19:24:18.840+0800][16.865s][gc,phases   ] GC(15) Concurrent Relocate 1.002ms
[2024-07-24T19:24:18.840+0800][16.865s][gc,load     ] GC(15) Load: 0.00/0.00/0.00
[2024-07-24T19:24:18.840+0800][16.865s][gc,mmu      ] GC(15) MMU: 2ms/97.5%, 5ms/98.9%, 10ms/99.4%, 20ms/99.7%, 50ms/99.9%, 100ms/99.9%
[2024-07-24T19:24:18.840+0800][16.865s][gc,marking  ] GC(15) Mark: 2 stripe(s), 2 proactive flush(es), 1 terminate flush(es), 0 completion(s), 0 continuation(s) 
[2024-07-24T19:24:18.840+0800][16.865s][gc,marking  ] GC(15) Mark Stack Usage: 32M
[2024-07-24T19:24:18.840+0800][16.865s][gc,nmethod  ] GC(15) NMethods: 317 registered, 0 unregistered
[2024-07-24T19:24:18.840+0800][16.865s][gc,metaspace] GC(15) Metaspace: 0M used, 0M committed, 1088M reserved
[2024-07-24T19:24:18.840+0800][16.865s][gc,ref      ] GC(15) Soft: 93 encountered, 0 discovered, 0 enqueued
[2024-07-24T19:24:18.840+0800][16.865s][gc,ref      ] GC(15) Weak: 189 encountered, 0 discovered, 0 enqueued
[2024-07-24T19:24:18.840+0800][16.865s][gc,ref      ] GC(15) Final: 0 encountered, 0 discovered, 0 enqueued
[2024-07-24T19:24:18.840+0800][16.865s][gc,ref      ] GC(15) Phantom: 1 encountered, 0 discovered, 0 enqueued
[2024-07-24T19:24:18.840+0800][16.865s][gc,reloc    ] GC(15) Small Pages: 3 / 6M, Empty: 2M, Relocated: 1M, In-Place: 0
[2024-07-24T19:24:18.840+0800][16.865s][gc,reloc    ] GC(15) Medium Pages: 23 / 736M, Empty: 704M, Relocated: 0M, In-Place: 0
[2024-07-24T19:24:18.840+0800][16.865s][gc,reloc    ] GC(15) Large Pages: 0 / 0M, Empty: 0M, Relocated: 0M, In-Place: 0
[2024-07-24T19:24:18.840+0800][16.865s][gc,reloc    ] GC(15) Forwarding Usage: 0M
[2024-07-24T19:24:18.840+0800][16.865s][gc,heap     ] GC(15) Min Capacity: 2048M(100%)
[2024-07-24T19:24:18.840+0800][16.865s][gc,heap     ] GC(15) Max Capacity: 2048M(100%)
[2024-07-24T19:24:18.840+0800][16.865s][gc,heap     ] GC(15) Soft Max Capacity: 2048M(100%)
[2024-07-24T19:24:18.840+0800][16.865s][gc,heap     ] GC(15)                Mark Start          Mark End        Relocate Start      Relocate End           High               Low         
[2024-07-24T19:24:18.840+0800][16.865s][gc,heap     ] GC(15)  Capacity:     2048M (100%)       2048M (100%)       2048M (100%)       2048M (100%)       2048M (100%)       2048M (100%)   
[2024-07-24T19:24:18.840+0800][16.865s][gc,heap     ] GC(15)      Free:     1306M (64%)        1272M (62%)        1978M (97%)        1978M (97%)        1978M (97%)        1272M (62%)    
[2024-07-24T19:24:18.840+0800][16.865s][gc,heap     ] GC(15)      Used:      742M (36%)         776M (38%)          70M (3%)           70M (3%)          776M (38%)          70M (3%)     
[2024-07-24T19:24:18.840+0800][16.865s][gc,heap     ] GC(15)      Live:         -                12M (1%)           12M (1%)           12M (1%)             -                  -          
[2024-07-24T19:24:18.840+0800][16.865s][gc,heap     ] GC(15) Allocated:         -                34M (2%)           34M (2%)           34M (2%)             -                  -          
[2024-07-24T19:24:18.840+0800][16.865s][gc,heap     ] GC(15)   Garbage:         -               729M (36%)          23M (1%)           23M (1%)             -                  -          
[2024-07-24T19:24:18.840+0800][16.865s][gc,heap     ] GC(15) Reclaimed:         -                  -               706M (34%)         706M (34%)            -                  -          
[2024-07-24T19:24:18.840+0800][16.865s][gc          ] GC(15) Garbage Collection (Timer) 742M(36%)->70M(3%)
[2024-07-24T19:24:18.850+0800][16.875s][gc,heap,exit] Heap
[2024-07-24T19:24:18.850+0800][16.876s][gc,heap,exit]  ZHeap           used 70M, capacity 2048M, max capacity 2048M
[2024-07-24T19:24:18.850+0800][16.876s][gc,heap,exit]  Metaspace       used 687K, committed 832K, reserved 1114112K
[2024-07-24T19:24:18.850+0800][16.876s][gc,heap,exit]   class space    used 56K, committed 128K, reserved 1048576K
