[2024-07-24T19:26:23.412+0800][0.010s][gc,init] Initializing The Z Garbage Collector
[2024-07-24T19:26:23.412+0800][0.010s][gc,init] Version: 17.0.12+8-LTS-286 (release)
[2024-07-24T19:26:23.412+0800][0.010s][gc,init] NUMA Support: Disabled
[2024-07-24T19:26:23.412+0800][0.010s][gc,init] CPUs: 8 total, 8 available
[2024-07-24T19:26:23.412+0800][0.010s][gc,init] Memory: 16281M
[2024-07-24T19:26:23.412+0800][0.010s][gc,init] Large Page Support: Disabled
[2024-07-24T19:26:23.412+0800][0.010s][gc,init] GC Workers: 2 (dynamic)
[2024-07-24T19:26:23.413+0800][0.011s][gc,init] Address Space Type: Contiguous/Unrestricted/Complete
[2024-07-24T19:26:23.413+0800][0.011s][gc,init] Address Space Size: 32768M x 3 = 98304M
[2024-07-24T19:26:23.414+0800][0.012s][gc,init] Min Capacity: 2048M
[2024-07-24T19:26:23.414+0800][0.012s][gc,init] Initial Capacity: 2048M
[2024-07-24T19:26:23.414+0800][0.012s][gc,init] Max Capacity: 2048M
[2024-07-24T19:26:23.414+0800][0.012s][gc,init] Medium Page Size: 32M
[2024-07-24T19:26:23.414+0800][0.012s][gc,init] Pre-touch: Disabled
[2024-07-24T19:26:23.414+0800][0.012s][gc,init] Uncommit: Implicitly Disabled (-Xms equals -Xmx)
[2024-07-24T19:26:23.507+0800][0.105s][gc,init] Runtime Workers: 5
[2024-07-24T19:26:23.508+0800][0.106s][gc     ] Using The Z Garbage Collector
[2024-07-24T19:26:23.517+0800][0.115s][gc,metaspace] CDS archive(s) mapped at: [0x0000026aa1000000-0x0000026aa1bd0000-0x0000026aa1bd0000), size 12386304, SharedBaseAddress: 0x0000026aa1000000, ArchiveRelocationMode: 1.
[2024-07-24T19:26:23.517+0800][0.115s][gc,metaspace] Compressed class space mapped at: 0x0000026aa2000000-0x0000026ae2000000, reserved size: 1073741824
[2024-07-24T19:26:23.518+0800][0.115s][gc,metaspace] Narrow klass base: 0x0000026aa1000000, Narrow klass shift: 0, Narrow klass range: 0x100000000
[2024-07-24T19:26:24.156+0800][0.753s][gc,start    ] GC(0) Garbage Collection (Warmup)
[2024-07-24T19:26:24.156+0800][0.753s][gc,task     ] GC(0) Using 2 workers
[2024-07-24T19:26:24.156+0800][0.754s][gc,phases   ] GC(0) Pause Mark Start 0.008ms
[2024-07-24T19:26:24.171+0800][0.769s][gc,phases   ] GC(0) Concurrent Mark 14.898ms
[2024-07-24T19:26:24.171+0800][0.769s][gc,phases   ] GC(0) Pause Mark End 0.032ms
[2024-07-24T19:26:24.171+0800][0.769s][gc,phases   ] GC(0) Concurrent Mark Free 0.001ms
[2024-07-24T19:26:24.172+0800][0.770s][gc,phases   ] GC(0) Concurrent Process Non-Strong References 0.809ms
[2024-07-24T19:26:24.172+0800][0.770s][gc,phases   ] GC(0) Concurrent Reset Relocation Set 0.000ms
[2024-07-24T19:26:24.181+0800][0.778s][gc,phases   ] GC(0) Concurrent Select Relocation Set 8.375ms
[2024-07-24T19:26:24.181+0800][0.779s][gc,phases   ] GC(0) Pause Relocate Start 0.006ms
[2024-07-24T19:26:24.182+0800][0.780s][gc,phases   ] GC(0) Concurrent Relocate 1.016ms
[2024-07-24T19:26:24.182+0800][0.780s][gc,load     ] GC(0) Load: 0.00/0.00/0.00
[2024-07-24T19:26:24.182+0800][0.780s][gc,mmu      ] GC(0) MMU: 2ms/98.4%, 5ms/99.4%, 10ms/99.6%, 20ms/99.8%, 50ms/99.9%, 100ms/100.0%
[2024-07-24T19:26:24.182+0800][0.780s][gc,marking  ] GC(0) Mark: 2 stripe(s), 2 proactive flush(es), 1 terminate flush(es), 0 completion(s), 0 continuation(s) 
[2024-07-24T19:26:24.182+0800][0.780s][gc,marking  ] GC(0) Mark Stack Usage: 32M
[2024-07-24T19:26:24.182+0800][0.780s][gc,nmethod  ] GC(0) NMethods: 211 registered, 0 unregistered
[2024-07-24T19:26:24.182+0800][0.780s][gc,metaspace] GC(0) Metaspace: 0M used, 0M committed, 1088M reserved
[2024-07-24T19:26:24.182+0800][0.780s][gc,ref      ] GC(0) Soft: 93 encountered, 0 discovered, 0 enqueued
[2024-07-24T19:26:24.182+0800][0.780s][gc,ref      ] GC(0) Weak: 233 encountered, 85 discovered, 44 enqueued
[2024-07-24T19:26:24.182+0800][0.780s][gc,ref      ] GC(0) Final: 0 encountered, 0 discovered, 0 enqueued
[2024-07-24T19:26:24.182+0800][0.780s][gc,ref      ] GC(0) Phantom: 15 encountered, 14 discovered, 14 enqueued
[2024-07-24T19:26:24.182+0800][0.780s][gc,reloc    ] GC(0) Small Pages: 3 / 6M, Empty: 0M, Relocated: 1M, In-Place: 0
[2024-07-24T19:26:24.182+0800][0.780s][gc,reloc    ] GC(0) Medium Pages: 7 / 224M, Empty: 192M, Relocated: 0M, In-Place: 0
[2024-07-24T19:26:24.182+0800][0.780s][gc,reloc    ] GC(0) Large Pages: 0 / 0M, Empty: 0M, Relocated: 0M, In-Place: 0
[2024-07-24T19:26:24.182+0800][0.780s][gc,reloc    ] GC(0) Forwarding Usage: 0M
[2024-07-24T19:26:24.182+0800][0.780s][gc,heap     ] GC(0) Min Capacity: 2048M(100%)
[2024-07-24T19:26:24.182+0800][0.780s][gc,heap     ] GC(0) Max Capacity: 2048M(100%)
[2024-07-24T19:26:24.182+0800][0.780s][gc,heap     ] GC(0) Soft Max Capacity: 2048M(100%)
[2024-07-24T19:26:24.182+0800][0.780s][gc,heap     ] GC(0)                Mark Start          Mark End        Relocate Start      Relocate End           High               Low         
[2024-07-24T19:26:24.182+0800][0.780s][gc,heap     ] GC(0)  Capacity:     2048M (100%)       2048M (100%)       2048M (100%)       2048M (100%)       2048M (100%)       2048M (100%)   
[2024-07-24T19:26:24.182+0800][0.780s][gc,heap     ] GC(0)      Free:     1818M (89%)        1784M (87%)        1976M (96%)        1978M (97%)        1978M (97%)        1784M (87%)    
[2024-07-24T19:26:24.182+0800][0.780s][gc,heap     ] GC(0)      Used:      230M (11%)         264M (13%)          72M (4%)           70M (3%)          264M (13%)          70M (3%)     
[2024-07-24T19:26:24.182+0800][0.780s][gc,heap     ] GC(0)      Live:         -                12M (1%)           12M (1%)           12M (1%)             -                  -          
[2024-07-24T19:26:24.182+0800][0.780s][gc,heap     ] GC(0) Allocated:         -                34M (2%)           34M (2%)           34M (2%)             -                  -          
[2024-07-24T19:26:24.182+0800][0.780s][gc,heap     ] GC(0)   Garbage:         -               217M (11%)          25M (1%)           23M (1%)             -                  -          
[2024-07-24T19:26:24.182+0800][0.780s][gc,heap     ] GC(0) Reclaimed:         -                  -               192M (9%)          194M (9%)             -                  -          
[2024-07-24T19:26:24.182+0800][0.780s][gc          ] GC(0) Garbage Collection (Warmup) 230M(11%)->70M(3%)
[2024-07-24T19:26:24.848+0800][1.446s][gc,start    ] GC(1) Garbage Collection (Warmup)
[2024-07-24T19:26:24.848+0800][1.446s][gc,task     ] GC(1) Using 2 workers
[2024-07-24T19:26:24.848+0800][1.446s][gc,phases   ] GC(1) Pause Mark Start 0.011ms
[2024-07-24T19:26:24.864+0800][1.462s][gc,phases   ] GC(1) Concurrent Mark 15.523ms
[2024-07-24T19:26:24.864+0800][1.462s][gc,phases   ] GC(1) Pause Mark End 0.012ms
[2024-07-24T19:26:24.864+0800][1.462s][gc,phases   ] GC(1) Concurrent Mark Free 0.001ms
[2024-07-24T19:26:24.865+0800][1.463s][gc,phases   ] GC(1) Concurrent Process Non-Strong References 0.811ms
[2024-07-24T19:26:24.865+0800][1.463s][gc,phases   ] GC(1) Concurrent Reset Relocation Set 0.001ms
[2024-07-24T19:26:24.867+0800][1.464s][gc,phases   ] GC(1) Concurrent Select Relocation Set 1.406ms
[2024-07-24T19:26:24.867+0800][1.465s][gc,phases   ] GC(1) Pause Relocate Start 0.005ms
[2024-07-24T19:26:24.868+0800][1.465s][gc,phases   ] GC(1) Concurrent Relocate 0.650ms
[2024-07-24T19:26:24.868+0800][1.465s][gc,load     ] GC(1) Load: 0.00/0.00/0.00
[2024-07-24T19:26:24.868+0800][1.465s][gc,mmu      ] GC(1) MMU: 2ms/98.4%, 5ms/99.4%, 10ms/99.6%, 20ms/99.8%, 50ms/99.9%, 100ms/100.0%
[2024-07-24T19:26:24.868+0800][1.465s][gc,marking  ] GC(1) Mark: 2 stripe(s), 2 proactive flush(es), 1 terminate flush(es), 0 completion(s), 0 continuation(s) 
[2024-07-24T19:26:24.868+0800][1.465s][gc,marking  ] GC(1) Mark Stack Usage: 32M
[2024-07-24T19:26:24.868+0800][1.466s][gc,nmethod  ] GC(1) NMethods: 220 registered, 0 unregistered
[2024-07-24T19:26:24.868+0800][1.466s][gc,metaspace] GC(1) Metaspace: 0M used, 0M committed, 1088M reserved
[2024-07-24T19:26:24.868+0800][1.466s][gc,ref      ] GC(1) Soft: 93 encountered, 0 discovered, 0 enqueued
[2024-07-24T19:26:24.868+0800][1.466s][gc,ref      ] GC(1) Weak: 189 encountered, 0 discovered, 0 enqueued
[2024-07-24T19:26:24.868+0800][1.466s][gc,ref      ] GC(1) Final: 0 encountered, 0 discovered, 0 enqueued
[2024-07-24T19:26:24.868+0800][1.466s][gc,ref      ] GC(1) Phantom: 1 encountered, 1 discovered, 0 enqueued
[2024-07-24T19:26:24.868+0800][1.466s][gc,reloc    ] GC(1) Small Pages: 4 / 8M, Empty: 2M, Relocated: 1M, In-Place: 0
[2024-07-24T19:26:24.868+0800][1.466s][gc,reloc    ] GC(1) Medium Pages: 13 / 416M, Empty: 384M, Relocated: 0M, In-Place: 0
[2024-07-24T19:26:24.868+0800][1.466s][gc,reloc    ] GC(1) Large Pages: 0 / 0M, Empty: 0M, Relocated: 0M, In-Place: 0
[2024-07-24T19:26:24.868+0800][1.466s][gc,reloc    ] GC(1) Forwarding Usage: 0M
[2024-07-24T19:26:24.868+0800][1.466s][gc,heap     ] GC(1) Min Capacity: 2048M(100%)
[2024-07-24T19:26:24.868+0800][1.466s][gc,heap     ] GC(1) Max Capacity: 2048M(100%)
[2024-07-24T19:26:24.868+0800][1.466s][gc,heap     ] GC(1) Soft Max Capacity: 2048M(100%)
[2024-07-24T19:26:24.868+0800][1.466s][gc,heap     ] GC(1)                Mark Start          Mark End        Relocate Start      Relocate End           High               Low         
[2024-07-24T19:26:24.868+0800][1.466s][gc,heap     ] GC(1)  Capacity:     2048M (100%)       2048M (100%)       2048M (100%)       2048M (100%)       2048M (100%)       2048M (100%)   
[2024-07-24T19:26:24.868+0800][1.466s][gc,heap     ] GC(1)      Free:     1624M (79%)        1590M (78%)        1976M (96%)        1978M (97%)        1978M (97%)        1590M (78%)    
[2024-07-24T19:26:24.868+0800][1.466s][gc,heap     ] GC(1)      Used:      424M (21%)         458M (22%)          72M (4%)           70M (3%)          458M (22%)          70M (3%)     
[2024-07-24T19:26:24.868+0800][1.466s][gc,heap     ] GC(1)      Live:         -                 2M (0%)            2M (0%)            2M (0%)             -                  -          
[2024-07-24T19:26:24.868+0800][1.466s][gc,heap     ] GC(1) Allocated:         -                34M (2%)           34M (2%)           34M (2%)             -                  -          
[2024-07-24T19:26:24.868+0800][1.466s][gc,heap     ] GC(1)   Garbage:         -               421M (21%)          35M (2%)           33M (2%)             -                  -          
[2024-07-24T19:26:24.868+0800][1.466s][gc,heap     ] GC(1) Reclaimed:         -                  -               386M (19%)         388M (19%)            -                  -          
[2024-07-24T19:26:24.868+0800][1.466s][gc          ] GC(1) Garbage Collection (Warmup) 424M(21%)->70M(3%)
[2024-07-24T19:26:25.850+0800][2.448s][gc,start    ] GC(2) Garbage Collection (Warmup)
[2024-07-24T19:26:25.850+0800][2.448s][gc,task     ] GC(2) Using 2 workers
[2024-07-24T19:26:25.850+0800][2.448s][gc,phases   ] GC(2) Pause Mark Start 0.007ms
[2024-07-24T19:26:25.866+0800][2.464s][gc,phases   ] GC(2) Concurrent Mark 15.520ms
[2024-07-24T19:26:25.867+0800][2.464s][gc,phases   ] GC(2) Pause Mark End 0.010ms
[2024-07-24T19:26:25.867+0800][2.464s][gc,phases   ] GC(2) Concurrent Mark Free 0.001ms
[2024-07-24T19:26:25.867+0800][2.465s][gc,phases   ] GC(2) Concurrent Process Non-Strong References 0.864ms
[2024-07-24T19:26:25.867+0800][2.465s][gc,phases   ] GC(2) Concurrent Reset Relocation Set 0.001ms
[2024-07-24T19:26:25.869+0800][2.467s][gc,phases   ] GC(2) Concurrent Select Relocation Set 1.595ms
[2024-07-24T19:26:25.869+0800][2.467s][gc,phases   ] GC(2) Pause Relocate Start 0.017ms
[2024-07-24T19:26:25.870+0800][2.468s][gc,phases   ] GC(2) Concurrent Relocate 0.809ms
[2024-07-24T19:26:25.870+0800][2.468s][gc,load     ] GC(2) Load: 0.00/0.00/0.00
[2024-07-24T19:26:25.870+0800][2.468s][gc,mmu      ] GC(2) MMU: 2ms/98.4%, 5ms/99.4%, 10ms/99.6%, 20ms/99.8%, 50ms/99.9%, 100ms/100.0%
[2024-07-24T19:26:25.870+0800][2.468s][gc,marking  ] GC(2) Mark: 2 stripe(s), 2 proactive flush(es), 1 terminate flush(es), 0 completion(s), 0 continuation(s) 
[2024-07-24T19:26:25.870+0800][2.468s][gc,marking  ] GC(2) Mark Stack Usage: 32M
[2024-07-24T19:26:25.870+0800][2.468s][gc,nmethod  ] GC(2) NMethods: 228 registered, 0 unregistered
[2024-07-24T19:26:25.870+0800][2.468s][gc,metaspace] GC(2) Metaspace: 0M used, 0M committed, 1088M reserved
[2024-07-24T19:26:25.870+0800][2.468s][gc,ref      ] GC(2) Soft: 93 encountered, 0 discovered, 0 enqueued
[2024-07-24T19:26:25.870+0800][2.468s][gc,ref      ] GC(2) Weak: 189 encountered, 0 discovered, 0 enqueued
[2024-07-24T19:26:25.870+0800][2.468s][gc,ref      ] GC(2) Final: 0 encountered, 0 discovered, 0 enqueued
[2024-07-24T19:26:25.870+0800][2.468s][gc,ref      ] GC(2) Phantom: 1 encountered, 0 discovered, 0 enqueued
[2024-07-24T19:26:25.870+0800][2.468s][gc,reloc    ] GC(2) Small Pages: 4 / 8M, Empty: 2M, Relocated: 1M, In-Place: 0
[2024-07-24T19:26:25.870+0800][2.468s][gc,reloc    ] GC(2) Medium Pages: 19 / 608M, Empty: 576M, Relocated: 0M, In-Place: 0
[2024-07-24T19:26:25.870+0800][2.468s][gc,reloc    ] GC(2) Large Pages: 0 / 0M, Empty: 0M, Relocated: 0M, In-Place: 0
[2024-07-24T19:26:25.870+0800][2.468s][gc,reloc    ] GC(2) Forwarding Usage: 0M
[2024-07-24T19:26:25.870+0800][2.468s][gc,heap     ] GC(2) Min Capacity: 2048M(100%)
[2024-07-24T19:26:25.870+0800][2.468s][gc,heap     ] GC(2) Max Capacity: 2048M(100%)
[2024-07-24T19:26:25.870+0800][2.468s][gc,heap     ] GC(2) Soft Max Capacity: 2048M(100%)
[2024-07-24T19:26:25.870+0800][2.468s][gc,heap     ] GC(2)                Mark Start          Mark End        Relocate Start      Relocate End           High               Low         
[2024-07-24T19:26:25.870+0800][2.468s][gc,heap     ] GC(2)  Capacity:     2048M (100%)       2048M (100%)       2048M (100%)       2048M (100%)       2048M (100%)       2048M (100%)   
[2024-07-24T19:26:25.870+0800][2.468s][gc,heap     ] GC(2)      Free:     1432M (70%)        1398M (68%)        1976M (96%)        1978M (97%)        1978M (97%)        1398M (68%)    
[2024-07-24T19:26:25.870+0800][2.468s][gc,heap     ] GC(2)      Used:      616M (30%)         650M (32%)          72M (4%)           70M (3%)          650M (32%)          70M (3%)     
[2024-07-24T19:26:25.870+0800][2.468s][gc,heap     ] GC(2)      Live:         -                 2M (0%)            2M (0%)            2M (0%)             -                  -          
[2024-07-24T19:26:25.870+0800][2.468s][gc,heap     ] GC(2) Allocated:         -                34M (2%)           34M (2%)           34M (2%)             -                  -          
[2024-07-24T19:26:25.871+0800][2.468s][gc,heap     ] GC(2)   Garbage:         -               613M (30%)          35M (2%)           33M (2%)             -                  -          
[2024-07-24T19:26:25.871+0800][2.468s][gc,heap     ] GC(2) Reclaimed:         -                  -               578M (28%)         580M (28%)            -                  -          
[2024-07-24T19:26:25.871+0800][2.468s][gc          ] GC(2) Garbage Collection (Warmup) 616M(30%)->70M(3%)
[2024-07-24T19:26:27.249+0800][3.846s][gc,start    ] GC(3) Garbage Collection (Proactive)
[2024-07-24T19:26:27.249+0800][3.846s][gc,task     ] GC(3) Using 2 workers
[2024-07-24T19:26:27.249+0800][3.847s][gc,phases   ] GC(3) Pause Mark Start 0.007ms
[2024-07-24T19:26:27.265+0800][3.862s][gc,phases   ] GC(3) Concurrent Mark 15.490ms
[2024-07-24T19:26:27.265+0800][3.862s][gc,phases   ] GC(3) Pause Mark End 0.018ms
[2024-07-24T19:26:27.265+0800][3.863s][gc,phases   ] GC(3) Concurrent Mark Free 0.001ms
[2024-07-24T19:26:27.266+0800][3.863s][gc,phases   ] GC(3) Concurrent Process Non-Strong References 0.872ms
[2024-07-24T19:26:27.266+0800][3.863s][gc,phases   ] GC(3) Concurrent Reset Relocation Set 0.001ms
[2024-07-24T19:26:27.267+0800][3.865s][gc,phases   ] GC(3) Concurrent Select Relocation Set 1.657ms
[2024-07-24T19:26:27.267+0800][3.865s][gc,phases   ] GC(3) Pause Relocate Start 0.005ms
[2024-07-24T19:26:27.268+0800][3.866s][gc,phases   ] GC(3) Concurrent Relocate 0.648ms
[2024-07-24T19:26:27.268+0800][3.866s][gc,load     ] GC(3) Load: 0.00/0.00/0.00
[2024-07-24T19:26:27.268+0800][3.866s][gc,mmu      ] GC(3) MMU: 2ms/98.4%, 5ms/99.4%, 10ms/99.6%, 20ms/99.8%, 50ms/99.9%, 100ms/100.0%
[2024-07-24T19:26:27.268+0800][3.866s][gc,marking  ] GC(3) Mark: 2 stripe(s), 2 proactive flush(es), 1 terminate flush(es), 0 completion(s), 0 continuation(s) 
[2024-07-24T19:26:27.268+0800][3.866s][gc,marking  ] GC(3) Mark Stack Usage: 32M
[2024-07-24T19:26:27.268+0800][3.866s][gc,nmethod  ] GC(3) NMethods: 240 registered, 0 unregistered
[2024-07-24T19:26:27.268+0800][3.866s][gc,metaspace] GC(3) Metaspace: 0M used, 0M committed, 1088M reserved
[2024-07-24T19:26:27.268+0800][3.866s][gc,ref      ] GC(3) Soft: 93 encountered, 0 discovered, 0 enqueued
[2024-07-24T19:26:27.268+0800][3.866s][gc,ref      ] GC(3) Weak: 189 encountered, 0 discovered, 0 enqueued
[2024-07-24T19:26:27.268+0800][3.866s][gc,ref      ] GC(3) Final: 0 encountered, 0 discovered, 0 enqueued
[2024-07-24T19:26:27.268+0800][3.866s][gc,ref      ] GC(3) Phantom: 1 encountered, 0 discovered, 0 enqueued
[2024-07-24T19:26:27.268+0800][3.866s][gc,reloc    ] GC(3) Small Pages: 4 / 8M, Empty: 2M, Relocated: 1M, In-Place: 0
[2024-07-24T19:26:27.268+0800][3.866s][gc,reloc    ] GC(3) Medium Pages: 26 / 832M, Empty: 800M, Relocated: 0M, In-Place: 0
[2024-07-24T19:26:27.268+0800][3.866s][gc,reloc    ] GC(3) Large Pages: 0 / 0M, Empty: 0M, Relocated: 0M, In-Place: 0
[2024-07-24T19:26:27.268+0800][3.866s][gc,reloc    ] GC(3) Forwarding Usage: 0M
[2024-07-24T19:26:27.268+0800][3.866s][gc,heap     ] GC(3) Min Capacity: 2048M(100%)
[2024-07-24T19:26:27.268+0800][3.866s][gc,heap     ] GC(3) Max Capacity: 2048M(100%)
[2024-07-24T19:26:27.268+0800][3.866s][gc,heap     ] GC(3) Soft Max Capacity: 2048M(100%)
[2024-07-24T19:26:27.268+0800][3.866s][gc,heap     ] GC(3)                Mark Start          Mark End        Relocate Start      Relocate End           High               Low         
[2024-07-24T19:26:27.268+0800][3.867s][gc,heap     ] GC(3)  Capacity:     2048M (100%)       2048M (100%)       2048M (100%)       2048M (100%)       2048M (100%)       2048M (100%)   
[2024-07-24T19:26:27.268+0800][3.867s][gc,heap     ] GC(3)      Free:     1208M (59%)        1174M (57%)        1976M (96%)        1978M (97%)        1978M (97%)        1174M (57%)    
[2024-07-24T19:26:27.268+0800][3.867s][gc,heap     ] GC(3)      Used:      840M (41%)         874M (43%)          72M (4%)           70M (3%)          874M (43%)          70M (3%)     
[2024-07-24T19:26:27.268+0800][3.867s][gc,heap     ] GC(3)      Live:         -                12M (1%)           12M (1%)           12M (1%)             -                  -          
[2024-07-24T19:26:27.268+0800][3.867s][gc,heap     ] GC(3) Allocated:         -                34M (2%)           34M (2%)           33M (2%)             -                  -          
[2024-07-24T19:26:27.268+0800][3.867s][gc,heap     ] GC(3)   Garbage:         -               827M (40%)          25M (1%)           23M (1%)             -                  -          
[2024-07-24T19:26:27.268+0800][3.867s][gc,heap     ] GC(3) Reclaimed:         -                  -               802M (39%)         803M (39%)            -                  -          
[2024-07-24T19:26:27.268+0800][3.867s][gc          ] GC(3) Garbage Collection (Proactive) 840M(41%)->70M(3%)
[2024-07-24T19:26:28.449+0800][5.047s][gc,start    ] GC(4) Garbage Collection (Proactive)
[2024-07-24T19:26:28.450+0800][5.047s][gc,task     ] GC(4) Using 2 workers
[2024-07-24T19:26:28.450+0800][5.048s][gc,phases   ] GC(4) Pause Mark Start 0.041ms
[2024-07-24T19:26:28.465+0800][5.063s][gc,phases   ] GC(4) Concurrent Mark 15.213ms
[2024-07-24T19:26:28.466+0800][5.063s][gc,phases   ] GC(4) Pause Mark End 0.023ms
[2024-07-24T19:26:28.466+0800][5.063s][gc,phases   ] GC(4) Concurrent Mark Free 0.002ms
[2024-07-24T19:26:28.466+0800][5.064s][gc,phases   ] GC(4) Concurrent Process Non-Strong References 0.722ms
[2024-07-24T19:26:28.466+0800][5.064s][gc,phases   ] GC(4) Concurrent Reset Relocation Set 0.001ms
[2024-07-24T19:26:28.468+0800][5.066s][gc,phases   ] GC(4) Concurrent Select Relocation Set 1.793ms
[2024-07-24T19:26:28.468+0800][5.066s][gc,phases   ] GC(4) Pause Relocate Start 0.006ms
[2024-07-24T19:26:28.470+0800][5.068s][gc,phases   ] GC(4) Concurrent Relocate 1.292ms
[2024-07-24T19:26:28.470+0800][5.068s][gc,load     ] GC(4) Load: 0.00/0.00/0.00
[2024-07-24T19:26:28.470+0800][5.068s][gc,mmu      ] GC(4) MMU: 2ms/97.9%, 5ms/99.2%, 10ms/99.6%, 20ms/99.7%, 50ms/99.9%, 100ms/99.9%
[2024-07-24T19:26:28.470+0800][5.068s][gc,marking  ] GC(4) Mark: 2 stripe(s), 2 proactive flush(es), 1 terminate flush(es), 0 completion(s), 0 continuation(s) 
[2024-07-24T19:26:28.470+0800][5.068s][gc,marking  ] GC(4) Mark Stack Usage: 32M
[2024-07-24T19:26:28.470+0800][5.068s][gc,nmethod  ] GC(4) NMethods: 268 registered, 0 unregistered
[2024-07-24T19:26:28.470+0800][5.068s][gc,metaspace] GC(4) Metaspace: 0M used, 0M committed, 1088M reserved
[2024-07-24T19:26:28.470+0800][5.068s][gc,ref      ] GC(4) Soft: 93 encountered, 0 discovered, 0 enqueued
[2024-07-24T19:26:28.470+0800][5.068s][gc,ref      ] GC(4) Weak: 189 encountered, 1 discovered, 0 enqueued
[2024-07-24T19:26:28.470+0800][5.068s][gc,ref      ] GC(4) Final: 0 encountered, 0 discovered, 0 enqueued
[2024-07-24T19:26:28.470+0800][5.068s][gc,ref      ] GC(4) Phantom: 1 encountered, 0 discovered, 0 enqueued
[2024-07-24T19:26:28.470+0800][5.068s][gc,reloc    ] GC(4) Small Pages: 4 / 8M, Empty: 0M, Relocated: 1M, In-Place: 0
[2024-07-24T19:26:28.470+0800][5.068s][gc,reloc    ] GC(4) Medium Pages: 26 / 832M, Empty: 800M, Relocated: 0M, In-Place: 0
[2024-07-24T19:26:28.470+0800][5.068s][gc,reloc    ] GC(4) Large Pages: 0 / 0M, Empty: 0M, Relocated: 0M, In-Place: 0
[2024-07-24T19:26:28.470+0800][5.068s][gc,reloc    ] GC(4) Forwarding Usage: 0M
[2024-07-24T19:26:28.470+0800][5.068s][gc,heap     ] GC(4) Min Capacity: 2048M(100%)
[2024-07-24T19:26:28.470+0800][5.068s][gc,heap     ] GC(4) Max Capacity: 2048M(100%)
[2024-07-24T19:26:28.470+0800][5.068s][gc,heap     ] GC(4) Soft Max Capacity: 2048M(100%)
[2024-07-24T19:26:28.470+0800][5.068s][gc,heap     ] GC(4)                Mark Start          Mark End        Relocate Start      Relocate End           High               Low         
[2024-07-24T19:26:28.470+0800][5.068s][gc,heap     ] GC(4)  Capacity:     2048M (100%)       2048M (100%)       2048M (100%)       2048M (100%)       2048M (100%)       2048M (100%)   
[2024-07-24T19:26:28.470+0800][5.068s][gc,heap     ] GC(4)      Free:     1208M (59%)        1174M (57%)        1974M (96%)        1978M (97%)        1978M (97%)        1174M (57%)    
[2024-07-24T19:26:28.470+0800][5.068s][gc,heap     ] GC(4)      Used:      840M (41%)         874M (43%)          74M (4%)           70M (3%)          874M (43%)          70M (3%)     
[2024-07-24T19:26:28.470+0800][5.068s][gc,heap     ] GC(4)      Live:         -                 4M (0%)            4M (0%)            4M (0%)             -                  -          
[2024-07-24T19:26:28.470+0800][5.068s][gc,heap     ] GC(4) Allocated:         -                34M (2%)           34M (2%)           33M (2%)             -                  -          
[2024-07-24T19:26:28.470+0800][5.068s][gc,heap     ] GC(4)   Garbage:         -               835M (41%)          35M (2%)           31M (2%)             -                  -          
[2024-07-24T19:26:28.470+0800][5.068s][gc,heap     ] GC(4) Reclaimed:         -                  -               800M (39%)         803M (39%)            -                  -          
[2024-07-24T19:26:28.470+0800][5.068s][gc          ] GC(4) Garbage Collection (Proactive) 840M(41%)->70M(3%)
[2024-07-24T19:26:29.646+0800][6.244s][gc,start    ] GC(5) Garbage Collection (Proactive)
[2024-07-24T19:26:29.646+0800][6.244s][gc,task     ] GC(5) Using 2 workers
[2024-07-24T19:26:29.647+0800][6.244s][gc,phases   ] GC(5) Pause Mark Start 0.009ms
[2024-07-24T19:26:29.662+0800][6.260s][gc,phases   ] GC(5) Concurrent Mark 15.209ms
[2024-07-24T19:26:29.663+0800][6.260s][gc,phases   ] GC(5) Pause Mark End 0.010ms
[2024-07-24T19:26:29.663+0800][6.260s][gc,phases   ] GC(5) Concurrent Mark Free 0.002ms
[2024-07-24T19:26:29.663+0800][6.261s][gc,phases   ] GC(5) Concurrent Process Non-Strong References 0.766ms
[2024-07-24T19:26:29.663+0800][6.261s][gc,phases   ] GC(5) Concurrent Reset Relocation Set 0.002ms
[2024-07-24T19:26:29.665+0800][6.263s][gc,phases   ] GC(5) Concurrent Select Relocation Set 1.842ms
[2024-07-24T19:26:29.665+0800][6.263s][gc,phases   ] GC(5) Pause Relocate Start 0.006ms
[2024-07-24T19:26:29.666+0800][6.264s][gc,phases   ] GC(5) Concurrent Relocate 0.870ms
[2024-07-24T19:26:29.666+0800][6.264s][gc,load     ] GC(5) Load: 0.00/0.00/0.00
[2024-07-24T19:26:29.666+0800][6.264s][gc,mmu      ] GC(5) MMU: 2ms/97.9%, 5ms/99.2%, 10ms/99.6%, 20ms/99.7%, 50ms/99.9%, 100ms/99.9%
[2024-07-24T19:26:29.666+0800][6.264s][gc,marking  ] GC(5) Mark: 2 stripe(s), 2 proactive flush(es), 1 terminate flush(es), 0 completion(s), 0 continuation(s) 
[2024-07-24T19:26:29.667+0800][6.264s][gc,marking  ] GC(5) Mark Stack Usage: 32M
[2024-07-24T19:26:29.667+0800][6.264s][gc,nmethod  ] GC(5) NMethods: 268 registered, 0 unregistered
[2024-07-24T19:26:29.667+0800][6.264s][gc,metaspace] GC(5) Metaspace: 0M used, 0M committed, 1088M reserved
[2024-07-24T19:26:29.667+0800][6.264s][gc,ref      ] GC(5) Soft: 93 encountered, 0 discovered, 0 enqueued
[2024-07-24T19:26:29.667+0800][6.264s][gc,ref      ] GC(5) Weak: 189 encountered, 133 discovered, 0 enqueued
[2024-07-24T19:26:29.667+0800][6.264s][gc,ref      ] GC(5) Final: 0 encountered, 0 discovered, 0 enqueued
[2024-07-24T19:26:29.667+0800][6.264s][gc,ref      ] GC(5) Phantom: 1 encountered, 0 discovered, 0 enqueued
[2024-07-24T19:26:29.667+0800][6.264s][gc,reloc    ] GC(5) Small Pages: 3 / 6M, Empty: 0M, Relocated: 1M, In-Place: 0
[2024-07-24T19:26:29.667+0800][6.264s][gc,reloc    ] GC(5) Medium Pages: 26 / 832M, Empty: 800M, Relocated: 0M, In-Place: 0
[2024-07-24T19:26:29.667+0800][6.264s][gc,reloc    ] GC(5) Large Pages: 0 / 0M, Empty: 0M, Relocated: 0M, In-Place: 0
[2024-07-24T19:26:29.667+0800][6.264s][gc,reloc    ] GC(5) Forwarding Usage: 0M
[2024-07-24T19:26:29.667+0800][6.264s][gc,heap     ] GC(5) Min Capacity: 2048M(100%)
[2024-07-24T19:26:29.667+0800][6.264s][gc,heap     ] GC(5) Max Capacity: 2048M(100%)
[2024-07-24T19:26:29.667+0800][6.264s][gc,heap     ] GC(5) Soft Max Capacity: 2048M(100%)
[2024-07-24T19:26:29.667+0800][6.265s][gc,heap     ] GC(5)                Mark Start          Mark End        Relocate Start      Relocate End           High               Low         
[2024-07-24T19:26:29.667+0800][6.265s][gc,heap     ] GC(5)  Capacity:     2048M (100%)       2048M (100%)       2048M (100%)       2048M (100%)       2048M (100%)       2048M (100%)   
[2024-07-24T19:26:29.667+0800][6.265s][gc,heap     ] GC(5)      Free:     1210M (59%)        1176M (57%)        1976M (96%)        1978M (97%)        1978M (97%)        1176M (57%)    
[2024-07-24T19:26:29.667+0800][6.265s][gc,heap     ] GC(5)      Used:      838M (41%)         872M (43%)          72M (4%)           70M (3%)          872M (43%)          70M (3%)     
[2024-07-24T19:26:29.667+0800][6.265s][gc,heap     ] GC(5)      Live:         -                 5M (0%)            5M (0%)            5M (0%)             -                  -          
[2024-07-24T19:26:29.667+0800][6.265s][gc,heap     ] GC(5) Allocated:         -                34M (2%)           34M (2%)           33M (2%)             -                  -          
[2024-07-24T19:26:29.667+0800][6.265s][gc,heap     ] GC(5)   Garbage:         -               832M (41%)          32M (2%)           30M (2%)             -                  -          
[2024-07-24T19:26:29.667+0800][6.265s][gc,heap     ] GC(5) Reclaimed:         -                  -               800M (39%)         801M (39%)            -                  -          
[2024-07-24T19:26:29.667+0800][6.265s][gc          ] GC(5) Garbage Collection (Proactive) 838M(41%)->70M(3%)
[2024-07-24T19:26:30.747+0800][7.345s][gc,start    ] GC(6) Garbage Collection (Proactive)
[2024-07-24T19:26:30.747+0800][7.345s][gc,task     ] GC(6) Using 2 workers
[2024-07-24T19:26:30.747+0800][7.345s][gc,phases   ] GC(6) Pause Mark Start 0.010ms
[2024-07-24T19:26:30.763+0800][7.360s][gc,phases   ] GC(6) Concurrent Mark 14.520ms
[2024-07-24T19:26:30.763+0800][7.360s][gc,phases   ] GC(6) Pause Mark End 0.018ms
[2024-07-24T19:26:30.763+0800][7.361s][gc,phases   ] GC(6) Concurrent Mark Free 0.002ms
[2024-07-24T19:26:30.764+0800][7.361s][gc,phases   ] GC(6) Concurrent Process Non-Strong References 0.821ms
[2024-07-24T19:26:30.764+0800][7.362s][gc,phases   ] GC(6) Concurrent Reset Relocation Set 0.001ms
[2024-07-24T19:26:30.765+0800][7.363s][gc,phases   ] GC(6) Concurrent Select Relocation Set 1.801ms
[2024-07-24T19:26:30.765+0800][7.364s][gc,phases   ] GC(6) Pause Relocate Start 0.006ms
[2024-07-24T19:26:30.767+0800][7.365s][gc,phases   ] GC(6) Concurrent Relocate 1.276ms
[2024-07-24T19:26:30.767+0800][7.365s][gc,load     ] GC(6) Load: 0.00/0.00/0.00
[2024-07-24T19:26:30.767+0800][7.365s][gc,mmu      ] GC(6) MMU: 2ms/97.9%, 5ms/99.2%, 10ms/99.6%, 20ms/99.7%, 50ms/99.9%, 100ms/99.9%
[2024-07-24T19:26:30.767+0800][7.365s][gc,marking  ] GC(6) Mark: 2 stripe(s), 2 proactive flush(es), 1 terminate flush(es), 0 completion(s), 0 continuation(s) 
[2024-07-24T19:26:30.767+0800][7.365s][gc,marking  ] GC(6) Mark Stack Usage: 32M
[2024-07-24T19:26:30.767+0800][7.365s][gc,nmethod  ] GC(6) NMethods: 281 registered, 0 unregistered
[2024-07-24T19:26:30.767+0800][7.365s][gc,metaspace] GC(6) Metaspace: 0M used, 0M committed, 1088M reserved
[2024-07-24T19:26:30.767+0800][7.365s][gc,ref      ] GC(6) Soft: 93 encountered, 0 discovered, 0 enqueued
[2024-07-24T19:26:30.767+0800][7.365s][gc,ref      ] GC(6) Weak: 189 encountered, 0 discovered, 0 enqueued
[2024-07-24T19:26:30.767+0800][7.365s][gc,ref      ] GC(6) Final: 0 encountered, 0 discovered, 0 enqueued
[2024-07-24T19:26:30.767+0800][7.365s][gc,ref      ] GC(6) Phantom: 1 encountered, 1 discovered, 0 enqueued
[2024-07-24T19:26:30.767+0800][7.365s][gc,reloc    ] GC(6) Small Pages: 3 / 6M, Empty: 0M, Relocated: 1M, In-Place: 0
[2024-07-24T19:26:30.767+0800][7.365s][gc,reloc    ] GC(6) Medium Pages: 24 / 768M, Empty: 736M, Relocated: 0M, In-Place: 0
[2024-07-24T19:26:30.767+0800][7.365s][gc,reloc    ] GC(6) Large Pages: 0 / 0M, Empty: 0M, Relocated: 0M, In-Place: 0
[2024-07-24T19:26:30.767+0800][7.365s][gc,reloc    ] GC(6) Forwarding Usage: 0M
[2024-07-24T19:26:30.767+0800][7.365s][gc,heap     ] GC(6) Min Capacity: 2048M(100%)
[2024-07-24T19:26:30.767+0800][7.365s][gc,heap     ] GC(6) Max Capacity: 2048M(100%)
[2024-07-24T19:26:30.767+0800][7.365s][gc,heap     ] GC(6) Soft Max Capacity: 2048M(100%)
[2024-07-24T19:26:30.767+0800][7.365s][gc,heap     ] GC(6)                Mark Start          Mark End        Relocate Start      Relocate End           High               Low         
[2024-07-24T19:26:30.767+0800][7.365s][gc,heap     ] GC(6)  Capacity:     2048M (100%)       2048M (100%)       2048M (100%)       2048M (100%)       2048M (100%)       2048M (100%)   
[2024-07-24T19:26:30.767+0800][7.365s][gc,heap     ] GC(6)      Free:     1274M (62%)        1240M (61%)        1976M (96%)        1978M (97%)        1978M (97%)        1240M (61%)    
[2024-07-24T19:26:30.767+0800][7.365s][gc,heap     ] GC(6)      Used:      774M (38%)         808M (39%)          72M (4%)           70M (3%)          808M (39%)          70M (3%)     
[2024-07-24T19:26:30.767+0800][7.365s][gc,heap     ] GC(6)      Live:         -                 5M (0%)            5M (0%)            5M (0%)             -                  -          
[2024-07-24T19:26:30.767+0800][7.365s][gc,heap     ] GC(6) Allocated:         -                34M (2%)           34M (2%)           33M (2%)             -                  -          
[2024-07-24T19:26:30.767+0800][7.365s][gc,heap     ] GC(6)   Garbage:         -               768M (38%)          32M (2%)           30M (2%)             -                  -          
[2024-07-24T19:26:30.767+0800][7.365s][gc,heap     ] GC(6) Reclaimed:         -                  -               736M (36%)         737M (36%)            -                  -          
[2024-07-24T19:26:30.767+0800][7.365s][gc          ] GC(6) Garbage Collection (Proactive) 774M(38%)->70M(3%)
[2024-07-24T19:26:31.847+0800][8.444s][gc,start    ] GC(7) Garbage Collection (Proactive)
[2024-07-24T19:26:31.847+0800][8.445s][gc,task     ] GC(7) Using 2 workers
[2024-07-24T19:26:31.848+0800][8.445s][gc,phases   ] GC(7) Pause Mark Start 0.008ms
[2024-07-24T19:26:31.863+0800][8.460s][gc,phases   ] GC(7) Concurrent Mark 15.068ms
[2024-07-24T19:26:31.863+0800][8.461s][gc,phases   ] GC(7) Pause Mark End 0.031ms
[2024-07-24T19:26:31.864+0800][8.461s][gc,phases   ] GC(7) Concurrent Mark Free 0.003ms
[2024-07-24T19:26:31.864+0800][8.462s][gc,phases   ] GC(7) Concurrent Process Non-Strong References 0.737ms
[2024-07-24T19:26:31.864+0800][8.462s][gc,phases   ] GC(7) Concurrent Reset Relocation Set 0.001ms
[2024-07-24T19:26:31.867+0800][8.464s][gc,phases   ] GC(7) Concurrent Select Relocation Set 2.046ms
[2024-07-24T19:26:31.867+0800][8.464s][gc,phases   ] GC(7) Pause Relocate Start 0.006ms
[2024-07-24T19:26:31.868+0800][8.465s][gc,phases   ] GC(7) Concurrent Relocate 0.704ms
[2024-07-24T19:26:31.868+0800][8.465s][gc,load     ] GC(7) Load: 0.00/0.00/0.00
[2024-07-24T19:26:31.868+0800][8.465s][gc,mmu      ] GC(7) MMU: 2ms/97.9%, 5ms/99.2%, 10ms/99.6%, 20ms/99.7%, 50ms/99.9%, 100ms/99.9%
[2024-07-24T19:26:31.868+0800][8.465s][gc,marking  ] GC(7) Mark: 2 stripe(s), 2 proactive flush(es), 1 terminate flush(es), 0 completion(s), 0 continuation(s) 
[2024-07-24T19:26:31.868+0800][8.465s][gc,marking  ] GC(7) Mark Stack Usage: 32M
[2024-07-24T19:26:31.868+0800][8.465s][gc,nmethod  ] GC(7) NMethods: 281 registered, 0 unregistered
[2024-07-24T19:26:31.868+0800][8.465s][gc,metaspace] GC(7) Metaspace: 0M used, 0M committed, 1088M reserved
[2024-07-24T19:26:31.868+0800][8.465s][gc,ref      ] GC(7) Soft: 93 encountered, 0 discovered, 0 enqueued
[2024-07-24T19:26:31.868+0800][8.465s][gc,ref      ] GC(7) Weak: 189 encountered, 3 discovered, 0 enqueued
[2024-07-24T19:26:31.868+0800][8.465s][gc,ref      ] GC(7) Final: 0 encountered, 0 discovered, 0 enqueued
[2024-07-24T19:26:31.868+0800][8.465s][gc,ref      ] GC(7) Phantom: 1 encountered, 0 discovered, 0 enqueued
[2024-07-24T19:26:31.868+0800][8.465s][gc,reloc    ] GC(7) Small Pages: 3 / 6M, Empty: 0M, Relocated: 1M, In-Place: 0
[2024-07-24T19:26:31.868+0800][8.465s][gc,reloc    ] GC(7) Medium Pages: 24 / 768M, Empty: 736M, Relocated: 0M, In-Place: 0
[2024-07-24T19:26:31.868+0800][8.465s][gc,reloc    ] GC(7) Large Pages: 0 / 0M, Empty: 0M, Relocated: 0M, In-Place: 0
[2024-07-24T19:26:31.868+0800][8.465s][gc,reloc    ] GC(7) Forwarding Usage: 0M
[2024-07-24T19:26:31.868+0800][8.465s][gc,heap     ] GC(7) Min Capacity: 2048M(100%)
[2024-07-24T19:26:31.868+0800][8.465s][gc,heap     ] GC(7) Max Capacity: 2048M(100%)
[2024-07-24T19:26:31.868+0800][8.465s][gc,heap     ] GC(7) Soft Max Capacity: 2048M(100%)
[2024-07-24T19:26:31.868+0800][8.465s][gc,heap     ] GC(7)                Mark Start          Mark End        Relocate Start      Relocate End           High               Low         
[2024-07-24T19:26:31.868+0800][8.465s][gc,heap     ] GC(7)  Capacity:     2048M (100%)       2048M (100%)       2048M (100%)       2048M (100%)       2048M (100%)       2048M (100%)   
[2024-07-24T19:26:31.868+0800][8.465s][gc,heap     ] GC(7)      Free:     1274M (62%)        1240M (61%)        1976M (96%)        1978M (97%)        1978M (97%)        1240M (61%)    
[2024-07-24T19:26:31.868+0800][8.465s][gc,heap     ] GC(7)      Used:      774M (38%)         808M (39%)          72M (4%)           70M (3%)          808M (39%)          70M (3%)     
[2024-07-24T19:26:31.868+0800][8.465s][gc,heap     ] GC(7)      Live:         -                 6M (0%)            6M (0%)            6M (0%)             -                  -          
[2024-07-24T19:26:31.868+0800][8.465s][gc,heap     ] GC(7) Allocated:         -                34M (2%)           34M (2%)           34M (2%)             -                  -          
[2024-07-24T19:26:31.868+0800][8.465s][gc,heap     ] GC(7)   Garbage:         -               767M (37%)          31M (2%)           29M (1%)             -                  -          
[2024-07-24T19:26:31.868+0800][8.465s][gc,heap     ] GC(7) Reclaimed:         -                  -               736M (36%)         738M (36%)            -                  -          
[2024-07-24T19:26:31.868+0800][8.465s][gc          ] GC(7) Garbage Collection (Proactive) 774M(38%)->70M(3%)
[2024-07-24T19:26:32.950+0800][9.548s][gc,start    ] GC(8) Garbage Collection (Proactive)
[2024-07-24T19:26:32.950+0800][9.548s][gc,task     ] GC(8) Using 2 workers
[2024-07-24T19:26:32.951+0800][9.549s][gc,phases   ] GC(8) Pause Mark Start 0.028ms
[2024-07-24T19:26:32.966+0800][9.564s][gc,phases   ] GC(8) Concurrent Mark 15.034ms
[2024-07-24T19:26:32.966+0800][9.564s][gc,phases   ] GC(8) Pause Mark End 0.022ms
[2024-07-24T19:26:32.967+0800][9.564s][gc,phases   ] GC(8) Concurrent Mark Free 0.003ms
[2024-07-24T19:26:32.967+0800][9.565s][gc,phases   ] GC(8) Concurrent Process Non-Strong References 0.720ms
[2024-07-24T19:26:32.967+0800][9.565s][gc,phases   ] GC(8) Concurrent Reset Relocation Set 0.001ms
[2024-07-24T19:26:32.970+0800][9.568s][gc,phases   ] GC(8) Concurrent Select Relocation Set 2.427ms
[2024-07-24T19:26:32.970+0800][9.568s][gc,phases   ] GC(8) Pause Relocate Start 0.019ms
[2024-07-24T19:26:32.971+0800][9.569s][gc,phases   ] GC(8) Concurrent Relocate 0.796ms
[2024-07-24T19:26:32.971+0800][9.569s][gc,load     ] GC(8) Load: 0.00/0.00/0.00
[2024-07-24T19:26:32.971+0800][9.569s][gc,mmu      ] GC(8) MMU: 2ms/97.9%, 5ms/99.2%, 10ms/99.6%, 20ms/99.7%, 50ms/99.9%, 100ms/99.9%
[2024-07-24T19:26:32.971+0800][9.569s][gc,marking  ] GC(8) Mark: 2 stripe(s), 2 proactive flush(es), 1 terminate flush(es), 0 completion(s), 0 continuation(s) 
[2024-07-24T19:26:32.971+0800][9.569s][gc,marking  ] GC(8) Mark Stack Usage: 32M
[2024-07-24T19:26:32.971+0800][9.569s][gc,nmethod  ] GC(8) NMethods: 293 registered, 0 unregistered
[2024-07-24T19:26:32.971+0800][9.569s][gc,metaspace] GC(8) Metaspace: 0M used, 0M committed, 1088M reserved
[2024-07-24T19:26:32.971+0800][9.569s][gc,ref      ] GC(8) Soft: 93 encountered, 0 discovered, 0 enqueued
[2024-07-24T19:26:32.971+0800][9.569s][gc,ref      ] GC(8) Weak: 189 encountered, 41 discovered, 0 enqueued
[2024-07-24T19:26:32.971+0800][9.569s][gc,ref      ] GC(8) Final: 0 encountered, 0 discovered, 0 enqueued
[2024-07-24T19:26:32.971+0800][9.569s][gc,ref      ] GC(8) Phantom: 1 encountered, 0 discovered, 0 enqueued
[2024-07-24T19:26:32.971+0800][9.569s][gc,reloc    ] GC(8) Small Pages: 3 / 6M, Empty: 0M, Relocated: 1M, In-Place: 0
[2024-07-24T19:26:32.971+0800][9.569s][gc,reloc    ] GC(8) Medium Pages: 24 / 768M, Empty: 736M, Relocated: 0M, In-Place: 0
[2024-07-24T19:26:32.971+0800][9.569s][gc,reloc    ] GC(8) Large Pages: 0 / 0M, Empty: 0M, Relocated: 0M, In-Place: 0
[2024-07-24T19:26:32.971+0800][9.569s][gc,reloc    ] GC(8) Forwarding Usage: 0M
[2024-07-24T19:26:32.971+0800][9.569s][gc,heap     ] GC(8) Min Capacity: 2048M(100%)
[2024-07-24T19:26:32.971+0800][9.569s][gc,heap     ] GC(8) Max Capacity: 2048M(100%)
[2024-07-24T19:26:32.971+0800][9.569s][gc,heap     ] GC(8) Soft Max Capacity: 2048M(100%)
[2024-07-24T19:26:32.971+0800][9.569s][gc,heap     ] GC(8)                Mark Start          Mark End        Relocate Start      Relocate End           High               Low         
[2024-07-24T19:26:32.971+0800][9.569s][gc,heap     ] GC(8)  Capacity:     2048M (100%)       2048M (100%)       2048M (100%)       2048M (100%)       2048M (100%)       2048M (100%)   
[2024-07-24T19:26:32.971+0800][9.569s][gc,heap     ] GC(8)      Free:     1274M (62%)        1240M (61%)        1976M (96%)        1978M (97%)        1978M (97%)        1240M (61%)    
[2024-07-24T19:26:32.971+0800][9.569s][gc,heap     ] GC(8)      Used:      774M (38%)         808M (39%)          72M (4%)           70M (3%)          808M (39%)          70M (3%)     
[2024-07-24T19:26:32.972+0800][9.569s][gc,heap     ] GC(8)      Live:         -                 4M (0%)            4M (0%)            4M (0%)             -                  -          
[2024-07-24T19:26:32.972+0800][9.569s][gc,heap     ] GC(8) Allocated:         -                34M (2%)           34M (2%)           33M (2%)             -                  -          
[2024-07-24T19:26:32.972+0800][9.569s][gc,heap     ] GC(8)   Garbage:         -               769M (38%)          33M (2%)           31M (2%)             -                  -          
[2024-07-24T19:26:32.972+0800][9.569s][gc,heap     ] GC(8) Reclaimed:         -                  -               736M (36%)         737M (36%)            -                  -          
[2024-07-24T19:26:32.972+0800][9.569s][gc          ] GC(8) Garbage Collection (Proactive) 774M(38%)->70M(3%)
[2024-07-24T19:26:33.549+0800][10.146s][gc,stats    ] === Garbage Collection Statistics =======================================================================================================================
[2024-07-24T19:26:33.549+0800][10.146s][gc,stats    ]                                                              Last 10s              Last 10m              Last 10h                Total
[2024-07-24T19:26:33.549+0800][10.146s][gc,stats    ]                                                              Avg / Max             Avg / Max             Avg / Max             Avg / Max
[2024-07-24T19:26:33.549+0800][10.147s][gc,stats    ]   Collector: Garbage Collection Cycle                     21.114 / 26.598       21.114 / 26.598       21.114 / 26.598       21.114 / 26.598      ms
[2024-07-24T19:26:33.549+0800][10.147s][gc,stats    ]  Contention: Mark Segment Reset Contention                     0 / 1                 0 / 1                 0 / 1                 0 / 1           ops/s
[2024-07-24T19:26:33.549+0800][10.147s][gc,stats    ]  Contention: Mark SeqNum Reset Contention                      0 / 1                 0 / 1                 0 / 1                 0 / 1           ops/s
[2024-07-24T19:26:33.549+0800][10.147s][gc,stats    ]    Critical: Allocation Stall                                  0 / 0                 0 / 0                 0 / 0                 0 / 0           ops/s
[2024-07-24T19:26:33.549+0800][10.147s][gc,stats    ]    Critical: Allocation Stall                              0.000 / 0.000         0.000 / 0.000         0.000 / 0.000         0.000 / 0.000       ms
[2024-07-24T19:26:33.549+0800][10.147s][gc,stats    ]    Critical: GC Locker Stall                                   0 / 0                 0 / 0                 0 / 0                 0 / 0           ops/s
[2024-07-24T19:26:33.549+0800][10.147s][gc,stats    ]    Critical: GC Locker Stall                               0.000 / 0.000         0.000 / 0.000         0.000 / 0.000         0.000 / 0.000       ms
[2024-07-24T19:26:33.549+0800][10.147s][gc,stats    ]    Critical: Relocation Stall                                  0 / 0                 0 / 0                 0 / 0                 0 / 0           ops/s
[2024-07-24T19:26:33.549+0800][10.147s][gc,stats    ]    Critical: Relocation Stall                              0.000 / 0.000         0.000 / 0.000         0.000 / 0.000         0.000 / 0.000       ms
[2024-07-24T19:26:33.549+0800][10.147s][gc,stats    ]      Memory: Allocation Rate                                 623 / 676             623 / 676             623 / 676             623 / 676         MB/s
[2024-07-24T19:26:33.550+0800][10.147s][gc,stats    ]      Memory: Out Of Memory                                     0 / 0                 0 / 0                 0 / 0                 0 / 0           ops/s
[2024-07-24T19:26:33.550+0800][10.147s][gc,stats    ]      Memory: Page Cache Flush                                  0 / 0                 0 / 0                 0 / 0                 0 / 0           MB/s
[2024-07-24T19:26:33.550+0800][10.147s][gc,stats    ]      Memory: Page Cache Hit L1                                19 / 25               19 / 25               19 / 25               19 / 25          ops/s
[2024-07-24T19:26:33.550+0800][10.147s][gc,stats    ]      Memory: Page Cache Hit L2                                 0 / 0                 0 / 0                 0 / 0                 0 / 0           ops/s
[2024-07-24T19:26:33.550+0800][10.147s][gc,stats    ]      Memory: Page Cache Hit L3                                 3 / 15                3 / 15                3 / 15                3 / 15          ops/s
[2024-07-24T19:26:33.550+0800][10.147s][gc,stats    ]      Memory: Page Cache Miss                                   0 / 1                 0 / 1                 0 / 1                 0 / 1           ops/s
[2024-07-24T19:26:33.550+0800][10.147s][gc,stats    ]      Memory: Uncommit                                          0 / 0                 0 / 0                 0 / 0                 0 / 0           MB/s
[2024-07-24T19:26:33.550+0800][10.147s][gc,stats    ]      Memory: Undo Object Allocation Failed                     0 / 0                 0 / 0                 0 / 0                 0 / 0           ops/s
[2024-07-24T19:26:33.550+0800][10.147s][gc,stats    ]      Memory: Undo Object Allocation Succeeded                  0 / 1                 0 / 1                 0 / 1                 0 / 1           ops/s
[2024-07-24T19:26:33.550+0800][10.147s][gc,stats    ]      Memory: Undo Page Allocation                              0 / 0                 0 / 0                 0 / 0                 0 / 0           ops/s
[2024-07-24T19:26:33.550+0800][10.147s][gc,stats    ]       Phase: Concurrent Mark                              15.164 / 15.523       15.164 / 15.523       15.164 / 15.523       15.164 / 15.523      ms
[2024-07-24T19:26:33.550+0800][10.147s][gc,stats    ]       Phase: Concurrent Mark Continue                      0.000 / 0.000         0.000 / 0.000         0.000 / 0.000         0.000 / 0.000       ms
[2024-07-24T19:26:33.550+0800][10.147s][gc,stats    ]       Phase: Concurrent Mark Free                          0.002 / 0.003         0.002 / 0.003         0.002 / 0.003         0.002 / 0.003       ms
[2024-07-24T19:26:33.550+0800][10.147s][gc,stats    ]       Phase: Concurrent Process Non-Strong References      0.791 / 0.872         0.791 / 0.872         0.791 / 0.872         0.791 / 0.872       ms
[2024-07-24T19:26:33.550+0800][10.147s][gc,stats    ]       Phase: Concurrent Relocate                           0.896 / 1.292         0.896 / 1.292         0.896 / 1.292         0.896 / 1.292       ms
[2024-07-24T19:26:33.550+0800][10.147s][gc,stats    ]       Phase: Concurrent Reset Relocation Set               0.001 / 0.002         0.001 / 0.002         0.001 / 0.002         0.001 / 0.002       ms
[2024-07-24T19:26:33.550+0800][10.147s][gc,stats    ]       Phase: Concurrent Select Relocation Set              2.549 / 8.375         2.549 / 8.375         2.549 / 8.375         2.549 / 8.375       ms
[2024-07-24T19:26:33.550+0800][10.147s][gc,stats    ]       Phase: Pause Mark End                                0.020 / 0.032         0.020 / 0.032         0.020 / 0.032         0.020 / 0.032       ms
[2024-07-24T19:26:33.550+0800][10.147s][gc,stats    ]       Phase: Pause Mark Start                              0.014 / 0.041         0.014 / 0.041         0.014 / 0.041         0.014 / 0.041       ms
[2024-07-24T19:26:33.550+0800][10.147s][gc,stats    ]       Phase: Pause Relocate Start                          0.008 / 0.019         0.008 / 0.019         0.008 / 0.019         0.008 / 0.019       ms
[2024-07-24T19:26:33.550+0800][10.147s][gc,stats    ]    Subphase: Concurrent Classes Purge                      0.110 / 0.157         0.110 / 0.157         0.110 / 0.157         0.110 / 0.157       ms
[2024-07-24T19:26:33.550+0800][10.147s][gc,stats    ]    Subphase: Concurrent Classes Unlink                     0.227 / 0.253         0.227 / 0.253         0.227 / 0.253         0.227 / 0.253       ms
[2024-07-24T19:26:33.550+0800][10.147s][gc,stats    ]    Subphase: Concurrent Mark                               8.399 / 15.190        8.399 / 15.190        8.399 / 15.190        8.399 / 15.190      ms
[2024-07-24T19:26:33.550+0800][10.147s][gc,stats    ]    Subphase: Concurrent Mark Try Flush                     0.130 / 0.207         0.130 / 0.207         0.130 / 0.207         0.130 / 0.207       ms
[2024-07-24T19:26:33.550+0800][10.147s][gc,stats    ]    Subphase: Concurrent Mark Try Terminate                 4.424 / 13.706        4.424 / 13.706        4.424 / 13.706        4.424 / 13.706      ms
[2024-07-24T19:26:33.550+0800][10.147s][gc,stats    ]    Subphase: Concurrent References Enqueue                 0.001 / 0.003         0.001 / 0.003         0.001 / 0.003         0.001 / 0.003       ms
[2024-07-24T19:26:33.550+0800][10.147s][gc,stats    ]    Subphase: Concurrent References Process                 0.088 / 0.118         0.088 / 0.118         0.088 / 0.118         0.088 / 0.118       ms
[2024-07-24T19:26:33.550+0800][10.147s][gc,stats    ]    Subphase: Concurrent Roots ClassLoaderDataGraph         0.077 / 0.255         0.077 / 0.255         0.077 / 0.255         0.077 / 0.255       ms
[2024-07-24T19:26:33.550+0800][10.148s][gc,stats    ]    Subphase: Concurrent Roots CodeCache                    0.000 / 0.000         0.000 / 0.000         0.000 / 0.000         0.000 / 0.000       ms
[2024-07-24T19:26:33.550+0800][10.148s][gc,stats    ]    Subphase: Concurrent Roots JavaThreads                  0.115 / 0.198         0.115 / 0.198         0.115 / 0.198         0.115 / 0.198       ms
[2024-07-24T19:26:33.550+0800][10.148s][gc,stats    ]    Subphase: Concurrent Roots OopStorageSet                0.019 / 0.040         0.019 / 0.040         0.019 / 0.040         0.019 / 0.040       ms
[2024-07-24T19:26:33.550+0800][10.148s][gc,stats    ]    Subphase: Concurrent Weak Roots OopStorageSet           0.155 / 0.218         0.155 / 0.218         0.155 / 0.218         0.155 / 0.218       ms
[2024-07-24T19:26:33.550+0800][10.148s][gc,stats    ]    Subphase: Pause Mark Try Complete                       0.000 / 0.000         0.000 / 0.000         0.000 / 0.000         0.000 / 0.000       ms
[2024-07-24T19:26:33.550+0800][10.148s][gc,stats    ]      System: Java Threads                                     12 / 12               12 / 12               12 / 12               12 / 12          threads
[2024-07-24T19:26:33.550+0800][10.148s][gc,stats    ] =========================================================================================================================================================
[2024-07-24T19:26:34.147+0800][10.745s][gc,start    ] GC(9) Garbage Collection (Proactive)
[2024-07-24T19:26:34.147+0800][10.745s][gc,task     ] GC(9) Using 2 workers
[2024-07-24T19:26:34.148+0800][10.745s][gc,phases   ] GC(9) Pause Mark Start 0.022ms
[2024-07-24T19:26:34.163+0800][10.761s][gc,phases   ] GC(9) Concurrent Mark 15.299ms
[2024-07-24T19:26:34.163+0800][10.761s][gc,phases   ] GC(9) Pause Mark End 0.017ms
[2024-07-24T19:26:34.163+0800][10.761s][gc,phases   ] GC(9) Concurrent Mark Free 0.002ms
[2024-07-24T19:26:34.164+0800][10.762s][gc,phases   ] GC(9) Concurrent Process Non-Strong References 0.830ms
[2024-07-24T19:26:34.164+0800][10.762s][gc,phases   ] GC(9) Concurrent Reset Relocation Set 0.001ms
[2024-07-24T19:26:34.167+0800][10.765s][gc,phases   ] GC(9) Concurrent Select Relocation Set 2.690ms
[2024-07-24T19:26:34.167+0800][10.765s][gc,phases   ] GC(9) Pause Relocate Start 0.006ms
[2024-07-24T19:26:34.168+0800][10.766s][gc,phases   ] GC(9) Concurrent Relocate 0.823ms
[2024-07-24T19:26:34.168+0800][10.766s][gc,load     ] GC(9) Load: 0.00/0.00/0.00
[2024-07-24T19:26:34.168+0800][10.766s][gc,mmu      ] GC(9) MMU: 2ms/97.9%, 5ms/99.2%, 10ms/99.6%, 20ms/99.7%, 50ms/99.9%, 100ms/99.9%
[2024-07-24T19:26:34.168+0800][10.766s][gc,marking  ] GC(9) Mark: 2 stripe(s), 2 proactive flush(es), 1 terminate flush(es), 0 completion(s), 0 continuation(s) 
[2024-07-24T19:26:34.169+0800][10.766s][gc,marking  ] GC(9) Mark Stack Usage: 32M
[2024-07-24T19:26:34.169+0800][10.766s][gc,nmethod  ] GC(9) NMethods: 293 registered, 0 unregistered
[2024-07-24T19:26:34.169+0800][10.766s][gc,metaspace] GC(9) Metaspace: 0M used, 0M committed, 1088M reserved
[2024-07-24T19:26:34.169+0800][10.766s][gc,ref      ] GC(9) Soft: 93 encountered, 0 discovered, 0 enqueued
[2024-07-24T19:26:34.169+0800][10.766s][gc,ref      ] GC(9) Weak: 189 encountered, 160 discovered, 0 enqueued
[2024-07-24T19:26:34.169+0800][10.766s][gc,ref      ] GC(9) Final: 0 encountered, 0 discovered, 0 enqueued
[2024-07-24T19:26:34.169+0800][10.766s][gc,ref      ] GC(9) Phantom: 1 encountered, 0 discovered, 0 enqueued
[2024-07-24T19:26:34.169+0800][10.766s][gc,reloc    ] GC(9) Small Pages: 3 / 6M, Empty: 0M, Relocated: 1M, In-Place: 0
[2024-07-24T19:26:34.169+0800][10.766s][gc,reloc    ] GC(9) Medium Pages: 26 / 832M, Empty: 800M, Relocated: 0M, In-Place: 0
[2024-07-24T19:26:34.169+0800][10.766s][gc,reloc    ] GC(9) Large Pages: 0 / 0M, Empty: 0M, Relocated: 0M, In-Place: 0
[2024-07-24T19:26:34.169+0800][10.766s][gc,reloc    ] GC(9) Forwarding Usage: 0M
[2024-07-24T19:26:34.169+0800][10.766s][gc,heap     ] GC(9) Min Capacity: 2048M(100%)
[2024-07-24T19:26:34.169+0800][10.766s][gc,heap     ] GC(9) Max Capacity: 2048M(100%)
[2024-07-24T19:26:34.169+0800][10.766s][gc,heap     ] GC(9) Soft Max Capacity: 2048M(100%)
[2024-07-24T19:26:34.169+0800][10.766s][gc,heap     ] GC(9)                Mark Start          Mark End        Relocate Start      Relocate End           High               Low         
[2024-07-24T19:26:34.169+0800][10.766s][gc,heap     ] GC(9)  Capacity:     2048M (100%)       2048M (100%)       2048M (100%)       2048M (100%)       2048M (100%)       2048M (100%)   
[2024-07-24T19:26:34.169+0800][10.766s][gc,heap     ] GC(9)      Free:     1210M (59%)        1176M (57%)        1976M (96%)        1978M (97%)        1978M (97%)        1176M (57%)    
[2024-07-24T19:26:34.169+0800][10.766s][gc,heap     ] GC(9)      Used:      838M (41%)         872M (43%)          72M (4%)           70M (3%)          872M (43%)          70M (3%)     
[2024-07-24T19:26:34.169+0800][10.766s][gc,heap     ] GC(9)      Live:         -                 3M (0%)            3M (0%)            3M (0%)             -                  -          
[2024-07-24T19:26:34.169+0800][10.767s][gc,heap     ] GC(9) Allocated:         -                34M (2%)           34M (2%)           33M (2%)             -                  -          
[2024-07-24T19:26:34.169+0800][10.767s][gc,heap     ] GC(9)   Garbage:         -               834M (41%)          34M (2%)           32M (2%)             -                  -          
[2024-07-24T19:26:34.169+0800][10.767s][gc,heap     ] GC(9) Reclaimed:         -                  -               800M (39%)         801M (39%)            -                  -          
[2024-07-24T19:26:34.169+0800][10.767s][gc          ] GC(9) Garbage Collection (Proactive) 838M(41%)->70M(3%)
[2024-07-24T19:26:35.344+0800][11.942s][gc,start    ] GC(10) Garbage Collection (Proactive)
[2024-07-24T19:26:35.344+0800][11.942s][gc,task     ] GC(10) Using 2 workers
[2024-07-24T19:26:35.345+0800][11.942s][gc,phases   ] GC(10) Pause Mark Start 0.015ms
[2024-07-24T19:26:35.359+0800][11.957s][gc,phases   ] GC(10) Concurrent Mark 14.454ms
[2024-07-24T19:26:35.360+0800][11.957s][gc,phases   ] GC(10) Pause Mark End 0.025ms
[2024-07-24T19:26:35.360+0800][11.957s][gc,phases   ] GC(10) Concurrent Mark Free 0.001ms
[2024-07-24T19:26:35.361+0800][11.958s][gc,phases   ] GC(10) Concurrent Process Non-Strong References 0.956ms
[2024-07-24T19:26:35.361+0800][11.958s][gc,phases   ] GC(10) Concurrent Reset Relocation Set 0.001ms
[2024-07-24T19:26:35.363+0800][11.960s][gc,phases   ] GC(10) Concurrent Select Relocation Set 1.510ms
[2024-07-24T19:26:35.363+0800][11.960s][gc,phases   ] GC(10) Pause Relocate Start 0.006ms
[2024-07-24T19:26:35.364+0800][11.962s][gc,phases   ] GC(10) Concurrent Relocate 1.150ms
[2024-07-24T19:26:35.364+0800][11.962s][gc,load     ] GC(10) Load: 0.00/0.00/0.00
[2024-07-24T19:26:35.364+0800][11.962s][gc,mmu      ] GC(10) MMU: 2ms/97.9%, 5ms/99.2%, 10ms/99.6%, 20ms/99.7%, 50ms/99.9%, 100ms/99.9%
[2024-07-24T19:26:35.364+0800][11.962s][gc,marking  ] GC(10) Mark: 2 stripe(s), 2 proactive flush(es), 1 terminate flush(es), 0 completion(s), 0 continuation(s) 
[2024-07-24T19:26:35.364+0800][11.962s][gc,marking  ] GC(10) Mark Stack Usage: 32M
[2024-07-24T19:26:35.364+0800][11.962s][gc,nmethod  ] GC(10) NMethods: 306 registered, 0 unregistered
[2024-07-24T19:26:35.364+0800][11.962s][gc,metaspace] GC(10) Metaspace: 0M used, 0M committed, 1088M reserved
[2024-07-24T19:26:35.364+0800][11.962s][gc,ref      ] GC(10) Soft: 93 encountered, 0 discovered, 0 enqueued
[2024-07-24T19:26:35.364+0800][11.962s][gc,ref      ] GC(10) Weak: 189 encountered, 0 discovered, 0 enqueued
[2024-07-24T19:26:35.364+0800][11.962s][gc,ref      ] GC(10) Final: 0 encountered, 0 discovered, 0 enqueued
[2024-07-24T19:26:35.364+0800][11.962s][gc,ref      ] GC(10) Phantom: 1 encountered, 0 discovered, 0 enqueued
[2024-07-24T19:26:35.364+0800][11.962s][gc,reloc    ] GC(10) Small Pages: 3 / 6M, Empty: 0M, Relocated: 1M, In-Place: 0
[2024-07-24T19:26:35.364+0800][11.962s][gc,reloc    ] GC(10) Medium Pages: 26 / 832M, Empty: 800M, Relocated: 0M, In-Place: 0
[2024-07-24T19:26:35.364+0800][11.962s][gc,reloc    ] GC(10) Large Pages: 0 / 0M, Empty: 0M, Relocated: 0M, In-Place: 0
[2024-07-24T19:26:35.364+0800][11.962s][gc,reloc    ] GC(10) Forwarding Usage: 0M
[2024-07-24T19:26:35.364+0800][11.962s][gc,heap     ] GC(10) Min Capacity: 2048M(100%)
[2024-07-24T19:26:35.364+0800][11.962s][gc,heap     ] GC(10) Max Capacity: 2048M(100%)
[2024-07-24T19:26:35.364+0800][11.962s][gc,heap     ] GC(10) Soft Max Capacity: 2048M(100%)
[2024-07-24T19:26:35.364+0800][11.962s][gc,heap     ] GC(10)                Mark Start          Mark End        Relocate Start      Relocate End           High               Low         
[2024-07-24T19:26:35.364+0800][11.962s][gc,heap     ] GC(10)  Capacity:     2048M (100%)       2048M (100%)       2048M (100%)       2048M (100%)       2048M (100%)       2048M (100%)   
[2024-07-24T19:26:35.364+0800][11.962s][gc,heap     ] GC(10)      Free:     1210M (59%)        1176M (57%)        1976M (96%)        1978M (97%)        1978M (97%)        1176M (57%)    
[2024-07-24T19:26:35.364+0800][11.962s][gc,heap     ] GC(10)      Used:      838M (41%)         872M (43%)          72M (4%)           70M (3%)          872M (43%)          70M (3%)     
[2024-07-24T19:26:35.365+0800][11.962s][gc,heap     ] GC(10)      Live:         -                 7M (0%)            7M (0%)            7M (0%)             -                  -          
[2024-07-24T19:26:35.365+0800][11.962s][gc,heap     ] GC(10) Allocated:         -                34M (2%)           34M (2%)           33M (2%)             -                  -          
[2024-07-24T19:26:35.365+0800][11.962s][gc,heap     ] GC(10)   Garbage:         -               830M (41%)          30M (2%)           28M (1%)             -                  -          
[2024-07-24T19:26:35.365+0800][11.962s][gc,heap     ] GC(10) Reclaimed:         -                  -               800M (39%)         801M (39%)            -                  -          
[2024-07-24T19:26:35.365+0800][11.962s][gc          ] GC(10) Garbage Collection (Proactive) 838M(41%)->70M(3%)
[2024-07-24T19:26:36.548+0800][13.145s][gc,start    ] GC(11) Garbage Collection (Proactive)
[2024-07-24T19:26:36.548+0800][13.145s][gc,task     ] GC(11) Using 2 workers
[2024-07-24T19:26:36.548+0800][13.146s][gc,phases   ] GC(11) Pause Mark Start 0.017ms
[2024-07-24T19:26:36.564+0800][13.161s][gc,phases   ] GC(11) Concurrent Mark 15.274ms
[2024-07-24T19:26:36.564+0800][13.162s][gc,phases   ] GC(11) Pause Mark End 0.041ms
[2024-07-24T19:26:36.564+0800][13.162s][gc,phases   ] GC(11) Concurrent Mark Free 0.004ms
[2024-07-24T19:26:36.565+0800][13.163s][gc,phases   ] GC(11) Concurrent Process Non-Strong References 1.384ms
[2024-07-24T19:26:36.565+0800][13.163s][gc,phases   ] GC(11) Concurrent Reset Relocation Set 0.001ms
[2024-07-24T19:26:36.567+0800][13.166s][gc,phases   ] GC(11) Concurrent Select Relocation Set 2.080ms
[2024-07-24T19:26:36.568+0800][13.166s][gc,phases   ] GC(11) Pause Relocate Start 0.006ms
[2024-07-24T19:26:36.568+0800][13.166s][gc,phases   ] GC(11) Concurrent Relocate 0.592ms
[2024-07-24T19:26:36.568+0800][13.166s][gc,load     ] GC(11) Load: 0.00/0.00/0.00
[2024-07-24T19:26:36.568+0800][13.167s][gc,mmu      ] GC(11) MMU: 2ms/97.9%, 5ms/99.1%, 10ms/99.5%, 20ms/99.7%, 50ms/99.9%, 100ms/99.9%
[2024-07-24T19:26:36.568+0800][13.167s][gc,marking  ] GC(11) Mark: 2 stripe(s), 2 proactive flush(es), 1 terminate flush(es), 0 completion(s), 0 continuation(s) 
[2024-07-24T19:26:36.568+0800][13.167s][gc,marking  ] GC(11) Mark Stack Usage: 32M
[2024-07-24T19:26:36.568+0800][13.167s][gc,nmethod  ] GC(11) NMethods: 321 registered, 0 unregistered
[2024-07-24T19:26:36.568+0800][13.167s][gc,metaspace] GC(11) Metaspace: 0M used, 0M committed, 1088M reserved
[2024-07-24T19:26:36.568+0800][13.167s][gc,ref      ] GC(11) Soft: 93 encountered, 0 discovered, 0 enqueued
[2024-07-24T19:26:36.568+0800][13.167s][gc,ref      ] GC(11) Weak: 189 encountered, 0 discovered, 0 enqueued
[2024-07-24T19:26:36.568+0800][13.167s][gc,ref      ] GC(11) Final: 0 encountered, 0 discovered, 0 enqueued
[2024-07-24T19:26:36.568+0800][13.167s][gc,ref      ] GC(11) Phantom: 1 encountered, 1 discovered, 0 enqueued
[2024-07-24T19:26:36.568+0800][13.167s][gc,reloc    ] GC(11) Small Pages: 3 / 6M, Empty: 0M, Relocated: 1M, In-Place: 0
[2024-07-24T19:26:36.568+0800][13.167s][gc,reloc    ] GC(11) Medium Pages: 26 / 832M, Empty: 800M, Relocated: 0M, In-Place: 0
[2024-07-24T19:26:36.568+0800][13.167s][gc,reloc    ] GC(11) Large Pages: 0 / 0M, Empty: 0M, Relocated: 0M, In-Place: 0
[2024-07-24T19:26:36.568+0800][13.167s][gc,reloc    ] GC(11) Forwarding Usage: 0M
[2024-07-24T19:26:36.568+0800][13.167s][gc,heap     ] GC(11) Min Capacity: 2048M(100%)
[2024-07-24T19:26:36.569+0800][13.167s][gc,heap     ] GC(11) Max Capacity: 2048M(100%)
[2024-07-24T19:26:36.569+0800][13.167s][gc,heap     ] GC(11) Soft Max Capacity: 2048M(100%)
[2024-07-24T19:26:36.569+0800][13.167s][gc,heap     ] GC(11)                Mark Start          Mark End        Relocate Start      Relocate End           High               Low         
[2024-07-24T19:26:36.569+0800][13.167s][gc,heap     ] GC(11)  Capacity:     2048M (100%)       2048M (100%)       2048M (100%)       2048M (100%)       2048M (100%)       2048M (100%)   
[2024-07-24T19:26:36.569+0800][13.167s][gc,heap     ] GC(11)      Free:     1210M (59%)        1176M (57%)        1976M (96%)        1978M (97%)        1978M (97%)        1176M (57%)    
[2024-07-24T19:26:36.569+0800][13.167s][gc,heap     ] GC(11)      Used:      838M (41%)         872M (43%)          72M (4%)           70M (3%)          872M (43%)          70M (3%)     
[2024-07-24T19:26:36.569+0800][13.167s][gc,heap     ] GC(11)      Live:         -                 2M (0%)            2M (0%)            2M (0%)             -                  -          
[2024-07-24T19:26:36.569+0800][13.167s][gc,heap     ] GC(11) Allocated:         -                34M (2%)           34M (2%)           34M (2%)             -                  -          
[2024-07-24T19:26:36.569+0800][13.167s][gc,heap     ] GC(11)   Garbage:         -               835M (41%)          35M (2%)           33M (2%)             -                  -          
[2024-07-24T19:26:36.569+0800][13.167s][gc,heap     ] GC(11) Reclaimed:         -                  -               800M (39%)         802M (39%)            -                  -          
[2024-07-24T19:26:36.569+0800][13.167s][gc          ] GC(11) Garbage Collection (Proactive) 838M(41%)->70M(3%)
[2024-07-24T19:26:37.747+0800][14.344s][gc,start    ] GC(12) Garbage Collection (Proactive)
[2024-07-24T19:26:37.747+0800][14.345s][gc,task     ] GC(12) Using 2 workers
[2024-07-24T19:26:37.747+0800][14.345s][gc,phases   ] GC(12) Pause Mark Start 0.009ms
[2024-07-24T19:26:37.763+0800][14.360s][gc,phases   ] GC(12) Concurrent Mark 15.112ms
[2024-07-24T19:26:37.763+0800][14.361s][gc,phases   ] GC(12) Pause Mark End 0.014ms
[2024-07-24T19:26:37.763+0800][14.361s][gc,phases   ] GC(12) Concurrent Mark Free 0.001ms
[2024-07-24T19:26:37.764+0800][14.362s][gc,phases   ] GC(12) Concurrent Process Non-Strong References 0.827ms
[2024-07-24T19:26:37.764+0800][14.362s][gc,phases   ] GC(12) Concurrent Reset Relocation Set 0.001ms
[2024-07-24T19:26:37.765+0800][14.363s][gc,phases   ] GC(12) Concurrent Select Relocation Set 1.498ms
[2024-07-24T19:26:37.765+0800][14.364s][gc,phases   ] GC(12) Pause Relocate Start 0.006ms
[2024-07-24T19:26:37.766+0800][14.365s][gc,phases   ] GC(12) Concurrent Relocate 0.691ms
[2024-07-24T19:26:37.766+0800][14.365s][gc,load     ] GC(12) Load: 0.00/0.00/0.00
[2024-07-24T19:26:37.766+0800][14.365s][gc,mmu      ] GC(12) MMU: 2ms/97.9%, 5ms/99.1%, 10ms/99.5%, 20ms/99.7%, 50ms/99.9%, 100ms/99.9%
[2024-07-24T19:26:37.766+0800][14.365s][gc,marking  ] GC(12) Mark: 2 stripe(s), 2 proactive flush(es), 1 terminate flush(es), 0 completion(s), 0 continuation(s) 
[2024-07-24T19:26:37.766+0800][14.365s][gc,marking  ] GC(12) Mark Stack Usage: 32M
[2024-07-24T19:26:37.766+0800][14.365s][gc,nmethod  ] GC(12) NMethods: 321 registered, 0 unregistered
[2024-07-24T19:26:37.766+0800][14.365s][gc,metaspace] GC(12) Metaspace: 0M used, 0M committed, 1088M reserved
[2024-07-24T19:26:37.766+0800][14.365s][gc,ref      ] GC(12) Soft: 93 encountered, 0 discovered, 0 enqueued
[2024-07-24T19:26:37.766+0800][14.365s][gc,ref      ] GC(12) Weak: 189 encountered, 0 discovered, 0 enqueued
[2024-07-24T19:26:37.766+0800][14.365s][gc,ref      ] GC(12) Final: 0 encountered, 0 discovered, 0 enqueued
[2024-07-24T19:26:37.766+0800][14.365s][gc,ref      ] GC(12) Phantom: 1 encountered, 1 discovered, 0 enqueued
[2024-07-24T19:26:37.766+0800][14.365s][gc,reloc    ] GC(12) Small Pages: 3 / 6M, Empty: 2M, Relocated: 1M, In-Place: 0
[2024-07-24T19:26:37.766+0800][14.365s][gc,reloc    ] GC(12) Medium Pages: 26 / 832M, Empty: 800M, Relocated: 0M, In-Place: 0
[2024-07-24T19:26:37.766+0800][14.365s][gc,reloc    ] GC(12) Large Pages: 0 / 0M, Empty: 0M, Relocated: 0M, In-Place: 0
[2024-07-24T19:26:37.766+0800][14.365s][gc,reloc    ] GC(12) Forwarding Usage: 0M
[2024-07-24T19:26:37.766+0800][14.365s][gc,heap     ] GC(12) Min Capacity: 2048M(100%)
[2024-07-24T19:26:37.767+0800][14.365s][gc,heap     ] GC(12) Max Capacity: 2048M(100%)
[2024-07-24T19:26:37.767+0800][14.365s][gc,heap     ] GC(12) Soft Max Capacity: 2048M(100%)
[2024-07-24T19:26:37.767+0800][14.365s][gc,heap     ] GC(12)                Mark Start          Mark End        Relocate Start      Relocate End           High               Low         
[2024-07-24T19:26:37.767+0800][14.365s][gc,heap     ] GC(12)  Capacity:     2048M (100%)       2048M (100%)       2048M (100%)       2048M (100%)       2048M (100%)       2048M (100%)   
[2024-07-24T19:26:37.767+0800][14.365s][gc,heap     ] GC(12)      Free:     1210M (59%)        1176M (57%)        1978M (97%)        1978M (97%)        1978M (97%)        1176M (57%)    
[2024-07-24T19:26:37.767+0800][14.365s][gc,heap     ] GC(12)      Used:      838M (41%)         872M (43%)          70M (3%)           70M (3%)          872M (43%)          70M (3%)     
[2024-07-24T19:26:37.767+0800][14.365s][gc,heap     ] GC(12)      Live:         -                 2M (0%)            2M (0%)            2M (0%)             -                  -          
[2024-07-24T19:26:37.767+0800][14.365s][gc,heap     ] GC(12) Allocated:         -                34M (2%)           34M (2%)           33M (2%)             -                  -          
[2024-07-24T19:26:37.767+0800][14.365s][gc,heap     ] GC(12)   Garbage:         -               835M (41%)          33M (2%)           33M (2%)             -                  -          
[2024-07-24T19:26:37.767+0800][14.365s][gc,heap     ] GC(12) Reclaimed:         -                  -               802M (39%)         801M (39%)            -                  -          
[2024-07-24T19:26:37.767+0800][14.365s][gc          ] GC(12) Garbage Collection (Proactive) 838M(41%)->70M(3%)
[2024-07-24T19:26:38.848+0800][15.445s][gc,start    ] GC(13) Garbage Collection (Proactive)
[2024-07-24T19:26:38.848+0800][15.445s][gc,task     ] GC(13) Using 2 workers
[2024-07-24T19:26:38.848+0800][15.446s][gc,phases   ] GC(13) Pause Mark Start 0.006ms
[2024-07-24T19:26:38.863+0800][15.461s][gc,phases   ] GC(13) Concurrent Mark 14.868ms
[2024-07-24T19:26:38.863+0800][15.461s][gc,phases   ] GC(13) Pause Mark End 0.015ms
[2024-07-24T19:26:38.864+0800][15.461s][gc,phases   ] GC(13) Concurrent Mark Free 0.005ms
[2024-07-24T19:26:38.864+0800][15.462s][gc,phases   ] GC(13) Concurrent Process Non-Strong References 0.869ms
[2024-07-24T19:26:38.864+0800][15.462s][gc,phases   ] GC(13) Concurrent Reset Relocation Set 0.001ms
[2024-07-24T19:26:38.866+0800][15.464s][gc,phases   ] GC(13) Concurrent Select Relocation Set 1.534ms
[2024-07-24T19:26:38.866+0800][15.464s][gc,phases   ] GC(13) Pause Relocate Start 0.006ms
[2024-07-24T19:26:38.867+0800][15.465s][gc,phases   ] GC(13) Concurrent Relocate 0.987ms
[2024-07-24T19:26:38.867+0800][15.465s][gc,load     ] GC(13) Load: 0.00/0.00/0.00
[2024-07-24T19:26:38.867+0800][15.465s][gc,mmu      ] GC(13) MMU: 2ms/97.9%, 5ms/99.1%, 10ms/99.5%, 20ms/99.7%, 50ms/99.9%, 100ms/99.9%
[2024-07-24T19:26:38.867+0800][15.465s][gc,marking  ] GC(13) Mark: 2 stripe(s), 2 proactive flush(es), 1 terminate flush(es), 0 completion(s), 0 continuation(s) 
[2024-07-24T19:26:38.867+0800][15.465s][gc,marking  ] GC(13) Mark Stack Usage: 32M
[2024-07-24T19:26:38.867+0800][15.465s][gc,nmethod  ] GC(13) NMethods: 322 registered, 0 unregistered
[2024-07-24T19:26:38.868+0800][15.465s][gc,metaspace] GC(13) Metaspace: 0M used, 0M committed, 1088M reserved
[2024-07-24T19:26:38.868+0800][15.465s][gc,ref      ] GC(13) Soft: 93 encountered, 0 discovered, 0 enqueued
[2024-07-24T19:26:38.868+0800][15.465s][gc,ref      ] GC(13) Weak: 189 encountered, 0 discovered, 0 enqueued
[2024-07-24T19:26:38.868+0800][15.465s][gc,ref      ] GC(13) Final: 0 encountered, 0 discovered, 0 enqueued
[2024-07-24T19:26:38.868+0800][15.465s][gc,ref      ] GC(13) Phantom: 1 encountered, 0 discovered, 0 enqueued
[2024-07-24T19:26:38.868+0800][15.465s][gc,reloc    ] GC(13) Small Pages: 3 / 6M, Empty: 0M, Relocated: 1M, In-Place: 0
[2024-07-24T19:26:38.868+0800][15.465s][gc,reloc    ] GC(13) Medium Pages: 24 / 768M, Empty: 736M, Relocated: 0M, In-Place: 0
[2024-07-24T19:26:38.868+0800][15.465s][gc,reloc    ] GC(13) Large Pages: 0 / 0M, Empty: 0M, Relocated: 0M, In-Place: 0
[2024-07-24T19:26:38.868+0800][15.465s][gc,reloc    ] GC(13) Forwarding Usage: 0M
[2024-07-24T19:26:38.868+0800][15.465s][gc,heap     ] GC(13) Min Capacity: 2048M(100%)
[2024-07-24T19:26:38.868+0800][15.465s][gc,heap     ] GC(13) Max Capacity: 2048M(100%)
[2024-07-24T19:26:38.868+0800][15.465s][gc,heap     ] GC(13) Soft Max Capacity: 2048M(100%)
[2024-07-24T19:26:38.868+0800][15.465s][gc,heap     ] GC(13)                Mark Start          Mark End        Relocate Start      Relocate End           High               Low         
[2024-07-24T19:26:38.868+0800][15.465s][gc,heap     ] GC(13)  Capacity:     2048M (100%)       2048M (100%)       2048M (100%)       2048M (100%)       2048M (100%)       2048M (100%)   
[2024-07-24T19:26:38.868+0800][15.465s][gc,heap     ] GC(13)      Free:     1274M (62%)        1240M (61%)        1976M (96%)        1978M (97%)        1978M (97%)        1240M (61%)    
[2024-07-24T19:26:38.868+0800][15.465s][gc,heap     ] GC(13)      Used:      774M (38%)         808M (39%)          72M (4%)           70M (3%)          808M (39%)          70M (3%)     
[2024-07-24T19:26:38.868+0800][15.465s][gc,heap     ] GC(13)      Live:         -                14M (1%)           14M (1%)           14M (1%)             -                  -          
[2024-07-24T19:26:38.868+0800][15.465s][gc,heap     ] GC(13) Allocated:         -                34M (2%)           34M (2%)           33M (2%)             -                  -          
[2024-07-24T19:26:38.868+0800][15.465s][gc,heap     ] GC(13)   Garbage:         -               759M (37%)          23M (1%)           21M (1%)             -                  -          
[2024-07-24T19:26:38.868+0800][15.465s][gc,heap     ] GC(13) Reclaimed:         -                  -               736M (36%)         737M (36%)            -                  -          
[2024-07-24T19:26:38.868+0800][15.465s][gc          ] GC(13) Garbage Collection (Proactive) 774M(38%)->70M(3%)
[2024-07-24T19:26:39.945+0800][16.543s][gc,start    ] GC(14) Garbage Collection (Proactive)
[2024-07-24T19:26:39.945+0800][16.543s][gc,task     ] GC(14) Using 2 workers
[2024-07-24T19:26:39.945+0800][16.543s][gc,phases   ] GC(14) Pause Mark Start 0.023ms
[2024-07-24T19:26:39.961+0800][16.559s][gc,phases   ] GC(14) Concurrent Mark 15.317ms
[2024-07-24T19:26:39.961+0800][16.559s][gc,phases   ] GC(14) Pause Mark End 0.020ms
[2024-07-24T19:26:39.962+0800][16.559s][gc,phases   ] GC(14) Concurrent Mark Free 0.002ms
[2024-07-24T19:26:39.963+0800][16.560s][gc,phases   ] GC(14) Concurrent Process Non-Strong References 0.882ms
[2024-07-24T19:26:39.963+0800][16.560s][gc,phases   ] GC(14) Concurrent Reset Relocation Set 0.001ms
[2024-07-24T19:26:39.964+0800][16.562s][gc,phases   ] GC(14) Concurrent Select Relocation Set 1.619ms
[2024-07-24T19:26:39.964+0800][16.562s][gc,phases   ] GC(14) Pause Relocate Start 0.005ms
[2024-07-24T19:26:39.965+0800][16.563s][gc,phases   ] GC(14) Concurrent Relocate 0.618ms
[2024-07-24T19:26:39.965+0800][16.563s][gc,load     ] GC(14) Load: 0.00/0.00/0.00
[2024-07-24T19:26:39.965+0800][16.563s][gc,mmu      ] GC(14) MMU: 2ms/97.9%, 5ms/99.1%, 10ms/99.5%, 20ms/99.7%, 50ms/99.9%, 100ms/99.9%
[2024-07-24T19:26:39.965+0800][16.563s][gc,marking  ] GC(14) Mark: 2 stripe(s), 2 proactive flush(es), 1 terminate flush(es), 0 completion(s), 0 continuation(s) 
[2024-07-24T19:26:39.965+0800][16.563s][gc,marking  ] GC(14) Mark Stack Usage: 32M
[2024-07-24T19:26:39.965+0800][16.563s][gc,nmethod  ] GC(14) NMethods: 322 registered, 0 unregistered
[2024-07-24T19:26:39.965+0800][16.563s][gc,metaspace] GC(14) Metaspace: 0M used, 0M committed, 1088M reserved
[2024-07-24T19:26:39.965+0800][16.563s][gc,ref      ] GC(14) Soft: 93 encountered, 0 discovered, 0 enqueued
[2024-07-24T19:26:39.965+0800][16.563s][gc,ref      ] GC(14) Weak: 189 encountered, 0 discovered, 0 enqueued
[2024-07-24T19:26:39.965+0800][16.563s][gc,ref      ] GC(14) Final: 0 encountered, 0 discovered, 0 enqueued
[2024-07-24T19:26:39.965+0800][16.563s][gc,ref      ] GC(14) Phantom: 1 encountered, 0 discovered, 0 enqueued
[2024-07-24T19:26:39.965+0800][16.563s][gc,reloc    ] GC(14) Small Pages: 3 / 6M, Empty: 0M, Relocated: 1M, In-Place: 0
[2024-07-24T19:26:39.965+0800][16.563s][gc,reloc    ] GC(14) Medium Pages: 24 / 768M, Empty: 736M, Relocated: 0M, In-Place: 0
[2024-07-24T19:26:39.965+0800][16.563s][gc,reloc    ] GC(14) Large Pages: 0 / 0M, Empty: 0M, Relocated: 0M, In-Place: 0
[2024-07-24T19:26:39.965+0800][16.563s][gc,reloc    ] GC(14) Forwarding Usage: 0M
[2024-07-24T19:26:39.965+0800][16.563s][gc,heap     ] GC(14) Min Capacity: 2048M(100%)
[2024-07-24T19:26:39.965+0800][16.563s][gc,heap     ] GC(14) Max Capacity: 2048M(100%)
[2024-07-24T19:26:39.965+0800][16.563s][gc,heap     ] GC(14) Soft Max Capacity: 2048M(100%)
[2024-07-24T19:26:39.965+0800][16.563s][gc,heap     ] GC(14)                Mark Start          Mark End        Relocate Start      Relocate End           High               Low         
[2024-07-24T19:26:39.965+0800][16.563s][gc,heap     ] GC(14)  Capacity:     2048M (100%)       2048M (100%)       2048M (100%)       2048M (100%)       2048M (100%)       2048M (100%)   
[2024-07-24T19:26:39.965+0800][16.563s][gc,heap     ] GC(14)      Free:     1274M (62%)        1240M (61%)        1976M (96%)        1978M (97%)        1978M (97%)        1240M (61%)    
[2024-07-24T19:26:39.965+0800][16.563s][gc,heap     ] GC(14)      Used:      774M (38%)         808M (39%)          72M (4%)           70M (3%)          808M (39%)          70M (3%)     
[2024-07-24T19:26:39.965+0800][16.563s][gc,heap     ] GC(14)      Live:         -                 2M (0%)            2M (0%)            2M (0%)             -                  -          
[2024-07-24T19:26:39.965+0800][16.563s][gc,heap     ] GC(14) Allocated:         -                34M (2%)           34M (2%)           34M (2%)             -                  -          
[2024-07-24T19:26:39.966+0800][16.563s][gc,heap     ] GC(14)   Garbage:         -               771M (38%)          35M (2%)           33M (2%)             -                  -          
[2024-07-24T19:26:39.966+0800][16.563s][gc,heap     ] GC(14) Reclaimed:         -                  -               736M (36%)         738M (36%)            -                  -          
[2024-07-24T19:26:39.966+0800][16.563s][gc          ] GC(14) Garbage Collection (Proactive) 774M(38%)->70M(3%)
[2024-07-24T19:26:40.057+0800][16.655s][gc,heap,exit] Heap
[2024-07-24T19:26:40.057+0800][16.655s][gc,heap,exit]  ZHeap           used 134M, capacity 2048M, max capacity 2048M
[2024-07-24T19:26:40.057+0800][16.655s][gc,heap,exit]  Metaspace       used 682K, committed 832K, reserved 1114112K
[2024-07-24T19:26:40.057+0800][16.655s][gc,heap,exit]   class space    used 56K, committed 128K, reserved 1048576K
